[0.002s][info][metaspace]  - commit_granule_bytes: 65536.
[0.002s][info][metaspace]  - commit_granule_words: 8192.
[0.002s][info][metaspace]  - virtual_space_node_default_size: 8388608.
[0.002s][info][metaspace]  - enlarge_chunks_in_place: 1.
[0.002s][info][metaspace]  - use_allocation_guard: 0.
[0.003s][info][gc,init  ] CardTable entry size: 512
[0.003s][info][gc       ] Using G1
[0.009s][info][gc,init  ] Version: 23-internal-adhoc.thomas.source (release)
[0.009s][info][gc,init  ] CPUs: 8 total, 8 available
[0.009s][info][gc,init  ] Memory: 15662M
[0.009s][info][gc,init  ] Large Page Support: Disabled
[0.009s][info][gc,init  ] NUMA Support: Disabled
[0.009s][info][gc,init  ] Compressed Oops: Enabled (Zero based)
[0.009s][info][gc,init  ] Heap Region Size: 8M
[0.009s][info][gc,init  ] Heap Min Capacity: 10G
[0.009s][info][gc,init  ] Heap Initial Capacity: 10G
[0.009s][info][gc,init  ] Heap Max Capacity: 10G
[0.009s][info][gc,init  ] Pre-touch: Disabled
[0.009s][info][gc,init  ] Parallel Workers: 8
[0.009s][info][gc,init  ] Concurrent Workers: 2
[0.009s][info][gc,init  ] Concurrent Refinement Workers: 8
[0.009s][info][gc,init  ] Periodic GC: Disabled
[0.009s][info][metaspace] Reserving compressed class space anywhere
[0.009s][info][gc,metaspace] CDS archive(s) not mapped
[0.009s][info][gc,metaspace] Compressed class space mapped at: 0x00007f2d37000000-0x00007f2d77000000, reserved size: 1073741824
[0.009s][info][gc,metaspace] UseCompressedClassPointers 1, UseCompactObjectHeaders 1, Use2c0 0narrow klass pointer bits 26, max shift 6
[0.009s][info][gc,metaspace] Narrow klass base: 0x00007f2d37000000, Narrow klass shift: 6, Narrow klass range: 0x40000000

SPECjbb2015 Java Business Benchmark
 (c) Standard Performance Evaluation Corporation, 2015

Preparing to launch All-in-one SPECjbb2015.

Reading property file: /shared/projects/openjdk/benchmarks/test-hyperaligning-lilliput/SPECjbb2015_1.00-jdk16+/jdk-26bit-staggered-klass-OFF-24-05-22_082044/./config/specjbb2015.props

     0s: Enumerating plugins...
     0s:    Connectivity:
     0s:             HTTP_Grizzly: Grizzly HTTP server, JDK HTTP client
     0s:              NIO_Grizzly: Grizzly NIO server, Grizzly NIO client
     0s:               HTTP_Jetty: Jetty HTTP server, JDK HTTP client
     0s:    Snapshot:
     0s:                 InMemory: Stores snapshots in heap memory
     0s:    Data Writers:
     0s:                     Demo: Send all frame to listener
     0s:                   InFile: Writing Data into file
     0s:                   Silent: Drop all frames
     0s: 
     0s: Kit validation is skipped.
     0s: Tests are skipped.
     0s: 
     0s: [0.980s][info][metaspace   ] ChkMgr @0x00007f2db05410c0 (non-class-space): failed to commit 7 words on chunk @0x00007f2db0c9e1d8, f, base 0x00007f2d2d230000, top 0x00007f2d2d230000, level lv14.
[0.980s][info][metaspace   ] Arena @0x00007f2db0cb2420 (non-class arena): failed to allocate new chunk for requested word size 7.
[0.980s][info][metaspace   ] Arena @0x00007f2db0cb2420 (non-class arena): allocation failed, returned null.
[0.980s][info][metaspace   ] ChkMgr @0x00007f2db05410c0 (non-class-space): failed to commit 7 words on chunk @0x00007f2db0c9e1d8, f, base 0x00007f2d2d230000, top 0x00007f2d2d230000, level lv14.
[0.980s][info][metaspace   ] Arena @0x00007f2db0cb2420 (non-class arena): failed to allocate new chunk for requested word size 7.
[0.980s][info][metaspace   ] Arena @0x00007f2db0cb2420 (non-class arena): allocation failed, returned null.
[0.980s][info][metaspace   ] ChkMgr @0x00007f2db05410c0 (non-class-space): failed to commit 7 words on chunk @0x00007f2db0c9e1d8, f, base 0x00007f2d2d230000, top 0x00007f2d2d230000, level lv14.
[0.980s][info][metaspace   ] Arena @0x00007f2db0cb2420 (non-class arena): failed to allocate new chunk for requested word size 7.
[0.980s][info][metaspace   ] Arena @0x00007f2db0cb2420 (non-class arena): allocation failed, returned null.
[0.980s][info][gc,start    ] GC(0) Pause Young (Concurrent Start) (Metadata GC Threshold)
[0.980s][info][gc,task     ] GC(0) Using 8 workers of 8 for evacuation
[0.986s][info][gc,phases   ] GC(0)   Pre Evacuate Collection Set: 0.20ms
[0.986s][info][gc,phases   ] GC(0)   Merge Heap Roots: 0.09ms
[0.986s][info][gc,phases   ] GC(0)   Evacuate Collection Set: 4.43ms
[0.986s][info][gc,phases   ] GC(0)   Post Evacuate Collection Set: 0.45ms
[0.986s][info][gc,phases   ] GC(0)   Other: 0.61ms
[0.986s][info][gc,heap     ] GC(0) Eden regions: 32->0(63)
[0.986s][info][gc,heap     ] GC(0) Survivor regions: 0->1(8)
[0.986s][info][gc,heap     ] GC(0) Old regions: 0->0
[0.986s][info][gc,heap     ] GC(0) Humongous regions: 0->0
[0.986s][info][gc,metaspace] GC(0) Metaspace: 21276K(21504K)->21276K(21504K) NonClass: 18565K(18688K)->18565K(18688K) Class: 2711K(2816K)->2711K(2816K)
[0.986s][info][gc          ] GC(0) Pause Young (Concurrent Start) (Metadata GC Threshold) 252M->4M(10240M) 5.925ms
[0.986s][info][gc,cpu      ] GC(0) User=0.02s Sys=0.02s Real=0.01s
[0.986s][info][gc          ] GC(1) Concurrent Mark Cycle
[0.986s][info][metaspace   ] CLMS @0x00007f2db0cb23f0 : GC threshold increased: 22020096->22347776.
[0.986s][info][gc,marking  ] GC(1) Concurrent Scan Root Regions
[0.988s][info][gc,marking  ] GC(1) Concurrent Scan Root Regions 2.488ms
[0.988s][info][gc,marking  ] GC(1) Concurrent Mark
[0.988s][info][gc,marking  ] GC(1) Concurrent Mark From Roots
[0.988s][info][gc,task     ] GC(1) Using 2 workers of 2 for marking
[0.989s][info][gc,marking  ] GC(1) Concurrent Mark From Roots 0.534ms
[0.989s][info][gc,marking  ] GC(1) Concurrent Preclean
[0.989s][info][gc,marking  ] GC(1) Concurrent Preclean 0.006ms
[0.989s][info][gc,start    ] GC(1) Pause Remark
[0.990s][info][gc          ] GC(1) Pause Remark 12M->12M(10240M) 0.771ms
[0.990s][info][gc,cpu      ] GC(1) User=0.00s Sys=0.00s Real=0.00s
[0.990s][info][gc,marking  ] GC(1) Concurrent Mark 1.660ms
[0.990s][info][gc,marking  ] GC(1) Concurrent Rebuild Remembered Sets and Scrub Regions
[0.990s][info][gc,marking  ] GC(1) Concurrent Rebuild Remembered Sets and Scrub Regions 0.048ms
[0.991s][info][gc,start    ] GC(1) Pause Cleanup
[0.991s][info][gc          ] GC(1) Pause Cleanup 12M->12M(10240M) 0.012ms
[0.991s][info][gc,cpu      ] GC(1) User=0.00s Sys=0.00s Real=0.00s
[0.991s][info][gc,marking  ] GC(1) Concurrent Clear Claimed Marks
[0.991s][info][gc,marking  ] GC(1) Concurrent Clear Claimed Marks 0.015ms
[0.991s][info][gc,marking  ] GC(1) Concurrent Cleanup for Next Mark
[1.005s][info][gc,marking  ] GC(1) Concurrent Cleanup for Next Mark 14.074ms
[1.005s][info][gc          ] GC(1) Concurrent Mark Cycle 18.996ms
Ladies and gentlemen, this is your Controller speaking.
     1s: We are delighted in having you for benchmark run today.
     1s: 
     1s: Binary log file is ./specjbb2015-C-20240522-00001.data.gz
     1s: 
     1s: Performing handshake with all agents ...
     1s: 
     1s:  Agent Group1.TxInjector.CompositeTxInjector has attached to Controller
     1s:  Agent Group1.Backend.CompositeBackend has attached to Controller
     1s: 
     1s: All agents have connected.
     1s: 
     1s: Attached agents info:

Group "Group1"
    TxInjectors:
        CompositeTxInjector, includes { Driver } @ [local in-Java link]
    Backends:
        CompositeBackend, includes { SM(2),SP(2) } @ [local in-Java link]

     1s: Initializing... (init[1.537s][info][gc,start    ] GC(2) Pause Young (Normal) (G1 Evacuation Pause)
[1.537s][info][gc,task     ] GC(2) Using 8 workers of 8 for evacuation
[1.645s][info][gc,phases   ] GC(2)   Pre Evacuate Collection Set: 0.25ms
[1.645s][info][gc,phases   ] GC(2)   Merge Heap Roots: 0.04ms
[1.645s][info][gc,phases   ] GC(2)   Evacuate Collection Set: 106.38ms
[1.645s][info][gc,phases   ] GC(2)   Post Evacuate Collection Set: 0.80ms
[1.645s][info][gc,phases   ] GC(2)   Other: 0.08ms
[1.645s][info][gc,heap     ] GC(2) Eden regions: 63->0(56)
[1.645s][info][gc,heap     ] GC(2) Survivor regions: 1->8(8)
[1.645s][info][gc,heap     ] GC(2) Old regions: 0->24
[1.645s][info][gc,heap     ] GC(2) Humongous regions: 3->3
[1.645s][info][gc,metaspace] GC(2) Metaspace: 23639K(24000K)->23639K(24000K) NonClass: 20676K(20864K)->20676K(20864K) Class: 2963K(3136K)->2963K(3136K)
[1.645s][info][gc          ] GC(2) Pause Young (Normal) (G1 Evacuation Pause) 532M->274M(10240M) 107.675ms
[1.645s][info][gc,cpu      ] GC(2) User=0.63s Sys=0.15s Real=0.10s
[1.849s][info][gc,start    ] GC(3) Pause Young (Normal) (G1 Evacuation Pause)
[1.849s][info][gc,task     ] GC(3) Using 8 workers of 8 for evacuation
[2.037s][info][gc,phases   ] GC(3)   Pre Evacuate Collection Set: 0.23ms
[2.037s][info][gc,phases   ] GC(3)   Merge Heap Roots: 0.43ms
[2.037s][info][gc,phases   ] GC(3)   Evacuate Collection Set: 187.07ms
[2.037s][info][gc,phases   ] GC(3)   Post Evacuate Collection Set: 0.52ms
[2.037s][info][gc,phases   ] GC(3)   Other: 0.06ms
[2.037s][info][gc,heap     ] GC(3) Eden regions: 56->0(56)
[2.037s][info][gc,heap     ] GC(3) Survivor regions: 8->8(8)
[2.037s][info][gc,heap     ] GC(3) Old regions: 24->72
[2.037s][info][gc,heap     ] GC(3) Humongous regions: 3->3
[2.037s][info][gc,metaspace] GC(3) Metaspace: 23646K(24000K)->23646K(24000K) NonClass: 20683K(20864K)->20683K(20864K) Class: 2963K(3136K)->2963K(3136K)
[2.037s][info][gc          ] GC(3) Pause Young (Normal) (G1 Evacuation Pause) 722M->664M(10240M) 188.480ms
[2.037s][info][gc,cpu      ] GC(3) User=1.41s Sys=0.06s Real=0.19s
[2.441s][info][gc,start    ] GC(4) Pause Young (Normal) (G1 Evacuation Pause)
[2.441s][info][gc,task     ] GC(4) Using 8 workers of 8 for evacuation
[2.569s][info][gc,phases   ] GC(4)   Pre Evacuate Collection Set: 0.20ms
[2.569s][info][gc,phases   ] GC(4)   Merge Heap Roots: 0.08ms
[2.569s][info][gc,phases   ] GC(4)   Evacuate Collection Set: 127.46ms
[2.569s][info][gc,phases   ] GC(4)   Post Evacuate Collection Set: 0.24ms
[2.569s][info][gc,phases   ] GC(4)   Other: 0.05ms
[2.569s][info][gc,heap     ] GC(4) Eden regions: 56->0(56)
[2.569s][info][gc,heap     ] GC(4) Survivor regions: 8->8(8)
[2.569s][info][gc,heap     ] GC(4) Old regions: 72->106
[2.569s][info][gc,heap     ] GC(4) Humongous regions: 3->3
[2.569s][info][gc,metaspace] GC(4) Metaspace: 23727K(24064K)->23727K(24064K) NonClass: 20761K(20928K)->20761K(20928K) Class: 2966K(3136K)->2966K(3136K)
[2.569s][info][gc          ] GC(4) Pause Young (Normal) (G1 Evacuation Pause) 1112M->936M(10240M) 128.149ms
[2.569s][info][gc,cpu      ] GC(4) User=0.96s Sys=0.05s Real=0.13s
) OK
     2s: 
     2s: Check whether properties are compliant
     2s: (validation=PASSED) Property settings are COMPLIANT.
     2s: 
     2s: Searching for high-bound for max-jOPS possible for this system
     2s: Searching from base IR = 100
     2s:       rampup IR =      0 [reconfig (term) [2.940s][info][gc,start    ] GC(5) Pause Full (System.gc())
[2.940s][info][gc,task     ] GC(5) Using 8 workers of 8 for full compaction
[2.940s][info][gc,phases,start] GC(5) Phase 1: Mark live objects
[2.955s][info][gc,phases      ] GC(5) Phase 1: Mark live objects 14.977ms
[2.955s][info][gc,phases,start] GC(5) Phase 2: Prepare compaction
[2.963s][info][gc,phases      ] GC(5) Phase 2: Prepare compaction 7.738ms
[2.963s][info][gc,phases,start] GC(5) Phase 3: Adjust pointers
[2.974s][info][gc,phases      ] GC(5) Phase 3: Adjust pointers 10.673ms
[2.974s][info][gc,phases,start] GC(5) Phase 4: Compact heap
[2.986s][info][gc,phases      ] GC(5) Phase 4: Compact heap 12.141ms
[2.986s][info][gc,phases,start] GC(5) Phase 5: Reset Metadata
[2.987s][info][gc,phases      ] GC(5) Phase 5: Reset Metadata 1.272ms
[2.997s][info][gc,heap        ] GC(5) Eden regions: 26->0(64)
[2.997s][info][gc,heap        ] GC(5) Survivor regions: 8->0(8)
[2.997s][info][gc,heap        ] GC(5) Old regions: 106->14
[2.997s][info][gc,heap        ] GC(5) Humongous regions: 3->3
[2.997s][info][gc,metaspace   ] GC(5) Metaspace: 23996K(24320K)->23996K(24320K) NonClass: 21000K(21184K)->21000K(21184K) Class: 2996K(3136K)->2996K(3136K)
[2.997s][info][gc             ] GC(5) Pause Full (System.gc()) 1141M->89M(10240M) 57.500ms
[2.997s][info][gc,cpu         ] GC(5) User=0.38s Sys=0.01s Real=0.06s
(init[3.339s][info][gc,start       ] GC(6) Pause Young (Normal) (G1 Evacuation Pause)
[3.339s][info][gc,task        ] GC(6) Using 8 workers of 8 for evacuation
[3.468s][info][gc,phases      ] GC(6)   Pre Evacuate Collection Set: 0.22ms
[3.468s][info][gc,phases      ] GC(6)   Merge Heap Roots: 0.04ms
[3.468s][info][gc,phases      ] GC(6)   Evacuate Collection Set: 128.18ms
[3.468s][info][gc,phases      ] GC(6)   Post Evacuate Collection Set: 0.44ms
[3.468s][info][gc,phases      ] GC(6)   Other: 0.07ms
[3.468s][info][gc,heap        ] GC(6) Eden regions: 64->0(56)
[3.468s][info][gc,heap        ] GC(6) Survivor regions: 0->8(8)
[3.468s][info][gc,heap        ] GC(6) Old regions: 14->57
[3.468s][info][gc,heap        ] GC(6) Humongous regions: 3->3
[3.468s][info][gc,metaspace   ] GC(6) Metaspace: 24004K(24320K)->24004K(24320K) NonClass: 21008K(21184K)->21008K(21184K) Class: 2996K(3136K)->2996K(3136K)
[3.468s][info][gc             ] GC(6) Pause Young (Normal) (G1 Evacuation Pause) 601M->497M(10240M) 129.067ms
[3.468s][info][gc,cpu         ] GC(6) User=0.99s Sys=0.00s Real=0.13s
[3.679s][info][gc,start       ] GC(7) Pause Young (Normal) (G1 Evacuation Pause)
[3.679s][info][gc,task        ] GC(7) Using 8 workers of 8 for evacuation
[3.784s][info][gc,phases      ] GC(7)   Pre Evacuate Collection Set: 0.23ms
[3.784s][info][gc,phases      ] GC(7)   Merge Heap Roots: 0.28ms
[3.784s][info][gc,phases      ] GC(7)   Evacuate Collection Set: 104.00ms
[3.784s][info][gc,phases      ] GC(7)   Post Evacuate Collection Set: 0.30ms
[3.784s][info][gc,phases      ] GC(7)   Other: 0.06ms
[3.784s][info][gc,heap        ] GC(7) Eden regions: 56->0(56)
[3.784s][info][gc,heap        ] GC(7) Survivor regions: 8->8(8)
[3.784s][info][gc,heap        ] GC(7) Old regions: 57->85
[3.784s][info][gc,heap        ] GC(7) Humongous regions: 3->3
[3.784s][info][gc,metaspace   ] GC(7) Metaspace: 24021K(24384K)->24021K(24384K) NonClass: 21024K(21248K)->21024K(21248K) Class: 2996K(3136K)->2996K(3136K)
[3.784s][info][gc             ] GC(7) Pause Young (Normal) (G1 Evacuation Pause) 945M->717M(10240M) 105.026ms
[3.784s][info][gc,cpu         ] GC(7) User=0.82s Sys=0.00s Real=0.10s
) ] ... (rIR:aIR:PR = 0:0:0) (tPR = 0) [OK] 
     6s:       rampup IR =     10 ..[9.368s][info][gc,start       ] GC(8) Pause Young (Normal) (G1 Evacuation Pause)
[9.368s][info][gc,task        ] GC(8) Using 8 workers of 8 for evacuation
[9.458s][info][gc,phases      ] GC(8)   Pre Evacuate Collection Set: 0.24ms
[9.458s][info][gc,phases      ] GC(8)   Merge Heap Roots: 0.13ms
[9.458s][info][gc,phases      ] GC(8)   Evacuate Collection Set: 89.17ms
[9.458s][info][gc,phases      ] GC(8)   Post Evacuate Collection Set: 0.46ms
[9.458s][info][gc,phases      ] GC(8)   Other: 0.05ms
[9.458s][info][gc,heap        ] GC(8) Eden regions: 56->0(56)
[9.458s][info][gc,heap        ] GC(8) Survivor regions: 8->8(8)
[9.458s][info][gc,heap        ] GC(8) Old regions: 85->105
[9.458s][info][gc,heap        ] GC(8) Humongous regions: 3->3
[9.458s][info][gc,metaspace   ] GC(8) Metaspace: 25237K(25536K)->25237K(25536K) NonClass: 22158K(22336K)->22158K(22336K) Class: 3078K(3200K)->3078K(3200K)
[9.458s][info][gc             ] GC(8) Pause Young (Normal) (G1 Evacuation Pause) 1165M->881M(10240M) 90.167ms
[9.458s][info][gc,cpu         ] GC(8) User=0.71s Sys=0.00s Real=0.09s
. (rIR:aIR:PR = 10:11:11) (tPR = 816) [OK] 
     9s:       rampup IR =     20 ... (rIR:aIR:PR = 20:19:19) (tPR = 1747) [OK] 
    12s:       rampup IR =     30 .... (rIR:aIR:PR = 30:29:29) (tPR = 2150) [OK] 
    16s:       rampup IR =     40 .... (rIR:aIR:PR = 40:37:37) (tPR = 2596) [OK] 
    20s:       rampup IR =     50 .... (rIR:aIR:PR = 50:54:52) (tPR = 3470) [OK] 
    24s:       rampup IR =     60 .... (rIR:aIR:PR = 60:67:66) (tPR = 4298) [OK] 
    28s:       rampup IR =     70 .... (rIR:aIR:PR = 70:71:69) (tPR = 4153) [OK] 
    32s:       rampup IR =     80 .... (rIR:aIR:PR = 80:75:73) (tPR = 3745) [OK] 
    36s:       rampup IR =     90 .... (rIR:aIR:PR = 90:89:87) (tPR = 4267) [OK] 
    41s:       rampup IR =    100 .... (rIR:aIR:PR = 100:106:103) (tPR = 4948) [OK] 
    45s:    snapshot, IR =    100 ..[47.635s][info][gc,start       ] GC(9) Pause Young (Normal) (G1 Evacuation Pause)
[47.635s][info][gc,task        ] GC(9) Using 8 workers of 8 for evacuation
[47.685s][info][gc,phases      ] GC(9)   Pre Evacuate Collection Set: 0.25ms
[47.685s][info][gc,phases      ] GC(9)   Merge Heap Roots: 0.41ms
[47.685s][info][gc,phases      ] GC(9)   Evacuate Collection Set: 48.56ms
[47.685s][info][gc,phases      ] GC(9)   Post Evacuate Collection Set: 0.41ms
[47.685s][info][gc,phases      ] GC(9)   Other: 0.05ms
[47.685s][info][gc,heap        ] GC(9) Eden regions: 56->0(60)
[47.685s][info][gc,heap        ] GC(9) Survivor regions: 8->4(8)
[47.685s][info][gc,heap        ] GC(9) Old regions: 105->116
[47.685s][info][gc,heap        ] GC(9) Humongous regions: 3->3
[47.685s][info][gc,metaspace   ] GC(9) Metaspace: 26091K(26432K)->26091K(26432K) NonClass: 22977K(23168K)->22977K(23168K) Class: 3114K(3264K)->3114K(3264K)
[47.685s][info][gc             ] GC(9) Pause Young (Normal) (G1 Evacuation Pause) 1329M->933M(10240M) 49.824ms
[47.685s][info][gc,cpu         ] GC(9) User=0.37s Sys=0.01s Real=0.04s
..|........................[73.650s][info][gc,start       ] GC(10) Pause Young (Normal) (G1 Evacuation Pause)
[73.650s][info][gc,task        ] GC(10) Using 8 workers of 8 for evacuation
[73.675s][info][gc,phases      ] GC(10)   Pre Evacuate Collection Set: 0.26ms
[73.675s][info][gc,phases      ] GC(10)   Merge Heap Roots: 0.17ms
[73.675s][info][gc,phases      ] GC(10)   Evacuate Collection Set: 24.45ms
[73.675s][info][gc,phases      ] GC(10)   Post Evacuate Collection Set: 0.34ms
[73.675s][info][gc,phases      ] GC(10)   Other: 0.05ms
[73.675s][info][gc,heap        ] GC(10) Eden regions: 60->0(56)
[73.675s][info][gc,heap        ] GC(10) Survivor regions: 4->8(8)
[73.675s][info][gc,heap        ] GC(10) Old regions: 116->116
[73.675s][info][gc,heap        ] GC(10) Humongous regions: 3->3
[73.675s][info][gc,metaspace   ] GC(10) Metaspace: 28107K(28544K)->28107K(28544K) NonClass: 24780K(25024K)->24780K(25024K) Class: 3326K(3520K)->3326K(3520K)
[73.675s][info][gc             ] GC(10) Pause Young (Normal) (G1 Evacuation Pause) 1413M->964M(10240M) 25.397ms
[73.676s][info][gc,cpu         ] GC(10) User=0.19s Sys=0.00s Real=0.03s
...... (rIR:aIR:PR = 100:100:98) (tPR = 3146) [OK] 
    79s: Performing snapshot: (quiescence.....) (stop TxI) (stop BE) (saving... 103374 Kb) (term) [86.256s][info][gc,start       ] GC(11) Pause Full (System.gc())
[86.256s][info][gc,task        ] GC(11) Using 8 workers of 8 for full compaction
[86.256s][info][gc,phases,start] GC(11) Phase 1: Mark live objects
[86.273s][info][gc,phases      ] GC(11) Phase 1: Mark live objects 16.522ms
[86.273s][info][gc,phases,start] GC(11) Phase 2: Prepare compaction
[86.276s][info][gc,phases      ] GC(11) Phase 2: Prepare compaction 3.904ms
[86.277s][info][gc,phases,start] GC(11) Phase 3: Adjust pointers
[86.285s][info][gc,phases      ] GC(11) Phase 3: Adjust pointers 8.694ms
[86.285s][info][gc,phases,start] GC(11) Phase 4: Compact heap
[86.289s][info][gc,phases      ] GC(11) Phase 4: Compact heap 3.990ms
[86.289s][info][gc,phases,start] GC(11) Phase 5: Reset Metadata
[86.294s][info][gc,phases      ] GC(11) Phase 5: Reset Metadata 4.255ms
[86.305s][info][gc,heap        ] GC(11) Eden regions: 38->0(64)
[86.305s][info][gc,heap        ] GC(11) Survivor regions: 8->0(8)
[86.305s][info][gc,heap        ] GC(11) Old regions: 116->13
[86.305s][info][gc,heap        ] GC(11) Humongous regions: 77->18
[86.305s][info][gc,metaspace   ] GC(11) Metaspace: 28250K(28672K)->28250K(28672K) NonClass: 24918K(25152K)->24918K(25152K) Class: 3332K(3520K)->3332K(3520K)
[86.305s][info][gc             ] GC(11) Pause Full (System.gc()) 1858M->211M(10240M) 49.095ms
[86.305s][info][gc,cpu         ] GC(11) User=0.29s Sys=0.00s Real=0.04s
(init[86.921s][info][gc,start       ] GC(12) Pause Young (Normal) (G1 Evacuation Pause)
[86.921s][info][gc,task        ] GC(12) Using 8 workers of 8 for evacuation
[87.038s][info][gc,phases      ] GC(12)   Pre Evacuate Collection Set: 0.23ms
[87.038s][info][gc,phases      ] GC(12)   Merge Heap Roots: 0.17ms
[87.038s][info][gc,phases      ] GC(12)   Evacuate Collection Set: 115.73ms
[87.038s][info][gc,phases      ] GC(12)   Post Evacuate Collection Set: 0.30ms
[87.038s][info][gc,phases      ] GC(12)   Other: 0.06ms
[87.038s][info][gc,heap        ] GC(12) Eden regions: 64->0(56)
[87.038s][info][gc,heap        ] GC(12) Survivor regions: 0->8(8)
[87.038s][info][gc,heap        ] GC(12) Old regions: 13->28
[87.038s][info][gc,heap        ] GC(12) Humongous regions: 24->24
[87.038s][info][gc,metaspace   ] GC(12) Metaspace: 28329K(28800K)->28329K(28800K) NonClass: 24988K(25216K)->24988K(25216K) Class: 3340K(3584K)->3340K(3584K)
[87.038s][info][gc             ] GC(12) Pause Young (Normal) (G1 Evacuation Pause) 771M->436M(10240M) 116.637ms
[87.038s][info][gc,cpu         ] GC(12) User=0.87s Sys=0.01s Real=0.12s
[87.318s][info][gc,start       ] GC(13) Pause Young (Normal) (G1 Evacuation Pause)
[87.318s][info][gc,task        ] GC(13) Using 8 workers of 8 for evacuation
[87.460s][info][gc,phases      ] GC(13)   Pre Evacuate Collection Set: 0.21ms
[87.460s][info][gc,phases      ] GC(13)   Merge Heap Roots: 0.18ms
[87.460s][info][gc,phases      ] GC(13)   Evacuate Collection Set: 140.39ms
[87.460s][info][gc,phases      ] GC(13)   Post Evacuate Collection Set: 0.27ms
[87.460s][info][gc,phases      ] GC(13)   Other: 0.05ms
[87.460s][info][gc,heap        ] GC(13) Eden regions: 56->0(56)
[87.460s][info][gc,heap        ] GC(13) Survivor regions: 8->8(8)
[87.460s][info][gc,heap        ] GC(13) Old regions: 28->58
[87.460s][info][gc,heap        ] GC(13) Humongous regions: 28->28
[87.460s][info][gc,metaspace   ] GC(13) Metaspace: 28350K(28800K)->28350K(28800K) NonClass: 25006K(25216K)->25006K(25216K) Class: 3343K(3584K)->3343K(3584K)
[87.460s][info][gc             ] GC(13) Pause Young (Normal) (G1 Evacuation Pause) 916M->715M(10240M) 141.262ms
[87.460s][info][gc,cpu         ] GC(13) User=1.11s Sys=0.00s Real=0.14s
[88.070s][info][gc,start       ] GC(14) Pause Young (Normal) (G1 Evacuation Pause)
[88.070s][info][gc,task        ] GC(14) Using 8 workers of 8 for evacuation
[88.193s][info][gc,phases      ] GC(14)   Pre Evacuate Collection Set: 0.28ms
[88.193s][info][gc,phases      ] GC(14)   Merge Heap Roots: 0.38ms
[88.193s][info][gc,phases      ] GC(14)   Evacuate Collection Set: 121.87ms
[88.193s][info][gc,phases      ] GC(14)   Post Evacuate Collection Set: 0.36ms
[88.193s][info][gc,phases      ] GC(14)   Other: 0.05ms
[88.193s][info][gc,heap        ] GC(14) Eden regions: 56->0(56)
[88.193s][info][gc,heap        ] GC(14) Survivor regions: 8->8(8)
[88.193s][info][gc,heap        ] GC(14) Old regions: 58->83
[88.193s][info][gc,heap        ] GC(14) Humongous regions: 35->35
[88.193s][info][gc,metaspace   ] GC(14) Metaspace: 28359K(28800K)->28359K(28800K) NonClass: 25015K(25216K)->25015K(25216K) Class: 3344K(3584K)->3344K(3584K)
[88.193s][info][gc             ] GC(14) Pause Young (Normal) (G1 Evacuation Pause) 1219M->967M(10240M) 123.064ms
[88.193s][info][gc,cpu         ] GC(14) User=0.97s Sys=0.00s Real=0.12s
[88.248s][info][gc,start       ] GC(15) Pause Young (Normal) (G1 Evacuation Pause)
[88.248s][info][gc,task        ] GC(15) Using 8 workers of 8 for evacuation
[88.404s][info][gc,phases      ] GC(15)   Pre Evacuate Collection Set: 0.23ms
[88.404s][info][gc,phases      ] GC(15)   Merge Heap Roots: 0.16ms
[88.404s][info][gc,phases      ] GC(15)   Evacuate Collection Set: 155.30ms
[88.404s][info][gc,phases      ] GC(15)   Post Evacuate Collection Set: 0.22ms
[88.404s][info][gc,phases      ] GC(15)   Other: 0.05ms
[88.404s][info][gc,heap        ] GC(15) Eden regions: 56->0(56)
[88.404s][info][gc,heap        ] GC(15) Survivor regions: 8->8(8)
[88.404s][info][gc,heap        ] GC(15) Old regions: 83->134
[88.404s][info][gc,heap        ] GC(15) Humongous regions: 35->35
[88.404s][info][gc,metaspace   ] GC(15) Metaspace: 28359K(28800K)->28359K(28800K) NonClass: 25015K(25216K)->25015K(25216K) Class: 3344K(3584K)->3344K(3584K)
[88.404s][info][gc             ] GC(15) Pause Young (Normal) (G1 Evacuation Pause) 1415M->1375M(10240M) 156.135ms
[88.404s][info][gc,cpu         ] GC(15) User=1.22s Sys=0.01s Real=0.15s
) ...
    91s:       rampup IR =      0 ... (rIR:aIR:PR = 0:0:0) (tPR = 0) [OK] 
    94s:       rampup IR =     10 ... (rIR:aIR:PR = 10:11:11) (tPR = 234) [OK] 
    97s:       rampup IR =     20 ... (rIR:aIR:PR = 20:21:21) (tPR = 697) [OK] 
   100s:       rampup IR =     30 .... (rIR:aIR:PR = 30:30:30) (tPR = 692) [OK] 
   104s:       rampup IR =     40 .... (rIR:aIR:PR = 40:41:41) (tPR = 1277) [OK] 
   108s:       rampup IR =     50 .... (rIR:aIR:PR = 50:53:52) (tPR = 1189) [OK] 
   112s:       rampup IR =     60 .... (rIR:aIR:PR = 60:63:61) (tPR = 1315) [OK] 
   116s:       rampup IR =     70 .... (rIR:aIR:PR = 70:72:70) (tPR = 1656) [OK] 
   120s:       rampup IR =     80 .... (rIR:aIR:PR = 80:80:79) (tPR = 1469) [OK] 
   124s:       rampup IR =     90 .... (rIR:aIR:PR = 90:89:87) (tPR = 1948) [OK] 
   128s:       rampup IR =    100 .... (rIR:aIR:PR = 100:102:100) (tPR = 2266) [OK] 
   132s:       trying IR =    200 ...[136.429s][info][gc,start       ] GC(16) Pause Young (Normal) (G1 Evacuation Pause)
[136.429s][info][gc,task        ] GC(16) Using 8 workers of 8 for evacuation
[136.502s][info][gc,phases      ] GC(16)   Pre Evacuate Collection Set: 0.26ms
[136.502s][info][gc,phases      ] GC(16)   Merge Heap Roots: 0.40ms
[136.502s][info][gc,phases      ] GC(16)   Evacuate Collection Set: 72.03ms
[136.502s][info][gc,phases      ] GC(16)   Post Evacuate Collection Set: 0.48ms
[136.502s][info][gc,phases      ] GC(16)   Other: 0.05ms
[136.502s][info][gc,heap        ] GC(16) Eden regions: 56->0(56)
[136.502s][info][gc,heap        ] GC(16) Survivor regions: 8->8(8)
[136.502s][info][gc,heap        ] GC(16) Old regions: 134->152
[136.502s][info][gc,heap        ] GC(16) Humongous regions: 35->35
[136.502s][info][gc,metaspace   ] GC(16) Metaspace: 28503K(28992K)->28503K(28992K) NonClass: 25159K(25408K)->25159K(25408K) Class: 3344K(3584K)->3344K(3584K)
[136.502s][info][gc             ] GC(16) Pause Young (Normal) (G1 Evacuation Pause) 1823M->1523M(10240M) 73.346ms
[136.502s][info][gc,cpu         ] GC(16) User=0.57s Sys=0.00s Real=0.07s
. (rIR:aIR:PR = 200:192:188) (tPR = 4025) [OK] 
   136s:       trying IR =    220 .... (rIR:aIR:PR = 220:226:221) (tPR = 4024) [OK] 
   140s:       trying IR =    244 .... (rIR:aIR:PR = 244:238:233) (tPR = 4480) [OK] 
   144s:       trying IR =    273 .... (rIR:aIR:PR = 273:279:273) (tPR = 5587) [OK] 
   148s:       trying IR =    307 .[149.878s][info][gc,start       ] GC(17) Pause Young (Normal) (G1 Evacuation Pause)
[149.878s][info][gc,task        ] GC(17) Using 8 workers of 8 for evacuation
[149.921s][info][gc,phases      ] GC(17)   Pre Evacuate Collection Set: 0.29ms
[149.921s][info][gc,phases      ] GC(17)   Merge Heap Roots: 0.44ms
[149.921s][info][gc,phases      ] GC(17)   Evacuate Collection Set: 41.77ms
[149.921s][info][gc,phases      ] GC(17)   Post Evacuate Collection Set: 0.42ms
[149.921s][info][gc,phases      ] GC(17)   Other: 0.06ms
[149.921s][info][gc,heap        ] GC(17) Eden regions: 56->0(59)
[149.921s][info][gc,heap        ] GC(17) Survivor regions: 8->5(8)
[149.921s][info][gc,heap        ] GC(17) Old regions: 152->162
[149.921s][info][gc,heap        ] GC(17) Humongous regions: 35->35
[149.921s][info][gc,metaspace   ] GC(17) Metaspace: 28613K(29056K)->28613K(29056K) NonClass: 25267K(25472K)->25267K(25472K) Class: 3345K(3584K)->3345K(3584K)
[149.921s][info][gc             ] GC(17) Pause Young (Normal) (G1 Evacuation Pause) 1971M->1570M(10240M) 43.091ms
[149.921s][info][gc,cpu         ] GC(17) User=0.33s Sys=0.01s Real=0.04s
... (rIR:aIR:PR = 307:309:304) (tPR = 5682) [OK] 
   152s:       trying IR =    349 ..... (rIR:aIR:PR = 349:355:347) (tPR = 6814) [OK] 
   157s:       trying IR =    399 [158.276s][info][gc,start       ] GC(18) Pause Young (Normal) (G1 Evacuation Pause)
[158.276s][info][gc,task        ] GC(18) Using 8 workers of 8 for evacuation
[158.305s][info][gc,phases      ] GC(18)   Pre Evacuate Collection Set: 0.28ms
[158.305s][info][gc,phases      ] GC(18)   Merge Heap Roots: 0.35ms
[158.305s][info][gc,phases      ] GC(18)   Evacuate Collection Set: 28.37ms
[158.305s][info][gc,phases      ] GC(18)   Post Evacuate Collection Set: 0.44ms
[158.305s][info][gc,phases      ] GC(18)   Other: 0.05ms
[158.305s][info][gc,heap        ] GC(18) Eden regions: 59->0(56)
[158.305s][info][gc,heap        ] GC(18) Survivor regions: 5->8(8)
[158.305s][info][gc,heap        ] GC(18) Old regions: 162->162
[158.305s][info][gc,heap        ] GC(18) Humongous regions: 35->35
[158.305s][info][gc,metaspace   ] GC(18) Metaspace: 28661K(29184K)->28661K(29184K) NonClass: 25315K(25600K)->25315K(25600K) Class: 3345K(3584K)->3345K(3584K)
[158.305s][info][gc             ] GC(18) Pause Young (Normal) (G1 Evacuation Pause) 2042M->1593M(10240M) 29.628ms
[158.305s][info][gc,cpu         ] GC(18) User=0.22s Sys=0.01s Real=0.03s
.... (rIR:aIR:PR = 399:401:391) (tPR = 6917) [OK] 
   161s:       trying IR =    458 ...[164.652s][info][gc,start       ] GC(19) Pause Young (Normal) (G1 Evacuation Pause)
[164.652s][info][gc,task        ] GC(19) Using 8 workers of 8 for evacuation
[164.691s][info][gc,phases      ] GC(19)   Pre Evacuate Collection Set: 0.28ms
[164.691s][info][gc,phases      ] GC(19)   Merge Heap Roots: 0.35ms
[164.691s][info][gc,phases      ] GC(19)   Evacuate Collection Set: 38.03ms
[164.691s][info][gc,phases      ] GC(19)   Post Evacuate Collection Set: 0.38ms
[164.691s][info][gc,phases      ] GC(19)   Other: 0.06ms
[164.691s][info][gc,heap        ] GC(19) Eden regions: 56->0(75)
[164.691s][info][gc,heap        ] GC(19) Survivor regions: 8->7(8)
[164.691s][info][gc,heap        ] GC(19) Old regions: 162->166
[164.691s][info][gc,heap        ] GC(19) Humongous regions: 35->35
[164.691s][info][gc,metaspace   ] GC(19) Metaspace: 28701K(29184K)->28701K(29184K) NonClass: 25353K(25600K)->25353K(25600K) Class: 3348K(3584K)->3348K(3584K)
[164.691s][info][gc             ] GC(19) Pause Young (Normal) (G1 Evacuation Pause) 2041M->1618M(10240M) 39.222ms
[164.691s][info][gc,cpu         ] GC(19) User=0.29s Sys=0.02s Real=0.04s
. (rIR:aIR:PR = 458:468:459) (tPR = 7894) [OK] 
   165s:       trying IR =    530 .... (rIR:aIR:PR = 530:532:520) (tPR = 9318) [OK] 
   169s:       trying IR =    616 ..[171.560s][info][gc,start       ] GC(20) Pause Young (Normal) (G1 Evacuation Pause)
[171.560s][info][gc,task        ] GC(20) Using 8 workers of 8 for evacuation
[171.602s][info][gc,phases      ] GC(20)   Pre Evacuate Collection Set: 0.26ms
[171.602s][info][gc,phases      ] GC(20)   Merge Heap Roots: 0.32ms
[171.602s][info][gc,phases      ] GC(20)   Evacuate Collection Set: 41.19ms
[171.602s][info][gc,phases      ] GC(20)   Post Evacuate Collection Set: 0.41ms
[171.602s][info][gc,phases      ] GC(20)   Other: 0.06ms
[171.602s][info][gc,heap        ] GC(20) Eden regions: 81->0(168)
[171.602s][info][gc,heap        ] GC(20) Survivor regions: 7->9(11)
[171.602s][info][gc,heap        ] GC(20) Old regions: 166->169
[171.602s][info][gc,heap        ] GC(20) Humongous regions: 35->35
[171.602s][info][gc,metaspace   ] GC(20) Metaspace: 28725K(29184K)->28725K(29184K) NonClass: 25377K(25600K)->25377K(25600K) Class: 3348K(3584K)->3348K(3584K)
[171.602s][info][gc             ] GC(20) Pause Young (Normal) (G1 Evacuation Pause) 2266M->1655M(10240M) 42.347ms
[171.602s][info][gc,cpu         ] GC(20) User=0.31s Sys=0.02s Real=0.04s
... (rIR:aIR:PR = 616:619:606) (tPR = 10857) [OK] 
   174s:       trying IR =    719 ..... (rIR:aIR:PR = 719:727:713) (tPR = 13252) [OK] 
   179s:       trying IR =    843 .... (rIR:aIR:PR = 843:844:824) (tPR = 14788) [OK] 
   183s:       trying IR =    992 [183.695s][info][gc,start       ] GC(21) Pause Young (Normal) (G1 Evacuation Pause)
[183.695s][info][gc,task        ] GC(21) Using 8 workers of 8 for evacuation
[183.757s][info][gc,phases      ] GC(21)   Pre Evacuate Collection Set: 0.26ms
[183.757s][info][gc,phases      ] GC(21)   Merge Heap Roots: 0.31ms
[183.757s][info][gc,phases      ] GC(21)   Evacuate Collection Set: 60.30ms
[183.757s][info][gc,phases      ] GC(21)   Post Evacuate Collection Set: 0.59ms
[183.757s][info][gc,phases      ] GC(21)   Other: 0.08ms
[183.757s][info][gc,heap        ] GC(21) Eden regions: 183->0(224)
[183.757s][info][gc,heap        ] GC(21) Survivor regions: 9->18(24)
[183.757s][info][gc,heap        ] GC(21) Old regions: 169->169
[183.757s][info][gc,heap        ] GC(21) Humongous regions: 35->35
[183.757s][info][gc,metaspace   ] GC(21) Metaspace: 28774K(29248K)->28774K(29248K) NonClass: 25424K(25664K)->25424K(25664K) Class: 3350K(3584K)->3350K(3584K)
[183.757s][info][gc             ] GC(21) Pause Young (Normal) (G1 Evacuation Pause) 3119M->1732M(10240M) 61.686ms
[183.757s][info][gc,cpu         ] GC(21) User=0.46s Sys=0.02s Real=0.06s
.... (rIR:aIR:PR = 992:996:976) (tPR = 17214) [OK] 
   187s:       trying IR =   1170 .... (rIR:aIR:PR = 1170:1155:1137) (tPR = 19761) [OK] 
   191s:       trying IR =   1384 .[193.421s][info][gc,start       ] GC(22) Pause Young (Normal) (G1 Evacuation Pause)
[193.421s][info][gc,task        ] GC(22) Using 8 workers of 8 for evacuation
[193.508s][info][gc,phases      ] GC(22)   Pre Evacuate Collection Set: 0.28ms
[193.508s][info][gc,phases      ] GC(22)   Merge Heap Roots: 0.27ms
[193.508s][info][gc,phases      ] GC(22)   Evacuate Collection Set: 85.93ms
[193.508s][info][gc,phases      ] GC(22)   Post Evacuate Collection Set: 0.60ms
[193.508s][info][gc,phases      ] GC(22)   Other: 0.07ms
[193.508s][info][gc,heap        ] GC(22) Eden regions: 231->0(210)
[193.508s][info][gc,heap        ] GC(22) Survivor regions: 18->27(32)
[193.508s][info][gc,heap        ] GC(22) Old regions: 169->169
[193.508s][info][gc,heap        ] GC(22) Humongous regions: 35->35
[193.508s][info][gc,metaspace   ] GC(22) Metaspace: 28907K(29376K)->28907K(29376K) NonClass: 25541K(25792K)->25541K(25792K) Class: 3366K(3584K)->3366K(3584K)
[193.508s][info][gc             ] GC(22) Pause Young (Normal) (G1 Evacuation Pause) 3580M->1802M(10240M) 87.288ms
[193.508s][info][gc,cpu         ] GC(22) User=0.65s Sys=0.03s Real=0.09s
... (rIR:aIR:PR = 1384:1367:1367) (tPR = 21792) [OK] 
   195s:       trying IR =   1641 .... (rIR:aIR:PR = 1641:1673:1673) (tPR = 28624) [OK] 
   199s:       trying IR =   1949 [199.937s][info][gc,start       ] GC(23) Pause Young (Normal) (G1 Evacuation Pause)
[199.937s][info][gc,task        ] GC(23) Using 8 workers of 8 for evacuation
[200.041s][info][gc,phases      ] GC(23)   Pre Evacuate Collection Set: 0.30ms
[200.041s][info][gc,phases      ] GC(23)   Merge Heap Roots: 0.27ms
[200.041s][info][gc,phases      ] GC(23)   Evacuate Collection Set: 102.83ms
[200.041s][info][gc,phases      ] GC(23)   Post Evacuate Collection Set: 0.60ms
[200.041s][info][gc,phases      ] GC(23)   Other: 0.07ms
[200.041s][info][gc,heap        ] GC(23) Eden regions: 215->0(224)
[200.041s][info][gc,heap        ] GC(23) Survivor regions: 27->24(31)
[200.041s][info][gc,heap        ] GC(23) Old regions: 169->180
[200.041s][info][gc,heap        ] GC(23) Humongous regions: 35->35
[200.041s][info][gc,metaspace   ] GC(23) Metaspace: 28941K(29376K)->28941K(29376K) NonClass: 25574K(25792K)->25574K(25792K) Class: 3366K(3584K)->3366K(3584K)
[200.042s][info][gc             ] GC(23) Pause Young (Normal) (G1 Evacuation Pause) 3522M->1870M(10240M) 104.199ms
[200.042s][info][gc,cpu         ] GC(23) User=0.79s Sys=0.03s Real=0.10s
.... (rIR:aIR:PR = 1949:1962:1962) (tPR = 32191) [OK] 
   203s:       trying IR =   2319 ..[205.767s][info][gc,start       ] GC(24) Pause Young (Normal) (G1 Evacuation Pause)
[205.767s][info][gc,task        ] GC(24) Using 8 workers of 8 for evacuation
[205.870s][info][gc,phases      ] GC(24)   Pre Evacuate Collection Set: 0.28ms
[205.870s][info][gc,phases      ] GC(24)   Merge Heap Roots: 0.29ms
[205.870s][info][gc,phases      ] GC(24)   Evacuate Collection Set: 101.31ms
[205.870s][info][gc,phases      ] GC(24)   Post Evacuate Collection Set: 0.67ms
[205.870s][info][gc,phases      ] GC(24)   Other: 0.07ms
[205.870s][info][gc,heap        ] GC(24) Eden regions: 247->0(279)
[205.870s][info][gc,heap        ] GC(24) Survivor regions: 24->25(34)
[205.870s][info][gc,heap        ] GC(24) Old regions: 180->189
[205.870s][info][gc,heap        ] GC(24) Humongous regions: 35->35
[205.870s][info][gc,metaspace   ] GC(24) Metaspace: 28977K(29504K)->28977K(29504K) NonClass: 25611K(25920K)->25611K(25920K) Class: 3366K(3584K)->3366K(3584K)
[205.870s][info][gc             ] GC(24) Pause Young (Normal) (G1 Evacuation Pause) 3846M->1951M(10240M) 102.789ms
[205.870s][info][gc,cpu         ] GC(24) User=0.77s Sys=0.04s Real=0.10s
.. (rIR:aIR:PR = 2319:2292:2292) (tPR = 36676) [OK] 
   207s:       trying IR =   2762 .... (rIR:aIR:PR = 2762:2734:2734) (tPR = 42461) [OK] 
   211s:       trying IR =   3295 [211.659s][info][gc,start       ] GC(25) Pause Young (Normal) (G1 Evacuation Pause)
[211.659s][info][gc,task        ] GC(25) Using 8 workers of 8 for evacuation
[211.772s][info][gc,phases      ] GC(25)   Pre Evacuate Collection Set: 0.27ms
[211.772s][info][gc,phases      ] GC(25)   Merge Heap Roots: 0.34ms
[211.772s][info][gc,phases      ] GC(25)   Evacuate Collection Set: 111.10ms
[211.772s][info][gc,phases      ] GC(25)   Post Evacuate Collection Set: 0.74ms
[211.772s][info][gc,phases      ] GC(25)   Other: 0.07ms
[211.772s][info][gc,heap        ] GC(25) Eden regions: 282->0(306)
[211.772s][info][gc,heap        ] GC(25) Survivor regions: 25->27(39)
[211.772s][info][gc,heap        ] GC(25) Old regions: 189->197
[211.772s][info][gc,heap        ] GC(25) Humongous regions: 35->35
[211.772s][info][gc,metaspace   ] GC(25) Metaspace: 29112K(29632K)->29112K(29632K) NonClass: 25739K(25984K)->25739K(25984K) Class: 3373K(3648K)->3373K(3648K)
[211.772s][info][gc             ] GC(25) Pause Young (Normal) (G1 Evacuation Pause) 4207M->2029M(10240M) 112.642ms
[211.772s][info][gc,cpu         ] GC(25) User=0.84s Sys=0.04s Real=0.11s
.... (rIR:aIR:PR = 3295:3279:3279) (tPR = 50270) [OK] 
   215s:       trying IR =   3934 .[217.059s][info][gc,start       ] GC(26) Pause Young (Normal) (G1 Evacuation Pause)
[217.059s][info][gc,task        ] GC(26) Using 8 workers of 8 for evacuation
[217.179s][info][gc,phases      ] GC(26)   Pre Evacuate Collection Set: 0.28ms
[217.179s][info][gc,phases      ] GC(26)   Merge Heap Roots: 0.29ms
[217.179s][info][gc,phases      ] GC(26)   Evacuate Collection Set: 118.48ms
[217.179s][info][gc,phases      ] GC(26)   Post Evacuate Collection Set: 0.83ms
[217.179s][info][gc,phases      ] GC(26)   Other: 0.07ms
[217.179s][info][gc,heap        ] GC(26) Eden regions: 308->0(355)
[217.179s][info][gc,heap        ] GC(26) Survivor regions: 27->30(42)
[217.179s][info][gc,heap        ] GC(26) Old regions: 197->205
[217.179s][info][gc,heap        ] GC(26) Humongous regions: 35->35
[217.179s][info][gc,metaspace   ] GC(26) Metaspace: 29466K(29952K)->29466K(29952K) NonClass: 26074K(26304K)->26074K(26304K) Class: 3391K(3648K)->3391K(3648K)
[217.179s][info][gc             ] GC(26) Pause Young (Normal) (G1 Evacuation Pause) 4493M->2118M(10240M) 120.088ms
[217.179s][info][gc,cpu         ] GC(26) User=0.89s Sys=0.06s Real=0.12s
... (rIR:aIR:PR = 3934:3927:3928) (tPR = 60655) [OK] 
   219s:       trying IR =   4701 ..[222.108s][info][gc,start       ] GC(27) Pause Young (Normal) (G1 Evacuation Pause)
[222.108s][info][gc,task        ] GC(27) Using 8 workers of 8 for evacuation
[222.242s][info][gc,phases      ] GC(27)   Pre Evacuate Collection Set: 0.34ms
[222.242s][info][gc,phases      ] GC(27)   Merge Heap Roots: 0.51ms
[222.242s][info][gc,phases      ] GC(27)   Evacuate Collection Set: 132.61ms
[222.242s][info][gc,phases      ] GC(27)   Post Evacuate Collection Set: 0.81ms
[222.242s][info][gc,phases      ] GC(27)   Other: 0.07ms
[222.242s][info][gc,heap        ] GC(27) Eden regions: 345->0(368)
[222.242s][info][gc,heap        ] GC(27) Survivor regions: 30->33(47)
[222.242s][info][gc,heap        ] GC(27) Old regions: 205->214
[222.242s][info][gc,heap        ] GC(27) Humongous regions: 35->35
[222.242s][info][gc,metaspace   ] GC(27) Metaspace: 29514K(30016K)->29514K(30016K) NonClass: 26123K(26368K)->26123K(26368K) Class: 3391K(3648K)->3391K(3648K)
[222.242s][info][gc             ] GC(27) Pause Young (Normal) (G1 Evacuation Pause) 4878M->2208M(10240M) 134.469ms
[222.242s][info][gc,cpu         ] GC(27) User=1.01s Sys=0.05s Real=0.13s
.. (rIR:aIR:PR = 4701:4731:4731) (tPR = 70414) [OK] 
   223s:       trying IR =   5621 ...[226.641s][info][gc,start       ] GC(28) Pause Young (Normal) (G1 Evacuation Pause)
[226.642s][info][gc,task        ] GC(28) Using 8 workers of 8 for evacuation
[226.775s][info][gc,phases      ] GC(28)   Pre Evacuate Collection Set: 0.29ms
[226.775s][info][gc,phases      ] GC(28)   Merge Heap Roots: 0.39ms
[226.775s][info][gc,phases      ] GC(28)   Evacuate Collection Set: 131.82ms
[226.775s][info][gc,phases      ] GC(28)   Post Evacuate Collection Set: 0.84ms
[226.775s][info][gc,phases      ] GC(28)   Other: 0.07ms
[226.775s][info][gc,heap        ] GC(28) Eden regions: 365->0(379)
[226.775s][info][gc,heap        ] GC(28) Survivor regions: 33->34(50)
[226.775s][info][gc,heap        ] GC(28) Old regions: 214->222
[226.775s][info][gc,heap        ] GC(28) Humongous regions: 35->35
[226.775s][info][gc,metaspace   ] GC(28) Metaspace: 29531K(30080K)->29531K(30080K) NonClass: 26138K(26432K)->26138K(26432K) Class: 3392K(3648K)->3392K(3648K)
[226.775s][info][gc             ] GC(28) Pause Young (Normal) (G1 Evacuation Pause) 5128M->2283M(10240M) 133.532ms
[226.775s][info][gc,cpu         ] GC(28) User=1.00s Sys=0.04s Real=0.14s
. (rIR:aIR:PR = 5621:5624:5623) (tPR = 82852) [OK] 
   227s:       trying IR =   6725 ..[230.476s][info][gc,start       ] GC(29) Pause Young (Normal) (G1 Evacuation Pause)
[230.476s][info][gc,task        ] GC(29) Using 8 workers of 8 for evacuation
[230.610s][info][gc,phases      ] GC(29)   Pre Evacuate Collection Set: 0.27ms
[230.610s][info][gc,phases      ] GC(29)   Merge Heap Roots: 0.33ms
[230.610s][info][gc,phases      ] GC(29)   Evacuate Collection Set: 132.18ms
[230.610s][info][gc,phases      ] GC(29)   Post Evacuate Collection Set: 0.80ms
[230.610s][info][gc,phases      ] GC(29)   Other: 0.07ms
[230.610s][info][gc,heap        ] GC(29) Eden regions: 377->0(407)
[230.610s][info][gc,heap        ] GC(29) Survivor regions: 34->34(52)
[230.610s][info][gc,heap        ] GC(29) Old regions: 222->231
[230.610s][info][gc,heap        ] GC(29) Humongous regions: 35->35
[230.610s][info][gc,metaspace   ] GC(29) Metaspace: 29568K(30080K)->29568K(30080K) NonClass: 26176K(26432K)->26176K(26432K) Class: 3392K(3648K)->3392K(3648K)
[230.610s][info][gc             ] GC(29) Pause Young (Normal) (G1 Evacuation Pause) 5299M->2360M(10240M) 133.782ms
[230.610s][info][gc,cpu         ] GC(29) User=1.02s Sys=0.03s Real=0.13s
.... (rIR:aIR:PR = 6725:6715:6717) (tPR = 101409) [OK] 
   233s:       trying IR =   8050 [234.350s][info][gc,start       ] GC(30) Pause Young (Normal) (G1 Evacuation Pause)
[234.350s][info][gc,task        ] GC(30) Using 8 workers of 8 for evacuation
[234.497s][info][gc,phases      ] GC(30)   Pre Evacuate Collection Set: 0.27ms
[234.497s][info][gc,phases      ] GC(30)   Merge Heap Roots: 0.37ms
[234.497s][info][gc,phases      ] GC(30)   Evacuate Collection Set: 144.95ms
[234.497s][info][gc,phases      ] GC(30)   Post Evacuate Collection Set: 0.92ms
[234.497s][info][gc,phases      ] GC(30)   Other: 0.06ms
[234.497s][info][gc,heap        ] GC(30) Eden regions: 404->0(436)
[234.497s][info][gc,heap        ] GC(30) Survivor regions: 34->37(55)
[234.497s][info][gc,heap        ] GC(30) Old regions: 231->239
[234.497s][info][gc,heap        ] GC(30) Humongous regions: 35->35
[234.497s][info][gc,metaspace   ] GC(30) Metaspace: 29577K(30080K)->29577K(30080K) NonClass: 26185K(26432K)->26185K(26432K) Class: 3392K(3648K)->3392K(3648K)
[234.497s][info][gc             ] GC(30) Pause Young (Normal) (G1 Evacuation Pause) 5592M->2449M(10240M) 146.697ms
[234.497s][info][gc,cpu         ] GC(30) User=1.11s Sys=0.04s Real=0.15s
....[238.038s][info][gc,start       ] GC(31) Pause Young (Normal) (G1 Evacuation Pause)
[238.038s][info][gc,task        ] GC(31) Using 8 workers of 8 for evacuation
[238.182s][info][gc,phases      ] GC(31)   Pre Evacuate Collection Set: 0.30ms
[238.182s][info][gc,phases      ] GC(31)   Merge Heap Roots: 0.38ms
[238.182s][info][gc,phases      ] GC(31)   Evacuate Collection Set: 142.46ms
[238.182s][info][gc,phases      ] GC(31)   Post Evacuate Collection Set: 0.90ms
[238.182s][info][gc,phases      ] GC(31)   Other: 0.06ms
[238.182s][info][gc,heap        ] GC(31) Eden regions: 433->0(456)
[238.182s][info][gc,heap        ] GC(31) Survivor regions: 37->37(59)
[238.182s][info][gc,heap        ] GC(31) Old regions: 239->247
[238.182s][info][gc,heap        ] GC(31) Humongous regions: 35->35
[238.182s][info][gc,metaspace   ] GC(31) Metaspace: 29578K(30080K)->29578K(30080K) NonClass: 26186K(26432K)->26186K(26432K) Class: 3392K(3648K)->3392K(3648K)
[238.182s][info][gc             ] GC(31) Pause Young (Normal) (G1 Evacuation Pause) 5913M->2509M(10240M) 144.260ms
[238.182s][info][gc,cpu         ] GC(31) User=1.08s Sys=0.06s Real=0.14s
. (rIR:aIR:PR = 8050:7983:8008) (tPR = 122402) [OK] 
   238s:       trying IR =   9640 ..[241.226s][info][gc,start       ] GC(32) Pause Young (Normal) (G1 Evacuation Pause)
[241.226s][info][gc,task        ] GC(32) Using 8 workers of 8 for evacuation
[241.376s][info][gc,phases      ] GC(32)   Pre Evacuate Collection Set: 0.28ms
[241.376s][info][gc,phases      ] GC(32)   Merge Heap Roots: 0.37ms
[241.376s][info][gc,phases      ] GC(32)   Evacuate Collection Set: 148.44ms
[241.376s][info][gc,phases      ] GC(32)   Post Evacuate Collection Set: 0.94ms
[241.376s][info][gc,phases      ] GC(32)   Other: 0.09ms
[241.376s][info][gc,heap        ] GC(32) Eden regions: 453->0(499)
[241.376s][info][gc,heap        ] GC(32) Survivor regions: 37->40(62)
[241.376s][info][gc,heap        ] GC(32) Old regions: 247->255
[241.376s][info][gc,heap        ] GC(32) Humongous regions: 35->35
[241.376s][info][gc,metaspace   ] GC(32) Metaspace: 29595K(30080K)->29595K(30080K) NonClass: 26203K(26432K)->26203K(26432K) Class: 3392K(3648K)->3392K(3648K)
[241.376s][info][gc             ] GC(32) Pause Young (Normal) (G1 Evacuation Pause) 6133M->2598M(10240M) 150.259ms
[241.376s][info][gc,cpu         ] GC(32) User=1.13s Sys=0.05s Real=0.15s
.. (rIR:aIR:PR = 9640:10022:10012) (tPR = 154962) [OK] 
   242s:       trying IR =  11548 .[244.322s][info][gc,start       ] GC(33) Pause Young (Normal) (G1 Evacuation Pause)
[244.322s][info][gc,task        ] GC(33) Using 8 workers of 8 for evacuation
[244.476s][info][gc,phases      ] GC(33)   Pre Evacuate Collection Set: 0.29ms
[244.476s][info][gc,phases      ] GC(33)   Merge Heap Roots: 0.39ms
[244.476s][info][gc,phases      ] GC(33)   Evacuate Collection Set: 153.00ms
[244.476s][info][gc,phases      ] GC(33)   Post Evacuate Collection Set: 0.97ms
[244.476s][info][gc,phases      ] GC(33)   Other: 0.07ms
[244.476s][info][gc,heap        ] GC(33) Eden regions: 496->0(502)
[244.476s][info][gc,heap        ] GC(33) Survivor regions: 40->40(67)
[244.476s][info][gc,heap        ] GC(33) Old regions: 255->263
[244.476s][info][gc,heap        ] GC(33) Humongous regions: 35->35
[244.476s][info][gc,metaspace   ] GC(33) Metaspace: 29612K(30080K)->29612K(30080K) NonClass: 26219K(26432K)->26219K(26432K) Class: 3392K(3648K)->3392K(3648K)
[244.476s][info][gc             ] GC(33) Pause Young (Normal) (G1 Evacuation Pause) 6566M->2662M(10240M) 154.847ms
[244.476s][info][gc,cpu         ] GC(33) User=1.15s Sys=0.07s Real=0.16s
...[247.234s][info][gc,start       ] GC(34) Pause Young (Normal) (G1 Evacuation Pause)
[247.234s][info][gc,task        ] GC(34) Using 8 workers of 8 for evacuation
[247.381s][info][gc,phases      ] GC(34)   Pre Evacuate Collection Set: 0.30ms
[247.381s][info][gc,phases      ] GC(34)   Merge Heap Roots: 0.40ms
[247.381s][info][gc,phases      ] GC(34)   Evacuate Collection Set: 145.02ms
[247.381s][info][gc,phases      ] GC(34)   Post Evacuate Collection Set: 1.04ms
[247.381s][info][gc,phases      ] GC(34)   Other: 0.06ms
[247.381s][info][gc,heap        ] GC(34) Eden regions: 497->0(543)
[247.381s][info][gc,heap        ] GC(34) Survivor regions: 40->41(68)
[247.381s][info][gc,heap        ] GC(34) Old regions: 263->270
[247.381s][info][gc,heap        ] GC(34) Humongous regions: 35->35
[247.381s][info][gc,metaspace   ] GC(34) Metaspace: 29618K(30080K)->29618K(30080K) NonClass: 26225K(26432K)->26225K(26432K) Class: 3392K(3648K)->3392K(3648K)
[247.381s][info][gc             ] GC(34) Pause Young (Normal) (G1 Evacuation Pause) 6638M->2730M(10240M) 146.949ms
[247.381s][info][gc,cpu         ] GC(34) User=1.14s Sys=0.01s Real=0.15s
. (rIR:aIR:PR = 11548:11493:11013) (tPR = 158567) [OK] 
   247s:       trying IR =  13837 ..[250.361s][info][gc,start       ] GC(35) Pause Young (Normal) (G1 Evacuation Pause)
[250.361s][info][gc,task        ] GC(35) Using 8 workers of 8 for evacuation
[250.525s][info][gc,phases      ] GC(35)   Pre Evacuate Collection Set: 0.27ms
[250.525s][info][gc,phases      ] GC(35)   Merge Heap Roots: 0.42ms
[250.525s][info][gc,phases      ] GC(35)   Evacuate Collection Set: 162.30ms
[250.525s][info][gc,phases      ] GC(35)   Post Evacuate Collection Set: 0.98ms
[250.525s][info][gc,phases      ] GC(35)   Other: 0.07ms
[250.525s][info][gc,heap        ] GC(35) Eden regions: 539->0(553)
[250.525s][info][gc,heap        ] GC(35) Survivor regions: 41->43(73)
[250.525s][info][gc,heap        ] GC(35) Old regions: 270->278
[250.525s][info][gc,heap        ] GC(35) Humongous regions: 35->35
[250.525s][info][gc,metaspace   ] GC(35) Metaspace: 29619K(30080K)->29619K(30080K) NonClass: 26226K(26432K)->26226K(26432K) Class: 3392K(3648K)->3392K(3648K)
[250.525s][info][gc             ] GC(35) Pause Young (Normal) (G1 Evacuation Pause) 7042M->2804M(10240M) 164.169ms
[250.525s][info][gc,cpu         ] GC(35) User=1.23s Sys=0.06s Real=0.17s
...[253.409s][info][gc,start       ] GC(36) Pause Young (Normal) (G1 Evacuation Pause)
[253.409s][info][gc,task        ] GC(36) Using 8 workers of 8 for evacuation
[253.576s][info][gc,phases      ] GC(36)   Pre Evacuate Collection Set: 0.27ms
[253.576s][info][gc,phases      ] GC(36)   Merge Heap Roots: 0.43ms
[253.576s][info][gc,phases      ] GC(36)   Evacuate Collection Set: 165.17ms
[253.576s][info][gc,phases      ] GC(36)   Post Evacuate Collection Set: 0.99ms
[253.576s][info][gc,phases      ] GC(36)   Other: 0.06ms
[253.576s][info][gc,heap        ] GC(36) Eden regions: 550->0(543)
[253.576s][info][gc,heap        ] GC(36) Survivor regions: 43->46(75)
[253.576s][info][gc,heap        ] GC(36) Old regions: 278->285
[253.576s][info][gc,heap        ] GC(36) Humongous regions: 35->35
[253.576s][info][gc,metaspace   ] GC(36) Metaspace: 29619K(30080K)->29619K(30080K) NonClass: 26227K(26432K)->26227K(26432K) Class: 3392K(3648K)->3392K(3648K)
[253.576s][info][gc             ] GC(36) Pause Young (Normal) (G1 Evacuation Pause) 7204M->2880M(10240M) 167.048ms
[253.576s][info][gc,cpu         ] GC(36) User=1.28s Sys=0.04s Real=0.17s
...[256.602s][info][gc,start       ] GC(37) Pause Young (Normal) (G1 Evacuation Pause)
[256.602s][info][gc,task        ] GC(37) Using 8 workers of 8 for evacuation
[256.756s][info][gc,phases      ] GC(37)   Pre Evacuate Collection Set: 0.28ms
[256.757s][info][gc,phases      ] GC(37)   Merge Heap Roots: 0.39ms
[256.757s][info][gc,phases      ] GC(37)   Evacuate Collection Set: 152.43ms
[256.757s][info][gc,phases      ] GC(37)   Post Evacuate Collection Set: 0.94ms
[256.757s][info][gc,phases      ] GC(37)   Other: 0.06ms
[256.757s][info][gc,heap        ] GC(37) Eden regions: 544->0(615)
[256.757s][info][gc,heap        ] GC(37) Survivor regions: 46->43(74)
[256.757s][info][gc,heap        ] GC(37) Old regions: 285->292
[256.757s][info][gc,heap        ] GC(37) Humongous regions: 35->35
[256.757s][info][gc,metaspace   ] GC(37) Metaspace: 29620K(30080K)->29620K(30080K) NonClass: 26228K(26432K)->26228K(26432K) Class: 3392K(3648K)->3392K(3648K)
[256.757s][info][gc             ] GC(37) Pause Young (Normal) (G1 Evacuation Pause) 7232M->2921M(10240M) 155.010ms
[256.757s][info][gc,cpu         ] GC(37) User=1.19s Sys=0.01s Real=0.16s
....[260.036s][info][gc,start       ] GC(38) Pause Young (Normal) (G1 Evacuation Pause)
[260.036s][info][gc,task        ] GC(38) Using 8 workers of 8 for evacuation
[260.214s][info][gc,phases      ] GC(38)   Pre Evacuate Collection Set: 0.28ms
[260.214s][info][gc,phases      ] GC(38)   Merge Heap Roots: 0.45ms
[260.214s][info][gc,phases      ] GC(38)   Evacuate Collection Set: 175.73ms
[260.214s][info][gc,phases      ] GC(38)   Post Evacuate Collection Set: 1.09ms
[260.214s][info][gc,phases      ] GC(38)   Other: 0.07ms
[260.214s][info][gc,heap        ] GC(38) Eden regions: 613->0(559)
[260.214s][info][gc,heap        ] GC(38) Survivor regions: 43->45(82)
[260.214s][info][gc,heap        ] GC(38) Old regions: 292->299
[260.214s][info][gc,heap        ] GC(38) Humongous regions: 35->35
[260.214s][info][gc,metaspace   ] GC(38) Metaspace: 29631K(30144K)->29631K(30144K) NonClass: 26238K(26496K)->26238K(26496K) Class: 3392K(3648K)->3392K(3648K)
[260.214s][info][gc             ] GC(38) Pause Young (Normal) (G1 Evacuation Pause) 7825M->2995M(10240M) 177.766ms
[260.214s][info][gc,cpu         ] GC(38) User=1.32s Sys=0.08s Real=0.17s
...[263.139s][info][gc,start       ] GC(39) Pause Young (Normal) (G1 Evacuation Pause)
[263.139s][info][gc,task        ] GC(39) Using 8 workers of 8 for evacuation
[263.300s][info][gc,phases      ] GC(39)   Pre Evacuate Collection Set: 0.29ms
[263.300s][info][gc,phases      ] GC(39)   Merge Heap Roots: 0.44ms
[263.300s][info][gc,phases      ] GC(39)   Evacuate Collection Set: 158.70ms
[263.300s][info][gc,phases      ] GC(39)   Post Evacuate Collection Set: 1.03ms
[263.300s][info][gc,phases      ] GC(39)   Other: 0.06ms
[263.300s][info][gc,heap        ] GC(39) Eden regions: 557->0(581)
[263.300s][info][gc,heap        ] GC(39) Survivor regions: 45->46(76)
[263.300s][info][gc,heap        ] GC(39) Old regions: 299->306
[263.300s][info][gc,heap        ] GC(39) Humongous regions: 35->35
[263.300s][info][gc,metaspace   ] GC(39) Metaspace: 29631K(30144K)->29631K(30144K) NonClass: 26239K(26496K)->26239K(26496K) Class: 3392K(3648K)->3392K(3648K)
[263.300s][info][gc             ] GC(39) Pause Young (Normal) (G1 Evacuation Pause) 7451M->3056M(10240M) 160.637ms
[263.300s][info][gc,cpu         ] GC(39) User=1.25s Sys=0.01s Real=0.16s
...[266.351s][info][gc,start       ] GC(40) Pause Young (Normal) (G1 Evacuation Pause)
[266.351s][info][gc,task        ] GC(40) Using 8 workers of 8 for evacuation
[266.511s][info][gc,phases      ] GC(40)   Pre Evacuate Collection Set: 0.27ms
[266.511s][info][gc,phases      ] GC(40)   Merge Heap Roots: 0.44ms
[266.511s][info][gc,phases      ] GC(40)   Evacuate Collection Set: 157.85ms
[266.511s][info][gc,phases      ] GC(40)   Post Evacuate Collection Set: 1.02ms
[266.511s][info][gc,phases      ] GC(40)   Other: 0.07ms
[266.511s][info][gc,heap        ] GC(40) Eden regions: 576->0(639)
[266.511s][info][gc,heap        ] GC(40) Survivor regions: 46->45(78)
[266.511s][info][gc,heap        ] GC(40) Old regions: 306->314
[266.511s][info][gc,heap        ] GC(40) Humongous regions: 35->35
[266.511s][info][gc,metaspace   ] GC(40) Metaspace: 29634K(30144K)->29634K(30144K) NonClass: 26241K(26496K)->26241K(26496K) Class: 3392K(3648K)->3392K(3648K)
[266.511s][info][gc             ] GC(40) Pause Young (Normal) (G1 Evacuation Pause) 7664M->3105M(10240M) 159.778ms
[266.511s][info][gc,cpu         ] GC(40) User=1.25s Sys=0.01s Real=0.16s
....[270.003s][info][gc,start       ] GC(41) Pause Young (Normal) (G1 Evacuation Pause)
[270.003s][info][gc,task        ] GC(41) Using 8 workers of 8 for evacuation
[270.167s][info][gc,phases      ] GC(41)   Pre Evacuate Collection Set: 0.28ms
[270.167s][info][gc,phases      ] GC(41)   Merge Heap Roots: 0.45ms
[270.167s][info][gc,phases      ] GC(41)   Evacuate Collection Set: 161.22ms
[270.167s][info][gc,phases      ] GC(41)   Post Evacuate Collection Set: 1.16ms
[270.167s][info][gc,phases      ] GC(41)   Other: 0.08ms
[270.167s][info][gc,heap        ] GC(41) Eden regions: 636->0(650)
[270.167s][info][gc,heap        ] GC(41) Survivor regions: 45->50(86)
[270.167s][info][gc,heap        ] GC(41) Old regions: 314->314
[270.167s][info][gc,heap        ] GC(41) Humongous regions: 35->35
[270.167s][info][gc,metaspace   ] GC(41) Metaspace: 29634K(30144K)->29634K(30144K) NonClass: 26241K(26496K)->26241K(26496K) Class: 3392K(3648K)->3392K(3648K)
[270.167s][info][gc             ] GC(41) Pause Young (Normal) (G1 Evacuation Pause) 8193M->3149M(10240M) 163.320ms
[270.167s][info][gc,cpu         ] GC(41) User=1.26s Sys=0.02s Real=0.17s
...[273.568s][info][gc,start       ] GC(42) Pause Young (Normal) (G1 Evacuation Pause)
[273.568s][info][gc,task        ] GC(42) Using 8 workers of 8 for evacuation
[273.737s][info][gc,phases      ] GC(42)   Pre Evacuate Collection Set: 0.25ms
[273.737s][info][gc,phases      ] GC(42)   Merge Heap Roots: 0.47ms
[273.737s][info][gc,phases      ] GC(42)   Evacuate Collection Set: 166.63ms
[273.737s][info][gc,phases      ] GC(42)   Post Evacuate Collection Set: 1.11ms
[273.737s][info][gc,phases      ] GC(42)   Other: 0.07ms
[273.737s][info][gc,heap        ] GC(42) Eden regions: 642->0(607)
[273.737s][info][gc,heap        ] GC(42) Survivor regions: 50->51(87)
[273.737s][info][gc,heap        ] GC(42) Old regions: 314->317
[273.737s][info][gc,heap        ] GC(42) Humongous regions: 35->35
[273.737s][info][gc,metaspace   ] GC(42) Metaspace: 29640K(30144K)->29640K(30144K) NonClass: 26247K(26496K)->26247K(26496K) Class: 3392K(3648K)->3392K(3648K)
[273.737s][info][gc             ] GC(42) Pause Young (Normal) (G1 Evacuation Pause) 8285M->3179M(10240M) 168.650ms
[273.737s][info][gc,cpu         ] GC(42) User=1.30s Sys=0.02s Real=0.17s
....[276.858s][info][gc,start       ] GC(43) Pause Young (Normal) (G1 Evacuation Pause)
[276.858s][info][gc,task        ] GC(43) Using 8 workers of 8 for evacuation
[277.028s][info][gc,phases      ] GC(43)   Pre Evacuate Collection Set: 0.27ms
[277.028s][info][gc,phases      ] GC(43)   Merge Heap Roots: 0.50ms
[277.028s][info][gc,phases      ] GC(43)   Evacuate Collection Set: 168.05ms
[277.028s][info][gc,phases      ] GC(43)   Post Evacuate Collection Set: 1.08ms
[277.028s][info][gc,phases      ] GC(43)   Other: 0.07ms
[277.028s][info][gc,heap        ] GC(43) Eden regions: 604->0(684)
[277.028s][info][gc,heap        ] GC(43) Survivor regions: 51->46(82)
[277.028s][info][gc,heap        ] GC(43) Old regions: 317->326
[277.028s][info][gc,heap        ] GC(43) Humongous regions: 35->35
[277.028s][info][gc,metaspace   ] GC(43) Metaspace: 29640K(30144K)->29640K(30144K) NonClass: 26247K(26496K)->26247K(26496K) Class: 3392K(3648K)->3392K(3648K)
[277.028s][info][gc             ] GC(43) Pause Young (Normal) (G1 Evacuation Pause) 8011M->3216M(10240M) 170.103ms
[277.028s][info][gc,cpu         ] GC(43) User=1.33s Sys=0.01s Real=0.17s
. (rIR:aIR:PR = 13837:13775:12319) (tPR = 184366) [PR is under limit] 
   277s: Re-initializing (term) [277.866s][info][gc,start       ] GC(44) Pause Full (System.gc())
[277.866s][info][gc,task        ] GC(44) Using 8 workers of 8 for full compaction
[277.866s][info][gc,phases,start] GC(44) Phase 1: Mark live objects
[277.883s][info][gc,phases      ] GC(44) Phase 1: Mark live objects 16.879ms
[277.883s][info][gc,phases,start] GC(44) Phase 2: Prepare compaction
[277.889s][info][gc,phases      ] GC(44) Phase 2: Prepare compaction 5.542ms
[277.889s][info][gc,phases,start] GC(44) Phase 3: Adjust pointers
[277.900s][info][gc,phases      ] GC(44) Phase 3: Adjust pointers 10.872ms
[277.900s][info][gc,phases,start] GC(44) Phase 4: Compact heap
[277.905s][info][gc,phases      ] GC(44) Phase 4: Compact heap 5.549ms
[277.905s][info][gc,phases,start] GC(44) Phase 5: Reset Metadata
[277.909s][info][gc,phases      ] GC(44) Phase 5: Reset Metadata 3.984ms
[277.922s][info][gc,heap        ] GC(44) Eden regions: 167->0(768)
[277.922s][info][gc,heap        ] GC(44) Survivor regions: 46->0(82)
[277.922s][info][gc,heap        ] GC(44) Old regions: 326->13
[277.922s][info][gc,heap        ] GC(44) Humongous regions: 35->18
[277.922s][info][gc,metaspace   ] GC(44) Metaspace: 29647K(30208K)->29647K(30208K) NonClass: 26254K(26560K)->26254K(26560K) Class: 3392K(3648K)->3392K(3648K)
[277.922s][info][gc             ] GC(44) Pause Full (System.gc()) 4548M->212M(10240M) 55.439ms
[277.922s][info][gc,cpu         ] GC(44) User=0.36s Sys=0.00s Real=0.05s
(init) ... OK
   282s: Searching from base IR = 11548
   282s:       rampup IR =      0 ... (rIR:aIR:PR = 0:0:0) (tPR = 0) [OK] 
   285s:       rampup IR =   1155 .... (rIR:aIR:PR = 1155:1161:1138) (tPR = 23095) [OK] 
   289s:       rampup IR =   2310 .... (rIR:aIR:PR = 2310:2305:2256) (tPR = 42956) [OK] 
   293s:       rampup IR =   3464 ...[296.888s][info][gc,start       ] GC(45) Pause Young (Normal) (G1 Evacuation Pause)
[296.888s][info][gc,task        ] GC(45) Using 8 workers of 8 for evacuation
[297.373s][info][gc,mmu         ] GC(45) MMU target violated: 201.0ms (200.0ms/201.0ms)
[297.373s][info][gc,phases      ] GC(45)   Pre Evacuate Collection Set: 0.27ms
[297.373s][info][gc,phases      ] GC(45)   Merge Heap Roots: 0.42ms
[297.373s][info][gc,phases      ] GC(45)   Evacuate Collection Set: 482.58ms
[297.373s][info][gc,phases      ] GC(45)   Post Evacuate Collection Set: 1.33ms
[297.373s][info][gc,phases      ] GC(45)   Other: 0.15ms
[297.373s][info][gc,heap        ] GC(45) Eden regions: 768->0(582)
[297.373s][info][gc,heap        ] GC(45) Survivor regions: 0->96(96)
[297.373s][info][gc,heap        ] GC(45) Old regions: 13->31
[297.373s][info][gc,heap        ] GC(45) Humongous regions: 35->34
[297.373s][info][gc,metaspace   ] GC(45) Metaspace: 29670K(30208K)->29670K(30208K) NonClass: 26277K(26560K)->26277K(26560K) Class: 3393K(3648K)->3393K(3648K)
[297.373s][info][gc             ] GC(45) Pause Young (Normal) (G1 Evacuation Pause) 6492M->1250M(10240M) 484.859ms
[297.373s][info][gc,cpu         ] GC(45) User=3.73s Sys=0.09s Real=0.48s
.... (rIR:aIR:PR = 3464:3451:3376) (tPR = 58962) [OK] 
   300s:       rampup IR =   4619 ...[303.787s][info][gc,start       ] GC(46) Pause Young (Normal) (G1 Evacuation Pause)
[303.787s][info][gc,task        ] GC(46) Using 8 workers of 8 for evacuation
[304.135s][info][gc,mmu         ] GC(46) MMU target violated: 201.0ms (200.0ms/201.0ms)
[304.135s][info][gc,phases      ] GC(46)   Pre Evacuate Collection Set: 0.31ms
[304.135s][info][gc,phases      ] GC(46)   Merge Heap Roots: 0.28ms
[304.135s][info][gc,phases      ] GC(46)   Evacuate Collection Set: 345.53ms
[304.135s][info][gc,phases      ] GC(46)   Post Evacuate Collection Set: 0.99ms
[304.135s][info][gc,phases      ] GC(46)   Other: 0.10ms
[304.135s][info][gc,heap        ] GC(46) Eden regions: 591->0(335)
[304.135s][info][gc,heap        ] GC(46) Survivor regions: 96->29(86)
[304.135s][info][gc,heap        ] GC(46) Old regions: 31->110
[304.135s][info][gc,heap        ] GC(46) Humongous regions: 34->34
[304.135s][info][gc,metaspace   ] GC(46) Metaspace: 29671K(30208K)->29671K(30208K) NonClass: 26278K(26560K)->26278K(26560K) Class: 3393K(3648K)->3393K(3648K)
[304.135s][info][gc             ] GC(46) Pause Young (Normal) (G1 Evacuation Pause) 5978M->1344M(10240M) 347.313ms
[304.135s][info][gc,cpu         ] GC(46) User=2.74s Sys=0.00s Real=0.34s
. (rIR:aIR:PR = 4619:4632:4631) (tPR = 76739) [OK] 
   304s:       rampup IR =   5774 ...[307.731s][info][gc,start       ] GC(47) Pause Young (Normal) (G1 Evacuation Pause)
[307.731s][info][gc,task        ] GC(47) Using 8 workers of 8 for evacuation
[307.851s][info][gc,phases      ] GC(47)   Pre Evacuate Collection Set: 0.29ms
[307.851s][info][gc,phases      ] GC(47)   Merge Heap Roots: 0.32ms
[307.851s][info][gc,phases      ] GC(47)   Evacuate Collection Set: 118.45ms
[307.851s][info][gc,phases      ] GC(47)   Post Evacuate Collection Set: 0.89ms
[307.851s][info][gc,phases      ] GC(47)   Other: 0.06ms
[307.851s][info][gc,heap        ] GC(47) Eden regions: 410->0(186)
[307.851s][info][gc,heap        ] GC(47) Survivor regions: 29->41(55)
[307.851s][info][gc,heap        ] GC(47) Old regions: 110->110
[307.851s][info][gc,heap        ] GC(47) Humongous regions: 34->34
[307.851s][info][gc,metaspace   ] GC(47) Metaspace: 29678K(30208K)->29678K(30208K) NonClass: 26285K(26560K)->26285K(26560K) Class: 3393K(3648K)->3393K(3648K)
[307.851s][info][gc             ] GC(47) Pause Young (Normal) (G1 Evacuation Pause) 4624M->1444M(10240M) 120.139ms
[307.851s][info][gc,cpu         ] GC(47) User=0.94s Sys=0.00s Real=0.12s
. (rIR:aIR:PR = 5774:5806:5806) (tPR = 91388) [OK] 
   308s:       rampup IR =   6929 .[309.828s][info][gc,start       ] GC(48) Pause Young (Normal) (G1 Evacuation Pause)
[309.828s][info][gc,task        ] GC(48) Using 8 workers of 8 for evacuation
[309.962s][info][gc,phases      ] GC(48)   Pre Evacuate Collection Set: 0.27ms
[309.962s][info][gc,phases      ] GC(48)   Merge Heap Roots: 0.31ms
[309.962s][info][gc,phases      ] GC(48)   Evacuate Collection Set: 133.01ms
[309.962s][info][gc,phases      ] GC(48)   Post Evacuate Collection Set: 0.65ms
[309.962s][info][gc,phases      ] GC(48)   Other: 0.06ms
[309.962s][info][gc,heap        ] GC(48) Eden regions: 228->0(622)
[309.962s][info][gc,heap        ] GC(48) Survivor regions: 41->17(34)
[309.962s][info][gc,heap        ] GC(48) Old regions: 110->143
[309.962s][info][gc,heap        ] GC(48) Humongous regions: 34->34
[309.962s][info][gc,metaspace   ] GC(48) Metaspace: 29679K(30208K)->29679K(30208K) NonClass: 26285K(26560K)->26285K(26560K) Class: 3393K(3648K)->3393K(3648K)
[309.962s][info][gc             ] GC(48) Pause Young (Normal) (G1 Evacuation Pause) 3268M->1512M(10240M) 134.425ms
[309.962s][info][gc,cpu         ] GC(48) User=1.06s Sys=0.01s Real=0.13s
... (rIR:aIR:PR = 6929:6887:6884) (tPR = 105510) [OK] 
   312s:       rampup IR =   8084 ..[315.353s][info][gc,start       ] GC(49) Pause Young (Normal) (G1 Evacuation Pause)
[315.353s][info][gc,task        ] GC(49) Using 8 workers of 8 for evacuation
[315.476s][info][gc,phases      ] GC(49)   Pre Evacuate Collection Set: 0.29ms
[315.476s][info][gc,phases      ] GC(49)   Merge Heap Roots: 0.42ms
[315.476s][info][gc,phases      ] GC(49)   Evacuate Collection Set: 120.52ms
[315.476s][info][gc,phases      ] GC(49)   Post Evacuate Collection Set: 1.14ms
[315.476s][info][gc,phases      ] GC(49)   Other: 0.06ms
[315.476s][info][gc,heap        ] GC(49) Eden regions: 623->0(524)
[315.476s][info][gc,heap        ] GC(49) Survivor regions: 17->38(80)
[315.476s][info][gc,heap        ] GC(49) Old regions: 143->143
[315.476s][info][gc,heap        ] GC(49) Humongous regions: 34->34
[315.476s][info][gc,metaspace   ] GC(49) Metaspace: 29680K(30208K)->29680K(30208K) NonClass: 26286K(26560K)->26286K(26560K) Class: 3393K(3648K)->3393K(3648K)
[315.476s][info][gc             ] GC(49) Pause Young (Normal) (G1 Evacuation Pause) 6496M->1684M(10240M) 122.569ms
[315.476s][info][gc,cpu         ] GC(49) User=0.96s Sys=0.00s Real=0.13s
.... (rIR:aIR:PR = 8084:8001:8013) (tPR = 122079) [OK] 
   318s:       rampup IR =   9238 [319.461s][info][gc,start       ] GC(50) Pause Young (Normal) (G1 Evacuation Pause)
[319.461s][info][gc,task        ] GC(50) Using 8 workers of 8 for evacuation
[319.605s][info][gc,phases      ] GC(50)   Pre Evacuate Collection Set: 0.29ms
[319.605s][info][gc,phases      ] GC(50)   Merge Heap Roots: 0.39ms
[319.605s][info][gc,phases      ] GC(50)   Evacuate Collection Set: 141.34ms
[319.605s][info][gc,phases      ] GC(50)   Post Evacuate Collection Set: 1.07ms
[319.605s][info][gc,phases      ] GC(50)   Other: 0.06ms
[319.605s][info][gc,heap        ] GC(50) Eden regions: 523->0(531)
[319.605s][info][gc,heap        ] GC(50) Survivor regions: 38->44(71)
[319.605s][info][gc,heap        ] GC(50) Old regions: 143->148
[319.605s][info][gc,heap        ] GC(50) Humongous regions: 34->34
[319.605s][info][gc,metaspace   ] GC(50) Metaspace: 29680K(30208K)->29680K(30208K) NonClass: 26286K(26560K)->26286K(26560K) Class: 3393K(3648K)->3393K(3648K)
[319.605s][info][gc             ] GC(50) Pause Young (Normal) (G1 Evacuation Pause) 5868M->1761M(10240M) 143.298ms
[319.605s][info][gc,cpu         ] GC(50) User=1.12s Sys=0.01s Real=0.14s
....[323.176s][info][gc,start       ] GC(51) Pause Young (Normal) (G1 Evacuation Pause)
[323.176s][info][gc,task        ] GC(51) Using 8 workers of 8 for evacuation
[323.337s][info][gc,phases      ] GC(51)   Pre Evacuate Collection Set: 0.30ms
[323.337s][info][gc,phases      ] GC(51)   Merge Heap Roots: 0.39ms
[323.337s][info][gc,phases      ] GC(51)   Evacuate Collection Set: 159.46ms
[323.337s][info][gc,phases      ] GC(51)   Post Evacuate Collection Set: 1.00ms
[323.337s][info][gc,phases      ] GC(51)   Other: 0.06ms
[323.337s][info][gc,heap        ] GC(51) Eden regions: 529->0(542)
[323.337s][info][gc,heap        ] GC(51) Survivor regions: 44->44(72)
[323.337s][info][gc,heap        ] GC(51) Old regions: 148->158
[323.337s][info][gc,heap        ] GC(51) Humongous regions: 34->34
[323.337s][info][gc,metaspace   ] GC(51) Metaspace: 29680K(30208K)->29680K(30208K) NonClass: 26287K(26560K)->26287K(26560K) Class: 3393K(3648K)->3393K(3648K)
[323.337s][info][gc             ] GC(51) Pause Young (Normal) (G1 Evacuation Pause) 5993M->1842M(10240M) 161.352ms
[323.337s][info][gc,cpu         ] GC(51) User=1.27s Sys=0.00s Real=0.16s
....[327.028s][info][gc,start       ] GC(52) Pause Young (Normal) (G1 Evacuation Pause)
[327.028s][info][gc,task        ] GC(52) Using 8 workers of 8 for evacuation
[327.179s][info][gc,phases      ] GC(52)   Pre Evacuate Collection Set: 0.28ms
[327.179s][info][gc,phases      ] GC(52)   Merge Heap Roots: 0.40ms
[327.179s][info][gc,phases      ] GC(52)   Evacuate Collection Set: 148.79ms
[327.179s][info][gc,phases      ] GC(52)   Post Evacuate Collection Set: 1.01ms
[327.179s][info][gc,phases      ] GC(52)   Other: 0.06ms
[327.179s][info][gc,heap        ] GC(52) Eden regions: 541->0(580)
[327.179s][info][gc,heap        ] GC(52) Survivor regions: 44->43(74)
[327.179s][info][gc,heap        ] GC(52) Old regions: 158->166
[327.179s][info][gc,heap        ] GC(52) Humongous regions: 34->34
[327.179s][info][gc,metaspace   ] GC(52) Metaspace: 29682K(30208K)->29682K(30208K) NonClass: 26288K(26560K)->26288K(26560K) Class: 3393K(3648K)->3393K(3648K)
[327.179s][info][gc             ] GC(52) Pause Young (Normal) (G1 Evacuation Pause) 6170M->1901M(10240M) 150.666ms
[327.179s][info][gc,cpu         ] GC(52) User=1.19s Sys=0.00s Real=0.15s
.. (rIR:aIR:PR = 9238:9484:9495) (tPR = 141562) [OK] 
   328s:       rampup IR =  10393 ..[330.886s][info][gc,start       ] GC(53) Pause Young (Normal) (G1 Evacuation Pause)
[330.886s][info][gc,task        ] GC(53) Using 8 workers of 8 for evacuation
[331.039s][info][gc,phases      ] GC(53)   Pre Evacuate Collection Set: 0.26ms
[331.039s][info][gc,phases      ] GC(53)   Merge Heap Roots: 0.42ms
[331.039s][info][gc,phases      ] GC(53)   Evacuate Collection Set: 151.13ms
[331.039s][info][gc,phases      ] GC(53)   Post Evacuate Collection Set: 1.11ms
[331.039s][info][gc,phases      ] GC(53)   Other: 0.07ms
[331.039s][info][gc,heap        ] GC(53) Eden regions: 577->0(601)
[331.039s][info][gc,heap        ] GC(53) Survivor regions: 43->44(78)
[331.039s][info][gc,heap        ] GC(53) Old regions: 166->173
[331.039s][info][gc,heap        ] GC(53) Humongous regions: 34->34
[331.039s][info][gc,metaspace   ] GC(53) Metaspace: 29683K(30208K)->29683K(30208K) NonClass: 26290K(26560K)->26290K(26560K) Class: 3393K(3648K)->3393K(3648K)
[331.039s][info][gc             ] GC(53) Pause Young (Normal) (G1 Evacuation Pause) 6517M->1971M(10240M) 153.114ms
[331.039s][info][gc,cpu         ] GC(53) User=1.21s Sys=0.00s Real=0.15s
.. (rIR:aIR:PR = 10393:10487:10452) (tPR = 164527) [OK] 
   332s:       rampup IR =  11548 .[334.570s][info][gc,start       ] GC(54) Pause Young (Normal) (G1 Evacuation Pause)
[334.570s][info][gc,task        ] GC(54) Using 8 workers of 8 for evacuation
[334.730s][info][gc,phases      ] GC(54)   Pre Evacuate Collection Set: 0.29ms
[334.730s][info][gc,phases      ] GC(54)   Merge Heap Roots: 0.44ms
[334.730s][info][gc,phases      ] GC(54)   Evacuate Collection Set: 157.72ms
[334.730s][info][gc,phases      ] GC(54)   Post Evacuate Collection Set: 1.17ms
[334.730s][info][gc,phases      ] GC(54)   Other: 0.06ms
[334.730s][info][gc,heap        ] GC(54) Eden regions: 599->0(613)
[334.730s][info][gc,heap        ] GC(54) Survivor regions: 44->45(81)
[334.730s][info][gc,heap        ] GC(54) Old regions: 173->180
[334.730s][info][gc,heap        ] GC(54) Humongous regions: 34->34
[334.730s][info][gc,metaspace   ] GC(54) Metaspace: 29689K(30208K)->29689K(30208K) NonClass: 26296K(26560K)->26296K(26560K) Class: 3393K(3648K)->3393K(3648K)
[334.730s][info][gc             ] GC(54) Pause Young (Normal) (G1 Evacuation Pause) 6763M->2036M(10240M) 159.809ms
[334.730s][info][gc,cpu         ] GC(54) User=1.26s Sys=0.00s Real=0.16s
.... (rIR:aIR:PR = 11548:11406:11416) (tPR = 175070) [OK] 
   337s:    snapshot, IR =  11548 [338.251s][info][gc,start       ] GC(55) Pause Young (Normal) (G1 Evacuation Pause)
[338.251s][info][gc,task        ] GC(55) Using 8 workers of 8 for evacuation
[338.409s][info][gc,phases      ] GC(55)   Pre Evacuate Collection Set: 0.31ms
[338.409s][info][gc,phases      ] GC(55)   Merge Heap Roots: 0.51ms
[338.409s][info][gc,phases      ] GC(55)   Evacuate Collection Set: 156.05ms
[338.409s][info][gc,phases      ] GC(55)   Post Evacuate Collection Set: 1.18ms
[338.409s][info][gc,phases      ] GC(55)   Other: 0.07ms
[338.409s][info][gc,heap        ] GC(55) Eden regions: 611->0(632)
[338.409s][info][gc,heap        ] GC(55) Survivor regions: 45->46(82)
[338.409s][info][gc,heap        ] GC(55) Old regions: 180->187
[338.409s][info][gc,heap        ] GC(55) Humongous regions: 34->34
[338.409s][info][gc,metaspace   ] GC(55) Metaspace: 29691K(30208K)->29691K(30208K) NonClass: 26297K(26560K)->26297K(26560K) Class: 3393K(3648K)->3393K(3648K)
[338.409s][info][gc             ] GC(55) Pause Young (Normal) (G1 Evacuation Pause) 6924M->2098M(10240M) 158.274ms
[338.409s][info][gc,cpu         ] GC(55) User=1.24s Sys=0.01s Real=0.16s
....|[341.995s][info][gc,start       ] GC(56) Pause Young (Normal) (G1 Evacuation Pause)
[341.995s][info][gc,task        ] GC(56) Using 8 workers of 8 for evacuation
[342.155s][info][gc,phases      ] GC(56)   Pre Evacuate Collection Set: 0.30ms
[342.155s][info][gc,phases      ] GC(56)   Merge Heap Roots: 0.51ms
[342.155s][info][gc,phases      ] GC(56)   Evacuate Collection Set: 157.18ms
[342.155s][info][gc,phases      ] GC(56)   Post Evacuate Collection Set: 1.11ms
[342.155s][info][gc,phases      ] GC(56)   Other: 0.06ms
[342.155s][info][gc,heap        ] GC(56) Eden regions: 628->0(670)
[342.155s][info][gc,heap        ] GC(56) Survivor regions: 46->46(85)
[342.155s][info][gc,heap        ] GC(56) Old regions: 187->194
[342.155s][info][gc,heap        ] GC(56) Humongous regions: 34->34
[342.155s][info][gc,metaspace   ] GC(56) Metaspace: 29691K(30208K)->29691K(30208K) NonClass: 26297K(26560K)->26297K(26560K) Class: 3393K(3648K)->3393K(3648K)
[342.155s][info][gc             ] GC(56) Pause Young (Normal) (G1 Evacuation Pause) 7122M->2147M(10240M) 159.300ms
[342.155s][info][gc,cpu         ] GC(56) User=1.25s Sys=0.00s Real=0.15s
....[346.090s][info][gc,start       ] GC(57) Pause Young (Normal) (G1 Evacuation Pause)
[346.090s][info][gc,task        ] GC(57) Using 8 workers of 8 for evacuation
[346.252s][info][gc,phases      ] GC(57)   Pre Evacuate Collection Set: 0.30ms
[346.252s][info][gc,phases      ] GC(57)   Merge Heap Roots: 0.54ms
[346.252s][info][gc,phases      ] GC(57)   Evacuate Collection Set: 159.76ms
[346.252s][info][gc,phases      ] GC(57)   Post Evacuate Collection Set: 1.21ms
[346.252s][info][gc,phases      ] GC(57)   Other: 0.06ms
[346.252s][info][gc,heap        ] GC(57) Eden regions: 665->0(612)
[346.252s][info][gc,heap        ] GC(57) Survivor regions: 46->52(89)
[346.252s][info][gc,heap        ] GC(57) Old regions: 194->194
[346.252s][info][gc,heap        ] GC(57) Humongous regions: 34->34
[346.252s][info][gc,metaspace   ] GC(57) Metaspace: 29691K(30208K)->29691K(30208K) NonClass: 26297K(26560K)->26297K(26560K) Class: 3393K(3648K)->3393K(3648K)
[346.252s][info][gc             ] GC(57) Pause Young (Normal) (G1 Evacuation Pause) 7467M->2195M(10240M) 162.010ms
[346.252s][info][gc,cpu         ] GC(57) User=1.27s Sys=0.00s Real=0.16s
...[349.651s][info][gc,start       ] GC(58) Pause Young (Normal) (G1 Evacuation Pause)
[349.651s][info][gc,task        ] GC(58) Using 8 workers of 8 for evacuation
[349.823s][info][gc,phases      ] GC(58)   Pre Evacuate Collection Set: 0.30ms
[349.823s][info][gc,phases      ] GC(58)   Merge Heap Roots: 0.50ms
[349.823s][info][gc,phases      ] GC(58)   Evacuate Collection Set: 170.34ms
[349.823s][info][gc,phases      ] GC(58)   Post Evacuate Collection Set: 1.04ms
[349.823s][info][gc,phases      ] GC(58)   Other: 0.06ms
[349.823s][info][gc,heap        ] GC(58) Eden regions: 607->0(692)
[349.823s][info][gc,heap        ] GC(58) Survivor regions: 52->47(83)
[349.823s][info][gc,heap        ] GC(58) Old regions: 194->204
[349.823s][info][gc,heap        ] GC(58) Humongous regions: 34->34
[349.823s][info][gc,metaspace   ] GC(58) Metaspace: 29691K(30208K)->29691K(30208K) NonClass: 26297K(26560K)->26297K(26560K) Class: 3393K(3648K)->3393K(3648K)
[349.823s][info][gc             ] GC(58) Pause Young (Normal) (G1 Evacuation Pause) 7051M->2234M(10240M) 172.405ms
[349.823s][info][gc,cpu         ] GC(58) User=1.36s Sys=0.01s Real=0.17s
.....[353.847s][info][gc,start       ] GC(59) Pause Young (Normal) (G1 Evacuation Pause)
[353.847s][info][gc,task        ] GC(59) Using 8 workers of 8 for evacuation
[354.011s][info][gc,phases      ] GC(59)   Pre Evacuate Collection Set: 0.30ms
[354.011s][info][gc,phases      ] GC(59)   Merge Heap Roots: 0.49ms
[354.011s][info][gc,phases      ] GC(59)   Evacuate Collection Set: 161.34ms
[354.011s][info][gc,phases      ] GC(59)   Post Evacuate Collection Set: 1.25ms
[354.011s][info][gc,phases      ] GC(59)   Other: 0.08ms
[354.011s][info][gc,heap        ] GC(59) Eden regions: 692->0(647)
[354.011s][info][gc,heap        ] GC(59) Survivor regions: 47->52(93)
[354.011s][info][gc,heap        ] GC(59) Old regions: 204->204
[354.011s][info][gc,heap        ] GC(59) Humongous regions: 34->34
[354.011s][info][gc,metaspace   ] GC(59) Metaspace: 29698K(30208K)->29698K(30208K) NonClass: 26305K(26560K)->26305K(26560K) Class: 3393K(3648K)->3393K(3648K)
[354.011s][info][gc             ] GC(59) Pause Young (Normal) (G1 Evacuation Pause) 7770M->2278M(10240M) 163.600ms
[354.011s][info][gc,cpu         ] GC(59) User=1.29s Sys=0.00s Real=0.16s
...[357.783s][info][gc,start       ] GC(60) Pause Young (Normal) (G1 Evacuation Pause)
[357.783s][info][gc,task        ] GC(60) Using 8 workers of 8 for evacuation
[357.950s][info][gc,phases      ] GC(60)   Pre Evacuate Collection Set: 0.29ms
[357.950s][info][gc,phases      ] GC(60)   Merge Heap Roots: 0.48ms
[357.950s][info][gc,phases      ] GC(60)   Evacuate Collection Set: 164.76ms
[357.950s][info][gc,phases      ] GC(60)   Post Evacuate Collection Set: 1.17ms
[357.950s][info][gc,phases      ] GC(60)   Other: 0.06ms
[357.950s][info][gc,heap        ] GC(60) Eden regions: 643->0(721)
[357.950s][info][gc,heap        ] GC(60) Survivor regions: 52->47(87)
[357.950s][info][gc,heap        ] GC(60) Old regions: 204->213
[357.950s][info][gc,heap        ] GC(60) Humongous regions: 34->34
[357.950s][info][gc,metaspace   ] GC(60) Metaspace: 29698K(30208K)->29698K(30208K) NonClass: 26305K(26560K)->26305K(26560K) Class: 3393K(3648K)->3393K(3648K)
[357.950s][info][gc             ] GC(60) Pause Young (Normal) (G1 Evacuation Pause) 7422M->2310M(10240M) 166.900ms
[357.950s][info][gc,cpu         ] GC(60) User=1.31s Sys=0.01s Real=0.17s
.....[362.019s][info][gc,start       ] GC(61) Pause Young (Normal) (G1 Evacuation Pause)
[362.019s][info][gc,task        ] GC(61) Using 8 workers of 8 for evacuation
[362.184s][info][gc,phases      ] GC(61)   Pre Evacuate Collection Set: 0.32ms
[362.184s][info][gc,phases      ] GC(61)   Merge Heap Roots: 0.48ms
[362.184s][info][gc,phases      ] GC(61)   Evacuate Collection Set: 162.90ms
[362.184s][info][gc,phases      ] GC(61)   Post Evacuate Collection Set: 1.23ms
[362.184s][info][gc,phases      ] GC(61)   Other: 0.07ms
[362.184s][info][gc,heap        ] GC(61) Eden regions: 721->0(697)
[362.184s][info][gc,heap        ] GC(61) Survivor regions: 47->52(96)
[362.184s][info][gc,heap        ] GC(61) Old regions: 213->213
[362.184s][info][gc,heap        ] GC(61) Humongous regions: 34->34
[362.184s][info][gc,metaspace   ] GC(61) Metaspace: 29698K(30208K)->29698K(30208K) NonClass: 26305K(26560K)->26305K(26560K) Class: 3393K(3648K)->3393K(3648K)
[362.184s][info][gc             ] GC(61) Pause Young (Normal) (G1 Evacuation Pause) 8078M->2350M(10240M) 165.140ms
[362.184s][info][gc,cpu         ] GC(61) User=1.30s Sys=0.00s Real=0.16s
....[366.233s][info][gc,start       ] GC(62) Pause Young (Normal) (G1 Evacuation Pause)
[366.233s][info][gc,task        ] GC(62) Using 8 workers of 8 for evacuation
[366.405s][info][gc,phases      ] GC(62)   Pre Evacuate Collection Set: 0.28ms
[366.405s][info][gc,phases      ] GC(62)   Merge Heap Roots: 0.47ms
[366.405s][info][gc,phases      ] GC(62)   Evacuate Collection Set: 169.63ms
[366.405s][info][gc,phases      ] GC(62)   Post Evacuate Collection Set: 1.21ms
[366.405s][info][gc,phases      ] GC(62)   Other: 0.07ms
[366.405s][info][gc,heap        ] GC(62) Eden regions: 693->0(698)
[366.405s][info][gc,heap        ] GC(62) Survivor regions: 52->53(94)
[366.405s][info][gc,heap        ] GC(62) Old regions: 213->215
[366.405s][info][gc,heap        ] GC(62) Humongous regions: 34->34
[366.405s][info][gc,metaspace   ] GC(62) Metaspace: 29705K(30208K)->29705K(30208K) NonClass: 26312K(26560K)->26312K(26560K) Class: 3393K(3648K)->3393K(3648K)
[366.405s][info][gc             ] GC(62) Pause Young (Normal) (G1 Evacuation Pause) 7894M->2376M(10240M) 171.799ms
[366.405s][info][gc,cpu         ] GC(62) User=1.36s Sys=0.00s Real=0.17s
....[370.309s][info][gc,start       ] GC(63) Pause Young (Normal) (G1 Evacuation Pause)
[370.309s][info][gc,task        ] GC(63) Using 8 workers of 8 for evacuation
[370.485s][info][gc,phases      ] GC(63)   Pre Evacuate Collection Set: 0.30ms
[370.485s][info][gc,phases      ] GC(63)   Merge Heap Roots: 0.48ms
[370.485s][info][gc,phases      ] GC(63)   Evacuate Collection Set: 173.50ms
[370.485s][info][gc,phases      ] GC(63)   Post Evacuate Collection Set: 1.23ms
[370.485s][info][gc,phases      ] GC(63)   Other: 0.07ms
[370.485s][info][gc,heap        ] GC(63) Eden regions: 693->0(683)
[370.485s][info][gc,heap        ] GC(63) Survivor regions: 53->54(94)
[370.485s][info][gc,heap        ] GC(63) Old regions: 215->218
[370.485s][info][gc,heap        ] GC(63) Humongous regions: 34->34
[370.485s][info][gc,metaspace   ] GC(63) Metaspace: 29705K(30208K)->29705K(30208K) NonClass: 26312K(26560K)->26312K(26560K) Class: 3393K(3648K)->3393K(3648K)
[370.485s][info][gc             ] GC(63) Pause Young (Normal) (G1 Evacuation Pause) 7920M->2403M(10240M) 175.705ms
[370.485s][info][gc,cpu         ] GC(63) User=1.38s Sys=0.00s Real=0.17s
.. (rIR:aIR:PR = 11548:11451:11435) (tPR = 170796) [OK] 
   371s: Performing snapshot: (quiescence.....) (stop TxI) (stop BE) (saving... 225138 Kb) (term) [382.224s][info][gc,start       ] GC(64) Pause Full (System.gc())
[382.224s][info][gc,task        ] GC(64) Using 8 workers of 8 for full compaction
[382.224s][info][gc,phases,start] GC(64) Phase 1: Mark live objects
[382.242s][info][gc,phases      ] GC(64) Phase 1: Mark live objects 17.908ms
[382.242s][info][gc,phases,start] GC(64) Phase 2: Prepare compaction
[382.248s][info][gc,phases      ] GC(64) Phase 2: Prepare compaction 6.276ms
[382.248s][info][gc,phases,start] GC(64) Phase 3: Adjust pointers
[382.260s][info][gc,phases      ] GC(64) Phase 3: Adjust pointers 11.657ms
[382.260s][info][gc,phases,start] GC(64) Phase 4: Compact heap
[382.266s][info][gc,phases      ] GC(64) Phase 4: Compact heap 6.182ms
[382.266s][info][gc,phases,start] GC(64) Phase 5: Reset Metadata
[382.270s][info][gc,phases      ] GC(64) Phase 5: Reset Metadata 4.067ms
[382.282s][info][gc,heap        ] GC(64) Eden regions: 364->0(768)
[382.282s][info][gc,heap        ] GC(64) Survivor regions: 54->0(94)
[382.282s][info][gc,heap        ] GC(64) Old regions: 218->13
[382.282s][info][gc,heap        ] GC(64) Humongous regions: 197->32
[382.282s][info][gc,metaspace   ] GC(64) Metaspace: 29712K(30208K)->29712K(30208K) NonClass: 26318K(26560K)->26318K(26560K) Class: 3393K(3648K)->3393K(3648K)
[382.282s][info][gc             ] GC(64) Pause Full (System.gc()) 6618M->325M(10240M) 58.234ms
[382.282s][info][gc,cpu         ] GC(64) User=0.37s Sys=0.01s Real=0.06s
(init) ...
   387s:       rampup IR =      0 ... (rIR:aIR:PR = 0:0:0) (tPR = 0) [OK] 
   390s:       rampup IR =   1155 .... (rIR:aIR:PR = 1155:1155:1155) (tPR = 17726) [OK] 
   394s:       rampup IR =   2310 .... (rIR:aIR:PR = 2310:2279:2279) (tPR = 32989) [OK] 
   398s:       rampup IR =   3464 .[400.642s][info][gc,start       ] GC(65) Pause Young (Normal) (G1 Evacuation Pause)
[400.642s][info][gc,task        ] GC(65) Using 8 workers of 8 for evacuation
[401.386s][info][gc,mmu         ] GC(65) MMU target violated: 201.0ms (200.0ms/201.0ms)
[401.387s][info][gc,phases      ] GC(65)   Pre Evacuate Collection Set: 0.30ms
[401.387s][info][gc,phases      ] GC(65)   Merge Heap Roots: 0.85ms
[401.387s][info][gc,phases      ] GC(65)   Evacuate Collection Set: 741.93ms
[401.387s][info][gc,phases      ] GC(65)   Post Evacuate Collection Set: 1.64ms
[401.387s][info][gc,phases      ] GC(65)   Other: 0.12ms
[401.387s][info][gc,heap        ] GC(65) Eden regions: 768->0(370)
[401.387s][info][gc,heap        ] GC(65) Survivor regions: 0->96(96)
[401.387s][info][gc,heap        ] GC(65) Old regions: 13->65
[401.387s][info][gc,heap        ] GC(65) Humongous regions: 85->80
[401.387s][info][gc,metaspace   ] GC(65) Metaspace: 29766K(30272K)->29766K(30272K) NonClass: 26370K(26624K)->26370K(26624K) Class: 3395K(3648K)->3395K(3648K)
[401.387s][info][gc             ] GC(65) Pause Young (Normal) (G1 Evacuation Pause) 6893M->1893M(10240M) 744.957ms
[401.387s][info][gc,cpu         ] GC(65) User=5.88s Sys=0.00s Real=0.75s
.... (rIR:aIR:PR = 3464:3484:3484) (tPR = 51505) [OK] 
   404s:       rampup IR =   4619 ..[406.893s][info][gc,start       ] GC(66) Pause Young (Normal) (G1 Evacuation Pause)
[406.893s][info][gc,task        ] GC(66) Using 8 workers of 8 for evacuation
[407.316s][info][gc,mmu         ] GC(66) MMU target violated: 201.0ms (200.0ms/201.0ms)
[407.316s][info][gc,phases      ] GC(66)   Pre Evacuate Collection Set: 0.28ms
[407.316s][info][gc,phases      ] GC(66)   Merge Heap Roots: 0.74ms
[407.316s][info][gc,phases      ] GC(66)   Evacuate Collection Set: 421.68ms
[407.316s][info][gc,phases      ] GC(66)   Post Evacuate Collection Set: 0.82ms
[407.317s][info][gc,phases      ] GC(66)   Other: 0.10ms
[407.317s][info][gc,heap        ] GC(66) Eden regions: 363->0(244)
[407.317s][info][gc,heap        ] GC(66) Survivor regions: 96->23(58)
[407.317s][info][gc,heap        ] GC(66) Old regions: 65->159
[407.317s][info][gc,heap        ] GC(66) Humongous regions: 80->80
[407.317s][info][gc,metaspace   ] GC(66) Metaspace: 29783K(30272K)->29783K(30272K) NonClass: 26388K(26624K)->26388K(26624K) Class: 3395K(3648K)->3395K(3648K)
[407.317s][info][gc             ] GC(66) Pause Young (Normal) (G1 Evacuation Pause) 4797M->2061M(10240M) 423.734ms
[407.317s][info][gc,cpu         ] GC(66) User=3.34s Sys=0.00s Real=0.43s
.... (rIR:aIR:PR = 4619:4648:4648) (tPR = 69484) [OK] 
   410s:       rampup IR =   5774 [411.358s][info][gc,start       ] GC(67) Pause Young (Normal) (G1 Evacuation Pause)
[411.358s][info][gc,task        ] GC(67) Using 8 workers of 8 for evacuation
[411.462s][info][gc,phases      ] GC(67)   Pre Evacuate Collection Set: 0.27ms
[411.462s][info][gc,phases      ] GC(67)   Merge Heap Roots: 0.45ms
[411.462s][info][gc,phases      ] GC(67)   Evacuate Collection Set: 102.54ms
[411.462s][info][gc,phases      ] GC(67)   Post Evacuate Collection Set: 0.90ms
[411.462s][info][gc,phases      ] GC(67)   Other: 0.06ms
[411.462s][info][gc,heap        ] GC(67) Eden regions: 320->0(157)
[411.462s][info][gc,heap        ] GC(67) Survivor regions: 23->34(43)
[411.462s][info][gc,heap        ] GC(67) Old regions: 159->159
[411.462s][info][gc,heap        ] GC(67) Humongous regions: 80->80
[411.462s][info][gc,metaspace   ] GC(67) Metaspace: 29791K(30272K)->29791K(30272K) NonClass: 26396K(26624K)->26396K(26624K) Class: 3395K(3648K)->3395K(3648K)
[411.462s][info][gc             ] GC(67) Pause Young (Normal) (G1 Evacuation Pause) 4621M->2149M(10240M) 104.346ms
[411.462s][info][gc,cpu         ] GC(67) User=0.82s Sys=0.00s Real=0.10s
...[413.981s][info][gc,start       ] GC(68) Pause Young (Normal) (G1 Evacuation Pause)
[413.981s][info][gc,task        ] GC(68) Using 8 workers of 8 for evacuation
[414.099s][info][gc,phases      ] GC(68)   Pre Evacuate Collection Set: 0.25ms
[414.099s][info][gc,phases      ] GC(68)   Merge Heap Roots: 0.47ms
[414.099s][info][gc,phases      ] GC(68)   Evacuate Collection Set: 116.02ms
[414.099s][info][gc,phases      ] GC(68)   Post Evacuate Collection Set: 0.61ms
[414.099s][info][gc,phases      ] GC(68)   Other: 0.05ms
[414.099s][info][gc,heap        ] GC(68) Eden regions: 223->0(380)
[414.099s][info][gc,heap        ] GC(68) Survivor regions: 34->17(33)
[414.099s][info][gc,heap        ] GC(68) Old regions: 159->184
[414.099s][info][gc,heap        ] GC(68) Humongous regions: 80->80
[414.099s][info][gc,metaspace   ] GC(68) Metaspace: 29791K(30272K)->29791K(30272K) NonClass: 26396K(26624K)->26396K(26624K) Class: 3395K(3648K)->3395K(3648K)
[414.099s][info][gc             ] GC(68) Pause Young (Normal) (G1 Evacuation Pause) 3933M->2209M(10240M) 117.542ms
[414.099s][info][gc,cpu         ] GC(68) User=0.93s Sys=0.00s Real=0.12s
... (rIR:aIR:PR = 5774:5867:5867) (tPR = 87151) [OK] 
   416s:       rampup IR =   6929 ..[418.523s][info][gc,start       ] GC(69) Pause Young (Normal) (G1 Evacuation Pause)
[418.523s][info][gc,task        ] GC(69) Using 8 workers of 8 for evacuation
[418.625s][info][gc,phases      ] GC(69)   Pre Evacuate Collection Set: 0.29ms
[418.625s][info][gc,phases      ] GC(69)   Merge Heap Roots: 0.47ms
[418.625s][info][gc,phases      ] GC(69)   Evacuate Collection Set: 100.57ms
[418.625s][info][gc,phases      ] GC(69)   Post Evacuate Collection Set: 0.95ms
[418.625s][info][gc,phases      ] GC(69)   Other: 0.07ms
[418.625s][info][gc,heap        ] GC(69) Eden regions: 418->0(336)
[418.625s][info][gc,heap        ] GC(69) Survivor regions: 17->32(55)
[418.625s][info][gc,heap        ] GC(69) Old regions: 184->184
[418.625s][info][gc,heap        ] GC(69) Humongous regions: 80->80
[418.625s][info][gc,metaspace   ] GC(69) Metaspace: 29794K(30272K)->29794K(30272K) NonClass: 26398K(26624K)->26398K(26624K) Class: 3395K(3648K)->3395K(3648K)
[418.625s][info][gc             ] GC(69) Pause Young (Normal) (G1 Evacuation Pause) 5553M->2333M(10240M) 102.468ms
[418.625s][info][gc,cpu         ] GC(69) User=0.81s Sys=0.00s Real=0.11s
.. (rIR:aIR:PR = 6929:6941:6944) (tPR = 103053) [OK] 
   420s:       rampup IR =   8084 .[421.782s][info][gc,start       ] GC(70) Pause Young (Normal) (G1 Evacuation Pause)
[421.782s][info][gc,task        ] GC(70) Using 8 workers of 8 for evacuation
[421.911s][info][gc,phases      ] GC(70)   Pre Evacuate Collection Set: 0.27ms
[421.911s][info][gc,phases      ] GC(70)   Merge Heap Roots: 0.52ms
[421.911s][info][gc,phases      ] GC(70)   Evacuate Collection Set: 127.02ms
[421.911s][info][gc,phases      ] GC(70)   Post Evacuate Collection Set: 0.91ms
[421.911s][info][gc,phases      ] GC(70)   Other: 0.06ms
[421.911s][info][gc,heap        ] GC(70) Eden regions: 346->0(358)
[421.911s][info][gc,heap        ] GC(70) Survivor regions: 32->37(48)
[421.911s][info][gc,heap        ] GC(70) Old regions: 184->190
[421.911s][info][gc,heap        ] GC(70) Humongous regions: 80->80
[421.911s][info][gc,metaspace   ] GC(70) Metaspace: 29800K(30336K)->29800K(30336K) NonClass: 26404K(26688K)->26404K(26688K) Class: 3395K(3648K)->3395K(3648K)
[421.911s][info][gc             ] GC(70) Pause Young (Normal) (G1 Evacuation Pause) 5101M->2413M(10240M) 128.925ms
[421.911s][info][gc,cpu         ] GC(70) User=1.00s Sys=0.01s Real=0.13s
... (rIR:aIR:PR = 8084:8069:8041) (tPR = 119559) [OK] 
   424s:       rampup IR =   9238 [424.854s][info][gc,start       ] GC(71) Pause Young (Normal) (G1 Evacuation Pause)
[424.854s][info][gc,task        ] GC(71) Using 8 workers of 8 for evacuation
[424.983s][info][gc,phases      ] GC(71)   Pre Evacuate Collection Set: 0.28ms
[424.983s][info][gc,phases      ] GC(71)   Merge Heap Roots: 0.48ms
[424.983s][info][gc,phases      ] GC(71)   Evacuate Collection Set: 127.16ms
[424.983s][info][gc,phases      ] GC(71)   Post Evacuate Collection Set: 0.97ms
[424.983s][info][gc,phases      ] GC(71)   Other: 0.06ms
[424.983s][info][gc,heap        ] GC(71) Eden regions: 362->0(431)
[424.983s][info][gc,heap        ] GC(71) Survivor regions: 37->34(50)
[424.983s][info][gc,heap        ] GC(71) Old regions: 190->200
[424.983s][info][gc,heap        ] GC(71) Humongous regions: 80->80
[424.983s][info][gc,metaspace   ] GC(71) Metaspace: 29800K(30336K)->29800K(30336K) NonClass: 26404K(26688K)->26404K(26688K) Class: 3395K(3648K)->3395K(3648K)
[424.983s][info][gc             ] GC(71) Pause Young (Normal) (G1 Evacuation Pause) 5309M->2466M(10240M) 129.088ms
[424.983s][info][gc,cpu         ] GC(71) User=1.01s Sys=0.01s Real=0.13s
...[428.228s][info][gc,start       ] GC(72) Pause Young (Normal) (G1 Evacuation Pause)
[428.228s][info][gc,task        ] GC(72) Using 8 workers of 8 for evacuation
[428.359s][info][gc,phases      ] GC(72)   Pre Evacuate Collection Set: 0.29ms
[428.359s][info][gc,phases      ] GC(72)   Merge Heap Roots: 0.49ms
[428.359s][info][gc,phases      ] GC(72)   Evacuate Collection Set: 129.76ms
[428.359s][info][gc,phases      ] GC(72)   Post Evacuate Collection Set: 0.95ms
[428.359s][info][gc,phases      ] GC(72)   Other: 0.06ms
[428.359s][info][gc,heap        ] GC(72) Eden regions: 437->0(476)
[428.359s][info][gc,heap        ] GC(72) Survivor regions: 34->36(59)
[428.359s][info][gc,heap        ] GC(72) Old regions: 200->207
[428.359s][info][gc,heap        ] GC(72) Humongous regions: 80->80
[428.359s][info][gc,metaspace   ] GC(72) Metaspace: 29800K(30336K)->29800K(30336K) NonClass: 26404K(26688K)->26404K(26688K) Class: 3395K(3648K)->3395K(3648K)
[428.359s][info][gc             ] GC(72) Pause Young (Normal) (G1 Evacuation Pause) 5962M->2543M(10240M) 131.677ms
[428.359s][info][gc,cpu         ] GC(72) User=1.03s Sys=0.00s Real=0.13s
....[431.847s][info][gc,start       ] GC(73) Pause Young (Normal) (G1 Evacuation Pause)
[431.847s][info][gc,task        ] GC(73) Using 8 workers of 8 for evacuation
[431.993s][info][gc,phases      ] GC(73)   Pre Evacuate Collection Set: 0.28ms
[431.993s][info][gc,phases      ] GC(73)   Merge Heap Roots: 0.50ms
[431.993s][info][gc,phases      ] GC(73)   Evacuate Collection Set: 144.25ms
[431.993s][info][gc,phases      ] GC(73)   Post Evacuate Collection Set: 0.96ms
[431.993s][info][gc,phases      ] GC(73)   Other: 0.06ms
[431.993s][info][gc,heap        ] GC(73) Eden regions: 476->0(474)
[431.993s][info][gc,heap        ] GC(73) Survivor regions: 36->40(64)
[431.993s][info][gc,heap        ] GC(73) Old regions: 207->214
[431.993s][info][gc,heap        ] GC(73) Humongous regions: 80->80
[431.993s][info][gc,metaspace   ] GC(73) Metaspace: 29800K(30336K)->29800K(30336K) NonClass: 26404K(26688K)->26404K(26688K) Class: 3395K(3648K)->3395K(3648K)
[431.993s][info][gc             ] GC(73) Pause Young (Normal) (G1 Evacuation Pause) 6351M->2634M(10240M) 146.178ms
[431.993s][info][gc,cpu         ] GC(73) User=1.15s Sys=0.00s Real=0.14s
.. (rIR:aIR:PR = 9238:9113:9112) (tPR = 134950) [OK] 
   433s:       rampup IR =  10393 .[435.003s][info][gc,start       ] GC(74) Pause Young (Normal) (G1 Evacuation Pause)
[435.003s][info][gc,task        ] GC(74) Using 8 workers of 8 for evacuation
[435.152s][info][gc,phases      ] GC(74)   Pre Evacuate Collection Set: 0.27ms
[435.152s][info][gc,phases      ] GC(74)   Merge Heap Roots: 0.51ms
[435.152s][info][gc,phases      ] GC(74)   Evacuate Collection Set: 147.09ms
[435.152s][info][gc,phases      ] GC(74)   Post Evacuate Collection Set: 0.95ms
[435.152s][info][gc,phases      ] GC(74)   Other: 0.06ms
[435.152s][info][gc,heap        ] GC(74) Eden regions: 473->0(505)
[435.152s][info][gc,heap        ] GC(74) Survivor regions: 40->41(65)
[435.152s][info][gc,heap        ] GC(74) Old regions: 214->221
[435.152s][info][gc,heap        ] GC(74) Humongous regions: 80->80
[435.152s][info][gc,metaspace   ] GC(74) Metaspace: 29800K(30336K)->29800K(30336K) NonClass: 26405K(26688K)->26405K(26688K) Class: 3395K(3648K)->3395K(3648K)
[435.152s][info][gc             ] GC(74) Pause Young (Normal) (G1 Evacuation Pause) 6418M->2700M(10240M) 149.006ms
[435.152s][info][gc,cpu         ] GC(74) User=1.17s Sys=0.00s Real=0.15s
... (rIR:aIR:PR = 10393:10287:10308) (tPR = 144667) [OK] 
   437s:       rampup IR =  11548 [438.361s][info][gc,start       ] GC(75) Pause Young (Normal) (G1 Evacuation Pause)
[438.361s][info][gc,task        ] GC(75) Using 8 workers of 8 for evacuation
[438.512s][info][gc,phases      ] GC(75)   Pre Evacuate Collection Set: 0.27ms
[438.512s][info][gc,phases      ] GC(75)   Merge Heap Roots: 0.52ms
[438.512s][info][gc,phases      ] GC(75)   Evacuate Collection Set: 148.66ms
[438.512s][info][gc,phases      ] GC(75)   Post Evacuate Collection Set: 1.09ms
[438.512s][info][gc,phases      ] GC(75)   Other: 0.07ms
[438.512s][info][gc,heap        ] GC(75) Eden regions: 503->0(543)
[438.512s][info][gc,heap        ] GC(75) Survivor regions: 41->42(68)
[438.512s][info][gc,heap        ] GC(75) Old regions: 221->229
[438.512s][info][gc,heap        ] GC(75) Humongous regions: 80->80
[438.512s][info][gc,metaspace   ] GC(75) Metaspace: 29807K(30336K)->29807K(30336K) NonClass: 26411K(26688K)->26411K(26688K) Class: 3395K(3648K)->3395K(3648K)
[438.512s][info][gc             ] GC(75) Pause Young (Normal) (G1 Evacuation Pause) 6724M->2772M(10240M) 150.748ms
[438.512s][info][gc,cpu         ] GC(75) User=1.18s Sys=0.00s Real=0.15s
...[441.457s][info][gc,start       ] GC(76) Pause Young (Normal) (G1 Evacuation Pause)
[441.457s][info][gc,task        ] GC(76) Using 8 workers of 8 for evacuation
[441.608s][info][gc,phases      ] GC(76)   Pre Evacuate Collection Set: 0.28ms
[441.608s][info][gc,phases      ] GC(76)   Merge Heap Roots: 0.56ms
[441.608s][info][gc,phases      ] GC(76)   Evacuate Collection Set: 149.09ms
[441.608s][info][gc,phases      ] GC(76)   Post Evacuate Collection Set: 1.07ms
[441.608s][info][gc,phases      ] GC(76)   Other: 0.06ms
[441.608s][info][gc,heap        ] GC(76) Eden regions: 541->0(582)
[441.608s][info][gc,heap        ] GC(76) Survivor regions: 42->43(73)
[441.608s][info][gc,heap        ] GC(76) Old regions: 229->236
[441.608s][info][gc,heap        ] GC(76) Humongous regions: 80->80
[441.608s][info][gc,metaspace   ] GC(76) Metaspace: 29807K(30336K)->29807K(30336K) NonClass: 26411K(26688K)->26411K(26688K) Class: 3395K(3648K)->3395K(3648K)
[441.608s][info][gc             ] GC(76) Pause Young (Normal) (G1 Evacuation Pause) 7100M->2830M(10240M) 151.184ms
[441.608s][info][gc,cpu         ] GC(76) User=1.19s Sys=0.00s Real=0.15s
....[444.880s][info][gc,start       ] GC(77) Pause Young (Normal) (G1 Evacuation Pause)
[444.880s][info][gc,task        ] GC(77) Using 8 workers of 8 for evacuation
[445.030s][info][gc,phases      ] GC(77)   Pre Evacuate Collection Set: 0.30ms
[445.030s][info][gc,phases      ] GC(77)   Merge Heap Roots: 0.53ms
[445.030s][info][gc,phases      ] GC(77)   Evacuate Collection Set: 147.61ms
[445.030s][info][gc,phases      ] GC(77)   Post Evacuate Collection Set: 1.08ms
[445.030s][info][gc,phases      ] GC(77)   Other: 0.06ms
[445.030s][info][gc,heap        ] GC(77) Eden regions: 578->0(649)
[445.030s][info][gc,heap        ] GC(77) Survivor regions: 43->43(78)
[445.030s][info][gc,heap        ] GC(77) Old regions: 236->243
[445.030s][info][gc,heap        ] GC(77) Humongous regions: 80->80
[445.030s][info][gc,metaspace   ] GC(77) Metaspace: 29807K(30336K)->29807K(30336K) NonClass: 26411K(26688K)->26411K(26688K) Class: 3395K(3648K)->3395K(3648K)
[445.030s][info][gc             ] GC(77) Pause Young (Normal) (G1 Evacuation Pause) 7454M->2890M(10240M) 149.705ms
[445.030s][info][gc,cpu         ] GC(77) User=1.18s Sys=0.01s Real=0.15s
. (rIR:aIR:PR = 11548:11969:12053) (tPR = 177368) [OK] 
   445s:       trying IR =  11648 ...[448.744s][info][gc,start       ] GC(78) Pause Young (Normal) (G1 Evacuation Pause)
[448.744s][info][gc,task        ] GC(78) Using 8 workers of 8 for evacuation
[448.903s][info][gc,phases      ] GC(78)   Pre Evacuate Collection Set: 0.30ms
[448.903s][info][gc,phases      ] GC(78)   Merge Heap Roots: 0.71ms
[448.903s][info][gc,phases      ] GC(78)   Evacuate Collection Set: 156.82ms
[448.903s][info][gc,phases      ] GC(78)   Post Evacuate Collection Set: 1.27ms
[448.903s][info][gc,phases      ] GC(78)   Other: 0.08ms
[448.903s][info][gc,heap        ] GC(78) Eden regions: 639->0(565)
[448.903s][info][gc,heap        ] GC(78) Survivor regions: 43->51(86)
[448.903s][info][gc,heap        ] GC(78) Old regions: 243->243
[448.903s][info][gc,heap        ] GC(78) Humongous regions: 80->80
[448.903s][info][gc,metaspace   ] GC(78) Metaspace: 29807K(30336K)->29807K(30336K) NonClass: 26411K(26688K)->26411K(26688K) Class: 3395K(3648K)->3395K(3648K)
[448.903s][info][gc             ] GC(78) Pause Young (Normal) (G1 Evacuation Pause) 8002M->2950M(10240M) 159.309ms
[448.903s][info][gc,cpu         ] GC(78) User=1.25s Sys=0.01s Real=0.16s
...[452.014s][info][gc,start       ] GC(79) Pause Young (Normal) (G1 Evacuation Pause)
[452.015s][info][gc,task        ] GC(79) Using 8 workers of 8 for evacuation
[452.182s][info][gc,phases      ] GC(79)   Pre Evacuate Collection Set: 0.27ms
[452.182s][info][gc,phases      ] GC(79)   Merge Heap Roots: 0.62ms
[452.182s][info][gc,phases      ] GC(79)   Evacuate Collection Set: 165.82ms
[452.182s][info][gc,phases      ] GC(79)   Post Evacuate Collection Set: 1.11ms
[452.182s][info][gc,phases      ] GC(79)   Other: 0.06ms
[452.182s][info][gc,heap        ] GC(79) Eden regions: 554->0(697)
[452.182s][info][gc,heap        ] GC(79) Survivor regions: 51->44(76)
[452.182s][info][gc,heap        ] GC(79) Old regions: 243->253
[452.182s][info][gc,heap        ] GC(79) Humongous regions: 80->80
[452.182s][info][gc,metaspace   ] GC(79) Metaspace: 29807K(30336K)->29807K(30336K) NonClass: 26411K(26688K)->26411K(26688K) Class: 3395K(3648K)->3395K(3648K)
[452.182s][info][gc             ] GC(79) Pause Young (Normal) (G1 Evacuation Pause) 7382M->2975M(10240M) 168.018ms
[452.183s][info][gc,cpu         ] GC(79) User=1.32s Sys=0.00s Real=0.17s
. (rIR:aIR:PR = 11648:11476:11320) (tPR = 163935) [OK] 
   452s:       trying IR =  11668 ...[456.105s][info][gc,start       ] GC(80) Pause Young (Normal) (G1 Evacuation Pause)
[456.105s][info][gc,task        ] GC(80) Using 8 workers of 8 for evacuation
[456.277s][info][gc,phases      ] GC(80)   Pre Evacuate Collection Set: 0.27ms
[456.277s][info][gc,phases      ] GC(80)   Merge Heap Roots: 0.63ms
[456.277s][info][gc,phases      ] GC(80)   Evacuate Collection Set: 169.61ms
[456.277s][info][gc,phases      ] GC(80)   Post Evacuate Collection Set: 1.42ms
[456.277s][info][gc,phases      ] GC(80)   Other: 0.06ms
[456.277s][info][gc,heap        ] GC(80) Eden regions: 689->0(544)
[456.277s][info][gc,heap        ] GC(80) Survivor regions: 44->53(92)
[456.277s][info][gc,heap        ] GC(80) Old regions: 253->253
[456.277s][info][gc,heap        ] GC(80) Humongous regions: 80->80
[456.277s][info][gc,metaspace   ] GC(80) Metaspace: 29808K(30336K)->29808K(30336K) NonClass: 26412K(26688K)->26412K(26688K) Class: 3395K(3648K)->3395K(3648K)
[456.277s][info][gc             ] GC(80) Pause Young (Normal) (G1 Evacuation Pause) 8487M->3043M(10240M) 172.137ms
[456.278s][info][gc,cpu         ] GC(80) User=1.36s Sys=0.00s Real=0.17s
. (rIR:aIR:PR = 11668:11727:11360) (tPR = 174765) [OK] 
   456s:       trying IR =  11692 ..[459.253s][info][gc,start       ] GC(81) Pause Young (Normal) (G1 Evacuation Pause)
[459.253s][info][gc,task        ] GC(81) Using 8 workers of 8 for evacuation
[459.421s][info][gc,phases      ] GC(81)   Pre Evacuate Collection Set: 0.29ms
[459.421s][info][gc,phases      ] GC(81)   Merge Heap Roots: 0.57ms
[459.421s][info][gc,phases      ] GC(81)   Evacuate Collection Set: 165.17ms
[459.421s][info][gc,phases      ] GC(81)   Post Evacuate Collection Set: 1.18ms
[459.421s][info][gc,phases      ] GC(81)   Other: 0.06ms
[459.421s][info][gc,heap        ] GC(81) Eden regions: 538->0(723)
[459.421s][info][gc,heap        ] GC(81) Survivor regions: 53->45(74)
[459.421s][info][gc,heap        ] GC(81) Old regions: 253->262
[459.421s][info][gc,heap        ] GC(81) Humongous regions: 80->80
[459.421s][info][gc,metaspace   ] GC(81) Metaspace: 29808K(30336K)->29808K(30336K) NonClass: 26412K(26688K)->26412K(26688K) Class: 3395K(3648K)->3395K(3648K)
[459.421s][info][gc             ] GC(81) Pause Young (Normal) (G1 Evacuation Pause) 7347M->3058M(10240M) 167.385ms
[459.421s][info][gc,cpu         ] GC(81) User=1.31s Sys=0.00s Real=0.17s
.. (rIR:aIR:PR = 11692:11490:11491) (tPR = 167106) [OK] 
   460s:       trying IR =  11721 ..[463.568s][info][gc,start       ] GC(82) Pause Young (Normal) (G1 Evacuation Pause)
[463.568s][info][gc,task        ] GC(82) Using 8 workers of 8 for evacuation
[463.731s][info][gc,phases      ] GC(82)   Pre Evacuate Collection Set: 0.29ms
[463.731s][info][gc,phases      ] GC(82)   Merge Heap Roots: 0.67ms
[463.731s][info][gc,phases      ] GC(82)   Evacuate Collection Set: 160.43ms
[463.731s][info][gc,phases      ] GC(82)   Post Evacuate Collection Set: 1.48ms
[463.731s][info][gc,phases      ] GC(82)   Other: 0.07ms
[463.731s][info][gc,heap        ] GC(82) Eden regions: 723->0(648)
[463.731s][info][gc,heap        ] GC(82) Survivor regions: 45->52(96)
[463.731s][info][gc,heap        ] GC(82) Old regions: 262->262
[463.731s][info][gc,heap        ] GC(82) Humongous regions: 80->80
[463.731s][info][gc,metaspace   ] GC(82) Metaspace: 29808K(30336K)->29808K(30336K) NonClass: 26412K(26688K)->26412K(26688K) Class: 3395K(3648K)->3395K(3648K)
[463.731s][info][gc             ] GC(82) Pause Young (Normal) (G1 Evacuation Pause) 8842M->3110M(10240M) 163.081ms
[463.731s][info][gc,cpu         ] GC(82) User=1.28s Sys=0.00s Real=0.16s
.... (rIR:aIR:PR = 11721:12237:12211) (tPR = 185032) [OK] 
   466s:       trying IR =  11755 [467.233s][info][gc,start       ] GC(83) Pause Young (Normal) (G1 Evacuation Pause)
[467.233s][info][gc,task        ] GC(83) Using 8 workers of 8 for evacuation
[467.405s][info][gc,phases      ] GC(83)   Pre Evacuate Collection Set: 0.29ms
[467.405s][info][gc,phases      ] GC(83)   Merge Heap Roots: 0.62ms
[467.405s][info][gc,phases      ] GC(83)   Evacuate Collection Set: 169.34ms
[467.405s][info][gc,phases      ] GC(83)   Post Evacuate Collection Set: 1.31ms
[467.405s][info][gc,phases      ] GC(83)   Other: 0.06ms
[467.405s][info][gc,heap        ] GC(83) Eden regions: 637->0(668)
[467.405s][info][gc,heap        ] GC(83) Survivor regions: 52->52(87)
[467.405s][info][gc,heap        ] GC(83) Old regions: 262->265
[467.405s][info][gc,heap        ] GC(83) Humongous regions: 80->80
[467.405s][info][gc,metaspace   ] GC(83) Metaspace: 29810K(30336K)->29810K(30336K) NonClass: 26415K(26688K)->26415K(26688K) Class: 3395K(3648K)->3395K(3648K)
[467.405s][info][gc             ] GC(83) Pause Young (Normal) (G1 Evacuation Pause) 8206M->3141M(10240M) 171.757ms
[467.405s][info][gc,cpu         ] GC(83) User=1.35s Sys=0.00s Real=0.17s
....[471.111s][info][gc,start       ] GC(84) Pause Young (Normal) (G1 Evacuation Pause)
[471.111s][info][gc,task        ] GC(84) Using 8 workers of 8 for evacuation
[471.284s][info][gc,phases      ] GC(84)   Pre Evacuate Collection Set: 0.29ms
[471.284s][info][gc,phases      ] GC(84)   Merge Heap Roots: 0.61ms
[471.284s][info][gc,phases      ] GC(84)   Evacuate Collection Set: 170.66ms
[471.284s][info][gc,phases      ] GC(84)   Post Evacuate Collection Set: 1.29ms
[471.284s][info][gc,phases      ] GC(84)   Other: 0.07ms
[471.284s][info][gc,heap        ] GC(84) Eden regions: 662->0(671)
[471.284s][info][gc,heap        ] GC(84) Survivor regions: 52->53(90)
[471.284s][info][gc,heap        ] GC(84) Old regions: 265->268
[471.284s][info][gc,heap        ] GC(84) Humongous regions: 80->80
[471.284s][info][gc,metaspace   ] GC(84) Metaspace: 29810K(30336K)->29810K(30336K) NonClass: 26415K(26688K)->26415K(26688K) Class: 3395K(3648K)->3395K(3648K)
[471.284s][info][gc             ] GC(84) Pause Young (Normal) (G1 Evacuation Pause) 8437M->3164M(10240M) 173.063ms
[471.284s][info][gc,cpu         ] GC(84) User=1.35s Sys=0.01s Real=0.17s
... (rIR:aIR:PR = 11755:11695:12023) (tPR = 171826) [OK] 
   473s:       trying IR =  11797 .[475.069s][info][gc,start       ] GC(85) Pause Young (Normal) (G1 Evacuation Pause)
[475.069s][info][gc,task        ] GC(85) Using 8 workers of 8 for evacuation
[475.241s][info][gc,phases      ] GC(85)   Pre Evacuate Collection Set: 0.30ms
[475.241s][info][gc,phases      ] GC(85)   Merge Heap Roots: 0.72ms
[475.241s][info][gc,phases      ] GC(85)   Evacuate Collection Set: 169.24ms
[475.241s][info][gc,phases      ] GC(85)   Post Evacuate Collection Set: 1.34ms
[475.241s][info][gc,phases      ] GC(85)   Other: 0.06ms
[475.241s][info][gc,heap        ] GC(85) Eden regions: 665->0(712)
[475.241s][info][gc,heap        ] GC(85) Survivor regions: 53->52(90)
[475.241s][info][gc,heap        ] GC(85) Old regions: 268->271
[475.241s][info][gc,heap        ] GC(85) Humongous regions: 80->80
[475.241s][info][gc,metaspace   ] GC(85) Metaspace: 29810K(30336K)->29810K(30336K) NonClass: 26415K(26688K)->26415K(26688K) Class: 3395K(3648K)->3395K(3648K)
[475.241s][info][gc             ] GC(85) Pause Young (Normal) (G1 Evacuation Pause) 8484M->3181M(10240M) 171.813ms
[475.241s][info][gc,cpu         ] GC(85) User=1.36s Sys=0.00s Real=0.17s
.... (rIR:aIR:PR = 11797:11671:11671) (tPR = 180589) [OK] 
   478s:       trying IR =  11847 [479.340s][info][gc,start       ] GC(86) Pause Young (Normal) (G1 Evacuation Pause)
[479.340s][info][gc,task        ] GC(86) Using 8 workers of 8 for evacuation
[479.518s][info][gc,phases      ] GC(86)   Pre Evacuate Collection Set: 0.30ms
[479.518s][info][gc,phases      ] GC(86)   Merge Heap Roots: 0.63ms
[479.518s][info][gc,phases      ] GC(86)   Evacuate Collection Set: 175.33ms
[479.518s][info][gc,phases      ] GC(86)   Post Evacuate Collection Set: 1.39ms
[479.518s][info][gc,phases      ] GC(86)   Other: 0.07ms
[479.518s][info][gc,heap        ] GC(86) Eden regions: 706->0(691)
[479.518s][info][gc,heap        ] GC(86) Survivor regions: 52->53(95)
[479.518s][info][gc,heap        ] GC(86) Old regions: 271->274
[479.518s][info][gc,heap        ] GC(86) Humongous regions: 80->80
[479.518s][info][gc,metaspace   ] GC(86) Metaspace: 29810K(30336K)->29810K(30336K) NonClass: 26415K(26688K)->26415K(26688K) Class: 3395K(3648K)->3395K(3648K)
[479.518s][info][gc             ] GC(86) Pause Young (Normal) (G1 Evacuation Pause) 8829M->3210M(10240M) 177.855ms
[479.518s][info][gc,cpu         ] GC(86) User=1.40s Sys=0.00s Real=0.18s
....[483.338s][info][gc,start       ] GC(87) Pause Young (Normal) (G1 Evacuation Pause)
[483.338s][info][gc,task        ] GC(87) Using 8 workers of 8 for evacuation
[483.515s][info][gc,phases      ] GC(87)   Pre Evacuate Collection Set: 0.29ms
[483.515s][info][gc,phases      ] GC(87)   Merge Heap Roots: 0.69ms
[483.515s][info][gc,phases      ] GC(87)   Evacuate Collection Set: 174.39ms
[483.515s][info][gc,phases      ] GC(87)   Post Evacuate Collection Set: 1.31ms
[483.515s][info][gc,phases      ] GC(87)   Other: 0.07ms
[483.515s][info][gc,heap        ] GC(87) Eden regions: 689->0(676)
[483.515s][info][gc,heap        ] GC(87) Survivor regions: 53->54(93)
[483.515s][info][gc,heap        ] GC(87) Old regions: 274->276
[483.515s][info][gc,heap        ] GC(87) Humongous regions: 80->80
[483.515s][info][gc,metaspace   ] GC(87) Metaspace: 29810K(30336K)->29810K(30336K) NonClass: 26415K(26688K)->26415K(26688K) Class: 3395K(3648K)->3395K(3648K)
[483.515s][info][gc             ] GC(87) Pause Young (Normal) (G1 Evacuation Pause) 8722M->3240M(10240M) 176.870ms
[483.515s][info][gc,cpu         ] GC(87) User=1.39s Sys=0.00s Real=0.17s
... (rIR:aIR:PR = 11847:11935:12089) (tPR = 176925) [OK] 
   485s:       trying IR =  11906 .[487.285s][info][gc,start       ] GC(88) Pause Young (Normal) (G1 Evacuation Pause)
[487.285s][info][gc,task        ] GC(88) Using 8 workers of 8 for evacuation
[487.459s][info][gc,phases      ] GC(88)   Pre Evacuate Collection Set: 0.26ms
[487.459s][info][gc,phases      ] GC(88)   Merge Heap Roots: 0.66ms
[487.459s][info][gc,phases      ] GC(88)   Evacuate Collection Set: 171.36ms
[487.459s][info][gc,phases      ] GC(88)   Post Evacuate Collection Set: 1.47ms
[487.459s][info][gc,phases      ] GC(88)   Other: 0.06ms
[487.459s][info][gc,heap        ] GC(88) Eden regions: 678->0(715)
[487.459s][info][gc,heap        ] GC(88) Survivor regions: 54->53(92)
[487.459s][info][gc,heap        ] GC(88) Old regions: 276->279
[487.459s][info][gc,heap        ] GC(88) Humongous regions: 80->80
[487.459s][info][gc,metaspace   ] GC(88) Metaspace: 29811K(30336K)->29811K(30336K) NonClass: 26416K(26688K)->26416K(26688K) Class: 3395K(3648K)->3395K(3648K)
[487.459s][info][gc             ] GC(88) Pause Young (Normal) (G1 Evacuation Pause) 8664M->3254M(10240M) 173.966ms
[487.459s][info][gc,cpu         ] GC(88) User=1.37s Sys=0.00s Real=0.17s
....[491.552s][info][gc,start       ] GC(89) Pause Young (Normal) (G1 Evacuation Pause)
[491.552s][info][gc,task        ] GC(89) Using 8 workers of 8 for evacuation
[491.728s][info][gc,phases      ] GC(89)   Pre Evacuate Collection Set: 0.29ms
[491.728s][info][gc,phases      ] GC(89)   Merge Heap Roots: 0.71ms
[491.728s][info][gc,phases      ] GC(89)   Evacuate Collection Set: 173.33ms
[491.728s][info][gc,phases      ] GC(89)   Post Evacuate Collection Set: 1.41ms
[491.728s][info][gc,phases      ] GC(89)   Other: 0.06ms
[491.728s][info][gc,heap        ] GC(89) Eden regions: 715->0(715)
[491.728s][info][gc,heap        ] GC(89) Survivor regions: 53->53(96)
[491.728s][info][gc,heap        ] GC(89) Old regions: 279->282
[491.728s][info][gc,heap        ] GC(89) Humongous regions: 80->80
[491.728s][info][gc,metaspace   ] GC(89) Metaspace: 29813K(30336K)->29813K(30336K) NonClass: 26417K(26688K)->26417K(26688K) Class: 3395K(3648K)->3395K(3648K)
[491.728s][info][gc             ] GC(89) Pause Young (Normal) (G1 Evacuation Pause) 8974M->3276M(10240M) 175.930ms
[491.728s][info][gc,cpu         ] GC(89) User=1.38s Sys=0.00s Real=0.18s
.... (rIR:aIR:PR = 11906:11602:11571) (tPR = 173943) [OK] 
   494s:       trying IR =  11978 [495.654s][info][gc,start       ] GC(90) Pause Young (Normal) (G1 Evacuation Pause)
[495.654s][info][gc,task        ] GC(90) Using 8 workers of 8 for evacuation
[495.830s][info][gc,phases      ] GC(90)   Pre Evacuate Collection Set: 0.28ms
[495.830s][info][gc,phases      ] GC(90)   Merge Heap Roots: 0.71ms
[495.830s][info][gc,phases      ] GC(90)   Evacuate Collection Set: 173.06ms
[495.830s][info][gc,phases      ] GC(90)   Post Evacuate Collection Set: 1.48ms
[495.830s][info][gc,phases      ] GC(90)   Other: 0.07ms
[495.830s][info][gc,heap        ] GC(90) Eden regions: 715->0(715)
[495.830s][info][gc,heap        ] GC(90) Survivor regions: 53->53(96)
[495.830s][info][gc,heap        ] GC(90) Old regions: 282->284
[495.830s][info][gc,heap        ] GC(90) Humongous regions: 80->80
[495.830s][info][gc,metaspace   ] GC(90) Metaspace: 29819K(30336K)->29819K(30336K) NonClass: 26423K(26688K)->26423K(26688K) Class: 3395K(3648K)->3395K(3648K)
[495.830s][info][gc             ] GC(90) Pause Young (Normal) (G1 Evacuation Pause) 8996M->3297M(10240M) 175.758ms
[495.830s][info][gc,cpu         ] GC(90) User=1.38s Sys=0.00s Real=0.18s
..... (rIR:aIR:PR = 11978:12006:12248) (tPR = 182192) [OK] 
   499s:       trying IR =  12064 [499.901s][info][gc,start       ] GC(91) Pause Young (Normal) (G1 Evacuation Pause)
[499.901s][info][gc,task        ] GC(91) Using 8 workers of 8 for evacuation
[500.073s][info][gc,phases      ] GC(91)   Pre Evacuate Collection Set: 0.30ms
[500.073s][info][gc,phases      ] GC(91)   Merge Heap Roots: 0.70ms
[500.073s][info][gc,phases      ] GC(91)   Evacuate Collection Set: 169.33ms
[500.073s][info][gc,phases      ] GC(91)   Post Evacuate Collection Set: 1.44ms
[500.073s][info][gc,phases      ] GC(91)   Other: 0.06ms
[500.073s][info][gc,heap        ] GC(91) Eden regions: 715->0(716)
[500.073s][info][gc,heap        ] GC(91) Survivor regions: 53->52(96)
[500.073s][info][gc,heap        ] GC(91) Old regions: 284->287
[500.073s][info][gc,heap        ] GC(91) Humongous regions: 80->80
[500.073s][info][gc,metaspace   ] GC(91) Metaspace: 29819K(30336K)->29819K(30336K) NonClass: 26423K(26688K)->26423K(26688K) Class: 3395K(3648K)->3395K(3648K)
[500.073s][info][gc             ] GC(91) Pause Young (Normal) (G1 Evacuation Pause) 9017M->3312M(10240M) 171.953ms
[500.073s][info][gc,cpu         ] GC(91) User=1.35s Sys=0.00s Real=0.17s
....[503.953s][info][gc,start       ] GC(92) Pause Young (Normal) (G1 Evacuation Pause)
[503.953s][info][gc,task        ] GC(92) Using 8 workers of 8 for evacuation
[504.123s][info][gc,phases      ] GC(92)   Pre Evacuate Collection Set: 0.32ms
[504.123s][info][gc,phases      ] GC(92)   Merge Heap Roots: 0.69ms
[504.123s][info][gc,phases      ] GC(92)   Evacuate Collection Set: 167.11ms
[504.123s][info][gc,phases      ] GC(92)   Post Evacuate Collection Set: 1.46ms
[504.123s][info][gc,phases      ] GC(92)   Other: 0.07ms
[504.123s][info][gc,heap        ] GC(92) Eden regions: 716->0(716)
[504.123s][info][gc,heap        ] GC(92) Survivor regions: 52->52(96)
[504.123s][info][gc,heap        ] GC(92) Old regions: 287->290
[504.123s][info][gc,heap        ] GC(92) Humongous regions: 80->80
[504.123s][info][gc,metaspace   ] GC(92) Metaspace: 29820K(30336K)->29820K(30336K) NonClass: 26424K(26688K)->26424K(26688K) Class: 3395K(3648K)->3395K(3648K)
[504.123s][info][gc             ] GC(92) Pause Young (Normal) (G1 Evacuation Pause) 9040M->3329M(10240M) 169.794ms
[504.123s][info][gc,cpu         ] GC(92) User=1.33s Sys=0.00s Real=0.17s
.. (rIR:aIR:PR = 12064:11680:12019) (tPR = 180696) [OK] 
   505s:       trying IR =  12167 ..[508.185s][info][gc,start       ] GC(93) Pause Young (Normal) (G1 Evacuation Pause)
[508.185s][info][gc,task        ] GC(93) Using 8 workers of 8 for evacuation
[508.365s][info][gc,phases      ] GC(93)   Pre Evacuate Collection Set: 0.30ms
[508.365s][info][gc,phases      ] GC(93)   Merge Heap Roots: 0.68ms
[508.365s][info][gc,phases      ] GC(93)   Evacuate Collection Set: 177.32ms
[508.365s][info][gc,phases      ] GC(93)   Post Evacuate Collection Set: 1.46ms
[508.365s][info][gc,phases      ] GC(93)   Other: 0.07ms
[508.365s][info][gc,heap        ] GC(93) Eden regions: 716->0(715)
[508.365s][info][gc,heap        ] GC(93) Survivor regions: 52->53(96)
[508.365s][info][gc,heap        ] GC(93) Old regions: 290->292
[508.365s][info][gc,heap        ] GC(93) Humongous regions: 80->80
[508.365s][info][gc,metaspace   ] GC(93) Metaspace: 29820K(30336K)->29820K(30336K) NonClass: 26425K(26688K)->26425K(26688K) Class: 3395K(3648K)->3395K(3648K)
[508.365s][info][gc             ] GC(93) Pause Young (Normal) (G1 Evacuation Pause) 9057M->3361M(10240M) 179.981ms
[508.365s][info][gc,cpu         ] GC(93) User=1.41s Sys=0.00s Real=0.18s
.... (rIR:aIR:PR = 12167:12090:12042) (tPR = 180098) [OK] 
   511s:       trying IR =  12291 [512.239s][info][gc,start       ] GC(94) Pause Young (Normal) (G1 Evacuation Pause)
[512.239s][info][gc,task        ] GC(94) Using 8 workers of 8 for evacuation
[512.418s][info][gc,phases      ] GC(94)   Pre Evacuate Collection Set: 0.31ms
[512.418s][info][gc,phases      ] GC(94)   Merge Heap Roots: 0.72ms
[512.418s][info][gc,phases      ] GC(94)   Evacuate Collection Set: 176.89ms
[512.418s][info][gc,phases      ] GC(94)   Post Evacuate Collection Set: 1.59ms
[512.418s][info][gc,phases      ] GC(94)   Other: 0.06ms
[512.418s][info][gc,heap        ] GC(94) Eden regions: 715->0(715)
[512.418s][info][gc,heap        ] GC(94) Survivor regions: 53->53(96)
[512.418s][info][gc,heap        ] GC(94) Old regions: 292->295
[512.418s][info][gc,heap        ] GC(94) Humongous regions: 80->80
[512.418s][info][gc,metaspace   ] GC(94) Metaspace: 29820K(30336K)->29820K(30336K) NonClass: 26425K(26688K)->26425K(26688K) Class: 3395K(3648K)->3395K(3648K)
[512.418s][info][gc             ] GC(94) Pause Young (Normal) (G1 Evacuation Pause) 9081M->3381M(10240M) 179.708ms
[512.418s][info][gc,cpu         ] GC(94) User=1.42s Sys=0.00s Real=0.18s
....[516.232s][info][gc,start       ] GC(95) Pause Young (Normal) (G1 Evacuation Pause)
[516.232s][info][gc,task        ] GC(95) Using 8 workers of 8 for evacuation
[516.412s][info][gc,phases      ] GC(95)   Pre Evacuate Collection Set: 0.31ms
[516.412s][info][gc,phases      ] GC(95)   Merge Heap Roots: 0.70ms
[516.412s][info][gc,phases      ] GC(95)   Evacuate Collection Set: 177.87ms
[516.412s][info][gc,phases      ] GC(95)   Post Evacuate Collection Set: 1.48ms
[516.412s][info][gc,phases      ] GC(95)   Other: 0.06ms
[516.412s][info][gc,heap        ] GC(95) Eden regions: 715->0(714)
[516.412s][info][gc,heap        ] GC(95) Survivor regions: 53->54(96)
[516.412s][info][gc,heap        ] GC(95) Old regions: 295->297
[516.412s][info][gc,heap        ] GC(95) Humongous regions: 80->80
[516.412s][info][gc,metaspace   ] GC(95) Metaspace: 29820K(30336K)->29820K(30336K) NonClass: 26425K(26688K)->26425K(26688K) Class: 3395K(3648K)->3395K(3648K)
[516.412s][info][gc             ] GC(95) Pause Young (Normal) (G1 Evacuation Pause) 9101M->3409M(10240M) 180.578ms
[516.412s][info][gc,cpu         ] GC(95) User=1.42s Sys=0.00s Real=0.18s
... (rIR:aIR:PR = 12291:12399:12706) (tPR = 185937) [OK] 
   518s:       trying IR =  12440 .[520.282s][info][gc,start       ] GC(96) Pause Young (Normal) (G1 Evacuation Pause)
[520.282s][info][gc,task        ] GC(96) Using 8 workers of 8 for evacuation
[520.457s][info][gc,phases      ] GC(96)   Pre Evacuate Collection Set: 0.30ms
[520.457s][info][gc,phases      ] GC(96)   Merge Heap Roots: 0.73ms
[520.457s][info][gc,phases      ] GC(96)   Evacuate Collection Set: 171.94ms
[520.457s][info][gc,phases      ] GC(96)   Post Evacuate Collection Set: 1.48ms
[520.457s][info][gc,phases      ] GC(96)   Other: 0.07ms
[520.457s][info][gc,heap        ] GC(96) Eden regions: 714->0(717)
[520.457s][info][gc,heap        ] GC(96) Survivor regions: 54->51(96)
[520.457s][info][gc,heap        ] GC(96) Old regions: 297->300
[520.457s][info][gc,heap        ] GC(96) Humongous regions: 80->80
[520.457s][info][gc,metaspace   ] GC(96) Metaspace: 29820K(30336K)->29820K(30336K) NonClass: 26425K(26688K)->26425K(26688K) Class: 3395K(3648K)->3395K(3648K)
[520.457s][info][gc             ] GC(96) Pause Young (Normal) (G1 Evacuation Pause) 9121M->3411M(10240M) 174.656ms
[520.457s][info][gc,cpu         ] GC(96) User=1.37s Sys=0.00s Real=0.18s
....[524.213s][info][gc,start       ] GC(97) Pause Young (Normal) (G1 Evacuation Pause)
[524.213s][info][gc,task        ] GC(97) Using 8 workers of 8 for evacuation
[524.391s][info][gc,phases      ] GC(97)   Pre Evacuate Collection Set: 0.29ms
[524.391s][info][gc,phases      ] GC(97)   Merge Heap Roots: 0.73ms
[524.391s][info][gc,phases      ] GC(97)   Evacuate Collection Set: 175.05ms
[524.391s][info][gc,phases      ] GC(97)   Post Evacuate Collection Set: 1.38ms
[524.391s][info][gc,phases      ] GC(97)   Other: 0.06ms
[524.391s][info][gc,heap        ] GC(97) Eden regions: 717->0(714)
[524.391s][info][gc,heap        ] GC(97) Survivor regions: 51->54(96)
[524.391s][info][gc,heap        ] GC(97) Old regions: 300->303
[524.391s][info][gc,heap        ] GC(97) Humongous regions: 80->80
[524.391s][info][gc,metaspace   ] GC(97) Metaspace: 29822K(30336K)->29822K(30336K) NonClass: 26426K(26688K)->26426K(26688K) Class: 3395K(3648K)->3395K(3648K)
[524.391s][info][gc             ] GC(97) Pause Young (Normal) (G1 Evacuation Pause) 9147M->3452M(10240M) 177.656ms
[524.391s][info][gc,cpu         ] GC(97) User=1.40s Sys=0.00s Real=0.18s
. (rIR:aIR:PR = 12440:12325:12013) (tPR = 183090) [OK] 
   524s:       trying IR =  12618 ...[528.218s][info][gc,start       ] GC(98) Pause Young (Normal) (G1 Evacuation Pause)
[528.218s][info][gc,task        ] GC(98) Using 8 workers of 8 for evacuation
[528.401s][info][gc,phases      ] GC(98)   Pre Evacuate Collection Set: 0.31ms
[528.401s][info][gc,phases      ] GC(98)   Merge Heap Roots: 0.82ms
[528.401s][info][gc,phases      ] GC(98)   Evacuate Collection Set: 180.37ms
[528.401s][info][gc,phases      ] GC(98)   Post Evacuate Collection Set: 1.40ms
[528.401s][info][gc,phases      ] GC(98)   Other: 0.07ms
[528.401s][info][gc,heap        ] GC(98) Eden regions: 714->0(684)
[528.401s][info][gc,heap        ] GC(98) Survivor regions: 54->55(96)
[528.401s][info][gc,heap        ] GC(98) Old regions: 303->305
[528.401s][info][gc,heap        ] GC(98) Humongous regions: 80->80
[528.401s][info][gc,metaspace   ] GC(98) Metaspace: 29822K(30336K)->29822K(30336K) NonClass: 26426K(26688K)->26426K(26688K) Class: 3395K(3648K)->3395K(3648K)
[528.401s][info][gc             ] GC(98) Pause Young (Normal) (G1 Evacuation Pause) 9164M->3480M(10240M) 183.111ms
[528.401s][info][gc,cpu         ] GC(98) User=1.44s Sys=0.00s Real=0.18s
.... (rIR:aIR:PR = 12618:12687:12575) (tPR = 184687) [OK] 
   531s:       trying IR =  12832 [531.963s][info][gc,start       ] GC(99) Pause Young (Normal) (G1 Evacuation Pause)
[531.963s][info][gc,task        ] GC(99) Using 8 workers of 8 for evacuation
[532.135s][info][gc,phases      ] GC(99)   Pre Evacuate Collection Set: 0.32ms
[532.135s][info][gc,phases      ] GC(99)   Merge Heap Roots: 0.70ms
[532.135s][info][gc,phases      ] GC(99)   Evacuate Collection Set: 169.26ms
[532.135s][info][gc,phases      ] GC(99)   Post Evacuate Collection Set: 1.47ms
[532.135s][info][gc,phases      ] GC(99)   Other: 0.06ms
[532.135s][info][gc,heap        ] GC(99) Eden regions: 692->0(717)
[532.135s][info][gc,heap        ] GC(99) Survivor regions: 55->51(94)
[532.135s][info][gc,heap        ] GC(99) Old regions: 305->308
[532.135s][info][gc,heap        ] GC(99) Humongous regions: 80->80
[532.135s][info][gc,metaspace   ] GC(99) Metaspace: 29822K(30336K)->29822K(30336K) NonClass: 26426K(26688K)->26426K(26688K) Class: 3395K(3648K)->3395K(3648K)
[532.135s][info][gc             ] GC(99) Pause Young (Normal) (G1 Evacuation Pause) 9016M->3469M(10240M) 171.958ms
[532.135s][info][gc,cpu         ] GC(99) User=1.36s Sys=0.00s Real=0.18s
...[535.764s][info][gc,start       ] GC(100) Pause Young (Normal) (G1 Evacuation Pause)
[535.764s][info][gc,task        ] GC(100) Using 8 workers of 8 for evacuation
[535.943s][info][gc,phases      ] GC(100)   Pre Evacuate Collection Set: 0.30ms
[535.944s][info][gc,phases      ] GC(100)   Merge Heap Roots: 0.73ms
[535.944s][info][gc,phases      ] GC(100)   Evacuate Collection Set: 176.88ms
[535.944s][info][gc,phases      ] GC(100)   Post Evacuate Collection Set: 1.40ms
[535.944s][info][gc,phases      ] GC(100)   Other: 0.07ms
[535.944s][info][gc,heap        ] GC(100) Eden regions: 717->0(712)
[535.944s][info][gc,heap        ] GC(100) Survivor regions: 51->54(96)
[535.944s][info][gc,heap        ] GC(100) Old regions: 308->311
[535.944s][info][gc,heap        ] GC(100) Humongous regions: 80->80
[535.944s][info][gc,metaspace   ] GC(100) Metaspace: 29822K(30336K)->29822K(30336K) NonClass: 26426K(26688K)->26426K(26688K) Class: 3395K(3648K)->3395K(3648K)
[535.944s][info][gc             ] GC(100) Pause Young (Normal) (G1 Evacuation Pause) 9205M->3514M(10240M) 180.400ms
[535.944s][info][gc,cpu         ] GC(100) User=1.41s Sys=0.00s Real=0.18s
... (rIR:aIR:PR = 12832:12992:12776) (tPR = 192542) [OK] 
   537s:       trying IR =  13089 .[539.641s][info][gc,start       ] GC(101) Pause Young (Normal) (G1 Evacuation Pause)
[539.641s][info][gc,task        ] GC(101) Using 8 workers of 8 for evacuation
[539.819s][info][gc,phases      ] GC(101)   Pre Evacuate Collection Set: 0.29ms
[539.819s][info][gc,phases      ] GC(101)   Merge Heap Roots: 0.69ms
[539.819s][info][gc,phases      ] GC(101)   Evacuate Collection Set: 175.65ms
[539.819s][info][gc,phases      ] GC(101)   Post Evacuate Collection Set: 1.46ms
[539.819s][info][gc,phases      ] GC(101)   Other: 0.08ms
[539.819s][info][gc,heap        ] GC(101) Eden regions: 714->0(714)
[539.819s][info][gc,heap        ] GC(101) Survivor regions: 54->54(96)
[539.819s][info][gc,heap        ] GC(101) Old regions: 311->313
[539.819s][info][gc,heap        ] GC(101) Humongous regions: 80->80
[539.819s][info][gc,metaspace   ] GC(101) Metaspace: 29824K(30336K)->29824K(30336K) NonClass: 26428K(26688K)->26428K(26688K) Class: 3395K(3648K)->3395K(3648K)
[539.819s][info][gc             ] GC(101) Pause Young (Normal) (G1 Evacuation Pause) 9226M->3534M(10240M) 178.306ms
[539.819s][info][gc,cpu         ] GC(101) User=1.40s Sys=0.00s Real=0.18s
....[543.586s][info][gc,start       ] GC(102) Pause Young (Normal) (G1 Evacuation Pause)
[543.586s][info][gc,task        ] GC(102) Using 8 workers of 8 for evacuation
[543.761s][info][gc,phases      ] GC(102)   Pre Evacuate Collection Set: 0.28ms
[543.761s][info][gc,phases      ] GC(102)   Merge Heap Roots: 0.70ms
[543.761s][info][gc,phases      ] GC(102)   Evacuate Collection Set: 172.83ms
[543.761s][info][gc,phases      ] GC(102)   Post Evacuate Collection Set: 1.38ms
[543.761s][info][gc,phases      ] GC(102)   Other: 0.06ms
[543.761s][info][gc,heap        ] GC(102) Eden regions: 714->0(714)
[543.761s][info][gc,heap        ] GC(102) Survivor regions: 54->53(96)
[543.761s][info][gc,heap        ] GC(102) Old regions: 313->316
[543.761s][info][gc,heap        ] GC(102) Humongous regions: 80->80
[543.761s][info][gc,metaspace   ] GC(102) Metaspace: 29824K(30336K)->29824K(30336K) NonClass: 26428K(26688K)->26428K(26688K) Class: 3395K(3648K)->3395K(3648K)
[543.761s][info][gc             ] GC(102) Pause Young (Normal) (G1 Evacuation Pause) 9246M->3551M(10240M) 175.391ms
[543.762s][info][gc,cpu         ] GC(102) User=1.39s Sys=0.00s Real=0.17s
....[547.434s][info][gc,start       ] GC(103) Pause Young (Normal) (G1 Evacuation Pause)
[547.434s][info][gc,task        ] GC(103) Using 8 workers of 8 for evacuation
[547.612s][info][gc,phases      ] GC(103)   Pre Evacuate Collection Set: 0.30ms
[547.612s][info][gc,phases      ] GC(103)   Merge Heap Roots: 0.73ms
[547.612s][info][gc,phases      ] GC(103)   Evacuate Collection Set: 176.13ms
[547.612s][info][gc,phases      ] GC(103)   Post Evacuate Collection Set: 1.41ms
[547.612s][info][gc,phases      ] GC(103)   Other: 0.07ms
[547.612s][info][gc,heap        ] GC(103) Eden regions: 714->0(712)
[547.612s][info][gc,heap        ] GC(103) Survivor regions: 53->53(96)
[547.612s][info][gc,heap        ] GC(103) Old regions: 316->318
[547.612s][info][gc,heap        ] GC(103) Humongous regions: 80->80
[547.612s][info][gc,metaspace   ] GC(103) Metaspace: 29824K(30336K)->29824K(30336K) NonClass: 26428K(26688K)->26428K(26688K) Class: 3395K(3648K)->3395K(3648K)
[547.612s][info][gc             ] GC(103) Pause Young (Normal) (G1 Evacuation Pause) 9263M->3572M(10240M) 178.768ms
[547.612s][info][gc,cpu         ] GC(103) User=1.41s Sys=0.00s Real=0.18s
....[551.343s][info][gc,start       ] GC(104) Pause Young (Normal) (G1 Evacuation Pause)
[551.343s][info][gc,task        ] GC(104) Using 8 workers of 8 for evacuation
[551.524s][info][gc,phases      ] GC(104)   Pre Evacuate Collection Set: 0.28ms
[551.525s][info][gc,phases      ] GC(104)   Merge Heap Roots: 0.70ms
[551.525s][info][gc,phases      ] GC(104)   Evacuate Collection Set: 179.17ms
[551.525s][info][gc,phases      ] GC(104)   Post Evacuate Collection Set: 1.36ms
[551.525s][info][gc,phases      ] GC(104)   Other: 0.06ms
[551.525s][info][gc,heap        ] GC(104) Eden regions: 712->0(689)
[551.525s][info][gc,heap        ] GC(104) Survivor regions: 53->55(96)
[551.525s][info][gc,heap        ] GC(104) Old regions: 318->321
[551.525s][info][gc,heap        ] GC(104) Humongous regions: 80->80
[551.525s][info][gc,metaspace   ] GC(104) Metaspace: 29824K(30336K)->29824K(30336K) NonClass: 26428K(26688K)->26428K(26688K) Class: 3395K(3648K)->3395K(3648K)
[551.525s][info][gc             ] GC(104) Pause Young (Normal) (G1 Evacuation Pause) 9268M->3605M(10240M) 181.725ms
[551.525s][info][gc,cpu         ] GC(104) User=1.43s Sys=0.01s Real=0.18s
.... (rIR:aIR:PR = 13089:13004:12512) (tPR = 185540) [OK] 
   554s:       trying IR =  13397 [555.132s][info][gc,start       ] GC(105) Pause Young (Normal) (G1 Evacuation Pause)
[555.132s][info][gc,task        ] GC(105) Using 8 workers of 8 for evacuation
[555.305s][info][gc,phases      ] GC(105)   Pre Evacuate Collection Set: 0.27ms
[555.305s][info][gc,phases      ] GC(105)   Merge Heap Roots: 0.68ms
[555.305s][info][gc,phases      ] GC(105)   Evacuate Collection Set: 170.81ms
[555.305s][info][gc,phases      ] GC(105)   Post Evacuate Collection Set: 1.33ms
[555.305s][info][gc,phases      ] GC(105)   Other: 0.07ms
[555.305s][info][gc,heap        ] GC(105) Eden regions: 693->0(715)
[555.305s][info][gc,heap        ] GC(105) Survivor regions: 55->46(94)
[555.305s][info][gc,heap        ] GC(105) Old regions: 321->329
[555.305s][info][gc,heap        ] GC(105) Humongous regions: 80->80
[555.305s][info][gc,metaspace   ] GC(105) Metaspace: 29824K(30336K)->29824K(30336K) NonClass: 26428K(26688K)->26428K(26688K) Class: 3395K(3648K)->3395K(3648K)
[555.305s][info][gc             ] GC(105) Pause Young (Normal) (G1 Evacuation Pause) 9149M->3605M(10240M) 173.302ms
[555.305s][info][gc,cpu         ] GC(105) User=1.36s Sys=0.00s Real=0.18s
...[558.918s][info][gc,start       ] GC(106) Pause Young (Normal) (G1 Evacuation Pause)
[558.918s][info][gc,task        ] GC(106) Using 8 workers of 8 for evacuation
[559.091s][info][gc,phases      ] GC(106)   Pre Evacuate Collection Set: 0.27ms
[559.091s][info][gc,phases      ] GC(106)   Merge Heap Roots: 0.68ms
[559.091s][info][gc,phases      ] GC(106)   Evacuate Collection Set: 170.81ms
[559.091s][info][gc,phases      ] GC(106)   Post Evacuate Collection Set: 1.35ms
[559.091s][info][gc,phases      ] GC(106)   Other: 0.08ms
[559.091s][info][gc,heap        ] GC(106) Eden regions: 715->0(684)
[559.091s][info][gc,heap        ] GC(106) Survivor regions: 46->55(96)
[559.091s][info][gc,heap        ] GC(106) Old regions: 329->329
[559.091s][info][gc,heap        ] GC(106) Humongous regions: 80->80
[559.091s][info][gc,metaspace   ] GC(106) Metaspace: 29824K(30336K)->29824K(30336K) NonClass: 26428K(26688K)->26428K(26688K) Class: 3395K(3648K)->3395K(3648K)
[559.091s][info][gc             ] GC(106) Pause Young (Normal) (G1 Evacuation Pause) 9325M->3677M(10240M) 173.337ms
[559.091s][info][gc,cpu         ] GC(106) User=1.36s Sys=0.00s Real=0.17s
....[562.624s][info][gc,start       ] GC(107) Pause Young (Normal) (G1 Evacuation Pause)
[562.624s][info][gc,task        ] GC(107) Using 8 workers of 8 for evacuation
[562.796s][info][gc,phases      ] GC(107)   Pre Evacuate Collection Set: 0.28ms
[562.796s][info][gc,phases      ] GC(107)   Merge Heap Roots: 0.70ms
[562.796s][info][gc,phases      ] GC(107)   Evacuate Collection Set: 169.88ms
[562.796s][info][gc,phases      ] GC(107)   Post Evacuate Collection Set: 1.29ms
[562.796s][info][gc,phases      ] GC(107)   Other: 0.06ms
[562.796s][info][gc,heap        ] GC(107) Eden regions: 683->0(705)
[562.796s][info][gc,heap        ] GC(107) Survivor regions: 55->47(93)
[562.796s][info][gc,heap        ] GC(107) Old regions: 329->337
[562.796s][info][gc,heap        ] GC(107) Humongous regions: 80->80
[562.796s][info][gc,metaspace   ] GC(107) Metaspace: 29824K(30336K)->29824K(30336K) NonClass: 26428K(26688K)->26428K(26688K) Class: 3395K(3648K)->3395K(3648K)
[562.796s][info][gc             ] GC(107) Pause Young (Normal) (G1 Evacuation Pause) 9141M->3673M(10240M) 172.349ms
[562.796s][info][gc,cpu         ] GC(107) User=1.35s Sys=0.00s Real=0.18s
....[566.465s][info][gc,start       ] GC(108) Pause Young (Normal) (G1 Evacuation Pause)
[566.465s][info][gc,task        ] GC(108) Using 8 workers of 8 for evacuation
[566.635s][info][gc,phases      ] GC(108)   Pre Evacuate Collection Set: 0.29ms
[566.635s][info][gc,phases      ] GC(108)   Merge Heap Roots: 0.68ms
[566.635s][info][gc,phases      ] GC(108)   Evacuate Collection Set: 167.86ms
[566.635s][info][gc,phases      ] GC(108)   Post Evacuate Collection Set: 1.36ms
[566.635s][info][gc,phases      ] GC(108)   Other: 0.07ms
[566.635s][info][gc,heap        ] GC(108) Eden regions: 705->0(693)
[566.635s][info][gc,heap        ] GC(108) Survivor regions: 47->53(94)
[566.635s][info][gc,heap        ] GC(108) Old regions: 337->337
[566.635s][info][gc,heap        ] GC(108) Humongous regions: 80->80
[566.635s][info][gc,metaspace   ] GC(108) Metaspace: 29824K(30336K)->29824K(30336K) NonClass: 26428K(26688K)->26428K(26688K) Class: 3395K(3648K)->3395K(3648K)
[566.635s][info][gc             ] GC(108) Pause Young (Normal) (G1 Evacuation Pause) 9313M->3725M(10240M) 170.398ms
[566.635s][info][gc,cpu         ] GC(108) User=1.34s Sys=0.00s Real=0.18s
....[570.240s][info][gc,start       ] GC(109) Pause Young (Normal) (G1 Evacuation Pause)
[570.240s][info][gc,task        ] GC(109) Using 8 workers of 8 for evacuation
[570.414s][info][gc,phases      ] GC(109)   Pre Evacuate Collection Set: 0.28ms
[570.414s][info][gc,phases      ] GC(109)   Merge Heap Roots: 0.69ms
[570.414s][info][gc,phases      ] GC(109)   Evacuate Collection Set: 171.29ms
[570.414s][info][gc,phases      ] GC(109)   Post Evacuate Collection Set: 1.36ms
[570.414s][info][gc,phases      ] GC(109)   Other: 0.07ms
[570.414s][info][gc,heap        ] GC(109) Eden regions: 693->0(692)
[570.414s][info][gc,heap        ] GC(109) Survivor regions: 53->52(94)
[570.414s][info][gc,heap        ] GC(109) Old regions: 337->340
[570.414s][info][gc,heap        ] GC(109) Humongous regions: 80->80
[570.414s][info][gc,metaspace   ] GC(109) Metaspace: 29826K(30336K)->29826K(30336K) NonClass: 26430K(26688K)->26430K(26688K) Class: 3395K(3648K)->3395K(3648K)
[570.414s][info][gc             ] GC(109) Pause Young (Normal) (G1 Evacuation Pause) 9269M->3736M(10240M) 173.830ms
[570.414s][info][gc,cpu         ] GC(109) User=1.37s Sys=0.00s Real=0.17s
...[573.894s][info][gc,start       ] GC(110) Pause Young (Normal) (G1 Evacuation Pause)
[573.894s][info][gc,task        ] GC(110) Using 8 workers of 8 for evacuation
[574.073s][info][gc,phases      ] GC(110)   Pre Evacuate Collection Set: 0.29ms
[574.073s][info][gc,phases      ] GC(110)   Merge Heap Roots: 0.69ms
[574.073s][info][gc,phases      ] GC(110)   Evacuate Collection Set: 176.74ms
[574.073s][info][gc,phases      ] GC(110)   Post Evacuate Collection Set: 1.33ms
[574.073s][info][gc,phases      ] GC(110)   Other: 0.07ms
[574.073s][info][gc,heap        ] GC(110) Eden regions: 692->0(685)
[574.073s][info][gc,heap        ] GC(110) Survivor regions: 52->54(93)
[574.073s][info][gc,heap        ] GC(110) Old regions: 340->343
[574.073s][info][gc,heap        ] GC(110) Humongous regions: 80->80
[574.073s][info][gc,metaspace   ] GC(110) Metaspace: 29826K(30336K)->29826K(30336K) NonClass: 26430K(26688K)->26430K(26688K) Class: 3395K(3648K)->3395K(3648K)
[574.073s][info][gc             ] GC(110) Pause Young (Normal) (G1 Evacuation Pause) 9272M->3773M(10240M) 179.251ms
[574.073s][info][gc,cpu         ] GC(110) User=1.40s Sys=0.00s Real=0.18s
....[577.693s][info][gc,start       ] GC(111) Pause Young (Normal) (G1 Evacuation Pause)
[577.693s][info][gc,task        ] GC(111) Using 8 workers of 8 for evacuation
[577.871s][info][gc,phases      ] GC(111)   Pre Evacuate Collection Set: 0.29ms
[577.871s][info][gc,phases      ] GC(111)   Merge Heap Roots: 0.69ms
[577.871s][info][gc,phases      ] GC(111)   Evacuate Collection Set: 175.62ms
[577.871s][info][gc,phases      ] GC(111)   Post Evacuate Collection Set: 1.31ms
[577.871s][info][gc,phases      ] GC(111)   Other: 0.07ms
[577.871s][info][gc,heap        ] GC(111) Eden regions: 685->0(684)
[577.871s][info][gc,heap        ] GC(111) Survivor regions: 54->53(93)
[577.871s][info][gc,heap        ] GC(111) Old regions: 343->346
[577.871s][info][gc,heap        ] GC(111) Humongous regions: 80->80
[577.871s][info][gc,metaspace   ] GC(111) Metaspace: 29826K(30336K)->29826K(30336K) NonClass: 26430K(26688K)->26430K(26688K) Class: 3395K(3648K)->3395K(3648K)
[577.871s][info][gc             ] GC(111) Pause Young (Normal) (G1 Evacuation Pause) 9253M->3792M(10240M) 178.114ms
[577.871s][info][gc,cpu         ] GC(111) User=1.40s Sys=0.00s Real=0.18s
....[581.409s][info][gc,start       ] GC(112) Pause Young (Normal) (G1 Evacuation Pause)
[581.410s][info][gc,task        ] GC(112) Using 8 workers of 8 for evacuation
[581.596s][info][gc,phases      ] GC(112)   Pre Evacuate Collection Set: 0.28ms
[581.596s][info][gc,phases      ] GC(112)   Merge Heap Roots: 0.68ms
[581.596s][info][gc,phases      ] GC(112)   Evacuate Collection Set: 183.76ms
[581.596s][info][gc,phases      ] GC(112)   Post Evacuate Collection Set: 1.31ms
[581.596s][info][gc,phases      ] GC(112)   Other: 0.06ms
[581.596s][info][gc,heap        ] GC(112) Eden regions: 684->0(629)
[581.596s][info][gc,heap        ] GC(112) Survivor regions: 53->56(93)
[581.596s][info][gc,heap        ] GC(112) Old regions: 346->349
[581.596s][info][gc,heap        ] GC(112) Humongous regions: 80->80
[581.596s][info][gc,metaspace   ] GC(112) Metaspace: 29826K(30336K)->29826K(30336K) NonClass: 26430K(26688K)->26430K(26688K) Class: 3395K(3648K)->3395K(3648K)
[581.596s][info][gc             ] GC(112) Pause Young (Normal) (G1 Evacuation Pause) 9264M->3838M(10240M) 186.222ms
[581.596s][info][gc,cpu         ] GC(112) User=1.47s Sys=0.00s Real=0.19s
...[584.877s][info][gc,start       ] GC(113) Pause Young (Normal) (G1 Evacuation Pause)
[584.878s][info][gc,task        ] GC(113) Using 8 workers of 8 for evacuation
[585.055s][info][gc,phases      ] GC(113)   Pre Evacuate Collection Set: 0.28ms
[585.055s][info][gc,phases      ] GC(113)   Merge Heap Roots: 0.67ms
[585.055s][info][gc,phases      ] GC(113)   Evacuate Collection Set: 175.55ms
[585.055s][info][gc,phases      ] GC(113)   Post Evacuate Collection Set: 1.21ms
[585.055s][info][gc,phases      ] GC(113)   Other: 0.07ms
[585.055s][info][gc,heap        ] GC(113) Eden regions: 631->0(682)
[585.055s][info][gc,heap        ] GC(113) Survivor regions: 56->48(86)
[585.055s][info][gc,heap        ] GC(113) Old regions: 349->358
[585.055s][info][gc,heap        ] GC(113) Humongous regions: 80->80
[585.055s][info][gc,metaspace   ] GC(113) Metaspace: 29826K(30336K)->29826K(30336K) NonClass: 26430K(26688K)->26430K(26688K) Class: 3395K(3648K)->3395K(3648K)
[585.055s][info][gc             ] GC(113) Pause Young (Normal) (G1 Evacuation Pause) 8886M->3847M(10240M) 177.943ms
[585.055s][info][gc,cpu         ] GC(113) User=1.41s Sys=0.00s Real=0.18s
. (rIR:aIR:PR = 13397:13352:12446) (tPR = 183921) [PR is under limit] 
   584s: Re-initializing (term) [585.223s][info][gc,start       ] GC(114) Pause Full (System.gc())
[585.223s][info][gc,task        ] GC(114) Using 8 workers of 8 for full compaction
[585.223s][info][gc,phases,start] GC(114) Phase 1: Mark live objects
[585.240s][info][gc,phases      ] GC(114) Phase 1: Mark live objects 16.333ms
[585.240s][info][gc,phases,start] GC(114) Phase 2: Prepare compaction
[585.244s][info][gc,phases      ] GC(114) Phase 2: Prepare compaction 4.737ms
[585.244s][info][gc,phases,start] GC(114) Phase 3: Adjust pointers
[585.255s][info][gc,phases      ] GC(114) Phase 3: Adjust pointers 10.867ms
[585.255s][info][gc,phases,start] GC(114) Phase 4: Compact heap
[585.260s][info][gc,phases      ] GC(114) Phase 4: Compact heap 4.901ms
[585.260s][info][gc,phases,start] GC(114) Phase 5: Reset Metadata
[585.264s][info][gc,phases      ] GC(114) Phase 5: Reset Metadata 4.037ms
[585.276s][info][gc,heap        ] GC(114) Eden regions: 27->0(768)
[585.276s][info][gc,heap        ] GC(114) Survivor regions: 48->0(86)
[585.276s][info][gc,heap        ] GC(114) Old regions: 358->13
[585.276s][info][gc,heap        ] GC(114) Humongous regions: 80->32
[585.276s][info][gc,metaspace   ] GC(114) Metaspace: 29828K(30336K)->29828K(30336K) NonClass: 26433K(26688K)->26433K(26688K) Class: 3395K(3648K)->3395K(3648K)
[585.276s][info][gc             ] GC(114) Pause Full (System.gc()) 4055M->325M(10240M) 52.639ms
[585.276s][info][gc,cpu         ] GC(114) User=0.34s Sys=0.00s Real=0.06s
(init) ... OK
   590s: Searching from base IR = 13089
   590s:       rampup IR =      0 ... (rIR:aIR:PR = 0:0:0) (tPR = 0) [OK] 
   593s:       rampup IR =   1309 .... (rIR:aIR:PR = 1309:1284:1284) (tPR = 19662) [OK] 
   597s:       rampup IR =   2618 .... (rIR:aIR:PR = 2618:2605:2605) (tPR = 39601) [OK] 
   601s:       rampup IR =   3927 .[603.015s][info][gc,start       ] GC(115) Pause Young (Normal) (G1 Evacuation Pause)
[603.015s][info][gc,task        ] GC(115) Using 8 workers of 8 for evacuation
[603.756s][info][gc,mmu         ] GC(115) MMU target violated: 201.0ms (200.0ms/201.0ms)
[603.756s][info][gc,phases      ] GC(115)   Pre Evacuate Collection Set: 0.29ms
[603.756s][info][gc,phases      ] GC(115)   Merge Heap Roots: 0.97ms
[603.756s][info][gc,phases      ] GC(115)   Evacuate Collection Set: 738.32ms
[603.756s][info][gc,phases      ] GC(115)   Post Evacuate Collection Set: 1.69ms
[603.756s][info][gc,phases      ] GC(115)   Other: 0.11ms
[603.756s][info][gc,heap        ] GC(115) Eden regions: 768->0(364)
[603.756s][info][gc,heap        ] GC(115) Survivor regions: 0->96(96)
[603.756s][info][gc,heap        ] GC(115) Old regions: 13->66
[603.756s][info][gc,heap        ] GC(115) Humongous regions: 85->80
[603.756s][info][gc,metaspace   ] GC(115) Metaspace: 29858K(30400K)->29858K(30400K) NonClass: 26461K(26752K)->26461K(26752K) Class: 3397K(3648K)->3397K(3648K)
[603.756s][info][gc             ] GC(115) Pause Young (Normal) (G1 Evacuation Pause) 6893M->1897M(10240M) 741.485ms
[603.757s][info][gc,cpu         ] GC(115) User=5.86s Sys=0.00s Real=0.74s
.... (rIR:aIR:PR = 3927:3929:3929) (tPR = 56650) [OK] 
   606s:       rampup IR =   5236 .[608.542s][info][gc,start       ] GC(116) Pause Young (Normal) (G1 Evacuation Pause)
[608.542s][info][gc,task        ] GC(116) Using 8 workers of 8 for evacuation
[608.964s][info][gc,mmu         ] GC(116) MMU target violated: 201.0ms (200.0ms/201.0ms)
[608.964s][info][gc,phases      ] GC(116)   Pre Evacuate Collection Set: 0.27ms
[608.964s][info][gc,phases      ] GC(116)   Merge Heap Roots: 0.84ms
[608.964s][info][gc,phases      ] GC(116)   Evacuate Collection Set: 419.52ms
[608.964s][info][gc,phases      ] GC(116)   Post Evacuate Collection Set: 0.80ms
[608.964s][info][gc,phases      ] GC(116)   Other: 0.09ms
[608.964s][info][gc,heap        ] GC(116) Eden regions: 356->0(239)
[608.964s][info][gc,heap        ] GC(116) Survivor regions: 96->21(57)
[608.964s][info][gc,heap        ] GC(116) Old regions: 66->159
[608.964s][info][gc,heap        ] GC(116) Humongous regions: 80->80
[608.964s][info][gc,metaspace   ] GC(116) Metaspace: 29859K(30400K)->29859K(30400K) NonClass: 26462K(26752K)->26462K(26752K) Class: 3397K(3648K)->3397K(3648K)
[608.964s][info][gc             ] GC(116) Pause Young (Normal) (G1 Evacuation Pause) 4745M->2045M(10240M) 421.643ms
[608.964s][info][gc,cpu         ] GC(116) User=3.33s Sys=0.00s Real=0.42s
.... (rIR:aIR:PR = 5236:5283:5283) (tPR = 79709) [OK] 
   611s:       rampup IR =   6545 [612.703s][info][gc,start       ] GC(117) Pause Young (Normal) (G1 Evacuation Pause)
[612.703s][info][gc,task        ] GC(117) Using 8 workers of 8 for evacuation
[612.809s][info][gc,phases      ] GC(117)   Pre Evacuate Collection Set: 0.26ms
[612.809s][info][gc,phases      ] GC(117)   Merge Heap Roots: 0.45ms
[612.809s][info][gc,phases      ] GC(117)   Evacuate Collection Set: 103.88ms
[612.809s][info][gc,phases      ] GC(117)   Post Evacuate Collection Set: 0.82ms
[612.809s][info][gc,phases      ] GC(117)   Other: 0.06ms
[612.809s][info][gc,heap        ] GC(117) Eden regions: 332->0(135)
[612.809s][info][gc,heap        ] GC(117) Survivor regions: 21->34(45)
[612.809s][info][gc,heap        ] GC(117) Old regions: 159->159
[612.809s][info][gc,heap        ] GC(117) Humongous regions: 80->80
[612.809s][info][gc,metaspace   ] GC(117) Metaspace: 29862K(30400K)->29862K(30400K) NonClass: 26465K(26752K)->26465K(26752K) Class: 3397K(3648K)->3397K(3648K)
[612.809s][info][gc             ] GC(117) Pause Young (Normal) (G1 Evacuation Pause) 4701M->2149M(10240M) 105.582ms
[612.809s][info][gc,cpu         ] GC(117) User=0.83s Sys=0.00s Real=0.11s
...[615.142s][info][gc,start       ] GC(118) Pause Young (Normal) (G1 Evacuation Pause)
[615.142s][info][gc,task        ] GC(118) Using 8 workers of 8 for evacuation
[615.257s][info][gc,phases      ] GC(118)   Pre Evacuate Collection Set: 0.29ms
[615.257s][info][gc,phases      ] GC(118)   Merge Heap Roots: 0.36ms
[615.257s][info][gc,phases      ] GC(118)   Evacuate Collection Set: 113.50ms
[615.257s][info][gc,phases      ] GC(118)   Post Evacuate Collection Set: 0.64ms
[615.257s][info][gc,phases      ] GC(118)   Other: 0.06ms
[615.257s][info][gc,heap        ] GC(118) Eden regions: 239->0(390)
[615.257s][info][gc,heap        ] GC(118) Survivor regions: 34->16(35)
[615.257s][info][gc,heap        ] GC(118) Old regions: 159->185
[615.257s][info][gc,heap        ] GC(118) Humongous regions: 80->80
[615.257s][info][gc,metaspace   ] GC(118) Metaspace: 29862K(30400K)->29862K(30400K) NonClass: 26465K(26752K)->26465K(26752K) Class: 3397K(3648K)->3397K(3648K)
[615.257s][info][gc             ] GC(118) Pause Young (Normal) (G1 Evacuation Pause) 4061M->2205M(10240M) 114.971ms
[615.257s][info][gc,cpu         ] GC(118) User=0.91s Sys=0.00s Real=0.12s
. (rIR:aIR:PR = 6545:6558:6558) (tPR = 97525) [OK] 
   615s:       rampup IR =   7853 ...[619.384s][info][gc,start       ] GC(119) Pause Young (Normal) (G1 Evacuation Pause)
[619.384s][info][gc,task        ] GC(119) Using 8 workers of 8 for evacuation
[619.495s][info][gc,phases      ] GC(119)   Pre Evacuate Collection Set: 0.27ms
[619.495s][info][gc,phases      ] GC(119)   Merge Heap Roots: 0.41ms
[619.495s][info][gc,phases      ] GC(119)   Evacuate Collection Set: 109.49ms
[619.495s][info][gc,phases      ] GC(119)   Post Evacuate Collection Set: 0.86ms
[619.495s][info][gc,phases      ] GC(119)   Other: 0.06ms
[619.495s][info][gc,heap        ] GC(119) Eden regions: 460->0(316)
[619.495s][info][gc,heap        ] GC(119) Survivor regions: 16->35(60)
[619.495s][info][gc,heap        ] GC(119) Old regions: 185->185
[619.495s][info][gc,heap        ] GC(119) Humongous regions: 80->80
[619.495s][info][gc,metaspace   ] GC(119) Metaspace: 29862K(30400K)->29862K(30400K) NonClass: 26465K(26752K)->26465K(26752K) Class: 3397K(3648K)->3397K(3648K)
[619.495s][info][gc             ] GC(119) Pause Young (Normal) (G1 Evacuation Pause) 5885M->2357M(10240M) 111.242ms
[619.495s][info][gc,cpu         ] GC(119) User=0.88s Sys=0.00s Real=0.12s
. (rIR:aIR:PR = 7853:7768:7768) (tPR = 120599) [OK] 
   619s:       rampup IR =   9162 ..[622.008s][info][gc,start       ] GC(120) Pause Young (Normal) (G1 Evacuation Pause)
[622.008s][info][gc,task        ] GC(120) Using 8 workers of 8 for evacuation
[622.128s][info][gc,phases      ] GC(120)   Pre Evacuate Collection Set: 0.27ms
[622.128s][info][gc,phases      ] GC(120)   Merge Heap Roots: 0.36ms
[622.128s][info][gc,phases      ] GC(120)   Evacuate Collection Set: 119.44ms
[622.128s][info][gc,phases      ] GC(120)   Post Evacuate Collection Set: 0.70ms
[622.128s][info][gc,phases      ] GC(120)   Other: 0.05ms
[622.128s][info][gc,heap        ] GC(120) Eden regions: 337->0(529)
[622.128s][info][gc,heap        ] GC(120) Survivor regions: 35->21(47)
[622.128s][info][gc,heap        ] GC(120) Old regions: 185->206
[622.128s][info][gc,heap        ] GC(120) Humongous regions: 80->80
[622.128s][info][gc,metaspace   ] GC(120) Metaspace: 29863K(30400K)->29863K(30400K) NonClass: 26465K(26752K)->26465K(26752K) Class: 3397K(3648K)->3397K(3648K)
[622.129s][info][gc             ] GC(120) Pause Young (Normal) (G1 Evacuation Pause) 5053M->2417M(10240M) 120.950ms
[622.129s][info][gc,cpu         ] GC(120) User=0.95s Sys=0.00s Real=0.12s
.. (rIR:aIR:PR = 9162:9207:9207) (tPR = 136317) [OK] 
   623s:       rampup IR =  10471 .[625.861s][info][gc,start       ] GC(121) Pause Young (Normal) (G1 Evacuation Pause)
[625.861s][info][gc,task        ] GC(121) Using 8 workers of 8 for evacuation
[625.981s][info][gc,phases      ] GC(121)   Pre Evacuate Collection Set: 0.29ms
[625.981s][info][gc,phases      ] GC(121)   Merge Heap Roots: 0.41ms
[625.981s][info][gc,phases      ] GC(121)   Evacuate Collection Set: 118.62ms
[625.981s][info][gc,phases      ] GC(121)   Post Evacuate Collection Set: 1.00ms
[625.981s][info][gc,phases      ] GC(121)   Other: 0.06ms
[625.981s][info][gc,heap        ] GC(121) Eden regions: 551->0(397)
[625.981s][info][gc,heap        ] GC(121) Survivor regions: 21->39(72)
[625.981s][info][gc,heap        ] GC(121) Old regions: 206->206
[625.981s][info][gc,heap        ] GC(121) Humongous regions: 80->80
[625.981s][info][gc,metaspace   ] GC(121) Metaspace: 29863K(30400K)->29863K(30400K) NonClass: 26465K(26752K)->26465K(26752K) Class: 3397K(3648K)->3397K(3648K)
[625.981s][info][gc             ] GC(121) Pause Young (Normal) (G1 Evacuation Pause) 6825M->2565M(10240M) 120.508ms
[625.981s][info][gc,cpu         ] GC(121) User=0.95s Sys=0.00s Real=0.12s
...[628.599s][info][gc,start       ] GC(122) Pause Young (Normal) (G1 Evacuation Pause)
[628.599s][info][gc,task        ] GC(122) Using 8 workers of 8 for evacuation
[628.741s][info][gc,phases      ] GC(122)   Pre Evacuate Collection Set: 0.30ms
[628.741s][info][gc,phases      ] GC(122)   Merge Heap Roots: 0.40ms
[628.741s][info][gc,phases      ] GC(122)   Evacuate Collection Set: 139.84ms
[628.741s][info][gc,phases      ] GC(122)   Post Evacuate Collection Set: 0.83ms
[628.741s][info][gc,phases      ] GC(122)   Other: 0.07ms
[628.741s][info][gc,heap        ] GC(122) Eden regions: 415->0(417)
[628.741s][info][gc,heap        ] GC(122) Survivor regions: 39->42(57)
[628.741s][info][gc,heap        ] GC(122) Old regions: 206->212
[628.741s][info][gc,heap        ] GC(122) Humongous regions: 80->80
[628.741s][info][gc,metaspace   ] GC(122) Metaspace: 29863K(30400K)->29863K(30400K) NonClass: 26465K(26752K)->26465K(26752K) Class: 3397K(3648K)->3397K(3648K)
[628.741s][info][gc             ] GC(122) Pause Young (Normal) (G1 Evacuation Pause) 5885M->2633M(10240M) 141.583ms
[628.741s][info][gc,cpu         ] GC(122) User=1.12s Sys=0.00s Real=0.14s
. (rIR:aIR:PR = 10471:10417:10275) (tPR = 153053) [OK] 
   628s:       rampup IR =  11780 ..[631.176s][info][gc,start       ] GC(123) Pause Young (Normal) (G1 Evacuation Pause)
[631.176s][info][gc,task        ] GC(123) Using 8 workers of 8 for evacuation
[631.316s][info][gc,phases      ] GC(123)   Pre Evacuate Collection Set: 0.26ms
[631.316s][info][gc,phases      ] GC(123)   Merge Heap Roots: 0.44ms
[631.316s][info][gc,phases      ] GC(123)   Evacuate Collection Set: 138.38ms
[631.316s][info][gc,phases      ] GC(123)   Post Evacuate Collection Set: 0.94ms
[631.316s][info][gc,phases      ] GC(123)   Other: 0.06ms
[631.316s][info][gc,heap        ] GC(123) Eden regions: 431->0(531)
[631.316s][info][gc,heap        ] GC(123) Survivor regions: 42->38(60)
[631.316s][info][gc,heap        ] GC(123) Old regions: 212->222
[631.316s][info][gc,heap        ] GC(123) Humongous regions: 80->80
[631.316s][info][gc,metaspace   ] GC(123) Metaspace: 29863K(30400K)->29863K(30400K) NonClass: 26465K(26752K)->26465K(26752K) Class: 3397K(3648K)->3397K(3648K)
[631.316s][info][gc             ] GC(123) Pause Young (Normal) (G1 Evacuation Pause) 6081M->2679M(10240M) 140.219ms
[631.317s][info][gc,cpu         ] GC(123) User=1.11s Sys=0.00s Real=0.14s
.. (rIR:aIR:PR = 11780:11492:11687) (tPR = 168767) [OK] 
   632s:       rampup IR =  13089 .[634.277s][info][gc,start       ] GC(124) Pause Young (Normal) (G1 Evacuation Pause)
[634.277s][info][gc,task        ] GC(124) Using 8 workers of 8 for evacuation
[634.425s][info][gc,phases      ] GC(124)   Pre Evacuate Collection Set: 0.30ms
[634.425s][info][gc,phases      ] GC(124)   Merge Heap Roots: 0.47ms
[634.425s][info][gc,phases      ] GC(124)   Evacuate Collection Set: 145.57ms
[634.425s][info][gc,phases      ] GC(124)   Post Evacuate Collection Set: 1.05ms
[634.425s][info][gc,phases      ] GC(124)   Other: 0.09ms
[634.425s][info][gc,heap        ] GC(124) Eden regions: 536->0(455)
[634.425s][info][gc,heap        ] GC(124) Survivor regions: 38->48(72)
[634.425s][info][gc,heap        ] GC(124) Old regions: 222->222
[634.425s][info][gc,heap        ] GC(124) Humongous regions: 80->80
[634.425s][info][gc,metaspace   ] GC(124) Metaspace: 29863K(30400K)->29863K(30400K) NonClass: 26465K(26752K)->26465K(26752K) Class: 3397K(3648K)->3397K(3648K)
[634.425s][info][gc             ] GC(124) Pause Young (Normal) (G1 Evacuation Pause) 6967M->2759M(10240M) 147.611ms
[634.425s][info][gc,cpu         ] GC(124) User=1.16s Sys=0.00s Real=0.15s
..[636.865s][info][gc,start       ] GC(125) Pause Young (Normal) (G1 Evacuation Pause)
[636.865s][info][gc,task        ] GC(125) Using 8 workers of 8 for evacuation
[637.019s][info][gc,phases      ] GC(125)   Pre Evacuate Collection Set: 0.28ms
[637.019s][info][gc,phases      ] GC(125)   Merge Heap Roots: 0.47ms
[637.019s][info][gc,phases      ] GC(125)   Evacuate Collection Set: 152.09ms
[637.019s][info][gc,phases      ] GC(125)   Post Evacuate Collection Set: 0.86ms
[637.019s][info][gc,phases      ] GC(125)   Other: 0.06ms
[637.019s][info][gc,heap        ] GC(125) Eden regions: 459->0(587)
[637.019s][info][gc,heap        ] GC(125) Survivor regions: 48->42(64)
[637.019s][info][gc,heap        ] GC(125) Old regions: 222->233
[637.019s][info][gc,heap        ] GC(125) Humongous regions: 80->80
[637.019s][info][gc,metaspace   ] GC(125) Metaspace: 29863K(30400K)->29863K(30400K) NonClass: 26465K(26752K)->26465K(26752K) Class: 3397K(3648K)->3397K(3648K)
[637.019s][info][gc             ] GC(125) Pause Young (Normal) (G1 Evacuation Pause) 6431M->2799M(10240M) 153.886ms
[637.019s][info][gc,cpu         ] GC(125) User=1.21s Sys=0.00s Real=0.15s
....[640.235s][info][gc,start       ] GC(126) Pause Young (Normal) (G1 Evacuation Pause)
[640.235s][info][gc,task        ] GC(126) Using 8 workers of 8 for evacuation
[640.386s][info][gc,phases      ] GC(126)   Pre Evacuate Collection Set: 0.32ms
[640.386s][info][gc,phases      ] GC(126)   Merge Heap Roots: 0.45ms
[640.386s][info][gc,phases      ] GC(126)   Evacuate Collection Set: 148.54ms
[640.386s][info][gc,phases      ] GC(126)   Post Evacuate Collection Set: 1.07ms
[640.386s][info][gc,phases      ] GC(126)   Other: 0.09ms
[640.386s][info][gc,heap        ] GC(126) Eden regions: 590->0(536)
[640.386s][info][gc,heap        ] GC(126) Survivor regions: 42->50(79)
[640.386s][info][gc,heap        ] GC(126) Old regions: 233->233
[640.386s][info][gc,heap        ] GC(126) Humongous regions: 80->80
[640.386s][info][gc,metaspace   ] GC(126) Metaspace: 29863K(30400K)->29863K(30400K) NonClass: 26465K(26752K)->26465K(26752K) Class: 3397K(3648K)->3397K(3648K)
[640.386s][info][gc             ] GC(126) Pause Young (Normal) (G1 Evacuation Pause) 7519M->2863M(10240M) 150.597ms
[640.386s][info][gc,cpu         ] GC(126) User=1.18s Sys=0.00s Real=0.15s
...[643.236s][info][gc,start       ] GC(127) Pause Young (Normal) (G1 Evacuation Pause)
[643.236s][info][gc,task        ] GC(127) Using 8 workers of 8 for evacuation
[643.399s][info][gc,phases      ] GC(127)   Pre Evacuate Collection Set: 0.26ms
[643.399s][info][gc,phases      ] GC(127)   Merge Heap Roots: 0.43ms
[643.399s][info][gc,phases      ] GC(127)   Evacuate Collection Set: 161.35ms
[643.399s][info][gc,phases      ] GC(127)   Post Evacuate Collection Set: 1.01ms
[643.399s][info][gc,phases      ] GC(127)   Other: 0.06ms
[643.399s][info][gc,heap        ] GC(127) Eden regions: 536->0(646)
[643.399s][info][gc,heap        ] GC(127) Survivor regions: 50->45(74)
[643.399s][info][gc,heap        ] GC(127) Old regions: 233->243
[643.399s][info][gc,heap        ] GC(127) Humongous regions: 80->80
[643.399s][info][gc,metaspace   ] GC(127) Metaspace: 29863K(30400K)->29863K(30400K) NonClass: 26466K(26752K)->26466K(26752K) Class: 3397K(3648K)->3397K(3648K)
[643.399s][info][gc             ] GC(127) Pause Young (Normal) (G1 Evacuation Pause) 7151M->2903M(10240M) 163.247ms
[643.399s][info][gc,cpu         ] GC(127) User=1.28s Sys=0.00s Real=0.16s
...[646.798s][info][gc,start       ] GC(128) Pause Young (Normal) (G1 Evacuation Pause)
[646.798s][info][gc,task        ] GC(128) Using 8 workers of 8 for evacuation
[646.960s][info][gc,phases      ] GC(128)   Pre Evacuate Collection Set: 0.27ms
[646.960s][info][gc,phases      ] GC(128)   Merge Heap Roots: 0.52ms
[646.960s][info][gc,phases      ] GC(128)   Evacuate Collection Set: 160.43ms
[646.960s][info][gc,phases      ] GC(128)   Post Evacuate Collection Set: 1.12ms
[646.960s][info][gc,phases      ] GC(128)   Other: 0.07ms
[646.960s][info][gc,heap        ] GC(128) Eden regions: 647->0(567)
[646.960s][info][gc,heap        ] GC(128) Survivor regions: 45->52(87)
[646.960s][info][gc,heap        ] GC(128) Old regions: 243->243
[646.960s][info][gc,heap        ] GC(128) Humongous regions: 80->80
[646.960s][info][gc,metaspace   ] GC(128) Metaspace: 29863K(30400K)->29863K(30400K) NonClass: 26466K(26752K)->26466K(26752K) Class: 3397K(3648K)->3397K(3648K)
[646.960s][info][gc             ] GC(128) Pause Young (Normal) (G1 Evacuation Pause) 8079M->2959M(10240M) 162.548ms
[646.960s][info][gc,cpu         ] GC(128) User=1.28s Sys=0.00s Real=0.16s
...[649.975s][info][gc,start       ] GC(129) Pause Young (Normal) (G1 Evacuation Pause)
[649.975s][info][gc,task        ] GC(129) Using 8 workers of 8 for evacuation
[650.140s][info][gc,phases      ] GC(129)   Pre Evacuate Collection Set: 0.27ms
[650.140s][info][gc,phases      ] GC(129)   Merge Heap Roots: 0.47ms
[650.140s][info][gc,phases      ] GC(129)   Evacuate Collection Set: 162.75ms
[650.140s][info][gc,phases      ] GC(129)   Post Evacuate Collection Set: 1.00ms
[650.140s][info][gc,phases      ] GC(129)   Other: 0.07ms
[650.140s][info][gc,heap        ] GC(129) Eden regions: 565->0(690)
[650.140s][info][gc,heap        ] GC(129) Survivor regions: 52->45(78)
[650.140s][info][gc,heap        ] GC(129) Old regions: 243->253
[650.140s][info][gc,heap        ] GC(129) Humongous regions: 80->80
[650.140s][info][gc,metaspace   ] GC(129) Metaspace: 29863K(30400K)->29863K(30400K) NonClass: 26466K(26752K)->26466K(26752K) Class: 3397K(3648K)->3397K(3648K)
[650.140s][info][gc             ] GC(129) Pause Young (Normal) (G1 Evacuation Pause) 7479M->2982M(10240M) 164.692ms
[650.140s][info][gc,cpu         ] GC(129) User=1.30s Sys=0.00s Real=0.16s
....[653.854s][info][gc,start       ] GC(130) Pause Young (Normal) (G1 Evacuation Pause)
[653.854s][info][gc,task        ] GC(130) Using 8 workers of 8 for evacuation
[654.014s][info][gc,phases      ] GC(130)   Pre Evacuate Collection Set: 0.27ms
[654.014s][info][gc,phases      ] GC(130)   Merge Heap Roots: 0.49ms
[654.014s][info][gc,phases      ] GC(130)   Evacuate Collection Set: 157.96ms
[654.014s][info][gc,phases      ] GC(130)   Post Evacuate Collection Set: 1.17ms
[654.014s][info][gc,phases      ] GC(130)   Other: 0.08ms
[654.014s][info][gc,heap        ] GC(130) Eden regions: 689->0(646)
[654.014s][info][gc,heap        ] GC(130) Survivor regions: 45->51(92)
[654.014s][info][gc,heap        ] GC(130) Old regions: 253->253
[654.014s][info][gc,heap        ] GC(130) Humongous regions: 80->80
[654.014s][info][gc,metaspace   ] GC(130) Metaspace: 29863K(30400K)->29863K(30400K) NonClass: 26466K(26752K)->26466K(26752K) Class: 3397K(3648K)->3397K(3648K)
[654.014s][info][gc             ] GC(130) Pause Young (Normal) (G1 Evacuation Pause) 8494M->3030M(10240M) 160.090ms
[654.014s][info][gc,cpu         ] GC(130) User=1.26s Sys=0.00s Real=0.16s
....[657.435s][info][gc,start       ] GC(131) Pause Young (Normal) (G1 Evacuation Pause)
[657.435s][info][gc,task        ] GC(131) Using 8 workers of 8 for evacuation
[657.608s][info][gc,phases      ] GC(131)   Pre Evacuate Collection Set: 0.28ms
[657.608s][info][gc,phases      ] GC(131)   Merge Heap Roots: 0.52ms
[657.608s][info][gc,phases      ] GC(131)   Evacuate Collection Set: 171.00ms
[657.608s][info][gc,phases      ] GC(131)   Post Evacuate Collection Set: 1.13ms
[657.608s][info][gc,phases      ] GC(131)   Other: 0.06ms
[657.608s][info][gc,heap        ] GC(131) Eden regions: 640->0(622)
[657.608s][info][gc,heap        ] GC(131) Survivor regions: 51->53(87)
[657.608s][info][gc,heap        ] GC(131) Old regions: 253->256
[657.608s][info][gc,heap        ] GC(131) Humongous regions: 80->80
[657.608s][info][gc,metaspace   ] GC(131) Metaspace: 29863K(30400K)->29863K(30400K) NonClass: 26466K(26752K)->26466K(26752K) Class: 3397K(3648K)->3397K(3648K)
[657.608s][info][gc             ] GC(131) Pause Young (Normal) (G1 Evacuation Pause) 8150M->3072M(10240M) 173.134ms
[657.609s][info][gc,cpu         ] GC(131) User=1.37s Sys=0.00s Real=0.17s
...[660.817s][info][gc,start       ] GC(132) Pause Young (Normal) (G1 Evacuation Pause)
[660.817s][info][gc,task        ] GC(132) Using 8 workers of 8 for evacuation
[660.989s][info][gc,phases      ] GC(132)   Pre Evacuate Collection Set: 0.27ms
[660.989s][info][gc,phases      ] GC(132)   Merge Heap Roots: 0.49ms
[660.989s][info][gc,phases      ] GC(132)   Evacuate Collection Set: 170.32ms
[660.989s][info][gc,phases      ] GC(132)   Post Evacuate Collection Set: 1.05ms
[660.989s][info][gc,phases      ] GC(132)   Other: 0.07ms
[660.989s][info][gc,heap        ] GC(132) Eden regions: 619->0(721)
[660.989s][info][gc,heap        ] GC(132) Survivor regions: 53->47(84)
[660.989s][info][gc,heap        ] GC(132) Old regions: 256->265
[660.989s][info][gc,heap        ] GC(132) Humongous regions: 80->80
[660.989s][info][gc,metaspace   ] GC(132) Metaspace: 29863K(30400K)->29863K(30400K) NonClass: 26466K(26752K)->26466K(26752K) Class: 3397K(3648K)->3397K(3648K)
[660.989s][info][gc             ] GC(132) Pause Young (Normal) (G1 Evacuation Pause) 8024M->3098M(10240M) 172.325ms
[660.989s][info][gc,cpu         ] GC(132) User=1.36s Sys=0.00s Real=0.17s
... (rIR:aIR:PR = 13089:12798:12255) (tPR = 185195) [PR is under limit] 
   662s: Re-initializing (term) [663.256s][info][gc,start       ] GC(133) Pause Full (System.gc())
[663.256s][info][gc,task        ] GC(133) Using 8 workers of 8 for full compaction
[663.256s][info][gc,phases,start] GC(133) Phase 1: Mark live objects
[663.274s][info][gc,phases      ] GC(133) Phase 1: Mark live objects 17.921ms
[663.274s][info][gc,phases,start] GC(133) Phase 2: Prepare compaction
[663.281s][info][gc,phases      ] GC(133) Phase 2: Prepare compaction 6.570ms
[663.281s][info][gc,phases,start] GC(133) Phase 3: Adjust pointers
[663.293s][info][gc,phases      ] GC(133) Phase 3: Adjust pointers 11.922ms
[663.293s][info][gc,phases,start] GC(133) Phase 4: Compact heap
[663.299s][info][gc,phases      ] GC(133) Phase 4: Compact heap 6.332ms
[663.299s][info][gc,phases,start] GC(133) Phase 5: Reset Metadata
[663.304s][info][gc,phases      ] GC(133) Phase 5: Reset Metadata 4.376ms
[663.314s][info][gc,heap        ] GC(133) Eden regions: 428->0(768)
[663.314s][info][gc,heap        ] GC(133) Survivor regions: 47->0(84)
[663.314s][info][gc,heap        ] GC(133) Old regions: 265->14
[663.314s][info][gc,heap        ] GC(133) Humongous regions: 80->32
[663.314s][info][gc,metaspace   ] GC(133) Metaspace: 29864K(30400K)->29864K(30400K) NonClass: 26466K(26752K)->26466K(26752K) Class: 3397K(3648K)->3397K(3648K)
[663.314s][info][gc             ] GC(133) Pause Full (System.gc()) 6518M->325M(10240M) 57.987ms
[663.314s][info][gc,cpu         ] GC(133) User=0.39s Sys=0.00s Real=0.05s
(init) ... OK
   668s: high-bound for max-jOPS is measured to be 13837
   668s: 
   668s: Restarting (term) [668.860s][info][gc,start       ] GC(134) Pause Full (System.gc())
[668.860s][info][gc,task        ] GC(134) Using 8 workers of 8 for full compaction
[668.860s][info][gc,phases,start] GC(134) Phase 1: Mark live objects
[668.875s][info][gc,phases      ] GC(134) Phase 1: Mark live objects 15.513ms
[668.875s][info][gc,phases,start] GC(134) Phase 2: Prepare compaction
[668.880s][info][gc,phases      ] GC(134) Phase 2: Prepare compaction 4.902ms
[668.880s][info][gc,phases,start] GC(134) Phase 3: Adjust pointers
[668.890s][info][gc,phases      ] GC(134) Phase 3: Adjust pointers 9.809ms
[668.890s][info][gc,phases,start] GC(134) Phase 4: Compact heap
[668.895s][info][gc,phases      ] GC(134) Phase 4: Compact heap 4.845ms
[668.895s][info][gc,phases,start] GC(134) Phase 5: Reset Metadata
[668.899s][info][gc,phases      ] GC(134) Phase 5: Reset Metadata 3.824ms
[668.910s][info][gc,heap        ] GC(134) Eden regions: 458->0(768)
[668.910s][info][gc,heap        ] GC(134) Survivor regions: 0->0(84)
[668.910s][info][gc,heap        ] GC(134) Old regions: 14->13
[668.910s][info][gc,heap        ] GC(134) Humongous regions: 85->32
[668.910s][info][gc,metaspace   ] GC(134) Metaspace: 29874K(30400K)->29874K(30400K) NonClass: 26476K(26752K)->26476K(26752K) Class: 3397K(3648K)->3397K(3648K)
[668.910s][info][gc             ] GC(134) Pause Full (System.gc()) 4406M->323M(10240M) 50.256ms
[668.910s][info][gc,cpu         ] GC(134) User=0.33s Sys=0.01s Real=0.05s
(init) ... OK
   674s: 
   674s: Warmup for building throughput-responsetime curve
   674s: (10%)   IR =   1384 .............[688.111s][info][gc,start       ] GC(135) Pause Young (Normal) (G1 Evacuation Pause)
[688.111s][info][gc,task        ] GC(135) Using 8 workers of 8 for evacuation
[688.847s][info][gc,mmu         ] GC(135) MMU target violated: 201.0ms (200.0ms/201.0ms)
[688.847s][info][gc,phases      ] GC(135)   Pre Evacuate Collection Set: 0.26ms
[688.847s][info][gc,phases      ] GC(135)   Merge Heap Roots: 0.93ms
[688.847s][info][gc,phases      ] GC(135)   Evacuate Collection Set: 732.87ms
[688.847s][info][gc,phases      ] GC(135)   Post Evacuate Collection Set: 1.62ms
[688.847s][info][gc,phases      ] GC(135)   Other: 0.11ms
[688.847s][info][gc,heap        ] GC(135) Eden regions: 768->0(370)
[688.847s][info][gc,heap        ] GC(135) Survivor regions: 0->96(96)
[688.847s][info][gc,heap        ] GC(135) Old regions: 13->65
[688.847s][info][gc,heap        ] GC(135) Humongous regions: 85->80
[688.847s][info][gc,metaspace   ] GC(135) Metaspace: 29888K(30400K)->29888K(30400K) NonClass: 26490K(26752K)->26490K(26752K) Class: 3397K(3648K)->3397K(3648K)
[688.847s][info][gc             ] GC(135) Pause Young (Normal) (G1 Evacuation Pause) 6891M->1891M(10240M) 735.893ms
[688.847s][info][gc,cpu         ] GC(135) User=5.80s Sys=0.00s Real=0.74s
.................[705.237s][info][gc,start       ] GC(136) Pause Young (Normal) (G1 Evacuation Pause)
[705.237s][info][gc,task        ] GC(136) Using 8 workers of 8 for evacuation
[705.652s][info][gc,mmu         ] GC(136) MMU target violated: 201.0ms (200.0ms/201.0ms)
[705.652s][info][gc,phases      ] GC(136)   Pre Evacuate Collection Set: 0.31ms
[705.652s][info][gc,phases      ] GC(136)   Merge Heap Roots: 0.94ms
[705.652s][info][gc,phases      ] GC(136)   Evacuate Collection Set: 413.26ms
[705.652s][info][gc,phases      ] GC(136)   Post Evacuate Collection Set: 0.82ms
[705.652s][info][gc,phases      ] GC(136)   Other: 0.11ms
[705.652s][info][gc,heap        ] GC(136) Eden regions: 360->0(275)
[705.652s][info][gc,heap        ] GC(136) Survivor regions: 96->22(57)
[705.652s][info][gc,heap        ] GC(136) Old regions: 65->159
[705.652s][info][gc,heap        ] GC(136) Humongous regions: 80->80
[705.652s][info][gc,metaspace   ] GC(136) Metaspace: 29889K(30400K)->29889K(30400K) NonClass: 26492K(26752K)->26492K(26752K) Class: 3397K(3648K)->3397K(3648K)
[705.652s][info][gc             ] GC(136) Pause Young (Normal) (G1 Evacuation Pause) 4771M->2047M(10240M) 415.534ms
[705.652s][info][gc,cpu         ] GC(136) User=3.27s Sys=0.00s Real=0.41s
................[721.298s][info][gc,start       ] GC(137) Pause Young (Normal) (G1 Evacuation Pause)
[721.298s][info][gc,task        ] GC(137) Using 8 workers of 8 for evacuation
[721.400s][info][gc,phases      ] GC(137)   Pre Evacuate Collection Set: 0.27ms
[721.400s][info][gc,phases      ] GC(137)   Merge Heap Roots: 0.49ms
[721.400s][info][gc,phases      ] GC(137)   Evacuate Collection Set: 100.22ms
[721.400s][info][gc,phases      ] GC(137)   Post Evacuate Collection Set: 0.82ms
[721.400s][info][gc,phases      ] GC(137)   Other: 0.08ms
[721.400s][info][gc,heap        ] GC(137) Eden regions: 330->0(197)
[721.400s][info][gc,heap        ] GC(137) Survivor regions: 22->33(44)
[721.400s][info][gc,heap        ] GC(137) Old regions: 159->159
[721.400s][info][gc,heap        ] GC(137) Humongous regions: 80->80
[721.400s][info][gc,metaspace   ] GC(137) Metaspace: 29889K(30400K)->29889K(30400K) NonClass: 26492K(26752K)->26492K(26752K) Class: 3397K(3648K)->3397K(3648K)
[721.400s][info][gc             ] GC(137) Pause Young (Normal) (G1 Evacuation Pause) 4687M->2135M(10240M) 102.014ms
[721.400s][info][gc,cpu         ] GC(137) User=0.80s Sys=0.00s Real=0.10s
.............[734.354s][info][gc,start       ] GC(138) Pause Young (Normal) (G1 Evacuation Pause)
[734.354s][info][gc,task        ] GC(138) Using 8 workers of 8 for evacuation
[734.470s][info][gc,phases      ] GC(138)   Pre Evacuate Collection Set: 0.30ms
[734.470s][info][gc,phases      ] GC(138)   Merge Heap Roots: 0.46ms
[734.470s][info][gc,phases      ] GC(138)   Evacuate Collection Set: 115.01ms
[734.470s][info][gc,phases      ] GC(138)   Post Evacuate Collection Set: 0.72ms
[734.470s][info][gc,phases      ] GC(138)   Other: 0.08ms
[734.471s][info][gc,heap        ] GC(138) Eden regions: 268->0(315)
[734.471s][info][gc,heap        ] GC(138) Survivor regions: 33->31(38)
[734.471s][info][gc,heap        ] GC(138) Old regions: 159->170
[734.471s][info][gc,heap        ] GC(138) Humongous regions: 80->80
[734.471s][info][gc,metaspace   ] GC(138) Metaspace: 29890K(30400K)->29890K(30400K) NonClass: 26492K(26752K)->26492K(26752K) Class: 3397K(3648K)->3397K(3648K)
[734.471s][info][gc             ] GC(138) Pause Young (Normal) (G1 Evacuation Pause) 4279M->2203M(10240M) 116.704ms
[734.471s][info][gc,cpu         ] GC(138) User=0.92s Sys=0.01s Real=0.12s
................[750.866s][info][gc,start       ] GC(139) Pause Young (Normal) (G1 Evacuation Pause)
[750.866s][info][gc,task        ] GC(139) Using 8 workers of 8 for evacuation
[750.983s][info][gc,phases      ] GC(139)   Pre Evacuate Collection Set: 0.27ms
[750.983s][info][gc,phases      ] GC(139)   Merge Heap Roots: 0.47ms
[750.983s][info][gc,phases      ] GC(139)   Evacuate Collection Set: 115.63ms
[750.983s][info][gc,phases      ] GC(139)   Post Evacuate Collection Set: 0.75ms
[750.983s][info][gc,phases      ] GC(139)   Other: 0.06ms
[750.983s][info][gc,heap        ] GC(139) Eden regions: 332->0(350)
[750.983s][info][gc,heap        ] GC(139) Survivor regions: 31->31(46)
[750.983s][info][gc,heap        ] GC(139) Old regions: 170->180
[750.983s][info][gc,heap        ] GC(139) Humongous regions: 80->80
[750.983s][info][gc,metaspace   ] GC(139) Metaspace: 29890K(30400K)->29890K(30400K) NonClass: 26492K(26752K)->26492K(26752K) Class: 3397K(3648K)->3397K(3648K)
[750.983s][info][gc             ] GC(139) Pause Young (Normal) (G1 Evacuation Pause) 4859M->2286M(10240M) 117.338ms
[750.983s][info][gc,cpu         ] GC(139) User=0.92s Sys=0.00s Real=0.11s
..................[768.414s][info][gc,start       ] GC(140) Pause Young (Normal) (G1 Evacuation Pause)
[768.414s][info][gc,task        ] GC(140) Using 8 workers of 8 for evacuation
[768.531s][info][gc,phases      ] GC(140)   Pre Evacuate Collection Set: 0.27ms
[768.531s][info][gc,phases      ] GC(140)   Merge Heap Roots: 0.48ms
[768.531s][info][gc,phases      ] GC(140)   Evacuate Collection Set: 115.64ms
[768.531s][info][gc,phases      ] GC(140)   Post Evacuate Collection Set: 0.81ms
[768.531s][info][gc,phases      ] GC(140)   Other: 0.06ms
[768.531s][info][gc,heap        ] GC(140) Eden regions: 361->0(420)
[768.531s][info][gc,heap        ] GC(140) Survivor regions: 31->33(49)
[768.531s][info][gc,heap        ] GC(140) Old regions: 180->187
[768.531s][info][gc,heap        ] GC(140) Humongous regions: 80->80
[768.531s][info][gc,metaspace   ] GC(140) Metaspace: 29890K(30400K)->29890K(30400K) NonClass: 26492K(26752K)->26492K(26752K) Class: 3397K(3648K)->3397K(3648K)
[768.531s][info][gc             ] GC(140) Pause Young (Normal) (G1 Evacuation Pause) 5174M->2353M(10240M) 117.400ms
[768.531s][info][gc,cpu         ] GC(140) User=0.92s Sys=0.00s Real=0.12s
......................[790.221s][info][gc,start       ] GC(141) Pause Young (Normal) (G1 Evacuation Pause)
[790.221s][info][gc,task        ] GC(141) Using 8 workers of 8 for evacuation
[790.350s][info][gc,phases      ] GC(141)   Pre Evacuate Collection Set: 0.27ms
[790.350s][info][gc,phases      ] GC(141)   Merge Heap Roots: 0.48ms
[790.350s][info][gc,phases      ] GC(141)   Evacuate Collection Set: 127.38ms
[790.350s][info][gc,phases      ] GC(141)   Post Evacuate Collection Set: 0.91ms
[790.350s][info][gc,phases      ] GC(141)   Other: 0.08ms
[790.350s][info][gc,heap        ] GC(141) Eden regions: 440->0(447)
[790.350s][info][gc,heap        ] GC(141) Survivor regions: 33->37(60)
[790.350s][info][gc,heap        ] GC(141) Old regions: 187->194
[790.350s][info][gc,heap        ] GC(141) Humongous regions: 80->80
[790.350s][info][gc,metaspace   ] GC(141) Metaspace: 29890K(30400K)->29890K(30400K) NonClass: 26492K(26752K)->26492K(26752K) Class: 3397K(3648K)->3397K(3648K)
[790.350s][info][gc             ] GC(141) Pause Young (Normal) (G1 Evacuation Pause) 5873M->2445M(10240M) 129.251ms
[790.350s][info][gc,cpu         ] GC(141) User=1.01s Sys=0.00s Real=0.13s
......................[812.723s][info][gc,start       ] GC(142) Pause Young (Normal) (G1 Evacuation Pause)
[812.723s][info][gc,task        ] GC(142) Using 8 workers of 8 for evacuation
[812.855s][info][gc,phases      ] GC(142)   Pre Evacuate Collection Set: 0.34ms
[812.855s][info][gc,phases      ] GC(142)   Merge Heap Roots: 0.53ms
[812.855s][info][gc,phases      ] GC(142)   Evacuate Collection Set: 129.70ms
[812.855s][info][gc,phases      ] GC(142)   Post Evacuate Collection Set: 0.96ms
[812.855s][info][gc,phases      ] GC(142)   Other: 0.07ms
[812.855s][info][gc,heap        ] GC(142) Eden regions: 456->0(509)
[812.855s][info][gc,heap        ] GC(142) Survivor regions: 37->37(62)
[812.855s][info][gc,heap        ] GC(142) Old regions: 194->201
[812.855s][info][gc,heap        ] GC(142) Humongous regions: 80->80
[812.855s][info][gc,metaspace   ] GC(142) Metaspace: 29895K(30400K)->29895K(30400K) NonClass: 26498K(26752K)->26498K(26752K) Class: 3397K(3648K)->3397K(3648K)
[812.855s][info][gc             ] GC(142) Pause Young (Normal) (G1 Evacuation Pause) 6093M->2502M(10240M) 131.735ms
[812.855s][info][gc,cpu         ] GC(142) User=1.03s Sys=0.00s Real=0.14s
..........................[838.140s][info][gc,start       ] GC(143) Pause Young (Normal) (G1 Evacuation Pause)
[838.140s][info][gc,task        ] GC(143) Using 8 workers of 8 for evacuation
[838.279s][info][gc,phases      ] GC(143)   Pre Evacuate Collection Set: 0.29ms
[838.279s][info][gc,phases      ] GC(143)   Merge Heap Roots: 0.52ms
[838.279s][info][gc,phases      ] GC(143)   Evacuate Collection Set: 136.94ms
[838.279s][info][gc,phases      ] GC(143)   Post Evacuate Collection Set: 0.97ms
[838.279s][info][gc,phases      ] GC(143)   Other: 0.07ms
[838.279s][info][gc,heap        ] GC(143) Eden regions: 512->0(533)
[838.279s][info][gc,heap        ] GC(143) Survivor regions: 37->40(69)
[838.279s][info][gc,heap        ] GC(143) Old regions: 201->208
[838.279s][info][gc,heap        ] GC(143) Humongous regions: 80->80
[838.279s][info][gc,metaspace   ] GC(143) Metaspace: 29895K(30400K)->29895K(30400K) NonClass: 26498K(26752K)->26498K(26752K) Class: 3397K(3648K)->3397K(3648K)
[838.279s][info][gc             ] GC(143) Pause Young (Normal) (G1 Evacuation Pause) 6598M->2582M(10240M) 138.927ms
[838.279s][info][gc,cpu         ] GC(143) User=1.09s Sys=0.00s Real=0.14s
................. (rIR:aIR:PR = 1384:1384:1384) (tPR = 20501) [OK] 
   854s: 
   854s: Building throughput-responsetime curve
   854s: ( 0%)   IR =      0 ...|............................................................ (rIR:aIR:PR = 0:0:0) (tPR = 0) [OK] 
   917s: Performance info:
         Transaction,    Success,    Partial,     Failed,   Receipts, AvgBarcode, 
         Response times:
             Request,    Success,    Partial,     Failed,   SkipFail,     Probes,    Samples,      min,      p50,      p90,      p95,      p99,      max, 

   917s: ( 1%)   IR =    138 ....|............................................................ (rIR:aIR:PR = 138:138:138) (tPR = 1976) [OK] 
   981s: Performance info:
         Transaction,    Success,    Partial,     Failed,   Receipts, AvgBarcode, 
             Overall,       8287,          0,          0,       7869,      59.47, 
         Response times:
             Request,    Success,    Partial,     Failed,   SkipFail,     Probes,    Samples,      min,      p50,      p90,      p95,      p99,      max, 
       TotalPurchase,       7869,          0,          0,          0,       7216,       8201,      300,      400,      500,      600,      700,      900,
     InStorePurchase,       4145,          0,          0,          0,       3823,       4280,      300,      400,      500,      500,      700,      900,
      OnlinePurchase,       2894,          0,          0,          0,       2645,       3026,      300,      400,      600,      600,      700,      900,
        InstPurchase,        830,          0,          0,          0,        748,        895,      400,      500,      500,      600,      800,      900,
          AssocOfCat,          9,          0,          0,          0,          8,          8,    23000,    23000,    27000,    27000,    27000,    27000,
      AssocOfProduct,         82,          0,          0,          0,         80,         86,      400,      600,      700,      765,      800,      800,
      BusinessReport,         22,          0,          0,          0,         19,         22,    24000,    26000,    35200,    37000,    37000,    37000,
          CustBuyBeh,         83,          0,          0,          0,         82,         87,      200,      300,      300,      300,      600,      600,
       ProductReturn,        222,          0,          0,          0,        166,        239,      200,      200,      300,      300,      360,      500,

   981s: ( 2%)   IR =    277 ....|..........[996.776s][info][gc,start       ] GC(144) Pause Young (Normal) (G1 Evacuation Pause)
[996.776s][info][gc,task        ] GC(144) Using 8 workers of 8 for evacuation
[996.920s][info][gc,phases      ] GC(144)   Pre Evacuate Collection Set: 0.31ms
[996.920s][info][gc,phases      ] GC(144)   Merge Heap Roots: 0.58ms
[996.920s][info][gc,phases      ] GC(144)   Evacuate Collection Set: 141.90ms
[996.920s][info][gc,phases      ] GC(144)   Post Evacuate Collection Set: 0.99ms
[996.920s][info][gc,phases      ] GC(144)   Other: 0.07ms
[996.920s][info][gc,heap        ] GC(144) Eden regions: 534->0(570)
[996.920s][info][gc,heap        ] GC(144) Survivor regions: 40->41(72)
[996.920s][info][gc,heap        ] GC(144) Old regions: 208->214
[996.920s][info][gc,heap        ] GC(144) Humongous regions: 80->80
[996.920s][info][gc,metaspace   ] GC(144) Metaspace: 29903K(30400K)->29903K(30400K) NonClass: 26505K(26752K)->26505K(26752K) Class: 3397K(3648K)->3397K(3648K)
[996.920s][info][gc             ] GC(144) Pause Young (Normal) (G1 Evacuation Pause) 6854M->2643M(10240M) 143.990ms
[996.920s][info][gc,cpu         ] GC(144) User=1.13s Sys=0.00s Real=0.14s
.................................................. (rIR:aIR:PR = 277:277:277) (tPR = 4146) [OK] 
  1045s: Performance info:
         Transaction,    Success,    Partial,     Failed,   Receipts, AvgBarcode, 
             Overall,      16607,          0,          0,      15776,      59.48, 
         Response times:
             Request,    Success,    Partial,     Failed,   SkipFail,     Probes,    Samples,      min,      p50,      p90,      p95,      p99,      max, 
       TotalPurchase,      15776,          0,          0,          0,      14844,      16336,      300,      500,      700,      800,      900,     2500,
     InStorePurchase,       8300,          0,          0,          0,       7866,       8578,      300,      500,      700,      700,      900,     2500,
      OnlinePurchase,       5818,          0,          0,          0,       5493,       6042,      300,      500,      700,      800,     1000,     2500,
        InstPurchase,       1658,          0,          0,          0,       1485,       1716,      400,      500,      700,      800,     1000,     2500,
          AssocOfCat,         17,          0,          0,          0,         15,         16,    21000,    23000,    68500,   170000,   170000,   170000,
      AssocOfProduct,        166,          0,          0,          0,        125,        188,      400,      700,      800,      800,     1900,     1900,
      BusinessReport,         41,          0,          0,          0,         38,         44,    23000,    27000,    33000,    35750,    45000,    45000,
          CustBuyBeh,        167,          0,          0,          0,        124,        167,      200,      300,      400,      600,     2024,     2500,
       ProductReturn,        440,          0,          0,          0,        370,        474,      200,      300,      600,      700,      800,      900,

  1045s: ( 3%)   IR =    415 ....|........................................................[1106.964s][info][gc,start       ] GC(145) Pause Young (Normal) (G1 Evacuation Pause)
[1106.964s][info][gc,task        ] GC(145) Using 8 workers of 8 for evacuation
[1107.111s][info][gc,phases      ] GC(145)   Pre Evacuate Collection Set: 0.32ms
[1107.111s][info][gc,phases      ] GC(145)   Merge Heap Roots: 0.66ms
[1107.111s][info][gc,phases      ] GC(145)   Evacuate Collection Set: 145.22ms
[1107.111s][info][gc,phases      ] GC(145)   Post Evacuate Collection Set: 1.05ms
[1107.111s][info][gc,phases      ] GC(145)   Other: 0.09ms
[1107.111s][info][gc,heap        ] GC(145) Eden regions: 568->0(608)
[1107.111s][info][gc,heap        ] GC(145) Survivor regions: 41->42(77)
[1107.111s][info][gc,heap        ] GC(145) Old regions: 214->221
[1107.111s][info][gc,heap        ] GC(145) Humongous regions: 80->80
[1107.111s][info][gc,metaspace   ] GC(145) Metaspace: 29908K(30400K)->29908K(30400K) NonClass: 26511K(26752K)->26511K(26752K) Class: 3397K(3648K)->3397K(3648K)
[1107.111s][info][gc             ] GC(145) Pause Young (Normal) (G1 Evacuation Pause) 7187M->2700M(10240M) 147.474ms
[1107.111s][info][gc,cpu         ] GC(145) User=1.16s Sys=0.01s Real=0.15s
.... (rIR:aIR:PR = 415:415:415) (tPR = 6088) [OK] 
  1109s: Performance info:
         Transaction,    Success,    Partial,     Failed,   Receipts, AvgBarcode, 
             Overall,      24912,          0,          0,      23663,      59.43, 
         Response times:
             Request,    Success,    Partial,     Failed,   SkipFail,     Probes,    Samples,      min,      p50,      p90,      p95,      p99,      max, 
       TotalPurchase,      23663,          0,          0,          0,      22587,      24947,      300,      600,      800,      900,     1100,   151000,
     InStorePurchase,      12452,          0,          0,          0,      12035,      13176,      300,      500,      800,      900,     1100,   151000,
      OnlinePurchase,       8720,          0,          0,          0,       8259,       9123,      300,      600,      900,      900,     1100,   149000,
        InstPurchase,       2491,          0,          0,          0,       2293,       2648,      400,      600,      900,     1000,     1200,     3600,
          AssocOfCat,         27,          0,          0,          0,         25,         26,    17900,    24500,    27000,    28950,    30000,    30000,
      AssocOfProduct,        247,          0,          0,          0,        188,        260,      500,      800,     1100,     1200,     1400,     3500,
      BusinessReport,         62,          0,          0,          0,         58,         65,    18900,    28000,    31800,    38100,    43000,    43000,
          CustBuyBeh,        249,          0,          0,          0,        198,        293,      200,      300,      600,      700,     1200,     2200,
       ProductReturn,        664,          0,          0,          0,        568,        705,      200,      300,      700,      800,     1000,     3400,

  1109s: ( 4%)   IR =    553 .....|............................................................ (rIR:aIR:PR = 553:553:553) (tPR = 8285) [OK] 
  1175s: Performance info:
         Transaction,    Success,    Partial,     Failed,   Receipts, AvgBarcode, 
             Overall,      33189,          0,          0,      31530,      59.47, 
         Response times:
             Request,    Success,    Partial,     Failed,   SkipFail,     Probes,    Samples,      min,      p50,      p90,      p95,      p99,      max, 
       TotalPurchase,      31530,          0,          0,          0,      30085,      33438,      300,      700,     1000,     1100,     1300,     2200,
     InStorePurchase,      16579,          0,          0,          0,      15954,      17615,      300,      700,     1000,     1100,     1300,     2200,
      OnlinePurchase,      11622,          0,          0,          0,      11082,      12284,      300,      700,     1000,     1100,     1315,     1900,
        InstPurchase,       3329,          0,          0,          0,       3049,       3539,      400,      700,     1000,     1100,     1300,     1900,
          AssocOfCat,         33,          0,          0,          0,         31,         35,    22000,    25000,    25400,    26000,    26000,    26000,
      AssocOfProduct,        332,          0,          0,          0,        262,        377,      500,      900,     1200,     1400,     1600,     1800,
      BusinessReport,         83,          0,          0,          0,         78,         89,    22000,    29000,    30000,    31500,    33000,    33000,
          CustBuyBeh,        333,          0,          0,          0,        261,        352,      200,      400,      800,      900,     1100,     1300,
       ProductReturn,        878,          0,          0,          0,        797,       1023,      200,      600,      900,     1000,     1200,     1600,

  1175s: ( 5%)   IR =    692 ....|.[1180.993s][info][gc,start       ] GC(146) Pause Young (Normal) (G1 Evacuation Pause)
[1180.993s][info][gc,task        ] GC(146) Using 8 workers of 8 for evacuation
[1181.141s][info][gc,phases      ] GC(146)   Pre Evacuate Collection Set: 0.31ms
[1181.141s][info][gc,phases      ] GC(146)   Merge Heap Roots: 0.54ms
[1181.141s][info][gc,phases      ] GC(146)   Evacuate Collection Set: 146.40ms
[1181.141s][info][gc,phases      ] GC(146)   Post Evacuate Collection Set: 1.11ms
[1181.141s][info][gc,phases      ] GC(146)   Other: 0.07ms
[1181.141s][info][gc,heap        ] GC(146) Eden regions: 606->0(573)
[1181.141s][info][gc,heap        ] GC(146) Survivor regions: 42->49(81)
[1181.141s][info][gc,heap        ] GC(146) Old regions: 221->221
[1181.141s][info][gc,heap        ] GC(146) Humongous regions: 80->80
[1181.141s][info][gc,metaspace   ] GC(146) Metaspace: 29910K(30400K)->29910K(30400K) NonClass: 26513K(26752K)->26513K(26752K) Class: 3397K(3648K)->3397K(3648K)
[1181.141s][info][gc             ] GC(146) Pause Young (Normal) (G1 Evacuation Pause) 7548M->2756M(10240M) 148.577ms
[1181.141s][info][gc,cpu         ] GC(146) User=1.17s Sys=0.00s Real=0.15s
........................................................[1236.830s][info][gc,start       ] GC(147) Pause Young (Normal) (G1 Evacuation Pause)
[1236.830s][info][gc,task        ] GC(147) Using 8 workers of 8 for evacuation
[1236.985s][info][gc,phases      ] GC(147)   Pre Evacuate Collection Set: 0.32ms
[1236.985s][info][gc,phases      ] GC(147)   Merge Heap Roots: 0.55ms
[1236.985s][info][gc,phases      ] GC(147)   Evacuate Collection Set: 153.15ms
[1236.985s][info][gc,phases      ] GC(147)   Post Evacuate Collection Set: 1.07ms
[1236.985s][info][gc,phases      ] GC(147)   Other: 0.06ms
[1236.985s][info][gc,heap        ] GC(147) Eden regions: 569->0(721)
[1236.985s][info][gc,heap        ] GC(147) Survivor regions: 49->43(78)
[1236.985s][info][gc,heap        ] GC(147) Old regions: 221->231
[1236.985s][info][gc,heap        ] GC(147) Humongous regions: 80->80
[1236.985s][info][gc,metaspace   ] GC(147) Metaspace: 29911K(30400K)->29911K(30400K) NonClass: 26513K(26752K)->26513K(26752K) Class: 3397K(3648K)->3397K(3648K)
[1236.985s][info][gc             ] GC(147) Pause Young (Normal) (G1 Evacuation Pause) 7308M->2784M(10240M) 155.275ms
[1236.985s][info][gc,cpu         ] GC(147) User=1.21s Sys=0.00s Real=0.16s
... (rIR:aIR:PR = 692:692:692) (tPR = 10190) [OK] 
  1239s: Performance info:
         Transaction,    Success,    Partial,     Failed,   Receipts, AvgBarcode, 
             Overall,      41530,          0,          0,      39452,      59.48, 
         Response times:
             Request,    Success,    Partial,     Failed,   SkipFail,     Probes,    Samples,      min,      p50,      p90,      p95,      p99,      max, 
       TotalPurchase,      39452,          0,          0,          0,      37782,      41371,      300,      800,     1200,     1300,     1600,   162000,
     InStorePurchase,      20756,          0,          0,          0,      19977,      21827,      300,      700,     1100,     1200,     1600,   162000,
      OnlinePurchase,      14554,          0,          0,          0,      13951,      15163,      300,      800,     1200,     1300,     1600,   160000,
        InstPurchase,       4142,          0,          0,          0,       3854,       4381,      400,      900,     1300,     1400,     1700,   158000,
          AssocOfCat,         43,          0,          0,          0,         40,         44,    19900,    25000,    28000,    34750,   179000,   179000,
      AssocOfProduct,        415,          0,          0,          0,        331,        398,      500,     1000,     1400,     1500,     1700,     4000,
      BusinessReport,        102,          0,          0,          0,         96,        109,    19900,    29000,    31000,    32000,    39900,    40000,
          CustBuyBeh,        414,          0,          0,          0,        330,        438,      200,      300,      900,     1000,     1300,     1400,
       ProductReturn,       1104,          0,          0,          0,        980,       1164,      200,      600,     1000,     1200,     1600,     4900,

  1239s: ( 6%)   IR =    830 ....|....................................................[1296.148s][info][gc,start       ] GC(148) Pause Young (Normal) (G1 Evacuation Pause)
[1296.148s][info][gc,task        ] GC(148) Using 8 workers of 8 for evacuation
[1296.303s][info][gc,phases      ] GC(148)   Pre Evacuate Collection Set: 0.31ms
[1296.303s][info][gc,phases      ] GC(148)   Merge Heap Roots: 0.62ms
[1296.303s][info][gc,phases      ] GC(148)   Evacuate Collection Set: 153.23ms
[1296.303s][info][gc,phases      ] GC(148)   Post Evacuate Collection Set: 1.19ms
[1296.303s][info][gc,phases      ] GC(148)   Other: 0.08ms
[1296.303s][info][gc,heap        ] GC(148) Eden regions: 716->0(665)
[1296.303s][info][gc,heap        ] GC(148) Survivor regions: 43->50(95)
[1296.303s][info][gc,heap        ] GC(148) Old regions: 231->231
[1296.303s][info][gc,heap        ] GC(148) Humongous regions: 80->80
[1296.303s][info][gc,metaspace   ] GC(148) Metaspace: 29911K(30400K)->29911K(30400K) NonClass: 26514K(26752K)->26514K(26752K) Class: 3397K(3648K)->3397K(3648K)
[1296.303s][info][gc             ] GC(148) Pause Young (Normal) (G1 Evacuation Pause) 8512M->2840M(10240M) 155.596ms
[1296.303s][info][gc,cpu         ] GC(148) User=1.22s Sys=0.00s Real=0.15s
........ (rIR:aIR:PR = 830:829:829) (tPR = 12146) [OK] 
  1303s: Performance info:
         Transaction,    Success,    Partial,     Failed,   Receipts, AvgBarcode, 
             Overall,      49782,          0,          0,      47293,      59.48, 
         Response times:
             Request,    Success,    Partial,     Failed,   SkipFail,     Probes,    Samples,      min,      p50,      p90,      p95,      p99,      max, 
       TotalPurchase,      47293,          0,          0,          0,      45550,      49873,      400,      900,     1300,     1400,     1800,   161000,
     InStorePurchase,      24897,          0,          0,          0,      24126,      26191,      400,      800,     1300,     1400,     1700,   160000,
      OnlinePurchase,      17426,          0,          0,          0,      16750,      18403,      400,      900,     1400,     1500,     1800,   161000,
        InstPurchase,       4970,          0,          0,          0,       4674,       5279,      400,      900,     1400,     1500,     1800,   160000,
          AssocOfCat,         52,          0,          0,          0,         44,         52,    19000,    25000,    27700,    30400,    45000,    45000,
      AssocOfProduct,        493,          0,          0,          0,        408,        532,      600,     1200,     1500,     1635,     2334,     6500,
      BusinessReport,        125,          0,          0,          0,         96,        139,    21000,    30000,    32000,    34000,    36600,    37000,
          CustBuyBeh,        497,          0,          0,          0,        387,        459,      200,      600,     1100,     1300,     1740,     4100,
       ProductReturn,       1321,          0,          0,          0,       1172,       1383,      200,      400,     1000,     1200,     1600,     3800,

  1303s: ( 7%)   IR =    969 ....|....................................[1343.477s][info][gc,start       ] GC(149) Pause Young (Normal) (G1 Evacuation Pause)
[1343.477s][info][gc,task        ] GC(149) Using 8 workers of 8 for evacuation
[1343.639s][info][gc,phases      ] GC(149)   Pre Evacuate Collection Set: 0.29ms
[1343.639s][info][gc,phases      ] GC(149)   Merge Heap Roots: 0.61ms
[1343.639s][info][gc,phases      ] GC(149)   Evacuate Collection Set: 159.82ms
[1343.639s][info][gc,phases      ] GC(149)   Post Evacuate Collection Set: 1.18ms
[1343.639s][info][gc,phases      ] GC(149)   Other: 0.07ms
[1343.639s][info][gc,heap        ] GC(149) Eden regions: 659->0(705)
[1343.639s][info][gc,heap        ] GC(149) Survivor regions: 50->50(89)
[1343.639s][info][gc,heap        ] GC(149) Old regions: 231->233
[1343.639s][info][gc,heap        ] GC(149) Humongous regions: 80->80
[1343.639s][info][gc,metaspace   ] GC(149) Metaspace: 29913K(30400K)->29913K(30400K) NonClass: 26516K(26752K)->26516K(26752K) Class: 3397K(3648K)->3397K(3648K)
[1343.639s][info][gc             ] GC(149) Pause Young (Normal) (G1 Evacuation Pause) 8112M->2862M(10240M) 162.112ms
[1343.639s][info][gc,cpu         ] GC(149) User=1.27s Sys=0.00s Real=0.16s
........................ (rIR:aIR:PR = 969:970:970) (tPR = 14381) [OK] 
  1367s: Performance info:
         Transaction,    Success,    Partial,     Failed,   Receipts, AvgBarcode, 
             Overall,      58211,          0,          0,      55292,      59.48, 
         Response times:
             Request,    Success,    Partial,     Failed,   SkipFail,     Probes,    Samples,      min,      p50,      p90,      p95,      p99,      max, 
       TotalPurchase,      55292,          0,          0,          0,      53266,      57973,      300,     1000,     1500,     1600,     1900,   173000,
     InStorePurchase,      29093,          0,          0,          0,      28253,      30683,      300,      900,     1500,     1600,     1900,     9800,
      OnlinePurchase,      20374,          0,          0,          0,      19511,      21228,      300,     1000,     1500,     1600,     2000,   173000,
        InstPurchase,       5825,          0,          0,          0,       5502,       6062,      400,      900,     1500,     1600,     1900,   167000,
          AssocOfCat,         59,          0,          0,          0,         55,         60,    19100,    25000,    30800,    33950,    45000,    45000,
      AssocOfProduct,        584,          0,          0,          0,        482,        634,      700,     1300,     1700,     1800,     2100,     2700,
      BusinessReport,        144,          0,          0,          0,        109,        160,    21000,    30000,    33000,    36950,   107160,   195000,
          CustBuyBeh,        584,          0,          0,          0,        465,        601,      200,      600,     1300,     1400,     1800,     2700,
       ProductReturn,       1548,          0,          0,          0,       1364,       1566,      200,      500,     1200,     1300,     1800,     7200,

  1367s: ( 8%)   IR =   1107 .....|.................[1389.811s][info][gc,start       ] GC(150) Pause Young (Normal) (G1 Evacuation Pause)
[1389.811s][info][gc,task        ] GC(150) Using 8 workers of 8 for evacuation
[1389.972s][info][gc,phases      ] GC(150)   Pre Evacuate Collection Set: 0.30ms
[1389.972s][info][gc,phases      ] GC(150)   Merge Heap Roots: 0.51ms
[1389.972s][info][gc,phases      ] GC(150)   Evacuate Collection Set: 159.62ms
[1389.972s][info][gc,phases      ] GC(150)   Post Evacuate Collection Set: 1.22ms
[1389.972s][info][gc,phases      ] GC(150)   Other: 0.06ms
[1389.972s][info][gc,heap        ] GC(150) Eden regions: 700->0(717)
[1389.972s][info][gc,heap        ] GC(150) Survivor regions: 50->51(94)
[1389.972s][info][gc,heap        ] GC(150) Old regions: 233->236
[1389.972s][info][gc,heap        ] GC(150) Humongous regions: 80->80
[1389.972s][info][gc,metaspace   ] GC(150) Metaspace: 29914K(30400K)->29914K(30400K) NonClass: 26517K(26752K)->26517K(26752K) Class: 3397K(3648K)->3397K(3648K)
[1389.972s][info][gc             ] GC(150) Pause Young (Normal) (G1 Evacuation Pause) 8462M->2892M(10240M) 161.840ms
[1389.972s][info][gc,cpu         ] GC(150) User=1.28s Sys=0.00s Real=0.16s
........................................... (rIR:aIR:PR = 1107:1108:1108) (tPR = 16322) [OK] 
  1432s: Performance info:
         Transaction,    Success,    Partial,     Failed,   Receipts, AvgBarcode, 
             Overall,      66499,          0,          0,      63178,      59.48, 
         Response times:
             Request,    Success,    Partial,     Failed,   SkipFail,     Probes,    Samples,      min,      p50,      p90,      p95,      p99,      max, 
       TotalPurchase,      63178,          0,          0,          0,      61132,      67325,      400,     1000,     1600,     1800,     2100,   165000,
     InStorePurchase,      33261,          0,          0,          0,      32332,      35587,      400,     1000,     1600,     1700,     2000,   165000,
      OnlinePurchase,      23253,          0,          0,          0,      22479,      24677,      400,     1000,     1600,     1800,     2100,   164000,
        InstPurchase,       6664,          0,          0,          0,       6321,       7061,      400,     1200,     1700,     1800,     2100,   164000,
          AssocOfCat,         67,          0,          0,          0,         64,         71,    18300,    26000,    28000,    32400,   187000,   187000,
      AssocOfProduct,        658,          0,          0,          0,        543,        701,      500,     1400,     1900,     2000,     2298,     2500,
      BusinessReport,        164,          0,          0,          0,        124,        191,    22000,    30000,    33000,    36000,    41080,    42000,
          CustBuyBeh,        667,          0,          0,          0,        550,        671,      200,     1000,     1500,     1600,     1928,     7000,
       ProductReturn,       1765,          0,          0,          0,       1574,       1904,      200,      800,     1400,     1600,     1900,     6900,

  1432s: ( 9%)   IR =   1245 .[1433.979s][info][gc,start       ] GC(151) Pause Young (Normal) (G1 Evacuation Pause)
[1433.980s][info][gc,task        ] GC(151) Using 8 workers of 8 for evacuation
[1434.145s][info][gc,phases      ] GC(151)   Pre Evacuate Collection Set: 0.32ms
[1434.145s][info][gc,phases      ] GC(151)   Merge Heap Roots: 0.64ms
[1434.145s][info][gc,phases      ] GC(151)   Evacuate Collection Set: 163.24ms
[1434.145s][info][gc,phases      ] GC(151)   Post Evacuate Collection Set: 1.22ms
[1434.145s][info][gc,phases      ] GC(151)   Other: 0.06ms
[1434.145s][info][gc,heap        ] GC(151) Eden regions: 717->0(717)
[1434.145s][info][gc,heap        ] GC(151) Survivor regions: 51->51(96)
[1434.145s][info][gc,heap        ] GC(151) Old regions: 236->238
[1434.145s][info][gc,heap        ] GC(151) Humongous regions: 80->80
[1434.145s][info][gc,metaspace   ] GC(151) Metaspace: 29919K(30400K)->29919K(30400K) NonClass: 26521K(26752K)->26521K(26752K) Class: 3397K(3648K)->3397K(3648K)
[1434.145s][info][gc             ] GC(151) Pause Young (Normal) (G1 Evacuation Pause) 8628M->2912M(10240M) 165.614ms
[1434.145s][info][gc,cpu         ] GC(151) User=1.30s Sys=0.00s Real=0.17s
.....|..................................[1473.167s][info][gc,start       ] GC(152) Pause Young (Normal) (G1 Evacuation Pause)
[1473.167s][info][gc,task        ] GC(152) Using 8 workers of 8 for evacuation
[1473.330s][info][gc,phases      ] GC(152)   Pre Evacuate Collection Set: 0.30ms
[1473.330s][info][gc,phases      ] GC(152)   Merge Heap Roots: 0.64ms
[1473.330s][info][gc,phases      ] GC(152)   Evacuate Collection Set: 160.32ms
[1473.330s][info][gc,phases      ] GC(152)   Post Evacuate Collection Set: 1.27ms
[1473.330s][info][gc,phases      ] GC(152)   Other: 0.08ms
[1473.330s][info][gc,heap        ] GC(152) Eden regions: 717->0(718)
[1473.330s][info][gc,heap        ] GC(152) Survivor regions: 51->50(96)
[1473.330s][info][gc,heap        ] GC(152) Old regions: 238->240
[1473.330s][info][gc,heap        ] GC(152) Humongous regions: 80->80
[1473.330s][info][gc,metaspace   ] GC(152) Metaspace: 29919K(30400K)->29919K(30400K) NonClass: 26521K(26752K)->26521K(26752K) Class: 3397K(3648K)->3397K(3648K)
[1473.330s][info][gc             ] GC(152) Pause Young (Normal) (G1 Evacuation Pause) 8648M->2921M(10240M) 162.757ms
[1473.330s][info][gc,cpu         ] GC(152) User=1.28s Sys=0.00s Real=0.16s
.......................... (rIR:aIR:PR = 1245:1245:1245) (tPR = 18645) [OK] 
  1498s: Performance info:
         Transaction,    Success,    Partial,     Failed,   Receipts, AvgBarcode, 
             Overall,      74711,          0,          0,      70973,      59.46, 
         Response times:
             Request,    Success,    Partial,     Failed,   SkipFail,     Probes,    Samples,      min,      p50,      p90,      p95,      p99,      max, 
       TotalPurchase,      70973,          0,          0,          0,      68276,      76347,      300,     1100,     1700,     1900,     2500,   169000,
     InStorePurchase,      37341,          0,          0,          0,      36030,      40145,      400,     1100,     1700,     1900,     2500,   169000,
      OnlinePurchase,      26157,          0,          0,          0,      25230,      28235,      300,     1100,     1700,     1900,     2400,   166000,
        InstPurchase,       7475,          0,          0,          0,       7016,       7967,      500,     1100,     1800,     2000,     2500,    14900,
          AssocOfCat,         76,          0,          0,          0,         76,         82,    19300,    26000,    29000,    30850,   203000,   203000,
      AssocOfProduct,        750,          0,          0,          0,        643,        808,      600,     1550,     2000,     2200,     2800,     9700,
      BusinessReport,        189,          0,          0,          0,        141,        199,    19700,    30000,    33000,    37000,    44000,   202000,
          CustBuyBeh,        746,          0,          0,          0,        640,        801,      200,     1100,     1600,     1700,     2498,    14500,
       ProductReturn,       1977,          0,          0,          0,       1742,       2095,      200,      600,     1500,     1700,     2100,     9400,

  1498s: (10%)   IR =   1384 ......|......[1511.127s][info][gc,start       ] GC(153) Pause Young (Normal) (G1 Evacuation Pause)
[1511.127s][info][gc,task        ] GC(153) Using 8 workers of 8 for evacuation
[1511.288s][info][gc,phases      ] GC(153)   Pre Evacuate Collection Set: 0.30ms
[1511.288s][info][gc,phases      ] GC(153)   Merge Heap Roots: 0.62ms
[1511.288s][info][gc,phases      ] GC(153)   Evacuate Collection Set: 159.29ms
[1511.288s][info][gc,phases      ] GC(153)   Post Evacuate Collection Set: 1.27ms
[1511.288s][info][gc,phases      ] GC(153)   Other: 0.06ms
[1511.288s][info][gc,heap        ] GC(153) Eden regions: 718->0(717)
[1511.288s][info][gc,heap        ] GC(153) Survivor regions: 50->51(96)
[1511.288s][info][gc,heap        ] GC(153) Old regions: 240->242
[1511.288s][info][gc,heap        ] GC(153) Humongous regions: 80->80
[1511.288s][info][gc,metaspace   ] GC(153) Metaspace: 29919K(30400K)->29919K(30400K) NonClass: 26521K(26752K)->26521K(26752K) Class: 3397K(3648K)->3397K(3648K)
[1511.288s][info][gc             ] GC(153) Pause Young (Normal) (G1 Evacuation Pause) 8665M->2947M(10240M) 161.668ms
[1511.288s][info][gc,cpu         ] GC(153) User=1.27s Sys=0.00s Real=0.16s
...................................[1546.395s][info][gc,start       ] GC(154) Pause Young (Normal) (G1 Evacuation Pause)
[1546.395s][info][gc,task        ] GC(154) Using 8 workers of 8 for evacuation
[1546.559s][info][gc,phases      ] GC(154)   Pre Evacuate Collection Set: 0.28ms
[1546.560s][info][gc,phases      ] GC(154)   Merge Heap Roots: 0.60ms
[1546.560s][info][gc,phases      ] GC(154)   Evacuate Collection Set: 162.01ms
[1546.560s][info][gc,phases      ] GC(154)   Post Evacuate Collection Set: 1.22ms
[1546.560s][info][gc,phases      ] GC(154)   Other: 0.08ms
[1546.560s][info][gc,heap        ] GC(154) Eden regions: 717->0(718)
[1546.560s][info][gc,heap        ] GC(154) Survivor regions: 51->50(96)
[1546.560s][info][gc,heap        ] GC(154) Old regions: 242->245
[1546.560s][info][gc,heap        ] GC(154) Humongous regions: 80->80
[1546.560s][info][gc,metaspace   ] GC(154) Metaspace: 29919K(30400K)->29919K(30400K) NonClass: 26521K(26752K)->26521K(26752K) Class: 3397K(3648K)->3397K(3648K)
[1546.560s][info][gc             ] GC(154) Pause Young (Normal) (G1 Evacuation Pause) 8683M->2958M(10240M) 164.323ms
[1546.560s][info][gc,cpu         ] GC(154) User=1.29s Sys=0.00s Real=0.16s
................... (rIR:aIR:PR = 1384:1384:1384) (tPR = 20393) [OK] 
  1564s: Performance info:
         Transaction,    Success,    Partial,     Failed,   Receipts, AvgBarcode, 
             Overall,      83207,          0,          0,      79039,      59.48, 
         Response times:
             Request,    Success,    Partial,     Failed,   SkipFail,     Probes,    Samples,      min,      p50,      p90,      p95,      p99,      max, 
       TotalPurchase,      79039,          0,          0,          0,      76436,      85847,      400,     1200,     1900,     2100,     2600,   167000,
     InStorePurchase,      41600,          0,          0,          0,      40453,      45404,      400,     1200,     1900,     2000,     2500,   167000,
      OnlinePurchase,      29114,          0,          0,          0,      28062,      31324,      400,     1200,     1900,     2100,     2600,   167000,
        InstPurchase,       8325,          0,          0,          0,       7921,       9119,      500,     1400,     2000,     2200,     2800,   167000,
          AssocOfCat,         83,          0,          0,          0,         77,         90,    18300,    26000,    32000,    35350,    41000,    41000,
      AssocOfProduct,        833,          0,          0,          0,        724,        898,      800,     1600,     2200,     2300,     3100,     8700,
      BusinessReport,        209,          0,          0,          0,        158,        239,    22000,    31000,    33000,    35000,    38000,    43000,
          CustBuyBeh,        835,          0,          0,          0,        725,        899,      500,     1300,     1900,     2000,     2400,     9300,
       ProductReturn,       2209,          0,          0,          0,       2021,       2403,      200,      700,     1700,     1900,     2496,   169000,

  1564s: (11%)   IR =   1522 ....|...........[1580.142s][info][gc,start       ] GC(155) Pause Young (Normal) (G1 Evacuation Pause)
[1580.142s][info][gc,task        ] GC(155) Using 8 workers of 8 for evacuation
[1580.305s][info][gc,phases      ] GC(155)   Pre Evacuate Collection Set: 0.29ms
[1580.305s][info][gc,phases      ] GC(155)   Merge Heap Roots: 0.66ms
[1580.305s][info][gc,phases      ] GC(155)   Evacuate Collection Set: 161.59ms
[1580.305s][info][gc,phases      ] GC(155)   Post Evacuate Collection Set: 1.24ms
[1580.305s][info][gc,phases      ] GC(155)   Other: 0.07ms
[1580.305s][info][gc,heap        ] GC(155) Eden regions: 718->0(717)
[1580.305s][info][gc,heap        ] GC(155) Survivor regions: 50->51(96)
[1580.305s][info][gc,heap        ] GC(155) Old regions: 245->247
[1580.305s][info][gc,heap        ] GC(155) Humongous regions: 80->80
[1580.305s][info][gc,metaspace   ] GC(155) Metaspace: 29919K(30400K)->29919K(30400K) NonClass: 26522K(26752K)->26522K(26752K) Class: 3397K(3648K)->3397K(3648K)
[1580.306s][info][gc             ] GC(155) Pause Young (Normal) (G1 Evacuation Pause) 8702M->2981M(10240M) 163.991ms
[1580.306s][info][gc,cpu         ] GC(155) User=1.29s Sys=0.00s Real=0.17s
................................[1612.119s][info][gc,start       ] GC(156) Pause Young (Normal) (G1 Evacuation Pause)
[1612.120s][info][gc,task        ] GC(156) Using 8 workers of 8 for evacuation
[1612.282s][info][gc,phases      ] GC(156)   Pre Evacuate Collection Set: 0.32ms
[1612.282s][info][gc,phases      ] GC(156)   Merge Heap Roots: 0.68ms
[1612.282s][info][gc,phases      ] GC(156)   Evacuate Collection Set: 160.49ms
[1612.282s][info][gc,phases      ] GC(156)   Post Evacuate Collection Set: 1.26ms
[1612.282s][info][gc,phases      ] GC(156)   Other: 0.07ms
[1612.282s][info][gc,heap        ] GC(156) Eden regions: 717->0(717)
[1612.282s][info][gc,heap        ] GC(156) Survivor regions: 51->51(96)
[1612.282s][info][gc,heap        ] GC(156) Old regions: 247->249
[1612.282s][info][gc,heap        ] GC(156) Humongous regions: 80->80
[1612.282s][info][gc,metaspace   ] GC(156) Metaspace: 29919K(30400K)->29919K(30400K) NonClass: 26522K(26752K)->26522K(26752K) Class: 3397K(3648K)->3397K(3648K)
[1612.282s][info][gc             ] GC(156) Pause Young (Normal) (G1 Evacuation Pause) 8717M->3002M(10240M) 162.962ms
[1612.282s][info][gc,cpu         ] GC(156) User=1.28s Sys=0.00s Real=0.16s
................. (rIR:aIR:PR = 1522:1522:1522) (tPR = 22758) [OK] 
  1628s: Performance info:
         Transaction,    Success,    Partial,     Failed,   Receipts, AvgBarcode, 
             Overall,      91351,          0,          0,      86792,      59.48, 
         Response times:
             Request,    Success,    Partial,     Failed,   SkipFail,     Probes,    Samples,      min,      p50,      p90,      p95,      p99,      max, 
       TotalPurchase,      86792,          0,          0,          0,      84314,      91660,      400,     1300,     2100,     2200,     2800,   169000,
     InStorePurchase,      45671,          0,          0,          0,      44374,      48049,      400,     1300,     2000,     2200,     2700,   169000,
      OnlinePurchase,      31985,          0,          0,          0,      31163,      33827,      400,     1300,     2100,     2300,     2800,   168000,
        InstPurchase,       9136,          0,          0,          0,       8777,       9784,      500,     1400,     2100,     2300,     2800,   167000,
          AssocOfCat,         91,          0,          0,          0,         88,         97,    19900,    27000,    31000,    32000,    44000,    44000,
      AssocOfProduct,        910,          0,          0,          0,        788,        975,      800,     1800,     2400,     2500,     3196,    13500,
      BusinessReport,        228,          0,          0,          0,        165,        241,    21000,    31000,    34000,    36000,    43580,    44000,
          CustBuyBeh,        910,          0,          0,          0,        807,       1031,      200,     1000,     1800,     2000,     2600,    10300,
       ProductReturn,       2420,          0,          0,          0,       2198,       2537,      200,     1200,     2000,     2200,     2800,    14200,

  1628s: (12%)   IR =   1660 .....|.........[1642.910s][info][gc,start       ] GC(157) Pause Young (Normal) (G1 Evacuation Pause)
[1642.910s][info][gc,task        ] GC(157) Using 8 workers of 8 for evacuation
[1643.075s][info][gc,phases      ] GC(157)   Pre Evacuate Collection Set: 0.28ms
[1643.075s][info][gc,phases      ] GC(157)   Merge Heap Roots: 0.61ms
[1643.075s][info][gc,phases      ] GC(157)   Evacuate Collection Set: 163.28ms
[1643.075s][info][gc,phases      ] GC(157)   Post Evacuate Collection Set: 1.26ms
[1643.075s][info][gc,phases      ] GC(157)   Other: 0.07ms
[1643.075s][info][gc,heap        ] GC(157) Eden regions: 717->0(717)
[1643.075s][info][gc,heap        ] GC(157) Survivor regions: 51->51(96)
[1643.075s][info][gc,heap        ] GC(157) Old regions: 249->252
[1643.075s][info][gc,heap        ] GC(157) Humongous regions: 80->80
[1643.075s][info][gc,metaspace   ] GC(157) Metaspace: 29919K(30400K)->29919K(30400K) NonClass: 26522K(26752K)->26522K(26752K) Class: 3397K(3648K)->3397K(3648K)
[1643.075s][info][gc             ] GC(157) Pause Young (Normal) (G1 Evacuation Pause) 8738M->3016M(10240M) 165.634ms
[1643.075s][info][gc,cpu         ] GC(157) User=1.30s Sys=0.00s Real=0.17s
.............................[1672.233s][info][gc,start       ] GC(158) Pause Young (Normal) (G1 Evacuation Pause)
[1672.234s][info][gc,task        ] GC(158) Using 8 workers of 8 for evacuation
[1672.399s][info][gc,phases      ] GC(158)   Pre Evacuate Collection Set: 0.33ms
[1672.400s][info][gc,phases      ] GC(158)   Merge Heap Roots: 0.70ms
[1672.400s][info][gc,phases      ] GC(158)   Evacuate Collection Set: 163.62ms
[1672.400s][info][gc,phases      ] GC(158)   Post Evacuate Collection Set: 1.23ms
[1672.400s][info][gc,phases      ] GC(158)   Other: 0.07ms
[1672.400s][info][gc,heap        ] GC(158) Eden regions: 717->0(716)
[1672.400s][info][gc,heap        ] GC(158) Survivor regions: 51->52(96)
[1672.400s][info][gc,heap        ] GC(158) Old regions: 252->254
[1672.400s][info][gc,heap        ] GC(158) Humongous regions: 80->80
[1672.400s][info][gc,metaspace   ] GC(158) Metaspace: 29919K(30400K)->29919K(30400K) NonClass: 26522K(26752K)->26522K(26752K) Class: 3397K(3648K)->3397K(3648K)
[1672.400s][info][gc             ] GC(158) Pause Young (Normal) (G1 Evacuation Pause) 8752M->3043M(10240M) 166.109ms
[1672.400s][info][gc,cpu         ] GC(158) User=1.30s Sys=0.00s Real=0.17s
...................... (rIR:aIR:PR = 1660:1660:1660) (tPR = 24689) [OK] 
  1693s: Performance info:
         Transaction,    Success,    Partial,     Failed,   Receipts, AvgBarcode, 
             Overall,      99657,          0,          0,      94672,      59.47, 
         Response times:
             Request,    Success,    Partial,     Failed,   SkipFail,     Probes,    Samples,      min,      p50,      p90,      p95,      p99,      max, 
       TotalPurchase,      94670,          0,          0,          0,      91636,     100734,      400,     1400,     2200,     2400,     2900,   175000,
     InStorePurchase,      49830,          0,          0,          0,      48227,      52739,      400,     1400,     2200,     2400,     2900,   171000,
      OnlinePurchase,      34873,          0,          0,          0,      33851,      37236,      400,     1400,     2200,     2400,     2900,   175000,
        InstPurchase,       9967,          0,          0,          0,       9558,      10759,      500,     1500,     2200,     2400,     3000,   169000,
          AssocOfCat,         99,          0,          0,          0,         92,        107,    19000,    27000,    31000,    34600,   181240,   193000,
      AssocOfProduct,        992,          0,          0,          0,        857,       1036,      600,     1800,     2400,     2600,     4067,   169000,
      BusinessReport,        252,          0,          0,          0,        199,        260,    23000,    31000,    35000,    38000,    54560,   201000,
          CustBuyBeh,       1001,          0,          0,          0,        853,       1028,      200,     1500,     2100,     2300,     7426,    10200,
       ProductReturn,       2642,          0,          0,          0,       2389,       2823,      200,     1200,     2000,     2300,     2900,   168000,

  1693s: (13%)   IR =   1799 ......|.[1700.941s][info][gc,start       ] GC(159) Pause Young (Normal) (G1 Evacuation Pause)
[1700.941s][info][gc,task        ] GC(159) Using 8 workers of 8 for evacuation
[1701.105s][info][gc,phases      ] GC(159)   Pre Evacuate Collection Set: 0.29ms
[1701.105s][info][gc,phases      ] GC(159)   Merge Heap Roots: 0.60ms
[1701.105s][info][gc,phases      ] GC(159)   Evacuate Collection Set: 161.41ms
[1701.105s][info][gc,phases      ] GC(159)   Post Evacuate Collection Set: 1.30ms
[1701.105s][info][gc,phases      ] GC(159)   Other: 0.07ms
[1701.105s][info][gc,heap        ] GC(159) Eden regions: 716->0(717)
[1701.105s][info][gc,heap        ] GC(159) Survivor regions: 52->51(96)
[1701.105s][info][gc,heap        ] GC(159) Old regions: 254->256
[1701.105s][info][gc,heap        ] GC(159) Humongous regions: 80->80
[1701.105s][info][gc,metaspace   ] GC(159) Metaspace: 29926K(30464K)->29926K(30464K) NonClass: 26529K(26816K)->26529K(26816K) Class: 3397K(3648K)->3397K(3648K)
[1701.105s][info][gc             ] GC(159) Pause Young (Normal) (G1 Evacuation Pause) 8771M->3053M(10240M) 163.790ms
[1701.105s][info][gc,cpu         ] GC(159) User=1.29s Sys=0.00s Real=0.16s
...........................[1728.038s][info][gc,start       ] GC(160) Pause Young (Normal) (G1 Evacuation Pause)
[1728.038s][info][gc,task        ] GC(160) Using 8 workers of 8 for evacuation
[1728.203s][info][gc,phases      ] GC(160)   Pre Evacuate Collection Set: 0.29ms
[1728.203s][info][gc,phases      ] GC(160)   Merge Heap Roots: 0.64ms
[1728.203s][info][gc,phases      ] GC(160)   Evacuate Collection Set: 162.03ms
[1728.203s][info][gc,phases      ] GC(160)   Post Evacuate Collection Set: 1.26ms
[1728.203s][info][gc,phases      ] GC(160)   Other: 0.07ms
[1728.203s][info][gc,heap        ] GC(160) Eden regions: 717->0(717)
[1728.203s][info][gc,heap        ] GC(160) Survivor regions: 51->51(96)
[1728.203s][info][gc,heap        ] GC(160) Old regions: 256->258
[1728.203s][info][gc,heap        ] GC(160) Humongous regions: 80->80
[1728.203s][info][gc,metaspace   ] GC(160) Metaspace: 29926K(30464K)->29926K(30464K) NonClass: 26529K(26816K)->26529K(26816K) Class: 3397K(3648K)->3397K(3648K)
[1728.203s][info][gc             ] GC(160) Pause Young (Normal) (G1 Evacuation Pause) 8789M->3075M(10240M) 164.407ms
[1728.203s][info][gc,cpu         ] GC(160) User=1.29s Sys=0.00s Real=0.16s
...........................[1755.163s][info][gc,start       ] GC(161) Pause Young (Normal) (G1 Evacuation Pause)
[1755.163s][info][gc,task        ] GC(161) Using 8 workers of 8 for evacuation
[1755.332s][info][gc,phases      ] GC(161)   Pre Evacuate Collection Set: 0.30ms
[1755.332s][info][gc,phases      ] GC(161)   Merge Heap Roots: 0.67ms
[1755.332s][info][gc,phases      ] GC(161)   Evacuate Collection Set: 167.52ms
[1755.332s][info][gc,phases      ] GC(161)   Post Evacuate Collection Set: 1.23ms
[1755.332s][info][gc,phases      ] GC(161)   Other: 0.07ms
[1755.332s][info][gc,heap        ] GC(161) Eden regions: 717->0(716)
[1755.332s][info][gc,heap        ] GC(161) Survivor regions: 51->52(96)
[1755.332s][info][gc,heap        ] GC(161) Old regions: 258->261
[1755.332s][info][gc,heap        ] GC(161) Humongous regions: 80->80
[1755.332s][info][gc,metaspace   ] GC(161) Metaspace: 29926K(30464K)->29926K(30464K) NonClass: 26529K(26816K)->26529K(26816K) Class: 3397K(3648K)->3397K(3648K)
[1755.332s][info][gc             ] GC(161) Pause Young (Normal) (G1 Evacuation Pause) 8811M->3101M(10240M) 169.928ms
[1755.333s][info][gc,cpu         ] GC(161) User=1.33s Sys=0.00s Real=0.17s
..... (rIR:aIR:PR = 1799:1797:1797) (tPR = 26685) [OK] 
  1759s: Performance info:
         Transaction,    Success,    Partial,     Failed,   Receipts, AvgBarcode, 
             Overall,     107903,          0,          0,     102507,      59.47, 
         Response times:
             Request,    Success,    Partial,     Failed,   SkipFail,     Probes,    Samples,      min,      p50,      p90,      p95,      p99,      max, 
       TotalPurchase,     102507,          0,          0,          0,      99727,     111145,      400,     1500,     2300,     2600,     3500,   172000,
     InStorePurchase,      53956,          0,          0,          0,      52805,      58586,      400,     1500,     2300,     2500,     3500,   172000,
      OnlinePurchase,      37766,          0,          0,          0,      36606,      40832,      400,     1500,     2300,     2600,     3400,   172000,
        InstPurchase,      10785,          0,          0,          0,      10316,      11727,      400,     1400,     2300,     2600,     3600,   168000,
          AssocOfCat,        107,          0,          0,          0,         97,        118,    19400,    27000,    29100,    30000,    33620,    34000,
      AssocOfProduct,       1083,          0,          0,          0,        937,       1154,      700,     1800,     2550,     2800,     6095,   175000,
      BusinessReport,        269,          0,          0,          0,        214,        325,    22000,    32000,    37000,    38700,    52740,   224000,
          CustBuyBeh,       1079,          0,          0,          0,        962,       1198,      600,     1600,     2300,     2500,     3300,    13500,
       ProductReturn,       2858,          0,          0,          0,       2630,       3054,      200,     1500,     2300,     2500,     4920,    30000,

  1759s: (14%)   IR =   1937 ....|................[1780.598s][info][gc,start       ] GC(162) Pause Young (Normal) (G1 Evacuation Pause)
[1780.598s][info][gc,task        ] GC(162) Using 8 workers of 8 for evacuation
[1780.765s][info][gc,phases      ] GC(162)   Pre Evacuate Collection Set: 0.35ms
[1780.765s][info][gc,phases      ] GC(162)   Merge Heap Roots: 0.71ms
[1780.765s][info][gc,phases      ] GC(162)   Evacuate Collection Set: 164.38ms
[1780.765s][info][gc,phases      ] GC(162)   Post Evacuate Collection Set: 1.24ms
[1780.765s][info][gc,phases      ] GC(162)   Other: 0.09ms
[1780.765s][info][gc,heap        ] GC(162) Eden regions: 716->0(717)
[1780.765s][info][gc,heap        ] GC(162) Survivor regions: 52->51(96)
[1780.765s][info][gc,heap        ] GC(162) Old regions: 261->263
[1780.765s][info][gc,heap        ] GC(162) Humongous regions: 80->80
[1780.765s][info][gc,metaspace   ] GC(162) Metaspace: 29926K(30464K)->29926K(30464K) NonClass: 26529K(26816K)->26529K(26816K) Class: 3397K(3648K)->3397K(3648K)
[1780.765s][info][gc             ] GC(162) Pause Young (Normal) (G1 Evacuation Pause) 8829M->3107M(10240M) 166.948ms
[1780.765s][info][gc,cpu         ] GC(162) User=1.31s Sys=0.00s Real=0.17s
.........................[1805.770s][info][gc,start       ] GC(163) Pause Young (Normal) (G1 Evacuation Pause)
[1805.770s][info][gc,task        ] GC(163) Using 8 workers of 8 for evacuation
[1805.938s][info][gc,phases      ] GC(163)   Pre Evacuate Collection Set: 0.27ms
[1805.939s][info][gc,phases      ] GC(163)   Merge Heap Roots: 0.55ms
[1805.939s][info][gc,phases      ] GC(163)   Evacuate Collection Set: 166.51ms
[1805.939s][info][gc,phases      ] GC(163)   Post Evacuate Collection Set: 1.23ms
[1805.939s][info][gc,phases      ] GC(163)   Other: 0.08ms
[1805.939s][info][gc,heap        ] GC(163) Eden regions: 717->0(716)
[1805.939s][info][gc,heap        ] GC(163) Survivor regions: 51->52(96)
[1805.939s][info][gc,heap        ] GC(163) Old regions: 263->265
[1805.939s][info][gc,heap        ] GC(163) Humongous regions: 80->80
[1805.939s][info][gc,metaspace   ] GC(163) Metaspace: 29927K(30464K)->29927K(30464K) NonClass: 26530K(26816K)->26530K(26816K) Class: 3397K(3648K)->3397K(3648K)
[1805.939s][info][gc             ] GC(163) Pause Young (Normal) (G1 Evacuation Pause) 8843M->3133M(10240M) 168.803ms
[1805.939s][info][gc,cpu         ] GC(163) User=1.32s Sys=0.00s Real=0.17s
................... (rIR:aIR:PR = 1937:1937:1937) (tPR = 28899) [OK] 
  1823s: Performance info:
         Transaction,    Success,    Partial,     Failed,   Receipts, AvgBarcode, 
             Overall,     116647,          0,          0,     110818,      59.48, 
         Response times:
             Request,    Success,    Partial,     Failed,   SkipFail,     Probes,    Samples,      min,      p50,      p90,      p95,      p99,      max, 
       TotalPurchase,     110818,          0,          0,          0,     107473,     116438,      300,     1500,     2500,     2700,     3500,   176000,
     InStorePurchase,      58318,          0,          0,          0,      56805,      61449,      400,     1600,     2500,     2700,     3500,   176000,
      OnlinePurchase,      40827,          0,          0,          0,      39485,      42688,      300,     1500,     2500,     2700,     3500,   173000,
        InstPurchase,      11673,          0,          0,          0,      11183,      12301,      500,     1500,     2500,     2700,     3698,   175000,
          AssocOfCat,        117,          0,          0,          0,        111,        121,    21000,    28000,    34600,    37800,   174780,   197000,
      AssocOfProduct,       1166,          0,          0,          0,       1034,       1241,      600,     1900,     2700,     2900,     4074,    15700,
      BusinessReport,        290,          0,          0,          0,        228,        313,    25000,    32000,    35000,    38000,    49300,    53000,
          CustBuyBeh,       1168,          0,          0,          0,       1017,       1230,      200,     1600,     2400,     2600,     3538,    28000,
       ProductReturn,       3088,          0,          0,          0,       2874,       3286,      200,     1500,     2400,     2600,     3300,   171000,

  1823s: (15%)   IR =   2076 .....|.[1830.474s][info][gc,start       ] GC(164) Pause Young (Normal) (G1 Evacuation Pause)
[1830.474s][info][gc,task        ] GC(164) Using 8 workers of 8 for evacuation
[1830.641s][info][gc,phases      ] GC(164)   Pre Evacuate Collection Set: 0.31ms
[1830.641s][info][gc,phases      ] GC(164)   Merge Heap Roots: 0.74ms
[1830.641s][info][gc,phases      ] GC(164)   Evacuate Collection Set: 164.57ms
[1830.641s][info][gc,phases      ] GC(164)   Post Evacuate Collection Set: 1.32ms
[1830.641s][info][gc,phases      ] GC(164)   Other: 0.08ms
[1830.641s][info][gc,heap        ] GC(164) Eden regions: 716->0(716)
[1830.641s][info][gc,heap        ] GC(164) Survivor regions: 52->52(96)
[1830.641s][info][gc,heap        ] GC(164) Old regions: 265->268
[1830.641s][info][gc,heap        ] GC(164) Humongous regions: 80->80
[1830.641s][info][gc,metaspace   ] GC(164) Metaspace: 29932K(30464K)->29932K(30464K) NonClass: 26535K(26816K)->26535K(26816K) Class: 3397K(3648K)->3397K(3648K)
[1830.641s][info][gc             ] GC(164) Pause Young (Normal) (G1 Evacuation Pause) 8861M->3155M(10240M) 167.127ms
[1830.641s][info][gc,cpu         ] GC(164) User=1.31s Sys=0.00s Real=0.17s
.......................[1853.959s][info][gc,start       ] GC(165) Pause Young (Normal) (G1 Evacuation Pause)
[1853.959s][info][gc,task        ] GC(165) Using 8 workers of 8 for evacuation
[1854.124s][info][gc,phases      ] GC(165)   Pre Evacuate Collection Set: 0.33ms
[1854.124s][info][gc,phases      ] GC(165)   Merge Heap Roots: 0.72ms
[1854.124s][info][gc,phases      ] GC(165)   Evacuate Collection Set: 163.26ms
[1854.124s][info][gc,phases      ] GC(165)   Post Evacuate Collection Set: 1.26ms
[1854.124s][info][gc,phases      ] GC(165)   Other: 0.08ms
[1854.124s][info][gc,heap        ] GC(165) Eden regions: 716->0(717)
[1854.124s][info][gc,heap        ] GC(165) Survivor regions: 52->51(96)
[1854.124s][info][gc,heap        ] GC(165) Old regions: 268->270
[1854.124s][info][gc,heap        ] GC(165) Humongous regions: 80->80
[1854.124s][info][gc,metaspace   ] GC(165) Metaspace: 29936K(30464K)->29936K(30464K) NonClass: 26538K(26816K)->26538K(26816K) Class: 3397K(3648K)->3397K(3648K)
[1854.125s][info][gc             ] GC(165) Pause Young (Normal) (G1 Evacuation Pause) 8883M->3165M(10240M) 165.813ms
[1854.125s][info][gc,cpu         ] GC(165) User=1.30s Sys=0.00s Real=0.16s
........................[1877.294s][info][gc,start       ] GC(166) Pause Young (Normal) (G1 Evacuation Pause)
[1877.294s][info][gc,task        ] GC(166) Using 8 workers of 8 for evacuation
[1877.463s][info][gc,phases      ] GC(166)   Pre Evacuate Collection Set: 0.32ms
[1877.463s][info][gc,phases      ] GC(166)   Merge Heap Roots: 0.68ms
[1877.463s][info][gc,phases      ] GC(166)   Evacuate Collection Set: 166.85ms
[1877.463s][info][gc,phases      ] GC(166)   Post Evacuate Collection Set: 1.23ms
[1877.463s][info][gc,phases      ] GC(166)   Other: 0.07ms
[1877.463s][info][gc,heap        ] GC(166) Eden regions: 717->0(716)
[1877.463s][info][gc,heap        ] GC(166) Survivor regions: 51->52(96)
[1877.463s][info][gc,heap        ] GC(166) Old regions: 270->272
[1877.463s][info][gc,heap        ] GC(166) Humongous regions: 80->80
[1877.463s][info][gc,metaspace   ] GC(166) Metaspace: 29940K(30464K)->29940K(30464K) NonClass: 26542K(26816K)->26542K(26816K) Class: 3397K(3648K)->3397K(3648K)
[1877.463s][info][gc             ] GC(166) Pause Young (Normal) (G1 Evacuation Pause) 8901M->3191M(10240M) 169.291ms
[1877.463s][info][gc,cpu         ] GC(166) User=1.33s Sys=0.00s Real=0.17s
............ (rIR:aIR:PR = 2076:2076:2076) (tPR = 31227) [OK] 
  1888s: Performance info:
         Transaction,    Success,    Partial,     Failed,   Receipts, AvgBarcode, 
             Overall,     124916,          0,          0,     118667,      59.48, 
         Response times:
             Request,    Success,    Partial,     Failed,   SkipFail,     Probes,    Samples,      min,      p50,      p90,      p95,      p99,      max, 
       TotalPurchase,     118667,          0,          0,          0,     115306,     126731,      300,     1600,     2600,     2900,     4000,   169000,
     InStorePurchase,      62438,          0,          0,          0,      61110,      67336,      400,     1600,     2600,     2900,     4000,   169000,
      OnlinePurchase,      43722,          0,          0,          0,      42294,      46264,      300,     1600,     2600,     2900,     3900,   169000,
        InstPurchase,      12507,          0,          0,          0,      11902,      13131,      400,     1800,     2700,     3000,     4000,   169000,
          AssocOfCat,        127,          0,          0,          0,         94,        132,    24000,    28000,    32000,    36000,    42350,    44000,
      AssocOfProduct,       1250,          0,          0,          0,       1102,       1319,      700,     2100,     2900,     3100,     3880,    21000,
      BusinessReport,        313,          0,          0,          0,        253,        347,    22000,    32000,    37000,    40000,    50560,   211000,
          CustBuyBeh,       1252,          0,          0,          0,       1126,       1359,      200,      800,     1800,     2200,     3740,    25000,
       ProductReturn,       3307,          0,          0,          0,       3061,       3584,      200,     1400,     2500,     2700,     4100,    24000,

  1888s: (16%)   IR =   2214 .....|.....[1899.999s][info][gc,start       ] GC(167) Pause Young (Normal) (G1 Evacuation Pause)
[1899.999s][info][gc,task        ] GC(167) Using 8 workers of 8 for evacuation
[1900.163s][info][gc,phases      ] GC(167)   Pre Evacuate Collection Set: 0.28ms
[1900.163s][info][gc,phases      ] GC(167)   Merge Heap Roots: 0.59ms
[1900.163s][info][gc,phases      ] GC(167)   Evacuate Collection Set: 161.65ms
[1900.163s][info][gc,phases      ] GC(167)   Post Evacuate Collection Set: 1.25ms
[1900.163s][info][gc,phases      ] GC(167)   Other: 0.11ms
[1900.163s][info][gc,heap        ] GC(167) Eden regions: 716->0(717)
[1900.163s][info][gc,heap        ] GC(167) Survivor regions: 52->51(96)
[1900.163s][info][gc,heap        ] GC(167) Old regions: 272->275
[1900.163s][info][gc,heap        ] GC(167) Humongous regions: 80->80
[1900.163s][info][gc,metaspace   ] GC(167) Metaspace: 29942K(30464K)->29942K(30464K) NonClass: 26545K(26816K)->26545K(26816K) Class: 3397K(3648K)->3397K(3648K)
[1900.163s][info][gc             ] GC(167) Pause Young (Normal) (G1 Evacuation Pause) 8919M->3202M(10240M) 164.013ms
[1900.163s][info][gc,cpu         ] GC(167) User=1.29s Sys=0.00s Real=0.16s
......................[1921.860s][info][gc,start       ] GC(168) Pause Young (Normal) (G1 Evacuation Pause)
[1921.860s][info][gc,task        ] GC(168) Using 8 workers of 8 for evacuation
[1922.027s][info][gc,phases      ] GC(168)   Pre Evacuate Collection Set: 0.30ms
[1922.027s][info][gc,phases      ] GC(168)   Merge Heap Roots: 0.65ms
[1922.027s][info][gc,phases      ] GC(168)   Evacuate Collection Set: 164.87ms
[1922.027s][info][gc,phases      ] GC(168)   Post Evacuate Collection Set: 1.23ms
[1922.027s][info][gc,phases      ] GC(168)   Other: 0.07ms
[1922.027s][info][gc,heap        ] GC(168) Eden regions: 717->0(716)
[1922.027s][info][gc,heap        ] GC(168) Survivor regions: 51->52(96)
[1922.027s][info][gc,heap        ] GC(168) Old regions: 275->277
[1922.027s][info][gc,heap        ] GC(168) Humongous regions: 80->80
[1922.027s][info][gc,metaspace   ] GC(168) Metaspace: 29942K(30464K)->29942K(30464K) NonClass: 26545K(26816K)->26545K(26816K) Class: 3397K(3648K)->3397K(3648K)
[1922.027s][info][gc             ] GC(168) Pause Young (Normal) (G1 Evacuation Pause) 8938M->3228M(10240M) 167.227ms
[1922.027s][info][gc,cpu         ] GC(168) User=1.31s Sys=0.00s Real=0.17s
......................[1943.900s][info][gc,start       ] GC(169) Pause Young (Normal) (G1 Evacuation Pause)
[1943.900s][info][gc,task        ] GC(169) Using 8 workers of 8 for evacuation
[1944.065s][info][gc,phases      ] GC(169)   Pre Evacuate Collection Set: 0.32ms
[1944.065s][info][gc,phases      ] GC(169)   Merge Heap Roots: 0.66ms
[1944.065s][info][gc,phases      ] GC(169)   Evacuate Collection Set: 161.79ms
[1944.065s][info][gc,phases      ] GC(169)   Post Evacuate Collection Set: 1.28ms
[1944.065s][info][gc,phases      ] GC(169)   Other: 0.07ms
[1944.065s][info][gc,heap        ] GC(169) Eden regions: 716->0(717)
[1944.065s][info][gc,heap        ] GC(169) Survivor regions: 52->51(96)
[1944.065s][info][gc,heap        ] GC(169) Old regions: 277->279
[1944.065s][info][gc,heap        ] GC(169) Humongous regions: 80->80
[1944.065s][info][gc,metaspace   ] GC(169) Metaspace: 29942K(30464K)->29942K(30464K) NonClass: 26545K(26816K)->26545K(26816K) Class: 3397K(3648K)->3397K(3648K)
[1944.065s][info][gc             ] GC(169) Pause Young (Normal) (G1 Evacuation Pause) 8956M->3238M(10240M) 164.264ms
[1944.065s][info][gc,cpu         ] GC(169) User=1.30s Sys=0.00s Real=0.16s
........... (rIR:aIR:PR = 2214:2214:2214) (tPR = 32974) [OK] 
  1953s: Performance info:
         Transaction,    Success,    Partial,     Failed,   Receipts, AvgBarcode, 
             Overall,     132889,          0,          0,     126247,      59.47, 
         Response times:
             Request,    Success,    Partial,     Failed,   SkipFail,     Probes,    Samples,      min,      p50,      p90,      p95,      p99,      max, 
       TotalPurchase,     126247,          0,          0,          0,     122820,     134615,      400,     1700,     2800,     3000,     4100,   170000,
     InStorePurchase,      66446,          0,          0,          0,      64826,      70837,      400,     1600,     2700,     3000,     3900,   170000,
      OnlinePurchase,      46510,          0,          0,          0,      45349,      49735,      400,     1800,     2800,     3100,     4364,   170000,
        InstPurchase,      13291,          0,          0,          0,      12645,      14043,      500,     1900,     2900,     3200,     4200,   170000,
          AssocOfCat,        132,          0,          0,          0,        103,        164,    18500,    28000,    33000,    36750,    48700,    50000,
      AssocOfProduct,       1322,          0,          0,          0,       1185,       1428,      500,     2000,     3010,     3300,     4400,    19400,
      BusinessReport,        335,          0,          0,          0,        255,        335,    23000,    33000,    37000,    40000,    50560,   205000,
          CustBuyBeh,       1328,          0,          0,          0,       1171,       1415,      200,     1500,     2540,     2800,     3800,    24000,
       ProductReturn,       3525,          0,          0,          0,       3287,       3826,      200,     1400,     2500,     2800,     3673,    24000,

  1953s: (17%)   IR =   2352 ....|.......[1965.255s][info][gc,start       ] GC(170) Pause Young (Normal) (G1 Evacuation Pause)
[1965.255s][info][gc,task        ] GC(170) Using 8 workers of 8 for evacuation
[1965.421s][info][gc,phases      ] GC(170)   Pre Evacuate Collection Set: 0.30ms
[1965.421s][info][gc,phases      ] GC(170)   Merge Heap Roots: 0.62ms
[1965.421s][info][gc,phases      ] GC(170)   Evacuate Collection Set: 163.69ms
[1965.421s][info][gc,phases      ] GC(170)   Post Evacuate Collection Set: 1.32ms
[1965.421s][info][gc,phases      ] GC(170)   Other: 0.07ms
[1965.421s][info][gc,heap        ] GC(170) Eden regions: 717->0(717)
[1965.421s][info][gc,heap        ] GC(170) Survivor regions: 51->51(96)
[1965.421s][info][gc,heap        ] GC(170) Old regions: 279->282
[1965.421s][info][gc,heap        ] GC(170) Humongous regions: 80->80
[1965.421s][info][gc,metaspace   ] GC(170) Metaspace: 29942K(30464K)->29942K(30464K) NonClass: 26545K(26816K)->26545K(26816K) Class: 3397K(3648K)->3397K(3648K)
[1965.421s][info][gc             ] GC(170) Pause Young (Normal) (G1 Evacuation Pause) 8974M->3261M(10240M) 166.125ms
[1965.421s][info][gc,cpu         ] GC(170) User=1.31s Sys=0.00s Real=0.16s
....................[1985.950s][info][gc,start       ] GC(171) Pause Young (Normal) (G1 Evacuation Pause)
[1985.950s][info][gc,task        ] GC(171) Using 8 workers of 8 for evacuation
[1986.115s][info][gc,phases      ] GC(171)   Pre Evacuate Collection Set: 0.29ms
[1986.115s][info][gc,phases      ] GC(171)   Merge Heap Roots: 0.57ms
[1986.115s][info][gc,phases      ] GC(171)   Evacuate Collection Set: 163.50ms
[1986.115s][info][gc,phases      ] GC(171)   Post Evacuate Collection Set: 1.24ms
[1986.115s][info][gc,phases      ] GC(171)   Other: 0.07ms
[1986.115s][info][gc,heap        ] GC(171) Eden regions: 717->0(717)
[1986.115s][info][gc,heap        ] GC(171) Survivor regions: 51->51(96)
[1986.115s][info][gc,heap        ] GC(171) Old regions: 282->284
[1986.115s][info][gc,heap        ] GC(171) Humongous regions: 80->80
[1986.115s][info][gc,metaspace   ] GC(171) Metaspace: 29942K(30464K)->29942K(30464K) NonClass: 26545K(26816K)->26545K(26816K) Class: 3397K(3648K)->3397K(3648K)
[1986.115s][info][gc             ] GC(171) Pause Young (Normal) (G1 Evacuation Pause) 8997M->3276M(10240M) 165.810ms
[1986.115s][info][gc,cpu         ] GC(171) User=1.30s Sys=0.00s Real=0.17s
.....................[2006.704s][info][gc,start       ] GC(172) Pause Young (Normal) (G1 Evacuation Pause)
[2006.704s][info][gc,task        ] GC(172) Using 8 workers of 8 for evacuation
[2006.867s][info][gc,phases      ] GC(172)   Pre Evacuate Collection Set: 0.29ms
[2006.867s][info][gc,phases      ] GC(172)   Merge Heap Roots: 0.66ms
[2006.867s][info][gc,phases      ] GC(172)   Evacuate Collection Set: 160.98ms
[2006.867s][info][gc,phases      ] GC(172)   Post Evacuate Collection Set: 1.25ms
[2006.867s][info][gc,phases      ] GC(172)   Other: 0.07ms
[2006.867s][info][gc,heap        ] GC(172) Eden regions: 717->0(717)
[2006.867s][info][gc,heap        ] GC(172) Survivor regions: 51->51(96)
[2006.867s][info][gc,heap        ] GC(172) Old regions: 284->286
[2006.867s][info][gc,heap        ] GC(172) Humongous regions: 80->80
[2006.867s][info][gc,metaspace   ] GC(172) Metaspace: 29942K(30464K)->29942K(30464K) NonClass: 26545K(26816K)->26545K(26816K) Class: 3397K(3648K)->3397K(3648K)
[2006.867s][info][gc             ] GC(172) Pause Young (Normal) (G1 Evacuation Pause) 9012M->3294M(10240M) 163.407ms
[2006.867s][info][gc,cpu         ] GC(172) User=1.28s Sys=0.00s Real=0.17s
............ (rIR:aIR:PR = 2352:2352:2352) (tPR = 34723) [OK] 
  2018s: Performance info:
         Transaction,    Success,    Partial,     Failed,   Receipts, AvgBarcode, 
             Overall,     141208,          0,          0,     134153,      59.48, 
         Response times:
             Request,    Success,    Partial,     Failed,   SkipFail,     Probes,    Samples,      min,      p50,      p90,      p95,      p99,      max, 
       TotalPurchase,     134153,          0,          0,          0,     130847,     141237,      400,     1800,     2900,     3200,     4600,   173000,
     InStorePurchase,      70640,          0,          0,          0,      69162,      74514,      400,     1800,     2900,     3200,     4700,   173000,
      OnlinePurchase,      49399,          0,          0,          0,      48178,      51897,      400,     1800,     2900,     3200,     4400,   172000,
        InstPurchase,      14114,          0,          0,          0,      13507,      14826,      500,     1900,     3000,     3300,     4773,   172000,
          AssocOfCat,        141,          0,          0,          0,        113,        157,    19900,    29000,    33200,    36100,    52260,    54000,
      AssocOfProduct,       1422,          0,          0,          0,       1245,       1432,      700,     2500,     3300,     3600,     5468,    31000,
      BusinessReport,        352,          0,          0,          0,        291,        393,    22000,    32000,    38000,    45000,    64540,   213000,
          CustBuyBeh,       1405,          0,          0,          0,       1217,       1441,      300,     2000,     2900,     3100,     4100,    29000,
       ProductReturn,       3735,          0,          0,          0,       3448,       3879,      200,     1500,     2800,     3100,     4520,   172000,

  2018s: (18%)   IR =   2491 ....|....[2026.812s][info][gc,start       ] GC(173) Pause Young (Normal) (G1 Evacuation Pause)
[2026.812s][info][gc,task        ] GC(173) Using 8 workers of 8 for evacuation
[2026.975s][info][gc,phases      ] GC(173)   Pre Evacuate Collection Set: 0.33ms
[2026.975s][info][gc,phases      ] GC(173)   Merge Heap Roots: 0.69ms
[2026.975s][info][gc,phases      ] GC(173)   Evacuate Collection Set: 161.27ms
[2026.975s][info][gc,phases      ] GC(173)   Post Evacuate Collection Set: 1.24ms
[2026.975s][info][gc,phases      ] GC(173)   Other: 0.07ms
[2026.975s][info][gc,heap        ] GC(173) Eden regions: 717->0(717)
[2026.975s][info][gc,heap        ] GC(173) Survivor regions: 51->51(96)
[2026.975s][info][gc,heap        ] GC(173) Old regions: 286->288
[2026.975s][info][gc,heap        ] GC(173) Humongous regions: 80->80
[2026.975s][info][gc,metaspace   ] GC(173) Metaspace: 29943K(30464K)->29943K(30464K) NonClass: 26546K(26816K)->26546K(26816K) Class: 3397K(3648K)->3397K(3648K)
[2026.975s][info][gc             ] GC(173) Pause Young (Normal) (G1 Evacuation Pause) 9030M->3311M(10240M) 163.730ms
[2026.975s][info][gc,cpu         ] GC(173) User=1.28s Sys=0.00s Real=0.17s
....................[2046.357s][info][gc,start       ] GC(174) Pause Young (Normal) (G1 Evacuation Pause)
[2046.357s][info][gc,task        ] GC(174) Using 8 workers of 8 for evacuation
[2046.520s][info][gc,phases      ] GC(174)   Pre Evacuate Collection Set: 0.32ms
[2046.520s][info][gc,phases      ] GC(174)   Merge Heap Roots: 0.62ms
[2046.520s][info][gc,phases      ] GC(174)   Evacuate Collection Set: 160.97ms
[2046.520s][info][gc,phases      ] GC(174)   Post Evacuate Collection Set: 1.23ms
[2046.520s][info][gc,phases      ] GC(174)   Other: 0.08ms
[2046.520s][info][gc,heap        ] GC(174) Eden regions: 717->0(717)
[2046.520s][info][gc,heap        ] GC(174) Survivor regions: 51->51(96)
[2046.520s][info][gc,heap        ] GC(174) Old regions: 288->291
[2046.520s][info][gc,heap        ] GC(174) Humongous regions: 80->80
[2046.520s][info][gc,metaspace   ] GC(174) Metaspace: 29943K(30464K)->29943K(30464K) NonClass: 26546K(26816K)->26546K(26816K) Class: 3397K(3648K)->3397K(3648K)
[2046.521s][info][gc             ] GC(174) Pause Young (Normal) (G1 Evacuation Pause) 9047M->3329M(10240M) 163.393ms
[2046.521s][info][gc,cpu         ] GC(174) User=1.29s Sys=0.00s Real=0.16s
...................[2065.844s][info][gc,start       ] GC(175) Pause Young (Normal) (G1 Evacuation Pause)
[2065.844s][info][gc,task        ] GC(175) Using 8 workers of 8 for evacuation
[2066.007s][info][gc,phases      ] GC(175)   Pre Evacuate Collection Set: 0.30ms
[2066.007s][info][gc,phases      ] GC(175)   Merge Heap Roots: 0.56ms
[2066.007s][info][gc,phases      ] GC(175)   Evacuate Collection Set: 160.85ms
[2066.007s][info][gc,phases      ] GC(175)   Post Evacuate Collection Set: 1.28ms
[2066.007s][info][gc,phases      ] GC(175)   Other: 0.07ms
[2066.007s][info][gc,heap        ] GC(175) Eden regions: 717->0(717)
[2066.007s][info][gc,heap        ] GC(175) Survivor regions: 51->51(96)
[2066.007s][info][gc,heap        ] GC(175) Old regions: 291->293
[2066.007s][info][gc,heap        ] GC(175) Humongous regions: 80->80
[2066.007s][info][gc,metaspace   ] GC(175) Metaspace: 29943K(30464K)->29943K(30464K) NonClass: 26546K(26816K)->26546K(26816K) Class: 3397K(3648K)->3397K(3648K)
[2066.007s][info][gc             ] GC(175) Pause Young (Normal) (G1 Evacuation Pause) 9065M->3347M(10240M) 163.189ms
[2066.007s][info][gc,cpu         ] GC(175) User=1.29s Sys=0.00s Real=0.17s
................. (rIR:aIR:PR = 2491:2491:2491) (tPR = 37167) [OK] 
  2082s: Performance info:
         Transaction,    Success,    Partial,     Failed,   Receipts, AvgBarcode, 
             Overall,     149539,          0,          0,     142068,      59.48, 
         Response times:
             Request,    Success,    Partial,     Failed,   SkipFail,     Probes,    Samples,      min,      p50,      p90,      p95,      p99,      max, 
       TotalPurchase,     142068,          0,          0,          0,     138320,     149424,      400,     1900,     3100,     3400,     4700,   171000,
     InStorePurchase,      74792,          0,          0,          0,      72964,      78627,      400,     1800,     3000,     3300,     4700,   171000,
      OnlinePurchase,      52328,          0,          0,          0,      51049,      55086,      400,     2000,     3100,     3400,     4900,   169000,
        InstPurchase,      14948,          0,          0,          0,      14307,      15711,      500,     1700,     3000,     3300,     4300,   169000,
          AssocOfCat,        148,          0,          0,          0,        114,        167,    22000,    29000,    35000,    40600,    50000,    50000,
      AssocOfProduct,       1489,          0,          0,          0,       1339,       1578,      600,     2200,     3300,     3700,     6300,   168000,
      BusinessReport,        371,          0,          0,          0,        291,        395,    23000,    33000,    38000,    41000,    51200,    56000,
          CustBuyBeh,       1493,          0,          0,          0,       1323,       1547,      200,     1900,     2900,     3200,     8132,    29000,
       ProductReturn,       3969,          0,          0,          0,       3675,       4123,      200,     1900,     3000,     3400,     5000,   166000,

  2082s: (19%)   IR =   2629 ..[2085.313s][info][gc,start       ] GC(176) Pause Young (Normal) (G1 Evacuation Pause)
[2085.313s][info][gc,task        ] GC(176) Using 8 workers of 8 for evacuation
[2085.478s][info][gc,phases      ] GC(176)   Pre Evacuate Collection Set: 0.31ms
[2085.478s][info][gc,phases      ] GC(176)   Merge Heap Roots: 0.75ms
[2085.478s][info][gc,phases      ] GC(176)   Evacuate Collection Set: 162.66ms
[2085.478s][info][gc,phases      ] GC(176)   Post Evacuate Collection Set: 1.26ms
[2085.478s][info][gc,phases      ] GC(176)   Other: 0.07ms
[2085.478s][info][gc,heap        ] GC(176) Eden regions: 717->0(717)
[2085.478s][info][gc,heap        ] GC(176) Survivor regions: 51->51(96)
[2085.478s][info][gc,heap        ] GC(176) Old regions: 293->295
[2085.478s][info][gc,heap        ] GC(176) Humongous regions: 80->80
[2085.478s][info][gc,metaspace   ] GC(176) Metaspace: 29943K(30464K)->29943K(30464K) NonClass: 26546K(26816K)->26546K(26816K) Class: 3397K(3648K)->3397K(3648K)
[2085.478s][info][gc             ] GC(176) Pause Young (Normal) (G1 Evacuation Pause) 9083M->3365M(10240M) 165.223ms
[2085.478s][info][gc,cpu         ] GC(176) User=1.30s Sys=0.00s Real=0.17s
.....|..............[2103.826s][info][gc,start       ] GC(177) Pause Young (Normal) (G1 Evacuation Pause)
[2103.826s][info][gc,task        ] GC(177) Using 8 workers of 8 for evacuation
[2103.993s][info][gc,phases      ] GC(177)   Pre Evacuate Collection Set: 0.32ms
[2103.993s][info][gc,phases      ] GC(177)   Merge Heap Roots: 0.67ms
[2103.993s][info][gc,phases      ] GC(177)   Evacuate Collection Set: 164.47ms
[2103.993s][info][gc,phases      ] GC(177)   Post Evacuate Collection Set: 1.28ms
[2103.993s][info][gc,phases      ] GC(177)   Other: 0.07ms
[2103.993s][info][gc,heap        ] GC(177) Eden regions: 717->0(716)
[2103.993s][info][gc,heap        ] GC(177) Survivor regions: 51->52(96)
[2103.993s][info][gc,heap        ] GC(177) Old regions: 295->297
[2103.993s][info][gc,heap        ] GC(177) Humongous regions: 80->80
[2103.993s][info][gc,metaspace   ] GC(177) Metaspace: 29943K(30464K)->29943K(30464K) NonClass: 26546K(26816K)->26546K(26816K) Class: 3397K(3648K)->3397K(3648K)
[2103.993s][info][gc             ] GC(177) Pause Young (Normal) (G1 Evacuation Pause) 9101M->3390M(10240M) 166.963ms
[2103.993s][info][gc,cpu         ] GC(177) User=1.31s Sys=0.01s Real=0.16s
..................[2122.210s][info][gc,start       ] GC(178) Pause Young (Normal) (G1 Evacuation Pause)
[2122.211s][info][gc,task        ] GC(178) Using 8 workers of 8 for evacuation
[2122.377s][info][gc,phases      ] GC(178)   Pre Evacuate Collection Set: 0.28ms
[2122.377s][info][gc,phases      ] GC(178)   Merge Heap Roots: 0.68ms
[2122.377s][info][gc,phases      ] GC(178)   Evacuate Collection Set: 164.37ms
[2122.377s][info][gc,phases      ] GC(178)   Post Evacuate Collection Set: 1.27ms
[2122.377s][info][gc,phases      ] GC(178)   Other: 0.07ms
[2122.377s][info][gc,heap        ] GC(178) Eden regions: 716->0(717)
[2122.377s][info][gc,heap        ] GC(178) Survivor regions: 52->51(96)
[2122.377s][info][gc,heap        ] GC(178) Old regions: 297->300
[2122.377s][info][gc,heap        ] GC(178) Humongous regions: 80->80
[2122.377s][info][gc,metaspace   ] GC(178) Metaspace: 29943K(30464K)->29943K(30464K) NonClass: 26546K(26816K)->26546K(26816K) Class: 3397K(3648K)->3397K(3648K)
[2122.377s][info][gc             ] GC(178) Pause Young (Normal) (G1 Evacuation Pause) 9118M->3404M(10240M) 166.820ms
[2122.377s][info][gc,cpu         ] GC(178) User=1.31s Sys=0.00s Real=0.17s
...................[2140.717s][info][gc,start       ] GC(179) Pause Young (Normal) (G1 Evacuation Pause)
[2140.717s][info][gc,task        ] GC(179) Using 8 workers of 8 for evacuation
[2140.883s][info][gc,phases      ] GC(179)   Pre Evacuate Collection Set: 0.29ms
[2140.883s][info][gc,phases      ] GC(179)   Merge Heap Roots: 0.58ms
[2140.883s][info][gc,phases      ] GC(179)   Evacuate Collection Set: 163.57ms
[2140.883s][info][gc,phases      ] GC(179)   Post Evacuate Collection Set: 1.25ms
[2140.883s][info][gc,phases      ] GC(179)   Other: 0.08ms
[2140.883s][info][gc,heap        ] GC(179) Eden regions: 717->0(717)
[2140.883s][info][gc,heap        ] GC(179) Survivor regions: 51->51(96)
[2140.883s][info][gc,heap        ] GC(179) Old regions: 300->302
[2140.883s][info][gc,heap        ] GC(179) Humongous regions: 80->80
[2140.883s][info][gc,metaspace   ] GC(179) Metaspace: 29943K(30464K)->29943K(30464K) NonClass: 26546K(26816K)->26546K(26816K) Class: 3397K(3648K)->3397K(3648K)
[2140.883s][info][gc             ] GC(179) Pause Young (Normal) (G1 Evacuation Pause) 9140M->3423M(10240M) 165.918ms
[2140.883s][info][gc,cpu         ] GC(179) User=1.31s Sys=0.00s Real=0.16s
......... (rIR:aIR:PR = 2629:2629:2629) (tPR = 39062) [OK] 
  2149s: Performance info:
         Transaction,    Success,    Partial,     Failed,   Receipts, AvgBarcode, 
             Overall,     157844,          0,          0,     149941,      59.47, 
         Response times:
             Request,    Success,    Partial,     Failed,   SkipFail,     Probes,    Samples,      min,      p50,      p90,      p95,      p99,      max, 
       TotalPurchase,     149941,          0,          0,          0,     146456,     165448,      400,     2000,     3200,     3600,     7100,   175000,
     InStorePurchase,      78928,          0,          0,          0,      77227,      87000,      400,     2000,     3200,     3600,     7200,   173000,
      OnlinePurchase,      55233,          0,          0,          0,      54028,      61034,      400,     2000,     3300,     3600,     7000,   173000,
        InstPurchase,      15780,          0,          0,          0,      15201,      17414,      500,     2000,     3300,     3600,     7300,   175000,
          AssocOfCat,        158,          0,          0,          0,        113,        181,    19900,    30000,    37000,    39000,    53900,    58000,
      AssocOfProduct,       1581,          0,          0,          0,       1418,       1759,      600,     2500,     3500,     3900,    10180,    33000,
      BusinessReport,        393,          0,          0,          0,        317,        436,    23000,    34000,    42000,    49150,   153380,   226000,
          CustBuyBeh,       1576,          0,          0,          0,       1416,       1775,      200,     2100,     3100,     3400,    10864,    25000,
       ProductReturn,       4195,          0,          0,          0,       3827,       4505,      200,     1400,     3000,     3300,     5594,   172000,

  2149s: (20%)   IR =   2767 .......|..[2158.809s][info][gc,start       ] GC(180) Pause Young (Normal) (G1 Evacuation Pause)
[2158.809s][info][gc,task        ] GC(180) Using 8 workers of 8 for evacuation
[2158.976s][info][gc,phases      ] GC(180)   Pre Evacuate Collection Set: 0.31ms
[2158.976s][info][gc,phases      ] GC(180)   Merge Heap Roots: 0.71ms
[2158.976s][info][gc,phases      ] GC(180)   Evacuate Collection Set: 164.60ms
[2158.976s][info][gc,phases      ] GC(180)   Post Evacuate Collection Set: 1.25ms
[2158.976s][info][gc,phases      ] GC(180)   Other: 0.08ms
[2158.976s][info][gc,heap        ] GC(180) Eden regions: 717->0(717)
[2158.976s][info][gc,heap        ] GC(180) Survivor regions: 51->51(96)
[2158.976s][info][gc,heap        ] GC(180) Old regions: 302->304
[2158.976s][info][gc,heap        ] GC(180) Humongous regions: 80->80
[2158.976s][info][gc,metaspace   ] GC(180) Metaspace: 29943K(30464K)->29943K(30464K) NonClass: 26546K(26816K)->26546K(26816K) Class: 3397K(3648K)->3397K(3648K)
[2158.976s][info][gc             ] GC(180) Pause Young (Normal) (G1 Evacuation Pause) 9159M->3440M(10240M) 167.079ms
[2158.976s][info][gc,cpu         ] GC(180) User=1.32s Sys=0.00s Real=0.17s
.................[2176.352s][info][gc,start       ] GC(181) Pause Young (Normal) (G1 Evacuation Pause)
[2176.352s][info][gc,task        ] GC(181) Using 8 workers of 8 for evacuation
[2176.517s][info][gc,phases      ] GC(181)   Pre Evacuate Collection Set: 0.32ms
[2176.518s][info][gc,phases      ] GC(181)   Merge Heap Roots: 0.67ms
[2176.518s][info][gc,phases      ] GC(181)   Evacuate Collection Set: 163.52ms
[2176.518s][info][gc,phases      ] GC(181)   Post Evacuate Collection Set: 1.25ms
[2176.518s][info][gc,phases      ] GC(181)   Other: 0.07ms
[2176.518s][info][gc,heap        ] GC(181) Eden regions: 717->0(717)
[2176.518s][info][gc,heap        ] GC(181) Survivor regions: 51->51(96)
[2176.518s][info][gc,heap        ] GC(181) Old regions: 304->306
[2176.518s][info][gc,heap        ] GC(181) Humongous regions: 80->80
[2176.518s][info][gc,metaspace   ] GC(181) Metaspace: 29943K(30464K)->29943K(30464K) NonClass: 26546K(26816K)->26546K(26816K) Class: 3397K(3648K)->3397K(3648K)
[2176.518s][info][gc             ] GC(181) Pause Young (Normal) (G1 Evacuation Pause) 9176M->3454M(10240M) 165.976ms
[2176.518s][info][gc,cpu         ] GC(181) User=1.31s Sys=0.01s Real=0.17s
..................[2193.931s][info][gc,start       ] GC(182) Pause Young (Normal) (G1 Evacuation Pause)
[2193.931s][info][gc,task        ] GC(182) Using 8 workers of 8 for evacuation
[2194.096s][info][gc,phases      ] GC(182)   Pre Evacuate Collection Set: 0.34ms
[2194.096s][info][gc,phases      ] GC(182)   Merge Heap Roots: 0.67ms
[2194.096s][info][gc,phases      ] GC(182)   Evacuate Collection Set: 162.18ms
[2194.096s][info][gc,phases      ] GC(182)   Post Evacuate Collection Set: 1.25ms
[2194.096s][info][gc,phases      ] GC(182)   Other: 0.07ms
[2194.096s][info][gc,heap        ] GC(182) Eden regions: 717->0(717)
[2194.096s][info][gc,heap        ] GC(182) Survivor regions: 51->51(96)
[2194.096s][info][gc,heap        ] GC(182) Old regions: 306->309
[2194.096s][info][gc,heap        ] GC(182) Humongous regions: 80->80
[2194.096s][info][gc,metaspace   ] GC(182) Metaspace: 29943K(30464K)->29943K(30464K) NonClass: 26546K(26816K)->26546K(26816K) Class: 3397K(3648K)->3397K(3648K)
[2194.096s][info][gc             ] GC(182) Pause Young (Normal) (G1 Evacuation Pause) 9190M->3472M(10240M) 164.638ms
[2194.096s][info][gc,cpu         ] GC(182) User=1.29s Sys=0.00s Real=0.17s
.................[2211.511s][info][gc,start       ] GC(183) Pause Young (Normal) (G1 Evacuation Pause)
[2211.511s][info][gc,task        ] GC(183) Using 8 workers of 8 for evacuation
[2211.675s][info][gc,phases      ] GC(183)   Pre Evacuate Collection Set: 0.31ms
[2211.675s][info][gc,phases      ] GC(183)   Merge Heap Roots: 0.67ms
[2211.675s][info][gc,phases      ] GC(183)   Evacuate Collection Set: 160.76ms
[2211.675s][info][gc,phases      ] GC(183)   Post Evacuate Collection Set: 1.25ms
[2211.675s][info][gc,phases      ] GC(183)   Other: 0.07ms
[2211.675s][info][gc,heap        ] GC(183) Eden regions: 717->0(718)
[2211.675s][info][gc,heap        ] GC(183) Survivor regions: 51->50(96)
[2211.675s][info][gc,heap        ] GC(183) Old regions: 309->311
[2211.675s][info][gc,heap        ] GC(183) Humongous regions: 80->80
[2211.675s][info][gc,metaspace   ] GC(183) Metaspace: 29943K(30464K)->29943K(30464K) NonClass: 26546K(26816K)->26546K(26816K) Class: 3397K(3648K)->3397K(3648K)
[2211.675s][info][gc             ] GC(183) Pause Young (Normal) (G1 Evacuation Pause) 9208M->3486M(10240M) 163.212ms
[2211.675s][info][gc,cpu         ] GC(183) User=1.28s Sys=0.00s Real=0.16s
...... (rIR:aIR:PR = 2767:2769:2769) (tPR = 41476) [OK] 
  2216s: Performance info:
         Transaction,    Success,    Partial,     Failed,   Receipts, AvgBarcode, 
             Overall,     166510,          0,          0,     158176,      59.47, 
         Response times:
             Request,    Success,    Partial,     Failed,   SkipFail,     Probes,    Samples,      min,      p50,      p90,      p95,      p99,      max, 
       TotalPurchase,     158177,          0,          0,          0,     153592,     173502,      400,     2100,     3400,     3800,     5800,   194000,
     InStorePurchase,      83230,          0,          0,          0,      80998,      91114,      400,     2000,     3400,     3700,     5700,   179000,
      OnlinePurchase,      58293,          0,          0,          0,      56676,      64159,      400,     2000,     3400,     3800,     5800,   179000,
        InstPurchase,      16654,          0,          0,          0,      15918,      18229,      500,     2100,     3400,     3800,     6400,   194000,
          AssocOfCat,        168,          0,          0,          0,        128,        192,    19600,    29500,    36000,    38000,    42350,    47000,
      AssocOfProduct,       1668,          0,          0,          0,       1420,       1717,      700,     2400,     3600,     4000,     7656,   169000,
      BusinessReport,        417,          0,          0,          0,        342,        466,    24000,    34000,    41300,    47000,    63960,   223000,
          CustBuyBeh,       1666,          0,          0,          0,       1489,       1828,      300,     1700,     3000,     3400,     5400,    26000,
       ProductReturn,       4414,          0,          0,          0,       4129,       4898,      200,     1800,     3200,     3600,     5701,   179000,

  2216s: (21%)   IR =   2906 ......|.....[2228.447s][info][gc,start       ] GC(184) Pause Young (Normal) (G1 Evacuation Pause)
[2228.447s][info][gc,task        ] GC(184) Using 8 workers of 8 for evacuation
[2228.611s][info][gc,phases      ] GC(184)   Pre Evacuate Collection Set: 0.30ms
[2228.611s][info][gc,phases      ] GC(184)   Merge Heap Roots: 0.62ms
[2228.611s][info][gc,phases      ] GC(184)   Evacuate Collection Set: 161.84ms
[2228.611s][info][gc,phases      ] GC(184)   Post Evacuate Collection Set: 1.22ms
[2228.611s][info][gc,phases      ] GC(184)   Other: 0.07ms
[2228.611s][info][gc,heap        ] GC(184) Eden regions: 718->0(718)
[2228.611s][info][gc,heap        ] GC(184) Survivor regions: 50->50(96)
[2228.611s][info][gc,heap        ] GC(184) Old regions: 311->313
[2228.611s][info][gc,heap        ] GC(184) Humongous regions: 80->80
[2228.611s][info][gc,metaspace   ] GC(184) Metaspace: 29943K(30464K)->29943K(30464K) NonClass: 26546K(26816K)->26546K(26816K) Class: 3397K(3648K)->3397K(3648K)
[2228.611s][info][gc             ] GC(184) Pause Young (Normal) (G1 Evacuation Pause) 9230M->3504M(10240M) 164.184ms
[2228.611s][info][gc,cpu         ] GC(184) User=1.29s Sys=0.00s Real=0.16s
.................[2245.143s][info][gc,start       ] GC(185) Pause Young (Normal) (G1 Evacuation Pause)
[2245.143s][info][gc,task        ] GC(185) Using 8 workers of 8 for evacuation
[2245.309s][info][gc,phases      ] GC(185)   Pre Evacuate Collection Set: 0.31ms
[2245.309s][info][gc,phases      ] GC(185)   Merge Heap Roots: 0.59ms
[2245.309s][info][gc,phases      ] GC(185)   Evacuate Collection Set: 163.23ms
[2245.309s][info][gc,phases      ] GC(185)   Post Evacuate Collection Set: 1.25ms
[2245.309s][info][gc,phases      ] GC(185)   Other: 0.07ms
[2245.309s][info][gc,heap        ] GC(185) Eden regions: 718->0(717)
[2245.309s][info][gc,heap        ] GC(185) Survivor regions: 50->51(96)
[2245.309s][info][gc,heap        ] GC(185) Old regions: 313->315
[2245.309s][info][gc,heap        ] GC(185) Humongous regions: 80->80
[2245.309s][info][gc,metaspace   ] GC(185) Metaspace: 29946K(30464K)->29946K(30464K) NonClass: 26549K(26816K)->26549K(26816K) Class: 3397K(3648K)->3397K(3648K)
[2245.309s][info][gc             ] GC(185) Pause Young (Normal) (G1 Evacuation Pause) 9248M->3530M(10240M) 165.582ms
[2245.309s][info][gc,cpu         ] GC(185) User=1.31s Sys=0.01s Real=0.17s
.................[2261.939s][info][gc,start       ] GC(186) Pause Young (Normal) (G1 Evacuation Pause)
[2261.939s][info][gc,task        ] GC(186) Using 8 workers of 8 for evacuation
[2262.105s][info][gc,phases      ] GC(186)   Pre Evacuate Collection Set: 0.34ms
[2262.105s][info][gc,phases      ] GC(186)   Merge Heap Roots: 0.76ms
[2262.105s][info][gc,phases      ] GC(186)   Evacuate Collection Set: 163.11ms
[2262.105s][info][gc,phases      ] GC(186)   Post Evacuate Collection Set: 1.25ms
[2262.105s][info][gc,phases      ] GC(186)   Other: 0.08ms
[2262.105s][info][gc,heap        ] GC(186) Eden regions: 717->0(716)
[2262.105s][info][gc,heap        ] GC(186) Survivor regions: 51->51(96)
[2262.105s][info][gc,heap        ] GC(186) Old regions: 315->318
[2262.105s][info][gc,heap        ] GC(186) Humongous regions: 80->80
[2262.105s][info][gc,metaspace   ] GC(186) Metaspace: 29946K(30464K)->29946K(30464K) NonClass: 26549K(26816K)->26549K(26816K) Class: 3397K(3648K)->3397K(3648K)
[2262.105s][info][gc             ] GC(186) Pause Young (Normal) (G1 Evacuation Pause) 9266M->3548M(10240M) 165.681ms
[2262.105s][info][gc,cpu         ] GC(186) User=1.30s Sys=0.00s Real=0.16s
................[2278.576s][info][gc,start       ] GC(187) Pause Young (Normal) (G1 Evacuation Pause)
[2278.576s][info][gc,task        ] GC(187) Using 8 workers of 8 for evacuation
[2278.744s][info][gc,phases      ] GC(187)   Pre Evacuate Collection Set: 0.28ms
[2278.744s][info][gc,phases      ] GC(187)   Merge Heap Roots: 0.60ms
[2278.744s][info][gc,phases      ] GC(187)   Evacuate Collection Set: 165.05ms
[2278.744s][info][gc,phases      ] GC(187)   Post Evacuate Collection Set: 1.32ms
[2278.744s][info][gc,phases      ] GC(187)   Other: 0.07ms
[2278.744s][info][gc,heap        ] GC(187) Eden regions: 716->0(714)
[2278.744s][info][gc,heap        ] GC(187) Survivor regions: 51->51(96)
[2278.744s][info][gc,heap        ] GC(187) Old regions: 318->320
[2278.744s][info][gc,heap        ] GC(187) Humongous regions: 80->80
[2278.744s][info][gc,metaspace   ] GC(187) Metaspace: 29946K(30464K)->29946K(30464K) NonClass: 26549K(26816K)->26549K(26816K) Class: 3397K(3648K)->3397K(3648K)
[2278.744s][info][gc             ] GC(187) Pause Young (Normal) (G1 Evacuation Pause) 9276M->3566M(10240M) 167.483ms
[2278.744s][info][gc,cpu         ] GC(187) User=1.32s Sys=0.00s Real=0.16s
..... (rIR:aIR:PR = 2906:2904:2904) (tPR = 42815) [OK] 
  2282s: Performance info:
         Transaction,    Success,    Partial,     Failed,   Receipts, AvgBarcode, 
             Overall,     174330,          0,          0,     165617,      59.48, 
         Response times:
             Request,    Success,    Partial,     Failed,   SkipFail,     Probes,    Samples,      min,      p50,      p90,      p95,      p99,      max, 
       TotalPurchase,     165617,          0,          0,          0,     161587,     179733,      400,     2200,     3600,     4000,     7666,   180000,
     InStorePurchase,      87168,          0,          0,          0,      85327,      94565,      400,     2100,     3500,     3900,     7734,   180000,
      OnlinePurchase,      60997,          0,          0,          0,      59358,      66031,      400,     2300,     3600,     4000,     8168,   174000,
        InstPurchase,      17452,          0,          0,          0,      16902,      19137,      500,     2100,     3600,     4000,     6500,   175000,
          AssocOfCat,        175,          0,          0,          0,        127,        185,    19000,    30000,    36000,    38700,    56000,    56000,
      AssocOfProduct,       1745,          0,          0,          0,       1581,       1905,      400,     1700,     3500,     4000,     5488,   169000,
      BusinessReport,        431,          0,          0,          0,        338,        463,    26000,    35000,    45000,    49800,    92840,   225000,
          CustBuyBeh,       1739,          0,          0,          0,       1598,       1967,      300,     2200,     3400,     3800,    10148,   171000,
       ProductReturn,       4623,          0,          0,          0,       4369,       5114,      200,     2100,     3400,     3900,    12255,   169000,

  2282s: (22%)   IR =   3044 .....|.......[2294.812s][info][gc,start       ] GC(188) Pause Young (Normal) (G1 Evacuation Pause)
[2294.812s][info][gc,task        ] GC(188) Using 8 workers of 8 for evacuation
[2294.976s][info][gc,phases      ] GC(188)   Pre Evacuate Collection Set: 0.32ms
[2294.977s][info][gc,phases      ] GC(188)   Merge Heap Roots: 0.56ms
[2294.977s][info][gc,phases      ] GC(188)   Evacuate Collection Set: 161.86ms
[2294.977s][info][gc,phases      ] GC(188)   Post Evacuate Collection Set: 1.23ms
[2294.977s][info][gc,phases      ] GC(188)   Other: 0.08ms
[2294.977s][info][gc,heap        ] GC(188) Eden regions: 714->0(712)
[2294.977s][info][gc,heap        ] GC(188) Survivor regions: 51->51(96)
[2294.977s][info][gc,heap        ] GC(188) Old regions: 320->322
[2294.977s][info][gc,heap        ] GC(188) Humongous regions: 80->80
[2294.977s][info][gc,metaspace   ] GC(188) Metaspace: 29946K(30464K)->29946K(30464K) NonClass: 26549K(26816K)->26549K(26816K) Class: 3397K(3648K)->3397K(3648K)
[2294.977s][info][gc             ] GC(188) Pause Young (Normal) (G1 Evacuation Pause) 9278M->3584M(10240M) 164.168ms
[2294.977s][info][gc,cpu         ] GC(188) User=1.29s Sys=0.01s Real=0.17s
...............[2310.562s][info][gc,start       ] GC(189) Pause Young (Normal) (G1 Evacuation Pause)
[2310.563s][info][gc,task        ] GC(189) Using 8 workers of 8 for evacuation
[2310.726s][info][gc,phases      ] GC(189)   Pre Evacuate Collection Set: 0.34ms
[2310.726s][info][gc,phases      ] GC(189)   Merge Heap Roots: 0.69ms
[2310.726s][info][gc,phases      ] GC(189)   Evacuate Collection Set: 161.04ms
[2310.726s][info][gc,phases      ] GC(189)   Post Evacuate Collection Set: 1.25ms
[2310.726s][info][gc,phases      ] GC(189)   Other: 0.07ms
[2310.726s][info][gc,heap        ] GC(189) Eden regions: 712->0(710)
[2310.726s][info][gc,heap        ] GC(189) Survivor regions: 51->51(96)
[2310.726s][info][gc,heap        ] GC(189) Old regions: 322->324
[2310.726s][info][gc,heap        ] GC(189) Humongous regions: 80->80
[2310.726s][info][gc,metaspace   ] GC(189) Metaspace: 29946K(30464K)->29946K(30464K) NonClass: 26549K(26816K)->26549K(26816K) Class: 3397K(3648K)->3397K(3648K)
[2310.726s][info][gc             ] GC(189) Pause Young (Normal) (G1 Evacuation Pause) 9280M->3598M(10240M) 163.526ms
[2310.726s][info][gc,cpu         ] GC(189) User=1.29s Sys=0.00s Real=0.17s
................[2326.376s][info][gc,start       ] GC(190) Pause Young (Normal) (G1 Evacuation Pause)
[2326.376s][info][gc,task        ] GC(190) Using 8 workers of 8 for evacuation
[2326.540s][info][gc,phases      ] GC(190)   Pre Evacuate Collection Set: 0.29ms
[2326.540s][info][gc,phases      ] GC(190)   Merge Heap Roots: 0.61ms
[2326.540s][info][gc,phases      ] GC(190)   Evacuate Collection Set: 161.77ms
[2326.540s][info][gc,phases      ] GC(190)   Post Evacuate Collection Set: 1.26ms
[2326.540s][info][gc,phases      ] GC(190)   Other: 0.07ms
[2326.540s][info][gc,heap        ] GC(190) Eden regions: 710->0(708)
[2326.540s][info][gc,heap        ] GC(190) Survivor regions: 51->51(96)
[2326.540s][info][gc,heap        ] GC(190) Old regions: 324->326
[2326.540s][info][gc,heap        ] GC(190) Humongous regions: 80->80
[2326.540s][info][gc,metaspace   ] GC(190) Metaspace: 29946K(30464K)->29946K(30464K) NonClass: 26549K(26816K)->26549K(26816K) Class: 3397K(3648K)->3397K(3648K)
[2326.540s][info][gc             ] GC(190) Pause Young (Normal) (G1 Evacuation Pause) 9278M->3615M(10240M) 164.132ms
[2326.540s][info][gc,cpu         ] GC(190) User=1.29s Sys=0.00s Real=0.16s
................[2342.229s][info][gc,start       ] GC(191) Pause Young (Normal) (G1 Evacuation Pause)
[2342.229s][info][gc,task        ] GC(191) Using 8 workers of 8 for evacuation
[2342.392s][info][gc,phases      ] GC(191)   Pre Evacuate Collection Set: 0.31ms
[2342.392s][info][gc,phases      ] GC(191)   Merge Heap Roots: 0.71ms
[2342.392s][info][gc,phases      ] GC(191)   Evacuate Collection Set: 160.85ms
[2342.392s][info][gc,phases      ] GC(191)   Post Evacuate Collection Set: 1.26ms
[2342.392s][info][gc,phases      ] GC(191)   Other: 0.07ms
[2342.392s][info][gc,heap        ] GC(191) Eden regions: 708->0(707)
[2342.392s][info][gc,heap        ] GC(191) Survivor regions: 51->50(95)
[2342.392s][info][gc,heap        ] GC(191) Old regions: 326->329
[2342.392s][info][gc,heap        ] GC(191) Humongous regions: 80->80
[2342.392s][info][gc,metaspace   ] GC(191) Metaspace: 29946K(30464K)->29946K(30464K) NonClass: 26549K(26816K)->26549K(26816K) Class: 3397K(3648K)->3397K(3648K)
[2342.392s][info][gc             ] GC(191) Pause Young (Normal) (G1 Evacuation Pause) 9279M->3629M(10240M) 163.355ms
[2342.392s][info][gc,cpu         ] GC(191) User=1.28s Sys=0.01s Real=0.16s
...... (rIR:aIR:PR = 3044:3044:3044) (tPR = 45277) [OK] 
  2347s: Performance info:
         Transaction,    Success,    Partial,     Failed,   Receipts, AvgBarcode, 
             Overall,     182756,          0,          0,     173609,      59.48, 
         Response times:
             Request,    Success,    Partial,     Failed,   SkipFail,     Probes,    Samples,      min,      p50,      p90,      p95,      p99,      max, 
       TotalPurchase,     173609,          0,          0,          0,     170048,     186043,      400,     2200,     3660,     4000,     6500,   174000,
     InStorePurchase,      91390,          0,          0,          0,      89537,      97714,      400,     2200,     3600,     4000,     6700,   173000,
      OnlinePurchase,      63952,          0,          0,          0,      62845,      68743,      400,     2300,     3700,     4000,     6500,   174000,
        InstPurchase,      18267,          0,          0,          0,      17666,      19586,      500,     2100,     3600,     4000,     5500,   171000,
          AssocOfCat,        183,          0,          0,          0,        129,        179,    19600,    31000,    35000,    39000,    46600,    53000,
      AssocOfProduct,       1831,          0,          0,          0,       1634,       1952,      700,     2100,     3800,     4100,     6547,    45000,
      BusinessReport,        458,          0,          0,          0,        367,        497,    27000,    35000,    41000,    44000,    54020,   222000,
          CustBuyBeh,       1827,          0,          0,          0,       1608,       1900,      300,     1900,     3300,     3795,     7995,   167000,
       ProductReturn,       4848,          0,          0,          0,       4512,       5123,      200,     2300,     3600,     4000,     5700,   168000,

  2347s: (23%)   IR =   3183 ....|.....[2357.440s][info][gc,start       ] GC(192) Pause Young (Normal) (G1 Evacuation Pause)
[2357.440s][info][gc,task        ] GC(192) Using 8 workers of 8 for evacuation
[2357.607s][info][gc,phases      ] GC(192)   Pre Evacuate Collection Set: 0.30ms
[2357.607s][info][gc,phases      ] GC(192)   Merge Heap Roots: 0.63ms
[2357.607s][info][gc,phases      ] GC(192)   Evacuate Collection Set: 164.97ms
[2357.607s][info][gc,phases      ] GC(192)   Post Evacuate Collection Set: 1.30ms
[2357.607s][info][gc,phases      ] GC(192)   Other: 0.07ms
[2357.607s][info][gc,heap        ] GC(192) Eden regions: 707->0(703)
[2357.607s][info][gc,heap        ] GC(192) Survivor regions: 50->51(95)
[2357.607s][info][gc,heap        ] GC(192) Old regions: 329->331
[2357.607s][info][gc,heap        ] GC(192) Humongous regions: 80->80
[2357.607s][info][gc,metaspace   ] GC(192) Metaspace: 29947K(30464K)->29947K(30464K) NonClass: 26550K(26816K)->26550K(26816K) Class: 3397K(3648K)->3397K(3648K)
[2357.607s][info][gc             ] GC(192) Pause Young (Normal) (G1 Evacuation Pause) 9285M->3656M(10240M) 167.407ms
[2357.607s][info][gc,cpu         ] GC(192) User=1.32s Sys=0.00s Real=0.17s
...............[2372.411s][info][gc,start       ] GC(193) Pause Young (Normal) (G1 Evacuation Pause)
[2372.411s][info][gc,task        ] GC(193) Using 8 workers of 8 for evacuation
[2372.575s][info][gc,phases      ] GC(193)   Pre Evacuate Collection Set: 0.32ms
[2372.575s][info][gc,phases      ] GC(193)   Merge Heap Roots: 0.71ms
[2372.575s][info][gc,phases      ] GC(193)   Evacuate Collection Set: 161.31ms
[2372.575s][info][gc,phases      ] GC(193)   Post Evacuate Collection Set: 1.32ms
[2372.575s][info][gc,phases      ] GC(193)   Other: 0.08ms
[2372.575s][info][gc,heap        ] GC(193) Eden regions: 703->0(701)
[2372.575s][info][gc,heap        ] GC(193) Survivor regions: 51->51(95)
[2372.575s][info][gc,heap        ] GC(193) Old regions: 331->333
[2372.575s][info][gc,heap        ] GC(193) Humongous regions: 80->80
[2372.575s][info][gc,metaspace   ] GC(193) Metaspace: 29947K(30464K)->29947K(30464K) NonClass: 26550K(26816K)->26550K(26816K) Class: 3397K(3648K)->3397K(3648K)
[2372.575s][info][gc             ] GC(193) Pause Young (Normal) (G1 Evacuation Pause) 9280M->3671M(10240M) 163.890ms
[2372.575s][info][gc,cpu         ] GC(193) User=1.29s Sys=0.00s Real=0.16s
...............[2387.378s][info][gc,start       ] GC(194) Pause Young (Normal) (G1 Evacuation Pause)
[2387.378s][info][gc,task        ] GC(194) Using 8 workers of 8 for evacuation
[2387.547s][info][gc,phases      ] GC(194)   Pre Evacuate Collection Set: 0.33ms
[2387.547s][info][gc,phases      ] GC(194)   Merge Heap Roots: 0.63ms
[2387.547s][info][gc,phases      ] GC(194)   Evacuate Collection Set: 165.83ms
[2387.547s][info][gc,phases      ] GC(194)   Post Evacuate Collection Set: 1.24ms
[2387.547s][info][gc,phases      ] GC(194)   Other: 0.08ms
[2387.547s][info][gc,heap        ] GC(194) Eden regions: 701->0(698)
[2387.547s][info][gc,heap        ] GC(194) Survivor regions: 51->51(94)
[2387.547s][info][gc,heap        ] GC(194) Old regions: 333->336
[2387.547s][info][gc,heap        ] GC(194) Humongous regions: 80->80
[2387.547s][info][gc,metaspace   ] GC(194) Metaspace: 29947K(30464K)->29947K(30464K) NonClass: 26550K(26816K)->26550K(26816K) Class: 3397K(3648K)->3397K(3648K)
[2387.547s][info][gc             ] GC(194) Pause Young (Normal) (G1 Evacuation Pause) 9279M->3690M(10240M) 168.259ms
[2387.547s][info][gc,cpu         ] GC(194) User=1.32s Sys=0.00s Real=0.17s
...............[2402.275s][info][gc,start       ] GC(195) Pause Young (Normal) (G1 Evacuation Pause)
[2402.275s][info][gc,task        ] GC(195) Using 8 workers of 8 for evacuation
[2402.445s][info][gc,phases      ] GC(195)   Pre Evacuate Collection Set: 0.29ms
[2402.445s][info][gc,phases      ] GC(195)   Merge Heap Roots: 0.55ms
[2402.445s][info][gc,phases      ] GC(195)   Evacuate Collection Set: 167.85ms
[2402.445s][info][gc,phases      ] GC(195)   Post Evacuate Collection Set: 1.24ms
[2402.445s][info][gc,phases      ] GC(195)   Other: 0.07ms
[2402.445s][info][gc,heap        ] GC(195) Eden regions: 698->0(692)
[2402.445s][info][gc,heap        ] GC(195) Survivor regions: 51->53(94)
[2402.445s][info][gc,heap        ] GC(195) Old regions: 336->338
[2402.445s][info][gc,heap        ] GC(195) Humongous regions: 80->80
[2402.445s][info][gc,metaspace   ] GC(195) Metaspace: 29947K(30464K)->29947K(30464K) NonClass: 26550K(26816K)->26550K(26816K) Class: 3397K(3648K)->3397K(3648K)
[2402.445s][info][gc             ] GC(195) Pause Young (Normal) (G1 Evacuation Pause) 9274M->3726M(10240M) 170.136ms
[2402.446s][info][gc,cpu         ] GC(195) User=1.33s Sys=0.01s Real=0.17s
.......... (rIR:aIR:PR = 3183:3183:3183) (tPR = 47083) [OK] 
  2411s: Performance info:
         Transaction,    Success,    Partial,     Failed,   Receipts, AvgBarcode, 
             Overall,     191062,          0,          0,     181506,      59.48, 
         Response times:
             Request,    Success,    Partial,     Failed,   SkipFail,     Probes,    Samples,      min,      p50,      p90,      p95,      p99,      max, 
       TotalPurchase,     181507,          0,          0,          0,     177489,     191007,      400,     2300,     3800,     4200,    11400,   184000,
     InStorePurchase,      95546,          0,          0,          0,      93648,     100581,      400,     2200,     3800,     4200,    11500,   179000,
      OnlinePurchase,      66861,          0,          0,          0,      65353,      70264,      400,     2300,     3800,     4200,    10100,   184000,
        InstPurchase,      19100,          0,          0,          0,      18488,      20162,      400,     2500,     4000,     4400,    14537,   178000,
          AssocOfCat,        191,          0,          0,          0,        134,        180,    21000,    30000,    36900,    40000,    96940,   199000,
      AssocOfProduct,       1912,          0,          0,          0,       1718,       2042,      600,     2700,     4100,     4600,    17042,   184000,
      BusinessReport,        476,          0,          0,          0,        380,        486,    27000,    35000,    45300,    49000,    74000,   203000,
          CustBuyBeh,       1911,          0,          0,          0,       1732,       2014,      200,     1900,     3600,     4100,     5100,    38000,
       ProductReturn,       5065,          0,          0,          0,       4764,       5351,      200,     2100,     3700,     4100,     7628,   184000,

  2411s: (24%)   IR =   3321 ....|[2416.727s][info][gc,start       ] GC(196) Pause Young (Normal) (G1 Evacuation Pause)
[2416.727s][info][gc,task        ] GC(196) Using 8 workers of 8 for evacuation
[2416.891s][info][gc,phases      ] GC(196)   Pre Evacuate Collection Set: 0.31ms
[2416.891s][info][gc,phases      ] GC(196)   Merge Heap Roots: 0.66ms
[2416.891s][info][gc,phases      ] GC(196)   Evacuate Collection Set: 160.90ms
[2416.891s][info][gc,phases      ] GC(196)   Post Evacuate Collection Set: 1.33ms
[2416.891s][info][gc,phases      ] GC(196)   Other: 0.08ms
[2416.891s][info][gc,heap        ] GC(196) Eden regions: 692->0(693)
[2416.891s][info][gc,heap        ] GC(196) Survivor regions: 53->51(94)
[2416.891s][info][gc,heap        ] GC(196) Old regions: 338->341
[2416.891s][info][gc,heap        ] GC(196) Humongous regions: 80->80
[2416.891s][info][gc,metaspace   ] GC(196) Metaspace: 29947K(30464K)->29947K(30464K) NonClass: 26550K(26816K)->26550K(26816K) Class: 3397K(3648K)->3397K(3648K)
[2416.891s][info][gc             ] GC(196) Pause Young (Normal) (G1 Evacuation Pause) 9262M->3729M(10240M) 163.447ms
[2416.891s][info][gc,cpu         ] GC(196) User=1.28s Sys=0.00s Real=0.16s
..............[2430.811s][info][gc,start       ] GC(197) Pause Young (Normal) (G1 Evacuation Pause)
[2430.811s][info][gc,task        ] GC(197) Using 8 workers of 8 for evacuation
[2430.976s][info][gc,phases      ] GC(197)   Pre Evacuate Collection Set: 0.27ms
[2430.976s][info][gc,phases      ] GC(197)   Merge Heap Roots: 0.62ms
[2430.976s][info][gc,phases      ] GC(197)   Evacuate Collection Set: 162.45ms
[2430.976s][info][gc,phases      ] GC(197)   Post Evacuate Collection Set: 1.30ms
[2430.976s][info][gc,phases      ] GC(197)   Other: 0.06ms
[2430.976s][info][gc,heap        ] GC(197) Eden regions: 693->0(691)
[2430.976s][info][gc,heap        ] GC(197) Survivor regions: 51->51(93)
[2430.976s][info][gc,heap        ] GC(197) Old regions: 341->343
[2430.976s][info][gc,heap        ] GC(197) Humongous regions: 80->80
[2430.976s][info][gc,metaspace   ] GC(197) Metaspace: 29947K(30464K)->29947K(30464K) NonClass: 26550K(26816K)->26550K(26816K) Class: 3397K(3648K)->3397K(3648K)
[2430.976s][info][gc             ] GC(197) Pause Young (Normal) (G1 Evacuation Pause) 9273M->3753M(10240M) 164.828ms
[2430.976s][info][gc,cpu         ] GC(197) User=1.30s Sys=0.00s Real=0.17s
..............[2444.906s][info][gc,start       ] GC(198) Pause Young (Normal) (G1 Evacuation Pause)
[2444.906s][info][gc,task        ] GC(198) Using 8 workers of 8 for evacuation
[2445.070s][info][gc,phases      ] GC(198)   Pre Evacuate Collection Set: 0.32ms
[2445.070s][info][gc,phases      ] GC(198)   Merge Heap Roots: 0.60ms
[2445.070s][info][gc,phases      ] GC(198)   Evacuate Collection Set: 162.08ms
[2445.070s][info][gc,phases      ] GC(198)   Post Evacuate Collection Set: 1.22ms
[2445.070s][info][gc,phases      ] GC(198)   Other: 0.07ms
[2445.070s][info][gc,heap        ] GC(198) Eden regions: 691->0(689)
[2445.070s][info][gc,heap        ] GC(198) Survivor regions: 51->51(93)
[2445.070s][info][gc,heap        ] GC(198) Old regions: 343->345
[2445.070s][info][gc,heap        ] GC(198) Humongous regions: 80->80
[2445.070s][info][gc,metaspace   ] GC(198) Metaspace: 29947K(30464K)->29947K(30464K) NonClass: 26550K(26816K)->26550K(26816K) Class: 3397K(3648K)->3397K(3648K)
[2445.070s][info][gc             ] GC(198) Pause Young (Normal) (G1 Evacuation Pause) 9281M->3771M(10240M) 164.414ms
[2445.070s][info][gc,cpu         ] GC(198) User=1.30s Sys=0.00s Real=0.16s
..............[2458.998s][info][gc,start       ] GC(199) Pause Young (Normal) (G1 Evacuation Pause)
[2458.998s][info][gc,task        ] GC(199) Using 8 workers of 8 for evacuation
[2459.161s][info][gc,phases      ] GC(199)   Pre Evacuate Collection Set: 0.32ms
[2459.161s][info][gc,phases      ] GC(199)   Merge Heap Roots: 0.68ms
[2459.161s][info][gc,phases      ] GC(199)   Evacuate Collection Set: 161.22ms
[2459.161s][info][gc,phases      ] GC(199)   Post Evacuate Collection Set: 1.26ms
[2459.161s][info][gc,phases      ] GC(199)   Other: 0.07ms
[2459.161s][info][gc,heap        ] GC(199) Eden regions: 689->0(686)
[2459.161s][info][gc,heap        ] GC(199) Survivor regions: 51->51(93)
[2459.161s][info][gc,heap        ] GC(199) Old regions: 345->348
[2459.161s][info][gc,heap        ] GC(199) Humongous regions: 80->80
[2459.161s][info][gc,metaspace   ] GC(199) Metaspace: 29947K(30464K)->29947K(30464K) NonClass: 26550K(26816K)->26550K(26816K) Class: 3397K(3648K)->3397K(3648K)
[2459.161s][info][gc             ] GC(199) Pause Young (Normal) (G1 Evacuation Pause) 9283M->3791M(10240M) 163.708ms
[2459.161s][info][gc,cpu         ] GC(199) User=1.29s Sys=0.00s Real=0.16s
..............[2472.942s][info][gc,start       ] GC(200) Pause Young (Normal) (G1 Evacuation Pause)
[2472.942s][info][gc,task        ] GC(200) Using 8 workers of 8 for evacuation
[2473.106s][info][gc,phases      ] GC(200)   Pre Evacuate Collection Set: 0.29ms
[2473.106s][info][gc,phases      ] GC(200)   Merge Heap Roots: 0.57ms
[2473.106s][info][gc,phases      ] GC(200)   Evacuate Collection Set: 161.59ms
[2473.106s][info][gc,phases      ] GC(200)   Post Evacuate Collection Set: 1.25ms
[2473.106s][info][gc,phases      ] GC(200)   Other: 0.07ms
[2473.106s][info][gc,heap        ] GC(200) Eden regions: 686->0(684)
[2473.106s][info][gc,heap        ] GC(200) Survivor regions: 51->51(93)
[2473.106s][info][gc,heap        ] GC(200) Old regions: 348->350
[2473.106s][info][gc,heap        ] GC(200) Humongous regions: 80->80
[2473.106s][info][gc,metaspace   ] GC(200) Metaspace: 29947K(30464K)->29947K(30464K) NonClass: 26550K(26816K)->26550K(26816K) Class: 3397K(3648K)->3397K(3648K)
[2473.106s][info][gc             ] GC(200) Pause Young (Normal) (G1 Evacuation Pause) 9279M->3811M(10240M) 163.910ms
[2473.106s][info][gc,cpu         ] GC(200) User=1.29s Sys=0.00s Real=0.17s
.... (rIR:aIR:PR = 3321:3321:3321) (tPR = 49333) [OK] 
  2475s: Performance info:
         Transaction,    Success,    Partial,     Failed,   Receipts, AvgBarcode, 
             Overall,     200139,          0,          0,     190127,      59.48, 
         Response times:
             Request,    Success,    Partial,     Failed,   SkipFail,     Probes,    Samples,      min,      p50,      p90,      p95,      p99,      max, 
       TotalPurchase,     190127,          0,          0,          0,     185553,     199963,      400,     2400,     4000,     4400,    12700,   171000,
     InStorePurchase,     100120,          0,          0,          0,      97888,     105040,      400,     2400,     4000,     4400,    12100,   171000,
      OnlinePurchase,      70031,          0,          0,          0,      68370,      73784,      400,     2400,     4000,     4500,    14300,   171000,
        InstPurchase,      19976,          0,          0,          0,      19295,      21139,      500,     2200,     4000,     4400,    11000,   171000,
          AssocOfCat,        201,          0,          0,          0,        153,        220,    23000,    31000,    36000,    38000,    61850,    65000,
      AssocOfProduct,       2003,          0,          0,          0,       1798,       2071,      400,     2200,     4100,     4500,    10040,   170000,
      BusinessReport,        499,          0,          0,          0,        429,        567,    25000,    35000,    46000,    52000,    73320,   221000,
          CustBuyBeh,       2006,          0,          0,          0,       1783,       2064,      200,     2400,     3900,     4375,    17905,    35000,
       ProductReturn,       5303,          0,          0,          0,       5041,       5707,      200,     2300,     3800,     4300,    11492,   171000,

  2475s: (25%)   IR =   3459 .......|...[2486.543s][info][gc,start       ] GC(201) Pause Young (Normal) (G1 Evacuation Pause)
[2486.543s][info][gc,task        ] GC(201) Using 8 workers of 8 for evacuation
[2486.708s][info][gc,phases      ] GC(201)   Pre Evacuate Collection Set: 0.32ms
[2486.708s][info][gc,phases      ] GC(201)   Merge Heap Roots: 0.78ms
[2486.708s][info][gc,phases      ] GC(201)   Evacuate Collection Set: 162.20ms
[2486.708s][info][gc,phases      ] GC(201)   Post Evacuate Collection Set: 1.26ms
[2486.708s][info][gc,phases      ] GC(201)   Other: 0.07ms
[2486.708s][info][gc,heap        ] GC(201) Eden regions: 684->0(683)
[2486.708s][info][gc,heap        ] GC(201) Survivor regions: 51->50(92)
[2486.708s][info][gc,heap        ] GC(201) Old regions: 350->353
[2486.708s][info][gc,heap        ] GC(201) Humongous regions: 80->80
[2486.708s][info][gc,metaspace   ] GC(201) Metaspace: 29947K(30464K)->29947K(30464K) NonClass: 26550K(26816K)->26550K(26816K) Class: 3397K(3648K)->3397K(3648K)
[2486.708s][info][gc             ] GC(201) Pause Young (Normal) (G1 Evacuation Pause) 9283M->3822M(10240M) 164.771ms
[2486.708s][info][gc,cpu         ] GC(201) User=1.30s Sys=0.00s Real=0.17s
.............[2499.863s][info][gc,start       ] GC(202) Pause Young (Normal) (G1 Evacuation Pause)
[2499.863s][info][gc,task        ] GC(202) Using 8 workers of 8 for evacuation
[2500.027s][info][gc,phases      ] GC(202)   Pre Evacuate Collection Set: 0.34ms
[2500.027s][info][gc,phases      ] GC(202)   Merge Heap Roots: 0.67ms
[2500.027s][info][gc,phases      ] GC(202)   Evacuate Collection Set: 161.63ms
[2500.027s][info][gc,phases      ] GC(202)   Post Evacuate Collection Set: 1.19ms
[2500.027s][info][gc,phases      ] GC(202)   Other: 0.07ms
[2500.027s][info][gc,heap        ] GC(202) Eden regions: 683->0(679)
[2500.027s][info][gc,heap        ] GC(202) Survivor regions: 50->51(92)
[2500.027s][info][gc,heap        ] GC(202) Old regions: 353->355
[2500.027s][info][gc,heap        ] GC(202) Humongous regions: 80->80
[2500.027s][info][gc,metaspace   ] GC(202) Metaspace: 29947K(30464K)->29947K(30464K) NonClass: 26550K(26816K)->26550K(26816K) Class: 3397K(3648K)->3397K(3648K)
[2500.027s][info][gc             ] GC(202) Pause Young (Normal) (G1 Evacuation Pause) 9286M->3846M(10240M) 164.043ms
[2500.027s][info][gc,cpu         ] GC(202) User=1.29s Sys=0.01s Real=0.17s
.............[2513.215s][info][gc,start       ] GC(203) Pause Young (Normal) (G1 Evacuation Pause)
[2513.215s][info][gc,task        ] GC(203) Using 8 workers of 8 for evacuation
[2513.380s][info][gc,phases      ] GC(203)   Pre Evacuate Collection Set: 0.29ms
[2513.380s][info][gc,phases      ] GC(203)   Merge Heap Roots: 0.71ms
[2513.380s][info][gc,phases      ] GC(203)   Evacuate Collection Set: 162.16ms
[2513.380s][info][gc,phases      ] GC(203)   Post Evacuate Collection Set: 1.25ms
[2513.380s][info][gc,phases      ] GC(203)   Other: 0.07ms
[2513.380s][info][gc,heap        ] GC(203) Eden regions: 679->0(678)
[2513.380s][info][gc,heap        ] GC(203) Survivor regions: 51->50(92)
[2513.380s][info][gc,heap        ] GC(203) Old regions: 355->358
[2513.380s][info][gc,heap        ] GC(203) Humongous regions: 80->80
[2513.380s][info][gc,metaspace   ] GC(203) Metaspace: 29947K(30464K)->29947K(30464K) NonClass: 26550K(26816K)->26550K(26816K) Class: 3397K(3648K)->3397K(3648K)
[2513.380s][info][gc             ] GC(203) Pause Young (Normal) (G1 Evacuation Pause) 9278M->3861M(10240M) 164.640ms
[2513.380s][info][gc,cpu         ] GC(203) User=1.29s Sys=0.00s Real=0.16s
..............[2526.435s][info][gc,start       ] GC(204) Pause Young (Normal) (G1 Evacuation Pause)
[2526.435s][info][gc,task        ] GC(204) Using 8 workers of 8 for evacuation
[2526.599s][info][gc,phases      ] GC(204)   Pre Evacuate Collection Set: 0.33ms
[2526.599s][info][gc,phases      ] GC(204)   Merge Heap Roots: 0.61ms
[2526.599s][info][gc,phases      ] GC(204)   Evacuate Collection Set: 161.65ms
[2526.599s][info][gc,phases      ] GC(204)   Post Evacuate Collection Set: 1.24ms
[2526.599s][info][gc,phases      ] GC(204)   Other: 0.07ms
[2526.599s][info][gc,heap        ] GC(204) Eden regions: 678->0(676)
[2526.599s][info][gc,heap        ] GC(204) Survivor regions: 50->50(91)
[2526.599s][info][gc,heap        ] GC(204) Old regions: 358->360
[2526.599s][info][gc,heap        ] GC(204) Humongous regions: 80->80
[2526.599s][info][gc,metaspace   ] GC(204) Metaspace: 29947K(30464K)->29947K(30464K) NonClass: 26550K(26816K)->26550K(26816K) Class: 3397K(3648K)->3397K(3648K)
[2526.599s][info][gc             ] GC(204) Pause Young (Normal) (G1 Evacuation Pause) 9285M->3881M(10240M) 164.045ms
[2526.599s][info][gc,cpu         ] GC(204) User=1.29s Sys=0.00s Real=0.16s
.............[2539.657s][info][gc,start       ] GC(205) Pause Young (Normal) (G1 Evacuation Pause)
[2539.657s][info][gc,task        ] GC(205) Using 8 workers of 8 for evacuation
[2539.823s][info][gc,phases      ] GC(205)   Pre Evacuate Collection Set: 0.28ms
[2539.823s][info][gc,phases      ] GC(205)   Merge Heap Roots: 0.56ms
[2539.823s][info][gc,phases      ] GC(205)   Evacuate Collection Set: 163.27ms
[2539.823s][info][gc,phases      ] GC(205)   Post Evacuate Collection Set: 1.22ms
[2539.823s][info][gc,phases      ] GC(205)   Other: 0.09ms
[2539.823s][info][gc,heap        ] GC(205) Eden regions: 676->0(671)
[2539.823s][info][gc,heap        ] GC(205) Survivor regions: 50->51(91)
[2539.823s][info][gc,heap        ] GC(205) Old regions: 360->363
[2539.823s][info][gc,heap        ] GC(205) Humongous regions: 80->80
[2539.823s][info][gc,metaspace   ] GC(205) Metaspace: 29947K(30464K)->29947K(30464K) NonClass: 26550K(26816K)->26550K(26816K) Class: 3397K(3648K)->3397K(3648K)
[2539.823s][info][gc             ] GC(205) Pause Young (Normal) (G1 Evacuation Pause) 9289M->3909M(10240M) 165.555ms
[2539.823s][info][gc,cpu         ] GC(205) User=1.31s Sys=0.00s Real=0.16s
.... (rIR:aIR:PR = 3459:3457:3457) (tPR = 51377) [OK] 
  2543s: Performance info:
         Transaction,    Success,    Partial,     Failed,   Receipts, AvgBarcode, 
             Overall,     208066,          0,          0,     197674,      59.48, 
         Response times:
             Request,    Success,    Partial,     Failed,   SkipFail,     Probes,    Samples,      min,      p50,      p90,      p95,      p99,      max, 
       TotalPurchase,     197674,          0,          0,          0,     193475,     218190,      400,     2500,     4100,     4600,    14300,   174000,
     InStorePurchase,     103999,          0,          0,          0,     102163,     114913,      400,     2400,     4100,     4600,    13786,   170000,
      OnlinePurchase,      72841,          0,          0,          0,      71207,      80406,      400,     2600,     4200,     4700,    15600,   174000,
        InstPurchase,      20834,          0,          0,          0,      20105,      22871,      500,     2400,     4200,     4600,    12300,   171000,
          AssocOfCat,        210,          0,          0,          0,        159,        224,    23000,    31000,    38500,    46000,    59000,    74000,
      AssocOfProduct,       2092,          0,          0,          0,       1866,       2252,      700,     2000,     4000,     4600,     7247,    38000,
      BusinessReport,        521,          0,          0,          0,        423,        563,    25000,    36000,    46000,    53000,    71360,   203000,
          CustBuyBeh,       2081,          0,          0,          0,       1866,       2248,      300,     2500,     4100,     4600,    12251,   169000,
       ProductReturn,       5488,          0,          0,          0,       5098,       6035,      200,     2600,     4100,     4500,    17520,   170000,

  2543s: (26%)   IR =   3598 .....|....[2552.524s][info][gc,start       ] GC(206) Pause Young (Normal) (G1 Evacuation Pause)
[2552.524s][info][gc,task        ] GC(206) Using 8 workers of 8 for evacuation
[2552.688s][info][gc,phases      ] GC(206)   Pre Evacuate Collection Set: 0.29ms
[2552.688s][info][gc,phases      ] GC(206)   Merge Heap Roots: 0.70ms
[2552.688s][info][gc,phases      ] GC(206)   Evacuate Collection Set: 161.26ms
[2552.688s][info][gc,phases      ] GC(206)   Post Evacuate Collection Set: 1.22ms
[2552.688s][info][gc,phases      ] GC(206)   Other: 0.06ms
[2552.688s][info][gc,heap        ] GC(206) Eden regions: 671->0(667)
[2552.688s][info][gc,heap        ] GC(206) Survivor regions: 51->52(91)
[2552.688s][info][gc,heap        ] GC(206) Old regions: 363->365
[2552.688s][info][gc,heap        ] GC(206) Humongous regions: 80->80
[2552.688s][info][gc,metaspace   ] GC(206) Metaspace: 29947K(30464K)->29947K(30464K) NonClass: 26550K(26816K)->26550K(26816K) Class: 3397K(3648K)->3397K(3648K)
[2552.688s][info][gc             ] GC(206) Pause Young (Normal) (G1 Evacuation Pause) 9277M->3934M(10240M) 163.671ms
[2552.688s][info][gc,cpu         ] GC(206) User=1.28s Sys=0.00s Real=0.17s
............[2565.043s][info][gc,start       ] GC(207) Pause Young (Normal) (G1 Evacuation Pause)
[2565.043s][info][gc,task        ] GC(207) Using 8 workers of 8 for evacuation
[2565.210s][info][gc,phases      ] GC(207)   Pre Evacuate Collection Set: 0.31ms
[2565.211s][info][gc,phases      ] GC(207)   Merge Heap Roots: 0.65ms
[2565.211s][info][gc,phases      ] GC(207)   Evacuate Collection Set: 165.04ms
[2565.211s][info][gc,phases      ] GC(207)   Post Evacuate Collection Set: 1.21ms
[2565.211s][info][gc,phases      ] GC(207)   Other: 0.08ms
[2565.211s][info][gc,heap        ] GC(207) Eden regions: 667->0(664)
[2565.211s][info][gc,heap        ] GC(207) Survivor regions: 52->52(90)
[2565.211s][info][gc,heap        ] GC(207) Old regions: 365->368
[2565.211s][info][gc,heap        ] GC(207) Humongous regions: 80->80
[2565.211s][info][gc,metaspace   ] GC(207) Metaspace: 29947K(30464K)->29947K(30464K) NonClass: 26550K(26816K)->26550K(26816K) Class: 3397K(3648K)->3397K(3648K)
[2565.211s][info][gc             ] GC(207) Pause Young (Normal) (G1 Evacuation Pause) 9270M->3955M(10240M) 167.429ms
[2565.211s][info][gc,cpu         ] GC(207) User=1.31s Sys=0.00s Real=0.17s
.............[2577.563s][info][gc,start       ] GC(208) Pause Young (Normal) (G1 Evacuation Pause)
[2577.563s][info][gc,task        ] GC(208) Using 8 workers of 8 for evacuation
[2577.724s][info][gc,phases      ] GC(208)   Pre Evacuate Collection Set: 0.33ms
[2577.724s][info][gc,phases      ] GC(208)   Merge Heap Roots: 0.60ms
[2577.724s][info][gc,phases      ] GC(208)   Evacuate Collection Set: 159.34ms
[2577.724s][info][gc,phases      ] GC(208)   Post Evacuate Collection Set: 1.21ms
[2577.724s][info][gc,phases      ] GC(208)   Other: 0.08ms
[2577.724s][info][gc,heap        ] GC(208) Eden regions: 664->0(666)
[2577.724s][info][gc,heap        ] GC(208) Survivor regions: 52->50(90)
[2577.724s][info][gc,heap        ] GC(208) Old regions: 368->370
[2577.724s][info][gc,heap        ] GC(208) Humongous regions: 80->80
[2577.724s][info][gc,metaspace   ] GC(208) Metaspace: 29947K(30464K)->29947K(30464K) NonClass: 26550K(26816K)->26550K(26816K) Class: 3397K(3648K)->3397K(3648K)
[2577.724s][info][gc             ] GC(208) Pause Young (Normal) (G1 Evacuation Pause) 9267M->3963M(10240M) 161.701ms
[2577.724s][info][gc,cpu         ] GC(208) User=1.27s Sys=0.01s Real=0.16s
............[2590.119s][info][gc,start       ] GC(209) Pause Young (Normal) (G1 Evacuation Pause)
[2590.119s][info][gc,task        ] GC(209) Using 8 workers of 8 for evacuation
[2590.281s][info][gc,phases      ] GC(209)   Pre Evacuate Collection Set: 0.29ms
[2590.282s][info][gc,phases      ] GC(209)   Merge Heap Roots: 0.69ms
[2590.282s][info][gc,phases      ] GC(209)   Evacuate Collection Set: 159.76ms
[2590.282s][info][gc,phases      ] GC(209)   Post Evacuate Collection Set: 1.19ms
[2590.282s][info][gc,phases      ] GC(209)   Other: 0.07ms
[2590.282s][info][gc,heap        ] GC(209) Eden regions: 666->0(663)
[2590.282s][info][gc,heap        ] GC(209) Survivor regions: 50->50(90)
[2590.282s][info][gc,heap        ] GC(209) Old regions: 370->373
[2590.282s][info][gc,heap        ] GC(209) Humongous regions: 80->80
[2590.282s][info][gc,metaspace   ] GC(209) Metaspace: 29947K(30464K)->29947K(30464K) NonClass: 26550K(26816K)->26550K(26816K) Class: 3397K(3648K)->3397K(3648K)
[2590.282s][info][gc             ] GC(209) Pause Young (Normal) (G1 Evacuation Pause) 9291M->3983M(10240M) 162.149ms
[2590.282s][info][gc,cpu         ] GC(209) User=1.28s Sys=0.00s Real=0.16s
.............[2602.555s][info][gc,start       ] GC(210) Pause Young (Normal) (G1 Evacuation Pause)
[2602.556s][info][gc,task        ] GC(210) Using 8 workers of 8 for evacuation
[2602.723s][info][gc,phases      ] GC(210)   Pre Evacuate Collection Set: 0.30ms
[2602.723s][info][gc,phases      ] GC(210)   Merge Heap Roots: 0.53ms
[2602.723s][info][gc,phases      ] GC(210)   Evacuate Collection Set: 165.32ms
[2602.723s][info][gc,phases      ] GC(210)   Post Evacuate Collection Set: 1.22ms
[2602.723s][info][gc,phases      ] GC(210)   Other: 0.08ms
[2602.723s][info][gc,heap        ] GC(210) Eden regions: 663->0(657)
[2602.723s][info][gc,heap        ] GC(210) Survivor regions: 50->52(90)
[2602.723s][info][gc,heap        ] GC(210) Old regions: 373->375
[2602.723s][info][gc,heap        ] GC(210) Humongous regions: 80->80
[2602.723s][info][gc,metaspace   ] GC(210) Metaspace: 29947K(30464K)->29947K(30464K) NonClass: 26550K(26816K)->26550K(26816K) Class: 3397K(3648K)->3397K(3648K)
[2602.723s][info][gc             ] GC(210) Pause Young (Normal) (G1 Evacuation Pause) 9287M->4015M(10240M) 167.595ms
[2602.723s][info][gc,cpu         ] GC(210) User=1.32s Sys=0.00s Real=0.16s
...... (rIR:aIR:PR = 3598:3599:3599) (tPR = 53632) [OK] 
  2608s: Performance info:
         Transaction,    Success,    Partial,     Failed,   Receipts, AvgBarcode, 
             Overall,     216047,          0,          0,     205236,      59.47, 
         Response times:
             Request,    Success,    Partial,     Failed,   SkipFail,     Probes,    Samples,      min,      p50,      p90,      p95,      p99,      max, 
       TotalPurchase,     205236,          0,          0,          0,     200533,     218676,      400,     2500,     4300,     4800,    19923,   177000,
     InStorePurchase,     107995,          0,          0,          0,     105755,     115213,      400,     2500,     4300,     4800,    19986,   177000,
      OnlinePurchase,      75636,          0,          0,          0,      73921,      80536,      400,     2600,     4300,     4800,    21000,   174000,
        InstPurchase,      21605,          0,          0,          0,      20857,      22927,      500,     2500,     4300,     4800,    18600,   174000,
          AssocOfCat,        217,          0,          0,          0,        154,        225,    21000,    32000,    38000,    42100,    49480,    53000,
      AssocOfProduct,       2163,          0,          0,          0,       1940,       2275,      500,     2400,     4500,     5100,    23000,   174000,
      BusinessReport,        540,          0,          0,          0,        453,        572,    28000,    37000,    47000,    53000,   208080,   228000,
          CustBuyBeh,       2163,          0,          0,          0,       1971,       2275,      300,     2300,     4100,     4600,    22000,   174000,
       ProductReturn,       5728,          0,          0,          0,       5446,       6183,      200,     2700,     4200,     4800,    24000,   174000,

  2608s: (27%)   IR =   3736 .....|.[2614.633s][info][gc,start       ] GC(211) Pause Young (Normal) (G1 Evacuation Pause)
[2614.633s][info][gc,task        ] GC(211) Using 8 workers of 8 for evacuation
[2614.797s][info][gc,phases      ] GC(211)   Pre Evacuate Collection Set: 0.32ms
[2614.797s][info][gc,phases      ] GC(211)   Merge Heap Roots: 0.70ms
[2614.797s][info][gc,phases      ] GC(211)   Evacuate Collection Set: 160.87ms
[2614.797s][info][gc,phases      ] GC(211)   Post Evacuate Collection Set: 1.21ms
[2614.797s][info][gc,phases      ] GC(211)   Other: 0.07ms
[2614.797s][info][gc,heap        ] GC(211) Eden regions: 657->0(658)
[2614.797s][info][gc,heap        ] GC(211) Survivor regions: 52->50(89)
[2614.797s][info][gc,heap        ] GC(211) Old regions: 375->378
[2614.797s][info][gc,heap        ] GC(211) Humongous regions: 80->80
[2614.797s][info][gc,metaspace   ] GC(211) Metaspace: 29947K(30464K)->29947K(30464K) NonClass: 26550K(26816K)->26550K(26816K) Class: 3397K(3648K)->3397K(3648K)
[2614.797s][info][gc             ] GC(211) Pause Young (Normal) (G1 Evacuation Pause) 9271M->4021M(10240M) 163.307ms
[2614.797s][info][gc,cpu         ] GC(211) User=1.28s Sys=0.00s Real=0.17s
............[2626.529s][info][gc,start       ] GC(212) Pause Young (Normal) (G1 Evacuation Pause)
[2626.529s][info][gc,task        ] GC(212) Using 8 workers of 8 for evacuation
[2626.690s][info][gc,phases      ] GC(212)   Pre Evacuate Collection Set: 0.29ms
[2626.690s][info][gc,phases      ] GC(212)   Merge Heap Roots: 0.64ms
[2626.690s][info][gc,phases      ] GC(212)   Evacuate Collection Set: 158.76ms
[2626.690s][info][gc,phases      ] GC(212)   Post Evacuate Collection Set: 1.21ms
[2626.690s][info][gc,phases      ] GC(212)   Other: 0.06ms
[2626.690s][info][gc,heap        ] GC(212) Eden regions: 658->0(655)
[2626.690s][info][gc,heap        ] GC(212) Survivor regions: 50->50(89)
[2626.690s][info][gc,heap        ] GC(212) Old regions: 378->381
[2626.690s][info][gc,heap        ] GC(212) Humongous regions: 80->80
[2626.690s][info][gc,metaspace   ] GC(212) Metaspace: 29947K(30464K)->29947K(30464K) NonClass: 26550K(26816K)->26550K(26816K) Class: 3397K(3648K)->3397K(3648K)
[2626.690s][info][gc             ] GC(212) Pause Young (Normal) (G1 Evacuation Pause) 9285M->4045M(10240M) 161.112ms
[2626.690s][info][gc,cpu         ] GC(212) User=1.27s Sys=0.00s Real=0.16s
...........[2638.421s][info][gc,start       ] GC(213) Pause Young (Normal) (G1 Evacuation Pause)
[2638.421s][info][gc,task        ] GC(213) Using 8 workers of 8 for evacuation
[2638.582s][info][gc,phases      ] GC(213)   Pre Evacuate Collection Set: 0.32ms
[2638.582s][info][gc,phases      ] GC(213)   Merge Heap Roots: 0.55ms
[2638.582s][info][gc,phases      ] GC(213)   Evacuate Collection Set: 159.30ms
[2638.582s][info][gc,phases      ] GC(213)   Post Evacuate Collection Set: 1.19ms
[2638.582s][info][gc,phases      ] GC(213)   Other: 0.07ms
[2638.582s][info][gc,heap        ] GC(213) Eden regions: 655->0(653)
[2638.582s][info][gc,heap        ] GC(213) Survivor regions: 50->50(89)
[2638.582s][info][gc,heap        ] GC(213) Old regions: 381->383
[2638.582s][info][gc,heap        ] GC(213) Humongous regions: 80->80
[2638.582s][info][gc,metaspace   ] GC(213) Metaspace: 29947K(30464K)->29947K(30464K) NonClass: 26550K(26816K)->26550K(26816K) Class: 3397K(3648K)->3397K(3648K)
[2638.582s][info][gc             ] GC(213) Pause Young (Normal) (G1 Evacuation Pause) 9285M->4063M(10240M) 161.562ms
[2638.582s][info][gc,cpu         ] GC(213) User=1.27s Sys=0.00s Real=0.16s
............[2650.295s][info][gc,start       ] GC(214) Pause Young (Normal) (G1 Evacuation Pause)
[2650.295s][info][gc,task        ] GC(214) Using 8 workers of 8 for evacuation
[2650.463s][info][gc,phases      ] GC(214)   Pre Evacuate Collection Set: 0.29ms
[2650.463s][info][gc,phases      ] GC(214)   Merge Heap Roots: 0.61ms
[2650.463s][info][gc,phases      ] GC(214)   Evacuate Collection Set: 166.21ms
[2650.463s][info][gc,phases      ] GC(214)   Post Evacuate Collection Set: 1.19ms
[2650.463s][info][gc,phases      ] GC(214)   Other: 0.07ms
[2650.463s][info][gc,heap        ] GC(214) Eden regions: 653->0(646)
[2650.463s][info][gc,heap        ] GC(214) Survivor regions: 50->52(88)
[2650.463s][info][gc,heap        ] GC(214) Old regions: 383->386
[2650.463s][info][gc,heap        ] GC(214) Humongous regions: 80->80
[2650.463s][info][gc,metaspace   ] GC(214) Metaspace: 29947K(30464K)->29947K(30464K) NonClass: 26550K(26816K)->26550K(26816K) Class: 3397K(3648K)->3397K(3648K)
[2650.463s][info][gc             ] GC(214) Pause Young (Normal) (G1 Evacuation Pause) 9287M->4101M(10240M) 168.522ms
[2650.463s][info][gc,cpu         ] GC(214) User=1.33s Sys=0.01s Real=0.17s
............[2662.032s][info][gc,start       ] GC(215) Pause Young (Normal) (G1 Evacuation Pause)
[2662.032s][info][gc,task        ] GC(215) Using 8 workers of 8 for evacuation
[2662.197s][info][gc,phases      ] GC(215)   Pre Evacuate Collection Set: 0.28ms
[2662.197s][info][gc,phases      ] GC(215)   Merge Heap Roots: 0.59ms
[2662.197s][info][gc,phases      ] GC(215)   Evacuate Collection Set: 162.41ms
[2662.197s][info][gc,phases      ] GC(215)   Post Evacuate Collection Set: 1.21ms
[2662.197s][info][gc,phases      ] GC(215)   Other: 0.07ms
[2662.197s][info][gc,heap        ] GC(215) Eden regions: 646->0(645)
[2662.197s][info][gc,heap        ] GC(215) Survivor regions: 52->51(88)
[2662.197s][info][gc,heap        ] GC(215) Old regions: 386->389
[2662.197s][info][gc,heap        ] GC(215) Humongous regions: 80->80
[2662.197s][info][gc,metaspace   ] GC(215) Metaspace: 29952K(30464K)->29952K(30464K) NonClass: 26554K(26816K)->26554K(26816K) Class: 3397K(3648K)->3397K(3648K)
[2662.197s][info][gc             ] GC(215) Pause Young (Normal) (G1 Evacuation Pause) 9269M->4114M(10240M) 164.701ms
[2662.197s][info][gc,cpu         ] GC(215) User=1.30s Sys=0.00s Real=0.17s
............ (rIR:aIR:PR = 3736:3737:3737) (tPR = 55517) [OK] 
  2673s: Performance info:
         Transaction,    Success,    Partial,     Failed,   Receipts, AvgBarcode, 
             Overall,     224650,          0,          0,     213402,      59.48, 
         Response times:
             Request,    Success,    Partial,     Failed,   SkipFail,     Probes,    Samples,      min,      p50,      p90,      p95,      p99,      max, 
       TotalPurchase,     213402,          0,          0,          0,     208062,     227519,      400,     2600,     4500,     5000,    18700,   251000,
     InStorePurchase,     112325,          0,          0,          0,     109545,     119651,      400,     2500,     4400,     5000,    16448,   251000,
      OnlinePurchase,      78604,          0,          0,          0,      76787,      83848,      400,     2700,     4500,     5100,    21000,   251000,
        InstPurchase,      22473,          0,          0,          0,      21730,      24020,      500,     2700,     4600,     5100,    18700,   250000,
          AssocOfCat,        224,          0,          0,          0,        165,        227,    26000,    33000,    42000,    49000,    76360,    90000,
      AssocOfProduct,       2248,          0,          0,          0,       2062,       2446,      800,     3200,     4800,     5400,    28590,   176000,
      BusinessReport,        565,          0,          0,          0,        444,        566,    26000,    37000,    50000,    54000,    69660,   228000,
          CustBuyBeh,       2249,          0,          0,          0,       2060,       2409,      300,     2900,     4400,     4900,    33800,   172000,
       ProductReturn,       5962,          0,          0,          0,       5626,       6314,      300,     3000,     4500,     5025,    22000,   180000,

  2673s: (28%)   IR =   3874 [2673.694s][info][gc,start       ] GC(216) Pause Young (Normal) (G1 Evacuation Pause)
[2673.694s][info][gc,task        ] GC(216) Using 8 workers of 8 for evacuation
[2673.880s][info][gc,phases      ] GC(216)   Pre Evacuate Collection Set: 0.33ms
[2673.880s][info][gc,phases      ] GC(216)   Merge Heap Roots: 0.69ms
[2673.880s][info][gc,phases      ] GC(216)   Evacuate Collection Set: 182.99ms
[2673.880s][info][gc,phases      ] GC(216)   Post Evacuate Collection Set: 1.59ms
[2673.880s][info][gc,phases      ] GC(216)   Other: 0.06ms
[2673.880s][info][gc,heap        ] GC(216) Eden regions: 645->0(645)
[2673.880s][info][gc,heap        ] GC(216) Survivor regions: 51->50(87)
[2673.880s][info][gc,heap        ] GC(216) Old regions: 389->391
[2673.880s][info][gc,heap        ] GC(216) Humongous regions: 80->80
[2673.880s][info][gc,metaspace   ] GC(216) Metaspace: 29953K(30464K)->29953K(30464K) NonClass: 26556K(26816K)->26556K(26816K) Class: 3397K(3648K)->3397K(3648K)
[2673.880s][info][gc             ] GC(216) Pause Young (Normal) (G1 Evacuation Pause) 9274M->4127M(10240M) 185.807ms
[2673.880s][info][gc,cpu         ] GC(216) User=1.28s Sys=0.00s Real=0.19s
.....|......[2684.990s][info][gc,start       ] GC(217) Pause Young (Normal) (G1 Evacuation Pause)
[2684.990s][info][gc,task        ] GC(217) Using 8 workers of 8 for evacuation
[2685.154s][info][gc,phases      ] GC(217)   Pre Evacuate Collection Set: 0.31ms
[2685.154s][info][gc,phases      ] GC(217)   Merge Heap Roots: 0.62ms
[2685.154s][info][gc,phases      ] GC(217)   Evacuate Collection Set: 162.06ms
[2685.154s][info][gc,phases      ] GC(217)   Post Evacuate Collection Set: 1.21ms
[2685.154s][info][gc,phases      ] GC(217)   Other: 0.07ms
[2685.154s][info][gc,heap        ] GC(217) Eden regions: 645->0(642)
[2685.154s][info][gc,heap        ] GC(217) Survivor regions: 50->50(87)
[2685.154s][info][gc,heap        ] GC(217) Old regions: 391->394
[2685.154s][info][gc,heap        ] GC(217) Humongous regions: 80->80
[2685.154s][info][gc,metaspace   ] GC(217) Metaspace: 29953K(30464K)->29953K(30464K) NonClass: 26556K(26816K)->26556K(26816K) Class: 3397K(3648K)->3397K(3648K)
[2685.154s][info][gc             ] GC(217) Pause Young (Normal) (G1 Evacuation Pause) 9287M->4148M(10240M) 164.391ms
[2685.154s][info][gc,cpu         ] GC(217) User=1.29s Sys=0.00s Real=0.16s
...........[2696.144s][info][gc,start       ] GC(218) Pause Young (Normal) (G1 Evacuation Pause)
[2696.144s][info][gc,task        ] GC(218) Using 8 workers of 8 for evacuation
[2696.305s][info][gc,phases      ] GC(218)   Pre Evacuate Collection Set: 0.31ms
[2696.305s][info][gc,phases      ] GC(218)   Merge Heap Roots: 0.60ms
[2696.305s][info][gc,phases      ] GC(218)   Evacuate Collection Set: 159.14ms
[2696.305s][info][gc,phases      ] GC(218)   Post Evacuate Collection Set: 1.19ms
[2696.305s][info][gc,phases      ] GC(218)   Other: 0.07ms
[2696.305s][info][gc,heap        ] GC(218) Eden regions: 642->0(641)
[2696.305s][info][gc,heap        ] GC(218) Survivor regions: 50->49(87)
[2696.305s][info][gc,heap        ] GC(218) Old regions: 394->397
[2696.305s][info][gc,heap        ] GC(218) Humongous regions: 80->80
[2696.305s][info][gc,metaspace   ] GC(218) Metaspace: 29953K(30464K)->29953K(30464K) NonClass: 26556K(26816K)->26556K(26816K) Class: 3397K(3648K)->3397K(3648K)
[2696.305s][info][gc             ] GC(218) Pause Young (Normal) (G1 Evacuation Pause) 9284M->4166M(10240M) 161.434ms
[2696.305s][info][gc,cpu         ] GC(218) User=1.26s Sys=0.01s Real=0.17s
...........[2707.354s][info][gc,start       ] GC(219) Pause Young (Normal) (G1 Evacuation Pause)
[2707.354s][info][gc,task        ] GC(219) Using 8 workers of 8 for evacuation
[2707.515s][info][gc,phases      ] GC(219)   Pre Evacuate Collection Set: 0.28ms
[2707.515s][info][gc,phases      ] GC(219)   Merge Heap Roots: 0.68ms
[2707.515s][info][gc,phases      ] GC(219)   Evacuate Collection Set: 159.24ms
[2707.515s][info][gc,phases      ] GC(219)   Post Evacuate Collection Set: 1.16ms
[2707.515s][info][gc,phases      ] GC(219)   Other: 0.08ms
[2707.515s][info][gc,heap        ] GC(219) Eden regions: 641->0(639)
[2707.515s][info][gc,heap        ] GC(219) Survivor regions: 49->49(87)
[2707.515s][info][gc,heap        ] GC(219) Old regions: 397->399
[2707.515s][info][gc,heap        ] GC(219) Humongous regions: 80->80
[2707.515s][info][gc,metaspace   ] GC(219) Metaspace: 29953K(30464K)->29953K(30464K) NonClass: 26556K(26816K)->26556K(26816K) Class: 3397K(3648K)->3397K(3648K)
[2707.515s][info][gc             ] GC(219) Pause Young (Normal) (G1 Evacuation Pause) 9294M->4187M(10240M) 161.583ms
[2707.515s][info][gc,cpu         ] GC(219) User=1.27s Sys=0.01s Real=0.17s
...........[2718.585s][info][gc,start       ] GC(220) Pause Young (Normal) (G1 Evacuation Pause)
[2718.585s][info][gc,task        ] GC(220) Using 8 workers of 8 for evacuation
[2718.750s][info][gc,phases      ] GC(220)   Pre Evacuate Collection Set: 0.29ms
[2718.750s][info][gc,phases      ] GC(220)   Merge Heap Roots: 0.60ms
[2718.750s][info][gc,phases      ] GC(220)   Evacuate Collection Set: 162.95ms
[2718.750s][info][gc,phases      ] GC(220)   Post Evacuate Collection Set: 1.17ms
[2718.750s][info][gc,phases      ] GC(220)   Other: 0.07ms
[2718.750s][info][gc,heap        ] GC(220) Eden regions: 639->0(634)
[2718.750s][info][gc,heap        ] GC(220) Survivor regions: 49->50(86)
[2718.750s][info][gc,heap        ] GC(220) Old regions: 399->402
[2718.750s][info][gc,heap        ] GC(220) Humongous regions: 80->80
[2718.750s][info][gc,metaspace   ] GC(220) Metaspace: 29953K(30464K)->29953K(30464K) NonClass: 26556K(26816K)->26556K(26816K) Class: 3397K(3648K)->3397K(3648K)
[2718.750s][info][gc             ] GC(220) Pause Young (Normal) (G1 Evacuation Pause) 9299M->4218M(10240M) 165.206ms
[2718.750s][info][gc,cpu         ] GC(220) User=1.30s Sys=0.00s Real=0.16s
...........[2729.641s][info][gc,start       ] GC(221) Pause Young (Normal) (G1 Evacuation Pause)
[2729.641s][info][gc,task        ] GC(221) Using 8 workers of 8 for evacuation
[2729.807s][info][gc,phases      ] GC(221)   Pre Evacuate Collection Set: 0.29ms
[2729.807s][info][gc,phases      ] GC(221)   Merge Heap Roots: 0.59ms
[2729.807s][info][gc,phases      ] GC(221)   Evacuate Collection Set: 163.68ms
[2729.807s][info][gc,phases      ] GC(221)   Post Evacuate Collection Set: 1.17ms
[2729.807s][info][gc,phases      ] GC(221)   Other: 0.07ms
[2729.807s][info][gc,heap        ] GC(221) Eden regions: 634->0(629)
[2729.807s][info][gc,heap        ] GC(221) Survivor regions: 50->51(86)
[2729.807s][info][gc,heap        ] GC(221) Old regions: 402->405
[2729.807s][info][gc,heap        ] GC(221) Humongous regions: 80->80
[2729.807s][info][gc,metaspace   ] GC(221) Metaspace: 29953K(30464K)->29953K(30464K) NonClass: 26556K(26816K)->26556K(26816K) Class: 3397K(3648K)->3397K(3648K)
[2729.807s][info][gc             ] GC(221) Pause Young (Normal) (G1 Evacuation Pause) 9290M->4248M(10240M) 165.945ms
[2729.807s][info][gc,cpu         ] GC(221) User=1.31s Sys=0.01s Real=0.17s
.......... (rIR:aIR:PR = 3874:3875:3875) (tPR = 57698) [OK] 
  2738s: Performance info:
         Transaction,    Success,    Partial,     Failed,   Receipts, AvgBarcode, 
             Overall,     233173,          0,          0,     221495,      59.47, 
         Response times:
             Request,    Success,    Partial,     Failed,   SkipFail,     Probes,    Samples,      min,      p50,      p90,      p95,      p99,      max, 
       TotalPurchase,     221495,          0,          0,          0,     216085,     236436,      400,     2700,     4600,     5100,    10900,   179000,
     InStorePurchase,     116581,          0,          0,          0,     114022,     124575,      400,     2600,     4600,     5100,    10300,   179000,
      OnlinePurchase,      81601,          0,          0,          0,      79454,      86789,      400,     2800,     4700,     5200,    13400,   173000,
        InstPurchase,      23313,          0,          0,          0,      22609,      25072,      500,     2800,     4600,     5200,     8100,   177000,
          AssocOfCat,        236,          0,          0,          0,        166,        239,    21000,    33000,    42000,    47000,    59200,   198000,
      AssocOfProduct,       2331,          0,          0,          0,       2128,       2473,      600,     2000,     4300,     5000,     7652,   167000,
      BusinessReport,        584,          0,          0,          0,        486,        633,    28000,    37000,    50000,    55300,    76000,   217000,
          CustBuyBeh,       2331,          0,          0,          0,       2130,       2458,      200,     2700,     4500,     5000,    12887,   169000,
       ProductReturn,       6194,          0,          0,          0,       5830,       6570,      200,     3100,     4700,     5300,    12500,   173000,

  2738s: (29%)   IR =   4013 .[2740.633s][info][gc,start       ] GC(222) Pause Young (Normal) (G1 Evacuation Pause)
[2740.633s][info][gc,task        ] GC(222) Using 8 workers of 8 for evacuation
[2740.796s][info][gc,phases      ] GC(222)   Pre Evacuate Collection Set: 0.29ms
[2740.796s][info][gc,phases      ] GC(222)   Merge Heap Roots: 0.59ms
[2740.796s][info][gc,phases      ] GC(222)   Evacuate Collection Set: 160.79ms
[2740.796s][info][gc,phases      ] GC(222)   Post Evacuate Collection Set: 1.14ms
[2740.796s][info][gc,phases      ] GC(222)   Other: 0.06ms
[2740.796s][info][gc,heap        ] GC(222) Eden regions: 629->0(634)
[2740.796s][info][gc,heap        ] GC(222) Survivor regions: 51->44(85)
[2740.796s][info][gc,heap        ] GC(222) Old regions: 405->414
[2740.796s][info][gc,heap        ] GC(222) Humongous regions: 80->80
[2740.796s][info][gc,metaspace   ] GC(222) Metaspace: 29953K(30464K)->29953K(30464K) NonClass: 26556K(26816K)->26556K(26816K) Class: 3397K(3648K)->3397K(3648K)
[2740.796s][info][gc             ] GC(222) Pause Young (Normal) (G1 Evacuation Pause) 9280M->4262M(10240M) 163.001ms
[2740.796s][info][gc,cpu         ] GC(222) User=1.28s Sys=0.00s Real=0.17s
.....|......[2751.302s][info][gc,start       ] GC(223) Pause Young (Normal) (G1 Evacuation Pause)
[2751.302s][info][gc,task        ] GC(223) Using 8 workers of 8 for evacuation
[2751.458s][info][gc,phases      ] GC(223)   Pre Evacuate Collection Set: 0.29ms
[2751.458s][info][gc,phases      ] GC(223)   Merge Heap Roots: 0.54ms
[2751.458s][info][gc,phases      ] GC(223)   Evacuate Collection Set: 153.46ms
[2751.458s][info][gc,phases      ] GC(223)   Post Evacuate Collection Set: 1.21ms
[2751.458s][info][gc,phases      ] GC(223)   Other: 0.08ms
[2751.458s][info][gc,heap        ] GC(223) Eden regions: 634->0(620)
[2751.458s][info][gc,heap        ] GC(223) Survivor regions: 44->51(85)
[2751.458s][info][gc,heap        ] GC(223) Old regions: 414->414
[2751.458s][info][gc,heap        ] GC(223) Humongous regions: 80->80
[2751.458s][info][gc,metaspace   ] GC(223) Metaspace: 29953K(30464K)->29953K(30464K) NonClass: 26556K(26816K)->26556K(26816K) Class: 3397K(3648K)->3397K(3648K)
[2751.458s][info][gc             ] GC(223) Pause Young (Normal) (G1 Evacuation Pause) 9334M->4314M(10240M) 155.714ms
[2751.458s][info][gc,cpu         ] GC(223) User=1.22s Sys=0.00s Real=0.16s
..........[2761.721s][info][gc,start       ] GC(224) Pause Young (Normal) (G1 Evacuation Pause)
[2761.721s][info][gc,task        ] GC(224) Using 8 workers of 8 for evacuation
[2761.884s][info][gc,phases      ] GC(224)   Pre Evacuate Collection Set: 0.29ms
[2761.884s][info][gc,phases      ] GC(224)   Merge Heap Roots: 0.65ms
[2761.884s][info][gc,phases      ] GC(224)   Evacuate Collection Set: 160.95ms
[2761.884s][info][gc,phases      ] GC(224)   Post Evacuate Collection Set: 1.11ms
[2761.884s][info][gc,phases      ] GC(224)   Other: 0.08ms
[2761.884s][info][gc,heap        ] GC(224) Eden regions: 620->0(626)
[2761.884s][info][gc,heap        ] GC(224) Survivor regions: 51->44(84)
[2761.884s][info][gc,heap        ] GC(224) Old regions: 414->422
[2761.884s][info][gc,heap        ] GC(224) Humongous regions: 80->80
[2761.884s][info][gc,metaspace   ] GC(224) Metaspace: 29953K(30464K)->29953K(30464K) NonClass: 26556K(26816K)->26556K(26816K) Class: 3397K(3648K)->3397K(3648K)
[2761.884s][info][gc             ] GC(224) Pause Young (Normal) (G1 Evacuation Pause) 9274M->4331M(10240M) 163.213ms
[2761.884s][info][gc,cpu         ] GC(224) User=1.29s Sys=0.00s Real=0.16s
...........[2772.351s][info][gc,start       ] GC(225) Pause Young (Normal) (G1 Evacuation Pause)
[2772.351s][info][gc,task        ] GC(225) Using 8 workers of 8 for evacuation
[2772.504s][info][gc,phases      ] GC(225)   Pre Evacuate Collection Set: 0.31ms
[2772.504s][info][gc,phases      ] GC(225)   Merge Heap Roots: 0.60ms
[2772.504s][info][gc,phases      ] GC(225)   Evacuate Collection Set: 150.76ms
[2772.504s][info][gc,phases      ] GC(225)   Post Evacuate Collection Set: 1.12ms
[2772.504s][info][gc,phases      ] GC(225)   Other: 0.07ms
[2772.504s][info][gc,heap        ] GC(225) Eden regions: 626->0(621)
[2772.504s][info][gc,heap        ] GC(225) Survivor regions: 44->43(84)
[2772.504s][info][gc,heap        ] GC(225) Old regions: 422->429
[2772.504s][info][gc,heap        ] GC(225) Humongous regions: 80->80
[2772.504s][info][gc,metaspace   ] GC(225) Metaspace: 29953K(30464K)->29953K(30464K) NonClass: 26556K(26816K)->26556K(26816K) Class: 3397K(3648K)->3397K(3648K)
[2772.504s][info][gc             ] GC(225) Pause Young (Normal) (G1 Evacuation Pause) 9339M->4377M(10240M) 152.998ms
[2772.504s][info][gc,cpu         ] GC(225) User=1.20s Sys=0.00s Real=0.15s
..........[2782.773s][info][gc,start       ] GC(226) Pause Young (Normal) (G1 Evacuation Pause)
[2782.773s][info][gc,task        ] GC(226) Using 8 workers of 8 for evacuation
[2782.926s][info][gc,phases      ] GC(226)   Pre Evacuate Collection Set: 0.31ms
[2782.926s][info][gc,phases      ] GC(226)   Merge Heap Roots: 0.63ms
[2782.926s][info][gc,phases      ] GC(226)   Evacuate Collection Set: 151.09ms
[2782.926s][info][gc,phases      ] GC(226)   Post Evacuate Collection Set: 1.16ms
[2782.926s][info][gc,phases      ] GC(226)   Other: 0.07ms
[2782.926s][info][gc,heap        ] GC(226) Eden regions: 621->0(607)
[2782.926s][info][gc,heap        ] GC(226) Survivor regions: 43->50(83)
[2782.926s][info][gc,heap        ] GC(226) Old regions: 429->429
[2782.926s][info][gc,heap        ] GC(226) Humongous regions: 80->80
[2782.926s][info][gc,metaspace   ] GC(226) Metaspace: 29953K(30464K)->29953K(30464K) NonClass: 26556K(26816K)->26556K(26816K) Class: 3397K(3648K)->3397K(3648K)
[2782.926s][info][gc             ] GC(226) Pause Young (Normal) (G1 Evacuation Pause) 9345M->4433M(10240M) 153.415ms
[2782.926s][info][gc,cpu         ] GC(226) User=1.20s Sys=0.00s Real=0.16s
...........[2792.990s][info][gc,start       ] GC(227) Pause Young (Normal) (G1 Evacuation Pause)
[2792.990s][info][gc,task        ] GC(227) Using 8 workers of 8 for evacuation
[2793.153s][info][gc,phases      ] GC(227)   Pre Evacuate Collection Set: 0.27ms
[2793.153s][info][gc,phases      ] GC(227)   Merge Heap Roots: 0.57ms
[2793.153s][info][gc,phases      ] GC(227)   Evacuate Collection Set: 160.68ms
[2793.153s][info][gc,phases      ] GC(227)   Post Evacuate Collection Set: 1.15ms
[2793.153s][info][gc,phases      ] GC(227)   Other: 0.07ms
[2793.153s][info][gc,heap        ] GC(227) Eden regions: 607->0(606)
[2793.153s][info][gc,heap        ] GC(227) Survivor regions: 50->49(83)
[2793.153s][info][gc,heap        ] GC(227) Old regions: 429->432
[2793.153s][info][gc,heap        ] GC(227) Humongous regions: 80->80
[2793.153s][info][gc,metaspace   ] GC(227) Metaspace: 29953K(30464K)->29953K(30464K) NonClass: 26556K(26816K)->26556K(26816K) Class: 3397K(3648K)->3397K(3648K)
[2793.153s][info][gc             ] GC(227) Pause Young (Normal) (G1 Evacuation Pause) 9289M->4449M(10240M) 162.865ms
[2793.153s][info][gc,cpu         ] GC(227) User=1.28s Sys=0.01s Real=0.16s
..........[2803.203s][info][gc,start       ] GC(228) Pause Young (Normal) (G1 Evacuation Pause)
[2803.203s][info][gc,task        ] GC(228) Using 8 workers of 8 for evacuation
[2803.363s][info][gc,phases      ] GC(228)   Pre Evacuate Collection Set: 0.32ms
[2803.363s][info][gc,phases      ] GC(228)   Merge Heap Roots: 0.64ms
[2803.363s][info][gc,phases      ] GC(228)   Evacuate Collection Set: 158.42ms
[2803.363s][info][gc,phases      ] GC(228)   Post Evacuate Collection Set: 1.11ms
[2803.363s][info][gc,phases      ] GC(228)   Other: 0.07ms
[2803.363s][info][gc,heap        ] GC(228) Eden regions: 606->0(609)
[2803.363s][info][gc,heap        ] GC(228) Survivor regions: 49->43(82)
[2803.363s][info][gc,heap        ] GC(228) Old regions: 432->441
[2803.363s][info][gc,heap        ] GC(228) Humongous regions: 80->80
[2803.363s][info][gc,metaspace   ] GC(228) Metaspace: 29954K(30464K)->29954K(30464K) NonClass: 26557K(26816K)->26557K(26816K) Class: 3397K(3648K)->3397K(3648K)
[2803.363s][info][gc             ] GC(228) Pause Young (Normal) (G1 Evacuation Pause) 9297M->4475M(10240M) 160.703ms
[2803.364s][info][gc,cpu         ] GC(228) User=1.26s Sys=0.00s Real=0.16s
.. (rIR:aIR:PR = 4013:4013:4013) (tPR = 59969) [OK] 
  2804s: Performance info:
         Transaction,    Success,    Partial,     Failed,   Receipts, AvgBarcode, 
             Overall,     241118,          0,          0,     229081,      59.47, 
         Response times:
             Request,    Success,    Partial,     Failed,   SkipFail,     Probes,    Samples,      min,      p50,      p90,      p95,      p99,      max, 
       TotalPurchase,     229081,          0,          0,          0,     223695,     248454,      400,     2800,     4800,     5400,    18000,   174000,
     InStorePurchase,     120571,          0,          0,          0,     117901,     130761,      400,     2700,     4700,     5400,    17900,   174000,
      OnlinePurchase,      84388,          0,          0,          0,      82440,      91597,      400,     3000,     4800,     5400,    18300,   174000,
        InstPurchase,      24122,          0,          0,          0,      23354,      26096,      500,     2800,     4800,     5500,    18612,   174000,
          AssocOfCat,        242,          0,          0,          0,        194,        279,    23000,    33000,    44000,    49000,    74600,   200000,
      AssocOfProduct,       2411,          0,          0,          0,       2243,       2699,      600,     3000,     4900,     5600,    34000,   169000,
      BusinessReport,        602,          0,          0,          0,        513,        663,    27000,    37000,    49600,    53000,    78360,   193000,
          CustBuyBeh,       2407,          0,          0,          0,       2212,       2627,      300,     2500,     4400,     5200,    11832,   172000,
       ProductReturn,       6374,          0,          0,          0,       6002,       6883,      200,     2100,     4400,     5200,    13716,   169000,

  2804s: (30%)   IR =   4151 .....|...[2813.225s][info][gc,start       ] GC(229) Pause Young (Normal) (G1 Evacuation Pause)
[2813.225s][info][gc,task        ] GC(229) Using 8 workers of 8 for evacuation
[2813.382s][info][gc,phases      ] GC(229)   Pre Evacuate Collection Set: 0.33ms
[2813.382s][info][gc,phases      ] GC(229)   Merge Heap Roots: 0.65ms
[2813.382s][info][gc,phases      ] GC(229)   Evacuate Collection Set: 154.08ms
[2813.382s][info][gc,phases      ] GC(229)   Post Evacuate Collection Set: 1.15ms
[2813.382s][info][gc,phases      ] GC(229)   Other: 0.09ms
[2813.382s][info][gc,heap        ] GC(229) Eden regions: 609->0(602)
[2813.382s][info][gc,heap        ] GC(229) Survivor regions: 43->43(82)
[2813.382s][info][gc,heap        ] GC(229) Old regions: 441->448
[2813.382s][info][gc,heap        ] GC(229) Humongous regions: 80->80
[2813.382s][info][gc,metaspace   ] GC(229) Metaspace: 29954K(30464K)->29954K(30464K) NonClass: 26557K(26816K)->26557K(26816K) Class: 3397K(3648K)->3397K(3648K)
[2813.382s][info][gc             ] GC(229) Pause Young (Normal) (G1 Evacuation Pause) 9347M->4529M(10240M) 156.424ms
[2813.382s][info][gc,cpu         ] GC(229) User=1.23s Sys=0.00s Real=0.15s
.........[2822.988s][info][gc,start       ] GC(230) Pause Young (Normal) (G1 Evacuation Pause)
[2822.988s][info][gc,task        ] GC(230) Using 8 workers of 8 for evacuation
[2823.142s][info][gc,phases      ] GC(230)   Pre Evacuate Collection Set: 0.29ms
[2823.142s][info][gc,phases      ] GC(230)   Merge Heap Roots: 0.61ms
[2823.142s][info][gc,phases      ] GC(230)   Evacuate Collection Set: 152.01ms
[2823.142s][info][gc,phases      ] GC(230)   Post Evacuate Collection Set: 1.11ms
[2823.142s][info][gc,phases      ] GC(230)   Other: 0.07ms
[2823.142s][info][gc,heap        ] GC(230) Eden regions: 602->0(593)
[2823.142s][info][gc,heap        ] GC(230) Survivor regions: 43->44(81)
[2823.142s][info][gc,heap        ] GC(230) Old regions: 448->455
[2823.142s][info][gc,heap        ] GC(230) Humongous regions: 80->80
[2823.142s][info][gc,metaspace   ] GC(230) Metaspace: 29954K(30464K)->29954K(30464K) NonClass: 26557K(26816K)->26557K(26816K) Class: 3397K(3648K)->3397K(3648K)
[2823.142s][info][gc             ] GC(230) Pause Young (Normal) (G1 Evacuation Pause) 9345M->4586M(10240M) 154.237ms
[2823.142s][info][gc,cpu         ] GC(230) User=1.21s Sys=0.00s Real=0.15s
..........[2832.663s][info][gc,start       ] GC(231) Pause Young (Normal) (G1 Evacuation Pause)
[2832.663s][info][gc,task        ] GC(231) Using 8 workers of 8 for evacuation
[2832.818s][info][gc,phases      ] GC(231)   Pre Evacuate Collection Set: 0.28ms
[2832.818s][info][gc,phases      ] GC(231)   Merge Heap Roots: 0.60ms
[2832.818s][info][gc,phases      ] GC(231)   Evacuate Collection Set: 152.19ms
[2832.818s][info][gc,phases      ] GC(231)   Post Evacuate Collection Set: 1.11ms
[2832.818s][info][gc,phases      ] GC(231)   Other: 0.07ms
[2832.818s][info][gc,heap        ] GC(231) Eden regions: 593->0(588)
[2832.818s][info][gc,heap        ] GC(231) Survivor regions: 44->43(80)
[2832.818s][info][gc,heap        ] GC(231) Old regions: 455->462
[2832.818s][info][gc,heap        ] GC(231) Humongous regions: 80->80
[2832.818s][info][gc,metaspace   ] GC(231) Metaspace: 29954K(30464K)->29954K(30464K) NonClass: 26557K(26816K)->26557K(26816K) Class: 3397K(3648K)->3397K(3648K)
[2832.818s][info][gc             ] GC(231) Pause Young (Normal) (G1 Evacuation Pause) 9330M->4637M(10240M) 154.386ms
[2832.818s][info][gc,cpu         ] GC(231) User=1.21s Sys=0.00s Real=0.16s
..........[2842.257s][info][gc,start       ] GC(232) Pause Young (Normal) (G1 Evacuation Pause)
[2842.257s][info][gc,task        ] GC(232) Using 8 workers of 8 for evacuation
[2842.413s][info][gc,phases      ] GC(232)   Pre Evacuate Collection Set: 0.27ms
[2842.413s][info][gc,phases      ] GC(232)   Merge Heap Roots: 0.65ms
[2842.413s][info][gc,phases      ] GC(232)   Evacuate Collection Set: 153.67ms
[2842.413s][info][gc,phases      ] GC(232)   Post Evacuate Collection Set: 1.10ms
[2842.413s][info][gc,phases      ] GC(232)   Other: 0.06ms
[2842.413s][info][gc,heap        ] GC(232) Eden regions: 588->0(580)
[2842.413s][info][gc,heap        ] GC(232) Survivor regions: 43->44(79)
[2842.413s][info][gc,heap        ] GC(232) Old regions: 462->468
[2842.413s][info][gc,heap        ] GC(232) Humongous regions: 80->80
[2842.413s][info][gc,metaspace   ] GC(232) Metaspace: 29954K(30464K)->29954K(30464K) NonClass: 26557K(26816K)->26557K(26816K) Class: 3397K(3648K)->3397K(3648K)
[2842.413s][info][gc             ] GC(232) Pause Young (Normal) (G1 Evacuation Pause) 9341M->4695M(10240M) 155.890ms
[2842.413s][info][gc,cpu         ] GC(232) User=1.22s Sys=0.00s Real=0.15s
.........[2851.658s][info][gc,start       ] GC(233) Pause Young (Normal) (G1 Evacuation Pause)
[2851.658s][info][gc,task        ] GC(233) Using 8 workers of 8 for evacuation
[2851.813s][info][gc,phases      ] GC(233)   Pre Evacuate Collection Set: 0.30ms
[2851.813s][info][gc,phases      ] GC(233)   Merge Heap Roots: 0.60ms
[2851.813s][info][gc,phases      ] GC(233)   Evacuate Collection Set: 153.18ms
[2851.813s][info][gc,phases      ] GC(233)   Post Evacuate Collection Set: 1.08ms
[2851.813s][info][gc,phases      ] GC(233)   Other: 0.06ms
[2851.813s][info][gc,heap        ] GC(233) Eden regions: 580->0(573)
[2851.813s][info][gc,heap        ] GC(233) Survivor regions: 44->44(78)
[2851.813s][info][gc,heap        ] GC(233) Old regions: 468->475
[2851.813s][info][gc,heap        ] GC(233) Humongous regions: 80->80
[2851.813s][info][gc,metaspace   ] GC(233) Metaspace: 29954K(30464K)->29954K(30464K) NonClass: 26557K(26816K)->26557K(26816K) Class: 3397K(3648K)->3397K(3648K)
[2851.813s][info][gc             ] GC(233) Pause Young (Normal) (G1 Evacuation Pause) 9335M->4752M(10240M) 155.348ms
[2851.813s][info][gc,cpu         ] GC(233) User=1.22s Sys=0.00s Real=0.15s
.........[2860.953s][info][gc,start       ] GC(234) Pause Young (Normal) (G1 Evacuation Pause)
[2860.954s][info][gc,task        ] GC(234) Using 8 workers of 8 for evacuation
[2861.105s][info][gc,phases      ] GC(234)   Pre Evacuate Collection Set: 0.29ms
[2861.105s][info][gc,phases      ] GC(234)   Merge Heap Roots: 0.56ms
[2861.105s][info][gc,phases      ] GC(234)   Evacuate Collection Set: 149.74ms
[2861.105s][info][gc,phases      ] GC(234)   Post Evacuate Collection Set: 1.06ms
[2861.105s][info][gc,phases      ] GC(234)   Other: 0.06ms
[2861.105s][info][gc,heap        ] GC(234) Eden regions: 573->0(568)
[2861.105s][info][gc,heap        ] GC(234) Survivor regions: 44->43(78)
[2861.105s][info][gc,heap        ] GC(234) Old regions: 475->482
[2861.105s][info][gc,heap        ] GC(234) Humongous regions: 80->80
[2861.105s][info][gc,metaspace   ] GC(234) Metaspace: 29954K(30464K)->29954K(30464K) NonClass: 26557K(26816K)->26557K(26816K) Class: 3397K(3648K)->3397K(3648K)
[2861.105s][info][gc             ] GC(234) Pause Young (Normal) (G1 Evacuation Pause) 9336M->4799M(10240M) 151.860ms
[2861.105s][info][gc,cpu         ] GC(234) User=1.20s Sys=0.00s Real=0.16s
.......... (rIR:aIR:PR = 4151:4149:4149) (tPR = 61456) [OK] 
  2869s: Performance info:
         Transaction,    Success,    Partial,     Failed,   Receipts, AvgBarcode, 
             Overall,     249669,          0,          0,     237198,      59.47, 
         Response times:
             Request,    Success,    Partial,     Failed,   SkipFail,     Probes,    Samples,      min,      p50,      p90,      p95,      p99,      max, 
       TotalPurchase,     237201,          0,          0,          0,     231587,     253483,      400,     2900,     5000,     5600,    24000,   273000,
     InStorePurchase,     124848,          0,          0,          0,     122253,     133689,      400,     2900,     5000,     5600,    23000,   271000,
      OnlinePurchase,      87382,          0,          0,          0,      85335,      93265,      400,     2900,     5000,     5500,    25000,   273000,
        InstPurchase,      24971,          0,          0,          0,      23999,      26529,      500,     3000,     5000,     5600,    17840,   272000,
          AssocOfCat,        248,          0,          0,          0,        198,        251,    23000,    34000,    42800,    47000,    63440,    82000,
      AssocOfProduct,       2502,          0,          0,          0,       2304,       2731,      600,     2100,     4800,     5500,    12568,   163000,
      BusinessReport,        627,          0,          0,          0,        543,        681,    27000,    37000,    48000,    53000,   195360,   219000,
          CustBuyBeh,       2499,          0,          0,          0,       2277,       2668,      300,     2400,     4500,     5155,    40310,   270000,
       ProductReturn,       6615,          0,          0,          0,       6207,       7060,      200,     3100,     4900,     5400,    16434,   271000,

  2869s: (31%)   IR =   4289 [2870.286s][info][gc,start       ] GC(235) Pause Young (Normal) (G1 Evacuation Pause)
[2870.286s][info][gc,task        ] GC(235) Using 8 workers of 8 for evacuation
[2870.435s][info][gc,phases      ] GC(235)   Pre Evacuate Collection Set: 0.30ms
[2870.435s][info][gc,phases      ] GC(235)   Merge Heap Roots: 0.58ms
[2870.435s][info][gc,phases      ] GC(235)   Evacuate Collection Set: 146.67ms
[2870.435s][info][gc,phases      ] GC(235)   Post Evacuate Collection Set: 1.08ms
[2870.435s][info][gc,phases      ] GC(235)   Other: 0.07ms
[2870.435s][info][gc,heap        ] GC(235) Eden regions: 568->0(563)
[2870.435s][info][gc,heap        ] GC(235) Survivor regions: 43->42(77)
[2870.435s][info][gc,heap        ] GC(235) Old regions: 482->489
[2870.435s][info][gc,heap        ] GC(235) Humongous regions: 80->80
[2870.435s][info][gc,metaspace   ] GC(235) Metaspace: 29954K(30464K)->29954K(30464K) NonClass: 26557K(26816K)->26557K(26816K) Class: 3397K(3648K)->3397K(3648K)
[2870.435s][info][gc             ] GC(235) Pause Young (Normal) (G1 Evacuation Pause) 9343M->4846M(10240M) 148.835ms
[2870.435s][info][gc,cpu         ] GC(235) User=1.17s Sys=0.00s Real=0.15s
.....|...[2879.176s][info][gc,start       ] GC(236) Pause Young (Normal) (G1 Evacuation Pause)
[2879.176s][info][gc,task        ] GC(236) Using 8 workers of 8 for evacuation
[2879.325s][info][gc,phases      ] GC(236)   Pre Evacuate Collection Set: 0.30ms
[2879.325s][info][gc,phases      ] GC(236)   Merge Heap Roots: 0.62ms
[2879.325s][info][gc,phases      ] GC(236)   Evacuate Collection Set: 146.78ms
[2879.325s][info][gc,phases      ] GC(236)   Post Evacuate Collection Set: 1.09ms
[2879.325s][info][gc,phases      ] GC(236)   Other: 0.08ms
[2879.325s][info][gc,heap        ] GC(236) Eden regions: 563->0(558)
[2879.325s][info][gc,heap        ] GC(236) Survivor regions: 42->41(76)
[2879.325s][info][gc,heap        ] GC(236) Old regions: 489->496
[2879.325s][info][gc,heap        ] GC(236) Humongous regions: 80->80
[2879.325s][info][gc,metaspace   ] GC(236) Metaspace: 29954K(30464K)->29954K(30464K) NonClass: 26557K(26816K)->26557K(26816K) Class: 3397K(3648K)->3397K(3648K)
[2879.325s][info][gc             ] GC(236) Pause Young (Normal) (G1 Evacuation Pause) 9350M->4893M(10240M) 149.008ms
[2879.325s][info][gc,cpu         ] GC(236) User=1.17s Sys=0.00s Real=0.15s
.........[2887.903s][info][gc,start       ] GC(237) Pause Young (Normal) (G1 Evacuation Pause)
[2887.903s][info][gc,task        ] GC(237) Using 8 workers of 8 for evacuation
[2888.054s][info][gc,phases      ] GC(237)   Pre Evacuate Collection Set: 0.28ms
[2888.054s][info][gc,phases      ] GC(237)   Merge Heap Roots: 0.59ms
[2888.054s][info][gc,phases      ] GC(237)   Evacuate Collection Set: 148.94ms
[2888.054s][info][gc,phases      ] GC(237)   Post Evacuate Collection Set: 1.05ms
[2888.054s][info][gc,phases      ] GC(237)   Other: 0.06ms
[2888.054s][info][gc,heap        ] GC(237) Eden regions: 558->0(549)
[2888.054s][info][gc,heap        ] GC(237) Survivor regions: 41->42(75)
[2888.054s][info][gc,heap        ] GC(237) Old regions: 496->503
[2888.054s][info][gc,heap        ] GC(237) Humongous regions: 80->80
[2888.054s][info][gc,metaspace   ] GC(237) Metaspace: 29954K(30464K)->29954K(30464K) NonClass: 26557K(26816K)->26557K(26816K) Class: 3397K(3648K)->3397K(3648K)
[2888.054s][info][gc             ] GC(237) Pause Young (Normal) (G1 Evacuation Pause) 9357M->4958M(10240M) 151.074ms
[2888.054s][info][gc,cpu         ] GC(237) User=1.19s Sys=0.00s Real=0.15s
.........[2896.591s][info][gc,start       ] GC(238) Pause Young (Concurrent Start) (G1 Evacuation Pause)
[2896.592s][info][gc,task        ] GC(238) Using 8 workers of 8 for evacuation
[2896.741s][info][gc,phases      ] GC(238)   Pre Evacuate Collection Set: 0.36ms
[2896.741s][info][gc,phases      ] GC(238)   Merge Heap Roots: 0.57ms
[2896.741s][info][gc,phases      ] GC(238)   Evacuate Collection Set: 147.09ms
[2896.741s][info][gc,phases      ] GC(238)   Post Evacuate Collection Set: 1.07ms
[2896.741s][info][gc,phases      ] GC(238)   Other: 0.09ms
[2896.741s][info][gc,heap        ] GC(238) Eden regions: 549->0(542)
[2896.741s][info][gc,heap        ] GC(238) Survivor regions: 42->42(74)
[2896.741s][info][gc,heap        ] GC(238) Old regions: 503->510
[2896.741s][info][gc,heap        ] GC(238) Humongous regions: 80->80
[2896.741s][info][gc,metaspace   ] GC(238) Metaspace: 29954K(30464K)->29954K(30464K) NonClass: 26557K(26816K)->26557K(26816K) Class: 3397K(3648K)->3397K(3648K)
[2896.741s][info][gc             ] GC(238) Pause Young (Concurrent Start) (G1 Evacuation Pause) 9350M->5010M(10240M) 149.319ms
[2896.741s][info][gc             ] GC(239) Concurrent Mark Cycle
[2896.741s][info][gc,marking     ] GC(239) Concurrent Scan Root Regions
[2896.741s][info][gc,cpu         ] GC(238) User=1.18s Sys=0.00s Real=0.15s
[2896.957s][info][gc,marking     ] GC(239) Concurrent Scan Root Regions 216.533ms
[2896.957s][info][gc,marking     ] GC(239) Concurrent Mark
[2896.957s][info][gc,marking     ] GC(239) Concurrent Mark From Roots
[2896.957s][info][gc,task        ] GC(239) Using 2 workers of 2 for marking
.[2897.541s][info][gc,marking     ] GC(239) Concurrent Mark From Roots 583.966ms
[2897.541s][info][gc,marking     ] GC(239) Concurrent Preclean
[2897.542s][info][gc,marking     ] GC(239) Concurrent Preclean 0.296ms
[2897.542s][info][gc,start       ] GC(239) Pause Remark
[2897.544s][info][gc             ] GC(239) Pause Remark 5491M->3731M(10240M) 2.445ms
[2897.544s][info][gc,cpu         ] GC(239) User=0.01s Sys=0.00s Real=0.00s
[2897.544s][info][gc,marking     ] GC(239) Concurrent Mark 587.006ms
[2897.544s][info][gc,marking     ] GC(239) Concurrent Rebuild Remembered Sets and Scrub Regions
[2897.893s][info][gc,marking     ] GC(239) Concurrent Rebuild Remembered Sets and Scrub Regions 348.781ms
[2897.893s][info][gc,start       ] GC(239) Pause Cleanup
[2897.894s][info][gc             ] GC(239) Pause Cleanup 3908M->3908M(10240M) 0.444ms
[2897.894s][info][gc,cpu         ] GC(239) User=0.00s Sys=0.00s Real=0.00s
[2897.894s][info][gc,marking     ] GC(239) Concurrent Clear Claimed Marks
[2897.894s][info][gc,marking     ] GC(239) Concurrent Clear Claimed Marks 0.047ms
[2897.894s][info][gc,marking     ] GC(239) Concurrent Cleanup for Next Mark
[2897.902s][info][gc,marking     ] GC(239) Concurrent Cleanup for Next Mark 8.180ms
[2897.902s][info][gc             ] GC(239) Concurrent Mark Cycle 1161.402ms
.......[2905.133s][info][gc,start       ] GC(240) Pause Young (Prepare Mixed) (G1 Evacuation Pause)
[2905.133s][info][gc,task        ] GC(240) Using 8 workers of 8 for evacuation
[2905.278s][info][gc,phases      ] GC(240)   Pre Evacuate Collection Set: 0.29ms
[2905.278s][info][gc,phases      ] GC(240)   Merge Heap Roots: 0.76ms
[2905.278s][info][gc,phases      ] GC(240)   Evacuate Collection Set: 142.87ms
[2905.278s][info][gc,phases      ] GC(240)   Post Evacuate Collection Set: 1.09ms
[2905.278s][info][gc,phases      ] GC(240)   Other: 0.07ms
[2905.278s][info][gc,heap        ] GC(240) Eden regions: 542->0(727)
[2905.278s][info][gc,heap        ] GC(240) Survivor regions: 42->41(73)
[2905.278s][info][gc,heap        ] GC(240) Old regions: 338->345
[2905.278s][info][gc,heap        ] GC(240) Humongous regions: 32->32
[2905.278s][info][gc,metaspace   ] GC(240) Metaspace: 29954K(30464K)->29954K(30464K) NonClass: 26557K(26816K)->26557K(26816K) Class: 3397K(3648K)->3397K(3648K)
[2905.278s][info][gc             ] GC(240) Pause Young (Prepare Mixed) (G1 Evacuation Pause) 7586M->3303M(10240M) 145.220ms
[2905.278s][info][gc,cpu         ] GC(240) User=1.14s Sys=0.00s Real=0.15s
...........[2916.344s][info][gc,start       ] GC(241) Pause Young (Mixed) (G1 Evacuation Pause)
[2916.344s][info][gc,task        ] GC(241) Using 8 workers of 8 for evacuation
[2916.501s][info][gc,phases      ] GC(241)   Pre Evacuate Collection Set: 0.28ms
[2916.501s][info][gc,phases      ] GC(241)   Merge Heap Roots: 0.68ms
[2916.501s][info][gc,phases      ] GC(241)   Evacuate Collection Set: 154.66ms
[2916.501s][info][gc,phases      ] GC(241)   Post Evacuate Collection Set: 1.38ms
[2916.501s][info][gc,phases      ] GC(241)   Other: 0.08ms
[2916.501s][info][gc,heap        ] GC(241) Eden regions: 710->0(671)
[2916.501s][info][gc,heap        ] GC(241) Survivor regions: 41->50(94)
[2916.501s][info][gc,heap        ] GC(241) Old regions: 345->320
[2916.501s][info][gc,heap        ] GC(241) Humongous regions: 32->32
[2916.501s][info][gc,metaspace   ] GC(241) Metaspace: 29954K(30464K)->29954K(30464K) NonClass: 26557K(26816K)->26557K(26816K) Class: 3397K(3648K)->3397K(3648K)
[2916.501s][info][gc             ] GC(241) Pause Young (Mixed) (G1 Evacuation Pause) 8983M->3170M(10240M) 157.222ms
[2916.501s][info][gc,cpu         ] GC(241) User=1.24s Sys=0.00s Real=0.16s
..........[2926.182s][info][gc,start       ] GC(242) Pause Young (Mixed) (G1 Evacuation Pause)
[2926.183s][info][gc,task        ] GC(242) Using 8 workers of 8 for evacuation
[2926.341s][info][gc,phases      ] GC(242)   Pre Evacuate Collection Set: 0.35ms
[2926.341s][info][gc,phases      ] GC(242)   Merge Heap Roots: 0.68ms
[2926.341s][info][gc,phases      ] GC(242)   Evacuate Collection Set: 156.38ms
[2926.341s][info][gc,phases      ] GC(242)   Post Evacuate Collection Set: 1.27ms
[2926.341s][info][gc,phases      ] GC(242)   Other: 0.08ms
[2926.341s][info][gc,heap        ] GC(242) Eden regions: 623->0(719)
[2926.341s][info][gc,heap        ] GC(242) Survivor regions: 50->49(85)
[2926.341s][info][gc,heap        ] GC(242) Old regions: 320->297
[2926.341s][info][gc,heap        ] GC(242) Humongous regions: 32->32
[2926.341s][info][gc,metaspace   ] GC(242) Metaspace: 29954K(30464K)->29954K(30464K) NonClass: 26557K(26816K)->26557K(26816K) Class: 3397K(3648K)->3397K(3648K)
[2926.341s][info][gc             ] GC(242) Pause Young (Mixed) (G1 Evacuation Pause) 8154M->2981M(10240M) 158.892ms
[2926.341s][info][gc,cpu         ] GC(242) User=1.25s Sys=0.00s Real=0.16s
.......... (rIR:aIR:PR = 4289:4291:4291) (tPR = 63960) [OK] 
  2935s: Performance info:
         Transaction,    Success,    Partial,     Failed,   Receipts, AvgBarcode, 
             Overall,     258731,          0,          0,     245815,      59.47, 
         Response times:
             Request,    Success,    Partial,     Failed,   SkipFail,     Probes,    Samples,      min,      p50,      p90,      p95,      p99,      max, 
       TotalPurchase,     245815,          0,          0,          0,     239796,     261247,      400,     3000,     5200,     5900,    27000,   171000,
     InStorePurchase,     129318,          0,          0,          0,     126404,     137561,      400,     2900,     5100,     5900,    27000,   171000,
      OnlinePurchase,      90627,          0,          0,          0,      88273,      96024,      400,     3100,     5200,     5900,    27000,   169000,
        InstPurchase,      25870,          0,          0,          0,      25119,      27662,      500,     3000,     5200,     5900,    27000,   166000,
          AssocOfCat,        257,          0,          0,          0,        204,        280,    24000,    34000,    43000,    52900,    93950,   112000,
      AssocOfProduct,       2582,          0,          0,          0,       2370,       2795,      500,     2500,     5240,     6000,    36040,   165000,
      BusinessReport,        643,          0,          0,          0,        527,        672,    27000,    38000,    51700,    58000,   104700,   267000,
          CustBuyBeh,       2584,          0,          0,          0,       2410,       2786,      300,     3400,     5100,     5700,    41130,    54000,
       ProductReturn,       6850,          0,          0,          0,       6472,       7261,      300,     3100,     5100,     5900,    33000,   164000,

  2935s: (32%)   IR =   4428 .[2936.952s][info][gc,start       ] GC(243) Pause Young (Mixed) (G1 Evacuation Pause)
[2936.952s][info][gc,task        ] GC(243) Using 8 workers of 8 for evacuation
[2937.119s][info][gc,phases      ] GC(243)   Pre Evacuate Collection Set: 0.30ms
[2937.119s][info][gc,phases      ] GC(243)   Merge Heap Roots: 0.69ms
[2937.119s][info][gc,phases      ] GC(243)   Evacuate Collection Set: 164.36ms
[2937.119s][info][gc,phases      ] GC(243)   Post Evacuate Collection Set: 1.42ms
[2937.119s][info][gc,phases      ] GC(243)   Other: 0.09ms
[2937.119s][info][gc,heap        ] GC(243) Eden regions: 681->0(149)
[2937.119s][info][gc,heap        ] GC(243) Survivor regions: 49->51(92)
[2937.119s][info][gc,heap        ] GC(243) Old regions: 297->273
[2937.119s][info][gc,heap        ] GC(243) Humongous regions: 32->32
[2937.119s][info][gc,metaspace   ] GC(243) Metaspace: 29954K(30464K)->29954K(30464K) NonClass: 26557K(26816K)->26557K(26816K) Class: 3397K(3648K)->3397K(3648K)
[2937.119s][info][gc             ] GC(243) Pause Young (Mixed) (G1 Evacuation Pause) 8429M->2804M(10240M) 166.992ms
[2937.119s][info][gc,cpu         ] GC(243) User=1.32s Sys=0.00s Real=0.17s
...[2939.974s][info][gc,start       ] GC(244) Pause Young (Mixed) (G1 Evacuation Pause)
[2939.974s][info][gc,task        ] GC(244) Using 8 workers of 8 for evacuation
[2940.124s][info][gc,phases      ] GC(244)   Pre Evacuate Collection Set: 0.27ms
[2940.124s][info][gc,phases      ] GC(244)   Merge Heap Roots: 0.64ms
[2940.124s][info][gc,phases      ] GC(244)   Evacuate Collection Set: 148.24ms
[2940.124s][info][gc,phases      ] GC(244)   Post Evacuate Collection Set: 0.80ms
[2940.124s][info][gc,phases      ] GC(244)   Other: 0.06ms
[2940.124s][info][gc,heap        ] GC(244) Eden regions: 199->0(736)
[2940.124s][info][gc,heap        ] GC(244) Survivor regions: 51->15(32)
[2940.124s][info][gc,heap        ] GC(244) Old regions: 273->286
[2940.124s][info][gc,heap        ] GC(244) Humongous regions: 32->32
[2940.124s][info][gc,metaspace   ] GC(244) Metaspace: 29954K(30464K)->29954K(30464K) NonClass: 26557K(26816K)->26557K(26816K) Class: 3397K(3648K)->3397K(3648K)
[2940.124s][info][gc             ] GC(244) Pause Young (Mixed) (G1 Evacuation Pause) 4396M->2623M(10240M) 150.131ms
[2940.124s][info][gc,cpu         ] GC(244) User=1.18s Sys=0.00s Real=0.15s
.|..........[2951.394s][info][gc,start       ] GC(245) Pause Young (Mixed) (G1 Evacuation Pause)
[2951.394s][info][gc,task        ] GC(245) Using 8 workers of 8 for evacuation
[2951.527s][info][gc,phases      ] GC(245)   Pre Evacuate Collection Set: 0.32ms
[2951.527s][info][gc,phases      ] GC(245)   Merge Heap Roots: 0.78ms
[2951.527s][info][gc,phases      ] GC(245)   Evacuate Collection Set: 128.38ms
[2951.527s][info][gc,phases      ] GC(245)   Merge Optional Heap Roots: 0.12ms
[2951.527s][info][gc,phases      ] GC(245)   Evacuate Optional Collection Set: 2.10ms
[2951.527s][info][gc,phases      ] GC(245)   Post Evacuate Collection Set: 1.64ms
[2951.527s][info][gc,phases      ] GC(245)   Other: 0.09ms
[2951.527s][info][gc,heap        ] GC(245) Eden regions: 753->0(710)
[2951.527s][info][gc,heap        ] GC(245) Survivor regions: 15->39(96)
[2951.527s][info][gc,heap        ] GC(245) Old regions: 286->240
[2951.527s][info][gc,heap        ] GC(245) Humongous regions: 32->32
[2951.527s][info][gc,metaspace   ] GC(245) Metaspace: 29954K(30464K)->29954K(30464K) NonClass: 26557K(26816K)->26557K(26816K) Class: 3397K(3648K)->3397K(3648K)
[2951.527s][info][gc             ] GC(245) Pause Young (Mixed) (G1 Evacuation Pause) 8647M->2455M(10240M) 133.562ms
[2951.527s][info][gc,cpu         ] GC(245) User=1.04s Sys=0.00s Real=0.14s
...........[2962.359s][info][gc,start       ] GC(246) Pause Young (Mixed) (G1 Evacuation Pause)
[2962.359s][info][gc,task        ] GC(246) Using 8 workers of 8 for evacuation
[2962.517s][info][gc,phases      ] GC(246)   Pre Evacuate Collection Set: 0.30ms
[2962.517s][info][gc,phases      ] GC(246)   Merge Heap Roots: 0.82ms
[2962.517s][info][gc,phases      ] GC(246)   Evacuate Collection Set: 155.37ms
[2962.517s][info][gc,phases      ] GC(246)   Post Evacuate Collection Set: 1.32ms
[2962.517s][info][gc,phases      ] GC(246)   Other: 0.08ms
[2962.517s][info][gc,heap        ] GC(246) Eden regions: 710->0(562)
[2962.517s][info][gc,heap        ] GC(246) Survivor regions: 39->49(94)
[2962.517s][info][gc,heap        ] GC(246) Old regions: 240->215
[2962.517s][info][gc,heap        ] GC(246) Humongous regions: 32->32
[2962.517s][info][gc,metaspace   ] GC(246) Metaspace: 29954K(30464K)->29954K(30464K) NonClass: 26557K(26816K)->26557K(26816K) Class: 3397K(3648K)->3397K(3648K)
[2962.517s][info][gc             ] GC(246) Pause Young (Mixed) (G1 Evacuation Pause) 8135M->2343M(10240M) 158.021ms
[2962.517s][info][gc,cpu         ] GC(246) User=1.25s Sys=0.00s Real=0.16s
.........[2970.877s][info][gc,start       ] GC(247) Pause Young (Mixed) (G1 Evacuation Pause)
[2970.878s][info][gc,task        ] GC(247) Using 8 workers of 8 for evacuation
[2971.041s][info][gc,phases      ] GC(247)   Pre Evacuate Collection Set: 0.28ms
[2971.041s][info][gc,phases      ] GC(247)   Merge Heap Roots: 0.84ms
[2971.041s][info][gc,phases      ] GC(247)   Evacuate Collection Set: 161.05ms
[2971.041s][info][gc,phases      ] GC(247)   Post Evacuate Collection Set: 1.10ms
[2971.041s][info][gc,phases      ] GC(247)   Other: 0.07ms
[2971.041s][info][gc,heap        ] GC(247) Eden regions: 567->0(723)
[2971.041s][info][gc,heap        ] GC(247) Survivor regions: 49->45(77)
[2971.041s][info][gc,heap        ] GC(247) Old regions: 215->198
[2971.041s][info][gc,heap        ] GC(247) Humongous regions: 32->32
[2971.041s][info][gc,metaspace   ] GC(247) Metaspace: 29954K(30464K)->29954K(30464K) NonClass: 26557K(26816K)->26557K(26816K) Class: 3397K(3648K)->3397K(3648K)
[2971.041s][info][gc             ] GC(247) Pause Young (Mixed) (G1 Evacuation Pause) 6879M->2174M(10240M) 163.480ms
[2971.041s][info][gc,cpu         ] GC(247) User=1.28s Sys=0.01s Real=0.16s
...........[2981.931s][info][gc,start       ] GC(248) Pause Young (Mixed) (G1 Evacuation Pause)
[2981.931s][info][gc,task        ] GC(248) Using 8 workers of 8 for evacuation
[2982.092s][info][gc,phases      ] GC(248)   Pre Evacuate Collection Set: 0.29ms
[2982.092s][info][gc,phases      ] GC(248)   Merge Heap Roots: 0.60ms
[2982.092s][info][gc,phases      ] GC(248)   Evacuate Collection Set: 158.33ms
[2982.092s][info][gc,phases      ] GC(248)   Post Evacuate Collection Set: 1.25ms
[2982.092s][info][gc,phases      ] GC(248)   Other: 0.08ms
[2982.092s][info][gc,heap        ] GC(248) Eden regions: 723->0(718)
[2982.092s][info][gc,heap        ] GC(248) Survivor regions: 45->50(96)
[2982.092s][info][gc,heap        ] GC(248) Old regions: 198->197
[2982.092s][info][gc,heap        ] GC(248) Humongous regions: 32->32
[2982.092s][info][gc,metaspace   ] GC(248) Metaspace: 29954K(30464K)->29954K(30464K) NonClass: 26557K(26816K)->26557K(26816K) Class: 3397K(3648K)->3397K(3648K)
[2982.092s][info][gc             ] GC(248) Pause Young (Mixed) (G1 Evacuation Pause) 7958M->2211M(10240M) 160.686ms
[2982.092s][info][gc,cpu         ] GC(248) User=1.27s Sys=0.00s Real=0.16s
...........[2992.881s][info][gc,start       ] GC(249) Pause Young (Normal) (G1 Evacuation Pause)
[2992.882s][info][gc,task        ] GC(249) Using 8 workers of 8 for evacuation
[2993.044s][info][gc,phases      ] GC(249)   Pre Evacuate Collection Set: 0.30ms
[2993.044s][info][gc,phases      ] GC(249)   Merge Heap Roots: 0.65ms
[2993.044s][info][gc,phases      ] GC(249)   Evacuate Collection Set: 160.19ms
[2993.044s][info][gc,phases      ] GC(249)   Post Evacuate Collection Set: 1.31ms
[2993.044s][info][gc,phases      ] GC(249)   Other: 0.07ms
[2993.044s][info][gc,heap        ] GC(249) Eden regions: 718->0(717)
[2993.044s][info][gc,heap        ] GC(249) Survivor regions: 50->51(96)
[2993.044s][info][gc,heap        ] GC(249) Old regions: 197->200
[2993.044s][info][gc,heap        ] GC(249) Humongous regions: 32->32
[2993.044s][info][gc,metaspace   ] GC(249) Metaspace: 29954K(30464K)->29954K(30464K) NonClass: 26557K(26816K)->26557K(26816K) Class: 3397K(3648K)->3397K(3648K)
[2993.044s][info][gc             ] GC(249) Pause Young (Normal) (G1 Evacuation Pause) 7955M->2238M(10240M) 162.675ms
[2993.044s][info][gc,cpu         ] GC(249) User=1.27s Sys=0.00s Real=0.16s
........ (rIR:aIR:PR = 4428:4427:4427) (tPR = 65636) [OK] 
  3000s: Performance info:
         Transaction,    Success,    Partial,     Failed,   Receipts, AvgBarcode, 
             Overall,     265734,          0,          0,     252445,      59.48, 
         Response times:
             Request,    Success,    Partial,     Failed,   SkipFail,     Probes,    Samples,      min,      p50,      p90,      p95,      p99,      max, 
       TotalPurchase,     252445,          0,          0,          0,     246807,     269609,      400,     3000,     5200,     6000,    28000,   177000,
     InStorePurchase,     132858,          0,          0,          0,     130276,     142112,      400,     3000,     5200,     6000,    28000,   175000,
      OnlinePurchase,      92989,          0,          0,          0,      90829,      99227,      400,     3000,     5200,     5900,    28000,   177000,
        InstPurchase,      26598,          0,          0,          0,      25702,      28270,      500,     3100,     5400,     6100,    26000,   177000,
          AssocOfCat,        266,          0,          0,          0,        211,        274,    24000,    33000,    41000,    46250,    51250,   197000,
      AssocOfProduct,       2660,          0,          0,          0,       2430,       2823,      600,     3600,     5500,     6200,    29760,    58000,
      BusinessReport,        665,          0,          0,          0,        549,        705,    28000,    38000,    50000,    55700,   109700,   218000,
          CustBuyBeh,       2663,          0,          0,          0,       2453,       2844,      200,     2900,     4900,     5600,    29000,   168000,
       ProductReturn,       7035,          0,          0,          0,       6679,       7530,      200,     2700,     4900,     5700,    29000,   174000,

  3000s: (33%)   IR =   4566 ...[3003.811s][info][gc,start       ] GC(250) Pause Young (Normal) (G1 Evacuation Pause)
[3003.811s][info][gc,task        ] GC(250) Using 8 workers of 8 for evacuation
[3003.974s][info][gc,phases      ] GC(250)   Pre Evacuate Collection Set: 0.30ms
[3003.974s][info][gc,phases      ] GC(250)   Merge Heap Roots: 0.57ms
[3003.974s][info][gc,phases      ] GC(250)   Evacuate Collection Set: 160.57ms
[3003.974s][info][gc,phases      ] GC(250)   Post Evacuate Collection Set: 1.26ms
[3003.974s][info][gc,phases      ] GC(250)   Other: 0.07ms
[3003.974s][info][gc,heap        ] GC(250) Eden regions: 717->0(716)
[3003.974s][info][gc,heap        ] GC(250) Survivor regions: 51->52(96)
[3003.974s][info][gc,heap        ] GC(250) Old regions: 200->202
[3003.974s][info][gc,heap        ] GC(250) Humongous regions: 32->32
[3003.974s][info][gc,metaspace   ] GC(250) Metaspace: 29954K(30464K)->29954K(30464K) NonClass: 26557K(26816K)->26557K(26816K) Class: 3397K(3648K)->3397K(3648K)
[3003.974s][info][gc             ] GC(250) Pause Young (Normal) (G1 Evacuation Pause) 7974M->2262M(10240M) 162.904ms
[3003.974s][info][gc,cpu         ] GC(250) User=1.28s Sys=0.01s Real=0.16s
.|.........[3014.404s][info][gc,start       ] GC(251) Pause Young (Normal) (G1 Evacuation Pause)
[3014.404s][info][gc,task        ] GC(251) Using 8 workers of 8 for evacuation
[3014.572s][info][gc,phases      ] GC(251)   Pre Evacuate Collection Set: 0.31ms
[3014.572s][info][gc,phases      ] GC(251)   Merge Heap Roots: 0.62ms
[3014.572s][info][gc,phases      ] GC(251)   Evacuate Collection Set: 165.75ms
[3014.572s][info][gc,phases      ] GC(251)   Post Evacuate Collection Set: 1.25ms
[3014.572s][info][gc,phases      ] GC(251)   Other: 0.07ms
[3014.572s][info][gc,heap        ] GC(251) Eden regions: 716->0(716)
[3014.572s][info][gc,heap        ] GC(251) Survivor regions: 52->52(96)
[3014.572s][info][gc,heap        ] GC(251) Old regions: 202->205
[3014.572s][info][gc,heap        ] GC(251) Humongous regions: 32->32
[3014.572s][info][gc,metaspace   ] GC(251) Metaspace: 29954K(30464K)->29954K(30464K) NonClass: 26557K(26816K)->26557K(26816K) Class: 3397K(3648K)->3397K(3648K)
[3014.572s][info][gc             ] GC(251) Pause Young (Normal) (G1 Evacuation Pause) 7990M->2283M(10240M) 168.141ms
[3014.572s][info][gc,cpu         ] GC(251) User=1.32s Sys=0.00s Real=0.17s
...........[3024.996s][info][gc,start       ] GC(252) Pause Young (Normal) (G1 Evacuation Pause)
[3024.996s][info][gc,task        ] GC(252) Using 8 workers of 8 for evacuation
[3025.160s][info][gc,phases      ] GC(252)   Pre Evacuate Collection Set: 0.28ms
[3025.160s][info][gc,phases      ] GC(252)   Merge Heap Roots: 0.56ms
[3025.160s][info][gc,phases      ] GC(252)   Evacuate Collection Set: 161.58ms
[3025.160s][info][gc,phases      ] GC(252)   Post Evacuate Collection Set: 1.31ms
[3025.160s][info][gc,phases      ] GC(252)   Other: 0.07ms
[3025.160s][info][gc,heap        ] GC(252) Eden regions: 716->0(716)
[3025.160s][info][gc,heap        ] GC(252) Survivor regions: 52->52(96)
[3025.160s][info][gc,heap        ] GC(252) Old regions: 205->207
[3025.160s][info][gc,heap        ] GC(252) Humongous regions: 32->32
[3025.160s][info][gc,metaspace   ] GC(252) Metaspace: 29954K(30464K)->29954K(30464K) NonClass: 26557K(26816K)->26557K(26816K) Class: 3397K(3648K)->3397K(3648K)
[3025.160s][info][gc             ] GC(252) Pause Young (Normal) (G1 Evacuation Pause) 8011M->2297M(10240M) 163.944ms
[3025.160s][info][gc,cpu         ] GC(252) User=1.29s Sys=0.00s Real=0.16s
...........[3035.712s][info][gc,start       ] GC(253) Pause Young (Normal) (G1 Evacuation Pause)
[3035.712s][info][gc,task        ] GC(253) Using 8 workers of 8 for evacuation
[3035.878s][info][gc,phases      ] GC(253)   Pre Evacuate Collection Set: 0.30ms
[3035.878s][info][gc,phases      ] GC(253)   Merge Heap Roots: 0.61ms
[3035.878s][info][gc,phases      ] GC(253)   Evacuate Collection Set: 164.13ms
[3035.878s][info][gc,phases      ] GC(253)   Post Evacuate Collection Set: 1.26ms
[3035.878s][info][gc,phases      ] GC(253)   Other: 0.08ms
[3035.878s][info][gc,heap        ] GC(253) Eden regions: 716->0(717)
[3035.878s][info][gc,heap        ] GC(253) Survivor regions: 52->51(96)
[3035.878s][info][gc,heap        ] GC(253) Old regions: 207->209
[3035.878s][info][gc,heap        ] GC(253) Humongous regions: 32->32
[3035.878s][info][gc,metaspace   ] GC(253) Metaspace: 29954K(30464K)->29954K(30464K) NonClass: 26557K(26816K)->26557K(26816K) Class: 3397K(3648K)->3397K(3648K)
[3035.878s][info][gc             ] GC(253) Pause Young (Normal) (G1 Evacuation Pause) 8025M->2312M(10240M) 166.543ms
[3035.878s][info][gc,cpu         ] GC(253) User=1.31s Sys=0.00s Real=0.17s
..........[3046.208s][info][gc,start       ] GC(254) Pause Young (Normal) (G1 Evacuation Pause)
[3046.208s][info][gc,task        ] GC(254) Using 8 workers of 8 for evacuation
[3046.373s][info][gc,phases      ] GC(254)   Pre Evacuate Collection Set: 0.30ms
[3046.373s][info][gc,phases      ] GC(254)   Merge Heap Roots: 0.65ms
[3046.373s][info][gc,phases      ] GC(254)   Evacuate Collection Set: 163.24ms
[3046.373s][info][gc,phases      ] GC(254)   Post Evacuate Collection Set: 1.25ms
[3046.373s][info][gc,phases      ] GC(254)   Other: 0.07ms
[3046.373s][info][gc,heap        ] GC(254) Eden regions: 717->0(717)
[3046.373s][info][gc,heap        ] GC(254) Survivor regions: 51->51(96)
[3046.373s][info][gc,heap        ] GC(254) Old regions: 209->211
[3046.373s][info][gc,heap        ] GC(254) Humongous regions: 32->32
[3046.373s][info][gc,metaspace   ] GC(254) Metaspace: 29954K(30464K)->29954K(30464K) NonClass: 26557K(26816K)->26557K(26816K) Class: 3397K(3648K)->3397K(3648K)
[3046.373s][info][gc             ] GC(254) Pause Young (Normal) (G1 Evacuation Pause) 8048M->2327M(10240M) 165.644ms
[3046.373s][info][gc,cpu         ] GC(254) User=1.30s Sys=0.00s Real=0.16s
...........[3056.898s][info][gc,start       ] GC(255) Pause Young (Normal) (G1 Evacuation Pause)
[3056.898s][info][gc,task        ] GC(255) Using 8 workers of 8 for evacuation
[3057.063s][info][gc,phases      ] GC(255)   Pre Evacuate Collection Set: 0.31ms
[3057.063s][info][gc,phases      ] GC(255)   Merge Heap Roots: 0.64ms
[3057.063s][info][gc,phases      ] GC(255)   Evacuate Collection Set: 162.49ms
[3057.063s][info][gc,phases      ] GC(255)   Post Evacuate Collection Set: 1.24ms
[3057.063s][info][gc,phases      ] GC(255)   Other: 0.08ms
[3057.063s][info][gc,heap        ] GC(255) Eden regions: 717->0(716)
[3057.063s][info][gc,heap        ] GC(255) Survivor regions: 51->52(96)
[3057.063s][info][gc,heap        ] GC(255) Old regions: 211->214
[3057.063s][info][gc,heap        ] GC(255) Humongous regions: 32->32
[3057.063s][info][gc,metaspace   ] GC(255) Metaspace: 29954K(30464K)->29954K(30464K) NonClass: 26557K(26816K)->26557K(26816K) Class: 3397K(3648K)->3397K(3648K)
[3057.063s][info][gc             ] GC(255) Pause Young (Normal) (G1 Evacuation Pause) 8063M->2352M(10240M) 164.917ms
[3057.063s][info][gc,cpu         ] GC(255) User=1.30s Sys=0.01s Real=0.16s
........ (rIR:aIR:PR = 4566:4567:4567) (tPR = 68319) [OK] 
  3064s: Performance info:
         Transaction,    Success,    Partial,     Failed,   Receipts, AvgBarcode, 
             Overall,     274144,          0,          0,     260430,      59.47, 
         Response times:
             Request,    Success,    Partial,     Failed,   SkipFail,     Probes,    Samples,      min,      p50,      p90,      p95,      p99,      max, 
       TotalPurchase,     260430,          0,          0,          0,     255036,     273327,      300,     3100,     5400,     6200,    30000,   240000,
     InStorePurchase,     137040,          0,          0,          0,     134601,     143969,      300,     3000,     5300,     6100,    29000,   240000,
      OnlinePurchase,      95966,          0,          0,          0,      93879,     100668,      400,     3200,     5500,     6200,    30000,   240000,
        InstPurchase,      27424,          0,          0,          0,      26556,      28690,      500,     3400,     5500,     6300,    31000,   240000,
          AssocOfCat,        273,          0,          0,          0,        219,        307,    24000,    34000,    47000,    55400,   195640,   232000,
      AssocOfProduct,       2741,          0,          0,          0,       2479,       2844,      600,     3600,     5500,     6275,    29000,   225000,
      BusinessReport,        688,          0,          0,          0,        569,        701,    27000,    38000,    52000,    59000,    80960,   239000,
          CustBuyBeh,       2740,          0,          0,          0,       2491,       2860,      300,     3500,     5500,     6295,    32390,   170000,
       ProductReturn,       7272,          0,          0,          0,       6912,       7696,      300,     3200,     5500,     6300,    25000,   224000,

  3064s: (34%)   IR =   4705 ..[3067.370s][info][gc,start       ] GC(256) Pause Young (Normal) (G1 Evacuation Pause)
[3067.370s][info][gc,task        ] GC(256) Using 8 workers of 8 for evacuation
[3067.535s][info][gc,phases      ] GC(256)   Pre Evacuate Collection Set: 0.30ms
[3067.535s][info][gc,phases      ] GC(256)   Merge Heap Roots: 0.57ms
[3067.535s][info][gc,phases      ] GC(256)   Evacuate Collection Set: 163.02ms
[3067.535s][info][gc,phases      ] GC(256)   Post Evacuate Collection Set: 1.25ms
[3067.535s][info][gc,phases      ] GC(256)   Other: 0.08ms
[3067.535s][info][gc,heap        ] GC(256) Eden regions: 716->0(717)
[3067.535s][info][gc,heap        ] GC(256) Survivor regions: 52->51(96)
[3067.535s][info][gc,heap        ] GC(256) Old regions: 214->216
[3067.535s][info][gc,heap        ] GC(256) Humongous regions: 32->32
[3067.535s][info][gc,metaspace   ] GC(256) Metaspace: 29954K(30464K)->29954K(30464K) NonClass: 26557K(26816K)->26557K(26816K) Class: 3397K(3648K)->3397K(3648K)
[3067.535s][info][gc             ] GC(256) Pause Young (Normal) (G1 Evacuation Pause) 8080M->2366M(10240M) 165.359ms
[3067.535s][info][gc,cpu         ] GC(256) User=1.30s Sys=0.00s Real=0.17s
....|.......[3077.798s][info][gc,start       ] GC(257) Pause Young (Normal) (G1 Evacuation Pause)
[3077.798s][info][gc,task        ] GC(257) Using 8 workers of 8 for evacuation
[3077.962s][info][gc,phases      ] GC(257)   Pre Evacuate Collection Set: 0.31ms
[3077.962s][info][gc,phases      ] GC(257)   Merge Heap Roots: 0.63ms
[3077.962s][info][gc,phases      ] GC(257)   Evacuate Collection Set: 161.90ms
[3077.962s][info][gc,phases      ] GC(257)   Post Evacuate Collection Set: 1.26ms
[3077.963s][info][gc,phases      ] GC(257)   Other: 0.07ms
[3077.963s][info][gc,heap        ] GC(257) Eden regions: 717->0(717)
[3077.963s][info][gc,heap        ] GC(257) Survivor regions: 51->51(96)
[3077.963s][info][gc,heap        ] GC(257) Old regions: 216->218
[3077.963s][info][gc,heap        ] GC(257) Humongous regions: 32->32
[3077.963s][info][gc,metaspace   ] GC(257) Metaspace: 29954K(30464K)->29954K(30464K) NonClass: 26557K(26816K)->26557K(26816K) Class: 3397K(3648K)->3397K(3648K)
[3077.963s][info][gc             ] GC(257) Pause Young (Normal) (G1 Evacuation Pause) 8102M->2385M(10240M) 164.333ms
[3077.963s][info][gc,cpu         ] GC(257) User=1.30s Sys=0.00s Real=0.16s
..........[3088.070s][info][gc,start       ] GC(258) Pause Young (Normal) (G1 Evacuation Pause)
[3088.070s][info][gc,task        ] GC(258) Using 8 workers of 8 for evacuation
[3088.235s][info][gc,phases      ] GC(258)   Pre Evacuate Collection Set: 0.29ms
[3088.235s][info][gc,phases      ] GC(258)   Merge Heap Roots: 0.60ms
[3088.235s][info][gc,phases      ] GC(258)   Evacuate Collection Set: 162.65ms
[3088.235s][info][gc,phases      ] GC(258)   Post Evacuate Collection Set: 1.31ms
[3088.235s][info][gc,phases      ] GC(258)   Other: 0.08ms
[3088.235s][info][gc,heap        ] GC(258) Eden regions: 717->0(716)
[3088.235s][info][gc,heap        ] GC(258) Survivor regions: 51->52(96)
[3088.235s][info][gc,heap        ] GC(258) Old regions: 218->220
[3088.235s][info][gc,heap        ] GC(258) Humongous regions: 32->32
[3088.235s][info][gc,metaspace   ] GC(258) Metaspace: 29954K(30464K)->29954K(30464K) NonClass: 26557K(26816K)->26557K(26816K) Class: 3397K(3648K)->3397K(3648K)
[3088.235s][info][gc             ] GC(258) Pause Young (Normal) (G1 Evacuation Pause) 8121M->2406M(10240M) 165.070ms
[3088.235s][info][gc,cpu         ] GC(258) User=1.30s Sys=0.00s Real=0.17s
..........[3098.321s][info][gc,start       ] GC(259) Pause Young (Normal) (G1 Evacuation Pause)
[3098.321s][info][gc,task        ] GC(259) Using 8 workers of 8 for evacuation
[3098.485s][info][gc,phases      ] GC(259)   Pre Evacuate Collection Set: 0.31ms
[3098.485s][info][gc,phases      ] GC(259)   Merge Heap Roots: 0.57ms
[3098.485s][info][gc,phases      ] GC(259)   Evacuate Collection Set: 161.62ms
[3098.485s][info][gc,phases      ] GC(259)   Post Evacuate Collection Set: 1.31ms
[3098.485s][info][gc,phases      ] GC(259)   Other: 0.08ms
[3098.485s][info][gc,heap        ] GC(259) Eden regions: 716->0(717)
[3098.485s][info][gc,heap        ] GC(259) Survivor regions: 52->51(96)
[3098.485s][info][gc,heap        ] GC(259) Old regions: 220->223
[3098.485s][info][gc,heap        ] GC(259) Humongous regions: 32->32
[3098.485s][info][gc,metaspace   ] GC(259) Metaspace: 29954K(30464K)->29954K(30464K) NonClass: 26557K(26816K)->26557K(26816K) Class: 3397K(3648K)->3397K(3648K)
[3098.485s][info][gc             ] GC(259) Pause Young (Normal) (G1 Evacuation Pause) 8134M->2420M(10240M) 164.031ms
[3098.485s][info][gc,cpu         ] GC(259) User=1.30s Sys=0.00s Real=0.16s
..........[3108.689s][info][gc,start       ] GC(260) Pause Young (Normal) (G1 Evacuation Pause)
[3108.689s][info][gc,task        ] GC(260) Using 8 workers of 8 for evacuation
[3108.852s][info][gc,phases      ] GC(260)   Pre Evacuate Collection Set: 0.32ms
[3108.852s][info][gc,phases      ] GC(260)   Merge Heap Roots: 0.63ms
[3108.852s][info][gc,phases      ] GC(260)   Evacuate Collection Set: 161.54ms
[3108.852s][info][gc,phases      ] GC(260)   Post Evacuate Collection Set: 1.22ms
[3108.852s][info][gc,phases      ] GC(260)   Other: 0.07ms
[3108.852s][info][gc,heap        ] GC(260) Eden regions: 717->0(717)
[3108.852s][info][gc,heap        ] GC(260) Survivor regions: 51->51(96)
[3108.853s][info][gc,heap        ] GC(260) Old regions: 223->225
[3108.853s][info][gc,heap        ] GC(260) Humongous regions: 32->32
[3108.853s][info][gc,metaspace   ] GC(260) Metaspace: 29954K(30464K)->29954K(30464K) NonClass: 26557K(26816K)->26557K(26816K) Class: 3397K(3648K)->3397K(3648K)
[3108.853s][info][gc             ] GC(260) Pause Young (Normal) (G1 Evacuation Pause) 8156M->2435M(10240M) 163.967ms
[3108.853s][info][gc,cpu         ] GC(260) User=1.29s Sys=0.00s Real=0.16s
...........[3118.969s][info][gc,start       ] GC(261) Pause Young (Normal) (G1 Evacuation Pause)
[3118.969s][info][gc,task        ] GC(261) Using 8 workers of 8 for evacuation
[3119.134s][info][gc,phases      ] GC(261)   Pre Evacuate Collection Set: 0.30ms
[3119.134s][info][gc,phases      ] GC(261)   Merge Heap Roots: 0.63ms
[3119.134s][info][gc,phases      ] GC(261)   Evacuate Collection Set: 162.81ms
[3119.134s][info][gc,phases      ] GC(261)   Post Evacuate Collection Set: 1.24ms
[3119.134s][info][gc,phases      ] GC(261)   Other: 0.07ms
[3119.134s][info][gc,heap        ] GC(261) Eden regions: 717->0(716)
[3119.134s][info][gc,heap        ] GC(261) Survivor regions: 51->52(96)
[3119.134s][info][gc,heap        ] GC(261) Old regions: 225->227
[3119.134s][info][gc,heap        ] GC(261) Humongous regions: 32->32
[3119.134s][info][gc,metaspace   ] GC(261) Metaspace: 29954K(30464K)->29954K(30464K) NonClass: 26557K(26816K)->26557K(26816K) Class: 3397K(3648K)->3397K(3648K)
[3119.134s][info][gc             ] GC(261) Pause Young (Normal) (G1 Evacuation Pause) 8171M->2460M(10240M) 165.213ms
[3119.134s][info][gc,cpu         ] GC(261) User=1.30s Sys=0.00s Real=0.16s
..........[3129.277s][info][gc,start       ] GC(262) Pause Young (Normal) (G1 Evacuation Pause)
[3129.277s][info][gc,task        ] GC(262) Using 8 workers of 8 for evacuation
[3129.440s][info][gc,phases      ] GC(262)   Pre Evacuate Collection Set: 0.32ms
[3129.440s][info][gc,phases      ] GC(262)   Merge Heap Roots: 0.63ms
[3129.440s][info][gc,phases      ] GC(262)   Evacuate Collection Set: 160.56ms
[3129.440s][info][gc,phases      ] GC(262)   Post Evacuate Collection Set: 1.25ms
[3129.440s][info][gc,phases      ] GC(262)   Other: 0.07ms
[3129.440s][info][gc,heap        ] GC(262) Eden regions: 716->0(717)
[3129.440s][info][gc,heap        ] GC(262) Survivor regions: 52->51(96)
[3129.440s][info][gc,heap        ] GC(262) Old regions: 227->229
[3129.440s][info][gc,heap        ] GC(262) Humongous regions: 32->32
[3129.440s][info][gc,metaspace   ] GC(262) Metaspace: 29954K(30464K)->29954K(30464K) NonClass: 26557K(26816K)->26557K(26816K) Class: 3397K(3648K)->3397K(3648K)
[3129.440s][info][gc             ] GC(262) Pause Young (Normal) (G1 Evacuation Pause) 8188M->2474M(10240M) 162.983ms
[3129.440s][info][gc,cpu         ] GC(262) User=1.29s Sys=0.00s Real=0.16s
.. (rIR:aIR:PR = 4705:4704:4704) (tPR = 70138) [OK] 
  3130s: Performance info:
         Transaction,    Success,    Partial,     Failed,   Receipts, AvgBarcode, 
             Overall,     282993,          0,          0,     268843,      59.48, 
         Response times:
             Request,    Success,    Partial,     Failed,   SkipFail,     Probes,    Samples,      min,      p50,      p90,      p95,      p99,      max, 
       TotalPurchase,     268843,          0,          0,          0,     262735,     290902,      400,     3200,     5500,     6300,    27000,   175000,
     InStorePurchase,     141521,          0,          0,          0,     138754,     153275,      400,     3200,     5500,     6300,    27000,   174000,
      OnlinePurchase,      99019,          0,          0,          0,      96700,     106921,      400,     3200,     5500,     6300,    27000,   175000,
        InstPurchase,      28303,          0,          0,          0,      27281,      30706,      500,     3400,     5600,     6400,    27000,   174000,
          AssocOfCat,        282,          0,          0,          0,        212,        292,    25000,    34000,    45000,    51000,    79400,   101000,
      AssocOfProduct,       2829,          0,          0,          0,       2613,       3070,      400,     1700,     5400,     6200,    13858,   167000,
      BusinessReport,        705,          0,          0,          0,        585,        751,    28000,    38000,    51000,    56400,    97000,   231000,
          CustBuyBeh,       2836,          0,          0,          0,       2604,       3104,      200,     2500,     5500,     6175,    19195,   169000,
       ProductReturn,       7498,          0,          0,          0,       7085,       8113,      300,     3400,     5300,     6000,    32860,   174000,

  3130s: (35%)   IR =   4843 .....|...[3139.443s][info][gc,start       ] GC(263) Pause Young (Normal) (G1 Evacuation Pause)
[3139.443s][info][gc,task        ] GC(263) Using 8 workers of 8 for evacuation
[3139.608s][info][gc,phases      ] GC(263)   Pre Evacuate Collection Set: 0.29ms
[3139.608s][info][gc,phases      ] GC(263)   Merge Heap Roots: 0.59ms
[3139.608s][info][gc,phases      ] GC(263)   Evacuate Collection Set: 163.14ms
[3139.608s][info][gc,phases      ] GC(263)   Post Evacuate Collection Set: 1.25ms
[3139.608s][info][gc,phases      ] GC(263)   Other: 0.07ms
[3139.608s][info][gc,heap        ] GC(263) Eden regions: 717->0(716)
[3139.608s][info][gc,heap        ] GC(263) Survivor regions: 51->52(96)
[3139.608s][info][gc,heap        ] GC(263) Old regions: 229->232
[3139.608s][info][gc,heap        ] GC(263) Humongous regions: 32->32
[3139.608s][info][gc,metaspace   ] GC(263) Metaspace: 29954K(30464K)->29954K(30464K) NonClass: 26557K(26816K)->26557K(26816K) Class: 3397K(3648K)->3397K(3648K)
[3139.608s][info][gc             ] GC(263) Pause Young (Normal) (G1 Evacuation Pause) 8210M->2500M(10240M) 165.477ms
[3139.608s][info][gc,cpu         ] GC(263) User=1.31s Sys=0.01s Real=0.17s
..........[3149.430s][info][gc,start       ] GC(264) Pause Young (Normal) (G1 Evacuation Pause)
[3149.430s][info][gc,task        ] GC(264) Using 8 workers of 8 for evacuation
[3149.593s][info][gc,phases      ] GC(264)   Pre Evacuate Collection Set: 0.32ms
[3149.593s][info][gc,phases      ] GC(264)   Merge Heap Roots: 0.66ms
[3149.593s][info][gc,phases      ] GC(264)   Evacuate Collection Set: 160.88ms
[3149.593s][info][gc,phases      ] GC(264)   Post Evacuate Collection Set: 1.34ms
[3149.593s][info][gc,phases      ] GC(264)   Other: 0.07ms
[3149.593s][info][gc,heap        ] GC(264) Eden regions: 716->0(717)
[3149.593s][info][gc,heap        ] GC(264) Survivor regions: 52->51(96)
[3149.593s][info][gc,heap        ] GC(264) Old regions: 232->234
[3149.593s][info][gc,heap        ] GC(264) Humongous regions: 32->32
[3149.593s][info][gc,metaspace   ] GC(264) Metaspace: 29954K(30464K)->29954K(30464K) NonClass: 26557K(26816K)->26557K(26816K) Class: 3397K(3648K)->3397K(3648K)
[3149.593s][info][gc             ] GC(264) Pause Young (Normal) (G1 Evacuation Pause) 8228M->2510M(10240M) 163.411ms
[3149.593s][info][gc,cpu         ] GC(264) User=1.29s Sys=0.00s Real=0.16s
..........[3159.465s][info][gc,start       ] GC(265) Pause Young (Normal) (G1 Evacuation Pause)
[3159.465s][info][gc,task        ] GC(265) Using 8 workers of 8 for evacuation
[3159.631s][info][gc,phases      ] GC(265)   Pre Evacuate Collection Set: 0.32ms
[3159.631s][info][gc,phases      ] GC(265)   Merge Heap Roots: 0.69ms
[3159.631s][info][gc,phases      ] GC(265)   Evacuate Collection Set: 163.61ms
[3159.631s][info][gc,phases      ] GC(265)   Post Evacuate Collection Set: 1.26ms
[3159.631s][info][gc,phases      ] GC(265)   Other: 0.08ms
[3159.631s][info][gc,heap        ] GC(265) Eden regions: 717->0(717)
[3159.631s][info][gc,heap        ] GC(265) Survivor regions: 51->51(96)
[3159.631s][info][gc,heap        ] GC(265) Old regions: 234->236
[3159.631s][info][gc,heap        ] GC(265) Humongous regions: 32->32
[3159.631s][info][gc,metaspace   ] GC(265) Metaspace: 29954K(30464K)->29954K(30464K) NonClass: 26557K(26816K)->26557K(26816K) Class: 3397K(3648K)->3397K(3648K)
[3159.631s][info][gc             ] GC(265) Pause Young (Normal) (G1 Evacuation Pause) 8246M->2529M(10240M) 166.142ms
[3159.631s][info][gc,cpu         ] GC(265) User=1.31s Sys=0.00s Real=0.16s
..........[3169.453s][info][gc,start       ] GC(266) Pause Young (Normal) (G1 Evacuation Pause)
[3169.453s][info][gc,task        ] GC(266) Using 8 workers of 8 for evacuation
[3169.616s][info][gc,phases      ] GC(266)   Pre Evacuate Collection Set: 0.29ms
[3169.616s][info][gc,phases      ] GC(266)   Merge Heap Roots: 0.63ms
[3169.616s][info][gc,phases      ] GC(266)   Evacuate Collection Set: 160.52ms
[3169.616s][info][gc,phases      ] GC(266)   Post Evacuate Collection Set: 1.32ms
[3169.616s][info][gc,phases      ] GC(266)   Other: 0.08ms
[3169.616s][info][gc,heap        ] GC(266) Eden regions: 717->0(717)
[3169.616s][info][gc,heap        ] GC(266) Survivor regions: 51->51(96)
[3169.616s][info][gc,heap        ] GC(266) Old regions: 236->239
[3169.616s][info][gc,heap        ] GC(266) Humongous regions: 32->32
[3169.616s][info][gc,metaspace   ] GC(266) Metaspace: 29954K(30464K)->29954K(30464K) NonClass: 26557K(26816K)->26557K(26816K) Class: 3397K(3648K)->3397K(3648K)
[3169.616s][info][gc             ] GC(266) Pause Young (Normal) (G1 Evacuation Pause) 8265M->2543M(10240M) 162.977ms
[3169.616s][info][gc,cpu         ] GC(266) User=1.28s Sys=0.00s Real=0.17s
..........[3179.419s][info][gc,start       ] GC(267) Pause Young (Normal) (G1 Evacuation Pause)
[3179.419s][info][gc,task        ] GC(267) Using 8 workers of 8 for evacuation
[3179.588s][info][gc,phases      ] GC(267)   Pre Evacuate Collection Set: 0.31ms
[3179.588s][info][gc,phases      ] GC(267)   Merge Heap Roots: 0.57ms
[3179.588s][info][gc,phases      ] GC(267)   Evacuate Collection Set: 167.42ms
[3179.588s][info][gc,phases      ] GC(267)   Post Evacuate Collection Set: 1.24ms
[3179.588s][info][gc,phases      ] GC(267)   Other: 0.06ms
[3179.588s][info][gc,heap        ] GC(267) Eden regions: 717->0(715)
[3179.588s][info][gc,heap        ] GC(267) Survivor regions: 51->53(96)
[3179.588s][info][gc,heap        ] GC(267) Old regions: 239->241
[3179.588s][info][gc,heap        ] GC(267) Humongous regions: 32->32
[3179.588s][info][gc,metaspace   ] GC(267) Metaspace: 29954K(30464K)->29954K(30464K) NonClass: 26557K(26816K)->26557K(26816K) Class: 3397K(3648K)->3397K(3648K)
[3179.588s][info][gc             ] GC(267) Pause Young (Normal) (G1 Evacuation Pause) 8279M->2578M(10240M) 169.742ms
[3179.589s][info][gc,cpu         ] GC(267) User=1.33s Sys=0.00s Real=0.17s
..........[3189.453s][info][gc,start       ] GC(268) Pause Young (Normal) (G1 Evacuation Pause)
[3189.453s][info][gc,task        ] GC(268) Using 8 workers of 8 for evacuation
[3189.618s][info][gc,phases      ] GC(268)   Pre Evacuate Collection Set: 0.28ms
[3189.618s][info][gc,phases      ] GC(268)   Merge Heap Roots: 0.55ms
[3189.618s][info][gc,phases      ] GC(268)   Evacuate Collection Set: 162.54ms
[3189.618s][info][gc,phases      ] GC(268)   Post Evacuate Collection Set: 1.24ms
[3189.618s][info][gc,phases      ] GC(268)   Other: 0.07ms
[3189.618s][info][gc,heap        ] GC(268) Eden regions: 715->0(716)
[3189.618s][info][gc,heap        ] GC(268) Survivor regions: 53->52(96)
[3189.618s][info][gc,heap        ] GC(268) Old regions: 241->243
[3189.618s][info][gc,heap        ] GC(268) Humongous regions: 32->32
[3189.618s][info][gc,metaspace   ] GC(268) Metaspace: 29954K(30464K)->29954K(30464K) NonClass: 26557K(26816K)->26557K(26816K) Class: 3397K(3648K)->3397K(3648K)
[3189.618s][info][gc             ] GC(268) Pause Young (Normal) (G1 Evacuation Pause) 8298M->2588M(10240M) 164.810ms
[3189.618s][info][gc,cpu         ] GC(268) User=1.30s Sys=0.00s Real=0.17s
....... (rIR:aIR:PR = 4843:4845:4845) (tPR = 71775) [OK] 
  3195s: Performance info:
         Transaction,    Success,    Partial,     Failed,   Receipts, AvgBarcode, 
             Overall,     290860,          0,          0,     276319,      59.47, 
         Response times:
             Request,    Success,    Partial,     Failed,   SkipFail,     Probes,    Samples,      min,      p50,      p90,      p95,      p99,      max, 
       TotalPurchase,     276319,          0,          0,          0,     270808,     294768,      300,     3300,     5700,     6600,    43000,   268000,
     InStorePurchase,     145441,          0,          0,          0,     142886,     155457,      300,     3300,     5700,     6600,    43000,   268000,
      OnlinePurchase,     101791,          0,          0,          0,      99914,     108670,      300,     3200,     5700,     6600,    43000,   268000,
        InstPurchase,      29087,          0,          0,          0,      28008,      30641,      500,     3500,     5700,     6600,    45580,   268000,
          AssocOfCat,        291,          0,          0,          0,        214,        292,    23000,    35000,    42000,    49350,    77890,   219000,
      AssocOfProduct,       2910,          0,          0,          0,       2708,       3155,      800,     4100,     6100,     6920,    47000,   177000,
      BusinessReport,        728,          0,          0,          0,        652,        816,    22000,    39000,    52000,    59150,   101490,   219000,
          CustBuyBeh,       2906,          0,          0,          0,       2663,       3093,      200,     2200,     5200,     6200,    31120,   267000,
       ProductReturn,       7706,          0,          0,          0,       7316,       8280,      300,     3100,     5600,     6500,    44000,   192000,

  3195s: (36%)   IR =   4981 ...[3199.363s][info][gc,start       ] GC(269) Pause Young (Normal) (G1 Evacuation Pause)
[3199.363s][info][gc,task        ] GC(269) Using 8 workers of 8 for evacuation
[3199.526s][info][gc,phases      ] GC(269)   Pre Evacuate Collection Set: 0.32ms
[3199.526s][info][gc,phases      ] GC(269)   Merge Heap Roots: 0.55ms
[3199.526s][info][gc,phases      ] GC(269)   Evacuate Collection Set: 160.35ms
[3199.526s][info][gc,phases      ] GC(269)   Post Evacuate Collection Set: 1.30ms
[3199.526s][info][gc,phases      ] GC(269)   Other: 0.06ms
[3199.526s][info][gc,heap        ] GC(269) Eden regions: 716->0(717)
[3199.526s][info][gc,heap        ] GC(269) Survivor regions: 52->51(96)
[3199.526s][info][gc,heap        ] GC(269) Old regions: 243->245
[3199.526s][info][gc,heap        ] GC(269) Humongous regions: 32->32
[3199.526s][info][gc,metaspace   ] GC(269) Metaspace: 29954K(30464K)->29954K(30464K) NonClass: 26557K(26816K)->26557K(26816K) Class: 3397K(3648K)->3397K(3648K)
[3199.526s][info][gc             ] GC(269) Pause Young (Normal) (G1 Evacuation Pause) 8316M->2602M(10240M) 162.723ms
[3199.526s][info][gc,cpu         ] GC(269) User=1.28s Sys=0.00s Real=0.17s
..|........[3209.149s][info][gc,start       ] GC(270) Pause Young (Normal) (G1 Evacuation Pause)
[3209.149s][info][gc,task        ] GC(270) Using 8 workers of 8 for evacuation
[3209.313s][info][gc,phases      ] GC(270)   Pre Evacuate Collection Set: 0.32ms
[3209.313s][info][gc,phases      ] GC(270)   Merge Heap Roots: 0.67ms
[3209.313s][info][gc,phases      ] GC(270)   Evacuate Collection Set: 161.80ms
[3209.313s][info][gc,phases      ] GC(270)   Post Evacuate Collection Set: 1.25ms
[3209.313s][info][gc,phases      ] GC(270)   Other: 0.07ms
[3209.313s][info][gc,heap        ] GC(270) Eden regions: 717->0(717)
[3209.313s][info][gc,heap        ] GC(270) Survivor regions: 51->51(96)
[3209.313s][info][gc,heap        ] GC(270) Old regions: 245->248
[3209.313s][info][gc,heap        ] GC(270) Humongous regions: 32->32
[3209.313s][info][gc,metaspace   ] GC(270) Metaspace: 29954K(30464K)->29954K(30464K) NonClass: 26557K(26816K)->26557K(26816K) Class: 3397K(3648K)->3397K(3648K)
[3209.313s][info][gc             ] GC(270) Pause Young (Normal) (G1 Evacuation Pause) 8338M->2619M(10240M) 164.240ms
[3209.313s][info][gc,cpu         ] GC(270) User=1.29s Sys=0.00s Real=0.16s
.........[3218.837s][info][gc,start       ] GC(271) Pause Young (Normal) (G1 Evacuation Pause)
[3218.837s][info][gc,task        ] GC(271) Using 8 workers of 8 for evacuation
[3219.001s][info][gc,phases      ] GC(271)   Pre Evacuate Collection Set: 0.31ms
[3219.001s][info][gc,phases      ] GC(271)   Merge Heap Roots: 0.64ms
[3219.001s][info][gc,phases      ] GC(271)   Evacuate Collection Set: 162.27ms
[3219.001s][info][gc,phases      ] GC(271)   Post Evacuate Collection Set: 1.27ms
[3219.001s][info][gc,phases      ] GC(271)   Other: 0.06ms
[3219.001s][info][gc,heap        ] GC(271) Eden regions: 717->0(717)
[3219.001s][info][gc,heap        ] GC(271) Survivor regions: 51->51(96)
[3219.001s][info][gc,heap        ] GC(271) Old regions: 248->250
[3219.001s][info][gc,heap        ] GC(271) Humongous regions: 32->32
[3219.001s][info][gc,metaspace   ] GC(271) Metaspace: 29954K(30464K)->29954K(30464K) NonClass: 26557K(26816K)->26557K(26816K) Class: 3397K(3648K)->3397K(3648K)
[3219.001s][info][gc             ] GC(271) Pause Young (Normal) (G1 Evacuation Pause) 8355M->2637M(10240M) 164.706ms
[3219.001s][info][gc,cpu         ] GC(271) User=1.30s Sys=0.01s Real=0.16s
..........[3228.562s][info][gc,start       ] GC(272) Pause Young (Normal) (G1 Evacuation Pause)
[3228.562s][info][gc,task        ] GC(272) Using 8 workers of 8 for evacuation
[3228.727s][info][gc,phases      ] GC(272)   Pre Evacuate Collection Set: 0.32ms
[3228.727s][info][gc,phases      ] GC(272)   Merge Heap Roots: 0.72ms
[3228.727s][info][gc,phases      ] GC(272)   Evacuate Collection Set: 162.92ms
[3228.727s][info][gc,phases      ] GC(272)   Post Evacuate Collection Set: 1.24ms
[3228.727s][info][gc,phases      ] GC(272)   Other: 0.08ms
[3228.727s][info][gc,heap        ] GC(272) Eden regions: 717->0(717)
[3228.727s][info][gc,heap        ] GC(272) Survivor regions: 51->51(96)
[3228.727s][info][gc,heap        ] GC(272) Old regions: 250->252
[3228.727s][info][gc,heap        ] GC(272) Humongous regions: 32->32
[3228.727s][info][gc,metaspace   ] GC(272) Metaspace: 29954K(30464K)->29954K(30464K) NonClass: 26557K(26816K)->26557K(26816K) Class: 3397K(3648K)->3397K(3648K)
[3228.727s][info][gc             ] GC(272) Pause Young (Normal) (G1 Evacuation Pause) 8373M->2652M(10240M) 165.420ms
[3228.727s][info][gc,cpu         ] GC(272) User=1.30s Sys=0.01s Real=0.17s
..........[3238.313s][info][gc,start       ] GC(273) Pause Young (Normal) (G1 Evacuation Pause)
[3238.313s][info][gc,task        ] GC(273) Using 8 workers of 8 for evacuation
[3238.481s][info][gc,phases      ] GC(273)   Pre Evacuate Collection Set: 0.28ms
[3238.481s][info][gc,phases      ] GC(273)   Merge Heap Roots: 0.57ms
[3238.481s][info][gc,phases      ] GC(273)   Evacuate Collection Set: 165.91ms
[3238.481s][info][gc,phases      ] GC(273)   Post Evacuate Collection Set: 1.28ms
[3238.481s][info][gc,phases      ] GC(273)   Other: 0.07ms
[3238.481s][info][gc,heap        ] GC(273) Eden regions: 717->0(715)
[3238.481s][info][gc,heap        ] GC(273) Survivor regions: 51->53(96)
[3238.481s][info][gc,heap        ] GC(273) Old regions: 252->254
[3238.481s][info][gc,heap        ] GC(273) Humongous regions: 32->32
[3238.481s][info][gc,metaspace   ] GC(273) Metaspace: 29954K(30464K)->29954K(30464K) NonClass: 26557K(26816K)->26557K(26816K) Class: 3397K(3648K)->3397K(3648K)
[3238.481s][info][gc             ] GC(273) Pause Young (Normal) (G1 Evacuation Pause) 8388M->2685M(10240M) 168.247ms
[3238.481s][info][gc,cpu         ] GC(273) User=1.32s Sys=0.00s Real=0.17s
.........[3248.002s][info][gc,start       ] GC(274) Pause Young (Normal) (G1 Evacuation Pause)
[3248.002s][info][gc,task        ] GC(274) Using 8 workers of 8 for evacuation
[3248.171s][info][gc,phases      ] GC(274)   Pre Evacuate Collection Set: 0.27ms
[3248.171s][info][gc,phases      ] GC(274)   Merge Heap Roots: 0.58ms
[3248.171s][info][gc,phases      ] GC(274)   Evacuate Collection Set: 166.72ms
[3248.171s][info][gc,phases      ] GC(274)   Post Evacuate Collection Set: 1.26ms
[3248.171s][info][gc,phases      ] GC(274)   Other: 0.07ms
[3248.171s][info][gc,heap        ] GC(274) Eden regions: 715->0(716)
[3248.171s][info][gc,heap        ] GC(274) Survivor regions: 53->52(96)
[3248.171s][info][gc,heap        ] GC(274) Old regions: 254->257
[3248.171s][info][gc,heap        ] GC(274) Humongous regions: 32->32
[3248.171s][info][gc,metaspace   ] GC(274) Metaspace: 29954K(30464K)->29954K(30464K) NonClass: 26557K(26816K)->26557K(26816K) Class: 3397K(3648K)->3397K(3648K)
[3248.171s][info][gc             ] GC(274) Pause Young (Normal) (G1 Evacuation Pause) 8405M->2700M(10240M) 169.048ms
[3248.171s][info][gc,cpu         ] GC(274) User=1.33s Sys=0.00s Real=0.17s
..........[3257.695s][info][gc,start       ] GC(275) Pause Young (Normal) (G1 Evacuation Pause)
[3257.695s][info][gc,task        ] GC(275) Using 8 workers of 8 for evacuation
[3257.860s][info][gc,phases      ] GC(275)   Pre Evacuate Collection Set: 0.29ms
[3257.860s][info][gc,phases      ] GC(275)   Merge Heap Roots: 0.60ms
[3257.860s][info][gc,phases      ] GC(275)   Evacuate Collection Set: 162.24ms
[3257.860s][info][gc,phases      ] GC(275)   Post Evacuate Collection Set: 1.25ms
[3257.860s][info][gc,phases      ] GC(275)   Other: 0.07ms
[3257.860s][info][gc,heap        ] GC(275) Eden regions: 716->0(717)
[3257.860s][info][gc,heap        ] GC(275) Survivor regions: 52->51(96)
[3257.860s][info][gc,heap        ] GC(275) Old regions: 257->259
[3257.860s][info][gc,heap        ] GC(275) Humongous regions: 32->32
[3257.860s][info][gc,metaspace   ] GC(275) Metaspace: 29954K(30464K)->29954K(30464K) NonClass: 26557K(26816K)->26557K(26816K) Class: 3397K(3648K)->3397K(3648K)
[3257.860s][info][gc             ] GC(275) Pause Young (Normal) (G1 Evacuation Pause) 8428M->2710M(10240M) 164.591ms
[3257.860s][info][gc,cpu         ] GC(275) User=1.30s Sys=0.00s Real=0.16s
.... (rIR:aIR:PR = 4981:4982:4982) (tPR = 74030) [OK] 
  3260s: Performance info:
         Transaction,    Success,    Partial,     Failed,   Receipts, AvgBarcode, 
             Overall,     299829,          0,          0,     284837,      59.47, 
         Response times:
             Request,    Success,    Partial,     Failed,   SkipFail,     Probes,    Samples,      min,      p50,      p90,      p95,      p99,      max, 
       TotalPurchase,     284837,          0,          0,          0,     277540,     303019,      400,     3400,     5900,     6900,    32000,   210000,
     InStorePurchase,     149890,          0,          0,          0,     145924,     159059,      400,     3300,     5900,     6900,    31000,   209000,
      OnlinePurchase,     104942,          0,          0,          0,     102554,     111965,      400,     3400,     5900,     6900,    34000,   210000,
        InstPurchase,      30005,          0,          0,          0,      29062,      31995,      500,     3400,     5900,     7000,    32000,   191000,
          AssocOfCat,        301,          0,          0,          0,        236,        336,    23000,    35500,    48000,    54000,    83780,   211000,
      AssocOfProduct,       2997,          0,          0,          0,       2773,       3245,      600,     3100,     5900,     7200,    35000,   176000,
      BusinessReport,        749,          0,          0,          0,        626,        784,    24000,    39000,    53500,    58000,   107300,   229000,
          CustBuyBeh,       3007,          0,          0,          0,       2824,       3314,      300,     3100,     5300,     6200,    35850,   177000,
       ProductReturn,       7938,          0,          0,          0,       7445,       8302,      200,     2700,     5700,     6700,    27970,   180000,

  3260s: (37%)   IR =   5120 ....|..[3267.340s][info][gc,start       ] GC(276) Pause Young (Normal) (G1 Evacuation Pause)
[3267.340s][info][gc,task        ] GC(276) Using 8 workers of 8 for evacuation
[3267.503s][info][gc,phases      ] GC(276)   Pre Evacuate Collection Set: 0.32ms
[3267.503s][info][gc,phases      ] GC(276)   Merge Heap Roots: 0.64ms
[3267.503s][info][gc,phases      ] GC(276)   Evacuate Collection Set: 160.95ms
[3267.503s][info][gc,phases      ] GC(276)   Post Evacuate Collection Set: 1.31ms
[3267.503s][info][gc,phases      ] GC(276)   Other: 0.07ms
[3267.503s][info][gc,heap        ] GC(276) Eden regions: 717->0(717)
[3267.503s][info][gc,heap        ] GC(276) Survivor regions: 51->51(96)
[3267.503s][info][gc,heap        ] GC(276) Old regions: 259->261
[3267.503s][info][gc,heap        ] GC(276) Humongous regions: 32->32
[3267.503s][info][gc,metaspace   ] GC(276) Metaspace: 29954K(30464K)->29954K(30464K) NonClass: 26557K(26816K)->26557K(26816K) Class: 3397K(3648K)->3397K(3648K)
[3267.503s][info][gc             ] GC(276) Pause Young (Normal) (G1 Evacuation Pause) 8446M->2728M(10240M) 163.424ms
[3267.503s][info][gc,cpu         ] GC(276) User=1.29s Sys=0.00s Real=0.16s
.........[3276.763s][info][gc,start       ] GC(277) Pause Young (Normal) (G1 Evacuation Pause)
[3276.763s][info][gc,task        ] GC(277) Using 8 workers of 8 for evacuation
[3276.928s][info][gc,phases      ] GC(277)   Pre Evacuate Collection Set: 0.29ms
[3276.928s][info][gc,phases      ] GC(277)   Merge Heap Roots: 0.58ms
[3276.928s][info][gc,phases      ] GC(277)   Evacuate Collection Set: 162.66ms
[3276.928s][info][gc,phases      ] GC(277)   Post Evacuate Collection Set: 1.25ms
[3276.928s][info][gc,phases      ] GC(277)   Other: 0.08ms
[3276.928s][info][gc,heap        ] GC(277) Eden regions: 717->0(717)
[3276.928s][info][gc,heap        ] GC(277) Survivor regions: 51->51(96)
[3276.928s][info][gc,heap        ] GC(277) Old regions: 261->263
[3276.928s][info][gc,heap        ] GC(277) Humongous regions: 32->32
[3276.928s][info][gc,metaspace   ] GC(277) Metaspace: 29954K(30464K)->29954K(30464K) NonClass: 26557K(26816K)->26557K(26816K) Class: 3397K(3648K)->3397K(3648K)
[3276.928s][info][gc             ] GC(277) Pause Young (Normal) (G1 Evacuation Pause) 8464M->2746M(10240M) 164.994ms
[3276.928s][info][gc,cpu         ] GC(277) User=1.30s Sys=0.00s Real=0.17s
..........[3286.248s][info][gc,start       ] GC(278) Pause Young (Normal) (G1 Evacuation Pause)
[3286.248s][info][gc,task        ] GC(278) Using 8 workers of 8 for evacuation
[3286.411s][info][gc,phases      ] GC(278)   Pre Evacuate Collection Set: 0.30ms
[3286.411s][info][gc,phases      ] GC(278)   Merge Heap Roots: 0.62ms
[3286.411s][info][gc,phases      ] GC(278)   Evacuate Collection Set: 159.97ms
[3286.411s][info][gc,phases      ] GC(278)   Post Evacuate Collection Set: 1.34ms
[3286.411s][info][gc,phases      ] GC(278)   Other: 0.09ms
[3286.411s][info][gc,heap        ] GC(278) Eden regions: 717->0(716)
[3286.411s][info][gc,heap        ] GC(278) Survivor regions: 51->52(96)
[3286.411s][info][gc,heap        ] GC(278) Old regions: 263->266
[3286.411s][info][gc,heap        ] GC(278) Humongous regions: 32->32
[3286.411s][info][gc,metaspace   ] GC(278) Metaspace: 29954K(30464K)->29954K(30464K) NonClass: 26557K(26816K)->26557K(26816K) Class: 3397K(3648K)->3397K(3648K)
[3286.411s][info][gc             ] GC(278) Pause Young (Normal) (G1 Evacuation Pause) 8482M->2768M(10240M) 162.453ms
[3286.411s][info][gc,cpu         ] GC(278) User=1.27s Sys=0.00s Real=0.16s
.........[3295.701s][info][gc,start       ] GC(279) Pause Young (Normal) (G1 Evacuation Pause)
[3295.701s][info][gc,task        ] GC(279) Using 8 workers of 8 for evacuation
[3295.867s][info][gc,phases      ] GC(279)   Pre Evacuate Collection Set: 0.33ms
[3295.867s][info][gc,phases      ] GC(279)   Merge Heap Roots: 0.71ms
[3295.867s][info][gc,phases      ] GC(279)   Evacuate Collection Set: 163.48ms
[3295.867s][info][gc,phases      ] GC(279)   Post Evacuate Collection Set: 1.26ms
[3295.867s][info][gc,phases      ] GC(279)   Other: 0.07ms
[3295.867s][info][gc,heap        ] GC(279) Eden regions: 716->0(717)
[3295.867s][info][gc,heap        ] GC(279) Survivor regions: 52->51(96)
[3295.867s][info][gc,heap        ] GC(279) Old regions: 266->268
[3295.867s][info][gc,heap        ] GC(279) Humongous regions: 32->32
[3295.867s][info][gc,metaspace   ] GC(279) Metaspace: 29954K(30464K)->29954K(30464K) NonClass: 26557K(26816K)->26557K(26816K) Class: 3397K(3648K)->3397K(3648K)
[3295.867s][info][gc             ] GC(279) Pause Young (Normal) (G1 Evacuation Pause) 8496M->2783M(10240M) 166.011ms
[3295.867s][info][gc,cpu         ] GC(279) User=1.31s Sys=0.00s Real=0.17s
.........[3305.187s][info][gc,start       ] GC(280) Pause Young (Normal) (G1 Evacuation Pause)
[3305.187s][info][gc,task        ] GC(280) Using 8 workers of 8 for evacuation
[3305.353s][info][gc,phases      ] GC(280)   Pre Evacuate Collection Set: 0.31ms
[3305.353s][info][gc,phases      ] GC(280)   Merge Heap Roots: 0.60ms
[3305.353s][info][gc,phases      ] GC(280)   Evacuate Collection Set: 163.12ms
[3305.353s][info][gc,phases      ] GC(280)   Post Evacuate Collection Set: 1.26ms
[3305.353s][info][gc,phases      ] GC(280)   Other: 0.08ms
[3305.353s][info][gc,heap        ] GC(280) Eden regions: 717->0(717)
[3305.353s][info][gc,heap        ] GC(280) Survivor regions: 51->51(96)
[3305.353s][info][gc,heap        ] GC(280) Old regions: 268->270
[3305.353s][info][gc,heap        ] GC(280) Humongous regions: 32->32
[3305.353s][info][gc,metaspace   ] GC(280) Metaspace: 29954K(30464K)->29954K(30464K) NonClass: 26557K(26816K)->26557K(26816K) Class: 3397K(3648K)->3397K(3648K)
[3305.353s][info][gc             ] GC(280) Pause Young (Normal) (G1 Evacuation Pause) 8519M->2800M(10240M) 165.496ms
[3305.353s][info][gc,cpu         ] GC(280) User=1.30s Sys=0.00s Real=0.16s
..........[3314.673s][info][gc,start       ] GC(281) Pause Young (Normal) (G1 Evacuation Pause)
[3314.673s][info][gc,task        ] GC(281) Using 8 workers of 8 for evacuation
[3314.841s][info][gc,phases      ] GC(281)   Pre Evacuate Collection Set: 0.29ms
[3314.841s][info][gc,phases      ] GC(281)   Merge Heap Roots: 0.58ms
[3314.841s][info][gc,phases      ] GC(281)   Evacuate Collection Set: 165.68ms
[3314.841s][info][gc,phases      ] GC(281)   Post Evacuate Collection Set: 1.28ms
[3314.841s][info][gc,phases      ] GC(281)   Other: 0.07ms
[3314.841s][info][gc,heap        ] GC(281) Eden regions: 717->0(716)
[3314.841s][info][gc,heap        ] GC(281) Survivor regions: 51->52(96)
[3314.841s][info][gc,heap        ] GC(281) Old regions: 270->272
[3314.841s][info][gc,heap        ] GC(281) Humongous regions: 32->32
[3314.841s][info][gc,metaspace   ] GC(281) Metaspace: 29954K(30464K)->29954K(30464K) NonClass: 26557K(26816K)->26557K(26816K) Class: 3397K(3648K)->3397K(3648K)
[3314.841s][info][gc             ] GC(281) Pause Young (Normal) (G1 Evacuation Pause) 8536M->2822M(10240M) 168.023ms
[3314.841s][info][gc,cpu         ] GC(281) User=1.31s Sys=0.00s Real=0.17s
.........[3324.120s][info][gc,start       ] GC(282) Pause Young (Normal) (G1 Evacuation Pause)
[3324.120s][info][gc,task        ] GC(282) Using 8 workers of 8 for evacuation
[3324.290s][info][gc,phases      ] GC(282)   Pre Evacuate Collection Set: 0.31ms
[3324.290s][info][gc,phases      ] GC(282)   Merge Heap Roots: 0.66ms
[3324.290s][info][gc,phases      ] GC(282)   Evacuate Collection Set: 166.88ms
[3324.290s][info][gc,phases      ] GC(282)   Post Evacuate Collection Set: 1.25ms
[3324.290s][info][gc,phases      ] GC(282)   Other: 0.06ms
[3324.290s][info][gc,heap        ] GC(282) Eden regions: 716->0(715)
[3324.290s][info][gc,heap        ] GC(282) Survivor regions: 52->53(96)
[3324.290s][info][gc,heap        ] GC(282) Old regions: 272->274
[3324.290s][info][gc,heap        ] GC(282) Humongous regions: 32->32
[3324.290s][info][gc,metaspace   ] GC(282) Metaspace: 29954K(30464K)->29954K(30464K) NonClass: 26557K(26816K)->26557K(26816K) Class: 3397K(3648K)->3397K(3648K)
[3324.290s][info][gc             ] GC(282) Pause Young (Normal) (G1 Evacuation Pause) 8550M->2847M(10240M) 169.310ms
[3324.290s][info][gc,cpu         ] GC(282) User=1.34s Sys=0.00s Real=0.17s
.. (rIR:aIR:PR = 5120:5123:5123) (tPR = 75750) [OK] 
  3325s: Performance info:
         Transaction,    Success,    Partial,     Failed,   Receipts, AvgBarcode, 
             Overall,     308032,          0,          0,     292652,      59.47, 
         Response times:
             Request,    Success,    Partial,     Failed,   SkipFail,     Probes,    Samples,      min,      p50,      p90,      p95,      p99,      max, 
       TotalPurchase,     292651,          0,          0,          0,     285983,     307627,      400,     3500,     6200,     7200,    40000,   288000,
     InStorePurchase,     154056,          0,          0,          0,     150564,     161545,      400,     3400,     6100,     7100,    41000,   288000,
      OnlinePurchase,     107820,          0,          0,          0,     105604,     113685,      400,     3500,     6200,     7300,    39000,   288000,
        InstPurchase,      30775,          0,          0,          0,      29815,      32397,      500,     3600,     6300,     7210,    42000,   287000,
          AssocOfCat,        306,          0,          0,          0,        248,        337,    26000,    34000,    45200,    52000,   164200,   209000,
      AssocOfProduct,       3074,          0,          0,          0,       2841,       3255,      400,     2500,     5700,     6700,    32000,   179000,
      BusinessReport,        776,          0,          0,          0,        673,        827,    28000,    39000,    54000,    60000,    95440,   229000,
          CustBuyBeh,       3076,          0,          0,          0,       2806,       3183,      200,     3600,     6100,     7080,    35000,   173000,
       ProductReturn,       8149,          0,          0,          0,       7766,       8645,      200,     3300,     5900,     6900,    37540,   175000,

  3325s: (38%)   IR =   5258 ....|...[3333.330s][info][gc,start       ] GC(283) Pause Young (Normal) (G1 Evacuation Pause)
[3333.330s][info][gc,task        ] GC(283) Using 8 workers of 8 for evacuation
[3333.495s][info][gc,phases      ] GC(283)   Pre Evacuate Collection Set: 0.27ms
[3333.495s][info][gc,phases      ] GC(283)   Merge Heap Roots: 0.57ms
[3333.495s][info][gc,phases      ] GC(283)   Evacuate Collection Set: 162.04ms
[3333.495s][info][gc,phases      ] GC(283)   Post Evacuate Collection Set: 1.31ms
[3333.495s][info][gc,phases      ] GC(283)   Other: 0.06ms
[3333.495s][info][gc,heap        ] GC(283) Eden regions: 715->0(717)
[3333.495s][info][gc,heap        ] GC(283) Survivor regions: 53->51(96)
[3333.495s][info][gc,heap        ] GC(283) Old regions: 274->277
[3333.495s][info][gc,heap        ] GC(283) Humongous regions: 32->32
[3333.495s][info][gc,metaspace   ] GC(283) Metaspace: 29954K(30464K)->29954K(30464K) NonClass: 26557K(26816K)->26557K(26816K) Class: 3397K(3648K)->3397K(3648K)
[3333.495s][info][gc             ] GC(283) Pause Young (Normal) (G1 Evacuation Pause) 8567M->2849M(10240M) 164.384ms
[3333.495s][info][gc,cpu         ] GC(283) User=1.30s Sys=0.00s Real=0.16s
..........[3342.579s][info][gc,start       ] GC(284) Pause Young (Normal) (G1 Evacuation Pause)
[3342.579s][info][gc,task        ] GC(284) Using 8 workers of 8 for evacuation
[3342.744s][info][gc,phases      ] GC(284)   Pre Evacuate Collection Set: 0.32ms
[3342.744s][info][gc,phases      ] GC(284)   Merge Heap Roots: 0.56ms
[3342.744s][info][gc,phases      ] GC(284)   Evacuate Collection Set: 162.58ms
[3342.744s][info][gc,phases      ] GC(284)   Post Evacuate Collection Set: 1.34ms
[3342.744s][info][gc,phases      ] GC(284)   Other: 0.08ms
[3342.744s][info][gc,heap        ] GC(284) Eden regions: 717->0(716)
[3342.744s][info][gc,heap        ] GC(284) Survivor regions: 51->52(96)
[3342.744s][info][gc,heap        ] GC(284) Old regions: 277->279
[3342.744s][info][gc,heap        ] GC(284) Humongous regions: 32->32
[3342.744s][info][gc,metaspace   ] GC(284) Metaspace: 29954K(30464K)->29954K(30464K) NonClass: 26557K(26816K)->26557K(26816K) Class: 3397K(3648K)->3397K(3648K)
[3342.744s][info][gc             ] GC(284) Pause Young (Normal) (G1 Evacuation Pause) 8585M->2875M(10240M) 165.013ms
[3342.744s][info][gc,cpu         ] GC(284) User=1.29s Sys=0.00s Real=0.16s
.........[3351.807s][info][gc,start       ] GC(285) Pause Young (Normal) (G1 Evacuation Pause)
[3351.807s][info][gc,task        ] GC(285) Using 8 workers of 8 for evacuation
[3351.971s][info][gc,phases      ] GC(285)   Pre Evacuate Collection Set: 0.29ms
[3351.971s][info][gc,phases      ] GC(285)   Merge Heap Roots: 0.64ms
[3351.971s][info][gc,phases      ] GC(285)   Evacuate Collection Set: 161.69ms
[3351.971s][info][gc,phases      ] GC(285)   Post Evacuate Collection Set: 1.28ms
[3351.971s][info][gc,phases      ] GC(285)   Other: 0.07ms
[3351.971s][info][gc,heap        ] GC(285) Eden regions: 716->0(717)
[3351.971s][info][gc,heap        ] GC(285) Survivor regions: 52->51(96)
[3351.971s][info][gc,heap        ] GC(285) Old regions: 279->281
[3351.971s][info][gc,heap        ] GC(285) Humongous regions: 32->32
[3351.971s][info][gc,metaspace   ] GC(285) Metaspace: 29954K(30464K)->29954K(30464K) NonClass: 26557K(26816K)->26557K(26816K) Class: 3397K(3648K)->3397K(3648K)
[3351.971s][info][gc             ] GC(285) Pause Young (Normal) (G1 Evacuation Pause) 8603M->2889M(10240M) 164.122ms
[3351.971s][info][gc,cpu         ] GC(285) User=1.28s Sys=0.00s Real=0.16s
.........[3360.873s][info][gc,start       ] GC(286) Pause Young (Normal) (G1 Evacuation Pause)
[3360.873s][info][gc,task        ] GC(286) Using 8 workers of 8 for evacuation
[3361.041s][info][gc,phases      ] GC(286)   Pre Evacuate Collection Set: 0.30ms
[3361.041s][info][gc,phases      ] GC(286)   Merge Heap Roots: 0.64ms
[3361.041s][info][gc,phases      ] GC(286)   Evacuate Collection Set: 165.28ms
[3361.041s][info][gc,phases      ] GC(286)   Post Evacuate Collection Set: 1.27ms
[3361.041s][info][gc,phases      ] GC(286)   Other: 0.06ms
[3361.041s][info][gc,heap        ] GC(286) Eden regions: 717->0(716)
[3361.041s][info][gc,heap        ] GC(286) Survivor regions: 51->52(96)
[3361.041s][info][gc,heap        ] GC(286) Old regions: 281->283
[3361.041s][info][gc,heap        ] GC(286) Humongous regions: 32->32
[3361.041s][info][gc,metaspace   ] GC(286) Metaspace: 29954K(30464K)->29954K(30464K) NonClass: 26557K(26816K)->26557K(26816K) Class: 3397K(3648K)->3397K(3648K)
[3361.041s][info][gc             ] GC(286) Pause Young (Normal) (G1 Evacuation Pause) 8625M->2911M(10240M) 167.684ms
[3361.041s][info][gc,cpu         ] GC(286) User=1.33s Sys=0.00s Real=0.17s
.........[3370.150s][info][gc,start       ] GC(287) Pause Young (Normal) (G1 Evacuation Pause)
[3370.151s][info][gc,task        ] GC(287) Using 8 workers of 8 for evacuation
[3370.315s][info][gc,phases      ] GC(287)   Pre Evacuate Collection Set: 0.32ms
[3370.315s][info][gc,phases      ] GC(287)   Merge Heap Roots: 0.64ms
[3370.315s][info][gc,phases      ] GC(287)   Evacuate Collection Set: 161.68ms
[3370.315s][info][gc,phases      ] GC(287)   Post Evacuate Collection Set: 1.29ms
[3370.315s][info][gc,phases      ] GC(287)   Other: 0.08ms
[3370.315s][info][gc,heap        ] GC(287) Eden regions: 716->0(717)
[3370.315s][info][gc,heap        ] GC(287) Survivor regions: 52->51(96)
[3370.315s][info][gc,heap        ] GC(287) Old regions: 283->286
[3370.315s][info][gc,heap        ] GC(287) Humongous regions: 32->32
[3370.315s][info][gc,metaspace   ] GC(287) Metaspace: 29954K(30464K)->29954K(30464K) NonClass: 26557K(26816K)->26557K(26816K) Class: 3397K(3648K)->3397K(3648K)
[3370.315s][info][gc             ] GC(287) Pause Young (Normal) (G1 Evacuation Pause) 8639M->2925M(10240M) 164.179ms
[3370.315s][info][gc,cpu         ] GC(287) User=1.29s Sys=0.00s Real=0.16s
.........[3379.358s][info][gc,start       ] GC(288) Pause Young (Normal) (G1 Evacuation Pause)
[3379.358s][info][gc,task        ] GC(288) Using 8 workers of 8 for evacuation
[3379.522s][info][gc,phases      ] GC(288)   Pre Evacuate Collection Set: 0.29ms
[3379.522s][info][gc,phases      ] GC(288)   Merge Heap Roots: 0.57ms
[3379.522s][info][gc,phases      ] GC(288)   Evacuate Collection Set: 162.14ms
[3379.522s][info][gc,phases      ] GC(288)   Post Evacuate Collection Set: 1.26ms
[3379.522s][info][gc,phases      ] GC(288)   Other: 0.07ms
[3379.522s][info][gc,heap        ] GC(288) Eden regions: 717->0(716)
[3379.522s][info][gc,heap        ] GC(288) Survivor regions: 51->52(96)
[3379.522s][info][gc,heap        ] GC(288) Old regions: 286->288
[3379.522s][info][gc,heap        ] GC(288) Humongous regions: 32->32
[3379.522s][info][gc,metaspace   ] GC(288) Metaspace: 29954K(30464K)->29954K(30464K) NonClass: 26557K(26816K)->26557K(26816K) Class: 3397K(3648K)->3397K(3648K)
[3379.522s][info][gc             ] GC(288) Pause Young (Normal) (G1 Evacuation Pause) 8661M->2948M(10240M) 164.483ms
[3379.522s][info][gc,cpu         ] GC(288) User=1.29s Sys=0.00s Real=0.16s
.........[3388.522s][info][gc,start       ] GC(289) Pause Young (Normal) (G1 Evacuation Pause)
[3388.522s][info][gc,task        ] GC(289) Using 8 workers of 8 for evacuation
[3388.685s][info][gc,phases      ] GC(289)   Pre Evacuate Collection Set: 0.29ms
[3388.685s][info][gc,phases      ] GC(289)   Merge Heap Roots: 0.58ms
[3388.685s][info][gc,phases      ] GC(289)   Evacuate Collection Set: 161.47ms
[3388.685s][info][gc,phases      ] GC(289)   Post Evacuate Collection Set: 1.30ms
[3388.685s][info][gc,phases      ] GC(289)   Other: 0.06ms
[3388.685s][info][gc,heap        ] GC(289) Eden regions: 716->0(716)
[3388.685s][info][gc,heap        ] GC(289) Survivor regions: 52->52(96)
[3388.685s][info][gc,heap        ] GC(289) Old regions: 288->290
[3388.685s][info][gc,heap        ] GC(289) Humongous regions: 32->32
[3388.685s][info][gc,metaspace   ] GC(289) Metaspace: 29954K(30464K)->29954K(30464K) NonClass: 26557K(26816K)->26557K(26816K) Class: 3397K(3648K)->3397K(3648K)
[3388.685s][info][gc             ] GC(289) Pause Young (Normal) (G1 Evacuation Pause) 8676M->2966M(10240M) 163.827ms
[3388.685s][info][gc,cpu         ] GC(289) User=1.29s Sys=0.00s Real=0.17s
.. (rIR:aIR:PR = 5258:5257:5257) (tPR = 78293) [OK] 
  3389s: Performance info:
         Transaction,    Success,    Partial,     Failed,   Receipts, AvgBarcode, 
             Overall,     316894,          0,          0,     301038,      59.47, 
         Response times:
             Request,    Success,    Partial,     Failed,   SkipFail,     Probes,    Samples,      min,      p50,      p90,      p95,      p99,      max, 
       TotalPurchase,     301038,          0,          0,          0,     294318,     315955,      300,     3500,     6200,     7300,    45000,   186000,
     InStorePurchase,     158451,          0,          0,          0,     154906,     165957,      300,     3500,     6200,     7200,    46000,   186000,
      OnlinePurchase,     110874,          0,          0,          0,     108638,     116692,      300,     3500,     6200,     7300,    43000,   178000,
        InstPurchase,      31713,          0,          0,          0,      30774,      33306,      500,     3700,     6300,     7300,    44000,   175000,
          AssocOfCat,        318,          0,          0,          0,        247,        333,    24000,    35000,    44600,    50300,   120560,   199000,
      AssocOfProduct,       3171,          0,          0,          0,       2920,       3322,      600,     3900,     6400,     7500,    53540,   175000,
      BusinessReport,        793,          0,          0,          0,        662,        844,    25000,    39000,    54000,    59000,   113100,   232000,
          CustBuyBeh,       3174,          0,          0,          0,       2906,       3308,      300,     3700,     5700,     6500,    50000,   174000,
       ProductReturn,       8400,          0,          0,          0,       7934,       8768,      200,     3300,     6100,     7155,    44000,   186000,

  3389s: (39%)   IR =   5396 .......|[3397.567s][info][gc,start       ] GC(290) Pause Young (Normal) (G1 Evacuation Pause)
[3397.567s][info][gc,task        ] GC(290) Using 8 workers of 8 for evacuation
[3397.731s][info][gc,phases      ] GC(290)   Pre Evacuate Collection Set: 0.32ms
[3397.731s][info][gc,phases      ] GC(290)   Merge Heap Roots: 0.67ms
[3397.731s][info][gc,phases      ] GC(290)   Evacuate Collection Set: 161.49ms
[3397.731s][info][gc,phases      ] GC(290)   Post Evacuate Collection Set: 1.25ms
[3397.731s][info][gc,phases      ] GC(290)   Other: 0.09ms
[3397.731s][info][gc,heap        ] GC(290) Eden regions: 716->0(717)
[3397.731s][info][gc,heap        ] GC(290) Survivor regions: 52->51(96)
[3397.731s][info][gc,heap        ] GC(290) Old regions: 290->293
[3397.731s][info][gc,heap        ] GC(290) Humongous regions: 32->32
[3397.731s][info][gc,metaspace   ] GC(290) Metaspace: 29954K(30464K)->29954K(30464K) NonClass: 26557K(26816K)->26557K(26816K) Class: 3397K(3648K)->3397K(3648K)
[3397.731s][info][gc             ] GC(290) Pause Young (Normal) (G1 Evacuation Pause) 8694M->2980M(10240M) 163.968ms
[3397.731s][info][gc,cpu         ] GC(290) User=1.29s Sys=0.00s Real=0.16s
.........[3406.602s][info][gc,start       ] GC(291) Pause Young (Normal) (G1 Evacuation Pause)
[3406.602s][info][gc,task        ] GC(291) Using 8 workers of 8 for evacuation
[3406.768s][info][gc,phases      ] GC(291)   Pre Evacuate Collection Set: 0.32ms
[3406.768s][info][gc,phases      ] GC(291)   Merge Heap Roots: 0.60ms
[3406.768s][info][gc,phases      ] GC(291)   Evacuate Collection Set: 163.87ms
[3406.768s][info][gc,phases      ] GC(291)   Post Evacuate Collection Set: 1.35ms
[3406.768s][info][gc,phases      ] GC(291)   Other: 0.07ms
[3406.768s][info][gc,heap        ] GC(291) Eden regions: 717->0(717)
[3406.768s][info][gc,heap        ] GC(291) Survivor regions: 51->51(96)
[3406.768s][info][gc,heap        ] GC(291) Old regions: 293->295
[3406.768s][info][gc,heap        ] GC(291) Humongous regions: 32->32
[3406.768s][info][gc,metaspace   ] GC(291) Metaspace: 29954K(30464K)->29954K(30464K) NonClass: 26557K(26816K)->26557K(26816K) Class: 3397K(3648K)->3397K(3648K)
[3406.768s][info][gc             ] GC(291) Pause Young (Normal) (G1 Evacuation Pause) 8716M->2998M(10240M) 166.365ms
[3406.768s][info][gc,cpu         ] GC(291) User=1.31s Sys=0.00s Real=0.17s
.........[3415.532s][info][gc,start       ] GC(292) Pause Young (Normal) (G1 Evacuation Pause)
[3415.532s][info][gc,task        ] GC(292) Using 8 workers of 8 for evacuation
[3415.699s][info][gc,phases      ] GC(292)   Pre Evacuate Collection Set: 0.30ms
[3415.699s][info][gc,phases      ] GC(292)   Merge Heap Roots: 0.58ms
[3415.699s][info][gc,phases      ] GC(292)   Evacuate Collection Set: 164.42ms
[3415.699s][info][gc,phases      ] GC(292)   Post Evacuate Collection Set: 1.34ms
[3415.699s][info][gc,phases      ] GC(292)   Other: 0.07ms
[3415.699s][info][gc,heap        ] GC(292) Eden regions: 717->0(716)
[3415.699s][info][gc,heap        ] GC(292) Survivor regions: 51->52(96)
[3415.699s][info][gc,heap        ] GC(292) Old regions: 295->297
[3415.699s][info][gc,heap        ] GC(292) Humongous regions: 32->32
[3415.699s][info][gc,metaspace   ] GC(292) Metaspace: 29954K(30464K)->29954K(30464K) NonClass: 26557K(26816K)->26557K(26816K) Class: 3397K(3648K)->3397K(3648K)
[3415.699s][info][gc             ] GC(292) Pause Young (Normal) (G1 Evacuation Pause) 8734M->3024M(10240M) 166.861ms
[3415.699s][info][gc,cpu         ] GC(292) User=1.31s Sys=0.00s Real=0.17s
.........[3424.521s][info][gc,start       ] GC(293) Pause Young (Normal) (G1 Evacuation Pause)
[3424.521s][info][gc,task        ] GC(293) Using 8 workers of 8 for evacuation
[3424.689s][info][gc,phases      ] GC(293)   Pre Evacuate Collection Set: 0.28ms
[3424.689s][info][gc,phases      ] GC(293)   Merge Heap Roots: 0.61ms
[3424.689s][info][gc,phases      ] GC(293)   Evacuate Collection Set: 165.49ms
[3424.689s][info][gc,phases      ] GC(293)   Post Evacuate Collection Set: 1.27ms
[3424.689s][info][gc,phases      ] GC(293)   Other: 0.07ms
[3424.689s][info][gc,heap        ] GC(293) Eden regions: 716->0(716)
[3424.689s][info][gc,heap        ] GC(293) Survivor regions: 52->52(96)
[3424.689s][info][gc,heap        ] GC(293) Old regions: 297->299
[3424.689s][info][gc,heap        ] GC(293) Humongous regions: 32->32
[3424.689s][info][gc,metaspace   ] GC(293) Metaspace: 29954K(30464K)->29954K(30464K) NonClass: 26557K(26816K)->26557K(26816K) Class: 3397K(3648K)->3397K(3648K)
[3424.689s][info][gc             ] GC(293) Pause Young (Normal) (G1 Evacuation Pause) 8752M->3039M(10240M) 167.844ms
[3424.689s][info][gc,cpu         ] GC(293) User=1.32s Sys=0.00s Real=0.17s
.........[3433.456s][info][gc,start       ] GC(294) Pause Young (Normal) (G1 Evacuation Pause)
[3433.456s][info][gc,task        ] GC(294) Using 8 workers of 8 for evacuation
[3433.624s][info][gc,phases      ] GC(294)   Pre Evacuate Collection Set: 0.33ms
[3433.624s][info][gc,phases      ] GC(294)   Merge Heap Roots: 0.73ms
[3433.624s][info][gc,phases      ] GC(294)   Evacuate Collection Set: 165.83ms
[3433.624s][info][gc,phases      ] GC(294)   Post Evacuate Collection Set: 1.28ms
[3433.624s][info][gc,phases      ] GC(294)   Other: 0.09ms
[3433.624s][info][gc,heap        ] GC(294) Eden regions: 716->0(717)
[3433.624s][info][gc,heap        ] GC(294) Survivor regions: 52->51(96)
[3433.624s][info][gc,heap        ] GC(294) Old regions: 299->302
[3433.624s][info][gc,heap        ] GC(294) Humongous regions: 32->32
[3433.624s][info][gc,metaspace   ] GC(294) Metaspace: 29954K(30464K)->29954K(30464K) NonClass: 26557K(26816K)->26557K(26816K) Class: 3397K(3648K)->3397K(3648K)
[3433.624s][info][gc             ] GC(294) Pause Young (Normal) (G1 Evacuation Pause) 8767M->3053M(10240M) 168.409ms
[3433.624s][info][gc,cpu         ] GC(294) User=1.33s Sys=0.00s Real=0.16s
.........[3442.422s][info][gc,start       ] GC(295) Pause Young (Normal) (G1 Evacuation Pause)
[3442.422s][info][gc,task        ] GC(295) Using 8 workers of 8 for evacuation
[3442.586s][info][gc,phases      ] GC(295)   Pre Evacuate Collection Set: 0.30ms
[3442.586s][info][gc,phases      ] GC(295)   Merge Heap Roots: 0.63ms
[3442.586s][info][gc,phases      ] GC(295)   Evacuate Collection Set: 161.89ms
[3442.586s][info][gc,phases      ] GC(295)   Post Evacuate Collection Set: 1.24ms
[3442.586s][info][gc,phases      ] GC(295)   Other: 0.08ms
[3442.586s][info][gc,heap        ] GC(295) Eden regions: 717->0(718)
[3442.586s][info][gc,heap        ] GC(295) Survivor regions: 51->50(96)
[3442.586s][info][gc,heap        ] GC(295) Old regions: 302->304
[3442.586s][info][gc,heap        ] GC(295) Humongous regions: 32->32
[3442.586s][info][gc,metaspace   ] GC(295) Metaspace: 29954K(30464K)->29954K(30464K) NonClass: 26557K(26816K)->26557K(26816K) Class: 3397K(3648K)->3397K(3648K)
[3442.586s][info][gc             ] GC(295) Pause Young (Normal) (G1 Evacuation Pause) 8789M->3064M(10240M) 164.275ms
[3442.586s][info][gc,cpu         ] GC(295) User=1.29s Sys=0.00s Real=0.17s
.........[3451.465s][info][gc,start       ] GC(296) Pause Young (Normal) (G1 Evacuation Pause)
[3451.465s][info][gc,task        ] GC(296) Using 8 workers of 8 for evacuation
[3451.630s][info][gc,phases      ] GC(296)   Pre Evacuate Collection Set: 0.32ms
[3451.630s][info][gc,phases      ] GC(296)   Merge Heap Roots: 0.59ms
[3451.630s][info][gc,phases      ] GC(296)   Evacuate Collection Set: 162.88ms
[3451.630s][info][gc,phases      ] GC(296)   Post Evacuate Collection Set: 1.29ms
[3451.630s][info][gc,phases      ] GC(296)   Other: 0.07ms
[3451.630s][info][gc,heap        ] GC(296) Eden regions: 718->0(717)
[3451.630s][info][gc,heap        ] GC(296) Survivor regions: 50->51(96)
[3451.630s][info][gc,heap        ] GC(296) Old regions: 304->306
[3451.630s][info][gc,heap        ] GC(296) Humongous regions: 32->32
[3451.630s][info][gc,metaspace   ] GC(296) Metaspace: 29954K(30464K)->29954K(30464K) NonClass: 26557K(26816K)->26557K(26816K) Class: 3397K(3648K)->3397K(3648K)
[3451.630s][info][gc             ] GC(296) Pause Young (Normal) (G1 Evacuation Pause) 8808M->3086M(10240M) 165.270ms
[3451.630s][info][gc,cpu         ] GC(296) User=1.30s Sys=0.00s Real=0.16s
...... (rIR:aIR:PR = 5396:5395:5395) (tPR = 80173) [OK] 
  3456s: Performance info:
         Transaction,    Success,    Partial,     Failed,   Receipts, AvgBarcode, 
             Overall,     323891,          0,          0,     307688,      59.47, 
         Response times:
             Request,    Success,    Partial,     Failed,   SkipFail,     Probes,    Samples,      min,      p50,      p90,      p95,      p99,      max, 
       TotalPurchase,     307688,          0,          0,          0,     300469,     338754,      400,     3600,     6400,     7600,    43000,   179000,
     InStorePurchase,     161963,          0,          0,          0,     158266,     178523,      400,     3600,     6400,     7500,    42000,   179000,
      OnlinePurchase,     113341,          0,          0,          0,     110781,     124486,      400,     3600,     6400,     7600,    46000,   179000,
        InstPurchase,      32384,          0,          0,          0,      31422,      35745,      500,     3400,     6600,     7700,    34000,   176000,
          AssocOfCat,        322,          0,          0,          0,        255,        365,    27000,    35000,    47000,    51000,   125000,   213000,
      AssocOfProduct,       3245,          0,          0,          0,       2984,       3549,      500,     4600,     6800,     8000,    55000,   176000,
      BusinessReport,        806,          0,          0,          0,        715,        920,    25000,    40000,    55000,    62000,   118580,   226000,
          CustBuyBeh,       3238,          0,          0,          0,       2991,       3549,      200,     2700,     6200,     7400,    36000,   176000,
       ProductReturn,       8592,          0,          0,          0,       8116,       9287,      200,     3700,     6500,     7600,    47000,   178000,

  3456s: (40%)   IR =   5535 ...[3460.269s][info][gc,start       ] GC(297) Pause Young (Normal) (G1 Evacuation Pause)
[3460.269s][info][gc,task        ] GC(297) Using 8 workers of 8 for evacuation
[3460.438s][info][gc,phases      ] GC(297)   Pre Evacuate Collection Set: 0.29ms
[3460.438s][info][gc,phases      ] GC(297)   Merge Heap Roots: 0.59ms
[3460.438s][info][gc,phases      ] GC(297)   Evacuate Collection Set: 166.72ms
[3460.439s][info][gc,phases      ] GC(297)   Post Evacuate Collection Set: 1.34ms
[3460.439s][info][gc,phases      ] GC(297)   Other: 0.08ms
[3460.439s][info][gc,heap        ] GC(297) Eden regions: 717->0(716)
[3460.439s][info][gc,heap        ] GC(297) Survivor regions: 51->52(96)
[3460.439s][info][gc,heap        ] GC(297) Old regions: 306->309
[3460.439s][info][gc,heap        ] GC(297) Humongous regions: 32->32
[3460.439s][info][gc,metaspace   ] GC(297) Metaspace: 29955K(30464K)->29955K(30464K) NonClass: 26557K(26816K)->26557K(26816K) Class: 3397K(3648K)->3397K(3648K)
[3460.439s][info][gc             ] GC(297) Pause Young (Normal) (G1 Evacuation Pause) 8822M->3112M(10240M) 169.160ms
[3460.439s][info][gc,cpu         ] GC(297) User=1.33s Sys=0.00s Real=0.17s
....|.....[3469.120s][info][gc,start       ] GC(298) Pause Young (Normal) (G1 Evacuation Pause)
[3469.120s][info][gc,task        ] GC(298) Using 8 workers of 8 for evacuation
[3469.285s][info][gc,phases      ] GC(298)   Pre Evacuate Collection Set: 0.28ms
[3469.285s][info][gc,phases      ] GC(298)   Merge Heap Roots: 0.64ms
[3469.285s][info][gc,phases      ] GC(298)   Evacuate Collection Set: 163.09ms
[3469.285s][info][gc,phases      ] GC(298)   Post Evacuate Collection Set: 1.22ms
[3469.285s][info][gc,phases      ] GC(298)   Other: 0.07ms
[3469.285s][info][gc,heap        ] GC(298) Eden regions: 716->0(717)
[3469.285s][info][gc,heap        ] GC(298) Survivor regions: 52->51(96)
[3469.285s][info][gc,heap        ] GC(298) Old regions: 309->311
[3469.285s][info][gc,heap        ] GC(298) Humongous regions: 32->32
[3469.285s][info][gc,metaspace   ] GC(298) Metaspace: 29955K(30464K)->29955K(30464K) NonClass: 26557K(26816K)->26557K(26816K) Class: 3397K(3648K)->3397K(3648K)
[3469.286s][info][gc             ] GC(298) Pause Young (Normal) (G1 Evacuation Pause) 8840M->3126M(10240M) 165.466ms
[3469.286s][info][gc,cpu         ] GC(298) User=1.30s Sys=0.00s Real=0.17s
.........[3477.901s][info][gc,start       ] GC(299) Pause Young (Normal) (G1 Evacuation Pause)
[3477.902s][info][gc,task        ] GC(299) Using 8 workers of 8 for evacuation
[3478.069s][info][gc,phases      ] GC(299)   Pre Evacuate Collection Set: 0.31ms
[3478.069s][info][gc,phases      ] GC(299)   Merge Heap Roots: 0.72ms
[3478.069s][info][gc,phases      ] GC(299)   Evacuate Collection Set: 165.16ms
[3478.069s][info][gc,phases      ] GC(299)   Post Evacuate Collection Set: 1.25ms
[3478.069s][info][gc,phases      ] GC(299)   Other: 0.07ms
[3478.069s][info][gc,heap        ] GC(299) Eden regions: 717->0(717)
[3478.069s][info][gc,heap        ] GC(299) Survivor regions: 51->51(96)
[3478.069s][info][gc,heap        ] GC(299) Old regions: 311->313
[3478.069s][info][gc,heap        ] GC(299) Humongous regions: 32->32
[3478.069s][info][gc,metaspace   ] GC(299) Metaspace: 29955K(30464K)->29955K(30464K) NonClass: 26557K(26816K)->26557K(26816K) Class: 3397K(3648K)->3397K(3648K)
[3478.069s][info][gc             ] GC(299) Pause Young (Normal) (G1 Evacuation Pause) 8862M->3144M(10240M) 167.657ms
[3478.069s][info][gc,cpu         ] GC(299) User=1.32s Sys=0.00s Real=0.17s
........[3486.589s][info][gc,start       ] GC(300) Pause Young (Normal) (G1 Evacuation Pause)
[3486.589s][info][gc,task        ] GC(300) Using 8 workers of 8 for evacuation
[3486.756s][info][gc,phases      ] GC(300)   Pre Evacuate Collection Set: 0.29ms
[3486.756s][info][gc,phases      ] GC(300)   Merge Heap Roots: 0.58ms
[3486.756s][info][gc,phases      ] GC(300)   Evacuate Collection Set: 165.52ms
[3486.756s][info][gc,phases      ] GC(300)   Post Evacuate Collection Set: 1.28ms
[3486.756s][info][gc,phases      ] GC(300)   Other: 0.06ms
[3486.756s][info][gc,heap        ] GC(300) Eden regions: 717->0(717)
[3486.756s][info][gc,heap        ] GC(300) Survivor regions: 51->51(96)
[3486.756s][info][gc,heap        ] GC(300) Old regions: 313->315
[3486.756s][info][gc,heap        ] GC(300) Humongous regions: 32->32
[3486.756s][info][gc,metaspace   ] GC(300) Metaspace: 29955K(30464K)->29955K(30464K) NonClass: 26557K(26816K)->26557K(26816K) Class: 3397K(3648K)->3397K(3648K)
[3486.756s][info][gc             ] GC(300) Pause Young (Normal) (G1 Evacuation Pause) 8880M->3159M(10240M) 167.884ms
[3486.757s][info][gc,cpu         ] GC(300) User=1.32s Sys=0.00s Real=0.17s
.........[3495.353s][info][gc,start       ] GC(301) Pause Young (Normal) (G1 Evacuation Pause)
[3495.353s][info][gc,task        ] GC(301) Using 8 workers of 8 for evacuation
[3495.516s][info][gc,phases      ] GC(301)   Pre Evacuate Collection Set: 0.28ms
[3495.516s][info][gc,phases      ] GC(301)   Merge Heap Roots: 0.63ms
[3495.516s][info][gc,phases      ] GC(301)   Evacuate Collection Set: 160.77ms
[3495.516s][info][gc,phases      ] GC(301)   Post Evacuate Collection Set: 1.29ms
[3495.516s][info][gc,phases      ] GC(301)   Other: 0.07ms
[3495.516s][info][gc,heap        ] GC(301) Eden regions: 717->0(717)
[3495.516s][info][gc,heap        ] GC(301) Survivor regions: 51->51(96)
[3495.516s][info][gc,heap        ] GC(301) Old regions: 315->318
[3495.516s][info][gc,heap        ] GC(301) Humongous regions: 32->32
[3495.516s][info][gc,metaspace   ] GC(301) Metaspace: 29955K(30464K)->29955K(30464K) NonClass: 26557K(26816K)->26557K(26816K) Class: 3397K(3648K)->3397K(3648K)
[3495.516s][info][gc             ] GC(301) Pause Young (Normal) (G1 Evacuation Pause) 8895M->3181M(10240M) 163.161ms
[3495.516s][info][gc,cpu         ] GC(301) User=1.28s Sys=0.00s Real=0.17s
.........[3504.015s][info][gc,start       ] GC(302) Pause Young (Normal) (G1 Evacuation Pause)
[3504.015s][info][gc,task        ] GC(302) Using 8 workers of 8 for evacuation
[3504.182s][info][gc,phases      ] GC(302)   Pre Evacuate Collection Set: 0.31ms
[3504.182s][info][gc,phases      ] GC(302)   Merge Heap Roots: 0.57ms
[3504.182s][info][gc,phases      ] GC(302)   Evacuate Collection Set: 164.10ms
[3504.182s][info][gc,phases      ] GC(302)   Post Evacuate Collection Set: 1.29ms
[3504.182s][info][gc,phases      ] GC(302)   Other: 0.08ms
[3504.182s][info][gc,heap        ] GC(302) Eden regions: 717->0(717)
[3504.182s][info][gc,heap        ] GC(302) Survivor regions: 51->51(96)
[3504.182s][info][gc,heap        ] GC(302) Old regions: 318->320
[3504.182s][info][gc,heap        ] GC(302) Humongous regions: 32->32
[3504.182s][info][gc,metaspace   ] GC(302) Metaspace: 29955K(30464K)->29955K(30464K) NonClass: 26557K(26816K)->26557K(26816K) Class: 3397K(3648K)->3397K(3648K)
[3504.182s][info][gc             ] GC(302) Pause Young (Normal) (G1 Evacuation Pause) 8917M->3194M(10240M) 166.498ms
[3504.182s][info][gc,cpu         ] GC(302) User=1.31s Sys=0.00s Real=0.16s
........[3512.864s][info][gc,start       ] GC(303) Pause Young (Normal) (G1 Evacuation Pause)
[3512.864s][info][gc,task        ] GC(303) Using 8 workers of 8 for evacuation
[3513.029s][info][gc,phases      ] GC(303)   Pre Evacuate Collection Set: 0.31ms
[3513.029s][info][gc,phases      ] GC(303)   Merge Heap Roots: 0.60ms
[3513.029s][info][gc,phases      ] GC(303)   Evacuate Collection Set: 162.83ms
[3513.029s][info][gc,phases      ] GC(303)   Post Evacuate Collection Set: 1.25ms
[3513.029s][info][gc,phases      ] GC(303)   Other: 0.07ms
[3513.029s][info][gc,heap        ] GC(303) Eden regions: 717->0(717)
[3513.029s][info][gc,heap        ] GC(303) Survivor regions: 51->51(96)
[3513.029s][info][gc,heap        ] GC(303) Old regions: 320->322
[3513.029s][info][gc,heap        ] GC(303) Humongous regions: 32->32
[3513.029s][info][gc,metaspace   ] GC(303) Metaspace: 29955K(30464K)->29955K(30464K) NonClass: 26557K(26816K)->26557K(26816K) Class: 3397K(3648K)->3397K(3648K)
[3513.029s][info][gc             ] GC(303) Pause Young (Normal) (G1 Evacuation Pause) 8930M->3217M(10240M) 165.217ms
[3513.029s][info][gc,cpu         ] GC(303) User=1.30s Sys=0.00s Real=0.17s
.........[3521.641s][info][gc,start       ] GC(304) Pause Young (Normal) (G1 Evacuation Pause)
[3521.641s][info][gc,task        ] GC(304) Using 8 workers of 8 for evacuation
[3521.811s][info][gc,phases      ] GC(304)   Pre Evacuate Collection Set: 0.31ms
[3521.811s][info][gc,phases      ] GC(304)   Merge Heap Roots: 0.68ms
[3521.811s][info][gc,phases      ] GC(304)   Evacuate Collection Set: 167.40ms
[3521.811s][info][gc,phases      ] GC(304)   Post Evacuate Collection Set: 1.26ms
[3521.811s][info][gc,phases      ] GC(304)   Other: 0.07ms
[3521.811s][info][gc,heap        ] GC(304) Eden regions: 717->0(715)
[3521.811s][info][gc,heap        ] GC(304) Survivor regions: 51->53(96)
[3521.811s][info][gc,heap        ] GC(304) Old regions: 322->324
[3521.811s][info][gc,heap        ] GC(304) Humongous regions: 32->32
[3521.811s][info][gc,metaspace   ] GC(304) Metaspace: 29955K(30464K)->29955K(30464K) NonClass: 26557K(26816K)->26557K(26816K) Class: 3397K(3648K)->3397K(3648K)
[3521.811s][info][gc             ] GC(304) Pause Young (Normal) (G1 Evacuation Pause) 8953M->3247M(10240M) 169.848ms
[3521.811s][info][gc,cpu         ] GC(304) User=1.33s Sys=0.00s Real=0.17s
... (rIR:aIR:PR = 5535:5532:5532) (tPR = 81887) [OK] 
  3523s: Performance info:
         Transaction,    Success,    Partial,     Failed,   Receipts, AvgBarcode, 
             Overall,     332906,          0,          0,     316271,      59.48, 
         Response times:
             Request,    Success,    Partial,     Failed,   SkipFail,     Probes,    Samples,      min,      p50,      p90,      p95,      p99,      max, 
       TotalPurchase,     316271,          0,          0,          0,     309806,     348579,      300,     3700,     6800,     8200,    56000,   313000,
     InStorePurchase,     166506,          0,          0,          0,     163106,     183480,      300,     3700,     6700,     8095,    56000,   313000,
      OnlinePurchase,     116486,          0,          0,          0,     114326,     128371,      400,     3800,     6900,     8300,    56000,   305000,
        InstPurchase,      33279,          0,          0,          0,      32374,      36728,      500,     3900,     7000,     8500,    55000,   283000,
          AssocOfCat,        330,          0,          0,          0,        253,        339,    23000,    36000,    51000,    56000,   172200,   219000,
      AssocOfProduct,       3324,          0,          0,          0,       3096,       3714,      500,     4400,     6900,     8000,    56000,   313000,
      BusinessReport,        835,          0,          0,          0,        701,        885,    29000,    40000,    57000,    66000,   147520,   237000,
          CustBuyBeh,       3341,          0,          0,          0,       3136,       3744,      300,     4200,     6400,     7775,    70000,   178000,
       ProductReturn,       8805,          0,          0,          0,       8313,       9573,      200,     3600,     6800,     8300,    47000,   179000,

  3523s: (41%)   IR =   5673 ....|..[3530.167s][info][gc,start       ] GC(305) Pause Young (Normal) (G1 Evacuation Pause)
[3530.167s][info][gc,task        ] GC(305) Using 8 workers of 8 for evacuation
[3530.330s][info][gc,phases      ] GC(305)   Pre Evacuate Collection Set: 0.32ms
[3530.330s][info][gc,phases      ] GC(305)   Merge Heap Roots: 0.62ms
[3530.330s][info][gc,phases      ] GC(305)   Evacuate Collection Set: 161.02ms
[3530.330s][info][gc,phases      ] GC(305)   Post Evacuate Collection Set: 1.28ms
[3530.330s][info][gc,phases      ] GC(305)   Other: 0.09ms
[3530.330s][info][gc,heap        ] GC(305) Eden regions: 715->0(716)
[3530.330s][info][gc,heap        ] GC(305) Survivor regions: 53->52(96)
[3530.330s][info][gc,heap        ] GC(305) Old regions: 324->327
[3530.330s][info][gc,heap        ] GC(305) Humongous regions: 32->32
[3530.330s][info][gc,metaspace   ] GC(305) Metaspace: 29955K(30464K)->29955K(30464K) NonClass: 26557K(26816K)->26557K(26816K) Class: 3397K(3648K)->3397K(3648K)
[3530.330s][info][gc             ] GC(305) Pause Young (Normal) (G1 Evacuation Pause) 8967M->3257M(10240M) 163.482ms
[3530.330s][info][gc,cpu         ] GC(305) User=1.29s Sys=0.01s Real=0.16s
........[3538.691s][info][gc,start       ] GC(306) Pause Young (Normal) (G1 Evacuation Pause)
[3538.691s][info][gc,task        ] GC(306) Using 8 workers of 8 for evacuation
[3538.856s][info][gc,phases      ] GC(306)   Pre Evacuate Collection Set: 0.28ms
[3538.856s][info][gc,phases      ] GC(306)   Merge Heap Roots: 0.66ms
[3538.856s][info][gc,phases      ] GC(306)   Evacuate Collection Set: 162.78ms
[3538.856s][info][gc,phases      ] GC(306)   Post Evacuate Collection Set: 1.30ms
[3538.856s][info][gc,phases      ] GC(306)   Other: 0.07ms
[3538.856s][info][gc,heap        ] GC(306) Eden regions: 716->0(717)
[3538.856s][info][gc,heap        ] GC(306) Survivor regions: 52->51(96)
[3538.856s][info][gc,heap        ] GC(306) Old regions: 327->329
[3538.856s][info][gc,heap        ] GC(306) Humongous regions: 32->32
[3538.856s][info][gc,metaspace   ] GC(306) Metaspace: 29955K(30464K)->29955K(30464K) NonClass: 26557K(26816K)->26557K(26816K) Class: 3397K(3648K)->3397K(3648K)
[3538.856s][info][gc             ] GC(306) Pause Young (Normal) (G1 Evacuation Pause) 8985M->3270M(10240M) 165.240ms
[3538.856s][info][gc,cpu         ] GC(306) User=1.30s Sys=0.00s Real=0.17s
.........[3547.277s][info][gc,start       ] GC(307) Pause Young (Normal) (G1 Evacuation Pause)
[3547.277s][info][gc,task        ] GC(307) Using 8 workers of 8 for evacuation
[3547.442s][info][gc,phases      ] GC(307)   Pre Evacuate Collection Set: 0.27ms
[3547.442s][info][gc,phases      ] GC(307)   Merge Heap Roots: 0.59ms
[3547.442s][info][gc,phases      ] GC(307)   Evacuate Collection Set: 162.71ms
[3547.442s][info][gc,phases      ] GC(307)   Post Evacuate Collection Set: 1.33ms
[3547.442s][info][gc,phases      ] GC(307)   Other: 0.07ms
[3547.442s][info][gc,heap        ] GC(307) Eden regions: 717->0(717)
[3547.442s][info][gc,heap        ] GC(307) Survivor regions: 51->51(96)
[3547.442s][info][gc,heap        ] GC(307) Old regions: 329->331
[3547.442s][info][gc,heap        ] GC(307) Humongous regions: 32->32
[3547.442s][info][gc,metaspace   ] GC(307) Metaspace: 29955K(30464K)->29955K(30464K) NonClass: 26557K(26816K)->26557K(26816K) Class: 3397K(3648K)->3397K(3648K)
[3547.442s][info][gc             ] GC(307) Pause Young (Normal) (G1 Evacuation Pause) 9006M->3285M(10240M) 165.103ms
[3547.442s][info][gc,cpu         ] GC(307) User=1.31s Sys=0.00s Real=0.16s
........[3555.837s][info][gc,start       ] GC(308) Pause Young (Normal) (G1 Evacuation Pause)
[3555.837s][info][gc,task        ] GC(308) Using 8 workers of 8 for evacuation
[3556.009s][info][gc,phases      ] GC(308)   Pre Evacuate Collection Set: 0.31ms
[3556.009s][info][gc,phases      ] GC(308)   Merge Heap Roots: 0.69ms
[3556.009s][info][gc,phases      ] GC(308)   Evacuate Collection Set: 169.03ms
[3556.009s][info][gc,phases      ] GC(308)   Post Evacuate Collection Set: 1.24ms
[3556.009s][info][gc,phases      ] GC(308)   Other: 0.08ms
[3556.009s][info][gc,heap        ] GC(308) Eden regions: 717->0(716)
[3556.009s][info][gc,heap        ] GC(308) Survivor regions: 51->52(96)
[3556.009s][info][gc,heap        ] GC(308) Old regions: 331->334
[3556.009s][info][gc,heap        ] GC(308) Humongous regions: 32->32
[3556.009s][info][gc,metaspace   ] GC(308) Metaspace: 29955K(30464K)->29955K(30464K) NonClass: 26557K(26816K)->26557K(26816K) Class: 3397K(3648K)->3397K(3648K)
[3556.009s][info][gc             ] GC(308) Pause Young (Normal) (G1 Evacuation Pause) 9021M->3315M(10240M) 171.502ms
[3556.009s][info][gc,cpu         ] GC(308) User=1.35s Sys=0.00s Real=0.17s
.........[3564.345s][info][gc,start       ] GC(309) Pause Young (Normal) (G1 Evacuation Pause)
[3564.345s][info][gc,task        ] GC(309) Using 8 workers of 8 for evacuation
[3564.508s][info][gc,phases      ] GC(309)   Pre Evacuate Collection Set: 0.31ms
[3564.508s][info][gc,phases      ] GC(309)   Merge Heap Roots: 0.59ms
[3564.508s][info][gc,phases      ] GC(309)   Evacuate Collection Set: 161.16ms
[3564.508s][info][gc,phases      ] GC(309)   Post Evacuate Collection Set: 1.30ms
[3564.508s][info][gc,phases      ] GC(309)   Other: 0.07ms
[3564.508s][info][gc,heap        ] GC(309) Eden regions: 716->0(717)
[3564.508s][info][gc,heap        ] GC(309) Survivor regions: 52->51(96)
[3564.508s][info][gc,heap        ] GC(309) Old regions: 334->336
[3564.508s][info][gc,heap        ] GC(309) Humongous regions: 32->32
[3564.508s][info][gc,metaspace   ] GC(309) Metaspace: 29955K(30464K)->29955K(30464K) NonClass: 26557K(26816K)->26557K(26816K) Class: 3397K(3648K)->3397K(3648K)
[3564.508s][info][gc             ] GC(309) Pause Young (Normal) (G1 Evacuation Pause) 9043M->3322M(10240M) 163.574ms
[3564.508s][info][gc,cpu         ] GC(309) User=1.28s Sys=0.01s Real=0.17s
........[3572.846s][info][gc,start       ] GC(310) Pause Young (Normal) (G1 Evacuation Pause)
[3572.846s][info][gc,task        ] GC(310) Using 8 workers of 8 for evacuation
[3573.013s][info][gc,phases      ] GC(310)   Pre Evacuate Collection Set: 0.29ms
[3573.013s][info][gc,phases      ] GC(310)   Merge Heap Roots: 0.61ms
[3573.013s][info][gc,phases      ] GC(310)   Evacuate Collection Set: 164.59ms
[3573.013s][info][gc,phases      ] GC(310)   Post Evacuate Collection Set: 1.26ms
[3573.013s][info][gc,phases      ] GC(310)   Other: 0.07ms
[3573.013s][info][gc,heap        ] GC(310) Eden regions: 717->0(717)
[3573.013s][info][gc,heap        ] GC(310) Survivor regions: 51->51(96)
[3573.013s][info][gc,heap        ] GC(310) Old regions: 336->338
[3573.013s][info][gc,heap        ] GC(310) Humongous regions: 32->32
[3573.013s][info][gc,metaspace   ] GC(310) Metaspace: 29955K(30464K)->29955K(30464K) NonClass: 26557K(26816K)->26557K(26816K) Class: 3397K(3648K)->3397K(3648K)
[3573.013s][info][gc             ] GC(310) Pause Young (Normal) (G1 Evacuation Pause) 9058M->3344M(10240M) 166.959ms
[3573.013s][info][gc,cpu         ] GC(310) User=1.32s Sys=0.01s Real=0.16s
.........[3581.357s][info][gc,start       ] GC(311) Pause Young (Normal) (G1 Evacuation Pause)
[3581.357s][info][gc,task        ] GC(311) Using 8 workers of 8 for evacuation
[3581.525s][info][gc,phases      ] GC(311)   Pre Evacuate Collection Set: 0.31ms
[3581.525s][info][gc,phases      ] GC(311)   Merge Heap Roots: 0.57ms
[3581.525s][info][gc,phases      ] GC(311)   Evacuate Collection Set: 165.69ms
[3581.525s][info][gc,phases      ] GC(311)   Post Evacuate Collection Set: 1.28ms
[3581.525s][info][gc,phases      ] GC(311)   Other: 0.08ms
[3581.525s][info][gc,heap        ] GC(311) Eden regions: 717->0(715)
[3581.525s][info][gc,heap        ] GC(311) Survivor regions: 51->53(96)
[3581.525s][info][gc,heap        ] GC(311) Old regions: 338->340
[3581.525s][info][gc,heap        ] GC(311) Humongous regions: 32->32
[3581.525s][info][gc,metaspace   ] GC(311) Metaspace: 29955K(30464K)->29955K(30464K) NonClass: 26557K(26816K)->26557K(26816K) Class: 3397K(3648K)->3397K(3648K)
[3581.525s][info][gc             ] GC(311) Pause Young (Normal) (G1 Evacuation Pause) 9080M->3374M(10240M) 168.060ms
[3581.525s][info][gc,cpu         ] GC(311) User=1.33s Sys=0.00s Real=0.16s
....... (rIR:aIR:PR = 5673:5671:5671) (tPR = 84359) [OK] 
  3587s: Performance info:
         Transaction,    Success,    Partial,     Failed,   Receipts, AvgBarcode, 
             Overall,     340435,          0,          0,     323384,      59.48, 
         Response times:
             Request,    Success,    Partial,     Failed,   SkipFail,     Probes,    Samples,      min,      p50,      p90,      p95,      p99,      max, 
       TotalPurchase,     323384,          0,          0,          0,     317697,     339986,      300,     3900,     6900,     8300,    48000,   330000,
     InStorePurchase,     170170,          0,          0,          0,     167460,     178721,      300,     3900,     6900,     8300,    48000,   330000,
      OnlinePurchase,     119152,          0,          0,          0,     117028,     125396,      400,     3800,     6800,     8200,    48000,   330000,
        InstPurchase,      34062,          0,          0,          0,      33209,      35869,      500,     3900,     7000,     8400,    48000,   330000,
          AssocOfCat,        342,          0,          0,          0,        262,        347,    26000,    37000,    49000,    53600,    92680,   226000,
      AssocOfProduct,       3409,          0,          0,          0,       3193,       3583,      600,     2700,     6800,     8200,    42000,   176000,
      BusinessReport,        852,          0,          0,          0,        745,        893,    28000,    40000,    56000,    64300,   133420,   235000,
          CustBuyBeh,       3417,          0,          0,          0,       3135,       3534,      300,     3600,     6700,     8600,    46950,   330000,
       ProductReturn,       9031,          0,          0,          0,       8605,       9541,      200,     3100,     6400,     7700,    48580,   285000,

  3587s: (42%)   IR =   5812 .[3589.822s][info][gc,start       ] GC(312) Pause Young (Normal) (G1 Evacuation Pause)
[3589.822s][info][gc,task        ] GC(312) Using 8 workers of 8 for evacuation
[3589.986s][info][gc,phases      ] GC(312)   Pre Evacuate Collection Set: 0.29ms
[3589.986s][info][gc,phases      ] GC(312)   Merge Heap Roots: 0.58ms
[3589.986s][info][gc,phases      ] GC(312)   Evacuate Collection Set: 161.52ms
[3589.986s][info][gc,phases      ] GC(312)   Post Evacuate Collection Set: 1.35ms
[3589.986s][info][gc,phases      ] GC(312)   Other: 0.07ms
[3589.986s][info][gc,heap        ] GC(312) Eden regions: 715->0(716)
[3589.986s][info][gc,heap        ] GC(312) Survivor regions: 53->52(96)
[3589.986s][info][gc,heap        ] GC(312) Old regions: 340->343
[3589.986s][info][gc,heap        ] GC(312) Humongous regions: 32->32
[3589.986s][info][gc,metaspace   ] GC(312) Metaspace: 29955K(30464K)->29955K(30464K) NonClass: 26557K(26816K)->26557K(26816K) Class: 3397K(3648K)->3397K(3648K)
[3589.986s][info][gc             ] GC(312) Pause Young (Normal) (G1 Evacuation Pause) 9094M->3385M(10240M) 163.941ms
[3589.986s][info][gc,cpu         ] GC(312) User=1.29s Sys=0.00s Real=0.17s
....|....[3598.145s][info][gc,start       ] GC(313) Pause Young (Normal) (G1 Evacuation Pause)
[3598.145s][info][gc,task        ] GC(313) Using 8 workers of 8 for evacuation
[3598.310s][info][gc,phases      ] GC(313)   Pre Evacuate Collection Set: 0.29ms
[3598.310s][info][gc,phases      ] GC(313)   Merge Heap Roots: 0.57ms
[3598.310s][info][gc,phases      ] GC(313)   Evacuate Collection Set: 162.79ms
[3598.310s][info][gc,phases      ] GC(313)   Post Evacuate Collection Set: 1.27ms
[3598.310s][info][gc,phases      ] GC(313)   Other: 0.07ms
[3598.310s][info][gc,heap        ] GC(313) Eden regions: 716->0(717)
[3598.310s][info][gc,heap        ] GC(313) Survivor regions: 52->51(96)
[3598.310s][info][gc,heap        ] GC(313) Old regions: 343->345
[3598.310s][info][gc,heap        ] GC(313) Humongous regions: 32->32
[3598.310s][info][gc,metaspace   ] GC(313) Metaspace: 29955K(30464K)->29955K(30464K) NonClass: 26557K(26816K)->26557K(26816K) Class: 3397K(3648K)->3397K(3648K)
[3598.310s][info][gc             ] GC(313) Pause Young (Normal) (G1 Evacuation Pause) 9113M->3395M(10240M) 165.122ms
[3598.310s][info][gc,cpu         ] GC(313) User=1.29s Sys=0.01s Real=0.16s
.........[3606.526s][info][gc,start       ] GC(314) Pause Young (Normal) (G1 Evacuation Pause)
[3606.526s][info][gc,task        ] GC(314) Using 8 workers of 8 for evacuation
[3606.691s][info][gc,phases      ] GC(314)   Pre Evacuate Collection Set: 0.30ms
[3606.691s][info][gc,phases      ] GC(314)   Merge Heap Roots: 0.62ms
[3606.691s][info][gc,phases      ] GC(314)   Evacuate Collection Set: 162.72ms
[3606.691s][info][gc,phases      ] GC(314)   Post Evacuate Collection Set: 1.32ms
[3606.691s][info][gc,phases      ] GC(314)   Other: 0.07ms
[3606.691s][info][gc,heap        ] GC(314) Eden regions: 717->0(717)
[3606.691s][info][gc,heap        ] GC(314) Survivor regions: 51->51(96)
[3606.691s][info][gc,heap        ] GC(314) Old regions: 345->347
[3606.691s][info][gc,heap        ] GC(314) Humongous regions: 32->32
[3606.691s][info][gc,metaspace   ] GC(314) Metaspace: 29955K(30464K)->29955K(30464K) NonClass: 26557K(26816K)->26557K(26816K) Class: 3397K(3648K)->3397K(3648K)
[3606.691s][info][gc             ] GC(314) Pause Young (Normal) (G1 Evacuation Pause) 9131M->3417M(10240M) 165.176ms
[3606.691s][info][gc,cpu         ] GC(314) User=1.30s Sys=0.00s Real=0.16s
........[3614.845s][info][gc,start       ] GC(315) Pause Young (Normal) (G1 Evacuation Pause)
[3614.845s][info][gc,task        ] GC(315) Using 8 workers of 8 for evacuation
[3615.013s][info][gc,phases      ] GC(315)   Pre Evacuate Collection Set: 0.28ms
[3615.013s][info][gc,phases      ] GC(315)   Merge Heap Roots: 0.65ms
[3615.013s][info][gc,phases      ] GC(315)   Evacuate Collection Set: 165.65ms
[3615.013s][info][gc,phases      ] GC(315)   Post Evacuate Collection Set: 1.28ms
[3615.013s][info][gc,phases      ] GC(315)   Other: 0.09ms
[3615.013s][info][gc,heap        ] GC(315) Eden regions: 717->0(715)
[3615.013s][info][gc,heap        ] GC(315) Survivor regions: 51->53(96)
[3615.013s][info][gc,heap        ] GC(315) Old regions: 347->350
[3615.013s][info][gc,heap        ] GC(315) Humongous regions: 32->32
[3615.013s][info][gc,metaspace   ] GC(315) Metaspace: 29955K(30464K)->29955K(30464K) NonClass: 26557K(26816K)->26557K(26816K) Class: 3397K(3648K)->3397K(3648K)
[3615.013s][info][gc             ] GC(315) Pause Young (Normal) (G1 Evacuation Pause) 9153M->3448M(10240M) 168.088ms
[3615.013s][info][gc,cpu         ] GC(315) User=1.33s Sys=0.00s Real=0.16s
........[3623.113s][info][gc,start       ] GC(316) Pause Young (Normal) (G1 Evacuation Pause)
[3623.114s][info][gc,task        ] GC(316) Using 8 workers of 8 for evacuation
[3623.279s][info][gc,phases      ] GC(316)   Pre Evacuate Collection Set: 0.31ms
[3623.279s][info][gc,phases      ] GC(316)   Merge Heap Roots: 0.56ms
[3623.279s][info][gc,phases      ] GC(316)   Evacuate Collection Set: 162.89ms
[3623.279s][info][gc,phases      ] GC(316)   Post Evacuate Collection Set: 1.26ms
[3623.279s][info][gc,phases      ] GC(316)   Other: 0.06ms
[3623.279s][info][gc,heap        ] GC(316) Eden regions: 715->0(716)
[3623.279s][info][gc,heap        ] GC(316) Survivor regions: 53->52(96)
[3623.279s][info][gc,heap        ] GC(316) Old regions: 350->352
[3623.279s][info][gc,heap        ] GC(316) Humongous regions: 32->32
[3623.279s][info][gc,metaspace   ] GC(316) Metaspace: 29955K(30464K)->29955K(30464K) NonClass: 26557K(26816K)->26557K(26816K) Class: 3397K(3648K)->3397K(3648K)
[3623.279s][info][gc             ] GC(316) Pause Young (Normal) (G1 Evacuation Pause) 9168M->3461M(10240M) 165.233ms
[3623.279s][info][gc,cpu         ] GC(316) User=1.30s Sys=0.00s Real=0.17s
.........[3631.475s][info][gc,start       ] GC(317) Pause Young (Normal) (G1 Evacuation Pause)
[3631.475s][info][gc,task        ] GC(317) Using 8 workers of 8 for evacuation
[3631.639s][info][gc,phases      ] GC(317)   Pre Evacuate Collection Set: 0.28ms
[3631.639s][info][gc,phases      ] GC(317)   Merge Heap Roots: 0.63ms
[3631.639s][info][gc,phases      ] GC(317)   Evacuate Collection Set: 161.14ms
[3631.639s][info][gc,phases      ] GC(317)   Post Evacuate Collection Set: 1.29ms
[3631.639s][info][gc,phases      ] GC(317)   Other: 0.07ms
[3631.639s][info][gc,heap        ] GC(317) Eden regions: 716->0(717)
[3631.639s][info][gc,heap        ] GC(317) Survivor regions: 52->51(96)
[3631.639s][info][gc,heap        ] GC(317) Old regions: 352->354
[3631.639s][info][gc,heap        ] GC(317) Humongous regions: 32->32
[3631.639s][info][gc,metaspace   ] GC(317) Metaspace: 29955K(30464K)->29955K(30464K) NonClass: 26557K(26816K)->26557K(26816K) Class: 3397K(3648K)->3397K(3648K)
[3631.639s][info][gc             ] GC(317) Pause Young (Normal) (G1 Evacuation Pause) 9189M->3467M(10240M) 163.555ms
[3631.639s][info][gc,cpu         ] GC(317) User=1.29s Sys=0.00s Real=0.16s
........[3639.813s][info][gc,start       ] GC(318) Pause Young (Normal) (G1 Evacuation Pause)
[3639.813s][info][gc,task        ] GC(318) Using 8 workers of 8 for evacuation
[3639.984s][info][gc,phases      ] GC(318)   Pre Evacuate Collection Set: 0.30ms
[3639.984s][info][gc,phases      ] GC(318)   Merge Heap Roots: 0.60ms
[3639.984s][info][gc,phases      ] GC(318)   Evacuate Collection Set: 168.58ms
[3639.984s][info][gc,phases      ] GC(318)   Post Evacuate Collection Set: 1.27ms
[3639.984s][info][gc,phases      ] GC(318)   Other: 0.06ms
[3639.984s][info][gc,heap        ] GC(318) Eden regions: 717->0(715)
[3639.984s][info][gc,heap        ] GC(318) Survivor regions: 51->53(96)
[3639.984s][info][gc,heap        ] GC(318) Old regions: 354->356
[3639.984s][info][gc,heap        ] GC(318) Humongous regions: 32->32
[3639.984s][info][gc,metaspace   ] GC(318) Metaspace: 29955K(30464K)->29955K(30464K) NonClass: 26557K(26816K)->26557K(26816K) Class: 3397K(3648K)->3397K(3648K)
[3639.984s][info][gc             ] GC(318) Pause Young (Normal) (G1 Evacuation Pause) 9203M->3502M(10240M) 170.945ms
[3639.984s][info][gc,cpu         ] GC(318) User=1.35s Sys=0.01s Real=0.17s
........[3648.083s][info][gc,start       ] GC(319) Pause Young (Normal) (G1 Evacuation Pause)
[3648.083s][info][gc,task        ] GC(319) Using 8 workers of 8 for evacuation
[3648.248s][info][gc,phases      ] GC(319)   Pre Evacuate Collection Set: 0.30ms
[3648.248s][info][gc,phases      ] GC(319)   Merge Heap Roots: 0.58ms
[3648.248s][info][gc,phases      ] GC(319)   Evacuate Collection Set: 162.90ms
[3648.248s][info][gc,phases      ] GC(319)   Post Evacuate Collection Set: 1.26ms
[3648.248s][info][gc,phases      ] GC(319)   Other: 0.08ms
[3648.248s][info][gc,heap        ] GC(319) Eden regions: 715->0(717)
[3648.248s][info][gc,heap        ] GC(319) Survivor regions: 53->51(96)
[3648.248s][info][gc,heap        ] GC(319) Old regions: 356->359
[3648.248s][info][gc,heap        ] GC(319) Humongous regions: 32->32
[3648.248s][info][gc,metaspace   ] GC(319) Metaspace: 29955K(30464K)->29955K(30464K) NonClass: 26557K(26816K)->26557K(26816K) Class: 3397K(3648K)->3397K(3648K)
[3648.248s][info][gc             ] GC(319) Pause Young (Normal) (G1 Evacuation Pause) 9222M->3507M(10240M) 165.244ms
[3648.248s][info][gc,cpu         ] GC(319) User=1.30s Sys=0.01s Real=0.17s
...... (rIR:aIR:PR = 5812:5811:5811) (tPR = 86146) [OK] 
  3653s: Performance info:
         Transaction,    Success,    Partial,     Failed,   Receipts, AvgBarcode, 
             Overall,     349552,          0,          0,     332075,      59.47, 
         Response times:
             Request,    Success,    Partial,     Failed,   SkipFail,     Probes,    Samples,      min,      p50,      p90,      p95,      p99,      max, 
       TotalPurchase,     332075,          0,          0,          0,     325308,     354260,      300,     3900,     7100,     8700,    57000,   392000,
     InStorePurchase,     174757,          0,          0,          0,     171591,     186576,      400,     3900,     7100,     8700,    57000,   392000,
      OnlinePurchase,     122395,          0,          0,          0,     119850,     130484,      300,     4000,     7100,     8700,    57000,   392000,
        InstPurchase,      34923,          0,          0,          0,      33867,      37200,      500,     3800,     7200,     8900,    52000,   285000,
          AssocOfCat,        346,          0,          0,          0,        276,        386,    26000,    37000,    52000,    58650,   113520,   124000,
      AssocOfProduct,       3500,          0,          0,          0,       3228,       3702,      400,     3200,     7400,     8800,    41000,   174000,
      BusinessReport,        874,          0,          0,          0,        770,        960,    30000,    41000,    58000,    68950,   134170,   226000,
          CustBuyBeh,       3492,          0,          0,          0,       3276,       3790,      200,     3500,     7100,     9145,    42090,   177000,
       ProductReturn,       9265,          0,          0,          0,       8909,       9945,      200,     3800,     6900,     8700,    59000,   217000,

  3653s: (43%)   IR =   5950 ...[3656.449s][info][gc,start       ] GC(320) Pause Young (Normal) (G1 Evacuation Pause)
[3656.449s][info][gc,task        ] GC(320) Using 8 workers of 8 for evacuation
[3656.614s][info][gc,phases      ] GC(320)   Pre Evacuate Collection Set: 0.30ms
[3656.614s][info][gc,phases      ] GC(320)   Merge Heap Roots: 0.63ms
[3656.614s][info][gc,phases      ] GC(320)   Evacuate Collection Set: 162.55ms
[3656.614s][info][gc,phases      ] GC(320)   Post Evacuate Collection Set: 1.32ms
[3656.614s][info][gc,phases      ] GC(320)   Other: 0.07ms
[3656.614s][info][gc,heap        ] GC(320) Eden regions: 717->0(716)
[3656.614s][info][gc,heap        ] GC(320) Survivor regions: 51->52(96)
[3656.614s][info][gc,heap        ] GC(320) Old regions: 359->361
[3656.614s][info][gc,heap        ] GC(320) Humongous regions: 32->32
[3656.614s][info][gc,metaspace   ] GC(320) Metaspace: 29955K(30464K)->29955K(30464K) NonClass: 26557K(26816K)->26557K(26816K) Class: 3397K(3648K)->3397K(3648K)
[3656.614s][info][gc             ] GC(320) Pause Young (Normal) (G1 Evacuation Pause) 9243M->3529M(10240M) 164.993ms
[3656.614s][info][gc,cpu         ] GC(320) User=1.30s Sys=0.00s Real=0.16s
..|......[3664.511s][info][gc,start       ] GC(321) Pause Young (Normal) (G1 Evacuation Pause)
[3664.511s][info][gc,task        ] GC(321) Using 8 workers of 8 for evacuation
[3664.676s][info][gc,phases      ] GC(321)   Pre Evacuate Collection Set: 0.29ms
[3664.676s][info][gc,phases      ] GC(321)   Merge Heap Roots: 0.64ms
[3664.676s][info][gc,phases      ] GC(321)   Evacuate Collection Set: 163.31ms
[3664.676s][info][gc,phases      ] GC(321)   Post Evacuate Collection Set: 1.26ms
[3664.676s][info][gc,phases      ] GC(321)   Other: 0.07ms
[3664.676s][info][gc,heap        ] GC(321) Eden regions: 716->0(717)
[3664.676s][info][gc,heap        ] GC(321) Survivor regions: 52->51(96)
[3664.676s][info][gc,heap        ] GC(321) Old regions: 361->363
[3664.676s][info][gc,heap        ] GC(321) Humongous regions: 32->32
[3664.676s][info][gc,metaspace   ] GC(321) Metaspace: 29955K(30464K)->29955K(30464K) NonClass: 26557K(26816K)->26557K(26816K) Class: 3397K(3648K)->3397K(3648K)
[3664.676s][info][gc             ] GC(321) Pause Young (Normal) (G1 Evacuation Pause) 9257M->3543M(10240M) 165.710ms
[3664.676s][info][gc,cpu         ] GC(321) User=1.30s Sys=0.00s Real=0.17s
........[3672.672s][info][gc,start       ] GC(322) Pause Young (Normal) (G1 Evacuation Pause)
[3672.672s][info][gc,task        ] GC(322) Using 8 workers of 8 for evacuation
[3672.837s][info][gc,phases      ] GC(322)   Pre Evacuate Collection Set: 0.29ms
[3672.837s][info][gc,phases      ] GC(322)   Merge Heap Roots: 0.58ms
[3672.837s][info][gc,phases      ] GC(322)   Evacuate Collection Set: 162.03ms
[3672.837s][info][gc,phases      ] GC(322)   Post Evacuate Collection Set: 1.28ms
[3672.837s][info][gc,phases      ] GC(322)   Other: 0.08ms
[3672.837s][info][gc,heap        ] GC(322) Eden regions: 717->0(717)
[3672.837s][info][gc,heap        ] GC(322) Survivor regions: 51->51(96)
[3672.837s][info][gc,heap        ] GC(322) Old regions: 363->365
[3672.837s][info][gc,heap        ] GC(322) Humongous regions: 32->32
[3672.837s][info][gc,metaspace   ] GC(322) Metaspace: 29955K(30464K)->29955K(30464K) NonClass: 26557K(26816K)->26557K(26816K) Class: 3397K(3648K)->3397K(3648K)
[3672.837s][info][gc             ] GC(322) Pause Young (Normal) (G1 Evacuation Pause) 9279M->3557M(10240M) 164.376ms
[3672.837s][info][gc,cpu         ] GC(322) User=1.29s Sys=0.00s Real=0.17s
........[3680.731s][info][gc,start       ] GC(323) Pause Young (Normal) (G1 Evacuation Pause)
[3680.731s][info][gc,task        ] GC(323) Using 8 workers of 8 for evacuation
[3680.896s][info][gc,phases      ] GC(323)   Pre Evacuate Collection Set: 0.31ms
[3680.896s][info][gc,phases      ] GC(323)   Merge Heap Roots: 0.65ms
[3680.896s][info][gc,phases      ] GC(323)   Evacuate Collection Set: 162.44ms
[3680.896s][info][gc,phases      ] GC(323)   Post Evacuate Collection Set: 1.23ms
[3680.896s][info][gc,phases      ] GC(323)   Other: 0.07ms
[3680.896s][info][gc,heap        ] GC(323) Eden regions: 717->0(714)
[3680.896s][info][gc,heap        ] GC(323) Survivor regions: 51->51(96)
[3680.896s][info][gc,heap        ] GC(323) Old regions: 365->368
[3680.896s][info][gc,heap        ] GC(323) Humongous regions: 32->32
[3680.896s][info][gc,metaspace   ] GC(323) Metaspace: 29955K(30464K)->29955K(30464K) NonClass: 26557K(26816K)->26557K(26816K) Class: 3397K(3648K)->3397K(3648K)
[3680.896s][info][gc             ] GC(323) Pause Young (Normal) (G1 Evacuation Pause) 9293M->3581M(10240M) 164.820ms
[3680.896s][info][gc,cpu         ] GC(323) User=1.30s Sys=0.01s Real=0.17s
........[3688.856s][info][gc,start       ] GC(324) Pause Young (Normal) (G1 Evacuation Pause)
[3688.856s][info][gc,task        ] GC(324) Using 8 workers of 8 for evacuation
[3689.023s][info][gc,phases      ] GC(324)   Pre Evacuate Collection Set: 0.29ms
[3689.023s][info][gc,phases      ] GC(324)   Merge Heap Roots: 0.62ms
[3689.023s][info][gc,phases      ] GC(324)   Evacuate Collection Set: 164.61ms
[3689.023s][info][gc,phases      ] GC(324)   Post Evacuate Collection Set: 1.30ms
[3689.023s][info][gc,phases      ] GC(324)   Other: 0.07ms
[3689.023s][info][gc,heap        ] GC(324) Eden regions: 714->0(710)
[3689.023s][info][gc,heap        ] GC(324) Survivor regions: 51->52(96)
[3689.023s][info][gc,heap        ] GC(324) Old regions: 368->370
[3689.023s][info][gc,heap        ] GC(324) Humongous regions: 32->32
[3689.023s][info][gc,metaspace   ] GC(324) Metaspace: 29955K(30464K)->29955K(30464K) NonClass: 26557K(26816K)->26557K(26816K) Class: 3397K(3648K)->3397K(3648K)
[3689.023s][info][gc             ] GC(324) Pause Young (Normal) (G1 Evacuation Pause) 9293M->3603M(10240M) 167.017ms
[3689.023s][info][gc,cpu         ] GC(324) User=1.32s Sys=0.00s Real=0.16s
........[3696.923s][info][gc,start       ] GC(325) Pause Young (Normal) (G1 Evacuation Pause)
[3696.923s][info][gc,task        ] GC(325) Using 8 workers of 8 for evacuation
[3697.090s][info][gc,phases      ] GC(325)   Pre Evacuate Collection Set: 0.30ms
[3697.090s][info][gc,phases      ] GC(325)   Merge Heap Roots: 0.61ms
[3697.090s][info][gc,phases      ] GC(325)   Evacuate Collection Set: 164.61ms
[3697.090s][info][gc,phases      ] GC(325)   Post Evacuate Collection Set: 1.24ms
[3697.090s][info][gc,phases      ] GC(325)   Other: 0.07ms
[3697.090s][info][gc,heap        ] GC(325) Eden regions: 710->0(708)
[3697.090s][info][gc,heap        ] GC(325) Survivor regions: 52->52(96)
[3697.090s][info][gc,heap        ] GC(325) Old regions: 370->372
[3697.090s][info][gc,heap        ] GC(325) Humongous regions: 32->32
[3697.090s][info][gc,metaspace   ] GC(325) Metaspace: 29955K(30464K)->29955K(30464K) NonClass: 26557K(26816K)->26557K(26816K) Class: 3397K(3648K)->3397K(3648K)
[3697.090s][info][gc             ] GC(325) Pause Young (Normal) (G1 Evacuation Pause) 9283M->3622M(10240M) 166.967ms
[3697.090s][info][gc,cpu         ] GC(325) User=1.31s Sys=0.00s Real=0.17s
........[3705.004s][info][gc,start       ] GC(326) Pause Young (Normal) (G1 Evacuation Pause)
[3705.004s][info][gc,task        ] GC(326) Using 8 workers of 8 for evacuation
[3705.171s][info][gc,phases      ] GC(326)   Pre Evacuate Collection Set: 0.28ms
[3705.171s][info][gc,phases      ] GC(326)   Merge Heap Roots: 0.61ms
[3705.171s][info][gc,phases      ] GC(326)   Evacuate Collection Set: 164.82ms
[3705.171s][info][gc,phases      ] GC(326)   Post Evacuate Collection Set: 1.24ms
[3705.171s][info][gc,phases      ] GC(326)   Other: 0.07ms
[3705.171s][info][gc,heap        ] GC(326) Eden regions: 708->0(705)
[3705.171s][info][gc,heap        ] GC(326) Survivor regions: 52->52(95)
[3705.171s][info][gc,heap        ] GC(326) Old regions: 372->375
[3705.171s][info][gc,heap        ] GC(326) Humongous regions: 32->32
[3705.171s][info][gc,metaspace   ] GC(326) Metaspace: 29955K(30464K)->29955K(30464K) NonClass: 26557K(26816K)->26557K(26816K) Class: 3397K(3648K)->3397K(3648K)
[3705.171s][info][gc             ] GC(326) Pause Young (Normal) (G1 Evacuation Pause) 9286M->3641M(10240M) 167.147ms
[3705.171s][info][gc,cpu         ] GC(326) User=1.32s Sys=0.00s Real=0.17s
........[3712.950s][info][gc,start       ] GC(327) Pause Young (Normal) (G1 Evacuation Pause)
[3712.950s][info][gc,task        ] GC(327) Using 8 workers of 8 for evacuation
[3713.116s][info][gc,phases      ] GC(327)   Pre Evacuate Collection Set: 0.29ms
[3713.116s][info][gc,phases      ] GC(327)   Merge Heap Roots: 0.57ms
[3713.116s][info][gc,phases      ] GC(327)   Evacuate Collection Set: 163.43ms
[3713.116s][info][gc,phases      ] GC(327)   Post Evacuate Collection Set: 1.24ms
[3713.116s][info][gc,phases      ] GC(327)   Other: 0.07ms
[3713.116s][info][gc,heap        ] GC(327) Eden regions: 705->0(703)
[3713.116s][info][gc,heap        ] GC(327) Survivor regions: 52->52(95)
[3713.116s][info][gc,heap        ] GC(327) Old regions: 375->377
[3713.116s][info][gc,heap        ] GC(327) Humongous regions: 32->32
[3713.116s][info][gc,metaspace   ] GC(327) Metaspace: 29955K(30464K)->29955K(30464K) NonClass: 26557K(26816K)->26557K(26816K) Class: 3397K(3648K)->3397K(3648K)
[3713.116s][info][gc             ] GC(327) Pause Young (Normal) (G1 Evacuation Pause) 9281M->3663M(10240M) 165.735ms
[3713.116s][info][gc,cpu         ] GC(327) User=1.31s Sys=0.00s Real=0.17s
...... (rIR:aIR:PR = 5950:5946:5946) (tPR = 88481) [OK] 
  3718s: Performance info:
         Transaction,    Success,    Partial,     Failed,   Receipts, AvgBarcode, 
             Overall,     356980,          0,          0,     339119,      59.47, 
         Response times:
             Request,    Success,    Partial,     Failed,   SkipFail,     Probes,    Samples,      min,      p50,      p90,      p95,      p99,      max, 
       TotalPurchase,     339119,          0,          0,          0,     332939,     361879,      400,     4000,     7400,     9200,    67000,   361000,
     InStorePurchase,     178506,          0,          0,          0,     175370,     190240,      400,     4000,     7300,     9200,    67000,   361000,
      OnlinePurchase,     124987,          0,          0,          0,     122869,     133496,      400,     4200,     7400,     9300,    67000,   359000,
        InstPurchase,      35626,          0,          0,          0,      34700,      38143,      400,     3800,     7400,     9300,    66000,   359000,
          AssocOfCat,        362,          0,          0,          0,        282,        393,    26000,    37000,    52000,    57300,    97960,   141000,
      AssocOfProduct,       3562,          0,          0,          0,       3275,       3768,      500,     3900,     7200,     9155,    72240,   190000,
      BusinessReport,        896,          0,          0,          0,        776,        980,    30000,    42000,    59000,    77900,   131140,   207000,
          CustBuyBeh,       3576,          0,          0,          0,       3314,       3773,      300,     4100,     7400,     9200,    61780,   177000,
       ProductReturn,       9465,          0,          0,          0,       9047,      10189,      200,     3700,     7300,     9400,    67000,   217000,

  3718s: (44%)   IR =   6088 ..[3720.889s][info][gc,start       ] GC(328) Pause Young (Normal) (G1 Evacuation Pause)
[3720.889s][info][gc,task        ] GC(328) Using 8 workers of 8 for evacuation
[3721.056s][info][gc,phases      ] GC(328)   Pre Evacuate Collection Set: 0.30ms
[3721.056s][info][gc,phases      ] GC(328)   Merge Heap Roots: 0.65ms
[3721.056s][info][gc,phases      ] GC(328)   Evacuate Collection Set: 165.47ms
[3721.056s][info][gc,phases      ] GC(328)   Post Evacuate Collection Set: 1.28ms
[3721.056s][info][gc,phases      ] GC(328)   Other: 0.07ms
[3721.056s][info][gc,heap        ] GC(328) Eden regions: 703->0(703)
[3721.056s][info][gc,heap        ] GC(328) Survivor regions: 52->51(95)
[3721.056s][info][gc,heap        ] GC(328) Old regions: 377->379
[3721.056s][info][gc,heap        ] GC(328) Humongous regions: 32->32
[3721.056s][info][gc,metaspace   ] GC(328) Metaspace: 29955K(30464K)->29955K(30464K) NonClass: 26557K(26816K)->26557K(26816K) Class: 3397K(3648K)->3397K(3648K)
[3721.057s][info][gc             ] GC(328) Pause Young (Normal) (G1 Evacuation Pause) 9287M->3671M(10240M) 167.929ms
[3721.057s][info][gc,cpu         ] GC(328) User=1.32s Sys=0.00s Real=0.17s
.....|...[3728.676s][info][gc,start       ] GC(329) Pause Young (Normal) (G1 Evacuation Pause)
[3728.676s][info][gc,task        ] GC(329) Using 8 workers of 8 for evacuation
[3728.842s][info][gc,phases      ] GC(329)   Pre Evacuate Collection Set: 0.32ms
[3728.842s][info][gc,phases      ] GC(329)   Merge Heap Roots: 0.66ms
[3728.842s][info][gc,phases      ] GC(329)   Evacuate Collection Set: 164.08ms
[3728.842s][info][gc,phases      ] GC(329)   Post Evacuate Collection Set: 1.24ms
[3728.842s][info][gc,phases      ] GC(329)   Other: 0.07ms
[3728.842s][info][gc,heap        ] GC(329) Eden regions: 703->0(698)
[3728.842s][info][gc,heap        ] GC(329) Survivor regions: 51->52(95)
[3728.842s][info][gc,heap        ] GC(329) Old regions: 379->382
[3728.842s][info][gc,heap        ] GC(329) Humongous regions: 32->32
[3728.842s][info][gc,metaspace   ] GC(329) Metaspace: 29955K(30464K)->29955K(30464K) NonClass: 26557K(26816K)->26557K(26816K) Class: 3397K(3648K)->3397K(3648K)
[3728.842s][info][gc             ] GC(329) Pause Young (Normal) (G1 Evacuation Pause) 9295M->3698M(10240M) 166.509ms
[3728.842s][info][gc,cpu         ] GC(329) User=1.31s Sys=0.00s Real=0.16s
.......[3736.454s][info][gc,start       ] GC(330) Pause Young (Normal) (G1 Evacuation Pause)
[3736.454s][info][gc,task        ] GC(330) Using 8 workers of 8 for evacuation
[3736.622s][info][gc,phases      ] GC(330)   Pre Evacuate Collection Set: 0.30ms
[3736.622s][info][gc,phases      ] GC(330)   Merge Heap Roots: 0.59ms
[3736.622s][info][gc,phases      ] GC(330)   Evacuate Collection Set: 165.38ms
[3736.622s][info][gc,phases      ] GC(330)   Post Evacuate Collection Set: 1.30ms
[3736.622s][info][gc,phases      ] GC(330)   Other: 0.07ms
[3736.622s][info][gc,heap        ] GC(330) Eden regions: 698->0(698)
[3736.622s][info][gc,heap        ] GC(330) Survivor regions: 52->51(94)
[3736.622s][info][gc,heap        ] GC(330) Old regions: 382->384
[3736.622s][info][gc,heap        ] GC(330) Humongous regions: 32->32
[3736.622s][info][gc,metaspace   ] GC(330) Metaspace: 29955K(30464K)->29955K(30464K) NonClass: 26557K(26816K)->26557K(26816K) Class: 3397K(3648K)->3397K(3648K)
[3736.622s][info][gc             ] GC(330) Pause Young (Normal) (G1 Evacuation Pause) 9282M->3713M(10240M) 167.771ms
[3736.622s][info][gc,cpu         ] GC(330) User=1.31s Sys=0.00s Real=0.17s
........[3744.098s][info][gc,start       ] GC(331) Pause Young (Normal) (G1 Evacuation Pause)
[3744.098s][info][gc,task        ] GC(331) Using 8 workers of 8 for evacuation
[3744.264s][info][gc,phases      ] GC(331)   Pre Evacuate Collection Set: 0.30ms
[3744.264s][info][gc,phases      ] GC(331)   Merge Heap Roots: 0.61ms
[3744.264s][info][gc,phases      ] GC(331)   Evacuate Collection Set: 163.30ms
[3744.264s][info][gc,phases      ] GC(331)   Post Evacuate Collection Set: 1.27ms
[3744.264s][info][gc,phases      ] GC(331)   Other: 0.07ms
[3744.264s][info][gc,heap        ] GC(331) Eden regions: 698->0(695)
[3744.264s][info][gc,heap        ] GC(331) Survivor regions: 51->51(94)
[3744.264s][info][gc,heap        ] GC(331) Old regions: 384->387
[3744.264s][info][gc,heap        ] GC(331) Humongous regions: 32->32
[3744.264s][info][gc,metaspace   ] GC(331) Metaspace: 29955K(30464K)->29955K(30464K) NonClass: 26557K(26816K)->26557K(26816K) Class: 3397K(3648K)->3397K(3648K)
[3744.264s][info][gc             ] GC(331) Pause Young (Normal) (G1 Evacuation Pause) 9297M->3733M(10240M) 165.697ms
[3744.264s][info][gc,cpu         ] GC(331) User=1.30s Sys=0.00s Real=0.16s
........[3751.796s][info][gc,start       ] GC(332) Pause Young (Normal) (G1 Evacuation Pause)
[3751.796s][info][gc,task        ] GC(332) Using 8 workers of 8 for evacuation
[3751.963s][info][gc,phases      ] GC(332)   Pre Evacuate Collection Set: 0.27ms
[3751.963s][info][gc,phases      ] GC(332)   Merge Heap Roots: 0.61ms
[3751.963s][info][gc,phases      ] GC(332)   Evacuate Collection Set: 165.29ms
[3751.963s][info][gc,phases      ] GC(332)   Post Evacuate Collection Set: 1.23ms
[3751.963s][info][gc,phases      ] GC(332)   Other: 0.08ms
[3751.963s][info][gc,heap        ] GC(332) Eden regions: 695->0(691)
[3751.963s][info][gc,heap        ] GC(332) Survivor regions: 51->52(94)
[3751.963s][info][gc,heap        ] GC(332) Old regions: 387->389
[3751.963s][info][gc,heap        ] GC(332) Humongous regions: 32->32
[3751.963s][info][gc,metaspace   ] GC(332) Metaspace: 29955K(30464K)->29955K(30464K) NonClass: 26557K(26816K)->26557K(26816K) Class: 3397K(3648K)->3397K(3648K)
[3751.963s][info][gc             ] GC(332) Pause Young (Normal) (G1 Evacuation Pause) 9293M->3756M(10240M) 167.622ms
[3751.963s][info][gc,cpu         ] GC(332) User=1.32s Sys=0.00s Real=0.16s
.......[3759.477s][info][gc,start       ] GC(333) Pause Young (Normal) (G1 Evacuation Pause)
[3759.477s][info][gc,task        ] GC(333) Using 8 workers of 8 for evacuation
[3759.640s][info][gc,phases      ] GC(333)   Pre Evacuate Collection Set: 0.29ms
[3759.640s][info][gc,phases      ] GC(333)   Merge Heap Roots: 0.65ms
[3759.640s][info][gc,phases      ] GC(333)   Evacuate Collection Set: 160.34ms
[3759.640s][info][gc,phases      ] GC(333)   Post Evacuate Collection Set: 1.21ms
[3759.640s][info][gc,phases      ] GC(333)   Other: 0.06ms
[3759.640s][info][gc,heap        ] GC(333) Eden regions: 691->0(690)
[3759.640s][info][gc,heap        ] GC(333) Survivor regions: 52->51(93)
[3759.640s][info][gc,heap        ] GC(333) Old regions: 389->392
[3759.640s][info][gc,heap        ] GC(333) Humongous regions: 32->32
[3759.640s][info][gc,metaspace   ] GC(333) Metaspace: 29955K(30464K)->29955K(30464K) NonClass: 26557K(26816K)->26557K(26816K) Class: 3397K(3648K)->3397K(3648K)
[3759.640s][info][gc             ] GC(333) Pause Young (Normal) (G1 Evacuation Pause) 9284M->3772M(10240M) 162.700ms
[3759.640s][info][gc,cpu         ] GC(333) User=1.28s Sys=0.00s Real=0.16s
........[3767.098s][info][gc,start       ] GC(334) Pause Young (Normal) (G1 Evacuation Pause)
[3767.098s][info][gc,task        ] GC(334) Using 8 workers of 8 for evacuation
[3767.263s][info][gc,phases      ] GC(334)   Pre Evacuate Collection Set: 0.30ms
[3767.263s][info][gc,phases      ] GC(334)   Merge Heap Roots: 0.58ms
[3767.263s][info][gc,phases      ] GC(334)   Evacuate Collection Set: 163.20ms
[3767.263s][info][gc,phases      ] GC(334)   Post Evacuate Collection Set: 1.27ms
[3767.263s][info][gc,phases      ] GC(334)   Other: 0.07ms
[3767.263s][info][gc,heap        ] GC(334) Eden regions: 690->0(686)
[3767.263s][info][gc,heap        ] GC(334) Survivor regions: 51->52(93)
[3767.263s][info][gc,heap        ] GC(334) Old regions: 392->394
[3767.263s][info][gc,heap        ] GC(334) Humongous regions: 32->32
[3767.263s][info][gc,metaspace   ] GC(334) Metaspace: 29955K(30464K)->29955K(30464K) NonClass: 26557K(26816K)->26557K(26816K) Class: 3397K(3648K)->3397K(3648K)
[3767.263s][info][gc             ] GC(334) Pause Young (Normal) (G1 Evacuation Pause) 9292M->3796M(10240M) 165.540ms
[3767.263s][info][gc,cpu         ] GC(334) User=1.30s Sys=0.00s Real=0.16s
........[3774.678s][info][gc,start       ] GC(335) Pause Young (Normal) (G1 Evacuation Pause)
[3774.678s][info][gc,task        ] GC(335) Using 8 workers of 8 for evacuation
[3774.841s][info][gc,phases      ] GC(335)   Pre Evacuate Collection Set: 0.29ms
[3774.841s][info][gc,phases      ] GC(335)   Merge Heap Roots: 0.55ms
[3774.841s][info][gc,phases      ] GC(335)   Evacuate Collection Set: 161.02ms
[3774.841s][info][gc,phases      ] GC(335)   Post Evacuate Collection Set: 1.21ms
[3774.841s][info][gc,phases      ] GC(335)   Other: 0.06ms
[3774.841s][info][gc,heap        ] GC(335) Eden regions: 686->0(685)
[3774.841s][info][gc,heap        ] GC(335) Survivor regions: 52->51(93)
[3774.841s][info][gc,heap        ] GC(335) Old regions: 394->397
[3774.841s][info][gc,heap        ] GC(335) Humongous regions: 32->32
[3774.842s][info][gc,metaspace   ] GC(335) Metaspace: 29955K(30464K)->29955K(30464K) NonClass: 26557K(26816K)->26557K(26816K) Class: 3397K(3648K)->3397K(3648K)
[3774.842s][info][gc             ] GC(335) Pause Young (Normal) (G1 Evacuation Pause) 9284M->3807M(10240M) 163.298ms
[3774.842s][info][gc,cpu         ] GC(335) User=1.29s Sys=0.00s Real=0.16s
.......[3782.297s][info][gc,start       ] GC(336) Pause Young (Normal) (G1 Evacuation Pause)
[3782.297s][info][gc,task        ] GC(336) Using 8 workers of 8 for evacuation
[3782.460s][info][gc,phases      ] GC(336)   Pre Evacuate Collection Set: 0.30ms
[3782.460s][info][gc,phases      ] GC(336)   Merge Heap Roots: 0.65ms
[3782.460s][info][gc,phases      ] GC(336)   Evacuate Collection Set: 160.85ms
[3782.460s][info][gc,phases      ] GC(336)   Post Evacuate Collection Set: 1.25ms
[3782.460s][info][gc,phases      ] GC(336)   Other: 0.08ms
[3782.460s][info][gc,heap        ] GC(336) Eden regions: 685->0(683)
[3782.460s][info][gc,heap        ] GC(336) Survivor regions: 51->51(92)
[3782.460s][info][gc,heap        ] GC(336) Old regions: 397->399
[3782.460s][info][gc,heap        ] GC(336) Humongous regions: 32->32
[3782.460s][info][gc,metaspace   ] GC(336) Metaspace: 29955K(30464K)->29955K(30464K) NonClass: 26557K(26816K)->26557K(26816K) Class: 3397K(3648K)->3397K(3648K)
[3782.460s][info][gc             ] GC(336) Pause Young (Normal) (G1 Evacuation Pause) 9287M->3832M(10240M) 163.268ms
[3782.460s][info][gc,cpu         ] GC(336) User=1.28s Sys=0.01s Real=0.16s
.... (rIR:aIR:PR = 6088:6089:6089) (tPR = 90601) [OK] 
  3785s: Performance info:
         Transaction,    Success,    Partial,     Failed,   Receipts, AvgBarcode, 
             Overall,     366230,          0,          0,     347905,      59.48, 
         Response times:
             Request,    Success,    Partial,     Failed,   SkipFail,     Probes,    Samples,      min,      p50,      p90,      p95,      p99,      max, 
       TotalPurchase,     347905,          0,          0,          0,     340473,     382992,      400,     4100,     7400,     9200,    51000,   287000,
     InStorePurchase,     183056,          0,          0,          0,     179457,     201534,      400,     4000,     7400,     9100,    51000,   286000,
      OnlinePurchase,     128201,          0,          0,          0,     125561,     141261,      400,     4000,     7500,     9200,    49000,   287000,
        InstPurchase,      36648,          0,          0,          0,      35455,      40197,      400,     4400,     7500,     9200,    56000,   265000,
          AssocOfCat,        369,          0,          0,          0,        300,        402,    25000,    38000,    52000,    55000,   134800,   229000,
      AssocOfProduct,       3656,          0,          0,          0,       3346,       3913,      800,     5300,     8060,     9900,    60000,   189000,
      BusinessReport,        916,          0,          0,          0,        830,       1036,    30000,    42000,    57000,    65000,   131000,   237000,
          CustBuyBeh,       3662,          0,          0,          0,       3375,       4007,      200,     3000,     7000,     8100,    41000,   174000,
       ProductReturn,       9722,          0,          0,          0,       9209,      10713,      200,     3700,     7300,     9000,    54000,   286000,

  3785s: (45%)   IR =   6227 ....[3789.836s][info][gc,start       ] GC(337) Pause Young (Normal) (G1 Evacuation Pause)
[3789.836s][info][gc,task        ] GC(337) Using 8 workers of 8 for evacuation
[3790.000s][info][gc,phases      ] GC(337)   Pre Evacuate Collection Set: 0.32ms
[3790.000s][info][gc,phases      ] GC(337)   Merge Heap Roots: 0.61ms
[3790.000s][info][gc,phases      ] GC(337)   Evacuate Collection Set: 161.93ms
[3790.000s][info][gc,phases      ] GC(337)   Post Evacuate Collection Set: 1.25ms
[3790.000s][info][gc,phases      ] GC(337)   Other: 0.07ms
[3790.000s][info][gc,heap        ] GC(337) Eden regions: 683->0(679)
[3790.000s][info][gc,heap        ] GC(337) Survivor regions: 51->52(92)
[3790.000s][info][gc,heap        ] GC(337) Old regions: 399->401
[3790.000s][info][gc,heap        ] GC(337) Humongous regions: 32->32
[3790.000s][info][gc,metaspace   ] GC(337) Metaspace: 29955K(30464K)->29955K(30464K) NonClass: 26557K(26816K)->26557K(26816K) Class: 3397K(3648K)->3397K(3648K)
[3790.000s][info][gc             ] GC(337) Pause Young (Normal) (G1 Evacuation Pause) 9296M->3855M(10240M) 164.334ms
[3790.000s][info][gc,cpu         ] GC(337) User=1.29s Sys=0.00s Real=0.16s
..|.....[3797.174s][info][gc,start       ] GC(338) Pause Young (Normal) (G1 Evacuation Pause)
[3797.174s][info][gc,task        ] GC(338) Using 8 workers of 8 for evacuation
[3797.340s][info][gc,phases      ] GC(338)   Pre Evacuate Collection Set: 0.28ms
[3797.340s][info][gc,phases      ] GC(338)   Merge Heap Roots: 0.64ms
[3797.340s][info][gc,phases      ] GC(338)   Evacuate Collection Set: 163.38ms
[3797.340s][info][gc,phases      ] GC(338)   Post Evacuate Collection Set: 1.26ms
[3797.340s][info][gc,phases      ] GC(338)   Other: 0.07ms
[3797.340s][info][gc,heap        ] GC(338) Eden regions: 679->0(678)
[3797.340s][info][gc,heap        ] GC(338) Survivor regions: 52->51(92)
[3797.340s][info][gc,heap        ] GC(338) Old regions: 401->404
[3797.340s][info][gc,heap        ] GC(338) Humongous regions: 32->32
[3797.340s][info][gc,metaspace   ] GC(338) Metaspace: 29955K(30464K)->29955K(30464K) NonClass: 26557K(26816K)->26557K(26816K) Class: 3397K(3648K)->3397K(3648K)
[3797.340s][info][gc             ] GC(338) Pause Young (Normal) (G1 Evacuation Pause) 9287M->3868M(10240M) 165.769ms
[3797.340s][info][gc,cpu         ] GC(338) User=1.30s Sys=0.00s Real=0.17s
.......[3804.514s][info][gc,start       ] GC(339) Pause Young (Normal) (G1 Evacuation Pause)
[3804.514s][info][gc,task        ] GC(339) Using 8 workers of 8 for evacuation
[3804.677s][info][gc,phases      ] GC(339)   Pre Evacuate Collection Set: 0.29ms
[3804.677s][info][gc,phases      ] GC(339)   Merge Heap Roots: 0.56ms
[3804.677s][info][gc,phases      ] GC(339)   Evacuate Collection Set: 161.09ms
[3804.677s][info][gc,phases      ] GC(339)   Post Evacuate Collection Set: 1.23ms
[3804.677s][info][gc,phases      ] GC(339)   Other: 0.06ms
[3804.677s][info][gc,heap        ] GC(339) Eden regions: 678->0(675)
[3804.677s][info][gc,heap        ] GC(339) Survivor regions: 51->51(92)
[3804.677s][info][gc,heap        ] GC(339) Old regions: 404->407
[3804.677s][info][gc,heap        ] GC(339) Humongous regions: 32->32
[3804.677s][info][gc,metaspace   ] GC(339) Metaspace: 29955K(30464K)->29955K(30464K) NonClass: 26557K(26816K)->26557K(26816K) Class: 3397K(3648K)->3397K(3648K)
[3804.677s][info][gc             ] GC(339) Pause Young (Normal) (G1 Evacuation Pause) 9292M->3887M(10240M) 163.369ms
[3804.677s][info][gc,cpu         ] GC(339) User=1.28s Sys=0.00s Real=0.17s
........[3811.868s][info][gc,start       ] GC(340) Pause Young (Normal) (G1 Evacuation Pause)
[3811.868s][info][gc,task        ] GC(340) Using 8 workers of 8 for evacuation
[3812.034s][info][gc,phases      ] GC(340)   Pre Evacuate Collection Set: 0.28ms
[3812.034s][info][gc,phases      ] GC(340)   Merge Heap Roots: 0.60ms
[3812.034s][info][gc,phases      ] GC(340)   Evacuate Collection Set: 163.76ms
[3812.034s][info][gc,phases      ] GC(340)   Post Evacuate Collection Set: 1.24ms
[3812.034s][info][gc,phases      ] GC(340)   Other: 0.07ms
[3812.034s][info][gc,heap        ] GC(340) Eden regions: 675->0(673)
[3812.034s][info][gc,heap        ] GC(340) Survivor regions: 51->51(91)
[3812.034s][info][gc,heap        ] GC(340) Old regions: 407->409
[3812.034s][info][gc,heap        ] GC(340) Humongous regions: 32->32
[3812.034s][info][gc,metaspace   ] GC(340) Metaspace: 29955K(30464K)->29955K(30464K) NonClass: 26557K(26816K)->26557K(26816K) Class: 3397K(3648K)->3397K(3648K)
[3812.034s][info][gc             ] GC(340) Pause Young (Normal) (G1 Evacuation Pause) 9287M->3913M(10240M) 166.106ms
[3812.034s][info][gc,cpu         ] GC(340) User=1.30s Sys=0.00s Real=0.16s
.......[3819.149s][info][gc,start       ] GC(341) Pause Young (Normal) (G1 Evacuation Pause)
[3819.149s][info][gc,task        ] GC(341) Using 8 workers of 8 for evacuation
[3819.312s][info][gc,phases      ] GC(341)   Pre Evacuate Collection Set: 0.28ms
[3819.312s][info][gc,phases      ] GC(341)   Merge Heap Roots: 0.56ms
[3819.312s][info][gc,phases      ] GC(341)   Evacuate Collection Set: 160.21ms
[3819.312s][info][gc,phases      ] GC(341)   Post Evacuate Collection Set: 1.21ms
[3819.312s][info][gc,phases      ] GC(341)   Other: 0.07ms
[3819.312s][info][gc,heap        ] GC(341) Eden regions: 673->0(672)
[3819.312s][info][gc,heap        ] GC(341) Survivor regions: 51->50(91)
[3819.312s][info][gc,heap        ] GC(341) Old regions: 409->412
[3819.312s][info][gc,heap        ] GC(341) Humongous regions: 32->32
[3819.312s][info][gc,metaspace   ] GC(341) Metaspace: 29955K(30464K)->29955K(30464K) NonClass: 26557K(26816K)->26557K(26816K) Class: 3397K(3648K)->3397K(3648K)
[3819.312s][info][gc             ] GC(341) Pause Young (Normal) (G1 Evacuation Pause) 9297M->3926M(10240M) 162.459ms
[3819.312s][info][gc,cpu         ] GC(341) User=1.28s Sys=0.00s Real=0.16s
.......[3826.445s][info][gc,start       ] GC(342) Pause Young (Normal) (G1 Evacuation Pause)
[3826.445s][info][gc,task        ] GC(342) Using 8 workers of 8 for evacuation
[3826.607s][info][gc,phases      ] GC(342)   Pre Evacuate Collection Set: 0.29ms
[3826.608s][info][gc,phases      ] GC(342)   Merge Heap Roots: 0.63ms
[3826.608s][info][gc,phases      ] GC(342)   Evacuate Collection Set: 160.73ms
[3826.608s][info][gc,phases      ] GC(342)   Post Evacuate Collection Set: 1.22ms
[3826.608s][info][gc,phases      ] GC(342)   Other: 0.07ms
[3826.608s][info][gc,heap        ] GC(342) Eden regions: 672->0(668)
[3826.608s][info][gc,heap        ] GC(342) Survivor regions: 50->51(91)
[3826.608s][info][gc,heap        ] GC(342) Old regions: 412->414
[3826.608s][info][gc,heap        ] GC(342) Humongous regions: 32->32
[3826.608s][info][gc,metaspace   ] GC(342) Metaspace: 29955K(30464K)->29955K(30464K) NonClass: 26557K(26816K)->26557K(26816K) Class: 3397K(3648K)->3397K(3648K)
[3826.608s][info][gc             ] GC(342) Pause Young (Normal) (G1 Evacuation Pause) 9302M->3955M(10240M) 163.070ms
[3826.608s][info][gc,cpu         ] GC(342) User=1.28s Sys=0.00s Real=0.17s
.......[3833.619s][info][gc,start       ] GC(343) Pause Young (Normal) (G1 Evacuation Pause)
[3833.619s][info][gc,task        ] GC(343) Using 8 workers of 8 for evacuation
[3833.781s][info][gc,phases      ] GC(343)   Pre Evacuate Collection Set: 0.27ms
[3833.781s][info][gc,phases      ] GC(343)   Merge Heap Roots: 0.56ms
[3833.781s][info][gc,phases      ] GC(343)   Evacuate Collection Set: 159.61ms
[3833.781s][info][gc,phases      ] GC(343)   Post Evacuate Collection Set: 1.21ms
[3833.781s][info][gc,phases      ] GC(343)   Other: 0.07ms
[3833.781s][info][gc,heap        ] GC(343) Eden regions: 668->0(665)
[3833.781s][info][gc,heap        ] GC(343) Survivor regions: 51->51(90)
[3833.781s][info][gc,heap        ] GC(343) Old regions: 414->417
[3833.781s][info][gc,heap        ] GC(343) Humongous regions: 32->32
[3833.781s][info][gc,metaspace   ] GC(343) Metaspace: 29955K(30464K)->29955K(30464K) NonClass: 26557K(26816K)->26557K(26816K) Class: 3397K(3648K)->3397K(3648K)
[3833.781s][info][gc             ] GC(343) Pause Young (Normal) (G1 Evacuation Pause) 9299M->3977M(10240M) 161.850ms
[3833.781s][info][gc,cpu         ] GC(343) User=1.27s Sys=0.01s Real=0.16s
........[3840.897s][info][gc,start       ] GC(344) Pause Young (Normal) (G1 Evacuation Pause)
[3840.897s][info][gc,task        ] GC(344) Using 8 workers of 8 for evacuation
[3841.061s][info][gc,phases      ] GC(344)   Pre Evacuate Collection Set: 0.30ms
[3841.061s][info][gc,phases      ] GC(344)   Merge Heap Roots: 0.61ms
[3841.061s][info][gc,phases      ] GC(344)   Evacuate Collection Set: 162.20ms
[3841.061s][info][gc,phases      ] GC(344)   Post Evacuate Collection Set: 1.21ms
[3841.061s][info][gc,phases      ] GC(344)   Other: 0.07ms
[3841.061s][info][gc,heap        ] GC(344) Eden regions: 665->0(662)
[3841.061s][info][gc,heap        ] GC(344) Survivor regions: 51->51(90)
[3841.061s][info][gc,heap        ] GC(344) Old regions: 417->420
[3841.061s][info][gc,heap        ] GC(344) Humongous regions: 32->32
[3841.061s][info][gc,metaspace   ] GC(344) Metaspace: 29955K(30464K)->29955K(30464K) NonClass: 26557K(26816K)->26557K(26816K) Class: 3397K(3648K)->3397K(3648K)
[3841.061s][info][gc             ] GC(344) Pause Young (Normal) (G1 Evacuation Pause) 9297M->3998M(10240M) 164.534ms
[3841.061s][info][gc,cpu         ] GC(344) User=1.30s Sys=0.00s Real=0.16s
.......[3848.074s][info][gc,start       ] GC(345) Pause Young (Normal) (G1 Evacuation Pause)
[3848.074s][info][gc,task        ] GC(345) Using 8 workers of 8 for evacuation
[3848.238s][info][gc,phases      ] GC(345)   Pre Evacuate Collection Set: 0.29ms
[3848.238s][info][gc,phases      ] GC(345)   Merge Heap Roots: 0.59ms
[3848.238s][info][gc,phases      ] GC(345)   Evacuate Collection Set: 161.31ms
[3848.238s][info][gc,phases      ] GC(345)   Post Evacuate Collection Set: 1.22ms
[3848.238s][info][gc,phases      ] GC(345)   Other: 0.07ms
[3848.238s][info][gc,heap        ] GC(345) Eden regions: 662->0(659)
[3848.238s][info][gc,heap        ] GC(345) Survivor regions: 51->51(90)
[3848.238s][info][gc,heap        ] GC(345) Old regions: 420->423
[3848.238s][info][gc,heap        ] GC(345) Humongous regions: 32->32
[3848.238s][info][gc,metaspace   ] GC(345) Metaspace: 29955K(30464K)->29955K(30464K) NonClass: 26557K(26816K)->26557K(26816K) Class: 3397K(3648K)->3397K(3648K)
[3848.238s][info][gc             ] GC(345) Pause Young (Normal) (G1 Evacuation Pause) 9294M->4019M(10240M) 163.613ms
[3848.238s][info][gc,cpu         ] GC(345) User=1.29s Sys=0.00s Real=0.17s
.... (rIR:aIR:PR = 6227:6227:6227) (tPR = 92415) [OK] 
  3851s: Performance info:
         Transaction,    Success,    Partial,     Failed,   Receipts, AvgBarcode, 
             Overall,     374093,          0,          0,     355379,      59.48, 
         Response times:
             Request,    Success,    Partial,     Failed,   SkipFail,     Probes,    Samples,      min,      p50,      p90,      p95,      p99,      max, 
       TotalPurchase,     355377,          0,          0,          0,     348551,     385384,      400,     4200,     7800,    10000,    59000,   308000,
     InStorePurchase,     187031,          0,          0,          0,     183957,     203115,      400,     4200,     7800,     9900,    59000,   308000,
      OnlinePurchase,     130903,          0,          0,          0,     128411,     141921,      400,     4200,     7800,    10100,    59000,   308000,
        InstPurchase,      37443,          0,          0,          0,      36183,      40348,      500,     4200,     7900,     9900,    54000,   308000,
          AssocOfCat,        373,          0,          0,          0,        315,        410,    28000,    38000,    53000,    67450,   200830,   214000,
      AssocOfProduct,       3737,          0,          0,          0,       3530,       4127,      700,     5000,     8700,    11200,    53720,   175000,
      BusinessReport,        936,          0,          0,          0,        781,        965,    26000,    44000,    61400,    80400,   121360,   235000,
          CustBuyBeh,       3749,          0,          0,          0,       3489,       4012,      300,     4700,     7800,     9500,    54000,   174000,
       ProductReturn,       9922,          0,          0,          0,       9352,      10820,      200,     4100,     7800,    10300,    61790,   175000,

  3851s: (46%)   IR =   6365 ...[3855.142s][info][gc,start       ] GC(346) Pause Young (Normal) (G1 Evacuation Pause)
[3855.142s][info][gc,task        ] GC(346) Using 8 workers of 8 for evacuation
[3855.308s][info][gc,phases      ] GC(346)   Pre Evacuate Collection Set: 0.27ms
[3855.308s][info][gc,phases      ] GC(346)   Merge Heap Roots: 0.65ms
[3855.308s][info][gc,phases      ] GC(346)   Evacuate Collection Set: 163.37ms
[3855.308s][info][gc,phases      ] GC(346)   Post Evacuate Collection Set: 1.28ms
[3855.308s][info][gc,phases      ] GC(346)   Other: 0.06ms
[3855.308s][info][gc,heap        ] GC(346) Eden regions: 659->0(657)
[3855.308s][info][gc,heap        ] GC(346) Survivor regions: 51->51(89)
[3855.308s][info][gc,heap        ] GC(346) Old regions: 423->425
[3855.308s][info][gc,heap        ] GC(346) Humongous regions: 32->32
[3855.308s][info][gc,metaspace   ] GC(346) Metaspace: 29955K(30464K)->29955K(30464K) NonClass: 26557K(26816K)->26557K(26816K) Class: 3397K(3648K)->3397K(3648K)
[3855.308s][info][gc             ] GC(346) Pause Young (Normal) (G1 Evacuation Pause) 9291M->4041M(10240M) 165.782ms
[3855.308s][info][gc,cpu         ] GC(346) User=1.31s Sys=0.00s Real=0.17s
....|...[3862.197s][info][gc,start       ] GC(347) Pause Young (Normal) (G1 Evacuation Pause)
[3862.197s][info][gc,task        ] GC(347) Using 8 workers of 8 for evacuation
[3862.358s][info][gc,phases      ] GC(347)   Pre Evacuate Collection Set: 0.32ms
[3862.358s][info][gc,phases      ] GC(347)   Merge Heap Roots: 0.70ms
[3862.358s][info][gc,phases      ] GC(347)   Evacuate Collection Set: 158.95ms
[3862.358s][info][gc,phases      ] GC(347)   Post Evacuate Collection Set: 1.20ms
[3862.358s][info][gc,phases      ] GC(347)   Other: 0.08ms
[3862.358s][info][gc,heap        ] GC(347) Eden regions: 657->0(656)
[3862.358s][info][gc,heap        ] GC(347) Survivor regions: 51->50(89)
[3862.358s][info][gc,heap        ] GC(347) Old regions: 425->428
[3862.358s][info][gc,heap        ] GC(347) Humongous regions: 32->32
[3862.358s][info][gc,metaspace   ] GC(347) Metaspace: 29955K(30464K)->29955K(30464K) NonClass: 26557K(26816K)->26557K(26816K) Class: 3397K(3648K)->3397K(3648K)
[3862.358s][info][gc             ] GC(347) Pause Young (Normal) (G1 Evacuation Pause) 9297M->4051M(10240M) 161.369ms
[3862.358s][info][gc,cpu         ] GC(347) User=1.27s Sys=0.00s Real=0.16s
.......[3869.107s][info][gc,start       ] GC(348) Pause Young (Normal) (G1 Evacuation Pause)
[3869.107s][info][gc,task        ] GC(348) Using 8 workers of 8 for evacuation
[3869.274s][info][gc,phases      ] GC(348)   Pre Evacuate Collection Set: 0.30ms
[3869.274s][info][gc,phases      ] GC(348)   Merge Heap Roots: 0.62ms
[3869.274s][info][gc,phases      ] GC(348)   Evacuate Collection Set: 165.29ms
[3869.274s][info][gc,phases      ] GC(348)   Post Evacuate Collection Set: 1.19ms
[3869.274s][info][gc,phases      ] GC(348)   Other: 0.07ms
[3869.274s][info][gc,heap        ] GC(348) Eden regions: 656->0(649)
[3869.274s][info][gc,heap        ] GC(348) Survivor regions: 50->52(89)
[3869.274s][info][gc,heap        ] GC(348) Old regions: 428->431
[3869.274s][info][gc,heap        ] GC(348) Humongous regions: 32->32
[3869.274s][info][gc,metaspace   ] GC(348) Metaspace: 29955K(30464K)->29955K(30464K) NonClass: 26557K(26816K)->26557K(26816K) Class: 3397K(3648K)->3397K(3648K)
[3869.274s][info][gc             ] GC(348) Pause Young (Normal) (G1 Evacuation Pause) 9299M->4088M(10240M) 167.591ms
[3869.274s][info][gc,cpu         ] GC(348) User=1.32s Sys=0.00s Real=0.16s
.......[3875.988s][info][gc,start       ] GC(349) Pause Young (Normal) (G1 Evacuation Pause)
[3875.988s][info][gc,task        ] GC(349) Using 8 workers of 8 for evacuation
[3876.151s][info][gc,phases      ] GC(349)   Pre Evacuate Collection Set: 0.32ms
[3876.151s][info][gc,phases      ] GC(349)   Merge Heap Roots: 0.58ms
[3876.151s][info][gc,phases      ] GC(349)   Evacuate Collection Set: 161.49ms
[3876.151s][info][gc,phases      ] GC(349)   Post Evacuate Collection Set: 1.16ms
[3876.151s][info][gc,phases      ] GC(349)   Other: 0.06ms
[3876.151s][info][gc,heap        ] GC(349) Eden regions: 649->0(649)
[3876.151s][info][gc,heap        ] GC(349) Survivor regions: 52->51(88)
[3876.151s][info][gc,heap        ] GC(349) Old regions: 431->433
[3876.151s][info][gc,heap        ] GC(349) Humongous regions: 32->32
[3876.151s][info][gc,metaspace   ] GC(349) Metaspace: 29955K(30464K)->29955K(30464K) NonClass: 26557K(26816K)->26557K(26816K) Class: 3397K(3648K)->3397K(3648K)
[3876.151s][info][gc             ] GC(349) Pause Young (Normal) (G1 Evacuation Pause) 9280M->4102M(10240M) 163.779ms
[3876.151s][info][gc,cpu         ] GC(349) User=1.29s Sys=0.00s Real=0.16s
......[3882.890s][info][gc,start       ] GC(350) Pause Young (Normal) (G1 Evacuation Pause)
[3882.890s][info][gc,task        ] GC(350) Using 8 workers of 8 for evacuation
[3883.055s][info][gc,phases      ] GC(350)   Pre Evacuate Collection Set: 0.30ms
[3883.055s][info][gc,phases      ] GC(350)   Merge Heap Roots: 0.62ms
[3883.055s][info][gc,phases      ] GC(350)   Evacuate Collection Set: 163.00ms
[3883.055s][info][gc,phases      ] GC(350)   Post Evacuate Collection Set: 1.19ms
[3883.055s][info][gc,phases      ] GC(350)   Other: 0.07ms
[3883.055s][info][gc,heap        ] GC(350) Eden regions: 649->0(646)
[3883.055s][info][gc,heap        ] GC(350) Survivor regions: 51->51(88)
[3883.055s][info][gc,heap        ] GC(350) Old regions: 433->436
[3883.055s][info][gc,heap        ] GC(350) Humongous regions: 32->32
[3883.055s][info][gc,metaspace   ] GC(350) Metaspace: 29955K(30464K)->29955K(30464K) NonClass: 26557K(26816K)->26557K(26816K) Class: 3397K(3648K)->3397K(3648K)
[3883.055s][info][gc             ] GC(350) Pause Young (Normal) (G1 Evacuation Pause) 9294M->4130M(10240M) 165.338ms
[3883.055s][info][gc,cpu         ] GC(350) User=1.30s Sys=0.00s Real=0.17s
.......[3889.719s][info][gc,start       ] GC(351) Pause Young (Normal) (G1 Evacuation Pause)
[3889.719s][info][gc,task        ] GC(351) Using 8 workers of 8 for evacuation
[3889.882s][info][gc,phases      ] GC(351)   Pre Evacuate Collection Set: 0.32ms
[3889.882s][info][gc,phases      ] GC(351)   Merge Heap Roots: 0.66ms
[3889.882s][info][gc,phases      ] GC(351)   Evacuate Collection Set: 160.70ms
[3889.882s][info][gc,phases      ] GC(351)   Post Evacuate Collection Set: 1.21ms
[3889.883s][info][gc,phases      ] GC(351)   Other: 0.08ms
[3889.883s][info][gc,heap        ] GC(351) Eden regions: 646->0(643)
[3889.883s][info][gc,heap        ] GC(351) Survivor regions: 51->51(88)
[3889.883s][info][gc,heap        ] GC(351) Old regions: 436->439
[3889.883s][info][gc,heap        ] GC(351) Humongous regions: 32->32
[3889.883s][info][gc,metaspace   ] GC(351) Metaspace: 29955K(30464K)->29955K(30464K) NonClass: 26557K(26816K)->26557K(26816K) Class: 3397K(3648K)->3397K(3648K)
[3889.883s][info][gc             ] GC(351) Pause Young (Normal) (G1 Evacuation Pause) 9298M->4147M(10240M) 163.130ms
[3889.883s][info][gc,cpu         ] GC(351) User=1.28s Sys=0.00s Real=0.16s
.......[3896.473s][info][gc,start       ] GC(352) Pause Young (Normal) (G1 Evacuation Pause)
[3896.473s][info][gc,task        ] GC(352) Using 8 workers of 8 for evacuation
[3896.635s][info][gc,phases      ] GC(352)   Pre Evacuate Collection Set: 0.30ms
[3896.635s][info][gc,phases      ] GC(352)   Merge Heap Roots: 0.62ms
[3896.635s][info][gc,phases      ] GC(352)   Evacuate Collection Set: 159.70ms
[3896.635s][info][gc,phases      ] GC(352)   Post Evacuate Collection Set: 1.18ms
[3896.635s][info][gc,phases      ] GC(352)   Other: 0.07ms
[3896.635s][info][gc,heap        ] GC(352) Eden regions: 643->0(642)
[3896.635s][info][gc,heap        ] GC(352) Survivor regions: 51->50(87)
[3896.635s][info][gc,heap        ] GC(352) Old regions: 439->442
[3896.635s][info][gc,heap        ] GC(352) Humongous regions: 32->32
[3896.635s][info][gc,metaspace   ] GC(352) Metaspace: 29955K(30464K)->29955K(30464K) NonClass: 26557K(26816K)->26557K(26816K) Class: 3397K(3648K)->3397K(3648K)
[3896.635s][info][gc             ] GC(352) Pause Young (Normal) (G1 Evacuation Pause) 9291M->4167M(10240M) 162.011ms
[3896.635s][info][gc,cpu         ] GC(352) User=1.28s Sys=0.00s Real=0.17s
.......[3903.348s][info][gc,start       ] GC(353) Pause Young (Normal) (G1 Evacuation Pause)
[3903.348s][info][gc,task        ] GC(353) Using 8 workers of 8 for evacuation
[3903.509s][info][gc,phases      ] GC(353)   Pre Evacuate Collection Set: 0.31ms
[3903.509s][info][gc,phases      ] GC(353)   Merge Heap Roots: 0.57ms
[3903.509s][info][gc,phases      ] GC(353)   Evacuate Collection Set: 159.29ms
[3903.509s][info][gc,phases      ] GC(353)   Post Evacuate Collection Set: 1.15ms
[3903.509s][info][gc,phases      ] GC(353)   Other: 0.06ms
[3903.509s][info][gc,heap        ] GC(353) Eden regions: 642->0(639)
[3903.509s][info][gc,heap        ] GC(353) Survivor regions: 50->50(87)
[3903.509s][info][gc,heap        ] GC(353) Old regions: 442->445
[3903.509s][info][gc,heap        ] GC(353) Humongous regions: 32->32
[3903.509s][info][gc,metaspace   ] GC(353) Metaspace: 29955K(30464K)->29955K(30464K) NonClass: 26557K(26816K)->26557K(26816K) Class: 3397K(3648K)->3397K(3648K)
[3903.509s][info][gc             ] GC(353) Pause Young (Normal) (G1 Evacuation Pause) 9303M->4186M(10240M) 161.537ms
[3903.509s][info][gc,cpu         ] GC(353) User=1.27s Sys=0.00s Real=0.16s
.......[3910.082s][info][gc,start       ] GC(354) Pause Young (Normal) (G1 Evacuation Pause)
[3910.082s][info][gc,task        ] GC(354) Using 8 workers of 8 for evacuation
[3910.246s][info][gc,phases      ] GC(354)   Pre Evacuate Collection Set: 0.28ms
[3910.246s][info][gc,phases      ] GC(354)   Merge Heap Roots: 0.60ms
[3910.246s][info][gc,phases      ] GC(354)   Evacuate Collection Set: 162.13ms
[3910.246s][info][gc,phases      ] GC(354)   Post Evacuate Collection Set: 1.18ms
[3910.246s][info][gc,phases      ] GC(354)   Other: 0.06ms
[3910.246s][info][gc,heap        ] GC(354) Eden regions: 639->0(636)
[3910.246s][info][gc,heap        ] GC(354) Survivor regions: 50->50(87)
[3910.246s][info][gc,heap        ] GC(354) Old regions: 445->448
[3910.246s][info][gc,heap        ] GC(354) Humongous regions: 32->32
[3910.246s][info][gc,metaspace   ] GC(354) Metaspace: 29955K(30464K)->29955K(30464K) NonClass: 26557K(26816K)->26557K(26816K) Class: 3397K(3648K)->3397K(3648K)
[3910.246s][info][gc             ] GC(354) Pause Young (Normal) (G1 Evacuation Pause) 9298M->4214M(10240M) 164.393ms
[3910.246s][info][gc,cpu         ] GC(354) User=1.29s Sys=0.00s Real=0.17s
......[3916.860s][info][gc,start       ] GC(355) Pause Young (Normal) (G1 Evacuation Pause)
[3916.860s][info][gc,task        ] GC(355) Using 8 workers of 8 for evacuation
[3917.023s][info][gc,phases      ] GC(355)   Pre Evacuate Collection Set: 0.31ms
[3917.023s][info][gc,phases      ] GC(355)   Merge Heap Roots: 0.64ms
[3917.023s][info][gc,phases      ] GC(355)   Evacuate Collection Set: 159.84ms
[3917.023s][info][gc,phases      ] GC(355)   Post Evacuate Collection Set: 1.23ms
[3917.023s][info][gc,phases      ] GC(355)   Other: 0.06ms
[3917.023s][info][gc,heap        ] GC(355) Eden regions: 636->0(631)
[3917.023s][info][gc,heap        ] GC(355) Survivor regions: 50->51(86)
[3917.023s][info][gc,heap        ] GC(355) Old regions: 448->451
[3917.023s][info][gc,heap        ] GC(355) Humongous regions: 32->32
[3917.023s][info][gc,metaspace   ] GC(355) Metaspace: 29955K(30464K)->29955K(30464K) NonClass: 26557K(26816K)->26557K(26816K) Class: 3397K(3648K)->3397K(3648K)
[3917.023s][info][gc             ] GC(355) Pause Young (Normal) (G1 Evacuation Pause) 9302M->4241M(10240M) 162.226ms
[3917.023s][info][gc,cpu         ] GC(355) User=1.28s Sys=0.00s Real=0.16s
... (rIR:aIR:PR = 6365:6367:6367) (tPR = 94422) [OK] 
  3918s: Performance info:
         Transaction,    Success,    Partial,     Failed,   Receipts, AvgBarcode, 
             Overall,     383241,          0,          0,     364086,      59.48, 
         Response times:
             Request,    Success,    Partial,     Failed,   SkipFail,     Probes,    Samples,      min,      p50,      p90,      p95,      p99,      max, 
       TotalPurchase,     364088,          0,          0,          0,     357288,     400749,      300,     4300,     8100,    10800,    50000,   304000,
     InStorePurchase,     191572,          0,          0,          0,     188290,     210843,      300,     4300,     8100,    10800,    49000,   304000,
      OnlinePurchase,     134203,          0,          0,          0,     131662,     147626,      400,     4300,     8100,    10700,    50000,   304000,
        InstPurchase,      38313,          0,          0,          0,      37336,      42280,      500,     4500,     8200,    11000,    49190,   304000,
          AssocOfCat,        384,          0,          0,          0,        307,        421,    25000,    38000,    55000,    61000,   123260,   212000,
      AssocOfProduct,       3830,          0,          0,          0,       3548,       4183,      900,     5500,     8800,    13400,    68160,   265000,
      BusinessReport,        960,          0,          0,          0,        815,       1051,    30000,    46000,    63000,    71000,   132440,   235000,
          CustBuyBeh,       3830,          0,          0,          0,       3545,       4227,      300,     4600,     8500,    12300,    53720,   181000,
       ProductReturn,      10151,          0,          0,          0,       9679,      11169,      200,     4100,     7900,    11000,    54300,   261000,

  3918s: (47%)   IR =   6503 ....|[3923.453s][info][gc,start       ] GC(356) Pause Young (Normal) (G1 Evacuation Pause)
[3923.453s][info][gc,task        ] GC(356) Using 8 workers of 8 for evacuation
[3923.614s][info][gc,phases      ] GC(356)   Pre Evacuate Collection Set: 0.29ms
[3923.614s][info][gc,phases      ] GC(356)   Merge Heap Roots: 0.64ms
[3923.614s][info][gc,phases      ] GC(356)   Evacuate Collection Set: 158.60ms
[3923.614s][info][gc,phases      ] GC(356)   Post Evacuate Collection Set: 1.18ms
[3923.614s][info][gc,phases      ] GC(356)   Other: 0.08ms
[3923.614s][info][gc,heap        ] GC(356) Eden regions: 631->0(630)
[3923.614s][info][gc,heap        ] GC(356) Survivor regions: 51->50(86)
[3923.614s][info][gc,heap        ] GC(356) Old regions: 451->454
[3923.614s][info][gc,heap        ] GC(356) Humongous regions: 32->32
[3923.614s][info][gc,metaspace   ] GC(356) Metaspace: 29955K(30464K)->29955K(30464K) NonClass: 26557K(26816K)->26557K(26816K) Class: 3397K(3648K)->3397K(3648K)
[3923.614s][info][gc             ] GC(356) Pause Young (Normal) (G1 Evacuation Pause) 9289M->4256M(10240M) 160.932ms
[3923.614s][info][gc,cpu         ] GC(356) User=1.27s Sys=0.00s Real=0.16s
......[3929.984s][info][gc,start       ] GC(357) Pause Young (Normal) (G1 Evacuation Pause)
[3929.984s][info][gc,task        ] GC(357) Using 8 workers of 8 for evacuation
[3930.147s][info][gc,phases      ] GC(357)   Pre Evacuate Collection Set: 0.30ms
[3930.147s][info][gc,phases      ] GC(357)   Merge Heap Roots: 0.56ms
[3930.147s][info][gc,phases      ] GC(357)   Evacuate Collection Set: 160.99ms
[3930.147s][info][gc,phases      ] GC(357)   Post Evacuate Collection Set: 1.18ms
[3930.147s][info][gc,phases      ] GC(357)   Other: 0.06ms
[3930.147s][info][gc,heap        ] GC(357) Eden regions: 630->0(628)
[3930.147s][info][gc,heap        ] GC(357) Survivor regions: 50->50(85)
[3930.147s][info][gc,heap        ] GC(357) Old regions: 454->456
[3930.147s][info][gc,heap        ] GC(357) Humongous regions: 32->32
[3930.147s][info][gc,metaspace   ] GC(357) Metaspace: 29955K(30464K)->29955K(30464K) NonClass: 26557K(26816K)->26557K(26816K) Class: 3397K(3648K)->3397K(3648K)
[3930.147s][info][gc             ] GC(357) Pause Young (Normal) (G1 Evacuation Pause) 9296M->4283M(10240M) 163.247ms
[3930.147s][info][gc,cpu         ] GC(357) User=1.29s Sys=0.01s Real=0.17s
.......[3936.456s][info][gc,start       ] GC(358) Pause Young (Normal) (G1 Evacuation Pause)
[3936.456s][info][gc,task        ] GC(358) Using 8 workers of 8 for evacuation
[3936.620s][info][gc,phases      ] GC(358)   Pre Evacuate Collection Set: 0.29ms
[3936.620s][info][gc,phases      ] GC(358)   Merge Heap Roots: 0.56ms
[3936.620s][info][gc,phases      ] GC(358)   Evacuate Collection Set: 161.42ms
[3936.620s][info][gc,phases      ] GC(358)   Post Evacuate Collection Set: 1.19ms
[3936.620s][info][gc,phases      ] GC(358)   Other: 0.07ms
[3936.620s][info][gc,heap        ] GC(358) Eden regions: 628->0(625)
[3936.620s][info][gc,heap        ] GC(358) Survivor regions: 50->50(85)
[3936.620s][info][gc,heap        ] GC(358) Old regions: 456->459
[3936.620s][info][gc,heap        ] GC(358) Humongous regions: 32->32
[3936.620s][info][gc,metaspace   ] GC(358) Metaspace: 29955K(30464K)->29955K(30464K) NonClass: 26557K(26816K)->26557K(26816K) Class: 3397K(3648K)->3397K(3648K)
[3936.620s][info][gc             ] GC(358) Pause Young (Normal) (G1 Evacuation Pause) 9307M->4307M(10240M) 163.696ms
[3936.620s][info][gc,cpu         ] GC(358) User=1.28s Sys=0.01s Real=0.16s
......[3942.996s][info][gc,start       ] GC(359) Pause Young (Normal) (G1 Evacuation Pause)
[3942.996s][info][gc,task        ] GC(359) Using 8 workers of 8 for evacuation
[3943.160s][info][gc,phases      ] GC(359)   Pre Evacuate Collection Set: 0.29ms
[3943.160s][info][gc,phases      ] GC(359)   Merge Heap Roots: 0.68ms
[3943.160s][info][gc,phases      ] GC(359)   Evacuate Collection Set: 161.78ms
[3943.160s][info][gc,phases      ] GC(359)   Post Evacuate Collection Set: 1.14ms
[3943.160s][info][gc,phases      ] GC(359)   Other: 0.06ms
[3943.160s][info][gc,heap        ] GC(359) Eden regions: 625->0(620)
[3943.160s][info][gc,heap        ] GC(359) Survivor regions: 50->51(85)
[3943.160s][info][gc,heap        ] GC(359) Old regions: 459->462
[3943.160s][info][gc,heap        ] GC(359) Humongous regions: 32->32
[3943.160s][info][gc,metaspace   ] GC(359) Metaspace: 29955K(30464K)->29955K(30464K) NonClass: 26557K(26816K)->26557K(26816K) Class: 3397K(3648K)->3397K(3648K)
[3943.160s][info][gc             ] GC(359) Pause Young (Normal) (G1 Evacuation Pause) 9307M->4335M(10240M) 164.111ms
[3943.160s][info][gc,cpu         ] GC(359) User=1.29s Sys=0.00s Real=0.16s
.......[3949.412s][info][gc,start       ] GC(360) Pause Young (Normal) (G1 Evacuation Pause)
[3949.412s][info][gc,task        ] GC(360) Using 8 workers of 8 for evacuation
[3949.573s][info][gc,phases      ] GC(360)   Pre Evacuate Collection Set: 0.28ms
[3949.573s][info][gc,phases      ] GC(360)   Merge Heap Roots: 0.69ms
[3949.573s][info][gc,phases      ] GC(360)   Evacuate Collection Set: 158.63ms
[3949.573s][info][gc,phases      ] GC(360)   Post Evacuate Collection Set: 1.13ms
[3949.573s][info][gc,phases      ] GC(360)   Other: 0.07ms
[3949.573s][info][gc,heap        ] GC(360) Eden regions: 620->0(624)
[3949.573s][info][gc,heap        ] GC(360) Survivor regions: 51->44(84)
[3949.573s][info][gc,heap        ] GC(360) Old regions: 462->472
[3949.573s][info][gc,heap        ] GC(360) Humongous regions: 32->32
[3949.573s][info][gc,metaspace   ] GC(360) Metaspace: 29955K(30464K)->29955K(30464K) NonClass: 26557K(26816K)->26557K(26816K) Class: 3397K(3648K)->3397K(3648K)
[3949.573s][info][gc             ] GC(360) Pause Young (Normal) (G1 Evacuation Pause) 9295M->4353M(10240M) 160.929ms
[3949.573s][info][gc,cpu         ] GC(360) User=1.27s Sys=0.00s Real=0.16s
......[3955.926s][info][gc,start       ] GC(361) Pause Young (Normal) (G1 Evacuation Pause)
[3955.926s][info][gc,task        ] GC(361) Using 8 workers of 8 for evacuation
[3956.080s][info][gc,phases      ] GC(361)   Pre Evacuate Collection Set: 0.28ms
[3956.080s][info][gc,phases      ] GC(361)   Merge Heap Roots: 0.57ms
[3956.080s][info][gc,phases      ] GC(361)   Evacuate Collection Set: 151.92ms
[3956.080s][info][gc,phases      ] GC(361)   Post Evacuate Collection Set: 1.16ms
[3956.080s][info][gc,phases      ] GC(361)   Other: 0.06ms
[3956.080s][info][gc,heap        ] GC(361) Eden regions: 624->0(610)
[3956.080s][info][gc,heap        ] GC(361) Survivor regions: 44->51(84)
[3956.080s][info][gc,heap        ] GC(361) Old regions: 472->472
[3956.080s][info][gc,heap        ] GC(361) Humongous regions: 32->32
[3956.080s][info][gc,metaspace   ] GC(361) Metaspace: 29955K(30464K)->29955K(30464K) NonClass: 26557K(26816K)->26557K(26816K) Class: 3397K(3648K)->3397K(3648K)
[3956.080s][info][gc             ] GC(361) Pause Young (Normal) (G1 Evacuation Pause) 9345M->4409M(10240M) 154.125ms
[3956.080s][info][gc,cpu         ] GC(361) User=1.21s Sys=0.00s Real=0.15s
.......[3962.268s][info][gc,start       ] GC(362) Pause Young (Normal) (G1 Evacuation Pause)
[3962.268s][info][gc,task        ] GC(362) Using 8 workers of 8 for evacuation
[3962.431s][info][gc,phases      ] GC(362)   Pre Evacuate Collection Set: 0.29ms
[3962.431s][info][gc,phases      ] GC(362)   Merge Heap Roots: 0.58ms
[3962.431s][info][gc,phases      ] GC(362)   Evacuate Collection Set: 160.39ms
[3962.431s][info][gc,phases      ] GC(362)   Post Evacuate Collection Set: 1.12ms
[3962.431s][info][gc,phases      ] GC(362)   Other: 0.09ms
[3962.431s][info][gc,heap        ] GC(362) Eden regions: 610->0(615)
[3962.431s][info][gc,heap        ] GC(362) Survivor regions: 51->44(83)
[3962.431s][info][gc,heap        ] GC(362) Old regions: 472->481
[3962.431s][info][gc,heap        ] GC(362) Humongous regions: 32->32
[3962.431s][info][gc,metaspace   ] GC(362) Metaspace: 29955K(30464K)->29955K(30464K) NonClass: 26557K(26816K)->26557K(26816K) Class: 3397K(3648K)->3397K(3648K)
[3962.431s][info][gc             ] GC(362) Pause Young (Normal) (G1 Evacuation Pause) 9289M->4429M(10240M) 162.599ms
[3962.431s][info][gc,cpu         ] GC(362) User=1.28s Sys=0.00s Real=0.16s
......[3968.636s][info][gc,start       ] GC(363) Pause Young (Normal) (G1 Evacuation Pause)
[3968.636s][info][gc,task        ] GC(363) Using 8 workers of 8 for evacuation
[3968.790s][info][gc,phases      ] GC(363)   Pre Evacuate Collection Set: 0.31ms
[3968.791s][info][gc,phases      ] GC(363)   Merge Heap Roots: 0.61ms
[3968.791s][info][gc,phases      ] GC(363)   Evacuate Collection Set: 152.79ms
[3968.791s][info][gc,phases      ] GC(363)   Post Evacuate Collection Set: 1.12ms
[3968.791s][info][gc,phases      ] GC(363)   Other: 0.07ms
[3968.791s][info][gc,heap        ] GC(363) Eden regions: 615->0(608)
[3968.791s][info][gc,heap        ] GC(363) Survivor regions: 44->44(83)
[3968.791s][info][gc,heap        ] GC(363) Old regions: 481->488
[3968.791s][info][gc,heap        ] GC(363) Humongous regions: 32->32
[3968.791s][info][gc,metaspace   ] GC(363) Metaspace: 29955K(30464K)->29955K(30464K) NonClass: 26557K(26816K)->26557K(26816K) Class: 3397K(3648K)->3397K(3648K)
[3968.791s][info][gc             ] GC(363) Pause Young (Normal) (G1 Evacuation Pause) 9349M->4487M(10240M) 155.028ms
[3968.791s][info][gc,cpu         ] GC(363) User=1.22s Sys=0.00s Real=0.15s
......[3974.957s][info][gc,start       ] GC(364) Pause Young (Normal) (G1 Evacuation Pause)
[3974.957s][info][gc,task        ] GC(364) Using 8 workers of 8 for evacuation
[3975.109s][info][gc,phases      ] GC(364)   Pre Evacuate Collection Set: 0.32ms
[3975.109s][info][gc,phases      ] GC(364)   Merge Heap Roots: 0.60ms
[3975.109s][info][gc,phases      ] GC(364)   Evacuate Collection Set: 149.80ms
[3975.109s][info][gc,phases      ] GC(364)   Post Evacuate Collection Set: 1.13ms
[3975.109s][info][gc,phases      ] GC(364)   Other: 0.06ms
[3975.109s][info][gc,heap        ] GC(364) Eden regions: 608->0(601)
[3975.109s][info][gc,heap        ] GC(364) Survivor regions: 44->44(82)
[3975.109s][info][gc,heap        ] GC(364) Old regions: 488->495
[3975.109s][info][gc,heap        ] GC(364) Humongous regions: 32->32
[3975.109s][info][gc,metaspace   ] GC(364) Metaspace: 29955K(30464K)->29955K(30464K) NonClass: 26557K(26816K)->26557K(26816K) Class: 3397K(3648K)->3397K(3648K)
[3975.109s][info][gc             ] GC(364) Pause Young (Normal) (G1 Evacuation Pause) 9351M->4542M(10240M) 152.051ms
[3975.109s][info][gc,cpu         ] GC(364) User=1.20s Sys=0.00s Real=0.15s
......[3981.186s][info][gc,start       ] GC(365) Pause Young (Normal) (G1 Evacuation Pause)
[3981.186s][info][gc,task        ] GC(365) Using 8 workers of 8 for evacuation
[3981.339s][info][gc,phases      ] GC(365)   Pre Evacuate Collection Set: 0.31ms
[3981.339s][info][gc,phases      ] GC(365)   Merge Heap Roots: 0.62ms
[3981.339s][info][gc,phases      ] GC(365)   Evacuate Collection Set: 149.83ms
[3981.339s][info][gc,phases      ] GC(365)   Post Evacuate Collection Set: 1.07ms
[3981.339s][info][gc,phases      ] GC(365)   Other: 0.83ms
[3981.339s][info][gc,heap        ] GC(365) Eden regions: 601->0(596)
[3981.339s][info][gc,heap        ] GC(365) Survivor regions: 44->43(81)
[3981.339s][info][gc,heap        ] GC(365) Old regions: 495->502
[3981.339s][info][gc,heap        ] GC(365) Humongous regions: 32->32
[3981.339s][info][gc,metaspace   ] GC(365) Metaspace: 29955K(30464K)->29955K(30464K) NonClass: 26557K(26816K)->26557K(26816K) Class: 3397K(3648K)->3397K(3648K)
[3981.339s][info][gc             ] GC(365) Pause Young (Normal) (G1 Evacuation Pause) 9350M->4588M(10240M) 152.792ms
[3981.339s][info][gc,cpu         ] GC(365) User=1.20s Sys=0.01s Real=0.15s
... (rIR:aIR:PR = 6503:6502:6502) (tPR = 96625) [OK] 
  3983s: Performance info:
         Transaction,    Success,    Partial,     Failed,   Receipts, AvgBarcode, 
             Overall,     391369,          0,          0,     371796,      59.47, 
         Response times:
             Request,    Success,    Partial,     Failed,   SkipFail,     Probes,    Samples,      min,      p50,      p90,      p95,      p99,      max, 
       TotalPurchase,     371795,          0,          0,          0,     359466,     385270,      400,     4500,     8100,    10300,    60000,   379000,
     InStorePurchase,     195781,          0,          0,          0,     188826,     202277,      400,     4500,     8100,    10200,    60000,   379000,
      OnlinePurchase,     136909,          0,          0,          0,     132736,     142001,      400,     4500,     8200,    10400,    59000,   379000,
        InstPurchase,      39105,          0,          0,          0,      37904,      40992,      500,     4600,     8200,    10500,    65000,   305000,
          AssocOfCat,        394,          0,          0,          0,        320,        408,    29000,    39000,    55000,    63100,   119920,   208000,
      AssocOfProduct,       3916,          0,          0,          0,       3655,       4118,      800,     5200,     8800,    12105,    64430,   217000,
      BusinessReport,        976,          0,          0,          0,        846,       1023,    31000,    45000,    60000,    72800,   159000,   236000,
          CustBuyBeh,       3913,          0,          0,          0,       3645,       4078,      200,     3100,     7800,     9705,    48210,   171000,
       ProductReturn,      10373,          0,          0,          0,       9969,      10935,      200,     4000,     7800,     9800,    57000,   288000,

  3983s: (48%)   IR =   6642 ...[3987.187s][info][gc,start       ] GC(366) Pause Young (Normal) (G1 Evacuation Pause)
[3987.187s][info][gc,task        ] GC(366) Using 8 workers of 8 for evacuation
[3987.344s][info][gc,phases      ] GC(366)   Pre Evacuate Collection Set: 0.28ms
[3987.344s][info][gc,phases      ] GC(366)   Merge Heap Roots: 0.59ms
[3987.344s][info][gc,phases      ] GC(366)   Evacuate Collection Set: 154.91ms
[3987.344s][info][gc,phases      ] GC(366)   Post Evacuate Collection Set: 1.14ms
[3987.344s][info][gc,phases      ] GC(366)   Other: 0.07ms
[3987.344s][info][gc,heap        ] GC(366) Eden regions: 596->0(588)
[3987.344s][info][gc,heap        ] GC(366) Survivor regions: 43->44(80)
[3987.344s][info][gc,heap        ] GC(366) Old regions: 502->508
[3987.344s][info][gc,heap        ] GC(366) Humongous regions: 32->32
[3987.344s][info][gc,metaspace   ] GC(366) Metaspace: 29955K(30464K)->29955K(30464K) NonClass: 26557K(26816K)->26557K(26816K) Class: 3397K(3648K)->3397K(3648K)
[3987.344s][info][gc             ] GC(366) Pause Young (Normal) (G1 Evacuation Pause) 9356M->4647M(10240M) 157.112ms
[3987.344s][info][gc,cpu         ] GC(366) User=1.24s Sys=0.00s Real=0.15s
....|..[3993.211s][info][gc,start       ] GC(367) Pause Young (Normal) (G1 Evacuation Pause)
[3993.211s][info][gc,task        ] GC(367) Using 8 workers of 8 for evacuation
[3993.366s][info][gc,phases      ] GC(367)   Pre Evacuate Collection Set: 0.30ms
[3993.366s][info][gc,phases      ] GC(367)   Merge Heap Roots: 0.56ms
[3993.366s][info][gc,phases      ] GC(367)   Evacuate Collection Set: 152.60ms
[3993.366s][info][gc,phases      ] GC(367)   Post Evacuate Collection Set: 1.15ms
[3993.366s][info][gc,phases      ] GC(367)   Other: 0.06ms
[3993.366s][info][gc,heap        ] GC(367) Eden regions: 588->0(581)
[3993.366s][info][gc,heap        ] GC(367) Survivor regions: 44->44(79)
[3993.366s][info][gc,heap        ] GC(367) Old regions: 508->515
[3993.366s][info][gc,heap        ] GC(367) Humongous regions: 32->32
[3993.366s][info][gc,metaspace   ] GC(367) Metaspace: 29955K(30464K)->29955K(30464K) NonClass: 26557K(26816K)->26557K(26816K) Class: 3397K(3648K)->3397K(3648K)
[3993.366s][info][gc             ] GC(367) Pause Young (Normal) (G1 Evacuation Pause) 9351M->4703M(10240M) 154.828ms
[3993.366s][info][gc,cpu         ] GC(367) User=1.22s Sys=0.00s Real=0.16s
......[3999.078s][info][gc,start       ] GC(368) Pause Young (Normal) (G1 Evacuation Pause)
[3999.078s][info][gc,task        ] GC(368) Using 8 workers of 8 for evacuation
[3999.231s][info][gc,phases      ] GC(368)   Pre Evacuate Collection Set: 0.30ms
[3999.231s][info][gc,phases      ] GC(368)   Merge Heap Roots: 0.61ms
[3999.231s][info][gc,phases      ] GC(368)   Evacuate Collection Set: 151.35ms
[3999.231s][info][gc,phases      ] GC(368)   Post Evacuate Collection Set: 1.08ms
[3999.231s][info][gc,phases      ] GC(368)   Other: 0.06ms
[3999.231s][info][gc,heap        ] GC(368) Eden regions: 581->0(576)
[3999.231s][info][gc,heap        ] GC(368) Survivor regions: 44->43(79)
[3999.231s][info][gc,heap        ] GC(368) Old regions: 515->522
[3999.231s][info][gc,heap        ] GC(368) Humongous regions: 32->32
[3999.231s][info][gc,metaspace   ] GC(368) Metaspace: 29955K(30464K)->29955K(30464K) NonClass: 26557K(26816K)->26557K(26816K) Class: 3397K(3648K)->3397K(3648K)
[3999.231s][info][gc             ] GC(368) Pause Young (Normal) (G1 Evacuation Pause) 9351M->4754M(10240M) 153.529ms
[3999.231s][info][gc,cpu         ] GC(368) User=1.21s Sys=0.00s Real=0.15s
......[4004.882s][info][gc,start       ] GC(369) Pause Young (Normal) (G1 Evacuation Pause)
[4004.882s][info][gc,task        ] GC(369) Using 8 workers of 8 for evacuation
[4005.033s][info][gc,phases      ] GC(369)   Pre Evacuate Collection Set: 0.29ms
[4005.033s][info][gc,phases      ] GC(369)   Merge Heap Roots: 0.52ms
[4005.033s][info][gc,phases      ] GC(369)   Evacuate Collection Set: 148.81ms
[4005.033s][info][gc,phases      ] GC(369)   Post Evacuate Collection Set: 1.10ms
[4005.033s][info][gc,phases      ] GC(369)   Other: 0.06ms
[4005.033s][info][gc,heap        ] GC(369) Eden regions: 576->0(569)
[4005.033s][info][gc,heap        ] GC(369) Survivor regions: 43->43(78)
[4005.033s][info][gc,heap        ] GC(369) Old regions: 522->529
[4005.033s][info][gc,heap        ] GC(369) Humongous regions: 32->32
[4005.033s][info][gc,metaspace   ] GC(369) Metaspace: 29955K(30464K)->29955K(30464K) NonClass: 26557K(26816K)->26557K(26816K) Class: 3397K(3648K)->3397K(3648K)
[4005.033s][info][gc             ] GC(369) Pause Young (Normal) (G1 Evacuation Pause) 9362M->4811M(10240M) 150.909ms
[4005.033s][info][gc,cpu         ] GC(369) User=1.19s Sys=0.00s Real=0.15s
......[4010.702s][info][gc,start       ] GC(370) Pause Young (Normal) (G1 Evacuation Pause)
[4010.702s][info][gc,task        ] GC(370) Using 8 workers of 8 for evacuation
[4010.855s][info][gc,phases      ] GC(370)   Pre Evacuate Collection Set: 0.28ms
[4010.855s][info][gc,phases      ] GC(370)   Merge Heap Roots: 0.61ms
[4010.855s][info][gc,phases      ] GC(370)   Evacuate Collection Set: 151.28ms
[4010.855s][info][gc,phases      ] GC(370)   Post Evacuate Collection Set: 1.06ms
[4010.855s][info][gc,phases      ] GC(370)   Other: 0.08ms
[4010.855s][info][gc,heap        ] GC(370) Eden regions: 569->0(561)
[4010.855s][info][gc,heap        ] GC(370) Survivor regions: 43->43(77)
[4010.855s][info][gc,heap        ] GC(370) Old regions: 529->537
[4010.855s][info][gc,heap        ] GC(370) Humongous regions: 32->32
[4010.855s][info][gc,metaspace   ] GC(370) Metaspace: 29955K(30464K)->29955K(30464K) NonClass: 26557K(26816K)->26557K(26816K) Class: 3397K(3648K)->3397K(3648K)
[4010.855s][info][gc             ] GC(370) Pause Young (Normal) (G1 Evacuation Pause) 9363M->4864M(10240M) 153.433ms
[4010.855s][info][gc,cpu         ] GC(370) User=1.21s Sys=0.00s Real=0.16s
.....[4016.399s][info][gc,start       ] GC(371) Pause Young (Normal) (G1 Evacuation Pause)
[4016.399s][info][gc,task        ] GC(371) Using 8 workers of 8 for evacuation
[4016.551s][info][gc,phases      ] GC(371)   Pre Evacuate Collection Set: 0.28ms
[4016.551s][info][gc,phases      ] GC(371)   Merge Heap Roots: 0.56ms
[4016.551s][info][gc,phases      ] GC(371)   Evacuate Collection Set: 149.46ms
[4016.551s][info][gc,phases      ] GC(371)   Post Evacuate Collection Set: 1.04ms
[4016.551s][info][gc,phases      ] GC(371)   Other: 0.07ms
[4016.551s][info][gc,heap        ] GC(371) Eden regions: 561->0(553)
[4016.551s][info][gc,heap        ] GC(371) Survivor regions: 43->44(76)
[4016.551s][info][gc,heap        ] GC(371) Old regions: 537->543
[4016.551s][info][gc,heap        ] GC(371) Humongous regions: 32->32
[4016.551s][info][gc,metaspace   ] GC(371) Metaspace: 29955K(30464K)->29955K(30464K) NonClass: 26557K(26816K)->26557K(26816K) Class: 3397K(3648K)->3397K(3648K)
[4016.551s][info][gc             ] GC(371) Pause Young (Normal) (G1 Evacuation Pause) 9352M->4927M(10240M) 151.577ms
[4016.551s][info][gc,cpu         ] GC(371) User=1.20s Sys=0.00s Real=0.15s
......[4022.022s][info][gc,start       ] GC(372) Pause Young (Normal) (G1 Evacuation Pause)
[4022.022s][info][gc,task        ] GC(372) Using 8 workers of 8 for evacuation
[4022.173s][info][gc,phases      ] GC(372)   Pre Evacuate Collection Set: 0.30ms
[4022.173s][info][gc,phases      ] GC(372)   Merge Heap Roots: 0.57ms
[4022.173s][info][gc,phases      ] GC(372)   Evacuate Collection Set: 149.37ms
[4022.173s][info][gc,phases      ] GC(372)   Post Evacuate Collection Set: 1.03ms
[4022.173s][info][gc,phases      ] GC(372)   Other: 0.07ms
[4022.173s][info][gc,heap        ] GC(372) Eden regions: 553->0(547)
[4022.173s][info][gc,heap        ] GC(372) Survivor regions: 44->43(75)
[4022.173s][info][gc,heap        ] GC(372) Old regions: 543->551
[4022.173s][info][gc,heap        ] GC(372) Humongous regions: 32->32
[4022.173s][info][gc,metaspace   ] GC(372) Metaspace: 29955K(30464K)->29955K(30464K) NonClass: 26557K(26816K)->26557K(26816K) Class: 3397K(3648K)->3397K(3648K)
[4022.173s][info][gc             ] GC(372) Pause Young (Normal) (G1 Evacuation Pause) 9351M->4976M(10240M) 151.464ms
[4022.173s][info][gc,cpu         ] GC(372) User=1.20s Sys=0.00s Real=0.15s
.....[4027.566s][info][gc,start       ] GC(373) Pause Young (Concurrent Start) (G1 Evacuation Pause)
[4027.566s][info][gc,task        ] GC(373) Using 8 workers of 8 for evacuation
[4027.715s][info][gc,phases      ] GC(373)   Pre Evacuate Collection Set: 0.35ms
[4027.715s][info][gc,phases      ] GC(373)   Merge Heap Roots: 0.59ms
[4027.715s][info][gc,phases      ] GC(373)   Evacuate Collection Set: 146.68ms
[4027.715s][info][gc,phases      ] GC(373)   Post Evacuate Collection Set: 1.05ms
[4027.715s][info][gc,phases      ] GC(373)   Other: 0.10ms
[4027.715s][info][gc,heap        ] GC(373) Eden regions: 547->0(542)
[4027.715s][info][gc,heap        ] GC(373) Survivor regions: 43->42(74)
[4027.715s][info][gc,heap        ] GC(373) Old regions: 551->558
[4027.715s][info][gc,heap        ] GC(373) Humongous regions: 32->32
[4027.715s][info][gc,metaspace   ] GC(373) Metaspace: 29955K(30464K)->29955K(30464K) NonClass: 26557K(26816K)->26557K(26816K) Class: 3397K(3648K)->3397K(3648K)
[4027.715s][info][gc             ] GC(373) Pause Young (Concurrent Start) (G1 Evacuation Pause) 9352M->5030M(10240M) 148.898ms
[4027.715s][info][gc             ] GC(374) Concurrent Mark Cycle
[4027.715s][info][gc,marking     ] GC(374) Concurrent Scan Root Regions
[4027.715s][info][gc,cpu         ] GC(373) User=1.17s Sys=0.00s Real=0.15s
.[4027.995s][info][gc,marking     ] GC(374) Concurrent Scan Root Regions 279.710ms
[4027.995s][info][gc,marking     ] GC(374) Concurrent Mark
[4027.995s][info][gc,marking     ] GC(374) Concurrent Mark From Roots
[4027.995s][info][gc,task        ] GC(374) Using 2 workers of 2 for marking
.[4028.822s][info][gc,marking     ] GC(374) Concurrent Mark From Roots 827.553ms
[4028.822s][info][gc,marking     ] GC(374) Concurrent Preclean
[4028.823s][info][gc,marking     ] GC(374) Concurrent Preclean 0.503ms
[4028.823s][info][gc,start       ] GC(374) Pause Remark
[4028.827s][info][gc             ] GC(374) Pause Remark 6038M->4878M(10240M) 3.573ms
[4028.827s][info][gc,cpu         ] GC(374) User=0.01s Sys=0.00s Real=0.01s
[4028.827s][info][gc,marking     ] GC(374) Concurrent Mark 831.967ms
[4028.827s][info][gc,marking     ] GC(374) Concurrent Rebuild Remembered Sets and Scrub Regions
[4029.286s][info][gc,marking     ] GC(374) Concurrent Rebuild Remembered Sets and Scrub Regions 459.437ms
[4029.286s][info][gc,start       ] GC(374) Pause Cleanup
[4029.287s][info][gc             ] GC(374) Pause Cleanup 5242M->5242M(10240M) 0.393ms
[4029.287s][info][gc,cpu         ] GC(374) User=0.00s Sys=0.00s Real=0.00s
[4029.287s][info][gc,marking     ] GC(374) Concurrent Clear Claimed Marks
[4029.287s][info][gc,marking     ] GC(374) Concurrent Clear Claimed Marks 0.051ms
[4029.287s][info][gc,marking     ] GC(374) Concurrent Cleanup for Next Mark
[4029.299s][info][gc,marking     ] GC(374) Concurrent Cleanup for Next Mark 11.864ms
[4029.299s][info][gc             ] GC(374) Concurrent Mark Cycle 1583.847ms
....[4033.060s][info][gc,start       ] GC(375) Pause Young (Prepare Mixed) (G1 Evacuation Pause)
[4033.060s][info][gc,task        ] GC(375) Using 8 workers of 8 for evacuation
[4033.207s][info][gc,phases      ] GC(375)   Pre Evacuate Collection Set: 0.28ms
[4033.207s][info][gc,phases      ] GC(375)   Merge Heap Roots: 0.67ms
[4033.207s][info][gc,phases      ] GC(375)   Evacuate Collection Set: 145.11ms
[4033.207s][info][gc,phases      ] GC(375)   Post Evacuate Collection Set: 1.13ms
[4033.207s][info][gc,phases      ] GC(375)   Other: 0.07ms
[4033.207s][info][gc,heap        ] GC(375) Eden regions: 542->0(678)
[4033.207s][info][gc,heap        ] GC(375) Survivor regions: 42->43(73)
[4033.207s][info][gc,heap        ] GC(375) Old regions: 413->420
[4033.207s][info][gc,heap        ] GC(375) Humongous regions: 32->32
[4033.207s][info][gc,metaspace   ] GC(375) Metaspace: 29955K(30464K)->29955K(30464K) NonClass: 26557K(26816K)->26557K(26816K) Class: 3397K(3648K)->3397K(3648K)
[4033.207s][info][gc             ] GC(375) Pause Young (Prepare Mixed) (G1 Evacuation Pause) 8206M->3935M(10240M) 147.401ms
[4033.207s][info][gc,cpu         ] GC(375) User=1.16s Sys=0.00s Real=0.15s
.......[4039.972s][info][gc,start       ] GC(376) Pause Young (Mixed) (G1 Evacuation Pause)
[4039.972s][info][gc,task        ] GC(376) Using 8 workers of 8 for evacuation
[4040.129s][info][gc,phases      ] GC(376)   Pre Evacuate Collection Set: 0.33ms
[4040.129s][info][gc,phases      ] GC(376)   Merge Heap Roots: 0.84ms
[4040.129s][info][gc,phases      ] GC(376)   Evacuate Collection Set: 154.56ms
[4040.129s][info][gc,phases      ] GC(376)   Post Evacuate Collection Set: 1.50ms
[4040.129s][info][gc,phases      ] GC(376)   Other: 0.08ms
[4040.129s][info][gc,heap        ] GC(376) Eden regions: 678->0(685)
[4040.129s][info][gc,heap        ] GC(376) Survivor regions: 43->50(91)
[4040.129s][info][gc,heap        ] GC(376) Old regions: 420->294
[4040.129s][info][gc,heap        ] GC(376) Humongous regions: 32->32
[4040.129s][info][gc,metaspace   ] GC(376) Metaspace: 29955K(30464K)->29955K(30464K) NonClass: 26557K(26816K)->26557K(26816K) Class: 3397K(3648K)->3397K(3648K)
[4040.129s][info][gc             ] GC(376) Pause Young (Mixed) (G1 Evacuation Pause) 9359M->2978M(10240M) 157.463ms
[4040.129s][info][gc,cpu         ] GC(376) User=1.24s Sys=0.00s Real=0.16s
.......[4046.761s][info][gc,start       ] GC(377) Pause Young (Mixed) (G1 Evacuation Pause)
[4046.761s][info][gc,task        ] GC(377) Using 8 workers of 8 for evacuation
[4046.930s][info][gc,phases      ] GC(377)   Pre Evacuate Collection Set: 0.32ms
[4046.930s][info][gc,phases      ] GC(377)   Merge Heap Roots: 0.72ms
[4046.930s][info][gc,phases      ] GC(377)   Evacuate Collection Set: 166.80ms
[4046.930s][info][gc,phases      ] GC(377)   Post Evacuate Collection Set: 1.36ms
[4046.930s][info][gc,phases      ] GC(377)   Other: 0.09ms
[4046.930s][info][gc,heap        ] GC(377) Eden regions: 669->0(673)
[4046.930s][info][gc,heap        ] GC(377) Survivor regions: 50->51(90)
[4046.930s][info][gc,heap        ] GC(377) Old regions: 294->261
[4046.930s][info][gc,heap        ] GC(377) Humongous regions: 32->32
[4046.930s][info][gc,metaspace   ] GC(377) Metaspace: 29955K(30464K)->29955K(30464K) NonClass: 26557K(26816K)->26557K(26816K) Class: 3397K(3648K)->3397K(3648K)
[4046.930s][info][gc             ] GC(377) Pause Young (Mixed) (G1 Evacuation Pause) 8330M->2722M(10240M) 169.440ms
[4046.931s][info][gc,cpu         ] GC(377) User=1.33s Sys=0.00s Real=0.17s
.... (rIR:aIR:PR = 6642:6642:6642) (tPR = 98859) [OK] 
  4050s: Performance info:
         Transaction,    Success,    Partial,     Failed,   Receipts, AvgBarcode, 
             Overall,     400545,          0,          0,     380507,      59.47, 
         Response times:
             Request,    Success,    Partial,     Failed,   SkipFail,     Probes,    Samples,      min,      p50,      p90,      p95,      p99,      max, 
       TotalPurchase,     380507,          0,          0,          0,     360659,     404548,      400,     4700,     8900,    14100,    65000,   418000,
     InStorePurchase,     200222,          0,          0,          0,     189686,     212307,      400,     4600,     8800,    13500,    64000,   418000,
      OnlinePurchase,     140211,          0,          0,          0,     133131,     149433,      400,     4800,     8900,    15000,    65000,   418000,
        InstPurchase,      40074,          0,          0,          0,      37842,      42808,      500,     4700,     9000,    15300,    64000,   259000,
          AssocOfCat,        395,          0,          0,          0,        322,        433,    25000,    39000,    58000,    83000,   186980,   246000,
      AssocOfProduct,       4007,          0,          0,          0,       3803,       4493,      700,     5400,     9500,    19260,    69000,   179000,
      BusinessReport,        997,          0,          0,          0,        879,       1140,    26000,    48000,    69000,   100900,   200130,   237000,
          CustBuyBeh,       4011,          0,          0,          0,       3778,       4461,      300,     5000,     9000,    18500,    65000,   164000,
       ProductReturn,      10628,          0,          0,          0,      10133,      11659,      200,     4300,     8600,    14500,    65000,   417000,

  4050s: (49%)   IR =   6780 ..[4053.443s][info][gc,start       ] GC(378) Pause Young (Mixed) (G1 Evacuation Pause)
[4053.443s][info][gc,task        ] GC(378) Using 8 workers of 8 for evacuation
[4053.612s][info][gc,phases      ] GC(378)   Pre Evacuate Collection Set: 0.31ms
[4053.612s][info][gc,phases      ] GC(378)   Merge Heap Roots: 0.75ms
[4053.612s][info][gc,phases      ] GC(378)   Evacuate Collection Set: 166.14ms
[4053.612s][info][gc,phases      ] GC(378)   Post Evacuate Collection Set: 1.41ms
[4053.612s][info][gc,phases      ] GC(378)   Other: 0.08ms
[4053.612s][info][gc,heap        ] GC(378) Eden regions: 659->0(697)
[4053.612s][info][gc,heap        ] GC(378) Survivor regions: 51->50(89)
[4053.612s][info][gc,heap        ] GC(378) Old regions: 261->227
[4053.612s][info][gc,heap        ] GC(378) Humongous regions: 32->32
[4053.612s][info][gc,metaspace   ] GC(378) Metaspace: 29955K(30464K)->29955K(30464K) NonClass: 26557K(26816K)->26557K(26816K) Class: 3397K(3648K)->3397K(3648K)
[4053.612s][info][gc             ] GC(378) Pause Young (Mixed) (G1 Evacuation Pause) 7994M->2451M(10240M) 168.832ms
[4053.612s][info][gc,cpu         ] GC(378) User=1.33s Sys=0.00s Real=0.17s
..|.....[4060.386s][info][gc,start       ] GC(379) Pause Young (Mixed) (G1 Evacuation Pause)
[4060.386s][info][gc,task        ] GC(379) Using 8 workers of 8 for evacuation
[4060.554s][info][gc,phases      ] GC(379)   Pre Evacuate Collection Set: 0.33ms
[4060.554s][info][gc,phases      ] GC(379)   Merge Heap Roots: 0.80ms
[4060.554s][info][gc,phases      ] GC(379)   Evacuate Collection Set: 165.68ms
[4060.554s][info][gc,phases      ] GC(379)   Post Evacuate Collection Set: 1.42ms
[4060.554s][info][gc,phases      ] GC(379)   Other: 0.08ms
[4060.554s][info][gc,heap        ] GC(379) Eden regions: 693->0(682)
[4060.554s][info][gc,heap        ] GC(379) Survivor regions: 50->51(93)
[4060.554s][info][gc,heap        ] GC(379) Old regions: 227->194
[4060.554s][info][gc,heap        ] GC(379) Humongous regions: 32->32
[4060.554s][info][gc,metaspace   ] GC(379) Metaspace: 29955K(30464K)->29955K(30464K) NonClass: 26557K(26816K)->26557K(26816K) Class: 3397K(3648K)->3397K(3648K)
[4060.554s][info][gc             ] GC(379) Pause Young (Mixed) (G1 Evacuation Pause) 7995M->2191M(10240M) 168.460ms
[4060.554s][info][gc,cpu         ] GC(379) User=1.32s Sys=0.00s Real=0.16s
.......[4067.202s][info][gc,start       ] GC(380) Pause Young (Mixed) (G1 Evacuation Pause)
[4067.202s][info][gc,task        ] GC(380) Using 8 workers of 8 for evacuation
[4067.374s][info][gc,phases      ] GC(380)   Pre Evacuate Collection Set: 0.33ms
[4067.374s][info][gc,phases      ] GC(380)   Merge Heap Roots: 1.05ms
[4067.374s][info][gc,phases      ] GC(380)   Evacuate Collection Set: 168.50ms
[4067.374s][info][gc,phases      ] GC(380)   Post Evacuate Collection Set: 1.32ms
[4067.374s][info][gc,phases      ] GC(380)   Other: 0.08ms
[4067.374s][info][gc,heap        ] GC(380) Eden regions: 687->0(717)
[4067.374s][info][gc,heap        ] GC(380) Survivor regions: 51->51(93)
[4067.374s][info][gc,heap        ] GC(380) Old regions: 194->162
[4067.374s][info][gc,heap        ] GC(380) Humongous regions: 32->32
[4067.374s][info][gc,metaspace   ] GC(380) Metaspace: 29955K(30464K)->29955K(30464K) NonClass: 26557K(26816K)->26557K(26816K) Class: 3397K(3648K)->3397K(3648K)
[4067.374s][info][gc             ] GC(380) Pause Young (Mixed) (G1 Evacuation Pause) 7687M->1931M(10240M) 171.419ms
[4067.374s][info][gc,cpu         ] GC(380) User=1.35s Sys=0.00s Real=0.17s
.......[4074.345s][info][gc,start       ] GC(381) Pause Young (Mixed) (G1 Evacuation Pause)
[4074.345s][info][gc,task        ] GC(381) Using 8 workers of 8 for evacuation
[4074.514s][info][gc,phases      ] GC(381)   Pre Evacuate Collection Set: 0.32ms
[4074.514s][info][gc,phases      ] GC(381)   Merge Heap Roots: 0.69ms
[4074.514s][info][gc,phases      ] GC(381)   Evacuate Collection Set: 167.07ms
[4074.514s][info][gc,phases      ] GC(381)   Post Evacuate Collection Set: 1.26ms
[4074.514s][info][gc,phases      ] GC(381)   Other: 0.08ms
[4074.514s][info][gc,heap        ] GC(381) Eden regions: 717->0(716)
[4074.514s][info][gc,heap        ] GC(381) Survivor regions: 51->52(96)
[4074.514s][info][gc,heap        ] GC(381) Old regions: 162->156
[4074.514s][info][gc,heap        ] GC(381) Humongous regions: 32->32
[4074.514s][info][gc,metaspace   ] GC(381) Metaspace: 29955K(30464K)->29955K(30464K) NonClass: 26557K(26816K)->26557K(26816K) Class: 3397K(3648K)->3397K(3648K)
[4074.514s][info][gc             ] GC(381) Pause Young (Mixed) (G1 Evacuation Pause) 7667M->1893M(10240M) 169.554ms
[4074.514s][info][gc,cpu         ] GC(381) User=1.34s Sys=0.00s Real=0.17s
.......[4081.426s][info][gc,start       ] GC(382) Pause Young (Normal) (G1 Evacuation Pause)
[4081.426s][info][gc,task        ] GC(382) Using 8 workers of 8 for evacuation
[4081.591s][info][gc,phases      ] GC(382)   Pre Evacuate Collection Set: 0.30ms
[4081.592s][info][gc,phases      ] GC(382)   Merge Heap Roots: 0.57ms
[4081.592s][info][gc,phases      ] GC(382)   Evacuate Collection Set: 163.14ms
[4081.592s][info][gc,phases      ] GC(382)   Post Evacuate Collection Set: 1.25ms
[4081.592s][info][gc,phases      ] GC(382)   Other: 0.09ms
[4081.592s][info][gc,heap        ] GC(382) Eden regions: 716->0(716)
[4081.592s][info][gc,heap        ] GC(382) Survivor regions: 52->52(96)
[4081.592s][info][gc,heap        ] GC(382) Old regions: 156->158
[4081.592s][info][gc,heap        ] GC(382) Humongous regions: 32->32
[4081.592s][info][gc,metaspace   ] GC(382) Metaspace: 29955K(30464K)->29955K(30464K) NonClass: 26557K(26816K)->26557K(26816K) Class: 3397K(3648K)->3397K(3648K)
[4081.592s][info][gc             ] GC(382) Pause Young (Normal) (G1 Evacuation Pause) 7621M->1909M(10240M) 165.481ms
[4081.592s][info][gc,cpu         ] GC(382) User=1.30s Sys=0.00s Real=0.16s
.......[4088.557s][info][gc,start       ] GC(383) Pause Young (Normal) (G1 Evacuation Pause)
[4088.557s][info][gc,task        ] GC(383) Using 8 workers of 8 for evacuation
[4088.722s][info][gc,phases      ] GC(383)   Pre Evacuate Collection Set: 0.29ms
[4088.722s][info][gc,phases      ] GC(383)   Merge Heap Roots: 0.64ms
[4088.722s][info][gc,phases      ] GC(383)   Evacuate Collection Set: 163.04ms
[4088.722s][info][gc,phases      ] GC(383)   Post Evacuate Collection Set: 1.31ms
[4088.722s][info][gc,phases      ] GC(383)   Other: 0.07ms
[4088.722s][info][gc,heap        ] GC(383) Eden regions: 716->0(716)
[4088.722s][info][gc,heap        ] GC(383) Survivor regions: 52->52(96)
[4088.722s][info][gc,heap        ] GC(383) Old regions: 158->160
[4088.722s][info][gc,heap        ] GC(383) Humongous regions: 32->32
[4088.722s][info][gc,metaspace   ] GC(383) Metaspace: 29955K(30464K)->29955K(30464K) NonClass: 26557K(26816K)->26557K(26816K) Class: 3397K(3648K)->3397K(3648K)
[4088.722s][info][gc             ] GC(383) Pause Young (Normal) (G1 Evacuation Pause) 7637M->1931M(10240M) 165.509ms
[4088.722s][info][gc,cpu         ] GC(383) User=1.30s Sys=0.00s Real=0.16s
.......[4095.672s][info][gc,start       ] GC(384) Pause Young (Normal) (G1 Evacuation Pause)
[4095.672s][info][gc,task        ] GC(384) Using 8 workers of 8 for evacuation
[4095.841s][info][gc,phases      ] GC(384)   Pre Evacuate Collection Set: 0.31ms
[4095.841s][info][gc,phases      ] GC(384)   Merge Heap Roots: 0.58ms
[4095.841s][info][gc,phases      ] GC(384)   Evacuate Collection Set: 166.59ms
[4095.841s][info][gc,phases      ] GC(384)   Post Evacuate Collection Set: 1.26ms
[4095.841s][info][gc,phases      ] GC(384)   Other: 0.07ms
[4095.841s][info][gc,heap        ] GC(384) Eden regions: 716->0(716)
[4095.841s][info][gc,heap        ] GC(384) Survivor regions: 52->52(96)
[4095.841s][info][gc,heap        ] GC(384) Old regions: 160->163
[4095.841s][info][gc,heap        ] GC(384) Humongous regions: 32->32
[4095.841s][info][gc,metaspace   ] GC(384) Metaspace: 29955K(30464K)->29955K(30464K) NonClass: 26557K(26816K)->26557K(26816K) Class: 3397K(3648K)->3397K(3648K)
[4095.841s][info][gc             ] GC(384) Pause Young (Normal) (G1 Evacuation Pause) 7659M->1950M(10240M) 168.945ms
[4095.841s][info][gc,cpu         ] GC(384) User=1.33s Sys=0.00s Real=0.17s
........[4102.853s][info][gc,start       ] GC(385) Pause Young (Normal) (G1 Evacuation Pause)
[4102.853s][info][gc,task        ] GC(385) Using 8 workers of 8 for evacuation
[4103.019s][info][gc,phases      ] GC(385)   Pre Evacuate Collection Set: 0.33ms
[4103.019s][info][gc,phases      ] GC(385)   Merge Heap Roots: 0.60ms
[4103.019s][info][gc,phases      ] GC(385)   Evacuate Collection Set: 163.63ms
[4103.019s][info][gc,phases      ] GC(385)   Post Evacuate Collection Set: 1.24ms
[4103.019s][info][gc,phases      ] GC(385)   Other: 0.07ms
[4103.019s][info][gc,heap        ] GC(385) Eden regions: 716->0(717)
[4103.019s][info][gc,heap        ] GC(385) Survivor regions: 52->51(96)
[4103.019s][info][gc,heap        ] GC(385) Old regions: 163->165
[4103.019s][info][gc,heap        ] GC(385) Humongous regions: 32->32
[4103.019s][info][gc,metaspace   ] GC(385) Metaspace: 29955K(30464K)->29955K(30464K) NonClass: 26557K(26816K)->26557K(26816K) Class: 3397K(3648K)->3397K(3648K)
[4103.019s][info][gc             ] GC(385) Pause Young (Normal) (G1 Evacuation Pause) 7678M->1961M(10240M) 165.995ms
[4103.019s][info][gc,cpu         ] GC(385) User=1.31s Sys=0.00s Real=0.17s
.......[4110.000s][info][gc,start       ] GC(386) Pause Young (Normal) (G1 Evacuation Pause)
[4110.000s][info][gc,task        ] GC(386) Using 8 workers of 8 for evacuation
[4110.175s][info][gc,phases      ] GC(386)   Pre Evacuate Collection Set: 0.30ms
[4110.175s][info][gc,phases      ] GC(386)   Merge Heap Roots: 0.59ms
[4110.175s][info][gc,phases      ] GC(386)   Evacuate Collection Set: 172.95ms
[4110.175s][info][gc,phases      ] GC(386)   Post Evacuate Collection Set: 1.27ms
[4110.175s][info][gc,phases      ] GC(386)   Other: 0.07ms
[4110.175s][info][gc,heap        ] GC(386) Eden regions: 717->0(714)
[4110.175s][info][gc,heap        ] GC(386) Survivor regions: 51->54(96)
[4110.175s][info][gc,heap        ] GC(386) Old regions: 165->168
[4110.175s][info][gc,heap        ] GC(386) Humongous regions: 32->32
[4110.175s][info][gc,metaspace   ] GC(386) Metaspace: 29955K(30464K)->29955K(30464K) NonClass: 26557K(26816K)->26557K(26816K) Class: 3397K(3648K)->3397K(3648K)
[4110.175s][info][gc             ] GC(386) Pause Young (Normal) (G1 Evacuation Pause) 7697M->2005M(10240M) 175.338ms
[4110.175s][info][gc,cpu         ] GC(386) User=1.38s Sys=0.00s Real=0.18s
..... (rIR:aIR:PR = 6780:6781:6781) (tPR = 100712) [OK] 
  4114s: Performance info:
         Transaction,    Success,    Partial,     Failed,   Receipts, AvgBarcode, 
             Overall,     407106,          0,          0,     386744,      59.47, 
         Response times:
             Request,    Success,    Partial,     Failed,   SkipFail,     Probes,    Samples,      min,      p50,      p90,      p95,      p99,      max, 
       TotalPurchase,     386704,          0,          0,          0,     359434,     385331,      300,     4800,     8900,    12000,    70000,   444000,
     InStorePurchase,     203524,          0,          0,          0,     189168,     202881,      400,     4800,     8900,    12100,    70000,   444000,
      OnlinePurchase,     142530,          0,          0,          0,     132183,     141451,      300,     4900,     8900,    11800,    69000,   443000,
        InstPurchase,      40650,          0,          0,          0,      38083,      40999,      500,     5000,     9000,    12200,    72000,   444000,
          AssocOfCat,        411,          0,          0,          0,        323,        388,    26000,    40000,    56000,    68550,   155820,   230000,
      AssocOfProduct,       4070,          0,          0,          0,       3802,       4312,      500,     4800,     9000,    12000,    67000,   183000,
      BusinessReport,       1013,          0,          0,          0,        901,       1099,    32000,    47000,    63000,    74000,   215000,   245000,
          CustBuyBeh,       4080,          0,          0,          0,       3805,       4283,      200,     4100,     8700,    11400,    70000,   198000,
       ProductReturn,      10785,          0,          0,          0,      10324,      11397,      200,     4200,     9100,    12610,    65000,   198000,

  4114s: (50%)   IR =   6918 ..[4117.026s][info][gc,start       ] GC(387) Pause Young (Normal) (G1 Evacuation Pause)
[4117.026s][info][gc,task        ] GC(387) Using 8 workers of 8 for evacuation
[4117.192s][info][gc,phases      ] GC(387)   Pre Evacuate Collection Set: 0.32ms
[4117.192s][info][gc,phases      ] GC(387)   Merge Heap Roots: 0.57ms
[4117.192s][info][gc,phases      ] GC(387)   Evacuate Collection Set: 164.54ms
[4117.192s][info][gc,phases      ] GC(387)   Post Evacuate Collection Set: 1.27ms
[4117.193s][info][gc,phases      ] GC(387)   Other: 0.07ms
[4117.193s][info][gc,heap        ] GC(387) Eden regions: 714->0(716)
[4117.193s][info][gc,heap        ] GC(387) Survivor regions: 54->52(96)
[4117.193s][info][gc,heap        ] GC(387) Old regions: 168->170
[4117.193s][info][gc,heap        ] GC(387) Humongous regions: 32->32
[4117.193s][info][gc,metaspace   ] GC(387) Metaspace: 29955K(30464K)->29955K(30464K) NonClass: 26557K(26816K)->26557K(26816K) Class: 3397K(3648K)->3397K(3648K)
[4117.193s][info][gc             ] GC(387) Pause Young (Normal) (G1 Evacuation Pause) 7717M->2007M(10240M) 166.899ms
[4117.193s][info][gc,cpu         ] GC(387) User=1.31s Sys=0.00s Real=0.16s
.....|..[4124.067s][info][gc,start       ] GC(388) Pause Young (Normal) (G1 Evacuation Pause)
[4124.067s][info][gc,task        ] GC(388) Using 8 workers of 8 for evacuation
[4124.233s][info][gc,phases      ] GC(388)   Pre Evacuate Collection Set: 0.30ms
[4124.233s][info][gc,phases      ] GC(388)   Merge Heap Roots: 0.56ms
[4124.233s][info][gc,phases      ] GC(388)   Evacuate Collection Set: 162.87ms
[4124.233s][info][gc,phases      ] GC(388)   Post Evacuate Collection Set: 1.27ms
[4124.233s][info][gc,phases      ] GC(388)   Other: 0.06ms
[4124.233s][info][gc,heap        ] GC(388) Eden regions: 716->0(716)
[4124.233s][info][gc,heap        ] GC(388) Survivor regions: 52->52(96)
[4124.233s][info][gc,heap        ] GC(388) Old regions: 170->172
[4124.233s][info][gc,heap        ] GC(388) Humongous regions: 32->32
[4124.233s][info][gc,metaspace   ] GC(388) Metaspace: 29955K(30464K)->29955K(30464K) NonClass: 26557K(26816K)->26557K(26816K) Class: 3397K(3648K)->3397K(3648K)
[4124.233s][info][gc             ] GC(388) Pause Young (Normal) (G1 Evacuation Pause) 7735M->2025M(10240M) 165.221ms
[4124.233s][info][gc,cpu         ] GC(388) User=1.30s Sys=0.00s Real=0.16s
.......[4131.019s][info][gc,start       ] GC(389) Pause Young (Normal) (G1 Evacuation Pause)
[4131.019s][info][gc,task        ] GC(389) Using 8 workers of 8 for evacuation
[4131.186s][info][gc,phases      ] GC(389)   Pre Evacuate Collection Set: 0.31ms
[4131.186s][info][gc,phases      ] GC(389)   Merge Heap Roots: 0.61ms
[4131.186s][info][gc,phases      ] GC(389)   Evacuate Collection Set: 164.81ms
[4131.186s][info][gc,phases      ] GC(389)   Post Evacuate Collection Set: 1.26ms
[4131.186s][info][gc,phases      ] GC(389)   Other: 0.07ms
[4131.187s][info][gc,heap        ] GC(389) Eden regions: 716->0(715)
[4131.187s][info][gc,heap        ] GC(389) Survivor regions: 52->53(96)
[4131.187s][info][gc,heap        ] GC(389) Old regions: 172->175
[4131.187s][info][gc,heap        ] GC(389) Humongous regions: 32->32
[4131.187s][info][gc,metaspace   ] GC(389) Metaspace: 29955K(30464K)->29955K(30464K) NonClass: 26557K(26816K)->26557K(26816K) Class: 3397K(3648K)->3397K(3648K)
[4131.187s][info][gc             ] GC(389) Pause Young (Normal) (G1 Evacuation Pause) 7753M->2048M(10240M) 167.228ms
[4131.187s][info][gc,cpu         ] GC(389) User=1.31s Sys=0.00s Real=0.17s
.......[4138.027s][info][gc,start       ] GC(390) Pause Young (Normal) (G1 Evacuation Pause)
[4138.027s][info][gc,task        ] GC(390) Using 8 workers of 8 for evacuation
[4138.201s][info][gc,phases      ] GC(390)   Pre Evacuate Collection Set: 0.28ms
[4138.201s][info][gc,phases      ] GC(390)   Merge Heap Roots: 0.57ms
[4138.201s][info][gc,phases      ] GC(390)   Evacuate Collection Set: 171.52ms
[4138.201s][info][gc,phases      ] GC(390)   Post Evacuate Collection Set: 1.25ms
[4138.201s][info][gc,phases      ] GC(390)   Other: 0.07ms
[4138.201s][info][gc,heap        ] GC(390) Eden regions: 715->0(714)
[4138.201s][info][gc,heap        ] GC(390) Survivor regions: 53->54(96)
[4138.201s][info][gc,heap        ] GC(390) Old regions: 175->177
[4138.201s][info][gc,heap        ] GC(390) Humongous regions: 32->32
[4138.201s][info][gc,metaspace   ] GC(390) Metaspace: 29955K(30464K)->29955K(30464K) NonClass: 26557K(26816K)->26557K(26816K) Class: 3397K(3648K)->3397K(3648K)
[4138.201s][info][gc             ] GC(390) Pause Young (Normal) (G1 Evacuation Pause) 7768M->2078M(10240M) 173.814ms
[4138.201s][info][gc,cpu         ] GC(390) User=1.36s Sys=0.01s Real=0.17s
.......[4144.995s][info][gc,start       ] GC(391) Pause Young (Normal) (G1 Evacuation Pause)
[4144.995s][info][gc,task        ] GC(391) Using 8 workers of 8 for evacuation
[4145.161s][info][gc,phases      ] GC(391)   Pre Evacuate Collection Set: 0.29ms
[4145.161s][info][gc,phases      ] GC(391)   Merge Heap Roots: 0.57ms
[4145.161s][info][gc,phases      ] GC(391)   Evacuate Collection Set: 163.99ms
[4145.161s][info][gc,phases      ] GC(391)   Post Evacuate Collection Set: 1.24ms
[4145.161s][info][gc,phases      ] GC(391)   Other: 0.09ms
[4145.161s][info][gc,heap        ] GC(391) Eden regions: 714->0(716)
[4145.161s][info][gc,heap        ] GC(391) Survivor regions: 54->52(96)
[4145.161s][info][gc,heap        ] GC(391) Old regions: 177->179
[4145.161s][info][gc,heap        ] GC(391) Humongous regions: 32->32
[4145.161s][info][gc,metaspace   ] GC(391) Metaspace: 29955K(30464K)->29955K(30464K) NonClass: 26557K(26816K)->26557K(26816K) Class: 3397K(3648K)->3397K(3648K)
[4145.161s][info][gc             ] GC(391) Pause Young (Normal) (G1 Evacuation Pause) 7790M->2081M(10240M) 166.323ms
[4145.161s][info][gc,cpu         ] GC(391) User=1.32s Sys=0.00s Real=0.17s
......[4151.912s][info][gc,start       ] GC(392) Pause Young (Normal) (G1 Evacuation Pause)
[4151.912s][info][gc,task        ] GC(392) Using 8 workers of 8 for evacuation
[4152.077s][info][gc,phases      ] GC(392)   Pre Evacuate Collection Set: 0.29ms
[4152.077s][info][gc,phases      ] GC(392)   Merge Heap Roots: 0.57ms
[4152.077s][info][gc,phases      ] GC(392)   Evacuate Collection Set: 163.25ms
[4152.077s][info][gc,phases      ] GC(392)   Post Evacuate Collection Set: 1.24ms
[4152.077s][info][gc,phases      ] GC(392)   Other: 0.06ms
[4152.078s][info][gc,heap        ] GC(392) Eden regions: 716->0(717)
[4152.078s][info][gc,heap        ] GC(392) Survivor regions: 52->51(96)
[4152.078s][info][gc,heap        ] GC(392) Old regions: 179->182
[4152.078s][info][gc,heap        ] GC(392) Humongous regions: 32->32
[4152.078s][info][gc,metaspace   ] GC(392) Metaspace: 29955K(30464K)->29955K(30464K) NonClass: 26557K(26816K)->26557K(26816K) Class: 3397K(3648K)->3397K(3648K)
[4152.078s][info][gc             ] GC(392) Pause Young (Normal) (G1 Evacuation Pause) 7809M->2093M(10240M) 165.568ms
[4152.078s][info][gc,cpu         ] GC(392) User=1.30s Sys=0.00s Real=0.17s
.......[4158.946s][info][gc,start       ] GC(393) Pause Young (Normal) (G1 Evacuation Pause)
[4158.946s][info][gc,task        ] GC(393) Using 8 workers of 8 for evacuation
[4159.115s][info][gc,phases      ] GC(393)   Pre Evacuate Collection Set: 0.29ms
[4159.115s][info][gc,phases      ] GC(393)   Merge Heap Roots: 0.66ms
[4159.115s][info][gc,phases      ] GC(393)   Evacuate Collection Set: 166.49ms
[4159.115s][info][gc,phases      ] GC(393)   Post Evacuate Collection Set: 1.26ms
[4159.115s][info][gc,phases      ] GC(393)   Other: 0.08ms
[4159.115s][info][gc,heap        ] GC(393) Eden regions: 717->0(715)
[4159.115s][info][gc,heap        ] GC(393) Survivor regions: 51->53(96)
[4159.115s][info][gc,heap        ] GC(393) Old regions: 182->184
[4159.115s][info][gc,heap        ] GC(393) Humongous regions: 32->32
[4159.115s][info][gc,metaspace   ] GC(393) Metaspace: 29955K(30464K)->29955K(30464K) NonClass: 26557K(26816K)->26557K(26816K) Class: 3397K(3648K)->3397K(3648K)
[4159.115s][info][gc             ] GC(393) Pause Young (Normal) (G1 Evacuation Pause) 7829M->2122M(10240M) 168.920ms
[4159.115s][info][gc,cpu         ] GC(393) User=1.33s Sys=0.00s Real=0.17s
.......[4165.908s][info][gc,start       ] GC(394) Pause Young (Normal) (G1 Evacuation Pause)
[4165.909s][info][gc,task        ] GC(394) Using 8 workers of 8 for evacuation
[4166.076s][info][gc,phases      ] GC(394)   Pre Evacuate Collection Set: 0.29ms
[4166.076s][info][gc,phases      ] GC(394)   Merge Heap Roots: 0.58ms
[4166.076s][info][gc,phases      ] GC(394)   Evacuate Collection Set: 165.07ms
[4166.076s][info][gc,phases      ] GC(394)   Post Evacuate Collection Set: 1.29ms
[4166.076s][info][gc,phases      ] GC(394)   Other: 0.09ms
[4166.076s][info][gc,heap        ] GC(394) Eden regions: 715->0(716)
[4166.076s][info][gc,heap        ] GC(394) Survivor regions: 53->52(96)
[4166.076s][info][gc,heap        ] GC(394) Old regions: 184->186
[4166.076s][info][gc,heap        ] GC(394) Humongous regions: 32->32
[4166.076s][info][gc,metaspace   ] GC(394) Metaspace: 29955K(30464K)->29955K(30464K) NonClass: 26557K(26816K)->26557K(26816K) Class: 3397K(3648K)->3397K(3648K)
[4166.076s][info][gc             ] GC(394) Pause Young (Normal) (G1 Evacuation Pause) 7842M->2132M(10240M) 167.454ms
[4166.076s][info][gc,cpu         ] GC(394) User=1.32s Sys=0.00s Real=0.17s
.......[4172.892s][info][gc,start       ] GC(395) Pause Young (Normal) (G1 Evacuation Pause)
[4172.892s][info][gc,task        ] GC(395) Using 8 workers of 8 for evacuation
[4173.058s][info][gc,phases      ] GC(395)   Pre Evacuate Collection Set: 0.30ms
[4173.058s][info][gc,phases      ] GC(395)   Merge Heap Roots: 0.54ms
[4173.058s][info][gc,phases      ] GC(395)   Evacuate Collection Set: 163.96ms
[4173.058s][info][gc,phases      ] GC(395)   Post Evacuate Collection Set: 1.24ms
[4173.058s][info][gc,phases      ] GC(395)   Other: 0.07ms
[4173.058s][info][gc,heap        ] GC(395) Eden regions: 716->0(716)
[4173.058s][info][gc,heap        ] GC(395) Survivor regions: 52->52(96)
[4173.058s][info][gc,heap        ] GC(395) Old regions: 186->188
[4173.058s][info][gc,heap        ] GC(395) Humongous regions: 32->32
[4173.058s][info][gc,metaspace   ] GC(395) Metaspace: 29955K(30464K)->29955K(30464K) NonClass: 26557K(26816K)->26557K(26816K) Class: 3397K(3648K)->3397K(3648K)
[4173.058s][info][gc             ] GC(395) Pause Young (Normal) (G1 Evacuation Pause) 7860M->2151M(10240M) 166.268ms
[4173.058s][info][gc,cpu         ] GC(395) User=1.31s Sys=0.00s Real=0.17s
.......[4179.907s][info][gc,start       ] GC(396) Pause Young (Normal) (G1 Evacuation Pause)
[4179.907s][info][gc,task        ] GC(396) Using 8 workers of 8 for evacuation
[4180.073s][info][gc,phases      ] GC(396)   Pre Evacuate Collection Set: 0.30ms
[4180.073s][info][gc,phases      ] GC(396)   Merge Heap Roots: 0.62ms
[4180.073s][info][gc,phases      ] GC(396)   Evacuate Collection Set: 164.03ms
[4180.073s][info][gc,phases      ] GC(396)   Post Evacuate Collection Set: 1.25ms
[4180.073s][info][gc,phases      ] GC(396)   Other: 0.07ms
[4180.073s][info][gc,heap        ] GC(396) Eden regions: 716->0(717)
[4180.073s][info][gc,heap        ] GC(396) Survivor regions: 52->51(96)
[4180.073s][info][gc,heap        ] GC(396) Old regions: 188->191
[4180.073s][info][gc,heap        ] GC(396) Humongous regions: 32->32
[4180.073s][info][gc,metaspace   ] GC(396) Metaspace: 29955K(30464K)->29955K(30464K) NonClass: 26557K(26816K)->26557K(26816K) Class: 3397K(3648K)->3397K(3648K)
[4180.073s][info][gc             ] GC(396) Pause Young (Normal) (G1 Evacuation Pause) 7879M->2165M(10240M) 166.414ms
[4180.074s][info][gc,cpu         ] GC(396) User=1.31s Sys=0.00s Real=0.16s
... (rIR:aIR:PR = 6918:6913:6913) (tPR = 102690) [OK] 
  4181s: Performance info:
         Transaction,    Success,    Partial,     Failed,   Receipts, AvgBarcode, 
             Overall,     416186,          0,          0,     395421,      59.48, 
         Response times:
             Request,    Success,    Partial,     Failed,   SkipFail,     Probes,    Samples,      min,      p50,      p90,      p95,      p99,      max, 
       TotalPurchase,     395431,          0,          0,          0,     359845,     405584,      400,     4900,     9100,    11700,    63000,   281000,
     InStorePurchase,     207987,          0,          0,          0,     189786,     213813,      400,     4900,     9000,    11600,    63000,   281000,
      OnlinePurchase,     145739,          0,          0,          0,     131863,     148449,      400,     5000,     9100,    11600,    64000,   201000,
        InstPurchase,      41705,          0,          0,          0,      38196,      43322,      500,     4900,     9200,    12100,    64000,   219000,
          AssocOfCat,        415,          0,          0,          0,        325,        463,    28000,    40000,    57000,    65800,   115440,   210000,
      AssocOfProduct,       4156,          0,          0,          0,       3907,       4689,      600,     5100,     9100,    10900,    57000,   174000,
      BusinessReport,       1037,          0,          0,          0,        909,       1154,    31000,    48000,    66000,    75250,   180350,   242000,
          CustBuyBeh,       4158,          0,          0,          0,       3871,       4604,      300,     4800,     8550,    10800,    70900,   177000,
       ProductReturn,      11000,          0,          0,          0,       9319,      10848,      200,     4300,     8900,    11400,    66000,   186000,

  4181s: (51%)   IR =   7057 ....[4186.743s][info][gc,start       ] GC(397) Pause Young (Normal) (G1 Evacuation Pause)
[4186.743s][info][gc,task        ] GC(397) Using 8 workers of 8 for evacuation
[4186.907s][info][gc,phases      ] GC(397)   Pre Evacuate Collection Set: 0.31ms
[4186.907s][info][gc,phases      ] GC(397)   Merge Heap Roots: 0.62ms
[4186.907s][info][gc,phases      ] GC(397)   Evacuate Collection Set: 162.39ms
[4186.907s][info][gc,phases      ] GC(397)   Post Evacuate Collection Set: 1.32ms
[4186.908s][info][gc,phases      ] GC(397)   Other: 0.07ms
[4186.908s][info][gc,heap        ] GC(397) Eden regions: 717->0(715)
[4186.908s][info][gc,heap        ] GC(397) Survivor regions: 51->53(96)
[4186.908s][info][gc,heap        ] GC(397) Old regions: 191->193
[4186.908s][info][gc,heap        ] GC(397) Humongous regions: 32->32
[4186.908s][info][gc,metaspace   ] GC(397) Metaspace: 29955K(30464K)->29955K(30464K) NonClass: 26557K(26816K)->26557K(26816K) Class: 3397K(3648K)->3397K(3648K)
[4186.908s][info][gc             ] GC(397) Pause Young (Normal) (G1 Evacuation Pause) 7901M->2196M(10240M) 164.864ms
[4186.908s][info][gc,cpu         ] GC(397) User=1.30s Sys=0.00s Real=0.17s
.....|..[4193.635s][info][gc,start       ] GC(398) Pause Young (Normal) (G1 Evacuation Pause)
[4193.635s][info][gc,task        ] GC(398) Using 8 workers of 8 for evacuation
[4193.799s][info][gc,phases      ] GC(398)   Pre Evacuate Collection Set: 0.28ms
[4193.800s][info][gc,phases      ] GC(398)   Merge Heap Roots: 0.57ms
[4193.800s][info][gc,phases      ] GC(398)   Evacuate Collection Set: 161.87ms
[4193.800s][info][gc,phases      ] GC(398)   Post Evacuate Collection Set: 1.27ms
[4193.800s][info][gc,phases      ] GC(398)   Other: 0.07ms
[4193.800s][info][gc,heap        ] GC(398) Eden regions: 715->0(717)
[4193.800s][info][gc,heap        ] GC(398) Survivor regions: 53->51(96)
[4193.800s][info][gc,heap        ] GC(398) Old regions: 193->195
[4193.800s][info][gc,heap        ] GC(398) Humongous regions: 32->32
[4193.800s][info][gc,metaspace   ] GC(398) Metaspace: 29958K(30464K)->29958K(30464K) NonClass: 26560K(26816K)->26560K(26816K) Class: 3397K(3648K)->3397K(3648K)
[4193.800s][info][gc             ] GC(398) Pause Young (Normal) (G1 Evacuation Pause) 7916M->2199M(10240M) 164.209ms
[4193.800s][info][gc,cpu         ] GC(398) User=1.29s Sys=0.00s Real=0.16s
.......[4200.471s][info][gc,start       ] GC(399) Pause Young (Normal) (G1 Evacuation Pause)
[4200.471s][info][gc,task        ] GC(399) Using 8 workers of 8 for evacuation
[4200.637s][info][gc,phases      ] GC(399)   Pre Evacuate Collection Set: 0.29ms
[4200.637s][info][gc,phases      ] GC(399)   Merge Heap Roots: 0.62ms
[4200.637s][info][gc,phases      ] GC(399)   Evacuate Collection Set: 163.61ms
[4200.637s][info][gc,phases      ] GC(399)   Post Evacuate Collection Set: 1.31ms
[4200.637s][info][gc,phases      ] GC(399)   Other: 0.08ms
[4200.637s][info][gc,heap        ] GC(399) Eden regions: 717->0(717)
[4200.637s][info][gc,heap        ] GC(399) Survivor regions: 51->51(96)
[4200.637s][info][gc,heap        ] GC(399) Old regions: 195->198
[4200.637s][info][gc,heap        ] GC(399) Humongous regions: 32->32
[4200.637s][info][gc,metaspace   ] GC(399) Metaspace: 29958K(30464K)->29958K(30464K) NonClass: 26560K(26816K)->26560K(26816K) Class: 3397K(3648K)->3397K(3648K)
[4200.637s][info][gc             ] GC(399) Pause Young (Normal) (G1 Evacuation Pause) 7935M->2222M(10240M) 166.045ms
[4200.637s][info][gc,cpu         ] GC(399) User=1.30s Sys=0.00s Real=0.17s
.......[4207.341s][info][gc,start       ] GC(400) Pause Young (Normal) (G1 Evacuation Pause)
[4207.341s][info][gc,task        ] GC(400) Using 8 workers of 8 for evacuation
[4207.506s][info][gc,phases      ] GC(400)   Pre Evacuate Collection Set: 0.34ms
[4207.506s][info][gc,phases      ] GC(400)   Merge Heap Roots: 0.68ms
[4207.506s][info][gc,phases      ] GC(400)   Evacuate Collection Set: 162.55ms
[4207.506s][info][gc,phases      ] GC(400)   Post Evacuate Collection Set: 1.25ms
[4207.506s][info][gc,phases      ] GC(400)   Other: 0.07ms
[4207.506s][info][gc,heap        ] GC(400) Eden regions: 717->0(717)
[4207.506s][info][gc,heap        ] GC(400) Survivor regions: 51->51(96)
[4207.506s][info][gc,heap        ] GC(400) Old regions: 198->200
[4207.506s][info][gc,heap        ] GC(400) Humongous regions: 32->32
[4207.506s][info][gc,metaspace   ] GC(400) Metaspace: 29958K(30464K)->29958K(30464K) NonClass: 26560K(26816K)->26560K(26816K) Class: 3397K(3648K)->3397K(3648K)
[4207.506s][info][gc             ] GC(400) Pause Young (Normal) (G1 Evacuation Pause) 7958M->2241M(10240M) 165.056ms
[4207.506s][info][gc,cpu         ] GC(400) User=1.29s Sys=0.00s Real=0.17s
......[4214.232s][info][gc,start       ] GC(401) Pause Young (Normal) (G1 Evacuation Pause)
[4214.232s][info][gc,task        ] GC(401) Using 8 workers of 8 for evacuation
[4214.396s][info][gc,phases      ] GC(401)   Pre Evacuate Collection Set: 0.30ms
[4214.396s][info][gc,phases      ] GC(401)   Merge Heap Roots: 0.64ms
[4214.396s][info][gc,phases      ] GC(401)   Evacuate Collection Set: 162.49ms
[4214.396s][info][gc,phases      ] GC(401)   Post Evacuate Collection Set: 1.28ms
[4214.396s][info][gc,phases      ] GC(401)   Other: 0.07ms
[4214.396s][info][gc,heap        ] GC(401) Eden regions: 717->0(717)
[4214.396s][info][gc,heap        ] GC(401) Survivor regions: 51->51(96)
[4214.396s][info][gc,heap        ] GC(401) Old regions: 200->203
[4214.396s][info][gc,heap        ] GC(401) Humongous regions: 32->32
[4214.396s][info][gc,metaspace   ] GC(401) Metaspace: 29958K(30464K)->29958K(30464K) NonClass: 26560K(26816K)->26560K(26816K) Class: 3397K(3648K)->3397K(3648K)
[4214.396s][info][gc             ] GC(401) Pause Young (Normal) (G1 Evacuation Pause) 7977M->2256M(10240M) 164.938ms
[4214.397s][info][gc,cpu         ] GC(401) User=1.30s Sys=0.01s Real=0.17s
.......[4221.033s][info][gc,start       ] GC(402) Pause Young (Normal) (G1 Evacuation Pause)
[4221.033s][info][gc,task        ] GC(402) Using 8 workers of 8 for evacuation
[4221.202s][info][gc,phases      ] GC(402)   Pre Evacuate Collection Set: 0.28ms
[4221.202s][info][gc,phases      ] GC(402)   Merge Heap Roots: 0.63ms
[4221.202s][info][gc,phases      ] GC(402)   Evacuate Collection Set: 167.27ms
[4221.202s][info][gc,phases      ] GC(402)   Post Evacuate Collection Set: 1.25ms
[4221.202s][info][gc,phases      ] GC(402)   Other: 0.07ms
[4221.202s][info][gc,heap        ] GC(402) Eden regions: 717->0(715)
[4221.202s][info][gc,heap        ] GC(402) Survivor regions: 51->53(96)
[4221.202s][info][gc,heap        ] GC(402) Old regions: 203->205
[4221.202s][info][gc,heap        ] GC(402) Humongous regions: 32->32
[4221.202s][info][gc,metaspace   ] GC(402) Metaspace: 29958K(30464K)->29958K(30464K) NonClass: 26560K(26816K)->26560K(26816K) Class: 3397K(3648K)->3397K(3648K)
[4221.202s][info][gc             ] GC(402) Pause Young (Normal) (G1 Evacuation Pause) 7992M->2295M(10240M) 169.627ms
[4221.202s][info][gc,cpu         ] GC(402) User=1.33s Sys=0.00s Real=0.17s
.......[4227.859s][info][gc,start       ] GC(403) Pause Young (Normal) (G1 Evacuation Pause)
[4227.859s][info][gc,task        ] GC(403) Using 8 workers of 8 for evacuation
[4228.028s][info][gc,phases      ] GC(403)   Pre Evacuate Collection Set: 0.29ms
[4228.028s][info][gc,phases      ] GC(403)   Merge Heap Roots: 0.61ms
[4228.028s][info][gc,phases      ] GC(403)   Evacuate Collection Set: 167.05ms
[4228.028s][info][gc,phases      ] GC(403)   Post Evacuate Collection Set: 1.29ms
[4228.028s][info][gc,phases      ] GC(403)   Other: 0.07ms
[4228.028s][info][gc,heap        ] GC(403) Eden regions: 715->0(716)
[4228.028s][info][gc,heap        ] GC(403) Survivor regions: 53->52(96)
[4228.028s][info][gc,heap        ] GC(403) Old regions: 205->207
[4228.028s][info][gc,heap        ] GC(403) Humongous regions: 32->32
[4228.028s][info][gc,metaspace   ] GC(403) Metaspace: 29958K(30464K)->29958K(30464K) NonClass: 26560K(26816K)->26560K(26816K) Class: 3397K(3648K)->3397K(3648K)
[4228.028s][info][gc             ] GC(403) Pause Young (Normal) (G1 Evacuation Pause) 8015M->2306M(10240M) 169.452ms
[4228.028s][info][gc,cpu         ] GC(403) User=1.33s Sys=0.00s Real=0.17s
.......[4234.762s][info][gc,start       ] GC(404) Pause Young (Normal) (G1 Evacuation Pause)
[4234.762s][info][gc,task        ] GC(404) Using 8 workers of 8 for evacuation
[4234.930s][info][gc,phases      ] GC(404)   Pre Evacuate Collection Set: 0.28ms
[4234.930s][info][gc,phases      ] GC(404)   Merge Heap Roots: 0.60ms
[4234.930s][info][gc,phases      ] GC(404)   Evacuate Collection Set: 165.58ms
[4234.930s][info][gc,phases      ] GC(404)   Post Evacuate Collection Set: 1.29ms
[4234.930s][info][gc,phases      ] GC(404)   Other: 0.07ms
[4234.930s][info][gc,heap        ] GC(404) Eden regions: 716->0(716)
[4234.930s][info][gc,heap        ] GC(404) Survivor regions: 52->52(96)
[4234.930s][info][gc,heap        ] GC(404) Old regions: 207->210
[4234.930s][info][gc,heap        ] GC(404) Humongous regions: 32->32
[4234.930s][info][gc,metaspace   ] GC(404) Metaspace: 29958K(30464K)->29958K(30464K) NonClass: 26560K(26816K)->26560K(26816K) Class: 3397K(3648K)->3397K(3648K)
[4234.930s][info][gc             ] GC(404) Pause Young (Normal) (G1 Evacuation Pause) 8034M->2325M(10240M) 167.973ms
[4234.930s][info][gc,cpu         ] GC(404) User=1.32s Sys=0.00s Real=0.17s
.......[4241.602s][info][gc,start       ] GC(405) Pause Young (Normal) (G1 Evacuation Pause)
[4241.602s][info][gc,task        ] GC(405) Using 8 workers of 8 for evacuation
[4241.768s][info][gc,phases      ] GC(405)   Pre Evacuate Collection Set: 0.29ms
[4241.768s][info][gc,phases      ] GC(405)   Merge Heap Roots: 0.57ms
[4241.768s][info][gc,phases      ] GC(405)   Evacuate Collection Set: 163.80ms
[4241.768s][info][gc,phases      ] GC(405)   Post Evacuate Collection Set: 1.28ms
[4241.768s][info][gc,phases      ] GC(405)   Other: 0.06ms
[4241.768s][info][gc,heap        ] GC(405) Eden regions: 716->0(716)
[4241.768s][info][gc,heap        ] GC(405) Survivor regions: 52->52(96)
[4241.768s][info][gc,heap        ] GC(405) Old regions: 210->212
[4241.768s][info][gc,heap        ] GC(405) Humongous regions: 32->32
[4241.768s][info][gc,metaspace   ] GC(405) Metaspace: 29958K(30464K)->29958K(30464K) NonClass: 26560K(26816K)->26560K(26816K) Class: 3397K(3648K)->3397K(3648K)
[4241.768s][info][gc             ] GC(405) Pause Young (Normal) (G1 Evacuation Pause) 8053M->2340M(10240M) 166.143ms
[4241.768s][info][gc,cpu         ] GC(405) User=1.31s Sys=0.00s Real=0.17s
......[4248.401s][info][gc,start       ] GC(406) Pause Young (Normal) (G1 Evacuation Pause)
[4248.401s][info][gc,task        ] GC(406) Using 8 workers of 8 for evacuation
[4248.567s][info][gc,phases      ] GC(406)   Pre Evacuate Collection Set: 0.31ms
[4248.567s][info][gc,phases      ] GC(406)   Merge Heap Roots: 0.60ms
[4248.567s][info][gc,phases      ] GC(406)   Evacuate Collection Set: 164.34ms
[4248.567s][info][gc,phases      ] GC(406)   Post Evacuate Collection Set: 1.27ms
[4248.567s][info][gc,phases      ] GC(406)   Other: 0.06ms
[4248.567s][info][gc,heap        ] GC(406) Eden regions: 716->0(717)
[4248.567s][info][gc,heap        ] GC(406) Survivor regions: 52->51(96)
[4248.567s][info][gc,heap        ] GC(406) Old regions: 212->214
[4248.567s][info][gc,heap        ] GC(406) Humongous regions: 32->32
[4248.567s][info][gc,metaspace   ] GC(406) Metaspace: 29958K(30464K)->29958K(30464K) NonClass: 26560K(26816K)->26560K(26816K) Class: 3397K(3648K)->3397K(3648K)
[4248.567s][info][gc             ] GC(406) Pause Young (Normal) (G1 Evacuation Pause) 8068M->2355M(10240M) 166.717ms
[4248.567s][info][gc,cpu         ] GC(406) User=1.31s Sys=0.00s Real=0.17s
.... (rIR:aIR:PR = 7057:7056:7055) (tPR = 104111) [OK] 
  4251s: Performance info:
         Transaction,    Success,    Partial,     Failed,   Receipts, AvgBarcode, 
             Overall,     425738,          0,          0,     404405,      59.48, 
         Response times:
             Request,    Success,    Partial,     Failed,   SkipFail,     Probes,    Samples,      min,      p50,      p90,      p95,      p99,      max, 
       TotalPurchase,     404409,          0,          0,          0,     361175,     417808,      400,     5000,     9500,    13900,    76000,   367000,
     InStorePurchase,     213161,          0,          0,          0,     190143,     219585,      400,     5000,     9500,    13800,    76000,   367000,
      OnlinePurchase,     148651,          0,          0,          0,     133106,     154193,      400,     5000,     9600,    13800,    76000,   339000,
        InstPurchase,      42597,          0,          0,          0,      37926,      44030,      500,     5000,     9700,    14600,    76000,   234000,
          AssocOfCat,        424,          0,          0,          0,        337,        488,    28000,    41000,    55100,    60000,   129770,   214000,
      AssocOfProduct,       4269,          0,          0,          0,       3966,       4815,      400,     4700,    10100,    14400,    58840,   181000,
      BusinessReport,       1066,          0,          0,          0,        916,       1210,    29000,    50000,    68900,    86450,   150890,   233000,
          CustBuyBeh,       4256,          0,          0,          0,       3963,       4841,      300,     4100,     8700,    12500,    60580,   175000,
       ProductReturn,      11331,          0,          0,          0,       9508,      11328,      200,     4800,     9200,    13300,    72000,   195000,

  4251s: (52%)   IR =   7195 ...[4255.143s][info][gc,start       ] GC(407) Pause Young (Normal) (G1 Evacuation Pause)
[4255.143s][info][gc,task        ] GC(407) Using 8 workers of 8 for evacuation
[4255.308s][info][gc,phases      ] GC(407)   Pre Evacuate Collection Set: 0.29ms
[4255.308s][info][gc,phases      ] GC(407)   Merge Heap Roots: 0.59ms
[4255.308s][info][gc,phases      ] GC(407)   Evacuate Collection Set: 162.99ms
[4255.308s][info][gc,phases      ] GC(407)   Post Evacuate Collection Set: 1.24ms
[4255.308s][info][gc,phases      ] GC(407)   Other: 0.07ms
[4255.309s][info][gc,heap        ] GC(407) Eden regions: 717->0(716)
[4255.309s][info][gc,heap        ] GC(407) Survivor regions: 51->52(96)
[4255.309s][info][gc,heap        ] GC(407) Old regions: 214->217
[4255.309s][info][gc,heap        ] GC(407) Humongous regions: 32->32
[4255.309s][info][gc,metaspace   ] GC(407) Metaspace: 29960K(30464K)->29960K(30464K) NonClass: 26563K(26816K)->26563K(26816K) Class: 3397K(3648K)->3397K(3648K)
[4255.309s][info][gc             ] GC(407) Pause Young (Normal) (G1 Evacuation Pause) 8091M->2377M(10240M) 165.338ms
[4255.309s][info][gc,cpu         ] GC(407) User=1.31s Sys=0.00s Real=0.17s
.......[4261.839s][info][gc,start       ] GC(408) Pause Young (Normal) (G1 Evacuation Pause)
[4261.839s][info][gc,task        ] GC(408) Using 8 workers of 8 for evacuation
[4262.009s][info][gc,phases      ] GC(408)   Pre Evacuate Collection Set: 0.28ms
[4262.009s][info][gc,phases      ] GC(408)   Merge Heap Roots: 0.65ms
[4262.009s][info][gc,phases      ] GC(408)   Evacuate Collection Set: 168.07ms
[4262.009s][info][gc,phases      ] GC(408)   Post Evacuate Collection Set: 1.25ms
[4262.009s][info][gc,phases      ] GC(408)   Other: 0.08ms
[4262.009s][info][gc,heap        ] GC(408) Eden regions: 716->0(715)
[4262.009s][info][gc,heap        ] GC(408) Survivor regions: 52->53(96)
[4262.009s][info][gc,heap        ] GC(408) Old regions: 217->219
[4262.009s][info][gc,heap        ] GC(408) Humongous regions: 32->32
[4262.009s][info][gc,metaspace   ] GC(408) Metaspace: 29960K(30464K)->29960K(30464K) NonClass: 26563K(26816K)->26563K(26816K) Class: 3397K(3648K)->3397K(3648K)
[4262.009s][info][gc             ] GC(408) Pause Young (Normal) (G1 Evacuation Pause) 8105M->2404M(10240M) 170.460ms
[4262.009s][info][gc,cpu         ] GC(408) User=1.34s Sys=0.00s Real=0.17s
...|...[4268.599s][info][gc,start       ] GC(409) Pause Young (Normal) (G1 Evacuation Pause)
[4268.599s][info][gc,task        ] GC(409) Using 8 workers of 8 for evacuation
[4268.764s][info][gc,phases      ] GC(409)   Pre Evacuate Collection Set: 0.28ms
[4268.764s][info][gc,phases      ] GC(409)   Merge Heap Roots: 0.56ms
[4268.764s][info][gc,phases      ] GC(409)   Evacuate Collection Set: 162.45ms
[4268.764s][info][gc,phases      ] GC(409)   Post Evacuate Collection Set: 1.33ms
[4268.764s][info][gc,phases      ] GC(409)   Other: 0.06ms
[4268.764s][info][gc,heap        ] GC(409) Eden regions: 715->0(717)
[4268.764s][info][gc,heap        ] GC(409) Survivor regions: 53->51(96)
[4268.764s][info][gc,heap        ] GC(409) Old regions: 219->221
[4268.764s][info][gc,heap        ] GC(409) Humongous regions: 32->32
[4268.764s][info][gc,metaspace   ] GC(409) Metaspace: 29960K(30464K)->29960K(30464K) NonClass: 26563K(26816K)->26563K(26816K) Class: 3397K(3648K)->3397K(3648K)
[4268.764s][info][gc             ] GC(409) Pause Young (Normal) (G1 Evacuation Pause) 8124M->2410M(10240M) 164.828ms
[4268.764s][info][gc,cpu         ] GC(409) User=1.30s Sys=0.00s Real=0.16s
.......[4275.275s][info][gc,start       ] GC(410) Pause Young (Normal) (G1 Evacuation Pause)
[4275.275s][info][gc,task        ] GC(410) Using 8 workers of 8 for evacuation
[4275.444s][info][gc,phases      ] GC(410)   Pre Evacuate Collection Set: 0.29ms
[4275.444s][info][gc,phases      ] GC(410)   Merge Heap Roots: 0.59ms
[4275.444s][info][gc,phases      ] GC(410)   Evacuate Collection Set: 166.52ms
[4275.444s][info][gc,phases      ] GC(410)   Post Evacuate Collection Set: 1.29ms
[4275.444s][info][gc,phases      ] GC(410)   Other: 0.07ms
[4275.444s][info][gc,heap        ] GC(410) Eden regions: 717->0(716)
[4275.444s][info][gc,heap        ] GC(410) Survivor regions: 51->52(96)
[4275.444s][info][gc,heap        ] GC(410) Old regions: 221->224
[4275.444s][info][gc,heap        ] GC(410) Humongous regions: 32->32
[4275.444s][info][gc,metaspace   ] GC(410) Metaspace: 29960K(30464K)->29960K(30464K) NonClass: 26563K(26816K)->26563K(26816K) Class: 3397K(3648K)->3397K(3648K)
[4275.444s][info][gc             ] GC(410) Pause Young (Normal) (G1 Evacuation Pause) 8146M->2433M(10240M) 168.909ms
[4275.444s][info][gc,cpu         ] GC(410) User=1.32s Sys=0.00s Real=0.16s
.......[4282.055s][info][gc,start       ] GC(411) Pause Young (Normal) (G1 Evacuation Pause)
[4282.055s][info][gc,task        ] GC(411) Using 8 workers of 8 for evacuation
[4282.226s][info][gc,phases      ] GC(411)   Pre Evacuate Collection Set: 0.28ms
[4282.226s][info][gc,phases      ] GC(411)   Merge Heap Roots: 0.59ms
[4282.226s][info][gc,phases      ] GC(411)   Evacuate Collection Set: 168.89ms
[4282.226s][info][gc,phases      ] GC(411)   Post Evacuate Collection Set: 1.26ms
[4282.226s][info][gc,phases      ] GC(411)   Other: 0.06ms
[4282.226s][info][gc,heap        ] GC(411) Eden regions: 716->0(715)
[4282.226s][info][gc,heap        ] GC(411) Survivor regions: 52->53(96)
[4282.226s][info][gc,heap        ] GC(411) Old regions: 224->226
[4282.226s][info][gc,heap        ] GC(411) Humongous regions: 32->32
[4282.226s][info][gc,metaspace   ] GC(411) Metaspace: 29960K(30464K)->29960K(30464K) NonClass: 26563K(26816K)->26563K(26816K) Class: 3397K(3648K)->3397K(3648K)
[4282.226s][info][gc             ] GC(411) Pause Young (Normal) (G1 Evacuation Pause) 8161M->2464M(10240M) 171.222ms
[4282.226s][info][gc,cpu         ] GC(411) User=1.35s Sys=0.00s Real=0.17s
......[4288.774s][info][gc,start       ] GC(412) Pause Young (Normal) (G1 Evacuation Pause)
[4288.774s][info][gc,task        ] GC(412) Using 8 workers of 8 for evacuation
[4288.943s][info][gc,phases      ] GC(412)   Pre Evacuate Collection Set: 0.29ms
[4288.943s][info][gc,phases      ] GC(412)   Merge Heap Roots: 0.60ms
[4288.943s][info][gc,phases      ] GC(412)   Evacuate Collection Set: 166.58ms
[4288.943s][info][gc,phases      ] GC(412)   Post Evacuate Collection Set: 1.32ms
[4288.943s][info][gc,phases      ] GC(412)   Other: 0.07ms
[4288.943s][info][gc,heap        ] GC(412) Eden regions: 715->0(716)
[4288.943s][info][gc,heap        ] GC(412) Survivor regions: 53->52(96)
[4288.943s][info][gc,heap        ] GC(412) Old regions: 226->228
[4288.943s][info][gc,heap        ] GC(412) Humongous regions: 32->32
[4288.943s][info][gc,metaspace   ] GC(412) Metaspace: 29960K(30464K)->29960K(30464K) NonClass: 26563K(26816K)->26563K(26816K) Class: 3397K(3648K)->3397K(3648K)
[4288.943s][info][gc             ] GC(412) Pause Young (Normal) (G1 Evacuation Pause) 8184M->2475M(10240M) 168.998ms
[4288.943s][info][gc,cpu         ] GC(412) User=1.33s Sys=0.00s Real=0.17s
.......[4295.477s][info][gc,start       ] GC(413) Pause Young (Normal) (G1 Evacuation Pause)
[4295.477s][info][gc,task        ] GC(413) Using 8 workers of 8 for evacuation
[4295.643s][info][gc,phases      ] GC(413)   Pre Evacuate Collection Set: 0.28ms
[4295.643s][info][gc,phases      ] GC(413)   Merge Heap Roots: 0.59ms
[4295.643s][info][gc,phases      ] GC(413)   Evacuate Collection Set: 163.14ms
[4295.643s][info][gc,phases      ] GC(413)   Post Evacuate Collection Set: 1.27ms
[4295.643s][info][gc,phases      ] GC(413)   Other: 0.07ms
[4295.643s][info][gc,heap        ] GC(413) Eden regions: 716->0(717)
[4295.643s][info][gc,heap        ] GC(413) Survivor regions: 52->51(96)
[4295.643s][info][gc,heap        ] GC(413) Old regions: 228->231
[4295.643s][info][gc,heap        ] GC(413) Humongous regions: 32->32
[4295.643s][info][gc,metaspace   ] GC(413) Metaspace: 29960K(30464K)->29960K(30464K) NonClass: 26563K(26816K)->26563K(26816K) Class: 3397K(3648K)->3397K(3648K)
[4295.643s][info][gc             ] GC(413) Pause Young (Normal) (G1 Evacuation Pause) 8203M->2486M(10240M) 165.492ms
[4295.643s][info][gc,cpu         ] GC(413) User=1.30s Sys=0.00s Real=0.16s
.......[4302.175s][info][gc,start       ] GC(414) Pause Young (Normal) (G1 Evacuation Pause)
[4302.175s][info][gc,task        ] GC(414) Using 8 workers of 8 for evacuation
[4302.339s][info][gc,phases      ] GC(414)   Pre Evacuate Collection Set: 0.31ms
[4302.339s][info][gc,phases      ] GC(414)   Merge Heap Roots: 0.62ms
[4302.339s][info][gc,phases      ] GC(414)   Evacuate Collection Set: 161.76ms
[4302.339s][info][gc,phases      ] GC(414)   Post Evacuate Collection Set: 1.27ms
[4302.339s][info][gc,phases      ] GC(414)   Other: 0.06ms
[4302.339s][info][gc,heap        ] GC(414) Eden regions: 717->0(717)
[4302.339s][info][gc,heap        ] GC(414) Survivor regions: 51->51(96)
[4302.339s][info][gc,heap        ] GC(414) Old regions: 231->233
[4302.339s][info][gc,heap        ] GC(414) Humongous regions: 32->32
[4302.339s][info][gc,metaspace   ] GC(414) Metaspace: 29960K(30464K)->29960K(30464K) NonClass: 26563K(26816K)->26563K(26816K) Class: 3397K(3648K)->3397K(3648K)
[4302.339s][info][gc             ] GC(414) Pause Young (Normal) (G1 Evacuation Pause) 8222M->2501M(10240M) 164.167ms
[4302.339s][info][gc,cpu         ] GC(414) User=1.29s Sys=0.00s Real=0.17s
.......[4308.989s][info][gc,start       ] GC(415) Pause Young (Normal) (G1 Evacuation Pause)
[4308.989s][info][gc,task        ] GC(415) Using 8 workers of 8 for evacuation
[4309.154s][info][gc,phases      ] GC(415)   Pre Evacuate Collection Set: 0.28ms
[4309.154s][info][gc,phases      ] GC(415)   Merge Heap Roots: 0.59ms
[4309.154s][info][gc,phases      ] GC(415)   Evacuate Collection Set: 162.79ms
[4309.154s][info][gc,phases      ] GC(415)   Post Evacuate Collection Set: 1.23ms
[4309.154s][info][gc,phases      ] GC(415)   Other: 0.08ms
[4309.154s][info][gc,heap        ] GC(415) Eden regions: 717->0(717)
[4309.154s][info][gc,heap        ] GC(415) Survivor regions: 51->51(96)
[4309.154s][info][gc,heap        ] GC(415) Old regions: 233->236
[4309.154s][info][gc,heap        ] GC(415) Humongous regions: 32->32
[4309.155s][info][gc,metaspace   ] GC(415) Metaspace: 29960K(30464K)->29960K(30464K) NonClass: 26563K(26816K)->26563K(26816K) Class: 3397K(3648K)->3397K(3648K)
[4309.155s][info][gc             ] GC(415) Pause Young (Normal) (G1 Evacuation Pause) 8237M->2524M(10240M) 165.112ms
[4309.155s][info][gc,cpu         ] GC(415) User=1.30s Sys=0.00s Real=0.16s
......[4315.648s][info][gc,start       ] GC(416) Pause Young (Normal) (G1 Evacuation Pause)
[4315.648s][info][gc,task        ] GC(416) Using 8 workers of 8 for evacuation
[4315.816s][info][gc,phases      ] GC(416)   Pre Evacuate Collection Set: 0.28ms
[4315.816s][info][gc,phases      ] GC(416)   Merge Heap Roots: 0.59ms
[4315.816s][info][gc,phases      ] GC(416)   Evacuate Collection Set: 165.26ms
[4315.816s][info][gc,phases      ] GC(416)   Post Evacuate Collection Set: 1.30ms
[4315.816s][info][gc,phases      ] GC(416)   Other: 0.06ms
[4315.816s][info][gc,heap        ] GC(416) Eden regions: 717->0(717)
[4315.816s][info][gc,heap        ] GC(416) Survivor regions: 51->51(96)
[4315.816s][info][gc,heap        ] GC(416) Old regions: 236->238
[4315.816s][info][gc,heap        ] GC(416) Humongous regions: 32->32
[4315.816s][info][gc,metaspace   ] GC(416) Metaspace: 29960K(30464K)->29960K(30464K) NonClass: 26563K(26816K)->26563K(26816K) Class: 3397K(3648K)->3397K(3648K)
[4315.816s][info][gc             ] GC(416) Pause Young (Normal) (G1 Evacuation Pause) 8260M->2543M(10240M) 167.650ms
[4315.816s][info][gc,cpu         ] GC(416) User=1.32s Sys=0.00s Real=0.17s
.......[4322.343s][info][gc,start       ] GC(417) Pause Young (Normal) (G1 Evacuation Pause)
[4322.343s][info][gc,task        ] GC(417) Using 8 workers of 8 for evacuation
[4322.511s][info][gc,phases      ] GC(417)   Pre Evacuate Collection Set: 0.30ms
[4322.511s][info][gc,phases      ] GC(417)   Merge Heap Roots: 0.61ms
[4322.511s][info][gc,phases      ] GC(417)   Evacuate Collection Set: 165.90ms
[4322.511s][info][gc,phases      ] GC(417)   Post Evacuate Collection Set: 1.28ms
[4322.511s][info][gc,phases      ] GC(417)   Other: 0.09ms
[4322.511s][info][gc,heap        ] GC(417) Eden regions: 717->0(715)
[4322.511s][info][gc,heap        ] GC(417) Survivor regions: 51->53(96)
[4322.512s][info][gc,heap        ] GC(417) Old regions: 238->240
[4322.512s][info][gc,heap        ] GC(417) Humongous regions: 32->32
[4322.512s][info][gc,metaspace   ] GC(417) Metaspace: 29960K(30464K)->29960K(30464K) NonClass: 26563K(26816K)->26563K(26816K) Class: 3397K(3648K)->3397K(3648K)
[4322.512s][info][gc             ] GC(417) Pause Young (Normal) (G1 Evacuation Pause) 8279M->2574M(10240M) 168.329ms
[4322.512s][info][gc,cpu         ] GC(417) User=1.32s Sys=0.00s Real=0.17s
... (rIR:aIR:PR = 7195:7190:7190) (tPR = 106034) [OK] 
  4324s: Performance info:
         Transaction,    Success,    Partial,     Failed,   Receipts, AvgBarcode, 
             Overall,     433468,          0,          0,     411796,      59.48, 
         Response times:
             Request,    Success,    Partial,     Failed,   SkipFail,     Probes,    Samples,      min,      p50,      p90,      p95,      p99,      max, 
       TotalPurchase,     411799,          0,          0,          0,     362158,     444436,      400,     5100,     9800,    15900,    82000,   470000,
     InStorePurchase,     217151,          0,          0,          0,     190374,     233475,      400,     5100,     9800,    16100,    82000,   470000,
      OnlinePurchase,     151312,          0,          0,          0,     133191,     163092,      400,     5200,     9800,    15800,    81000,   470000,
        InstPurchase,      43336,          0,          0,          0,      38593,      47869,      500,     5200,     9800,    15600,    83000,   468000,
          AssocOfCat,        437,          0,          0,          0,        357,        543,    30000,    41000,    59000,    83600,   173720,   222000,
      AssocOfProduct,       4336,          0,          0,          0,       4010,       5202,      800,     5900,    10200,    17685,    90970,   469000,
      BusinessReport,       1089,          0,          0,          0,        954,       1312,    32000,    50000,    69000,   123350,   195050,   234000,
          CustBuyBeh,       4342,          0,          0,          0,       4008,       5182,      300,     5200,     9600,    15970,    95000,   235000,
       ProductReturn,      11473,          0,          0,          0,       9790,      12380,      200,     5500,     9600,    16495,    84000,   329000,

  4324s: (53%)   IR =   7334 ...[4328.925s][info][gc,start       ] GC(418) Pause Young (Normal) (G1 Evacuation Pause)
[4328.925s][info][gc,task        ] GC(418) Using 8 workers of 8 for evacuation
[4329.091s][info][gc,phases      ] GC(418)   Pre Evacuate Collection Set: 0.30ms
[4329.092s][info][gc,phases      ] GC(418)   Merge Heap Roots: 0.59ms
[4329.092s][info][gc,phases      ] GC(418)   Evacuate Collection Set: 164.39ms
[4329.092s][info][gc,phases      ] GC(418)   Post Evacuate Collection Set: 1.27ms
[4329.092s][info][gc,phases      ] GC(418)   Other: 0.06ms
[4329.092s][info][gc,heap        ] GC(418) Eden regions: 715->0(716)
[4329.092s][info][gc,heap        ] GC(418) Survivor regions: 53->52(96)
[4329.092s][info][gc,heap        ] GC(418) Old regions: 240->243
[4329.092s][info][gc,heap        ] GC(418) Humongous regions: 32->32
[4329.092s][info][gc,metaspace   ] GC(418) Metaspace: 29960K(30464K)->29960K(30464K) NonClass: 26563K(26816K)->26563K(26816K) Class: 3397K(3648K)->3397K(3648K)
[4329.092s][info][gc             ] GC(418) Pause Young (Normal) (G1 Evacuation Pause) 8294M->2586M(10240M) 166.756ms
[4329.092s][info][gc,cpu         ] GC(418) User=1.31s Sys=0.00s Real=0.16s
....|...[4335.522s][info][gc,start       ] GC(419) Pause Young (Normal) (G1 Evacuation Pause)
[4335.522s][info][gc,task        ] GC(419) Using 8 workers of 8 for evacuation
[4335.688s][info][gc,phases      ] GC(419)   Pre Evacuate Collection Set: 0.30ms
[4335.688s][info][gc,phases      ] GC(419)   Merge Heap Roots: 0.59ms
[4335.688s][info][gc,phases      ] GC(419)   Evacuate Collection Set: 163.38ms
[4335.688s][info][gc,phases      ] GC(419)   Post Evacuate Collection Set: 1.33ms
[4335.688s][info][gc,phases      ] GC(419)   Other: 0.07ms
[4335.688s][info][gc,heap        ] GC(419) Eden regions: 716->0(717)
[4335.688s][info][gc,heap        ] GC(419) Survivor regions: 52->51(96)
[4335.688s][info][gc,heap        ] GC(419) Old regions: 243->245
[4335.688s][info][gc,heap        ] GC(419) Humongous regions: 32->32
[4335.688s][info][gc,metaspace   ] GC(419) Metaspace: 29960K(30464K)->29960K(30464K) NonClass: 26563K(26816K)->26563K(26816K) Class: 3397K(3648K)->3397K(3648K)
[4335.688s][info][gc             ] GC(419) Pause Young (Normal) (G1 Evacuation Pause) 8314M->2602M(10240M) 165.807ms
[4335.688s][info][gc,cpu         ] GC(419) User=1.30s Sys=0.01s Real=0.17s
.......[4342.135s][info][gc,start       ] GC(420) Pause Young (Normal) (G1 Evacuation Pause)
[4342.135s][info][gc,task        ] GC(420) Using 8 workers of 8 for evacuation
[4342.300s][info][gc,phases      ] GC(420)   Pre Evacuate Collection Set: 0.28ms
[4342.300s][info][gc,phases      ] GC(420)   Merge Heap Roots: 0.57ms
[4342.300s][info][gc,phases      ] GC(420)   Evacuate Collection Set: 163.00ms
[4342.300s][info][gc,phases      ] GC(420)   Post Evacuate Collection Set: 1.30ms
[4342.300s][info][gc,phases      ] GC(420)   Other: 0.06ms
[4342.300s][info][gc,heap        ] GC(420) Eden regions: 717->0(716)
[4342.300s][info][gc,heap        ] GC(420) Survivor regions: 51->52(96)
[4342.300s][info][gc,heap        ] GC(420) Old regions: 245->248
[4342.300s][info][gc,heap        ] GC(420) Humongous regions: 32->32
[4342.300s][info][gc,metaspace   ] GC(420) Metaspace: 29960K(30464K)->29960K(30464K) NonClass: 26563K(26816K)->26563K(26816K) Class: 3397K(3648K)->3397K(3648K)
[4342.300s][info][gc             ] GC(420) Pause Young (Normal) (G1 Evacuation Pause) 8338M->2625M(10240M) 165.346ms
[4342.300s][info][gc,cpu         ] GC(420) User=1.30s Sys=0.01s Real=0.17s
......[4348.690s][info][gc,start       ] GC(421) Pause Young (Normal) (G1 Evacuation Pause)
[4348.690s][info][gc,task        ] GC(421) Using 8 workers of 8 for evacuation
[4348.859s][info][gc,phases      ] GC(421)   Pre Evacuate Collection Set: 0.31ms
[4348.859s][info][gc,phases      ] GC(421)   Merge Heap Roots: 0.60ms
[4348.859s][info][gc,phases      ] GC(421)   Evacuate Collection Set: 166.39ms
[4348.859s][info][gc,phases      ] GC(421)   Post Evacuate Collection Set: 1.27ms
[4348.859s][info][gc,phases      ] GC(421)   Other: 0.07ms
[4348.859s][info][gc,heap        ] GC(421) Eden regions: 716->0(715)
[4348.859s][info][gc,heap        ] GC(421) Survivor regions: 52->53(96)
[4348.859s][info][gc,heap        ] GC(421) Old regions: 248->250
[4348.859s][info][gc,heap        ] GC(421) Humongous regions: 32->32
[4348.859s][info][gc,metaspace   ] GC(421) Metaspace: 29960K(30464K)->29960K(30464K) NonClass: 26563K(26816K)->26563K(26816K) Class: 3397K(3648K)->3397K(3648K)
[4348.859s][info][gc             ] GC(421) Pause Young (Normal) (G1 Evacuation Pause) 8353M->2653M(10240M) 168.772ms
[4348.859s][info][gc,cpu         ] GC(421) User=1.33s Sys=0.00s Real=0.17s
.......[4355.266s][info][gc,start       ] GC(422) Pause Young (Normal) (G1 Evacuation Pause)
[4355.266s][info][gc,task        ] GC(422) Using 8 workers of 8 for evacuation
[4355.432s][info][gc,phases      ] GC(422)   Pre Evacuate Collection Set: 0.28ms
[4355.432s][info][gc,phases      ] GC(422)   Merge Heap Roots: 0.62ms
[4355.432s][info][gc,phases      ] GC(422)   Evacuate Collection Set: 163.80ms
[4355.432s][info][gc,phases      ] GC(422)   Post Evacuate Collection Set: 1.28ms
[4355.432s][info][gc,phases      ] GC(422)   Other: 0.07ms
[4355.432s][info][gc,heap        ] GC(422) Eden regions: 715->0(717)
[4355.432s][info][gc,heap        ] GC(422) Survivor regions: 53->51(96)
[4355.432s][info][gc,heap        ] GC(422) Old regions: 250->253
[4355.432s][info][gc,heap        ] GC(422) Humongous regions: 32->32
[4355.432s][info][gc,metaspace   ] GC(422) Metaspace: 29960K(30464K)->29960K(30464K) NonClass: 26563K(26816K)->26563K(26816K) Class: 3397K(3648K)->3397K(3648K)
[4355.432s][info][gc             ] GC(422) Pause Young (Normal) (G1 Evacuation Pause) 8373M->2661M(10240M) 166.201ms
[4355.432s][info][gc,cpu         ] GC(422) User=1.31s Sys=0.00s Real=0.16s
......[4361.760s][info][gc,start       ] GC(423) Pause Young (Normal) (G1 Evacuation Pause)
[4361.760s][info][gc,task        ] GC(423) Using 8 workers of 8 for evacuation
[4361.930s][info][gc,phases      ] GC(423)   Pre Evacuate Collection Set: 0.28ms
[4361.930s][info][gc,phases      ] GC(423)   Merge Heap Roots: 0.71ms
[4361.930s][info][gc,phases      ] GC(423)   Evacuate Collection Set: 167.20ms
[4361.930s][info][gc,phases      ] GC(423)   Post Evacuate Collection Set: 1.32ms
[4361.930s][info][gc,phases      ] GC(423)   Other: 0.07ms
[4361.930s][info][gc,heap        ] GC(423) Eden regions: 717->0(716)
[4361.930s][info][gc,heap        ] GC(423) Survivor regions: 51->52(96)
[4361.930s][info][gc,heap        ] GC(423) Old regions: 253->255
[4361.930s][info][gc,heap        ] GC(423) Humongous regions: 32->32
[4361.930s][info][gc,metaspace   ] GC(423) Metaspace: 29960K(30464K)->29960K(30464K) NonClass: 26563K(26816K)->26563K(26816K) Class: 3397K(3648K)->3397K(3648K)
[4361.930s][info][gc             ] GC(423) Pause Young (Normal) (G1 Evacuation Pause) 8397M->2688M(10240M) 169.733ms
[4361.930s][info][gc,cpu         ] GC(423) User=1.33s Sys=0.00s Real=0.17s
.......[4368.425s][info][gc,start       ] GC(424) Pause Young (Normal) (G1 Evacuation Pause)
[4368.425s][info][gc,task        ] GC(424) Using 8 workers of 8 for evacuation
[4368.591s][info][gc,phases      ] GC(424)   Pre Evacuate Collection Set: 0.30ms
[4368.591s][info][gc,phases      ] GC(424)   Merge Heap Roots: 0.57ms
[4368.591s][info][gc,phases      ] GC(424)   Evacuate Collection Set: 163.63ms
[4368.591s][info][gc,phases      ] GC(424)   Post Evacuate Collection Set: 1.25ms
[4368.591s][info][gc,phases      ] GC(424)   Other: 0.06ms
[4368.591s][info][gc,heap        ] GC(424) Eden regions: 716->0(717)
[4368.591s][info][gc,heap        ] GC(424) Survivor regions: 52->51(96)
[4368.591s][info][gc,heap        ] GC(424) Old regions: 255->258
[4368.591s][info][gc,heap        ] GC(424) Humongous regions: 32->32
[4368.591s][info][gc,metaspace   ] GC(424) Metaspace: 29960K(30464K)->29960K(30464K) NonClass: 26563K(26816K)->26563K(26816K) Class: 3397K(3648K)->3397K(3648K)
[4368.591s][info][gc             ] GC(424) Pause Young (Normal) (G1 Evacuation Pause) 8416M->2700M(10240M) 165.944ms
[4368.591s][info][gc,cpu         ] GC(424) User=1.31s Sys=0.00s Real=0.16s
......[4375.039s][info][gc,start       ] GC(425) Pause Young (Normal) (G1 Evacuation Pause)
[4375.039s][info][gc,task        ] GC(425) Using 8 workers of 8 for evacuation
[4375.208s][info][gc,phases      ] GC(425)   Pre Evacuate Collection Set: 0.29ms
[4375.209s][info][gc,phases      ] GC(425)   Merge Heap Roots: 0.59ms
[4375.209s][info][gc,phases      ] GC(425)   Evacuate Collection Set: 167.16ms
[4375.209s][info][gc,phases      ] GC(425)   Post Evacuate Collection Set: 1.27ms
[4375.209s][info][gc,phases      ] GC(425)   Other: 0.07ms
[4375.209s][info][gc,heap        ] GC(425) Eden regions: 717->0(716)
[4375.209s][info][gc,heap        ] GC(425) Survivor regions: 51->52(96)
[4375.209s][info][gc,heap        ] GC(425) Old regions: 258->260
[4375.209s][info][gc,heap        ] GC(425) Humongous regions: 32->32
[4375.209s][info][gc,metaspace   ] GC(425) Metaspace: 29960K(30464K)->29960K(30464K) NonClass: 26563K(26816K)->26563K(26816K) Class: 3397K(3648K)->3397K(3648K)
[4375.209s][info][gc             ] GC(425) Pause Young (Normal) (G1 Evacuation Pause) 8436M->2727M(10240M) 169.530ms
[4375.209s][info][gc,cpu         ] GC(425) User=1.33s Sys=0.00s Real=0.17s
.......[4381.678s][info][gc,start       ] GC(426) Pause Young (Normal) (G1 Evacuation Pause)
[4381.679s][info][gc,task        ] GC(426) Using 8 workers of 8 for evacuation
[4381.844s][info][gc,phases      ] GC(426)   Pre Evacuate Collection Set: 0.30ms
[4381.844s][info][gc,phases      ] GC(426)   Merge Heap Roots: 0.57ms
[4381.844s][info][gc,phases      ] GC(426)   Evacuate Collection Set: 162.79ms
[4381.844s][info][gc,phases      ] GC(426)   Post Evacuate Collection Set: 1.25ms
[4381.844s][info][gc,phases      ] GC(426)   Other: 0.08ms
[4381.844s][info][gc,heap        ] GC(426) Eden regions: 716->0(716)
[4381.844s][info][gc,heap        ] GC(426) Survivor regions: 52->52(96)
[4381.844s][info][gc,heap        ] GC(426) Old regions: 260->262
[4381.844s][info][gc,heap        ] GC(426) Humongous regions: 32->32
[4381.844s][info][gc,metaspace   ] GC(426) Metaspace: 29960K(30464K)->29960K(30464K) NonClass: 26563K(26816K)->26563K(26816K) Class: 3397K(3648K)->3397K(3648K)
[4381.844s][info][gc             ] GC(426) Pause Young (Normal) (G1 Evacuation Pause) 8455M->2742M(10240M) 165.147ms
[4381.844s][info][gc,cpu         ] GC(426) User=1.30s Sys=0.00s Real=0.16s
.......[4388.217s][info][gc,start       ] GC(427) Pause Young (Normal) (G1 Evacuation Pause)
[4388.217s][info][gc,task        ] GC(427) Using 8 workers of 8 for evacuation
[4388.380s][info][gc,phases      ] GC(427)   Pre Evacuate Collection Set: 0.29ms
[4388.380s][info][gc,phases      ] GC(427)   Merge Heap Roots: 0.59ms
[4388.380s][info][gc,phases      ] GC(427)   Evacuate Collection Set: 161.38ms
[4388.380s][info][gc,phases      ] GC(427)   Post Evacuate Collection Set: 1.31ms
[4388.380s][info][gc,phases      ] GC(427)   Other: 0.07ms
[4388.380s][info][gc,heap        ] GC(427) Eden regions: 716->0(717)
[4388.380s][info][gc,heap        ] GC(427) Survivor regions: 52->51(96)
[4388.380s][info][gc,heap        ] GC(427) Old regions: 262->265
[4388.380s][info][gc,heap        ] GC(427) Humongous regions: 32->32
[4388.380s][info][gc,metaspace   ] GC(427) Metaspace: 29960K(30464K)->29960K(30464K) NonClass: 26563K(26816K)->26563K(26816K) Class: 3397K(3648K)->3397K(3648K)
[4388.380s][info][gc             ] GC(427) Pause Young (Normal) (G1 Evacuation Pause) 8470M->2753M(10240M) 163.764ms
[4388.380s][info][gc,cpu         ] GC(427) User=1.29s Sys=0.00s Real=0.16s
.... (rIR:aIR:PR = 7334:7344:7344) (tPR = 108709) [OK] 
  4392s: Performance info:
         Transaction,    Success,    Partial,     Failed,   Receipts, AvgBarcode, 
             Overall,     441459,          0,          0,     419367,      59.48, 
         Response times:
             Request,    Success,    Partial,     Failed,   SkipFail,     Probes,    Samples,      min,      p50,      p90,      p95,      p99,      max, 
       TotalPurchase,     419367,          0,          0,          0,     360599,     403575,      400,     5300,     9800,    12900,    64000,   350000,
     InStorePurchase,     221085,          0,          0,          0,     189842,     211812,      400,     5200,     9800,    12800,    65000,   349000,
      OnlinePurchase,     154360,          0,          0,          0,     132363,     148349,      400,     5300,    10000,    13000,    63000,   350000,
        InstPurchase,      43922,          0,          0,          0,      38394,      43414,      500,     5300,     9900,    13000,    65000,   347000,
          AssocOfCat,        444,          0,          0,          0,        342,        442,    30000,    41000,    56000,    60000,    95710,   141000,
      AssocOfProduct,       4418,          0,          0,          0,       4087,       4778,      800,     6300,    10300,    14400,    71000,   186000,
      BusinessReport,       1104,          0,          0,          0,       1008,       1272,    29000,    50000,    66000,    75700,   163700,   240000,
          CustBuyBeh,       4406,          0,          0,          0,       4136,       4959,      200,     5300,    10000,    12700,    67400,   173000,
       ProductReturn,      11720,          0,          0,          0,       9956,      11416,      200,     5300,     9700,    12700,    74000,   305000,

  4392s: (54%)   IR =   7472 ..[4394.750s][info][gc,start       ] GC(428) Pause Young (Normal) (G1 Evacuation Pause)
[4394.750s][info][gc,task        ] GC(428) Using 8 workers of 8 for evacuation
[4394.918s][info][gc,phases      ] GC(428)   Pre Evacuate Collection Set: 0.28ms
[4394.918s][info][gc,phases      ] GC(428)   Merge Heap Roots: 0.55ms
[4394.918s][info][gc,phases      ] GC(428)   Evacuate Collection Set: 166.26ms
[4394.918s][info][gc,phases      ] GC(428)   Post Evacuate Collection Set: 1.28ms
[4394.918s][info][gc,phases      ] GC(428)   Other: 0.07ms
[4394.918s][info][gc,heap        ] GC(428) Eden regions: 717->0(716)
[4394.918s][info][gc,heap        ] GC(428) Survivor regions: 51->52(96)
[4394.918s][info][gc,heap        ] GC(428) Old regions: 265->267
[4394.918s][info][gc,heap        ] GC(428) Humongous regions: 32->32
[4394.918s][info][gc,metaspace   ] GC(428) Metaspace: 29960K(30464K)->29960K(30464K) NonClass: 26563K(26816K)->26563K(26816K) Class: 3397K(3648K)->3397K(3648K)
[4394.918s][info][gc             ] GC(428) Pause Young (Normal) (G1 Evacuation Pause) 8489M->2780M(10240M) 168.588ms
[4394.918s][info][gc,cpu         ] GC(428) User=1.32s Sys=0.00s Real=0.17s
..|....[4401.190s][info][gc,start       ] GC(429) Pause Young (Normal) (G1 Evacuation Pause)
[4401.190s][info][gc,task        ] GC(429) Using 8 workers of 8 for evacuation
[4401.359s][info][gc,phases      ] GC(429)   Pre Evacuate Collection Set: 0.32ms
[4401.359s][info][gc,phases      ] GC(429)   Merge Heap Roots: 0.59ms
[4401.359s][info][gc,phases      ] GC(429)   Evacuate Collection Set: 165.97ms
[4401.359s][info][gc,phases      ] GC(429)   Post Evacuate Collection Set: 1.30ms
[4401.359s][info][gc,phases      ] GC(429)   Other: 0.07ms
[4401.359s][info][gc,heap        ] GC(429) Eden regions: 716->0(716)
[4401.359s][info][gc,heap        ] GC(429) Survivor regions: 52->52(96)
[4401.359s][info][gc,heap        ] GC(429) Old regions: 267->270
[4401.359s][info][gc,heap        ] GC(429) Humongous regions: 32->32
[4401.359s][info][gc,metaspace   ] GC(429) Metaspace: 29960K(30464K)->29960K(30464K) NonClass: 26563K(26816K)->26563K(26816K) Class: 3397K(3648K)->3397K(3648K)
[4401.359s][info][gc             ] GC(429) Pause Young (Normal) (G1 Evacuation Pause) 8508M->2799M(10240M) 168.384ms
[4401.359s][info][gc,cpu         ] GC(429) User=1.32s Sys=0.01s Real=0.17s
.......[4407.633s][info][gc,start       ] GC(430) Pause Young (Normal) (G1 Evacuation Pause)
[4407.633s][info][gc,task        ] GC(430) Using 8 workers of 8 for evacuation
[4407.798s][info][gc,phases      ] GC(430)   Pre Evacuate Collection Set: 0.30ms
[4407.798s][info][gc,phases      ] GC(430)   Merge Heap Roots: 0.58ms
[4407.798s][info][gc,phases      ] GC(430)   Evacuate Collection Set: 162.66ms
[4407.798s][info][gc,phases      ] GC(430)   Post Evacuate Collection Set: 1.35ms
[4407.798s][info][gc,phases      ] GC(430)   Other: 0.06ms
[4407.798s][info][gc,heap        ] GC(430) Eden regions: 716->0(716)
[4407.798s][info][gc,heap        ] GC(430) Survivor regions: 52->52(96)
[4407.798s][info][gc,heap        ] GC(430) Old regions: 270->272
[4407.798s][info][gc,heap        ] GC(430) Humongous regions: 32->32
[4407.798s][info][gc,metaspace   ] GC(430) Metaspace: 29960K(30464K)->29960K(30464K) NonClass: 26563K(26816K)->26563K(26816K) Class: 3397K(3648K)->3397K(3648K)
[4407.798s][info][gc             ] GC(430) Pause Young (Normal) (G1 Evacuation Pause) 8527M->2818M(10240M) 165.085ms
[4407.798s][info][gc,cpu         ] GC(430) User=1.30s Sys=0.00s Real=0.17s
......[4414.058s][info][gc,start       ] GC(431) Pause Young (Normal) (G1 Evacuation Pause)
[4414.058s][info][gc,task        ] GC(431) Using 8 workers of 8 for evacuation
[4414.230s][info][gc,phases      ] GC(431)   Pre Evacuate Collection Set: 0.29ms
[4414.230s][info][gc,phases      ] GC(431)   Merge Heap Roots: 0.65ms
[4414.230s][info][gc,phases      ] GC(431)   Evacuate Collection Set: 169.36ms
[4414.230s][info][gc,phases      ] GC(431)   Post Evacuate Collection Set: 1.24ms
[4414.230s][info][gc,phases      ] GC(431)   Other: 0.07ms
[4414.230s][info][gc,heap        ] GC(431) Eden regions: 716->0(715)
[4414.230s][info][gc,heap        ] GC(431) Survivor regions: 52->53(96)
[4414.230s][info][gc,heap        ] GC(431) Old regions: 272->274
[4414.230s][info][gc,heap        ] GC(431) Humongous regions: 32->32
[4414.230s][info][gc,metaspace   ] GC(431) Metaspace: 29960K(30464K)->29960K(30464K) NonClass: 26563K(26816K)->26563K(26816K) Class: 3397K(3648K)->3397K(3648K)
[4414.230s][info][gc             ] GC(431) Pause Young (Normal) (G1 Evacuation Pause) 8546M->2851M(10240M) 171.760ms
[4414.230s][info][gc,cpu         ] GC(431) User=1.36s Sys=0.00s Real=0.17s
.......[4420.533s][info][gc,start       ] GC(432) Pause Young (Normal) (G1 Evacuation Pause)
[4420.533s][info][gc,task        ] GC(432) Using 8 workers of 8 for evacuation
[4420.704s][info][gc,phases      ] GC(432)   Pre Evacuate Collection Set: 0.30ms
[4420.704s][info][gc,phases      ] GC(432)   Merge Heap Roots: 0.66ms
[4420.704s][info][gc,phases      ] GC(432)   Evacuate Collection Set: 168.34ms
[4420.704s][info][gc,phases      ] GC(432)   Post Evacuate Collection Set: 1.24ms
[4420.704s][info][gc,phases      ] GC(432)   Other: 0.07ms
[4420.704s][info][gc,heap        ] GC(432) Eden regions: 715->0(716)
[4420.704s][info][gc,heap        ] GC(432) Survivor regions: 53->52(96)
[4420.704s][info][gc,heap        ] GC(432) Old regions: 274->277
[4420.704s][info][gc,heap        ] GC(432) Humongous regions: 32->32
[4420.704s][info][gc,metaspace   ] GC(432) Metaspace: 29960K(30464K)->29960K(30464K) NonClass: 26563K(26816K)->26563K(26816K) Class: 3397K(3648K)->3397K(3648K)
[4420.704s][info][gc             ] GC(432) Pause Young (Normal) (G1 Evacuation Pause) 8571M->2858M(10240M) 170.764ms
[4420.704s][info][gc,cpu         ] GC(432) User=1.34s Sys=0.00s Real=0.17s
......[4426.977s][info][gc,start       ] GC(433) Pause Young (Normal) (G1 Evacuation Pause)
[4426.977s][info][gc,task        ] GC(433) Using 8 workers of 8 for evacuation
[4427.149s][info][gc,phases      ] GC(433)   Pre Evacuate Collection Set: 0.31ms
[4427.150s][info][gc,phases      ] GC(433)   Merge Heap Roots: 0.57ms
[4427.150s][info][gc,phases      ] GC(433)   Evacuate Collection Set: 169.81ms
[4427.150s][info][gc,phases      ] GC(433)   Post Evacuate Collection Set: 1.31ms
[4427.150s][info][gc,phases      ] GC(433)   Other: 0.07ms
[4427.150s][info][gc,heap        ] GC(433) Eden regions: 716->0(715)
[4427.150s][info][gc,heap        ] GC(433) Survivor regions: 52->53(96)
[4427.150s][info][gc,heap        ] GC(433) Old regions: 277->279
[4427.150s][info][gc,heap        ] GC(433) Humongous regions: 32->32
[4427.150s][info][gc,metaspace   ] GC(433) Metaspace: 29960K(30464K)->29960K(30464K) NonClass: 26563K(26816K)->26563K(26816K) Class: 3397K(3648K)->3397K(3648K)
[4427.150s][info][gc             ] GC(433) Pause Young (Normal) (G1 Evacuation Pause) 8586M->2886M(10240M) 172.212ms
[4427.150s][info][gc,cpu         ] GC(433) User=1.35s Sys=0.00s Real=0.17s
.......[4433.419s][info][gc,start       ] GC(434) Pause Young (Normal) (G1 Evacuation Pause)
[4433.419s][info][gc,task        ] GC(434) Using 8 workers of 8 for evacuation
[4433.588s][info][gc,phases      ] GC(434)   Pre Evacuate Collection Set: 0.29ms
[4433.588s][info][gc,phases      ] GC(434)   Merge Heap Roots: 0.58ms
[4433.588s][info][gc,phases      ] GC(434)   Evacuate Collection Set: 166.65ms
[4433.588s][info][gc,phases      ] GC(434)   Post Evacuate Collection Set: 1.33ms
[4433.588s][info][gc,phases      ] GC(434)   Other: 0.07ms
[4433.588s][info][gc,heap        ] GC(434) Eden regions: 715->0(716)
[4433.588s][info][gc,heap        ] GC(434) Survivor regions: 53->52(96)
[4433.588s][info][gc,heap        ] GC(434) Old regions: 279->282
[4433.588s][info][gc,heap        ] GC(434) Humongous regions: 32->32
[4433.588s][info][gc,metaspace   ] GC(434) Metaspace: 29960K(30464K)->29960K(30464K) NonClass: 26563K(26816K)->26563K(26816K) Class: 3397K(3648K)->3397K(3648K)
[4433.588s][info][gc             ] GC(434) Pause Young (Normal) (G1 Evacuation Pause) 8606M->2897M(10240M) 169.066ms
[4433.588s][info][gc,cpu         ] GC(434) User=1.33s Sys=0.01s Real=0.17s
......[4439.838s][info][gc,start       ] GC(435) Pause Young (Normal) (G1 Evacuation Pause)
[4439.838s][info][gc,task        ] GC(435) Using 8 workers of 8 for evacuation
[4440.004s][info][gc,phases      ] GC(435)   Pre Evacuate Collection Set: 0.28ms
[4440.005s][info][gc,phases      ] GC(435)   Merge Heap Roots: 0.59ms
[4440.005s][info][gc,phases      ] GC(435)   Evacuate Collection Set: 164.15ms
[4440.005s][info][gc,phases      ] GC(435)   Post Evacuate Collection Set: 1.26ms
[4440.005s][info][gc,phases      ] GC(435)   Other: 0.07ms
[4440.005s][info][gc,heap        ] GC(435) Eden regions: 716->0(717)
[4440.005s][info][gc,heap        ] GC(435) Survivor regions: 52->51(96)
[4440.005s][info][gc,heap        ] GC(435) Old regions: 282->284
[4440.005s][info][gc,heap        ] GC(435) Humongous regions: 32->32
[4440.005s][info][gc,metaspace   ] GC(435) Metaspace: 29960K(30464K)->29960K(30464K) NonClass: 26563K(26816K)->26563K(26816K) Class: 3397K(3648K)->3397K(3648K)
[4440.005s][info][gc             ] GC(435) Pause Young (Normal) (G1 Evacuation Pause) 8625M->2911M(10240M) 166.483ms
[4440.005s][info][gc,cpu         ] GC(435) User=1.31s Sys=0.00s Real=0.16s
......[4446.200s][info][gc,start       ] GC(436) Pause Young (Normal) (G1 Evacuation Pause)
[4446.200s][info][gc,task        ] GC(436) Using 8 workers of 8 for evacuation
[4446.366s][info][gc,phases      ] GC(436)   Pre Evacuate Collection Set: 0.34ms
[4446.366s][info][gc,phases      ] GC(436)   Merge Heap Roots: 0.71ms
[4446.366s][info][gc,phases      ] GC(436)   Evacuate Collection Set: 163.76ms
[4446.366s][info][gc,phases      ] GC(436)   Post Evacuate Collection Set: 1.27ms
[4446.366s][info][gc,phases      ] GC(436)   Other: 0.08ms
[4446.366s][info][gc,heap        ] GC(436) Eden regions: 717->0(716)
[4446.366s][info][gc,heap        ] GC(436) Survivor regions: 51->52(96)
[4446.366s][info][gc,heap        ] GC(436) Old regions: 284->286
[4446.366s][info][gc,heap        ] GC(436) Humongous regions: 32->32
[4446.366s][info][gc,metaspace   ] GC(436) Metaspace: 29960K(30464K)->29960K(30464K) NonClass: 26563K(26816K)->26563K(26816K) Class: 3397K(3648K)->3397K(3648K)
[4446.366s][info][gc             ] GC(436) Pause Young (Normal) (G1 Evacuation Pause) 8647M->2934M(10240M) 166.316ms
[4446.366s][info][gc,cpu         ] GC(436) User=1.31s Sys=0.00s Real=0.17s
.......[4452.560s][info][gc,start       ] GC(437) Pause Young (Normal) (G1 Evacuation Pause)
[4452.560s][info][gc,task        ] GC(437) Using 8 workers of 8 for evacuation
[4452.728s][info][gc,phases      ] GC(437)   Pre Evacuate Collection Set: 0.28ms
[4452.728s][info][gc,phases      ] GC(437)   Merge Heap Roots: 0.55ms
[4452.728s][info][gc,phases      ] GC(437)   Evacuate Collection Set: 166.26ms
[4452.728s][info][gc,phases      ] GC(437)   Post Evacuate Collection Set: 1.25ms
[4452.728s][info][gc,phases      ] GC(437)   Other: 0.06ms
[4452.728s][info][gc,heap        ] GC(437) Eden regions: 716->0(716)
[4452.728s][info][gc,heap        ] GC(437) Survivor regions: 52->52(96)
[4452.728s][info][gc,heap        ] GC(437) Old regions: 286->289
[4452.728s][info][gc,heap        ] GC(437) Humongous regions: 32->32
[4452.728s][info][gc,metaspace   ] GC(437) Metaspace: 29960K(30464K)->29960K(30464K) NonClass: 26563K(26816K)->26563K(26816K) Class: 3397K(3648K)->3397K(3648K)
[4452.728s][info][gc             ] GC(437) Pause Young (Normal) (G1 Evacuation Pause) 8662M->2953M(10240M) 168.545ms
[4452.728s][info][gc,cpu         ] GC(437) User=1.33s Sys=0.00s Real=0.17s
.... (rIR:aIR:PR = 7472:7490:7490) (tPR = 112104) [OK] 
  4456s: Performance info:
         Transaction,    Success,    Partial,     Failed,   Receipts, AvgBarcode, 
             Overall,     450137,          0,          0,     427672,      59.48, 
         Response times:
             Request,    Success,    Partial,     Failed,   SkipFail,     Probes,    Samples,      min,      p50,      p90,      p95,      p99,      max, 
       TotalPurchase,     427673,          0,          0,          0,     358951,     386448,      300,     5500,    10900,    17800,    88000,   428000,
     InStorePurchase,     224600,          0,          0,          0,     189293,     203478,      400,     5400,    11000,    17900,    88000,   413000,
      OnlinePurchase,     158060,          0,          0,          0,     132017,     142287,      300,     5600,    10900,    17200,    87000,   428000,
        InstPurchase,      45013,          0,          0,          0,      37641,      40683,      500,     5700,    11000,    18500,    88000,   412000,
          AssocOfCat,        448,          0,          0,          0,        364,        488,    28000,    43000,    61000,    75100,   138220,   220000,
      AssocOfProduct,       4482,          0,          0,          0,       4148,       4692,      600,     5000,    10500,    17435,    74000,   214000,
      BusinessReport,       1125,          0,          0,          0,        978,       1150,    30000,    53000,    75000,   102000,   197680,   234000,
          CustBuyBeh,       4482,          0,          0,          0,       4216,       4802,      200,     5200,    10300,    16585,    91000,   197000,
       ProductReturn,      11928,          0,          0,          0,      10210,      11172,      200,     5600,    10700,    17335,    87000,   196000,

  4456s: (55%)   IR =   7610 ..[4459.040s][info][gc,start       ] GC(438) Pause Young (Normal) (G1 Evacuation Pause)
[4459.040s][info][gc,task        ] GC(438) Using 8 workers of 8 for evacuation
[4459.206s][info][gc,phases      ] GC(438)   Pre Evacuate Collection Set: 0.30ms
[4459.206s][info][gc,phases      ] GC(438)   Merge Heap Roots: 0.64ms
[4459.206s][info][gc,phases      ] GC(438)   Evacuate Collection Set: 164.41ms
[4459.206s][info][gc,phases      ] GC(438)   Post Evacuate Collection Set: 1.23ms
[4459.206s][info][gc,phases      ] GC(438)   Other: 0.07ms
[4459.206s][info][gc,heap        ] GC(438) Eden regions: 716->0(717)
[4459.206s][info][gc,heap        ] GC(438) Survivor regions: 52->51(96)
[4459.206s][info][gc,heap        ] GC(438) Old regions: 289->291
[4459.206s][info][gc,heap        ] GC(438) Humongous regions: 32->32
[4459.206s][info][gc,metaspace   ] GC(438) Metaspace: 29960K(30464K)->29960K(30464K) NonClass: 26563K(26816K)->26563K(26816K) Class: 3397K(3648K)->3397K(3648K)
[4459.206s][info][gc             ] GC(438) Pause Young (Normal) (G1 Evacuation Pause) 8681M->2969M(10240M) 166.787ms
[4459.206s][info][gc,cpu         ] GC(438) User=1.31s Sys=0.00s Real=0.17s
......|[4465.273s][info][gc,start       ] GC(439) Pause Young (Normal) (G1 Evacuation Pause)
[4465.273s][info][gc,task        ] GC(439) Using 8 workers of 8 for evacuation
[4465.439s][info][gc,phases      ] GC(439)   Pre Evacuate Collection Set: 0.28ms
[4465.439s][info][gc,phases      ] GC(439)   Merge Heap Roots: 0.58ms
[4465.439s][info][gc,phases      ] GC(439)   Evacuate Collection Set: 162.98ms
[4465.439s][info][gc,phases      ] GC(439)   Post Evacuate Collection Set: 1.33ms
[4465.439s][info][gc,phases      ] GC(439)   Other: 0.07ms
[4465.439s][info][gc,heap        ] GC(439) Eden regions: 717->0(716)
[4465.439s][info][gc,heap        ] GC(439) Survivor regions: 51->52(96)
[4465.439s][info][gc,heap        ] GC(439) Old regions: 291->294
[4465.439s][info][gc,heap        ] GC(439) Humongous regions: 32->32
[4465.439s][info][gc,metaspace   ] GC(439) Metaspace: 29960K(30464K)->29960K(30464K) NonClass: 26563K(26816K)->26563K(26816K) Class: 3397K(3648K)->3397K(3648K)
[4465.439s][info][gc             ] GC(439) Pause Young (Normal) (G1 Evacuation Pause) 8705M->2992M(10240M) 165.369ms
[4465.439s][info][gc,cpu         ] GC(439) User=1.30s Sys=0.00s Real=0.17s
.......[4471.564s][info][gc,start       ] GC(440) Pause Young (Normal) (G1 Evacuation Pause)
[4471.564s][info][gc,task        ] GC(440) Using 8 workers of 8 for evacuation
[4471.732s][info][gc,phases      ] GC(440)   Pre Evacuate Collection Set: 0.30ms
[4471.732s][info][gc,phases      ] GC(440)   Merge Heap Roots: 0.73ms
[4471.732s][info][gc,phases      ] GC(440)   Evacuate Collection Set: 165.57ms
[4471.732s][info][gc,phases      ] GC(440)   Post Evacuate Collection Set: 1.31ms
[4471.732s][info][gc,phases      ] GC(440)   Other: 0.10ms
[4471.732s][info][gc,heap        ] GC(440) Eden regions: 716->0(717)
[4471.732s][info][gc,heap        ] GC(440) Survivor regions: 52->51(96)
[4471.732s][info][gc,heap        ] GC(440) Old regions: 294->296
[4471.732s][info][gc,heap        ] GC(440) Humongous regions: 32->32
[4471.732s][info][gc,metaspace   ] GC(440) Metaspace: 29960K(30464K)->29960K(30464K) NonClass: 26563K(26816K)->26563K(26816K) Class: 3397K(3648K)->3397K(3648K)
[4471.732s][info][gc             ] GC(440) Pause Young (Normal) (G1 Evacuation Pause) 8720M->3007M(10240M) 168.154ms
[4471.732s][info][gc,cpu         ] GC(440) User=1.32s Sys=0.00s Real=0.17s
......[4477.860s][info][gc,start       ] GC(441) Pause Young (Normal) (G1 Evacuation Pause)
[4477.860s][info][gc,task        ] GC(441) Using 8 workers of 8 for evacuation
[4478.031s][info][gc,phases      ] GC(441)   Pre Evacuate Collection Set: 0.29ms
[4478.031s][info][gc,phases      ] GC(441)   Merge Heap Roots: 0.57ms
[4478.031s][info][gc,phases      ] GC(441)   Evacuate Collection Set: 168.33ms
[4478.031s][info][gc,phases      ] GC(441)   Post Evacuate Collection Set: 1.27ms
[4478.031s][info][gc,phases      ] GC(441)   Other: 0.07ms
[4478.031s][info][gc,heap        ] GC(441) Eden regions: 717->0(716)
[4478.031s][info][gc,heap        ] GC(441) Survivor regions: 51->52(96)
[4478.031s][info][gc,heap        ] GC(441) Old regions: 296->298
[4478.031s][info][gc,heap        ] GC(441) Humongous regions: 32->32
[4478.031s][info][gc,metaspace   ] GC(441) Metaspace: 29960K(30464K)->29960K(30464K) NonClass: 26563K(26816K)->26563K(26816K) Class: 3397K(3648K)->3397K(3648K)
[4478.031s][info][gc             ] GC(441) Pause Young (Normal) (G1 Evacuation Pause) 8743M->3035M(10240M) 170.701ms
[4478.031s][info][gc,cpu         ] GC(441) User=1.35s Sys=0.00s Real=0.17s
......[4484.179s][info][gc,start       ] GC(442) Pause Young (Normal) (G1 Evacuation Pause)
[4484.179s][info][gc,task        ] GC(442) Using 8 workers of 8 for evacuation
[4484.343s][info][gc,phases      ] GC(442)   Pre Evacuate Collection Set: 0.32ms
[4484.343s][info][gc,phases      ] GC(442)   Merge Heap Roots: 0.57ms
[4484.343s][info][gc,phases      ] GC(442)   Evacuate Collection Set: 161.56ms
[4484.343s][info][gc,phases      ] GC(442)   Post Evacuate Collection Set: 1.31ms
[4484.343s][info][gc,phases      ] GC(442)   Other: 0.07ms
[4484.343s][info][gc,heap        ] GC(442) Eden regions: 716->0(718)
[4484.343s][info][gc,heap        ] GC(442) Survivor regions: 52->50(96)
[4484.343s][info][gc,heap        ] GC(442) Old regions: 298->301
[4484.343s][info][gc,heap        ] GC(442) Humongous regions: 32->32
[4484.343s][info][gc,metaspace   ] GC(442) Metaspace: 29960K(30464K)->29960K(30464K) NonClass: 26563K(26816K)->26563K(26816K) Class: 3397K(3648K)->3397K(3648K)
[4484.343s][info][gc             ] GC(442) Pause Young (Normal) (G1 Evacuation Pause) 8763M->3038M(10240M) 163.975ms
[4484.343s][info][gc,cpu         ] GC(442) User=1.30s Sys=0.00s Real=0.16s
.......[4490.550s][info][gc,start       ] GC(443) Pause Young (Normal) (G1 Evacuation Pause)
[4490.550s][info][gc,task        ] GC(443) Using 8 workers of 8 for evacuation
[4490.716s][info][gc,phases      ] GC(443)   Pre Evacuate Collection Set: 0.30ms
[4490.716s][info][gc,phases      ] GC(443)   Merge Heap Roots: 0.65ms
[4490.716s][info][gc,phases      ] GC(443)   Evacuate Collection Set: 163.85ms
[4490.716s][info][gc,phases      ] GC(443)   Post Evacuate Collection Set: 1.29ms
[4490.716s][info][gc,phases      ] GC(443)   Other: 0.07ms
[4490.716s][info][gc,heap        ] GC(443) Eden regions: 718->0(717)
[4490.716s][info][gc,heap        ] GC(443) Survivor regions: 50->51(96)
[4490.716s][info][gc,heap        ] GC(443) Old regions: 301->303
[4490.716s][info][gc,heap        ] GC(443) Humongous regions: 32->32
[4490.716s][info][gc,metaspace   ] GC(443) Metaspace: 29960K(30464K)->29960K(30464K) NonClass: 26563K(26816K)->26563K(26816K) Class: 3397K(3648K)->3397K(3648K)
[4490.716s][info][gc             ] GC(443) Pause Young (Normal) (G1 Evacuation Pause) 8782M->3066M(10240M) 166.304ms
[4490.716s][info][gc,cpu         ] GC(443) User=1.31s Sys=0.00s Real=0.17s
......[4496.846s][info][gc,start       ] GC(444) Pause Young (Normal) (G1 Evacuation Pause)
[4496.846s][info][gc,task        ] GC(444) Using 8 workers of 8 for evacuation
[4497.016s][info][gc,phases      ] GC(444)   Pre Evacuate Collection Set: 0.28ms
[4497.016s][info][gc,phases      ] GC(444)   Merge Heap Roots: 0.57ms
[4497.016s][info][gc,phases      ] GC(444)   Evacuate Collection Set: 167.26ms
[4497.016s][info][gc,phases      ] GC(444)   Post Evacuate Collection Set: 1.28ms
[4497.016s][info][gc,phases      ] GC(444)   Other: 0.06ms
[4497.016s][info][gc,heap        ] GC(444) Eden regions: 717->0(716)
[4497.016s][info][gc,heap        ] GC(444) Survivor regions: 51->52(96)
[4497.016s][info][gc,heap        ] GC(444) Old regions: 303->306
[4497.016s][info][gc,heap        ] GC(444) Humongous regions: 32->32
[4497.016s][info][gc,metaspace   ] GC(444) Metaspace: 29960K(30464K)->29960K(30464K) NonClass: 26563K(26816K)->26563K(26816K) Class: 3397K(3648K)->3397K(3648K)
[4497.016s][info][gc             ] GC(444) Pause Young (Normal) (G1 Evacuation Pause) 8802M->3093M(10240M) 169.598ms
[4497.016s][info][gc,cpu         ] GC(444) User=1.34s Sys=0.00s Real=0.17s
......[4503.150s][info][gc,start       ] GC(445) Pause Young (Normal) (G1 Evacuation Pause)
[4503.150s][info][gc,task        ] GC(445) Using 8 workers of 8 for evacuation
[4503.313s][info][gc,phases      ] GC(445)   Pre Evacuate Collection Set: 0.29ms
[4503.313s][info][gc,phases      ] GC(445)   Merge Heap Roots: 0.59ms
[4503.313s][info][gc,phases      ] GC(445)   Evacuate Collection Set: 160.82ms
[4503.313s][info][gc,phases      ] GC(445)   Post Evacuate Collection Set: 1.30ms
[4503.313s][info][gc,phases      ] GC(445)   Other: 0.07ms
[4503.313s][info][gc,heap        ] GC(445) Eden regions: 716->0(716)
[4503.313s][info][gc,heap        ] GC(445) Survivor regions: 52->52(96)
[4503.313s][info][gc,heap        ] GC(445) Old regions: 306->308
[4503.313s][info][gc,heap        ] GC(445) Humongous regions: 32->32
[4503.313s][info][gc,metaspace   ] GC(445) Metaspace: 29960K(30464K)->29960K(30464K) NonClass: 26563K(26816K)->26563K(26816K) Class: 3397K(3648K)->3397K(3648K)
[4503.313s][info][gc             ] GC(445) Pause Young (Normal) (G1 Evacuation Pause) 8821M->3107M(10240M) 163.206ms
[4503.313s][info][gc,cpu         ] GC(445) User=1.29s Sys=0.00s Real=0.16s
......[4509.466s][info][gc,start       ] GC(446) Pause Young (Normal) (G1 Evacuation Pause)
[4509.466s][info][gc,task        ] GC(446) Using 8 workers of 8 for evacuation
[4509.632s][info][gc,phases      ] GC(446)   Pre Evacuate Collection Set: 0.32ms
[4509.632s][info][gc,phases      ] GC(446)   Merge Heap Roots: 0.62ms
[4509.632s][info][gc,phases      ] GC(446)   Evacuate Collection Set: 163.36ms
[4509.632s][info][gc,phases      ] GC(446)   Post Evacuate Collection Set: 1.29ms
[4509.632s][info][gc,phases      ] GC(446)   Other: 0.07ms
[4509.632s][info][gc,heap        ] GC(446) Eden regions: 716->0(717)
[4509.632s][info][gc,heap        ] GC(446) Survivor regions: 52->51(96)
[4509.632s][info][gc,heap        ] GC(446) Old regions: 308->311
[4509.632s][info][gc,heap        ] GC(446) Humongous regions: 32->32
[4509.632s][info][gc,metaspace   ] GC(446) Metaspace: 29960K(30464K)->29960K(30464K) NonClass: 26563K(26816K)->26563K(26816K) Class: 3397K(3648K)->3397K(3648K)
[4509.632s][info][gc             ] GC(446) Pause Young (Normal) (G1 Evacuation Pause) 8835M->3123M(10240M) 165.786ms
[4509.632s][info][gc,cpu         ] GC(446) User=1.30s Sys=0.00s Real=0.16s
.......[4515.858s][info][gc,start       ] GC(447) Pause Young (Normal) (G1 Evacuation Pause)
[4515.858s][info][gc,task        ] GC(447) Using 8 workers of 8 for evacuation
[4516.025s][info][gc,phases      ] GC(447)   Pre Evacuate Collection Set: 0.29ms
[4516.025s][info][gc,phases      ] GC(447)   Merge Heap Roots: 0.71ms
[4516.025s][info][gc,phases      ] GC(447)   Evacuate Collection Set: 164.73ms
[4516.025s][info][gc,phases      ] GC(447)   Post Evacuate Collection Set: 1.28ms
[4516.025s][info][gc,phases      ] GC(447)   Other: 0.08ms
[4516.025s][info][gc,heap        ] GC(447) Eden regions: 717->0(716)
[4516.025s][info][gc,heap        ] GC(447) Survivor regions: 51->52(96)
[4516.025s][info][gc,heap        ] GC(447) Old regions: 311->313
[4516.025s][info][gc,heap        ] GC(447) Humongous regions: 32->32
[4516.025s][info][gc,metaspace   ] GC(447) Metaspace: 29960K(30464K)->29960K(30464K) NonClass: 26563K(26816K)->26563K(26816K) Class: 3397K(3648K)->3397K(3648K)
[4516.025s][info][gc             ] GC(447) Pause Young (Normal) (G1 Evacuation Pause) 8859M->3147M(10240M) 167.229ms
[4516.025s][info][gc,cpu         ] GC(447) User=1.31s Sys=0.00s Real=0.17s
......[4522.056s][info][gc,start       ] GC(448) Pause Young (Normal) (G1 Evacuation Pause)
[4522.056s][info][gc,task        ] GC(448) Using 8 workers of 8 for evacuation
[4522.224s][info][gc,phases      ] GC(448)   Pre Evacuate Collection Set: 0.29ms
[4522.224s][info][gc,phases      ] GC(448)   Merge Heap Roots: 0.57ms
[4522.224s][info][gc,phases      ] GC(448)   Evacuate Collection Set: 165.18ms
[4522.224s][info][gc,phases      ] GC(448)   Post Evacuate Collection Set: 1.29ms
[4522.224s][info][gc,phases      ] GC(448)   Other: 0.07ms
[4522.224s][info][gc,heap        ] GC(448) Eden regions: 716->0(716)
[4522.224s][info][gc,heap        ] GC(448) Survivor regions: 52->52(96)
[4522.224s][info][gc,heap        ] GC(448) Old regions: 313->315
[4522.224s][info][gc,heap        ] GC(448) Humongous regions: 32->32
[4522.224s][info][gc,metaspace   ] GC(448) Metaspace: 29960K(30464K)->29960K(30464K) NonClass: 26563K(26816K)->26563K(26816K) Class: 3397K(3648K)->3397K(3648K)
[4522.224s][info][gc             ] GC(448) Pause Young (Normal) (G1 Evacuation Pause) 8875M->3166M(10240M) 167.542ms
[4522.224s][info][gc,cpu         ] GC(448) User=1.32s Sys=0.00s Real=0.16s
... (rIR:aIR:PR = 7610:7628:7628) (tPR = 113409) [OK] 
  4524s: Performance info:
         Transaction,    Success,    Partial,     Failed,   Receipts, AvgBarcode, 
             Overall,     459044,          0,          0,     436219,      59.47, 
         Response times:
             Request,    Success,    Partial,     Failed,   SkipFail,     Probes,    Samples,      min,      p50,      p90,      p95,      p99,      max, 
       TotalPurchase,     436229,          0,          0,          0,     358437,     408483,      400,     5600,    11000,    16800,    80000,   409000,
     InStorePurchase,     229731,          0,          0,          0,     188961,     214992,      400,     5500,    11000,    17300,    79000,   408000,
      OnlinePurchase,     160549,          0,          0,          0,     132057,     150533,      400,     5700,    10900,    16400,    82000,   409000,
        InstPurchase,      45949,          0,          0,          0,      37419,      42958,      500,     5700,    11200,    16400,    76000,   408000,
          AssocOfCat,        454,          0,          0,          0,        354,        501,    29000,    44000,    60000,    70000,   130980,   214000,
      AssocOfProduct,       4573,          0,          0,          0,       4201,       5007,      900,     6700,    11900,    22000,    87920,   182000,
      BusinessReport,       1140,          0,          0,          0,       1043,       1333,    33000,    53000,    72000,    86300,   162620,   373000,
          CustBuyBeh,       4568,          0,          0,          0,       4309,       5140,      200,     6200,    11200,    17500,    94000,   351000,
       ProductReturn,      12102,          0,          0,          0,       9333,      10961,      300,     5200,    11200,    17200,    73380,   407000,

  4524s: (56%)   IR =   7749 ...[4528.328s][info][gc,start       ] GC(449) Pause Young (Normal) (G1 Evacuation Pause)
[4528.329s][info][gc,task        ] GC(449) Using 8 workers of 8 for evacuation
[4528.495s][info][gc,phases      ] GC(449)   Pre Evacuate Collection Set: 0.29ms
[4528.495s][info][gc,phases      ] GC(449)   Merge Heap Roots: 0.62ms
[4528.495s][info][gc,phases      ] GC(449)   Evacuate Collection Set: 163.84ms
[4528.495s][info][gc,phases      ] GC(449)   Post Evacuate Collection Set: 1.30ms
[4528.495s][info][gc,phases      ] GC(449)   Other: 0.06ms
[4528.495s][info][gc,heap        ] GC(449) Eden regions: 716->0(716)
[4528.495s][info][gc,heap        ] GC(449) Survivor regions: 52->52(96)
[4528.495s][info][gc,heap        ] GC(449) Old regions: 315->318
[4528.495s][info][gc,heap        ] GC(449) Humongous regions: 32->32
[4528.495s][info][gc,metaspace   ] GC(449) Metaspace: 29960K(30464K)->29960K(30464K) NonClass: 26563K(26816K)->26563K(26816K) Class: 3397K(3648K)->3397K(3648K)
[4528.495s][info][gc             ] GC(449) Pause Young (Normal) (G1 Evacuation Pause) 8894M->3185M(10240M) 166.272ms
[4528.495s][info][gc,cpu         ] GC(449) User=1.31s Sys=0.00s Real=0.16s
.|.....[4534.507s][info][gc,start       ] GC(450) Pause Young (Normal) (G1 Evacuation Pause)
[4534.507s][info][gc,task        ] GC(450) Using 8 workers of 8 for evacuation
[4534.676s][info][gc,phases      ] GC(450)   Pre Evacuate Collection Set: 0.32ms
[4534.676s][info][gc,phases      ] GC(450)   Merge Heap Roots: 0.58ms
[4534.676s][info][gc,phases      ] GC(450)   Evacuate Collection Set: 166.70ms
[4534.676s][info][gc,phases      ] GC(450)   Post Evacuate Collection Set: 1.28ms
[4534.676s][info][gc,phases      ] GC(450)   Other: 0.07ms
[4534.676s][info][gc,heap        ] GC(450) Eden regions: 716->0(716)
[4534.677s][info][gc,heap        ] GC(450) Survivor regions: 52->52(96)
[4534.677s][info][gc,heap        ] GC(450) Old regions: 318->320
[4534.677s][info][gc,heap        ] GC(450) Humongous regions: 32->32
[4534.677s][info][gc,metaspace   ] GC(450) Metaspace: 29960K(30464K)->29960K(30464K) NonClass: 26563K(26816K)->26563K(26816K) Class: 3397K(3648K)->3397K(3648K)
[4534.677s][info][gc             ] GC(450) Pause Young (Normal) (G1 Evacuation Pause) 8913M->3208M(10240M) 169.081ms
[4534.677s][info][gc,cpu         ] GC(450) User=1.33s Sys=0.00s Real=0.17s
......[4540.689s][info][gc,start       ] GC(451) Pause Young (Normal) (G1 Evacuation Pause)
[4540.689s][info][gc,task        ] GC(451) Using 8 workers of 8 for evacuation
[4540.860s][info][gc,phases      ] GC(451)   Pre Evacuate Collection Set: 0.30ms
[4540.860s][info][gc,phases      ] GC(451)   Merge Heap Roots: 0.58ms
[4540.860s][info][gc,phases      ] GC(451)   Evacuate Collection Set: 168.71ms
[4540.860s][info][gc,phases      ] GC(451)   Post Evacuate Collection Set: 1.28ms
[4540.860s][info][gc,phases      ] GC(451)   Other: 0.07ms
[4540.860s][info][gc,heap        ] GC(451) Eden regions: 716->0(715)
[4540.860s][info][gc,heap        ] GC(451) Survivor regions: 52->53(96)
[4540.860s][info][gc,heap        ] GC(451) Old regions: 320->323
[4540.860s][info][gc,heap        ] GC(451) Humongous regions: 32->32
[4540.860s][info][gc,metaspace   ] GC(451) Metaspace: 29960K(30464K)->29960K(30464K) NonClass: 26563K(26816K)->26563K(26816K) Class: 3397K(3648K)->3397K(3648K)
[4540.860s][info][gc             ] GC(451) Pause Young (Normal) (G1 Evacuation Pause) 8936M->3231M(10240M) 171.088ms
[4540.860s][info][gc,cpu         ] GC(451) User=1.34s Sys=0.00s Real=0.17s
.......[4546.945s][info][gc,start       ] GC(452) Pause Young (Normal) (G1 Evacuation Pause)
[4546.945s][info][gc,task        ] GC(452) Using 8 workers of 8 for evacuation
[4547.114s][info][gc,phases      ] GC(452)   Pre Evacuate Collection Set: 0.28ms
[4547.114s][info][gc,phases      ] GC(452)   Merge Heap Roots: 0.63ms
[4547.114s][info][gc,phases      ] GC(452)   Evacuate Collection Set: 166.48ms
[4547.114s][info][gc,phases      ] GC(452)   Post Evacuate Collection Set: 1.25ms
[4547.114s][info][gc,phases      ] GC(452)   Other: 0.07ms
[4547.114s][info][gc,heap        ] GC(452) Eden regions: 715->0(716)
[4547.114s][info][gc,heap        ] GC(452) Survivor regions: 53->52(96)
[4547.114s][info][gc,heap        ] GC(452) Old regions: 323->325
[4547.114s][info][gc,heap        ] GC(452) Humongous regions: 32->32
[4547.114s][info][gc,metaspace   ] GC(452) Metaspace: 29960K(30464K)->29960K(30464K) NonClass: 26563K(26816K)->26563K(26816K) Class: 3397K(3648K)->3397K(3648K)
[4547.114s][info][gc             ] GC(452) Pause Young (Normal) (G1 Evacuation Pause) 8951M->3243M(10240M) 168.871ms
[4547.114s][info][gc,cpu         ] GC(452) User=1.33s Sys=0.00s Real=0.16s
......[4553.122s][info][gc,start       ] GC(453) Pause Young (Normal) (G1 Evacuation Pause)
[4553.122s][info][gc,task        ] GC(453) Using 8 workers of 8 for evacuation
[4553.286s][info][gc,phases      ] GC(453)   Pre Evacuate Collection Set: 0.29ms
[4553.286s][info][gc,phases      ] GC(453)   Merge Heap Roots: 0.60ms
[4553.286s][info][gc,phases      ] GC(453)   Evacuate Collection Set: 161.64ms
[4553.286s][info][gc,phases      ] GC(453)   Post Evacuate Collection Set: 1.28ms
[4553.286s][info][gc,phases      ] GC(453)   Other: 0.07ms
[4553.286s][info][gc,heap        ] GC(453) Eden regions: 716->0(717)
[4553.286s][info][gc,heap        ] GC(453) Survivor regions: 52->51(96)
[4553.286s][info][gc,heap        ] GC(453) Old regions: 325->327
[4553.286s][info][gc,heap        ] GC(453) Humongous regions: 32->32
[4553.286s][info][gc,metaspace   ] GC(453) Metaspace: 29960K(30464K)->29960K(30464K) NonClass: 26563K(26816K)->26563K(26816K) Class: 3397K(3648K)->3397K(3648K)
[4553.286s][info][gc             ] GC(453) Pause Young (Normal) (G1 Evacuation Pause) 8971M->3254M(10240M) 164.012ms
[4553.286s][info][gc,cpu         ] GC(453) User=1.29s Sys=0.01s Real=0.17s
......[4559.277s][info][gc,start       ] GC(454) Pause Young (Normal) (G1 Evacuation Pause)
[4559.278s][info][gc,task        ] GC(454) Using 8 workers of 8 for evacuation
[4559.446s][info][gc,phases      ] GC(454)   Pre Evacuate Collection Set: 0.29ms
[4559.446s][info][gc,phases      ] GC(454)   Merge Heap Roots: 0.62ms
[4559.446s][info][gc,phases      ] GC(454)   Evacuate Collection Set: 166.51ms
[4559.446s][info][gc,phases      ] GC(454)   Post Evacuate Collection Set: 1.28ms
[4559.446s][info][gc,phases      ] GC(454)   Other: 0.07ms
[4559.446s][info][gc,heap        ] GC(454) Eden regions: 717->0(715)
[4559.446s][info][gc,heap        ] GC(454) Survivor regions: 51->53(96)
[4559.446s][info][gc,heap        ] GC(454) Old regions: 327->330
[4559.446s][info][gc,heap        ] GC(454) Humongous regions: 32->32
[4559.446s][info][gc,metaspace   ] GC(454) Metaspace: 29960K(30464K)->29960K(30464K) NonClass: 26563K(26816K)->26563K(26816K) Class: 3397K(3648K)->3397K(3648K)
[4559.446s][info][gc             ] GC(454) Pause Young (Normal) (G1 Evacuation Pause) 8990M->3289M(10240M) 168.893ms
[4559.446s][info][gc,cpu         ] GC(454) User=1.33s Sys=0.00s Real=0.17s
......[4565.483s][info][gc,start       ] GC(455) Pause Young (Normal) (G1 Evacuation Pause)
[4565.483s][info][gc,task        ] GC(455) Using 8 workers of 8 for evacuation
[4565.649s][info][gc,phases      ] GC(455)   Pre Evacuate Collection Set: 0.30ms
[4565.649s][info][gc,phases      ] GC(455)   Merge Heap Roots: 0.60ms
[4565.649s][info][gc,phases      ] GC(455)   Evacuate Collection Set: 163.76ms
[4565.649s][info][gc,phases      ] GC(455)   Post Evacuate Collection Set: 1.32ms
[4565.649s][info][gc,phases      ] GC(455)   Other: 0.08ms
[4565.649s][info][gc,heap        ] GC(455) Eden regions: 715->0(717)
[4565.649s][info][gc,heap        ] GC(455) Survivor regions: 53->51(96)
[4565.649s][info][gc,heap        ] GC(455) Old regions: 330->332
[4565.649s][info][gc,heap        ] GC(455) Humongous regions: 32->32
[4565.649s][info][gc,metaspace   ] GC(455) Metaspace: 29960K(30464K)->29960K(30464K) NonClass: 26563K(26816K)->26563K(26816K) Class: 3397K(3648K)->3397K(3648K)
[4565.649s][info][gc             ] GC(455) Pause Young (Normal) (G1 Evacuation Pause) 9009M->3296M(10240M) 166.193ms
[4565.649s][info][gc,cpu         ] GC(455) User=1.30s Sys=0.00s Real=0.17s
......[4571.794s][info][gc,start       ] GC(456) Pause Young (Normal) (G1 Evacuation Pause)
[4571.794s][info][gc,task        ] GC(456) Using 8 workers of 8 for evacuation
[4571.962s][info][gc,phases      ] GC(456)   Pre Evacuate Collection Set: 0.34ms
[4571.962s][info][gc,phases      ] GC(456)   Merge Heap Roots: 0.64ms
[4571.962s][info][gc,phases      ] GC(456)   Evacuate Collection Set: 165.38ms
[4571.962s][info][gc,phases      ] GC(456)   Post Evacuate Collection Set: 1.23ms
[4571.962s][info][gc,phases      ] GC(456)   Other: 0.07ms
[4571.962s][info][gc,heap        ] GC(456) Eden regions: 717->0(716)
[4571.962s][info][gc,heap        ] GC(456) Survivor regions: 51->52(96)
[4571.962s][info][gc,heap        ] GC(456) Old regions: 332->334
[4571.962s][info][gc,heap        ] GC(456) Humongous regions: 32->32
[4571.962s][info][gc,metaspace   ] GC(456) Metaspace: 29960K(30464K)->29960K(30464K) NonClass: 26563K(26816K)->26563K(26816K) Class: 3397K(3648K)->3397K(3648K)
[4571.962s][info][gc             ] GC(456) Pause Young (Normal) (G1 Evacuation Pause) 9032M->3323M(10240M) 167.812ms
[4571.962s][info][gc,cpu         ] GC(456) User=1.32s Sys=0.01s Real=0.17s
......[4577.870s][info][gc,start       ] GC(457) Pause Young (Normal) (G1 Evacuation Pause)
[4577.870s][info][gc,task        ] GC(457) Using 8 workers of 8 for evacuation
[4578.042s][info][gc,phases      ] GC(457)   Pre Evacuate Collection Set: 0.26ms
[4578.042s][info][gc,phases      ] GC(457)   Merge Heap Roots: 0.61ms
[4578.042s][info][gc,phases      ] GC(457)   Evacuate Collection Set: 169.69ms
[4578.042s][info][gc,phases      ] GC(457)   Post Evacuate Collection Set: 1.28ms
[4578.042s][info][gc,phases      ] GC(457)   Other: 0.07ms
[4578.042s][info][gc,heap        ] GC(457) Eden regions: 716->0(716)
[4578.042s][info][gc,heap        ] GC(457) Survivor regions: 52->52(96)
[4578.042s][info][gc,heap        ] GC(457) Old regions: 334->337
[4578.042s][info][gc,heap        ] GC(457) Humongous regions: 32->32
[4578.042s][info][gc,metaspace   ] GC(457) Metaspace: 29960K(30464K)->29960K(30464K) NonClass: 26563K(26816K)->26563K(26816K) Class: 3397K(3648K)->3397K(3648K)
[4578.042s][info][gc             ] GC(457) Pause Young (Normal) (G1 Evacuation Pause) 9051M->3342M(10240M) 172.044ms
[4578.042s][info][gc,cpu         ] GC(457) User=1.36s Sys=0.00s Real=0.17s
......[4584.045s][info][gc,start       ] GC(458) Pause Young (Normal) (G1 Evacuation Pause)
[4584.045s][info][gc,task        ] GC(458) Using 8 workers of 8 for evacuation
[4584.217s][info][gc,phases      ] GC(458)   Pre Evacuate Collection Set: 0.29ms
[4584.217s][info][gc,phases      ] GC(458)   Merge Heap Roots: 0.66ms
[4584.217s][info][gc,phases      ] GC(458)   Evacuate Collection Set: 169.04ms
[4584.217s][info][gc,phases      ] GC(458)   Post Evacuate Collection Set: 1.28ms
[4584.217s][info][gc,phases      ] GC(458)   Other: 0.78ms
[4584.217s][info][gc,heap        ] GC(458) Eden regions: 716->0(714)
[4584.217s][info][gc,heap        ] GC(458) Survivor regions: 52->54(96)
[4584.217s][info][gc,heap        ] GC(458) Old regions: 337->339
[4584.217s][info][gc,heap        ] GC(458) Humongous regions: 32->32
[4584.217s][info][gc,metaspace   ] GC(458) Metaspace: 29960K(30464K)->29960K(30464K) NonClass: 26563K(26816K)->26563K(26816K) Class: 3397K(3648K)->3397K(3648K)
[4584.217s][info][gc             ] GC(458) Pause Young (Normal) (G1 Evacuation Pause) 9070M->3374M(10240M) 172.193ms
[4584.217s][info][gc,cpu         ] GC(458) User=1.35s Sys=0.00s Real=0.18s
...... (rIR:aIR:PR = 7749:7760:7759) (tPR = 115397) [OK] 
  4589s: Performance info:
         Transaction,    Success,    Partial,     Failed,   Receipts, AvgBarcode, 
             Overall,     469206,          0,          0,     445864,      59.47, 
         Response times:
             Request,    Success,    Partial,     Failed,   SkipFail,     Probes,    Samples,      min,      p50,      p90,      p95,      p99,      max, 
       TotalPurchase,     445865,          0,          0,          0,     363009,     388915,      400,     5600,    11400,    23000,    81000,   404000,
     InStorePurchase,     234654,          0,          0,          0,     190790,     204068,      400,     5600,    11500,    24000,    82000,   404000,
      OnlinePurchase,     164276,          0,          0,          0,     133482,     143138,      400,     5500,    11300,    22000,    80000,   404000,
        InstPurchase,      46935,          0,          0,          0,      38737,      41709,      500,     5900,    11300,    22000,    85000,   403000,
          AssocOfCat,        468,          0,          0,          0,        370,        497,    29000,    43000,    62000,    72100,   153240,   263000,
      AssocOfProduct,       4682,          0,          0,          0,       4379,       4895,      600,     5800,    11540,    28200,    84000,   349000,
      BusinessReport,       1173,          0,          0,          0,       1061,       1242,    32000,    54000,    78700,   123850,   206270,   277000,
          CustBuyBeh,       4678,          0,          0,          0,       4361,       4909,      200,     6000,    11700,    22000,    82900,   197000,
       ProductReturn,      12346,          0,          0,          0,       9586,      10633,      200,     5700,    11500,    24000,    81660,   236000,

  4589s: (57%)   IR =   7887 [4590.248s][info][gc,start       ] GC(459) Pause Young (Normal) (G1 Evacuation Pause)
[4590.248s][info][gc,task        ] GC(459) Using 8 workers of 8 for evacuation
[4590.414s][info][gc,phases      ] GC(459)   Pre Evacuate Collection Set: 0.30ms
[4590.414s][info][gc,phases      ] GC(459)   Merge Heap Roots: 0.59ms
[4590.414s][info][gc,phases      ] GC(459)   Evacuate Collection Set: 163.46ms
[4590.414s][info][gc,phases      ] GC(459)   Post Evacuate Collection Set: 1.31ms
[4590.414s][info][gc,phases      ] GC(459)   Other: 0.07ms
[4590.414s][info][gc,heap        ] GC(459) Eden regions: 714->0(717)
[4590.414s][info][gc,heap        ] GC(459) Survivor regions: 54->51(96)
[4590.414s][info][gc,heap        ] GC(459) Old regions: 339->342
[4590.414s][info][gc,heap        ] GC(459) Humongous regions: 32->32
[4590.414s][info][gc,metaspace   ] GC(459) Metaspace: 29960K(30464K)->29960K(30464K) NonClass: 26563K(26816K)->26563K(26816K) Class: 3397K(3648K)->3397K(3648K)
[4590.414s][info][gc             ] GC(459) Pause Young (Normal) (G1 Evacuation Pause) 9086M->3372M(10240M) 165.878ms
[4590.414s][info][gc,cpu         ] GC(459) User=1.31s Sys=0.00s Real=0.16s
......[4596.421s][info][gc,start       ] GC(460) Pause Young (Normal) (G1 Evacuation Pause)
[4596.421s][info][gc,task        ] GC(460) Using 8 workers of 8 for evacuation
[4596.589s][info][gc,phases      ] GC(460)   Pre Evacuate Collection Set: 0.29ms
[4596.589s][info][gc,phases      ] GC(460)   Merge Heap Roots: 0.57ms
[4596.589s][info][gc,phases      ] GC(460)   Evacuate Collection Set: 165.79ms
[4596.589s][info][gc,phases      ] GC(460)   Post Evacuate Collection Set: 1.31ms
[4596.589s][info][gc,phases      ] GC(460)   Other: 0.08ms
[4596.589s][info][gc,heap        ] GC(460) Eden regions: 717->0(716)
[4596.589s][info][gc,heap        ] GC(460) Survivor regions: 51->52(96)
[4596.589s][info][gc,heap        ] GC(460) Old regions: 342->344
[4596.589s][info][gc,heap        ] GC(460) Humongous regions: 32->32
[4596.589s][info][gc,metaspace   ] GC(460) Metaspace: 29960K(30464K)->29960K(30464K) NonClass: 26563K(26816K)->26563K(26816K) Class: 3397K(3648K)->3397K(3648K)
[4596.589s][info][gc             ] GC(460) Pause Young (Normal) (G1 Evacuation Pause) 9108M->3397M(10240M) 168.167ms
[4596.589s][info][gc,cpu         ] GC(460) User=1.32s Sys=0.01s Real=0.17s
......[4602.440s][info][gc,start       ] GC(461) Pause Young (Normal) (G1 Evacuation Pause)
[4602.440s][info][gc,task        ] GC(461) Using 8 workers of 8 for evacuation
[4602.606s][info][gc,phases      ] GC(461)   Pre Evacuate Collection Set: 0.30ms
[4602.606s][info][gc,phases      ] GC(461)   Merge Heap Roots: 0.63ms
[4602.606s][info][gc,phases      ] GC(461)   Evacuate Collection Set: 164.12ms
[4602.606s][info][gc,phases      ] GC(461)   Post Evacuate Collection Set: 1.28ms
[4602.606s][info][gc,phases      ] GC(461)   Other: 0.07ms
[4602.606s][info][gc,heap        ] GC(461) Eden regions: 716->0(717)
[4602.606s][info][gc,heap        ] GC(461) Survivor regions: 52->51(96)
[4602.606s][info][gc,heap        ] GC(461) Old regions: 344->347
[4602.606s][info][gc,heap        ] GC(461) Humongous regions: 32->32
[4602.606s][info][gc,metaspace   ] GC(461) Metaspace: 29960K(30464K)->29960K(30464K) NonClass: 26563K(26816K)->26563K(26816K) Class: 3397K(3648K)->3397K(3648K)
[4602.606s][info][gc             ] GC(461) Pause Young (Normal) (G1 Evacuation Pause) 9125M->3413M(10240M) 166.559ms
[4602.606s][info][gc,cpu         ] GC(461) User=1.31s Sys=0.00s Real=0.17s
......[4608.499s][info][gc,start       ] GC(462) Pause Young (Normal) (G1 Evacuation Pause)
[4608.499s][info][gc,task        ] GC(462) Using 8 workers of 8 for evacuation
[4608.667s][info][gc,phases      ] GC(462)   Pre Evacuate Collection Set: 0.29ms
[4608.667s][info][gc,phases      ] GC(462)   Merge Heap Roots: 0.60ms
[4608.667s][info][gc,phases      ] GC(462)   Evacuate Collection Set: 165.78ms
[4608.667s][info][gc,phases      ] GC(462)   Post Evacuate Collection Set: 1.30ms
[4608.667s][info][gc,phases      ] GC(462)   Other: 0.07ms
[4608.667s][info][gc,heap        ] GC(462) Eden regions: 717->0(716)
[4608.667s][info][gc,heap        ] GC(462) Survivor regions: 51->52(96)
[4608.667s][info][gc,heap        ] GC(462) Old regions: 347->349
[4608.667s][info][gc,heap        ] GC(462) Humongous regions: 32->32
[4608.667s][info][gc,metaspace   ] GC(462) Metaspace: 29960K(30464K)->29960K(30464K) NonClass: 26563K(26816K)->26563K(26816K) Class: 3397K(3648K)->3397K(3648K)
[4608.667s][info][gc             ] GC(462) Pause Young (Normal) (G1 Evacuation Pause) 9149M->3438M(10240M) 168.166ms
[4608.667s][info][gc,cpu         ] GC(462) User=1.32s Sys=0.00s Real=0.17s
......|[4614.533s][info][gc,start       ] GC(463) Pause Young (Normal) (G1 Evacuation Pause)
[4614.533s][info][gc,task        ] GC(463) Using 8 workers of 8 for evacuation
[4614.699s][info][gc,phases      ] GC(463)   Pre Evacuate Collection Set: 0.28ms
[4614.699s][info][gc,phases      ] GC(463)   Merge Heap Roots: 0.60ms
[4614.699s][info][gc,phases      ] GC(463)   Evacuate Collection Set: 163.76ms
[4614.699s][info][gc,phases      ] GC(463)   Post Evacuate Collection Set: 1.25ms
[4614.699s][info][gc,phases      ] GC(463)   Other: 0.07ms
[4614.699s][info][gc,heap        ] GC(463) Eden regions: 716->0(716)
[4614.699s][info][gc,heap        ] GC(463) Survivor regions: 52->52(96)
[4614.699s][info][gc,heap        ] GC(463) Old regions: 349->352
[4614.699s][info][gc,heap        ] GC(463) Humongous regions: 32->32
[4614.699s][info][gc,metaspace   ] GC(463) Metaspace: 29960K(30464K)->29960K(30464K) NonClass: 26563K(26816K)->26563K(26816K) Class: 3397K(3648K)->3397K(3648K)
[4614.699s][info][gc             ] GC(463) Pause Young (Normal) (G1 Evacuation Pause) 9166M->3458M(10240M) 166.096ms
[4614.699s][info][gc,cpu         ] GC(463) User=1.31s Sys=0.00s Real=0.17s
......[4620.690s][info][gc,start       ] GC(464) Pause Young (Normal) (G1 Evacuation Pause)
[4620.690s][info][gc,task        ] GC(464) Using 8 workers of 8 for evacuation
[4620.856s][info][gc,phases      ] GC(464)   Pre Evacuate Collection Set: 0.32ms
[4620.856s][info][gc,phases      ] GC(464)   Merge Heap Roots: 0.68ms
[4620.857s][info][gc,phases      ] GC(464)   Evacuate Collection Set: 164.33ms
[4620.857s][info][gc,phases      ] GC(464)   Post Evacuate Collection Set: 1.27ms
[4620.857s][info][gc,phases      ] GC(464)   Other: 0.08ms
[4620.857s][info][gc,heap        ] GC(464) Eden regions: 716->0(716)
[4620.857s][info][gc,heap        ] GC(464) Survivor regions: 52->52(96)
[4620.857s][info][gc,heap        ] GC(464) Old regions: 352->354
[4620.857s][info][gc,heap        ] GC(464) Humongous regions: 32->32
[4620.857s][info][gc,metaspace   ] GC(464) Metaspace: 29960K(30464K)->29960K(30464K) NonClass: 26563K(26816K)->26563K(26816K) Class: 3397K(3648K)->3397K(3648K)
[4620.857s][info][gc             ] GC(464) Pause Young (Normal) (G1 Evacuation Pause) 9186M->3478M(10240M) 166.823ms
[4620.857s][info][gc,cpu         ] GC(464) User=1.32s Sys=0.00s Real=0.17s
......[4626.743s][info][gc,start       ] GC(465) Pause Young (Normal) (G1 Evacuation Pause)
[4626.743s][info][gc,task        ] GC(465) Using 8 workers of 8 for evacuation
[4626.911s][info][gc,phases      ] GC(465)   Pre Evacuate Collection Set: 0.29ms
[4626.911s][info][gc,phases      ] GC(465)   Merge Heap Roots: 0.60ms
[4626.911s][info][gc,phases      ] GC(465)   Evacuate Collection Set: 166.33ms
[4626.911s][info][gc,phases      ] GC(465)   Post Evacuate Collection Set: 1.28ms
[4626.911s][info][gc,phases      ] GC(465)   Other: 0.08ms
[4626.911s][info][gc,heap        ] GC(465) Eden regions: 716->0(716)
[4626.911s][info][gc,heap        ] GC(465) Survivor regions: 52->52(96)
[4626.911s][info][gc,heap        ] GC(465) Old regions: 354->357
[4626.911s][info][gc,heap        ] GC(465) Humongous regions: 32->32
[4626.911s][info][gc,metaspace   ] GC(465) Metaspace: 29960K(30464K)->29960K(30464K) NonClass: 26563K(26816K)->26563K(26816K) Class: 3397K(3648K)->3397K(3648K)
[4626.912s][info][gc             ] GC(465) Pause Young (Normal) (G1 Evacuation Pause) 9206M->3497M(10240M) 168.723ms
[4626.912s][info][gc,cpu         ] GC(465) User=1.33s Sys=0.00s Real=0.17s
......[4632.758s][info][gc,start       ] GC(466) Pause Young (Normal) (G1 Evacuation Pause)
[4632.758s][info][gc,task        ] GC(466) Using 8 workers of 8 for evacuation
[4632.929s][info][gc,phases      ] GC(466)   Pre Evacuate Collection Set: 0.27ms
[4632.929s][info][gc,phases      ] GC(466)   Merge Heap Roots: 0.55ms
[4632.929s][info][gc,phases      ] GC(466)   Evacuate Collection Set: 168.88ms
[4632.929s][info][gc,phases      ] GC(466)   Post Evacuate Collection Set: 1.26ms
[4632.929s][info][gc,phases      ] GC(466)   Other: 0.07ms
[4632.929s][info][gc,heap        ] GC(466) Eden regions: 716->0(715)
[4632.929s][info][gc,heap        ] GC(466) Survivor regions: 52->53(96)
[4632.929s][info][gc,heap        ] GC(466) Old regions: 357->359
[4632.929s][info][gc,heap        ] GC(466) Humongous regions: 32->32
[4632.929s][info][gc,metaspace   ] GC(466) Metaspace: 29960K(30464K)->29960K(30464K) NonClass: 26563K(26816K)->26563K(26816K) Class: 3397K(3648K)->3397K(3648K)
[4632.929s][info][gc             ] GC(466) Pause Young (Normal) (G1 Evacuation Pause) 9225M->3528M(10240M) 171.160ms
[4632.929s][info][gc,cpu         ] GC(466) User=1.35s Sys=0.00s Real=0.17s
......[4638.855s][info][gc,start       ] GC(467) Pause Young (Normal) (G1 Evacuation Pause)
[4638.855s][info][gc,task        ] GC(467) Using 8 workers of 8 for evacuation
[4639.025s][info][gc,phases      ] GC(467)   Pre Evacuate Collection Set: 0.31ms
[4639.025s][info][gc,phases      ] GC(467)   Merge Heap Roots: 0.56ms
[4639.025s][info][gc,phases      ] GC(467)   Evacuate Collection Set: 167.07ms
[4639.025s][info][gc,phases      ] GC(467)   Post Evacuate Collection Set: 1.33ms
[4639.025s][info][gc,phases      ] GC(467)   Other: 0.06ms
[4639.025s][info][gc,heap        ] GC(467) Eden regions: 715->0(716)
[4639.025s][info][gc,heap        ] GC(467) Survivor regions: 53->52(96)
[4639.025s][info][gc,heap        ] GC(467) Old regions: 359->362
[4639.025s][info][gc,heap        ] GC(467) Humongous regions: 32->32
[4639.025s][info][gc,metaspace   ] GC(467) Metaspace: 29960K(30464K)->29960K(30464K) NonClass: 26563K(26816K)->26563K(26816K) Class: 3397K(3648K)->3397K(3648K)
[4639.025s][info][gc             ] GC(467) Pause Young (Normal) (G1 Evacuation Pause) 9248M->3539M(10240M) 169.479ms
[4639.025s][info][gc,cpu         ] GC(467) User=1.34s Sys=0.00s Real=0.17s
......[4644.956s][info][gc,start       ] GC(468) Pause Young (Normal) (G1 Evacuation Pause)
[4644.956s][info][gc,task        ] GC(468) Using 8 workers of 8 for evacuation
[4645.125s][info][gc,phases      ] GC(468)   Pre Evacuate Collection Set: 0.30ms
[4645.126s][info][gc,phases      ] GC(468)   Merge Heap Roots: 0.67ms
[4645.126s][info][gc,phases      ] GC(468)   Evacuate Collection Set: 167.10ms
[4645.126s][info][gc,phases      ] GC(468)   Post Evacuate Collection Set: 1.31ms
[4645.126s][info][gc,phases      ] GC(468)   Other: 0.07ms
[4645.126s][info][gc,heap        ] GC(468) Eden regions: 716->0(717)
[4645.126s][info][gc,heap        ] GC(468) Survivor regions: 52->51(96)
[4645.126s][info][gc,heap        ] GC(468) Old regions: 362->364
[4645.126s][info][gc,heap        ] GC(468) Humongous regions: 32->32
[4645.126s][info][gc,metaspace   ] GC(468) Metaspace: 29960K(30464K)->29960K(30464K) NonClass: 26563K(26816K)->26563K(26816K) Class: 3397K(3648K)->3397K(3648K)
[4645.126s][info][gc             ] GC(468) Pause Young (Normal) (G1 Evacuation Pause) 9267M->3552M(10240M) 170.412ms
[4645.126s][info][gc,cpu         ] GC(468) User=1.34s Sys=0.00s Real=0.17s
......[4651.057s][info][gc,start       ] GC(469) Pause Young (Normal) (G1 Evacuation Pause)
[4651.057s][info][gc,task        ] GC(469) Using 8 workers of 8 for evacuation
[4651.227s][info][gc,phases      ] GC(469)   Pre Evacuate Collection Set: 0.29ms
[4651.227s][info][gc,phases      ] GC(469)   Merge Heap Roots: 0.67ms
[4651.227s][info][gc,phases      ] GC(469)   Evacuate Collection Set: 167.40ms
[4651.227s][info][gc,phases      ] GC(469)   Post Evacuate Collection Set: 1.32ms
[4651.227s][info][gc,phases      ] GC(469)   Other: 0.06ms
[4651.227s][info][gc,heap        ] GC(469) Eden regions: 717->0(714)
[4651.227s][info][gc,heap        ] GC(469) Survivor regions: 51->52(96)
[4651.227s][info][gc,heap        ] GC(469) Old regions: 364->366
[4651.227s][info][gc,heap        ] GC(469) Humongous regions: 32->32
[4651.227s][info][gc,metaspace   ] GC(469) Metaspace: 29960K(30464K)->29960K(30464K) NonClass: 26563K(26816K)->26563K(26816K) Class: 3397K(3648K)->3397K(3648K)
[4651.227s][info][gc             ] GC(469) Pause Young (Normal) (G1 Evacuation Pause) 9288M->3574M(10240M) 169.878ms
[4651.227s][info][gc,cpu         ] GC(469) User=1.33s Sys=0.00s Real=0.17s
......[4657.123s][info][gc,start       ] GC(470) Pause Young (Normal) (G1 Evacuation Pause)
[4657.123s][info][gc,task        ] GC(470) Using 8 workers of 8 for evacuation
[4657.292s][info][gc,phases      ] GC(470)   Pre Evacuate Collection Set: 0.30ms
[4657.292s][info][gc,phases      ] GC(470)   Merge Heap Roots: 0.56ms
[4657.292s][info][gc,phases      ] GC(470)   Evacuate Collection Set: 167.08ms
[4657.292s][info][gc,phases      ] GC(470)   Post Evacuate Collection Set: 1.30ms
[4657.292s][info][gc,phases      ] GC(470)   Other: 0.07ms
[4657.292s][info][gc,heap        ] GC(470) Eden regions: 714->0(711)
[4657.292s][info][gc,heap        ] GC(470) Survivor regions: 52->52(96)
[4657.292s][info][gc,heap        ] GC(470) Old regions: 366->369
[4657.292s][info][gc,heap        ] GC(470) Humongous regions: 32->32
[4657.292s][info][gc,metaspace   ] GC(470) Metaspace: 29960K(30464K)->29960K(30464K) NonClass: 26563K(26816K)->26563K(26816K) Class: 3397K(3648K)->3397K(3648K)
[4657.292s][info][gc             ] GC(470) Pause Young (Normal) (G1 Evacuation Pause) 9286M->3598M(10240M) 169.439ms
[4657.292s][info][gc,cpu         ] GC(470) User=1.33s Sys=0.00s Real=0.17s
......[4663.137s][info][gc,start       ] GC(471) Pause Young (Normal) (G1 Evacuation Pause)
[4663.137s][info][gc,task        ] GC(471) Using 8 workers of 8 for evacuation
[4663.302s][info][gc,phases      ] GC(471)   Pre Evacuate Collection Set: 0.32ms
[4663.302s][info][gc,phases      ] GC(471)   Merge Heap Roots: 0.58ms
[4663.302s][info][gc,phases      ] GC(471)   Evacuate Collection Set: 162.58ms
[4663.302s][info][gc,phases      ] GC(471)   Post Evacuate Collection Set: 1.29ms
[4663.302s][info][gc,phases      ] GC(471)   Other: 0.07ms
[4663.302s][info][gc,heap        ] GC(471) Eden regions: 711->0(711)
[4663.302s][info][gc,heap        ] GC(471) Survivor regions: 52->51(96)
[4663.302s][info][gc,heap        ] GC(471) Old regions: 369->371
[4663.302s][info][gc,heap        ] GC(471) Humongous regions: 32->32
[4663.302s][info][gc,metaspace   ] GC(471) Metaspace: 29960K(30464K)->29960K(30464K) NonClass: 26563K(26816K)->26563K(26816K) Class: 3397K(3648K)->3397K(3648K)
[4663.302s][info][gc             ] GC(471) Pause Young (Normal) (G1 Evacuation Pause) 9286M->3610M(10240M) 164.992ms
[4663.302s][info][gc,cpu         ] GC(471) User=1.30s Sys=0.00s Real=0.16s
......[4669.231s][info][gc,start       ] GC(472) Pause Young (Normal) (G1 Evacuation Pause)
[4669.231s][info][gc,task        ] GC(472) Using 8 workers of 8 for evacuation
[4669.399s][info][gc,phases      ] GC(472)   Pre Evacuate Collection Set: 0.30ms
[4669.399s][info][gc,phases      ] GC(472)   Merge Heap Roots: 0.66ms
[4669.399s][info][gc,phases      ] GC(472)   Evacuate Collection Set: 165.74ms
[4669.399s][info][gc,phases      ] GC(472)   Post Evacuate Collection Set: 1.32ms
[4669.399s][info][gc,phases      ] GC(472)   Other: 0.07ms
[4669.399s][info][gc,heap        ] GC(472) Eden regions: 711->0(706)
[4669.399s][info][gc,heap        ] GC(472) Survivor regions: 51->52(96)
[4669.399s][info][gc,heap        ] GC(472) Old regions: 371->374
[4669.399s][info][gc,heap        ] GC(472) Humongous regions: 32->32
[4669.399s][info][gc,metaspace   ] GC(472) Metaspace: 29960K(30464K)->29960K(30464K) NonClass: 26563K(26816K)->26563K(26816K) Class: 3397K(3648K)->3397K(3648K)
[4669.399s][info][gc             ] GC(472) Pause Young (Normal) (G1 Evacuation Pause) 9298M->3638M(10240M) 168.226ms
[4669.399s][info][gc,cpu         ] GC(472) User=1.32s Sys=0.00s Real=0.17s
...... (rIR:aIR:PR = 7887:7910:7910) (tPR = 116987) [OK] 
  4674s: Performance info:
         Transaction,    Success,    Partial,     Failed,   Receipts, AvgBarcode, 
             Overall,     480409,          0,          0,     456373,      59.47, 
         Response times:
             Request,    Success,    Partial,     Failed,   SkipFail,     Probes,    Samples,      min,      p50,      p90,      p95,      p99,      max, 
       TotalPurchase,     456353,          0,          0,          0,     362026,     512733,      300,     5600,    11900,    23000,    83000,   462000,
     InStorePurchase,     240149,          0,          0,          0,     190183,     269498,      300,     5600,    11900,    24000,    83000,   462000,
      OnlinePurchase,     168185,          0,          0,          0,     133404,     188622,      400,     5600,    11900,    23000,    83000,   460000,
        InstPurchase,      48019,          0,          0,          0,      38439,      54613,      500,     5700,    12000,    22000,    83000,   461000,
          AssocOfCat,        481,          0,          0,          0,        386,        678,    27000,    45000,    63000,    76050,   134620,   225000,
      AssocOfProduct,       4797,          0,          0,          0,       4495,       6687,      600,     6400,    12200,    24600,    84000,   312000,
      BusinessReport,       1201,          0,          0,          0,       1044,       1632,    33000,    54000,    78000,   102350,   201710,   280000,
          CustBuyBeh,       4815,          0,          0,          0,       4471,       6680,      400,     5600,    11500,    30000,    93000,   326000,
       ProductReturn,      12734,          0,          0,          0,       9754,      14089,      200,     5100,    12000,    22000,    80000,   324000,

  4674s: (58%)   IR =   8025 [4675.268s][info][gc,start       ] GC(473) Pause Young (Normal) (G1 Evacuation Pause)
[4675.268s][info][gc,task        ] GC(473) Using 8 workers of 8 for evacuation
[4675.435s][info][gc,phases      ] GC(473)   Pre Evacuate Collection Set: 0.29ms
[4675.435s][info][gc,phases      ] GC(473)   Merge Heap Roots: 0.61ms
[4675.435s][info][gc,phases      ] GC(473)   Evacuate Collection Set: 164.23ms
[4675.435s][info][gc,phases      ] GC(473)   Post Evacuate Collection Set: 1.34ms
[4675.435s][info][gc,phases      ] GC(473)   Other: 0.07ms
[4675.435s][info][gc,heap        ] GC(473) Eden regions: 706->0(704)
[4675.435s][info][gc,heap        ] GC(473) Survivor regions: 52->52(95)
[4675.435s][info][gc,heap        ] GC(473) Old regions: 374->376
[4675.435s][info][gc,heap        ] GC(473) Humongous regions: 32->32
[4675.435s][info][gc,metaspace   ] GC(473) Metaspace: 29960K(30464K)->29960K(30464K) NonClass: 26563K(26816K)->26563K(26816K) Class: 3397K(3648K)->3397K(3648K)
[4675.435s][info][gc             ] GC(473) Pause Young (Normal) (G1 Evacuation Pause) 9286M->3653M(10240M) 166.693ms
[4675.435s][info][gc,cpu         ] GC(473) User=1.31s Sys=0.00s Real=0.16s
......[4681.124s][info][gc,start       ] GC(474) Pause Young (Normal) (G1 Evacuation Pause)
[4681.124s][info][gc,task        ] GC(474) Using 8 workers of 8 for evacuation
[4681.291s][info][gc,phases      ] GC(474)   Pre Evacuate Collection Set: 0.28ms
[4681.291s][info][gc,phases      ] GC(474)   Merge Heap Roots: 0.55ms
[4681.291s][info][gc,phases      ] GC(474)   Evacuate Collection Set: 165.17ms
[4681.291s][info][gc,phases      ] GC(474)   Post Evacuate Collection Set: 1.29ms
[4681.291s][info][gc,phases      ] GC(474)   Other: 0.07ms
[4681.291s][info][gc,heap        ] GC(474) Eden regions: 704->0(701)
[4681.291s][info][gc,heap        ] GC(474) Survivor regions: 52->52(95)
[4681.291s][info][gc,heap        ] GC(474) Old regions: 376->379
[4681.291s][info][gc,heap        ] GC(474) Humongous regions: 32->32
[4681.291s][info][gc,metaspace   ] GC(474) Metaspace: 29960K(30464K)->29960K(30464K) NonClass: 26563K(26816K)->26563K(26816K) Class: 3397K(3648K)->3397K(3648K)
[4681.291s][info][gc             ] GC(474) Pause Young (Normal) (G1 Evacuation Pause) 9285M->3677M(10240M) 167.493ms
[4681.291s][info][gc,cpu         ] GC(474) User=1.32s Sys=0.00s Real=0.17s
......[4686.998s][info][gc,start       ] GC(475) Pause Young (Normal) (G1 Evacuation Pause)
[4686.998s][info][gc,task        ] GC(475) Using 8 workers of 8 for evacuation
[4687.164s][info][gc,phases      ] GC(475)   Pre Evacuate Collection Set: 0.30ms
[4687.164s][info][gc,phases      ] GC(475)   Merge Heap Roots: 0.57ms
[4687.164s][info][gc,phases      ] GC(475)   Evacuate Collection Set: 163.32ms
[4687.164s][info][gc,phases      ] GC(475)   Post Evacuate Collection Set: 1.25ms
[4687.164s][info][gc,phases      ] GC(475)   Other: 0.08ms
[4687.164s][info][gc,heap        ] GC(475) Eden regions: 701->0(699)
[4687.164s][info][gc,heap        ] GC(475) Survivor regions: 52->52(95)
[4687.164s][info][gc,heap        ] GC(475) Old regions: 379->381
[4687.164s][info][gc,heap        ] GC(475) Humongous regions: 32->32
[4687.164s][info][gc,metaspace   ] GC(475) Metaspace: 29960K(30464K)->29960K(30464K) NonClass: 26563K(26816K)->26563K(26816K) Class: 3397K(3648K)->3397K(3648K)
[4687.164s][info][gc             ] GC(475) Pause Young (Normal) (G1 Evacuation Pause) 9285M->3694M(10240M) 165.661ms
[4687.164s][info][gc,cpu         ] GC(475) User=1.30s Sys=0.00s Real=0.16s
...|...[4692.946s][info][gc,start       ] GC(476) Pause Young (Normal) (G1 Evacuation Pause)
[4692.946s][info][gc,task        ] GC(476) Using 8 workers of 8 for evacuation
[4693.116s][info][gc,phases      ] GC(476)   Pre Evacuate Collection Set: 0.28ms
[4693.116s][info][gc,phases      ] GC(476)   Merge Heap Roots: 0.68ms
[4693.116s][info][gc,phases      ] GC(476)   Evacuate Collection Set: 167.11ms
[4693.116s][info][gc,phases      ] GC(476)   Post Evacuate Collection Set: 1.27ms
[4693.116s][info][gc,phases      ] GC(476)   Other: 0.07ms
[4693.116s][info][gc,heap        ] GC(476) Eden regions: 699->0(694)
[4693.116s][info][gc,heap        ] GC(476) Survivor regions: 52->53(94)
[4693.116s][info][gc,heap        ] GC(476) Old regions: 381->384
[4693.116s][info][gc,heap        ] GC(476) Humongous regions: 32->32
[4693.116s][info][gc,metaspace   ] GC(476) Metaspace: 29960K(30464K)->29960K(30464K) NonClass: 26563K(26816K)->26563K(26816K) Class: 3397K(3648K)->3397K(3648K)
[4693.116s][info][gc             ] GC(476) Pause Young (Normal) (G1 Evacuation Pause) 9286M->3725M(10240M) 169.531ms
[4693.116s][info][gc,cpu         ] GC(476) User=1.34s Sys=0.00s Real=0.17s
......[4698.737s][info][gc,start       ] GC(477) Pause Young (Normal) (G1 Evacuation Pause)
[4698.737s][info][gc,task        ] GC(477) Using 8 workers of 8 for evacuation
[4698.905s][info][gc,phases      ] GC(477)   Pre Evacuate Collection Set: 0.28ms
[4698.905s][info][gc,phases      ] GC(477)   Merge Heap Roots: 0.67ms
[4698.905s][info][gc,phases      ] GC(477)   Evacuate Collection Set: 165.51ms
[4698.905s][info][gc,phases      ] GC(477)   Post Evacuate Collection Set: 1.26ms
[4698.905s][info][gc,phases      ] GC(477)   Other: 0.07ms
[4698.905s][info][gc,heap        ] GC(477) Eden regions: 694->0(693)
[4698.905s][info][gc,heap        ] GC(477) Survivor regions: 53->52(94)
[4698.905s][info][gc,heap        ] GC(477) Old regions: 384->387
[4698.905s][info][gc,heap        ] GC(477) Humongous regions: 32->32
[4698.905s][info][gc,metaspace   ] GC(477) Metaspace: 29960K(30464K)->29960K(30464K) NonClass: 26563K(26816K)->26563K(26816K) Class: 3397K(3648K)->3397K(3648K)
[4698.905s][info][gc             ] GC(477) Pause Young (Normal) (G1 Evacuation Pause) 9277M->3741M(10240M) 167.931ms
[4698.905s][info][gc,cpu         ] GC(477) User=1.30s Sys=0.00s Real=0.17s
......[4704.541s][info][gc,start       ] GC(478) Pause Young (Normal) (G1 Evacuation Pause)
[4704.541s][info][gc,task        ] GC(478) Using 8 workers of 8 for evacuation
[4704.712s][info][gc,phases      ] GC(478)   Pre Evacuate Collection Set: 0.30ms
[4704.712s][info][gc,phases      ] GC(478)   Merge Heap Roots: 0.61ms
[4704.712s][info][gc,phases      ] GC(478)   Evacuate Collection Set: 168.73ms
[4704.712s][info][gc,phases      ] GC(478)   Post Evacuate Collection Set: 1.29ms
[4704.712s][info][gc,phases      ] GC(478)   Other: 0.08ms
[4704.712s][info][gc,heap        ] GC(478) Eden regions: 693->0(691)
[4704.712s][info][gc,heap        ] GC(478) Survivor regions: 52->52(94)
[4704.712s][info][gc,heap        ] GC(478) Old regions: 387->389
[4704.712s][info][gc,heap        ] GC(478) Humongous regions: 32->32
[4704.712s][info][gc,metaspace   ] GC(478) Metaspace: 29960K(30464K)->29960K(30464K) NonClass: 26563K(26816K)->26563K(26816K) Class: 3397K(3648K)->3397K(3648K)
[4704.712s][info][gc             ] GC(478) Pause Young (Normal) (G1 Evacuation Pause) 9285M->3763M(10240M) 171.151ms
[4704.712s][info][gc,cpu         ] GC(478) User=1.35s Sys=0.01s Real=0.17s
.....[4710.441s][info][gc,start       ] GC(479) Pause Young (Normal) (G1 Evacuation Pause)
[4710.441s][info][gc,task        ] GC(479) Using 8 workers of 8 for evacuation
[4710.605s][info][gc,phases      ] GC(479)   Pre Evacuate Collection Set: 0.30ms
[4710.605s][info][gc,phases      ] GC(479)   Merge Heap Roots: 0.58ms
[4710.605s][info][gc,phases      ] GC(479)   Evacuate Collection Set: 160.99ms
[4710.605s][info][gc,phases      ] GC(479)   Post Evacuate Collection Set: 1.27ms
[4710.605s][info][gc,phases      ] GC(479)   Other: 0.07ms
[4710.605s][info][gc,heap        ] GC(479) Eden regions: 691->0(690)
[4710.605s][info][gc,heap        ] GC(479) Survivor regions: 52->51(93)
[4710.605s][info][gc,heap        ] GC(479) Old regions: 389->392
[4710.605s][info][gc,heap        ] GC(479) Humongous regions: 32->32
[4710.605s][info][gc,metaspace   ] GC(479) Metaspace: 29961K(30464K)->29961K(30464K) NonClass: 26564K(26816K)->26564K(26816K) Class: 3397K(3648K)->3397K(3648K)
[4710.605s][info][gc             ] GC(479) Pause Young (Normal) (G1 Evacuation Pause) 9291M->3771M(10240M) 163.384ms
[4710.605s][info][gc,cpu         ] GC(479) User=1.29s Sys=0.00s Real=0.16s
......[4716.218s][info][gc,start       ] GC(480) Pause Young (Normal) (G1 Evacuation Pause)
[4716.218s][info][gc,task        ] GC(480) Using 8 workers of 8 for evacuation
[4716.387s][info][gc,phases      ] GC(480)   Pre Evacuate Collection Set: 0.32ms
[4716.387s][info][gc,phases      ] GC(480)   Merge Heap Roots: 0.61ms
[4716.387s][info][gc,phases      ] GC(480)   Evacuate Collection Set: 167.26ms
[4716.387s][info][gc,phases      ] GC(480)   Post Evacuate Collection Set: 1.30ms
[4716.387s][info][gc,phases      ] GC(480)   Other: 0.07ms
[4716.387s][info][gc,heap        ] GC(480) Eden regions: 690->0(685)
[4716.387s][info][gc,heap        ] GC(480) Survivor regions: 51->52(93)
[4716.387s][info][gc,heap        ] GC(480) Old regions: 392->395
[4716.387s][info][gc,heap        ] GC(480) Humongous regions: 32->32
[4716.387s][info][gc,metaspace   ] GC(480) Metaspace: 29961K(30464K)->29961K(30464K) NonClass: 26564K(26816K)->26564K(26816K) Class: 3397K(3648K)->3397K(3648K)
[4716.387s][info][gc             ] GC(480) Pause Young (Normal) (G1 Evacuation Pause) 9291M->3800M(10240M) 169.696ms
[4716.387s][info][gc,cpu         ] GC(480) User=1.34s Sys=0.00s Real=0.17s
......[4721.916s][info][gc,start       ] GC(481) Pause Young (Normal) (G1 Evacuation Pause)
[4721.916s][info][gc,task        ] GC(481) Using 8 workers of 8 for evacuation
[4722.084s][info][gc,phases      ] GC(481)   Pre Evacuate Collection Set: 0.30ms
[4722.084s][info][gc,phases      ] GC(481)   Merge Heap Roots: 0.60ms
[4722.084s][info][gc,phases      ] GC(481)   Evacuate Collection Set: 165.90ms
[4722.084s][info][gc,phases      ] GC(481)   Post Evacuate Collection Set: 1.28ms
[4722.084s][info][gc,phases      ] GC(481)   Other: 0.07ms
[4722.084s][info][gc,heap        ] GC(481) Eden regions: 685->0(685)
[4722.084s][info][gc,heap        ] GC(481) Survivor regions: 52->51(93)
[4722.084s][info][gc,heap        ] GC(481) Old regions: 395->397
[4722.084s][info][gc,heap        ] GC(481) Humongous regions: 32->32
[4722.084s][info][gc,metaspace   ] GC(481) Metaspace: 29961K(30464K)->29961K(30464K) NonClass: 26564K(26816K)->26564K(26816K) Class: 3397K(3648K)->3397K(3648K)
[4722.084s][info][gc             ] GC(481) Pause Young (Normal) (G1 Evacuation Pause) 9280M->3817M(10240M) 168.279ms
[4722.084s][info][gc,cpu         ] GC(481) User=1.32s Sys=0.00s Real=0.16s
.....[4727.571s][info][gc,start       ] GC(482) Pause Young (Normal) (G1 Evacuation Pause)
[4727.571s][info][gc,task        ] GC(482) Using 8 workers of 8 for evacuation
[4727.740s][info][gc,phases      ] GC(482)   Pre Evacuate Collection Set: 0.29ms
[4727.740s][info][gc,phases      ] GC(482)   Merge Heap Roots: 0.59ms
[4727.740s][info][gc,phases      ] GC(482)   Evacuate Collection Set: 166.21ms
[4727.740s][info][gc,phases      ] GC(482)   Post Evacuate Collection Set: 1.22ms
[4727.740s][info][gc,phases      ] GC(482)   Other: 0.07ms
[4727.740s][info][gc,heap        ] GC(482) Eden regions: 685->0(682)
[4727.740s][info][gc,heap        ] GC(482) Survivor regions: 51->51(92)
[4727.740s][info][gc,heap        ] GC(482) Old regions: 397->400
[4727.740s][info][gc,heap        ] GC(482) Humongous regions: 32->32
[4727.740s][info][gc,metaspace   ] GC(482) Metaspace: 29961K(30464K)->29961K(30464K) NonClass: 26564K(26816K)->26564K(26816K) Class: 3397K(3648K)->3397K(3648K)
[4727.740s][info][gc             ] GC(482) Pause Young (Normal) (G1 Evacuation Pause) 9297M->3838M(10240M) 168.517ms
[4727.740s][info][gc,cpu         ] GC(482) User=1.33s Sys=0.00s Real=0.17s
......[4733.292s][info][gc,start       ] GC(483) Pause Young (Normal) (G1 Evacuation Pause)
[4733.292s][info][gc,task        ] GC(483) Using 8 workers of 8 for evacuation
[4733.457s][info][gc,phases      ] GC(483)   Pre Evacuate Collection Set: 0.32ms
[4733.457s][info][gc,phases      ] GC(483)   Merge Heap Roots: 0.57ms
[4733.457s][info][gc,phases      ] GC(483)   Evacuate Collection Set: 162.67ms
[4733.457s][info][gc,phases      ] GC(483)   Post Evacuate Collection Set: 1.24ms
[4733.457s][info][gc,phases      ] GC(483)   Other: 0.08ms
[4733.457s][info][gc,heap        ] GC(483) Eden regions: 682->0(679)
[4733.457s][info][gc,heap        ] GC(483) Survivor regions: 51->51(92)
[4733.457s][info][gc,heap        ] GC(483) Old regions: 400->403
[4733.457s][info][gc,heap        ] GC(483) Humongous regions: 32->32
[4733.457s][info][gc,metaspace   ] GC(483) Metaspace: 29961K(30464K)->29961K(30464K) NonClass: 26564K(26816K)->26564K(26816K) Class: 3397K(3648K)->3397K(3648K)
[4733.457s][info][gc             ] GC(483) Pause Young (Normal) (G1 Evacuation Pause) 9294M->3860M(10240M) 165.022ms
[4733.457s][info][gc,cpu         ] GC(483) User=1.29s Sys=0.00s Real=0.17s
......[4739.065s][info][gc,start       ] GC(484) Pause Young (Normal) (G1 Evacuation Pause)
[4739.065s][info][gc,task        ] GC(484) Using 8 workers of 8 for evacuation
[4739.230s][info][gc,phases      ] GC(484)   Pre Evacuate Collection Set: 0.29ms
[4739.231s][info][gc,phases      ] GC(484)   Merge Heap Roots: 0.62ms
[4739.231s][info][gc,phases      ] GC(484)   Evacuate Collection Set: 163.42ms
[4739.231s][info][gc,phases      ] GC(484)   Post Evacuate Collection Set: 1.22ms
[4739.231s][info][gc,phases      ] GC(484)   Other: 0.06ms
[4739.231s][info][gc,heap        ] GC(484) Eden regions: 679->0(675)
[4739.231s][info][gc,heap        ] GC(484) Survivor regions: 51->52(92)
[4739.231s][info][gc,heap        ] GC(484) Old regions: 403->405
[4739.231s][info][gc,heap        ] GC(484) Humongous regions: 32->32
[4739.231s][info][gc,metaspace   ] GC(484) Metaspace: 29961K(30464K)->29961K(30464K) NonClass: 26564K(26816K)->26564K(26816K) Class: 3397K(3648K)->3397K(3648K)
[4739.231s][info][gc             ] GC(484) Pause Young (Normal) (G1 Evacuation Pause) 9292M->3886M(10240M) 165.763ms
[4739.231s][info][gc,cpu         ] GC(484) User=1.30s Sys=0.00s Real=0.16s
.....[4744.613s][info][gc,start       ] GC(485) Pause Young (Normal) (G1 Evacuation Pause)
[4744.613s][info][gc,task        ] GC(485) Using 8 workers of 8 for evacuation
[4744.777s][info][gc,phases      ] GC(485)   Pre Evacuate Collection Set: 0.30ms
[4744.777s][info][gc,phases      ] GC(485)   Merge Heap Roots: 0.70ms
[4744.777s][info][gc,phases      ] GC(485)   Evacuate Collection Set: 161.55ms
[4744.777s][info][gc,phases      ] GC(485)   Post Evacuate Collection Set: 1.26ms
[4744.777s][info][gc,phases      ] GC(485)   Other: 0.07ms
[4744.777s][info][gc,heap        ] GC(485) Eden regions: 675->0(674)
[4744.777s][info][gc,heap        ] GC(485) Survivor regions: 52->51(91)
[4744.777s][info][gc,heap        ] GC(485) Old regions: 405->408
[4744.777s][info][gc,heap        ] GC(485) Humongous regions: 32->32
[4744.777s][info][gc,metaspace   ] GC(485) Metaspace: 29961K(30464K)->29961K(30464K) NonClass: 26564K(26816K)->26564K(26816K) Class: 3397K(3648K)->3397K(3648K)
[4744.777s][info][gc             ] GC(485) Pause Young (Normal) (G1 Evacuation Pause) 9286M->3904M(10240M) 164.021ms
[4744.777s][info][gc,cpu         ] GC(485) User=1.28s Sys=0.00s Real=0.17s
...... (rIR:aIR:PR = 8025:8005:8004) (tPR = 118614) [OK] 
  4749s: Performance info:
         Transaction,    Success,    Partial,     Failed,   Receipts, AvgBarcode, 
             Overall,     482553,          0,          0,     458315,      59.48, 
         Response times:
             Request,    Success,    Partial,     Failed,   SkipFail,     Probes,    Samples,      min,      p50,      p90,      p95,      p99,      max, 
       TotalPurchase,     458361,          0,          0,          0,     360673,     454828,      300,     5700,    12600,    35000,    98000,   455000,
     InStorePurchase,     241935,          0,          0,          0,     190481,     239513,      300,     5800,    12600,    35000,    97000,   455000,
      OnlinePurchase,     168314,          0,          0,          0,     132921,     167716,      300,     5700,    12600,    35000,    96000,   454000,
        InstPurchase,      48112,          0,          0,          0,      37271,      47599,      500,     6000,    12900,    35000,   111000,   401000,
          AssocOfCat,        485,          0,          0,          0,        399,        621,    28000,    44000,    64800,    74900,   158240,   225000,
      AssocOfProduct,       4854,          0,          0,          0,       3424,       4589,      700,     5700,    13200,    35000,    84100,   180000,
      BusinessReport,       1208,          0,          0,          0,       1059,       1506,    31000,    52000,    79000,   100650,   222510,   250000,
          CustBuyBeh,       4800,          0,          0,          0,       3400,       4557,      200,     5000,    11600,    19710,    92000,   401000,
       ProductReturn,      12905,          0,          0,          0,       9935,      12853,      200,     5300,    12100,    36000,    97460,   454000,

  4749s: (59%)   IR =   8164 [4750.282s][info][gc,start       ] GC(486) Pause Young (Normal) (G1 Evacuation Pause)
[4750.282s][info][gc,task        ] GC(486) Using 8 workers of 8 for evacuation
[4750.447s][info][gc,phases      ] GC(486)   Pre Evacuate Collection Set: 0.33ms
[4750.447s][info][gc,phases      ] GC(486)   Merge Heap Roots: 0.60ms
[4750.447s][info][gc,phases      ] GC(486)   Evacuate Collection Set: 162.33ms
[4750.447s][info][gc,phases      ] GC(486)   Post Evacuate Collection Set: 1.22ms
[4750.447s][info][gc,phases      ] GC(486)   Other: 0.07ms
[4750.447s][info][gc,heap        ] GC(486) Eden regions: 674->0(669)
[4750.447s][info][gc,heap        ] GC(486) Survivor regions: 51->52(91)
[4750.447s][info][gc,heap        ] GC(486) Old regions: 408->411
[4750.447s][info][gc,heap        ] GC(486) Humongous regions: 32->32
[4750.447s][info][gc,metaspace   ] GC(486) Metaspace: 29961K(30464K)->29961K(30464K) NonClass: 26564K(26816K)->26564K(26816K) Class: 3397K(3648K)->3397K(3648K)
[4750.447s][info][gc             ] GC(486) Pause Young (Normal) (G1 Evacuation Pause) 9296M->3930M(10240M) 164.699ms
[4750.447s][info][gc,cpu         ] GC(486) User=1.29s Sys=0.00s Real=0.17s
.....[4755.816s][info][gc,start       ] GC(487) Pause Young (Normal) (G1 Evacuation Pause)
[4755.816s][info][gc,task        ] GC(487) Using 8 workers of 8 for evacuation
[4755.980s][info][gc,phases      ] GC(487)   Pre Evacuate Collection Set: 0.31ms
[4755.980s][info][gc,phases      ] GC(487)   Merge Heap Roots: 0.62ms
[4755.980s][info][gc,phases      ] GC(487)   Evacuate Collection Set: 162.42ms
[4755.980s][info][gc,phases      ] GC(487)   Post Evacuate Collection Set: 1.23ms
[4755.980s][info][gc,phases      ] GC(487)   Other: 0.07ms
[4755.980s][info][gc,heap        ] GC(487) Eden regions: 669->0(668)
[4755.980s][info][gc,heap        ] GC(487) Survivor regions: 52->51(91)
[4755.980s][info][gc,heap        ] GC(487) Old regions: 411->414
[4755.980s][info][gc,heap        ] GC(487) Humongous regions: 32->32
[4755.980s][info][gc,metaspace   ] GC(487) Metaspace: 29961K(30464K)->29961K(30464K) NonClass: 26564K(26816K)->26564K(26816K) Class: 3397K(3648K)->3397K(3648K)
[4755.980s][info][gc             ] GC(487) Pause Young (Normal) (G1 Evacuation Pause) 9282M->3944M(10240M) 164.781ms
[4755.980s][info][gc,cpu         ] GC(487) User=1.29s Sys=0.00s Real=0.16s
......[4761.314s][info][gc,start       ] GC(488) Pause Young (Normal) (G1 Evacuation Pause)
[4761.314s][info][gc,task        ] GC(488) Using 8 workers of 8 for evacuation
[4761.475s][info][gc,phases      ] GC(488)   Pre Evacuate Collection Set: 0.31ms
[4761.475s][info][gc,phases      ] GC(488)   Merge Heap Roots: 0.55ms
[4761.475s][info][gc,phases      ] GC(488)   Evacuate Collection Set: 159.47ms
[4761.475s][info][gc,phases      ] GC(488)   Post Evacuate Collection Set: 1.21ms
[4761.475s][info][gc,phases      ] GC(488)   Other: 0.06ms
[4761.475s][info][gc,heap        ] GC(488) Eden regions: 668->0(666)
[4761.475s][info][gc,heap        ] GC(488) Survivor regions: 51->51(90)
[4761.475s][info][gc,heap        ] GC(488) Old regions: 414->416
[4761.475s][info][gc,heap        ] GC(488) Humongous regions: 32->32
[4761.475s][info][gc,metaspace   ] GC(488) Metaspace: 29961K(30464K)->29961K(30464K) NonClass: 26564K(26816K)->26564K(26816K) Class: 3397K(3648K)->3397K(3648K)
[4761.475s][info][gc             ] GC(488) Pause Young (Normal) (G1 Evacuation Pause) 9288M->3967M(10240M) 161.736ms
[4761.475s][info][gc,cpu         ] GC(488) User=1.27s Sys=0.01s Real=0.17s
.....[4766.882s][info][gc,start       ] GC(489) Pause Young (Normal) (G1 Evacuation Pause)
[4766.883s][info][gc,task        ] GC(489) Using 8 workers of 8 for evacuation
[4767.048s][info][gc,phases      ] GC(489)   Pre Evacuate Collection Set: 0.27ms
[4767.048s][info][gc,phases      ] GC(489)   Merge Heap Roots: 0.54ms
[4767.048s][info][gc,phases      ] GC(489)   Evacuate Collection Set: 163.46ms
[4767.048s][info][gc,phases      ] GC(489)   Post Evacuate Collection Set: 1.24ms
[4767.048s][info][gc,phases      ] GC(489)   Other: 0.07ms
[4767.048s][info][gc,heap        ] GC(489) Eden regions: 666->0(665)
[4767.048s][info][gc,heap        ] GC(489) Survivor regions: 51->50(90)
[4767.048s][info][gc,heap        ] GC(489) Old regions: 416->419
[4767.048s][info][gc,heap        ] GC(489) Humongous regions: 32->32
[4767.048s][info][gc,metaspace   ] GC(489) Metaspace: 29961K(30464K)->29961K(30464K) NonClass: 26564K(26816K)->26564K(26816K) Class: 3397K(3648K)->3397K(3648K)
[4767.048s][info][gc             ] GC(489) Pause Young (Normal) (G1 Evacuation Pause) 9295M->3986M(10240M) 165.722ms
[4767.048s][info][gc,cpu         ] GC(489) User=1.29s Sys=0.01s Real=0.17s
......[4772.318s][info][gc,start       ] GC(490) Pause Young (Normal) (G1 Evacuation Pause)
[4772.318s][info][gc,task        ] GC(490) Using 8 workers of 8 for evacuation
[4772.480s][info][gc,phases      ] GC(490)   Pre Evacuate Collection Set: 0.29ms
[4772.480s][info][gc,phases      ] GC(490)   Merge Heap Roots: 0.54ms
[4772.480s][info][gc,phases      ] GC(490)   Evacuate Collection Set: 159.94ms
[4772.480s][info][gc,phases      ] GC(490)   Post Evacuate Collection Set: 1.22ms
[4772.480s][info][gc,phases      ] GC(490)   Other: 0.06ms
[4772.480s][info][gc,heap        ] GC(490) Eden regions: 665->0(660)
[4772.480s][info][gc,heap        ] GC(490) Survivor regions: 50->51(90)
[4772.480s][info][gc,heap        ] GC(490) Old regions: 419->422
[4772.480s][info][gc,heap        ] GC(490) Humongous regions: 32->32
[4772.480s][info][gc,metaspace   ] GC(490) Metaspace: 29961K(30464K)->29961K(30464K) NonClass: 26564K(26816K)->26564K(26816K) Class: 3397K(3648K)->3397K(3648K)
[4772.480s][info][gc             ] GC(490) Pause Young (Normal) (G1 Evacuation Pause) 9306M->4012M(10240M) 162.190ms
[4772.481s][info][gc,cpu         ] GC(490) User=1.28s Sys=0.00s Real=0.16s
.|....[4777.773s][info][gc,start       ] GC(491) Pause Young (Normal) (G1 Evacuation Pause)
[4777.773s][info][gc,task        ] GC(491) Using 8 workers of 8 for evacuation
[4777.941s][info][gc,phases      ] GC(491)   Pre Evacuate Collection Set: 0.29ms
[4777.941s][info][gc,phases      ] GC(491)   Merge Heap Roots: 0.61ms
[4777.941s][info][gc,phases      ] GC(491)   Evacuate Collection Set: 165.88ms
[4777.941s][info][gc,phases      ] GC(491)   Post Evacuate Collection Set: 1.18ms
[4777.941s][info][gc,phases      ] GC(491)   Other: 0.06ms
[4777.941s][info][gc,heap        ] GC(491) Eden regions: 660->0(657)
[4777.941s][info][gc,heap        ] GC(491) Survivor regions: 51->51(89)
[4777.941s][info][gc,heap        ] GC(491) Old regions: 422->425
[4777.941s][info][gc,heap        ] GC(491) Humongous regions: 32->32
[4777.941s][info][gc,metaspace   ] GC(491) Metaspace: 29961K(30464K)->29961K(30464K) NonClass: 26564K(26816K)->26564K(26816K) Class: 3397K(3648K)->3397K(3648K)
[4777.941s][info][gc             ] GC(491) Pause Young (Normal) (G1 Evacuation Pause) 9292M->4039M(10240M) 168.161ms
[4777.941s][info][gc,cpu         ] GC(491) User=1.32s Sys=0.01s Real=0.17s
......[4783.167s][info][gc,start       ] GC(492) Pause Young (Normal) (G1 Evacuation Pause)
[4783.167s][info][gc,task        ] GC(492) Using 8 workers of 8 for evacuation
[4783.331s][info][gc,phases      ] GC(492)   Pre Evacuate Collection Set: 0.28ms
[4783.331s][info][gc,phases      ] GC(492)   Merge Heap Roots: 0.54ms
[4783.331s][info][gc,phases      ] GC(492)   Evacuate Collection Set: 161.71ms
[4783.331s][info][gc,phases      ] GC(492)   Post Evacuate Collection Set: 1.22ms
[4783.331s][info][gc,phases      ] GC(492)   Other: 0.07ms
[4783.331s][info][gc,heap        ] GC(492) Eden regions: 657->0(654)
[4783.331s][info][gc,heap        ] GC(492) Survivor regions: 51->51(89)
[4783.331s][info][gc,heap        ] GC(492) Old regions: 425->428
[4783.331s][info][gc,heap        ] GC(492) Humongous regions: 32->32
[4783.331s][info][gc,metaspace   ] GC(492) Metaspace: 29961K(30464K)->29961K(30464K) NonClass: 26564K(26816K)->26564K(26816K) Class: 3397K(3648K)->3397K(3648K)
[4783.331s][info][gc             ] GC(492) Pause Young (Normal) (G1 Evacuation Pause) 9295M->4059M(10240M) 163.947ms
[4783.331s][info][gc,cpu         ] GC(492) User=1.29s Sys=0.00s Real=0.16s
.....[4788.622s][info][gc,start       ] GC(493) Pause Young (Normal) (G1 Evacuation Pause)
[4788.622s][info][gc,task        ] GC(493) Using 8 workers of 8 for evacuation
[4788.787s][info][gc,phases      ] GC(493)   Pre Evacuate Collection Set: 0.30ms
[4788.787s][info][gc,phases      ] GC(493)   Merge Heap Roots: 0.60ms
[4788.787s][info][gc,phases      ] GC(493)   Evacuate Collection Set: 162.71ms
[4788.787s][info][gc,phases      ] GC(493)   Post Evacuate Collection Set: 1.17ms
[4788.787s][info][gc,phases      ] GC(493)   Other: 0.06ms
[4788.787s][info][gc,heap        ] GC(493) Eden regions: 654->0(653)
[4788.787s][info][gc,heap        ] GC(493) Survivor regions: 51->50(89)
[4788.787s][info][gc,heap        ] GC(493) Old regions: 428->431
[4788.787s][info][gc,heap        ] GC(493) Humongous regions: 32->32
[4788.787s][info][gc,metaspace   ] GC(493) Metaspace: 29961K(30464K)->29961K(30464K) NonClass: 26564K(26816K)->26564K(26816K) Class: 3397K(3648K)->3397K(3648K)
[4788.787s][info][gc             ] GC(493) Pause Young (Normal) (G1 Evacuation Pause) 9291M->4078M(10240M) 165.008ms
[4788.787s][info][gc,cpu         ] GC(493) User=1.30s Sys=0.00s Real=0.17s
.....[4793.847s][info][gc,start       ] GC(494) Pause Young (Normal) (G1 Evacuation Pause)
[4793.847s][info][gc,task        ] GC(494) Using 8 workers of 8 for evacuation
[4794.016s][info][gc,phases      ] GC(494)   Pre Evacuate Collection Set: 0.31ms
[4794.016s][info][gc,phases      ] GC(494)   Merge Heap Roots: 0.57ms
[4794.016s][info][gc,phases      ] GC(494)   Evacuate Collection Set: 167.10ms
[4794.016s][info][gc,phases      ] GC(494)   Post Evacuate Collection Set: 1.19ms
[4794.016s][info][gc,phases      ] GC(494)   Other: 0.08ms
[4794.016s][info][gc,heap        ] GC(494) Eden regions: 653->0(646)
[4794.016s][info][gc,heap        ] GC(494) Survivor regions: 50->52(88)
[4794.016s][info][gc,heap        ] GC(494) Old regions: 431->434
[4794.016s][info][gc,heap        ] GC(494) Humongous regions: 32->32
[4794.016s][info][gc,metaspace   ] GC(494) Metaspace: 29961K(30464K)->29961K(30464K) NonClass: 26564K(26816K)->26564K(26816K) Class: 3397K(3648K)->3397K(3648K)
[4794.016s][info][gc             ] GC(494) Pause Young (Normal) (G1 Evacuation Pause) 9302M->4118M(10240M) 169.398ms
[4794.016s][info][gc,cpu         ] GC(494) User=1.34s Sys=0.00s Real=0.17s
......[4799.161s][info][gc,start       ] GC(495) Pause Young (Normal) (G1 Evacuation Pause)
[4799.161s][info][gc,task        ] GC(495) Using 8 workers of 8 for evacuation
[4799.321s][info][gc,phases      ] GC(495)   Pre Evacuate Collection Set: 0.31ms
[4799.321s][info][gc,phases      ] GC(495)   Merge Heap Roots: 0.56ms
[4799.321s][info][gc,phases      ] GC(495)   Evacuate Collection Set: 158.23ms
[4799.321s][info][gc,phases      ] GC(495)   Post Evacuate Collection Set: 1.17ms
[4799.321s][info][gc,phases      ] GC(495)   Other: 0.07ms
[4799.321s][info][gc,heap        ] GC(495) Eden regions: 646->0(653)
[4799.321s][info][gc,heap        ] GC(495) Survivor regions: 52->44(88)
[4799.321s][info][gc,heap        ] GC(495) Old regions: 434->443
[4799.321s][info][gc,heap        ] GC(495) Humongous regions: 32->32
[4799.321s][info][gc,metaspace   ] GC(495) Metaspace: 29961K(30464K)->29961K(30464K) NonClass: 26564K(26816K)->26564K(26816K) Class: 3397K(3648K)->3397K(3648K)
[4799.321s][info][gc             ] GC(495) Pause Young (Normal) (G1 Evacuation Pause) 9286M->4121M(10240M) 160.484ms
[4799.322s][info][gc,cpu         ] GC(495) User=1.26s Sys=0.00s Real=0.16s
.....[4804.495s][info][gc,start       ] GC(496) Pause Young (Normal) (G1 Evacuation Pause)
[4804.495s][info][gc,task        ] GC(496) Using 8 workers of 8 for evacuation
[4804.654s][info][gc,phases      ] GC(496)   Pre Evacuate Collection Set: 0.31ms
[4804.654s][info][gc,phases      ] GC(496)   Merge Heap Roots: 0.58ms
[4804.654s][info][gc,phases      ] GC(496)   Evacuate Collection Set: 156.92ms
[4804.654s][info][gc,phases      ] GC(496)   Post Evacuate Collection Set: 1.18ms
[4804.654s][info][gc,phases      ] GC(496)   Other: 0.07ms
[4804.654s][info][gc,heap        ] GC(496) Eden regions: 653->0(639)
[4804.654s][info][gc,heap        ] GC(496) Survivor regions: 44->51(88)
[4804.654s][info][gc,heap        ] GC(496) Old regions: 443->443
[4804.654s][info][gc,heap        ] GC(496) Humongous regions: 32->32
[4804.654s][info][gc,metaspace   ] GC(496) Metaspace: 29961K(30464K)->29961K(30464K) NonClass: 26564K(26816K)->26564K(26816K) Class: 3397K(3648K)->3397K(3648K)
[4804.654s][info][gc             ] GC(496) Pause Young (Normal) (G1 Evacuation Pause) 9345M->4181M(10240M) 159.197ms
[4804.654s][info][gc,cpu         ] GC(496) User=1.25s Sys=0.00s Real=0.16s
.....[4809.649s][info][gc,start       ] GC(497) Pause Young (Normal) (G1 Evacuation Pause)
[4809.649s][info][gc,task        ] GC(497) Using 8 workers of 8 for evacuation
[4809.814s][info][gc,phases      ] GC(497)   Pre Evacuate Collection Set: 0.27ms
[4809.814s][info][gc,phases      ] GC(497)   Merge Heap Roots: 0.57ms
[4809.814s][info][gc,phases      ] GC(497)   Evacuate Collection Set: 162.46ms
[4809.814s][info][gc,phases      ] GC(497)   Post Evacuate Collection Set: 1.21ms
[4809.814s][info][gc,phases      ] GC(497)   Other: 0.07ms
[4809.814s][info][gc,heap        ] GC(497) Eden regions: 639->0(636)
[4809.814s][info][gc,heap        ] GC(497) Survivor regions: 51->51(87)
[4809.814s][info][gc,heap        ] GC(497) Old regions: 443->446
[4809.814s][info][gc,heap        ] GC(497) Humongous regions: 32->32
[4809.814s][info][gc,metaspace   ] GC(497) Metaspace: 29961K(30464K)->29961K(30464K) NonClass: 26564K(26816K)->26564K(26816K) Class: 3397K(3648K)->3397K(3648K)
[4809.814s][info][gc             ] GC(497) Pause Young (Normal) (G1 Evacuation Pause) 9293M->4201M(10240M) 164.723ms
[4809.814s][info][gc,cpu         ] GC(497) User=1.30s Sys=0.01s Real=0.16s
.....[4814.984s][info][gc,start       ] GC(498) Pause Young (Normal) (G1 Evacuation Pause)
[4814.984s][info][gc,task        ] GC(498) Using 8 workers of 8 for evacuation
[4815.153s][info][gc,phases      ] GC(498)   Pre Evacuate Collection Set: 0.28ms
[4815.153s][info][gc,phases      ] GC(498)   Merge Heap Roots: 0.58ms
[4815.153s][info][gc,phases      ] GC(498)   Evacuate Collection Set: 166.60ms
[4815.153s][info][gc,phases      ] GC(498)   Post Evacuate Collection Set: 1.22ms
[4815.153s][info][gc,phases      ] GC(498)   Other: 0.07ms
[4815.153s][info][gc,heap        ] GC(498) Eden regions: 636->0(633)
[4815.153s][info][gc,heap        ] GC(498) Survivor regions: 51->51(86)
[4815.153s][info][gc,heap        ] GC(498) Old regions: 446->449
[4815.153s][info][gc,heap        ] GC(498) Humongous regions: 32->32
[4815.153s][info][gc,metaspace   ] GC(498) Metaspace: 29961K(30464K)->29961K(30464K) NonClass: 26564K(26816K)->26564K(26816K) Class: 3397K(3648K)->3397K(3648K)
[4815.153s][info][gc             ] GC(498) Pause Young (Normal) (G1 Evacuation Pause) 9289M->4226M(10240M) 168.886ms
[4815.153s][info][gc,cpu         ] GC(498) User=1.33s Sys=0.00s Real=0.17s
.....[4820.134s][info][gc,start       ] GC(499) Pause Young (Normal) (G1 Evacuation Pause)
[4820.134s][info][gc,task        ] GC(499) Using 8 workers of 8 for evacuation
[4820.300s][info][gc,phases      ] GC(499)   Pre Evacuate Collection Set: 0.27ms
[4820.300s][info][gc,phases      ] GC(499)   Merge Heap Roots: 0.69ms
[4820.300s][info][gc,phases      ] GC(499)   Evacuate Collection Set: 164.35ms
[4820.300s][info][gc,phases      ] GC(499)   Post Evacuate Collection Set: 1.12ms
[4820.300s][info][gc,phases      ] GC(499)   Other: 0.06ms
[4820.300s][info][gc,heap        ] GC(499) Eden regions: 633->0(636)
[4820.300s][info][gc,heap        ] GC(499) Survivor regions: 51->45(86)
[4820.300s][info][gc,heap        ] GC(499) Old regions: 449->458
[4820.300s][info][gc,heap        ] GC(499) Humongous regions: 32->32
[4820.300s][info][gc,metaspace   ] GC(499) Metaspace: 29961K(30464K)->29961K(30464K) NonClass: 26564K(26816K)->26564K(26816K) Class: 3397K(3648K)->3397K(3648K)
[4820.300s][info][gc             ] GC(499) Pause Young (Normal) (G1 Evacuation Pause) 9290M->4252M(10240M) 166.618ms
[4820.300s][info][gc,cpu         ] GC(499) User=1.31s Sys=0.00s Real=0.17s
.....[4825.308s][info][gc,start       ] GC(500) Pause Young (Normal) (G1 Evacuation Pause)
[4825.308s][info][gc,task        ] GC(500) Using 8 workers of 8 for evacuation
[4825.461s][info][gc,phases      ] GC(500)   Pre Evacuate Collection Set: 0.33ms
[4825.461s][info][gc,phases      ] GC(500)   Merge Heap Roots: 0.63ms
[4825.461s][info][gc,phases      ] GC(500)   Evacuate Collection Set: 150.93ms
[4825.461s][info][gc,phases      ] GC(500)   Post Evacuate Collection Set: 1.19ms
[4825.461s][info][gc,phases      ] GC(500)   Other: 0.08ms
[4825.461s][info][gc,heap        ] GC(500) Eden regions: 636->0(626)
[4825.461s][info][gc,heap        ] GC(500) Survivor regions: 45->50(86)
[4825.461s][info][gc,heap        ] GC(500) Old regions: 458->458
[4825.461s][info][gc,heap        ] GC(500) Humongous regions: 32->32
[4825.461s][info][gc,metaspace   ] GC(500) Metaspace: 29961K(30464K)->29961K(30464K) NonClass: 26564K(26816K)->26564K(26816K) Class: 3397K(3648K)->3397K(3648K)
[4825.461s][info][gc             ] GC(500) Pause Young (Normal) (G1 Evacuation Pause) 9340M->4296M(10240M) 153.299ms
[4825.461s][info][gc,cpu         ] GC(500) User=1.21s Sys=0.00s Real=0.15s
......[4830.551s][info][gc,start       ] GC(501) Pause Young (Normal) (G1 Evacuation Pause)
[4830.551s][info][gc,task        ] GC(501) Using 8 workers of 8 for evacuation
[4830.715s][info][gc,phases      ] GC(501)   Pre Evacuate Collection Set: 0.29ms
[4830.715s][info][gc,phases      ] GC(501)   Merge Heap Roots: 0.57ms
[4830.715s][info][gc,phases      ] GC(501)   Evacuate Collection Set: 161.67ms
[4830.715s][info][gc,phases      ] GC(501)   Post Evacuate Collection Set: 1.17ms
[4830.715s][info][gc,phases      ] GC(501)   Other: 0.07ms
[4830.715s][info][gc,heap        ] GC(501) Eden regions: 626->0(623)
[4830.715s][info][gc,heap        ] GC(501) Survivor regions: 50->50(85)
[4830.715s][info][gc,heap        ] GC(501) Old regions: 458->461
[4830.715s][info][gc,heap        ] GC(501) Humongous regions: 32->32
[4830.715s][info][gc,metaspace   ] GC(501) Metaspace: 29961K(30464K)->29961K(30464K) NonClass: 26564K(26816K)->26564K(26816K) Class: 3397K(3648K)->3397K(3648K)
[4830.715s][info][gc             ] GC(501) Pause Young (Normal) (G1 Evacuation Pause) 9304M->4321M(10240M) 163.890ms
[4830.715s][info][gc,cpu         ] GC(501) User=1.29s Sys=0.00s Real=0.17s
... (rIR:aIR:PR = 8164:8177:8177) (tPR = 121642) [OK] 
  4833s: Performance info:
         Transaction,    Success,    Partial,     Failed,   Receipts, AvgBarcode, 
             Overall,     493927,          0,          0,     469350,      59.48, 
         Response times:
             Request,    Success,    Partial,     Failed,   SkipFail,     Probes,    Samples,      min,      p50,      p90,      p95,      p99,      max, 
       TotalPurchase,     469388,          0,          0,          0,     360667,     504364,      300,     5700,    12600,    27000,    83000,   356000,
     InStorePurchase,     247271,          0,          0,          0,     188741,     263400,      300,     5700,    12600,    28000,    83000,   356000,
      OnlinePurchase,     172795,          0,          0,          0,     133197,     186618,      400,     5600,    12500,    27000,    83000,   356000,
        InstPurchase,      49322,          0,          0,          0,      38729,      54346,      500,     5700,    12700,    26000,    81000,   350000,
          AssocOfCat,        499,          0,          0,          0,        414,        672,    28000,    45000,    67000,    90700,   198080,   227000,
      AssocOfProduct,       4951,          0,          0,          0,       3400,       4984,     1000,     5700,    12900,    27750,    71150,   350000,
      BusinessReport,       1236,          0,          0,          0,       1069,       1641,    31000,    55000,    76000,   104000,   182380,   250000,
          CustBuyBeh,       4919,          0,          0,          0,       3449,       5047,      400,     6400,    12900,    28000,    79000,   185000,
       ProductReturn,      12972,          0,          0,          0,      10165,      14639,      200,     5000,    12100,    26000,    77000,   356000,

  4833s: (60%)   IR =   8302 ..[4835.660s][info][gc,start       ] GC(502) Pause Young (Normal) (G1 Evacuation Pause)
[4835.660s][info][gc,task        ] GC(502) Using 8 workers of 8 for evacuation
[4835.829s][info][gc,phases      ] GC(502)   Pre Evacuate Collection Set: 0.31ms
[4835.829s][info][gc,phases      ] GC(502)   Merge Heap Roots: 0.57ms
[4835.829s][info][gc,phases      ] GC(502)   Evacuate Collection Set: 167.19ms
[4835.829s][info][gc,phases      ] GC(502)   Post Evacuate Collection Set: 1.17ms
[4835.829s][info][gc,phases      ] GC(502)   Other: 0.06ms
[4835.830s][info][gc,heap        ] GC(502) Eden regions: 623->0(618)
[4835.830s][info][gc,heap        ] GC(502) Survivor regions: 50->51(85)
[4835.830s][info][gc,heap        ] GC(502) Old regions: 461->464
[4835.830s][info][gc,heap        ] GC(502) Humongous regions: 32->32
[4835.830s][info][gc,metaspace   ] GC(502) Metaspace: 29961K(30464K)->29961K(30464K) NonClass: 26564K(26816K)->26564K(26816K) Class: 3397K(3648K)->3397K(3648K)
[4835.830s][info][gc             ] GC(502) Pause Young (Normal) (G1 Evacuation Pause) 9305M->4354M(10240M) 169.457ms
[4835.830s][info][gc,cpu         ] GC(502) User=1.33s Sys=0.00s Real=0.17s
...|..[4840.639s][info][gc,start       ] GC(503) Pause Young (Normal) (G1 Evacuation Pause)
[4840.639s][info][gc,task        ] GC(503) Using 8 workers of 8 for evacuation
[4840.801s][info][gc,phases      ] GC(503)   Pre Evacuate Collection Set: 0.30ms
[4840.801s][info][gc,phases      ] GC(503)   Merge Heap Roots: 0.62ms
[4840.801s][info][gc,phases      ] GC(503)   Evacuate Collection Set: 159.91ms
[4840.801s][info][gc,phases      ] GC(503)   Post Evacuate Collection Set: 1.13ms
[4840.801s][info][gc,phases      ] GC(503)   Other: 0.06ms
[4840.801s][info][gc,heap        ] GC(503) Eden regions: 618->0(622)
[4840.801s][info][gc,heap        ] GC(503) Survivor regions: 51->44(84)
[4840.801s][info][gc,heap        ] GC(503) Old regions: 464->474
[4840.801s][info][gc,heap        ] GC(503) Humongous regions: 32->32
[4840.801s][info][gc,metaspace   ] GC(503) Metaspace: 29961K(30464K)->29961K(30464K) NonClass: 26564K(26816K)->26564K(26816K) Class: 3397K(3648K)->3397K(3648K)
[4840.801s][info][gc             ] GC(503) Pause Young (Normal) (G1 Evacuation Pause) 9298M->4371M(10240M) 162.160ms
[4840.801s][info][gc,cpu         ] GC(503) User=1.28s Sys=0.00s Real=0.16s
.....[4845.635s][info][gc,start       ] GC(504) Pause Young (Normal) (G1 Evacuation Pause)
[4845.635s][info][gc,task        ] GC(504) Using 8 workers of 8 for evacuation
[4845.791s][info][gc,phases      ] GC(504)   Pre Evacuate Collection Set: 0.31ms
[4845.791s][info][gc,phases      ] GC(504)   Merge Heap Roots: 0.56ms
[4845.791s][info][gc,phases      ] GC(504)   Evacuate Collection Set: 153.65ms
[4845.791s][info][gc,phases      ] GC(504)   Post Evacuate Collection Set: 1.14ms
[4845.791s][info][gc,phases      ] GC(504)   Other: 0.06ms
[4845.791s][info][gc,heap        ] GC(504) Eden regions: 622->0(610)
[4845.791s][info][gc,heap        ] GC(504) Survivor regions: 44->50(84)
[4845.791s][info][gc,heap        ] GC(504) Old regions: 474->474
[4845.791s][info][gc,heap        ] GC(504) Humongous regions: 32->32
[4845.791s][info][gc,metaspace   ] GC(504) Metaspace: 29961K(30464K)->29961K(30464K) NonClass: 26564K(26816K)->26564K(26816K) Class: 3397K(3648K)->3397K(3648K)
[4845.791s][info][gc             ] GC(504) Pause Young (Normal) (G1 Evacuation Pause) 9347M->4419M(10240M) 155.845ms
[4845.791s][info][gc,cpu         ] GC(504) User=1.23s Sys=0.00s Real=0.15s
....[4850.555s][info][gc,start       ] GC(505) Pause Young (Normal) (G1 Evacuation Pause)
[4850.555s][info][gc,task        ] GC(505) Using 8 workers of 8 for evacuation
[4850.718s][info][gc,phases      ] GC(505)   Pre Evacuate Collection Set: 0.28ms
[4850.718s][info][gc,phases      ] GC(505)   Merge Heap Roots: 0.56ms
[4850.718s][info][gc,phases      ] GC(505)   Evacuate Collection Set: 160.39ms
[4850.718s][info][gc,phases      ] GC(505)   Post Evacuate Collection Set: 1.15ms
[4850.718s][info][gc,phases      ] GC(505)   Other: 0.06ms
[4850.718s][info][gc,heap        ] GC(505) Eden regions: 610->0(613)
[4850.718s][info][gc,heap        ] GC(505) Survivor regions: 50->44(83)
[4850.718s][info][gc,heap        ] GC(505) Old regions: 474->483
[4850.718s][info][gc,heap        ] GC(505) Humongous regions: 32->32
[4850.718s][info][gc,metaspace   ] GC(505) Metaspace: 29961K(30464K)->29961K(30464K) NonClass: 26564K(26816K)->26564K(26816K) Class: 3397K(3648K)->3397K(3648K)
[4850.718s][info][gc             ] GC(505) Pause Young (Normal) (G1 Evacuation Pause) 9299M->4451M(10240M) 162.588ms
[4850.718s][info][gc,cpu         ] GC(505) User=1.28s Sys=0.00s Real=0.16s
.....[4855.487s][info][gc,start       ] GC(506) Pause Young (Normal) (G1 Evacuation Pause)
[4855.487s][info][gc,task        ] GC(506) Using 8 workers of 8 for evacuation
[4855.640s][info][gc,phases      ] GC(506)   Pre Evacuate Collection Set: 0.28ms
[4855.640s][info][gc,phases      ] GC(506)   Merge Heap Roots: 0.56ms
[4855.640s][info][gc,phases      ] GC(506)   Evacuate Collection Set: 151.26ms
[4855.640s][info][gc,phases      ] GC(506)   Post Evacuate Collection Set: 1.11ms
[4855.640s][info][gc,phases      ] GC(506)   Other: 0.06ms
[4855.640s][info][gc,heap        ] GC(506) Eden regions: 613->0(605)
[4855.640s][info][gc,heap        ] GC(506) Survivor regions: 44->44(83)
[4855.640s][info][gc,heap        ] GC(506) Old regions: 483->491
[4855.640s][info][gc,heap        ] GC(506) Humongous regions: 32->32
[4855.640s][info][gc,metaspace   ] GC(506) Metaspace: 29961K(30464K)->29961K(30464K) NonClass: 26564K(26816K)->26564K(26816K) Class: 3397K(3648K)->3397K(3648K)
[4855.640s][info][gc             ] GC(506) Pause Young (Normal) (G1 Evacuation Pause) 9355M->4504M(10240M) 153.407ms
[4855.640s][info][gc,cpu         ] GC(506) User=1.21s Sys=0.00s Real=0.15s
.....[4860.425s][info][gc,start       ] GC(507) Pause Young (Normal) (G1 Evacuation Pause)
[4860.425s][info][gc,task        ] GC(507) Using 8 workers of 8 for evacuation
[4860.578s][info][gc,phases      ] GC(507)   Pre Evacuate Collection Set: 0.29ms
[4860.578s][info][gc,phases      ] GC(507)   Merge Heap Roots: 0.62ms
[4860.578s][info][gc,phases      ] GC(507)   Evacuate Collection Set: 150.41ms
[4860.578s][info][gc,phases      ] GC(507)   Post Evacuate Collection Set: 1.10ms
[4860.578s][info][gc,phases      ] GC(507)   Other: 0.06ms
[4860.578s][info][gc,heap        ] GC(507) Eden regions: 605->0(601)
[4860.578s][info][gc,heap        ] GC(507) Survivor regions: 44->43(82)
[4860.578s][info][gc,heap        ] GC(507) Old regions: 491->497
[4860.578s][info][gc,heap        ] GC(507) Humongous regions: 32->32
[4860.578s][info][gc,metaspace   ] GC(507) Metaspace: 29961K(30464K)->29961K(30464K) NonClass: 26564K(26816K)->26564K(26816K) Class: 3397K(3648K)->3397K(3648K)
[4860.578s][info][gc             ] GC(507) Pause Young (Normal) (G1 Evacuation Pause) 9344M->4555M(10240M) 152.619ms
[4860.578s][info][gc,cpu         ] GC(507) User=1.20s Sys=0.00s Real=0.15s
.....[4865.181s][info][gc,start       ] GC(508) Pause Young (Normal) (G1 Evacuation Pause)
[4865.181s][info][gc,task        ] GC(508) Using 8 workers of 8 for evacuation
[4865.336s][info][gc,phases      ] GC(508)   Pre Evacuate Collection Set: 0.28ms
[4865.336s][info][gc,phases      ] GC(508)   Merge Heap Roots: 0.56ms
[4865.336s][info][gc,phases      ] GC(508)   Evacuate Collection Set: 152.36ms
[4865.336s][info][gc,phases      ] GC(508)   Post Evacuate Collection Set: 1.15ms
[4865.336s][info][gc,phases      ] GC(508)   Other: 0.07ms
[4865.336s][info][gc,heap        ] GC(508) Eden regions: 601->0(592)
[4865.336s][info][gc,heap        ] GC(508) Survivor regions: 43->44(81)
[4865.336s][info][gc,heap        ] GC(508) Old regions: 497->504
[4865.336s][info][gc,heap        ] GC(508) Humongous regions: 32->32
[4865.336s][info][gc,metaspace   ] GC(508) Metaspace: 29961K(30464K)->29961K(30464K) NonClass: 26564K(26816K)->26564K(26816K) Class: 3397K(3648K)->3397K(3648K)
[4865.336s][info][gc             ] GC(508) Pause Young (Normal) (G1 Evacuation Pause) 9363M->4615M(10240M) 154.568ms
[4865.336s][info][gc,cpu         ] GC(508) User=1.22s Sys=0.00s Real=0.16s
.....[4870.017s][info][gc,start       ] GC(509) Pause Young (Normal) (G1 Evacuation Pause)
[4870.017s][info][gc,task        ] GC(509) Using 8 workers of 8 for evacuation
[4870.172s][info][gc,phases      ] GC(509)   Pre Evacuate Collection Set: 0.29ms
[4870.172s][info][gc,phases      ] GC(509)   Merge Heap Roots: 0.54ms
[4870.172s][info][gc,phases      ] GC(509)   Evacuate Collection Set: 153.19ms
[4870.172s][info][gc,phases      ] GC(509)   Post Evacuate Collection Set: 1.09ms
[4870.172s][info][gc,phases      ] GC(509)   Other: 0.06ms
[4870.172s][info][gc,heap        ] GC(509) Eden regions: 592->0(585)
[4870.172s][info][gc,heap        ] GC(509) Survivor regions: 44->44(80)
[4870.172s][info][gc,heap        ] GC(509) Old regions: 504->511
[4870.172s][info][gc,heap        ] GC(509) Humongous regions: 32->32
[4870.172s][info][gc,metaspace   ] GC(509) Metaspace: 29961K(30464K)->29961K(30464K) NonClass: 26564K(26816K)->26564K(26816K) Class: 3397K(3648K)->3397K(3648K)
[4870.172s][info][gc             ] GC(509) Pause Young (Normal) (G1 Evacuation Pause) 9351M->4675M(10240M) 155.323ms
[4870.172s][info][gc,cpu         ] GC(509) User=1.22s Sys=0.01s Real=0.15s
....[4874.715s][info][gc,start       ] GC(510) Pause Young (Normal) (G1 Evacuation Pause)
[4874.715s][info][gc,task        ] GC(510) Using 8 workers of 8 for evacuation
[4874.872s][info][gc,phases      ] GC(510)   Pre Evacuate Collection Set: 0.27ms
[4874.872s][info][gc,phases      ] GC(510)   Merge Heap Roots: 0.54ms
[4874.872s][info][gc,phases      ] GC(510)   Evacuate Collection Set: 155.02ms
[4874.872s][info][gc,phases      ] GC(510)   Post Evacuate Collection Set: 1.08ms
[4874.872s][info][gc,phases      ] GC(510)   Other: 0.06ms
[4874.872s][info][gc,heap        ] GC(510) Eden regions: 585->0(578)
[4874.872s][info][gc,heap        ] GC(510) Survivor regions: 44->44(79)
[4874.872s][info][gc,heap        ] GC(510) Old regions: 511->518
[4874.872s][info][gc,heap        ] GC(510) Humongous regions: 32->32
[4874.872s][info][gc,metaspace   ] GC(510) Metaspace: 29961K(30464K)->29961K(30464K) NonClass: 26564K(26816K)->26564K(26816K) Class: 3397K(3648K)->3397K(3648K)
[4874.872s][info][gc             ] GC(510) Pause Young (Normal) (G1 Evacuation Pause) 9355M->4727M(10240M) 157.110ms
[4874.872s][info][gc,cpu         ] GC(510) User=1.24s Sys=0.00s Real=0.15s
.....[4879.404s][info][gc,start       ] GC(511) Pause Young (Normal) (G1 Evacuation Pause)
[4879.404s][info][gc,task        ] GC(511) Using 8 workers of 8 for evacuation
[4879.556s][info][gc,phases      ] GC(511)   Pre Evacuate Collection Set: 0.28ms
[4879.556s][info][gc,phases      ] GC(511)   Merge Heap Roots: 0.60ms
[4879.556s][info][gc,phases      ] GC(511)   Evacuate Collection Set: 149.80ms
[4879.556s][info][gc,phases      ] GC(511)   Post Evacuate Collection Set: 1.07ms
[4879.556s][info][gc,phases      ] GC(511)   Other: 0.07ms
[4879.556s][info][gc,heap        ] GC(511) Eden regions: 578->0(573)
[4879.556s][info][gc,heap        ] GC(511) Survivor regions: 44->43(78)
[4879.556s][info][gc,heap        ] GC(511) Old regions: 518->525
[4879.556s][info][gc,heap        ] GC(511) Humongous regions: 32->32
[4879.556s][info][gc,metaspace   ] GC(511) Metaspace: 29961K(30464K)->29961K(30464K) NonClass: 26564K(26816K)->26564K(26816K) Class: 3397K(3648K)->3397K(3648K)
[4879.556s][info][gc             ] GC(511) Pause Young (Normal) (G1 Evacuation Pause) 9351M->4779M(10240M) 151.964ms
[4879.556s][info][gc,cpu         ] GC(511) User=1.19s Sys=0.00s Real=0.16s
.....[4883.976s][info][gc,start       ] GC(512) Pause Young (Normal) (G1 Evacuation Pause)
[4883.976s][info][gc,task        ] GC(512) Using 8 workers of 8 for evacuation
[4884.132s][info][gc,phases      ] GC(512)   Pre Evacuate Collection Set: 0.29ms
[4884.132s][info][gc,phases      ] GC(512)   Merge Heap Roots: 0.57ms
[4884.132s][info][gc,phases      ] GC(512)   Evacuate Collection Set: 153.52ms
[4884.132s][info][gc,phases      ] GC(512)   Post Evacuate Collection Set: 1.07ms
[4884.132s][info][gc,phases      ] GC(512)   Other: 0.08ms
[4884.132s][info][gc,heap        ] GC(512) Eden regions: 573->0(564)
[4884.132s][info][gc,heap        ] GC(512) Survivor regions: 43->44(77)
[4884.132s][info][gc,heap        ] GC(512) Old regions: 525->532
[4884.132s][info][gc,heap        ] GC(512) Humongous regions: 32->32
[4884.132s][info][gc,metaspace   ] GC(512) Metaspace: 29961K(30464K)->29961K(30464K) NonClass: 26564K(26816K)->26564K(26816K) Class: 3397K(3648K)->3397K(3648K)
[4884.132s][info][gc             ] GC(512) Pause Young (Normal) (G1 Evacuation Pause) 9363M->4843M(10240M) 155.686ms
[4884.132s][info][gc,cpu         ] GC(512) User=1.22s Sys=0.00s Real=0.15s
....[4888.537s][info][gc,start       ] GC(513) Pause Young (Normal) (G1 Evacuation Pause)
[4888.537s][info][gc,task        ] GC(513) Using 8 workers of 8 for evacuation
[4888.689s][info][gc,phases      ] GC(513)   Pre Evacuate Collection Set: 0.28ms
[4888.689s][info][gc,phases      ] GC(513)   Merge Heap Roots: 0.53ms
[4888.689s][info][gc,phases      ] GC(513)   Evacuate Collection Set: 149.26ms
[4888.689s][info][gc,phases      ] GC(513)   Post Evacuate Collection Set: 1.10ms
[4888.689s][info][gc,phases      ] GC(513)   Other: 0.07ms
[4888.689s][info][gc,heap        ] GC(513) Eden regions: 564->0(558)
[4888.689s][info][gc,heap        ] GC(513) Survivor regions: 44->43(76)
[4888.689s][info][gc,heap        ] GC(513) Old regions: 532->540
[4888.689s][info][gc,heap        ] GC(513) Humongous regions: 32->32
[4888.689s][info][gc,metaspace   ] GC(513) Metaspace: 29961K(30464K)->29961K(30464K) NonClass: 26564K(26816K)->26564K(26816K) Class: 3397K(3648K)->3397K(3648K)
[4888.689s][info][gc             ] GC(513) Pause Young (Normal) (G1 Evacuation Pause) 9355M->4892M(10240M) 151.398ms
[4888.689s][info][gc,cpu         ] GC(513) User=1.20s Sys=0.00s Real=0.15s
.....[4893.121s][info][gc,start       ] GC(514) Pause Young (Normal) (G1 Evacuation Pause)
[4893.121s][info][gc,task        ] GC(514) Using 8 workers of 8 for evacuation
[4893.271s][info][gc,phases      ] GC(514)   Pre Evacuate Collection Set: 0.28ms
[4893.271s][info][gc,phases      ] GC(514)   Merge Heap Roots: 0.55ms
[4893.271s][info][gc,phases      ] GC(514)   Evacuate Collection Set: 147.28ms
[4893.271s][info][gc,phases      ] GC(514)   Post Evacuate Collection Set: 1.07ms
[4893.271s][info][gc,phases      ] GC(514)   Other: 0.07ms
[4893.271s][info][gc,heap        ] GC(514) Eden regions: 558->0(555)
[4893.271s][info][gc,heap        ] GC(514) Survivor regions: 43->41(76)
[4893.271s][info][gc,heap        ] GC(514) Old regions: 540->547
[4893.271s][info][gc,heap        ] GC(514) Humongous regions: 32->32
[4893.271s][info][gc,metaspace   ] GC(514) Metaspace: 29961K(30464K)->29961K(30464K) NonClass: 26564K(26816K)->26564K(26816K) Class: 3397K(3648K)->3397K(3648K)
[4893.271s][info][gc             ] GC(514) Pause Young (Normal) (G1 Evacuation Pause) 9356M->4936M(10240M) 149.374ms
[4893.271s][info][gc,cpu         ] GC(514) User=1.18s Sys=0.00s Real=0.15s
....[4897.561s][info][gc,start       ] GC(515) Pause Young (Concurrent Start) (G1 Evacuation Pause)
[4897.561s][info][gc,task        ] GC(515) Using 8 workers of 8 for evacuation
[4897.711s][info][gc,phases      ] GC(515)   Pre Evacuate Collection Set: 0.32ms
[4897.711s][info][gc,phases      ] GC(515)   Merge Heap Roots: 0.61ms
[4897.711s][info][gc,phases      ] GC(515)   Evacuate Collection Set: 148.00ms
[4897.711s][info][gc,phases      ] GC(515)   Post Evacuate Collection Set: 1.06ms
[4897.711s][info][gc,phases      ] GC(515)   Other: 0.10ms
[4897.711s][info][gc,heap        ] GC(515) Eden regions: 555->0(546)
[4897.711s][info][gc,heap        ] GC(515) Survivor regions: 41->42(75)
[4897.711s][info][gc,heap        ] GC(515) Old regions: 547->554
[4897.711s][info][gc,heap        ] GC(515) Humongous regions: 32->32
[4897.711s][info][gc,metaspace   ] GC(515) Metaspace: 29961K(30464K)->29961K(30464K) NonClass: 26564K(26816K)->26564K(26816K) Class: 3397K(3648K)->3397K(3648K)
[4897.711s][info][gc             ] GC(515) Pause Young (Concurrent Start) (G1 Evacuation Pause) 9376M->4999M(10240M) 150.255ms
[4897.711s][info][gc             ] GC(516) Concurrent Mark Cycle
[4897.711s][info][gc,marking     ] GC(516) Concurrent Scan Root Regions
[4897.711s][info][gc,cpu         ] GC(515) User=1.18s Sys=0.00s Real=0.15s
.[4898.092s][info][gc,marking     ] GC(516) Concurrent Scan Root Regions 381.118ms
[4898.092s][info][gc,marking     ] GC(516) Concurrent Mark
[4898.092s][info][gc,marking     ] GC(516) Concurrent Mark From Roots
[4898.092s][info][gc,task        ] GC(516) Using 2 workers of 2 for marking
. (rIR:aIR:PR = 8302:8322:8322) (tPR = 123023) [OK] 
  4898s: Performance info:
         Transaction,    Success,    Partial,     Failed,   Receipts, AvgBarcode, 
             Overall,     501750,          0,          0,     476672,      59.48, 
         Response times:
             Request,    Success,    Partial,     Failed,   SkipFail,     Probes,    Samples,      min,      p50,      p90,      p95,      p99,      max, 
       TotalPurchase,     476671,          0,          0,          0,     358152,     391907,      400,     6000,    14500,    40000,    95000,   492000,
     InStorePurchase,     252064,          0,          0,          0,     188538,     206289,      400,     5900,    14300,    41000,    96000,   480000,
      OnlinePurchase,     174577,          0,          0,          0,     131852,     144116,      400,     6100,    14600,    40000,    96000,   481000,
        InstPurchase,      50030,          0,          0,          0,      37762,      41502,      400,     5900,    15000,    38000,    90000,   492000,
          AssocOfCat,        497,          0,          0,          0,        403,        541,    32000,    49000,    72800,   103800,   197440,   228000,
      AssocOfProduct,       4988,          0,          0,          0,       3515,       4040,      600,     6200,    15400,    47000,    97000,   233000,
      BusinessReport,       1242,          0,          0,          0,       1114,       1330,    34000,    56000,    87900,   126000,   204690,   252000,
          CustBuyBeh,       5053,          0,          0,          0,       3503,       4108,      300,     6500,    15310,    38000,    72000,   197000,
       ProductReturn,      13298,          0,          0,          0,       9222,      10390,      200,     5000,    13900,    34000,    87090,   484000,

  4898s: (61%)   IR =   8441 [4899.052s][info][gc,marking     ] GC(516) Concurrent Mark From Roots 959.932ms
[4899.052s][info][gc,marking     ] GC(516) Concurrent Preclean
[4899.052s][info][gc,marking     ] GC(516) Concurrent Preclean 0.239ms
[4899.052s][info][gc,start       ] GC(516) Pause Remark
[4899.057s][info][gc             ] GC(516) Pause Remark 6399M->5567M(10240M) 4.084ms
[4899.057s][info][gc,cpu         ] GC(516) User=0.03s Sys=0.00s Real=0.01s
[4899.057s][info][gc,marking     ] GC(516) Concurrent Mark 964.570ms
[4899.057s][info][gc,marking     ] GC(516) Concurrent Rebuild Remembered Sets and Scrub Regions
[4899.526s][info][gc,marking     ] GC(516) Concurrent Rebuild Remembered Sets and Scrub Regions 469.013ms
[4899.526s][info][gc,start       ] GC(516) Pause Cleanup
[4899.526s][info][gc             ] GC(516) Pause Cleanup 6031M->6031M(10240M) 0.395ms
[4899.526s][info][gc,cpu         ] GC(516) User=0.00s Sys=0.00s Real=0.00s
[4899.526s][info][gc,marking     ] GC(516) Concurrent Clear Claimed Marks
[4899.526s][info][gc,marking     ] GC(516) Concurrent Clear Claimed Marks 0.059ms
[4899.526s][info][gc,marking     ] GC(516) Concurrent Cleanup for Next Mark
[4899.540s][info][gc,marking     ] GC(516) Concurrent Cleanup for Next Mark 13.049ms
[4899.540s][info][gc             ] GC(516) Concurrent Mark Cycle 1828.688ms
...[4902.059s][info][gc,start       ] GC(517) Pause Young (Prepare Mixed) (G1 Evacuation Pause)
[4902.059s][info][gc,task        ] GC(517) Using 8 workers of 8 for evacuation
[4902.208s][info][gc,phases      ] GC(517)   Pre Evacuate Collection Set: 0.29ms
[4902.208s][info][gc,phases      ] GC(517)   Merge Heap Roots: 0.71ms
[4902.208s][info][gc,phases      ] GC(517)   Evacuate Collection Set: 147.03ms
[4902.208s][info][gc,phases      ] GC(517)   Post Evacuate Collection Set: 1.18ms
[4902.208s][info][gc,phases      ] GC(517)   Other: 0.08ms
[4902.208s][info][gc,heap        ] GC(517) Eden regions: 546->0(640)
[4902.208s][info][gc,heap        ] GC(517) Survivor regions: 42->43(74)
[4902.208s][info][gc,heap        ] GC(517) Old regions: 450->458
[4902.208s][info][gc,heap        ] GC(517) Humongous regions: 32->32
[4902.208s][info][gc,metaspace   ] GC(517) Metaspace: 29961K(30464K)->29961K(30464K) NonClass: 26564K(26816K)->26564K(26816K) Class: 3397K(3648K)->3397K(3648K)
[4902.209s][info][gc             ] GC(517) Pause Young (Prepare Mixed) (G1 Evacuation Pause) 8535M->4238M(10240M) 149.443ms
[4902.209s][info][gc,cpu         ] GC(517) User=1.17s Sys=0.00s Real=0.15s
....[4906.997s][info][gc,start       ] GC(518) Pause Young (Mixed) (G1 Evacuation Pause)
[4906.997s][info][gc,task        ] GC(518) Using 8 workers of 8 for evacuation
[4907.160s][info][gc,phases      ] GC(518)   Pre Evacuate Collection Set: 0.33ms
[4907.160s][info][gc,phases      ] GC(518)   Merge Heap Roots: 0.64ms
[4907.160s][info][gc,phases      ] GC(518)   Evacuate Collection Set: 160.13ms
[4907.160s][info][gc,phases      ] GC(518)   Post Evacuate Collection Set: 1.46ms
[4907.160s][info][gc,phases      ] GC(518)   Other: 0.08ms
[4907.160s][info][gc,heap        ] GC(518) Eden regions: 640->0(645)
[4907.160s][info][gc,heap        ] GC(518) Survivor regions: 43->51(86)
[4907.160s][info][gc,heap        ] GC(518) Old regions: 458->331
[4907.160s][info][gc,heap        ] GC(518) Humongous regions: 32->32
[4907.160s][info][gc,metaspace   ] GC(518) Metaspace: 29961K(30464K)->29961K(30464K) NonClass: 26564K(26816K)->26564K(26816K) Class: 3397K(3648K)->3397K(3648K)
[4907.160s][info][gc             ] GC(518) Pause Young (Mixed) (G1 Evacuation Pause) 9358M->3286M(10240M) 162.792ms
[4907.160s][info][gc,cpu         ] GC(518) User=1.28s Sys=0.00s Real=0.16s
....|.[4912.147s][info][gc,start       ] GC(519) Pause Young (Mixed) (G1 Evacuation Pause)
[4912.147s][info][gc,task        ] GC(519) Using 8 workers of 8 for evacuation
[4912.315s][info][gc,phases      ] GC(519)   Pre Evacuate Collection Set: 0.30ms
[4912.315s][info][gc,phases      ] GC(519)   Merge Heap Roots: 0.67ms
[4912.315s][info][gc,phases      ] GC(519)   Evacuate Collection Set: 165.52ms
[4912.315s][info][gc,phases      ] GC(519)   Post Evacuate Collection Set: 1.32ms
[4912.315s][info][gc,phases      ] GC(519)   Other: 0.08ms
[4912.315s][info][gc,heap        ] GC(519) Eden regions: 646->0(667)
[4912.315s][info][gc,heap        ] GC(519) Survivor regions: 51->51(88)
[4912.315s][info][gc,heap        ] GC(519) Old regions: 331->294
[4912.315s][info][gc,heap        ] GC(519) Humongous regions: 32->32
[4912.315s][info][gc,metaspace   ] GC(519) Metaspace: 29961K(30464K)->29961K(30464K) NonClass: 26564K(26816K)->26564K(26816K) Class: 3397K(3648K)->3397K(3648K)
[4912.315s][info][gc             ] GC(519) Pause Young (Mixed) (G1 Evacuation Pause) 8454M->2988M(10240M) 168.051ms
[4912.315s][info][gc,cpu         ] GC(519) User=1.32s Sys=0.00s Real=0.17s
......[4917.560s][info][gc,start       ] GC(520) Pause Young (Mixed) (G1 Evacuation Pause)
[4917.560s][info][gc,task        ] GC(520) Using 8 workers of 8 for evacuation
[4917.730s][info][gc,phases      ] GC(520)   Pre Evacuate Collection Set: 0.30ms
[4917.730s][info][gc,phases      ] GC(520)   Merge Heap Roots: 0.78ms
[4917.730s][info][gc,phases      ] GC(520)   Evacuate Collection Set: 166.67ms
[4917.730s][info][gc,phases      ] GC(520)   Post Evacuate Collection Set: 1.37ms
[4917.730s][info][gc,phases      ] GC(520)   Other: 0.08ms
[4917.730s][info][gc,heap        ] GC(520) Eden regions: 665->0(666)
[4917.730s][info][gc,heap        ] GC(520) Survivor regions: 51->52(90)
[4917.730s][info][gc,heap        ] GC(520) Old regions: 294->257
[4917.730s][info][gc,heap        ] GC(520) Humongous regions: 32->32
[4917.730s][info][gc,metaspace   ] GC(520) Metaspace: 29961K(30464K)->29961K(30464K) NonClass: 26564K(26816K)->26564K(26816K) Class: 3397K(3648K)->3397K(3648K)
[4917.730s][info][gc             ] GC(520) Pause Young (Mixed) (G1 Evacuation Pause) 8308M->2699M(10240M) 169.331ms
[4917.730s][info][gc,cpu         ] GC(520) User=1.33s Sys=0.00s Real=0.17s
.....[4922.930s][info][gc,start       ] GC(521) Pause Young (Mixed) (G1 Evacuation Pause)
[4922.930s][info][gc,task        ] GC(521) Using 8 workers of 8 for evacuation
[4923.101s][info][gc,phases      ] GC(521)   Pre Evacuate Collection Set: 0.29ms
[4923.101s][info][gc,phases      ] GC(521)   Merge Heap Roots: 0.76ms
[4923.101s][info][gc,phases      ] GC(521)   Evacuate Collection Set: 168.01ms
[4923.101s][info][gc,phases      ] GC(521)   Post Evacuate Collection Set: 1.41ms
[4923.101s][info][gc,phases      ] GC(521)   Other: 0.08ms
[4923.101s][info][gc,heap        ] GC(521) Eden regions: 660->0(666)
[4923.101s][info][gc,heap        ] GC(521) Survivor regions: 52->52(89)
[4923.101s][info][gc,heap        ] GC(521) Old regions: 257->220
[4923.101s][info][gc,heap        ] GC(521) Humongous regions: 32->32
[4923.101s][info][gc,metaspace   ] GC(521) Metaspace: 29961K(30464K)->29961K(30464K) NonClass: 26564K(26816K)->26564K(26816K) Class: 3397K(3648K)->3397K(3648K)
[4923.101s][info][gc             ] GC(521) Pause Young (Mixed) (G1 Evacuation Pause) 7979M->2405M(10240M) 170.708ms
[4923.101s][info][gc,cpu         ] GC(521) User=1.34s Sys=0.00s Real=0.17s
......[4928.351s][info][gc,start       ] GC(522) Pause Young (Mixed) (G1 Evacuation Pause)
[4928.351s][info][gc,task        ] GC(522) Using 8 workers of 8 for evacuation
[4928.518s][info][gc,phases      ] GC(522)   Pre Evacuate Collection Set: 0.33ms
[4928.518s][info][gc,phases      ] GC(522)   Merge Heap Roots: 0.87ms
[4928.518s][info][gc,phases      ] GC(522)   Evacuate Collection Set: 164.53ms
[4928.518s][info][gc,phases      ] GC(522)   Post Evacuate Collection Set: 1.34ms
[4928.518s][info][gc,phases      ] GC(522)   Other: 0.08ms
[4928.518s][info][gc,heap        ] GC(522) Eden regions: 667->0(690)
[4928.518s][info][gc,heap        ] GC(522) Survivor regions: 52->51(90)
[4928.518s][info][gc,heap        ] GC(522) Old regions: 220->184
[4928.518s][info][gc,heap        ] GC(522) Humongous regions: 32->32
[4928.518s][info][gc,metaspace   ] GC(522) Metaspace: 29961K(30464K)->29961K(30464K) NonClass: 26564K(26816K)->26564K(26816K) Class: 3397K(3648K)->3397K(3648K)
[4928.518s][info][gc             ] GC(522) Pause Young (Mixed) (G1 Evacuation Pause) 7741M->2108M(10240M) 167.314ms
[4928.518s][info][gc,cpu         ] GC(522) User=1.32s Sys=0.00s Real=0.17s
.....[4933.909s][info][gc,start       ] GC(523) Pause Young (Mixed) (G1 Evacuation Pause)
[4933.909s][info][gc,task        ] GC(523) Using 8 workers of 8 for evacuation
[4934.084s][info][gc,phases      ] GC(523)   Pre Evacuate Collection Set: 0.30ms
[4934.084s][info][gc,phases      ] GC(523)   Merge Heap Roots: 0.88ms
[4934.084s][info][gc,phases      ] GC(523)   Evacuate Collection Set: 172.47ms
[4934.084s][info][gc,phases      ] GC(523)   Post Evacuate Collection Set: 1.30ms
[4934.084s][info][gc,phases      ] GC(523)   Other: 0.07ms
[4934.084s][info][gc,heap        ] GC(523) Eden regions: 698->0(716)
[4934.084s][info][gc,heap        ] GC(523) Survivor regions: 51->52(94)
[4934.084s][info][gc,heap        ] GC(523) Old regions: 184->158
[4934.084s][info][gc,heap        ] GC(523) Humongous regions: 32->32
[4934.084s][info][gc,metaspace   ] GC(523) Metaspace: 29961K(30464K)->29961K(30464K) NonClass: 26564K(26816K)->26564K(26816K) Class: 3397K(3648K)->3397K(3648K)
[4934.084s][info][gc             ] GC(523) Pause Young (Mixed) (G1 Evacuation Pause) 7692M->1904M(10240M) 175.156ms
[4934.084s][info][gc,cpu         ] GC(523) User=1.38s Sys=0.00s Real=0.17s
......[4939.578s][info][gc,start       ] GC(524) Pause Young (Normal) (G1 Evacuation Pause)
[4939.578s][info][gc,task        ] GC(524) Using 8 workers of 8 for evacuation
[4939.746s][info][gc,phases      ] GC(524)   Pre Evacuate Collection Set: 0.28ms
[4939.746s][info][gc,phases      ] GC(524)   Merge Heap Roots: 0.57ms
[4939.746s][info][gc,phases      ] GC(524)   Evacuate Collection Set: 166.04ms
[4939.746s][info][gc,phases      ] GC(524)   Post Evacuate Collection Set: 1.24ms
[4939.746s][info][gc,phases      ] GC(524)   Other: 0.07ms
[4939.746s][info][gc,heap        ] GC(524) Eden regions: 716->0(716)
[4939.746s][info][gc,heap        ] GC(524) Survivor regions: 52->52(96)
[4939.746s][info][gc,heap        ] GC(524) Old regions: 158->160
[4939.746s][info][gc,heap        ] GC(524) Humongous regions: 32->32
[4939.746s][info][gc,metaspace   ] GC(524) Metaspace: 29961K(30464K)->29961K(30464K) NonClass: 26564K(26816K)->26564K(26816K) Class: 3397K(3648K)->3397K(3648K)
[4939.746s][info][gc             ] GC(524) Pause Young (Normal) (G1 Evacuation Pause) 7632M->1929M(10240M) 168.360ms
[4939.747s][info][gc,cpu         ] GC(524) User=1.32s Sys=0.00s Real=0.17s
.....[4945.171s][info][gc,start       ] GC(525) Pause Young (Normal) (G1 Evacuation Pause)
[4945.171s][info][gc,task        ] GC(525) Using 8 workers of 8 for evacuation
[4945.337s][info][gc,phases      ] GC(525)   Pre Evacuate Collection Set: 0.30ms
[4945.337s][info][gc,phases      ] GC(525)   Merge Heap Roots: 0.55ms
[4945.337s][info][gc,phases      ] GC(525)   Evacuate Collection Set: 163.91ms
[4945.337s][info][gc,phases      ] GC(525)   Post Evacuate Collection Set: 1.25ms
[4945.337s][info][gc,phases      ] GC(525)   Other: 0.06ms
[4945.337s][info][gc,heap        ] GC(525) Eden regions: 716->0(717)
[4945.337s][info][gc,heap        ] GC(525) Survivor regions: 52->51(96)
[4945.337s][info][gc,heap        ] GC(525) Old regions: 160->163
[4945.337s][info][gc,heap        ] GC(525) Humongous regions: 32->32
[4945.337s][info][gc,metaspace   ] GC(525) Metaspace: 29961K(30464K)->29961K(30464K) NonClass: 26564K(26816K)->26564K(26816K) Class: 3397K(3648K)->3397K(3648K)
[4945.337s][info][gc             ] GC(525) Pause Young (Normal) (G1 Evacuation Pause) 7657M->1941M(10240M) 166.201ms
[4945.337s][info][gc,cpu         ] GC(525) User=1.30s Sys=0.01s Real=0.17s
......[4950.890s][info][gc,start       ] GC(526) Pause Young (Normal) (G1 Evacuation Pause)
[4950.890s][info][gc,task        ] GC(526) Using 8 workers of 8 for evacuation
[4951.058s][info][gc,phases      ] GC(526)   Pre Evacuate Collection Set: 0.30ms
[4951.058s][info][gc,phases      ] GC(526)   Merge Heap Roots: 0.57ms
[4951.058s][info][gc,phases      ] GC(526)   Evacuate Collection Set: 165.04ms
[4951.058s][info][gc,phases      ] GC(526)   Post Evacuate Collection Set: 1.25ms
[4951.058s][info][gc,phases      ] GC(526)   Other: 0.08ms
[4951.058s][info][gc,heap        ] GC(526) Eden regions: 717->0(716)
[4951.058s][info][gc,heap        ] GC(526) Survivor regions: 51->52(96)
[4951.058s][info][gc,heap        ] GC(526) Old regions: 163->165
[4951.058s][info][gc,heap        ] GC(526) Humongous regions: 32->32
[4951.058s][info][gc,metaspace   ] GC(526) Metaspace: 29961K(30464K)->29961K(30464K) NonClass: 26564K(26816K)->26564K(26816K) Class: 3397K(3648K)->3397K(3648K)
[4951.058s][info][gc             ] GC(526) Pause Young (Normal) (G1 Evacuation Pause) 7677M->1965M(10240M) 167.383ms
[4951.058s][info][gc,cpu         ] GC(526) User=1.32s Sys=0.00s Real=0.17s
......[4956.602s][info][gc,start       ] GC(527) Pause Young (Normal) (G1 Evacuation Pause)
[4956.602s][info][gc,task        ] GC(527) Using 8 workers of 8 for evacuation
[4956.773s][info][gc,phases      ] GC(527)   Pre Evacuate Collection Set: 0.32ms
[4956.773s][info][gc,phases      ] GC(527)   Merge Heap Roots: 0.65ms
[4956.773s][info][gc,phases      ] GC(527)   Evacuate Collection Set: 167.92ms
[4956.773s][info][gc,phases      ] GC(527)   Post Evacuate Collection Set: 1.25ms
[4956.773s][info][gc,phases      ] GC(527)   Other: 0.07ms
[4956.773s][info][gc,heap        ] GC(527) Eden regions: 716->0(716)
[4956.773s][info][gc,heap        ] GC(527) Survivor regions: 52->52(96)
[4956.773s][info][gc,heap        ] GC(527) Old regions: 165->168
[4956.773s][info][gc,heap        ] GC(527) Humongous regions: 32->32
[4956.773s][info][gc,metaspace   ] GC(527) Metaspace: 29961K(30464K)->29961K(30464K) NonClass: 26564K(26816K)->26564K(26816K) Class: 3397K(3648K)->3397K(3648K)
[4956.773s][info][gc             ] GC(527) Pause Young (Normal) (G1 Evacuation Pause) 7693M->1989M(10240M) 170.332ms
[4956.773s][info][gc,cpu         ] GC(527) User=1.34s Sys=0.00s Real=0.17s
.....[4962.304s][info][gc,start       ] GC(528) Pause Young (Normal) (G1 Evacuation Pause)
[4962.304s][info][gc,task        ] GC(528) Using 8 workers of 8 for evacuation
[4962.469s][info][gc,phases      ] GC(528)   Pre Evacuate Collection Set: 0.32ms
[4962.469s][info][gc,phases      ] GC(528)   Merge Heap Roots: 0.56ms
[4962.469s][info][gc,phases      ] GC(528)   Evacuate Collection Set: 163.59ms
[4962.469s][info][gc,phases      ] GC(528)   Post Evacuate Collection Set: 1.25ms
[4962.469s][info][gc,phases      ] GC(528)   Other: 0.07ms
[4962.469s][info][gc,heap        ] GC(528) Eden regions: 716->0(716)
[4962.469s][info][gc,heap        ] GC(528) Survivor regions: 52->52(96)
[4962.469s][info][gc,heap        ] GC(528) Old regions: 168->170
[4962.469s][info][gc,heap        ] GC(528) Humongous regions: 32->32
[4962.469s][info][gc,metaspace   ] GC(528) Metaspace: 29961K(30464K)->29961K(30464K) NonClass: 26564K(26816K)->26564K(26816K) Class: 3397K(3648K)->3397K(3648K)
[4962.470s][info][gc             ] GC(528) Pause Young (Normal) (G1 Evacuation Pause) 7717M->2006M(10240M) 165.937ms
[4962.470s][info][gc,cpu         ] GC(528) User=1.31s Sys=0.01s Real=0.17s
......[4968.097s][info][gc,start       ] GC(529) Pause Young (Normal) (G1 Evacuation Pause)
[4968.097s][info][gc,task        ] GC(529) Using 8 workers of 8 for evacuation
[4968.269s][info][gc,phases      ] GC(529)   Pre Evacuate Collection Set: 0.30ms
[4968.269s][info][gc,phases      ] GC(529)   Merge Heap Roots: 0.58ms
[4968.269s][info][gc,phases      ] GC(529)   Evacuate Collection Set: 169.83ms
[4968.269s][info][gc,phases      ] GC(529)   Post Evacuate Collection Set: 1.23ms
[4968.269s][info][gc,phases      ] GC(529)   Other: 0.07ms
[4968.269s][info][gc,heap        ] GC(529) Eden regions: 716->0(714)
[4968.269s][info][gc,heap        ] GC(529) Survivor regions: 52->54(96)
[4968.269s][info][gc,heap        ] GC(529) Old regions: 170->173
[4968.269s][info][gc,heap        ] GC(529) Humongous regions: 32->32
[4968.269s][info][gc,metaspace   ] GC(529) Metaspace: 29961K(30464K)->29961K(30464K) NonClass: 26564K(26816K)->26564K(26816K) Class: 3397K(3648K)->3397K(3648K)
[4968.269s][info][gc             ] GC(529) Pause Young (Normal) (G1 Evacuation Pause) 7734M->2041M(10240M) 172.141ms
[4968.269s][info][gc,cpu         ] GC(529) User=1.36s Sys=0.00s Real=0.17s
... (rIR:aIR:PR = 8441:8375:8375) (tPR = 124162) [OK] 
  4970s: Performance info:
         Transaction,    Success,    Partial,     Failed,   Receipts, AvgBarcode, 
             Overall,     505109,          0,          0,     479558,      59.47, 
         Response times:
             Request,    Success,    Partial,     Failed,   SkipFail,     Probes,    Samples,      min,      p50,      p90,      p95,      p99,      max, 
       TotalPurchase,     479558,          0,          0,          0,     358734,     429179,      300,     5900,    14000,    34000,    98000,   446000,
     InStorePurchase,     251800,          0,          0,          0,     188379,     225319,      300,     5800,    13800,    34000,    97000,   444000,
      OnlinePurchase,     176485,          0,          0,          0,     132467,     158276,      300,     5900,    14300,    37000,    99000,   446000,
        InstPurchase,      51273,          0,          0,          0,      37888,      45584,      500,     6000,    14250,    33000,    97150,   445000,
          AssocOfCat,        510,          0,          0,          0,        431,        619,    28000,    47000,    68000,    89000,   201000,   235000,
      AssocOfProduct,       5128,          0,          0,          0,       3635,       4516,      600,     6000,    15500,    37000,    94000,   446000,
      BusinessReport,       1263,          0,          0,          0,       1127,       1472,    30000,    57000,    79700,   114000,   223270,   369000,
          CustBuyBeh,       5024,          0,          0,          0,       3578,       4560,      300,     5600,    13500,    41000,   106000,   351000,
       ProductReturn,      13627,          0,          0,          0,       9383,      11555,      200,     5700,    13900,    41000,    94440,   346000,

  4970s: (62%)   IR =   8579 ...[4973.858s][info][gc,start       ] GC(530) Pause Young (Normal) (G1 Evacuation Pause)
[4973.858s][info][gc,task        ] GC(530) Using 8 workers of 8 for evacuation
[4974.026s][info][gc,phases      ] GC(530)   Pre Evacuate Collection Set: 0.28ms
[4974.026s][info][gc,phases      ] GC(530)   Merge Heap Roots: 0.57ms
[4974.026s][info][gc,phases      ] GC(530)   Evacuate Collection Set: 166.24ms
[4974.026s][info][gc,phases      ] GC(530)   Post Evacuate Collection Set: 1.27ms
[4974.026s][info][gc,phases      ] GC(530)   Other: 0.07ms
[4974.026s][info][gc,heap        ] GC(530) Eden regions: 714->0(716)
[4974.026s][info][gc,heap        ] GC(530) Survivor regions: 54->52(96)
[4974.026s][info][gc,heap        ] GC(530) Old regions: 173->175
[4974.026s][info][gc,heap        ] GC(530) Humongous regions: 32->32
[4974.026s][info][gc,metaspace   ] GC(530) Metaspace: 29961K(30464K)->29961K(30464K) NonClass: 26564K(26816K)->26564K(26816K) Class: 3397K(3648K)->3397K(3648K)
[4974.026s][info][gc             ] GC(530) Pause Young (Normal) (G1 Evacuation Pause) 7753M->2044M(10240M) 168.569ms
[4974.026s][info][gc,cpu         ] GC(530) User=1.33s Sys=0.00s Real=0.17s
.....|[4979.421s][info][gc,start       ] GC(531) Pause Young (Normal) (G1 Evacuation Pause)
[4979.421s][info][gc,task        ] GC(531) Using 8 workers of 8 for evacuation
[4979.589s][info][gc,phases      ] GC(531)   Pre Evacuate Collection Set: 0.28ms
[4979.589s][info][gc,phases      ] GC(531)   Merge Heap Roots: 0.67ms
[4979.589s][info][gc,phases      ] GC(531)   Evacuate Collection Set: 165.45ms
[4979.589s][info][gc,phases      ] GC(531)   Post Evacuate Collection Set: 1.27ms
[4979.589s][info][gc,phases      ] GC(531)   Other: 0.08ms
[4979.589s][info][gc,heap        ] GC(531) Eden regions: 716->0(715)
[4979.589s][info][gc,heap        ] GC(531) Survivor regions: 52->53(96)
[4979.589s][info][gc,heap        ] GC(531) Old regions: 175->178
[4979.589s][info][gc,heap        ] GC(531) Humongous regions: 32->32
[4979.589s][info][gc,metaspace   ] GC(531) Metaspace: 29961K(30464K)->29961K(30464K) NonClass: 26564K(26816K)->26564K(26816K) Class: 3397K(3648K)->3397K(3648K)
[4979.589s][info][gc             ] GC(531) Pause Young (Normal) (G1 Evacuation Pause) 7772M->2072M(10240M) 167.878ms
[4979.589s][info][gc,cpu         ] GC(531) User=1.31s Sys=0.00s Real=0.17s
......[4985.034s][info][gc,start       ] GC(532) Pause Young (Normal) (G1 Evacuation Pause)
[4985.034s][info][gc,task        ] GC(532) Using 8 workers of 8 for evacuation
[4985.209s][info][gc,phases      ] GC(532)   Pre Evacuate Collection Set: 0.29ms
[4985.209s][info][gc,phases      ] GC(532)   Merge Heap Roots: 0.65ms
[4985.209s][info][gc,phases      ] GC(532)   Evacuate Collection Set: 172.43ms
[4985.209s][info][gc,phases      ] GC(532)   Post Evacuate Collection Set: 1.25ms
[4985.209s][info][gc,phases      ] GC(532)   Other: 0.07ms
[4985.209s][info][gc,heap        ] GC(532) Eden regions: 715->0(715)
[4985.209s][info][gc,heap        ] GC(532) Survivor regions: 53->53(96)
[4985.209s][info][gc,heap        ] GC(532) Old regions: 178->180
[4985.209s][info][gc,heap        ] GC(532) Humongous regions: 32->32
[4985.209s][info][gc,metaspace   ] GC(532) Metaspace: 29961K(30464K)->29961K(30464K) NonClass: 26564K(26816K)->26564K(26816K) Class: 3397K(3648K)->3397K(3648K)
[4985.209s][info][gc             ] GC(532) Pause Young (Normal) (G1 Evacuation Pause) 7792M->2091M(10240M) 174.820ms
[4985.209s][info][gc,cpu         ] GC(532) User=1.38s Sys=0.00s Real=0.18s
......[4990.636s][info][gc,start       ] GC(533) Pause Young (Normal) (G1 Evacuation Pause)
[4990.636s][info][gc,task        ] GC(533) Using 8 workers of 8 for evacuation
[4990.809s][info][gc,phases      ] GC(533)   Pre Evacuate Collection Set: 0.27ms
[4990.809s][info][gc,phases      ] GC(533)   Merge Heap Roots: 0.58ms
[4990.809s][info][gc,phases      ] GC(533)   Evacuate Collection Set: 171.17ms
[4990.809s][info][gc,phases      ] GC(533)   Post Evacuate Collection Set: 1.24ms
[4990.809s][info][gc,phases      ] GC(533)   Other: 0.06ms
[4990.809s][info][gc,heap        ] GC(533) Eden regions: 715->0(714)
[4990.809s][info][gc,heap        ] GC(533) Survivor regions: 53->54(96)
[4990.809s][info][gc,heap        ] GC(533) Old regions: 180->183
[4990.809s][info][gc,heap        ] GC(533) Humongous regions: 32->32
[4990.810s][info][gc,metaspace   ] GC(533) Metaspace: 29961K(30464K)->29961K(30464K) NonClass: 26564K(26816K)->26564K(26816K) Class: 3397K(3648K)->3397K(3648K)
[4990.810s][info][gc             ] GC(533) Pause Young (Normal) (G1 Evacuation Pause) 7811M->2119M(10240M) 173.489ms
[4990.810s][info][gc,cpu         ] GC(533) User=1.37s Sys=0.00s Real=0.17s
.....[4996.240s][info][gc,start       ] GC(534) Pause Young (Normal) (G1 Evacuation Pause)
[4996.240s][info][gc,task        ] GC(534) Using 8 workers of 8 for evacuation
[4996.406s][info][gc,phases      ] GC(534)   Pre Evacuate Collection Set: 0.32ms
[4996.406s][info][gc,phases      ] GC(534)   Merge Heap Roots: 0.57ms
[4996.406s][info][gc,phases      ] GC(534)   Evacuate Collection Set: 164.03ms
[4996.406s][info][gc,phases      ] GC(534)   Post Evacuate Collection Set: 1.24ms
[4996.406s][info][gc,phases      ] GC(534)   Other: 0.06ms
[4996.406s][info][gc,heap        ] GC(534) Eden regions: 714->0(716)
[4996.406s][info][gc,heap        ] GC(534) Survivor regions: 54->52(96)
[4996.406s][info][gc,heap        ] GC(534) Old regions: 183->185
[4996.406s][info][gc,heap        ] GC(534) Humongous regions: 32->32
[4996.406s][info][gc,metaspace   ] GC(534) Metaspace: 29961K(30464K)->29961K(30464K) NonClass: 26564K(26816K)->26564K(26816K) Class: 3397K(3648K)->3397K(3648K)
[4996.406s][info][gc             ] GC(534) Pause Young (Normal) (G1 Evacuation Pause) 7831M->2128M(10240M) 166.349ms
[4996.406s][info][gc,cpu         ] GC(534) User=1.31s Sys=0.00s Real=0.17s
......[5001.816s][info][gc,start       ] GC(535) Pause Young (Normal) (G1 Evacuation Pause)
[5001.816s][info][gc,task        ] GC(535) Using 8 workers of 8 for evacuation
[5001.986s][info][gc,phases      ] GC(535)   Pre Evacuate Collection Set: 0.29ms
[5001.986s][info][gc,phases      ] GC(535)   Merge Heap Roots: 0.57ms
[5001.986s][info][gc,phases      ] GC(535)   Evacuate Collection Set: 168.35ms
[5001.986s][info][gc,phases      ] GC(535)   Post Evacuate Collection Set: 1.28ms
[5001.986s][info][gc,phases      ] GC(535)   Other: 0.07ms
[5001.986s][info][gc,heap        ] GC(535) Eden regions: 716->0(715)
[5001.986s][info][gc,heap        ] GC(535) Survivor regions: 52->53(96)
[5001.986s][info][gc,heap        ] GC(535) Old regions: 185->188
[5001.986s][info][gc,heap        ] GC(535) Humongous regions: 32->32
[5001.986s][info][gc,metaspace   ] GC(535) Metaspace: 29961K(30464K)->29961K(30464K) NonClass: 26564K(26816K)->26564K(26816K) Class: 3397K(3648K)->3397K(3648K)
[5001.986s][info][gc             ] GC(535) Pause Young (Normal) (G1 Evacuation Pause) 7856M->2153M(10240M) 170.701ms
[5001.986s][info][gc,cpu         ] GC(535) User=1.35s Sys=0.00s Real=0.17s
.....[5007.374s][info][gc,start       ] GC(536) Pause Young (Normal) (G1 Evacuation Pause)
[5007.374s][info][gc,task        ] GC(536) Using 8 workers of 8 for evacuation
[5007.540s][info][gc,phases      ] GC(536)   Pre Evacuate Collection Set: 0.30ms
[5007.540s][info][gc,phases      ] GC(536)   Merge Heap Roots: 0.59ms
[5007.540s][info][gc,phases      ] GC(536)   Evacuate Collection Set: 163.68ms
[5007.540s][info][gc,phases      ] GC(536)   Post Evacuate Collection Set: 1.32ms
[5007.540s][info][gc,phases      ] GC(536)   Other: 0.07ms
[5007.540s][info][gc,heap        ] GC(536) Eden regions: 715->0(717)
[5007.540s][info][gc,heap        ] GC(536) Survivor regions: 53->51(96)
[5007.540s][info][gc,heap        ] GC(536) Old regions: 188->190
[5007.540s][info][gc,heap        ] GC(536) Humongous regions: 32->32
[5007.540s][info][gc,metaspace   ] GC(536) Metaspace: 29961K(30464K)->29961K(30464K) NonClass: 26564K(26816K)->26564K(26816K) Class: 3397K(3648K)->3397K(3648K)
[5007.540s][info][gc             ] GC(536) Pause Young (Normal) (G1 Evacuation Pause) 7873M->2162M(10240M) 166.105ms
[5007.540s][info][gc,cpu         ] GC(536) User=1.31s Sys=0.00s Real=0.17s
......[5012.966s][info][gc,start       ] GC(537) Pause Young (Normal) (G1 Evacuation Pause)
[5012.966s][info][gc,task        ] GC(537) Using 8 workers of 8 for evacuation
[5013.136s][info][gc,phases      ] GC(537)   Pre Evacuate Collection Set: 0.30ms
[5013.136s][info][gc,phases      ] GC(537)   Merge Heap Roots: 0.55ms
[5013.137s][info][gc,phases      ] GC(537)   Evacuate Collection Set: 167.90ms
[5013.137s][info][gc,phases      ] GC(537)   Post Evacuate Collection Set: 1.22ms
[5013.137s][info][gc,phases      ] GC(537)   Other: 0.08ms
[5013.137s][info][gc,heap        ] GC(537) Eden regions: 717->0(715)
[5013.137s][info][gc,heap        ] GC(537) Survivor regions: 51->53(96)
[5013.137s][info][gc,heap        ] GC(537) Old regions: 190->193
[5013.137s][info][gc,heap        ] GC(537) Humongous regions: 32->32
[5013.137s][info][gc,metaspace   ] GC(537) Metaspace: 29961K(30464K)->29961K(30464K) NonClass: 26564K(26816K)->26564K(26816K) Class: 3397K(3648K)->3397K(3648K)
[5013.137s][info][gc             ] GC(537) Pause Young (Normal) (G1 Evacuation Pause) 7898M->2193M(10240M) 170.185ms
[5013.137s][info][gc,cpu         ] GC(537) User=1.34s Sys=0.00s Real=0.17s
.....[5018.482s][info][gc,start       ] GC(538) Pause Young (Normal) (G1 Evacuation Pause)
[5018.482s][info][gc,task        ] GC(538) Using 8 workers of 8 for evacuation
[5018.647s][info][gc,phases      ] GC(538)   Pre Evacuate Collection Set: 0.32ms
[5018.647s][info][gc,phases      ] GC(538)   Merge Heap Roots: 0.56ms
[5018.647s][info][gc,phases      ] GC(538)   Evacuate Collection Set: 163.18ms
[5018.647s][info][gc,phases      ] GC(538)   Post Evacuate Collection Set: 1.28ms
[5018.647s][info][gc,phases      ] GC(538)   Other: 0.07ms
[5018.647s][info][gc,heap        ] GC(538) Eden regions: 715->0(717)
[5018.647s][info][gc,heap        ] GC(538) Survivor regions: 53->51(96)
[5018.647s][info][gc,heap        ] GC(538) Old regions: 193->195
[5018.647s][info][gc,heap        ] GC(538) Humongous regions: 32->32
[5018.647s][info][gc,metaspace   ] GC(538) Metaspace: 29961K(30464K)->29961K(30464K) NonClass: 26564K(26816K)->26564K(26816K) Class: 3397K(3648K)->3397K(3648K)
[5018.647s][info][gc             ] GC(538) Pause Young (Normal) (G1 Evacuation Pause) 7913M->2200M(10240M) 165.561ms
[5018.647s][info][gc,cpu         ] GC(538) User=1.30s Sys=0.00s Real=0.17s
......[5024.113s][info][gc,start       ] GC(539) Pause Young (Normal) (G1 Evacuation Pause)
[5024.114s][info][gc,task        ] GC(539) Using 8 workers of 8 for evacuation
[5024.284s][info][gc,phases      ] GC(539)   Pre Evacuate Collection Set: 0.31ms
[5024.284s][info][gc,phases      ] GC(539)   Merge Heap Roots: 0.58ms
[5024.284s][info][gc,phases      ] GC(539)   Evacuate Collection Set: 167.99ms
[5024.284s][info][gc,phases      ] GC(539)   Post Evacuate Collection Set: 1.24ms
[5024.284s][info][gc,phases      ] GC(539)   Other: 0.06ms
[5024.284s][info][gc,heap        ] GC(539) Eden regions: 717->0(715)
[5024.284s][info][gc,heap        ] GC(539) Survivor regions: 51->53(96)
[5024.284s][info][gc,heap        ] GC(539) Old regions: 195->198
[5024.284s][info][gc,heap        ] GC(539) Humongous regions: 32->32
[5024.284s][info][gc,metaspace   ] GC(539) Metaspace: 29961K(30464K)->29961K(30464K) NonClass: 26564K(26816K)->26564K(26816K) Class: 3397K(3648K)->3397K(3648K)
[5024.284s][info][gc             ] GC(539) Pause Young (Normal) (G1 Evacuation Pause) 7936M->2231M(10240M) 170.310ms
[5024.284s][info][gc,cpu         ] GC(539) User=1.34s Sys=0.00s Real=0.17s
......[5029.811s][info][gc,start       ] GC(540) Pause Young (Normal) (G1 Evacuation Pause)
[5029.811s][info][gc,task        ] GC(540) Using 8 workers of 8 for evacuation
[5029.977s][info][gc,phases      ] GC(540)   Pre Evacuate Collection Set: 0.30ms
[5029.977s][info][gc,phases      ] GC(540)   Merge Heap Roots: 0.60ms
[5029.977s][info][gc,phases      ] GC(540)   Evacuate Collection Set: 163.49ms
[5029.977s][info][gc,phases      ] GC(540)   Post Evacuate Collection Set: 1.27ms
[5029.977s][info][gc,phases      ] GC(540)   Other: 0.07ms
[5029.977s][info][gc,heap        ] GC(540) Eden regions: 715->0(716)
[5029.977s][info][gc,heap        ] GC(540) Survivor regions: 53->52(96)
[5029.977s][info][gc,heap        ] GC(540) Old regions: 198->200
[5029.977s][info][gc,heap        ] GC(540) Humongous regions: 32->32
[5029.977s][info][gc,metaspace   ] GC(540) Metaspace: 29961K(30464K)->29961K(30464K) NonClass: 26564K(26816K)->26564K(26816K) Class: 3397K(3648K)->3397K(3648K)
[5029.977s][info][gc             ] GC(540) Pause Young (Normal) (G1 Evacuation Pause) 7951M->2243M(10240M) 165.876ms
[5029.977s][info][gc,cpu         ] GC(540) User=1.31s Sys=0.01s Real=0.17s
.....[5035.439s][info][gc,start       ] GC(541) Pause Young (Normal) (G1 Evacuation Pause)
[5035.439s][info][gc,task        ] GC(541) Using 8 workers of 8 for evacuation
[5035.606s][info][gc,phases      ] GC(541)   Pre Evacuate Collection Set: 0.30ms
[5035.606s][info][gc,phases      ] GC(541)   Merge Heap Roots: 0.72ms
[5035.606s][info][gc,phases      ] GC(541)   Evacuate Collection Set: 164.74ms
[5035.606s][info][gc,phases      ] GC(541)   Post Evacuate Collection Set: 1.24ms
[5035.606s][info][gc,phases      ] GC(541)   Other: 0.07ms
[5035.606s][info][gc,heap        ] GC(541) Eden regions: 716->0(716)
[5035.606s][info][gc,heap        ] GC(541) Survivor regions: 52->52(96)
[5035.606s][info][gc,heap        ] GC(541) Old regions: 200->202
[5035.606s][info][gc,heap        ] GC(541) Humongous regions: 32->32
[5035.606s][info][gc,metaspace   ] GC(541) Metaspace: 29961K(30464K)->29961K(30464K) NonClass: 26564K(26816K)->26564K(26816K) Class: 3397K(3648K)->3397K(3648K)
[5035.606s][info][gc             ] GC(541) Pause Young (Normal) (G1 Evacuation Pause) 7971M->2267M(10240M) 167.227ms
[5035.606s][info][gc,cpu         ] GC(541) User=1.32s Sys=0.00s Real=0.17s
.... (rIR:aIR:PR = 8579:8584:8584) (tPR = 126769) [OK] 
  5038s: Performance info:
         Transaction,    Success,    Partial,     Failed,   Receipts, AvgBarcode, 
             Overall,     515574,          0,          0,     489954,      59.48, 
         Response times:
             Request,    Success,    Partial,     Failed,   SkipFail,     Probes,    Samples,      min,      p50,      p90,      p95,      p99,      max, 
       TotalPurchase,     489956,          0,          0,          0,     357225,     409489,      300,     6100,    14700,    36000,   114000,   474000,
     InStorePurchase,     259146,          0,          0,          0,     187422,     214911,      300,     6000,    14700,    38000,   114000,   474000,
      OnlinePurchase,     179610,          0,          0,          0,     131607,     150565,      400,     6100,    14800,    36000,   113000,   473000,
        InstPurchase,      51200,          0,          0,          0,      38196,      44013,      500,     6300,    14700,    36000,   114000,   472000,
          AssocOfCat,        512,          0,          0,          0,        433,        630,    30000,    50000,    72000,    94000,   227380,   229000,
      AssocOfProduct,       5177,          0,          0,          0,       3670,       4449,      800,     5900,    13000,    36000,   113500,   189000,
      BusinessReport,       1290,          0,          0,          0,       1133,       1406,    32000,    59000,    86000,   113000,   223000,   298000,
          CustBuyBeh,       5110,          0,          0,          0,       3697,       4411,      300,     5800,    14900,    42400,   125000,   182000,
       ProductReturn,      13533,          0,          0,          0,       9635,      11318,      200,     5800,    14500,    38000,   114000,   448000,

  5038s: (63%)   IR =   8717 ..[5041.032s][info][gc,start       ] GC(542) Pause Young (Normal) (G1 Evacuation Pause)
[5041.032s][info][gc,task        ] GC(542) Using 8 workers of 8 for evacuation
[5041.209s][info][gc,phases      ] GC(542)   Pre Evacuate Collection Set: 0.29ms
[5041.209s][info][gc,phases      ] GC(542)   Merge Heap Roots: 0.64ms
[5041.209s][info][gc,phases      ] GC(542)   Evacuate Collection Set: 174.90ms
[5041.209s][info][gc,phases      ] GC(542)   Post Evacuate Collection Set: 1.26ms
[5041.209s][info][gc,phases      ] GC(542)   Other: 0.08ms
[5041.209s][info][gc,heap        ] GC(542) Eden regions: 716->0(714)
[5041.209s][info][gc,heap        ] GC(542) Survivor regions: 52->54(96)
[5041.209s][info][gc,heap        ] GC(542) Old regions: 202->205
[5041.209s][info][gc,heap        ] GC(542) Humongous regions: 32->32
[5041.209s][info][gc,metaspace   ] GC(542) Metaspace: 29961K(30464K)->29961K(30464K) NonClass: 26564K(26816K)->26564K(26816K) Class: 3397K(3648K)->3397K(3648K)
[5041.210s][info][gc             ] GC(542) Pause Young (Normal) (G1 Evacuation Pause) 7995M->2302M(10240M) 177.322ms
[5041.210s][info][gc,cpu         ] GC(542) User=1.40s Sys=0.00s Real=0.18s
.....|[5046.500s][info][gc,start       ] GC(543) Pause Young (Normal) (G1 Evacuation Pause)
[5046.500s][info][gc,task        ] GC(543) Using 8 workers of 8 for evacuation
[5046.668s][info][gc,phases      ] GC(543)   Pre Evacuate Collection Set: 0.31ms
[5046.668s][info][gc,phases      ] GC(543)   Merge Heap Roots: 0.58ms
[5046.668s][info][gc,phases      ] GC(543)   Evacuate Collection Set: 165.68ms
[5046.668s][info][gc,phases      ] GC(543)   Post Evacuate Collection Set: 1.32ms
[5046.668s][info][gc,phases      ] GC(543)   Other: 0.06ms
[5046.668s][info][gc,heap        ] GC(543) Eden regions: 714->0(716)
[5046.668s][info][gc,heap        ] GC(543) Survivor regions: 54->52(96)
[5046.668s][info][gc,heap        ] GC(543) Old regions: 205->207
[5046.668s][info][gc,heap        ] GC(543) Humongous regions: 32->32
[5046.668s][info][gc,metaspace   ] GC(543) Metaspace: 29961K(30464K)->29961K(30464K) NonClass: 26564K(26816K)->26564K(26816K) Class: 3397K(3648K)->3397K(3648K)
[5046.668s][info][gc             ] GC(543) Pause Young (Normal) (G1 Evacuation Pause) 8014M->2306M(10240M) 168.091ms
[5046.668s][info][gc,cpu         ] GC(543) User=1.32s Sys=0.01s Real=0.17s
......[5052.058s][info][gc,start       ] GC(544) Pause Young (Normal) (G1 Evacuation Pause)
[5052.058s][info][gc,task        ] GC(544) Using 8 workers of 8 for evacuation
[5052.227s][info][gc,phases      ] GC(544)   Pre Evacuate Collection Set: 0.29ms
[5052.227s][info][gc,phases      ] GC(544)   Merge Heap Roots: 0.62ms
[5052.227s][info][gc,phases      ] GC(544)   Evacuate Collection Set: 166.29ms
[5052.227s][info][gc,phases      ] GC(544)   Post Evacuate Collection Set: 1.26ms
[5052.227s][info][gc,phases      ] GC(544)   Other: 0.07ms
[5052.227s][info][gc,heap        ] GC(544) Eden regions: 716->0(716)
[5052.227s][info][gc,heap        ] GC(544) Survivor regions: 52->52(96)
[5052.227s][info][gc,heap        ] GC(544) Old regions: 207->210
[5052.227s][info][gc,heap        ] GC(544) Humongous regions: 32->32
[5052.227s][info][gc,metaspace   ] GC(544) Metaspace: 29961K(30464K)->29961K(30464K) NonClass: 26564K(26816K)->26564K(26816K) Class: 3397K(3648K)->3397K(3648K)
[5052.227s][info][gc             ] GC(544) Pause Young (Normal) (G1 Evacuation Pause) 8034M->2326M(10240M) 168.664ms
[5052.227s][info][gc,cpu         ] GC(544) User=1.33s Sys=0.00s Real=0.17s
.....[5057.595s][info][gc,start       ] GC(545) Pause Young (Normal) (G1 Evacuation Pause)
[5057.595s][info][gc,task        ] GC(545) Using 8 workers of 8 for evacuation
[5057.761s][info][gc,phases      ] GC(545)   Pre Evacuate Collection Set: 0.29ms
[5057.761s][info][gc,phases      ] GC(545)   Merge Heap Roots: 0.60ms
[5057.761s][info][gc,phases      ] GC(545)   Evacuate Collection Set: 163.94ms
[5057.761s][info][gc,phases      ] GC(545)   Post Evacuate Collection Set: 1.26ms
[5057.761s][info][gc,phases      ] GC(545)   Other: 0.07ms
[5057.761s][info][gc,heap        ] GC(545) Eden regions: 716->0(717)
[5057.761s][info][gc,heap        ] GC(545) Survivor regions: 52->51(96)
[5057.761s][info][gc,heap        ] GC(545) Old regions: 210->212
[5057.761s][info][gc,heap        ] GC(545) Humongous regions: 32->32
[5057.761s][info][gc,metaspace   ] GC(545) Metaspace: 29961K(30464K)->29961K(30464K) NonClass: 26564K(26816K)->26564K(26816K) Class: 3397K(3648K)->3397K(3648K)
[5057.761s][info][gc             ] GC(545) Pause Young (Normal) (G1 Evacuation Pause) 8054M->2338M(10240M) 166.321ms
[5057.761s][info][gc,cpu         ] GC(545) User=1.31s Sys=0.00s Real=0.16s
......[5063.067s][info][gc,start       ] GC(546) Pause Young (Normal) (G1 Evacuation Pause)
[5063.067s][info][gc,task        ] GC(546) Using 8 workers of 8 for evacuation
[5063.240s][info][gc,phases      ] GC(546)   Pre Evacuate Collection Set: 0.29ms
[5063.240s][info][gc,phases      ] GC(546)   Merge Heap Roots: 0.61ms
[5063.240s][info][gc,phases      ] GC(546)   Evacuate Collection Set: 171.36ms
[5063.240s][info][gc,phases      ] GC(546)   Post Evacuate Collection Set: 1.25ms
[5063.240s][info][gc,phases      ] GC(546)   Other: 0.07ms
[5063.240s][info][gc,heap        ] GC(546) Eden regions: 717->0(714)
[5063.240s][info][gc,heap        ] GC(546) Survivor regions: 51->54(96)
[5063.240s][info][gc,heap        ] GC(546) Old regions: 212->215
[5063.240s][info][gc,heap        ] GC(546) Humongous regions: 32->32
[5063.240s][info][gc,metaspace   ] GC(546) Metaspace: 29961K(30464K)->29961K(30464K) NonClass: 26564K(26816K)->26564K(26816K) Class: 3397K(3648K)->3397K(3648K)
[5063.240s][info][gc             ] GC(546) Pause Young (Normal) (G1 Evacuation Pause) 8074M->2382M(10240M) 173.731ms
[5063.240s][info][gc,cpu         ] GC(546) User=1.37s Sys=0.00s Real=0.17s
.....[5068.544s][info][gc,start       ] GC(547) Pause Young (Normal) (G1 Evacuation Pause)
[5068.544s][info][gc,task        ] GC(547) Using 8 workers of 8 for evacuation
[5068.712s][info][gc,phases      ] GC(547)   Pre Evacuate Collection Set: 0.29ms
[5068.712s][info][gc,phases      ] GC(547)   Merge Heap Roots: 0.56ms
[5068.712s][info][gc,phases      ] GC(547)   Evacuate Collection Set: 165.98ms
[5068.712s][info][gc,phases      ] GC(547)   Post Evacuate Collection Set: 1.26ms
[5068.712s][info][gc,phases      ] GC(547)   Other: 0.06ms
[5068.712s][info][gc,heap        ] GC(547) Eden regions: 714->0(716)
[5068.712s][info][gc,heap        ] GC(547) Survivor regions: 54->52(96)
[5068.712s][info][gc,heap        ] GC(547) Old regions: 215->217
[5068.712s][info][gc,heap        ] GC(547) Humongous regions: 32->32
[5068.712s][info][gc,metaspace   ] GC(547) Metaspace: 29961K(30464K)->29961K(30464K) NonClass: 26564K(26816K)->26564K(26816K) Class: 3397K(3648K)->3397K(3648K)
[5068.712s][info][gc             ] GC(547) Pause Young (Normal) (G1 Evacuation Pause) 8094M->2381M(10240M) 168.284ms
[5068.712s][info][gc,cpu         ] GC(547) User=1.32s Sys=0.00s Real=0.17s
......[5074.139s][info][gc,start       ] GC(548) Pause Young (Normal) (G1 Evacuation Pause)
[5074.139s][info][gc,task        ] GC(548) Using 8 workers of 8 for evacuation
[5074.307s][info][gc,phases      ] GC(548)   Pre Evacuate Collection Set: 0.28ms
[5074.307s][info][gc,phases      ] GC(548)   Merge Heap Roots: 0.57ms
[5074.307s][info][gc,phases      ] GC(548)   Evacuate Collection Set: 165.81ms
[5074.307s][info][gc,phases      ] GC(548)   Post Evacuate Collection Set: 1.31ms
[5074.307s][info][gc,phases      ] GC(548)   Other: 0.08ms
[5074.307s][info][gc,heap        ] GC(548) Eden regions: 716->0(716)
[5074.307s][info][gc,heap        ] GC(548) Survivor regions: 52->52(96)
[5074.307s][info][gc,heap        ] GC(548) Old regions: 217->220
[5074.307s][info][gc,heap        ] GC(548) Humongous regions: 32->32
[5074.307s][info][gc,metaspace   ] GC(548) Metaspace: 29961K(30464K)->29961K(30464K) NonClass: 26564K(26816K)->26564K(26816K) Class: 3397K(3648K)->3397K(3648K)
[5074.307s][info][gc             ] GC(548) Pause Young (Normal) (G1 Evacuation Pause) 8109M->2402M(10240M) 168.199ms
[5074.307s][info][gc,cpu         ] GC(548) User=1.32s Sys=0.00s Real=0.17s
.....[5079.691s][info][gc,start       ] GC(549) Pause Young (Normal) (G1 Evacuation Pause)
[5079.691s][info][gc,task        ] GC(549) Using 8 workers of 8 for evacuation
[5079.858s][info][gc,phases      ] GC(549)   Pre Evacuate Collection Set: 0.29ms
[5079.858s][info][gc,phases      ] GC(549)   Merge Heap Roots: 0.57ms
[5079.858s][info][gc,phases      ] GC(549)   Evacuate Collection Set: 164.49ms
[5079.858s][info][gc,phases      ] GC(549)   Post Evacuate Collection Set: 1.32ms
[5079.858s][info][gc,phases      ] GC(549)   Other: 0.07ms
[5079.858s][info][gc,heap        ] GC(549) Eden regions: 716->0(717)
[5079.858s][info][gc,heap        ] GC(549) Survivor regions: 52->51(96)
[5079.858s][info][gc,heap        ] GC(549) Old regions: 220->222
[5079.858s][info][gc,heap        ] GC(549) Humongous regions: 32->32
[5079.858s][info][gc,metaspace   ] GC(549) Metaspace: 29961K(30464K)->29961K(30464K) NonClass: 26564K(26816K)->26564K(26816K) Class: 3397K(3648K)->3397K(3648K)
[5079.858s][info][gc             ] GC(549) Pause Young (Normal) (G1 Evacuation Pause) 8130M->2414M(10240M) 166.896ms
[5079.858s][info][gc,cpu         ] GC(549) User=1.31s Sys=0.00s Real=0.17s
......[5085.212s][info][gc,start       ] GC(550) Pause Young (Normal) (G1 Evacuation Pause)
[5085.212s][info][gc,task        ] GC(550) Using 8 workers of 8 for evacuation
[5085.379s][info][gc,phases      ] GC(550)   Pre Evacuate Collection Set: 0.30ms
[5085.379s][info][gc,phases      ] GC(550)   Merge Heap Roots: 0.66ms
[5085.379s][info][gc,phases      ] GC(550)   Evacuate Collection Set: 164.71ms
[5085.379s][info][gc,phases      ] GC(550)   Post Evacuate Collection Set: 1.27ms
[5085.379s][info][gc,phases      ] GC(550)   Other: 0.07ms
[5085.379s][info][gc,heap        ] GC(550) Eden regions: 717->0(716)
[5085.379s][info][gc,heap        ] GC(550) Survivor regions: 51->52(96)
[5085.379s][info][gc,heap        ] GC(550) Old regions: 222->225
[5085.379s][info][gc,heap        ] GC(550) Humongous regions: 32->32
[5085.379s][info][gc,metaspace   ] GC(550) Metaspace: 29961K(30464K)->29961K(30464K) NonClass: 26564K(26816K)->26564K(26816K) Class: 3397K(3648K)->3397K(3648K)
[5085.379s][info][gc             ] GC(550) Pause Young (Normal) (G1 Evacuation Pause) 8150M->2442M(10240M) 167.138ms
[5085.379s][info][gc,cpu         ] GC(550) User=1.31s Sys=0.00s Real=0.17s
.....[5090.684s][info][gc,start       ] GC(551) Pause Young (Normal) (G1 Evacuation Pause)
[5090.684s][info][gc,task        ] GC(551) Using 8 workers of 8 for evacuation
[5090.855s][info][gc,phases      ] GC(551)   Pre Evacuate Collection Set: 0.29ms
[5090.855s][info][gc,phases      ] GC(551)   Merge Heap Roots: 0.54ms
[5090.855s][info][gc,phases      ] GC(551)   Evacuate Collection Set: 168.43ms
[5090.855s][info][gc,phases      ] GC(551)   Post Evacuate Collection Set: 1.28ms
[5090.855s][info][gc,phases      ] GC(551)   Other: 0.06ms
[5090.855s][info][gc,heap        ] GC(551) Eden regions: 716->0(715)
[5090.855s][info][gc,heap        ] GC(551) Survivor regions: 52->53(96)
[5090.855s][info][gc,heap        ] GC(551) Old regions: 225->227
[5090.855s][info][gc,heap        ] GC(551) Humongous regions: 32->32
[5090.855s][info][gc,metaspace   ] GC(551) Metaspace: 29961K(30464K)->29961K(30464K) NonClass: 26564K(26816K)->26564K(26816K) Class: 3397K(3648K)->3397K(3648K)
[5090.855s][info][gc             ] GC(551) Pause Young (Normal) (G1 Evacuation Pause) 8170M->2474M(10240M) 170.742ms
[5090.855s][info][gc,cpu         ] GC(551) User=1.34s Sys=0.00s Real=0.18s
......[5096.213s][info][gc,start       ] GC(552) Pause Young (Normal) (G1 Evacuation Pause)
[5096.213s][info][gc,task        ] GC(552) Using 8 workers of 8 for evacuation
[5096.382s][info][gc,phases      ] GC(552)   Pre Evacuate Collection Set: 0.29ms
[5096.382s][info][gc,phases      ] GC(552)   Merge Heap Roots: 0.59ms
[5096.382s][info][gc,phases      ] GC(552)   Evacuate Collection Set: 166.54ms
[5096.382s][info][gc,phases      ] GC(552)   Post Evacuate Collection Set: 1.29ms
[5096.382s][info][gc,phases      ] GC(552)   Other: 0.07ms
[5096.382s][info][gc,heap        ] GC(552) Eden regions: 715->0(716)
[5096.382s][info][gc,heap        ] GC(552) Survivor regions: 53->52(96)
[5096.382s][info][gc,heap        ] GC(552) Old regions: 227->230
[5096.382s][info][gc,heap        ] GC(552) Humongous regions: 32->32
[5096.382s][info][gc,metaspace   ] GC(552) Metaspace: 29961K(30464K)->29961K(30464K) NonClass: 26564K(26816K)->26564K(26816K) Class: 3397K(3648K)->3397K(3648K)
[5096.382s][info][gc             ] GC(552) Pause Young (Normal) (G1 Evacuation Pause) 8194M->2486M(10240M) 168.920ms
[5096.382s][info][gc,cpu         ] GC(552) User=1.33s Sys=0.00s Real=0.17s
.....[5101.772s][info][gc,start       ] GC(553) Pause Young (Normal) (G1 Evacuation Pause)
[5101.772s][info][gc,task        ] GC(553) Using 8 workers of 8 for evacuation
[5101.943s][info][gc,phases      ] GC(553)   Pre Evacuate Collection Set: 0.29ms
[5101.943s][info][gc,phases      ] GC(553)   Merge Heap Roots: 0.60ms
[5101.943s][info][gc,phases      ] GC(553)   Evacuate Collection Set: 168.95ms
[5101.943s][info][gc,phases      ] GC(553)   Post Evacuate Collection Set: 1.31ms
[5101.943s][info][gc,phases      ] GC(553)   Other: 0.08ms
[5101.943s][info][gc,heap        ] GC(553) Eden regions: 716->0(715)
[5101.943s][info][gc,heap        ] GC(553) Survivor regions: 52->53(96)
[5101.943s][info][gc,heap        ] GC(553) Old regions: 230->232
[5101.943s][info][gc,heap        ] GC(553) Humongous regions: 32->32
[5101.943s][info][gc,metaspace   ] GC(553) Metaspace: 29961K(30464K)->29961K(30464K) NonClass: 26564K(26816K)->26564K(26816K) Class: 3397K(3648K)->3397K(3648K)
[5101.943s][info][gc             ] GC(553) Pause Young (Normal) (G1 Evacuation Pause) 8214M->2511M(10240M) 171.391ms
[5101.943s][info][gc,cpu         ] GC(553) User=1.35s Sys=0.00s Real=0.17s
..... (rIR:aIR:PR = 8717:8710:8710) (tPR = 128990) [OK] 
  5105s: Performance info:
         Transaction,    Success,    Partial,     Failed,   Receipts, AvgBarcode, 
             Overall,     524350,          0,          0,     498296,      59.48, 
         Response times:
             Request,    Success,    Partial,     Failed,   SkipFail,     Probes,    Samples,      min,      p50,      p90,      p95,      p99,      max, 
       TotalPurchase,     498296,          0,          0,          0,     358700,     405172,      300,     6300,    16500,    51000,   122000,   518000,
     InStorePurchase,     262809,          0,          0,          0,     189032,     213126,      300,     6300,    16600,    54000,   121000,   517000,
      OnlinePurchase,     183146,          0,          0,          0,     131711,     148825,      300,     6300,    16100,    48000,   123000,   518000,
        InstPurchase,      52341,          0,          0,          0,      37957,      43221,      500,     6200,    16900,    50000,   121000,   504000,
          AssocOfCat,        519,          0,          0,          0,        435,        605,    30000,    48000,    72400,   121700,   213000,   299000,
      AssocOfProduct,       5251,          0,          0,          0,       3820,       4586,      600,     5800,    14600,    44000,   119000,   517000,
      BusinessReport,       1315,          0,          0,          0,       1154,       1429,    33000,    59000,    90000,   122000,   223100,   261000,
          CustBuyBeh,       5251,          0,          0,          0,       3686,       4319,      300,     6700,    16700,    56000,   113000,   363000,
       ProductReturn,      13718,          0,          0,          0,       9777,      11216,      300,     5900,    15500,    46000,   117830,   270000,

  5105s: (64%)   IR =   8856 .[5107.188s][info][gc,start       ] GC(554) Pause Young (Normal) (G1 Evacuation Pause)
[5107.188s][info][gc,task        ] GC(554) Using 8 workers of 8 for evacuation
[5107.356s][info][gc,phases      ] GC(554)   Pre Evacuate Collection Set: 0.30ms
[5107.356s][info][gc,phases      ] GC(554)   Merge Heap Roots: 0.67ms
[5107.356s][info][gc,phases      ] GC(554)   Evacuate Collection Set: 165.88ms
[5107.356s][info][gc,phases      ] GC(554)   Post Evacuate Collection Set: 1.35ms
[5107.356s][info][gc,phases      ] GC(554)   Other: 0.08ms
[5107.356s][info][gc,heap        ] GC(554) Eden regions: 715->0(716)
[5107.356s][info][gc,heap        ] GC(554) Survivor regions: 53->52(96)
[5107.356s][info][gc,heap        ] GC(554) Old regions: 232->235
[5107.356s][info][gc,heap        ] GC(554) Humongous regions: 32->32
[5107.356s][info][gc,metaspace   ] GC(554) Metaspace: 29961K(30464K)->29961K(30464K) NonClass: 26564K(26816K)->26564K(26816K) Class: 3397K(3648K)->3397K(3648K)
[5107.356s][info][gc             ] GC(554) Pause Young (Normal) (G1 Evacuation Pause) 8231M->2523M(10240M) 168.412ms
[5107.356s][info][gc,cpu         ] GC(554) User=1.33s Sys=0.00s Real=0.17s
.....[5112.626s][info][gc,start       ] GC(555) Pause Young (Normal) (G1 Evacuation Pause)
[5112.627s][info][gc,task        ] GC(555) Using 8 workers of 8 for evacuation
[5112.794s][info][gc,phases      ] GC(555)   Pre Evacuate Collection Set: 0.31ms
[5112.794s][info][gc,phases      ] GC(555)   Merge Heap Roots: 0.58ms
[5112.794s][info][gc,phases      ] GC(555)   Evacuate Collection Set: 164.95ms
[5112.794s][info][gc,phases      ] GC(555)   Post Evacuate Collection Set: 1.28ms
[5112.794s][info][gc,phases      ] GC(555)   Other: 0.08ms
[5112.794s][info][gc,heap        ] GC(555) Eden regions: 716->0(716)
[5112.794s][info][gc,heap        ] GC(555) Survivor regions: 52->52(96)
[5112.794s][info][gc,heap        ] GC(555) Old regions: 235->237
[5112.794s][info][gc,heap        ] GC(555) Humongous regions: 32->32
[5112.794s][info][gc,metaspace   ] GC(555) Metaspace: 29961K(30464K)->29961K(30464K) NonClass: 26564K(26816K)->26564K(26816K) Class: 3397K(3648K)->3397K(3648K)
[5112.794s][info][gc             ] GC(555) Pause Young (Normal) (G1 Evacuation Pause) 8251M->2543M(10240M) 167.333ms
[5112.794s][info][gc,cpu         ] GC(555) User=1.32s Sys=0.00s Real=0.16s
.|.....[5118.075s][info][gc,start       ] GC(556) Pause Young (Normal) (G1 Evacuation Pause)
[5118.075s][info][gc,task        ] GC(556) Using 8 workers of 8 for evacuation
[5118.246s][info][gc,phases      ] GC(556)   Pre Evacuate Collection Set: 0.29ms
[5118.246s][info][gc,phases      ] GC(556)   Merge Heap Roots: 0.58ms
[5118.246s][info][gc,phases      ] GC(556)   Evacuate Collection Set: 168.28ms
[5118.246s][info][gc,phases      ] GC(556)   Post Evacuate Collection Set: 1.29ms
[5118.246s][info][gc,phases      ] GC(556)   Other: 0.07ms
[5118.246s][info][gc,heap        ] GC(556) Eden regions: 716->0(715)
[5118.246s][info][gc,heap        ] GC(556) Survivor regions: 52->53(96)
[5118.246s][info][gc,heap        ] GC(556) Old regions: 237->240
[5118.246s][info][gc,heap        ] GC(556) Humongous regions: 32->32
[5118.246s][info][gc,metaspace   ] GC(556) Metaspace: 29961K(30464K)->29961K(30464K) NonClass: 26564K(26816K)->26564K(26816K) Class: 3397K(3648K)->3397K(3648K)
[5118.246s][info][gc             ] GC(556) Pause Young (Normal) (G1 Evacuation Pause) 8271M->2571M(10240M) 170.639ms
[5118.246s][info][gc,cpu         ] GC(556) User=1.34s Sys=0.00s Real=0.17s
.....[5123.421s][info][gc,start       ] GC(557) Pause Young (Normal) (G1 Evacuation Pause)
[5123.421s][info][gc,task        ] GC(557) Using 8 workers of 8 for evacuation
[5123.589s][info][gc,phases      ] GC(557)   Pre Evacuate Collection Set: 0.30ms
[5123.589s][info][gc,phases      ] GC(557)   Merge Heap Roots: 0.68ms
[5123.589s][info][gc,phases      ] GC(557)   Evacuate Collection Set: 165.55ms
[5123.589s][info][gc,phases      ] GC(557)   Post Evacuate Collection Set: 1.34ms
[5123.589s][info][gc,phases      ] GC(557)   Other: 0.08ms
[5123.589s][info][gc,heap        ] GC(557) Eden regions: 715->0(716)
[5123.589s][info][gc,heap        ] GC(557) Survivor regions: 53->52(96)
[5123.589s][info][gc,heap        ] GC(557) Old regions: 240->242
[5123.589s][info][gc,heap        ] GC(557) Humongous regions: 32->32
[5123.589s][info][gc,metaspace   ] GC(557) Metaspace: 29961K(30464K)->29961K(30464K) NonClass: 26564K(26816K)->26564K(26816K) Class: 3397K(3648K)->3397K(3648K)
[5123.589s][info][gc             ] GC(557) Pause Young (Normal) (G1 Evacuation Pause) 8291M->2583M(10240M) 168.103ms
[5123.589s][info][gc,cpu         ] GC(557) User=1.32s Sys=0.00s Real=0.17s
.....[5128.820s][info][gc,start       ] GC(558) Pause Young (Normal) (G1 Evacuation Pause)
[5128.820s][info][gc,task        ] GC(558) Using 8 workers of 8 for evacuation
[5128.987s][info][gc,phases      ] GC(558)   Pre Evacuate Collection Set: 0.29ms
[5128.987s][info][gc,phases      ] GC(558)   Merge Heap Roots: 0.58ms
[5128.987s][info][gc,phases      ] GC(558)   Evacuate Collection Set: 165.05ms
[5128.987s][info][gc,phases      ] GC(558)   Post Evacuate Collection Set: 1.27ms
[5128.987s][info][gc,phases      ] GC(558)   Other: 0.07ms
[5128.987s][info][gc,heap        ] GC(558) Eden regions: 716->0(716)
[5128.987s][info][gc,heap        ] GC(558) Survivor regions: 52->52(96)
[5128.987s][info][gc,heap        ] GC(558) Old regions: 242->245
[5128.987s][info][gc,heap        ] GC(558) Humongous regions: 32->32
[5128.987s][info][gc,metaspace   ] GC(558) Metaspace: 29961K(30464K)->29961K(30464K) NonClass: 26564K(26816K)->26564K(26816K) Class: 3397K(3648K)->3397K(3648K)
[5128.987s][info][gc             ] GC(558) Pause Young (Normal) (G1 Evacuation Pause) 8311M->2607M(10240M) 167.416ms
[5128.987s][info][gc,cpu         ] GC(558) User=1.32s Sys=0.00s Real=0.17s
......[5134.197s][info][gc,start       ] GC(559) Pause Young (Normal) (G1 Evacuation Pause)
[5134.197s][info][gc,task        ] GC(559) Using 8 workers of 8 for evacuation
[5134.364s][info][gc,phases      ] GC(559)   Pre Evacuate Collection Set: 0.28ms
[5134.364s][info][gc,phases      ] GC(559)   Merge Heap Roots: 0.64ms
[5134.364s][info][gc,phases      ] GC(559)   Evacuate Collection Set: 164.20ms
[5134.364s][info][gc,phases      ] GC(559)   Post Evacuate Collection Set: 1.28ms
[5134.364s][info][gc,phases      ] GC(559)   Other: 0.09ms
[5134.364s][info][gc,heap        ] GC(559) Eden regions: 716->0(717)
[5134.364s][info][gc,heap        ] GC(559) Survivor regions: 52->51(96)
[5134.364s][info][gc,heap        ] GC(559) Old regions: 245->248
[5134.364s][info][gc,heap        ] GC(559) Humongous regions: 32->32
[5134.364s][info][gc,metaspace   ] GC(559) Metaspace: 29961K(30464K)->29961K(30464K) NonClass: 26564K(26816K)->26564K(26816K) Class: 3397K(3648K)->3397K(3648K)
[5134.364s][info][gc             ] GC(559) Pause Young (Normal) (G1 Evacuation Pause) 8335M->2619M(10240M) 166.632ms
[5134.364s][info][gc,cpu         ] GC(559) User=1.31s Sys=0.00s Real=0.16s
.....[5139.529s][info][gc,start       ] GC(560) Pause Young (Normal) (G1 Evacuation Pause)
[5139.529s][info][gc,task        ] GC(560) Using 8 workers of 8 for evacuation
[5139.695s][info][gc,phases      ] GC(560)   Pre Evacuate Collection Set: 0.30ms
[5139.695s][info][gc,phases      ] GC(560)   Merge Heap Roots: 0.63ms
[5139.695s][info][gc,phases      ] GC(560)   Evacuate Collection Set: 163.47ms
[5139.695s][info][gc,phases      ] GC(560)   Post Evacuate Collection Set: 1.29ms
[5139.695s][info][gc,phases      ] GC(560)   Other: 0.07ms
[5139.695s][info][gc,heap        ] GC(560) Eden regions: 717->0(717)
[5139.695s][info][gc,heap        ] GC(560) Survivor regions: 51->51(96)
[5139.695s][info][gc,heap        ] GC(560) Old regions: 248->250
[5139.695s][info][gc,heap        ] GC(560) Humongous regions: 32->32
[5139.695s][info][gc,metaspace   ] GC(560) Metaspace: 29961K(30464K)->29961K(30464K) NonClass: 26564K(26816K)->26564K(26816K) Class: 3397K(3648K)->3397K(3648K)
[5139.695s][info][gc             ] GC(560) Pause Young (Normal) (G1 Evacuation Pause) 8355M->2640M(10240M) 165.880ms
[5139.695s][info][gc,cpu         ] GC(560) User=1.30s Sys=0.00s Real=0.17s
......[5145.141s][info][gc,start       ] GC(561) Pause Young (Normal) (G1 Evacuation Pause)
[5145.141s][info][gc,task        ] GC(561) Using 8 workers of 8 for evacuation
[5145.309s][info][gc,phases      ] GC(561)   Pre Evacuate Collection Set: 0.30ms
[5145.309s][info][gc,phases      ] GC(561)   Merge Heap Roots: 0.59ms
[5145.309s][info][gc,phases      ] GC(561)   Evacuate Collection Set: 165.37ms
[5145.309s][info][gc,phases      ] GC(561)   Post Evacuate Collection Set: 1.25ms
[5145.309s][info][gc,phases      ] GC(561)   Other: 0.06ms
[5145.309s][info][gc,heap        ] GC(561) Eden regions: 717->0(717)
[5145.309s][info][gc,heap        ] GC(561) Survivor regions: 51->51(96)
[5145.309s][info][gc,heap        ] GC(561) Old regions: 250->253
[5145.309s][info][gc,heap        ] GC(561) Humongous regions: 32->32
[5145.309s][info][gc,metaspace   ] GC(561) Metaspace: 29961K(30464K)->29961K(30464K) NonClass: 26564K(26816K)->26564K(26816K) Class: 3397K(3648K)->3397K(3648K)
[5145.309s][info][gc             ] GC(561) Pause Young (Normal) (G1 Evacuation Pause) 8376M->2659M(10240M) 167.703ms
[5145.309s][info][gc,cpu         ] GC(561) User=1.32s Sys=0.00s Real=0.17s
.....[5150.410s][info][gc,start       ] GC(562) Pause Young (Normal) (G1 Evacuation Pause)
[5150.410s][info][gc,task        ] GC(562) Using 8 workers of 8 for evacuation
[5150.575s][info][gc,phases      ] GC(562)   Pre Evacuate Collection Set: 0.34ms
[5150.575s][info][gc,phases      ] GC(562)   Merge Heap Roots: 0.76ms
[5150.575s][info][gc,phases      ] GC(562)   Evacuate Collection Set: 162.90ms
[5150.575s][info][gc,phases      ] GC(562)   Post Evacuate Collection Set: 1.30ms
[5150.575s][info][gc,phases      ] GC(562)   Other: 0.08ms
[5150.575s][info][gc,heap        ] GC(562) Eden regions: 717->0(717)
[5150.575s][info][gc,heap        ] GC(562) Survivor regions: 51->51(96)
[5150.575s][info][gc,heap        ] GC(562) Old regions: 253->255
[5150.575s][info][gc,heap        ] GC(562) Humongous regions: 32->32
[5150.575s][info][gc,metaspace   ] GC(562) Metaspace: 29961K(30464K)->29961K(30464K) NonClass: 26564K(26816K)->26564K(26816K) Class: 3397K(3648K)->3397K(3648K)
[5150.575s][info][gc             ] GC(562) Pause Young (Normal) (G1 Evacuation Pause) 8395M->2681M(10240M) 165.519ms
[5150.575s][info][gc,cpu         ] GC(562) User=1.31s Sys=0.00s Real=0.17s
.....[5155.943s][info][gc,start       ] GC(563) Pause Young (Normal) (G1 Evacuation Pause)
[5155.943s][info][gc,task        ] GC(563) Using 8 workers of 8 for evacuation
[5156.114s][info][gc,phases      ] GC(563)   Pre Evacuate Collection Set: 0.31ms
[5156.114s][info][gc,phases      ] GC(563)   Merge Heap Roots: 0.60ms
[5156.114s][info][gc,phases      ] GC(563)   Evacuate Collection Set: 168.61ms
[5156.114s][info][gc,phases      ] GC(563)   Post Evacuate Collection Set: 1.24ms
[5156.114s][info][gc,phases      ] GC(563)   Other: 0.06ms
[5156.114s][info][gc,heap        ] GC(563) Eden regions: 717->0(715)
[5156.114s][info][gc,heap        ] GC(563) Survivor regions: 51->53(96)
[5156.114s][info][gc,heap        ] GC(563) Old regions: 255->257
[5156.114s][info][gc,heap        ] GC(563) Humongous regions: 32->32
[5156.114s][info][gc,metaspace   ] GC(563) Metaspace: 29961K(30464K)->29961K(30464K) NonClass: 26564K(26816K)->26564K(26816K) Class: 3397K(3648K)->3397K(3648K)
[5156.114s][info][gc             ] GC(563) Pause Young (Normal) (G1 Evacuation Pause) 8417M->2711M(10240M) 170.947ms
[5156.114s][info][gc,cpu         ] GC(563) User=1.35s Sys=0.00s Real=0.17s
......[5161.345s][info][gc,start       ] GC(564) Pause Young (Normal) (G1 Evacuation Pause)
[5161.346s][info][gc,task        ] GC(564) Using 8 workers of 8 for evacuation
[5161.515s][info][gc,phases      ] GC(564)   Pre Evacuate Collection Set: 0.29ms
[5161.515s][info][gc,phases      ] GC(564)   Merge Heap Roots: 0.56ms
[5161.515s][info][gc,phases      ] GC(564)   Evacuate Collection Set: 167.70ms
[5161.515s][info][gc,phases      ] GC(564)   Post Evacuate Collection Set: 1.27ms
[5161.515s][info][gc,phases      ] GC(564)   Other: 0.07ms
[5161.515s][info][gc,heap        ] GC(564) Eden regions: 715->0(716)
[5161.515s][info][gc,heap        ] GC(564) Survivor regions: 53->52(96)
[5161.515s][info][gc,heap        ] GC(564) Old regions: 257->260
[5161.515s][info][gc,heap        ] GC(564) Humongous regions: 32->32
[5161.515s][info][gc,metaspace   ] GC(564) Metaspace: 29961K(30464K)->29961K(30464K) NonClass: 26564K(26816K)->26564K(26816K) Class: 3397K(3648K)->3397K(3648K)
[5161.515s][info][gc             ] GC(564) Pause Young (Normal) (G1 Evacuation Pause) 8431M->2727M(10240M) 170.038ms
[5161.516s][info][gc,cpu         ] GC(564) User=1.34s Sys=0.00s Real=0.17s
.....[5166.648s][info][gc,start       ] GC(565) Pause Young (Normal) (G1 Evacuation Pause)
[5166.648s][info][gc,task        ] GC(565) Using 8 workers of 8 for evacuation
[5166.818s][info][gc,phases      ] GC(565)   Pre Evacuate Collection Set: 0.30ms
[5166.818s][info][gc,phases      ] GC(565)   Merge Heap Roots: 0.61ms
[5166.818s][info][gc,phases      ] GC(565)   Evacuate Collection Set: 167.93ms
[5166.818s][info][gc,phases      ] GC(565)   Post Evacuate Collection Set: 1.25ms
[5166.818s][info][gc,phases      ] GC(565)   Other: 0.08ms
[5166.818s][info][gc,heap        ] GC(565) Eden regions: 716->0(716)
[5166.818s][info][gc,heap        ] GC(565) Survivor regions: 52->52(96)
[5166.818s][info][gc,heap        ] GC(565) Old regions: 260->262
[5166.818s][info][gc,heap        ] GC(565) Humongous regions: 32->32
[5166.818s][info][gc,metaspace   ] GC(565) Metaspace: 29961K(30464K)->29961K(30464K) NonClass: 26564K(26816K)->26564K(26816K) Class: 3397K(3648K)->3397K(3648K)
[5166.818s][info][gc             ] GC(565) Pause Young (Normal) (G1 Evacuation Pause) 8455M->2747M(10240M) 170.308ms
[5166.818s][info][gc,cpu         ] GC(565) User=1.34s Sys=0.00s Real=0.17s
.....[5171.965s][info][gc,start       ] GC(566) Pause Young (Normal) (G1 Evacuation Pause)
[5171.965s][info][gc,task        ] GC(566) Using 8 workers of 8 for evacuation
[5172.131s][info][gc,phases      ] GC(566)   Pre Evacuate Collection Set: 0.29ms
[5172.131s][info][gc,phases      ] GC(566)   Merge Heap Roots: 0.56ms
[5172.131s][info][gc,phases      ] GC(566)   Evacuate Collection Set: 163.87ms
[5172.131s][info][gc,phases      ] GC(566)   Post Evacuate Collection Set: 1.26ms
[5172.131s][info][gc,phases      ] GC(566)   Other: 0.07ms
[5172.131s][info][gc,heap        ] GC(566) Eden regions: 716->0(716)
[5172.131s][info][gc,heap        ] GC(566) Survivor regions: 52->52(96)
[5172.131s][info][gc,heap        ] GC(566) Old regions: 262->265
[5172.131s][info][gc,heap        ] GC(566) Humongous regions: 32->32
[5172.131s][info][gc,metaspace   ] GC(566) Metaspace: 29961K(30464K)->29961K(30464K) NonClass: 26564K(26816K)->26564K(26816K) Class: 3397K(3648K)->3397K(3648K)
[5172.131s][info][gc             ] GC(566) Pause Young (Normal) (G1 Evacuation Pause) 8475M->2764M(10240M) 166.173ms
[5172.131s][info][gc,cpu         ] GC(566) User=1.30s Sys=0.00s Real=0.16s
.. (rIR:aIR:PR = 8856:8927:8934) (tPR = 132809) [OK] 
  5173s: Performance info:
         Transaction,    Success,    Partial,     Failed,   Receipts, AvgBarcode, 
             Overall,     536930,          0,          0,     510444,      59.47, 
         Response times:
             Request,    Success,    Partial,     Failed,   SkipFail,     Probes,    Samples,      min,      p50,      p90,      p95,      p99,      max, 
       TotalPurchase,     509968,          0,          0,          0,     358569,     404085,      400,     6300,    17400,    46000,   105000,   450000,
     InStorePurchase,     269677,          0,          0,          0,     188577,     212349,      400,     6300,    17400,    45000,   105000,   450000,
      OnlinePurchase,     187886,          0,          0,          0,     132292,     148796,      400,     6500,    17600,    47000,   107000,   450000,
        InstPurchase,      52405,          0,          0,          0,      37700,      42940,      400,     6200,    16800,    43000,   100000,   447000,
          AssocOfCat,        528,          0,          0,          0,        439,        575,    30000,    50000,    76000,   101200,   166240,   227000,
      AssocOfProduct,       5333,          0,          0,          0,       3857,       4575,      800,     6900,    18480,    41200,    92000,   229000,
      BusinessReport,       1327,          0,          0,          0,       1199,       1471,    34000,    59000,    87000,   126400,   197520,   516000,
          CustBuyBeh,       5386,          0,          0,          0,       3814,       4535,      300,     6800,    18000,    42000,    92640,   179000,
       ProductReturn,      13937,          0,          0,          0,       9927,      11449,      200,     6100,    16300,    40000,    95500,   447000,

  5173s: (65%)   IR =   8994 ...[5177.347s][info][gc,start       ] GC(567) Pause Young (Normal) (G1 Evacuation Pause)
[5177.348s][info][gc,task        ] GC(567) Using 8 workers of 8 for evacuation
[5177.512s][info][gc,phases      ] GC(567)   Pre Evacuate Collection Set: 0.32ms
[5177.512s][info][gc,phases      ] GC(567)   Merge Heap Roots: 0.69ms
[5177.512s][info][gc,phases      ] GC(567)   Evacuate Collection Set: 162.06ms
[5177.512s][info][gc,phases      ] GC(567)   Post Evacuate Collection Set: 1.28ms
[5177.512s][info][gc,phases      ] GC(567)   Other: 0.07ms
[5177.512s][info][gc,heap        ] GC(567) Eden regions: 716->0(717)
[5177.512s][info][gc,heap        ] GC(567) Survivor regions: 52->51(96)
[5177.512s][info][gc,heap        ] GC(567) Old regions: 265->268
[5177.512s][info][gc,heap        ] GC(567) Humongous regions: 32->32
[5177.512s][info][gc,metaspace   ] GC(567) Metaspace: 29961K(30464K)->29961K(30464K) NonClass: 26564K(26816K)->26564K(26816K) Class: 3397K(3648K)->3397K(3648K)
[5177.512s][info][gc             ] GC(567) Pause Young (Normal) (G1 Evacuation Pause) 8492M->2779M(10240M) 164.570ms
[5177.512s][info][gc,cpu         ] GC(567) User=1.29s Sys=0.00s Real=0.16s
.....|.[5182.656s][info][gc,start       ] GC(568) Pause Young (Normal) (G1 Evacuation Pause)
[5182.656s][info][gc,task        ] GC(568) Using 8 workers of 8 for evacuation
[5182.823s][info][gc,phases      ] GC(568)   Pre Evacuate Collection Set: 0.32ms
[5182.823s][info][gc,phases      ] GC(568)   Merge Heap Roots: 0.55ms
[5182.823s][info][gc,phases      ] GC(568)   Evacuate Collection Set: 164.65ms
[5182.823s][info][gc,phases      ] GC(568)   Post Evacuate Collection Set: 1.29ms
[5182.823s][info][gc,phases      ] GC(568)   Other: 0.07ms
[5182.823s][info][gc,heap        ] GC(568) Eden regions: 717->0(716)
[5182.823s][info][gc,heap        ] GC(568) Survivor regions: 51->52(96)
[5182.823s][info][gc,heap        ] GC(568) Old regions: 268->270
[5182.823s][info][gc,heap        ] GC(568) Humongous regions: 32->32
[5182.823s][info][gc,metaspace   ] GC(568) Metaspace: 29961K(30464K)->29961K(30464K) NonClass: 26564K(26816K)->26564K(26816K) Class: 3397K(3648K)->3397K(3648K)
[5182.823s][info][gc             ] GC(568) Pause Young (Normal) (G1 Evacuation Pause) 8515M->2808M(10240M) 167.023ms
[5182.823s][info][gc,cpu         ] GC(568) User=1.31s Sys=0.01s Real=0.16s
.....[5187.914s][info][gc,start       ] GC(569) Pause Young (Concurrent Start) (G1 Evacuation Pause)
[5187.914s][info][gc,task        ] GC(569) Using 8 workers of 8 for evacuation
[5188.087s][info][gc,phases      ] GC(569)   Pre Evacuate Collection Set: 0.35ms
[5188.087s][info][gc,phases      ] GC(569)   Merge Heap Roots: 0.62ms
[5188.087s][info][gc,phases      ] GC(569)   Evacuate Collection Set: 170.41ms
[5188.087s][info][gc,phases      ] GC(569)   Post Evacuate Collection Set: 1.29ms
[5188.087s][info][gc,phases      ] GC(569)   Other: 0.09ms
[5188.087s][info][gc,heap        ] GC(569) Eden regions: 716->0(715)
[5188.087s][info][gc,heap        ] GC(569) Survivor regions: 52->53(96)
[5188.087s][info][gc,heap        ] GC(569) Old regions: 270->273
[5188.087s][info][gc,heap        ] GC(569) Humongous regions: 32->32
[5188.087s][info][gc,metaspace   ] GC(569) Metaspace: 29961K(30464K)->29961K(30464K) NonClass: 26564K(26816K)->26564K(26816K) Class: 3397K(3648K)->3397K(3648K)
[5188.087s][info][gc             ] GC(569) Pause Young (Concurrent Start) (G1 Evacuation Pause) 8536M->2832M(10240M) 172.897ms
[5188.087s][info][gc             ] GC(570) Concurrent Mark Cycle
[5188.087s][info][gc,marking     ] GC(570) Concurrent Scan Root Regions
[5188.087s][info][gc,cpu         ] GC(569) User=1.36s Sys=0.00s Real=0.18s
[5188.398s][info][gc,marking     ] GC(570) Concurrent Scan Root Regions 311.452ms
[5188.398s][info][gc,marking     ] GC(570) Concurrent Mark
[5188.398s][info][gc,marking     ] GC(570) Concurrent Mark From Roots
[5188.398s][info][gc,task        ] GC(570) Using 2 workers of 2 for marking
.[5189.496s][info][gc,marking     ] GC(570) Concurrent Mark From Roots 1097.399ms
[5189.496s][info][gc,marking     ] GC(570) Concurrent Preclean
[5189.496s][info][gc,marking     ] GC(570) Concurrent Preclean 0.216ms
[5189.496s][info][gc,start       ] GC(570) Pause Remark
[5189.499s][info][gc             ] GC(570) Pause Remark 4364M->3996M(10240M) 2.480ms
[5189.499s][info][gc,cpu         ] GC(570) User=0.02s Sys=0.00s Real=0.00s
[5189.499s][info][gc,marking     ] GC(570) Concurrent Mark 1100.425ms
[5189.499s][info][gc,marking     ] GC(570) Concurrent Rebuild Remembered Sets and Scrub Regions
.[5190.071s][info][gc,marking     ] GC(570) Concurrent Rebuild Remembered Sets and Scrub Regions 571.976ms
[5190.071s][info][gc,start       ] GC(570) Pause Cleanup
[5190.071s][info][gc             ] GC(570) Pause Cleanup 4664M->4664M(10240M) 0.288ms
[5190.071s][info][gc,cpu         ] GC(570) User=0.00s Sys=0.00s Real=0.00s
[5190.071s][info][gc,marking     ] GC(570) Concurrent Clear Claimed Marks
[5190.071s][info][gc,marking     ] GC(570) Concurrent Clear Claimed Marks 0.048ms
[5190.071s][info][gc,marking     ] GC(570) Concurrent Cleanup for Next Mark
[5190.083s][info][gc,marking     ] GC(570) Concurrent Cleanup for Next Mark 11.710ms
[5190.083s][info][gc             ] GC(570) Concurrent Mark Cycle 1996.360ms
...[5193.327s][info][gc,start       ] GC(571) Pause Young (Prepare Mixed) (G1 Evacuation Pause)
[5193.327s][info][gc,task        ] GC(571) Using 8 workers of 8 for evacuation
[5193.494s][info][gc,phases      ] GC(571)   Pre Evacuate Collection Set: 0.30ms
[5193.494s][info][gc,phases      ] GC(571)   Merge Heap Roots: 0.84ms
[5193.494s][info][gc,phases      ] GC(571)   Evacuate Collection Set: 163.74ms
[5193.494s][info][gc,phases      ] GC(571)   Post Evacuate Collection Set: 1.33ms
[5193.494s][info][gc,phases      ] GC(571)   Other: 0.08ms
[5193.494s][info][gc,heap        ] GC(571) Eden regions: 715->0(717)
[5193.494s][info][gc,heap        ] GC(571) Survivor regions: 53->51(96)
[5193.494s][info][gc,heap        ] GC(571) Old regions: 227->229
[5193.494s][info][gc,heap        ] GC(571) Humongous regions: 32->32
[5193.494s][info][gc,metaspace   ] GC(571) Metaspace: 29961K(30464K)->29961K(30464K) NonClass: 26564K(26816K)->26564K(26816K) Class: 3397K(3648K)->3397K(3648K)
[5193.494s][info][gc             ] GC(571) Pause Young (Prepare Mixed) (G1 Evacuation Pause) 8184M->2473M(10240M) 166.435ms
[5193.494s][info][gc,cpu         ] GC(571) User=1.31s Sys=0.01s Real=0.16s
......[5198.765s][info][gc,start       ] GC(572) Pause Young (Mixed) (G1 Evacuation Pause)
[5198.765s][info][gc,task        ] GC(572) Using 8 workers of 8 for evacuation
[5198.939s][info][gc,phases      ] GC(572)   Pre Evacuate Collection Set: 0.33ms
[5198.939s][info][gc,phases      ] GC(572)   Merge Heap Roots: 1.07ms
[5198.939s][info][gc,phases      ] GC(572)   Evacuate Collection Set: 171.77ms
[5198.939s][info][gc,phases      ] GC(572)   Post Evacuate Collection Set: 1.42ms
[5198.939s][info][gc,phases      ] GC(572)   Other: 0.07ms
[5198.939s][info][gc,heap        ] GC(572) Eden regions: 717->0(716)
[5198.939s][info][gc,heap        ] GC(572) Survivor regions: 51->52(96)
[5198.939s][info][gc,heap        ] GC(572) Old regions: 229->131
[5198.939s][info][gc,heap        ] GC(572) Humongous regions: 32->32
[5198.939s][info][gc,metaspace   ] GC(572) Metaspace: 29961K(30464K)->29961K(30464K) NonClass: 26564K(26816K)->26564K(26816K) Class: 3397K(3648K)->3397K(3648K)
[5198.939s][info][gc             ] GC(572) Pause Young (Mixed) (G1 Evacuation Pause) 8209M->1697M(10240M) 174.799ms
[5198.939s][info][gc,cpu         ] GC(572) User=1.37s Sys=0.00s Real=0.18s
.....[5204.144s][info][gc,start       ] GC(573) Pause Young (Normal) (G1 Evacuation Pause)
[5204.144s][info][gc,task        ] GC(573) Using 8 workers of 8 for evacuation
[5204.311s][info][gc,phases      ] GC(573)   Pre Evacuate Collection Set: 0.30ms
[5204.311s][info][gc,phases      ] GC(573)   Merge Heap Roots: 0.60ms
[5204.311s][info][gc,phases      ] GC(573)   Evacuate Collection Set: 163.97ms
[5204.311s][info][gc,phases      ] GC(573)   Post Evacuate Collection Set: 1.28ms
[5204.311s][info][gc,phases      ] GC(573)   Other: 0.07ms
[5204.311s][info][gc,heap        ] GC(573) Eden regions: 716->0(716)
[5204.311s][info][gc,heap        ] GC(573) Survivor regions: 52->52(96)
[5204.311s][info][gc,heap        ] GC(573) Old regions: 131->134
[5204.311s][info][gc,heap        ] GC(573) Humongous regions: 32->32
[5204.311s][info][gc,metaspace   ] GC(573) Metaspace: 29961K(30464K)->29961K(30464K) NonClass: 26564K(26816K)->26564K(26816K) Class: 3397K(3648K)->3397K(3648K)
[5204.311s][info][gc             ] GC(573) Pause Young (Normal) (G1 Evacuation Pause) 7425M->1714M(10240M) 166.348ms
[5204.311s][info][gc,cpu         ] GC(573) User=1.31s Sys=0.00s Real=0.17s
.....[5209.480s][info][gc,start       ] GC(574) Pause Young (Normal) (G1 Evacuation Pause)
[5209.480s][info][gc,task        ] GC(574) Using 8 workers of 8 for evacuation
[5209.651s][info][gc,phases      ] GC(574)   Pre Evacuate Collection Set: 0.27ms
[5209.651s][info][gc,phases      ] GC(574)   Merge Heap Roots: 0.55ms
[5209.651s][info][gc,phases      ] GC(574)   Evacuate Collection Set: 168.86ms
[5209.651s][info][gc,phases      ] GC(574)   Post Evacuate Collection Set: 1.21ms
[5209.651s][info][gc,phases      ] GC(574)   Other: 0.06ms
[5209.651s][info][gc,heap        ] GC(574) Eden regions: 716->0(715)
[5209.651s][info][gc,heap        ] GC(574) Survivor regions: 52->53(96)
[5209.651s][info][gc,heap        ] GC(574) Old regions: 134->136
[5209.651s][info][gc,heap        ] GC(574) Humongous regions: 32->32
[5209.651s][info][gc,metaspace   ] GC(574) Metaspace: 29961K(30464K)->29961K(30464K) NonClass: 26564K(26816K)->26564K(26816K) Class: 3397K(3648K)->3397K(3648K)
[5209.651s][info][gc             ] GC(574) Pause Young (Normal) (G1 Evacuation Pause) 7442M->1746M(10240M) 171.105ms
[5209.651s][info][gc,cpu         ] GC(574) User=1.34s Sys=0.00s Real=0.17s
......[5214.852s][info][gc,start       ] GC(575) Pause Young (Normal) (G1 Evacuation Pause)
[5214.852s][info][gc,task        ] GC(575) Using 8 workers of 8 for evacuation
[5215.020s][info][gc,phases      ] GC(575)   Pre Evacuate Collection Set: 0.32ms
[5215.020s][info][gc,phases      ] GC(575)   Merge Heap Roots: 0.69ms
[5215.020s][info][gc,phases      ] GC(575)   Evacuate Collection Set: 165.61ms
[5215.020s][info][gc,phases      ] GC(575)   Post Evacuate Collection Set: 1.26ms
[5215.020s][info][gc,phases      ] GC(575)   Other: 0.07ms
[5215.020s][info][gc,heap        ] GC(575) Eden regions: 715->0(716)
[5215.020s][info][gc,heap        ] GC(575) Survivor regions: 53->52(96)
[5215.020s][info][gc,heap        ] GC(575) Old regions: 136->139
[5215.020s][info][gc,heap        ] GC(575) Humongous regions: 32->32
[5215.020s][info][gc,metaspace   ] GC(575) Metaspace: 29961K(30464K)->29961K(30464K) NonClass: 26564K(26816K)->26564K(26816K) Class: 3397K(3648K)->3397K(3648K)
[5215.020s][info][gc             ] GC(575) Pause Young (Normal) (G1 Evacuation Pause) 7466M->1754M(10240M) 168.086ms
[5215.020s][info][gc,cpu         ] GC(575) User=1.33s Sys=0.00s Real=0.17s
.....[5220.081s][info][gc,start       ] GC(576) Pause Young (Normal) (G1 Evacuation Pause)
[5220.081s][info][gc,task        ] GC(576) Using 8 workers of 8 for evacuation
[5220.251s][info][gc,phases      ] GC(576)   Pre Evacuate Collection Set: 0.30ms
[5220.251s][info][gc,phases      ] GC(576)   Merge Heap Roots: 0.57ms
[5220.251s][info][gc,phases      ] GC(576)   Evacuate Collection Set: 167.88ms
[5220.251s][info][gc,phases      ] GC(576)   Post Evacuate Collection Set: 1.27ms
[5220.251s][info][gc,phases      ] GC(576)   Other: 0.07ms
[5220.251s][info][gc,heap        ] GC(576) Eden regions: 716->0(716)
[5220.251s][info][gc,heap        ] GC(576) Survivor regions: 52->52(96)
[5220.251s][info][gc,heap        ] GC(576) Old regions: 139->141
[5220.251s][info][gc,heap        ] GC(576) Humongous regions: 32->32
[5220.251s][info][gc,metaspace   ] GC(576) Metaspace: 29961K(30464K)->29961K(30464K) NonClass: 26564K(26816K)->26564K(26816K) Class: 3397K(3648K)->3397K(3648K)
[5220.252s][info][gc             ] GC(576) Pause Young (Normal) (G1 Evacuation Pause) 7482M->1778M(10240M) 170.234ms
[5220.252s][info][gc,cpu         ] GC(576) User=1.35s Sys=0.00s Real=0.17s
.....[5225.399s][info][gc,start       ] GC(577) Pause Young (Normal) (G1 Evacuation Pause)
[5225.399s][info][gc,task        ] GC(577) Using 8 workers of 8 for evacuation
[5225.567s][info][gc,phases      ] GC(577)   Pre Evacuate Collection Set: 0.31ms
[5225.567s][info][gc,phases      ] GC(577)   Merge Heap Roots: 0.58ms
[5225.567s][info][gc,phases      ] GC(577)   Evacuate Collection Set: 165.42ms
[5225.567s][info][gc,phases      ] GC(577)   Post Evacuate Collection Set: 1.31ms
[5225.567s][info][gc,phases      ] GC(577)   Other: 0.07ms
[5225.567s][info][gc,heap        ] GC(577) Eden regions: 716->0(715)
[5225.567s][info][gc,heap        ] GC(577) Survivor regions: 52->53(96)
[5225.567s][info][gc,heap        ] GC(577) Old regions: 141->144
[5225.567s][info][gc,heap        ] GC(577) Humongous regions: 32->32
[5225.567s][info][gc,metaspace   ] GC(577) Metaspace: 29961K(30464K)->29961K(30464K) NonClass: 26564K(26816K)->26564K(26816K) Class: 3397K(3648K)->3397K(3648K)
[5225.567s][info][gc             ] GC(577) Pause Young (Normal) (G1 Evacuation Pause) 7506M->1803M(10240M) 167.858ms
[5225.567s][info][gc,cpu         ] GC(577) User=1.32s Sys=0.00s Real=0.17s
......[5230.729s][info][gc,start       ] GC(578) Pause Young (Normal) (G1 Evacuation Pause)
[5230.729s][info][gc,task        ] GC(578) Using 8 workers of 8 for evacuation
[5230.898s][info][gc,phases      ] GC(578)   Pre Evacuate Collection Set: 0.28ms
[5230.898s][info][gc,phases      ] GC(578)   Merge Heap Roots: 0.56ms
[5230.898s][info][gc,phases      ] GC(578)   Evacuate Collection Set: 166.60ms
[5230.898s][info][gc,phases      ] GC(578)   Post Evacuate Collection Set: 1.32ms
[5230.898s][info][gc,phases      ] GC(578)   Other: 0.07ms
[5230.898s][info][gc,heap        ] GC(578) Eden regions: 715->0(716)
[5230.898s][info][gc,heap        ] GC(578) Survivor regions: 53->52(96)
[5230.898s][info][gc,heap        ] GC(578) Old regions: 144->146
[5230.898s][info][gc,heap        ] GC(578) Humongous regions: 32->32
[5230.898s][info][gc,metaspace   ] GC(578) Metaspace: 29961K(30464K)->29961K(30464K) NonClass: 26564K(26816K)->26564K(26816K) Class: 3397K(3648K)->3397K(3648K)
[5230.898s][info][gc             ] GC(578) Pause Young (Normal) (G1 Evacuation Pause) 7523M->1815M(10240M) 168.960ms
[5230.898s][info][gc,cpu         ] GC(578) User=1.33s Sys=0.00s Real=0.17s
.....[5236.005s][info][gc,start       ] GC(579) Pause Young (Normal) (G1 Evacuation Pause)
[5236.005s][info][gc,task        ] GC(579) Using 8 workers of 8 for evacuation
[5236.176s][info][gc,phases      ] GC(579)   Pre Evacuate Collection Set: 0.28ms
[5236.176s][info][gc,phases      ] GC(579)   Merge Heap Roots: 0.58ms
[5236.176s][info][gc,phases      ] GC(579)   Evacuate Collection Set: 169.04ms
[5236.176s][info][gc,phases      ] GC(579)   Post Evacuate Collection Set: 1.29ms
[5236.176s][info][gc,phases      ] GC(579)   Other: 0.06ms
[5236.176s][info][gc,heap        ] GC(579) Eden regions: 716->0(716)
[5236.176s][info][gc,heap        ] GC(579) Survivor regions: 52->52(96)
[5236.177s][info][gc,heap        ] GC(579) Old regions: 146->149
[5236.177s][info][gc,heap        ] GC(579) Humongous regions: 32->32
[5236.177s][info][gc,metaspace   ] GC(579) Metaspace: 29961K(30464K)->29961K(30464K) NonClass: 26564K(26816K)->26564K(26816K) Class: 3397K(3648K)->3397K(3648K)
[5236.177s][info][gc             ] GC(579) Pause Young (Normal) (G1 Evacuation Pause) 7543M->1839M(10240M) 171.385ms
[5236.177s][info][gc,cpu         ] GC(579) User=1.35s Sys=0.00s Real=0.17s
.....[5241.302s][info][gc,start       ] GC(580) Pause Young (Normal) (G1 Evacuation Pause)
[5241.302s][info][gc,task        ] GC(580) Using 8 workers of 8 for evacuation
[5241.469s][info][gc,phases      ] GC(580)   Pre Evacuate Collection Set: 0.30ms
[5241.469s][info][gc,phases      ] GC(580)   Merge Heap Roots: 0.57ms
[5241.469s][info][gc,phases      ] GC(580)   Evacuate Collection Set: 164.90ms
[5241.469s][info][gc,phases      ] GC(580)   Post Evacuate Collection Set: 1.28ms
[5241.469s][info][gc,phases      ] GC(580)   Other: 0.07ms
[5241.469s][info][gc,heap        ] GC(580) Eden regions: 716->0(717)
[5241.469s][info][gc,heap        ] GC(580) Survivor regions: 52->51(96)
[5241.469s][info][gc,heap        ] GC(580) Old regions: 149->151
[5241.469s][info][gc,heap        ] GC(580) Humongous regions: 32->32
[5241.469s][info][gc,metaspace   ] GC(580) Metaspace: 29961K(30464K)->29961K(30464K) NonClass: 26564K(26816K)->26564K(26816K) Class: 3397K(3648K)->3397K(3648K)
[5241.469s][info][gc             ] GC(580) Pause Young (Normal) (G1 Evacuation Pause) 7567M->1851M(10240M) 167.264ms
[5241.469s][info][gc,cpu         ] GC(580) User=1.31s Sys=0.00s Real=0.17s
. (rIR:aIR:PR = 8994:9023:9018) (tPR = 133414) [OK] 
  5241s: Performance info:
         Transaction,    Success,    Partial,     Failed,   Receipts, AvgBarcode, 
             Overall,     542510,          0,          0,     515618,      59.48, 
         Response times:
             Request,    Success,    Partial,     Failed,   SkipFail,     Probes,    Samples,      min,      p50,      p90,      p95,      p99,      max, 
       TotalPurchase,     515873,          0,          0,          0,     360185,     412397,      300,     6500,    18900,    46000,   102000,   670000,
     InStorePurchase,     272008,          0,          0,          0,     189288,     216285,      300,     6300,    18800,    46000,   101000,   451000,
      OnlinePurchase,     190192,          0,          0,          0,     132231,     151487,      300,     6600,    19000,    44000,   104000,   670000,
        InstPurchase,      53673,          0,          0,          0,      38666,      44625,      500,     6900,    19500,    47000,   102000,   364000,
          AssocOfCat,        542,          0,          0,          0,        444,        584,    33000,    51000,    80000,   113500,   213800,   255000,
      AssocOfProduct,       5406,          0,          0,          0,       3913,       4635,      900,     6600,    18300,    45200,    98640,   473000,
      BusinessReport,       1356,          0,          0,          0,       1204,       1495,    34000,    60000,    89000,   113000,   209040,   240000,
          CustBuyBeh,       5388,          0,          0,          0,       3899,       4740,      200,     6100,    19300,    49950,   107590,   224000,
       ProductReturn,      14251,          0,          0,          0,      10220,      11927,      300,     6700,    18720,    45000,   103000,   473000,

  5241s: (66%)   IR =   9132 ....[5246.643s][info][gc,start       ] GC(581) Pause Young (Normal) (G1 Evacuation Pause)
[5246.643s][info][gc,task        ] GC(581) Using 8 workers of 8 for evacuation
[5246.815s][info][gc,phases      ] GC(581)   Pre Evacuate Collection Set: 0.29ms
[5246.816s][info][gc,phases      ] GC(581)   Merge Heap Roots: 0.59ms
[5246.816s][info][gc,phases      ] GC(581)   Evacuate Collection Set: 170.45ms
[5246.816s][info][gc,phases      ] GC(581)   Post Evacuate Collection Set: 1.27ms
[5246.816s][info][gc,phases      ] GC(581)   Other: 0.08ms
[5246.816s][info][gc,heap        ] GC(581) Eden regions: 717->0(715)
[5246.816s][info][gc,heap        ] GC(581) Survivor regions: 51->53(96)
[5246.816s][info][gc,heap        ] GC(581) Old regions: 151->154
[5246.816s][info][gc,heap        ] GC(581) Humongous regions: 32->32
[5246.816s][info][gc,metaspace   ] GC(581) Metaspace: 29961K(30464K)->29961K(30464K) NonClass: 26564K(26816K)->26564K(26816K) Class: 3397K(3648K)->3397K(3648K)
[5246.816s][info][gc             ] GC(581) Pause Young (Normal) (G1 Evacuation Pause) 7587M->1883M(10240M) 172.809ms
[5246.816s][info][gc,cpu         ] GC(581) User=1.36s Sys=0.00s Real=0.18s
....|..[5251.987s][info][gc,start       ] GC(582) Pause Young (Normal) (G1 Evacuation Pause)
[5251.987s][info][gc,task        ] GC(582) Using 8 workers of 8 for evacuation
[5252.160s][info][gc,phases      ] GC(582)   Pre Evacuate Collection Set: 0.31ms
[5252.160s][info][gc,phases      ] GC(582)   Merge Heap Roots: 0.56ms
[5252.160s][info][gc,phases      ] GC(582)   Evacuate Collection Set: 170.89ms
[5252.160s][info][gc,phases      ] GC(582)   Post Evacuate Collection Set: 1.31ms
[5252.160s][info][gc,phases      ] GC(582)   Other: 0.07ms
[5252.160s][info][gc,heap        ] GC(582) Eden regions: 715->0(714)
[5252.160s][info][gc,heap        ] GC(582) Survivor regions: 53->54(96)
[5252.160s][info][gc,heap        ] GC(582) Old regions: 154->156
[5252.160s][info][gc,heap        ] GC(582) Humongous regions: 32->32
[5252.160s][info][gc,metaspace   ] GC(582) Metaspace: 29961K(30464K)->29961K(30464K) NonClass: 26564K(26816K)->26564K(26816K) Class: 3397K(3648K)->3397K(3648K)
[5252.160s][info][gc             ] GC(582) Pause Young (Normal) (G1 Evacuation Pause) 7603M->1911M(10240M) 173.275ms
[5252.160s][info][gc,cpu         ] GC(582) User=1.37s Sys=0.00s Real=0.17s
.....[5257.213s][info][gc,start       ] GC(583) Pause Young (Normal) (G1 Evacuation Pause)
[5257.213s][info][gc,task        ] GC(583) Using 8 workers of 8 for evacuation
[5257.379s][info][gc,phases      ] GC(583)   Pre Evacuate Collection Set: 0.29ms
[5257.379s][info][gc,phases      ] GC(583)   Merge Heap Roots: 0.56ms
[5257.379s][info][gc,phases      ] GC(583)   Evacuate Collection Set: 163.97ms
[5257.379s][info][gc,phases      ] GC(583)   Post Evacuate Collection Set: 1.24ms
[5257.379s][info][gc,phases      ] GC(583)   Other: 0.07ms
[5257.379s][info][gc,heap        ] GC(583) Eden regions: 714->0(716)
[5257.379s][info][gc,heap        ] GC(583) Survivor regions: 54->52(96)
[5257.379s][info][gc,heap        ] GC(583) Old regions: 156->159
[5257.379s][info][gc,heap        ] GC(583) Humongous regions: 32->32
[5257.379s][info][gc,metaspace   ] GC(583) Metaspace: 29961K(30464K)->29961K(30464K) NonClass: 26564K(26816K)->26564K(26816K) Class: 3397K(3648K)->3397K(3648K)
[5257.379s][info][gc             ] GC(583) Pause Young (Normal) (G1 Evacuation Pause) 7623M->1919M(10240M) 166.265ms
[5257.379s][info][gc,cpu         ] GC(583) User=1.31s Sys=0.00s Real=0.17s
.....[5262.409s][info][gc,start       ] GC(584) Pause Young (Normal) (G1 Evacuation Pause)
[5262.409s][info][gc,task        ] GC(584) Using 8 workers of 8 for evacuation
[5262.578s][info][gc,phases      ] GC(584)   Pre Evacuate Collection Set: 0.30ms
[5262.578s][info][gc,phases      ] GC(584)   Merge Heap Roots: 0.55ms
[5262.578s][info][gc,phases      ] GC(584)   Evacuate Collection Set: 166.16ms
[5262.578s][info][gc,phases      ] GC(584)   Post Evacuate Collection Set: 1.27ms
[5262.578s][info][gc,phases      ] GC(584)   Other: 0.07ms
[5262.578s][info][gc,heap        ] GC(584) Eden regions: 716->0(716)
[5262.578s][info][gc,heap        ] GC(584) Survivor regions: 52->52(96)
[5262.578s][info][gc,heap        ] GC(584) Old regions: 159->161
[5262.578s][info][gc,heap        ] GC(584) Humongous regions: 32->32
[5262.578s][info][gc,metaspace   ] GC(584) Metaspace: 29961K(30464K)->29961K(30464K) NonClass: 26564K(26816K)->26564K(26816K) Class: 3397K(3648K)->3397K(3648K)
[5262.578s][info][gc             ] GC(584) Pause Young (Normal) (G1 Evacuation Pause) 7647M->1938M(10240M) 168.469ms
[5262.578s][info][gc,cpu         ] GC(584) User=1.33s Sys=0.00s Real=0.17s
.....[5267.550s][info][gc,start       ] GC(585) Pause Young (Normal) (G1 Evacuation Pause)
[5267.550s][info][gc,task        ] GC(585) Using 8 workers of 8 for evacuation
[5267.719s][info][gc,phases      ] GC(585)   Pre Evacuate Collection Set: 0.28ms
[5267.719s][info][gc,phases      ] GC(585)   Merge Heap Roots: 0.57ms
[5267.719s][info][gc,phases      ] GC(585)   Evacuate Collection Set: 167.22ms
[5267.719s][info][gc,phases      ] GC(585)   Post Evacuate Collection Set: 1.31ms
[5267.719s][info][gc,phases      ] GC(585)   Other: 0.07ms
[5267.720s][info][gc,heap        ] GC(585) Eden regions: 716->0(716)
[5267.720s][info][gc,heap        ] GC(585) Survivor regions: 52->52(96)
[5267.720s][info][gc,heap        ] GC(585) Old regions: 161->164
[5267.720s][info][gc,heap        ] GC(585) Humongous regions: 32->32
[5267.720s][info][gc,metaspace   ] GC(585) Metaspace: 29961K(30464K)->29961K(30464K) NonClass: 26564K(26816K)->26564K(26816K) Class: 3397K(3648K)->3397K(3648K)
[5267.720s][info][gc             ] GC(585) Pause Young (Normal) (G1 Evacuation Pause) 7666M->1958M(10240M) 169.596ms
[5267.720s][info][gc,cpu         ] GC(585) User=1.34s Sys=0.00s Real=0.17s
......[5272.851s][info][gc,start       ] GC(586) Pause Young (Normal) (G1 Evacuation Pause)
[5272.852s][info][gc,task        ] GC(586) Using 8 workers of 8 for evacuation
[5273.022s][info][gc,phases      ] GC(586)   Pre Evacuate Collection Set: 0.30ms
[5273.022s][info][gc,phases      ] GC(586)   Merge Heap Roots: 0.53ms
[5273.022s][info][gc,phases      ] GC(586)   Evacuate Collection Set: 168.60ms
[5273.022s][info][gc,phases      ] GC(586)   Post Evacuate Collection Set: 1.26ms
[5273.022s][info][gc,phases      ] GC(586)   Other: 0.06ms
[5273.022s][info][gc,heap        ] GC(586) Eden regions: 716->0(715)
[5273.022s][info][gc,heap        ] GC(586) Survivor regions: 52->53(96)
[5273.022s][info][gc,heap        ] GC(586) Old regions: 164->166
[5273.022s][info][gc,heap        ] GC(586) Humongous regions: 32->32
[5273.022s][info][gc,metaspace   ] GC(586) Metaspace: 29961K(30464K)->29961K(30464K) NonClass: 26564K(26816K)->26564K(26816K) Class: 3397K(3648K)->3397K(3648K)
[5273.022s][info][gc             ] GC(586) Pause Young (Normal) (G1 Evacuation Pause) 7686M->1982M(10240M) 170.912ms
[5273.022s][info][gc,cpu         ] GC(586) User=1.35s Sys=0.00s Real=0.17s
.....[5278.064s][info][gc,start       ] GC(587) Pause Young (Normal) (G1 Evacuation Pause)
[5278.065s][info][gc,task        ] GC(587) Using 8 workers of 8 for evacuation
[5278.236s][info][gc,phases      ] GC(587)   Pre Evacuate Collection Set: 0.32ms
[5278.236s][info][gc,phases      ] GC(587)   Merge Heap Roots: 0.56ms
[5278.236s][info][gc,phases      ] GC(587)   Evacuate Collection Set: 169.23ms
[5278.236s][info][gc,phases      ] GC(587)   Post Evacuate Collection Set: 1.29ms
[5278.236s][info][gc,phases      ] GC(587)   Other: 0.06ms
[5278.236s][info][gc,heap        ] GC(587) Eden regions: 715->0(714)
[5278.236s][info][gc,heap        ] GC(587) Survivor regions: 53->54(96)
[5278.236s][info][gc,heap        ] GC(587) Old regions: 166->169
[5278.236s][info][gc,heap        ] GC(587) Humongous regions: 32->32
[5278.236s][info][gc,metaspace   ] GC(587) Metaspace: 29961K(30464K)->29961K(30464K) NonClass: 26564K(26816K)->26564K(26816K) Class: 3397K(3648K)->3397K(3648K)
[5278.236s][info][gc             ] GC(587) Pause Young (Normal) (G1 Evacuation Pause) 7702M->2014M(10240M) 171.596ms
[5278.236s][info][gc,cpu         ] GC(587) User=1.35s Sys=0.00s Real=0.18s
.....[5283.229s][info][gc,start       ] GC(588) Pause Young (Normal) (G1 Evacuation Pause)
[5283.229s][info][gc,task        ] GC(588) Using 8 workers of 8 for evacuation
[5283.393s][info][gc,phases      ] GC(588)   Pre Evacuate Collection Set: 0.30ms
[5283.393s][info][gc,phases      ] GC(588)   Merge Heap Roots: 0.58ms
[5283.393s][info][gc,phases      ] GC(588)   Evacuate Collection Set: 161.41ms
[5283.393s][info][gc,phases      ] GC(588)   Post Evacuate Collection Set: 1.28ms
[5283.393s][info][gc,phases      ] GC(588)   Other: 0.07ms
[5283.393s][info][gc,heap        ] GC(588) Eden regions: 714->0(716)
[5283.393s][info][gc,heap        ] GC(588) Survivor regions: 54->52(96)
[5283.393s][info][gc,heap        ] GC(588) Old regions: 169->171
[5283.393s][info][gc,heap        ] GC(588) Humongous regions: 32->32
[5283.393s][info][gc,metaspace   ] GC(588) Metaspace: 29961K(30464K)->29961K(30464K) NonClass: 26564K(26816K)->26564K(26816K) Class: 3397K(3648K)->3397K(3648K)
[5283.393s][info][gc             ] GC(588) Pause Young (Normal) (G1 Evacuation Pause) 7726M->2014M(10240M) 163.787ms
[5283.393s][info][gc,cpu         ] GC(588) User=1.28s Sys=0.00s Real=0.16s
.....[5288.555s][info][gc,start       ] GC(589) Pause Young (Normal) (G1 Evacuation Pause)
[5288.555s][info][gc,task        ] GC(589) Using 8 workers of 8 for evacuation
[5288.723s][info][gc,phases      ] GC(589)   Pre Evacuate Collection Set: 0.29ms
[5288.723s][info][gc,phases      ] GC(589)   Merge Heap Roots: 0.62ms
[5288.723s][info][gc,phases      ] GC(589)   Evacuate Collection Set: 165.50ms
[5288.723s][info][gc,phases      ] GC(589)   Post Evacuate Collection Set: 1.26ms
[5288.723s][info][gc,phases      ] GC(589)   Other: 0.09ms
[5288.723s][info][gc,heap        ] GC(589) Eden regions: 716->0(715)
[5288.723s][info][gc,heap        ] GC(589) Survivor regions: 52->53(96)
[5288.723s][info][gc,heap        ] GC(589) Old regions: 171->174
[5288.723s][info][gc,heap        ] GC(589) Humongous regions: 32->32
[5288.723s][info][gc,metaspace   ] GC(589) Metaspace: 29961K(30464K)->29961K(30464K) NonClass: 26564K(26816K)->26564K(26816K) Class: 3397K(3648K)->3397K(3648K)
[5288.723s][info][gc             ] GC(589) Pause Young (Normal) (G1 Evacuation Pause) 7742M->2042M(10240M) 167.894ms
[5288.723s][info][gc,cpu         ] GC(589) User=1.32s Sys=0.00s Real=0.16s
......[5293.948s][info][gc,start       ] GC(590) Pause Young (Normal) (G1 Evacuation Pause)
[5293.948s][info][gc,task        ] GC(590) Using 8 workers of 8 for evacuation
[5294.119s][info][gc,phases      ] GC(590)   Pre Evacuate Collection Set: 0.28ms
[5294.119s][info][gc,phases      ] GC(590)   Merge Heap Roots: 0.63ms
[5294.119s][info][gc,phases      ] GC(590)   Evacuate Collection Set: 168.04ms
[5294.119s][info][gc,phases      ] GC(590)   Post Evacuate Collection Set: 1.28ms
[5294.119s][info][gc,phases      ] GC(590)   Other: 0.06ms
[5294.119s][info][gc,heap        ] GC(590) Eden regions: 715->0(715)
[5294.119s][info][gc,heap        ] GC(590) Survivor regions: 53->53(96)
[5294.119s][info][gc,heap        ] GC(590) Old regions: 174->176
[5294.119s][info][gc,heap        ] GC(590) Humongous regions: 32->32
[5294.119s][info][gc,metaspace   ] GC(590) Metaspace: 29961K(30464K)->29961K(30464K) NonClass: 26564K(26816K)->26564K(26816K) Class: 3397K(3648K)->3397K(3648K)
[5294.119s][info][gc             ] GC(590) Pause Young (Normal) (G1 Evacuation Pause) 7762M->2066M(10240M) 170.423ms
[5294.119s][info][gc,cpu         ] GC(590) User=1.34s Sys=0.00s Real=0.17s
.....[5299.186s][info][gc,start       ] GC(591) Pause Young (Normal) (G1 Evacuation Pause)
[5299.186s][info][gc,task        ] GC(591) Using 8 workers of 8 for evacuation
[5299.353s][info][gc,phases      ] GC(591)   Pre Evacuate Collection Set: 0.28ms
[5299.353s][info][gc,phases      ] GC(591)   Merge Heap Roots: 0.57ms
[5299.353s][info][gc,phases      ] GC(591)   Evacuate Collection Set: 164.08ms
[5299.353s][info][gc,phases      ] GC(591)   Post Evacuate Collection Set: 1.33ms
[5299.353s][info][gc,phases      ] GC(591)   Other: 0.07ms
[5299.353s][info][gc,heap        ] GC(591) Eden regions: 715->0(716)
[5299.353s][info][gc,heap        ] GC(591) Survivor regions: 53->52(96)
[5299.353s][info][gc,heap        ] GC(591) Old regions: 176->179
[5299.353s][info][gc,heap        ] GC(591) Humongous regions: 32->32
[5299.353s][info][gc,metaspace   ] GC(591) Metaspace: 29961K(30464K)->29961K(30464K) NonClass: 26564K(26816K)->26564K(26816K) Class: 3397K(3648K)->3397K(3648K)
[5299.353s][info][gc             ] GC(591) Pause Young (Normal) (G1 Evacuation Pause) 7786M->2075M(10240M) 166.466ms
[5299.353s][info][gc,cpu         ] GC(591) User=1.31s Sys=0.00s Real=0.16s
.....[5304.384s][info][gc,start       ] GC(592) Pause Young (Normal) (G1 Evacuation Pause)
[5304.384s][info][gc,task        ] GC(592) Using 8 workers of 8 for evacuation
[5304.552s][info][gc,phases      ] GC(592)   Pre Evacuate Collection Set: 0.29ms
[5304.552s][info][gc,phases      ] GC(592)   Merge Heap Roots: 0.57ms
[5304.552s][info][gc,phases      ] GC(592)   Evacuate Collection Set: 165.97ms
[5304.552s][info][gc,phases      ] GC(592)   Post Evacuate Collection Set: 1.27ms
[5304.552s][info][gc,phases      ] GC(592)   Other: 0.07ms
[5304.552s][info][gc,heap        ] GC(592) Eden regions: 716->0(716)
[5304.552s][info][gc,heap        ] GC(592) Survivor regions: 52->52(96)
[5304.552s][info][gc,heap        ] GC(592) Old regions: 179->181
[5304.552s][info][gc,heap        ] GC(592) Humongous regions: 32->32
[5304.552s][info][gc,metaspace   ] GC(592) Metaspace: 29961K(30464K)->29961K(30464K) NonClass: 26564K(26816K)->26564K(26816K) Class: 3397K(3648K)->3397K(3648K)
[5304.552s][info][gc             ] GC(592) Pause Young (Normal) (G1 Evacuation Pause) 7803M->2095M(10240M) 168.309ms
[5304.552s][info][gc,cpu         ] GC(592) User=1.32s Sys=0.01s Real=0.17s
.....[5309.659s][info][gc,start       ] GC(593) Pause Young (Normal) (G1 Evacuation Pause)
[5309.659s][info][gc,task        ] GC(593) Using 8 workers of 8 for evacuation
[5309.825s][info][gc,phases      ] GC(593)   Pre Evacuate Collection Set: 0.28ms
[5309.825s][info][gc,phases      ] GC(593)   Merge Heap Roots: 0.59ms
[5309.825s][info][gc,phases      ] GC(593)   Evacuate Collection Set: 163.72ms
[5309.825s][info][gc,phases      ] GC(593)   Post Evacuate Collection Set: 1.26ms
[5309.825s][info][gc,phases      ] GC(593)   Other: 0.07ms
[5309.825s][info][gc,heap        ] GC(593) Eden regions: 716->0(716)
[5309.825s][info][gc,heap        ] GC(593) Survivor regions: 52->52(96)
[5309.825s][info][gc,heap        ] GC(593) Old regions: 181->184
[5309.825s][info][gc,heap        ] GC(593) Humongous regions: 32->32
[5309.825s][info][gc,metaspace   ] GC(593) Metaspace: 29961K(30464K)->29961K(30464K) NonClass: 26564K(26816K)->26564K(26816K) Class: 3397K(3648K)->3397K(3648K)
[5309.825s][info][gc             ] GC(593) Pause Young (Normal) (G1 Evacuation Pause) 7823M->2114M(10240M) 166.074ms
[5309.825s][info][gc,cpu         ] GC(593) User=1.29s Sys=0.00s Real=0.17s
. (rIR:aIR:PR = 9132:9164:9152) (tPR = 135137) [OK] 
  5309s: Performance info:
         Transaction,    Success,    Partial,     Failed,   Receipts, AvgBarcode, 
             Overall,     549423,          0,          0,     522332,      59.47, 
         Response times:
             Request,    Success,    Partial,     Failed,   SkipFail,     Probes,    Samples,      min,      p50,      p90,      p95,      p99,      max, 
       TotalPurchase,     522881,          0,          0,          0,     358656,     408834,      300,     6400,    16600,    38000,    95000,   531000,
     InStorePurchase,     277227,          0,          0,          0,     188534,     214515,      300,     6500,    16600,    40000,    96000,   531000,
      OnlinePurchase,     191029,          0,          0,          0,     132193,     150740,      400,     6300,    16600,    37000,    93000,   530000,
        InstPurchase,      54625,          0,          0,          0,      37929,      43579,      500,     6200,    16700,    35000,    94000,   430000,
          AssocOfCat,        547,          0,          0,          0,        461,        627,    31000,    52000,    74000,    86600,   142440,   232000,
      AssocOfProduct,       5519,          0,          0,          0,       3977,       4803,      800,     6700,    17900,    51000,   100000,   266000,
      BusinessReport,       1365,          0,          0,          0,       1203,       1477,    32000,    60000,    91000,   137100,   238000,   268000,
          CustBuyBeh,       5460,          0,          0,          0,       3916,       4691,      500,     6500,    17900,    51400,    98000,   324000,
       ProductReturn,      14372,          0,          0,          0,       9254,      10839,      200,     6400,    16100,    39000,    92000,   432000,

  5309s: (67%)   IR =   9271 ....[5314.977s][info][gc,start       ] GC(594) Pause Young (Normal) (G1 Evacuation Pause)
[5314.977s][info][gc,task        ] GC(594) Using 8 workers of 8 for evacuation
[5315.147s][info][gc,phases      ] GC(594)   Pre Evacuate Collection Set: 0.29ms
[5315.147s][info][gc,phases      ] GC(594)   Merge Heap Roots: 0.59ms
[5315.147s][info][gc,phases      ] GC(594)   Evacuate Collection Set: 167.79ms
[5315.147s][info][gc,phases      ] GC(594)   Post Evacuate Collection Set: 1.28ms
[5315.147s][info][gc,phases      ] GC(594)   Other: 0.07ms
[5315.147s][info][gc,heap        ] GC(594) Eden regions: 716->0(716)
[5315.147s][info][gc,heap        ] GC(594) Survivor regions: 52->52(96)
[5315.147s][info][gc,heap        ] GC(594) Old regions: 184->186
[5315.147s][info][gc,heap        ] GC(594) Humongous regions: 32->32
[5315.147s][info][gc,metaspace   ] GC(594) Metaspace: 29961K(30464K)->29961K(30464K) NonClass: 26564K(26816K)->26564K(26816K) Class: 3397K(3648K)->3397K(3648K)
[5315.147s][info][gc             ] GC(594) Pause Young (Normal) (G1 Evacuation Pause) 7842M->2139M(10240M) 170.163ms
[5315.147s][info][gc,cpu         ] GC(594) User=1.34s Sys=0.00s Real=0.17s
......[5320.227s][info][gc,start       ] GC(595) Pause Young (Normal) (G1 Evacuation Pause)
[5320.227s][info][gc,task        ] GC(595) Using 8 workers of 8 for evacuation
[5320.394s][info][gc,phases      ] GC(595)   Pre Evacuate Collection Set: 0.26ms
[5320.394s][info][gc,phases      ] GC(595)   Merge Heap Roots: 0.57ms
[5320.394s][info][gc,phases      ] GC(595)   Evacuate Collection Set: 164.22ms
[5320.394s][info][gc,phases      ] GC(595)   Post Evacuate Collection Set: 1.28ms
[5320.394s][info][gc,phases      ] GC(595)   Other: 0.08ms
[5320.394s][info][gc,heap        ] GC(595) Eden regions: 716->0(717)
[5320.394s][info][gc,heap        ] GC(595) Survivor regions: 52->51(96)
[5320.394s][info][gc,heap        ] GC(595) Old regions: 186->189
[5320.394s][info][gc,heap        ] GC(595) Humongous regions: 32->32
[5320.394s][info][gc,metaspace   ] GC(595) Metaspace: 29961K(30464K)->29961K(30464K) NonClass: 26564K(26816K)->26564K(26816K) Class: 3397K(3648K)->3397K(3648K)
[5320.394s][info][gc             ] GC(595) Pause Young (Normal) (G1 Evacuation Pause) 7867M->2147M(10240M) 166.556ms
[5320.394s][info][gc,cpu         ] GC(595) User=1.31s Sys=0.00s Real=0.16s
.....[5325.373s][info][gc,start       ] GC(596) Pause Young (Normal) (G1 Evacuation Pause)
[5325.374s][info][gc,task        ] GC(596) Using 8 workers of 8 for evacuation
[5325.548s][info][gc,phases      ] GC(596)   Pre Evacuate Collection Set: 0.31ms
[5325.548s][info][gc,phases      ] GC(596)   Merge Heap Roots: 0.59ms
[5325.548s][info][gc,phases      ] GC(596)   Evacuate Collection Set: 172.64ms
[5325.548s][info][gc,phases      ] GC(596)   Post Evacuate Collection Set: 1.31ms
[5325.549s][info][gc,phases      ] GC(596)   Other: 0.07ms
[5325.549s][info][gc,heap        ] GC(596) Eden regions: 717->0(714)
[5325.549s][info][gc,heap        ] GC(596) Survivor regions: 51->54(96)
[5325.549s][info][gc,heap        ] GC(596) Old regions: 189->191
[5325.549s][info][gc,heap        ] GC(596) Humongous regions: 32->32
[5325.549s][info][gc,metaspace   ] GC(596) Metaspace: 29961K(30464K)->29961K(30464K) NonClass: 26564K(26816K)->26564K(26816K) Class: 3397K(3648K)->3397K(3648K)
[5325.549s][info][gc             ] GC(596) Pause Young (Normal) (G1 Evacuation Pause) 7883M->2191M(10240M) 175.055ms
[5325.549s][info][gc,cpu         ] GC(596) User=1.38s Sys=0.00s Real=0.18s
..|...[5330.442s][info][gc,start       ] GC(597) Pause Young (Normal) (G1 Evacuation Pause)
[5330.442s][info][gc,task        ] GC(597) Using 8 workers of 8 for evacuation
[5330.610s][info][gc,phases      ] GC(597)   Pre Evacuate Collection Set: 0.29ms
[5330.610s][info][gc,phases      ] GC(597)   Merge Heap Roots: 0.62ms
[5330.610s][info][gc,phases      ] GC(597)   Evacuate Collection Set: 165.64ms
[5330.610s][info][gc,phases      ] GC(597)   Post Evacuate Collection Set: 1.25ms
[5330.610s][info][gc,phases      ] GC(597)   Other: 0.07ms
[5330.610s][info][gc,heap        ] GC(597) Eden regions: 714->0(717)
[5330.610s][info][gc,heap        ] GC(597) Survivor regions: 54->51(96)
[5330.610s][info][gc,heap        ] GC(597) Old regions: 191->194
[5330.610s][info][gc,heap        ] GC(597) Humongous regions: 32->32
[5330.610s][info][gc,metaspace   ] GC(597) Metaspace: 29961K(30464K)->29961K(30464K) NonClass: 26564K(26816K)->26564K(26816K) Class: 3397K(3648K)->3397K(3648K)
[5330.610s][info][gc             ] GC(597) Pause Young (Normal) (G1 Evacuation Pause) 7903M->2190M(10240M) 168.008ms
[5330.610s][info][gc,cpu         ] GC(597) User=1.33s Sys=0.00s Real=0.17s
.....[5335.650s][info][gc,start       ] GC(598) Pause Young (Normal) (G1 Evacuation Pause)
[5335.650s][info][gc,task        ] GC(598) Using 8 workers of 8 for evacuation
[5335.816s][info][gc,phases      ] GC(598)   Pre Evacuate Collection Set: 0.29ms
[5335.816s][info][gc,phases      ] GC(598)   Merge Heap Roots: 0.61ms
[5335.816s][info][gc,phases      ] GC(598)   Evacuate Collection Set: 163.98ms
[5335.816s][info][gc,phases      ] GC(598)   Post Evacuate Collection Set: 1.25ms
[5335.816s][info][gc,phases      ] GC(598)   Other: 0.07ms
[5335.816s][info][gc,heap        ] GC(598) Eden regions: 717->0(717)
[5335.816s][info][gc,heap        ] GC(598) Survivor regions: 51->51(96)
[5335.816s][info][gc,heap        ] GC(598) Old regions: 194->196
[5335.816s][info][gc,heap        ] GC(598) Humongous regions: 32->32
[5335.816s][info][gc,metaspace   ] GC(598) Metaspace: 29961K(30464K)->29961K(30464K) NonClass: 26564K(26816K)->26564K(26816K) Class: 3397K(3648K)->3397K(3648K)
[5335.816s][info][gc             ] GC(598) Pause Young (Normal) (G1 Evacuation Pause) 7926M->2211M(10240M) 166.361ms
[5335.816s][info][gc,cpu         ] GC(598) User=1.31s Sys=0.00s Real=0.17s
.....[5340.719s][info][gc,start       ] GC(599) Pause Young (Normal) (G1 Evacuation Pause)
[5340.720s][info][gc,task        ] GC(599) Using 8 workers of 8 for evacuation
[5340.885s][info][gc,phases      ] GC(599)   Pre Evacuate Collection Set: 0.31ms
[5340.885s][info][gc,phases      ] GC(599)   Merge Heap Roots: 0.55ms
[5340.885s][info][gc,phases      ] GC(599)   Evacuate Collection Set: 163.49ms
[5340.885s][info][gc,phases      ] GC(599)   Post Evacuate Collection Set: 1.24ms
[5340.885s][info][gc,phases      ] GC(599)   Other: 0.07ms
[5340.885s][info][gc,heap        ] GC(599) Eden regions: 717->0(716)
[5340.885s][info][gc,heap        ] GC(599) Survivor regions: 51->52(96)
[5340.885s][info][gc,heap        ] GC(599) Old regions: 196->199
[5340.885s][info][gc,heap        ] GC(599) Humongous regions: 32->32
[5340.885s][info][gc,metaspace   ] GC(599) Metaspace: 29961K(30464K)->29961K(30464K) NonClass: 26564K(26816K)->26564K(26816K) Class: 3397K(3648K)->3397K(3648K)
[5340.885s][info][gc             ] GC(599) Pause Young (Normal) (G1 Evacuation Pause) 7947M->2239M(10240M) 165.797ms
[5340.885s][info][gc,cpu         ] GC(599) User=1.30s Sys=0.00s Real=0.17s
.....[5345.977s][info][gc,start       ] GC(600) Pause Young (Normal) (G1 Evacuation Pause)
[5345.977s][info][gc,task        ] GC(600) Using 8 workers of 8 for evacuation
[5346.149s][info][gc,phases      ] GC(600)   Pre Evacuate Collection Set: 0.29ms
[5346.149s][info][gc,phases      ] GC(600)   Merge Heap Roots: 0.59ms
[5346.149s][info][gc,phases      ] GC(600)   Evacuate Collection Set: 169.93ms
[5346.149s][info][gc,phases      ] GC(600)   Post Evacuate Collection Set: 1.24ms
[5346.150s][info][gc,phases      ] GC(600)   Other: 0.06ms
[5346.150s][info][gc,heap        ] GC(600) Eden regions: 716->0(715)
[5346.150s][info][gc,heap        ] GC(600) Survivor regions: 52->53(96)
[5346.150s][info][gc,heap        ] GC(600) Old regions: 199->201
[5346.150s][info][gc,heap        ] GC(600) Humongous regions: 32->32
[5346.150s][info][gc,metaspace   ] GC(600) Metaspace: 29961K(30464K)->29961K(30464K) NonClass: 26564K(26816K)->26564K(26816K) Class: 3397K(3648K)->3397K(3648K)
[5346.150s][info][gc             ] GC(600) Pause Young (Normal) (G1 Evacuation Pause) 7967M->2263M(10240M) 172.249ms
[5346.150s][info][gc,cpu         ] GC(600) User=1.35s Sys=0.00s Real=0.17s
......[5351.200s][info][gc,start       ] GC(601) Pause Young (Normal) (G1 Evacuation Pause)
[5351.200s][info][gc,task        ] GC(601) Using 8 workers of 8 for evacuation
[5351.365s][info][gc,phases      ] GC(601)   Pre Evacuate Collection Set: 0.28ms
[5351.365s][info][gc,phases      ] GC(601)   Merge Heap Roots: 0.57ms
[5351.365s][info][gc,phases      ] GC(601)   Evacuate Collection Set: 163.29ms
[5351.365s][info][gc,phases      ] GC(601)   Post Evacuate Collection Set: 1.28ms
[5351.365s][info][gc,phases      ] GC(601)   Other: 0.07ms
[5351.366s][info][gc,heap        ] GC(601) Eden regions: 715->0(717)
[5351.366s][info][gc,heap        ] GC(601) Survivor regions: 53->51(96)
[5351.366s][info][gc,heap        ] GC(601) Old regions: 201->204
[5351.366s][info][gc,heap        ] GC(601) Humongous regions: 32->32
[5351.366s][info][gc,metaspace   ] GC(601) Metaspace: 29961K(30464K)->29961K(30464K) NonClass: 26564K(26816K)->26564K(26816K) Class: 3397K(3648K)->3397K(3648K)
[5351.366s][info][gc             ] GC(601) Pause Young (Normal) (G1 Evacuation Pause) 7983M->2271M(10240M) 165.624ms
[5351.366s][info][gc,cpu         ] GC(601) User=1.31s Sys=0.00s Real=0.17s
.....[5356.392s][info][gc,start       ] GC(602) Pause Young (Normal) (G1 Evacuation Pause)
[5356.392s][info][gc,task        ] GC(602) Using 8 workers of 8 for evacuation
[5356.561s][info][gc,phases      ] GC(602)   Pre Evacuate Collection Set: 0.29ms
[5356.561s][info][gc,phases      ] GC(602)   Merge Heap Roots: 0.56ms
[5356.561s][info][gc,phases      ] GC(602)   Evacuate Collection Set: 166.86ms
[5356.561s][info][gc,phases      ] GC(602)   Post Evacuate Collection Set: 1.29ms
[5356.561s][info][gc,phases      ] GC(602)   Other: 0.06ms
[5356.561s][info][gc,heap        ] GC(602) Eden regions: 717->0(716)
[5356.561s][info][gc,heap        ] GC(602) Survivor regions: 51->52(96)
[5356.561s][info][gc,heap        ] GC(602) Old regions: 204->206
[5356.561s][info][gc,heap        ] GC(602) Humongous regions: 32->32
[5356.561s][info][gc,metaspace   ] GC(602) Metaspace: 29961K(30464K)->29961K(30464K) NonClass: 26564K(26816K)->26564K(26816K) Class: 3397K(3648K)->3397K(3648K)
[5356.561s][info][gc             ] GC(602) Pause Young (Normal) (G1 Evacuation Pause) 8007M->2295M(10240M) 169.212ms
[5356.561s][info][gc,cpu         ] GC(602) User=1.33s Sys=0.00s Real=0.17s
.....[5361.591s][info][gc,start       ] GC(603) Pause Young (Normal) (G1 Evacuation Pause)
[5361.591s][info][gc,task        ] GC(603) Using 8 workers of 8 for evacuation
[5361.758s][info][gc,phases      ] GC(603)   Pre Evacuate Collection Set: 0.29ms
[5361.758s][info][gc,phases      ] GC(603)   Merge Heap Roots: 0.58ms
[5361.758s][info][gc,phases      ] GC(603)   Evacuate Collection Set: 164.74ms
[5361.758s][info][gc,phases      ] GC(603)   Post Evacuate Collection Set: 1.26ms
[5361.758s][info][gc,phases      ] GC(603)   Other: 0.08ms
[5361.758s][info][gc,heap        ] GC(603) Eden regions: 716->0(717)
[5361.758s][info][gc,heap        ] GC(603) Survivor regions: 52->51(96)
[5361.758s][info][gc,heap        ] GC(603) Old regions: 206->209
[5361.758s][info][gc,heap        ] GC(603) Humongous regions: 32->32
[5361.758s][info][gc,metaspace   ] GC(603) Metaspace: 29961K(30464K)->29961K(30464K) NonClass: 26564K(26816K)->26564K(26816K) Class: 3397K(3648K)->3397K(3648K)
[5361.758s][info][gc             ] GC(603) Pause Young (Normal) (G1 Evacuation Pause) 8023M->2312M(10240M) 167.078ms
[5361.758s][info][gc,cpu         ] GC(603) User=1.31s Sys=0.00s Real=0.17s
.....[5366.887s][info][gc,start       ] GC(604) Pause Young (Normal) (G1 Evacuation Pause)
[5366.887s][info][gc,task        ] GC(604) Using 8 workers of 8 for evacuation
[5367.057s][info][gc,phases      ] GC(604)   Pre Evacuate Collection Set: 0.29ms
[5367.057s][info][gc,phases      ] GC(604)   Merge Heap Roots: 0.58ms
[5367.057s][info][gc,phases      ] GC(604)   Evacuate Collection Set: 167.40ms
[5367.057s][info][gc,phases      ] GC(604)   Post Evacuate Collection Set: 1.30ms
[5367.057s][info][gc,phases      ] GC(604)   Other: 0.07ms
[5367.057s][info][gc,heap        ] GC(604) Eden regions: 717->0(716)
[5367.057s][info][gc,heap        ] GC(604) Survivor regions: 51->52(96)
[5367.057s][info][gc,heap        ] GC(604) Old regions: 209->212
[5367.057s][info][gc,heap        ] GC(604) Humongous regions: 32->32
[5367.057s][info][gc,metaspace   ] GC(604) Metaspace: 29961K(30464K)->29961K(30464K) NonClass: 26564K(26816K)->26564K(26816K) Class: 3397K(3648K)->3397K(3648K)
[5367.057s][info][gc             ] GC(604) Pause Young (Normal) (G1 Evacuation Pause) 8048M->2336M(10240M) 169.785ms
[5367.057s][info][gc,cpu         ] GC(604) User=1.33s Sys=0.00s Real=0.17s
.....[5371.964s][info][gc,start       ] GC(605) Pause Young (Normal) (G1 Evacuation Pause)
[5371.964s][info][gc,task        ] GC(605) Using 8 workers of 8 for evacuation
[5372.136s][info][gc,phases      ] GC(605)   Pre Evacuate Collection Set: 0.30ms
[5372.136s][info][gc,phases      ] GC(605)   Merge Heap Roots: 0.58ms
[5372.136s][info][gc,phases      ] GC(605)   Evacuate Collection Set: 170.00ms
[5372.136s][info][gc,phases      ] GC(605)   Post Evacuate Collection Set: 1.24ms
[5372.136s][info][gc,phases      ] GC(605)   Other: 0.07ms
[5372.136s][info][gc,heap        ] GC(605) Eden regions: 716->0(714)
[5372.136s][info][gc,heap        ] GC(605) Survivor regions: 52->54(96)
[5372.136s][info][gc,heap        ] GC(605) Old regions: 212->214
[5372.136s][info][gc,heap        ] GC(605) Humongous regions: 32->32
[5372.136s][info][gc,metaspace   ] GC(605) Metaspace: 29961K(30464K)->29961K(30464K) NonClass: 26564K(26816K)->26564K(26816K) Class: 3397K(3648K)->3397K(3648K)
[5372.136s][info][gc             ] GC(605) Pause Young (Normal) (G1 Evacuation Pause) 8064M->2372M(10240M) 172.308ms
[5372.136s][info][gc,cpu         ] GC(605) User=1.35s Sys=0.00s Real=0.18s
.....[5377.140s][info][gc,start       ] GC(606) Pause Young (Normal) (G1 Evacuation Pause)
[5377.140s][info][gc,task        ] GC(606) Using 8 workers of 8 for evacuation
[5377.308s][info][gc,phases      ] GC(606)   Pre Evacuate Collection Set: 0.30ms
[5377.308s][info][gc,phases      ] GC(606)   Merge Heap Roots: 0.66ms
[5377.308s][info][gc,phases      ] GC(606)   Evacuate Collection Set: 165.42ms
[5377.308s][info][gc,phases      ] GC(606)   Post Evacuate Collection Set: 1.32ms
[5377.308s][info][gc,phases      ] GC(606)   Other: 0.07ms
[5377.308s][info][gc,heap        ] GC(606) Eden regions: 714->0(717)
[5377.308s][info][gc,heap        ] GC(606) Survivor regions: 54->51(96)
[5377.308s][info][gc,heap        ] GC(606) Old regions: 214->217
[5377.308s][info][gc,heap        ] GC(606) Humongous regions: 32->32
[5377.308s][info][gc,metaspace   ] GC(606) Metaspace: 29961K(30464K)->29961K(30464K) NonClass: 26564K(26816K)->26564K(26816K) Class: 3397K(3648K)->3397K(3648K)
[5377.308s][info][gc             ] GC(606) Pause Young (Normal) (G1 Evacuation Pause) 8084M->2372M(10240M) 167.912ms
[5377.308s][info][gc,cpu         ] GC(606) User=1.32s Sys=0.00s Real=0.17s
.....[5382.317s][info][gc,start       ] GC(607) Pause Young (Normal) (G1 Evacuation Pause)
[5382.317s][info][gc,task        ] GC(607) Using 8 workers of 8 for evacuation
[5382.486s][info][gc,phases      ] GC(607)   Pre Evacuate Collection Set: 0.30ms
[5382.486s][info][gc,phases      ] GC(607)   Merge Heap Roots: 0.56ms
[5382.486s][info][gc,phases      ] GC(607)   Evacuate Collection Set: 166.10ms
[5382.486s][info][gc,phases      ] GC(607)   Post Evacuate Collection Set: 1.27ms
[5382.486s][info][gc,phases      ] GC(607)   Other: 0.08ms
[5382.486s][info][gc,heap        ] GC(607) Eden regions: 717->0(717)
[5382.486s][info][gc,heap        ] GC(607) Survivor regions: 51->51(96)
[5382.486s][info][gc,heap        ] GC(607) Old regions: 217->219
[5382.486s][info][gc,heap        ] GC(607) Humongous regions: 32->32
[5382.486s][info][gc,metaspace   ] GC(607) Metaspace: 29961K(30464K)->29961K(30464K) NonClass: 26564K(26816K)->26564K(26816K) Class: 3397K(3648K)->3397K(3648K)
[5382.486s][info][gc             ] GC(607) Pause Young (Normal) (G1 Evacuation Pause) 8108M->2393M(10240M) 168.455ms
[5382.486s][info][gc,cpu         ] GC(607) User=1.33s Sys=0.00s Real=0.17s
......[5387.525s][info][gc,start       ] GC(608) Pause Young (Normal) (G1 Evacuation Pause)
[5387.525s][info][gc,task        ] GC(608) Using 8 workers of 8 for evacuation
[5387.691s][info][gc,phases      ] GC(608)   Pre Evacuate Collection Set: 0.30ms
[5387.691s][info][gc,phases      ] GC(608)   Merge Heap Roots: 0.67ms
[5387.691s][info][gc,phases      ] GC(608)   Evacuate Collection Set: 163.23ms
[5387.691s][info][gc,phases      ] GC(608)   Post Evacuate Collection Set: 1.30ms
[5387.691s][info][gc,phases      ] GC(608)   Other: 0.07ms
[5387.691s][info][gc,heap        ] GC(608) Eden regions: 717->0(716)
[5387.691s][info][gc,heap        ] GC(608) Survivor regions: 51->52(96)
[5387.691s][info][gc,heap        ] GC(608) Old regions: 219->222
[5387.691s][info][gc,heap        ] GC(608) Humongous regions: 32->32
[5387.691s][info][gc,metaspace   ] GC(608) Metaspace: 29961K(30464K)->29961K(30464K) NonClass: 26564K(26816K)->26564K(26816K) Class: 3397K(3648K)->3397K(3648K)
[5387.691s][info][gc             ] GC(608) Pause Young (Normal) (G1 Evacuation Pause) 8129M->2418M(10240M) 165.682ms
[5387.691s][info][gc,cpu         ] GC(608) User=1.30s Sys=0.00s Real=0.16s
 (rIR:aIR:PR = 9271:9273:9272) (tPR = 136190) [OK] 
  5387s: Performance info:
         Transaction,    Success,    Partial,     Failed,   Receipts, AvgBarcode, 
             Overall,     559404,          0,          0,     531308,      59.47, 
         Response times:
             Request,    Success,    Partial,     Failed,   SkipFail,     Probes,    Samples,      min,      p50,      p90,      p95,      p99,      max, 
       TotalPurchase,     531321,          0,          0,          0,     359455,     466778,      300,     6500,    18000,    44000,   102000,   660000,
     InStorePurchase,     282011,          0,          0,          0,     189598,     245957,      300,     6400,    18000,    43000,   102000,   620000,
      OnlinePurchase,     193615,          0,          0,          0,     131906,     171263,      300,     6600,    18100,    47000,   102000,   620000,
        InstPurchase,      55695,          0,          0,          0,      37951,      49558,      400,     6300,    17900,    45000,   103000,   660000,
          AssocOfCat,        561,          0,          0,          0,        467,        692,    31000,    52000,    77700,   111400,   200120,   236000,
      AssocOfProduct,       5628,          0,          0,          0,       4079,       5608,      700,     7100,    18510,    40000,   101000,   188000,
      BusinessReport,       1405,          0,          0,          0,       1242,       1711,    32000,    60000,    96000,   145400,   228000,   282000,
          CustBuyBeh,       5622,          0,          0,          0,       4082,       5567,      200,     5500,    17100,    49000,   106320,   297000,
       ProductReturn,      14936,          0,          0,          0,       9552,      12659,      200,     6100,    18500,    45000,   108400,   596000,

  5387s: (68%)   IR =   9409 ....[5392.754s][info][gc,start       ] GC(609) Pause Young (Normal) (G1 Evacuation Pause)
[5392.754s][info][gc,task        ] GC(609) Using 8 workers of 8 for evacuation
[5392.924s][info][gc,phases      ] GC(609)   Pre Evacuate Collection Set: 0.29ms
[5392.924s][info][gc,phases      ] GC(609)   Merge Heap Roots: 0.58ms
[5392.924s][info][gc,phases      ] GC(609)   Evacuate Collection Set: 167.52ms
[5392.924s][info][gc,phases      ] GC(609)   Post Evacuate Collection Set: 1.30ms
[5392.924s][info][gc,phases      ] GC(609)   Other: 0.07ms
[5392.924s][info][gc,heap        ] GC(609) Eden regions: 716->0(716)
[5392.924s][info][gc,heap        ] GC(609) Survivor regions: 52->52(96)
[5392.924s][info][gc,heap        ] GC(609) Old regions: 222->224
[5392.924s][info][gc,heap        ] GC(609) Humongous regions: 32->32
[5392.924s][info][gc,metaspace   ] GC(609) Metaspace: 29961K(30464K)->29961K(30464K) NonClass: 26564K(26816K)->26564K(26816K) Class: 3397K(3648K)->3397K(3648K)
[5392.924s][info][gc             ] GC(609) Pause Young (Normal) (G1 Evacuation Pause) 8146M->2442M(10240M) 169.880ms
[5392.924s][info][gc,cpu         ] GC(609) User=1.33s Sys=0.00s Real=0.17s
.....|[5397.793s][info][gc,start       ] GC(610) Pause Young (Normal) (G1 Evacuation Pause)
[5397.793s][info][gc,task        ] GC(610) Using 8 workers of 8 for evacuation
[5397.966s][info][gc,phases      ] GC(610)   Pre Evacuate Collection Set: 0.28ms
[5397.966s][info][gc,phases      ] GC(610)   Merge Heap Roots: 0.58ms
[5397.966s][info][gc,phases      ] GC(610)   Evacuate Collection Set: 170.34ms
[5397.966s][info][gc,phases      ] GC(610)   Post Evacuate Collection Set: 1.32ms
[5397.966s][info][gc,phases      ] GC(610)   Other: 0.07ms
[5397.966s][info][gc,heap        ] GC(610) Eden regions: 716->0(715)
[5397.966s][info][gc,heap        ] GC(610) Survivor regions: 52->53(96)
[5397.966s][info][gc,heap        ] GC(610) Old regions: 224->227
[5397.966s][info][gc,heap        ] GC(610) Humongous regions: 32->32
[5397.966s][info][gc,metaspace   ] GC(610) Metaspace: 29961K(30464K)->29961K(30464K) NonClass: 26564K(26816K)->26564K(26816K) Class: 3397K(3648K)->3397K(3648K)
[5397.966s][info][gc             ] GC(610) Pause Young (Normal) (G1 Evacuation Pause) 8170M->2470M(10240M) 172.728ms
[5397.966s][info][gc,cpu         ] GC(610) User=1.36s Sys=0.00s Real=0.18s
.....[5402.946s][info][gc,start       ] GC(611) Pause Young (Normal) (G1 Evacuation Pause)
[5402.946s][info][gc,task        ] GC(611) Using 8 workers of 8 for evacuation
[5403.117s][info][gc,phases      ] GC(611)   Pre Evacuate Collection Set: 0.28ms
[5403.117s][info][gc,phases      ] GC(611)   Merge Heap Roots: 0.58ms
[5403.117s][info][gc,phases      ] GC(611)   Evacuate Collection Set: 167.99ms
[5403.117s][info][gc,phases      ] GC(611)   Post Evacuate Collection Set: 1.29ms
[5403.117s][info][gc,phases      ] GC(611)   Other: 0.08ms
[5403.117s][info][gc,heap        ] GC(611) Eden regions: 715->0(716)
[5403.117s][info][gc,heap        ] GC(611) Survivor regions: 53->52(96)
[5403.117s][info][gc,heap        ] GC(611) Old regions: 227->229
[5403.117s][info][gc,heap        ] GC(611) Humongous regions: 32->32
[5403.117s][info][gc,metaspace   ] GC(611) Metaspace: 29961K(30464K)->29961K(30464K) NonClass: 26564K(26816K)->26564K(26816K) Class: 3397K(3648K)->3397K(3648K)
[5403.117s][info][gc             ] GC(611) Pause Young (Normal) (G1 Evacuation Pause) 8190M->2482M(10240M) 170.371ms
[5403.117s][info][gc,cpu         ] GC(611) User=1.34s Sys=0.00s Real=0.17s
......[5408.142s][info][gc,start       ] GC(612) Pause Young (Normal) (G1 Evacuation Pause)
[5408.142s][info][gc,task        ] GC(612) Using 8 workers of 8 for evacuation
[5408.315s][info][gc,phases      ] GC(612)   Pre Evacuate Collection Set: 0.31ms
[5408.315s][info][gc,phases      ] GC(612)   Merge Heap Roots: 0.62ms
[5408.315s][info][gc,phases      ] GC(612)   Evacuate Collection Set: 171.04ms
[5408.315s][info][gc,phases      ] GC(612)   Post Evacuate Collection Set: 1.28ms
[5408.315s][info][gc,phases      ] GC(612)   Other: 0.06ms
[5408.315s][info][gc,heap        ] GC(612) Eden regions: 716->0(714)
[5408.315s][info][gc,heap        ] GC(612) Survivor regions: 52->54(96)
[5408.315s][info][gc,heap        ] GC(612) Old regions: 229->232
[5408.315s][info][gc,heap        ] GC(612) Humongous regions: 32->32
[5408.315s][info][gc,metaspace   ] GC(612) Metaspace: 29961K(30464K)->29961K(30464K) NonClass: 26564K(26816K)->26564K(26816K) Class: 3397K(3648K)->3397K(3648K)
[5408.315s][info][gc             ] GC(612) Pause Young (Normal) (G1 Evacuation Pause) 8210M->2516M(10240M) 173.447ms
[5408.315s][info][gc,cpu         ] GC(612) User=1.37s Sys=0.01s Real=0.18s
.....[5413.237s][info][gc,start       ] GC(613) Pause Young (Normal) (G1 Evacuation Pause)
[5413.237s][info][gc,task        ] GC(613) Using 8 workers of 8 for evacuation
[5413.404s][info][gc,phases      ] GC(613)   Pre Evacuate Collection Set: 0.30ms
[5413.404s][info][gc,phases      ] GC(613)   Merge Heap Roots: 0.60ms
[5413.404s][info][gc,phases      ] GC(613)   Evacuate Collection Set: 164.69ms
[5413.404s][info][gc,phases      ] GC(613)   Post Evacuate Collection Set: 1.28ms
[5413.404s][info][gc,phases      ] GC(613)   Other: 0.08ms
[5413.404s][info][gc,heap        ] GC(613) Eden regions: 714->0(717)
[5413.404s][info][gc,heap        ] GC(613) Survivor regions: 54->51(96)
[5413.404s][info][gc,heap        ] GC(613) Old regions: 232->235
[5413.404s][info][gc,heap        ] GC(613) Humongous regions: 32->32
[5413.404s][info][gc,metaspace   ] GC(613) Metaspace: 29961K(30464K)->29961K(30464K) NonClass: 26564K(26816K)->26564K(26816K) Class: 3397K(3648K)->3397K(3648K)
[5413.404s][info][gc             ] GC(613) Pause Young (Normal) (G1 Evacuation Pause) 8228M->2517M(10240M) 167.081ms
[5413.404s][info][gc,cpu         ] GC(613) User=1.31s Sys=0.00s Real=0.16s
.....[5418.391s][info][gc,start       ] GC(614) Pause Young (Normal) (G1 Evacuation Pause)
[5418.391s][info][gc,task        ] GC(614) Using 8 workers of 8 for evacuation
[5418.557s][info][gc,phases      ] GC(614)   Pre Evacuate Collection Set: 0.30ms
[5418.557s][info][gc,phases      ] GC(614)   Merge Heap Roots: 0.60ms
[5418.557s][info][gc,phases      ] GC(614)   Evacuate Collection Set: 163.87ms
[5418.557s][info][gc,phases      ] GC(614)   Post Evacuate Collection Set: 1.26ms
[5418.557s][info][gc,phases      ] GC(614)   Other: 0.06ms
[5418.557s][info][gc,heap        ] GC(614) Eden regions: 717->0(717)
[5418.557s][info][gc,heap        ] GC(614) Survivor regions: 51->51(96)
[5418.557s][info][gc,heap        ] GC(614) Old regions: 235->237
[5418.557s][info][gc,heap        ] GC(614) Humongous regions: 32->32
[5418.557s][info][gc,metaspace   ] GC(614) Metaspace: 29961K(30464K)->29961K(30464K) NonClass: 26564K(26816K)->26564K(26816K) Class: 3397K(3648K)->3397K(3648K)
[5418.557s][info][gc             ] GC(614) Pause Young (Normal) (G1 Evacuation Pause) 8253M->2534M(10240M) 166.242ms
[5418.557s][info][gc,cpu         ] GC(614) User=1.31s Sys=0.00s Real=0.17s
.....[5423.586s][info][gc,start       ] GC(615) Pause Young (Normal) (G1 Evacuation Pause)
[5423.586s][info][gc,task        ] GC(615) Using 8 workers of 8 for evacuation
[5423.753s][info][gc,phases      ] GC(615)   Pre Evacuate Collection Set: 0.27ms
[5423.754s][info][gc,phases      ] GC(615)   Merge Heap Roots: 0.57ms
[5423.754s][info][gc,phases      ] GC(615)   Evacuate Collection Set: 165.14ms
[5423.754s][info][gc,phases      ] GC(615)   Post Evacuate Collection Set: 1.29ms
[5423.754s][info][gc,phases      ] GC(615)   Other: 0.07ms
[5423.754s][info][gc,heap        ] GC(615) Eden regions: 717->0(716)
[5423.754s][info][gc,heap        ] GC(615) Survivor regions: 51->52(96)
[5423.754s][info][gc,heap        ] GC(615) Old regions: 237->240
[5423.754s][info][gc,heap        ] GC(615) Humongous regions: 32->32
[5423.754s][info][gc,metaspace   ] GC(615) Metaspace: 29961K(30464K)->29961K(30464K) NonClass: 26564K(26816K)->26564K(26816K) Class: 3397K(3648K)->3397K(3648K)
[5423.754s][info][gc             ] GC(615) Pause Young (Normal) (G1 Evacuation Pause) 8270M->2566M(10240M) 167.480ms
[5423.754s][info][gc,cpu         ] GC(615) User=1.32s Sys=0.00s Real=0.16s
.....[5428.813s][info][gc,start       ] GC(616) Pause Young (Normal) (G1 Evacuation Pause)
[5428.814s][info][gc,task        ] GC(616) Using 8 workers of 8 for evacuation
[5428.980s][info][gc,phases      ] GC(616)   Pre Evacuate Collection Set: 0.32ms
[5428.980s][info][gc,phases      ] GC(616)   Merge Heap Roots: 0.63ms
[5428.980s][info][gc,phases      ] GC(616)   Evacuate Collection Set: 164.61ms
[5428.980s][info][gc,phases      ] GC(616)   Post Evacuate Collection Set: 1.25ms
[5428.980s][info][gc,phases      ] GC(616)   Other: 0.07ms
[5428.980s][info][gc,heap        ] GC(616) Eden regions: 716->0(716)
[5428.980s][info][gc,heap        ] GC(616) Survivor regions: 52->52(96)
[5428.980s][info][gc,heap        ] GC(616) Old regions: 240->242
[5428.980s][info][gc,heap        ] GC(616) Humongous regions: 32->32
[5428.980s][info][gc,metaspace   ] GC(616) Metaspace: 29961K(30464K)->29961K(30464K) NonClass: 26564K(26816K)->26564K(26816K) Class: 3397K(3648K)->3397K(3648K)
[5428.980s][info][gc             ] GC(616) Pause Young (Normal) (G1 Evacuation Pause) 8294M->2586M(10240M) 167.055ms
[5428.981s][info][gc,cpu         ] GC(616) User=1.32s Sys=0.00s Real=0.17s
.....[5433.943s][info][gc,start       ] GC(617) Pause Young (Normal) (G1 Evacuation Pause)
[5433.943s][info][gc,task        ] GC(617) Using 8 workers of 8 for evacuation
[5434.114s][info][gc,phases      ] GC(617)   Pre Evacuate Collection Set: 0.27ms
[5434.114s][info][gc,phases      ] GC(617)   Merge Heap Roots: 0.57ms
[5434.114s][info][gc,phases      ] GC(617)   Evacuate Collection Set: 168.09ms
[5434.114s][info][gc,phases      ] GC(617)   Post Evacuate Collection Set: 1.28ms
[5434.114s][info][gc,phases      ] GC(617)   Other: 0.07ms
[5434.114s][info][gc,heap        ] GC(617) Eden regions: 716->0(716)
[5434.114s][info][gc,heap        ] GC(617) Survivor regions: 52->52(96)
[5434.114s][info][gc,heap        ] GC(617) Old regions: 242->245
[5434.114s][info][gc,heap        ] GC(617) Humongous regions: 32->32
[5434.114s][info][gc,metaspace   ] GC(617) Metaspace: 29961K(30464K)->29961K(30464K) NonClass: 26564K(26816K)->26564K(26816K) Class: 3397K(3648K)->3397K(3648K)
[5434.114s][info][gc             ] GC(617) Pause Young (Normal) (G1 Evacuation Pause) 8314M->2607M(10240M) 170.411ms
[5434.114s][info][gc,cpu         ] GC(617) User=1.35s Sys=0.00s Real=0.17s
......[5439.154s][info][gc,start       ] GC(618) Pause Young (Normal) (G1 Evacuation Pause)
[5439.154s][info][gc,task        ] GC(618) Using 8 workers of 8 for evacuation
[5439.317s][info][gc,phases      ] GC(618)   Pre Evacuate Collection Set: 0.31ms
[5439.317s][info][gc,phases      ] GC(618)   Merge Heap Roots: 0.65ms
[5439.317s][info][gc,phases      ] GC(618)   Evacuate Collection Set: 161.03ms
[5439.317s][info][gc,phases      ] GC(618)   Post Evacuate Collection Set: 1.27ms
[5439.317s][info][gc,phases      ] GC(618)   Other: 0.07ms
[5439.317s][info][gc,heap        ] GC(618) Eden regions: 716->0(717)
[5439.317s][info][gc,heap        ] GC(618) Survivor regions: 52->51(96)
[5439.317s][info][gc,heap        ] GC(618) Old regions: 245->247
[5439.317s][info][gc,heap        ] GC(618) Humongous regions: 32->32
[5439.317s][info][gc,metaspace   ] GC(618) Metaspace: 29961K(30464K)->29961K(30464K) NonClass: 26564K(26816K)->26564K(26816K) Class: 3397K(3648K)->3397K(3648K)
[5439.317s][info][gc             ] GC(618) Pause Young (Normal) (G1 Evacuation Pause) 8335M->2614M(10240M) 163.473ms
[5439.317s][info][gc,cpu         ] GC(618) User=1.29s Sys=0.00s Real=0.17s
.....[5444.206s][info][gc,start       ] GC(619) Pause Young (Normal) (G1 Evacuation Pause)
[5444.206s][info][gc,task        ] GC(619) Using 8 workers of 8 for evacuation
[5444.373s][info][gc,phases      ] GC(619)   Pre Evacuate Collection Set: 0.29ms
[5444.373s][info][gc,phases      ] GC(619)   Merge Heap Roots: 0.70ms
[5444.373s][info][gc,phases      ] GC(619)   Evacuate Collection Set: 164.25ms
[5444.373s][info][gc,phases      ] GC(619)   Post Evacuate Collection Set: 1.23ms
[5444.373s][info][gc,phases      ] GC(619)   Other: 0.06ms
[5444.373s][info][gc,heap        ] GC(619) Eden regions: 717->0(716)
[5444.373s][info][gc,heap        ] GC(619) Survivor regions: 51->52(96)
[5444.373s][info][gc,heap        ] GC(619) Old regions: 247->250
[5444.373s][info][gc,heap        ] GC(619) Humongous regions: 32->32
[5444.373s][info][gc,metaspace   ] GC(619) Metaspace: 29961K(30464K)->29961K(30464K) NonClass: 26564K(26816K)->26564K(26816K) Class: 3397K(3648K)->3397K(3648K)
[5444.373s][info][gc             ] GC(619) Pause Young (Normal) (G1 Evacuation Pause) 8350M->2642M(10240M) 166.665ms
[5444.373s][info][gc,cpu         ] GC(619) User=1.31s Sys=0.00s Real=0.16s
.....[5449.422s][info][gc,start       ] GC(620) Pause Young (Normal) (G1 Evacuation Pause)
[5449.422s][info][gc,task        ] GC(620) Using 8 workers of 8 for evacuation
[5449.588s][info][gc,phases      ] GC(620)   Pre Evacuate Collection Set: 0.29ms
[5449.588s][info][gc,phases      ] GC(620)   Merge Heap Roots: 0.56ms
[5449.588s][info][gc,phases      ] GC(620)   Evacuate Collection Set: 164.49ms
[5449.588s][info][gc,phases      ] GC(620)   Post Evacuate Collection Set: 1.29ms
[5449.588s][info][gc,phases      ] GC(620)   Other: 0.07ms
[5449.588s][info][gc,heap        ] GC(620) Eden regions: 716->0(716)
[5449.588s][info][gc,heap        ] GC(620) Survivor regions: 52->52(96)
[5449.588s][info][gc,heap        ] GC(620) Old regions: 250->252
[5449.588s][info][gc,heap        ] GC(620) Humongous regions: 32->32
[5449.588s][info][gc,metaspace   ] GC(620) Metaspace: 29961K(30464K)->29961K(30464K) NonClass: 26564K(26816K)->26564K(26816K) Class: 3397K(3648K)->3397K(3648K)
[5449.589s][info][gc             ] GC(620) Pause Young (Normal) (G1 Evacuation Pause) 8370M->2661M(10240M) 166.854ms
[5449.589s][info][gc,cpu         ] GC(620) User=1.32s Sys=0.00s Real=0.17s
.....[5454.526s][info][gc,start       ] GC(621) Pause Young (Normal) (G1 Evacuation Pause)
[5454.526s][info][gc,task        ] GC(621) Using 8 workers of 8 for evacuation
[5454.694s][info][gc,phases      ] GC(621)   Pre Evacuate Collection Set: 0.29ms
[5454.694s][info][gc,phases      ] GC(621)   Merge Heap Roots: 0.56ms
[5454.694s][info][gc,phases      ] GC(621)   Evacuate Collection Set: 166.21ms
[5454.694s][info][gc,phases      ] GC(621)   Post Evacuate Collection Set: 1.29ms
[5454.694s][info][gc,phases      ] GC(621)   Other: 0.06ms
[5454.694s][info][gc,heap        ] GC(621) Eden regions: 716->0(716)
[5454.694s][info][gc,heap        ] GC(621) Survivor regions: 52->52(96)
[5454.694s][info][gc,heap        ] GC(621) Old regions: 252->255
[5454.695s][info][gc,heap        ] GC(621) Humongous regions: 32->32
[5454.695s][info][gc,metaspace   ] GC(621) Metaspace: 29961K(30464K)->29961K(30464K) NonClass: 26564K(26816K)->26564K(26816K) Class: 3397K(3648K)->3397K(3648K)
[5454.695s][info][gc             ] GC(621) Pause Young (Normal) (G1 Evacuation Pause) 8389M->2682M(10240M) 168.550ms
[5454.695s][info][gc,cpu         ] GC(621) User=1.33s Sys=0.00s Real=0.16s
.... (rIR:aIR:PR = 9409:9320:9318) (tPR = 139317) [OK] 
  5458s: Performance info:
         Transaction,    Success,    Partial,     Failed,   Receipts, AvgBarcode, 
             Overall,     570479,          0,          0,     541835,      59.48, 
         Response times:
             Request,    Success,    Partial,     Failed,   SkipFail,     Probes,    Samples,      min,      p50,      p90,      p95,      p99,      max, 
       TotalPurchase,     541959,          0,          0,          0,     364221,     423188,      400,     6600,    21000,    58000,   137000,   660000,
     InStorePurchase,     283810,          0,          0,          0,     191587,     222480,      400,     6700,    21000,    58000,   136000,   660000,
      OnlinePurchase,     200984,          0,          0,          0,     134597,     156509,      400,     6600,    21000,    58000,   137900,   660000,
        InstPurchase,      57165,          0,          0,          0,      38037,      44199,      400,     6500,    21000,    59000,   140000,   660000,
          AssocOfCat,        575,          0,          0,          0,        483,        665,    28000,    53000,    78000,   103700,   183160,   240000,
      AssocOfProduct,       5770,          0,          0,          0,       4197,       5090,      700,     6900,    22000,    55000,   125720,   219000,
      BusinessReport,       1440,          0,          0,          0,       1324,       1736,    33000,    62000,    99300,   148000,   239520,   282000,
          CustBuyBeh,       5789,          0,          0,          0,       4213,       5169,      300,     6500,    19200,    60000,   139300,   660000,
       ProductReturn,      15067,          0,          0,          0,       9842,      11786,      200,     6600,    23000,    63000,   143000,   452000,

  5458s: (69%)   IR =   9548 .[5459.577s][info][gc,start       ] GC(622) Pause Young (Normal) (G1 Evacuation Pause)
[5459.577s][info][gc,task        ] GC(622) Using 8 workers of 8 for evacuation
[5459.742s][info][gc,phases      ] GC(622)   Pre Evacuate Collection Set: 0.29ms
[5459.743s][info][gc,phases      ] GC(622)   Merge Heap Roots: 0.59ms
[5459.743s][info][gc,phases      ] GC(622)   Evacuate Collection Set: 163.13ms
[5459.743s][info][gc,phases      ] GC(622)   Post Evacuate Collection Set: 1.25ms
[5459.743s][info][gc,phases      ] GC(622)   Other: 0.08ms
[5459.743s][info][gc,heap        ] GC(622) Eden regions: 716->0(716)
[5459.743s][info][gc,heap        ] GC(622) Survivor regions: 52->52(96)
[5459.743s][info][gc,heap        ] GC(622) Old regions: 255->257
[5459.743s][info][gc,heap        ] GC(622) Humongous regions: 32->32
[5459.743s][info][gc,metaspace   ] GC(622) Metaspace: 29961K(30464K)->29961K(30464K) NonClass: 26564K(26816K)->26564K(26816K) Class: 3397K(3648K)->3397K(3648K)
[5459.743s][info][gc             ] GC(622) Pause Young (Normal) (G1 Evacuation Pause) 8410M->2703M(10240M) 165.473ms
[5459.743s][info][gc,cpu         ] GC(622) User=1.31s Sys=0.00s Real=0.16s
.....[5464.650s][info][gc,start       ] GC(623) Pause Young (Normal) (G1 Evacuation Pause)
[5464.650s][info][gc,task        ] GC(623) Using 8 workers of 8 for evacuation
[5464.821s][info][gc,phases      ] GC(623)   Pre Evacuate Collection Set: 0.28ms
[5464.821s][info][gc,phases      ] GC(623)   Merge Heap Roots: 0.57ms
[5464.821s][info][gc,phases      ] GC(623)   Evacuate Collection Set: 168.49ms
[5464.821s][info][gc,phases      ] GC(623)   Post Evacuate Collection Set: 1.30ms
[5464.821s][info][gc,phases      ] GC(623)   Other: 0.06ms
[5464.821s][info][gc,heap        ] GC(623) Eden regions: 716->0(714)
[5464.821s][info][gc,heap        ] GC(623) Survivor regions: 52->54(96)
[5464.821s][info][gc,heap        ] GC(623) Old regions: 257->260
[5464.821s][info][gc,heap        ] GC(623) Humongous regions: 32->32
[5464.821s][info][gc,metaspace   ] GC(623) Metaspace: 29961K(30464K)->29961K(30464K) NonClass: 26564K(26816K)->26564K(26816K) Class: 3397K(3648K)->3397K(3648K)
[5464.821s][info][gc             ] GC(623) Pause Young (Normal) (G1 Evacuation Pause) 8431M->2743M(10240M) 170.845ms
[5464.821s][info][gc,cpu         ] GC(623) User=1.34s Sys=0.00s Real=0.17s
....|.[5469.679s][info][gc,start       ] GC(624) Pause Young (Normal) (G1 Evacuation Pause)
[5469.679s][info][gc,task        ] GC(624) Using 8 workers of 8 for evacuation
[5469.846s][info][gc,phases      ] GC(624)   Pre Evacuate Collection Set: 0.30ms
[5469.846s][info][gc,phases      ] GC(624)   Merge Heap Roots: 0.58ms
[5469.846s][info][gc,phases      ] GC(624)   Evacuate Collection Set: 164.48ms
[5469.846s][info][gc,phases      ] GC(624)   Post Evacuate Collection Set: 1.27ms
[5469.846s][info][gc,phases      ] GC(624)   Other: 0.08ms
[5469.846s][info][gc,heap        ] GC(624) Eden regions: 714->0(716)
[5469.846s][info][gc,heap        ] GC(624) Survivor regions: 54->52(96)
[5469.846s][info][gc,heap        ] GC(624) Old regions: 260->263
[5469.846s][info][gc,heap        ] GC(624) Humongous regions: 32->32
[5469.846s][info][gc,metaspace   ] GC(624) Metaspace: 29961K(30464K)->29961K(30464K) NonClass: 26564K(26816K)->26564K(26816K) Class: 3397K(3648K)->3397K(3648K)
[5469.846s][info][gc             ] GC(624) Pause Young (Normal) (G1 Evacuation Pause) 8455M->2744M(10240M) 166.838ms
[5469.846s][info][gc,cpu         ] GC(624) User=1.31s Sys=0.00s Real=0.17s
.....[5474.705s][info][gc,start       ] GC(625) Pause Young (Normal) (G1 Evacuation Pause)
[5474.705s][info][gc,task        ] GC(625) Using 8 workers of 8 for evacuation
[5474.873s][info][gc,phases      ] GC(625)   Pre Evacuate Collection Set: 0.32ms
[5474.873s][info][gc,phases      ] GC(625)   Merge Heap Roots: 0.71ms
[5474.873s][info][gc,phases      ] GC(625)   Evacuate Collection Set: 165.02ms
[5474.873s][info][gc,phases      ] GC(625)   Post Evacuate Collection Set: 1.26ms
[5474.873s][info][gc,phases      ] GC(625)   Other: 0.07ms
[5474.873s][info][gc,heap        ] GC(625) Eden regions: 716->0(717)
[5474.873s][info][gc,heap        ] GC(625) Survivor regions: 52->51(96)
[5474.873s][info][gc,heap        ] GC(625) Old regions: 263->265
[5474.873s][info][gc,heap        ] GC(625) Humongous regions: 32->32
[5474.873s][info][gc,metaspace   ] GC(625) Metaspace: 29961K(30464K)->29961K(30464K) NonClass: 26564K(26816K)->26564K(26816K) Class: 3397K(3648K)->3397K(3648K)
[5474.873s][info][gc             ] GC(625) Pause Young (Normal) (G1 Evacuation Pause) 8472M->2761M(10240M) 167.515ms
[5474.873s][info][gc,cpu         ] GC(625) User=1.31s Sys=0.00s Real=0.16s
.....[5479.670s][info][gc,start       ] GC(626) Pause Young (Normal) (G1 Evacuation Pause)
[5479.670s][info][gc,task        ] GC(626) Using 8 workers of 8 for evacuation
[5479.840s][info][gc,phases      ] GC(626)   Pre Evacuate Collection Set: 0.33ms
[5479.840s][info][gc,phases      ] GC(626)   Merge Heap Roots: 0.67ms
[5479.840s][info][gc,phases      ] GC(626)   Evacuate Collection Set: 167.16ms
[5479.840s][info][gc,phases      ] GC(626)   Post Evacuate Collection Set: 1.25ms
[5479.840s][info][gc,phases      ] GC(626)   Other: 0.07ms
[5479.840s][info][gc,heap        ] GC(626) Eden regions: 717->0(716)
[5479.840s][info][gc,heap        ] GC(626) Survivor regions: 51->52(96)
[5479.840s][info][gc,heap        ] GC(626) Old regions: 265->268
[5479.840s][info][gc,heap        ] GC(626) Humongous regions: 32->32
[5479.840s][info][gc,metaspace   ] GC(626) Metaspace: 29961K(30464K)->29961K(30464K) NonClass: 26564K(26816K)->26564K(26816K) Class: 3397K(3648K)->3397K(3648K)
[5479.840s][info][gc             ] GC(626) Pause Young (Normal) (G1 Evacuation Pause) 8497M->2786M(10240M) 169.637ms
[5479.840s][info][gc,cpu         ] GC(626) User=1.33s Sys=0.00s Real=0.17s
.....[5484.727s][info][gc,start       ] GC(627) Pause Young (Normal) (G1 Evacuation Pause)
[5484.727s][info][gc,task        ] GC(627) Using 8 workers of 8 for evacuation
[5484.898s][info][gc,phases      ] GC(627)   Pre Evacuate Collection Set: 0.29ms
[5484.898s][info][gc,phases      ] GC(627)   Merge Heap Roots: 0.58ms
[5484.898s][info][gc,phases      ] GC(627)   Evacuate Collection Set: 168.76ms
[5484.898s][info][gc,phases      ] GC(627)   Post Evacuate Collection Set: 1.28ms
[5484.898s][info][gc,phases      ] GC(627)   Other: 0.07ms
[5484.898s][info][gc,heap        ] GC(627) Eden regions: 716->0(715)
[5484.898s][info][gc,heap        ] GC(627) Survivor regions: 52->53(96)
[5484.898s][info][gc,heap        ] GC(627) Old regions: 268->270
[5484.898s][info][gc,heap        ] GC(627) Humongous regions: 32->32
[5484.898s][info][gc,metaspace   ] GC(627) Metaspace: 29961K(30464K)->29961K(30464K) NonClass: 26564K(26816K)->26564K(26816K) Class: 3397K(3648K)->3397K(3648K)
[5484.898s][info][gc             ] GC(627) Pause Young (Normal) (G1 Evacuation Pause) 8514M->2818M(10240M) 171.126ms
[5484.898s][info][gc,cpu         ] GC(627) User=1.34s Sys=0.01s Real=0.17s
.....[5489.800s][info][gc,start       ] GC(628) Pause Young (Normal) (G1 Evacuation Pause)
[5489.800s][info][gc,task        ] GC(628) Using 8 workers of 8 for evacuation
[5489.967s][info][gc,phases      ] GC(628)   Pre Evacuate Collection Set: 0.30ms
[5489.967s][info][gc,phases      ] GC(628)   Merge Heap Roots: 0.60ms
[5489.967s][info][gc,phases      ] GC(628)   Evacuate Collection Set: 164.73ms
[5489.967s][info][gc,phases      ] GC(628)   Post Evacuate Collection Set: 1.27ms
[5489.967s][info][gc,phases      ] GC(628)   Other: 0.07ms
[5489.967s][info][gc,heap        ] GC(628) Eden regions: 715->0(716)
[5489.967s][info][gc,heap        ] GC(628) Survivor regions: 53->52(96)
[5489.967s][info][gc,heap        ] GC(628) Old regions: 270->273
[5489.967s][info][gc,heap        ] GC(628) Humongous regions: 32->32
[5489.967s][info][gc,metaspace   ] GC(628) Metaspace: 29961K(30464K)->29961K(30464K) NonClass: 26564K(26816K)->26564K(26816K) Class: 3397K(3648K)->3397K(3648K)
[5489.967s][info][gc             ] GC(628) Pause Young (Normal) (G1 Evacuation Pause) 8538M->2827M(10240M) 167.096ms
[5489.967s][info][gc,cpu         ] GC(628) User=1.31s Sys=0.00s Real=0.17s
.....[5494.904s][info][gc,start       ] GC(629) Pause Young (Normal) (G1 Evacuation Pause)
[5494.904s][info][gc,task        ] GC(629) Using 8 workers of 8 for evacuation
[5495.077s][info][gc,phases      ] GC(629)   Pre Evacuate Collection Set: 0.30ms
[5495.077s][info][gc,phases      ] GC(629)   Merge Heap Roots: 0.57ms
[5495.077s][info][gc,phases      ] GC(629)   Evacuate Collection Set: 171.02ms
[5495.077s][info][gc,phases      ] GC(629)   Post Evacuate Collection Set: 1.28ms
[5495.077s][info][gc,phases      ] GC(629)   Other: 0.07ms
[5495.077s][info][gc,heap        ] GC(629) Eden regions: 716->0(714)
[5495.077s][info][gc,heap        ] GC(629) Survivor regions: 52->54(96)
[5495.077s][info][gc,heap        ] GC(629) Old regions: 273->275
[5495.077s][info][gc,heap        ] GC(629) Humongous regions: 32->32
[5495.077s][info][gc,metaspace   ] GC(629) Metaspace: 29962K(30464K)->29962K(30464K) NonClass: 26565K(26816K)->26565K(26816K) Class: 3397K(3648K)->3397K(3648K)
[5495.077s][info][gc             ] GC(629) Pause Young (Normal) (G1 Evacuation Pause) 8555M->2862M(10240M) 173.372ms
[5495.077s][info][gc,cpu         ] GC(629) User=1.36s Sys=0.00s Real=0.18s
.....[5499.875s][info][gc,start       ] GC(630) Pause Young (Normal) (G1 Evacuation Pause)
[5499.875s][info][gc,task        ] GC(630) Using 8 workers of 8 for evacuation
[5500.044s][info][gc,phases      ] GC(630)   Pre Evacuate Collection Set: 0.27ms
[5500.045s][info][gc,phases      ] GC(630)   Merge Heap Roots: 0.61ms
[5500.045s][info][gc,phases      ] GC(630)   Evacuate Collection Set: 166.95ms
[5500.045s][info][gc,phases      ] GC(630)   Post Evacuate Collection Set: 1.30ms
[5500.045s][info][gc,phases      ] GC(630)   Other: 0.06ms
[5500.045s][info][gc,heap        ] GC(630) Eden regions: 714->0(716)
[5500.045s][info][gc,heap        ] GC(630) Survivor regions: 54->52(96)
[5500.045s][info][gc,heap        ] GC(630) Old regions: 275->278
[5500.045s][info][gc,heap        ] GC(630) Humongous regions: 32->32
[5500.045s][info][gc,metaspace   ] GC(630) Metaspace: 29962K(30464K)->29962K(30464K) NonClass: 26565K(26816K)->26565K(26816K) Class: 3397K(3648K)->3397K(3648K)
[5500.045s][info][gc             ] GC(630) Pause Young (Normal) (G1 Evacuation Pause) 8574M->2867M(10240M) 169.328ms
[5500.045s][info][gc,cpu         ] GC(630) User=1.33s Sys=0.00s Real=0.16s
.....[5505.048s][info][gc,start       ] GC(631) Pause Young (Concurrent Start) (G1 Evacuation Pause)
[5505.048s][info][gc,task        ] GC(631) Using 8 workers of 8 for evacuation
[5505.217s][info][gc,phases      ] GC(631)   Pre Evacuate Collection Set: 0.34ms
[5505.217s][info][gc,phases      ] GC(631)   Merge Heap Roots: 0.57ms
[5505.217s][info][gc,phases      ] GC(631)   Evacuate Collection Set: 167.15ms
[5505.217s][info][gc,phases      ] GC(631)   Post Evacuate Collection Set: 1.29ms
[5505.217s][info][gc,phases      ] GC(631)   Other: 0.11ms
[5505.217s][info][gc,heap        ] GC(631) Eden regions: 716->0(716)
[5505.217s][info][gc,heap        ] GC(631) Survivor regions: 52->52(96)
[5505.217s][info][gc,heap        ] GC(631) Old regions: 278->281
[5505.217s][info][gc,heap        ] GC(631) Humongous regions: 32->32
[5505.217s][info][gc,metaspace   ] GC(631) Metaspace: 29962K(30464K)->29962K(30464K) NonClass: 26565K(26816K)->26565K(26816K) Class: 3397K(3648K)->3397K(3648K)
[5505.217s][info][gc             ] GC(631) Pause Young (Concurrent Start) (G1 Evacuation Pause) 8595M->2888M(10240M) 169.593ms
[5505.218s][info][gc             ] GC(632) Concurrent Mark Cycle
[5505.218s][info][gc,cpu         ] GC(631) User=1.33s Sys=0.00s Real=0.17s
[5505.218s][info][gc,marking     ] GC(632) Concurrent Scan Root Regions
.[5505.586s][info][gc,marking     ] GC(632) Concurrent Scan Root Regions 368.209ms
[5505.586s][info][gc,marking     ] GC(632) Concurrent Mark
[5505.586s][info][gc,marking     ] GC(632) Concurrent Mark From Roots
[5505.586s][info][gc,task        ] GC(632) Using 2 workers of 2 for marking
.[5506.786s][info][gc,marking     ] GC(632) Concurrent Mark From Roots 1200.041ms
[5506.786s][info][gc,marking     ] GC(632) Concurrent Preclean
[5506.786s][info][gc,marking     ] GC(632) Concurrent Preclean 0.170ms
[5506.786s][info][gc,start       ] GC(632) Pause Remark
[5506.788s][info][gc             ] GC(632) Pause Remark 4584M->4360M(10240M) 1.779ms
[5506.788s][info][gc,cpu         ] GC(632) User=0.01s Sys=0.00s Real=0.00s
[5506.788s][info][gc,marking     ] GC(632) Concurrent Mark 1202.331ms
[5506.788s][info][gc,marking     ] GC(632) Concurrent Rebuild Remembered Sets and Scrub Regions
.[5507.438s][info][gc,marking     ] GC(632) Concurrent Rebuild Remembered Sets and Scrub Regions 649.893ms
[5507.438s][info][gc,start       ] GC(632) Pause Cleanup
[5507.439s][info][gc             ] GC(632) Pause Cleanup 5156M->5156M(10240M) 0.317ms
[5507.439s][info][gc,cpu         ] GC(632) User=0.00s Sys=0.00s Real=0.00s
[5507.439s][info][gc,marking     ] GC(632) Concurrent Clear Claimed Marks
[5507.439s][info][gc,marking     ] GC(632) Concurrent Clear Claimed Marks 0.048ms
[5507.439s][info][gc,marking     ] GC(632) Concurrent Cleanup for Next Mark
[5507.452s][info][gc,marking     ] GC(632) Concurrent Cleanup for Next Mark 13.207ms
[5507.452s][info][gc             ] GC(632) Concurrent Mark Cycle 2234.447ms
..[5509.863s][info][gc,start       ] GC(633) Pause Young (Prepare Mixed) (G1 Evacuation Pause)
[5509.863s][info][gc,task        ] GC(633) Using 8 workers of 8 for evacuation
[5510.030s][info][gc,phases      ] GC(633)   Pre Evacuate Collection Set: 0.29ms
[5510.030s][info][gc,phases      ] GC(633)   Merge Heap Roots: 0.80ms
[5510.030s][info][gc,phases      ] GC(633)   Evacuate Collection Set: 164.29ms
[5510.030s][info][gc,phases      ] GC(633)   Post Evacuate Collection Set: 1.39ms
[5510.030s][info][gc,phases      ] GC(633)   Other: 0.07ms
[5510.030s][info][gc,heap        ] GC(633) Eden regions: 716->0(716)
[5510.030s][info][gc,heap        ] GC(633) Survivor regions: 52->52(96)
[5510.030s][info][gc,heap        ] GC(633) Old regions: 253->255
[5510.030s][info][gc,heap        ] GC(633) Humongous regions: 32->32
[5510.030s][info][gc,metaspace   ] GC(633) Metaspace: 29962K(30464K)->29962K(30464K) NonClass: 26565K(26816K)->26565K(26816K) Class: 3397K(3648K)->3397K(3648K)
[5510.030s][info][gc             ] GC(633) Pause Young (Prepare Mixed) (G1 Evacuation Pause) 8392M->2684M(10240M) 166.968ms
[5510.030s][info][gc,cpu         ] GC(633) User=1.32s Sys=0.00s Real=0.17s
.....[5514.897s][info][gc,start       ] GC(634) Pause Young (Mixed) (G1 Evacuation Pause)
[5514.897s][info][gc,task        ] GC(634) Using 8 workers of 8 for evacuation
[5515.082s][info][gc,phases      ] GC(634)   Pre Evacuate Collection Set: 0.36ms
[5515.082s][info][gc,phases      ] GC(634)   Merge Heap Roots: 1.16ms
[5515.082s][info][gc,phases      ] GC(634)   Evacuate Collection Set: 180.72ms
[5515.082s][info][gc,phases      ] GC(634)   Merge Optional Heap Roots: 0.11ms
[5515.082s][info][gc,phases      ] GC(634)   Evacuate Optional Collection Set: 0.84ms
[5515.082s][info][gc,phases      ] GC(634)   Post Evacuate Collection Set: 1.47ms
[5515.082s][info][gc,phases      ] GC(634)   Other: 0.08ms
[5515.082s][info][gc,heap        ] GC(634) Eden regions: 716->0(715)
[5515.082s][info][gc,heap        ] GC(634) Survivor regions: 52->53(96)
[5515.082s][info][gc,heap        ] GC(634) Old regions: 255->131
[5515.082s][info][gc,heap        ] GC(634) Humongous regions: 32->32
[5515.082s][info][gc,metaspace   ] GC(634) Metaspace: 29962K(30464K)->29962K(30464K) NonClass: 26565K(26816K)->26565K(26816K) Class: 3397K(3648K)->3397K(3648K)
[5515.082s][info][gc             ] GC(634) Pause Young (Mixed) (G1 Evacuation Pause) 8412M->1702M(10240M) 184.854ms
[5515.082s][info][gc,cpu         ] GC(634) User=1.46s Sys=0.00s Real=0.18s
.....[5520.067s][info][gc,start       ] GC(635) Pause Young (Mixed) (G1 Evacuation Pause)
[5520.067s][info][gc,task        ] GC(635) Using 8 workers of 8 for evacuation
[5520.237s][info][gc,phases      ] GC(635)   Pre Evacuate Collection Set: 0.29ms
[5520.237s][info][gc,phases      ] GC(635)   Merge Heap Roots: 0.69ms
[5520.237s][info][gc,phases      ] GC(635)   Evacuate Collection Set: 167.38ms
[5520.237s][info][gc,phases      ] GC(635)   Post Evacuate Collection Set: 1.28ms
[5520.237s][info][gc,phases      ] GC(635)   Other: 0.07ms
[5520.237s][info][gc,heap        ] GC(635) Eden regions: 715->0(716)
[5520.237s][info][gc,heap        ] GC(635) Survivor regions: 53->52(96)
[5520.237s][info][gc,heap        ] GC(635) Old regions: 131->133
[5520.237s][info][gc,heap        ] GC(635) Humongous regions: 32->32
[5520.237s][info][gc,metaspace   ] GC(635) Metaspace: 29962K(30464K)->29962K(30464K) NonClass: 26565K(26816K)->26565K(26816K) Class: 3397K(3648K)->3397K(3648K)
[5520.237s][info][gc             ] GC(635) Pause Young (Mixed) (G1 Evacuation Pause) 7422M->1711M(10240M) 169.853ms
[5520.237s][info][gc,cpu         ] GC(635) User=1.33s Sys=0.01s Real=0.17s
.....[5525.039s][info][gc,start       ] GC(636) Pause Young (Normal) (G1 Evacuation Pause)
[5525.039s][info][gc,task        ] GC(636) Using 8 workers of 8 for evacuation
[5525.207s][info][gc,phases      ] GC(636)   Pre Evacuate Collection Set: 0.28ms
[5525.208s][info][gc,phases      ] GC(636)   Merge Heap Roots: 0.56ms
[5525.208s][info][gc,phases      ] GC(636)   Evacuate Collection Set: 166.02ms
[5525.208s][info][gc,phases      ] GC(636)   Post Evacuate Collection Set: 1.28ms
[5525.208s][info][gc,phases      ] GC(636)   Other: 0.09ms
[5525.208s][info][gc,heap        ] GC(636) Eden regions: 716->0(716)
[5525.208s][info][gc,heap        ] GC(636) Survivor regions: 52->52(96)
[5525.208s][info][gc,heap        ] GC(636) Old regions: 133->135
[5525.208s][info][gc,heap        ] GC(636) Humongous regions: 32->32
[5525.208s][info][gc,metaspace   ] GC(636) Metaspace: 29962K(30464K)->29962K(30464K) NonClass: 26565K(26816K)->26565K(26816K) Class: 3397K(3648K)->3397K(3648K)
[5525.208s][info][gc             ] GC(636) Pause Young (Normal) (G1 Evacuation Pause) 7439M->1727M(10240M) 168.375ms
[5525.208s][info][gc,cpu         ] GC(636) User=1.33s Sys=0.00s Real=0.17s
.... (rIR:aIR:PR = 9548:9567:9567) (tPR = 141865) [OK] 
  5528s: Performance info:
         Transaction,    Success,    Partial,     Failed,   Receipts, AvgBarcode, 
             Overall,     574332,          0,          0,     545567,      59.47, 
         Response times:
             Request,    Success,    Partial,     Failed,   SkipFail,     Probes,    Samples,      min,      p50,      p90,      p95,      p99,      max, 
       TotalPurchase,     545567,          0,          0,          0,     354429,     422002,      300,     7200,    53000,   101000,   180000,  2500000,
     InStorePurchase,     287209,          0,          0,          0,     186562,     222156,      400,     7200,    53000,   101000,   180000,  2500000,
      OnlinePurchase,     200758,          0,          0,          0,     129994,     154756,      300,     7200,    52000,   101000,   181000,  2500000,
        InstPurchase,      57600,          0,          0,          0,      37873,      45090,      400,     7200,    54000,   107000,   178000,  2500000,
          AssocOfCat,        568,          0,          0,          0,        465,        668,    28000,    53000,    94600,   151650,   302100,   920000,
      AssocOfProduct,       5744,          0,          0,          0,       4182,       5077,      900,     7800,    58000,   107000,   180000,   432000,
      BusinessReport,       1430,          0,          0,          0,       1272,       1621,    32000,    66000,   136000,   188000,   257900,   393000,
          CustBuyBeh,       5742,          0,          0,          0,       4240,       5207,      500,     7400,    50000,    94600,   179920,   593000,
       ProductReturn,      15281,          0,          0,          0,       9765,      11793,      300,     7300,    52000,   109000,   176000,   690000,

  5528s: (70%)   IR =   9686 .[5530.088s][info][gc,start       ] GC(637) Pause Young (Normal) (G1 Evacuation Pause)
[5530.088s][info][gc,task        ] GC(637) Using 8 workers of 8 for evacuation
[5530.255s][info][gc,phases      ] GC(637)   Pre Evacuate Collection Set: 0.31ms
[5530.255s][info][gc,phases      ] GC(637)   Merge Heap Roots: 0.61ms
[5530.255s][info][gc,phases      ] GC(637)   Evacuate Collection Set: 164.93ms
[5530.255s][info][gc,phases      ] GC(637)   Post Evacuate Collection Set: 1.25ms
[5530.255s][info][gc,phases      ] GC(637)   Other: 0.09ms
[5530.255s][info][gc,heap        ] GC(637) Eden regions: 716->0(716)
[5530.255s][info][gc,heap        ] GC(637) Survivor regions: 52->52(96)
[5530.255s][info][gc,heap        ] GC(637) Old regions: 135->138
[5530.255s][info][gc,heap        ] GC(637) Humongous regions: 32->32
[5530.255s][info][gc,metaspace   ] GC(637) Metaspace: 29962K(30464K)->29962K(30464K) NonClass: 26565K(26816K)->26565K(26816K) Class: 3397K(3648K)->3397K(3648K)
[5530.255s][info][gc             ] GC(637) Pause Young (Normal) (G1 Evacuation Pause) 7455M->1747M(10240M) 167.332ms
[5530.255s][info][gc,cpu         ] GC(637) User=1.32s Sys=0.01s Real=0.17s
.....[5535.029s][info][gc,start       ] GC(638) Pause Young (Normal) (G1 Evacuation Pause)
[5535.029s][info][gc,task        ] GC(638) Using 8 workers of 8 for evacuation
[5535.203s][info][gc,phases      ] GC(638)   Pre Evacuate Collection Set: 0.28ms
[5535.203s][info][gc,phases      ] GC(638)   Merge Heap Roots: 0.57ms
[5535.203s][info][gc,phases      ] GC(638)   Evacuate Collection Set: 171.07ms
[5535.203s][info][gc,phases      ] GC(638)   Post Evacuate Collection Set: 1.31ms
[5535.203s][info][gc,phases      ] GC(638)   Other: 0.07ms
[5535.203s][info][gc,heap        ] GC(638) Eden regions: 716->0(715)
[5535.203s][info][gc,heap        ] GC(638) Survivor regions: 52->53(96)
[5535.203s][info][gc,heap        ] GC(638) Old regions: 138->140
[5535.203s][info][gc,heap        ] GC(638) Humongous regions: 32->32
[5535.203s][info][gc,metaspace   ] GC(638) Metaspace: 29962K(30464K)->29962K(30464K) NonClass: 26565K(26816K)->26565K(26816K) Class: 3397K(3648K)->3397K(3648K)
[5535.203s][info][gc             ] GC(638) Pause Young (Normal) (G1 Evacuation Pause) 7475M->1779M(10240M) 173.413ms
[5535.203s][info][gc,cpu         ] GC(638) User=1.36s Sys=0.00s Real=0.17s
....|.[5539.984s][info][gc,start       ] GC(639) Pause Young (Normal) (G1 Evacuation Pause)
[5539.984s][info][gc,task        ] GC(639) Using 8 workers of 8 for evacuation
[5540.159s][info][gc,phases      ] GC(639)   Pre Evacuate Collection Set: 0.29ms
[5540.159s][info][gc,phases      ] GC(639)   Merge Heap Roots: 0.56ms
[5540.159s][info][gc,phases      ] GC(639)   Evacuate Collection Set: 172.67ms
[5540.159s][info][gc,phases      ] GC(639)   Post Evacuate Collection Set: 1.28ms
[5540.159s][info][gc,phases      ] GC(639)   Other: 0.08ms
[5540.159s][info][gc,heap        ] GC(639) Eden regions: 715->0(714)
[5540.159s][info][gc,heap        ] GC(639) Survivor regions: 53->54(96)
[5540.159s][info][gc,heap        ] GC(639) Old regions: 140->143
[5540.159s][info][gc,heap        ] GC(639) Humongous regions: 32->32
[5540.159s][info][gc,metaspace   ] GC(639) Metaspace: 29962K(30464K)->29962K(30464K) NonClass: 26565K(26816K)->26565K(26816K) Class: 3397K(3648K)->3397K(3648K)
[5540.159s][info][gc             ] GC(639) Pause Young (Normal) (G1 Evacuation Pause) 7499M->1807M(10240M) 175.007ms
[5540.159s][info][gc,cpu         ] GC(639) User=1.38s Sys=0.00s Real=0.18s
.....[5544.986s][info][gc,start       ] GC(640) Pause Young (Normal) (G1 Evacuation Pause)
[5544.986s][info][gc,task        ] GC(640) Using 8 workers of 8 for evacuation
[5545.158s][info][gc,phases      ] GC(640)   Pre Evacuate Collection Set: 0.29ms
[5545.159s][info][gc,phases      ] GC(640)   Merge Heap Roots: 0.57ms
[5545.159s][info][gc,phases      ] GC(640)   Evacuate Collection Set: 170.05ms
[5545.159s][info][gc,phases      ] GC(640)   Post Evacuate Collection Set: 1.28ms
[5545.159s][info][gc,phases      ] GC(640)   Other: 0.07ms
[5545.159s][info][gc,heap        ] GC(640) Eden regions: 714->0(714)
[5545.159s][info][gc,heap        ] GC(640) Survivor regions: 54->54(96)
[5545.159s][info][gc,heap        ] GC(640) Old regions: 143->146
[5545.159s][info][gc,heap        ] GC(640) Humongous regions: 32->32
[5545.159s][info][gc,metaspace   ] GC(640) Metaspace: 29962K(30464K)->29962K(30464K) NonClass: 26565K(26816K)->26565K(26816K) Class: 3397K(3648K)->3397K(3648K)
[5545.159s][info][gc             ] GC(640) Pause Young (Normal) (G1 Evacuation Pause) 7519M->1829M(10240M) 172.394ms
[5545.159s][info][gc,cpu         ] GC(640) User=1.35s Sys=0.00s Real=0.17s
.....[5549.905s][info][gc,start       ] GC(641) Pause Young (Normal) (G1 Evacuation Pause)
[5549.905s][info][gc,task        ] GC(641) Using 8 workers of 8 for evacuation
[5550.071s][info][gc,phases      ] GC(641)   Pre Evacuate Collection Set: 0.29ms
[5550.071s][info][gc,phases      ] GC(641)   Merge Heap Roots: 0.57ms
[5550.071s][info][gc,phases      ] GC(641)   Evacuate Collection Set: 163.88ms
[5550.071s][info][gc,phases      ] GC(641)   Post Evacuate Collection Set: 1.26ms
[5550.071s][info][gc,phases      ] GC(641)   Other: 0.07ms
[5550.071s][info][gc,heap        ] GC(641) Eden regions: 714->0(716)
[5550.071s][info][gc,heap        ] GC(641) Survivor regions: 54->52(96)
[5550.071s][info][gc,heap        ] GC(641) Old regions: 146->148
[5550.071s][info][gc,heap        ] GC(641) Humongous regions: 32->32
[5550.071s][info][gc,metaspace   ] GC(641) Metaspace: 29962K(30464K)->29962K(30464K) NonClass: 26565K(26816K)->26565K(26816K) Class: 3397K(3648K)->3397K(3648K)
[5550.071s][info][gc             ] GC(641) Pause Young (Normal) (G1 Evacuation Pause) 7541M->1829M(10240M) 166.190ms
[5550.071s][info][gc,cpu         ] GC(641) User=1.31s Sys=0.01s Real=0.16s
.....[5554.839s][info][gc,start       ] GC(642) Pause Young (Normal) (G1 Evacuation Pause)
[5554.839s][info][gc,task        ] GC(642) Using 8 workers of 8 for evacuation
[5555.007s][info][gc,phases      ] GC(642)   Pre Evacuate Collection Set: 0.26ms
[5555.007s][info][gc,phases      ] GC(642)   Merge Heap Roots: 0.56ms
[5555.007s][info][gc,phases      ] GC(642)   Evacuate Collection Set: 165.98ms
[5555.007s][info][gc,phases      ] GC(642)   Post Evacuate Collection Set: 1.26ms
[5555.007s][info][gc,phases      ] GC(642)   Other: 0.07ms
[5555.007s][info][gc,heap        ] GC(642) Eden regions: 716->0(716)
[5555.007s][info][gc,heap        ] GC(642) Survivor regions: 52->52(96)
[5555.007s][info][gc,heap        ] GC(642) Old regions: 148->151
[5555.007s][info][gc,heap        ] GC(642) Humongous regions: 32->32
[5555.007s][info][gc,metaspace   ] GC(642) Metaspace: 29962K(30464K)->29962K(30464K) NonClass: 26565K(26816K)->26565K(26816K) Class: 3397K(3648K)->3397K(3648K)
[5555.007s][info][gc             ] GC(642) Pause Young (Normal) (G1 Evacuation Pause) 7557M->1852M(10240M) 168.270ms
[5555.007s][info][gc,cpu         ] GC(642) User=1.32s Sys=0.00s Real=0.17s
.....[5559.894s][info][gc,start       ] GC(643) Pause Young (Normal) (G1 Evacuation Pause)
[5559.894s][info][gc,task        ] GC(643) Using 8 workers of 8 for evacuation
[5560.063s][info][gc,phases      ] GC(643)   Pre Evacuate Collection Set: 0.30ms
[5560.063s][info][gc,phases      ] GC(643)   Merge Heap Roots: 0.60ms
[5560.063s][info][gc,phases      ] GC(643)   Evacuate Collection Set: 166.71ms
[5560.063s][info][gc,phases      ] GC(643)   Post Evacuate Collection Set: 1.26ms
[5560.063s][info][gc,phases      ] GC(643)   Other: 0.07ms
[5560.063s][info][gc,heap        ] GC(643) Eden regions: 716->0(716)
[5560.063s][info][gc,heap        ] GC(643) Survivor regions: 52->52(96)
[5560.063s][info][gc,heap        ] GC(643) Old regions: 151->153
[5560.063s][info][gc,heap        ] GC(643) Humongous regions: 32->32
[5560.063s][info][gc,metaspace   ] GC(643) Metaspace: 29962K(30464K)->29962K(30464K) NonClass: 26565K(26816K)->26565K(26816K) Class: 3397K(3648K)->3397K(3648K)
[5560.063s][info][gc             ] GC(643) Pause Young (Normal) (G1 Evacuation Pause) 7580M->1873M(10240M) 169.071ms
[5560.063s][info][gc,cpu         ] GC(643) User=1.33s Sys=0.00s Real=0.17s
.....[5564.885s][info][gc,start       ] GC(644) Pause Young (Normal) (G1 Evacuation Pause)
[5564.885s][info][gc,task        ] GC(644) Using 8 workers of 8 for evacuation
[5565.051s][info][gc,phases      ] GC(644)   Pre Evacuate Collection Set: 0.29ms
[5565.051s][info][gc,phases      ] GC(644)   Merge Heap Roots: 0.58ms
[5565.051s][info][gc,phases      ] GC(644)   Evacuate Collection Set: 163.89ms
[5565.051s][info][gc,phases      ] GC(644)   Post Evacuate Collection Set: 1.29ms
[5565.051s][info][gc,phases      ] GC(644)   Other: 0.08ms
[5565.051s][info][gc,heap        ] GC(644) Eden regions: 716->0(716)
[5565.051s][info][gc,heap        ] GC(644) Survivor regions: 52->52(96)
[5565.051s][info][gc,heap        ] GC(644) Old regions: 153->156
[5565.051s][info][gc,heap        ] GC(644) Humongous regions: 32->32
[5565.051s][info][gc,metaspace   ] GC(644) Metaspace: 29962K(30464K)->29962K(30464K) NonClass: 26565K(26816K)->26565K(26816K) Class: 3397K(3648K)->3397K(3648K)
[5565.051s][info][gc             ] GC(644) Pause Young (Normal) (G1 Evacuation Pause) 7601M->1890M(10240M) 166.266ms
[5565.051s][info][gc,cpu         ] GC(644) User=1.31s Sys=0.00s Real=0.16s
.....[5569.721s][info][gc,start       ] GC(645) Pause Young (Normal) (G1 Evacuation Pause)
[5569.721s][info][gc,task        ] GC(645) Using 8 workers of 8 for evacuation
[5569.891s][info][gc,phases      ] GC(645)   Pre Evacuate Collection Set: 0.29ms
[5569.891s][info][gc,phases      ] GC(645)   Merge Heap Roots: 0.60ms
[5569.891s][info][gc,phases      ] GC(645)   Evacuate Collection Set: 168.15ms
[5569.891s][info][gc,phases      ] GC(645)   Post Evacuate Collection Set: 1.28ms
[5569.891s][info][gc,phases      ] GC(645)   Other: 0.07ms
[5569.891s][info][gc,heap        ] GC(645) Eden regions: 716->0(716)
[5569.891s][info][gc,heap        ] GC(645) Survivor regions: 52->52(96)
[5569.891s][info][gc,heap        ] GC(645) Old regions: 156->158
[5569.891s][info][gc,heap        ] GC(645) Humongous regions: 32->32
[5569.891s][info][gc,metaspace   ] GC(645) Metaspace: 29962K(30464K)->29962K(30464K) NonClass: 26565K(26816K)->26565K(26816K) Class: 3397K(3648K)->3397K(3648K)
[5569.891s][info][gc             ] GC(645) Pause Young (Normal) (G1 Evacuation Pause) 7618M->1915M(10240M) 170.535ms
[5569.891s][info][gc,cpu         ] GC(645) User=1.35s Sys=0.01s Real=0.17s
.....[5574.654s][info][gc,start       ] GC(646) Pause Young (Normal) (G1 Evacuation Pause)
[5574.654s][info][gc,task        ] GC(646) Using 8 workers of 8 for evacuation
[5574.823s][info][gc,phases      ] GC(646)   Pre Evacuate Collection Set: 0.31ms
[5574.823s][info][gc,phases      ] GC(646)   Merge Heap Roots: 0.59ms
[5574.823s][info][gc,phases      ] GC(646)   Evacuate Collection Set: 167.05ms
[5574.823s][info][gc,phases      ] GC(646)   Post Evacuate Collection Set: 1.27ms
[5574.823s][info][gc,phases      ] GC(646)   Other: 0.07ms
[5574.823s][info][gc,heap        ] GC(646) Eden regions: 716->0(715)
[5574.823s][info][gc,heap        ] GC(646) Survivor regions: 52->53(96)
[5574.823s][info][gc,heap        ] GC(646) Old regions: 158->161
[5574.823s][info][gc,heap        ] GC(646) Humongous regions: 32->32
[5574.823s][info][gc,metaspace   ] GC(646) Metaspace: 29962K(30464K)->29962K(30464K) NonClass: 26565K(26816K)->26565K(26816K) Class: 3397K(3648K)->3397K(3648K)
[5574.823s][info][gc             ] GC(646) Pause Young (Normal) (G1 Evacuation Pause) 7643M->1939M(10240M) 169.448ms
[5574.823s][info][gc,cpu         ] GC(646) User=1.33s Sys=0.00s Real=0.17s
.....[5579.542s][info][gc,start       ] GC(647) Pause Young (Normal) (G1 Evacuation Pause)
[5579.543s][info][gc,task        ] GC(647) Using 8 workers of 8 for evacuation
[5579.713s][info][gc,phases      ] GC(647)   Pre Evacuate Collection Set: 0.31ms
[5579.713s][info][gc,phases      ] GC(647)   Merge Heap Roots: 0.71ms
[5579.713s][info][gc,phases      ] GC(647)   Evacuate Collection Set: 168.32ms
[5579.713s][info][gc,phases      ] GC(647)   Post Evacuate Collection Set: 1.26ms
[5579.713s][info][gc,phases      ] GC(647)   Other: 0.07ms
[5579.713s][info][gc,heap        ] GC(647) Eden regions: 715->0(716)
[5579.713s][info][gc,heap        ] GC(647) Survivor regions: 53->52(96)
[5579.713s][info][gc,heap        ] GC(647) Old regions: 161->164
[5579.713s][info][gc,heap        ] GC(647) Humongous regions: 32->32
[5579.713s][info][gc,metaspace   ] GC(647) Metaspace: 29962K(30464K)->29962K(30464K) NonClass: 26565K(26816K)->26565K(26816K) Class: 3397K(3648K)->3397K(3648K)
[5579.713s][info][gc             ] GC(647) Pause Young (Normal) (G1 Evacuation Pause) 7659M->1957M(10240M) 170.806ms
[5579.713s][info][gc,cpu         ] GC(647) User=1.34s Sys=0.00s Real=0.17s
....[5584.378s][info][gc,start       ] GC(648) Pause Young (Normal) (G1 Evacuation Pause)
[5584.378s][info][gc,task        ] GC(648) Using 8 workers of 8 for evacuation
[5584.550s][info][gc,phases      ] GC(648)   Pre Evacuate Collection Set: 0.30ms
[5584.550s][info][gc,phases      ] GC(648)   Merge Heap Roots: 0.58ms
[5584.550s][info][gc,phases      ] GC(648)   Evacuate Collection Set: 169.61ms
[5584.550s][info][gc,phases      ] GC(648)   Post Evacuate Collection Set: 1.28ms
[5584.550s][info][gc,phases      ] GC(648)   Other: 0.07ms
[5584.550s][info][gc,heap        ] GC(648) Eden regions: 716->0(715)
[5584.550s][info][gc,heap        ] GC(648) Survivor regions: 52->53(96)
[5584.550s][info][gc,heap        ] GC(648) Old regions: 164->166
[5584.550s][info][gc,heap        ] GC(648) Humongous regions: 32->32
[5584.550s][info][gc,metaspace   ] GC(648) Metaspace: 29962K(30464K)->29962K(30464K) NonClass: 26565K(26816K)->26565K(26816K) Class: 3397K(3648K)->3397K(3648K)
[5584.550s][info][gc             ] GC(648) Pause Young (Normal) (G1 Evacuation Pause) 7685M->1981M(10240M) 171.977ms
[5584.550s][info][gc,cpu         ] GC(648) User=1.35s Sys=0.00s Real=0.17s
.....[5589.411s][info][gc,start       ] GC(649) Pause Young (Normal) (G1 Evacuation Pause)
[5589.411s][info][gc,task        ] GC(649) Using 8 workers of 8 for evacuation
[5589.581s][info][gc,phases      ] GC(649)   Pre Evacuate Collection Set: 0.29ms
[5589.581s][info][gc,phases      ] GC(649)   Merge Heap Roots: 0.60ms
[5589.581s][info][gc,phases      ] GC(649)   Evacuate Collection Set: 167.18ms
[5589.581s][info][gc,phases      ] GC(649)   Post Evacuate Collection Set: 1.29ms
[5589.581s][info][gc,phases      ] GC(649)   Other: 0.06ms
[5589.581s][info][gc,heap        ] GC(649) Eden regions: 715->0(715)
[5589.581s][info][gc,heap        ] GC(649) Survivor regions: 53->53(96)
[5589.581s][info][gc,heap        ] GC(649) Old regions: 166->169
[5589.581s][info][gc,heap        ] GC(649) Humongous regions: 32->32
[5589.581s][info][gc,metaspace   ] GC(649) Metaspace: 29967K(30464K)->29967K(30464K) NonClass: 26570K(26816K)->26570K(26816K) Class: 3397K(3648K)->3397K(3648K)
[5589.581s][info][gc             ] GC(649) Pause Young (Normal) (G1 Evacuation Pause) 7701M->2001M(10240M) 169.581ms
[5589.581s][info][gc,cpu         ] GC(649) User=1.34s Sys=0.00s Real=0.17s
.....[5594.485s][info][gc,start       ] GC(650) Pause Young (Normal) (G1 Evacuation Pause)
[5594.485s][info][gc,task        ] GC(650) Using 8 workers of 8 for evacuation
[5594.655s][info][gc,phases      ] GC(650)   Pre Evacuate Collection Set: 0.30ms
[5594.655s][info][gc,phases      ] GC(650)   Merge Heap Roots: 0.57ms
[5594.655s][info][gc,phases      ] GC(650)   Evacuate Collection Set: 167.54ms
[5594.655s][info][gc,phases      ] GC(650)   Post Evacuate Collection Set: 1.31ms
[5594.655s][info][gc,phases      ] GC(650)   Other: 0.08ms
[5594.655s][info][gc,heap        ] GC(650) Eden regions: 715->0(716)
[5594.655s][info][gc,heap        ] GC(650) Survivor regions: 53->52(96)
[5594.655s][info][gc,heap        ] GC(650) Old regions: 169->171
[5594.655s][info][gc,heap        ] GC(650) Humongous regions: 32->32
[5594.655s][info][gc,metaspace   ] GC(650) Metaspace: 29967K(30464K)->29967K(30464K) NonClass: 26570K(26816K)->26570K(26816K) Class: 3397K(3648K)->3397K(3648K)
[5594.655s][info][gc             ] GC(650) Pause Young (Normal) (G1 Evacuation Pause) 7721M->2018M(10240M) 169.937ms
[5594.655s][info][gc,cpu         ] GC(650) User=1.34s Sys=0.00s Real=0.17s
..... (rIR:aIR:PR = 9686:9738:9734) (tPR = 144336) [OK] 
  5598s: Performance info:
         Transaction,    Success,    Partial,     Failed,   Receipts, AvgBarcode, 
             Overall,     586279,          0,          0,     557267,      59.48, 
         Response times:
             Request,    Success,    Partial,     Failed,   SkipFail,     Probes,    Samples,      min,      p50,      p90,      p95,      p99,      max, 
       TotalPurchase,     557459,          0,          0,          0,     359319,     422328,      300,     7400,    27000,    81000,   134000,   700000,
     InStorePurchase,     294126,          0,          0,          0,     189274,     222120,      400,     7400,    28000,    80000,   135000,   700000,
      OnlinePurchase,     204836,          0,          0,          0,     132231,     155446,      300,     7300,    26000,    81000,   134000,   700000,
        InstPurchase,      58497,          0,          0,          0,      37814,      44762,      500,     7100,    26000,    81000,   133000,   700000,
          AssocOfCat,        586,          0,          0,          0,        495,        707,    33000,    55000,    85000,   136800,   196760,   235000,
      AssocOfProduct,       5813,          0,          0,          0,       4331,       5386,      800,     7600,    32000,    84000,   133390,   547000,
      BusinessReport,       1465,          0,          0,          0,       1320,       1689,    35000,    66000,   100000,   168000,   235200,   261000,
          CustBuyBeh,       5830,          0,          0,          0,       4305,       5270,      300,     7800,    26900,    76450,   142000,   544000,
       ProductReturn,      15344,          0,          0,          0,      10079,      12174,      600,     7800,    33000,    83000,   137000,   491000,

  5598s: (71%)   IR =   9824 [5599.232s][info][gc,start       ] GC(651) Pause Young (Normal) (G1 Evacuation Pause)
[5599.232s][info][gc,task        ] GC(651) Using 8 workers of 8 for evacuation
[5599.404s][info][gc,phases      ] GC(651)   Pre Evacuate Collection Set: 0.30ms
[5599.404s][info][gc,phases      ] GC(651)   Merge Heap Roots: 0.66ms
[5599.404s][info][gc,phases      ] GC(651)   Evacuate Collection Set: 170.02ms
[5599.404s][info][gc,phases      ] GC(651)   Post Evacuate Collection Set: 1.30ms
[5599.404s][info][gc,phases      ] GC(651)   Other: 0.08ms
[5599.404s][info][gc,heap        ] GC(651) Eden regions: 716->0(716)
[5599.405s][info][gc,heap        ] GC(651) Survivor regions: 52->52(96)
[5599.405s][info][gc,heap        ] GC(651) Old regions: 171->174
[5599.405s][info][gc,heap        ] GC(651) Humongous regions: 32->32
[5599.405s][info][gc,metaspace   ] GC(651) Metaspace: 29970K(30464K)->29970K(30464K) NonClass: 26573K(26816K)->26573K(26816K) Class: 3397K(3648K)->3397K(3648K)
[5599.405s][info][gc             ] GC(651) Pause Young (Normal) (G1 Evacuation Pause) 7746M->2039M(10240M) 172.523ms
[5599.405s][info][gc,cpu         ] GC(651) User=1.36s Sys=0.00s Real=0.17s
.....[5604.228s][info][gc,start       ] GC(652) Pause Young (Normal) (G1 Evacuation Pause)
[5604.229s][info][gc,task        ] GC(652) Using 8 workers of 8 for evacuation
[5604.401s][info][gc,phases      ] GC(652)   Pre Evacuate Collection Set: 0.32ms
[5604.401s][info][gc,phases      ] GC(652)   Merge Heap Roots: 0.70ms
[5604.401s][info][gc,phases      ] GC(652)   Evacuate Collection Set: 169.85ms
[5604.401s][info][gc,phases      ] GC(652)   Post Evacuate Collection Set: 1.34ms
[5604.401s][info][gc,phases      ] GC(652)   Other: 0.07ms
[5604.401s][info][gc,heap        ] GC(652) Eden regions: 716->0(714)
[5604.401s][info][gc,heap        ] GC(652) Survivor regions: 52->54(96)
[5604.401s][info][gc,heap        ] GC(652) Old regions: 174->176
[5604.401s][info][gc,heap        ] GC(652) Humongous regions: 32->32
[5604.401s][info][gc,metaspace   ] GC(652) Metaspace: 29973K(30464K)->29973K(30464K) NonClass: 26576K(26816K)->26576K(26816K) Class: 3397K(3648K)->3397K(3648K)
[5604.401s][info][gc             ] GC(652) Pause Young (Normal) (G1 Evacuation Pause) 7767M->2071M(10240M) 172.421ms
[5604.401s][info][gc,cpu         ] GC(652) User=1.35s Sys=0.00s Real=0.17s
.....[5609.147s][info][gc,start       ] GC(653) Pause Young (Normal) (G1 Evacuation Pause)
[5609.147s][info][gc,task        ] GC(653) Using 8 workers of 8 for evacuation
[5609.311s][info][gc,phases      ] GC(653)   Pre Evacuate Collection Set: 0.31ms
[5609.311s][info][gc,phases      ] GC(653)   Merge Heap Roots: 0.59ms
[5609.311s][info][gc,phases      ] GC(653)   Evacuate Collection Set: 161.69ms
[5609.311s][info][gc,phases      ] GC(653)   Post Evacuate Collection Set: 1.28ms
[5609.311s][info][gc,phases      ] GC(653)   Other: 0.06ms
[5609.311s][info][gc,heap        ] GC(653) Eden regions: 714->0(717)
[5609.311s][info][gc,heap        ] GC(653) Survivor regions: 54->51(96)
[5609.311s][info][gc,heap        ] GC(653) Old regions: 176->179
[5609.311s][info][gc,heap        ] GC(653) Humongous regions: 32->32
[5609.311s][info][gc,metaspace   ] GC(653) Metaspace: 29973K(30464K)->29973K(30464K) NonClass: 26576K(26816K)->26576K(26816K) Class: 3397K(3648K)->3397K(3648K)
[5609.311s][info][gc             ] GC(653) Pause Young (Normal) (G1 Evacuation Pause) 7783M->2072M(10240M) 164.084ms
[5609.311s][info][gc,cpu         ] GC(653) User=1.29s Sys=0.00s Real=0.16s
.....[5614.033s][info][gc,start       ] GC(654) Pause Young (Normal) (G1 Evacuation Pause)
[5614.033s][info][gc,task        ] GC(654) Using 8 workers of 8 for evacuation
[5614.204s][info][gc,phases      ] GC(654)   Pre Evacuate Collection Set: 0.29ms
[5614.204s][info][gc,phases      ] GC(654)   Merge Heap Roots: 0.56ms
[5614.204s][info][gc,phases      ] GC(654)   Evacuate Collection Set: 169.34ms
[5614.204s][info][gc,phases      ] GC(654)   Post Evacuate Collection Set: 1.27ms
[5614.204s][info][gc,phases      ] GC(654)   Other: 0.07ms
[5614.204s][info][gc,heap        ] GC(654) Eden regions: 717->0(715)
[5614.204s][info][gc,heap        ] GC(654) Survivor regions: 51->53(96)
[5614.204s][info][gc,heap        ] GC(654) Old regions: 179->182
[5614.204s][info][gc,heap        ] GC(654) Humongous regions: 32->32
[5614.204s][info][gc,metaspace   ] GC(654) Metaspace: 29973K(30464K)->29973K(30464K) NonClass: 26576K(26816K)->26576K(26816K) Class: 3397K(3648K)->3397K(3648K)
[5614.204s][info][gc             ] GC(654) Pause Young (Normal) (G1 Evacuation Pause) 7808M->2109M(10240M) 171.660ms
[5614.204s][info][gc,cpu         ] GC(654) User=1.35s Sys=0.00s Real=0.17s
.....|[5618.907s][info][gc,start       ] GC(655) Pause Young (Normal) (G1 Evacuation Pause)
[5618.907s][info][gc,task        ] GC(655) Using 8 workers of 8 for evacuation
[5619.074s][info][gc,phases      ] GC(655)   Pre Evacuate Collection Set: 0.33ms
[5619.074s][info][gc,phases      ] GC(655)   Merge Heap Roots: 0.61ms
[5619.074s][info][gc,phases      ] GC(655)   Evacuate Collection Set: 164.57ms
[5619.074s][info][gc,phases      ] GC(655)   Post Evacuate Collection Set: 1.36ms
[5619.074s][info][gc,phases      ] GC(655)   Other: 0.08ms
[5619.074s][info][gc,heap        ] GC(655) Eden regions: 715->0(717)
[5619.074s][info][gc,heap        ] GC(655) Survivor regions: 53->51(96)
[5619.074s][info][gc,heap        ] GC(655) Old regions: 182->184
[5619.074s][info][gc,heap        ] GC(655) Humongous regions: 32->32
[5619.074s][info][gc,metaspace   ] GC(655) Metaspace: 29973K(30464K)->29973K(30464K) NonClass: 26576K(26816K)->26576K(26816K) Class: 3397K(3648K)->3397K(3648K)
[5619.074s][info][gc             ] GC(655) Pause Young (Normal) (G1 Evacuation Pause) 7829M->2111M(10240M) 167.084ms
[5619.074s][info][gc,cpu         ] GC(655) User=1.32s Sys=0.00s Real=0.16s
....[5623.721s][info][gc,start       ] GC(656) Pause Young (Normal) (G1 Evacuation Pause)
[5623.721s][info][gc,task        ] GC(656) Using 8 workers of 8 for evacuation
[5623.890s][info][gc,phases      ] GC(656)   Pre Evacuate Collection Set: 0.32ms
[5623.890s][info][gc,phases      ] GC(656)   Merge Heap Roots: 0.60ms
[5623.890s][info][gc,phases      ] GC(656)   Evacuate Collection Set: 166.00ms
[5623.890s][info][gc,phases      ] GC(656)   Post Evacuate Collection Set: 1.28ms
[5623.890s][info][gc,phases      ] GC(656)   Other: 0.08ms
[5623.890s][info][gc,heap        ] GC(656) Eden regions: 717->0(717)
[5623.890s][info][gc,heap        ] GC(656) Survivor regions: 51->51(96)
[5623.890s][info][gc,heap        ] GC(656) Old regions: 184->187
[5623.890s][info][gc,heap        ] GC(656) Humongous regions: 32->32
[5623.890s][info][gc,metaspace   ] GC(656) Metaspace: 29973K(30464K)->29973K(30464K) NonClass: 26576K(26816K)->26576K(26816K) Class: 3397K(3648K)->3397K(3648K)
[5623.890s][info][gc             ] GC(656) Pause Young (Normal) (G1 Evacuation Pause) 7847M->2135M(10240M) 168.427ms
[5623.890s][info][gc,cpu         ] GC(656) User=1.33s Sys=0.00s Real=0.17s
.....[5628.638s][info][gc,start       ] GC(657) Pause Young (Normal) (G1 Evacuation Pause)
[5628.638s][info][gc,task        ] GC(657) Using 8 workers of 8 for evacuation
[5628.807s][info][gc,phases      ] GC(657)   Pre Evacuate Collection Set: 0.31ms
[5628.808s][info][gc,phases      ] GC(657)   Merge Heap Roots: 0.60ms
[5628.808s][info][gc,phases      ] GC(657)   Evacuate Collection Set: 166.75ms
[5628.808s][info][gc,phases      ] GC(657)   Post Evacuate Collection Set: 1.28ms
[5628.808s][info][gc,phases      ] GC(657)   Other: 0.07ms
[5628.808s][info][gc,heap        ] GC(657) Eden regions: 717->0(716)
[5628.808s][info][gc,heap        ] GC(657) Survivor regions: 51->52(96)
[5628.808s][info][gc,heap        ] GC(657) Old regions: 187->189
[5628.808s][info][gc,heap        ] GC(657) Humongous regions: 32->32
[5628.808s][info][gc,metaspace   ] GC(657) Metaspace: 29973K(30464K)->29973K(30464K) NonClass: 26576K(26816K)->26576K(26816K) Class: 3397K(3648K)->3397K(3648K)
[5628.808s][info][gc             ] GC(657) Pause Young (Normal) (G1 Evacuation Pause) 7871M->2159M(10240M) 169.139ms
[5628.808s][info][gc,cpu         ] GC(657) User=1.33s Sys=0.00s Real=0.17s
.....[5633.580s][info][gc,start       ] GC(658) Pause Young (Normal) (G1 Evacuation Pause)
[5633.580s][info][gc,task        ] GC(658) Using 8 workers of 8 for evacuation
[5633.751s][info][gc,phases      ] GC(658)   Pre Evacuate Collection Set: 0.28ms
[5633.751s][info][gc,phases      ] GC(658)   Merge Heap Roots: 0.58ms
[5633.751s][info][gc,phases      ] GC(658)   Evacuate Collection Set: 168.64ms
[5633.751s][info][gc,phases      ] GC(658)   Post Evacuate Collection Set: 1.34ms
[5633.751s][info][gc,phases      ] GC(658)   Other: 0.07ms
[5633.751s][info][gc,heap        ] GC(658) Eden regions: 716->0(715)
[5633.751s][info][gc,heap        ] GC(658) Survivor regions: 52->53(96)
[5633.751s][info][gc,heap        ] GC(658) Old regions: 189->192
[5633.751s][info][gc,heap        ] GC(658) Humongous regions: 32->32
[5633.751s][info][gc,metaspace   ] GC(658) Metaspace: 29973K(30464K)->29973K(30464K) NonClass: 26576K(26816K)->26576K(26816K) Class: 3397K(3648K)->3397K(3648K)
[5633.751s][info][gc             ] GC(658) Pause Young (Normal) (G1 Evacuation Pause) 7887M->2188M(10240M) 171.067ms
[5633.751s][info][gc,cpu         ] GC(658) User=1.35s Sys=0.00s Real=0.17s
.....[5638.457s][info][gc,start       ] GC(659) Pause Young (Normal) (G1 Evacuation Pause)
[5638.457s][info][gc,task        ] GC(659) Using 8 workers of 8 for evacuation
[5638.626s][info][gc,phases      ] GC(659)   Pre Evacuate Collection Set: 0.29ms
[5638.626s][info][gc,phases      ] GC(659)   Merge Heap Roots: 0.57ms
[5638.626s][info][gc,phases      ] GC(659)   Evacuate Collection Set: 166.85ms
[5638.626s][info][gc,phases      ] GC(659)   Post Evacuate Collection Set: 1.27ms
[5638.626s][info][gc,phases      ] GC(659)   Other: 0.06ms
[5638.626s][info][gc,heap        ] GC(659) Eden regions: 715->0(715)
[5638.626s][info][gc,heap        ] GC(659) Survivor regions: 53->53(96)
[5638.626s][info][gc,heap        ] GC(659) Old regions: 192->195
[5638.626s][info][gc,heap        ] GC(659) Humongous regions: 32->32
[5638.626s][info][gc,metaspace   ] GC(659) Metaspace: 29973K(30464K)->29973K(30464K) NonClass: 26576K(26816K)->26576K(26816K) Class: 3397K(3648K)->3397K(3648K)
[5638.626s][info][gc             ] GC(659) Pause Young (Normal) (G1 Evacuation Pause) 7908M->2212M(10240M) 169.178ms
[5638.626s][info][gc,cpu         ] GC(659) User=1.33s Sys=0.00s Real=0.17s
.....[5643.335s][info][gc,start       ] GC(660) Pause Young (Normal) (G1 Evacuation Pause)
[5643.335s][info][gc,task        ] GC(660) Using 8 workers of 8 for evacuation
[5643.503s][info][gc,phases      ] GC(660)   Pre Evacuate Collection Set: 0.31ms
[5643.503s][info][gc,phases      ] GC(660)   Merge Heap Roots: 0.59ms
[5643.503s][info][gc,phases      ] GC(660)   Evacuate Collection Set: 165.71ms
[5643.503s][info][gc,phases      ] GC(660)   Post Evacuate Collection Set: 1.29ms
[5643.503s][info][gc,phases      ] GC(660)   Other: 0.07ms
[5643.503s][info][gc,heap        ] GC(660) Eden regions: 715->0(716)
[5643.503s][info][gc,heap        ] GC(660) Survivor regions: 53->52(96)
[5643.503s][info][gc,heap        ] GC(660) Old regions: 195->197
[5643.503s][info][gc,heap        ] GC(660) Humongous regions: 32->32
[5643.503s][info][gc,metaspace   ] GC(660) Metaspace: 29973K(30464K)->29973K(30464K) NonClass: 26576K(26816K)->26576K(26816K) Class: 3397K(3648K)->3397K(3648K)
[5643.503s][info][gc             ] GC(660) Pause Young (Normal) (G1 Evacuation Pause) 7932M->2220M(10240M) 168.107ms
[5643.504s][info][gc,cpu         ] GC(660) User=1.32s Sys=0.00s Real=0.16s
.....[5648.162s][info][gc,start       ] GC(661) Pause Young (Normal) (G1 Evacuation Pause)
[5648.162s][info][gc,task        ] GC(661) Using 8 workers of 8 for evacuation
[5648.329s][info][gc,phases      ] GC(661)   Pre Evacuate Collection Set: 0.29ms
[5648.329s][info][gc,phases      ] GC(661)   Merge Heap Roots: 0.59ms
[5648.329s][info][gc,phases      ] GC(661)   Evacuate Collection Set: 165.20ms
[5648.329s][info][gc,phases      ] GC(661)   Post Evacuate Collection Set: 1.26ms
[5648.329s][info][gc,phases      ] GC(661)   Other: 0.07ms
[5648.329s][info][gc,heap        ] GC(661) Eden regions: 716->0(716)
[5648.329s][info][gc,heap        ] GC(661) Survivor regions: 52->52(96)
[5648.329s][info][gc,heap        ] GC(661) Old regions: 197->200
[5648.329s][info][gc,heap        ] GC(661) Humongous regions: 32->32
[5648.329s][info][gc,metaspace   ] GC(661) Metaspace: 29973K(30464K)->29973K(30464K) NonClass: 26576K(26816K)->26576K(26816K) Class: 3397K(3648K)->3397K(3648K)
[5648.329s][info][gc             ] GC(661) Pause Young (Normal) (G1 Evacuation Pause) 7948M->2240M(10240M) 167.549ms
[5648.330s][info][gc,cpu         ] GC(661) User=1.32s Sys=0.00s Real=0.17s
.....[5653.000s][info][gc,start       ] GC(662) Pause Young (Normal) (G1 Evacuation Pause)
[5653.000s][info][gc,task        ] GC(662) Using 8 workers of 8 for evacuation
[5653.170s][info][gc,phases      ] GC(662)   Pre Evacuate Collection Set: 0.30ms
[5653.171s][info][gc,phases      ] GC(662)   Merge Heap Roots: 0.56ms
[5653.171s][info][gc,phases      ] GC(662)   Evacuate Collection Set: 167.92ms
[5653.171s][info][gc,phases      ] GC(662)   Post Evacuate Collection Set: 1.27ms
[5653.171s][info][gc,phases      ] GC(662)   Other: 0.08ms
[5653.171s][info][gc,heap        ] GC(662) Eden regions: 716->0(715)
[5653.171s][info][gc,heap        ] GC(662) Survivor regions: 52->53(96)
[5653.171s][info][gc,heap        ] GC(662) Old regions: 200->202
[5653.171s][info][gc,heap        ] GC(662) Humongous regions: 32->32
[5653.171s][info][gc,metaspace   ] GC(662) Metaspace: 29973K(30464K)->29973K(30464K) NonClass: 26576K(26816K)->26576K(26816K) Class: 3397K(3648K)->3397K(3648K)
[5653.171s][info][gc             ] GC(662) Pause Young (Normal) (G1 Evacuation Pause) 7968M->2273M(10240M) 170.253ms
[5653.171s][info][gc,cpu         ] GC(662) User=1.34s Sys=0.00s Real=0.17s
.....[5657.970s][info][gc,start       ] GC(663) Pause Young (Normal) (G1 Evacuation Pause)
[5657.970s][info][gc,task        ] GC(663) Using 8 workers of 8 for evacuation
[5658.139s][info][gc,phases      ] GC(663)   Pre Evacuate Collection Set: 0.29ms
[5658.139s][info][gc,phases      ] GC(663)   Merge Heap Roots: 0.69ms
[5658.139s][info][gc,phases      ] GC(663)   Evacuate Collection Set: 167.15ms
[5658.139s][info][gc,phases      ] GC(663)   Post Evacuate Collection Set: 1.26ms
[5658.139s][info][gc,phases      ] GC(663)   Other: 0.08ms
[5658.139s][info][gc,heap        ] GC(663) Eden regions: 715->0(715)
[5658.139s][info][gc,heap        ] GC(663) Survivor regions: 53->53(96)
[5658.139s][info][gc,heap        ] GC(663) Old regions: 202->205
[5658.139s][info][gc,heap        ] GC(663) Humongous regions: 32->32
[5658.139s][info][gc,metaspace   ] GC(663) Metaspace: 29973K(30464K)->29973K(30464K) NonClass: 26576K(26816K)->26576K(26816K) Class: 3397K(3648K)->3397K(3648K)
[5658.139s][info][gc             ] GC(663) Pause Young (Normal) (G1 Evacuation Pause) 7993M->2289M(10240M) 169.608ms
[5658.139s][info][gc,cpu         ] GC(663) User=1.33s Sys=0.00s Real=0.17s
.....[5662.927s][info][gc,start       ] GC(664) Pause Young (Normal) (G1 Evacuation Pause)
[5662.927s][info][gc,task        ] GC(664) Using 8 workers of 8 for evacuation
[5663.096s][info][gc,phases      ] GC(664)   Pre Evacuate Collection Set: 0.29ms
[5663.096s][info][gc,phases      ] GC(664)   Merge Heap Roots: 0.57ms
[5663.096s][info][gc,phases      ] GC(664)   Evacuate Collection Set: 166.08ms
[5663.096s][info][gc,phases      ] GC(664)   Post Evacuate Collection Set: 1.28ms
[5663.096s][info][gc,phases      ] GC(664)   Other: 0.06ms
[5663.096s][info][gc,heap        ] GC(664) Eden regions: 715->0(715)
[5663.096s][info][gc,heap        ] GC(664) Survivor regions: 53->53(96)
[5663.096s][info][gc,heap        ] GC(664) Old regions: 205->207
[5663.096s][info][gc,heap        ] GC(664) Humongous regions: 32->32
[5663.096s][info][gc,metaspace   ] GC(664) Metaspace: 29973K(30464K)->29973K(30464K) NonClass: 26576K(26816K)->26576K(26816K) Class: 3397K(3648K)->3397K(3648K)
[5663.096s][info][gc             ] GC(664) Pause Young (Normal) (G1 Evacuation Pause) 8009M->2310M(10240M) 168.432ms
[5663.096s][info][gc,cpu         ] GC(664) User=1.32s Sys=0.00s Real=0.17s
....[5667.861s][info][gc,start       ] GC(665) Pause Young (Normal) (G1 Evacuation Pause)
[5667.861s][info][gc,task        ] GC(665) Using 8 workers of 8 for evacuation
[5668.029s][info][gc,phases      ] GC(665)   Pre Evacuate Collection Set: 0.29ms
[5668.029s][info][gc,phases      ] GC(665)   Merge Heap Roots: 0.60ms
[5668.029s][info][gc,phases      ] GC(665)   Evacuate Collection Set: 165.28ms
[5668.029s][info][gc,phases      ] GC(665)   Post Evacuate Collection Set: 1.30ms
[5668.029s][info][gc,phases      ] GC(665)   Other: 0.06ms
[5668.029s][info][gc,heap        ] GC(665) Eden regions: 715->0(716)
[5668.029s][info][gc,heap        ] GC(665) Survivor regions: 53->52(96)
[5668.029s][info][gc,heap        ] GC(665) Old regions: 207->210
[5668.029s][info][gc,heap        ] GC(665) Humongous regions: 32->32
[5668.029s][info][gc,metaspace   ] GC(665) Metaspace: 29973K(30464K)->29973K(30464K) NonClass: 26576K(26816K)->26576K(26816K) Class: 3397K(3648K)->3397K(3648K)
[5668.029s][info][gc             ] GC(665) Pause Young (Normal) (G1 Evacuation Pause) 8030M->2326M(10240M) 167.683ms
[5668.029s][info][gc,cpu         ] GC(665) User=1.32s Sys=0.00s Real=0.17s
.....[5672.891s][info][gc,start       ] GC(666) Pause Young (Normal) (G1 Evacuation Pause)
[5672.891s][info][gc,task        ] GC(666) Using 8 workers of 8 for evacuation
[5673.064s][info][gc,phases      ] GC(666)   Pre Evacuate Collection Set: 0.29ms
[5673.064s][info][gc,phases      ] GC(666)   Merge Heap Roots: 0.60ms
[5673.064s][info][gc,phases      ] GC(666)   Evacuate Collection Set: 170.40ms
[5673.064s][info][gc,phases      ] GC(666)   Post Evacuate Collection Set: 1.31ms
[5673.064s][info][gc,phases      ] GC(666)   Other: 0.06ms
[5673.064s][info][gc,heap        ] GC(666) Eden regions: 716->0(715)
[5673.064s][info][gc,heap        ] GC(666) Survivor regions: 52->53(96)
[5673.064s][info][gc,heap        ] GC(666) Old regions: 210->212
[5673.064s][info][gc,heap        ] GC(666) Humongous regions: 32->32
[5673.064s][info][gc,metaspace   ] GC(666) Metaspace: 29973K(30464K)->29973K(30464K) NonClass: 26576K(26816K)->26576K(26816K) Class: 3397K(3648K)->3397K(3648K)
[5673.064s][info][gc             ] GC(666) Pause Young (Normal) (G1 Evacuation Pause) 8054M->2355M(10240M) 172.802ms
[5673.064s][info][gc,cpu         ] GC(666) User=1.37s Sys=0.00s Real=0.17s
.....[5677.751s][info][gc,start       ] GC(667) Pause Young (Normal) (G1 Evacuation Pause)
[5677.751s][info][gc,task        ] GC(667) Using 8 workers of 8 for evacuation
[5677.922s][info][gc,phases      ] GC(667)   Pre Evacuate Collection Set: 0.31ms
[5677.922s][info][gc,phases      ] GC(667)   Merge Heap Roots: 0.58ms
[5677.922s][info][gc,phases      ] GC(667)   Evacuate Collection Set: 168.78ms
[5677.922s][info][gc,phases      ] GC(667)   Post Evacuate Collection Set: 1.27ms
[5677.922s][info][gc,phases      ] GC(667)   Other: 0.06ms
[5677.922s][info][gc,heap        ] GC(667) Eden regions: 715->0(715)
[5677.922s][info][gc,heap        ] GC(667) Survivor regions: 53->53(96)
[5677.922s][info][gc,heap        ] GC(667) Old regions: 212->215
[5677.922s][info][gc,heap        ] GC(667) Humongous regions: 32->32
[5677.922s][info][gc,metaspace   ] GC(667) Metaspace: 29973K(30464K)->29973K(30464K) NonClass: 26576K(26816K)->26576K(26816K) Class: 3397K(3648K)->3397K(3648K)
[5677.922s][info][gc             ] GC(667) Pause Young (Normal) (G1 Evacuation Pause) 8075M->2371M(10240M) 171.152ms
[5677.922s][info][gc,cpu         ] GC(667) User=1.34s Sys=0.00s Real=0.17s
.. (rIR:aIR:PR = 9824:9798:9797) (tPR = 145318) [OK] 
  5678s: Performance info:
         Transaction,    Success,    Partial,     Failed,   Receipts, AvgBarcode, 
             Overall,     590098,          0,          0,     560759,      59.47, 
         Response times:
             Request,    Success,    Partial,     Failed,   SkipFail,     Probes,    Samples,      min,      p50,      p90,      p95,      p99,      max, 
       TotalPurchase,     560788,          0,          0,          0,     359946,     485485,      300,     7400,    26000,    74000,   145000,   650000,
     InStorePurchase,     295993,          0,          0,          0,     188929,     254587,      300,     7400,    26000,    75000,   146000,   650000,
      OnlinePurchase,     206422,          0,          0,          0,     133722,     179866,      300,     7400,    27000,    75000,   145000,   650000,
        InstPurchase,      58373,          0,          0,          0,      37295,      51032,      400,     7500,    26000,    72000,   142670,   556000,
          AssocOfCat,        590,          0,          0,          0,        459,        737,    28000,    55000,    81000,   117300,   215000,   243000,
      AssocOfProduct,       5951,          0,          0,          0,       4404,       6314,      500,     7000,    29000,    79000,   155850,   553000,
      BusinessReport,       1477,          0,          0,          0,       1342,       1958,    31000,    65500,    97000,   133000,   233050,   276000,
          CustBuyBeh,       5876,          0,          0,          0,       4354,       6175,      200,     7400,    30000,    73000,   139000,   233000,
       ProductReturn,      15464,          0,          0,          0,       9262,      12850,      200,     7700,    29000,    86000,   160000,   595000,

  5678s: (72%)   IR =   9963 ...[5682.643s][info][gc,start       ] GC(668) Pause Young (Normal) (G1 Evacuation Pause)
[5682.643s][info][gc,task        ] GC(668) Using 8 workers of 8 for evacuation
[5682.815s][info][gc,phases      ] GC(668)   Pre Evacuate Collection Set: 0.29ms
[5682.815s][info][gc,phases      ] GC(668)   Merge Heap Roots: 0.60ms
[5682.815s][info][gc,phases      ] GC(668)   Evacuate Collection Set: 169.60ms
[5682.815s][info][gc,phases      ] GC(668)   Post Evacuate Collection Set: 1.29ms
[5682.815s][info][gc,phases      ] GC(668)   Other: 0.06ms
[5682.815s][info][gc,heap        ] GC(668) Eden regions: 715->0(715)
[5682.815s][info][gc,heap        ] GC(668) Survivor regions: 53->53(96)
[5682.815s][info][gc,heap        ] GC(668) Old regions: 215->218
[5682.815s][info][gc,heap        ] GC(668) Humongous regions: 32->32
[5682.815s][info][gc,metaspace   ] GC(668) Metaspace: 29973K(30464K)->29973K(30464K) NonClass: 26576K(26816K)->26576K(26816K) Class: 3397K(3648K)->3397K(3648K)
[5682.815s][info][gc             ] GC(668) Pause Young (Normal) (G1 Evacuation Pause) 8091M->2396M(10240M) 171.972ms
[5682.815s][info][gc,cpu         ] GC(668) User=1.36s Sys=0.00s Real=0.18s
.....[5687.416s][info][gc,start       ] GC(669) Pause Young (Normal) (G1 Evacuation Pause)
[5687.416s][info][gc,task        ] GC(669) Using 8 workers of 8 for evacuation
[5687.585s][info][gc,phases      ] GC(669)   Pre Evacuate Collection Set: 0.28ms
[5687.585s][info][gc,phases      ] GC(669)   Merge Heap Roots: 0.57ms
[5687.585s][info][gc,phases      ] GC(669)   Evacuate Collection Set: 167.00ms
[5687.585s][info][gc,phases      ] GC(669)   Post Evacuate Collection Set: 1.30ms
[5687.585s][info][gc,phases      ] GC(669)   Other: 0.07ms
[5687.585s][info][gc,heap        ] GC(669) Eden regions: 715->0(715)
[5687.585s][info][gc,heap        ] GC(669) Survivor regions: 53->53(96)
[5687.585s][info][gc,heap        ] GC(669) Old regions: 218->220
[5687.585s][info][gc,heap        ] GC(669) Humongous regions: 32->32
[5687.585s][info][gc,metaspace   ] GC(669) Metaspace: 29973K(30464K)->29973K(30464K) NonClass: 26576K(26816K)->26576K(26816K) Class: 3397K(3648K)->3397K(3648K)
[5687.585s][info][gc             ] GC(669) Pause Young (Normal) (G1 Evacuation Pause) 8116M->2412M(10240M) 169.352ms
[5687.585s][info][gc,cpu         ] GC(669) User=1.33s Sys=0.00s Real=0.17s
....|.[5692.306s][info][gc,start       ] GC(670) Pause Young (Normal) (G1 Evacuation Pause)
[5692.306s][info][gc,task        ] GC(670) Using 8 workers of 8 for evacuation
[5692.473s][info][gc,phases      ] GC(670)   Pre Evacuate Collection Set: 0.29ms
[5692.473s][info][gc,phases      ] GC(670)   Merge Heap Roots: 0.59ms
[5692.473s][info][gc,phases      ] GC(670)   Evacuate Collection Set: 164.93ms
[5692.473s][info][gc,phases      ] GC(670)   Post Evacuate Collection Set: 1.31ms
[5692.473s][info][gc,phases      ] GC(670)   Other: 0.06ms
[5692.473s][info][gc,heap        ] GC(670) Eden regions: 715->0(716)
[5692.473s][info][gc,heap        ] GC(670) Survivor regions: 53->52(96)
[5692.473s][info][gc,heap        ] GC(670) Old regions: 220->223
[5692.473s][info][gc,heap        ] GC(670) Humongous regions: 32->32
[5692.473s][info][gc,metaspace   ] GC(670) Metaspace: 29973K(30464K)->29973K(30464K) NonClass: 26576K(26816K)->26576K(26816K) Class: 3397K(3648K)->3397K(3648K)
[5692.473s][info][gc             ] GC(670) Pause Young (Normal) (G1 Evacuation Pause) 8132M->2425M(10240M) 167.332ms
[5692.473s][info][gc,cpu         ] GC(670) User=1.32s Sys=0.00s Real=0.16s
....[5697.146s][info][gc,start       ] GC(671) Pause Young (Normal) (G1 Evacuation Pause)
[5697.146s][info][gc,task        ] GC(671) Using 8 workers of 8 for evacuation
[5697.317s][info][gc,phases      ] GC(671)   Pre Evacuate Collection Set: 0.29ms
[5697.317s][info][gc,phases      ] GC(671)   Merge Heap Roots: 0.60ms
[5697.317s][info][gc,phases      ] GC(671)   Evacuate Collection Set: 169.28ms
[5697.317s][info][gc,phases      ] GC(671)   Post Evacuate Collection Set: 1.24ms
[5697.317s][info][gc,phases      ] GC(671)   Other: 0.07ms
[5697.317s][info][gc,heap        ] GC(671) Eden regions: 716->0(715)
[5697.317s][info][gc,heap        ] GC(671) Survivor regions: 52->53(96)
[5697.317s][info][gc,heap        ] GC(671) Old regions: 223->225
[5697.317s][info][gc,heap        ] GC(671) Humongous regions: 32->32
[5697.317s][info][gc,metaspace   ] GC(671) Metaspace: 29973K(30464K)->29973K(30464K) NonClass: 26576K(26816K)->26576K(26816K) Class: 3397K(3648K)->3397K(3648K)
[5697.317s][info][gc             ] GC(671) Pause Young (Normal) (G1 Evacuation Pause) 8153M->2454M(10240M) 171.620ms
[5697.317s][info][gc,cpu         ] GC(671) User=1.35s Sys=0.00s Real=0.17s
.....[5702.072s][info][gc,start       ] GC(672) Pause Young (Normal) (G1 Evacuation Pause)
[5702.072s][info][gc,task        ] GC(672) Using 8 workers of 8 for evacuation
[5702.247s][info][gc,phases      ] GC(672)   Pre Evacuate Collection Set: 0.29ms
[5702.248s][info][gc,phases      ] GC(672)   Merge Heap Roots: 0.63ms
[5702.248s][info][gc,phases      ] GC(672)   Evacuate Collection Set: 172.74ms
[5702.248s][info][gc,phases      ] GC(672)   Post Evacuate Collection Set: 1.29ms
[5702.248s][info][gc,phases      ] GC(672)   Other: 0.09ms
[5702.248s][info][gc,heap        ] GC(672) Eden regions: 715->0(715)
[5702.248s][info][gc,heap        ] GC(672) Survivor regions: 53->53(96)
[5702.248s][info][gc,heap        ] GC(672) Old regions: 225->228
[5702.248s][info][gc,heap        ] GC(672) Humongous regions: 32->32
[5702.248s][info][gc,metaspace   ] GC(672) Metaspace: 29973K(30464K)->29973K(30464K) NonClass: 26576K(26816K)->26576K(26816K) Class: 3397K(3648K)->3397K(3648K)
[5702.248s][info][gc             ] GC(672) Pause Young (Normal) (G1 Evacuation Pause) 8174M->2479M(10240M) 175.173ms
[5702.248s][info][gc,cpu         ] GC(672) User=1.38s Sys=0.00s Real=0.18s
.....[5706.894s][info][gc,start       ] GC(673) Pause Young (Normal) (G1 Evacuation Pause)
[5706.894s][info][gc,task        ] GC(673) Using 8 workers of 8 for evacuation
[5707.068s][info][gc,phases      ] GC(673)   Pre Evacuate Collection Set: 0.28ms
[5707.068s][info][gc,phases      ] GC(673)   Merge Heap Roots: 0.62ms
[5707.068s][info][gc,phases      ] GC(673)   Evacuate Collection Set: 171.30ms
[5707.068s][info][gc,phases      ] GC(673)   Post Evacuate Collection Set: 1.28ms
[5707.068s][info][gc,phases      ] GC(673)   Other: 0.06ms
[5707.068s][info][gc,heap        ] GC(673) Eden regions: 715->0(715)
[5707.068s][info][gc,heap        ] GC(673) Survivor regions: 53->53(96)
[5707.068s][info][gc,heap        ] GC(673) Old regions: 228->231
[5707.068s][info][gc,heap        ] GC(673) Humongous regions: 32->32
[5707.068s][info][gc,metaspace   ] GC(673) Metaspace: 29973K(30464K)->29973K(30464K) NonClass: 26576K(26816K)->26576K(26816K) Class: 3397K(3648K)->3397K(3648K)
[5707.068s][info][gc             ] GC(673) Pause Young (Normal) (G1 Evacuation Pause) 8199M->2500M(10240M) 173.665ms
[5707.068s][info][gc,cpu         ] GC(673) User=1.37s Sys=0.00s Real=0.18s
.....[5711.684s][info][gc,start       ] GC(674) Pause Young (Normal) (G1 Evacuation Pause)
[5711.684s][info][gc,task        ] GC(674) Using 8 workers of 8 for evacuation
[5711.853s][info][gc,phases      ] GC(674)   Pre Evacuate Collection Set: 0.34ms
[5711.853s][info][gc,phases      ] GC(674)   Merge Heap Roots: 0.67ms
[5711.853s][info][gc,phases      ] GC(674)   Evacuate Collection Set: 166.22ms
[5711.853s][info][gc,phases      ] GC(674)   Post Evacuate Collection Set: 1.28ms
[5711.853s][info][gc,phases      ] GC(674)   Other: 0.07ms
[5711.853s][info][gc,heap        ] GC(674) Eden regions: 715->0(716)
[5711.853s][info][gc,heap        ] GC(674) Survivor regions: 53->52(96)
[5711.853s][info][gc,heap        ] GC(674) Old regions: 231->233
[5711.853s][info][gc,heap        ] GC(674) Humongous regions: 32->32
[5711.853s][info][gc,metaspace   ] GC(674) Metaspace: 29973K(30464K)->29973K(30464K) NonClass: 26576K(26816K)->26576K(26816K) Class: 3397K(3648K)->3397K(3648K)
[5711.853s][info][gc             ] GC(674) Pause Young (Normal) (G1 Evacuation Pause) 8220M->2509M(10240M) 168.746ms
[5711.853s][info][gc,cpu         ] GC(674) User=1.32s Sys=0.01s Real=0.17s
.....[5716.542s][info][gc,start       ] GC(675) Pause Young (Normal) (G1 Evacuation Pause)
[5716.542s][info][gc,task        ] GC(675) Using 8 workers of 8 for evacuation
[5716.711s][info][gc,phases      ] GC(675)   Pre Evacuate Collection Set: 0.29ms
[5716.711s][info][gc,phases      ] GC(675)   Merge Heap Roots: 0.60ms
[5716.711s][info][gc,phases      ] GC(675)   Evacuate Collection Set: 166.25ms
[5716.711s][info][gc,phases      ] GC(675)   Post Evacuate Collection Set: 1.30ms
[5716.711s][info][gc,phases      ] GC(675)   Other: 0.08ms
[5716.711s][info][gc,heap        ] GC(675) Eden regions: 716->0(716)
[5716.711s][info][gc,heap        ] GC(675) Survivor regions: 52->52(96)
[5716.711s][info][gc,heap        ] GC(675) Old regions: 233->236
[5716.711s][info][gc,heap        ] GC(675) Humongous regions: 32->32
[5716.711s][info][gc,metaspace   ] GC(675) Metaspace: 29973K(30464K)->29973K(30464K) NonClass: 26576K(26816K)->26576K(26816K) Class: 3397K(3648K)->3397K(3648K)
[5716.711s][info][gc             ] GC(675) Pause Young (Normal) (G1 Evacuation Pause) 8237M->2533M(10240M) 168.642ms
[5716.711s][info][gc,cpu         ] GC(675) User=1.33s Sys=0.00s Real=0.17s
.....[5721.454s][info][gc,start       ] GC(676) Pause Young (Normal) (G1 Evacuation Pause)
[5721.454s][info][gc,task        ] GC(676) Using 8 workers of 8 for evacuation
[5721.622s][info][gc,phases      ] GC(676)   Pre Evacuate Collection Set: 0.30ms
[5721.622s][info][gc,phases      ] GC(676)   Merge Heap Roots: 0.62ms
[5721.622s][info][gc,phases      ] GC(676)   Evacuate Collection Set: 165.54ms
[5721.622s][info][gc,phases      ] GC(676)   Post Evacuate Collection Set: 1.30ms
[5721.622s][info][gc,phases      ] GC(676)   Other: 0.07ms
[5721.622s][info][gc,heap        ] GC(676) Eden regions: 716->0(717)
[5721.622s][info][gc,heap        ] GC(676) Survivor regions: 52->51(96)
[5721.622s][info][gc,heap        ] GC(676) Old regions: 236->238
[5721.622s][info][gc,heap        ] GC(676) Humongous regions: 32->32
[5721.622s][info][gc,metaspace   ] GC(676) Metaspace: 29973K(30464K)->29973K(30464K) NonClass: 26576K(26816K)->26576K(26816K) Class: 3397K(3648K)->3397K(3648K)
[5721.622s][info][gc             ] GC(676) Pause Young (Normal) (G1 Evacuation Pause) 8261M->2542M(10240M) 167.955ms
[5721.622s][info][gc,cpu         ] GC(676) User=1.32s Sys=0.00s Real=0.17s
.....[5726.352s][info][gc,start       ] GC(677) Pause Young (Normal) (G1 Evacuation Pause)
[5726.352s][info][gc,task        ] GC(677) Using 8 workers of 8 for evacuation
[5726.519s][info][gc,phases      ] GC(677)   Pre Evacuate Collection Set: 0.29ms
[5726.519s][info][gc,phases      ] GC(677)   Merge Heap Roots: 0.59ms
[5726.519s][info][gc,phases      ] GC(677)   Evacuate Collection Set: 164.78ms
[5726.519s][info][gc,phases      ] GC(677)   Post Evacuate Collection Set: 1.32ms
[5726.519s][info][gc,phases      ] GC(677)   Other: 0.06ms
[5726.519s][info][gc,heap        ] GC(677) Eden regions: 717->0(715)
[5726.519s][info][gc,heap        ] GC(677) Survivor regions: 51->53(96)
[5726.519s][info][gc,heap        ] GC(677) Old regions: 238->241
[5726.519s][info][gc,heap        ] GC(677) Humongous regions: 32->32
[5726.519s][info][gc,metaspace   ] GC(677) Metaspace: 29973K(30464K)->29973K(30464K) NonClass: 26576K(26816K)->26576K(26816K) Class: 3397K(3648K)->3397K(3648K)
[5726.519s][info][gc             ] GC(677) Pause Young (Normal) (G1 Evacuation Pause) 8278M->2578M(10240M) 167.195ms
[5726.519s][info][gc,cpu         ] GC(677) User=1.32s Sys=0.00s Real=0.17s
....[5731.150s][info][gc,start       ] GC(678) Pause Young (Normal) (G1 Evacuation Pause)
[5731.150s][info][gc,task        ] GC(678) Using 8 workers of 8 for evacuation
[5731.318s][info][gc,phases      ] GC(678)   Pre Evacuate Collection Set: 0.32ms
[5731.318s][info][gc,phases      ] GC(678)   Merge Heap Roots: 0.60ms
[5731.318s][info][gc,phases      ] GC(678)   Evacuate Collection Set: 165.50ms
[5731.318s][info][gc,phases      ] GC(678)   Post Evacuate Collection Set: 1.28ms
[5731.318s][info][gc,phases      ] GC(678)   Other: 0.06ms
[5731.318s][info][gc,heap        ] GC(678) Eden regions: 715->0(717)
[5731.318s][info][gc,heap        ] GC(678) Survivor regions: 53->51(96)
[5731.318s][info][gc,heap        ] GC(678) Old regions: 241->244
[5731.318s][info][gc,heap        ] GC(678) Humongous regions: 32->32
[5731.318s][info][gc,metaspace   ] GC(678) Metaspace: 29973K(30464K)->29973K(30464K) NonClass: 26576K(26816K)->26576K(26816K) Class: 3397K(3648K)->3397K(3648K)
[5731.318s][info][gc             ] GC(678) Pause Young (Normal) (G1 Evacuation Pause) 8298M->2587M(10240M) 167.916ms
[5731.318s][info][gc,cpu         ] GC(678) User=1.32s Sys=0.00s Real=0.17s
.....[5736.009s][info][gc,start       ] GC(679) Pause Young (Normal) (G1 Evacuation Pause)
[5736.009s][info][gc,task        ] GC(679) Using 8 workers of 8 for evacuation
[5736.181s][info][gc,phases      ] GC(679)   Pre Evacuate Collection Set: 0.29ms
[5736.181s][info][gc,phases      ] GC(679)   Merge Heap Roots: 0.74ms
[5736.181s][info][gc,phases      ] GC(679)   Evacuate Collection Set: 169.72ms
[5736.181s][info][gc,phases      ] GC(679)   Post Evacuate Collection Set: 1.25ms
[5736.181s][info][gc,phases      ] GC(679)   Other: 0.08ms
[5736.181s][info][gc,heap        ] GC(679) Eden regions: 717->0(715)
[5736.181s][info][gc,heap        ] GC(679) Survivor regions: 51->53(96)
[5736.181s][info][gc,heap        ] GC(679) Old regions: 244->246
[5736.181s][info][gc,heap        ] GC(679) Humongous regions: 32->32
[5736.181s][info][gc,metaspace   ] GC(679) Metaspace: 29973K(30464K)->29973K(30464K) NonClass: 26576K(26816K)->26576K(26816K) Class: 3397K(3648K)->3397K(3648K)
[5736.181s][info][gc             ] GC(679) Pause Young (Normal) (G1 Evacuation Pause) 8323M->2620M(10240M) 172.211ms
[5736.181s][info][gc,cpu         ] GC(679) User=1.35s Sys=0.00s Real=0.17s
.....[5740.807s][info][gc,start       ] GC(680) Pause Young (Normal) (G1 Evacuation Pause)
[5740.807s][info][gc,task        ] GC(680) Using 8 workers of 8 for evacuation
[5740.975s][info][gc,phases      ] GC(680)   Pre Evacuate Collection Set: 0.30ms
[5740.975s][info][gc,phases      ] GC(680)   Merge Heap Roots: 0.60ms
[5740.975s][info][gc,phases      ] GC(680)   Evacuate Collection Set: 165.70ms
[5740.975s][info][gc,phases      ] GC(680)   Post Evacuate Collection Set: 1.34ms
[5740.975s][info][gc,phases      ] GC(680)   Other: 0.08ms
[5740.975s][info][gc,heap        ] GC(680) Eden regions: 715->0(716)
[5740.975s][info][gc,heap        ] GC(680) Survivor regions: 53->52(96)
[5740.975s][info][gc,heap        ] GC(680) Old regions: 246->249
[5740.975s][info][gc,heap        ] GC(680) Humongous regions: 32->32
[5740.975s][info][gc,metaspace   ] GC(680) Metaspace: 29973K(30464K)->29973K(30464K) NonClass: 26576K(26816K)->26576K(26816K) Class: 3397K(3648K)->3397K(3648K)
[5740.975s][info][gc             ] GC(680) Pause Young (Normal) (G1 Evacuation Pause) 8340M->2637M(10240M) 168.143ms
[5740.975s][info][gc,cpu         ] GC(680) User=1.32s Sys=0.00s Real=0.17s
.....[5745.639s][info][gc,start       ] GC(681) Pause Young (Normal) (G1 Evacuation Pause)
[5745.639s][info][gc,task        ] GC(681) Using 8 workers of 8 for evacuation
[5745.807s][info][gc,phases      ] GC(681)   Pre Evacuate Collection Set: 0.29ms
[5745.807s][info][gc,phases      ] GC(681)   Merge Heap Roots: 0.61ms
[5745.807s][info][gc,phases      ] GC(681)   Evacuate Collection Set: 165.24ms
[5745.807s][info][gc,phases      ] GC(681)   Post Evacuate Collection Set: 1.30ms
[5745.807s][info][gc,phases      ] GC(681)   Other: 0.06ms
[5745.807s][info][gc,heap        ] GC(681) Eden regions: 716->0(716)
[5745.807s][info][gc,heap        ] GC(681) Survivor regions: 52->52(96)
[5745.807s][info][gc,heap        ] GC(681) Old regions: 249->251
[5745.807s][info][gc,heap        ] GC(681) Humongous regions: 32->32
[5745.807s][info][gc,metaspace   ] GC(681) Metaspace: 29973K(30464K)->29973K(30464K) NonClass: 26576K(26816K)->26576K(26816K) Class: 3397K(3648K)->3397K(3648K)
[5745.807s][info][gc             ] GC(681) Pause Young (Normal) (G1 Evacuation Pause) 8365M->2658M(10240M) 167.667ms
[5745.807s][info][gc,cpu         ] GC(681) User=1.32s Sys=0.00s Real=0.17s
.....[5750.470s][info][gc,start       ] GC(682) Pause Young (Normal) (G1 Evacuation Pause)
[5750.470s][info][gc,task        ] GC(682) Using 8 workers of 8 for evacuation
[5750.637s][info][gc,phases      ] GC(682)   Pre Evacuate Collection Set: 0.29ms
[5750.637s][info][gc,phases      ] GC(682)   Merge Heap Roots: 0.58ms
[5750.637s][info][gc,phases      ] GC(682)   Evacuate Collection Set: 164.87ms
[5750.637s][info][gc,phases      ] GC(682)   Post Evacuate Collection Set: 1.29ms
[5750.637s][info][gc,phases      ] GC(682)   Other: 0.08ms
[5750.637s][info][gc,heap        ] GC(682) Eden regions: 716->0(717)
[5750.637s][info][gc,heap        ] GC(682) Survivor regions: 52->51(96)
[5750.637s][info][gc,heap        ] GC(682) Old regions: 251->254
[5750.637s][info][gc,heap        ] GC(682) Humongous regions: 32->32
[5750.637s][info][gc,metaspace   ] GC(682) Metaspace: 29973K(30464K)->29973K(30464K) NonClass: 26576K(26816K)->26576K(26816K) Class: 3397K(3648K)->3397K(3648K)
[5750.637s][info][gc             ] GC(682) Pause Young (Normal) (G1 Evacuation Pause) 8386M->2667M(10240M) 167.257ms
[5750.637s][info][gc,cpu         ] GC(682) User=1.32s Sys=0.00s Real=0.17s
. (rIR:aIR:PR = 9963:9906:9906) (tPR = 146751) [OK] 
  5751s: Performance info:
         Transaction,    Success,    Partial,     Failed,   Receipts, AvgBarcode, 
             Overall,     595600,          0,          0,     565911,      59.48, 
         Response times:
             Request,    Success,    Partial,     Failed,   SkipFail,     Probes,    Samples,      min,      p50,      p90,      p95,      p99,      max, 
       TotalPurchase,     565916,          0,          0,          0,     357910,     433853,      300,     7500,    40000,    78000,   151000,   860000,
     InStorePurchase,     298837,          0,          0,          0,     188250,     227710,      400,     7600,    40000,    78000,   151000,   850000,
      OnlinePurchase,     206496,          0,          0,          0,     131432,     159380,      300,     7500,    40000,    79000,   152000,   860000,
        InstPurchase,      60583,          0,          0,          0,      38228,      46763,      400,     7500,    38000,    76000,   149000,   850000,
          AssocOfCat,        597,          0,          0,          0,        497,        743,    33000,    58000,   106000,   149800,   231000,   316000,
      AssocOfProduct,       5997,          0,          0,          0,       4475,       5685,      700,     8800,    44000,    88700,   160140,   588000,
      BusinessReport,       1486,          0,          0,          0,       1335,       1813,    35000,    69000,   122600,   159300,   239000,   620000,
          CustBuyBeh,       5995,          0,          0,          0,       4439,       5619,      600,     7500,    44000,    83000,   145800,   344000,
       ProductReturn,      15627,          0,          0,          0,       9245,      11530,      200,     7800,    40000,    81000,   149000,   810000,

  5751s: (73%)   IR =  10101 ...[5755.236s][info][gc,start       ] GC(683) Pause Young (Normal) (G1 Evacuation Pause)
[5755.236s][info][gc,task        ] GC(683) Using 8 workers of 8 for evacuation
[5755.405s][info][gc,phases      ] GC(683)   Pre Evacuate Collection Set: 0.29ms
[5755.406s][info][gc,phases      ] GC(683)   Merge Heap Roots: 0.69ms
[5755.406s][info][gc,phases      ] GC(683)   Evacuate Collection Set: 167.39ms
[5755.406s][info][gc,phases      ] GC(683)   Post Evacuate Collection Set: 1.29ms
[5755.406s][info][gc,phases      ] GC(683)   Other: 0.07ms
[5755.406s][info][gc,heap        ] GC(683) Eden regions: 717->0(716)
[5755.406s][info][gc,heap        ] GC(683) Survivor regions: 51->52(96)
[5755.406s][info][gc,heap        ] GC(683) Old regions: 254->257
[5755.406s][info][gc,heap        ] GC(683) Humongous regions: 32->32
[5755.406s][info][gc,metaspace   ] GC(683) Metaspace: 29973K(30464K)->29973K(30464K) NonClass: 26576K(26816K)->26576K(26816K) Class: 3397K(3648K)->3397K(3648K)
[5755.406s][info][gc             ] GC(683) Pause Young (Normal) (G1 Evacuation Pause) 8403M->2699M(10240M) 169.880ms
[5755.406s][info][gc,cpu         ] GC(683) User=1.34s Sys=0.00s Real=0.17s
.....[5759.992s][info][gc,start       ] GC(684) Pause Young (Normal) (G1 Evacuation Pause)
[5759.992s][info][gc,task        ] GC(684) Using 8 workers of 8 for evacuation
[5760.161s][info][gc,phases      ] GC(684)   Pre Evacuate Collection Set: 0.30ms
[5760.161s][info][gc,phases      ] GC(684)   Merge Heap Roots: 0.62ms
[5760.161s][info][gc,phases      ] GC(684)   Evacuate Collection Set: 166.79ms
[5760.161s][info][gc,phases      ] GC(684)   Post Evacuate Collection Set: 1.34ms
[5760.161s][info][gc,phases      ] GC(684)   Other: 0.06ms
[5760.161s][info][gc,heap        ] GC(684) Eden regions: 716->0(715)
[5760.161s][info][gc,heap        ] GC(684) Survivor regions: 52->53(96)
[5760.161s][info][gc,heap        ] GC(684) Old regions: 257->259
[5760.161s][info][gc,heap        ] GC(684) Humongous regions: 32->32
[5760.161s][info][gc,metaspace   ] GC(684) Metaspace: 29973K(30464K)->29973K(30464K) NonClass: 26576K(26816K)->26576K(26816K) Class: 3397K(3648K)->3397K(3648K)
[5760.161s][info][gc             ] GC(684) Pause Young (Normal) (G1 Evacuation Pause) 8427M->2724M(10240M) 169.248ms
[5760.161s][info][gc,cpu         ] GC(684) User=1.33s Sys=0.00s Real=0.17s
...|..[5764.818s][info][gc,start       ] GC(685) Pause Young (Normal) (G1 Evacuation Pause)
[5764.818s][info][gc,task        ] GC(685) Using 8 workers of 8 for evacuation
[5764.990s][info][gc,phases      ] GC(685)   Pre Evacuate Collection Set: 0.27ms
[5764.990s][info][gc,phases      ] GC(685)   Merge Heap Roots: 0.58ms
[5764.990s][info][gc,phases      ] GC(685)   Evacuate Collection Set: 169.29ms
[5764.990s][info][gc,phases      ] GC(685)   Post Evacuate Collection Set: 1.29ms
[5764.990s][info][gc,phases      ] GC(685)   Other: 0.06ms
[5764.990s][info][gc,heap        ] GC(685) Eden regions: 715->0(714)
[5764.990s][info][gc,heap        ] GC(685) Survivor regions: 53->54(96)
[5764.990s][info][gc,heap        ] GC(685) Old regions: 259->262
[5764.990s][info][gc,heap        ] GC(685) Humongous regions: 32->32
[5764.990s][info][gc,metaspace   ] GC(685) Metaspace: 29973K(30464K)->29973K(30464K) NonClass: 26576K(26816K)->26576K(26816K) Class: 3397K(3648K)->3397K(3648K)
[5764.990s][info][gc             ] GC(685) Pause Young (Normal) (G1 Evacuation Pause) 8444M->2753M(10240M) 171.633ms
[5764.990s][info][gc,cpu         ] GC(685) User=1.35s Sys=0.00s Real=0.17s
.....[5769.678s][info][gc,start       ] GC(686) Pause Young (Normal) (G1 Evacuation Pause)
[5769.678s][info][gc,task        ] GC(686) Using 8 workers of 8 for evacuation
[5769.849s][info][gc,phases      ] GC(686)   Pre Evacuate Collection Set: 0.31ms
[5769.849s][info][gc,phases      ] GC(686)   Merge Heap Roots: 0.60ms
[5769.849s][info][gc,phases      ] GC(686)   Evacuate Collection Set: 168.59ms
[5769.849s][info][gc,phases      ] GC(686)   Post Evacuate Collection Set: 1.32ms
[5769.849s][info][gc,phases      ] GC(686)   Other: 0.07ms
[5769.849s][info][gc,heap        ] GC(686) Eden regions: 714->0(715)
[5769.849s][info][gc,heap        ] GC(686) Survivor regions: 54->53(96)
[5769.849s][info][gc,heap        ] GC(686) Old regions: 262->264
[5769.849s][info][gc,heap        ] GC(686) Humongous regions: 32->32
[5769.849s][info][gc,metaspace   ] GC(686) Metaspace: 29973K(30464K)->29973K(30464K) NonClass: 26576K(26816K)->26576K(26816K) Class: 3397K(3648K)->3397K(3648K)
[5769.849s][info][gc             ] GC(686) Pause Young (Normal) (G1 Evacuation Pause) 8465M->2767M(10240M) 171.014ms
[5769.849s][info][gc,cpu         ] GC(686) User=1.35s Sys=0.00s Real=0.17s
.....[5774.616s][info][gc,start       ] GC(687) Pause Young (Normal) (G1 Evacuation Pause)
[5774.616s][info][gc,task        ] GC(687) Using 8 workers of 8 for evacuation
[5774.788s][info][gc,phases      ] GC(687)   Pre Evacuate Collection Set: 0.30ms
[5774.788s][info][gc,phases      ] GC(687)   Merge Heap Roots: 0.60ms
[5774.788s][info][gc,phases      ] GC(687)   Evacuate Collection Set: 169.32ms
[5774.788s][info][gc,phases      ] GC(687)   Post Evacuate Collection Set: 1.31ms
[5774.788s][info][gc,phases      ] GC(687)   Other: 0.07ms
[5774.788s][info][gc,heap        ] GC(687) Eden regions: 715->0(715)
[5774.788s][info][gc,heap        ] GC(687) Survivor regions: 53->53(96)
[5774.788s][info][gc,heap        ] GC(687) Old regions: 264->267
[5774.788s][info][gc,heap        ] GC(687) Humongous regions: 32->32
[5774.788s][info][gc,metaspace   ] GC(687) Metaspace: 29973K(30464K)->29973K(30464K) NonClass: 26576K(26816K)->26576K(26816K) Class: 3397K(3648K)->3397K(3648K)
[5774.788s][info][gc             ] GC(687) Pause Young (Normal) (G1 Evacuation Pause) 8487M->2792M(10240M) 171.745ms
[5774.788s][info][gc,cpu         ] GC(687) User=1.36s Sys=0.00s Real=0.17s
....[5779.436s][info][gc,start       ] GC(688) Pause Young (Normal) (G1 Evacuation Pause)
[5779.436s][info][gc,task        ] GC(688) Using 8 workers of 8 for evacuation
[5779.608s][info][gc,phases      ] GC(688)   Pre Evacuate Collection Set: 0.29ms
[5779.608s][info][gc,phases      ] GC(688)   Merge Heap Roots: 0.61ms
[5779.608s][info][gc,phases      ] GC(688)   Evacuate Collection Set: 169.45ms
[5779.608s][info][gc,phases      ] GC(688)   Post Evacuate Collection Set: 1.29ms
[5779.608s][info][gc,phases      ] GC(688)   Other: 0.08ms
[5779.608s][info][gc,heap        ] GC(688) Eden regions: 715->0(715)
[5779.608s][info][gc,heap        ] GC(688) Survivor regions: 53->53(96)
[5779.608s][info][gc,heap        ] GC(688) Old regions: 267->270
[5779.608s][info][gc,heap        ] GC(688) Humongous regions: 32->32
[5779.608s][info][gc,metaspace   ] GC(688) Metaspace: 29973K(30464K)->29973K(30464K) NonClass: 26576K(26816K)->26576K(26816K) Class: 3397K(3648K)->3397K(3648K)
[5779.608s][info][gc             ] GC(688) Pause Young (Normal) (G1 Evacuation Pause) 8512M->2813M(10240M) 171.840ms
[5779.608s][info][gc,cpu         ] GC(688) User=1.35s Sys=0.01s Real=0.17s
.....[5784.070s][info][gc,start       ] GC(689) Pause Young (Normal) (G1 Evacuation Pause)
[5784.070s][info][gc,task        ] GC(689) Using 8 workers of 8 for evacuation
[5784.245s][info][gc,phases      ] GC(689)   Pre Evacuate Collection Set: 0.31ms
[5784.245s][info][gc,phases      ] GC(689)   Merge Heap Roots: 0.65ms
[5784.245s][info][gc,phases      ] GC(689)   Evacuate Collection Set: 172.45ms
[5784.245s][info][gc,phases      ] GC(689)   Post Evacuate Collection Set: 1.31ms
[5784.245s][info][gc,phases      ] GC(689)   Other: 0.07ms
[5784.245s][info][gc,heap        ] GC(689) Eden regions: 715->0(715)
[5784.245s][info][gc,heap        ] GC(689) Survivor regions: 53->53(96)
[5784.245s][info][gc,heap        ] GC(689) Old regions: 270->272
[5784.245s][info][gc,heap        ] GC(689) Humongous regions: 32->32
[5784.245s][info][gc,metaspace   ] GC(689) Metaspace: 29973K(30464K)->29973K(30464K) NonClass: 26576K(26816K)->26576K(26816K) Class: 3397K(3648K)->3397K(3648K)
[5784.245s][info][gc             ] GC(689) Pause Young (Normal) (G1 Evacuation Pause) 8533M->2834M(10240M) 174.929ms
[5784.245s][info][gc,cpu         ] GC(689) User=1.38s Sys=0.00s Real=0.17s
.....[5788.779s][info][gc,start       ] GC(690) Pause Young (Normal) (G1 Evacuation Pause)
[5788.779s][info][gc,task        ] GC(690) Using 8 workers of 8 for evacuation
[5788.949s][info][gc,phases      ] GC(690)   Pre Evacuate Collection Set: 0.32ms
[5788.949s][info][gc,phases      ] GC(690)   Merge Heap Roots: 0.59ms
[5788.949s][info][gc,phases      ] GC(690)   Evacuate Collection Set: 167.54ms
[5788.949s][info][gc,phases      ] GC(690)   Post Evacuate Collection Set: 1.27ms
[5788.949s][info][gc,phases      ] GC(690)   Other: 0.06ms
[5788.949s][info][gc,heap        ] GC(690) Eden regions: 715->0(716)
[5788.949s][info][gc,heap        ] GC(690) Survivor regions: 53->52(96)
[5788.949s][info][gc,heap        ] GC(690) Old regions: 272->275
[5788.949s][info][gc,heap        ] GC(690) Humongous regions: 32->32
[5788.949s][info][gc,metaspace   ] GC(690) Metaspace: 29973K(30464K)->29973K(30464K) NonClass: 26576K(26816K)->26576K(26816K) Class: 3397K(3648K)->3397K(3648K)
[5788.949s][info][gc             ] GC(690) Pause Young (Normal) (G1 Evacuation Pause) 8554M->2846M(10240M) 169.940ms
[5788.949s][info][gc,cpu         ] GC(690) User=1.34s Sys=0.00s Real=0.17s
.....[5793.660s][info][gc,start       ] GC(691) Pause Young (Normal) (G1 Evacuation Pause)
[5793.660s][info][gc,task        ] GC(691) Using 8 workers of 8 for evacuation
[5793.829s][info][gc,phases      ] GC(691)   Pre Evacuate Collection Set: 0.31ms
[5793.829s][info][gc,phases      ] GC(691)   Merge Heap Roots: 0.72ms
[5793.829s][info][gc,phases      ] GC(691)   Evacuate Collection Set: 166.57ms
[5793.829s][info][gc,phases      ] GC(691)   Post Evacuate Collection Set: 1.28ms
[5793.829s][info][gc,phases      ] GC(691)   Other: 0.06ms
[5793.829s][info][gc,heap        ] GC(691) Eden regions: 716->0(716)
[5793.829s][info][gc,heap        ] GC(691) Survivor regions: 52->52(96)
[5793.829s][info][gc,heap        ] GC(691) Old regions: 275->277
[5793.829s][info][gc,heap        ] GC(691) Humongous regions: 32->32
[5793.829s][info][gc,metaspace   ] GC(691) Metaspace: 29973K(30464K)->29973K(30464K) NonClass: 26576K(26816K)->26576K(26816K) Class: 3397K(3648K)->3397K(3648K)
[5793.830s][info][gc             ] GC(691) Pause Young (Normal) (G1 Evacuation Pause) 8574M->2867M(10240M) 169.084ms
[5793.830s][info][gc,cpu         ] GC(691) User=1.33s Sys=0.01s Real=0.17s
....[5798.270s][info][gc,start       ] GC(692) Pause Young (Concurrent Start) (G1 Evacuation Pause)
[5798.270s][info][gc,task        ] GC(692) Using 8 workers of 8 for evacuation
[5798.437s][info][gc,phases      ] GC(692)   Pre Evacuate Collection Set: 0.33ms
[5798.437s][info][gc,phases      ] GC(692)   Merge Heap Roots: 0.59ms
[5798.437s][info][gc,phases      ] GC(692)   Evacuate Collection Set: 164.26ms
[5798.437s][info][gc,phases      ] GC(692)   Post Evacuate Collection Set: 1.31ms
[5798.437s][info][gc,phases      ] GC(692)   Other: 0.09ms
[5798.437s][info][gc,heap        ] GC(692) Eden regions: 716->0(717)
[5798.437s][info][gc,heap        ] GC(692) Survivor regions: 52->51(96)
[5798.437s][info][gc,heap        ] GC(692) Old regions: 277->280
[5798.437s][info][gc,heap        ] GC(692) Humongous regions: 32->32
[5798.437s][info][gc,metaspace   ] GC(692) Metaspace: 29973K(30464K)->29973K(30464K) NonClass: 26576K(26816K)->26576K(26816K) Class: 3397K(3648K)->3397K(3648K)
[5798.437s][info][gc             ] GC(692) Pause Young (Concurrent Start) (G1 Evacuation Pause) 8595M->2876M(10240M) 166.721ms
[5798.437s][info][gc             ] GC(693) Concurrent Mark Cycle
[5798.437s][info][gc,marking     ] GC(693) Concurrent Scan Root Regions
[5798.437s][info][gc,cpu         ] GC(692) User=1.31s Sys=0.00s Real=0.17s
.[5798.725s][info][gc,marking     ] GC(693) Concurrent Scan Root Regions 287.293ms
[5798.725s][info][gc,marking     ] GC(693) Concurrent Mark
[5798.725s][info][gc,marking     ] GC(693) Concurrent Mark From Roots
[5798.725s][info][gc,task        ] GC(693) Using 2 workers of 2 for marking
.[5799.920s][info][gc,marking     ] GC(693) Concurrent Mark From Roots 1195.645ms
[5799.920s][info][gc,marking     ] GC(693) Concurrent Preclean
[5799.921s][info][gc,marking     ] GC(693) Concurrent Preclean 0.227ms
[5799.921s][info][gc,start       ] GC(693) Pause Remark
[5799.922s][info][gc             ] GC(693) Pause Remark 4448M->4216M(10240M) 1.849ms
[5799.923s][info][gc,cpu         ] GC(693) User=0.01s Sys=0.00s Real=0.00s
[5799.923s][info][gc,marking     ] GC(693) Concurrent Mark 1198.118ms
[5799.923s][info][gc,marking     ] GC(693) Concurrent Rebuild Remembered Sets and Scrub Regions
.[5800.653s][info][gc,marking     ] GC(693) Concurrent Rebuild Remembered Sets and Scrub Regions 729.841ms
[5800.653s][info][gc,start       ] GC(693) Pause Cleanup
[5800.653s][info][gc             ] GC(693) Pause Cleanup 5200M->5200M(10240M) 0.331ms
[5800.653s][info][gc,cpu         ] GC(693) User=0.00s Sys=0.00s Real=0.00s
[5800.653s][info][gc,marking     ] GC(693) Concurrent Clear Claimed Marks
[5800.653s][info][gc,marking     ] GC(693) Concurrent Clear Claimed Marks 0.044ms
[5800.653s][info][gc,marking     ] GC(693) Concurrent Cleanup for Next Mark
[5800.667s][info][gc,marking     ] GC(693) Concurrent Cleanup for Next Mark 14.052ms
[5800.667s][info][gc             ] GC(693) Concurrent Mark Cycle 2230.037ms
..[5803.001s][info][gc,start       ] GC(694) Pause Young (Prepare Mixed) (G1 Evacuation Pause)
[5803.001s][info][gc,task        ] GC(694) Using 8 workers of 8 for evacuation
[5803.177s][info][gc,phases      ] GC(694)   Pre Evacuate Collection Set: 0.27ms
[5803.177s][info][gc,phases      ] GC(694)   Merge Heap Roots: 0.86ms
[5803.177s][info][gc,phases      ] GC(694)   Evacuate Collection Set: 173.50ms
[5803.177s][info][gc,phases      ] GC(694)   Post Evacuate Collection Set: 1.44ms
[5803.177s][info][gc,phases      ] GC(694)   Other: 0.07ms
[5803.177s][info][gc,heap        ] GC(694) Eden regions: 717->0(714)
[5803.177s][info][gc,heap        ] GC(694) Survivor regions: 51->54(96)
[5803.177s][info][gc,heap        ] GC(694) Old regions: 251->254
[5803.177s][info][gc,heap        ] GC(694) Humongous regions: 32->32
[5803.177s][info][gc,metaspace   ] GC(694) Metaspace: 29973K(30464K)->29973K(30464K) NonClass: 26576K(26816K)->26576K(26816K) Class: 3397K(3648K)->3397K(3648K)
[5803.177s][info][gc             ] GC(694) Pause Young (Prepare Mixed) (G1 Evacuation Pause) 8380M->2688M(10240M) 176.271ms
[5803.177s][info][gc,cpu         ] GC(694) User=1.39s Sys=0.00s Real=0.18s
.....[5807.733s][info][gc,start       ] GC(695) Pause Young (Mixed) (G1 Evacuation Pause)
[5807.733s][info][gc,task        ] GC(695) Using 8 workers of 8 for evacuation
[5807.909s][info][gc,phases      ] GC(695)   Pre Evacuate Collection Set: 0.31ms
[5807.909s][info][gc,phases      ] GC(695)   Merge Heap Roots: 0.67ms
[5807.909s][info][gc,phases      ] GC(695)   Evacuate Collection Set: 172.42ms
[5807.909s][info][gc,phases      ] GC(695)   Merge Optional Heap Roots: 0.07ms
[5807.909s][info][gc,phases      ] GC(695)   Evacuate Optional Collection Set: 0.70ms
[5807.909s][info][gc,phases      ] GC(695)   Post Evacuate Collection Set: 1.49ms
[5807.909s][info][gc,phases      ] GC(695)   Other: 0.09ms
[5807.909s][info][gc,heap        ] GC(695) Eden regions: 714->0(715)
[5807.909s][info][gc,heap        ] GC(695) Survivor regions: 54->53(96)
[5807.909s][info][gc,heap        ] GC(695) Old regions: 254->200
[5807.909s][info][gc,heap        ] GC(695) Humongous regions: 32->32
[5807.909s][info][gc,metaspace   ] GC(695) Metaspace: 29973K(30464K)->29973K(30464K) NonClass: 26576K(26816K)->26576K(26816K) Class: 3397K(3648K)->3397K(3648K)
[5807.909s][info][gc             ] GC(695) Pause Young (Mixed) (G1 Evacuation Pause) 8400M->2258M(10240M) 175.878ms
[5807.909s][info][gc,cpu         ] GC(695) User=1.39s Sys=0.00s Real=0.18s
....[5812.448s][info][gc,start       ] GC(696) Pause Young (Mixed) (G1 Evacuation Pause)
[5812.448s][info][gc,task        ] GC(696) Using 8 workers of 8 for evacuation
[5812.620s][info][gc,phases      ] GC(696)   Pre Evacuate Collection Set: 0.30ms
[5812.620s][info][gc,phases      ] GC(696)   Merge Heap Roots: 0.88ms
[5812.620s][info][gc,phases      ] GC(696)   Evacuate Collection Set: 167.44ms
[5812.620s][info][gc,phases      ] GC(696)   Merge Optional Heap Roots: 0.10ms
[5812.620s][info][gc,phases      ] GC(696)   Evacuate Optional Collection Set: 1.32ms
[5812.620s][info][gc,phases      ] GC(696)   Post Evacuate Collection Set: 1.49ms
[5812.620s][info][gc,phases      ] GC(696)   Other: 0.08ms
[5812.620s][info][gc,heap        ] GC(696) Eden regions: 715->0(716)
[5812.620s][info][gc,heap        ] GC(696) Survivor regions: 53->52(96)
[5812.620s][info][gc,heap        ] GC(696) Old regions: 200->162
[5812.620s][info][gc,heap        ] GC(696) Humongous regions: 32->32
[5812.620s][info][gc,metaspace   ] GC(696) Metaspace: 29973K(30464K)->29973K(30464K) NonClass: 26576K(26816K)->26576K(26816K) Class: 3397K(3648K)->3397K(3648K)
[5812.620s][info][gc             ] GC(696) Pause Young (Mixed) (G1 Evacuation Pause) 7978M->1943M(10240M) 171.761ms
[5812.620s][info][gc,cpu         ] GC(696) User=1.35s Sys=0.00s Real=0.17s
.....[5817.153s][info][gc,start       ] GC(697) Pause Young (Mixed) (G1 Evacuation Pause)
[5817.153s][info][gc,task        ] GC(697) Using 8 workers of 8 for evacuation
[5817.322s][info][gc,phases      ] GC(697)   Pre Evacuate Collection Set: 0.30ms
[5817.322s][info][gc,phases      ] GC(697)   Merge Heap Roots: 1.01ms
[5817.322s][info][gc,phases      ] GC(697)   Evacuate Collection Set: 166.33ms
[5817.322s][info][gc,phases      ] GC(697)   Post Evacuate Collection Set: 1.28ms
[5817.322s][info][gc,phases      ] GC(697)   Other: 0.08ms
[5817.322s][info][gc,heap        ] GC(697) Eden regions: 716->0(717)
[5817.322s][info][gc,heap        ] GC(697) Survivor regions: 52->51(96)
[5817.322s][info][gc,heap        ] GC(697) Old regions: 162->136
[5817.322s][info][gc,heap        ] GC(697) Humongous regions: 32->32
[5817.322s][info][gc,metaspace   ] GC(697) Metaspace: 29973K(30464K)->29973K(30464K) NonClass: 26576K(26816K)->26576K(26816K) Class: 3397K(3648K)->3397K(3648K)
[5817.322s][info][gc             ] GC(697) Pause Young (Mixed) (G1 Evacuation Pause) 7671M->1729M(10240M) 169.161ms
[5817.322s][info][gc,cpu         ] GC(697) User=1.33s Sys=0.00s Real=0.17s
.....[5821.844s][info][gc,start       ] GC(698) Pause Young (Normal) (G1 Evacuation Pause)
[5821.844s][info][gc,task        ] GC(698) Using 8 workers of 8 for evacuation
[5822.014s][info][gc,phases      ] GC(698)   Pre Evacuate Collection Set: 0.29ms
[5822.014s][info][gc,phases      ] GC(698)   Merge Heap Roots: 0.65ms
[5822.014s][info][gc,phases      ] GC(698)   Evacuate Collection Set: 167.58ms
[5822.014s][info][gc,phases      ] GC(698)   Post Evacuate Collection Set: 1.29ms
[5822.014s][info][gc,phases      ] GC(698)   Other: 0.08ms
[5822.014s][info][gc,heap        ] GC(698) Eden regions: 717->0(715)
[5822.014s][info][gc,heap        ] GC(698) Survivor regions: 51->53(96)
[5822.014s][info][gc,heap        ] GC(698) Old regions: 136->139
[5822.014s][info][gc,heap        ] GC(698) Humongous regions: 32->32
[5822.014s][info][gc,metaspace   ] GC(698) Metaspace: 29973K(30464K)->29973K(30464K) NonClass: 26576K(26816K)->26576K(26816K) Class: 3397K(3648K)->3397K(3648K)
[5822.014s][info][gc             ] GC(698) Pause Young (Normal) (G1 Evacuation Pause) 7465M->1766M(10240M) 170.024ms
[5822.014s][info][gc,cpu         ] GC(698) User=1.33s Sys=0.00s Real=0.17s
. (rIR:aIR:PR = 10101:10091:10088) (tPR = 149499) [OK] 
  5822s: Performance info:
         Transaction,    Success,    Partial,     Failed,   Receipts, AvgBarcode, 
             Overall,     606957,          0,          0,     577151,      59.48, 
         Response times:
             Request,    Success,    Partial,     Failed,   SkipFail,     Probes,    Samples,      min,      p50,      p90,      p95,      p99,      max, 
       TotalPurchase,     577302,          0,          0,          0,     358332,     428977,      300,     8100,    56000,    95000,   173000,  2300000,
     InStorePurchase,     303499,          0,          0,          0,     188730,     225559,      300,     8300,    56000,    95000,   172000,  2300000,
      OnlinePurchase,     213007,          0,          0,          0,     131766,     157844,      300,     7900,    58000,    96000,   176000,  2300000,
        InstPurchase,      60796,          0,          0,          0,      37836,      45574,      400,     8100,    54000,    95000,   172000,   950000,
          AssocOfCat,        607,          0,          0,          0,        495,        700,    32000,    59000,   121800,   188950,   350220,   940000,
      AssocOfProduct,       5938,          0,          0,          0,       3368,       4246,      800,     8500,    53000,    88000,   161530,   950000,
      BusinessReport,       1516,          0,          0,          0,       1360,       1765,    33000,    70000,   128400,   174000,   259020,   367000,
          CustBuyBeh,       5908,          0,          0,          0,       3433,       4429,      300,     7600,    50000,    86500,   166700,   409000,
       ProductReturn,      15831,          0,          0,          0,       9597,      11779,      200,     7900,    54000,    93000,   175000,   488000,

  5822s: (74%)   IR =  10239 ...[5826.603s][info][gc,start       ] GC(699) Pause Young (Normal) (G1 Evacuation Pause)
[5826.603s][info][gc,task        ] GC(699) Using 8 workers of 8 for evacuation
[5826.770s][info][gc,phases      ] GC(699)   Pre Evacuate Collection Set: 0.30ms
[5826.770s][info][gc,phases      ] GC(699)   Merge Heap Roots: 0.58ms
[5826.770s][info][gc,phases      ] GC(699)   Evacuate Collection Set: 163.99ms
[5826.770s][info][gc,phases      ] GC(699)   Post Evacuate Collection Set: 1.27ms
[5826.770s][info][gc,phases      ] GC(699)   Other: 0.07ms
[5826.770s][info][gc,heap        ] GC(699) Eden regions: 715->0(717)
[5826.770s][info][gc,heap        ] GC(699) Survivor regions: 53->51(96)
[5826.770s][info][gc,heap        ] GC(699) Old regions: 139->141
[5826.770s][info][gc,heap        ] GC(699) Humongous regions: 32->32
[5826.770s][info][gc,metaspace   ] GC(699) Metaspace: 29973K(30464K)->29973K(30464K) NonClass: 26576K(26816K)->26576K(26816K) Class: 3397K(3648K)->3397K(3648K)
[5826.770s][info][gc             ] GC(699) Pause Young (Normal) (G1 Evacuation Pause) 7486M->1770M(10240M) 167.140ms
[5826.770s][info][gc,cpu         ] GC(699) User=1.31s Sys=0.00s Real=0.17s
....|.[5831.339s][info][gc,start       ] GC(700) Pause Young (Normal) (G1 Evacuation Pause)
[5831.339s][info][gc,task        ] GC(700) Using 8 workers of 8 for evacuation
[5831.506s][info][gc,phases      ] GC(700)   Pre Evacuate Collection Set: 0.29ms
[5831.506s][info][gc,phases      ] GC(700)   Merge Heap Roots: 0.58ms
[5831.506s][info][gc,phases      ] GC(700)   Evacuate Collection Set: 164.74ms
[5831.506s][info][gc,phases      ] GC(700)   Post Evacuate Collection Set: 1.31ms
[5831.506s][info][gc,phases      ] GC(700)   Other: 0.07ms
[5831.506s][info][gc,heap        ] GC(700) Eden regions: 717->0(716)
[5831.506s][info][gc,heap        ] GC(700) Survivor regions: 51->52(96)
[5831.506s][info][gc,heap        ] GC(700) Old regions: 141->144
[5831.506s][info][gc,heap        ] GC(700) Humongous regions: 32->32
[5831.506s][info][gc,metaspace   ] GC(700) Metaspace: 29973K(30464K)->29973K(30464K) NonClass: 26576K(26816K)->26576K(26816K) Class: 3397K(3648K)->3397K(3648K)
[5831.506s][info][gc             ] GC(700) Pause Young (Normal) (G1 Evacuation Pause) 7506M->1795M(10240M) 167.128ms
[5831.506s][info][gc,cpu         ] GC(700) User=1.31s Sys=0.00s Real=0.17s
.....[5836.034s][info][gc,start       ] GC(701) Pause Young (Normal) (G1 Evacuation Pause)
[5836.034s][info][gc,task        ] GC(701) Using 8 workers of 8 for evacuation
[5836.206s][info][gc,phases      ] GC(701)   Pre Evacuate Collection Set: 0.30ms
[5836.206s][info][gc,phases      ] GC(701)   Merge Heap Roots: 0.65ms
[5836.206s][info][gc,phases      ] GC(701)   Evacuate Collection Set: 169.27ms
[5836.206s][info][gc,phases      ] GC(701)   Post Evacuate Collection Set: 1.26ms
[5836.206s][info][gc,phases      ] GC(701)   Other: 0.07ms
[5836.206s][info][gc,heap        ] GC(701) Eden regions: 716->0(715)
[5836.206s][info][gc,heap        ] GC(701) Survivor regions: 52->53(96)
[5836.206s][info][gc,heap        ] GC(701) Old regions: 144->146
[5836.206s][info][gc,heap        ] GC(701) Humongous regions: 32->32
[5836.206s][info][gc,metaspace   ] GC(701) Metaspace: 29973K(30464K)->29973K(30464K) NonClass: 26576K(26816K)->26576K(26816K) Class: 3397K(3648K)->3397K(3648K)
[5836.206s][info][gc             ] GC(701) Pause Young (Normal) (G1 Evacuation Pause) 7523M->1827M(10240M) 171.693ms
[5836.206s][info][gc,cpu         ] GC(701) User=1.35s Sys=0.00s Real=0.18s
....[5840.713s][info][gc,start       ] GC(702) Pause Young (Normal) (G1 Evacuation Pause)
[5840.713s][info][gc,task        ] GC(702) Using 8 workers of 8 for evacuation
[5840.884s][info][gc,phases      ] GC(702)   Pre Evacuate Collection Set: 0.29ms
[5840.884s][info][gc,phases      ] GC(702)   Merge Heap Roots: 0.54ms
[5840.884s][info][gc,phases      ] GC(702)   Evacuate Collection Set: 168.48ms
[5840.884s][info][gc,phases      ] GC(702)   Post Evacuate Collection Set: 1.31ms
[5840.884s][info][gc,phases      ] GC(702)   Other: 0.07ms
[5840.884s][info][gc,heap        ] GC(702) Eden regions: 715->0(716)
[5840.884s][info][gc,heap        ] GC(702) Survivor regions: 53->52(96)
[5840.884s][info][gc,heap        ] GC(702) Old regions: 146->149
[5840.884s][info][gc,heap        ] GC(702) Humongous regions: 32->32
[5840.884s][info][gc,metaspace   ] GC(702) Metaspace: 29973K(30464K)->29973K(30464K) NonClass: 26576K(26816K)->26576K(26816K) Class: 3397K(3648K)->3397K(3648K)
[5840.884s][info][gc             ] GC(702) Pause Young (Normal) (G1 Evacuation Pause) 7547M->1841M(10240M) 170.838ms
[5840.884s][info][gc,cpu         ] GC(702) User=1.35s Sys=0.00s Real=0.17s
.....[5845.582s][info][gc,start       ] GC(703) Pause Young (Normal) (G1 Evacuation Pause)
[5845.582s][info][gc,task        ] GC(703) Using 8 workers of 8 for evacuation
[5845.751s][info][gc,phases      ] GC(703)   Pre Evacuate Collection Set: 0.29ms
[5845.751s][info][gc,phases      ] GC(703)   Merge Heap Roots: 0.69ms
[5845.751s][info][gc,phases      ] GC(703)   Evacuate Collection Set: 166.49ms
[5845.751s][info][gc,phases      ] GC(703)   Post Evacuate Collection Set: 1.29ms
[5845.751s][info][gc,phases      ] GC(703)   Other: 0.07ms
[5845.751s][info][gc,heap        ] GC(703) Eden regions: 716->0(716)
[5845.751s][info][gc,heap        ] GC(703) Survivor regions: 52->52(96)
[5845.751s][info][gc,heap        ] GC(703) Old regions: 149->152
[5845.751s][info][gc,heap        ] GC(703) Humongous regions: 32->32
[5845.751s][info][gc,metaspace   ] GC(703) Metaspace: 29973K(30464K)->29973K(30464K) NonClass: 26576K(26816K)->26576K(26816K) Class: 3397K(3648K)->3397K(3648K)
[5845.751s][info][gc             ] GC(703) Pause Young (Normal) (G1 Evacuation Pause) 7569M->1861M(10240M) 168.968ms
[5845.751s][info][gc,cpu         ] GC(703) User=1.33s Sys=0.00s Real=0.17s
.....[5850.343s][info][gc,start       ] GC(704) Pause Young (Normal) (G1 Evacuation Pause)
[5850.343s][info][gc,task        ] GC(704) Using 8 workers of 8 for evacuation
[5850.514s][info][gc,phases      ] GC(704)   Pre Evacuate Collection Set: 0.29ms
[5850.514s][info][gc,phases      ] GC(704)   Merge Heap Roots: 0.59ms
[5850.514s][info][gc,phases      ] GC(704)   Evacuate Collection Set: 168.09ms
[5850.514s][info][gc,phases      ] GC(704)   Post Evacuate Collection Set: 1.26ms
[5850.514s][info][gc,phases      ] GC(704)   Other: 0.07ms
[5850.514s][info][gc,heap        ] GC(704) Eden regions: 716->0(715)
[5850.514s][info][gc,heap        ] GC(704) Survivor regions: 52->53(96)
[5850.514s][info][gc,heap        ] GC(704) Old regions: 152->155
[5850.514s][info][gc,heap        ] GC(704) Humongous regions: 32->32
[5850.514s][info][gc,metaspace   ] GC(704) Metaspace: 29973K(30464K)->29973K(30464K) NonClass: 26576K(26816K)->26576K(26816K) Class: 3397K(3648K)->3397K(3648K)
[5850.514s][info][gc             ] GC(704) Pause Young (Normal) (G1 Evacuation Pause) 7589M->1887M(10240M) 170.446ms
[5850.514s][info][gc,cpu         ] GC(704) User=1.34s Sys=0.00s Real=0.17s
.....[5855.034s][info][gc,start       ] GC(705) Pause Young (Normal) (G1 Evacuation Pause)
[5855.034s][info][gc,task        ] GC(705) Using 8 workers of 8 for evacuation
[5855.204s][info][gc,phases      ] GC(705)   Pre Evacuate Collection Set: 0.29ms
[5855.204s][info][gc,phases      ] GC(705)   Merge Heap Roots: 0.56ms
[5855.204s][info][gc,phases      ] GC(705)   Evacuate Collection Set: 167.80ms
[5855.204s][info][gc,phases      ] GC(705)   Post Evacuate Collection Set: 1.26ms
[5855.204s][info][gc,phases      ] GC(705)   Other: 0.07ms
[5855.204s][info][gc,heap        ] GC(705) Eden regions: 715->0(716)
[5855.204s][info][gc,heap        ] GC(705) Survivor regions: 53->52(96)
[5855.204s][info][gc,heap        ] GC(705) Old regions: 155->157
[5855.204s][info][gc,heap        ] GC(705) Humongous regions: 32->32
[5855.204s][info][gc,metaspace   ] GC(705) Metaspace: 29973K(30464K)->29973K(30464K) NonClass: 26576K(26816K)->26576K(26816K) Class: 3397K(3648K)->3397K(3648K)
[5855.204s][info][gc             ] GC(705) Pause Young (Normal) (G1 Evacuation Pause) 7607M->1905M(10240M) 170.115ms
[5855.204s][info][gc,cpu         ] GC(705) User=1.34s Sys=0.00s Real=0.17s
....[5859.655s][info][gc,start       ] GC(706) Pause Young (Normal) (G1 Evacuation Pause)
[5859.655s][info][gc,task        ] GC(706) Using 8 workers of 8 for evacuation
[5859.825s][info][gc,phases      ] GC(706)   Pre Evacuate Collection Set: 0.29ms
[5859.825s][info][gc,phases      ] GC(706)   Merge Heap Roots: 0.61ms
[5859.825s][info][gc,phases      ] GC(706)   Evacuate Collection Set: 167.27ms
[5859.825s][info][gc,phases      ] GC(706)   Post Evacuate Collection Set: 1.27ms
[5859.825s][info][gc,phases      ] GC(706)   Other: 0.06ms
[5859.825s][info][gc,heap        ] GC(706) Eden regions: 716->0(715)
[5859.825s][info][gc,heap        ] GC(706) Survivor regions: 52->53(96)
[5859.825s][info][gc,heap        ] GC(706) Old regions: 157->160
[5859.825s][info][gc,heap        ] GC(706) Humongous regions: 32->32
[5859.825s][info][gc,metaspace   ] GC(706) Metaspace: 29973K(30464K)->29973K(30464K) NonClass: 26576K(26816K)->26576K(26816K) Class: 3397K(3648K)->3397K(3648K)
[5859.825s][info][gc             ] GC(706) Pause Young (Normal) (G1 Evacuation Pause) 7633M->1930M(10240M) 169.647ms
[5859.825s][info][gc,cpu         ] GC(706) User=1.34s Sys=0.00s Real=0.17s
.....[5864.188s][info][gc,start       ] GC(707) Pause Young (Normal) (G1 Evacuation Pause)
[5864.188s][info][gc,task        ] GC(707) Using 8 workers of 8 for evacuation
[5864.352s][info][gc,phases      ] GC(707)   Pre Evacuate Collection Set: 0.30ms
[5864.352s][info][gc,phases      ] GC(707)   Merge Heap Roots: 0.62ms
[5864.352s][info][gc,phases      ] GC(707)   Evacuate Collection Set: 161.91ms
[5864.352s][info][gc,phases      ] GC(707)   Post Evacuate Collection Set: 1.32ms
[5864.352s][info][gc,phases      ] GC(707)   Other: 0.07ms
[5864.352s][info][gc,heap        ] GC(707) Eden regions: 715->0(716)
[5864.352s][info][gc,heap        ] GC(707) Survivor regions: 53->52(96)
[5864.352s][info][gc,heap        ] GC(707) Old regions: 160->162
[5864.352s][info][gc,heap        ] GC(707) Humongous regions: 32->32
[5864.352s][info][gc,metaspace   ] GC(707) Metaspace: 29973K(30464K)->29973K(30464K) NonClass: 26576K(26816K)->26576K(26816K) Class: 3397K(3648K)->3397K(3648K)
[5864.352s][info][gc             ] GC(707) Pause Young (Normal) (G1 Evacuation Pause) 7650M->1943M(10240M) 164.360ms
[5864.352s][info][gc,cpu         ] GC(707) User=1.30s Sys=0.00s Real=0.16s
.....[5868.930s][info][gc,start       ] GC(708) Pause Young (Normal) (G1 Evacuation Pause)
[5868.930s][info][gc,task        ] GC(708) Using 8 workers of 8 for evacuation
[5869.101s][info][gc,phases      ] GC(708)   Pre Evacuate Collection Set: 0.30ms
[5869.102s][info][gc,phases      ] GC(708)   Merge Heap Roots: 0.58ms
[5869.102s][info][gc,phases      ] GC(708)   Evacuate Collection Set: 169.21ms
[5869.102s][info][gc,phases      ] GC(708)   Post Evacuate Collection Set: 1.34ms
[5869.102s][info][gc,phases      ] GC(708)   Other: 0.08ms
[5869.102s][info][gc,heap        ] GC(708) Eden regions: 716->0(715)
[5869.102s][info][gc,heap        ] GC(708) Survivor regions: 52->53(96)
[5869.102s][info][gc,heap        ] GC(708) Old regions: 162->165
[5869.102s][info][gc,heap        ] GC(708) Humongous regions: 32->32
[5869.102s][info][gc,metaspace   ] GC(708) Metaspace: 29973K(30464K)->29973K(30464K) NonClass: 26576K(26816K)->26576K(26816K) Class: 3397K(3648K)->3397K(3648K)
[5869.102s][info][gc             ] GC(708) Pause Young (Normal) (G1 Evacuation Pause) 7671M->1972M(10240M) 171.644ms
[5869.102s][info][gc,cpu         ] GC(708) User=1.35s Sys=0.00s Real=0.17s
....[5873.687s][info][gc,start       ] GC(709) Pause Young (Normal) (G1 Evacuation Pause)
[5873.687s][info][gc,task        ] GC(709) Using 8 workers of 8 for evacuation
[5873.853s][info][gc,phases      ] GC(709)   Pre Evacuate Collection Set: 0.31ms
[5873.853s][info][gc,phases      ] GC(709)   Merge Heap Roots: 0.57ms
[5873.853s][info][gc,phases      ] GC(709)   Evacuate Collection Set: 163.56ms
[5873.853s][info][gc,phases      ] GC(709)   Post Evacuate Collection Set: 1.26ms
[5873.853s][info][gc,phases      ] GC(709)   Other: 0.08ms
[5873.853s][info][gc,heap        ] GC(709) Eden regions: 715->0(717)
[5873.853s][info][gc,heap        ] GC(709) Survivor regions: 53->51(96)
[5873.853s][info][gc,heap        ] GC(709) Old regions: 165->168
[5873.853s][info][gc,heap        ] GC(709) Humongous regions: 32->32
[5873.853s][info][gc,metaspace   ] GC(709) Metaspace: 29973K(30464K)->29973K(30464K) NonClass: 26576K(26816K)->26576K(26816K) Class: 3397K(3648K)->3397K(3648K)
[5873.853s][info][gc             ] GC(709) Pause Young (Normal) (G1 Evacuation Pause) 7692M->1981M(10240M) 165.947ms
[5873.853s][info][gc,cpu         ] GC(709) User=1.31s Sys=0.01s Real=0.16s
.....[5878.357s][info][gc,start       ] GC(710) Pause Young (Normal) (G1 Evacuation Pause)
[5878.357s][info][gc,task        ] GC(710) Using 8 workers of 8 for evacuation
[5878.523s][info][gc,phases      ] GC(710)   Pre Evacuate Collection Set: 0.30ms
[5878.523s][info][gc,phases      ] GC(710)   Merge Heap Roots: 0.58ms
[5878.523s][info][gc,phases      ] GC(710)   Evacuate Collection Set: 163.24ms
[5878.523s][info][gc,phases      ] GC(710)   Post Evacuate Collection Set: 1.30ms
[5878.523s][info][gc,phases      ] GC(710)   Other: 0.07ms
[5878.523s][info][gc,heap        ] GC(710) Eden regions: 717->0(717)
[5878.523s][info][gc,heap        ] GC(710) Survivor regions: 51->51(96)
[5878.523s][info][gc,heap        ] GC(710) Old regions: 168->170
[5878.523s][info][gc,heap        ] GC(710) Humongous regions: 32->32
[5878.523s][info][gc,metaspace   ] GC(710) Metaspace: 29973K(30464K)->29973K(30464K) NonClass: 26576K(26816K)->26576K(26816K) Class: 3397K(3648K)->3397K(3648K)
[5878.523s][info][gc             ] GC(710) Pause Young (Normal) (G1 Evacuation Pause) 7717M->2002M(10240M) 165.619ms
[5878.523s][info][gc,cpu         ] GC(710) User=1.30s Sys=0.00s Real=0.16s
.....[5882.970s][info][gc,start       ] GC(711) Pause Young (Normal) (G1 Evacuation Pause)
[5882.970s][info][gc,task        ] GC(711) Using 8 workers of 8 for evacuation
[5883.144s][info][gc,phases      ] GC(711)   Pre Evacuate Collection Set: 0.32ms
[5883.144s][info][gc,phases      ] GC(711)   Merge Heap Roots: 0.58ms
[5883.144s][info][gc,phases      ] GC(711)   Evacuate Collection Set: 171.00ms
[5883.144s][info][gc,phases      ] GC(711)   Post Evacuate Collection Set: 1.26ms
[5883.144s][info][gc,phases      ] GC(711)   Other: 0.09ms
[5883.144s][info][gc,heap        ] GC(711) Eden regions: 717->0(714)
[5883.144s][info][gc,heap        ] GC(711) Survivor regions: 51->54(96)
[5883.144s][info][gc,heap        ] GC(711) Old regions: 170->173
[5883.144s][info][gc,heap        ] GC(711) Humongous regions: 32->32
[5883.144s][info][gc,metaspace   ] GC(711) Metaspace: 29973K(30464K)->29973K(30464K) NonClass: 26576K(26816K)->26576K(26816K) Class: 3397K(3648K)->3397K(3648K)
[5883.144s][info][gc             ] GC(711) Pause Young (Normal) (G1 Evacuation Pause) 7738M->2042M(10240M) 173.386ms
[5883.144s][info][gc,cpu         ] GC(711) User=1.36s Sys=0.00s Real=0.17s
....[5887.592s][info][gc,start       ] GC(712) Pause Young (Normal) (G1 Evacuation Pause)
[5887.592s][info][gc,task        ] GC(712) Using 8 workers of 8 for evacuation
[5887.762s][info][gc,phases      ] GC(712)   Pre Evacuate Collection Set: 0.29ms
[5887.762s][info][gc,phases      ] GC(712)   Merge Heap Roots: 0.60ms
[5887.762s][info][gc,phases      ] GC(712)   Evacuate Collection Set: 167.47ms
[5887.762s][info][gc,phases      ] GC(712)   Post Evacuate Collection Set: 1.27ms
[5887.762s][info][gc,phases      ] GC(712)   Other: 0.06ms
[5887.762s][info][gc,heap        ] GC(712) Eden regions: 714->0(716)
[5887.762s][info][gc,heap        ] GC(712) Survivor regions: 54->52(96)
[5887.762s][info][gc,heap        ] GC(712) Old regions: 173->175
[5887.762s][info][gc,heap        ] GC(712) Humongous regions: 32->32
[5887.762s][info][gc,metaspace   ] GC(712) Metaspace: 29973K(30464K)->29973K(30464K) NonClass: 26576K(26816K)->26576K(26816K) Class: 3397K(3648K)->3397K(3648K)
[5887.762s][info][gc             ] GC(712) Pause Young (Normal) (G1 Evacuation Pause) 7754M->2051M(10240M) 169.840ms
[5887.762s][info][gc,cpu         ] GC(712) User=1.33s Sys=0.00s Real=0.17s
... (rIR:aIR:PR = 10239:10256:10256) (tPR = 152831) [OK] 
  5889s: Performance info:
         Transaction,    Success,    Partial,     Failed,   Receipts, AvgBarcode, 
             Overall,     616696,          0,          0,     585856,      59.48, 
         Response times:
             Request,    Success,    Partial,     Failed,   SkipFail,     Probes,    Samples,      min,      p50,      p90,      p95,      p99,      max, 
       TotalPurchase,     585869,          0,          0,          0,     356825,     405133,      300,     8000,    30000,    72000,   151000,   870000,
     InStorePurchase,     307829,          0,          0,          0,     188426,     213456,      300,     8000,    30000,    72000,   152000,   870000,
      OnlinePurchase,     217237,          0,          0,          0,     131051,     148821,      300,     8000,    30000,    72000,   150000,   870000,
        InstPurchase,      60803,          0,          0,          0,      37348,      42856,      400,     7900,    30000,    72000,   152000,   750000,
          AssocOfCat,        624,          0,          0,          0,        511,        645,    28000,    58000,    95000,   143000,   227700,   257000,
      AssocOfProduct,       6180,          0,          0,          0,       3456,       4084,      600,     8900,    31000,    79000,   137000,   433000,
      BusinessReport,       1538,          0,          0,          0,       1370,       1725,    33000,    71000,   103400,   141700,   240000,   368000,
          CustBuyBeh,       6202,          0,          0,          0,       3506,       4222,      300,     8000,    31000,    78000,   149000,   260000,
       ProductReturn,      16320,          0,          0,          0,       9755,      11226,      300,     8000,    31000,    78000,   165460,   272000,

  5889s: (75%)   IR =  10378 ..[5892.256s][info][gc,start       ] GC(713) Pause Young (Normal) (G1 Evacuation Pause)
[5892.256s][info][gc,task        ] GC(713) Using 8 workers of 8 for evacuation
[5892.424s][info][gc,phases      ] GC(713)   Pre Evacuate Collection Set: 0.30ms
[5892.424s][info][gc,phases      ] GC(713)   Merge Heap Roots: 0.57ms
[5892.424s][info][gc,phases      ] GC(713)   Evacuate Collection Set: 165.39ms
[5892.424s][info][gc,phases      ] GC(713)   Post Evacuate Collection Set: 1.37ms
[5892.424s][info][gc,phases      ] GC(713)   Other: 0.06ms
[5892.424s][info][gc,heap        ] GC(713) Eden regions: 716->0(715)
[5892.424s][info][gc,heap        ] GC(713) Survivor regions: 52->53(96)
[5892.424s][info][gc,heap        ] GC(713) Old regions: 175->178
[5892.424s][info][gc,heap        ] GC(713) Humongous regions: 32->32
[5892.424s][info][gc,metaspace   ] GC(713) Metaspace: 29973K(30464K)->29973K(30464K) NonClass: 26576K(26816K)->26576K(26816K) Class: 3397K(3648K)->3397K(3648K)
[5892.424s][info][gc             ] GC(713) Pause Young (Normal) (G1 Evacuation Pause) 7779M->2076M(10240M) 167.815ms
[5892.424s][info][gc,cpu         ] GC(713) User=1.32s Sys=0.00s Real=0.16s
....[5896.729s][info][gc,start       ] GC(714) Pause Young (Normal) (G1 Evacuation Pause)
[5896.729s][info][gc,task        ] GC(714) Using 8 workers of 8 for evacuation
[5896.895s][info][gc,phases      ] GC(714)   Pre Evacuate Collection Set: 0.28ms
[5896.895s][info][gc,phases      ] GC(714)   Merge Heap Roots: 0.58ms
[5896.895s][info][gc,phases      ] GC(714)   Evacuate Collection Set: 163.70ms
[5896.895s][info][gc,phases      ] GC(714)   Post Evacuate Collection Set: 1.34ms
[5896.895s][info][gc,phases      ] GC(714)   Other: 0.06ms
[5896.895s][info][gc,heap        ] GC(714) Eden regions: 715->0(717)
[5896.895s][info][gc,heap        ] GC(714) Survivor regions: 53->51(96)
[5896.895s][info][gc,heap        ] GC(714) Old regions: 178->181
[5896.895s][info][gc,heap        ] GC(714) Humongous regions: 32->32
[5896.895s][info][gc,metaspace   ] GC(714) Metaspace: 29973K(30464K)->29973K(30464K) NonClass: 26576K(26816K)->26576K(26816K) Class: 3397K(3648K)->3397K(3648K)
[5896.895s][info][gc             ] GC(714) Pause Young (Normal) (G1 Evacuation Pause) 7796M->2085M(10240M) 166.120ms
[5896.895s][info][gc,cpu         ] GC(714) User=1.30s Sys=0.00s Real=0.17s
.....[5901.380s][info][gc,start       ] GC(715) Pause Young (Normal) (G1 Evacuation Pause)
[5901.380s][info][gc,task        ] GC(715) Using 8 workers of 8 for evacuation
[5901.547s][info][gc,phases      ] GC(715)   Pre Evacuate Collection Set: 0.32ms
[5901.547s][info][gc,phases      ] GC(715)   Merge Heap Roots: 0.59ms
[5901.547s][info][gc,phases      ] GC(715)   Evacuate Collection Set: 165.04ms
[5901.547s][info][gc,phases      ] GC(715)   Post Evacuate Collection Set: 1.36ms
[5901.547s][info][gc,phases      ] GC(715)   Other: 0.07ms
[5901.547s][info][gc,heap        ] GC(715) Eden regions: 717->0(716)
[5901.547s][info][gc,heap        ] GC(715) Survivor regions: 51->52(96)
[5901.547s][info][gc,heap        ] GC(715) Old regions: 181->183
[5901.547s][info][gc,heap        ] GC(715) Humongous regions: 32->32
[5901.547s][info][gc,metaspace   ] GC(715) Metaspace: 29973K(30464K)->29973K(30464K) NonClass: 26576K(26816K)->26576K(26816K) Class: 3397K(3648K)->3397K(3648K)
[5901.547s][info][gc             ] GC(715) Pause Young (Normal) (G1 Evacuation Pause) 7821M->2114M(10240M) 167.518ms
[5901.547s][info][gc,cpu         ] GC(715) User=1.32s Sys=0.00s Real=0.17s
....[5906.025s][info][gc,start       ] GC(716) Pause Young (Normal) (G1 Evacuation Pause)
[5906.025s][info][gc,task        ] GC(716) Using 8 workers of 8 for evacuation
[5906.195s][info][gc,phases      ] GC(716)   Pre Evacuate Collection Set: 0.31ms
[5906.195s][info][gc,phases      ] GC(716)   Merge Heap Roots: 0.65ms
[5906.195s][info][gc,phases      ] GC(716)   Evacuate Collection Set: 167.97ms
[5906.195s][info][gc,phases      ] GC(716)   Post Evacuate Collection Set: 1.28ms
[5906.195s][info][gc,phases      ] GC(716)   Other: 0.06ms
[5906.195s][info][gc,heap        ] GC(716) Eden regions: 716->0(715)
[5906.195s][info][gc,heap        ] GC(716) Survivor regions: 52->53(96)
[5906.195s][info][gc,heap        ] GC(716) Old regions: 183->186
[5906.195s][info][gc,heap        ] GC(716) Humongous regions: 32->32
[5906.195s][info][gc,metaspace   ] GC(716) Metaspace: 29973K(30464K)->29973K(30464K) NonClass: 26576K(26816K)->26576K(26816K) Class: 3397K(3648K)->3397K(3648K)
[5906.195s][info][gc             ] GC(716) Pause Young (Normal) (G1 Evacuation Pause) 7842M->2139M(10240M) 170.399ms
[5906.195s][info][gc,cpu         ] GC(716) User=1.34s Sys=0.00s Real=0.18s
.....[5910.651s][info][gc,start       ] GC(717) Pause Young (Normal) (G1 Evacuation Pause)
[5910.651s][info][gc,task        ] GC(717) Using 8 workers of 8 for evacuation
[5910.823s][info][gc,phases      ] GC(717)   Pre Evacuate Collection Set: 0.32ms
[5910.823s][info][gc,phases      ] GC(717)   Merge Heap Roots: 0.63ms
[5910.823s][info][gc,phases      ] GC(717)   Evacuate Collection Set: 169.02ms
[5910.823s][info][gc,phases      ] GC(717)   Post Evacuate Collection Set: 1.29ms
[5910.823s][info][gc,phases      ] GC(717)   Other: 0.07ms
[5910.823s][info][gc,heap        ] GC(717) Eden regions: 715->0(715)
[5910.823s][info][gc,heap        ] GC(717) Survivor regions: 53->53(96)
[5910.823s][info][gc,heap        ] GC(717) Old regions: 186->188
[5910.823s][info][gc,heap        ] GC(717) Humongous regions: 32->32
[5910.823s][info][gc,metaspace   ] GC(717) Metaspace: 29973K(30464K)->29973K(30464K) NonClass: 26576K(26816K)->26576K(26816K) Class: 3397K(3648K)->3397K(3648K)
[5910.823s][info][gc             ] GC(717) Pause Young (Normal) (G1 Evacuation Pause) 7859M->2159M(10240M) 171.474ms
[5910.823s][info][gc,cpu         ] GC(717) User=1.34s Sys=0.00s Real=0.17s
..|...[5915.269s][info][gc,start       ] GC(718) Pause Young (Normal) (G1 Evacuation Pause)
[5915.269s][info][gc,task        ] GC(718) Using 8 workers of 8 for evacuation
[5915.438s][info][gc,phases      ] GC(718)   Pre Evacuate Collection Set: 0.29ms
[5915.438s][info][gc,phases      ] GC(718)   Merge Heap Roots: 0.61ms
[5915.438s][info][gc,phases      ] GC(718)   Evacuate Collection Set: 166.01ms
[5915.438s][info][gc,phases      ] GC(718)   Post Evacuate Collection Set: 1.31ms
[5915.438s][info][gc,phases      ] GC(718)   Other: 0.09ms
[5915.438s][info][gc,heap        ] GC(718) Eden regions: 715->0(715)
[5915.438s][info][gc,heap        ] GC(718) Survivor regions: 53->53(96)
[5915.438s][info][gc,heap        ] GC(718) Old regions: 188->191
[5915.438s][info][gc,heap        ] GC(718) Humongous regions: 32->32
[5915.438s][info][gc,metaspace   ] GC(718) Metaspace: 29973K(30464K)->29973K(30464K) NonClass: 26576K(26816K)->26576K(26816K) Class: 3397K(3648K)->3397K(3648K)
[5915.438s][info][gc             ] GC(718) Pause Young (Normal) (G1 Evacuation Pause) 7879M->2180M(10240M) 168.452ms
[5915.438s][info][gc,cpu         ] GC(718) User=1.33s Sys=0.00s Real=0.17s
....[5919.829s][info][gc,start       ] GC(719) Pause Young (Normal) (G1 Evacuation Pause)
[5919.829s][info][gc,task        ] GC(719) Using 8 workers of 8 for evacuation
[5920.001s][info][gc,phases      ] GC(719)   Pre Evacuate Collection Set: 0.29ms
[5920.001s][info][gc,phases      ] GC(719)   Merge Heap Roots: 0.59ms
[5920.001s][info][gc,phases      ] GC(719)   Evacuate Collection Set: 169.42ms
[5920.001s][info][gc,phases      ] GC(719)   Post Evacuate Collection Set: 1.31ms
[5920.001s][info][gc,phases      ] GC(719)   Other: 0.07ms
[5920.001s][info][gc,heap        ] GC(719) Eden regions: 715->0(715)
[5920.001s][info][gc,heap        ] GC(719) Survivor regions: 53->53(96)
[5920.001s][info][gc,heap        ] GC(719) Old regions: 191->194
[5920.001s][info][gc,heap        ] GC(719) Humongous regions: 32->32
[5920.001s][info][gc,metaspace   ] GC(719) Metaspace: 29973K(30464K)->29973K(30464K) NonClass: 26576K(26816K)->26576K(26816K) Class: 3397K(3648K)->3397K(3648K)
[5920.001s][info][gc             ] GC(719) Pause Young (Normal) (G1 Evacuation Pause) 7900M->2200M(10240M) 171.806ms
[5920.001s][info][gc,cpu         ] GC(719) User=1.35s Sys=0.01s Real=0.17s
.....[5924.480s][info][gc,start       ] GC(720) Pause Young (Normal) (G1 Evacuation Pause)
[5924.480s][info][gc,task        ] GC(720) Using 8 workers of 8 for evacuation
[5924.647s][info][gc,phases      ] GC(720)   Pre Evacuate Collection Set: 0.29ms
[5924.647s][info][gc,phases      ] GC(720)   Merge Heap Roots: 0.59ms
[5924.647s][info][gc,phases      ] GC(720)   Evacuate Collection Set: 164.64ms
[5924.647s][info][gc,phases      ] GC(720)   Post Evacuate Collection Set: 1.29ms
[5924.647s][info][gc,phases      ] GC(720)   Other: 0.06ms
[5924.647s][info][gc,heap        ] GC(720) Eden regions: 715->0(717)
[5924.647s][info][gc,heap        ] GC(720) Survivor regions: 53->51(96)
[5924.647s][info][gc,heap        ] GC(720) Old regions: 194->196
[5924.647s][info][gc,heap        ] GC(720) Humongous regions: 32->32
[5924.647s][info][gc,metaspace   ] GC(720) Metaspace: 29973K(30464K)->29973K(30464K) NonClass: 26576K(26816K)->26576K(26816K) Class: 3397K(3648K)->3397K(3648K)
[5924.647s][info][gc             ] GC(720) Pause Young (Normal) (G1 Evacuation Pause) 7920M->2210M(10240M) 167.001ms
[5924.647s][info][gc,cpu         ] GC(720) User=1.31s Sys=0.00s Real=0.17s
.....[5929.234s][info][gc,start       ] GC(721) Pause Young (Normal) (G1 Evacuation Pause)
[5929.235s][info][gc,task        ] GC(721) Using 8 workers of 8 for evacuation
[5929.406s][info][gc,phases      ] GC(721)   Pre Evacuate Collection Set: 0.30ms
[5929.406s][info][gc,phases      ] GC(721)   Merge Heap Roots: 0.65ms
[5929.406s][info][gc,phases      ] GC(721)   Evacuate Collection Set: 169.47ms
[5929.406s][info][gc,phases      ] GC(721)   Post Evacuate Collection Set: 1.31ms
[5929.406s][info][gc,phases      ] GC(721)   Other: 0.06ms
[5929.406s][info][gc,heap        ] GC(721) Eden regions: 717->0(715)
[5929.406s][info][gc,heap        ] GC(721) Survivor regions: 51->53(96)
[5929.406s][info][gc,heap        ] GC(721) Old regions: 196->199
[5929.406s][info][gc,heap        ] GC(721) Humongous regions: 32->32
[5929.406s][info][gc,metaspace   ] GC(721) Metaspace: 29973K(30464K)->29973K(30464K) NonClass: 26576K(26816K)->26576K(26816K) Class: 3397K(3648K)->3397K(3648K)
[5929.406s][info][gc             ] GC(721) Pause Young (Normal) (G1 Evacuation Pause) 7946M->2247M(10240M) 171.956ms
[5929.406s][info][gc,cpu         ] GC(721) User=1.35s Sys=0.00s Real=0.18s
....[5933.889s][info][gc,start       ] GC(722) Pause Young (Normal) (G1 Evacuation Pause)
[5933.889s][info][gc,task        ] GC(722) Using 8 workers of 8 for evacuation
[5934.057s][info][gc,phases      ] GC(722)   Pre Evacuate Collection Set: 0.30ms
[5934.057s][info][gc,phases      ] GC(722)   Merge Heap Roots: 0.59ms
[5934.057s][info][gc,phases      ] GC(722)   Evacuate Collection Set: 165.80ms
[5934.057s][info][gc,phases      ] GC(722)   Post Evacuate Collection Set: 1.24ms
[5934.057s][info][gc,phases      ] GC(722)   Other: 0.08ms
[5934.057s][info][gc,heap        ] GC(722) Eden regions: 715->0(717)
[5934.057s][info][gc,heap        ] GC(722) Survivor regions: 53->51(96)
[5934.057s][info][gc,heap        ] GC(722) Old regions: 199->202
[5934.057s][info][gc,heap        ] GC(722) Humongous regions: 32->32
[5934.057s][info][gc,metaspace   ] GC(722) Metaspace: 29973K(30464K)->29973K(30464K) NonClass: 26576K(26816K)->26576K(26816K) Class: 3397K(3648K)->3397K(3648K)
[5934.057s][info][gc             ] GC(722) Pause Young (Normal) (G1 Evacuation Pause) 7967M->2252M(10240M) 168.151ms
[5934.057s][info][gc,cpu         ] GC(722) User=1.33s Sys=0.00s Real=0.17s
.....[5938.615s][info][gc,start       ] GC(723) Pause Young (Normal) (G1 Evacuation Pause)
[5938.616s][info][gc,task        ] GC(723) Using 8 workers of 8 for evacuation
[5938.785s][info][gc,phases      ] GC(723)   Pre Evacuate Collection Set: 0.27ms
[5938.785s][info][gc,phases      ] GC(723)   Merge Heap Roots: 0.56ms
[5938.785s][info][gc,phases      ] GC(723)   Evacuate Collection Set: 167.39ms
[5938.785s][info][gc,phases      ] GC(723)   Post Evacuate Collection Set: 1.29ms
[5938.785s][info][gc,phases      ] GC(723)   Other: 0.07ms
[5938.785s][info][gc,heap        ] GC(723) Eden regions: 717->0(715)
[5938.785s][info][gc,heap        ] GC(723) Survivor regions: 51->53(96)
[5938.785s][info][gc,heap        ] GC(723) Old regions: 202->204
[5938.785s][info][gc,heap        ] GC(723) Humongous regions: 32->32
[5938.785s][info][gc,metaspace   ] GC(723) Metaspace: 29973K(30464K)->29973K(30464K) NonClass: 26576K(26816K)->26576K(26816K) Class: 3397K(3648K)->3397K(3648K)
[5938.785s][info][gc             ] GC(723) Pause Young (Normal) (G1 Evacuation Pause) 7988M->2285M(10240M) 169.704ms
[5938.785s][info][gc,cpu         ] GC(723) User=1.34s Sys=0.01s Real=0.17s
.....[5943.265s][info][gc,start       ] GC(724) Pause Young (Normal) (G1 Evacuation Pause)
[5943.265s][info][gc,task        ] GC(724) Using 8 workers of 8 for evacuation
[5943.439s][info][gc,phases      ] GC(724)   Pre Evacuate Collection Set: 0.29ms
[5943.439s][info][gc,phases      ] GC(724)   Merge Heap Roots: 0.57ms
[5943.439s][info][gc,phases      ] GC(724)   Evacuate Collection Set: 171.74ms
[5943.439s][info][gc,phases      ] GC(724)   Post Evacuate Collection Set: 1.28ms
[5943.439s][info][gc,phases      ] GC(724)   Other: 0.06ms
[5943.439s][info][gc,heap        ] GC(724) Eden regions: 715->0(714)
[5943.439s][info][gc,heap        ] GC(724) Survivor regions: 53->54(96)
[5943.439s][info][gc,heap        ] GC(724) Old regions: 204->207
[5943.439s][info][gc,heap        ] GC(724) Humongous regions: 32->32
[5943.439s][info][gc,metaspace   ] GC(724) Metaspace: 29973K(30464K)->29973K(30464K) NonClass: 26576K(26816K)->26576K(26816K) Class: 3397K(3648K)->3397K(3648K)
[5943.439s][info][gc             ] GC(724) Pause Young (Normal) (G1 Evacuation Pause) 8005M->2313M(10240M) 174.066ms
[5943.439s][info][gc,cpu         ] GC(724) User=1.36s Sys=0.01s Real=0.17s
....[5947.952s][info][gc,start       ] GC(725) Pause Young (Normal) (G1 Evacuation Pause)
[5947.952s][info][gc,task        ] GC(725) Using 8 workers of 8 for evacuation
[5948.122s][info][gc,phases      ] GC(725)   Pre Evacuate Collection Set: 0.30ms
[5948.122s][info][gc,phases      ] GC(725)   Merge Heap Roots: 0.60ms
[5948.122s][info][gc,phases      ] GC(725)   Evacuate Collection Set: 167.53ms
[5948.122s][info][gc,phases      ] GC(725)   Post Evacuate Collection Set: 1.30ms
[5948.122s][info][gc,phases      ] GC(725)   Other: 0.07ms
[5948.122s][info][gc,heap        ] GC(725) Eden regions: 714->0(715)
[5948.122s][info][gc,heap        ] GC(725) Survivor regions: 54->53(96)
[5948.122s][info][gc,heap        ] GC(725) Old regions: 207->209
[5948.122s][info][gc,heap        ] GC(725) Humongous regions: 32->32
[5948.122s][info][gc,metaspace   ] GC(725) Metaspace: 29973K(30464K)->29973K(30464K) NonClass: 26576K(26816K)->26576K(26816K) Class: 3397K(3648K)->3397K(3648K)
[5948.122s][info][gc             ] GC(725) Pause Young (Normal) (G1 Evacuation Pause) 8025M->2330M(10240M) 169.947ms
[5948.122s][info][gc,cpu         ] GC(725) User=1.34s Sys=0.00s Real=0.17s
.....[5952.503s][info][gc,start       ] GC(726) Pause Young (Normal) (G1 Evacuation Pause)
[5952.503s][info][gc,task        ] GC(726) Using 8 workers of 8 for evacuation
[5952.676s][info][gc,phases      ] GC(726)   Pre Evacuate Collection Set: 0.28ms
[5952.676s][info][gc,phases      ] GC(726)   Merge Heap Roots: 0.61ms
[5952.676s][info][gc,phases      ] GC(726)   Evacuate Collection Set: 170.86ms
[5952.676s][info][gc,phases      ] GC(726)   Post Evacuate Collection Set: 1.31ms
[5952.676s][info][gc,phases      ] GC(726)   Other: 0.06ms
[5952.676s][info][gc,heap        ] GC(726) Eden regions: 715->0(714)
[5952.676s][info][gc,heap        ] GC(726) Survivor regions: 53->54(96)
[5952.676s][info][gc,heap        ] GC(726) Old regions: 209->212
[5952.676s][info][gc,heap        ] GC(726) Humongous regions: 32->32
[5952.676s][info][gc,metaspace   ] GC(726) Metaspace: 29973K(30464K)->29973K(30464K) NonClass: 26576K(26816K)->26576K(26816K) Class: 3397K(3648K)->3397K(3648K)
[5952.676s][info][gc             ] GC(726) Pause Young (Normal) (G1 Evacuation Pause) 8050M->2354M(10240M) 173.248ms
[5952.676s][info][gc,cpu         ] GC(726) User=1.36s Sys=0.00s Real=0.18s
....[5957.174s][info][gc,start       ] GC(727) Pause Young (Normal) (G1 Evacuation Pause)
[5957.174s][info][gc,task        ] GC(727) Using 8 workers of 8 for evacuation
[5957.338s][info][gc,phases      ] GC(727)   Pre Evacuate Collection Set: 0.30ms
[5957.338s][info][gc,phases      ] GC(727)   Merge Heap Roots: 0.58ms
[5957.338s][info][gc,phases      ] GC(727)   Evacuate Collection Set: 161.17ms
[5957.338s][info][gc,phases      ] GC(727)   Post Evacuate Collection Set: 1.29ms
[5957.338s][info][gc,phases      ] GC(727)   Other: 0.08ms
[5957.338s][info][gc,heap        ] GC(727) Eden regions: 714->0(717)
[5957.338s][info][gc,heap        ] GC(727) Survivor regions: 54->51(96)
[5957.338s][info][gc,heap        ] GC(727) Old regions: 212->214
[5957.338s][info][gc,heap        ] GC(727) Humongous regions: 32->32
[5957.338s][info][gc,metaspace   ] GC(727) Metaspace: 29973K(30464K)->29973K(30464K) NonClass: 26576K(26816K)->26576K(26816K) Class: 3397K(3648K)->3397K(3648K)
[5957.338s][info][gc             ] GC(727) Pause Young (Normal) (G1 Evacuation Pause) 8066M->2355M(10240M) 163.568ms
[5957.338s][info][gc,cpu         ] GC(727) User=1.28s Sys=0.00s Real=0.17s
.....[5961.768s][info][gc,start       ] GC(728) Pause Young (Normal) (G1 Evacuation Pause)
[5961.768s][info][gc,task        ] GC(728) Using 8 workers of 8 for evacuation
[5961.941s][info][gc,phases      ] GC(728)   Pre Evacuate Collection Set: 0.29ms
[5961.941s][info][gc,phases      ] GC(728)   Merge Heap Roots: 0.60ms
[5961.941s][info][gc,phases      ] GC(728)   Evacuate Collection Set: 169.99ms
[5961.941s][info][gc,phases      ] GC(728)   Post Evacuate Collection Set: 1.34ms
[5961.941s][info][gc,phases      ] GC(728)   Other: 0.07ms
[5961.941s][info][gc,heap        ] GC(728) Eden regions: 717->0(714)
[5961.941s][info][gc,heap        ] GC(728) Survivor regions: 51->54(96)
[5961.941s][info][gc,heap        ] GC(728) Old regions: 214->217
[5961.941s][info][gc,heap        ] GC(728) Humongous regions: 32->32
[5961.941s][info][gc,metaspace   ] GC(728) Metaspace: 29973K(30464K)->29973K(30464K) NonClass: 26576K(26816K)->26576K(26816K) Class: 3397K(3648K)->3397K(3648K)
[5961.941s][info][gc             ] GC(728) Pause Young (Normal) (G1 Evacuation Pause) 8091M->2396M(10240M) 172.447ms
[5961.941s][info][gc,cpu         ] GC(728) User=1.35s Sys=0.00s Real=0.17s
....[5966.342s][info][gc,start       ] GC(729) Pause Young (Normal) (G1 Evacuation Pause)
[5966.342s][info][gc,task        ] GC(729) Using 8 workers of 8 for evacuation
[5966.507s][info][gc,phases      ] GC(729)   Pre Evacuate Collection Set: 0.29ms
[5966.507s][info][gc,phases      ] GC(729)   Merge Heap Roots: 0.62ms
[5966.507s][info][gc,phases      ] GC(729)   Evacuate Collection Set: 162.92ms
[5966.507s][info][gc,phases      ] GC(729)   Post Evacuate Collection Set: 1.26ms
[5966.507s][info][gc,phases      ] GC(729)   Other: 0.07ms
[5966.507s][info][gc,heap        ] GC(729) Eden regions: 714->0(717)
[5966.507s][info][gc,heap        ] GC(729) Survivor regions: 54->51(96)
[5966.507s][info][gc,heap        ] GC(729) Old regions: 217->220
[5966.507s][info][gc,heap        ] GC(729) Humongous regions: 32->32
[5966.507s][info][gc,metaspace   ] GC(729) Metaspace: 29973K(30464K)->29973K(30464K) NonClass: 26576K(26816K)->26576K(26816K) Class: 3397K(3648K)->3397K(3648K)
[5966.507s][info][gc             ] GC(729) Pause Young (Normal) (G1 Evacuation Pause) 8108M->2392M(10240M) 165.283ms
[5966.507s][info][gc,cpu         ] GC(729) User=1.30s Sys=0.00s Real=0.17s
.....[5970.951s][info][gc,start       ] GC(730) Pause Young (Normal) (G1 Evacuation Pause)
[5970.951s][info][gc,task        ] GC(730) Using 8 workers of 8 for evacuation
[5971.121s][info][gc,phases      ] GC(730)   Pre Evacuate Collection Set: 0.28ms
[5971.121s][info][gc,phases      ] GC(730)   Merge Heap Roots: 0.57ms
[5971.121s][info][gc,phases      ] GC(730)   Evacuate Collection Set: 167.41ms
[5971.121s][info][gc,phases      ] GC(730)   Post Evacuate Collection Set: 1.27ms
[5971.121s][info][gc,phases      ] GC(730)   Other: 0.07ms
[5971.121s][info][gc,heap        ] GC(730) Eden regions: 717->0(715)
[5971.121s][info][gc,heap        ] GC(730) Survivor regions: 51->53(96)
[5971.121s][info][gc,heap        ] GC(730) Old regions: 220->222
[5971.121s][info][gc,heap        ] GC(730) Humongous regions: 32->32
[5971.121s][info][gc,metaspace   ] GC(730) Metaspace: 29973K(30464K)->29973K(30464K) NonClass: 26576K(26816K)->26576K(26816K) Class: 3397K(3648K)->3397K(3648K)
[5971.121s][info][gc             ] GC(730) Pause Young (Normal) (G1 Evacuation Pause) 8128M->2433M(10240M) 169.739ms
[5971.121s][info][gc,cpu         ] GC(730) User=1.33s Sys=0.00s Real=0.17s
.. (rIR:aIR:PR = 10378:10365:10365) (tPR = 153700) [OK] 
  5972s: Performance info:
         Transaction,    Success,    Partial,     Failed,   Receipts, AvgBarcode, 
             Overall,     625205,          0,          0,     593844,      59.48, 
         Response times:
             Request,    Success,    Partial,     Failed,   SkipFail,     Probes,    Samples,      min,      p50,      p90,      p95,      p99,      max, 
       TotalPurchase,     593816,          0,          0,          0,     359654,     499361,      300,     8400,    50000,    90000,   166000,   810000,
     InStorePurchase,     312754,          0,          0,          0,     189117,     261881,      300,     8300,    51000,    91000,   166000,   810000,
      OnlinePurchase,     219067,          0,          0,          0,     132432,     184206,      400,     8400,    50000,    87000,   165000,   810000,
        InstPurchase,      61995,          0,          0,          0,      38105,      53274,      500,     8900,    51000,    95000,   172000,   790000,
          AssocOfCat,        623,          0,          0,          0,        562,        930,    29000,    59000,   110000,   155000,   214380,   295000,
      AssocOfProduct,       6217,          0,          0,          0,       3551,       5159,      800,     8500,    48000,    89000,   165000,   790000,
      BusinessReport,       1576,          0,          0,          0,       1381,       2062,    32000,    70000,   129000,   174850,   250000,   630000,
          CustBuyBeh,       6296,          0,          0,          0,       3568,       5257,      500,     8800,    48000,    83000,   157420,   598000,
       ProductReturn,      16667,          0,          0,          0,      10022,      14340,      400,     8600,    57000,    97000,   168590,   610000,

  5972s: (76%)   IR =  10516 ..[5975.571s][info][gc,start       ] GC(731) Pause Young (Normal) (G1 Evacuation Pause)
[5975.571s][info][gc,task        ] GC(731) Using 8 workers of 8 for evacuation
[5975.738s][info][gc,phases      ] GC(731)   Pre Evacuate Collection Set: 0.30ms
[5975.739s][info][gc,phases      ] GC(731)   Merge Heap Roots: 0.61ms
[5975.739s][info][gc,phases      ] GC(731)   Evacuate Collection Set: 164.98ms
[5975.739s][info][gc,phases      ] GC(731)   Post Evacuate Collection Set: 1.27ms
[5975.739s][info][gc,phases      ] GC(731)   Other: 0.07ms
[5975.739s][info][gc,heap        ] GC(731) Eden regions: 715->0(716)
[5975.739s][info][gc,heap        ] GC(731) Survivor regions: 53->52(96)
[5975.739s][info][gc,heap        ] GC(731) Old regions: 222->225
[5975.739s][info][gc,heap        ] GC(731) Humongous regions: 32->32
[5975.739s][info][gc,metaspace   ] GC(731) Metaspace: 29973K(30464K)->29973K(30464K) NonClass: 26576K(26816K)->26576K(26816K) Class: 3397K(3648K)->3397K(3648K)
[5975.739s][info][gc             ] GC(731) Pause Young (Normal) (G1 Evacuation Pause) 8153M->2442M(10240M) 167.373ms
[5975.739s][info][gc,cpu         ] GC(731) User=1.32s Sys=0.00s Real=0.17s
.....[5980.113s][info][gc,start       ] GC(732) Pause Young (Normal) (G1 Evacuation Pause)
[5980.113s][info][gc,task        ] GC(732) Using 8 workers of 8 for evacuation
[5980.287s][info][gc,phases      ] GC(732)   Pre Evacuate Collection Set: 0.28ms
[5980.287s][info][gc,phases      ] GC(732)   Merge Heap Roots: 0.59ms
[5980.287s][info][gc,phases      ] GC(732)   Evacuate Collection Set: 171.30ms
[5980.287s][info][gc,phases      ] GC(732)   Post Evacuate Collection Set: 1.33ms
[5980.287s][info][gc,phases      ] GC(732)   Other: 0.07ms
[5980.287s][info][gc,heap        ] GC(732) Eden regions: 716->0(714)
[5980.287s][info][gc,heap        ] GC(732) Survivor regions: 52->54(96)
[5980.287s][info][gc,heap        ] GC(732) Old regions: 225->227
[5980.287s][info][gc,heap        ] GC(732) Humongous regions: 32->32
[5980.287s][info][gc,metaspace   ] GC(732) Metaspace: 29973K(30464K)->29973K(30464K) NonClass: 26576K(26816K)->26576K(26816K) Class: 3397K(3648K)->3397K(3648K)
[5980.287s][info][gc             ] GC(732) Pause Young (Normal) (G1 Evacuation Pause) 8170M->2479M(10240M) 173.708ms
[5980.287s][info][gc,cpu         ] GC(732) User=1.37s Sys=0.00s Real=0.18s
....|[5984.632s][info][gc,start       ] GC(733) Pause Young (Normal) (G1 Evacuation Pause)
[5984.632s][info][gc,task        ] GC(733) Using 8 workers of 8 for evacuation
[5984.805s][info][gc,phases      ] GC(733)   Pre Evacuate Collection Set: 0.28ms
[5984.805s][info][gc,phases      ] GC(733)   Merge Heap Roots: 0.62ms
[5984.805s][info][gc,phases      ] GC(733)   Evacuate Collection Set: 170.72ms
[5984.805s][info][gc,phases      ] GC(733)   Post Evacuate Collection Set: 1.33ms
[5984.805s][info][gc,phases      ] GC(733)   Other: 0.07ms
[5984.805s][info][gc,heap        ] GC(733) Eden regions: 714->0(715)
[5984.805s][info][gc,heap        ] GC(733) Survivor regions: 54->53(96)
[5984.805s][info][gc,heap        ] GC(733) Old regions: 227->230
[5984.805s][info][gc,heap        ] GC(733) Humongous regions: 32->32
[5984.805s][info][gc,metaspace   ] GC(733) Metaspace: 29973K(30464K)->29973K(30464K) NonClass: 26576K(26816K)->26576K(26816K) Class: 3397K(3648K)->3397K(3648K)
[5984.805s][info][gc             ] GC(733) Pause Young (Normal) (G1 Evacuation Pause) 8191M->2495M(10240M) 173.146ms
[5984.805s][info][gc,cpu         ] GC(733) User=1.37s Sys=0.00s Real=0.18s
.....[5989.202s][info][gc,start       ] GC(734) Pause Young (Normal) (G1 Evacuation Pause)
[5989.203s][info][gc,task        ] GC(734) Using 8 workers of 8 for evacuation
[5989.369s][info][gc,phases      ] GC(734)   Pre Evacuate Collection Set: 0.31ms
[5989.369s][info][gc,phases      ] GC(734)   Merge Heap Roots: 0.72ms
[5989.369s][info][gc,phases      ] GC(734)   Evacuate Collection Set: 163.76ms
[5989.369s][info][gc,phases      ] GC(734)   Post Evacuate Collection Set: 1.29ms
[5989.369s][info][gc,phases      ] GC(734)   Other: 0.08ms
[5989.369s][info][gc,heap        ] GC(734) Eden regions: 715->0(716)
[5989.369s][info][gc,heap        ] GC(734) Survivor regions: 53->52(96)
[5989.369s][info][gc,heap        ] GC(734) Old regions: 230->233
[5989.369s][info][gc,heap        ] GC(734) Humongous regions: 32->32
[5989.369s][info][gc,metaspace   ] GC(734) Metaspace: 29973K(30464K)->29973K(30464K) NonClass: 26576K(26816K)->26576K(26816K) Class: 3397K(3648K)->3397K(3648K)
[5989.369s][info][gc             ] GC(734) Pause Young (Normal) (G1 Evacuation Pause) 8215M->2504M(10240M) 166.304ms
[5989.369s][info][gc,cpu         ] GC(734) User=1.31s Sys=0.00s Real=0.17s
....[5993.781s][info][gc,start       ] GC(735) Pause Young (Normal) (G1 Evacuation Pause)
[5993.781s][info][gc,task        ] GC(735) Using 8 workers of 8 for evacuation
[5993.950s][info][gc,phases      ] GC(735)   Pre Evacuate Collection Set: 0.33ms
[5993.950s][info][gc,phases      ] GC(735)   Merge Heap Roots: 0.59ms
[5993.950s][info][gc,phases      ] GC(735)   Evacuate Collection Set: 166.86ms
[5993.950s][info][gc,phases      ] GC(735)   Post Evacuate Collection Set: 1.29ms
[5993.950s][info][gc,phases      ] GC(735)   Other: 0.08ms
[5993.950s][info][gc,heap        ] GC(735) Eden regions: 716->0(716)
[5993.950s][info][gc,heap        ] GC(735) Survivor regions: 52->52(96)
[5993.950s][info][gc,heap        ] GC(735) Old regions: 233->235
[5993.950s][info][gc,heap        ] GC(735) Humongous regions: 32->32
[5993.950s][info][gc,metaspace   ] GC(735) Metaspace: 29973K(30464K)->29973K(30464K) NonClass: 26576K(26816K)->26576K(26816K) Class: 3397K(3648K)->3397K(3648K)
[5993.950s][info][gc             ] GC(735) Pause Young (Normal) (G1 Evacuation Pause) 8232M->2529M(10240M) 169.308ms
[5993.950s][info][gc,cpu         ] GC(735) User=1.33s Sys=0.00s Real=0.17s
.....[5998.227s][info][gc,start       ] GC(736) Pause Young (Normal) (G1 Evacuation Pause)
[5998.227s][info][gc,task        ] GC(736) Using 8 workers of 8 for evacuation
[5998.396s][info][gc,phases      ] GC(736)   Pre Evacuate Collection Set: 0.31ms
[5998.396s][info][gc,phases      ] GC(736)   Merge Heap Roots: 0.60ms
[5998.396s][info][gc,phases      ] GC(736)   Evacuate Collection Set: 167.42ms
[5998.397s][info][gc,phases      ] GC(736)   Post Evacuate Collection Set: 1.25ms
[5998.397s][info][gc,phases      ] GC(736)   Other: 0.08ms
[5998.397s][info][gc,heap        ] GC(736) Eden regions: 716->0(716)
[5998.397s][info][gc,heap        ] GC(736) Survivor regions: 52->52(96)
[5998.397s][info][gc,heap        ] GC(736) Old regions: 235->238
[5998.397s][info][gc,heap        ] GC(736) Humongous regions: 32->32
[5998.397s][info][gc,metaspace   ] GC(736) Metaspace: 29973K(30464K)->29973K(30464K) NonClass: 26576K(26816K)->26576K(26816K) Class: 3397K(3648K)->3397K(3648K)
[5998.397s][info][gc             ] GC(736) Pause Young (Normal) (G1 Evacuation Pause) 8257M->2550M(10240M) 169.805ms
[5998.397s][info][gc,cpu         ] GC(736) User=1.34s Sys=0.01s Real=0.17s
....[6002.798s][info][gc,start       ] GC(737) Pause Young (Normal) (G1 Evacuation Pause)
[6002.798s][info][gc,task        ] GC(737) Using 8 workers of 8 for evacuation
[6002.969s][info][gc,phases      ] GC(737)   Pre Evacuate Collection Set: 0.29ms
[6002.969s][info][gc,phases      ] GC(737)   Merge Heap Roots: 0.60ms
[6002.969s][info][gc,phases      ] GC(737)   Evacuate Collection Set: 168.47ms
[6002.969s][info][gc,phases      ] GC(737)   Post Evacuate Collection Set: 1.26ms
[6002.969s][info][gc,phases      ] GC(737)   Other: 0.09ms
[6002.969s][info][gc,heap        ] GC(737) Eden regions: 716->0(716)
[6002.969s][info][gc,heap        ] GC(737) Survivor regions: 52->52(96)
[6002.969s][info][gc,heap        ] GC(737) Old regions: 238->240
[6002.969s][info][gc,heap        ] GC(737) Humongous regions: 32->32
[6002.969s][info][gc,metaspace   ] GC(737) Metaspace: 29973K(30464K)->29973K(30464K) NonClass: 26576K(26816K)->26576K(26816K) Class: 3397K(3648K)->3397K(3648K)
[6002.969s][info][gc             ] GC(737) Pause Young (Normal) (G1 Evacuation Pause) 8278M->2571M(10240M) 170.872ms
[6002.969s][info][gc,cpu         ] GC(737) User=1.34s Sys=0.00s Real=0.17s
.....[6007.317s][info][gc,start       ] GC(738) Pause Young (Normal) (G1 Evacuation Pause)
[6007.317s][info][gc,task        ] GC(738) Using 8 workers of 8 for evacuation
[6007.484s][info][gc,phases      ] GC(738)   Pre Evacuate Collection Set: 0.28ms
[6007.484s][info][gc,phases      ] GC(738)   Merge Heap Roots: 0.61ms
[6007.484s][info][gc,phases      ] GC(738)   Evacuate Collection Set: 164.75ms
[6007.484s][info][gc,phases      ] GC(738)   Post Evacuate Collection Set: 1.31ms
[6007.484s][info][gc,phases      ] GC(738)   Other: 0.06ms
[6007.484s][info][gc,heap        ] GC(738) Eden regions: 716->0(717)
[6007.484s][info][gc,heap        ] GC(738) Survivor regions: 52->51(96)
[6007.484s][info][gc,heap        ] GC(738) Old regions: 240->243
[6007.484s][info][gc,heap        ] GC(738) Humongous regions: 32->32
[6007.484s][info][gc,metaspace   ] GC(738) Metaspace: 29973K(30464K)->29973K(30464K) NonClass: 26576K(26816K)->26576K(26816K) Class: 3397K(3648K)->3397K(3648K)
[6007.484s][info][gc             ] GC(738) Pause Young (Normal) (G1 Evacuation Pause) 8299M->2581M(10240M) 167.147ms
[6007.484s][info][gc,cpu         ] GC(738) User=1.32s Sys=0.00s Real=0.16s
....[6011.827s][info][gc,start       ] GC(739) Pause Young (Normal) (G1 Evacuation Pause)
[6011.827s][info][gc,task        ] GC(739) Using 8 workers of 8 for evacuation
[6011.993s][info][gc,phases      ] GC(739)   Pre Evacuate Collection Set: 0.31ms
[6011.993s][info][gc,phases      ] GC(739)   Merge Heap Roots: 0.58ms
[6011.993s][info][gc,phases      ] GC(739)   Evacuate Collection Set: 163.89ms
[6011.993s][info][gc,phases      ] GC(739)   Post Evacuate Collection Set: 1.34ms
[6011.993s][info][gc,phases      ] GC(739)   Other: 0.06ms
[6011.993s][info][gc,heap        ] GC(739) Eden regions: 717->0(716)
[6011.993s][info][gc,heap        ] GC(739) Survivor regions: 51->52(96)
[6011.993s][info][gc,heap        ] GC(739) Old regions: 243->246
[6011.993s][info][gc,heap        ] GC(739) Humongous regions: 32->32
[6011.993s][info][gc,metaspace   ] GC(739) Metaspace: 29973K(30464K)->29973K(30464K) NonClass: 26576K(26816K)->26576K(26816K) Class: 3397K(3648K)->3397K(3648K)
[6011.993s][info][gc             ] GC(739) Pause Young (Normal) (G1 Evacuation Pause) 8317M->2610M(10240M) 166.311ms
[6011.993s][info][gc,cpu         ] GC(739) User=1.31s Sys=0.00s Real=0.16s
.....[6016.475s][info][gc,start       ] GC(740) Pause Young (Normal) (G1 Evacuation Pause)
[6016.475s][info][gc,task        ] GC(740) Using 8 workers of 8 for evacuation
[6016.643s][info][gc,phases      ] GC(740)   Pre Evacuate Collection Set: 0.28ms
[6016.643s][info][gc,phases      ] GC(740)   Merge Heap Roots: 0.58ms
[6016.643s][info][gc,phases      ] GC(740)   Evacuate Collection Set: 166.17ms
[6016.643s][info][gc,phases      ] GC(740)   Post Evacuate Collection Set: 1.32ms
[6016.643s][info][gc,phases      ] GC(740)   Other: 0.07ms
[6016.643s][info][gc,heap        ] GC(740) Eden regions: 716->0(716)
[6016.643s][info][gc,heap        ] GC(740) Survivor regions: 52->52(96)
[6016.643s][info][gc,heap        ] GC(740) Old regions: 246->249
[6016.643s][info][gc,heap        ] GC(740) Humongous regions: 32->32
[6016.643s][info][gc,metaspace   ] GC(740) Metaspace: 29973K(30464K)->29973K(30464K) NonClass: 26576K(26816K)->26576K(26816K) Class: 3397K(3648K)->3397K(3648K)
[6016.643s][info][gc             ] GC(740) Pause Young (Normal) (G1 Evacuation Pause) 8338M->2631M(10240M) 168.545ms
[6016.643s][info][gc,cpu         ] GC(740) User=1.33s Sys=0.00s Real=0.17s
.....[6021.125s][info][gc,start       ] GC(741) Pause Young (Normal) (G1 Evacuation Pause)
[6021.125s][info][gc,task        ] GC(741) Using 8 workers of 8 for evacuation
[6021.292s][info][gc,phases      ] GC(741)   Pre Evacuate Collection Set: 0.31ms
[6021.292s][info][gc,phases      ] GC(741)   Merge Heap Roots: 0.60ms
[6021.292s][info][gc,phases      ] GC(741)   Evacuate Collection Set: 163.85ms
[6021.292s][info][gc,phases      ] GC(741)   Post Evacuate Collection Set: 1.30ms
[6021.292s][info][gc,phases      ] GC(741)   Other: 0.08ms
[6021.292s][info][gc,heap        ] GC(741) Eden regions: 716->0(717)
[6021.292s][info][gc,heap        ] GC(741) Survivor regions: 52->51(96)
[6021.292s][info][gc,heap        ] GC(741) Old regions: 249->251
[6021.292s][info][gc,heap        ] GC(741) Humongous regions: 32->32
[6021.292s][info][gc,metaspace   ] GC(741) Metaspace: 29973K(30464K)->29973K(30464K) NonClass: 26576K(26816K)->26576K(26816K) Class: 3397K(3648K)->3397K(3648K)
[6021.292s][info][gc             ] GC(741) Pause Young (Normal) (G1 Evacuation Pause) 8359M->2647M(10240M) 166.280ms
[6021.292s][info][gc,cpu         ] GC(741) User=1.30s Sys=0.00s Real=0.16s
....[6025.551s][info][gc,start       ] GC(742) Pause Young (Normal) (G1 Evacuation Pause)
[6025.551s][info][gc,task        ] GC(742) Using 8 workers of 8 for evacuation
[6025.720s][info][gc,phases      ] GC(742)   Pre Evacuate Collection Set: 0.29ms
[6025.720s][info][gc,phases      ] GC(742)   Merge Heap Roots: 0.59ms
[6025.720s][info][gc,phases      ] GC(742)   Evacuate Collection Set: 166.17ms
[6025.720s][info][gc,phases      ] GC(742)   Post Evacuate Collection Set: 1.35ms
[6025.720s][info][gc,phases      ] GC(742)   Other: 0.08ms
[6025.720s][info][gc,heap        ] GC(742) Eden regions: 717->0(715)
[6025.720s][info][gc,heap        ] GC(742) Survivor regions: 51->53(96)
[6025.720s][info][gc,heap        ] GC(742) Old regions: 251->254
[6025.720s][info][gc,heap        ] GC(742) Humongous regions: 32->32
[6025.720s][info][gc,metaspace   ] GC(742) Metaspace: 29973K(30464K)->29973K(30464K) NonClass: 26576K(26816K)->26576K(26816K) Class: 3397K(3648K)->3397K(3648K)
[6025.720s][info][gc             ] GC(742) Pause Young (Normal) (G1 Evacuation Pause) 8383M->2679M(10240M) 168.619ms
[6025.720s][info][gc,cpu         ] GC(742) User=1.33s Sys=0.00s Real=0.17s
.....[6030.199s][info][gc,start       ] GC(743) Pause Young (Normal) (G1 Evacuation Pause)
[6030.199s][info][gc,task        ] GC(743) Using 8 workers of 8 for evacuation
[6030.365s][info][gc,phases      ] GC(743)   Pre Evacuate Collection Set: 0.26ms
[6030.365s][info][gc,phases      ] GC(743)   Merge Heap Roots: 0.61ms
[6030.365s][info][gc,phases      ] GC(743)   Evacuate Collection Set: 164.03ms
[6030.365s][info][gc,phases      ] GC(743)   Post Evacuate Collection Set: 1.29ms
[6030.365s][info][gc,phases      ] GC(743)   Other: 0.06ms
[6030.365s][info][gc,heap        ] GC(743) Eden regions: 715->0(717)
[6030.365s][info][gc,heap        ] GC(743) Survivor regions: 53->51(96)
[6030.365s][info][gc,heap        ] GC(743) Old regions: 254->256
[6030.365s][info][gc,heap        ] GC(743) Humongous regions: 32->32
[6030.365s][info][gc,metaspace   ] GC(743) Metaspace: 29973K(30464K)->29973K(30464K) NonClass: 26576K(26816K)->26576K(26816K) Class: 3397K(3648K)->3397K(3648K)
[6030.365s][info][gc             ] GC(743) Pause Young (Normal) (G1 Evacuation Pause) 8399M->2688M(10240M) 166.392ms
[6030.365s][info][gc,cpu         ] GC(743) User=1.31s Sys=0.00s Real=0.17s
....[6034.681s][info][gc,start       ] GC(744) Pause Young (Normal) (G1 Evacuation Pause)
[6034.682s][info][gc,task        ] GC(744) Using 8 workers of 8 for evacuation
[6034.856s][info][gc,phases      ] GC(744)   Pre Evacuate Collection Set: 0.29ms
[6034.856s][info][gc,phases      ] GC(744)   Merge Heap Roots: 0.60ms
[6034.856s][info][gc,phases      ] GC(744)   Evacuate Collection Set: 172.25ms
[6034.856s][info][gc,phases      ] GC(744)   Post Evacuate Collection Set: 1.37ms
[6034.856s][info][gc,phases      ] GC(744)   Other: 0.06ms
[6034.856s][info][gc,heap        ] GC(744) Eden regions: 717->0(714)
[6034.856s][info][gc,heap        ] GC(744) Survivor regions: 51->54(96)
[6034.856s][info][gc,heap        ] GC(744) Old regions: 256->259
[6034.856s][info][gc,heap        ] GC(744) Humongous regions: 32->32
[6034.856s][info][gc,metaspace   ] GC(744) Metaspace: 29973K(30464K)->29973K(30464K) NonClass: 26576K(26816K)->26576K(26816K) Class: 3397K(3648K)->3397K(3648K)
[6034.856s][info][gc             ] GC(744) Pause Young (Normal) (G1 Evacuation Pause) 8424M->2733M(10240M) 174.725ms
[6034.856s][info][gc,cpu         ] GC(744) User=1.37s Sys=0.00s Real=0.18s
.....[6039.287s][info][gc,start       ] GC(745) Pause Young (Normal) (G1 Evacuation Pause)
[6039.287s][info][gc,task        ] GC(745) Using 8 workers of 8 for evacuation
[6039.458s][info][gc,phases      ] GC(745)   Pre Evacuate Collection Set: 0.28ms
[6039.458s][info][gc,phases      ] GC(745)   Merge Heap Roots: 0.63ms
[6039.458s][info][gc,phases      ] GC(745)   Evacuate Collection Set: 168.69ms
[6039.458s][info][gc,phases      ] GC(745)   Post Evacuate Collection Set: 1.28ms
[6039.458s][info][gc,phases      ] GC(745)   Other: 0.08ms
[6039.458s][info][gc,heap        ] GC(745) Eden regions: 714->0(715)
[6039.458s][info][gc,heap        ] GC(745) Survivor regions: 54->53(96)
[6039.458s][info][gc,heap        ] GC(745) Old regions: 259->261
[6039.458s][info][gc,heap        ] GC(745) Humongous regions: 32->32
[6039.458s][info][gc,metaspace   ] GC(745) Metaspace: 29973K(30464K)->29973K(30464K) NonClass: 26576K(26816K)->26576K(26816K) Class: 3397K(3648K)->3397K(3648K)
[6039.458s][info][gc             ] GC(745) Pause Young (Normal) (G1 Evacuation Pause) 8445M->2743M(10240M) 171.096ms
[6039.458s][info][gc,cpu         ] GC(745) User=1.34s Sys=0.00s Real=0.17s
....[6043.922s][info][gc,start       ] GC(746) Pause Young (Normal) (G1 Evacuation Pause)
[6043.922s][info][gc,task        ] GC(746) Using 8 workers of 8 for evacuation
[6044.089s][info][gc,phases      ] GC(746)   Pre Evacuate Collection Set: 0.30ms
[6044.089s][info][gc,phases      ] GC(746)   Merge Heap Roots: 0.62ms
[6044.089s][info][gc,phases      ] GC(746)   Evacuate Collection Set: 165.19ms
[6044.089s][info][gc,phases      ] GC(746)   Post Evacuate Collection Set: 1.29ms
[6044.089s][info][gc,phases      ] GC(746)   Other: 0.07ms
[6044.089s][info][gc,heap        ] GC(746) Eden regions: 715->0(716)
[6044.090s][info][gc,heap        ] GC(746) Survivor regions: 53->52(96)
[6044.090s][info][gc,heap        ] GC(746) Old regions: 261->264
[6044.090s][info][gc,heap        ] GC(746) Humongous regions: 32->32
[6044.090s][info][gc,metaspace   ] GC(746) Metaspace: 29973K(30464K)->29973K(30464K) NonClass: 26576K(26816K)->26576K(26816K) Class: 3397K(3648K)->3397K(3648K)
[6044.090s][info][gc             ] GC(746) Pause Young (Normal) (G1 Evacuation Pause) 8463M->2759M(10240M) 167.605ms
[6044.090s][info][gc,cpu         ] GC(746) User=1.32s Sys=0.00s Real=0.17s
. (rIR:aIR:PR = 10516:10518:10514) (tPR = 156130) [OK] 
  6044s: Performance info:
         Transaction,    Success,    Partial,     Failed,   Receipts, AvgBarcode, 
             Overall,     634455,          0,          0,     602648,      59.48, 
         Response times:
             Request,    Success,    Partial,     Failed,   SkipFail,     Probes,    Samples,      min,      p50,      p90,      p95,      p99,      max, 
       TotalPurchase,     602997,          0,          0,          0,     357595,     430164,      300,     8200,    43000,    79000,   181000,   970000,
     InStorePurchase,     317633,          0,          0,          0,     188250,     226301,      300,     8100,    42000,    79000,   181000,   970000,
      OnlinePurchase,     221380,          0,          0,          0,     131695,     158291,      300,     8300,    43000,    80000,   179080,   970000,
        InstPurchase,      63984,          0,          0,          0,      37650,      45572,      500,     8500,    44000,    81000,   182000,   960000,
          AssocOfCat,        633,          0,          0,          0,        546,        782,    34000,    62000,   108000,   154850,   261510,   380000,
      AssocOfProduct,       6323,          0,          0,          0,       3604,       4551,      700,     8800,    41000,    76000,   184000,   630000,
      BusinessReport,       1585,          0,          0,          0,       1404,       1835,    34000,    72000,   113000,   149200,   247000,   364000,
          CustBuyBeh,       6488,          0,          0,          0,       3674,       4702,      200,     8100,    42000,    75000,   186000,   760000,
       ProductReturn,      16684,          0,          0,          0,      10239,      12399,      200,     8100,    43000,    78000,   180000,   970000,

  6044s: (77%)   IR =  10654 ....[6048.591s][info][gc,start       ] GC(747) Pause Young (Normal) (G1 Evacuation Pause)
[6048.591s][info][gc,task        ] GC(747) Using 8 workers of 8 for evacuation
[6048.759s][info][gc,phases      ] GC(747)   Pre Evacuate Collection Set: 0.29ms
[6048.759s][info][gc,phases      ] GC(747)   Merge Heap Roots: 0.61ms
[6048.759s][info][gc,phases      ] GC(747)   Evacuate Collection Set: 165.26ms
[6048.759s][info][gc,phases      ] GC(747)   Post Evacuate Collection Set: 1.40ms
[6048.759s][info][gc,phases      ] GC(747)   Other: 0.06ms
[6048.759s][info][gc,heap        ] GC(747) Eden regions: 716->0(717)
[6048.759s][info][gc,heap        ] GC(747) Survivor regions: 52->51(96)
[6048.759s][info][gc,heap        ] GC(747) Old regions: 264->267
[6048.759s][info][gc,heap        ] GC(747) Humongous regions: 32->32
[6048.759s][info][gc,metaspace   ] GC(747) Metaspace: 29973K(30464K)->29973K(30464K) NonClass: 26576K(26816K)->26576K(26816K) Class: 3397K(3648K)->3397K(3648K)
[6048.759s][info][gc             ] GC(747) Pause Young (Normal) (G1 Evacuation Pause) 8487M->2773M(10240M) 167.760ms
[6048.759s][info][gc,cpu         ] GC(747) User=1.32s Sys=0.01s Real=0.17s
....[6052.987s][info][gc,start       ] GC(748) Pause Young (Normal) (G1 Evacuation Pause)
[6052.987s][info][gc,task        ] GC(748) Using 8 workers of 8 for evacuation
[6053.157s][info][gc,phases      ] GC(748)   Pre Evacuate Collection Set: 0.30ms
[6053.157s][info][gc,phases      ] GC(748)   Merge Heap Roots: 0.72ms
[6053.157s][info][gc,phases      ] GC(748)   Evacuate Collection Set: 168.24ms
[6053.157s][info][gc,phases      ] GC(748)   Post Evacuate Collection Set: 1.42ms
[6053.157s][info][gc,phases      ] GC(748)   Other: 0.07ms
[6053.157s][info][gc,heap        ] GC(748) Eden regions: 717->0(716)
[6053.157s][info][gc,heap        ] GC(748) Survivor regions: 51->52(96)
[6053.157s][info][gc,heap        ] GC(748) Old regions: 267->269
[6053.157s][info][gc,heap        ] GC(748) Humongous regions: 32->32
[6053.157s][info][gc,metaspace   ] GC(748) Metaspace: 29975K(30464K)->29975K(30464K) NonClass: 26578K(26816K)->26578K(26816K) Class: 3397K(3648K)->3397K(3648K)
[6053.157s][info][gc             ] GC(748) Pause Young (Normal) (G1 Evacuation Pause) 8509M->2802M(10240M) 170.909ms
[6053.158s][info][gc,cpu         ] GC(748) User=1.35s Sys=0.00s Real=0.17s
.....[6057.542s][info][gc,start       ] GC(749) Pause Young (Normal) (G1 Evacuation Pause)
[6057.542s][info][gc,task        ] GC(749) Using 8 workers of 8 for evacuation
[6057.712s][info][gc,phases      ] GC(749)   Pre Evacuate Collection Set: 0.29ms
[6057.712s][info][gc,phases      ] GC(749)   Merge Heap Roots: 0.65ms
[6057.712s][info][gc,phases      ] GC(749)   Evacuate Collection Set: 166.94ms
[6057.712s][info][gc,phases      ] GC(749)   Post Evacuate Collection Set: 1.31ms
[6057.712s][info][gc,phases      ] GC(749)   Other: 0.08ms
[6057.712s][info][gc,heap        ] GC(749) Eden regions: 716->0(715)
[6057.712s][info][gc,heap        ] GC(749) Survivor regions: 52->53(96)
[6057.712s][info][gc,heap        ] GC(749) Old regions: 269->272
[6057.712s][info][gc,heap        ] GC(749) Humongous regions: 32->32
[6057.712s][info][gc,metaspace   ] GC(749) Metaspace: 29975K(30464K)->29975K(30464K) NonClass: 26578K(26816K)->26578K(26816K) Class: 3397K(3648K)->3397K(3648K)
[6057.712s][info][gc             ] GC(749) Pause Young (Normal) (G1 Evacuation Pause) 8530M->2826M(10240M) 169.415ms
[6057.712s][info][gc,cpu         ] GC(749) User=1.33s Sys=0.00s Real=0.17s
.|...[6061.936s][info][gc,start       ] GC(750) Pause Young (Normal) (G1 Evacuation Pause)
[6061.936s][info][gc,task        ] GC(750) Using 8 workers of 8 for evacuation
[6062.109s][info][gc,phases      ] GC(750)   Pre Evacuate Collection Set: 0.30ms
[6062.109s][info][gc,phases      ] GC(750)   Merge Heap Roots: 0.59ms
[6062.109s][info][gc,phases      ] GC(750)   Evacuate Collection Set: 169.98ms
[6062.109s][info][gc,phases      ] GC(750)   Post Evacuate Collection Set: 1.28ms
[6062.109s][info][gc,phases      ] GC(750)   Other: 0.07ms
[6062.109s][info][gc,heap        ] GC(750) Eden regions: 715->0(715)
[6062.109s][info][gc,heap        ] GC(750) Survivor regions: 53->53(96)
[6062.109s][info][gc,heap        ] GC(750) Old regions: 272->274
[6062.109s][info][gc,heap        ] GC(750) Humongous regions: 32->32
[6062.109s][info][gc,metaspace   ] GC(750) Metaspace: 29975K(30464K)->29975K(30464K) NonClass: 26578K(26816K)->26578K(26816K) Class: 3397K(3648K)->3397K(3648K)
[6062.109s][info][gc             ] GC(750) Pause Young (Normal) (G1 Evacuation Pause) 8546M->2851M(10240M) 172.389ms
[6062.109s][info][gc,cpu         ] GC(750) User=1.36s Sys=0.00s Real=0.17s
.....[6066.377s][info][gc,start       ] GC(751) Pause Young (Normal) (G1 Evacuation Pause)
[6066.378s][info][gc,task        ] GC(751) Using 8 workers of 8 for evacuation
[6066.549s][info][gc,phases      ] GC(751)   Pre Evacuate Collection Set: 0.29ms
[6066.549s][info][gc,phases      ] GC(751)   Merge Heap Roots: 0.69ms
[6066.549s][info][gc,phases      ] GC(751)   Evacuate Collection Set: 168.74ms
[6066.549s][info][gc,phases      ] GC(751)   Post Evacuate Collection Set: 1.29ms
[6066.549s][info][gc,phases      ] GC(751)   Other: 0.07ms
[6066.549s][info][gc,heap        ] GC(751) Eden regions: 715->0(715)
[6066.549s][info][gc,heap        ] GC(751) Survivor regions: 53->53(96)
[6066.549s][info][gc,heap        ] GC(751) Old regions: 274->277
[6066.549s][info][gc,heap        ] GC(751) Humongous regions: 32->32
[6066.549s][info][gc,metaspace   ] GC(751) Metaspace: 29975K(30464K)->29975K(30464K) NonClass: 26578K(26816K)->26578K(26816K) Class: 3397K(3648K)->3397K(3648K)
[6066.549s][info][gc             ] GC(751) Pause Young (Normal) (G1 Evacuation Pause) 8571M->2868M(10240M) 171.213ms
[6066.549s][info][gc,cpu         ] GC(751) User=1.34s Sys=0.00s Real=0.17s
....[6070.831s][info][gc,start       ] GC(752) Pause Young (Concurrent Start) (G1 Evacuation Pause)
[6070.831s][info][gc,task        ] GC(752) Using 8 workers of 8 for evacuation
[6070.998s][info][gc,phases      ] GC(752)   Pre Evacuate Collection Set: 0.33ms
[6070.998s][info][gc,phases      ] GC(752)   Merge Heap Roots: 0.62ms
[6070.998s][info][gc,phases      ] GC(752)   Evacuate Collection Set: 165.06ms
[6070.998s][info][gc,phases      ] GC(752)   Post Evacuate Collection Set: 1.30ms
[6070.998s][info][gc,phases      ] GC(752)   Other: 0.10ms
[6070.998s][info][gc,heap        ] GC(752) Eden regions: 715->0(716)
[6070.998s][info][gc,heap        ] GC(752) Survivor regions: 53->52(96)
[6070.998s][info][gc,heap        ] GC(752) Old regions: 277->280
[6070.998s][info][gc,heap        ] GC(752) Humongous regions: 32->32
[6070.998s][info][gc,metaspace   ] GC(752) Metaspace: 29975K(30464K)->29975K(30464K) NonClass: 26578K(26816K)->26578K(26816K) Class: 3397K(3648K)->3397K(3648K)
[6070.998s][info][gc             ] GC(752) Pause Young (Concurrent Start) (G1 Evacuation Pause) 8588M->2880M(10240M) 167.546ms
[6070.998s][info][gc             ] GC(753) Concurrent Mark Cycle
[6070.998s][info][gc,marking     ] GC(753) Concurrent Scan Root Regions
[6070.998s][info][gc,cpu         ] GC(752) User=1.32s Sys=0.00s Real=0.17s
[6071.298s][info][gc,marking     ] GC(753) Concurrent Scan Root Regions 299.184ms
[6071.298s][info][gc,marking     ] GC(753) Concurrent Mark
[6071.298s][info][gc,marking     ] GC(753) Concurrent Mark From Roots
[6071.298s][info][gc,task        ] GC(753) Using 2 workers of 2 for marking
..[6072.456s][info][gc,marking     ] GC(753) Concurrent Mark From Roots 1158.140ms
[6072.456s][info][gc,marking     ] GC(753) Concurrent Preclean
[6072.456s][info][gc,marking     ] GC(753) Concurrent Preclean 0.236ms
[6072.456s][info][gc,start       ] GC(753) Pause Remark
[6072.458s][info][gc             ] GC(753) Pause Remark 4556M->4340M(10240M) 1.965ms
[6072.458s][info][gc,cpu         ] GC(753) User=0.01s Sys=0.00s Real=0.00s
[6072.458s][info][gc,marking     ] GC(753) Concurrent Mark 1160.641ms
[6072.458s][info][gc,marking     ] GC(753) Concurrent Rebuild Remembered Sets and Scrub Regions
[6073.139s][info][gc,marking     ] GC(753) Concurrent Rebuild Remembered Sets and Scrub Regions 680.627ms
[6073.139s][info][gc,start       ] GC(753) Pause Cleanup
[6073.140s][info][gc             ] GC(753) Pause Cleanup 5182M->5182M(10240M) 0.339ms
[6073.140s][info][gc,cpu         ] GC(753) User=0.00s Sys=0.00s Real=0.00s
[6073.140s][info][gc,marking     ] GC(753) Concurrent Clear Claimed Marks
[6073.140s][info][gc,marking     ] GC(753) Concurrent Clear Claimed Marks 0.046ms
[6073.140s][info][gc,marking     ] GC(753) Concurrent Cleanup for Next Mark
[6073.154s][info][gc,marking     ] GC(753) Concurrent Cleanup for Next Mark 14.488ms
[6073.154s][info][gc             ] GC(753) Concurrent Mark Cycle 2155.774ms
...[6075.475s][info][gc,start       ] GC(754) Pause Young (Prepare Mixed) (G1 Evacuation Pause)
[6075.475s][info][gc,task        ] GC(754) Using 8 workers of 8 for evacuation
[6075.646s][info][gc,phases      ] GC(754)   Pre Evacuate Collection Set: 0.29ms
[6075.646s][info][gc,phases      ] GC(754)   Merge Heap Roots: 0.86ms
[6075.646s][info][gc,phases      ] GC(754)   Evacuate Collection Set: 168.34ms
[6075.646s][info][gc,phases      ] GC(754)   Post Evacuate Collection Set: 1.39ms
[6075.646s][info][gc,phases      ] GC(754)   Other: 0.08ms
[6075.646s][info][gc,heap        ] GC(754) Eden regions: 716->0(715)
[6075.646s][info][gc,heap        ] GC(754) Survivor regions: 52->53(96)
[6075.646s][info][gc,heap        ] GC(754) Old regions: 253->255
[6075.646s][info][gc,heap        ] GC(754) Humongous regions: 32->32
[6075.646s][info][gc,metaspace   ] GC(754) Metaspace: 29975K(30464K)->29975K(30464K) NonClass: 26578K(26816K)->26578K(26816K) Class: 3397K(3648K)->3397K(3648K)
[6075.646s][info][gc             ] GC(754) Pause Young (Prepare Mixed) (G1 Evacuation Pause) 8392M->2693M(10240M) 171.098ms
[6075.646s][info][gc,cpu         ] GC(754) User=1.35s Sys=0.00s Real=0.17s
....[6079.950s][info][gc,start       ] GC(755) Pause Young (Mixed) (G1 Evacuation Pause)
[6079.950s][info][gc,task        ] GC(755) Using 8 workers of 8 for evacuation
[6080.132s][info][gc,phases      ] GC(755)   Pre Evacuate Collection Set: 0.33ms
[6080.132s][info][gc,phases      ] GC(755)   Merge Heap Roots: 1.05ms
[6080.132s][info][gc,phases      ] GC(755)   Evacuate Collection Set: 176.54ms
[6080.132s][info][gc,phases      ] GC(755)   Merge Optional Heap Roots: 0.15ms
[6080.132s][info][gc,phases      ] GC(755)   Evacuate Optional Collection Set: 2.76ms
[6080.132s][info][gc,phases      ] GC(755)   Post Evacuate Collection Set: 1.56ms
[6080.132s][info][gc,phases      ] GC(755)   Other: 0.09ms
[6080.132s][info][gc,heap        ] GC(755) Eden regions: 715->0(715)
[6080.132s][info][gc,heap        ] GC(755) Survivor regions: 53->53(96)
[6080.132s][info][gc,heap        ] GC(755) Old regions: 255->142
[6080.132s][info][gc,heap        ] GC(755) Humongous regions: 32->32
[6080.132s][info][gc,metaspace   ] GC(755) Metaspace: 29975K(30464K)->29975K(30464K) NonClass: 26578K(26816K)->26578K(26816K) Class: 3397K(3648K)->3397K(3648K)
[6080.132s][info][gc             ] GC(755) Pause Young (Mixed) (G1 Evacuation Pause) 8413M->1790M(10240M) 182.619ms
[6080.132s][info][gc,cpu         ] GC(755) User=1.43s Sys=0.00s Real=0.18s
.....[6084.519s][info][gc,start       ] GC(756) Pause Young (Mixed) (G1 Evacuation Pause)
[6084.519s][info][gc,task        ] GC(756) Using 8 workers of 8 for evacuation
[6084.691s][info][gc,phases      ] GC(756)   Pre Evacuate Collection Set: 0.30ms
[6084.691s][info][gc,phases      ] GC(756)   Merge Heap Roots: 0.74ms
[6084.691s][info][gc,phases      ] GC(756)   Evacuate Collection Set: 169.40ms
[6084.691s][info][gc,phases      ] GC(756)   Post Evacuate Collection Set: 1.32ms
[6084.691s][info][gc,phases      ] GC(756)   Other: 0.07ms
[6084.691s][info][gc,heap        ] GC(756) Eden regions: 715->0(717)
[6084.691s][info][gc,heap        ] GC(756) Survivor regions: 53->51(96)
[6084.691s][info][gc,heap        ] GC(756) Old regions: 142->133
[6084.691s][info][gc,heap        ] GC(756) Humongous regions: 32->32
[6084.691s][info][gc,metaspace   ] GC(756) Metaspace: 29975K(30464K)->29975K(30464K) NonClass: 26578K(26816K)->26578K(26816K) Class: 3397K(3648K)->3397K(3648K)
[6084.691s][info][gc             ] GC(756) Pause Young (Mixed) (G1 Evacuation Pause) 7510M->1707M(10240M) 171.972ms
[6084.691s][info][gc,cpu         ] GC(756) User=1.35s Sys=0.00s Real=0.17s
....[6089.144s][info][gc,start       ] GC(757) Pause Young (Normal) (G1 Evacuation Pause)
[6089.144s][info][gc,task        ] GC(757) Using 8 workers of 8 for evacuation
[6089.313s][info][gc,phases      ] GC(757)   Pre Evacuate Collection Set: 0.28ms
[6089.313s][info][gc,phases      ] GC(757)   Merge Heap Roots: 0.58ms
[6089.313s][info][gc,phases      ] GC(757)   Evacuate Collection Set: 166.94ms
[6089.313s][info][gc,phases      ] GC(757)   Post Evacuate Collection Set: 1.28ms
[6089.313s][info][gc,phases      ] GC(757)   Other: 0.07ms
[6089.313s][info][gc,heap        ] GC(757) Eden regions: 717->0(716)
[6089.313s][info][gc,heap        ] GC(757) Survivor regions: 51->52(96)
[6089.313s][info][gc,heap        ] GC(757) Old regions: 133->136
[6089.313s][info][gc,heap        ] GC(757) Humongous regions: 32->32
[6089.313s][info][gc,metaspace   ] GC(757) Metaspace: 29975K(30464K)->29975K(30464K) NonClass: 26578K(26816K)->26578K(26816K) Class: 3397K(3648K)->3397K(3648K)
[6089.313s][info][gc             ] GC(757) Pause Young (Normal) (G1 Evacuation Pause) 7443M->1737M(10240M) 169.281ms
[6089.313s][info][gc,cpu         ] GC(757) User=1.33s Sys=0.00s Real=0.17s
.....[6093.571s][info][gc,start       ] GC(758) Pause Young (Normal) (G1 Evacuation Pause)
[6093.571s][info][gc,task        ] GC(758) Using 8 workers of 8 for evacuation
[6093.743s][info][gc,phases      ] GC(758)   Pre Evacuate Collection Set: 0.30ms
[6093.743s][info][gc,phases      ] GC(758)   Merge Heap Roots: 0.60ms
[6093.743s][info][gc,phases      ] GC(758)   Evacuate Collection Set: 169.20ms
[6093.743s][info][gc,phases      ] GC(758)   Post Evacuate Collection Set: 1.26ms
[6093.743s][info][gc,phases      ] GC(758)   Other: 0.08ms
[6093.743s][info][gc,heap        ] GC(758) Eden regions: 716->0(715)
[6093.743s][info][gc,heap        ] GC(758) Survivor regions: 52->53(96)
[6093.743s][info][gc,heap        ] GC(758) Old regions: 136->139
[6093.743s][info][gc,heap        ] GC(758) Humongous regions: 32->32
[6093.743s][info][gc,metaspace   ] GC(758) Metaspace: 29975K(30464K)->29975K(30464K) NonClass: 26578K(26816K)->26578K(26816K) Class: 3397K(3648K)->3397K(3648K)
[6093.743s][info][gc             ] GC(758) Pause Young (Normal) (G1 Evacuation Pause) 7465M->1763M(10240M) 171.574ms
[6093.743s][info][gc,cpu         ] GC(758) User=1.36s Sys=0.00s Real=0.17s
....[6097.976s][info][gc,start       ] GC(759) Pause Young (Normal) (G1 Evacuation Pause)
[6097.976s][info][gc,task        ] GC(759) Using 8 workers of 8 for evacuation
[6098.146s][info][gc,phases      ] GC(759)   Pre Evacuate Collection Set: 0.30ms
[6098.146s][info][gc,phases      ] GC(759)   Merge Heap Roots: 0.60ms
[6098.146s][info][gc,phases      ] GC(759)   Evacuate Collection Set: 167.31ms
[6098.146s][info][gc,phases      ] GC(759)   Post Evacuate Collection Set: 1.26ms
[6098.146s][info][gc,phases      ] GC(759)   Other: 0.06ms
[6098.146s][info][gc,heap        ] GC(759) Eden regions: 715->0(715)
[6098.146s][info][gc,heap        ] GC(759) Survivor regions: 53->53(96)
[6098.146s][info][gc,heap        ] GC(759) Old regions: 139->142
[6098.146s][info][gc,heap        ] GC(759) Humongous regions: 32->32
[6098.146s][info][gc,metaspace   ] GC(759) Metaspace: 29975K(30464K)->29975K(30464K) NonClass: 26578K(26816K)->26578K(26816K) Class: 3397K(3648K)->3397K(3648K)
[6098.146s][info][gc             ] GC(759) Pause Young (Normal) (G1 Evacuation Pause) 7483M->1787M(10240M) 169.661ms
[6098.146s][info][gc,cpu         ] GC(759) User=1.34s Sys=0.00s Real=0.17s
.....[6102.505s][info][gc,start       ] GC(760) Pause Young (Normal) (G1 Evacuation Pause)
[6102.505s][info][gc,task        ] GC(760) Using 8 workers of 8 for evacuation
[6102.669s][info][gc,phases      ] GC(760)   Pre Evacuate Collection Set: 0.28ms
[6102.669s][info][gc,phases      ] GC(760)   Merge Heap Roots: 0.59ms
[6102.669s][info][gc,phases      ] GC(760)   Evacuate Collection Set: 162.03ms
[6102.669s][info][gc,phases      ] GC(760)   Post Evacuate Collection Set: 1.29ms
[6102.669s][info][gc,phases      ] GC(760)   Other: 0.07ms
[6102.669s][info][gc,heap        ] GC(760) Eden regions: 715->0(716)
[6102.669s][info][gc,heap        ] GC(760) Survivor regions: 53->52(96)
[6102.669s][info][gc,heap        ] GC(760) Old regions: 142->144
[6102.669s][info][gc,heap        ] GC(760) Humongous regions: 32->32
[6102.669s][info][gc,metaspace   ] GC(760) Metaspace: 29975K(30464K)->29975K(30464K) NonClass: 26578K(26816K)->26578K(26816K) Class: 3397K(3648K)->3397K(3648K)
[6102.669s][info][gc             ] GC(760) Pause Young (Normal) (G1 Evacuation Pause) 7507M->1796M(10240M) 164.404ms
[6102.669s][info][gc,cpu         ] GC(760) User=1.29s Sys=0.00s Real=0.16s
....[6107.004s][info][gc,start       ] GC(761) Pause Young (Normal) (G1 Evacuation Pause)
[6107.004s][info][gc,task        ] GC(761) Using 8 workers of 8 for evacuation
[6107.172s][info][gc,phases      ] GC(761)   Pre Evacuate Collection Set: 0.29ms
[6107.172s][info][gc,phases      ] GC(761)   Merge Heap Roots: 0.56ms
[6107.172s][info][gc,phases      ] GC(761)   Evacuate Collection Set: 166.32ms
[6107.172s][info][gc,phases      ] GC(761)   Post Evacuate Collection Set: 1.30ms
[6107.172s][info][gc,phases      ] GC(761)   Other: 0.06ms
[6107.172s][info][gc,heap        ] GC(761) Eden regions: 716->0(716)
[6107.172s][info][gc,heap        ] GC(761) Survivor regions: 52->52(96)
[6107.172s][info][gc,heap        ] GC(761) Old regions: 144->147
[6107.172s][info][gc,heap        ] GC(761) Humongous regions: 32->32
[6107.172s][info][gc,metaspace   ] GC(761) Metaspace: 29975K(30464K)->29975K(30464K) NonClass: 26578K(26816K)->26578K(26816K) Class: 3397K(3648K)->3397K(3648K)
[6107.172s][info][gc             ] GC(761) Pause Young (Normal) (G1 Evacuation Pause) 7524M->1822M(10240M) 168.676ms
[6107.172s][info][gc,cpu         ] GC(761) User=1.33s Sys=0.00s Real=0.17s
.....[6111.453s][info][gc,start       ] GC(762) Pause Young (Normal) (G1 Evacuation Pause)
[6111.453s][info][gc,task        ] GC(762) Using 8 workers of 8 for evacuation
[6111.619s][info][gc,phases      ] GC(762)   Pre Evacuate Collection Set: 0.29ms
[6111.619s][info][gc,phases      ] GC(762)   Merge Heap Roots: 0.59ms
[6111.619s][info][gc,phases      ] GC(762)   Evacuate Collection Set: 163.32ms
[6111.619s][info][gc,phases      ] GC(762)   Post Evacuate Collection Set: 1.28ms
[6111.619s][info][gc,phases      ] GC(762)   Other: 0.07ms
[6111.619s][info][gc,heap        ] GC(762) Eden regions: 716->0(717)
[6111.619s][info][gc,heap        ] GC(762) Survivor regions: 52->51(96)
[6111.619s][info][gc,heap        ] GC(762) Old regions: 147->149
[6111.619s][info][gc,heap        ] GC(762) Humongous regions: 32->32
[6111.619s][info][gc,metaspace   ] GC(762) Metaspace: 29975K(30464K)->29975K(30464K) NonClass: 26578K(26816K)->26578K(26816K) Class: 3397K(3648K)->3397K(3648K)
[6111.619s][info][gc             ] GC(762) Pause Young (Normal) (G1 Evacuation Pause) 7550M->1835M(10240M) 165.677ms
[6111.619s][info][gc,cpu         ] GC(762) User=1.30s Sys=0.00s Real=0.17s
....[6115.978s][info][gc,start       ] GC(763) Pause Young (Normal) (G1 Evacuation Pause)
[6115.978s][info][gc,task        ] GC(763) Using 8 workers of 8 for evacuation
[6116.147s][info][gc,phases      ] GC(763)   Pre Evacuate Collection Set: 0.30ms
[6116.147s][info][gc,phases      ] GC(763)   Merge Heap Roots: 0.60ms
[6116.147s][info][gc,phases      ] GC(763)   Evacuate Collection Set: 166.93ms
[6116.147s][info][gc,phases      ] GC(763)   Post Evacuate Collection Set: 1.27ms
[6116.147s][info][gc,phases      ] GC(763)   Other: 0.08ms
[6116.147s][info][gc,heap        ] GC(763) Eden regions: 717->0(716)
[6116.147s][info][gc,heap        ] GC(763) Survivor regions: 51->52(96)
[6116.147s][info][gc,heap        ] GC(763) Old regions: 149->152
[6116.147s][info][gc,heap        ] GC(763) Humongous regions: 32->32
[6116.147s][info][gc,metaspace   ] GC(763) Metaspace: 29975K(30464K)->29975K(30464K) NonClass: 26578K(26816K)->26578K(26816K) Class: 3397K(3648K)->3397K(3648K)
[6116.147s][info][gc             ] GC(763) Pause Young (Normal) (G1 Evacuation Pause) 7571M->1859M(10240M) 169.324ms
[6116.147s][info][gc,cpu         ] GC(763) User=1.33s Sys=0.00s Real=0.17s
... (rIR:aIR:PR = 10654:10677:10686) (tPR = 159148) [OK] 
  6118s: Performance info:
         Transaction,    Success,    Partial,     Failed,   Receipts, AvgBarcode, 
             Overall,     641468,          0,          0,     609240,      59.48, 
         Response times:
             Request,    Success,    Partial,     Failed,   SkipFail,     Probes,    Samples,      min,      p50,      p90,      p95,      p99,      max, 
       TotalPurchase,     608821,          0,          0,          0,     355307,     446725,      300,     9900,    75000,   119000,   175000,  1900000,
     InStorePurchase,     321689,          0,          0,          0,     186573,     234688,      300,    10000,    74000,   117000,   174000,  1900000,
      OnlinePurchase,     224263,          0,          0,          0,     131065,     164606,      300,     9900,    73000,   120000,   177000,  1900000,
        InstPurchase,      62869,          0,          0,          0,      37669,      47431,      500,     9800,    79000,   125000,   178000,   830000,
          AssocOfCat,        642,          0,          0,          0,        537,        756,    35000,    65000,   129300,   157300,   217860,   269000,
      AssocOfProduct,       6292,          0,          0,          0,       3632,       4769,      700,    10200,    80000,   124000,   172000,   990000,
      BusinessReport,       1599,          0,          0,          0,       1421,       1928,    37000,    76000,   154000,   209000,   249420,   314000,
          CustBuyBeh,       6342,          0,          0,          0,       3706,       4893,      300,    10200,    73000,   120000,   178060,   830000,
       ProductReturn,      17224,          0,          0,          0,       9110,      11870,      200,     9900,    65000,   110000,   170000,   830000,

  6118s: (78%)   IR =  10793 .[6120.518s][info][gc,start       ] GC(764) Pause Young (Normal) (G1 Evacuation Pause)
[6120.518s][info][gc,task        ] GC(764) Using 8 workers of 8 for evacuation
[6120.685s][info][gc,phases      ] GC(764)   Pre Evacuate Collection Set: 0.28ms
[6120.685s][info][gc,phases      ] GC(764)   Merge Heap Roots: 0.68ms
[6120.685s][info][gc,phases      ] GC(764)   Evacuate Collection Set: 164.88ms
[6120.685s][info][gc,phases      ] GC(764)   Post Evacuate Collection Set: 1.26ms
[6120.685s][info][gc,phases      ] GC(764)   Other: 0.06ms
[6120.685s][info][gc,heap        ] GC(764) Eden regions: 716->0(717)
[6120.685s][info][gc,heap        ] GC(764) Survivor regions: 52->51(96)
[6120.685s][info][gc,heap        ] GC(764) Old regions: 152->155
[6120.685s][info][gc,heap        ] GC(764) Humongous regions: 32->32
[6120.685s][info][gc,metaspace   ] GC(764) Metaspace: 29975K(30464K)->29975K(30464K) NonClass: 26578K(26816K)->26578K(26816K) Class: 3397K(3648K)->3397K(3648K)
[6120.685s][info][gc             ] GC(764) Pause Young (Normal) (G1 Evacuation Pause) 7587M->1876M(10240M) 167.314ms
[6120.685s][info][gc,cpu         ] GC(764) User=1.32s Sys=0.00s Real=0.17s
....|.[6125.023s][info][gc,start       ] GC(765) Pause Young (Normal) (G1 Evacuation Pause)
[6125.023s][info][gc,task        ] GC(765) Using 8 workers of 8 for evacuation
[6125.193s][info][gc,phases      ] GC(765)   Pre Evacuate Collection Set: 0.29ms
[6125.193s][info][gc,phases      ] GC(765)   Merge Heap Roots: 0.60ms
[6125.193s][info][gc,phases      ] GC(765)   Evacuate Collection Set: 167.21ms
[6125.193s][info][gc,phases      ] GC(765)   Post Evacuate Collection Set: 1.36ms
[6125.193s][info][gc,phases      ] GC(765)   Other: 0.07ms
[6125.193s][info][gc,heap        ] GC(765) Eden regions: 717->0(716)
[6125.193s][info][gc,heap        ] GC(765) Survivor regions: 51->52(96)
[6125.193s][info][gc,heap        ] GC(765) Old regions: 155->157
[6125.193s][info][gc,heap        ] GC(765) Humongous regions: 32->32
[6125.193s][info][gc,metaspace   ] GC(765) Metaspace: 29975K(30464K)->29975K(30464K) NonClass: 26578K(26816K)->26578K(26816K) Class: 3397K(3648K)->3397K(3648K)
[6125.193s][info][gc             ] GC(765) Pause Young (Normal) (G1 Evacuation Pause) 7612M->1904M(10240M) 169.681ms
[6125.193s][info][gc,cpu         ] GC(765) User=1.33s Sys=0.00s Real=0.17s
....[6129.449s][info][gc,start       ] GC(766) Pause Young (Normal) (G1 Evacuation Pause)
[6129.449s][info][gc,task        ] GC(766) Using 8 workers of 8 for evacuation
[6129.618s][info][gc,phases      ] GC(766)   Pre Evacuate Collection Set: 0.29ms
[6129.618s][info][gc,phases      ] GC(766)   Merge Heap Roots: 0.63ms
[6129.618s][info][gc,phases      ] GC(766)   Evacuate Collection Set: 166.71ms
[6129.618s][info][gc,phases      ] GC(766)   Post Evacuate Collection Set: 1.30ms
[6129.618s][info][gc,phases      ] GC(766)   Other: 0.07ms
[6129.618s][info][gc,heap        ] GC(766) Eden regions: 716->0(715)
[6129.618s][info][gc,heap        ] GC(766) Survivor regions: 52->53(96)
[6129.618s][info][gc,heap        ] GC(766) Old regions: 157->160
[6129.618s][info][gc,heap        ] GC(766) Humongous regions: 32->32
[6129.618s][info][gc,metaspace   ] GC(766) Metaspace: 29975K(30464K)->29975K(30464K) NonClass: 26578K(26816K)->26578K(26816K) Class: 3397K(3648K)->3397K(3648K)
[6129.618s][info][gc             ] GC(766) Pause Young (Normal) (G1 Evacuation Pause) 7632M->1928M(10240M) 169.131ms
[6129.618s][info][gc,cpu         ] GC(766) User=1.33s Sys=0.00s Real=0.17s
.....[6133.760s][info][gc,start       ] GC(767) Pause Young (Normal) (G1 Evacuation Pause)
[6133.760s][info][gc,task        ] GC(767) Using 8 workers of 8 for evacuation
[6133.926s][info][gc,phases      ] GC(767)   Pre Evacuate Collection Set: 0.29ms
[6133.926s][info][gc,phases      ] GC(767)   Merge Heap Roots: 0.63ms
[6133.926s][info][gc,phases      ] GC(767)   Evacuate Collection Set: 163.41ms
[6133.926s][info][gc,phases      ] GC(767)   Post Evacuate Collection Set: 1.27ms
[6133.926s][info][gc,phases      ] GC(767)   Other: 0.07ms
[6133.926s][info][gc,heap        ] GC(767) Eden regions: 715->0(716)
[6133.926s][info][gc,heap        ] GC(767) Survivor regions: 53->52(96)
[6133.926s][info][gc,heap        ] GC(767) Old regions: 160->162
[6133.926s][info][gc,heap        ] GC(767) Humongous regions: 32->32
[6133.926s][info][gc,metaspace   ] GC(767) Metaspace: 29975K(30464K)->29975K(30464K) NonClass: 26578K(26816K)->26578K(26816K) Class: 3397K(3648K)->3397K(3648K)
[6133.926s][info][gc             ] GC(767) Pause Young (Normal) (G1 Evacuation Pause) 7648M->1942M(10240M) 165.807ms
[6133.926s][info][gc,cpu         ] GC(767) User=1.31s Sys=0.00s Real=0.17s
....[6138.148s][info][gc,start       ] GC(768) Pause Young (Normal) (G1 Evacuation Pause)
[6138.148s][info][gc,task        ] GC(768) Using 8 workers of 8 for evacuation
[6138.316s][info][gc,phases      ] GC(768)   Pre Evacuate Collection Set: 0.29ms
[6138.316s][info][gc,phases      ] GC(768)   Merge Heap Roots: 0.57ms
[6138.316s][info][gc,phases      ] GC(768)   Evacuate Collection Set: 165.61ms
[6138.316s][info][gc,phases      ] GC(768)   Post Evacuate Collection Set: 1.29ms
[6138.316s][info][gc,phases      ] GC(768)   Other: 0.06ms
[6138.316s][info][gc,heap        ] GC(768) Eden regions: 716->0(716)
[6138.316s][info][gc,heap        ] GC(768) Survivor regions: 52->52(96)
[6138.316s][info][gc,heap        ] GC(768) Old regions: 162->165
[6138.316s][info][gc,heap        ] GC(768) Humongous regions: 32->32
[6138.316s][info][gc,metaspace   ] GC(768) Metaspace: 29975K(30464K)->29975K(30464K) NonClass: 26578K(26816K)->26578K(26816K) Class: 3397K(3648K)->3397K(3648K)
[6138.316s][info][gc             ] GC(768) Pause Young (Normal) (G1 Evacuation Pause) 7670M->1963M(10240M) 167.965ms
[6138.316s][info][gc,cpu         ] GC(768) User=1.32s Sys=0.00s Real=0.17s
....[6142.527s][info][gc,start       ] GC(769) Pause Young (Normal) (G1 Evacuation Pause)
[6142.527s][info][gc,task        ] GC(769) Using 8 workers of 8 for evacuation
[6142.699s][info][gc,phases      ] GC(769)   Pre Evacuate Collection Set: 0.31ms
[6142.699s][info][gc,phases      ] GC(769)   Merge Heap Roots: 0.70ms
[6142.699s][info][gc,phases      ] GC(769)   Evacuate Collection Set: 169.70ms
[6142.699s][info][gc,phases      ] GC(769)   Post Evacuate Collection Set: 1.25ms
[6142.699s][info][gc,phases      ] GC(769)   Other: 0.08ms
[6142.699s][info][gc,heap        ] GC(769) Eden regions: 716->0(715)
[6142.699s][info][gc,heap        ] GC(769) Survivor regions: 52->53(96)
[6142.699s][info][gc,heap        ] GC(769) Old regions: 165->167
[6142.699s][info][gc,heap        ] GC(769) Humongous regions: 32->32
[6142.699s][info][gc,metaspace   ] GC(769) Metaspace: 29975K(30464K)->29975K(30464K) NonClass: 26578K(26816K)->26578K(26816K) Class: 3397K(3648K)->3397K(3648K)
[6142.699s][info][gc             ] GC(769) Pause Young (Normal) (G1 Evacuation Pause) 7691M->1991M(10240M) 172.171ms
[6142.699s][info][gc,cpu         ] GC(769) User=1.35s Sys=0.01s Real=0.17s
.....[6146.856s][info][gc,start       ] GC(770) Pause Young (Normal) (G1 Evacuation Pause)
[6146.856s][info][gc,task        ] GC(770) Using 8 workers of 8 for evacuation
[6147.034s][info][gc,phases      ] GC(770)   Pre Evacuate Collection Set: 0.27ms
[6147.034s][info][gc,phases      ] GC(770)   Merge Heap Roots: 0.57ms
[6147.034s][info][gc,phases      ] GC(770)   Evacuate Collection Set: 176.57ms
[6147.034s][info][gc,phases      ] GC(770)   Post Evacuate Collection Set: 1.27ms
[6147.034s][info][gc,phases      ] GC(770)   Other: 0.08ms
[6147.034s][info][gc,heap        ] GC(770) Eden regions: 715->0(714)
[6147.034s][info][gc,heap        ] GC(770) Survivor regions: 53->54(96)
[6147.034s][info][gc,heap        ] GC(770) Old regions: 167->170
[6147.034s][info][gc,heap        ] GC(770) Humongous regions: 32->32
[6147.034s][info][gc,metaspace   ] GC(770) Metaspace: 29975K(30464K)->29975K(30464K) NonClass: 26578K(26816K)->26578K(26816K) Class: 3397K(3648K)->3397K(3648K)
[6147.034s][info][gc             ] GC(770) Pause Young (Normal) (G1 Evacuation Pause) 7711M->2024M(10240M) 178.885ms
[6147.034s][info][gc,cpu         ] GC(770) User=1.40s Sys=0.01s Real=0.17s
....[6151.332s][info][gc,start       ] GC(771) Pause Young (Normal) (G1 Evacuation Pause)
[6151.332s][info][gc,task        ] GC(771) Using 8 workers of 8 for evacuation
[6151.496s][info][gc,phases      ] GC(771)   Pre Evacuate Collection Set: 0.32ms
[6151.496s][info][gc,phases      ] GC(771)   Merge Heap Roots: 0.62ms
[6151.496s][info][gc,phases      ] GC(771)   Evacuate Collection Set: 162.23ms
[6151.496s][info][gc,phases      ] GC(771)   Post Evacuate Collection Set: 1.28ms
[6151.496s][info][gc,phases      ] GC(771)   Other: 0.06ms
[6151.496s][info][gc,heap        ] GC(771) Eden regions: 714->0(717)
[6151.496s][info][gc,heap        ] GC(771) Survivor regions: 54->51(96)
[6151.496s][info][gc,heap        ] GC(771) Old regions: 170->173
[6151.496s][info][gc,heap        ] GC(771) Humongous regions: 32->32
[6151.496s][info][gc,metaspace   ] GC(771) Metaspace: 29975K(30464K)->29975K(30464K) NonClass: 26578K(26816K)->26578K(26816K) Class: 3397K(3648K)->3397K(3648K)
[6151.496s][info][gc             ] GC(771) Pause Young (Normal) (G1 Evacuation Pause) 7736M->2021M(10240M) 164.643ms
[6151.496s][info][gc,cpu         ] GC(771) User=1.29s Sys=0.00s Real=0.17s
.....[6155.834s][info][gc,start       ] GC(772) Pause Young (Normal) (G1 Evacuation Pause)
[6155.834s][info][gc,task        ] GC(772) Using 8 workers of 8 for evacuation
[6156.000s][info][gc,phases      ] GC(772)   Pre Evacuate Collection Set: 0.29ms
[6156.000s][info][gc,phases      ] GC(772)   Merge Heap Roots: 0.58ms
[6156.000s][info][gc,phases      ] GC(772)   Evacuate Collection Set: 163.73ms
[6156.000s][info][gc,phases      ] GC(772)   Post Evacuate Collection Set: 1.26ms
[6156.000s][info][gc,phases      ] GC(772)   Other: 0.06ms
[6156.000s][info][gc,heap        ] GC(772) Eden regions: 717->0(716)
[6156.000s][info][gc,heap        ] GC(772) Survivor regions: 51->52(96)
[6156.000s][info][gc,heap        ] GC(772) Old regions: 173->175
[6156.000s][info][gc,heap        ] GC(772) Humongous regions: 32->32
[6156.000s][info][gc,metaspace   ] GC(772) Metaspace: 29975K(30464K)->29975K(30464K) NonClass: 26578K(26816K)->26578K(26816K) Class: 3397K(3648K)->3397K(3648K)
[6156.000s][info][gc             ] GC(772) Pause Young (Normal) (G1 Evacuation Pause) 7757M->2051M(10240M) 166.074ms
[6156.001s][info][gc,cpu         ] GC(772) User=1.31s Sys=0.00s Real=0.17s
....[6160.161s][info][gc,start       ] GC(773) Pause Young (Normal) (G1 Evacuation Pause)
[6160.161s][info][gc,task        ] GC(773) Using 8 workers of 8 for evacuation
[6160.327s][info][gc,phases      ] GC(773)   Pre Evacuate Collection Set: 0.31ms
[6160.327s][info][gc,phases      ] GC(773)   Merge Heap Roots: 0.62ms
[6160.327s][info][gc,phases      ] GC(773)   Evacuate Collection Set: 163.71ms
[6160.327s][info][gc,phases      ] GC(773)   Post Evacuate Collection Set: 1.28ms
[6160.327s][info][gc,phases      ] GC(773)   Other: 0.06ms
[6160.327s][info][gc,heap        ] GC(773) Eden regions: 716->0(717)
[6160.327s][info][gc,heap        ] GC(773) Survivor regions: 52->51(96)
[6160.327s][info][gc,heap        ] GC(773) Old regions: 175->178
[6160.327s][info][gc,heap        ] GC(773) Humongous regions: 32->32
[6160.327s][info][gc,metaspace   ] GC(773) Metaspace: 29975K(30464K)->29975K(30464K) NonClass: 26578K(26816K)->26578K(26816K) Class: 3397K(3648K)->3397K(3648K)
[6160.327s][info][gc             ] GC(773) Pause Young (Normal) (G1 Evacuation Pause) 7779M->2063M(10240M) 166.116ms
[6160.327s][info][gc,cpu         ] GC(773) User=1.31s Sys=0.00s Real=0.17s
....[6164.606s][info][gc,start       ] GC(774) Pause Young (Normal) (G1 Evacuation Pause)
[6164.606s][info][gc,task        ] GC(774) Using 8 workers of 8 for evacuation
[6164.778s][info][gc,phases      ] GC(774)   Pre Evacuate Collection Set: 0.30ms
[6164.778s][info][gc,phases      ] GC(774)   Merge Heap Roots: 0.59ms
[6164.778s][info][gc,phases      ] GC(774)   Evacuate Collection Set: 169.72ms
[6164.778s][info][gc,phases      ] GC(774)   Post Evacuate Collection Set: 1.27ms
[6164.778s][info][gc,phases      ] GC(774)   Other: 0.06ms
[6164.778s][info][gc,heap        ] GC(774) Eden regions: 717->0(715)
[6164.778s][info][gc,heap        ] GC(774) Survivor regions: 51->53(96)
[6164.778s][info][gc,heap        ] GC(774) Old regions: 178->181
[6164.778s][info][gc,heap        ] GC(774) Humongous regions: 32->32
[6164.778s][info][gc,metaspace   ] GC(774) Metaspace: 29975K(30464K)->29975K(30464K) NonClass: 26578K(26816K)->26578K(26816K) Class: 3397K(3648K)->3397K(3648K)
[6164.778s][info][gc             ] GC(774) Pause Young (Normal) (G1 Evacuation Pause) 7799M->2100M(10240M) 172.079ms
[6164.778s][info][gc,cpu         ] GC(774) User=1.35s Sys=0.00s Real=0.17s
.....[6169.154s][info][gc,start       ] GC(775) Pause Young (Normal) (G1 Evacuation Pause)
[6169.154s][info][gc,task        ] GC(775) Using 8 workers of 8 for evacuation
[6169.324s][info][gc,phases      ] GC(775)   Pre Evacuate Collection Set: 0.29ms
[6169.324s][info][gc,phases      ] GC(775)   Merge Heap Roots: 0.62ms
[6169.324s][info][gc,phases      ] GC(775)   Evacuate Collection Set: 167.92ms
[6169.324s][info][gc,phases      ] GC(775)   Post Evacuate Collection Set: 1.29ms
[6169.324s][info][gc,phases      ] GC(775)   Other: 0.07ms
[6169.324s][info][gc,heap        ] GC(775) Eden regions: 715->0(715)
[6169.324s][info][gc,heap        ] GC(775) Survivor regions: 53->53(96)
[6169.324s][info][gc,heap        ] GC(775) Old regions: 181->183
[6169.324s][info][gc,heap        ] GC(775) Humongous regions: 32->32
[6169.324s][info][gc,metaspace   ] GC(775) Metaspace: 29975K(30464K)->29975K(30464K) NonClass: 26578K(26816K)->26578K(26816K) Class: 3397K(3648K)->3397K(3648K)
[6169.324s][info][gc             ] GC(775) Pause Young (Normal) (G1 Evacuation Pause) 7820M->2116M(10240M) 170.339ms
[6169.324s][info][gc,cpu         ] GC(775) User=1.34s Sys=0.00s Real=0.17s
....[6173.474s][info][gc,start       ] GC(776) Pause Young (Normal) (G1 Evacuation Pause)
[6173.474s][info][gc,task        ] GC(776) Using 8 workers of 8 for evacuation
[6173.641s][info][gc,phases      ] GC(776)   Pre Evacuate Collection Set: 0.29ms
[6173.641s][info][gc,phases      ] GC(776)   Merge Heap Roots: 0.59ms
[6173.641s][info][gc,phases      ] GC(776)   Evacuate Collection Set: 165.00ms
[6173.641s][info][gc,phases      ] GC(776)   Post Evacuate Collection Set: 1.30ms
[6173.641s][info][gc,phases      ] GC(776)   Other: 0.06ms
[6173.641s][info][gc,heap        ] GC(776) Eden regions: 715->0(716)
[6173.641s][info][gc,heap        ] GC(776) Survivor regions: 53->52(96)
[6173.641s][info][gc,heap        ] GC(776) Old regions: 183->186
[6173.641s][info][gc,heap        ] GC(776) Humongous regions: 32->32
[6173.641s][info][gc,metaspace   ] GC(776) Metaspace: 29975K(30464K)->29975K(30464K) NonClass: 26578K(26816K)->26578K(26816K) Class: 3397K(3648K)->3397K(3648K)
[6173.641s][info][gc             ] GC(776) Pause Young (Normal) (G1 Evacuation Pause) 7836M->2133M(10240M) 167.381ms
[6173.641s][info][gc,cpu         ] GC(776) User=1.31s Sys=0.01s Real=0.17s
.....[6177.862s][info][gc,start       ] GC(777) Pause Young (Normal) (G1 Evacuation Pause)
[6177.862s][info][gc,task        ] GC(777) Using 8 workers of 8 for evacuation
[6178.037s][info][gc,phases      ] GC(777)   Pre Evacuate Collection Set: 0.31ms
[6178.037s][info][gc,phases      ] GC(777)   Merge Heap Roots: 0.64ms
[6178.037s][info][gc,phases      ] GC(777)   Evacuate Collection Set: 172.75ms
[6178.037s][info][gc,phases      ] GC(777)   Post Evacuate Collection Set: 1.24ms
[6178.037s][info][gc,phases      ] GC(777)   Other: 0.07ms
[6178.037s][info][gc,heap        ] GC(777) Eden regions: 716->0(714)
[6178.037s][info][gc,heap        ] GC(777) Survivor regions: 52->54(96)
[6178.037s][info][gc,heap        ] GC(777) Old regions: 186->188
[6178.037s][info][gc,heap        ] GC(777) Humongous regions: 32->32
[6178.037s][info][gc,metaspace   ] GC(777) Metaspace: 29975K(30464K)->29975K(30464K) NonClass: 26578K(26816K)->26578K(26816K) Class: 3397K(3648K)->3397K(3648K)
[6178.037s][info][gc             ] GC(777) Pause Young (Normal) (G1 Evacuation Pause) 7861M->2165M(10240M) 175.142ms
[6178.037s][info][gc,cpu         ] GC(777) User=1.38s Sys=0.00s Real=0.18s
....[6182.259s][info][gc,start       ] GC(778) Pause Young (Normal) (G1 Evacuation Pause)
[6182.259s][info][gc,task        ] GC(778) Using 8 workers of 8 for evacuation
[6182.430s][info][gc,phases      ] GC(778)   Pre Evacuate Collection Set: 0.32ms
[6182.430s][info][gc,phases      ] GC(778)   Merge Heap Roots: 0.62ms
[6182.430s][info][gc,phases      ] GC(778)   Evacuate Collection Set: 167.85ms
[6182.430s][info][gc,phases      ] GC(778)   Post Evacuate Collection Set: 1.28ms
[6182.430s][info][gc,phases      ] GC(778)   Other: 0.09ms
[6182.430s][info][gc,heap        ] GC(778) Eden regions: 714->0(715)
[6182.430s][info][gc,heap        ] GC(778) Survivor regions: 54->53(96)
[6182.430s][info][gc,heap        ] GC(778) Old regions: 188->191
[6182.430s][info][gc,heap        ] GC(778) Humongous regions: 32->32
[6182.430s][info][gc,metaspace   ] GC(778) Metaspace: 29975K(30464K)->29975K(30464K) NonClass: 26578K(26816K)->26578K(26816K) Class: 3397K(3648K)->3397K(3648K)
[6182.430s][info][gc             ] GC(778) Pause Young (Normal) (G1 Evacuation Pause) 7877M->2178M(10240M) 170.295ms
[6182.430s][info][gc,cpu         ] GC(778) User=1.34s Sys=0.00s Real=0.17s
....[6186.716s][info][gc,start       ] GC(779) Pause Young (Normal) (G1 Evacuation Pause)
[6186.716s][info][gc,task        ] GC(779) Using 8 workers of 8 for evacuation
[6186.889s][info][gc,phases      ] GC(779)   Pre Evacuate Collection Set: 0.28ms
[6186.889s][info][gc,phases      ] GC(779)   Merge Heap Roots: 0.61ms
[6186.889s][info][gc,phases      ] GC(779)   Evacuate Collection Set: 170.58ms
[6186.889s][info][gc,phases      ] GC(779)   Post Evacuate Collection Set: 1.28ms
[6186.889s][info][gc,phases      ] GC(779)   Other: 0.08ms
[6186.889s][info][gc,heap        ] GC(779) Eden regions: 715->0(715)
[6186.889s][info][gc,heap        ] GC(779) Survivor regions: 53->53(96)
[6186.889s][info][gc,heap        ] GC(779) Old regions: 191->193
[6186.889s][info][gc,heap        ] GC(779) Humongous regions: 32->32
[6186.889s][info][gc,metaspace   ] GC(779) Metaspace: 29975K(30464K)->29975K(30464K) NonClass: 26578K(26816K)->26578K(26816K) Class: 3397K(3648K)->3397K(3648K)
[6186.889s][info][gc             ] GC(779) Pause Young (Normal) (G1 Evacuation Pause) 7898M->2203M(10240M) 172.975ms
[6186.889s][info][gc,cpu         ] GC(779) User=1.36s Sys=0.00s Real=0.17s
.....[6191.344s][info][gc,start       ] GC(780) Pause Young (Normal) (G1 Evacuation Pause)
[6191.344s][info][gc,task        ] GC(780) Using 8 workers of 8 for evacuation
[6191.518s][info][gc,phases      ] GC(780)   Pre Evacuate Collection Set: 0.28ms
[6191.518s][info][gc,phases      ] GC(780)   Merge Heap Roots: 0.60ms
[6191.518s][info][gc,phases      ] GC(780)   Evacuate Collection Set: 171.73ms
[6191.518s][info][gc,phases      ] GC(780)   Post Evacuate Collection Set: 1.31ms
[6191.518s][info][gc,phases      ] GC(780)   Other: 0.07ms
[6191.518s][info][gc,heap        ] GC(780) Eden regions: 715->0(715)
[6191.518s][info][gc,heap        ] GC(780) Survivor regions: 53->53(96)
[6191.518s][info][gc,heap        ] GC(780) Old regions: 193->196
[6191.518s][info][gc,heap        ] GC(780) Humongous regions: 32->32
[6191.518s][info][gc,metaspace   ] GC(780) Metaspace: 29975K(30464K)->29975K(30464K) NonClass: 26578K(26816K)->26578K(26816K) Class: 3397K(3648K)->3397K(3648K)
[6191.518s][info][gc             ] GC(780) Pause Young (Normal) (G1 Evacuation Pause) 7923M->2223M(10240M) 174.123ms
[6191.518s][info][gc,cpu         ] GC(780) User=1.38s Sys=0.00s Real=0.18s
. (rIR:aIR:PR = 10793:10899:10862) (tPR = 161950) [OK] 
  6191s: Performance info:
         Transaction,    Success,    Partial,     Failed,   Receipts, AvgBarcode, 
             Overall,     740894,          0,          0,     704217,      59.47, 
         Response times:
             Request,    Success,    Partial,     Failed,   SkipFail,     Probes,    Samples,      min,      p50,      p90,      p95,      p99,      max, 
       TotalPurchase,     706568,          0,          0,          0,     405934,     444443,      300,    10000,    61000,   100000,   189000,   880000,
     InStorePurchase,     370922,          0,          0,          0,     213549,     233367,      300,     9900,    60000,    98000,   184000,   880000,
      OnlinePurchase,     261959,          0,          0,          0,     148774,     163321,      300,    10000,    62000,   103000,   201000,   880000,
        InstPurchase,      73687,          0,          0,          0,      43611,      47755,      500,    10000,    63000,   103200,   185000,   820000,
          AssocOfCat,        737,          0,          0,          0,        635,        775,    30000,    62000,   122400,   170200,   270000,   940000,
      AssocOfProduct,       7406,          0,          0,          0,       4296,       4929,     1300,    10200,    66000,   105000,   190700,   720000,
      BusinessReport,       1843,          0,          0,          0,       1619,       1922,    31000,    76000,   136700,   186850,   271770,   750000,
          CustBuyBeh,       7394,          0,          0,          0,       4323,       4871,      200,     9300,    60000,    92400,   198000,   620000,
       ProductReturn,      19483,          0,          0,          0,      10697,      12008,      200,     9400,    60000,    96000,   190000,   720000,

  6191s: (79%)   IR =  10931 ...[6195.644s][info][gc,start       ] GC(781) Pause Young (Normal) (G1 Evacuation Pause)
[6195.644s][info][gc,task        ] GC(781) Using 8 workers of 8 for evacuation
[6195.814s][info][gc,phases      ] GC(781)   Pre Evacuate Collection Set: 0.29ms
[6195.814s][info][gc,phases      ] GC(781)   Merge Heap Roots: 0.58ms
[6195.814s][info][gc,phases      ] GC(781)   Evacuate Collection Set: 168.20ms
[6195.814s][info][gc,phases      ] GC(781)   Post Evacuate Collection Set: 1.30ms
[6195.814s][info][gc,phases      ] GC(781)   Other: 0.07ms
[6195.814s][info][gc,heap        ] GC(781) Eden regions: 715->0(715)
[6195.814s][info][gc,heap        ] GC(781) Survivor regions: 53->53(96)
[6195.814s][info][gc,heap        ] GC(781) Old regions: 196->199
[6195.814s][info][gc,heap        ] GC(781) Humongous regions: 32->32
[6195.814s][info][gc,metaspace   ] GC(781) Metaspace: 29975K(30464K)->29975K(30464K) NonClass: 26578K(26816K)->26578K(26816K) Class: 3397K(3648K)->3397K(3648K)
[6195.814s][info][gc             ] GC(781) Pause Young (Normal) (G1 Evacuation Pause) 7943M->2240M(10240M) 170.607ms
[6195.814s][info][gc,cpu         ] GC(781) User=1.34s Sys=0.00s Real=0.17s
....[6200.129s][info][gc,start       ] GC(782) Pause Young (Normal) (G1 Evacuation Pause)
[6200.129s][info][gc,task        ] GC(782) Using 8 workers of 8 for evacuation
[6200.297s][info][gc,phases      ] GC(782)   Pre Evacuate Collection Set: 0.29ms
[6200.297s][info][gc,phases      ] GC(782)   Merge Heap Roots: 0.62ms
[6200.297s][info][gc,phases      ] GC(782)   Evacuate Collection Set: 165.67ms
[6200.297s][info][gc,phases      ] GC(782)   Post Evacuate Collection Set: 1.38ms
[6200.297s][info][gc,phases      ] GC(782)   Other: 0.07ms
[6200.297s][info][gc,heap        ] GC(782) Eden regions: 715->0(716)
[6200.297s][info][gc,heap        ] GC(782) Survivor regions: 53->52(96)
[6200.297s][info][gc,heap        ] GC(782) Old regions: 199->201
[6200.297s][info][gc,heap        ] GC(782) Humongous regions: 32->32
[6200.297s][info][gc,metaspace   ] GC(782) Metaspace: 29975K(30464K)->29975K(30464K) NonClass: 26578K(26816K)->26578K(26816K) Class: 3397K(3648K)->3397K(3648K)
[6200.297s][info][gc             ] GC(782) Pause Young (Normal) (G1 Evacuation Pause) 7960M->2257M(10240M) 168.162ms
[6200.297s][info][gc,cpu         ] GC(782) User=1.32s Sys=0.00s Real=0.17s
....|.[6204.570s][info][gc,start       ] GC(783) Pause Young (Normal) (G1 Evacuation Pause)
[6204.570s][info][gc,task        ] GC(783) Using 8 workers of 8 for evacuation
[6204.741s][info][gc,phases      ] GC(783)   Pre Evacuate Collection Set: 0.27ms
[6204.742s][info][gc,phases      ] GC(783)   Merge Heap Roots: 0.57ms
[6204.742s][info][gc,phases      ] GC(783)   Evacuate Collection Set: 168.97ms
[6204.742s][info][gc,phases      ] GC(783)   Post Evacuate Collection Set: 1.32ms
[6204.742s][info][gc,phases      ] GC(783)   Other: 0.08ms
[6204.742s][info][gc,heap        ] GC(783) Eden regions: 716->0(715)
[6204.742s][info][gc,heap        ] GC(783) Survivor regions: 52->53(96)
[6204.742s][info][gc,heap        ] GC(783) Old regions: 201->204
[6204.742s][info][gc,heap        ] GC(783) Humongous regions: 32->32
[6204.742s][info][gc,metaspace   ] GC(783) Metaspace: 29975K(30464K)->29975K(30464K) NonClass: 26578K(26816K)->26578K(26816K) Class: 3397K(3648K)->3397K(3648K)
[6204.742s][info][gc             ] GC(783) Pause Young (Normal) (G1 Evacuation Pause) 7985M->2285M(10240M) 171.361ms
[6204.742s][info][gc,cpu         ] GC(783) User=1.35s Sys=0.00s Real=0.17s
....[6208.887s][info][gc,start       ] GC(784) Pause Young (Normal) (G1 Evacuation Pause)
[6208.887s][info][gc,task        ] GC(784) Using 8 workers of 8 for evacuation
[6209.057s][info][gc,phases      ] GC(784)   Pre Evacuate Collection Set: 0.27ms
[6209.057s][info][gc,phases      ] GC(784)   Merge Heap Roots: 0.60ms
[6209.057s][info][gc,phases      ] GC(784)   Evacuate Collection Set: 167.77ms
[6209.057s][info][gc,phases      ] GC(784)   Post Evacuate Collection Set: 1.30ms
[6209.057s][info][gc,phases      ] GC(784)   Other: 0.07ms
[6209.057s][info][gc,heap        ] GC(784) Eden regions: 715->0(715)
[6209.057s][info][gc,heap        ] GC(784) Survivor regions: 53->53(96)
[6209.057s][info][gc,heap        ] GC(784) Old regions: 204->206
[6209.057s][info][gc,heap        ] GC(784) Humongous regions: 32->32
[6209.057s][info][gc,metaspace   ] GC(784) Metaspace: 29975K(30464K)->29975K(30464K) NonClass: 26578K(26816K)->26578K(26816K) Class: 3397K(3648K)->3397K(3648K)
[6209.057s][info][gc             ] GC(784) Pause Young (Normal) (G1 Evacuation Pause) 8005M->2303M(10240M) 170.156ms
[6209.057s][info][gc,cpu         ] GC(784) User=1.34s Sys=0.00s Real=0.17s
.....[6213.401s][info][gc,start       ] GC(785) Pause Young (Normal) (G1 Evacuation Pause)
[6213.401s][info][gc,task        ] GC(785) Using 8 workers of 8 for evacuation
[6213.573s][info][gc,phases      ] GC(785)   Pre Evacuate Collection Set: 0.31ms
[6213.573s][info][gc,phases      ] GC(785)   Merge Heap Roots: 0.66ms
[6213.573s][info][gc,phases      ] GC(785)   Evacuate Collection Set: 170.40ms
[6213.573s][info][gc,phases      ] GC(785)   Post Evacuate Collection Set: 1.28ms
[6213.573s][info][gc,phases      ] GC(785)   Other: 0.06ms
[6213.573s][info][gc,heap        ] GC(785) Eden regions: 715->0(715)
[6213.573s][info][gc,heap        ] GC(785) Survivor regions: 53->53(96)
[6213.573s][info][gc,heap        ] GC(785) Old regions: 206->209
[6213.573s][info][gc,heap        ] GC(785) Humongous regions: 32->32
[6213.573s][info][gc,metaspace   ] GC(785) Metaspace: 29975K(30464K)->29975K(30464K) NonClass: 26578K(26816K)->26578K(26816K) Class: 3397K(3648K)->3397K(3648K)
[6213.573s][info][gc             ] GC(785) Pause Young (Normal) (G1 Evacuation Pause) 8023M->2324M(10240M) 172.843ms
[6213.573s][info][gc,cpu         ] GC(785) User=1.36s Sys=0.00s Real=0.17s
....[6217.703s][info][gc,start       ] GC(786) Pause Young (Normal) (G1 Evacuation Pause)
[6217.703s][info][gc,task        ] GC(786) Using 8 workers of 8 for evacuation
[6217.873s][info][gc,phases      ] GC(786)   Pre Evacuate Collection Set: 0.28ms
[6217.873s][info][gc,phases      ] GC(786)   Merge Heap Roots: 0.61ms
[6217.873s][info][gc,phases      ] GC(786)   Evacuate Collection Set: 167.55ms
[6217.873s][info][gc,phases      ] GC(786)   Post Evacuate Collection Set: 1.33ms
[6217.873s][info][gc,phases      ] GC(786)   Other: 0.06ms
[6217.873s][info][gc,heap        ] GC(786) Eden regions: 715->0(715)
[6217.873s][info][gc,heap        ] GC(786) Survivor regions: 53->53(96)
[6217.873s][info][gc,heap        ] GC(786) Old regions: 209->212
[6217.873s][info][gc,heap        ] GC(786) Humongous regions: 32->32
[6217.873s][info][gc,metaspace   ] GC(786) Metaspace: 29975K(30464K)->29975K(30464K) NonClass: 26578K(26816K)->26578K(26816K) Class: 3397K(3648K)->3397K(3648K)
[6217.873s][info][gc             ] GC(786) Pause Young (Normal) (G1 Evacuation Pause) 8044M->2346M(10240M) 169.972ms
[6217.873s][info][gc,cpu         ] GC(786) User=1.33s Sys=0.00s Real=0.17s
....[6222.109s][info][gc,start       ] GC(787) Pause Young (Normal) (G1 Evacuation Pause)
[6222.109s][info][gc,task        ] GC(787) Using 8 workers of 8 for evacuation
[6222.279s][info][gc,phases      ] GC(787)   Pre Evacuate Collection Set: 0.29ms
[6222.279s][info][gc,phases      ] GC(787)   Merge Heap Roots: 0.68ms
[6222.279s][info][gc,phases      ] GC(787)   Evacuate Collection Set: 168.46ms
[6222.279s][info][gc,phases      ] GC(787)   Post Evacuate Collection Set: 1.27ms
[6222.280s][info][gc,phases      ] GC(787)   Other: 0.07ms
[6222.280s][info][gc,heap        ] GC(787) Eden regions: 715->0(715)
[6222.280s][info][gc,heap        ] GC(787) Survivor regions: 53->53(96)
[6222.280s][info][gc,heap        ] GC(787) Old regions: 212->214
[6222.280s][info][gc,heap        ] GC(787) Humongous regions: 32->32
[6222.280s][info][gc,metaspace   ] GC(787) Metaspace: 29975K(30464K)->29975K(30464K) NonClass: 26578K(26816K)->26578K(26816K) Class: 3397K(3648K)->3397K(3648K)
[6222.280s][info][gc             ] GC(787) Pause Young (Normal) (G1 Evacuation Pause) 8066M->2371M(10240M) 170.911ms
[6222.280s][info][gc,cpu         ] GC(787) User=1.34s Sys=0.00s Real=0.17s
.....[6226.603s][info][gc,start       ] GC(788) Pause Young (Normal) (G1 Evacuation Pause)
[6226.603s][info][gc,task        ] GC(788) Using 8 workers of 8 for evacuation
[6226.771s][info][gc,phases      ] GC(788)   Pre Evacuate Collection Set: 0.30ms
[6226.771s][info][gc,phases      ] GC(788)   Merge Heap Roots: 0.62ms
[6226.771s][info][gc,phases      ] GC(788)   Evacuate Collection Set: 166.10ms
[6226.771s][info][gc,phases      ] GC(788)   Post Evacuate Collection Set: 1.29ms
[6226.772s][info][gc,phases      ] GC(788)   Other: 0.07ms
[6226.772s][info][gc,heap        ] GC(788) Eden regions: 715->0(715)
[6226.772s][info][gc,heap        ] GC(788) Survivor regions: 53->53(96)
[6226.772s][info][gc,heap        ] GC(788) Old regions: 214->217
[6226.772s][info][gc,heap        ] GC(788) Humongous regions: 32->32
[6226.772s][info][gc,metaspace   ] GC(788) Metaspace: 29975K(30464K)->29975K(30464K) NonClass: 26578K(26816K)->26578K(26816K) Class: 3397K(3648K)->3397K(3648K)
[6226.772s][info][gc             ] GC(788) Pause Young (Normal) (G1 Evacuation Pause) 8091M->2388M(10240M) 168.553ms
[6226.772s][info][gc,cpu         ] GC(788) User=1.33s Sys=0.00s Real=0.17s
....[6231.068s][info][gc,start       ] GC(789) Pause Young (Normal) (G1 Evacuation Pause)
[6231.068s][info][gc,task        ] GC(789) Using 8 workers of 8 for evacuation
[6231.235s][info][gc,phases      ] GC(789)   Pre Evacuate Collection Set: 0.31ms
[6231.235s][info][gc,phases      ] GC(789)   Merge Heap Roots: 0.62ms
[6231.235s][info][gc,phases      ] GC(789)   Evacuate Collection Set: 164.65ms
[6231.235s][info][gc,phases      ] GC(789)   Post Evacuate Collection Set: 1.29ms
[6231.235s][info][gc,phases      ] GC(789)   Other: 0.07ms
[6231.235s][info][gc,heap        ] GC(789) Eden regions: 715->0(715)
[6231.235s][info][gc,heap        ] GC(789) Survivor regions: 53->53(96)
[6231.235s][info][gc,heap        ] GC(789) Old regions: 217->220
[6231.235s][info][gc,heap        ] GC(789) Humongous regions: 32->32
[6231.235s][info][gc,metaspace   ] GC(789) Metaspace: 29975K(30464K)->29975K(30464K) NonClass: 26578K(26816K)->26578K(26816K) Class: 3397K(3648K)->3397K(3648K)
[6231.235s][info][gc             ] GC(789) Pause Young (Normal) (G1 Evacuation Pause) 8108M->2409M(10240M) 167.069ms
[6231.235s][info][gc,cpu         ] GC(789) User=1.31s Sys=0.01s Real=0.17s
.....[6235.549s][info][gc,start       ] GC(790) Pause Young (Normal) (G1 Evacuation Pause)
[6235.549s][info][gc,task        ] GC(790) Using 8 workers of 8 for evacuation
[6235.717s][info][gc,phases      ] GC(790)   Pre Evacuate Collection Set: 0.30ms
[6235.717s][info][gc,phases      ] GC(790)   Merge Heap Roots: 0.61ms
[6235.717s][info][gc,phases      ] GC(790)   Evacuate Collection Set: 166.04ms
[6235.717s][info][gc,phases      ] GC(790)   Post Evacuate Collection Set: 1.27ms
[6235.717s][info][gc,phases      ] GC(790)   Other: 0.07ms
[6235.717s][info][gc,heap        ] GC(790) Eden regions: 715->0(717)
[6235.717s][info][gc,heap        ] GC(790) Survivor regions: 53->51(96)
[6235.717s][info][gc,heap        ] GC(790) Old regions: 220->222
[6235.717s][info][gc,heap        ] GC(790) Humongous regions: 32->32
[6235.717s][info][gc,metaspace   ] GC(790) Metaspace: 29975K(30464K)->29975K(30464K) NonClass: 26578K(26816K)->26578K(26816K) Class: 3397K(3648K)->3397K(3648K)
[6235.717s][info][gc             ] GC(790) Pause Young (Normal) (G1 Evacuation Pause) 8129M->2419M(10240M) 168.434ms
[6235.717s][info][gc,cpu         ] GC(790) User=1.33s Sys=0.00s Real=0.17s
....[6239.937s][info][gc,start       ] GC(791) Pause Young (Normal) (G1 Evacuation Pause)
[6239.937s][info][gc,task        ] GC(791) Using 8 workers of 8 for evacuation
[6240.109s][info][gc,phases      ] GC(791)   Pre Evacuate Collection Set: 0.28ms
[6240.109s][info][gc,phases      ] GC(791)   Merge Heap Roots: 0.60ms
[6240.109s][info][gc,phases      ] GC(791)   Evacuate Collection Set: 169.68ms
[6240.109s][info][gc,phases      ] GC(791)   Post Evacuate Collection Set: 1.33ms
[6240.109s][info][gc,phases      ] GC(791)   Other: 0.07ms
[6240.109s][info][gc,heap        ] GC(791) Eden regions: 717->0(715)
[6240.109s][info][gc,heap        ] GC(791) Survivor regions: 51->53(96)
[6240.109s][info][gc,heap        ] GC(791) Old regions: 222->225
[6240.109s][info][gc,heap        ] GC(791) Humongous regions: 32->32
[6240.109s][info][gc,metaspace   ] GC(791) Metaspace: 29975K(30464K)->29975K(30464K) NonClass: 26578K(26816K)->26578K(26816K) Class: 3397K(3648K)->3397K(3648K)
[6240.109s][info][gc             ] GC(791) Pause Young (Normal) (G1 Evacuation Pause) 8155M->2456M(10240M) 172.084ms
[6240.109s][info][gc,cpu         ] GC(791) User=1.36s Sys=0.00s Real=0.17s
.....[6244.368s][info][gc,start       ] GC(792) Pause Young (Normal) (G1 Evacuation Pause)
[6244.368s][info][gc,task        ] GC(792) Using 8 workers of 8 for evacuation
[6244.538s][info][gc,phases      ] GC(792)   Pre Evacuate Collection Set: 0.29ms
[6244.538s][info][gc,phases      ] GC(792)   Merge Heap Roots: 0.64ms
[6244.538s][info][gc,phases      ] GC(792)   Evacuate Collection Set: 168.35ms
[6244.538s][info][gc,phases      ] GC(792)   Post Evacuate Collection Set: 1.27ms
[6244.538s][info][gc,phases      ] GC(792)   Other: 0.07ms
[6244.539s][info][gc,heap        ] GC(792) Eden regions: 715->0(716)
[6244.539s][info][gc,heap        ] GC(792) Survivor regions: 53->52(96)
[6244.539s][info][gc,heap        ] GC(792) Old regions: 225->228
[6244.539s][info][gc,heap        ] GC(792) Humongous regions: 32->32
[6244.539s][info][gc,metaspace   ] GC(792) Metaspace: 29975K(30464K)->29975K(30464K) NonClass: 26578K(26816K)->26578K(26816K) Class: 3397K(3648K)->3397K(3648K)
[6244.539s][info][gc             ] GC(792) Pause Young (Normal) (G1 Evacuation Pause) 8176M->2470M(10240M) 170.773ms
[6244.539s][info][gc,cpu         ] GC(792) User=1.35s Sys=0.00s Real=0.17s
....[6248.819s][info][gc,start       ] GC(793) Pause Young (Normal) (G1 Evacuation Pause)
[6248.819s][info][gc,task        ] GC(793) Using 8 workers of 8 for evacuation
[6248.986s][info][gc,phases      ] GC(793)   Pre Evacuate Collection Set: 0.32ms
[6248.986s][info][gc,phases      ] GC(793)   Merge Heap Roots: 0.58ms
[6248.986s][info][gc,phases      ] GC(793)   Evacuate Collection Set: 164.70ms
[6248.986s][info][gc,phases      ] GC(793)   Post Evacuate Collection Set: 1.25ms
[6248.986s][info][gc,phases      ] GC(793)   Other: 0.06ms
[6248.986s][info][gc,heap        ] GC(793) Eden regions: 716->0(716)
[6248.986s][info][gc,heap        ] GC(793) Survivor regions: 52->52(96)
[6248.986s][info][gc,heap        ] GC(793) Old regions: 228->230
[6248.986s][info][gc,heap        ] GC(793) Humongous regions: 32->32
[6248.986s][info][gc,metaspace   ] GC(793) Metaspace: 29975K(30464K)->29975K(30464K) NonClass: 26578K(26816K)->26578K(26816K) Class: 3397K(3648K)->3397K(3648K)
[6248.986s][info][gc             ] GC(793) Pause Young (Normal) (G1 Evacuation Pause) 8198M->2487M(10240M) 167.050ms
[6248.986s][info][gc,cpu         ] GC(793) User=1.31s Sys=0.00s Real=0.17s
....[6253.283s][info][gc,start       ] GC(794) Pause Young (Normal) (G1 Evacuation Pause)
[6253.283s][info][gc,task        ] GC(794) Using 8 workers of 8 for evacuation
[6253.459s][info][gc,phases      ] GC(794)   Pre Evacuate Collection Set: 0.30ms
[6253.459s][info][gc,phases      ] GC(794)   Merge Heap Roots: 0.61ms
[6253.459s][info][gc,phases      ] GC(794)   Evacuate Collection Set: 173.50ms
[6253.459s][info][gc,phases      ] GC(794)   Post Evacuate Collection Set: 1.30ms
[6253.459s][info][gc,phases      ] GC(794)   Other: 0.06ms
[6253.459s][info][gc,heap        ] GC(794) Eden regions: 716->0(715)
[6253.459s][info][gc,heap        ] GC(794) Survivor regions: 52->53(96)
[6253.459s][info][gc,heap        ] GC(794) Old regions: 230->233
[6253.459s][info][gc,heap        ] GC(794) Humongous regions: 32->32
[6253.459s][info][gc,metaspace   ] GC(794) Metaspace: 29975K(30464K)->29975K(30464K) NonClass: 26578K(26816K)->26578K(26816K) Class: 3397K(3648K)->3397K(3648K)
[6253.459s][info][gc             ] GC(794) Pause Young (Normal) (G1 Evacuation Pause) 8215M->2519M(10240M) 175.897ms
[6253.459s][info][gc,cpu         ] GC(794) User=1.39s Sys=0.01s Real=0.18s
.....[6257.631s][info][gc,start       ] GC(795) Pause Young (Normal) (G1 Evacuation Pause)
[6257.631s][info][gc,task        ] GC(795) Using 8 workers of 8 for evacuation
[6257.802s][info][gc,phases      ] GC(795)   Pre Evacuate Collection Set: 0.30ms
[6257.802s][info][gc,phases      ] GC(795)   Merge Heap Roots: 0.66ms
[6257.802s][info][gc,phases      ] GC(795)   Evacuate Collection Set: 168.17ms
[6257.802s][info][gc,phases      ] GC(795)   Post Evacuate Collection Set: 1.33ms
[6257.802s][info][gc,phases      ] GC(795)   Other: 0.08ms
[6257.802s][info][gc,heap        ] GC(795) Eden regions: 715->0(716)
[6257.802s][info][gc,heap        ] GC(795) Survivor regions: 53->52(96)
[6257.802s][info][gc,heap        ] GC(795) Old regions: 233->236
[6257.802s][info][gc,heap        ] GC(795) Humongous regions: 32->32
[6257.802s][info][gc,metaspace   ] GC(795) Metaspace: 29975K(30464K)->29975K(30464K) NonClass: 26578K(26816K)->26578K(26816K) Class: 3397K(3648K)->3397K(3648K)
[6257.802s][info][gc             ] GC(795) Pause Young (Normal) (G1 Evacuation Pause) 8239M->2532M(10240M) 170.690ms
[6257.802s][info][gc,cpu         ] GC(795) User=1.34s Sys=0.00s Real=0.17s
....[6262.041s][info][gc,start       ] GC(796) Pause Young (Normal) (G1 Evacuation Pause)
[6262.041s][info][gc,task        ] GC(796) Using 8 workers of 8 for evacuation
[6262.209s][info][gc,phases      ] GC(796)   Pre Evacuate Collection Set: 0.30ms
[6262.209s][info][gc,phases      ] GC(796)   Merge Heap Roots: 0.59ms
[6262.209s][info][gc,phases      ] GC(796)   Evacuate Collection Set: 165.88ms
[6262.209s][info][gc,phases      ] GC(796)   Post Evacuate Collection Set: 1.29ms
[6262.209s][info][gc,phases      ] GC(796)   Other: 0.07ms
[6262.209s][info][gc,heap        ] GC(796) Eden regions: 716->0(715)
[6262.209s][info][gc,heap        ] GC(796) Survivor regions: 52->53(96)
[6262.209s][info][gc,heap        ] GC(796) Old regions: 236->238
[6262.209s][info][gc,heap        ] GC(796) Humongous regions: 32->32
[6262.209s][info][gc,metaspace   ] GC(796) Metaspace: 29975K(30464K)->29975K(30464K) NonClass: 26578K(26816K)->26578K(26816K) Class: 3397K(3648K)->3397K(3648K)
[6262.209s][info][gc             ] GC(796) Pause Young (Normal) (G1 Evacuation Pause) 8260M->2556M(10240M) 168.257ms
[6262.209s][info][gc,cpu         ] GC(796) User=1.32s Sys=0.00s Real=0.17s
.. (rIR:aIR:PR = 10931:10844:10842) (tPR = 159979) [OK] 
  6263s: Performance info:
         Transaction,    Success,    Partial,     Failed,   Receipts, AvgBarcode, 
             Overall,     652236,          0,          0,     619596,      59.48, 
         Response times:
             Request,    Success,    Partial,     Failed,   SkipFail,     Probes,    Samples,      min,      p50,      p90,      p95,      p99,      max, 
       TotalPurchase,     619637,          0,          0,          0,     353631,     429817,      300,     9700,    55000,   100000,   181000,  1200000,
     InStorePurchase,     326822,          0,          0,          0,     185737,     225905,      400,     9700,    55000,   100000,   181000,  1200000,
      OnlinePurchase,     227273,          0,          0,          0,     130008,     157954,      300,     9700,    55000,   101000,   183000,  1200000,
        InstPurchase,      65542,          0,          0,          0,      37886,      45958,      400,     9800,    56000,    95000,   176000,  1200000,
          AssocOfCat,        659,          0,          0,          0,        554,        781,    34000,    63000,   109400,   138600,   224000,   241000,
      AssocOfProduct,       6564,          0,          0,          0,       3907,       4937,      800,     9700,    54000,    92000,   187000,   690000,
      BusinessReport,       1639,          0,          0,          0,       1443,       1891,    36000,    75000,   127000,   180400,   251000,   770000,
          CustBuyBeh,       6545,          0,          0,          0,       3872,       4823,      500,    10300,    55000,   102000,   174000,   506000,
       ProductReturn,      17327,          0,          0,          0,       9631,      11849,      200,     9300,    53000,    94000,   182000,   680000,

  6263s: (80%)   IR =  11070 ..[6266.445s][info][gc,start       ] GC(797) Pause Young (Normal) (G1 Evacuation Pause)
[6266.445s][info][gc,task        ] GC(797) Using 8 workers of 8 for evacuation
[6266.614s][info][gc,phases      ] GC(797)   Pre Evacuate Collection Set: 0.29ms
[6266.614s][info][gc,phases      ] GC(797)   Merge Heap Roots: 0.59ms
[6266.614s][info][gc,phases      ] GC(797)   Evacuate Collection Set: 166.64ms
[6266.614s][info][gc,phases      ] GC(797)   Post Evacuate Collection Set: 1.36ms
[6266.614s][info][gc,phases      ] GC(797)   Other: 0.07ms
[6266.614s][info][gc,heap        ] GC(797) Eden regions: 715->0(716)
[6266.614s][info][gc,heap        ] GC(797) Survivor regions: 53->52(96)
[6266.614s][info][gc,heap        ] GC(797) Old regions: 238->241
[6266.614s][info][gc,heap        ] GC(797) Humongous regions: 32->32
[6266.614s][info][gc,metaspace   ] GC(797) Metaspace: 29976K(30464K)->29976K(30464K) NonClass: 26579K(26816K)->26579K(26816K) Class: 3397K(3648K)->3397K(3648K)
[6266.614s][info][gc             ] GC(797) Pause Young (Normal) (G1 Evacuation Pause) 8276M->2569M(10240M) 169.100ms
[6266.614s][info][gc,cpu         ] GC(797) User=1.33s Sys=0.01s Real=0.17s
....|.[6270.916s][info][gc,start       ] GC(798) Pause Young (Normal) (G1 Evacuation Pause)
[6270.916s][info][gc,task        ] GC(798) Using 8 workers of 8 for evacuation
[6271.088s][info][gc,phases      ] GC(798)   Pre Evacuate Collection Set: 0.27ms
[6271.088s][info][gc,phases      ] GC(798)   Merge Heap Roots: 0.57ms
[6271.088s][info][gc,phases      ] GC(798)   Evacuate Collection Set: 169.94ms
[6271.088s][info][gc,phases      ] GC(798)   Post Evacuate Collection Set: 1.34ms
[6271.088s][info][gc,phases      ] GC(798)   Other: 0.07ms
[6271.088s][info][gc,heap        ] GC(798) Eden regions: 716->0(715)
[6271.088s][info][gc,heap        ] GC(798) Survivor regions: 52->53(96)
[6271.088s][info][gc,heap        ] GC(798) Old regions: 241->243
[6271.088s][info][gc,heap        ] GC(798) Humongous regions: 32->32
[6271.088s][info][gc,metaspace   ] GC(798) Metaspace: 29976K(30464K)->29976K(30464K) NonClass: 26579K(26816K)->26579K(26816K) Class: 3397K(3648K)->3397K(3648K)
[6271.088s][info][gc             ] GC(798) Pause Young (Normal) (G1 Evacuation Pause) 8297M->2602M(10240M) 172.326ms
[6271.088s][info][gc,cpu         ] GC(798) User=1.36s Sys=0.00s Real=0.17s
....[6275.231s][info][gc,start       ] GC(799) Pause Young (Normal) (G1 Evacuation Pause)
[6275.231s][info][gc,task        ] GC(799) Using 8 workers of 8 for evacuation
[6275.406s][info][gc,phases      ] GC(799)   Pre Evacuate Collection Set: 0.30ms
[6275.406s][info][gc,phases      ] GC(799)   Merge Heap Roots: 0.62ms
[6275.406s][info][gc,phases      ] GC(799)   Evacuate Collection Set: 172.72ms
[6275.406s][info][gc,phases      ] GC(799)   Post Evacuate Collection Set: 1.38ms
[6275.406s][info][gc,phases      ] GC(799)   Other: 0.06ms
[6275.406s][info][gc,heap        ] GC(799) Eden regions: 715->0(714)
[6275.406s][info][gc,heap        ] GC(799) Survivor regions: 53->54(96)
[6275.406s][info][gc,heap        ] GC(799) Old regions: 243->246
[6275.406s][info][gc,heap        ] GC(799) Humongous regions: 32->32
[6275.406s][info][gc,metaspace   ] GC(799) Metaspace: 29976K(30464K)->29976K(30464K) NonClass: 26579K(26816K)->26579K(26816K) Class: 3397K(3648K)->3397K(3648K)
[6275.406s][info][gc             ] GC(799) Pause Young (Normal) (G1 Evacuation Pause) 8322M->2626M(10240M) 175.212ms
[6275.406s][info][gc,cpu         ] GC(799) User=1.38s Sys=0.00s Real=0.18s
....[6279.548s][info][gc,start       ] GC(800) Pause Young (Normal) (G1 Evacuation Pause)
[6279.548s][info][gc,task        ] GC(800) Using 8 workers of 8 for evacuation
[6279.718s][info][gc,phases      ] GC(800)   Pre Evacuate Collection Set: 0.31ms
[6279.719s][info][gc,phases      ] GC(800)   Merge Heap Roots: 0.62ms
[6279.719s][info][gc,phases      ] GC(800)   Evacuate Collection Set: 168.02ms
[6279.719s][info][gc,phases      ] GC(800)   Post Evacuate Collection Set: 1.25ms
[6279.719s][info][gc,phases      ] GC(800)   Other: 0.06ms
[6279.719s][info][gc,heap        ] GC(800) Eden regions: 714->0(715)
[6279.719s][info][gc,heap        ] GC(800) Survivor regions: 54->53(96)
[6279.719s][info][gc,heap        ] GC(800) Old regions: 246->249
[6279.719s][info][gc,heap        ] GC(800) Humongous regions: 32->32
[6279.719s][info][gc,metaspace   ] GC(800) Metaspace: 29976K(30464K)->29976K(30464K) NonClass: 26579K(26816K)->26579K(26816K) Class: 3397K(3648K)->3397K(3648K)
[6279.719s][info][gc             ] GC(800) Pause Young (Normal) (G1 Evacuation Pause) 8338M->2640M(10240M) 171.179ms
[6279.719s][info][gc,cpu         ] GC(800) User=1.34s Sys=0.00s Real=0.17s
.....[6283.960s][info][gc,start       ] GC(801) Pause Young (Normal) (G1 Evacuation Pause)
[6283.960s][info][gc,task        ] GC(801) Using 8 workers of 8 for evacuation
[6284.132s][info][gc,phases      ] GC(801)   Pre Evacuate Collection Set: 0.29ms
[6284.132s][info][gc,phases      ] GC(801)   Merge Heap Roots: 0.57ms
[6284.132s][info][gc,phases      ] GC(801)   Evacuate Collection Set: 169.94ms
[6284.132s][info][gc,phases      ] GC(801)   Post Evacuate Collection Set: 1.28ms
[6284.132s][info][gc,phases      ] GC(801)   Other: 0.06ms
[6284.132s][info][gc,heap        ] GC(801) Eden regions: 715->0(715)
[6284.132s][info][gc,heap        ] GC(801) Survivor regions: 53->53(96)
[6284.132s][info][gc,heap        ] GC(801) Old regions: 249->251
[6284.132s][info][gc,heap        ] GC(801) Humongous regions: 32->32
[6284.132s][info][gc,metaspace   ] GC(801) Metaspace: 29976K(30464K)->29976K(30464K) NonClass: 26579K(26816K)->26579K(26816K) Class: 3397K(3648K)->3397K(3648K)
[6284.132s][info][gc             ] GC(801) Pause Young (Normal) (G1 Evacuation Pause) 8360M->2666M(10240M) 172.287ms
[6284.132s][info][gc,cpu         ] GC(801) User=1.36s Sys=0.00s Real=0.17s
....[6288.294s][info][gc,start       ] GC(802) Pause Young (Normal) (G1 Evacuation Pause)
[6288.294s][info][gc,task        ] GC(802) Using 8 workers of 8 for evacuation
[6288.464s][info][gc,phases      ] GC(802)   Pre Evacuate Collection Set: 0.28ms
[6288.464s][info][gc,phases      ] GC(802)   Merge Heap Roots: 0.63ms
[6288.464s][info][gc,phases      ] GC(802)   Evacuate Collection Set: 167.12ms
[6288.464s][info][gc,phases      ] GC(802)   Post Evacuate Collection Set: 1.34ms
[6288.464s][info][gc,phases      ] GC(802)   Other: 0.07ms
[6288.464s][info][gc,heap        ] GC(802) Eden regions: 715->0(715)
[6288.464s][info][gc,heap        ] GC(802) Survivor regions: 53->53(96)
[6288.464s][info][gc,heap        ] GC(802) Old regions: 251->254
[6288.464s][info][gc,heap        ] GC(802) Humongous regions: 32->32
[6288.464s][info][gc,metaspace   ] GC(802) Metaspace: 29976K(30464K)->29976K(30464K) NonClass: 26579K(26816K)->26579K(26816K) Class: 3397K(3648K)->3397K(3648K)
[6288.464s][info][gc             ] GC(802) Pause Young (Normal) (G1 Evacuation Pause) 8386M->2683M(10240M) 169.562ms
[6288.464s][info][gc,cpu         ] GC(802) User=1.33s Sys=0.00s Real=0.17s
....[6292.692s][info][gc,start       ] GC(803) Pause Young (Normal) (G1 Evacuation Pause)
[6292.692s][info][gc,task        ] GC(803) Using 8 workers of 8 for evacuation
[6292.858s][info][gc,phases      ] GC(803)   Pre Evacuate Collection Set: 0.30ms
[6292.858s][info][gc,phases      ] GC(803)   Merge Heap Roots: 0.59ms
[6292.858s][info][gc,phases      ] GC(803)   Evacuate Collection Set: 163.68ms
[6292.858s][info][gc,phases      ] GC(803)   Post Evacuate Collection Set: 1.26ms
[6292.858s][info][gc,phases      ] GC(803)   Other: 0.07ms
[6292.858s][info][gc,heap        ] GC(803) Eden regions: 715->0(716)
[6292.858s][info][gc,heap        ] GC(803) Survivor regions: 53->52(96)
[6292.858s][info][gc,heap        ] GC(803) Old regions: 254->257
[6292.858s][info][gc,heap        ] GC(803) Humongous regions: 32->32
[6292.858s][info][gc,metaspace   ] GC(803) Metaspace: 29976K(30464K)->29976K(30464K) NonClass: 26579K(26816K)->26579K(26816K) Class: 3397K(3648K)->3397K(3648K)
[6292.858s][info][gc             ] GC(803) Pause Young (Normal) (G1 Evacuation Pause) 8403M->2695M(10240M) 166.029ms
[6292.858s][info][gc,cpu         ] GC(803) User=1.31s Sys=0.00s Real=0.17s
.....[6297.023s][info][gc,start       ] GC(804) Pause Young (Normal) (G1 Evacuation Pause)
[6297.023s][info][gc,task        ] GC(804) Using 8 workers of 8 for evacuation
[6297.192s][info][gc,phases      ] GC(804)   Pre Evacuate Collection Set: 0.31ms
[6297.192s][info][gc,phases      ] GC(804)   Merge Heap Roots: 0.62ms
[6297.192s][info][gc,phases      ] GC(804)   Evacuate Collection Set: 166.67ms
[6297.192s][info][gc,phases      ] GC(804)   Post Evacuate Collection Set: 1.36ms
[6297.192s][info][gc,phases      ] GC(804)   Other: 0.07ms
[6297.192s][info][gc,heap        ] GC(804) Eden regions: 716->0(715)
[6297.192s][info][gc,heap        ] GC(804) Survivor regions: 52->53(96)
[6297.192s][info][gc,heap        ] GC(804) Old regions: 257->259
[6297.192s][info][gc,heap        ] GC(804) Humongous regions: 32->32
[6297.192s][info][gc,metaspace   ] GC(804) Metaspace: 29976K(30464K)->29976K(30464K) NonClass: 26579K(26816K)->26579K(26816K) Class: 3397K(3648K)->3397K(3648K)
[6297.192s][info][gc             ] GC(804) Pause Young (Normal) (G1 Evacuation Pause) 8423M->2725M(10240M) 169.197ms
[6297.192s][info][gc,cpu         ] GC(804) User=1.33s Sys=0.00s Real=0.17s
....[6301.384s][info][gc,start       ] GC(805) Pause Young (Normal) (G1 Evacuation Pause)
[6301.384s][info][gc,task        ] GC(805) Using 8 workers of 8 for evacuation
[6301.558s][info][gc,phases      ] GC(805)   Pre Evacuate Collection Set: 0.28ms
[6301.558s][info][gc,phases      ] GC(805)   Merge Heap Roots: 0.58ms
[6301.558s][info][gc,phases      ] GC(805)   Evacuate Collection Set: 171.52ms
[6301.558s][info][gc,phases      ] GC(805)   Post Evacuate Collection Set: 1.27ms
[6301.558s][info][gc,phases      ] GC(805)   Other: 0.08ms
[6301.558s][info][gc,heap        ] GC(805) Eden regions: 715->0(715)
[6301.558s][info][gc,heap        ] GC(805) Survivor regions: 53->53(96)
[6301.558s][info][gc,heap        ] GC(805) Old regions: 259->262
[6301.558s][info][gc,heap        ] GC(805) Humongous regions: 32->32
[6301.558s][info][gc,metaspace   ] GC(805) Metaspace: 29976K(30464K)->29976K(30464K) NonClass: 26579K(26816K)->26579K(26816K) Class: 3397K(3648K)->3397K(3648K)
[6301.558s][info][gc             ] GC(805) Pause Young (Normal) (G1 Evacuation Pause) 8445M->2750M(10240M) 173.874ms
[6301.558s][info][gc,cpu         ] GC(805) User=1.37s Sys=0.00s Real=0.18s
....[6305.721s][info][gc,start       ] GC(806) Pause Young (Normal) (G1 Evacuation Pause)
[6305.721s][info][gc,task        ] GC(806) Using 8 workers of 8 for evacuation
[6305.898s][info][gc,phases      ] GC(806)   Pre Evacuate Collection Set: 0.29ms
[6305.898s][info][gc,phases      ] GC(806)   Merge Heap Roots: 0.65ms
[6305.898s][info][gc,phases      ] GC(806)   Evacuate Collection Set: 174.69ms
[6305.898s][info][gc,phases      ] GC(806)   Post Evacuate Collection Set: 1.30ms
[6305.898s][info][gc,phases      ] GC(806)   Other: 0.06ms
[6305.898s][info][gc,heap        ] GC(806) Eden regions: 715->0(714)
[6305.898s][info][gc,heap        ] GC(806) Survivor regions: 53->54(96)
[6305.898s][info][gc,heap        ] GC(806) Old regions: 262->264
[6305.898s][info][gc,heap        ] GC(806) Humongous regions: 32->32
[6305.898s][info][gc,metaspace   ] GC(806) Metaspace: 29976K(30464K)->29976K(30464K) NonClass: 26579K(26816K)->26579K(26816K) Class: 3397K(3648K)->3397K(3648K)
[6305.898s][info][gc             ] GC(806) Pause Young (Normal) (G1 Evacuation Pause) 8470M->2775M(10240M) 177.132ms
[6305.898s][info][gc,cpu         ] GC(806) User=1.35s Sys=0.00s Real=0.18s
.....[6310.077s][info][gc,start       ] GC(807) Pause Young (Normal) (G1 Evacuation Pause)
[6310.077s][info][gc,task        ] GC(807) Using 8 workers of 8 for evacuation
[6310.247s][info][gc,phases      ] GC(807)   Pre Evacuate Collection Set: 0.31ms
[6310.247s][info][gc,phases      ] GC(807)   Merge Heap Roots: 0.61ms
[6310.247s][info][gc,phases      ] GC(807)   Evacuate Collection Set: 167.41ms
[6310.247s][info][gc,phases      ] GC(807)   Post Evacuate Collection Set: 1.32ms
[6310.247s][info][gc,phases      ] GC(807)   Other: 0.07ms
[6310.247s][info][gc,heap        ] GC(807) Eden regions: 714->0(715)
[6310.247s][info][gc,heap        ] GC(807) Survivor regions: 54->53(96)
[6310.247s][info][gc,heap        ] GC(807) Old regions: 264->267
[6310.247s][info][gc,heap        ] GC(807) Humongous regions: 32->32
[6310.247s][info][gc,metaspace   ] GC(807) Metaspace: 29976K(30464K)->29976K(30464K) NonClass: 26579K(26816K)->26579K(26816K) Class: 3397K(3648K)->3397K(3648K)
[6310.247s][info][gc             ] GC(807) Pause Young (Normal) (G1 Evacuation Pause) 8487M->2789M(10240M) 169.870ms
[6310.247s][info][gc,cpu         ] GC(807) User=1.34s Sys=0.00s Real=0.17s
....[6314.477s][info][gc,start       ] GC(808) Pause Young (Normal) (G1 Evacuation Pause)
[6314.477s][info][gc,task        ] GC(808) Using 8 workers of 8 for evacuation
[6314.647s][info][gc,phases      ] GC(808)   Pre Evacuate Collection Set: 0.30ms
[6314.647s][info][gc,phases      ] GC(808)   Merge Heap Roots: 0.72ms
[6314.647s][info][gc,phases      ] GC(808)   Evacuate Collection Set: 167.68ms
[6314.647s][info][gc,phases      ] GC(808)   Post Evacuate Collection Set: 1.27ms
[6314.647s][info][gc,phases      ] GC(808)   Other: 0.07ms
[6314.647s][info][gc,heap        ] GC(808) Eden regions: 715->0(715)
[6314.647s][info][gc,heap        ] GC(808) Survivor regions: 53->53(96)
[6314.647s][info][gc,heap        ] GC(808) Old regions: 267->270
[6314.647s][info][gc,heap        ] GC(808) Humongous regions: 32->32
[6314.647s][info][gc,metaspace   ] GC(808) Metaspace: 29976K(30464K)->29976K(30464K) NonClass: 26579K(26816K)->26579K(26816K) Class: 3397K(3648K)->3397K(3648K)
[6314.647s][info][gc             ] GC(808) Pause Young (Normal) (G1 Evacuation Pause) 8509M->2810M(10240M) 170.191ms
[6314.647s][info][gc,cpu         ] GC(808) User=1.34s Sys=0.00s Real=0.17s
....[6318.778s][info][gc,start       ] GC(809) Pause Young (Normal) (G1 Evacuation Pause)
[6318.778s][info][gc,task        ] GC(809) Using 8 workers of 8 for evacuation
[6318.953s][info][gc,phases      ] GC(809)   Pre Evacuate Collection Set: 0.28ms
[6318.953s][info][gc,phases      ] GC(809)   Merge Heap Roots: 0.57ms
[6318.953s][info][gc,phases      ] GC(809)   Evacuate Collection Set: 172.71ms
[6318.953s][info][gc,phases      ] GC(809)   Post Evacuate Collection Set: 1.33ms
[6318.953s][info][gc,phases      ] GC(809)   Other: 0.07ms
[6318.953s][info][gc,heap        ] GC(809) Eden regions: 715->0(714)
[6318.953s][info][gc,heap        ] GC(809) Survivor regions: 53->54(96)
[6318.953s][info][gc,heap        ] GC(809) Old regions: 270->272
[6318.953s][info][gc,heap        ] GC(809) Humongous regions: 32->32
[6318.953s][info][gc,metaspace   ] GC(809) Metaspace: 29976K(30464K)->29976K(30464K) NonClass: 26579K(26816K)->26579K(26816K) Class: 3397K(3648K)->3397K(3648K)
[6318.953s][info][gc             ] GC(809) Pause Young (Normal) (G1 Evacuation Pause) 8530M->2839M(10240M) 175.106ms
[6318.953s][info][gc,cpu         ] GC(809) User=1.38s Sys=0.00s Real=0.17s
.....[6323.019s][info][gc,start       ] GC(810) Pause Young (Normal) (G1 Evacuation Pause)
[6323.019s][info][gc,task        ] GC(810) Using 8 workers of 8 for evacuation
[6323.192s][info][gc,phases      ] GC(810)   Pre Evacuate Collection Set: 0.30ms
[6323.192s][info][gc,phases      ] GC(810)   Merge Heap Roots: 0.58ms
[6323.192s][info][gc,phases      ] GC(810)   Evacuate Collection Set: 169.99ms
[6323.192s][info][gc,phases      ] GC(810)   Post Evacuate Collection Set: 1.35ms
[6323.192s][info][gc,phases      ] GC(810)   Other: 0.06ms
[6323.192s][info][gc,heap        ] GC(810) Eden regions: 714->0(715)
[6323.192s][info][gc,heap        ] GC(810) Survivor regions: 54->53(96)
[6323.192s][info][gc,heap        ] GC(810) Old regions: 272->275
[6323.192s][info][gc,heap        ] GC(810) Humongous regions: 32->32
[6323.192s][info][gc,metaspace   ] GC(810) Metaspace: 29976K(30464K)->29976K(30464K) NonClass: 26579K(26816K)->26579K(26816K) Class: 3397K(3648K)->3397K(3648K)
[6323.192s][info][gc             ] GC(810) Pause Young (Normal) (G1 Evacuation Pause) 8551M->2852M(10240M) 172.412ms
[6323.192s][info][gc,cpu         ] GC(810) User=1.35s Sys=0.00s Real=0.17s
....[6327.379s][info][gc,start       ] GC(811) Pause Young (Normal) (G1 Evacuation Pause)
[6327.379s][info][gc,task        ] GC(811) Using 8 workers of 8 for evacuation
[6327.550s][info][gc,phases      ] GC(811)   Pre Evacuate Collection Set: 0.30ms
[6327.550s][info][gc,phases      ] GC(811)   Merge Heap Roots: 0.62ms
[6327.550s][info][gc,phases      ] GC(811)   Evacuate Collection Set: 168.83ms
[6327.550s][info][gc,phases      ] GC(811)   Post Evacuate Collection Set: 1.30ms
[6327.550s][info][gc,phases      ] GC(811)   Other: 0.07ms
[6327.550s][info][gc,heap        ] GC(811) Eden regions: 715->0(716)
[6327.550s][info][gc,heap        ] GC(811) Survivor regions: 53->52(96)
[6327.550s][info][gc,heap        ] GC(811) Old regions: 275->278
[6327.550s][info][gc,heap        ] GC(811) Humongous regions: 32->32
[6327.550s][info][gc,metaspace   ] GC(811) Metaspace: 29976K(30464K)->29976K(30464K) NonClass: 26579K(26816K)->26579K(26816K) Class: 3397K(3648K)->3397K(3648K)
[6327.550s][info][gc             ] GC(811) Pause Young (Normal) (G1 Evacuation Pause) 8572M->2868M(10240M) 171.266ms
[6327.550s][info][gc,cpu         ] GC(811) User=1.35s Sys=0.00s Real=0.17s
... (rIR:aIR:PR = 11070:11056:11052) (tPR = 163355) [OK] 
  6329s: Performance info:
         Transaction,    Success,    Partial,     Failed,   Receipts, AvgBarcode, 
             Overall,     666910,          0,          0,     633316,      59.48, 
         Response times:
             Request,    Success,    Partial,     Failed,   SkipFail,     Probes,    Samples,      min,      p50,      p90,      p95,      p99,      max, 
       TotalPurchase,     633544,          0,          0,          0,     357473,     400574,      300,    10600,    59000,   101000,   170000,   920000,
     InStorePurchase,     333582,          0,          0,          0,     188243,     210842,      300,    10500,    58000,   101000,   170000,   920000,
      OnlinePurchase,     232444,          0,          0,          0,     131578,     147474,      400,    10600,    59000,    99000,   168000,   920000,
        InstPurchase,      67518,          0,          0,          0,      37652,      42258,      500,    11000,    62000,   104000,   178000,   920000,
          AssocOfCat,        671,          0,          0,          0,        539,        680,    33000,    65000,   123000,   164000,   243000,   519000,
      AssocOfProduct,       6840,          0,          0,          0,       4035,       4706,      800,    10700,    67300,   108000,   179930,   620000,
      BusinessReport,       1675,          0,          0,          0,       1475,       1777,    34000,    77000,   132000,   185000,   257000,   359000,
          CustBuyBeh,       6720,          0,          0,          0,       3978,       4644,      700,    10600,    65500,   102750,   177650,   700000,
       ProductReturn,      17741,          0,          0,          0,      10042,      11503,      200,    10400,    64000,   109800,   183960,   920000,

  6329s: (81%)   IR =  11208 .[6331.709s][info][gc,start       ] GC(812) Pause Young (Concurrent Start) (G1 Evacuation Pause)
[6331.709s][info][gc,task        ] GC(812) Using 8 workers of 8 for evacuation
[6331.877s][info][gc,phases      ] GC(812)   Pre Evacuate Collection Set: 0.33ms
[6331.877s][info][gc,phases      ] GC(812)   Merge Heap Roots: 0.61ms
[6331.877s][info][gc,phases      ] GC(812)   Evacuate Collection Set: 166.11ms
[6331.877s][info][gc,phases      ] GC(812)   Post Evacuate Collection Set: 1.33ms
[6331.877s][info][gc,phases      ] GC(812)   Other: 0.10ms
[6331.877s][info][gc,heap        ] GC(812) Eden regions: 716->0(715)
[6331.877s][info][gc,heap        ] GC(812) Survivor regions: 52->53(96)
[6331.877s][info][gc,heap        ] GC(812) Old regions: 278->280
[6331.877s][info][gc,heap        ] GC(812) Humongous regions: 32->32
[6331.877s][info][gc,metaspace   ] GC(812) Metaspace: 29976K(30464K)->29976K(30464K) NonClass: 26579K(26816K)->26579K(26816K) Class: 3397K(3648K)->3397K(3648K)
[6331.877s][info][gc             ] GC(812) Pause Young (Concurrent Start) (G1 Evacuation Pause) 8596M->2894M(10240M) 168.612ms
[6331.877s][info][gc,cpu         ] GC(812) User=1.32s Sys=0.01s Real=0.17s
[6331.877s][info][gc             ] GC(813) Concurrent Mark Cycle
[6331.877s][info][gc,marking     ] GC(813) Concurrent Scan Root Regions
.[6332.227s][info][gc,marking     ] GC(813) Concurrent Scan Root Regions 349.539ms
[6332.227s][info][gc,marking     ] GC(813) Concurrent Mark
[6332.227s][info][gc,marking     ] GC(813) Concurrent Mark From Roots
[6332.227s][info][gc,task        ] GC(813) Using 2 workers of 2 for marking
.[6333.294s][info][gc,marking     ] GC(813) Concurrent Mark From Roots 1067.482ms
[6333.294s][info][gc,marking     ] GC(813) Concurrent Preclean
[6333.295s][info][gc,marking     ] GC(813) Concurrent Preclean 0.192ms
[6333.295s][info][gc,start       ] GC(813) Pause Remark
[6333.296s][info][gc             ] GC(813) Pause Remark 4382M->4190M(10240M) 1.699ms
[6333.297s][info][gc,cpu         ] GC(813) User=0.01s Sys=0.00s Real=0.01s
[6333.297s][info][gc,marking     ] GC(813) Concurrent Mark 1069.710ms
[6333.297s][info][gc,marking     ] GC(813) Concurrent Rebuild Remembered Sets and Scrub Regions
[6334.005s][info][gc,marking     ] GC(813) Concurrent Rebuild Remembered Sets and Scrub Regions 708.058ms
[6334.005s][info][gc,start       ] GC(813) Pause Cleanup
[6334.005s][info][gc             ] GC(813) Pause Cleanup 5079M->5079M(10240M) 0.306ms
[6334.005s][info][gc,cpu         ] GC(813) User=0.00s Sys=0.00s Real=0.00s
[6334.005s][info][gc,marking     ] GC(813) Concurrent Clear Claimed Marks
[6334.005s][info][gc,marking     ] GC(813) Concurrent Clear Claimed Marks 0.046ms
[6334.005s][info][gc,marking     ] GC(813) Concurrent Cleanup for Next Mark
[6334.019s][info][gc,marking     ] GC(813) Concurrent Cleanup for Next Mark 13.624ms
[6334.019s][info][gc             ] GC(813) Concurrent Mark Cycle 2141.716ms
...[6336.166s][info][gc,start       ] GC(814) Pause Young (Prepare Mixed) (G1 Evacuation Pause)
[6336.166s][info][gc,task        ] GC(814) Using 8 workers of 8 for evacuation
[6336.343s][info][gc,phases      ] GC(814)   Pre Evacuate Collection Set: 0.27ms
[6336.343s][info][gc,phases      ] GC(814)   Merge Heap Roots: 0.87ms
[6336.343s][info][gc,phases      ] GC(814)   Evacuate Collection Set: 174.81ms
[6336.343s][info][gc,phases      ] GC(814)   Post Evacuate Collection Set: 1.40ms
[6336.343s][info][gc,phases      ] GC(814)   Other: 0.07ms
[6336.343s][info][gc,heap        ] GC(814) Eden regions: 715->0(714)
[6336.343s][info][gc,heap        ] GC(814) Survivor regions: 53->54(96)
[6336.343s][info][gc,heap        ] GC(814) Old regions: 256->259
[6336.343s][info][gc,heap        ] GC(814) Humongous regions: 32->32
[6336.343s][info][gc,metaspace   ] GC(814) Metaspace: 29976K(30464K)->29976K(30464K) NonClass: 26579K(26816K)->26579K(26816K) Class: 3397K(3648K)->3397K(3648K)
[6336.343s][info][gc             ] GC(814) Pause Young (Prepare Mixed) (G1 Evacuation Pause) 8422M->2734M(10240M) 177.557ms
[6336.343s][info][gc,cpu         ] GC(814) User=1.40s Sys=0.00s Real=0.17s
....[6340.189s][info][gc,start       ] GC(815) Pause Young (Mixed) (G1 Evacuation Pause)
[6340.189s][info][gc,task        ] GC(815) Using 8 workers of 8 for evacuation
[6340.366s][info][gc,phases      ] GC(815)   Pre Evacuate Collection Set: 0.30ms
[6340.366s][info][gc,phases      ] GC(815)   Merge Heap Roots: 0.67ms
[6340.366s][info][gc,phases      ] GC(815)   Evacuate Collection Set: 173.79ms
[6340.366s][info][gc,phases      ] GC(815)   Merge Optional Heap Roots: 0.05ms
[6340.366s][info][gc,phases      ] GC(815)   Evacuate Optional Collection Set: 0.34ms
[6340.366s][info][gc,phases      ] GC(815)   Post Evacuate Collection Set: 1.56ms
[6340.366s][info][gc,phases      ] GC(815)   Other: 0.08ms
[6340.366s][info][gc,heap        ] GC(815) Eden regions: 714->0(709)
[6340.366s][info][gc,heap        ] GC(815) Survivor regions: 54->54(96)
[6340.366s][info][gc,heap        ] GC(815) Old regions: 259->219
[6340.366s][info][gc,heap        ] GC(815) Humongous regions: 32->32
[6340.366s][info][gc,metaspace   ] GC(815) Metaspace: 29976K(30464K)->29976K(30464K) NonClass: 26579K(26816K)->26579K(26816K) Class: 3397K(3648K)->3397K(3648K)
[6340.366s][info][gc             ] GC(815) Pause Young (Mixed) (G1 Evacuation Pause) 8446M->2407M(10240M) 176.936ms
[6340.366s][info][gc,cpu         ] GC(815) User=1.39s Sys=0.00s Real=0.18s
....[6344.318s][info][gc,start       ] GC(816) Pause Young (Mixed) (G1 Evacuation Pause)
[6344.318s][info][gc,task        ] GC(816) Using 8 workers of 8 for evacuation
[6344.493s][info][gc,phases      ] GC(816)   Pre Evacuate Collection Set: 0.29ms
[6344.493s][info][gc,phases      ] GC(816)   Merge Heap Roots: 0.71ms
[6344.493s][info][gc,phases      ] GC(816)   Evacuate Collection Set: 173.20ms
[6344.493s][info][gc,phases      ] GC(816)   Post Evacuate Collection Set: 1.36ms
[6344.493s][info][gc,phases      ] GC(816)   Other: 0.08ms
[6344.493s][info][gc,heap        ] GC(816) Eden regions: 706->0(715)
[6344.493s][info][gc,heap        ] GC(816) Survivor regions: 54->53(95)
[6344.493s][info][gc,heap        ] GC(816) Old regions: 219->204
[6344.493s][info][gc,heap        ] GC(816) Humongous regions: 32->32
[6344.493s][info][gc,metaspace   ] GC(816) Metaspace: 29976K(30464K)->29976K(30464K) NonClass: 26579K(26816K)->26579K(26816K) Class: 3397K(3648K)->3397K(3648K)
[6344.493s][info][gc             ] GC(816) Pause Young (Mixed) (G1 Evacuation Pause) 8055M->2286M(10240M) 175.783ms
[6344.493s][info][gc,cpu         ] GC(816) User=1.38s Sys=0.01s Real=0.17s
....[6348.530s][info][gc,start       ] GC(817) Pause Young (Mixed) (G1 Evacuation Pause)
[6348.530s][info][gc,task        ] GC(817) Using 8 workers of 8 for evacuation
[6348.711s][info][gc,phases      ] GC(817)   Pre Evacuate Collection Set: 0.30ms
[6348.711s][info][gc,phases      ] GC(817)   Merge Heap Roots: 0.90ms
[6348.711s][info][gc,phases      ] GC(817)   Evacuate Collection Set: 177.91ms
[6348.711s][info][gc,phases      ] GC(817)   Merge Optional Heap Roots: 0.08ms
[6348.711s][info][gc,phases      ] GC(817)   Evacuate Optional Collection Set: 0.94ms
[6348.711s][info][gc,phases      ] GC(817)   Post Evacuate Collection Set: 1.45ms
[6348.711s][info][gc,phases      ] GC(817)   Other: 0.08ms
[6348.711s][info][gc,heap        ] GC(817) Eden regions: 715->0(682)
[6348.711s][info][gc,heap        ] GC(817) Survivor regions: 53->54(96)
[6348.711s][info][gc,heap        ] GC(817) Old regions: 204->167
[6348.711s][info][gc,heap        ] GC(817) Humongous regions: 32->32
[6348.711s][info][gc,metaspace   ] GC(817) Metaspace: 29976K(30464K)->29976K(30464K) NonClass: 26579K(26816K)->26579K(26816K) Class: 3397K(3648K)->3397K(3648K)
[6348.711s][info][gc             ] GC(817) Pause Young (Mixed) (G1 Evacuation Pause) 8006M->1999M(10240M) 181.794ms
[6348.711s][info][gc,cpu         ] GC(817) User=1.43s Sys=0.00s Real=0.18s
....[6352.641s][info][gc,start       ] GC(818) Pause Young (Mixed) (G1 Evacuation Pause)
[6352.641s][info][gc,task        ] GC(818) Using 8 workers of 8 for evacuation
[6352.813s][info][gc,phases      ] GC(818)   Pre Evacuate Collection Set: 0.31ms
[6352.813s][info][gc,phases      ] GC(818)   Merge Heap Roots: 0.78ms
[6352.813s][info][gc,phases      ] GC(818)   Evacuate Collection Set: 168.68ms
[6352.813s][info][gc,phases      ] GC(818)   Post Evacuate Collection Set: 1.34ms
[6352.813s][info][gc,phases      ] GC(818)   Other: 0.07ms
[6352.813s][info][gc,heap        ] GC(818) Eden regions: 686->0(715)
[6352.813s][info][gc,heap        ] GC(818) Survivor regions: 54->53(93)
[6352.813s][info][gc,heap        ] GC(818) Old regions: 167->154
[6352.813s][info][gc,heap        ] GC(818) Humongous regions: 32->32
[6352.813s][info][gc,metaspace   ] GC(818) Metaspace: 29976K(30464K)->29976K(30464K) NonClass: 26579K(26816K)->26579K(26816K) Class: 3397K(3648K)->3397K(3648K)
[6352.813s][info][gc             ] GC(818) Pause Young (Mixed) (G1 Evacuation Pause) 7487M->1881M(10240M) 171.326ms
[6352.813s][info][gc,cpu         ] GC(818) User=1.35s Sys=0.00s Real=0.17s
....[6356.877s][info][gc,start       ] GC(819) Pause Young (Mixed) (G1 Evacuation Pause)
[6356.877s][info][gc,task        ] GC(819) Using 8 workers of 8 for evacuation
[6357.048s][info][gc,phases      ] GC(819)   Pre Evacuate Collection Set: 0.30ms
[6357.048s][info][gc,phases      ] GC(819)   Merge Heap Roots: 0.76ms
[6357.048s][info][gc,phases      ] GC(819)   Evacuate Collection Set: 168.23ms
[6357.048s][info][gc,phases      ] GC(819)   Post Evacuate Collection Set: 1.30ms
[6357.048s][info][gc,phases      ] GC(819)   Other: 0.07ms
[6357.048s][info][gc,heap        ] GC(819) Eden regions: 715->0(716)
[6357.048s][info][gc,heap        ] GC(819) Survivor regions: 53->52(96)
[6357.048s][info][gc,heap        ] GC(819) Old regions: 154->142
[6357.048s][info][gc,heap        ] GC(819) Humongous regions: 32->32
[6357.048s][info][gc,metaspace   ] GC(819) Metaspace: 29976K(30464K)->29976K(30464K) NonClass: 26579K(26816K)->26579K(26816K) Class: 3397K(3648K)->3397K(3648K)
[6357.048s][info][gc             ] GC(819) Pause Young (Mixed) (G1 Evacuation Pause) 7601M->1784M(10240M) 170.817ms
[6357.048s][info][gc,cpu         ] GC(819) User=1.35s Sys=0.00s Real=0.17s
....|.[6361.296s][info][gc,start       ] GC(820) Pause Young (Normal) (G1 Evacuation Pause)
[6361.296s][info][gc,task        ] GC(820) Using 8 workers of 8 for evacuation
[6361.471s][info][gc,phases      ] GC(820)   Pre Evacuate Collection Set: 0.28ms
[6361.471s][info][gc,phases      ] GC(820)   Merge Heap Roots: 0.66ms
[6361.471s][info][gc,phases      ] GC(820)   Evacuate Collection Set: 172.34ms
[6361.471s][info][gc,phases      ] GC(820)   Post Evacuate Collection Set: 1.28ms
[6361.471s][info][gc,phases      ] GC(820)   Other: 0.08ms
[6361.471s][info][gc,heap        ] GC(820) Eden regions: 716->0(714)
[6361.471s][info][gc,heap        ] GC(820) Survivor regions: 52->54(96)
[6361.471s][info][gc,heap        ] GC(820) Old regions: 142->145
[6361.471s][info][gc,heap        ] GC(820) Humongous regions: 32->32
[6361.471s][info][gc,metaspace   ] GC(820) Metaspace: 29976K(30464K)->29976K(30464K) NonClass: 26579K(26816K)->26579K(26816K) Class: 3397K(3648K)->3397K(3648K)
[6361.471s][info][gc             ] GC(820) Pause Young (Normal) (G1 Evacuation Pause) 7512M->1817M(10240M) 174.775ms
[6361.471s][info][gc,cpu         ] GC(820) User=1.38s Sys=0.01s Real=0.17s
....[6365.510s][info][gc,start       ] GC(821) Pause Young (Normal) (G1 Evacuation Pause)
[6365.510s][info][gc,task        ] GC(821) Using 8 workers of 8 for evacuation
[6365.684s][info][gc,phases      ] GC(821)   Pre Evacuate Collection Set: 0.27ms
[6365.684s][info][gc,phases      ] GC(821)   Merge Heap Roots: 0.59ms
[6365.684s][info][gc,phases      ] GC(821)   Evacuate Collection Set: 171.98ms
[6365.684s][info][gc,phases      ] GC(821)   Post Evacuate Collection Set: 1.32ms
[6365.684s][info][gc,phases      ] GC(821)   Other: 0.07ms
[6365.684s][info][gc,heap        ] GC(821) Eden regions: 714->0(714)
[6365.684s][info][gc,heap        ] GC(821) Survivor regions: 54->54(96)
[6365.684s][info][gc,heap        ] GC(821) Old regions: 145->147
[6365.684s][info][gc,heap        ] GC(821) Humongous regions: 32->32
[6365.684s][info][gc,metaspace   ] GC(821) Metaspace: 29976K(30464K)->29976K(30464K) NonClass: 26579K(26816K)->26579K(26816K) Class: 3397K(3648K)->3397K(3648K)
[6365.684s][info][gc             ] GC(821) Pause Young (Normal) (G1 Evacuation Pause) 7529M->1843M(10240M) 174.370ms
[6365.684s][info][gc,cpu         ] GC(821) User=1.37s Sys=0.00s Real=0.17s
....[6369.708s][info][gc,start       ] GC(822) Pause Young (Normal) (G1 Evacuation Pause)
[6369.708s][info][gc,task        ] GC(822) Using 8 workers of 8 for evacuation
[6369.876s][info][gc,phases      ] GC(822)   Pre Evacuate Collection Set: 0.29ms
[6369.876s][info][gc,phases      ] GC(822)   Merge Heap Roots: 0.58ms
[6369.876s][info][gc,phases      ] GC(822)   Evacuate Collection Set: 165.57ms
[6369.876s][info][gc,phases      ] GC(822)   Post Evacuate Collection Set: 1.27ms
[6369.876s][info][gc,phases      ] GC(822)   Other: 0.06ms
[6369.876s][info][gc,heap        ] GC(822) Eden regions: 714->0(716)
[6369.876s][info][gc,heap        ] GC(822) Survivor regions: 54->52(96)
[6369.876s][info][gc,heap        ] GC(822) Old regions: 147->150
[6369.876s][info][gc,heap        ] GC(822) Humongous regions: 32->32
[6369.876s][info][gc,metaspace   ] GC(822) Metaspace: 29976K(30464K)->29976K(30464K) NonClass: 26579K(26816K)->26579K(26816K) Class: 3397K(3648K)->3397K(3648K)
[6369.876s][info][gc             ] GC(822) Pause Young (Normal) (G1 Evacuation Pause) 7555M->1843M(10240M) 167.936ms
[6369.876s][info][gc,cpu         ] GC(822) User=1.32s Sys=0.00s Real=0.17s
....[6374.078s][info][gc,start       ] GC(823) Pause Young (Normal) (G1 Evacuation Pause)
[6374.078s][info][gc,task        ] GC(823) Using 8 workers of 8 for evacuation
[6374.252s][info][gc,phases      ] GC(823)   Pre Evacuate Collection Set: 0.28ms
[6374.252s][info][gc,phases      ] GC(823)   Merge Heap Roots: 0.59ms
[6374.252s][info][gc,phases      ] GC(823)   Evacuate Collection Set: 171.27ms
[6374.252s][info][gc,phases      ] GC(823)   Post Evacuate Collection Set: 1.28ms
[6374.252s][info][gc,phases      ] GC(823)   Other: 0.07ms
[6374.252s][info][gc,heap        ] GC(823) Eden regions: 716->0(715)
[6374.252s][info][gc,heap        ] GC(823) Survivor regions: 52->53(96)
[6374.252s][info][gc,heap        ] GC(823) Old regions: 150->152
[6374.252s][info][gc,heap        ] GC(823) Humongous regions: 32->32
[6374.252s][info][gc,metaspace   ] GC(823) Metaspace: 29976K(30464K)->29976K(30464K) NonClass: 26579K(26816K)->26579K(26816K) Class: 3397K(3648K)->3397K(3648K)
[6374.252s][info][gc             ] GC(823) Pause Young (Normal) (G1 Evacuation Pause) 7571M->1875M(10240M) 173.628ms
[6374.252s][info][gc,cpu         ] GC(823) User=1.37s Sys=0.01s Real=0.17s
....[6378.198s][info][gc,start       ] GC(824) Pause Young (Normal) (G1 Evacuation Pause)
[6378.198s][info][gc,task        ] GC(824) Using 8 workers of 8 for evacuation
[6378.362s][info][gc,phases      ] GC(824)   Pre Evacuate Collection Set: 0.32ms
[6378.362s][info][gc,phases      ] GC(824)   Merge Heap Roots: 0.59ms
[6378.362s][info][gc,phases      ] GC(824)   Evacuate Collection Set: 161.57ms
[6378.362s][info][gc,phases      ] GC(824)   Post Evacuate Collection Set: 1.28ms
[6378.362s][info][gc,phases      ] GC(824)   Other: 0.07ms
[6378.362s][info][gc,heap        ] GC(824) Eden regions: 715->0(717)
[6378.362s][info][gc,heap        ] GC(824) Survivor regions: 53->51(96)
[6378.362s][info][gc,heap        ] GC(824) Old regions: 152->155
[6378.362s][info][gc,heap        ] GC(824) Humongous regions: 32->32
[6378.362s][info][gc,metaspace   ] GC(824) Metaspace: 29976K(30464K)->29976K(30464K) NonClass: 26579K(26816K)->26579K(26816K) Class: 3397K(3648K)->3397K(3648K)
[6378.362s][info][gc             ] GC(824) Pause Young (Normal) (G1 Evacuation Pause) 7595M->1881M(10240M) 163.987ms
[6378.362s][info][gc,cpu         ] GC(824) User=1.29s Sys=0.00s Real=0.16s
.....[6382.473s][info][gc,start       ] GC(825) Pause Young (Normal) (G1 Evacuation Pause)
[6382.473s][info][gc,task        ] GC(825) Using 8 workers of 8 for evacuation
[6382.643s][info][gc,phases      ] GC(825)   Pre Evacuate Collection Set: 0.30ms
[6382.643s][info][gc,phases      ] GC(825)   Merge Heap Roots: 0.66ms
[6382.643s][info][gc,phases      ] GC(825)   Evacuate Collection Set: 167.52ms
[6382.643s][info][gc,phases      ] GC(825)   Post Evacuate Collection Set: 1.28ms
[6382.643s][info][gc,phases      ] GC(825)   Other: 0.07ms
[6382.643s][info][gc,heap        ] GC(825) Eden regions: 717->0(716)
[6382.643s][info][gc,heap        ] GC(825) Survivor regions: 51->52(96)
[6382.643s][info][gc,heap        ] GC(825) Old regions: 155->158
[6382.643s][info][gc,heap        ] GC(825) Humongous regions: 32->32
[6382.643s][info][gc,metaspace   ] GC(825) Metaspace: 29976K(30464K)->29976K(30464K) NonClass: 26579K(26816K)->26579K(26816K) Class: 3397K(3648K)->3397K(3648K)
[6382.643s][info][gc             ] GC(825) Pause Young (Normal) (G1 Evacuation Pause) 7617M->1905M(10240M) 169.969ms
[6382.643s][info][gc,cpu         ] GC(825) User=1.34s Sys=0.00s Real=0.17s
....[6386.727s][info][gc,start       ] GC(826) Pause Young (Normal) (G1 Evacuation Pause)
[6386.727s][info][gc,task        ] GC(826) Using 8 workers of 8 for evacuation
[6386.897s][info][gc,phases      ] GC(826)   Pre Evacuate Collection Set: 0.29ms
[6386.897s][info][gc,phases      ] GC(826)   Merge Heap Roots: 0.59ms
[6386.897s][info][gc,phases      ] GC(826)   Evacuate Collection Set: 167.08ms
[6386.897s][info][gc,phases      ] GC(826)   Post Evacuate Collection Set: 1.33ms
[6386.897s][info][gc,phases      ] GC(826)   Other: 0.07ms
[6386.897s][info][gc,heap        ] GC(826) Eden regions: 716->0(715)
[6386.897s][info][gc,heap        ] GC(826) Survivor regions: 52->53(96)
[6386.897s][info][gc,heap        ] GC(826) Old regions: 158->160
[6386.897s][info][gc,heap        ] GC(826) Humongous regions: 32->32
[6386.897s][info][gc,metaspace   ] GC(826) Metaspace: 29976K(30464K)->29976K(30464K) NonClass: 26579K(26816K)->26579K(26816K) Class: 3397K(3648K)->3397K(3648K)
[6386.897s][info][gc             ] GC(826) Pause Young (Normal) (G1 Evacuation Pause) 7633M->1935M(10240M) 169.504ms
[6386.897s][info][gc,cpu         ] GC(826) User=1.34s Sys=0.00s Real=0.17s
....[6391.045s][info][gc,start       ] GC(827) Pause Young (Normal) (G1 Evacuation Pause)
[6391.045s][info][gc,task        ] GC(827) Using 8 workers of 8 for evacuation
[6391.216s][info][gc,phases      ] GC(827)   Pre Evacuate Collection Set: 0.29ms
[6391.216s][info][gc,phases      ] GC(827)   Merge Heap Roots: 0.60ms
[6391.216s][info][gc,phases      ] GC(827)   Evacuate Collection Set: 167.99ms
[6391.216s][info][gc,phases      ] GC(827)   Post Evacuate Collection Set: 1.28ms
[6391.216s][info][gc,phases      ] GC(827)   Other: 0.07ms
[6391.216s][info][gc,heap        ] GC(827) Eden regions: 715->0(715)
[6391.216s][info][gc,heap        ] GC(827) Survivor regions: 53->53(96)
[6391.216s][info][gc,heap        ] GC(827) Old regions: 160->163
[6391.216s][info][gc,heap        ] GC(827) Humongous regions: 32->32
[6391.216s][info][gc,metaspace   ] GC(827) Metaspace: 29976K(30464K)->29976K(30464K) NonClass: 26579K(26816K)->26579K(26816K) Class: 3397K(3648K)->3397K(3648K)
[6391.216s][info][gc             ] GC(827) Pause Young (Normal) (G1 Evacuation Pause) 7655M->1959M(10240M) 170.384ms
[6391.216s][info][gc,cpu         ] GC(827) User=1.34s Sys=0.00s Real=0.17s
....[6395.375s][info][gc,start       ] GC(828) Pause Young (Normal) (G1 Evacuation Pause)
[6395.375s][info][gc,task        ] GC(828) Using 8 workers of 8 for evacuation
[6395.541s][info][gc,phases      ] GC(828)   Pre Evacuate Collection Set: 0.30ms
[6395.541s][info][gc,phases      ] GC(828)   Merge Heap Roots: 0.61ms
[6395.541s][info][gc,phases      ] GC(828)   Evacuate Collection Set: 164.12ms
[6395.541s][info][gc,phases      ] GC(828)   Post Evacuate Collection Set: 1.31ms
[6395.541s][info][gc,phases      ] GC(828)   Other: 0.08ms
[6395.541s][info][gc,heap        ] GC(828) Eden regions: 715->0(717)
[6395.541s][info][gc,heap        ] GC(828) Survivor regions: 53->51(96)
[6395.541s][info][gc,heap        ] GC(828) Old regions: 163->166
[6395.541s][info][gc,heap        ] GC(828) Humongous regions: 32->32
[6395.541s][info][gc,metaspace   ] GC(828) Metaspace: 29976K(30464K)->29976K(30464K) NonClass: 26579K(26816K)->26579K(26816K) Class: 3397K(3648K)->3397K(3648K)
[6395.541s][info][gc             ] GC(828) Pause Young (Normal) (G1 Evacuation Pause) 7679M->1964M(10240M) 166.574ms
[6395.541s][info][gc,cpu         ] GC(828) User=1.30s Sys=0.00s Real=0.17s
.....[6399.681s][info][gc,start       ] GC(829) Pause Young (Normal) (G1 Evacuation Pause)
[6399.681s][info][gc,task        ] GC(829) Using 8 workers of 8 for evacuation
[6399.849s][info][gc,phases      ] GC(829)   Pre Evacuate Collection Set: 0.31ms
[6399.849s][info][gc,phases      ] GC(829)   Merge Heap Roots: 0.61ms
[6399.849s][info][gc,phases      ] GC(829)   Evacuate Collection Set: 165.92ms
[6399.849s][info][gc,phases      ] GC(829)   Post Evacuate Collection Set: 1.33ms
[6399.849s][info][gc,phases      ] GC(829)   Other: 0.07ms
[6399.849s][info][gc,heap        ] GC(829) Eden regions: 717->0(716)
[6399.849s][info][gc,heap        ] GC(829) Survivor regions: 51->52(96)
[6399.849s][info][gc,heap        ] GC(829) Old regions: 166->168
[6399.849s][info][gc,heap        ] GC(829) Humongous regions: 32->32
[6399.849s][info][gc,metaspace   ] GC(829) Metaspace: 29976K(30464K)->29976K(30464K) NonClass: 26579K(26816K)->26579K(26816K) Class: 3397K(3648K)->3397K(3648K)
[6399.849s][info][gc             ] GC(829) Pause Young (Normal) (G1 Evacuation Pause) 7700M->1993M(10240M) 168.372ms
[6399.849s][info][gc,cpu         ] GC(829) User=1.33s Sys=0.01s Real=0.17s
....[6404.045s][info][gc,start       ] GC(830) Pause Young (Normal) (G1 Evacuation Pause)
[6404.045s][info][gc,task        ] GC(830) Using 8 workers of 8 for evacuation
[6404.222s][info][gc,phases      ] GC(830)   Pre Evacuate Collection Set: 0.30ms
[6404.222s][info][gc,phases      ] GC(830)   Merge Heap Roots: 0.61ms
[6404.222s][info][gc,phases      ] GC(830)   Evacuate Collection Set: 175.22ms
[6404.222s][info][gc,phases      ] GC(830)   Post Evacuate Collection Set: 1.34ms
[6404.222s][info][gc,phases      ] GC(830)   Other: 0.07ms
[6404.222s][info][gc,heap        ] GC(830) Eden regions: 716->0(713)
[6404.222s][info][gc,heap        ] GC(830) Survivor regions: 52->55(96)
[6404.222s][info][gc,heap        ] GC(830) Old regions: 168->171
[6404.222s][info][gc,heap        ] GC(830) Humongous regions: 32->32
[6404.222s][info][gc,metaspace   ] GC(830) Metaspace: 29976K(30464K)->29976K(30464K) NonClass: 26579K(26816K)->26579K(26816K) Class: 3397K(3648K)->3397K(3648K)
[6404.222s][info][gc             ] GC(830) Pause Young (Normal) (G1 Evacuation Pause) 7721M->2033M(10240M) 177.686ms
[6404.222s][info][gc,cpu         ] GC(830) User=1.40s Sys=0.00s Real=0.18s
....[6408.246s][info][gc,start       ] GC(831) Pause Young (Normal) (G1 Evacuation Pause)
[6408.246s][info][gc,task        ] GC(831) Using 8 workers of 8 for evacuation
[6408.412s][info][gc,phases      ] GC(831)   Pre Evacuate Collection Set: 0.32ms
[6408.412s][info][gc,phases      ] GC(831)   Merge Heap Roots: 0.56ms
[6408.412s][info][gc,phases      ] GC(831)   Evacuate Collection Set: 163.48ms
[6408.412s][info][gc,phases      ] GC(831)   Post Evacuate Collection Set: 1.29ms
[6408.412s][info][gc,phases      ] GC(831)   Other: 0.06ms
[6408.412s][info][gc,heap        ] GC(831) Eden regions: 713->0(717)
[6408.412s][info][gc,heap        ] GC(831) Survivor regions: 55->51(96)
[6408.412s][info][gc,heap        ] GC(831) Old regions: 171->174
[6408.412s][info][gc,heap        ] GC(831) Humongous regions: 32->32
[6408.412s][info][gc,metaspace   ] GC(831) Metaspace: 29976K(30464K)->29976K(30464K) NonClass: 26579K(26816K)->26579K(26816K) Class: 3397K(3648K)->3397K(3648K)
[6408.412s][info][gc             ] GC(831) Pause Young (Normal) (G1 Evacuation Pause) 7737M->2027M(10240M) 165.859ms
[6408.412s][info][gc,cpu         ] GC(831) User=1.30s Sys=0.01s Real=0.16s
....[6412.526s][info][gc,start       ] GC(832) Pause Young (Normal) (G1 Evacuation Pause)
[6412.526s][info][gc,task        ] GC(832) Using 8 workers of 8 for evacuation
[6412.700s][info][gc,phases      ] GC(832)   Pre Evacuate Collection Set: 0.29ms
[6412.700s][info][gc,phases      ] GC(832)   Merge Heap Roots: 0.59ms
[6412.700s][info][gc,phases      ] GC(832)   Evacuate Collection Set: 172.08ms
[6412.700s][info][gc,phases      ] GC(832)   Post Evacuate Collection Set: 1.28ms
[6412.700s][info][gc,phases      ] GC(832)   Other: 0.07ms
[6412.700s][info][gc,heap        ] GC(832) Eden regions: 717->0(715)
[6412.700s][info][gc,heap        ] GC(832) Survivor regions: 51->53(96)
[6412.700s][info][gc,heap        ] GC(832) Old regions: 174->176
[6412.700s][info][gc,heap        ] GC(832) Humongous regions: 32->32
[6412.700s][info][gc,metaspace   ] GC(832) Metaspace: 29976K(30464K)->29976K(30464K) NonClass: 26579K(26816K)->26579K(26816K) Class: 3397K(3648K)->3397K(3648K)
[6412.700s][info][gc             ] GC(832) Pause Young (Normal) (G1 Evacuation Pause) 7763M->2064M(10240M) 174.447ms
[6412.700s][info][gc,cpu         ] GC(832) User=1.38s Sys=0.00s Real=0.17s
.....[6416.785s][info][gc,start       ] GC(833) Pause Young (Normal) (G1 Evacuation Pause)
[6416.785s][info][gc,task        ] GC(833) Using 8 workers of 8 for evacuation
[6416.954s][info][gc,phases      ] GC(833)   Pre Evacuate Collection Set: 0.30ms
[6416.954s][info][gc,phases      ] GC(833)   Merge Heap Roots: 0.59ms
[6416.954s][info][gc,phases      ] GC(833)   Evacuate Collection Set: 167.09ms
[6416.954s][info][gc,phases      ] GC(833)   Post Evacuate Collection Set: 1.33ms
[6416.954s][info][gc,phases      ] GC(833)   Other: 0.07ms
[6416.954s][info][gc,heap        ] GC(833) Eden regions: 715->0(716)
[6416.954s][info][gc,heap        ] GC(833) Survivor regions: 53->52(96)
[6416.954s][info][gc,heap        ] GC(833) Old regions: 176->179
[6416.954s][info][gc,heap        ] GC(833) Humongous regions: 32->32
[6416.954s][info][gc,metaspace   ] GC(833) Metaspace: 29976K(30464K)->29976K(30464K) NonClass: 26579K(26816K)->26579K(26816K) Class: 3397K(3648K)->3397K(3648K)
[6416.954s][info][gc             ] GC(833) Pause Young (Normal) (G1 Evacuation Pause) 7784M->2078M(10240M) 169.522ms
[6416.954s][info][gc,cpu         ] GC(833) User=1.33s Sys=0.00s Real=0.17s
.... (rIR:aIR:PR = 11208:11248:11250) (tPR = 168136) [OK] 
  6420s: Performance info:
         Transaction,    Success,    Partial,     Failed,   Receipts, AvgBarcode, 
             Overall,     681501,          0,          0,     647234,      59.48, 
         Response times:
             Request,    Success,    Partial,     Failed,   SkipFail,     Probes,    Samples,      min,      p50,      p90,      p95,      p99,      max, 
       TotalPurchase,     647199,          0,          0,          0,     359224,     546343,      300,    13000,    99000,   140000,   263560,  3200000,
     InStorePurchase,     338531,          0,          0,          0,     189191,     287641,      300,    13000,    98000,   139000,   266000,  3200000,
      OnlinePurchase,     241178,          0,          0,          0,     132693,     201279,      300,    13000,   100000,   142000,   257000,  3200000,
        InstPurchase,      67490,          0,          0,          0,      37340,      57423,      400,    12800,    98000,   140000,   268000,  3200000,
          AssocOfCat,        681,          0,          0,          0,        587,       1052,    34000,    70000,   170000,   222050,   389510,   760000,
      AssocOfProduct,       6863,          0,          0,          0,       4115,       6604,      500,    13200,    95000,   137000,   311700,  2300000,
      BusinessReport,       1699,          0,          0,          0,       1538,       2510,    37000,    84000,   178000,   230450,   333890,   630000,
          CustBuyBeh,       6866,          0,          0,          0,       4077,       6487,      500,    12600,    98000,   143000,   258600,   710000,
       ProductReturn,      18121,          0,          0,          0,       9998,      15603,      200,    12800,    98000,   139000,   255960,  3200000,

  6420s: (82%)   IR =  11346 [6421.084s][info][gc,start       ] GC(834) Pause Young (Normal) (G1 Evacuation Pause)
[6421.084s][info][gc,task        ] GC(834) Using 8 workers of 8 for evacuation
[6421.256s][info][gc,phases      ] GC(834)   Pre Evacuate Collection Set: 0.29ms
[6421.256s][info][gc,phases      ] GC(834)   Merge Heap Roots: 0.59ms
[6421.256s][info][gc,phases      ] GC(834)   Evacuate Collection Set: 169.96ms
[6421.256s][info][gc,phases      ] GC(834)   Post Evacuate Collection Set: 1.35ms
[6421.256s][info][gc,phases      ] GC(834)   Other: 0.07ms
[6421.256s][info][gc,heap        ] GC(834) Eden regions: 716->0(714)
[6421.256s][info][gc,heap        ] GC(834) Survivor regions: 52->54(96)
[6421.256s][info][gc,heap        ] GC(834) Old regions: 179->182
[6421.256s][info][gc,heap        ] GC(834) Humongous regions: 32->32
[6421.256s][info][gc,metaspace   ] GC(834) Metaspace: 29976K(30464K)->29976K(30464K) NonClass: 26579K(26816K)->26579K(26816K) Class: 3397K(3648K)->3397K(3648K)
[6421.256s][info][gc             ] GC(834) Pause Young (Normal) (G1 Evacuation Pause) 7806M->2111M(10240M) 172.389ms
[6421.256s][info][gc,cpu         ] GC(834) User=1.36s Sys=0.00s Real=0.18s
....[6425.438s][info][gc,start       ] GC(835) Pause Young (Normal) (G1 Evacuation Pause)
[6425.438s][info][gc,task        ] GC(835) Using 8 workers of 8 for evacuation
[6425.610s][info][gc,phases      ] GC(835)   Pre Evacuate Collection Set: 0.30ms
[6425.610s][info][gc,phases      ] GC(835)   Merge Heap Roots: 0.60ms
[6425.610s][info][gc,phases      ] GC(835)   Evacuate Collection Set: 169.18ms
[6425.610s][info][gc,phases      ] GC(835)   Post Evacuate Collection Set: 1.29ms
[6425.610s][info][gc,phases      ] GC(835)   Other: 0.06ms
[6425.610s][info][gc,heap        ] GC(835) Eden regions: 714->0(715)
[6425.610s][info][gc,heap        ] GC(835) Survivor regions: 54->53(96)
[6425.610s][info][gc,heap        ] GC(835) Old regions: 182->184
[6425.610s][info][gc,heap        ] GC(835) Humongous regions: 32->32
[6425.610s][info][gc,metaspace   ] GC(835) Metaspace: 29978K(30464K)->29978K(30464K) NonClass: 26580K(26816K)->26580K(26816K) Class: 3397K(3648K)->3397K(3648K)
[6425.610s][info][gc             ] GC(835) Pause Young (Normal) (G1 Evacuation Pause) 7823M->2125M(10240M) 171.573ms
[6425.610s][info][gc,cpu         ] GC(835) User=1.35s Sys=0.00s Real=0.17s
....[6429.585s][info][gc,start       ] GC(836) Pause Young (Normal) (G1 Evacuation Pause)
[6429.585s][info][gc,task        ] GC(836) Using 8 workers of 8 for evacuation
[6429.756s][info][gc,phases      ] GC(836)   Pre Evacuate Collection Set: 0.29ms
[6429.756s][info][gc,phases      ] GC(836)   Merge Heap Roots: 0.63ms
[6429.756s][info][gc,phases      ] GC(836)   Evacuate Collection Set: 169.12ms
[6429.756s][info][gc,phases      ] GC(836)   Post Evacuate Collection Set: 1.32ms
[6429.756s][info][gc,phases      ] GC(836)   Other: 0.07ms
[6429.756s][info][gc,heap        ] GC(836) Eden regions: 715->0(714)
[6429.756s][info][gc,heap        ] GC(836) Survivor regions: 53->54(96)
[6429.756s][info][gc,heap        ] GC(836) Old regions: 184->187
[6429.756s][info][gc,heap        ] GC(836) Humongous regions: 32->32
[6429.756s][info][gc,metaspace   ] GC(836) Metaspace: 29978K(30464K)->29978K(30464K) NonClass: 26580K(26816K)->26580K(26816K) Class: 3397K(3648K)->3397K(3648K)
[6429.756s][info][gc             ] GC(836) Pause Young (Normal) (G1 Evacuation Pause) 7845M->2153M(10240M) 171.581ms
[6429.756s][info][gc,cpu         ] GC(836) User=1.35s Sys=0.00s Real=0.18s
....[6433.770s][info][gc,start       ] GC(837) Pause Young (Normal) (G1 Evacuation Pause)
[6433.770s][info][gc,task        ] GC(837) Using 8 workers of 8 for evacuation
[6433.945s][info][gc,phases      ] GC(837)   Pre Evacuate Collection Set: 0.27ms
[6433.945s][info][gc,phases      ] GC(837)   Merge Heap Roots: 0.59ms
[6433.945s][info][gc,phases      ] GC(837)   Evacuate Collection Set: 172.30ms
[6433.945s][info][gc,phases      ] GC(837)   Post Evacuate Collection Set: 1.31ms
[6433.945s][info][gc,phases      ] GC(837)   Other: 0.06ms
[6433.945s][info][gc,heap        ] GC(837) Eden regions: 714->0(714)
[6433.945s][info][gc,heap        ] GC(837) Survivor regions: 54->54(96)
[6433.945s][info][gc,heap        ] GC(837) Old regions: 187->190
[6433.945s][info][gc,heap        ] GC(837) Humongous regions: 32->32
[6433.945s][info][gc,metaspace   ] GC(837) Metaspace: 29978K(30464K)->29978K(30464K) NonClass: 26580K(26816K)->26580K(26816K) Class: 3397K(3648K)->3397K(3648K)
[6433.945s][info][gc             ] GC(837) Pause Young (Normal) (G1 Evacuation Pause) 7865M->2175M(10240M) 174.660ms
[6433.945s][info][gc,cpu         ] GC(837) User=1.37s Sys=0.01s Real=0.18s
...|..[6437.968s][info][gc,start       ] GC(838) Pause Young (Normal) (G1 Evacuation Pause)
[6437.968s][info][gc,task        ] GC(838) Using 8 workers of 8 for evacuation
[6438.139s][info][gc,phases      ] GC(838)   Pre Evacuate Collection Set: 0.29ms
[6438.139s][info][gc,phases      ] GC(838)   Merge Heap Roots: 0.56ms
[6438.139s][info][gc,phases      ] GC(838)   Evacuate Collection Set: 168.78ms
[6438.139s][info][gc,phases      ] GC(838)   Post Evacuate Collection Set: 1.31ms
[6438.139s][info][gc,phases      ] GC(838)   Other: 0.07ms
[6438.139s][info][gc,heap        ] GC(838) Eden regions: 714->0(715)
[6438.139s][info][gc,heap        ] GC(838) Survivor regions: 54->53(96)
[6438.139s][info][gc,heap        ] GC(838) Old regions: 190->192
[6438.139s][info][gc,heap        ] GC(838) Humongous regions: 32->32
[6438.139s][info][gc,metaspace   ] GC(838) Metaspace: 29978K(30464K)->29978K(30464K) NonClass: 26580K(26816K)->26580K(26816K) Class: 3397K(3648K)->3397K(3648K)
[6438.139s][info][gc             ] GC(838) Pause Young (Normal) (G1 Evacuation Pause) 7887M->2191M(10240M) 171.152ms
[6438.139s][info][gc,cpu         ] GC(838) User=1.34s Sys=0.01s Real=0.17s
....[6442.080s][info][gc,start       ] GC(839) Pause Young (Normal) (G1 Evacuation Pause)
[6442.081s][info][gc,task        ] GC(839) Using 8 workers of 8 for evacuation
[6442.253s][info][gc,phases      ] GC(839)   Pre Evacuate Collection Set: 0.30ms
[6442.253s][info][gc,phases      ] GC(839)   Merge Heap Roots: 0.59ms
[6442.253s][info][gc,phases      ] GC(839)   Evacuate Collection Set: 169.74ms
[6442.253s][info][gc,phases      ] GC(839)   Post Evacuate Collection Set: 1.35ms
[6442.253s][info][gc,phases      ] GC(839)   Other: 0.06ms
[6442.253s][info][gc,heap        ] GC(839) Eden regions: 715->0(715)
[6442.253s][info][gc,heap        ] GC(839) Survivor regions: 53->53(96)
[6442.253s][info][gc,heap        ] GC(839) Old regions: 192->195
[6442.253s][info][gc,heap        ] GC(839) Humongous regions: 32->32
[6442.253s][info][gc,metaspace   ] GC(839) Metaspace: 29978K(30464K)->29978K(30464K) NonClass: 26580K(26816K)->26580K(26816K) Class: 3397K(3648K)->3397K(3648K)
[6442.253s][info][gc             ] GC(839) Pause Young (Normal) (G1 Evacuation Pause) 7911M->2207M(10240M) 172.179ms
[6442.253s][info][gc,cpu         ] GC(839) User=1.36s Sys=0.00s Real=0.17s
....[6446.384s][info][gc,start       ] GC(840) Pause Young (Normal) (G1 Evacuation Pause)
[6446.384s][info][gc,task        ] GC(840) Using 8 workers of 8 for evacuation
[6446.554s][info][gc,phases      ] GC(840)   Pre Evacuate Collection Set: 0.29ms
[6446.554s][info][gc,phases      ] GC(840)   Merge Heap Roots: 0.60ms
[6446.554s][info][gc,phases      ] GC(840)   Evacuate Collection Set: 167.36ms
[6446.554s][info][gc,phases      ] GC(840)   Post Evacuate Collection Set: 1.31ms
[6446.554s][info][gc,phases      ] GC(840)   Other: 0.06ms
[6446.554s][info][gc,heap        ] GC(840) Eden regions: 715->0(715)
[6446.554s][info][gc,heap        ] GC(840) Survivor regions: 53->53(96)
[6446.554s][info][gc,heap        ] GC(840) Old regions: 195->197
[6446.554s][info][gc,heap        ] GC(840) Humongous regions: 32->32
[6446.554s][info][gc,metaspace   ] GC(840) Metaspace: 29978K(30464K)->29978K(30464K) NonClass: 26580K(26816K)->26580K(26816K) Class: 3397K(3648K)->3397K(3648K)
[6446.554s][info][gc             ] GC(840) Pause Young (Normal) (G1 Evacuation Pause) 7927M->2230M(10240M) 169.761ms
[6446.554s][info][gc,cpu         ] GC(840) User=1.33s Sys=0.00s Real=0.17s
....[6450.629s][info][gc,start       ] GC(841) Pause Young (Normal) (G1 Evacuation Pause)
[6450.629s][info][gc,task        ] GC(841) Using 8 workers of 8 for evacuation
[6450.804s][info][gc,phases      ] GC(841)   Pre Evacuate Collection Set: 0.28ms
[6450.804s][info][gc,phases      ] GC(841)   Merge Heap Roots: 0.57ms
[6450.804s][info][gc,phases      ] GC(841)   Evacuate Collection Set: 172.70ms
[6450.804s][info][gc,phases      ] GC(841)   Post Evacuate Collection Set: 1.31ms
[6450.804s][info][gc,phases      ] GC(841)   Other: 0.08ms
[6450.804s][info][gc,heap        ] GC(841) Eden regions: 715->0(715)
[6450.804s][info][gc,heap        ] GC(841) Survivor regions: 53->53(96)
[6450.804s][info][gc,heap        ] GC(841) Old regions: 197->200
[6450.804s][info][gc,heap        ] GC(841) Humongous regions: 32->32
[6450.804s][info][gc,metaspace   ] GC(841) Metaspace: 29978K(30464K)->29978K(30464K) NonClass: 26580K(26816K)->26580K(26816K) Class: 3397K(3648K)->3397K(3648K)
[6450.804s][info][gc             ] GC(841) Pause Young (Normal) (G1 Evacuation Pause) 7950M->2254M(10240M) 175.072ms
[6450.804s][info][gc,cpu         ] GC(841) User=1.38s Sys=0.00s Real=0.17s
....[6454.806s][info][gc,start       ] GC(842) Pause Young (Normal) (G1 Evacuation Pause)
[6454.806s][info][gc,task        ] GC(842) Using 8 workers of 8 for evacuation
[6454.981s][info][gc,phases      ] GC(842)   Pre Evacuate Collection Set: 0.29ms
[6454.981s][info][gc,phases      ] GC(842)   Merge Heap Roots: 0.60ms
[6454.981s][info][gc,phases      ] GC(842)   Evacuate Collection Set: 173.04ms
[6454.981s][info][gc,phases      ] GC(842)   Post Evacuate Collection Set: 1.32ms
[6454.982s][info][gc,phases      ] GC(842)   Other: 0.08ms
[6454.982s][info][gc,heap        ] GC(842) Eden regions: 715->0(714)
[6454.982s][info][gc,heap        ] GC(842) Survivor regions: 53->54(96)
[6454.982s][info][gc,heap        ] GC(842) Old regions: 200->202
[6454.982s][info][gc,heap        ] GC(842) Humongous regions: 32->32
[6454.982s][info][gc,metaspace   ] GC(842) Metaspace: 29978K(30464K)->29978K(30464K) NonClass: 26580K(26816K)->26580K(26816K) Class: 3397K(3648K)->3397K(3648K)
[6454.982s][info][gc             ] GC(842) Pause Young (Normal) (G1 Evacuation Pause) 7974M->2279M(10240M) 175.477ms
[6454.982s][info][gc,cpu         ] GC(842) User=1.38s Sys=0.00s Real=0.17s
....[6458.982s][info][gc,start       ] GC(843) Pause Young (Normal) (G1 Evacuation Pause)
[6458.983s][info][gc,task        ] GC(843) Using 8 workers of 8 for evacuation
[6459.158s][info][gc,phases      ] GC(843)   Pre Evacuate Collection Set: 0.33ms
[6459.158s][info][gc,phases      ] GC(843)   Merge Heap Roots: 0.64ms
[6459.158s][info][gc,phases      ] GC(843)   Evacuate Collection Set: 172.84ms
[6459.158s][info][gc,phases      ] GC(843)   Post Evacuate Collection Set: 1.31ms
[6459.158s][info][gc,phases      ] GC(843)   Other: 0.07ms
[6459.158s][info][gc,heap        ] GC(843) Eden regions: 714->0(714)
[6459.158s][info][gc,heap        ] GC(843) Survivor regions: 54->54(96)
[6459.158s][info][gc,heap        ] GC(843) Old regions: 202->205
[6459.158s][info][gc,heap        ] GC(843) Humongous regions: 32->32
[6459.158s][info][gc,metaspace   ] GC(843) Metaspace: 29978K(30464K)->29978K(30464K) NonClass: 26580K(26816K)->26580K(26816K) Class: 3397K(3648K)->3397K(3648K)
[6459.158s][info][gc             ] GC(843) Pause Young (Normal) (G1 Evacuation Pause) 7991M->2304M(10240M) 175.327ms
[6459.158s][info][gc,cpu         ] GC(843) User=1.38s Sys=0.00s Real=0.18s
.....[6463.195s][info][gc,start       ] GC(844) Pause Young (Normal) (G1 Evacuation Pause)
[6463.196s][info][gc,task        ] GC(844) Using 8 workers of 8 for evacuation
[6463.362s][info][gc,phases      ] GC(844)   Pre Evacuate Collection Set: 0.30ms
[6463.362s][info][gc,phases      ] GC(844)   Merge Heap Roots: 0.56ms
[6463.362s][info][gc,phases      ] GC(844)   Evacuate Collection Set: 164.51ms
[6463.362s][info][gc,phases      ] GC(844)   Post Evacuate Collection Set: 1.29ms
[6463.362s][info][gc,phases      ] GC(844)   Other: 0.06ms
[6463.362s][info][gc,heap        ] GC(844) Eden regions: 714->0(716)
[6463.362s][info][gc,heap        ] GC(844) Survivor regions: 54->52(96)
[6463.362s][info][gc,heap        ] GC(844) Old regions: 205->208
[6463.362s][info][gc,heap        ] GC(844) Humongous regions: 32->32
[6463.362s][info][gc,metaspace   ] GC(844) Metaspace: 29978K(30464K)->29978K(30464K) NonClass: 26580K(26816K)->26580K(26816K) Class: 3397K(3648K)->3397K(3648K)
[6463.362s][info][gc             ] GC(844) Pause Young (Normal) (G1 Evacuation Pause) 8016M->2309M(10240M) 166.861ms
[6463.362s][info][gc,cpu         ] GC(844) User=1.31s Sys=0.00s Real=0.16s
....[6467.506s][info][gc,start       ] GC(845) Pause Young (Normal) (G1 Evacuation Pause)
[6467.506s][info][gc,task        ] GC(845) Using 8 workers of 8 for evacuation
[6467.679s][info][gc,phases      ] GC(845)   Pre Evacuate Collection Set: 0.31ms
[6467.679s][info][gc,phases      ] GC(845)   Merge Heap Roots: 0.61ms
[6467.679s][info][gc,phases      ] GC(845)   Evacuate Collection Set: 170.66ms
[6467.679s][info][gc,phases      ] GC(845)   Post Evacuate Collection Set: 1.30ms
[6467.679s][info][gc,phases      ] GC(845)   Other: 0.06ms
[6467.679s][info][gc,heap        ] GC(845) Eden regions: 716->0(715)
[6467.679s][info][gc,heap        ] GC(845) Survivor regions: 52->53(96)
[6467.679s][info][gc,heap        ] GC(845) Old regions: 208->210
[6467.679s][info][gc,heap        ] GC(845) Humongous regions: 32->32
[6467.679s][info][gc,metaspace   ] GC(845) Metaspace: 29978K(30464K)->29978K(30464K) NonClass: 26580K(26816K)->26580K(26816K) Class: 3397K(3648K)->3397K(3648K)
[6467.679s][info][gc             ] GC(845) Pause Young (Normal) (G1 Evacuation Pause) 8037M->2338M(10240M) 173.083ms
[6467.679s][info][gc,cpu         ] GC(845) User=1.36s Sys=0.00s Real=0.17s
....[6471.685s][info][gc,start       ] GC(846) Pause Young (Normal) (G1 Evacuation Pause)
[6471.685s][info][gc,task        ] GC(846) Using 8 workers of 8 for evacuation
[6471.854s][info][gc,phases      ] GC(846)   Pre Evacuate Collection Set: 0.29ms
[6471.854s][info][gc,phases      ] GC(846)   Merge Heap Roots: 0.61ms
[6471.854s][info][gc,phases      ] GC(846)   Evacuate Collection Set: 166.54ms
[6471.854s][info][gc,phases      ] GC(846)   Post Evacuate Collection Set: 1.27ms
[6471.854s][info][gc,phases      ] GC(846)   Other: 0.07ms
[6471.854s][info][gc,heap        ] GC(846) Eden regions: 715->0(716)
[6471.854s][info][gc,heap        ] GC(846) Survivor regions: 53->52(96)
[6471.854s][info][gc,heap        ] GC(846) Old regions: 210->213
[6471.854s][info][gc,heap        ] GC(846) Humongous regions: 32->32
[6471.854s][info][gc,metaspace   ] GC(846) Metaspace: 29978K(30464K)->29978K(30464K) NonClass: 26580K(26816K)->26580K(26816K) Class: 3397K(3648K)->3397K(3648K)
[6471.854s][info][gc             ] GC(846) Pause Young (Normal) (G1 Evacuation Pause) 8058M->2346M(10240M) 168.923ms
[6471.854s][info][gc,cpu         ] GC(846) User=1.33s Sys=0.00s Real=0.16s
....[6476.002s][info][gc,start       ] GC(847) Pause Young (Normal) (G1 Evacuation Pause)
[6476.002s][info][gc,task        ] GC(847) Using 8 workers of 8 for evacuation
[6476.173s][info][gc,phases      ] GC(847)   Pre Evacuate Collection Set: 0.27ms
[6476.173s][info][gc,phases      ] GC(847)   Merge Heap Roots: 0.58ms
[6476.173s][info][gc,phases      ] GC(847)   Evacuate Collection Set: 168.77ms
[6476.173s][info][gc,phases      ] GC(847)   Post Evacuate Collection Set: 1.30ms
[6476.173s][info][gc,phases      ] GC(847)   Other: 0.06ms
[6476.173s][info][gc,heap        ] GC(847) Eden regions: 716->0(715)
[6476.173s][info][gc,heap        ] GC(847) Survivor regions: 52->53(96)
[6476.173s][info][gc,heap        ] GC(847) Old regions: 213->216
[6476.173s][info][gc,heap        ] GC(847) Humongous regions: 32->32
[6476.173s][info][gc,metaspace   ] GC(847) Metaspace: 29978K(30464K)->29978K(30464K) NonClass: 26580K(26816K)->26580K(26816K) Class: 3397K(3648K)->3397K(3648K)
[6476.173s][info][gc             ] GC(847) Pause Young (Normal) (G1 Evacuation Pause) 8074M->2375M(10240M) 171.131ms
[6476.173s][info][gc,cpu         ] GC(847) User=1.35s Sys=0.00s Real=0.17s
.....[6480.211s][info][gc,start       ] GC(848) Pause Young (Normal) (G1 Evacuation Pause)
[6480.211s][info][gc,task        ] GC(848) Using 8 workers of 8 for evacuation
[6480.384s][info][gc,phases      ] GC(848)   Pre Evacuate Collection Set: 0.29ms
[6480.384s][info][gc,phases      ] GC(848)   Merge Heap Roots: 0.60ms
[6480.384s][info][gc,phases      ] GC(848)   Evacuate Collection Set: 169.95ms
[6480.384s][info][gc,phases      ] GC(848)   Post Evacuate Collection Set: 1.28ms
[6480.384s][info][gc,phases      ] GC(848)   Other: 0.07ms
[6480.384s][info][gc,heap        ] GC(848) Eden regions: 715->0(714)
[6480.384s][info][gc,heap        ] GC(848) Survivor regions: 53->54(96)
[6480.384s][info][gc,heap        ] GC(848) Old regions: 216->218
[6480.384s][info][gc,heap        ] GC(848) Humongous regions: 32->32
[6480.384s][info][gc,metaspace   ] GC(848) Metaspace: 29978K(30464K)->29978K(30464K) NonClass: 26580K(26816K)->26580K(26816K) Class: 3397K(3648K)->3397K(3648K)
[6480.384s][info][gc             ] GC(848) Pause Young (Normal) (G1 Evacuation Pause) 8095M->2405M(10240M) 172.331ms
[6480.384s][info][gc,cpu         ] GC(848) User=1.36s Sys=0.00s Real=0.17s
....[6484.455s][info][gc,start       ] GC(849) Pause Young (Normal) (G1 Evacuation Pause)
[6484.455s][info][gc,task        ] GC(849) Using 8 workers of 8 for evacuation
[6484.627s][info][gc,phases      ] GC(849)   Pre Evacuate Collection Set: 0.32ms
[6484.627s][info][gc,phases      ] GC(849)   Merge Heap Roots: 0.59ms
[6484.627s][info][gc,phases      ] GC(849)   Evacuate Collection Set: 169.64ms
[6484.627s][info][gc,phases      ] GC(849)   Post Evacuate Collection Set: 1.30ms
[6484.627s][info][gc,phases      ] GC(849)   Other: 0.07ms
[6484.627s][info][gc,heap        ] GC(849) Eden regions: 714->0(715)
[6484.627s][info][gc,heap        ] GC(849) Survivor regions: 54->53(96)
[6484.627s][info][gc,heap        ] GC(849) Old regions: 218->221
[6484.627s][info][gc,heap        ] GC(849) Humongous regions: 32->32
[6484.627s][info][gc,metaspace   ] GC(849) Metaspace: 29978K(30464K)->29978K(30464K) NonClass: 26580K(26816K)->26580K(26816K) Class: 3397K(3648K)->3397K(3648K)
[6484.627s][info][gc             ] GC(849) Pause Young (Normal) (G1 Evacuation Pause) 8117M->2419M(10240M) 172.060ms
[6484.627s][info][gc,cpu         ] GC(849) User=1.36s Sys=0.00s Real=0.18s
....[6488.800s][info][gc,start       ] GC(850) Pause Young (Normal) (G1 Evacuation Pause)
[6488.800s][info][gc,task        ] GC(850) Using 8 workers of 8 for evacuation
[6488.976s][info][gc,phases      ] GC(850)   Pre Evacuate Collection Set: 0.31ms
[6488.976s][info][gc,phases      ] GC(850)   Merge Heap Roots: 0.64ms
[6488.976s][info][gc,phases      ] GC(850)   Evacuate Collection Set: 174.14ms
[6488.976s][info][gc,phases      ] GC(850)   Post Evacuate Collection Set: 1.35ms
[6488.976s][info][gc,phases      ] GC(850)   Other: 0.07ms
[6488.976s][info][gc,heap        ] GC(850) Eden regions: 715->0(714)
[6488.976s][info][gc,heap        ] GC(850) Survivor regions: 53->54(96)
[6488.976s][info][gc,heap        ] GC(850) Old regions: 221->223
[6488.976s][info][gc,heap        ] GC(850) Humongous regions: 32->32
[6488.976s][info][gc,metaspace   ] GC(850) Metaspace: 29978K(30464K)->29978K(30464K) NonClass: 26580K(26816K)->26580K(26816K) Class: 3397K(3648K)->3397K(3648K)
[6488.976s][info][gc             ] GC(850) Pause Young (Normal) (G1 Evacuation Pause) 8139M->2451M(10240M) 176.651ms
[6488.976s][info][gc,cpu         ] GC(850) User=1.38s Sys=0.00s Real=0.18s
....[6492.997s][info][gc,start       ] GC(851) Pause Young (Normal) (G1 Evacuation Pause)
[6492.997s][info][gc,task        ] GC(851) Using 8 workers of 8 for evacuation
[6493.171s][info][gc,phases      ] GC(851)   Pre Evacuate Collection Set: 0.27ms
[6493.171s][info][gc,phases      ] GC(851)   Merge Heap Roots: 0.61ms
[6493.171s][info][gc,phases      ] GC(851)   Evacuate Collection Set: 171.30ms
[6493.171s][info][gc,phases      ] GC(851)   Post Evacuate Collection Set: 1.30ms
[6493.171s][info][gc,phases      ] GC(851)   Other: 0.07ms
[6493.171s][info][gc,heap        ] GC(851) Eden regions: 714->0(714)
[6493.171s][info][gc,heap        ] GC(851) Survivor regions: 54->54(96)
[6493.171s][info][gc,heap        ] GC(851) Old regions: 223->226
[6493.171s][info][gc,heap        ] GC(851) Humongous regions: 32->32
[6493.171s][info][gc,metaspace   ] GC(851) Metaspace: 29978K(30464K)->29978K(30464K) NonClass: 26580K(26816K)->26580K(26816K) Class: 3397K(3648K)->3397K(3648K)
[6493.171s][info][gc             ] GC(851) Pause Young (Normal) (G1 Evacuation Pause) 8163M->2473M(10240M) 173.679ms
[6493.171s][info][gc,cpu         ] GC(851) User=1.37s Sys=0.00s Real=0.17s
.... (rIR:aIR:PR = 11346:11374:11373) (tPR = 167252) [OK] 
  6496s: Performance info:
         Transaction,    Success,    Partial,     Failed,   Receipts, AvgBarcode, 
             Overall,     685130,          0,          0,     650883,      59.47, 
         Response times:
             Request,    Success,    Partial,     Failed,   SkipFail,     Probes,    Samples,      min,      p50,      p90,      p95,      p99,      max, 
       TotalPurchase,     650917,          0,          0,          0,     355870,     455800,      300,    13700,    94000,   134000,   206000,  1300000,
     InStorePurchase,     346341,          0,          0,          0,     187195,     239618,      300,    13700,    93000,   134000,   206000,  1300000,
      OnlinePurchase,     237103,          0,          0,          0,     130860,     167691,      300,    13700,    96000,   134000,   206000,  1300000,
        InstPurchase,      67473,          0,          0,          0,      37815,      48491,      400,    14000,    94000,   135000,   204000,  1300000,
          AssocOfCat,        685,          0,          0,          0,        577,        861,    34000,    70000,   143600,   188800,   256280,   470000,
      AssocOfProduct,       6844,          0,          0,          0,       4068,       5461,      500,    13100,    92000,   133900,   202760,   980000,
      BusinessReport,       1709,          0,          0,          0,       1536,       2105,    39000,    85000,   176000,   213700,   262940,   404000,
          CustBuyBeh,       6831,          0,          0,          0,       4048,       5433,      300,    13200,    90000,   131000,   215320,  1300000,
       ProductReturn,      18176,          0,          0,          0,       9067,      11945,      200,    13400,    94000,   134000,   202000,  1300000,

  6496s: (83%)   IR =  11485 [6497.226s][info][gc,start       ] GC(852) Pause Young (Normal) (G1 Evacuation Pause)
[6497.226s][info][gc,task        ] GC(852) Using 8 workers of 8 for evacuation
[6497.395s][info][gc,phases      ] GC(852)   Pre Evacuate Collection Set: 0.30ms
[6497.395s][info][gc,phases      ] GC(852)   Merge Heap Roots: 0.58ms
[6497.395s][info][gc,phases      ] GC(852)   Evacuate Collection Set: 165.91ms
[6497.395s][info][gc,phases      ] GC(852)   Post Evacuate Collection Set: 1.28ms
[6497.395s][info][gc,phases      ] GC(852)   Other: 0.07ms
[6497.395s][info][gc,heap        ] GC(852) Eden regions: 714->0(716)
[6497.395s][info][gc,heap        ] GC(852) Survivor regions: 54->52(96)
[6497.395s][info][gc,heap        ] GC(852) Old regions: 226->229
[6497.395s][info][gc,heap        ] GC(852) Humongous regions: 32->32
[6497.395s][info][gc,metaspace   ] GC(852) Metaspace: 29978K(30464K)->29978K(30464K) NonClass: 26580K(26816K)->26580K(26816K) Class: 3397K(3648K)->3397K(3648K)
[6497.395s][info][gc             ] GC(852) Pause Young (Normal) (G1 Evacuation Pause) 8185M->2474M(10240M) 168.258ms
[6497.395s][info][gc,cpu         ] GC(852) User=1.32s Sys=0.00s Real=0.16s
.....[6501.521s][info][gc,start       ] GC(853) Pause Young (Normal) (G1 Evacuation Pause)
[6501.521s][info][gc,task        ] GC(853) Using 8 workers of 8 for evacuation
[6501.689s][info][gc,phases      ] GC(853)   Pre Evacuate Collection Set: 0.29ms
[6501.689s][info][gc,phases      ] GC(853)   Merge Heap Roots: 0.59ms
[6501.689s][info][gc,phases      ] GC(853)   Evacuate Collection Set: 165.64ms
[6501.689s][info][gc,phases      ] GC(853)   Post Evacuate Collection Set: 1.29ms
[6501.689s][info][gc,phases      ] GC(853)   Other: 0.07ms
[6501.689s][info][gc,heap        ] GC(853) Eden regions: 716->0(715)
[6501.689s][info][gc,heap        ] GC(853) Survivor regions: 52->53(96)
[6501.689s][info][gc,heap        ] GC(853) Old regions: 229->231
[6501.689s][info][gc,heap        ] GC(853) Humongous regions: 32->32
[6501.689s][info][gc,metaspace   ] GC(853) Metaspace: 29978K(30464K)->29978K(30464K) NonClass: 26580K(26816K)->26580K(26816K) Class: 3397K(3648K)->3397K(3648K)
[6501.689s][info][gc             ] GC(853) Pause Young (Normal) (G1 Evacuation Pause) 8202M->2503M(10240M) 168.009ms
[6501.689s][info][gc,cpu         ] GC(853) User=1.32s Sys=0.00s Real=0.17s
....[6505.607s][info][gc,start       ] GC(854) Pause Young (Normal) (G1 Evacuation Pause)
[6505.607s][info][gc,task        ] GC(854) Using 8 workers of 8 for evacuation
[6505.778s][info][gc,phases      ] GC(854)   Pre Evacuate Collection Set: 0.30ms
[6505.778s][info][gc,phases      ] GC(854)   Merge Heap Roots: 0.59ms
[6505.778s][info][gc,phases      ] GC(854)   Evacuate Collection Set: 168.61ms
[6505.778s][info][gc,phases      ] GC(854)   Post Evacuate Collection Set: 1.32ms
[6505.778s][info][gc,phases      ] GC(854)   Other: 0.07ms
[6505.778s][info][gc,heap        ] GC(854) Eden regions: 715->0(714)
[6505.778s][info][gc,heap        ] GC(854) Survivor regions: 53->54(96)
[6505.778s][info][gc,heap        ] GC(854) Old regions: 231->234
[6505.778s][info][gc,heap        ] GC(854) Humongous regions: 32->32
[6505.778s][info][gc,metaspace   ] GC(854) Metaspace: 29978K(30464K)->29978K(30464K) NonClass: 26580K(26816K)->26580K(26816K) Class: 3397K(3648K)->3397K(3648K)
[6505.778s][info][gc             ] GC(854) Pause Young (Normal) (G1 Evacuation Pause) 8223M->2532M(10240M) 171.026ms
[6505.778s][info][gc,cpu         ] GC(854) User=1.35s Sys=0.00s Real=0.17s
....[6509.752s][info][gc,start       ] GC(855) Pause Young (Normal) (G1 Evacuation Pause)
[6509.752s][info][gc,task        ] GC(855) Using 8 workers of 8 for evacuation
[6509.922s][info][gc,phases      ] GC(855)   Pre Evacuate Collection Set: 0.28ms
[6509.922s][info][gc,phases      ] GC(855)   Merge Heap Roots: 0.60ms
[6509.922s][info][gc,phases      ] GC(855)   Evacuate Collection Set: 167.83ms
[6509.922s][info][gc,phases      ] GC(855)   Post Evacuate Collection Set: 1.29ms
[6509.922s][info][gc,phases      ] GC(855)   Other: 0.06ms
[6509.922s][info][gc,heap        ] GC(855) Eden regions: 714->0(716)
[6509.922s][info][gc,heap        ] GC(855) Survivor regions: 54->52(96)
[6509.922s][info][gc,heap        ] GC(855) Old regions: 234->237
[6509.922s][info][gc,heap        ] GC(855) Humongous regions: 32->32
[6509.922s][info][gc,metaspace   ] GC(855) Metaspace: 29978K(30464K)->29978K(30464K) NonClass: 26580K(26816K)->26580K(26816K) Class: 3397K(3648K)->3397K(3648K)
[6509.922s][info][gc             ] GC(855) Pause Young (Normal) (G1 Evacuation Pause) 8244M->2542M(10240M) 170.189ms
[6509.922s][info][gc,cpu         ] GC(855) User=1.34s Sys=0.00s Real=0.17s
....[6513.940s][info][gc,start       ] GC(856) Pause Young (Normal) (G1 Evacuation Pause)
[6513.941s][info][gc,task        ] GC(856) Using 8 workers of 8 for evacuation
[6514.115s][info][gc,phases      ] GC(856)   Pre Evacuate Collection Set: 0.28ms
[6514.115s][info][gc,phases      ] GC(856)   Merge Heap Roots: 0.58ms
[6514.115s][info][gc,phases      ] GC(856)   Evacuate Collection Set: 172.41ms
[6514.115s][info][gc,phases      ] GC(856)   Post Evacuate Collection Set: 1.29ms
[6514.115s][info][gc,phases      ] GC(856)   Other: 0.06ms
[6514.115s][info][gc,heap        ] GC(856) Eden regions: 716->0(714)
[6514.115s][info][gc,heap        ] GC(856) Survivor regions: 52->54(96)
[6514.115s][info][gc,heap        ] GC(856) Old regions: 237->239
[6514.115s][info][gc,heap        ] GC(856) Humongous regions: 32->32
[6514.115s][info][gc,metaspace   ] GC(856) Metaspace: 29978K(30464K)->29978K(30464K) NonClass: 26580K(26816K)->26580K(26816K) Class: 3397K(3648K)->3397K(3648K)
[6514.115s][info][gc             ] GC(856) Pause Young (Normal) (G1 Evacuation Pause) 8270M->2579M(10240M) 174.769ms
[6514.115s][info][gc,cpu         ] GC(856) User=1.37s Sys=0.00s Real=0.18s
...|.[6518.220s][info][gc,start       ] GC(857) Pause Young (Normal) (G1 Evacuation Pause)
[6518.220s][info][gc,task        ] GC(857) Using 8 workers of 8 for evacuation
[6518.388s][info][gc,phases      ] GC(857)   Pre Evacuate Collection Set: 0.30ms
[6518.389s][info][gc,phases      ] GC(857)   Merge Heap Roots: 0.62ms
[6518.389s][info][gc,phases      ] GC(857)   Evacuate Collection Set: 166.51ms
[6518.389s][info][gc,phases      ] GC(857)   Post Evacuate Collection Set: 1.31ms
[6518.389s][info][gc,phases      ] GC(857)   Other: 0.07ms
[6518.389s][info][gc,heap        ] GC(857) Eden regions: 714->0(715)
[6518.389s][info][gc,heap        ] GC(857) Survivor regions: 54->53(96)
[6518.389s][info][gc,heap        ] GC(857) Old regions: 239->242
[6518.389s][info][gc,heap        ] GC(857) Humongous regions: 32->32
[6518.389s][info][gc,metaspace   ] GC(857) Metaspace: 29978K(30464K)->29978K(30464K) NonClass: 26580K(26816K)->26580K(26816K) Class: 3397K(3648K)->3397K(3648K)
[6518.389s][info][gc             ] GC(857) Pause Young (Normal) (G1 Evacuation Pause) 8291M->2588M(10240M) 168.927ms
[6518.389s][info][gc,cpu         ] GC(857) User=1.33s Sys=0.00s Real=0.17s
....[6522.265s][info][gc,start       ] GC(858) Pause Young (Normal) (G1 Evacuation Pause)
[6522.265s][info][gc,task        ] GC(858) Using 8 workers of 8 for evacuation
[6522.430s][info][gc,phases      ] GC(858)   Pre Evacuate Collection Set: 0.31ms
[6522.431s][info][gc,phases      ] GC(858)   Merge Heap Roots: 0.60ms
[6522.431s][info][gc,phases      ] GC(858)   Evacuate Collection Set: 163.22ms
[6522.431s][info][gc,phases      ] GC(858)   Post Evacuate Collection Set: 1.29ms
[6522.431s][info][gc,phases      ] GC(858)   Other: 0.07ms
[6522.431s][info][gc,heap        ] GC(858) Eden regions: 715->0(717)
[6522.431s][info][gc,heap        ] GC(858) Survivor regions: 53->51(96)
[6522.431s][info][gc,heap        ] GC(858) Old regions: 242->245
[6522.431s][info][gc,heap        ] GC(858) Humongous regions: 32->32
[6522.431s][info][gc,metaspace   ] GC(858) Metaspace: 29978K(30464K)->29978K(30464K) NonClass: 26580K(26816K)->26580K(26816K) Class: 3397K(3648K)->3397K(3648K)
[6522.431s][info][gc             ] GC(858) Pause Young (Normal) (G1 Evacuation Pause) 8308M->2596M(10240M) 165.627ms
[6522.431s][info][gc,cpu         ] GC(858) User=1.30s Sys=0.00s Real=0.16s
....[6526.408s][info][gc,start       ] GC(859) Pause Young (Normal) (G1 Evacuation Pause)
[6526.408s][info][gc,task        ] GC(859) Using 8 workers of 8 for evacuation
[6526.574s][info][gc,phases      ] GC(859)   Pre Evacuate Collection Set: 0.29ms
[6526.574s][info][gc,phases      ] GC(859)   Merge Heap Roots: 0.59ms
[6526.574s][info][gc,phases      ] GC(859)   Evacuate Collection Set: 163.48ms
[6526.574s][info][gc,phases      ] GC(859)   Post Evacuate Collection Set: 1.27ms
[6526.574s][info][gc,phases      ] GC(859)   Other: 0.06ms
[6526.574s][info][gc,heap        ] GC(859) Eden regions: 717->0(716)
[6526.574s][info][gc,heap        ] GC(859) Survivor regions: 51->52(96)
[6526.574s][info][gc,heap        ] GC(859) Old regions: 245->247
[6526.574s][info][gc,heap        ] GC(859) Humongous regions: 32->32
[6526.574s][info][gc,metaspace   ] GC(859) Metaspace: 29978K(30464K)->29978K(30464K) NonClass: 26580K(26816K)->26580K(26816K) Class: 3397K(3648K)->3397K(3648K)
[6526.575s][info][gc             ] GC(859) Pause Young (Normal) (G1 Evacuation Pause) 8332M->2621M(10240M) 166.586ms
[6526.575s][info][gc,cpu         ] GC(859) User=1.30s Sys=0.00s Real=0.16s
.....[6530.634s][info][gc,start       ] GC(860) Pause Young (Normal) (G1 Evacuation Pause)
[6530.634s][info][gc,task        ] GC(860) Using 8 workers of 8 for evacuation
[6530.806s][info][gc,phases      ] GC(860)   Pre Evacuate Collection Set: 0.29ms
[6530.806s][info][gc,phases      ] GC(860)   Merge Heap Roots: 0.61ms
[6530.806s][info][gc,phases      ] GC(860)   Evacuate Collection Set: 169.11ms
[6530.806s][info][gc,phases      ] GC(860)   Post Evacuate Collection Set: 1.27ms
[6530.806s][info][gc,phases      ] GC(860)   Other: 0.07ms
[6530.806s][info][gc,heap        ] GC(860) Eden regions: 716->0(715)
[6530.806s][info][gc,heap        ] GC(860) Survivor regions: 52->53(96)
[6530.806s][info][gc,heap        ] GC(860) Old regions: 247->250
[6530.806s][info][gc,heap        ] GC(860) Humongous regions: 32->32
[6530.806s][info][gc,metaspace   ] GC(860) Metaspace: 29978K(30464K)->29978K(30464K) NonClass: 26580K(26816K)->26580K(26816K) Class: 3397K(3648K)->3397K(3648K)
[6530.806s][info][gc             ] GC(860) Pause Young (Normal) (G1 Evacuation Pause) 8349M->2654M(10240M) 171.488ms
[6530.806s][info][gc,cpu         ] GC(860) User=1.35s Sys=0.00s Real=0.18s
....[6534.882s][info][gc,start       ] GC(861) Pause Young (Normal) (G1 Evacuation Pause)
[6534.882s][info][gc,task        ] GC(861) Using 8 workers of 8 for evacuation
[6535.049s][info][gc,phases      ] GC(861)   Pre Evacuate Collection Set: 0.31ms
[6535.049s][info][gc,phases      ] GC(861)   Merge Heap Roots: 0.63ms
[6535.049s][info][gc,phases      ] GC(861)   Evacuate Collection Set: 165.26ms
[6535.049s][info][gc,phases      ] GC(861)   Post Evacuate Collection Set: 1.26ms
[6535.049s][info][gc,phases      ] GC(861)   Other: 0.07ms
[6535.049s][info][gc,heap        ] GC(861) Eden regions: 715->0(716)
[6535.049s][info][gc,heap        ] GC(861) Survivor regions: 53->52(96)
[6535.049s][info][gc,heap        ] GC(861) Old regions: 250->252
[6535.049s][info][gc,heap        ] GC(861) Humongous regions: 32->32
[6535.049s][info][gc,metaspace   ] GC(861) Metaspace: 29978K(30464K)->29978K(30464K) NonClass: 26580K(26816K)->26580K(26816K) Class: 3397K(3648K)->3397K(3648K)
[6535.049s][info][gc             ] GC(861) Pause Young (Normal) (G1 Evacuation Pause) 8374M->2663M(10240M) 167.672ms
[6535.049s][info][gc,cpu         ] GC(861) User=1.32s Sys=0.00s Real=0.17s
....[6538.900s][info][gc,start       ] GC(862) Pause Young (Normal) (G1 Evacuation Pause)
[6538.900s][info][gc,task        ] GC(862) Using 8 workers of 8 for evacuation
[6539.074s][info][gc,phases      ] GC(862)   Pre Evacuate Collection Set: 0.32ms
[6539.074s][info][gc,phases      ] GC(862)   Merge Heap Roots: 0.59ms
[6539.074s][info][gc,phases      ] GC(862)   Evacuate Collection Set: 171.49ms
[6539.074s][info][gc,phases      ] GC(862)   Post Evacuate Collection Set: 1.29ms
[6539.074s][info][gc,phases      ] GC(862)   Other: 0.06ms
[6539.074s][info][gc,heap        ] GC(862) Eden regions: 716->0(715)
[6539.074s][info][gc,heap        ] GC(862) Survivor regions: 52->53(96)
[6539.074s][info][gc,heap        ] GC(862) Old regions: 252->255
[6539.074s][info][gc,heap        ] GC(862) Humongous regions: 32->32
[6539.074s][info][gc,metaspace   ] GC(862) Metaspace: 29978K(30464K)->29978K(30464K) NonClass: 26580K(26816K)->26580K(26816K) Class: 3397K(3648K)->3397K(3648K)
[6539.074s][info][gc             ] GC(862) Pause Young (Normal) (G1 Evacuation Pause) 8391M->2692M(10240M) 173.886ms
[6539.074s][info][gc,cpu         ] GC(862) User=1.37s Sys=0.01s Real=0.17s
....[6543.049s][info][gc,start       ] GC(863) Pause Young (Normal) (G1 Evacuation Pause)
[6543.049s][info][gc,task        ] GC(863) Using 8 workers of 8 for evacuation
[6543.219s][info][gc,phases      ] GC(863)   Pre Evacuate Collection Set: 0.32ms
[6543.219s][info][gc,phases      ] GC(863)   Merge Heap Roots: 0.66ms
[6543.219s][info][gc,phases      ] GC(863)   Evacuate Collection Set: 167.57ms
[6543.219s][info][gc,phases      ] GC(863)   Post Evacuate Collection Set: 1.29ms
[6543.219s][info][gc,phases      ] GC(863)   Other: 0.10ms
[6543.219s][info][gc,heap        ] GC(863) Eden regions: 715->0(715)
[6543.219s][info][gc,heap        ] GC(863) Survivor regions: 53->53(96)
[6543.219s][info][gc,heap        ] GC(863) Old regions: 255->258
[6543.219s][info][gc,heap        ] GC(863) Humongous regions: 32->32
[6543.219s][info][gc,metaspace   ] GC(863) Metaspace: 29978K(30464K)->29978K(30464K) NonClass: 26580K(26816K)->26580K(26816K) Class: 3397K(3648K)->3397K(3648K)
[6543.219s][info][gc             ] GC(863) Pause Young (Normal) (G1 Evacuation Pause) 8412M->2713M(10240M) 170.091ms
[6543.219s][info][gc,cpu         ] GC(863) User=1.34s Sys=0.00s Real=0.17s
....[6547.231s][info][gc,start       ] GC(864) Pause Young (Normal) (G1 Evacuation Pause)
[6547.231s][info][gc,task        ] GC(864) Using 8 workers of 8 for evacuation
[6547.402s][info][gc,phases      ] GC(864)   Pre Evacuate Collection Set: 0.30ms
[6547.402s][info][gc,phases      ] GC(864)   Merge Heap Roots: 0.62ms
[6547.402s][info][gc,phases      ] GC(864)   Evacuate Collection Set: 169.07ms
[6547.402s][info][gc,phases      ] GC(864)   Post Evacuate Collection Set: 1.27ms
[6547.402s][info][gc,phases      ] GC(864)   Other: 0.07ms
[6547.402s][info][gc,heap        ] GC(864) Eden regions: 715->0(715)
[6547.402s][info][gc,heap        ] GC(864) Survivor regions: 53->53(96)
[6547.402s][info][gc,heap        ] GC(864) Old regions: 258->260
[6547.402s][info][gc,heap        ] GC(864) Humongous regions: 32->32
[6547.402s][info][gc,metaspace   ] GC(864) Metaspace: 29978K(30464K)->29978K(30464K) NonClass: 26580K(26816K)->26580K(26816K) Class: 3397K(3648K)->3397K(3648K)
[6547.402s][info][gc             ] GC(864) Pause Young (Normal) (G1 Evacuation Pause) 8433M->2735M(10240M) 171.450ms
[6547.402s][info][gc,cpu         ] GC(864) User=1.35s Sys=0.00s Real=0.17s
....[6551.454s][info][gc,start       ] GC(865) Pause Young (Normal) (G1 Evacuation Pause)
[6551.454s][info][gc,task        ] GC(865) Using 8 workers of 8 for evacuation
[6551.624s][info][gc,phases      ] GC(865)   Pre Evacuate Collection Set: 0.31ms
[6551.624s][info][gc,phases      ] GC(865)   Merge Heap Roots: 0.60ms
[6551.624s][info][gc,phases      ] GC(865)   Evacuate Collection Set: 167.31ms
[6551.624s][info][gc,phases      ] GC(865)   Post Evacuate Collection Set: 1.29ms
[6551.624s][info][gc,phases      ] GC(865)   Other: 0.06ms
[6551.624s][info][gc,heap        ] GC(865) Eden regions: 715->0(715)
[6551.624s][info][gc,heap        ] GC(865) Survivor regions: 53->53(96)
[6551.624s][info][gc,heap        ] GC(865) Old regions: 260->263
[6551.624s][info][gc,heap        ] GC(865) Humongous regions: 32->32
[6551.624s][info][gc,metaspace   ] GC(865) Metaspace: 29978K(30464K)->29978K(30464K) NonClass: 26580K(26816K)->26580K(26816K) Class: 3397K(3648K)->3397K(3648K)
[6551.624s][info][gc             ] GC(865) Pause Young (Normal) (G1 Evacuation Pause) 8455M->2756M(10240M) 169.743ms
[6551.624s][info][gc,cpu         ] GC(865) User=1.34s Sys=0.00s Real=0.17s
....[6555.568s][info][gc,start       ] GC(866) Pause Young (Normal) (G1 Evacuation Pause)
[6555.568s][info][gc,task        ] GC(866) Using 8 workers of 8 for evacuation
[6555.740s][info][gc,phases      ] GC(866)   Pre Evacuate Collection Set: 0.31ms
[6555.740s][info][gc,phases      ] GC(866)   Merge Heap Roots: 0.60ms
[6555.740s][info][gc,phases      ] GC(866)   Evacuate Collection Set: 169.24ms
[6555.740s][info][gc,phases      ] GC(866)   Post Evacuate Collection Set: 1.26ms
[6555.740s][info][gc,phases      ] GC(866)   Other: 0.06ms
[6555.740s][info][gc,heap        ] GC(866) Eden regions: 715->0(715)
[6555.740s][info][gc,heap        ] GC(866) Survivor regions: 53->53(96)
[6555.740s][info][gc,heap        ] GC(866) Old regions: 263->266
[6555.740s][info][gc,heap        ] GC(866) Humongous regions: 32->32
[6555.740s][info][gc,metaspace   ] GC(866) Metaspace: 29978K(30464K)->29978K(30464K) NonClass: 26580K(26816K)->26580K(26816K) Class: 3397K(3648K)->3397K(3648K)
[6555.740s][info][gc             ] GC(866) Pause Young (Normal) (G1 Evacuation Pause) 8476M->2781M(10240M) 171.598ms
[6555.740s][info][gc,cpu         ] GC(866) User=1.35s Sys=0.00s Real=0.17s
....[6559.743s][info][gc,start       ] GC(867) Pause Young (Normal) (G1 Evacuation Pause)
[6559.743s][info][gc,task        ] GC(867) Using 8 workers of 8 for evacuation
[6559.914s][info][gc,phases      ] GC(867)   Pre Evacuate Collection Set: 0.31ms
[6559.914s][info][gc,phases      ] GC(867)   Merge Heap Roots: 0.59ms
[6559.914s][info][gc,phases      ] GC(867)   Evacuate Collection Set: 168.08ms
[6559.914s][info][gc,phases      ] GC(867)   Post Evacuate Collection Set: 1.30ms
[6559.914s][info][gc,phases      ] GC(867)   Other: 0.07ms
[6559.914s][info][gc,heap        ] GC(867) Eden regions: 715->0(715)
[6559.914s][info][gc,heap        ] GC(867) Survivor regions: 53->53(96)
[6559.914s][info][gc,heap        ] GC(867) Old regions: 266->268
[6559.914s][info][gc,heap        ] GC(867) Humongous regions: 32->32
[6559.914s][info][gc,metaspace   ] GC(867) Metaspace: 29978K(30464K)->29978K(30464K) NonClass: 26580K(26816K)->26580K(26816K) Class: 3397K(3648K)->3397K(3648K)
[6559.914s][info][gc             ] GC(867) Pause Young (Normal) (G1 Evacuation Pause) 8501M->2803M(10240M) 170.491ms
[6559.914s][info][gc,cpu         ] GC(867) User=1.34s Sys=0.00s Real=0.17s
.....[6563.960s][info][gc,start       ] GC(868) Pause Young (Normal) (G1 Evacuation Pause)
[6563.960s][info][gc,task        ] GC(868) Using 8 workers of 8 for evacuation
[6564.133s][info][gc,phases      ] GC(868)   Pre Evacuate Collection Set: 0.27ms
[6564.133s][info][gc,phases      ] GC(868)   Merge Heap Roots: 0.60ms
[6564.133s][info][gc,phases      ] GC(868)   Evacuate Collection Set: 170.11ms
[6564.133s][info][gc,phases      ] GC(868)   Post Evacuate Collection Set: 1.34ms
[6564.133s][info][gc,phases      ] GC(868)   Other: 0.06ms
[6564.133s][info][gc,heap        ] GC(868) Eden regions: 715->0(715)
[6564.133s][info][gc,heap        ] GC(868) Survivor regions: 53->53(96)
[6564.133s][info][gc,heap        ] GC(868) Old regions: 268->271
[6564.133s][info][gc,heap        ] GC(868) Humongous regions: 32->32
[6564.133s][info][gc,metaspace   ] GC(868) Metaspace: 29978K(30464K)->29978K(30464K) NonClass: 26580K(26816K)->26580K(26816K) Class: 3397K(3648K)->3397K(3648K)
[6564.133s][info][gc             ] GC(868) Pause Young (Normal) (G1 Evacuation Pause) 8523M->2823M(10240M) 172.518ms
[6564.133s][info][gc,cpu         ] GC(868) User=1.36s Sys=0.00s Real=0.17s
....[6568.270s][info][gc,start       ] GC(869) Pause Young (Normal) (G1 Evacuation Pause)
[6568.270s][info][gc,task        ] GC(869) Using 8 workers of 8 for evacuation
[6568.440s][info][gc,phases      ] GC(869)   Pre Evacuate Collection Set: 0.30ms
[6568.440s][info][gc,phases      ] GC(869)   Merge Heap Roots: 0.60ms
[6568.440s][info][gc,phases      ] GC(869)   Evacuate Collection Set: 168.23ms
[6568.440s][info][gc,phases      ] GC(869)   Post Evacuate Collection Set: 1.31ms
[6568.440s][info][gc,phases      ] GC(869)   Other: 0.06ms
[6568.440s][info][gc,heap        ] GC(869) Eden regions: 715->0(716)
[6568.440s][info][gc,heap        ] GC(869) Survivor regions: 53->52(96)
[6568.440s][info][gc,heap        ] GC(869) Old regions: 271->273
[6568.440s][info][gc,heap        ] GC(869) Humongous regions: 32->32
[6568.440s][info][gc,metaspace   ] GC(869) Metaspace: 29978K(30464K)->29978K(30464K) NonClass: 26580K(26816K)->26580K(26816K) Class: 3397K(3648K)->3397K(3648K)
[6568.441s][info][gc             ] GC(869) Pause Young (Normal) (G1 Evacuation Pause) 8543M->2831M(10240M) 170.655ms
[6568.441s][info][gc,cpu         ] GC(869) User=1.34s Sys=0.00s Real=0.17s
....[6572.434s][info][gc,start       ] GC(870) Pause Young (Normal) (G1 Evacuation Pause)
[6572.434s][info][gc,task        ] GC(870) Using 8 workers of 8 for evacuation
[6572.607s][info][gc,phases      ] GC(870)   Pre Evacuate Collection Set: 0.28ms
[6572.607s][info][gc,phases      ] GC(870)   Merge Heap Roots: 0.59ms
[6572.607s][info][gc,phases      ] GC(870)   Evacuate Collection Set: 170.74ms
[6572.607s][info][gc,phases      ] GC(870)   Post Evacuate Collection Set: 1.30ms
[6572.607s][info][gc,phases      ] GC(870)   Other: 0.07ms
[6572.607s][info][gc,heap        ] GC(870) Eden regions: 716->0(715)
[6572.607s][info][gc,heap        ] GC(870) Survivor regions: 52->53(96)
[6572.607s][info][gc,heap        ] GC(870) Old regions: 273->276
[6572.607s][info][gc,heap        ] GC(870) Humongous regions: 32->32
[6572.607s][info][gc,metaspace   ] GC(870) Metaspace: 29978K(30464K)->29978K(30464K) NonClass: 26580K(26816K)->26580K(26816K) Class: 3397K(3648K)->3397K(3648K)
[6572.607s][info][gc             ] GC(870) Pause Young (Normal) (G1 Evacuation Pause) 8559M->2861M(10240M) 173.100ms
[6572.607s][info][gc,cpu         ] GC(870) User=1.36s Sys=0.01s Real=0.18s
....[6576.610s][info][gc,start       ] GC(871) Pause Young (Concurrent Start) (G1 Evacuation Pause)
[6576.610s][info][gc,task        ] GC(871) Using 8 workers of 8 for evacuation
[6576.779s][info][gc,phases      ] GC(871)   Pre Evacuate Collection Set: 0.33ms
[6576.779s][info][gc,phases      ] GC(871)   Merge Heap Roots: 0.60ms
[6576.779s][info][gc,phases      ] GC(871)   Evacuate Collection Set: 166.55ms
[6576.779s][info][gc,phases      ] GC(871)   Post Evacuate Collection Set: 1.26ms
[6576.779s][info][gc,phases      ] GC(871)   Other: 0.10ms
[6576.779s][info][gc,heap        ] GC(871) Eden regions: 715->0(716)
[6576.779s][info][gc,heap        ] GC(871) Survivor regions: 53->52(96)
[6576.779s][info][gc,heap        ] GC(871) Old regions: 276->279
[6576.779s][info][gc,heap        ] GC(871) Humongous regions: 32->32
[6576.779s][info][gc,metaspace   ] GC(871) Metaspace: 29978K(30464K)->29978K(30464K) NonClass: 26580K(26816K)->26580K(26816K) Class: 3397K(3648K)->3397K(3648K)
[6576.779s][info][gc             ] GC(871) Pause Young (Concurrent Start) (G1 Evacuation Pause) 8581M->2875M(10240M) 168.992ms
[6576.779s][info][gc             ] GC(872) Concurrent Mark Cycle
[6576.779s][info][gc,marking     ] GC(872) Concurrent Scan Root Regions
[6576.779s][info][gc,cpu         ] GC(871) User=1.33s Sys=0.00s Real=0.17s
.[6577.078s][info][gc,marking     ] GC(872) Concurrent Scan Root Regions 299.244ms
[6577.078s][info][gc,marking     ] GC(872) Concurrent Mark
[6577.078s][info][gc,marking     ] GC(872) Concurrent Mark From Roots
[6577.078s][info][gc,task        ] GC(872) Using 2 workers of 2 for marking
 (rIR:aIR:PR = 11485:11515:11494) (tPR = 170319) [OK] 
  6577s: Performance info:
         Transaction,    Success,    Partial,     Failed,   Receipts, AvgBarcode, 
             Overall,     695613,          0,          0,     661061,      59.47, 
         Response times:
             Request,    Success,    Partial,     Failed,   SkipFail,     Probes,    Samples,      min,      p50,      p90,      p95,      p99,      max, 
       TotalPurchase,     662170,          0,          0,          0,     356456,     486361,      300,    13100,    77000,   105000,   186000,  1200000,
     InStorePurchase,     348813,          0,          0,          0,     187334,     255154,      300,    13000,    76000,   105000,   187000,  1200000,
      OnlinePurchase,     243150,          0,          0,          0,     131496,     179640,      300,    13200,    77000,   107000,   185000,  1200000,
        InstPurchase,      70207,          0,          0,          0,      37626,      51567,      500,    13200,    76000,   105000,   187000,  1200000,
          AssocOfCat,        696,          0,          0,          0,        542,        876,    35000,    72000,   141000,   175000,   242000,   284000,
      AssocOfProduct,       6915,          0,          0,          0,       4171,       6030,      400,    13200,    78000,   106450,   196000,  1100000,
      BusinessReport,       1726,          0,          0,          0,       1500,       2265,    38000,    85000,   155000,   190000,   258360,   511000,
          CustBuyBeh,       6915,          0,          0,          0,       4134,       5818,      200,    12100,    75000,   105050,   209000,  1100000,
       ProductReturn,      18433,          0,          0,          0,       9258,      12996,      300,    12600,    76000,   103000,   185000,  1100000,

  6577s: (84%)   IR =  11623 .[6578.284s][info][gc,marking     ] GC(872) Concurrent Mark From Roots 1205.635ms
[6578.284s][info][gc,marking     ] GC(872) Concurrent Preclean
[6578.284s][info][gc,marking     ] GC(872) Concurrent Preclean 0.163ms
[6578.284s][info][gc,start       ] GC(872) Pause Remark
[6578.286s][info][gc             ] GC(872) Pause Remark 4511M->4327M(10240M) 1.680ms
[6578.286s][info][gc,cpu         ] GC(872) User=0.01s Sys=0.00s Real=0.01s
[6578.286s][info][gc,marking     ] GC(872) Concurrent Mark 1208.162ms
[6578.286s][info][gc,marking     ] GC(872) Concurrent Rebuild Remembered Sets and Scrub Regions
[6579.022s][info][gc,marking     ] GC(872) Concurrent Rebuild Remembered Sets and Scrub Regions 735.482ms
[6579.022s][info][gc,start       ] GC(872) Pause Cleanup
[6579.022s][info][gc             ] GC(872) Pause Cleanup 5232M->5232M(10240M) 0.333ms
[6579.022s][info][gc,cpu         ] GC(872) User=0.00s Sys=0.00s Real=0.00s
[6579.022s][info][gc,marking     ] GC(872) Concurrent Clear Claimed Marks
[6579.022s][info][gc,marking     ] GC(872) Concurrent Clear Claimed Marks 0.048ms
[6579.022s][info][gc,marking     ] GC(872) Concurrent Cleanup for Next Mark
[6579.036s][info][gc,marking     ] GC(872) Concurrent Cleanup for Next Mark 13.611ms
[6579.036s][info][gc             ] GC(872) Concurrent Mark Cycle 2257.330ms
..[6581.071s][info][gc,start       ] GC(873) Pause Young (Prepare Mixed) (G1 Evacuation Pause)
[6581.071s][info][gc,task        ] GC(873) Using 8 workers of 8 for evacuation
[6581.241s][info][gc,phases      ] GC(873)   Pre Evacuate Collection Set: 0.29ms
[6581.241s][info][gc,phases      ] GC(873)   Merge Heap Roots: 0.84ms
[6581.241s][info][gc,phases      ] GC(873)   Evacuate Collection Set: 167.95ms
[6581.241s][info][gc,phases      ] GC(873)   Post Evacuate Collection Set: 1.43ms
[6581.241s][info][gc,phases      ] GC(873)   Other: 0.07ms
[6581.241s][info][gc,heap        ] GC(873) Eden regions: 716->0(716)
[6581.241s][info][gc,heap        ] GC(873) Survivor regions: 52->52(96)
[6581.241s][info][gc,heap        ] GC(873) Old regions: 256->259
[6581.241s][info][gc,heap        ] GC(873) Humongous regions: 32->32
[6581.241s][info][gc,metaspace   ] GC(873) Metaspace: 29978K(30464K)->29978K(30464K) NonClass: 26580K(26816K)->26580K(26816K) Class: 3397K(3648K)->3397K(3648K)
[6581.241s][info][gc             ] GC(873) Pause Young (Prepare Mixed) (G1 Evacuation Pause) 8419M->2715M(10240M) 170.715ms
[6581.241s][info][gc,cpu         ] GC(873) User=1.34s Sys=0.01s Real=0.17s
....[6585.155s][info][gc,start       ] GC(874) Pause Young (Mixed) (G1 Evacuation Pause)
[6585.155s][info][gc,task        ] GC(874) Using 8 workers of 8 for evacuation
[6585.336s][info][gc,phases      ] GC(874)   Pre Evacuate Collection Set: 0.31ms
[6585.336s][info][gc,phases      ] GC(874)   Merge Heap Roots: 1.01ms
[6585.336s][info][gc,phases      ] GC(874)   Evacuate Collection Set: 175.25ms
[6585.336s][info][gc,phases      ] GC(874)   Merge Optional Heap Roots: 0.13ms
[6585.336s][info][gc,phases      ] GC(874)   Evacuate Optional Collection Set: 2.83ms
[6585.336s][info][gc,phases      ] GC(874)   Post Evacuate Collection Set: 1.68ms
[6585.336s][info][gc,phases      ] GC(874)   Other: 0.08ms
[6585.336s][info][gc,heap        ] GC(874) Eden regions: 716->0(716)
[6585.336s][info][gc,heap        ] GC(874) Survivor regions: 52->52(96)
[6585.336s][info][gc,heap        ] GC(874) Old regions: 259->138
[6585.336s][info][gc,heap        ] GC(874) Humongous regions: 32->32
[6585.336s][info][gc,metaspace   ] GC(874) Metaspace: 29978K(30464K)->29978K(30464K) NonClass: 26580K(26816K)->26580K(26816K) Class: 3397K(3648K)->3397K(3648K)
[6585.336s][info][gc             ] GC(874) Pause Young (Mixed) (G1 Evacuation Pause) 8443M->1745M(10240M) 181.446ms
[6585.337s][info][gc,cpu         ] GC(874) User=1.43s Sys=0.00s Real=0.18s
....[6589.255s][info][gc,start       ] GC(875) Pause Young (Mixed) (G1 Evacuation Pause)
[6589.255s][info][gc,task        ] GC(875) Using 8 workers of 8 for evacuation
[6589.426s][info][gc,phases      ] GC(875)   Pre Evacuate Collection Set: 0.31ms
[6589.426s][info][gc,phases      ] GC(875)   Merge Heap Roots: 0.71ms
[6589.426s][info][gc,phases      ] GC(875)   Evacuate Collection Set: 169.00ms
[6589.426s][info][gc,phases      ] GC(875)   Post Evacuate Collection Set: 1.29ms
[6589.426s][info][gc,phases      ] GC(875)   Other: 0.07ms
[6589.426s][info][gc,heap        ] GC(875) Eden regions: 716->0(716)
[6589.426s][info][gc,heap        ] GC(875) Survivor regions: 52->52(96)
[6589.426s][info][gc,heap        ] GC(875) Old regions: 138->134
[6589.426s][info][gc,heap        ] GC(875) Humongous regions: 32->32
[6589.426s][info][gc,metaspace   ] GC(875) Metaspace: 29978K(30464K)->29978K(30464K) NonClass: 26580K(26816K)->26580K(26816K) Class: 3397K(3648K)->3397K(3648K)
[6589.426s][info][gc             ] GC(875) Pause Young (Mixed) (G1 Evacuation Pause) 7473M->1715M(10240M) 171.523ms
[6589.426s][info][gc,cpu         ] GC(875) User=1.34s Sys=0.01s Real=0.18s
....[6593.300s][info][gc,start       ] GC(876) Pause Young (Normal) (G1 Evacuation Pause)
[6593.300s][info][gc,task        ] GC(876) Using 8 workers of 8 for evacuation
[6593.470s][info][gc,phases      ] GC(876)   Pre Evacuate Collection Set: 0.28ms
[6593.470s][info][gc,phases      ] GC(876)   Merge Heap Roots: 0.62ms
[6593.470s][info][gc,phases      ] GC(876)   Evacuate Collection Set: 168.25ms
[6593.470s][info][gc,phases      ] GC(876)   Post Evacuate Collection Set: 1.25ms
[6593.470s][info][gc,phases      ] GC(876)   Other: 0.07ms
[6593.470s][info][gc,heap        ] GC(876) Eden regions: 716->0(716)
[6593.470s][info][gc,heap        ] GC(876) Survivor regions: 52->52(96)
[6593.470s][info][gc,heap        ] GC(876) Old regions: 134->137
[6593.470s][info][gc,heap        ] GC(876) Humongous regions: 32->32
[6593.470s][info][gc,metaspace   ] GC(876) Metaspace: 29978K(30464K)->29978K(30464K) NonClass: 26580K(26816K)->26580K(26816K) Class: 3397K(3648K)->3397K(3648K)
[6593.470s][info][gc             ] GC(876) Pause Young (Normal) (G1 Evacuation Pause) 7443M->1741M(10240M) 170.603ms
[6593.470s][info][gc,cpu         ] GC(876) User=1.34s Sys=0.00s Real=0.17s
....[6597.462s][info][gc,start       ] GC(877) Pause Young (Normal) (G1 Evacuation Pause)
[6597.462s][info][gc,task        ] GC(877) Using 8 workers of 8 for evacuation
[6597.634s][info][gc,phases      ] GC(877)   Pre Evacuate Collection Set: 0.30ms
[6597.634s][info][gc,phases      ] GC(877)   Merge Heap Roots: 0.66ms
[6597.634s][info][gc,phases      ] GC(877)   Evacuate Collection Set: 168.35ms
[6597.634s][info][gc,phases      ] GC(877)   Post Evacuate Collection Set: 1.32ms
[6597.634s][info][gc,phases      ] GC(877)   Other: 0.81ms
[6597.634s][info][gc,heap        ] GC(877) Eden regions: 716->0(716)
[6597.634s][info][gc,heap        ] GC(877) Survivor regions: 52->52(96)
[6597.634s][info][gc,heap        ] GC(877) Old regions: 137->139
[6597.634s][info][gc,heap        ] GC(877) Humongous regions: 32->32
[6597.634s][info][gc,metaspace   ] GC(877) Metaspace: 29978K(30464K)->29978K(30464K) NonClass: 26580K(26816K)->26580K(26816K) Class: 3397K(3648K)->3397K(3648K)
[6597.634s][info][gc             ] GC(877) Pause Young (Normal) (G1 Evacuation Pause) 7469M->1762M(10240M) 171.606ms
[6597.634s][info][gc,cpu         ] GC(877) User=1.34s Sys=0.00s Real=0.17s
....[6601.638s][info][gc,start       ] GC(878) Pause Young (Normal) (G1 Evacuation Pause)
[6601.638s][info][gc,task        ] GC(878) Using 8 workers of 8 for evacuation
[6601.806s][info][gc,phases      ] GC(878)   Pre Evacuate Collection Set: 0.31ms
[6601.806s][info][gc,phases      ] GC(878)   Merge Heap Roots: 0.63ms
[6601.806s][info][gc,phases      ] GC(878)   Evacuate Collection Set: 165.27ms
[6601.806s][info][gc,phases      ] GC(878)   Post Evacuate Collection Set: 1.26ms
[6601.806s][info][gc,phases      ] GC(878)   Other: 0.07ms
[6601.806s][info][gc,heap        ] GC(878) Eden regions: 716->0(716)
[6601.806s][info][gc,heap        ] GC(878) Survivor regions: 52->52(96)
[6601.806s][info][gc,heap        ] GC(878) Old regions: 139->142
[6601.806s][info][gc,heap        ] GC(878) Humongous regions: 32->32
[6601.806s][info][gc,metaspace   ] GC(878) Metaspace: 29978K(30464K)->29978K(30464K) NonClass: 26580K(26816K)->26580K(26816K) Class: 3397K(3648K)->3397K(3648K)
[6601.806s][info][gc             ] GC(878) Pause Young (Normal) (G1 Evacuation Pause) 7490M->1784M(10240M) 167.663ms
[6601.806s][info][gc,cpu         ] GC(878) User=1.33s Sys=0.00s Real=0.17s
...|..[6605.910s][info][gc,start       ] GC(879) Pause Young (Normal) (G1 Evacuation Pause)
[6605.910s][info][gc,task        ] GC(879) Using 8 workers of 8 for evacuation
[6606.084s][info][gc,phases      ] GC(879)   Pre Evacuate Collection Set: 0.39ms
[6606.084s][info][gc,phases      ] GC(879)   Merge Heap Roots: 0.99ms
[6606.084s][info][gc,phases      ] GC(879)   Evacuate Collection Set: 170.93ms
[6606.084s][info][gc,phases      ] GC(879)   Post Evacuate Collection Set: 1.26ms
[6606.084s][info][gc,phases      ] GC(879)   Other: 0.10ms
[6606.084s][info][gc,heap        ] GC(879) Eden regions: 716->0(714)
[6606.084s][info][gc,heap        ] GC(879) Survivor regions: 52->54(96)
[6606.084s][info][gc,heap        ] GC(879) Old regions: 142->145
[6606.084s][info][gc,heap        ] GC(879) Humongous regions: 32->32
[6606.084s][info][gc,metaspace   ] GC(879) Metaspace: 29978K(30464K)->29978K(30464K) NonClass: 26580K(26816K)->26580K(26816K) Class: 3397K(3648K)->3397K(3648K)
[6606.084s][info][gc             ] GC(879) Pause Young (Normal) (G1 Evacuation Pause) 7512M->1818M(10240M) 173.838ms
[6606.084s][info][gc,cpu         ] GC(879) User=1.36s Sys=0.00s Real=0.17s
....[6610.005s][info][gc,start       ] GC(880) Pause Young (Normal) (G1 Evacuation Pause)
[6610.005s][info][gc,task        ] GC(880) Using 8 workers of 8 for evacuation
[6610.179s][info][gc,phases      ] GC(880)   Pre Evacuate Collection Set: 0.29ms
[6610.179s][info][gc,phases      ] GC(880)   Merge Heap Roots: 0.64ms
[6610.179s][info][gc,phases      ] GC(880)   Evacuate Collection Set: 172.39ms
[6610.179s][info][gc,phases      ] GC(880)   Post Evacuate Collection Set: 1.28ms
[6610.179s][info][gc,phases      ] GC(880)   Other: 0.08ms
[6610.179s][info][gc,heap        ] GC(880) Eden regions: 714->0(714)
[6610.179s][info][gc,heap        ] GC(880) Survivor regions: 54->54(96)
[6610.179s][info][gc,heap        ] GC(880) Old regions: 145->147
[6610.179s][info][gc,heap        ] GC(880) Humongous regions: 32->32
[6610.179s][info][gc,metaspace   ] GC(880) Metaspace: 29978K(30464K)->29978K(30464K) NonClass: 26580K(26816K)->26580K(26816K) Class: 3397K(3648K)->3397K(3648K)
[6610.179s][info][gc             ] GC(880) Pause Young (Normal) (G1 Evacuation Pause) 7530M->1839M(10240M) 174.824ms
[6610.179s][info][gc,cpu         ] GC(880) User=1.38s Sys=0.00s Real=0.18s
....[6614.087s][info][gc,start       ] GC(881) Pause Young (Normal) (G1 Evacuation Pause)
[6614.087s][info][gc,task        ] GC(881) Using 8 workers of 8 for evacuation
[6614.256s][info][gc,phases      ] GC(881)   Pre Evacuate Collection Set: 0.30ms
[6614.256s][info][gc,phases      ] GC(881)   Merge Heap Roots: 0.64ms
[6614.256s][info][gc,phases      ] GC(881)   Evacuate Collection Set: 166.55ms
[6614.256s][info][gc,phases      ] GC(881)   Post Evacuate Collection Set: 1.28ms
[6614.256s][info][gc,phases      ] GC(881)   Other: 0.07ms
[6614.256s][info][gc,heap        ] GC(881) Eden regions: 714->0(715)
[6614.256s][info][gc,heap        ] GC(881) Survivor regions: 54->53(96)
[6614.256s][info][gc,heap        ] GC(881) Old regions: 147->150
[6614.256s][info][gc,heap        ] GC(881) Humongous regions: 32->32
[6614.256s][info][gc,metaspace   ] GC(881) Metaspace: 29978K(30464K)->29978K(30464K) NonClass: 26580K(26816K)->26580K(26816K) Class: 3397K(3648K)->3397K(3648K)
[6614.256s][info][gc             ] GC(881) Pause Young (Normal) (G1 Evacuation Pause) 7551M->1852M(10240M) 168.981ms
[6614.256s][info][gc,cpu         ] GC(881) User=1.33s Sys=0.00s Real=0.17s
....[6618.328s][info][gc,start       ] GC(882) Pause Young (Normal) (G1 Evacuation Pause)
[6618.328s][info][gc,task        ] GC(882) Using 8 workers of 8 for evacuation
[6618.495s][info][gc,phases      ] GC(882)   Pre Evacuate Collection Set: 0.30ms
[6618.495s][info][gc,phases      ] GC(882)   Merge Heap Roots: 0.57ms
[6618.495s][info][gc,phases      ] GC(882)   Evacuate Collection Set: 165.40ms
[6618.495s][info][gc,phases      ] GC(882)   Post Evacuate Collection Set: 1.30ms
[6618.495s][info][gc,phases      ] GC(882)   Other: 0.06ms
[6618.495s][info][gc,heap        ] GC(882) Eden regions: 715->0(716)
[6618.495s][info][gc,heap        ] GC(882) Survivor regions: 53->52(96)
[6618.495s][info][gc,heap        ] GC(882) Old regions: 150->153
[6618.495s][info][gc,heap        ] GC(882) Humongous regions: 32->32
[6618.495s][info][gc,metaspace   ] GC(882) Metaspace: 29978K(30464K)->29978K(30464K) NonClass: 26580K(26816K)->26580K(26816K) Class: 3397K(3648K)->3397K(3648K)
[6618.495s][info][gc             ] GC(882) Pause Young (Normal) (G1 Evacuation Pause) 7572M->1869M(10240M) 167.773ms
[6618.495s][info][gc,cpu         ] GC(882) User=1.33s Sys=0.00s Real=0.17s
....[6622.540s][info][gc,start       ] GC(883) Pause Young (Normal) (G1 Evacuation Pause)
[6622.540s][info][gc,task        ] GC(883) Using 8 workers of 8 for evacuation
[6622.708s][info][gc,phases      ] GC(883)   Pre Evacuate Collection Set: 0.29ms
[6622.708s][info][gc,phases      ] GC(883)   Merge Heap Roots: 0.58ms
[6622.708s][info][gc,phases      ] GC(883)   Evacuate Collection Set: 165.43ms
[6622.708s][info][gc,phases      ] GC(883)   Post Evacuate Collection Set: 1.31ms
[6622.708s][info][gc,phases      ] GC(883)   Other: 0.06ms
[6622.708s][info][gc,heap        ] GC(883) Eden regions: 716->0(716)
[6622.708s][info][gc,heap        ] GC(883) Survivor regions: 52->52(96)
[6622.708s][info][gc,heap        ] GC(883) Old regions: 153->155
[6622.708s][info][gc,heap        ] GC(883) Humongous regions: 32->32
[6622.708s][info][gc,metaspace   ] GC(883) Metaspace: 29978K(30464K)->29978K(30464K) NonClass: 26580K(26816K)->26580K(26816K) Class: 3397K(3648K)->3397K(3648K)
[6622.708s][info][gc             ] GC(883) Pause Young (Normal) (G1 Evacuation Pause) 7597M->1890M(10240M) 167.816ms
[6622.708s][info][gc,cpu         ] GC(883) User=1.32s Sys=0.00s Real=0.17s
....[6626.662s][info][gc,start       ] GC(884) Pause Young (Normal) (G1 Evacuation Pause)
[6626.662s][info][gc,task        ] GC(884) Using 8 workers of 8 for evacuation
[6626.833s][info][gc,phases      ] GC(884)   Pre Evacuate Collection Set: 0.27ms
[6626.833s][info][gc,phases      ] GC(884)   Merge Heap Roots: 0.62ms
[6626.833s][info][gc,phases      ] GC(884)   Evacuate Collection Set: 168.75ms
[6626.833s][info][gc,phases      ] GC(884)   Post Evacuate Collection Set: 1.32ms
[6626.833s][info][gc,phases      ] GC(884)   Other: 0.06ms
[6626.833s][info][gc,heap        ] GC(884) Eden regions: 716->0(715)
[6626.833s][info][gc,heap        ] GC(884) Survivor regions: 52->53(96)
[6626.833s][info][gc,heap        ] GC(884) Old regions: 155->158
[6626.833s][info][gc,heap        ] GC(884) Humongous regions: 32->32
[6626.833s][info][gc,metaspace   ] GC(884) Metaspace: 29978K(30464K)->29978K(30464K) NonClass: 26580K(26816K)->26580K(26816K) Class: 3397K(3648K)->3397K(3648K)
[6626.833s][info][gc             ] GC(884) Pause Young (Normal) (G1 Evacuation Pause) 7618M->1917M(10240M) 171.175ms
[6626.833s][info][gc,cpu         ] GC(884) User=1.35s Sys=0.00s Real=0.17s
....[6630.770s][info][gc,start       ] GC(885) Pause Young (Normal) (G1 Evacuation Pause)
[6630.770s][info][gc,task        ] GC(885) Using 8 workers of 8 for evacuation
[6630.944s][info][gc,phases      ] GC(885)   Pre Evacuate Collection Set: 0.30ms
[6630.944s][info][gc,phases      ] GC(885)   Merge Heap Roots: 0.61ms
[6630.944s][info][gc,phases      ] GC(885)   Evacuate Collection Set: 170.98ms
[6630.944s][info][gc,phases      ] GC(885)   Post Evacuate Collection Set: 1.28ms
[6630.944s][info][gc,phases      ] GC(885)   Other: 0.07ms
[6630.944s][info][gc,heap        ] GC(885) Eden regions: 715->0(715)
[6630.944s][info][gc,heap        ] GC(885) Survivor regions: 53->53(96)
[6630.944s][info][gc,heap        ] GC(885) Old regions: 158->161
[6630.944s][info][gc,heap        ] GC(885) Humongous regions: 32->32
[6630.944s][info][gc,metaspace   ] GC(885) Metaspace: 29978K(30464K)->29978K(30464K) NonClass: 26580K(26816K)->26580K(26816K) Class: 3397K(3648K)->3397K(3648K)
[6630.944s][info][gc             ] GC(885) Pause Young (Normal) (G1 Evacuation Pause) 7637M->1942M(10240M) 173.358ms
[6630.944s][info][gc,cpu         ] GC(885) User=1.37s Sys=0.00s Real=0.17s
....[6634.943s][info][gc,start       ] GC(886) Pause Young (Normal) (G1 Evacuation Pause)
[6634.943s][info][gc,task        ] GC(886) Using 8 workers of 8 for evacuation
[6635.113s][info][gc,phases      ] GC(886)   Pre Evacuate Collection Set: 0.31ms
[6635.113s][info][gc,phases      ] GC(886)   Merge Heap Roots: 0.59ms
[6635.113s][info][gc,phases      ] GC(886)   Evacuate Collection Set: 168.23ms
[6635.113s][info][gc,phases      ] GC(886)   Post Evacuate Collection Set: 1.29ms
[6635.113s][info][gc,phases      ] GC(886)   Other: 0.07ms
[6635.113s][info][gc,heap        ] GC(886) Eden regions: 715->0(716)
[6635.113s][info][gc,heap        ] GC(886) Survivor regions: 53->52(96)
[6635.113s][info][gc,heap        ] GC(886) Old regions: 161->164
[6635.113s][info][gc,heap        ] GC(886) Humongous regions: 32->32
[6635.113s][info][gc,metaspace   ] GC(886) Metaspace: 29978K(30464K)->29978K(30464K) NonClass: 26580K(26816K)->26580K(26816K) Class: 3397K(3648K)->3397K(3648K)
[6635.113s][info][gc             ] GC(886) Pause Young (Normal) (G1 Evacuation Pause) 7662M->1951M(10240M) 170.618ms
[6635.113s][info][gc,cpu         ] GC(886) User=1.35s Sys=0.00s Real=0.17s
....[6639.099s][info][gc,start       ] GC(887) Pause Young (Normal) (G1 Evacuation Pause)
[6639.099s][info][gc,task        ] GC(887) Using 8 workers of 8 for evacuation
[6639.275s][info][gc,phases      ] GC(887)   Pre Evacuate Collection Set: 0.29ms
[6639.275s][info][gc,phases      ] GC(887)   Merge Heap Roots: 0.62ms
[6639.275s][info][gc,phases      ] GC(887)   Evacuate Collection Set: 173.75ms
[6639.275s][info][gc,phases      ] GC(887)   Post Evacuate Collection Set: 1.30ms
[6639.275s][info][gc,phases      ] GC(887)   Other: 0.08ms
[6639.275s][info][gc,heap        ] GC(887) Eden regions: 716->0(714)
[6639.275s][info][gc,heap        ] GC(887) Survivor regions: 52->54(96)
[6639.275s][info][gc,heap        ] GC(887) Old regions: 164->166
[6639.275s][info][gc,heap        ] GC(887) Humongous regions: 32->32
[6639.275s][info][gc,metaspace   ] GC(887) Metaspace: 29978K(30464K)->29978K(30464K) NonClass: 26580K(26816K)->26580K(26816K) Class: 3397K(3648K)->3397K(3648K)
[6639.275s][info][gc             ] GC(887) Pause Young (Normal) (G1 Evacuation Pause) 7679M->1993M(10240M) 176.211ms
[6639.275s][info][gc,cpu         ] GC(887) User=1.39s Sys=0.00s Real=0.18s
....[6643.273s][info][gc,start       ] GC(888) Pause Young (Normal) (G1 Evacuation Pause)
[6643.273s][info][gc,task        ] GC(888) Using 8 workers of 8 for evacuation
[6643.440s][info][gc,phases      ] GC(888)   Pre Evacuate Collection Set: 0.30ms
[6643.440s][info][gc,phases      ] GC(888)   Merge Heap Roots: 0.70ms
[6643.440s][info][gc,phases      ] GC(888)   Evacuate Collection Set: 163.94ms
[6643.440s][info][gc,phases      ] GC(888)   Post Evacuate Collection Set: 1.32ms
[6643.440s][info][gc,phases      ] GC(888)   Other: 0.87ms
[6643.440s][info][gc,heap        ] GC(888) Eden regions: 714->0(716)
[6643.440s][info][gc,heap        ] GC(888) Survivor regions: 54->52(96)
[6643.440s][info][gc,heap        ] GC(888) Old regions: 166->169
[6643.440s][info][gc,heap        ] GC(888) Humongous regions: 32->32
[6643.440s][info][gc,metaspace   ] GC(888) Metaspace: 29978K(30464K)->29978K(30464K) NonClass: 26580K(26816K)->26580K(26816K) Class: 3397K(3648K)->3397K(3648K)
[6643.440s][info][gc             ] GC(888) Pause Young (Normal) (G1 Evacuation Pause) 7705M->1994M(10240M) 167.272ms
[6643.441s][info][gc,cpu         ] GC(888) User=1.31s Sys=0.00s Real=0.17s
....[6647.398s][info][gc,start       ] GC(889) Pause Young (Normal) (G1 Evacuation Pause)
[6647.398s][info][gc,task        ] GC(889) Using 8 workers of 8 for evacuation
[6647.565s][info][gc,phases      ] GC(889)   Pre Evacuate Collection Set: 0.30ms
[6647.565s][info][gc,phases      ] GC(889)   Merge Heap Roots: 0.60ms
[6647.565s][info][gc,phases      ] GC(889)   Evacuate Collection Set: 164.93ms
[6647.565s][info][gc,phases      ] GC(889)   Post Evacuate Collection Set: 1.28ms
[6647.565s][info][gc,phases      ] GC(889)   Other: 0.08ms
[6647.565s][info][gc,heap        ] GC(889) Eden regions: 716->0(716)
[6647.565s][info][gc,heap        ] GC(889) Survivor regions: 52->52(96)
[6647.565s][info][gc,heap        ] GC(889) Old regions: 169->172
[6647.565s][info][gc,heap        ] GC(889) Humongous regions: 32->32
[6647.565s][info][gc,metaspace   ] GC(889) Metaspace: 29978K(30464K)->29978K(30464K) NonClass: 26580K(26816K)->26580K(26816K) Class: 3397K(3648K)->3397K(3648K)
[6647.565s][info][gc             ] GC(889) Pause Young (Normal) (G1 Evacuation Pause) 7722M->2016M(10240M) 167.330ms
[6647.565s][info][gc,cpu         ] GC(889) User=1.32s Sys=0.00s Real=0.17s
....[6651.551s][info][gc,start       ] GC(890) Pause Young (Normal) (G1 Evacuation Pause)
[6651.551s][info][gc,task        ] GC(890) Using 8 workers of 8 for evacuation
[6651.717s][info][gc,phases      ] GC(890)   Pre Evacuate Collection Set: 0.32ms
[6651.717s][info][gc,phases      ] GC(890)   Merge Heap Roots: 0.60ms
[6651.717s][info][gc,phases      ] GC(890)   Evacuate Collection Set: 164.18ms
[6651.717s][info][gc,phases      ] GC(890)   Post Evacuate Collection Set: 1.27ms
[6651.717s][info][gc,phases      ] GC(890)   Other: 0.07ms
[6651.717s][info][gc,heap        ] GC(890) Eden regions: 716->0(717)
[6651.717s][info][gc,heap        ] GC(890) Survivor regions: 52->51(96)
[6651.717s][info][gc,heap        ] GC(890) Old regions: 172->174
[6651.717s][info][gc,heap        ] GC(890) Humongous regions: 32->32
[6651.717s][info][gc,metaspace   ] GC(890) Metaspace: 29978K(30464K)->29978K(30464K) NonClass: 26580K(26816K)->26580K(26816K) Class: 3397K(3648K)->3397K(3648K)
[6651.717s][info][gc             ] GC(890) Pause Young (Normal) (G1 Evacuation Pause) 7744M->2033M(10240M) 166.570ms
[6651.717s][info][gc,cpu         ] GC(890) User=1.31s Sys=0.00s Real=0.17s
....[6655.719s][info][gc,start       ] GC(891) Pause Young (Normal) (G1 Evacuation Pause)
[6655.719s][info][gc,task        ] GC(891) Using 8 workers of 8 for evacuation
[6655.885s][info][gc,phases      ] GC(891)   Pre Evacuate Collection Set: 0.31ms
[6655.885s][info][gc,phases      ] GC(891)   Merge Heap Roots: 0.62ms
[6655.885s][info][gc,phases      ] GC(891)   Evacuate Collection Set: 164.25ms
[6655.885s][info][gc,phases      ] GC(891)   Post Evacuate Collection Set: 1.25ms
[6655.885s][info][gc,phases      ] GC(891)   Other: 0.07ms
[6655.885s][info][gc,heap        ] GC(891) Eden regions: 717->0(716)
[6655.885s][info][gc,heap        ] GC(891) Survivor regions: 51->52(96)
[6655.885s][info][gc,heap        ] GC(891) Old regions: 174->177
[6655.885s][info][gc,heap        ] GC(891) Humongous regions: 32->32
[6655.885s][info][gc,metaspace   ] GC(891) Metaspace: 29978K(30464K)->29978K(30464K) NonClass: 26580K(26816K)->26580K(26816K) Class: 3397K(3648K)->3397K(3648K)
[6655.885s][info][gc             ] GC(891) Pause Young (Normal) (G1 Evacuation Pause) 7769M->2057M(10240M) 166.647ms
[6655.885s][info][gc,cpu         ] GC(891) User=1.31s Sys=0.00s Real=0.17s
.....[6659.961s][info][gc,start       ] GC(892) Pause Young (Normal) (G1 Evacuation Pause)
[6659.961s][info][gc,task        ] GC(892) Using 8 workers of 8 for evacuation
[6660.138s][info][gc,phases      ] GC(892)   Pre Evacuate Collection Set: 0.31ms
[6660.138s][info][gc,phases      ] GC(892)   Merge Heap Roots: 0.67ms
[6660.138s][info][gc,phases      ] GC(892)   Evacuate Collection Set: 175.26ms
[6660.138s][info][gc,phases      ] GC(892)   Post Evacuate Collection Set: 1.26ms
[6660.138s][info][gc,phases      ] GC(892)   Other: 0.06ms
[6660.138s][info][gc,heap        ] GC(892) Eden regions: 716->0(713)
[6660.138s][info][gc,heap        ] GC(892) Survivor regions: 52->55(96)
[6660.138s][info][gc,heap        ] GC(892) Old regions: 177->179
[6660.138s][info][gc,heap        ] GC(892) Humongous regions: 32->32
[6660.138s][info][gc,metaspace   ] GC(892) Metaspace: 29978K(30464K)->29978K(30464K) NonClass: 26580K(26816K)->26580K(26816K) Class: 3397K(3648K)->3397K(3648K)
[6660.138s][info][gc             ] GC(892) Pause Young (Normal) (G1 Evacuation Pause) 7785M->2103M(10240M) 177.692ms
[6660.138s][info][gc,cpu         ] GC(892) User=1.40s Sys=0.00s Real=0.18s
....[6664.027s][info][gc,start       ] GC(893) Pause Young (Normal) (G1 Evacuation Pause)
[6664.027s][info][gc,task        ] GC(893) Using 8 workers of 8 for evacuation
[6664.198s][info][gc,phases      ] GC(893)   Pre Evacuate Collection Set: 0.29ms
[6664.198s][info][gc,phases      ] GC(893)   Merge Heap Roots: 0.63ms
[6664.198s][info][gc,phases      ] GC(893)   Evacuate Collection Set: 168.27ms
[6664.198s][info][gc,phases      ] GC(893)   Post Evacuate Collection Set: 1.27ms
[6664.198s][info][gc,phases      ] GC(893)   Other: 0.07ms
[6664.198s][info][gc,heap        ] GC(893) Eden regions: 713->0(714)
[6664.198s][info][gc,heap        ] GC(893) Survivor regions: 55->54(96)
[6664.198s][info][gc,heap        ] GC(893) Old regions: 179->182
[6664.198s][info][gc,heap        ] GC(893) Humongous regions: 32->32
[6664.198s][info][gc,metaspace   ] GC(893) Metaspace: 29978K(30464K)->29978K(30464K) NonClass: 26580K(26816K)->26580K(26816K) Class: 3397K(3648K)->3397K(3648K)
[6664.198s][info][gc             ] GC(893) Pause Young (Normal) (G1 Evacuation Pause) 7807M->2116M(10240M) 170.683ms
[6664.198s][info][gc,cpu         ] GC(893) User=1.35s Sys=0.00s Real=0.17s
 (rIR:aIR:PR = 11623:11550:11552) (tPR = 171430) [OK] 
  6663s: Performance info:
         Transaction,    Success,    Partial,     Failed,   Receipts, AvgBarcode, 
             Overall,     694002,          0,          0,     659263,      59.47, 
         Response times:
             Request,    Success,    Partial,     Failed,   SkipFail,     Probes,    Samples,      min,      p50,      p90,      p95,      p99,      max, 
       TotalPurchase,     659060,          0,          0,          0,     354063,     524393,      300,    16800,    86000,   124000,   200000,  3600000,
     InStorePurchase,     347101,          0,          0,          0,     185961,     275675,      300,    16800,    85000,   124000,   200000,  3600000,
      OnlinePurchase,     242629,          0,          0,          0,     130961,     193313,      300,    16700,    86000,   124000,   201000,  3600000,
        InstPurchase,      69330,          0,          0,          0,      37141,      55405,      500,    17200,    87000,   124000,   194000,  3600000,
          AssocOfCat,        696,          0,          0,          0,        583,        991,    32000,    76000,   144600,   186800,   291040,   980000,
      AssocOfProduct,       7002,          0,          0,          0,       4276,       6610,      700,    16100,    83000,   124000,   230000,  3600000,
      BusinessReport,       1743,          0,          0,          0,       1562,       2533,    38000,    88000,   155600,   204300,   275320,   545000,
          CustBuyBeh,       6936,          0,          0,          0,       4237,       6569,      400,    16100,    82000,   116000,   212000,  1200000,
       ProductReturn,      18432,          0,          0,          0,       9630,      14536,      200,    16700,    87000,   127000,   236630,   980000,

  6663s: (85%)   IR =  11761 ....[6668.241s][info][gc,start       ] GC(894) Pause Young (Normal) (G1 Evacuation Pause)
[6668.241s][info][gc,task        ] GC(894) Using 8 workers of 8 for evacuation
[6668.407s][info][gc,phases      ] GC(894)   Pre Evacuate Collection Set: 0.28ms
[6668.407s][info][gc,phases      ] GC(894)   Merge Heap Roots: 0.61ms
[6668.407s][info][gc,phases      ] GC(894)   Evacuate Collection Set: 164.12ms
[6668.407s][info][gc,phases      ] GC(894)   Post Evacuate Collection Set: 1.29ms
[6668.407s][info][gc,phases      ] GC(894)   Other: 0.07ms
[6668.407s][info][gc,heap        ] GC(894) Eden regions: 714->0(717)
[6668.407s][info][gc,heap        ] GC(894) Survivor regions: 54->51(96)
[6668.407s][info][gc,heap        ] GC(894) Old regions: 182->185
[6668.407s][info][gc,heap        ] GC(894) Humongous regions: 32->32
[6668.407s][info][gc,metaspace   ] GC(894) Metaspace: 29978K(30464K)->29978K(30464K) NonClass: 26580K(26816K)->26580K(26816K) Class: 3397K(3648K)->3397K(3648K)
[6668.408s][info][gc             ] GC(894) Pause Young (Normal) (G1 Evacuation Pause) 7828M->2118M(10240M) 166.511ms
[6668.408s][info][gc,cpu         ] GC(894) User=1.31s Sys=0.00s Real=0.17s
....[6672.427s][info][gc,start       ] GC(895) Pause Young (Normal) (G1 Evacuation Pause)
[6672.427s][info][gc,task        ] GC(895) Using 8 workers of 8 for evacuation
[6672.599s][info][gc,phases      ] GC(895)   Pre Evacuate Collection Set: 0.28ms
[6672.599s][info][gc,phases      ] GC(895)   Merge Heap Roots: 0.57ms
[6672.599s][info][gc,phases      ] GC(895)   Evacuate Collection Set: 169.24ms
[6672.599s][info][gc,phases      ] GC(895)   Post Evacuate Collection Set: 1.25ms
[6672.599s][info][gc,phases      ] GC(895)   Other: 0.08ms
[6672.599s][info][gc,heap        ] GC(895) Eden regions: 717->0(715)
[6672.599s][info][gc,heap        ] GC(895) Survivor regions: 51->53(96)
[6672.599s][info][gc,heap        ] GC(895) Old regions: 185->187
[6672.599s][info][gc,heap        ] GC(895) Humongous regions: 32->32
[6672.599s][info][gc,metaspace   ] GC(895) Metaspace: 29978K(30464K)->29978K(30464K) NonClass: 26580K(26816K)->26580K(26816K) Class: 3397K(3648K)->3397K(3648K)
[6672.599s][info][gc             ] GC(895) Pause Young (Normal) (G1 Evacuation Pause) 7854M->2150M(10240M) 171.560ms
[6672.599s][info][gc,cpu         ] GC(895) User=1.35s Sys=0.00s Real=0.17s
....[6676.496s][info][gc,start       ] GC(896) Pause Young (Normal) (G1 Evacuation Pause)
[6676.496s][info][gc,task        ] GC(896) Using 8 workers of 8 for evacuation
[6676.664s][info][gc,phases      ] GC(896)   Pre Evacuate Collection Set: 0.28ms
[6676.664s][info][gc,phases      ] GC(896)   Merge Heap Roots: 0.58ms
[6676.664s][info][gc,phases      ] GC(896)   Evacuate Collection Set: 165.50ms
[6676.664s][info][gc,phases      ] GC(896)   Post Evacuate Collection Set: 1.33ms
[6676.664s][info][gc,phases      ] GC(896)   Other: 0.06ms
[6676.664s][info][gc,heap        ] GC(896) Eden regions: 715->0(716)
[6676.664s][info][gc,heap        ] GC(896) Survivor regions: 53->52(96)
[6676.664s][info][gc,heap        ] GC(896) Old regions: 187->190
[6676.664s][info][gc,heap        ] GC(896) Humongous regions: 32->32
[6676.664s][info][gc,metaspace   ] GC(896) Metaspace: 29979K(30464K)->29979K(30464K) NonClass: 26581K(26816K)->26581K(26816K) Class: 3397K(3648K)->3397K(3648K)
[6676.664s][info][gc             ] GC(896) Pause Young (Normal) (G1 Evacuation Pause) 7870M->2163M(10240M) 167.901ms
[6676.664s][info][gc,cpu         ] GC(896) User=1.32s Sys=0.00s Real=0.16s
....[6680.575s][info][gc,start       ] GC(897) Pause Young (Normal) (G1 Evacuation Pause)
[6680.575s][info][gc,task        ] GC(897) Using 8 workers of 8 for evacuation
[6680.747s][info][gc,phases      ] GC(897)   Pre Evacuate Collection Set: 0.30ms
[6680.747s][info][gc,phases      ] GC(897)   Merge Heap Roots: 0.58ms
[6680.747s][info][gc,phases      ] GC(897)   Evacuate Collection Set: 168.85ms
[6680.747s][info][gc,phases      ] GC(897)   Post Evacuate Collection Set: 1.34ms
[6680.747s][info][gc,phases      ] GC(897)   Other: 0.07ms
[6680.747s][info][gc,heap        ] GC(897) Eden regions: 716->0(715)
[6680.747s][info][gc,heap        ] GC(897) Survivor regions: 52->53(96)
[6680.747s][info][gc,heap        ] GC(897) Old regions: 190->193
[6680.747s][info][gc,heap        ] GC(897) Humongous regions: 32->32
[6680.747s][info][gc,metaspace   ] GC(897) Metaspace: 29979K(30464K)->29979K(30464K) NonClass: 26581K(26816K)->26581K(26816K) Class: 3397K(3648K)->3397K(3648K)
[6680.747s][info][gc             ] GC(897) Pause Young (Normal) (G1 Evacuation Pause) 7891M->2195M(10240M) 171.281ms
[6680.747s][info][gc,cpu         ] GC(897) User=1.35s Sys=0.00s Real=0.17s
....|[6684.598s][info][gc,start       ] GC(898) Pause Young (Normal) (G1 Evacuation Pause)
[6684.598s][info][gc,task        ] GC(898) Using 8 workers of 8 for evacuation
[6684.770s][info][gc,phases      ] GC(898)   Pre Evacuate Collection Set: 0.30ms
[6684.770s][info][gc,phases      ] GC(898)   Merge Heap Roots: 0.64ms
[6684.770s][info][gc,phases      ] GC(898)   Evacuate Collection Set: 168.83ms
[6684.770s][info][gc,phases      ] GC(898)   Post Evacuate Collection Set: 1.31ms
[6684.770s][info][gc,phases      ] GC(898)   Other: 0.06ms
[6684.770s][info][gc,heap        ] GC(898) Eden regions: 715->0(716)
[6684.770s][info][gc,heap        ] GC(898) Survivor regions: 53->52(96)
[6684.770s][info][gc,heap        ] GC(898) Old regions: 193->195
[6684.770s][info][gc,heap        ] GC(898) Humongous regions: 32->32
[6684.770s][info][gc,metaspace   ] GC(898) Metaspace: 29979K(30464K)->29979K(30464K) NonClass: 26581K(26816K)->26581K(26816K) Class: 3397K(3648K)->3397K(3648K)
[6684.770s][info][gc             ] GC(898) Pause Young (Normal) (G1 Evacuation Pause) 7915M->2205M(10240M) 171.287ms
[6684.770s][info][gc,cpu         ] GC(898) User=1.35s Sys=0.00s Real=0.17s
....[6688.622s][info][gc,start       ] GC(899) Pause Young (Normal) (G1 Evacuation Pause)
[6688.622s][info][gc,task        ] GC(899) Using 8 workers of 8 for evacuation
[6688.789s][info][gc,phases      ] GC(899)   Pre Evacuate Collection Set: 0.30ms
[6688.789s][info][gc,phases      ] GC(899)   Merge Heap Roots: 0.59ms
[6688.789s][info][gc,phases      ] GC(899)   Evacuate Collection Set: 164.13ms
[6688.789s][info][gc,phases      ] GC(899)   Post Evacuate Collection Set: 1.31ms
[6688.789s][info][gc,phases      ] GC(899)   Other: 0.06ms
[6688.789s][info][gc,heap        ] GC(899) Eden regions: 716->0(716)
[6688.789s][info][gc,heap        ] GC(899) Survivor regions: 52->52(96)
[6688.789s][info][gc,heap        ] GC(899) Old regions: 195->198
[6688.789s][info][gc,heap        ] GC(899) Humongous regions: 32->32
[6688.789s][info][gc,metaspace   ] GC(899) Metaspace: 29979K(30464K)->29979K(30464K) NonClass: 26581K(26816K)->26581K(26816K) Class: 3397K(3648K)->3397K(3648K)
[6688.789s][info][gc             ] GC(899) Pause Young (Normal) (G1 Evacuation Pause) 7933M->2226M(10240M) 166.524ms
[6688.789s][info][gc,cpu         ] GC(899) User=1.31s Sys=0.00s Real=0.17s
....[6692.685s][info][gc,start       ] GC(900) Pause Young (Normal) (G1 Evacuation Pause)
[6692.685s][info][gc,task        ] GC(900) Using 8 workers of 8 for evacuation
[6692.853s][info][gc,phases      ] GC(900)   Pre Evacuate Collection Set: 0.29ms
[6692.853s][info][gc,phases      ] GC(900)   Merge Heap Roots: 0.58ms
[6692.853s][info][gc,phases      ] GC(900)   Evacuate Collection Set: 165.34ms
[6692.853s][info][gc,phases      ] GC(900)   Post Evacuate Collection Set: 1.31ms
[6692.853s][info][gc,phases      ] GC(900)   Other: 0.07ms
[6692.853s][info][gc,heap        ] GC(900) Eden regions: 716->0(717)
[6692.853s][info][gc,heap        ] GC(900) Survivor regions: 52->51(96)
[6692.853s][info][gc,heap        ] GC(900) Old regions: 198->201
[6692.853s][info][gc,heap        ] GC(900) Humongous regions: 32->32
[6692.853s][info][gc,metaspace   ] GC(900) Metaspace: 29979K(30464K)->29979K(30464K) NonClass: 26581K(26816K)->26581K(26816K) Class: 3397K(3648K)->3397K(3648K)
[6692.853s][info][gc             ] GC(900) Pause Young (Normal) (G1 Evacuation Pause) 7954M->2244M(10240M) 167.751ms
[6692.853s][info][gc,cpu         ] GC(900) User=1.32s Sys=0.00s Real=0.16s
....[6696.857s][info][gc,start       ] GC(901) Pause Young (Normal) (G1 Evacuation Pause)
[6696.857s][info][gc,task        ] GC(901) Using 8 workers of 8 for evacuation
[6697.027s][info][gc,phases      ] GC(901)   Pre Evacuate Collection Set: 0.29ms
[6697.027s][info][gc,phases      ] GC(901)   Merge Heap Roots: 0.58ms
[6697.027s][info][gc,phases      ] GC(901)   Evacuate Collection Set: 168.36ms
[6697.027s][info][gc,phases      ] GC(901)   Post Evacuate Collection Set: 1.33ms
[6697.027s][info][gc,phases      ] GC(901)   Other: 0.06ms
[6697.027s][info][gc,heap        ] GC(901) Eden regions: 717->0(714)
[6697.027s][info][gc,heap        ] GC(901) Survivor regions: 51->54(96)
[6697.027s][info][gc,heap        ] GC(901) Old regions: 201->203
[6697.027s][info][gc,heap        ] GC(901) Humongous regions: 32->32
[6697.027s][info][gc,metaspace   ] GC(901) Metaspace: 29979K(30464K)->29979K(30464K) NonClass: 26581K(26816K)->26581K(26816K) Class: 3397K(3648K)->3397K(3648K)
[6697.027s][info][gc             ] GC(901) Pause Young (Normal) (G1 Evacuation Pause) 7980M->2285M(10240M) 170.750ms
[6697.027s][info][gc,cpu         ] GC(901) User=1.35s Sys=0.00s Real=0.17s
....[6700.952s][info][gc,start       ] GC(902) Pause Young (Normal) (G1 Evacuation Pause)
[6700.952s][info][gc,task        ] GC(902) Using 8 workers of 8 for evacuation
[6701.128s][info][gc,phases      ] GC(902)   Pre Evacuate Collection Set: 0.28ms
[6701.128s][info][gc,phases      ] GC(902)   Merge Heap Roots: 0.60ms
[6701.128s][info][gc,phases      ] GC(902)   Evacuate Collection Set: 173.76ms
[6701.128s][info][gc,phases      ] GC(902)   Post Evacuate Collection Set: 1.25ms
[6701.128s][info][gc,phases      ] GC(902)   Other: 0.07ms
[6701.128s][info][gc,heap        ] GC(902) Eden regions: 714->0(714)
[6701.128s][info][gc,heap        ] GC(902) Survivor regions: 54->54(96)
[6701.128s][info][gc,heap        ] GC(902) Old regions: 203->206
[6701.128s][info][gc,heap        ] GC(902) Humongous regions: 32->32
[6701.128s][info][gc,metaspace   ] GC(902) Metaspace: 29979K(30464K)->29979K(30464K) NonClass: 26581K(26816K)->26581K(26816K) Class: 3397K(3648K)->3397K(3648K)
[6701.128s][info][gc             ] GC(902) Pause Young (Normal) (G1 Evacuation Pause) 7997M->2311M(10240M) 176.108ms
[6701.129s][info][gc,cpu         ] GC(902) User=1.38s Sys=0.00s Real=0.18s
....[6704.867s][info][gc,start       ] GC(903) Pause Young (Normal) (G1 Evacuation Pause)
[6704.867s][info][gc,task        ] GC(903) Using 8 workers of 8 for evacuation
[6705.035s][info][gc,phases      ] GC(903)   Pre Evacuate Collection Set: 0.30ms
[6705.035s][info][gc,phases      ] GC(903)   Merge Heap Roots: 0.59ms
[6705.035s][info][gc,phases      ] GC(903)   Evacuate Collection Set: 165.44ms
[6705.035s][info][gc,phases      ] GC(903)   Post Evacuate Collection Set: 1.29ms
[6705.035s][info][gc,phases      ] GC(903)   Other: 0.06ms
[6705.035s][info][gc,heap        ] GC(903) Eden regions: 714->0(716)
[6705.035s][info][gc,heap        ] GC(903) Survivor regions: 54->52(96)
[6705.035s][info][gc,heap        ] GC(903) Old regions: 206->209
[6705.035s][info][gc,heap        ] GC(903) Humongous regions: 32->32
[6705.035s][info][gc,metaspace   ] GC(903) Metaspace: 29979K(30464K)->29979K(30464K) NonClass: 26581K(26816K)->26581K(26816K) Class: 3397K(3648K)->3397K(3648K)
[6705.035s][info][gc             ] GC(903) Pause Young (Normal) (G1 Evacuation Pause) 8023M->2312M(10240M) 167.824ms
[6705.035s][info][gc,cpu         ] GC(903) User=1.32s Sys=0.00s Real=0.16s
....[6709.124s][info][gc,start       ] GC(904) Pause Young (Normal) (G1 Evacuation Pause)
[6709.124s][info][gc,task        ] GC(904) Using 8 workers of 8 for evacuation
[6709.291s][info][gc,phases      ] GC(904)   Pre Evacuate Collection Set: 0.29ms
[6709.291s][info][gc,phases      ] GC(904)   Merge Heap Roots: 0.58ms
[6709.291s][info][gc,phases      ] GC(904)   Evacuate Collection Set: 164.23ms
[6709.291s][info][gc,phases      ] GC(904)   Post Evacuate Collection Set: 1.29ms
[6709.291s][info][gc,phases      ] GC(904)   Other: 0.07ms
[6709.291s][info][gc,heap        ] GC(904) Eden regions: 716->0(716)
[6709.291s][info][gc,heap        ] GC(904) Survivor regions: 52->52(96)
[6709.291s][info][gc,heap        ] GC(904) Old regions: 209->211
[6709.291s][info][gc,heap        ] GC(904) Humongous regions: 32->32
[6709.291s][info][gc,metaspace   ] GC(904) Metaspace: 29979K(30464K)->29979K(30464K) NonClass: 26581K(26816K)->26581K(26816K) Class: 3397K(3648K)->3397K(3648K)
[6709.291s][info][gc             ] GC(904) Pause Young (Normal) (G1 Evacuation Pause) 8040M->2333M(10240M) 166.616ms
[6709.291s][info][gc,cpu         ] GC(904) User=1.31s Sys=0.01s Real=0.17s
....[6713.281s][info][gc,start       ] GC(905) Pause Young (Normal) (G1 Evacuation Pause)
[6713.281s][info][gc,task        ] GC(905) Using 8 workers of 8 for evacuation
[6713.454s][info][gc,phases      ] GC(905)   Pre Evacuate Collection Set: 0.29ms
[6713.454s][info][gc,phases      ] GC(905)   Merge Heap Roots: 0.62ms
[6713.454s][info][gc,phases      ] GC(905)   Evacuate Collection Set: 171.01ms
[6713.454s][info][gc,phases      ] GC(905)   Post Evacuate Collection Set: 1.30ms
[6713.454s][info][gc,phases      ] GC(905)   Other: 0.06ms
[6713.454s][info][gc,heap        ] GC(905) Eden regions: 716->0(714)
[6713.454s][info][gc,heap        ] GC(905) Survivor regions: 52->54(96)
[6713.454s][info][gc,heap        ] GC(905) Old regions: 211->214
[6713.454s][info][gc,heap        ] GC(905) Humongous regions: 32->32
[6713.454s][info][gc,metaspace   ] GC(905) Metaspace: 29979K(30464K)->29979K(30464K) NonClass: 26581K(26816K)->26581K(26816K) Class: 3397K(3648K)->3397K(3648K)
[6713.454s][info][gc             ] GC(905) Pause Young (Normal) (G1 Evacuation Pause) 8061M->2370M(10240M) 173.409ms
[6713.454s][info][gc,cpu         ] GC(905) User=1.36s Sys=0.00s Real=0.17s
....[6717.314s][info][gc,start       ] GC(906) Pause Young (Normal) (G1 Evacuation Pause)
[6717.314s][info][gc,task        ] GC(906) Using 8 workers of 8 for evacuation
[6717.478s][info][gc,phases      ] GC(906)   Pre Evacuate Collection Set: 0.29ms
[6717.478s][info][gc,phases      ] GC(906)   Merge Heap Roots: 0.63ms
[6717.478s][info][gc,phases      ] GC(906)   Evacuate Collection Set: 162.08ms
[6717.478s][info][gc,phases      ] GC(906)   Post Evacuate Collection Set: 1.25ms
[6717.478s][info][gc,phases      ] GC(906)   Other: 0.07ms
[6717.478s][info][gc,heap        ] GC(906) Eden regions: 714->0(717)
[6717.479s][info][gc,heap        ] GC(906) Survivor regions: 54->51(96)
[6717.479s][info][gc,heap        ] GC(906) Old regions: 214->216
[6717.479s][info][gc,heap        ] GC(906) Humongous regions: 32->32
[6717.479s][info][gc,metaspace   ] GC(906) Metaspace: 29979K(30464K)->29979K(30464K) NonClass: 26581K(26816K)->26581K(26816K) Class: 3397K(3648K)->3397K(3648K)
[6717.479s][info][gc             ] GC(906) Pause Young (Normal) (G1 Evacuation Pause) 8082M->2367M(10240M) 164.470ms
[6717.479s][info][gc,cpu         ] GC(906) User=1.29s Sys=0.00s Real=0.17s
....[6721.352s][info][gc,start       ] GC(907) Pause Young (Normal) (G1 Evacuation Pause)
[6721.352s][info][gc,task        ] GC(907) Using 8 workers of 8 for evacuation
[6721.523s][info][gc,phases      ] GC(907)   Pre Evacuate Collection Set: 0.26ms
[6721.523s][info][gc,phases      ] GC(907)   Merge Heap Roots: 0.57ms
[6721.523s][info][gc,phases      ] GC(907)   Evacuate Collection Set: 169.12ms
[6721.523s][info][gc,phases      ] GC(907)   Post Evacuate Collection Set: 1.27ms
[6721.523s][info][gc,phases      ] GC(907)   Other: 0.06ms
[6721.523s][info][gc,heap        ] GC(907) Eden regions: 717->0(715)
[6721.523s][info][gc,heap        ] GC(907) Survivor regions: 51->53(96)
[6721.523s][info][gc,heap        ] GC(907) Old regions: 216->219
[6721.523s][info][gc,heap        ] GC(907) Humongous regions: 32->32
[6721.523s][info][gc,metaspace   ] GC(907) Metaspace: 29979K(30464K)->29979K(30464K) NonClass: 26581K(26816K)->26581K(26816K) Class: 3397K(3648K)->3397K(3648K)
[6721.523s][info][gc             ] GC(907) Pause Young (Normal) (G1 Evacuation Pause) 8103M->2404M(10240M) 171.434ms
[6721.523s][info][gc,cpu         ] GC(907) User=1.35s Sys=0.00s Real=0.17s
....[6725.349s][info][gc,start       ] GC(908) Pause Young (Normal) (G1 Evacuation Pause)
[6725.350s][info][gc,task        ] GC(908) Using 8 workers of 8 for evacuation
[6725.514s][info][gc,phases      ] GC(908)   Pre Evacuate Collection Set: 0.30ms
[6725.514s][info][gc,phases      ] GC(908)   Merge Heap Roots: 0.60ms
[6725.514s][info][gc,phases      ] GC(908)   Evacuate Collection Set: 162.46ms
[6725.514s][info][gc,phases      ] GC(908)   Post Evacuate Collection Set: 1.30ms
[6725.514s][info][gc,phases      ] GC(908)   Other: 0.06ms
[6725.514s][info][gc,heap        ] GC(908) Eden regions: 715->0(717)
[6725.514s][info][gc,heap        ] GC(908) Survivor regions: 53->51(96)
[6725.514s][info][gc,heap        ] GC(908) Old regions: 219->222
[6725.514s][info][gc,heap        ] GC(908) Humongous regions: 32->32
[6725.514s][info][gc,metaspace   ] GC(908) Metaspace: 29979K(30464K)->29979K(30464K) NonClass: 26581K(26816K)->26581K(26816K) Class: 3397K(3648K)->3397K(3648K)
[6725.514s][info][gc             ] GC(908) Pause Young (Normal) (G1 Evacuation Pause) 8124M->2412M(10240M) 164.882ms
[6725.514s][info][gc,cpu         ] GC(908) User=1.30s Sys=0.00s Real=0.16s
....[6729.374s][info][gc,start       ] GC(909) Pause Young (Normal) (G1 Evacuation Pause)
[6729.374s][info][gc,task        ] GC(909) Using 8 workers of 8 for evacuation
[6729.543s][info][gc,phases      ] GC(909)   Pre Evacuate Collection Set: 0.31ms
[6729.543s][info][gc,phases      ] GC(909)   Merge Heap Roots: 0.60ms
[6729.543s][info][gc,phases      ] GC(909)   Evacuate Collection Set: 166.92ms
[6729.543s][info][gc,phases      ] GC(909)   Post Evacuate Collection Set: 1.29ms
[6729.543s][info][gc,phases      ] GC(909)   Other: 0.09ms
[6729.543s][info][gc,heap        ] GC(909) Eden regions: 717->0(716)
[6729.543s][info][gc,heap        ] GC(909) Survivor regions: 51->52(96)
[6729.543s][info][gc,heap        ] GC(909) Old regions: 222->224
[6729.543s][info][gc,heap        ] GC(909) Humongous regions: 32->32
[6729.543s][info][gc,metaspace   ] GC(909) Metaspace: 29979K(30464K)->29979K(30464K) NonClass: 26581K(26816K)->26581K(26816K) Class: 3397K(3648K)->3397K(3648K)
[6729.543s][info][gc             ] GC(909) Pause Young (Normal) (G1 Evacuation Pause) 8148M->2438M(10240M) 169.353ms
[6729.543s][info][gc,cpu         ] GC(909) User=1.33s Sys=0.00s Real=0.17s
....[6733.370s][info][gc,start       ] GC(910) Pause Young (Normal) (G1 Evacuation Pause)
[6733.370s][info][gc,task        ] GC(910) Using 8 workers of 8 for evacuation
[6733.544s][info][gc,phases      ] GC(910)   Pre Evacuate Collection Set: 0.27ms
[6733.544s][info][gc,phases      ] GC(910)   Merge Heap Roots: 0.63ms
[6733.544s][info][gc,phases      ] GC(910)   Evacuate Collection Set: 171.41ms
[6733.544s][info][gc,phases      ] GC(910)   Post Evacuate Collection Set: 1.31ms
[6733.544s][info][gc,phases      ] GC(910)   Other: 0.07ms
[6733.544s][info][gc,heap        ] GC(910) Eden regions: 716->0(714)
[6733.544s][info][gc,heap        ] GC(910) Survivor regions: 52->54(96)
[6733.544s][info][gc,heap        ] GC(910) Old regions: 224->227
[6733.544s][info][gc,heap        ] GC(910) Humongous regions: 32->32
[6733.544s][info][gc,metaspace   ] GC(910) Metaspace: 29979K(30464K)->29979K(30464K) NonClass: 26581K(26816K)->26581K(26816K) Class: 3397K(3648K)->3397K(3648K)
[6733.544s][info][gc             ] GC(910) Pause Young (Normal) (G1 Evacuation Pause) 8166M->2474M(10240M) 173.832ms
[6733.544s][info][gc,cpu         ] GC(910) User=1.37s Sys=0.01s Real=0.17s
....[6737.423s][info][gc,start       ] GC(911) Pause Young (Normal) (G1 Evacuation Pause)
[6737.423s][info][gc,task        ] GC(911) Using 8 workers of 8 for evacuation
[6737.589s][info][gc,phases      ] GC(911)   Pre Evacuate Collection Set: 0.29ms
[6737.589s][info][gc,phases      ] GC(911)   Merge Heap Roots: 0.61ms
[6737.589s][info][gc,phases      ] GC(911)   Evacuate Collection Set: 163.41ms
[6737.589s][info][gc,phases      ] GC(911)   Post Evacuate Collection Set: 1.28ms
[6737.589s][info][gc,phases      ] GC(911)   Other: 0.06ms
[6737.589s][info][gc,heap        ] GC(911) Eden regions: 714->0(717)
[6737.589s][info][gc,heap        ] GC(911) Survivor regions: 54->51(96)
[6737.589s][info][gc,heap        ] GC(911) Old regions: 227->229
[6737.589s][info][gc,heap        ] GC(911) Humongous regions: 32->32
[6737.589s][info][gc,metaspace   ] GC(911) Metaspace: 29979K(30464K)->29979K(30464K) NonClass: 26581K(26816K)->26581K(26816K) Class: 3397K(3648K)->3397K(3648K)
[6737.589s][info][gc             ] GC(911) Pause Young (Normal) (G1 Evacuation Pause) 8186M->2475M(10240M) 165.781ms
[6737.589s][info][gc,cpu         ] GC(911) User=1.30s Sys=0.00s Real=0.17s
....[6741.413s][info][gc,start       ] GC(912) Pause Young (Normal) (G1 Evacuation Pause)
[6741.413s][info][gc,task        ] GC(912) Using 8 workers of 8 for evacuation
[6741.584s][info][gc,phases      ] GC(912)   Pre Evacuate Collection Set: 0.29ms
[6741.584s][info][gc,phases      ] GC(912)   Merge Heap Roots: 0.58ms
[6741.584s][info][gc,phases      ] GC(912)   Evacuate Collection Set: 168.97ms
[6741.584s][info][gc,phases      ] GC(912)   Post Evacuate Collection Set: 1.30ms
[6741.584s][info][gc,phases      ] GC(912)   Other: 0.06ms
[6741.584s][info][gc,heap        ] GC(912) Eden regions: 717->0(715)
[6741.584s][info][gc,heap        ] GC(912) Survivor regions: 51->53(96)
[6741.584s][info][gc,heap        ] GC(912) Old regions: 229->232
[6741.584s][info][gc,heap        ] GC(912) Humongous regions: 32->32
[6741.584s][info][gc,metaspace   ] GC(912) Metaspace: 29979K(30464K)->29979K(30464K) NonClass: 26581K(26816K)->26581K(26816K) Class: 3397K(3648K)->3397K(3648K)
[6741.584s][info][gc             ] GC(912) Pause Young (Normal) (G1 Evacuation Pause) 8211M->2507M(10240M) 171.324ms
[6741.584s][info][gc,cpu         ] GC(912) User=1.35s Sys=0.00s Real=0.17s
.... (rIR:aIR:PR = 11761:11831:11833) (tPR = 176886) [OK] 
  6744s: Performance info:
         Transaction,    Success,    Partial,     Failed,   Receipts, AvgBarcode, 
             Overall,     714235,          0,          0,     678797,      59.48, 
         Response times:
             Request,    Success,    Partial,     Failed,   SkipFail,     Probes,    Samples,      min,      p50,      p90,      p95,      p99,      max, 
       TotalPurchase,     678788,          0,          0,          0,     354344,     484454,      300,    19800,    99000,   134000,   219000,  1800000,
     InStorePurchase,     356527,          0,          0,          0,     185284,     253538,      300,    19700,    98000,   134000,   217000,  1800000,
      OnlinePurchase,     251333,          0,          0,          0,     131401,     178987,      300,    20000,   100000,   136000,   222000,  1400000,
        InstPurchase,      70928,          0,          0,          0,      37659,      51929,      400,    19600,   101000,   132000,   219000,  1400000,
          AssocOfCat,        707,          0,          0,          0,        590,        915,    33000,    80000,   158000,   214000,   276000,   509000,
      AssocOfProduct,       7095,          0,          0,          0,       4232,       6100,      600,    22000,    98000,   136000,   219970,   890000,
      BusinessReport,       1783,          0,          0,          0,       1590,       2326,    39000,    91000,   168000,   203650,   283000,   960000,
          CustBuyBeh,       7063,          0,          0,          0,       4314,       6186,      200,    21000,   100000,   138000,   210000,  1800000,
       ProductReturn,      18727,          0,          0,          0,       9800,      13708,      500,    19800,   101000,   134000,   213000,   910000,

  6744s: (86%)   IR =  11900 [6745.622s][info][gc,start       ] GC(913) Pause Young (Normal) (G1 Evacuation Pause)
[6745.622s][info][gc,task        ] GC(913) Using 8 workers of 8 for evacuation
[6745.798s][info][gc,phases      ] GC(913)   Pre Evacuate Collection Set: 0.27ms
[6745.798s][info][gc,phases      ] GC(913)   Merge Heap Roots: 0.60ms
[6745.798s][info][gc,phases      ] GC(913)   Evacuate Collection Set: 173.21ms
[6745.798s][info][gc,phases      ] GC(913)   Post Evacuate Collection Set: 1.42ms
[6745.798s][info][gc,phases      ] GC(913)   Other: 0.07ms
[6745.798s][info][gc,heap        ] GC(913) Eden regions: 715->0(715)
[6745.798s][info][gc,heap        ] GC(913) Survivor regions: 53->53(96)
[6745.798s][info][gc,heap        ] GC(913) Old regions: 232->235
[6745.798s][info][gc,heap        ] GC(913) Humongous regions: 32->32
[6745.798s][info][gc,metaspace   ] GC(913) Metaspace: 29979K(30464K)->29979K(30464K) NonClass: 26581K(26816K)->26581K(26816K) Class: 3397K(3648K)->3397K(3648K)
[6745.798s][info][gc             ] GC(913) Pause Young (Normal) (G1 Evacuation Pause) 8227M->2532M(10240M) 175.707ms
[6745.798s][info][gc,cpu         ] GC(913) User=1.38s Sys=0.00s Real=0.18s
....[6749.602s][info][gc,start       ] GC(914) Pause Young (Normal) (G1 Evacuation Pause)
[6749.602s][info][gc,task        ] GC(914) Using 8 workers of 8 for evacuation
[6749.772s][info][gc,phases      ] GC(914)   Pre Evacuate Collection Set: 0.29ms
[6749.772s][info][gc,phases      ] GC(914)   Merge Heap Roots: 0.59ms
[6749.772s][info][gc,phases      ] GC(914)   Evacuate Collection Set: 167.25ms
[6749.772s][info][gc,phases      ] GC(914)   Post Evacuate Collection Set: 1.31ms
[6749.772s][info][gc,phases      ] GC(914)   Other: 0.07ms
[6749.772s][info][gc,heap        ] GC(914) Eden regions: 715->0(715)
[6749.772s][info][gc,heap        ] GC(914) Survivor regions: 53->53(96)
[6749.772s][info][gc,heap        ] GC(914) Old regions: 235->237
[6749.772s][info][gc,heap        ] GC(914) Humongous regions: 32->32
[6749.772s][info][gc,metaspace   ] GC(914) Metaspace: 29979K(30464K)->29979K(30464K) NonClass: 26581K(26816K)->26581K(26816K) Class: 3397K(3648K)->3397K(3648K)
[6749.772s][info][gc             ] GC(914) Pause Young (Normal) (G1 Evacuation Pause) 8252M->2550M(10240M) 169.663ms
[6749.772s][info][gc,cpu         ] GC(914) User=1.33s Sys=0.00s Real=0.17s
....[6753.589s][info][gc,start       ] GC(915) Pause Young (Normal) (G1 Evacuation Pause)
[6753.589s][info][gc,task        ] GC(915) Using 8 workers of 8 for evacuation
[6753.755s][info][gc,phases      ] GC(915)   Pre Evacuate Collection Set: 0.31ms
[6753.756s][info][gc,phases      ] GC(915)   Merge Heap Roots: 0.71ms
[6753.756s][info][gc,phases      ] GC(915)   Evacuate Collection Set: 164.03ms
[6753.756s][info][gc,phases      ] GC(915)   Post Evacuate Collection Set: 1.27ms
[6753.756s][info][gc,phases      ] GC(915)   Other: 0.07ms
[6753.756s][info][gc,heap        ] GC(915) Eden regions: 715->0(716)
[6753.756s][info][gc,heap        ] GC(915) Survivor regions: 53->52(96)
[6753.756s][info][gc,heap        ] GC(915) Old regions: 237->240
[6753.756s][info][gc,heap        ] GC(915) Humongous regions: 32->32
[6753.756s][info][gc,metaspace   ] GC(915) Metaspace: 29979K(30464K)->29979K(30464K) NonClass: 26581K(26816K)->26581K(26816K) Class: 3397K(3648K)->3397K(3648K)
[6753.756s][info][gc             ] GC(915) Pause Young (Normal) (G1 Evacuation Pause) 8270M->2567M(10240M) 166.517ms
[6753.756s][info][gc,cpu         ] GC(915) User=1.31s Sys=0.00s Real=0.17s
....[6757.623s][info][gc,start       ] GC(916) Pause Young (Normal) (G1 Evacuation Pause)
[6757.623s][info][gc,task        ] GC(916) Using 8 workers of 8 for evacuation
[6757.793s][info][gc,phases      ] GC(916)   Pre Evacuate Collection Set: 0.31ms
[6757.793s][info][gc,phases      ] GC(916)   Merge Heap Roots: 0.57ms
[6757.793s][info][gc,phases      ] GC(916)   Evacuate Collection Set: 167.85ms
[6757.793s][info][gc,phases      ] GC(916)   Post Evacuate Collection Set: 1.30ms
[6757.793s][info][gc,phases      ] GC(916)   Other: 0.07ms
[6757.793s][info][gc,heap        ] GC(916) Eden regions: 716->0(715)
[6757.793s][info][gc,heap        ] GC(916) Survivor regions: 52->53(96)
[6757.793s][info][gc,heap        ] GC(916) Old regions: 240->243
[6757.793s][info][gc,heap        ] GC(916) Humongous regions: 32->32
[6757.793s][info][gc,metaspace   ] GC(916) Metaspace: 29979K(30464K)->29979K(30464K) NonClass: 26581K(26816K)->26581K(26816K) Class: 3397K(3648K)->3397K(3648K)
[6757.793s][info][gc             ] GC(916) Pause Young (Normal) (G1 Evacuation Pause) 8295M->2597M(10240M) 170.244ms
[6757.793s][info][gc,cpu         ] GC(916) User=1.34s Sys=0.00s Real=0.17s
....[6761.718s][info][gc,start       ] GC(917) Pause Young (Normal) (G1 Evacuation Pause)
[6761.718s][info][gc,task        ] GC(917) Using 8 workers of 8 for evacuation
[6761.882s][info][gc,phases      ] GC(917)   Pre Evacuate Collection Set: 0.31ms
[6761.882s][info][gc,phases      ] GC(917)   Merge Heap Roots: 0.60ms
[6761.882s][info][gc,phases      ] GC(917)   Evacuate Collection Set: 162.05ms
[6761.882s][info][gc,phases      ] GC(917)   Post Evacuate Collection Set: 1.30ms
[6761.882s][info][gc,phases      ] GC(917)   Other: 0.08ms
[6761.882s][info][gc,heap        ] GC(917) Eden regions: 715->0(717)
[6761.882s][info][gc,heap        ] GC(917) Survivor regions: 53->51(96)
[6761.882s][info][gc,heap        ] GC(917) Old regions: 243->245
[6761.882s][info][gc,heap        ] GC(917) Humongous regions: 32->32
[6761.882s][info][gc,metaspace   ] GC(917) Metaspace: 29979K(30464K)->29979K(30464K) NonClass: 26581K(26816K)->26581K(26816K) Class: 3397K(3648K)->3397K(3648K)
[6761.882s][info][gc             ] GC(917) Pause Young (Normal) (G1 Evacuation Pause) 8317M->2603M(10240M) 164.474ms
[6761.882s][info][gc,cpu         ] GC(917) User=1.29s Sys=0.00s Real=0.16s
....[6765.658s][info][gc,start       ] GC(918) Pause Young (Normal) (G1 Evacuation Pause)
[6765.658s][info][gc,task        ] GC(918) Using 8 workers of 8 for evacuation
[6765.831s][info][gc,phases      ] GC(918)   Pre Evacuate Collection Set: 0.27ms
[6765.831s][info][gc,phases      ] GC(918)   Merge Heap Roots: 0.58ms
[6765.831s][info][gc,phases      ] GC(918)   Evacuate Collection Set: 171.35ms
[6765.831s][info][gc,phases      ] GC(918)   Post Evacuate Collection Set: 1.25ms
[6765.831s][info][gc,phases      ] GC(918)   Other: 0.06ms
[6765.831s][info][gc,heap        ] GC(918) Eden regions: 717->0(715)
[6765.831s][info][gc,heap        ] GC(918) Survivor regions: 51->53(96)
[6765.831s][info][gc,heap        ] GC(918) Old regions: 245->248
[6765.831s][info][gc,heap        ] GC(918) Humongous regions: 32->32
[6765.832s][info][gc,metaspace   ] GC(918) Metaspace: 29979K(30464K)->29979K(30464K) NonClass: 26581K(26816K)->26581K(26816K) Class: 3397K(3648K)->3397K(3648K)
[6765.832s][info][gc             ] GC(918) Pause Young (Normal) (G1 Evacuation Pause) 8339M->2640M(10240M) 173.644ms
[6765.832s][info][gc,cpu         ] GC(918) User=1.36s Sys=0.01s Real=0.17s
...|.[6769.744s][info][gc,start       ] GC(919) Pause Young (Normal) (G1 Evacuation Pause)
[6769.744s][info][gc,task        ] GC(919) Using 8 workers of 8 for evacuation
[6769.912s][info][gc,phases      ] GC(919)   Pre Evacuate Collection Set: 0.29ms
[6769.912s][info][gc,phases      ] GC(919)   Merge Heap Roots: 0.65ms
[6769.912s][info][gc,phases      ] GC(919)   Evacuate Collection Set: 165.43ms
[6769.912s][info][gc,phases      ] GC(919)   Post Evacuate Collection Set: 1.31ms
[6769.912s][info][gc,phases      ] GC(919)   Other: 0.07ms
[6769.912s][info][gc,heap        ] GC(919) Eden regions: 715->0(716)
[6769.912s][info][gc,heap        ] GC(919) Survivor regions: 53->52(96)
[6769.912s][info][gc,heap        ] GC(919) Old regions: 248->251
[6769.912s][info][gc,heap        ] GC(919) Humongous regions: 32->32
[6769.912s][info][gc,metaspace   ] GC(919) Metaspace: 29979K(30464K)->29979K(30464K) NonClass: 26581K(26816K)->26581K(26816K) Class: 3397K(3648K)->3397K(3648K)
[6769.912s][info][gc             ] GC(919) Pause Young (Normal) (G1 Evacuation Pause) 8360M->2653M(10240M) 167.934ms
[6769.912s][info][gc,cpu         ] GC(919) User=1.31s Sys=0.00s Real=0.17s
....[6773.743s][info][gc,start       ] GC(920) Pause Young (Normal) (G1 Evacuation Pause)
[6773.743s][info][gc,task        ] GC(920) Using 8 workers of 8 for evacuation
[6773.913s][info][gc,phases      ] GC(920)   Pre Evacuate Collection Set: 0.28ms
[6773.913s][info][gc,phases      ] GC(920)   Merge Heap Roots: 0.57ms
[6773.913s][info][gc,phases      ] GC(920)   Evacuate Collection Set: 167.55ms
[6773.913s][info][gc,phases      ] GC(920)   Post Evacuate Collection Set: 1.31ms
[6773.913s][info][gc,phases      ] GC(920)   Other: 0.06ms
[6773.913s][info][gc,heap        ] GC(920) Eden regions: 716->0(715)
[6773.913s][info][gc,heap        ] GC(920) Survivor regions: 52->53(96)
[6773.913s][info][gc,heap        ] GC(920) Old regions: 251->253
[6773.913s][info][gc,heap        ] GC(920) Humongous regions: 32->32
[6773.913s][info][gc,metaspace   ] GC(920) Metaspace: 29979K(30464K)->29979K(30464K) NonClass: 26581K(26816K)->26581K(26816K) Class: 3397K(3648K)->3397K(3648K)
[6773.913s][info][gc             ] GC(920) Pause Young (Normal) (G1 Evacuation Pause) 8381M->2677M(10240M) 169.901ms
[6773.913s][info][gc,cpu         ] GC(920) User=1.34s Sys=0.00s Real=0.17s
....[6777.803s][info][gc,start       ] GC(921) Pause Young (Normal) (G1 Evacuation Pause)
[6777.803s][info][gc,task        ] GC(921) Using 8 workers of 8 for evacuation
[6777.969s][info][gc,phases      ] GC(921)   Pre Evacuate Collection Set: 0.28ms
[6777.969s][info][gc,phases      ] GC(921)   Merge Heap Roots: 0.62ms
[6777.969s][info][gc,phases      ] GC(921)   Evacuate Collection Set: 164.06ms
[6777.969s][info][gc,phases      ] GC(921)   Post Evacuate Collection Set: 1.26ms
[6777.969s][info][gc,phases      ] GC(921)   Other: 0.06ms
[6777.969s][info][gc,heap        ] GC(921) Eden regions: 715->0(717)
[6777.969s][info][gc,heap        ] GC(921) Survivor regions: 53->51(96)
[6777.969s][info][gc,heap        ] GC(921) Old regions: 253->256
[6777.969s][info][gc,heap        ] GC(921) Humongous regions: 32->32
[6777.969s][info][gc,metaspace   ] GC(921) Metaspace: 29979K(30464K)->29979K(30464K) NonClass: 26581K(26816K)->26581K(26816K) Class: 3397K(3648K)->3397K(3648K)
[6777.969s][info][gc             ] GC(921) Pause Young (Normal) (G1 Evacuation Pause) 8397M->2682M(10240M) 166.417ms
[6777.969s][info][gc,cpu         ] GC(921) User=1.31s Sys=0.00s Real=0.17s
....[6781.807s][info][gc,start       ] GC(922) Pause Young (Normal) (G1 Evacuation Pause)
[6781.807s][info][gc,task        ] GC(922) Using 8 workers of 8 for evacuation
[6781.978s][info][gc,phases      ] GC(922)   Pre Evacuate Collection Set: 0.28ms
[6781.978s][info][gc,phases      ] GC(922)   Merge Heap Roots: 0.60ms
[6781.978s][info][gc,phases      ] GC(922)   Evacuate Collection Set: 168.84ms
[6781.978s][info][gc,phases      ] GC(922)   Post Evacuate Collection Set: 1.33ms
[6781.978s][info][gc,phases      ] GC(922)   Other: 0.06ms
[6781.978s][info][gc,heap        ] GC(922) Eden regions: 717->0(715)
[6781.978s][info][gc,heap        ] GC(922) Survivor regions: 51->53(96)
[6781.978s][info][gc,heap        ] GC(922) Old regions: 256->259
[6781.978s][info][gc,heap        ] GC(922) Humongous regions: 32->32
[6781.978s][info][gc,metaspace   ] GC(922) Metaspace: 29979K(30464K)->29979K(30464K) NonClass: 26581K(26816K)->26581K(26816K) Class: 3397K(3648K)->3397K(3648K)
[6781.978s][info][gc             ] GC(922) Pause Young (Normal) (G1 Evacuation Pause) 8418M->2719M(10240M) 171.240ms
[6781.978s][info][gc,cpu         ] GC(922) User=1.35s Sys=0.00s Real=0.17s
....[6785.896s][info][gc,start       ] GC(923) Pause Young (Normal) (G1 Evacuation Pause)
[6785.896s][info][gc,task        ] GC(923) Using 8 workers of 8 for evacuation
[6786.067s][info][gc,phases      ] GC(923)   Pre Evacuate Collection Set: 0.31ms
[6786.067s][info][gc,phases      ] GC(923)   Merge Heap Roots: 0.61ms
[6786.067s][info][gc,phases      ] GC(923)   Evacuate Collection Set: 169.37ms
[6786.067s][info][gc,phases      ] GC(923)   Post Evacuate Collection Set: 1.26ms
[6786.067s][info][gc,phases      ] GC(923)   Other: 0.07ms
[6786.067s][info][gc,heap        ] GC(923) Eden regions: 715->0(715)
[6786.067s][info][gc,heap        ] GC(923) Survivor regions: 53->53(96)
[6786.067s][info][gc,heap        ] GC(923) Old regions: 259->261
[6786.067s][info][gc,heap        ] GC(923) Humongous regions: 32->32
[6786.067s][info][gc,metaspace   ] GC(923) Metaspace: 29979K(30464K)->29979K(30464K) NonClass: 26581K(26816K)->26581K(26816K) Class: 3397K(3648K)->3397K(3648K)
[6786.067s][info][gc             ] GC(923) Pause Young (Normal) (G1 Evacuation Pause) 8439M->2740M(10240M) 171.774ms
[6786.068s][info][gc,cpu         ] GC(923) User=1.36s Sys=0.00s Real=0.17s
....[6789.882s][info][gc,start       ] GC(924) Pause Young (Normal) (G1 Evacuation Pause)
[6789.882s][info][gc,task        ] GC(924) Using 8 workers of 8 for evacuation
[6790.056s][info][gc,phases      ] GC(924)   Pre Evacuate Collection Set: 0.29ms
[6790.056s][info][gc,phases      ] GC(924)   Merge Heap Roots: 0.61ms
[6790.056s][info][gc,phases      ] GC(924)   Evacuate Collection Set: 171.29ms
[6790.056s][info][gc,phases      ] GC(924)   Post Evacuate Collection Set: 1.29ms
[6790.056s][info][gc,phases      ] GC(924)   Other: 0.06ms
[6790.056s][info][gc,heap        ] GC(924) Eden regions: 715->0(714)
[6790.056s][info][gc,heap        ] GC(924) Survivor regions: 53->54(96)
[6790.056s][info][gc,heap        ] GC(924) Old regions: 261->264
[6790.056s][info][gc,heap        ] GC(924) Humongous regions: 32->32
[6790.056s][info][gc,metaspace   ] GC(924) Metaspace: 29979K(30464K)->29979K(30464K) NonClass: 26581K(26816K)->26581K(26816K) Class: 3397K(3648K)->3397K(3648K)
[6790.056s][info][gc             ] GC(924) Pause Young (Normal) (G1 Evacuation Pause) 8460M->2770M(10240M) 173.720ms
[6790.056s][info][gc,cpu         ] GC(924) User=1.37s Sys=0.00s Real=0.18s
....[6793.874s][info][gc,start       ] GC(925) Pause Young (Normal) (G1 Evacuation Pause)
[6793.874s][info][gc,task        ] GC(925) Using 8 workers of 8 for evacuation
[6794.046s][info][gc,phases      ] GC(925)   Pre Evacuate Collection Set: 0.29ms
[6794.046s][info][gc,phases      ] GC(925)   Merge Heap Roots: 0.60ms
[6794.046s][info][gc,phases      ] GC(925)   Evacuate Collection Set: 169.06ms
[6794.046s][info][gc,phases      ] GC(925)   Post Evacuate Collection Set: 1.28ms
[6794.046s][info][gc,phases      ] GC(925)   Other: 0.07ms
[6794.046s][info][gc,heap        ] GC(925) Eden regions: 714->0(715)
[6794.046s][info][gc,heap        ] GC(925) Survivor regions: 54->53(96)
[6794.046s][info][gc,heap        ] GC(925) Old regions: 264->267
[6794.046s][info][gc,heap        ] GC(925) Humongous regions: 32->32
[6794.046s][info][gc,metaspace   ] GC(925) Metaspace: 29979K(30464K)->29979K(30464K) NonClass: 26581K(26816K)->26581K(26816K) Class: 3397K(3648K)->3397K(3648K)
[6794.046s][info][gc             ] GC(925) Pause Young (Normal) (G1 Evacuation Pause) 8482M->2787M(10240M) 171.452ms
[6794.046s][info][gc,cpu         ] GC(925) User=1.35s Sys=0.00s Real=0.18s
....[6797.928s][info][gc,start       ] GC(926) Pause Young (Normal) (G1 Evacuation Pause)
[6797.928s][info][gc,task        ] GC(926) Using 8 workers of 8 for evacuation
[6798.098s][info][gc,phases      ] GC(926)   Pre Evacuate Collection Set: 0.30ms
[6798.099s][info][gc,phases      ] GC(926)   Merge Heap Roots: 0.62ms
[6798.099s][info][gc,phases      ] GC(926)   Evacuate Collection Set: 167.99ms
[6798.099s][info][gc,phases      ] GC(926)   Post Evacuate Collection Set: 1.30ms
[6798.099s][info][gc,phases      ] GC(926)   Other: 0.07ms
[6798.099s][info][gc,heap        ] GC(926) Eden regions: 715->0(715)
[6798.099s][info][gc,heap        ] GC(926) Survivor regions: 53->53(96)
[6798.099s][info][gc,heap        ] GC(926) Old regions: 267->269
[6798.099s][info][gc,heap        ] GC(926) Humongous regions: 32->32
[6798.099s][info][gc,metaspace   ] GC(926) Metaspace: 29979K(30464K)->29979K(30464K) NonClass: 26581K(26816K)->26581K(26816K) Class: 3397K(3648K)->3397K(3648K)
[6798.099s][info][gc             ] GC(926) Pause Young (Normal) (G1 Evacuation Pause) 8507M->2809M(10240M) 170.435ms
[6798.099s][info][gc,cpu         ] GC(926) User=1.34s Sys=0.00s Real=0.17s
....[6802.027s][info][gc,start       ] GC(927) Pause Young (Normal) (G1 Evacuation Pause)
[6802.027s][info][gc,task        ] GC(927) Using 8 workers of 8 for evacuation
[6802.198s][info][gc,phases      ] GC(927)   Pre Evacuate Collection Set: 0.29ms
[6802.198s][info][gc,phases      ] GC(927)   Merge Heap Roots: 0.65ms
[6802.198s][info][gc,phases      ] GC(927)   Evacuate Collection Set: 168.73ms
[6802.198s][info][gc,phases      ] GC(927)   Post Evacuate Collection Set: 1.29ms
[6802.198s][info][gc,phases      ] GC(927)   Other: 0.06ms
[6802.198s][info][gc,heap        ] GC(927) Eden regions: 715->0(715)
[6802.198s][info][gc,heap        ] GC(927) Survivor regions: 53->53(96)
[6802.199s][info][gc,heap        ] GC(927) Old regions: 269->272
[6802.199s][info][gc,heap        ] GC(927) Humongous regions: 32->32
[6802.199s][info][gc,metaspace   ] GC(927) Metaspace: 29979K(30464K)->29979K(30464K) NonClass: 26581K(26816K)->26581K(26816K) Class: 3397K(3648K)->3397K(3648K)
[6802.199s][info][gc             ] GC(927) Pause Young (Normal) (G1 Evacuation Pause) 8529M->2826M(10240M) 171.172ms
[6802.199s][info][gc,cpu         ] GC(927) User=1.34s Sys=0.00s Real=0.17s
....[6806.032s][info][gc,start       ] GC(928) Pause Young (Normal) (G1 Evacuation Pause)
[6806.032s][info][gc,task        ] GC(928) Using 8 workers of 8 for evacuation
[6806.203s][info][gc,phases      ] GC(928)   Pre Evacuate Collection Set: 0.28ms
[6806.203s][info][gc,phases      ] GC(928)   Merge Heap Roots: 0.59ms
[6806.203s][info][gc,phases      ] GC(928)   Evacuate Collection Set: 168.98ms
[6806.203s][info][gc,phases      ] GC(928)   Post Evacuate Collection Set: 1.26ms
[6806.203s][info][gc,phases      ] GC(928)   Other: 0.06ms
[6806.203s][info][gc,heap        ] GC(928) Eden regions: 715->0(715)
[6806.203s][info][gc,heap        ] GC(928) Survivor regions: 53->53(96)
[6806.203s][info][gc,heap        ] GC(928) Old regions: 272->274
[6806.203s][info][gc,heap        ] GC(928) Humongous regions: 32->32
[6806.203s][info][gc,metaspace   ] GC(928) Metaspace: 29979K(30464K)->29979K(30464K) NonClass: 26581K(26816K)->26581K(26816K) Class: 3397K(3648K)->3397K(3648K)
[6806.203s][info][gc             ] GC(928) Pause Young (Normal) (G1 Evacuation Pause) 8546M->2851M(10240M) 171.303ms
[6806.203s][info][gc,cpu         ] GC(928) User=1.35s Sys=0.00s Real=0.17s
....[6810.028s][info][gc,start       ] GC(929) Pause Young (Normal) (G1 Evacuation Pause)
[6810.028s][info][gc,task        ] GC(929) Using 8 workers of 8 for evacuation
[6810.200s][info][gc,phases      ] GC(929)   Pre Evacuate Collection Set: 0.31ms
[6810.200s][info][gc,phases      ] GC(929)   Merge Heap Roots: 0.65ms
[6810.200s][info][gc,phases      ] GC(929)   Evacuate Collection Set: 169.65ms
[6810.200s][info][gc,phases      ] GC(929)   Post Evacuate Collection Set: 1.28ms
[6810.200s][info][gc,phases      ] GC(929)   Other: 0.06ms
[6810.200s][info][gc,heap        ] GC(929) Eden regions: 715->0(715)
[6810.200s][info][gc,heap        ] GC(929) Survivor regions: 53->53(96)
[6810.200s][info][gc,heap        ] GC(929) Old regions: 274->277
[6810.200s][info][gc,heap        ] GC(929) Humongous regions: 32->32
[6810.200s][info][gc,metaspace   ] GC(929) Metaspace: 29979K(30464K)->29979K(30464K) NonClass: 26581K(26816K)->26581K(26816K) Class: 3397K(3648K)->3397K(3648K)
[6810.200s][info][gc             ] GC(929) Pause Young (Normal) (G1 Evacuation Pause) 8571M->2872M(10240M) 172.082ms
[6810.200s][info][gc,cpu         ] GC(929) User=1.35s Sys=0.00s Real=0.17s
....[6814.103s][info][gc,start       ] GC(930) Pause Young (Concurrent Start) (G1 Evacuation Pause)
[6814.103s][info][gc,task        ] GC(930) Using 8 workers of 8 for evacuation
[6814.271s][info][gc,phases      ] GC(930)   Pre Evacuate Collection Set: 0.35ms
[6814.271s][info][gc,phases      ] GC(930)   Merge Heap Roots: 0.57ms
[6814.271s][info][gc,phases      ] GC(930)   Evacuate Collection Set: 165.72ms
[6814.271s][info][gc,phases      ] GC(930)   Post Evacuate Collection Set: 1.26ms
[6814.271s][info][gc,phases      ] GC(930)   Other: 0.08ms
[6814.271s][info][gc,heap        ] GC(930) Eden regions: 715->0(716)
[6814.271s][info][gc,heap        ] GC(930) Survivor regions: 53->52(96)
[6814.271s][info][gc,heap        ] GC(930) Old regions: 277->280
[6814.271s][info][gc,heap        ] GC(930) Humongous regions: 32->32
[6814.271s][info][gc,metaspace   ] GC(930) Metaspace: 29979K(30464K)->29979K(30464K) NonClass: 26581K(26816K)->26581K(26816K) Class: 3397K(3648K)->3397K(3648K)
[6814.271s][info][gc             ] GC(930) Pause Young (Concurrent Start) (G1 Evacuation Pause) 8592M->2885M(10240M) 168.124ms
[6814.271s][info][gc             ] GC(931) Concurrent Mark Cycle
[6814.271s][info][gc,marking     ] GC(931) Concurrent Scan Root Regions
[6814.271s][info][gc,cpu         ] GC(930) User=1.32s Sys=0.00s Real=0.17s
.[6814.582s][info][gc,marking     ] GC(931) Concurrent Scan Root Regions 311.080ms
[6814.582s][info][gc,marking     ] GC(931) Concurrent Mark
[6814.582s][info][gc,marking     ] GC(931) Concurrent Mark From Roots
[6814.582s][info][gc,task        ] GC(931) Using 2 workers of 2 for marking
.[6815.864s][info][gc,marking     ] GC(931) Concurrent Mark From Roots 1281.755ms
[6815.864s][info][gc,marking     ] GC(931) Concurrent Preclean
[6815.864s][info][gc,marking     ] GC(931) Concurrent Preclean 0.177ms
[6815.865s][info][gc,start       ] GC(931) Pause Remark
[6815.866s][info][gc             ] GC(931) Pause Remark 4625M->4441M(10240M) 1.864ms
[6815.867s][info][gc,cpu         ] GC(931) User=0.01s Sys=0.00s Real=0.01s
[6815.867s][info][gc,marking     ] GC(931) Concurrent Mark 1284.101ms
[6815.867s][info][gc,marking     ] GC(931) Concurrent Rebuild Remembered Sets and Scrub Regions
.[6816.600s][info][gc,marking     ] GC(931) Concurrent Rebuild Remembered Sets and Scrub Regions 733.281ms
[6816.600s][info][gc,start       ] GC(931) Pause Cleanup
[6816.600s][info][gc             ] GC(931) Pause Cleanup 5373M->5373M(10240M) 0.312ms
[6816.600s][info][gc,cpu         ] GC(931) User=0.00s Sys=0.00s Real=0.00s
[6816.600s][info][gc,marking     ] GC(931) Concurrent Clear Claimed Marks
[6816.601s][info][gc,marking     ] GC(931) Concurrent Clear Claimed Marks 0.060ms
[6816.601s][info][gc,marking     ] GC(931) Concurrent Cleanup for Next Mark
[6816.613s][info][gc,marking     ] GC(931) Concurrent Cleanup for Next Mark 12.709ms
[6816.613s][info][gc             ] GC(931) Concurrent Mark Cycle 2341.997ms
..[6818.638s][info][gc,start       ] GC(932) Pause Young (Prepare Mixed) (G1 Evacuation Pause)
[6818.638s][info][gc,task        ] GC(932) Using 8 workers of 8 for evacuation
[6818.812s][info][gc,phases      ] GC(932)   Pre Evacuate Collection Set: 0.29ms
[6818.812s][info][gc,phases      ] GC(932)   Merge Heap Roots: 0.85ms
[6818.812s][info][gc,phases      ] GC(932)   Evacuate Collection Set: 171.18ms
[6818.812s][info][gc,phases      ] GC(932)   Post Evacuate Collection Set: 1.42ms
[6818.812s][info][gc,phases      ] GC(932)   Other: 0.07ms
[6818.812s][info][gc,heap        ] GC(932) Eden regions: 716->0(715)
[6818.812s][info][gc,heap        ] GC(932) Survivor regions: 52->53(96)
[6818.812s][info][gc,heap        ] GC(932) Old regions: 257->259
[6818.812s][info][gc,heap        ] GC(932) Humongous regions: 32->32
[6818.812s][info][gc,metaspace   ] GC(932) Metaspace: 29979K(30464K)->29979K(30464K) NonClass: 26581K(26816K)->26581K(26816K) Class: 3397K(3648K)->3397K(3648K)
[6818.812s][info][gc             ] GC(932) Pause Young (Prepare Mixed) (G1 Evacuation Pause) 8429M->2730M(10240M) 173.939ms
[6818.812s][info][gc,cpu         ] GC(932) User=1.37s Sys=0.00s Real=0.17s
....[6822.497s][info][gc,start       ] GC(933) Pause Young (Mixed) (G1 Evacuation Pause)
[6822.497s][info][gc,task        ] GC(933) Using 8 workers of 8 for evacuation
[6822.678s][info][gc,phases      ] GC(933)   Pre Evacuate Collection Set: 0.30ms
[6822.678s][info][gc,phases      ] GC(933)   Merge Heap Roots: 0.84ms
[6822.678s][info][gc,phases      ] GC(933)   Evacuate Collection Set: 175.58ms
[6822.678s][info][gc,phases      ] GC(933)   Merge Optional Heap Roots: 0.12ms
[6822.678s][info][gc,phases      ] GC(933)   Evacuate Optional Collection Set: 2.14ms
[6822.678s][info][gc,phases      ] GC(933)   Post Evacuate Collection Set: 1.58ms
[6822.678s][info][gc,phases      ] GC(933)   Other: 0.09ms
[6822.678s][info][gc,heap        ] GC(933) Eden regions: 715->0(705)
[6822.678s][info][gc,heap        ] GC(933) Survivor regions: 53->53(96)
[6822.678s][info][gc,heap        ] GC(933) Old regions: 259->165
[6822.678s][info][gc,heap        ] GC(933) Humongous regions: 32->32
[6822.678s][info][gc,metaspace   ] GC(933) Metaspace: 29979K(30464K)->29979K(30464K) NonClass: 26581K(26816K)->26581K(26816K) Class: 3397K(3648K)->3397K(3648K)
[6822.678s][info][gc             ] GC(933) Pause Young (Mixed) (G1 Evacuation Pause) 8450M->1973M(10240M) 180.800ms
[6822.678s][info][gc,cpu         ] GC(933) User=1.43s Sys=0.01s Real=0.18s
....[6826.303s][info][gc,start       ] GC(934) Pause Young (Mixed) (G1 Evacuation Pause)
[6826.303s][info][gc,task        ] GC(934) Using 8 workers of 8 for evacuation
[6826.476s][info][gc,phases      ] GC(934)   Pre Evacuate Collection Set: 0.28ms
[6826.476s][info][gc,phases      ] GC(934)   Merge Heap Roots: 0.83ms
[6826.476s][info][gc,phases      ] GC(934)   Evacuate Collection Set: 170.46ms
[6826.476s][info][gc,phases      ] GC(934)   Post Evacuate Collection Set: 1.36ms
[6826.476s][info][gc,phases      ] GC(934)   Other: 0.08ms
[6826.476s][info][gc,heap        ] GC(934) Eden regions: 712->0(716)
[6826.476s][info][gc,heap        ] GC(934) Survivor regions: 53->52(96)
[6826.476s][info][gc,heap        ] GC(934) Old regions: 165->151
[6826.476s][info][gc,heap        ] GC(934) Humongous regions: 32->32
[6826.476s][info][gc,metaspace   ] GC(934) Metaspace: 29979K(30464K)->29979K(30464K) NonClass: 26581K(26816K)->26581K(26816K) Class: 3397K(3648K)->3397K(3648K)
[6826.476s][info][gc             ] GC(934) Pause Young (Mixed) (G1 Evacuation Pause) 7669M->1850M(10240M) 173.141ms
[6826.476s][info][gc,cpu         ] GC(934) User=1.36s Sys=0.00s Real=0.18s
.. (rIR:aIR:PR = 11900:11896:11885) (tPR = 177801) [OK] 
  6828s: Performance info:
         Transaction,    Success,    Partial,     Failed,   Receipts, AvgBarcode, 
             Overall,     717714,          0,          0,     681466,      59.48, 
         Response times:
             Request,    Success,    Partial,     Failed,   SkipFail,     Probes,    Samples,      min,      p50,      p90,      p95,      p99,      max, 
       TotalPurchase,     682095,          0,          0,          0,     345047,     504557,      300,    32000,   144000,   201000,   323000,  6200000,
     InStorePurchase,     356690,          0,          0,          0,     180749,     265089,      300,    32000,   143000,   201000,   310000,  6200000,
      OnlinePurchase,     253812,          0,          0,          0,     127848,     185600,      400,    32000,   145000,   201000,   330000,  6200000,
        InstPurchase,      71593,          0,          0,          0,      36450,      53868,      500,    32000,   145100,   204000,   349000,  6200000,
          AssocOfCat,        723,          0,          0,          0,        582,        984,    33000,    98000,   202000,   260000,   364400,  3000000,
      AssocOfProduct,       7195,          0,          0,          0,       4316,       6538,      900,    34500,   151000,   218000,   359610,  1300000,
      BusinessReport,       1788,          0,          0,          0,       1581,       2484,    38000,   101000,   221000,   279500,   409000,  1700000,
          CustBuyBeh,       7174,          0,          0,          0,       4329,       6490,      300,    31000,   149000,   196900,   358090,  1800000,
       ProductReturn,      19418,          0,          0,          0,       9687,      14389,      300,    32000,   148000,   197000,   339100,  3000000,

  6828s: (87%)   IR =  12038 .[6830.288s][info][gc,start       ] GC(935) Pause Young (Mixed) (G1 Evacuation Pause)
[6830.289s][info][gc,task        ] GC(935) Using 8 workers of 8 for evacuation
[6830.466s][info][gc,phases      ] GC(935)   Pre Evacuate Collection Set: 0.30ms
[6830.466s][info][gc,phases      ] GC(935)   Merge Heap Roots: 0.91ms
[6830.466s][info][gc,phases      ] GC(935)   Evacuate Collection Set: 174.47ms
[6830.466s][info][gc,phases      ] GC(935)   Post Evacuate Collection Set: 1.29ms
[6830.466s][info][gc,phases      ] GC(935)   Other: 0.08ms
[6830.466s][info][gc,heap        ] GC(935) Eden regions: 716->0(716)
[6830.466s][info][gc,heap        ] GC(935) Survivor regions: 52->52(96)
[6830.466s][info][gc,heap        ] GC(935) Old regions: 151->136
[6830.466s][info][gc,heap        ] GC(935) Humongous regions: 32->32
[6830.466s][info][gc,metaspace   ] GC(935) Metaspace: 29979K(30464K)->29979K(30464K) NonClass: 26581K(26816K)->26581K(26816K) Class: 3397K(3648K)->3397K(3648K)
[6830.466s][info][gc             ] GC(935) Pause Young (Mixed) (G1 Evacuation Pause) 7578M->1737M(10240M) 177.993ms
[6830.466s][info][gc,cpu         ] GC(935) User=1.40s Sys=0.00s Real=0.18s
....[6834.340s][info][gc,start       ] GC(936) Pause Young (Normal) (G1 Evacuation Pause)
[6834.340s][info][gc,task        ] GC(936) Using 8 workers of 8 for evacuation
[6834.507s][info][gc,phases      ] GC(936)   Pre Evacuate Collection Set: 0.27ms
[6834.507s][info][gc,phases      ] GC(936)   Merge Heap Roots: 0.58ms
[6834.507s][info][gc,phases      ] GC(936)   Evacuate Collection Set: 165.02ms
[6834.507s][info][gc,phases      ] GC(936)   Post Evacuate Collection Set: 1.28ms
[6834.507s][info][gc,phases      ] GC(936)   Other: 0.06ms
[6834.507s][info][gc,heap        ] GC(936) Eden regions: 716->0(716)
[6834.507s][info][gc,heap        ] GC(936) Survivor regions: 52->52(96)
[6834.507s][info][gc,heap        ] GC(936) Old regions: 136->139
[6834.507s][info][gc,heap        ] GC(936) Humongous regions: 32->32
[6834.507s][info][gc,metaspace   ] GC(936) Metaspace: 29979K(30464K)->29979K(30464K) NonClass: 26581K(26816K)->26581K(26816K) Class: 3397K(3648K)->3397K(3648K)
[6834.507s][info][gc             ] GC(936) Pause Young (Normal) (G1 Evacuation Pause) 7465M->1756M(10240M) 167.355ms
[6834.507s][info][gc,cpu         ] GC(936) User=1.32s Sys=0.00s Real=0.17s
....[6838.402s][info][gc,start       ] GC(937) Pause Young (Normal) (G1 Evacuation Pause)
[6838.402s][info][gc,task        ] GC(937) Using 8 workers of 8 for evacuation
[6838.572s][info][gc,phases      ] GC(937)   Pre Evacuate Collection Set: 0.26ms
[6838.572s][info][gc,phases      ] GC(937)   Merge Heap Roots: 0.54ms
[6838.572s][info][gc,phases      ] GC(937)   Evacuate Collection Set: 168.52ms
[6838.572s][info][gc,phases      ] GC(937)   Post Evacuate Collection Set: 1.27ms
[6838.572s][info][gc,phases      ] GC(937)   Other: 0.07ms
[6838.572s][info][gc,heap        ] GC(937) Eden regions: 716->0(716)
[6838.572s][info][gc,heap        ] GC(937) Survivor regions: 52->52(96)
[6838.572s][info][gc,heap        ] GC(937) Old regions: 139->142
[6838.572s][info][gc,heap        ] GC(937) Humongous regions: 32->32
[6838.572s][info][gc,metaspace   ] GC(937) Metaspace: 29979K(30464K)->29979K(30464K) NonClass: 26581K(26816K)->26581K(26816K) Class: 3397K(3648K)->3397K(3648K)
[6838.572s][info][gc             ] GC(937) Pause Young (Normal) (G1 Evacuation Pause) 7484M->1782M(10240M) 170.793ms
[6838.572s][info][gc,cpu         ] GC(937) User=1.34s Sys=0.00s Real=0.17s
....[6842.419s][info][gc,start       ] GC(938) Pause Young (Normal) (G1 Evacuation Pause)
[6842.419s][info][gc,task        ] GC(938) Using 8 workers of 8 for evacuation
[6842.591s][info][gc,phases      ] GC(938)   Pre Evacuate Collection Set: 0.26ms
[6842.591s][info][gc,phases      ] GC(938)   Merge Heap Roots: 0.54ms
[6842.591s][info][gc,phases      ] GC(938)   Evacuate Collection Set: 169.59ms
[6842.591s][info][gc,phases      ] GC(938)   Post Evacuate Collection Set: 1.25ms
[6842.591s][info][gc,phases      ] GC(938)   Other: 0.08ms
[6842.591s][info][gc,heap        ] GC(938) Eden regions: 716->0(715)
[6842.591s][info][gc,heap        ] GC(938) Survivor regions: 52->53(96)
[6842.591s][info][gc,heap        ] GC(938) Old regions: 142->145
[6842.591s][info][gc,heap        ] GC(938) Humongous regions: 32->32
[6842.591s][info][gc,metaspace   ] GC(938) Metaspace: 29979K(30464K)->29979K(30464K) NonClass: 26581K(26816K)->26581K(26816K) Class: 3397K(3648K)->3397K(3648K)
[6842.591s][info][gc             ] GC(938) Pause Young (Normal) (G1 Evacuation Pause) 7510M->1812M(10240M) 171.869ms
[6842.591s][info][gc,cpu         ] GC(938) User=1.35s Sys=0.00s Real=0.17s
....[6846.433s][info][gc,start       ] GC(939) Pause Young (Normal) (G1 Evacuation Pause)
[6846.433s][info][gc,task        ] GC(939) Using 8 workers of 8 for evacuation
[6846.598s][info][gc,phases      ] GC(939)   Pre Evacuate Collection Set: 0.26ms
[6846.598s][info][gc,phases      ] GC(939)   Merge Heap Roots: 0.55ms
[6846.598s][info][gc,phases      ] GC(939)   Evacuate Collection Set: 162.89ms
[6846.598s][info][gc,phases      ] GC(939)   Post Evacuate Collection Set: 1.29ms
[6846.598s][info][gc,phases      ] GC(939)   Other: 0.06ms
[6846.598s][info][gc,heap        ] GC(939) Eden regions: 715->0(716)
[6846.598s][info][gc,heap        ] GC(939) Survivor regions: 53->52(96)
[6846.598s][info][gc,heap        ] GC(939) Old regions: 145->147
[6846.598s][info][gc,heap        ] GC(939) Humongous regions: 32->32
[6846.598s][info][gc,metaspace   ] GC(939) Metaspace: 29979K(30464K)->29979K(30464K) NonClass: 26581K(26816K)->26581K(26816K) Class: 3397K(3648K)->3397K(3648K)
[6846.598s][info][gc             ] GC(939) Pause Young (Normal) (G1 Evacuation Pause) 7532M->1825M(10240M) 165.183ms
[6846.598s][info][gc,cpu         ] GC(939) User=1.30s Sys=0.00s Real=0.17s
....[6850.507s][info][gc,start       ] GC(940) Pause Young (Normal) (G1 Evacuation Pause)
[6850.507s][info][gc,task        ] GC(940) Using 8 workers of 8 for evacuation
[6850.677s][info][gc,phases      ] GC(940)   Pre Evacuate Collection Set: 0.27ms
[6850.677s][info][gc,phases      ] GC(940)   Merge Heap Roots: 0.54ms
[6850.677s][info][gc,phases      ] GC(940)   Evacuate Collection Set: 167.80ms
[6850.677s][info][gc,phases      ] GC(940)   Post Evacuate Collection Set: 1.31ms
[6850.677s][info][gc,phases      ] GC(940)   Other: 0.06ms
[6850.677s][info][gc,heap        ] GC(940) Eden regions: 716->0(714)
[6850.677s][info][gc,heap        ] GC(940) Survivor regions: 52->54(96)
[6850.677s][info][gc,heap        ] GC(940) Old regions: 147->150
[6850.677s][info][gc,heap        ] GC(940) Humongous regions: 32->32
[6850.677s][info][gc,metaspace   ] GC(940) Metaspace: 29979K(30464K)->29979K(30464K) NonClass: 26581K(26816K)->26581K(26816K) Class: 3397K(3648K)->3397K(3648K)
[6850.677s][info][gc             ] GC(940) Pause Young (Normal) (G1 Evacuation Pause) 7553M->1858M(10240M) 170.153ms
[6850.677s][info][gc,cpu         ] GC(940) User=1.33s Sys=0.01s Real=0.17s
....[6854.417s][info][gc,start       ] GC(941) Pause Young (Normal) (G1 Evacuation Pause)
[6854.417s][info][gc,task        ] GC(941) Using 8 workers of 8 for evacuation
[6854.587s][info][gc,phases      ] GC(941)   Pre Evacuate Collection Set: 0.26ms
[6854.587s][info][gc,phases      ] GC(941)   Merge Heap Roots: 0.56ms
[6854.587s][info][gc,phases      ] GC(941)   Evacuate Collection Set: 168.50ms
[6854.587s][info][gc,phases      ] GC(941)   Post Evacuate Collection Set: 1.29ms
[6854.587s][info][gc,phases      ] GC(941)   Other: 0.07ms
[6854.587s][info][gc,heap        ] GC(941) Eden regions: 714->0(715)
[6854.587s][info][gc,heap        ] GC(941) Survivor regions: 54->53(96)
[6854.587s][info][gc,heap        ] GC(941) Old regions: 150->152
[6854.587s][info][gc,heap        ] GC(941) Humongous regions: 32->32
[6854.587s][info][gc,metaspace   ] GC(941) Metaspace: 29979K(30464K)->29979K(30464K) NonClass: 26581K(26816K)->26581K(26816K) Class: 3397K(3648K)->3397K(3648K)
[6854.588s][info][gc             ] GC(941) Pause Young (Normal) (G1 Evacuation Pause) 7570M->1875M(10240M) 170.837ms
[6854.588s][info][gc,cpu         ] GC(941) User=1.35s Sys=0.00s Real=0.17s
...|.[6858.496s][info][gc,start       ] GC(942) Pause Young (Normal) (G1 Evacuation Pause)
[6858.496s][info][gc,task        ] GC(942) Using 8 workers of 8 for evacuation
[6858.666s][info][gc,phases      ] GC(942)   Pre Evacuate Collection Set: 0.29ms
[6858.666s][info][gc,phases      ] GC(942)   Merge Heap Roots: 0.61ms
[6858.666s][info][gc,phases      ] GC(942)   Evacuate Collection Set: 167.40ms
[6858.666s][info][gc,phases      ] GC(942)   Post Evacuate Collection Set: 1.27ms
[6858.666s][info][gc,phases      ] GC(942)   Other: 0.07ms
[6858.666s][info][gc,heap        ] GC(942) Eden regions: 715->0(715)
[6858.666s][info][gc,heap        ] GC(942) Survivor regions: 53->53(96)
[6858.666s][info][gc,heap        ] GC(942) Old regions: 152->155
[6858.666s][info][gc,heap        ] GC(942) Humongous regions: 32->32
[6858.666s][info][gc,metaspace   ] GC(942) Metaspace: 29979K(30464K)->29979K(30464K) NonClass: 26581K(26816K)->26581K(26816K) Class: 3397K(3648K)->3397K(3648K)
[6858.666s][info][gc             ] GC(942) Pause Young (Normal) (G1 Evacuation Pause) 7595M->1897M(10240M) 169.792ms
[6858.666s][info][gc,cpu         ] GC(942) User=1.33s Sys=0.01s Real=0.17s
....[6862.526s][info][gc,start       ] GC(943) Pause Young (Normal) (G1 Evacuation Pause)
[6862.526s][info][gc,task        ] GC(943) Using 8 workers of 8 for evacuation
[6862.691s][info][gc,phases      ] GC(943)   Pre Evacuate Collection Set: 0.27ms
[6862.691s][info][gc,phases      ] GC(943)   Merge Heap Roots: 0.55ms
[6862.691s][info][gc,phases      ] GC(943)   Evacuate Collection Set: 163.36ms
[6862.691s][info][gc,phases      ] GC(943)   Post Evacuate Collection Set: 1.25ms
[6862.691s][info][gc,phases      ] GC(943)   Other: 0.06ms
[6862.691s][info][gc,heap        ] GC(943) Eden regions: 715->0(715)
[6862.691s][info][gc,heap        ] GC(943) Survivor regions: 53->53(96)
[6862.691s][info][gc,heap        ] GC(943) Old regions: 155->158
[6862.691s][info][gc,heap        ] GC(943) Humongous regions: 32->32
[6862.691s][info][gc,metaspace   ] GC(943) Metaspace: 29979K(30464K)->29979K(30464K) NonClass: 26581K(26816K)->26581K(26816K) Class: 3397K(3648K)->3397K(3648K)
[6862.691s][info][gc             ] GC(943) Pause Young (Normal) (G1 Evacuation Pause) 7617M->1915M(10240M) 165.618ms
[6862.691s][info][gc,cpu         ] GC(943) User=1.30s Sys=0.00s Real=0.16s
....[6866.428s][info][gc,start       ] GC(944) Pause Young (Normal) (G1 Evacuation Pause)
[6866.428s][info][gc,task        ] GC(944) Using 8 workers of 8 for evacuation
[6866.600s][info][gc,phases      ] GC(944)   Pre Evacuate Collection Set: 0.26ms
[6866.600s][info][gc,phases      ] GC(944)   Merge Heap Roots: 0.62ms
[6866.600s][info][gc,phases      ] GC(944)   Evacuate Collection Set: 170.23ms
[6866.600s][info][gc,phases      ] GC(944)   Post Evacuate Collection Set: 1.23ms
[6866.600s][info][gc,phases      ] GC(944)   Other: 0.06ms
[6866.600s][info][gc,heap        ] GC(944) Eden regions: 715->0(715)
[6866.600s][info][gc,heap        ] GC(944) Survivor regions: 53->53(96)
[6866.600s][info][gc,heap        ] GC(944) Old regions: 158->161
[6866.600s][info][gc,heap        ] GC(944) Humongous regions: 32->32
[6866.600s][info][gc,metaspace   ] GC(944) Metaspace: 29979K(30464K)->29979K(30464K) NonClass: 26581K(26816K)->26581K(26816K) Class: 3397K(3648K)->3397K(3648K)
[6866.600s][info][gc             ] GC(944) Pause Young (Normal) (G1 Evacuation Pause) 7635M->1940M(10240M) 172.544ms
[6866.600s][info][gc,cpu         ] GC(944) User=1.36s Sys=0.00s Real=0.17s
....[6870.311s][info][gc,start       ] GC(945) Pause Young (Normal) (G1 Evacuation Pause)
[6870.311s][info][gc,task        ] GC(945) Using 8 workers of 8 for evacuation
[6870.478s][info][gc,phases      ] GC(945)   Pre Evacuate Collection Set: 0.27ms
[6870.478s][info][gc,phases      ] GC(945)   Merge Heap Roots: 0.54ms
[6870.478s][info][gc,phases      ] GC(945)   Evacuate Collection Set: 164.76ms
[6870.478s][info][gc,phases      ] GC(945)   Post Evacuate Collection Set: 1.28ms
[6870.478s][info][gc,phases      ] GC(945)   Other: 0.06ms
[6870.478s][info][gc,heap        ] GC(945) Eden regions: 715->0(715)
[6870.478s][info][gc,heap        ] GC(945) Survivor regions: 53->53(96)
[6870.478s][info][gc,heap        ] GC(945) Old regions: 161->163
[6870.478s][info][gc,heap        ] GC(945) Humongous regions: 32->32
[6870.478s][info][gc,metaspace   ] GC(945) Metaspace: 29979K(30464K)->29979K(30464K) NonClass: 26581K(26816K)->26581K(26816K) Class: 3397K(3648K)->3397K(3648K)
[6870.478s][info][gc             ] GC(945) Pause Young (Normal) (G1 Evacuation Pause) 7660M->1958M(10240M) 167.054ms
[6870.478s][info][gc,cpu         ] GC(945) User=1.32s Sys=0.00s Real=0.17s
....[6874.394s][info][gc,start       ] GC(946) Pause Young (Normal) (G1 Evacuation Pause)
[6874.394s][info][gc,task        ] GC(946) Using 8 workers of 8 for evacuation
[6874.562s][info][gc,phases      ] GC(946)   Pre Evacuate Collection Set: 0.27ms
[6874.562s][info][gc,phases      ] GC(946)   Merge Heap Roots: 0.60ms
[6874.562s][info][gc,phases      ] GC(946)   Evacuate Collection Set: 165.77ms
[6874.562s][info][gc,phases      ] GC(946)   Post Evacuate Collection Set: 1.26ms
[6874.562s][info][gc,phases      ] GC(946)   Other: 0.06ms
[6874.562s][info][gc,heap        ] GC(946) Eden regions: 715->0(716)
[6874.562s][info][gc,heap        ] GC(946) Survivor regions: 53->52(96)
[6874.562s][info][gc,heap        ] GC(946) Old regions: 163->166
[6874.562s][info][gc,heap        ] GC(946) Humongous regions: 32->32
[6874.562s][info][gc,metaspace   ] GC(946) Metaspace: 29979K(30464K)->29979K(30464K) NonClass: 26581K(26816K)->26581K(26816K) Class: 3397K(3648K)->3397K(3648K)
[6874.562s][info][gc             ] GC(946) Pause Young (Normal) (G1 Evacuation Pause) 7678M->1975M(10240M) 168.113ms
[6874.562s][info][gc,cpu         ] GC(946) User=1.33s Sys=0.00s Real=0.17s
....[6878.348s][info][gc,start       ] GC(947) Pause Young (Normal) (G1 Evacuation Pause)
[6878.348s][info][gc,task        ] GC(947) Using 8 workers of 8 for evacuation
[6878.516s][info][gc,phases      ] GC(947)   Pre Evacuate Collection Set: 0.28ms
[6878.516s][info][gc,phases      ] GC(947)   Merge Heap Roots: 0.58ms
[6878.516s][info][gc,phases      ] GC(947)   Evacuate Collection Set: 165.06ms
[6878.516s][info][gc,phases      ] GC(947)   Post Evacuate Collection Set: 1.27ms
[6878.516s][info][gc,phases      ] GC(947)   Other: 0.06ms
[6878.516s][info][gc,heap        ] GC(947) Eden regions: 716->0(716)
[6878.516s][info][gc,heap        ] GC(947) Survivor regions: 52->52(96)
[6878.516s][info][gc,heap        ] GC(947) Old regions: 166->169
[6878.516s][info][gc,heap        ] GC(947) Humongous regions: 32->32
[6878.516s][info][gc,metaspace   ] GC(947) Metaspace: 29979K(30464K)->29979K(30464K) NonClass: 26581K(26816K)->26581K(26816K) Class: 3397K(3648K)->3397K(3648K)
[6878.516s][info][gc             ] GC(947) Pause Young (Normal) (G1 Evacuation Pause) 7703M->1991M(10240M) 167.384ms
[6878.516s][info][gc,cpu         ] GC(947) User=1.31s Sys=0.01s Real=0.17s
....[6882.392s][info][gc,start       ] GC(948) Pause Young (Normal) (G1 Evacuation Pause)
[6882.392s][info][gc,task        ] GC(948) Using 8 workers of 8 for evacuation
[6882.570s][info][gc,phases      ] GC(948)   Pre Evacuate Collection Set: 0.29ms
[6882.570s][info][gc,phases      ] GC(948)   Merge Heap Roots: 0.62ms
[6882.570s][info][gc,phases      ] GC(948)   Evacuate Collection Set: 175.79ms
[6882.570s][info][gc,phases      ] GC(948)   Post Evacuate Collection Set: 1.23ms
[6882.570s][info][gc,phases      ] GC(948)   Other: 0.06ms
[6882.570s][info][gc,heap        ] GC(948) Eden regions: 716->0(714)
[6882.571s][info][gc,heap        ] GC(948) Survivor regions: 52->54(96)
[6882.571s][info][gc,heap        ] GC(948) Old regions: 169->171
[6882.571s][info][gc,heap        ] GC(948) Humongous regions: 32->32
[6882.571s][info][gc,metaspace   ] GC(948) Metaspace: 29979K(30464K)->29979K(30464K) NonClass: 26581K(26816K)->26581K(26816K) Class: 3397K(3648K)->3397K(3648K)
[6882.571s][info][gc             ] GC(948) Pause Young (Normal) (G1 Evacuation Pause) 7719M->2033M(10240M) 178.137ms
[6882.571s][info][gc,cpu         ] GC(948) User=1.40s Sys=0.00s Real=0.18s
....[6886.333s][info][gc,start       ] GC(949) Pause Young (Normal) (G1 Evacuation Pause)
[6886.333s][info][gc,task        ] GC(949) Using 8 workers of 8 for evacuation
[6886.496s][info][gc,phases      ] GC(949)   Pre Evacuate Collection Set: 0.28ms
[6886.496s][info][gc,phases      ] GC(949)   Merge Heap Roots: 0.55ms
[6886.496s][info][gc,phases      ] GC(949)   Evacuate Collection Set: 161.36ms
[6886.496s][info][gc,phases      ] GC(949)   Post Evacuate Collection Set: 1.26ms
[6886.496s][info][gc,phases      ] GC(949)   Other: 0.07ms
[6886.496s][info][gc,heap        ] GC(949) Eden regions: 714->0(717)
[6886.496s][info][gc,heap        ] GC(949) Survivor regions: 54->51(96)
[6886.496s][info][gc,heap        ] GC(949) Old regions: 171->174
[6886.496s][info][gc,heap        ] GC(949) Humongous regions: 32->32
[6886.496s][info][gc,metaspace   ] GC(949) Metaspace: 29979K(30464K)->29979K(30464K) NonClass: 26581K(26816K)->26581K(26816K) Class: 3397K(3648K)->3397K(3648K)
[6886.496s][info][gc             ] GC(949) Pause Young (Normal) (G1 Evacuation Pause) 7745M->2030M(10240M) 163.648ms
[6886.496s][info][gc,cpu         ] GC(949) User=1.28s Sys=0.00s Real=0.17s
....[6890.338s][info][gc,start       ] GC(950) Pause Young (Normal) (G1 Evacuation Pause)
[6890.338s][info][gc,task        ] GC(950) Using 8 workers of 8 for evacuation
[6890.506s][info][gc,phases      ] GC(950)   Pre Evacuate Collection Set: 0.28ms
[6890.506s][info][gc,phases      ] GC(950)   Merge Heap Roots: 0.66ms
[6890.506s][info][gc,phases      ] GC(950)   Evacuate Collection Set: 165.51ms
[6890.506s][info][gc,phases      ] GC(950)   Post Evacuate Collection Set: 1.28ms
[6890.506s][info][gc,phases      ] GC(950)   Other: 0.06ms
[6890.506s][info][gc,heap        ] GC(950) Eden regions: 717->0(716)
[6890.506s][info][gc,heap        ] GC(950) Survivor regions: 51->52(96)
[6890.506s][info][gc,heap        ] GC(950) Old regions: 174->176
[6890.506s][info][gc,heap        ] GC(950) Humongous regions: 32->32
[6890.506s][info][gc,metaspace   ] GC(950) Metaspace: 29979K(30464K)->29979K(30464K) NonClass: 26581K(26816K)->26581K(26816K) Class: 3397K(3648K)->3397K(3648K)
[6890.506s][info][gc             ] GC(950) Pause Young (Normal) (G1 Evacuation Pause) 7766M->2055M(10240M) 167.932ms
[6890.506s][info][gc,cpu         ] GC(950) User=1.32s Sys=0.00s Real=0.17s
....[6894.255s][info][gc,start       ] GC(951) Pause Young (Normal) (G1 Evacuation Pause)
[6894.255s][info][gc,task        ] GC(951) Using 8 workers of 8 for evacuation
[6894.423s][info][gc,phases      ] GC(951)   Pre Evacuate Collection Set: 0.27ms
[6894.424s][info][gc,phases      ] GC(951)   Merge Heap Roots: 0.55ms
[6894.424s][info][gc,phases      ] GC(951)   Evacuate Collection Set: 166.02ms
[6894.424s][info][gc,phases      ] GC(951)   Post Evacuate Collection Set: 1.28ms
[6894.424s][info][gc,phases      ] GC(951)   Other: 0.07ms
[6894.424s][info][gc,heap        ] GC(951) Eden regions: 716->0(715)
[6894.424s][info][gc,heap        ] GC(951) Survivor regions: 52->53(96)
[6894.424s][info][gc,heap        ] GC(951) Old regions: 176->179
[6894.424s][info][gc,heap        ] GC(951) Humongous regions: 32->32
[6894.424s][info][gc,metaspace   ] GC(951) Metaspace: 29979K(30464K)->29979K(30464K) NonClass: 26581K(26816K)->26581K(26816K) Class: 3397K(3648K)->3397K(3648K)
[6894.424s][info][gc             ] GC(951) Pause Young (Normal) (G1 Evacuation Pause) 7783M->2084M(10240M) 168.333ms
[6894.424s][info][gc,cpu         ] GC(951) User=1.33s Sys=0.00s Real=0.16s
....[6898.132s][info][gc,start       ] GC(952) Pause Young (Normal) (G1 Evacuation Pause)
[6898.132s][info][gc,task        ] GC(952) Using 8 workers of 8 for evacuation
[6898.305s][info][gc,phases      ] GC(952)   Pre Evacuate Collection Set: 0.26ms
[6898.305s][info][gc,phases      ] GC(952)   Merge Heap Roots: 0.61ms
[6898.305s][info][gc,phases      ] GC(952)   Evacuate Collection Set: 171.01ms
[6898.305s][info][gc,phases      ] GC(952)   Post Evacuate Collection Set: 1.26ms
[6898.305s][info][gc,phases      ] GC(952)   Other: 0.06ms
[6898.305s][info][gc,heap        ] GC(952) Eden regions: 715->0(714)
[6898.305s][info][gc,heap        ] GC(952) Survivor regions: 53->54(96)
[6898.305s][info][gc,heap        ] GC(952) Old regions: 179->182
[6898.305s][info][gc,heap        ] GC(952) Humongous regions: 32->32
[6898.305s][info][gc,metaspace   ] GC(952) Metaspace: 29979K(30464K)->29979K(30464K) NonClass: 26581K(26816K)->26581K(26816K) Class: 3397K(3648K)->3397K(3648K)
[6898.305s][info][gc             ] GC(952) Pause Young (Normal) (G1 Evacuation Pause) 7804M->2118M(10240M) 173.353ms
[6898.305s][info][gc,cpu         ] GC(952) User=1.36s Sys=0.00s Real=0.18s
....[6901.940s][info][gc,start       ] GC(953) Pause Young (Normal) (G1 Evacuation Pause)
[6901.940s][info][gc,task        ] GC(953) Using 8 workers of 8 for evacuation
[6902.111s][info][gc,phases      ] GC(953)   Pre Evacuate Collection Set: 0.28ms
[6902.112s][info][gc,phases      ] GC(953)   Merge Heap Roots: 0.56ms
[6902.112s][info][gc,phases      ] GC(953)   Evacuate Collection Set: 169.32ms
[6902.112s][info][gc,phases      ] GC(953)   Post Evacuate Collection Set: 1.24ms
[6902.112s][info][gc,phases      ] GC(953)   Other: 0.07ms
[6902.112s][info][gc,heap        ] GC(953) Eden regions: 714->0(715)
[6902.112s][info][gc,heap        ] GC(953) Survivor regions: 54->53(96)
[6902.112s][info][gc,heap        ] GC(953) Old regions: 182->184
[6902.112s][info][gc,heap        ] GC(953) Humongous regions: 32->32
[6902.112s][info][gc,metaspace   ] GC(953) Metaspace: 29979K(30464K)->29979K(30464K) NonClass: 26581K(26816K)->26581K(26816K) Class: 3397K(3648K)->3397K(3648K)
[6902.112s][info][gc             ] GC(953) Pause Young (Normal) (G1 Evacuation Pause) 7830M->2131M(10240M) 171.600ms
[6902.112s][info][gc,cpu         ] GC(953) User=1.35s Sys=0.00s Real=0.17s
....[6905.978s][info][gc,start       ] GC(954) Pause Young (Normal) (G1 Evacuation Pause)
[6905.978s][info][gc,task        ] GC(954) Using 8 workers of 8 for evacuation
[6906.149s][info][gc,phases      ] GC(954)   Pre Evacuate Collection Set: 0.29ms
[6906.149s][info][gc,phases      ] GC(954)   Merge Heap Roots: 0.56ms
[6906.149s][info][gc,phases      ] GC(954)   Evacuate Collection Set: 168.91ms
[6906.149s][info][gc,phases      ] GC(954)   Post Evacuate Collection Set: 1.28ms
[6906.149s][info][gc,phases      ] GC(954)   Other: 0.07ms
[6906.149s][info][gc,heap        ] GC(954) Eden regions: 715->0(714)
[6906.149s][info][gc,heap        ] GC(954) Survivor regions: 53->54(96)
[6906.149s][info][gc,heap        ] GC(954) Old regions: 184->187
[6906.149s][info][gc,heap        ] GC(954) Humongous regions: 32->32
[6906.149s][info][gc,metaspace   ] GC(954) Metaspace: 29979K(30464K)->29979K(30464K) NonClass: 26581K(26816K)->26581K(26816K) Class: 3397K(3648K)->3397K(3648K)
[6906.149s][info][gc             ] GC(954) Pause Young (Normal) (G1 Evacuation Pause) 7851M->2156M(10240M) 171.243ms
[6906.149s][info][gc,cpu         ] GC(954) User=1.35s Sys=0.00s Real=0.17s
....[6910.015s][info][gc,start       ] GC(955) Pause Young (Normal) (G1 Evacuation Pause)
[6910.015s][info][gc,task        ] GC(955) Using 8 workers of 8 for evacuation
[6910.186s][info][gc,phases      ] GC(955)   Pre Evacuate Collection Set: 0.31ms
[6910.187s][info][gc,phases      ] GC(955)   Merge Heap Roots: 0.58ms
[6910.187s][info][gc,phases      ] GC(955)   Evacuate Collection Set: 168.88ms
[6910.187s][info][gc,phases      ] GC(955)   Post Evacuate Collection Set: 1.25ms
[6910.187s][info][gc,phases      ] GC(955)   Other: 0.07ms
[6910.187s][info][gc,heap        ] GC(955) Eden regions: 714->0(715)
[6910.187s][info][gc,heap        ] GC(955) Survivor regions: 54->53(96)
[6910.187s][info][gc,heap        ] GC(955) Old regions: 187->190
[6910.187s][info][gc,heap        ] GC(955) Humongous regions: 32->32
[6910.187s][info][gc,metaspace   ] GC(955) Metaspace: 29979K(30464K)->29979K(30464K) NonClass: 26581K(26816K)->26581K(26816K) Class: 3397K(3648K)->3397K(3648K)
[6910.187s][info][gc             ] GC(955) Pause Young (Normal) (G1 Evacuation Pause) 7868M->2173M(10240M) 171.225ms
[6910.187s][info][gc,cpu         ] GC(955) User=1.34s Sys=0.00s Real=0.17s
....[6913.968s][info][gc,start       ] GC(956) Pause Young (Normal) (G1 Evacuation Pause)
[6913.969s][info][gc,task        ] GC(956) Using 8 workers of 8 for evacuation
[6914.142s][info][gc,phases      ] GC(956)   Pre Evacuate Collection Set: 0.29ms
[6914.142s][info][gc,phases      ] GC(956)   Merge Heap Roots: 0.57ms
[6914.142s][info][gc,phases      ] GC(956)   Evacuate Collection Set: 171.23ms
[6914.142s][info][gc,phases      ] GC(956)   Post Evacuate Collection Set: 1.30ms
[6914.142s][info][gc,phases      ] GC(956)   Other: 0.08ms
[6914.142s][info][gc,heap        ] GC(956) Eden regions: 715->0(714)
[6914.142s][info][gc,heap        ] GC(956) Survivor regions: 53->54(96)
[6914.142s][info][gc,heap        ] GC(956) Old regions: 190->192
[6914.142s][info][gc,heap        ] GC(956) Humongous regions: 32->32
[6914.142s][info][gc,metaspace   ] GC(956) Metaspace: 29979K(30464K)->29979K(30464K) NonClass: 26581K(26816K)->26581K(26816K) Class: 3397K(3648K)->3397K(3648K)
[6914.142s][info][gc             ] GC(956) Pause Young (Normal) (G1 Evacuation Pause) 7893M->2203M(10240M) 173.597ms
[6914.142s][info][gc,cpu         ] GC(956) User=1.37s Sys=0.00s Real=0.17s
... (rIR:aIR:PR = 12038:12111:12114) (tPR = 180279) [OK] 
  6916s: Performance info:
         Transaction,    Success,    Partial,     Failed,   Receipts, AvgBarcode, 
             Overall,     727288,          0,          0,     691000,      59.47, 
         Response times:
             Request,    Success,    Partial,     Failed,   SkipFail,     Probes,    Samples,      min,      p50,      p90,      p95,      p99,      max, 
       TotalPurchase,     690862,          0,          0,          0,     345698,     534677,      300,    21000,   102000,   149000,   253000,  1500000,
     InStorePurchase,     362493,          0,          0,          0,     182544,     282149,      300,    21000,   102000,   149000,   263000,  1500000,
      OnlinePurchase,     255453,          0,          0,          0,     127059,     196452,      300,    21000,   101000,   148000,   242000,  1500000,
        InstPurchase,      72916,          0,          0,          0,      36095,      56076,      500,    21000,   102000,   149000,   254000,  1500000,
          AssocOfCat,        729,          0,          0,          0,        601,        995,    36000,    77000,   152000,   185000,   278040,   316000,
      AssocOfProduct,       7368,          0,          0,          0,       3303,       5242,     1100,    21000,    96000,   134000,   230000,  1200000,
      BusinessReport,       1801,          0,          0,          0,       1603,       2617,    34000,    95000,   190000,   242100,   311000,  1300000,
          CustBuyBeh,       7269,          0,          0,          0,       3367,       5301,      400,    18400,    89800,   130900,   224000,  1500000,
       ProductReturn,      19079,          0,          0,          0,      10159,      15694,      300,    21000,   107000,   157000,   260050,  1500000,

  6916s: (88%)   IR =  12177 .[6917.935s][info][gc,start       ] GC(957) Pause Young (Normal) (G1 Evacuation Pause)
[6917.935s][info][gc,task        ] GC(957) Using 8 workers of 8 for evacuation
[6918.105s][info][gc,phases      ] GC(957)   Pre Evacuate Collection Set: 0.28ms
[6918.105s][info][gc,phases      ] GC(957)   Merge Heap Roots: 0.58ms
[6918.105s][info][gc,phases      ] GC(957)   Evacuate Collection Set: 167.91ms
[6918.105s][info][gc,phases      ] GC(957)   Post Evacuate Collection Set: 1.35ms
[6918.105s][info][gc,phases      ] GC(957)   Other: 0.06ms
[6918.105s][info][gc,heap        ] GC(957) Eden regions: 714->0(714)
[6918.105s][info][gc,heap        ] GC(957) Survivor regions: 54->54(96)
[6918.105s][info][gc,heap        ] GC(957) Old regions: 192->195
[6918.105s][info][gc,heap        ] GC(957) Humongous regions: 32->32
[6918.105s][info][gc,metaspace   ] GC(957) Metaspace: 29979K(30464K)->29979K(30464K) NonClass: 26581K(26816K)->26581K(26816K) Class: 3397K(3648K)->3397K(3648K)
[6918.105s][info][gc             ] GC(957) Pause Young (Normal) (G1 Evacuation Pause) 7915M->2220M(10240M) 170.319ms
[6918.105s][info][gc,cpu         ] GC(957) User=1.33s Sys=0.00s Real=0.17s
...[6921.817s][info][gc,start       ] GC(958) Pause Young (Normal) (G1 Evacuation Pause)
[6921.817s][info][gc,task        ] GC(958) Using 8 workers of 8 for evacuation
[6921.988s][info][gc,phases      ] GC(958)   Pre Evacuate Collection Set: 0.28ms
[6921.988s][info][gc,phases      ] GC(958)   Merge Heap Roots: 0.54ms
[6921.988s][info][gc,phases      ] GC(958)   Evacuate Collection Set: 168.79ms
[6921.988s][info][gc,phases      ] GC(958)   Post Evacuate Collection Set: 1.25ms
[6921.988s][info][gc,phases      ] GC(958)   Other: 0.06ms
[6921.988s][info][gc,heap        ] GC(958) Eden regions: 714->0(715)
[6921.988s][info][gc,heap        ] GC(958) Survivor regions: 54->53(96)
[6921.988s][info][gc,heap        ] GC(958) Old regions: 195->198
[6921.988s][info][gc,heap        ] GC(958) Humongous regions: 32->32
[6921.988s][info][gc,metaspace   ] GC(958) Metaspace: 29979K(30464K)->29979K(30464K) NonClass: 26581K(26816K)->26581K(26816K) Class: 3397K(3648K)->3397K(3648K)
[6921.988s][info][gc             ] GC(958) Pause Young (Normal) (G1 Evacuation Pause) 7932M->2237M(10240M) 171.077ms
[6921.988s][info][gc,cpu         ] GC(958) User=1.34s Sys=0.00s Real=0.17s
....[6925.827s][info][gc,start       ] GC(959) Pause Young (Normal) (G1 Evacuation Pause)
[6925.827s][info][gc,task        ] GC(959) Using 8 workers of 8 for evacuation
[6925.993s][info][gc,phases      ] GC(959)   Pre Evacuate Collection Set: 0.27ms
[6925.993s][info][gc,phases      ] GC(959)   Merge Heap Roots: 0.62ms
[6925.993s][info][gc,phases      ] GC(959)   Evacuate Collection Set: 163.29ms
[6925.993s][info][gc,phases      ] GC(959)   Post Evacuate Collection Set: 1.29ms
[6925.993s][info][gc,phases      ] GC(959)   Other: 0.07ms
[6925.993s][info][gc,heap        ] GC(959) Eden regions: 715->0(716)
[6925.993s][info][gc,heap        ] GC(959) Survivor regions: 53->52(96)
[6925.993s][info][gc,heap        ] GC(959) Old regions: 198->200
[6925.993s][info][gc,heap        ] GC(959) Humongous regions: 32->32
[6925.993s][info][gc,metaspace   ] GC(959) Metaspace: 29979K(30464K)->29979K(30464K) NonClass: 26581K(26816K)->26581K(26816K) Class: 3397K(3648K)->3397K(3648K)
[6925.993s][info][gc             ] GC(959) Pause Young (Normal) (G1 Evacuation Pause) 7957M->2247M(10240M) 165.699ms
[6925.993s][info][gc,cpu         ] GC(959) User=1.31s Sys=0.00s Real=0.16s
....[6929.764s][info][gc,start       ] GC(960) Pause Young (Normal) (G1 Evacuation Pause)
[6929.764s][info][gc,task        ] GC(960) Using 8 workers of 8 for evacuation
[6929.931s][info][gc,phases      ] GC(960)   Pre Evacuate Collection Set: 0.29ms
[6929.931s][info][gc,phases      ] GC(960)   Merge Heap Roots: 0.57ms
[6929.931s][info][gc,phases      ] GC(960)   Evacuate Collection Set: 164.47ms
[6929.931s][info][gc,phases      ] GC(960)   Post Evacuate Collection Set: 1.25ms
[6929.931s][info][gc,phases      ] GC(960)   Other: 0.06ms
[6929.931s][info][gc,heap        ] GC(960) Eden regions: 716->0(715)
[6929.931s][info][gc,heap        ] GC(960) Survivor regions: 52->53(96)
[6929.931s][info][gc,heap        ] GC(960) Old regions: 200->203
[6929.931s][info][gc,heap        ] GC(960) Humongous regions: 32->32
[6929.931s][info][gc,metaspace   ] GC(960) Metaspace: 29979K(30464K)->29979K(30464K) NonClass: 26581K(26816K)->26581K(26816K) Class: 3397K(3648K)->3397K(3648K)
[6929.931s][info][gc             ] GC(960) Pause Young (Normal) (G1 Evacuation Pause) 7975M->2280M(10240M) 166.773ms
[6929.931s][info][gc,cpu         ] GC(960) User=1.30s Sys=0.01s Real=0.17s
....|[6933.661s][info][gc,start       ] GC(961) Pause Young (Normal) (G1 Evacuation Pause)
[6933.661s][info][gc,task        ] GC(961) Using 8 workers of 8 for evacuation
[6933.828s][info][gc,phases      ] GC(961)   Pre Evacuate Collection Set: 0.28ms
[6933.829s][info][gc,phases      ] GC(961)   Merge Heap Roots: 0.58ms
[6933.829s][info][gc,phases      ] GC(961)   Evacuate Collection Set: 165.63ms
[6933.829s][info][gc,phases      ] GC(961)   Post Evacuate Collection Set: 1.28ms
[6933.829s][info][gc,phases      ] GC(961)   Other: 0.07ms
[6933.829s][info][gc,heap        ] GC(961) Eden regions: 715->0(716)
[6933.829s][info][gc,heap        ] GC(961) Survivor regions: 53->52(96)
[6933.829s][info][gc,heap        ] GC(961) Old regions: 203->206
[6933.829s][info][gc,heap        ] GC(961) Humongous regions: 32->32
[6933.829s][info][gc,metaspace   ] GC(961) Metaspace: 29979K(30464K)->29979K(30464K) NonClass: 26581K(26816K)->26581K(26816K) Class: 3397K(3648K)->3397K(3648K)
[6933.829s][info][gc             ] GC(961) Pause Young (Normal) (G1 Evacuation Pause) 8000M->2294M(10240M) 167.991ms
[6933.829s][info][gc,cpu         ] GC(961) User=1.32s Sys=0.00s Real=0.17s
....[6937.662s][info][gc,start       ] GC(962) Pause Young (Normal) (G1 Evacuation Pause)
[6937.662s][info][gc,task        ] GC(962) Using 8 workers of 8 for evacuation
[6937.830s][info][gc,phases      ] GC(962)   Pre Evacuate Collection Set: 0.29ms
[6937.830s][info][gc,phases      ] GC(962)   Merge Heap Roots: 0.59ms
[6937.830s][info][gc,phases      ] GC(962)   Evacuate Collection Set: 165.68ms
[6937.830s][info][gc,phases      ] GC(962)   Post Evacuate Collection Set: 1.28ms
[6937.830s][info][gc,phases      ] GC(962)   Other: 0.06ms
[6937.830s][info][gc,heap        ] GC(962) Eden regions: 716->0(716)
[6937.830s][info][gc,heap        ] GC(962) Survivor regions: 52->52(96)
[6937.830s][info][gc,heap        ] GC(962) Old regions: 206->208
[6937.830s][info][gc,heap        ] GC(962) Humongous regions: 32->32
[6937.830s][info][gc,metaspace   ] GC(962) Metaspace: 29979K(30464K)->29979K(30464K) NonClass: 26581K(26816K)->26581K(26816K) Class: 3397K(3648K)->3397K(3648K)
[6937.830s][info][gc             ] GC(962) Pause Young (Normal) (G1 Evacuation Pause) 8022M->2314M(10240M) 168.061ms
[6937.830s][info][gc,cpu         ] GC(962) User=1.32s Sys=0.00s Real=0.17s
....[6941.535s][info][gc,start       ] GC(963) Pause Young (Normal) (G1 Evacuation Pause)
[6941.535s][info][gc,task        ] GC(963) Using 8 workers of 8 for evacuation
[6941.706s][info][gc,phases      ] GC(963)   Pre Evacuate Collection Set: 0.28ms
[6941.706s][info][gc,phases      ] GC(963)   Merge Heap Roots: 0.61ms
[6941.706s][info][gc,phases      ] GC(963)   Evacuate Collection Set: 168.89ms
[6941.706s][info][gc,phases      ] GC(963)   Post Evacuate Collection Set: 1.28ms
[6941.706s][info][gc,phases      ] GC(963)   Other: 0.06ms
[6941.706s][info][gc,heap        ] GC(963) Eden regions: 716->0(715)
[6941.706s][info][gc,heap        ] GC(963) Survivor regions: 52->53(96)
[6941.706s][info][gc,heap        ] GC(963) Old regions: 208->211
[6941.706s][info][gc,heap        ] GC(963) Humongous regions: 32->32
[6941.706s][info][gc,metaspace   ] GC(963) Metaspace: 29979K(30464K)->29979K(30464K) NonClass: 26581K(26816K)->26581K(26816K) Class: 3397K(3648K)->3397K(3648K)
[6941.706s][info][gc             ] GC(963) Pause Young (Normal) (G1 Evacuation Pause) 8042M->2343M(10240M) 171.261ms
[6941.707s][info][gc,cpu         ] GC(963) User=1.35s Sys=0.00s Real=0.17s
....[6945.503s][info][gc,start       ] GC(964) Pause Young (Normal) (G1 Evacuation Pause)
[6945.503s][info][gc,task        ] GC(964) Using 8 workers of 8 for evacuation
[6945.674s][info][gc,phases      ] GC(964)   Pre Evacuate Collection Set: 0.27ms
[6945.674s][info][gc,phases      ] GC(964)   Merge Heap Roots: 0.57ms
[6945.674s][info][gc,phases      ] GC(964)   Evacuate Collection Set: 169.24ms
[6945.674s][info][gc,phases      ] GC(964)   Post Evacuate Collection Set: 1.30ms
[6945.674s][info][gc,phases      ] GC(964)   Other: 0.07ms
[6945.674s][info][gc,heap        ] GC(964) Eden regions: 715->0(714)
[6945.674s][info][gc,heap        ] GC(964) Survivor regions: 53->54(96)
[6945.674s][info][gc,heap        ] GC(964) Old regions: 211->214
[6945.674s][info][gc,heap        ] GC(964) Humongous regions: 32->32
[6945.674s][info][gc,metaspace   ] GC(964) Metaspace: 29979K(30464K)->29979K(30464K) NonClass: 26581K(26816K)->26581K(26816K) Class: 3397K(3648K)->3397K(3648K)
[6945.674s][info][gc             ] GC(964) Pause Young (Normal) (G1 Evacuation Pause) 8063M->2373M(10240M) 171.594ms
[6945.675s][info][gc,cpu         ] GC(964) User=1.35s Sys=0.00s Real=0.17s
....[6949.548s][info][gc,start       ] GC(965) Pause Young (Normal) (G1 Evacuation Pause)
[6949.548s][info][gc,task        ] GC(965) Using 8 workers of 8 for evacuation
[6949.715s][info][gc,phases      ] GC(965)   Pre Evacuate Collection Set: 0.28ms
[6949.715s][info][gc,phases      ] GC(965)   Merge Heap Roots: 0.56ms
[6949.715s][info][gc,phases      ] GC(965)   Evacuate Collection Set: 164.71ms
[6949.715s][info][gc,phases      ] GC(965)   Post Evacuate Collection Set: 1.29ms
[6949.715s][info][gc,phases      ] GC(965)   Other: 0.06ms
[6949.715s][info][gc,heap        ] GC(965) Eden regions: 714->0(716)
[6949.715s][info][gc,heap        ] GC(965) Survivor regions: 54->52(96)
[6949.715s][info][gc,heap        ] GC(965) Old regions: 214->216
[6949.715s][info][gc,heap        ] GC(965) Humongous regions: 32->32
[6949.715s][info][gc,metaspace   ] GC(965) Metaspace: 29979K(30464K)->29979K(30464K) NonClass: 26581K(26816K)->26581K(26816K) Class: 3397K(3648K)->3397K(3648K)
[6949.715s][info][gc             ] GC(965) Pause Young (Normal) (G1 Evacuation Pause) 8085M->2378M(10240M) 167.048ms
[6949.715s][info][gc,cpu         ] GC(965) User=1.32s Sys=0.00s Real=0.17s
....[6953.388s][info][gc,start       ] GC(966) Pause Young (Normal) (G1 Evacuation Pause)
[6953.389s][info][gc,task        ] GC(966) Using 8 workers of 8 for evacuation
[6953.556s][info][gc,phases      ] GC(966)   Pre Evacuate Collection Set: 0.26ms
[6953.556s][info][gc,phases      ] GC(966)   Merge Heap Roots: 0.55ms
[6953.556s][info][gc,phases      ] GC(966)   Evacuate Collection Set: 165.41ms
[6953.556s][info][gc,phases      ] GC(966)   Post Evacuate Collection Set: 1.27ms
[6953.556s][info][gc,phases      ] GC(966)   Other: 0.06ms
[6953.556s][info][gc,heap        ] GC(966) Eden regions: 716->0(715)
[6953.556s][info][gc,heap        ] GC(966) Survivor regions: 52->53(96)
[6953.556s][info][gc,heap        ] GC(966) Old regions: 216->219
[6953.556s][info][gc,heap        ] GC(966) Humongous regions: 32->32
[6953.556s][info][gc,metaspace   ] GC(966) Metaspace: 29979K(30464K)->29979K(30464K) NonClass: 26581K(26816K)->26581K(26816K) Class: 3397K(3648K)->3397K(3648K)
[6953.556s][info][gc             ] GC(966) Pause Young (Normal) (G1 Evacuation Pause) 8106M->2403M(10240M) 167.681ms
[6953.556s][info][gc,cpu         ] GC(966) User=1.32s Sys=0.00s Real=0.17s
....[6957.379s][info][gc,start       ] GC(967) Pause Young (Normal) (G1 Evacuation Pause)
[6957.379s][info][gc,task        ] GC(967) Using 8 workers of 8 for evacuation
[6957.554s][info][gc,phases      ] GC(967)   Pre Evacuate Collection Set: 0.27ms
[6957.554s][info][gc,phases      ] GC(967)   Merge Heap Roots: 0.63ms
[6957.554s][info][gc,phases      ] GC(967)   Evacuate Collection Set: 172.81ms
[6957.554s][info][gc,phases      ] GC(967)   Post Evacuate Collection Set: 1.28ms
[6957.554s][info][gc,phases      ] GC(967)   Other: 0.06ms
[6957.554s][info][gc,heap        ] GC(967) Eden regions: 715->0(714)
[6957.554s][info][gc,heap        ] GC(967) Survivor regions: 53->54(96)
[6957.554s][info][gc,heap        ] GC(967) Old regions: 219->222
[6957.554s][info][gc,heap        ] GC(967) Humongous regions: 32->32
[6957.554s][info][gc,metaspace   ] GC(967) Metaspace: 29979K(30464K)->29979K(30464K) NonClass: 26581K(26816K)->26581K(26816K) Class: 3397K(3648K)->3397K(3648K)
[6957.554s][info][gc             ] GC(967) Pause Young (Normal) (G1 Evacuation Pause) 8123M->2435M(10240M) 175.181ms
[6957.554s][info][gc,cpu         ] GC(967) User=1.38s Sys=0.00s Real=0.17s
....[6961.324s][info][gc,start       ] GC(968) Pause Young (Normal) (G1 Evacuation Pause)
[6961.325s][info][gc,task        ] GC(968) Using 8 workers of 8 for evacuation
[6961.491s][info][gc,phases      ] GC(968)   Pre Evacuate Collection Set: 0.30ms
[6961.491s][info][gc,phases      ] GC(968)   Merge Heap Roots: 0.59ms
[6961.491s][info][gc,phases      ] GC(968)   Evacuate Collection Set: 164.29ms
[6961.491s][info][gc,phases      ] GC(968)   Post Evacuate Collection Set: 1.27ms
[6961.491s][info][gc,phases      ] GC(968)   Other: 0.07ms
[6961.491s][info][gc,heap        ] GC(968) Eden regions: 714->0(716)
[6961.491s][info][gc,heap        ] GC(968) Survivor regions: 54->52(96)
[6961.491s][info][gc,heap        ] GC(968) Old regions: 222->224
[6961.491s][info][gc,heap        ] GC(968) Humongous regions: 32->32
[6961.491s][info][gc,metaspace   ] GC(968) Metaspace: 29979K(30464K)->29979K(30464K) NonClass: 26581K(26816K)->26581K(26816K) Class: 3397K(3648K)->3397K(3648K)
[6961.491s][info][gc             ] GC(968) Pause Young (Normal) (G1 Evacuation Pause) 8147M->2438M(10240M) 166.674ms
[6961.491s][info][gc,cpu         ] GC(968) User=1.31s Sys=0.00s Real=0.17s
....[6965.235s][info][gc,start       ] GC(969) Pause Young (Normal) (G1 Evacuation Pause)
[6965.236s][info][gc,task        ] GC(969) Using 8 workers of 8 for evacuation
[6965.405s][info][gc,phases      ] GC(969)   Pre Evacuate Collection Set: 0.29ms
[6965.405s][info][gc,phases      ] GC(969)   Merge Heap Roots: 0.58ms
[6965.405s][info][gc,phases      ] GC(969)   Evacuate Collection Set: 167.33ms
[6965.405s][info][gc,phases      ] GC(969)   Post Evacuate Collection Set: 1.29ms
[6965.405s][info][gc,phases      ] GC(969)   Other: 0.06ms
[6965.405s][info][gc,heap        ] GC(969) Eden regions: 716->0(715)
[6965.405s][info][gc,heap        ] GC(969) Survivor regions: 52->53(96)
[6965.405s][info][gc,heap        ] GC(969) Old regions: 224->227
[6965.405s][info][gc,heap        ] GC(969) Humongous regions: 32->32
[6965.405s][info][gc,metaspace   ] GC(969) Metaspace: 29979K(30464K)->29979K(30464K) NonClass: 26581K(26816K)->26581K(26816K) Class: 3397K(3648K)->3397K(3648K)
[6965.405s][info][gc             ] GC(969) Pause Young (Normal) (G1 Evacuation Pause) 8166M->2470M(10240M) 169.689ms
[6965.405s][info][gc,cpu         ] GC(969) User=1.33s Sys=0.00s Real=0.17s
....[6969.167s][info][gc,start       ] GC(970) Pause Young (Normal) (G1 Evacuation Pause)
[6969.167s][info][gc,task        ] GC(970) Using 8 workers of 8 for evacuation
[6969.339s][info][gc,phases      ] GC(970)   Pre Evacuate Collection Set: 0.28ms
[6969.339s][info][gc,phases      ] GC(970)   Merge Heap Roots: 0.68ms
[6969.339s][info][gc,phases      ] GC(970)   Evacuate Collection Set: 169.75ms
[6969.339s][info][gc,phases      ] GC(970)   Post Evacuate Collection Set: 1.27ms
[6969.340s][info][gc,phases      ] GC(970)   Other: 0.06ms
[6969.340s][info][gc,heap        ] GC(970) Eden regions: 715->0(715)
[6969.340s][info][gc,heap        ] GC(970) Survivor regions: 53->53(96)
[6969.340s][info][gc,heap        ] GC(970) Old regions: 227->230
[6969.340s][info][gc,heap        ] GC(970) Humongous regions: 32->32
[6969.340s][info][gc,metaspace   ] GC(970) Metaspace: 29979K(30464K)->29979K(30464K) NonClass: 26581K(26816K)->26581K(26816K) Class: 3397K(3648K)->3397K(3648K)
[6969.340s][info][gc             ] GC(970) Pause Young (Normal) (G1 Evacuation Pause) 8190M->2487M(10240M) 172.186ms
[6969.340s][info][gc,cpu         ] GC(970) User=1.36s Sys=0.00s Real=0.17s
....[6973.194s][info][gc,start       ] GC(971) Pause Young (Normal) (G1 Evacuation Pause)
[6973.194s][info][gc,task        ] GC(971) Using 8 workers of 8 for evacuation
[6973.360s][info][gc,phases      ] GC(971)   Pre Evacuate Collection Set: 0.27ms
[6973.360s][info][gc,phases      ] GC(971)   Merge Heap Roots: 0.54ms
[6973.360s][info][gc,phases      ] GC(971)   Evacuate Collection Set: 163.60ms
[6973.360s][info][gc,phases      ] GC(971)   Post Evacuate Collection Set: 1.26ms
[6973.360s][info][gc,phases      ] GC(971)   Other: 0.06ms
[6973.360s][info][gc,heap        ] GC(971) Eden regions: 715->0(716)
[6973.360s][info][gc,heap        ] GC(971) Survivor regions: 53->52(96)
[6973.360s][info][gc,heap        ] GC(971) Old regions: 230->232
[6973.360s][info][gc,heap        ] GC(971) Humongous regions: 32->32
[6973.360s][info][gc,metaspace   ] GC(971) Metaspace: 29979K(30464K)->29979K(30464K) NonClass: 26581K(26816K)->26581K(26816K) Class: 3397K(3648K)->3397K(3648K)
[6973.360s][info][gc             ] GC(971) Pause Young (Normal) (G1 Evacuation Pause) 8207M->2505M(10240M) 165.853ms
[6973.360s][info][gc,cpu         ] GC(971) User=1.30s Sys=0.00s Real=0.17s
....[6977.031s][info][gc,start       ] GC(972) Pause Young (Normal) (G1 Evacuation Pause)
[6977.031s][info][gc,task        ] GC(972) Using 8 workers of 8 for evacuation
[6977.206s][info][gc,phases      ] GC(972)   Pre Evacuate Collection Set: 0.26ms
[6977.206s][info][gc,phases      ] GC(972)   Merge Heap Roots: 0.57ms
[6977.206s][info][gc,phases      ] GC(972)   Evacuate Collection Set: 173.08ms
[6977.206s][info][gc,phases      ] GC(972)   Post Evacuate Collection Set: 1.30ms
[6977.206s][info][gc,phases      ] GC(972)   Other: 0.07ms
[6977.206s][info][gc,heap        ] GC(972) Eden regions: 716->0(713)
[6977.206s][info][gc,heap        ] GC(972) Survivor regions: 52->55(96)
[6977.206s][info][gc,heap        ] GC(972) Old regions: 232->235
[6977.206s][info][gc,heap        ] GC(972) Humongous regions: 32->32
[6977.206s][info][gc,metaspace   ] GC(972) Metaspace: 29979K(30464K)->29979K(30464K) NonClass: 26581K(26816K)->26581K(26816K) Class: 3397K(3648K)->3397K(3648K)
[6977.206s][info][gc             ] GC(972) Pause Young (Normal) (G1 Evacuation Pause) 8233M->2546M(10240M) 175.415ms
[6977.206s][info][gc,cpu         ] GC(972) User=1.38s Sys=0.01s Real=0.18s
...[6980.922s][info][gc,start       ] GC(973) Pause Young (Normal) (G1 Evacuation Pause)
[6980.922s][info][gc,task        ] GC(973) Using 8 workers of 8 for evacuation
[6981.090s][info][gc,phases      ] GC(973)   Pre Evacuate Collection Set: 0.27ms
[6981.091s][info][gc,phases      ] GC(973)   Merge Heap Roots: 0.59ms
[6981.091s][info][gc,phases      ] GC(973)   Evacuate Collection Set: 165.57ms
[6981.091s][info][gc,phases      ] GC(973)   Post Evacuate Collection Set: 1.29ms
[6981.091s][info][gc,phases      ] GC(973)   Other: 0.07ms
[6981.091s][info][gc,heap        ] GC(973) Eden regions: 713->0(715)
[6981.091s][info][gc,heap        ] GC(973) Survivor regions: 55->53(96)
[6981.091s][info][gc,heap        ] GC(973) Old regions: 235->238
[6981.091s][info][gc,heap        ] GC(973) Humongous regions: 32->32
[6981.091s][info][gc,metaspace   ] GC(973) Metaspace: 29979K(30464K)->29979K(30464K) NonClass: 26581K(26816K)->26581K(26816K) Class: 3397K(3648K)->3397K(3648K)
[6981.091s][info][gc             ] GC(973) Pause Young (Normal) (G1 Evacuation Pause) 8250M->2552M(10240M) 168.741ms
[6981.091s][info][gc,cpu         ] GC(973) User=1.33s Sys=0.00s Real=0.17s
....[6984.799s][info][gc,start       ] GC(974) Pause Young (Normal) (G1 Evacuation Pause)
[6984.799s][info][gc,task        ] GC(974) Using 8 workers of 8 for evacuation
[6984.972s][info][gc,phases      ] GC(974)   Pre Evacuate Collection Set: 0.27ms
[6984.972s][info][gc,phases      ] GC(974)   Merge Heap Roots: 0.59ms
[6984.972s][info][gc,phases      ] GC(974)   Evacuate Collection Set: 170.34ms
[6984.972s][info][gc,phases      ] GC(974)   Post Evacuate Collection Set: 1.29ms
[6984.972s][info][gc,phases      ] GC(974)   Other: 0.06ms
[6984.972s][info][gc,heap        ] GC(974) Eden regions: 715->0(715)
[6984.972s][info][gc,heap        ] GC(974) Survivor regions: 53->53(96)
[6984.972s][info][gc,heap        ] GC(974) Old regions: 238->240
[6984.972s][info][gc,heap        ] GC(974) Humongous regions: 32->32
[6984.972s][info][gc,metaspace   ] GC(974) Metaspace: 29979K(30464K)->29979K(30464K) NonClass: 26581K(26816K)->26581K(26816K) Class: 3397K(3648K)->3397K(3648K)
[6984.972s][info][gc             ] GC(974) Pause Young (Normal) (G1 Evacuation Pause) 8272M->2572M(10240M) 172.676ms
[6984.972s][info][gc,cpu         ] GC(974) User=1.36s Sys=0.00s Real=0.17s
....[6988.691s][info][gc,start       ] GC(975) Pause Young (Normal) (G1 Evacuation Pause)
[6988.691s][info][gc,task        ] GC(975) Using 8 workers of 8 for evacuation
[6988.857s][info][gc,phases      ] GC(975)   Pre Evacuate Collection Set: 0.25ms
[6988.857s][info][gc,phases      ] GC(975)   Merge Heap Roots: 0.57ms
[6988.857s][info][gc,phases      ] GC(975)   Evacuate Collection Set: 164.08ms
[6988.857s][info][gc,phases      ] GC(975)   Post Evacuate Collection Set: 1.28ms
[6988.857s][info][gc,phases      ] GC(975)   Other: 0.06ms
[6988.857s][info][gc,heap        ] GC(975) Eden regions: 715->0(715)
[6988.857s][info][gc,heap        ] GC(975) Survivor regions: 53->53(96)
[6988.857s][info][gc,heap        ] GC(975) Old regions: 240->243
[6988.857s][info][gc,heap        ] GC(975) Humongous regions: 32->32
[6988.857s][info][gc,metaspace   ] GC(975) Metaspace: 29979K(30464K)->29979K(30464K) NonClass: 26581K(26816K)->26581K(26816K) Class: 3397K(3648K)->3397K(3648K)
[6988.857s][info][gc             ] GC(975) Pause Young (Normal) (G1 Evacuation Pause) 8292M->2594M(10240M) 166.386ms
[6988.857s][info][gc,cpu         ] GC(975) User=1.31s Sys=0.00s Real=0.17s
....[6992.559s][info][gc,start       ] GC(976) Pause Young (Normal) (G1 Evacuation Pause)
[6992.559s][info][gc,task        ] GC(976) Using 8 workers of 8 for evacuation
[6992.723s][info][gc,phases      ] GC(976)   Pre Evacuate Collection Set: 0.27ms
[6992.723s][info][gc,phases      ] GC(976)   Merge Heap Roots: 0.64ms
[6992.723s][info][gc,phases      ] GC(976)   Evacuate Collection Set: 162.26ms
[6992.723s][info][gc,phases      ] GC(976)   Post Evacuate Collection Set: 1.28ms
[6992.723s][info][gc,phases      ] GC(976)   Other: 0.07ms
[6992.723s][info][gc,heap        ] GC(976) Eden regions: 715->0(717)
[6992.723s][info][gc,heap        ] GC(976) Survivor regions: 53->51(96)
[6992.723s][info][gc,heap        ] GC(976) Old regions: 243->245
[6992.723s][info][gc,heap        ] GC(976) Humongous regions: 32->32
[6992.723s][info][gc,metaspace   ] GC(976) Metaspace: 29979K(30464K)->29979K(30464K) NonClass: 26581K(26816K)->26581K(26816K) Class: 3397K(3648K)->3397K(3648K)
[6992.723s][info][gc             ] GC(976) Pause Young (Normal) (G1 Evacuation Pause) 8314M->2603M(10240M) 164.655ms
[6992.723s][info][gc,cpu         ] GC(976) User=1.29s Sys=0.01s Real=0.16s
. (rIR:aIR:PR = 12177:12257:12247) (tPR = 180449) [OK] 
  6993s: Performance info:
         Transaction,    Success,    Partial,     Failed,   Receipts, AvgBarcode, 
             Overall,     736037,          0,          0,     699612,      59.47, 
         Response times:
             Request,    Success,    Partial,     Failed,   SkipFail,     Probes,    Samples,      min,      p50,      p90,      p95,      p99,      max, 
       TotalPurchase,     700144,          0,          0,          0,     348845,     458858,      300,    26000,   100000,   138000,   248000,  1800000,
     InStorePurchase,     372082,          0,          0,          0,     183689,     240838,      300,    26000,   101000,   139000,   247000,  1800000,
      OnlinePurchase,     254618,          0,          0,          0,     127828,     168611,      300,    26000,    99000,   137000,   253000,  1800000,
        InstPurchase,      73444,          0,          0,          0,      37328,      49409,      500,    25000,    98000,   134000,   242000,  1800000,
          AssocOfCat,        735,          0,          0,          0,        608,        867,    33000,    81000,   151200,   212600,   325080,   530000,
      AssocOfProduct,       7406,          0,          0,          0,       3433,       4648,      700,    25000,    97000,   132000,   235020,   830000,
      BusinessReport,       1820,          0,          0,          0,       1617,       2321,    39000,    99000,   180000,   230900,   302780,  1200000,
          CustBuyBeh,       7284,          0,          0,          0,       3383,       4709,      500,    24000,    94000,   134000,   225900,   810000,
       ProductReturn,      19227,          0,          0,          0,       9119,      12236,      200,    26000,   103000,   144000,   257630,   990000,

  6993s: (89%)   IR =  12315 ...[6996.569s][info][gc,start       ] GC(977) Pause Young (Normal) (G1 Evacuation Pause)
[6996.569s][info][gc,task        ] GC(977) Using 8 workers of 8 for evacuation
[6996.737s][info][gc,phases      ] GC(977)   Pre Evacuate Collection Set: 0.29ms
[6996.737s][info][gc,phases      ] GC(977)   Merge Heap Roots: 0.63ms
[6996.737s][info][gc,phases      ] GC(977)   Evacuate Collection Set: 165.78ms
[6996.737s][info][gc,phases      ] GC(977)   Post Evacuate Collection Set: 1.29ms
[6996.737s][info][gc,phases      ] GC(977)   Other: 0.07ms
[6996.737s][info][gc,heap        ] GC(977) Eden regions: 717->0(716)
[6996.737s][info][gc,heap        ] GC(977) Survivor regions: 51->52(96)
[6996.737s][info][gc,heap        ] GC(977) Old regions: 245->248
[6996.737s][info][gc,heap        ] GC(977) Humongous regions: 32->32
[6996.737s][info][gc,metaspace   ] GC(977) Metaspace: 29979K(30464K)->29979K(30464K) NonClass: 26581K(26816K)->26581K(26816K) Class: 3397K(3648K)->3397K(3648K)
[6996.737s][info][gc             ] GC(977) Pause Young (Normal) (G1 Evacuation Pause) 8339M->2632M(10240M) 168.209ms
[6996.737s][info][gc,cpu         ] GC(977) User=1.33s Sys=0.00s Real=0.17s
....[7000.483s][info][gc,start       ] GC(978) Pause Young (Normal) (G1 Evacuation Pause)
[7000.483s][info][gc,task        ] GC(978) Using 8 workers of 8 for evacuation
[7000.651s][info][gc,phases      ] GC(978)   Pre Evacuate Collection Set: 0.29ms
[7000.651s][info][gc,phases      ] GC(978)   Merge Heap Roots: 0.59ms
[7000.651s][info][gc,phases      ] GC(978)   Evacuate Collection Set: 166.01ms
[7000.651s][info][gc,phases      ] GC(978)   Post Evacuate Collection Set: 1.33ms
[7000.651s][info][gc,phases      ] GC(978)   Other: 0.06ms
[7000.651s][info][gc,heap        ] GC(978) Eden regions: 716->0(715)
[7000.651s][info][gc,heap        ] GC(978) Survivor regions: 52->53(96)
[7000.651s][info][gc,heap        ] GC(978) Old regions: 248->251
[7000.651s][info][gc,heap        ] GC(978) Humongous regions: 32->32
[7000.651s][info][gc,metaspace   ] GC(978) Metaspace: 29979K(30464K)->29979K(30464K) NonClass: 26581K(26816K)->26581K(26816K) Class: 3397K(3648K)->3397K(3648K)
[7000.651s][info][gc             ] GC(978) Pause Young (Normal) (G1 Evacuation Pause) 8360M->2661M(10240M) 168.430ms
[7000.652s][info][gc,cpu         ] GC(978) User=1.33s Sys=0.00s Real=0.17s
....[7004.329s][info][gc,start       ] GC(979) Pause Young (Normal) (G1 Evacuation Pause)
[7004.329s][info][gc,task        ] GC(979) Using 8 workers of 8 for evacuation
[7004.496s][info][gc,phases      ] GC(979)   Pre Evacuate Collection Set: 0.25ms
[7004.496s][info][gc,phases      ] GC(979)   Merge Heap Roots: 0.58ms
[7004.496s][info][gc,phases      ] GC(979)   Evacuate Collection Set: 165.25ms
[7004.496s][info][gc,phases      ] GC(979)   Post Evacuate Collection Set: 1.28ms
[7004.496s][info][gc,phases      ] GC(979)   Other: 0.06ms
[7004.496s][info][gc,heap        ] GC(979) Eden regions: 715->0(715)
[7004.496s][info][gc,heap        ] GC(979) Survivor regions: 53->53(96)
[7004.496s][info][gc,heap        ] GC(979) Old regions: 251->253
[7004.496s][info][gc,heap        ] GC(979) Humongous regions: 32->32
[7004.496s][info][gc,metaspace   ] GC(979) Metaspace: 29979K(30464K)->29979K(30464K) NonClass: 26581K(26816K)->26581K(26816K) Class: 3397K(3648K)->3397K(3648K)
[7004.496s][info][gc             ] GC(979) Pause Young (Normal) (G1 Evacuation Pause) 8381M->2683M(10240M) 167.565ms
[7004.496s][info][gc,cpu         ] GC(979) User=1.32s Sys=0.00s Real=0.17s
...|[7008.220s][info][gc,start       ] GC(980) Pause Young (Normal) (G1 Evacuation Pause)
[7008.220s][info][gc,task        ] GC(980) Using 8 workers of 8 for evacuation
[7008.391s][info][gc,phases      ] GC(980)   Pre Evacuate Collection Set: 0.26ms
[7008.391s][info][gc,phases      ] GC(980)   Merge Heap Roots: 0.57ms
[7008.391s][info][gc,phases      ] GC(980)   Evacuate Collection Set: 169.61ms
[7008.391s][info][gc,phases      ] GC(980)   Post Evacuate Collection Set: 1.30ms
[7008.391s][info][gc,phases      ] GC(980)   Other: 0.07ms
[7008.391s][info][gc,heap        ] GC(980) Eden regions: 715->0(715)
[7008.391s][info][gc,heap        ] GC(980) Survivor regions: 53->53(96)
[7008.391s][info][gc,heap        ] GC(980) Old regions: 253->256
[7008.391s][info][gc,heap        ] GC(980) Humongous regions: 32->32
[7008.391s][info][gc,metaspace   ] GC(980) Metaspace: 29979K(30464K)->29979K(30464K) NonClass: 26581K(26816K)->26581K(26816K) Class: 3397K(3648K)->3397K(3648K)
[7008.392s][info][gc             ] GC(980) Pause Young (Normal) (G1 Evacuation Pause) 8403M->2705M(10240M) 171.953ms
[7008.392s][info][gc,cpu         ] GC(980) User=1.36s Sys=0.00s Real=0.17s
....[7012.271s][info][gc,start       ] GC(981) Pause Young (Normal) (G1 Evacuation Pause)
[7012.272s][info][gc,task        ] GC(981) Using 8 workers of 8 for evacuation
[7012.446s][info][gc,phases      ] GC(981)   Pre Evacuate Collection Set: 0.26ms
[7012.446s][info][gc,phases      ] GC(981)   Merge Heap Roots: 0.55ms
[7012.446s][info][gc,phases      ] GC(981)   Evacuate Collection Set: 172.22ms
[7012.446s][info][gc,phases      ] GC(981)   Post Evacuate Collection Set: 1.27ms
[7012.446s][info][gc,phases      ] GC(981)   Other: 0.07ms
[7012.446s][info][gc,heap        ] GC(981) Eden regions: 715->0(714)
[7012.446s][info][gc,heap        ] GC(981) Survivor regions: 53->54(96)
[7012.446s][info][gc,heap        ] GC(981) Old regions: 256->259
[7012.446s][info][gc,heap        ] GC(981) Humongous regions: 32->32
[7012.446s][info][gc,metaspace   ] GC(981) Metaspace: 29979K(30464K)->29979K(30464K) NonClass: 26581K(26816K)->26581K(26816K) Class: 3397K(3648K)->3397K(3648K)
[7012.446s][info][gc             ] GC(981) Pause Young (Normal) (G1 Evacuation Pause) 8425M->2733M(10240M) 174.518ms
[7012.446s][info][gc,cpu         ] GC(981) User=1.38s Sys=0.00s Real=0.18s
....[7016.112s][info][gc,start       ] GC(982) Pause Young (Normal) (G1 Evacuation Pause)
[7016.112s][info][gc,task        ] GC(982) Using 8 workers of 8 for evacuation
[7016.276s][info][gc,phases      ] GC(982)   Pre Evacuate Collection Set: 0.25ms
[7016.276s][info][gc,phases      ] GC(982)   Merge Heap Roots: 0.55ms
[7016.276s][info][gc,phases      ] GC(982)   Evacuate Collection Set: 161.28ms
[7016.276s][info][gc,phases      ] GC(982)   Post Evacuate Collection Set: 1.29ms
[7016.276s][info][gc,phases      ] GC(982)   Other: 0.07ms
[7016.276s][info][gc,heap        ] GC(982) Eden regions: 714->0(716)
[7016.276s][info][gc,heap        ] GC(982) Survivor regions: 54->52(96)
[7016.276s][info][gc,heap        ] GC(982) Old regions: 259->261
[7016.276s][info][gc,heap        ] GC(982) Humongous regions: 32->32
[7016.276s][info][gc,metaspace   ] GC(982) Metaspace: 29979K(30464K)->29979K(30464K) NonClass: 26581K(26816K)->26581K(26816K) Class: 3397K(3648K)->3397K(3648K)
[7016.276s][info][gc             ] GC(982) Pause Young (Normal) (G1 Evacuation Pause) 8445M->2735M(10240M) 163.572ms
[7016.276s][info][gc,cpu         ] GC(982) User=1.29s Sys=0.00s Real=0.17s
....[7020.011s][info][gc,start       ] GC(983) Pause Young (Normal) (G1 Evacuation Pause)
[7020.011s][info][gc,task        ] GC(983) Using 8 workers of 8 for evacuation
[7020.178s][info][gc,phases      ] GC(983)   Pre Evacuate Collection Set: 0.28ms
[7020.178s][info][gc,phases      ] GC(983)   Merge Heap Roots: 0.62ms
[7020.178s][info][gc,phases      ] GC(983)   Evacuate Collection Set: 165.50ms
[7020.178s][info][gc,phases      ] GC(983)   Post Evacuate Collection Set: 1.26ms
[7020.178s][info][gc,phases      ] GC(983)   Other: 0.07ms
[7020.178s][info][gc,heap        ] GC(983) Eden regions: 716->0(716)
[7020.178s][info][gc,heap        ] GC(983) Survivor regions: 52->52(96)
[7020.178s][info][gc,heap        ] GC(983) Old regions: 261->264
[7020.178s][info][gc,heap        ] GC(983) Humongous regions: 32->32
[7020.178s][info][gc,metaspace   ] GC(983) Metaspace: 29979K(30464K)->29979K(30464K) NonClass: 26581K(26816K)->26581K(26816K) Class: 3397K(3648K)->3397K(3648K)
[7020.178s][info][gc             ] GC(983) Pause Young (Normal) (G1 Evacuation Pause) 8463M->2760M(10240M) 167.858ms
[7020.179s][info][gc,cpu         ] GC(983) User=1.32s Sys=0.00s Real=0.17s
....[7023.949s][info][gc,start       ] GC(984) Pause Young (Normal) (G1 Evacuation Pause)
[7023.949s][info][gc,task        ] GC(984) Using 8 workers of 8 for evacuation
[7024.116s][info][gc,phases      ] GC(984)   Pre Evacuate Collection Set: 0.29ms
[7024.116s][info][gc,phases      ] GC(984)   Merge Heap Roots: 0.56ms
[7024.116s][info][gc,phases      ] GC(984)   Evacuate Collection Set: 164.87ms
[7024.116s][info][gc,phases      ] GC(984)   Post Evacuate Collection Set: 1.29ms
[7024.116s][info][gc,phases      ] GC(984)   Other: 0.08ms
[7024.116s][info][gc,heap        ] GC(984) Eden regions: 716->0(715)
[7024.116s][info][gc,heap        ] GC(984) Survivor regions: 52->53(96)
[7024.116s][info][gc,heap        ] GC(984) Old regions: 264->267
[7024.116s][info][gc,heap        ] GC(984) Humongous regions: 32->32
[7024.116s][info][gc,metaspace   ] GC(984) Metaspace: 29979K(30464K)->29979K(30464K) NonClass: 26581K(26816K)->26581K(26816K) Class: 3397K(3648K)->3397K(3648K)
[7024.116s][info][gc             ] GC(984) Pause Young (Normal) (G1 Evacuation Pause) 8488M->2785M(10240M) 167.239ms
[7024.116s][info][gc,cpu         ] GC(984) User=1.31s Sys=0.01s Real=0.17s
....[7027.857s][info][gc,start       ] GC(985) Pause Young (Normal) (G1 Evacuation Pause)
[7027.857s][info][gc,task        ] GC(985) Using 8 workers of 8 for evacuation
[7028.031s][info][gc,phases      ] GC(985)   Pre Evacuate Collection Set: 0.28ms
[7028.031s][info][gc,phases      ] GC(985)   Merge Heap Roots: 0.57ms
[7028.031s][info][gc,phases      ] GC(985)   Evacuate Collection Set: 171.31ms
[7028.031s][info][gc,phases      ] GC(985)   Post Evacuate Collection Set: 1.32ms
[7028.031s][info][gc,phases      ] GC(985)   Other: 0.06ms
[7028.031s][info][gc,heap        ] GC(985) Eden regions: 715->0(715)
[7028.031s][info][gc,heap        ] GC(985) Survivor regions: 53->53(96)
[7028.031s][info][gc,heap        ] GC(985) Old regions: 267->269
[7028.031s][info][gc,heap        ] GC(985) Humongous regions: 32->32
[7028.031s][info][gc,metaspace   ] GC(985) Metaspace: 29979K(30464K)->29979K(30464K) NonClass: 26581K(26816K)->26581K(26816K) Class: 3397K(3648K)->3397K(3648K)
[7028.031s][info][gc             ] GC(985) Pause Young (Normal) (G1 Evacuation Pause) 8505M->2806M(10240M) 173.683ms
[7028.031s][info][gc,cpu         ] GC(985) User=1.37s Sys=0.00s Real=0.17s
....[7031.638s][info][gc,start       ] GC(986) Pause Young (Normal) (G1 Evacuation Pause)
[7031.638s][info][gc,task        ] GC(986) Using 8 workers of 8 for evacuation
[7031.804s][info][gc,phases      ] GC(986)   Pre Evacuate Collection Set: 0.29ms
[7031.804s][info][gc,phases      ] GC(986)   Merge Heap Roots: 0.55ms
[7031.804s][info][gc,phases      ] GC(986)   Evacuate Collection Set: 164.11ms
[7031.804s][info][gc,phases      ] GC(986)   Post Evacuate Collection Set: 1.32ms
[7031.804s][info][gc,phases      ] GC(986)   Other: 0.06ms
[7031.804s][info][gc,heap        ] GC(986) Eden regions: 715->0(715)
[7031.804s][info][gc,heap        ] GC(986) Survivor regions: 53->53(96)
[7031.804s][info][gc,heap        ] GC(986) Old regions: 269->272
[7031.804s][info][gc,heap        ] GC(986) Humongous regions: 32->32
[7031.804s][info][gc,metaspace   ] GC(986) Metaspace: 29979K(30464K)->29979K(30464K) NonClass: 26581K(26816K)->26581K(26816K) Class: 3397K(3648K)->3397K(3648K)
[7031.804s][info][gc             ] GC(986) Pause Young (Normal) (G1 Evacuation Pause) 8526M->2827M(10240M) 166.473ms
[7031.804s][info][gc,cpu         ] GC(986) User=1.31s Sys=0.00s Real=0.16s
...[7035.457s][info][gc,start       ] GC(987) Pause Young (Normal) (G1 Evacuation Pause)
[7035.457s][info][gc,task        ] GC(987) Using 8 workers of 8 for evacuation
[7035.624s][info][gc,phases      ] GC(987)   Pre Evacuate Collection Set: 0.30ms
[7035.624s][info][gc,phases      ] GC(987)   Merge Heap Roots: 0.60ms
[7035.624s][info][gc,phases      ] GC(987)   Evacuate Collection Set: 165.25ms
[7035.624s][info][gc,phases      ] GC(987)   Post Evacuate Collection Set: 1.31ms
[7035.624s][info][gc,phases      ] GC(987)   Other: 0.06ms
[7035.624s][info][gc,heap        ] GC(987) Eden regions: 715->0(716)
[7035.624s][info][gc,heap        ] GC(987) Survivor regions: 53->52(96)
[7035.624s][info][gc,heap        ] GC(987) Old regions: 272->275
[7035.624s][info][gc,heap        ] GC(987) Humongous regions: 32->32
[7035.624s][info][gc,metaspace   ] GC(987) Metaspace: 29979K(30464K)->29979K(30464K) NonClass: 26581K(26816K)->26581K(26816K) Class: 3397K(3648K)->3397K(3648K)
[7035.624s][info][gc             ] GC(987) Pause Young (Normal) (G1 Evacuation Pause) 8547M->2844M(10240M) 167.680ms
[7035.624s][info][gc,cpu         ] GC(987) User=1.32s Sys=0.00s Real=0.16s
....[7039.364s][info][gc,start       ] GC(988) Pause Young (Concurrent Start) (G1 Evacuation Pause)
[7039.364s][info][gc,task        ] GC(988) Using 8 workers of 8 for evacuation
[7039.529s][info][gc,phases      ] GC(988)   Pre Evacuate Collection Set: 0.32ms
[7039.529s][info][gc,phases      ] GC(988)   Merge Heap Roots: 0.58ms
[7039.529s][info][gc,phases      ] GC(988)   Evacuate Collection Set: 162.74ms
[7039.529s][info][gc,phases      ] GC(988)   Post Evacuate Collection Set: 1.35ms
[7039.529s][info][gc,phases      ] GC(988)   Other: 0.12ms
[7039.529s][info][gc,heap        ] GC(988) Eden regions: 716->0(716)
[7039.529s][info][gc,heap        ] GC(988) Survivor regions: 52->52(96)
[7039.529s][info][gc,heap        ] GC(988) Old regions: 275->277
[7039.529s][info][gc,heap        ] GC(988) Humongous regions: 32->32
[7039.529s][info][gc,metaspace   ] GC(988) Metaspace: 29979K(30464K)->29979K(30464K) NonClass: 26581K(26816K)->26581K(26816K) Class: 3397K(3648K)->3397K(3648K)
[7039.529s][info][gc             ] GC(988) Pause Young (Concurrent Start) (G1 Evacuation Pause) 8572M->2866M(10240M) 165.257ms
[7039.529s][info][gc             ] GC(989) Concurrent Mark Cycle
[7039.529s][info][gc,marking     ] GC(989) Concurrent Scan Root Regions
[7039.529s][info][gc,cpu         ] GC(988) User=1.29s Sys=0.01s Real=0.17s
.[7039.805s][info][gc,marking     ] GC(989) Concurrent Scan Root Regions 276.304ms
[7039.805s][info][gc,marking     ] GC(989) Concurrent Mark
[7039.805s][info][gc,marking     ] GC(989) Concurrent Mark From Roots
[7039.805s][info][gc,task        ] GC(989) Using 2 workers of 2 for marking
.[7041.236s][info][gc,marking     ] GC(989) Concurrent Mark From Roots 1430.405ms
[7041.236s][info][gc,marking     ] GC(989) Concurrent Preclean
[7041.236s][info][gc,marking     ] GC(989) Concurrent Preclean 0.204ms
[7041.236s][info][gc,start       ] GC(989) Pause Remark
[7041.238s][info][gc             ] GC(989) Pause Remark 4858M->4666M(10240M) 1.883ms
[7041.238s][info][gc,cpu         ] GC(989) User=0.01s Sys=0.00s Real=0.00s
[7041.238s][info][gc,marking     ] GC(989) Concurrent Mark 1433.021ms
[7041.238s][info][gc,marking     ] GC(989) Concurrent Rebuild Remembered Sets and Scrub Regions
.[7041.874s][info][gc,marking     ] GC(989) Concurrent Rebuild Remembered Sets and Scrub Regions 635.435ms
[7041.874s][info][gc,start       ] GC(989) Pause Cleanup
[7041.874s][info][gc             ] GC(989) Pause Cleanup 5424M->5424M(10240M) 0.292ms
[7041.874s][info][gc,cpu         ] GC(989) User=0.00s Sys=0.00s Real=0.00s
[7041.874s][info][gc,marking     ] GC(989) Concurrent Clear Claimed Marks
[7041.874s][info][gc,marking     ] GC(989) Concurrent Clear Claimed Marks 0.040ms
[7041.874s][info][gc,marking     ] GC(989) Concurrent Cleanup for Next Mark
[7041.900s][info][gc,marking     ] GC(989) Concurrent Cleanup for Next Mark 25.579ms
[7041.900s][info][gc             ] GC(989) Concurrent Mark Cycle 2371.054ms
..[7043.783s][info][gc,start       ] GC(990) Pause Young (Prepare Mixed) (G1 Evacuation Pause)
[7043.783s][info][gc,task        ] GC(990) Using 8 workers of 8 for evacuation
[7043.960s][info][gc,phases      ] GC(990)   Pre Evacuate Collection Set: 0.25ms
[7043.960s][info][gc,phases      ] GC(990)   Merge Heap Roots: 0.81ms
[7043.960s][info][gc,phases      ] GC(990)   Evacuate Collection Set: 174.34ms
[7043.960s][info][gc,phases      ] GC(990)   Post Evacuate Collection Set: 1.40ms
[7043.960s][info][gc,phases      ] GC(990)   Other: 0.07ms
[7043.960s][info][gc,heap        ] GC(990) Eden regions: 716->0(702)
[7043.960s][info][gc,heap        ] GC(990) Survivor regions: 52->55(96)
[7043.960s][info][gc,heap        ] GC(990) Old regions: 253->256
[7043.960s][info][gc,heap        ] GC(990) Humongous regions: 32->32
[7043.960s][info][gc,metaspace   ] GC(990) Metaspace: 29979K(30464K)->29979K(30464K) NonClass: 26581K(26816K)->26581K(26816K) Class: 3397K(3648K)->3397K(3648K)
[7043.960s][info][gc             ] GC(990) Pause Young (Prepare Mixed) (G1 Evacuation Pause) 8402M->2714M(10240M) 176.998ms
[7043.960s][info][gc,cpu         ] GC(990) User=1.39s Sys=0.00s Real=0.18s
...[7047.516s][info][gc,start       ] GC(991) Pause Young (Mixed) (G1 Evacuation Pause)
[7047.516s][info][gc,task        ] GC(991) Using 8 workers of 8 for evacuation
[7047.687s][info][gc,phases      ] GC(991)   Pre Evacuate Collection Set: 0.26ms
[7047.687s][info][gc,phases      ] GC(991)   Merge Heap Roots: 0.63ms
[7047.687s][info][gc,phases      ] GC(991)   Evacuate Collection Set: 168.83ms
[7047.687s][info][gc,phases      ] GC(991)   Post Evacuate Collection Set: 1.37ms
[7047.687s][info][gc,phases      ] GC(991)   Other: 0.07ms
[7047.687s][info][gc,heap        ] GC(991) Eden regions: 706->0(716)
[7047.687s][info][gc,heap        ] GC(991) Survivor regions: 55->52(96)
[7047.687s][info][gc,heap        ] GC(991) Old regions: 256->242
[7047.687s][info][gc,heap        ] GC(991) Humongous regions: 32->32
[7047.687s][info][gc,metaspace   ] GC(991) Metaspace: 29979K(30464K)->29979K(30464K) NonClass: 26581K(26816K)->26581K(26816K) Class: 3397K(3648K)->3397K(3648K)
[7047.687s][info][gc             ] GC(991) Pause Young (Mixed) (G1 Evacuation Pause) 8362M->2580M(10240M) 171.302ms
[7047.687s][info][gc,cpu         ] GC(991) User=1.35s Sys=0.00s Real=0.17s
....[7051.314s][info][gc,start       ] GC(992) Pause Young (Mixed) (G1 Evacuation Pause)
[7051.314s][info][gc,task        ] GC(992) Using 8 workers of 8 for evacuation
[7051.497s][info][gc,phases      ] GC(992)   Pre Evacuate Collection Set: 0.31ms
[7051.497s][info][gc,phases      ] GC(992)   Merge Heap Roots: 0.92ms
[7051.497s][info][gc,phases      ] GC(992)   Evacuate Collection Set: 177.23ms
[7051.497s][info][gc,phases      ] GC(992)   Merge Optional Heap Roots: 0.12ms
[7051.497s][info][gc,phases      ] GC(992)   Evacuate Optional Collection Set: 2.31ms
[7051.497s][info][gc,phases      ] GC(992)   Post Evacuate Collection Set: 1.61ms
[7051.497s][info][gc,phases      ] GC(992)   Other: 0.08ms
[7051.497s][info][gc,heap        ] GC(992) Eden regions: 716->0(692)
[7051.497s][info][gc,heap        ] GC(992) Survivor regions: 52->54(96)
[7051.497s][info][gc,heap        ] GC(992) Old regions: 242->147
[7051.497s][info][gc,heap        ] GC(992) Humongous regions: 32->32
[7051.497s][info][gc,metaspace   ] GC(992) Metaspace: 29979K(30464K)->29979K(30464K) NonClass: 26581K(26816K)->26581K(26816K) Class: 3397K(3648K)->3397K(3648K)
[7051.497s][info][gc             ] GC(992) Pause Young (Mixed) (G1 Evacuation Pause) 8308M->1832M(10240M) 182.723ms
[7051.497s][info][gc,cpu         ] GC(992) User=1.44s Sys=0.00s Real=0.19s
....[7055.062s][info][gc,start       ] GC(993) Pause Young (Mixed) (G1 Evacuation Pause)
[7055.062s][info][gc,task        ] GC(993) Using 8 workers of 8 for evacuation
[7055.244s][info][gc,phases      ] GC(993)   Pre Evacuate Collection Set: 0.24ms
[7055.244s][info][gc,phases      ] GC(993)   Merge Heap Roots: 0.72ms
[7055.244s][info][gc,phases      ] GC(993)   Evacuate Collection Set: 179.42ms
[7055.244s][info][gc,phases      ] GC(993)   Post Evacuate Collection Set: 1.24ms
[7055.244s][info][gc,phases      ] GC(993)   Other: 0.07ms
[7055.244s][info][gc,heap        ] GC(993) Eden regions: 698->0(714)
[7055.244s][info][gc,heap        ] GC(993) Survivor regions: 54->54(94)
[7055.244s][info][gc,heap        ] GC(993) Old regions: 147->137
[7055.244s][info][gc,heap        ] GC(993) Humongous regions: 32->32
[7055.244s][info][gc,metaspace   ] GC(993) Metaspace: 29979K(30464K)->29979K(30464K) NonClass: 26581K(26816K)->26581K(26816K) Class: 3397K(3648K)->3397K(3648K)
[7055.244s][info][gc             ] GC(993) Pause Young (Mixed) (G1 Evacuation Pause) 7416M->1760M(10240M) 181.828ms
[7055.244s][info][gc,cpu         ] GC(993) User=1.43s Sys=0.00s Real=0.18s
....[7058.846s][info][gc,start       ] GC(994) Pause Young (Normal) (G1 Evacuation Pause)
[7058.846s][info][gc,task        ] GC(994) Using 8 workers of 8 for evacuation
[7059.017s][info][gc,phases      ] GC(994)   Pre Evacuate Collection Set: 0.28ms
[7059.017s][info][gc,phases      ] GC(994)   Merge Heap Roots: 0.55ms
[7059.017s][info][gc,phases      ] GC(994)   Evacuate Collection Set: 168.08ms
[7059.017s][info][gc,phases      ] GC(994)   Post Evacuate Collection Set: 1.27ms
[7059.017s][info][gc,phases      ] GC(994)   Other: 0.06ms
[7059.017s][info][gc,heap        ] GC(994) Eden regions: 714->0(715)
[7059.017s][info][gc,heap        ] GC(994) Survivor regions: 54->53(96)
[7059.017s][info][gc,heap        ] GC(994) Old regions: 137->140
[7059.017s][info][gc,heap        ] GC(994) Humongous regions: 32->32
[7059.017s][info][gc,metaspace   ] GC(994) Metaspace: 29979K(30464K)->29979K(30464K) NonClass: 26581K(26816K)->26581K(26816K) Class: 3397K(3648K)->3397K(3648K)
[7059.017s][info][gc             ] GC(994) Pause Young (Normal) (G1 Evacuation Pause) 7472M->1775M(10240M) 170.390ms
[7059.017s][info][gc,cpu         ] GC(994) User=1.34s Sys=0.00s Real=0.17s
....[7062.802s][info][gc,start       ] GC(995) Pause Young (Normal) (G1 Evacuation Pause)
[7062.802s][info][gc,task        ] GC(995) Using 8 workers of 8 for evacuation
[7062.974s][info][gc,phases      ] GC(995)   Pre Evacuate Collection Set: 0.26ms
[7062.974s][info][gc,phases      ] GC(995)   Merge Heap Roots: 0.60ms
[7062.974s][info][gc,phases      ] GC(995)   Evacuate Collection Set: 169.41ms
[7062.974s][info][gc,phases      ] GC(995)   Post Evacuate Collection Set: 1.24ms
[7062.974s][info][gc,phases      ] GC(995)   Other: 0.06ms
[7062.974s][info][gc,heap        ] GC(995) Eden regions: 715->0(715)
[7062.974s][info][gc,heap        ] GC(995) Survivor regions: 53->53(96)
[7062.974s][info][gc,heap        ] GC(995) Old regions: 140->143
[7062.974s][info][gc,heap        ] GC(995) Humongous regions: 32->32
[7062.974s][info][gc,metaspace   ] GC(995) Metaspace: 29979K(30464K)->29979K(30464K) NonClass: 26581K(26816K)->26581K(26816K) Class: 3397K(3648K)->3397K(3648K)
[7062.974s][info][gc             ] GC(995) Pause Young (Normal) (G1 Evacuation Pause) 7495M->1797M(10240M) 171.703ms
[7062.974s][info][gc,cpu         ] GC(995) User=1.36s Sys=0.00s Real=0.17s
...[7066.685s][info][gc,start       ] GC(996) Pause Young (Normal) (G1 Evacuation Pause)
[7066.685s][info][gc,task        ] GC(996) Using 8 workers of 8 for evacuation
[7066.852s][info][gc,phases      ] GC(996)   Pre Evacuate Collection Set: 0.31ms
[7066.853s][info][gc,phases      ] GC(996)   Merge Heap Roots: 0.68ms
[7066.853s][info][gc,phases      ] GC(996)   Evacuate Collection Set: 164.94ms
[7066.853s][info][gc,phases      ] GC(996)   Post Evacuate Collection Set: 1.24ms
[7066.853s][info][gc,phases      ] GC(996)   Other: 0.07ms
[7066.853s][info][gc,heap        ] GC(996) Eden regions: 715->0(716)
[7066.853s][info][gc,heap        ] GC(996) Survivor regions: 53->52(96)
[7066.853s][info][gc,heap        ] GC(996) Old regions: 143->145
[7066.853s][info][gc,heap        ] GC(996) Humongous regions: 32->32
[7066.853s][info][gc,metaspace   ] GC(996) Metaspace: 29979K(30464K)->29979K(30464K) NonClass: 26581K(26816K)->26581K(26816K) Class: 3397K(3648K)->3397K(3648K)
[7066.853s][info][gc             ] GC(996) Pause Young (Normal) (G1 Evacuation Pause) 7517M->1810M(10240M) 168.141ms
[7066.853s][info][gc,cpu         ] GC(996) User=1.31s Sys=0.00s Real=0.17s
.. (rIR:aIR:PR = 12315:12281:12283) (tPR = 181742) [OK] 
  7067s: Performance info:
         Transaction,    Success,    Partial,     Failed,   Receipts, AvgBarcode, 
             Overall,     744081,          0,          0,     706413,      59.47, 
         Response times:
             Request,    Success,    Partial,     Failed,   SkipFail,     Probes,    Samples,      min,      p50,      p90,      p95,      p99,      max, 
       TotalPurchase,     706332,          0,          0,          0,     334750,     449465,      400,    56000,   181000,   232000,   380000,  4500000,
     InStorePurchase,     372344,          0,          0,          0,     175256,     236347,      400,    56000,   181000,   232000,   377000,  4500000,
      OnlinePurchase,     259054,          0,          0,          0,     123903,     165250,      400,    56000,   180000,   233000,   383000,  4500000,
        InstPurchase,      74934,          0,          0,          0,      35591,      47868,      500,    55000,   182000,   233000,   376000,  4200000,
          AssocOfCat,        744,          0,          0,          0,        605,        897,    38000,   118000,   257200,   311100,   440000,   540000,
      AssocOfProduct,       7673,          0,          0,          0,       3338,       4602,     1000,    57000,   183000,   226000,   323000,  1800000,
      BusinessReport,       1857,          0,          0,          0,       1607,       2237,    39000,   130000,   266000,   319200,   482240,  3200000,
          CustBuyBeh,       7666,          0,          0,          0,       3405,       4694,      300,    53000,   180000,   224250,   349150,  2700000,
       ProductReturn,      19698,          0,          0,          0,       9170,      12296,      300,    52000,   177000,   235000,   376030,  3200000,

  7067s: (90%)   IR =  12453 ..[7070.607s][info][gc,start       ] GC(997) Pause Young (Normal) (G1 Evacuation Pause)
[7070.607s][info][gc,task        ] GC(997) Using 8 workers of 8 for evacuation
[7070.784s][info][gc,phases      ] GC(997)   Pre Evacuate Collection Set: 0.30ms
[7070.784s][info][gc,phases      ] GC(997)   Merge Heap Roots: 0.63ms
[7070.784s][info][gc,phases      ] GC(997)   Evacuate Collection Set: 173.90ms
[7070.784s][info][gc,phases      ] GC(997)   Post Evacuate Collection Set: 1.31ms
[7070.784s][info][gc,phases      ] GC(997)   Other: 0.07ms
[7070.784s][info][gc,heap        ] GC(997) Eden regions: 716->0(714)
[7070.784s][info][gc,heap        ] GC(997) Survivor regions: 52->54(96)
[7070.784s][info][gc,heap        ] GC(997) Old regions: 145->148
[7070.784s][info][gc,heap        ] GC(997) Humongous regions: 32->32
[7070.784s][info][gc,metaspace   ] GC(997) Metaspace: 29979K(30464K)->29979K(30464K) NonClass: 26581K(26816K)->26581K(26816K) Class: 3397K(3648K)->3397K(3648K)
[7070.784s][info][gc             ] GC(997) Pause Young (Normal) (G1 Evacuation Pause) 7538M->1843M(10240M) 176.339ms
[7070.784s][info][gc,cpu         ] GC(997) User=1.38s Sys=0.00s Real=0.17s
....[7074.504s][info][gc,start       ] GC(998) Pause Young (Normal) (G1 Evacuation Pause)
[7074.504s][info][gc,task        ] GC(998) Using 8 workers of 8 for evacuation
[7074.672s][info][gc,phases      ] GC(998)   Pre Evacuate Collection Set: 0.28ms
[7074.672s][info][gc,phases      ] GC(998)   Merge Heap Roots: 0.62ms
[7074.672s][info][gc,phases      ] GC(998)   Evacuate Collection Set: 166.32ms
[7074.672s][info][gc,phases      ] GC(998)   Post Evacuate Collection Set: 1.29ms
[7074.673s][info][gc,phases      ] GC(998)   Other: 0.06ms
[7074.673s][info][gc,heap        ] GC(998) Eden regions: 714->0(716)
[7074.673s][info][gc,heap        ] GC(998) Survivor regions: 54->52(96)
[7074.673s][info][gc,heap        ] GC(998) Old regions: 148->150
[7074.673s][info][gc,heap        ] GC(998) Humongous regions: 32->32
[7074.673s][info][gc,metaspace   ] GC(998) Metaspace: 29979K(30464K)->29979K(30464K) NonClass: 26581K(26816K)->26581K(26816K) Class: 3397K(3648K)->3397K(3648K)
[7074.673s][info][gc             ] GC(998) Pause Young (Normal) (G1 Evacuation Pause) 7555M->1847M(10240M) 168.712ms
[7074.673s][info][gc,cpu         ] GC(998) User=1.32s Sys=0.01s Real=0.17s
....[7078.464s][info][gc,start       ] GC(999) Pause Young (Normal) (G1 Evacuation Pause)
[7078.464s][info][gc,task        ] GC(999) Using 8 workers of 8 for evacuation
[7078.636s][info][gc,phases      ] GC(999)   Pre Evacuate Collection Set: 0.27ms
[7078.636s][info][gc,phases      ] GC(999)   Merge Heap Roots: 0.58ms
[7078.636s][info][gc,phases      ] GC(999)   Evacuate Collection Set: 170.59ms
[7078.636s][info][gc,phases      ] GC(999)   Post Evacuate Collection Set: 1.26ms
[7078.636s][info][gc,phases      ] GC(999)   Other: 0.07ms
[7078.636s][info][gc,heap        ] GC(999) Eden regions: 716->0(714)
[7078.636s][info][gc,heap        ] GC(999) Survivor regions: 52->54(96)
[7078.636s][info][gc,heap        ] GC(999) Old regions: 150->153
[7078.636s][info][gc,heap        ] GC(999) Humongous regions: 32->32
[7078.637s][info][gc,metaspace   ] GC(999) Metaspace: 29979K(30464K)->29979K(30464K) NonClass: 26581K(26816K)->26581K(26816K) Class: 3397K(3648K)->3397K(3648K)
[7078.637s][info][gc             ] GC(999) Pause Young (Normal) (G1 Evacuation Pause) 7575M->1885M(10240M) 172.928ms
[7078.637s][info][gc,cpu         ] GC(999) User=1.36s Sys=0.00s Real=0.18s
....[7082.339s][info][gc,start       ] GC(1000) Pause Young (Normal) (G1 Evacuation Pause)
[7082.339s][info][gc,task        ] GC(1000) Using 8 workers of 8 for evacuation
[7082.504s][info][gc,phases      ] GC(1000)   Pre Evacuate Collection Set: 0.28ms
[7082.504s][info][gc,phases      ] GC(1000)   Merge Heap Roots: 0.62ms
[7082.504s][info][gc,phases      ] GC(1000)   Evacuate Collection Set: 162.70ms
[7082.504s][info][gc,phases      ] GC(1000)   Post Evacuate Collection Set: 1.30ms
[7082.504s][info][gc,phases      ] GC(1000)   Other: 0.06ms
[7082.504s][info][gc,heap        ] GC(1000) Eden regions: 714->0(717)
[7082.504s][info][gc,heap        ] GC(1000) Survivor regions: 54->51(96)
[7082.504s][info][gc,heap        ] GC(1000) Old regions: 153->156
[7082.504s][info][gc,heap        ] GC(1000) Humongous regions: 32->32
[7082.504s][info][gc,metaspace   ] GC(1000) Metaspace: 29979K(30464K)->29979K(30464K) NonClass: 26581K(26816K)->26581K(26816K) Class: 3397K(3648K)->3397K(3648K)
[7082.504s][info][gc             ] GC(1000) Pause Young (Normal) (G1 Evacuation Pause) 7597M->1883M(10240M) 165.111ms
[7082.504s][info][gc,cpu         ] GC(1000) User=1.30s Sys=0.00s Real=0.16s
....[7086.281s][info][gc,start       ] GC(1001) Pause Young (Normal) (G1 Evacuation Pause)
[7086.281s][info][gc,task        ] GC(1001) Using 8 workers of 8 for evacuation
[7086.448s][info][gc,phases      ] GC(1001)   Pre Evacuate Collection Set: 0.27ms
[7086.448s][info][gc,phases      ] GC(1001)   Merge Heap Roots: 0.59ms
[7086.448s][info][gc,phases      ] GC(1001)   Evacuate Collection Set: 164.36ms
[7086.448s][info][gc,phases      ] GC(1001)   Post Evacuate Collection Set: 1.29ms
[7086.448s][info][gc,phases      ] GC(1001)   Other: 0.06ms
[7086.448s][info][gc,heap        ] GC(1001) Eden regions: 717->0(716)
[7086.448s][info][gc,heap        ] GC(1001) Survivor regions: 51->52(96)
[7086.448s][info][gc,heap        ] GC(1001) Old regions: 156->159
[7086.448s][info][gc,heap        ] GC(1001) Humongous regions: 32->32
[7086.448s][info][gc,metaspace   ] GC(1001) Metaspace: 29979K(30464K)->29979K(30464K) NonClass: 26581K(26816K)->26581K(26816K) Class: 3397K(3648K)->3397K(3648K)
[7086.448s][info][gc             ] GC(1001) Pause Young (Normal) (G1 Evacuation Pause) 7619M->1912M(10240M) 166.713ms
[7086.448s][info][gc,cpu         ] GC(1001) User=1.31s Sys=0.00s Real=0.17s
....[7090.198s][info][gc,start       ] GC(1002) Pause Young (Normal) (G1 Evacuation Pause)
[7090.198s][info][gc,task        ] GC(1002) Using 8 workers of 8 for evacuation
[7090.368s][info][gc,phases      ] GC(1002)   Pre Evacuate Collection Set: 0.28ms
[7090.368s][info][gc,phases      ] GC(1002)   Merge Heap Roots: 0.63ms
[7090.368s][info][gc,phases      ] GC(1002)   Evacuate Collection Set: 167.81ms
[7090.368s][info][gc,phases      ] GC(1002)   Post Evacuate Collection Set: 1.24ms
[7090.368s][info][gc,phases      ] GC(1002)   Other: 0.07ms
[7090.368s][info][gc,heap        ] GC(1002) Eden regions: 716->0(716)
[7090.368s][info][gc,heap        ] GC(1002) Survivor regions: 52->52(96)
[7090.368s][info][gc,heap        ] GC(1002) Old regions: 159->161
[7090.368s][info][gc,heap        ] GC(1002) Humongous regions: 32->32
[7090.368s][info][gc,metaspace   ] GC(1002) Metaspace: 29979K(30464K)->29979K(30464K) NonClass: 26581K(26816K)->26581K(26816K) Class: 3397K(3648K)->3397K(3648K)
[7090.368s][info][gc             ] GC(1002) Pause Young (Normal) (G1 Evacuation Pause) 7640M->1937M(10240M) 170.184ms
[7090.368s][info][gc,cpu         ] GC(1002) User=1.34s Sys=0.00s Real=0.17s
....[7094.099s][info][gc,start       ] GC(1003) Pause Young (Normal) (G1 Evacuation Pause)
[7094.099s][info][gc,task        ] GC(1003) Using 8 workers of 8 for evacuation
[7094.276s][info][gc,phases      ] GC(1003)   Pre Evacuate Collection Set: 0.26ms
[7094.276s][info][gc,phases      ] GC(1003)   Merge Heap Roots: 0.55ms
[7094.276s][info][gc,phases      ] GC(1003)   Evacuate Collection Set: 175.26ms
[7094.276s][info][gc,phases      ] GC(1003)   Post Evacuate Collection Set: 1.26ms
[7094.276s][info][gc,phases      ] GC(1003)   Other: 0.06ms
[7094.276s][info][gc,heap        ] GC(1003) Eden regions: 716->0(713)
[7094.276s][info][gc,heap        ] GC(1003) Survivor regions: 52->55(96)
[7094.276s][info][gc,heap        ] GC(1003) Old regions: 161->164
[7094.276s][info][gc,heap        ] GC(1003) Humongous regions: 32->32
[7094.276s][info][gc,metaspace   ] GC(1003) Metaspace: 29979K(30464K)->29979K(30464K) NonClass: 26581K(26816K)->26581K(26816K) Class: 3397K(3648K)->3397K(3648K)
[7094.276s][info][gc             ] GC(1003) Pause Young (Normal) (G1 Evacuation Pause) 7665M->1983M(10240M) 177.534ms
[7094.276s][info][gc,cpu         ] GC(1003) User=1.40s Sys=0.01s Real=0.18s
...[7097.940s][info][gc,start       ] GC(1004) Pause Young (Normal) (G1 Evacuation Pause)
[7097.940s][info][gc,task        ] GC(1004) Using 8 workers of 8 for evacuation
[7098.117s][info][gc,phases      ] GC(1004)   Pre Evacuate Collection Set: 0.26ms
[7098.117s][info][gc,phases      ] GC(1004)   Merge Heap Roots: 0.58ms
[7098.117s][info][gc,phases      ] GC(1004)   Evacuate Collection Set: 175.29ms
[7098.117s][info][gc,phases      ] GC(1004)   Post Evacuate Collection Set: 1.29ms
[7098.117s][info][gc,phases      ] GC(1004)   Other: 0.06ms
[7098.117s][info][gc,heap        ] GC(1004) Eden regions: 713->0(713)
[7098.117s][info][gc,heap        ] GC(1004) Survivor regions: 55->55(96)
[7098.117s][info][gc,heap        ] GC(1004) Old regions: 164->167
[7098.117s][info][gc,heap        ] GC(1004) Humongous regions: 32->32
[7098.117s][info][gc,metaspace   ] GC(1004) Metaspace: 29979K(30464K)->29979K(30464K) NonClass: 26581K(26816K)->26581K(26816K) Class: 3397K(3648K)->3397K(3648K)
[7098.117s][info][gc             ] GC(1004) Pause Young (Normal) (G1 Evacuation Pause) 7687M->2000M(10240M) 177.603ms
[7098.117s][info][gc,cpu         ] GC(1004) User=1.40s Sys=0.00s Real=0.18s
. (rIR:aIR:PR = 12453:12206:12197) (tPR = 181340) [IR is under limit] [PR is under limit] 
  7097s: Performance info:
         Transaction,    Success,    Partial,     Failed,   Receipts, AvgBarcode, 
             Overall,     244776,          0,          0,     232684,      59.48, 
         Response times:
             Request,    Success,    Partial,     Failed,   SkipFail,     Probes,    Samples,      min,      p50,      p90,      p95,      p99,      max, 
       TotalPurchase,     232857,          0,          0,          0,     113497,     176201,      300,    36000,   124000,   171000,   229000,  2200000,
     InStorePurchase,     122512,          0,          0,          0,      59326,      92450,      300,    35000,   123000,   170000,   227000,  2200000,
      OnlinePurchase,      85801,          0,          0,          0,      41963,      65028,      400,    36000,   125000,   172000,   233000,  2200000,
        InstPurchase,      24544,          0,          0,          0,      12208,      18723,      500,    36000,   122000,   171000,   227000,  2200000,
          AssocOfCat,        242,          0,          0,          0,        208,        357,    36000,   106000,   213200,   246300,   276360,   284000,
      AssocOfProduct,       2379,          0,          0,          0,       1175,       1867,      800,    33000,   114200,   158600,   233960,  1100000,
      BusinessReport,        617,          0,          0,          0,        558,        929,    40000,   105000,   190000,   244000,   279400,   720000,
          CustBuyBeh,       2443,          0,          0,          0,       1146,       1836,      700,    37000,   119000,   163000,   232780,  1300000,
       ProductReturn,       6417,          0,          0,          0,       3220,       5027,      400,    35000,   121000,   161000,   225000,  1400000,

  7097s: 
  7097s: Failed, 9 overall retries left, retrying 1 of 1
  7097s: (90%)   IR =  12453 ...[7101.904s][info][gc,start       ] GC(1005) Pause Young (Normal) (G1 Evacuation Pause)
[7101.904s][info][gc,task        ] GC(1005) Using 8 workers of 8 for evacuation
[7102.079s][info][gc,phases      ] GC(1005)   Pre Evacuate Collection Set: 0.28ms
[7102.080s][info][gc,phases      ] GC(1005)   Merge Heap Roots: 0.56ms
[7102.080s][info][gc,phases      ] GC(1005)   Evacuate Collection Set: 172.80ms
[7102.080s][info][gc,phases      ] GC(1005)   Post Evacuate Collection Set: 1.28ms
[7102.080s][info][gc,phases      ] GC(1005)   Other: 0.08ms
[7102.080s][info][gc,heap        ] GC(1005) Eden regions: 713->0(714)
[7102.080s][info][gc,heap        ] GC(1005) Survivor regions: 55->54(96)
[7102.080s][info][gc,heap        ] GC(1005) Old regions: 167->169
[7102.080s][info][gc,heap        ] GC(1005) Humongous regions: 32->32
[7102.080s][info][gc,metaspace   ] GC(1005) Metaspace: 29979K(30464K)->29979K(30464K) NonClass: 26581K(26816K)->26581K(26816K) Class: 3397K(3648K)->3397K(3648K)
[7102.080s][info][gc             ] GC(1005) Pause Young (Normal) (G1 Evacuation Pause) 7704M->2016M(10240M) 175.927ms
[7102.080s][info][gc,cpu         ] GC(1005) User=1.38s Sys=0.00s Real=0.18s
....[7105.766s][info][gc,start       ] GC(1006) Pause Young (Normal) (G1 Evacuation Pause)
[7105.766s][info][gc,task        ] GC(1006) Using 8 workers of 8 for evacuation
[7105.941s][info][gc,phases      ] GC(1006)   Pre Evacuate Collection Set: 0.27ms
[7105.941s][info][gc,phases      ] GC(1006)   Merge Heap Roots: 0.58ms
[7105.941s][info][gc,phases      ] GC(1006)   Evacuate Collection Set: 171.93ms
[7105.941s][info][gc,phases      ] GC(1006)   Post Evacuate Collection Set: 1.30ms
[7105.941s][info][gc,phases      ] GC(1006)   Other: 0.06ms
[7105.941s][info][gc,heap        ] GC(1006) Eden regions: 714->0(715)
[7105.941s][info][gc,heap        ] GC(1006) Survivor regions: 54->53(96)
[7105.941s][info][gc,heap        ] GC(1006) Old regions: 169->172
[7105.941s][info][gc,heap        ] GC(1006) Humongous regions: 32->32
[7105.941s][info][gc,metaspace   ] GC(1006) Metaspace: 29979K(30464K)->29979K(30464K) NonClass: 26581K(26816K)->26581K(26816K) Class: 3397K(3648K)->3397K(3648K)
[7105.941s][info][gc             ] GC(1006) Pause Young (Normal) (G1 Evacuation Pause) 7728M->2025M(10240M) 174.282ms
[7105.941s][info][gc,cpu         ] GC(1006) User=1.38s Sys=0.00s Real=0.17s
....[7109.550s][info][gc,start       ] GC(1007) Pause Young (Normal) (G1 Evacuation Pause)
[7109.550s][info][gc,task        ] GC(1007) Using 8 workers of 8 for evacuation
[7109.718s][info][gc,phases      ] GC(1007)   Pre Evacuate Collection Set: 0.26ms
[7109.718s][info][gc,phases      ] GC(1007)   Merge Heap Roots: 0.60ms
[7109.718s][info][gc,phases      ] GC(1007)   Evacuate Collection Set: 165.81ms
[7109.718s][info][gc,phases      ] GC(1007)   Post Evacuate Collection Set: 1.28ms
[7109.718s][info][gc,phases      ] GC(1007)   Other: 0.06ms
[7109.718s][info][gc,heap        ] GC(1007) Eden regions: 715->0(715)
[7109.718s][info][gc,heap        ] GC(1007) Survivor regions: 53->53(96)
[7109.718s][info][gc,heap        ] GC(1007) Old regions: 172->174
[7109.718s][info][gc,heap        ] GC(1007) Humongous regions: 32->32
[7109.718s][info][gc,metaspace   ] GC(1007) Metaspace: 29979K(30464K)->29979K(30464K) NonClass: 26581K(26816K)->26581K(26816K) Class: 3397K(3648K)->3397K(3648K)
[7109.718s][info][gc             ] GC(1007) Pause Young (Normal) (G1 Evacuation Pause) 7745M->2047M(10240M) 168.138ms
[7109.718s][info][gc,cpu         ] GC(1007) User=1.32s Sys=0.01s Real=0.17s
....[7113.350s][info][gc,start       ] GC(1008) Pause Young (Normal) (G1 Evacuation Pause)
[7113.350s][info][gc,task        ] GC(1008) Using 8 workers of 8 for evacuation
[7113.518s][info][gc,phases      ] GC(1008)   Pre Evacuate Collection Set: 0.29ms
[7113.518s][info][gc,phases      ] GC(1008)   Merge Heap Roots: 0.55ms
[7113.518s][info][gc,phases      ] GC(1008)   Evacuate Collection Set: 165.34ms
[7113.518s][info][gc,phases      ] GC(1008)   Post Evacuate Collection Set: 1.26ms
[7113.518s][info][gc,phases      ] GC(1008)   Other: 0.07ms
[7113.518s][info][gc,heap        ] GC(1008) Eden regions: 715->0(716)
[7113.518s][info][gc,heap        ] GC(1008) Survivor regions: 53->52(96)
[7113.518s][info][gc,heap        ] GC(1008) Old regions: 174->177
[7113.518s][info][gc,heap        ] GC(1008) Humongous regions: 32->32
[7113.518s][info][gc,metaspace   ] GC(1008) Metaspace: 29979K(30464K)->29979K(30464K) NonClass: 26581K(26816K)->26581K(26816K) Class: 3397K(3648K)->3397K(3648K)
[7113.518s][info][gc             ] GC(1008) Pause Young (Normal) (G1 Evacuation Pause) 7767M->2061M(10240M) 167.666ms
[7113.518s][info][gc,cpu         ] GC(1008) User=1.31s Sys=0.01s Real=0.17s
....[7117.206s][info][gc,start       ] GC(1009) Pause Young (Normal) (G1 Evacuation Pause)
[7117.206s][info][gc,task        ] GC(1009) Using 8 workers of 8 for evacuation
[7117.373s][info][gc,phases      ] GC(1009)   Pre Evacuate Collection Set: 0.27ms
[7117.373s][info][gc,phases      ] GC(1009)   Merge Heap Roots: 0.58ms
[7117.373s][info][gc,phases      ] GC(1009)   Evacuate Collection Set: 164.85ms
[7117.373s][info][gc,phases      ] GC(1009)   Post Evacuate Collection Set: 1.26ms
[7117.373s][info][gc,phases      ] GC(1009)   Other: 0.06ms
[7117.373s][info][gc,heap        ] GC(1009) Eden regions: 716->0(717)
[7117.373s][info][gc,heap        ] GC(1009) Survivor regions: 52->51(96)
[7117.373s][info][gc,heap        ] GC(1009) Old regions: 177->180
[7117.373s][info][gc,heap        ] GC(1009) Humongous regions: 32->32
[7117.373s][info][gc,metaspace   ] GC(1009) Metaspace: 29979K(30464K)->29979K(30464K) NonClass: 26581K(26816K)->26581K(26816K) Class: 3397K(3648K)->3397K(3648K)
[7117.373s][info][gc             ] GC(1009) Pause Young (Normal) (G1 Evacuation Pause) 7789M->2077M(10240M) 167.150ms
[7117.373s][info][gc,cpu         ] GC(1009) User=1.32s Sys=0.00s Real=0.16s
.|...[7121.337s][info][gc,start       ] GC(1010) Pause Young (Normal) (G1 Evacuation Pause)
[7121.337s][info][gc,task        ] GC(1010) Using 8 workers of 8 for evacuation
[7121.504s][info][gc,phases      ] GC(1010)   Pre Evacuate Collection Set: 0.30ms
[7121.504s][info][gc,phases      ] GC(1010)   Merge Heap Roots: 0.57ms
[7121.504s][info][gc,phases      ] GC(1010)   Evacuate Collection Set: 164.24ms
[7121.504s][info][gc,phases      ] GC(1010)   Post Evacuate Collection Set: 1.25ms
[7121.504s][info][gc,phases      ] GC(1010)   Other: 0.07ms
[7121.504s][info][gc,heap        ] GC(1010) Eden regions: 717->0(716)
[7121.504s][info][gc,heap        ] GC(1010) Survivor regions: 51->52(96)
[7121.504s][info][gc,heap        ] GC(1010) Old regions: 180->182
[7121.504s][info][gc,heap        ] GC(1010) Humongous regions: 32->32
[7121.504s][info][gc,metaspace   ] GC(1010) Metaspace: 29979K(30464K)->29979K(30464K) NonClass: 26581K(26816K)->26581K(26816K) Class: 3397K(3648K)->3397K(3648K)
[7121.504s][info][gc             ] GC(1010) Pause Young (Normal) (G1 Evacuation Pause) 7813M->2106M(10240M) 166.611ms
[7121.504s][info][gc,cpu         ] GC(1010) User=1.31s Sys=0.01s Real=0.16s
...[7125.152s][info][gc,start       ] GC(1011) Pause Young (Normal) (G1 Evacuation Pause)
[7125.152s][info][gc,task        ] GC(1011) Using 8 workers of 8 for evacuation
[7125.326s][info][gc,phases      ] GC(1011)   Pre Evacuate Collection Set: 0.26ms
[7125.326s][info][gc,phases      ] GC(1011)   Merge Heap Roots: 0.53ms
[7125.326s][info][gc,phases      ] GC(1011)   Evacuate Collection Set: 172.52ms
[7125.326s][info][gc,phases      ] GC(1011)   Post Evacuate Collection Set: 1.30ms
[7125.326s][info][gc,phases      ] GC(1011)   Other: 0.07ms
[7125.326s][info][gc,heap        ] GC(1011) Eden regions: 716->0(714)
[7125.326s][info][gc,heap        ] GC(1011) Survivor regions: 52->54(96)
[7125.326s][info][gc,heap        ] GC(1011) Old regions: 182->185
[7125.326s][info][gc,heap        ] GC(1011) Humongous regions: 32->32
[7125.326s][info][gc,metaspace   ] GC(1011) Metaspace: 29979K(30464K)->29979K(30464K) NonClass: 26581K(26816K)->26581K(26816K) Class: 3397K(3648K)->3397K(3648K)
[7125.326s][info][gc             ] GC(1011) Pause Young (Normal) (G1 Evacuation Pause) 7834M->2143M(10240M) 174.824ms
[7125.327s][info][gc,cpu         ] GC(1011) User=1.37s Sys=0.00s Real=0.18s
....[7128.922s][info][gc,start       ] GC(1012) Pause Young (Normal) (G1 Evacuation Pause)
[7128.922s][info][gc,task        ] GC(1012) Using 8 workers of 8 for evacuation
[7129.096s][info][gc,phases      ] GC(1012)   Pre Evacuate Collection Set: 0.25ms
[7129.096s][info][gc,phases      ] GC(1012)   Merge Heap Roots: 0.53ms
[7129.096s][info][gc,phases      ] GC(1012)   Evacuate Collection Set: 171.64ms
[7129.096s][info][gc,phases      ] GC(1012)   Post Evacuate Collection Set: 1.28ms
[7129.096s][info][gc,phases      ] GC(1012)   Other: 0.06ms
[7129.096s][info][gc,heap        ] GC(1012) Eden regions: 714->0(714)
[7129.096s][info][gc,heap        ] GC(1012) Survivor regions: 54->54(96)
[7129.096s][info][gc,heap        ] GC(1012) Old regions: 185->188
[7129.096s][info][gc,heap        ] GC(1012) Humongous regions: 32->32
[7129.096s][info][gc,metaspace   ] GC(1012) Metaspace: 29979K(30464K)->29979K(30464K) NonClass: 26581K(26816K)->26581K(26816K) Class: 3397K(3648K)->3397K(3648K)
[7129.096s][info][gc             ] GC(1012) Pause Young (Normal) (G1 Evacuation Pause) 7855M->2164M(10240M) 173.928ms
[7129.096s][info][gc,cpu         ] GC(1012) User=1.37s Sys=0.00s Real=0.18s
....[7132.765s][info][gc,start       ] GC(1013) Pause Young (Normal) (G1 Evacuation Pause)
[7132.765s][info][gc,task        ] GC(1013) Using 8 workers of 8 for evacuation
[7132.941s][info][gc,phases      ] GC(1013)   Pre Evacuate Collection Set: 0.26ms
[7132.942s][info][gc,phases      ] GC(1013)   Merge Heap Roots: 0.56ms
[7132.942s][info][gc,phases      ] GC(1013)   Evacuate Collection Set: 174.41ms
[7132.942s][info][gc,phases      ] GC(1013)   Post Evacuate Collection Set: 1.28ms
[7132.942s][info][gc,phases      ] GC(1013)   Other: 0.06ms
[7132.942s][info][gc,heap        ] GC(1013) Eden regions: 714->0(714)
[7132.942s][info][gc,heap        ] GC(1013) Survivor regions: 54->54(96)
[7132.942s][info][gc,heap        ] GC(1013) Old regions: 188->190
[7132.942s][info][gc,heap        ] GC(1013) Humongous regions: 32->32
[7132.942s][info][gc,metaspace   ] GC(1013) Metaspace: 29979K(30464K)->29979K(30464K) NonClass: 26581K(26816K)->26581K(26816K) Class: 3397K(3648K)->3397K(3648K)
[7132.942s][info][gc             ] GC(1013) Pause Young (Normal) (G1 Evacuation Pause) 7876M->2185M(10240M) 176.723ms
[7132.942s][info][gc,cpu         ] GC(1013) User=1.39s Sys=0.00s Real=0.17s
....[7136.649s][info][gc,start       ] GC(1014) Pause Young (Normal) (G1 Evacuation Pause)
[7136.649s][info][gc,task        ] GC(1014) Using 8 workers of 8 for evacuation
[7136.822s][info][gc,phases      ] GC(1014)   Pre Evacuate Collection Set: 0.26ms
[7136.822s][info][gc,phases      ] GC(1014)   Merge Heap Roots: 0.58ms
[7136.822s][info][gc,phases      ] GC(1014)   Evacuate Collection Set: 170.66ms
[7136.822s][info][gc,phases      ] GC(1014)   Post Evacuate Collection Set: 1.27ms
[7136.822s][info][gc,phases      ] GC(1014)   Other: 0.07ms
[7136.822s][info][gc,heap        ] GC(1014) Eden regions: 714->0(714)
[7136.822s][info][gc,heap        ] GC(1014) Survivor regions: 54->54(96)
[7136.822s][info][gc,heap        ] GC(1014) Old regions: 190->193
[7136.822s][info][gc,heap        ] GC(1014) Humongous regions: 32->32
[7136.822s][info][gc,metaspace   ] GC(1014) Metaspace: 29979K(30464K)->29979K(30464K) NonClass: 26581K(26816K)->26581K(26816K) Class: 3397K(3648K)->3397K(3648K)
[7136.822s][info][gc             ] GC(1014) Pause Young (Normal) (G1 Evacuation Pause) 7897M->2203M(10240M) 172.990ms
[7136.822s][info][gc,cpu         ] GC(1014) User=1.36s Sys=0.00s Real=0.17s
....[7140.544s][info][gc,start       ] GC(1015) Pause Young (Normal) (G1 Evacuation Pause)
[7140.544s][info][gc,task        ] GC(1015) Using 8 workers of 8 for evacuation
[7140.720s][info][gc,phases      ] GC(1015)   Pre Evacuate Collection Set: 0.26ms
[7140.720s][info][gc,phases      ] GC(1015)   Merge Heap Roots: 0.63ms
[7140.720s][info][gc,phases      ] GC(1015)   Evacuate Collection Set: 174.30ms
[7140.720s][info][gc,phases      ] GC(1015)   Post Evacuate Collection Set: 1.22ms
[7140.720s][info][gc,phases      ] GC(1015)   Other: 0.08ms
[7140.720s][info][gc,heap        ] GC(1015) Eden regions: 714->0(715)
[7140.720s][info][gc,heap        ] GC(1015) Survivor regions: 54->53(96)
[7140.720s][info][gc,heap        ] GC(1015) Old regions: 193->196
[7140.720s][info][gc,heap        ] GC(1015) Humongous regions: 32->32
[7140.720s][info][gc,metaspace   ] GC(1015) Metaspace: 29979K(30464K)->29979K(30464K) NonClass: 26581K(26816K)->26581K(26816K) Class: 3397K(3648K)->3397K(3648K)
[7140.720s][info][gc             ] GC(1015) Pause Young (Normal) (G1 Evacuation Pause) 7915M->2220M(10240M) 176.618ms
[7140.720s][info][gc,cpu         ] GC(1015) User=1.39s Sys=0.00s Real=0.18s
...[7144.341s][info][gc,start       ] GC(1016) Pause Young (Normal) (G1 Evacuation Pause)
[7144.341s][info][gc,task        ] GC(1016) Using 8 workers of 8 for evacuation
[7144.507s][info][gc,phases      ] GC(1016)   Pre Evacuate Collection Set: 0.27ms
[7144.507s][info][gc,phases      ] GC(1016)   Merge Heap Roots: 0.54ms
[7144.507s][info][gc,phases      ] GC(1016)   Evacuate Collection Set: 164.38ms
[7144.507s][info][gc,phases      ] GC(1016)   Post Evacuate Collection Set: 1.26ms
[7144.507s][info][gc,phases      ] GC(1016)   Other: 0.07ms
[7144.507s][info][gc,heap        ] GC(1016) Eden regions: 715->0(715)
[7144.507s][info][gc,heap        ] GC(1016) Survivor regions: 53->53(96)
[7144.507s][info][gc,heap        ] GC(1016) Old regions: 196->198
[7144.507s][info][gc,heap        ] GC(1016) Humongous regions: 32->32
[7144.507s][info][gc,metaspace   ] GC(1016) Metaspace: 29979K(30464K)->29979K(30464K) NonClass: 26581K(26816K)->26581K(26816K) Class: 3397K(3648K)->3397K(3648K)
[7144.507s][info][gc             ] GC(1016) Pause Young (Normal) (G1 Evacuation Pause) 7940M->2239M(10240M) 166.651ms
[7144.507s][info][gc,cpu         ] GC(1016) User=1.31s Sys=0.00s Real=0.17s
....[7148.163s][info][gc,start       ] GC(1017) Pause Young (Normal) (G1 Evacuation Pause)
[7148.163s][info][gc,task        ] GC(1017) Using 8 workers of 8 for evacuation
[7148.330s][info][gc,phases      ] GC(1017)   Pre Evacuate Collection Set: 0.30ms
[7148.330s][info][gc,phases      ] GC(1017)   Merge Heap Roots: 0.54ms
[7148.330s][info][gc,phases      ] GC(1017)   Evacuate Collection Set: 164.85ms
[7148.330s][info][gc,phases      ] GC(1017)   Post Evacuate Collection Set: 1.29ms
[7148.330s][info][gc,phases      ] GC(1017)   Other: 0.06ms
[7148.330s][info][gc,heap        ] GC(1017) Eden regions: 715->0(716)
[7148.330s][info][gc,heap        ] GC(1017) Survivor regions: 53->52(96)
[7148.330s][info][gc,heap        ] GC(1017) Old regions: 198->201
[7148.330s][info][gc,heap        ] GC(1017) Humongous regions: 32->32
[7148.330s][info][gc,metaspace   ] GC(1017) Metaspace: 29979K(30464K)->29979K(30464K) NonClass: 26581K(26816K)->26581K(26816K) Class: 3397K(3648K)->3397K(3648K)
[7148.330s][info][gc             ] GC(1017) Pause Young (Normal) (G1 Evacuation Pause) 7959M->2252M(10240M) 167.191ms
[7148.330s][info][gc,cpu         ] GC(1017) User=1.31s Sys=0.01s Real=0.17s
....[7152.017s][info][gc,start       ] GC(1018) Pause Young (Normal) (G1 Evacuation Pause)
[7152.017s][info][gc,task        ] GC(1018) Using 8 workers of 8 for evacuation
[7152.192s][info][gc,phases      ] GC(1018)   Pre Evacuate Collection Set: 0.27ms
[7152.192s][info][gc,phases      ] GC(1018)   Merge Heap Roots: 0.58ms
[7152.192s][info][gc,phases      ] GC(1018)   Evacuate Collection Set: 172.62ms
[7152.192s][info][gc,phases      ] GC(1018)   Post Evacuate Collection Set: 1.30ms
[7152.192s][info][gc,phases      ] GC(1018)   Other: 0.07ms
[7152.192s][info][gc,heap        ] GC(1018) Eden regions: 716->0(713)
[7152.192s][info][gc,heap        ] GC(1018) Survivor regions: 52->55(96)
[7152.192s][info][gc,heap        ] GC(1018) Old regions: 201->204
[7152.192s][info][gc,heap        ] GC(1018) Humongous regions: 32->32
[7152.192s][info][gc,metaspace   ] GC(1018) Metaspace: 29979K(30464K)->29979K(30464K) NonClass: 26581K(26816K)->26581K(26816K) Class: 3397K(3648K)->3397K(3648K)
[7152.192s][info][gc             ] GC(1018) Pause Young (Normal) (G1 Evacuation Pause) 7980M->2296M(10240M) 174.982ms
[7152.192s][info][gc,cpu         ] GC(1018) User=1.38s Sys=0.00s Real=0.17s
....[7155.902s][info][gc,start       ] GC(1019) Pause Young (Normal) (G1 Evacuation Pause)
[7155.902s][info][gc,task        ] GC(1019) Using 8 workers of 8 for evacuation
[7156.069s][info][gc,phases      ] GC(1019)   Pre Evacuate Collection Set: 0.28ms
[7156.070s][info][gc,phases      ] GC(1019)   Merge Heap Roots: 0.56ms
[7156.070s][info][gc,phases      ] GC(1019)   Evacuate Collection Set: 165.76ms
[7156.070s][info][gc,phases      ] GC(1019)   Post Evacuate Collection Set: 1.27ms
[7156.070s][info][gc,phases      ] GC(1019)   Other: 0.06ms
[7156.070s][info][gc,heap        ] GC(1019) Eden regions: 713->0(716)
[7156.070s][info][gc,heap        ] GC(1019) Survivor regions: 55->52(96)
[7156.070s][info][gc,heap        ] GC(1019) Old regions: 204->206
[7156.070s][info][gc,heap        ] GC(1019) Humongous regions: 32->32
[7156.070s][info][gc,metaspace   ] GC(1019) Metaspace: 29979K(30464K)->29979K(30464K) NonClass: 26581K(26816K)->26581K(26816K) Class: 3397K(3648K)->3397K(3648K)
[7156.070s][info][gc             ] GC(1019) Pause Young (Normal) (G1 Evacuation Pause) 8000M->2298M(10240M) 168.051ms
[7156.070s][info][gc,cpu         ] GC(1019) User=1.33s Sys=0.00s Real=0.17s
....[7159.777s][info][gc,start       ] GC(1020) Pause Young (Normal) (G1 Evacuation Pause)
[7159.777s][info][gc,task        ] GC(1020) Using 8 workers of 8 for evacuation
[7159.946s][info][gc,phases      ] GC(1020)   Pre Evacuate Collection Set: 0.27ms
[7159.946s][info][gc,phases      ] GC(1020)   Merge Heap Roots: 0.61ms
[7159.946s][info][gc,phases      ] GC(1020)   Evacuate Collection Set: 166.62ms
[7159.946s][info][gc,phases      ] GC(1020)   Post Evacuate Collection Set: 1.24ms
[7159.946s][info][gc,phases      ] GC(1020)   Other: 0.07ms
[7159.946s][info][gc,heap        ] GC(1020) Eden regions: 716->0(715)
[7159.946s][info][gc,heap        ] GC(1020) Survivor regions: 52->53(96)
[7159.946s][info][gc,heap        ] GC(1020) Old regions: 206->209
[7159.946s][info][gc,heap        ] GC(1020) Humongous regions: 32->32
[7159.946s][info][gc,metaspace   ] GC(1020) Metaspace: 29979K(30464K)->29979K(30464K) NonClass: 26581K(26816K)->26581K(26816K) Class: 3397K(3648K)->3397K(3648K)
[7159.946s][info][gc             ] GC(1020) Pause Young (Normal) (G1 Evacuation Pause) 8026M->2327M(10240M) 168.940ms
[7159.946s][info][gc,cpu         ] GC(1020) User=1.33s Sys=0.00s Real=0.17s
....[7163.600s][info][gc,start       ] GC(1021) Pause Young (Normal) (G1 Evacuation Pause)
[7163.600s][info][gc,task        ] GC(1021) Using 8 workers of 8 for evacuation
[7163.771s][info][gc,phases      ] GC(1021)   Pre Evacuate Collection Set: 0.29ms
[7163.771s][info][gc,phases      ] GC(1021)   Merge Heap Roots: 0.63ms
[7163.771s][info][gc,phases      ] GC(1021)   Evacuate Collection Set: 168.77ms
[7163.771s][info][gc,phases      ] GC(1021)   Post Evacuate Collection Set: 1.30ms
[7163.771s][info][gc,phases      ] GC(1021)   Other: 0.07ms
[7163.772s][info][gc,heap        ] GC(1021) Eden regions: 715->0(715)
[7163.772s][info][gc,heap        ] GC(1021) Survivor regions: 53->53(96)
[7163.772s][info][gc,heap        ] GC(1021) Old regions: 209->212
[7163.772s][info][gc,heap        ] GC(1021) Humongous regions: 32->32
[7163.772s][info][gc,metaspace   ] GC(1021) Metaspace: 29979K(30464K)->29979K(30464K) NonClass: 26581K(26816K)->26581K(26816K) Class: 3397K(3648K)->3397K(3648K)
[7163.772s][info][gc             ] GC(1021) Pause Young (Normal) (G1 Evacuation Pause) 8047M->2344M(10240M) 171.207ms
[7163.772s][info][gc,cpu         ] GC(1021) User=1.35s Sys=0.00s Real=0.17s
...[7167.408s][info][gc,start       ] GC(1022) Pause Young (Normal) (G1 Evacuation Pause)
[7167.408s][info][gc,task        ] GC(1022) Using 8 workers of 8 for evacuation
[7167.582s][info][gc,phases      ] GC(1022)   Pre Evacuate Collection Set: 0.27ms
[7167.583s][info][gc,phases      ] GC(1022)   Merge Heap Roots: 0.61ms
[7167.583s][info][gc,phases      ] GC(1022)   Evacuate Collection Set: 172.45ms
[7167.583s][info][gc,phases      ] GC(1022)   Post Evacuate Collection Set: 1.27ms
[7167.583s][info][gc,phases      ] GC(1022)   Other: 0.07ms
[7167.583s][info][gc,heap        ] GC(1022) Eden regions: 715->0(715)
[7167.583s][info][gc,heap        ] GC(1022) Survivor regions: 53->53(96)
[7167.583s][info][gc,heap        ] GC(1022) Old regions: 212->214
[7167.583s][info][gc,heap        ] GC(1022) Humongous regions: 32->32
[7167.583s][info][gc,metaspace   ] GC(1022) Metaspace: 29979K(30464K)->29979K(30464K) NonClass: 26581K(26816K)->26581K(26816K) Class: 3397K(3648K)->3397K(3648K)
[7167.583s][info][gc             ] GC(1022) Pause Young (Normal) (G1 Evacuation Pause) 8064M->2370M(10240M) 175.583ms
[7167.583s][info][gc,cpu         ] GC(1022) User=1.38s Sys=0.00s Real=0.17s
....[7171.200s][info][gc,start       ] GC(1023) Pause Young (Normal) (G1 Evacuation Pause)
[7171.200s][info][gc,task        ] GC(1023) Using 8 workers of 8 for evacuation
[7171.366s][info][gc,phases      ] GC(1023)   Pre Evacuate Collection Set: 0.26ms
[7171.366s][info][gc,phases      ] GC(1023)   Merge Heap Roots: 0.56ms
[7171.366s][info][gc,phases      ] GC(1023)   Evacuate Collection Set: 164.43ms
[7171.366s][info][gc,phases      ] GC(1023)   Post Evacuate Collection Set: 1.29ms
[7171.366s][info][gc,phases      ] GC(1023)   Other: 0.06ms
[7171.366s][info][gc,heap        ] GC(1023) Eden regions: 715->0(716)
[7171.366s][info][gc,heap        ] GC(1023) Survivor regions: 53->52(96)
[7171.366s][info][gc,heap        ] GC(1023) Old regions: 214->217
[7171.366s][info][gc,heap        ] GC(1023) Humongous regions: 32->32
[7171.366s][info][gc,metaspace   ] GC(1023) Metaspace: 29979K(30464K)->29979K(30464K) NonClass: 26581K(26816K)->26581K(26816K) Class: 3397K(3648K)->3397K(3648K)
[7171.366s][info][gc             ] GC(1023) Pause Young (Normal) (G1 Evacuation Pause) 8090M->2383M(10240M) 166.733ms
[7171.366s][info][gc,cpu         ] GC(1023) User=1.31s Sys=0.00s Real=0.17s
....[7175.085s][info][gc,start       ] GC(1024) Pause Young (Normal) (G1 Evacuation Pause)
[7175.085s][info][gc,task        ] GC(1024) Using 8 workers of 8 for evacuation
[7175.252s][info][gc,phases      ] GC(1024)   Pre Evacuate Collection Set: 0.28ms
[7175.252s][info][gc,phases      ] GC(1024)   Merge Heap Roots: 0.58ms
[7175.252s][info][gc,phases      ] GC(1024)   Evacuate Collection Set: 164.87ms
[7175.252s][info][gc,phases      ] GC(1024)   Post Evacuate Collection Set: 1.31ms
[7175.252s][info][gc,phases      ] GC(1024)   Other: 0.08ms
[7175.252s][info][gc,heap        ] GC(1024) Eden regions: 716->0(716)
[7175.252s][info][gc,heap        ] GC(1024) Survivor regions: 52->52(96)
[7175.252s][info][gc,heap        ] GC(1024) Old regions: 217->220
[7175.252s][info][gc,heap        ] GC(1024) Humongous regions: 32->32
[7175.252s][info][gc,metaspace   ] GC(1024) Metaspace: 29979K(30464K)->29979K(30464K) NonClass: 26581K(26816K)->26581K(26816K) Class: 3397K(3648K)->3397K(3648K)
[7175.252s][info][gc             ] GC(1024) Pause Young (Normal) (G1 Evacuation Pause) 8111M->2404M(10240M) 167.265ms
[7175.252s][info][gc,cpu         ] GC(1024) User=1.32s Sys=0.00s Real=0.17s
.... (rIR:aIR:PR = 12453:12473:12476) (tPR = 185477) [OK] 
  7178s: Performance info:
         Transaction,    Success,    Partial,     Failed,   Receipts, AvgBarcode, 
             Overall,     753631,          0,          0,     716083,      59.48, 
         Response times:
             Request,    Success,    Partial,     Failed,   SkipFail,     Probes,    Samples,      min,      p50,      p90,      p95,      p99,      max, 
       TotalPurchase,     715948,          0,          0,          0,     338688,     484862,      300,    52000,   159000,   205000,   295000,  3400000,
     InStorePurchase,     378167,          0,          0,          0,     177406,     254604,      300,    51000,   158000,   205000,   295000,  3400000,
      OnlinePurchase,     263999,          0,          0,          0,     124843,     178982,      300,    53000,   162000,   204000,   292000,  3400000,
        InstPurchase,      73782,          0,          0,          0,      36439,      51276,      500,    50000,   157000,   207000,   357000,  3000000,
          AssocOfCat,        751,          0,          0,          0,        592,        964,    37000,   105500,   205000,   253750,   346350,   870000,
      AssocOfProduct,       7504,          0,          0,          0,       3401,       5101,      800,    49000,   152000,   192000,   284980,  1300000,
      BusinessReport,       1880,          0,          0,          0,       1616,       2449,    38000,   128000,   243000,   281000,   346000,   630000,
          CustBuyBeh,       7568,          0,          0,          0,       3359,       5029,      700,    52000,   166000,   196000,   290000,  1800000,
       ProductReturn,      19823,          0,          0,          0,       9308,      13468,      300,    50000,   153000,   201000,   275310,  3400000,

  7178s: (91%)   IR =  12592 [7178.984s][info][gc,start       ] GC(1025) Pause Young (Normal) (G1 Evacuation Pause)
[7178.984s][info][gc,task        ] GC(1025) Using 8 workers of 8 for evacuation
[7179.157s][info][gc,phases      ] GC(1025)   Pre Evacuate Collection Set: 0.30ms
[7179.157s][info][gc,phases      ] GC(1025)   Merge Heap Roots: 0.62ms
[7179.157s][info][gc,phases      ] GC(1025)   Evacuate Collection Set: 170.67ms
[7179.157s][info][gc,phases      ] GC(1025)   Post Evacuate Collection Set: 1.32ms
[7179.157s][info][gc,phases      ] GC(1025)   Other: 0.07ms
[7179.157s][info][gc,heap        ] GC(1025) Eden regions: 716->0(715)
[7179.157s][info][gc,heap        ] GC(1025) Survivor regions: 52->53(96)
[7179.157s][info][gc,heap        ] GC(1025) Old regions: 220->222
[7179.157s][info][gc,heap        ] GC(1025) Humongous regions: 32->32
[7179.157s][info][gc,metaspace   ] GC(1025) Metaspace: 29979K(30464K)->29979K(30464K) NonClass: 26581K(26816K)->26581K(26816K) Class: 3397K(3648K)->3397K(3648K)
[7179.157s][info][gc             ] GC(1025) Pause Young (Normal) (G1 Evacuation Pause) 8132M->2433M(10240M) 173.118ms
[7179.157s][info][gc,cpu         ] GC(1025) User=1.36s Sys=0.00s Real=0.18s
...[7182.818s][info][gc,start       ] GC(1026) Pause Young (Normal) (G1 Evacuation Pause)
[7182.818s][info][gc,task        ] GC(1026) Using 8 workers of 8 for evacuation
[7182.988s][info][gc,phases      ] GC(1026)   Pre Evacuate Collection Set: 0.30ms
[7182.988s][info][gc,phases      ] GC(1026)   Merge Heap Roots: 0.61ms
[7182.988s][info][gc,phases      ] GC(1026)   Evacuate Collection Set: 167.28ms
[7182.988s][info][gc,phases      ] GC(1026)   Post Evacuate Collection Set: 1.31ms
[7182.988s][info][gc,phases      ] GC(1026)   Other: 0.83ms
[7182.988s][info][gc,heap        ] GC(1026) Eden regions: 715->0(714)
[7182.988s][info][gc,heap        ] GC(1026) Survivor regions: 53->54(96)
[7182.988s][info][gc,heap        ] GC(1026) Old regions: 222->225
[7182.988s][info][gc,heap        ] GC(1026) Humongous regions: 32->32
[7182.988s][info][gc,metaspace   ] GC(1026) Metaspace: 29979K(30464K)->29979K(30464K) NonClass: 26581K(26816K)->26581K(26816K) Class: 3397K(3648K)->3397K(3648K)
[7182.988s][info][gc             ] GC(1026) Pause Young (Normal) (G1 Evacuation Pause) 8153M->2459M(10240M) 170.461ms
[7182.988s][info][gc,cpu         ] GC(1026) User=1.33s Sys=0.00s Real=0.17s
....[7186.694s][info][gc,start       ] GC(1027) Pause Young (Normal) (G1 Evacuation Pause)
[7186.694s][info][gc,task        ] GC(1027) Using 8 workers of 8 for evacuation
[7186.861s][info][gc,phases      ] GC(1027)   Pre Evacuate Collection Set: 0.28ms
[7186.861s][info][gc,phases      ] GC(1027)   Merge Heap Roots: 0.55ms
[7186.861s][info][gc,phases      ] GC(1027)   Evacuate Collection Set: 165.40ms
[7186.861s][info][gc,phases      ] GC(1027)   Post Evacuate Collection Set: 1.27ms
[7186.861s][info][gc,phases      ] GC(1027)   Other: 0.06ms
[7186.861s][info][gc,heap        ] GC(1027) Eden regions: 714->0(715)
[7186.861s][info][gc,heap        ] GC(1027) Survivor regions: 54->53(96)
[7186.861s][info][gc,heap        ] GC(1027) Old regions: 225->228
[7186.861s][info][gc,heap        ] GC(1027) Humongous regions: 32->32
[7186.861s][info][gc,metaspace   ] GC(1027) Metaspace: 29979K(30464K)->29979K(30464K) NonClass: 26581K(26816K)->26581K(26816K) Class: 3397K(3648K)->3397K(3648K)
[7186.861s][info][gc             ] GC(1027) Pause Young (Normal) (G1 Evacuation Pause) 8171M->2473M(10240M) 167.695ms
[7186.861s][info][gc,cpu         ] GC(1027) User=1.32s Sys=0.00s Real=0.17s
....[7190.523s][info][gc,start       ] GC(1028) Pause Young (Normal) (G1 Evacuation Pause)
[7190.523s][info][gc,task        ] GC(1028) Using 8 workers of 8 for evacuation
[7190.693s][info][gc,phases      ] GC(1028)   Pre Evacuate Collection Set: 0.25ms
[7190.693s][info][gc,phases      ] GC(1028)   Merge Heap Roots: 0.54ms
[7190.693s][info][gc,phases      ] GC(1028)   Evacuate Collection Set: 167.68ms
[7190.693s][info][gc,phases      ] GC(1028)   Post Evacuate Collection Set: 1.27ms
[7190.693s][info][gc,phases      ] GC(1028)   Other: 0.07ms
[7190.693s][info][gc,heap        ] GC(1028) Eden regions: 715->0(715)
[7190.693s][info][gc,heap        ] GC(1028) Survivor regions: 53->53(96)
[7190.693s][info][gc,heap        ] GC(1028) Old regions: 228->230
[7190.693s][info][gc,heap        ] GC(1028) Humongous regions: 32->32
[7190.693s][info][gc,metaspace   ] GC(1028) Metaspace: 29979K(30464K)->29979K(30464K) NonClass: 26581K(26816K)->26581K(26816K) Class: 3397K(3648K)->3397K(3648K)
[7190.693s][info][gc             ] GC(1028) Pause Young (Normal) (G1 Evacuation Pause) 8193M->2499M(10240M) 169.929ms
[7190.693s][info][gc,cpu         ] GC(1028) User=1.34s Sys=0.00s Real=0.17s
....[7194.382s][info][gc,start       ] GC(1029) Pause Young (Normal) (G1 Evacuation Pause)
[7194.382s][info][gc,task        ] GC(1029) Using 8 workers of 8 for evacuation
[7194.549s][info][gc,phases      ] GC(1029)   Pre Evacuate Collection Set: 0.28ms
[7194.550s][info][gc,phases      ] GC(1029)   Merge Heap Roots: 0.54ms
[7194.550s][info][gc,phases      ] GC(1029)   Evacuate Collection Set: 165.57ms
[7194.550s][info][gc,phases      ] GC(1029)   Post Evacuate Collection Set: 1.25ms
[7194.550s][info][gc,phases      ] GC(1029)   Other: 0.06ms
[7194.550s][info][gc,heap        ] GC(1029) Eden regions: 715->0(715)
[7194.550s][info][gc,heap        ] GC(1029) Survivor regions: 53->53(96)
[7194.550s][info][gc,heap        ] GC(1029) Old regions: 230->233
[7194.550s][info][gc,heap        ] GC(1029) Humongous regions: 32->32
[7194.550s][info][gc,metaspace   ] GC(1029) Metaspace: 29979K(30464K)->29979K(30464K) NonClass: 26581K(26816K)->26581K(26816K) Class: 3397K(3648K)->3397K(3648K)
[7194.550s][info][gc             ] GC(1029) Pause Young (Normal) (G1 Evacuation Pause) 8219M->2516M(10240M) 167.840ms
[7194.550s][info][gc,cpu         ] GC(1029) User=1.32s Sys=0.00s Real=0.17s
....[7198.142s][info][gc,start       ] GC(1030) Pause Young (Normal) (G1 Evacuation Pause)
[7198.142s][info][gc,task        ] GC(1030) Using 8 workers of 8 for evacuation
[7198.309s][info][gc,phases      ] GC(1030)   Pre Evacuate Collection Set: 0.24ms
[7198.309s][info][gc,phases      ] GC(1030)   Merge Heap Roots: 0.55ms
[7198.309s][info][gc,phases      ] GC(1030)   Evacuate Collection Set: 164.60ms
[7198.309s][info][gc,phases      ] GC(1030)   Post Evacuate Collection Set: 1.33ms
[7198.309s][info][gc,phases      ] GC(1030)   Other: 0.07ms
[7198.309s][info][gc,heap        ] GC(1030) Eden regions: 715->0(716)
[7198.309s][info][gc,heap        ] GC(1030) Survivor regions: 53->52(96)
[7198.309s][info][gc,heap        ] GC(1030) Old regions: 233->236
[7198.309s][info][gc,heap        ] GC(1030) Humongous regions: 32->32
[7198.309s][info][gc,metaspace   ] GC(1030) Metaspace: 29979K(30464K)->29979K(30464K) NonClass: 26581K(26816K)->26581K(26816K) Class: 3397K(3648K)->3397K(3648K)
[7198.309s][info][gc             ] GC(1030) Pause Young (Normal) (G1 Evacuation Pause) 8236M->2533M(10240M) 166.938ms
[7198.309s][info][gc,cpu         ] GC(1030) User=1.31s Sys=0.00s Real=0.17s
.|..[7201.989s][info][gc,start       ] GC(1031) Pause Young (Normal) (G1 Evacuation Pause)
[7201.989s][info][gc,task        ] GC(1031) Using 8 workers of 8 for evacuation
[7202.154s][info][gc,phases      ] GC(1031)   Pre Evacuate Collection Set: 0.27ms
[7202.155s][info][gc,phases      ] GC(1031)   Merge Heap Roots: 0.57ms
[7202.155s][info][gc,phases      ] GC(1031)   Evacuate Collection Set: 163.44ms
[7202.155s][info][gc,phases      ] GC(1031)   Post Evacuate Collection Set: 1.25ms
[7202.155s][info][gc,phases      ] GC(1031)   Other: 0.07ms
[7202.155s][info][gc,heap        ] GC(1031) Eden regions: 716->0(716)
[7202.155s][info][gc,heap        ] GC(1031) Survivor regions: 52->52(96)
[7202.155s][info][gc,heap        ] GC(1031) Old regions: 236->238
[7202.155s][info][gc,heap        ] GC(1031) Humongous regions: 32->32
[7202.155s][info][gc,metaspace   ] GC(1031) Metaspace: 29979K(30464K)->29979K(30464K) NonClass: 26581K(26816K)->26581K(26816K) Class: 3397K(3648K)->3397K(3648K)
[7202.155s][info][gc             ] GC(1031) Pause Young (Normal) (G1 Evacuation Pause) 8261M->2555M(10240M) 165.744ms
[7202.155s][info][gc,cpu         ] GC(1031) User=1.31s Sys=0.00s Real=0.16s
....[7205.800s][info][gc,start       ] GC(1032) Pause Young (Normal) (G1 Evacuation Pause)
[7205.800s][info][gc,task        ] GC(1032) Using 8 workers of 8 for evacuation
[7205.966s][info][gc,phases      ] GC(1032)   Pre Evacuate Collection Set: 0.28ms
[7205.966s][info][gc,phases      ] GC(1032)   Merge Heap Roots: 0.54ms
[7205.966s][info][gc,phases      ] GC(1032)   Evacuate Collection Set: 164.05ms
[7205.966s][info][gc,phases      ] GC(1032)   Post Evacuate Collection Set: 1.27ms
[7205.966s][info][gc,phases      ] GC(1032)   Other: 0.06ms
[7205.966s][info][gc,heap        ] GC(1032) Eden regions: 716->0(715)
[7205.966s][info][gc,heap        ] GC(1032) Survivor regions: 52->53(96)
[7205.966s][info][gc,heap        ] GC(1032) Old regions: 238->241
[7205.966s][info][gc,heap        ] GC(1032) Humongous regions: 32->32
[7205.966s][info][gc,metaspace   ] GC(1032) Metaspace: 29979K(30464K)->29979K(30464K) NonClass: 26581K(26816K)->26581K(26816K) Class: 3397K(3648K)->3397K(3648K)
[7205.966s][info][gc             ] GC(1032) Pause Young (Normal) (G1 Evacuation Pause) 8283M->2579M(10240M) 166.346ms
[7205.967s][info][gc,cpu         ] GC(1032) User=1.31s Sys=0.00s Real=0.17s
....[7209.564s][info][gc,start       ] GC(1033) Pause Young (Normal) (G1 Evacuation Pause)
[7209.564s][info][gc,task        ] GC(1033) Using 8 workers of 8 for evacuation
[7209.740s][info][gc,phases      ] GC(1033)   Pre Evacuate Collection Set: 0.27ms
[7209.740s][info][gc,phases      ] GC(1033)   Merge Heap Roots: 0.58ms
[7209.740s][info][gc,phases      ] GC(1033)   Evacuate Collection Set: 173.74ms
[7209.740s][info][gc,phases      ] GC(1033)   Post Evacuate Collection Set: 1.28ms
[7209.740s][info][gc,phases      ] GC(1033)   Other: 0.07ms
[7209.740s][info][gc,heap        ] GC(1033) Eden regions: 715->0(714)
[7209.740s][info][gc,heap        ] GC(1033) Survivor regions: 53->54(96)
[7209.740s][info][gc,heap        ] GC(1033) Old regions: 241->244
[7209.740s][info][gc,heap        ] GC(1033) Humongous regions: 32->32
[7209.740s][info][gc,metaspace   ] GC(1033) Metaspace: 29979K(30464K)->29979K(30464K) NonClass: 26581K(26816K)->26581K(26816K) Class: 3397K(3648K)->3397K(3648K)
[7209.740s][info][gc             ] GC(1033) Pause Young (Normal) (G1 Evacuation Pause) 8299M->2612M(10240M) 176.085ms
[7209.740s][info][gc,cpu         ] GC(1033) User=1.38s Sys=0.00s Real=0.18s
....[7213.380s][info][gc,start       ] GC(1034) Pause Young (Normal) (G1 Evacuation Pause)
[7213.380s][info][gc,task        ] GC(1034) Using 8 workers of 8 for evacuation
[7213.546s][info][gc,phases      ] GC(1034)   Pre Evacuate Collection Set: 0.27ms
[7213.546s][info][gc,phases      ] GC(1034)   Merge Heap Roots: 0.56ms
[7213.546s][info][gc,phases      ] GC(1034)   Evacuate Collection Set: 163.97ms
[7213.546s][info][gc,phases      ] GC(1034)   Post Evacuate Collection Set: 1.30ms
[7213.546s][info][gc,phases      ] GC(1034)   Other: 0.06ms
[7213.546s][info][gc,heap        ] GC(1034) Eden regions: 714->0(715)
[7213.546s][info][gc,heap        ] GC(1034) Survivor regions: 54->53(96)
[7213.546s][info][gc,heap        ] GC(1034) Old regions: 244->246
[7213.546s][info][gc,heap        ] GC(1034) Humongous regions: 32->32
[7213.546s][info][gc,metaspace   ] GC(1034) Metaspace: 29979K(30464K)->29979K(30464K) NonClass: 26581K(26816K)->26581K(26816K) Class: 3397K(3648K)->3397K(3648K)
[7213.546s][info][gc             ] GC(1034) Pause Young (Normal) (G1 Evacuation Pause) 8324M->2621M(10240M) 166.317ms
[7213.547s][info][gc,cpu         ] GC(1034) User=1.31s Sys=0.00s Real=0.17s
....[7217.273s][info][gc,start       ] GC(1035) Pause Young (Normal) (G1 Evacuation Pause)
[7217.273s][info][gc,task        ] GC(1035) Using 8 workers of 8 for evacuation
[7217.440s][info][gc,phases      ] GC(1035)   Pre Evacuate Collection Set: 0.26ms
[7217.440s][info][gc,phases      ] GC(1035)   Merge Heap Roots: 0.58ms
[7217.440s][info][gc,phases      ] GC(1035)   Evacuate Collection Set: 164.62ms
[7217.440s][info][gc,phases      ] GC(1035)   Post Evacuate Collection Set: 1.26ms
[7217.440s][info][gc,phases      ] GC(1035)   Other: 0.06ms
[7217.440s][info][gc,heap        ] GC(1035) Eden regions: 715->0(716)
[7217.440s][info][gc,heap        ] GC(1035) Survivor regions: 53->52(96)
[7217.440s][info][gc,heap        ] GC(1035) Old regions: 246->249
[7217.440s][info][gc,heap        ] GC(1035) Humongous regions: 32->32
[7217.440s][info][gc,metaspace   ] GC(1035) Metaspace: 29979K(30464K)->29979K(30464K) NonClass: 26581K(26816K)->26581K(26816K) Class: 3397K(3648K)->3397K(3648K)
[7217.440s][info][gc             ] GC(1035) Pause Young (Normal) (G1 Evacuation Pause) 8341M->2635M(10240M) 166.927ms
[7217.440s][info][gc,cpu         ] GC(1035) User=1.31s Sys=0.00s Real=0.17s
...[7221.061s][info][gc,start       ] GC(1036) Pause Young (Normal) (G1 Evacuation Pause)
[7221.061s][info][gc,task        ] GC(1036) Using 8 workers of 8 for evacuation
[7221.238s][info][gc,phases      ] GC(1036)   Pre Evacuate Collection Set: 0.28ms
[7221.238s][info][gc,phases      ] GC(1036)   Merge Heap Roots: 0.55ms
[7221.238s][info][gc,phases      ] GC(1036)   Evacuate Collection Set: 174.53ms
[7221.238s][info][gc,phases      ] GC(1036)   Post Evacuate Collection Set: 1.33ms
[7221.238s][info][gc,phases      ] GC(1036)   Other: 0.07ms
[7221.238s][info][gc,heap        ] GC(1036) Eden regions: 716->0(712)
[7221.238s][info][gc,heap        ] GC(1036) Survivor regions: 52->56(96)
[7221.238s][info][gc,heap        ] GC(1036) Old regions: 249->252
[7221.238s][info][gc,heap        ] GC(1036) Humongous regions: 32->32
[7221.238s][info][gc,metaspace   ] GC(1036) Metaspace: 29979K(30464K)->29979K(30464K) NonClass: 26581K(26816K)->26581K(26816K) Class: 3397K(3648K)->3397K(3648K)
[7221.238s][info][gc             ] GC(1036) Pause Young (Normal) (G1 Evacuation Pause) 8363M->2692M(10240M) 176.908ms
[7221.238s][info][gc,cpu         ] GC(1036) User=1.39s Sys=0.00s Real=0.18s
....[7224.798s][info][gc,start       ] GC(1037) Pause Young (Normal) (G1 Evacuation Pause)
[7224.798s][info][gc,task        ] GC(1037) Using 8 workers of 8 for evacuation
[7224.967s][info][gc,phases      ] GC(1037)   Pre Evacuate Collection Set: 0.26ms
[7224.967s][info][gc,phases      ] GC(1037)   Merge Heap Roots: 0.57ms
[7224.967s][info][gc,phases      ] GC(1037)   Evacuate Collection Set: 167.14ms
[7224.967s][info][gc,phases      ] GC(1037)   Post Evacuate Collection Set: 1.19ms
[7224.967s][info][gc,phases      ] GC(1037)   Other: 0.06ms
[7224.967s][info][gc,heap        ] GC(1037) Eden regions: 712->0(720)
[7224.967s][info][gc,heap        ] GC(1037) Survivor regions: 56->48(96)
[7224.967s][info][gc,heap        ] GC(1037) Old regions: 252->260
[7224.967s][info][gc,heap        ] GC(1037) Humongous regions: 32->32
[7224.967s][info][gc,metaspace   ] GC(1037) Metaspace: 29979K(30464K)->29979K(30464K) NonClass: 26581K(26816K)->26581K(26816K) Class: 3397K(3648K)->3397K(3648K)
[7224.968s][info][gc             ] GC(1037) Pause Young (Normal) (G1 Evacuation Pause) 8388M->2688M(10240M) 169.366ms
[7224.968s][info][gc,cpu         ] GC(1037) User=1.33s Sys=0.00s Real=0.17s
....[7228.686s][info][gc,start       ] GC(1038) Pause Young (Normal) (G1 Evacuation Pause)
[7228.686s][info][gc,task        ] GC(1038) Using 8 workers of 8 for evacuation
[7228.846s][info][gc,phases      ] GC(1038)   Pre Evacuate Collection Set: 0.25ms
[7228.846s][info][gc,phases      ] GC(1038)   Merge Heap Roots: 0.55ms
[7228.846s][info][gc,phases      ] GC(1038)   Evacuate Collection Set: 158.55ms
[7228.846s][info][gc,phases      ] GC(1038)   Post Evacuate Collection Set: 1.22ms
[7228.846s][info][gc,phases      ] GC(1038)   Other: 0.06ms
[7228.846s][info][gc,heap        ] GC(1038) Eden regions: 720->0(715)
[7228.846s][info][gc,heap        ] GC(1038) Survivor regions: 48->53(96)
[7228.846s][info][gc,heap        ] GC(1038) Old regions: 260->260
[7228.846s][info][gc,heap        ] GC(1038) Humongous regions: 32->32
[7228.846s][info][gc,metaspace   ] GC(1038) Metaspace: 29979K(30464K)->29979K(30464K) NonClass: 26581K(26816K)->26581K(26816K) Class: 3397K(3648K)->3397K(3648K)
[7228.846s][info][gc             ] GC(1038) Pause Young (Normal) (G1 Evacuation Pause) 8448M->2728M(10240M) 160.770ms
[7228.846s][info][gc,cpu         ] GC(1038) User=1.27s Sys=0.00s Real=0.16s
....[7232.568s][info][gc,start       ] GC(1039) Pause Young (Normal) (G1 Evacuation Pause)
[7232.568s][info][gc,task        ] GC(1039) Using 8 workers of 8 for evacuation
[7232.735s][info][gc,phases      ] GC(1039)   Pre Evacuate Collection Set: 0.25ms
[7232.735s][info][gc,phases      ] GC(1039)   Merge Heap Roots: 0.55ms
[7232.735s][info][gc,phases      ] GC(1039)   Evacuate Collection Set: 165.08ms
[7232.735s][info][gc,phases      ] GC(1039)   Post Evacuate Collection Set: 1.28ms
[7232.735s][info][gc,phases      ] GC(1039)   Other: 0.06ms
[7232.735s][info][gc,heap        ] GC(1039) Eden regions: 715->0(716)
[7232.735s][info][gc,heap        ] GC(1039) Survivor regions: 53->52(96)
[7232.735s][info][gc,heap        ] GC(1039) Old regions: 260->262
[7232.735s][info][gc,heap        ] GC(1039) Humongous regions: 32->32
[7232.735s][info][gc,metaspace   ] GC(1039) Metaspace: 29979K(30464K)->29979K(30464K) NonClass: 26581K(26816K)->26581K(26816K) Class: 3397K(3648K)->3397K(3648K)
[7232.735s][info][gc             ] GC(1039) Pause Young (Normal) (G1 Evacuation Pause) 8448M->2746M(10240M) 167.361ms
[7232.735s][info][gc,cpu         ] GC(1039) User=1.32s Sys=0.00s Real=0.17s
....[7236.343s][info][gc,start       ] GC(1040) Pause Young (Normal) (G1 Evacuation Pause)
[7236.343s][info][gc,task        ] GC(1040) Using 8 workers of 8 for evacuation
[7236.509s][info][gc,phases      ] GC(1040)   Pre Evacuate Collection Set: 0.27ms
[7236.509s][info][gc,phases      ] GC(1040)   Merge Heap Roots: 0.59ms
[7236.509s][info][gc,phases      ] GC(1040)   Evacuate Collection Set: 163.64ms
[7236.509s][info][gc,phases      ] GC(1040)   Post Evacuate Collection Set: 1.24ms
[7236.509s][info][gc,phases      ] GC(1040)   Other: 0.07ms
[7236.509s][info][gc,heap        ] GC(1040) Eden regions: 716->0(716)
[7236.509s][info][gc,heap        ] GC(1040) Survivor regions: 52->52(96)
[7236.509s][info][gc,heap        ] GC(1040) Old regions: 262->265
[7236.509s][info][gc,heap        ] GC(1040) Humongous regions: 32->32
[7236.509s][info][gc,metaspace   ] GC(1040) Metaspace: 29979K(30464K)->29979K(30464K) NonClass: 26581K(26816K)->26581K(26816K) Class: 3397K(3648K)->3397K(3648K)
[7236.509s][info][gc             ] GC(1040) Pause Young (Normal) (G1 Evacuation Pause) 8474M->2763M(10240M) 165.946ms
[7236.509s][info][gc,cpu         ] GC(1040) User=1.30s Sys=0.00s Real=0.17s
...[7240.225s][info][gc,start       ] GC(1041) Pause Young (Normal) (G1 Evacuation Pause)
[7240.225s][info][gc,task        ] GC(1041) Using 8 workers of 8 for evacuation
[7240.396s][info][gc,phases      ] GC(1041)   Pre Evacuate Collection Set: 0.29ms
[7240.396s][info][gc,phases      ] GC(1041)   Merge Heap Roots: 0.60ms
[7240.396s][info][gc,phases      ] GC(1041)   Evacuate Collection Set: 168.51ms
[7240.396s][info][gc,phases      ] GC(1041)   Post Evacuate Collection Set: 1.26ms
[7240.396s][info][gc,phases      ] GC(1041)   Other: 0.06ms
[7240.396s][info][gc,heap        ] GC(1041) Eden regions: 716->0(715)
[7240.396s][info][gc,heap        ] GC(1041) Survivor regions: 52->53(96)
[7240.396s][info][gc,heap        ] GC(1041) Old regions: 265->268
[7240.396s][info][gc,heap        ] GC(1041) Humongous regions: 32->32
[7240.396s][info][gc,metaspace   ] GC(1041) Metaspace: 29979K(30464K)->29979K(30464K) NonClass: 26581K(26816K)->26581K(26816K) Class: 3397K(3648K)->3397K(3648K)
[7240.396s][info][gc             ] GC(1041) Pause Young (Normal) (G1 Evacuation Pause) 8491M->2796M(10240M) 170.872ms
[7240.396s][info][gc,cpu         ] GC(1041) User=1.34s Sys=0.00s Real=0.17s
....[7244.012s][info][gc,start       ] GC(1042) Pause Young (Normal) (G1 Evacuation Pause)
[7244.012s][info][gc,task        ] GC(1042) Using 8 workers of 8 for evacuation
[7244.180s][info][gc,phases      ] GC(1042)   Pre Evacuate Collection Set: 0.28ms
[7244.181s][info][gc,phases      ] GC(1042)   Merge Heap Roots: 0.66ms
[7244.181s][info][gc,phases      ] GC(1042)   Evacuate Collection Set: 166.56ms
[7244.181s][info][gc,phases      ] GC(1042)   Post Evacuate Collection Set: 1.26ms
[7244.181s][info][gc,phases      ] GC(1042)   Other: 0.06ms
[7244.181s][info][gc,heap        ] GC(1042) Eden regions: 715->0(715)
[7244.181s][info][gc,heap        ] GC(1042) Survivor regions: 53->53(96)
[7244.181s][info][gc,heap        ] GC(1042) Old regions: 268->270
[7244.181s][info][gc,heap        ] GC(1042) Humongous regions: 32->32
[7244.181s][info][gc,metaspace   ] GC(1042) Metaspace: 29979K(30464K)->29979K(30464K) NonClass: 26581K(26816K)->26581K(26816K) Class: 3397K(3648K)->3397K(3648K)
[7244.181s][info][gc             ] GC(1042) Pause Young (Normal) (G1 Evacuation Pause) 8516M->2812M(10240M) 168.961ms
[7244.181s][info][gc,cpu         ] GC(1042) User=1.32s Sys=0.00s Real=0.17s
....[7247.781s][info][gc,start       ] GC(1043) Pause Young (Normal) (G1 Evacuation Pause)
[7247.781s][info][gc,task        ] GC(1043) Using 8 workers of 8 for evacuation
[7247.956s][info][gc,phases      ] GC(1043)   Pre Evacuate Collection Set: 0.25ms
[7247.956s][info][gc,phases      ] GC(1043)   Merge Heap Roots: 0.57ms
[7247.956s][info][gc,phases      ] GC(1043)   Evacuate Collection Set: 173.45ms
[7247.956s][info][gc,phases      ] GC(1043)   Post Evacuate Collection Set: 1.27ms
[7247.956s][info][gc,phases      ] GC(1043)   Other: 0.06ms
[7247.956s][info][gc,heap        ] GC(1043) Eden regions: 715->0(714)
[7247.956s][info][gc,heap        ] GC(1043) Survivor regions: 53->54(96)
[7247.956s][info][gc,heap        ] GC(1043) Old regions: 270->273
[7247.956s][info][gc,heap        ] GC(1043) Humongous regions: 32->32
[7247.956s][info][gc,metaspace   ] GC(1043) Metaspace: 29979K(30464K)->29979K(30464K) NonClass: 26581K(26816K)->26581K(26816K) Class: 3397K(3648K)->3397K(3648K)
[7247.956s][info][gc             ] GC(1043) Pause Young (Normal) (G1 Evacuation Pause) 8532M->2846M(10240M) 175.731ms
[7247.956s][info][gc,cpu         ] GC(1043) User=1.38s Sys=0.00s Real=0.18s
....[7251.624s][info][gc,start       ] GC(1044) Pause Young (Concurrent Start) (G1 Evacuation Pause)
[7251.624s][info][gc,task        ] GC(1044) Using 8 workers of 8 for evacuation
[7251.795s][info][gc,phases      ] GC(1044)   Pre Evacuate Collection Set: 0.30ms
[7251.795s][info][gc,phases      ] GC(1044)   Merge Heap Roots: 0.54ms
[7251.795s][info][gc,phases      ] GC(1044)   Evacuate Collection Set: 169.14ms
[7251.795s][info][gc,phases      ] GC(1044)   Post Evacuate Collection Set: 1.26ms
[7251.795s][info][gc,phases      ] GC(1044)   Other: 0.10ms
[7251.795s][info][gc,heap        ] GC(1044) Eden regions: 714->0(715)
[7251.795s][info][gc,heap        ] GC(1044) Survivor regions: 54->53(96)
[7251.795s][info][gc,heap        ] GC(1044) Old regions: 273->275
[7251.795s][info][gc,heap        ] GC(1044) Humongous regions: 32->32
[7251.795s][info][gc,metaspace   ] GC(1044) Metaspace: 29979K(30464K)->29979K(30464K) NonClass: 26581K(26816K)->26581K(26816K) Class: 3397K(3648K)->3397K(3648K)
[7251.795s][info][gc             ] GC(1044) Pause Young (Concurrent Start) (G1 Evacuation Pause) 8558M->2859M(10240M) 171.460ms
[7251.795s][info][gc,cpu         ] GC(1044) User=1.35s Sys=0.00s Real=0.18s
[7251.795s][info][gc             ] GC(1045) Concurrent Mark Cycle
[7251.795s][info][gc,marking     ] GC(1045) Concurrent Scan Root Regions
[7252.181s][info][gc,marking     ] GC(1045) Concurrent Scan Root Regions 386.151ms
[7252.181s][info][gc,marking     ] GC(1045) Concurrent Mark
[7252.181s][info][gc,marking     ] GC(1045) Concurrent Mark From Roots
[7252.181s][info][gc,task        ] GC(1045) Using 2 workers of 2 for marking
..[7253.674s][info][gc,marking     ] GC(1045) Concurrent Mark From Roots 1492.811ms
[7253.674s][info][gc,marking     ] GC(1045) Concurrent Preclean
[7253.674s][info][gc,marking     ] GC(1045) Concurrent Preclean 0.165ms
[7253.675s][info][gc,start       ] GC(1045) Pause Remark
[7253.676s][info][gc             ] GC(1045) Pause Remark 4928M->4712M(10240M) 1.592ms
[7253.676s][info][gc,cpu         ] GC(1045) User=0.01s Sys=0.00s Real=0.01s
[7253.676s][info][gc,marking     ] GC(1045) Concurrent Mark 1494.858ms
[7253.676s][info][gc,marking     ] GC(1045) Concurrent Rebuild Remembered Sets and Scrub Regions
[7254.364s][info][gc,marking     ] GC(1045) Concurrent Rebuild Remembered Sets and Scrub Regions 687.422ms
[7254.364s][info][gc,start       ] GC(1045) Pause Cleanup
[7254.364s][info][gc             ] GC(1045) Pause Cleanup 5528M->5528M(10240M) 0.286ms
[7254.364s][info][gc,cpu         ] GC(1045) User=0.00s Sys=0.00s Real=0.00s
[7254.364s][info][gc,marking     ] GC(1045) Concurrent Clear Claimed Marks
[7254.364s][info][gc,marking     ] GC(1045) Concurrent Clear Claimed Marks 0.044ms
[7254.364s][info][gc,marking     ] GC(1045) Concurrent Cleanup for Next Mark
[7254.377s][info][gc,marking     ] GC(1045) Concurrent Cleanup for Next Mark 12.359ms
[7254.377s][info][gc             ] GC(1045) Concurrent Mark Cycle 2581.612ms
..[7256.179s][info][gc,start       ] GC(1046) Pause Young (Prepare Mixed) (G1 Evacuation Pause)
[7256.179s][info][gc,task        ] GC(1046) Using 8 workers of 8 for evacuation
[7256.351s][info][gc,phases      ] GC(1046)   Pre Evacuate Collection Set: 0.27ms
[7256.351s][info][gc,phases      ] GC(1046)   Merge Heap Roots: 0.81ms
[7256.351s][info][gc,phases      ] GC(1046)   Evacuate Collection Set: 169.62ms
[7256.351s][info][gc,phases      ] GC(1046)   Post Evacuate Collection Set: 1.34ms
[7256.351s][info][gc,phases      ] GC(1046)   Other: 0.07ms
[7256.351s][info][gc,heap        ] GC(1046) Eden regions: 715->0(710)
[7256.351s][info][gc,heap        ] GC(1046) Survivor regions: 53->54(96)
[7256.351s][info][gc,heap        ] GC(1046) Old regions: 248->251
[7256.351s][info][gc,heap        ] GC(1046) Humongous regions: 32->32
[7256.351s][info][gc,metaspace   ] GC(1046) Metaspace: 29979K(30464K)->29979K(30464K) NonClass: 26581K(26816K)->26581K(26816K) Class: 3397K(3648K)->3397K(3648K)
[7256.351s][info][gc             ] GC(1046) Pause Young (Prepare Mixed) (G1 Evacuation Pause) 8363M->2668M(10240M) 172.243ms
[7256.351s][info][gc,cpu         ] GC(1046) User=1.35s Sys=0.01s Real=0.17s
.... (rIR:aIR:PR = 12592:12647:12486) (tPR = 184184) [OK] 
  7259s: Performance info:
         Transaction,    Success,    Partial,     Failed,   Receipts, AvgBarcode, 
             Overall,     754288,          0,          0,     716531,      59.48, 
         Response times:
             Request,    Success,    Partial,     Failed,   SkipFail,     Probes,    Samples,      min,      p50,      p90,      p95,      p99,      max, 
       TotalPurchase,     725830,          0,          0,          0,     295916,     486813,      300,   129000,   309000,   385000,   496000,  9400000,
     InStorePurchase,     383594,          0,          0,          0,     153194,     255837,      300,   129000,   313000,   390000,   513000,  9400000,
      OnlinePurchase,     267025,          0,          0,          0,     109030,     178686,      400,   128000,   305000,   382000,   485000,  9400000,
        InstPurchase,      75211,          0,          0,          0,      33692,      52290,      800,   132000,   306000,   366000,   488090,  9400000,
          AssocOfCat,        761,          0,          0,          0,        616,       1064,    59000,   191000,   364000,   446500,   575300,  1200000,
      AssocOfProduct,       7666,          0,          0,          0,       3318,       5235,     1100,   124000,   291000,   359000,   484000,  3200000,
      BusinessReport,       1904,          0,          0,          0,       1546,       2473,    58000,   199000,   379000,   470300,   682600,  4100000,
          CustBuyBeh,       7557,          0,          0,          0,       3277,       5199,     1200,   129000,   295000,   351000,   484000,  1800000,
       ProductReturn,      20289,          0,          0,          0,       9180,      13744,      700,   127000,   298000,   368000,   500000,  8100000,

  7259s: (92%)   IR =  12730 [7259.874s][info][gc,start       ] GC(1047) Pause Young (Mixed) (G1 Evacuation Pause)
[7259.874s][info][gc,task        ] GC(1047) Using 8 workers of 8 for evacuation
[7260.047s][info][gc,phases      ] GC(1047)   Pre Evacuate Collection Set: 0.27ms
[7260.047s][info][gc,phases      ] GC(1047)   Merge Heap Roots: 0.64ms
[7260.047s][info][gc,phases      ] GC(1047)   Evacuate Collection Set: 170.44ms
[7260.047s][info][gc,phases      ] GC(1047)   Post Evacuate Collection Set: 1.42ms
[7260.047s][info][gc,phases      ] GC(1047)   Other: 0.07ms
[7260.047s][info][gc,heap        ] GC(1047) Eden regions: 713->0(714)
[7260.047s][info][gc,heap        ] GC(1047) Survivor regions: 54->54(96)
[7260.047s][info][gc,heap        ] GC(1047) Old regions: 251->238
[7260.047s][info][gc,heap        ] GC(1047) Humongous regions: 32->32
[7260.047s][info][gc,metaspace   ] GC(1047) Metaspace: 29979K(30464K)->29979K(30464K) NonClass: 26581K(26816K)->26581K(26816K) Class: 3397K(3648K)->3397K(3648K)
[7260.047s][info][gc             ] GC(1047) Pause Young (Mixed) (G1 Evacuation Pause) 8372M->2562M(10240M) 172.973ms
[7260.047s][info][gc,cpu         ] GC(1047) User=1.36s Sys=0.00s Real=0.18s
....[7263.699s][info][gc,start       ] GC(1048) Pause Young (Mixed) (G1 Evacuation Pause)
[7263.699s][info][gc,task        ] GC(1048) Using 8 workers of 8 for evacuation
[7263.891s][info][gc,phases      ] GC(1048)   Pre Evacuate Collection Set: 0.30ms
[7263.891s][info][gc,phases      ] GC(1048)   Merge Heap Roots: 0.70ms
[7263.891s][info][gc,phases      ] GC(1048)   Evacuate Collection Set: 188.24ms
[7263.891s][info][gc,phases      ] GC(1048)   Merge Optional Heap Roots: 0.06ms
[7263.891s][info][gc,phases      ] GC(1048)   Evacuate Optional Collection Set: 0.62ms
[7263.891s][info][gc,phases      ] GC(1048)   Post Evacuate Collection Set: 1.53ms
[7263.891s][info][gc,phases      ] GC(1048)   Other: 0.09ms
[7263.891s][info][gc,heap        ] GC(1048) Eden regions: 714->0(589)
[7263.891s][info][gc,heap        ] GC(1048) Survivor regions: 54->58(96)
[7263.891s][info][gc,heap        ] GC(1048) Old regions: 238->198
[7263.891s][info][gc,heap        ] GC(1048) Humongous regions: 32->32
[7263.891s][info][gc,metaspace   ] GC(1048) Metaspace: 29979K(30464K)->29979K(30464K) NonClass: 26581K(26816K)->26581K(26816K) Class: 3397K(3648K)->3397K(3648K)
[7263.891s][info][gc             ] GC(1048) Pause Young (Mixed) (G1 Evacuation Pause) 8274M->2277M(10240M) 191.681ms
[7263.891s][info][gc,cpu         ] GC(1048) User=1.51s Sys=0.00s Real=0.19s
...[7266.840s][info][gc,start       ] GC(1049) Pause Young (Mixed) (G1 Evacuation Pause)
[7266.840s][info][gc,task        ] GC(1049) Using 8 workers of 8 for evacuation
[7267.010s][info][gc,phases      ] GC(1049)   Pre Evacuate Collection Set: 0.25ms
[7267.010s][info][gc,phases      ] GC(1049)   Merge Heap Roots: 0.63ms
[7267.010s][info][gc,phases      ] GC(1049)   Evacuate Collection Set: 168.45ms
[7267.010s][info][gc,phases      ] GC(1049)   Post Evacuate Collection Set: 1.20ms
[7267.010s][info][gc,phases      ] GC(1049)   Other: 0.07ms
[7267.010s][info][gc,heap        ] GC(1049) Eden regions: 594->0(722)
[7267.010s][info][gc,heap        ] GC(1049) Survivor regions: 58->46(82)
[7267.010s][info][gc,heap        ] GC(1049) Old regions: 198->191
[7267.011s][info][gc,heap        ] GC(1049) Humongous regions: 32->32
[7267.011s][info][gc,metaspace   ] GC(1049) Metaspace: 29979K(30464K)->29979K(30464K) NonClass: 26581K(26816K)->26581K(26816K) Class: 3397K(3648K)->3397K(3648K)
[7267.011s][info][gc             ] GC(1049) Pause Young (Mixed) (G1 Evacuation Pause) 7029M->2131M(10240M) 170.753ms
[7267.011s][info][gc,cpu         ] GC(1049) User=1.34s Sys=0.00s Real=0.17s
....[7270.703s][info][gc,start       ] GC(1050) Pause Young (Mixed) (G1 Evacuation Pause)
[7270.703s][info][gc,task        ] GC(1050) Using 8 workers of 8 for evacuation
[7270.874s][info][gc,phases      ] GC(1050)   Pre Evacuate Collection Set: 0.28ms
[7270.874s][info][gc,phases      ] GC(1050)   Merge Heap Roots: 0.93ms
[7270.874s][info][gc,phases      ] GC(1050)   Evacuate Collection Set: 167.93ms
[7270.874s][info][gc,phases      ] GC(1050)   Post Evacuate Collection Set: 1.27ms
[7270.874s][info][gc,phases      ] GC(1050)   Other: 0.07ms
[7270.874s][info][gc,heap        ] GC(1050) Eden regions: 722->0(714)
[7270.874s][info][gc,heap        ] GC(1050) Survivor regions: 46->54(96)
[7270.874s][info][gc,heap        ] GC(1050) Old regions: 191->144
[7270.874s][info][gc,heap        ] GC(1050) Humongous regions: 32->32
[7270.874s][info][gc,metaspace   ] GC(1050) Metaspace: 29979K(30464K)->29979K(30464K) NonClass: 26581K(26816K)->26581K(26816K) Class: 3397K(3648K)->3397K(3648K)
[7270.874s][info][gc             ] GC(1050) Pause Young (Mixed) (G1 Evacuation Pause) 7907M->1814M(10240M) 170.631ms
[7270.874s][info][gc,cpu         ] GC(1050) User=1.35s Sys=0.00s Real=0.17s
...[7274.603s][info][gc,start       ] GC(1051) Pause Young (Normal) (G1 Evacuation Pause)
[7274.603s][info][gc,task        ] GC(1051) Using 8 workers of 8 for evacuation
[7274.769s][info][gc,phases      ] GC(1051)   Pre Evacuate Collection Set: 0.27ms
[7274.769s][info][gc,phases      ] GC(1051)   Merge Heap Roots: 0.56ms
[7274.769s][info][gc,phases      ] GC(1051)   Evacuate Collection Set: 164.03ms
[7274.769s][info][gc,phases      ] GC(1051)   Post Evacuate Collection Set: 1.23ms
[7274.769s][info][gc,phases      ] GC(1051)   Other: 0.07ms
[7274.769s][info][gc,heap        ] GC(1051) Eden regions: 714->0(716)
[7274.769s][info][gc,heap        ] GC(1051) Survivor regions: 54->52(96)
[7274.769s][info][gc,heap        ] GC(1051) Old regions: 144->147
[7274.769s][info][gc,heap        ] GC(1051) Humongous regions: 32->32
[7274.769s][info][gc,metaspace   ] GC(1051) Metaspace: 29979K(30464K)->29979K(30464K) NonClass: 26581K(26816K)->26581K(26816K) Class: 3397K(3648K)->3397K(3648K)
[7274.769s][info][gc             ] GC(1051) Pause Young (Normal) (G1 Evacuation Pause) 7526M->1823M(10240M) 166.287ms
[7274.769s][info][gc,cpu         ] GC(1051) User=1.31s Sys=0.00s Real=0.17s
....[7278.400s][info][gc,start       ] GC(1052) Pause Young (Normal) (G1 Evacuation Pause)
[7278.400s][info][gc,task        ] GC(1052) Using 8 workers of 8 for evacuation
[7278.567s][info][gc,phases      ] GC(1052)   Pre Evacuate Collection Set: 0.25ms
[7278.567s][info][gc,phases      ] GC(1052)   Merge Heap Roots: 0.56ms
[7278.567s][info][gc,phases      ] GC(1052)   Evacuate Collection Set: 164.60ms
[7278.567s][info][gc,phases      ] GC(1052)   Post Evacuate Collection Set: 1.21ms
[7278.567s][info][gc,phases      ] GC(1052)   Other: 0.06ms
[7278.567s][info][gc,heap        ] GC(1052) Eden regions: 716->0(716)
[7278.567s][info][gc,heap        ] GC(1052) Survivor regions: 52->52(96)
[7278.567s][info][gc,heap        ] GC(1052) Old regions: 147->150
[7278.567s][info][gc,heap        ] GC(1052) Humongous regions: 32->32
[7278.567s][info][gc,metaspace   ] GC(1052) Metaspace: 29979K(30464K)->29979K(30464K) NonClass: 26581K(26816K)->26581K(26816K) Class: 3397K(3648K)->3397K(3648K)
[7278.567s][info][gc             ] GC(1052) Pause Young (Normal) (G1 Evacuation Pause) 7551M->1843M(10240M) 166.822ms
[7278.567s][info][gc,cpu         ] GC(1052) User=1.32s Sys=0.01s Real=0.17s
....[7282.271s][info][gc,start       ] GC(1053) Pause Young (Normal) (G1 Evacuation Pause)
[7282.271s][info][gc,task        ] GC(1053) Using 8 workers of 8 for evacuation
[7282.438s][info][gc,phases      ] GC(1053)   Pre Evacuate Collection Set: 0.27ms
[7282.438s][info][gc,phases      ] GC(1053)   Merge Heap Roots: 0.56ms
[7282.438s][info][gc,phases      ] GC(1053)   Evacuate Collection Set: 164.12ms
[7282.438s][info][gc,phases      ] GC(1053)   Post Evacuate Collection Set: 1.24ms
[7282.438s][info][gc,phases      ] GC(1053)   Other: 0.07ms
[7282.438s][info][gc,heap        ] GC(1053) Eden regions: 716->0(716)
[7282.438s][info][gc,heap        ] GC(1053) Survivor regions: 52->52(96)
[7282.438s][info][gc,heap        ] GC(1053) Old regions: 150->153
[7282.438s][info][gc,heap        ] GC(1053) Humongous regions: 32->32
[7282.438s][info][gc,metaspace   ] GC(1053) Metaspace: 29979K(30464K)->29979K(30464K) NonClass: 26581K(26816K)->26581K(26816K) Class: 3397K(3648K)->3397K(3648K)
[7282.438s][info][gc             ] GC(1053) Pause Young (Normal) (G1 Evacuation Pause) 7571M->1867M(10240M) 166.421ms
[7282.438s][info][gc,cpu         ] GC(1053) User=1.31s Sys=0.00s Real=0.17s
....[7286.124s][info][gc,start       ] GC(1054) Pause Young (Normal) (G1 Evacuation Pause)
[7286.124s][info][gc,task        ] GC(1054) Using 8 workers of 8 for evacuation
[7286.299s][info][gc,phases      ] GC(1054)   Pre Evacuate Collection Set: 0.25ms
[7286.299s][info][gc,phases      ] GC(1054)   Merge Heap Roots: 0.55ms
[7286.299s][info][gc,phases      ] GC(1054)   Evacuate Collection Set: 172.50ms
[7286.299s][info][gc,phases      ] GC(1054)   Post Evacuate Collection Set: 1.27ms
[7286.299s][info][gc,phases      ] GC(1054)   Other: 0.06ms
[7286.299s][info][gc,heap        ] GC(1054) Eden regions: 716->0(714)
[7286.299s][info][gc,heap        ] GC(1054) Survivor regions: 52->54(96)
[7286.299s][info][gc,heap        ] GC(1054) Old regions: 153->155
[7286.299s][info][gc,heap        ] GC(1054) Humongous regions: 32->32
[7286.299s][info][gc,metaspace   ] GC(1054) Metaspace: 29979K(30464K)->29979K(30464K) NonClass: 26581K(26816K)->26581K(26816K) Class: 3397K(3648K)->3397K(3648K)
[7286.299s][info][gc             ] GC(1054) Pause Young (Normal) (G1 Evacuation Pause) 7595M->1903M(10240M) 174.752ms
[7286.299s][info][gc,cpu         ] GC(1054) User=1.37s Sys=0.00s Real=0.18s
.... (rIR:aIR:PR = 12730:12749:12451) (tPR = 182819) [PR is under limit] 
  7289s: Performance info:
         Transaction,    Success,    Partial,     Failed,   Receipts, AvgBarcode, 
             Overall,     250370,          0,          0,     237290,      59.47, 
         Response times:
             Request,    Success,    Partial,     Failed,   SkipFail,     Probes,    Samples,      min,      p50,      p90,      p95,      p99,      max, 
       TotalPurchase,     243008,          0,          0,          0,      85382,     181576,      500,   246000,   470000,   515000,  2100000, 12000000,
     InStorePurchase,     129093,          0,          0,          0,      44579,      95358,      500,   248000,   471000,   516000,  2300000,  8400000,
      OnlinePurchase,      88790,          0,          0,          0,      31196,      66898,      700,   245000,   471000,   516000,  2501000, 12000000,
        InstPurchase,      25125,          0,          0,          0,       9607,      19320,     1400,   239000,   466000,   507000,   610000,  4100000,
          AssocOfCat,        255,          0,          0,          0,        203,        374,    55000,   302500,   487000,   544250,   665000,   710000,
      AssocOfProduct,       2577,          0,          0,          0,       1158,       1995,     3600,   247000,   477000,   515200,   670400,  7300000,
      BusinessReport,        647,          0,          0,          0,        510,        954,    70000,   323000,   551000,   612500,   754500,  3300000,
          CustBuyBeh,       2663,          0,          0,          0,       1204,       2020,     3600,   253000,   475000,   520000,   687900,  4600000,
       ProductReturn,       7199,          0,          0,          0,       2816,       5261,     1700,   249000,   488000,   523000,   640000,  7300000,

  7289s: 
  7289s: Failed, 8 overall retries left, retrying 1 of 1
  7289s: (92%)   IR =  12730 [7289.982s][info][gc,start       ] GC(1055) Pause Young (Normal) (G1 Evacuation Pause)
[7289.982s][info][gc,task        ] GC(1055) Using 8 workers of 8 for evacuation
[7290.155s][info][gc,phases      ] GC(1055)   Pre Evacuate Collection Set: 0.26ms
[7290.155s][info][gc,phases      ] GC(1055)   Merge Heap Roots: 0.56ms
[7290.155s][info][gc,phases      ] GC(1055)   Evacuate Collection Set: 171.54ms
[7290.155s][info][gc,phases      ] GC(1055)   Post Evacuate Collection Set: 1.22ms
[7290.156s][info][gc,phases      ] GC(1055)   Other: 0.06ms
[7290.156s][info][gc,heap        ] GC(1055) Eden regions: 714->0(714)
[7290.156s][info][gc,heap        ] GC(1055) Survivor regions: 54->54(96)
[7290.156s][info][gc,heap        ] GC(1055) Old regions: 155->158
[7290.156s][info][gc,heap        ] GC(1055) Humongous regions: 32->32
[7290.156s][info][gc,metaspace   ] GC(1055) Metaspace: 29979K(30464K)->29979K(30464K) NonClass: 26581K(26816K)->26581K(26816K) Class: 3397K(3648K)->3397K(3648K)
[7290.156s][info][gc             ] GC(1055) Pause Young (Normal) (G1 Evacuation Pause) 7615M->1925M(10240M) 173.793ms
[7290.156s][info][gc,cpu         ] GC(1055) User=1.37s Sys=0.00s Real=0.18s
...[7293.722s][info][gc,start       ] GC(1056) Pause Young (Normal) (G1 Evacuation Pause)
[7293.722s][info][gc,task        ] GC(1056) Using 8 workers of 8 for evacuation
[7293.899s][info][gc,phases      ] GC(1056)   Pre Evacuate Collection Set: 0.26ms
[7293.900s][info][gc,phases      ] GC(1056)   Merge Heap Roots: 0.58ms
[7293.900s][info][gc,phases      ] GC(1056)   Evacuate Collection Set: 174.76ms
[7293.900s][info][gc,phases      ] GC(1056)   Post Evacuate Collection Set: 1.30ms
[7293.900s][info][gc,phases      ] GC(1056)   Other: 0.06ms
[7293.900s][info][gc,heap        ] GC(1056) Eden regions: 714->0(712)
[7293.900s][info][gc,heap        ] GC(1056) Survivor regions: 54->56(96)
[7293.900s][info][gc,heap        ] GC(1056) Old regions: 158->160
[7293.900s][info][gc,heap        ] GC(1056) Humongous regions: 32->32
[7293.900s][info][gc,metaspace   ] GC(1056) Metaspace: 29979K(30464K)->29979K(30464K) NonClass: 26581K(26816K)->26581K(26816K) Class: 3397K(3648K)->3397K(3648K)
[7293.900s][info][gc             ] GC(1056) Pause Young (Normal) (G1 Evacuation Pause) 7637M->1962M(10240M) 177.947ms
[7293.900s][info][gc,cpu         ] GC(1056) User=1.40s Sys=0.00s Real=0.18s
....[7297.506s][info][gc,start       ] GC(1057) Pause Young (Normal) (G1 Evacuation Pause)
[7297.506s][info][gc,task        ] GC(1057) Using 8 workers of 8 for evacuation
[7297.679s][info][gc,phases      ] GC(1057)   Pre Evacuate Collection Set: 0.27ms
[7297.679s][info][gc,phases      ] GC(1057)   Merge Heap Roots: 0.56ms
[7297.679s][info][gc,phases      ] GC(1057)   Evacuate Collection Set: 171.04ms
[7297.679s][info][gc,phases      ] GC(1057)   Post Evacuate Collection Set: 1.28ms
[7297.679s][info][gc,phases      ] GC(1057)   Other: 0.07ms
[7297.679s][info][gc,heap        ] GC(1057) Eden regions: 712->0(713)
[7297.679s][info][gc,heap        ] GC(1057) Survivor regions: 56->55(96)
[7297.679s][info][gc,heap        ] GC(1057) Old regions: 160->163
[7297.679s][info][gc,heap        ] GC(1057) Humongous regions: 32->32
[7297.679s][info][gc,metaspace   ] GC(1057) Metaspace: 29979K(30464K)->29979K(30464K) NonClass: 26581K(26816K)->26581K(26816K) Class: 3397K(3648K)->3397K(3648K)
[7297.679s][info][gc             ] GC(1057) Pause Young (Normal) (G1 Evacuation Pause) 7658M->1971M(10240M) 173.382ms
[7297.679s][info][gc,cpu         ] GC(1057) User=1.36s Sys=0.00s Real=0.17s
....[7301.384s][info][gc,start       ] GC(1058) Pause Young (Normal) (G1 Evacuation Pause)
[7301.384s][info][gc,task        ] GC(1058) Using 8 workers of 8 for evacuation
[7301.559s][info][gc,phases      ] GC(1058)   Pre Evacuate Collection Set: 0.27ms
[7301.559s][info][gc,phases      ] GC(1058)   Merge Heap Roots: 0.54ms
[7301.559s][info][gc,phases      ] GC(1058)   Evacuate Collection Set: 173.27ms
[7301.559s][info][gc,phases      ] GC(1058)   Post Evacuate Collection Set: 1.26ms
[7301.559s][info][gc,phases      ] GC(1058)   Other: 0.06ms
[7301.559s][info][gc,heap        ] GC(1058) Eden regions: 713->0(714)
[7301.559s][info][gc,heap        ] GC(1058) Survivor regions: 55->54(96)
[7301.559s][info][gc,heap        ] GC(1058) Old regions: 163->166
[7301.559s][info][gc,heap        ] GC(1058) Humongous regions: 32->32
[7301.559s][info][gc,metaspace   ] GC(1058) Metaspace: 29979K(30464K)->29979K(30464K) NonClass: 26581K(26816K)->26581K(26816K) Class: 3397K(3648K)->3397K(3648K)
[7301.559s][info][gc             ] GC(1058) Pause Young (Normal) (G1 Evacuation Pause) 7675M->1988M(10240M) 175.535ms
[7301.559s][info][gc,cpu         ] GC(1058) User=1.38s Sys=0.00s Real=0.18s
....[7305.312s][info][gc,start       ] GC(1059) Pause Young (Normal) (G1 Evacuation Pause)
[7305.312s][info][gc,task        ] GC(1059) Using 8 workers of 8 for evacuation
[7305.478s][info][gc,phases      ] GC(1059)   Pre Evacuate Collection Set: 0.27ms
[7305.478s][info][gc,phases      ] GC(1059)   Merge Heap Roots: 0.56ms
[7305.478s][info][gc,phases      ] GC(1059)   Evacuate Collection Set: 164.38ms
[7305.478s][info][gc,phases      ] GC(1059)   Post Evacuate Collection Set: 1.24ms
[7305.478s][info][gc,phases      ] GC(1059)   Other: 0.06ms
[7305.479s][info][gc,heap        ] GC(1059) Eden regions: 714->0(716)
[7305.479s][info][gc,heap        ] GC(1059) Survivor regions: 54->52(96)
[7305.479s][info][gc,heap        ] GC(1059) Old regions: 166->168
[7305.479s][info][gc,heap        ] GC(1059) Humongous regions: 32->32
[7305.479s][info][gc,metaspace   ] GC(1059) Metaspace: 29979K(30464K)->29979K(30464K) NonClass: 26581K(26816K)->26581K(26816K) Class: 3397K(3648K)->3397K(3648K)
[7305.479s][info][gc             ] GC(1059) Pause Young (Normal) (G1 Evacuation Pause) 7700M->1991M(10240M) 166.643ms
[7305.479s][info][gc,cpu         ] GC(1059) User=1.31s Sys=0.01s Real=0.17s
....[7309.112s][info][gc,start       ] GC(1060) Pause Young (Normal) (G1 Evacuation Pause)
[7309.112s][info][gc,task        ] GC(1060) Using 8 workers of 8 for evacuation
[7309.290s][info][gc,phases      ] GC(1060)   Pre Evacuate Collection Set: 0.26ms
[7309.290s][info][gc,phases      ] GC(1060)   Merge Heap Roots: 0.60ms
[7309.290s][info][gc,phases      ] GC(1060)   Evacuate Collection Set: 175.15ms
[7309.290s][info][gc,phases      ] GC(1060)   Post Evacuate Collection Set: 1.30ms
[7309.290s][info][gc,phases      ] GC(1060)   Other: 0.07ms
[7309.290s][info][gc,heap        ] GC(1060) Eden regions: 716->0(713)
[7309.290s][info][gc,heap        ] GC(1060) Survivor regions: 52->55(96)
[7309.290s][info][gc,heap        ] GC(1060) Old regions: 168->171
[7309.290s][info][gc,heap        ] GC(1060) Humongous regions: 32->32
[7309.290s][info][gc,metaspace   ] GC(1060) Metaspace: 29979K(30464K)->29979K(30464K) NonClass: 26581K(26816K)->26581K(26816K) Class: 3397K(3648K)->3397K(3648K)
[7309.290s][info][gc             ] GC(1060) Pause Young (Normal) (G1 Evacuation Pause) 7719M->2036M(10240M) 177.507ms
[7309.290s][info][gc,cpu         ] GC(1060) User=1.40s Sys=0.00s Real=0.18s
...[7312.839s][info][gc,start       ] GC(1061) Pause Young (Normal) (G1 Evacuation Pause)
[7312.839s][info][gc,task        ] GC(1061) Using 8 workers of 8 for evacuation
[7313.015s][info][gc,phases      ] GC(1061)   Pre Evacuate Collection Set: 0.27ms
[7313.015s][info][gc,phases      ] GC(1061)   Merge Heap Roots: 0.54ms
[7313.015s][info][gc,phases      ] GC(1061)   Evacuate Collection Set: 173.37ms
[7313.015s][info][gc,phases      ] GC(1061)   Post Evacuate Collection Set: 1.26ms
[7313.015s][info][gc,phases      ] GC(1061)   Other: 0.08ms
[7313.015s][info][gc,heap        ] GC(1061) Eden regions: 713->0(714)
[7313.015s][info][gc,heap        ] GC(1061) Survivor regions: 55->54(96)
[7313.015s][info][gc,heap        ] GC(1061) Old regions: 171->174
[7313.015s][info][gc,heap        ] GC(1061) Humongous regions: 32->32
[7313.015s][info][gc,metaspace   ] GC(1061) Metaspace: 29979K(30464K)->29979K(30464K) NonClass: 26581K(26816K)->26581K(26816K) Class: 3397K(3648K)->3397K(3648K)
[7313.015s][info][gc             ] GC(1061) Pause Young (Normal) (G1 Evacuation Pause) 7740M->2048M(10240M) 175.651ms
[7313.015s][info][gc,cpu         ] GC(1061) User=1.39s Sys=0.00s Real=0.18s
....[7316.557s][info][gc,start       ] GC(1062) Pause Young (Normal) (G1 Evacuation Pause)
[7316.557s][info][gc,task        ] GC(1062) Using 8 workers of 8 for evacuation
[7316.732s][info][gc,phases      ] GC(1062)   Pre Evacuate Collection Set: 0.27ms
[7316.732s][info][gc,phases      ] GC(1062)   Merge Heap Roots: 0.53ms
[7316.732s][info][gc,phases      ] GC(1062)   Evacuate Collection Set: 172.67ms
[7316.732s][info][gc,phases      ] GC(1062)   Post Evacuate Collection Set: 1.23ms
[7316.732s][info][gc,phases      ] GC(1062)   Other: 0.06ms
[7316.732s][info][gc,heap        ] GC(1062) Eden regions: 714->0(714)
[7316.732s][info][gc,heap        ] GC(1062) Survivor regions: 54->54(96)
[7316.732s][info][gc,heap        ] GC(1062) Old regions: 174->176
[7316.732s][info][gc,heap        ] GC(1062) Humongous regions: 32->32
[7316.732s][info][gc,metaspace   ] GC(1062) Metaspace: 29979K(30464K)->29979K(30464K) NonClass: 26581K(26816K)->26581K(26816K) Class: 3397K(3648K)->3397K(3648K)
[7316.732s][info][gc             ] GC(1062) Pause Young (Normal) (G1 Evacuation Pause) 7760M->2072M(10240M) 174.917ms
[7316.732s][info][gc,cpu         ] GC(1062) User=1.38s Sys=0.00s Real=0.17s
....[7320.503s][info][gc,start       ] GC(1063) Pause Young (Normal) (G1 Evacuation Pause)
[7320.503s][info][gc,task        ] GC(1063) Using 8 workers of 8 for evacuation
[7320.668s][info][gc,phases      ] GC(1063)   Pre Evacuate Collection Set: 0.28ms
[7320.668s][info][gc,phases      ] GC(1063)   Merge Heap Roots: 0.57ms
[7320.668s][info][gc,phases      ] GC(1063)   Evacuate Collection Set: 162.64ms
[7320.668s][info][gc,phases      ] GC(1063)   Post Evacuate Collection Set: 1.30ms
[7320.668s][info][gc,phases      ] GC(1063)   Other: 0.07ms
[7320.668s][info][gc,heap        ] GC(1063) Eden regions: 714->0(717)
[7320.668s][info][gc,heap        ] GC(1063) Survivor regions: 54->51(96)
[7320.668s][info][gc,heap        ] GC(1063) Old regions: 176->179
[7320.668s][info][gc,heap        ] GC(1063) Humongous regions: 32->32
[7320.668s][info][gc,metaspace   ] GC(1063) Metaspace: 29979K(30464K)->29979K(30464K) NonClass: 26581K(26816K)->26581K(26816K) Class: 3397K(3648K)->3397K(3648K)
[7320.668s][info][gc             ] GC(1063) Pause Young (Normal) (G1 Evacuation Pause) 7784M->2069M(10240M) 165.003ms
[7320.668s][info][gc,cpu         ] GC(1063) User=1.30s Sys=0.00s Real=0.17s
....[7324.038s][info][gc,start       ] GC(1064) Pause Young (Normal) (G1 Evacuation Pause)
[7324.038s][info][gc,task        ] GC(1064) Using 8 workers of 8 for evacuation
[7324.209s][info][gc,phases      ] GC(1064)   Pre Evacuate Collection Set: 0.26ms
[7324.209s][info][gc,phases      ] GC(1064)   Merge Heap Roots: 0.56ms
[7324.209s][info][gc,phases      ] GC(1064)   Evacuate Collection Set: 168.41ms
[7324.209s][info][gc,phases      ] GC(1064)   Post Evacuate Collection Set: 1.25ms
[7324.209s][info][gc,phases      ] GC(1064)   Other: 0.08ms
[7324.209s][info][gc,heap        ] GC(1064) Eden regions: 717->0(714)
[7324.209s][info][gc,heap        ] GC(1064) Survivor regions: 51->54(96)
[7324.209s][info][gc,heap        ] GC(1064) Old regions: 179->181
[7324.209s][info][gc,heap        ] GC(1064) Humongous regions: 32->32
[7324.209s][info][gc,metaspace   ] GC(1064) Metaspace: 29979K(30464K)->29979K(30464K) NonClass: 26581K(26816K)->26581K(26816K) Class: 3397K(3648K)->3397K(3648K)
[7324.209s][info][gc             ] GC(1064) Pause Young (Normal) (G1 Evacuation Pause) 7805M->2111M(10240M) 170.679ms
[7324.209s][info][gc,cpu         ] GC(1064) User=1.35s Sys=0.00s Real=0.17s
...[7327.901s][info][gc,start       ] GC(1065) Pause Young (Normal) (G1 Evacuation Pause)
[7327.901s][info][gc,task        ] GC(1065) Using 8 workers of 8 for evacuation
[7328.078s][info][gc,phases      ] GC(1065)   Pre Evacuate Collection Set: 0.25ms
[7328.078s][info][gc,phases      ] GC(1065)   Merge Heap Roots: 0.55ms
[7328.078s][info][gc,phases      ] GC(1065)   Evacuate Collection Set: 174.06ms
[7328.078s][info][gc,phases      ] GC(1065)   Post Evacuate Collection Set: 1.28ms
[7328.078s][info][gc,phases      ] GC(1065)   Other: 0.07ms
[7328.078s][info][gc,heap        ] GC(1065) Eden regions: 714->0(713)
[7328.078s][info][gc,heap        ] GC(1065) Survivor regions: 54->55(96)
[7328.078s][info][gc,heap        ] GC(1065) Old regions: 181->184
[7328.078s][info][gc,heap        ] GC(1065) Humongous regions: 32->32
[7328.078s][info][gc,metaspace   ] GC(1065) Metaspace: 29979K(30464K)->29979K(30464K) NonClass: 26581K(26816K)->26581K(26816K) Class: 3397K(3648K)->3397K(3648K)
[7328.078s][info][gc             ] GC(1065) Pause Young (Normal) (G1 Evacuation Pause) 7823M->2144M(10240M) 176.371ms
[7328.078s][info][gc,cpu         ] GC(1065) User=1.39s Sys=0.00s Real=0.18s
....[7331.767s][info][gc,start       ] GC(1066) Pause Young (Normal) (G1 Evacuation Pause)
[7331.767s][info][gc,task        ] GC(1066) Using 8 workers of 8 for evacuation
[7331.943s][info][gc,phases      ] GC(1066)   Pre Evacuate Collection Set: 0.27ms
[7331.943s][info][gc,phases      ] GC(1066)   Merge Heap Roots: 0.55ms
[7331.943s][info][gc,phases      ] GC(1066)   Evacuate Collection Set: 173.56ms
[7331.943s][info][gc,phases      ] GC(1066)   Post Evacuate Collection Set: 1.25ms
[7331.943s][info][gc,phases      ] GC(1066)   Other: 0.06ms
[7331.943s][info][gc,heap        ] GC(1066) Eden regions: 713->0(719)
[7331.943s][info][gc,heap        ] GC(1066) Survivor regions: 55->49(96)
[7331.943s][info][gc,heap        ] GC(1066) Old regions: 184->193
[7331.943s][info][gc,heap        ] GC(1066) Humongous regions: 32->32
[7331.943s][info][gc,metaspace   ] GC(1066) Metaspace: 29979K(30464K)->29979K(30464K) NonClass: 26581K(26816K)->26581K(26816K) Class: 3397K(3648K)->3397K(3648K)
[7331.943s][info][gc             ] GC(1066) Pause Young (Normal) (G1 Evacuation Pause) 7848M->2166M(10240M) 175.832ms
[7331.943s][info][gc,cpu         ] GC(1066) User=1.39s Sys=0.00s Real=0.17s
....|[7335.522s][info][gc,start       ] GC(1067) Pause Young (Normal) (G1 Evacuation Pause)
[7335.522s][info][gc,task        ] GC(1067) Using 8 workers of 8 for evacuation
[7335.682s][info][gc,phases      ] GC(1067)   Pre Evacuate Collection Set: 0.25ms
[7335.682s][info][gc,phases      ] GC(1067)   Merge Heap Roots: 0.54ms
[7335.682s][info][gc,phases      ] GC(1067)   Evacuate Collection Set: 157.88ms
[7335.682s][info][gc,phases      ] GC(1067)   Post Evacuate Collection Set: 1.27ms
[7335.682s][info][gc,phases      ] GC(1067)   Other: 0.06ms
[7335.682s][info][gc,heap        ] GC(1067) Eden regions: 719->0(716)
[7335.682s][info][gc,heap        ] GC(1067) Survivor regions: 49->52(96)
[7335.682s][info][gc,heap        ] GC(1067) Old regions: 193->193
[7335.682s][info][gc,heap        ] GC(1067) Humongous regions: 32->32
[7335.682s][info][gc,metaspace   ] GC(1067) Metaspace: 29979K(30464K)->29979K(30464K) NonClass: 26581K(26816K)->26581K(26816K) Class: 3397K(3648K)->3397K(3648K)
[7335.682s][info][gc             ] GC(1067) Pause Young (Normal) (G1 Evacuation Pause) 7918M->2190M(10240M) 160.133ms
[7335.682s][info][gc,cpu         ] GC(1067) User=1.26s Sys=0.00s Real=0.16s
....[7339.375s][info][gc,start       ] GC(1068) Pause Young (Normal) (G1 Evacuation Pause)
[7339.375s][info][gc,task        ] GC(1068) Using 8 workers of 8 for evacuation
[7339.543s][info][gc,phases      ] GC(1068)   Pre Evacuate Collection Set: 0.30ms
[7339.543s][info][gc,phases      ] GC(1068)   Merge Heap Roots: 0.57ms
[7339.543s][info][gc,phases      ] GC(1068)   Evacuate Collection Set: 165.25ms
[7339.543s][info][gc,phases      ] GC(1068)   Post Evacuate Collection Set: 1.26ms
[7339.543s][info][gc,phases      ] GC(1068)   Other: 0.08ms
[7339.543s][info][gc,heap        ] GC(1068) Eden regions: 716->0(715)
[7339.543s][info][gc,heap        ] GC(1068) Survivor regions: 52->53(96)
[7339.543s][info][gc,heap        ] GC(1068) Old regions: 193->195
[7339.543s][info][gc,heap        ] GC(1068) Humongous regions: 32->32
[7339.543s][info][gc,metaspace   ] GC(1068) Metaspace: 29979K(30464K)->29979K(30464K) NonClass: 26581K(26816K)->26581K(26816K) Class: 3397K(3648K)->3397K(3648K)
[7339.543s][info][gc             ] GC(1068) Pause Young (Normal) (G1 Evacuation Pause) 7918M->2215M(10240M) 167.596ms
[7339.543s][info][gc,cpu         ] GC(1068) User=1.31s Sys=0.01s Real=0.16s
...[7343.056s][info][gc,start       ] GC(1069) Pause Young (Normal) (G1 Evacuation Pause)
[7343.056s][info][gc,task        ] GC(1069) Using 8 workers of 8 for evacuation
[7343.223s][info][gc,phases      ] GC(1069)   Pre Evacuate Collection Set: 0.26ms
[7343.223s][info][gc,phases      ] GC(1069)   Merge Heap Roots: 0.55ms
[7343.223s][info][gc,phases      ] GC(1069)   Evacuate Collection Set: 164.92ms
[7343.223s][info][gc,phases      ] GC(1069)   Post Evacuate Collection Set: 1.24ms
[7343.223s][info][gc,phases      ] GC(1069)   Other: 0.07ms
[7343.223s][info][gc,heap        ] GC(1069) Eden regions: 715->0(715)
[7343.223s][info][gc,heap        ] GC(1069) Survivor regions: 53->53(96)
[7343.223s][info][gc,heap        ] GC(1069) Old regions: 195->198
[7343.223s][info][gc,heap        ] GC(1069) Humongous regions: 32->32
[7343.223s][info][gc,metaspace   ] GC(1069) Metaspace: 29979K(30464K)->29979K(30464K) NonClass: 26581K(26816K)->26581K(26816K) Class: 3397K(3648K)->3397K(3648K)
[7343.223s][info][gc             ] GC(1069) Pause Young (Normal) (G1 Evacuation Pause) 7935M->2239M(10240M) 167.174ms
[7343.223s][info][gc,cpu         ] GC(1069) User=1.31s Sys=0.00s Real=0.16s
....[7346.933s][info][gc,start       ] GC(1070) Pause Young (Normal) (G1 Evacuation Pause)
[7346.933s][info][gc,task        ] GC(1070) Using 8 workers of 8 for evacuation
[7347.108s][info][gc,phases      ] GC(1070)   Pre Evacuate Collection Set: 0.27ms
[7347.108s][info][gc,phases      ] GC(1070)   Merge Heap Roots: 0.53ms
[7347.108s][info][gc,phases      ] GC(1070)   Evacuate Collection Set: 172.85ms
[7347.108s][info][gc,phases      ] GC(1070)   Post Evacuate Collection Set: 1.26ms
[7347.108s][info][gc,phases      ] GC(1070)   Other: 0.07ms
[7347.108s][info][gc,heap        ] GC(1070) Eden regions: 715->0(713)
[7347.108s][info][gc,heap        ] GC(1070) Survivor regions: 53->55(96)
[7347.108s][info][gc,heap        ] GC(1070) Old regions: 198->201
[7347.108s][info][gc,heap        ] GC(1070) Humongous regions: 32->32
[7347.108s][info][gc,metaspace   ] GC(1070) Metaspace: 29979K(30464K)->29979K(30464K) NonClass: 26581K(26816K)->26581K(26816K) Class: 3397K(3648K)->3397K(3648K)
[7347.108s][info][gc             ] GC(1070) Pause Young (Normal) (G1 Evacuation Pause) 7959M->2273M(10240M) 175.090ms
[7347.108s][info][gc,cpu         ] GC(1070) User=1.38s Sys=0.00s Real=0.18s
....[7350.834s][info][gc,start       ] GC(1071) Pause Young (Normal) (G1 Evacuation Pause)
[7350.834s][info][gc,task        ] GC(1071) Using 8 workers of 8 for evacuation
[7351.005s][info][gc,phases      ] GC(1071)   Pre Evacuate Collection Set: 0.26ms
[7351.006s][info][gc,phases      ] GC(1071)   Merge Heap Roots: 0.56ms
[7351.006s][info][gc,phases      ] GC(1071)   Evacuate Collection Set: 169.10ms
[7351.006s][info][gc,phases      ] GC(1071)   Post Evacuate Collection Set: 1.26ms
[7351.006s][info][gc,phases      ] GC(1071)   Other: 0.07ms
[7351.006s][info][gc,heap        ] GC(1071) Eden regions: 713->0(715)
[7351.006s][info][gc,heap        ] GC(1071) Survivor regions: 55->53(96)
[7351.006s][info][gc,heap        ] GC(1071) Old regions: 201->203
[7351.006s][info][gc,heap        ] GC(1071) Humongous regions: 32->32
[7351.006s][info][gc,metaspace   ] GC(1071) Metaspace: 29979K(30464K)->29979K(30464K) NonClass: 26581K(26816K)->26581K(26816K) Class: 3397K(3648K)->3397K(3648K)
[7351.006s][info][gc             ] GC(1071) Pause Young (Normal) (G1 Evacuation Pause) 7977M->2283M(10240M) 171.391ms
[7351.006s][info][gc,cpu         ] GC(1071) User=1.35s Sys=0.00s Real=0.18s
....[7354.524s][info][gc,start       ] GC(1072) Pause Young (Normal) (G1 Evacuation Pause)
[7354.524s][info][gc,task        ] GC(1072) Using 8 workers of 8 for evacuation
[7354.702s][info][gc,phases      ] GC(1072)   Pre Evacuate Collection Set: 0.26ms
[7354.702s][info][gc,phases      ] GC(1072)   Merge Heap Roots: 0.56ms
[7354.702s][info][gc,phases      ] GC(1072)   Evacuate Collection Set: 175.72ms
[7354.702s][info][gc,phases      ] GC(1072)   Post Evacuate Collection Set: 1.32ms
[7354.702s][info][gc,phases      ] GC(1072)   Other: 0.06ms
[7354.702s][info][gc,heap        ] GC(1072) Eden regions: 715->0(713)
[7354.702s][info][gc,heap        ] GC(1072) Survivor regions: 53->55(96)
[7354.702s][info][gc,heap        ] GC(1072) Old regions: 203->206
[7354.702s][info][gc,heap        ] GC(1072) Humongous regions: 32->32
[7354.702s][info][gc,metaspace   ] GC(1072) Metaspace: 29979K(30464K)->29979K(30464K) NonClass: 26581K(26816K)->26581K(26816K) Class: 3397K(3648K)->3397K(3648K)
[7354.702s][info][gc             ] GC(1072) Pause Young (Normal) (G1 Evacuation Pause) 8003M->2320M(10240M) 178.069ms
[7354.702s][info][gc,cpu         ] GC(1072) User=1.40s Sys=0.00s Real=0.18s
....[7358.255s][info][gc,start       ] GC(1073) Pause Young (Normal) (G1 Evacuation Pause)
[7358.255s][info][gc,task        ] GC(1073) Using 8 workers of 8 for evacuation
[7358.426s][info][gc,phases      ] GC(1073)   Pre Evacuate Collection Set: 0.27ms
[7358.426s][info][gc,phases      ] GC(1073)   Merge Heap Roots: 0.58ms
[7358.426s][info][gc,phases      ] GC(1073)   Evacuate Collection Set: 168.21ms
[7358.426s][info][gc,phases      ] GC(1073)   Post Evacuate Collection Set: 1.23ms
[7358.426s][info][gc,phases      ] GC(1073)   Other: 0.06ms
[7358.426s][info][gc,heap        ] GC(1073) Eden regions: 713->0(720)
[7358.426s][info][gc,heap        ] GC(1073) Survivor regions: 55->48(96)
[7358.426s][info][gc,heap        ] GC(1073) Old regions: 206->214
[7358.426s][info][gc,heap        ] GC(1073) Humongous regions: 32->32
[7358.426s][info][gc,metaspace   ] GC(1073) Metaspace: 29979K(30464K)->29979K(30464K) NonClass: 26581K(26816K)->26581K(26816K) Class: 3397K(3648K)->3397K(3648K)
[7358.426s][info][gc             ] GC(1073) Pause Young (Normal) (G1 Evacuation Pause) 8024M->2330M(10240M) 170.481ms
[7358.426s][info][gc,cpu         ] GC(1073) User=1.34s Sys=0.00s Real=0.17s
....[7362.270s][info][gc,start       ] GC(1074) Pause Young (Normal) (G1 Evacuation Pause)
[7362.270s][info][gc,task        ] GC(1074) Using 8 workers of 8 for evacuation
[7362.431s][info][gc,phases      ] GC(1074)   Pre Evacuate Collection Set: 0.28ms
[7362.431s][info][gc,phases      ] GC(1074)   Merge Heap Roots: 0.57ms
[7362.431s][info][gc,phases      ] GC(1074)   Evacuate Collection Set: 159.43ms
[7362.431s][info][gc,phases      ] GC(1074)   Post Evacuate Collection Set: 1.30ms
[7362.431s][info][gc,phases      ] GC(1074)   Other: 0.06ms
[7362.431s][info][gc,heap        ] GC(1074) Eden regions: 720->0(717)
[7362.431s][info][gc,heap        ] GC(1074) Survivor regions: 48->51(96)
[7362.431s][info][gc,heap        ] GC(1074) Old regions: 214->214
[7362.431s][info][gc,heap        ] GC(1074) Humongous regions: 32->32
[7362.431s][info][gc,metaspace   ] GC(1074) Metaspace: 29979K(30464K)->29979K(30464K) NonClass: 26581K(26816K)->26581K(26816K) Class: 3397K(3648K)->3397K(3648K)
[7362.431s][info][gc             ] GC(1074) Pause Young (Normal) (G1 Evacuation Pause) 8090M->2354M(10240M) 161.780ms
[7362.432s][info][gc,cpu         ] GC(1074) User=1.27s Sys=0.00s Real=0.16s
...[7366.109s][info][gc,start       ] GC(1075) Pause Young (Normal) (G1 Evacuation Pause)
[7366.109s][info][gc,task        ] GC(1075) Using 8 workers of 8 for evacuation
[7366.285s][info][gc,phases      ] GC(1075)   Pre Evacuate Collection Set: 0.26ms
[7366.285s][info][gc,phases      ] GC(1075)   Merge Heap Roots: 0.59ms
[7366.285s][info][gc,phases      ] GC(1075)   Evacuate Collection Set: 173.82ms
[7366.285s][info][gc,phases      ] GC(1075)   Post Evacuate Collection Set: 1.26ms
[7366.285s][info][gc,phases      ] GC(1075)   Other: 0.06ms
[7366.285s][info][gc,heap        ] GC(1075) Eden regions: 717->0(714)
[7366.285s][info][gc,heap        ] GC(1075) Survivor regions: 51->54(96)
[7366.285s][info][gc,heap        ] GC(1075) Old regions: 214->217
[7366.285s][info][gc,heap        ] GC(1075) Humongous regions: 32->32
[7366.285s][info][gc,metaspace   ] GC(1075) Metaspace: 29979K(30464K)->29979K(30464K) NonClass: 26581K(26816K)->26581K(26816K) Class: 3397K(3648K)->3397K(3648K)
[7366.285s][info][gc             ] GC(1075) Pause Young (Normal) (G1 Evacuation Pause) 8090M->2400M(10240M) 176.131ms
[7366.285s][info][gc,cpu         ] GC(1075) User=1.38s Sys=0.00s Real=0.18s
....[7369.919s][info][gc,start       ] GC(1076) Pause Young (Normal) (G1 Evacuation Pause)
[7369.919s][info][gc,task        ] GC(1076) Using 8 workers of 8 for evacuation
[7370.090s][info][gc,phases      ] GC(1076)   Pre Evacuate Collection Set: 0.26ms
[7370.090s][info][gc,phases      ] GC(1076)   Merge Heap Roots: 0.55ms
[7370.090s][info][gc,phases      ] GC(1076)   Evacuate Collection Set: 168.96ms
[7370.090s][info][gc,phases      ] GC(1076)   Post Evacuate Collection Set: 1.26ms
[7370.090s][info][gc,phases      ] GC(1076)   Other: 0.06ms
[7370.090s][info][gc,heap        ] GC(1076) Eden regions: 714->0(714)
[7370.090s][info][gc,heap        ] GC(1076) Survivor regions: 54->54(96)
[7370.090s][info][gc,heap        ] GC(1076) Old regions: 217->220
[7370.090s][info][gc,heap        ] GC(1076) Humongous regions: 32->32
[7370.090s][info][gc,metaspace   ] GC(1076) Metaspace: 29979K(30464K)->29979K(30464K) NonClass: 26581K(26816K)->26581K(26816K) Class: 3397K(3648K)->3397K(3648K)
[7370.090s][info][gc             ] GC(1076) Pause Young (Normal) (G1 Evacuation Pause) 8112M->2418M(10240M) 171.237ms
[7370.090s][info][gc,cpu         ] GC(1076) User=1.35s Sys=0.01s Real=0.17s
....[7373.572s][info][gc,start       ] GC(1077) Pause Young (Normal) (G1 Evacuation Pause)
[7373.572s][info][gc,task        ] GC(1077) Using 8 workers of 8 for evacuation
[7373.739s][info][gc,phases      ] GC(1077)   Pre Evacuate Collection Set: 0.27ms
[7373.739s][info][gc,phases      ] GC(1077)   Merge Heap Roots: 0.56ms
[7373.739s][info][gc,phases      ] GC(1077)   Evacuate Collection Set: 164.46ms
[7373.739s][info][gc,phases      ] GC(1077)   Post Evacuate Collection Set: 1.28ms
[7373.739s][info][gc,phases      ] GC(1077)   Other: 0.07ms
[7373.739s][info][gc,heap        ] GC(1077) Eden regions: 714->0(716)
[7373.739s][info][gc,heap        ] GC(1077) Survivor regions: 54->52(96)
[7373.739s][info][gc,heap        ] GC(1077) Old regions: 220->222
[7373.739s][info][gc,heap        ] GC(1077) Humongous regions: 32->32
[7373.739s][info][gc,metaspace   ] GC(1077) Metaspace: 29979K(30464K)->29979K(30464K) NonClass: 26581K(26816K)->26581K(26816K) Class: 3397K(3648K)->3397K(3648K)
[7373.739s][info][gc             ] GC(1077) Pause Young (Normal) (G1 Evacuation Pause) 8130M->2426M(10240M) 166.781ms
[7373.739s][info][gc,cpu         ] GC(1077) User=1.31s Sys=0.00s Real=0.17s
....[7377.310s][info][gc,start       ] GC(1078) Pause Young (Normal) (G1 Evacuation Pause)
[7377.310s][info][gc,task        ] GC(1078) Using 8 workers of 8 for evacuation
[7377.484s][info][gc,phases      ] GC(1078)   Pre Evacuate Collection Set: 0.26ms
[7377.484s][info][gc,phases      ] GC(1078)   Merge Heap Roots: 0.57ms
[7377.484s][info][gc,phases      ] GC(1078)   Evacuate Collection Set: 172.26ms
[7377.484s][info][gc,phases      ] GC(1078)   Post Evacuate Collection Set: 1.25ms
[7377.484s][info][gc,phases      ] GC(1078)   Other: 0.07ms
[7377.484s][info][gc,heap        ] GC(1078) Eden regions: 716->0(714)
[7377.484s][info][gc,heap        ] GC(1078) Survivor regions: 52->54(96)
[7377.484s][info][gc,heap        ] GC(1078) Old regions: 222->225
[7377.484s][info][gc,heap        ] GC(1078) Humongous regions: 32->32
[7377.484s][info][gc,metaspace   ] GC(1078) Metaspace: 29979K(30464K)->29979K(30464K) NonClass: 26581K(26816K)->26581K(26816K) Class: 3397K(3648K)->3397K(3648K)
[7377.484s][info][gc             ] GC(1078) Pause Young (Normal) (G1 Evacuation Pause) 8154M->2459M(10240M) 174.553ms
[7377.484s][info][gc,cpu         ] GC(1078) User=1.37s Sys=0.00s Real=0.17s
...[7381.114s][info][gc,start       ] GC(1079) Pause Young (Normal) (G1 Evacuation Pause)
[7381.114s][info][gc,task        ] GC(1079) Using 8 workers of 8 for evacuation
[7381.283s][info][gc,phases      ] GC(1079)   Pre Evacuate Collection Set: 0.29ms
[7381.283s][info][gc,phases      ] GC(1079)   Merge Heap Roots: 0.56ms
[7381.283s][info][gc,phases      ] GC(1079)   Evacuate Collection Set: 166.85ms
[7381.283s][info][gc,phases      ] GC(1079)   Post Evacuate Collection Set: 1.27ms
[7381.283s][info][gc,phases      ] GC(1079)   Other: 0.06ms
[7381.283s][info][gc,heap        ] GC(1079) Eden regions: 714->0(714)
[7381.283s][info][gc,heap        ] GC(1079) Survivor regions: 54->54(96)
[7381.283s][info][gc,heap        ] GC(1079) Old regions: 225->227
[7381.283s][info][gc,heap        ] GC(1079) Humongous regions: 32->32
[7381.283s][info][gc,metaspace   ] GC(1079) Metaspace: 29979K(30464K)->29979K(30464K) NonClass: 26581K(26816K)->26581K(26816K) Class: 3397K(3648K)->3397K(3648K)
[7381.283s][info][gc             ] GC(1079) Pause Young (Normal) (G1 Evacuation Pause) 8171M->2479M(10240M) 169.173ms
[7381.283s][info][gc,cpu         ] GC(1079) User=1.33s Sys=0.00s Real=0.17s
....[7384.889s][info][gc,start       ] GC(1080) Pause Young (Normal) (G1 Evacuation Pause)
[7384.889s][info][gc,task        ] GC(1080) Using 8 workers of 8 for evacuation
[7385.058s][info][gc,phases      ] GC(1080)   Pre Evacuate Collection Set: 0.28ms
[7385.058s][info][gc,phases      ] GC(1080)   Merge Heap Roots: 0.56ms
[7385.058s][info][gc,phases      ] GC(1080)   Evacuate Collection Set: 166.79ms
[7385.058s][info][gc,phases      ] GC(1080)   Post Evacuate Collection Set: 1.28ms
[7385.058s][info][gc,phases      ] GC(1080)   Other: 0.08ms
[7385.058s][info][gc,heap        ] GC(1080) Eden regions: 714->0(716)
[7385.058s][info][gc,heap        ] GC(1080) Survivor regions: 54->52(96)
[7385.058s][info][gc,heap        ] GC(1080) Old regions: 227->230
[7385.058s][info][gc,heap        ] GC(1080) Humongous regions: 32->32
[7385.058s][info][gc,metaspace   ] GC(1080) Metaspace: 29979K(30464K)->29979K(30464K) NonClass: 26581K(26816K)->26581K(26816K) Class: 3397K(3648K)->3397K(3648K)
[7385.058s][info][gc             ] GC(1080) Pause Young (Normal) (G1 Evacuation Pause) 8191M->2488M(10240M) 169.132ms
[7385.058s][info][gc,cpu         ] GC(1080) User=1.33s Sys=0.00s Real=0.17s
....[7388.665s][info][gc,start       ] GC(1081) Pause Young (Normal) (G1 Evacuation Pause)
[7388.665s][info][gc,task        ] GC(1081) Using 8 workers of 8 for evacuation
[7388.835s][info][gc,phases      ] GC(1081)   Pre Evacuate Collection Set: 0.27ms
[7388.835s][info][gc,phases      ] GC(1081)   Merge Heap Roots: 0.56ms
[7388.835s][info][gc,phases      ] GC(1081)   Evacuate Collection Set: 167.97ms
[7388.835s][info][gc,phases      ] GC(1081)   Post Evacuate Collection Set: 1.24ms
[7388.835s][info][gc,phases      ] GC(1081)   Other: 0.06ms
[7388.835s][info][gc,heap        ] GC(1081) Eden regions: 716->0(714)
[7388.835s][info][gc,heap        ] GC(1081) Survivor regions: 52->54(96)
[7388.835s][info][gc,heap        ] GC(1081) Old regions: 230->233
[7388.835s][info][gc,heap        ] GC(1081) Humongous regions: 32->32
[7388.835s][info][gc,metaspace   ] GC(1081) Metaspace: 29979K(30464K)->29979K(30464K) NonClass: 26581K(26816K)->26581K(26816K) Class: 3397K(3648K)->3397K(3648K)
[7388.835s][info][gc             ] GC(1081) Pause Young (Normal) (G1 Evacuation Pause) 8216M->2521M(10240M) 170.234ms
[7388.836s][info][gc,cpu         ] GC(1081) User=1.34s Sys=0.00s Real=0.17s
....[7392.546s][info][gc,start       ] GC(1082) Pause Young (Normal) (G1 Evacuation Pause)
[7392.546s][info][gc,task        ] GC(1082) Using 8 workers of 8 for evacuation
[7392.717s][info][gc,phases      ] GC(1082)   Pre Evacuate Collection Set: 0.25ms
[7392.717s][info][gc,phases      ] GC(1082)   Merge Heap Roots: 0.56ms
[7392.717s][info][gc,phases      ] GC(1082)   Evacuate Collection Set: 168.36ms
[7392.717s][info][gc,phases      ] GC(1082)   Post Evacuate Collection Set: 1.25ms
[7392.717s][info][gc,phases      ] GC(1082)   Other: 0.06ms
[7392.717s][info][gc,heap        ] GC(1082) Eden regions: 714->0(714)
[7392.717s][info][gc,heap        ] GC(1082) Survivor regions: 54->54(96)
[7392.717s][info][gc,heap        ] GC(1082) Old regions: 233->235
[7392.717s][info][gc,heap        ] GC(1082) Humongous regions: 32->32
[7392.717s][info][gc,metaspace   ] GC(1082) Metaspace: 29979K(30464K)->29979K(30464K) NonClass: 26581K(26816K)->26581K(26816K) Class: 3397K(3648K)->3397K(3648K)
[7392.717s][info][gc             ] GC(1082) Pause Young (Normal) (G1 Evacuation Pause) 8233M->2546M(10240M) 170.615ms
[7392.717s][info][gc,cpu         ] GC(1082) User=1.35s Sys=0.00s Real=0.17s
... (rIR:aIR:PR = 12730:12680:12695) (tPR = 187422) [OK] 
  7395s: Performance info:
         Transaction,    Success,    Partial,     Failed,   Receipts, AvgBarcode, 
             Overall,     764441,          0,          0,     725908,      59.47, 
         Response times:
             Request,    Success,    Partial,     Failed,   SkipFail,     Probes,    Samples,      min,      p50,      p90,      p95,      p99,      max, 
       TotalPurchase,     725155,          0,          0,          0,     201106,     638191,      400,   341000,   670000,   790000,  1200000, 18000000,
     InStorePurchase,     382032,          0,          0,          0,     104024,     334120,      400,   339000,   660000,   780000,  1200000, 18000000,
      OnlinePurchase,     267583,          0,          0,          0,      73088,     235619,      700,   341000,   690000,   820000,  1100000, 16000000,
        InstPurchase,      75540,          0,          0,          0,      23994,      68452,     1300,   349000,   700000,   770000,  1600000, 18000000,
          AssocOfCat,        763,          0,          0,          0,        476,       1375,    62000,   402000,   700000,   842000,  1224000,  5600000,
      AssocOfProduct,       7645,          0,          0,          0,       2422,       6987,     2300,   332000,   690000,   840000,  2500000, 14000000,
      BusinessReport,       1901,          0,          0,          0,       1196,       3263,    77000,   413000,   750000,   840000,  1100000,  6500000,
          CustBuyBeh,       7651,          0,          0,          0,       2404,       7046,     5400,   332000,   660000,   800000,  1400000,  8200000,
       ProductReturn,      20396,          0,          0,          0,       7057,      18494,      400,   338000,   700000,   772500,  1400000, 18000000,

  7395s: (93%)   IR =  12868 [7396.319s][info][gc,start       ] GC(1083) Pause Young (Normal) (G1 Evacuation Pause)
[7396.319s][info][gc,task        ] GC(1083) Using 8 workers of 8 for evacuation
[7396.496s][info][gc,phases      ] GC(1083)   Pre Evacuate Collection Set: 0.27ms
[7396.496s][info][gc,phases      ] GC(1083)   Merge Heap Roots: 0.57ms
[7396.496s][info][gc,phases      ] GC(1083)   Evacuate Collection Set: 175.12ms
[7396.496s][info][gc,phases      ] GC(1083)   Post Evacuate Collection Set: 1.26ms
[7396.496s][info][gc,phases      ] GC(1083)   Other: 0.07ms
[7396.496s][info][gc,heap        ] GC(1083) Eden regions: 714->0(713)
[7396.496s][info][gc,heap        ] GC(1083) Survivor regions: 54->55(96)
[7396.496s][info][gc,heap        ] GC(1083) Old regions: 235->238
[7396.496s][info][gc,heap        ] GC(1083) Humongous regions: 32->32
[7396.496s][info][gc,metaspace   ] GC(1083) Metaspace: 29979K(30464K)->29979K(30464K) NonClass: 26581K(26816K)->26581K(26816K) Class: 3397K(3648K)->3397K(3648K)
[7396.496s][info][gc             ] GC(1083) Pause Young (Normal) (G1 Evacuation Pause) 8258M->2573M(10240M) 177.420ms
[7396.496s][info][gc,cpu         ] GC(1083) User=1.40s Sys=0.00s Real=0.18s
....[7400.223s][info][gc,start       ] GC(1084) Pause Young (Normal) (G1 Evacuation Pause)
[7400.223s][info][gc,task        ] GC(1084) Using 8 workers of 8 for evacuation
[7400.390s][info][gc,phases      ] GC(1084)   Pre Evacuate Collection Set: 0.28ms
[7400.390s][info][gc,phases      ] GC(1084)   Merge Heap Roots: 0.61ms
[7400.390s][info][gc,phases      ] GC(1084)   Evacuate Collection Set: 164.69ms
[7400.390s][info][gc,phases      ] GC(1084)   Post Evacuate Collection Set: 1.26ms
[7400.390s][info][gc,phases      ] GC(1084)   Other: 0.06ms
[7400.390s][info][gc,heap        ] GC(1084) Eden regions: 713->0(717)
[7400.390s][info][gc,heap        ] GC(1084) Survivor regions: 55->51(96)
[7400.390s][info][gc,heap        ] GC(1084) Old regions: 238->241
[7400.390s][info][gc,heap        ] GC(1084) Humongous regions: 32->32
[7400.390s][info][gc,metaspace   ] GC(1084) Metaspace: 29979K(30464K)->29979K(30464K) NonClass: 26581K(26816K)->26581K(26816K) Class: 3397K(3648K)->3397K(3648K)
[7400.390s][info][gc             ] GC(1084) Pause Young (Normal) (G1 Evacuation Pause) 8277M->2568M(10240M) 167.040ms
[7400.390s][info][gc,cpu         ] GC(1084) User=1.31s Sys=0.00s Real=0.17s
....[7404.072s][info][gc,start       ] GC(1085) Pause Young (Normal) (G1 Evacuation Pause)
[7404.072s][info][gc,task        ] GC(1085) Using 8 workers of 8 for evacuation
[7404.243s][info][gc,phases      ] GC(1085)   Pre Evacuate Collection Set: 0.28ms
[7404.243s][info][gc,phases      ] GC(1085)   Merge Heap Roots: 0.54ms
[7404.243s][info][gc,phases      ] GC(1085)   Evacuate Collection Set: 169.49ms
[7404.243s][info][gc,phases      ] GC(1085)   Post Evacuate Collection Set: 1.27ms
[7404.243s][info][gc,phases      ] GC(1085)   Other: 0.08ms
[7404.243s][info][gc,heap        ] GC(1085) Eden regions: 717->0(715)
[7404.243s][info][gc,heap        ] GC(1085) Survivor regions: 51->53(96)
[7404.243s][info][gc,heap        ] GC(1085) Old regions: 241->244
[7404.243s][info][gc,heap        ] GC(1085) Humongous regions: 32->32
[7404.243s][info][gc,metaspace   ] GC(1085) Metaspace: 29979K(30464K)->29979K(30464K) NonClass: 26581K(26816K)->26581K(26816K) Class: 3397K(3648K)->3397K(3648K)
[7404.243s][info][gc             ] GC(1085) Pause Young (Normal) (G1 Evacuation Pause) 8304M->2604M(10240M) 171.788ms
[7404.243s][info][gc,cpu         ] GC(1085) User=1.36s Sys=0.00s Real=0.17s
....[7407.928s][info][gc,start       ] GC(1086) Pause Young (Normal) (G1 Evacuation Pause)
[7407.928s][info][gc,task        ] GC(1086) Using 8 workers of 8 for evacuation
[7408.095s][info][gc,phases      ] GC(1086)   Pre Evacuate Collection Set: 0.25ms
[7408.095s][info][gc,phases      ] GC(1086)   Merge Heap Roots: 0.59ms
[7408.095s][info][gc,phases      ] GC(1086)   Evacuate Collection Set: 164.95ms
[7408.095s][info][gc,phases      ] GC(1086)   Post Evacuate Collection Set: 1.24ms
[7408.095s][info][gc,phases      ] GC(1086)   Other: 0.06ms
[7408.095s][info][gc,heap        ] GC(1086) Eden regions: 715->0(716)
[7408.095s][info][gc,heap        ] GC(1086) Survivor regions: 53->52(96)
[7408.095s][info][gc,heap        ] GC(1086) Old regions: 244->246
[7408.095s][info][gc,heap        ] GC(1086) Humongous regions: 32->32
[7408.095s][info][gc,metaspace   ] GC(1086) Metaspace: 29979K(30464K)->29979K(30464K) NonClass: 26581K(26816K)->26581K(26816K) Class: 3397K(3648K)->3397K(3648K)
[7408.095s][info][gc             ] GC(1086) Pause Young (Normal) (G1 Evacuation Pause) 8324M->2619M(10240M) 167.213ms
[7408.095s][info][gc,cpu         ] GC(1086) User=1.32s Sys=0.00s Real=0.17s
....[7411.628s][info][gc,start       ] GC(1087) Pause Young (Normal) (G1 Evacuation Pause)
[7411.628s][info][gc,task        ] GC(1087) Using 8 workers of 8 for evacuation
[7411.809s][info][gc,phases      ] GC(1087)   Pre Evacuate Collection Set: 0.25ms
[7411.809s][info][gc,phases      ] GC(1087)   Merge Heap Roots: 0.60ms
[7411.809s][info][gc,phases      ] GC(1087)   Evacuate Collection Set: 178.94ms
[7411.809s][info][gc,phases      ] GC(1087)   Post Evacuate Collection Set: 1.31ms
[7411.809s][info][gc,phases      ] GC(1087)   Other: 0.06ms
[7411.809s][info][gc,heap        ] GC(1087) Eden regions: 716->0(703)
[7411.809s][info][gc,heap        ] GC(1087) Survivor regions: 52->56(96)
[7411.809s][info][gc,heap        ] GC(1087) Old regions: 246->249
[7411.809s][info][gc,heap        ] GC(1087) Humongous regions: 32->32
[7411.809s][info][gc,metaspace   ] GC(1087) Metaspace: 29979K(30464K)->29979K(30464K) NonClass: 26581K(26816K)->26581K(26816K) Class: 3397K(3648K)->3397K(3648K)
[7411.809s][info][gc             ] GC(1087) Pause Young (Normal) (G1 Evacuation Pause) 8347M->2667M(10240M) 181.297ms
[7411.809s][info][gc,cpu         ] GC(1087) User=1.42s Sys=0.00s Real=0.18s
...[7415.432s][info][gc,start       ] GC(1088) Pause Young (Normal) (G1 Evacuation Pause)
[7415.432s][info][gc,task        ] GC(1088) Using 8 workers of 8 for evacuation
[7415.598s][info][gc,phases      ] GC(1088)   Pre Evacuate Collection Set: 0.27ms
[7415.599s][info][gc,phases      ] GC(1088)   Merge Heap Roots: 0.54ms
[7415.599s][info][gc,phases      ] GC(1088)   Evacuate Collection Set: 164.23ms
[7415.599s][info][gc,phases      ] GC(1088)   Post Evacuate Collection Set: 1.18ms
[7415.599s][info][gc,phases      ] GC(1088)   Other: 0.07ms
[7415.599s][info][gc,heap        ] GC(1088) Eden regions: 704->0(721)
[7415.599s][info][gc,heap        ] GC(1088) Survivor regions: 56->47(95)
[7415.599s][info][gc,heap        ] GC(1088) Old regions: 249->257
[7415.599s][info][gc,heap        ] GC(1088) Humongous regions: 32->32
[7415.599s][info][gc,metaspace   ] GC(1088) Metaspace: 29979K(30464K)->29979K(30464K) NonClass: 26581K(26816K)->26581K(26816K) Class: 3397K(3648K)->3397K(3648K)
[7415.599s][info][gc             ] GC(1088) Pause Young (Normal) (G1 Evacuation Pause) 8299M->2662M(10240M) 166.446ms
[7415.599s][info][gc,cpu         ] GC(1088) User=1.31s Sys=0.00s Real=0.17s
....[7419.296s][info][gc,start       ] GC(1089) Pause Young (Normal) (G1 Evacuation Pause)
[7419.296s][info][gc,task        ] GC(1089) Using 8 workers of 8 for evacuation
[7419.462s][info][gc,phases      ] GC(1089)   Pre Evacuate Collection Set: 0.26ms
[7419.462s][info][gc,phases      ] GC(1089)   Merge Heap Roots: 0.56ms
[7419.462s][info][gc,phases      ] GC(1089)   Evacuate Collection Set: 163.53ms
[7419.462s][info][gc,phases      ] GC(1089)   Post Evacuate Collection Set: 1.27ms
[7419.462s][info][gc,phases      ] GC(1089)   Other: 0.07ms
[7419.462s][info][gc,heap        ] GC(1089) Eden regions: 721->0(714)
[7419.462s][info][gc,heap        ] GC(1089) Survivor regions: 47->54(96)
[7419.462s][info][gc,heap        ] GC(1089) Old regions: 257->257
[7419.462s][info][gc,heap        ] GC(1089) Humongous regions: 32->32
[7419.462s][info][gc,metaspace   ] GC(1089) Metaspace: 29979K(30464K)->29979K(30464K) NonClass: 26581K(26816K)->26581K(26816K) Class: 3397K(3648K)->3397K(3648K)
[7419.462s][info][gc             ] GC(1089) Pause Young (Normal) (G1 Evacuation Pause) 8430M->2718M(10240M) 165.822ms
[7419.462s][info][gc,cpu         ] GC(1089) User=1.31s Sys=0.00s Real=0.16s
....[7423.102s][info][gc,start       ] GC(1090) Pause Young (Normal) (G1 Evacuation Pause)
[7423.102s][info][gc,task        ] GC(1090) Using 8 workers of 8 for evacuation
[7423.268s][info][gc,phases      ] GC(1090)   Pre Evacuate Collection Set: 0.26ms
[7423.268s][info][gc,phases      ] GC(1090)   Merge Heap Roots: 0.53ms
[7423.268s][info][gc,phases      ] GC(1090)   Evacuate Collection Set: 163.95ms
[7423.268s][info][gc,phases      ] GC(1090)   Post Evacuate Collection Set: 1.24ms
[7423.268s][info][gc,phases      ] GC(1090)   Other: 0.06ms
[7423.268s][info][gc,heap        ] GC(1090) Eden regions: 714->0(716)
[7423.268s][info][gc,heap        ] GC(1090) Survivor regions: 54->52(96)
[7423.268s][info][gc,heap        ] GC(1090) Old regions: 257->260
[7423.268s][info][gc,heap        ] GC(1090) Humongous regions: 32->32
[7423.268s][info][gc,metaspace   ] GC(1090) Metaspace: 29979K(30464K)->29979K(30464K) NonClass: 26581K(26816K)->26581K(26816K) Class: 3397K(3648K)->3397K(3648K)
[7423.268s][info][gc             ] GC(1090) Pause Young (Normal) (G1 Evacuation Pause) 8430M->2728M(10240M) 166.169ms
[7423.268s][info][gc,cpu         ] GC(1090) User=1.31s Sys=0.00s Real=0.17s
... (rIR:aIR:PR = 12868:12779:12687) (tPR = 188468) [PR is under limit] 
  7425s: Performance info:
         Transaction,    Success,    Partial,     Failed,   Receipts, AvgBarcode, 
             Overall,     254096,          0,          0,     241528,      59.48, 
         Response times:
             Request,    Success,    Partial,     Failed,   SkipFail,     Probes,    Samples,      min,      p50,      p90,      p95,      p99,      max, 
       TotalPurchase,     243376,          0,          0,          0,      78832,     179028,     1100,   287000,   556000,   588000,   700000, 20000000,
     InStorePurchase,     127946,          0,          0,          0,      40864,      94390,     1300,   278000,   564000,   587000,   680000, 20000000,
      OnlinePurchase,      89810,          0,          0,          0,      28597,      65633,     1400,   297000,   551000,   592000,   790000, 20000000,
        InstPurchase,      25620,          0,          0,          0,       9371,      19005,     1100,   282000,   534000,   591000,  3600000, 20000000,
          AssocOfCat,        256,          0,          0,          0,        164,        335,    56000,   337000,   630000,   662000,   962800,  4100000,
      AssocOfProduct,       2477,          0,          0,          0,       1010,       1958,     3800,   279000,   551200,   650000,  2923000,  5000000,
      BusinessReport,        643,          0,          0,          0,        441,        925,    69000,   354000,   614000,   727000,  1274000,  4100000,
          CustBuyBeh,       2579,          0,          0,          0,       1053,       2019,     5200,   282000,   562000,   650000,   862000,  4100000,
       ProductReturn,       6604,          0,          0,          0,       2537,       4663,     4900,   293000,   549600,   620000,   730000,  8200000,

  7425s: 
  7425s: Failed, 7 overall retries left, retrying 1 of 1
  7425s: (93%)   IR =  12868 .[7426.911s][info][gc,start       ] GC(1091) Pause Young (Normal) (G1 Evacuation Pause)
[7426.911s][info][gc,task        ] GC(1091) Using 8 workers of 8 for evacuation
[7427.089s][info][gc,phases      ] GC(1091)   Pre Evacuate Collection Set: 0.25ms
[7427.089s][info][gc,phases      ] GC(1091)   Merge Heap Roots: 0.56ms
[7427.089s][info][gc,phases      ] GC(1091)   Evacuate Collection Set: 176.48ms
[7427.089s][info][gc,phases      ] GC(1091)   Post Evacuate Collection Set: 1.29ms
[7427.089s][info][gc,phases      ] GC(1091)   Other: 0.07ms
[7427.089s][info][gc,heap        ] GC(1091) Eden regions: 716->0(713)
[7427.089s][info][gc,heap        ] GC(1091) Survivor regions: 52->55(96)
[7427.089s][info][gc,heap        ] GC(1091) Old regions: 260->263
[7427.089s][info][gc,heap        ] GC(1091) Humongous regions: 32->32
[7427.089s][info][gc,metaspace   ] GC(1091) Metaspace: 29979K(30464K)->29979K(30464K) NonClass: 26582K(26816K)->26582K(26816K) Class: 3397K(3648K)->3397K(3648K)
[7427.089s][info][gc             ] GC(1091) Pause Young (Normal) (G1 Evacuation Pause) 8456M->2773M(10240M) 178.794ms
[7427.090s][info][gc,cpu         ] GC(1091) User=1.41s Sys=0.00s Real=0.18s
...[7430.656s][info][gc,start       ] GC(1092) Pause Young (Normal) (G1 Evacuation Pause)
[7430.656s][info][gc,task        ] GC(1092) Using 8 workers of 8 for evacuation
[7430.824s][info][gc,phases      ] GC(1092)   Pre Evacuate Collection Set: 0.25ms
[7430.824s][info][gc,phases      ] GC(1092)   Merge Heap Roots: 0.54ms
[7430.824s][info][gc,phases      ] GC(1092)   Evacuate Collection Set: 165.98ms
[7430.824s][info][gc,phases      ] GC(1092)   Post Evacuate Collection Set: 1.22ms
[7430.824s][info][gc,phases      ] GC(1092)   Other: 0.06ms
[7430.824s][info][gc,heap        ] GC(1092) Eden regions: 713->0(720)
[7430.824s][info][gc,heap        ] GC(1092) Survivor regions: 55->48(96)
[7430.824s][info][gc,heap        ] GC(1092) Old regions: 263->271
[7430.824s][info][gc,heap        ] GC(1092) Humongous regions: 32->32
[7430.824s][info][gc,metaspace   ] GC(1092) Metaspace: 29979K(30464K)->29979K(30464K) NonClass: 26582K(26816K)->26582K(26816K) Class: 3397K(3648K)->3397K(3648K)
[7430.824s][info][gc             ] GC(1092) Pause Young (Normal) (G1 Evacuation Pause) 8477M->2778M(10240M) 168.193ms
[7430.824s][info][gc,cpu         ] GC(1092) User=1.32s Sys=0.00s Real=0.16s
....[7434.513s][info][gc,start       ] GC(1093) Pause Young (Concurrent Start) (G1 Evacuation Pause)
[7434.513s][info][gc,task        ] GC(1093) Using 8 workers of 8 for evacuation
[7434.686s][info][gc,phases      ] GC(1093)   Pre Evacuate Collection Set: 0.32ms
[7434.686s][info][gc,phases      ] GC(1093)   Merge Heap Roots: 0.58ms
[7434.686s][info][gc,phases      ] GC(1093)   Evacuate Collection Set: 170.20ms
[7434.686s][info][gc,phases      ] GC(1093)   Post Evacuate Collection Set: 1.27ms
[7434.686s][info][gc,phases      ] GC(1093)   Other: 0.07ms
[7434.686s][info][gc,heap        ] GC(1093) Eden regions: 720->0(713)
[7434.686s][info][gc,heap        ] GC(1093) Survivor regions: 48->55(96)
[7434.686s][info][gc,heap        ] GC(1093) Old regions: 271->271
[7434.686s][info][gc,heap        ] GC(1093) Humongous regions: 32->32
[7434.686s][info][gc,metaspace   ] GC(1093) Metaspace: 29979K(30464K)->29979K(30464K) NonClass: 26582K(26816K)->26582K(26816K) Class: 3397K(3648K)->3397K(3648K)
[7434.686s][info][gc             ] GC(1093) Pause Young (Concurrent Start) (G1 Evacuation Pause) 8538M->2838M(10240M) 172.608ms
[7434.686s][info][gc             ] GC(1094) Concurrent Mark Cycle
[7434.686s][info][gc,marking     ] GC(1094) Concurrent Scan Root Regions
[7434.686s][info][gc,cpu         ] GC(1093) User=1.36s Sys=0.00s Real=0.18s
.[7435.116s][info][gc,marking     ] GC(1094) Concurrent Scan Root Regions 429.957ms
[7435.116s][info][gc,marking     ] GC(1094) Concurrent Mark
[7435.116s][info][gc,marking     ] GC(1094) Concurrent Mark From Roots
[7435.116s][info][gc,task        ] GC(1094) Using 2 workers of 2 for marking
.[7436.297s][info][gc,marking     ] GC(1094) Concurrent Mark From Roots 1181.109ms
[7436.297s][info][gc,marking     ] GC(1094) Concurrent Preclean
[7436.297s][info][gc,marking     ] GC(1094) Concurrent Preclean 0.298ms
[7436.298s][info][gc,start       ] GC(1094) Pause Remark
[7436.301s][info][metaspace      ] ChkMgr @0x00007f2db05410c0 (non-class-space): : reclaiming memory...
[7436.301s][info][metaspace      ] ChkMgr @0x00007f2db05410c0 (non-class-space): nothing reclaimed.
[7436.301s][info][metaspace      ] ChkMgr @0x00007f2db0540f00 (class-space): : reclaiming memory...
[7436.301s][info][metaspace      ] ChkMgr @0x00007f2db0540f00 (class-space): nothing reclaimed.
[7436.302s][info][gc             ] GC(1094) Pause Remark 4678M->4454M(10240M) 3.994ms
[7436.302s][info][gc,cpu         ] GC(1094) User=0.02s Sys=0.01s Real=0.00s
[7436.303s][info][gc,marking     ] GC(1094) Concurrent Mark 1186.913ms
[7436.303s][info][gc,marking     ] GC(1094) Concurrent Rebuild Remembered Sets and Scrub Regions
.[7436.932s][info][gc,marking     ] GC(1094) Concurrent Rebuild Remembered Sets and Scrub Regions 628.699ms
[7436.932s][info][gc,start       ] GC(1094) Pause Cleanup
[7436.932s][info][gc             ] GC(1094) Pause Cleanup 5198M->5198M(10240M) 0.286ms
[7436.932s][info][gc,cpu         ] GC(1094) User=0.00s Sys=0.00s Real=0.00s
[7436.932s][info][gc,marking     ] GC(1094) Concurrent Clear Claimed Marks
[7436.932s][info][gc,marking     ] GC(1094) Concurrent Clear Claimed Marks 0.039ms
[7436.932s][info][gc,marking     ] GC(1094) Concurrent Cleanup for Next Mark
[7436.958s][info][gc,marking     ] GC(1094) Concurrent Cleanup for Next Mark 25.729ms
[7436.958s][info][gc             ] GC(1094) Concurrent Mark Cycle 2272.051ms
..[7438.947s][info][gc,start       ] GC(1095) Pause Young (Prepare Mixed) (G1 Evacuation Pause)
[7438.947s][info][gc,task        ] GC(1095) Using 8 workers of 8 for evacuation
[7439.115s][info][gc,phases      ] GC(1095)   Pre Evacuate Collection Set: 0.27ms
[7439.115s][info][gc,phases      ] GC(1095)   Merge Heap Roots: 0.78ms
[7439.115s][info][gc,phases      ] GC(1095)   Evacuate Collection Set: 165.37ms
[7439.115s][info][gc,phases      ] GC(1095)   Post Evacuate Collection Set: 1.37ms
[7439.115s][info][gc,phases      ] GC(1095)   Other: 0.07ms
[7439.115s][info][gc,heap        ] GC(1095) Eden regions: 713->0(715)
[7439.115s][info][gc,heap        ] GC(1095) Survivor regions: 55->53(96)
[7439.115s][info][gc,heap        ] GC(1095) Old regions: 243->246
[7439.115s][info][gc,heap        ] GC(1095) Humongous regions: 32->32
[7439.115s][info][gc,metaspace   ] GC(1095) Metaspace: 29930K(30464K)->29930K(30464K) NonClass: 26547K(26816K)->26547K(26816K) Class: 3382K(3648K)->3382K(3648K)
[7439.115s][info][gc             ] GC(1095) Pause Young (Prepare Mixed) (G1 Evacuation Pause) 8318M->2619M(10240M) 167.993ms
[7439.115s][info][gc,cpu         ] GC(1095) User=1.33s Sys=0.00s Real=0.17s
...[7442.767s][info][gc,start       ] GC(1096) Pause Young (Mixed) (G1 Evacuation Pause)
[7442.767s][info][gc,task        ] GC(1096) Using 8 workers of 8 for evacuation
[7442.941s][info][gc,phases      ] GC(1096)   Pre Evacuate Collection Set: 0.29ms
[7442.941s][info][gc,phases      ] GC(1096)   Merge Heap Roots: 0.70ms
[7442.941s][info][gc,phases      ] GC(1096)   Evacuate Collection Set: 169.58ms
[7442.941s][info][gc,phases      ] GC(1096)   Merge Optional Heap Roots: 0.07ms
[7442.941s][info][gc,phases      ] GC(1096)   Evacuate Optional Collection Set: 1.26ms
[7442.941s][info][gc,phases      ] GC(1096)   Post Evacuate Collection Set: 1.48ms
[7442.941s][info][gc,phases      ] GC(1096)   Other: 0.09ms
[7442.941s][info][gc,heap        ] GC(1096) Eden regions: 715->0(715)
[7442.941s][info][gc,heap        ] GC(1096) Survivor regions: 53->53(96)
[7442.941s][info][gc,heap        ] GC(1096) Old regions: 246->183
[7442.941s][info][gc,heap        ] GC(1096) Humongous regions: 32->32
[7442.941s][info][gc,metaspace   ] GC(1096) Metaspace: 29930K(30464K)->29930K(30464K) NonClass: 26547K(26816K)->26547K(26816K) Class: 3382K(3648K)->3382K(3648K)
[7442.941s][info][gc             ] GC(1096) Pause Young (Mixed) (G1 Evacuation Pause) 8339M->2119M(10240M) 173.615ms
[7442.941s][info][gc,cpu         ] GC(1096) User=1.36s Sys=0.00s Real=0.17s
....[7446.548s][info][gc,start       ] GC(1097) Pause Young (Mixed) (G1 Evacuation Pause)
[7446.549s][info][gc,task        ] GC(1097) Using 8 workers of 8 for evacuation
[7446.733s][info][gc,phases      ] GC(1097)   Pre Evacuate Collection Set: 0.26ms
[7446.733s][info][gc,phases      ] GC(1097)   Merge Heap Roots: 0.70ms
[7446.733s][info][gc,phases      ] GC(1097)   Evacuate Collection Set: 181.65ms
[7446.733s][info][gc,phases      ] GC(1097)   Merge Optional Heap Roots: 0.06ms
[7446.733s][info][gc,phases      ] GC(1097)   Evacuate Optional Collection Set: 0.55ms
[7446.733s][info][gc,phases      ] GC(1097)   Post Evacuate Collection Set: 1.45ms
[7446.733s][info][gc,phases      ] GC(1097)   Other: 0.08ms
[7446.733s][info][gc,heap        ] GC(1097) Eden regions: 715->0(642)
[7446.733s][info][gc,heap        ] GC(1097) Survivor regions: 53->56(96)
[7446.733s][info][gc,heap        ] GC(1097) Old regions: 183->167
[7446.733s][info][gc,heap        ] GC(1097) Humongous regions: 32->32
[7446.733s][info][gc,metaspace   ] GC(1097) Metaspace: 29930K(30464K)->29930K(30464K) NonClass: 26547K(26816K)->26547K(26816K) Class: 3382K(3648K)->3382K(3648K)
[7446.733s][info][gc             ] GC(1097) Pause Young (Mixed) (G1 Evacuation Pause) 7839M->2019M(10240M) 184.891ms
[7446.733s][info][gc,cpu         ] GC(1097) User=1.46s Sys=0.00s Real=0.18s
....[7450.004s][info][gc,start       ] GC(1098) Pause Young (Mixed) (G1 Evacuation Pause)
[7450.004s][info][gc,task        ] GC(1098) Using 8 workers of 8 for evacuation
[7450.181s][info][gc,phases      ] GC(1098)   Pre Evacuate Collection Set: 0.27ms
[7450.181s][info][gc,phases      ] GC(1098)   Merge Heap Roots: 0.71ms
[7450.181s][info][gc,phases      ] GC(1098)   Evacuate Collection Set: 175.38ms
[7450.181s][info][gc,phases      ] GC(1098)   Post Evacuate Collection Set: 1.21ms
[7450.181s][info][gc,phases      ] GC(1098)   Other: 0.07ms
[7450.181s][info][gc,heap        ] GC(1098) Eden regions: 645->0(719)
[7450.181s][info][gc,heap        ] GC(1098) Survivor regions: 56->49(88)
[7450.181s][info][gc,heap        ] GC(1098) Old regions: 167->162
[7450.181s][info][gc,heap        ] GC(1098) Humongous regions: 32->32
[7450.181s][info][gc,metaspace   ] GC(1098) Metaspace: 29930K(30464K)->29930K(30464K) NonClass: 26547K(26816K)->26547K(26816K) Class: 3382K(3648K)->3382K(3648K)
[7450.181s][info][gc             ] GC(1098) Pause Young (Mixed) (G1 Evacuation Pause) 7179M->1912M(10240M) 177.767ms
[7450.181s][info][gc,cpu         ] GC(1098) User=1.40s Sys=0.00s Real=0.18s
...[7453.853s][info][gc,start       ] GC(1099) Pause Young (Mixed) (G1 Evacuation Pause)
[7453.853s][info][gc,task        ] GC(1099) Using 8 workers of 8 for evacuation
[7454.029s][info][gc,phases      ] GC(1099)   Pre Evacuate Collection Set: 0.26ms
[7454.029s][info][gc,phases      ] GC(1099)   Merge Heap Roots: 0.77ms
[7454.029s][info][gc,phases      ] GC(1099)   Evacuate Collection Set: 173.64ms
[7454.029s][info][gc,phases      ] GC(1099)   Post Evacuate Collection Set: 1.32ms
[7454.029s][info][gc,phases      ] GC(1099)   Other: 0.07ms
[7454.029s][info][gc,heap        ] GC(1099) Eden regions: 719->0(712)
[7454.029s][info][gc,heap        ] GC(1099) Survivor regions: 49->55(96)
[7454.029s][info][gc,heap        ] GC(1099) Old regions: 162->144
[7454.029s][info][gc,heap        ] GC(1099) Humongous regions: 32->32
[7454.029s][info][gc,metaspace   ] GC(1099) Metaspace: 29930K(30464K)->29930K(30464K) NonClass: 26547K(26816K)->26547K(26816K) Class: 3382K(3648K)->3382K(3648K)
[7454.029s][info][gc             ] GC(1099) Pause Young (Mixed) (G1 Evacuation Pause) 7664M->1825M(10240M) 176.210ms
[7454.029s][info][gc,cpu         ] GC(1099) User=1.39s Sys=0.00s Real=0.18s
....[7457.648s][info][gc,start       ] GC(1100) Pause Young (Normal) (G1 Evacuation Pause)
[7457.648s][info][gc,task        ] GC(1100) Using 8 workers of 8 for evacuation
[7457.817s][info][gc,phases      ] GC(1100)   Pre Evacuate Collection Set: 0.25ms
[7457.817s][info][gc,phases      ] GC(1100)   Merge Heap Roots: 0.56ms
[7457.817s][info][gc,phases      ] GC(1100)   Evacuate Collection Set: 167.28ms
[7457.817s][info][gc,phases      ] GC(1100)   Post Evacuate Collection Set: 1.26ms
[7457.817s][info][gc,phases      ] GC(1100)   Other: 0.06ms
[7457.817s][info][gc,heap        ] GC(1100) Eden regions: 713->0(715)
[7457.817s][info][gc,heap        ] GC(1100) Survivor regions: 55->53(96)
[7457.817s][info][gc,heap        ] GC(1100) Old regions: 144->147
[7457.817s][info][gc,heap        ] GC(1100) Humongous regions: 32->32
[7457.817s][info][gc,metaspace   ] GC(1100) Metaspace: 29930K(30464K)->29930K(30464K) NonClass: 26547K(26816K)->26547K(26816K) Class: 3382K(3648K)->3382K(3648K)
[7457.817s][info][gc             ] GC(1100) Pause Young (Normal) (G1 Evacuation Pause) 7529M->1827M(10240M) 169.545ms
[7457.817s][info][gc,cpu         ] GC(1100) User=1.33s Sys=0.01s Real=0.17s
....[7461.354s][info][gc,start       ] GC(1101) Pause Young (Normal) (G1 Evacuation Pause)
[7461.354s][info][gc,task        ] GC(1101) Using 8 workers of 8 for evacuation
[7461.530s][info][gc,phases      ] GC(1101)   Pre Evacuate Collection Set: 0.22ms
[7461.530s][info][gc,phases      ] GC(1101)   Merge Heap Roots: 0.54ms
[7461.530s][info][gc,phases      ] GC(1101)   Evacuate Collection Set: 173.50ms
[7461.530s][info][gc,phases      ] GC(1101)   Post Evacuate Collection Set: 1.23ms
[7461.530s][info][gc,phases      ] GC(1101)   Other: 0.07ms
[7461.530s][info][gc,heap        ] GC(1101) Eden regions: 715->0(714)
[7461.530s][info][gc,heap        ] GC(1101) Survivor regions: 53->54(96)
[7461.530s][info][gc,heap        ] GC(1101) Old regions: 147->149
[7461.530s][info][gc,heap        ] GC(1101) Humongous regions: 32->32
[7461.530s][info][gc,metaspace   ] GC(1101) Metaspace: 29930K(30464K)->29930K(30464K) NonClass: 26547K(26816K)->26547K(26816K) Class: 3382K(3648K)->3382K(3648K)
[7461.530s][info][gc             ] GC(1101) Pause Young (Normal) (G1 Evacuation Pause) 7547M->1858M(10240M) 175.700ms
[7461.530s][info][gc,cpu         ] GC(1101) User=1.38s Sys=0.00s Real=0.18s
...[7465.032s][info][gc,start       ] GC(1102) Pause Young (Normal) (G1 Evacuation Pause)
[7465.032s][info][gc,task        ] GC(1102) Using 8 workers of 8 for evacuation
[7465.201s][info][gc,phases      ] GC(1102)   Pre Evacuate Collection Set: 0.26ms
[7465.201s][info][gc,phases      ] GC(1102)   Merge Heap Roots: 0.56ms
[7465.201s][info][gc,phases      ] GC(1102)   Evacuate Collection Set: 167.13ms
[7465.201s][info][gc,phases      ] GC(1102)   Post Evacuate Collection Set: 1.24ms
[7465.201s][info][gc,phases      ] GC(1102)   Other: 0.07ms
[7465.201s][info][gc,heap        ] GC(1102) Eden regions: 714->0(715)
[7465.201s][info][gc,heap        ] GC(1102) Survivor regions: 54->53(96)
[7465.201s][info][gc,heap        ] GC(1102) Old regions: 149->152
[7465.201s][info][gc,heap        ] GC(1102) Humongous regions: 32->32
[7465.201s][info][gc,metaspace   ] GC(1102) Metaspace: 29930K(30464K)->29930K(30464K) NonClass: 26547K(26816K)->26547K(26816K) Class: 3382K(3648K)->3382K(3648K)
[7465.201s][info][gc             ] GC(1102) Pause Young (Normal) (G1 Evacuation Pause) 7570M->1868M(10240M) 169.418ms
[7465.201s][info][gc,cpu         ] GC(1102) User=1.33s Sys=0.00s Real=0.17s
....[7468.670s][info][gc,start       ] GC(1103) Pause Young (Normal) (G1 Evacuation Pause)
[7468.670s][info][gc,task        ] GC(1103) Using 8 workers of 8 for evacuation
[7468.835s][info][gc,phases      ] GC(1103)   Pre Evacuate Collection Set: 0.28ms
[7468.835s][info][gc,phases      ] GC(1103)   Merge Heap Roots: 0.61ms
[7468.835s][info][gc,phases      ] GC(1103)   Evacuate Collection Set: 163.14ms
[7468.835s][info][gc,phases      ] GC(1103)   Post Evacuate Collection Set: 1.24ms
[7468.835s][info][gc,phases      ] GC(1103)   Other: 0.07ms
[7468.835s][info][gc,heap        ] GC(1103) Eden regions: 715->0(716)
[7468.835s][info][gc,heap        ] GC(1103) Survivor regions: 53->52(96)
[7468.835s][info][gc,heap        ] GC(1103) Old regions: 152->155
[7468.835s][info][gc,heap        ] GC(1103) Humongous regions: 32->32
[7468.835s][info][gc,metaspace   ] GC(1103) Metaspace: 29930K(30464K)->29930K(30464K) NonClass: 26547K(26816K)->26547K(26816K) Class: 3382K(3648K)->3382K(3648K)
[7468.835s][info][gc             ] GC(1103) Pause Young (Normal) (G1 Evacuation Pause) 7588M->1883M(10240M) 165.483ms
[7468.835s][info][gc,cpu         ] GC(1103) User=1.30s Sys=0.00s Real=0.17s
....[7472.356s][info][gc,start       ] GC(1104) Pause Young (Normal) (G1 Evacuation Pause)
[7472.356s][info][gc,task        ] GC(1104) Using 8 workers of 8 for evacuation
[7472.542s][info][gc,phases      ] GC(1104)   Pre Evacuate Collection Set: 0.27ms
[7472.542s][info][gc,phases      ] GC(1104)   Merge Heap Roots: 0.54ms
[7472.542s][info][gc,phases      ] GC(1104)   Evacuate Collection Set: 184.68ms
[7472.542s][info][gc,phases      ] GC(1104)   Post Evacuate Collection Set: 1.23ms
[7472.542s][info][gc,phases      ] GC(1104)   Other: 0.06ms
[7472.542s][info][gc,heap        ] GC(1104) Eden regions: 716->0(672)
[7472.542s][info][gc,heap        ] GC(1104) Survivor regions: 52->57(96)
[7472.542s][info][gc,heap        ] GC(1104) Old regions: 155->157
[7472.542s][info][gc,heap        ] GC(1104) Humongous regions: 32->32
[7472.542s][info][gc,metaspace   ] GC(1104) Metaspace: 29930K(30464K)->29930K(30464K) NonClass: 26547K(26816K)->26547K(26816K) Class: 3382K(3648K)->3382K(3648K)
[7472.542s][info][gc             ] GC(1104) Pause Young (Normal) (G1 Evacuation Pause) 7611M->1943M(10240M) 186.933ms
[7472.543s][info][gc,cpu         ] GC(1104) User=1.47s Sys=0.00s Real=0.18s
...[7475.963s][info][gc,start       ] GC(1105) Pause Young (Normal) (G1 Evacuation Pause)
[7475.963s][info][gc,task        ] GC(1105) Using 8 workers of 8 for evacuation
[7476.131s][info][gc,phases      ] GC(1105)   Pre Evacuate Collection Set: 0.28ms
[7476.131s][info][gc,phases      ] GC(1105)   Merge Heap Roots: 0.53ms
[7476.131s][info][gc,phases      ] GC(1105)   Evacuate Collection Set: 166.36ms
[7476.131s][info][gc,phases      ] GC(1105)   Post Evacuate Collection Set: 1.19ms
[7476.131s][info][gc,phases      ] GC(1105)   Other: 0.07ms
[7476.131s][info][gc,heap        ] GC(1105) Eden regions: 678->0(720)
[7476.131s][info][gc,heap        ] GC(1105) Survivor regions: 57->48(92)
[7476.131s][info][gc,heap        ] GC(1105) Old regions: 157->166
[7476.131s][info][gc,heap        ] GC(1105) Humongous regions: 32->32
[7476.131s][info][gc,metaspace   ] GC(1105) Metaspace: 29930K(30464K)->29930K(30464K) NonClass: 26547K(26816K)->26547K(26816K) Class: 3382K(3648K)->3382K(3648K)
[7476.131s][info][gc             ] GC(1105) Pause Young (Normal) (G1 Evacuation Pause) 7367M->1936M(10240M) 168.556ms
[7476.131s][info][gc,cpu         ] GC(1105) User=1.32s Sys=0.01s Real=0.17s
....[7479.795s][info][gc,start       ] GC(1106) Pause Young (Normal) (G1 Evacuation Pause)
[7479.795s][info][gc,task        ] GC(1106) Using 8 workers of 8 for evacuation
[7479.959s][info][gc,phases      ] GC(1106)   Pre Evacuate Collection Set: 0.28ms
[7479.959s][info][gc,phases      ] GC(1106)   Merge Heap Roots: 0.56ms
[7479.959s][info][gc,phases      ] GC(1106)   Evacuate Collection Set: 161.19ms
[7479.959s][info][gc,phases      ] GC(1106)   Post Evacuate Collection Set: 1.24ms
[7479.959s][info][gc,phases      ] GC(1106)   Other: 0.06ms
[7479.959s][info][gc,heap        ] GC(1106) Eden regions: 720->0(715)
[7479.959s][info][gc,heap        ] GC(1106) Survivor regions: 48->53(96)
[7479.959s][info][gc,heap        ] GC(1106) Old regions: 166->166
[7479.959s][info][gc,heap        ] GC(1106) Humongous regions: 32->32
[7479.959s][info][gc,metaspace   ] GC(1106) Metaspace: 29930K(30464K)->29930K(30464K) NonClass: 26547K(26816K)->26547K(26816K) Class: 3382K(3648K)->3382K(3648K)
[7479.959s][info][gc             ] GC(1106) Pause Young (Normal) (G1 Evacuation Pause) 7696M->1980M(10240M) 163.468ms
[7479.959s][info][gc,cpu         ] GC(1106) User=1.29s Sys=0.00s Real=0.16s
....[7483.441s][info][gc,start       ] GC(1107) Pause Young (Normal) (G1 Evacuation Pause)
[7483.441s][info][gc,task        ] GC(1107) Using 8 workers of 8 for evacuation
[7483.610s][info][gc,phases      ] GC(1107)   Pre Evacuate Collection Set: 0.25ms
[7483.610s][info][gc,phases      ] GC(1107)   Merge Heap Roots: 0.55ms
[7483.610s][info][gc,phases      ] GC(1107)   Evacuate Collection Set: 167.07ms
[7483.610s][info][gc,phases      ] GC(1107)   Post Evacuate Collection Set: 1.24ms
[7483.610s][info][gc,phases      ] GC(1107)   Other: 0.06ms
[7483.610s][info][gc,heap        ] GC(1107) Eden regions: 715->0(715)
[7483.610s][info][gc,heap        ] GC(1107) Survivor regions: 53->53(96)
[7483.610s][info][gc,heap        ] GC(1107) Old regions: 166->168
[7483.610s][info][gc,heap        ] GC(1107) Humongous regions: 32->32
[7483.610s][info][gc,metaspace   ] GC(1107) Metaspace: 29930K(30464K)->29930K(30464K) NonClass: 26547K(26816K)->26547K(26816K) Class: 3382K(3648K)->3382K(3648K)
[7483.610s][info][gc             ] GC(1107) Pause Young (Normal) (G1 Evacuation Pause) 7700M->1997M(10240M) 169.300ms
[7483.610s][info][gc,cpu         ] GC(1107) User=1.34s Sys=0.00s Real=0.17s
....[7487.237s][info][gc,start       ] GC(1108) Pause Young (Normal) (G1 Evacuation Pause)
[7487.237s][info][gc,task        ] GC(1108) Using 8 workers of 8 for evacuation
[7487.411s][info][gc,phases      ] GC(1108)   Pre Evacuate Collection Set: 0.27ms
[7487.411s][info][gc,phases      ] GC(1108)   Merge Heap Roots: 0.55ms
[7487.411s][info][gc,phases      ] GC(1108)   Evacuate Collection Set: 172.11ms
[7487.411s][info][gc,phases      ] GC(1108)   Post Evacuate Collection Set: 1.23ms
[7487.411s][info][gc,phases      ] GC(1108)   Other: 0.06ms
[7487.411s][info][gc,heap        ] GC(1108) Eden regions: 715->0(714)
[7487.411s][info][gc,heap        ] GC(1108) Survivor regions: 53->54(96)
[7487.411s][info][gc,heap        ] GC(1108) Old regions: 168->171
[7487.411s][info][gc,heap        ] GC(1108) Humongous regions: 32->32
[7487.411s][info][gc,metaspace   ] GC(1108) Metaspace: 29930K(30464K)->29930K(30464K) NonClass: 26547K(26816K)->26547K(26816K) Class: 3382K(3648K)->3382K(3648K)
[7487.411s][info][gc             ] GC(1108) Pause Young (Normal) (G1 Evacuation Pause) 7717M->2030M(10240M) 174.341ms
[7487.411s][info][gc,cpu         ] GC(1108) User=1.37s Sys=0.00s Real=0.17s
...[7491.097s][info][gc,start       ] GC(1109) Pause Young (Normal) (G1 Evacuation Pause)
[7491.097s][info][gc,task        ] GC(1109) Using 8 workers of 8 for evacuation
[7491.265s][info][gc,phases      ] GC(1109)   Pre Evacuate Collection Set: 0.26ms
[7491.265s][info][gc,phases      ] GC(1109)   Merge Heap Roots: 0.57ms
[7491.265s][info][gc,phases      ] GC(1109)   Evacuate Collection Set: 165.72ms
[7491.265s][info][gc,phases      ] GC(1109)   Post Evacuate Collection Set: 1.23ms
[7491.265s][info][gc,phases      ] GC(1109)   Other: 0.07ms
[7491.265s][info][gc,heap        ] GC(1109) Eden regions: 714->0(716)
[7491.265s][info][gc,heap        ] GC(1109) Survivor regions: 54->52(96)
[7491.265s][info][gc,heap        ] GC(1109) Old regions: 171->173
[7491.265s][info][gc,heap        ] GC(1109) Humongous regions: 32->32
[7491.265s][info][gc,metaspace   ] GC(1109) Metaspace: 29930K(30464K)->29930K(30464K) NonClass: 26547K(26816K)->26547K(26816K) Class: 3382K(3648K)->3382K(3648K)
[7491.265s][info][gc             ] GC(1109) Pause Young (Normal) (G1 Evacuation Pause) 7742M->2035M(10240M) 167.978ms
[7491.265s][info][gc,cpu         ] GC(1109) User=1.33s Sys=0.00s Real=0.17s
....[7494.926s][info][gc,start       ] GC(1110) Pause Young (Normal) (G1 Evacuation Pause)
[7494.926s][info][gc,task        ] GC(1110) Using 8 workers of 8 for evacuation
[7495.099s][info][gc,phases      ] GC(1110)   Pre Evacuate Collection Set: 0.26ms
[7495.099s][info][gc,phases      ] GC(1110)   Merge Heap Roots: 0.59ms
[7495.099s][info][gc,phases      ] GC(1110)   Evacuate Collection Set: 170.48ms
[7495.099s][info][gc,phases      ] GC(1110)   Post Evacuate Collection Set: 1.22ms
[7495.099s][info][gc,phases      ] GC(1110)   Other: 0.06ms
[7495.099s][info][gc,heap        ] GC(1110) Eden regions: 716->0(714)
[7495.099s][info][gc,heap        ] GC(1110) Survivor regions: 52->54(96)
[7495.099s][info][gc,heap        ] GC(1110) Old regions: 173->176
[7495.099s][info][gc,heap        ] GC(1110) Humongous regions: 32->32
[7495.099s][info][gc,metaspace   ] GC(1110) Metaspace: 29930K(30464K)->29930K(30464K) NonClass: 26547K(26816K)->26547K(26816K) Class: 3382K(3648K)->3382K(3648K)
[7495.099s][info][gc             ] GC(1110) Pause Young (Normal) (G1 Evacuation Pause) 7763M->2074M(10240M) 172.757ms
[7495.099s][info][gc,cpu         ] GC(1110) User=1.36s Sys=0.01s Real=0.17s
....[7498.707s][info][gc,start       ] GC(1111) Pause Young (Normal) (G1 Evacuation Pause)
[7498.707s][info][gc,task        ] GC(1111) Using 8 workers of 8 for evacuation
[7498.873s][info][gc,phases      ] GC(1111)   Pre Evacuate Collection Set: 0.27ms
[7498.873s][info][gc,phases      ] GC(1111)   Merge Heap Roots: 0.53ms
[7498.873s][info][gc,phases      ] GC(1111)   Evacuate Collection Set: 163.07ms
[7498.873s][info][gc,phases      ] GC(1111)   Post Evacuate Collection Set: 1.27ms
[7498.873s][info][gc,phases      ] GC(1111)   Other: 0.06ms
[7498.873s][info][gc,heap        ] GC(1111) Eden regions: 714->0(716)
[7498.873s][info][gc,heap        ] GC(1111) Survivor regions: 54->52(96)
[7498.873s][info][gc,heap        ] GC(1111) Old regions: 176->179
[7498.873s][info][gc,heap        ] GC(1111) Humongous regions: 32->32
[7498.873s][info][gc,metaspace   ] GC(1111) Metaspace: 29930K(30464K)->29930K(30464K) NonClass: 26547K(26816K)->26547K(26816K) Class: 3382K(3648K)->3382K(3648K)
[7498.873s][info][gc             ] GC(1111) Pause Young (Normal) (G1 Evacuation Pause) 7786M->2075M(10240M) 165.339ms
[7498.873s][info][gc,cpu         ] GC(1111) User=1.30s Sys=0.01s Real=0.16s
....[7502.459s][info][gc,start       ] GC(1112) Pause Young (Normal) (G1 Evacuation Pause)
[7502.459s][info][gc,task        ] GC(1112) Using 8 workers of 8 for evacuation
[7502.631s][info][gc,phases      ] GC(1112)   Pre Evacuate Collection Set: 0.25ms
[7502.631s][info][gc,phases      ] GC(1112)   Merge Heap Roots: 0.55ms
[7502.631s][info][gc,phases      ] GC(1112)   Evacuate Collection Set: 169.47ms
[7502.631s][info][gc,phases      ] GC(1112)   Post Evacuate Collection Set: 1.26ms
[7502.631s][info][gc,phases      ] GC(1112)   Other: 0.07ms
[7502.631s][info][gc,heap        ] GC(1112) Eden regions: 716->0(715)
[7502.631s][info][gc,heap        ] GC(1112) Survivor regions: 52->53(96)
[7502.631s][info][gc,heap        ] GC(1112) Old regions: 179->182
[7502.631s][info][gc,heap        ] GC(1112) Humongous regions: 32->32
[7502.631s][info][gc,metaspace   ] GC(1112) Metaspace: 29930K(30464K)->29930K(30464K) NonClass: 26547K(26816K)->26547K(26816K) Class: 3382K(3648K)->3382K(3648K)
[7502.631s][info][gc             ] GC(1112) Pause Young (Normal) (G1 Evacuation Pause) 7803M->2108M(10240M) 171.721ms
[7502.631s][info][gc,cpu         ] GC(1112) User=1.36s Sys=0.00s Real=0.17s
....[7506.309s][info][gc,start       ] GC(1113) Pause Young (Normal) (G1 Evacuation Pause)
[7506.309s][info][gc,task        ] GC(1113) Using 8 workers of 8 for evacuation
[7506.479s][info][gc,phases      ] GC(1113)   Pre Evacuate Collection Set: 0.26ms
[7506.479s][info][gc,phases      ] GC(1113)   Merge Heap Roots: 0.58ms
[7506.479s][info][gc,phases      ] GC(1113)   Evacuate Collection Set: 167.02ms
[7506.479s][info][gc,phases      ] GC(1113)   Post Evacuate Collection Set: 1.28ms
[7506.479s][info][gc,phases      ] GC(1113)   Other: 0.07ms
[7506.479s][info][gc,heap        ] GC(1113) Eden regions: 715->0(716)
[7506.479s][info][gc,heap        ] GC(1113) Survivor regions: 53->52(96)
[7506.479s][info][gc,heap        ] GC(1113) Old regions: 182->184
[7506.479s][info][gc,heap        ] GC(1113) Humongous regions: 32->32
[7506.479s][info][gc,metaspace   ] GC(1113) Metaspace: 29930K(30464K)->29930K(30464K) NonClass: 26547K(26816K)->26547K(26816K) Class: 3382K(3648K)->3382K(3648K)
[7506.479s][info][gc             ] GC(1113) Pause Young (Normal) (G1 Evacuation Pause) 7828M->2117M(10240M) 169.358ms
[7506.479s][info][gc,cpu         ] GC(1113) User=1.34s Sys=0.00s Real=0.17s
...[7510.092s][info][gc,start       ] GC(1114) Pause Young (Normal) (G1 Evacuation Pause)
[7510.092s][info][gc,task        ] GC(1114) Using 8 workers of 8 for evacuation
[7510.263s][info][gc,phases      ] GC(1114)   Pre Evacuate Collection Set: 0.28ms
[7510.263s][info][gc,phases      ] GC(1114)   Merge Heap Roots: 0.59ms
[7510.263s][info][gc,phases      ] GC(1114)   Evacuate Collection Set: 169.57ms
[7510.263s][info][gc,phases      ] GC(1114)   Post Evacuate Collection Set: 1.23ms
[7510.263s][info][gc,phases      ] GC(1114)   Other: 0.07ms
[7510.263s][info][gc,heap        ] GC(1114) Eden regions: 716->0(714)
[7510.263s][info][gc,heap        ] GC(1114) Survivor regions: 52->54(96)
[7510.263s][info][gc,heap        ] GC(1114) Old regions: 184->187
[7510.263s][info][gc,heap        ] GC(1114) Humongous regions: 32->32
[7510.263s][info][gc,metaspace   ] GC(1114) Metaspace: 29930K(30464K)->29930K(30464K) NonClass: 26547K(26816K)->26547K(26816K) Class: 3382K(3648K)->3382K(3648K)
[7510.263s][info][gc             ] GC(1114) Pause Young (Normal) (G1 Evacuation Pause) 7845M->2156M(10240M) 171.876ms
[7510.264s][info][gc,cpu         ] GC(1114) User=1.35s Sys=0.00s Real=0.17s
....[7513.744s][info][gc,start       ] GC(1115) Pause Young (Normal) (G1 Evacuation Pause)
[7513.744s][info][gc,task        ] GC(1115) Using 8 workers of 8 for evacuation
[7513.912s][info][gc,phases      ] GC(1115)   Pre Evacuate Collection Set: 0.26ms
[7513.912s][info][gc,phases      ] GC(1115)   Merge Heap Roots: 0.55ms
[7513.912s][info][gc,phases      ] GC(1115)   Evacuate Collection Set: 166.56ms
[7513.912s][info][gc,phases      ] GC(1115)   Post Evacuate Collection Set: 1.23ms
[7513.912s][info][gc,phases      ] GC(1115)   Other: 0.07ms
[7513.912s][info][gc,heap        ] GC(1115) Eden regions: 714->0(715)
[7513.912s][info][gc,heap        ] GC(1115) Survivor regions: 54->53(96)
[7513.912s][info][gc,heap        ] GC(1115) Old regions: 187->190
[7513.912s][info][gc,heap        ] GC(1115) Humongous regions: 32->32
[7513.912s][info][gc,metaspace   ] GC(1115) Metaspace: 29930K(30464K)->29930K(30464K) NonClass: 26547K(26816K)->26547K(26816K) Class: 3382K(3648K)->3382K(3648K)
[7513.912s][info][gc             ] GC(1115) Pause Young (Normal) (G1 Evacuation Pause) 7868M->2170M(10240M) 168.808ms
[7513.912s][info][gc,cpu         ] GC(1115) User=1.33s Sys=0.00s Real=0.17s
..|..[7517.446s][info][gc,start       ] GC(1116) Pause Young (Normal) (G1 Evacuation Pause)
[7517.446s][info][gc,task        ] GC(1116) Using 8 workers of 8 for evacuation
[7517.615s][info][gc,phases      ] GC(1116)   Pre Evacuate Collection Set: 0.26ms
[7517.615s][info][gc,phases      ] GC(1116)   Merge Heap Roots: 0.55ms
[7517.615s][info][gc,phases      ] GC(1116)   Evacuate Collection Set: 166.56ms
[7517.615s][info][gc,phases      ] GC(1116)   Post Evacuate Collection Set: 1.21ms
[7517.615s][info][gc,phases      ] GC(1116)   Other: 0.06ms
[7517.615s][info][gc,heap        ] GC(1116) Eden regions: 715->0(715)
[7517.615s][info][gc,heap        ] GC(1116) Survivor regions: 53->53(96)
[7517.615s][info][gc,heap        ] GC(1116) Old regions: 190->192
[7517.615s][info][gc,heap        ] GC(1116) Humongous regions: 32->32
[7517.615s][info][gc,metaspace   ] GC(1116) Metaspace: 29930K(30464K)->29930K(30464K) NonClass: 26547K(26816K)->26547K(26816K) Class: 3382K(3648K)->3382K(3648K)
[7517.615s][info][gc             ] GC(1116) Pause Young (Normal) (G1 Evacuation Pause) 7890M->2194M(10240M) 168.813ms
[7517.615s][info][gc,cpu         ] GC(1116) User=1.33s Sys=0.00s Real=0.17s
...[7521.213s][info][gc,start       ] GC(1117) Pause Young (Normal) (G1 Evacuation Pause)
[7521.213s][info][gc,task        ] GC(1117) Using 8 workers of 8 for evacuation
[7521.391s][info][gc,phases      ] GC(1117)   Pre Evacuate Collection Set: 0.26ms
[7521.391s][info][gc,phases      ] GC(1117)   Merge Heap Roots: 0.54ms
[7521.391s][info][gc,phases      ] GC(1117)   Evacuate Collection Set: 176.49ms
[7521.391s][info][gc,phases      ] GC(1117)   Post Evacuate Collection Set: 1.25ms
[7521.391s][info][gc,phases      ] GC(1117)   Other: 0.06ms
[7521.391s][info][gc,heap        ] GC(1117) Eden regions: 715->0(713)
[7521.391s][info][gc,heap        ] GC(1117) Survivor regions: 53->55(96)
[7521.391s][info][gc,heap        ] GC(1117) Old regions: 192->195
[7521.391s][info][gc,heap        ] GC(1117) Humongous regions: 32->32
[7521.391s][info][gc,metaspace   ] GC(1117) Metaspace: 29930K(30464K)->29930K(30464K) NonClass: 26547K(26816K)->26547K(26816K) Class: 3382K(3648K)->3382K(3648K)
[7521.391s][info][gc             ] GC(1117) Pause Young (Normal) (G1 Evacuation Pause) 7914M->2232M(10240M) 178.744ms
[7521.392s][info][gc,cpu         ] GC(1117) User=1.41s Sys=0.01s Real=0.18s
....[7524.914s][info][gc,start       ] GC(1118) Pause Young (Normal) (G1 Evacuation Pause)
[7524.914s][info][gc,task        ] GC(1118) Using 8 workers of 8 for evacuation
[7525.087s][info][gc,phases      ] GC(1118)   Pre Evacuate Collection Set: 0.26ms
[7525.087s][info][gc,phases      ] GC(1118)   Merge Heap Roots: 0.60ms
[7525.087s][info][gc,phases      ] GC(1118)   Evacuate Collection Set: 170.68ms
[7525.087s][info][gc,phases      ] GC(1118)   Post Evacuate Collection Set: 1.23ms
[7525.087s][info][gc,phases      ] GC(1118)   Other: 0.06ms
[7525.087s][info][gc,heap        ] GC(1118) Eden regions: 713->0(720)
[7525.087s][info][gc,heap        ] GC(1118) Survivor regions: 55->48(96)
[7525.087s][info][gc,heap        ] GC(1118) Old regions: 195->203
[7525.087s][info][gc,heap        ] GC(1118) Humongous regions: 32->32
[7525.087s][info][gc,metaspace   ] GC(1118) Metaspace: 29930K(30464K)->29930K(30464K) NonClass: 26547K(26816K)->26547K(26816K) Class: 3382K(3648K)->3382K(3648K)
[7525.087s][info][gc             ] GC(1118) Pause Young (Normal) (G1 Evacuation Pause) 7936M->2239M(10240M) 172.967ms
[7525.087s][info][gc,cpu         ] GC(1118) User=1.36s Sys=0.00s Real=0.18s
....[7528.699s][info][gc,start       ] GC(1119) Pause Young (Normal) (G1 Evacuation Pause)
[7528.699s][info][gc,task        ] GC(1119) Using 8 workers of 8 for evacuation
[7528.867s][info][gc,phases      ] GC(1119)   Pre Evacuate Collection Set: 0.26ms
[7528.867s][info][gc,phases      ] GC(1119)   Merge Heap Roots: 0.53ms
[7528.867s][info][gc,phases      ] GC(1119)   Evacuate Collection Set: 165.97ms
[7528.867s][info][gc,phases      ] GC(1119)   Post Evacuate Collection Set: 1.26ms
[7528.867s][info][gc,phases      ] GC(1119)   Other: 0.07ms
[7528.867s][info][gc,heap        ] GC(1119) Eden regions: 720->0(714)
[7528.867s][info][gc,heap        ] GC(1119) Survivor regions: 48->54(96)
[7528.867s][info][gc,heap        ] GC(1119) Old regions: 203->203
[7528.867s][info][gc,heap        ] GC(1119) Humongous regions: 32->32
[7528.867s][info][gc,metaspace   ] GC(1119) Metaspace: 29930K(30464K)->29930K(30464K) NonClass: 26547K(26816K)->26547K(26816K) Class: 3382K(3648K)->3382K(3648K)
[7528.867s][info][gc             ] GC(1119) Pause Young (Normal) (G1 Evacuation Pause) 7999M->2291M(10240M) 168.208ms
[7528.867s][info][gc,cpu         ] GC(1119) User=1.32s Sys=0.00s Real=0.17s
....[7532.518s][info][gc,start       ] GC(1120) Pause Young (Normal) (G1 Evacuation Pause)
[7532.519s][info][gc,task        ] GC(1120) Using 8 workers of 8 for evacuation
[7532.686s][info][gc,phases      ] GC(1120)   Pre Evacuate Collection Set: 0.25ms
[7532.686s][info][gc,phases      ] GC(1120)   Merge Heap Roots: 0.54ms
[7532.686s][info][gc,phases      ] GC(1120)   Evacuate Collection Set: 165.42ms
[7532.686s][info][gc,phases      ] GC(1120)   Post Evacuate Collection Set: 1.24ms
[7532.686s][info][gc,phases      ] GC(1120)   Other: 0.06ms
[7532.686s][info][gc,heap        ] GC(1120) Eden regions: 714->0(716)
[7532.686s][info][gc,heap        ] GC(1120) Survivor regions: 54->52(96)
[7532.686s][info][gc,heap        ] GC(1120) Old regions: 203->206
[7532.686s][info][gc,heap        ] GC(1120) Humongous regions: 32->32
[7532.686s][info][gc,metaspace   ] GC(1120) Metaspace: 29930K(30464K)->29930K(30464K) NonClass: 26547K(26816K)->26547K(26816K) Class: 3382K(3648K)->3382K(3648K)
[7532.686s][info][gc             ] GC(1120) Pause Young (Normal) (G1 Evacuation Pause) 8003M->2293M(10240M) 167.645ms
[7532.686s][info][gc,cpu         ] GC(1120) User=1.32s Sys=0.00s Real=0.17s
...[7536.240s][info][gc,start       ] GC(1121) Pause Young (Normal) (G1 Evacuation Pause)
[7536.240s][info][gc,task        ] GC(1121) Using 8 workers of 8 for evacuation
[7536.407s][info][gc,phases      ] GC(1121)   Pre Evacuate Collection Set: 0.27ms
[7536.407s][info][gc,phases      ] GC(1121)   Merge Heap Roots: 0.54ms
[7536.407s][info][gc,phases      ] GC(1121)   Evacuate Collection Set: 164.07ms
[7536.407s][info][gc,phases      ] GC(1121)   Post Evacuate Collection Set: 1.25ms
[7536.407s][info][gc,phases      ] GC(1121)   Other: 0.06ms
[7536.407s][info][gc,heap        ] GC(1121) Eden regions: 716->0(716)
[7536.407s][info][gc,heap        ] GC(1121) Survivor regions: 52->52(96)
[7536.407s][info][gc,heap        ] GC(1121) Old regions: 206->209
[7536.407s][info][gc,heap        ] GC(1121) Humongous regions: 32->32
[7536.407s][info][gc,metaspace   ] GC(1121) Metaspace: 29930K(30464K)->29930K(30464K) NonClass: 26547K(26816K)->26547K(26816K) Class: 3382K(3648K)->3382K(3648K)
[7536.407s][info][gc             ] GC(1121) Pause Young (Normal) (G1 Evacuation Pause) 8021M->2315M(10240M) 166.317ms
[7536.407s][info][gc,cpu         ] GC(1121) User=1.31s Sys=0.00s Real=0.17s
....[7539.898s][info][gc,start       ] GC(1122) Pause Young (Normal) (G1 Evacuation Pause)
[7539.899s][info][gc,task        ] GC(1122) Using 8 workers of 8 for evacuation
[7540.069s][info][gc,phases      ] GC(1122)   Pre Evacuate Collection Set: 0.26ms
[7540.069s][info][gc,phases      ] GC(1122)   Merge Heap Roots: 0.54ms
[7540.069s][info][gc,phases      ] GC(1122)   Evacuate Collection Set: 168.75ms
[7540.069s][info][gc,phases      ] GC(1122)   Post Evacuate Collection Set: 1.23ms
[7540.069s][info][gc,phases      ] GC(1122)   Other: 0.06ms
[7540.069s][info][gc,heap        ] GC(1122) Eden regions: 716->0(714)
[7540.069s][info][gc,heap        ] GC(1122) Survivor regions: 52->54(96)
[7540.069s][info][gc,heap        ] GC(1122) Old regions: 209->212
[7540.069s][info][gc,heap        ] GC(1122) Humongous regions: 32->32
[7540.069s][info][gc,metaspace   ] GC(1122) Metaspace: 29930K(30464K)->29930K(30464K) NonClass: 26547K(26816K)->26547K(26816K) Class: 3382K(3648K)->3382K(3648K)
[7540.069s][info][gc             ] GC(1122) Pause Young (Normal) (G1 Evacuation Pause) 8043M->2357M(10240M) 170.983ms
[7540.070s][info][gc,cpu         ] GC(1122) User=1.35s Sys=0.00s Real=0.17s
....[7543.666s][info][gc,start       ] GC(1123) Pause Young (Normal) (G1 Evacuation Pause)
[7543.666s][info][gc,task        ] GC(1123) Using 8 workers of 8 for evacuation
[7543.829s][info][gc,phases      ] GC(1123)   Pre Evacuate Collection Set: 0.27ms
[7543.829s][info][gc,phases      ] GC(1123)   Merge Heap Roots: 0.57ms
[7543.829s][info][gc,phases      ] GC(1123)   Evacuate Collection Set: 161.02ms
[7543.829s][info][gc,phases      ] GC(1123)   Post Evacuate Collection Set: 1.24ms
[7543.829s][info][gc,phases      ] GC(1123)   Other: 0.06ms
[7543.829s][info][gc,heap        ] GC(1123) Eden regions: 714->0(716)
[7543.829s][info][gc,heap        ] GC(1123) Survivor regions: 54->52(96)
[7543.829s][info][gc,heap        ] GC(1123) Old regions: 212->214
[7543.829s][info][gc,heap        ] GC(1123) Humongous regions: 32->32
[7543.829s][info][gc,metaspace   ] GC(1123) Metaspace: 29930K(30464K)->29930K(30464K) NonClass: 26547K(26816K)->26547K(26816K) Class: 3382K(3648K)->3382K(3648K)
[7543.829s][info][gc             ] GC(1123) Pause Young (Normal) (G1 Evacuation Pause) 8069M->2358M(10240M) 163.307ms
[7543.829s][info][gc,cpu         ] GC(1123) User=1.29s Sys=0.00s Real=0.16s
....[7547.502s][info][gc,start       ] GC(1124) Pause Young (Normal) (G1 Evacuation Pause)
[7547.502s][info][gc,task        ] GC(1124) Using 8 workers of 8 for evacuation
[7547.672s][info][gc,phases      ] GC(1124)   Pre Evacuate Collection Set: 0.26ms
[7547.672s][info][gc,phases      ] GC(1124)   Merge Heap Roots: 0.63ms
[7547.672s][info][gc,phases      ] GC(1124)   Evacuate Collection Set: 167.76ms
[7547.672s][info][gc,phases      ] GC(1124)   Post Evacuate Collection Set: 1.24ms
[7547.672s][info][gc,phases      ] GC(1124)   Other: 0.06ms
[7547.672s][info][gc,heap        ] GC(1124) Eden regions: 716->0(715)
[7547.672s][info][gc,heap        ] GC(1124) Survivor regions: 52->53(96)
[7547.672s][info][gc,heap        ] GC(1124) Old regions: 214->217
[7547.672s][info][gc,heap        ] GC(1124) Humongous regions: 32->32
[7547.672s][info][gc,metaspace   ] GC(1124) Metaspace: 29930K(30464K)->29930K(30464K) NonClass: 26547K(26816K)->26547K(26816K) Class: 3382K(3648K)->3382K(3648K)
[7547.672s][info][gc             ] GC(1124) Pause Young (Normal) (G1 Evacuation Pause) 8086M->2391M(10240M) 170.096ms
[7547.672s][info][gc,cpu         ] GC(1124) User=1.33s Sys=0.01s Real=0.17s
...[7551.315s][info][gc,start       ] GC(1125) Pause Young (Normal) (G1 Evacuation Pause)
[7551.315s][info][gc,task        ] GC(1125) Using 8 workers of 8 for evacuation
[7551.498s][info][gc,phases      ] GC(1125)   Pre Evacuate Collection Set: 0.25ms
[7551.498s][info][gc,phases      ] GC(1125)   Merge Heap Roots: 0.62ms
[7551.498s][info][gc,phases      ] GC(1125)   Evacuate Collection Set: 180.99ms
[7551.498s][info][gc,phases      ] GC(1125)   Post Evacuate Collection Set: 1.23ms
[7551.498s][info][gc,phases      ] GC(1125)   Other: 0.07ms
[7551.498s][info][gc,heap        ] GC(1125) Eden regions: 715->0(712)
[7551.498s][info][gc,heap        ] GC(1125) Survivor regions: 53->56(96)
[7551.498s][info][gc,heap        ] GC(1125) Old regions: 217->220
[7551.498s][info][gc,heap        ] GC(1125) Humongous regions: 32->32
[7551.498s][info][gc,metaspace   ] GC(1125) Metaspace: 29930K(30464K)->29930K(30464K) NonClass: 26547K(26816K)->26547K(26816K) Class: 3382K(3648K)->3382K(3648K)
[7551.498s][info][gc             ] GC(1125) Pause Young (Normal) (G1 Evacuation Pause) 8111M->2434M(10240M) 183.275ms
[7551.498s][info][gc,cpu         ] GC(1125) User=1.44s Sys=0.00s Real=0.19s
....[7555.082s][info][gc,start       ] GC(1126) Pause Young (Normal) (G1 Evacuation Pause)
[7555.082s][info][gc,task        ] GC(1126) Using 8 workers of 8 for evacuation
[7555.260s][info][gc,phases      ] GC(1126)   Pre Evacuate Collection Set: 0.28ms
[7555.260s][info][gc,phases      ] GC(1126)   Merge Heap Roots: 0.53ms
[7555.260s][info][gc,phases      ] GC(1126)   Evacuate Collection Set: 175.35ms
[7555.260s][info][gc,phases      ] GC(1126)   Post Evacuate Collection Set: 1.20ms
[7555.260s][info][gc,phases      ] GC(1126)   Other: 0.07ms
[7555.260s][info][gc,heap        ] GC(1126) Eden regions: 712->0(717)
[7555.260s][info][gc,heap        ] GC(1126) Survivor regions: 56->51(96)
[7555.260s][info][gc,heap        ] GC(1126) Old regions: 220->228
[7555.260s][info][gc,heap        ] GC(1126) Humongous regions: 32->32
[7555.260s][info][gc,metaspace   ] GC(1126) Metaspace: 29930K(30464K)->29930K(30464K) NonClass: 26547K(26816K)->26547K(26816K) Class: 3382K(3648K)->3382K(3648K)
[7555.260s][info][gc             ] GC(1126) Pause Young (Normal) (G1 Evacuation Pause) 8130M->2460M(10240M) 177.563ms
[7555.260s][info][gc,cpu         ] GC(1126) User=1.39s Sys=0.00s Real=0.18s
....[7558.767s][info][gc,start       ] GC(1127) Pause Young (Normal) (G1 Evacuation Pause)
[7558.767s][info][gc,task        ] GC(1127) Using 8 workers of 8 for evacuation
[7558.938s][info][gc,phases      ] GC(1127)   Pre Evacuate Collection Set: 0.25ms
[7558.938s][info][gc,phases      ] GC(1127)   Merge Heap Roots: 0.55ms
[7558.938s][info][gc,phases      ] GC(1127)   Evacuate Collection Set: 168.84ms
[7558.938s][info][gc,phases      ] GC(1127)   Post Evacuate Collection Set: 1.22ms
[7558.938s][info][gc,phases      ] GC(1127)   Other: 0.06ms
[7558.938s][info][gc,heap        ] GC(1127) Eden regions: 717->0(718)
[7558.938s][info][gc,heap        ] GC(1127) Survivor regions: 51->50(96)
[7558.938s][info][gc,heap        ] GC(1127) Old regions: 228->234
[7558.938s][info][gc,heap        ] GC(1127) Humongous regions: 32->32
[7558.938s][info][gc,metaspace   ] GC(1127) Metaspace: 29930K(30464K)->29930K(30464K) NonClass: 26547K(26816K)->26547K(26816K) Class: 3382K(3648K)->3382K(3648K)
[7558.938s][info][gc             ] GC(1127) Pause Young (Normal) (G1 Evacuation Pause) 8196M->2498M(10240M) 171.061ms
[7558.938s][info][gc,cpu         ] GC(1127) User=1.34s Sys=0.00s Real=0.17s
....[7562.625s][info][gc,start       ] GC(1128) Pause Young (Normal) (G1 Evacuation Pause)
[7562.625s][info][gc,task        ] GC(1128) Using 8 workers of 8 for evacuation
[7562.787s][info][gc,phases      ] GC(1128)   Pre Evacuate Collection Set: 0.27ms
[7562.787s][info][gc,phases      ] GC(1128)   Merge Heap Roots: 0.55ms
[7562.787s][info][gc,phases      ] GC(1128)   Evacuate Collection Set: 159.10ms
[7562.787s][info][gc,phases      ] GC(1128)   Post Evacuate Collection Set: 1.25ms
[7562.787s][info][gc,phases      ] GC(1128)   Other: 0.06ms
[7562.787s][info][gc,heap        ] GC(1128) Eden regions: 718->0(715)
[7562.787s][info][gc,heap        ] GC(1128) Survivor regions: 50->53(96)
[7562.787s][info][gc,heap        ] GC(1128) Old regions: 234->234
[7562.787s][info][gc,heap        ] GC(1128) Humongous regions: 32->32
[7562.787s][info][gc,metaspace   ] GC(1128) Metaspace: 29930K(30464K)->29930K(30464K) NonClass: 26547K(26816K)->26547K(26816K) Class: 3382K(3648K)->3382K(3648K)
[7562.787s][info][gc             ] GC(1128) Pause Young (Normal) (G1 Evacuation Pause) 8242M->2522M(10240M) 161.380ms
[7562.787s][info][gc,cpu         ] GC(1128) User=1.27s Sys=0.00s Real=0.16s
...[7566.362s][info][gc,start       ] GC(1129) Pause Young (Normal) (G1 Evacuation Pause)
[7566.362s][info][gc,task        ] GC(1129) Using 8 workers of 8 for evacuation
[7566.531s][info][gc,phases      ] GC(1129)   Pre Evacuate Collection Set: 0.28ms
[7566.531s][info][gc,phases      ] GC(1129)   Merge Heap Roots: 0.56ms
[7566.531s][info][gc,phases      ] GC(1129)   Evacuate Collection Set: 166.96ms
[7566.531s][info][gc,phases      ] GC(1129)   Post Evacuate Collection Set: 1.26ms
[7566.531s][info][gc,phases      ] GC(1129)   Other: 0.08ms
[7566.531s][info][gc,heap        ] GC(1129) Eden regions: 715->0(715)
[7566.531s][info][gc,heap        ] GC(1129) Survivor regions: 53->53(96)
[7566.531s][info][gc,heap        ] GC(1129) Old regions: 234->236
[7566.531s][info][gc,heap        ] GC(1129) Humongous regions: 32->32
[7566.531s][info][gc,metaspace   ] GC(1129) Metaspace: 29930K(30464K)->29930K(30464K) NonClass: 26547K(26816K)->26547K(26816K) Class: 3382K(3648K)->3382K(3648K)
[7566.531s][info][gc             ] GC(1129) Pause Young (Normal) (G1 Evacuation Pause) 8242M->2547M(10240M) 169.269ms
[7566.531s][info][gc,cpu         ] GC(1129) User=1.33s Sys=0.00s Real=0.17s
....[7570.080s][info][gc,start       ] GC(1130) Pause Young (Normal) (G1 Evacuation Pause)
[7570.080s][info][gc,task        ] GC(1130) Using 8 workers of 8 for evacuation
[7570.255s][info][gc,phases      ] GC(1130)   Pre Evacuate Collection Set: 0.26ms
[7570.255s][info][gc,phases      ] GC(1130)   Merge Heap Roots: 0.64ms
[7570.255s][info][gc,phases      ] GC(1130)   Evacuate Collection Set: 173.28ms
[7570.255s][info][gc,phases      ] GC(1130)   Post Evacuate Collection Set: 1.25ms
[7570.255s][info][gc,phases      ] GC(1130)   Other: 0.06ms
[7570.255s][info][gc,heap        ] GC(1130) Eden regions: 715->0(713)
[7570.255s][info][gc,heap        ] GC(1130) Survivor regions: 53->55(96)
[7570.255s][info][gc,heap        ] GC(1130) Old regions: 236->239
[7570.255s][info][gc,heap        ] GC(1130) Humongous regions: 32->32
[7570.255s][info][gc,metaspace   ] GC(1130) Metaspace: 29930K(30464K)->29930K(30464K) NonClass: 26547K(26816K)->26547K(26816K) Class: 3382K(3648K)->3382K(3648K)
[7570.255s][info][gc             ] GC(1130) Pause Young (Normal) (G1 Evacuation Pause) 8267M->2580M(10240M) 175.635ms
[7570.255s][info][gc,cpu         ] GC(1130) User=1.38s Sys=0.00s Real=0.18s
....[7573.848s][info][gc,start       ] GC(1131) Pause Young (Normal) (G1 Evacuation Pause)
[7573.848s][info][gc,task        ] GC(1131) Using 8 workers of 8 for evacuation
[7574.016s][info][gc,phases      ] GC(1131)   Pre Evacuate Collection Set: 0.26ms
[7574.016s][info][gc,phases      ] GC(1131)   Merge Heap Roots: 0.54ms
[7574.016s][info][gc,phases      ] GC(1131)   Evacuate Collection Set: 166.08ms
[7574.016s][info][gc,phases      ] GC(1131)   Post Evacuate Collection Set: 1.26ms
[7574.016s][info][gc,phases      ] GC(1131)   Other: 0.06ms
[7574.016s][info][gc,heap        ] GC(1131) Eden regions: 713->0(716)
[7574.016s][info][gc,heap        ] GC(1131) Survivor regions: 55->52(96)
[7574.016s][info][gc,heap        ] GC(1131) Old regions: 239->242
[7574.016s][info][gc,heap        ] GC(1131) Humongous regions: 32->32
[7574.016s][info][gc,metaspace   ] GC(1131) Metaspace: 29930K(30464K)->29930K(30464K) NonClass: 26547K(26816K)->26547K(26816K) Class: 3382K(3648K)->3382K(3648K)
[7574.016s][info][gc             ] GC(1131) Pause Young (Normal) (G1 Evacuation Pause) 8284M->2581M(10240M) 168.349ms
[7574.016s][info][gc,cpu         ] GC(1131) User=1.32s Sys=0.00s Real=0.17s
.. (rIR:aIR:PR = 12868:12811:12839) (tPR = 191365) [OK] 
  7575s: Performance info:
         Transaction,    Success,    Partial,     Failed,   Receipts, AvgBarcode, 
             Overall,     773721,          0,          0,     734531,      59.47, 
         Response times:
             Request,    Success,    Partial,     Failed,   SkipFail,     Probes,    Samples,      min,      p50,      p90,      p95,      p99,      max, 
       TotalPurchase,     732686,          0,          0,          0,     115651,     908022,     7700,   545000,   980000,  1300000,  3500000, 32000000,
     InStorePurchase,     386010,          0,          0,          0,      57062,     477439,     7700,   541000,  1000000,  1300000,  4000000, 32000000,
      OnlinePurchase,     269097,          0,          0,          0,      40206,     333937,    14500,   546000,   980000,  1300000,  3100000, 32000000,
        InstPurchase,      77579,          0,          0,          0,      18383,      96646,    15000,   561000,   960000,  1200000,  1800000, 22000000,
          AssocOfCat,        773,          0,          0,          0,        364,       1915,    87000,   571000,   940000,  1200000,  1800000,  4600000,
      AssocOfProduct,       7832,          0,          0,          0,       1830,      10334,    30000,   500500,   870000,  1200000,  2600000, 12000000,
      BusinessReport,       1939,          0,          0,          0,        768,       4879,    94000,   583000,   970000,  1200000,  1700000, 22000000,
          CustBuyBeh,       7831,          0,          0,          0,       1904,      10240,    13800,   498000,   890000,  1200000,  2259000, 27000000,
       ProductReturn,      20962,          0,          0,          0,       3957,      23835,    16800,   500000,   900000,  1100000,  1700000, 27000000,

  7575s: (94%)   IR =  13007 .[7577.672s][info][gc,start       ] GC(1132) Pause Young (Normal) (G1 Evacuation Pause)
[7577.672s][info][gc,task        ] GC(1132) Using 8 workers of 8 for evacuation
[7577.851s][info][gc,phases      ] GC(1132)   Pre Evacuate Collection Set: 0.28ms
[7577.851s][info][gc,phases      ] GC(1132)   Merge Heap Roots: 0.56ms
[7577.851s][info][gc,phases      ] GC(1132)   Evacuate Collection Set: 175.90ms
[7577.851s][info][gc,phases      ] GC(1132)   Post Evacuate Collection Set: 1.31ms
[7577.851s][info][gc,phases      ] GC(1132)   Other: 0.06ms
[7577.851s][info][gc,heap        ] GC(1132) Eden regions: 716->0(714)
[7577.851s][info][gc,heap        ] GC(1132) Survivor regions: 52->54(96)
[7577.851s][info][gc,heap        ] GC(1132) Old regions: 242->244
[7577.851s][info][gc,heap        ] GC(1132) Humongous regions: 32->32
[7577.851s][info][gc,metaspace   ] GC(1132) Metaspace: 29930K(30464K)->29930K(30464K) NonClass: 26547K(26816K)->26547K(26816K) Class: 3382K(3648K)->3382K(3648K)
[7577.851s][info][gc             ] GC(1132) Pause Young (Normal) (G1 Evacuation Pause) 8309M->2619M(10240M) 178.275ms
[7577.851s][info][gc,cpu         ] GC(1132) User=1.40s Sys=0.00s Real=0.18s
....[7581.459s][info][gc,start       ] GC(1133) Pause Young (Normal) (G1 Evacuation Pause)
[7581.459s][info][gc,task        ] GC(1133) Using 8 workers of 8 for evacuation
[7581.634s][info][gc,phases      ] GC(1133)   Pre Evacuate Collection Set: 0.27ms
[7581.634s][info][gc,phases      ] GC(1133)   Merge Heap Roots: 0.62ms
[7581.634s][info][gc,phases      ] GC(1133)   Evacuate Collection Set: 172.69ms
[7581.634s][info][gc,phases      ] GC(1133)   Post Evacuate Collection Set: 1.26ms
[7581.634s][info][gc,phases      ] GC(1133)   Other: 0.06ms
[7581.634s][info][gc,heap        ] GC(1133) Eden regions: 714->0(714)
[7581.634s][info][gc,heap        ] GC(1133) Survivor regions: 54->54(96)
[7581.634s][info][gc,heap        ] GC(1133) Old regions: 244->247
[7581.634s][info][gc,heap        ] GC(1133) Humongous regions: 32->32
[7581.634s][info][gc,metaspace   ] GC(1133) Metaspace: 29930K(30464K)->29930K(30464K) NonClass: 26547K(26816K)->26547K(26816K) Class: 3382K(3648K)->3382K(3648K)
[7581.634s][info][gc             ] GC(1133) Pause Young (Normal) (G1 Evacuation Pause) 8331M->2638M(10240M) 175.038ms
[7581.634s][info][gc,cpu         ] GC(1133) User=1.38s Sys=0.00s Real=0.17s
....[7585.234s][info][gc,start       ] GC(1134) Pause Young (Normal) (G1 Evacuation Pause)
[7585.235s][info][gc,task        ] GC(1134) Using 8 workers of 8 for evacuation
[7585.415s][info][gc,phases      ] GC(1134)   Pre Evacuate Collection Set: 0.25ms
[7585.415s][info][gc,phases      ] GC(1134)   Merge Heap Roots: 0.55ms
[7585.415s][info][gc,phases      ] GC(1134)   Evacuate Collection Set: 178.26ms
[7585.415s][info][gc,phases      ] GC(1134)   Post Evacuate Collection Set: 1.26ms
[7585.415s][info][gc,phases      ] GC(1134)   Other: 0.06ms
[7585.415s][info][gc,heap        ] GC(1134) Eden regions: 714->0(683)
[7585.415s][info][gc,heap        ] GC(1134) Survivor regions: 54->56(96)
[7585.415s][info][gc,heap        ] GC(1134) Old regions: 247->250
[7585.415s][info][gc,heap        ] GC(1134) Humongous regions: 32->32
[7585.415s][info][gc,metaspace   ] GC(1134) Metaspace: 29930K(30464K)->29930K(30464K) NonClass: 26547K(26816K)->26547K(26816K) Class: 3382K(3648K)->3382K(3648K)
[7585.415s][info][gc             ] GC(1134) Pause Young (Normal) (G1 Evacuation Pause) 8350M->2680M(10240M) 180.516ms
[7585.415s][info][gc,cpu         ] GC(1134) User=1.42s Sys=0.00s Real=0.19s
...[7588.768s][info][gc,start       ] GC(1135) Pause Young (Normal) (G1 Evacuation Pause)
[7588.768s][info][gc,task        ] GC(1135) Using 8 workers of 8 for evacuation
[7588.937s][info][gc,phases      ] GC(1135)   Pre Evacuate Collection Set: 0.26ms
[7588.937s][info][gc,phases      ] GC(1135)   Merge Heap Roots: 0.56ms
[7588.937s][info][gc,phases      ] GC(1135)   Evacuate Collection Set: 166.23ms
[7588.937s][info][gc,phases      ] GC(1135)   Post Evacuate Collection Set: 1.22ms
[7588.937s][info][gc,phases      ] GC(1135)   Other: 0.07ms
[7588.937s][info][gc,heap        ] GC(1135) Eden regions: 682->0(721)
[7588.937s][info][gc,heap        ] GC(1135) Survivor regions: 56->47(93)
[7588.937s][info][gc,heap        ] GC(1135) Old regions: 250->258
[7588.937s][info][gc,heap        ] GC(1135) Humongous regions: 32->32
[7588.937s][info][gc,metaspace   ] GC(1135) Metaspace: 29930K(30464K)->29930K(30464K) NonClass: 26547K(26816K)->26547K(26816K) Class: 3382K(3648K)->3382K(3648K)
[7588.937s][info][gc             ] GC(1135) Pause Young (Normal) (G1 Evacuation Pause) 8136M->2675M(10240M) 168.466ms
[7588.937s][info][gc,cpu         ] GC(1135) User=1.32s Sys=0.00s Real=0.17s
....[7592.660s][info][gc,start       ] GC(1136) Pause Young (Normal) (G1 Evacuation Pause)
[7592.660s][info][gc,task        ] GC(1136) Using 8 workers of 8 for evacuation
[7592.815s][info][gc,phases      ] GC(1136)   Pre Evacuate Collection Set: 0.27ms
[7592.815s][info][gc,phases      ] GC(1136)   Merge Heap Roots: 0.60ms
[7592.815s][info][gc,phases      ] GC(1136)   Evacuate Collection Set: 152.98ms
[7592.815s][info][gc,phases      ] GC(1136)   Post Evacuate Collection Set: 1.25ms
[7592.815s][info][gc,phases      ] GC(1136)   Other: 0.07ms
[7592.815s][info][gc,heap        ] GC(1136) Eden regions: 721->0(717)
[7592.815s][info][gc,heap        ] GC(1136) Survivor regions: 47->51(96)
[7592.815s][info][gc,heap        ] GC(1136) Old regions: 258->258
[7592.815s][info][gc,heap        ] GC(1136) Humongous regions: 32->32
[7592.815s][info][gc,metaspace   ] GC(1136) Metaspace: 29930K(30464K)->29930K(30464K) NonClass: 26547K(26816K)->26547K(26816K) Class: 3382K(3648K)->3382K(3648K)
[7592.815s][info][gc             ] GC(1136) Pause Young (Normal) (G1 Evacuation Pause) 8443M->2703M(10240M) 155.314ms
[7592.815s][info][gc,cpu         ] GC(1136) User=1.23s Sys=0.00s Real=0.16s
....[7596.502s][info][gc,start       ] GC(1137) Pause Young (Normal) (G1 Evacuation Pause)
[7596.503s][info][gc,task        ] GC(1137) Using 8 workers of 8 for evacuation
[7596.670s][info][gc,phases      ] GC(1137)   Pre Evacuate Collection Set: 0.25ms
[7596.670s][info][gc,phases      ] GC(1137)   Merge Heap Roots: 0.54ms
[7596.670s][info][gc,phases      ] GC(1137)   Evacuate Collection Set: 165.57ms
[7596.670s][info][gc,phases      ] GC(1137)   Post Evacuate Collection Set: 1.20ms
[7596.670s][info][gc,phases      ] GC(1137)   Other: 0.06ms
[7596.670s][info][gc,heap        ] GC(1137) Eden regions: 717->0(716)
[7596.670s][info][gc,heap        ] GC(1137) Survivor regions: 51->52(96)
[7596.670s][info][gc,heap        ] GC(1137) Old regions: 258->261
[7596.670s][info][gc,heap        ] GC(1137) Humongous regions: 32->32
[7596.670s][info][gc,metaspace   ] GC(1137) Metaspace: 29930K(30464K)->29930K(30464K) NonClass: 26547K(26816K)->26547K(26816K) Class: 3382K(3648K)->3382K(3648K)
[7596.670s][info][gc             ] GC(1137) Pause Young (Normal) (G1 Evacuation Pause) 8439M->2738M(10240M) 167.745ms
[7596.670s][info][gc,cpu         ] GC(1137) User=1.32s Sys=0.00s Real=0.17s
....[7600.101s][info][gc,start       ] GC(1138) Pause Young (Normal) (G1 Evacuation Pause)
[7600.101s][info][gc,task        ] GC(1138) Using 8 workers of 8 for evacuation
[7600.277s][info][gc,phases      ] GC(1138)   Pre Evacuate Collection Set: 0.27ms
[7600.277s][info][gc,phases      ] GC(1138)   Merge Heap Roots: 0.56ms
[7600.277s][info][gc,phases      ] GC(1138)   Evacuate Collection Set: 173.89ms
[7600.277s][info][gc,phases      ] GC(1138)   Post Evacuate Collection Set: 1.26ms
[7600.277s][info][gc,phases      ] GC(1138)   Other: 0.06ms
[7600.277s][info][gc,heap        ] GC(1138) Eden regions: 716->0(713)
[7600.277s][info][gc,heap        ] GC(1138) Survivor regions: 52->55(96)
[7600.277s][info][gc,heap        ] GC(1138) Old regions: 261->264
[7600.277s][info][gc,heap        ] GC(1138) Humongous regions: 32->32
[7600.277s][info][gc,metaspace   ] GC(1138) Metaspace: 29930K(30464K)->29930K(30464K) NonClass: 26547K(26816K)->26547K(26816K) Class: 3382K(3648K)->3382K(3648K)
[7600.277s][info][gc             ] GC(1138) Pause Young (Normal) (G1 Evacuation Pause) 8466M->2780M(10240M) 176.175ms
[7600.277s][info][gc,cpu         ] GC(1138) User=1.38s Sys=0.00s Real=0.18s
...[7603.879s][info][gc,start       ] GC(1139) Pause Young (Normal) (G1 Evacuation Pause)
[7603.879s][info][gc,task        ] GC(1139) Using 8 workers of 8 for evacuation
[7604.050s][info][gc,phases      ] GC(1139)   Pre Evacuate Collection Set: 0.26ms
[7604.050s][info][gc,phases      ] GC(1139)   Merge Heap Roots: 0.55ms
[7604.050s][info][gc,phases      ] GC(1139)   Evacuate Collection Set: 168.76ms
[7604.050s][info][gc,phases      ] GC(1139)   Post Evacuate Collection Set: 1.28ms
[7604.050s][info][gc,phases      ] GC(1139)   Other: 0.07ms
[7604.050s][info][gc,heap        ] GC(1139) Eden regions: 713->0(714)
[7604.050s][info][gc,heap        ] GC(1139) Survivor regions: 55->54(96)
[7604.050s][info][gc,heap        ] GC(1139) Old regions: 264->267
[7604.050s][info][gc,heap        ] GC(1139) Humongous regions: 32->32
[7604.050s][info][gc,metaspace   ] GC(1139) Metaspace: 29930K(30464K)->29930K(30464K) NonClass: 26547K(26816K)->26547K(26816K) Class: 3382K(3648K)->3382K(3648K)
[7604.050s][info][gc             ] GC(1139) Pause Young (Normal) (G1 Evacuation Pause) 8484M->2794M(10240M) 171.060ms
[7604.050s][info][gc,cpu         ] GC(1139) User=1.34s Sys=0.00s Real=0.17s
...|.[7607.592s][info][gc,start       ] GC(1140) Pause Young (Normal) (G1 Evacuation Pause)
[7607.592s][info][gc,task        ] GC(1140) Using 8 workers of 8 for evacuation
[7607.757s][info][gc,phases      ] GC(1140)   Pre Evacuate Collection Set: 0.26ms
[7607.757s][info][gc,phases      ] GC(1140)   Merge Heap Roots: 0.55ms
[7607.757s][info][gc,phases      ] GC(1140)   Evacuate Collection Set: 163.18ms
[7607.757s][info][gc,phases      ] GC(1140)   Post Evacuate Collection Set: 1.28ms
[7607.757s][info][gc,phases      ] GC(1140)   Other: 0.06ms
[7607.757s][info][gc,heap        ] GC(1140) Eden regions: 714->0(717)
[7607.757s][info][gc,heap        ] GC(1140) Survivor regions: 54->51(96)
[7607.757s][info][gc,heap        ] GC(1140) Old regions: 267->269
[7607.757s][info][gc,heap        ] GC(1140) Humongous regions: 32->32
[7607.757s][info][gc,metaspace   ] GC(1140) Metaspace: 29930K(30464K)->29930K(30464K) NonClass: 26547K(26816K)->26547K(26816K) Class: 3382K(3648K)->3382K(3648K)
[7607.757s][info][gc             ] GC(1140) Pause Young (Normal) (G1 Evacuation Pause) 8506M->2795M(10240M) 165.472ms
[7607.758s][info][gc,cpu         ] GC(1140) User=1.30s Sys=0.00s Real=0.17s
....[7611.229s][info][gc,start       ] GC(1141) Pause Young (Concurrent Start) (G1 Evacuation Pause)
[7611.229s][info][gc,task        ] GC(1141) Using 8 workers of 8 for evacuation
[7611.405s][info][gc,phases      ] GC(1141)   Pre Evacuate Collection Set: 0.29ms
[7611.405s][info][gc,phases      ] GC(1141)   Merge Heap Roots: 0.57ms
[7611.405s][info][gc,phases      ] GC(1141)   Evacuate Collection Set: 173.70ms
[7611.405s][info][gc,phases      ] GC(1141)   Post Evacuate Collection Set: 1.26ms
[7611.405s][info][gc,phases      ] GC(1141)   Other: 0.07ms
[7611.405s][info][gc,heap        ] GC(1141) Eden regions: 717->0(713)
[7611.405s][info][gc,heap        ] GC(1141) Survivor regions: 51->55(96)
[7611.405s][info][gc,heap        ] GC(1141) Old regions: 269->272
[7611.405s][info][gc,heap        ] GC(1141) Humongous regions: 32->32
[7611.405s][info][gc,metaspace   ] GC(1141) Metaspace: 29930K(30464K)->29930K(30464K) NonClass: 26547K(26816K)->26547K(26816K) Class: 3382K(3648K)->3382K(3648K)
[7611.405s][info][gc             ] GC(1141) Pause Young (Concurrent Start) (G1 Evacuation Pause) 8531M->2845M(10240M) 176.019ms
[7611.405s][info][gc             ] GC(1142) Concurrent Mark Cycle
[7611.405s][info][gc,marking     ] GC(1142) Concurrent Scan Root Regions
[7611.405s][info][gc,cpu         ] GC(1141) User=1.39s Sys=0.01s Real=0.18s
[7611.844s][info][gc,marking     ] GC(1142) Concurrent Scan Root Regions 438.565ms
[7611.844s][info][gc,marking     ] GC(1142) Concurrent Mark
[7611.844s][info][gc,marking     ] GC(1142) Concurrent Mark From Roots
[7611.844s][info][gc,task        ] GC(1142) Using 2 workers of 2 for marking
.[7612.936s][info][gc,marking     ] GC(1142) Concurrent Mark From Roots 1092.318ms
[7612.936s][info][gc,marking     ] GC(1142) Concurrent Preclean
[7612.936s][info][gc,marking     ] GC(1142) Concurrent Preclean 0.183ms
[7612.936s][info][gc,start       ] GC(1142) Pause Remark
[7612.939s][info][metaspace      ] ChkMgr @0x00007f2db05410c0 (non-class-space): : reclaiming memory...
[7612.939s][info][metaspace      ] ChkMgr @0x00007f2db05410c0 (non-class-space): nothing reclaimed.
[7612.939s][info][metaspace      ] ChkMgr @0x00007f2db0540f00 (class-space): : reclaiming memory...
[7612.939s][info][metaspace      ] ChkMgr @0x00007f2db0540f00 (class-space): nothing reclaimed.
[7612.939s][info][gc             ] GC(1142) Pause Remark 4525M->4213M(10240M) 2.460ms
[7612.939s][info][gc,cpu         ] GC(1142) User=0.01s Sys=0.00s Real=0.00s
[7612.940s][info][gc,marking     ] GC(1142) Concurrent Mark 1096.186ms
[7612.940s][info][gc,marking     ] GC(1142) Concurrent Rebuild Remembered Sets and Scrub Regions
.[7613.523s][info][gc,marking     ] GC(1142) Concurrent Rebuild Remembered Sets and Scrub Regions 582.745ms
[7613.523s][info][gc,start       ] GC(1142) Pause Cleanup
[7613.523s][info][gc             ] GC(1142) Pause Cleanup 4905M->4905M(10240M) 0.287ms
[7613.523s][info][gc,cpu         ] GC(1142) User=0.00s Sys=0.00s Real=0.00s
[7613.523s][info][gc,marking     ] GC(1142) Concurrent Clear Claimed Marks
[7613.523s][info][gc,marking     ] GC(1142) Concurrent Clear Claimed Marks 0.041ms
[7613.523s][info][gc,marking     ] GC(1142) Concurrent Cleanup for Next Mark
[7613.535s][info][gc,marking     ] GC(1142) Concurrent Cleanup for Next Mark 12.091ms
[7613.535s][info][gc             ] GC(1142) Concurrent Mark Cycle 2130.405ms
..[7615.700s][info][gc,start       ] GC(1143) Pause Young (Prepare Mixed) (G1 Evacuation Pause)
[7615.700s][info][gc,task        ] GC(1143) Using 8 workers of 8 for evacuation
[7615.873s][info][gc,phases      ] GC(1143)   Pre Evacuate Collection Set: 0.26ms
[7615.873s][info][gc,phases      ] GC(1143)   Merge Heap Roots: 0.75ms
[7615.873s][info][gc,phases      ] GC(1143)   Evacuate Collection Set: 170.99ms
[7615.873s][info][gc,phases      ] GC(1143)   Post Evacuate Collection Set: 1.34ms
[7615.873s][info][gc,phases      ] GC(1143)   Other: 0.07ms
[7615.873s][info][gc,heap        ] GC(1143) Eden regions: 713->0(687)
[7615.873s][info][gc,heap        ] GC(1143) Survivor regions: 55->54(96)
[7615.873s][info][gc,heap        ] GC(1143) Old regions: 233->236
[7615.873s][info][gc,heap        ] GC(1143) Humongous regions: 32->32
[7615.873s][info][gc,metaspace   ] GC(1143) Metaspace: 29920K(30464K)->29920K(30464K) NonClass: 26541K(26816K)->26541K(26816K) Class: 3378K(3648K)->3378K(3648K)
[7615.873s][info][gc             ] GC(1143) Pause Young (Prepare Mixed) (G1 Evacuation Pause) 8237M->2550M(10240M) 173.553ms
[7615.873s][info][gc,cpu         ] GC(1143) User=1.37s Sys=0.00s Real=0.17s
....[7619.488s][info][gc,start       ] GC(1144) Pause Young (Mixed) (G1 Evacuation Pause)
[7619.488s][info][gc,task        ] GC(1144) Using 8 workers of 8 for evacuation
[7619.664s][info][gc,phases      ] GC(1144)   Pre Evacuate Collection Set: 0.28ms
[7619.664s][info][gc,phases      ] GC(1144)   Merge Heap Roots: 0.69ms
[7619.664s][info][gc,phases      ] GC(1144)   Evacuate Collection Set: 173.92ms
[7619.664s][info][gc,phases      ] GC(1144)   Post Evacuate Collection Set: 1.41ms
[7619.664s][info][gc,phases      ] GC(1144)   Other: 0.08ms
[7619.664s][info][gc,heap        ] GC(1144) Eden regions: 704->0(710)
[7619.664s][info][gc,heap        ] GC(1144) Survivor regions: 54->53(95)
[7619.664s][info][gc,heap        ] GC(1144) Old regions: 236->225
[7619.664s][info][gc,heap        ] GC(1144) Humongous regions: 32->32
[7619.664s][info][gc,metaspace   ] GC(1144) Metaspace: 29920K(30464K)->29920K(30464K) NonClass: 26541K(26816K)->26541K(26816K) Class: 3378K(3648K)->3378K(3648K)
[7619.664s][info][gc             ] GC(1144) Pause Young (Mixed) (G1 Evacuation Pause) 8182M->2451M(10240M) 176.524ms
[7619.664s][info][gc,cpu         ] GC(1144) User=1.39s Sys=0.00s Real=0.17s
....[7623.386s][info][gc,start       ] GC(1145) Pause Young (Mixed) (G1 Evacuation Pause)
[7623.386s][info][gc,task        ] GC(1145) Using 8 workers of 8 for evacuation
[7623.559s][info][gc,phases      ] GC(1145)   Pre Evacuate Collection Set: 0.27ms
[7623.559s][info][gc,phases      ] GC(1145)   Merge Heap Roots: 0.64ms
[7623.559s][info][gc,phases      ] GC(1145)   Evacuate Collection Set: 170.84ms
[7623.559s][info][gc,phases      ] GC(1145)   Post Evacuate Collection Set: 1.38ms
[7623.559s][info][gc,phases      ] GC(1145)   Other: 0.07ms
[7623.559s][info][gc,heap        ] GC(1145) Eden regions: 710->0(716)
[7623.559s][info][gc,heap        ] GC(1145) Survivor regions: 53->52(96)
[7623.559s][info][gc,heap        ] GC(1145) Old regions: 225->213
[7623.559s][info][gc,heap        ] GC(1145) Humongous regions: 32->32
[7623.559s][info][gc,metaspace   ] GC(1145) Metaspace: 29920K(30464K)->29920K(30464K) NonClass: 26541K(26816K)->26541K(26816K) Class: 3378K(3648K)->3378K(3648K)
[7623.559s][info][gc             ] GC(1145) Pause Young (Mixed) (G1 Evacuation Pause) 8131M->2354M(10240M) 173.349ms
[7623.559s][info][gc,cpu         ] GC(1145) User=1.36s Sys=0.00s Real=0.17s
....[7627.069s][info][gc,start       ] GC(1146) Pause Young (Mixed) (G1 Evacuation Pause)
[7627.069s][info][gc,task        ] GC(1146) Using 8 workers of 8 for evacuation
[7627.249s][info][gc,phases      ] GC(1146)   Pre Evacuate Collection Set: 0.28ms
[7627.249s][info][gc,phases      ] GC(1146)   Merge Heap Roots: 0.72ms
[7627.249s][info][gc,phases      ] GC(1146)   Evacuate Collection Set: 175.55ms
[7627.249s][info][gc,phases      ] GC(1146)   Merge Optional Heap Roots: 0.08ms
[7627.249s][info][gc,phases      ] GC(1146)   Evacuate Optional Collection Set: 1.66ms
[7627.249s][info][gc,phases      ] GC(1146)   Post Evacuate Collection Set: 1.46ms
[7627.249s][info][gc,phases      ] GC(1146)   Other: 0.08ms
[7627.249s][info][gc,heap        ] GC(1146) Eden regions: 716->0(657)
[7627.249s][info][gc,heap        ] GC(1146) Survivor regions: 52->55(96)
[7627.249s][info][gc,heap        ] GC(1146) Old regions: 213->169
[7627.249s][info][gc,heap        ] GC(1146) Humongous regions: 32->32
[7627.249s][info][gc,metaspace   ] GC(1146) Metaspace: 29920K(30464K)->29920K(30464K) NonClass: 26541K(26816K)->26541K(26816K) Class: 3378K(3648K)->3378K(3648K)
[7627.249s][info][gc             ] GC(1146) Pause Young (Mixed) (G1 Evacuation Pause) 8082M->2016M(10240M) 179.963ms
[7627.249s][info][gc,cpu         ] GC(1146) User=1.41s Sys=0.01s Real=0.18s
...[7630.689s][info][gc,start       ] GC(1147) Pause Young (Mixed) (G1 Evacuation Pause)
[7630.689s][info][gc,task        ] GC(1147) Using 8 workers of 8 for evacuation
[7630.859s][info][gc,phases      ] GC(1147)   Pre Evacuate Collection Set: 0.27ms
[7630.859s][info][gc,phases      ] GC(1147)   Merge Heap Roots: 0.69ms
[7630.859s][info][gc,phases      ] GC(1147)   Evacuate Collection Set: 167.62ms
[7630.859s][info][gc,phases      ] GC(1147)   Post Evacuate Collection Set: 1.24ms
[7630.859s][info][gc,phases      ] GC(1147)   Other: 0.09ms
[7630.859s][info][gc,heap        ] GC(1147) Eden regions: 659->0(721)
[7630.859s][info][gc,heap        ] GC(1147) Survivor regions: 55->47(90)
[7630.859s][info][gc,heap        ] GC(1147) Old regions: 169->164
[7630.859s][info][gc,heap        ] GC(1147) Humongous regions: 32->32
[7630.859s][info][gc,metaspace   ] GC(1147) Metaspace: 29920K(30464K)->29920K(30464K) NonClass: 26541K(26816K)->26541K(26816K) Class: 3378K(3648K)->3378K(3648K)
[7630.859s][info][gc             ] GC(1147) Pause Young (Mixed) (G1 Evacuation Pause) 7288M->1914M(10240M) 170.044ms
[7630.859s][info][gc,cpu         ] GC(1147) User=1.34s Sys=0.00s Real=0.17s
....[7634.324s][info][gc,start       ] GC(1148) Pause Young (Mixed) (G1 Evacuation Pause)
[7634.324s][info][gc,task        ] GC(1148) Using 8 workers of 8 for evacuation
[7634.501s][info][gc,phases      ] GC(1148)   Pre Evacuate Collection Set: 0.26ms
[7634.501s][info][gc,phases      ] GC(1148)   Merge Heap Roots: 0.73ms
[7634.501s][info][gc,phases      ] GC(1148)   Evacuate Collection Set: 174.14ms
[7634.501s][info][gc,phases      ] GC(1148)   Post Evacuate Collection Set: 1.25ms
[7634.501s][info][gc,phases      ] GC(1148)   Other: 0.07ms
[7634.501s][info][gc,heap        ] GC(1148) Eden regions: 721->0(713)
[7634.501s][info][gc,heap        ] GC(1148) Survivor regions: 47->55(96)
[7634.501s][info][gc,heap        ] GC(1148) Old regions: 164->146
[7634.501s][info][gc,heap        ] GC(1148) Humongous regions: 32->32
[7634.501s][info][gc,metaspace   ] GC(1148) Metaspace: 29920K(30464K)->29920K(30464K) NonClass: 26541K(26816K)->26541K(26816K) Class: 3378K(3648K)->3378K(3648K)
[7634.501s][info][gc             ] GC(1148) Pause Young (Mixed) (G1 Evacuation Pause) 7682M->1838M(10240M) 176.603ms
[7634.501s][info][gc,cpu         ] GC(1148) User=1.39s Sys=0.00s Real=0.18s
...[7637.981s][info][gc,start       ] GC(1149) Pause Young (Normal) (G1 Evacuation Pause)
[7637.981s][info][gc,task        ] GC(1149) Using 8 workers of 8 for evacuation
[7638.155s][info][gc,phases      ] GC(1149)   Pre Evacuate Collection Set: 0.27ms
[7638.155s][info][gc,phases      ] GC(1149)   Merge Heap Roots: 0.53ms
[7638.155s][info][gc,phases      ] GC(1149)   Evacuate Collection Set: 172.17ms
[7638.155s][info][gc,phases      ] GC(1149)   Post Evacuate Collection Set: 1.27ms
[7638.155s][info][gc,phases      ] GC(1149)   Other: 0.06ms
[7638.155s][info][gc,heap        ] GC(1149) Eden regions: 713->0(713)
[7638.155s][info][gc,heap        ] GC(1149) Survivor regions: 55->55(96)
[7638.155s][info][gc,heap        ] GC(1149) Old regions: 146->149
[7638.155s][info][gc,heap        ] GC(1149) Humongous regions: 32->32
[7638.155s][info][gc,metaspace   ] GC(1149) Metaspace: 29920K(30464K)->29920K(30464K) NonClass: 26541K(26816K)->26541K(26816K) Class: 3378K(3648K)->3378K(3648K)
[7638.155s][info][gc             ] GC(1149) Pause Young (Normal) (G1 Evacuation Pause) 7542M->1859M(10240M) 174.448ms
[7638.156s][info][gc,cpu         ] GC(1149) User=1.38s Sys=0.00s Real=0.18s
....[7641.695s][info][gc,start       ] GC(1150) Pause Young (Normal) (G1 Evacuation Pause)
[7641.695s][info][gc,task        ] GC(1150) Using 8 workers of 8 for evacuation
[7641.867s][info][gc,phases      ] GC(1150)   Pre Evacuate Collection Set: 0.27ms
[7641.867s][info][gc,phases      ] GC(1150)   Merge Heap Roots: 0.55ms
[7641.867s][info][gc,phases      ] GC(1150)   Evacuate Collection Set: 169.58ms
[7641.867s][info][gc,phases      ] GC(1150)   Post Evacuate Collection Set: 1.27ms
[7641.867s][info][gc,phases      ] GC(1150)   Other: 0.06ms
[7641.867s][info][gc,heap        ] GC(1150) Eden regions: 713->0(715)
[7641.867s][info][gc,heap        ] GC(1150) Survivor regions: 55->53(96)
[7641.867s][info][gc,heap        ] GC(1150) Old regions: 149->151
[7641.867s][info][gc,heap        ] GC(1150) Humongous regions: 32->32
[7641.867s][info][gc,metaspace   ] GC(1150) Metaspace: 29920K(30464K)->29920K(30464K) NonClass: 26541K(26816K)->26541K(26816K) Class: 3378K(3648K)->3378K(3648K)
[7641.867s][info][gc             ] GC(1150) Pause Young (Normal) (G1 Evacuation Pause) 7563M->1867M(10240M) 171.866ms
[7641.867s][info][gc,cpu         ] GC(1150) User=1.35s Sys=0.00s Real=0.17s
....[7645.358s][info][gc,start       ] GC(1151) Pause Young (Normal) (G1 Evacuation Pause)
[7645.358s][info][gc,task        ] GC(1151) Using 8 workers of 8 for evacuation
[7645.531s][info][gc,phases      ] GC(1151)   Pre Evacuate Collection Set: 0.26ms
[7645.531s][info][gc,phases      ] GC(1151)   Merge Heap Roots: 0.54ms
[7645.531s][info][gc,phases      ] GC(1151)   Evacuate Collection Set: 170.61ms
[7645.531s][info][gc,phases      ] GC(1151)   Post Evacuate Collection Set: 1.22ms
[7645.531s][info][gc,phases      ] GC(1151)   Other: 0.06ms
[7645.531s][info][gc,heap        ] GC(1151) Eden regions: 715->0(714)
[7645.531s][info][gc,heap        ] GC(1151) Survivor regions: 53->54(96)
[7645.531s][info][gc,heap        ] GC(1151) Old regions: 151->154
[7645.531s][info][gc,heap        ] GC(1151) Humongous regions: 32->32
[7645.531s][info][gc,metaspace   ] GC(1151) Metaspace: 29920K(30464K)->29920K(30464K) NonClass: 26541K(26816K)->26541K(26816K) Class: 3378K(3648K)->3378K(3648K)
[7645.531s][info][gc             ] GC(1151) Pause Young (Normal) (G1 Evacuation Pause) 7587M->1895M(10240M) 172.824ms
[7645.531s][info][gc,cpu         ] GC(1151) User=1.36s Sys=0.00s Real=0.17s
...[7649.071s][info][gc,start       ] GC(1152) Pause Young (Normal) (G1 Evacuation Pause)
[7649.071s][info][gc,task        ] GC(1152) Using 8 workers of 8 for evacuation
[7649.244s][info][gc,phases      ] GC(1152)   Pre Evacuate Collection Set: 0.26ms
[7649.244s][info][gc,phases      ] GC(1152)   Merge Heap Roots: 0.53ms
[7649.244s][info][gc,phases      ] GC(1152)   Evacuate Collection Set: 171.38ms
[7649.244s][info][gc,phases      ] GC(1152)   Post Evacuate Collection Set: 1.23ms
[7649.244s][info][gc,phases      ] GC(1152)   Other: 0.07ms
[7649.244s][info][gc,heap        ] GC(1152) Eden regions: 714->0(714)
[7649.244s][info][gc,heap        ] GC(1152) Survivor regions: 54->54(96)
[7649.244s][info][gc,heap        ] GC(1152) Old regions: 154->157
[7649.244s][info][gc,heap        ] GC(1152) Humongous regions: 32->32
[7649.244s][info][gc,metaspace   ] GC(1152) Metaspace: 29920K(30464K)->29920K(30464K) NonClass: 26541K(26816K)->26541K(26816K) Class: 3378K(3648K)->3378K(3648K)
[7649.244s][info][gc             ] GC(1152) Pause Young (Normal) (G1 Evacuation Pause) 7607M->1917M(10240M) 173.622ms
[7649.244s][info][gc,cpu         ] GC(1152) User=1.36s Sys=0.00s Real=0.17s
....[7652.856s][info][gc,start       ] GC(1153) Pause Young (Normal) (G1 Evacuation Pause)
[7652.856s][info][gc,task        ] GC(1153) Using 8 workers of 8 for evacuation
[7653.025s][info][gc,phases      ] GC(1153)   Pre Evacuate Collection Set: 0.26ms
[7653.025s][info][gc,phases      ] GC(1153)   Merge Heap Roots: 0.54ms
[7653.025s][info][gc,phases      ] GC(1153)   Evacuate Collection Set: 167.39ms
[7653.025s][info][gc,phases      ] GC(1153)   Post Evacuate Collection Set: 1.23ms
[7653.025s][info][gc,phases      ] GC(1153)   Other: 0.08ms
[7653.025s][info][gc,heap        ] GC(1153) Eden regions: 714->0(714)
[7653.025s][info][gc,heap        ] GC(1153) Survivor regions: 54->54(96)
[7653.025s][info][gc,heap        ] GC(1153) Old regions: 157->159
[7653.025s][info][gc,heap        ] GC(1153) Humongous regions: 32->32
[7653.025s][info][gc,metaspace   ] GC(1153) Metaspace: 29920K(30464K)->29920K(30464K) NonClass: 26541K(26816K)->26541K(26816K) Class: 3378K(3648K)->3378K(3648K)
[7653.025s][info][gc             ] GC(1153) Pause Young (Normal) (G1 Evacuation Pause) 7629M->1938M(10240M) 169.634ms
[7653.025s][info][gc,cpu         ] GC(1153) User=1.33s Sys=0.01s Real=0.17s
....[7656.606s][info][gc,start       ] GC(1154) Pause Young (Normal) (G1 Evacuation Pause)
[7656.606s][info][gc,task        ] GC(1154) Using 8 workers of 8 for evacuation
[7656.778s][info][gc,phases      ] GC(1154)   Pre Evacuate Collection Set: 0.25ms
[7656.778s][info][gc,phases      ] GC(1154)   Merge Heap Roots: 0.56ms
[7656.778s][info][gc,phases      ] GC(1154)   Evacuate Collection Set: 169.49ms
[7656.778s][info][gc,phases      ] GC(1154)   Post Evacuate Collection Set: 1.26ms
[7656.778s][info][gc,phases      ] GC(1154)   Other: 0.06ms
[7656.778s][info][gc,heap        ] GC(1154) Eden regions: 714->0(714)
[7656.778s][info][gc,heap        ] GC(1154) Survivor regions: 54->54(96)
[7656.778s][info][gc,heap        ] GC(1154) Old regions: 159->162
[7656.778s][info][gc,heap        ] GC(1154) Humongous regions: 32->32
[7656.778s][info][gc,metaspace   ] GC(1154) Metaspace: 29920K(30464K)->29920K(30464K) NonClass: 26541K(26816K)->26541K(26816K) Class: 3378K(3648K)->3378K(3648K)
[7656.778s][info][gc             ] GC(1154) Pause Young (Normal) (G1 Evacuation Pause) 7650M->1955M(10240M) 171.754ms
[7656.778s][info][gc,cpu         ] GC(1154) User=1.36s Sys=0.00s Real=0.17s
....[7660.411s][info][gc,start       ] GC(1155) Pause Young (Normal) (G1 Evacuation Pause)
[7660.411s][info][gc,task        ] GC(1155) Using 8 workers of 8 for evacuation
[7660.576s][info][gc,phases      ] GC(1155)   Pre Evacuate Collection Set: 0.28ms
[7660.576s][info][gc,phases      ] GC(1155)   Merge Heap Roots: 0.53ms
[7660.576s][info][gc,phases      ] GC(1155)   Evacuate Collection Set: 163.42ms
[7660.576s][info][gc,phases      ] GC(1155)   Post Evacuate Collection Set: 1.30ms
[7660.576s][info][gc,phases      ] GC(1155)   Other: 0.06ms
[7660.576s][info][gc,heap        ] GC(1155) Eden regions: 714->0(716)
[7660.576s][info][gc,heap        ] GC(1155) Survivor regions: 54->52(96)
[7660.576s][info][gc,heap        ] GC(1155) Old regions: 162->165
[7660.576s][info][gc,heap        ] GC(1155) Humongous regions: 32->32
[7660.576s][info][gc,metaspace   ] GC(1155) Metaspace: 29920K(30464K)->29920K(30464K) NonClass: 26541K(26816K)->26541K(26816K) Class: 3378K(3648K)->3378K(3648K)
[7660.576s][info][gc             ] GC(1155) Pause Young (Normal) (G1 Evacuation Pause) 7667M->1964M(10240M) 165.731ms
[7660.576s][info][gc,cpu         ] GC(1155) User=1.31s Sys=0.00s Real=0.17s
...[7664.116s][info][gc,start       ] GC(1156) Pause Young (Normal) (G1 Evacuation Pause)
[7664.116s][info][gc,task        ] GC(1156) Using 8 workers of 8 for evacuation
[7664.287s][info][gc,phases      ] GC(1156)   Pre Evacuate Collection Set: 0.27ms
[7664.287s][info][gc,phases      ] GC(1156)   Merge Heap Roots: 0.53ms
[7664.287s][info][gc,phases      ] GC(1156)   Evacuate Collection Set: 169.62ms
[7664.287s][info][gc,phases      ] GC(1156)   Post Evacuate Collection Set: 1.25ms
[7664.287s][info][gc,phases      ] GC(1156)   Other: 0.06ms
[7664.288s][info][gc,heap        ] GC(1156) Eden regions: 716->0(715)
[7664.288s][info][gc,heap        ] GC(1156) Survivor regions: 52->53(96)
[7664.288s][info][gc,heap        ] GC(1156) Old regions: 165->167
[7664.288s][info][gc,heap        ] GC(1156) Humongous regions: 32->32
[7664.288s][info][gc,metaspace   ] GC(1156) Metaspace: 29920K(30464K)->29920K(30464K) NonClass: 26541K(26816K)->26541K(26816K) Class: 3378K(3648K)->3378K(3648K)
[7664.288s][info][gc             ] GC(1156) Pause Young (Normal) (G1 Evacuation Pause) 7692M->1994M(10240M) 171.876ms
[7664.288s][info][gc,cpu         ] GC(1156) User=1.35s Sys=0.00s Real=0.17s
....[7667.930s][info][gc,start       ] GC(1157) Pause Young (Normal) (G1 Evacuation Pause)
[7667.930s][info][gc,task        ] GC(1157) Using 8 workers of 8 for evacuation
[7668.106s][info][gc,phases      ] GC(1157)   Pre Evacuate Collection Set: 0.26ms
[7668.107s][info][gc,phases      ] GC(1157)   Merge Heap Roots: 0.57ms
[7668.107s][info][gc,phases      ] GC(1157)   Evacuate Collection Set: 174.08ms
[7668.107s][info][gc,phases      ] GC(1157)   Post Evacuate Collection Set: 1.22ms
[7668.107s][info][gc,phases      ] GC(1157)   Other: 0.07ms
[7668.107s][info][gc,heap        ] GC(1157) Eden regions: 715->0(713)
[7668.107s][info][gc,heap        ] GC(1157) Survivor regions: 53->55(96)
[7668.107s][info][gc,heap        ] GC(1157) Old regions: 167->170
[7668.107s][info][gc,heap        ] GC(1157) Humongous regions: 32->32
[7668.107s][info][gc,metaspace   ] GC(1157) Metaspace: 29920K(30464K)->29920K(30464K) NonClass: 26541K(26816K)->26541K(26816K) Class: 3378K(3648K)->3378K(3648K)
[7668.107s][info][gc             ] GC(1157) Pause Young (Normal) (G1 Evacuation Pause) 7714M->2028M(10240M) 176.315ms
[7668.107s][info][gc,cpu         ] GC(1157) User=1.39s Sys=0.00s Real=0.18s
....[7671.818s][info][gc,start       ] GC(1158) Pause Young (Normal) (G1 Evacuation Pause)
[7671.818s][info][gc,task        ] GC(1158) Using 8 workers of 8 for evacuation
[7671.985s][info][gc,phases      ] GC(1158)   Pre Evacuate Collection Set: 0.26ms
[7671.985s][info][gc,phases      ] GC(1158)   Merge Heap Roots: 0.55ms
[7671.985s][info][gc,phases      ] GC(1158)   Evacuate Collection Set: 164.99ms
[7671.985s][info][gc,phases      ] GC(1158)   Post Evacuate Collection Set: 1.23ms
[7671.985s][info][gc,phases      ] GC(1158)   Other: 0.06ms
[7671.985s][info][gc,heap        ] GC(1158) Eden regions: 713->0(716)
[7671.985s][info][gc,heap        ] GC(1158) Survivor regions: 55->52(96)
[7671.985s][info][gc,heap        ] GC(1158) Old regions: 170->173
[7671.985s][info][gc,heap        ] GC(1158) Humongous regions: 32->32
[7671.985s][info][gc,metaspace   ] GC(1158) Metaspace: 29920K(30464K)->29920K(30464K) NonClass: 26541K(26816K)->26541K(26816K) Class: 3378K(3648K)->3378K(3648K)
[7671.985s][info][gc             ] GC(1158) Pause Young (Normal) (G1 Evacuation Pause) 7732M->2026M(10240M) 167.229ms
[7671.985s][info][gc,cpu         ] GC(1158) User=1.31s Sys=0.00s Real=0.17s
....[7675.603s][info][gc,start       ] GC(1159) Pause Young (Normal) (G1 Evacuation Pause)
[7675.603s][info][gc,task        ] GC(1159) Using 8 workers of 8 for evacuation
[7675.776s][info][gc,phases      ] GC(1159)   Pre Evacuate Collection Set: 0.25ms
[7675.776s][info][gc,phases      ] GC(1159)   Merge Heap Roots: 0.54ms
[7675.776s][info][gc,phases      ] GC(1159)   Evacuate Collection Set: 171.00ms
[7675.776s][info][gc,phases      ] GC(1159)   Post Evacuate Collection Set: 1.28ms
[7675.776s][info][gc,phases      ] GC(1159)   Other: 0.06ms
[7675.776s][info][gc,heap        ] GC(1159) Eden regions: 716->0(714)
[7675.776s][info][gc,heap        ] GC(1159) Survivor regions: 52->54(96)
[7675.776s][info][gc,heap        ] GC(1159) Old regions: 173->176
[7675.776s][info][gc,heap        ] GC(1159) Humongous regions: 32->32
[7675.776s][info][gc,metaspace   ] GC(1159) Metaspace: 29920K(30464K)->29920K(30464K) NonClass: 26541K(26816K)->26541K(26816K) Class: 3378K(3648K)->3378K(3648K)
[7675.777s][info][gc             ] GC(1159) Pause Young (Normal) (G1 Evacuation Pause) 7754M->2065M(10240M) 173.301ms
[7675.777s][info][gc,cpu         ] GC(1159) User=1.36s Sys=0.00s Real=0.18s
....[7679.359s][info][gc,start       ] GC(1160) Pause Young (Normal) (G1 Evacuation Pause)
[7679.359s][info][gc,task        ] GC(1160) Using 8 workers of 8 for evacuation
[7679.529s][info][gc,phases      ] GC(1160)   Pre Evacuate Collection Set: 0.26ms
[7679.529s][info][gc,phases      ] GC(1160)   Merge Heap Roots: 0.54ms
[7679.529s][info][gc,phases      ] GC(1160)   Evacuate Collection Set: 168.07ms
[7679.529s][info][gc,phases      ] GC(1160)   Post Evacuate Collection Set: 1.26ms
[7679.529s][info][gc,phases      ] GC(1160)   Other: 0.06ms
[7679.529s][info][gc,heap        ] GC(1160) Eden regions: 714->0(716)
[7679.529s][info][gc,heap        ] GC(1160) Survivor regions: 54->52(96)
[7679.529s][info][gc,heap        ] GC(1160) Old regions: 176->178
[7679.529s][info][gc,heap        ] GC(1160) Humongous regions: 32->32
[7679.529s][info][gc,metaspace   ] GC(1160) Metaspace: 29920K(30464K)->29920K(30464K) NonClass: 26541K(26816K)->26541K(26816K) Class: 3378K(3648K)->3378K(3648K)
[7679.529s][info][gc             ] GC(1160) Pause Young (Normal) (G1 Evacuation Pause) 7777M->2075M(10240M) 170.342ms
[7679.529s][info][gc,cpu         ] GC(1160) User=1.33s Sys=0.01s Real=0.17s
...[7683.081s][info][gc,start       ] GC(1161) Pause Young (Normal) (G1 Evacuation Pause)
[7683.082s][info][gc,task        ] GC(1161) Using 8 workers of 8 for evacuation
[7683.262s][info][gc,phases      ] GC(1161)   Pre Evacuate Collection Set: 0.26ms
[7683.262s][info][gc,phases      ] GC(1161)   Merge Heap Roots: 0.54ms
[7683.262s][info][gc,phases      ] GC(1161)   Evacuate Collection Set: 178.24ms
[7683.262s][info][gc,phases      ] GC(1161)   Post Evacuate Collection Set: 1.29ms
[7683.262s][info][gc,phases      ] GC(1161)   Other: 0.08ms
[7683.262s][info][gc,heap        ] GC(1161) Eden regions: 716->0(712)
[7683.262s][info][gc,heap        ] GC(1161) Survivor regions: 52->56(96)
[7683.262s][info][gc,heap        ] GC(1161) Old regions: 178->181
[7683.262s][info][gc,heap        ] GC(1161) Humongous regions: 32->32
[7683.262s][info][gc,metaspace   ] GC(1161) Metaspace: 29920K(30464K)->29920K(30464K) NonClass: 26541K(26816K)->26541K(26816K) Class: 3378K(3648K)->3378K(3648K)
[7683.262s][info][gc             ] GC(1161) Pause Young (Normal) (G1 Evacuation Pause) 7803M->2127M(10240M) 180.561ms
[7683.262s][info][gc,cpu         ] GC(1161) User=1.42s Sys=0.00s Real=0.18s
....[7686.874s][info][gc,start       ] GC(1162) Pause Young (Normal) (G1 Evacuation Pause)
[7686.874s][info][gc,task        ] GC(1162) Using 8 workers of 8 for evacuation
[7687.043s][info][gc,phases      ] GC(1162)   Pre Evacuate Collection Set: 0.25ms
[7687.043s][info][gc,phases      ] GC(1162)   Merge Heap Roots: 0.56ms
[7687.043s][info][gc,phases      ] GC(1162)   Evacuate Collection Set: 167.15ms
[7687.043s][info][gc,phases      ] GC(1162)   Post Evacuate Collection Set: 1.21ms
[7687.043s][info][gc,phases      ] GC(1162)   Other: 0.06ms
[7687.043s][info][gc,heap        ] GC(1162) Eden regions: 712->0(721)
[7687.043s][info][gc,heap        ] GC(1162) Survivor regions: 56->47(96)
[7687.043s][info][gc,heap        ] GC(1162) Old regions: 181->189
[7687.043s][info][gc,heap        ] GC(1162) Humongous regions: 32->32
[7687.043s][info][gc,metaspace   ] GC(1162) Metaspace: 29920K(30464K)->29920K(30464K) NonClass: 26541K(26816K)->26541K(26816K) Class: 3378K(3648K)->3378K(3648K)
[7687.043s][info][gc             ] GC(1162) Pause Young (Normal) (G1 Evacuation Pause) 7823M->2122M(10240M) 169.391ms
[7687.044s][info][gc,cpu         ] GC(1162) User=1.33s Sys=0.00s Real=0.17s
....[7690.705s][info][gc,start       ] GC(1163) Pause Young (Normal) (G1 Evacuation Pause)
[7690.706s][info][gc,task        ] GC(1163) Using 8 workers of 8 for evacuation
[7690.861s][info][gc,phases      ] GC(1163)   Pre Evacuate Collection Set: 0.26ms
[7690.861s][info][gc,phases      ] GC(1163)   Merge Heap Roots: 0.53ms
[7690.861s][info][gc,phases      ] GC(1163)   Evacuate Collection Set: 153.61ms
[7690.861s][info][gc,phases      ] GC(1163)   Post Evacuate Collection Set: 1.24ms
[7690.861s][info][gc,phases      ] GC(1163)   Other: 0.06ms
[7690.861s][info][gc,heap        ] GC(1163) Eden regions: 721->0(717)
[7690.861s][info][gc,heap        ] GC(1163) Survivor regions: 47->51(96)
[7690.861s][info][gc,heap        ] GC(1163) Old regions: 189->189
[7690.861s][info][gc,heap        ] GC(1163) Humongous regions: 32->32
[7690.861s][info][gc,metaspace   ] GC(1163) Metaspace: 29920K(30464K)->29920K(30464K) NonClass: 26541K(26816K)->26541K(26816K) Class: 3378K(3648K)->3378K(3648K)
[7690.861s][info][gc             ] GC(1163) Pause Young (Normal) (G1 Evacuation Pause) 7890M->2154M(10240M) 155.833ms
[7690.861s][info][gc,cpu         ] GC(1163) User=1.23s Sys=0.00s Real=0.15s
....[7694.484s][info][gc,start       ] GC(1164) Pause Young (Normal) (G1 Evacuation Pause)
[7694.484s][info][gc,task        ] GC(1164) Using 8 workers of 8 for evacuation
[7694.652s][info][gc,phases      ] GC(1164)   Pre Evacuate Collection Set: 0.26ms
[7694.652s][info][gc,phases      ] GC(1164)   Merge Heap Roots: 0.56ms
[7694.652s][info][gc,phases      ] GC(1164)   Evacuate Collection Set: 165.85ms
[7694.652s][info][gc,phases      ] GC(1164)   Post Evacuate Collection Set: 1.25ms
[7694.652s][info][gc,phases      ] GC(1164)   Other: 0.07ms
[7694.652s][info][gc,heap        ] GC(1164) Eden regions: 717->0(716)
[7694.652s][info][gc,heap        ] GC(1164) Survivor regions: 51->52(96)
[7694.652s][info][gc,heap        ] GC(1164) Old regions: 189->192
[7694.652s][info][gc,heap        ] GC(1164) Humongous regions: 32->32
[7694.652s][info][gc,metaspace   ] GC(1164) Metaspace: 29920K(30464K)->29920K(30464K) NonClass: 26541K(26816K)->26541K(26816K) Class: 3378K(3648K)->3378K(3648K)
[7694.652s][info][gc             ] GC(1164) Pause Young (Normal) (G1 Evacuation Pause) 7890M->2184M(10240M) 168.119ms
[7694.652s][info][gc,cpu         ] GC(1164) User=1.32s Sys=0.00s Real=0.17s
.. (rIR:aIR:PR = 13007:12950:12642) (tPR = 187237) [PR is under limit] 
  7696s: Performance info:
         Transaction,    Success,    Partial,     Failed,   Receipts, AvgBarcode, 
             Overall,    1141107,          0,          0,    1083811,      59.48, 
         Response times:
             Request,    Success,    Partial,     Failed,   SkipFail,     Probes,    Samples,      min,      p50,      p90,      p95,      p99,      max, 
       TotalPurchase,    1109799,          0,          0,          0,     146961,     730147,     1500,   660000,  1100000,  1400000,  3100000, 60000000,
     InStorePurchase,     583901,          0,          0,          0,      74262,     384383,     1500,   650000,  1200000,  1500000,  3700000, 60000000,
      OnlinePurchase,     407402,          0,          0,          0,      52208,     269169,     2300,   650000,  1100000,  1300000,  2600000, 60000000,
        InstPurchase,     118496,          0,          0,          0,      20491,      76595,     1500,   670000,  1000000,  1300000,  2400000, 60000000,
          AssocOfCat,       1171,          0,          0,          0,        501,       1613,    70000,   660000,  1100000,  1300000,  2500000,  6200000,
      AssocOfProduct,      11901,          0,          0,          0,       2433,       8262,    13800,   577000,  1100000,  1400000,  2700000, 11000000,
      BusinessReport,       2954,          0,          0,          0,       1122,       3973,    77000,   700000,  1200000,  1700000,  3400000, 15000000,
          CustBuyBeh,      11687,          0,          0,          0,       2429,       8316,     7200,   589000,  1100000,  1400000,  2500000, 11000000,
       ProductReturn,      31436,          0,          0,          0,       6198,      19578,     5900,   595000,  1200000,  1500000,  2600000, 22000000,

  7696s: 
  7696s: Failed, 6 overall retries left, retrying 1 of 1
  7696s: (94%)   IR =  13007 .[7698.260s][info][gc,start       ] GC(1165) Pause Young (Normal) (G1 Evacuation Pause)
[7698.260s][info][gc,task        ] GC(1165) Using 8 workers of 8 for evacuation
[7698.438s][info][gc,phases      ] GC(1165)   Pre Evacuate Collection Set: 0.25ms
[7698.438s][info][gc,phases      ] GC(1165)   Merge Heap Roots: 0.58ms
[7698.438s][info][gc,phases      ] GC(1165)   Evacuate Collection Set: 175.96ms
[7698.438s][info][gc,phases      ] GC(1165)   Post Evacuate Collection Set: 1.26ms
[7698.438s][info][gc,phases      ] GC(1165)   Other: 0.06ms
[7698.438s][info][gc,heap        ] GC(1165) Eden regions: 716->0(713)
[7698.438s][info][gc,heap        ] GC(1165) Survivor regions: 52->55(96)
[7698.438s][info][gc,heap        ] GC(1165) Old regions: 192->195
[7698.438s][info][gc,heap        ] GC(1165) Humongous regions: 32->32
[7698.438s][info][gc,metaspace   ] GC(1165) Metaspace: 29920K(30464K)->29920K(30464K) NonClass: 26541K(26816K)->26541K(26816K) Class: 3378K(3648K)->3378K(3648K)
[7698.438s][info][gc             ] GC(1165) Pause Young (Normal) (G1 Evacuation Pause) 7912M->2229M(10240M) 178.248ms
[7698.438s][info][gc,cpu         ] GC(1165) User=1.41s Sys=0.00s Real=0.18s
....[7702.092s][info][gc,start       ] GC(1166) Pause Young (Normal) (G1 Evacuation Pause)
[7702.092s][info][gc,task        ] GC(1166) Using 8 workers of 8 for evacuation
[7702.265s][info][gc,phases      ] GC(1166)   Pre Evacuate Collection Set: 0.25ms
[7702.265s][info][gc,phases      ] GC(1166)   Merge Heap Roots: 0.54ms
[7702.265s][info][gc,phases      ] GC(1166)   Evacuate Collection Set: 171.09ms
[7702.265s][info][gc,phases      ] GC(1166)   Post Evacuate Collection Set: 1.26ms
[7702.265s][info][gc,phases      ] GC(1166)   Other: 0.06ms
[7702.265s][info][gc,heap        ] GC(1166) Eden regions: 713->0(714)
[7702.265s][info][gc,heap        ] GC(1166) Survivor regions: 55->54(96)
[7702.265s][info][gc,heap        ] GC(1166) Old regions: 195->197
[7702.265s][info][gc,heap        ] GC(1166) Humongous regions: 32->32
[7702.265s][info][gc,metaspace   ] GC(1166) Metaspace: 29920K(30464K)->29920K(30464K) NonClass: 26541K(26816K)->26541K(26816K) Class: 3378K(3648K)->3378K(3648K)
[7702.265s][info][gc             ] GC(1166) Pause Young (Normal) (G1 Evacuation Pause) 7933M->2243M(10240M) 173.337ms
[7702.265s][info][gc,cpu         ] GC(1166) User=1.37s Sys=0.00s Real=0.18s
....[7705.862s][info][gc,start       ] GC(1167) Pause Young (Normal) (G1 Evacuation Pause)
[7705.863s][info][gc,task        ] GC(1167) Using 8 workers of 8 for evacuation
[7706.040s][info][gc,phases      ] GC(1167)   Pre Evacuate Collection Set: 0.26ms
[7706.040s][info][gc,phases      ] GC(1167)   Merge Heap Roots: 0.54ms
[7706.040s][info][gc,phases      ] GC(1167)   Evacuate Collection Set: 175.54ms
[7706.040s][info][gc,phases      ] GC(1167)   Post Evacuate Collection Set: 1.25ms
[7706.040s][info][gc,phases      ] GC(1167)   Other: 0.06ms
[7706.040s][info][gc,heap        ] GC(1167) Eden regions: 714->0(713)
[7706.040s][info][gc,heap        ] GC(1167) Survivor regions: 54->55(96)
[7706.040s][info][gc,heap        ] GC(1167) Old regions: 197->200
[7706.040s][info][gc,heap        ] GC(1167) Humongous regions: 32->32
[7706.040s][info][gc,metaspace   ] GC(1167) Metaspace: 29920K(30464K)->29920K(30464K) NonClass: 26541K(26816K)->26541K(26816K) Class: 3378K(3648K)->3378K(3648K)
[7706.040s][info][gc             ] GC(1167) Pause Young (Normal) (G1 Evacuation Pause) 7955M->2269M(10240M) 177.778ms
[7706.040s][info][gc,cpu         ] GC(1167) User=1.40s Sys=0.00s Real=0.18s
....[7709.550s][info][gc,start       ] GC(1168) Pause Young (Normal) (G1 Evacuation Pause)
[7709.550s][info][gc,task        ] GC(1168) Using 8 workers of 8 for evacuation
[7709.717s][info][gc,phases      ] GC(1168)   Pre Evacuate Collection Set: 0.25ms
[7709.717s][info][gc,phases      ] GC(1168)   Merge Heap Roots: 0.54ms
[7709.717s][info][gc,phases      ] GC(1168)   Evacuate Collection Set: 164.94ms
[7709.717s][info][gc,phases      ] GC(1168)   Post Evacuate Collection Set: 1.24ms
[7709.717s][info][gc,phases      ] GC(1168)   Other: 0.07ms
[7709.717s][info][gc,heap        ] GC(1168) Eden regions: 713->0(716)
[7709.717s][info][gc,heap        ] GC(1168) Survivor regions: 55->52(96)
[7709.717s][info][gc,heap        ] GC(1168) Old regions: 200->203
[7709.717s][info][gc,heap        ] GC(1168) Humongous regions: 32->32
[7709.717s][info][gc,metaspace   ] GC(1168) Metaspace: 29920K(30464K)->29920K(30464K) NonClass: 26541K(26816K)->26541K(26816K) Class: 3378K(3648K)->3378K(3648K)
[7709.717s][info][gc             ] GC(1168) Pause Young (Normal) (G1 Evacuation Pause) 7973M->2272M(10240M) 167.175ms
[7709.717s][info][gc,cpu         ] GC(1168) User=1.31s Sys=0.00s Real=0.17s
...[7713.235s][info][gc,start       ] GC(1169) Pause Young (Normal) (G1 Evacuation Pause)
[7713.236s][info][gc,task        ] GC(1169) Using 8 workers of 8 for evacuation
[7713.402s][info][gc,phases      ] GC(1169)   Pre Evacuate Collection Set: 0.26ms
[7713.402s][info][gc,phases      ] GC(1169)   Merge Heap Roots: 0.54ms
[7713.402s][info][gc,phases      ] GC(1169)   Evacuate Collection Set: 164.53ms
[7713.402s][info][gc,phases      ] GC(1169)   Post Evacuate Collection Set: 1.27ms
[7713.402s][info][gc,phases      ] GC(1169)   Other: 0.07ms
[7713.402s][info][gc,heap        ] GC(1169) Eden regions: 716->0(717)
[7713.402s][info][gc,heap        ] GC(1169) Survivor regions: 52->51(96)
[7713.402s][info][gc,heap        ] GC(1169) Old regions: 203->206
[7713.402s][info][gc,heap        ] GC(1169) Humongous regions: 32->32
[7713.402s][info][gc,metaspace   ] GC(1169) Metaspace: 29920K(30464K)->29920K(30464K) NonClass: 26541K(26816K)->26541K(26816K) Class: 3378K(3648K)->3378K(3648K)
[7713.402s][info][gc             ] GC(1169) Pause Young (Normal) (G1 Evacuation Pause) 8000M->2284M(10240M) 166.793ms
[7713.402s][info][gc,cpu         ] GC(1169) User=1.31s Sys=0.01s Real=0.16s
....[7716.922s][info][gc,start       ] GC(1170) Pause Young (Normal) (G1 Evacuation Pause)
[7716.922s][info][gc,task        ] GC(1170) Using 8 workers of 8 for evacuation
[7717.111s][info][gc,phases      ] GC(1170)   Pre Evacuate Collection Set: 0.26ms
[7717.111s][info][gc,phases      ] GC(1170)   Merge Heap Roots: 0.54ms
[7717.111s][info][gc,phases      ] GC(1170)   Evacuate Collection Set: 186.36ms
[7717.111s][info][gc,phases      ] GC(1170)   Post Evacuate Collection Set: 1.25ms
[7717.111s][info][gc,phases      ] GC(1170)   Other: 0.07ms
[7717.111s][info][gc,heap        ] GC(1170) Eden regions: 717->0(647)
[7717.111s][info][gc,heap        ] GC(1170) Survivor regions: 51->58(96)
[7717.111s][info][gc,heap        ] GC(1170) Old regions: 206->208
[7717.111s][info][gc,heap        ] GC(1170) Humongous regions: 32->32
[7717.111s][info][gc,metaspace   ] GC(1170) Metaspace: 29920K(30464K)->29920K(30464K) NonClass: 26541K(26816K)->26541K(26816K) Class: 3378K(3648K)->3378K(3648K)
[7717.111s][info][gc             ] GC(1170) Pause Young (Normal) (G1 Evacuation Pause) 8020M->2360M(10240M) 188.630ms
[7717.111s][info][gc,cpu         ] GC(1170) User=1.48s Sys=0.00s Real=0.19s
.|..[7720.201s][info][gc,start       ] GC(1171) Pause Young (Normal) (G1 Evacuation Pause)
[7720.201s][info][gc,task        ] GC(1171) Using 8 workers of 8 for evacuation
[7720.370s][info][gc,phases      ] GC(1171)   Pre Evacuate Collection Set: 0.24ms
[7720.370s][info][gc,phases      ] GC(1171)   Merge Heap Roots: 0.55ms
[7720.370s][info][gc,phases      ] GC(1171)   Evacuate Collection Set: 167.13ms
[7720.370s][info][gc,phases      ] GC(1171)   Post Evacuate Collection Set: 1.19ms
[7720.370s][info][gc,phases      ] GC(1171)   Other: 0.06ms
[7720.370s][info][gc,heap        ] GC(1171) Eden regions: 645->0(720)
[7720.370s][info][gc,heap        ] GC(1171) Survivor regions: 58->48(88)
[7720.370s][info][gc,heap        ] GC(1171) Old regions: 208->217
[7720.370s][info][gc,heap        ] GC(1171) Humongous regions: 32->32
[7720.370s][info][gc,metaspace   ] GC(1171) Metaspace: 29920K(30464K)->29920K(30464K) NonClass: 26541K(26816K)->26541K(26816K) Class: 3378K(3648K)->3378K(3648K)
[7720.370s][info][gc             ] GC(1171) Pause Young (Normal) (G1 Evacuation Pause) 7520M->2348M(10240M) 169.323ms
[7720.370s][info][gc,cpu         ] GC(1171) User=1.33s Sys=0.00s Real=0.17s
....[7723.792s][info][gc,start       ] GC(1172) Pause Young (Normal) (G1 Evacuation Pause)
[7723.792s][info][gc,task        ] GC(1172) Using 8 workers of 8 for evacuation
[7723.960s][info][gc,phases      ] GC(1172)   Pre Evacuate Collection Set: 0.25ms
[7723.960s][info][gc,phases      ] GC(1172)   Merge Heap Roots: 0.54ms
[7723.960s][info][gc,phases      ] GC(1172)   Evacuate Collection Set: 165.77ms
[7723.960s][info][gc,phases      ] GC(1172)   Post Evacuate Collection Set: 1.26ms
[7723.960s][info][gc,phases      ] GC(1172)   Other: 0.07ms
[7723.960s][info][gc,heap        ] GC(1172) Eden regions: 720->0(714)
[7723.960s][info][gc,heap        ] GC(1172) Survivor regions: 48->54(96)
[7723.960s][info][gc,heap        ] GC(1172) Old regions: 217->217
[7723.960s][info][gc,heap        ] GC(1172) Humongous regions: 32->32
[7723.960s][info][gc,metaspace   ] GC(1172) Metaspace: 29920K(30464K)->29920K(30464K) NonClass: 26541K(26816K)->26541K(26816K) Class: 3378K(3648K)->3378K(3648K)
[7723.960s][info][gc             ] GC(1172) Pause Young (Normal) (G1 Evacuation Pause) 8108M->2396M(10240M) 168.011ms
[7723.960s][info][gc,cpu         ] GC(1172) User=1.32s Sys=0.00s Real=0.17s
...[7727.540s][info][gc,start       ] GC(1173) Pause Young (Normal) (G1 Evacuation Pause)
[7727.541s][info][gc,task        ] GC(1173) Using 8 workers of 8 for evacuation
[7727.709s][info][gc,phases      ] GC(1173)   Pre Evacuate Collection Set: 0.26ms
[7727.709s][info][gc,phases      ] GC(1173)   Merge Heap Roots: 0.54ms
[7727.709s][info][gc,phases      ] GC(1173)   Evacuate Collection Set: 165.89ms
[7727.709s][info][gc,phases      ] GC(1173)   Post Evacuate Collection Set: 1.31ms
[7727.709s][info][gc,phases      ] GC(1173)   Other: 0.06ms
[7727.709s][info][gc,heap        ] GC(1173) Eden regions: 714->0(715)
[7727.709s][info][gc,heap        ] GC(1173) Survivor regions: 54->53(96)
[7727.709s][info][gc,heap        ] GC(1173) Old regions: 217->220
[7727.709s][info][gc,heap        ] GC(1173) Humongous regions: 32->32
[7727.709s][info][gc,metaspace   ] GC(1173) Metaspace: 29920K(30464K)->29920K(30464K) NonClass: 26541K(26816K)->26541K(26816K) Class: 3378K(3648K)->3378K(3648K)
[7727.709s][info][gc             ] GC(1173) Pause Young (Normal) (G1 Evacuation Pause) 8108M->2408M(10240M) 168.187ms
[7727.709s][info][gc,cpu         ] GC(1173) User=1.33s Sys=0.00s Real=0.17s
....[7731.360s][info][gc,start       ] GC(1174) Pause Young (Normal) (G1 Evacuation Pause)
[7731.360s][info][gc,task        ] GC(1174) Using 8 workers of 8 for evacuation
[7731.536s][info][gc,phases      ] GC(1174)   Pre Evacuate Collection Set: 0.26ms
[7731.536s][info][gc,phases      ] GC(1174)   Merge Heap Roots: 0.56ms
[7731.536s][info][gc,phases      ] GC(1174)   Evacuate Collection Set: 173.98ms
[7731.536s][info][gc,phases      ] GC(1174)   Post Evacuate Collection Set: 1.28ms
[7731.536s][info][gc,phases      ] GC(1174)   Other: 0.07ms
[7731.536s][info][gc,heap        ] GC(1174) Eden regions: 715->0(713)
[7731.536s][info][gc,heap        ] GC(1174) Survivor regions: 53->55(96)
[7731.536s][info][gc,heap        ] GC(1174) Old regions: 220->222
[7731.536s][info][gc,heap        ] GC(1174) Humongous regions: 32->32
[7731.536s][info][gc,metaspace   ] GC(1174) Metaspace: 29920K(30464K)->29920K(30464K) NonClass: 26541K(26816K)->26541K(26816K) Class: 3378K(3648K)->3378K(3648K)
[7731.536s][info][gc             ] GC(1174) Pause Young (Normal) (G1 Evacuation Pause) 8128M->2448M(10240M) 176.290ms
[7731.536s][info][gc,cpu         ] GC(1174) User=1.39s Sys=0.00s Real=0.18s
....[7735.189s][info][gc,start       ] GC(1175) Pause Young (Normal) (G1 Evacuation Pause)
[7735.189s][info][gc,task        ] GC(1175) Using 8 workers of 8 for evacuation
[7735.355s][info][gc,phases      ] GC(1175)   Pre Evacuate Collection Set: 0.27ms
[7735.355s][info][gc,phases      ] GC(1175)   Merge Heap Roots: 0.58ms
[7735.355s][info][gc,phases      ] GC(1175)   Evacuate Collection Set: 163.82ms
[7735.355s][info][gc,phases      ] GC(1175)   Post Evacuate Collection Set: 1.28ms
[7735.355s][info][gc,phases      ] GC(1175)   Other: 0.06ms
[7735.355s][info][gc,heap        ] GC(1175) Eden regions: 713->0(716)
[7735.355s][info][gc,heap        ] GC(1175) Survivor regions: 55->52(96)
[7735.355s][info][gc,heap        ] GC(1175) Old regions: 222->225
[7735.355s][info][gc,heap        ] GC(1175) Humongous regions: 32->32
[7735.355s][info][gc,metaspace   ] GC(1175) Metaspace: 29920K(30464K)->29920K(30464K) NonClass: 26541K(26816K)->26541K(26816K) Class: 3378K(3648K)->3378K(3648K)
[7735.355s][info][gc             ] GC(1175) Pause Young (Normal) (G1 Evacuation Pause) 8152M->2443M(10240M) 166.177ms
[7735.355s][info][gc,cpu         ] GC(1175) User=1.31s Sys=0.00s Real=0.17s
....[7738.915s][info][gc,start       ] GC(1176) Pause Young (Normal) (G1 Evacuation Pause)
[7738.915s][info][gc,task        ] GC(1176) Using 8 workers of 8 for evacuation
[7739.091s][info][gc,phases      ] GC(1176)   Pre Evacuate Collection Set: 0.26ms
[7739.091s][info][gc,phases      ] GC(1176)   Merge Heap Roots: 0.55ms
[7739.091s][info][gc,phases      ] GC(1176)   Evacuate Collection Set: 173.00ms
[7739.091s][info][gc,phases      ] GC(1176)   Post Evacuate Collection Set: 1.26ms
[7739.091s][info][gc,phases      ] GC(1176)   Other: 0.06ms
[7739.091s][info][gc,heap        ] GC(1176) Eden regions: 716->0(714)
[7739.091s][info][gc,heap        ] GC(1176) Survivor regions: 52->54(96)
[7739.091s][info][gc,heap        ] GC(1176) Old regions: 225->228
[7739.091s][info][gc,heap        ] GC(1176) Humongous regions: 32->32
[7739.091s][info][gc,metaspace   ] GC(1176) Metaspace: 29920K(30464K)->29920K(30464K) NonClass: 26541K(26816K)->26541K(26816K) Class: 3378K(3648K)->3378K(3648K)
[7739.091s][info][gc             ] GC(1176) Pause Young (Normal) (G1 Evacuation Pause) 8171M->2485M(10240M) 175.255ms
[7739.091s][info][gc,cpu         ] GC(1176) User=1.39s Sys=0.00s Real=0.17s
....[7742.776s][info][gc,start       ] GC(1177) Pause Young (Normal) (G1 Evacuation Pause)
[7742.776s][info][gc,task        ] GC(1177) Using 8 workers of 8 for evacuation
[7742.946s][info][gc,phases      ] GC(1177)   Pre Evacuate Collection Set: 0.26ms
[7742.946s][info][gc,phases      ] GC(1177)   Merge Heap Roots: 0.55ms
[7742.946s][info][gc,phases      ] GC(1177)   Evacuate Collection Set: 168.13ms
[7742.946s][info][gc,phases      ] GC(1177)   Post Evacuate Collection Set: 1.25ms
[7742.946s][info][gc,phases      ] GC(1177)   Other: 0.06ms
[7742.946s][info][gc,heap        ] GC(1177) Eden regions: 714->0(715)
[7742.946s][info][gc,heap        ] GC(1177) Survivor regions: 54->53(96)
[7742.946s][info][gc,heap        ] GC(1177) Old regions: 228->230
[7742.946s][info][gc,heap        ] GC(1177) Humongous regions: 32->32
[7742.946s][info][gc,metaspace   ] GC(1177) Metaspace: 29920K(30464K)->29920K(30464K) NonClass: 26541K(26816K)->26541K(26816K) Class: 3378K(3648K)->3378K(3648K)
[7742.946s][info][gc             ] GC(1177) Pause Young (Normal) (G1 Evacuation Pause) 8197M->2499M(10240M) 170.379ms
[7742.946s][info][gc,cpu         ] GC(1177) User=1.34s Sys=0.00s Real=0.17s
...[7746.477s][info][gc,start       ] GC(1178) Pause Young (Normal) (G1 Evacuation Pause)
[7746.477s][info][gc,task        ] GC(1178) Using 8 workers of 8 for evacuation
[7746.650s][info][gc,phases      ] GC(1178)   Pre Evacuate Collection Set: 0.27ms
[7746.650s][info][gc,phases      ] GC(1178)   Merge Heap Roots: 0.54ms
[7746.650s][info][gc,phases      ] GC(1178)   Evacuate Collection Set: 170.78ms
[7746.650s][info][gc,phases      ] GC(1178)   Post Evacuate Collection Set: 1.26ms
[7746.650s][info][gc,phases      ] GC(1178)   Other: 0.08ms
[7746.650s][info][gc,heap        ] GC(1178) Eden regions: 715->0(715)
[7746.650s][info][gc,heap        ] GC(1178) Survivor regions: 53->53(96)
[7746.650s][info][gc,heap        ] GC(1178) Old regions: 230->233
[7746.650s][info][gc,heap        ] GC(1178) Humongous regions: 32->32
[7746.650s][info][gc,metaspace   ] GC(1178) Metaspace: 29920K(30464K)->29920K(30464K) NonClass: 26541K(26816K)->26541K(26816K) Class: 3378K(3648K)->3378K(3648K)
[7746.650s][info][gc             ] GC(1178) Pause Young (Normal) (G1 Evacuation Pause) 8219M->2516M(10240M) 173.091ms
[7746.650s][info][gc,cpu         ] GC(1178) User=1.37s Sys=0.00s Real=0.17s
....[7750.363s][info][gc,start       ] GC(1179) Pause Young (Normal) (G1 Evacuation Pause)
[7750.363s][info][gc,task        ] GC(1179) Using 8 workers of 8 for evacuation
[7750.528s][info][gc,phases      ] GC(1179)   Pre Evacuate Collection Set: 0.25ms
[7750.528s][info][gc,phases      ] GC(1179)   Merge Heap Roots: 0.57ms
[7750.528s][info][gc,phases      ] GC(1179)   Evacuate Collection Set: 163.04ms
[7750.528s][info][gc,phases      ] GC(1179)   Post Evacuate Collection Set: 1.25ms
[7750.528s][info][gc,phases      ] GC(1179)   Other: 0.06ms
[7750.528s][info][gc,heap        ] GC(1179) Eden regions: 715->0(716)
[7750.528s][info][gc,heap        ] GC(1179) Survivor regions: 53->52(96)
[7750.528s][info][gc,heap        ] GC(1179) Old regions: 233->236
[7750.528s][info][gc,heap        ] GC(1179) Humongous regions: 32->32
[7750.528s][info][gc,metaspace   ] GC(1179) Metaspace: 29920K(30464K)->29920K(30464K) NonClass: 26541K(26816K)->26541K(26816K) Class: 3378K(3648K)->3378K(3648K)
[7750.528s][info][gc             ] GC(1179) Pause Young (Normal) (G1 Evacuation Pause) 8236M->2534M(10240M) 165.300ms
[7750.528s][info][gc,cpu         ] GC(1179) User=1.30s Sys=0.00s Real=0.17s
....[7754.102s][info][gc,start       ] GC(1180) Pause Young (Normal) (G1 Evacuation Pause)
[7754.102s][info][gc,task        ] GC(1180) Using 8 workers of 8 for evacuation
[7754.273s][info][gc,phases      ] GC(1180)   Pre Evacuate Collection Set: 0.27ms
[7754.273s][info][gc,phases      ] GC(1180)   Merge Heap Roots: 0.55ms
[7754.273s][info][gc,phases      ] GC(1180)   Evacuate Collection Set: 168.71ms
[7754.273s][info][gc,phases      ] GC(1180)   Post Evacuate Collection Set: 1.28ms
[7754.273s][info][gc,phases      ] GC(1180)   Other: 0.06ms
[7754.273s][info][gc,heap        ] GC(1180) Eden regions: 716->0(714)
[7754.273s][info][gc,heap        ] GC(1180) Survivor regions: 52->54(96)
[7754.273s][info][gc,heap        ] GC(1180) Old regions: 236->239
[7754.273s][info][gc,heap        ] GC(1180) Humongous regions: 32->32
[7754.273s][info][gc,metaspace   ] GC(1180) Metaspace: 29920K(30464K)->29920K(30464K) NonClass: 26541K(26816K)->26541K(26816K) Class: 3378K(3648K)->3378K(3648K)
[7754.273s][info][gc             ] GC(1180) Pause Young (Normal) (G1 Evacuation Pause) 8262M->2568M(10240M) 171.017ms
[7754.273s][info][gc,cpu         ] GC(1180) User=1.34s Sys=0.00s Real=0.17s
....[7757.825s][info][gc,start       ] GC(1181) Pause Young (Normal) (G1 Evacuation Pause)
[7757.825s][info][gc,task        ] GC(1181) Using 8 workers of 8 for evacuation
[7757.999s][info][gc,phases      ] GC(1181)   Pre Evacuate Collection Set: 0.27ms
[7757.999s][info][gc,phases      ] GC(1181)   Merge Heap Roots: 0.54ms
[7757.999s][info][gc,phases      ] GC(1181)   Evacuate Collection Set: 172.12ms
[7757.999s][info][gc,phases      ] GC(1181)   Post Evacuate Collection Set: 1.24ms
[7757.999s][info][gc,phases      ] GC(1181)   Other: 0.06ms
[7757.999s][info][gc,heap        ] GC(1181) Eden regions: 714->0(713)
[7757.999s][info][gc,heap        ] GC(1181) Survivor regions: 54->55(96)
[7757.999s][info][gc,heap        ] GC(1181) Old regions: 239->241
[7757.999s][info][gc,heap        ] GC(1181) Humongous regions: 32->32
[7757.999s][info][gc,metaspace   ] GC(1181) Metaspace: 29920K(30464K)->29920K(30464K) NonClass: 26541K(26816K)->26541K(26816K) Class: 3378K(3648K)->3378K(3648K)
[7757.999s][info][gc             ] GC(1181) Pause Young (Normal) (G1 Evacuation Pause) 8280M->2598M(10240M) 174.368ms
[7757.999s][info][gc,cpu         ] GC(1181) User=1.37s Sys=0.00s Real=0.18s
...[7761.608s][info][gc,start       ] GC(1182) Pause Young (Normal) (G1 Evacuation Pause)
[7761.608s][info][gc,task        ] GC(1182) Using 8 workers of 8 for evacuation
[7761.784s][info][gc,phases      ] GC(1182)   Pre Evacuate Collection Set: 0.29ms
[7761.784s][info][gc,phases      ] GC(1182)   Merge Heap Roots: 0.55ms
[7761.784s][info][gc,phases      ] GC(1182)   Evacuate Collection Set: 173.66ms
[7761.784s][info][gc,phases      ] GC(1182)   Post Evacuate Collection Set: 1.25ms
[7761.784s][info][gc,phases      ] GC(1182)   Other: 0.06ms
[7761.784s][info][gc,heap        ] GC(1182) Eden regions: 713->0(714)
[7761.784s][info][gc,heap        ] GC(1182) Survivor regions: 55->54(96)
[7761.784s][info][gc,heap        ] GC(1182) Old regions: 241->244
[7761.784s][info][gc,heap        ] GC(1182) Humongous regions: 32->32
[7761.784s][info][gc,metaspace   ] GC(1182) Metaspace: 29920K(30464K)->29920K(30464K) NonClass: 26541K(26816K)->26541K(26816K) Class: 3378K(3648K)->3378K(3648K)
[7761.784s][info][gc             ] GC(1182) Pause Young (Normal) (G1 Evacuation Pause) 8302M->2616M(10240M) 175.972ms
[7761.784s][info][gc,cpu         ] GC(1182) User=1.39s Sys=0.00s Real=0.17s
....[7765.331s][info][gc,start       ] GC(1183) Pause Young (Normal) (G1 Evacuation Pause)
[7765.331s][info][gc,task        ] GC(1183) Using 8 workers of 8 for evacuation
[7765.502s][info][gc,phases      ] GC(1183)   Pre Evacuate Collection Set: 0.26ms
[7765.502s][info][gc,phases      ] GC(1183)   Merge Heap Roots: 0.55ms
[7765.502s][info][gc,phases      ] GC(1183)   Evacuate Collection Set: 168.67ms
[7765.502s][info][gc,phases      ] GC(1183)   Post Evacuate Collection Set: 1.29ms
[7765.502s][info][gc,phases      ] GC(1183)   Other: 0.06ms
[7765.502s][info][gc,heap        ] GC(1183) Eden regions: 714->0(714)
[7765.502s][info][gc,heap        ] GC(1183) Survivor regions: 54->54(96)
[7765.502s][info][gc,heap        ] GC(1183) Old regions: 244->247
[7765.502s][info][gc,heap        ] GC(1183) Humongous regions: 32->32
[7765.502s][info][gc,metaspace   ] GC(1183) Metaspace: 29920K(30464K)->29920K(30464K) NonClass: 26541K(26816K)->26541K(26816K) Class: 3378K(3648K)->3378K(3648K)
[7765.502s][info][gc             ] GC(1183) Pause Young (Normal) (G1 Evacuation Pause) 8328M->2632M(10240M) 170.988ms
[7765.502s][info][gc,cpu         ] GC(1183) User=1.34s Sys=0.00s Real=0.17s
....[7769.083s][info][gc,start       ] GC(1184) Pause Young (Normal) (G1 Evacuation Pause)
[7769.083s][info][gc,task        ] GC(1184) Using 8 workers of 8 for evacuation
[7769.261s][info][gc,phases      ] GC(1184)   Pre Evacuate Collection Set: 0.24ms
[7769.261s][info][gc,phases      ] GC(1184)   Merge Heap Roots: 0.57ms
[7769.261s][info][gc,phases      ] GC(1184)   Evacuate Collection Set: 176.14ms
[7769.261s][info][gc,phases      ] GC(1184)   Post Evacuate Collection Set: 1.26ms
[7769.261s][info][gc,phases      ] GC(1184)   Other: 0.07ms
[7769.261s][info][gc,heap        ] GC(1184) Eden regions: 714->0(713)
[7769.261s][info][gc,heap        ] GC(1184) Survivor regions: 54->55(96)
[7769.261s][info][gc,heap        ] GC(1184) Old regions: 247->249
[7769.261s][info][gc,heap        ] GC(1184) Humongous regions: 32->32
[7769.261s][info][gc,metaspace   ] GC(1184) Metaspace: 29920K(30464K)->29920K(30464K) NonClass: 26541K(26816K)->26541K(26816K) Class: 3378K(3648K)->3378K(3648K)
[7769.261s][info][gc             ] GC(1184) Pause Young (Normal) (G1 Evacuation Pause) 8344M->2666M(10240M) 178.402ms
[7769.261s][info][gc,cpu         ] GC(1184) User=1.40s Sys=0.00s Real=0.18s
....[7772.853s][info][gc,start       ] GC(1185) Pause Young (Normal) (G1 Evacuation Pause)
[7772.853s][info][gc,task        ] GC(1185) Using 8 workers of 8 for evacuation
[7773.025s][info][gc,phases      ] GC(1185)   Pre Evacuate Collection Set: 0.24ms
[7773.025s][info][gc,phases      ] GC(1185)   Merge Heap Roots: 0.62ms
[7773.025s][info][gc,phases      ] GC(1185)   Evacuate Collection Set: 170.12ms
[7773.025s][info][gc,phases      ] GC(1185)   Post Evacuate Collection Set: 1.31ms
[7773.025s][info][gc,phases      ] GC(1185)   Other: 0.07ms
[7773.025s][info][gc,heap        ] GC(1185) Eden regions: 713->0(713)
[7773.025s][info][gc,heap        ] GC(1185) Survivor regions: 55->55(96)
[7773.025s][info][gc,heap        ] GC(1185) Old regions: 249->252
[7773.025s][info][gc,heap        ] GC(1185) Humongous regions: 32->32
[7773.025s][info][gc,metaspace   ] GC(1185) Metaspace: 29920K(30464K)->29920K(30464K) NonClass: 26541K(26816K)->26541K(26816K) Class: 3378K(3648K)->3378K(3648K)
[7773.025s][info][gc             ] GC(1185) Pause Young (Normal) (G1 Evacuation Pause) 8370M->2683M(10240M) 172.506ms
[7773.025s][info][gc,cpu         ] GC(1185) User=1.35s Sys=0.00s Real=0.18s
...[7776.618s][info][gc,start       ] GC(1186) Pause Young (Normal) (G1 Evacuation Pause)
[7776.618s][info][gc,task        ] GC(1186) Using 8 workers of 8 for evacuation
[7776.792s][info][gc,phases      ] GC(1186)   Pre Evacuate Collection Set: 0.25ms
[7776.792s][info][gc,phases      ] GC(1186)   Merge Heap Roots: 0.56ms
[7776.792s][info][gc,phases      ] GC(1186)   Evacuate Collection Set: 171.57ms
[7776.792s][info][gc,phases      ] GC(1186)   Post Evacuate Collection Set: 1.24ms
[7776.792s][info][gc,phases      ] GC(1186)   Other: 0.06ms
[7776.792s][info][gc,heap        ] GC(1186) Eden regions: 713->0(714)
[7776.792s][info][gc,heap        ] GC(1186) Survivor regions: 55->54(96)
[7776.792s][info][gc,heap        ] GC(1186) Old regions: 252->255
[7776.792s][info][gc,heap        ] GC(1186) Humongous regions: 32->32
[7776.792s][info][gc,metaspace   ] GC(1186) Metaspace: 29920K(30464K)->29920K(30464K) NonClass: 26541K(26816K)->26541K(26816K) Class: 3378K(3648K)->3378K(3648K)
[7776.792s][info][gc             ] GC(1186) Pause Young (Normal) (G1 Evacuation Pause) 8387M->2697M(10240M) 173.801ms
[7776.792s][info][gc,cpu         ] GC(1186) User=1.37s Sys=0.00s Real=0.17s
....[7780.154s][info][gc,start       ] GC(1187) Pause Young (Normal) (G1 Evacuation Pause)
[7780.154s][info][gc,task        ] GC(1187) Using 8 workers of 8 for evacuation
[7780.325s][info][gc,phases      ] GC(1187)   Pre Evacuate Collection Set: 0.25ms
[7780.325s][info][gc,phases      ] GC(1187)   Merge Heap Roots: 0.56ms
[7780.325s][info][gc,phases      ] GC(1187)   Evacuate Collection Set: 168.76ms
[7780.325s][info][gc,phases      ] GC(1187)   Post Evacuate Collection Set: 1.27ms
[7780.325s][info][gc,phases      ] GC(1187)   Other: 0.07ms
[7780.325s][info][gc,heap        ] GC(1187) Eden regions: 714->0(715)
[7780.325s][info][gc,heap        ] GC(1187) Survivor regions: 54->53(96)
[7780.325s][info][gc,heap        ] GC(1187) Old regions: 255->257
[7780.325s][info][gc,heap        ] GC(1187) Humongous regions: 32->32
[7780.325s][info][gc,metaspace   ] GC(1187) Metaspace: 29920K(30464K)->29920K(30464K) NonClass: 26541K(26816K)->26541K(26816K) Class: 3378K(3648K)->3378K(3648K)
[7780.325s][info][gc             ] GC(1187) Pause Young (Normal) (G1 Evacuation Pause) 8409M->2711M(10240M) 171.040ms
[7780.325s][info][gc,cpu         ] GC(1187) User=1.34s Sys=0.00s Real=0.18s
....[7783.833s][info][gc,start       ] GC(1188) Pause Young (Normal) (G1 Evacuation Pause)
[7783.833s][info][gc,task        ] GC(1188) Using 8 workers of 8 for evacuation
[7784.000s][info][gc,phases      ] GC(1188)   Pre Evacuate Collection Set: 0.27ms
[7784.000s][info][gc,phases      ] GC(1188)   Merge Heap Roots: 0.55ms
[7784.000s][info][gc,phases      ] GC(1188)   Evacuate Collection Set: 165.44ms
[7784.000s][info][gc,phases      ] GC(1188)   Post Evacuate Collection Set: 1.27ms
[7784.000s][info][gc,phases      ] GC(1188)   Other: 0.07ms
[7784.000s][info][gc,heap        ] GC(1188) Eden regions: 715->0(714)
[7784.000s][info][gc,heap        ] GC(1188) Survivor regions: 53->54(96)
[7784.000s][info][gc,heap        ] GC(1188) Old regions: 257->260
[7784.000s][info][gc,heap        ] GC(1188) Humongous regions: 32->32
[7784.000s][info][gc,metaspace   ] GC(1188) Metaspace: 29920K(30464K)->29920K(30464K) NonClass: 26541K(26816K)->26541K(26816K) Class: 3378K(3648K)->3378K(3648K)
[7784.000s][info][gc             ] GC(1188) Pause Young (Normal) (G1 Evacuation Pause) 8431M->2739M(10240M) 167.743ms
[7784.000s][info][gc,cpu         ] GC(1188) User=1.32s Sys=0.00s Real=0.17s
 (rIR:aIR:PR = 13007:12885:12908) (tPR = 192826) [OK] 
  7783s: Performance info:
         Transaction,    Success,    Partial,     Failed,   Receipts, AvgBarcode, 
             Overall,     855319,          0,          0,     813474,      59.47, 
         Response times:
             Request,    Success,    Partial,     Failed,   SkipFail,     Probes,    Samples,      min,      p50,      p90,      p95,      p99,      max, 
       TotalPurchase,     811359,          0,          0,          0,      93490,     523382,   104000,   690000,  1300000,  1900000,  2900000, 50000000,
     InStorePurchase,     428926,          0,          0,          0,      47197,     275017,   105000,   690000,  1400000,  1800000,  2800000, 50000000,
      OnlinePurchase,     299006,          0,          0,          0,      33253,     193645,   104000,   690000,  1300000,  2000000,  2100000, 50000000,
        InstPurchase,      83427,          0,          0,          0,      13040,      54720,   108000,   710000,  1300000,  2000000,  4400000, 50000000,
          AssocOfCat,        859,          0,          0,          0,        315,       1085,   160000,   700000,  1500000,  4000000,  5896000, 16000000,
      AssocOfProduct,       8532,          0,          0,          0,       1815,       6103,   114000,   650000,  1200000,  1700000,  2196000, 16000000,
      BusinessReport,       2151,          0,          0,          0,        731,       2775,   182000,   740000,  1300000,  1500000,  2624000, 29000000,
          CustBuyBeh,       8263,          0,          0,          0,       1727,       6018,   147000,   660000,  1600000,  2200000,  3400000, 16000000,
       ProductReturn,      22650,          0,          0,          0,       4535,      14153,   113000,   680000,  1400000,  1800000,  9500000, 20000000,

  7783s: (95%)   IR =  13145 ...[7787.517s][info][gc,start       ] GC(1189) Pause Young (Normal) (G1 Evacuation Pause)
[7787.517s][info][gc,task        ] GC(1189) Using 8 workers of 8 for evacuation
[7787.684s][info][gc,phases      ] GC(1189)   Pre Evacuate Collection Set: 0.26ms
[7787.684s][info][gc,phases      ] GC(1189)   Merge Heap Roots: 0.55ms
[7787.684s][info][gc,phases      ] GC(1189)   Evacuate Collection Set: 165.28ms
[7787.684s][info][gc,phases      ] GC(1189)   Post Evacuate Collection Set: 1.24ms
[7787.684s][info][gc,phases      ] GC(1189)   Other: 0.06ms
[7787.684s][info][gc,heap        ] GC(1189) Eden regions: 714->0(716)
[7787.684s][info][gc,heap        ] GC(1189) Survivor regions: 54->52(96)
[7787.684s][info][gc,heap        ] GC(1189) Old regions: 260->262
[7787.684s][info][gc,heap        ] GC(1189) Humongous regions: 32->32
[7787.684s][info][gc,metaspace   ] GC(1189) Metaspace: 29920K(30464K)->29920K(30464K) NonClass: 26541K(26816K)->26541K(26816K) Class: 3378K(3648K)->3378K(3648K)
[7787.684s][info][gc             ] GC(1189) Pause Young (Normal) (G1 Evacuation Pause) 8451M->2746M(10240M) 167.529ms
[7787.684s][info][gc,cpu         ] GC(1189) User=1.32s Sys=0.01s Real=0.16s
....[7791.210s][info][gc,start       ] GC(1190) Pause Young (Normal) (G1 Evacuation Pause)
[7791.210s][info][gc,task        ] GC(1190) Using 8 workers of 8 for evacuation
[7791.388s][info][gc,phases      ] GC(1190)   Pre Evacuate Collection Set: 0.27ms
[7791.388s][info][gc,phases      ] GC(1190)   Merge Heap Roots: 0.55ms
[7791.388s][info][gc,phases      ] GC(1190)   Evacuate Collection Set: 176.13ms
[7791.388s][info][gc,phases      ] GC(1190)   Post Evacuate Collection Set: 1.24ms
[7791.388s][info][gc,phases      ] GC(1190)   Other: 0.06ms
[7791.388s][info][gc,heap        ] GC(1190) Eden regions: 716->0(713)
[7791.388s][info][gc,heap        ] GC(1190) Survivor regions: 52->55(96)
[7791.388s][info][gc,heap        ] GC(1190) Old regions: 262->265
[7791.388s][info][gc,heap        ] GC(1190) Humongous regions: 32->32
[7791.388s][info][gc,metaspace   ] GC(1190) Metaspace: 29920K(30464K)->29920K(30464K) NonClass: 26541K(26816K)->26541K(26816K) Class: 3378K(3648K)->3378K(3648K)
[7791.388s][info][gc             ] GC(1190) Pause Young (Normal) (G1 Evacuation Pause) 8474M->2792M(10240M) 178.398ms
[7791.388s][info][gc,cpu         ] GC(1190) User=1.41s Sys=0.01s Real=0.18s
...[7795.078s][info][gc,start       ] GC(1191) Pause Young (Normal) (G1 Evacuation Pause)
[7795.078s][info][gc,task        ] GC(1191) Using 8 workers of 8 for evacuation
[7795.252s][info][gc,phases      ] GC(1191)   Pre Evacuate Collection Set: 0.27ms
[7795.252s][info][gc,phases      ] GC(1191)   Merge Heap Roots: 0.54ms
[7795.252s][info][gc,phases      ] GC(1191)   Evacuate Collection Set: 171.92ms
[7795.252s][info][gc,phases      ] GC(1191)   Post Evacuate Collection Set: 1.26ms
[7795.253s][info][gc,phases      ] GC(1191)   Other: 0.07ms
[7795.253s][info][gc,heap        ] GC(1191) Eden regions: 713->0(714)
[7795.253s][info][gc,heap        ] GC(1191) Survivor regions: 55->54(96)
[7795.253s][info][gc,heap        ] GC(1191) Old regions: 265->268
[7795.253s][info][gc,heap        ] GC(1191) Humongous regions: 32->32
[7795.253s][info][gc,metaspace   ] GC(1191) Metaspace: 29920K(30464K)->29920K(30464K) NonClass: 26541K(26816K)->26541K(26816K) Class: 3378K(3648K)->3378K(3648K)
[7795.253s][info][gc             ] GC(1191) Pause Young (Normal) (G1 Evacuation Pause) 8496M->2801M(10240M) 174.186ms
[7795.253s][info][gc,cpu         ] GC(1191) User=1.37s Sys=0.01s Real=0.17s
....[7798.818s][info][gc,start       ] GC(1192) Pause Young (Normal) (G1 Evacuation Pause)
[7798.818s][info][gc,task        ] GC(1192) Using 8 workers of 8 for evacuation
[7798.996s][info][gc,phases      ] GC(1192)   Pre Evacuate Collection Set: 0.26ms
[7798.996s][info][gc,phases      ] GC(1192)   Merge Heap Roots: 0.58ms
[7798.996s][info][gc,phases      ] GC(1192)   Evacuate Collection Set: 175.00ms
[7798.996s][info][gc,phases      ] GC(1192)   Post Evacuate Collection Set: 1.28ms
[7798.996s][info][gc,phases      ] GC(1192)   Other: 0.07ms
[7798.996s][info][gc,heap        ] GC(1192) Eden regions: 714->0(713)
[7798.996s][info][gc,heap        ] GC(1192) Survivor regions: 54->55(96)
[7798.996s][info][gc,heap        ] GC(1192) Old regions: 268->270
[7798.996s][info][gc,heap        ] GC(1192) Humongous regions: 32->32
[7798.996s][info][gc,metaspace   ] GC(1192) Metaspace: 29920K(30464K)->29920K(30464K) NonClass: 26541K(26816K)->26541K(26816K) Class: 3378K(3648K)->3378K(3648K)
[7798.996s][info][gc             ] GC(1192) Pause Young (Normal) (G1 Evacuation Pause) 8513M->2831M(10240M) 177.321ms
[7798.996s][info][gc,cpu         ] GC(1192) User=1.40s Sys=0.00s Real=0.18s
....[7802.662s][info][gc,start       ] GC(1193) Pause Young (Normal) (G1 Evacuation Pause)
[7802.663s][info][gc,task        ] GC(1193) Using 8 workers of 8 for evacuation
[7802.833s][info][gc,phases      ] GC(1193)   Pre Evacuate Collection Set: 0.26ms
[7802.833s][info][gc,phases      ] GC(1193)   Merge Heap Roots: 0.57ms
[7802.833s][info][gc,phases      ] GC(1193)   Evacuate Collection Set: 167.99ms
[7802.833s][info][gc,phases      ] GC(1193)   Post Evacuate Collection Set: 1.26ms
[7802.833s][info][gc,phases      ] GC(1193)   Other: 0.06ms
[7802.833s][info][gc,heap        ] GC(1193) Eden regions: 713->0(715)
[7802.833s][info][gc,heap        ] GC(1193) Survivor regions: 55->53(96)
[7802.833s][info][gc,heap        ] GC(1193) Old regions: 270->273
[7802.833s][info][gc,heap        ] GC(1193) Humongous regions: 32->32
[7802.833s][info][gc,metaspace   ] GC(1193) Metaspace: 29920K(30464K)->29920K(30464K) NonClass: 26541K(26816K)->26541K(26816K) Class: 3378K(3648K)->3378K(3648K)
[7802.833s][info][gc             ] GC(1193) Pause Young (Normal) (G1 Evacuation Pause) 8535M->2838M(10240M) 170.277ms
[7802.833s][info][gc,cpu         ] GC(1193) User=1.34s Sys=0.00s Real=0.17s
....[7806.447s][info][gc,start       ] GC(1194) Pause Young (Concurrent Start) (G1 Evacuation Pause)
[7806.447s][info][gc,task        ] GC(1194) Using 8 workers of 8 for evacuation
[7806.621s][info][gc,phases      ] GC(1194)   Pre Evacuate Collection Set: 0.31ms
[7806.621s][info][gc,phases      ] GC(1194)   Merge Heap Roots: 0.57ms
[7806.621s][info][gc,phases      ] GC(1194)   Evacuate Collection Set: 171.15ms
[7806.621s][info][gc,phases      ] GC(1194)   Post Evacuate Collection Set: 1.26ms
[7806.621s][info][gc,phases      ] GC(1194)   Other: 0.10ms
[7806.621s][info][gc,heap        ] GC(1194) Eden regions: 715->0(715)
[7806.621s][info][gc,heap        ] GC(1194) Survivor regions: 53->53(96)
[7806.621s][info][gc,heap        ] GC(1194) Old regions: 273->276
[7806.621s][info][gc,heap        ] GC(1194) Humongous regions: 32->32
[7806.621s][info][gc,metaspace   ] GC(1194) Metaspace: 29920K(30464K)->29920K(30464K) NonClass: 26541K(26816K)->26541K(26816K) Class: 3378K(3648K)->3378K(3648K)
[7806.621s][info][gc             ] GC(1194) Pause Young (Concurrent Start) (G1 Evacuation Pause) 8558M->2864M(10240M) 173.561ms
[7806.621s][info][gc             ] GC(1195) Concurrent Mark Cycle
[7806.621s][info][gc,marking     ] GC(1195) Concurrent Scan Root Regions
[7806.621s][info][gc,cpu         ] GC(1194) User=1.36s Sys=0.00s Real=0.17s
[7806.991s][info][gc,marking     ] GC(1195) Concurrent Scan Root Regions 369.580ms
[7806.991s][info][gc,marking     ] GC(1195) Concurrent Mark
[7806.991s][info][gc,marking     ] GC(1195) Concurrent Mark From Roots
[7806.991s][info][gc,task        ] GC(1195) Using 2 workers of 2 for marking
.[7808.034s][info][gc,marking     ] GC(1195) Concurrent Mark From Roots 1043.807ms
[7808.034s][info][gc,marking     ] GC(1195) Concurrent Preclean
[7808.035s][info][gc,marking     ] GC(1195) Concurrent Preclean 0.199ms
[7808.035s][info][gc,start       ] GC(1195) Pause Remark
[7808.036s][info][gc             ] GC(1195) Pause Remark 4392M->4096M(10240M) 1.577ms
[7808.036s][info][gc,cpu         ] GC(1195) User=0.01s Sys=0.00s Real=0.00s
[7808.037s][info][gc,marking     ] GC(1195) Concurrent Mark 1045.899ms
[7808.037s][info][gc,marking     ] GC(1195) Concurrent Rebuild Remembered Sets and Scrub Regions
.[7808.836s][info][gc,marking     ] GC(1195) Concurrent Rebuild Remembered Sets and Scrub Regions 799.488ms
[7808.836s][info][gc,start       ] GC(1195) Pause Cleanup
[7808.836s][info][gc             ] GC(1195) Pause Cleanup 5168M->5168M(10240M) 0.277ms
[7808.836s][info][gc,cpu         ] GC(1195) User=0.00s Sys=0.00s Real=0.00s
[7808.836s][info][gc,marking     ] GC(1195) Concurrent Clear Claimed Marks
[7808.837s][info][gc,marking     ] GC(1195) Concurrent Clear Claimed Marks 0.040ms
[7808.837s][info][gc,marking     ] GC(1195) Concurrent Cleanup for Next Mark
[7808.849s][info][gc,marking     ] GC(1195) Concurrent Cleanup for Next Mark 12.831ms
[7808.849s][info][gc             ] GC(1195) Concurrent Mark Cycle 2228.552ms
..[7810.711s][info][gc,start       ] GC(1196) Pause Young (Prepare Mixed) (G1 Evacuation Pause)
[7810.711s][info][gc,task        ] GC(1196) Using 8 workers of 8 for evacuation
[7810.879s][info][gc,phases      ] GC(1196)   Pre Evacuate Collection Set: 0.28ms
[7810.879s][info][gc,phases      ] GC(1196)   Merge Heap Roots: 0.75ms
[7810.880s][info][gc,phases      ] GC(1196)   Evacuate Collection Set: 165.69ms
[7810.880s][info][gc,phases      ] GC(1196)   Post Evacuate Collection Set: 1.34ms
[7810.880s][info][gc,phases      ] GC(1196)   Other: 0.08ms
[7810.880s][info][gc,heap        ] GC(1196) Eden regions: 715->0(716)
[7810.880s][info][gc,heap        ] GC(1196) Survivor regions: 53->52(96)
[7810.880s][info][gc,heap        ] GC(1196) Old regions: 239->242
[7810.880s][info][gc,heap        ] GC(1196) Humongous regions: 32->32
[7810.880s][info][gc,metaspace   ] GC(1196) Metaspace: 29920K(30464K)->29920K(30464K) NonClass: 26541K(26816K)->26541K(26816K) Class: 3378K(3648K)->3378K(3648K)
[7810.880s][info][gc             ] GC(1196) Pause Young (Prepare Mixed) (G1 Evacuation Pause) 8288M->2582M(10240M) 168.262ms
[7810.880s][info][gc,cpu         ] GC(1196) User=1.32s Sys=0.00s Real=0.17s
.... (rIR:aIR:PR = 13145:13355:12283) (tPR = 181828) [IR is over limit] [PR is under limit] 
  7814s: Performance info:
         Transaction,    Success,    Partial,     Failed,   Receipts, AvgBarcode, 
             Overall,     247854,          0,          0,     234540,      59.47, 
         Response times:
             Request,    Success,    Partial,     Failed,   SkipFail,     Probes,    Samples,      min,      p50,      p90,      p95,      p99,      max, 
       TotalPurchase,     256007,          0,          0,          0,      10008,     181833,    94000,  1100000,  1900000,  2400000,  8100000, 16000000,
     InStorePurchase,     133288,          0,          0,          0,       4885,      95320,    94000,   990000,  1700000,  2100000,  2500000, 16000000,
      OnlinePurchase,      96273,          0,          0,          0,       3471,      66920,    95000,  1200000,  2400000,  5800000,  9400000, 11000000,
        InstPurchase,      26446,          0,          0,          0,       1652,      19593,    98000,  1100000,  1800000,  2100000,  6900000, 12000000,
          AssocOfCat,        276,          0,          0,          0,        102,        380,   315000,  1100000,  2000000,  2300000,  4519000,  7500000,
      AssocOfProduct,       2650,          0,          0,          0,        452,       2043,   106000,  1100000,  1700000,  1800000,  5000000,  7400000,
      BusinessReport,        667,          0,          0,          0,        263,        959,   264000,   960000,  2400000,  3400000,  7800000, 13000000,
          CustBuyBeh,       2679,          0,          0,          0,        468,       2090,   108000,   950000,  1800000,  2900000,  6300000,  7500000,
       ProductReturn,       7195,          0,          0,          0,       1224,       4995,    97000,  1100000,  2400000,  3200000,  4300000, 13000000,

  7814s: 
  7814s: Failed, 5 overall retries left, retrying 1 of 1
  7814s: (95%)   IR =  13145 [7814.467s][info][gc,start       ] GC(1197) Pause Young (Mixed) (G1 Evacuation Pause)
[7814.467s][info][gc,task        ] GC(1197) Using 8 workers of 8 for evacuation
[7814.645s][info][gc,phases      ] GC(1197)   Pre Evacuate Collection Set: 0.28ms
[7814.645s][info][gc,phases      ] GC(1197)   Merge Heap Roots: 0.85ms
[7814.645s][info][gc,phases      ] GC(1197)   Evacuate Collection Set: 172.32ms
[7814.645s][info][gc,phases      ] GC(1197)   Merge Optional Heap Roots: 0.13ms
[7814.645s][info][gc,phases      ] GC(1197)   Evacuate Optional Collection Set: 3.09ms
[7814.645s][info][gc,phases      ] GC(1197)   Post Evacuate Collection Set: 1.62ms
[7814.645s][info][gc,phases      ] GC(1197)   Other: 0.08ms
[7814.645s][info][gc,heap        ] GC(1197) Eden regions: 716->0(716)
[7814.645s][info][gc,heap        ] GC(1197) Survivor regions: 52->52(96)
[7814.645s][info][gc,heap        ] GC(1197) Old regions: 242->145
[7814.645s][info][gc,heap        ] GC(1197) Humongous regions: 32->32
[7814.645s][info][gc,metaspace   ] GC(1197) Metaspace: 29920K(30464K)->29920K(30464K) NonClass: 26541K(26816K)->26541K(26816K) Class: 3378K(3648K)->3378K(3648K)
[7814.645s][info][gc             ] GC(1197) Pause Young (Mixed) (G1 Evacuation Pause) 8310M->1804M(10240M) 178.546ms
[7814.645s][info][gc,cpu         ] GC(1197) User=1.40s Sys=0.00s Real=0.18s
...[7818.271s][info][gc,start       ] GC(1198) Pause Young (Mixed) (G1 Evacuation Pause)
[7818.272s][info][gc,task        ] GC(1198) Using 8 workers of 8 for evacuation
[7818.450s][info][gc,phases      ] GC(1198)   Pre Evacuate Collection Set: 0.28ms
[7818.450s][info][gc,phases      ] GC(1198)   Merge Heap Roots: 0.75ms
[7818.450s][info][gc,phases      ] GC(1198)   Evacuate Collection Set: 176.18ms
[7818.450s][info][gc,phases      ] GC(1198)   Post Evacuate Collection Set: 1.28ms
[7818.450s][info][gc,phases      ] GC(1198)   Other: 0.07ms
[7818.450s][info][gc,heap        ] GC(1198) Eden regions: 716->0(713)
[7818.450s][info][gc,heap        ] GC(1198) Survivor regions: 52->55(96)
[7818.450s][info][gc,heap        ] GC(1198) Old regions: 145->135
[7818.450s][info][gc,heap        ] GC(1198) Humongous regions: 32->32
[7818.450s][info][gc,metaspace   ] GC(1198) Metaspace: 29920K(30464K)->29920K(30464K) NonClass: 26541K(26816K)->26541K(26816K) Class: 3378K(3648K)->3378K(3648K)
[7818.450s][info][gc             ] GC(1198) Pause Young (Mixed) (G1 Evacuation Pause) 7532M->1747M(10240M) 178.705ms
[7818.450s][info][gc,cpu         ] GC(1198) User=1.41s Sys=0.00s Real=0.18s
....[7822.152s][info][gc,start       ] GC(1199) Pause Young (Normal) (G1 Evacuation Pause)
[7822.152s][info][gc,task        ] GC(1199) Using 8 workers of 8 for evacuation
[7822.323s][info][gc,phases      ] GC(1199)   Pre Evacuate Collection Set: 0.26ms
[7822.323s][info][gc,phases      ] GC(1199)   Merge Heap Roots: 0.56ms
[7822.323s][info][gc,phases      ] GC(1199)   Evacuate Collection Set: 168.92ms
[7822.323s][info][gc,phases      ] GC(1199)   Post Evacuate Collection Set: 1.26ms
[7822.323s][info][gc,phases      ] GC(1199)   Other: 0.06ms
[7822.323s][info][gc,heap        ] GC(1199) Eden regions: 713->0(716)
[7822.323s][info][gc,heap        ] GC(1199) Survivor regions: 55->52(96)
[7822.323s][info][gc,heap        ] GC(1199) Old regions: 135->138
[7822.323s][info][gc,heap        ] GC(1199) Humongous regions: 32->32
[7822.323s][info][gc,metaspace   ] GC(1199) Metaspace: 29920K(30464K)->29920K(30464K) NonClass: 26541K(26816K)->26541K(26816K) Class: 3378K(3648K)->3378K(3648K)
[7822.323s][info][gc             ] GC(1199) Pause Young (Normal) (G1 Evacuation Pause) 7451M->1748M(10240M) 171.203ms
[7822.323s][info][gc,cpu         ] GC(1199) User=1.34s Sys=0.00s Real=0.17s
....[7825.990s][info][gc,start       ] GC(1200) Pause Young (Normal) (G1 Evacuation Pause)
[7825.990s][info][gc,task        ] GC(1200) Using 8 workers of 8 for evacuation
[7826.165s][info][gc,phases      ] GC(1200)   Pre Evacuate Collection Set: 0.25ms
[7826.165s][info][gc,phases      ] GC(1200)   Merge Heap Roots: 0.53ms
[7826.165s][info][gc,phases      ] GC(1200)   Evacuate Collection Set: 172.70ms
[7826.165s][info][gc,phases      ] GC(1200)   Post Evacuate Collection Set: 1.31ms
[7826.165s][info][gc,phases      ] GC(1200)   Other: 0.07ms
[7826.165s][info][gc,heap        ] GC(1200) Eden regions: 716->0(713)
[7826.165s][info][gc,heap        ] GC(1200) Survivor regions: 52->55(96)
[7826.165s][info][gc,heap        ] GC(1200) Old regions: 138->140
[7826.165s][info][gc,heap        ] GC(1200) Humongous regions: 32->32
[7826.165s][info][gc,metaspace   ] GC(1200) Metaspace: 29920K(30464K)->29920K(30464K) NonClass: 26541K(26816K)->26541K(26816K) Class: 3378K(3648K)->3378K(3648K)
[7826.165s][info][gc             ] GC(1200) Pause Young (Normal) (G1 Evacuation Pause) 7476M->1794M(10240M) 174.990ms
[7826.165s][info][gc,cpu         ] GC(1200) User=1.38s Sys=0.00s Real=0.18s
....[7829.694s][info][gc,start       ] GC(1201) Pause Young (Normal) (G1 Evacuation Pause)
[7829.694s][info][gc,task        ] GC(1201) Using 8 workers of 8 for evacuation
[7829.867s][info][gc,phases      ] GC(1201)   Pre Evacuate Collection Set: 0.27ms
[7829.867s][info][gc,phases      ] GC(1201)   Merge Heap Roots: 0.53ms
[7829.867s][info][gc,phases      ] GC(1201)   Evacuate Collection Set: 171.14ms
[7829.867s][info][gc,phases      ] GC(1201)   Post Evacuate Collection Set: 1.25ms
[7829.868s][info][gc,phases      ] GC(1201)   Other: 0.06ms
[7829.868s][info][gc,heap        ] GC(1201) Eden regions: 713->0(714)
[7829.868s][info][gc,heap        ] GC(1201) Survivor regions: 55->54(96)
[7829.868s][info][gc,heap        ] GC(1201) Old regions: 140->143
[7829.868s][info][gc,heap        ] GC(1201) Humongous regions: 32->32
[7829.868s][info][gc,metaspace   ] GC(1201) Metaspace: 29920K(30464K)->29920K(30464K) NonClass: 26541K(26816K)->26541K(26816K) Class: 3378K(3648K)->3378K(3648K)
[7829.868s][info][gc             ] GC(1201) Pause Young (Normal) (G1 Evacuation Pause) 7498M->1810M(10240M) 173.395ms
[7829.868s][info][gc,cpu         ] GC(1201) User=1.37s Sys=0.00s Real=0.18s
....[7833.499s][info][gc,start       ] GC(1202) Pause Young (Normal) (G1 Evacuation Pause)
[7833.500s][info][gc,task        ] GC(1202) Using 8 workers of 8 for evacuation
[7833.676s][info][gc,phases      ] GC(1202)   Pre Evacuate Collection Set: 0.24ms
[7833.676s][info][gc,phases      ] GC(1202)   Merge Heap Roots: 0.54ms
[7833.676s][info][gc,phases      ] GC(1202)   Evacuate Collection Set: 174.08ms
[7833.676s][info][gc,phases      ] GC(1202)   Post Evacuate Collection Set: 1.26ms
[7833.676s][info][gc,phases      ] GC(1202)   Other: 0.06ms
[7833.676s][info][gc,heap        ] GC(1202) Eden regions: 714->0(713)
[7833.676s][info][gc,heap        ] GC(1202) Survivor regions: 54->55(96)
[7833.676s][info][gc,heap        ] GC(1202) Old regions: 143->146
[7833.676s][info][gc,heap        ] GC(1202) Humongous regions: 32->32
[7833.676s][info][gc,metaspace   ] GC(1202) Metaspace: 29920K(30464K)->29920K(30464K) NonClass: 26541K(26816K)->26541K(26816K) Class: 3378K(3648K)->3378K(3648K)
[7833.676s][info][gc             ] GC(1202) Pause Young (Normal) (G1 Evacuation Pause) 7522M->1837M(10240M) 176.340ms
[7833.676s][info][gc,cpu         ] GC(1202) User=1.39s Sys=0.00s Real=0.18s
...[7837.288s][info][gc,start       ] GC(1203) Pause Young (Normal) (G1 Evacuation Pause)
[7837.288s][info][gc,task        ] GC(1203) Using 8 workers of 8 for evacuation
[7837.458s][info][gc,phases      ] GC(1203)   Pre Evacuate Collection Set: 0.25ms
[7837.458s][info][gc,phases      ] GC(1203)   Merge Heap Roots: 0.53ms
[7837.458s][info][gc,phases      ] GC(1203)   Evacuate Collection Set: 168.72ms
[7837.458s][info][gc,phases      ] GC(1203)   Post Evacuate Collection Set: 1.24ms
[7837.458s][info][gc,phases      ] GC(1203)   Other: 0.07ms
[7837.458s][info][gc,heap        ] GC(1203) Eden regions: 713->0(715)
[7837.458s][info][gc,heap        ] GC(1203) Survivor regions: 55->53(96)
[7837.458s][info][gc,heap        ] GC(1203) Old regions: 146->149
[7837.458s][info][gc,heap        ] GC(1203) Humongous regions: 32->32
[7837.458s][info][gc,metaspace   ] GC(1203) Metaspace: 29920K(30464K)->29920K(30464K) NonClass: 26541K(26816K)->26541K(26816K) Class: 3378K(3648K)->3378K(3648K)
[7837.458s][info][gc             ] GC(1203) Pause Young (Normal) (G1 Evacuation Pause) 7541M->1847M(10240M) 170.942ms
[7837.459s][info][gc,cpu         ] GC(1203) User=1.34s Sys=0.00s Real=0.17s
....[7840.969s][info][gc,start       ] GC(1204) Pause Young (Normal) (G1 Evacuation Pause)
[7840.969s][info][gc,task        ] GC(1204) Using 8 workers of 8 for evacuation
[7841.144s][info][gc,phases      ] GC(1204)   Pre Evacuate Collection Set: 0.26ms
[7841.144s][info][gc,phases      ] GC(1204)   Merge Heap Roots: 0.53ms
[7841.144s][info][gc,phases      ] GC(1204)   Evacuate Collection Set: 173.12ms
[7841.144s][info][gc,phases      ] GC(1204)   Post Evacuate Collection Set: 1.22ms
[7841.144s][info][gc,phases      ] GC(1204)   Other: 0.07ms
[7841.144s][info][gc,heap        ] GC(1204) Eden regions: 715->0(713)
[7841.144s][info][gc,heap        ] GC(1204) Survivor regions: 53->55(96)
[7841.144s][info][gc,heap        ] GC(1204) Old regions: 149->152
[7841.144s][info][gc,heap        ] GC(1204) Humongous regions: 32->32
[7841.144s][info][gc,metaspace   ] GC(1204) Metaspace: 29920K(30464K)->29920K(30464K) NonClass: 26541K(26816K)->26541K(26816K) Class: 3378K(3648K)->3378K(3648K)
[7841.144s][info][gc             ] GC(1204) Pause Young (Normal) (G1 Evacuation Pause) 7567M->1879M(10240M) 175.336ms
[7841.144s][info][gc,cpu         ] GC(1204) User=1.39s Sys=0.00s Real=0.17s
....[7844.810s][info][gc,start       ] GC(1205) Pause Young (Normal) (G1 Evacuation Pause)
[7844.810s][info][gc,task        ] GC(1205) Using 8 workers of 8 for evacuation
[7844.981s][info][gc,phases      ] GC(1205)   Pre Evacuate Collection Set: 0.28ms
[7844.981s][info][gc,phases      ] GC(1205)   Merge Heap Roots: 0.56ms
[7844.981s][info][gc,phases      ] GC(1205)   Evacuate Collection Set: 168.76ms
[7844.981s][info][gc,phases      ] GC(1205)   Post Evacuate Collection Set: 1.28ms
[7844.981s][info][gc,phases      ] GC(1205)   Other: 0.07ms
[7844.981s][info][gc,heap        ] GC(1205) Eden regions: 713->0(715)
[7844.981s][info][gc,heap        ] GC(1205) Survivor regions: 55->53(96)
[7844.981s][info][gc,heap        ] GC(1205) Old regions: 152->154
[7844.981s][info][gc,heap        ] GC(1205) Humongous regions: 32->32
[7844.981s][info][gc,metaspace   ] GC(1205) Metaspace: 29920K(30464K)->29920K(30464K) NonClass: 26541K(26816K)->26541K(26816K) Class: 3378K(3648K)->3378K(3648K)
[7844.981s][info][gc             ] GC(1205) Pause Young (Normal) (G1 Evacuation Pause) 7583M->1889M(10240M) 171.081ms
[7844.982s][info][gc,cpu         ] GC(1205) User=1.35s Sys=0.00s Real=0.17s
....[7848.611s][info][gc,start       ] GC(1206) Pause Young (Normal) (G1 Evacuation Pause)
[7848.611s][info][gc,task        ] GC(1206) Using 8 workers of 8 for evacuation
[7848.782s][info][gc,phases      ] GC(1206)   Pre Evacuate Collection Set: 0.28ms
[7848.782s][info][gc,phases      ] GC(1206)   Merge Heap Roots: 0.53ms
[7848.782s][info][gc,phases      ] GC(1206)   Evacuate Collection Set: 168.75ms
[7848.782s][info][gc,phases      ] GC(1206)   Post Evacuate Collection Set: 1.25ms
[7848.782s][info][gc,phases      ] GC(1206)   Other: 0.07ms
[7848.782s][info][gc,heap        ] GC(1206) Eden regions: 715->0(714)
[7848.782s][info][gc,heap        ] GC(1206) Survivor regions: 53->54(96)
[7848.782s][info][gc,heap        ] GC(1206) Old regions: 154->157
[7848.782s][info][gc,heap        ] GC(1206) Humongous regions: 32->32
[7848.782s][info][gc,metaspace   ] GC(1206) Metaspace: 29920K(30464K)->29920K(30464K) NonClass: 26541K(26816K)->26541K(26816K) Class: 3378K(3648K)->3378K(3648K)
[7848.782s][info][gc             ] GC(1206) Pause Young (Normal) (G1 Evacuation Pause) 7609M->1920M(10240M) 171.004ms
[7848.782s][info][gc,cpu         ] GC(1206) User=1.34s Sys=0.00s Real=0.17s
...[7852.175s][info][gc,start       ] GC(1207) Pause Young (Normal) (G1 Evacuation Pause)
[7852.175s][info][gc,task        ] GC(1207) Using 8 workers of 8 for evacuation
[7852.353s][info][gc,phases      ] GC(1207)   Pre Evacuate Collection Set: 0.25ms
[7852.353s][info][gc,phases      ] GC(1207)   Merge Heap Roots: 0.56ms
[7852.353s][info][gc,phases      ] GC(1207)   Evacuate Collection Set: 175.42ms
[7852.353s][info][gc,phases      ] GC(1207)   Post Evacuate Collection Set: 1.29ms
[7852.353s][info][gc,phases      ] GC(1207)   Other: 0.06ms
[7852.353s][info][gc,heap        ] GC(1207) Eden regions: 714->0(712)
[7852.353s][info][gc,heap        ] GC(1207) Survivor regions: 54->56(96)
[7852.353s][info][gc,heap        ] GC(1207) Old regions: 157->160
[7852.353s][info][gc,heap        ] GC(1207) Humongous regions: 32->32
[7852.353s][info][gc,metaspace   ] GC(1207) Metaspace: 29920K(30464K)->29920K(30464K) NonClass: 26541K(26816K)->26541K(26816K) Class: 3378K(3648K)->3378K(3648K)
[7852.353s][info][gc             ] GC(1207) Pause Young (Normal) (G1 Evacuation Pause) 7632M->1953M(10240M) 177.721ms
[7852.353s][info][gc,cpu         ] GC(1207) User=1.40s Sys=0.00s Real=0.17s
....[7855.884s][info][gc,start       ] GC(1208) Pause Young (Normal) (G1 Evacuation Pause)
[7855.884s][info][gc,task        ] GC(1208) Using 8 workers of 8 for evacuation
[7856.062s][info][gc,phases      ] GC(1208)   Pre Evacuate Collection Set: 0.27ms
[7856.062s][info][gc,phases      ] GC(1208)   Merge Heap Roots: 0.57ms
[7856.062s][info][gc,phases      ] GC(1208)   Evacuate Collection Set: 176.65ms
[7856.062s][info][gc,phases      ] GC(1208)   Post Evacuate Collection Set: 1.23ms
[7856.062s][info][gc,phases      ] GC(1208)   Other: 0.06ms
[7856.062s][info][gc,heap        ] GC(1208) Eden regions: 712->0(718)
[7856.062s][info][gc,heap        ] GC(1208) Survivor regions: 56->50(96)
[7856.062s][info][gc,heap        ] GC(1208) Old regions: 160->167
[7856.062s][info][gc,heap        ] GC(1208) Humongous regions: 32->32
[7856.062s][info][gc,metaspace   ] GC(1208) Metaspace: 29920K(30464K)->29920K(30464K) NonClass: 26541K(26816K)->26541K(26816K) Class: 3378K(3648K)->3378K(3648K)
[7856.062s][info][gc             ] GC(1208) Pause Young (Normal) (G1 Evacuation Pause) 7649M->1971M(10240M) 178.921ms
[7856.062s][info][gc,cpu         ] GC(1208) User=1.41s Sys=0.00s Real=0.18s
....[7859.747s][info][gc,start       ] GC(1209) Pause Young (Normal) (G1 Evacuation Pause)
[7859.747s][info][gc,task        ] GC(1209) Using 8 workers of 8 for evacuation
[7859.914s][info][gc,phases      ] GC(1209)   Pre Evacuate Collection Set: 0.26ms
[7859.914s][info][gc,phases      ] GC(1209)   Merge Heap Roots: 0.53ms
[7859.914s][info][gc,phases      ] GC(1209)   Evacuate Collection Set: 164.79ms
[7859.914s][info][gc,phases      ] GC(1209)   Post Evacuate Collection Set: 1.18ms
[7859.914s][info][gc,phases      ] GC(1209)   Other: 0.06ms
[7859.914s][info][gc,heap        ] GC(1209) Eden regions: 718->0(719)
[7859.914s][info][gc,heap        ] GC(1209) Survivor regions: 50->49(96)
[7859.914s][info][gc,heap        ] GC(1209) Old regions: 167->174
[7859.914s][info][gc,heap        ] GC(1209) Humongous regions: 32->32
[7859.914s][info][gc,metaspace   ] GC(1209) Metaspace: 29920K(30464K)->29920K(30464K) NonClass: 26541K(26816K)->26541K(26816K) Class: 3378K(3648K)->3378K(3648K)
[7859.914s][info][gc             ] GC(1209) Pause Young (Normal) (G1 Evacuation Pause) 7715M->2012M(10240M) 166.970ms
[7859.914s][info][gc,cpu         ] GC(1209) User=1.31s Sys=0.00s Real=0.16s
....[7863.515s][info][gc,start       ] GC(1210) Pause Young (Normal) (G1 Evacuation Pause)
[7863.515s][info][gc,task        ] GC(1210) Using 8 workers of 8 for evacuation
[7863.686s][info][gc,phases      ] GC(1210)   Pre Evacuate Collection Set: 0.26ms
[7863.686s][info][gc,phases      ] GC(1210)   Merge Heap Roots: 0.57ms
[7863.686s][info][gc,phases      ] GC(1210)   Evacuate Collection Set: 169.13ms
[7863.686s][info][gc,phases      ] GC(1210)   Post Evacuate Collection Set: 1.24ms
[7863.686s][info][gc,phases      ] GC(1210)   Other: 0.08ms
[7863.686s][info][gc,heap        ] GC(1210) Eden regions: 719->0(713)
[7863.686s][info][gc,heap        ] GC(1210) Survivor regions: 49->55(96)
[7863.686s][info][gc,heap        ] GC(1210) Old regions: 174->174
[7863.686s][info][gc,heap        ] GC(1210) Humongous regions: 32->32
[7863.686s][info][gc,metaspace   ] GC(1210) Metaspace: 29920K(30464K)->29920K(30464K) NonClass: 26541K(26816K)->26541K(26816K) Class: 3378K(3648K)->3378K(3648K)
[7863.686s][info][gc             ] GC(1210) Pause Young (Normal) (G1 Evacuation Pause) 7764M->2060M(10240M) 171.409ms
[7863.686s][info][gc,cpu         ] GC(1210) User=1.35s Sys=0.00s Real=0.17s
...[7867.341s][info][gc,start       ] GC(1211) Pause Young (Normal) (G1 Evacuation Pause)
[7867.341s][info][gc,task        ] GC(1211) Using 8 workers of 8 for evacuation
[7867.513s][info][gc,phases      ] GC(1211)   Pre Evacuate Collection Set: 0.25ms
[7867.513s][info][gc,phases      ] GC(1211)   Merge Heap Roots: 0.56ms
[7867.514s][info][gc,phases      ] GC(1211)   Evacuate Collection Set: 169.70ms
[7867.514s][info][gc,phases      ] GC(1211)   Post Evacuate Collection Set: 1.26ms
[7867.514s][info][gc,phases      ] GC(1211)   Other: 0.07ms
[7867.514s][info][gc,heap        ] GC(1211) Eden regions: 713->0(715)
[7867.514s][info][gc,heap        ] GC(1211) Survivor regions: 55->53(96)
[7867.514s][info][gc,heap        ] GC(1211) Old regions: 174->176
[7867.514s][info][gc,heap        ] GC(1211) Humongous regions: 32->32
[7867.514s][info][gc,metaspace   ] GC(1211) Metaspace: 29920K(30464K)->29920K(30464K) NonClass: 26541K(26816K)->26541K(26816K) Class: 3378K(3648K)->3378K(3648K)
[7867.514s][info][gc             ] GC(1211) Pause Young (Normal) (G1 Evacuation Pause) 7764M->2062M(10240M) 172.729ms
[7867.514s][info][gc,cpu         ] GC(1211) User=1.36s Sys=0.00s Real=0.17s
....[7871.135s][info][gc,start       ] GC(1212) Pause Young (Normal) (G1 Evacuation Pause)
[7871.135s][info][gc,task        ] GC(1212) Using 8 workers of 8 for evacuation
[7871.305s][info][gc,phases      ] GC(1212)   Pre Evacuate Collection Set: 0.26ms
[7871.305s][info][gc,phases      ] GC(1212)   Merge Heap Roots: 0.54ms
[7871.305s][info][gc,phases      ] GC(1212)   Evacuate Collection Set: 167.95ms
[7871.305s][info][gc,phases      ] GC(1212)   Post Evacuate Collection Set: 1.25ms
[7871.305s][info][gc,phases      ] GC(1212)   Other: 0.06ms
[7871.305s][info][gc,heap        ] GC(1212) Eden regions: 715->0(714)
[7871.305s][info][gc,heap        ] GC(1212) Survivor regions: 53->54(96)
[7871.305s][info][gc,heap        ] GC(1212) Old regions: 176->179
[7871.305s][info][gc,heap        ] GC(1212) Humongous regions: 32->32
[7871.305s][info][gc,metaspace   ] GC(1212) Metaspace: 29920K(30464K)->29920K(30464K) NonClass: 26541K(26816K)->26541K(26816K) Class: 3378K(3648K)->3378K(3648K)
[7871.305s][info][gc             ] GC(1212) Pause Young (Normal) (G1 Evacuation Pause) 7782M->2091M(10240M) 170.204ms
[7871.305s][info][gc,cpu         ] GC(1212) User=1.34s Sys=0.00s Real=0.18s
....[7874.793s][info][gc,start       ] GC(1213) Pause Young (Normal) (G1 Evacuation Pause)
[7874.793s][info][gc,task        ] GC(1213) Using 8 workers of 8 for evacuation
[7874.973s][info][gc,phases      ] GC(1213)   Pre Evacuate Collection Set: 0.25ms
[7874.973s][info][gc,phases      ] GC(1213)   Merge Heap Roots: 0.56ms
[7874.973s][info][gc,phases      ] GC(1213)   Evacuate Collection Set: 177.06ms
[7874.973s][info][gc,phases      ] GC(1213)   Post Evacuate Collection Set: 1.27ms
[7874.973s][info][gc,phases      ] GC(1213)   Other: 0.07ms
[7874.973s][info][gc,heap        ] GC(1213) Eden regions: 714->0(714)
[7874.973s][info][gc,heap        ] GC(1213) Survivor regions: 54->54(96)
[7874.973s][info][gc,heap        ] GC(1213) Old regions: 179->182
[7874.973s][info][gc,heap        ] GC(1213) Humongous regions: 32->32
[7874.973s][info][gc,metaspace   ] GC(1213) Metaspace: 29920K(30464K)->29920K(30464K) NonClass: 26541K(26816K)->26541K(26816K) Class: 3378K(3648K)->3378K(3648K)
[7874.973s][info][gc             ] GC(1213) Pause Young (Normal) (G1 Evacuation Pause) 7803M->2115M(10240M) 179.332ms
[7874.973s][info][gc,cpu         ] GC(1213) User=1.41s Sys=0.00s Real=0.18s
...[7878.320s][info][gc,start       ] GC(1214) Pause Young (Normal) (G1 Evacuation Pause)
[7878.321s][info][gc,task        ] GC(1214) Using 8 workers of 8 for evacuation
[7878.510s][info][gc,phases      ] GC(1214)   Pre Evacuate Collection Set: 0.24ms
[7878.510s][info][gc,phases      ] GC(1214)   Merge Heap Roots: 0.55ms
[7878.511s][info][gc,phases      ] GC(1214)   Evacuate Collection Set: 187.81ms
[7878.511s][info][gc,phases      ] GC(1214)   Post Evacuate Collection Set: 1.26ms
[7878.511s][info][gc,phases      ] GC(1214)   Other: 0.07ms
[7878.511s][info][gc,heap        ] GC(1214) Eden regions: 714->0(604)
[7878.511s][info][gc,heap        ] GC(1214) Survivor regions: 54->59(96)
[7878.511s][info][gc,heap        ] GC(1214) Old regions: 182->184
[7878.511s][info][gc,heap        ] GC(1214) Humongous regions: 32->32
[7878.511s][info][gc,metaspace   ] GC(1214) Metaspace: 29920K(30464K)->29920K(30464K) NonClass: 26541K(26816K)->26541K(26816K) Class: 3378K(3648K)->3378K(3648K)
[7878.511s][info][gc             ] GC(1214) Pause Young (Normal) (G1 Evacuation Pause) 7827M->2171M(10240M) 190.068ms
[7878.511s][info][gc,cpu         ] GC(1214) User=1.50s Sys=0.01s Real=0.19s
...[7881.456s][info][gc,start       ] GC(1215) Pause Young (Normal) (G1 Evacuation Pause)
[7881.456s][info][gc,task        ] GC(1215) Using 8 workers of 8 for evacuation
[7881.628s][info][gc,phases      ] GC(1215)   Pre Evacuate Collection Set: 0.24ms
[7881.628s][info][gc,phases      ] GC(1215)   Merge Heap Roots: 0.52ms
[7881.628s][info][gc,phases      ] GC(1215)   Evacuate Collection Set: 170.48ms
[7881.628s][info][gc,phases      ] GC(1215)   Post Evacuate Collection Set: 1.09ms
[7881.628s][info][gc,phases      ] GC(1215)   Other: 0.06ms
[7881.628s][info][gc,heap        ] GC(1215) Eden regions: 613->0(720)
[7881.628s][info][gc,heap        ] GC(1215) Survivor regions: 59->48(84)
[7881.628s][info][gc,heap        ] GC(1215) Old regions: 184->193
[7881.628s][info][gc,heap        ] GC(1215) Humongous regions: 32->32
[7881.628s][info][gc,metaspace   ] GC(1215) Metaspace: 29920K(30464K)->29920K(30464K) NonClass: 26541K(26816K)->26541K(26816K) Class: 3378K(3648K)->3378K(3648K)
[7881.628s][info][gc             ] GC(1215) Pause Young (Normal) (G1 Evacuation Pause) 7075M->2159M(10240M) 172.517ms
[7881.628s][info][gc,cpu         ] GC(1215) User=1.36s Sys=0.00s Real=0.17s
....[7885.196s][info][gc,start       ] GC(1216) Pause Young (Normal) (G1 Evacuation Pause)
[7885.196s][info][gc,task        ] GC(1216) Using 8 workers of 8 for evacuation
[7885.360s][info][gc,phases      ] GC(1216)   Pre Evacuate Collection Set: 0.28ms
[7885.360s][info][gc,phases      ] GC(1216)   Merge Heap Roots: 0.54ms
[7885.360s][info][gc,phases      ] GC(1216)   Evacuate Collection Set: 161.16ms
[7885.360s][info][gc,phases      ] GC(1216)   Post Evacuate Collection Set: 1.27ms
[7885.360s][info][gc,phases      ] GC(1216)   Other: 0.06ms
[7885.360s][info][gc,heap        ] GC(1216) Eden regions: 720->0(715)
[7885.360s][info][gc,heap        ] GC(1216) Survivor regions: 48->53(96)
[7885.360s][info][gc,heap        ] GC(1216) Old regions: 193->193
[7885.360s][info][gc,heap        ] GC(1216) Humongous regions: 32->32
[7885.360s][info][gc,metaspace   ] GC(1216) Metaspace: 29920K(30464K)->29920K(30464K) NonClass: 26541K(26816K)->26541K(26816K) Class: 3378K(3648K)->3378K(3648K)
[7885.360s][info][gc             ] GC(1216) Pause Young (Normal) (G1 Evacuation Pause) 7919M->2199M(10240M) 163.464ms
[7885.360s][info][gc,cpu         ] GC(1216) User=1.29s Sys=0.00s Real=0.16s
....[7888.943s][info][gc,start       ] GC(1217) Pause Young (Normal) (G1 Evacuation Pause)
[7888.943s][info][gc,task        ] GC(1217) Using 8 workers of 8 for evacuation
[7889.109s][info][gc,phases      ] GC(1217)   Pre Evacuate Collection Set: 0.28ms
[7889.109s][info][gc,phases      ] GC(1217)   Merge Heap Roots: 0.54ms
[7889.109s][info][gc,phases      ] GC(1217)   Evacuate Collection Set: 164.02ms
[7889.109s][info][gc,phases      ] GC(1217)   Post Evacuate Collection Set: 1.24ms
[7889.109s][info][gc,phases      ] GC(1217)   Other: 0.07ms
[7889.109s][info][gc,heap        ] GC(1217) Eden regions: 715->0(716)
[7889.109s][info][gc,heap        ] GC(1217) Survivor regions: 53->52(96)
[7889.109s][info][gc,heap        ] GC(1217) Old regions: 193->196
[7889.109s][info][gc,heap        ] GC(1217) Humongous regions: 32->32
[7889.109s][info][gc,metaspace   ] GC(1217) Metaspace: 29920K(30464K)->29920K(30464K) NonClass: 26541K(26816K)->26541K(26816K) Class: 3378K(3648K)->3378K(3648K)
[7889.109s][info][gc             ] GC(1217) Pause Young (Normal) (G1 Evacuation Pause) 7919M->2215M(10240M) 166.277ms
[7889.110s][info][gc,cpu         ] GC(1217) User=1.30s Sys=0.00s Real=0.17s
....[7892.810s][info][gc,start       ] GC(1218) Pause Young (Normal) (G1 Evacuation Pause)
[7892.810s][info][gc,task        ] GC(1218) Using 8 workers of 8 for evacuation
[7892.980s][info][gc,phases      ] GC(1218)   Pre Evacuate Collection Set: 0.26ms
[7892.980s][info][gc,phases      ] GC(1218)   Merge Heap Roots: 0.55ms
[7892.980s][info][gc,phases      ] GC(1218)   Evacuate Collection Set: 167.78ms
[7892.980s][info][gc,phases      ] GC(1218)   Post Evacuate Collection Set: 1.24ms
[7892.980s][info][gc,phases      ] GC(1218)   Other: 0.08ms
[7892.980s][info][gc,heap        ] GC(1218) Eden regions: 716->0(715)
[7892.980s][info][gc,heap        ] GC(1218) Survivor regions: 52->53(96)
[7892.980s][info][gc,heap        ] GC(1218) Old regions: 196->199
[7892.980s][info][gc,heap        ] GC(1218) Humongous regions: 32->32
[7892.980s][info][gc,metaspace   ] GC(1218) Metaspace: 29920K(30464K)->29920K(30464K) NonClass: 26541K(26816K)->26541K(26816K) Class: 3378K(3648K)->3378K(3648K)
[7892.980s][info][gc             ] GC(1218) Pause Young (Normal) (G1 Evacuation Pause) 7943M->2239M(10240M) 170.042ms
[7892.980s][info][gc,cpu         ] GC(1218) User=1.34s Sys=0.00s Real=0.17s
...[7896.567s][info][gc,start       ] GC(1219) Pause Young (Normal) (G1 Evacuation Pause)
[7896.567s][info][gc,task        ] GC(1219) Using 8 workers of 8 for evacuation
[7896.744s][info][gc,phases      ] GC(1219)   Pre Evacuate Collection Set: 0.26ms
[7896.744s][info][gc,phases      ] GC(1219)   Merge Heap Roots: 0.53ms
[7896.744s][info][gc,phases      ] GC(1219)   Evacuate Collection Set: 175.39ms
[7896.744s][info][gc,phases      ] GC(1219)   Post Evacuate Collection Set: 1.24ms
[7896.744s][info][gc,phases      ] GC(1219)   Other: 0.08ms
[7896.744s][info][gc,heap        ] GC(1219) Eden regions: 715->0(713)
[7896.744s][info][gc,heap        ] GC(1219) Survivor regions: 53->55(96)
[7896.744s][info][gc,heap        ] GC(1219) Old regions: 199->201
[7896.744s][info][gc,heap        ] GC(1219) Humongous regions: 32->32
[7896.744s][info][gc,metaspace   ] GC(1219) Metaspace: 29920K(30464K)->29920K(30464K) NonClass: 26541K(26816K)->26541K(26816K) Class: 3378K(3648K)->3378K(3648K)
[7896.744s][info][gc             ] GC(1219) Pause Young (Normal) (G1 Evacuation Pause) 7959M->2277M(10240M) 177.629ms
[7896.744s][info][gc,cpu         ] GC(1219) User=1.40s Sys=0.00s Real=0.17s
....[7900.269s][info][gc,start       ] GC(1220) Pause Young (Normal) (G1 Evacuation Pause)
[7900.269s][info][gc,task        ] GC(1220) Using 8 workers of 8 for evacuation
[7900.441s][info][gc,phases      ] GC(1220)   Pre Evacuate Collection Set: 0.27ms
[7900.441s][info][gc,phases      ] GC(1220)   Merge Heap Roots: 0.55ms
[7900.441s][info][gc,phases      ] GC(1220)   Evacuate Collection Set: 169.95ms
[7900.441s][info][gc,phases      ] GC(1220)   Post Evacuate Collection Set: 1.25ms
[7900.441s][info][gc,phases      ] GC(1220)   Other: 0.06ms
[7900.441s][info][gc,heap        ] GC(1220) Eden regions: 713->0(715)
[7900.441s][info][gc,heap        ] GC(1220) Survivor regions: 55->53(96)
[7900.441s][info][gc,heap        ] GC(1220) Old regions: 201->204
[7900.441s][info][gc,heap        ] GC(1220) Humongous regions: 32->32
[7900.441s][info][gc,metaspace   ] GC(1220) Metaspace: 29920K(30464K)->29920K(30464K) NonClass: 26541K(26816K)->26541K(26816K) Class: 3378K(3648K)->3378K(3648K)
[7900.441s][info][gc             ] GC(1220) Pause Young (Normal) (G1 Evacuation Pause) 7981M->2287M(10240M) 172.241ms
[7900.441s][info][gc,cpu         ] GC(1220) User=1.35s Sys=0.00s Real=0.17s
....[7904.000s][info][gc,start       ] GC(1221) Pause Young (Normal) (G1 Evacuation Pause)
[7904.001s][info][gc,task        ] GC(1221) Using 8 workers of 8 for evacuation
[7904.177s][info][gc,phases      ] GC(1221)   Pre Evacuate Collection Set: 0.25ms
[7904.177s][info][gc,phases      ] GC(1221)   Merge Heap Roots: 0.56ms
[7904.177s][info][gc,phases      ] GC(1221)   Evacuate Collection Set: 174.62ms
[7904.177s][info][gc,phases      ] GC(1221)   Post Evacuate Collection Set: 1.27ms
[7904.177s][info][gc,phases      ] GC(1221)   Other: 0.07ms
[7904.177s][info][gc,heap        ] GC(1221) Eden regions: 715->0(712)
[7904.177s][info][gc,heap        ] GC(1221) Survivor regions: 53->56(96)
[7904.177s][info][gc,heap        ] GC(1221) Old regions: 204->206
[7904.177s][info][gc,heap        ] GC(1221) Humongous regions: 32->32
[7904.177s][info][gc,metaspace   ] GC(1221) Metaspace: 29920K(30464K)->29920K(30464K) NonClass: 26541K(26816K)->26541K(26816K) Class: 3378K(3648K)->3378K(3648K)
[7904.177s][info][gc             ] GC(1221) Pause Young (Normal) (G1 Evacuation Pause) 8007M->2327M(10240M) 176.907ms
[7904.177s][info][gc,cpu         ] GC(1221) User=1.39s Sys=0.00s Real=0.18s
...[7907.722s][info][gc,start       ] GC(1222) Pause Young (Normal) (G1 Evacuation Pause)
[7907.722s][info][gc,task        ] GC(1222) Using 8 workers of 8 for evacuation
[7907.894s][info][gc,phases      ] GC(1222)   Pre Evacuate Collection Set: 0.27ms
[7907.894s][info][gc,phases      ] GC(1222)   Merge Heap Roots: 0.54ms
[7907.894s][info][gc,phases      ] GC(1222)   Evacuate Collection Set: 169.98ms
[7907.894s][info][gc,phases      ] GC(1222)   Post Evacuate Collection Set: 1.25ms
[7907.894s][info][gc,phases      ] GC(1222)   Other: 0.06ms
[7907.894s][info][gc,heap        ] GC(1222) Eden regions: 712->0(714)
[7907.895s][info][gc,heap        ] GC(1222) Survivor regions: 56->54(96)
[7907.895s][info][gc,heap        ] GC(1222) Old regions: 206->209
[7907.895s][info][gc,heap        ] GC(1222) Humongous regions: 32->32
[7907.895s][info][gc,metaspace   ] GC(1222) Metaspace: 29920K(30464K)->29920K(30464K) NonClass: 26541K(26816K)->26541K(26816K) Class: 3378K(3648K)->3378K(3648K)
[7907.895s][info][gc             ] GC(1222) Pause Young (Normal) (G1 Evacuation Pause) 8023M->2333M(10240M) 172.260ms
[7907.895s][info][gc,cpu         ] GC(1222) User=1.36s Sys=0.00s Real=0.17s
....[7911.499s][info][gc,start       ] GC(1223) Pause Young (Normal) (G1 Evacuation Pause)
[7911.499s][info][gc,task        ] GC(1223) Using 8 workers of 8 for evacuation
[7911.668s][info][gc,phases      ] GC(1223)   Pre Evacuate Collection Set: 0.28ms
[7911.668s][info][gc,phases      ] GC(1223)   Merge Heap Roots: 0.61ms
[7911.669s][info][gc,phases      ] GC(1223)   Evacuate Collection Set: 167.50ms
[7911.669s][info][gc,phases      ] GC(1223)   Post Evacuate Collection Set: 1.27ms
[7911.669s][info][gc,phases      ] GC(1223)   Other: 0.07ms
[7911.669s][info][gc,heap        ] GC(1223) Eden regions: 714->0(715)
[7911.669s][info][gc,heap        ] GC(1223) Survivor regions: 54->53(96)
[7911.669s][info][gc,heap        ] GC(1223) Old regions: 209->212
[7911.669s][info][gc,heap        ] GC(1223) Humongous regions: 32->32
[7911.669s][info][gc,metaspace   ] GC(1223) Metaspace: 29920K(30464K)->29920K(30464K) NonClass: 26541K(26816K)->26541K(26816K) Class: 3378K(3648K)->3378K(3648K)
[7911.669s][info][gc             ] GC(1223) Pause Young (Normal) (G1 Evacuation Pause) 8045M->2346M(10240M) 169.904ms
[7911.669s][info][gc,cpu         ] GC(1223) User=1.34s Sys=0.00s Real=0.17s
....[7915.419s][info][gc,start       ] GC(1224) Pause Young (Normal) (G1 Evacuation Pause)
[7915.419s][info][gc,task        ] GC(1224) Using 8 workers of 8 for evacuation
[7915.586s][info][gc,phases      ] GC(1224)   Pre Evacuate Collection Set: 0.26ms
[7915.586s][info][gc,phases      ] GC(1224)   Merge Heap Roots: 0.54ms
[7915.586s][info][gc,phases      ] GC(1224)   Evacuate Collection Set: 164.76ms
[7915.586s][info][gc,phases      ] GC(1224)   Post Evacuate Collection Set: 1.25ms
[7915.586s][info][gc,phases      ] GC(1224)   Other: 0.06ms
[7915.586s][info][gc,heap        ] GC(1224) Eden regions: 715->0(716)
[7915.586s][info][gc,heap        ] GC(1224) Survivor regions: 53->52(96)
[7915.586s][info][gc,heap        ] GC(1224) Old regions: 212->215
[7915.586s][info][gc,heap        ] GC(1224) Humongous regions: 32->32
[7915.586s][info][gc,metaspace   ] GC(1224) Metaspace: 29920K(30464K)->29920K(30464K) NonClass: 26541K(26816K)->26541K(26816K) Class: 3378K(3648K)->3378K(3648K)
[7915.586s][info][gc             ] GC(1224) Pause Young (Normal) (G1 Evacuation Pause) 8066M->2365M(10240M) 166.997ms
[7915.586s][info][gc,cpu         ] GC(1224) User=1.32s Sys=0.01s Real=0.17s
....[7919.261s][info][gc,start       ] GC(1225) Pause Young (Normal) (G1 Evacuation Pause)
[7919.261s][info][gc,task        ] GC(1225) Using 8 workers of 8 for evacuation
[7919.429s][info][gc,phases      ] GC(1225)   Pre Evacuate Collection Set: 0.26ms
[7919.429s][info][gc,phases      ] GC(1225)   Merge Heap Roots: 0.54ms
[7919.429s][info][gc,phases      ] GC(1225)   Evacuate Collection Set: 165.58ms
[7919.429s][info][gc,phases      ] GC(1225)   Post Evacuate Collection Set: 1.27ms
[7919.429s][info][gc,phases      ] GC(1225)   Other: 0.06ms
[7919.429s][info][gc,heap        ] GC(1225) Eden regions: 716->0(715)
[7919.429s][info][gc,heap        ] GC(1225) Survivor regions: 52->53(96)
[7919.429s][info][gc,heap        ] GC(1225) Old regions: 215->217
[7919.429s][info][gc,heap        ] GC(1225) Humongous regions: 32->32
[7919.429s][info][gc,metaspace   ] GC(1225) Metaspace: 29920K(30464K)->29920K(30464K) NonClass: 26541K(26816K)->26541K(26816K) Class: 3378K(3648K)->3378K(3648K)
[7919.429s][info][gc             ] GC(1225) Pause Young (Normal) (G1 Evacuation Pause) 8093M->2391M(10240M) 167.835ms
[7919.429s][info][gc,cpu         ] GC(1225) User=1.32s Sys=0.01s Real=0.17s
....[7923.020s][info][gc,start       ] GC(1226) Pause Young (Normal) (G1 Evacuation Pause)
[7923.020s][info][gc,task        ] GC(1226) Using 8 workers of 8 for evacuation
[7923.192s][info][gc,phases      ] GC(1226)   Pre Evacuate Collection Set: 0.25ms
[7923.192s][info][gc,phases      ] GC(1226)   Merge Heap Roots: 0.55ms
[7923.192s][info][gc,phases      ] GC(1226)   Evacuate Collection Set: 169.56ms
[7923.192s][info][gc,phases      ] GC(1226)   Post Evacuate Collection Set: 1.31ms
[7923.192s][info][gc,phases      ] GC(1226)   Other: 0.08ms
[7923.192s][info][gc,heap        ] GC(1226) Eden regions: 715->0(715)
[7923.192s][info][gc,heap        ] GC(1226) Survivor regions: 53->53(96)
[7923.192s][info][gc,heap        ] GC(1226) Old regions: 217->220
[7923.192s][info][gc,heap        ] GC(1226) Humongous regions: 32->32
[7923.192s][info][gc,metaspace   ] GC(1226) Metaspace: 29920K(30464K)->29920K(30464K) NonClass: 26541K(26816K)->26541K(26816K) Class: 3378K(3648K)->3378K(3648K)
[7923.192s][info][gc             ] GC(1226) Pause Young (Normal) (G1 Evacuation Pause) 8111M->2418M(10240M) 171.907ms
[7923.192s][info][gc,cpu         ] GC(1226) User=1.36s Sys=0.00s Real=0.17s
...[7926.841s][info][gc,start       ] GC(1227) Pause Young (Normal) (G1 Evacuation Pause)
[7926.841s][info][gc,task        ] GC(1227) Using 8 workers of 8 for evacuation
[7927.015s][info][gc,phases      ] GC(1227)   Pre Evacuate Collection Set: 0.27ms
[7927.015s][info][gc,phases      ] GC(1227)   Merge Heap Roots: 0.62ms
[7927.015s][info][gc,phases      ] GC(1227)   Evacuate Collection Set: 172.46ms
[7927.015s][info][gc,phases      ] GC(1227)   Post Evacuate Collection Set: 1.25ms
[7927.015s][info][gc,phases      ] GC(1227)   Other: 0.07ms
[7927.015s][info][gc,heap        ] GC(1227) Eden regions: 715->0(714)
[7927.015s][info][gc,heap        ] GC(1227) Survivor regions: 53->54(96)
[7927.015s][info][gc,heap        ] GC(1227) Old regions: 220->223
[7927.015s][info][gc,heap        ] GC(1227) Humongous regions: 32->32
[7927.015s][info][gc,metaspace   ] GC(1227) Metaspace: 29920K(30464K)->29920K(30464K) NonClass: 26541K(26816K)->26541K(26816K) Class: 3378K(3648K)->3378K(3648K)
[7927.015s][info][gc             ] GC(1227) Pause Young (Normal) (G1 Evacuation Pause) 8138M->2447M(10240M) 174.799ms
[7927.015s][info][gc,cpu         ] GC(1227) User=1.37s Sys=0.00s Real=0.18s
....[7930.617s][info][gc,start       ] GC(1228) Pause Young (Normal) (G1 Evacuation Pause)
[7930.617s][info][gc,task        ] GC(1228) Using 8 workers of 8 for evacuation
[7930.784s][info][gc,phases      ] GC(1228)   Pre Evacuate Collection Set: 0.30ms
[7930.784s][info][gc,phases      ] GC(1228)   Merge Heap Roots: 0.58ms
[7930.784s][info][gc,phases      ] GC(1228)   Evacuate Collection Set: 164.70ms
[7930.784s][info][gc,phases      ] GC(1228)   Post Evacuate Collection Set: 1.24ms
[7930.784s][info][gc,phases      ] GC(1228)   Other: 0.06ms
[7930.784s][info][gc,heap        ] GC(1228) Eden regions: 714->0(715)
[7930.784s][info][gc,heap        ] GC(1228) Survivor regions: 54->53(96)
[7930.784s][info][gc,heap        ] GC(1228) Old regions: 223->226
[7930.784s][info][gc,heap        ] GC(1228) Humongous regions: 32->32
[7930.784s][info][gc,metaspace   ] GC(1228) Metaspace: 29920K(30464K)->29920K(30464K) NonClass: 26541K(26816K)->26541K(26816K) Class: 3378K(3648K)->3378K(3648K)
[7930.784s][info][gc             ] GC(1228) Pause Young (Normal) (G1 Evacuation Pause) 8159M->2456M(10240M) 167.008ms
[7930.784s][info][gc,cpu         ] GC(1228) User=1.31s Sys=0.00s Real=0.16s
....[7934.415s][info][gc,start       ] GC(1229) Pause Young (Normal) (G1 Evacuation Pause)
[7934.415s][info][gc,task        ] GC(1229) Using 8 workers of 8 for evacuation
[7934.584s][info][gc,phases      ] GC(1229)   Pre Evacuate Collection Set: 0.26ms
[7934.584s][info][gc,phases      ] GC(1229)   Merge Heap Roots: 0.56ms
[7934.584s][info][gc,phases      ] GC(1229)   Evacuate Collection Set: 166.98ms
[7934.584s][info][gc,phases      ] GC(1229)   Post Evacuate Collection Set: 1.27ms
[7934.584s][info][gc,phases      ] GC(1229)   Other: 0.07ms
[7934.584s][info][gc,heap        ] GC(1229) Eden regions: 715->0(717)
[7934.584s][info][gc,heap        ] GC(1229) Survivor regions: 53->51(96)
[7934.584s][info][gc,heap        ] GC(1229) Old regions: 226->228
[7934.584s][info][gc,heap        ] GC(1229) Humongous regions: 32->32
[7934.584s][info][gc,metaspace   ] GC(1229) Metaspace: 29920K(30464K)->29920K(30464K) NonClass: 26541K(26816K)->26541K(26816K) Class: 3378K(3648K)->3378K(3648K)
[7934.584s][info][gc             ] GC(1229) Pause Young (Normal) (G1 Evacuation Pause) 8176M->2467M(10240M) 169.278ms
[7934.584s][info][gc,cpu         ] GC(1229) User=1.33s Sys=0.00s Real=0.16s
....[7938.218s][info][gc,start       ] GC(1230) Pause Young (Normal) (G1 Evacuation Pause)
[7938.218s][info][gc,task        ] GC(1230) Using 8 workers of 8 for evacuation
[7938.386s][info][gc,phases      ] GC(1230)   Pre Evacuate Collection Set: 0.25ms
[7938.386s][info][gc,phases      ] GC(1230)   Merge Heap Roots: 0.57ms
[7938.386s][info][gc,phases      ] GC(1230)   Evacuate Collection Set: 165.56ms
[7938.386s][info][gc,phases      ] GC(1230)   Post Evacuate Collection Set: 1.29ms
[7938.386s][info][gc,phases      ] GC(1230)   Other: 0.06ms
[7938.386s][info][gc,heap        ] GC(1230) Eden regions: 717->0(716)
[7938.386s][info][gc,heap        ] GC(1230) Survivor regions: 51->52(96)
[7938.386s][info][gc,heap        ] GC(1230) Old regions: 228->231
[7938.386s][info][gc,heap        ] GC(1230) Humongous regions: 32->32
[7938.386s][info][gc,metaspace   ] GC(1230) Metaspace: 29920K(30464K)->29920K(30464K) NonClass: 26541K(26816K)->26541K(26816K) Class: 3378K(3648K)->3378K(3648K)
[7938.386s][info][gc             ] GC(1230) Pause Young (Normal) (G1 Evacuation Pause) 8203M->2492M(10240M) 167.883ms
[7938.386s][info][gc,cpu         ] GC(1230) User=1.32s Sys=0.00s Real=0.17s
....[7942.044s][info][gc,start       ] GC(1231) Pause Young (Normal) (G1 Evacuation Pause)
[7942.044s][info][gc,task        ] GC(1231) Using 8 workers of 8 for evacuation
[7942.221s][info][gc,phases      ] GC(1231)   Pre Evacuate Collection Set: 0.24ms
[7942.221s][info][gc,phases      ] GC(1231)   Merge Heap Roots: 0.55ms
[7942.221s][info][gc,phases      ] GC(1231)   Evacuate Collection Set: 175.32ms
[7942.221s][info][gc,phases      ] GC(1231)   Post Evacuate Collection Set: 1.23ms
[7942.221s][info][gc,phases      ] GC(1231)   Other: 0.06ms
[7942.221s][info][gc,heap        ] GC(1231) Eden regions: 716->0(714)
[7942.221s][info][gc,heap        ] GC(1231) Survivor regions: 52->54(96)
[7942.221s][info][gc,heap        ] GC(1231) Old regions: 231->234
[7942.221s][info][gc,heap        ] GC(1231) Humongous regions: 32->32
[7942.221s][info][gc,metaspace   ] GC(1231) Metaspace: 29920K(30464K)->29920K(30464K) NonClass: 26541K(26816K)->26541K(26816K) Class: 3378K(3648K)->3378K(3648K)
[7942.221s][info][gc             ] GC(1231) Pause Young (Normal) (G1 Evacuation Pause) 8220M->2533M(10240M) 177.543ms
[7942.222s][info][gc,cpu         ] GC(1231) User=1.39s Sys=0.00s Real=0.18s
...[7945.843s][info][gc,start       ] GC(1232) Pause Young (Normal) (G1 Evacuation Pause)
[7945.843s][info][gc,task        ] GC(1232) Using 8 workers of 8 for evacuation
[7946.023s][info][gc,phases      ] GC(1232)   Pre Evacuate Collection Set: 0.27ms
[7946.023s][info][gc,phases      ] GC(1232)   Merge Heap Roots: 0.60ms
[7946.023s][info][gc,phases      ] GC(1232)   Evacuate Collection Set: 177.69ms
[7946.023s][info][gc,phases      ] GC(1232)   Post Evacuate Collection Set: 1.31ms
[7946.023s][info][gc,phases      ] GC(1232)   Other: 0.07ms
[7946.023s][info][gc,heap        ] GC(1232) Eden regions: 714->0(713)
[7946.023s][info][gc,heap        ] GC(1232) Survivor regions: 54->55(96)
[7946.023s][info][gc,heap        ] GC(1232) Old regions: 234->236
[7946.023s][info][gc,heap        ] GC(1232) Humongous regions: 32->32
[7946.023s][info][gc,metaspace   ] GC(1232) Metaspace: 29920K(30464K)->29920K(30464K) NonClass: 26541K(26816K)->26541K(26816K) Class: 3378K(3648K)->3378K(3648K)
[7946.023s][info][gc             ] GC(1232) Pause Young (Normal) (G1 Evacuation Pause) 8245M->2563M(10240M) 180.078ms
[7946.023s][info][gc,cpu         ] GC(1232) User=1.42s Sys=0.00s Real=0.18s
....[7949.655s][info][gc,start       ] GC(1233) Pause Young (Normal) (G1 Evacuation Pause)
[7949.655s][info][gc,task        ] GC(1233) Using 8 workers of 8 for evacuation
[7949.826s][info][gc,phases      ] GC(1233)   Pre Evacuate Collection Set: 0.26ms
[7949.826s][info][gc,phases      ] GC(1233)   Merge Heap Roots: 0.55ms
[7949.826s][info][gc,phases      ] GC(1233)   Evacuate Collection Set: 168.85ms
[7949.826s][info][gc,phases      ] GC(1233)   Post Evacuate Collection Set: 1.29ms
[7949.826s][info][gc,phases      ] GC(1233)   Other: 0.06ms
[7949.826s][info][gc,heap        ] GC(1233) Eden regions: 713->0(715)
[7949.826s][info][gc,heap        ] GC(1233) Survivor regions: 55->53(96)
[7949.826s][info][gc,heap        ] GC(1233) Old regions: 236->239
[7949.826s][info][gc,heap        ] GC(1233) Humongous regions: 32->32
[7949.826s][info][gc,metaspace   ] GC(1233) Metaspace: 29920K(30464K)->29920K(30464K) NonClass: 26541K(26816K)->26541K(26816K) Class: 3378K(3648K)->3378K(3648K)
[7949.826s][info][gc             ] GC(1233) Pause Young (Normal) (G1 Evacuation Pause) 8267M->2569M(10240M) 171.153ms
[7949.826s][info][gc,cpu         ] GC(1233) User=1.34s Sys=0.01s Real=0.18s
....[7953.458s][info][gc,start       ] GC(1234) Pause Young (Normal) (G1 Evacuation Pause)
[7953.458s][info][gc,task        ] GC(1234) Using 8 workers of 8 for evacuation
[7953.629s][info][gc,phases      ] GC(1234)   Pre Evacuate Collection Set: 0.28ms
[7953.629s][info][gc,phases      ] GC(1234)   Merge Heap Roots: 0.56ms
[7953.629s][info][gc,phases      ] GC(1234)   Evacuate Collection Set: 169.19ms
[7953.629s][info][gc,phases      ] GC(1234)   Post Evacuate Collection Set: 1.33ms
[7953.629s][info][gc,phases      ] GC(1234)   Other: 0.07ms
[7953.629s][info][gc,heap        ] GC(1234) Eden regions: 715->0(715)
[7953.629s][info][gc,heap        ] GC(1234) Survivor regions: 53->53(96)
[7953.629s][info][gc,heap        ] GC(1234) Old regions: 239->242
[7953.629s][info][gc,heap        ] GC(1234) Humongous regions: 32->32
[7953.629s][info][gc,metaspace   ] GC(1234) Metaspace: 29920K(30464K)->29920K(30464K) NonClass: 26541K(26816K)->26541K(26816K) Class: 3378K(3648K)->3378K(3648K)
[7953.629s][info][gc             ] GC(1234) Pause Young (Normal) (G1 Evacuation Pause) 8289M->2587M(10240M) 171.572ms
[7953.629s][info][gc,cpu         ] GC(1234) User=1.35s Sys=0.00s Real=0.17s
....[7957.274s][info][gc,start       ] GC(1235) Pause Young (Normal) (G1 Evacuation Pause)
[7957.274s][info][gc,task        ] GC(1235) Using 8 workers of 8 for evacuation
[7957.437s][info][gc,phases      ] GC(1235)   Pre Evacuate Collection Set: 0.28ms
[7957.437s][info][gc,phases      ] GC(1235)   Merge Heap Roots: 0.54ms
[7957.437s][info][gc,phases      ] GC(1235)   Evacuate Collection Set: 160.88ms
[7957.437s][info][gc,phases      ] GC(1235)   Post Evacuate Collection Set: 1.24ms
[7957.437s][info][gc,phases      ] GC(1235)   Other: 0.06ms
[7957.437s][info][gc,heap        ] GC(1235) Eden regions: 715->0(717)
[7957.437s][info][gc,heap        ] GC(1235) Survivor regions: 53->51(96)
[7957.437s][info][gc,heap        ] GC(1235) Old regions: 242->245
[7957.437s][info][gc,heap        ] GC(1235) Humongous regions: 32->32
[7957.437s][info][gc,metaspace   ] GC(1235) Metaspace: 29920K(30464K)->29920K(30464K) NonClass: 26541K(26816K)->26541K(26816K) Class: 3378K(3648K)->3378K(3648K)
[7957.437s][info][gc             ] GC(1235) Pause Young (Normal) (G1 Evacuation Pause) 8307M->2593M(10240M) 163.141ms
[7957.438s][info][gc,cpu         ] GC(1235) User=1.29s Sys=0.00s Real=0.17s
...[7960.870s][info][gc,start       ] GC(1236) Pause Young (Normal) (G1 Evacuation Pause)
[7960.870s][info][gc,task        ] GC(1236) Using 8 workers of 8 for evacuation
[7961.040s][info][gc,phases      ] GC(1236)   Pre Evacuate Collection Set: 0.25ms
[7961.040s][info][gc,phases      ] GC(1236)   Merge Heap Roots: 0.56ms
[7961.040s][info][gc,phases      ] GC(1236)   Evacuate Collection Set: 168.50ms
[7961.040s][info][gc,phases      ] GC(1236)   Post Evacuate Collection Set: 1.23ms
[7961.040s][info][gc,phases      ] GC(1236)   Other: 0.07ms
[7961.040s][info][gc,heap        ] GC(1236) Eden regions: 717->0(714)
[7961.040s][info][gc,heap        ] GC(1236) Survivor regions: 51->54(96)
[7961.040s][info][gc,heap        ] GC(1236) Old regions: 245->247
[7961.040s][info][gc,heap        ] GC(1236) Humongous regions: 32->32
[7961.040s][info][gc,metaspace   ] GC(1236) Metaspace: 29920K(30464K)->29920K(30464K) NonClass: 26541K(26816K)->26541K(26816K) Class: 3378K(3648K)->3378K(3648K)
[7961.040s][info][gc             ] GC(1236) Pause Young (Normal) (G1 Evacuation Pause) 8329M->2639M(10240M) 170.737ms
[7961.040s][info][gc,cpu         ] GC(1236) User=1.34s Sys=0.00s Real=0.17s
....[7964.544s][info][gc,start       ] GC(1237) Pause Young (Normal) (G1 Evacuation Pause)
[7964.544s][info][gc,task        ] GC(1237) Using 8 workers of 8 for evacuation
[7964.714s][info][gc,phases      ] GC(1237)   Pre Evacuate Collection Set: 0.27ms
[7964.714s][info][gc,phases      ] GC(1237)   Merge Heap Roots: 0.55ms
[7964.714s][info][gc,phases      ] GC(1237)   Evacuate Collection Set: 166.99ms
[7964.714s][info][gc,phases      ] GC(1237)   Post Evacuate Collection Set: 1.27ms
[7964.714s][info][gc,phases      ] GC(1237)   Other: 0.07ms
[7964.714s][info][gc,heap        ] GC(1237) Eden regions: 714->0(714)
[7964.714s][info][gc,heap        ] GC(1237) Survivor regions: 54->54(96)
[7964.714s][info][gc,heap        ] GC(1237) Old regions: 247->250
[7964.714s][info][gc,heap        ] GC(1237) Humongous regions: 32->32
[7964.714s][info][gc,metaspace   ] GC(1237) Metaspace: 29920K(30464K)->29920K(30464K) NonClass: 26541K(26816K)->26541K(26816K) Class: 3378K(3648K)->3378K(3648K)
[7964.714s][info][gc             ] GC(1237) Pause Young (Normal) (G1 Evacuation Pause) 8351M->2659M(10240M) 169.276ms
[7964.714s][info][gc,cpu         ] GC(1237) User=1.33s Sys=0.01s Real=0.17s
....[7968.199s][info][gc,start       ] GC(1238) Pause Young (Normal) (G1 Evacuation Pause)
[7968.199s][info][gc,task        ] GC(1238) Using 8 workers of 8 for evacuation
[7968.365s][info][gc,phases      ] GC(1238)   Pre Evacuate Collection Set: 0.26ms
[7968.365s][info][gc,phases      ] GC(1238)   Merge Heap Roots: 0.57ms
[7968.365s][info][gc,phases      ] GC(1238)   Evacuate Collection Set: 163.93ms
[7968.365s][info][gc,phases      ] GC(1238)   Post Evacuate Collection Set: 1.22ms
[7968.365s][info][gc,phases      ] GC(1238)   Other: 0.06ms
[7968.365s][info][gc,heap        ] GC(1238) Eden regions: 714->0(716)
[7968.365s][info][gc,heap        ] GC(1238) Survivor regions: 54->52(96)
[7968.365s][info][gc,heap        ] GC(1238) Old regions: 250->252
[7968.365s][info][gc,heap        ] GC(1238) Humongous regions: 32->32
[7968.365s][info][gc,metaspace   ] GC(1238) Metaspace: 29920K(30464K)->29920K(30464K) NonClass: 26541K(26816K)->26541K(26816K) Class: 3378K(3648K)->3378K(3648K)
[7968.365s][info][gc             ] GC(1238) Pause Young (Normal) (G1 Evacuation Pause) 8371M->2666M(10240M) 166.180ms
[7968.365s][info][gc,cpu         ] GC(1238) User=1.31s Sys=0.00s Real=0.17s
...[7971.899s][info][gc,start       ] GC(1239) Pause Young (Normal) (G1 Evacuation Pause)
[7971.899s][info][gc,task        ] GC(1239) Using 8 workers of 8 for evacuation
[7972.077s][info][gc,phases      ] GC(1239)   Pre Evacuate Collection Set: 0.25ms
[7972.077s][info][gc,phases      ] GC(1239)   Merge Heap Roots: 0.55ms
[7972.077s][info][gc,phases      ] GC(1239)   Evacuate Collection Set: 175.28ms
[7972.077s][info][gc,phases      ] GC(1239)   Post Evacuate Collection Set: 1.25ms
[7972.077s][info][gc,phases      ] GC(1239)   Other: 0.06ms
[7972.077s][info][gc,heap        ] GC(1239) Eden regions: 716->0(714)
[7972.077s][info][gc,heap        ] GC(1239) Survivor regions: 52->54(96)
[7972.077s][info][gc,heap        ] GC(1239) Old regions: 252->255
[7972.077s][info][gc,heap        ] GC(1239) Humongous regions: 32->32
[7972.077s][info][gc,metaspace   ] GC(1239) Metaspace: 29920K(30464K)->29920K(30464K) NonClass: 26541K(26816K)->26541K(26816K) Class: 3378K(3648K)->3378K(3648K)
[7972.077s][info][gc             ] GC(1239) Pause Young (Normal) (G1 Evacuation Pause) 8394M->2703M(10240M) 177.538ms
[7972.077s][info][gc,cpu         ] GC(1239) User=1.40s Sys=0.00s Real=0.18s
....[7975.789s][info][gc,start       ] GC(1240) Pause Young (Normal) (G1 Evacuation Pause)
[7975.789s][info][gc,task        ] GC(1240) Using 8 workers of 8 for evacuation
[7975.956s][info][gc,phases      ] GC(1240)   Pre Evacuate Collection Set: 0.26ms
[7975.956s][info][gc,phases      ] GC(1240)   Merge Heap Roots: 0.56ms
[7975.956s][info][gc,phases      ] GC(1240)   Evacuate Collection Set: 164.36ms
[7975.956s][info][gc,phases      ] GC(1240)   Post Evacuate Collection Set: 1.26ms
[7975.956s][info][gc,phases      ] GC(1240)   Other: 0.07ms
[7975.956s][info][gc,heap        ] GC(1240) Eden regions: 714->0(716)
[7975.956s][info][gc,heap        ] GC(1240) Survivor regions: 54->52(96)
[7975.956s][info][gc,heap        ] GC(1240) Old regions: 255->258
[7975.956s][info][gc,heap        ] GC(1240) Humongous regions: 32->32
[7975.956s][info][gc,metaspace   ] GC(1240) Metaspace: 29920K(30464K)->29920K(30464K) NonClass: 26541K(26816K)->26541K(26816K) Class: 3378K(3648K)->3378K(3648K)
[7975.956s][info][gc             ] GC(1240) Pause Young (Normal) (G1 Evacuation Pause) 8415M->2706M(10240M) 166.651ms
[7975.956s][info][gc,cpu         ] GC(1240) User=1.31s Sys=0.00s Real=0.17s
...|.[7979.529s][info][gc,start       ] GC(1241) Pause Young (Normal) (G1 Evacuation Pause)
[7979.529s][info][gc,task        ] GC(1241) Using 8 workers of 8 for evacuation
[7979.699s][info][gc,phases      ] GC(1241)   Pre Evacuate Collection Set: 0.25ms
[7979.699s][info][gc,phases      ] GC(1241)   Merge Heap Roots: 0.57ms
[7979.699s][info][gc,phases      ] GC(1241)   Evacuate Collection Set: 167.75ms
[7979.699s][info][gc,phases      ] GC(1241)   Post Evacuate Collection Set: 1.25ms
[7979.699s][info][gc,phases      ] GC(1241)   Other: 0.06ms
[7979.699s][info][gc,heap        ] GC(1241) Eden regions: 716->0(715)
[7979.699s][info][gc,heap        ] GC(1241) Survivor regions: 52->53(96)
[7979.699s][info][gc,heap        ] GC(1241) Old regions: 258->260
[7979.699s][info][gc,heap        ] GC(1241) Humongous regions: 32->32
[7979.699s][info][gc,metaspace   ] GC(1241) Metaspace: 29920K(30464K)->29920K(30464K) NonClass: 26541K(26816K)->26541K(26816K) Class: 3378K(3648K)->3378K(3648K)
[7979.699s][info][gc             ] GC(1241) Pause Young (Normal) (G1 Evacuation Pause) 8434M->2739M(10240M) 170.017ms
[7979.699s][info][gc,cpu         ] GC(1241) User=1.34s Sys=0.00s Real=0.17s
....[7983.323s][info][gc,start       ] GC(1242) Pause Young (Normal) (G1 Evacuation Pause)
[7983.323s][info][gc,task        ] GC(1242) Using 8 workers of 8 for evacuation
[7983.493s][info][gc,phases      ] GC(1242)   Pre Evacuate Collection Set: 0.26ms
[7983.493s][info][gc,phases      ] GC(1242)   Merge Heap Roots: 0.56ms
[7983.493s][info][gc,phases      ] GC(1242)   Evacuate Collection Set: 167.92ms
[7983.493s][info][gc,phases      ] GC(1242)   Post Evacuate Collection Set: 1.26ms
[7983.493s][info][gc,phases      ] GC(1242)   Other: 0.08ms
[7983.493s][info][gc,heap        ] GC(1242) Eden regions: 715->0(715)
[7983.493s][info][gc,heap        ] GC(1242) Survivor regions: 53->53(96)
[7983.493s][info][gc,heap        ] GC(1242) Old regions: 260->263
[7983.493s][info][gc,heap        ] GC(1242) Humongous regions: 32->32
[7983.493s][info][gc,metaspace   ] GC(1242) Metaspace: 29920K(30464K)->29920K(30464K) NonClass: 26541K(26816K)->26541K(26816K) Class: 3378K(3648K)->3378K(3648K)
[7983.493s][info][gc             ] GC(1242) Pause Young (Normal) (G1 Evacuation Pause) 8459M->2760M(10240M) 170.219ms
[7983.493s][info][gc,cpu         ] GC(1242) User=1.34s Sys=0.00s Real=0.17s
....[7987.143s][info][gc,start       ] GC(1243) Pause Young (Normal) (G1 Evacuation Pause)
[7987.143s][info][gc,task        ] GC(1243) Using 8 workers of 8 for evacuation
[7987.314s][info][gc,phases      ] GC(1243)   Pre Evacuate Collection Set: 0.26ms
[7987.314s][info][gc,phases      ] GC(1243)   Merge Heap Roots: 0.56ms
[7987.314s][info][gc,phases      ] GC(1243)   Evacuate Collection Set: 168.88ms
[7987.314s][info][gc,phases      ] GC(1243)   Post Evacuate Collection Set: 1.30ms
[7987.314s][info][gc,phases      ] GC(1243)   Other: 0.06ms
[7987.314s][info][gc,heap        ] GC(1243) Eden regions: 715->0(714)
[7987.314s][info][gc,heap        ] GC(1243) Survivor regions: 53->54(96)
[7987.314s][info][gc,heap        ] GC(1243) Old regions: 263->266
[7987.314s][info][gc,heap        ] GC(1243) Humongous regions: 32->32
[7987.314s][info][gc,metaspace   ] GC(1243) Metaspace: 29920K(30464K)->29920K(30464K) NonClass: 26541K(26816K)->26541K(26816K) Class: 3378K(3648K)->3378K(3648K)
[7987.314s][info][gc             ] GC(1243) Pause Young (Normal) (G1 Evacuation Pause) 8480M->2786M(10240M) 171.204ms
[7987.314s][info][gc,cpu         ] GC(1243) User=1.35s Sys=0.00s Real=0.17s
...[7990.764s][info][gc,start       ] GC(1244) Pause Young (Normal) (G1 Evacuation Pause)
[7990.764s][info][gc,task        ] GC(1244) Using 8 workers of 8 for evacuation
[7990.941s][info][gc,phases      ] GC(1244)   Pre Evacuate Collection Set: 0.26ms
[7990.941s][info][gc,phases      ] GC(1244)   Merge Heap Roots: 0.57ms
[7990.941s][info][gc,phases      ] GC(1244)   Evacuate Collection Set: 174.73ms
[7990.941s][info][gc,phases      ] GC(1244)   Post Evacuate Collection Set: 1.28ms
[7990.941s][info][gc,phases      ] GC(1244)   Other: 0.07ms
[7990.941s][info][gc,heap        ] GC(1244) Eden regions: 714->0(712)
[7990.941s][info][gc,heap        ] GC(1244) Survivor regions: 54->56(96)
[7990.941s][info][gc,heap        ] GC(1244) Old regions: 266->269
[7990.941s][info][gc,heap        ] GC(1244) Humongous regions: 32->32
[7990.941s][info][gc,metaspace   ] GC(1244) Metaspace: 29920K(30464K)->29920K(30464K) NonClass: 26541K(26816K)->26541K(26816K) Class: 3378K(3648K)->3378K(3648K)
[7990.941s][info][gc             ] GC(1244) Pause Young (Normal) (G1 Evacuation Pause) 8498M->2824M(10240M) 177.052ms
[7990.941s][info][gc,cpu         ] GC(1244) User=1.39s Sys=0.00s Real=0.18s
....[7994.457s][info][gc,start       ] GC(1245) Pause Young (Normal) (G1 Evacuation Pause)
[7994.457s][info][gc,task        ] GC(1245) Using 8 workers of 8 for evacuation
[7994.625s][info][gc,phases      ] GC(1245)   Pre Evacuate Collection Set: 0.25ms
[7994.625s][info][gc,phases      ] GC(1245)   Merge Heap Roots: 0.56ms
[7994.625s][info][gc,phases      ] GC(1245)   Evacuate Collection Set: 165.72ms
[7994.625s][info][gc,phases      ] GC(1245)   Post Evacuate Collection Set: 1.25ms
[7994.625s][info][gc,phases      ] GC(1245)   Other: 0.06ms
[7994.625s][info][gc,heap        ] GC(1245) Eden regions: 712->0(716)
[7994.625s][info][gc,heap        ] GC(1245) Survivor regions: 56->52(96)
[7994.625s][info][gc,heap        ] GC(1245) Old regions: 269->271
[7994.625s][info][gc,heap        ] GC(1245) Humongous regions: 32->32
[7994.625s][info][gc,metaspace   ] GC(1245) Metaspace: 29920K(30464K)->29920K(30464K) NonClass: 26541K(26816K)->26541K(26816K) Class: 3378K(3648K)->3378K(3648K)
[7994.625s][info][gc             ] GC(1245) Pause Young (Normal) (G1 Evacuation Pause) 8520M->2816M(10240M) 167.985ms
[7994.625s][info][gc,cpu         ] GC(1245) User=1.33s Sys=0.00s Real=0.17s
....[7998.160s][info][gc,start       ] GC(1246) Pause Young (Normal) (G1 Evacuation Pause)
[7998.160s][info][gc,task        ] GC(1246) Using 8 workers of 8 for evacuation
[7998.329s][info][gc,phases      ] GC(1246)   Pre Evacuate Collection Set: 0.25ms
[7998.329s][info][gc,phases      ] GC(1246)   Merge Heap Roots: 0.55ms
[7998.329s][info][gc,phases      ] GC(1246)   Evacuate Collection Set: 167.09ms
[7998.329s][info][gc,phases      ] GC(1246)   Post Evacuate Collection Set: 1.25ms
[7998.329s][info][gc,phases      ] GC(1246)   Other: 0.07ms
[7998.329s][info][gc,heap        ] GC(1246) Eden regions: 716->0(715)
[7998.329s][info][gc,heap        ] GC(1246) Survivor regions: 52->53(96)
[7998.329s][info][gc,heap        ] GC(1246) Old regions: 271->274
[7998.329s][info][gc,heap        ] GC(1246) Humongous regions: 32->32
[7998.329s][info][gc,metaspace   ] GC(1246) Metaspace: 29920K(30464K)->29920K(30464K) NonClass: 26541K(26816K)->26541K(26816K) Class: 3378K(3648K)->3378K(3648K)
[7998.329s][info][gc             ] GC(1246) Pause Young (Normal) (G1 Evacuation Pause) 8544M->2845M(10240M) 169.350ms
[7998.329s][info][gc,cpu         ] GC(1246) User=1.33s Sys=0.00s Real=0.17s
...[8001.861s][info][gc,start       ] GC(1247) Pause Young (Concurrent Start) (G1 Evacuation Pause)
[8001.861s][info][gc,task        ] GC(1247) Using 8 workers of 8 for evacuation
[8002.032s][info][gc,phases      ] GC(1247)   Pre Evacuate Collection Set: 0.29ms
[8002.032s][info][gc,phases      ] GC(1247)   Merge Heap Roots: 0.56ms
[8002.032s][info][gc,phases      ] GC(1247)   Evacuate Collection Set: 169.16ms
[8002.032s][info][gc,phases      ] GC(1247)   Post Evacuate Collection Set: 1.26ms
[8002.032s][info][gc,phases      ] GC(1247)   Other: 0.08ms
[8002.032s][info][gc,heap        ] GC(1247) Eden regions: 715->0(714)
[8002.033s][info][gc,heap        ] GC(1247) Survivor regions: 53->54(96)
[8002.033s][info][gc,heap        ] GC(1247) Old regions: 274->277
[8002.033s][info][gc,heap        ] GC(1247) Humongous regions: 32->32
[8002.033s][info][gc,metaspace   ] GC(1247) Metaspace: 29920K(30464K)->29920K(30464K) NonClass: 26541K(26816K)->26541K(26816K) Class: 3378K(3648K)->3378K(3648K)
[8002.033s][info][gc             ] GC(1247) Pause Young (Concurrent Start) (G1 Evacuation Pause) 8565M->2872M(10240M) 171.500ms
[8002.033s][info][gc             ] GC(1248) Concurrent Mark Cycle
[8002.033s][info][gc,marking     ] GC(1248) Concurrent Scan Root Regions
[8002.033s][info][gc,cpu         ] GC(1247) User=1.35s Sys=0.00s Real=0.17s
.[8002.392s][info][gc,marking     ] GC(1248) Concurrent Scan Root Regions 359.729ms
[8002.392s][info][gc,marking     ] GC(1248) Concurrent Mark
[8002.392s][info][gc,marking     ] GC(1248) Concurrent Mark From Roots
[8002.392s][info][gc,task        ] GC(1248) Using 2 workers of 2 for marking
.[8003.704s][info][gc,marking     ] GC(1248) Concurrent Mark From Roots 1311.427ms
[8003.704s][info][gc,marking     ] GC(1248) Concurrent Preclean
[8003.704s][info][gc,marking     ] GC(1248) Concurrent Preclean 0.161ms
[8003.704s][info][gc,start       ] GC(1248) Pause Remark
[8003.706s][info][gc             ] GC(1248) Pause Remark 4808M->4536M(10240M) 1.583ms
[8003.706s][info][gc,cpu         ] GC(1248) User=0.01s Sys=0.00s Real=0.01s
[8003.706s][info][gc,marking     ] GC(1248) Concurrent Mark 1313.493ms
[8003.706s][info][gc,marking     ] GC(1248) Concurrent Rebuild Remembered Sets and Scrub Regions
.[8004.366s][info][gc,marking     ] GC(1248) Concurrent Rebuild Remembered Sets and Scrub Regions 660.382ms
[8004.366s][info][gc,start       ] GC(1248) Pause Cleanup
[8004.367s][info][gc             ] GC(1248) Pause Cleanup 5376M->5376M(10240M) 0.288ms
[8004.367s][info][gc,cpu         ] GC(1248) User=0.00s Sys=0.00s Real=0.00s
[8004.367s][info][gc,marking     ] GC(1248) Concurrent Clear Claimed Marks
[8004.367s][info][gc,marking     ] GC(1248) Concurrent Clear Claimed Marks 0.041ms
[8004.367s][info][gc,marking     ] GC(1248) Concurrent Cleanup for Next Mark
[8004.379s][info][gc,marking     ] GC(1248) Concurrent Cleanup for Next Mark 12.239ms
[8004.379s][info][gc             ] GC(1248) Concurrent Mark Cycle 2346.671ms
..[8006.234s][info][gc,start       ] GC(1249) Pause Young (Prepare Mixed) (G1 Evacuation Pause)
[8006.234s][info][gc,task        ] GC(1249) Using 8 workers of 8 for evacuation
[8006.402s][info][gc,phases      ] GC(1249)   Pre Evacuate Collection Set: 0.26ms
[8006.402s][info][gc,phases      ] GC(1249)   Merge Heap Roots: 0.77ms
[8006.402s][info][gc,phases      ] GC(1249)   Evacuate Collection Set: 165.19ms
[8006.402s][info][gc,phases      ] GC(1249)   Post Evacuate Collection Set: 1.34ms
[8006.402s][info][gc,phases      ] GC(1249)   Other: 0.07ms
[8006.402s][info][gc,heap        ] GC(1249) Eden regions: 714->0(716)
[8006.402s][info][gc,heap        ] GC(1249) Survivor regions: 54->52(96)
[8006.402s][info][gc,heap        ] GC(1249) Old regions: 243->245
[8006.402s][info][gc,heap        ] GC(1249) Humongous regions: 32->32
[8006.402s][info][gc,metaspace   ] GC(1249) Metaspace: 29920K(30464K)->29920K(30464K) NonClass: 26541K(26816K)->26541K(26816K) Class: 3378K(3648K)->3378K(3648K)
[8006.402s][info][gc             ] GC(1249) Pause Young (Prepare Mixed) (G1 Evacuation Pause) 8312M->2605M(10240M) 167.753ms
[8006.402s][info][gc,cpu         ] GC(1249) User=1.32s Sys=0.00s Real=0.17s
....[8010.206s][info][gc,start       ] GC(1250) Pause Young (Mixed) (G1 Evacuation Pause)
[8010.206s][info][gc,task        ] GC(1250) Using 8 workers of 8 for evacuation
[8010.395s][info][gc,phases      ] GC(1250)   Pre Evacuate Collection Set: 0.29ms
[8010.395s][info][gc,phases      ] GC(1250)   Merge Heap Roots: 0.99ms
[8010.395s][info][gc,phases      ] GC(1250)   Evacuate Collection Set: 183.51ms
[8010.395s][info][gc,phases      ] GC(1250)   Merge Optional Heap Roots: 0.12ms
[8010.395s][info][gc,phases      ] GC(1250)   Evacuate Optional Collection Set: 2.64ms
[8010.395s][info][gc,phases      ] GC(1250)   Post Evacuate Collection Set: 1.56ms
[8010.395s][info][gc,phases      ] GC(1250)   Other: 0.09ms
[8010.395s][info][gc,heap        ] GC(1250) Eden regions: 716->0(631)
[8010.395s][info][gc,heap        ] GC(1250) Survivor regions: 52->55(96)
[8010.395s][info][gc,heap        ] GC(1250) Old regions: 245->145
[8010.395s][info][gc,heap        ] GC(1250) Humongous regions: 32->32
[8010.395s][info][gc,metaspace   ] GC(1250) Metaspace: 29920K(30464K)->29920K(30464K) NonClass: 26541K(26816K)->26541K(26816K) Class: 3378K(3648K)->3378K(3648K)
[8010.395s][info][gc             ] GC(1250) Pause Young (Mixed) (G1 Evacuation Pause) 8333M->1824M(10240M) 189.340ms
[8010.395s][info][gc,cpu         ] GC(1250) User=1.49s Sys=0.00s Real=0.19s
...[8013.740s][info][gc,start       ] GC(1251) Pause Young (Mixed) (G1 Evacuation Pause)
[8013.740s][info][gc,task        ] GC(1251) Using 8 workers of 8 for evacuation
[8013.913s][info][gc,phases      ] GC(1251)   Pre Evacuate Collection Set: 0.26ms
[8013.913s][info][gc,phases      ] GC(1251)   Merge Heap Roots: 0.72ms
[8013.913s][info][gc,phases      ] GC(1251)   Evacuate Collection Set: 171.31ms
[8013.913s][info][gc,phases      ] GC(1251)   Post Evacuate Collection Set: 1.15ms
[8013.913s][info][gc,phases      ] GC(1251)   Other: 0.07ms
[8013.913s][info][gc,heap        ] GC(1251) Eden regions: 641->0(723)
[8013.913s][info][gc,heap        ] GC(1251) Survivor regions: 55->45(87)
[8013.913s][info][gc,heap        ] GC(1251) Old regions: 145->142
[8013.913s][info][gc,heap        ] GC(1251) Humongous regions: 32->32
[8013.913s][info][gc,metaspace   ] GC(1251) Metaspace: 29920K(30464K)->29920K(30464K) NonClass: 26541K(26816K)->26541K(26816K) Class: 3378K(3648K)->3378K(3648K)
[8013.913s][info][gc             ] GC(1251) Pause Young (Mixed) (G1 Evacuation Pause) 6952M->1727M(10240M) 173.641ms
[8013.913s][info][gc,cpu         ] GC(1251) User=1.37s Sys=0.00s Real=0.17s
....[8017.531s][info][gc,start       ] GC(1252) Pause Young (Normal) (G1 Evacuation Pause)
[8017.531s][info][gc,task        ] GC(1252) Using 8 workers of 8 for evacuation
[8017.692s][info][gc,phases      ] GC(1252)   Pre Evacuate Collection Set: 0.26ms
[8017.692s][info][gc,phases      ] GC(1252)   Merge Heap Roots: 0.54ms
[8017.692s][info][gc,phases      ] GC(1252)   Evacuate Collection Set: 158.27ms
[8017.692s][info][gc,phases      ] GC(1252)   Post Evacuate Collection Set: 1.27ms
[8017.692s][info][gc,phases      ] GC(1252)   Other: 0.07ms
[8017.692s][info][gc,heap        ] GC(1252) Eden regions: 723->0(716)
[8017.692s][info][gc,heap        ] GC(1252) Survivor regions: 45->52(96)
[8017.692s][info][gc,heap        ] GC(1252) Old regions: 142->142
[8017.692s][info][gc,heap        ] GC(1252) Humongous regions: 32->32
[8017.692s][info][gc,metaspace   ] GC(1252) Metaspace: 29920K(30464K)->29920K(30464K) NonClass: 26541K(26816K)->26541K(26816K) Class: 3378K(3648K)->3378K(3648K)
[8017.692s][info][gc             ] GC(1252) Pause Young (Normal) (G1 Evacuation Pause) 7511M->1779M(10240M) 160.545ms
[8017.692s][info][gc,cpu         ] GC(1252) User=1.27s Sys=0.00s Real=0.16s
....[8021.298s][info][gc,start       ] GC(1253) Pause Young (Normal) (G1 Evacuation Pause)
[8021.298s][info][gc,task        ] GC(1253) Using 8 workers of 8 for evacuation
[8021.470s][info][gc,phases      ] GC(1253)   Pre Evacuate Collection Set: 0.27ms
[8021.470s][info][gc,phases      ] GC(1253)   Merge Heap Roots: 0.57ms
[8021.470s][info][gc,phases      ] GC(1253)   Evacuate Collection Set: 169.74ms
[8021.470s][info][gc,phases      ] GC(1253)   Post Evacuate Collection Set: 1.31ms
[8021.470s][info][gc,phases      ] GC(1253)   Other: 0.07ms
[8021.470s][info][gc,heap        ] GC(1253) Eden regions: 716->0(715)
[8021.470s][info][gc,heap        ] GC(1253) Survivor regions: 52->53(96)
[8021.470s][info][gc,heap        ] GC(1253) Old regions: 142->145
[8021.470s][info][gc,heap        ] GC(1253) Humongous regions: 32->32
[8021.470s][info][gc,metaspace   ] GC(1253) Metaspace: 29920K(30464K)->29920K(30464K) NonClass: 26541K(26816K)->26541K(26816K) Class: 3378K(3648K)->3378K(3648K)
[8021.470s][info][gc             ] GC(1253) Pause Young (Normal) (G1 Evacuation Pause) 7507M->1810M(10240M) 172.092ms
[8021.470s][info][gc,cpu         ] GC(1253) User=1.36s Sys=0.00s Real=0.17s
...[8024.988s][info][gc,start       ] GC(1254) Pause Young (Normal) (G1 Evacuation Pause)
[8024.988s][info][gc,task        ] GC(1254) Using 8 workers of 8 for evacuation
[8025.161s][info][gc,phases      ] GC(1254)   Pre Evacuate Collection Set: 0.27ms
[8025.161s][info][gc,phases      ] GC(1254)   Merge Heap Roots: 0.56ms
[8025.161s][info][gc,phases      ] GC(1254)   Evacuate Collection Set: 170.53ms
[8025.161s][info][gc,phases      ] GC(1254)   Post Evacuate Collection Set: 1.23ms
[8025.161s][info][gc,phases      ] GC(1254)   Other: 0.07ms
[8025.161s][info][gc,heap        ] GC(1254) Eden regions: 715->0(715)
[8025.161s][info][gc,heap        ] GC(1254) Survivor regions: 53->53(96)
[8025.161s][info][gc,heap        ] GC(1254) Old regions: 145->147
[8025.161s][info][gc,heap        ] GC(1254) Humongous regions: 32->32
[8025.161s][info][gc,metaspace   ] GC(1254) Metaspace: 29920K(30464K)->29920K(30464K) NonClass: 26541K(26816K)->26541K(26816K) Class: 3378K(3648K)->3378K(3648K)
[8025.161s][info][gc             ] GC(1254) Pause Young (Normal) (G1 Evacuation Pause) 7530M->1834M(10240M) 172.835ms
[8025.161s][info][gc,cpu         ] GC(1254) User=1.37s Sys=0.00s Real=0.17s
....[8028.925s][info][gc,start       ] GC(1255) Pause Young (Normal) (G1 Evacuation Pause)
[8028.925s][info][gc,task        ] GC(1255) Using 8 workers of 8 for evacuation
[8029.095s][info][gc,phases      ] GC(1255)   Pre Evacuate Collection Set: 0.26ms
[8029.095s][info][gc,phases      ] GC(1255)   Merge Heap Roots: 0.55ms
[8029.095s][info][gc,phases      ] GC(1255)   Evacuate Collection Set: 167.96ms
[8029.095s][info][gc,phases      ] GC(1255)   Post Evacuate Collection Set: 1.27ms
[8029.095s][info][gc,phases      ] GC(1255)   Other: 0.06ms
[8029.095s][info][gc,heap        ] GC(1255) Eden regions: 715->0(715)
[8029.095s][info][gc,heap        ] GC(1255) Survivor regions: 53->53(96)
[8029.095s][info][gc,heap        ] GC(1255) Old regions: 147->150
[8029.095s][info][gc,heap        ] GC(1255) Humongous regions: 32->32
[8029.095s][info][gc,metaspace   ] GC(1255) Metaspace: 29920K(30464K)->29920K(30464K) NonClass: 26541K(26816K)->26541K(26816K) Class: 3378K(3648K)->3378K(3648K)
[8029.095s][info][gc             ] GC(1255) Pause Young (Normal) (G1 Evacuation Pause) 7554M->1852M(10240M) 170.232ms
[8029.095s][info][gc,cpu         ] GC(1255) User=1.35s Sys=0.00s Real=0.17s
....[8032.647s][info][gc,start       ] GC(1256) Pause Young (Normal) (G1 Evacuation Pause)
[8032.647s][info][gc,task        ] GC(1256) Using 8 workers of 8 for evacuation
[8032.824s][info][gc,phases      ] GC(1256)   Pre Evacuate Collection Set: 0.24ms
[8032.824s][info][gc,phases      ] GC(1256)   Merge Heap Roots: 0.55ms
[8032.824s][info][gc,phases      ] GC(1256)   Evacuate Collection Set: 175.01ms
[8032.824s][info][gc,phases      ] GC(1256)   Post Evacuate Collection Set: 1.26ms
[8032.824s][info][gc,phases      ] GC(1256)   Other: 0.06ms
[8032.824s][info][gc,heap        ] GC(1256) Eden regions: 715->0(714)
[8032.824s][info][gc,heap        ] GC(1256) Survivor regions: 53->54(96)
[8032.824s][info][gc,heap        ] GC(1256) Old regions: 150->153
[8032.824s][info][gc,heap        ] GC(1256) Humongous regions: 32->32
[8032.824s][info][gc,metaspace   ] GC(1256) Metaspace: 29920K(30464K)->29920K(30464K) NonClass: 26541K(26816K)->26541K(26816K) Class: 3378K(3648K)->3378K(3648K)
[8032.824s][info][gc             ] GC(1256) Pause Young (Normal) (G1 Evacuation Pause) 7572M->1887M(10240M) 177.270ms
[8032.824s][info][gc,cpu         ] GC(1256) User=1.40s Sys=0.00s Real=0.17s
....[8036.236s][info][gc,start       ] GC(1257) Pause Young (Normal) (G1 Evacuation Pause)
[8036.236s][info][gc,task        ] GC(1257) Using 8 workers of 8 for evacuation
[8036.406s][info][gc,phases      ] GC(1257)   Pre Evacuate Collection Set: 0.26ms
[8036.406s][info][gc,phases      ] GC(1257)   Merge Heap Roots: 0.55ms
[8036.406s][info][gc,phases      ] GC(1257)   Evacuate Collection Set: 167.86ms
[8036.406s][info][gc,phases      ] GC(1257)   Post Evacuate Collection Set: 1.24ms
[8036.406s][info][gc,phases      ] GC(1257)   Other: 0.06ms
[8036.406s][info][gc,heap        ] GC(1257) Eden regions: 714->0(714)
[8036.406s][info][gc,heap        ] GC(1257) Survivor regions: 54->54(96)
[8036.406s][info][gc,heap        ] GC(1257) Old regions: 153->156
[8036.406s][info][gc,heap        ] GC(1257) Humongous regions: 32->32
[8036.406s][info][gc,metaspace   ] GC(1257) Metaspace: 29920K(30464K)->29920K(30464K) NonClass: 26541K(26816K)->26541K(26816K) Class: 3378K(3648K)->3378K(3648K)
[8036.406s][info][gc             ] GC(1257) Pause Young (Normal) (G1 Evacuation Pause) 7599M->1905M(10240M) 170.114ms
[8036.406s][info][gc,cpu         ] GC(1257) User=1.33s Sys=0.01s Real=0.17s
...[8039.785s][info][gc,start       ] GC(1258) Pause Young (Normal) (G1 Evacuation Pause)
[8039.785s][info][gc,task        ] GC(1258) Using 8 workers of 8 for evacuation
[8039.957s][info][gc,phases      ] GC(1258)   Pre Evacuate Collection Set: 0.26ms
[8039.957s][info][gc,phases      ] GC(1258)   Merge Heap Roots: 0.54ms
[8039.957s][info][gc,phases      ] GC(1258)   Evacuate Collection Set: 169.98ms
[8039.957s][info][gc,phases      ] GC(1258)   Post Evacuate Collection Set: 1.21ms
[8039.957s][info][gc,phases      ] GC(1258)   Other: 0.06ms
[8039.957s][info][gc,heap        ] GC(1258) Eden regions: 714->0(714)
[8039.957s][info][gc,heap        ] GC(1258) Survivor regions: 54->54(96)
[8039.957s][info][gc,heap        ] GC(1258) Old regions: 156->158
[8039.957s][info][gc,heap        ] GC(1258) Humongous regions: 32->32
[8039.957s][info][gc,metaspace   ] GC(1258) Metaspace: 29920K(30464K)->29920K(30464K) NonClass: 26541K(26816K)->26541K(26816K) Class: 3378K(3648K)->3378K(3648K)
[8039.957s][info][gc             ] GC(1258) Pause Young (Normal) (G1 Evacuation Pause) 7617M->1928M(10240M) 172.199ms
[8039.957s][info][gc,cpu         ] GC(1258) User=1.36s Sys=0.00s Real=0.18s
....[8043.480s][info][gc,start       ] GC(1259) Pause Young (Normal) (G1 Evacuation Pause)
[8043.480s][info][gc,task        ] GC(1259) Using 8 workers of 8 for evacuation
[8043.655s][info][gc,phases      ] GC(1259)   Pre Evacuate Collection Set: 0.25ms
[8043.655s][info][gc,phases      ] GC(1259)   Merge Heap Roots: 0.58ms
[8043.655s][info][gc,phases      ] GC(1259)   Evacuate Collection Set: 173.26ms
[8043.655s][info][gc,phases      ] GC(1259)   Post Evacuate Collection Set: 1.20ms
[8043.655s][info][gc,phases      ] GC(1259)   Other: 0.07ms
[8043.655s][info][gc,heap        ] GC(1259) Eden regions: 714->0(714)
[8043.655s][info][gc,heap        ] GC(1259) Survivor regions: 54->54(96)
[8043.655s][info][gc,heap        ] GC(1259) Old regions: 158->161
[8043.655s][info][gc,heap        ] GC(1259) Humongous regions: 32->32
[8043.655s][info][gc,metaspace   ] GC(1259) Metaspace: 29920K(30464K)->29920K(30464K) NonClass: 26541K(26816K)->26541K(26816K) Class: 3378K(3648K)->3378K(3648K)
[8043.655s][info][gc             ] GC(1259) Pause Young (Normal) (G1 Evacuation Pause) 7640M->1948M(10240M) 175.490ms
[8043.655s][info][gc,cpu         ] GC(1259) User=1.38s Sys=0.00s Real=0.18s
...[8047.180s][info][gc,start       ] GC(1260) Pause Young (Normal) (G1 Evacuation Pause)
[8047.180s][info][gc,task        ] GC(1260) Using 8 workers of 8 for evacuation
[8047.348s][info][gc,phases      ] GC(1260)   Pre Evacuate Collection Set: 0.25ms
[8047.348s][info][gc,phases      ] GC(1260)   Merge Heap Roots: 0.53ms
[8047.348s][info][gc,phases      ] GC(1260)   Evacuate Collection Set: 165.61ms
[8047.348s][info][gc,phases      ] GC(1260)   Post Evacuate Collection Set: 1.24ms
[8047.348s][info][gc,phases      ] GC(1260)   Other: 0.06ms
[8047.348s][info][gc,heap        ] GC(1260) Eden regions: 714->0(714)
[8047.348s][info][gc,heap        ] GC(1260) Survivor regions: 54->54(96)
[8047.348s][info][gc,heap        ] GC(1260) Old regions: 161->163
[8047.348s][info][gc,heap        ] GC(1260) Humongous regions: 32->32
[8047.348s][info][gc,metaspace   ] GC(1260) Metaspace: 29920K(30464K)->29920K(30464K) NonClass: 26541K(26816K)->26541K(26816K) Class: 3378K(3648K)->3378K(3648K)
[8047.348s][info][gc             ] GC(1260) Pause Young (Normal) (G1 Evacuation Pause) 7660M->1966M(10240M) 167.837ms
[8047.348s][info][gc,cpu         ] GC(1260) User=1.32s Sys=0.00s Real=0.17s
....[8050.865s][info][gc,start       ] GC(1261) Pause Young (Normal) (G1 Evacuation Pause)
[8050.865s][info][gc,task        ] GC(1261) Using 8 workers of 8 for evacuation
[8051.040s][info][gc,phases      ] GC(1261)   Pre Evacuate Collection Set: 0.26ms
[8051.040s][info][gc,phases      ] GC(1261)   Merge Heap Roots: 0.54ms
[8051.040s][info][gc,phases      ] GC(1261)   Evacuate Collection Set: 172.36ms
[8051.040s][info][gc,phases      ] GC(1261)   Post Evacuate Collection Set: 1.20ms
[8051.040s][info][gc,phases      ] GC(1261)   Other: 0.06ms
[8051.040s][info][gc,heap        ] GC(1261) Eden regions: 714->0(713)
[8051.040s][info][gc,heap        ] GC(1261) Survivor regions: 54->55(96)
[8051.040s][info][gc,heap        ] GC(1261) Old regions: 163->166
[8051.040s][info][gc,heap        ] GC(1261) Humongous regions: 32->32
[8051.040s][info][gc,metaspace   ] GC(1261) Metaspace: 29920K(30464K)->29920K(30464K) NonClass: 26541K(26816K)->26541K(26816K) Class: 3378K(3648K)->3378K(3648K)
[8051.040s][info][gc             ] GC(1261) Pause Young (Normal) (G1 Evacuation Pause) 7678M->1995M(10240M) 174.548ms
[8051.040s][info][gc,cpu         ] GC(1261) User=1.38s Sys=0.00s Real=0.17s
....[8054.609s][info][gc,start       ] GC(1262) Pause Young (Normal) (G1 Evacuation Pause)
[8054.609s][info][gc,task        ] GC(1262) Using 8 workers of 8 for evacuation
[8054.782s][info][gc,phases      ] GC(1262)   Pre Evacuate Collection Set: 0.26ms
[8054.782s][info][gc,phases      ] GC(1262)   Merge Heap Roots: 0.54ms
[8054.782s][info][gc,phases      ] GC(1262)   Evacuate Collection Set: 170.81ms
[8054.782s][info][gc,phases      ] GC(1262)   Post Evacuate Collection Set: 1.24ms
[8054.782s][info][gc,phases      ] GC(1262)   Other: 0.06ms
[8054.782s][info][gc,heap        ] GC(1262) Eden regions: 713->0(713)
[8054.782s][info][gc,heap        ] GC(1262) Survivor regions: 55->55(96)
[8054.782s][info][gc,heap        ] GC(1262) Old regions: 166->169
[8054.782s][info][gc,heap        ] GC(1262) Humongous regions: 32->32
[8054.782s][info][gc,metaspace   ] GC(1262) Metaspace: 29920K(30464K)->29920K(30464K) NonClass: 26541K(26816K)->26541K(26816K) Class: 3378K(3648K)->3378K(3648K)
[8054.782s][info][gc             ] GC(1262) Pause Young (Normal) (G1 Evacuation Pause) 7699M->2017M(10240M) 173.038ms
[8054.782s][info][gc,cpu         ] GC(1262) User=1.37s Sys=0.00s Real=0.17s
...[8058.274s][info][gc,start       ] GC(1263) Pause Young (Normal) (G1 Evacuation Pause)
[8058.275s][info][gc,task        ] GC(1263) Using 8 workers of 8 for evacuation
[8058.445s][info][gc,phases      ] GC(1263)   Pre Evacuate Collection Set: 0.27ms
[8058.445s][info][gc,phases      ] GC(1263)   Merge Heap Roots: 0.55ms
[8058.445s][info][gc,phases      ] GC(1263)   Evacuate Collection Set: 167.81ms
[8058.445s][info][gc,phases      ] GC(1263)   Post Evacuate Collection Set: 1.30ms
[8058.445s][info][gc,phases      ] GC(1263)   Other: 0.07ms
[8058.445s][info][gc,heap        ] GC(1263) Eden regions: 713->0(714)
[8058.445s][info][gc,heap        ] GC(1263) Survivor regions: 55->54(96)
[8058.445s][info][gc,heap        ] GC(1263) Old regions: 169->171
[8058.445s][info][gc,heap        ] GC(1263) Humongous regions: 32->32
[8058.445s][info][gc,metaspace   ] GC(1263) Metaspace: 29920K(30464K)->29920K(30464K) NonClass: 26541K(26816K)->26541K(26816K) Class: 3378K(3648K)->3378K(3648K)
[8058.445s][info][gc             ] GC(1263) Pause Young (Normal) (G1 Evacuation Pause) 7721M->2031M(10240M) 170.157ms
[8058.445s][info][gc,cpu         ] GC(1263) User=1.34s Sys=0.00s Real=0.17s
....[8062.080s][info][gc,start       ] GC(1264) Pause Young (Normal) (G1 Evacuation Pause)
[8062.080s][info][gc,task        ] GC(1264) Using 8 workers of 8 for evacuation
[8062.260s][info][gc,phases      ] GC(1264)   Pre Evacuate Collection Set: 0.27ms
[8062.260s][info][gc,phases      ] GC(1264)   Merge Heap Roots: 0.57ms
[8062.260s][info][gc,phases      ] GC(1264)   Evacuate Collection Set: 178.32ms
[8062.260s][info][gc,phases      ] GC(1264)   Post Evacuate Collection Set: 1.27ms
[8062.260s][info][gc,phases      ] GC(1264)   Other: 0.07ms
[8062.260s][info][gc,heap        ] GC(1264) Eden regions: 714->0(712)
[8062.260s][info][gc,heap        ] GC(1264) Survivor regions: 54->56(96)
[8062.260s][info][gc,heap        ] GC(1264) Old regions: 171->174
[8062.260s][info][gc,heap        ] GC(1264) Humongous regions: 32->32
[8062.260s][info][gc,metaspace   ] GC(1264) Metaspace: 29920K(30464K)->29920K(30464K) NonClass: 26541K(26816K)->26541K(26816K) Class: 3378K(3648K)->3378K(3648K)
[8062.260s][info][gc             ] GC(1264) Pause Young (Normal) (G1 Evacuation Pause) 7743M->2069M(10240M) 180.660ms
[8062.261s][info][gc,cpu         ] GC(1264) User=1.42s Sys=0.00s Real=0.18s
....[8065.750s][info][gc,start       ] GC(1265) Pause Young (Normal) (G1 Evacuation Pause)
[8065.750s][info][gc,task        ] GC(1265) Using 8 workers of 8 for evacuation
[8065.920s][info][gc,phases      ] GC(1265)   Pre Evacuate Collection Set: 0.26ms
[8065.920s][info][gc,phases      ] GC(1265)   Merge Heap Roots: 0.55ms
[8065.920s][info][gc,phases      ] GC(1265)   Evacuate Collection Set: 167.97ms
[8065.920s][info][gc,phases      ] GC(1265)   Post Evacuate Collection Set: 1.22ms
[8065.920s][info][gc,phases      ] GC(1265)   Other: 0.07ms
[8065.920s][info][gc,heap        ] GC(1265) Eden regions: 712->0(721)
[8065.920s][info][gc,heap        ] GC(1265) Survivor regions: 56->47(96)
[8065.920s][info][gc,heap        ] GC(1265) Old regions: 174->182
[8065.920s][info][gc,heap        ] GC(1265) Humongous regions: 32->32
[8065.920s][info][gc,metaspace   ] GC(1265) Metaspace: 29920K(30464K)->29920K(30464K) NonClass: 26541K(26816K)->26541K(26816K) Class: 3378K(3648K)->3378K(3648K)
[8065.920s][info][gc             ] GC(1265) Pause Young (Normal) (G1 Evacuation Pause) 7765M->2067M(10240M) 170.195ms
[8065.921s][info][gc,cpu         ] GC(1265) User=1.34s Sys=0.00s Real=0.17s
... (rIR:aIR:PR = 13145:13143:12808) (tPR = 192021) [PR is under limit] 
  8068s: Performance info:
         Transaction,    Success,    Partial,     Failed,   Receipts, AvgBarcode, 
             Overall,    1157361,          0,          0,    1099819,      59.48, 
         Response times:
             Request,    Success,    Partial,     Failed,   SkipFail,     Probes,    Samples,      min,      p50,      p90,      p95,      p99,      max, 
       TotalPurchase,    1128720,          0,          0,          0,     115580,    1546350,    27000,   620000,  1200000,  1700000,  9500000, 60000000,
     InStorePurchase,     592517,          0,          0,          0,      57253,     813948,    27000,   620000,  1200000,  1800000, 14000000, 60000000,
      OnlinePurchase,     417966,          0,          0,          0,      40702,     566732,    28000,   620000,  1100000,  1500000,  4000000, 60000000,
        InstPurchase,     118237,          0,          0,          0,      17625,     165670,    29000,   630000,  1200000,  1700000,  5300000, 60000000,
          AssocOfCat,       1184,          0,          0,          0,        410,       3356,   108000,   680000,  1200000,  1500000,  3543000, 11000000,
      AssocOfProduct,      11820,          0,          0,          0,       2027,      18103,    40000,   596000,  1200000,  1700000,  2900000, 35000000,
      BusinessReport,       2946,          0,          0,          0,        828,       8426,   107000,   680000,  1200000,  1400000,  5173000, 29000000,
          CustBuyBeh,      11839,          0,          0,          0,       2173,      18213,    38000,   585000,  1100000,  1500000,  2900000, 23000000,
       ProductReturn,      31122,          0,          0,          0,       4514,      42687,    33000,   587000,  1300000,  2100000,  8900000, 36000000,

  8068s: 
  8068s: Failing in a row, point 1 of 3
  8068s: (96%)   IR =  13284 [8069.504s][info][gc,start       ] GC(1266) Pause Young (Normal) (G1 Evacuation Pause)
[8069.504s][info][gc,task        ] GC(1266) Using 8 workers of 8 for evacuation
[8069.669s][info][gc,phases      ] GC(1266)   Pre Evacuate Collection Set: 0.27ms
[8069.669s][info][gc,phases      ] GC(1266)   Merge Heap Roots: 0.56ms
[8069.669s][info][gc,phases      ] GC(1266)   Evacuate Collection Set: 162.70ms
[8069.669s][info][gc,phases      ] GC(1266)   Post Evacuate Collection Set: 1.30ms
[8069.669s][info][gc,phases      ] GC(1266)   Other: 0.08ms
[8069.669s][info][gc,heap        ] GC(1266) Eden regions: 721->0(715)
[8069.669s][info][gc,heap        ] GC(1266) Survivor regions: 47->53(96)
[8069.669s][info][gc,heap        ] GC(1266) Old regions: 182->182
[8069.669s][info][gc,heap        ] GC(1266) Humongous regions: 32->32
[8069.669s][info][gc,metaspace   ] GC(1266) Metaspace: 29920K(30464K)->29920K(30464K) NonClass: 26541K(26816K)->26541K(26816K) Class: 3378K(3648K)->3378K(3648K)
[8069.669s][info][gc             ] GC(1266) Pause Young (Normal) (G1 Evacuation Pause) 7835M->2115M(10240M) 165.040ms
[8069.669s][info][gc,cpu         ] GC(1266) User=1.30s Sys=0.00s Real=0.17s
....[8073.270s][info][gc,start       ] GC(1267) Pause Young (Normal) (G1 Evacuation Pause)
[8073.270s][info][gc,task        ] GC(1267) Using 8 workers of 8 for evacuation
[8073.444s][info][gc,phases      ] GC(1267)   Pre Evacuate Collection Set: 0.26ms
[8073.444s][info][gc,phases      ] GC(1267)   Merge Heap Roots: 0.58ms
[8073.444s][info][gc,phases      ] GC(1267)   Evacuate Collection Set: 171.98ms
[8073.444s][info][gc,phases      ] GC(1267)   Post Evacuate Collection Set: 1.28ms
[8073.444s][info][gc,phases      ] GC(1267)   Other: 0.06ms
[8073.444s][info][gc,heap        ] GC(1267) Eden regions: 715->0(713)
[8073.444s][info][gc,heap        ] GC(1267) Survivor regions: 53->55(96)
[8073.444s][info][gc,heap        ] GC(1267) Old regions: 182->185
[8073.444s][info][gc,heap        ] GC(1267) Humongous regions: 32->32
[8073.444s][info][gc,metaspace   ] GC(1267) Metaspace: 29920K(30464K)->29920K(30464K) NonClass: 26541K(26816K)->26541K(26816K) Class: 3378K(3648K)->3378K(3648K)
[8073.444s][info][gc             ] GC(1267) Pause Young (Normal) (G1 Evacuation Pause) 7835M->2148M(10240M) 174.303ms
[8073.444s][info][gc,cpu         ] GC(1267) User=1.37s Sys=0.00s Real=0.17s
....[8077.138s][info][gc,start       ] GC(1268) Pause Young (Normal) (G1 Evacuation Pause)
[8077.139s][info][gc,task        ] GC(1268) Using 8 workers of 8 for evacuation
[8077.316s][info][gc,phases      ] GC(1268)   Pre Evacuate Collection Set: 0.29ms
[8077.316s][info][gc,phases      ] GC(1268)   Merge Heap Roots: 0.55ms
[8077.316s][info][gc,phases      ] GC(1268)   Evacuate Collection Set: 175.58ms
[8077.316s][info][gc,phases      ] GC(1268)   Post Evacuate Collection Set: 1.28ms
[8077.316s][info][gc,phases      ] GC(1268)   Other: 0.06ms
[8077.316s][info][gc,heap        ] GC(1268) Eden regions: 713->0(712)
[8077.316s][info][gc,heap        ] GC(1268) Survivor regions: 55->56(96)
[8077.316s][info][gc,heap        ] GC(1268) Old regions: 185->188
[8077.316s][info][gc,heap        ] GC(1268) Humongous regions: 32->32
[8077.316s][info][gc,metaspace   ] GC(1268) Metaspace: 29920K(30464K)->29920K(30464K) NonClass: 26541K(26816K)->26541K(26816K) Class: 3378K(3648K)->3378K(3648K)
[8077.316s][info][gc             ] GC(1268) Pause Young (Normal) (G1 Evacuation Pause) 7852M->2182M(10240M) 177.897ms
[8077.316s][info][gc,cpu         ] GC(1268) User=1.40s Sys=0.00s Real=0.18s
....[8080.973s][info][gc,start       ] GC(1269) Pause Young (Normal) (G1 Evacuation Pause)
[8080.973s][info][gc,task        ] GC(1269) Using 8 workers of 8 for evacuation
[8081.148s][info][gc,phases      ] GC(1269)   Pre Evacuate Collection Set: 0.26ms
[8081.148s][info][gc,phases      ] GC(1269)   Merge Heap Roots: 0.54ms
[8081.148s][info][gc,phases      ] GC(1269)   Evacuate Collection Set: 172.98ms
[8081.148s][info][gc,phases      ] GC(1269)   Post Evacuate Collection Set: 1.28ms
[8081.148s][info][gc,phases      ] GC(1269)   Other: 0.08ms
[8081.148s][info][gc,heap        ] GC(1269) Eden regions: 712->0(714)
[8081.148s][info][gc,heap        ] GC(1269) Survivor regions: 56->54(96)
[8081.148s][info][gc,heap        ] GC(1269) Old regions: 188->191
[8081.148s][info][gc,heap        ] GC(1269) Humongous regions: 32->32
[8081.148s][info][gc,metaspace   ] GC(1269) Metaspace: 29920K(30464K)->29920K(30464K) NonClass: 26541K(26816K)->26541K(26816K) Class: 3378K(3648K)->3378K(3648K)
[8081.148s][info][gc             ] GC(1269) Pause Young (Normal) (G1 Evacuation Pause) 7878M->2190M(10240M) 175.296ms
[8081.148s][info][gc,cpu         ] GC(1269) User=1.38s Sys=0.01s Real=0.18s
....[8084.906s][info][gc,start       ] GC(1270) Pause Young (Normal) (G1 Evacuation Pause)
[8084.906s][info][gc,task        ] GC(1270) Using 8 workers of 8 for evacuation
[8085.072s][info][gc,phases      ] GC(1270)   Pre Evacuate Collection Set: 0.28ms
[8085.072s][info][gc,phases      ] GC(1270)   Merge Heap Roots: 0.54ms
[8085.072s][info][gc,phases      ] GC(1270)   Evacuate Collection Set: 163.64ms
[8085.072s][info][gc,phases      ] GC(1270)   Post Evacuate Collection Set: 1.25ms
[8085.072s][info][gc,phases      ] GC(1270)   Other: 0.06ms
[8085.072s][info][gc,heap        ] GC(1270) Eden regions: 714->0(715)
[8085.072s][info][gc,heap        ] GC(1270) Survivor regions: 54->53(96)
[8085.072s][info][gc,heap        ] GC(1270) Old regions: 191->194
[8085.072s][info][gc,heap        ] GC(1270) Humongous regions: 32->32
[8085.072s][info][gc,metaspace   ] GC(1270) Metaspace: 29920K(30464K)->29920K(30464K) NonClass: 26541K(26816K)->26541K(26816K) Class: 3378K(3648K)->3378K(3648K)
[8085.072s][info][gc             ] GC(1270) Pause Young (Normal) (G1 Evacuation Pause) 7902M->2202M(10240M) 165.902ms
[8085.072s][info][gc,cpu         ] GC(1270) User=1.31s Sys=0.00s Real=0.16s
...[8088.488s][info][gc,start       ] GC(1271) Pause Young (Normal) (G1 Evacuation Pause)
[8088.488s][info][gc,task        ] GC(1271) Using 8 workers of 8 for evacuation
[8088.675s][info][gc,phases      ] GC(1271)   Pre Evacuate Collection Set: 0.26ms
[8088.675s][info][gc,phases      ] GC(1271)   Merge Heap Roots: 0.58ms
[8088.675s][info][gc,phases      ] GC(1271)   Evacuate Collection Set: 184.79ms
[8088.675s][info][gc,phases      ] GC(1271)   Post Evacuate Collection Set: 1.26ms
[8088.675s][info][gc,phases      ] GC(1271)   Other: 0.07ms
[8088.675s][info][gc,heap        ] GC(1271) Eden regions: 715->0(683)
[8088.675s][info][gc,heap        ] GC(1271) Survivor regions: 53->55(96)
[8088.675s][info][gc,heap        ] GC(1271) Old regions: 194->196
[8088.675s][info][gc,heap        ] GC(1271) Humongous regions: 32->32
[8088.675s][info][gc,metaspace   ] GC(1271) Metaspace: 29920K(30464K)->29920K(30464K) NonClass: 26541K(26816K)->26541K(26816K) Class: 3378K(3648K)->3378K(3648K)
[8088.675s][info][gc             ] GC(1271) Pause Young (Normal) (G1 Evacuation Pause) 7922M->2243M(10240M) 187.088ms
[8088.675s][info][gc,cpu         ] GC(1271) User=1.42s Sys=0.00s Real=0.19s
....[8092.137s][info][gc,start       ] GC(1272) Pause Young (Normal) (G1 Evacuation Pause)
[8092.137s][info][gc,task        ] GC(1272) Using 8 workers of 8 for evacuation
[8092.311s][info][gc,phases      ] GC(1272)   Pre Evacuate Collection Set: 0.26ms
[8092.311s][info][gc,phases      ] GC(1272)   Merge Heap Roots: 0.56ms
[8092.311s][info][gc,phases      ] GC(1272)   Evacuate Collection Set: 172.03ms
[8092.311s][info][gc,phases      ] GC(1272)   Post Evacuate Collection Set: 1.17ms
[8092.311s][info][gc,phases      ] GC(1272)   Other: 0.06ms
[8092.311s][info][gc,heap        ] GC(1272) Eden regions: 692->0(719)
[8092.311s][info][gc,heap        ] GC(1272) Survivor regions: 55->49(94)
[8092.311s][info][gc,heap        ] GC(1272) Old regions: 196->204
[8092.311s][info][gc,heap        ] GC(1272) Humongous regions: 32->32
[8092.311s][info][gc,metaspace   ] GC(1272) Metaspace: 29920K(30464K)->29920K(30464K) NonClass: 26541K(26816K)->26541K(26816K) Class: 3378K(3648K)->3378K(3648K)
[8092.311s][info][gc             ] GC(1272) Pause Young (Normal) (G1 Evacuation Pause) 7779M->2259M(10240M) 174.234ms
[8092.311s][info][gc,cpu         ] GC(1272) User=1.38s Sys=0.00s Real=0.17s
....[8095.851s][info][gc,start       ] GC(1273) Pause Young (Normal) (G1 Evacuation Pause)
[8095.852s][info][gc,task        ] GC(1273) Using 8 workers of 8 for evacuation
[8096.020s][info][gc,phases      ] GC(1273)   Pre Evacuate Collection Set: 0.24ms
[8096.020s][info][gc,phases      ] GC(1273)   Merge Heap Roots: 0.54ms
[8096.020s][info][gc,phases      ] GC(1273)   Evacuate Collection Set: 165.91ms
[8096.020s][info][gc,phases      ] GC(1273)   Post Evacuate Collection Set: 1.23ms
[8096.020s][info][gc,phases      ] GC(1273)   Other: 0.06ms
[8096.020s][info][gc,heap        ] GC(1273) Eden regions: 719->0(714)
[8096.020s][info][gc,heap        ] GC(1273) Survivor regions: 49->54(96)
[8096.020s][info][gc,heap        ] GC(1273) Old regions: 204->204
[8096.020s][info][gc,heap        ] GC(1273) Humongous regions: 32->32
[8096.020s][info][gc,metaspace   ] GC(1273) Metaspace: 29920K(30464K)->29920K(30464K) NonClass: 26541K(26816K)->26541K(26816K) Class: 3378K(3648K)->3378K(3648K)
[8096.020s][info][gc             ] GC(1273) Pause Young (Normal) (G1 Evacuation Pause) 8011M->2299M(10240M) 168.119ms
[8096.020s][info][gc,cpu         ] GC(1273) User=1.33s Sys=0.01s Real=0.17s
... (rIR:aIR:PR = 13284:13279:12712) (tPR = 189417) [PR is under limit] 
  8098s: Performance info:
         Transaction,    Success,    Partial,     Failed,   Receipts, AvgBarcode, 
             Overall,     254411,          0,          0,     241436,      59.48, 
         Response times:
             Request,    Success,    Partial,     Failed,   SkipFail,     Probes,    Samples,      min,      p50,      p90,      p95,      p99,      max, 
       TotalPurchase,     252435,          0,          0,          0,      20595,     179146,    76000,   790000,  1200000,  1300000,  3600000, 60000000,
     InStorePurchase,     132173,          0,          0,          0,      10346,      94018,    76000,   790000,  1200000,  1300000,  5500000, 60000000,
      OnlinePurchase,      92602,          0,          0,          0,       7311,      66071,    77000,   790000,  1200000,  1200000,  1400000, 26000000,
        InstPurchase,      27660,          0,          0,          0,       2938,      19057,    91000,   790000,  1200000,  1300000,  1400000, 60000000,
          AssocOfCat,        269,          0,          0,          0,         97,        389,   303000,   890000,  1300000,  1700000, 10060000, 25000000,
      AssocOfProduct,       2698,          0,          0,          0,        442,       2035,   100000,   800000,  1100000,  1200000,  1400000, 18000000,
      BusinessReport,        675,          0,          0,          0,        285,        966,   222000,   880000,  1300000,  1400000,  2560000, 26000000,
          CustBuyBeh,       2636,          0,          0,          0,        476,       2239,   121000,   810000,  1200000,  1200000,  3260000, 60000000,
       ProductReturn,       7037,          0,          0,          0,       1142,       5148,    89000,   800000,  1200000,  1400000,  1700000, 24000000,

  8098s: 
  8098s: Failing in a row, point 2 of 3
  8098s: (97%)   IR =  13422 [8099.597s][info][gc,start       ] GC(1274) Pause Young (Normal) (G1 Evacuation Pause)
[8099.597s][info][gc,task        ] GC(1274) Using 8 workers of 8 for evacuation
[8099.766s][info][gc,phases      ] GC(1274)   Pre Evacuate Collection Set: 0.25ms
[8099.767s][info][gc,phases      ] GC(1274)   Merge Heap Roots: 0.54ms
[8099.767s][info][gc,phases      ] GC(1274)   Evacuate Collection Set: 167.56ms
[8099.767s][info][gc,phases      ] GC(1274)   Post Evacuate Collection Set: 1.25ms
[8099.767s][info][gc,phases      ] GC(1274)   Other: 0.07ms
[8099.767s][info][gc,heap        ] GC(1274) Eden regions: 714->0(715)
[8099.767s][info][gc,heap        ] GC(1274) Survivor regions: 54->53(96)
[8099.767s][info][gc,heap        ] GC(1274) Old regions: 204->207
[8099.767s][info][gc,heap        ] GC(1274) Humongous regions: 32->32
[8099.767s][info][gc,metaspace   ] GC(1274) Metaspace: 29920K(30464K)->29920K(30464K) NonClass: 26541K(26816K)->26541K(26816K) Class: 3378K(3648K)->3378K(3648K)
[8099.767s][info][gc             ] GC(1274) Pause Young (Normal) (G1 Evacuation Pause) 8011M->2314M(10240M) 169.827ms
[8099.767s][info][gc,cpu         ] GC(1274) User=1.33s Sys=0.00s Real=0.17s
....[8103.378s][info][gc,start       ] GC(1275) Pause Young (Normal) (G1 Evacuation Pause)
[8103.378s][info][gc,task        ] GC(1275) Using 8 workers of 8 for evacuation
[8103.550s][info][gc,phases      ] GC(1275)   Pre Evacuate Collection Set: 0.26ms
[8103.550s][info][gc,phases      ] GC(1275)   Merge Heap Roots: 0.54ms
[8103.550s][info][gc,phases      ] GC(1275)   Evacuate Collection Set: 170.24ms
[8103.550s][info][gc,phases      ] GC(1275)   Post Evacuate Collection Set: 1.19ms
[8103.550s][info][gc,phases      ] GC(1275)   Other: 0.08ms
[8103.550s][info][gc,heap        ] GC(1275) Eden regions: 715->0(713)
[8103.550s][info][gc,heap        ] GC(1275) Survivor regions: 53->55(96)
[8103.550s][info][gc,heap        ] GC(1275) Old regions: 207->210
[8103.550s][info][gc,heap        ] GC(1275) Humongous regions: 32->32
[8103.550s][info][gc,metaspace   ] GC(1275) Metaspace: 29920K(30464K)->29920K(30464K) NonClass: 26541K(26816K)->26541K(26816K) Class: 3378K(3648K)->3378K(3648K)
[8103.550s][info][gc             ] GC(1275) Pause Young (Normal) (G1 Evacuation Pause) 8034M->2347M(10240M) 172.431ms
[8103.550s][info][gc,cpu         ] GC(1275) User=1.36s Sys=0.00s Real=0.17s
....[8107.061s][info][gc,start       ] GC(1276) Pause Young (Normal) (G1 Evacuation Pause)
[8107.061s][info][gc,task        ] GC(1276) Using 8 workers of 8 for evacuation
[8107.236s][info][gc,phases      ] GC(1276)   Pre Evacuate Collection Set: 0.26ms
[8107.236s][info][gc,phases      ] GC(1276)   Merge Heap Roots: 0.54ms
[8107.236s][info][gc,phases      ] GC(1276)   Evacuate Collection Set: 172.13ms
[8107.236s][info][gc,phases      ] GC(1276)   Post Evacuate Collection Set: 1.25ms
[8107.236s][info][gc,phases      ] GC(1276)   Other: 0.07ms
[8107.236s][info][gc,heap        ] GC(1276) Eden regions: 713->0(713)
[8107.236s][info][gc,heap        ] GC(1276) Survivor regions: 55->55(96)
[8107.236s][info][gc,heap        ] GC(1276) Old regions: 210->213
[8107.236s][info][gc,heap        ] GC(1276) Humongous regions: 32->32
[8107.236s][info][gc,metaspace   ] GC(1276) Metaspace: 29920K(30464K)->29920K(30464K) NonClass: 26541K(26816K)->26541K(26816K) Class: 3378K(3648K)->3378K(3648K)
[8107.236s][info][gc             ] GC(1276) Pause Young (Normal) (G1 Evacuation Pause) 8051M->2372M(10240M) 174.392ms
[8107.236s][info][gc,cpu         ] GC(1276) User=1.37s Sys=0.00s Real=0.18s
...[8110.715s][info][gc,start       ] GC(1277) Pause Young (Normal) (G1 Evacuation Pause)
[8110.715s][info][gc,task        ] GC(1277) Using 8 workers of 8 for evacuation
[8110.899s][info][gc,phases      ] GC(1277)   Pre Evacuate Collection Set: 0.27ms
[8110.899s][info][gc,phases      ] GC(1277)   Merge Heap Roots: 0.56ms
[8110.899s][info][gc,phases      ] GC(1277)   Evacuate Collection Set: 181.33ms
[8110.899s][info][gc,phases      ] GC(1277)   Post Evacuate Collection Set: 1.24ms
[8110.899s][info][gc,phases      ] GC(1277)   Other: 0.07ms
[8110.899s][info][gc,heap        ] GC(1277) Eden regions: 713->0(664)
[8110.899s][info][gc,heap        ] GC(1277) Survivor regions: 55->57(96)
[8110.899s][info][gc,heap        ] GC(1277) Old regions: 213->215
[8110.899s][info][gc,heap        ] GC(1277) Humongous regions: 32->32
[8110.899s][info][gc,metaspace   ] GC(1277) Metaspace: 29920K(30464K)->29920K(30464K) NonClass: 26541K(26816K)->26541K(26816K) Class: 3378K(3648K)->3378K(3648K)
[8110.899s][info][gc             ] GC(1277) Pause Young (Normal) (G1 Evacuation Pause) 8076M->2405M(10240M) 183.621ms
[8110.899s][info][gc,cpu         ] GC(1277) User=1.45s Sys=0.00s Real=0.18s
....[8114.407s][info][gc,start       ] GC(1278) Pause Young (Normal) (G1 Evacuation Pause)
[8114.407s][info][gc,task        ] GC(1278) Using 8 workers of 8 for evacuation
[8114.577s][info][gc,phases      ] GC(1278)   Pre Evacuate Collection Set: 0.24ms
[8114.577s][info][gc,phases      ] GC(1278)   Merge Heap Roots: 0.53ms
[8114.577s][info][gc,phases      ] GC(1278)   Evacuate Collection Set: 168.27ms
[8114.577s][info][gc,phases      ] GC(1278)   Post Evacuate Collection Set: 1.16ms
[8114.577s][info][gc,phases      ] GC(1278)   Other: 0.07ms
[8114.577s][info][gc,heap        ] GC(1278) Eden regions: 666->0(721)
[8114.577s][info][gc,heap        ] GC(1278) Survivor regions: 57->47(91)
[8114.577s][info][gc,heap        ] GC(1278) Old regions: 215->224
[8114.577s][info][gc,heap        ] GC(1278) Humongous regions: 32->32
[8114.577s][info][gc,metaspace   ] GC(1278) Metaspace: 29920K(30464K)->29920K(30464K) NonClass: 26541K(26816K)->26541K(26816K) Class: 3378K(3648K)->3378K(3648K)
[8114.577s][info][gc             ] GC(1278) Pause Young (Normal) (G1 Evacuation Pause) 7733M->2399M(10240M) 170.409ms
[8114.577s][info][gc,cpu         ] GC(1278) User=1.34s Sys=0.00s Real=0.17s
....[8118.151s][info][gc,start       ] GC(1279) Pause Young (Normal) (G1 Evacuation Pause)
[8118.151s][info][gc,task        ] GC(1279) Using 8 workers of 8 for evacuation
[8118.315s][info][gc,phases      ] GC(1279)   Pre Evacuate Collection Set: 0.26ms
[8118.315s][info][gc,phases      ] GC(1279)   Merge Heap Roots: 0.53ms
[8118.315s][info][gc,phases      ] GC(1279)   Evacuate Collection Set: 160.97ms
[8118.315s][info][gc,phases      ] GC(1279)   Post Evacuate Collection Set: 1.28ms
[8118.315s][info][gc,phases      ] GC(1279)   Other: 0.06ms
[8118.315s][info][gc,heap        ] GC(1279) Eden regions: 721->0(714)
[8118.315s][info][gc,heap        ] GC(1279) Survivor regions: 47->54(96)
[8118.315s][info][gc,heap        ] GC(1279) Old regions: 224->224
[8118.315s][info][gc,heap        ] GC(1279) Humongous regions: 32->32
[8118.315s][info][gc,metaspace   ] GC(1279) Metaspace: 29920K(30464K)->29920K(30464K) NonClass: 26541K(26816K)->26541K(26816K) Class: 3378K(3648K)->3378K(3648K)
[8118.315s][info][gc             ] GC(1279) Pause Young (Normal) (G1 Evacuation Pause) 8167M->2455M(10240M) 163.241ms
[8118.315s][info][gc,cpu         ] GC(1279) User=1.28s Sys=0.00s Real=0.16s
...[8121.807s][info][gc,start       ] GC(1280) Pause Young (Normal) (G1 Evacuation Pause)
[8121.807s][info][gc,task        ] GC(1280) Using 8 workers of 8 for evacuation
[8121.977s][info][gc,phases      ] GC(1280)   Pre Evacuate Collection Set: 0.26ms
[8121.977s][info][gc,phases      ] GC(1280)   Merge Heap Roots: 0.55ms
[8121.977s][info][gc,phases      ] GC(1280)   Evacuate Collection Set: 168.37ms
[8121.977s][info][gc,phases      ] GC(1280)   Post Evacuate Collection Set: 1.24ms
[8121.977s][info][gc,phases      ] GC(1280)   Other: 0.06ms
[8121.977s][info][gc,heap        ] GC(1280) Eden regions: 714->0(714)
[8121.977s][info][gc,heap        ] GC(1280) Survivor regions: 54->54(96)
[8121.977s][info][gc,heap        ] GC(1280) Old regions: 224->227
[8121.977s][info][gc,heap        ] GC(1280) Humongous regions: 32->32
[8121.977s][info][gc,metaspace   ] GC(1280) Metaspace: 29920K(30464K)->29920K(30464K) NonClass: 26541K(26816K)->26541K(26816K) Class: 3378K(3648K)->3378K(3648K)
[8121.977s][info][gc             ] GC(1280) Pause Young (Normal) (G1 Evacuation Pause) 8167M->2479M(10240M) 170.620ms
[8121.977s][info][gc,cpu         ] GC(1280) User=1.34s Sys=0.00s Real=0.17s
....[8125.470s][info][gc,start       ] GC(1281) Pause Young (Normal) (G1 Evacuation Pause)
[8125.470s][info][gc,task        ] GC(1281) Using 8 workers of 8 for evacuation
[8125.640s][info][gc,phases      ] GC(1281)   Pre Evacuate Collection Set: 0.26ms
[8125.640s][info][gc,phases      ] GC(1281)   Merge Heap Roots: 0.63ms
[8125.640s][info][gc,phases      ] GC(1281)   Evacuate Collection Set: 167.08ms
[8125.640s][info][gc,phases      ] GC(1281)   Post Evacuate Collection Set: 1.28ms
[8125.640s][info][gc,phases      ] GC(1281)   Other: 0.06ms
[8125.640s][info][gc,heap        ] GC(1281) Eden regions: 714->0(714)
[8125.640s][info][gc,heap        ] GC(1281) Survivor regions: 54->54(96)
[8125.640s][info][gc,heap        ] GC(1281) Old regions: 227->230
[8125.640s][info][gc,heap        ] GC(1281) Humongous regions: 32->32
[8125.640s][info][gc,metaspace   ] GC(1281) Metaspace: 29920K(30464K)->29920K(30464K) NonClass: 26541K(26816K)->26541K(26816K) Class: 3378K(3648K)->3378K(3648K)
[8125.640s][info][gc             ] GC(1281) Pause Young (Normal) (G1 Evacuation Pause) 8191M->2497M(10240M) 169.461ms
[8125.640s][info][gc,cpu         ] GC(1281) User=1.34s Sys=0.00s Real=0.17s
.... (rIR:aIR:PR = 13422:13537:13045) (tPR = 195679) [PR is under limit] 
  8128s: Performance info:
         Transaction,    Success,    Partial,     Failed,   Receipts, AvgBarcode, 
             Overall,     262093,          0,          0,     249017,      59.47, 
         Response times:
             Request,    Success,    Partial,     Failed,   SkipFail,     Probes,    Samples,      min,      p50,      p90,      p95,      p99,      max, 
       TotalPurchase,     258483,          0,          0,          0,      13915,     175555,   174000,   800000,  1500000,  1700000,  4500000, 60000000,
     InStorePurchase,     136805,          0,          0,          0,       7075,      92413,   174000,   790000,  1500000,  1700000,  5200000, 60000000,
      OnlinePurchase,      94845,          0,          0,          0,       5008,      64723,   176000,   800000,  1500000,  1600000,  3200000, 27000000,
        InstPurchase,      26833,          0,          0,          0,       1832,      18419,   364000,   830000,  1600000,  2000000,  6400000, 25000000,
          AssocOfCat,        266,          0,          0,          0,         91,        394,   417000,   860000,  1200000,  1200000,  1405000,  1500000,
      AssocOfProduct,       2660,          0,          0,          0,        399,       2183,   359000,   930000,  1400000,  1600000,  5700000, 27000000,
      BusinessReport,        684,          0,          0,          0,        136,       1001,   475000,   950000,  1700000,  1890000,  6998000, 25000000,
          CustBuyBeh,       2689,          0,          0,          0,        411,       2242,   361000,   900000,  1300000,  1600000,  2100000,  7500000,
       ProductReturn,       7186,          0,          0,          0,        491,       5124,   359000,   840000,   970000,  1100000,  4200000, 25000000,

  8128s: 
  8128s: Failing in a row, point 3 of 3
  8128s: (98%)   IR =  13560 [8129.098s][info][gc,start       ] GC(1282) Pause Young (Normal) (G1 Evacuation Pause)
[8129.098s][info][gc,task        ] GC(1282) Using 8 workers of 8 for evacuation
[8129.269s][info][gc,phases      ] GC(1282)   Pre Evacuate Collection Set: 0.27ms
[8129.269s][info][gc,phases      ] GC(1282)   Merge Heap Roots: 0.55ms
[8129.269s][info][gc,phases      ] GC(1282)   Evacuate Collection Set: 168.61ms
[8129.269s][info][gc,phases      ] GC(1282)   Post Evacuate Collection Set: 1.25ms
[8129.269s][info][gc,phases      ] GC(1282)   Other: 0.06ms
[8129.269s][info][gc,heap        ] GC(1282) Eden regions: 714->0(715)
[8129.269s][info][gc,heap        ] GC(1282) Survivor regions: 54->53(96)
[8129.269s][info][gc,heap        ] GC(1282) Old regions: 230->232
[8129.269s][info][gc,heap        ] GC(1282) Humongous regions: 32->32
[8129.269s][info][gc,metaspace   ] GC(1282) Metaspace: 29920K(30464K)->29920K(30464K) NonClass: 26541K(26816K)->26541K(26816K) Class: 3378K(3648K)->3378K(3648K)
[8129.269s][info][gc             ] GC(1282) Pause Young (Normal) (G1 Evacuation Pause) 8209M->2515M(10240M) 170.887ms
[8129.269s][info][gc,cpu         ] GC(1282) User=1.34s Sys=0.00s Real=0.17s
...[8132.721s][info][gc,start       ] GC(1283) Pause Young (Normal) (G1 Evacuation Pause)
[8132.722s][info][gc,task        ] GC(1283) Using 8 workers of 8 for evacuation
[8132.904s][info][gc,phases      ] GC(1283)   Pre Evacuate Collection Set: 0.27ms
[8132.904s][info][gc,phases      ] GC(1283)   Merge Heap Roots: 0.54ms
[8132.904s][info][gc,phases      ] GC(1283)   Evacuate Collection Set: 180.38ms
[8132.904s][info][gc,phases      ] GC(1283)   Post Evacuate Collection Set: 1.27ms
[8132.904s][info][gc,phases      ] GC(1283)   Other: 0.06ms
[8132.904s][info][gc,heap        ] GC(1283) Eden regions: 715->0(665)
[8132.904s][info][gc,heap        ] GC(1283) Survivor regions: 53->58(96)
[8132.904s][info][gc,heap        ] GC(1283) Old regions: 232->235
[8132.904s][info][gc,heap        ] GC(1283) Humongous regions: 32->32
[8132.904s][info][gc,metaspace   ] GC(1283) Metaspace: 29920K(30464K)->29920K(30464K) NonClass: 26541K(26816K)->26541K(26816K) Class: 3378K(3648K)->3378K(3648K)
[8132.904s][info][gc             ] GC(1283) Pause Young (Normal) (G1 Evacuation Pause) 8235M->2571M(10240M) 182.690ms
[8132.904s][info][gc,cpu         ] GC(1283) User=1.44s Sys=0.00s Real=0.18s
....[8136.124s][info][gc,start       ] GC(1284) Pause Young (Normal) (G1 Evacuation Pause)
[8136.124s][info][gc,task        ] GC(1284) Using 8 workers of 8 for evacuation
[8136.299s][info][gc,phases      ] GC(1284)   Pre Evacuate Collection Set: 0.26ms
[8136.299s][info][gc,phases      ] GC(1284)   Merge Heap Roots: 0.53ms
[8136.299s][info][gc,phases      ] GC(1284)   Evacuate Collection Set: 172.68ms
[8136.299s][info][gc,phases      ] GC(1284)   Post Evacuate Collection Set: 1.19ms
[8136.299s][info][gc,phases      ] GC(1284)   Other: 0.06ms
[8136.299s][info][gc,heap        ] GC(1284) Eden regions: 669->0(719)
[8136.299s][info][gc,heap        ] GC(1284) Survivor regions: 58->49(91)
[8136.299s][info][gc,heap        ] GC(1284) Old regions: 235->243
[8136.299s][info][gc,heap        ] GC(1284) Humongous regions: 32->32
[8136.299s][info][gc,metaspace   ] GC(1284) Metaspace: 29920K(30464K)->29920K(30464K) NonClass: 26541K(26816K)->26541K(26816K) Class: 3378K(3648K)->3378K(3648K)
[8136.299s][info][gc             ] GC(1284) Pause Young (Normal) (G1 Evacuation Pause) 7923M->2570M(10240M) 174.861ms
[8136.299s][info][gc,cpu         ] GC(1284) User=1.38s Sys=0.00s Real=0.18s
...[8139.773s][info][gc,start       ] GC(1285) Pause Young (Normal) (G1 Evacuation Pause)
[8139.773s][info][gc,task        ] GC(1285) Using 8 workers of 8 for evacuation
[8139.929s][info][gc,phases      ] GC(1285)   Pre Evacuate Collection Set: 0.28ms
[8139.929s][info][gc,phases      ] GC(1285)   Merge Heap Roots: 0.55ms
[8139.929s][info][gc,phases      ] GC(1285)   Evacuate Collection Set: 154.01ms
[8139.929s][info][gc,phases      ] GC(1285)   Post Evacuate Collection Set: 1.25ms
[8139.929s][info][gc,phases      ] GC(1285)   Other: 0.07ms
[8139.929s][info][gc,heap        ] GC(1285) Eden regions: 719->0(717)
[8139.929s][info][gc,heap        ] GC(1285) Survivor regions: 49->51(96)
[8139.929s][info][gc,heap        ] GC(1285) Old regions: 243->243
[8139.929s][info][gc,heap        ] GC(1285) Humongous regions: 32->32
[8139.929s][info][gc,metaspace   ] GC(1285) Metaspace: 29920K(30464K)->29920K(30464K) NonClass: 26541K(26816K)->26541K(26816K) Class: 3378K(3648K)->3378K(3648K)
[8139.929s][info][gc             ] GC(1285) Pause Young (Normal) (G1 Evacuation Pause) 8322M->2586M(10240M) 156.282ms
[8139.929s][info][gc,cpu         ] GC(1285) User=1.23s Sys=0.00s Real=0.16s
....[8143.588s][info][gc,start       ] GC(1286) Pause Young (Normal) (G1 Evacuation Pause)
[8143.588s][info][gc,task        ] GC(1286) Using 8 workers of 8 for evacuation
[8143.760s][info][gc,phases      ] GC(1286)   Pre Evacuate Collection Set: 0.25ms
[8143.760s][info][gc,phases      ] GC(1286)   Merge Heap Roots: 0.56ms
[8143.760s][info][gc,phases      ] GC(1286)   Evacuate Collection Set: 170.21ms
[8143.760s][info][gc,phases      ] GC(1286)   Post Evacuate Collection Set: 1.26ms
[8143.760s][info][gc,phases      ] GC(1286)   Other: 0.07ms
[8143.760s][info][gc,heap        ] GC(1286) Eden regions: 717->0(714)
[8143.760s][info][gc,heap        ] GC(1286) Survivor regions: 51->54(96)
[8143.760s][info][gc,heap        ] GC(1286) Old regions: 243->246
[8143.760s][info][gc,heap        ] GC(1286) Humongous regions: 32->32
[8143.760s][info][gc,metaspace   ] GC(1286) Metaspace: 29920K(30464K)->29920K(30464K) NonClass: 26541K(26816K)->26541K(26816K) Class: 3378K(3648K)->3378K(3648K)
[8143.760s][info][gc             ] GC(1286) Pause Young (Normal) (G1 Evacuation Pause) 8322M->2632M(10240M) 172.477ms
[8143.760s][info][gc,cpu         ] GC(1286) User=1.36s Sys=0.00s Real=0.17s
....[8147.348s][info][gc,start       ] GC(1287) Pause Young (Normal) (G1 Evacuation Pause)
[8147.348s][info][gc,task        ] GC(1287) Using 8 workers of 8 for evacuation
[8147.517s][info][gc,phases      ] GC(1287)   Pre Evacuate Collection Set: 0.25ms
[8147.517s][info][gc,phases      ] GC(1287)   Merge Heap Roots: 0.56ms
[8147.517s][info][gc,phases      ] GC(1287)   Evacuate Collection Set: 166.31ms
[8147.517s][info][gc,phases      ] GC(1287)   Post Evacuate Collection Set: 1.26ms
[8147.517s][info][gc,phases      ] GC(1287)   Other: 0.07ms
[8147.517s][info][gc,heap        ] GC(1287) Eden regions: 714->0(714)
[8147.517s][info][gc,heap        ] GC(1287) Survivor regions: 54->54(96)
[8147.517s][info][gc,heap        ] GC(1287) Old regions: 246->249
[8147.517s][info][gc,heap        ] GC(1287) Humongous regions: 32->32
[8147.517s][info][gc,metaspace   ] GC(1287) Metaspace: 29920K(30464K)->29920K(30464K) NonClass: 26541K(26816K)->26541K(26816K) Class: 3378K(3648K)->3378K(3648K)
[8147.517s][info][gc             ] GC(1287) Pause Young (Normal) (G1 Evacuation Pause) 8344M->2649M(10240M) 168.593ms
[8147.517s][info][gc,cpu         ] GC(1287) User=1.32s Sys=0.00s Real=0.17s
....[8151.069s][info][gc,start       ] GC(1288) Pause Young (Normal) (G1 Evacuation Pause)
[8151.069s][info][gc,task        ] GC(1288) Using 8 workers of 8 for evacuation
[8151.245s][info][gc,phases      ] GC(1288)   Pre Evacuate Collection Set: 0.26ms
[8151.245s][info][gc,phases      ] GC(1288)   Merge Heap Roots: 0.56ms
[8151.245s][info][gc,phases      ] GC(1288)   Evacuate Collection Set: 174.17ms
[8151.245s][info][gc,phases      ] GC(1288)   Post Evacuate Collection Set: 1.25ms
[8151.245s][info][gc,phases      ] GC(1288)   Other: 0.06ms
[8151.245s][info][gc,heap        ] GC(1288) Eden regions: 714->0(713)
[8151.245s][info][gc,heap        ] GC(1288) Survivor regions: 54->55(96)
[8151.245s][info][gc,heap        ] GC(1288) Old regions: 249->251
[8151.245s][info][gc,heap        ] GC(1288) Humongous regions: 32->32
[8151.245s][info][gc,metaspace   ] GC(1288) Metaspace: 29920K(30464K)->29920K(30464K) NonClass: 26541K(26816K)->26541K(26816K) Class: 3378K(3648K)->3378K(3648K)
[8151.245s][info][gc             ] GC(1288) Pause Young (Normal) (G1 Evacuation Pause) 8361M->2683M(10240M) 176.435ms
[8151.245s][info][gc,cpu         ] GC(1288) User=1.39s Sys=0.00s Real=0.18s
...[8154.738s][info][gc,start       ] GC(1289) Pause Young (Normal) (G1 Evacuation Pause)
[8154.738s][info][gc,task        ] GC(1289) Using 8 workers of 8 for evacuation
[8154.924s][info][gc,phases      ] GC(1289)   Pre Evacuate Collection Set: 0.25ms
[8154.924s][info][gc,phases      ] GC(1289)   Merge Heap Roots: 0.55ms
[8154.924s][info][gc,phases      ] GC(1289)   Evacuate Collection Set: 184.40ms
[8154.924s][info][gc,phases      ] GC(1289)   Post Evacuate Collection Set: 1.29ms
[8154.924s][info][gc,phases      ] GC(1289)   Other: 0.07ms
[8154.924s][info][gc,heap        ] GC(1289) Eden regions: 713->0(637)
[8154.924s][info][gc,heap        ] GC(1289) Survivor regions: 55->59(96)
[8154.924s][info][gc,heap        ] GC(1289) Old regions: 251->254
[8154.924s][info][gc,heap        ] GC(1289) Humongous regions: 32->32
[8154.924s][info][gc,metaspace   ] GC(1289) Metaspace: 29920K(30464K)->29920K(30464K) NonClass: 26541K(26816K)->26541K(26816K) Class: 3378K(3648K)->3378K(3648K)
[8154.924s][info][gc             ] GC(1289) Pause Young (Normal) (G1 Evacuation Pause) 8387M->2732M(10240M) 186.700ms
[8154.924s][info][gc,cpu         ] GC(1289) User=1.47s Sys=0.00s Real=0.18s
....[8158.092s][info][gc,start       ] GC(1290) Pause Young (Normal) (G1 Evacuation Pause)
[8158.092s][info][gc,task        ] GC(1290) Using 8 workers of 8 for evacuation
[8158.274s][info][gc,phases      ] GC(1290)   Pre Evacuate Collection Set: 0.24ms
[8158.274s][info][gc,phases      ] GC(1290)   Merge Heap Roots: 0.57ms
[8158.274s][info][gc,phases      ] GC(1290)   Evacuate Collection Set: 179.56ms
[8158.274s][info][gc,phases      ] GC(1290)   Post Evacuate Collection Set: 1.19ms
[8158.274s][info][gc,phases      ] GC(1290)   Other: 0.06ms
[8158.274s][info][gc,heap        ] GC(1290) Eden regions: 636->0(718)
[8158.274s][info][gc,heap        ] GC(1290) Survivor regions: 59->50(87)
[8158.274s][info][gc,heap        ] GC(1290) Old regions: 254->263
[8158.274s][info][gc,heap        ] GC(1290) Humongous regions: 32->32
[8158.274s][info][gc,metaspace   ] GC(1290) Metaspace: 29920K(30464K)->29920K(30464K) NonClass: 26541K(26816K)->26541K(26816K) Class: 3378K(3648K)->3378K(3648K)
[8158.274s][info][gc             ] GC(1290) Pause Young (Normal) (G1 Evacuation Pause) 7820M->2736M(10240M) 181.780ms
[8158.274s][info][gc,cpu         ] GC(1290) User=1.43s Sys=0.00s Real=0.18s
. (rIR:aIR:PR = 13560:13475:12947) (tPR = 194343) [PR is under limit] 
  8158s: Performance info:
         Transaction,    Success,    Partial,     Failed,   Receipts, AvgBarcode, 
             Overall,     259085,          0,          0,     246207,      59.47, 
         Response times:
             Request,    Success,    Partial,     Failed,   SkipFail,     Probes,    Samples,      min,      p50,      p90,      p95,      p99,      max, 
       TotalPurchase,     256082,          0,          0,          0,      14045,     179322,    88000,   940000,  3400000,  6700000, 17000000, 51000000,
     InStorePurchase,     133085,          0,          0,          0,       7233,      93945,    90000,   940000,  4400000,  7600000, 21000000, 51000000,
      OnlinePurchase,      95331,          0,          0,          0,       5288,      66070,    88000,   930000,  2800000,  3500000,  8500000, 26000000,
        InstPurchase,      27666,          0,          0,          0,       1524,      19307,    89000,   970000,  6000000,  7500000, 22000000, 27000000,
          AssocOfCat,        276,          0,          0,          0,        133,        408,   215000,   820000,  3900000,  5210000, 11910000, 60000000,
      AssocOfProduct,       2771,          0,          0,          0,        278,       2238,   170000,  1200000, 12000000, 14000000, 15000000, 58000000,
      BusinessReport,        681,          0,          0,          0,         57,        956,   163000,  1100000,  1500000,  1600000,  1600000,  8900000,
          CustBuyBeh,       2666,          0,          0,          0,        294,       2274,   163000,  1000000,  1500000,  1600000,  1700000, 56000000,
       ProductReturn,       7179,          0,          0,          0,        435,       5267,    92000,  1200000,  2400000,  4800000, 14000000, 58000000,

  8158s: Ending RT curve measurement because max-jOPS reached (too many failed points in a row)
  8158s: max-jOPS is presumably 13007
  8158s: 
  8158s: Settling (term) [8159.203s][info][gc,start       ] GC(1291) Pause Full (System.gc())
[8159.203s][info][gc,task        ] GC(1291) Using 8 workers of 8 for full compaction
[8159.203s][info][gc,phases,start] GC(1291) Phase 1: Mark live objects
[8159.219s][info][gc,phases      ] GC(1291) Phase 1: Mark live objects 16.209ms
[8159.219s][info][gc,phases,start] GC(1291) Phase 2: Prepare compaction
[8159.225s][info][gc,phases      ] GC(1291) Phase 2: Prepare compaction 5.325ms
[8159.225s][info][gc,phases,start] GC(1291) Phase 3: Adjust pointers
[8159.237s][info][gc,phases      ] GC(1291) Phase 3: Adjust pointers 12.174ms
[8159.237s][info][gc,phases,start] GC(1291) Phase 4: Compact heap
[8159.243s][info][gc,phases      ] GC(1291) Phase 4: Compact heap 5.557ms
[8159.243s][info][gc,phases,start] GC(1291) Phase 5: Reset Metadata
[8159.247s][info][gc,phases      ] GC(1291) Phase 5: Reset Metadata 3.979ms
[8159.257s][info][gc,heap        ] GC(1291) Eden regions: 183->0(768)
[8159.257s][info][gc,heap        ] GC(1291) Survivor regions: 50->0(87)
[8159.257s][info][gc,heap        ] GC(1291) Old regions: 263->13
[8159.257s][info][gc,heap        ] GC(1291) Humongous regions: 32->32
[8159.257s][info][gc,metaspace   ] GC(1291) Metaspace: 29921K(30464K)->29921K(30464K) NonClass: 26542K(26816K)->26542K(26816K) Class: 3378K(3648K)->3378K(3648K)
[8159.257s][info][gc             ] GC(1291) Pause Full (System.gc()) 4192M->325M(10240M) 53.599ms
[8159.257s][info][gc,cpu         ] GC(1291) User=0.35s Sys=0.00s Real=0.06s
(init) ... OK
  8164s: 
  8164s: Running for validation
  8164s: (load =  0%) ...|.......... (rIR:aIR:PR = 0:0:0) (tPR = 0) [OK] 
  8177s: (load = 10%) ....|.......... (rIR:aIR:PR = 1301:1297:1297) (tPR = 19773) [OK] 
  8191s: (load = 20%) [8192.636s][info][gc,start       ] GC(1292) Pause Young (Normal) (G1 Evacuation Pause)
[8192.636s][info][gc,task        ] GC(1292) Using 8 workers of 8 for evacuation
[8193.366s][info][gc,mmu         ] GC(1292) MMU target violated: 201.0ms (200.0ms/201.0ms)
[8193.366s][info][gc,phases      ] GC(1292)   Pre Evacuate Collection Set: 0.25ms
[8193.366s][info][gc,phases      ] GC(1292)   Merge Heap Roots: 0.98ms
[8193.366s][info][gc,phases      ] GC(1292)   Evacuate Collection Set: 727.04ms
[8193.366s][info][gc,phases      ] GC(1292)   Post Evacuate Collection Set: 1.54ms
[8193.366s][info][gc,phases      ] GC(1292)   Other: 0.11ms
[8193.366s][info][gc,heap        ] GC(1292) Eden regions: 768->0(368)
[8193.366s][info][gc,heap        ] GC(1292) Survivor regions: 0->96(96)
[8193.366s][info][gc,heap        ] GC(1292) Old regions: 13->66
[8193.366s][info][gc,heap        ] GC(1292) Humongous regions: 85->80
[8193.366s][info][gc,metaspace   ] GC(1292) Metaspace: 29929K(30464K)->29929K(30464K) NonClass: 26550K(26816K)->26550K(26816K) Class: 3379K(3648K)->3379K(3648K)
[8193.366s][info][gc             ] GC(1292) Pause Young (Normal) (G1 Evacuation Pause) 6893M->1897M(10240M) 730.067ms
[8193.366s][info][gc,cpu         ] GC(1292) User=5.76s Sys=0.00s Real=0.73s
.........[8202.022s][info][gc,start       ] GC(1293) Pause Young (Normal) (G1 Evacuation Pause)
[8202.022s][info][gc,task        ] GC(1293) Using 8 workers of 8 for evacuation
[8202.441s][info][gc,mmu         ] GC(1293) MMU target violated: 201.0ms (200.0ms/201.0ms)
[8202.441s][info][gc,phases      ] GC(1293)   Pre Evacuate Collection Set: 0.26ms
[8202.441s][info][gc,phases      ] GC(1293)   Merge Heap Roots: 0.82ms
[8202.441s][info][gc,phases      ] GC(1293)   Evacuate Collection Set: 417.48ms
[8202.441s][info][gc,phases      ] GC(1293)   Post Evacuate Collection Set: 0.80ms
[8202.441s][info][gc,phases      ] GC(1293)   Other: 0.10ms
[8202.441s][info][gc,heap        ] GC(1293) Eden regions: 365->0(253)
[8202.441s][info][gc,heap        ] GC(1293) Survivor regions: 96->22(58)
[8202.441s][info][gc,heap        ] GC(1293) Old regions: 66->159
[8202.441s][info][gc,heap        ] GC(1293) Humongous regions: 80->80
[8202.441s][info][gc,metaspace   ] GC(1293) Metaspace: 29929K(30464K)->29929K(30464K) NonClass: 26550K(26816K)->26550K(26816K) Class: 3379K(3648K)->3379K(3648K)
[8202.441s][info][gc             ] GC(1293) Pause Young (Normal) (G1 Evacuation Pause) 4817M->2053M(10240M) 419.581ms
[8202.441s][info][gc,cpu         ] GC(1293) User=3.30s Sys=0.00s Real=0.42s
........|.[8210.496s][info][gc,start       ] GC(1294) Pause Young (Normal) (G1 Evacuation Pause)
[8210.496s][info][gc,task        ] GC(1294) Using 8 workers of 8 for evacuation
[8210.598s][info][gc,phases      ] GC(1294)   Pre Evacuate Collection Set: 0.26ms
[8210.598s][info][gc,phases      ] GC(1294)   Merge Heap Roots: 0.47ms
[8210.598s][info][gc,phases      ] GC(1294)   Evacuate Collection Set: 100.38ms
[8210.598s][info][gc,phases      ] GC(1294)   Post Evacuate Collection Set: 0.77ms
[8210.598s][info][gc,phases      ] GC(1294)   Other: 0.06ms
[8210.598s][info][gc,heap        ] GC(1294) Eden regions: 327->0(180)
[8210.598s][info][gc,heap        ] GC(1294) Survivor regions: 22->33(44)
[8210.598s][info][gc,heap        ] GC(1294) Old regions: 159->159
[8210.598s][info][gc,heap        ] GC(1294) Humongous regions: 80->80
[8210.598s][info][gc,metaspace   ] GC(1294) Metaspace: 29929K(30464K)->29929K(30464K) NonClass: 26550K(26816K)->26550K(26816K) Class: 3379K(3648K)->3379K(3648K)
[8210.598s][info][gc             ] GC(1294) Pause Young (Normal) (G1 Evacuation Pause) 4669M->2141M(10240M) 102.065ms
[8210.598s][info][gc,cpu         ] GC(1294) User=0.80s Sys=0.00s Real=0.10s
......[8217.129s][info][gc,start       ] GC(1295) Pause Young (Normal) (G1 Evacuation Pause)
[8217.129s][info][gc,task        ] GC(1295) Using 8 workers of 8 for evacuation
[8217.244s][info][gc,phases      ] GC(1295)   Pre Evacuate Collection Set: 0.28ms
[8217.244s][info][gc,phases      ] GC(1295)   Merge Heap Roots: 0.44ms
[8217.244s][info][gc,phases      ] GC(1295)   Evacuate Collection Set: 113.51ms
[8217.244s][info][gc,phases      ] GC(1295)   Post Evacuate Collection Set: 0.65ms
[8217.244s][info][gc,phases      ] GC(1295)   Other: 0.06ms
[8217.244s][info][gc,heap        ] GC(1295) Eden regions: 260->0(316)
[8217.244s][info][gc,heap        ] GC(1295) Survivor regions: 33->30(37)
[8217.244s][info][gc,heap        ] GC(1295) Old regions: 159->170
[8217.244s][info][gc,heap        ] GC(1295) Humongous regions: 80->80
[8217.244s][info][gc,metaspace   ] GC(1295) Metaspace: 29930K(30464K)->29930K(30464K) NonClass: 26550K(26816K)->26550K(26816K) Class: 3379K(3648K)->3379K(3648K)
[8217.244s][info][gc             ] GC(1295) Pause Young (Normal) (G1 Evacuation Pause) 4221M->2204M(10240M) 115.073ms
[8217.244s][info][gc,cpu         ] GC(1295) User=0.91s Sys=0.00s Real=0.11s
... (rIR:aIR:PR = 2601:2598:2598) (tPR = 38903) [OK] 
  8219s: (load = 30%) ....|[8223.758s][info][gc,start       ] GC(1296) Pause Young (Normal) (G1 Evacuation Pause)
[8223.758s][info][gc,task        ] GC(1296) Using 8 workers of 8 for evacuation
[8223.875s][info][gc,phases      ] GC(1296)   Pre Evacuate Collection Set: 0.25ms
[8223.875s][info][gc,phases      ] GC(1296)   Merge Heap Roots: 0.40ms
[8223.875s][info][gc,phases      ] GC(1296)   Evacuate Collection Set: 115.82ms
[8223.875s][info][gc,phases      ] GC(1296)   Post Evacuate Collection Set: 0.77ms
[8223.875s][info][gc,phases      ] GC(1296)   Other: 0.07ms
[8223.875s][info][gc,heap        ] GC(1296) Eden regions: 335->0(351)
[8223.875s][info][gc,heap        ] GC(1296) Survivor regions: 30->30(46)
[8223.875s][info][gc,heap        ] GC(1296) Old regions: 170->180
[8223.875s][info][gc,heap        ] GC(1296) Humongous regions: 80->80
[8223.875s][info][gc,metaspace   ] GC(1296) Metaspace: 29930K(30464K)->29930K(30464K) NonClass: 26550K(26816K)->26550K(26816K) Class: 3379K(3648K)->3379K(3648K)
[8223.875s][info][gc             ] GC(1296) Pause Young (Normal) (G1 Evacuation Pause) 4884M->2284M(10240M) 117.454ms
[8223.875s][info][gc,cpu         ] GC(1296) User=0.93s Sys=0.00s Real=0.12s
......[8230.143s][info][gc,start       ] GC(1297) Pause Young (Normal) (G1 Evacuation Pause)
[8230.143s][info][gc,task        ] GC(1297) Using 8 workers of 8 for evacuation
[8230.259s][info][gc,phases      ] GC(1297)   Pre Evacuate Collection Set: 0.24ms
[8230.259s][info][gc,phases      ] GC(1297)   Merge Heap Roots: 0.39ms
[8230.259s][info][gc,phases      ] GC(1297)   Evacuate Collection Set: 114.32ms
[8230.259s][info][gc,phases      ] GC(1297)   Post Evacuate Collection Set: 0.86ms
[8230.259s][info][gc,phases      ] GC(1297)   Other: 0.05ms
[8230.259s][info][gc,heap        ] GC(1297) Eden regions: 368->0(413)
[8230.259s][info][gc,heap        ] GC(1297) Survivor regions: 30->33(50)
[8230.259s][info][gc,heap        ] GC(1297) Old regions: 180->187
[8230.259s][info][gc,heap        ] GC(1297) Humongous regions: 80->80
[8230.259s][info][gc,metaspace   ] GC(1297) Metaspace: 29930K(30464K)->29930K(30464K) NonClass: 26550K(26816K)->26550K(26816K) Class: 3379K(3648K)->3379K(3648K)
[8230.259s][info][gc             ] GC(1297) Pause Young (Normal) (G1 Evacuation Pause) 5228M->2358M(10240M) 116.032ms
[8230.259s][info][gc,cpu         ] GC(1297) User=0.91s Sys=0.01s Real=0.12s
.... (rIR:aIR:PR = 3902:3906:3906) (tPR = 57559) [OK] 
  8233s: (load = 40%) ...[8236.769s][info][gc,start       ] GC(1298) Pause Young (Normal) (G1 Evacuation Pause)
[8236.769s][info][gc,task        ] GC(1298) Using 8 workers of 8 for evacuation
[8236.896s][info][gc,phases      ] GC(1298)   Pre Evacuate Collection Set: 0.29ms
[8236.896s][info][gc,phases      ] GC(1298)   Merge Heap Roots: 0.46ms
[8236.896s][info][gc,phases      ] GC(1298)   Evacuate Collection Set: 125.61ms
[8236.896s][info][gc,phases      ] GC(1298)   Post Evacuate Collection Set: 0.89ms
[8236.896s][info][gc,phases      ] GC(1298)   Other: 0.06ms
[8236.896s][info][gc,heap        ] GC(1298) Eden regions: 441->0(450)
[8236.896s][info][gc,heap        ] GC(1298) Survivor regions: 33->37(60)
[8236.896s][info][gc,heap        ] GC(1298) Old regions: 187->194
[8236.896s][info][gc,heap        ] GC(1298) Humongous regions: 80->80
[8236.896s][info][gc,metaspace   ] GC(1298) Metaspace: 29930K(30464K)->29930K(30464K) NonClass: 26550K(26816K)->26550K(26816K) Class: 3379K(3648K)->3379K(3648K)
[8236.896s][info][gc             ] GC(1298) Pause Young (Normal) (G1 Evacuation Pause) 5886M->2449M(10240M) 127.448ms
[8236.896s][info][gc,cpu         ] GC(1298) User=1.00s Sys=0.00s Real=0.13s
.|.....[8242.883s][info][gc,start       ] GC(1299) Pause Young (Normal) (G1 Evacuation Pause)
[8242.883s][info][gc,task        ] GC(1299) Using 8 workers of 8 for evacuation
[8243.018s][info][gc,phases      ] GC(1299)   Pre Evacuate Collection Set: 0.26ms
[8243.018s][info][gc,phases      ] GC(1299)   Merge Heap Roots: 0.43ms
[8243.018s][info][gc,phases      ] GC(1299)   Evacuate Collection Set: 133.44ms
[8243.018s][info][gc,phases      ] GC(1299)   Post Evacuate Collection Set: 0.93ms
[8243.018s][info][gc,phases      ] GC(1299)   Other: 0.05ms
[8243.018s][info][gc,heap        ] GC(1299) Eden regions: 461->0(484)
[8243.018s][info][gc,heap        ] GC(1299) Survivor regions: 37->39(63)
[8243.018s][info][gc,heap        ] GC(1299) Old regions: 194->201
[8243.018s][info][gc,heap        ] GC(1299) Humongous regions: 80->80
[8243.018s][info][gc,metaspace   ] GC(1299) Metaspace: 29930K(30464K)->29930K(30464K) NonClass: 26550K(26816K)->26550K(26816K) Class: 3379K(3648K)->3379K(3648K)
[8243.018s][info][gc             ] GC(1299) Pause Young (Normal) (G1 Evacuation Pause) 6137M->2521M(10240M) 135.233ms
[8243.018s][info][gc,cpu         ] GC(1299) User=1.06s Sys=0.00s Real=0.14s
..... (rIR:aIR:PR = 5203:5193:5193) (tPR = 76317) [OK] 
  8247s: (load = 50%) .[8248.907s][info][gc,start       ] GC(1300) Pause Young (Normal) (G1 Evacuation Pause)
[8248.907s][info][gc,task        ] GC(1300) Using 8 workers of 8 for evacuation
[8249.046s][info][gc,phases      ] GC(1300)   Pre Evacuate Collection Set: 0.25ms
[8249.046s][info][gc,phases      ] GC(1300)   Merge Heap Roots: 0.46ms
[8249.046s][info][gc,phases      ] GC(1300)   Evacuate Collection Set: 137.51ms
[8249.046s][info][gc,phases      ] GC(1300)   Post Evacuate Collection Set: 0.95ms
[8249.046s][info][gc,phases      ] GC(1300)   Other: 0.06ms
[8249.046s][info][gc,heap        ] GC(1300) Eden regions: 492->0(538)
[8249.046s][info][gc,heap        ] GC(1300) Survivor regions: 39->40(67)
[8249.046s][info][gc,heap        ] GC(1300) Old regions: 201->209
[8249.046s][info][gc,heap        ] GC(1300) Humongous regions: 80->80
[8249.046s][info][gc,metaspace   ] GC(1300) Metaspace: 29930K(30464K)->29930K(30464K) NonClass: 26550K(26816K)->26550K(26816K) Class: 3379K(3648K)->3379K(3648K)
[8249.046s][info][gc             ] GC(1300) Pause Young (Normal) (G1 Evacuation Pause) 6457M->2590M(10240M) 139.372ms
[8249.046s][info][gc,cpu         ] GC(1300) User=1.10s Sys=0.00s Real=0.14s
...|...[8254.633s][info][gc,start       ] GC(1301) Pause Young (Normal) (G1 Evacuation Pause)
[8254.633s][info][gc,task        ] GC(1301) Using 8 workers of 8 for evacuation
[8254.774s][info][gc,phases      ] GC(1301)   Pre Evacuate Collection Set: 0.26ms
[8254.774s][info][gc,phases      ] GC(1301)   Merge Heap Roots: 0.52ms
[8254.774s][info][gc,phases      ] GC(1301)   Evacuate Collection Set: 139.30ms
[8254.774s][info][gc,phases      ] GC(1301)   Post Evacuate Collection Set: 1.00ms
[8254.774s][info][gc,phases      ] GC(1301)   Other: 0.06ms
[8254.774s][info][gc,heap        ] GC(1301) Eden regions: 541->0(582)
[8254.774s][info][gc,heap        ] GC(1301) Survivor regions: 40->41(73)
[8254.774s][info][gc,heap        ] GC(1301) Old regions: 209->216
[8254.774s][info][gc,heap        ] GC(1301) Humongous regions: 80->80
[8254.774s][info][gc,metaspace   ] GC(1301) Metaspace: 29931K(30464K)->29931K(30464K) NonClass: 26552K(26816K)->26552K(26816K) Class: 3379K(3648K)->3379K(3648K)
[8254.774s][info][gc             ] GC(1301) Pause Young (Normal) (G1 Evacuation Pause) 6918M->2658M(10240M) 141.276ms
[8254.774s][info][gc,cpu         ] GC(1301) User=1.10s Sys=0.01s Real=0.14s
......[8260.802s][info][gc,start       ] GC(1302) Pause Young (Normal) (G1 Evacuation Pause)
[8260.802s][info][gc,task        ] GC(1302) Using 8 workers of 8 for evacuation
[8260.948s][info][gc,phases      ] GC(1302)   Pre Evacuate Collection Set: 0.28ms
[8260.948s][info][gc,phases      ] GC(1302)   Merge Heap Roots: 0.49ms
[8260.948s][info][gc,phases      ] GC(1302)   Evacuate Collection Set: 143.68ms
[8260.948s][info][gc,phases      ] GC(1302)   Post Evacuate Collection Set: 1.10ms
[8260.948s][info][gc,phases      ] GC(1302)   Other: 0.06ms
[8260.948s][info][gc,heap        ] GC(1302) Eden regions: 582->0(554)
[8260.948s][info][gc,heap        ] GC(1302) Survivor regions: 41->48(78)
[8260.948s][info][gc,heap        ] GC(1302) Old regions: 216->216
[8260.948s][info][gc,heap        ] GC(1302) Humongous regions: 80->80
[8260.948s][info][gc,metaspace   ] GC(1302) Metaspace: 29931K(30464K)->29931K(30464K) NonClass: 26552K(26816K)->26552K(26816K) Class: 3379K(3648K)->3379K(3648K)
[8260.948s][info][gc             ] GC(1302) Pause Young (Normal) (G1 Evacuation Pause) 7314M->2710M(10240M) 145.746ms
[8260.948s][info][gc,cpu         ] GC(1302) User=1.14s Sys=0.00s Real=0.15s
. (rIR:aIR:PR = 6504:6493:6493) (tPR = 96939) [OK] 
  8261s: (load = 60%) ....|[8265.664s][info][gc,start       ] GC(1303) Pause Young (Normal) (G1 Evacuation Pause)
[8265.665s][info][gc,task        ] GC(1303) Using 8 workers of 8 for evacuation
[8265.824s][info][gc,phases      ] GC(1303)   Pre Evacuate Collection Set: 0.31ms
[8265.824s][info][gc,phases      ] GC(1303)   Merge Heap Roots: 0.53ms
[8265.824s][info][gc,phases      ] GC(1303)   Evacuate Collection Set: 157.57ms
[8265.824s][info][gc,phases      ] GC(1303)   Post Evacuate Collection Set: 1.03ms
[8265.824s][info][gc,phases      ] GC(1303)   Other: 0.07ms
[8265.824s][info][gc,heap        ] GC(1303) Eden regions: 549->0(653)
[8265.824s][info][gc,heap        ] GC(1303) Survivor regions: 48->43(75)
[8265.824s][info][gc,heap        ] GC(1303) Old regions: 216->226
[8265.824s][info][gc,heap        ] GC(1303) Humongous regions: 80->80
[8265.824s][info][gc,metaspace   ] GC(1303) Metaspace: 29931K(30464K)->29931K(30464K) NonClass: 26552K(26816K)->26552K(26816K) Class: 3379K(3648K)->3379K(3648K)
[8265.824s][info][gc             ] GC(1303) Pause Young (Normal) (G1 Evacuation Pause) 7102M->2752M(10240M) 159.649ms
[8265.824s][info][gc,cpu         ] GC(1303) User=1.26s Sys=0.00s Real=0.16s
.....[8271.374s][info][gc,start       ] GC(1304) Pause Young (Normal) (G1 Evacuation Pause)
[8271.374s][info][gc,task        ] GC(1304) Using 8 workers of 8 for evacuation
[8271.524s][info][gc,phases      ] GC(1304)   Pre Evacuate Collection Set: 0.31ms
[8271.524s][info][gc,phases      ] GC(1304)   Merge Heap Roots: 0.48ms
[8271.524s][info][gc,phases      ] GC(1304)   Evacuate Collection Set: 148.65ms
[8271.524s][info][gc,phases      ] GC(1304)   Post Evacuate Collection Set: 1.13ms
[8271.524s][info][gc,phases      ] GC(1304)   Other: 0.07ms
[8271.524s][info][gc,heap        ] GC(1304) Eden regions: 652->0(618)
[8271.524s][info][gc,heap        ] GC(1304) Survivor regions: 43->50(87)
[8271.524s][info][gc,heap        ] GC(1304) Old regions: 226->226
[8271.524s][info][gc,heap        ] GC(1304) Humongous regions: 80->80
[8271.524s][info][gc,metaspace   ] GC(1304) Metaspace: 29931K(30464K)->29931K(30464K) NonClass: 26552K(26816K)->26552K(26816K) Class: 3379K(3648K)->3379K(3648K)
[8271.524s][info][gc             ] GC(1304) Pause Young (Normal) (G1 Evacuation Pause) 7968M->2804M(10240M) 150.777ms
[8271.524s][info][gc,cpu         ] GC(1304) User=1.18s Sys=0.00s Real=0.15s
..... (rIR:aIR:PR = 7804:7778:7778) (tPR = 115216) [OK] 
  8275s: (load = 70%) .[8276.626s][info][gc,start       ] GC(1305) Pause Young (Normal) (G1 Evacuation Pause)
[8276.626s][info][gc,task        ] GC(1305) Using 8 workers of 8 for evacuation
[8276.790s][info][gc,phases      ] GC(1305)   Pre Evacuate Collection Set: 0.28ms
[8276.790s][info][gc,phases      ] GC(1305)   Merge Heap Roots: 0.56ms
[8276.790s][info][gc,phases      ] GC(1305)   Evacuate Collection Set: 162.02ms
[8276.790s][info][gc,phases      ] GC(1305)   Post Evacuate Collection Set: 1.24ms
[8276.790s][info][gc,phases      ] GC(1305)   Other: 0.06ms
[8276.790s][info][gc,heap        ] GC(1305) Eden regions: 611->0(633)
[8276.790s][info][gc,heap        ] GC(1305) Survivor regions: 50->51(83)
[8276.790s][info][gc,heap        ] GC(1305) Old regions: 226->229
[8276.790s][info][gc,heap        ] GC(1305) Humongous regions: 80->80
[8276.790s][info][gc,metaspace   ] GC(1305) Metaspace: 29931K(30464K)->29931K(30464K) NonClass: 26552K(26816K)->26552K(26816K) Class: 3379K(3648K)->3379K(3648K)
[8276.790s][info][gc             ] GC(1305) Pause Young (Normal) (G1 Evacuation Pause) 7692M->2837M(10240M) 164.303ms
[8276.790s][info][gc,cpu         ] GC(1305) User=1.29s Sys=0.00s Real=0.16s
...|.[8281.328s][info][gc,start       ] GC(1306) Pause Young (Normal) (G1 Evacuation Pause)
[8281.328s][info][gc,task        ] GC(1306) Using 8 workers of 8 for evacuation
[8281.491s][info][gc,phases      ] GC(1306)   Pre Evacuate Collection Set: 0.27ms
[8281.491s][info][gc,phases      ] GC(1306)   Merge Heap Roots: 0.59ms
[8281.491s][info][gc,phases      ] GC(1306)   Evacuate Collection Set: 160.89ms
[8281.491s][info][gc,phases      ] GC(1306)   Post Evacuate Collection Set: 1.09ms
[8281.491s][info][gc,phases      ] GC(1306)   Other: 0.07ms
[8281.491s][info][gc,heap        ] GC(1306) Eden regions: 629->0(722)
[8281.491s][info][gc,heap        ] GC(1306) Survivor regions: 51->46(85)
[8281.491s][info][gc,heap        ] GC(1306) Old regions: 229->238
[8281.491s][info][gc,heap        ] GC(1306) Humongous regions: 80->80
[8281.491s][info][gc,metaspace   ] GC(1306) Metaspace: 29931K(30464K)->29931K(30464K) NonClass: 26552K(26816K)->26552K(26816K) Class: 3379K(3648K)->3379K(3648K)
[8281.491s][info][gc             ] GC(1306) Pause Young (Normal) (G1 Evacuation Pause) 7869M->2873M(10240M) 163.059ms
[8281.491s][info][gc,cpu         ] GC(1306) User=1.28s Sys=0.00s Real=0.16s
......[8286.878s][info][gc,start       ] GC(1307) Pause Young (Normal) (G1 Evacuation Pause)
[8286.878s][info][gc,task        ] GC(1307) Using 8 workers of 8 for evacuation
[8287.036s][info][gc,phases      ] GC(1307)   Pre Evacuate Collection Set: 0.28ms
[8287.036s][info][gc,phases      ] GC(1307)   Merge Heap Roots: 0.51ms
[8287.036s][info][gc,phases      ] GC(1307)   Evacuate Collection Set: 156.42ms
[8287.036s][info][gc,phases      ] GC(1307)   Post Evacuate Collection Set: 1.27ms
[8287.036s][info][gc,phases      ] GC(1307)   Other: 0.07ms
[8287.036s][info][gc,heap        ] GC(1307) Eden regions: 722->0(716)
[8287.036s][info][gc,heap        ] GC(1307) Survivor regions: 46->51(96)
[8287.036s][info][gc,heap        ] GC(1307) Old regions: 238->238
[8287.036s][info][gc,heap        ] GC(1307) Humongous regions: 80->80
[8287.036s][info][gc,metaspace   ] GC(1307) Metaspace: 29931K(30464K)->29931K(30464K) NonClass: 26552K(26816K)->26552K(26816K) Class: 3379K(3648K)->3379K(3648K)
[8287.036s][info][gc             ] GC(1307) Pause Young (Normal) (G1 Evacuation Pause) 8649M->2917M(10240M) 158.683ms
[8287.036s][info][gc,cpu         ] GC(1307) User=1.25s Sys=0.00s Real=0.16s
... (rIR:aIR:PR = 9105:9076:9076) (tPR = 137659) [OK] 
  8289s: (load = 80%) ..[8291.875s][info][gc,start       ] GC(1308) Pause Young (Concurrent Start) (G1 Evacuation Pause)
[8291.875s][info][gc,task        ] GC(1308) Using 8 workers of 8 for evacuation
[8292.046s][info][gc,phases      ] GC(1308)   Pre Evacuate Collection Set: 0.30ms
[8292.046s][info][gc,phases      ] GC(1308)   Merge Heap Roots: 0.51ms
[8292.046s][info][gc,phases      ] GC(1308)   Evacuate Collection Set: 168.30ms
[8292.046s][info][gc,phases      ] GC(1308)   Post Evacuate Collection Set: 1.33ms
[8292.046s][info][gc,phases      ] GC(1308)   Other: 0.09ms
[8292.046s][info][gc,heap        ] GC(1308) Eden regions: 707->0(696)
[8292.046s][info][gc,heap        ] GC(1308) Survivor regions: 51->53(95)
[8292.046s][info][gc,heap        ] GC(1308) Old regions: 238->241
[8292.046s][info][gc,heap        ] GC(1308) Humongous regions: 80->80
[8292.046s][info][gc,metaspace   ] GC(1308) Metaspace: 29931K(30464K)->29931K(30464K) NonClass: 26552K(26816K)->26552K(26816K) Class: 3379K(3648K)->3379K(3648K)
[8292.046s][info][gc             ] GC(1308) Pause Young (Concurrent Start) (G1 Evacuation Pause) 8573M->2952M(10240M) 170.676ms
[8292.046s][info][gc             ] GC(1309) Concurrent Mark Cycle
[8292.046s][info][gc,marking     ] GC(1309) Concurrent Scan Root Regions
[8292.046s][info][gc,cpu         ] GC(1308) User=1.35s Sys=0.00s Real=0.17s
[8292.351s][info][gc,marking     ] GC(1309) Concurrent Scan Root Regions 304.683ms
[8292.351s][info][gc,marking     ] GC(1309) Concurrent Mark
[8292.351s][info][gc,marking     ] GC(1309) Concurrent Mark From Roots
[8292.351s][info][gc,task        ] GC(1309) Using 2 workers of 2 for marking
.[8293.359s][info][gc,marking     ] GC(1309) Concurrent Mark From Roots 1008.786ms
[8293.360s][info][gc,marking     ] GC(1309) Concurrent Preclean
[8293.360s][info][gc,marking     ] GC(1309) Concurrent Preclean 0.239ms
[8293.360s][info][gc,start       ] GC(1309) Pause Remark
[8293.362s][info][gc             ] GC(1309) Pause Remark 4372M->3268M(10240M) 2.084ms
[8293.362s][info][gc,cpu         ] GC(1309) User=0.01s Sys=0.00s Real=0.00s
[8293.362s][info][gc,marking     ] GC(1309) Concurrent Mark 1011.434ms
[8293.362s][info][gc,marking     ] GC(1309) Concurrent Rebuild Remembered Sets and Scrub Regions
.[8293.815s][info][gc,marking     ] GC(1309) Concurrent Rebuild Remembered Sets and Scrub Regions 452.806ms
[8293.815s][info][gc,start       ] GC(1309) Pause Cleanup
[8293.815s][info][gc             ] GC(1309) Pause Cleanup 3860M->3860M(10240M) 0.247ms
[8293.815s][info][gc,cpu         ] GC(1309) User=0.00s Sys=0.00s Real=0.00s
[8293.815s][info][gc,marking     ] GC(1309) Concurrent Clear Claimed Marks
[8293.815s][info][gc,marking     ] GC(1309) Concurrent Clear Claimed Marks 0.036ms
[8293.815s][info][gc,marking     ] GC(1309) Concurrent Cleanup for Next Mark
[8293.830s][info][gc,marking     ] GC(1309) Concurrent Cleanup for Next Mark 14.433ms
[8293.830s][info][gc             ] GC(1309) Concurrent Mark Cycle 1784.037ms
..[8296.240s][info][gc,start       ] GC(1310) Pause Young (Prepare Mixed) (G1 Evacuation Pause)
[8296.240s][info][gc,task        ] GC(1310) Using 8 workers of 8 for evacuation
[8296.407s][info][gc,phases      ] GC(1310)   Pre Evacuate Collection Set: 0.25ms
[8296.407s][info][gc,phases      ] GC(1310)   Merge Heap Roots: 0.72ms
[8296.407s][info][gc,phases      ] GC(1310)   Evacuate Collection Set: 164.41ms
[8296.407s][info][gc,phases      ] GC(1310)   Post Evacuate Collection Set: 1.28ms
[8296.407s][info][gc,phases      ] GC(1310)   Other: 0.07ms
[8296.407s][info][gc,heap        ] GC(1310) Eden regions: 683->0(722)
[8296.407s][info][gc,heap        ] GC(1310) Survivor regions: 53->46(92)
[8296.407s][info][gc,heap        ] GC(1310) Old regions: 151->159
[8296.407s][info][gc,heap        ] GC(1310) Humongous regions: 32->32
[8296.407s][info][gc,metaspace   ] GC(1310) Metaspace: 29931K(30464K)->29931K(30464K) NonClass: 26552K(26816K)->26552K(26816K) Class: 3379K(3648K)->3379K(3648K)
[8296.407s][info][gc             ] GC(1310) Pause Young (Prepare Mixed) (G1 Evacuation Pause) 7312M->1859M(10240M) 166.849ms
[8296.407s][info][gc,cpu         ] GC(1310) User=1.31s Sys=0.00s Real=0.17s
.|....[8300.971s][info][gc,start       ] GC(1311) Pause Young (Mixed) (G1 Evacuation Pause)
[8300.971s][info][gc,task        ] GC(1311) Using 8 workers of 8 for evacuation
[8301.140s][info][gc,phases      ] GC(1311)   Pre Evacuate Collection Set: 0.28ms
[8301.140s][info][gc,phases      ] GC(1311)   Merge Heap Roots: 0.53ms
[8301.140s][info][gc,phases      ] GC(1311)   Evacuate Collection Set: 166.53ms
[8301.140s][info][gc,phases      ] GC(1311)   Post Evacuate Collection Set: 1.32ms
[8301.140s][info][gc,phases      ] GC(1311)   Other: 0.07ms
[8301.140s][info][gc,heap        ] GC(1311) Eden regions: 722->0(688)
[8301.140s][info][gc,heap        ] GC(1311) Survivor regions: 46->55(96)
[8301.140s][info][gc,heap        ] GC(1311) Old regions: 159->133
[8301.140s][info][gc,heap        ] GC(1311) Humongous regions: 32->32
[8301.140s][info][gc,metaspace   ] GC(1311) Metaspace: 29931K(30464K)->29931K(30464K) NonClass: 26552K(26816K)->26552K(26816K) Class: 3379K(3648K)->3379K(3648K)
[8301.140s][info][gc             ] GC(1311) Pause Young (Mixed) (G1 Evacuation Pause) 7635M->1720M(10240M) 168.863ms
[8301.140s][info][gc,cpu         ] GC(1311) User=1.33s Sys=0.00s Real=0.17s
....[8305.447s][info][gc,start       ] GC(1312) Pause Young (Normal) (G1 Evacuation Pause)
[8305.448s][info][gc,task        ] GC(1312) Using 8 workers of 8 for evacuation
[8305.613s][info][gc,phases      ] GC(1312)   Pre Evacuate Collection Set: 0.31ms
[8305.613s][info][gc,phases      ] GC(1312)   Merge Heap Roots: 0.53ms
[8305.613s][info][gc,phases      ] GC(1312)   Evacuate Collection Set: 163.53ms
[8305.613s][info][gc,phases      ] GC(1312)   Post Evacuate Collection Set: 1.21ms
[8305.613s][info][gc,phases      ] GC(1312)   Other: 0.06ms
[8305.613s][info][gc,heap        ] GC(1312) Eden regions: 687->0(721)
[8305.613s][info][gc,heap        ] GC(1312) Survivor regions: 55->47(93)
[8305.613s][info][gc,heap        ] GC(1312) Old regions: 133->142
[8305.613s][info][gc,heap        ] GC(1312) Humongous regions: 32->32
[8305.613s][info][gc,metaspace   ] GC(1312) Metaspace: 29931K(30464K)->29931K(30464K) NonClass: 26552K(26816K)->26552K(26816K) Class: 3379K(3648K)->3379K(3648K)
[8305.613s][info][gc             ] GC(1312) Pause Young (Normal) (G1 Evacuation Pause) 7216M->1725M(10240M) 165.768ms
[8305.613s][info][gc,cpu         ] GC(1312) User=1.31s Sys=0.00s Real=0.16s
.. (rIR:aIR:PR = 10406:10534:10617) (tPR = 160345) [OK] 
  8306s: (load = 90%) ...[8309.861s][info][gc,start       ] GC(1313) Pause Young (Normal) (G1 Evacuation Pause)
[8309.861s][info][gc,task        ] GC(1313) Using 8 workers of 8 for evacuation
[8310.028s][info][gc,phases      ] GC(1313)   Pre Evacuate Collection Set: 0.28ms
[8310.028s][info][gc,phases      ] GC(1313)   Merge Heap Roots: 0.62ms
[8310.028s][info][gc,phases      ] GC(1313)   Evacuate Collection Set: 165.64ms
[8310.028s][info][gc,phases      ] GC(1313)   Post Evacuate Collection Set: 1.24ms
[8310.028s][info][gc,phases      ] GC(1313)   Other: 0.06ms
[8310.028s][info][gc,heap        ] GC(1313) Eden regions: 721->0(715)
[8310.028s][info][gc,heap        ] GC(1313) Survivor regions: 47->53(96)
[8310.028s][info][gc,heap        ] GC(1313) Old regions: 142->142
[8310.029s][info][gc,heap        ] GC(1313) Humongous regions: 32->32
[8310.029s][info][gc,metaspace   ] GC(1313) Metaspace: 29931K(30464K)->29931K(30464K) NonClass: 26552K(26816K)->26552K(26816K) Class: 3379K(3648K)->3379K(3648K)
[8310.029s][info][gc             ] GC(1313) Pause Young (Normal) (G1 Evacuation Pause) 7493M->1773M(10240M) 167.989ms
[8310.029s][info][gc,cpu         ] GC(1313) User=1.32s Sys=0.00s Real=0.17s
..|..[8313.994s][info][gc,start       ] GC(1314) Pause Young (Normal) (G1 Evacuation Pause)
[8313.994s][info][gc,task        ] GC(1314) Using 8 workers of 8 for evacuation
[8314.163s][info][gc,phases      ] GC(1314)   Pre Evacuate Collection Set: 0.26ms
[8314.163s][info][gc,phases      ] GC(1314)   Merge Heap Roots: 0.55ms
[8314.163s][info][gc,phases      ] GC(1314)   Evacuate Collection Set: 167.51ms
[8314.163s][info][gc,phases      ] GC(1314)   Post Evacuate Collection Set: 1.31ms
[8314.163s][info][gc,phases      ] GC(1314)   Other: 0.06ms
[8314.163s][info][gc,heap        ] GC(1314) Eden regions: 715->0(716)
[8314.163s][info][gc,heap        ] GC(1314) Survivor regions: 53->52(96)
[8314.163s][info][gc,heap        ] GC(1314) Old regions: 142->144
[8314.163s][info][gc,heap        ] GC(1314) Humongous regions: 32->32
[8314.163s][info][gc,metaspace   ] GC(1314) Metaspace: 29931K(30464K)->29931K(30464K) NonClass: 26552K(26816K)->26552K(26816K) Class: 3379K(3648K)->3379K(3648K)
[8314.163s][info][gc             ] GC(1314) Pause Young (Normal) (G1 Evacuation Pause) 7493M->1786M(10240M) 169.818ms
[8314.163s][info][gc,cpu         ] GC(1314) User=1.34s Sys=0.00s Real=0.17s
....[8318.121s][info][gc,start       ] GC(1315) Pause Young (Normal) (G1 Evacuation Pause)
[8318.121s][info][gc,task        ] GC(1315) Using 8 workers of 8 for evacuation
[8318.289s][info][gc,phases      ] GC(1315)   Pre Evacuate Collection Set: 0.30ms
[8318.289s][info][gc,phases      ] GC(1315)   Merge Heap Roots: 0.55ms
[8318.289s][info][gc,phases      ] GC(1315)   Evacuate Collection Set: 166.64ms
[8318.289s][info][gc,phases      ] GC(1315)   Post Evacuate Collection Set: 1.25ms
[8318.290s][info][gc,phases      ] GC(1315)   Other: 0.06ms
[8318.290s][info][gc,heap        ] GC(1315) Eden regions: 716->0(715)
[8318.290s][info][gc,heap        ] GC(1315) Survivor regions: 52->53(96)
[8318.290s][info][gc,heap        ] GC(1315) Old regions: 144->147
[8318.290s][info][gc,heap        ] GC(1315) Humongous regions: 32->32
[8318.290s][info][gc,metaspace   ] GC(1315) Metaspace: 29931K(30464K)->29931K(30464K) NonClass: 26552K(26816K)->26552K(26816K) Class: 3379K(3648K)->3379K(3648K)
[8318.290s][info][gc             ] GC(1315) Pause Young (Normal) (G1 Evacuation Pause) 7514M->1813M(10240M) 168.944ms
[8318.290s][info][gc,cpu         ] GC(1315) User=1.33s Sys=0.00s Real=0.17s
.... (rIR:aIR:PR = 11706:11887:11883) (tPR = 174779) [OK] 
  8321s: (load = 100%) [8322.269s][info][gc,start       ] GC(1316) Pause Young (Normal) (G1 Evacuation Pause)
[8322.269s][info][gc,task        ] GC(1316) Using 8 workers of 8 for evacuation
[8322.441s][info][gc,phases      ] GC(1316)   Pre Evacuate Collection Set: 0.26ms
[8322.441s][info][gc,phases      ] GC(1316)   Merge Heap Roots: 0.56ms
[8322.441s][info][gc,phases      ] GC(1316)   Evacuate Collection Set: 169.64ms
[8322.441s][info][gc,phases      ] GC(1316)   Post Evacuate Collection Set: 1.27ms
[8322.441s][info][gc,phases      ] GC(1316)   Other: 0.06ms
[8322.441s][info][gc,heap        ] GC(1316) Eden regions: 715->0(714)
[8322.441s][info][gc,heap        ] GC(1316) Survivor regions: 53->54(96)
[8322.441s][info][gc,heap        ] GC(1316) Old regions: 147->149
[8322.441s][info][gc,heap        ] GC(1316) Humongous regions: 32->32
[8322.441s][info][gc,metaspace   ] GC(1316) Metaspace: 29931K(30464K)->29931K(30464K) NonClass: 26552K(26816K)->26552K(26816K) Class: 3379K(3648K)->3379K(3648K)
[8322.441s][info][gc             ] GC(1316) Pause Young (Normal) (G1 Evacuation Pause) 7533M->1837M(10240M) 171.934ms
[8322.441s][info][gc,cpu         ] GC(1316) User=1.35s Sys=0.00s Real=0.17s
....[8326.042s][info][gc,start       ] GC(1317) Pause Young (Normal) (G1 Evacuation Pause)
[8326.042s][info][gc,task        ] GC(1317) Using 8 workers of 8 for evacuation
[8326.216s][info][gc,phases      ] GC(1317)   Pre Evacuate Collection Set: 0.26ms
[8326.216s][info][gc,phases      ] GC(1317)   Merge Heap Roots: 0.55ms
[8326.216s][info][gc,phases      ] GC(1317)   Evacuate Collection Set: 172.30ms
[8326.216s][info][gc,phases      ] GC(1317)   Post Evacuate Collection Set: 1.24ms
[8326.216s][info][gc,phases      ] GC(1317)   Other: 0.06ms
[8326.216s][info][gc,heap        ] GC(1317) Eden regions: 714->0(714)
[8326.216s][info][gc,heap        ] GC(1317) Survivor regions: 54->54(96)
[8326.216s][info][gc,heap        ] GC(1317) Old regions: 149->152
[8326.216s][info][gc,heap        ] GC(1317) Humongous regions: 32->32
[8326.216s][info][gc,metaspace   ] GC(1317) Metaspace: 29931K(30464K)->29931K(30464K) NonClass: 26552K(26816K)->26552K(26816K) Class: 3379K(3648K)->3379K(3648K)
[8326.216s][info][gc             ] GC(1317) Pause Young (Normal) (G1 Evacuation Pause) 7549M->1860M(10240M) 174.556ms
[8326.216s][info][gc,cpu         ] GC(1317) User=1.37s Sys=0.00s Real=0.18s
...|.[8329.852s][info][gc,start       ] GC(1318) Pause Young (Normal) (G1 Evacuation Pause)
[8329.852s][info][gc,task        ] GC(1318) Using 8 workers of 8 for evacuation
[8330.020s][info][gc,phases      ] GC(1318)   Pre Evacuate Collection Set: 0.26ms
[8330.020s][info][gc,phases      ] GC(1318)   Merge Heap Roots: 0.57ms
[8330.020s][info][gc,phases      ] GC(1318)   Evacuate Collection Set: 166.26ms
[8330.020s][info][gc,phases      ] GC(1318)   Post Evacuate Collection Set: 1.30ms
[8330.020s][info][gc,phases      ] GC(1318)   Other: 0.07ms
[8330.020s][info][gc,heap        ] GC(1318) Eden regions: 714->0(716)
[8330.020s][info][gc,heap        ] GC(1318) Survivor regions: 54->52(96)
[8330.020s][info][gc,heap        ] GC(1318) Old regions: 152->154
[8330.020s][info][gc,heap        ] GC(1318) Humongous regions: 32->32
[8330.020s][info][gc,metaspace   ] GC(1318) Metaspace: 29931K(30464K)->29931K(30464K) NonClass: 26552K(26816K)->26552K(26816K) Class: 3379K(3648K)->3379K(3648K)
[8330.020s][info][gc             ] GC(1318) Pause Young (Normal) (G1 Evacuation Pause) 7572M->1868M(10240M) 168.596ms
[8330.020s][info][gc,cpu         ] GC(1318) User=1.33s Sys=0.00s Real=0.17s
....[8333.697s][info][gc,start       ] GC(1319) Pause Young (Normal) (G1 Evacuation Pause)
[8333.697s][info][gc,task        ] GC(1319) Using 8 workers of 8 for evacuation
[8333.878s][info][gc,phases      ] GC(1319)   Pre Evacuate Collection Set: 0.24ms
[8333.878s][info][gc,phases      ] GC(1319)   Merge Heap Roots: 0.57ms
[8333.878s][info][gc,phases      ] GC(1319)   Evacuate Collection Set: 178.30ms
[8333.878s][info][gc,phases      ] GC(1319)   Post Evacuate Collection Set: 1.28ms
[8333.878s][info][gc,phases      ] GC(1319)   Other: 0.06ms
[8333.878s][info][gc,heap        ] GC(1319) Eden regions: 716->0(713)
[8333.878s][info][gc,heap        ] GC(1319) Survivor regions: 52->55(96)
[8333.878s][info][gc,heap        ] GC(1319) Old regions: 154->157
[8333.878s][info][gc,heap        ] GC(1319) Humongous regions: 32->32
[8333.878s][info][gc,metaspace   ] GC(1319) Metaspace: 29931K(30464K)->29931K(30464K) NonClass: 26552K(26816K)->26552K(26816K) Class: 3379K(3648K)->3379K(3648K)
[8333.878s][info][gc             ] GC(1319) Pause Young (Normal) (G1 Evacuation Pause) 7596M->1913M(10240M) 180.581ms
[8333.878s][info][gc,cpu         ] GC(1319) User=1.43s Sys=0.00s Real=0.18s
...[8337.455s][info][gc,start       ] GC(1320) Pause Young (Normal) (G1 Evacuation Pause)
[8337.455s][info][gc,task        ] GC(1320) Using 8 workers of 8 for evacuation
[8337.624s][info][gc,phases      ] GC(1320)   Pre Evacuate Collection Set: 0.27ms
[8337.624s][info][gc,phases      ] GC(1320)   Merge Heap Roots: 0.58ms
[8337.624s][info][gc,phases      ] GC(1320)   Evacuate Collection Set: 166.19ms
[8337.624s][info][gc,phases      ] GC(1320)   Post Evacuate Collection Set: 1.28ms
[8337.624s][info][gc,phases      ] GC(1320)   Other: 0.07ms
[8337.624s][info][gc,heap        ] GC(1320) Eden regions: 713->0(715)
[8337.624s][info][gc,heap        ] GC(1320) Survivor regions: 55->53(96)
[8337.624s][info][gc,heap        ] GC(1320) Old regions: 157->160
[8337.624s][info][gc,heap        ] GC(1320) Humongous regions: 32->32
[8337.624s][info][gc,metaspace   ] GC(1320) Metaspace: 29931K(30464K)->29931K(30464K) NonClass: 26552K(26816K)->26552K(26816K) Class: 3379K(3648K)->3379K(3648K)
[8337.624s][info][gc             ] GC(1320) Pause Young (Normal) (G1 Evacuation Pause) 7617M->1914M(10240M) 168.512ms
[8337.624s][info][gc,cpu         ] GC(1320) User=1.32s Sys=0.00s Real=0.16s
.. (rIR:aIR:PR = 13007:12974:13033) (tPR = 194479) [OK] 
  8338s: Validating... (quiescence.....) (stop TxI) (stop BE) (saving... [8345.674s][info][gc,start       ] GC(1321) Pause Young (Concurrent Start) (G1 Humongous Allocation)
[8345.674s][info][gc,task        ] GC(1321) Using 8 workers of 8 for evacuation
[8345.939s][info][gc,mmu         ] GC(1321) MMU target violated: 201.0ms (200.0ms/201.0ms)
[8345.939s][info][gc,phases      ] GC(1321)   Pre Evacuate Collection Set: 0.29ms
[8345.939s][info][gc,phases      ] GC(1321)   Merge Heap Roots: 1.13ms
[8345.939s][info][gc,phases      ] GC(1321)   Evacuate Collection Set: 261.88ms
[8345.939s][info][gc,phases      ] GC(1321)   Post Evacuate Collection Set: 1.12ms
[8345.939s][info][gc,phases      ] GC(1321)   Other: 0.87ms
[8345.939s][info][gc,heap        ] GC(1321) Eden regions: 345->0(253)
[8345.939s][info][gc,heap        ] GC(1321) Survivor regions: 53->56(78)
[8345.939s][info][gc,heap        ] GC(1321) Old regions: 160->173
[8345.939s][info][gc,heap        ] GC(1321) Humongous regions: 131->85
[8345.939s][info][gc,metaspace   ] GC(1321) Metaspace: 29932K(30464K)->29932K(30464K) NonClass: 26553K(26816K)->26553K(26816K) Class: 3379K(3648K)->3379K(3648K)
[8345.939s][info][gc             ] GC(1321) Pause Young (Concurrent Start) (G1 Humongous Allocation) 5463M->2470M(10240M) 265.416ms
[8345.939s][info][gc,cpu         ] GC(1321) User=2.09s Sys=0.00s Real=0.27s
[8345.939s][info][gc             ] GC(1322) Concurrent Undo Cycle
[8345.939s][info][gc,marking     ] GC(1322) Concurrent Clear Claimed Marks
[8345.939s][info][gc,marking     ] GC(1322) Concurrent Clear Claimed Marks 0.067ms
[8345.939s][info][gc,marking     ] GC(1322) Concurrent Cleanup for Next Mark
[8345.940s][info][gc,marking     ] GC(1322) Concurrent Cleanup for Next Mark 0.342ms
[8345.940s][info][gc             ] GC(1322) Concurrent Undo Cycle 0.473ms
229692 Kb) (validation=PASSED)(term) [8349.195s][info][gc,start       ] GC(1323) Pause Full (System.gc())
[8349.195s][info][gc,task        ] GC(1323) Using 8 workers of 8 for full compaction
[8349.195s][info][gc,phases,start] GC(1323) Phase 1: Mark live objects
[8349.214s][info][gc,phases      ] GC(1323) Phase 1: Mark live objects 18.544ms
[8349.214s][info][gc,phases,start] GC(1323) Phase 2: Prepare compaction
[8349.218s][info][gc,phases      ] GC(1323) Phase 2: Prepare compaction 3.890ms
[8349.218s][info][gc,phases,start] GC(1323) Phase 3: Adjust pointers
[8349.229s][info][gc,phases      ] GC(1323) Phase 3: Adjust pointers 11.585ms
[8349.229s][info][gc,phases,start] GC(1323) Phase 4: Compact heap
[8349.233s][info][gc,phases      ] GC(1323) Phase 4: Compact heap 3.873ms
[8349.233s][info][gc,phases,start] GC(1323) Phase 5: Reset Metadata
[8349.237s][info][gc,phases      ] GC(1323) Phase 5: Reset Metadata 4.104ms
[8349.248s][info][gc,heap        ] GC(1323) Eden regions: 19->0(768)
[8349.248s][info][gc,heap        ] GC(1323) Survivor regions: 56->0(78)
[8349.248s][info][gc,heap        ] GC(1323) Old regions: 173->13
[8349.248s][info][gc,heap        ] GC(1323) Humongous regions: 150->33
[8349.248s][info][gc,metaspace   ] GC(1323) Metaspace: 29948K(30464K)->29948K(30464K) NonClass: 26569K(26816K)->26569K(26816K) Class: 3379K(3648K)->3379K(3648K)
[8349.248s][info][gc             ] GC(1323) Pause Full (System.gc()) 3138M->332M(10240M) 53.166ms
[8349.248s][info][gc,cpu         ] GC(1323) User=0.36s Sys=0.00s Real=0.05s
(init) ... ...completed!
  8354s: Restarting (term) [8354.813s][info][gc,start       ] GC(1324) Pause Full (System.gc())
[8354.814s][info][gc,task        ] GC(1324) Using 8 workers of 8 for full compaction
[8354.814s][info][gc,phases,start] GC(1324) Phase 1: Mark live objects
[8354.830s][info][gc,phases      ] GC(1324) Phase 1: Mark live objects 15.923ms
[8354.830s][info][gc,phases,start] GC(1324) Phase 2: Prepare compaction
[8354.835s][info][gc,phases      ] GC(1324) Phase 2: Prepare compaction 4.926ms
[8354.835s][info][gc,phases,start] GC(1324) Phase 3: Adjust pointers
[8354.845s][info][gc,phases      ] GC(1324) Phase 3: Adjust pointers 10.440ms
[8354.845s][info][gc,phases,start] GC(1324) Phase 4: Compact heap
[8354.850s][info][gc,phases      ] GC(1324) Phase 4: Compact heap 4.836ms
[8354.850s][info][gc,phases,start] GC(1324) Phase 5: Reset Metadata
[8354.854s][info][gc,phases      ] GC(1324) Phase 5: Reset Metadata 3.970ms
[8354.864s][info][gc,heap        ] GC(1324) Eden regions: 464->0(768)
[8354.864s][info][gc,heap        ] GC(1324) Survivor regions: 0->0(78)
[8354.864s][info][gc,heap        ] GC(1324) Old regions: 13->13
[8354.864s][info][gc,heap        ] GC(1324) Humongous regions: 86->33
[8354.864s][info][gc,metaspace   ] GC(1324) Metaspace: 29960K(30464K)->29960K(30464K) NonClass: 26578K(26816K)->26578K(26816K) Class: 3382K(3648K)->3382K(3648K)
[8354.864s][info][gc             ] GC(1324) Pause Full (System.gc()) 4468M->332M(10240M) 50.982ms
[8354.864s][info][gc,cpu         ] GC(1324) User=0.33s Sys=0.00s Real=0.05s
(init) ... OK
  8360s: 
  8360s: 
  8360s: Profiling....|.[8366.072s][info][gc,start       ] GC(1325) Pause Young (Normal) (G1 Evacuation Pause)
[8366.072s][info][gc,task        ] GC(1325) Using 8 workers of 8 for evacuation
[8366.806s][info][gc,mmu         ] GC(1325) MMU target violated: 201.0ms (200.0ms/201.0ms)
[8366.807s][info][gc,phases      ] GC(1325)   Pre Evacuate Collection Set: 0.32ms
[8366.807s][info][gc,phases      ] GC(1325)   Merge Heap Roots: 1.00ms
[8366.807s][info][gc,phases      ] GC(1325)   Evacuate Collection Set: 731.38ms
[8366.807s][info][gc,phases      ] GC(1325)   Post Evacuate Collection Set: 1.62ms
[8366.807s][info][gc,phases      ] GC(1325)   Other: 0.12ms
[8366.807s][info][gc,heap        ] GC(1325) Eden regions: 768->0(336)
[8366.807s][info][gc,heap        ] GC(1325) Survivor regions: 0->96(96)
[8366.807s][info][gc,heap        ] GC(1325) Old regions: 13->70
[8366.807s][info][gc,heap        ] GC(1325) Humongous regions: 86->81
[8366.807s][info][gc,metaspace   ] GC(1325) Metaspace: 30006K(30528K)->30006K(30528K) NonClass: 26623K(26880K)->26623K(26880K) Class: 3382K(3648K)->3382K(3648K)
[8366.807s][info][gc             ] GC(1325) Pause Young (Normal) (G1 Evacuation Pause) 6900M->1936M(10240M) 734.554ms
[8366.807s][info][gc,cpu         ] GC(1325) User=5.79s Sys=0.00s Real=0.74s
.......[8372.862s][info][gc,start       ] GC(1326) Pause Young (Normal) (G1 Evacuation Pause)
[8372.862s][info][gc,task        ] GC(1326) Using 8 workers of 8 for evacuation
[8373.240s][info][gc,mmu         ] GC(1326) MMU target violated: 201.0ms (200.0ms/201.0ms)
[8373.240s][info][gc,phases      ] GC(1326)   Pre Evacuate Collection Set: 0.29ms
[8373.240s][info][gc,phases      ] GC(1326)   Merge Heap Roots: 0.77ms
[8373.240s][info][gc,phases      ] GC(1326)   Evacuate Collection Set: 376.37ms
[8373.240s][info][gc,phases      ] GC(1326)   Post Evacuate Collection Set: 0.77ms
[8373.240s][info][gc,phases      ] GC(1326)   Other: 0.10ms
[8373.240s][info][gc,heap        ] GC(1326) Eden regions: 347->0(323)
[8373.240s][info][gc,heap        ] GC(1326) Survivor regions: 96->11(56)
[8373.240s][info][gc,heap        ] GC(1326) Old regions: 70->165
[8373.240s][info][gc,heap        ] GC(1326) Humongous regions: 81->81
[8373.240s][info][gc,metaspace   ] GC(1326) Metaspace: 30009K(30528K)->30009K(30528K) NonClass: 26626K(26880K)->26626K(26880K) Class: 3382K(3648K)->3382K(3648K)
[8373.240s][info][gc             ] GC(1326) Pause Young (Normal) (G1 Evacuation Pause) 4712M->2016M(10240M) 378.391ms
[8373.240s][info][gc,cpu         ] GC(1326) User=2.98s Sys=0.00s Real=0.38s
.......[8380.210s][info][gc,start       ] GC(1327) Pause Young (Normal) (G1 Evacuation Pause)
[8380.210s][info][gc,task        ] GC(1327) Using 8 workers of 8 for evacuation
[8380.268s][info][gc,phases      ] GC(1327)   Pre Evacuate Collection Set: 0.30ms
[8380.268s][info][gc,phases      ] GC(1327)   Merge Heap Roots: 0.39ms
[8380.268s][info][gc,phases      ] GC(1327)   Evacuate Collection Set: 56.19ms
[8380.268s][info][gc,phases      ] GC(1327)   Post Evacuate Collection Set: 0.77ms
[8380.268s][info][gc,phases      ] GC(1327)   Other: 0.06ms
[8380.268s][info][gc,heap        ] GC(1327) Eden regions: 359->0(338)
[8380.268s][info][gc,heap        ] GC(1327) Survivor regions: 11->18(47)
[8380.268s][info][gc,heap        ] GC(1327) Old regions: 165->165
[8380.268s][info][gc,heap        ] GC(1327) Humongous regions: 81->81
[8380.268s][info][gc,metaspace   ] GC(1327) Metaspace: 30014K(30528K)->30014K(30528K) NonClass: 26631K(26880K)->26631K(26880K) Class: 3382K(3648K)->3382K(3648K)
[8380.268s][info][gc             ] GC(1327) Pause Young (Normal) (G1 Evacuation Pause) 4888M->2072M(10240M) 57.844ms
[8380.268s][info][gc,cpu         ] GC(1327) User=0.45s Sys=0.00s Real=0.06s
.......[8387.660s][info][gc,start       ] GC(1328) Pause Young (Normal) (G1 Evacuation Pause)
[8387.660s][info][gc,task        ] GC(1328) Using 8 workers of 8 for evacuation
[8387.735s][info][gc,phases      ] GC(1328)   Pre Evacuate Collection Set: 0.27ms
[8387.735s][info][gc,phases      ] GC(1328)   Merge Heap Roots: 0.45ms
[8387.735s][info][gc,phases      ] GC(1328)   Evacuate Collection Set: 73.27ms
[8387.735s][info][gc,phases      ] GC(1328)   Post Evacuate Collection Set: 0.83ms
[8387.735s][info][gc,phases      ] GC(1328)   Other: 0.06ms
[8387.735s][info][gc,heap        ] GC(1328) Eden regions: 367->0(349)
[8387.735s][info][gc,heap        ] GC(1328) Survivor regions: 18->25(49)
[8387.735s][info][gc,heap        ] GC(1328) Old regions: 165->165
[8387.735s][info][gc,heap        ] GC(1328) Humongous regions: 81->81
[8387.735s][info][gc,metaspace   ] GC(1328) Metaspace: 30015K(30528K)->30015K(30528K) NonClass: 26633K(26880K)->26633K(26880K) Class: 3382K(3648K)->3382K(3648K)
[8387.735s][info][gc             ] GC(1328) Pause Young (Normal) (G1 Evacuation Pause) 5008M->2127M(10240M) 75.021ms
[8387.735s][info][gc,cpu         ] GC(1328) User=0.59s Sys=0.00s Real=0.08s
........ (rIR:aIR:PR = 1300:1300:1300) (tPR = 19702) [OK] 
  8394s:  OK
  8394s: (term... (rIR:aIR:PR = 0:0:0) (tPR = 0) [OK] 
  8397s: ) Tests are skipped.
  8397s: 
  8397s: Generating level 0 report from ./specjbb2015-C-20240522-00001.data.gz


SPECjbb2015 Java Business Benchmark
 (c) Standard Performance Evaluation Corporation, 2015

Preparing to launch SPECjbb2015 reporter.

Reading property file: /shared/projects/openjdk/benchmarks/test-hyperaligning-lilliput/SPECjbb2015_1.00-jdk16+/jdk-26bit-staggered-klass-OFF-24-05-22_082044/./config/specjbb2015.props
Report directory is result/specjbb2015-C-20240522-00001/report-00001
  8397s: Building report...

[8397.998s][info][gc,start       ] GC(1329) Pause Young (Normal) (G1 Evacuation Pause)
[8397.998s][info][gc,task        ] GC(1329) Using 8 workers of 8 for evacuation
[8398.091s][info][gc,phases      ] GC(1329)   Pre Evacuate Collection Set: 0.21ms
[8398.091s][info][gc,phases      ] GC(1329)   Merge Heap Roots: 0.48ms
[8398.091s][info][gc,phases      ] GC(1329)   Evacuate Collection Set: 91.79ms
[8398.091s][info][gc,phases      ] GC(1329)   Post Evacuate Collection Set: 0.87ms
[8398.091s][info][gc,phases      ] GC(1329)   Other: 0.07ms
[8398.091s][info][gc,heap        ] GC(1329) Eden regions: 371->0(367)
[8398.091s][info][gc,heap        ] GC(1329) Survivor regions: 25->30(50)
[8398.091s][info][gc,heap        ] GC(1329) Old regions: 165->165
[8398.092s][info][gc,heap        ] GC(1329) Humongous regions: 81->81
[8398.092s][info][gc,metaspace   ] GC(1329) Metaspace: 31112K(31616K)->31112K(31616K) NonClass: 27576K(27840K)->27576K(27840K) Class: 3535K(3776K)->3535K(3776K)
[8398.092s][info][gc             ] GC(1329) Pause Young (Normal) (G1 Evacuation Pause) 5095M->2164M(10240M) 93.621ms
[8398.092s][info][gc,cpu         ] GC(1329) User=0.70s Sys=0.00s Real=0.09s
       942 msec: Pre-reading source
         0 msec: Validation
         2 msec: Dump run logs
         0 msec: Printing JbbProperties
         0 msec: Controller time verification
         2 msec: Build report with HW/SW parameters
        25 msec: Parsing attributes
         3 msec: Parsing agent names
        49 msec: Building throughput - response time curve
RUN RESULT: hbIR (max attempted) = 13837, hbIR (settled) = 13089, max-jOPS = 13007, critical-jOPS = 5428
        31 msec: Primary metrics calculation
        84 msec: Render Allowed Failures
       629 msec: Render IR/PR Accuracy
       602 msec: Overall RT curves
       604 msec: Request Mix accuracy
       658 msec: Render IR by probes tasks
         0 msec: Render RT
        43 msec: Max Delay during RT curve building
         5 msec: Render template to file result/specjbb2015-C-20240522-00001/report-00001/data/specjbb2015-C-20240522-00001-runProperties.txt
        25 msec: Render template to file result/specjbb2015-C-20240522-00001/report-00001/specjbb2015-C-20240522-00001.html
Report generation finished. Wallclock = 1963 msecs, real = 3704 msecs, parallelism = 1.89x
[8399.849s][info][gc,heap,exit   ] Heap
[8399.849s][info][gc,heap,exit   ]  garbage-first heap   total reserved 10485760K, committed 10485760K, used 2627329K [0x0000000580000000, 0x0000000800000000)
[8399.849s][info][gc,heap,exit   ]   region size 8192K, 79 young (647168K), 30 survivors (245760K)
[8399.849s][info][gc,heap,exit   ]  Metaspace       used 39262K, committed 39936K, reserved 1114112K
[8399.850s][info][gc,heap,exit   ]   class space    used 4389K, committed 4736K, reserved 1048576K
