Done; will start GCs... 
[21.779s][info][gc,metaspace] GC(6) Metaspace: 33415K(35328K)->33415K(35328K) NonClass: 28960K(29824K)->28960K(29824K) Class: 4455K(5504K)->4455K(5504K)
[21.779s][info][gc          ] GC(6) Pause Full (System.gc()) 1347M->1287M(5939M) 4508.677ms
[24.410s][info][gc,metaspace] GC(7) Metaspace: 33415K(35328K)->33415K(35328K) NonClass: 28960K(29824K)->28960K(29824K) Class: 4455K(5504K)->4455K(5504K)
[24.410s][info][gc          ] GC(7) Pause Full (System.gc()) 1287M->1287M(5939M) 2630.635ms
[27.956s][info][gc,metaspace] GC(8) Metaspace: 33415K(35328K)->33415K(35328K) NonClass: 28960K(29824K)->28960K(29824K) Class: 4455K(5504K)->4455K(5504K)
[27.956s][info][gc          ] GC(8) Pause Full (System.gc()) 1287M->1287M(5939M) 3545.325ms
[30.584s][info][gc,metaspace] GC(9) Metaspace: 33415K(35328K)->33415K(35328K) NonClass: 28960K(29824K)->28960K(29824K) Class: 4455K(5504K)->4455K(5504K)
[30.584s][info][gc          ] GC(9) Pause Full (System.gc()) 1287M->1287M(5939M) 2627.539ms
[33.710s][info][gc,metaspace] GC(10) Metaspace: 33415K(35328K)->33415K(35328K) NonClass: 28960K(29824K)->28960K(29824K) Class: 4455K(5504K)->4455K(5504K)
[33.710s][info][gc          ] GC(10) Pause Full (System.gc()) 1287M->1287M(5939M) 3126.413ms
[36.332s][info][gc,metaspace] GC(11) Metaspace: 33415K(35328K)->33415K(35328K) NonClass: 28960K(29824K)->28960K(29824K) Class: 4455K(5504K)->4455K(5504K)
[36.332s][info][gc          ] GC(11) Pause Full (System.gc()) 1287M->1287M(5939M) 2621.843ms
[39.010s][info][gc,metaspace] GC(12) Metaspace: 33415K(35328K)->33415K(35328K) NonClass: 28960K(29824K)->28960K(29824K) Class: 4455K(5504K)->4455K(5504K)
[39.010s][info][gc          ] GC(12) Pause Full (System.gc()) 1287M->1287M(5939M) 2677.900ms
[41.638s][info][gc,metaspace] GC(13) Metaspace: 33415K(35328K)->33415K(35328K) NonClass: 28960K(29824K)->28960K(29824K) Class: 4455K(5504K)->4455K(5504K)
[41.638s][info][gc          ] GC(13) Pause Full (System.gc()) 1287M->1287M(5939M) 2626.989ms
[44.315s][info][gc,metaspace] GC(14) Metaspace: 33415K(35328K)->33415K(35328K) NonClass: 28960K(29824K)->28960K(29824K) Class: 4455K(5504K)->4455K(5504K)
[44.315s][info][gc          ] GC(14) Pause Full (System.gc()) 1287M->1287M(5939M) 2672.493ms
[46.991s][info][gc,metaspace] GC(15) Metaspace: 33415K(35328K)->33415K(35328K) NonClass: 28960K(29824K)->28960K(29824K) Class: 4455K(5504K)->4455K(5504K)
[46.991s][info][gc          ] GC(15) Pause Full (System.gc()) 1287M->1287M(5939M) 2676.544ms
[49.618s][info][gc,metaspace] GC(16) Metaspace: 33415K(35328K)->33415K(35328K) NonClass: 28960K(29824K)->28960K(29824K) Class: 4455K(5504K)->4455K(5504K)
[49.618s][info][gc          ] GC(16) Pause Full (System.gc()) 1287M->1287M(5939M) 2626.582ms
[52.294s][info][gc,metaspace] GC(17) Metaspace: 33415K(35328K)->33415K(35328K) NonClass: 28960K(29824K)->28960K(29824K) Class: 4455K(5504K)->4455K(5504K)
[52.294s][info][gc          ] GC(17) Pause Full (System.gc()) 1287M->1287M(5939M) 2675.934ms
[54.969s][info][gc,metaspace] GC(18) Metaspace: 33415K(35328K)->33415K(35328K) NonClass: 28960K(29824K)->28960K(29824K) Class: 4455K(5504K)->4455K(5504K)
[54.969s][info][gc          ] GC(18) Pause Full (System.gc()) 1287M->1287M(5939M) 2674.526ms
[58.431s][info][gc,metaspace] GC(19) Metaspace: 33415K(35328K)->33415K(35328K) NonClass: 28960K(29824K)->28960K(29824K) Class: 4455K(5504K)->4455K(5504K)
[58.432s][info][gc          ] GC(19) Pause Full (System.gc()) 1287M->1287M(5939M) 3462.167ms
[61.110s][info][gc,metaspace] GC(20) Metaspace: 33415K(35328K)->33415K(35328K) NonClass: 28960K(29824K)->28960K(29824K) Class: 4455K(5504K)->4455K(5504K)
[61.110s][info][gc          ] GC(20) Pause Full (System.gc()) 1287M->1287M(5939M) 2677.789ms
[63.783s][info][gc,metaspace] GC(21) Metaspace: 33415K(35328K)->33415K(35328K) NonClass: 28960K(29824K)->28960K(29824K) Class: 4455K(5504K)->4455K(5504K)
[63.783s][info][gc          ] GC(21) Pause Full (System.gc()) 1287M->1287M(5939M) 2672.640ms
[66.409s][info][gc,metaspace] GC(22) Metaspace: 33415K(35328K)->33415K(35328K) NonClass: 28960K(29824K)->28960K(29824K) Class: 4455K(5504K)->4455K(5504K)
[66.409s][info][gc          ] GC(22) Pause Full (System.gc()) 1287M->1287M(5939M) 2626.007ms
[69.479s][info][gc,metaspace] GC(23) Metaspace: 33415K(35328K)->33415K(35328K) NonClass: 28960K(29824K)->28960K(29824K) Class: 4455K(5504K)->4455K(5504K)
[69.479s][info][gc          ] GC(23) Pause Full (System.gc()) 1297M->1287M(5939M) 3070.404ms
[73.014s][info][gc,metaspace] GC(24) Metaspace: 33415K(35328K)->33415K(35328K) NonClass: 28960K(29824K)->28960K(29824K) Class: 4455K(5504K)->4455K(5504K)
[73.014s][info][gc          ] GC(24) Pause Full (System.gc()) 1287M->1287M(5939M) 3534.417ms
[75.638s][info][gc,metaspace] GC(25) Metaspace: 33415K(35328K)->33415K(35328K) NonClass: 28960K(29824K)->28960K(29824K) Class: 4455K(5504K)->4455K(5504K)
[75.638s][info][gc          ] GC(25) Pause Full (System.gc()) 1287M->1287M(5939M) 2624.158ms
[78.313s][info][gc,metaspace] GC(26) Metaspace: 33415K(35328K)->33415K(35328K) NonClass: 28960K(29824K)->28960K(29824K) Class: 4455K(5504K)->4455K(5504K)
[78.313s][info][gc          ] GC(26) Pause Full (System.gc()) 1287M->1287M(5939M) 2674.406ms
[81.380s][info][gc,metaspace] GC(27) Metaspace: 33415K(35328K)->33415K(35328K) NonClass: 28960K(29824K)->28960K(29824K) Class: 4455K(5504K)->4455K(5504K)
[81.380s][info][gc          ] GC(27) Pause Full (System.gc()) 1287M->1287M(5939M) 3063.183ms
[84.055s][info][gc,metaspace] GC(28) Metaspace: 33415K(35328K)->33415K(35328K) NonClass: 28960K(29824K)->28960K(29824K) Class: 4455K(5504K)->4455K(5504K)
[84.055s][info][gc          ] GC(28) Pause Full (System.gc()) 1287M->1287M(5939M) 2674.967ms
[86.730s][info][gc,metaspace] GC(29) Metaspace: 33415K(35328K)->33415K(35328K) NonClass: 28960K(29824K)->28960K(29824K) Class: 4455K(5504K)->4455K(5504K)
[86.730s][info][gc          ] GC(29) Pause Full (System.gc()) 1287M->1287M(5939M) 2673.886ms
[89.354s][info][gc,metaspace] GC(30) Metaspace: 33415K(35328K)->33415K(35328K) NonClass: 28960K(29824K)->28960K(29824K) Class: 4455K(5504K)->4455K(5504K)
[89.354s][info][gc          ] GC(30) Pause Full (System.gc()) 1287M->1287M(5939M) 2624.139ms
[92.271s][info][gc,metaspace] GC(31) Metaspace: 33415K(35328K)->33415K(35328K) NonClass: 28960K(29824K)->28960K(29824K) Class: 4455K(5504K)->4455K(5504K)
[92.271s][info][gc          ] GC(31) Pause Full (System.gc()) 1287M->1287M(5939M) 2916.638ms
[94.945s][info][gc,metaspace] GC(32) Metaspace: 33415K(35328K)->33415K(35328K) NonClass: 28960K(29824K)->28960K(29824K) Class: 4455K(5504K)->4455K(5504K)
[94.945s][info][gc          ] GC(32) Pause Full (System.gc()) 1287M->1287M(5939M) 2674.565ms
[97.566s][info][gc,metaspace] GC(33) Metaspace: 33415K(35328K)->33415K(35328K) NonClass: 28960K(29824K)->28960K(29824K) Class: 4455K(5504K)->4455K(5504K)
[97.566s][info][gc          ] GC(33) Pause Full (System.gc()) 1287M->1287M(5939M) 2620.918ms
[100.240s][info][gc,metaspace] GC(34) Metaspace: 33415K(35328K)->33415K(35328K) NonClass: 28960K(29824K)->28960K(29824K) Class: 4455K(5504K)->4455K(5504K)
[100.241s][info][gc          ] GC(34) Pause Full (System.gc()) 1287M->1287M(5939M) 2674.044ms
[102.916s][info][gc,metaspace] GC(35) Metaspace: 33415K(35328K)->33415K(35328K) NonClass: 28960K(29824K)->28960K(29824K) Class: 4455K(5504K)->4455K(5504K)
[102.916s][info][gc          ] GC(35) Pause Full (System.gc()) 1287M->1287M(5939M) 2675.050ms
[105.540s][info][gc,metaspace] GC(36) Metaspace: 33415K(35328K)->33415K(35328K) NonClass: 28960K(29824K)->28960K(29824K) Class: 4455K(5504K)->4455K(5504K)
[105.540s][info][gc          ] GC(36) Pause Full (System.gc()) 1287M->1287M(5939M) 2624.598ms
[108.215s][info][gc,metaspace] GC(37) Metaspace: 33415K(35328K)->33415K(35328K) NonClass: 28960K(29824K)->28960K(29824K) Class: 4455K(5504K)->4455K(5504K)
[108.215s][info][gc          ] GC(37) Pause Full (System.gc()) 1287M->1287M(5939M) 2674.674ms
[110.891s][info][gc,metaspace] GC(38) Metaspace: 33415K(35328K)->33415K(35328K) NonClass: 28960K(29824K)->28960K(29824K) Class: 4455K(5504K)->4455K(5504K)
[110.891s][info][gc          ] GC(38) Pause Full (System.gc()) 1287M->1287M(5939M) 2675.519ms
[113.515s][info][gc,metaspace] GC(39) Metaspace: 33415K(35328K)->33415K(35328K) NonClass: 28960K(29824K)->28960K(29824K) Class: 4455K(5504K)->4455K(5504K)
[113.515s][info][gc          ] GC(39) Pause Full (System.gc()) 1287M->1287M(5939M) 2624.044ms
[116.550s][info][gc,metaspace] GC(40) Metaspace: 33415K(35328K)->33415K(35328K) NonClass: 28960K(29824K)->28960K(29824K) Class: 4455K(5504K)->4455K(5504K)
[116.550s][info][gc          ] GC(40) Pause Full (System.gc()) 1287M->1287M(5939M) 3034.846ms
[119.225s][info][gc,metaspace] GC(41) Metaspace: 33415K(35328K)->33415K(35328K) NonClass: 28960K(29824K)->28960K(29824K) Class: 4455K(5504K)->4455K(5504K)
[119.225s][info][gc          ] GC(41) Pause Full (System.gc()) 1287M->1287M(5939M) 2675.147ms
[121.899s][info][gc,metaspace] GC(42) Metaspace: 33415K(35328K)->33415K(35328K) NonClass: 28960K(29824K)->28960K(29824K) Class: 4455K(5504K)->4455K(5504K)
[121.899s][info][gc          ] GC(42) Pause Full (System.gc()) 1287M->1287M(5939M) 2673.683ms
[124.523s][info][gc,metaspace] GC(43) Metaspace: 33415K(35328K)->33415K(35328K) NonClass: 28960K(29824K)->28960K(29824K) Class: 4455K(5504K)->4455K(5504K)
[124.523s][info][gc          ] GC(43) Pause Full (System.gc()) 1287M->1287M(5939M) 2624.063ms
[127.197s][info][gc,metaspace] GC(44) Metaspace: 33415K(35328K)->33415K(35328K) NonClass: 28960K(29824K)->28960K(29824K) Class: 4455K(5504K)->4455K(5504K)
[127.197s][info][gc          ] GC(44) Pause Full (System.gc()) 1287M->1287M(5939M) 2673.596ms
[129.872s][info][gc,metaspace] GC(45) Metaspace: 33416K(35328K)->33416K(35328K) NonClass: 28960K(29824K)->28960K(29824K) Class: 4455K(5504K)->4455K(5504K)
[129.872s][info][gc          ] GC(45) Pause Full (System.gc()) 1287M->1287M(5939M) 2674.387ms
[132.492s][info][gc,metaspace] GC(46) Metaspace: 33416K(35328K)->33416K(35328K) NonClass: 28960K(29824K)->28960K(29824K) Class: 4455K(5504K)->4455K(5504K)
[132.492s][info][gc          ] GC(46) Pause Full (System.gc()) 1297M->1287M(5939M) 2620.303ms
[135.185s][info][gc,metaspace] GC(47) Metaspace: 33416K(35328K)->33416K(35328K) NonClass: 28960K(29824K)->28960K(29824K) Class: 4455K(5504K)->4455K(5504K)
[135.185s][info][gc          ] GC(47) Pause Full (System.gc()) 1287M->1287M(5939M) 2692.296ms
[137.859s][info][gc,metaspace] GC(48) Metaspace: 33416K(35328K)->33416K(35328K) NonClass: 28960K(29824K)->28960K(29824K) Class: 4455K(5504K)->4455K(5504K)
[137.859s][info][gc          ] GC(48) Pause Full (System.gc()) 1287M->1287M(5939M) 2674.173ms
[140.484s][info][gc,metaspace] GC(49) Metaspace: 33416K(35328K)->33416K(35328K) NonClass: 28960K(29824K)->28960K(29824K) Class: 4455K(5504K)->4455K(5504K)
[140.484s][info][gc          ] GC(49) Pause Full (System.gc()) 1287M->1287M(5939M) 2619.525ms
[143.147s][info][gc,metaspace] GC(50) Metaspace: 33416K(35328K)->33416K(35328K) NonClass: 28960K(29824K)->28960K(29824K) Class: 4455K(5504K)->4455K(5504K)
[143.147s][info][gc          ] GC(50) Pause Full (System.gc()) 1287M->1287M(5939M) 2663.528ms
[145.812s][info][gc,metaspace] GC(51) Metaspace: 33416K(35328K)->33416K(35328K) NonClass: 28960K(29824K)->28960K(29824K) Class: 4455K(5504K)->4455K(5504K)
[145.812s][info][gc          ] GC(51) Pause Full (System.gc()) 1287M->1287M(5939M) 2664.252ms
[148.426s][info][gc,metaspace] GC(52) Metaspace: 33416K(35328K)->33416K(35328K) NonClass: 28960K(29824K)->28960K(29824K) Class: 4455K(5504K)->4455K(5504K)
[148.426s][info][gc          ] GC(52) Pause Full (System.gc()) 1287M->1287M(5939M) 2614.096ms
[151.090s][info][gc,metaspace] GC(53) Metaspace: 33416K(35328K)->33416K(35328K) NonClass: 28960K(29824K)->28960K(29824K) Class: 4455K(5504K)->4455K(5504K)
[151.090s][info][gc          ] GC(53) Pause Full (System.gc()) 1287M->1287M(5939M) 2663.956ms
[154.151s][info][gc,metaspace] GC(54) Metaspace: 33416K(35328K)->33416K(35328K) NonClass: 28960K(29824K)->28960K(29824K) Class: 4455K(5504K)->4455K(5504K)
[154.151s][info][gc          ] GC(54) Pause Full (System.gc()) 1287M->1287M(5939M) 3061.008ms
[156.814s][info][gc,metaspace] GC(55) Metaspace: 33416K(35328K)->33416K(35328K) NonClass: 28960K(29824K)->28960K(29824K) Class: 4455K(5504K)->4455K(5504K)
[156.814s][info][gc          ] GC(55) Pause Full (System.gc()) 1287M->1287M(5939M) 2663.193ms
[159.428s][info][gc,metaspace] GC(56) Metaspace: 33416K(35328K)->33416K(35328K) NonClass: 28960K(29824K)->28960K(29824K) Class: 4455K(5504K)->4455K(5504K)
[159.428s][info][gc          ] GC(56) Pause Full (System.gc()) 1287M->1287M(5939M) 2612.987ms
[162.091s][info][gc,metaspace] GC(57) Metaspace: 33416K(35328K)->33416K(35328K) NonClass: 28960K(29824K)->28960K(29824K) Class: 4455K(5504K)->4455K(5504K)
[162.091s][info][gc          ] GC(57) Pause Full (System.gc()) 1287M->1287M(5939M) 2663.546ms
[165.472s][info][gc,metaspace] GC(58) Metaspace: 33416K(35328K)->33416K(35328K) NonClass: 28960K(29824K)->28960K(29824K) Class: 4455K(5504K)->4455K(5504K)
[165.472s][info][gc          ] GC(58) Pause Full (System.gc()) 1287M->1287M(5939M) 3380.992ms
[168.136s][info][gc,metaspace] GC(59) Metaspace: 33416K(35328K)->33416K(35328K) NonClass: 28960K(29824K)->28960K(29824K) Class: 4455K(5504K)->4455K(5504K)
[168.136s][info][gc          ] GC(59) Pause Full (System.gc()) 1287M->1287M(5939M) 2663.898ms
[170.800s][info][gc,metaspace] GC(60) Metaspace: 33416K(35328K)->33416K(35328K) NonClass: 28960K(29824K)->28960K(29824K) Class: 4455K(5504K)->4455K(5504K)
[170.800s][info][gc          ] GC(60) Pause Full (System.gc()) 1287M->1287M(5939M) 2663.474ms
[173.413s][info][gc,metaspace] GC(61) Metaspace: 33416K(35328K)->33416K(35328K) NonClass: 28960K(29824K)->28960K(29824K) Class: 4455K(5504K)->4455K(5504K)
[173.413s][info][gc          ] GC(61) Pause Full (System.gc()) 1287M->1287M(5939M) 2612.996ms
[176.355s][info][gc,metaspace] GC(62) Metaspace: 33416K(35328K)->33416K(35328K) NonClass: 28960K(29824K)->28960K(29824K) Class: 4455K(5504K)->4455K(5504K)
[176.355s][info][gc          ] GC(62) Pause Full (System.gc()) 1287M->1287M(5939M) 2941.266ms
[179.019s][info][gc,metaspace] GC(63) Metaspace: 33416K(35328K)->33416K(35328K) NonClass: 28960K(29824K)->28960K(29824K) Class: 4455K(5504K)->4455K(5504K)
[179.019s][info][gc          ] GC(63) Pause Full (System.gc()) 1287M->1287M(5939M) 2664.050ms
[181.632s][info][gc,metaspace] GC(64) Metaspace: 33416K(35328K)->33416K(35328K) NonClass: 28960K(29824K)->28960K(29824K) Class: 4455K(5504K)->4455K(5504K)
[181.632s][info][gc          ] GC(64) Pause Full (System.gc()) 1287M->1287M(5939M) 2613.497ms
[184.297s][info][gc,metaspace] GC(65) Metaspace: 33416K(35328K)->33416K(35328K) NonClass: 28960K(29824K)->28960K(29824K) Class: 4455K(5504K)->4455K(5504K)
[184.297s][info][gc          ] GC(65) Pause Full (System.gc()) 1287M->1287M(5939M) 2664.018ms
[186.960s][info][gc,metaspace] GC(66) Metaspace: 33416K(35328K)->33416K(35328K) NonClass: 28960K(29824K)->28960K(29824K) Class: 4455K(5504K)->4455K(5504K)
[186.960s][info][gc          ] GC(66) Pause Full (System.gc()) 1287M->1287M(5939M) 2663.684ms
[190.022s][info][gc,metaspace] GC(67) Metaspace: 33416K(35328K)->33416K(35328K) NonClass: 28960K(29824K)->28960K(29824K) Class: 4455K(5504K)->4455K(5504K)
[190.022s][info][gc          ] GC(67) Pause Full (System.gc()) 1287M->1287M(5939M) 3061.277ms
[192.635s][info][gc,metaspace] GC(68) Metaspace: 33416K(35328K)->33416K(35328K) NonClass: 28960K(29824K)->28960K(29824K) Class: 4455K(5504K)->4455K(5504K)
[192.635s][info][gc          ] GC(68) Pause Full (System.gc()) 1297M->1287M(5939M) 2613.122ms
[195.299s][info][gc,metaspace] GC(69) Metaspace: 33416K(35328K)->33416K(35328K) NonClass: 28960K(29824K)->28960K(29824K) Class: 4455K(5504K)->4455K(5504K)
[195.299s][info][gc          ] GC(69) Pause Full (System.gc()) 1287M->1287M(5939M) 2663.446ms
[197.982s][info][gc,metaspace] GC(70) Metaspace: 33416K(35328K)->33416K(35328K) NonClass: 28960K(29824K)->28960K(29824K) Class: 4455K(5504K)->4455K(5504K)
[197.982s][info][gc          ] GC(70) Pause Full (System.gc()) 1287M->1287M(5939M) 2682.924ms
[201.037s][info][gc,metaspace] GC(71) Metaspace: 33416K(35328K)->33416K(35328K) NonClass: 28960K(29824K)->28960K(29824K) Class: 4455K(5504K)->4455K(5504K)
[201.037s][info][gc          ] GC(71) Pause Full (System.gc()) 1287M->1287M(5939M) 3055.067ms
[203.701s][info][gc,metaspace] GC(72) Metaspace: 33416K(35328K)->33416K(35328K) NonClass: 28960K(29824K)->28960K(29824K) Class: 4455K(5504K)->4455K(5504K)
[203.701s][info][gc          ] GC(72) Pause Full (System.gc()) 1287M->1287M(5939M) 2663.948ms
[206.314s][info][gc,metaspace] GC(73) Metaspace: 33416K(35328K)->33416K(35328K) NonClass: 28960K(29824K)->28960K(29824K) Class: 4455K(5504K)->4455K(5504K)
[206.314s][info][gc          ] GC(73) Pause Full (System.gc()) 1287M->1287M(5939M) 2612.960ms
[208.978s][info][gc,metaspace] GC(74) Metaspace: 33416K(35328K)->33416K(35328K) NonClass: 28960K(29824K)->28960K(29824K) Class: 4455K(5504K)->4455K(5504K)
[208.978s][info][gc          ] GC(74) Pause Full (System.gc()) 1287M->1287M(5939M) 2663.354ms
[211.591s][info][gc,metaspace] GC(75) Metaspace: 33416K(35328K)->33416K(35328K) NonClass: 28960K(29824K)->28960K(29824K) Class: 4455K(5504K)->4455K(5504K)
[211.591s][info][gc          ] GC(75) Pause Full (System.gc()) 1287M->1287M(5939M) 2613.230ms
[214.701s][info][gc,metaspace] GC(76) Metaspace: 33416K(35328K)->33416K(35328K) NonClass: 28960K(29824K)->28960K(29824K) Class: 4455K(5504K)->4455K(5504K)
[214.701s][info][gc          ] GC(76) Pause Full (System.gc()) 1287M->1287M(5939M) 3110.007ms
[217.315s][info][gc,metaspace] GC(77) Metaspace: 33416K(35328K)->33416K(35328K) NonClass: 28960K(29824K)->28960K(29824K) Class: 4455K(5504K)->4455K(5504K)
[217.315s][info][gc          ] GC(77) Pause Full (System.gc()) 1287M->1287M(5939M) 2613.636ms
[219.979s][info][gc,metaspace] GC(78) Metaspace: 33416K(35328K)->33416K(35328K) NonClass: 28960K(29824K)->28960K(29824K) Class: 4455K(5504K)->4455K(5504K)
[219.979s][info][gc          ] GC(78) Pause Full (System.gc()) 1287M->1287M(5939M) 2663.647ms
[222.592s][info][gc,metaspace] GC(79) Metaspace: 33416K(35328K)->33416K(35328K) NonClass: 28960K(29824K)->28960K(29824K) Class: 4455K(5504K)->4455K(5504K)
[222.592s][info][gc          ] GC(79) Pause Full (System.gc()) 1287M->1287M(5939M) 2612.800ms
[225.705s][info][gc,metaspace] GC(80) Metaspace: 33416K(35328K)->33416K(35328K) NonClass: 28960K(29824K)->28960K(29824K) Class: 4455K(5504K)->4455K(5504K)
[225.705s][info][gc          ] GC(80) Pause Full (System.gc()) 1287M->1287M(5939M) 3112.902ms
[228.565s][info][gc,metaspace] GC(81) Metaspace: 33416K(35328K)->33416K(35328K) NonClass: 28960K(29824K)->28960K(29824K) Class: 4455K(5504K)->4455K(5504K)
[228.565s][info][gc          ] GC(81) Pause Full (System.gc()) 1287M->1287M(5939M) 2859.826ms
[231.228s][info][gc,metaspace] GC(82) Metaspace: 33416K(35328K)->33416K(35328K) NonClass: 28960K(29824K)->28960K(29824K) Class: 4455K(5504K)->4455K(5504K)
[231.229s][info][gc          ] GC(82) Pause Full (System.gc()) 1287M->1287M(5939M) 2663.739ms
[233.893s][info][gc,metaspace] GC(83) Metaspace: 33416K(35328K)->33416K(35328K) NonClass: 28960K(29824K)->28960K(29824K) Class: 4455K(5504K)->4455K(5504K)
[233.893s][info][gc          ] GC(83) Pause Full (System.gc()) 1287M->1287M(5939M) 2664.088ms
[237.140s][info][gc,metaspace] GC(84) Metaspace: 33416K(35328K)->33416K(35328K) NonClass: 28960K(29824K)->28960K(29824K) Class: 4455K(5504K)->4455K(5504K)
[237.140s][info][gc          ] GC(84) Pause Full (System.gc()) 1287M->1287M(5939M) 3247.208ms
[239.800s][info][gc,metaspace] GC(85) Metaspace: 33416K(35328K)->33416K(35328K) NonClass: 28960K(29824K)->28960K(29824K) Class: 4455K(5504K)->4455K(5504K)
[239.800s][info][gc          ] GC(85) Pause Full (System.gc()) 1287M->1287M(5939M) 2659.440ms
[242.413s][info][gc,metaspace] GC(86) Metaspace: 33416K(35328K)->33416K(35328K) NonClass: 28960K(29824K)->28960K(29824K) Class: 4455K(5504K)->4455K(5504K)
[242.413s][info][gc          ] GC(86) Pause Full (System.gc()) 1287M->1287M(5939M) 2612.847ms
[245.077s][info][gc,metaspace] GC(87) Metaspace: 33416K(35328K)->33416K(35328K) NonClass: 28960K(29824K)->28960K(29824K) Class: 4455K(5504K)->4455K(5504K)
[245.077s][info][gc          ] GC(87) Pause Full (System.gc()) 1287M->1287M(5939M) 2663.692ms
[247.775s][info][gc,metaspace] GC(88) Metaspace: 33416K(35328K)->33416K(35328K) NonClass: 28960K(29824K)->28960K(29824K) Class: 4455K(5504K)->4455K(5504K)
[247.775s][info][gc          ] GC(88) Pause Full (System.gc()) 1287M->1287M(5939M) 2698.019ms
[250.389s][info][gc,metaspace] GC(89) Metaspace: 33416K(35328K)->33416K(35328K) NonClass: 28960K(29824K)->28960K(29824K) Class: 4455K(5504K)->4455K(5504K)
[250.389s][info][gc          ] GC(89) Pause Full (System.gc()) 1287M->1287M(5939M) 2613.978ms
[253.053s][info][gc,metaspace] GC(90) Metaspace: 33416K(35328K)->33416K(35328K) NonClass: 28960K(29824K)->28960K(29824K) Class: 4455K(5504K)->4455K(5504K)
[253.053s][info][gc          ] GC(90) Pause Full (System.gc()) 1297M->1287M(5939M) 2663.562ms
[255.716s][info][gc,metaspace] GC(91) Metaspace: 33416K(35328K)->33416K(35328K) NonClass: 28960K(29824K)->28960K(29824K) Class: 4455K(5504K)->4455K(5504K)
[255.716s][info][gc          ] GC(91) Pause Full (System.gc()) 1287M->1287M(5939M) 2663.037ms
[258.329s][info][gc,metaspace] GC(92) Metaspace: 33416K(35328K)->33416K(35328K) NonClass: 28960K(29824K)->28960K(29824K) Class: 4455K(5504K)->4455K(5504K)
[258.329s][info][gc          ] GC(92) Pause Full (System.gc()) 1287M->1287M(5939M) 2612.776ms
[261.385s][info][gc,metaspace] GC(93) Metaspace: 33416K(35328K)->33416K(35328K) NonClass: 28960K(29824K)->28960K(29824K) Class: 4455K(5504K)->4455K(5504K)
[261.385s][info][gc          ] GC(93) Pause Full (System.gc()) 1287M->1287M(5939M) 3056.484ms
[264.049s][info][gc,metaspace] GC(94) Metaspace: 33416K(35328K)->33416K(35328K) NonClass: 28960K(29824K)->28960K(29824K) Class: 4455K(5504K)->4455K(5504K)
[264.049s][info][gc          ] GC(94) Pause Full (System.gc()) 1287M->1287M(5939M) 2663.781ms
[266.713s][info][gc,metaspace] GC(95) Metaspace: 33416K(35328K)->33416K(35328K) NonClass: 28960K(29824K)->28960K(29824K) Class: 4455K(5504K)->4455K(5504K)
[266.713s][info][gc          ] GC(95) Pause Full (System.gc()) 1287M->1287M(5939M) 2663.901ms
[269.327s][info][gc,metaspace] GC(96) Metaspace: 33416K(35328K)->33416K(35328K) NonClass: 28960K(29824K)->28960K(29824K) Class: 4455K(5504K)->4455K(5504K)
[269.327s][info][gc          ] GC(96) Pause Full (System.gc()) 1287M->1287M(5939M) 2609.529ms
[272.199s][info][gc,metaspace] GC(97) Metaspace: 33416K(35328K)->33416K(35328K) NonClass: 28960K(29824K)->28960K(29824K) Class: 4455K(5504K)->4455K(5504K)
[272.199s][info][gc          ] GC(97) Pause Full (System.gc()) 1287M->1287M(5939M) 2871.662ms
[274.863s][info][gc,metaspace] GC(98) Metaspace: 33416K(35328K)->33416K(35328K) NonClass: 28960K(29824K)->28960K(29824K) Class: 4455K(5504K)->4455K(5504K)
[274.863s][info][gc          ] GC(98) Pause Full (System.gc()) 1287M->1287M(5939M) 2658.995ms
[277.476s][info][gc,metaspace] GC(99) Metaspace: 33416K(35328K)->33416K(35328K) NonClass: 28960K(29824K)->28960K(29824K) Class: 4455K(5504K)->4455K(5504K)
[277.476s][info][gc          ] GC(99) Pause Full (System.gc()) 1287M->1287M(5939M) 2613.442ms
[280.140s][info][gc,metaspace] GC(100) Metaspace: 33416K(35328K)->33416K(35328K) NonClass: 28960K(29824K)->28960K(29824K) Class: 4455K(5504K)->4455K(5504K)
[280.140s][info][gc          ] GC(100) Pause Full (System.gc()) 1287M->1287M(5939M) 2663.565ms
[282.804s][info][gc,metaspace] GC(101) Metaspace: 33416K(35328K)->33416K(35328K) NonClass: 28960K(29824K)->28960K(29824K) Class: 4455K(5504K)->4455K(5504K)
[282.804s][info][gc          ] GC(101) Pause Full (System.gc()) 1287M->1287M(5939M) 2663.975ms
[285.867s][info][gc,metaspace] GC(102) Metaspace: 33416K(35328K)->33416K(35328K) NonClass: 28960K(29824K)->28960K(29824K) Class: 4455K(5504K)->4455K(5504K)
[285.867s][info][gc          ] GC(102) Pause Full (System.gc()) 1287M->1287M(5939M) 3062.977ms
[288.480s][info][gc,metaspace] GC(103) Metaspace: 33416K(35328K)->33416K(35328K) NonClass: 28960K(29824K)->28960K(29824K) Class: 4455K(5504K)->4455K(5504K)
[288.480s][info][gc          ] GC(103) Pause Full (System.gc()) 1287M->1287M(5939M) 2612.820ms
[291.143s][info][gc,metaspace] GC(104) Metaspace: 33416K(35328K)->33416K(35328K) NonClass: 28960K(29824K)->28960K(29824K) Class: 4455K(5504K)->4455K(5504K)
[291.144s][info][gc          ] GC(104) Pause Full (System.gc()) 1287M->1287M(5939M) 2663.324ms
[293.807s][info][gc,metaspace] GC(105) Metaspace: 33416K(35328K)->33416K(35328K) NonClass: 28960K(29824K)->28960K(29824K) Class: 4455K(5504K)->4455K(5504K)
[293.807s][info][gc          ] GC(105) Pause Full (System.gc()) 1287M->1287M(5939M) 2663.320ms
After GCs... 
