[0.001s][info][metaspace]  - commit_granule_bytes: 65536.
[0.001s][info][metaspace]  - commit_granule_words: 8192.
[0.001s][info][metaspace]  - virtual_space_node_default_size: 8388608.
[0.001s][info][metaspace]  - enlarge_chunks_in_place: 1.
[0.001s][info][metaspace]  - use_allocation_guard: 0.
[0.005s][info][gc       ] Using Parallel
[0.380s][info][metaspace] Reserving compressed class space anywhere
[0.380s][info][gc,metaspace] CDS archive(s) not mapped
[0.380s][info][gc,metaspace] Compressed class space mapped at: 0x00007ffee7000000-0x00007fffa7000000, reserved size: 3221225472
[0.380s][info][gc,metaspace] UseCompressedClassPointers 1, UseCompactObjectHeaders 1, Use2c0 1narrow klass pointer bits 22, max shift 6
[0.380s][info][gc,metaspace] Narrow klass base: 0x00007ffee7000000, Narrow klass shift: 6, Narrow klass range: 0xc0000000
Num Classes: 8192
Num Objects per Class: 8192
Cycles: 100
Class association: random
Generate 8192 classes...[2.429s][info][gc,metaspace] GC(0) Metaspace: 26196K(27328K)->26196K(27328K) NonClass: 20608K(20800K)->20608K(20800K) Class: 5587K(6528K)->5587K(6528K)
[2.429s][info][gc          ] GC(0) Pause Young (Allocation Failure) 1536M->3M(5888M) 5.892ms
[3.604s][info][gc,metaspace] GC(1) Metaspace: 27014K(28224K)->27014K(28224K) NonClass: 21425K(21632K)->21425K(21632K) Class: 5589K(6592K)->5589K(6592K)
[3.604s][info][gc          ] GC(1) Pause Young (Allocation Failure) 1539M->5M(5888M) 6.834ms
[4.749s][info][gc,metaspace] GC(2) Metaspace: 27057K(28288K)->27057K(28288K) NonClass: 21468K(21696K)->21468K(21696K) Class: 5589K(6592K)->5589K(6592K)
[4.749s][info][gc          ] GC(2) Pause Young (Allocation Failure) 1541M->5M(5888M) 5.301ms
[5.935s][info][gc,metaspace] GC(3) Metaspace: 27125K(28352K)->27125K(28352K) NonClass: 21535K(21760K)->21535K(21760K) Class: 5589K(6592K)->5589K(6592K)
[5.935s][info][gc          ] GC(3) Pause Young (Allocation Failure) 1541M->5M(5888M) 4.906ms
[7.048s][info][gc,metaspace] GC(4) Metaspace: 27224K(28416K)->27224K(28416K) NonClass: 21634K(21824K)->21634K(21824K) Class: 5589K(6592K)->5589K(6592K)
[7.048s][info][gc          ] GC(4) Pause Young (Allocation Failure) 1541M->6M(5888M) 4.641ms
[8.126s][info][gc,metaspace] GC(5) Metaspace: 27305K(28544K)->27305K(28544K) NonClass: 21714K(21952K)->21714K(21952K) Class: 5590K(6592K)->5590K(6592K)
[8.126s][info][gc          ] GC(5) Pause Young (Allocation Failure) 1542M->6M(6136M) 5.528ms
[9.509s][info][gc,metaspace] GC(6) Metaspace: 27306K(28544K)->27306K(28544K) NonClass: 21715K(21952K)->21715K(21952K) Class: 5590K(6592K)->5590K(6592K)
[9.510s][info][gc          ] GC(6) Pause Young (Allocation Failure) 2039M->7M(6136M) 4.361ms
[10.929s][info][gc,metaspace] GC(7) Metaspace: 27306K(28544K)->27306K(28544K) NonClass: 21715K(21952K)->21715K(21952K) Class: 5590K(6592K)->5590K(6592K)
[10.929s][info][gc          ] GC(7) Pause Young (Allocation Failure) 2040M->6M(6135M) 1.074ms
[12.293s][info][gc,metaspace] GC(8) Metaspace: 27306K(28544K)->27306K(28544K) NonClass: 21715K(21952K)->21715K(21952K) Class: 5590K(6592K)->5590K(6592K)
[12.293s][info][gc          ] GC(8) Pause Young (Allocation Failure) 2038M->7M(6136M) 1.167ms
[13.672s][info][gc,metaspace] GC(9) Metaspace: 27311K(28544K)->27311K(28544K) NonClass: 21720K(21952K)->21720K(21952K) Class: 5590K(6592K)->5590K(6592K)
[13.672s][info][gc          ] GC(9) Pause Young (Allocation Failure) 2039M->8M(6136M) 1.310ms
[15.082s][info][gc,metaspace] GC(10) Metaspace: 27311K(28544K)->27311K(28544K) NonClass: 21720K(21952K)->21720K(21952K) Class: 5590K(6592K)->5590K(6592K)
[15.082s][info][gc          ] GC(10) Pause Young (Allocation Failure) 2040M->9M(6136M) 1.432ms
[16.434s][info][gc,metaspace] GC(11) Metaspace: 27311K(28544K)->27311K(28544K) NonClass: 21720K(21952K)->21720K(21952K) Class: 5590K(6592K)->5590K(6592K)
[16.434s][info][gc          ] GC(11) Pause Young (Allocation Failure) 2041M->8M(6136M) 0.756ms
[17.780s][info][gc,metaspace] GC(12) Metaspace: 27311K(28544K)->27311K(28544K) NonClass: 21720K(21952K)->21720K(21952K) Class: 5590K(6592K)->5590K(6592K)
[17.780s][info][gc          ] GC(12) Pause Young (Allocation Failure) 2040M->10M(6136M) 1.554ms
[19.160s][info][gc,metaspace] GC(13) Metaspace: 27311K(28544K)->27311K(28544K) NonClass: 21720K(21952K)->21720K(21952K) Class: 5590K(6592K)->5590K(6592K)
[19.160s][info][gc          ] GC(13) Pause Young (Allocation Failure) 2042M->10M(6136M) 0.946ms
[20.489s][info][gc,metaspace] GC(14) Metaspace: 27311K(28544K)->27311K(28544K) NonClass: 21720K(21952K)->21720K(21952K) Class: 5590K(6592K)->5590K(6592K)
[20.489s][info][gc          ] GC(14) Pause Young (Allocation Failure) 2042M->11M(6136M) 1.045ms
[21.813s][info][gc,metaspace] GC(15) Metaspace: 27311K(28544K)->27311K(28544K) NonClass: 21720K(21952K)->21720K(21952K) Class: 5590K(6592K)->5590K(6592K)
[21.813s][info][gc          ] GC(15) Pause Young (Allocation Failure) 2043M->11M(6136M) 1.097ms

Loading 8192...[22.109s][info][gc,metaspace] GC(16) Metaspace: 39192K(40320K)->39192K(40320K) NonClass: 25829K(26048K)->25829K(26048K) Class: 13363K(14272K)->13363K(14272K)
[22.109s][info][gc          ] GC(16) Pause Young (System.gc()) 255M->12M(6136M) 2.849ms
[22.141s][info][gc,metaspace] GC(17) Metaspace: 39192K(40320K)->39192K(40320K) NonClass: 25829K(26048K)->25829K(26048K) Class: 13363K(14272K)->13363K(14272K)
[22.141s][info][gc          ] GC(17) Pause Full (System.gc()) 12M->11M(6136M) 31.766ms
Creating 8192 objects per class...[59.619s][info][gc,metaspace] GC(18) Metaspace: 154410K(199360K)->154410K(199360K) NonClass: 50935K(54016K)->50935K(54016K) Class: 103475K(145344K)->103475K(145344K)
[59.619s][info][gc          ] GC(18) Pause Young (CodeCache GC Threshold) 798M->893M(5487M) 1118.267ms
[61.104s][info][gc,metaspace] GC(19) Metaspace: 154410K(199360K)->154410K(199360K) NonClass: 50935K(54016K)->50935K(54016K) Class: 103475K(145344K)->103475K(145344K)
[61.104s][info][gc          ] GC(19) Pause Full (CodeCache GC Threshold) 893M->841M(5487M) 1484.998ms

Done; will start GCs... 
[66.332s][info][gc,metaspace] GC(20) Metaspace: 154411K(199360K)->154411K(199360K) NonClass: 50936K(54016K)->50936K(54016K) Class: 103475K(145344K)->103475K(145344K)
[66.332s][info][gc          ] GC(20) Pause Young (System.gc()) 1016M->991M(5812M) 121.446ms
[67.420s][info][gc,metaspace] GC(21) Metaspace: 154411K(199360K)->154411K(199360K) NonClass: 50936K(54016K)->50936K(54016K) Class: 103475K(145344K)->103475K(145344K)
[67.420s][info][gc          ] GC(21) Pause Full (System.gc()) 991M->785M(5812M) 1087.825ms
[67.421s][info][gc,metaspace] GC(22) Metaspace: 154411K(199360K)->154411K(199360K) NonClass: 50936K(54016K)->50936K(54016K) Class: 103475K(145344K)->103475K(145344K)
[67.421s][info][gc          ] GC(22) Pause Young (System.gc()) 785M->785M(5821M) 0.829ms
[68.334s][info][gc,metaspace] GC(23) Metaspace: 154411K(199360K)->154411K(199360K) NonClass: 50936K(54016K)->50936K(54016K) Class: 103475K(145344K)->103475K(145344K)
[68.334s][info][gc          ] GC(23) Pause Full (System.gc()) 785M->785M(5821M) 912.353ms
[68.334s][info][gc,metaspace] GC(24) Metaspace: 154411K(199360K)->154411K(199360K) NonClass: 50936K(54016K)->50936K(54016K) Class: 103475K(145344K)->103475K(145344K)
[68.334s][info][gc          ] GC(24) Pause Young (System.gc()) 785M->785M(5814M) 0.514ms
[69.238s][info][gc,metaspace] GC(25) Metaspace: 154411K(199360K)->154411K(199360K) NonClass: 50936K(54016K)->50936K(54016K) Class: 103475K(145344K)->103475K(145344K)
[69.238s][info][gc          ] GC(25) Pause Full (System.gc()) 785M->785M(5814M) 903.742ms
[69.239s][info][gc,metaspace] GC(26) Metaspace: 154411K(199360K)->154411K(199360K) NonClass: 50936K(54016K)->50936K(54016K) Class: 103475K(145344K)->103475K(145344K)
[69.239s][info][gc          ] GC(26) Pause Young (System.gc()) 785M->785M(5840M) 1.190ms
[70.143s][info][gc,metaspace] GC(27) Metaspace: 154411K(199360K)->154411K(199360K) NonClass: 50936K(54016K)->50936K(54016K) Class: 103475K(145344K)->103475K(145344K)
[70.143s][info][gc          ] GC(27) Pause Full (System.gc()) 785M->785M(5840M) 904.023ms
[70.145s][info][gc,metaspace] GC(28) Metaspace: 154411K(199360K)->154411K(199360K) NonClass: 50936K(54016K)->50936K(54016K) Class: 103475K(145344K)->103475K(145344K)
[70.145s][info][gc          ] GC(28) Pause Young (System.gc()) 785M->785M(5830M) 1.295ms
[71.040s][info][gc,metaspace] GC(29) Metaspace: 154411K(199360K)->154411K(199360K) NonClass: 50936K(54016K)->50936K(54016K) Class: 103475K(145344K)->103475K(145344K)
[71.040s][info][gc          ] GC(29) Pause Full (System.gc()) 785M->785M(5830M) 895.600ms
[71.042s][info][gc,metaspace] GC(30) Metaspace: 154411K(199360K)->154411K(199360K) NonClass: 50936K(54016K)->50936K(54016K) Class: 103475K(145344K)->103475K(145344K)
[71.042s][info][gc          ] GC(30) Pause Young (System.gc()) 785M->785M(5863M) 0.902ms
[71.944s][info][gc,metaspace] GC(31) Metaspace: 154411K(199360K)->154411K(199360K) NonClass: 50936K(54016K)->50936K(54016K) Class: 103475K(145344K)->103475K(145344K)
[71.944s][info][gc          ] GC(31) Pause Full (System.gc()) 785M->785M(5863M) 902.795ms
[71.945s][info][gc,metaspace] GC(32) Metaspace: 154411K(199360K)->154411K(199360K) NonClass: 50936K(54016K)->50936K(54016K) Class: 103475K(145344K)->103475K(145344K)
[71.945s][info][gc          ] GC(32) Pause Young (System.gc()) 785M->785M(5851M) 0.749ms
[72.890s][info][gc,metaspace] GC(33) Metaspace: 154411K(199360K)->154411K(199360K) NonClass: 50936K(54016K)->50936K(54016K) Class: 103475K(145344K)->103475K(145344K)
[72.890s][info][gc          ] GC(33) Pause Full (System.gc()) 785M->785M(5851M) 945.015ms
[72.891s][info][gc,metaspace] GC(34) Metaspace: 154411K(199360K)->154411K(199360K) NonClass: 50936K(54016K)->50936K(54016K) Class: 103475K(145344K)->103475K(145344K)
[72.891s][info][gc          ] GC(34) Pause Young (System.gc()) 785M->785M(5889M) 0.771ms
[73.794s][info][gc,metaspace] GC(35) Metaspace: 154411K(199360K)->154411K(199360K) NonClass: 50936K(54016K)->50936K(54016K) Class: 103475K(145344K)->103475K(145344K)
[73.794s][info][gc          ] GC(35) Pause Full (System.gc()) 785M->785M(5889M) 902.398ms
[73.795s][info][gc,metaspace] GC(36) Metaspace: 154411K(199360K)->154411K(199360K) NonClass: 50936K(54016K)->50936K(54016K) Class: 103475K(145344K)->103475K(145344K)
[73.795s][info][gc          ] GC(36) Pause Young (System.gc()) 785M->785M(5876M) 1.245ms
[74.721s][info][gc,metaspace] GC(37) Metaspace: 154411K(199360K)->154411K(199360K) NonClass: 50936K(54016K)->50936K(54016K) Class: 103475K(145344K)->103475K(145344K)
[74.721s][info][gc          ] GC(37) Pause Full (System.gc()) 785M->785M(5876M) 925.935ms
[74.722s][info][gc,metaspace] GC(38) Metaspace: 154411K(199360K)->154411K(199360K) NonClass: 50936K(54016K)->50936K(54016K) Class: 103475K(145344K)->103475K(145344K)
[74.722s][info][gc          ] GC(38) Pause Young (System.gc()) 785M->785M(5915M) 0.655ms
[75.638s][info][gc,metaspace] GC(39) Metaspace: 154411K(199360K)->154411K(199360K) NonClass: 50936K(54016K)->50936K(54016K) Class: 103475K(145344K)->103475K(145344K)
[75.638s][info][gc          ] GC(39) Pause Full (System.gc()) 785M->785M(5915M) 916.307ms
[75.639s][info][gc,metaspace] GC(40) Metaspace: 154411K(199360K)->154411K(199360K) NonClass: 50936K(54016K)->50936K(54016K) Class: 103475K(145344K)->103475K(145344K)
[75.639s][info][gc          ] GC(40) Pause Young (System.gc()) 785M->785M(5902M) 0.599ms
[76.400s][info][gc,metaspace] GC(41) Metaspace: 154411K(199360K)->154411K(199360K) NonClass: 50936K(54016K)->50936K(54016K) Class: 103475K(145344K)->103475K(145344K)
[76.400s][info][gc          ] GC(41) Pause Full (System.gc()) 785M->785M(5902M) 761.672ms
[76.401s][info][gc,metaspace] GC(42) Metaspace: 154411K(199360K)->154411K(199360K) NonClass: 50936K(54016K)->50936K(54016K) Class: 103475K(145344K)->103475K(145344K)
[76.401s][info][gc          ] GC(42) Pause Young (System.gc()) 785M->785M(5940M) 0.717ms
[77.336s][info][gc,metaspace] GC(43) Metaspace: 154411K(199360K)->154411K(199360K) NonClass: 50936K(54016K)->50936K(54016K) Class: 103475K(145344K)->103475K(145344K)
[77.336s][info][gc          ] GC(43) Pause Full (System.gc()) 785M->785M(5940M) 934.550ms
[77.341s][info][gc,metaspace] GC(44) Metaspace: 154411K(199360K)->154411K(199360K) NonClass: 50936K(54016K)->50936K(54016K) Class: 103475K(145344K)->103475K(145344K)
[77.341s][info][gc          ] GC(44) Pause Young (System.gc()) 785M->785M(5928M) 0.556ms
[78.324s][info][gc,metaspace] GC(45) Metaspace: 154411K(199360K)->154411K(199360K) NonClass: 50936K(54016K)->50936K(54016K) Class: 103475K(145344K)->103475K(145344K)
[78.324s][info][gc          ] GC(45) Pause Full (System.gc()) 785M->785M(5928M) 982.848ms
[78.325s][info][gc,metaspace] GC(46) Metaspace: 154411K(199360K)->154411K(199360K) NonClass: 50936K(54016K)->50936K(54016K) Class: 103475K(145344K)->103475K(145344K)
[78.325s][info][gc          ] GC(46) Pause Young (System.gc()) 785M->785M(5964M) 1.353ms
[79.246s][info][gc,metaspace] GC(47) Metaspace: 154411K(199360K)->154411K(199360K) NonClass: 50936K(54016K)->50936K(54016K) Class: 103475K(145344K)->103475K(145344K)
[79.246s][info][gc          ] GC(47) Pause Full (System.gc()) 785M->785M(5964M) 921.138ms
[79.248s][info][gc,metaspace] GC(48) Metaspace: 154411K(199360K)->154411K(199360K) NonClass: 50936K(54016K)->50936K(54016K) Class: 103475K(145344K)->103475K(145344K)
[79.248s][info][gc          ] GC(48) Pause Young (System.gc()) 785M->785M(5952M) 1.233ms
[80.155s][info][gc,metaspace] GC(49) Metaspace: 154411K(199360K)->154411K(199360K) NonClass: 50936K(54016K)->50936K(54016K) Class: 103475K(145344K)->103475K(145344K)
[80.156s][info][gc          ] GC(49) Pause Full (System.gc()) 785M->785M(5952M) 907.648ms
[80.156s][info][gc,metaspace] GC(50) Metaspace: 154411K(199360K)->154411K(199360K) NonClass: 50936K(54016K)->50936K(54016K) Class: 103475K(145344K)->103475K(145344K)
[80.156s][info][gc          ] GC(50) Pause Young (System.gc()) 785M->785M(5986M) 0.707ms
[81.049s][info][gc,metaspace] GC(51) Metaspace: 154411K(199360K)->154411K(199360K) NonClass: 50936K(54016K)->50936K(54016K) Class: 103475K(145344K)->103475K(145344K)
[81.049s][info][gc          ] GC(51) Pause Full (System.gc()) 785M->785M(5986M) 892.365ms
[81.050s][info][gc,metaspace] GC(52) Metaspace: 154411K(199360K)->154411K(199360K) NonClass: 50936K(54016K)->50936K(54016K) Class: 103475K(145344K)->103475K(145344K)
[81.050s][info][gc          ] GC(52) Pause Young (System.gc()) 785M->785M(5975M) 0.663ms
[81.965s][info][gc,metaspace] GC(53) Metaspace: 154411K(199360K)->154411K(199360K) NonClass: 50936K(54016K)->50936K(54016K) Class: 103475K(145344K)->103475K(145344K)
[81.965s][info][gc          ] GC(53) Pause Full (System.gc()) 785M->785M(5975M) 915.650ms
[81.967s][info][gc,metaspace] GC(54) Metaspace: 154411K(199360K)->154411K(199360K) NonClass: 50936K(54016K)->50936K(54016K) Class: 103475K(145344K)->103475K(145344K)
[81.967s][info][gc          ] GC(54) Pause Young (System.gc()) 785M->785M(6006M) 1.249ms
[82.861s][info][gc,metaspace] GC(55) Metaspace: 154411K(199360K)->154411K(199360K) NonClass: 50936K(54016K)->50936K(54016K) Class: 103475K(145344K)->103475K(145344K)
[82.861s][info][gc          ] GC(55) Pause Full (System.gc()) 785M->785M(6006M) 894.212ms
[82.862s][info][gc,metaspace] GC(56) Metaspace: 154411K(199360K)->154411K(199360K) NonClass: 50936K(54016K)->50936K(54016K) Class: 103475K(145344K)->103475K(145344K)
[82.862s][info][gc          ] GC(56) Pause Young (System.gc()) 785M->785M(5997M) 1.248ms
[83.748s][info][gc,metaspace] GC(57) Metaspace: 154411K(199360K)->154411K(199360K) NonClass: 50936K(54016K)->50936K(54016K) Class: 103475K(145344K)->103475K(145344K)
[83.748s][info][gc          ] GC(57) Pause Full (System.gc()) 785M->785M(5997M) 885.582ms
[83.749s][info][gc,metaspace] GC(58) Metaspace: 154411K(199360K)->154411K(199360K) NonClass: 50936K(54016K)->50936K(54016K) Class: 103475K(145344K)->103475K(145344K)
[83.749s][info][gc          ] GC(58) Pause Young (System.gc()) 785M->785M(6025M) 0.709ms
[84.688s][info][gc,metaspace] GC(59) Metaspace: 154411K(199360K)->154411K(199360K) NonClass: 50936K(54016K)->50936K(54016K) Class: 103475K(145344K)->103475K(145344K)
[84.688s][info][gc          ] GC(59) Pause Full (System.gc()) 785M->785M(6025M) 939.672ms
[84.690s][info][gc,metaspace] GC(60) Metaspace: 154411K(199360K)->154411K(199360K) NonClass: 50936K(54016K)->50936K(54016K) Class: 103475K(145344K)->103475K(145344K)
[84.690s][info][gc          ] GC(60) Pause Young (System.gc()) 785M->785M(6016M) 1.324ms
[85.616s][info][gc,metaspace] GC(61) Metaspace: 154411K(199360K)->154411K(199360K) NonClass: 50936K(54016K)->50936K(54016K) Class: 103475K(145344K)->103475K(145344K)
[85.616s][info][gc          ] GC(61) Pause Full (System.gc()) 785M->785M(6016M) 925.622ms
[85.617s][info][gc,metaspace] GC(62) Metaspace: 154411K(199360K)->154411K(199360K) NonClass: 50936K(54016K)->50936K(54016K) Class: 103475K(145344K)->103475K(145344K)
[85.617s][info][gc          ] GC(62) Pause Young (System.gc()) 785M->785M(6041M) 1.383ms
[86.510s][info][gc,metaspace] GC(63) Metaspace: 154411K(199360K)->154411K(199360K) NonClass: 50936K(54016K)->50936K(54016K) Class: 103475K(145344K)->103475K(145344K)
[86.510s][info][gc          ] GC(63) Pause Full (System.gc()) 785M->785M(6041M) 892.865ms
[86.511s][info][gc,metaspace] GC(64) Metaspace: 154411K(199360K)->154411K(199360K) NonClass: 50936K(54016K)->50936K(54016K) Class: 103475K(145344K)->103475K(145344K)
[86.512s][info][gc          ] GC(64) Pause Young (System.gc()) 785M->785M(6033M) 1.301ms
[87.484s][info][gc,metaspace] GC(65) Metaspace: 154411K(199360K)->154411K(199360K) NonClass: 50936K(54016K)->50936K(54016K) Class: 103475K(145344K)->103475K(145344K)
[87.484s][info][gc          ] GC(65) Pause Full (System.gc()) 785M->785M(6033M) 972.890ms
[87.486s][info][gc,metaspace] GC(66) Metaspace: 154411K(199360K)->154411K(199360K) NonClass: 50936K(54016K)->50936K(54016K) Class: 103475K(145344K)->103475K(145344K)
[87.486s][info][gc          ] GC(66) Pause Young (System.gc()) 785M->785M(6055M) 1.272ms
[88.233s][info][gc,metaspace] GC(67) Metaspace: 154411K(199360K)->154411K(199360K) NonClass: 50936K(54016K)->50936K(54016K) Class: 103475K(145344K)->103475K(145344K)
[88.233s][info][gc          ] GC(67) Pause Full (System.gc()) 785M->785M(6055M) 747.505ms
[88.238s][info][gc,metaspace] GC(68) Metaspace: 154411K(199360K)->154411K(199360K) NonClass: 50936K(54016K)->50936K(54016K) Class: 103475K(145344K)->103475K(145344K)
[88.238s][info][gc          ] GC(68) Pause Young (System.gc()) 785M->785M(6048M) 0.606ms
[89.168s][info][gc,metaspace] GC(69) Metaspace: 154411K(199360K)->154411K(199360K) NonClass: 50936K(54016K)->50936K(54016K) Class: 103475K(145344K)->103475K(145344K)
[89.168s][info][gc          ] GC(69) Pause Full (System.gc()) 785M->785M(6048M) 929.201ms
[89.169s][info][gc,metaspace] GC(70) Metaspace: 154411K(199360K)->154411K(199360K) NonClass: 50936K(54016K)->50936K(54016K) Class: 103475K(145344K)->103475K(145344K)
[89.169s][info][gc          ] GC(70) Pause Young (System.gc()) 785M->785M(6068M) 1.366ms
[89.996s][info][gc,metaspace] GC(71) Metaspace: 154411K(199360K)->154411K(199360K) NonClass: 50936K(54016K)->50936K(54016K) Class: 103475K(145344K)->103475K(145344K)
[89.996s][info][gc          ] GC(71) Pause Full (System.gc()) 785M->785M(6068M) 827.318ms
[89.998s][info][gc,metaspace] GC(72) Metaspace: 154411K(199360K)->154411K(199360K) NonClass: 50936K(54016K)->50936K(54016K) Class: 103475K(145344K)->103475K(145344K)
[89.998s][info][gc          ] GC(72) Pause Young (System.gc()) 785M->785M(6062M) 1.102ms
[90.899s][info][gc,metaspace] GC(73) Metaspace: 154411K(199360K)->154411K(199360K) NonClass: 50936K(54016K)->50936K(54016K) Class: 103475K(145344K)->103475K(145344K)
[90.899s][info][gc          ] GC(73) Pause Full (System.gc()) 785M->785M(6062M) 901.578ms
[90.900s][info][gc,metaspace] GC(74) Metaspace: 154411K(199360K)->154411K(199360K) NonClass: 50936K(54016K)->50936K(54016K) Class: 103475K(145344K)->103475K(145344K)
[90.900s][info][gc          ] GC(74) Pause Young (System.gc()) 785M->785M(6079M) 0.854ms
[91.824s][info][gc,metaspace] GC(75) Metaspace: 154411K(199360K)->154411K(199360K) NonClass: 50936K(54016K)->50936K(54016K) Class: 103475K(145344K)->103475K(145344K)
[91.824s][info][gc          ] GC(75) Pause Full (System.gc()) 785M->785M(6079M) 924.161ms
[91.825s][info][gc,metaspace] GC(76) Metaspace: 154411K(199360K)->154411K(199360K) NonClass: 50936K(54016K)->50936K(54016K) Class: 103475K(145344K)->103475K(145344K)
[91.825s][info][gc          ] GC(76) Pause Young (System.gc()) 785M->785M(6074M) 0.585ms
[92.716s][info][gc,metaspace] GC(77) Metaspace: 154411K(199360K)->154411K(199360K) NonClass: 50936K(54016K)->50936K(54016K) Class: 103475K(145344K)->103475K(145344K)
[92.716s][info][gc          ] GC(77) Pause Full (System.gc()) 785M->785M(6074M) 891.096ms
[92.717s][info][gc,metaspace] GC(78) Metaspace: 154411K(199360K)->154411K(199360K) NonClass: 50936K(54016K)->50936K(54016K) Class: 103475K(145344K)->103475K(145344K)
[92.717s][info][gc          ] GC(78) Pause Young (System.gc()) 785M->785M(6088M) 0.885ms
[93.622s][info][gc,metaspace] GC(79) Metaspace: 154411K(199360K)->154411K(199360K) NonClass: 50936K(54016K)->50936K(54016K) Class: 103475K(145344K)->103475K(145344K)
[93.622s][info][gc          ] GC(79) Pause Full (System.gc()) 785M->785M(6088M) 904.429ms
[93.627s][info][gc,metaspace] GC(80) Metaspace: 154411K(199360K)->154411K(199360K) NonClass: 50936K(54016K)->50936K(54016K) Class: 103475K(145344K)->103475K(145344K)
[93.627s][info][gc          ] GC(80) Pause Young (System.gc()) 785M->785M(6084M) 1.223ms
[94.554s][info][gc,metaspace] GC(81) Metaspace: 154411K(199360K)->154411K(199360K) NonClass: 50936K(54016K)->50936K(54016K) Class: 103475K(145344K)->103475K(145344K)
[94.554s][info][gc          ] GC(81) Pause Full (System.gc()) 785M->785M(6084M) 926.649ms
[94.555s][info][gc,metaspace] GC(82) Metaspace: 154411K(199360K)->154411K(199360K) NonClass: 50936K(54016K)->50936K(54016K) Class: 103475K(145344K)->103475K(145344K)
[94.555s][info][gc          ] GC(82) Pause Young (System.gc()) 785M->785M(6097M) 1.332ms
[95.493s][info][gc,metaspace] GC(83) Metaspace: 154411K(199360K)->154411K(199360K) NonClass: 50936K(54016K)->50936K(54016K) Class: 103475K(145344K)->103475K(145344K)
[95.493s][info][gc          ] GC(83) Pause Full (System.gc()) 785M->785M(6097M) 937.191ms
[95.494s][info][gc,metaspace] GC(84) Metaspace: 154411K(199360K)->154411K(199360K) NonClass: 50936K(54016K)->50936K(54016K) Class: 103475K(145344K)->103475K(145344K)
[95.494s][info][gc          ] GC(84) Pause Young (System.gc()) 785M->785M(6093M) 1.197ms
[96.400s][info][gc,metaspace] GC(85) Metaspace: 154411K(199360K)->154411K(199360K) NonClass: 50936K(54016K)->50936K(54016K) Class: 103475K(145344K)->103475K(145344K)
[96.400s][info][gc          ] GC(85) Pause Full (System.gc()) 785M->785M(6093M) 906.321ms
[96.402s][info][gc,metaspace] GC(86) Metaspace: 154411K(199360K)->154411K(199360K) NonClass: 50936K(54016K)->50936K(54016K) Class: 103475K(145344K)->103475K(145344K)
[96.402s][info][gc          ] GC(86) Pause Young (System.gc()) 785M->785M(6104M) 1.331ms
[97.181s][info][gc,metaspace] GC(87) Metaspace: 154411K(199360K)->154411K(199360K) NonClass: 50936K(54016K)->50936K(54016K) Class: 103475K(145344K)->103475K(145344K)
[97.181s][info][gc          ] GC(87) Pause Full (System.gc()) 785M->785M(6104M) 778.976ms
[97.182s][info][gc,metaspace] GC(88) Metaspace: 154411K(199360K)->154411K(199360K) NonClass: 50936K(54016K)->50936K(54016K) Class: 103475K(145344K)->103475K(145344K)
[97.182s][info][gc          ] GC(88) Pause Young (System.gc()) 785M->785M(6100M) 1.229ms
[98.065s][info][gc,metaspace] GC(89) Metaspace: 154411K(199360K)->154411K(199360K) NonClass: 50936K(54016K)->50936K(54016K) Class: 103475K(145344K)->103475K(145344K)
[98.065s][info][gc          ] GC(89) Pause Full (System.gc()) 785M->785M(6100M) 883.035ms
[98.066s][info][gc,metaspace] GC(90) Metaspace: 154411K(199360K)->154411K(199360K) NonClass: 50936K(54016K)->50936K(54016K) Class: 103475K(145344K)->103475K(145344K)
[98.066s][info][gc          ] GC(90) Pause Young (System.gc()) 785M->785M(6110M) 0.718ms
[99.003s][info][gc,metaspace] GC(91) Metaspace: 154411K(199360K)->154411K(199360K) NonClass: 50936K(54016K)->50936K(54016K) Class: 103475K(145344K)->103475K(145344K)
[99.003s][info][gc          ] GC(91) Pause Full (System.gc()) 785M->785M(6110M) 936.767ms
[99.009s][info][gc,metaspace] GC(92) Metaspace: 154411K(199360K)->154411K(199360K) NonClass: 50936K(54016K)->50936K(54016K) Class: 103475K(145344K)->103475K(145344K)
[99.009s][info][gc          ] GC(92) Pause Young (System.gc()) 785M->785M(6107M) 1.213ms
[99.915s][info][gc,metaspace] GC(93) Metaspace: 154411K(199360K)->154411K(199360K) NonClass: 50936K(54016K)->50936K(54016K) Class: 103475K(145344K)->103475K(145344K)
[99.915s][info][gc          ] GC(93) Pause Full (System.gc()) 785M->785M(6107M) 906.606ms
[99.917s][info][gc,metaspace] GC(94) Metaspace: 154411K(199360K)->154411K(199360K) NonClass: 50936K(54016K)->50936K(54016K) Class: 103475K(145344K)->103475K(145344K)
[99.917s][info][gc          ] GC(94) Pause Young (System.gc()) 785M->785M(6115M) 1.362ms
[100.842s][info][gc,metaspace] GC(95) Metaspace: 154411K(199360K)->154411K(199360K) NonClass: 50936K(54016K)->50936K(54016K) Class: 103475K(145344K)->103475K(145344K)
[100.842s][info][gc          ] GC(95) Pause Full (System.gc()) 785M->785M(6115M) 925.621ms
[100.843s][info][gc,metaspace] GC(96) Metaspace: 154411K(199360K)->154411K(199360K) NonClass: 50936K(54016K)->50936K(54016K) Class: 103475K(145344K)->103475K(145344K)
[100.843s][info][gc          ] GC(96) Pause Young (System.gc()) 785M->785M(6113M) 0.536ms
[101.690s][info][gc,metaspace] GC(97) Metaspace: 154411K(199360K)->154411K(199360K) NonClass: 50936K(54016K)->50936K(54016K) Class: 103475K(145344K)->103475K(145344K)
[101.690s][info][gc          ] GC(97) Pause Full (System.gc()) 785M->785M(6113M) 846.920ms
[101.691s][info][gc,metaspace] GC(98) Metaspace: 154411K(199360K)->154411K(199360K) NonClass: 50936K(54016K)->50936K(54016K) Class: 103475K(145344K)->103475K(145344K)
[101.691s][info][gc          ] GC(98) Pause Young (System.gc()) 785M->785M(6120M) 0.744ms
[102.628s][info][gc,metaspace] GC(99) Metaspace: 154411K(199360K)->154411K(199360K) NonClass: 50936K(54016K)->50936K(54016K) Class: 103475K(145344K)->103475K(145344K)
[102.629s][info][gc          ] GC(99) Pause Full (System.gc()) 785M->785M(6120M) 937.703ms
[102.629s][info][gc,metaspace] GC(100) Metaspace: 154411K(199360K)->154411K(199360K) NonClass: 50936K(54016K)->50936K(54016K) Class: 103475K(145344K)->103475K(145344K)
[102.629s][info][gc          ] GC(100) Pause Young (System.gc()) 785M->785M(6117M) 0.606ms
[103.577s][info][gc,metaspace] GC(101) Metaspace: 154411K(199360K)->154411K(199360K) NonClass: 50936K(54016K)->50936K(54016K) Class: 103475K(145344K)->103475K(145344K)
[103.577s][info][gc          ] GC(101) Pause Full (System.gc()) 785M->785M(6117M) 948.123ms
[103.579s][info][gc,metaspace] GC(102) Metaspace: 154411K(199360K)->154411K(199360K) NonClass: 50936K(54016K)->50936K(54016K) Class: 103475K(145344K)->103475K(145344K)
[103.579s][info][gc          ] GC(102) Pause Young (System.gc()) 785M->785M(6123M) 1.286ms
[104.492s][info][gc,metaspace] GC(103) Metaspace: 154411K(199360K)->154411K(199360K) NonClass: 50936K(54016K)->50936K(54016K) Class: 103475K(145344K)->103475K(145344K)
[104.492s][info][gc          ] GC(103) Pause Full (System.gc()) 785M->785M(6123M) 913.483ms
[104.498s][info][gc,metaspace] GC(104) Metaspace: 154411K(199360K)->154411K(199360K) NonClass: 50936K(54016K)->50936K(54016K) Class: 103475K(145344K)->103475K(145344K)
[104.498s][info][gc          ] GC(104) Pause Young (System.gc()) 785M->785M(6122M) 1.215ms
[105.423s][info][gc,metaspace] GC(105) Metaspace: 154411K(199360K)->154411K(199360K) NonClass: 50936K(54016K)->50936K(54016K) Class: 103475K(145344K)->103475K(145344K)
[105.423s][info][gc          ] GC(105) Pause Full (System.gc()) 785M->785M(6122M) 925.009ms
[105.425s][info][gc,metaspace] GC(106) Metaspace: 154411K(199360K)->154411K(199360K) NonClass: 50936K(54016K)->50936K(54016K) Class: 103475K(145344K)->103475K(145344K)
[105.425s][info][gc          ] GC(106) Pause Young (System.gc()) 785M->785M(6127M) 1.382ms
[106.318s][info][gc,metaspace] GC(107) Metaspace: 154411K(199360K)->154411K(199360K) NonClass: 50936K(54016K)->50936K(54016K) Class: 103475K(145344K)->103475K(145344K)
[106.318s][info][gc          ] GC(107) Pause Full (System.gc()) 785M->785M(6127M) 893.109ms
[106.319s][info][gc,metaspace] GC(108) Metaspace: 154411K(199360K)->154411K(199360K) NonClass: 50936K(54016K)->50936K(54016K) Class: 103475K(145344K)->103475K(145344K)
[106.319s][info][gc          ] GC(108) Pause Young (System.gc()) 785M->785M(6125M) 1.257ms
[107.130s][info][gc,metaspace] GC(109) Metaspace: 154411K(199360K)->154411K(199360K) NonClass: 50936K(54016K)->50936K(54016K) Class: 103475K(145344K)->103475K(145344K)
[107.130s][info][gc          ] GC(109) Pause Full (System.gc()) 785M->785M(6125M) 811.205ms
[107.132s][info][gc,metaspace] GC(110) Metaspace: 154411K(199360K)->154411K(199360K) NonClass: 50936K(54016K)->50936K(54016K) Class: 103475K(145344K)->103475K(145344K)
[107.132s][info][gc          ] GC(110) Pause Young (System.gc()) 785M->785M(6129M) 1.172ms
[107.998s][info][gc,metaspace] GC(111) Metaspace: 154411K(199360K)->154411K(199360K) NonClass: 50936K(54016K)->50936K(54016K) Class: 103475K(145344K)->103475K(145344K)
[107.998s][info][gc          ] GC(111) Pause Full (System.gc()) 785M->785M(6129M) 866.330ms
[107.999s][info][gc,metaspace] GC(112) Metaspace: 154411K(199360K)->154411K(199360K) NonClass: 50936K(54016K)->50936K(54016K) Class: 103475K(145344K)->103475K(145344K)
[107.999s][info][gc          ] GC(112) Pause Young (System.gc()) 785M->785M(6128M) 0.641ms
[108.888s][info][gc,metaspace] GC(113) Metaspace: 154411K(199360K)->154411K(199360K) NonClass: 50936K(54016K)->50936K(54016K) Class: 103475K(145344K)->103475K(145344K)
[108.889s][info][gc          ] GC(113) Pause Full (System.gc()) 785M->785M(6128M) 889.700ms
[108.889s][info][gc,metaspace] GC(114) Metaspace: 154411K(199360K)->154411K(199360K) NonClass: 50936K(54016K)->50936K(54016K) Class: 103475K(145344K)->103475K(145344K)
[108.889s][info][gc          ] GC(114) Pause Young (System.gc()) 785M->785M(6132M) 0.667ms
[109.835s][info][gc,metaspace] GC(115) Metaspace: 154411K(199360K)->154411K(199360K) NonClass: 50936K(54016K)->50936K(54016K) Class: 103475K(145344K)->103475K(145344K)
[109.835s][info][gc          ] GC(115) Pause Full (System.gc()) 785M->785M(6132M) 945.818ms
[109.841s][info][gc,metaspace] GC(116) Metaspace: 154411K(199360K)->154411K(199360K) NonClass: 50936K(54016K)->50936K(54016K) Class: 103475K(145344K)->103475K(145344K)
[109.841s][info][gc          ] GC(116) Pause Young (System.gc()) 785M->785M(6130M) 1.268ms
[110.788s][info][gc,metaspace] GC(117) Metaspace: 154411K(199360K)->154411K(199360K) NonClass: 50936K(54016K)->50936K(54016K) Class: 103475K(145344K)->103475K(145344K)
[110.788s][info][gc          ] GC(117) Pause Full (System.gc()) 785M->785M(6130M) 946.816ms
[110.789s][info][gc,metaspace] GC(118) Metaspace: 154411K(199360K)->154411K(199360K) NonClass: 50936K(54016K)->50936K(54016K) Class: 103475K(145344K)->103475K(145344K)
[110.789s][info][gc          ] GC(118) Pause Young (System.gc()) 785M->785M(6133M) 1.251ms
[111.705s][info][gc,metaspace] GC(119) Metaspace: 154411K(199360K)->154411K(199360K) NonClass: 50936K(54016K)->50936K(54016K) Class: 103475K(145344K)->103475K(145344K)
[111.705s][info][gc          ] GC(119) Pause Full (System.gc()) 785M->785M(6133M) 915.536ms
[111.706s][info][gc,metaspace] GC(120) Metaspace: 154411K(199360K)->154411K(199360K) NonClass: 50936K(54016K)->50936K(54016K) Class: 103475K(145344K)->103475K(145344K)
[111.706s][info][gc          ] GC(120) Pause Young (System.gc()) 785M->785M(6133M) 1.116ms
[112.617s][info][gc,metaspace] GC(121) Metaspace: 154411K(199360K)->154411K(199360K) NonClass: 50936K(54016K)->50936K(54016K) Class: 103475K(145344K)->103475K(145344K)
[112.617s][info][gc          ] GC(121) Pause Full (System.gc()) 785M->785M(6133M) 910.828ms
[112.618s][info][gc,metaspace] GC(122) Metaspace: 154411K(199360K)->154411K(199360K) NonClass: 50936K(54016K)->50936K(54016K) Class: 103475K(145344K)->103475K(145344K)
[112.618s][info][gc          ] GC(122) Pause Young (System.gc()) 785M->785M(6135M) 1.204ms
[113.563s][info][gc,metaspace] GC(123) Metaspace: 154411K(199360K)->154411K(199360K) NonClass: 50936K(54016K)->50936K(54016K) Class: 103475K(145344K)->103475K(145344K)
[113.563s][info][gc          ] GC(123) Pause Full (System.gc()) 785M->785M(6135M) 945.373ms
[113.564s][info][gc,metaspace] GC(124) Metaspace: 154411K(199360K)->154411K(199360K) NonClass: 50936K(54016K)->50936K(54016K) Class: 103475K(145344K)->103475K(145344K)
[113.564s][info][gc          ] GC(124) Pause Young (System.gc()) 785M->785M(6134M) 0.544ms
[114.482s][info][gc,metaspace] GC(125) Metaspace: 154411K(199360K)->154411K(199360K) NonClass: 50936K(54016K)->50936K(54016K) Class: 103475K(145344K)->103475K(145344K)
[114.482s][info][gc          ] GC(125) Pause Full (System.gc()) 785M->785M(6134M) 918.262ms
[114.484s][info][gc,metaspace] GC(126) Metaspace: 154411K(199360K)->154411K(199360K) NonClass: 50936K(54016K)->50936K(54016K) Class: 103475K(145344K)->103475K(145344K)
[114.484s][info][gc          ] GC(126) Pause Young (System.gc()) 785M->785M(6136M) 1.333ms
[115.410s][info][gc,metaspace] GC(127) Metaspace: 154411K(199360K)->154411K(199360K) NonClass: 50936K(54016K)->50936K(54016K) Class: 103475K(145344K)->103475K(145344K)
[115.410s][info][gc          ] GC(127) Pause Full (System.gc()) 785M->785M(6136M) 926.219ms
[115.416s][info][gc,metaspace] GC(128) Metaspace: 154411K(199360K)->154411K(199360K) NonClass: 50936K(54016K)->50936K(54016K) Class: 103475K(145344K)->103475K(145344K)
[115.416s][info][gc          ] GC(128) Pause Young (System.gc()) 785M->785M(6136M) 1.175ms
[116.264s][info][gc,metaspace] GC(129) Metaspace: 154411K(199360K)->154411K(199360K) NonClass: 50936K(54016K)->50936K(54016K) Class: 103475K(145344K)->103475K(145344K)
[116.264s][info][gc          ] GC(129) Pause Full (System.gc()) 785M->785M(6136M) 848.747ms
[116.266s][info][gc,metaspace] GC(130) Metaspace: 154411K(199360K)->154411K(199360K) NonClass: 50936K(54016K)->50936K(54016K) Class: 103475K(145344K)->103475K(145344K)
[116.266s][info][gc          ] GC(130) Pause Young (System.gc()) 785M->785M(6138M) 1.161ms
[117.167s][info][gc,metaspace] GC(131) Metaspace: 154411K(199360K)->154411K(199360K) NonClass: 50936K(54016K)->50936K(54016K) Class: 103475K(145344K)->103475K(145344K)
[117.167s][info][gc          ] GC(131) Pause Full (System.gc()) 785M->785M(6138M) 901.144ms
[117.168s][info][gc,metaspace] GC(132) Metaspace: 154411K(199360K)->154411K(199360K) NonClass: 50936K(54016K)->50936K(54016K) Class: 103475K(145344K)->103475K(145344K)
[117.168s][info][gc          ] GC(132) Pause Young (System.gc()) 785M->785M(6137M) 1.157ms
[118.018s][info][gc,metaspace] GC(133) Metaspace: 154411K(199360K)->154411K(199360K) NonClass: 50936K(54016K)->50936K(54016K) Class: 103475K(145344K)->103475K(145344K)
[118.018s][info][gc          ] GC(133) Pause Full (System.gc()) 785M->785M(6137M) 850.257ms
[118.019s][info][gc,metaspace] GC(134) Metaspace: 154411K(199360K)->154411K(199360K) NonClass: 50936K(54016K)->50936K(54016K) Class: 103475K(145344K)->103475K(145344K)
[118.019s][info][gc          ] GC(134) Pause Young (System.gc()) 785M->785M(6139M) 0.688ms
[118.943s][info][gc,metaspace] GC(135) Metaspace: 154411K(199360K)->154411K(199360K) NonClass: 50936K(54016K)->50936K(54016K) Class: 103475K(145344K)->103475K(145344K)
[118.943s][info][gc          ] GC(135) Pause Full (System.gc()) 785M->785M(6139M) 924.081ms
[118.945s][info][gc,metaspace] GC(136) Metaspace: 154411K(199360K)->154411K(199360K) NonClass: 50936K(54016K)->50936K(54016K) Class: 103475K(145344K)->103475K(145344K)
[118.945s][info][gc          ] GC(136) Pause Young (System.gc()) 785M->785M(6138M) 1.128ms
[119.903s][info][gc,metaspace] GC(137) Metaspace: 154411K(199360K)->154411K(199360K) NonClass: 50936K(54016K)->50936K(54016K) Class: 103475K(145344K)->103475K(145344K)
[119.903s][info][gc          ] GC(137) Pause Full (System.gc()) 785M->785M(6138M) 958.424ms
[119.904s][info][gc,metaspace] GC(138) Metaspace: 154411K(199360K)->154411K(199360K) NonClass: 50936K(54016K)->50936K(54016K) Class: 103475K(145344K)->103475K(145344K)
[119.904s][info][gc          ] GC(138) Pause Young (System.gc()) 785M->785M(6139M) 0.699ms
[120.811s][info][gc,metaspace] GC(139) Metaspace: 154411K(199360K)->154411K(199360K) NonClass: 50936K(54016K)->50936K(54016K) Class: 103475K(145344K)->103475K(145344K)
[120.811s][info][gc          ] GC(139) Pause Full (System.gc()) 785M->785M(6139M) 906.591ms
[120.812s][info][gc,metaspace] GC(140) Metaspace: 154411K(199360K)->154411K(199360K) NonClass: 50936K(54016K)->50936K(54016K) Class: 103475K(145344K)->103475K(145344K)
[120.812s][info][gc          ] GC(140) Pause Young (System.gc()) 785M->785M(6139M) 1.299ms
[121.629s][info][gc,metaspace] GC(141) Metaspace: 154411K(199360K)->154411K(199360K) NonClass: 50936K(54016K)->50936K(54016K) Class: 103475K(145344K)->103475K(145344K)
[121.629s][info][gc          ] GC(141) Pause Full (System.gc()) 785M->785M(6139M) 816.593ms
[121.630s][info][gc,metaspace] GC(142) Metaspace: 154411K(199360K)->154411K(199360K) NonClass: 50936K(54016K)->50936K(54016K) Class: 103475K(145344K)->103475K(145344K)
[121.630s][info][gc          ] GC(142) Pause Young (System.gc()) 785M->785M(6140M) 1.153ms
[122.534s][info][gc,metaspace] GC(143) Metaspace: 154411K(199360K)->154411K(199360K) NonClass: 50936K(54016K)->50936K(54016K) Class: 103475K(145344K)->103475K(145344K)
[122.534s][info][gc          ] GC(143) Pause Full (System.gc()) 785M->785M(6140M) 903.886ms
[122.535s][info][gc,metaspace] GC(144) Metaspace: 154411K(199360K)->154411K(199360K) NonClass: 50936K(54016K)->50936K(54016K) Class: 103475K(145344K)->103475K(145344K)
[122.535s][info][gc          ] GC(144) Pause Young (System.gc()) 785M->785M(6140M) 1.299ms
[123.458s][info][gc,metaspace] GC(145) Metaspace: 154411K(199360K)->154411K(199360K) NonClass: 50936K(54016K)->50936K(54016K) Class: 103475K(145344K)->103475K(145344K)
[123.458s][info][gc          ] GC(145) Pause Full (System.gc()) 785M->785M(6140M) 923.006ms
[123.459s][info][gc,metaspace] GC(146) Metaspace: 154411K(199360K)->154411K(199360K) NonClass: 50936K(54016K)->50936K(54016K) Class: 103475K(145344K)->103475K(145344K)
[123.459s][info][gc          ] GC(146) Pause Young (System.gc()) 798M->785M(6141M) 0.622ms
[124.396s][info][gc,metaspace] GC(147) Metaspace: 154411K(199360K)->154411K(199360K) NonClass: 50936K(54016K)->50936K(54016K) Class: 103475K(145344K)->103475K(145344K)
[124.396s][info][gc          ] GC(147) Pause Full (System.gc()) 785M->785M(6141M) 936.800ms
[124.397s][info][gc,metaspace] GC(148) Metaspace: 154411K(199360K)->154411K(199360K) NonClass: 50936K(54016K)->50936K(54016K) Class: 103475K(145344K)->103475K(145344K)
[124.397s][info][gc          ] GC(148) Pause Young (System.gc()) 785M->785M(6140M) 1.253ms
[125.332s][info][gc,metaspace] GC(149) Metaspace: 154411K(199360K)->154411K(199360K) NonClass: 50936K(54016K)->50936K(54016K) Class: 103475K(145344K)->103475K(145344K)
[125.332s][info][gc          ] GC(149) Pause Full (System.gc()) 785M->785M(6140M) 934.869ms
[125.333s][info][gc,metaspace] GC(150) Metaspace: 154411K(199360K)->154411K(199360K) NonClass: 50936K(54016K)->50936K(54016K) Class: 103475K(145344K)->103475K(145344K)
[125.333s][info][gc          ] GC(150) Pause Young (System.gc()) 785M->785M(6141M) 0.847ms
[126.098s][info][gc,metaspace] GC(151) Metaspace: 154411K(199360K)->154411K(199360K) NonClass: 50936K(54016K)->50936K(54016K) Class: 103475K(145344K)->103475K(145344K)
[126.098s][info][gc          ] GC(151) Pause Full (System.gc()) 785M->785M(6141M) 765.094ms
[126.104s][info][gc,metaspace] GC(152) Metaspace: 154411K(199360K)->154411K(199360K) NonClass: 50936K(54016K)->50936K(54016K) Class: 103475K(145344K)->103475K(145344K)
[126.104s][info][gc          ] GC(152) Pause Young (System.gc()) 785M->785M(6141M) 1.167ms
[127.023s][info][gc,metaspace] GC(153) Metaspace: 154411K(199360K)->154411K(199360K) NonClass: 50936K(54016K)->50936K(54016K) Class: 103475K(145344K)->103475K(145344K)
[127.023s][info][gc          ] GC(153) Pause Full (System.gc()) 785M->785M(6141M) 919.103ms
[127.024s][info][gc,metaspace] GC(154) Metaspace: 154411K(199360K)->154411K(199360K) NonClass: 50936K(54016K)->50936K(54016K) Class: 103475K(145344K)->103475K(145344K)
[127.024s][info][gc          ] GC(154) Pause Young (System.gc()) 785M->785M(6142M) 0.833ms
[127.908s][info][gc,metaspace] GC(155) Metaspace: 154411K(199360K)->154411K(199360K) NonClass: 50936K(54016K)->50936K(54016K) Class: 103475K(145344K)->103475K(145344K)
[127.908s][info][gc          ] GC(155) Pause Full (System.gc()) 785M->785M(6142M) 884.093ms
[127.909s][info][gc,metaspace] GC(156) Metaspace: 154411K(199360K)->154411K(199360K) NonClass: 50936K(54016K)->50936K(54016K) Class: 103475K(145344K)->103475K(145344K)
[127.909s][info][gc          ] GC(156) Pause Young (System.gc()) 785M->785M(6141M) 1.102ms
[128.832s][info][gc,metaspace] GC(157) Metaspace: 154411K(199360K)->154411K(199360K) NonClass: 50936K(54016K)->50936K(54016K) Class: 103475K(145344K)->103475K(145344K)
[128.832s][info][gc          ] GC(157) Pause Full (System.gc()) 785M->785M(6141M) 922.768ms
[128.833s][info][gc,metaspace] GC(158) Metaspace: 154411K(199360K)->154411K(199360K) NonClass: 50936K(54016K)->50936K(54016K) Class: 103475K(145344K)->103475K(145344K)
[128.833s][info][gc          ] GC(158) Pause Young (System.gc()) 785M->785M(6142M) 0.646ms
[129.762s][info][gc,metaspace] GC(159) Metaspace: 154411K(199360K)->154411K(199360K) NonClass: 50936K(54016K)->50936K(54016K) Class: 103475K(145344K)->103475K(145344K)
[129.762s][info][gc          ] GC(159) Pause Full (System.gc()) 785M->785M(6142M) 929.237ms
[129.763s][info][gc,metaspace] GC(160) Metaspace: 154411K(199360K)->154411K(199360K) NonClass: 50936K(54016K)->50936K(54016K) Class: 103475K(145344K)->103475K(145344K)
[129.763s][info][gc          ] GC(160) Pause Young (System.gc()) 785M->785M(6142M) 1.109ms
[130.710s][info][gc,metaspace] GC(161) Metaspace: 154411K(199360K)->154411K(199360K) NonClass: 50936K(54016K)->50936K(54016K) Class: 103475K(145344K)->103475K(145344K)
[130.710s][info][gc          ] GC(161) Pause Full (System.gc()) 785M->785M(6142M) 946.984ms
[130.711s][info][gc,metaspace] GC(162) Metaspace: 154411K(199360K)->154411K(199360K) NonClass: 50936K(54016K)->50936K(54016K) Class: 103475K(145344K)->103475K(145344K)
[130.711s][info][gc          ] GC(162) Pause Young (System.gc()) 785M->785M(6142M) 0.671ms
[131.628s][info][gc,metaspace] GC(163) Metaspace: 154411K(199360K)->154411K(199360K) NonClass: 50936K(54016K)->50936K(54016K) Class: 103475K(145344K)->103475K(145344K)
[131.628s][info][gc          ] GC(163) Pause Full (System.gc()) 785M->785M(6142M) 917.020ms
[131.630s][info][gc,metaspace] GC(164) Metaspace: 154411K(199360K)->154411K(199360K) NonClass: 50936K(54016K)->50936K(54016K) Class: 103475K(145344K)->103475K(145344K)
[131.630s][info][gc          ] GC(164) Pause Young (System.gc()) 785M->785M(6142M) 1.288ms
[132.523s][info][gc,metaspace] GC(165) Metaspace: 154411K(199360K)->154411K(199360K) NonClass: 50936K(54016K)->50936K(54016K) Class: 103475K(145344K)->103475K(145344K)
[132.523s][info][gc          ] GC(165) Pause Full (System.gc()) 785M->785M(6142M) 893.172ms
[132.524s][info][gc,metaspace] GC(166) Metaspace: 154411K(199360K)->154411K(199360K) NonClass: 50936K(54016K)->50936K(54016K) Class: 103475K(145344K)->103475K(145344K)
[132.524s][info][gc          ] GC(166) Pause Young (System.gc()) 785M->785M(6142M) 1.120ms
[133.412s][info][gc,metaspace] GC(167) Metaspace: 154411K(199360K)->154411K(199360K) NonClass: 50936K(54016K)->50936K(54016K) Class: 103475K(145344K)->103475K(145344K)
[133.412s][info][gc          ] GC(167) Pause Full (System.gc()) 785M->785M(6142M) 887.874ms
[133.413s][info][gc,metaspace] GC(168) Metaspace: 154411K(199360K)->154411K(199360K) NonClass: 50936K(54016K)->50936K(54016K) Class: 103475K(145344K)->103475K(145344K)
[133.413s][info][gc          ] GC(168) Pause Young (System.gc()) 785M->785M(6142M) 0.809ms
[134.367s][info][gc,metaspace] GC(169) Metaspace: 154411K(199360K)->154411K(199360K) NonClass: 50936K(54016K)->50936K(54016K) Class: 103475K(145344K)->103475K(145344K)
[134.367s][info][gc          ] GC(169) Pause Full (System.gc()) 785M->785M(6142M) 954.245ms
[134.369s][info][gc,metaspace] GC(170) Metaspace: 154411K(199360K)->154411K(199360K) NonClass: 50936K(54016K)->50936K(54016K) Class: 103475K(145344K)->103475K(145344K)
[134.369s][info][gc          ] GC(170) Pause Young (System.gc()) 785M->785M(6143M) 1.251ms
[135.118s][info][gc,metaspace] GC(171) Metaspace: 154411K(199360K)->154411K(199360K) NonClass: 50936K(54016K)->50936K(54016K) Class: 103475K(145344K)->103475K(145344K)
[135.118s][info][gc          ] GC(171) Pause Full (System.gc()) 785M->785M(6143M) 749.031ms
[135.119s][info][gc,metaspace] GC(172) Metaspace: 154411K(199360K)->154411K(199360K) NonClass: 50936K(54016K)->50936K(54016K) Class: 103475K(145344K)->103475K(145344K)
[135.119s][info][gc          ] GC(172) Pause Young (System.gc()) 785M->785M(6142M) 1.300ms
[135.982s][info][gc,metaspace] GC(173) Metaspace: 154411K(199360K)->154411K(199360K) NonClass: 50936K(54016K)->50936K(54016K) Class: 103475K(145344K)->103475K(145344K)
[135.982s][info][gc          ] GC(173) Pause Full (System.gc()) 785M->785M(6142M) 862.684ms
[135.983s][info][gc,metaspace] GC(174) Metaspace: 154411K(199360K)->154411K(199360K) NonClass: 50936K(54016K)->50936K(54016K) Class: 103475K(145344K)->103475K(145344K)
[135.983s][info][gc          ] GC(174) Pause Young (System.gc()) 785M->785M(6143M) 0.634ms
[136.884s][info][gc,metaspace] GC(175) Metaspace: 154411K(199360K)->154411K(199360K) NonClass: 50936K(54016K)->50936K(54016K) Class: 103475K(145344K)->103475K(145344K)
[136.884s][info][gc          ] GC(175) Pause Full (System.gc()) 785M->785M(6143M) 901.761ms
[136.890s][info][gc,metaspace] GC(176) Metaspace: 154411K(199360K)->154411K(199360K) NonClass: 50936K(54016K)->50936K(54016K) Class: 103475K(145344K)->103475K(145344K)
[136.890s][info][gc          ] GC(176) Pause Young (System.gc()) 785M->785M(6143M) 1.181ms
[137.792s][info][gc,metaspace] GC(177) Metaspace: 154411K(199360K)->154411K(199360K) NonClass: 50936K(54016K)->50936K(54016K) Class: 103475K(145344K)->103475K(145344K)
[137.793s][info][gc          ] GC(177) Pause Full (System.gc()) 785M->785M(6143M) 902.576ms
[137.794s][info][gc,metaspace] GC(178) Metaspace: 154411K(199360K)->154411K(199360K) NonClass: 50936K(54016K)->50936K(54016K) Class: 103475K(145344K)->103475K(145344K)
[137.794s][info][gc          ] GC(178) Pause Young (System.gc()) 785M->785M(6143M) 1.260ms
[138.690s][info][gc,metaspace] GC(179) Metaspace: 154411K(199360K)->154411K(199360K) NonClass: 50936K(54016K)->50936K(54016K) Class: 103475K(145344K)->103475K(145344K)
[138.690s][info][gc          ] GC(179) Pause Full (System.gc()) 785M->785M(6143M) 895.672ms
[138.690s][info][gc,metaspace] GC(180) Metaspace: 154411K(199360K)->154411K(199360K) NonClass: 50936K(54016K)->50936K(54016K) Class: 103475K(145344K)->103475K(145344K)
[138.690s][info][gc          ] GC(180) Pause Young (System.gc()) 785M->785M(6143M) 0.523ms
[139.686s][info][gc,metaspace] GC(181) Metaspace: 154411K(199360K)->154411K(199360K) NonClass: 50936K(54016K)->50936K(54016K) Class: 103475K(145344K)->103475K(145344K)
[139.686s][info][gc          ] GC(181) Pause Full (System.gc()) 785M->785M(6143M) 995.428ms
[139.687s][info][gc,metaspace] GC(182) Metaspace: 154411K(199360K)->154411K(199360K) NonClass: 50936K(54016K)->50936K(54016K) Class: 103475K(145344K)->103475K(145344K)
[139.687s][info][gc          ] GC(182) Pause Young (System.gc()) 785M->785M(6143M) 1.130ms
[140.635s][info][gc,metaspace] GC(183) Metaspace: 154411K(199360K)->154411K(199360K) NonClass: 50936K(54016K)->50936K(54016K) Class: 103475K(145344K)->103475K(145344K)
[140.635s][info][gc          ] GC(183) Pause Full (System.gc()) 785M->785M(6143M) 947.711ms
[140.636s][info][gc,metaspace] GC(184) Metaspace: 154411K(199360K)->154411K(199360K) NonClass: 50936K(54016K)->50936K(54016K) Class: 103475K(145344K)->103475K(145344K)
[140.636s][info][gc          ] GC(184) Pause Young (System.gc()) 785M->785M(6143M) 1.290ms
[141.597s][info][gc,metaspace] GC(185) Metaspace: 154411K(199360K)->154411K(199360K) NonClass: 50936K(54016K)->50936K(54016K) Class: 103475K(145344K)->103475K(145344K)
[141.597s][info][gc          ] GC(185) Pause Full (System.gc()) 785M->785M(6143M) 960.565ms
[141.598s][info][gc,metaspace] GC(186) Metaspace: 154411K(199360K)->154411K(199360K) NonClass: 50936K(54016K)->50936K(54016K) Class: 103475K(145344K)->103475K(145344K)
[141.598s][info][gc          ] GC(186) Pause Young (System.gc()) 785M->785M(6143M) 0.886ms
[142.533s][info][gc,metaspace] GC(187) Metaspace: 154411K(199360K)->154411K(199360K) NonClass: 50936K(54016K)->50936K(54016K) Class: 103475K(145344K)->103475K(145344K)
[142.533s][info][gc          ] GC(187) Pause Full (System.gc()) 785M->785M(6143M) 935.547ms
[142.535s][info][gc,metaspace] GC(188) Metaspace: 154411K(199360K)->154411K(199360K) NonClass: 50936K(54016K)->50936K(54016K) Class: 103475K(145344K)->103475K(145344K)
[142.535s][info][gc          ] GC(188) Pause Young (System.gc()) 785M->785M(6143M) 1.179ms
[143.353s][info][gc,metaspace] GC(189) Metaspace: 154411K(199360K)->154411K(199360K) NonClass: 50936K(54016K)->50936K(54016K) Class: 103475K(145344K)->103475K(145344K)
[143.353s][info][gc          ] GC(189) Pause Full (System.gc()) 785M->785M(6143M) 818.361ms
[143.354s][info][gc,metaspace] GC(190) Metaspace: 154411K(199360K)->154411K(199360K) NonClass: 50936K(54016K)->50936K(54016K) Class: 103475K(145344K)->103475K(145344K)
[143.354s][info][gc          ] GC(190) Pause Young (System.gc()) 785M->785M(6143M) 1.212ms
[144.252s][info][gc,metaspace] GC(191) Metaspace: 154411K(199360K)->154411K(199360K) NonClass: 50936K(54016K)->50936K(54016K) Class: 103475K(145344K)->103475K(145344K)
[144.252s][info][gc          ] GC(191) Pause Full (System.gc()) 785M->785M(6143M) 898.163ms
[144.254s][info][gc,metaspace] GC(192) Metaspace: 154411K(199360K)->154411K(199360K) NonClass: 50936K(54016K)->50936K(54016K) Class: 103475K(145344K)->103475K(145344K)
[144.254s][info][gc          ] GC(192) Pause Young (System.gc()) 785M->785M(6143M) 1.279ms
[145.165s][info][gc,metaspace] GC(193) Metaspace: 154411K(199360K)->154411K(199360K) NonClass: 50936K(54016K)->50936K(54016K) Class: 103475K(145344K)->103475K(145344K)
[145.165s][info][gc          ] GC(193) Pause Full (System.gc()) 785M->785M(6143M) 910.933ms
[145.166s][info][gc,metaspace] GC(194) Metaspace: 154411K(199360K)->154411K(199360K) NonClass: 50936K(54016K)->50936K(54016K) Class: 103475K(145344K)->103475K(145344K)
[145.166s][info][gc          ] GC(194) Pause Young (System.gc()) 785M->785M(6143M) 1.262ms
[146.086s][info][gc,metaspace] GC(195) Metaspace: 154411K(199360K)->154411K(199360K) NonClass: 50936K(54016K)->50936K(54016K) Class: 103475K(145344K)->103475K(145344K)
[146.087s][info][gc          ] GC(195) Pause Full (System.gc()) 785M->785M(6143M) 920.206ms
[146.088s][info][gc,metaspace] GC(196) Metaspace: 154411K(199360K)->154411K(199360K) NonClass: 50936K(54016K)->50936K(54016K) Class: 103475K(145344K)->103475K(145344K)
[146.088s][info][gc          ] GC(196) Pause Young (System.gc()) 785M->785M(6143M) 1.231ms
[146.994s][info][gc,metaspace] GC(197) Metaspace: 154411K(199360K)->154411K(199360K) NonClass: 50936K(54016K)->50936K(54016K) Class: 103475K(145344K)->103475K(145344K)
[146.994s][info][gc          ] GC(197) Pause Full (System.gc()) 785M->785M(6143M) 905.759ms
[146.995s][info][gc,metaspace] GC(198) Metaspace: 154411K(199360K)->154411K(199360K) NonClass: 50936K(54016K)->50936K(54016K) Class: 103475K(145344K)->103475K(145344K)
[146.995s][info][gc          ] GC(198) Pause Young (System.gc()) 785M->785M(6143M) 1.216ms
[147.924s][info][gc,metaspace] GC(199) Metaspace: 154411K(199360K)->154411K(199360K) NonClass: 50936K(54016K)->50936K(54016K) Class: 103475K(145344K)->103475K(145344K)
[147.924s][info][gc          ] GC(199) Pause Full (System.gc()) 785M->785M(6143M) 928.690ms
[147.929s][info][gc,metaspace] GC(200) Metaspace: 154411K(199360K)->154411K(199360K) NonClass: 50936K(54016K)->50936K(54016K) Class: 103475K(145344K)->103475K(145344K)
[147.929s][info][gc          ] GC(200) Pause Young (System.gc()) 785M->785M(6143M) 1.265ms
[148.830s][info][gc,metaspace] GC(201) Metaspace: 154411K(199360K)->154411K(199360K) NonClass: 50936K(54016K)->50936K(54016K) Class: 103475K(145344K)->103475K(145344K)
[148.830s][info][gc          ] GC(201) Pause Full (System.gc()) 785M->785M(6143M) 900.681ms
[148.831s][info][gc,metaspace] GC(202) Metaspace: 154411K(199360K)->154411K(199360K) NonClass: 50936K(54016K)->50936K(54016K) Class: 103475K(145344K)->103475K(145344K)
[148.831s][info][gc          ] GC(202) Pause Young (System.gc()) 785M->785M(6143M) 0.516ms
[149.731s][info][gc,metaspace] GC(203) Metaspace: 154411K(199360K)->154411K(199360K) NonClass: 50936K(54016K)->50936K(54016K) Class: 103475K(145344K)->103475K(145344K)
[149.731s][info][gc          ] GC(203) Pause Full (System.gc()) 785M->785M(6143M) 900.224ms
[149.732s][info][gc,metaspace] GC(204) Metaspace: 154411K(199360K)->154411K(199360K) NonClass: 50936K(54016K)->50936K(54016K) Class: 103475K(145344K)->103475K(145344K)
[149.732s][info][gc          ] GC(204) Pause Young (System.gc()) 785M->785M(6143M) 0.612ms
[150.646s][info][gc,metaspace] GC(205) Metaspace: 154411K(199360K)->154411K(199360K) NonClass: 50936K(54016K)->50936K(54016K) Class: 103475K(145344K)->103475K(145344K)
[150.646s][info][gc          ] GC(205) Pause Full (System.gc()) 785M->785M(6143M) 914.504ms
[150.648s][info][gc,metaspace] GC(206) Metaspace: 154411K(199360K)->154411K(199360K) NonClass: 50936K(54016K)->50936K(54016K) Class: 103475K(145344K)->103475K(145344K)
[150.648s][info][gc          ] GC(206) Pause Young (System.gc()) 785M->785M(6143M) 1.201ms
[151.562s][info][gc,metaspace] GC(207) Metaspace: 154411K(199360K)->154411K(199360K) NonClass: 50936K(54016K)->50936K(54016K) Class: 103475K(145344K)->103475K(145344K)
[151.562s][info][gc          ] GC(207) Pause Full (System.gc()) 785M->785M(6143M) 913.988ms
[151.562s][info][gc,metaspace] GC(208) Metaspace: 154411K(199360K)->154411K(199360K) NonClass: 50936K(54016K)->50936K(54016K) Class: 103475K(145344K)->103475K(145344K)
[151.562s][info][gc          ] GC(208) Pause Young (System.gc()) 785M->785M(6143M) 0.614ms
[152.478s][info][gc,metaspace] GC(209) Metaspace: 154411K(199360K)->154411K(199360K) NonClass: 50936K(54016K)->50936K(54016K) Class: 103475K(145344K)->103475K(145344K)
[152.478s][info][gc          ] GC(209) Pause Full (System.gc()) 785M->785M(6143M) 915.407ms
[152.479s][info][gc,metaspace] GC(210) Metaspace: 154411K(199360K)->154411K(199360K) NonClass: 50936K(54016K)->50936K(54016K) Class: 103475K(145344K)->103475K(145344K)
[152.479s][info][gc          ] GC(210) Pause Young (System.gc()) 785M->785M(6143M) 0.652ms
[153.399s][info][gc,metaspace] GC(211) Metaspace: 154411K(199360K)->154411K(199360K) NonClass: 50936K(54016K)->50936K(54016K) Class: 103475K(145344K)->103475K(145344K)
[153.399s][info][gc          ] GC(211) Pause Full (System.gc()) 785M->785M(6143M) 920.744ms
[153.405s][info][gc,metaspace] GC(212) Metaspace: 154411K(199360K)->154411K(199360K) NonClass: 50936K(54016K)->50936K(54016K) Class: 103475K(145344K)->103475K(145344K)
[153.405s][info][gc          ] GC(212) Pause Young (System.gc()) 785M->785M(6143M) 1.207ms
[154.372s][info][gc,metaspace] GC(213) Metaspace: 154411K(199360K)->154411K(199360K) NonClass: 50936K(54016K)->50936K(54016K) Class: 103475K(145344K)->103475K(145344K)
[154.372s][info][gc          ] GC(213) Pause Full (System.gc()) 785M->785M(6143M) 967.470ms
[154.374s][info][gc,metaspace] GC(214) Metaspace: 154411K(199360K)->154411K(199360K) NonClass: 50936K(54016K)->50936K(54016K) Class: 103475K(145344K)->103475K(145344K)
[154.374s][info][gc          ] GC(214) Pause Young (System.gc()) 785M->785M(6143M) 1.255ms
[155.250s][info][gc,metaspace] GC(215) Metaspace: 154411K(199360K)->154411K(199360K) NonClass: 50936K(54016K)->50936K(54016K) Class: 103475K(145344K)->103475K(145344K)
[155.250s][info][gc          ] GC(215) Pause Full (System.gc()) 785M->785M(6143M) 875.743ms
[155.250s][info][gc,metaspace] GC(216) Metaspace: 154411K(199360K)->154411K(199360K) NonClass: 50936K(54016K)->50936K(54016K) Class: 103475K(145344K)->103475K(145344K)
[155.250s][info][gc          ] GC(216) Pause Young (System.gc()) 785M->785M(6143M) 0.607ms
[156.174s][info][gc,metaspace] GC(217) Metaspace: 154411K(199360K)->154411K(199360K) NonClass: 50936K(54016K)->50936K(54016K) Class: 103475K(145344K)->103475K(145344K)
[156.174s][info][gc          ] GC(217) Pause Full (System.gc()) 785M->785M(6143M) 923.585ms
[156.175s][info][gc,metaspace] GC(218) Metaspace: 154411K(199360K)->154411K(199360K) NonClass: 50936K(54016K)->50936K(54016K) Class: 103475K(145344K)->103475K(145344K)
[156.175s][info][gc          ] GC(218) Pause Young (System.gc()) 785M->785M(6143M) 1.215ms
[157.023s][info][gc,metaspace] GC(219) Metaspace: 154411K(199360K)->154411K(199360K) NonClass: 50936K(54016K)->50936K(54016K) Class: 103475K(145344K)->103475K(145344K)
[157.023s][info][gc          ] GC(219) Pause Full (System.gc()) 785M->785M(6143M) 847.383ms
After GCs... 
