Done; will start GCs... 
[67.285s][info][gc,metaspace] GC(20) Metaspace: 61578K(68864K)->61578K(68864K) NonClass: 50329K(53440K)->50329K(53440K) Class: 11248K(15424K)->11248K(15424K)
[67.285s][info][gc          ] GC(20) Pause Young (System.gc()) 1022M->991M(5799M) 110.442ms
[68.386s][info][gc,metaspace] GC(21) Metaspace: 61578K(68864K)->61578K(68864K) NonClass: 50329K(53440K)->50329K(53440K) Class: 11248K(15424K)->11248K(15424K)
[68.386s][info][gc          ] GC(21) Pause Full (System.gc()) 991M->785M(5799M) 1101.049ms
[68.387s][info][gc,metaspace] GC(22) Metaspace: 61578K(68864K)->61578K(68864K) NonClass: 50329K(53440K)->50329K(53440K) Class: 11248K(15424K)->11248K(15424K)
[68.387s][info][gc          ] GC(22) Pause Young (System.gc()) 785M->785M(5823M) 0.693ms
[69.126s][info][gc,metaspace] GC(23) Metaspace: 61578K(68864K)->61578K(68864K) NonClass: 50329K(53440K)->50329K(53440K) Class: 11248K(15424K)->11248K(15424K)
[69.126s][info][gc          ] GC(23) Pause Full (System.gc()) 785M->785M(5823M) 738.686ms
[69.127s][info][gc,metaspace] GC(24) Metaspace: 61578K(68864K)->61578K(68864K) NonClass: 50329K(53440K)->50329K(53440K) Class: 11248K(15424K)->11248K(15424K)
[69.127s][info][gc          ] GC(24) Pause Young (System.gc()) 785M->785M(5817M) 1.145ms
[69.963s][info][gc,metaspace] GC(25) Metaspace: 61578K(68864K)->61578K(68864K) NonClass: 50329K(53440K)->50329K(53440K) Class: 11248K(15424K)->11248K(15424K)
[69.963s][info][gc          ] GC(25) Pause Full (System.gc()) 785M->785M(5817M) 836.382ms
[69.965s][info][gc,metaspace] GC(26) Metaspace: 61578K(68864K)->61578K(68864K) NonClass: 50329K(53440K)->50329K(53440K) Class: 11248K(15424K)->11248K(15424K)
[69.965s][info][gc          ] GC(26) Pause Young (System.gc()) 785M->785M(5842M) 1.301ms
[70.777s][info][gc,metaspace] GC(27) Metaspace: 61578K(68864K)->61578K(68864K) NonClass: 50329K(53440K)->50329K(53440K) Class: 11248K(15424K)->11248K(15424K)
[70.777s][info][gc          ] GC(27) Pause Full (System.gc()) 785M->785M(5842M) 812.548ms
[70.779s][info][gc,metaspace] GC(28) Metaspace: 61578K(68864K)->61578K(68864K) NonClass: 50329K(53440K)->50329K(53440K) Class: 11248K(15424K)->11248K(15424K)
[70.779s][info][gc          ] GC(28) Pause Young (System.gc()) 785M->785M(5832M) 1.118ms
[71.719s][info][gc,metaspace] GC(29) Metaspace: 61578K(68864K)->61578K(68864K) NonClass: 50329K(53440K)->50329K(53440K) Class: 11248K(15424K)->11248K(15424K)
[71.720s][info][gc          ] GC(29) Pause Full (System.gc()) 785M->785M(5832M) 940.828ms
[71.720s][info][gc,metaspace] GC(30) Metaspace: 61578K(68864K)->61578K(68864K) NonClass: 50329K(53440K)->50329K(53440K) Class: 11248K(15424K)->11248K(15424K)
[71.720s][info][gc          ] GC(30) Pause Young (System.gc()) 785M->785M(5865M) 0.729ms
[72.639s][info][gc,metaspace] GC(31) Metaspace: 61578K(68864K)->61578K(68864K) NonClass: 50329K(53440K)->50329K(53440K) Class: 11248K(15424K)->11248K(15424K)
[72.639s][info][gc          ] GC(31) Pause Full (System.gc()) 785M->785M(5865M) 918.724ms
[72.645s][info][gc,metaspace] GC(32) Metaspace: 61578K(68864K)->61578K(68864K) NonClass: 50329K(53440K)->50329K(53440K) Class: 11248K(15424K)->11248K(15424K)
[72.645s][info][gc          ] GC(32) Pause Young (System.gc()) 785M->785M(5853M) 1.140ms
[73.589s][info][gc,metaspace] GC(33) Metaspace: 61578K(68864K)->61578K(68864K) NonClass: 50329K(53440K)->50329K(53440K) Class: 11248K(15424K)->11248K(15424K)
[73.589s][info][gc          ] GC(33) Pause Full (System.gc()) 785M->785M(5853M) 944.756ms
[73.591s][info][gc,metaspace] GC(34) Metaspace: 61578K(68864K)->61578K(68864K) NonClass: 50329K(53440K)->50329K(53440K) Class: 11248K(15424K)->11248K(15424K)
[73.591s][info][gc          ] GC(34) Pause Young (System.gc()) 785M->785M(5891M) 1.390ms
[74.515s][info][gc,metaspace] GC(35) Metaspace: 61578K(68864K)->61578K(68864K) NonClass: 50329K(53440K)->50329K(53440K) Class: 11248K(15424K)->11248K(15424K)
[74.515s][info][gc          ] GC(35) Pause Full (System.gc()) 785M->785M(5891M) 923.807ms
[74.516s][info][gc,metaspace] GC(36) Metaspace: 61578K(68864K)->61578K(68864K) NonClass: 50329K(53440K)->50329K(53440K) Class: 11248K(15424K)->11248K(15424K)
[74.516s][info][gc          ] GC(36) Pause Young (System.gc()) 785M->785M(5878M) 1.166ms
[75.408s][info][gc,metaspace] GC(37) Metaspace: 61578K(68864K)->61578K(68864K) NonClass: 50329K(53440K)->50329K(53440K) Class: 11248K(15424K)->11248K(15424K)
[75.408s][info][gc          ] GC(37) Pause Full (System.gc()) 785M->785M(5878M) 891.680ms
[75.409s][info][gc,metaspace] GC(38) Metaspace: 61578K(68864K)->61578K(68864K) NonClass: 50329K(53440K)->50329K(53440K) Class: 11248K(15424K)->11248K(15424K)
[75.409s][info][gc          ] GC(38) Pause Young (System.gc()) 785M->785M(5916M) 1.351ms
[76.214s][info][gc,metaspace] GC(39) Metaspace: 61578K(68864K)->61578K(68864K) NonClass: 50329K(53440K)->50329K(53440K) Class: 11248K(15424K)->11248K(15424K)
[76.214s][info][gc          ] GC(39) Pause Full (System.gc()) 785M->785M(5916M) 805.052ms
[76.216s][info][gc,metaspace] GC(40) Metaspace: 61578K(68864K)->61578K(68864K) NonClass: 50329K(53440K)->50329K(53440K) Class: 11248K(15424K)->11248K(15424K)
[76.216s][info][gc          ] GC(40) Pause Young (System.gc()) 785M->785M(5903M) 1.274ms
[77.054s][info][gc,metaspace] GC(41) Metaspace: 61578K(68864K)->61578K(68864K) NonClass: 50329K(53440K)->50329K(53440K) Class: 11248K(15424K)->11248K(15424K)
[77.055s][info][gc          ] GC(41) Pause Full (System.gc()) 785M->785M(5903M) 838.679ms
[77.056s][info][gc,metaspace] GC(42) Metaspace: 61578K(68864K)->61578K(68864K) NonClass: 50329K(53440K)->50329K(53440K) Class: 11248K(15424K)->11248K(15424K)
[77.056s][info][gc          ] GC(42) Pause Young (System.gc()) 785M->785M(5941M) 1.230ms
[77.978s][info][gc,metaspace] GC(43) Metaspace: 61578K(68864K)->61578K(68864K) NonClass: 50329K(53440K)->50329K(53440K) Class: 11248K(15424K)->11248K(15424K)
[77.978s][info][gc          ] GC(43) Pause Full (System.gc()) 785M->785M(5941M) 921.695ms
[77.983s][info][gc,metaspace] GC(44) Metaspace: 61578K(68864K)->61578K(68864K) NonClass: 50329K(53440K)->50329K(53440K) Class: 11248K(15424K)->11248K(15424K)
[77.983s][info][gc          ] GC(44) Pause Young (System.gc()) 785M->785M(5929M) 1.140ms
[78.799s][info][gc,metaspace] GC(45) Metaspace: 61578K(68864K)->61578K(68864K) NonClass: 50329K(53440K)->50329K(53440K) Class: 11248K(15424K)->11248K(15424K)
[78.799s][info][gc          ] GC(45) Pause Full (System.gc()) 785M->785M(5929M) 816.044ms
[78.800s][info][gc,metaspace] GC(46) Metaspace: 61578K(68864K)->61578K(68864K) NonClass: 50329K(53440K)->50329K(53440K) Class: 11248K(15424K)->11248K(15424K)
[78.800s][info][gc          ] GC(46) Pause Young (System.gc()) 785M->785M(5965M) 0.756ms
[79.569s][info][gc,metaspace] GC(47) Metaspace: 61578K(68864K)->61578K(68864K) NonClass: 50329K(53440K)->50329K(53440K) Class: 11248K(15424K)->11248K(15424K)
[79.569s][info][gc          ] GC(47) Pause Full (System.gc()) 785M->785M(5965M) 769.293ms
[79.570s][info][gc,metaspace] GC(48) Metaspace: 61578K(68864K)->61578K(68864K) NonClass: 50329K(53440K)->50329K(53440K) Class: 11248K(15424K)->11248K(15424K)
[79.570s][info][gc          ] GC(48) Pause Young (System.gc()) 785M->785M(5953M) 0.612ms
[80.440s][info][gc,metaspace] GC(49) Metaspace: 61578K(68864K)->61578K(68864K) NonClass: 50329K(53440K)->50329K(53440K) Class: 11248K(15424K)->11248K(15424K)
[80.440s][info][gc          ] GC(49) Pause Full (System.gc()) 785M->785M(5953M) 869.405ms
[80.441s][info][gc,metaspace] GC(50) Metaspace: 61578K(68864K)->61578K(68864K) NonClass: 50329K(53440K)->50329K(53440K) Class: 11248K(15424K)->11248K(15424K)
[80.441s][info][gc          ] GC(50) Pause Young (System.gc()) 785M->785M(5987M) 1.323ms
[81.254s][info][gc,metaspace] GC(51) Metaspace: 61578K(68864K)->61578K(68864K) NonClass: 50329K(53440K)->50329K(53440K) Class: 11248K(15424K)->11248K(15424K)
[81.254s][info][gc          ] GC(51) Pause Full (System.gc()) 785M->785M(5987M) 813.188ms
[81.255s][info][gc,metaspace] GC(52) Metaspace: 61578K(68864K)->61578K(68864K) NonClass: 50329K(53440K)->50329K(53440K) Class: 11248K(15424K)->11248K(15424K)
[81.255s][info][gc          ] GC(52) Pause Young (System.gc()) 785M->785M(5976M) 0.610ms
[82.175s][info][gc,metaspace] GC(53) Metaspace: 61578K(68864K)->61578K(68864K) NonClass: 50329K(53440K)->50329K(53440K) Class: 11248K(15424K)->11248K(15424K)
[82.175s][info][gc          ] GC(53) Pause Full (System.gc()) 785M->785M(5976M) 919.646ms
[82.176s][info][gc,metaspace] GC(54) Metaspace: 61578K(68864K)->61578K(68864K) NonClass: 50329K(53440K)->50329K(53440K) Class: 11248K(15424K)->11248K(15424K)
[82.176s][info][gc          ] GC(54) Pause Young (System.gc()) 785M->785M(6007M) 1.244ms
[83.022s][info][gc,metaspace] GC(55) Metaspace: 61578K(68864K)->61578K(68864K) NonClass: 50329K(53440K)->50329K(53440K) Class: 11248K(15424K)->11248K(15424K)
[83.023s][info][gc          ] GC(55) Pause Full (System.gc()) 785M->785M(6007M) 846.363ms
[83.028s][info][gc,metaspace] GC(56) Metaspace: 61578K(68864K)->61578K(68864K) NonClass: 50329K(53440K)->50329K(53440K) Class: 11248K(15424K)->11248K(15424K)
[83.028s][info][gc          ] GC(56) Pause Young (System.gc()) 785M->785M(5997M) 1.141ms
[83.997s][info][gc,metaspace] GC(57) Metaspace: 61578K(68864K)->61578K(68864K) NonClass: 50329K(53440K)->50329K(53440K) Class: 11248K(15424K)->11248K(15424K)
[83.997s][info][gc          ] GC(57) Pause Full (System.gc()) 785M->785M(5997M) 969.004ms
[83.999s][info][gc,metaspace] GC(58) Metaspace: 61578K(68864K)->61578K(68864K) NonClass: 50329K(53440K)->50329K(53440K) Class: 11248K(15424K)->11248K(15424K)
[83.999s][info][gc          ] GC(58) Pause Young (System.gc()) 785M->785M(6025M) 1.338ms
[84.898s][info][gc,metaspace] GC(59) Metaspace: 61578K(68864K)->61578K(68864K) NonClass: 50329K(53440K)->50329K(53440K) Class: 11248K(15424K)->11248K(15424K)
[84.898s][info][gc          ] GC(59) Pause Full (System.gc()) 785M->785M(6025M) 899.289ms
[84.899s][info][gc,metaspace] GC(60) Metaspace: 61578K(68864K)->61578K(68864K) NonClass: 50329K(53440K)->50329K(53440K) Class: 11248K(15424K)->11248K(15424K)
[84.899s][info][gc          ] GC(60) Pause Young (System.gc()) 785M->785M(6016M) 0.582ms
[85.813s][info][gc,metaspace] GC(61) Metaspace: 61578K(68864K)->61578K(68864K) NonClass: 50329K(53440K)->50329K(53440K) Class: 11248K(15424K)->11248K(15424K)
[85.813s][info][gc          ] GC(61) Pause Full (System.gc()) 785M->785M(6016M) 914.391ms
[85.814s][info][gc,metaspace] GC(62) Metaspace: 61578K(68864K)->61578K(68864K) NonClass: 50329K(53440K)->50329K(53440K) Class: 11248K(15424K)->11248K(15424K)
[85.814s][info][gc          ] GC(62) Pause Young (System.gc()) 785M->785M(6041M) 0.685ms
[86.738s][info][gc,metaspace] GC(63) Metaspace: 61578K(68864K)->61578K(68864K) NonClass: 50329K(53440K)->50329K(53440K) Class: 11248K(15424K)->11248K(15424K)
[86.738s][info][gc          ] GC(63) Pause Full (System.gc()) 785M->785M(6041M) 923.937ms
[86.739s][info][gc,metaspace] GC(64) Metaspace: 61578K(68864K)->61578K(68864K) NonClass: 50329K(53440K)->50329K(53440K) Class: 11248K(15424K)->11248K(15424K)
[86.739s][info][gc          ] GC(64) Pause Young (System.gc()) 785M->785M(6034M) 1.251ms
[87.661s][info][gc,metaspace] GC(65) Metaspace: 61578K(68864K)->61578K(68864K) NonClass: 50329K(53440K)->50329K(53440K) Class: 11248K(15424K)->11248K(15424K)
[87.661s][info][gc          ] GC(65) Pause Full (System.gc()) 785M->785M(6034M) 921.705ms
[87.662s][info][gc,metaspace] GC(66) Metaspace: 61578K(68864K)->61578K(68864K) NonClass: 50329K(53440K)->50329K(53440K) Class: 11248K(15424K)->11248K(15424K)
[87.663s][info][gc          ] GC(66) Pause Young (System.gc()) 785M->785M(6056M) 1.336ms
[88.557s][info][gc,metaspace] GC(67) Metaspace: 61578K(68864K)->61578K(68864K) NonClass: 50329K(53440K)->50329K(53440K) Class: 11248K(15424K)->11248K(15424K)
[88.557s][info][gc          ] GC(67) Pause Full (System.gc()) 785M->785M(6056M) 894.232ms
[88.562s][info][gc,metaspace] GC(68) Metaspace: 61578K(68864K)->61578K(68864K) NonClass: 50329K(53440K)->50329K(53440K) Class: 11248K(15424K)->11248K(15424K)
[88.562s][info][gc          ] GC(68) Pause Young (System.gc()) 785M->785M(6049M) 1.213ms
[89.306s][info][gc,metaspace] GC(69) Metaspace: 61578K(68864K)->61578K(68864K) NonClass: 50329K(53440K)->50329K(53440K) Class: 11248K(15424K)->11248K(15424K)
[89.306s][info][gc          ] GC(69) Pause Full (System.gc()) 785M->785M(6049M) 743.204ms
[89.306s][info][gc,metaspace] GC(70) Metaspace: 61578K(68864K)->61578K(68864K) NonClass: 50329K(53440K)->50329K(53440K) Class: 11248K(15424K)->11248K(15424K)
[89.306s][info][gc          ] GC(70) Pause Young (System.gc()) 785M->785M(6068M) 0.696ms
[90.244s][info][gc,metaspace] GC(71) Metaspace: 61578K(68864K)->61578K(68864K) NonClass: 50329K(53440K)->50329K(53440K) Class: 11248K(15424K)->11248K(15424K)
[90.244s][info][gc          ] GC(71) Pause Full (System.gc()) 785M->785M(6068M) 937.542ms
[90.245s][info][gc,metaspace] GC(72) Metaspace: 61578K(68864K)->61578K(68864K) NonClass: 50329K(53440K)->50329K(53440K) Class: 11248K(15424K)->11248K(15424K)
[90.245s][info][gc          ] GC(72) Pause Young (System.gc()) 785M->785M(6062M) 0.544ms
[91.061s][info][gc,metaspace] GC(73) Metaspace: 61578K(68864K)->61578K(68864K) NonClass: 50329K(53440K)->50329K(53440K) Class: 11248K(15424K)->11248K(15424K)
[91.062s][info][gc          ] GC(73) Pause Full (System.gc()) 785M->785M(6062M) 816.844ms
[91.062s][info][gc,metaspace] GC(74) Metaspace: 61578K(68864K)->61578K(68864K) NonClass: 50329K(53440K)->50329K(53440K) Class: 11248K(15424K)->11248K(15424K)
[91.062s][info][gc          ] GC(74) Pause Young (System.gc()) 785M->785M(6079M) 0.721ms
[91.984s][info][gc,metaspace] GC(75) Metaspace: 61578K(68864K)->61578K(68864K) NonClass: 50329K(53440K)->50329K(53440K) Class: 11248K(15424K)->11248K(15424K)
[91.984s][info][gc          ] GC(75) Pause Full (System.gc()) 785M->785M(6079M) 921.145ms
[91.985s][info][gc,metaspace] GC(76) Metaspace: 61578K(68864K)->61578K(68864K) NonClass: 50329K(53440K)->50329K(53440K) Class: 11248K(15424K)->11248K(15424K)
[91.985s][info][gc          ] GC(76) Pause Young (System.gc()) 785M->785M(6074M) 1.210ms
[92.922s][info][gc,metaspace] GC(77) Metaspace: 61578K(68864K)->61578K(68864K) NonClass: 50329K(53440K)->50329K(53440K) Class: 11248K(15424K)->11248K(15424K)
[92.922s][info][gc          ] GC(77) Pause Full (System.gc()) 785M->785M(6074M) 937.368ms
[92.924s][info][gc,metaspace] GC(78) Metaspace: 61578K(68864K)->61578K(68864K) NonClass: 50329K(53440K)->50329K(53440K) Class: 11248K(15424K)->11248K(15424K)
[92.924s][info][gc          ] GC(78) Pause Young (System.gc()) 785M->785M(6089M) 1.343ms
[93.849s][info][gc,metaspace] GC(79) Metaspace: 61578K(68864K)->61578K(68864K) NonClass: 50329K(53440K)->50329K(53440K) Class: 11248K(15424K)->11248K(15424K)
[93.849s][info][gc          ] GC(79) Pause Full (System.gc()) 785M->785M(6089M) 925.499ms
[93.854s][info][gc,metaspace] GC(80) Metaspace: 61578K(68864K)->61578K(68864K) NonClass: 50329K(53440K)->50329K(53440K) Class: 11248K(15424K)->11248K(15424K)
[93.854s][info][gc          ] GC(80) Pause Young (System.gc()) 785M->785M(6084M) 0.647ms
[94.805s][info][gc,metaspace] GC(81) Metaspace: 61578K(68864K)->61578K(68864K) NonClass: 50329K(53440K)->50329K(53440K) Class: 11248K(15424K)->11248K(15424K)
[94.805s][info][gc          ] GC(81) Pause Full (System.gc()) 785M->785M(6084M) 950.415ms
[94.806s][info][gc,metaspace] GC(82) Metaspace: 61578K(68864K)->61578K(68864K) NonClass: 50329K(53440K)->50329K(53440K) Class: 11248K(15424K)->11248K(15424K)
[94.806s][info][gc          ] GC(82) Pause Young (System.gc()) 785M->785M(6097M) 0.673ms
[95.730s][info][gc,metaspace] GC(83) Metaspace: 61578K(68864K)->61578K(68864K) NonClass: 50329K(53440K)->50329K(53440K) Class: 11248K(15424K)->11248K(15424K)
[95.730s][info][gc          ] GC(83) Pause Full (System.gc()) 785M->785M(6097M) 924.874ms
[95.732s][info][gc,metaspace] GC(84) Metaspace: 61578K(68864K)->61578K(68864K) NonClass: 50329K(53440K)->50329K(53440K) Class: 11248K(15424K)->11248K(15424K)
[95.732s][info][gc          ] GC(84) Pause Young (System.gc()) 785M->785M(6093M) 1.264ms
[96.644s][info][gc,metaspace] GC(85) Metaspace: 61578K(68864K)->61578K(68864K) NonClass: 50329K(53440K)->50329K(53440K) Class: 11248K(15424K)->11248K(15424K)
[96.644s][info][gc          ] GC(85) Pause Full (System.gc()) 785M->785M(6093M) 912.226ms
[96.645s][info][gc,metaspace] GC(86) Metaspace: 61578K(68864K)->61578K(68864K) NonClass: 50329K(53440K)->50329K(53440K) Class: 11248K(15424K)->11248K(15424K)
[96.645s][info][gc          ] GC(86) Pause Young (System.gc()) 785M->785M(6104M) 0.668ms
[97.583s][info][gc,metaspace] GC(87) Metaspace: 61578K(68864K)->61578K(68864K) NonClass: 50329K(53440K)->50329K(53440K) Class: 11248K(15424K)->11248K(15424K)
[97.583s][info][gc          ] GC(87) Pause Full (System.gc()) 785M->785M(6104M) 938.085ms
[97.584s][info][gc,metaspace] GC(88) Metaspace: 61578K(68864K)->61578K(68864K) NonClass: 50329K(53440K)->50329K(53440K) Class: 11248K(15424K)->11248K(15424K)
[97.584s][info][gc          ] GC(88) Pause Young (System.gc()) 785M->785M(6101M) 0.520ms
[98.535s][info][gc,metaspace] GC(89) Metaspace: 61578K(68864K)->61578K(68864K) NonClass: 50329K(53440K)->50329K(53440K) Class: 11248K(15424K)->11248K(15424K)
[98.535s][info][gc          ] GC(89) Pause Full (System.gc()) 785M->785M(6101M) 951.126ms
[98.536s][info][gc,metaspace] GC(90) Metaspace: 61578K(68864K)->61578K(68864K) NonClass: 50329K(53440K)->50329K(53440K) Class: 11248K(15424K)->11248K(15424K)
[98.536s][info][gc          ] GC(90) Pause Young (System.gc()) 785M->785M(6110M) 1.286ms
[99.379s][info][gc,metaspace] GC(91) Metaspace: 61578K(68864K)->61578K(68864K) NonClass: 50329K(53440K)->50329K(53440K) Class: 11248K(15424K)->11248K(15424K)
[99.379s][info][gc          ] GC(91) Pause Full (System.gc()) 785M->785M(6110M) 843.094ms
[99.381s][info][gc,metaspace] GC(92) Metaspace: 61578K(68864K)->61578K(68864K) NonClass: 50329K(53440K)->50329K(53440K) Class: 11248K(15424K)->11248K(15424K)
[99.381s][info][gc          ] GC(92) Pause Young (System.gc()) 785M->785M(6107M) 1.282ms
[100.319s][info][gc,metaspace] GC(93) Metaspace: 61578K(68864K)->61578K(68864K) NonClass: 50329K(53440K)->50329K(53440K) Class: 11248K(15424K)->11248K(15424K)
[100.320s][info][gc          ] GC(93) Pause Full (System.gc()) 785M->785M(6107M) 938.644ms
[100.321s][info][gc,metaspace] GC(94) Metaspace: 61578K(68864K)->61578K(68864K) NonClass: 50329K(53440K)->50329K(53440K) Class: 11248K(15424K)->11248K(15424K)
[100.321s][info][gc          ] GC(94) Pause Young (System.gc()) 785M->785M(6115M) 1.354ms
[101.243s][info][gc,metaspace] GC(95) Metaspace: 61578K(68864K)->61578K(68864K) NonClass: 50329K(53440K)->50329K(53440K) Class: 11248K(15424K)->11248K(15424K)
[101.244s][info][gc          ] GC(95) Pause Full (System.gc()) 785M->785M(6115M) 922.490ms
[101.245s][info][gc,metaspace] GC(96) Metaspace: 61578K(68864K)->61578K(68864K) NonClass: 50329K(53440K)->50329K(53440K) Class: 11248K(15424K)->11248K(15424K)
[101.245s][info][gc          ] GC(96) Pause Young (System.gc()) 785M->785M(6113M) 1.230ms
[102.176s][info][gc,metaspace] GC(97) Metaspace: 61578K(68864K)->61578K(68864K) NonClass: 50329K(53440K)->50329K(53440K) Class: 11248K(15424K)->11248K(15424K)
[102.176s][info][gc          ] GC(97) Pause Full (System.gc()) 785M->785M(6113M) 931.242ms
[102.178s][info][gc,metaspace] GC(98) Metaspace: 61578K(68864K)->61578K(68864K) NonClass: 50329K(53440K)->50329K(53440K) Class: 11248K(15424K)->11248K(15424K)
[102.178s][info][gc          ] GC(98) Pause Young (System.gc()) 785M->785M(6120M) 1.335ms
[103.001s][info][gc,metaspace] GC(99) Metaspace: 61578K(68864K)->61578K(68864K) NonClass: 50329K(53440K)->50329K(53440K) Class: 11248K(15424K)->11248K(15424K)
[103.001s][info][gc          ] GC(99) Pause Full (System.gc()) 785M->785M(6120M) 822.987ms
[103.002s][info][gc,metaspace] GC(100) Metaspace: 61578K(68864K)->61578K(68864K) NonClass: 50329K(53440K)->50329K(53440K) Class: 11248K(15424K)->11248K(15424K)
[103.002s][info][gc          ] GC(100) Pause Young (System.gc()) 785M->785M(6118M) 1.259ms
[103.947s][info][gc,metaspace] GC(101) Metaspace: 61578K(68864K)->61578K(68864K) NonClass: 50329K(53440K)->50329K(53440K) Class: 11248K(15424K)->11248K(15424K)
[103.948s][info][gc          ] GC(101) Pause Full (System.gc()) 785M->785M(6118M) 945.470ms
[103.949s][info][gc,metaspace] GC(102) Metaspace: 61578K(68864K)->61578K(68864K) NonClass: 50329K(53440K)->50329K(53440K) Class: 11248K(15424K)->11248K(15424K)
[103.949s][info][gc          ] GC(102) Pause Young (System.gc()) 785M->785M(6123M) 1.347ms
[104.763s][info][gc,metaspace] GC(103) Metaspace: 61578K(68864K)->61578K(68864K) NonClass: 50329K(53440K)->50329K(53440K) Class: 11248K(15424K)->11248K(15424K)
[104.763s][info][gc          ] GC(103) Pause Full (System.gc()) 785M->785M(6123M) 814.195ms
[104.768s][info][gc,metaspace] GC(104) Metaspace: 61578K(68864K)->61578K(68864K) NonClass: 50329K(53440K)->50329K(53440K) Class: 11248K(15424K)->11248K(15424K)
[104.768s][info][gc          ] GC(104) Pause Young (System.gc()) 785M->785M(6122M) 0.558ms
[105.701s][info][gc,metaspace] GC(105) Metaspace: 61578K(68864K)->61578K(68864K) NonClass: 50329K(53440K)->50329K(53440K) Class: 11248K(15424K)->11248K(15424K)
[105.701s][info][gc          ] GC(105) Pause Full (System.gc()) 785M->785M(6122M) 932.742ms
[105.702s][info][gc,metaspace] GC(106) Metaspace: 61578K(68864K)->61578K(68864K) NonClass: 50329K(53440K)->50329K(53440K) Class: 11248K(15424K)->11248K(15424K)
[105.702s][info][gc          ] GC(106) Pause Young (System.gc()) 785M->785M(6127M) 1.297ms
[106.538s][info][gc,metaspace] GC(107) Metaspace: 61578K(68864K)->61578K(68864K) NonClass: 50329K(53440K)->50329K(53440K) Class: 11248K(15424K)->11248K(15424K)
[106.538s][info][gc          ] GC(107) Pause Full (System.gc()) 785M->785M(6127M) 835.936ms
[106.540s][info][gc,metaspace] GC(108) Metaspace: 61578K(68864K)->61578K(68864K) NonClass: 50329K(53440K)->50329K(53440K) Class: 11248K(15424K)->11248K(15424K)
[106.540s][info][gc          ] GC(108) Pause Young (System.gc()) 785M->785M(6125M) 1.096ms
[107.453s][info][gc,metaspace] GC(109) Metaspace: 61578K(68864K)->61578K(68864K) NonClass: 50329K(53440K)->50329K(53440K) Class: 11248K(15424K)->11248K(15424K)
[107.453s][info][gc          ] GC(109) Pause Full (System.gc()) 785M->785M(6125M) 913.282ms
[107.454s][info][gc,metaspace] GC(110) Metaspace: 61578K(68864K)->61578K(68864K) NonClass: 50329K(53440K)->50329K(53440K) Class: 11248K(15424K)->11248K(15424K)
[107.454s][info][gc          ] GC(110) Pause Young (System.gc()) 785M->785M(6129M) 0.674ms
[108.274s][info][gc,metaspace] GC(111) Metaspace: 61578K(68864K)->61578K(68864K) NonClass: 50329K(53440K)->50329K(53440K) Class: 11248K(15424K)->11248K(15424K)
[108.274s][info][gc          ] GC(111) Pause Full (System.gc()) 785M->785M(6129M) 819.975ms
[108.275s][info][gc,metaspace] GC(112) Metaspace: 61578K(68864K)->61578K(68864K) NonClass: 50329K(53440K)->50329K(53440K) Class: 11248K(15424K)->11248K(15424K)
[108.275s][info][gc          ] GC(112) Pause Young (System.gc()) 785M->785M(6128M) 1.252ms
[109.193s][info][gc,metaspace] GC(113) Metaspace: 61578K(68864K)->61578K(68864K) NonClass: 50329K(53440K)->50329K(53440K) Class: 11248K(15424K)->11248K(15424K)
[109.193s][info][gc          ] GC(113) Pause Full (System.gc()) 785M->785M(6128M) 918.322ms
[109.195s][info][gc,metaspace] GC(114) Metaspace: 61578K(68864K)->61578K(68864K) NonClass: 50329K(53440K)->50329K(53440K) Class: 11248K(15424K)->11248K(15424K)
[109.195s][info][gc          ] GC(114) Pause Young (System.gc()) 785M->785M(6132M) 1.161ms
[110.020s][info][gc,metaspace] GC(115) Metaspace: 61578K(68864K)->61578K(68864K) NonClass: 50329K(53440K)->50329K(53440K) Class: 11248K(15424K)->11248K(15424K)
[110.020s][info][gc          ] GC(115) Pause Full (System.gc()) 785M->785M(6132M) 825.691ms
[110.026s][info][gc,metaspace] GC(116) Metaspace: 61578K(68864K)->61578K(68864K) NonClass: 50329K(53440K)->50329K(53440K) Class: 11248K(15424K)->11248K(15424K)
[110.026s][info][gc          ] GC(116) Pause Young (System.gc()) 785M->785M(6131M) 1.119ms
[110.884s][info][gc,metaspace] GC(117) Metaspace: 61578K(68864K)->61578K(68864K) NonClass: 50329K(53440K)->50329K(53440K) Class: 11248K(15424K)->11248K(15424K)
[110.884s][info][gc          ] GC(117) Pause Full (System.gc()) 785M->785M(6131M) 858.430ms
[110.885s][info][gc,metaspace] GC(118) Metaspace: 61578K(68864K)->61578K(68864K) NonClass: 50329K(53440K)->50329K(53440K) Class: 11248K(15424K)->11248K(15424K)
[110.885s][info][gc          ] GC(118) Pause Young (System.gc()) 785M->785M(6134M) 0.613ms
[111.806s][info][gc,metaspace] GC(119) Metaspace: 61578K(68864K)->61578K(68864K) NonClass: 50329K(53440K)->50329K(53440K) Class: 11248K(15424K)->11248K(15424K)
[111.806s][info][gc          ] GC(119) Pause Full (System.gc()) 785M->785M(6134M) 921.257ms
[111.807s][info][gc,metaspace] GC(120) Metaspace: 61578K(68864K)->61578K(68864K) NonClass: 50329K(53440K)->50329K(53440K) Class: 11248K(15424K)->11248K(15424K)
[111.807s][info][gc          ] GC(120) Pause Young (System.gc()) 785M->785M(6133M) 0.597ms
[112.646s][info][gc,metaspace] GC(121) Metaspace: 61578K(68864K)->61578K(68864K) NonClass: 50329K(53440K)->50329K(53440K) Class: 11248K(15424K)->11248K(15424K)
[112.646s][info][gc          ] GC(121) Pause Full (System.gc()) 785M->785M(6133M) 838.657ms
[112.647s][info][gc,metaspace] GC(122) Metaspace: 61578K(68864K)->61578K(68864K) NonClass: 50329K(53440K)->50329K(53440K) Class: 11248K(15424K)->11248K(15424K)
[112.647s][info][gc          ] GC(122) Pause Young (System.gc()) 785M->785M(6135M) 1.227ms
[113.580s][info][gc,metaspace] GC(123) Metaspace: 61578K(68864K)->61578K(68864K) NonClass: 50329K(53440K)->50329K(53440K) Class: 11248K(15424K)->11248K(15424K)
[113.580s][info][gc          ] GC(123) Pause Full (System.gc()) 785M->785M(6135M) 933.049ms
[113.581s][info][gc,metaspace] GC(124) Metaspace: 61578K(68864K)->61578K(68864K) NonClass: 50329K(53440K)->50329K(53440K) Class: 11248K(15424K)->11248K(15424K)
[113.581s][info][gc          ] GC(124) Pause Young (System.gc()) 785M->785M(6134M) 0.556ms
[114.482s][info][gc,metaspace] GC(125) Metaspace: 61578K(68864K)->61578K(68864K) NonClass: 50329K(53440K)->50329K(53440K) Class: 11248K(15424K)->11248K(15424K)
[114.482s][info][gc          ] GC(125) Pause Full (System.gc()) 785M->785M(6134M) 900.737ms
[114.483s][info][gc,metaspace] GC(126) Metaspace: 61578K(68864K)->61578K(68864K) NonClass: 50329K(53440K)->50329K(53440K) Class: 11248K(15424K)->11248K(15424K)
[114.483s][info][gc          ] GC(126) Pause Young (System.gc()) 785M->785M(6137M) 1.284ms
[115.409s][info][gc,metaspace] GC(127) Metaspace: 61578K(68864K)->61578K(68864K) NonClass: 50329K(53440K)->50329K(53440K) Class: 11248K(15424K)->11248K(15424K)
[115.409s][info][gc          ] GC(127) Pause Full (System.gc()) 785M->785M(6137M) 925.484ms
[115.414s][info][gc,metaspace] GC(128) Metaspace: 61578K(68864K)->61578K(68864K) NonClass: 50329K(53440K)->50329K(53440K) Class: 11248K(15424K)->11248K(15424K)
[115.414s][info][gc          ] GC(128) Pause Young (System.gc()) 785M->785M(6136M) 1.274ms
[116.380s][info][gc,metaspace] GC(129) Metaspace: 61578K(68864K)->61578K(68864K) NonClass: 50329K(53440K)->50329K(53440K) Class: 11248K(15424K)->11248K(15424K)
[116.380s][info][gc          ] GC(129) Pause Full (System.gc()) 785M->785M(6136M) 965.401ms
[116.381s][info][gc,metaspace] GC(130) Metaspace: 61578K(68864K)->61578K(68864K) NonClass: 50329K(53440K)->50329K(53440K) Class: 11248K(15424K)->11248K(15424K)
[116.381s][info][gc          ] GC(130) Pause Young (System.gc()) 785M->785M(6138M) 1.206ms
[117.296s][info][gc,metaspace] GC(131) Metaspace: 61578K(68864K)->61578K(68864K) NonClass: 50329K(53440K)->50329K(53440K) Class: 11248K(15424K)->11248K(15424K)
[117.296s][info][gc          ] GC(131) Pause Full (System.gc()) 785M->785M(6138M) 914.866ms
[117.297s][info][gc,metaspace] GC(132) Metaspace: 61578K(68864K)->61578K(68864K) NonClass: 50329K(53440K)->50329K(53440K) Class: 11248K(15424K)->11248K(15424K)
[117.297s][info][gc          ] GC(132) Pause Young (System.gc()) 785M->785M(6137M) 1.268ms
[118.205s][info][gc,metaspace] GC(133) Metaspace: 61578K(68864K)->61578K(68864K) NonClass: 50329K(53440K)->50329K(53440K) Class: 11248K(15424K)->11248K(15424K)
[118.205s][info][gc          ] GC(133) Pause Full (System.gc()) 785M->785M(6137M) 907.324ms
[118.205s][info][gc,metaspace] GC(134) Metaspace: 61578K(68864K)->61578K(68864K) NonClass: 50329K(53440K)->50329K(53440K) Class: 11248K(15424K)->11248K(15424K)
[118.206s][info][gc          ] GC(134) Pause Young (System.gc()) 785M->785M(6139M) 0.686ms
[119.141s][info][gc,metaspace] GC(135) Metaspace: 61578K(68864K)->61578K(68864K) NonClass: 50329K(53440K)->50329K(53440K) Class: 11248K(15424K)->11248K(15424K)
[119.141s][info][gc          ] GC(135) Pause Full (System.gc()) 785M->785M(6139M) 935.308ms
[119.142s][info][gc,metaspace] GC(136) Metaspace: 61578K(68864K)->61578K(68864K) NonClass: 50329K(53440K)->50329K(53440K) Class: 11248K(15424K)->11248K(15424K)
[119.142s][info][gc          ] GC(136) Pause Young (System.gc()) 785M->785M(6138M) 0.622ms
[119.965s][info][gc,metaspace] GC(137) Metaspace: 61578K(68864K)->61578K(68864K) NonClass: 50329K(53440K)->50329K(53440K) Class: 11248K(15424K)->11248K(15424K)
[119.965s][info][gc          ] GC(137) Pause Full (System.gc()) 785M->785M(6138M) 823.201ms
[119.966s][info][gc,metaspace] GC(138) Metaspace: 61578K(68864K)->61578K(68864K) NonClass: 50329K(53440K)->50329K(53440K) Class: 11248K(15424K)->11248K(15424K)
[119.966s][info][gc          ] GC(138) Pause Young (System.gc()) 785M->785M(6139M) 1.328ms
[120.797s][info][gc,metaspace] GC(139) Metaspace: 61578K(68864K)->61578K(68864K) NonClass: 50329K(53440K)->50329K(53440K) Class: 11248K(15424K)->11248K(15424K)
[120.797s][info][gc          ] GC(139) Pause Full (System.gc()) 785M->785M(6139M) 830.516ms
[120.802s][info][gc,metaspace] GC(140) Metaspace: 61578K(68864K)->61578K(68864K) NonClass: 50329K(53440K)->50329K(53440K) Class: 11248K(15424K)->11248K(15424K)
[120.802s][info][gc          ] GC(140) Pause Young (System.gc()) 785M->785M(6139M) 1.153ms
[121.659s][info][gc,metaspace] GC(141) Metaspace: 61578K(68864K)->61578K(68864K) NonClass: 50329K(53440K)->50329K(53440K) Class: 11248K(15424K)->11248K(15424K)
[121.659s][info][gc          ] GC(141) Pause Full (System.gc()) 785M->785M(6139M) 856.540ms
[121.660s][info][gc,metaspace] GC(142) Metaspace: 61578K(68864K)->61578K(68864K) NonClass: 50329K(53440K)->50329K(53440K) Class: 11248K(15424K)->11248K(15424K)
[121.660s][info][gc          ] GC(142) Pause Young (System.gc()) 785M->785M(6140M) 0.553ms
[122.473s][info][gc,metaspace] GC(143) Metaspace: 61578K(68864K)->61578K(68864K) NonClass: 50329K(53440K)->50329K(53440K) Class: 11248K(15424K)->11248K(15424K)
[122.473s][info][gc          ] GC(143) Pause Full (System.gc()) 785M->785M(6140M) 813.154ms
[122.474s][info][gc,metaspace] GC(144) Metaspace: 61578K(68864K)->61578K(68864K) NonClass: 50329K(53440K)->50329K(53440K) Class: 11248K(15424K)->11248K(15424K)
[122.474s][info][gc          ] GC(144) Pause Young (System.gc()) 785M->785M(6140M) 1.288ms
[123.293s][info][gc,metaspace] GC(145) Metaspace: 61578K(68864K)->61578K(68864K) NonClass: 50329K(53440K)->50329K(53440K) Class: 11248K(15424K)->11248K(15424K)
[123.293s][info][gc          ] GC(145) Pause Full (System.gc()) 785M->785M(6140M) 818.941ms
[123.295s][info][gc,metaspace] GC(146) Metaspace: 61578K(68864K)->61578K(68864K) NonClass: 50329K(53440K)->50329K(53440K) Class: 11248K(15424K)->11248K(15424K)
[123.295s][info][gc          ] GC(146) Pause Young (System.gc()) 785M->785M(6141M) 1.281ms
[124.224s][info][gc,metaspace] GC(147) Metaspace: 61578K(68864K)->61578K(68864K) NonClass: 50329K(53440K)->50329K(53440K) Class: 11248K(15424K)->11248K(15424K)
[124.224s][info][gc          ] GC(147) Pause Full (System.gc()) 785M->785M(6141M) 929.294ms
[124.225s][info][gc,metaspace] GC(148) Metaspace: 61578K(68864K)->61578K(68864K) NonClass: 50329K(53440K)->50329K(53440K) Class: 11248K(15424K)->11248K(15424K)
[124.225s][info][gc          ] GC(148) Pause Young (System.gc()) 785M->785M(6140M) 1.284ms
[125.179s][info][gc,metaspace] GC(149) Metaspace: 61578K(68864K)->61578K(68864K) NonClass: 50329K(53440K)->50329K(53440K) Class: 11248K(15424K)->11248K(15424K)
[125.179s][info][gc          ] GC(149) Pause Full (System.gc()) 785M->785M(6140M) 953.387ms
[125.180s][info][gc,metaspace] GC(150) Metaspace: 61578K(68864K)->61578K(68864K) NonClass: 50329K(53440K)->50329K(53440K) Class: 11248K(15424K)->11248K(15424K)
[125.180s][info][gc          ] GC(150) Pause Young (System.gc()) 798M->785M(6141M) 1.322ms
[126.091s][info][gc,metaspace] GC(151) Metaspace: 61578K(68864K)->61578K(68864K) NonClass: 50329K(53440K)->50329K(53440K) Class: 11248K(15424K)->11248K(15424K)
[126.091s][info][gc          ] GC(151) Pause Full (System.gc()) 785M->785M(6141M) 910.969ms
[126.093s][info][gc,metaspace] GC(152) Metaspace: 61578K(68864K)->61578K(68864K) NonClass: 50329K(53440K)->50329K(53440K) Class: 11248K(15424K)->11248K(15424K)
[126.093s][info][gc          ] GC(152) Pause Young (System.gc()) 785M->785M(6141M) 1.119ms
[127.004s][info][gc,metaspace] GC(153) Metaspace: 61578K(68864K)->61578K(68864K) NonClass: 50329K(53440K)->50329K(53440K) Class: 11248K(15424K)->11248K(15424K)
[127.004s][info][gc          ] GC(153) Pause Full (System.gc()) 785M->785M(6141M) 911.715ms
[127.005s][info][gc,metaspace] GC(154) Metaspace: 61578K(68864K)->61578K(68864K) NonClass: 50329K(53440K)->50329K(53440K) Class: 11248K(15424K)->11248K(15424K)
[127.005s][info][gc          ] GC(154) Pause Young (System.gc()) 785M->785M(6142M) 0.678ms
[127.903s][info][gc,metaspace] GC(155) Metaspace: 61578K(68864K)->61578K(68864K) NonClass: 50329K(53440K)->50329K(53440K) Class: 11248K(15424K)->11248K(15424K)
[127.903s][info][gc          ] GC(155) Pause Full (System.gc()) 785M->785M(6142M) 897.613ms
[127.904s][info][gc,metaspace] GC(156) Metaspace: 61578K(68864K)->61578K(68864K) NonClass: 50329K(53440K)->50329K(53440K) Class: 11248K(15424K)->11248K(15424K)
[127.904s][info][gc          ] GC(156) Pause Young (System.gc()) 785M->785M(6141M) 1.288ms
[128.851s][info][gc,metaspace] GC(157) Metaspace: 61578K(68864K)->61578K(68864K) NonClass: 50329K(53440K)->50329K(53440K) Class: 11248K(15424K)->11248K(15424K)
[128.851s][info][gc          ] GC(157) Pause Full (System.gc()) 785M->785M(6141M) 946.374ms
[128.852s][info][gc,metaspace] GC(158) Metaspace: 61578K(68864K)->61578K(68864K) NonClass: 50329K(53440K)->50329K(53440K) Class: 11248K(15424K)->11248K(15424K)
[128.852s][info][gc          ] GC(158) Pause Young (System.gc()) 785M->785M(6142M) 1.145ms
[129.586s][info][gc,metaspace] GC(159) Metaspace: 61578K(68864K)->61578K(68864K) NonClass: 50329K(53440K)->50329K(53440K) Class: 11248K(15424K)->11248K(15424K)
[129.586s][info][gc          ] GC(159) Pause Full (System.gc()) 785M->785M(6142M) 734.505ms
[129.587s][info][gc,metaspace] GC(160) Metaspace: 61578K(68864K)->61578K(68864K) NonClass: 50329K(53440K)->50329K(53440K) Class: 11248K(15424K)->11248K(15424K)
[129.587s][info][gc          ] GC(160) Pause Young (System.gc()) 785M->785M(6142M) 0.625ms
[130.499s][info][gc,metaspace] GC(161) Metaspace: 61578K(68864K)->61578K(68864K) NonClass: 50329K(53440K)->50329K(53440K) Class: 11248K(15424K)->11248K(15424K)
[130.499s][info][gc          ] GC(161) Pause Full (System.gc()) 785M->785M(6142M) 911.669ms
[130.500s][info][gc,metaspace] GC(162) Metaspace: 61578K(68864K)->61578K(68864K) NonClass: 50329K(53440K)->50329K(53440K) Class: 11248K(15424K)->11248K(15424K)
[130.500s][info][gc          ] GC(162) Pause Young (System.gc()) 785M->785M(6142M) 1.323ms
[131.245s][info][gc,metaspace] GC(163) Metaspace: 61578K(68864K)->61578K(68864K) NonClass: 50329K(53440K)->50329K(53440K) Class: 11248K(15424K)->11248K(15424K)
[131.245s][info][gc          ] GC(163) Pause Full (System.gc()) 785M->785M(6142M) 745.097ms
[131.251s][info][gc,metaspace] GC(164) Metaspace: 61578K(68864K)->61578K(68864K) NonClass: 50329K(53440K)->50329K(53440K) Class: 11248K(15424K)->11248K(15424K)
[131.251s][info][gc          ] GC(164) Pause Young (System.gc()) 785M->785M(6142M) 1.277ms
[132.061s][info][gc,metaspace] GC(165) Metaspace: 61578K(68864K)->61578K(68864K) NonClass: 50329K(53440K)->50329K(53440K) Class: 11248K(15424K)->11248K(15424K)
[132.061s][info][gc          ] GC(165) Pause Full (System.gc()) 785M->785M(6142M) 810.284ms
[132.063s][info][gc,metaspace] GC(166) Metaspace: 61578K(68864K)->61578K(68864K) NonClass: 50329K(53440K)->50329K(53440K) Class: 11248K(15424K)->11248K(15424K)
[132.063s][info][gc          ] GC(166) Pause Young (System.gc()) 785M->785M(6142M) 1.165ms
[132.901s][info][gc,metaspace] GC(167) Metaspace: 61578K(68864K)->61578K(68864K) NonClass: 50329K(53440K)->50329K(53440K) Class: 11248K(15424K)->11248K(15424K)
[132.901s][info][gc          ] GC(167) Pause Full (System.gc()) 785M->785M(6142M) 838.400ms
[132.903s][info][gc,metaspace] GC(168) Metaspace: 61578K(68864K)->61578K(68864K) NonClass: 50329K(53440K)->50329K(53440K) Class: 11248K(15424K)->11248K(15424K)
[132.903s][info][gc          ] GC(168) Pause Young (System.gc()) 785M->785M(6142M) 1.220ms
[133.716s][info][gc,metaspace] GC(169) Metaspace: 61578K(68864K)->61578K(68864K) NonClass: 50329K(53440K)->50329K(53440K) Class: 11248K(15424K)->11248K(15424K)
[133.716s][info][gc          ] GC(169) Pause Full (System.gc()) 785M->785M(6142M) 813.275ms
[133.717s][info][gc,metaspace] GC(170) Metaspace: 61578K(68864K)->61578K(68864K) NonClass: 50329K(53440K)->50329K(53440K) Class: 11248K(15424K)->11248K(15424K)
[133.717s][info][gc          ] GC(170) Pause Young (System.gc()) 785M->785M(6143M) 1.299ms
[134.602s][info][gc,metaspace] GC(171) Metaspace: 61578K(68864K)->61578K(68864K) NonClass: 50329K(53440K)->50329K(53440K) Class: 11248K(15424K)->11248K(15424K)
[134.602s][info][gc          ] GC(171) Pause Full (System.gc()) 785M->785M(6143M) 884.993ms
[134.603s][info][gc,metaspace] GC(172) Metaspace: 61578K(68864K)->61578K(68864K) NonClass: 50329K(53440K)->50329K(53440K) Class: 11248K(15424K)->11248K(15424K)
[134.603s][info][gc          ] GC(172) Pause Young (System.gc()) 785M->785M(6142M) 0.623ms
[135.498s][info][gc,metaspace] GC(173) Metaspace: 61578K(68864K)->61578K(68864K) NonClass: 50329K(53440K)->50329K(53440K) Class: 11248K(15424K)->11248K(15424K)
[135.498s][info][gc          ] GC(173) Pause Full (System.gc()) 785M->785M(6142M) 894.934ms
[135.499s][info][gc,metaspace] GC(174) Metaspace: 61578K(68864K)->61578K(68864K) NonClass: 50329K(53440K)->50329K(53440K) Class: 11248K(15424K)->11248K(15424K)
[135.499s][info][gc          ] GC(174) Pause Young (System.gc()) 785M->785M(6143M) 1.162ms
[136.328s][info][gc,metaspace] GC(175) Metaspace: 61578K(68864K)->61578K(68864K) NonClass: 50329K(53440K)->50329K(53440K) Class: 11248K(15424K)->11248K(15424K)
[136.328s][info][gc          ] GC(175) Pause Full (System.gc()) 785M->785M(6143M) 828.938ms
[136.334s][info][gc,metaspace] GC(176) Metaspace: 61578K(68864K)->61578K(68864K) NonClass: 50329K(53440K)->50329K(53440K) Class: 11248K(15424K)->11248K(15424K)
[136.334s][info][gc          ] GC(176) Pause Young (System.gc()) 785M->785M(6143M) 1.158ms
[137.289s][info][gc,metaspace] GC(177) Metaspace: 61578K(68864K)->61578K(68864K) NonClass: 50329K(53440K)->50329K(53440K) Class: 11248K(15424K)->11248K(15424K)
[137.289s][info][gc          ] GC(177) Pause Full (System.gc()) 785M->785M(6143M) 955.576ms
[137.291s][info][gc,metaspace] GC(178) Metaspace: 61578K(68864K)->61578K(68864K) NonClass: 50329K(53440K)->50329K(53440K) Class: 11248K(15424K)->11248K(15424K)
[137.291s][info][gc          ] GC(178) Pause Young (System.gc()) 785M->785M(6143M) 1.162ms
[138.208s][info][gc,metaspace] GC(179) Metaspace: 61578K(68864K)->61578K(68864K) NonClass: 50329K(53440K)->50329K(53440K) Class: 11248K(15424K)->11248K(15424K)
[138.208s][info][gc          ] GC(179) Pause Full (System.gc()) 785M->785M(6143M) 916.936ms
[138.208s][info][gc,metaspace] GC(180) Metaspace: 61578K(68864K)->61578K(68864K) NonClass: 50329K(53440K)->50329K(53440K) Class: 11248K(15424K)->11248K(15424K)
[138.208s][info][gc          ] GC(180) Pause Young (System.gc()) 785M->785M(6143M) 0.579ms
[139.148s][info][gc,metaspace] GC(181) Metaspace: 61578K(68864K)->61578K(68864K) NonClass: 50329K(53440K)->50329K(53440K) Class: 11248K(15424K)->11248K(15424K)
[139.148s][info][gc          ] GC(181) Pause Full (System.gc()) 785M->785M(6143M) 939.429ms
[139.149s][info][gc,metaspace] GC(182) Metaspace: 61578K(68864K)->61578K(68864K) NonClass: 50329K(53440K)->50329K(53440K) Class: 11248K(15424K)->11248K(15424K)
[139.149s][info][gc          ] GC(182) Pause Young (System.gc()) 785M->785M(6143M) 0.605ms
[140.055s][info][gc,metaspace] GC(183) Metaspace: 61578K(68864K)->61578K(68864K) NonClass: 50329K(53440K)->50329K(53440K) Class: 11248K(15424K)->11248K(15424K)
[140.055s][info][gc          ] GC(183) Pause Full (System.gc()) 785M->785M(6143M) 906.591ms
[140.057s][info][gc,metaspace] GC(184) Metaspace: 61578K(68864K)->61578K(68864K) NonClass: 50329K(53440K)->50329K(53440K) Class: 11248K(15424K)->11248K(15424K)
[140.057s][info][gc          ] GC(184) Pause Young (System.gc()) 785M->785M(6143M) 1.267ms
[140.977s][info][gc,metaspace] GC(185) Metaspace: 61578K(68864K)->61578K(68864K) NonClass: 50329K(53440K)->50329K(53440K) Class: 11248K(15424K)->11248K(15424K)
[140.977s][info][gc          ] GC(185) Pause Full (System.gc()) 785M->785M(6143M) 920.389ms
[140.978s][info][gc,metaspace] GC(186) Metaspace: 61578K(68864K)->61578K(68864K) NonClass: 50329K(53440K)->50329K(53440K) Class: 11248K(15424K)->11248K(15424K)
[140.978s][info][gc          ] GC(186) Pause Young (System.gc()) 785M->785M(6143M) 1.298ms
[141.867s][info][gc,metaspace] GC(187) Metaspace: 61578K(68864K)->61578K(68864K) NonClass: 50329K(53440K)->50329K(53440K) Class: 11248K(15424K)->11248K(15424K)
[141.867s][info][gc          ] GC(187) Pause Full (System.gc()) 785M->785M(6143M) 888.775ms
[141.872s][info][gc,metaspace] GC(188) Metaspace: 61578K(68864K)->61578K(68864K) NonClass: 50329K(53440K)->50329K(53440K) Class: 11248K(15424K)->11248K(15424K)
[141.872s][info][gc          ] GC(188) Pause Young (System.gc()) 785M->785M(6143M) 0.596ms
[142.598s][info][gc,metaspace] GC(189) Metaspace: 61578K(68864K)->61578K(68864K) NonClass: 50329K(53440K)->50329K(53440K) Class: 11248K(15424K)->11248K(15424K)
[142.598s][info][gc          ] GC(189) Pause Full (System.gc()) 785M->785M(6143M) 726.133ms
[142.600s][info][gc,metaspace] GC(190) Metaspace: 61578K(68864K)->61578K(68864K) NonClass: 50329K(53440K)->50329K(53440K) Class: 11248K(15424K)->11248K(15424K)
[142.600s][info][gc          ] GC(190) Pause Young (System.gc()) 785M->785M(6143M) 1.139ms
[143.510s][info][gc,metaspace] GC(191) Metaspace: 61578K(68864K)->61578K(68864K) NonClass: 50329K(53440K)->50329K(53440K) Class: 11248K(15424K)->11248K(15424K)
[143.510s][info][gc          ] GC(191) Pause Full (System.gc()) 785M->785M(6143M) 910.150ms
[143.511s][info][gc,metaspace] GC(192) Metaspace: 61578K(68864K)->61578K(68864K) NonClass: 50329K(53440K)->50329K(53440K) Class: 11248K(15424K)->11248K(15424K)
[143.511s][info][gc          ] GC(192) Pause Young (System.gc()) 785M->785M(6143M) 0.605ms
[144.436s][info][gc,metaspace] GC(193) Metaspace: 61578K(68864K)->61578K(68864K) NonClass: 50329K(53440K)->50329K(53440K) Class: 11248K(15424K)->11248K(15424K)
[144.437s][info][gc          ] GC(193) Pause Full (System.gc()) 785M->785M(6143M) 925.936ms
[144.438s][info][gc,metaspace] GC(194) Metaspace: 61578K(68864K)->61578K(68864K) NonClass: 50329K(53440K)->50329K(53440K) Class: 11248K(15424K)->11248K(15424K)
[144.438s][info][gc          ] GC(194) Pause Young (System.gc()) 785M->785M(6143M) 1.242ms
[145.361s][info][gc,metaspace] GC(195) Metaspace: 61578K(68864K)->61578K(68864K) NonClass: 50329K(53440K)->50329K(53440K) Class: 11248K(15424K)->11248K(15424K)
[145.361s][info][gc          ] GC(195) Pause Full (System.gc()) 785M->785M(6143M) 923.043ms
[145.362s][info][gc,metaspace] GC(196) Metaspace: 61578K(68864K)->61578K(68864K) NonClass: 50329K(53440K)->50329K(53440K) Class: 11248K(15424K)->11248K(15424K)
[145.362s][info][gc          ] GC(196) Pause Young (System.gc()) 785M->785M(6143M) 0.651ms
[146.295s][info][gc,metaspace] GC(197) Metaspace: 61578K(68864K)->61578K(68864K) NonClass: 50329K(53440K)->50329K(53440K) Class: 11248K(15424K)->11248K(15424K)
[146.295s][info][gc          ] GC(197) Pause Full (System.gc()) 785M->785M(6143M) 933.021ms
[146.296s][info][gc,metaspace] GC(198) Metaspace: 61578K(68864K)->61578K(68864K) NonClass: 50329K(53440K)->50329K(53440K) Class: 11248K(15424K)->11248K(15424K)
[146.296s][info][gc          ] GC(198) Pause Young (System.gc()) 785M->785M(6143M) 1.254ms
[147.215s][info][gc,metaspace] GC(199) Metaspace: 61578K(68864K)->61578K(68864K) NonClass: 50329K(53440K)->50329K(53440K) Class: 11248K(15424K)->11248K(15424K)
[147.215s][info][gc          ] GC(199) Pause Full (System.gc()) 785M->785M(6143M) 918.914ms
[147.216s][info][gc,metaspace] GC(200) Metaspace: 61578K(68864K)->61578K(68864K) NonClass: 50329K(53440K)->50329K(53440K) Class: 11248K(15424K)->11248K(15424K)
[147.216s][info][gc          ] GC(200) Pause Young (System.gc()) 785M->785M(6143M) 1.162ms
[148.155s][info][gc,metaspace] GC(201) Metaspace: 61578K(68864K)->61578K(68864K) NonClass: 50329K(53440K)->50329K(53440K) Class: 11248K(15424K)->11248K(15424K)
[148.155s][info][gc          ] GC(201) Pause Full (System.gc()) 785M->785M(6143M) 938.171ms
[148.156s][info][gc,metaspace] GC(202) Metaspace: 61578K(68864K)->61578K(68864K) NonClass: 50329K(53440K)->50329K(53440K) Class: 11248K(15424K)->11248K(15424K)
[148.156s][info][gc          ] GC(202) Pause Young (System.gc()) 785M->785M(6143M) 1.179ms
[149.081s][info][gc,metaspace] GC(203) Metaspace: 61578K(68864K)->61578K(68864K) NonClass: 50329K(53440K)->50329K(53440K) Class: 11248K(15424K)->11248K(15424K)
[149.082s][info][gc          ] GC(203) Pause Full (System.gc()) 785M->785M(6143M) 925.579ms
[149.083s][info][gc,metaspace] GC(204) Metaspace: 61578K(68864K)->61578K(68864K) NonClass: 50329K(53440K)->50329K(53440K) Class: 11248K(15424K)->11248K(15424K)
[149.083s][info][gc          ] GC(204) Pause Young (System.gc()) 785M->785M(6143M) 1.132ms
[150.009s][info][gc,metaspace] GC(205) Metaspace: 61578K(68864K)->61578K(68864K) NonClass: 50329K(53440K)->50329K(53440K) Class: 11248K(15424K)->11248K(15424K)
[150.009s][info][gc          ] GC(205) Pause Full (System.gc()) 785M->785M(6143M) 926.508ms
[150.011s][info][gc,metaspace] GC(206) Metaspace: 61578K(68864K)->61578K(68864K) NonClass: 50329K(53440K)->50329K(53440K) Class: 11248K(15424K)->11248K(15424K)
[150.011s][info][gc          ] GC(206) Pause Young (System.gc()) 785M->785M(6143M) 1.275ms
[150.952s][info][gc,metaspace] GC(207) Metaspace: 61578K(68864K)->61578K(68864K) NonClass: 50329K(53440K)->50329K(53440K) Class: 11248K(15424K)->11248K(15424K)
[150.952s][info][gc          ] GC(207) Pause Full (System.gc()) 785M->785M(6143M) 941.187ms
[150.953s][info][gc,metaspace] GC(208) Metaspace: 61578K(68864K)->61578K(68864K) NonClass: 50329K(53440K)->50329K(53440K) Class: 11248K(15424K)->11248K(15424K)
[150.953s][info][gc          ] GC(208) Pause Young (System.gc()) 785M->785M(6143M) 1.274ms
[151.872s][info][gc,metaspace] GC(209) Metaspace: 61578K(68864K)->61578K(68864K) NonClass: 50329K(53440K)->50329K(53440K) Class: 11248K(15424K)->11248K(15424K)
[151.873s][info][gc          ] GC(209) Pause Full (System.gc()) 785M->785M(6143M) 919.172ms
[151.873s][info][gc,metaspace] GC(210) Metaspace: 61578K(68864K)->61578K(68864K) NonClass: 50329K(53440K)->50329K(53440K) Class: 11248K(15424K)->11248K(15424K)
[151.873s][info][gc          ] GC(210) Pause Young (System.gc()) 785M->785M(6143M) 0.616ms
[152.825s][info][gc,metaspace] GC(211) Metaspace: 61578K(68864K)->61578K(68864K) NonClass: 50329K(53440K)->50329K(53440K) Class: 11248K(15424K)->11248K(15424K)
[152.825s][info][gc          ] GC(211) Pause Full (System.gc()) 785M->785M(6143M) 951.863ms
[152.830s][info][gc,metaspace] GC(212) Metaspace: 61578K(68864K)->61578K(68864K) NonClass: 50329K(53440K)->50329K(53440K) Class: 11248K(15424K)->11248K(15424K)
[152.830s][info][gc          ] GC(212) Pause Young (System.gc()) 785M->785M(6143M) 0.602ms
[153.588s][info][gc,metaspace] GC(213) Metaspace: 61578K(68864K)->61578K(68864K) NonClass: 50329K(53440K)->50329K(53440K) Class: 11248K(15424K)->11248K(15424K)
[153.588s][info][gc          ] GC(213) Pause Full (System.gc()) 785M->785M(6143M) 758.088ms
[153.590s][info][gc,metaspace] GC(214) Metaspace: 61578K(68864K)->61578K(68864K) NonClass: 50329K(53440K)->50329K(53440K) Class: 11248K(15424K)->11248K(15424K)
[153.590s][info][gc          ] GC(214) Pause Young (System.gc()) 785M->785M(6143M) 1.294ms
[154.507s][info][gc,metaspace] GC(215) Metaspace: 61578K(68864K)->61578K(68864K) NonClass: 50329K(53440K)->50329K(53440K) Class: 11248K(15424K)->11248K(15424K)
[154.507s][info][gc          ] GC(215) Pause Full (System.gc()) 785M->785M(6143M) 917.459ms
[154.508s][info][gc,metaspace] GC(216) Metaspace: 61578K(68864K)->61578K(68864K) NonClass: 50329K(53440K)->50329K(53440K) Class: 11248K(15424K)->11248K(15424K)
[154.508s][info][gc          ] GC(216) Pause Young (System.gc()) 785M->785M(6143M) 0.521ms
[155.420s][info][gc,metaspace] GC(217) Metaspace: 61578K(68864K)->61578K(68864K) NonClass: 50329K(53440K)->50329K(53440K) Class: 11248K(15424K)->11248K(15424K)
[155.420s][info][gc          ] GC(217) Pause Full (System.gc()) 785M->785M(6143M) 912.379ms
[155.422s][info][gc,metaspace] GC(218) Metaspace: 61578K(68864K)->61578K(68864K) NonClass: 50329K(53440K)->50329K(53440K) Class: 11248K(15424K)->11248K(15424K)
[155.422s][info][gc          ] GC(218) Pause Young (System.gc()) 785M->785M(6143M) 1.183ms
[156.321s][info][gc,metaspace] GC(219) Metaspace: 61578K(68864K)->61578K(68864K) NonClass: 50329K(53440K)->50329K(53440K) Class: 11248K(15424K)->11248K(15424K)
[156.321s][info][gc          ] GC(219) Pause Full (System.gc()) 785M->785M(6143M) 899.889ms
After GCs... 
