Done; will start GCs... 
[17.156s][info][gc,metaspace] GC(4) Metaspace: 33649K(35776K)->33649K(35776K) NonClass: 26745K(27648K)->26745K(27648K) Class: 6904K(8128K)->6904K(8128K)
[17.156s][info][gc          ] GC(4) Pause Full (System.gc()) 811M->778M(6144M) 619.189ms
[17.770s][info][gc,metaspace] GC(5) Metaspace: 33649K(35776K)->33649K(35776K) NonClass: 26745K(27648K)->26745K(27648K) Class: 6904K(8128K)->6904K(8128K)
[17.770s][info][gc          ] GC(5) Pause Full (System.gc()) 778M->778M(6144M) 613.729ms
[18.384s][info][gc,metaspace] GC(6) Metaspace: 33649K(35776K)->33649K(35776K) NonClass: 26745K(27648K)->26745K(27648K) Class: 6904K(8128K)->6904K(8128K)
[18.384s][info][gc          ] GC(6) Pause Full (System.gc()) 778M->778M(6144M) 614.020ms
[18.936s][info][gc,metaspace] GC(7) Metaspace: 33649K(35776K)->33649K(35776K) NonClass: 26745K(27648K)->26745K(27648K) Class: 6904K(8128K)->6904K(8128K)
[18.936s][info][gc          ] GC(7) Pause Full (System.gc()) 778M->778M(6144M) 551.809ms
[19.505s][info][gc,metaspace] GC(8) Metaspace: 33649K(35776K)->33649K(35776K) NonClass: 26745K(27648K)->26745K(27648K) Class: 6904K(8128K)->6904K(8128K)
[19.505s][info][gc          ] GC(8) Pause Full (System.gc()) 778M->778M(6144M) 569.792ms
[20.053s][info][gc,metaspace] GC(9) Metaspace: 33649K(35776K)->33649K(35776K) NonClass: 26745K(27648K)->26745K(27648K) Class: 6904K(8128K)->6904K(8128K)
[20.053s][info][gc          ] GC(9) Pause Full (System.gc()) 778M->778M(6144M) 547.813ms
[20.610s][info][gc,metaspace] GC(10) Metaspace: 33649K(35776K)->33649K(35776K) NonClass: 26745K(27648K)->26745K(27648K) Class: 6904K(8128K)->6904K(8128K)
[20.610s][info][gc          ] GC(10) Pause Full (System.gc()) 778M->778M(6144M) 556.799ms
[21.131s][info][gc,metaspace] GC(11) Metaspace: 33650K(35776K)->33650K(35776K) NonClass: 26745K(27648K)->26745K(27648K) Class: 6904K(8128K)->6904K(8128K)
[21.131s][info][gc          ] GC(11) Pause Full (System.gc()) 778M->778M(6144M) 520.570ms
[21.668s][info][gc,metaspace] GC(12) Metaspace: 33650K(35776K)->33650K(35776K) NonClass: 26745K(27648K)->26745K(27648K) Class: 6904K(8128K)->6904K(8128K)
[21.668s][info][gc          ] GC(12) Pause Full (System.gc()) 778M->778M(6144M) 537.461ms
[22.196s][info][gc,metaspace] GC(13) Metaspace: 33650K(35776K)->33650K(35776K) NonClass: 26746K(27648K)->26746K(27648K) Class: 6904K(8128K)->6904K(8128K)
[22.196s][info][gc          ] GC(13) Pause Full (System.gc()) 778M->778M(6144M) 527.513ms
[22.777s][info][gc,metaspace] GC(14) Metaspace: 33650K(35776K)->33650K(35776K) NonClass: 26746K(27648K)->26746K(27648K) Class: 6904K(8128K)->6904K(8128K)
[22.777s][info][gc          ] GC(14) Pause Full (System.gc()) 778M->778M(6144M) 581.221ms
[23.369s][info][gc,metaspace] GC(15) Metaspace: 33650K(35776K)->33650K(35776K) NonClass: 26746K(27648K)->26746K(27648K) Class: 6904K(8128K)->6904K(8128K)
[23.370s][info][gc          ] GC(15) Pause Full (System.gc()) 778M->778M(6144M) 592.097ms
[23.889s][info][gc,metaspace] GC(16) Metaspace: 33650K(35776K)->33650K(35776K) NonClass: 26746K(27648K)->26746K(27648K) Class: 6904K(8128K)->6904K(8128K)
[23.889s][info][gc          ] GC(16) Pause Full (System.gc()) 778M->778M(6144M) 519.448ms
[24.393s][info][gc,metaspace] GC(17) Metaspace: 33650K(35776K)->33650K(35776K) NonClass: 26746K(27648K)->26746K(27648K) Class: 6904K(8128K)->6904K(8128K)
[24.393s][info][gc          ] GC(17) Pause Full (System.gc()) 778M->778M(6144M) 504.311ms
[24.933s][info][gc,metaspace] GC(18) Metaspace: 33650K(35776K)->33650K(35776K) NonClass: 26746K(27648K)->26746K(27648K) Class: 6904K(8128K)->6904K(8128K)
[24.933s][info][gc          ] GC(18) Pause Full (System.gc()) 778M->778M(6144M) 539.631ms
[25.505s][info][gc,metaspace] GC(19) Metaspace: 33650K(35776K)->33650K(35776K) NonClass: 26746K(27648K)->26746K(27648K) Class: 6904K(8128K)->6904K(8128K)
[25.505s][info][gc          ] GC(19) Pause Full (System.gc()) 778M->778M(6144M) 571.732ms
[26.051s][info][gc,metaspace] GC(20) Metaspace: 33650K(35776K)->33650K(35776K) NonClass: 26746K(27648K)->26746K(27648K) Class: 6904K(8128K)->6904K(8128K)
[26.051s][info][gc          ] GC(20) Pause Full (System.gc()) 778M->778M(6144M) 545.248ms
[26.613s][info][gc,metaspace] GC(21) Metaspace: 33650K(35776K)->33650K(35776K) NonClass: 26746K(27648K)->26746K(27648K) Class: 6904K(8128K)->6904K(8128K)
[26.613s][info][gc          ] GC(21) Pause Full (System.gc()) 778M->778M(6144M) 562.158ms
[27.136s][info][gc,metaspace] GC(22) Metaspace: 33650K(35776K)->33650K(35776K) NonClass: 26746K(27648K)->26746K(27648K) Class: 6904K(8128K)->6904K(8128K)
[27.136s][info][gc          ] GC(22) Pause Full (System.gc()) 778M->778M(6144M) 522.755ms
[27.733s][info][gc,metaspace] GC(23) Metaspace: 33650K(35776K)->33650K(35776K) NonClass: 26746K(27648K)->26746K(27648K) Class: 6904K(8128K)->6904K(8128K)
[27.733s][info][gc          ] GC(23) Pause Full (System.gc()) 778M->778M(6144M) 597.145ms
[28.270s][info][gc,metaspace] GC(24) Metaspace: 33650K(35776K)->33650K(35776K) NonClass: 26746K(27648K)->26746K(27648K) Class: 6904K(8128K)->6904K(8128K)
[28.270s][info][gc          ] GC(24) Pause Full (System.gc()) 778M->778M(6144M) 536.486ms
[28.805s][info][gc,metaspace] GC(25) Metaspace: 33650K(35776K)->33650K(35776K) NonClass: 26746K(27648K)->26746K(27648K) Class: 6904K(8128K)->6904K(8128K)
[28.805s][info][gc          ] GC(25) Pause Full (System.gc()) 778M->778M(6144M) 535.123ms
[29.341s][info][gc,metaspace] GC(26) Metaspace: 33650K(35776K)->33650K(35776K) NonClass: 26746K(27648K)->26746K(27648K) Class: 6904K(8128K)->6904K(8128K)
[29.341s][info][gc          ] GC(26) Pause Full (System.gc()) 778M->778M(6144M) 536.078ms
[29.919s][info][gc,metaspace] GC(27) Metaspace: 33650K(35776K)->33650K(35776K) NonClass: 26746K(27648K)->26746K(27648K) Class: 6904K(8128K)->6904K(8128K)
[29.919s][info][gc          ] GC(27) Pause Full (System.gc()) 778M->778M(6144M) 577.606ms
[30.488s][info][gc,metaspace] GC(28) Metaspace: 33650K(35776K)->33650K(35776K) NonClass: 26746K(27648K)->26746K(27648K) Class: 6904K(8128K)->6904K(8128K)
[30.488s][info][gc          ] GC(28) Pause Full (System.gc()) 778M->778M(6144M) 569.250ms
[31.037s][info][gc,metaspace] GC(29) Metaspace: 33650K(35776K)->33650K(35776K) NonClass: 26746K(27648K)->26746K(27648K) Class: 6904K(8128K)->6904K(8128K)
[31.037s][info][gc          ] GC(29) Pause Full (System.gc()) 778M->778M(6144M) 548.406ms
[31.581s][info][gc,metaspace] GC(30) Metaspace: 33650K(35776K)->33650K(35776K) NonClass: 26746K(27648K)->26746K(27648K) Class: 6904K(8128K)->6904K(8128K)
[31.581s][info][gc          ] GC(30) Pause Full (System.gc()) 778M->778M(6144M) 544.752ms
[32.110s][info][gc,metaspace] GC(31) Metaspace: 33650K(35776K)->33650K(35776K) NonClass: 26746K(27648K)->26746K(27648K) Class: 6904K(8128K)->6904K(8128K)
[32.110s][info][gc          ] GC(31) Pause Full (System.gc()) 778M->778M(6144M) 529.008ms
[32.730s][info][gc,metaspace] GC(32) Metaspace: 33650K(35776K)->33650K(35776K) NonClass: 26746K(27648K)->26746K(27648K) Class: 6904K(8128K)->6904K(8128K)
[32.730s][info][gc          ] GC(32) Pause Full (System.gc()) 778M->778M(6144M) 619.905ms
[33.296s][info][gc,metaspace] GC(33) Metaspace: 33650K(35776K)->33650K(35776K) NonClass: 26746K(27648K)->26746K(27648K) Class: 6904K(8128K)->6904K(8128K)
[33.296s][info][gc          ] GC(33) Pause Full (System.gc()) 778M->778M(6144M) 561.136ms
[33.830s][info][gc,metaspace] GC(34) Metaspace: 33650K(35776K)->33650K(35776K) NonClass: 26746K(27648K)->26746K(27648K) Class: 6904K(8128K)->6904K(8128K)
[33.830s][info][gc          ] GC(34) Pause Full (System.gc()) 778M->778M(6144M) 534.432ms
[34.352s][info][gc,metaspace] GC(35) Metaspace: 33650K(35776K)->33650K(35776K) NonClass: 26746K(27648K)->26746K(27648K) Class: 6904K(8128K)->6904K(8128K)
[34.352s][info][gc          ] GC(35) Pause Full (System.gc()) 778M->778M(6144M) 521.056ms
[34.928s][info][gc,metaspace] GC(36) Metaspace: 33650K(35776K)->33650K(35776K) NonClass: 26746K(27648K)->26746K(27648K) Class: 6904K(8128K)->6904K(8128K)
[34.928s][info][gc          ] GC(36) Pause Full (System.gc()) 778M->778M(6144M) 575.974ms
[35.493s][info][gc,metaspace] GC(37) Metaspace: 33650K(35776K)->33650K(35776K) NonClass: 26746K(27648K)->26746K(27648K) Class: 6904K(8128K)->6904K(8128K)
[35.493s][info][gc          ] GC(37) Pause Full (System.gc()) 778M->778M(6144M) 565.157ms
[36.023s][info][gc,metaspace] GC(38) Metaspace: 33650K(35776K)->33650K(35776K) NonClass: 26746K(27648K)->26746K(27648K) Class: 6904K(8128K)->6904K(8128K)
[36.023s][info][gc          ] GC(38) Pause Full (System.gc()) 778M->778M(6144M) 529.988ms
[36.605s][info][gc,metaspace] GC(39) Metaspace: 33650K(35776K)->33650K(35776K) NonClass: 26746K(27648K)->26746K(27648K) Class: 6904K(8128K)->6904K(8128K)
[36.605s][info][gc          ] GC(39) Pause Full (System.gc()) 778M->778M(6144M) 581.886ms
[37.159s][info][gc,metaspace] GC(40) Metaspace: 33650K(35776K)->33650K(35776K) NonClass: 26746K(27648K)->26746K(27648K) Class: 6904K(8128K)->6904K(8128K)
[37.159s][info][gc          ] GC(40) Pause Full (System.gc()) 778M->778M(6144M) 553.641ms
[37.791s][info][gc,metaspace] GC(41) Metaspace: 33650K(35776K)->33650K(35776K) NonClass: 26746K(27648K)->26746K(27648K) Class: 6904K(8128K)->6904K(8128K)
[37.791s][info][gc          ] GC(41) Pause Full (System.gc()) 778M->778M(6144M) 632.632ms
[38.372s][info][gc,metaspace] GC(42) Metaspace: 33650K(35776K)->33650K(35776K) NonClass: 26746K(27648K)->26746K(27648K) Class: 6904K(8128K)->6904K(8128K)
[38.372s][info][gc          ] GC(42) Pause Full (System.gc()) 778M->778M(6144M) 576.804ms
[38.914s][info][gc,metaspace] GC(43) Metaspace: 33650K(35776K)->33650K(35776K) NonClass: 26746K(27648K)->26746K(27648K) Class: 6904K(8128K)->6904K(8128K)
[38.914s][info][gc          ] GC(43) Pause Full (System.gc()) 778M->778M(6144M) 541.776ms
[39.469s][info][gc,metaspace] GC(44) Metaspace: 33650K(35776K)->33650K(35776K) NonClass: 26746K(27648K)->26746K(27648K) Class: 6904K(8128K)->6904K(8128K)
[39.469s][info][gc          ] GC(44) Pause Full (System.gc()) 778M->778M(6144M) 554.253ms
[39.985s][info][gc,metaspace] GC(45) Metaspace: 33650K(35776K)->33650K(35776K) NonClass: 26746K(27648K)->26746K(27648K) Class: 6904K(8128K)->6904K(8128K)
[39.985s][info][gc          ] GC(45) Pause Full (System.gc()) 778M->778M(6144M) 516.695ms
[40.535s][info][gc,metaspace] GC(46) Metaspace: 33650K(35776K)->33650K(35776K) NonClass: 26746K(27648K)->26746K(27648K) Class: 6904K(8128K)->6904K(8128K)
[40.535s][info][gc          ] GC(46) Pause Full (System.gc()) 778M->778M(6144M) 549.729ms
[41.087s][info][gc,metaspace] GC(47) Metaspace: 33650K(35776K)->33650K(35776K) NonClass: 26746K(27648K)->26746K(27648K) Class: 6904K(8128K)->6904K(8128K)
[41.087s][info][gc          ] GC(47) Pause Full (System.gc()) 778M->778M(6144M) 552.181ms
[41.638s][info][gc,metaspace] GC(48) Metaspace: 33650K(35776K)->33650K(35776K) NonClass: 26746K(27648K)->26746K(27648K) Class: 6904K(8128K)->6904K(8128K)
[41.638s][info][gc          ] GC(48) Pause Full (System.gc()) 778M->778M(6144M) 550.883ms
[42.181s][info][gc,metaspace] GC(49) Metaspace: 33650K(35776K)->33650K(35776K) NonClass: 26746K(27648K)->26746K(27648K) Class: 6904K(8128K)->6904K(8128K)
[42.181s][info][gc          ] GC(49) Pause Full (System.gc()) 778M->778M(6144M) 542.148ms
[42.786s][info][gc,metaspace] GC(50) Metaspace: 33650K(35776K)->33650K(35776K) NonClass: 26746K(27648K)->26746K(27648K) Class: 6904K(8128K)->6904K(8128K)
[42.786s][info][gc          ] GC(50) Pause Full (System.gc()) 778M->778M(6144M) 605.564ms
[43.354s][info][gc,metaspace] GC(51) Metaspace: 33650K(35776K)->33650K(35776K) NonClass: 26746K(27648K)->26746K(27648K) Class: 6904K(8128K)->6904K(8128K)
[43.354s][info][gc          ] GC(51) Pause Full (System.gc()) 778M->778M(6144M) 567.893ms
[43.901s][info][gc,metaspace] GC(52) Metaspace: 33650K(35776K)->33650K(35776K) NonClass: 26746K(27648K)->26746K(27648K) Class: 6904K(8128K)->6904K(8128K)
[43.901s][info][gc          ] GC(52) Pause Full (System.gc()) 778M->778M(6144M) 546.360ms
[44.461s][info][gc,metaspace] GC(53) Metaspace: 33650K(35776K)->33650K(35776K) NonClass: 26746K(27648K)->26746K(27648K) Class: 6904K(8128K)->6904K(8128K)
[44.461s][info][gc          ] GC(53) Pause Full (System.gc()) 778M->778M(6144M) 559.777ms
[45.034s][info][gc,metaspace] GC(54) Metaspace: 33650K(35776K)->33650K(35776K) NonClass: 26746K(27648K)->26746K(27648K) Class: 6904K(8128K)->6904K(8128K)
[45.034s][info][gc          ] GC(54) Pause Full (System.gc()) 778M->778M(6144M) 572.901ms
[45.571s][info][gc,metaspace] GC(55) Metaspace: 33650K(35776K)->33650K(35776K) NonClass: 26746K(27648K)->26746K(27648K) Class: 6904K(8128K)->6904K(8128K)
[45.571s][info][gc          ] GC(55) Pause Full (System.gc()) 778M->778M(6144M) 537.433ms
[46.105s][info][gc,metaspace] GC(56) Metaspace: 33650K(35776K)->33650K(35776K) NonClass: 26746K(27648K)->26746K(27648K) Class: 6904K(8128K)->6904K(8128K)
[46.105s][info][gc          ] GC(56) Pause Full (System.gc()) 778M->778M(6144M) 533.690ms
[46.652s][info][gc,metaspace] GC(57) Metaspace: 33650K(35776K)->33650K(35776K) NonClass: 26746K(27648K)->26746K(27648K) Class: 6904K(8128K)->6904K(8128K)
[46.652s][info][gc          ] GC(57) Pause Full (System.gc()) 778M->778M(6144M) 546.979ms
[47.229s][info][gc,metaspace] GC(58) Metaspace: 33650K(35776K)->33650K(35776K) NonClass: 26746K(27648K)->26746K(27648K) Class: 6904K(8128K)->6904K(8128K)
[47.229s][info][gc          ] GC(58) Pause Full (System.gc()) 778M->778M(6144M) 577.308ms
[47.777s][info][gc,metaspace] GC(59) Metaspace: 33650K(35776K)->33650K(35776K) NonClass: 26746K(27648K)->26746K(27648K) Class: 6904K(8128K)->6904K(8128K)
[47.777s][info][gc          ] GC(59) Pause Full (System.gc()) 778M->778M(6144M) 547.950ms
[48.303s][info][gc,metaspace] GC(60) Metaspace: 33650K(35776K)->33650K(35776K) NonClass: 26746K(27648K)->26746K(27648K) Class: 6904K(8128K)->6904K(8128K)
[48.303s][info][gc          ] GC(60) Pause Full (System.gc()) 778M->778M(6144M) 525.955ms
[48.868s][info][gc,metaspace] GC(61) Metaspace: 33650K(35776K)->33650K(35776K) NonClass: 26746K(27648K)->26746K(27648K) Class: 6904K(8128K)->6904K(8128K)
[48.868s][info][gc          ] GC(61) Pause Full (System.gc()) 778M->778M(6144M) 564.946ms
[49.453s][info][gc,metaspace] GC(62) Metaspace: 33650K(35776K)->33650K(35776K) NonClass: 26746K(27648K)->26746K(27648K) Class: 6904K(8128K)->6904K(8128K)
[49.453s][info][gc          ] GC(62) Pause Full (System.gc()) 778M->778M(6144M) 580.192ms
[49.992s][info][gc,metaspace] GC(63) Metaspace: 33650K(35776K)->33650K(35776K) NonClass: 26746K(27648K)->26746K(27648K) Class: 6904K(8128K)->6904K(8128K)
[49.992s][info][gc          ] GC(63) Pause Full (System.gc()) 778M->778M(6144M) 538.998ms
[50.566s][info][gc,metaspace] GC(64) Metaspace: 33650K(35776K)->33650K(35776K) NonClass: 26746K(27648K)->26746K(27648K) Class: 6904K(8128K)->6904K(8128K)
[50.566s][info][gc          ] GC(64) Pause Full (System.gc()) 778M->778M(6144M) 574.096ms
[51.119s][info][gc,metaspace] GC(65) Metaspace: 33650K(35776K)->33650K(35776K) NonClass: 26746K(27648K)->26746K(27648K) Class: 6904K(8128K)->6904K(8128K)
[51.119s][info][gc          ] GC(65) Pause Full (System.gc()) 778M->778M(6144M) 552.839ms
[51.676s][info][gc,metaspace] GC(66) Metaspace: 33650K(35776K)->33650K(35776K) NonClass: 26746K(27648K)->26746K(27648K) Class: 6904K(8128K)->6904K(8128K)
[51.676s][info][gc          ] GC(66) Pause Full (System.gc()) 778M->778M(6144M) 556.584ms
[52.208s][info][gc,metaspace] GC(67) Metaspace: 33650K(35776K)->33650K(35776K) NonClass: 26746K(27648K)->26746K(27648K) Class: 6904K(8128K)->6904K(8128K)
[52.208s][info][gc          ] GC(67) Pause Full (System.gc()) 778M->778M(6144M) 532.507ms
[52.757s][info][gc,metaspace] GC(68) Metaspace: 33650K(35776K)->33650K(35776K) NonClass: 26746K(27648K)->26746K(27648K) Class: 6904K(8128K)->6904K(8128K)
[52.757s][info][gc          ] GC(68) Pause Full (System.gc()) 778M->778M(6144M) 548.353ms
[53.317s][info][gc,metaspace] GC(69) Metaspace: 33650K(35776K)->33650K(35776K) NonClass: 26746K(27648K)->26746K(27648K) Class: 6904K(8128K)->6904K(8128K)
[53.317s][info][gc          ] GC(69) Pause Full (System.gc()) 778M->778M(6144M) 560.460ms
[53.846s][info][gc,metaspace] GC(70) Metaspace: 33650K(35776K)->33650K(35776K) NonClass: 26746K(27648K)->26746K(27648K) Class: 6904K(8128K)->6904K(8128K)
[53.846s][info][gc          ] GC(70) Pause Full (System.gc()) 778M->778M(6144M) 528.898ms
[54.390s][info][gc,metaspace] GC(71) Metaspace: 33650K(35776K)->33650K(35776K) NonClass: 26746K(27648K)->26746K(27648K) Class: 6904K(8128K)->6904K(8128K)
[54.390s][info][gc          ] GC(71) Pause Full (System.gc()) 778M->778M(6144M) 543.604ms
[54.927s][info][gc,metaspace] GC(72) Metaspace: 33650K(35776K)->33650K(35776K) NonClass: 26746K(27648K)->26746K(27648K) Class: 6904K(8128K)->6904K(8128K)
[54.927s][info][gc          ] GC(72) Pause Full (System.gc()) 778M->778M(6144M) 536.913ms
[55.480s][info][gc,metaspace] GC(73) Metaspace: 33650K(35776K)->33650K(35776K) NonClass: 26746K(27648K)->26746K(27648K) Class: 6904K(8128K)->6904K(8128K)
[55.480s][info][gc          ] GC(73) Pause Full (System.gc()) 778M->778M(6144M) 553.292ms
[56.003s][info][gc,metaspace] GC(74) Metaspace: 33650K(35776K)->33650K(35776K) NonClass: 26746K(27648K)->26746K(27648K) Class: 6904K(8128K)->6904K(8128K)
[56.003s][info][gc          ] GC(74) Pause Full (System.gc()) 778M->778M(6144M) 522.741ms
[56.559s][info][gc,metaspace] GC(75) Metaspace: 33650K(35776K)->33650K(35776K) NonClass: 26746K(27648K)->26746K(27648K) Class: 6904K(8128K)->6904K(8128K)
[56.559s][info][gc          ] GC(75) Pause Full (System.gc()) 778M->778M(6144M) 556.233ms
[57.087s][info][gc,metaspace] GC(76) Metaspace: 33650K(35776K)->33650K(35776K) NonClass: 26746K(27648K)->26746K(27648K) Class: 6904K(8128K)->6904K(8128K)
[57.087s][info][gc          ] GC(76) Pause Full (System.gc()) 778M->778M(6144M) 528.069ms
[57.605s][info][gc,metaspace] GC(77) Metaspace: 33650K(35776K)->33650K(35776K) NonClass: 26746K(27648K)->26746K(27648K) Class: 6904K(8128K)->6904K(8128K)
[57.605s][info][gc          ] GC(77) Pause Full (System.gc()) 778M->778M(6144M) 517.528ms
[58.168s][info][gc,metaspace] GC(78) Metaspace: 33650K(35776K)->33650K(35776K) NonClass: 26746K(27648K)->26746K(27648K) Class: 6904K(8128K)->6904K(8128K)
[58.168s][info][gc          ] GC(78) Pause Full (System.gc()) 778M->778M(6144M) 562.786ms
[58.757s][info][gc,metaspace] GC(79) Metaspace: 33650K(35776K)->33650K(35776K) NonClass: 26746K(27648K)->26746K(27648K) Class: 6904K(8128K)->6904K(8128K)
[58.757s][info][gc          ] GC(79) Pause Full (System.gc()) 778M->778M(6144M) 588.952ms
[59.312s][info][gc,metaspace] GC(80) Metaspace: 33650K(35776K)->33650K(35776K) NonClass: 26746K(27648K)->26746K(27648K) Class: 6904K(8128K)->6904K(8128K)
[59.313s][info][gc          ] GC(80) Pause Full (System.gc()) 778M->778M(6144M) 555.515ms
[59.876s][info][gc,metaspace] GC(81) Metaspace: 33650K(35776K)->33650K(35776K) NonClass: 26746K(27648K)->26746K(27648K) Class: 6904K(8128K)->6904K(8128K)
[59.876s][info][gc          ] GC(81) Pause Full (System.gc()) 778M->778M(6144M) 563.476ms
[60.463s][info][gc,metaspace] GC(82) Metaspace: 33650K(35776K)->33650K(35776K) NonClass: 26746K(27648K)->26746K(27648K) Class: 6904K(8128K)->6904K(8128K)
[60.463s][info][gc          ] GC(82) Pause Full (System.gc()) 778M->778M(6144M) 586.540ms
[61.011s][info][gc,metaspace] GC(83) Metaspace: 33650K(35776K)->33650K(35776K) NonClass: 26746K(27648K)->26746K(27648K) Class: 6904K(8128K)->6904K(8128K)
[61.011s][info][gc          ] GC(83) Pause Full (System.gc()) 778M->778M(6144M) 548.061ms
[61.572s][info][gc,metaspace] GC(84) Metaspace: 33650K(35776K)->33650K(35776K) NonClass: 26746K(27648K)->26746K(27648K) Class: 6904K(8128K)->6904K(8128K)
[61.572s][info][gc          ] GC(84) Pause Full (System.gc()) 778M->778M(6144M) 560.685ms
[62.106s][info][gc,metaspace] GC(85) Metaspace: 33650K(35776K)->33650K(35776K) NonClass: 26746K(27648K)->26746K(27648K) Class: 6904K(8128K)->6904K(8128K)
[62.106s][info][gc          ] GC(85) Pause Full (System.gc()) 778M->778M(6144M) 534.105ms
[62.656s][info][gc,metaspace] GC(86) Metaspace: 33650K(35776K)->33650K(35776K) NonClass: 26746K(27648K)->26746K(27648K) Class: 6904K(8128K)->6904K(8128K)
[62.656s][info][gc          ] GC(86) Pause Full (System.gc()) 778M->778M(6144M) 550.086ms
[63.198s][info][gc,metaspace] GC(87) Metaspace: 33650K(35776K)->33650K(35776K) NonClass: 26746K(27648K)->26746K(27648K) Class: 6904K(8128K)->6904K(8128K)
[63.198s][info][gc          ] GC(87) Pause Full (System.gc()) 778M->778M(6144M) 541.894ms
[63.743s][info][gc,metaspace] GC(88) Metaspace: 33650K(35776K)->33650K(35776K) NonClass: 26746K(27648K)->26746K(27648K) Class: 6904K(8128K)->6904K(8128K)
[63.743s][info][gc          ] GC(88) Pause Full (System.gc()) 778M->778M(6144M) 544.689ms
[64.271s][info][gc,metaspace] GC(89) Metaspace: 33650K(35776K)->33650K(35776K) NonClass: 26746K(27648K)->26746K(27648K) Class: 6904K(8128K)->6904K(8128K)
[64.271s][info][gc          ] GC(89) Pause Full (System.gc()) 778M->778M(6144M) 528.611ms
[64.826s][info][gc,metaspace] GC(90) Metaspace: 33650K(35776K)->33650K(35776K) NonClass: 26746K(27648K)->26746K(27648K) Class: 6904K(8128K)->6904K(8128K)
[64.826s][info][gc          ] GC(90) Pause Full (System.gc()) 780M->778M(6144M) 554.647ms
[65.408s][info][gc,metaspace] GC(91) Metaspace: 33650K(35776K)->33650K(35776K) NonClass: 26746K(27648K)->26746K(27648K) Class: 6904K(8128K)->6904K(8128K)
[65.408s][info][gc          ] GC(91) Pause Full (System.gc()) 778M->778M(6144M) 577.399ms
[65.948s][info][gc,metaspace] GC(92) Metaspace: 33650K(35776K)->33650K(35776K) NonClass: 26746K(27648K)->26746K(27648K) Class: 6904K(8128K)->6904K(8128K)
[65.948s][info][gc          ] GC(92) Pause Full (System.gc()) 778M->778M(6144M) 540.262ms
[66.524s][info][gc,metaspace] GC(93) Metaspace: 33650K(35776K)->33650K(35776K) NonClass: 26746K(27648K)->26746K(27648K) Class: 6904K(8128K)->6904K(8128K)
[66.524s][info][gc          ] GC(93) Pause Full (System.gc()) 778M->778M(6144M) 575.612ms
[67.064s][info][gc,metaspace] GC(94) Metaspace: 33650K(35776K)->33650K(35776K) NonClass: 26746K(27648K)->26746K(27648K) Class: 6904K(8128K)->6904K(8128K)
[67.064s][info][gc          ] GC(94) Pause Full (System.gc()) 778M->778M(6144M) 540.494ms
[67.618s][info][gc,metaspace] GC(95) Metaspace: 33650K(35776K)->33650K(35776K) NonClass: 26746K(27648K)->26746K(27648K) Class: 6904K(8128K)->6904K(8128K)
[67.618s][info][gc          ] GC(95) Pause Full (System.gc()) 778M->778M(6144M) 553.045ms
[68.172s][info][gc,metaspace] GC(96) Metaspace: 33650K(35776K)->33650K(35776K) NonClass: 26746K(27648K)->26746K(27648K) Class: 6904K(8128K)->6904K(8128K)
[68.172s][info][gc          ] GC(96) Pause Full (System.gc()) 778M->778M(6144M) 554.857ms
[68.720s][info][gc,metaspace] GC(97) Metaspace: 33650K(35776K)->33650K(35776K) NonClass: 26746K(27648K)->26746K(27648K) Class: 6904K(8128K)->6904K(8128K)
[68.720s][info][gc          ] GC(97) Pause Full (System.gc()) 778M->778M(6144M) 547.729ms
[69.259s][info][gc,metaspace] GC(98) Metaspace: 33650K(35776K)->33650K(35776K) NonClass: 26746K(27648K)->26746K(27648K) Class: 6904K(8128K)->6904K(8128K)
[69.259s][info][gc          ] GC(98) Pause Full (System.gc()) 778M->778M(6144M) 538.991ms
[69.807s][info][gc,metaspace] GC(99) Metaspace: 33650K(35776K)->33650K(35776K) NonClass: 26746K(27648K)->26746K(27648K) Class: 6904K(8128K)->6904K(8128K)
[69.807s][info][gc          ] GC(99) Pause Full (System.gc()) 778M->778M(6144M) 547.499ms
[70.353s][info][gc,metaspace] GC(100) Metaspace: 33650K(35776K)->33650K(35776K) NonClass: 26746K(27648K)->26746K(27648K) Class: 6904K(8128K)->6904K(8128K)
[70.353s][info][gc          ] GC(100) Pause Full (System.gc()) 778M->778M(6144M) 545.896ms
[70.900s][info][gc,metaspace] GC(101) Metaspace: 33650K(35776K)->33650K(35776K) NonClass: 26746K(27648K)->26746K(27648K) Class: 6904K(8128K)->6904K(8128K)
[70.900s][info][gc          ] GC(101) Pause Full (System.gc()) 778M->778M(6144M) 547.061ms
[71.448s][info][gc,metaspace] GC(102) Metaspace: 33650K(35776K)->33650K(35776K) NonClass: 26746K(27648K)->26746K(27648K) Class: 6904K(8128K)->6904K(8128K)
[71.448s][info][gc          ] GC(102) Pause Full (System.gc()) 778M->778M(6144M) 547.886ms
[71.993s][info][gc,metaspace] GC(103) Metaspace: 33650K(35776K)->33650K(35776K) NonClass: 26746K(27648K)->26746K(27648K) Class: 6904K(8128K)->6904K(8128K)
[71.994s][info][gc          ] GC(103) Pause Full (System.gc()) 778M->778M(6144M) 545.478ms
After GCs... 
