Done; will start GCs... 
[70.302s][info][gc,metaspace] GC(21) Metaspace: 61790K(68864K)->61790K(68864K) NonClass: 50895K(53952K)->50895K(53952K) Class: 10894K(14912K)->10894K(14912K)
[70.302s][info][gc          ] GC(21) Pause Full (System.gc()) 1460M->1299M(5939M) 4446.120ms
[73.294s][info][gc,metaspace] GC(22) Metaspace: 61790K(68864K)->61790K(68864K) NonClass: 50895K(53952K)->50895K(53952K) Class: 10894K(14912K)->10894K(14912K)
[73.294s][info][gc          ] GC(22) Pause Full (System.gc()) 1299M->1299M(5939M) 2991.681ms
[77.240s][info][gc,metaspace] GC(23) Metaspace: 61790K(68864K)->61790K(68864K) NonClass: 50895K(53952K)->50895K(53952K) Class: 10894K(14912K)->10894K(14912K)
[77.240s][info][gc          ] GC(23) Pause Full (System.gc()) 1299M->1299M(5939M) 3945.824ms
[80.226s][info][gc,metaspace] GC(24) Metaspace: 61790K(68864K)->61790K(68864K) NonClass: 50895K(53952K)->50895K(53952K) Class: 10894K(14912K)->10894K(14912K)
[80.226s][info][gc          ] GC(24) Pause Full (System.gc()) 1299M->1299M(5939M) 2985.424ms
[83.204s][info][gc,metaspace] GC(25) Metaspace: 61790K(68864K)->61790K(68864K) NonClass: 50895K(53952K)->50895K(53952K) Class: 10894K(14912K)->10894K(14912K)
[83.204s][info][gc          ] GC(25) Pause Full (System.gc()) 1299M->1299M(5939M) 2977.769ms
[86.186s][info][gc,metaspace] GC(26) Metaspace: 61790K(68864K)->61790K(68864K) NonClass: 50895K(53952K)->50895K(53952K) Class: 10894K(14912K)->10894K(14912K)
[86.186s][info][gc          ] GC(26) Pause Full (System.gc()) 1299M->1299M(5939M) 2982.130ms
[89.170s][info][gc,metaspace] GC(27) Metaspace: 61790K(68864K)->61790K(68864K) NonClass: 50895K(53952K)->50895K(53952K) Class: 10894K(14912K)->10894K(14912K)
[89.170s][info][gc          ] GC(27) Pause Full (System.gc()) 1299M->1299M(5939M) 2983.637ms
[92.155s][info][gc,metaspace] GC(28) Metaspace: 61790K(68864K)->61790K(68864K) NonClass: 50895K(53952K)->50895K(53952K) Class: 10894K(14912K)->10894K(14912K)
[92.155s][info][gc          ] GC(28) Pause Full (System.gc()) 1299M->1299M(5939M) 2984.913ms
[95.140s][info][gc,metaspace] GC(29) Metaspace: 61790K(68864K)->61790K(68864K) NonClass: 50895K(53952K)->50895K(53952K) Class: 10894K(14912K)->10894K(14912K)
[95.140s][info][gc          ] GC(29) Pause Full (System.gc()) 1299M->1299M(5939M) 2984.071ms
[98.123s][info][gc,metaspace] GC(30) Metaspace: 61790K(68864K)->61790K(68864K) NonClass: 50895K(53952K)->50895K(53952K) Class: 10894K(14912K)->10894K(14912K)
[98.124s][info][gc          ] GC(30) Pause Full (System.gc()) 1299M->1299M(5939M) 2983.691ms
[101.107s][info][gc,metaspace] GC(31) Metaspace: 61790K(68864K)->61790K(68864K) NonClass: 50895K(53952K)->50895K(53952K) Class: 10894K(14912K)->10894K(14912K)
[101.108s][info][gc          ] GC(31) Pause Full (System.gc()) 1299M->1299M(5939M) 2983.658ms
[104.091s][info][gc,metaspace] GC(32) Metaspace: 61790K(68864K)->61790K(68864K) NonClass: 50895K(53952K)->50895K(53952K) Class: 10894K(14912K)->10894K(14912K)
[104.091s][info][gc          ] GC(32) Pause Full (System.gc()) 1299M->1299M(5939M) 2983.131ms
[107.074s][info][gc,metaspace] GC(33) Metaspace: 61790K(68864K)->61790K(68864K) NonClass: 50895K(53952K)->50895K(53952K) Class: 10894K(14912K)->10894K(14912K)
[107.074s][info][gc          ] GC(33) Pause Full (System.gc()) 1299M->1299M(5939M) 2982.585ms
[110.054s][info][gc,metaspace] GC(34) Metaspace: 61790K(68864K)->61790K(68864K) NonClass: 50895K(53952K)->50895K(53952K) Class: 10894K(14912K)->10894K(14912K)
[110.054s][info][gc          ] GC(34) Pause Full (System.gc()) 1299M->1299M(5939M) 2980.463ms
[114.082s][info][gc,metaspace] GC(35) Metaspace: 61790K(68864K)->61790K(68864K) NonClass: 50895K(53952K)->50895K(53952K) Class: 10894K(14912K)->10894K(14912K)
[114.082s][info][gc          ] GC(35) Pause Full (System.gc()) 1299M->1299M(5939M) 4027.572ms
[117.068s][info][gc,metaspace] GC(36) Metaspace: 61790K(68864K)->61790K(68864K) NonClass: 50895K(53952K)->50895K(53952K) Class: 10894K(14912K)->10894K(14912K)
[117.068s][info][gc          ] GC(36) Pause Full (System.gc()) 1299M->1299M(5939M) 2985.172ms
[120.052s][info][gc,metaspace] GC(37) Metaspace: 61790K(68864K)->61790K(68864K) NonClass: 50895K(53952K)->50895K(53952K) Class: 10894K(14912K)->10894K(14912K)
[120.052s][info][gc          ] GC(37) Pause Full (System.gc()) 1299M->1299M(5939M) 2983.921ms
[123.034s][info][gc,metaspace] GC(38) Metaspace: 61790K(68864K)->61790K(68864K) NonClass: 50895K(53952K)->50895K(53952K) Class: 10894K(14912K)->10894K(14912K)
[123.034s][info][gc          ] GC(38) Pause Full (System.gc()) 1299M->1299M(5939M) 2982.366ms
[125.969s][info][gc,metaspace] GC(39) Metaspace: 61790K(68864K)->61790K(68864K) NonClass: 50895K(53952K)->50895K(53952K) Class: 10894K(14912K)->10894K(14912K)
[125.969s][info][gc          ] GC(39) Pause Full (System.gc()) 1299M->1299M(5939M) 2934.337ms
[128.951s][info][gc,metaspace] GC(40) Metaspace: 61790K(68864K)->61790K(68864K) NonClass: 50895K(53952K)->50895K(53952K) Class: 10894K(14912K)->10894K(14912K)
[128.951s][info][gc          ] GC(40) Pause Full (System.gc()) 1299M->1299M(5939M) 2929.988ms
[131.936s][info][gc,metaspace] GC(41) Metaspace: 61790K(68864K)->61790K(68864K) NonClass: 50895K(53952K)->50895K(53952K) Class: 10894K(14912K)->10894K(14912K)
[131.936s][info][gc          ] GC(41) Pause Full (System.gc()) 1306M->1299M(5939M) 2984.457ms
[134.919s][info][gc,metaspace] GC(42) Metaspace: 61790K(68864K)->61790K(68864K) NonClass: 50895K(53952K)->50895K(53952K) Class: 10894K(14912K)->10894K(14912K)
[134.919s][info][gc          ] GC(42) Pause Full (System.gc()) 1299M->1299M(5939M) 2983.581ms
[138.476s][info][gc,metaspace] GC(43) Metaspace: 61790K(68864K)->61790K(68864K) NonClass: 50895K(53952K)->50895K(53952K) Class: 10894K(14912K)->10894K(14912K)
[138.476s][info][gc          ] GC(43) Pause Full (System.gc()) 1299M->1299M(5939M) 3556.097ms
[141.459s][info][gc,metaspace] GC(44) Metaspace: 61790K(68864K)->61790K(68864K) NonClass: 50895K(53952K)->50895K(53952K) Class: 10894K(14912K)->10894K(14912K)
[141.459s][info][gc          ] GC(44) Pause Full (System.gc()) 1299M->1299M(5939M) 2983.105ms
[144.443s][info][gc,metaspace] GC(45) Metaspace: 61790K(68864K)->61790K(68864K) NonClass: 50895K(53952K)->50895K(53952K) Class: 10894K(14912K)->10894K(14912K)
[144.443s][info][gc          ] GC(45) Pause Full (System.gc()) 1299M->1299M(5939M) 2983.053ms
[147.426s][info][gc,metaspace] GC(46) Metaspace: 61790K(68864K)->61790K(68864K) NonClass: 50895K(53952K)->50895K(53952K) Class: 10894K(14912K)->10894K(14912K)
[147.426s][info][gc          ] GC(46) Pause Full (System.gc()) 1299M->1299M(5939M) 2983.424ms
[150.409s][info][gc,metaspace] GC(47) Metaspace: 61790K(68864K)->61790K(68864K) NonClass: 50895K(53952K)->50895K(53952K) Class: 10894K(14912K)->10894K(14912K)
[150.409s][info][gc          ] GC(47) Pause Full (System.gc()) 1299M->1299M(5939M) 2982.288ms
[153.386s][info][gc,metaspace] GC(48) Metaspace: 61790K(68864K)->61790K(68864K) NonClass: 50895K(53952K)->50895K(53952K) Class: 10894K(14912K)->10894K(14912K)
[153.386s][info][gc          ] GC(48) Pause Full (System.gc()) 1299M->1299M(5939M) 2977.176ms
[156.371s][info][gc,metaspace] GC(49) Metaspace: 61790K(68864K)->61790K(68864K) NonClass: 50895K(53952K)->50895K(53952K) Class: 10894K(14912K)->10894K(14912K)
[156.371s][info][gc          ] GC(49) Pause Full (System.gc()) 1299M->1299M(5939M) 2984.084ms
[159.355s][info][gc,metaspace] GC(50) Metaspace: 61790K(68864K)->61790K(68864K) NonClass: 50895K(53952K)->50895K(53952K) Class: 10894K(14912K)->10894K(14912K)
[159.355s][info][gc          ] GC(50) Pause Full (System.gc()) 1299M->1299M(5939M) 2983.898ms
[162.338s][info][gc,metaspace] GC(51) Metaspace: 61790K(68864K)->61790K(68864K) NonClass: 50895K(53952K)->50895K(53952K) Class: 10894K(14912K)->10894K(14912K)
[162.338s][info][gc          ] GC(51) Pause Full (System.gc()) 1299M->1299M(5939M) 2983.534ms
[165.321s][info][gc,metaspace] GC(52) Metaspace: 61790K(68864K)->61790K(68864K) NonClass: 50895K(53952K)->50895K(53952K) Class: 10894K(14912K)->10894K(14912K)
[165.321s][info][gc          ] GC(52) Pause Full (System.gc()) 1299M->1299M(5939M) 2981.988ms
[168.303s][info][gc,metaspace] GC(53) Metaspace: 61790K(68864K)->61790K(68864K) NonClass: 50895K(53952K)->50895K(53952K) Class: 10894K(14912K)->10894K(14912K)
[168.303s][info][gc          ] GC(53) Pause Full (System.gc()) 1299M->1299M(5939M) 2982.558ms
[171.287s][info][gc,metaspace] GC(54) Metaspace: 61790K(68864K)->61790K(68864K) NonClass: 50895K(53952K)->50895K(53952K) Class: 10894K(14912K)->10894K(14912K)
[171.287s][info][gc          ] GC(54) Pause Full (System.gc()) 1299M->1299M(5939M) 2983.618ms
[175.117s][info][gc,metaspace] GC(55) Metaspace: 61790K(68864K)->61790K(68864K) NonClass: 50895K(53952K)->50895K(53952K) Class: 10894K(14912K)->10894K(14912K)
[175.117s][info][gc          ] GC(55) Pause Full (System.gc()) 1299M->1299M(5939M) 3829.263ms
[178.101s][info][gc,metaspace] GC(56) Metaspace: 61790K(68864K)->61790K(68864K) NonClass: 50895K(53952K)->50895K(53952K) Class: 10894K(14912K)->10894K(14912K)
[178.101s][info][gc          ] GC(56) Pause Full (System.gc()) 1299M->1299M(5939M) 2983.726ms
[181.083s][info][gc,metaspace] GC(57) Metaspace: 61790K(68864K)->61790K(68864K) NonClass: 50895K(53952K)->50895K(53952K) Class: 10894K(14912K)->10894K(14912K)
[181.083s][info][gc          ] GC(57) Pause Full (System.gc()) 1299M->1299M(5939M) 2982.362ms
[184.061s][info][gc,metaspace] GC(58) Metaspace: 61790K(68864K)->61790K(68864K) NonClass: 50895K(53952K)->50895K(53952K) Class: 10894K(14912K)->10894K(14912K)
[184.061s][info][gc          ] GC(58) Pause Full (System.gc()) 1299M->1299M(5939M) 2977.712ms
[187.043s][info][gc,metaspace] GC(59) Metaspace: 61790K(68864K)->61790K(68864K) NonClass: 50895K(53952K)->50895K(53952K) Class: 10894K(14912K)->10894K(14912K)
[187.043s][info][gc          ] GC(59) Pause Full (System.gc()) 1299M->1299M(5939M) 2981.534ms
[190.025s][info][gc,metaspace] GC(60) Metaspace: 61790K(68864K)->61790K(68864K) NonClass: 50895K(53952K)->50895K(53952K) Class: 10894K(14912K)->10894K(14912K)
[190.025s][info][gc          ] GC(60) Pause Full (System.gc()) 1299M->1299M(5939M) 2981.673ms
[192.957s][info][gc,metaspace] GC(61) Metaspace: 61790K(68864K)->61790K(68864K) NonClass: 50895K(53952K)->50895K(53952K) Class: 10894K(14912K)->10894K(14912K)
[192.957s][info][gc          ] GC(61) Pause Full (System.gc()) 1306M->1299M(5939M) 2931.825ms
[195.940s][info][gc,metaspace] GC(62) Metaspace: 61790K(68864K)->61790K(68864K) NonClass: 50895K(53952K)->50895K(53952K) Class: 10894K(14912K)->10894K(14912K)
[195.940s][info][gc          ] GC(62) Pause Full (System.gc()) 1299M->1299M(5939M) 2982.753ms
[198.923s][info][gc,metaspace] GC(63) Metaspace: 61790K(68864K)->61790K(68864K) NonClass: 50895K(53952K)->50895K(53952K) Class: 10894K(14912K)->10894K(14912K)
[198.923s][info][gc          ] GC(63) Pause Full (System.gc()) 1299M->1299M(5939M) 2983.470ms
[201.907s][info][gc,metaspace] GC(64) Metaspace: 61790K(68864K)->61790K(68864K) NonClass: 50895K(53952K)->50895K(53952K) Class: 10894K(14912K)->10894K(14912K)
[201.907s][info][gc          ] GC(64) Pause Full (System.gc()) 1299M->1299M(5939M) 2983.762ms
[204.890s][info][gc,metaspace] GC(65) Metaspace: 61790K(68864K)->61790K(68864K) NonClass: 50895K(53952K)->50895K(53952K) Class: 10894K(14912K)->10894K(14912K)
[204.890s][info][gc          ] GC(65) Pause Full (System.gc()) 1299M->1299M(5939M) 2982.392ms
[207.873s][info][gc,metaspace] GC(66) Metaspace: 61790K(68864K)->61790K(68864K) NonClass: 50895K(53952K)->50895K(53952K) Class: 10894K(14912K)->10894K(14912K)
[207.873s][info][gc          ] GC(66) Pause Full (System.gc()) 1299M->1299M(5939M) 2982.513ms
[210.857s][info][gc,metaspace] GC(67) Metaspace: 61790K(68864K)->61790K(68864K) NonClass: 50895K(53952K)->50895K(53952K) Class: 10894K(14912K)->10894K(14912K)
[210.857s][info][gc          ] GC(67) Pause Full (System.gc()) 1299M->1299M(5939M) 2983.705ms
[213.837s][info][gc,metaspace] GC(68) Metaspace: 61790K(68864K)->61790K(68864K) NonClass: 50895K(53952K)->50895K(53952K) Class: 10894K(14912K)->10894K(14912K)
[213.837s][info][gc          ] GC(68) Pause Full (System.gc()) 1299M->1299M(5939M) 2980.159ms
[216.820s][info][gc,metaspace] GC(69) Metaspace: 61790K(68864K)->61790K(68864K) NonClass: 50895K(53952K)->50895K(53952K) Class: 10894K(14912K)->10894K(14912K)
[216.820s][info][gc          ] GC(69) Pause Full (System.gc()) 1299M->1299M(5939M) 2982.844ms
[219.803s][info][gc,metaspace] GC(70) Metaspace: 61790K(68864K)->61790K(68864K) NonClass: 50895K(53952K)->50895K(53952K) Class: 10894K(14912K)->10894K(14912K)
[219.803s][info][gc          ] GC(70) Pause Full (System.gc()) 1299M->1299M(5939M) 2982.943ms
[222.785s][info][gc,metaspace] GC(71) Metaspace: 61790K(68864K)->61790K(68864K) NonClass: 50895K(53952K)->50895K(53952K) Class: 10894K(14912K)->10894K(14912K)
[222.785s][info][gc          ] GC(71) Pause Full (System.gc()) 1299M->1299M(5939M) 2981.838ms
[225.768s][info][gc,metaspace] GC(72) Metaspace: 61790K(68864K)->61790K(68864K) NonClass: 50895K(53952K)->50895K(53952K) Class: 10894K(14912K)->10894K(14912K)
[225.768s][info][gc          ] GC(72) Pause Full (System.gc()) 1299M->1299M(5939M) 2983.007ms
[228.752s][info][gc,metaspace] GC(73) Metaspace: 61790K(68864K)->61790K(68864K) NonClass: 50895K(53952K)->50895K(53952K) Class: 10894K(14912K)->10894K(14912K)
[228.752s][info][gc          ] GC(73) Pause Full (System.gc()) 1299M->1299M(5939M) 2983.474ms
[231.736s][info][gc,metaspace] GC(74) Metaspace: 61790K(68864K)->61790K(68864K) NonClass: 50895K(53952K)->50895K(53952K) Class: 10894K(14912K)->10894K(14912K)
[231.736s][info][gc          ] GC(74) Pause Full (System.gc()) 1299M->1299M(5939M) 2984.021ms
[234.719s][info][gc,metaspace] GC(75) Metaspace: 61790K(68864K)->61790K(68864K) NonClass: 50895K(53952K)->50895K(53952K) Class: 10894K(14912K)->10894K(14912K)
[234.719s][info][gc          ] GC(75) Pause Full (System.gc()) 1299M->1299M(5939M) 2982.314ms
[237.702s][info][gc,metaspace] GC(76) Metaspace: 61790K(68864K)->61790K(68864K) NonClass: 50895K(53952K)->50895K(53952K) Class: 10894K(14912K)->10894K(14912K)
[237.702s][info][gc          ] GC(76) Pause Full (System.gc()) 1299M->1299M(5939M) 2982.767ms
[240.682s][info][gc,metaspace] GC(77) Metaspace: 61790K(68864K)->61790K(68864K) NonClass: 50895K(53952K)->50895K(53952K) Class: 10894K(14912K)->10894K(14912K)
[240.682s][info][gc          ] GC(77) Pause Full (System.gc()) 1299M->1299M(5939M) 2975.638ms
[243.666s][info][gc,metaspace] GC(78) Metaspace: 61790K(68864K)->61790K(68864K) NonClass: 50895K(53952K)->50895K(53952K) Class: 10894K(14912K)->10894K(14912K)
[243.666s][info][gc          ] GC(78) Pause Full (System.gc()) 1299M->1299M(5939M) 2983.865ms
[247.493s][info][gc,metaspace] GC(79) Metaspace: 61790K(68864K)->61790K(68864K) NonClass: 50895K(53952K)->50895K(53952K) Class: 10894K(14912K)->10894K(14912K)
[247.493s][info][gc          ] GC(79) Pause Full (System.gc()) 1299M->1299M(5939M) 3826.396ms
[250.474s][info][gc,metaspace] GC(80) Metaspace: 61790K(68864K)->61790K(68864K) NonClass: 50895K(53952K)->50895K(53952K) Class: 10894K(14912K)->10894K(14912K)
[250.474s][info][gc          ] GC(80) Pause Full (System.gc()) 1299M->1299M(5939M) 2981.326ms
[253.458s][info][gc,metaspace] GC(81) Metaspace: 61790K(68864K)->61790K(68864K) NonClass: 50895K(53952K)->50895K(53952K) Class: 10894K(14912K)->10894K(14912K)
[253.458s][info][gc          ] GC(81) Pause Full (System.gc()) 1306M->1299M(5939M) 2983.307ms
[256.442s][info][gc,metaspace] GC(82) Metaspace: 61790K(68864K)->61790K(68864K) NonClass: 50895K(53952K)->50895K(53952K) Class: 10894K(14912K)->10894K(14912K)
[256.442s][info][gc          ] GC(82) Pause Full (System.gc()) 1299M->1299M(5939M) 2984.144ms
[259.426s][info][gc,metaspace] GC(83) Metaspace: 61790K(68864K)->61790K(68864K) NonClass: 50895K(53952K)->50895K(53952K) Class: 10894K(14912K)->10894K(14912K)
[259.426s][info][gc          ] GC(83) Pause Full (System.gc()) 1299M->1299M(5939M) 2982.909ms
[262.408s][info][gc,metaspace] GC(84) Metaspace: 61790K(68864K)->61790K(68864K) NonClass: 50895K(53952K)->50895K(53952K) Class: 10894K(14912K)->10894K(14912K)
[262.408s][info][gc          ] GC(84) Pause Full (System.gc()) 1299M->1299M(5939M) 2982.727ms
[265.393s][info][gc,metaspace] GC(85) Metaspace: 61790K(68864K)->61790K(68864K) NonClass: 50895K(53952K)->50895K(53952K) Class: 10894K(14912K)->10894K(14912K)
[265.393s][info][gc          ] GC(85) Pause Full (System.gc()) 1299M->1299M(5939M) 2983.791ms
[268.372s][info][gc,metaspace] GC(86) Metaspace: 61790K(68864K)->61790K(68864K) NonClass: 50895K(53952K)->50895K(53952K) Class: 10894K(14912K)->10894K(14912K)
[268.372s][info][gc          ] GC(86) Pause Full (System.gc()) 1299M->1299M(5939M) 2979.182ms
[271.355s][info][gc,metaspace] GC(87) Metaspace: 61790K(68864K)->61790K(68864K) NonClass: 50895K(53952K)->50895K(53952K) Class: 10894K(14912K)->10894K(14912K)
[271.356s][info][gc          ] GC(87) Pause Full (System.gc()) 1299M->1299M(5939M) 2983.245ms
[274.338s][info][gc,metaspace] GC(88) Metaspace: 61790K(68864K)->61790K(68864K) NonClass: 50895K(53952K)->50895K(53952K) Class: 10894K(14912K)->10894K(14912K)
[274.338s][info][gc          ] GC(88) Pause Full (System.gc()) 1299M->1299M(5939M) 2982.786ms
[277.320s][info][gc,metaspace] GC(89) Metaspace: 61790K(68864K)->61790K(68864K) NonClass: 50895K(53952K)->50895K(53952K) Class: 10894K(14912K)->10894K(14912K)
[277.320s][info][gc          ] GC(89) Pause Full (System.gc()) 1299M->1299M(5939M) 2981.384ms
[280.303s][info][gc,metaspace] GC(90) Metaspace: 61790K(68864K)->61790K(68864K) NonClass: 50895K(53952K)->50895K(53952K) Class: 10894K(14912K)->10894K(14912K)
[280.303s][info][gc          ] GC(90) Pause Full (System.gc()) 1299M->1299M(5939M) 2982.835ms
[283.287s][info][gc,metaspace] GC(91) Metaspace: 61790K(68864K)->61790K(68864K) NonClass: 50895K(53952K)->50895K(53952K) Class: 10894K(14912K)->10894K(14912K)
[283.287s][info][gc          ] GC(91) Pause Full (System.gc()) 1299M->1299M(5939M) 2983.819ms
[286.271s][info][gc,metaspace] GC(92) Metaspace: 61790K(68864K)->61790K(68864K) NonClass: 50895K(53952K)->50895K(53952K) Class: 10894K(14912K)->10894K(14912K)
[286.272s][info][gc          ] GC(92) Pause Full (System.gc()) 1299M->1299M(5939M) 2984.242ms
[289.254s][info][gc,metaspace] GC(93) Metaspace: 61790K(68864K)->61790K(68864K) NonClass: 50895K(53952K)->50895K(53952K) Class: 10894K(14912K)->10894K(14912K)
[289.254s][info][gc          ] GC(93) Pause Full (System.gc()) 1299M->1299M(5939M) 2982.209ms
[292.235s][info][gc,metaspace] GC(94) Metaspace: 61790K(68864K)->61790K(68864K) NonClass: 50895K(53952K)->50895K(53952K) Class: 10894K(14912K)->10894K(14912K)
[292.235s][info][gc          ] GC(94) Pause Full (System.gc()) 1299M->1299M(5939M) 2981.063ms
[295.219s][info][gc,metaspace] GC(95) Metaspace: 61790K(68864K)->61790K(68864K) NonClass: 50895K(53952K)->50895K(53952K) Class: 10894K(14912K)->10894K(14912K)
[295.219s][info][gc          ] GC(95) Pause Full (System.gc()) 1299M->1299M(5939M) 2983.350ms
[298.198s][info][gc,metaspace] GC(96) Metaspace: 61790K(68864K)->61790K(68864K) NonClass: 50895K(53952K)->50895K(53952K) Class: 10894K(14912K)->10894K(14912K)
[298.198s][info][gc          ] GC(96) Pause Full (System.gc()) 1299M->1299M(5939M) 2978.538ms
[301.181s][info][gc,metaspace] GC(97) Metaspace: 61790K(68864K)->61790K(68864K) NonClass: 50895K(53952K)->50895K(53952K) Class: 10894K(14912K)->10894K(14912K)
[301.181s][info][gc          ] GC(97) Pause Full (System.gc()) 1299M->1299M(5939M) 2983.180ms
[304.164s][info][gc,metaspace] GC(98) Metaspace: 61790K(68864K)->61790K(68864K) NonClass: 50895K(53952K)->50895K(53952K) Class: 10894K(14912K)->10894K(14912K)
[304.164s][info][gc          ] GC(98) Pause Full (System.gc()) 1299M->1299M(5939M) 2983.170ms
[307.147s][info][gc,metaspace] GC(99) Metaspace: 61790K(68864K)->61790K(68864K) NonClass: 50895K(53952K)->50895K(53952K) Class: 10894K(14912K)->10894K(14912K)
[307.147s][info][gc          ] GC(99) Pause Full (System.gc()) 1299M->1299M(5939M) 2982.108ms
[310.129s][info][gc,metaspace] GC(100) Metaspace: 61790K(68864K)->61790K(68864K) NonClass: 50895K(53952K)->50895K(53952K) Class: 10894K(14912K)->10894K(14912K)
[310.129s][info][gc          ] GC(100) Pause Full (System.gc()) 1299M->1299M(5939M) 2982.093ms
[313.114s][info][gc,metaspace] GC(101) Metaspace: 61790K(68864K)->61790K(68864K) NonClass: 50895K(53952K)->50895K(53952K) Class: 10894K(14912K)->10894K(14912K)
[313.114s][info][gc          ] GC(101) Pause Full (System.gc()) 1299M->1299M(5939M) 2984.263ms
[316.096s][info][gc,metaspace] GC(102) Metaspace: 61790K(68864K)->61790K(68864K) NonClass: 50895K(53952K)->50895K(53952K) Class: 10894K(14912K)->10894K(14912K)
[316.096s][info][gc          ] GC(102) Pause Full (System.gc()) 1299M->1299M(5939M) 2982.442ms
[319.079s][info][gc,metaspace] GC(103) Metaspace: 61790K(68864K)->61790K(68864K) NonClass: 50895K(53952K)->50895K(53952K) Class: 10894K(14912K)->10894K(14912K)
[319.079s][info][gc          ] GC(103) Pause Full (System.gc()) 1306M->1299M(5939M) 2982.924ms
[322.061s][info][gc,metaspace] GC(104) Metaspace: 61790K(68864K)->61790K(68864K) NonClass: 50895K(53952K)->50895K(53952K) Class: 10894K(14912K)->10894K(14912K)
[322.061s][info][gc          ] GC(104) Pause Full (System.gc()) 1299M->1299M(5939M) 2981.705ms
[325.045s][info][gc,metaspace] GC(105) Metaspace: 61790K(68864K)->61790K(68864K) NonClass: 50895K(53952K)->50895K(53952K) Class: 10894K(14912K)->10894K(14912K)
[325.045s][info][gc          ] GC(105) Pause Full (System.gc()) 1299M->1299M(5939M) 2983.409ms
[328.024s][info][gc,metaspace] GC(106) Metaspace: 61790K(68864K)->61790K(68864K) NonClass: 50895K(53952K)->50895K(53952K) Class: 10894K(14912K)->10894K(14912K)
[328.024s][info][gc          ] GC(106) Pause Full (System.gc()) 1299M->1299M(5939M) 2979.354ms
[330.958s][info][gc,metaspace] GC(107) Metaspace: 61790K(68864K)->61790K(68864K) NonClass: 50895K(53952K)->50895K(53952K) Class: 10894K(14912K)->10894K(14912K)
[330.958s][info][gc          ] GC(107) Pause Full (System.gc()) 1299M->1299M(5939M) 2933.365ms
[333.941s][info][gc,metaspace] GC(108) Metaspace: 61790K(68864K)->61790K(68864K) NonClass: 50895K(53952K)->50895K(53952K) Class: 10894K(14912K)->10894K(14912K)
[333.941s][info][gc          ] GC(108) Pause Full (System.gc()) 1299M->1299M(5939M) 2982.832ms
[336.924s][info][gc,metaspace] GC(109) Metaspace: 61790K(68864K)->61790K(68864K) NonClass: 50895K(53952K)->50895K(53952K) Class: 10894K(14912K)->10894K(14912K)
[336.924s][info][gc          ] GC(109) Pause Full (System.gc()) 1299M->1299M(5939M) 2982.618ms
[339.910s][info][gc,metaspace] GC(110) Metaspace: 61790K(68864K)->61790K(68864K) NonClass: 50895K(53952K)->50895K(53952K) Class: 10894K(14912K)->10894K(14912K)
[339.910s][info][gc          ] GC(110) Pause Full (System.gc()) 1299M->1299M(5939M) 2985.617ms
[342.895s][info][gc,metaspace] GC(111) Metaspace: 61790K(68864K)->61790K(68864K) NonClass: 50895K(53952K)->50895K(53952K) Class: 10894K(14912K)->10894K(14912K)
[342.895s][info][gc          ] GC(111) Pause Full (System.gc()) 1299M->1299M(5939M) 2985.145ms
[345.878s][info][gc,metaspace] GC(112) Metaspace: 61791K(68864K)->61791K(68864K) NonClass: 50896K(53952K)->50896K(53952K) Class: 10894K(14912K)->10894K(14912K)
[345.879s][info][gc          ] GC(112) Pause Full (System.gc()) 1299M->1299M(5939M) 2983.093ms
[348.867s][info][gc,metaspace] GC(113) Metaspace: 61791K(68864K)->61791K(68864K) NonClass: 50896K(53952K)->50896K(53952K) Class: 10894K(14912K)->10894K(14912K)
[348.867s][info][gc          ] GC(113) Pause Full (System.gc()) 1299M->1299M(5939M) 2988.351ms
[351.853s][info][gc,metaspace] GC(114) Metaspace: 61791K(68864K)->61791K(68864K) NonClass: 50896K(53952K)->50896K(53952K) Class: 10894K(14912K)->10894K(14912K)
[351.853s][info][gc          ] GC(114) Pause Full (System.gc()) 1299M->1299M(5939M) 2986.200ms
[354.842s][info][gc,metaspace] GC(115) Metaspace: 61791K(68864K)->61791K(68864K) NonClass: 50896K(53952K)->50896K(53952K) Class: 10894K(14912K)->10894K(14912K)
[354.842s][info][gc          ] GC(115) Pause Full (System.gc()) 1299M->1299M(5939M) 2988.179ms
[357.825s][info][gc,metaspace] GC(116) Metaspace: 61791K(68864K)->61791K(68864K) NonClass: 50896K(53952K)->50896K(53952K) Class: 10894K(14912K)->10894K(14912K)
[357.825s][info][gc          ] GC(116) Pause Full (System.gc()) 1299M->1299M(5939M) 2983.244ms
[360.810s][info][gc,metaspace] GC(117) Metaspace: 61791K(68864K)->61791K(68864K) NonClass: 50896K(53952K)->50896K(53952K) Class: 10894K(14912K)->10894K(14912K)
[360.810s][info][gc          ] GC(117) Pause Full (System.gc()) 1299M->1299M(5939M) 2984.202ms
[363.795s][info][gc,metaspace] GC(118) Metaspace: 61791K(68864K)->61791K(68864K) NonClass: 50896K(53952K)->50896K(53952K) Class: 10894K(14912K)->10894K(14912K)
[363.795s][info][gc          ] GC(118) Pause Full (System.gc()) 1299M->1299M(5939M) 2985.374ms
[366.756s][info][gc,metaspace] GC(119) Metaspace: 61791K(68864K)->61791K(68864K) NonClass: 50896K(53952K)->50896K(53952K) Class: 10894K(14912K)->10894K(14912K)
[366.756s][info][gc          ] GC(119) Pause Full (System.gc()) 1299M->1299M(5939M) 2960.851ms
[369.719s][info][gc,metaspace] GC(120) Metaspace: 61791K(68864K)->61791K(68864K) NonClass: 50896K(53952K)->50896K(53952K) Class: 10894K(14912K)->10894K(14912K)
[369.719s][info][gc          ] GC(120) Pause Full (System.gc()) 1299M->1299M(5939M) 2962.151ms
After GCs... 
