[0.002s][info][metaspace]  - commit_granule_bytes: 65536.
[0.002s][info][metaspace]  - commit_granule_words: 8192.
[0.002s][info][metaspace]  - virtual_space_node_default_size: 8388608.
[0.002s][info][metaspace]  - enlarge_chunks_in_place: 1.
[0.002s][info][metaspace]  - use_allocation_guard: 0.
[0.003s][info][gc,init  ] CardTable entry size: 512
[0.003s][info][gc       ] Using G1
[0.008s][info][gc,init  ] Version: 23-internal-adhoc.thomas.source (release)
[0.008s][info][gc,init  ] CPUs: 8 total, 8 available
[0.008s][info][gc,init  ] Memory: 15662M
[0.008s][info][gc,init  ] Large Page Support: Disabled
[0.008s][info][gc,init  ] NUMA Support: Disabled
[0.008s][info][gc,init  ] Compressed Oops: Enabled (Zero based)
[0.008s][info][gc,init  ] Heap Region Size: 8M
[0.008s][info][gc,init  ] Heap Min Capacity: 8G
[0.008s][info][gc,init  ] Heap Initial Capacity: 8G
[0.008s][info][gc,init  ] Heap Max Capacity: 12G
[0.008s][info][gc,init  ] Pre-touch: Disabled
[0.008s][info][gc,init  ] Parallel Workers: 8
[0.008s][info][gc,init  ] Concurrent Workers: 2
[0.008s][info][gc,init  ] Concurrent Refinement Workers: 8
[0.008s][info][gc,init  ] Periodic GC: Disabled
[0.008s][info][metaspace] Reserving compressed class space anywhere
[0.008s][info][gc,metaspace] CDS archive(s) not mapped
[0.008s][info][gc,metaspace] Compressed class space mapped at: 0x00007f3787000000-0x00007f37c7000000, reserved size: 1073741824
[0.008s][info][gc,metaspace] UseCompressedClassPointers 1, UseCompactObjectHeaders 1, Use2c0 1narrow klass pointer bits 22, max shift 6
[0.008s][info][gc,metaspace] Narrow klass base: 0x00007f3787000000, Narrow klass shift: 6, Narrow klass range: 0x40000000

SPECjbb2015 Java Business Benchmark
 (c) Standard Performance Evaluation Corporation, 2015

Preparing to launch All-in-one SPECjbb2015.

Reading property file: /shared/projects/openjdk/benchmarks/test-hyperaligning-lilliput/SPECjbb2015_1.00-jdk16+/jdk-22bit-staggered-klass-ON-24-05-16_131243/./config/specjbb2015.props

     0s: Enumerating plugins...
     0s:    Connectivity:
     0s:             HTTP_Grizzly: Grizzly HTTP server, JDK HTTP client
     0s:              NIO_Grizzly: Grizzly NIO server, Grizzly NIO client
     0s:               HTTP_Jetty: Jetty HTTP server, JDK HTTP client
     0s:    Snapshot:
     0s:                 InMemory: Stores snapshots in heap memory
     0s:    Data Writers:
     0s:                     Demo: Send all frame to listener
     0s:                   InFile: Writing Data into file
     0s:                   Silent: Drop all frames
     0s: 
     0s: Kit validation is skipped.
     0s: Tests are skipped.
     0s: 
     0s: [0.611s][info][metaspace   ] ChkMgr @0x00007f380c467aa0 (non-class-space): failed to commit 188 words on chunk @0x00007f380ca6c218, f, base 0x00007f3783fb0000, top 0x00007f3783fb0000, level lv10.
[0.611s][info][metaspace   ] Arena @0x00007f380c648bc0 (non-class arena): failed to allocate new chunk for requested word size 188.
[0.611s][info][metaspace   ] Arena @0x00007f380c648bc0 (non-class arena): allocation failed, returned null.
[0.611s][info][metaspace   ] ChkMgr @0x00007f380c467aa0 (non-class-space): failed to commit 188 words on chunk @0x00007f380ca6c218, f, base 0x00007f3783fb0000, top 0x00007f3783fb0000, level lv10.
[0.611s][info][metaspace   ] Arena @0x00007f380c648bc0 (non-class arena): failed to allocate new chunk for requested word size 188.
[0.611s][info][metaspace   ] Arena @0x00007f380c648bc0 (non-class arena): allocation failed, returned null.
[0.611s][info][metaspace   ] ChkMgr @0x00007f380c467aa0 (non-class-space): failed to commit 188 words on chunk @0x00007f380ca6c218, f, base 0x00007f3783fb0000, top 0x00007f3783fb0000, level lv10.
[0.611s][info][metaspace   ] Arena @0x00007f380c648bc0 (non-class arena): failed to allocate new chunk for requested word size 188.
[0.611s][info][metaspace   ] Arena @0x00007f380c648bc0 (non-class arena): allocation failed, returned null.
[0.611s][info][gc,start    ] GC(0) Pause Young (Concurrent Start) (Metadata GC Threshold)
[0.612s][info][gc,task     ] GC(0) Using 8 workers of 8 for evacuation
[0.616s][info][gc,phases   ] GC(0)   Pre Evacuate Collection Set: 0.19ms
[0.616s][info][gc,phases   ] GC(0)   Merge Heap Roots: 0.09ms
[0.616s][info][gc,phases   ] GC(0)   Evacuate Collection Set: 3.63ms
[0.616s][info][gc,phases   ] GC(0)   Post Evacuate Collection Set: 0.38ms
[0.616s][info][gc,phases   ] GC(0)   Other: 0.67ms
[0.616s][info][gc,heap     ] GC(0) Eden regions: 18->0(50)
[0.616s][info][gc,heap     ] GC(0) Survivor regions: 0->1(7)
[0.616s][info][gc,heap     ] GC(0) Old regions: 0->0
[0.616s][info][gc,heap     ] GC(0) Humongous regions: 0->0
[0.616s][info][gc,metaspace] GC(0) Metaspace: 20552K(21504K)->20552K(21504K) NonClass: 15835K(16000K)->15835K(16000K) Class: 4717K(5504K)->4717K(5504K)
[0.616s][info][gc          ] GC(0) Pause Young (Concurrent Start) (Metadata GC Threshold) 140M->4M(8192M) 5.098ms
[0.616s][info][gc,cpu      ] GC(0) User=0.02s Sys=0.01s Real=0.00s
[0.616s][info][gc          ] GC(1) Concurrent Mark Cycle
[0.616s][info][metaspace   ] CLMS @0x00007f380c64a720 : GC threshold increased: 22020096->22347776.
[0.617s][info][gc,marking  ] GC(1) Concurrent Scan Root Regions
[0.619s][info][gc,marking  ] GC(1) Concurrent Scan Root Regions 2.754ms
[0.619s][info][gc,marking  ] GC(1) Concurrent Mark
[0.619s][info][gc,marking  ] GC(1) Concurrent Mark From Roots
[0.619s][info][gc,task     ] GC(1) Using 2 workers of 2 for marking
[0.620s][info][gc,marking  ] GC(1) Concurrent Mark From Roots 0.521ms
[0.620s][info][gc,marking  ] GC(1) Concurrent Preclean
[0.620s][info][gc,marking  ] GC(1) Concurrent Preclean 0.006ms
[0.620s][info][gc,start    ] GC(1) Pause Remark
[0.621s][info][gc          ] GC(1) Pause Remark 12M->12M(8192M) 0.616ms
[0.621s][info][gc,cpu      ] GC(1) User=0.01s Sys=0.00s Real=0.00s
[0.621s][info][gc,marking  ] GC(1) Concurrent Mark 1.288ms
[0.621s][info][gc,marking  ] GC(1) Concurrent Rebuild Remembered Sets and Scrub Regions
[0.621s][info][gc,marking  ] GC(1) Concurrent Rebuild Remembered Sets and Scrub Regions 0.061ms
[0.621s][info][gc,start    ] GC(1) Pause Cleanup
[0.621s][info][gc          ] GC(1) Pause Cleanup 12M->12M(8192M) 0.010ms
[0.621s][info][gc,cpu      ] GC(1) User=0.00s Sys=0.00s Real=0.00s
[0.621s][info][gc,marking  ] GC(1) Concurrent Clear Claimed Marks
[0.621s][info][gc,marking  ] GC(1) Concurrent Clear Claimed Marks 0.008ms
[0.621s][info][gc,marking  ] GC(1) Concurrent Cleanup for Next Mark
[0.631s][info][gc,marking  ] GC(1) Concurrent Cleanup for Next Mark 10.736ms
[0.631s][info][gc          ] GC(1) Concurrent Mark Cycle 15.025ms
Ladies and gentlemen, this is your Controller speaking.
     0s: We are delighted in having you for benchmark run today.
     0s: 
     0s: Binary log file is ./specjbb2015-C-20240516-00001.data.gz
     0s: 
     0s: Performing handshake with all agents ...
     0s: 
     0s:  Agent Group1.TxInjector.CompositeTxInjector has attached to Controller
     0s:  Agent Group1.Backend.CompositeBackend has attached to Controller
     0s: 
     0s: All agents have connected.
     0s: 
     0s: Attached agents info:

Group "Group1"
    TxInjectors:
        CompositeTxInjector, includes { Driver } @ [local in-Java link]
    Backends:
        CompositeBackend, includes { SM(2),SP(2) } @ [local in-Java link]

     0s: Initializing... (init[1.270s][info][gc,start    ] GC(2) Pause Young (Normal) (G1 Evacuation Pause)
[1.270s][info][gc,task     ] GC(2) Using 8 workers of 8 for evacuation
[1.326s][info][gc,phases   ] GC(2)   Pre Evacuate Collection Set: 0.16ms
[1.326s][info][gc,phases   ] GC(2)   Merge Heap Roots: 0.03ms
[1.326s][info][gc,phases   ] GC(2)   Evacuate Collection Set: 54.58ms
[1.326s][info][gc,phases   ] GC(2)   Post Evacuate Collection Set: 0.63ms
[1.326s][info][gc,phases   ] GC(2)   Other: 0.05ms
[1.326s][info][gc,heap     ] GC(2) Eden regions: 50->0(44)
[1.326s][info][gc,heap     ] GC(2) Survivor regions: 1->7(7)
[1.326s][info][gc,heap     ] GC(2) Old regions: 0->5
[1.326s][info][gc,heap     ] GC(2) Humongous regions: 3->3
[1.326s][info][gc,metaspace] GC(2) Metaspace: 27012K(28096K)->27012K(28096K) NonClass: 20765K(20928K)->20765K(20928K) Class: 6246K(7168K)->6246K(7168K)
[1.326s][info][gc          ] GC(2) Pause Young (Normal) (G1 Evacuation Pause) 428M->120M(8192M) 55.587ms
[1.326s][info][gc,cpu      ] GC(2) User=0.24s Sys=0.19s Real=0.05s
[1.547s][info][gc,start    ] GC(3) Pause Young (Normal) (G1 Evacuation Pause)
[1.547s][info][gc,task     ] GC(3) Using 8 workers of 8 for evacuation
[1.667s][info][gc,phases   ] GC(3)   Pre Evacuate Collection Set: 0.17ms
[1.667s][info][gc,phases   ] GC(3)   Merge Heap Roots: 0.03ms
[1.667s][info][gc,phases   ] GC(3)   Evacuate Collection Set: 119.00ms
[1.667s][info][gc,phases   ] GC(3)   Post Evacuate Collection Set: 0.50ms
[1.667s][info][gc,phases   ] GC(3)   Other: 0.05ms
[1.667s][info][gc,heap     ] GC(3) Eden regions: 44->0(44)
[1.667s][info][gc,heap     ] GC(3) Survivor regions: 7->7(7)
[1.667s][info][gc,heap     ] GC(3) Old regions: 5->38
[1.667s][info][gc,heap     ] GC(3) Humongous regions: 3->3
[1.667s][info][gc,metaspace] GC(3) Metaspace: 27111K(28224K)->27111K(28224K) NonClass: 20851K(21056K)->20851K(21056K) Class: 6259K(7168K)->6259K(7168K)
[1.667s][info][gc          ] GC(3) Pause Young (Normal) (G1 Evacuation Pause) 472M->380M(8192M) 119.872ms
[1.667s][info][gc,cpu      ] GC(3) User=0.89s Sys=0.06s Real=0.12s
[1.747s][info][gc,start    ] GC(4) Pause Young (Normal) (G1 Evacuation Pause)
[1.747s][info][gc,task     ] GC(4) Using 8 workers of 8 for evacuation
[1.878s][info][gc,phases   ] GC(4)   Pre Evacuate Collection Set: 0.17ms
[1.878s][info][gc,phases   ] GC(4)   Merge Heap Roots: 0.11ms
[1.878s][info][gc,phases   ] GC(4)   Evacuate Collection Set: 130.20ms
[1.878s][info][gc,phases   ] GC(4)   Post Evacuate Collection Set: 0.21ms
[1.878s][info][gc,phases   ] GC(4)   Other: 0.06ms
[1.878s][info][gc,heap     ] GC(4) Eden regions: 44->0(44)
[1.878s][info][gc,heap     ] GC(4) Survivor regions: 7->7(7)
[1.878s][info][gc,heap     ] GC(4) Old regions: 38->77
[1.878s][info][gc,heap     ] GC(4) Humongous regions: 3->3
[1.878s][info][gc,metaspace] GC(4) Metaspace: 27112K(28224K)->27112K(28224K) NonClass: 20852K(21056K)->20852K(21056K) Class: 6259K(7168K)->6259K(7168K)
[1.878s][info][gc          ] GC(4) Pause Young (Normal) (G1 Evacuation Pause) 732M->692M(8192M) 130.903ms
[1.878s][info][gc,cpu      ] GC(4) User=0.98s Sys=0.05s Real=0.13s
[2.233s][info][gc,start    ] GC(5) Pause Young (Normal) (G1 Evacuation Pause)
[2.233s][info][gc,task     ] GC(5) Using 8 workers of 8 for evacuation
[2.338s][info][gc,phases   ] GC(5)   Pre Evacuate Collection Set: 0.18ms
[2.338s][info][gc,phases   ] GC(5)   Merge Heap Roots: 0.08ms
[2.338s][info][gc,phases   ] GC(5)   Evacuate Collection Set: 104.68ms
[2.338s][info][gc,phases   ] GC(5)   Post Evacuate Collection Set: 0.35ms
[2.338s][info][gc,phases   ] GC(5)   Other: 0.05ms
[2.338s][info][gc,heap     ] GC(5) Eden regions: 44->0(44)
[2.338s][info][gc,heap     ] GC(5) Survivor regions: 7->7(7)
[2.338s][info][gc,heap     ] GC(5) Old regions: 77->105
[2.338s][info][gc,heap     ] GC(5) Humongous regions: 3->3
[2.338s][info][gc,metaspace] GC(5) Metaspace: 27177K(28224K)->27177K(28224K) NonClass: 20915K(21056K)->20915K(21056K) Class: 6262K(7168K)->6262K(7168K)
[2.338s][info][gc          ] GC(5) Pause Young (Normal) (G1 Evacuation Pause) 1044M->916M(8192M) 105.458ms
[2.338s][info][gc,cpu      ] GC(5) User=0.79s Sys=0.04s Real=0.11s
) OK
     2s: 
     2s: Check whether properties are compliant
     2s: (validation=PASSED) Property settings are COMPLIANT.
     2s: 
     2s: Searching for high-bound for max-jOPS possible for this system
     2s: Searching from base IR = 100
     2s:       rampup IR =      0 [reconfig (term) [2.630s][info][gc,start    ] GC(6) Pause Full (System.gc())
[2.630s][info][gc,task     ] GC(6) Using 8 workers of 8 for full compaction
[2.630s][info][gc,phases,start] GC(6) Phase 1: Mark live objects
[2.645s][info][gc,phases      ] GC(6) Phase 1: Mark live objects 15.413ms
[2.645s][info][gc,phases,start] GC(6) Phase 2: Prepare compaction
[2.649s][info][gc,phases      ] GC(6) Phase 2: Prepare compaction 3.910ms
[2.649s][info][gc,phases,start] GC(6) Phase 3: Adjust pointers
[2.658s][info][gc,phases      ] GC(6) Phase 3: Adjust pointers 8.790ms
[2.658s][info][gc,phases,start] GC(6) Phase 4: Compact heap
[2.663s][info][gc,phases      ] GC(6) Phase 4: Compact heap 4.822ms
[2.663s][info][gc,phases,start] GC(6) Phase 5: Reset Metadata
[2.666s][info][gc,phases      ] GC(6) Phase 5: Reset Metadata 3.377ms
[2.674s][info][gc,heap        ] GC(6) Eden regions: 32->0(51)
[2.674s][info][gc,heap        ] GC(6) Survivor regions: 7->0(7)
[2.674s][info][gc,heap        ] GC(6) Old regions: 105->12
[2.674s][info][gc,heap        ] GC(6) Humongous regions: 3->3
[2.674s][info][gc,metaspace   ] GC(6) Metaspace: 27776K(29056K)->27776K(29056K) NonClass: 21161K(21376K)->21161K(21376K) Class: 6614K(7680K)->6614K(7680K)
[2.674s][info][gc             ] GC(6) Pause Full (System.gc()) 1164M->89M(8192M) 44.795ms
[2.674s][info][gc,cpu         ] GC(6) User=0.30s Sys=0.00s Real=0.04s
(init[3.006s][info][gc,start       ] GC(7) Pause Young (Normal) (G1 Evacuation Pause)
[3.006s][info][gc,task        ] GC(7) Using 8 workers of 8 for evacuation
[3.107s][info][gc,phases      ] GC(7)   Pre Evacuate Collection Set: 0.18ms
[3.107s][info][gc,phases      ] GC(7)   Merge Heap Roots: 0.04ms
[3.107s][info][gc,phases      ] GC(7)   Evacuate Collection Set: 98.88ms
[3.107s][info][gc,phases      ] GC(7)   Post Evacuate Collection Set: 1.64ms
[3.107s][info][gc,phases      ] GC(7)   Other: 0.05ms
[3.107s][info][gc,heap        ] GC(7) Eden regions: 51->0(52)
[3.107s][info][gc,heap        ] GC(7) Survivor regions: 0->7(7)
[3.107s][info][gc,heap        ] GC(7) Old regions: 12->45
[3.107s][info][gc,heap        ] GC(7) Humongous regions: 3->3
[3.107s][info][gc,metaspace   ] GC(7) Metaspace: 27779K(29056K)->27779K(29056K) NonClass: 21164K(21376K)->21164K(21376K) Class: 6614K(7680K)->6614K(7680K)
[3.107s][info][gc             ] GC(7) Pause Young (Normal) (G1 Evacuation Pause) 497M->409M(9560M) 100.907ms
[3.107s][info][gc,cpu         ] GC(7) User=0.79s Sys=0.00s Real=0.11s
[3.268s][info][gc,start       ] GC(8) Pause Young (Normal) (G1 Evacuation Pause)
[3.268s][info][gc,task        ] GC(8) Using 8 workers of 8 for evacuation
[3.404s][info][gc,phases      ] GC(8)   Pre Evacuate Collection Set: 0.18ms
[3.404s][info][gc,phases      ] GC(8)   Merge Heap Roots: 0.24ms
[3.404s][info][gc,phases      ] GC(8)   Evacuate Collection Set: 135.32ms
[3.404s][info][gc,phases      ] GC(8)   Post Evacuate Collection Set: 0.22ms
[3.404s][info][gc,phases      ] GC(8)   Other: 0.06ms
[3.404s][info][gc,heap        ] GC(8) Eden regions: 52->0(51)
[3.404s][info][gc,heap        ] GC(8) Survivor regions: 7->8(8)
[3.404s][info][gc,heap        ] GC(8) Old regions: 45->88
[3.404s][info][gc,heap        ] GC(8) Humongous regions: 3->3
[3.404s][info][gc,metaspace   ] GC(8) Metaspace: 27786K(29120K)->27786K(29120K) NonClass: 21171K(21440K)->21171K(21440K) Class: 6614K(7680K)->6614K(7680K)
[3.404s][info][gc             ] GC(8) Pause Young (Normal) (G1 Evacuation Pause) 825M->757M(9560M) 136.143ms
[3.404s][info][gc,cpu         ] GC(8) User=1.03s Sys=0.01s Real=0.13s
[3.765s][info][gc,start       ] GC(9) Pause Young (Normal) (G1 Evacuation Pause)
[3.765s][info][gc,task        ] GC(9) Using 8 workers of 8 for evacuation
[3.871s][info][gc,phases      ] GC(9)   Pre Evacuate Collection Set: 0.19ms
[3.871s][info][gc,phases      ] GC(9)   Merge Heap Roots: 0.06ms
[3.871s][info][gc,phases      ] GC(9)   Evacuate Collection Set: 105.54ms
[3.871s][info][gc,phases      ] GC(9)   Post Evacuate Collection Set: 0.40ms
[3.871s][info][gc,phases      ] GC(9)   Other: 0.06ms
[3.871s][info][gc,heap        ] GC(9) Eden regions: 51->0(51)
[3.871s][info][gc,heap        ] GC(9) Survivor regions: 8->8(8)
[3.871s][info][gc,heap        ] GC(9) Old regions: 88->114
[3.871s][info][gc,heap        ] GC(9) Humongous regions: 3->3
[3.871s][info][gc,metaspace   ] GC(9) Metaspace: 27792K(29120K)->27792K(29120K) NonClass: 21177K(21440K)->21177K(21440K) Class: 6614K(7680K)->6614K(7680K)
[3.871s][info][gc             ] GC(9) Pause Young (Normal) (G1 Evacuation Pause) 1165M->969M(9560M) 106.384ms
[3.871s][info][gc,cpu         ] GC(9) User=0.81s Sys=0.02s Real=0.11s
) ] ... (rIR:aIR:PR = 0:0:0) (tPR = 0) [OK] 
     6s:       rampup IR =     10 ... (rIR:aIR:PR = 10:11:11) (tPR = 909) [OK] 
     9s:       rampup IR =     20 ... (rIR:aIR:PR = 20:19:19) (tPR = 1464) [OK] 
    12s:       rampup IR =     30 .... (rIR:aIR:PR = 30:31:31) (tPR = 2411) [OK] 
    16s:       rampup IR =     40 .... (rIR:aIR:PR = 40:39:39) (tPR = 2906) [OK] 
    20s:       rampup IR =     50 .... (rIR:aIR:PR = 50:51:51) (tPR = 3344) [OK] 
    24s:       rampup IR =     60 .[26.799s][info][gc,start       ] GC(10) Pause Young (Normal) (G1 Evacuation Pause)
[26.799s][info][gc,task        ] GC(10) Using 8 workers of 8 for evacuation
[26.860s][info][gc,phases      ] GC(10)   Pre Evacuate Collection Set: 0.27ms
[26.860s][info][gc,phases      ] GC(10)   Merge Heap Roots: 0.46ms
[26.860s][info][gc,phases      ] GC(10)   Evacuate Collection Set: 59.47ms
[26.860s][info][gc,phases      ] GC(10)   Post Evacuate Collection Set: 0.39ms
[26.860s][info][gc,phases      ] GC(10)   Other: 0.05ms
[26.860s][info][gc,heap        ] GC(10) Eden regions: 51->0(51)
[26.860s][info][gc,heap        ] GC(10) Survivor regions: 8->8(8)
[26.860s][info][gc,heap        ] GC(10) Old regions: 114->123
[26.860s][info][gc,heap        ] GC(10) Humongous regions: 3->3
[26.860s][info][gc,metaspace   ] GC(10) Metaspace: 30112K(31616K)->30112K(31616K) NonClass: 22972K(23232K)->22972K(23232K) Class: 7139K(8384K)->7139K(8384K)
[26.860s][info][gc             ] GC(10) Pause Young (Normal) (G1 Evacuation Pause) 1377M->1037M(9560M) 60.764ms
[26.860s][info][gc,cpu         ] GC(10) User=0.47s Sys=0.01s Real=0.06s
... (rIR:aIR:PR = 60:62:60) (tPR = 3891) [OK] 
    28s:       rampup IR =     70 .... (rIR:aIR:PR = 70:72:70) (tPR = 4276) [OK] 
    32s:       rampup IR =     80 .... (rIR:aIR:PR = 80:83:81) (tPR = 4710) [OK] 
    36s:       rampup IR =     90 .... (rIR:aIR:PR = 90:96:95) (tPR = 4613) [OK] 
    40s:       rampup IR =    100 .... (rIR:aIR:PR = 100:97:95) (tPR = 4413) [OK] 
    44s:    snapshot, IR =    100 ....|[49.969s][info][gc,start       ] GC(11) Pause Young (Normal) (G1 Evacuation Pause)
[49.969s][info][gc,task        ] GC(11) Using 8 workers of 8 for evacuation
[50.004s][info][gc,phases      ] GC(11)   Pre Evacuate Collection Set: 0.28ms
[50.004s][info][gc,phases      ] GC(11)   Merge Heap Roots: 0.18ms
[50.004s][info][gc,phases      ] GC(11)   Evacuate Collection Set: 34.47ms
[50.004s][info][gc,phases      ] GC(11)   Post Evacuate Collection Set: 0.37ms
[50.004s][info][gc,phases      ] GC(11)   Other: 0.05ms
[50.004s][info][gc,heap        ] GC(11) Eden regions: 51->0(55)
[50.004s][info][gc,heap        ] GC(11) Survivor regions: 8->4(8)
[50.004s][info][gc,heap        ] GC(11) Old regions: 123->131
[50.004s][info][gc,heap        ] GC(11) Humongous regions: 3->3
[50.004s][info][gc,metaspace   ] GC(11) Metaspace: 30329K(31808K)->30329K(31808K) NonClass: 23145K(23360K)->23145K(23360K) Class: 7184K(8448K)->7184K(8448K)
[50.004s][info][gc             ] GC(11) Pause Young (Normal) (G1 Evacuation Pause) 1445M->1069M(9560M) 35.484ms
[50.004s][info][gc,cpu         ] GC(11) User=0.27s Sys=0.01s Real=0.03s
.......................[72.630s][info][gc,start       ] GC(12) Pause Young (Normal) (G1 Evacuation Pause)
[72.630s][info][gc,task        ] GC(12) Using 8 workers of 8 for evacuation
[72.652s][info][gc,phases      ] GC(12)   Pre Evacuate Collection Set: 0.29ms
[72.652s][info][gc,phases      ] GC(12)   Merge Heap Roots: 0.22ms
[72.652s][info][gc,phases      ] GC(12)   Evacuate Collection Set: 20.78ms
[72.652s][info][gc,phases      ] GC(12)   Post Evacuate Collection Set: 0.32ms
[72.652s][info][gc,phases      ] GC(12)   Other: 0.07ms
[72.652s][info][gc,heap        ] GC(12) Eden regions: 55->0(52)
[72.652s][info][gc,heap        ] GC(12) Survivor regions: 4->7(8)
[72.652s][info][gc,heap        ] GC(12) Old regions: 131->131
[72.652s][info][gc,heap        ] GC(12) Humongous regions: 3->3
[72.652s][info][gc,metaspace   ] GC(12) Metaspace: 32767K(34496K)->32767K(34496K) NonClass: 24896K(25152K)->24896K(25152K) Class: 7870K(9344K)->7870K(9344K)
[72.652s][info][gc             ] GC(12) Pause Young (Normal) (G1 Evacuation Pause) 1509M->1090M(9560M) 21.817ms
[72.652s][info][gc,cpu         ] GC(12) User=0.17s Sys=0.00s Real=0.02s
....... (rIR:aIR:PR = 100:100:98) (tPR = 3114) [OK] 
    78s: Performing snapshot: (quiescence.....) (stop TxI) (stop BE) (saving... 103360 Kb) (term) [86.035s][info][gc,start       ] GC(13) Pause Full (System.gc())
[86.035s][info][gc,task        ] GC(13) Using 8 workers of 8 for full compaction
[86.035s][info][gc,phases,start] GC(13) Phase 1: Mark live objects
[86.051s][info][metaspace      ] ChkMgr @0x00007f380c467aa0 (non-class-space): : reclaiming memory...
[86.051s][info][metaspace      ] ChkMgr @0x00007f380c467aa0 (non-class-space): nothing reclaimed.
[86.051s][info][metaspace      ] ChkMgr @0x00007f380c4678e0 (class-space): : reclaiming memory...
[86.051s][info][metaspace      ] ChkMgr @0x00007f380c4678e0 (class-space): nothing reclaimed.
[86.051s][info][gc,phases      ] GC(13) Phase 1: Mark live objects 15.961ms
[86.051s][info][gc,phases,start] GC(13) Phase 2: Prepare compaction
[86.054s][info][gc,phases      ] GC(13) Phase 2: Prepare compaction 3.327ms
[86.054s][info][gc,phases,start] GC(13) Phase 3: Adjust pointers
[86.063s][info][gc,phases      ] GC(13) Phase 3: Adjust pointers 8.373ms
[86.063s][info][gc,phases,start] GC(13) Phase 4: Compact heap
[86.067s][info][gc,phases      ] GC(13) Phase 4: Compact heap 3.734ms
[86.067s][info][gc,phases,start] GC(13) Phase 5: Reset Metadata
[86.070s][info][gc,phases      ] GC(13) Phase 5: Reset Metadata 3.660ms
[86.086s][info][gc,heap        ] GC(13) Eden regions: 42->0(51)
[86.086s][info][gc,heap        ] GC(13) Survivor regions: 7->0(8)
[86.086s][info][gc,heap        ] GC(13) Old regions: 131->12
[86.086s][info][gc,heap        ] GC(13) Humongous regions: 77->18
[86.086s][info][gc,metaspace   ] GC(13) Metaspace: 32981K(34752K)->32761K(34752K) NonClass: 25061K(25344K)->25039K(25344K) Class: 7920K(9408K)->7722K(9408K)
[86.086s][info][gc             ] GC(13) Pause Full (System.gc()) 2018M->211M(8192M) 50.805ms
[86.086s][info][gc,cpu         ] GC(13) User=0.29s Sys=0.04s Real=0.05s
(init[86.602s][info][gc,start       ] GC(14) Pause Young (Normal) (G1 Evacuation Pause)
[86.602s][info][gc,task        ] GC(14) Using 8 workers of 8 for evacuation
[86.685s][info][gc,phases      ] GC(14)   Pre Evacuate Collection Set: 0.19ms
[86.685s][info][gc,phases      ] GC(14)   Merge Heap Roots: 0.13ms
[86.685s][info][gc,phases      ] GC(14)   Evacuate Collection Set: 82.20ms
[86.685s][info][gc,phases      ] GC(14)   Post Evacuate Collection Set: 0.25ms
[86.685s][info][gc,phases      ] GC(14)   Other: 0.05ms
[86.685s][info][gc,heap        ] GC(14) Eden regions: 51->0(44)
[86.685s][info][gc,heap        ] GC(14) Survivor regions: 0->7(7)
[86.685s][info][gc,heap        ] GC(14) Old regions: 12->21
[86.685s][info][gc,heap        ] GC(14) Humongous regions: 22->22
[86.685s][info][gc,metaspace   ] GC(14) Metaspace: 33016K(34752K)->33016K(34752K) NonClass: 25117K(25344K)->25117K(25344K) Class: 7898K(9408K)->7898K(9408K)
[86.685s][info][gc             ] GC(14) Pause Young (Normal) (G1 Evacuation Pause) 651M->369M(8192M) 82.955ms
[86.685s][info][gc,cpu         ] GC(14) User=0.62s Sys=0.01s Real=0.08s
[86.887s][info][gc,start       ] GC(15) Pause Young (Normal) (G1 Evacuation Pause)
[86.887s][info][gc,task        ] GC(15) Using 8 workers of 8 for evacuation
[87.004s][info][gc,phases      ] GC(15)   Pre Evacuate Collection Set: 0.18ms
[87.004s][info][gc,phases      ] GC(15)   Merge Heap Roots: 0.22ms
[87.004s][info][gc,phases      ] GC(15)   Evacuate Collection Set: 114.82ms
[87.004s][info][gc,phases      ] GC(15)   Post Evacuate Collection Set: 1.18ms
[87.004s][info][gc,phases      ] GC(15)   Other: 0.05ms
[87.004s][info][gc,heap        ] GC(15) Eden regions: 44->0(51)
[87.004s][info][gc,heap        ] GC(15) Survivor regions: 7->7(7)
[87.004s][info][gc,heap        ] GC(15) Old regions: 21->44
[87.004s][info][gc,heap        ] GC(15) Humongous regions: 28->28
[87.004s][info][gc,metaspace   ] GC(15) Metaspace: 33023K(34752K)->33023K(34752K) NonClass: 25124K(25344K)->25124K(25344K) Class: 7898K(9408K)->7898K(9408K)
[87.004s][info][gc             ] GC(15) Pause Young (Normal) (G1 Evacuation Pause) 769M->601M(9400M) 116.587ms
[87.004s][info][gc,cpu         ] GC(15) User=0.91s Sys=0.00s Real=0.11s
[87.296s][info][gc,start       ] GC(16) Pause Young (Normal) (G1 Evacuation Pause)
[87.296s][info][gc,task        ] GC(16) Using 8 workers of 8 for evacuation
[87.399s][info][gc,phases      ] GC(16)   Pre Evacuate Collection Set: 0.21ms
[87.399s][info][gc,phases      ] GC(16)   Merge Heap Roots: 0.14ms
[87.399s][info][gc,phases      ] GC(16)   Evacuate Collection Set: 101.71ms
[87.399s][info][gc,phases      ] GC(16)   Post Evacuate Collection Set: 0.29ms
[87.399s][info][gc,phases      ] GC(16)   Other: 0.05ms
[87.399s][info][gc,heap        ] GC(16) Eden regions: 51->0(50)
[87.399s][info][gc,heap        ] GC(16) Survivor regions: 7->8(8)
[87.399s][info][gc,heap        ] GC(16) Old regions: 44->61
[87.399s][info][gc,heap        ] GC(16) Humongous regions: 28->28
[87.399s][info][gc,metaspace   ] GC(16) Metaspace: 33093K(34816K)->33093K(34816K) NonClass: 25139K(25344K)->25139K(25344K) Class: 7953K(9472K)->7953K(9472K)
[87.399s][info][gc             ] GC(16) Pause Young (Normal) (G1 Evacuation Pause) 1009M->747M(9400M) 102.515ms
[87.399s][info][gc,cpu         ] GC(16) User=0.79s Sys=0.01s Real=0.11s
[87.793s][info][gc,start       ] GC(17) Pause Young (Normal) (G1 Evacuation Pause)
[87.793s][info][gc,task        ] GC(17) Using 8 workers of 8 for evacuation
[87.904s][info][gc,phases      ] GC(17)   Pre Evacuate Collection Set: 0.19ms
[87.904s][info][gc,phases      ] GC(17)   Merge Heap Roots: 0.28ms
[87.904s][info][gc,phases      ] GC(17)   Evacuate Collection Set: 110.09ms
[87.904s][info][gc,phases      ] GC(17)   Post Evacuate Collection Set: 0.36ms
[87.904s][info][gc,phases      ] GC(17)   Other: 0.05ms
[87.904s][info][gc,heap        ] GC(17) Eden regions: 50->0(50)
[87.904s][info][gc,heap        ] GC(17) Survivor regions: 8->8(8)
[87.904s][info][gc,heap        ] GC(17) Old regions: 61->90
[87.904s][info][gc,heap        ] GC(17) Humongous regions: 35->35
[87.904s][info][gc,metaspace   ] GC(17) Metaspace: 33122K(34816K)->33122K(34816K) NonClass: 25146K(25344K)->25146K(25344K) Class: 7975K(9472K)->7975K(9472K)
[87.904s][info][gc             ] GC(17) Pause Young (Normal) (G1 Evacuation Pause) 1203M->1035M(9400M) 111.105ms
[87.904s][info][gc,cpu         ] GC(17) User=0.87s Sys=0.01s Real=0.11s
[87.951s][info][gc,start       ] GC(18) Pause Young (Normal) (G1 Evacuation Pause)
[87.951s][info][gc,task        ] GC(18) Using 8 workers of 8 for evacuation
[88.087s][info][gc,phases      ] GC(18)   Pre Evacuate Collection Set: 0.20ms
[88.087s][info][gc,phases      ] GC(18)   Merge Heap Roots: 0.20ms
[88.087s][info][gc,phases      ] GC(18)   Evacuate Collection Set: 135.34ms
[88.087s][info][gc,phases      ] GC(18)   Post Evacuate Collection Set: 0.20ms
[88.087s][info][gc,phases      ] GC(18)   Other: 0.05ms
[88.087s][info][gc,heap        ] GC(18) Eden regions: 50->0(50)
[88.087s][info][gc,heap        ] GC(18) Survivor regions: 8->8(8)
[88.087s][info][gc,heap        ] GC(18) Old regions: 90->136
[88.087s][info][gc,heap        ] GC(18) Humongous regions: 35->35
[88.087s][info][gc,metaspace   ] GC(18) Metaspace: 33122K(34816K)->33122K(34816K) NonClass: 25146K(25344K)->25146K(25344K) Class: 7975K(9472K)->7975K(9472K)
[88.087s][info][gc             ] GC(18) Pause Young (Normal) (G1 Evacuation Pause) 1435M->1403M(9400M) 136.126ms
[88.087s][info][gc,cpu         ] GC(18) User=1.07s Sys=0.00s Real=0.13s
) ...
    90s:       rampup IR =      0 ... (rIR:aIR:PR = 0:0:0) (tPR = 0) [OK] 
    93s:       rampup IR =     10 ... (rIR:aIR:PR = 10:9:9) (tPR = 338) [OK] 
    96s:       rampup IR =     20 ... (rIR:aIR:PR = 20:20:20) (tPR = 622) [OK] 
    99s:       rampup IR =     30 .... (rIR:aIR:PR = 30:27:27) (tPR = 677) [OK] 
   103s:       rampup IR =     40 .... (rIR:aIR:PR = 40:39:39) (tPR = 1024) [OK] 
   107s:       rampup IR =     50 .... (rIR:aIR:PR = 50:50:49) (tPR = 1137) [OK] 
   111s:       rampup IR =     60 .... (rIR:aIR:PR = 60:61:59) (tPR = 1306) [OK] 
   115s:       rampup IR =     70 .... (rIR:aIR:PR = 70:72:71) (tPR = 1448) [OK] 
   119s:       rampup IR =     80 .... (rIR:aIR:PR = 80:78:77) (tPR = 1717) [OK] 
   123s:       rampup IR =     90 .... (rIR:aIR:PR = 90:96:94) (tPR = 2264) [OK] 
   127s:       rampup IR =    100 .... (rIR:aIR:PR = 100:104:101) (tPR = 2188) [OK] 
   131s:       trying IR =    200 .... (rIR:aIR:PR = 200:194:190) (tPR = 4178) [OK] 
   135s:       trying IR =    220 ..[138.479s][info][gc,start       ] GC(19) Pause Young (Normal) (G1 Evacuation Pause)
[138.479s][info][gc,task        ] GC(19) Using 8 workers of 8 for evacuation
[138.521s][info][gc,phases      ] GC(19)   Pre Evacuate Collection Set: 0.23ms
[138.521s][info][gc,phases      ] GC(19)   Merge Heap Roots: 0.46ms
[138.522s][info][gc,phases      ] GC(19)   Evacuate Collection Set: 40.62ms
[138.522s][info][gc,phases      ] GC(19)   Post Evacuate Collection Set: 1.49ms
[138.522s][info][gc,phases      ] GC(19)   Other: 0.06ms
[138.522s][info][gc,heap        ] GC(19) Eden regions: 50->0(61)
[138.522s][info][gc,heap        ] GC(19) Survivor regions: 8->5(8)
[138.522s][info][gc,heap        ] GC(19) Old regions: 136->146
[138.522s][info][gc,heap        ] GC(19) Humongous regions: 35->35
[138.522s][info][gc,metaspace   ] GC(19) Metaspace: 33349K(35136K)->33349K(35136K) NonClass: 25372K(25664K)->25372K(25664K) Class: 7977K(9472K)->7977K(9472K)
[138.522s][info][gc             ] GC(19) Pause Young (Normal) (G1 Evacuation Pause) 1803M->1456M(10560M) 43.000ms
[138.522s][info][gc,cpu         ] GC(19) User=0.32s Sys=0.00s Real=0.04s
.. (rIR:aIR:PR = 220:220:214) (tPR = 4264) [OK] 
   139s:       trying IR =    244 .... (rIR:aIR:PR = 244:252:246) (tPR = 4647) [OK] 
   143s:       trying IR =    273 ..... (rIR:aIR:PR = 273:274:268) (tPR = 4885) [OK] 
   148s:       trying IR =    307 ..[151.853s][info][gc,start       ] GC(20) Pause Young (Normal) (G1 Evacuation Pause)
[151.853s][info][gc,task        ] GC(20) Using 8 workers of 8 for evacuation
[151.890s][info][gc,phases      ] GC(20)   Pre Evacuate Collection Set: 0.26ms
[151.890s][info][gc,phases      ] GC(20)   Merge Heap Roots: 0.43ms
[151.890s][info][gc,phases      ] GC(20)   Evacuate Collection Set: 35.72ms
[151.890s][info][gc,phases      ] GC(20)   Post Evacuate Collection Set: 0.49ms
[151.890s][info][gc,phases      ] GC(20)   Other: 0.06ms
[151.890s][info][gc,heap        ] GC(20) Eden regions: 61->0(72)
[151.890s][info][gc,heap        ] GC(20) Survivor regions: 5->9(9)
[151.890s][info][gc,heap        ] GC(20) Old regions: 146->146
[151.890s][info][gc,heap        ] GC(20) Humongous regions: 35->35
[151.890s][info][gc,metaspace   ] GC(20) Metaspace: 33427K(35200K)->33427K(35200K) NonClass: 25450K(25728K)->25450K(25728K) Class: 7977K(9472K)->7977K(9472K)
[151.890s][info][gc             ] GC(20) Pause Young (Normal) (G1 Evacuation Pause) 1944M->1484M(10560M) 37.094ms
[151.890s][info][gc,cpu         ] GC(20) User=0.28s Sys=0.01s Real=0.04s
.. (rIR:aIR:PR = 307:307:300) (tPR = 5719) [OK] 
   152s:       trying IR =    349 ..... (rIR:aIR:PR = 349:357:349) (tPR = 6926) [OK] 
   157s:       trying IR =    399 .[159.701s][info][gc,start       ] GC(21) Pause Young (Normal) (G1 Evacuation Pause)
[159.701s][info][gc,task        ] GC(21) Using 8 workers of 8 for evacuation
[159.743s][info][gc,phases      ] GC(21)   Pre Evacuate Collection Set: 0.29ms
[159.743s][info][gc,phases      ] GC(21)   Merge Heap Roots: 0.42ms
[159.743s][info][gc,phases      ] GC(21)   Evacuate Collection Set: 40.82ms
[159.743s][info][gc,phases      ] GC(21)   Post Evacuate Collection Set: 0.40ms
[159.743s][info][gc,phases      ] GC(21)   Other: 0.05ms
[159.743s][info][gc,heap        ] GC(21) Eden regions: 57->0(171)
[159.743s][info][gc,heap        ] GC(21) Survivor regions: 9->8(9)
[159.743s][info][gc,heap        ] GC(21) Old regions: 146->150
[159.743s][info][gc,heap        ] GC(21) Humongous regions: 35->35
[159.743s][info][gc,metaspace   ] GC(21) Metaspace: 33466K(35200K)->33466K(35200K) NonClass: 25488K(25728K)->25488K(25728K) Class: 7977K(9472K)->7977K(9472K)
[159.743s][info][gc             ] GC(21) Pause Young (Normal) (G1 Evacuation Pause) 1940M->1509M(10560M) 42.106ms
[159.743s][info][gc,cpu         ] GC(21) User=0.33s Sys=0.01s Real=0.04s
... (rIR:aIR:PR = 399:403:395) (tPR = 6829) [OK] 
   161s:       trying IR =    458 .... (rIR:aIR:PR = 458:452:444) (tPR = 8099) [OK] 
   165s:       trying IR =    530 .... (rIR:aIR:PR = 530:527:515) (tPR = 8734) [OK] 
   169s:       trying IR =    616 .... (rIR:aIR:PR = 616:626:615) (tPR = 11519) [OK] 
   173s:       trying IR =    719 ..[176.410s][info][gc,start       ] GC(22) Pause Young (Normal) (G1 Evacuation Pause)
[176.410s][info][gc,task        ] GC(22) Using 8 workers of 8 for evacuation
[176.467s][info][gc,phases      ] GC(22)   Pre Evacuate Collection Set: 0.27ms
[176.467s][info][gc,phases      ] GC(22)   Merge Heap Roots: 0.38ms
[176.467s][info][gc,phases      ] GC(22)   Evacuate Collection Set: 54.85ms
[176.467s][info][gc,phases      ] GC(22)   Post Evacuate Collection Set: 0.60ms
[176.467s][info][gc,phases      ] GC(22)   Other: 0.08ms
[176.467s][info][gc,heap        ] GC(22) Eden regions: 186->0(225)
[176.467s][info][gc,heap        ] GC(22) Survivor regions: 8->17(25)
[176.467s][info][gc,heap        ] GC(22) Old regions: 150->150
[176.467s][info][gc,heap        ] GC(22) Humongous regions: 35->35
[176.467s][info][gc,metaspace   ] GC(22) Metaspace: 33606K(35392K)->33606K(35392K) NonClass: 25552K(25792K)->25552K(25792K) Class: 8054K(9600K)->8054K(9600K)
[176.467s][info][gc             ] GC(22) Pause Young (Normal) (G1 Evacuation Pause) 2997M->1585M(10560M) 56.314ms
[176.467s][info][gc,cpu         ] GC(22) User=0.44s Sys=0.00s Real=0.05s
.. (rIR:aIR:PR = 719:715:700) (tPR = 11493) [OK] 
   177s:       trying IR =    843 .... (rIR:aIR:PR = 843:843:824) (tPR = 15019) [OK] 
   181s:       trying IR =    992 .... (rIR:aIR:PR = 992:990:966) (tPR = 16661) [OK] 
   185s:       trying IR =   1170 .[188.153s][info][gc,start       ] GC(23) Pause Young (Normal) (G1 Evacuation Pause)
[188.153s][info][gc,task        ] GC(23) Using 8 workers of 8 for evacuation
[188.240s][info][gc,phases      ] GC(23)   Pre Evacuate Collection Set: 0.28ms
[188.240s][info][gc,phases      ] GC(23)   Merge Heap Roots: 0.39ms
[188.240s][info][gc,phases      ] GC(23)   Evacuate Collection Set: 85.46ms
[188.240s][info][gc,phases      ] GC(23)   Post Evacuate Collection Set: 0.64ms
[188.240s][info][gc,phases      ] GC(23)   Other: 0.08ms
[188.240s][info][gc,heap        ] GC(23) Eden regions: 231->0(212)
[188.240s][info][gc,heap        ] GC(23) Survivor regions: 17->23(31)
[188.240s][info][gc,heap        ] GC(23) Old regions: 150->153
[188.240s][info][gc,heap        ] GC(23) Humongous regions: 35->35
[188.240s][info][gc,metaspace   ] GC(23) Metaspace: 33697K(35520K)->33697K(35520K) NonClass: 25610K(25856K)->25610K(25856K) Class: 8087K(9664K)->8087K(9664K)
[188.240s][info][gc             ] GC(23) Pause Young (Normal) (G1 Evacuation Pause) 3433M->1656M(10560M) 86.995ms
[188.240s][info][gc,cpu         ] GC(23) User=0.66s Sys=0.02s Real=0.09s
..... (rIR:aIR:PR = 1170:1159:1142) (tPR = 20062) [OK] 
   192s:       trying IR =   1384 .... (rIR:aIR:PR = 1384:1386:1370) (tPR = 22551) [OK] 
   196s:       trying IR =   1641 [196.837s][info][gc,start       ] GC(24) Pause Young (Normal) (G1 Evacuation Pause)
[196.837s][info][gc,task        ] GC(24) Using 8 workers of 8 for evacuation
[196.935s][info][gc,phases      ] GC(24)   Pre Evacuate Collection Set: 0.27ms
[196.935s][info][gc,phases      ] GC(24)   Merge Heap Roots: 0.30ms
[196.935s][info][gc,phases      ] GC(24)   Evacuate Collection Set: 96.77ms
[196.935s][info][gc,phases      ] GC(24)   Post Evacuate Collection Set: 0.58ms
[196.935s][info][gc,phases      ] GC(24)   Other: 0.10ms
[196.935s][info][gc,heap        ] GC(24) Eden regions: 239->0(240)
[196.935s][info][gc,heap        ] GC(24) Survivor regions: 23->24(33)
[196.935s][info][gc,heap        ] GC(24) Old regions: 153->162
[196.935s][info][gc,heap        ] GC(24) Humongous regions: 35->35
[196.935s][info][gc,metaspace   ] GC(24) Metaspace: 34152K(36096K)->34152K(36096K) NonClass: 25723K(25984K)->25723K(25984K) Class: 8428K(10112K)->8428K(10112K)
[196.935s][info][gc             ] GC(24) Pause Young (Normal) (G1 Evacuation Pause) 3568M->1735M(10560M) 98.142ms
[196.935s][info][gc,cpu         ] GC(24) User=0.75s Sys=0.03s Real=0.10s
.... (rIR:aIR:PR = 1641:1654:1654) (tPR = 28457) [OK] 
   200s:       trying IR =   1949 ...[203.823s][info][gc,start       ] GC(25) Pause Young (Normal) (G1 Evacuation Pause)
[203.823s][info][gc,task        ] GC(25) Using 8 workers of 8 for evacuation
[203.922s][info][gc,phases      ] GC(25)   Pre Evacuate Collection Set: 0.29ms
[203.922s][info][gc,phases      ] GC(25)   Merge Heap Roots: 0.31ms
[203.922s][info][gc,phases      ] GC(25)   Evacuate Collection Set: 97.07ms
[203.922s][info][gc,phases      ] GC(25)   Post Evacuate Collection Set: 0.61ms
[203.922s][info][gc,phases      ] GC(25)   Other: 0.06ms
[203.922s][info][gc,heap        ] GC(25) Eden regions: 266->0(303)
[203.922s][info][gc,heap        ] GC(25) Survivor regions: 24->26(37)
[203.922s][info][gc,heap        ] GC(25) Old regions: 162->171
[203.922s][info][gc,heap        ] GC(25) Humongous regions: 35->35
[203.922s][info][gc,metaspace   ] GC(25) Metaspace: 34190K(36160K)->34190K(36160K) NonClass: 25762K(26048K)->25762K(26048K) Class: 8428K(10112K)->8428K(10112K)
[203.922s][info][gc             ] GC(25) Pause Young (Normal) (G1 Evacuation Pause) 3863M->1823M(10560M) 98.456ms
[203.922s][info][gc,cpu         ] GC(25) User=0.77s Sys=0.01s Real=0.10s
. (rIR:aIR:PR = 1949:1933:1933) (tPR = 32550) [OK] 
   204s:       trying IR =   2319 .... (rIR:aIR:PR = 2319:2311:2311) (tPR = 38349) [OK] 
   208s:       trying IR =   2762 ..[210.738s][info][gc,start       ] GC(26) Pause Young (Normal) (G1 Evacuation Pause)
[210.738s][info][gc,task        ] GC(26) Using 8 workers of 8 for evacuation
[210.849s][info][gc,phases      ] GC(26)   Pre Evacuate Collection Set: 0.30ms
[210.849s][info][gc,phases      ] GC(26)   Merge Heap Roots: 0.30ms
[210.849s][info][gc,phases      ] GC(26)   Evacuate Collection Set: 109.04ms
[210.849s][info][gc,phases      ] GC(26)   Post Evacuate Collection Set: 0.74ms
[210.849s][info][gc,phases      ] GC(26)   Other: 0.07ms
[210.849s][info][gc,heap        ] GC(26) Eden regions: 320->0(346)
[210.849s][info][gc,heap        ] GC(26) Survivor regions: 26->29(44)
[210.849s][info][gc,heap        ] GC(26) Old regions: 171->179
[210.849s][info][gc,heap        ] GC(26) Humongous regions: 35->35
[210.849s][info][gc,metaspace   ] GC(26) Metaspace: 34426K(36480K)->34426K(36480K) NonClass: 25866K(26176K)->25866K(26176K) Class: 8560K(10304K)->8560K(10304K)
[210.849s][info][gc             ] GC(26) Pause Young (Normal) (G1 Evacuation Pause) 4383M->1907M(10560M) 110.591ms
[210.849s][info][gc,cpu         ] GC(26) User=0.84s Sys=0.03s Real=0.11s
.. (rIR:aIR:PR = 2762:2810:2810) (tPR = 44493) [OK] 
   212s:       trying IR =   3295 .... (rIR:aIR:PR = 3295:3270:3270) (tPR = 49231) [OK] 
   216s:       trying IR =   3934 .[217.297s][info][gc,start       ] GC(27) Pause Young (Normal) (G1 Evacuation Pause)
[217.297s][info][gc,task        ] GC(27) Using 8 workers of 8 for evacuation
[217.421s][info][gc,phases      ] GC(27)   Pre Evacuate Collection Set: 0.28ms
[217.421s][info][gc,phases      ] GC(27)   Merge Heap Roots: 0.30ms
[217.421s][info][gc,phases      ] GC(27)   Evacuate Collection Set: 122.38ms
[217.421s][info][gc,phases      ] GC(27)   Post Evacuate Collection Set: 0.80ms
[217.421s][info][gc,phases      ] GC(27)   Other: 0.07ms
[217.421s][info][gc,heap        ] GC(27) Eden regions: 355->0(431)
[217.421s][info][gc,heap        ] GC(27) Survivor regions: 29->33(48)
[217.421s][info][gc,heap        ] GC(27) Old regions: 179->188
[217.421s][info][gc,heap        ] GC(27) Humongous regions: 35->35
[217.421s][info][gc,metaspace   ] GC(27) Metaspace: 35165K(37376K)->35165K(37376K) NonClass: 26270K(26560K)->26270K(26560K) Class: 8895K(10816K)->8895K(10816K)
[217.421s][info][gc             ] GC(27) Pause Young (Normal) (G1 Evacuation Pause) 4747M->2008M(10560M) 123.957ms
[217.421s][info][gc,cpu         ] GC(27) User=0.92s Sys=0.05s Real=0.12s
... (rIR:aIR:PR = 3934:3926:3926) (tPR = 59020) [OK] 
   220s:       trying IR =   4701 ..[223.206s][info][gc,start       ] GC(28) Pause Young (Normal) (G1 Evacuation Pause)
[223.206s][info][gc,task        ] GC(28) Using 8 workers of 8 for evacuation
[223.342s][info][gc,phases      ] GC(28)   Pre Evacuate Collection Set: 0.29ms
[223.342s][info][gc,phases      ] GC(28)   Merge Heap Roots: 0.37ms
[223.342s][info][gc,phases      ] GC(28)   Evacuate Collection Set: 133.63ms
[223.342s][info][gc,phases      ] GC(28)   Post Evacuate Collection Set: 0.82ms
[223.342s][info][gc,phases      ] GC(28)   Other: 0.07ms
[223.342s][info][gc,heap        ] GC(28) Eden regions: 398->0(381)
[223.342s][info][gc,heap        ] GC(28) Survivor regions: 33->36(54)
[223.342s][info][gc,heap        ] GC(28) Old regions: 188->196
[223.342s][info][gc,heap        ] GC(28) Humongous regions: 35->35
[223.342s][info][gc,metaspace   ] GC(28) Metaspace: 35182K(37376K)->35182K(37376K) NonClass: 26286K(26560K)->26286K(26560K) Class: 8895K(10816K)->8895K(10816K)
[223.342s][info][gc             ] GC(28) Pause Young (Normal) (G1 Evacuation Pause) 5192M->2101M(10560M) 135.301ms
[223.342s][info][gc,cpu         ] GC(28) User=1.02s Sys=0.06s Real=0.14s
.... (rIR:aIR:PR = 4701:4692:4692) (tPR = 70416) [OK] 
   226s:       trying IR =   5621 .[228.108s][info][gc,start       ] GC(29) Pause Young (Normal) (G1 Evacuation Pause)
[228.108s][info][gc,task        ] GC(29) Using 8 workers of 8 for evacuation
[228.238s][info][gc,phases      ] GC(29)   Pre Evacuate Collection Set: 0.26ms
[228.238s][info][gc,phases      ] GC(29)   Merge Heap Roots: 0.36ms
[228.238s][info][gc,phases      ] GC(29)   Evacuate Collection Set: 127.94ms
[228.238s][info][gc,phases      ] GC(29)   Post Evacuate Collection Set: 0.84ms
[228.238s][info][gc,phases      ] GC(29)   Other: 0.06ms
[228.238s][info][gc,heap        ] GC(29) Eden regions: 376->0(403)
[228.238s][info][gc,heap        ] GC(29) Survivor regions: 36->37(52)
[228.238s][info][gc,heap        ] GC(29) Old regions: 196->205
[228.238s][info][gc,heap        ] GC(29) Humongous regions: 35->35
[228.238s][info][gc,metaspace   ] GC(29) Metaspace: 35209K(37376K)->35209K(37376K) NonClass: 26313K(26560K)->26313K(26560K) Class: 8895K(10816K)->8895K(10816K)
[228.238s][info][gc             ] GC(29) Pause Young (Normal) (G1 Evacuation Pause) 5109M->2183M(10560M) 129.585ms
[228.238s][info][gc,cpu         ] GC(29) User=1.01s Sys=0.01s Real=0.13s
... (rIR:aIR:PR = 5621:5581:5582) (tPR = 84140) [OK] 
   230s:       trying IR =   6725 ..[232.417s][info][gc,start       ] GC(30) Pause Young (Normal) (G1 Evacuation Pause)
[232.417s][info][gc,task        ] GC(30) Using 8 workers of 8 for evacuation
[232.547s][info][gc,phases      ] GC(30)   Pre Evacuate Collection Set: 0.27ms
[232.547s][info][gc,phases      ] GC(30)   Merge Heap Roots: 0.40ms
[232.547s][info][gc,phases      ] GC(30)   Evacuate Collection Set: 128.42ms
[232.547s][info][gc,phases      ] GC(30)   Post Evacuate Collection Set: 0.84ms
[232.547s][info][gc,phases      ] GC(30)   Other: 0.07ms
[232.547s][info][gc,heap        ] GC(30) Eden regions: 402->0(447)
[232.547s][info][gc,heap        ] GC(30) Survivor regions: 37->36(55)
[232.547s][info][gc,heap        ] GC(30) Old regions: 205->215
[232.547s][info][gc,heap        ] GC(30) Humongous regions: 35->35
[232.547s][info][gc,metaspace   ] GC(30) Metaspace: 35235K(37376K)->35235K(37376K) NonClass: 26339K(26560K)->26339K(26560K) Class: 8895K(10816K)->8895K(10816K)
[232.547s][info][gc             ] GC(30) Pause Young (Normal) (G1 Evacuation Pause) 5399M->2253M(10560M) 130.131ms
[232.547s][info][gc,cpu         ] GC(30) User=1.00s Sys=0.03s Real=0.14s
.. (rIR:aIR:PR = 6725:6744:6745) (tPR = 104102) [OK] 
   234s:       trying IR =   8050 ..[236.470s][info][gc,start       ] GC(31) Pause Young (Normal) (G1 Evacuation Pause)
[236.470s][info][gc,task        ] GC(31) Using 8 workers of 8 for evacuation
[236.615s][info][gc,phases      ] GC(31)   Pre Evacuate Collection Set: 0.29ms
[236.615s][info][gc,phases      ] GC(31)   Merge Heap Roots: 0.37ms
[236.615s][info][gc,phases      ] GC(31)   Evacuate Collection Set: 142.90ms
[236.615s][info][gc,phases      ] GC(31)   Post Evacuate Collection Set: 0.97ms
[236.615s][info][gc,phases      ] GC(31)   Other: 0.07ms
[236.615s][info][gc,heap        ] GC(31) Eden regions: 446->0(484)
[236.615s][info][gc,heap        ] GC(31) Survivor regions: 36->38(61)
[236.615s][info][gc,heap        ] GC(31) Old regions: 215->223
[236.615s][info][gc,heap        ] GC(31) Humongous regions: 35->35
[236.615s][info][gc,metaspace   ] GC(31) Metaspace: 35249K(37376K)->35249K(37376K) NonClass: 26353K(26560K)->26353K(26560K) Class: 8895K(10816K)->8895K(10816K)
[236.615s][info][gc             ] GC(31) Pause Young (Normal) (G1 Evacuation Pause) 5821M->2335M(10560M) 144.746ms
[236.615s][info][gc,cpu         ] GC(31) User=1.08s Sys=0.06s Real=0.14s
... (rIR:aIR:PR = 8050:8067:8064) (tPR = 118237) [OK] 
   239s:       trying IR =   9640 [240.221s][info][gc,start       ] GC(32) Pause Young (Normal) (G1 Evacuation Pause)
[240.221s][info][gc,task        ] GC(32) Using 8 workers of 8 for evacuation
[240.368s][info][gc,phases      ] GC(32)   Pre Evacuate Collection Set: 0.28ms
[240.368s][info][gc,phases      ] GC(32)   Merge Heap Roots: 0.42ms
[240.368s][info][gc,phases      ] GC(32)   Evacuate Collection Set: 145.61ms
[240.368s][info][gc,phases      ] GC(32)   Post Evacuate Collection Set: 0.98ms
[240.368s][info][gc,phases      ] GC(32)   Other: 0.08ms
[240.368s][info][gc,heap        ] GC(32) Eden regions: 482->0(529)
[240.368s][info][gc,heap        ] GC(32) Survivor regions: 38->40(65)
[240.368s][info][gc,heap        ] GC(32) Old regions: 223->231
[240.368s][info][gc,heap        ] GC(32) Humongous regions: 35->35
[240.368s][info][gc,metaspace   ] GC(32) Metaspace: 35250K(37376K)->35250K(37376K) NonClass: 26354K(26560K)->26354K(26560K) Class: 8895K(10816K)->8895K(10816K)
[240.368s][info][gc             ] GC(32) Pause Young (Normal) (G1 Evacuation Pause) 6191M->2417M(10560M) 147.499ms
[240.368s][info][gc,cpu         ] GC(32) User=1.09s Sys=0.08s Real=0.15s
....[243.887s][info][gc,start       ] GC(33) Pause Young (Normal) (G1 Evacuation Pause)
[243.887s][info][gc,task        ] GC(33) Using 8 workers of 8 for evacuation
[244.042s][info][gc,phases      ] GC(33)   Pre Evacuate Collection Set: 0.28ms
[244.042s][info][gc,phases      ] GC(33)   Merge Heap Roots: 0.39ms
[244.042s][info][gc,phases      ] GC(33)   Evacuate Collection Set: 153.48ms
[244.042s][info][gc,phases      ] GC(33)   Post Evacuate Collection Set: 0.96ms
[244.042s][info][gc,phases      ] GC(33)   Other: 0.08ms
[244.042s][info][gc,heap        ] GC(33) Eden regions: 524->0(526)
[244.042s][info][gc,heap        ] GC(33) Survivor regions: 40->41(71)
[244.042s][info][gc,heap        ] GC(33) Old regions: 231->238
[244.042s][info][gc,heap        ] GC(33) Humongous regions: 35->35
[244.042s][info][gc,metaspace   ] GC(33) Metaspace: 35286K(37504K)->35286K(37504K) NonClass: 26379K(26688K)->26379K(26688K) Class: 8906K(10816K)->8906K(10816K)
[244.042s][info][gc             ] GC(33) Pause Young (Normal) (G1 Evacuation Pause) 6609M->2483M(10560M) 155.319ms
[244.042s][info][gc,cpu         ] GC(33) User=1.15s Sys=0.08s Real=0.15s
. (rIR:aIR:PR = 9640:9807:9879) (tPR = 151812) [OK] 
   244s:       trying IR =  11548 ..[247.006s][info][gc,start       ] GC(34) Pause Young (Normal) (G1 Evacuation Pause)
[247.006s][info][gc,task        ] GC(34) Using 8 workers of 8 for evacuation
[247.155s][info][gc,phases      ] GC(34)   Pre Evacuate Collection Set: 0.27ms
[247.155s][info][gc,phases      ] GC(34)   Merge Heap Roots: 0.40ms
[247.155s][info][gc,phases      ] GC(34)   Evacuate Collection Set: 146.38ms
[247.155s][info][gc,phases      ] GC(34)   Post Evacuate Collection Set: 0.99ms
[247.155s][info][gc,phases      ] GC(34)   Other: 0.06ms
[247.155s][info][gc,heap        ] GC(34) Eden regions: 523->0(569)
[247.155s][info][gc,heap        ] GC(34) Survivor regions: 41->44(71)
[247.155s][info][gc,heap        ] GC(34) Old regions: 238->246
[247.155s][info][gc,heap        ] GC(34) Humongous regions: 35->35
[247.155s][info][gc,metaspace   ] GC(34) Metaspace: 35300K(37504K)->35300K(37504K) NonClass: 26393K(26688K)->26393K(26688K) Class: 8906K(10816K)->8906K(10816K)
[247.155s][info][gc             ] GC(34) Pause Young (Normal) (G1 Evacuation Pause) 6667M->2562M(10560M) 148.237ms
[247.155s][info][gc,cpu         ] GC(34) User=1.16s Sys=0.01s Real=0.15s
.. (rIR:aIR:PR = 11548:11452:11331) (tPR = 171465) [OK] 
   248s:       trying IR =  13837 .[250.169s][info][gc,start       ] GC(35) Pause Young (Normal) (G1 Evacuation Pause)
[250.169s][info][gc,task        ] GC(35) Using 8 workers of 8 for evacuation
[250.332s][info][gc,phases      ] GC(35)   Pre Evacuate Collection Set: 0.26ms
[250.332s][info][gc,phases      ] GC(35)   Merge Heap Roots: 0.40ms
[250.332s][info][gc,phases      ] GC(35)   Evacuate Collection Set: 160.91ms
[250.332s][info][gc,phases      ] GC(35)   Post Evacuate Collection Set: 1.09ms
[250.332s][info][gc,phases      ] GC(35)   Other: 0.07ms
[250.332s][info][gc,heap        ] GC(35) Eden regions: 566->0(556)
[250.332s][info][gc,heap        ] GC(35) Survivor regions: 44->45(77)
[250.332s][info][gc,heap        ] GC(35) Old regions: 246->253
[250.332s][info][gc,heap        ] GC(35) Humongous regions: 35->35
[250.332s][info][gc,metaspace   ] GC(35) Metaspace: 35300K(37504K)->35300K(37504K) NonClass: 26393K(26688K)->26393K(26688K) Class: 8906K(10816K)->8906K(10816K)
[250.332s][info][gc             ] GC(35) Pause Young (Normal) (G1 Evacuation Pause) 7090M->2628M(10560M) 162.852ms
[250.332s][info][gc,cpu         ] GC(35) User=1.21s Sys=0.07s Real=0.16s
...[253.152s][info][gc,start       ] GC(36) Pause Young (Normal) (G1 Evacuation Pause)
[253.152s][info][gc,task        ] GC(36) Using 8 workers of 8 for evacuation
[253.304s][info][gc,phases      ] GC(36)   Pre Evacuate Collection Set: 0.27ms
[253.304s][info][gc,phases      ] GC(36)   Merge Heap Roots: 0.41ms
[253.304s][info][gc,phases      ] GC(36)   Evacuate Collection Set: 149.74ms
[253.304s][info][gc,phases      ] GC(36)   Post Evacuate Collection Set: 1.04ms
[253.304s][info][gc,phases      ] GC(36)   Other: 0.06ms
[253.304s][info][gc,heap        ] GC(36) Eden regions: 554->0(597)
[253.304s][info][gc,heap        ] GC(36) Survivor regions: 45->44(75)
[253.304s][info][gc,heap        ] GC(36) Old regions: 253->260
[253.304s][info][gc,heap        ] GC(36) Humongous regions: 35->35
[253.304s][info][gc,metaspace   ] GC(36) Metaspace: 35302K(37504K)->35302K(37504K) NonClass: 26395K(26688K)->26395K(26688K) Class: 8906K(10816K)->8906K(10816K)
[253.304s][info][gc             ] GC(36) Pause Young (Normal) (G1 Evacuation Pause) 7060M->2680M(10560M) 151.640ms
[253.304s][info][gc,cpu         ] GC(36) User=1.20s Sys=0.01s Real=0.15s
...[256.373s][info][gc,start       ] GC(37) Pause Young (Normal) (G1 Evacuation Pause)
[256.374s][info][gc,task        ] GC(37) Using 8 workers of 8 for evacuation
[256.542s][info][gc,phases      ] GC(37)   Pre Evacuate Collection Set: 0.24ms
[256.542s][info][gc,phases      ] GC(37)   Merge Heap Roots: 0.42ms
[256.542s][info][gc,phases      ] GC(37)   Evacuate Collection Set: 167.07ms
[256.542s][info][gc,phases      ] GC(37)   Post Evacuate Collection Set: 1.03ms
[256.542s][info][gc,phases      ] GC(37)   Other: 0.07ms
[256.542s][info][gc,heap        ] GC(37) Eden regions: 594->0(600)
[256.542s][info][gc,heap        ] GC(37) Survivor regions: 44->46(80)
[256.542s][info][gc,heap        ] GC(37) Old regions: 260->267
[256.542s][info][gc,heap        ] GC(37) Humongous regions: 35->35
[256.542s][info][gc,metaspace   ] GC(37) Metaspace: 35302K(37504K)->35302K(37504K) NonClass: 26395K(26688K)->26395K(26688K) Class: 8906K(10816K)->8906K(10816K)
[256.542s][info][gc             ] GC(37) Pause Young (Normal) (G1 Evacuation Pause) 7432M->2753M(10560M) 168.956ms
[256.542s][info][gc,cpu         ] GC(37) User=1.28s Sys=0.06s Real=0.17s
....[259.590s][info][gc,start       ] GC(38) Pause Young (Normal) (G1 Evacuation Pause)
[259.590s][info][gc,task        ] GC(38) Using 8 workers of 8 for evacuation
[259.752s][info][gc,phases      ] GC(38)   Pre Evacuate Collection Set: 0.24ms
[259.752s][info][gc,phases      ] GC(38)   Merge Heap Roots: 0.43ms
[259.752s][info][gc,phases      ] GC(38)   Evacuate Collection Set: 160.17ms
[259.752s][info][gc,phases      ] GC(38)   Post Evacuate Collection Set: 0.99ms
[259.752s][info][gc,phases      ] GC(38)   Other: 0.08ms
[259.752s][info][gc,heap        ] GC(38) Eden regions: 597->0(621)
[259.752s][info][gc,heap        ] GC(38) Survivor regions: 46->46(81)
[259.752s][info][gc,heap        ] GC(38) Old regions: 267->274
[259.752s][info][gc,heap        ] GC(38) Humongous regions: 35->35
[259.752s][info][gc,metaspace   ] GC(38) Metaspace: 35303K(37504K)->35303K(37504K) NonClass: 26396K(26688K)->26396K(26688K) Class: 8906K(10816K)->8906K(10816K)
[259.752s][info][gc             ] GC(38) Pause Young (Normal) (G1 Evacuation Pause) 7529M->2809M(10560M) 162.037ms
[259.752s][info][gc,cpu         ] GC(38) User=1.27s Sys=0.02s Real=0.16s
...[262.943s][info][gc,start       ] GC(39) Pause Young (Normal) (G1 Evacuation Pause)
[262.943s][info][gc,task        ] GC(39) Using 8 workers of 8 for evacuation
[263.100s][info][gc,phases      ] GC(39)   Pre Evacuate Collection Set: 0.25ms
[263.100s][info][gc,phases      ] GC(39)   Merge Heap Roots: 0.45ms
[263.100s][info][gc,phases      ] GC(39)   Evacuate Collection Set: 154.78ms
[263.100s][info][gc,phases      ] GC(39)   Post Evacuate Collection Set: 1.07ms
[263.100s][info][gc,phases      ] GC(39)   Other: 0.07ms
[263.100s][info][gc,heap        ] GC(39) Eden regions: 617->0(663)
[263.100s][info][gc,heap        ] GC(39) Survivor regions: 46->45(83)
[263.100s][info][gc,heap        ] GC(39) Old regions: 274->281
[263.100s][info][gc,heap        ] GC(39) Humongous regions: 35->35
[263.100s][info][gc,metaspace   ] GC(39) Metaspace: 35316K(37504K)->35316K(37504K) NonClass: 26409K(26688K)->26409K(26688K) Class: 8906K(10816K)->8906K(10816K)
[263.100s][info][gc             ] GC(39) Pause Young (Normal) (G1 Evacuation Pause) 7745M->2856M(10560M) 156.750ms
[263.100s][info][gc,cpu         ] GC(39) User=1.21s Sys=0.03s Real=0.16s
...[266.392s][info][gc,start       ] GC(40) Pause Young (Normal) (G1 Evacuation Pause)
[266.392s][info][gc,task        ] GC(40) Using 8 workers of 8 for evacuation
[266.557s][info][gc,phases      ] GC(40)   Pre Evacuate Collection Set: 0.26ms
[266.557s][info][gc,phases      ] GC(40)   Merge Heap Roots: 0.44ms
[266.557s][info][gc,phases      ] GC(40)   Evacuate Collection Set: 162.76ms
[266.557s][info][gc,phases      ] GC(40)   Post Evacuate Collection Set: 1.17ms
[266.557s][info][gc,phases      ] GC(40)   Other: 0.07ms
[266.557s][info][gc,heap        ] GC(40) Eden regions: 659->0(659)
[266.557s][info][gc,heap        ] GC(40) Survivor regions: 45->52(88)
[266.557s][info][gc,heap        ] GC(40) Old regions: 281->281
[266.557s][info][gc,heap        ] GC(40) Humongous regions: 35->35
[266.557s][info][gc,metaspace   ] GC(40) Metaspace: 35319K(37504K)->35319K(37504K) NonClass: 26412K(26688K)->26412K(26688K) Class: 8906K(10816K)->8906K(10816K)
[266.557s][info][gc             ] GC(40) Pause Young (Normal) (G1 Evacuation Pause) 8128M->2908M(10560M) 164.826ms
[266.557s][info][gc,cpu         ] GC(40) User=1.26s Sys=0.05s Real=0.16s
....[269.882s][info][gc,start       ] GC(41) Pause Young (Normal) (G1 Evacuation Pause)
[269.882s][info][gc,task        ] GC(41) Using 8 workers of 8 for evacuation
[270.047s][info][gc,phases      ] GC(41)   Pre Evacuate Collection Set: 0.27ms
[270.047s][info][gc,phases      ] GC(41)   Merge Heap Roots: 0.44ms
[270.047s][info][gc,phases      ] GC(41)   Evacuate Collection Set: 163.09ms
[270.047s][info][gc,phases      ] GC(41)   Post Evacuate Collection Set: 1.10ms
[270.047s][info][gc,phases      ] GC(41)   Other: 0.06ms
[270.047s][info][gc,heap        ] GC(41) Eden regions: 652->0(611)
[270.047s][info][gc,heap        ] GC(41) Survivor regions: 52->53(88)
[270.047s][info][gc,heap        ] GC(41) Old regions: 281->284
[270.047s][info][gc,heap        ] GC(41) Humongous regions: 35->35
[270.047s][info][gc,metaspace   ] GC(41) Metaspace: 35321K(37504K)->35321K(37504K) NonClass: 26415K(26688K)->26415K(26688K) Class: 8906K(10816K)->8906K(10816K)
[270.047s][info][gc             ] GC(41) Pause Young (Normal) (G1 Evacuation Pause) 8124M->2940M(10560M) 165.103ms
[270.047s][info][gc,cpu         ] GC(41) User=1.31s Sys=0.01s Real=0.17s
...[273.099s][info][gc,start       ] GC(42) Pause Young (Normal) (G1 Evacuation Pause)
[273.099s][info][gc,task        ] GC(42) Using 8 workers of 8 for evacuation
[273.273s][info][gc,phases      ] GC(42)   Pre Evacuate Collection Set: 0.27ms
[273.273s][info][gc,phases      ] GC(42)   Merge Heap Roots: 0.45ms
[273.273s][info][gc,phases      ] GC(42)   Evacuate Collection Set: 172.12ms
[273.273s][info][gc,phases      ] GC(42)   Post Evacuate Collection Set: 1.02ms
[273.273s][info][gc,phases      ] GC(42)   Other: 0.07ms
[273.273s][info][gc,heap        ] GC(42) Eden regions: 607->0(668)
[273.273s][info][gc,heap        ] GC(42) Survivor regions: 53->49(83)
[273.273s][info][gc,heap        ] GC(42) Old regions: 284->293
[273.273s][info][gc,heap        ] GC(42) Humongous regions: 35->35
[273.273s][info][gc,metaspace   ] GC(42) Metaspace: 35323K(37504K)->35323K(37504K) NonClass: 26416K(26688K)->26416K(26688K) Class: 8906K(10816K)->8906K(10816K)
[273.273s][info][gc             ] GC(42) Pause Young (Normal) (G1 Evacuation Pause) 7796M->2983M(10560M) 174.066ms
[273.273s][info][gc,cpu         ] GC(42) User=1.35s Sys=0.02s Real=0.17s
....[276.588s][info][gc,start       ] GC(43) Pause Young (Normal) (G1 Evacuation Pause)
[276.588s][info][gc,task        ] GC(43) Using 8 workers of 8 for evacuation
[276.753s][info][gc,phases      ] GC(43)   Pre Evacuate Collection Set: 0.27ms
[276.753s][info][gc,phases      ] GC(43)   Merge Heap Roots: 0.46ms
[276.753s][info][gc,phases      ] GC(43)   Evacuate Collection Set: 163.00ms
[276.753s][info][gc,phases      ] GC(43)   Post Evacuate Collection Set: 1.11ms
[276.753s][info][gc,phases      ] GC(43)   Other: 0.07ms
[276.753s][info][gc,heap        ] GC(43) Eden regions: 668->0(725)
[276.753s][info][gc,heap        ] GC(43) Survivor regions: 49->47(90)
[276.753s][info][gc,heap        ] GC(43) Old regions: 293->300
[276.753s][info][gc,heap        ] GC(43) Humongous regions: 35->35
[276.753s][info][gc,metaspace   ] GC(43) Metaspace: 35326K(37504K)->35326K(37504K) NonClass: 26419K(26688K)->26419K(26688K) Class: 8906K(10816K)->8906K(10816K)
[276.753s][info][gc             ] GC(43) Pause Young (Normal) (G1 Evacuation Pause) 8327M->3022M(10560M) 165.061ms
[276.753s][info][gc,cpu         ] GC(43) User=1.29s Sys=0.03s Real=0.16s
.. (rIR:aIR:PR = 13837:13667:12929) (tPR = 193011) [PR is under limit] 
   278s: Re-initializing (term) [278.713s][info][gc,start       ] GC(44) Pause Full (System.gc())
[278.713s][info][gc,task        ] GC(44) Using 8 workers of 8 for full compaction
[278.713s][info][gc,phases,start] GC(44) Phase 1: Mark live objects
[278.730s][info][gc,phases      ] GC(44) Phase 1: Mark live objects 17.342ms
[278.731s][info][gc,phases,start] GC(44) Phase 2: Prepare compaction
[278.736s][info][gc,phases      ] GC(44) Phase 2: Prepare compaction 5.386ms
[278.736s][info][gc,phases,start] GC(44) Phase 3: Adjust pointers
[278.747s][info][gc,phases      ] GC(44) Phase 3: Adjust pointers 10.631ms
[278.747s][info][gc,phases,start] GC(44) Phase 4: Compact heap
[278.752s][info][gc,phases      ] GC(44) Phase 4: Compact heap 5.177ms
[278.752s][info][gc,phases,start] GC(44) Phase 5: Reset Metadata
[278.756s][info][gc,phases      ] GC(44) Phase 5: Reset Metadata 3.822ms
[278.778s][info][gc,heap        ] GC(44) Eden regions: 378->0(614)
[278.778s][info][gc,heap        ] GC(44) Survivor regions: 47->0(90)
[278.778s][info][gc,heap        ] GC(44) Old regions: 300->12
[278.778s][info][gc,heap        ] GC(44) Humongous regions: 35->18
[278.778s][info][gc,metaspace   ] GC(44) Metaspace: 35330K(37504K)->35330K(37504K) NonClass: 26423K(26688K)->26423K(26688K) Class: 8906K(10816K)->8906K(10816K)
[278.778s][info][gc             ] GC(44) Pause Full (System.gc()) 6042M->212M(8192M) 64.910ms
[278.778s][info][gc,cpu         ] GC(44) User=0.35s Sys=0.07s Real=0.07s
(init) ... OK
   282s: Searching from base IR = 11548
   282s:       rampup IR =      0 ... (rIR:aIR:PR = 0:0:0) (tPR = 0) [OK] 
   285s:       rampup IR =   1155 .... (rIR:aIR:PR = 1155:1161:1136) (tPR = 22408) [OK] 
   289s:       rampup IR =   2310 ..... (rIR:aIR:PR = 2310:2306:2255) (tPR = 41226) [OK] 
   294s:       rampup IR =   3464 [295.911s][info][gc,start       ] GC(45) Pause Young (Normal) (G1 Evacuation Pause)
[295.911s][info][gc,task        ] GC(45) Using 8 workers of 8 for evacuation
[296.380s][info][gc,mmu         ] GC(45) MMU target violated: 201.0ms (200.0ms/201.0ms)
[296.380s][info][gc,phases      ] GC(45)   Pre Evacuate Collection Set: 0.26ms
[296.381s][info][gc,phases      ] GC(45)   Merge Heap Roots: 0.42ms
[296.381s][info][gc,phases      ] GC(45)   Evacuate Collection Set: 467.70ms
[296.381s][info][gc,phases      ] GC(45)   Post Evacuate Collection Set: 1.13ms
[296.381s][info][gc,phases      ] GC(45)   Other: 0.10ms
[296.381s][info][gc,heap        ] GC(45) Eden regions: 614->0(449)
[296.381s][info][gc,heap        ] GC(45) Survivor regions: 0->77(77)
[296.381s][info][gc,heap        ] GC(45) Old regions: 12->51
[296.381s][info][gc,heap        ] GC(45) Humongous regions: 35->34
[296.381s][info][gc,metaspace   ] GC(45) Metaspace: 35361K(37504K)->35361K(37504K) NonClass: 26444K(26688K)->26444K(26688K) Class: 8917K(10816K)->8917K(10816K)
[296.381s][info][gc             ] GC(45) Pause Young (Normal) (G1 Evacuation Pause) 5260M->1264M(8192M) 470.498ms
[296.381s][info][gc,cpu         ] GC(45) User=3.64s Sys=0.08s Real=0.47s
......[302.286s][info][gc,start       ] GC(46) Pause Young (Normal) (G1 Evacuation Pause)
[302.286s][info][gc,task        ] GC(46) Using 8 workers of 8 for evacuation
[302.581s][info][gc,mmu         ] GC(46) MMU target violated: 201.0ms (200.0ms/201.0ms)
[302.581s][info][gc,phases      ] GC(46)   Pre Evacuate Collection Set: 0.26ms
[302.581s][info][gc,phases      ] GC(46)   Merge Heap Roots: 0.32ms
[302.581s][info][gc,phases      ] GC(46)   Evacuate Collection Set: 293.29ms
[302.581s][info][gc,phases      ] GC(46)   Post Evacuate Collection Set: 0.76ms
[302.581s][info][gc,phases      ] GC(46)   Other: 0.10ms
[302.581s][info][gc,heap        ] GC(46) Eden regions: 460->0(381)
[302.581s][info][gc,heap        ] GC(46) Survivor regions: 77->25(68)
[302.581s][info][gc,heap        ] GC(46) Old regions: 51->121
[302.581s][info][gc,heap        ] GC(46) Humongous regions: 34->34
[302.581s][info][gc,metaspace   ] GC(46) Metaspace: 35363K(37504K)->35363K(37504K) NonClass: 26445K(26688K)->26445K(26688K) Class: 8917K(10816K)->8917K(10816K)
[302.581s][info][gc             ] GC(46) Pause Young (Normal) (G1 Evacuation Pause) 4944M->1404M(8192M) 294.851ms
[302.581s][info][gc,cpu         ] GC(46) User=2.34s Sys=0.00s Real=0.30s
...... (rIR:aIR:PR = 3464:3607:3581) (tPR = 60669) [OK] 
   307s:       rampup IR =   4619 [307.668s][info][gc,start       ] GC(47) Pause Young (Normal) (G1 Evacuation Pause)
[307.668s][info][gc,task        ] GC(47) Using 8 workers of 8 for evacuation
[307.776s][info][gc,phases      ] GC(47)   Pre Evacuate Collection Set: 0.24ms
[307.776s][info][gc,phases      ] GC(47)   Merge Heap Roots: 0.28ms
[307.776s][info][gc,phases      ] GC(47)   Evacuate Collection Set: 106.26ms
[307.776s][info][gc,phases      ] GC(47)   Post Evacuate Collection Set: 0.79ms
[307.776s][info][gc,phases      ] GC(47)   Other: 0.06ms
[307.776s][info][gc,heap        ] GC(47) Eden regions: 394->0(267)
[307.776s][info][gc,heap        ] GC(47) Survivor regions: 25->38(53)
[307.776s][info][gc,heap        ] GC(47) Old regions: 121->121
[307.776s][info][gc,heap        ] GC(47) Humongous regions: 34->34
[307.776s][info][gc,metaspace   ] GC(47) Metaspace: 35363K(37504K)->35363K(37504K) NonClass: 26445K(26688K)->26445K(26688K) Class: 8917K(10816K)->8917K(10816K)
[307.776s][info][gc             ] GC(47) Pause Young (Normal) (G1 Evacuation Pause) 4556M->1508M(8192M) 107.766ms
[307.776s][info][gc,cpu         ] GC(47) User=0.85s Sys=0.00s Real=0.10s
...[311.473s][info][gc,start       ] GC(48) Pause Young (Normal) (G1 Evacuation Pause)
[311.473s][info][gc,task        ] GC(48) Using 8 workers of 8 for evacuation
[311.597s][info][gc,phases      ] GC(48)   Pre Evacuate Collection Set: 0.23ms
[311.597s][info][gc,phases      ] GC(48)   Merge Heap Roots: 0.28ms
[311.597s][info][gc,phases      ] GC(48)   Evacuate Collection Set: 122.57ms
[311.597s][info][gc,phases      ] GC(48)   Post Evacuate Collection Set: 0.70ms
[311.597s][info][gc,phases      ] GC(48)   Other: 0.07ms
[311.597s][info][gc,heap        ] GC(48) Eden regions: 316->0(391)
[311.597s][info][gc,heap        ] GC(48) Survivor regions: 38->33(45)
[311.597s][info][gc,heap        ] GC(48) Old regions: 121->135
[311.597s][info][gc,heap        ] GC(48) Humongous regions: 34->34
[311.597s][info][gc,metaspace   ] GC(48) Metaspace: 35369K(37504K)->35369K(37504K) NonClass: 26452K(26688K)->26452K(26688K) Class: 8917K(10816K)->8917K(10816K)
[311.597s][info][gc             ] GC(48) Pause Young (Normal) (G1 Evacuation Pause) 4036M->1583M(8192M) 123.989ms
[311.597s][info][gc,cpu         ] GC(48) User=0.99s Sys=0.00s Real=0.12s
. (rIR:aIR:PR = 4619:4423:4439) (tPR = 71408) [OK] 
   311s:       rampup IR =   5774 .... (rIR:aIR:PR = 5774:5817:5817) (tPR = 92795) [OK] 
   315s:       rampup IR =   6929 [315.737s][info][gc,start       ] GC(49) Pause Young (Normal) (G1 Evacuation Pause)
[315.737s][info][gc,task        ] GC(49) Using 8 workers of 8 for evacuation
[315.861s][info][gc,phases      ] GC(49)   Pre Evacuate Collection Set: 0.24ms
[315.861s][info][gc,phases      ] GC(49)   Merge Heap Roots: 0.33ms
[315.861s][info][gc,phases      ] GC(49)   Evacuate Collection Set: 123.25ms
[315.861s][info][gc,phases      ] GC(49)   Post Evacuate Collection Set: 0.97ms
[315.862s][info][gc,phases      ] GC(49)   Other: 0.06ms
[315.862s][info][gc,heap        ] GC(49) Eden regions: 398->0(429)
[315.862s][info][gc,heap        ] GC(49) Survivor regions: 33->34(54)
[315.862s][info][gc,heap        ] GC(49) Old regions: 135->146
[315.862s][info][gc,heap        ] GC(49) Humongous regions: 34->34
[315.862s][info][gc,metaspace   ] GC(49) Metaspace: 35371K(37504K)->35371K(37504K) NonClass: 26453K(26688K)->26453K(26688K) Class: 8917K(10816K)->8917K(10816K)
[315.862s][info][gc             ] GC(49) Pause Young (Normal) (G1 Evacuation Pause) 4767M->1681M(8192M) 124.983ms
[315.862s][info][gc,cpu         ] GC(49) User=0.99s Sys=0.00s Real=0.13s
.... (rIR:aIR:PR = 6929:6931:6931) (tPR = 104470) [OK] 
   319s:       rampup IR =   8084 [319.742s][info][gc,start       ] GC(50) Pause Young (Normal) (G1 Evacuation Pause)
[319.742s][info][gc,task        ] GC(50) Using 8 workers of 8 for evacuation
[319.869s][info][gc,phases      ] GC(50)   Pre Evacuate Collection Set: 0.24ms
[319.869s][info][gc,phases      ] GC(50)   Merge Heap Roots: 0.40ms
[319.869s][info][gc,phases      ] GC(50)   Evacuate Collection Set: 125.43ms
[319.869s][info][gc,phases      ] GC(50)   Post Evacuate Collection Set: 0.93ms
[319.869s][info][gc,phases      ] GC(50)   Other: 0.06ms
[319.869s][info][gc,heap        ] GC(50) Eden regions: 426->0(473)
[319.869s][info][gc,heap        ] GC(50) Survivor regions: 34->38(58)
[319.869s][info][gc,heap        ] GC(50) Old regions: 146->154
[319.869s][info][gc,heap        ] GC(50) Humongous regions: 34->34
[319.869s][info][gc,metaspace   ] GC(50) Metaspace: 35371K(37504K)->35371K(37504K) NonClass: 26453K(26688K)->26453K(26688K) Class: 8917K(10816K)->8917K(10816K)
[319.869s][info][gc             ] GC(50) Pause Young (Normal) (G1 Evacuation Pause) 5089M->1774M(8192M) 127.188ms
[319.869s][info][gc,cpu         ] GC(50) User=1.00s Sys=0.00s Real=0.13s
...[323.507s][info][gc,start       ] GC(51) Pause Young (Normal) (G1 Evacuation Pause)
[323.507s][info][gc,task        ] GC(51) Using 8 workers of 8 for evacuation
[323.641s][info][gc,phases      ] GC(51)   Pre Evacuate Collection Set: 0.24ms
[323.641s][info][gc,phases      ] GC(51)   Merge Heap Roots: 0.38ms
[323.641s][info][gc,phases      ] GC(51)   Evacuate Collection Set: 132.25ms
[323.641s][info][gc,phases      ] GC(51)   Post Evacuate Collection Set: 0.94ms
[323.641s][info][gc,phases      ] GC(51)   Other: 0.06ms
[323.641s][info][gc,heap        ] GC(51) Eden regions: 474->0(515)
[323.641s][info][gc,heap        ] GC(51) Survivor regions: 38->39(64)
[323.641s][info][gc,heap        ] GC(51) Old regions: 154->163
[323.641s][info][gc,heap        ] GC(51) Humongous regions: 34->34
[323.641s][info][gc,metaspace   ] GC(51) Metaspace: 35371K(37504K)->35371K(37504K) NonClass: 26453K(26688K)->26453K(26688K) Class: 8917K(10816K)->8917K(10816K)
[323.641s][info][gc             ] GC(51) Pause Young (Normal) (G1 Evacuation Pause) 5566M->1853M(8192M) 134.032ms
[323.641s][info][gc,cpu         ] GC(51) User=1.06s Sys=0.00s Real=0.14s
. (rIR:aIR:PR = 8084:8026:8006) (tPR = 118994) [OK] 
   323s:       rampup IR =   9238 ...[327.289s][info][gc,start       ] GC(52) Pause Young (Normal) (G1 Evacuation Pause)
[327.289s][info][gc,task        ] GC(52) Using 8 workers of 8 for evacuation
[327.428s][info][gc,phases      ] GC(52)   Pre Evacuate Collection Set: 0.26ms
[327.429s][info][gc,phases      ] GC(52)   Merge Heap Roots: 0.40ms
[327.429s][info][gc,phases      ] GC(52)   Evacuate Collection Set: 137.50ms
[327.429s][info][gc,phases      ] GC(52)   Post Evacuate Collection Set: 0.96ms
[327.429s][info][gc,phases      ] GC(52)   Other: 0.06ms
[327.429s][info][gc,heap        ] GC(52) Eden regions: 513->0(544)
[327.429s][info][gc,heap        ] GC(52) Survivor regions: 39->41(69)
[327.429s][info][gc,heap        ] GC(52) Old regions: 163->170
[327.429s][info][gc,heap        ] GC(52) Humongous regions: 34->34
[327.429s][info][gc,metaspace   ] GC(52) Metaspace: 35372K(37504K)->35372K(37504K) NonClass: 26454K(26688K)->26454K(26688K) Class: 8917K(10816K)->8917K(10816K)
[327.429s][info][gc             ] GC(52) Pause Young (Normal) (G1 Evacuation Pause) 5957M->1928M(8192M) 139.308ms
[327.429s][info][gc,cpu         ] GC(52) User=1.10s Sys=0.00s Real=0.14s
. (rIR:aIR:PR = 9238:9407:9395) (tPR = 138092) [OK] 
   327s:       rampup IR =  10393 ...[330.931s][info][gc,start       ] GC(53) Pause Young (Normal) (G1 Evacuation Pause)
[330.931s][info][gc,task        ] GC(53) Using 8 workers of 8 for evacuation
[331.074s][info][gc,phases      ] GC(53)   Pre Evacuate Collection Set: 0.25ms
[331.074s][info][gc,phases      ] GC(53)   Merge Heap Roots: 0.41ms
[331.074s][info][gc,phases      ] GC(53)   Evacuate Collection Set: 141.64ms
[331.074s][info][gc,phases      ] GC(53)   Post Evacuate Collection Set: 1.04ms
[331.074s][info][gc,phases      ] GC(53)   Other: 0.06ms
[331.074s][info][gc,heap        ] GC(53) Eden regions: 543->0(572)
[331.074s][info][gc,heap        ] GC(53) Survivor regions: 41->42(73)
[331.074s][info][gc,heap        ] GC(53) Old regions: 170->178
[331.074s][info][gc,heap        ] GC(53) Humongous regions: 34->34
[331.074s][info][gc,metaspace   ] GC(53) Metaspace: 35372K(37504K)->35372K(37504K) NonClass: 26454K(26688K)->26454K(26688K) Class: 8917K(10816K)->8917K(10816K)
[331.074s][info][gc             ] GC(53) Pause Young (Normal) (G1 Evacuation Pause) 6272M->2003M(8192M) 143.522ms
[331.074s][info][gc,cpu         ] GC(53) User=1.13s Sys=0.01s Real=0.14s
. (rIR:aIR:PR = 10393:10457:10304) (tPR = 155862) [OK] 
   331s:       rampup IR =  11548 ..[334.337s][info][gc,start       ] GC(54) Pause Young (Normal) (G1 Evacuation Pause)
[334.337s][info][gc,task        ] GC(54) Using 8 workers of 8 for evacuation
[334.482s][info][gc,phases      ] GC(54)   Pre Evacuate Collection Set: 0.24ms
[334.482s][info][gc,phases      ] GC(54)   Merge Heap Roots: 0.42ms
[334.482s][info][gc,phases      ] GC(54)   Evacuate Collection Set: 142.99ms
[334.482s][info][gc,phases      ] GC(54)   Post Evacuate Collection Set: 1.16ms
[334.482s][info][gc,phases      ] GC(54)   Other: 0.06ms
[334.482s][info][gc,heap        ] GC(54) Eden regions: 572->0(570)
[334.482s][info][gc,heap        ] GC(54) Survivor regions: 42->44(77)
[334.482s][info][gc,heap        ] GC(54) Old regions: 178->185
[334.482s][info][gc,heap        ] GC(54) Humongous regions: 34->34
[334.482s][info][gc,metaspace   ] GC(54) Metaspace: 35381K(37504K)->35381K(37504K) NonClass: 26463K(26688K)->26463K(26688K) Class: 8917K(10816K)->8917K(10816K)
[334.482s][info][gc             ] GC(54) Pause Young (Normal) (G1 Evacuation Pause) 6579M->2075M(8192M) 145.011ms
[334.482s][info][gc,cpu         ] GC(54) User=1.14s Sys=0.00s Real=0.14s
...[337.608s][info][gc,start       ] GC(55) Pause Young (Normal) (G1 Evacuation Pause)
[337.608s][info][gc,task        ] GC(55) Using 8 workers of 8 for evacuation
[337.753s][info][gc,phases      ] GC(55)   Pre Evacuate Collection Set: 0.26ms
[337.753s][info][gc,phases      ] GC(55)   Merge Heap Roots: 0.43ms
[337.753s][info][gc,phases      ] GC(55)   Evacuate Collection Set: 143.29ms
[337.753s][info][gc,phases      ] GC(55)   Post Evacuate Collection Set: 1.09ms
[337.753s][info][gc,phases      ] GC(55)   Other: 0.06ms
[337.753s][info][gc,heap        ] GC(55) Eden regions: 570->0(571)
[337.753s][info][gc,heap        ] GC(55) Survivor regions: 44->43(77)
[337.753s][info][gc,heap        ] GC(55) Old regions: 185->192
[337.753s][info][gc,heap        ] GC(55) Humongous regions: 34->34
[337.753s][info][gc,metaspace   ] GC(55) Metaspace: 35381K(37504K)->35381K(37504K) NonClass: 26463K(26688K)->26463K(26688K) Class: 8917K(10816K)->8917K(10816K)
[337.753s][info][gc             ] GC(55) Pause Young (Normal) (G1 Evacuation Pause) 6635M->2124M(8192M) 145.257ms
[337.753s][info][gc,cpu         ] GC(55) User=1.15s Sys=0.00s Real=0.14s
. (rIR:aIR:PR = 11548:11407:11299) (tPR = 172735) [OK] 
   337s:    snapshot, IR =  11548 ...[341.056s][info][gc,start       ] GC(56) Pause Young (Normal) (G1 Evacuation Pause)
[341.056s][info][gc,task        ] GC(56) Using 8 workers of 8 for evacuation
[341.210s][info][gc,phases      ] GC(56)   Pre Evacuate Collection Set: 0.25ms
[341.210s][info][gc,phases      ] GC(56)   Merge Heap Roots: 0.42ms
[341.210s][info][gc,phases      ] GC(56)   Evacuate Collection Set: 151.85ms
[341.210s][info][gc,phases      ] GC(56)   Post Evacuate Collection Set: 1.06ms
[341.210s][info][gc,phases      ] GC(56)   Other: 0.06ms
[341.210s][info][gc,heap        ] GC(56) Eden regions: 571->0(568)
[341.210s][info][gc,heap        ] GC(56) Survivor regions: 43->46(77)
[341.210s][info][gc,heap        ] GC(56) Old regions: 192->200
[341.210s][info][gc,heap        ] GC(56) Humongous regions: 34->34
[341.210s][info][gc,metaspace   ] GC(56) Metaspace: 35383K(37504K)->35383K(37504K) NonClass: 26465K(26688K)->26465K(26688K) Class: 8917K(10816K)->8917K(10816K)
[341.210s][info][gc             ] GC(56) Pause Young (Normal) (G1 Evacuation Pause) 6692M->2204M(8192M) 153.766ms
[341.210s][info][gc,cpu         ] GC(56) User=1.21s Sys=0.00s Real=0.16s
.|..[344.413s][info][gc,start       ] GC(57) Pause Young (Normal) (G1 Evacuation Pause)
[344.413s][info][gc,task        ] GC(57) Using 8 workers of 8 for evacuation
[344.557s][info][gc,phases      ] GC(57)   Pre Evacuate Collection Set: 0.23ms
[344.558s][info][gc,phases      ] GC(57)   Merge Heap Roots: 0.43ms
[344.558s][info][gc,phases      ] GC(57)   Evacuate Collection Set: 142.44ms
[344.558s][info][gc,phases      ] GC(57)   Post Evacuate Collection Set: 1.03ms
[344.558s][info][gc,phases      ] GC(57)   Other: 0.06ms
[344.558s][info][gc,heap        ] GC(57) Eden regions: 568->0(570)
[344.558s][info][gc,heap        ] GC(57) Survivor regions: 46->44(77)
[344.558s][info][gc,heap        ] GC(57) Old regions: 200->207
[344.558s][info][gc,heap        ] GC(57) Humongous regions: 34->34
[344.558s][info][gc,metaspace   ] GC(57) Metaspace: 35383K(37504K)->35383K(37504K) NonClass: 26465K(26688K)->26465K(26688K) Class: 8917K(10816K)->8917K(10816K)
[344.558s][info][gc             ] GC(57) Pause Young (Normal) (G1 Evacuation Pause) 6748M->2246M(8192M) 144.328ms
[344.558s][info][gc,cpu         ] GC(57) User=1.14s Sys=0.00s Real=0.15s
...[347.777s][info][gc,start       ] GC(58) Pause Young (Normal) (G1 Evacuation Pause)
[347.777s][info][gc,task        ] GC(58) Using 8 workers of 8 for evacuation
[347.921s][info][gc,phases      ] GC(58)   Pre Evacuate Collection Set: 0.24ms
[347.922s][info][gc,phases      ] GC(58)   Merge Heap Roots: 0.44ms
[347.922s][info][gc,phases      ] GC(58)   Evacuate Collection Set: 143.15ms
[347.922s][info][gc,phases      ] GC(58)   Post Evacuate Collection Set: 1.00ms
[347.922s][info][gc,phases      ] GC(58)   Other: 0.06ms
[347.922s][info][gc,heap        ] GC(58) Eden regions: 570->0(570)
[347.922s][info][gc,heap        ] GC(58) Survivor regions: 44->44(77)
[347.922s][info][gc,heap        ] GC(58) Old regions: 207->214
[347.922s][info][gc,heap        ] GC(58) Humongous regions: 34->34
[347.922s][info][gc,metaspace   ] GC(58) Metaspace: 35384K(37504K)->35384K(37504K) NonClass: 26466K(26688K)->26466K(26688K) Class: 8917K(10816K)->8917K(10816K)
[347.922s][info][gc             ] GC(58) Pause Young (Normal) (G1 Evacuation Pause) 6806M->2304M(8192M) 145.038ms
[347.922s][info][gc,cpu         ] GC(58) User=1.15s Sys=0.00s Real=0.15s
....[351.194s][info][gc,start       ] GC(59) Pause Young (Normal) (G1 Evacuation Pause)
[351.194s][info][gc,task        ] GC(59) Using 8 workers of 8 for evacuation
[351.337s][info][gc,phases      ] GC(59)   Pre Evacuate Collection Set: 0.28ms
[351.337s][info][gc,phases      ] GC(59)   Merge Heap Roots: 0.53ms
[351.337s][info][gc,phases      ] GC(59)   Evacuate Collection Set: 141.23ms
[351.337s][info][gc,phases      ] GC(59)   Post Evacuate Collection Set: 0.96ms
[351.337s][info][gc,phases      ] GC(59)   Other: 0.07ms
[351.337s][info][gc,heap        ] GC(59) Eden regions: 570->0(572)
[351.337s][info][gc,heap        ] GC(59) Survivor regions: 44->42(77)
[351.337s][info][gc,heap        ] GC(59) Old regions: 214->222
[351.337s][info][gc,heap        ] GC(59) Humongous regions: 34->34
[351.337s][info][gc,metaspace   ] GC(59) Metaspace: 35384K(37504K)->35384K(37504K) NonClass: 26466K(26688K)->26466K(26688K) Class: 8917K(10816K)->8917K(10816K)
[351.337s][info][gc             ] GC(59) Pause Young (Normal) (G1 Evacuation Pause) 6864M->2352M(8192M) 143.203ms
[351.337s][info][gc,cpu         ] GC(59) User=1.13s Sys=0.00s Real=0.15s
...[354.620s][info][gc,start       ] GC(60) Pause Young (Normal) (G1 Evacuation Pause)
[354.620s][info][gc,task        ] GC(60) Using 8 workers of 8 for evacuation
[354.772s][info][gc,phases      ] GC(60)   Pre Evacuate Collection Set: 0.23ms
[354.772s][info][gc,phases      ] GC(60)   Merge Heap Roots: 0.44ms
[354.772s][info][gc,phases      ] GC(60)   Evacuate Collection Set: 150.33ms
[354.772s][info][gc,phases      ] GC(60)   Post Evacuate Collection Set: 0.98ms
[354.772s][info][gc,phases      ] GC(60)   Other: 0.07ms
[354.772s][info][gc,heap        ] GC(60) Eden regions: 572->0(569)
[354.772s][info][gc,heap        ] GC(60) Survivor regions: 42->45(77)
[354.772s][info][gc,heap        ] GC(60) Old regions: 222->229
[354.772s][info][gc,heap        ] GC(60) Humongous regions: 34->34
[354.772s][info][gc,metaspace   ] GC(60) Metaspace: 35390K(37504K)->35390K(37504K) NonClass: 26472K(26688K)->26472K(26688K) Class: 8917K(10816K)->8917K(10816K)
[354.772s][info][gc             ] GC(60) Pause Young (Normal) (G1 Evacuation Pause) 6928M->2432M(8192M) 152.176ms
[354.772s][info][gc,cpu         ] GC(60) User=1.20s Sys=0.00s Real=0.15s
....[357.976s][info][gc,start       ] GC(61) Pause Young (Normal) (G1 Evacuation Pause)
[357.976s][info][gc,task        ] GC(61) Using 8 workers of 8 for evacuation
[358.125s][info][gc,phases      ] GC(61)   Pre Evacuate Collection Set: 0.27ms
[358.125s][info][gc,phases      ] GC(61)   Merge Heap Roots: 0.45ms
[358.125s][info][gc,phases      ] GC(61)   Evacuate Collection Set: 146.42ms
[358.125s][info][gc,phases      ] GC(61)   Post Evacuate Collection Set: 0.97ms
[358.125s][info][gc,phases      ] GC(61)   Other: 0.06ms
[358.125s][info][gc,heap        ] GC(61) Eden regions: 569->0(571)
[358.125s][info][gc,heap        ] GC(61) Survivor regions: 45->43(77)
[358.125s][info][gc,heap        ] GC(61) Old regions: 229->237
[358.125s][info][gc,heap        ] GC(61) Humongous regions: 34->34
[358.125s][info][gc,metaspace   ] GC(61) Metaspace: 35390K(37504K)->35390K(37504K) NonClass: 26472K(26688K)->26472K(26688K) Class: 8917K(10816K)->8917K(10816K)
[358.125s][info][gc             ] GC(61) Pause Young (Normal) (G1 Evacuation Pause) 6984M->2477M(8192M) 148.296ms
[358.125s][info][gc,cpu         ] GC(61) User=1.18s Sys=0.00s Real=0.15s
...[361.395s][info][gc,start       ] GC(62) Pause Young (Normal) (G1 Evacuation Pause)
[361.395s][info][gc,task        ] GC(62) Using 8 workers of 8 for evacuation
[361.541s][info][gc,phases      ] GC(62)   Pre Evacuate Collection Set: 0.27ms
[361.541s][info][gc,phases      ] GC(62)   Merge Heap Roots: 0.45ms
[361.541s][info][gc,phases      ] GC(62)   Evacuate Collection Set: 144.37ms
[361.541s][info][gc,phases      ] GC(62)   Post Evacuate Collection Set: 1.00ms
[361.541s][info][gc,phases      ] GC(62)   Other: 0.07ms
[361.541s][info][gc,heap        ] GC(62) Eden regions: 571->0(571)
[361.541s][info][gc,heap        ] GC(62) Survivor regions: 43->43(77)
[361.541s][info][gc,heap        ] GC(62) Old regions: 237->244
[361.541s][info][gc,heap        ] GC(62) Humongous regions: 34->34
[361.541s][info][gc,metaspace   ] GC(62) Metaspace: 35390K(37504K)->35390K(37504K) NonClass: 26472K(26688K)->26472K(26688K) Class: 8917K(10816K)->8917K(10816K)
[361.541s][info][gc             ] GC(62) Pause Young (Normal) (G1 Evacuation Pause) 7045M->2533M(8192M) 146.287ms
[361.541s][info][gc,cpu         ] GC(62) User=1.16s Sys=0.00s Real=0.15s
...[364.736s][info][gc,start       ] GC(63) Pause Young (Normal) (G1 Evacuation Pause)
[364.736s][info][gc,task        ] GC(63) Using 8 workers of 8 for evacuation
[364.884s][info][gc,phases      ] GC(63)   Pre Evacuate Collection Set: 0.24ms
[364.884s][info][gc,phases      ] GC(63)   Merge Heap Roots: 0.44ms
[364.884s][info][gc,phases      ] GC(63)   Evacuate Collection Set: 146.25ms
[364.884s][info][gc,phases      ] GC(63)   Post Evacuate Collection Set: 1.02ms
[364.884s][info][gc,phases      ] GC(63)   Other: 0.06ms
[364.884s][info][gc,heap        ] GC(63) Eden regions: 571->0(570)
[364.884s][info][gc,heap        ] GC(63) Survivor regions: 43->44(77)
[364.884s][info][gc,heap        ] GC(63) Old regions: 244->251
[364.884s][info][gc,heap        ] GC(63) Humongous regions: 34->34
[364.884s][info][gc,metaspace   ] GC(63) Metaspace: 35390K(37504K)->35390K(37504K) NonClass: 26472K(26688K)->26472K(26688K) Class: 8917K(10816K)->8917K(10816K)
[364.884s][info][gc             ] GC(63) Pause Young (Normal) (G1 Evacuation Pause) 7101M->2593M(8192M) 148.137ms
[364.884s][info][gc,cpu         ] GC(63) User=1.17s Sys=0.00s Real=0.15s
....[368.257s][info][gc,start       ] GC(64) Pause Young (Normal) (G1 Evacuation Pause)
[368.257s][info][gc,task        ] GC(64) Using 8 workers of 8 for evacuation
[368.399s][info][gc,phases      ] GC(64)   Pre Evacuate Collection Set: 0.27ms
[368.399s][info][gc,phases      ] GC(64)   Merge Heap Roots: 0.50ms
[368.399s][info][gc,phases      ] GC(64)   Evacuate Collection Set: 139.87ms
[368.399s][info][gc,phases      ] GC(64)   Post Evacuate Collection Set: 1.01ms
[368.399s][info][gc,phases      ] GC(64)   Other: 0.06ms
[368.399s][info][gc,heap        ] GC(64) Eden regions: 570->0(570)
[368.399s][info][gc,heap        ] GC(64) Survivor regions: 44->44(77)
[368.399s][info][gc,heap        ] GC(64) Old regions: 251->257
[368.399s][info][gc,heap        ] GC(64) Humongous regions: 34->34
[368.399s][info][gc,metaspace   ] GC(64) Metaspace: 35390K(37504K)->35390K(37504K) NonClass: 26472K(26688K)->26472K(26688K) Class: 8917K(10816K)->8917K(10816K)
[368.399s][info][gc             ] GC(64) Pause Young (Normal) (G1 Evacuation Pause) 7153M->2647M(8192M) 141.837ms
[368.399s][info][gc,cpu         ] GC(64) User=1.12s Sys=0.00s Real=0.14s
...[371.678s][info][gc,start       ] GC(65) Pause Young (Normal) (G1 Evacuation Pause)
[371.678s][info][gc,task        ] GC(65) Using 8 workers of 8 for evacuation
[371.829s][info][gc,phases      ] GC(65)   Pre Evacuate Collection Set: 0.24ms
[371.829s][info][gc,phases      ] GC(65)   Merge Heap Roots: 0.46ms
[371.829s][info][gc,phases      ] GC(65)   Evacuate Collection Set: 148.58ms
[371.829s][info][gc,phases      ] GC(65)   Post Evacuate Collection Set: 1.00ms
[371.829s][info][gc,phases      ] GC(65)   Other: 0.06ms
[371.829s][info][gc,heap        ] GC(65) Eden regions: 570->0(569)
[371.829s][info][gc,heap        ] GC(65) Survivor regions: 44->45(77)
[371.829s][info][gc,heap        ] GC(65) Old regions: 257->265
[371.829s][info][gc,heap        ] GC(65) Humongous regions: 34->34
[371.829s][info][gc,metaspace   ] GC(65) Metaspace: 35390K(37504K)->35390K(37504K) NonClass: 26472K(26688K)->26472K(26688K) Class: 8917K(10816K)->8917K(10816K)
[371.829s][info][gc             ] GC(65) Pause Young (Normal) (G1 Evacuation Pause) 7207M->2714M(8192M) 150.470ms
[371.829s][info][gc,cpu         ] GC(65) User=1.19s Sys=0.00s Real=0.15s
. (rIR:aIR:PR = 11548:11526:11496) (tPR = 169917) [OK] 
   371s: Performing snapshot: (quiescence.....) (stop TxI) (stop BE) (saving... [382.145s][info][gc,start       ] GC(66) Pause Young (Concurrent Start) (G1 Humongous Allocation)
[382.145s][info][gc,task        ] GC(66) Using 8 workers of 8 for evacuation
[382.385s][info][gc,mmu         ] GC(66) MMU target violated: 201.0ms (200.0ms/201.0ms)
[382.385s][info][gc,phases      ] GC(66)   Pre Evacuate Collection Set: 0.29ms
[382.385s][info][gc,phases      ] GC(66)   Merge Heap Roots: 1.29ms
[382.385s][info][gc,phases      ] GC(66)   Evacuate Collection Set: 236.63ms
[382.385s][info][gc,phases      ] GC(66)   Post Evacuate Collection Set: 0.81ms
[382.385s][info][gc,phases      ] GC(66)   Other: 0.84ms
[382.385s][info][gc,heap        ] GC(66) Eden regions: 111->0(191)
[382.385s][info][gc,heap        ] GC(66) Survivor regions: 45->51(71)
[382.385s][info][gc,heap        ] GC(66) Old regions: 265->278
[382.385s][info][gc,heap        ] GC(66) Humongous regions: 182->90
[382.385s][info][gc,metaspace   ] GC(66) Metaspace: 35403K(37568K)->35403K(37568K) NonClass: 26486K(26752K)->26486K(26752K) Class: 8917K(10816K)->8917K(10816K)
[382.385s][info][gc             ] GC(66) Pause Young (Concurrent Start) (G1 Humongous Allocation) 4785M->3318M(8192M) 239.986ms
[382.385s][info][gc             ] GC(67) Concurrent Undo Cycle
[382.385s][info][gc,cpu         ] GC(66) User=1.89s Sys=0.00s Real=0.24s
[382.385s][info][gc,marking     ] GC(67) Concurrent Clear Claimed Marks
[382.385s][info][gc,marking     ] GC(67) Concurrent Clear Claimed Marks 0.058ms
[382.385s][info][gc,marking     ] GC(67) Concurrent Cleanup for Next Mark
[382.385s][info][gc,marking     ] GC(67) Concurrent Cleanup for Next Mark 0.263ms
[382.385s][info][gc             ] GC(67) Concurrent Undo Cycle 0.393ms
227987 Kb) (term) [382.417s][info][gc,start       ] GC(68) Pause Full (System.gc())
[382.417s][info][gc,task        ] GC(68) Using 8 workers of 8 for full compaction
[382.417s][info][gc,phases,start] GC(68) Phase 1: Mark live objects
[382.434s][info][gc,phases      ] GC(68) Phase 1: Mark live objects 17.024ms
[382.434s][info][gc,phases,start] GC(68) Phase 2: Prepare compaction
[382.438s][info][gc,phases      ] GC(68) Phase 2: Prepare compaction 4.209ms
[382.438s][info][gc,phases,start] GC(68) Phase 3: Adjust pointers
[382.448s][info][gc,phases      ] GC(68) Phase 3: Adjust pointers 10.029ms
[382.448s][info][gc,phases,start] GC(68) Phase 4: Compact heap
[382.453s][info][gc,phases      ] GC(68) Phase 4: Compact heap 4.122ms
[382.453s][info][gc,phases,start] GC(68) Phase 5: Reset Metadata
[382.456s][info][gc,phases      ] GC(68) Phase 5: Reset Metadata 3.515ms
[382.466s][info][gc,heap        ] GC(68) Eden regions: 1->0(614)
[382.466s][info][gc,heap        ] GC(68) Survivor regions: 51->0(71)
[382.466s][info][gc,heap        ] GC(68) Old regions: 278->12
[382.466s][info][gc,heap        ] GC(68) Humongous regions: 106->33
[382.466s][info][gc,metaspace   ] GC(68) Metaspace: 35403K(37568K)->35403K(37568K) NonClass: 26486K(26752K)->26486K(26752K) Class: 8917K(10816K)->8917K(10816K)
[382.466s][info][gc             ] GC(68) Pause Full (System.gc()) 3447M->333M(8192M) 48.709ms
[382.466s][info][gc,cpu         ] GC(68) User=0.32s Sys=0.00s Real=0.05s
(init) ...
   387s:       rampup IR =      0 ... (rIR:aIR:PR = 0:0:0) (tPR = 0) [OK] 
   390s:       rampup IR =   1155 .... (rIR:aIR:PR = 1155:1132:1132) (tPR = 16649) [OK] 
   394s:       rampup IR =   2310 .[396.885s][info][gc,start       ] GC(69) Pause Young (Normal) (G1 Evacuation Pause)
[396.885s][info][gc,task        ] GC(69) Using 8 workers of 8 for evacuation
[397.604s][info][gc,mmu         ] GC(69) MMU target violated: 201.0ms (200.0ms/201.0ms)
[397.604s][info][gc,phases      ] GC(69)   Pre Evacuate Collection Set: 0.24ms
[397.604s][info][gc,phases      ] GC(69)   Merge Heap Roots: 0.82ms
[397.604s][info][gc,phases      ] GC(69)   Evacuate Collection Set: 716.73ms
[397.604s][info][gc,phases      ] GC(69)   Post Evacuate Collection Set: 1.28ms
[397.604s][info][gc,phases      ] GC(69)   Other: 0.10ms
[397.604s][info][gc,heap        ] GC(69) Eden regions: 614->0(202)
[397.604s][info][gc,heap        ] GC(69) Survivor regions: 0->77(77)
[397.604s][info][gc,heap        ] GC(69) Old regions: 12->87
[397.604s][info][gc,heap        ] GC(69) Humongous regions: 86->81
[397.604s][info][gc,metaspace   ] GC(69) Metaspace: 35531K(37760K)->35531K(37760K) NonClass: 26547K(26816K)->26547K(26816K) Class: 8983K(10944K)->8983K(10944K)
[397.604s][info][gc             ] GC(69) Pause Young (Normal) (G1 Evacuation Pause) 5669M->1929M(8192M) 719.255ms
[397.604s][info][gc,cpu         ] GC(69) User=5.71s Sys=0.00s Real=0.72s
.... (rIR:aIR:PR = 2310:2345:2345) (tPR = 34958) [OK] 
   400s:       rampup IR =   3464 .[402.225s][info][gc,start       ] GC(70) Pause Young (Normal) (G1 Evacuation Pause)
[402.225s][info][gc,task        ] GC(70) Using 8 workers of 8 for evacuation
[402.554s][info][gc,mmu         ] GC(70) MMU target violated: 201.0ms (200.0ms/201.0ms)
[402.555s][info][gc,phases      ] GC(70)   Pre Evacuate Collection Set: 0.26ms
[402.555s][info][gc,phases      ] GC(70)   Merge Heap Roots: 0.61ms
[402.555s][info][gc,phases      ] GC(70)   Evacuate Collection Set: 327.66ms
[402.555s][info][gc,phases      ] GC(70)   Post Evacuate Collection Set: 0.75ms
[402.555s][info][gc,phases      ] GC(70)   Other: 0.09ms
[402.555s][info][gc,heap        ] GC(70) Eden regions: 217->0(174)
[402.555s][info][gc,heap        ] GC(70) Survivor regions: 77->16(37)
[402.555s][info][gc,heap        ] GC(70) Old regions: 87->166
[402.555s][info][gc,heap        ] GC(70) Humongous regions: 81->81
[402.555s][info][gc,metaspace   ] GC(70) Metaspace: 35535K(37760K)->35535K(37760K) NonClass: 26551K(26816K)->26551K(26816K) Class: 8983K(10944K)->8983K(10944K)
[402.555s][info][gc             ] GC(70) Pause Young (Normal) (G1 Evacuation Pause) 3665M->2069M(8192M) 329.461ms
[402.555s][info][gc,cpu         ] GC(70) User=2.61s Sys=0.00s Real=0.33s
.... (rIR:aIR:PR = 3464:3435:3435) (tPR = 52445) [OK] 
   405s:       rampup IR =   4619 [406.170s][info][gc,start       ] GC(71) Pause Young (Normal) (G1 Evacuation Pause)
[406.170s][info][gc,task        ] GC(71) Using 8 workers of 8 for evacuation
[406.244s][info][gc,phases      ] GC(71)   Pre Evacuate Collection Set: 0.26ms
[406.244s][info][gc,phases      ] GC(71)   Merge Heap Roots: 0.44ms
[406.244s][info][gc,phases      ] GC(71)   Evacuate Collection Set: 73.26ms
[406.244s][info][gc,phases      ] GC(71)   Post Evacuate Collection Set: 0.73ms
[406.244s][info][gc,phases      ] GC(71)   Other: 0.06ms
[406.244s][info][gc,heap        ] GC(71) Eden regions: 208->0(177)
[406.244s][info][gc,heap        ] GC(71) Survivor regions: 16->24(28)
[406.244s][info][gc,heap        ] GC(71) Old regions: 166->166
[406.244s][info][gc,heap        ] GC(71) Humongous regions: 81->81
[406.244s][info][gc,metaspace   ] GC(71) Metaspace: 35541K(37760K)->35541K(37760K) NonClass: 26557K(26816K)->26557K(26816K) Class: 8983K(10944K)->8983K(10944K)
[406.244s][info][gc             ] GC(71) Pause Young (Normal) (G1 Evacuation Pause) 3733M->2137M(8192M) 74.876ms
[406.245s][info][gc,cpu         ] GC(71) User=0.58s Sys=0.00s Real=0.07s
...[409.138s][info][gc,start       ] GC(72) Pause Young (Normal) (G1 Evacuation Pause)
[409.138s][info][gc,task        ] GC(72) Using 8 workers of 8 for evacuation
[409.231s][info][gc,phases      ] GC(72)   Pre Evacuate Collection Set: 0.24ms
[409.231s][info][gc,phases      ] GC(72)   Merge Heap Roots: 0.38ms
[409.231s][info][gc,phases      ] GC(72)   Evacuate Collection Set: 91.41ms
[409.231s][info][gc,phases      ] GC(72)   Post Evacuate Collection Set: 0.66ms
[409.231s][info][gc,phases      ] GC(72)   Other: 0.07ms
[409.231s][info][gc,heap        ] GC(72) Eden regions: 204->0(208)
[409.231s][info][gc,heap        ] GC(72) Survivor regions: 24->25(29)
[409.231s][info][gc,heap        ] GC(72) Old regions: 166->175
[409.231s][info][gc,heap        ] GC(72) Humongous regions: 81->81
[409.231s][info][gc,metaspace   ] GC(72) Metaspace: 35541K(37760K)->35541K(37760K) NonClass: 26557K(26816K)->26557K(26816K) Class: 8983K(10944K)->8983K(10944K)
[409.231s][info][gc             ] GC(72) Pause Young (Normal) (G1 Evacuation Pause) 3769M->2216M(8192M) 92.908ms
[409.231s][info][gc,cpu         ] GC(72) User=0.73s Sys=0.00s Real=0.09s
. (rIR:aIR:PR = 4619:4656:4656) (tPR = 67591) [OK] 
   409s:       rampup IR =   5774 ..[412.207s][info][gc,start       ] GC(73) Pause Young (Normal) (G1 Evacuation Pause)
[412.207s][info][gc,task        ] GC(73) Using 8 workers of 8 for evacuation
[412.301s][info][gc,phases      ] GC(73)   Pre Evacuate Collection Set: 0.23ms
[412.301s][info][gc,phases      ] GC(73)   Merge Heap Roots: 0.39ms
[412.301s][info][gc,phases      ] GC(73)   Evacuate Collection Set: 92.84ms
[412.301s][info][gc,phases      ] GC(73)   Post Evacuate Collection Set: 0.67ms
[412.301s][info][gc,phases      ] GC(73)   Other: 0.06ms
[412.301s][info][gc,heap        ] GC(73) Eden regions: 249->0(262)
[412.301s][info][gc,heap        ] GC(73) Survivor regions: 25->26(35)
[412.301s][info][gc,heap        ] GC(73) Old regions: 175->183
[412.301s][info][gc,heap        ] GC(73) Humongous regions: 81->81
[412.301s][info][gc,metaspace   ] GC(73) Metaspace: 35541K(37760K)->35541K(37760K) NonClass: 26557K(26816K)->26557K(26816K) Class: 8983K(10944K)->8983K(10944K)
[412.301s][info][gc             ] GC(73) Pause Young (Normal) (G1 Evacuation Pause) 4208M->2293M(8192M) 94.310ms
[412.301s][info][gc,cpu         ] GC(73) User=0.75s Sys=0.00s Real=0.09s
.. (rIR:aIR:PR = 5774:5767:5766) (tPR = 84668) [OK] 
   413s:       rampup IR =   6929 .[415.501s][info][gc,start       ] GC(74) Pause Young (Normal) (G1 Evacuation Pause)
[415.501s][info][gc,task        ] GC(74) Using 8 workers of 8 for evacuation
[415.604s][info][gc,phases      ] GC(74)   Pre Evacuate Collection Set: 0.26ms
[415.604s][info][gc,phases      ] GC(74)   Merge Heap Roots: 0.40ms
[415.604s][info][gc,phases      ] GC(74)   Evacuate Collection Set: 101.74ms
[415.604s][info][gc,phases      ] GC(74)   Post Evacuate Collection Set: 0.73ms
[415.604s][info][gc,phases      ] GC(74)   Other: 0.06ms
[415.604s][info][gc,heap        ] GC(74) Eden regions: 313->0(336)
[415.604s][info][gc,heap        ] GC(74) Survivor regions: 26->30(43)
[415.604s][info][gc,heap        ] GC(74) Old regions: 183->190
[415.604s][info][gc,heap        ] GC(74) Humongous regions: 81->81
[415.604s][info][gc,metaspace   ] GC(74) Metaspace: 35541K(37760K)->35541K(37760K) NonClass: 26557K(26816K)->26557K(26816K) Class: 8983K(10944K)->8983K(10944K)
[415.604s][info][gc             ] GC(74) Pause Young (Normal) (G1 Evacuation Pause) 4797M->2377M(8192M) 103.337ms
[415.604s][info][gc,cpu         ] GC(74) User=0.81s Sys=0.00s Real=0.10s
... (rIR:aIR:PR = 6929:6916:6916) (tPR = 103091) [OK] 
   417s:       rampup IR =   8084 .[419.001s][info][gc,start       ] GC(75) Pause Young (Normal) (G1 Evacuation Pause)
[419.001s][info][gc,task        ] GC(75) Using 8 workers of 8 for evacuation
[419.117s][info][gc,phases      ] GC(75)   Pre Evacuate Collection Set: 0.25ms
[419.117s][info][gc,phases      ] GC(75)   Merge Heap Roots: 0.38ms
[419.117s][info][gc,phases      ] GC(75)   Evacuate Collection Set: 114.62ms
[419.117s][info][gc,phases      ] GC(75)   Post Evacuate Collection Set: 0.81ms
[419.117s][info][gc,phases      ] GC(75)   Other: 0.06ms
[419.117s][info][gc,heap        ] GC(75) Eden regions: 374->0(376)
[419.117s][info][gc,heap        ] GC(75) Survivor regions: 30->34(51)
[419.117s][info][gc,heap        ] GC(75) Old regions: 190->197
[419.117s][info][gc,heap        ] GC(75) Humongous regions: 81->81
[419.117s][info][gc,metaspace   ] GC(75) Metaspace: 35543K(37760K)->35543K(37760K) NonClass: 26559K(26816K)->26559K(26816K) Class: 8983K(10944K)->8983K(10944K)
[419.117s][info][gc             ] GC(75) Pause Young (Normal) (G1 Evacuation Pause) 5369M->2467M(8192M) 116.253ms
[419.117s][info][gc,cpu         ] GC(75) User=0.92s Sys=0.00s Real=0.12s
... (rIR:aIR:PR = 8084:7964:7954) (tPR = 118597) [OK] 
   421s:       rampup IR =   9238 [422.295s][info][gc,start       ] GC(76) Pause Young (Normal) (G1 Evacuation Pause)
[422.295s][info][gc,task        ] GC(76) Using 8 workers of 8 for evacuation
[422.419s][info][gc,phases      ] GC(76)   Pre Evacuate Collection Set: 0.26ms
[422.419s][info][gc,phases      ] GC(76)   Merge Heap Roots: 0.41ms
[422.419s][info][gc,phases      ] GC(76)   Evacuate Collection Set: 121.92ms
[422.419s][info][gc,phases      ] GC(76)   Post Evacuate Collection Set: 0.81ms
[422.419s][info][gc,phases      ] GC(76)   Other: 0.06ms
[422.419s][info][gc,heap        ] GC(76) Eden regions: 395->0(419)
[422.419s][info][gc,heap        ] GC(76) Survivor regions: 34->36(54)
[422.419s][info][gc,heap        ] GC(76) Old regions: 197->205
[422.419s][info][gc,heap        ] GC(76) Humongous regions: 81->81
[422.419s][info][gc,metaspace   ] GC(76) Metaspace: 35547K(37760K)->35547K(37760K) NonClass: 26564K(26816K)->26564K(26816K) Class: 8983K(10944K)->8983K(10944K)
[422.419s][info][gc             ] GC(76) Pause Young (Normal) (G1 Evacuation Pause) 5627M->2542M(8192M) 123.598ms
[422.419s][info][gc,cpu         ] GC(76) User=0.98s Sys=0.00s Real=0.13s
...[425.520s][info][gc,start       ] GC(77) Pause Young (Normal) (G1 Evacuation Pause)
[425.520s][info][gc,task        ] GC(77) Using 8 workers of 8 for evacuation
[425.648s][info][gc,phases      ] GC(77)   Pre Evacuate Collection Set: 0.26ms
[425.648s][info][gc,phases      ] GC(77)   Merge Heap Roots: 0.40ms
[425.648s][info][gc,phases      ] GC(77)   Evacuate Collection Set: 126.03ms
[425.648s][info][gc,phases      ] GC(77)   Post Evacuate Collection Set: 0.90ms
[425.648s][info][gc,phases      ] GC(77)   Other: 0.06ms
[425.648s][info][gc,heap        ] GC(77) Eden regions: 435->0(480)
[425.648s][info][gc,heap        ] GC(77) Survivor regions: 36->37(59)
[425.648s][info][gc,heap        ] GC(77) Old regions: 205->212
[425.648s][info][gc,heap        ] GC(77) Humongous regions: 81->81
[425.648s][info][gc,metaspace   ] GC(77) Metaspace: 35547K(37760K)->35547K(37760K) NonClass: 26564K(26816K)->26564K(26816K) Class: 8983K(10944K)->8983K(10944K)
[425.648s][info][gc             ] GC(77) Pause Young (Normal) (G1 Evacuation Pause) 6022M->2609M(8192M) 127.777ms
[425.648s][info][gc,cpu         ] GC(77) User=1.01s Sys=0.00s Real=0.13s
. (rIR:aIR:PR = 9238:8994:8914) (tPR = 130811) [OK] 
   425s:       rampup IR =  10393 ...[428.813s][info][gc,start       ] GC(78) Pause Young (Normal) (G1 Evacuation Pause)
[428.813s][info][gc,task        ] GC(78) Using 8 workers of 8 for evacuation
[428.949s][info][gc,phases      ] GC(78)   Pre Evacuate Collection Set: 0.24ms
[428.949s][info][gc,phases      ] GC(78)   Merge Heap Roots: 0.44ms
[428.949s][info][gc,phases      ] GC(78)   Evacuate Collection Set: 134.09ms
[428.949s][info][gc,phases      ] GC(78)   Post Evacuate Collection Set: 0.92ms
[428.949s][info][gc,phases      ] GC(78)   Other: 0.06ms
[428.949s][info][gc,heap        ] GC(78) Eden regions: 492->0(510)
[428.949s][info][gc,heap        ] GC(78) Survivor regions: 37->40(67)
[428.949s][info][gc,heap        ] GC(78) Old regions: 212->219
[428.949s][info][gc,heap        ] GC(78) Humongous regions: 81->81
[428.949s][info][gc,metaspace   ] GC(78) Metaspace: 35547K(37760K)->35547K(37760K) NonClass: 26564K(26816K)->26564K(26816K) Class: 8983K(10944K)->8983K(10944K)
[428.949s][info][gc             ] GC(78) Pause Young (Normal) (G1 Evacuation Pause) 6545M->2692M(8192M) 135.896ms
[428.949s][info][gc,cpu         ] GC(78) User=1.07s Sys=0.01s Real=0.14s
. (rIR:aIR:PR = 10393:10481:10481) (tPR = 153792) [OK] 
   429s:       rampup IR =  11548 ..[431.962s][info][gc,start       ] GC(79) Pause Young (Normal) (G1 Evacuation Pause)
[431.962s][info][gc,task        ] GC(79) Using 8 workers of 8 for evacuation
[432.106s][info][gc,phases      ] GC(79)   Pre Evacuate Collection Set: 0.25ms
[432.106s][info][gc,phases      ] GC(79)   Merge Heap Roots: 0.43ms
[432.106s][info][gc,phases      ] GC(79)   Evacuate Collection Set: 142.43ms
[432.106s][info][gc,phases      ] GC(79)   Post Evacuate Collection Set: 0.98ms
[432.106s][info][gc,phases      ] GC(79)   Other: 0.07ms
[432.106s][info][gc,heap        ] GC(79) Eden regions: 519->0(534)
[432.106s][info][gc,heap        ] GC(79) Survivor regions: 40->43(70)
[432.106s][info][gc,heap        ] GC(79) Old regions: 219->226
[432.106s][info][gc,heap        ] GC(79) Humongous regions: 81->81
[432.106s][info][gc,metaspace   ] GC(79) Metaspace: 35560K(37760K)->35560K(37760K) NonClass: 26576K(26816K)->26576K(26816K) Class: 8983K(10944K)->8983K(10944K)
[432.106s][info][gc             ] GC(79) Pause Young (Normal) (G1 Evacuation Pause) 6844M->2773M(8192M) 144.290ms
[432.106s][info][gc,cpu         ] GC(79) User=1.14s Sys=0.00s Real=0.14s
... (rIR:aIR:PR = 11548:11618:11663) (tPR = 176538) [OK] 
   434s:       trying IR =  11648 [435.215s][info][gc,start       ] GC(80) Pause Young (Normal) (G1 Evacuation Pause)
[435.215s][info][gc,task        ] GC(80) Using 8 workers of 8 for evacuation
[435.358s][info][gc,phases      ] GC(80)   Pre Evacuate Collection Set: 0.23ms
[435.358s][info][gc,phases      ] GC(80)   Merge Heap Roots: 0.44ms
[435.358s][info][gc,phases      ] GC(80)   Evacuate Collection Set: 140.66ms
[435.358s][info][gc,phases      ] GC(80)   Post Evacuate Collection Set: 1.07ms
[435.358s][info][gc,phases      ] GC(80)   Other: 0.06ms
[435.358s][info][gc,heap        ] GC(80) Eden regions: 540->0(572)
[435.358s][info][gc,heap        ] GC(80) Survivor regions: 43->42(73)
[435.358s][info][gc,heap        ] GC(80) Old regions: 226->234
[435.358s][info][gc,heap        ] GC(80) Humongous regions: 81->81
[435.358s][info][gc,metaspace   ] GC(80) Metaspace: 35563K(37760K)->35563K(37760K) NonClass: 26579K(26816K)->26579K(26816K) Class: 8983K(10944K)->8983K(10944K)
[435.358s][info][gc             ] GC(80) Pause Young (Normal) (G1 Evacuation Pause) 7093M->2822M(8192M) 142.586ms
[435.358s][info][gc,cpu         ] GC(80) User=1.13s Sys=0.00s Real=0.15s
...[438.554s][info][gc,start       ] GC(81) Pause Young (Normal) (G1 Evacuation Pause)
[438.554s][info][gc,task        ] GC(81) Using 8 workers of 8 for evacuation
[438.699s][info][gc,phases      ] GC(81)   Pre Evacuate Collection Set: 0.27ms
[438.699s][info][gc,phases      ] GC(81)   Merge Heap Roots: 0.46ms
[438.699s][info][gc,phases      ] GC(81)   Evacuate Collection Set: 142.63ms
[438.699s][info][gc,phases      ] GC(81)   Post Evacuate Collection Set: 1.02ms
[438.699s][info][gc,phases      ] GC(81)   Other: 0.06ms
[438.699s][info][gc,heap        ] GC(81) Eden regions: 572->0(565)
[438.699s][info][gc,heap        ] GC(81) Survivor regions: 42->43(77)
[438.699s][info][gc,heap        ] GC(81) Old regions: 234->240
[438.699s][info][gc,heap        ] GC(81) Humongous regions: 81->81
[438.699s][info][gc,metaspace   ] GC(81) Metaspace: 35563K(37760K)->35563K(37760K) NonClass: 26579K(26816K)->26579K(26816K) Class: 8983K(10944K)->8983K(10944K)
[438.699s][info][gc             ] GC(81) Pause Young (Normal) (G1 Evacuation Pause) 7398M->2883M(8192M) 144.597ms
[438.699s][info][gc,cpu         ] GC(81) User=1.14s Sys=0.00s Real=0.15s
.. (rIR:aIR:PR = 11648:11951:11997) (tPR = 183937) [OK] 
   439s:       trying IR =  11668 ..[441.887s][info][gc,start       ] GC(82) Pause Young (Normal) (G1 Evacuation Pause)
[441.887s][info][gc,task        ] GC(82) Using 8 workers of 8 for evacuation
[442.040s][info][gc,phases      ] GC(82)   Pre Evacuate Collection Set: 0.26ms
[442.040s][info][gc,phases      ] GC(82)   Merge Heap Roots: 0.45ms
[442.040s][info][gc,phases      ] GC(82)   Evacuate Collection Set: 150.65ms
[442.040s][info][gc,phases      ] GC(82)   Post Evacuate Collection Set: 1.01ms
[442.040s][info][gc,phases      ] GC(82)   Other: 0.06ms
[442.040s][info][gc,heap        ] GC(82) Eden regions: 565->0(552)
[442.040s][info][gc,heap        ] GC(82) Survivor regions: 43->46(76)
[442.040s][info][gc,heap        ] GC(82) Old regions: 240->247
[442.040s][info][gc,heap        ] GC(82) Humongous regions: 81->81
[442.040s][info][gc,metaspace   ] GC(82) Metaspace: 35563K(37760K)->35563K(37760K) NonClass: 26579K(26816K)->26579K(26816K) Class: 8983K(10944K)->8983K(10944K)
[442.040s][info][gc             ] GC(82) Pause Young (Normal) (G1 Evacuation Pause) 7403M->2956M(8192M) 152.577ms
[442.040s][info][gc,cpu         ] GC(82) User=1.21s Sys=0.00s Real=0.15s
.. (rIR:aIR:PR = 11668:11730:11730) (tPR = 164638) [OK] 
   443s:       trying IR =  11692 .[445.142s][info][gc,start       ] GC(83) Pause Young (Normal) (G1 Evacuation Pause)
[445.142s][info][gc,task        ] GC(83) Using 8 workers of 8 for evacuation
[445.294s][info][gc,phases      ] GC(83)   Pre Evacuate Collection Set: 0.23ms
[445.294s][info][gc,phases      ] GC(83)   Merge Heap Roots: 0.48ms
[445.294s][info][gc,phases      ] GC(83)   Evacuate Collection Set: 149.92ms
[445.294s][info][gc,phases      ] GC(83)   Post Evacuate Collection Set: 1.09ms
[445.294s][info][gc,phases      ] GC(83)   Other: 0.06ms
[445.294s][info][gc,heap        ] GC(83) Eden regions: 552->0(549)
[445.294s][info][gc,heap        ] GC(83) Survivor regions: 46->44(75)
[445.294s][info][gc,heap        ] GC(83) Old regions: 247->254
[445.294s][info][gc,heap        ] GC(83) Humongous regions: 81->81
[445.294s][info][gc,metaspace   ] GC(83) Metaspace: 35563K(37760K)->35563K(37760K) NonClass: 26579K(26816K)->26579K(26816K) Class: 8983K(10944K)->8983K(10944K)
[445.294s][info][gc             ] GC(83) Pause Young (Normal) (G1 Evacuation Pause) 7372M->3005M(8192M) 151.938ms
[445.294s][info][gc,cpu         ] GC(83) User=1.21s Sys=0.00s Real=0.15s
...[448.419s][info][gc,start       ] GC(84) Pause Young (Normal) (G1 Evacuation Pause)
[448.419s][info][gc,task        ] GC(84) Using 8 workers of 8 for evacuation
[448.567s][info][gc,phases      ] GC(84)   Pre Evacuate Collection Set: 0.24ms
[448.567s][info][gc,phases      ] GC(84)   Merge Heap Roots: 0.46ms
[448.567s][info][gc,phases      ] GC(84)   Evacuate Collection Set: 145.83ms
[448.567s][info][gc,phases      ] GC(84)   Post Evacuate Collection Set: 0.99ms
[448.567s][info][gc,phases      ] GC(84)   Other: 0.06ms
[448.567s][info][gc,heap        ] GC(84) Eden regions: 549->0(541)
[448.567s][info][gc,heap        ] GC(84) Survivor regions: 44->44(75)
[448.567s][info][gc,heap        ] GC(84) Old regions: 254->262
[448.567s][info][gc,heap        ] GC(84) Humongous regions: 81->81
[448.567s][info][gc,metaspace   ] GC(84) Metaspace: 35563K(37760K)->35563K(37760K) NonClass: 26579K(26816K)->26579K(26816K) Class: 8983K(10944K)->8983K(10944K)
[448.567s][info][gc             ] GC(84) Pause Young (Normal) (G1 Evacuation Pause) 7397M->3065M(8192M) 147.711ms
[448.567s][info][gc,cpu         ] GC(84) User=1.17s Sys=0.00s Real=0.14s
...[451.603s][info][gc,start       ] GC(85) Pause Young (Normal) (G1 Evacuation Pause)
[451.603s][info][gc,task        ] GC(85) Using 8 workers of 8 for evacuation
[451.750s][info][gc,phases      ] GC(85)   Pre Evacuate Collection Set: 0.25ms
[451.750s][info][gc,phases      ] GC(85)   Merge Heap Roots: 0.48ms
[451.750s][info][gc,phases      ] GC(85)   Evacuate Collection Set: 145.80ms
[451.750s][info][gc,phases      ] GC(85)   Post Evacuate Collection Set: 0.98ms
[451.750s][info][gc,phases      ] GC(85)   Other: 0.06ms
[451.750s][info][gc,heap        ] GC(85) Eden regions: 541->0(533)
[451.750s][info][gc,heap        ] GC(85) Survivor regions: 44->44(74)
[451.750s][info][gc,heap        ] GC(85) Old regions: 262->270
[451.750s][info][gc,heap        ] GC(85) Humongous regions: 81->81
[451.750s][info][gc,metaspace   ] GC(85) Metaspace: 35563K(37760K)->35563K(37760K) NonClass: 26580K(26816K)->26580K(26816K) Class: 8983K(10944K)->8983K(10944K)
[451.750s][info][gc             ] GC(85) Pause Young (Normal) (G1 Evacuation Pause) 7393M->3122M(8192M) 147.691ms
[451.751s][info][gc,cpu         ] GC(85) User=1.17s Sys=0.00s Real=0.15s
. (rIR:aIR:PR = 11692:11340:11314) (tPR = 165945) [OK] 
   451s:       trying IR =  11721 ..[454.652s][info][gc,start       ] GC(86) Pause Young (Normal) (G1 Evacuation Pause)
[454.652s][info][gc,task        ] GC(86) Using 8 workers of 8 for evacuation
[454.805s][info][gc,phases      ] GC(86)   Pre Evacuate Collection Set: 0.25ms
[454.805s][info][gc,phases      ] GC(86)   Merge Heap Roots: 0.48ms
[454.805s][info][gc,phases      ] GC(86)   Evacuate Collection Set: 151.40ms
[454.805s][info][gc,phases      ] GC(86)   Post Evacuate Collection Set: 1.00ms
[454.805s][info][gc,phases      ] GC(86)   Other: 0.06ms
[454.805s][info][gc,heap        ] GC(86) Eden regions: 533->0(524)
[454.805s][info][gc,heap        ] GC(86) Survivor regions: 44->45(73)
[454.805s][info][gc,heap        ] GC(86) Old regions: 270->277
[454.805s][info][gc,heap        ] GC(86) Humongous regions: 81->81
[454.805s][info][gc,metaspace   ] GC(86) Metaspace: 35563K(37760K)->35563K(37760K) NonClass: 26580K(26816K)->26580K(26816K) Class: 8983K(10944K)->8983K(10944K)
[454.805s][info][gc             ] GC(86) Pause Young (Normal) (G1 Evacuation Pause) 7386M->3190M(8192M) 153.321ms
[454.805s][info][gc,cpu         ] GC(86) User=1.21s Sys=0.00s Real=0.15s
.... (rIR:aIR:PR = 11721:11537:11572) (tPR = 174238) [OK] 
   457s:       trying IR =  11755 [457.828s][info][gc,start       ] GC(87) Pause Young (Normal) (G1 Evacuation Pause)
[457.828s][info][gc,task        ] GC(87) Using 8 workers of 8 for evacuation
[457.973s][info][gc,phases      ] GC(87)   Pre Evacuate Collection Set: 0.28ms
[457.973s][info][gc,phases      ] GC(87)   Merge Heap Roots: 0.48ms
[457.973s][info][gc,phases      ] GC(87)   Evacuate Collection Set: 142.40ms
[457.973s][info][gc,phases      ] GC(87)   Post Evacuate Collection Set: 1.05ms
[457.973s][info][gc,phases      ] GC(87)   Other: 0.06ms
[457.973s][info][gc,heap        ] GC(87) Eden regions: 524->0(520)
[457.973s][info][gc,heap        ] GC(87) Survivor regions: 45->43(72)
[457.973s][info][gc,heap        ] GC(87) Old regions: 277->285
[457.973s][info][gc,heap        ] GC(87) Humongous regions: 81->81
[457.973s][info][gc,metaspace   ] GC(87) Metaspace: 35568K(37760K)->35568K(37760K) NonClass: 26584K(26816K)->26584K(26816K) Class: 8983K(10944K)->8983K(10944K)
[457.973s][info][gc             ] GC(87) Pause Young (Normal) (G1 Evacuation Pause) 7382M->3235M(8192M) 144.390ms
[457.973s][info][gc,cpu         ] GC(87) User=1.14s Sys=0.00s Real=0.14s
...[460.949s][info][gc,start       ] GC(88) Pause Young (Normal) (G1 Evacuation Pause)
[460.949s][info][gc,task        ] GC(88) Using 8 workers of 8 for evacuation
[461.093s][info][gc,phases      ] GC(88)   Pre Evacuate Collection Set: 0.27ms
[461.093s][info][gc,phases      ] GC(88)   Merge Heap Roots: 0.54ms
[461.093s][info][gc,phases      ] GC(88)   Evacuate Collection Set: 141.96ms
[461.093s][info][gc,phases      ] GC(88)   Post Evacuate Collection Set: 1.04ms
[461.093s][info][gc,phases      ] GC(88)   Other: 0.06ms
[461.093s][info][gc,heap        ] GC(88) Eden regions: 520->0(513)
[461.093s][info][gc,heap        ] GC(88) Survivor regions: 43->43(71)
[461.093s][info][gc,heap        ] GC(88) Old regions: 285->292
[461.093s][info][gc,heap        ] GC(88) Humongous regions: 81->81
[461.093s][info][gc,metaspace   ] GC(88) Metaspace: 35568K(37760K)->35568K(37760K) NonClass: 26584K(26816K)->26584K(26816K) Class: 8983K(10944K)->8983K(10944K)
[461.093s][info][gc             ] GC(88) Pause Young (Normal) (G1 Evacuation Pause) 7395M->3297M(8192M) 144.009ms
[461.093s][info][gc,cpu         ] GC(88) User=1.13s Sys=0.00s Real=0.14s
.. (rIR:aIR:PR = 11755:11310:11310) (tPR = 161483) [OK] 
   462s:       trying IR =  11797 .[464.016s][info][gc,start       ] GC(89) Pause Young (Normal) (G1 Evacuation Pause)
[464.016s][info][gc,task        ] GC(89) Using 8 workers of 8 for evacuation
[464.158s][info][gc,phases      ] GC(89)   Pre Evacuate Collection Set: 0.28ms
[464.158s][info][gc,phases      ] GC(89)   Merge Heap Roots: 0.55ms
[464.158s][info][gc,phases      ] GC(89)   Evacuate Collection Set: 140.33ms
[464.158s][info][gc,phases      ] GC(89)   Post Evacuate Collection Set: 0.98ms
[464.158s][info][gc,phases      ] GC(89)   Other: 0.08ms
[464.158s][info][gc,heap        ] GC(89) Eden regions: 513->0(507)
[464.158s][info][gc,heap        ] GC(89) Survivor regions: 43->42(70)
[464.158s][info][gc,heap        ] GC(89) Old regions: 292->300
[464.158s][info][gc,heap        ] GC(89) Humongous regions: 81->81
[464.158s][info][gc,metaspace   ] GC(89) Metaspace: 35568K(37760K)->35568K(37760K) NonClass: 26584K(26816K)->26584K(26816K) Class: 8983K(10944K)->8983K(10944K)
[464.158s][info][gc             ] GC(89) Pause Young (Normal) (G1 Evacuation Pause) 7401M->3352M(8192M) 142.352ms
[464.158s][info][gc,cpu         ] GC(89) User=1.13s Sys=0.01s Real=0.15s
... (rIR:aIR:PR = 11797:11935:11964) (tPR = 176507) [OK] 
   466s:       trying IR =  11847 [466.959s][info][gc,start       ] GC(90) Pause Young (Normal) (G1 Evacuation Pause)
[466.959s][info][gc,task        ] GC(90) Using 8 workers of 8 for evacuation
[467.106s][info][gc,phases      ] GC(90)   Pre Evacuate Collection Set: 0.25ms
[467.106s][info][gc,phases      ] GC(90)   Merge Heap Roots: 0.50ms
[467.106s][info][gc,phases      ] GC(90)   Evacuate Collection Set: 145.03ms
[467.106s][info][gc,phases      ] GC(90)   Post Evacuate Collection Set: 0.97ms
[467.106s][info][gc,phases      ] GC(90)   Other: 0.06ms
[467.106s][info][gc,heap        ] GC(90) Eden regions: 507->0(498)
[467.106s][info][gc,heap        ] GC(90) Survivor regions: 42->43(69)
[467.106s][info][gc,heap        ] GC(90) Old regions: 300->307
[467.106s][info][gc,heap        ] GC(90) Humongous regions: 81->81
[467.106s][info][gc,metaspace   ] GC(90) Metaspace: 35568K(37760K)->35568K(37760K) NonClass: 26584K(26816K)->26584K(26816K) Class: 8983K(10944K)->8983K(10944K)
[467.106s][info][gc             ] GC(90) Pause Young (Normal) (G1 Evacuation Pause) 7408M->3417M(8192M) 146.934ms
[467.106s][info][gc,cpu         ] GC(90) User=1.16s Sys=0.00s Real=0.14s
..[469.819s][info][gc,start       ] GC(91) Pause Young (Normal) (G1 Evacuation Pause)
[469.819s][info][gc,task        ] GC(91) Using 8 workers of 8 for evacuation
[469.969s][info][gc,phases      ] GC(91)   Pre Evacuate Collection Set: 0.25ms
[469.969s][info][gc,phases      ] GC(91)   Merge Heap Roots: 0.49ms
[469.969s][info][gc,phases      ] GC(91)   Evacuate Collection Set: 148.59ms
[469.969s][info][gc,phases      ] GC(91)   Post Evacuate Collection Set: 0.94ms
[469.969s][info][gc,phases      ] GC(91)   Other: 0.06ms
[469.969s][info][gc,heap        ] GC(91) Eden regions: 498->0(492)
[469.969s][info][gc,heap        ] GC(91) Survivor regions: 43->42(68)
[469.969s][info][gc,heap        ] GC(91) Old regions: 307->315
[469.969s][info][gc,heap        ] GC(91) Humongous regions: 81->81
[469.969s][info][gc,metaspace   ] GC(91) Metaspace: 35568K(37760K)->35568K(37760K) NonClass: 26584K(26816K)->26584K(26816K) Class: 8983K(10944K)->8983K(10944K)
[469.969s][info][gc             ] GC(91) Pause Young (Normal) (G1 Evacuation Pause) 7401M->3474M(8192M) 150.460ms
[469.969s][info][gc,cpu         ] GC(91) User=1.19s Sys=0.00s Real=0.15s
...[472.675s][info][gc,start       ] GC(92) Pause Young (Normal) (G1 Evacuation Pause)
[472.675s][info][gc,task        ] GC(92) Using 8 workers of 8 for evacuation
[472.818s][info][gc,phases      ] GC(92)   Pre Evacuate Collection Set: 0.27ms
[472.818s][info][gc,phases      ] GC(92)   Merge Heap Roots: 0.47ms
[472.818s][info][gc,phases      ] GC(92)   Evacuate Collection Set: 141.10ms
[472.818s][info][gc,phases      ] GC(92)   Post Evacuate Collection Set: 0.91ms
[472.818s][info][gc,phases      ] GC(92)   Other: 0.06ms
[472.818s][info][gc,heap        ] GC(92) Eden regions: 492->0(486)
[472.818s][info][gc,heap        ] GC(92) Survivor regions: 42->41(67)
[472.818s][info][gc,heap        ] GC(92) Old regions: 315->323
[472.818s][info][gc,heap        ] GC(92) Humongous regions: 81->81
[472.818s][info][gc,metaspace   ] GC(92) Metaspace: 35568K(37760K)->35568K(37760K) NonClass: 26584K(26816K)->26584K(26816K) Class: 8983K(10944K)->8983K(10944K)
[472.818s][info][gc             ] GC(92) Pause Young (Normal) (G1 Evacuation Pause) 7410M->3529M(8192M) 142.938ms
[472.818s][info][gc,cpu         ] GC(92) User=1.13s Sys=0.00s Real=0.15s
. (rIR:aIR:PR = 11847:11720:11732) (tPR = 176128) [OK] 
   472s:       trying IR =  11906 ..[475.532s][info][gc,start       ] GC(93) Pause Young (Normal) (G1 Evacuation Pause)
[475.532s][info][gc,task        ] GC(93) Using 8 workers of 8 for evacuation
[475.673s][info][gc,phases      ] GC(93)   Pre Evacuate Collection Set: 0.24ms
[475.673s][info][gc,phases      ] GC(93)   Merge Heap Roots: 0.49ms
[475.673s][info][gc,phases      ] GC(93)   Evacuate Collection Set: 139.58ms
[475.673s][info][gc,phases      ] GC(93)   Post Evacuate Collection Set: 0.96ms
[475.673s][info][gc,phases      ] GC(93)   Other: 0.06ms
[475.673s][info][gc,heap        ] GC(93) Eden regions: 486->0(478)
[475.673s][info][gc,heap        ] GC(93) Survivor regions: 41->41(66)
[475.673s][info][gc,heap        ] GC(93) Old regions: 323->331
[475.673s][info][gc,heap        ] GC(93) Humongous regions: 81->81
[475.673s][info][gc,metaspace   ] GC(93) Metaspace: 35571K(37760K)->35571K(37760K) NonClass: 26587K(26816K)->26587K(26816K) Class: 8983K(10944K)->8983K(10944K)
[475.673s][info][gc             ] GC(93) Pause Young (Normal) (G1 Evacuation Pause) 7417M->3588M(8192M) 141.452ms
[475.673s][info][gc,cpu         ] GC(93) User=1.12s Sys=0.00s Real=0.14s
... (rIR:aIR:PR = 11906:12294:12318) (tPR = 180355) [OK] 
   477s:       trying IR =  11978 [478.229s][info][gc,start       ] GC(94) Pause Young (Normal) (G1 Evacuation Pause)
[478.229s][info][gc,task        ] GC(94) Using 8 workers of 8 for evacuation
[478.370s][info][gc,phases      ] GC(94)   Pre Evacuate Collection Set: 0.23ms
[478.370s][info][gc,phases      ] GC(94)   Merge Heap Roots: 0.47ms
[478.370s][info][gc,phases      ] GC(94)   Evacuate Collection Set: 138.75ms
[478.370s][info][gc,phases      ] GC(94)   Post Evacuate Collection Set: 0.95ms
[478.370s][info][gc,phases      ] GC(94)   Other: 0.06ms
[478.370s][info][gc,heap        ] GC(94) Eden regions: 478->0(468)
[478.370s][info][gc,heap        ] GC(94) Survivor regions: 41->42(65)
[478.370s][info][gc,heap        ] GC(94) Old regions: 331->339
[478.370s][info][gc,heap        ] GC(94) Humongous regions: 81->81
[478.370s][info][gc,metaspace   ] GC(94) Metaspace: 35571K(37760K)->35571K(37760K) NonClass: 26587K(26816K)->26587K(26816K) Class: 8983K(10944K)->8983K(10944K)
[478.370s][info][gc             ] GC(94) Pause Young (Normal) (G1 Evacuation Pause) 7412M->3658M(8192M) 140.605ms
[478.370s][info][gc,cpu         ] GC(94) User=1.11s Sys=0.00s Real=0.14s
...[481.071s][info][gc,start       ] GC(95) Pause Young (Normal) (G1 Evacuation Pause)
[481.071s][info][gc,task        ] GC(95) Using 8 workers of 8 for evacuation
[481.211s][info][gc,phases      ] GC(95)   Pre Evacuate Collection Set: 0.27ms
[481.211s][info][gc,phases      ] GC(95)   Merge Heap Roots: 0.48ms
[481.211s][info][gc,phases      ] GC(95)   Evacuate Collection Set: 138.55ms
[481.211s][info][gc,phases      ] GC(95)   Post Evacuate Collection Set: 0.91ms
[481.211s][info][gc,phases      ] GC(95)   Other: 0.07ms
[481.211s][info][gc,heap        ] GC(95) Eden regions: 468->0(462)
[481.211s][info][gc,heap        ] GC(95) Survivor regions: 42->41(64)
[481.211s][info][gc,heap        ] GC(95) Old regions: 339->347
[481.211s][info][gc,heap        ] GC(95) Humongous regions: 81->81
[481.211s][info][gc,metaspace   ] GC(95) Metaspace: 35571K(37760K)->35571K(37760K) NonClass: 26587K(26816K)->26587K(26816K) Class: 8983K(10944K)->8983K(10944K)
[481.211s][info][gc             ] GC(95) Pause Young (Normal) (G1 Evacuation Pause) 7402M->3714M(8192M) 140.400ms
[481.212s][info][gc,cpu         ] GC(95) User=1.11s Sys=0.00s Real=0.14s
..[483.767s][info][gc,start       ] GC(96) Pause Young (Normal) (G1 Evacuation Pause)
[483.767s][info][gc,task        ] GC(96) Using 8 workers of 8 for evacuation
[483.908s][info][gc,phases      ] GC(96)   Pre Evacuate Collection Set: 0.27ms
[483.908s][info][gc,phases      ] GC(96)   Merge Heap Roots: 0.46ms
[483.908s][info][gc,phases      ] GC(96)   Evacuate Collection Set: 139.71ms
[483.908s][info][gc,phases      ] GC(96)   Post Evacuate Collection Set: 0.91ms
[483.908s][info][gc,phases      ] GC(96)   Other: 0.06ms
[483.908s][info][gc,heap        ] GC(96) Eden regions: 462->0(454)
[483.908s][info][gc,heap        ] GC(96) Survivor regions: 41->41(63)
[483.908s][info][gc,heap        ] GC(96) Old regions: 347->355
[483.908s][info][gc,heap        ] GC(96) Humongous regions: 81->81
[483.908s][info][gc,metaspace   ] GC(96) Metaspace: 35572K(37760K)->35572K(37760K) NonClass: 26589K(26816K)->26589K(26816K) Class: 8983K(10944K)->8983K(10944K)
[483.908s][info][gc             ] GC(96) Pause Young (Normal) (G1 Evacuation Pause) 7410M->3784M(8192M) 141.551ms
[483.908s][info][gc,cpu         ] GC(96) User=1.12s Sys=0.00s Real=0.15s
...[486.344s][info][gc,start       ] GC(97) Pause Young (Normal) (G1 Evacuation Pause)
[486.344s][info][gc,task        ] GC(97) Using 8 workers of 8 for evacuation
[486.482s][info][gc,phases      ] GC(97)   Pre Evacuate Collection Set: 0.27ms
[486.483s][info][gc,phases      ] GC(97)   Merge Heap Roots: 0.49ms
[486.483s][info][gc,phases      ] GC(97)   Evacuate Collection Set: 136.95ms
[486.483s][info][gc,phases      ] GC(97)   Post Evacuate Collection Set: 0.90ms
[486.483s][info][gc,phases      ] GC(97)   Other: 0.06ms
[486.483s][info][gc,heap        ] GC(97) Eden regions: 454->0(448)
[486.483s][info][gc,heap        ] GC(97) Survivor regions: 41->40(62)
[486.483s][info][gc,heap        ] GC(97) Old regions: 355->363
[486.483s][info][gc,heap        ] GC(97) Humongous regions: 81->81
[486.483s][info][gc,metaspace   ] GC(97) Metaspace: 35572K(37760K)->35572K(37760K) NonClass: 26589K(26816K)->26589K(26816K) Class: 8983K(10944K)->8983K(10944K)
[486.483s][info][gc             ] GC(97) Pause Young (Normal) (G1 Evacuation Pause) 7416M->3840M(8192M) 138.802ms
[486.483s][info][gc,cpu         ] GC(97) User=1.10s Sys=0.00s Real=0.14s
. (rIR:aIR:PR = 11978:11778:11707) (tPR = 172040) [OK] 
   486s:       trying IR =  12064 .[488.945s][info][gc,start       ] GC(98) Pause Young (Normal) (G1 Evacuation Pause)
[488.945s][info][gc,task        ] GC(98) Using 8 workers of 8 for evacuation
[489.091s][info][gc,phases      ] GC(98)   Pre Evacuate Collection Set: 0.26ms
[489.091s][info][gc,phases      ] GC(98)   Merge Heap Roots: 0.52ms
[489.091s][info][gc,phases      ] GC(98)   Evacuate Collection Set: 144.32ms
[489.091s][info][gc,phases      ] GC(98)   Post Evacuate Collection Set: 0.91ms
[489.091s][info][gc,phases      ] GC(98)   Other: 0.06ms
[489.091s][info][gc,heap        ] GC(98) Eden regions: 448->0(436)
[489.091s][info][gc,heap        ] GC(98) Survivor regions: 40->42(61)
[489.091s][info][gc,heap        ] GC(98) Old regions: 363->371
[489.091s][info][gc,heap        ] GC(98) Humongous regions: 81->81
[489.091s][info][gc,metaspace   ] GC(98) Metaspace: 35572K(37760K)->35572K(37760K) NonClass: 26589K(26816K)->26589K(26816K) Class: 8983K(10944K)->8983K(10944K)
[489.091s][info][gc             ] GC(98) Pause Young (Normal) (G1 Evacuation Pause) 7424M->3921M(8192M) 146.206ms
[489.091s][info][gc,cpu         ] GC(98) User=1.16s Sys=0.00s Real=0.15s
...[491.541s][info][gc,start       ] GC(99) Pause Young (Normal) (G1 Evacuation Pause)
[491.541s][info][gc,task        ] GC(99) Using 8 workers of 8 for evacuation
[491.677s][info][gc,phases      ] GC(99)   Pre Evacuate Collection Set: 0.24ms
[491.677s][info][gc,phases      ] GC(99)   Merge Heap Roots: 0.49ms
[491.677s][info][gc,phases      ] GC(99)   Evacuate Collection Set: 134.51ms
[491.677s][info][gc,phases      ] GC(99)   Post Evacuate Collection Set: 0.90ms
[491.677s][info][gc,phases      ] GC(99)   Other: 0.06ms
[491.677s][info][gc,heap        ] GC(99) Eden regions: 436->0(436)
[491.677s][info][gc,heap        ] GC(99) Survivor regions: 42->38(60)
[491.677s][info][gc,heap        ] GC(99) Old regions: 371->379
[491.677s][info][gc,heap        ] GC(99) Humongous regions: 81->81
[491.677s][info][gc,metaspace   ] GC(99) Metaspace: 35573K(37760K)->35573K(37760K) NonClass: 26589K(26816K)->26589K(26816K) Class: 8983K(10944K)->8983K(10944K)
[491.678s][info][gc             ] GC(99) Pause Young (Normal) (G1 Evacuation Pause) 7409M->3956M(8192M) 136.351ms
[491.678s][info][gc,cpu         ] GC(99) User=1.08s Sys=0.00s Real=0.14s
..[494.074s][info][gc,start       ] GC(100) Pause Young (Normal) (G1 Evacuation Pause)
[494.074s][info][gc,task        ] GC(100) Using 8 workers of 8 for evacuation
[494.207s][info][gc,phases      ] GC(100)   Pre Evacuate Collection Set: 0.26ms
[494.207s][info][gc,phases      ] GC(100)   Merge Heap Roots: 0.49ms
[494.207s][info][gc,phases      ] GC(100)   Evacuate Collection Set: 131.26ms
[494.207s][info][gc,phases      ] GC(100)   Post Evacuate Collection Set: 0.86ms
[494.207s][info][gc,phases      ] GC(100)   Other: 0.06ms
[494.207s][info][gc,heap        ] GC(100) Eden regions: 436->0(428)
[494.207s][info][gc,heap        ] GC(100) Survivor regions: 38->38(60)
[494.207s][info][gc,heap        ] GC(100) Old regions: 379->387
[494.207s][info][gc,heap        ] GC(100) Humongous regions: 81->81
[494.207s][info][gc,metaspace   ] GC(100) Metaspace: 35573K(37760K)->35573K(37760K) NonClass: 26589K(26816K)->26589K(26816K) Class: 8983K(10944K)->8983K(10944K)
[494.207s][info][gc             ] GC(100) Pause Young (Normal) (G1 Evacuation Pause) 7444M->4017M(8192M) 133.070ms
[494.207s][info][gc,cpu         ] GC(100) User=1.05s Sys=0.00s Real=0.13s
...[496.555s][info][gc,start       ] GC(101) Pause Young (Concurrent Start) (G1 Evacuation Pause)
[496.555s][info][gc,task        ] GC(101) Using 8 workers of 8 for evacuation
[496.689s][info][gc,phases      ] GC(101)   Pre Evacuate Collection Set: 0.32ms
[496.689s][info][gc,phases      ] GC(101)   Merge Heap Roots: 0.54ms
[496.689s][info][gc,phases      ] GC(101)   Evacuate Collection Set: 132.15ms
[496.689s][info][gc,phases      ] GC(101)   Post Evacuate Collection Set: 0.85ms
[496.689s][info][gc,phases      ] GC(101)   Other: 0.10ms
[496.689s][info][gc,heap        ] GC(101) Eden regions: 428->0(417)
[496.689s][info][gc,heap        ] GC(101) Survivor regions: 38->39(59)
[496.689s][info][gc,heap        ] GC(101) Old regions: 387->396
[496.689s][info][gc,heap        ] GC(101) Humongous regions: 81->81
[496.689s][info][gc,metaspace   ] GC(101) Metaspace: 35573K(37760K)->35573K(37760K) NonClass: 26589K(26816K)->26589K(26816K) Class: 8983K(10944K)->8983K(10944K)
[496.689s][info][gc             ] GC(101) Pause Young (Concurrent Start) (G1 Evacuation Pause) 7441M->4097M(8192M) 134.076ms
[496.689s][info][gc             ] GC(102) Concurrent Mark Cycle
[496.689s][info][gc,marking     ] GC(102) Concurrent Scan Root Regions
[496.689s][info][gc,cpu         ] GC(101) User=1.05s Sys=0.00s Real=0.14s
[496.912s][info][gc,marking     ] GC(102) Concurrent Scan Root Regions 222.927ms
[496.912s][info][gc,marking     ] GC(102) Concurrent Mark
[496.912s][info][gc,marking     ] GC(102) Concurrent Mark From Roots
[496.912s][info][gc,task        ] GC(102) Using 2 workers of 2 for marking
..[498.535s][info][gc,marking     ] GC(102) Concurrent Mark From Roots 1623.139ms
[498.535s][info][gc,marking     ] GC(102) Concurrent Preclean
[498.536s][info][gc,marking     ] GC(102) Concurrent Preclean 0.280ms
[498.536s][info][gc,start       ] GC(102) Pause Remark
[498.538s][info][gc             ] GC(102) Pause Remark 6175M->4759M(8192M) 2.319ms
[498.538s][info][gc,cpu         ] GC(102) User=0.01s Sys=0.00s Real=0.01s
[498.538s][info][gc,marking     ] GC(102) Concurrent Mark 1626.340ms
[498.539s][info][gc,marking     ] GC(102) Concurrent Rebuild Remembered Sets and Scrub Regions
.[499.406s][info][gc,marking     ] GC(102) Concurrent Rebuild Remembered Sets and Scrub Regions 866.994ms
[499.406s][info][gc,start       ] GC(102) Pause Cleanup
[499.406s][info][gc             ] GC(102) Pause Cleanup 5915M->5915M(8192M) 0.296ms
[499.406s][info][gc,cpu         ] GC(102) User=0.00s Sys=0.00s Real=0.00s
[499.406s][info][gc,marking     ] GC(102) Concurrent Clear Claimed Marks
[499.406s][info][gc,marking     ] GC(102) Concurrent Clear Claimed Marks 0.045ms
[499.406s][info][gc,marking     ] GC(102) Concurrent Cleanup for Next Mark
[499.418s][info][gc,marking     ] GC(102) Concurrent Cleanup for Next Mark 11.481ms
[499.418s][info][gc             ] GC(102) Concurrent Mark Cycle 2728.488ms
[499.477s][info][gc,start       ] GC(103) Pause Young (Prepare Mixed) (G1 Evacuation Pause)
[499.477s][info][gc,task        ] GC(103) Using 8 workers of 8 for evacuation
[499.612s][info][gc,phases      ] GC(103)   Pre Evacuate Collection Set: 0.24ms
[499.612s][info][gc,phases      ] GC(103)   Merge Heap Roots: 0.67ms
[499.612s][info][gc,phases      ] GC(103)   Evacuate Collection Set: 133.06ms
[499.612s][info][gc,phases      ] GC(103)   Post Evacuate Collection Set: 1.04ms
[499.612s][info][gc,phases      ] GC(103)   Other: 0.06ms
[499.612s][info][gc,heap        ] GC(103) Eden regions: 417->0(575)
[499.612s][info][gc,heap        ] GC(103) Survivor regions: 39->39(57)
[499.612s][info][gc,heap        ] GC(103) Old regions: 267->275
[499.612s][info][gc,heap        ] GC(103) Humongous regions: 33->33
[499.612s][info][gc,metaspace   ] GC(103) Metaspace: 35573K(37760K)->35573K(37760K) NonClass: 26589K(26816K)->26589K(26816K) Class: 8983K(10944K)->8983K(10944K)
[499.612s][info][gc             ] GC(103) Pause Young (Prepare Mixed) (G1 Evacuation Pause) 6017M->2745M(8192M) 135.204ms
[499.612s][info][gc,cpu         ] GC(103) User=1.07s Sys=0.00s Real=0.13s
...[502.528s][info][gc,start       ] GC(104) Pause Young (Mixed) (G1 Evacuation Pause)
[502.528s][info][gc,task        ] GC(104) Using 8 workers of 8 for evacuation
[502.674s][info][gc,phases      ] GC(104)   Pre Evacuate Collection Set: 0.27ms
[502.674s][info][gc,phases      ] GC(104)   Merge Heap Roots: 0.60ms
[502.674s][info][gc,phases      ] GC(104)   Evacuate Collection Set: 143.15ms
[502.674s][info][gc,phases      ] GC(104)   Merge Optional Heap Roots: 0.04ms
[502.674s][info][gc,phases      ] GC(104)   Evacuate Optional Collection Set: 0.39ms
[502.674s][info][gc,phases      ] GC(104)   Post Evacuate Collection Set: 1.30ms
[502.674s][info][gc,phases      ] GC(104)   Other: 0.09ms
[502.674s][info][gc,heap        ] GC(104) Eden regions: 575->0(566)
[502.674s][info][gc,heap        ] GC(104) Survivor regions: 39->48(77)
[502.674s][info][gc,heap        ] GC(104) Old regions: 275->234
[502.674s][info][gc,heap        ] GC(104) Humongous regions: 33->33
[502.674s][info][gc,metaspace   ] GC(104) Metaspace: 35573K(37760K)->35573K(37760K) NonClass: 26589K(26816K)->26589K(26816K) Class: 8983K(10944K)->8983K(10944K)
[502.674s][info][gc             ] GC(104) Pause Young (Mixed) (G1 Evacuation Pause) 7345M->2488M(8192M) 145.983ms
[502.674s][info][gc,cpu         ] GC(104) User=1.15s Sys=0.00s Real=0.14s
...[505.490s][info][gc,start       ] GC(105) Pause Young (Mixed) (G1 Evacuation Pause)
[505.490s][info][gc,task        ] GC(105) Using 8 workers of 8 for evacuation
[505.649s][info][gc,phases      ] GC(105)   Pre Evacuate Collection Set: 0.28ms
[505.649s][info][gc,phases      ] GC(105)   Merge Heap Roots: 0.70ms
[505.649s][info][gc,phases      ] GC(105)   Evacuate Collection Set: 156.02ms
[505.649s][info][gc,phases      ] GC(105)   Merge Optional Heap Roots: 0.06ms
[505.649s][info][gc,phases      ] GC(105)   Evacuate Optional Collection Set: 0.38ms
[505.649s][info][gc,phases      ] GC(105)   Post Evacuate Collection Set: 1.28ms
[505.649s][info][gc,phases      ] GC(105)   Other: 0.08ms
[505.649s][info][gc,heap        ] GC(105) Eden regions: 566->0(569)
[505.649s][info][gc,heap        ] GC(105) Survivor regions: 48->45(77)
[505.649s][info][gc,heap        ] GC(105) Old regions: 234->215
[505.649s][info][gc,heap        ] GC(105) Humongous regions: 33->33
[505.649s][info][gc,metaspace   ] GC(105) Metaspace: 35573K(37760K)->35573K(37760K) NonClass: 26589K(26816K)->26589K(26816K) Class: 8983K(10944K)->8983K(10944K)
[505.649s][info][gc             ] GC(105) Pause Young (Mixed) (G1 Evacuation Pause) 7016M->2310M(8192M) 158.941ms
[505.649s][info][gc,cpu         ] GC(105) User=1.25s Sys=0.00s Real=0.16s
. (rIR:aIR:PR = 12064:11890:11728) (tPR = 176172) [OK] 
   506s:       trying IR =  12167 ..[508.566s][info][gc,start       ] GC(106) Pause Young (Mixed) (G1 Evacuation Pause)
[508.566s][info][gc,task        ] GC(106) Using 8 workers of 8 for evacuation
[508.735s][info][gc,phases      ] GC(106)   Pre Evacuate Collection Set: 0.29ms
[508.735s][info][gc,phases      ] GC(106)   Merge Heap Roots: 0.79ms
[508.735s][info][gc,phases      ] GC(106)   Evacuate Collection Set: 162.22ms
[508.735s][info][gc,phases      ] GC(106)   Merge Optional Heap Roots: 0.19ms
[508.735s][info][gc,phases      ] GC(106)   Evacuate Optional Collection Set: 4.49ms
[508.735s][info][gc,phases      ] GC(106)   Post Evacuate Collection Set: 1.26ms
[508.735s][info][gc,phases      ] GC(106)   Other: 0.08ms
[508.735s][info][gc,heap        ] GC(106) Eden regions: 569->0(109)
[508.735s][info][gc,heap        ] GC(106) Survivor regions: 45->45(77)
[508.735s][info][gc,heap        ] GC(106) Old regions: 215->173
[508.735s][info][gc,heap        ] GC(106) Humongous regions: 33->33
[508.735s][info][gc,metaspace   ] GC(106) Metaspace: 35573K(37760K)->35573K(37760K) NonClass: 26589K(26816K)->26589K(26816K) Class: 8983K(10944K)->8983K(10944K)
[508.735s][info][gc             ] GC(106) Pause Young (Mixed) (G1 Evacuation Pause) 6862M->1979M(8192M) 169.475ms
[508.735s][info][gc,cpu         ] GC(106) User=1.34s Sys=0.00s Real=0.17s
.[509.536s][info][gc,start       ] GC(107) Pause Young (Mixed) (G1 Evacuation Pause)
[509.536s][info][gc,task        ] GC(107) Using 8 workers of 8 for evacuation
[509.675s][info][gc,phases      ] GC(107)   Pre Evacuate Collection Set: 0.22ms
[509.675s][info][gc,phases      ] GC(107)   Merge Heap Roots: 0.69ms
[509.675s][info][gc,phases      ] GC(107)   Evacuate Collection Set: 136.79ms
[509.675s][info][gc,phases      ] GC(107)   Post Evacuate Collection Set: 0.59ms
[509.675s][info][gc,phases      ] GC(107)   Other: 0.06ms
[509.675s][info][gc,heap        ] GC(107) Eden regions: 164->0(599)
[509.675s][info][gc,heap        ] GC(107) Survivor regions: 45->15(27)
[509.675s][info][gc,heap        ] GC(107) Old regions: 173->189
[509.675s][info][gc,heap        ] GC(107) Humongous regions: 33->33
[509.675s][info][gc,metaspace   ] GC(107) Metaspace: 35573K(37760K)->35573K(37760K) NonClass: 26589K(26816K)->26589K(26816K) Class: 8983K(10944K)->8983K(10944K)
[509.675s][info][gc             ] GC(107) Pause Young (Mixed) (G1 Evacuation Pause) 3291M->1869M(8192M) 138.472ms
[509.675s][info][gc,cpu         ] GC(107) User=1.10s Sys=0.00s Real=0.14s
.. (rIR:aIR:PR = 12167:12507:12660) (tPR = 186109) [OK] 
   511s:       trying IR =  12291 .[512.860s][info][gc,start       ] GC(108) Pause Young (Mixed) (G1 Evacuation Pause)
[512.860s][info][gc,task        ] GC(108) Using 8 workers of 8 for evacuation
[512.976s][info][gc,phases      ] GC(108)   Pre Evacuate Collection Set: 0.26ms
[512.976s][info][gc,phases      ] GC(108)   Merge Heap Roots: 0.55ms
[512.976s][info][gc,phases      ] GC(108)   Evacuate Collection Set: 114.46ms
[512.976s][info][gc,phases      ] GC(108)   Post Evacuate Collection Set: 0.99ms
[512.976s][info][gc,phases      ] GC(108)   Other: 0.07ms
[512.976s][info][gc,heap        ] GC(108) Eden regions: 599->0(577)
[512.976s][info][gc,heap        ] GC(108) Survivor regions: 15->37(77)
[512.976s][info][gc,heap        ] GC(108) Old regions: 189->187
[512.976s][info][gc,heap        ] GC(108) Humongous regions: 33->33
[512.976s][info][gc,metaspace   ] GC(108) Metaspace: 35573K(37760K)->35573K(37760K) NonClass: 26589K(26816K)->26589K(26816K) Class: 8983K(10944K)->8983K(10944K)
[512.976s][info][gc             ] GC(108) Pause Young (Mixed) (G1 Evacuation Pause) 6661M->2025M(8192M) 116.457ms
[512.976s][info][gc,cpu         ] GC(108) User=0.92s Sys=0.00s Real=0.11s
...[515.963s][info][gc,start       ] GC(109) Pause Young (Normal) (G1 Evacuation Pause)
[515.964s][info][gc,task        ] GC(109) Using 8 workers of 8 for evacuation
[516.101s][info][gc,phases      ] GC(109)   Pre Evacuate Collection Set: 0.26ms
[516.101s][info][gc,phases      ] GC(109)   Merge Heap Roots: 0.50ms
[516.101s][info][gc,phases      ] GC(109)   Evacuate Collection Set: 135.76ms
[516.101s][info][gc,phases      ] GC(109)   Post Evacuate Collection Set: 1.08ms
[516.101s][info][gc,phases      ] GC(109)   Other: 0.06ms
[516.101s][info][gc,heap        ] GC(109) Eden regions: 577->0(568)
[516.101s][info][gc,heap        ] GC(109) Survivor regions: 37->46(77)
[516.101s][info][gc,heap        ] GC(109) Old regions: 187->187
[516.101s][info][gc,heap        ] GC(109) Humongous regions: 33->33
[516.101s][info][gc,metaspace   ] GC(109) Metaspace: 35574K(37760K)->35574K(37760K) NonClass: 26590K(26816K)->26590K(26816K) Class: 8983K(10944K)->8983K(10944K)
[516.101s][info][gc             ] GC(109) Pause Young (Normal) (G1 Evacuation Pause) 6641M->2101M(8192M) 137.799ms
[516.101s][info][gc,cpu         ] GC(109) User=1.09s Sys=0.00s Real=0.14s
.. (rIR:aIR:PR = 12291:12455:12361) (tPR = 185356) [OK] 
   517s:       trying IR =  12440 .[519.099s][info][gc,start       ] GC(110) Pause Young (Normal) (G1 Evacuation Pause)
[519.099s][info][gc,task        ] GC(110) Using 8 workers of 8 for evacuation
[519.253s][info][gc,phases      ] GC(110)   Pre Evacuate Collection Set: 0.25ms
[519.253s][info][gc,phases      ] GC(110)   Merge Heap Roots: 0.50ms
[519.253s][info][gc,phases      ] GC(110)   Evacuate Collection Set: 151.94ms
[519.253s][info][gc,phases      ] GC(110)   Post Evacuate Collection Set: 1.03ms
[519.253s][info][gc,phases      ] GC(110)   Other: 0.06ms
[519.253s][info][gc,heap        ] GC(110) Eden regions: 568->0(570)
[519.253s][info][gc,heap        ] GC(110) Survivor regions: 46->44(77)
[519.253s][info][gc,heap        ] GC(110) Old regions: 187->196
[519.253s][info][gc,heap        ] GC(110) Humongous regions: 33->33
[519.253s][info][gc,metaspace   ] GC(110) Metaspace: 35574K(37760K)->35574K(37760K) NonClass: 26590K(26816K)->26590K(26816K) Class: 8983K(10944K)->8983K(10944K)
[519.253s][info][gc             ] GC(110) Pause Young (Normal) (G1 Evacuation Pause) 6645M->2151M(8192M) 153.908ms
[519.253s][info][gc,cpu         ] GC(110) User=1.22s Sys=0.00s Real=0.15s
...[522.245s][info][gc,start       ] GC(111) Pause Young (Normal) (G1 Evacuation Pause)
[522.245s][info][gc,task        ] GC(111) Using 8 workers of 8 for evacuation
[522.388s][info][gc,phases      ] GC(111)   Pre Evacuate Collection Set: 0.24ms
[522.388s][info][gc,phases      ] GC(111)   Merge Heap Roots: 0.50ms
[522.388s][info][gc,phases      ] GC(111)   Evacuate Collection Set: 141.00ms
[522.388s][info][gc,phases      ] GC(111)   Post Evacuate Collection Set: 1.02ms
[522.388s][info][gc,phases      ] GC(111)   Other: 0.06ms
[522.388s][info][gc,heap        ] GC(111) Eden regions: 570->0(571)
[522.388s][info][gc,heap        ] GC(111) Survivor regions: 44->43(77)
[522.388s][info][gc,heap        ] GC(111) Old regions: 196->203
[522.388s][info][gc,heap        ] GC(111) Humongous regions: 33->33
[522.388s][info][gc,metaspace   ] GC(111) Metaspace: 35574K(37760K)->35574K(37760K) NonClass: 26590K(26816K)->26590K(26816K) Class: 8983K(10944K)->8983K(10944K)
[522.388s][info][gc             ] GC(111) Pause Young (Normal) (G1 Evacuation Pause) 6711M->2195M(8192M) 142.943ms
[522.388s][info][gc,cpu         ] GC(111) User=1.14s Sys=0.00s Real=0.15s
. (rIR:aIR:PR = 12440:12013:12001) (tPR = 188100) [OK] 
   522s:       trying IR =  12618 ...[525.505s][info][gc,start       ] GC(112) Pause Young (Normal) (G1 Evacuation Pause)
[525.505s][info][gc,task        ] GC(112) Using 8 workers of 8 for evacuation
[525.649s][info][gc,phases      ] GC(112)   Pre Evacuate Collection Set: 0.27ms
[525.649s][info][gc,phases      ] GC(112)   Merge Heap Roots: 0.51ms
[525.649s][info][gc,phases      ] GC(112)   Evacuate Collection Set: 142.18ms
[525.649s][info][gc,phases      ] GC(112)   Post Evacuate Collection Set: 1.07ms
[525.649s][info][gc,phases      ] GC(112)   Other: 0.06ms
[525.649s][info][gc,heap        ] GC(112) Eden regions: 571->0(571)
[525.649s][info][gc,heap        ] GC(112) Survivor regions: 43->43(77)
[525.649s][info][gc,heap        ] GC(112) Old regions: 203->210
[525.649s][info][gc,heap        ] GC(112) Humongous regions: 33->33
[525.649s][info][gc,metaspace   ] GC(112) Metaspace: 35578K(37760K)->35578K(37760K) NonClass: 26594K(26816K)->26594K(26816K) Class: 8983K(10944K)->8983K(10944K)
[525.649s][info][gc             ] GC(112) Pause Young (Normal) (G1 Evacuation Pause) 6763M->2257M(8192M) 144.230ms
[525.649s][info][gc,cpu         ] GC(112) User=1.14s Sys=0.00s Real=0.15s
.. (rIR:aIR:PR = 12618:12618:12618) (tPR = 184014) [OK] 
   527s:       trying IR =  12832 .[528.651s][info][gc,start       ] GC(113) Pause Young (Normal) (G1 Evacuation Pause)
[528.651s][info][gc,task        ] GC(113) Using 8 workers of 8 for evacuation
[528.801s][info][gc,phases      ] GC(113)   Pre Evacuate Collection Set: 0.24ms
[528.802s][info][gc,phases      ] GC(113)   Merge Heap Roots: 0.51ms
[528.802s][info][gc,phases      ] GC(113)   Evacuate Collection Set: 148.22ms
[528.802s][info][gc,phases      ] GC(113)   Post Evacuate Collection Set: 1.08ms
[528.802s][info][gc,phases      ] GC(113)   Other: 0.07ms
[528.802s][info][gc,heap        ] GC(113) Eden regions: 571->0(569)
[528.802s][info][gc,heap        ] GC(113) Survivor regions: 43->45(77)
[528.802s][info][gc,heap        ] GC(113) Old regions: 210->217
[528.802s][info][gc,heap        ] GC(113) Humongous regions: 33->33
[528.802s][info][gc,metaspace   ] GC(113) Metaspace: 35578K(37760K)->35578K(37760K) NonClass: 26594K(26816K)->26594K(26816K) Class: 8983K(10944K)->8983K(10944K)
[528.802s][info][gc             ] GC(113) Pause Young (Normal) (G1 Evacuation Pause) 6825M->2329M(8192M) 150.250ms
[528.802s][info][gc,cpu         ] GC(113) User=1.18s Sys=0.00s Real=0.15s
... (rIR:aIR:PR = 12832:12686:12686) (tPR = 184844) [OK] 
   531s:       trying IR =  13089 [531.771s][info][gc,start       ] GC(114) Pause Young (Normal) (G1 Evacuation Pause)
[531.771s][info][gc,task        ] GC(114) Using 8 workers of 8 for evacuation
[531.919s][info][gc,phases      ] GC(114)   Pre Evacuate Collection Set: 0.23ms
[531.919s][info][gc,phases      ] GC(114)   Merge Heap Roots: 0.50ms
[531.919s][info][gc,phases      ] GC(114)   Evacuate Collection Set: 146.31ms
[531.919s][info][gc,phases      ] GC(114)   Post Evacuate Collection Set: 1.07ms
[531.919s][info][gc,phases      ] GC(114)   Other: 0.06ms
[531.919s][info][gc,heap        ] GC(114) Eden regions: 569->0(570)
[531.919s][info][gc,heap        ] GC(114) Survivor regions: 45->44(77)
[531.919s][info][gc,heap        ] GC(114) Old regions: 217->224
[531.919s][info][gc,heap        ] GC(114) Humongous regions: 33->33
[531.919s][info][gc,metaspace   ] GC(114) Metaspace: 35578K(37760K)->35578K(37760K) NonClass: 26594K(26816K)->26594K(26816K) Class: 8983K(10944K)->8983K(10944K)
[531.919s][info][gc             ] GC(114) Pause Young (Normal) (G1 Evacuation Pause) 6881M->2377M(8192M) 148.287ms
[531.919s][info][gc,cpu         ] GC(114) User=1.17s Sys=0.01s Real=0.15s
...[534.803s][info][gc,start       ] GC(115) Pause Young (Normal) (G1 Evacuation Pause)
[534.803s][info][gc,task        ] GC(115) Using 8 workers of 8 for evacuation
[534.956s][info][gc,phases      ] GC(115)   Pre Evacuate Collection Set: 0.24ms
[534.956s][info][gc,phases      ] GC(115)   Merge Heap Roots: 0.50ms
[534.956s][info][gc,phases      ] GC(115)   Evacuate Collection Set: 150.81ms
[534.956s][info][gc,phases      ] GC(115)   Post Evacuate Collection Set: 1.02ms
[534.956s][info][gc,phases      ] GC(115)   Other: 0.07ms
[534.956s][info][gc,heap        ] GC(115) Eden regions: 570->0(568)
[534.956s][info][gc,heap        ] GC(115) Survivor regions: 44->46(77)
[534.956s][info][gc,heap        ] GC(115) Old regions: 224->231
[534.956s][info][gc,heap        ] GC(115) Humongous regions: 33->33
[534.956s][info][gc,metaspace   ] GC(115) Metaspace: 35578K(37760K)->35578K(37760K) NonClass: 26594K(26816K)->26594K(26816K) Class: 8983K(10944K)->8983K(10944K)
[534.956s][info][gc             ] GC(115) Pause Young (Normal) (G1 Evacuation Pause) 6937M->2448M(8192M) 152.774ms
[534.956s][info][gc,cpu         ] GC(115) User=1.21s Sys=0.00s Real=0.15s
.. (rIR:aIR:PR = 13089:13080:13028) (tPR = 192770) [OK] 
   536s:       trying IR =  13397 .[537.854s][info][gc,start       ] GC(116) Pause Young (Normal) (G1 Evacuation Pause)
[537.854s][info][gc,task        ] GC(116) Using 8 workers of 8 for evacuation
[538.002s][info][gc,phases      ] GC(116)   Pre Evacuate Collection Set: 0.25ms
[538.002s][info][gc,phases      ] GC(116)   Merge Heap Roots: 0.52ms
[538.002s][info][gc,phases      ] GC(116)   Evacuate Collection Set: 145.76ms
[538.002s][info][gc,phases      ] GC(116)   Post Evacuate Collection Set: 1.00ms
[538.002s][info][gc,phases      ] GC(116)   Other: 0.07ms
[538.002s][info][gc,heap        ] GC(116) Eden regions: 568->0(570)
[538.002s][info][gc,heap        ] GC(116) Survivor regions: 46->44(77)
[538.002s][info][gc,heap        ] GC(116) Old regions: 231->238
[538.002s][info][gc,heap        ] GC(116) Humongous regions: 33->33
[538.002s][info][gc,metaspace   ] GC(116) Metaspace: 35578K(37760K)->35578K(37760K) NonClass: 26594K(26816K)->26594K(26816K) Class: 8983K(10944K)->8983K(10944K)
[538.002s][info][gc             ] GC(116) Pause Young (Normal) (G1 Evacuation Pause) 6992M->2489M(8192M) 147.729ms
[538.002s][info][gc,cpu         ] GC(116) User=1.16s Sys=0.00s Real=0.15s
...[540.912s][info][gc,start       ] GC(117) Pause Young (Normal) (G1 Evacuation Pause)
[540.912s][info][gc,task        ] GC(117) Using 8 workers of 8 for evacuation
[541.061s][info][gc,phases      ] GC(117)   Pre Evacuate Collection Set: 0.25ms
[541.061s][info][gc,phases      ] GC(117)   Merge Heap Roots: 0.51ms
[541.061s][info][gc,phases      ] GC(117)   Evacuate Collection Set: 146.93ms
[541.061s][info][gc,phases      ] GC(117)   Post Evacuate Collection Set: 1.00ms
[541.061s][info][gc,phases      ] GC(117)   Other: 0.07ms
[541.061s][info][gc,heap        ] GC(117) Eden regions: 570->0(569)
[541.061s][info][gc,heap        ] GC(117) Survivor regions: 44->45(77)
[541.061s][info][gc,heap        ] GC(117) Old regions: 238->245
[541.061s][info][gc,heap        ] GC(117) Humongous regions: 33->33
[541.061s][info][gc,metaspace   ] GC(117) Metaspace: 35578K(37760K)->35578K(37760K) NonClass: 26594K(26816K)->26594K(26816K) Class: 8983K(10944K)->8983K(10944K)
[541.061s][info][gc             ] GC(117) Pause Young (Normal) (G1 Evacuation Pause) 7049M->2556M(8192M) 148.891ms
[541.061s][info][gc,cpu         ] GC(117) User=1.18s Sys=0.00s Real=0.15s
...[543.976s][info][gc,start       ] GC(118) Pause Young (Normal) (G1 Evacuation Pause)
[543.977s][info][gc,task        ] GC(118) Using 8 workers of 8 for evacuation
[544.130s][info][gc,phases      ] GC(118)   Pre Evacuate Collection Set: 0.23ms
[544.130s][info][gc,phases      ] GC(118)   Merge Heap Roots: 0.51ms
[544.130s][info][gc,phases      ] GC(118)   Evacuate Collection Set: 151.18ms
[544.130s][info][gc,phases      ] GC(118)   Post Evacuate Collection Set: 1.03ms
[544.130s][info][gc,phases      ] GC(118)   Other: 0.06ms
[544.130s][info][gc,heap        ] GC(118) Eden regions: 569->0(568)
[544.130s][info][gc,heap        ] GC(118) Survivor regions: 45->46(77)
[544.130s][info][gc,heap        ] GC(118) Old regions: 245->252
[544.130s][info][gc,heap        ] GC(118) Humongous regions: 33->33
[544.130s][info][gc,metaspace   ] GC(118) Metaspace: 35578K(37760K)->35578K(37760K) NonClass: 26594K(26816K)->26594K(26816K) Class: 8983K(10944K)->8983K(10944K)
[544.130s][info][gc             ] GC(118) Pause Young (Normal) (G1 Evacuation Pause) 7108M->2616M(8192M) 153.145ms
[544.130s][info][gc,cpu         ] GC(118) User=1.21s Sys=0.00s Real=0.16s
...[546.990s][info][gc,start       ] GC(119) Pause Young (Normal) (G1 Evacuation Pause)
[546.990s][info][gc,task        ] GC(119) Using 8 workers of 8 for evacuation
[547.139s][info][gc,phases      ] GC(119)   Pre Evacuate Collection Set: 0.26ms
[547.139s][info][gc,phases      ] GC(119)   Merge Heap Roots: 0.51ms
[547.139s][info][gc,phases      ] GC(119)   Evacuate Collection Set: 146.34ms
[547.139s][info][gc,phases      ] GC(119)   Post Evacuate Collection Set: 1.04ms
[547.139s][info][gc,phases      ] GC(119)   Other: 0.06ms
[547.139s][info][gc,heap        ] GC(119) Eden regions: 568->0(570)
[547.139s][info][gc,heap        ] GC(119) Survivor regions: 46->44(77)
[547.139s][info][gc,heap        ] GC(119) Old regions: 252->259
[547.139s][info][gc,heap        ] GC(119) Humongous regions: 33->33
[547.139s][info][gc,metaspace   ] GC(119) Metaspace: 35578K(37760K)->35578K(37760K) NonClass: 26594K(26816K)->26594K(26816K) Class: 8983K(10944K)->8983K(10944K)
[547.139s][info][gc             ] GC(119) Pause Young (Normal) (G1 Evacuation Pause) 7160M->2655M(8192M) 148.353ms
[547.139s][info][gc,cpu         ] GC(119) User=1.17s Sys=0.00s Real=0.15s
...[550.016s][info][gc,start       ] GC(120) Pause Young (Normal) (G1 Evacuation Pause)
[550.016s][info][gc,task        ] GC(120) Using 8 workers of 8 for evacuation
[550.171s][info][gc,phases      ] GC(120)   Pre Evacuate Collection Set: 0.23ms
[550.171s][info][gc,phases      ] GC(120)   Merge Heap Roots: 0.52ms
[550.171s][info][gc,phases      ] GC(120)   Evacuate Collection Set: 153.34ms
[550.171s][info][gc,phases      ] GC(120)   Post Evacuate Collection Set: 1.07ms
[550.171s][info][gc,phases      ] GC(120)   Other: 0.06ms
[550.171s][info][gc,heap        ] GC(120) Eden regions: 570->0(568)
[550.171s][info][gc,heap        ] GC(120) Survivor regions: 44->46(77)
[550.171s][info][gc,heap        ] GC(120) Old regions: 259->266
[550.171s][info][gc,heap        ] GC(120) Humongous regions: 33->33
[550.171s][info][gc,metaspace   ] GC(120) Metaspace: 35579K(37760K)->35579K(37760K) NonClass: 26595K(26816K)->26595K(26816K) Class: 8983K(10944K)->8983K(10944K)
[550.171s][info][gc             ] GC(120) Pause Young (Normal) (G1 Evacuation Pause) 7215M->2727M(8192M) 155.354ms
[550.171s][info][gc,cpu         ] GC(120) User=1.23s Sys=0.01s Real=0.16s
...[553.049s][info][gc,start       ] GC(121) Pause Young (Normal) (G1 Evacuation Pause)
[553.049s][info][gc,task        ] GC(121) Using 8 workers of 8 for evacuation
[553.196s][info][gc,phases      ] GC(121)   Pre Evacuate Collection Set: 0.22ms
[553.196s][info][gc,phases      ] GC(121)   Merge Heap Roots: 0.51ms
[553.196s][info][gc,phases      ] GC(121)   Evacuate Collection Set: 145.83ms
[553.196s][info][gc,phases      ] GC(121)   Post Evacuate Collection Set: 1.02ms
[553.196s][info][gc,phases      ] GC(121)   Other: 0.06ms
[553.196s][info][gc,heap        ] GC(121) Eden regions: 568->0(570)
[553.196s][info][gc,heap        ] GC(121) Survivor regions: 46->44(77)
[553.196s][info][gc,heap        ] GC(121) Old regions: 266->273
[553.196s][info][gc,heap        ] GC(121) Humongous regions: 33->33
[553.196s][info][gc,metaspace   ] GC(121) Metaspace: 35579K(37760K)->35579K(37760K) NonClass: 26595K(26816K)->26595K(26816K) Class: 8983K(10944K)->8983K(10944K)
[553.196s][info][gc             ] GC(121) Pause Young (Normal) (G1 Evacuation Pause) 7271M->2768M(8192M) 147.782ms
[553.196s][info][gc,cpu         ] GC(121) User=1.17s Sys=0.00s Real=0.14s
...[556.119s][info][gc,start       ] GC(122) Pause Young (Normal) (G1 Evacuation Pause)
[556.119s][info][gc,task        ] GC(122) Using 8 workers of 8 for evacuation
[556.269s][info][gc,phases      ] GC(122)   Pre Evacuate Collection Set: 0.23ms
[556.269s][info][gc,phases      ] GC(122)   Merge Heap Roots: 0.52ms
[556.269s][info][gc,phases      ] GC(122)   Evacuate Collection Set: 147.51ms
[556.269s][info][gc,phases      ] GC(122)   Post Evacuate Collection Set: 1.04ms
[556.269s][info][gc,phases      ] GC(122)   Other: 0.06ms
[556.269s][info][gc,heap        ] GC(122) Eden regions: 570->0(570)
[556.269s][info][gc,heap        ] GC(122) Survivor regions: 44->44(77)
[556.269s][info][gc,heap        ] GC(122) Old regions: 273->280
[556.269s][info][gc,heap        ] GC(122) Humongous regions: 33->33
[556.269s][info][gc,metaspace   ] GC(122) Metaspace: 35579K(37760K)->35579K(37760K) NonClass: 26595K(26816K)->26595K(26816K) Class: 8983K(10944K)->8983K(10944K)
[556.269s][info][gc             ] GC(122) Pause Young (Normal) (G1 Evacuation Pause) 7328M->2825M(8192M) 149.505ms
[556.269s][info][gc,cpu         ] GC(122) User=1.18s Sys=0.00s Real=0.15s
...[559.150s][info][gc,start       ] GC(123) Pause Young (Normal) (G1 Evacuation Pause)
[559.150s][info][gc,task        ] GC(123) Using 8 workers of 8 for evacuation
[559.293s][info][gc,phases      ] GC(123)   Pre Evacuate Collection Set: 0.24ms
[559.293s][info][gc,phases      ] GC(123)   Merge Heap Roots: 0.51ms
[559.293s][info][gc,phases      ] GC(123)   Evacuate Collection Set: 140.51ms
[559.293s][info][gc,phases      ] GC(123)   Post Evacuate Collection Set: 1.02ms
[559.293s][info][gc,phases      ] GC(123)   Other: 0.06ms
[559.293s][info][gc,heap        ] GC(123) Eden regions: 570->0(567)
[559.293s][info][gc,heap        ] GC(123) Survivor regions: 44->42(77)
[559.293s][info][gc,heap        ] GC(123) Old regions: 280->288
[559.293s][info][gc,heap        ] GC(123) Humongous regions: 33->33
[559.293s][info][gc,metaspace   ] GC(123) Metaspace: 35579K(37760K)->35579K(37760K) NonClass: 26595K(26816K)->26595K(26816K) Class: 8983K(10944K)->8983K(10944K)
[559.293s][info][gc             ] GC(123) Pause Young (Normal) (G1 Evacuation Pause) 7385M->2870M(8192M) 142.493ms
[559.293s][info][gc,cpu         ] GC(123) User=1.13s Sys=0.00s Real=0.14s
...[562.178s][info][gc,start       ] GC(124) Pause Young (Normal) (G1 Evacuation Pause)
[562.178s][info][gc,task        ] GC(124) Using 8 workers of 8 for evacuation
[562.328s][info][gc,phases      ] GC(124)   Pre Evacuate Collection Set: 0.24ms
[562.328s][info][gc,phases      ] GC(124)   Merge Heap Roots: 0.53ms
[562.328s][info][gc,phases      ] GC(124)   Evacuate Collection Set: 147.65ms
[562.328s][info][gc,phases      ] GC(124)   Post Evacuate Collection Set: 1.02ms
[562.328s][info][gc,phases      ] GC(124)   Other: 0.06ms
[562.328s][info][gc,heap        ] GC(124) Eden regions: 567->0(554)
[562.328s][info][gc,heap        ] GC(124) Survivor regions: 42->45(77)
[562.328s][info][gc,heap        ] GC(124) Old regions: 288->295
[562.328s][info][gc,heap        ] GC(124) Humongous regions: 33->33
[562.328s][info][gc,metaspace   ] GC(124) Metaspace: 35579K(37760K)->35579K(37760K) NonClass: 26595K(26816K)->26595K(26816K) Class: 8983K(10944K)->8983K(10944K)
[562.328s][info][gc             ] GC(124) Pause Young (Normal) (G1 Evacuation Pause) 7406M->2949M(8192M) 149.629ms
[562.328s][info][gc,cpu         ] GC(124) User=1.18s Sys=0.00s Real=0.15s
...[565.161s][info][gc,start       ] GC(125) Pause Young (Normal) (G1 Evacuation Pause)
[565.161s][info][gc,task        ] GC(125) Using 8 workers of 8 for evacuation
[565.306s][info][gc,phases      ] GC(125)   Pre Evacuate Collection Set: 0.23ms
[565.307s][info][gc,phases      ] GC(125)   Merge Heap Roots: 0.53ms
[565.307s][info][gc,phases      ] GC(125)   Evacuate Collection Set: 143.32ms
[565.307s][info][gc,phases      ] GC(125)   Post Evacuate Collection Set: 1.00ms
[565.307s][info][gc,phases      ] GC(125)   Other: 0.06ms
[565.307s][info][gc,heap        ] GC(125) Eden regions: 554->0(549)
[565.307s][info][gc,heap        ] GC(125) Survivor regions: 45->44(75)
[565.307s][info][gc,heap        ] GC(125) Old regions: 295->302
[565.307s][info][gc,heap        ] GC(125) Humongous regions: 33->33
[565.307s][info][gc,metaspace   ] GC(125) Metaspace: 35579K(37760K)->35579K(37760K) NonClass: 26595K(26816K)->26595K(26816K) Class: 8983K(10944K)->8983K(10944K)
[565.307s][info][gc             ] GC(125) Pause Young (Normal) (G1 Evacuation Pause) 7381M->3001M(8192M) 145.258ms
[565.307s][info][gc,cpu         ] GC(125) User=1.15s Sys=0.00s Real=0.14s
.. (rIR:aIR:PR = 13397:13223:12675) (tPR = 188350) [PR is under limit] 
   566s: Re-initializing (term) [566.573s][info][gc,start       ] GC(126) Pause Full (System.gc())
[566.573s][info][gc,task        ] GC(126) Using 8 workers of 8 for full compaction
[566.573s][info][gc,phases,start] GC(126) Phase 1: Mark live objects
[566.590s][info][gc,phases      ] GC(126) Phase 1: Mark live objects 16.587ms
[566.590s][info][gc,phases,start] GC(126) Phase 2: Prepare compaction
[566.596s][info][gc,phases      ] GC(126) Phase 2: Prepare compaction 5.927ms
[566.596s][info][gc,phases,start] GC(126) Phase 3: Adjust pointers
[566.607s][info][gc,phases      ] GC(126) Phase 3: Adjust pointers 11.381ms
[566.607s][info][gc,phases,start] GC(126) Phase 4: Compact heap
[566.613s][info][gc,phases      ] GC(126) Phase 4: Compact heap 5.806ms
[566.613s][info][gc,phases,start] GC(126) Phase 5: Reset Metadata
[566.617s][info][gc,phases      ] GC(126) Phase 5: Reset Metadata 3.388ms
[566.625s][info][gc,heap        ] GC(126) Eden regions: 237->0(614)
[566.625s][info][gc,heap        ] GC(126) Survivor regions: 44->0(75)
[566.625s][info][gc,heap        ] GC(126) Old regions: 302->12
[566.625s][info][gc,heap        ] GC(126) Humongous regions: 33->33
[566.625s][info][gc,metaspace   ] GC(126) Metaspace: 35581K(37760K)->35581K(37760K) NonClass: 26597K(26816K)->26597K(26816K) Class: 8983K(10944K)->8983K(10944K)
[566.625s][info][gc             ] GC(126) Pause Full (System.gc()) 4893M->332M(8192M) 52.183ms
[566.625s][info][gc,cpu         ] GC(126) User=0.34s Sys=0.00s Real=0.05s
(init) ... OK
   571s: Searching from base IR = 13089
   571s:       rampup IR =      0 ... (rIR:aIR:PR = 0:0:0) (tPR = 0) [OK] 
   574s:       rampup IR =   1309 .... (rIR:aIR:PR = 1309:1307:1307) (tPR = 20381) [OK] 
   578s:       rampup IR =   2618 .[580.801s][info][gc,start       ] GC(127) Pause Young (Normal) (G1 Evacuation Pause)
[580.801s][info][gc,task        ] GC(127) Using 8 workers of 8 for evacuation
[581.529s][info][gc,mmu         ] GC(127) MMU target violated: 201.0ms (200.0ms/201.0ms)
[581.529s][info][gc,phases      ] GC(127)   Pre Evacuate Collection Set: 0.27ms
[581.529s][info][gc,phases      ] GC(127)   Merge Heap Roots: 0.87ms
[581.529s][info][gc,phases      ] GC(127)   Evacuate Collection Set: 725.65ms
[581.529s][info][gc,phases      ] GC(127)   Post Evacuate Collection Set: 1.34ms
[581.529s][info][gc,phases      ] GC(127)   Other: 0.10ms
[581.529s][info][gc,heap        ] GC(127) Eden regions: 614->0(244)
[581.529s][info][gc,heap        ] GC(127) Survivor regions: 0->77(77)
[581.529s][info][gc,heap        ] GC(127) Old regions: 12->87
[581.529s][info][gc,heap        ] GC(127) Humongous regions: 86->81
[581.529s][info][gc,metaspace   ] GC(127) Metaspace: 35612K(37824K)->35612K(37824K) NonClass: 26606K(26880K)->26606K(26880K) Class: 9005K(10944K)->9005K(10944K)
[581.529s][info][gc             ] GC(127) Pause Young (Normal) (G1 Evacuation Pause) 5668M->1928M(8192M) 728.327ms
[581.529s][info][gc,cpu         ] GC(127) User=5.77s Sys=0.00s Real=0.73s
.... (rIR:aIR:PR = 2618:2601:2601) (tPR = 38806) [OK] 
   584s:       rampup IR =   3927 .[585.988s][info][gc,start       ] GC(128) Pause Young (Normal) (G1 Evacuation Pause)
[585.988s][info][gc,task        ] GC(128) Using 8 workers of 8 for evacuation
[586.326s][info][gc,mmu         ] GC(128) MMU target violated: 201.0ms (200.0ms/201.0ms)
[586.326s][info][gc,phases      ] GC(128)   Pre Evacuate Collection Set: 0.26ms
[586.326s][info][gc,phases      ] GC(128)   Merge Heap Roots: 0.82ms
[586.326s][info][gc,phases      ] GC(128)   Evacuate Collection Set: 336.28ms
[586.326s][info][gc,phases      ] GC(128)   Post Evacuate Collection Set: 0.69ms
[586.326s][info][gc,phases      ] GC(128)   Other: 0.09ms
[586.326s][info][gc,heap        ] GC(128) Eden regions: 233->0(196)
[586.326s][info][gc,heap        ] GC(128) Survivor regions: 77->17(39)
[586.326s][info][gc,heap        ] GC(128) Old regions: 87->166
[586.326s][info][gc,heap        ] GC(128) Humongous regions: 81->81
[586.326s][info][gc,metaspace   ] GC(128) Metaspace: 35617K(37824K)->35617K(37824K) NonClass: 26611K(26880K)->26611K(26880K) Class: 9005K(10944K)->9005K(10944K)
[586.326s][info][gc             ] GC(128) Pause Young (Normal) (G1 Evacuation Pause) 3792M->2076M(8192M) 338.250ms
[586.326s][info][gc,cpu         ] GC(128) User=2.68s Sys=0.00s Real=0.33s
... (rIR:aIR:PR = 3927:3908:3908) (tPR = 58943) [OK] 
   588s:       rampup IR =   5236 .[589.586s][info][gc,start       ] GC(129) Pause Young (Normal) (G1 Evacuation Pause)
[589.586s][info][gc,task        ] GC(129) Using 8 workers of 8 for evacuation
[589.669s][info][gc,phases      ] GC(129)   Pre Evacuate Collection Set: 0.25ms
[589.669s][info][gc,phases      ] GC(129)   Merge Heap Roots: 0.38ms
[589.669s][info][gc,phases      ] GC(129)   Evacuate Collection Set: 81.12ms
[589.669s][info][gc,phases      ] GC(129)   Post Evacuate Collection Set: 0.75ms
[589.669s][info][gc,phases      ] GC(129)   Other: 0.07ms
[589.669s][info][gc,heap        ] GC(129) Eden regions: 220->0(186)
[589.669s][info][gc,heap        ] GC(129) Survivor regions: 17->28(30)
[589.669s][info][gc,heap        ] GC(129) Old regions: 166->166
[589.669s][info][gc,heap        ] GC(129) Humongous regions: 81->81
[589.669s][info][gc,metaspace   ] GC(129) Metaspace: 35621K(37824K)->35621K(37824K) NonClass: 26615K(26880K)->26615K(26880K) Class: 9005K(10944K)->9005K(10944K)
[589.669s][info][gc             ] GC(129) Pause Young (Normal) (G1 Evacuation Pause) 3836M->2164M(8192M) 82.703ms
[589.669s][info][gc,cpu         ] GC(129) User=0.65s Sys=0.00s Real=0.09s
..[592.202s][info][gc,start       ] GC(130) Pause Young (Normal) (G1 Evacuation Pause)
[592.202s][info][gc,task        ] GC(130) Using 8 workers of 8 for evacuation
[592.299s][info][gc,phases      ] GC(130)   Pre Evacuate Collection Set: 0.24ms
[592.299s][info][gc,phases      ] GC(130)   Merge Heap Roots: 0.38ms
[592.299s][info][gc,phases      ] GC(130)   Evacuate Collection Set: 95.23ms
[592.299s][info][gc,phases      ] GC(130)   Post Evacuate Collection Set: 0.56ms
[592.299s][info][gc,phases      ] GC(130)   Other: 0.05ms
[592.299s][info][gc,heap        ] GC(130) Eden regions: 202->0(334)
[592.299s][info][gc,heap        ] GC(130) Survivor regions: 28->16(29)
[592.299s][info][gc,heap        ] GC(130) Old regions: 166->186
[592.299s][info][gc,heap        ] GC(130) Humongous regions: 81->81
[592.299s][info][gc,metaspace   ] GC(130) Metaspace: 35621K(37824K)->35621K(37824K) NonClass: 26615K(26880K)->26615K(26880K) Class: 9005K(10944K)->9005K(10944K)
[592.299s][info][gc             ] GC(130) Pause Young (Normal) (G1 Evacuation Pause) 3780M->2232M(8192M) 96.593ms
[592.299s][info][gc,cpu         ] GC(130) User=0.77s Sys=0.00s Real=0.10s
. (rIR:aIR:PR = 5236:5237:5237) (tPR = 78178) [OK] 
   592s:       rampup IR =   6545 ...[596.259s][info][gc,start       ] GC(131) Pause Young (Normal) (G1 Evacuation Pause)
[596.259s][info][gc,task        ] GC(131) Using 8 workers of 8 for evacuation
[596.350s][info][gc,phases      ] GC(131)   Pre Evacuate Collection Set: 0.23ms
[596.350s][info][gc,phases      ] GC(131)   Merge Heap Roots: 0.42ms
[596.350s][info][gc,phases      ] GC(131)   Evacuate Collection Set: 89.23ms
[596.350s][info][gc,phases      ] GC(131)   Post Evacuate Collection Set: 0.80ms
[596.350s][info][gc,phases      ] GC(131)   Other: 0.06ms
[596.350s][info][gc,heap        ] GC(131) Eden regions: 382->0(280)
[596.350s][info][gc,heap        ] GC(131) Survivor regions: 16->30(50)
[596.350s][info][gc,heap        ] GC(131) Old regions: 186->186
[596.350s][info][gc,heap        ] GC(131) Humongous regions: 81->81
[596.350s][info][gc,metaspace   ] GC(131) Metaspace: 35621K(37824K)->35621K(37824K) NonClass: 26615K(26880K)->26615K(26880K) Class: 9005K(10944K)->9005K(10944K)
[596.350s][info][gc             ] GC(131) Pause Young (Normal) (G1 Evacuation Pause) 5288M->2348M(8192M) 90.872ms
[596.350s][info][gc,cpu         ] GC(131) User=0.72s Sys=0.00s Real=0.09s
. (rIR:aIR:PR = 6545:6590:6588) (tPR = 96935) [OK] 
   596s:       rampup IR =   7853 ..[599.004s][info][gc,start       ] GC(132) Pause Young (Normal) (G1 Evacuation Pause)
[599.004s][info][gc,task        ] GC(132) Using 8 workers of 8 for evacuation
[599.120s][info][gc,phases      ] GC(132)   Pre Evacuate Collection Set: 0.23ms
[599.120s][info][gc,phases      ] GC(132)   Merge Heap Roots: 0.37ms
[599.120s][info][gc,phases      ] GC(132)   Evacuate Collection Set: 115.00ms
[599.120s][info][gc,phases      ] GC(132)   Post Evacuate Collection Set: 0.83ms
[599.120s][info][gc,phases      ] GC(132)   Other: 0.06ms
[599.120s][info][gc,heap        ] GC(132) Eden regions: 311->0(318)
[599.120s][info][gc,heap        ] GC(132) Survivor regions: 30->36(43)
[599.120s][info][gc,heap        ] GC(132) Old regions: 186->192
[599.120s][info][gc,heap        ] GC(132) Humongous regions: 81->81
[599.120s][info][gc,metaspace   ] GC(132) Metaspace: 35622K(37824K)->35622K(37824K) NonClass: 26616K(26880K)->26616K(26880K) Class: 9005K(10944K)->9005K(10944K)
[599.120s][info][gc             ] GC(132) Pause Young (Normal) (G1 Evacuation Pause) 4836M->2438M(8192M) 116.606ms
[599.120s][info][gc,cpu         ] GC(132) User=0.92s Sys=0.00s Real=0.12s
.. (rIR:aIR:PR = 7853:7840:7840) (tPR = 115017) [OK] 
   600s:       rampup IR =   9162 .[601.795s][info][gc,start       ] GC(133) Pause Young (Normal) (G1 Evacuation Pause)
[601.795s][info][gc,task        ] GC(133) Using 8 workers of 8 for evacuation
[601.916s][info][gc,phases      ] GC(133)   Pre Evacuate Collection Set: 0.24ms
[601.916s][info][gc,phases      ] GC(133)   Merge Heap Roots: 0.38ms
[601.916s][info][gc,phases      ] GC(133)   Evacuate Collection Set: 120.06ms
[601.916s][info][gc,phases      ] GC(133)   Post Evacuate Collection Set: 0.76ms
[601.916s][info][gc,phases      ] GC(133)   Other: 0.06ms
[601.916s][info][gc,heap        ] GC(133) Eden regions: 331->0(414)
[601.916s][info][gc,heap        ] GC(133) Survivor regions: 36->33(46)
[601.916s][info][gc,heap        ] GC(133) Old regions: 192->202
[601.916s][info][gc,heap        ] GC(133) Humongous regions: 81->81
[601.916s][info][gc,metaspace   ] GC(133) Metaspace: 35622K(37824K)->35622K(37824K) NonClass: 26616K(26880K)->26616K(26880K) Class: 9005K(10944K)->9005K(10944K)
[601.916s][info][gc             ] GC(133) Pause Young (Normal) (G1 Evacuation Pause) 5086M->2498M(8192M) 121.616ms
[601.917s][info][gc,cpu         ] GC(133) User=0.96s Sys=0.00s Real=0.12s
... (rIR:aIR:PR = 9162:9269:9269) (tPR = 134306) [OK] 
   604s:       rampup IR =  10471 [604.955s][info][gc,start       ] GC(134) Pause Young (Normal) (G1 Evacuation Pause)
[604.955s][info][gc,task        ] GC(134) Using 8 workers of 8 for evacuation
[605.090s][info][gc,phases      ] GC(134)   Pre Evacuate Collection Set: 0.30ms
[605.090s][info][gc,phases      ] GC(134)   Merge Heap Roots: 0.49ms
[605.090s][info][gc,phases      ] GC(134)   Evacuate Collection Set: 132.82ms
[605.090s][info][gc,phases      ] GC(134)   Post Evacuate Collection Set: 0.95ms
[605.090s][info][gc,phases      ] GC(134)   Other: 0.07ms
[605.090s][info][gc,heap        ] GC(134) Eden regions: 423->0(444)
[605.090s][info][gc,heap        ] GC(134) Survivor regions: 33->35(57)
[605.090s][info][gc,heap        ] GC(134) Old regions: 202->210
[605.090s][info][gc,heap        ] GC(134) Humongous regions: 81->81
[605.090s][info][gc,metaspace   ] GC(134) Metaspace: 35622K(37824K)->35622K(37824K) NonClass: 26616K(26880K)->26616K(26880K) Class: 9005K(10944K)->9005K(10944K)
[605.090s][info][gc             ] GC(134) Pause Young (Normal) (G1 Evacuation Pause) 5882M->2574M(8192M) 134.778ms
[605.090s][info][gc,cpu         ] GC(134) User=1.07s Sys=0.01s Real=0.14s
...[607.865s][info][gc,start       ] GC(135) Pause Young (Normal) (G1 Evacuation Pause)
[607.865s][info][gc,task        ] GC(135) Using 8 workers of 8 for evacuation
[607.997s][info][gc,phases      ] GC(135)   Pre Evacuate Collection Set: 0.25ms
[607.997s][info][gc,phases      ] GC(135)   Merge Heap Roots: 0.46ms
[607.997s][info][gc,phases      ] GC(135)   Evacuate Collection Set: 130.57ms
[607.997s][info][gc,phases      ] GC(135)   Post Evacuate Collection Set: 0.87ms
[607.997s][info][gc,phases      ] GC(135)   Other: 0.07ms
[607.997s][info][gc,heap        ] GC(135) Eden regions: 451->0(462)
[607.997s][info][gc,heap        ] GC(135) Survivor regions: 35->40(61)
[607.997s][info][gc,heap        ] GC(135) Old regions: 210->216
[607.997s][info][gc,heap        ] GC(135) Humongous regions: 81->81
[607.997s][info][gc,metaspace   ] GC(135) Metaspace: 35624K(37824K)->35624K(37824K) NonClass: 26618K(26880K)->26618K(26880K) Class: 9005K(10944K)->9005K(10944K)
[607.997s][info][gc             ] GC(135) Pause Young (Normal) (G1 Evacuation Pause) 6182M->2664M(8192M) 132.356ms
[607.997s][info][gc,cpu         ] GC(135) User=1.05s Sys=0.00s Real=0.14s
.. (rIR:aIR:PR = 10471:10670:10641) (tPR = 160063) [OK] 
   609s:       rampup IR =  11780 .[610.752s][info][gc,start       ] GC(136) Pause Young (Normal) (G1 Evacuation Pause)
[610.752s][info][gc,task        ] GC(136) Using 8 workers of 8 for evacuation
[610.891s][info][gc,phases      ] GC(136)   Pre Evacuate Collection Set: 0.25ms
[610.891s][info][gc,phases      ] GC(136)   Merge Heap Roots: 0.42ms
[610.891s][info][gc,phases      ] GC(136)   Evacuate Collection Set: 136.66ms
[610.891s][info][gc,phases      ] GC(136)   Post Evacuate Collection Set: 0.92ms
[610.891s][info][gc,phases      ] GC(136)   Other: 0.06ms
[610.891s][info][gc,heap        ] GC(136) Eden regions: 465->0(529)
[610.891s][info][gc,heap        ] GC(136) Survivor regions: 40->40(64)
[610.891s][info][gc,heap        ] GC(136) Old regions: 216->224
[610.891s][info][gc,heap        ] GC(136) Humongous regions: 81->81
[610.891s][info][gc,metaspace   ] GC(136) Metaspace: 35624K(37824K)->35624K(37824K) NonClass: 26618K(26880K)->26618K(26880K) Class: 9005K(10944K)->9005K(10944K)
[610.891s][info][gc             ] GC(136) Pause Young (Normal) (G1 Evacuation Pause) 6384M->2732M(8192M) 138.435ms
[610.891s][info][gc,cpu         ] GC(136) User=1.10s Sys=0.00s Real=0.14s
... (rIR:aIR:PR = 11780:12080:12135) (tPR = 181639) [OK] 
   613s:       rampup IR =  13089 [613.792s][info][gc,start       ] GC(137) Pause Young (Normal) (G1 Evacuation Pause)
[613.792s][info][gc,task        ] GC(137) Using 8 workers of 8 for evacuation
[613.934s][info][gc,phases      ] GC(137)   Pre Evacuate Collection Set: 0.24ms
[613.934s][info][gc,phases      ] GC(137)   Merge Heap Roots: 0.43ms
[613.934s][info][gc,phases      ] GC(137)   Evacuate Collection Set: 139.60ms
[613.934s][info][gc,phases      ] GC(137)   Post Evacuate Collection Set: 1.07ms
[613.934s][info][gc,phases      ] GC(137)   Other: 0.06ms
[613.934s][info][gc,heap        ] GC(137) Eden regions: 528->0(572)
[613.934s][info][gc,heap        ] GC(137) Survivor regions: 40->42(71)
[613.934s][info][gc,heap        ] GC(137) Old regions: 224->232
[613.934s][info][gc,heap        ] GC(137) Humongous regions: 81->81
[613.934s][info][gc,metaspace   ] GC(137) Metaspace: 35624K(37824K)->35624K(37824K) NonClass: 26618K(26880K)->26618K(26880K) Class: 9005K(10944K)->9005K(10944K)
[613.934s][info][gc             ] GC(137) Pause Young (Normal) (G1 Evacuation Pause) 6956M->2803M(8192M) 141.541ms
[613.934s][info][gc,cpu         ] GC(137) User=1.12s Sys=0.00s Real=0.14s
...[616.784s][info][gc,start       ] GC(138) Pause Young (Normal) (G1 Evacuation Pause)
[616.784s][info][gc,task        ] GC(138) Using 8 workers of 8 for evacuation
[616.934s][info][gc,phases      ] GC(138)   Pre Evacuate Collection Set: 0.26ms
[616.934s][info][gc,phases      ] GC(138)   Merge Heap Roots: 0.45ms
[616.934s][info][gc,phases      ] GC(138)   Evacuate Collection Set: 148.97ms
[616.934s][info][gc,phases      ] GC(138)   Post Evacuate Collection Set: 1.03ms
[616.934s][info][gc,phases      ] GC(138)   Other: 0.08ms
[616.934s][info][gc,heap        ] GC(138) Eden regions: 572->0(561)
[616.934s][info][gc,heap        ] GC(138) Survivor regions: 42->46(77)
[616.934s][info][gc,heap        ] GC(138) Old regions: 232->238
[616.934s][info][gc,heap        ] GC(138) Humongous regions: 81->81
[616.934s][info][gc,metaspace   ] GC(138) Metaspace: 35624K(37824K)->35624K(37824K) NonClass: 26618K(26880K)->26618K(26880K) Class: 9005K(10944K)->9005K(10944K)
[616.934s][info][gc             ] GC(138) Pause Young (Normal) (G1 Evacuation Pause) 7379M->2886M(8192M) 150.920ms
[616.935s][info][gc,cpu         ] GC(138) User=1.19s Sys=0.00s Real=0.15s
... (rIR:aIR:PR = 13089:13173:13310) (tPR = 196238) [OK] 
   619s:    snapshot, IR =  13089 [619.783s][info][gc,start       ] GC(139) Pause Young (Normal) (G1 Evacuation Pause)
[619.783s][info][gc,task        ] GC(139) Using 8 workers of 8 for evacuation
[619.932s][info][gc,phases      ] GC(139)   Pre Evacuate Collection Set: 0.26ms
[619.932s][info][gc,phases      ] GC(139)   Merge Heap Roots: 0.51ms
[619.932s][info][gc,phases      ] GC(139)   Evacuate Collection Set: 147.53ms
[619.932s][info][gc,phases      ] GC(139)   Post Evacuate Collection Set: 1.06ms
[619.932s][info][gc,phases      ] GC(139)   Other: 0.06ms
[619.932s][info][gc,heap        ] GC(139) Eden regions: 561->0(556)
[619.932s][info][gc,heap        ] GC(139) Survivor regions: 46->45(76)
[619.932s][info][gc,heap        ] GC(139) Old regions: 238->245
[619.932s][info][gc,heap        ] GC(139) Humongous regions: 81->81
[619.932s][info][gc,metaspace   ] GC(139) Metaspace: 35624K(37824K)->35624K(37824K) NonClass: 26618K(26880K)->26618K(26880K) Class: 9005K(10944K)->9005K(10944K)
[619.932s][info][gc             ] GC(139) Pause Young (Normal) (G1 Evacuation Pause) 7374M->2932M(8192M) 149.563ms
[619.932s][info][gc,cpu         ] GC(139) User=1.18s Sys=0.00s Real=0.15s
...[622.739s][info][gc,start       ] GC(140) Pause Young (Normal) (G1 Evacuation Pause)
[622.739s][info][gc,task        ] GC(140) Using 8 workers of 8 for evacuation
[622.886s][info][gc,phases      ] GC(140)   Pre Evacuate Collection Set: 0.23ms
[622.886s][info][gc,phases      ] GC(140)   Merge Heap Roots: 0.46ms
[622.886s][info][gc,phases      ] GC(140)   Evacuate Collection Set: 145.02ms
[622.886s][info][gc,phases      ] GC(140)   Post Evacuate Collection Set: 1.03ms
[622.886s][info][gc,phases      ] GC(140)   Other: 0.06ms
[622.886s][info][gc,heap        ] GC(140) Eden regions: 556->0(553)
[622.886s][info][gc,heap        ] GC(140) Survivor regions: 45->43(76)
[622.886s][info][gc,heap        ] GC(140) Old regions: 245->252
[622.886s][info][gc,heap        ] GC(140) Humongous regions: 81->81
[622.886s][info][gc,metaspace   ] GC(140) Metaspace: 35624K(37824K)->35624K(37824K) NonClass: 26618K(26880K)->26618K(26880K) Class: 9005K(10944K)->9005K(10944K)
[622.886s][info][gc             ] GC(140) Pause Young (Normal) (G1 Evacuation Pause) 7380M->2980M(8192M) 146.926ms
[622.886s][info][gc,cpu         ] GC(140) User=1.17s Sys=0.00s Real=0.14s
..|.[625.636s][info][gc,start       ] GC(141) Pause Young (Normal) (G1 Evacuation Pause)
[625.636s][info][gc,task        ] GC(141) Using 8 workers of 8 for evacuation
[625.787s][info][gc,phases      ] GC(141)   Pre Evacuate Collection Set: 0.22ms
[625.787s][info][gc,phases      ] GC(141)   Merge Heap Roots: 0.46ms
[625.787s][info][gc,phases      ] GC(141)   Evacuate Collection Set: 149.59ms
[625.787s][info][gc,phases      ] GC(141)   Post Evacuate Collection Set: 1.04ms
[625.787s][info][gc,phases      ] GC(141)   Other: 0.07ms
[625.787s][info][gc,heap        ] GC(141) Eden regions: 553->0(543)
[625.787s][info][gc,heap        ] GC(141) Survivor regions: 43->44(75)
[625.787s][info][gc,heap        ] GC(141) Old regions: 252->260
[625.787s][info][gc,heap        ] GC(141) Humongous regions: 81->81
[625.787s][info][gc,metaspace   ] GC(141) Metaspace: 35624K(37824K)->35624K(37824K) NonClass: 26618K(26880K)->26618K(26880K) Class: 9005K(10944K)->9005K(10944K)
[625.787s][info][gc             ] GC(141) Pause Young (Normal) (G1 Evacuation Pause) 7404M->3046M(8192M) 151.515ms
[625.787s][info][gc,cpu         ] GC(141) User=1.20s Sys=0.00s Real=0.16s
..[628.506s][info][gc,start       ] GC(142) Pause Young (Normal) (G1 Evacuation Pause)
[628.506s][info][gc,task        ] GC(142) Using 8 workers of 8 for evacuation
[628.657s][info][gc,phases      ] GC(142)   Pre Evacuate Collection Set: 0.24ms
[628.657s][info][gc,phases      ] GC(142)   Merge Heap Roots: 0.46ms
[628.657s][info][gc,phases      ] GC(142)   Evacuate Collection Set: 149.44ms
[628.657s][info][gc,phases      ] GC(142)   Post Evacuate Collection Set: 0.97ms
[628.657s][info][gc,phases      ] GC(142)   Other: 0.07ms
[628.657s][info][gc,heap        ] GC(142) Eden regions: 543->0(534)
[628.657s][info][gc,heap        ] GC(142) Survivor regions: 44->45(74)
[628.657s][info][gc,heap        ] GC(142) Old regions: 260->267
[628.657s][info][gc,heap        ] GC(142) Humongous regions: 81->81
[628.657s][info][gc,metaspace   ] GC(142) Metaspace: 35624K(37824K)->35624K(37824K) NonClass: 26618K(26880K)->26618K(26880K) Class: 9005K(10944K)->9005K(10944K)
[628.657s][info][gc             ] GC(142) Pause Young (Normal) (G1 Evacuation Pause) 7390M->3112M(8192M) 151.296ms
[628.657s][info][gc,cpu         ] GC(142) User=1.20s Sys=0.00s Real=0.16s
...[631.352s][info][gc,start       ] GC(143) Pause Young (Normal) (G1 Evacuation Pause)
[631.352s][info][gc,task        ] GC(143) Using 8 workers of 8 for evacuation
[631.501s][info][gc,phases      ] GC(143)   Pre Evacuate Collection Set: 0.25ms
[631.501s][info][gc,phases      ] GC(143)   Merge Heap Roots: 0.46ms
[631.501s][info][gc,phases      ] GC(143)   Evacuate Collection Set: 147.25ms
[631.501s][info][gc,phases      ] GC(143)   Post Evacuate Collection Set: 0.96ms
[631.501s][info][gc,phases      ] GC(143)   Other: 0.07ms
[631.501s][info][gc,heap        ] GC(143) Eden regions: 534->0(530)
[631.501s][info][gc,heap        ] GC(143) Survivor regions: 45->43(73)
[631.501s][info][gc,heap        ] GC(143) Old regions: 267->275
[631.501s][info][gc,heap        ] GC(143) Humongous regions: 81->81
[631.501s][info][gc,metaspace   ] GC(143) Metaspace: 35624K(37824K)->35624K(37824K) NonClass: 26618K(26880K)->26618K(26880K) Class: 9005K(10944K)->9005K(10944K)
[631.501s][info][gc             ] GC(143) Pause Young (Normal) (G1 Evacuation Pause) 7384M->3158M(8192M) 149.111ms
[631.501s][info][gc,cpu         ] GC(143) User=1.18s Sys=0.00s Real=0.15s
...[634.159s][info][gc,start       ] GC(144) Pause Young (Normal) (G1 Evacuation Pause)
[634.159s][info][gc,task        ] GC(144) Using 8 workers of 8 for evacuation
[634.309s][info][gc,phases      ] GC(144)   Pre Evacuate Collection Set: 0.24ms
[634.309s][info][gc,phases      ] GC(144)   Merge Heap Roots: 0.47ms
[634.309s][info][gc,phases      ] GC(144)   Evacuate Collection Set: 148.08ms
[634.309s][info][gc,phases      ] GC(144)   Post Evacuate Collection Set: 0.97ms
[634.309s][info][gc,phases      ] GC(144)   Other: 0.06ms
[634.309s][info][gc,heap        ] GC(144) Eden regions: 530->0(520)
[634.309s][info][gc,heap        ] GC(144) Survivor regions: 43->44(72)
[634.309s][info][gc,heap        ] GC(144) Old regions: 275->283
[634.309s][info][gc,heap        ] GC(144) Humongous regions: 81->81
[634.309s][info][gc,metaspace   ] GC(144) Metaspace: 35624K(37824K)->35624K(37824K) NonClass: 26618K(26880K)->26618K(26880K) Class: 9005K(10944K)->9005K(10944K)
[634.309s][info][gc             ] GC(144) Pause Young (Normal) (G1 Evacuation Pause) 7398M->3227M(8192M) 149.958ms
[634.309s][info][gc,cpu         ] GC(144) User=1.19s Sys=0.00s Real=0.15s
...[636.912s][info][gc,start       ] GC(145) Pause Young (Normal) (G1 Evacuation Pause)
[636.912s][info][gc,task        ] GC(145) Using 8 workers of 8 for evacuation
[637.059s][info][gc,phases      ] GC(145)   Pre Evacuate Collection Set: 0.24ms
[637.059s][info][gc,phases      ] GC(145)   Merge Heap Roots: 0.47ms
[637.059s][info][gc,phases      ] GC(145)   Evacuate Collection Set: 144.91ms
[637.059s][info][gc,phases      ] GC(145)   Post Evacuate Collection Set: 0.94ms
[637.059s][info][gc,phases      ] GC(145)   Other: 0.07ms
[637.059s][info][gc,heap        ] GC(145) Eden regions: 520->0(515)
[637.059s][info][gc,heap        ] GC(145) Survivor regions: 44->43(71)
[637.059s][info][gc,heap        ] GC(145) Old regions: 283->290
[637.059s][info][gc,heap        ] GC(145) Humongous regions: 81->81
[637.059s][info][gc,metaspace   ] GC(145) Metaspace: 35624K(37824K)->35624K(37824K) NonClass: 26618K(26880K)->26618K(26880K) Class: 9005K(10944K)->9005K(10944K)
[637.059s][info][gc             ] GC(145) Pause Young (Normal) (G1 Evacuation Pause) 7387M->3278M(8192M) 146.751ms
[637.059s][info][gc,cpu         ] GC(145) User=1.16s Sys=0.00s Real=0.15s
...[639.679s][info][gc,start       ] GC(146) Pause Young (Normal) (G1 Evacuation Pause)
[639.679s][info][gc,task        ] GC(146) Using 8 workers of 8 for evacuation
[639.834s][info][gc,phases      ] GC(146)   Pre Evacuate Collection Set: 0.25ms
[639.834s][info][gc,phases      ] GC(146)   Merge Heap Roots: 0.47ms
[639.834s][info][gc,phases      ] GC(146)   Evacuate Collection Set: 153.13ms
[639.834s][info][gc,phases      ] GC(146)   Post Evacuate Collection Set: 0.92ms
[639.834s][info][gc,phases      ] GC(146)   Other: 0.06ms
[639.834s][info][gc,heap        ] GC(146) Eden regions: 515->0(503)
[639.834s][info][gc,heap        ] GC(146) Survivor regions: 43->45(70)
[639.834s][info][gc,heap        ] GC(146) Old regions: 290->298
[639.834s][info][gc,heap        ] GC(146) Humongous regions: 81->81
[639.834s][info][gc,metaspace   ] GC(146) Metaspace: 35624K(37824K)->35624K(37824K) NonClass: 26618K(26880K)->26618K(26880K) Class: 9005K(10944K)->9005K(10944K)
[639.834s][info][gc             ] GC(146) Pause Young (Normal) (G1 Evacuation Pause) 7398M->3356M(8192M) 154.965ms
[639.834s][info][gc,cpu         ] GC(146) User=1.22s Sys=0.00s Real=0.15s
..[642.356s][info][gc,start       ] GC(147) Pause Young (Normal) (G1 Evacuation Pause)
[642.356s][info][gc,task        ] GC(147) Using 8 workers of 8 for evacuation
[642.496s][info][gc,phases      ] GC(147)   Pre Evacuate Collection Set: 0.24ms
[642.496s][info][gc,phases      ] GC(147)   Merge Heap Roots: 0.47ms
[642.496s][info][gc,phases      ] GC(147)   Evacuate Collection Set: 138.84ms
[642.496s][info][gc,phases      ] GC(147)   Post Evacuate Collection Set: 0.92ms
[642.496s][info][gc,phases      ] GC(147)   Other: 0.07ms
[642.496s][info][gc,heap        ] GC(147) Eden regions: 503->0(505)
[642.496s][info][gc,heap        ] GC(147) Survivor regions: 45->40(69)
[642.496s][info][gc,heap        ] GC(147) Old regions: 298->306
[642.496s][info][gc,heap        ] GC(147) Humongous regions: 81->81
[642.496s][info][gc,metaspace   ] GC(147) Metaspace: 35624K(37824K)->35624K(37824K) NonClass: 26618K(26880K)->26618K(26880K) Class: 9005K(10944K)->9005K(10944K)
[642.496s][info][gc             ] GC(147) Pause Young (Normal) (G1 Evacuation Pause) 7380M->3383M(8192M) 140.656ms
[642.496s][info][gc,cpu         ] GC(147) User=1.11s Sys=0.00s Real=0.14s
...[645.023s][info][gc,start       ] GC(148) Pause Young (Normal) (G1 Evacuation Pause)
[645.023s][info][gc,task        ] GC(148) Using 8 workers of 8 for evacuation
[645.163s][info][gc,phases      ] GC(148)   Pre Evacuate Collection Set: 0.24ms
[645.163s][info][gc,phases      ] GC(148)   Merge Heap Roots: 0.47ms
[645.163s][info][gc,phases      ] GC(148)   Evacuate Collection Set: 138.36ms
[645.163s][info][gc,phases      ] GC(148)   Post Evacuate Collection Set: 0.91ms
[645.163s][info][gc,phases      ] GC(148)   Other: 0.06ms
[645.163s][info][gc,heap        ] GC(148) Eden regions: 505->0(498)
[645.163s][info][gc,heap        ] GC(148) Survivor regions: 40->40(69)
[645.163s][info][gc,heap        ] GC(148) Old regions: 306->313
[645.163s][info][gc,heap        ] GC(148) Humongous regions: 81->81
[645.163s][info][gc,metaspace   ] GC(148) Metaspace: 35624K(37824K)->35624K(37824K) NonClass: 26618K(26880K)->26618K(26880K) Class: 9005K(10944K)->9005K(10944K)
[645.163s][info][gc             ] GC(148) Pause Young (Normal) (G1 Evacuation Pause) 7423M->3444M(8192M) 140.167ms
[645.163s][info][gc,cpu         ] GC(148) User=1.11s Sys=0.00s Real=0.14s
..[647.654s][info][gc,start       ] GC(149) Pause Young (Normal) (G1 Evacuation Pause)
[647.655s][info][gc,task        ] GC(149) Using 8 workers of 8 for evacuation
[647.811s][info][gc,phases      ] GC(149)   Pre Evacuate Collection Set: 0.22ms
[647.811s][info][gc,phases      ] GC(149)   Merge Heap Roots: 0.47ms
[647.811s][info][gc,phases      ] GC(149)   Evacuate Collection Set: 154.85ms
[647.811s][info][gc,phases      ] GC(149)   Post Evacuate Collection Set: 0.91ms
[647.811s][info][gc,phases      ] GC(149)   Other: 0.07ms
[647.811s][info][gc,heap        ] GC(149) Eden regions: 498->0(480)
[647.811s][info][gc,heap        ] GC(149) Survivor regions: 40->45(68)
[647.811s][info][gc,heap        ] GC(149) Old regions: 313->321
[647.811s][info][gc,heap        ] GC(149) Humongous regions: 81->81
[647.811s][info][gc,metaspace   ] GC(149) Metaspace: 35624K(37824K)->35624K(37824K) NonClass: 26618K(26880K)->26618K(26880K) Class: 9005K(10944K)->9005K(10944K)
[647.811s][info][gc             ] GC(149) Pause Young (Normal) (G1 Evacuation Pause) 7428M->3545M(8192M) 156.638ms
[647.811s][info][gc,cpu         ] GC(149) User=1.24s Sys=0.00s Real=0.16s
...[650.169s][info][gc,start       ] GC(150) Pause Young (Normal) (G1 Evacuation Pause)
[650.169s][info][gc,task        ] GC(150) Using 8 workers of 8 for evacuation
[650.310s][info][gc,phases      ] GC(150)   Pre Evacuate Collection Set: 0.23ms
[650.310s][info][gc,phases      ] GC(150)   Merge Heap Roots: 0.46ms
[650.310s][info][gc,phases      ] GC(150)   Evacuate Collection Set: 139.20ms
[650.310s][info][gc,phases      ] GC(150)   Post Evacuate Collection Set: 0.91ms
[650.310s][info][gc,phases      ] GC(150)   Other: 0.06ms
[650.310s][info][gc,heap        ] GC(150) Eden regions: 480->0(480)
[650.310s][info][gc,heap        ] GC(150) Survivor regions: 45->41(66)
[650.310s][info][gc,heap        ] GC(150) Old regions: 321->329
[650.310s][info][gc,heap        ] GC(150) Humongous regions: 81->81
[650.310s][info][gc,metaspace   ] GC(150) Metaspace: 35624K(37824K)->35624K(37824K) NonClass: 26618K(26880K)->26618K(26880K) Class: 9005K(10944K)->9005K(10944K)
[650.310s][info][gc             ] GC(150) Pause Young (Normal) (G1 Evacuation Pause) 7385M->3577M(8192M) 141.001ms
[650.310s][info][gc,cpu         ] GC(150) User=1.11s Sys=0.00s Real=0.14s
..[652.811s][info][gc,start       ] GC(151) Pause Young (Normal) (G1 Evacuation Pause)
[652.811s][info][gc,task        ] GC(151) Using 8 workers of 8 for evacuation
[652.958s][info][gc,phases      ] GC(151)   Pre Evacuate Collection Set: 0.22ms
[652.958s][info][gc,phases      ] GC(151)   Merge Heap Roots: 0.46ms
[652.958s][info][gc,phases      ] GC(151)   Evacuate Collection Set: 145.42ms
[652.958s][info][gc,phases      ] GC(151)   Post Evacuate Collection Set: 0.93ms
[652.958s][info][gc,phases      ] GC(151)   Other: 0.06ms
[652.958s][info][gc,heap        ] GC(151) Eden regions: 480->0(468)
[652.958s][info][gc,heap        ] GC(151) Survivor regions: 41->43(66)
[652.958s][info][gc,heap        ] GC(151) Old regions: 329->337
[652.958s][info][gc,heap        ] GC(151) Humongous regions: 81->81
[652.958s][info][gc,metaspace   ] GC(151) Metaspace: 35624K(37824K)->35624K(37824K) NonClass: 26618K(26880K)->26618K(26880K) Class: 9005K(10944K)->9005K(10944K)
[652.958s][info][gc             ] GC(151) Pause Young (Normal) (G1 Evacuation Pause) 7417M->3654M(8192M) 147.225ms
[652.958s][info][gc,cpu         ] GC(151) User=1.17s Sys=0.00s Real=0.15s
... (rIR:aIR:PR = 13089:13084:12851) (tPR = 192132) [OK] 
   654s: Performing snapshot: (quiescence[655.292s][info][gc,start       ] GC(152) Pause Young (Normal) (G1 Evacuation Pause)
[655.292s][info][gc,task        ] GC(152) Using 8 workers of 8 for evacuation
[655.429s][info][gc,phases      ] GC(152)   Pre Evacuate Collection Set: 0.25ms
[655.429s][info][gc,phases      ] GC(152)   Merge Heap Roots: 0.47ms
[655.429s][info][gc,phases      ] GC(152)   Evacuate Collection Set: 135.30ms
[655.429s][info][gc,phases      ] GC(152)   Post Evacuate Collection Set: 0.91ms
[655.429s][info][gc,phases      ] GC(152)   Other: 0.08ms
[655.429s][info][gc,heap        ] GC(152) Eden regions: 468->0(468)
[655.429s][info][gc,heap        ] GC(152) Survivor regions: 43->39(64)
[655.429s][info][gc,heap        ] GC(152) Old regions: 337->345
[655.429s][info][gc,heap        ] GC(152) Humongous regions: 81->81
[655.429s][info][gc,metaspace   ] GC(152) Metaspace: 35624K(37824K)->35624K(37824K) NonClass: 26618K(26880K)->26618K(26880K) Class: 9005K(10944K)->9005K(10944K)
[655.429s][info][gc             ] GC(152) Pause Young (Normal) (G1 Evacuation Pause) 7398M->3688M(8192M) 137.140ms
[655.429s][info][gc,cpu         ] GC(152) User=1.09s Sys=0.00s Real=0.14s
.....) (stop TxI) (stop BE) (saving... [660.710s][info][gc,start       ] GC(153) Pause Young (Concurrent Start) (G1 Humongous Allocation)
[660.710s][info][gc,task        ] GC(153) Using 8 workers of 8 for evacuation
[660.849s][info][gc,phases      ] GC(153)   Pre Evacuate Collection Set: 0.23ms
[660.849s][info][gc,phases      ] GC(153)   Merge Heap Roots: 0.53ms
[660.849s][info][gc,phases      ] GC(153)   Evacuate Collection Set: 137.68ms
[660.849s][info][gc,phases      ] GC(153)   Post Evacuate Collection Set: 0.57ms
[660.849s][info][gc,phases      ] GC(153)   Other: 0.08ms
[660.849s][info][gc,heap        ] GC(153) Eden regions: 72->0(442)
[660.849s][info][gc,heap        ] GC(153) Survivor regions: 39->36(64)
[660.849s][info][gc,heap        ] GC(153) Old regions: 345->358
[660.849s][info][gc,heap        ] GC(153) Humongous regions: 115->100
[660.849s][info][gc,metaspace   ] GC(153) Metaspace: 35624K(37824K)->35624K(37824K) NonClass: 26618K(26880K)->26618K(26880K) Class: 9005K(10944K)->9005K(10944K)
[660.849s][info][gc             ] GC(153) Pause Young (Concurrent Start) (G1 Humongous Allocation) 4532M->3920M(8192M) 139.236ms
[660.849s][info][gc             ] GC(154) Concurrent Undo Cycle
[660.849s][info][gc,cpu         ] GC(153) User=1.10s Sys=0.00s Real=0.14s
[660.849s][info][gc,marking     ] GC(154) Concurrent Clear Claimed Marks
[660.849s][info][gc,marking     ] GC(154) Concurrent Clear Claimed Marks 0.060ms
[660.849s][info][gc,marking     ] GC(154) Concurrent Cleanup for Next Mark
[660.850s][info][gc,marking     ] GC(154) Concurrent Cleanup for Next Mark 0.409ms
[660.850s][info][gc             ] GC(154) Concurrent Undo Cycle 0.532ms
[660.881s][info][gc,start       ] GC(155) Pause Young (Concurrent Start) (G1 Humongous Allocation)
[660.881s][info][gc,task        ] GC(155) Using 8 workers of 8 for evacuation
[660.980s][info][gc,phases      ] GC(155)   Pre Evacuate Collection Set: 0.22ms
[660.980s][info][gc,phases      ] GC(155)   Merge Heap Roots: 0.34ms
[660.980s][info][gc,phases      ] GC(155)   Evacuate Collection Set: 98.57ms
[660.980s][info][gc,phases      ] GC(155)   Post Evacuate Collection Set: 0.36ms
[660.980s][info][gc,phases      ] GC(155)   Other: 0.09ms
[660.980s][info][gc,heap        ] GC(155) Eden regions: 1->0(366)
[660.980s][info][gc,heap        ] GC(155) Survivor regions: 36->13(60)
[660.980s][info][gc,heap        ] GC(155) Old regions: 358->382
[660.980s][info][gc,heap        ] GC(155) Humongous regions: 105->102
[660.980s][info][gc,metaspace   ] GC(155) Metaspace: 35624K(37824K)->35624K(37824K) NonClass: 26618K(26880K)->26618K(26880K) Class: 9005K(10944K)->9005K(10944K)
[660.980s][info][gc             ] GC(155) Pause Young (Concurrent Start) (G1 Humongous Allocation) 3965M->3948M(8192M) 99.724ms
[660.980s][info][gc             ] GC(156) Concurrent Mark Cycle
[660.980s][info][gc,cpu         ] GC(155) User=0.79s Sys=0.00s Real=0.10s
[660.980s][info][gc,marking     ] GC(156) Concurrent Scan Root Regions
[661.122s][info][gc,marking     ] GC(156) Concurrent Scan Root Regions 142.073ms
[661.122s][info][gc,marking     ] GC(156) Concurrent Mark
[661.122s][info][gc,marking     ] GC(156) Concurrent Mark From Roots
[661.122s][info][gc,task        ] GC(156) Using 2 workers of 2 for marking
[661.928s][info][gc,marking     ] GC(156) Concurrent Mark From Roots 805.200ms
[661.928s][info][gc,marking     ] GC(156) Concurrent Preclean
[661.928s][info][gc,marking     ] GC(156) Concurrent Preclean 0.192ms
[661.928s][info][gc,start       ] GC(156) Pause Remark
[661.930s][info][gc             ] GC(156) Pause Remark 4365M->3293M(8192M) 1.733ms
[661.930s][info][gc,cpu         ] GC(156) User=0.01s Sys=0.00s Real=0.00s
[661.930s][info][gc,marking     ] GC(156) Concurrent Mark 807.391ms
[661.930s][info][gc,marking     ] GC(156) Concurrent Rebuild Remembered Sets and Scrub Regions
[662.599s][info][gc,marking     ] GC(156) Concurrent Rebuild Remembered Sets and Scrub Regions 669.242ms
[662.599s][info][gc,start       ] GC(156) Pause Cleanup
[662.599s][info][gc             ] GC(156) Pause Cleanup 3603M->3603M(8192M) 0.278ms
[662.600s][info][gc,cpu         ] GC(156) User=0.00s Sys=0.00s Real=0.00s
[662.600s][info][gc,marking     ] GC(156) Concurrent Clear Claimed Marks
[662.600s][info][gc,marking     ] GC(156) Concurrent Clear Claimed Marks 0.048ms
[662.600s][info][gc,marking     ] GC(156) Concurrent Cleanup for Next Mark
[662.607s][info][gc,marking     ] GC(156) Concurrent Cleanup for Next Mark 7.465ms
[662.607s][info][gc             ] GC(156) Concurrent Mark Cycle 1626.858ms
235582 Kb) (term) [665.679s][info][gc,start       ] GC(157) Pause Full (System.gc())
[665.679s][info][gc,task        ] GC(157) Using 8 workers of 8 for full compaction
[665.679s][info][gc,phases,start] GC(157) Phase 1: Mark live objects
[665.694s][info][gc,phases      ] GC(157) Phase 1: Mark live objects 15.167ms
[665.694s][info][gc,phases,start] GC(157) Phase 2: Prepare compaction
[665.699s][info][gc,phases      ] GC(157) Phase 2: Prepare compaction 4.296ms
[665.699s][info][gc,phases,start] GC(157) Phase 3: Adjust pointers
[665.709s][info][gc,phases      ] GC(157) Phase 3: Adjust pointers 9.846ms
[665.709s][info][gc,phases,start] GC(157) Phase 4: Compact heap
[665.713s][info][gc,phases      ] GC(157) Phase 4: Compact heap 4.195ms
[665.713s][info][gc,phases,start] GC(157) Phase 5: Reset Metadata
[665.716s][info][gc,phases      ] GC(157) Phase 5: Reset Metadata 3.507ms
[665.725s][info][gc,heap        ] GC(157) Eden regions: 38->0(431)
[665.725s][info][gc,heap        ] GC(157) Survivor regions: 13->0(60)
[665.725s][info][gc,heap        ] GC(157) Old regions: 296->12
[665.725s][info][gc,heap        ] GC(157) Humongous regions: 179->33
[665.725s][info][gc,metaspace   ] GC(157) Metaspace: 35624K(37824K)->35624K(37824K) NonClass: 26618K(26880K)->26618K(26880K) Class: 9005K(10944K)->9005K(10944K)
[665.725s][info][gc             ] GC(157) Pause Full (System.gc()) 4174M->332M(8192M) 46.169ms
[665.725s][info][gc,cpu         ] GC(157) User=0.31s Sys=0.00s Real=0.04s
(init[668.235s][info][gc,start       ] GC(158) Pause Young (Normal) (G1 Evacuation Pause)
[668.236s][info][gc,task        ] GC(158) Using 8 workers of 8 for evacuation
[668.863s][info][gc,mmu         ] GC(158) MMU target violated: 201.0ms (200.0ms/201.0ms)
[668.863s][info][gc,phases      ] GC(158)   Pre Evacuate Collection Set: 0.19ms
[668.863s][info][gc,phases      ] GC(158)   Merge Heap Roots: 0.90ms
[668.863s][info][gc,phases      ] GC(158)   Evacuate Collection Set: 625.34ms
[668.863s][info][gc,phases      ] GC(158)   Post Evacuate Collection Set: 0.75ms
[668.863s][info][gc,phases      ] GC(158)   Other: 0.10ms
[668.863s][info][gc,heap        ] GC(158) Eden regions: 420->0(178)
[668.863s][info][gc,heap        ] GC(158) Survivor regions: 0->53(53)
[668.863s][info][gc,heap        ] GC(158) Old regions: 12->75
[668.863s][info][gc,heap        ] GC(158) Humongous regions: 86->81
[668.863s][info][gc,metaspace   ] GC(158) Metaspace: 35637K(37824K)->35637K(37824K) NonClass: 26631K(26880K)->26631K(26880K) Class: 9005K(10944K)->9005K(10944K)
[668.863s][info][gc             ] GC(158) Pause Young (Normal) (G1 Evacuation Pause) 4116M->1640M(8192M) 627.397ms
[668.863s][info][gc,cpu         ] GC(158) User=4.99s Sys=0.00s Real=0.63s
) ...
   671s:       rampup IR =      0 ... (rIR:aIR:PR = 0:0:0) (tPR = 0) [OK] 
   674s:       rampup IR =   1309 .... (rIR:aIR:PR = 1309:1302:1302) (tPR = 20346) [OK] 
   678s:       rampup IR =   2618 .[680.237s][info][gc,start       ] GC(159) Pause Young (Normal) (G1 Evacuation Pause)
[680.237s][info][gc,task        ] GC(159) Using 8 workers of 8 for evacuation
[680.533s][info][gc,mmu         ] GC(159) MMU target violated: 201.0ms (200.0ms/201.0ms)
[680.533s][info][gc,phases      ] GC(159)   Pre Evacuate Collection Set: 0.26ms
[680.533s][info][gc,phases      ] GC(159)   Merge Heap Roots: 0.41ms
[680.533s][info][gc,phases      ] GC(159)   Evacuate Collection Set: 294.31ms
[680.533s][info][gc,phases      ] GC(159)   Post Evacuate Collection Set: 0.79ms
[680.533s][info][gc,phases      ] GC(159)   Other: 0.13ms
[680.533s][info][gc,heap        ] GC(159) Eden regions: 194->0(55)
[680.533s][info][gc,heap        ] GC(159) Survivor regions: 53->31(31)
[680.533s][info][gc,heap        ] GC(159) Old regions: 75->144
[680.533s][info][gc,heap        ] GC(159) Humongous regions: 81->81
[680.533s][info][gc,metaspace   ] GC(159) Metaspace: 35648K(37824K)->35648K(37824K) NonClass: 26642K(26880K)->26642K(26880K) Class: 9005K(10944K)->9005K(10944K)
[680.533s][info][gc             ] GC(159) Pause Young (Normal) (G1 Evacuation Pause) 3192M->2016M(8192M) 296.025ms
[680.533s][info][gc,cpu         ] GC(159) User=2.34s Sys=0.01s Real=0.30s
.[681.899s][info][gc,start       ] GC(160) Pause Young (Normal) (G1 Evacuation Pause)
[681.899s][info][gc,task        ] GC(160) Using 8 workers of 8 for evacuation
[681.993s][info][gc,phases      ] GC(160)   Pre Evacuate Collection Set: 0.23ms
[681.993s][info][gc,phases      ] GC(160)   Merge Heap Roots: 0.54ms
[681.993s][info][gc,phases      ] GC(160)   Evacuate Collection Set: 93.13ms
[681.993s][info][gc,phases      ] GC(160)   Post Evacuate Collection Set: 0.42ms
[681.993s][info][gc,phases      ] GC(160)   Other: 0.06ms
[681.993s][info][gc,heap        ] GC(160) Eden regions: 71->0(195)
[681.993s][info][gc,heap        ] GC(160) Survivor regions: 31->6(13)
[681.993s][info][gc,heap        ] GC(160) Old regions: 144->174
[681.993s][info][gc,heap        ] GC(160) Humongous regions: 81->81
[681.993s][info][gc,metaspace   ] GC(160) Metaspace: 35648K(37824K)->35648K(37824K) NonClass: 26642K(26880K)->26642K(26880K) Class: 9005K(10944K)->9005K(10944K)
[681.993s][info][gc             ] GC(160) Pause Young (Normal) (G1 Evacuation Pause) 2584M->2056M(8192M) 94.528ms
[681.993s][info][gc,cpu         ] GC(160) User=0.75s Sys=0.00s Real=0.09s
.... (rIR:aIR:PR = 2618:2613:2613) (tPR = 37737) [OK] 
   684s:       rampup IR =   3927 .[686.612s][info][gc,start       ] GC(161) Pause Young (Normal) (G1 Evacuation Pause)
[686.612s][info][gc,task        ] GC(161) Using 8 workers of 8 for evacuation
[686.670s][info][gc,phases      ] GC(161)   Pre Evacuate Collection Set: 0.24ms
[686.670s][info][gc,phases      ] GC(161)   Merge Heap Roots: 0.44ms
[686.670s][info][gc,phases      ] GC(161)   Evacuate Collection Set: 57.40ms
[686.670s][info][gc,phases      ] GC(161)   Post Evacuate Collection Set: 0.62ms
[686.671s][info][gc,phases      ] GC(161)   Other: 0.06ms
[686.671s][info][gc,heap        ] GC(161) Eden regions: 207->0(191)
[686.671s][info][gc,heap        ] GC(161) Survivor regions: 6->18(27)
[686.671s][info][gc,heap        ] GC(161) Old regions: 174->174
[686.671s][info][gc,heap        ] GC(161) Humongous regions: 81->81
[686.671s][info][gc,metaspace   ] GC(161) Metaspace: 35650K(37824K)->35650K(37824K) NonClass: 26644K(26880K)->26644K(26880K) Class: 9005K(10944K)->9005K(10944K)
[686.671s][info][gc             ] GC(161) Pause Young (Normal) (G1 Evacuation Pause) 3712M->2151M(8192M) 58.885ms
[686.671s][info][gc,cpu         ] GC(161) User=0.47s Sys=0.00s Real=0.06s
... (rIR:aIR:PR = 3927:3909:3909) (tPR = 57888) [OK] 
   688s:       rampup IR =   5236 [689.748s][info][gc,start       ] GC(162) Pause Young (Normal) (G1 Evacuation Pause)
[689.749s][info][gc,task        ] GC(162) Using 8 workers of 8 for evacuation
[689.829s][info][gc,phases      ] GC(162)   Pre Evacuate Collection Set: 0.21ms
[689.829s][info][gc,phases      ] GC(162)   Merge Heap Roots: 0.41ms
[689.829s][info][gc,phases      ] GC(162)   Evacuate Collection Set: 79.07ms
[689.829s][info][gc,phases      ] GC(162)   Post Evacuate Collection Set: 0.65ms
[689.829s][info][gc,phases      ] GC(162)   Other: 0.06ms
[689.829s][info][gc,heap        ] GC(162) Eden regions: 199->0(204)
[689.829s][info][gc,heap        ] GC(162) Survivor regions: 18->24(28)
[689.829s][info][gc,heap        ] GC(162) Old regions: 174->177
[689.829s][info][gc,heap        ] GC(162) Humongous regions: 81->81
[689.829s][info][gc,metaspace   ] GC(162) Metaspace: 35650K(37824K)->35650K(37824K) NonClass: 26644K(26880K)->26644K(26880K) Class: 9005K(10944K)->9005K(10944K)
[689.829s][info][gc             ] GC(162) Pause Young (Normal) (G1 Evacuation Pause) 3743M->2228M(8192M) 80.528ms
[689.829s][info][gc,cpu         ] GC(162) User=0.63s Sys=0.00s Real=0.08s
...[692.522s][info][gc,start       ] GC(163) Pause Young (Normal) (G1 Evacuation Pause)
[692.522s][info][gc,task        ] GC(163) Using 8 workers of 8 for evacuation
[692.615s][info][gc,phases      ] GC(163)   Pre Evacuate Collection Set: 0.23ms
[692.615s][info][gc,phases      ] GC(163)   Merge Heap Roots: 0.40ms
[692.615s][info][gc,phases      ] GC(163)   Evacuate Collection Set: 91.28ms
[692.615s][info][gc,phases      ] GC(163)   Post Evacuate Collection Set: 0.60ms
[692.615s][info][gc,phases      ] GC(163)   Other: 0.05ms
[692.615s][info][gc,heap        ] GC(163) Eden regions: 211->0(246)
[692.615s][info][gc,heap        ] GC(163) Survivor regions: 24->25(30)
[692.615s][info][gc,heap        ] GC(163) Old regions: 177->186
[692.615s][info][gc,heap        ] GC(163) Humongous regions: 81->81
[692.615s][info][gc,metaspace   ] GC(163) Metaspace: 35650K(37824K)->35650K(37824K) NonClass: 26644K(26880K)->26644K(26880K) Class: 9005K(10944K)->9005K(10944K)
[692.615s][info][gc             ] GC(163) Pause Young (Normal) (G1 Evacuation Pause) 3916M->2301M(8192M) 92.719ms
[692.615s][info][gc,cpu         ] GC(163) User=0.73s Sys=0.00s Real=0.09s
. (rIR:aIR:PR = 5236:5233:5233) (tPR = 78195) [OK] 
   692s:       rampup IR =   6545 ..[695.319s][info][gc,start       ] GC(164) Pause Young (Normal) (G1 Evacuation Pause)
[695.319s][info][gc,task        ] GC(164) Using 8 workers of 8 for evacuation
[695.415s][info][gc,phases      ] GC(164)   Pre Evacuate Collection Set: 0.24ms
[695.415s][info][gc,phases      ] GC(164)   Merge Heap Roots: 0.35ms
[695.415s][info][gc,phases      ] GC(164)   Evacuate Collection Set: 95.21ms
[695.415s][info][gc,phases      ] GC(164)   Post Evacuate Collection Set: 0.68ms
[695.415s][info][gc,phases      ] GC(164)   Other: 0.05ms
[695.415s][info][gc,heap        ] GC(164) Eden regions: 255->0(279)
[695.415s][info][gc,heap        ] GC(164) Survivor regions: 25->28(35)
[695.415s][info][gc,heap        ] GC(164) Old regions: 186->193
[695.415s][info][gc,heap        ] GC(164) Humongous regions: 81->81
[695.415s][info][gc,metaspace   ] GC(164) Metaspace: 35650K(37824K)->35650K(37824K) NonClass: 26644K(26880K)->26644K(26880K) Class: 9005K(10944K)->9005K(10944K)
[695.415s][info][gc             ] GC(164) Pause Young (Normal) (G1 Evacuation Pause) 4341M->2379M(8192M) 96.673ms
[695.415s][info][gc,cpu         ] GC(164) User=0.76s Sys=0.00s Real=0.09s
.. (rIR:aIR:PR = 6545:6589:6588) (tPR = 99850) [OK] 
   696s:       rampup IR =   7853 .[698.053s][info][gc,start       ] GC(165) Pause Young (Normal) (G1 Evacuation Pause)
[698.053s][info][gc,task        ] GC(165) Using 8 workers of 8 for evacuation
[698.167s][info][gc,phases      ] GC(165)   Pre Evacuate Collection Set: 0.27ms
[698.167s][info][gc,phases      ] GC(165)   Merge Heap Roots: 0.42ms
[698.167s][info][gc,phases      ] GC(165)   Evacuate Collection Set: 112.13ms
[698.167s][info][gc,phases      ] GC(165)   Post Evacuate Collection Set: 0.88ms
[698.167s][info][gc,phases      ] GC(165)   Other: 0.07ms
[698.167s][info][gc,heap        ] GC(165) Eden regions: 286->0(311)
[698.167s][info][gc,heap        ] GC(165) Survivor regions: 28->29(40)
[698.167s][info][gc,heap        ] GC(165) Old regions: 193->200
[698.167s][info][gc,heap        ] GC(165) Humongous regions: 81->81
[698.167s][info][gc,metaspace   ] GC(165) Metaspace: 35651K(37824K)->35651K(37824K) NonClass: 26646K(26880K)->26646K(26880K) Class: 9005K(10944K)->9005K(10944K)
[698.167s][info][gc             ] GC(165) Pause Young (Normal) (G1 Evacuation Pause) 4667M->2452M(8192M) 113.903ms
[698.167s][info][gc,cpu         ] GC(165) User=0.90s Sys=0.00s Real=0.12s
..[700.801s][info][gc,start       ] GC(166) Pause Young (Normal) (G1 Evacuation Pause)
[700.801s][info][gc,task        ] GC(166) Using 8 workers of 8 for evacuation
[700.912s][info][gc,phases      ] GC(166)   Pre Evacuate Collection Set: 0.24ms
[700.912s][info][gc,phases      ] GC(166)   Merge Heap Roots: 0.37ms
[700.912s][info][gc,phases      ] GC(166)   Evacuate Collection Set: 109.42ms
[700.912s][info][gc,phases      ] GC(166)   Post Evacuate Collection Set: 0.77ms
[700.912s][info][gc,phases      ] GC(166)   Other: 0.06ms
[700.912s][info][gc,heap        ] GC(166) Eden regions: 315->0(342)
[700.912s][info][gc,heap        ] GC(166) Survivor regions: 29->33(43)
[700.912s][info][gc,heap        ] GC(166) Old regions: 200->208
[700.912s][info][gc,heap        ] GC(166) Humongous regions: 81->81
[700.912s][info][gc,metaspace   ] GC(166) Metaspace: 35651K(37824K)->35651K(37824K) NonClass: 26646K(26880K)->26646K(26880K) Class: 9005K(10944K)->9005K(10944K)
[700.912s][info][gc             ] GC(166) Pause Young (Normal) (G1 Evacuation Pause) 4972M->2543M(8192M) 110.985ms
[700.912s][info][gc,cpu         ] GC(166) User=0.88s Sys=0.00s Real=0.11s
. (rIR:aIR:PR = 7853:7810:7810) (tPR = 113182) [OK] 
   700s:       rampup IR =   9162 ..[703.429s][info][gc,start       ] GC(167) Pause Young (Normal) (G1 Evacuation Pause)
[703.429s][info][gc,task        ] GC(167) Using 8 workers of 8 for evacuation
[703.545s][info][gc,phases      ] GC(167)   Pre Evacuate Collection Set: 0.23ms
[703.545s][info][gc,phases      ] GC(167)   Merge Heap Roots: 0.38ms
[703.545s][info][gc,phases      ] GC(167)   Evacuate Collection Set: 114.21ms
[703.545s][info][gc,phases      ] GC(167)   Post Evacuate Collection Set: 0.73ms
[703.545s][info][gc,phases      ] GC(167)   Other: 0.07ms
[703.545s][info][gc,heap        ] GC(167) Eden regions: 346->0(399)
[703.545s][info][gc,heap        ] GC(167) Survivor regions: 33->33(48)
[703.545s][info][gc,heap        ] GC(167) Old regions: 208->216
[703.545s][info][gc,heap        ] GC(167) Humongous regions: 81->81
[703.545s][info][gc,metaspace   ] GC(167) Metaspace: 35651K(37824K)->35651K(37824K) NonClass: 26646K(26880K)->26646K(26880K) Class: 9005K(10944K)->9005K(10944K)
[703.545s][info][gc             ] GC(167) Pause Young (Normal) (G1 Evacuation Pause) 5311M->2610M(8192M) 115.746ms
[703.545s][info][gc,cpu         ] GC(167) User=0.91s Sys=0.00s Real=0.11s
.. (rIR:aIR:PR = 9162:9034:9056) (tPR = 137112) [OK] 
   704s:       rampup IR =  10471 .[706.385s][info][gc,start       ] GC(168) Pause Young (Normal) (G1 Evacuation Pause)
[706.385s][info][gc,task        ] GC(168) Using 8 workers of 8 for evacuation
[706.514s][info][gc,phases      ] GC(168)   Pre Evacuate Collection Set: 0.26ms
[706.514s][info][gc,phases      ] GC(168)   Merge Heap Roots: 0.40ms
[706.514s][info][gc,phases      ] GC(168)   Evacuate Collection Set: 128.00ms
[706.514s][info][gc,phases      ] GC(168)   Post Evacuate Collection Set: 0.81ms
[706.514s][info][gc,phases      ] GC(168)   Other: 0.06ms
[706.514s][info][gc,heap        ] GC(168) Eden regions: 399->0(422)
[706.514s][info][gc,heap        ] GC(168) Survivor regions: 33->36(54)
[706.514s][info][gc,heap        ] GC(168) Old regions: 216->223
[706.514s][info][gc,heap        ] GC(168) Humongous regions: 81->81
[706.514s][info][gc,metaspace   ] GC(168) Metaspace: 35652K(37824K)->35652K(37824K) NonClass: 26646K(26880K)->26646K(26880K) Class: 9005K(10944K)->9005K(10944K)
[706.514s][info][gc             ] GC(168) Pause Young (Normal) (G1 Evacuation Pause) 5802M->2692M(8192M) 129.654ms
[706.514s][info][gc,cpu         ] GC(168) User=1.03s Sys=0.00s Real=0.13s
... (rIR:aIR:PR = 10471:10671:10671) (tPR = 154215) [OK] 
   708s:       rampup IR =  11780 [709.053s][info][gc,start       ] GC(169) Pause Young (Normal) (G1 Evacuation Pause)
[709.053s][info][gc,task        ] GC(169) Using 8 workers of 8 for evacuation
[709.181s][info][gc,phases      ] GC(169)   Pre Evacuate Collection Set: 0.28ms
[709.181s][info][gc,phases      ] GC(169)   Merge Heap Roots: 0.46ms
[709.181s][info][gc,phases      ] GC(169)   Evacuate Collection Set: 126.22ms
[709.181s][info][gc,phases      ] GC(169)   Post Evacuate Collection Set: 0.85ms
[709.181s][info][gc,phases      ] GC(169)   Other: 0.07ms
[709.181s][info][gc,heap        ] GC(169) Eden regions: 421->0(475)
[709.181s][info][gc,heap        ] GC(169) Survivor regions: 36->37(58)
[709.181s][info][gc,heap        ] GC(169) Old regions: 223->231
[709.181s][info][gc,heap        ] GC(169) Humongous regions: 81->81
[709.181s][info][gc,metaspace   ] GC(169) Metaspace: 35652K(37824K)->35652K(37824K) NonClass: 26646K(26880K)->26646K(26880K) Class: 9005K(10944K)->9005K(10944K)
[709.181s][info][gc             ] GC(169) Pause Young (Normal) (G1 Evacuation Pause) 6060M->2757M(8192M) 128.016ms
[709.181s][info][gc,cpu         ] GC(169) User=1.01s Sys=0.00s Real=0.13s
..[711.925s][info][gc,start       ] GC(170) Pause Young (Normal) (G1 Evacuation Pause)
[711.926s][info][gc,task        ] GC(170) Using 8 workers of 8 for evacuation
[712.062s][info][gc,phases      ] GC(170)   Pre Evacuate Collection Set: 0.25ms
[712.062s][info][gc,phases      ] GC(170)   Merge Heap Roots: 0.43ms
[712.062s][info][gc,phases      ] GC(170)   Evacuate Collection Set: 134.71ms
[712.062s][info][gc,phases      ] GC(170)   Post Evacuate Collection Set: 0.97ms
[712.062s][info][gc,phases      ] GC(170)   Other: 0.08ms
[712.062s][info][gc,heap        ] GC(170) Eden regions: 471->0(501)
[712.062s][info][gc,heap        ] GC(170) Survivor regions: 37->40(64)
[712.062s][info][gc,heap        ] GC(170) Old regions: 231->238
[712.062s][info][gc,heap        ] GC(170) Humongous regions: 81->81
[712.062s][info][gc,metaspace   ] GC(170) Metaspace: 35652K(37824K)->35652K(37824K) NonClass: 26646K(26880K)->26646K(26880K) Class: 9005K(10944K)->9005K(10944K)
[712.062s][info][gc             ] GC(170) Pause Young (Normal) (G1 Evacuation Pause) 6525M->2840M(8192M) 136.595ms
[712.062s][info][gc,cpu         ] GC(170) User=1.08s Sys=0.01s Real=0.14s
...[714.750s][info][gc,start       ] GC(171) Pause Young (Normal) (G1 Evacuation Pause)
[714.750s][info][gc,task        ] GC(171) Using 8 workers of 8 for evacuation
[714.885s][info][gc,phases      ] GC(171)   Pre Evacuate Collection Set: 0.25ms
[714.885s][info][gc,phases      ] GC(171)   Merge Heap Roots: 0.44ms
[714.885s][info][gc,phases      ] GC(171)   Evacuate Collection Set: 133.71ms
[714.885s][info][gc,phases      ] GC(171)   Post Evacuate Collection Set: 0.91ms
[714.885s][info][gc,phases      ] GC(171)   Other: 0.06ms
[714.885s][info][gc,heap        ] GC(171) Eden regions: 497->0(563)
[714.885s][info][gc,heap        ] GC(171) Survivor regions: 40->40(68)
[714.885s][info][gc,heap        ] GC(171) Old regions: 238->246
[714.885s][info][gc,heap        ] GC(171) Humongous regions: 81->81
[714.885s][info][gc,metaspace   ] GC(171) Metaspace: 35652K(37824K)->35652K(37824K) NonClass: 26646K(26880K)->26646K(26880K) Class: 9005K(10944K)->9005K(10944K)
[714.885s][info][gc             ] GC(171) Pause Young (Normal) (G1 Evacuation Pause) 6816M->2903M(8192M) 135.498ms
[714.886s][info][gc,cpu         ] GC(171) User=1.07s Sys=0.00s Real=0.13s
. (rIR:aIR:PR = 11780:11650:11606) (tPR = 173138) [OK] 
   714s:       rampup IR =  13089 ..[717.857s][info][gc,start       ] GC(172) Pause Young (Normal) (G1 Evacuation Pause)
[717.857s][info][gc,task        ] GC(172) Using 8 workers of 8 for evacuation
[718.004s][info][gc,phases      ] GC(172)   Pre Evacuate Collection Set: 0.27ms
[718.004s][info][gc,phases      ] GC(172)   Merge Heap Roots: 0.48ms
[718.004s][info][gc,phases      ] GC(172)   Evacuate Collection Set: 145.05ms
[718.004s][info][gc,phases      ] GC(172)   Post Evacuate Collection Set: 1.11ms
[718.004s][info][gc,phases      ] GC(172)   Other: 0.06ms
[718.004s][info][gc,heap        ] GC(172) Eden regions: 562->0(552)
[718.004s][info][gc,heap        ] GC(172) Survivor regions: 40->43(76)
[718.004s][info][gc,heap        ] GC(172) Old regions: 246->253
[718.004s][info][gc,heap        ] GC(172) Humongous regions: 81->81
[718.004s][info][gc,metaspace   ] GC(172) Metaspace: 35652K(37824K)->35652K(37824K) NonClass: 26646K(26880K)->26646K(26880K) Class: 9005K(10944K)->9005K(10944K)
[718.004s][info][gc             ] GC(172) Pause Young (Normal) (G1 Evacuation Pause) 7399M->2982M(8192M) 147.108ms
[718.004s][info][gc,cpu         ] GC(172) User=1.17s Sys=0.00s Real=0.14s
...[720.771s][info][gc,start       ] GC(173) Pause Young (Normal) (G1 Evacuation Pause)
[720.771s][info][gc,task        ] GC(173) Using 8 workers of 8 for evacuation
[720.920s][info][gc,phases      ] GC(173)   Pre Evacuate Collection Set: 0.22ms
[720.920s][info][gc,phases      ] GC(173)   Merge Heap Roots: 0.45ms
[720.920s][info][gc,phases      ] GC(173)   Evacuate Collection Set: 147.10ms
[720.920s][info][gc,phases      ] GC(173)   Post Evacuate Collection Set: 0.99ms
[720.920s][info][gc,phases      ] GC(173)   Other: 0.07ms
[720.920s][info][gc,heap        ] GC(173) Eden regions: 552->0(542)
[720.920s][info][gc,heap        ] GC(173) Survivor regions: 43->45(75)
[720.920s][info][gc,heap        ] GC(173) Old regions: 253->259
[720.920s][info][gc,heap        ] GC(173) Humongous regions: 81->81
[720.920s][info][gc,metaspace   ] GC(173) Metaspace: 35652K(37824K)->35652K(37824K) NonClass: 26646K(26880K)->26646K(26880K) Class: 9005K(10944K)->9005K(10944K)
[720.920s][info][gc             ] GC(173) Pause Young (Normal) (G1 Evacuation Pause) 7398M->3043M(8192M) 148.970ms
[720.920s][info][gc,cpu         ] GC(173) User=1.18s Sys=0.00s Real=0.15s
.. (rIR:aIR:PR = 13089:13125:12648) (tPR = 193232) [OK] 
   721s:       trying IR =  13189 .[723.628s][info][gc,start       ] GC(174) Pause Young (Normal) (G1 Evacuation Pause)
[723.628s][info][gc,task        ] GC(174) Using 8 workers of 8 for evacuation
[723.779s][info][gc,phases      ] GC(174)   Pre Evacuate Collection Set: 0.24ms
[723.780s][info][gc,phases      ] GC(174)   Merge Heap Roots: 0.47ms
[723.780s][info][gc,phases      ] GC(174)   Evacuate Collection Set: 149.97ms
[723.780s][info][gc,phases      ] GC(174)   Post Evacuate Collection Set: 1.01ms
[723.780s][info][gc,phases      ] GC(174)   Other: 0.06ms
[723.780s][info][gc,heap        ] GC(174) Eden regions: 542->0(534)
[723.780s][info][gc,heap        ] GC(174) Survivor regions: 45->45(74)
[723.780s][info][gc,heap        ] GC(174) Old regions: 259->267
[723.780s][info][gc,heap        ] GC(174) Humongous regions: 81->81
[723.780s][info][gc,metaspace   ] GC(174) Metaspace: 35656K(37824K)->35656K(37824K) NonClass: 26650K(26880K)->26650K(26880K) Class: 9005K(10944K)->9005K(10944K)
[723.780s][info][gc             ] GC(174) Pause Young (Normal) (G1 Evacuation Pause) 7379M->3106M(8192M) 151.876ms
[723.780s][info][gc,cpu         ] GC(174) User=1.20s Sys=0.00s Real=0.15s
...[726.486s][info][gc,start       ] GC(175) Pause Young (Normal) (G1 Evacuation Pause)
[726.486s][info][gc,task        ] GC(175) Using 8 workers of 8 for evacuation
[726.632s][info][gc,phases      ] GC(175)   Pre Evacuate Collection Set: 0.24ms
[726.632s][info][gc,phases      ] GC(175)   Merge Heap Roots: 0.47ms
[726.632s][info][gc,phases      ] GC(175)   Evacuate Collection Set: 144.52ms
[726.632s][info][gc,phases      ] GC(175)   Post Evacuate Collection Set: 1.01ms
[726.632s][info][gc,phases      ] GC(175)   Other: 0.07ms
[726.632s][info][gc,heap        ] GC(175) Eden regions: 534->0(531)
[726.632s][info][gc,heap        ] GC(175) Survivor regions: 45->43(73)
[726.632s][info][gc,heap        ] GC(175) Old regions: 267->274
[726.632s][info][gc,heap        ] GC(175) Humongous regions: 81->81
[726.632s][info][gc,metaspace   ] GC(175) Metaspace: 35656K(37824K)->35656K(37824K) NonClass: 26650K(26880K)->26650K(26880K) Class: 9005K(10944K)->9005K(10944K)
[726.632s][info][gc             ] GC(175) Pause Young (Normal) (G1 Evacuation Pause) 7378M->3154M(8192M) 146.434ms
[726.632s][info][gc,cpu         ] GC(175) User=1.16s Sys=0.00s Real=0.15s
... (rIR:aIR:PR = 13189:13091:12922) (tPR = 194389) [OK] 
   728s:       trying IR =  13209 [729.261s][info][gc,start       ] GC(176) Pause Young (Normal) (G1 Evacuation Pause)
[729.261s][info][gc,task        ] GC(176) Using 8 workers of 8 for evacuation
[729.408s][info][gc,phases      ] GC(176)   Pre Evacuate Collection Set: 0.23ms
[729.408s][info][gc,phases      ] GC(176)   Merge Heap Roots: 0.47ms
[729.408s][info][gc,phases      ] GC(176)   Evacuate Collection Set: 145.46ms
[729.408s][info][gc,phases      ] GC(176)   Post Evacuate Collection Set: 0.97ms
[729.408s][info][gc,phases      ] GC(176)   Other: 0.07ms
[729.408s][info][gc,heap        ] GC(176) Eden regions: 531->0(523)
[729.408s][info][gc,heap        ] GC(176) Survivor regions: 43->43(72)
[729.408s][info][gc,heap        ] GC(176) Old regions: 274->282
[729.408s][info][gc,heap        ] GC(176) Humongous regions: 81->81
[729.408s][info][gc,metaspace   ] GC(176) Metaspace: 35656K(37824K)->35656K(37824K) NonClass: 26650K(26880K)->26650K(26880K) Class: 9005K(10944K)->9005K(10944K)
[729.408s][info][gc             ] GC(176) Pause Young (Normal) (G1 Evacuation Pause) 7402M->3210M(8192M) 147.324ms
[729.408s][info][gc,cpu         ] GC(176) User=1.17s Sys=0.00s Real=0.15s
..[732.050s][info][gc,start       ] GC(177) Pause Young (Normal) (G1 Evacuation Pause)
[732.051s][info][gc,task        ] GC(177) Using 8 workers of 8 for evacuation
[732.196s][info][gc,phases      ] GC(177)   Pre Evacuate Collection Set: 0.23ms
[732.197s][info][gc,phases      ] GC(177)   Merge Heap Roots: 0.47ms
[732.197s][info][gc,phases      ] GC(177)   Evacuate Collection Set: 144.21ms
[732.197s][info][gc,phases      ] GC(177)   Post Evacuate Collection Set: 0.86ms
[732.197s][info][gc,phases      ] GC(177)   Other: 0.06ms
[732.197s][info][gc,heap        ] GC(177) Eden regions: 523->0(514)
[732.197s][info][gc,heap        ] GC(177) Survivor regions: 43->44(71)
[732.197s][info][gc,heap        ] GC(177) Old regions: 282->289
[732.197s][info][gc,heap        ] GC(177) Humongous regions: 81->81
[732.197s][info][gc,metaspace   ] GC(177) Metaspace: 35656K(37824K)->35656K(37824K) NonClass: 26650K(26880K)->26650K(26880K) Class: 9005K(10944K)->9005K(10944K)
[732.197s][info][gc             ] GC(177) Pause Young (Normal) (G1 Evacuation Pause) 7394M->3278M(8192M) 146.722ms
[732.197s][info][gc,cpu         ] GC(177) User=1.16s Sys=0.00s Real=0.15s
... (rIR:aIR:PR = 13209:13352:13053) (tPR = 194196) [OK] 
   733s:       trying IR =  13233 [734.728s][info][gc,start       ] GC(178) Pause Young (Normal) (G1 Evacuation Pause)
[734.728s][info][gc,task        ] GC(178) Using 8 workers of 8 for evacuation
[734.875s][info][gc,phases      ] GC(178)   Pre Evacuate Collection Set: 0.24ms
[734.875s][info][gc,phases      ] GC(178)   Merge Heap Roots: 0.51ms
[734.875s][info][gc,phases      ] GC(178)   Evacuate Collection Set: 145.44ms
[734.875s][info][gc,phases      ] GC(178)   Post Evacuate Collection Set: 0.99ms
[734.875s][info][gc,phases      ] GC(178)   Other: 0.06ms
[734.875s][info][gc,heap        ] GC(178) Eden regions: 514->0(508)
[734.875s][info][gc,heap        ] GC(178) Survivor regions: 44->43(70)
[734.875s][info][gc,heap        ] GC(178) Old regions: 289->297
[734.875s][info][gc,heap        ] GC(178) Humongous regions: 81->81
[734.875s][info][gc,metaspace   ] GC(178) Metaspace: 35656K(37824K)->35656K(37824K) NonClass: 26650K(26880K)->26650K(26880K) Class: 9005K(10944K)->9005K(10944K)
[734.875s][info][gc             ] GC(178) Pause Young (Normal) (G1 Evacuation Pause) 7390M->3331M(8192M) 147.374ms
[734.875s][info][gc,cpu         ] GC(178) User=1.16s Sys=0.00s Real=0.14s
...[737.424s][info][gc,start       ] GC(179) Pause Young (Normal) (G1 Evacuation Pause)
[737.424s][info][gc,task        ] GC(179) Using 8 workers of 8 for evacuation
[737.571s][info][gc,phases      ] GC(179)   Pre Evacuate Collection Set: 0.22ms
[737.571s][info][gc,phases      ] GC(179)   Merge Heap Roots: 0.48ms
[737.571s][info][gc,phases      ] GC(179)   Evacuate Collection Set: 145.76ms
[737.571s][info][gc,phases      ] GC(179)   Post Evacuate Collection Set: 0.98ms
[737.571s][info][gc,phases      ] GC(179)   Other: 0.06ms
[737.571s][info][gc,heap        ] GC(179) Eden regions: 508->0(501)
[737.571s][info][gc,heap        ] GC(179) Survivor regions: 43->43(69)
[737.571s][info][gc,heap        ] GC(179) Old regions: 297->304
[737.571s][info][gc,heap        ] GC(179) Humongous regions: 81->81
[737.571s][info][gc,metaspace   ] GC(179) Metaspace: 35656K(37824K)->35656K(37824K) NonClass: 26650K(26880K)->26650K(26880K) Class: 9005K(10944K)->9005K(10944K)
[737.571s][info][gc             ] GC(179) Pause Young (Normal) (G1 Evacuation Pause) 7395M->3396M(8192M) 147.625ms
[737.571s][info][gc,cpu         ] GC(179) User=1.16s Sys=0.01s Real=0.15s
.. (rIR:aIR:PR = 13233:13056:13151) (tPR = 199890) [OK] 
   739s:       trying IR =  13262 [740.103s][info][gc,start       ] GC(180) Pause Young (Normal) (G1 Evacuation Pause)
[740.103s][info][gc,task        ] GC(180) Using 8 workers of 8 for evacuation
[740.251s][info][gc,phases      ] GC(180)   Pre Evacuate Collection Set: 0.21ms
[740.251s][info][gc,phases      ] GC(180)   Merge Heap Roots: 0.46ms
[740.251s][info][gc,phases      ] GC(180)   Evacuate Collection Set: 146.44ms
[740.251s][info][gc,phases      ] GC(180)   Post Evacuate Collection Set: 0.83ms
[740.251s][info][gc,phases      ] GC(180)   Other: 0.07ms
[740.251s][info][gc,heap        ] GC(180) Eden regions: 501->0(493)
[740.251s][info][gc,heap        ] GC(180) Survivor regions: 43->43(68)
[740.251s][info][gc,heap        ] GC(180) Old regions: 304->312
[740.251s][info][gc,heap        ] GC(180) Humongous regions: 81->81
[740.251s][info][gc,metaspace   ] GC(180) Metaspace: 35661K(37888K)->35661K(37888K) NonClass: 26655K(26944K)->26655K(26944K) Class: 9005K(10944K)->9005K(10944K)
[740.251s][info][gc             ] GC(180) Pause Young (Normal) (G1 Evacuation Pause) 7404M->3456M(8192M) 148.168ms
[740.251s][info][gc,cpu         ] GC(180) User=1.17s Sys=0.00s Real=0.15s
...[742.694s][info][gc,start       ] GC(181) Pause Young (Normal) (G1 Evacuation Pause)
[742.694s][info][gc,task        ] GC(181) Using 8 workers of 8 for evacuation
[742.839s][info][gc,phases      ] GC(181)   Pre Evacuate Collection Set: 0.23ms
[742.839s][info][gc,phases      ] GC(181)   Merge Heap Roots: 0.47ms
[742.839s][info][gc,phases      ] GC(181)   Evacuate Collection Set: 143.69ms
[742.839s][info][gc,phases      ] GC(181)   Post Evacuate Collection Set: 0.95ms
[742.839s][info][gc,phases      ] GC(181)   Other: 0.06ms
[742.839s][info][gc,heap        ] GC(181) Eden regions: 493->0(485)
[742.839s][info][gc,heap        ] GC(181) Survivor regions: 43->43(67)
[742.839s][info][gc,heap        ] GC(181) Old regions: 312->320
[742.839s][info][gc,heap        ] GC(181) Humongous regions: 81->81
[742.839s][info][gc,metaspace   ] GC(181) Metaspace: 35661K(37888K)->35661K(37888K) NonClass: 26655K(26944K)->26655K(26944K) Class: 9005K(10944K)->9005K(10944K)
[742.839s][info][gc             ] GC(181) Pause Young (Normal) (G1 Evacuation Pause) 7400M->3520M(8192M) 145.546ms
[742.839s][info][gc,cpu         ] GC(181) User=1.15s Sys=0.00s Real=0.15s
...[745.307s][info][gc,start       ] GC(182) Pause Young (Normal) (G1 Evacuation Pause)
[745.307s][info][gc,task        ] GC(182) Using 8 workers of 8 for evacuation
[745.444s][info][gc,phases      ] GC(182)   Pre Evacuate Collection Set: 0.26ms
[745.444s][info][gc,phases      ] GC(182)   Merge Heap Roots: 0.53ms
[745.444s][info][gc,phases      ] GC(182)   Evacuate Collection Set: 135.26ms
[745.444s][info][gc,phases      ] GC(182)   Post Evacuate Collection Set: 0.89ms
[745.444s][info][gc,phases      ] GC(182)   Other: 0.06ms
[745.444s][info][gc,heap        ] GC(182) Eden regions: 485->0(483)
[745.444s][info][gc,heap        ] GC(182) Survivor regions: 43->40(66)
[745.444s][info][gc,heap        ] GC(182) Old regions: 320->328
[745.444s][info][gc,heap        ] GC(182) Humongous regions: 81->81
[745.444s][info][gc,metaspace   ] GC(182) Metaspace: 35661K(37888K)->35661K(37888K) NonClass: 26655K(26944K)->26655K(26944K) Class: 9005K(10944K)->9005K(10944K)
[745.444s][info][gc             ] GC(182) Pause Young (Normal) (G1 Evacuation Pause) 7400M->3562M(8192M) 137.141ms
[745.444s][info][gc,cpu         ] GC(182) User=1.08s Sys=0.00s Real=0.14s
..[747.790s][info][gc,start       ] GC(183) Pause Young (Normal) (G1 Evacuation Pause)
[747.790s][info][gc,task        ] GC(183) Using 8 workers of 8 for evacuation
[747.929s][info][gc,phases      ] GC(183)   Pre Evacuate Collection Set: 0.23ms
[747.929s][info][gc,phases      ] GC(183)   Merge Heap Roots: 0.48ms
[747.929s][info][gc,phases      ] GC(183)   Evacuate Collection Set: 137.70ms
[747.929s][info][gc,phases      ] GC(183)   Post Evacuate Collection Set: 0.88ms
[747.929s][info][gc,phases      ] GC(183)   Other: 0.06ms
[747.929s][info][gc,heap        ] GC(183) Eden regions: 483->0(475)
[747.929s][info][gc,heap        ] GC(183) Survivor regions: 40->40(66)
[747.929s][info][gc,heap        ] GC(183) Old regions: 328->336
[747.929s][info][gc,heap        ] GC(183) Humongous regions: 81->81
[747.929s][info][gc,metaspace   ] GC(183) Metaspace: 35661K(37888K)->35661K(37888K) NonClass: 26655K(26944K)->26655K(26944K) Class: 9005K(10944K)->9005K(10944K)
[747.929s][info][gc             ] GC(183) Pause Young (Normal) (G1 Evacuation Pause) 7426M->3625M(8192M) 139.484ms
[747.929s][info][gc,cpu         ] GC(183) User=1.10s Sys=0.00s Real=0.14s
... (rIR:aIR:PR = 13262:13732:13073) (tPR = 189139) [OK] 
   750s:       trying IR =  13296 [750.412s][info][gc,start       ] GC(184) Pause Young (Normal) (G1 Evacuation Pause)
[750.412s][info][gc,task        ] GC(184) Using 8 workers of 8 for evacuation
[750.554s][info][gc,phases      ] GC(184)   Pre Evacuate Collection Set: 0.22ms
[750.554s][info][gc,phases      ] GC(184)   Merge Heap Roots: 0.47ms
[750.554s][info][gc,phases      ] GC(184)   Evacuate Collection Set: 140.52ms
[750.554s][info][gc,phases      ] GC(184)   Post Evacuate Collection Set: 0.96ms
[750.554s][info][gc,phases      ] GC(184)   Other: 0.06ms
[750.554s][info][gc,heap        ] GC(184) Eden regions: 475->0(465)
[750.554s][info][gc,heap        ] GC(184) Survivor regions: 40->41(65)
[750.554s][info][gc,heap        ] GC(184) Old regions: 336->344
[750.554s][info][gc,heap        ] GC(184) Humongous regions: 81->81
[750.554s][info][gc,metaspace   ] GC(184) Metaspace: 35661K(37888K)->35661K(37888K) NonClass: 26655K(26944K)->26655K(26944K) Class: 9005K(10944K)->9005K(10944K)
[750.554s][info][gc             ] GC(184) Pause Young (Normal) (G1 Evacuation Pause) 7425M->3691M(8192M) 142.364ms
[750.554s][info][gc,cpu         ] GC(184) User=1.12s Sys=0.00s Real=0.14s
..[752.840s][info][gc,start       ] GC(185) Pause Young (Normal) (G1 Evacuation Pause)
[752.840s][info][gc,task        ] GC(185) Using 8 workers of 8 for evacuation
[752.987s][info][gc,phases      ] GC(185)   Pre Evacuate Collection Set: 0.23ms
[752.987s][info][gc,phases      ] GC(185)   Merge Heap Roots: 0.48ms
[752.987s][info][gc,phases      ] GC(185)   Evacuate Collection Set: 145.13ms
[752.987s][info][gc,phases      ] GC(185)   Post Evacuate Collection Set: 0.90ms
[752.987s][info][gc,phases      ] GC(185)   Other: 0.06ms
[752.987s][info][gc,heap        ] GC(185) Eden regions: 465->0(457)
[752.987s][info][gc,heap        ] GC(185) Survivor regions: 41->41(64)
[752.987s][info][gc,heap        ] GC(185) Old regions: 344->352
[752.987s][info][gc,heap        ] GC(185) Humongous regions: 81->81
[752.987s][info][gc,metaspace   ] GC(185) Metaspace: 35661K(37888K)->35661K(37888K) NonClass: 26655K(26944K)->26655K(26944K) Class: 9005K(10944K)->9005K(10944K)
[752.987s][info][gc             ] GC(185) Pause Young (Normal) (G1 Evacuation Pause) 7411M->3761M(8192M) 146.928ms
[752.987s][info][gc,cpu         ] GC(185) User=1.16s Sys=0.00s Real=0.15s
... (rIR:aIR:PR = 13296:13705:12689) (tPR = 188882) [OK] 
   755s:       trying IR =  13338 [755.402s][info][gc,start       ] GC(186) Pause Young (Normal) (G1 Evacuation Pause)
[755.403s][info][gc,task        ] GC(186) Using 8 workers of 8 for evacuation
[755.538s][info][gc,phases      ] GC(186)   Pre Evacuate Collection Set: 0.23ms
[755.538s][info][gc,phases      ] GC(186)   Merge Heap Roots: 0.48ms
[755.538s][info][gc,phases      ] GC(186)   Evacuate Collection Set: 134.00ms
[755.538s][info][gc,phases      ] GC(186)   Post Evacuate Collection Set: 0.86ms
[755.538s][info][gc,phases      ] GC(186)   Other: 0.06ms
[755.538s][info][gc,heap        ] GC(186) Eden regions: 457->0(451)
[755.538s][info][gc,heap        ] GC(186) Survivor regions: 41->40(63)
[755.538s][info][gc,heap        ] GC(186) Old regions: 352->360
[755.538s][info][gc,heap        ] GC(186) Humongous regions: 81->81
[755.538s][info][gc,metaspace   ] GC(186) Metaspace: 35662K(37888K)->35662K(37888K) NonClass: 26656K(26944K)->26656K(26944K) Class: 9005K(10944K)->9005K(10944K)
[755.538s][info][gc             ] GC(186) Pause Young (Normal) (G1 Evacuation Pause) 7417M->3816M(8192M) 135.750ms
[755.538s][info][gc,cpu         ] GC(186) User=1.08s Sys=0.00s Real=0.14s
..[757.800s][info][gc,start       ] GC(187) Pause Young (Normal) (G1 Evacuation Pause)
[757.800s][info][gc,task        ] GC(187) Using 8 workers of 8 for evacuation
[757.945s][info][gc,phases      ] GC(187)   Pre Evacuate Collection Set: 0.22ms
[757.945s][info][gc,phases      ] GC(187)   Merge Heap Roots: 0.45ms
[757.945s][info][gc,phases      ] GC(187)   Evacuate Collection Set: 143.55ms
[757.945s][info][gc,phases      ] GC(187)   Post Evacuate Collection Set: 0.89ms
[757.945s][info][gc,phases      ] GC(187)   Other: 0.06ms
[757.945s][info][gc,heap        ] GC(187) Eden regions: 451->0(440)
[757.945s][info][gc,heap        ] GC(187) Survivor regions: 40->41(62)
[757.945s][info][gc,heap        ] GC(187) Old regions: 360->369
[757.945s][info][gc,heap        ] GC(187) Humongous regions: 81->81
[757.945s][info][gc,metaspace   ] GC(187) Metaspace: 35662K(37888K)->35662K(37888K) NonClass: 26656K(26944K)->26656K(26944K) Class: 9005K(10944K)->9005K(10944K)
[757.945s][info][gc             ] GC(187) Pause Young (Normal) (G1 Evacuation Pause) 7424M->3891M(8192M) 145.309ms
[757.945s][info][gc,cpu         ] GC(187) User=1.15s Sys=0.00s Real=0.14s
..[760.140s][info][gc,start       ] GC(188) Pause Young (Normal) (G1 Evacuation Pause)
[760.140s][info][gc,task        ] GC(188) Using 8 workers of 8 for evacuation
[760.288s][info][gc,phases      ] GC(188)   Pre Evacuate Collection Set: 0.21ms
[760.288s][info][gc,phases      ] GC(188)   Merge Heap Roots: 0.45ms
[760.288s][info][gc,phases      ] GC(188)   Evacuate Collection Set: 145.88ms
[760.288s][info][gc,phases      ] GC(188)   Post Evacuate Collection Set: 0.86ms
[760.288s][info][gc,phases      ] GC(188)   Other: 0.06ms
[760.288s][info][gc,heap        ] GC(188) Eden regions: 440->0(428)
[760.288s][info][gc,heap        ] GC(188) Survivor regions: 41->43(61)
[760.288s][info][gc,heap        ] GC(188) Old regions: 369->377
[760.288s][info][gc,heap        ] GC(188) Humongous regions: 81->81
[760.288s][info][gc,metaspace   ] GC(188) Metaspace: 35662K(37888K)->35662K(37888K) NonClass: 26656K(26944K)->26656K(26944K) Class: 9005K(10944K)->9005K(10944K)
[760.288s][info][gc             ] GC(188) Pause Young (Normal) (G1 Evacuation Pause) 7411M->3980M(8192M) 147.583ms
[760.288s][info][gc,cpu         ] GC(188) User=1.17s Sys=0.00s Real=0.15s
...[762.346s][info][gc,start       ] GC(189) Pause Young (Normal) (G1 Evacuation Pause)
[762.346s][info][gc,task        ] GC(189) Using 8 workers of 8 for evacuation
[762.488s][info][gc,phases      ] GC(189)   Pre Evacuate Collection Set: 0.22ms
[762.488s][info][gc,phases      ] GC(189)   Merge Heap Roots: 0.46ms
[762.488s][info][gc,phases      ] GC(189)   Evacuate Collection Set: 140.20ms
[762.488s][info][gc,phases      ] GC(189)   Post Evacuate Collection Set: 0.82ms
[762.488s][info][gc,phases      ] GC(189)   Other: 0.07ms
[762.488s][info][gc,heap        ] GC(189) Eden regions: 428->0(423)
[762.488s][info][gc,heap        ] GC(189) Survivor regions: 43->41(59)
[762.488s][info][gc,heap        ] GC(189) Old regions: 377->386
[762.488s][info][gc,heap        ] GC(189) Humongous regions: 81->81
[762.488s][info][gc,metaspace   ] GC(189) Metaspace: 35663K(37888K)->35663K(37888K) NonClass: 26657K(26944K)->26657K(26944K) Class: 9005K(10944K)->9005K(10944K)
[762.488s][info][gc             ] GC(189) Pause Young (Normal) (G1 Evacuation Pause) 7404M->4029M(8192M) 141.884ms
[762.488s][info][gc,cpu         ] GC(189) User=1.13s Sys=0.00s Real=0.15s
. (rIR:aIR:PR = 13338:13165:12794) (tPR = 190848) [OK] 
   763s:       trying IR =  13388 .[764.497s][info][gc,start       ] GC(190) Pause Young (Concurrent Start) (G1 Evacuation Pause)
[764.497s][info][gc,task        ] GC(190) Using 8 workers of 8 for evacuation
[764.630s][info][gc,phases      ] GC(190)   Pre Evacuate Collection Set: 0.28ms
[764.630s][info][gc,phases      ] GC(190)   Merge Heap Roots: 0.47ms
[764.630s][info][gc,phases      ] GC(190)   Evacuate Collection Set: 131.27ms
[764.630s][info][gc,phases      ] GC(190)   Post Evacuate Collection Set: 0.84ms
[764.630s][info][gc,phases      ] GC(190)   Other: 0.07ms
[764.630s][info][gc,heap        ] GC(190) Eden regions: 423->0(421)
[764.630s][info][gc,heap        ] GC(190) Survivor regions: 41->38(58)
[764.630s][info][gc,heap        ] GC(190) Old regions: 386->394
[764.630s][info][gc,heap        ] GC(190) Humongous regions: 81->81
[764.630s][info][gc,metaspace   ] GC(190) Metaspace: 35663K(37888K)->35663K(37888K) NonClass: 26657K(26944K)->26657K(26944K) Class: 9005K(10944K)->9005K(10944K)
[764.630s][info][gc             ] GC(190) Pause Young (Concurrent Start) (G1 Evacuation Pause) 7413M->4073M(8192M) 133.047ms
[764.630s][info][gc             ] GC(191) Concurrent Mark Cycle
[764.630s][info][gc,marking     ] GC(191) Concurrent Scan Root Regions
[764.630s][info][gc,cpu         ] GC(190) User=1.06s Sys=0.00s Real=0.13s
[764.926s][info][gc,marking     ] GC(191) Concurrent Scan Root Regions 295.191ms
[764.926s][info][gc,marking     ] GC(191) Concurrent Mark
[764.926s][info][gc,marking     ] GC(191) Concurrent Mark From Roots
[764.926s][info][gc,task        ] GC(191) Using 2 workers of 2 for marking
.[766.187s][info][gc,marking     ] GC(191) Concurrent Mark From Roots 1261.103ms
[766.187s][info][gc,marking     ] GC(191) Concurrent Preclean
[766.187s][info][gc,marking     ] GC(191) Concurrent Preclean 0.413ms
[766.187s][info][gc,start       ] GC(191) Pause Remark
[766.191s][info][gc             ] GC(191) Pause Remark 5789M->4677M(8192M) 3.523ms
[766.191s][info][gc,cpu         ] GC(191) User=0.03s Sys=0.00s Real=0.00s
[766.191s][info][gc,marking     ] GC(191) Concurrent Mark 1265.366ms
[766.191s][info][gc,marking     ] GC(191) Concurrent Rebuild Remembered Sets and Scrub Regions
.[767.051s][info][gc,marking     ] GC(191) Concurrent Rebuild Remembered Sets and Scrub Regions 860.164ms
[767.051s][info][gc,start       ] GC(191) Pause Cleanup
[767.052s][info][gc             ] GC(191) Pause Cleanup 5669M->5669M(8192M) 0.284ms
[767.052s][info][gc,cpu         ] GC(191) User=0.00s Sys=0.00s Real=0.00s
[767.052s][info][gc,marking     ] GC(191) Concurrent Clear Claimed Marks
[767.052s][info][gc,marking     ] GC(191) Concurrent Clear Claimed Marks 0.045ms
[767.052s][info][gc,marking     ] GC(191) Concurrent Cleanup for Next Mark
[767.063s][info][gc,marking     ] GC(191) Concurrent Cleanup for Next Mark 10.929ms
[767.063s][info][gc             ] GC(191) Concurrent Mark Cycle 2432.354ms
.[767.509s][info][gc,start       ] GC(192) Pause Young (Prepare Mixed) (G1 Evacuation Pause)
[767.509s][info][gc,task        ] GC(192) Using 8 workers of 8 for evacuation
[767.651s][info][gc,phases      ] GC(192)   Pre Evacuate Collection Set: 0.25ms
[767.652s][info][gc,phases      ] GC(192)   Merge Heap Roots: 0.62ms
[767.652s][info][gc,phases      ] GC(192)   Evacuate Collection Set: 140.87ms
[767.652s][info][gc,phases      ] GC(192)   Post Evacuate Collection Set: 1.00ms
[767.652s][info][gc,phases      ] GC(192)   Other: 0.06ms
[767.652s][info][gc,heap        ] GC(192) Eden regions: 421->0(545)
[767.652s][info][gc,heap        ] GC(192) Survivor regions: 38->41(58)
[767.652s][info][gc,heap        ] GC(192) Old regions: 303->312
[767.652s][info][gc,heap        ] GC(192) Humongous regions: 33->33
[767.652s][info][gc,metaspace   ] GC(192) Metaspace: 35663K(37888K)->35663K(37888K) NonClass: 26657K(26944K)->26657K(26944K) Class: 9005K(10944K)->9005K(10944K)
[767.652s][info][gc             ] GC(192) Pause Young (Prepare Mixed) (G1 Evacuation Pause) 6329M->3054M(8192M) 142.928ms
[767.652s][info][gc,cpu         ] GC(192) User=1.13s Sys=0.00s Real=0.14s
...[770.394s][info][gc,start       ] GC(193) Pause Young (Mixed) (G1 Evacuation Pause)
[770.394s][info][gc,task        ] GC(193) Using 8 workers of 8 for evacuation
[770.540s][info][gc,phases      ] GC(193)   Pre Evacuate Collection Set: 0.25ms
[770.540s][info][gc,phases      ] GC(193)   Merge Heap Roots: 0.70ms
[770.540s][info][gc,phases      ] GC(193)   Evacuate Collection Set: 144.19ms
[770.540s][info][gc,phases      ] GC(193)   Post Evacuate Collection Set: 1.34ms
[770.540s][info][gc,phases      ] GC(193)   Other: 0.08ms
[770.540s][info][gc,heap        ] GC(193) Eden regions: 545->0(573)
[770.540s][info][gc,heap        ] GC(193) Survivor regions: 41->41(74)
[770.540s][info][gc,heap        ] GC(193) Old regions: 312->216
[770.540s][info][gc,heap        ] GC(193) Humongous regions: 33->33
[770.540s][info][gc,metaspace   ] GC(193) Metaspace: 35663K(37888K)->35663K(37888K) NonClass: 26657K(26944K)->26657K(26944K) Class: 9005K(10944K)->9005K(10944K)
[770.540s][info][gc             ] GC(193) Pause Young (Mixed) (G1 Evacuation Pause) 7414M->2288M(8192M) 146.682ms
[770.540s][info][gc,cpu         ] GC(193) User=1.16s Sys=0.00s Real=0.15s
...[773.468s][info][gc,start       ] GC(194) Pause Young (Mixed) (G1 Evacuation Pause)
[773.468s][info][gc,task        ] GC(194) Using 8 workers of 8 for evacuation
[773.633s][info][gc,phases      ] GC(194)   Pre Evacuate Collection Set: 0.24ms
[773.633s][info][gc,phases      ] GC(194)   Merge Heap Roots: 0.97ms
[773.633s][info][gc,phases      ] GC(194)   Evacuate Collection Set: 158.22ms
[773.633s][info][gc,phases      ] GC(194)   Merge Optional Heap Roots: 0.10ms
[773.633s][info][gc,phases      ] GC(194)   Evacuate Optional Collection Set: 3.77ms
[773.633s][info][gc,phases      ] GC(194)   Post Evacuate Collection Set: 1.33ms
[773.633s][info][gc,phases      ] GC(194)   Other: 0.09ms
[773.633s][info][gc,heap        ] GC(194) Eden regions: 573->0(570)
[773.633s][info][gc,heap        ] GC(194) Survivor regions: 41->44(77)
[773.633s][info][gc,heap        ] GC(194) Old regions: 216->160
[773.633s][info][gc,heap        ] GC(194) Humongous regions: 33->33
[773.633s][info][gc,metaspace   ] GC(194) Metaspace: 35663K(37888K)->35663K(37888K) NonClass: 26657K(26944K)->26657K(26944K) Class: 9005K(10944K)->9005K(10944K)
[773.633s][info][gc             ] GC(194) Pause Young (Mixed) (G1 Evacuation Pause) 6872M->1868M(8192M) 164.865ms
[773.633s][info][gc,cpu         ] GC(194) User=1.30s Sys=0.00s Real=0.16s
...[776.426s][info][gc,start       ] GC(195) Pause Young (Mixed) (G1 Evacuation Pause)
[776.426s][info][gc,task        ] GC(195) Using 8 workers of 8 for evacuation
[776.592s][info][gc,phases      ] GC(195)   Pre Evacuate Collection Set: 0.24ms
[776.592s][info][gc,phases      ] GC(195)   Merge Heap Roots: 0.84ms
[776.592s][info][gc,phases      ] GC(195)   Evacuate Collection Set: 164.09ms
[776.592s][info][gc,phases      ] GC(195)   Post Evacuate Collection Set: 1.05ms
[776.592s][info][gc,phases      ] GC(195)   Other: 0.07ms
[776.592s][info][gc,heap        ] GC(195) Eden regions: 570->0(567)
[776.592s][info][gc,heap        ] GC(195) Survivor regions: 44->47(77)
[776.592s][info][gc,heap        ] GC(195) Old regions: 160->152
[776.592s][info][gc,heap        ] GC(195) Humongous regions: 33->33
[776.592s][info][gc,metaspace   ] GC(195) Metaspace: 35663K(37888K)->35663K(37888K) NonClass: 26657K(26944K)->26657K(26944K) Class: 9005K(10944K)->9005K(10944K)
[776.592s][info][gc             ] GC(195) Pause Young (Mixed) (G1 Evacuation Pause) 6428M->1824M(8192M) 166.427ms
[776.592s][info][gc,cpu         ] GC(195) User=1.32s Sys=0.00s Real=0.17s
...[779.518s][info][gc,start       ] GC(196) Pause Young (Normal) (G1 Evacuation Pause)
[779.518s][info][gc,task        ] GC(196) Using 8 workers of 8 for evacuation
[779.678s][info][gc,phases      ] GC(196)   Pre Evacuate Collection Set: 0.24ms
[779.678s][info][gc,phases      ] GC(196)   Merge Heap Roots: 0.50ms
[779.678s][info][gc,phases      ] GC(196)   Evacuate Collection Set: 157.93ms
[779.678s][info][gc,phases      ] GC(196)   Post Evacuate Collection Set: 0.99ms
[779.678s][info][gc,phases      ] GC(196)   Other: 0.06ms
[779.678s][info][gc,heap        ] GC(196) Eden regions: 567->0(568)
[779.678s][info][gc,heap        ] GC(196) Survivor regions: 47->46(77)
[779.678s][info][gc,heap        ] GC(196) Old regions: 152->159
[779.678s][info][gc,heap        ] GC(196) Humongous regions: 33->33
[779.678s][info][gc,metaspace   ] GC(196) Metaspace: 35663K(37888K)->35663K(37888K) NonClass: 26657K(26944K)->26657K(26944K) Class: 9005K(10944K)->9005K(10944K)
[779.678s][info][gc             ] GC(196) Pause Young (Normal) (G1 Evacuation Pause) 6360M->1876M(8192M) 159.840ms
[779.678s][info][gc,cpu         ] GC(196) User=1.27s Sys=0.00s Real=0.16s
...[782.603s][info][gc,start       ] GC(197) Pause Young (Normal) (G1 Evacuation Pause)
[782.603s][info][gc,task        ] GC(197) Using 8 workers of 8 for evacuation
[782.750s][info][gc,phases      ] GC(197)   Pre Evacuate Collection Set: 0.24ms
[782.750s][info][gc,phases      ] GC(197)   Merge Heap Roots: 0.48ms
[782.750s][info][gc,phases      ] GC(197)   Evacuate Collection Set: 145.13ms
[782.750s][info][gc,phases      ] GC(197)   Post Evacuate Collection Set: 0.97ms
[782.750s][info][gc,phases      ] GC(197)   Other: 0.07ms
[782.750s][info][gc,heap        ] GC(197) Eden regions: 568->0(571)
[782.750s][info][gc,heap        ] GC(197) Survivor regions: 46->43(77)
[782.750s][info][gc,heap        ] GC(197) Old regions: 159->167
[782.750s][info][gc,heap        ] GC(197) Humongous regions: 33->33
[782.750s][info][gc,metaspace   ] GC(197) Metaspace: 35663K(37888K)->35663K(37888K) NonClass: 26657K(26944K)->26657K(26944K) Class: 9005K(10944K)->9005K(10944K)
[782.750s][info][gc             ] GC(197) Pause Young (Normal) (G1 Evacuation Pause) 6420M->1911M(8192M) 147.030ms
[782.750s][info][gc,cpu         ] GC(197) User=1.17s Sys=0.00s Real=0.15s
...[785.663s][info][gc,start       ] GC(198) Pause Young (Normal) (G1 Evacuation Pause)
[785.664s][info][gc,task        ] GC(198) Using 8 workers of 8 for evacuation
[785.813s][info][gc,phases      ] GC(198)   Pre Evacuate Collection Set: 0.24ms
[785.813s][info][gc,phases      ] GC(198)   Merge Heap Roots: 0.48ms
[785.813s][info][gc,phases      ] GC(198)   Evacuate Collection Set: 148.11ms
[785.813s][info][gc,phases      ] GC(198)   Post Evacuate Collection Set: 1.00ms
[785.813s][info][gc,phases      ] GC(198)   Other: 0.06ms
[785.813s][info][gc,heap        ] GC(198) Eden regions: 571->0(570)
[785.813s][info][gc,heap        ] GC(198) Survivor regions: 43->44(77)
[785.813s][info][gc,heap        ] GC(198) Old regions: 167->174
[785.813s][info][gc,heap        ] GC(198) Humongous regions: 33->33
[785.813s][info][gc,metaspace   ] GC(198) Metaspace: 35663K(37888K)->35663K(37888K) NonClass: 26657K(26944K)->26657K(26944K) Class: 9005K(10944K)->9005K(10944K)
[785.813s][info][gc             ] GC(198) Pause Young (Normal) (G1 Evacuation Pause) 6479M->1976M(8192M) 150.015ms
[785.814s][info][gc,cpu         ] GC(198) User=1.19s Sys=0.00s Real=0.15s
...[788.644s][info][gc,start       ] GC(199) Pause Young (Normal) (G1 Evacuation Pause)
[788.644s][info][gc,task        ] GC(199) Using 8 workers of 8 for evacuation
[788.794s][info][gc,phases      ] GC(199)   Pre Evacuate Collection Set: 0.24ms
[788.794s][info][gc,phases      ] GC(199)   Merge Heap Roots: 0.48ms
[788.794s][info][gc,phases      ] GC(199)   Evacuate Collection Set: 148.33ms
[788.794s][info][gc,phases      ] GC(199)   Post Evacuate Collection Set: 0.85ms
[788.794s][info][gc,phases      ] GC(199)   Other: 0.06ms
[788.794s][info][gc,heap        ] GC(199) Eden regions: 570->0(569)
[788.794s][info][gc,heap        ] GC(199) Survivor regions: 44->45(77)
[788.794s][info][gc,heap        ] GC(199) Old regions: 174->181
[788.794s][info][gc,heap        ] GC(199) Humongous regions: 33->33
[788.794s][info][gc,metaspace   ] GC(199) Metaspace: 35663K(37888K)->35663K(37888K) NonClass: 26657K(26944K)->26657K(26944K) Class: 9005K(10944K)->9005K(10944K)
[788.794s][info][gc             ] GC(199) Pause Young (Normal) (G1 Evacuation Pause) 6536M->2039M(8192M) 150.079ms
[788.794s][info][gc,cpu         ] GC(199) User=1.19s Sys=0.00s Real=0.15s
.. (rIR:aIR:PR = 13388:13110:12764) (tPR = 190465) [OK] 
   790s:       trying IR =  13447 .[791.622s][info][gc,start       ] GC(200) Pause Young (Normal) (G1 Evacuation Pause)
[791.622s][info][gc,task        ] GC(200) Using 8 workers of 8 for evacuation
[791.772s][info][gc,phases      ] GC(200)   Pre Evacuate Collection Set: 0.22ms
[791.772s][info][gc,phases      ] GC(200)   Merge Heap Roots: 0.49ms
[791.772s][info][gc,phases      ] GC(200)   Evacuate Collection Set: 147.76ms
[791.772s][info][gc,phases      ] GC(200)   Post Evacuate Collection Set: 1.06ms
[791.772s][info][gc,phases      ] GC(200)   Other: 0.06ms
[791.772s][info][gc,heap        ] GC(200) Eden regions: 569->0(569)
[791.772s][info][gc,heap        ] GC(200) Survivor regions: 45->45(77)
[791.772s][info][gc,heap        ] GC(200) Old regions: 181->188
[791.772s][info][gc,heap        ] GC(200) Humongous regions: 33->33
[791.772s][info][gc,metaspace   ] GC(200) Metaspace: 35663K(37888K)->35663K(37888K) NonClass: 26658K(26944K)->26658K(26944K) Class: 9005K(10944K)->9005K(10944K)
[791.772s][info][gc             ] GC(200) Pause Young (Normal) (G1 Evacuation Pause) 6591M->2094M(8192M) 149.715ms
[791.772s][info][gc,cpu         ] GC(200) User=1.19s Sys=0.00s Real=0.15s
...[794.531s][info][gc,start       ] GC(201) Pause Young (Normal) (G1 Evacuation Pause)
[794.531s][info][gc,task        ] GC(201) Using 8 workers of 8 for evacuation
[794.684s][info][gc,phases      ] GC(201)   Pre Evacuate Collection Set: 0.23ms
[794.684s][info][gc,phases      ] GC(201)   Merge Heap Roots: 0.49ms
[794.684s][info][gc,phases      ] GC(201)   Evacuate Collection Set: 150.50ms
[794.684s][info][gc,phases      ] GC(201)   Post Evacuate Collection Set: 1.04ms
[794.684s][info][gc,phases      ] GC(201)   Other: 0.06ms
[794.684s][info][gc,heap        ] GC(201) Eden regions: 569->0(569)
[794.684s][info][gc,heap        ] GC(201) Survivor regions: 45->45(77)
[794.684s][info][gc,heap        ] GC(201) Old regions: 188->195
[794.684s][info][gc,heap        ] GC(201) Humongous regions: 33->33
[794.684s][info][gc,metaspace   ] GC(201) Metaspace: 35665K(37888K)->35665K(37888K) NonClass: 26659K(26944K)->26659K(26944K) Class: 9005K(10944K)->9005K(10944K)
[794.684s][info][gc             ] GC(201) Pause Young (Normal) (G1 Evacuation Pause) 6646M->2150M(8192M) 152.454ms
[794.684s][info][gc,cpu         ] GC(201) User=1.21s Sys=0.00s Real=0.15s
...[797.588s][info][gc,start       ] GC(202) Pause Young (Normal) (G1 Evacuation Pause)
[797.588s][info][gc,task        ] GC(202) Using 8 workers of 8 for evacuation
[797.738s][info][gc,phases      ] GC(202)   Pre Evacuate Collection Set: 0.26ms
[797.738s][info][gc,phases      ] GC(202)   Merge Heap Roots: 0.48ms
[797.738s][info][gc,phases      ] GC(202)   Evacuate Collection Set: 147.84ms
[797.738s][info][gc,phases      ] GC(202)   Post Evacuate Collection Set: 1.08ms
[797.738s][info][gc,phases      ] GC(202)   Other: 0.06ms
[797.738s][info][gc,heap        ] GC(202) Eden regions: 569->0(569)
[797.738s][info][gc,heap        ] GC(202) Survivor regions: 45->45(77)
[797.738s][info][gc,heap        ] GC(202) Old regions: 195->202
[797.738s][info][gc,heap        ] GC(202) Humongous regions: 33->33
[797.738s][info][gc,metaspace   ] GC(202) Metaspace: 35665K(37888K)->35665K(37888K) NonClass: 26659K(26944K)->26659K(26944K) Class: 9005K(10944K)->9005K(10944K)
[797.738s][info][gc             ] GC(202) Pause Young (Normal) (G1 Evacuation Pause) 6702M->2202M(8192M) 149.840ms
[797.738s][info][gc,cpu         ] GC(202) User=1.19s Sys=0.00s Real=0.15s
. (rIR:aIR:PR = 13447:12867:13178) (tPR = 193858) [OK] 
   798s:       trying IR =  13519 ..[800.478s][info][gc,start       ] GC(203) Pause Young (Normal) (G1 Evacuation Pause)
[800.478s][info][gc,task        ] GC(203) Using 8 workers of 8 for evacuation
[800.634s][info][gc,phases      ] GC(203)   Pre Evacuate Collection Set: 0.23ms
[800.634s][info][gc,phases      ] GC(203)   Merge Heap Roots: 0.51ms
[800.634s][info][gc,phases      ] GC(203)   Evacuate Collection Set: 154.56ms
[800.634s][info][gc,phases      ] GC(203)   Post Evacuate Collection Set: 0.83ms
[800.634s][info][gc,phases      ] GC(203)   Other: 0.06ms
[800.634s][info][gc,heap        ] GC(203) Eden regions: 569->0(568)
[800.634s][info][gc,heap        ] GC(203) Survivor regions: 45->46(77)
[800.634s][info][gc,heap        ] GC(203) Old regions: 202->208
[800.634s][info][gc,heap        ] GC(203) Humongous regions: 33->33
[800.634s][info][gc,metaspace   ] GC(203) Metaspace: 35665K(37888K)->35665K(37888K) NonClass: 26659K(26944K)->26659K(26944K) Class: 9005K(10944K)->9005K(10944K)
[800.634s][info][gc             ] GC(203) Pause Young (Normal) (G1 Evacuation Pause) 6754M->2264M(8192M) 156.307ms
[800.634s][info][gc,cpu         ] GC(203) User=1.24s Sys=0.00s Real=0.15s
...[803.501s][info][gc,start       ] GC(204) Pause Young (Normal) (G1 Evacuation Pause)
[803.501s][info][gc,task        ] GC(204) Using 8 workers of 8 for evacuation
[803.660s][info][gc,phases      ] GC(204)   Pre Evacuate Collection Set: 0.24ms
[803.660s][info][gc,phases      ] GC(204)   Merge Heap Roots: 0.50ms
[803.660s][info][gc,phases      ] GC(204)   Evacuate Collection Set: 156.92ms
[803.660s][info][gc,phases      ] GC(204)   Post Evacuate Collection Set: 1.06ms
[803.660s][info][gc,phases      ] GC(204)   Other: 0.06ms
[803.660s][info][gc,heap        ] GC(204) Eden regions: 568->0(566)
[803.660s][info][gc,heap        ] GC(204) Survivor regions: 46->48(77)
[803.660s][info][gc,heap        ] GC(204) Old regions: 208->215
[803.660s][info][gc,heap        ] GC(204) Humongous regions: 33->33
[803.660s][info][gc,metaspace   ] GC(204) Metaspace: 35665K(37888K)->35665K(37888K) NonClass: 26659K(26944K)->26659K(26944K) Class: 9005K(10944K)->9005K(10944K)
[803.660s][info][gc             ] GC(204) Pause Young (Normal) (G1 Evacuation Pause) 6808M->2339M(8192M) 158.911ms
[803.660s][info][gc,cpu         ] GC(204) User=1.26s Sys=0.00s Real=0.16s
...[806.520s][info][gc,start       ] GC(205) Pause Young (Normal) (G1 Evacuation Pause)
[806.520s][info][gc,task        ] GC(205) Using 8 workers of 8 for evacuation
[806.671s][info][gc,phases      ] GC(205)   Pre Evacuate Collection Set: 0.23ms
[806.671s][info][gc,phases      ] GC(205)   Merge Heap Roots: 0.49ms
[806.671s][info][gc,phases      ] GC(205)   Evacuate Collection Set: 149.08ms
[806.671s][info][gc,phases      ] GC(205)   Post Evacuate Collection Set: 1.02ms
[806.671s][info][gc,phases      ] GC(205)   Other: 0.07ms
[806.671s][info][gc,heap        ] GC(205) Eden regions: 566->0(570)
[806.671s][info][gc,heap        ] GC(205) Survivor regions: 48->44(77)
[806.671s][info][gc,heap        ] GC(205) Old regions: 215->223
[806.671s][info][gc,heap        ] GC(205) Humongous regions: 33->33
[806.671s][info][gc,metaspace   ] GC(205) Metaspace: 35678K(37952K)->35678K(37952K) NonClass: 26661K(26944K)->26661K(26944K) Class: 9016K(11008K)->9016K(11008K)
[806.671s][info][gc             ] GC(205) Pause Young (Normal) (G1 Evacuation Pause) 6867M->2362M(8192M) 151.007ms
[806.671s][info][gc,cpu         ] GC(205) User=1.19s Sys=0.00s Real=0.15s
...[809.576s][info][gc,start       ] GC(206) Pause Young (Normal) (G1 Evacuation Pause)
[809.576s][info][gc,task        ] GC(206) Using 8 workers of 8 for evacuation
[809.723s][info][gc,phases      ] GC(206)   Pre Evacuate Collection Set: 0.24ms
[809.723s][info][gc,phases      ] GC(206)   Merge Heap Roots: 0.48ms
[809.723s][info][gc,phases      ] GC(206)   Evacuate Collection Set: 145.06ms
[809.723s][info][gc,phases      ] GC(206)   Post Evacuate Collection Set: 1.03ms
[809.723s][info][gc,phases      ] GC(206)   Other: 0.06ms
[809.723s][info][gc,heap        ] GC(206) Eden regions: 570->0(570)
[809.723s][info][gc,heap        ] GC(206) Survivor regions: 44->44(77)
[809.723s][info][gc,heap        ] GC(206) Old regions: 223->230
[809.723s][info][gc,heap        ] GC(206) Humongous regions: 33->33
[809.723s][info][gc,metaspace   ] GC(206) Metaspace: 35678K(37952K)->35678K(37952K) NonClass: 26661K(26944K)->26661K(26944K) Class: 9016K(11008K)->9016K(11008K)
[809.723s][info][gc             ] GC(206) Pause Young (Normal) (G1 Evacuation Pause) 6922M->2419M(8192M) 146.986ms
[809.723s][info][gc,cpu         ] GC(206) User=1.17s Sys=0.00s Real=0.15s
...[812.452s][info][gc,start       ] GC(207) Pause Young (Normal) (G1 Evacuation Pause)
[812.452s][info][gc,task        ] GC(207) Using 8 workers of 8 for evacuation
[812.613s][info][gc,phases      ] GC(207)   Pre Evacuate Collection Set: 0.24ms
[812.613s][info][gc,phases      ] GC(207)   Merge Heap Roots: 0.50ms
[812.613s][info][gc,phases      ] GC(207)   Evacuate Collection Set: 158.69ms
[812.613s][info][gc,phases      ] GC(207)   Post Evacuate Collection Set: 0.99ms
[812.613s][info][gc,phases      ] GC(207)   Other: 0.06ms
[812.613s][info][gc,heap        ] GC(207) Eden regions: 570->0(566)
[812.613s][info][gc,heap        ] GC(207) Survivor regions: 44->48(77)
[812.613s][info][gc,heap        ] GC(207) Old regions: 230->237
[812.613s][info][gc,heap        ] GC(207) Humongous regions: 33->33
[812.613s][info][gc,metaspace   ] GC(207) Metaspace: 35678K(37952K)->35678K(37952K) NonClass: 26661K(26944K)->26661K(26944K) Class: 9016K(11008K)->9016K(11008K)
[812.613s][info][gc             ] GC(207) Pause Young (Normal) (G1 Evacuation Pause) 6979M->2512M(8192M) 160.602ms
[812.613s][info][gc,cpu         ] GC(207) User=1.27s Sys=0.00s Real=0.16s
. (rIR:aIR:PR = 13519:13840:12936) (tPR = 195262) [OK] 
   813s:       trying IR =  13605 .[815.315s][info][gc,start       ] GC(208) Pause Young (Normal) (G1 Evacuation Pause)
[815.315s][info][gc,task        ] GC(208) Using 8 workers of 8 for evacuation
[815.460s][info][gc,phases      ] GC(208)   Pre Evacuate Collection Set: 0.24ms
[815.460s][info][gc,phases      ] GC(208)   Merge Heap Roots: 0.51ms
[815.460s][info][gc,phases      ] GC(208)   Evacuate Collection Set: 143.78ms
[815.460s][info][gc,phases      ] GC(208)   Post Evacuate Collection Set: 1.06ms
[815.460s][info][gc,phases      ] GC(208)   Other: 0.06ms
[815.460s][info][gc,heap        ] GC(208) Eden regions: 566->0(571)
[815.460s][info][gc,heap        ] GC(208) Survivor regions: 48->43(77)
[815.460s][info][gc,heap        ] GC(208) Old regions: 237->244
[815.460s][info][gc,heap        ] GC(208) Humongous regions: 33->33
[815.460s][info][gc,metaspace   ] GC(208) Metaspace: 35678K(37952K)->35678K(37952K) NonClass: 26661K(26944K)->26661K(26944K) Class: 9016K(11008K)->9016K(11008K)
[815.460s][info][gc             ] GC(208) Pause Young (Normal) (G1 Evacuation Pause) 7040M->2526M(8192M) 145.766ms
[815.460s][info][gc,cpu         ] GC(208) User=1.15s Sys=0.00s Real=0.15s
...[818.331s][info][gc,start       ] GC(209) Pause Young (Normal) (G1 Evacuation Pause)
[818.332s][info][gc,task        ] GC(209) Using 8 workers of 8 for evacuation
[818.480s][info][gc,phases      ] GC(209)   Pre Evacuate Collection Set: 0.23ms
[818.480s][info][gc,phases      ] GC(209)   Merge Heap Roots: 0.51ms
[818.480s][info][gc,phases      ] GC(209)   Evacuate Collection Set: 146.77ms
[818.480s][info][gc,phases      ] GC(209)   Post Evacuate Collection Set: 1.03ms
[818.480s][info][gc,phases      ] GC(209)   Other: 0.06ms
[818.480s][info][gc,heap        ] GC(209) Eden regions: 571->0(571)
[818.480s][info][gc,heap        ] GC(209) Survivor regions: 43->43(77)
[818.480s][info][gc,heap        ] GC(209) Old regions: 244->251
[818.480s][info][gc,heap        ] GC(209) Humongous regions: 33->33
[818.480s][info][gc,metaspace   ] GC(209) Metaspace: 35678K(37952K)->35678K(37952K) NonClass: 26661K(26944K)->26661K(26944K) Class: 9016K(11008K)->9016K(11008K)
[818.480s][info][gc             ] GC(209) Pause Young (Normal) (G1 Evacuation Pause) 7094M->2582M(8192M) 148.729ms
[818.480s][info][gc,cpu         ] GC(209) User=1.18s Sys=0.00s Real=0.15s
. (rIR:aIR:PR = 13605:13497:12968) (tPR = 197586) [OK] 
   818s:       trying IR =  13708 ..[821.347s][info][gc,start       ] GC(210) Pause Young (Normal) (G1 Evacuation Pause)
[821.347s][info][gc,task        ] GC(210) Using 8 workers of 8 for evacuation
[821.501s][info][gc,phases      ] GC(210)   Pre Evacuate Collection Set: 0.24ms
[821.501s][info][gc,phases      ] GC(210)   Merge Heap Roots: 0.50ms
[821.501s][info][gc,phases      ] GC(210)   Evacuate Collection Set: 151.94ms
[821.501s][info][gc,phases      ] GC(210)   Post Evacuate Collection Set: 1.01ms
[821.501s][info][gc,phases      ] GC(210)   Other: 0.07ms
[821.501s][info][gc,heap        ] GC(210) Eden regions: 571->0(568)
[821.501s][info][gc,heap        ] GC(210) Survivor regions: 43->46(77)
[821.501s][info][gc,heap        ] GC(210) Old regions: 251->258
[821.501s][info][gc,heap        ] GC(210) Humongous regions: 33->33
[821.501s][info][gc,metaspace   ] GC(210) Metaspace: 35678K(37952K)->35678K(37952K) NonClass: 26661K(26944K)->26661K(26944K) Class: 9016K(11008K)->9016K(11008K)
[821.501s][info][gc             ] GC(210) Pause Young (Normal) (G1 Evacuation Pause) 7150M->2664M(8192M) 153.895ms
[821.501s][info][gc,cpu         ] GC(210) User=1.22s Sys=0.00s Real=0.16s
...[824.395s][info][gc,start       ] GC(211) Pause Young (Normal) (G1 Evacuation Pause)
[824.395s][info][gc,task        ] GC(211) Using 8 workers of 8 for evacuation
[824.546s][info][gc,phases      ] GC(211)   Pre Evacuate Collection Set: 0.23ms
[824.546s][info][gc,phases      ] GC(211)   Merge Heap Roots: 0.49ms
[824.546s][info][gc,phases      ] GC(211)   Evacuate Collection Set: 149.19ms
[824.546s][info][gc,phases      ] GC(211)   Post Evacuate Collection Set: 1.02ms
[824.546s][info][gc,phases      ] GC(211)   Other: 0.06ms
[824.546s][info][gc,heap        ] GC(211) Eden regions: 568->0(570)
[824.546s][info][gc,heap        ] GC(211) Survivor regions: 46->44(77)
[824.546s][info][gc,heap        ] GC(211) Old regions: 258->265
[824.546s][info][gc,heap        ] GC(211) Humongous regions: 33->33
[824.546s][info][gc,metaspace   ] GC(211) Metaspace: 35678K(37952K)->35678K(37952K) NonClass: 26661K(26944K)->26661K(26944K) Class: 9016K(11008K)->9016K(11008K)
[824.546s][info][gc             ] GC(211) Pause Young (Normal) (G1 Evacuation Pause) 7208M->2708M(8192M) 151.127ms
[824.546s][info][gc,cpu         ] GC(211) User=1.20s Sys=0.00s Real=0.15s
...[827.450s][info][gc,start       ] GC(212) Pause Young (Normal) (G1 Evacuation Pause)
[827.450s][info][gc,task        ] GC(212) Using 8 workers of 8 for evacuation
[827.596s][info][gc,phases      ] GC(212)   Pre Evacuate Collection Set: 0.25ms
[827.596s][info][gc,phases      ] GC(212)   Merge Heap Roots: 0.51ms
[827.596s][info][gc,phases      ] GC(212)   Evacuate Collection Set: 144.49ms
[827.596s][info][gc,phases      ] GC(212)   Post Evacuate Collection Set: 1.02ms
[827.596s][info][gc,phases      ] GC(212)   Other: 0.06ms
[827.596s][info][gc,heap        ] GC(212) Eden regions: 570->0(570)
[827.596s][info][gc,heap        ] GC(212) Survivor regions: 44->44(77)
[827.596s][info][gc,heap        ] GC(212) Old regions: 265->273
[827.596s][info][gc,heap        ] GC(212) Humongous regions: 33->33
[827.596s][info][gc,metaspace   ] GC(212) Metaspace: 35678K(37952K)->35678K(37952K) NonClass: 26661K(26944K)->26661K(26944K) Class: 9016K(11008K)->9016K(11008K)
[827.596s][info][gc             ] GC(212) Pause Young (Normal) (G1 Evacuation Pause) 7268M->2762M(8192M) 146.477ms
[827.597s][info][gc,cpu         ] GC(212) User=1.16s Sys=0.00s Real=0.14s
...[830.499s][info][gc,start       ] GC(213) Pause Young (Normal) (G1 Evacuation Pause)
[830.499s][info][gc,task        ] GC(213) Using 8 workers of 8 for evacuation
[830.648s][info][gc,phases      ] GC(213)   Pre Evacuate Collection Set: 0.22ms
[830.648s][info][gc,phases      ] GC(213)   Merge Heap Roots: 0.50ms
[830.648s][info][gc,phases      ] GC(213)   Evacuate Collection Set: 148.00ms
[830.648s][info][gc,phases      ] GC(213)   Post Evacuate Collection Set: 1.00ms
[830.648s][info][gc,phases      ] GC(213)   Other: 0.08ms
[830.648s][info][gc,heap        ] GC(213) Eden regions: 570->0(569)
[830.648s][info][gc,heap        ] GC(213) Survivor regions: 44->45(77)
[830.648s][info][gc,heap        ] GC(213) Old regions: 273->280
[830.648s][info][gc,heap        ] GC(213) Humongous regions: 33->33
[830.648s][info][gc,metaspace   ] GC(213) Metaspace: 35678K(37952K)->35678K(37952K) NonClass: 26661K(26944K)->26661K(26944K) Class: 9016K(11008K)->9016K(11008K)
[830.648s][info][gc             ] GC(213) Pause Young (Normal) (G1 Evacuation Pause) 7322M->2827M(8192M) 149.914ms
[830.648s][info][gc,cpu         ] GC(213) User=1.18s Sys=0.00s Real=0.15s
...[833.494s][info][gc,start       ] GC(214) Pause Young (Normal) (G1 Evacuation Pause)
[833.494s][info][gc,task        ] GC(214) Using 8 workers of 8 for evacuation
[833.646s][info][gc,phases      ] GC(214)   Pre Evacuate Collection Set: 0.23ms
[833.646s][info][gc,phases      ] GC(214)   Merge Heap Roots: 0.51ms
[833.646s][info][gc,phases      ] GC(214)   Evacuate Collection Set: 150.39ms
[833.646s][info][gc,phases      ] GC(214)   Post Evacuate Collection Set: 1.01ms
[833.646s][info][gc,phases      ] GC(214)   Other: 0.06ms
[833.646s][info][gc,heap        ] GC(214) Eden regions: 569->0(562)
[833.646s][info][gc,heap        ] GC(214) Survivor regions: 45->45(77)
[833.646s][info][gc,heap        ] GC(214) Old regions: 280->287
[833.646s][info][gc,heap        ] GC(214) Humongous regions: 33->33
[833.646s][info][gc,metaspace   ] GC(214) Metaspace: 35680K(37952K)->35680K(37952K) NonClass: 26663K(26944K)->26663K(26944K) Class: 9016K(11008K)->9016K(11008K)
[833.646s][info][gc             ] GC(214) Pause Young (Normal) (G1 Evacuation Pause) 7379M->2887M(8192M) 152.325ms
[833.646s][info][gc,cpu         ] GC(214) User=1.20s Sys=0.00s Real=0.15s
...[836.481s][info][gc,start       ] GC(215) Pause Young (Normal) (G1 Evacuation Pause)
[836.481s][info][gc,task        ] GC(215) Using 8 workers of 8 for evacuation
[836.628s][info][gc,phases      ] GC(215)   Pre Evacuate Collection Set: 0.23ms
[836.628s][info][gc,phases      ] GC(215)   Merge Heap Roots: 0.51ms
[836.628s][info][gc,phases      ] GC(215)   Evacuate Collection Set: 146.00ms
[836.628s][info][gc,phases      ] GC(215)   Post Evacuate Collection Set: 0.99ms
[836.628s][info][gc,phases      ] GC(215)   Other: 0.06ms
[836.629s][info][gc,heap        ] GC(215) Eden regions: 562->0(559)
[836.629s][info][gc,heap        ] GC(215) Survivor regions: 45->43(76)
[836.629s][info][gc,heap        ] GC(215) Old regions: 287->294
[836.629s][info][gc,heap        ] GC(215) Humongous regions: 33->33
[836.629s][info][gc,metaspace   ] GC(215) Metaspace: 35680K(37952K)->35680K(37952K) NonClass: 26663K(26944K)->26663K(26944K) Class: 9016K(11008K)->9016K(11008K)
[836.629s][info][gc             ] GC(215) Pause Young (Normal) (G1 Evacuation Pause) 7383M->2928M(8192M) 147.925ms
[836.629s][info][gc,cpu         ] GC(215) User=1.17s Sys=0.00s Real=0.15s
...[839.453s][info][gc,start       ] GC(216) Pause Young (Normal) (G1 Evacuation Pause)
[839.453s][info][gc,task        ] GC(216) Using 8 workers of 8 for evacuation
[839.606s][info][gc,phases      ] GC(216)   Pre Evacuate Collection Set: 0.24ms
[839.606s][info][gc,phases      ] GC(216)   Merge Heap Roots: 0.53ms
[839.606s][info][gc,phases      ] GC(216)   Evacuate Collection Set: 151.26ms
[839.606s][info][gc,phases      ] GC(216)   Post Evacuate Collection Set: 1.00ms
[839.606s][info][gc,phases      ] GC(216)   Other: 0.07ms
[839.606s][info][gc,heap        ] GC(216) Eden regions: 559->0(548)
[839.606s][info][gc,heap        ] GC(216) Survivor regions: 43->45(76)
[839.606s][info][gc,heap        ] GC(216) Old regions: 294->301
[839.606s][info][gc,heap        ] GC(216) Humongous regions: 33->33
[839.606s][info][gc,metaspace   ] GC(216) Metaspace: 35680K(37952K)->35680K(37952K) NonClass: 26663K(26944K)->26663K(26944K) Class: 9016K(11008K)->9016K(11008K)
[839.606s][info][gc             ] GC(216) Pause Young (Normal) (G1 Evacuation Pause) 7400M->3000M(8192M) 153.241ms
[839.606s][info][gc,cpu         ] GC(216) User=1.21s Sys=0.00s Real=0.15s
...[842.404s][info][gc,start       ] GC(217) Pause Young (Normal) (G1 Evacuation Pause)
[842.404s][info][gc,task        ] GC(217) Using 8 workers of 8 for evacuation
[842.552s][info][gc,phases      ] GC(217)   Pre Evacuate Collection Set: 0.28ms
[842.552s][info][gc,phases      ] GC(217)   Merge Heap Roots: 0.52ms
[842.552s][info][gc,phases      ] GC(217)   Evacuate Collection Set: 145.93ms
[842.552s][info][gc,phases      ] GC(217)   Post Evacuate Collection Set: 0.99ms
[842.552s][info][gc,phases      ] GC(217)   Other: 0.08ms
[842.552s][info][gc,heap        ] GC(217) Eden regions: 548->0(542)
[842.552s][info][gc,heap        ] GC(217) Survivor regions: 45->44(75)
[842.552s][info][gc,heap        ] GC(217) Old regions: 301->309
[842.552s][info][gc,heap        ] GC(217) Humongous regions: 33->33
[842.552s][info][gc,metaspace   ] GC(217) Metaspace: 35682K(37952K)->35682K(37952K) NonClass: 26665K(26944K)->26665K(26944K) Class: 9016K(11008K)->9016K(11008K)
[842.552s][info][gc             ] GC(217) Pause Young (Normal) (G1 Evacuation Pause) 7384M->3056M(8192M) 147.926ms
[842.552s][info][gc,cpu         ] GC(217) User=1.17s Sys=0.00s Real=0.15s
...[845.215s][info][gc,start       ] GC(218) Pause Young (Normal) (G1 Evacuation Pause)
[845.215s][info][gc,task        ] GC(218) Using 8 workers of 8 for evacuation
[845.369s][info][gc,phases      ] GC(218)   Pre Evacuate Collection Set: 0.30ms
[845.369s][info][gc,phases      ] GC(218)   Merge Heap Roots: 0.60ms
[845.369s][info][gc,phases      ] GC(218)   Evacuate Collection Set: 151.82ms
[845.369s][info][gc,phases      ] GC(218)   Post Evacuate Collection Set: 1.02ms
[845.369s][info][gc,phases      ] GC(218)   Other: 0.07ms
[845.369s][info][gc,heap        ] GC(218) Eden regions: 542->0(535)
[845.369s][info][gc,heap        ] GC(218) Survivor regions: 44->44(74)
[845.369s][info][gc,heap        ] GC(218) Old regions: 309->316
[845.369s][info][gc,heap        ] GC(218) Humongous regions: 33->33
[845.369s][info][gc,metaspace   ] GC(218) Metaspace: 35682K(37952K)->35682K(37952K) NonClass: 26665K(26944K)->26665K(26944K) Class: 9016K(11008K)->9016K(11008K)
[845.369s][info][gc             ] GC(218) Pause Young (Normal) (G1 Evacuation Pause) 7392M->3116M(8192M) 153.971ms
[845.369s][info][gc,cpu         ] GC(218) User=1.22s Sys=0.00s Real=0.16s
...[847.805s][info][gc,start       ] GC(219) Pause Young (Normal) (G1 Evacuation Pause)
[847.806s][info][gc,task        ] GC(219) Using 8 workers of 8 for evacuation
[847.970s][info][gc,phases      ] GC(219)   Pre Evacuate Collection Set: 0.22ms
[847.970s][info][gc,phases      ] GC(219)   Merge Heap Roots: 0.51ms
[847.970s][info][gc,phases      ] GC(219)   Evacuate Collection Set: 162.67ms
[847.970s][info][gc,phases      ] GC(219)   Post Evacuate Collection Set: 0.97ms
[847.970s][info][gc,phases      ] GC(219)   Other: 0.06ms
[847.970s][info][gc,heap        ] GC(219) Eden regions: 535->0(518)
[847.970s][info][gc,heap        ] GC(219) Survivor regions: 44->49(73)
[847.970s][info][gc,heap        ] GC(219) Old regions: 316->323
[847.970s][info][gc,heap        ] GC(219) Humongous regions: 33->33
[847.970s][info][gc,metaspace   ] GC(219) Metaspace: 35682K(37952K)->35682K(37952K) NonClass: 26665K(26944K)->26665K(26944K) Class: 9016K(11008K)->9016K(11008K)
[847.970s][info][gc             ] GC(219) Pause Young (Normal) (G1 Evacuation Pause) 7396M->3212M(8192M) 164.555ms
[847.970s][info][gc,cpu         ] GC(219) User=1.31s Sys=0.00s Real=0.17s
. (rIR:aIR:PR = 13708:13538:13208) (tPR = 193086) [OK] 
   848s:       trying IR =  13832 .[850.349s][info][gc,start       ] GC(220) Pause Young (Normal) (G1 Evacuation Pause)
[850.349s][info][gc,task        ] GC(220) Using 8 workers of 8 for evacuation
[850.494s][info][gc,phases      ] GC(220)   Pre Evacuate Collection Set: 0.24ms
[850.494s][info][gc,phases      ] GC(220)   Merge Heap Roots: 0.50ms
[850.494s][info][gc,phases      ] GC(220)   Evacuate Collection Set: 143.05ms
[850.494s][info][gc,phases      ] GC(220)   Post Evacuate Collection Set: 0.96ms
[850.494s][info][gc,phases      ] GC(220)   Other: 0.06ms
[850.494s][info][gc,heap        ] GC(220) Eden regions: 518->0(522)
[850.494s][info][gc,heap        ] GC(220) Survivor regions: 49->43(71)
[850.494s][info][gc,heap        ] GC(220) Old regions: 323->331
[850.494s][info][gc,heap        ] GC(220) Humongous regions: 33->33
[850.494s][info][gc,metaspace   ] GC(220) Metaspace: 35682K(37952K)->35682K(37952K) NonClass: 26665K(26944K)->26665K(26944K) Class: 9016K(11008K)->9016K(11008K)
[850.494s][info][gc             ] GC(220) Pause Young (Normal) (G1 Evacuation Pause) 7356M->3222M(8192M) 144.930ms
[850.494s][info][gc,cpu         ] GC(220) User=1.15s Sys=0.00s Real=0.14s
...[853.193s][info][gc,start       ] GC(221) Pause Young (Normal) (G1 Evacuation Pause)
[853.193s][info][gc,task        ] GC(221) Using 8 workers of 8 for evacuation
[853.340s][info][gc,phases      ] GC(221)   Pre Evacuate Collection Set: 0.22ms
[853.340s][info][gc,phases      ] GC(221)   Merge Heap Roots: 0.49ms
[853.340s][info][gc,phases      ] GC(221)   Evacuate Collection Set: 144.68ms
[853.340s][info][gc,phases      ] GC(221)   Post Evacuate Collection Set: 0.96ms
[853.340s][info][gc,phases      ] GC(221)   Other: 0.06ms
[853.340s][info][gc,heap        ] GC(221) Eden regions: 522->0(515)
[853.340s][info][gc,heap        ] GC(221) Survivor regions: 43->43(71)
[853.340s][info][gc,heap        ] GC(221) Old regions: 331->338
[853.340s][info][gc,heap        ] GC(221) Humongous regions: 33->33
[853.340s][info][gc,metaspace   ] GC(221) Metaspace: 35682K(37952K)->35682K(37952K) NonClass: 26665K(26944K)->26665K(26944K) Class: 9016K(11008K)->9016K(11008K)
[853.340s][info][gc             ] GC(221) Pause Young (Normal) (G1 Evacuation Pause) 7398M->3284M(8192M) 146.530ms
[853.340s][info][gc,cpu         ] GC(221) User=1.16s Sys=0.00s Real=0.15s
...[856.024s][info][gc,start       ] GC(222) Pause Young (Normal) (G1 Evacuation Pause)
[856.024s][info][gc,task        ] GC(222) Using 8 workers of 8 for evacuation
[856.168s][info][gc,phases      ] GC(222)   Pre Evacuate Collection Set: 0.24ms
[856.168s][info][gc,phases      ] GC(222)   Merge Heap Roots: 0.48ms
[856.168s][info][gc,phases      ] GC(222)   Evacuate Collection Set: 142.82ms
[856.168s][info][gc,phases      ] GC(222)   Post Evacuate Collection Set: 0.94ms
[856.168s][info][gc,phases      ] GC(222)   Other: 0.06ms
[856.168s][info][gc,heap        ] GC(222) Eden regions: 515->0(508)
[856.168s][info][gc,heap        ] GC(222) Survivor regions: 43->42(70)
[856.168s][info][gc,heap        ] GC(222) Old regions: 338->347
[856.168s][info][gc,heap        ] GC(222) Humongous regions: 33->33
[856.168s][info][gc,metaspace   ] GC(222) Metaspace: 35682K(37952K)->35682K(37952K) NonClass: 26665K(26944K)->26665K(26944K) Class: 9016K(11008K)->9016K(11008K)
[856.168s][info][gc             ] GC(222) Pause Young (Normal) (G1 Evacuation Pause) 7404M->3343M(8192M) 144.675ms
[856.169s][info][gc,cpu         ] GC(222) User=1.15s Sys=0.00s Real=0.15s
...[858.822s][info][gc,start       ] GC(223) Pause Young (Normal) (G1 Evacuation Pause)
[858.822s][info][gc,task        ] GC(223) Using 8 workers of 8 for evacuation
[858.967s][info][gc,phases      ] GC(223)   Pre Evacuate Collection Set: 0.22ms
[858.967s][info][gc,phases      ] GC(223)   Merge Heap Roots: 0.49ms
[858.967s][info][gc,phases      ] GC(223)   Evacuate Collection Set: 142.43ms
[858.967s][info][gc,phases      ] GC(223)   Post Evacuate Collection Set: 0.95ms
[858.967s][info][gc,phases      ] GC(223)   Other: 0.06ms
[858.967s][info][gc,heap        ] GC(223) Eden regions: 508->0(498)
[858.967s][info][gc,heap        ] GC(223) Survivor regions: 42->43(69)
[858.967s][info][gc,heap        ] GC(223) Old regions: 347->355
[858.967s][info][gc,heap        ] GC(223) Humongous regions: 33->33
[858.967s][info][gc,metaspace   ] GC(223) Metaspace: 35682K(37952K)->35682K(37952K) NonClass: 26665K(26944K)->26665K(26944K) Class: 9016K(11008K)->9016K(11008K)
[858.967s][info][gc             ] GC(223) Pause Young (Normal) (G1 Evacuation Pause) 7407M->3410M(8192M) 144.277ms
[858.967s][info][gc,cpu         ] GC(223) User=1.14s Sys=0.00s Real=0.14s
..[861.525s][info][gc,start       ] GC(224) Pause Young (Normal) (G1 Evacuation Pause)
[861.525s][info][gc,task        ] GC(224) Using 8 workers of 8 for evacuation
[861.665s][info][gc,phases      ] GC(224)   Pre Evacuate Collection Set: 0.23ms
[861.665s][info][gc,phases      ] GC(224)   Merge Heap Roots: 0.56ms
[861.665s][info][gc,phases      ] GC(224)   Evacuate Collection Set: 138.37ms
[861.665s][info][gc,phases      ] GC(224)   Post Evacuate Collection Set: 0.94ms
[861.665s][info][gc,phases      ] GC(224)   Other: 0.07ms
[861.665s][info][gc,heap        ] GC(224) Eden regions: 498->0(497)
[861.665s][info][gc,heap        ] GC(224) Survivor regions: 43->40(68)
[861.665s][info][gc,heap        ] GC(224) Old regions: 355->362
[861.665s][info][gc,heap        ] GC(224) Humongous regions: 33->33
[861.665s][info][gc,metaspace   ] GC(224) Metaspace: 35682K(37952K)->35682K(37952K) NonClass: 26665K(26944K)->26665K(26944K) Class: 9016K(11008K)->9016K(11008K)
[861.665s][info][gc             ] GC(224) Pause Young (Normal) (G1 Evacuation Pause) 7394M->3452M(8192M) 140.285ms
[861.666s][info][gc,cpu         ] GC(224) User=1.11s Sys=0.00s Real=0.14s
...[864.215s][info][gc,start       ] GC(225) Pause Young (Normal) (G1 Evacuation Pause)
[864.215s][info][gc,task        ] GC(225) Using 8 workers of 8 for evacuation
[864.352s][info][gc,phases      ] GC(225)   Pre Evacuate Collection Set: 0.22ms
[864.353s][info][gc,phases      ] GC(225)   Merge Heap Roots: 0.51ms
[864.353s][info][gc,phases      ] GC(225)   Evacuate Collection Set: 136.14ms
[864.353s][info][gc,phases      ] GC(225)   Post Evacuate Collection Set: 0.94ms
[864.353s][info][gc,phases      ] GC(225)   Other: 0.06ms
[864.353s][info][gc,heap        ] GC(225) Eden regions: 497->0(489)
[864.353s][info][gc,heap        ] GC(225) Survivor regions: 40->40(68)
[864.353s][info][gc,heap        ] GC(225) Old regions: 362->370
[864.353s][info][gc,heap        ] GC(225) Humongous regions: 33->33
[864.353s][info][gc,metaspace   ] GC(225) Metaspace: 35682K(37952K)->35682K(37952K) NonClass: 26665K(26944K)->26665K(26944K) Class: 9016K(11008K)->9016K(11008K)
[864.353s][info][gc             ] GC(225) Pause Young (Normal) (G1 Evacuation Pause) 7428M->3514M(8192M) 138.006ms
[864.353s][info][gc,cpu         ] GC(225) User=1.09s Sys=0.00s Real=0.14s
..[866.711s][info][gc,start       ] GC(226) Pause Young (Normal) (G1 Evacuation Pause)
[866.711s][info][gc,task        ] GC(226) Using 8 workers of 8 for evacuation
[866.856s][info][gc,phases      ] GC(226)   Pre Evacuate Collection Set: 0.24ms
[866.856s][info][gc,phases      ] GC(226)   Merge Heap Roots: 0.52ms
[866.856s][info][gc,phases      ] GC(226)   Evacuate Collection Set: 142.47ms
[866.856s][info][gc,phases      ] GC(226)   Post Evacuate Collection Set: 0.92ms
[866.856s][info][gc,phases      ] GC(226)   Other: 0.07ms
[866.856s][info][gc,heap        ] GC(226) Eden regions: 489->0(477)
[866.856s][info][gc,heap        ] GC(226) Survivor regions: 40->42(67)
[866.856s][info][gc,heap        ] GC(226) Old regions: 370->378
[866.856s][info][gc,heap        ] GC(226) Humongous regions: 33->33
[866.856s][info][gc,metaspace   ] GC(226) Metaspace: 35682K(37952K)->35682K(37952K) NonClass: 26665K(26944K)->26665K(26944K) Class: 9016K(11008K)->9016K(11008K)
[866.856s][info][gc             ] GC(226) Pause Young (Normal) (G1 Evacuation Pause) 7426M->3590M(8192M) 144.340ms
[866.856s][info][gc,cpu         ] GC(226) User=1.14s Sys=0.00s Real=0.14s
...[869.131s][info][gc,start       ] GC(227) Pause Young (Normal) (G1 Evacuation Pause)
[869.131s][info][gc,task        ] GC(227) Using 8 workers of 8 for evacuation
[869.275s][info][gc,phases      ] GC(227)   Pre Evacuate Collection Set: 0.24ms
[869.275s][info][gc,phases      ] GC(227)   Merge Heap Roots: 0.51ms
[869.275s][info][gc,phases      ] GC(227)   Evacuate Collection Set: 142.70ms
[869.275s][info][gc,phases      ] GC(227)   Post Evacuate Collection Set: 0.91ms
[869.275s][info][gc,phases      ] GC(227)   Other: 0.06ms
[869.275s][info][gc,heap        ] GC(227) Eden regions: 477->0(468)
[869.275s][info][gc,heap        ] GC(227) Survivor regions: 42->43(65)
[869.276s][info][gc,heap        ] GC(227) Old regions: 378->385
[869.276s][info][gc,heap        ] GC(227) Humongous regions: 33->33
[869.276s][info][gc,metaspace   ] GC(227) Metaspace: 35682K(37952K)->35682K(37952K) NonClass: 26665K(26944K)->26665K(26944K) Class: 9016K(11008K)->9016K(11008K)
[869.276s][info][gc             ] GC(227) Pause Young (Normal) (G1 Evacuation Pause) 7406M->3651M(8192M) 144.539ms
[869.276s][info][gc,cpu         ] GC(227) User=1.14s Sys=0.00s Real=0.14s
..[871.616s][info][gc,start       ] GC(228) Pause Young (Normal) (G1 Evacuation Pause)
[871.616s][info][gc,task        ] GC(228) Using 8 workers of 8 for evacuation
[871.758s][info][gc,phases      ] GC(228)   Pre Evacuate Collection Set: 0.23ms
[871.758s][info][gc,phases      ] GC(228)   Merge Heap Roots: 0.49ms
[871.758s][info][gc,phases      ] GC(228)   Evacuate Collection Set: 140.41ms
[871.758s][info][gc,phases      ] GC(228)   Post Evacuate Collection Set: 0.88ms
[871.758s][info][gc,phases      ] GC(228)   Other: 0.06ms
[871.758s][info][gc,heap        ] GC(228) Eden regions: 468->0(462)
[871.758s][info][gc,heap        ] GC(228) Survivor regions: 43->42(64)
[871.758s][info][gc,heap        ] GC(228) Old regions: 385->393
[871.758s][info][gc,heap        ] GC(228) Humongous regions: 33->33
[871.758s][info][gc,metaspace   ] GC(228) Metaspace: 35682K(37952K)->35682K(37952K) NonClass: 26665K(26944K)->26665K(26944K) Class: 9016K(11008K)->9016K(11008K)
[871.758s][info][gc             ] GC(228) Pause Young (Normal) (G1 Evacuation Pause) 7395M->3708M(8192M) 142.188ms
[871.758s][info][gc,cpu         ] GC(228) User=1.13s Sys=0.00s Real=0.15s
...[874.087s][info][gc,start       ] GC(229) Pause Young (Normal) (G1 Evacuation Pause)
[874.087s][info][gc,task        ] GC(229) Using 8 workers of 8 for evacuation
[874.233s][info][gc,phases      ] GC(229)   Pre Evacuate Collection Set: 0.23ms
[874.233s][info][gc,phases      ] GC(229)   Merge Heap Roots: 0.50ms
[874.233s][info][gc,phases      ] GC(229)   Evacuate Collection Set: 144.90ms
[874.233s][info][gc,phases      ] GC(229)   Post Evacuate Collection Set: 0.87ms
[874.233s][info][gc,phases      ] GC(229)   Other: 0.06ms
[874.233s][info][gc,heap        ] GC(229) Eden regions: 462->0(450)
[874.233s][info][gc,heap        ] GC(229) Survivor regions: 42->44(63)
[874.233s][info][gc,heap        ] GC(229) Old regions: 393->401
[874.233s][info][gc,heap        ] GC(229) Humongous regions: 33->33
[874.233s][info][gc,metaspace   ] GC(229) Metaspace: 35682K(37952K)->35682K(37952K) NonClass: 26665K(26944K)->26665K(26944K) Class: 9016K(11008K)->9016K(11008K)
[874.233s][info][gc             ] GC(229) Pause Young (Normal) (G1 Evacuation Pause) 7404M->3792M(8192M) 146.694ms
[874.233s][info][gc,cpu         ] GC(229) User=1.16s Sys=0.00s Real=0.15s
..[876.516s][info][gc,start       ] GC(230) Pause Young (Normal) (G1 Evacuation Pause)
[876.516s][info][gc,task        ] GC(230) Using 8 workers of 8 for evacuation
[876.658s][info][gc,phases      ] GC(230)   Pre Evacuate Collection Set: 0.22ms
[876.658s][info][gc,phases      ] GC(230)   Merge Heap Roots: 0.48ms
[876.658s][info][gc,phases      ] GC(230)   Evacuate Collection Set: 140.19ms
[876.658s][info][gc,phases      ] GC(230)   Post Evacuate Collection Set: 0.86ms
[876.658s][info][gc,phases      ] GC(230)   Other: 0.06ms
[876.658s][info][gc,heap        ] GC(230) Eden regions: 450->0(447)
[876.658s][info][gc,heap        ] GC(230) Survivor regions: 44->41(62)
[876.658s][info][gc,heap        ] GC(230) Old regions: 401->410
[876.658s][info][gc,heap        ] GC(230) Humongous regions: 33->33
[876.658s][info][gc,metaspace   ] GC(230) Metaspace: 35682K(37952K)->35682K(37952K) NonClass: 26665K(26944K)->26665K(26944K) Class: 9016K(11008K)->9016K(11008K)
[876.658s][info][gc             ] GC(230) Pause Young (Normal) (G1 Evacuation Pause) 7392M->3839M(8192M) 141.944ms
[876.658s][info][gc,cpu         ] GC(230) User=1.13s Sys=0.00s Real=0.15s
..[878.833s][info][gc,start       ] GC(231) Pause Young (Normal) (G1 Evacuation Pause)
[878.833s][info][gc,task        ] GC(231) Using 8 workers of 8 for evacuation
[878.968s][info][gc,phases      ] GC(231)   Pre Evacuate Collection Set: 0.25ms
[878.968s][info][gc,phases      ] GC(231)   Merge Heap Roots: 0.48ms
[878.968s][info][gc,phases      ] GC(231)   Evacuate Collection Set: 133.43ms
[878.968s][info][gc,phases      ] GC(231)   Post Evacuate Collection Set: 0.87ms
[878.968s][info][gc,phases      ] GC(231)   Other: 0.06ms
[878.968s][info][gc,heap        ] GC(231) Eden regions: 447->0(441)
[878.968s][info][gc,heap        ] GC(231) Survivor regions: 41->40(61)
[878.968s][info][gc,heap        ] GC(231) Old regions: 410->418
[878.968s][info][gc,heap        ] GC(231) Humongous regions: 33->33
[878.968s][info][gc,metaspace   ] GC(231) Metaspace: 35682K(37952K)->35682K(37952K) NonClass: 26665K(26944K)->26665K(26944K) Class: 9016K(11008K)->9016K(11008K)
[878.968s][info][gc             ] GC(231) Pause Young (Normal) (G1 Evacuation Pause) 7415M->3896M(8192M) 135.221ms
[878.968s][info][gc,cpu         ] GC(231) User=1.07s Sys=0.00s Real=0.14s
. (rIR:aIR:PR = 13832:13526:12930) (tPR = 187684) [PR is under limit] 
   878s: Re-initializing (term) [879.094s][info][gc,start       ] GC(232) Pause Full (System.gc())
[879.094s][info][gc,task        ] GC(232) Using 8 workers of 8 for full compaction
[879.094s][info][gc,phases,start] GC(232) Phase 1: Mark live objects
[879.109s][info][gc,phases      ] GC(232) Phase 1: Mark live objects 14.813ms
[879.109s][info][gc,phases,start] GC(232) Phase 2: Prepare compaction
[879.114s][info][gc,phases      ] GC(232) Phase 2: Prepare compaction 5.176ms
[879.114s][info][gc,phases,start] GC(232) Phase 3: Adjust pointers
[879.125s][info][gc,phases      ] GC(232) Phase 3: Adjust pointers 10.647ms
[879.125s][info][gc,phases,start] GC(232) Phase 4: Compact heap
[879.130s][info][gc,phases      ] GC(232) Phase 4: Compact heap 5.161ms
[879.130s][info][gc,phases,start] GC(232) Phase 5: Reset Metadata
[879.134s][info][gc,phases      ] GC(232) Phase 5: Reset Metadata 3.375ms
[879.142s][info][gc,heap        ] GC(232) Eden regions: 21->0(614)
[879.142s][info][gc,heap        ] GC(232) Survivor regions: 40->0(61)
[879.142s][info][gc,heap        ] GC(232) Old regions: 418->12
[879.142s][info][gc,heap        ] GC(232) Humongous regions: 33->33
[879.142s][info][gc,metaspace   ] GC(232) Metaspace: 35684K(37952K)->35684K(37952K) NonClass: 26667K(26944K)->26667K(26944K) Class: 9016K(11008K)->9016K(11008K)
[879.142s][info][gc             ] GC(232) Pause Full (System.gc()) 4061M->333M(8192M) 48.108ms
[879.142s][info][gc,cpu         ] GC(232) User=0.32s Sys=0.00s Real=0.05s
(init) ... OK
   884s: Searching from base IR = 13708
   884s:       rampup IR =      0 ... (rIR:aIR:PR = 0:0:0) (tPR = 0) [OK] 
   887s:       rampup IR =   1371 .... (rIR:aIR:PR = 1371:1361:1361) (tPR = 20364) [OK] 
   891s:       rampup IR =   2742 .[892.756s][info][gc,start       ] GC(233) Pause Young (Normal) (G1 Evacuation Pause)
[892.756s][info][gc,task        ] GC(233) Using 8 workers of 8 for evacuation
[893.481s][info][gc,mmu         ] GC(233) MMU target violated: 201.0ms (200.0ms/201.0ms)
[893.481s][info][gc,phases      ] GC(233)   Pre Evacuate Collection Set: 0.23ms
[893.481s][info][gc,phases      ] GC(233)   Merge Heap Roots: 0.86ms
[893.481s][info][gc,phases      ] GC(233)   Evacuate Collection Set: 721.90ms
[893.481s][info][gc,phases      ] GC(233)   Post Evacuate Collection Set: 1.29ms
[893.481s][info][gc,phases      ] GC(233)   Other: 0.11ms
[893.481s][info][gc,heap        ] GC(233) Eden regions: 614->0(239)
[893.481s][info][gc,heap        ] GC(233) Survivor regions: 0->77(77)
[893.481s][info][gc,heap        ] GC(233) Old regions: 12->87
[893.481s][info][gc,heap        ] GC(233) Humongous regions: 86->81
[893.481s][info][gc,metaspace   ] GC(233) Metaspace: 35692K(37952K)->35692K(37952K) NonClass: 26675K(26944K)->26675K(26944K) Class: 9016K(11008K)->9016K(11008K)
[893.481s][info][gc             ] GC(233) Pause Young (Normal) (G1 Evacuation Pause) 5669M->1933M(8192M) 724.496ms
[893.481s][info][gc,cpu         ] GC(233) User=5.75s Sys=0.00s Real=0.73s
... (rIR:aIR:PR = 2742:2763:2763) (tPR = 40942) [OK] 
   895s:       rampup IR =   4112 ..[897.720s][info][gc,start       ] GC(234) Pause Young (Normal) (G1 Evacuation Pause)
[897.720s][info][gc,task        ] GC(234) Using 8 workers of 8 for evacuation
[898.050s][info][gc,mmu         ] GC(234) MMU target violated: 201.0ms (200.0ms/201.0ms)
[898.050s][info][gc,phases      ] GC(234)   Pre Evacuate Collection Set: 0.23ms
[898.050s][info][gc,phases      ] GC(234)   Merge Heap Roots: 0.58ms
[898.050s][info][gc,phases      ] GC(234)   Evacuate Collection Set: 328.82ms
[898.050s][info][gc,phases      ] GC(234)   Post Evacuate Collection Set: 0.72ms
[898.050s][info][gc,phases      ] GC(234)   Other: 0.09ms
[898.050s][info][gc,heap        ] GC(234) Eden regions: 246->0(192)
[898.050s][info][gc,heap        ] GC(234) Survivor regions: 77->17(41)
[898.050s][info][gc,heap        ] GC(234) Old regions: 87->166
[898.050s][info][gc,heap        ] GC(234) Humongous regions: 81->81
[898.050s][info][gc,metaspace   ] GC(234) Metaspace: 35692K(37952K)->35692K(37952K) NonClass: 26675K(26944K)->26675K(26944K) Class: 9016K(11008K)->9016K(11008K)
[898.050s][info][gc             ] GC(234) Pause Young (Normal) (G1 Evacuation Pause) 3901M->2081M(8192M) 330.535ms
[898.050s][info][gc,cpu         ] GC(234) User=2.61s Sys=0.00s Real=0.33s
.. (rIR:aIR:PR = 4112:4027:4027) (tPR = 58374) [OK] 
   899s:       rampup IR =   5483 .[900.822s][info][gc,start       ] GC(235) Pause Young (Normal) (G1 Evacuation Pause)
[900.822s][info][gc,task        ] GC(235) Using 8 workers of 8 for evacuation
[900.900s][info][gc,phases      ] GC(235)   Pre Evacuate Collection Set: 0.24ms
[900.900s][info][gc,phases      ] GC(235)   Merge Heap Roots: 0.42ms
[900.900s][info][gc,phases      ] GC(235)   Evacuate Collection Set: 76.40ms
[900.900s][info][gc,phases      ] GC(235)   Post Evacuate Collection Set: 0.64ms
[900.900s][info][gc,phases      ] GC(235)   Other: 0.07ms
[900.900s][info][gc,heap        ] GC(235) Eden regions: 208->0(188)
[900.900s][info][gc,heap        ] GC(235) Survivor regions: 17->26(29)
[900.900s][info][gc,heap        ] GC(235) Old regions: 166->166
[900.900s][info][gc,heap        ] GC(235) Humongous regions: 81->81
[900.900s][info][gc,metaspace   ] GC(235) Metaspace: 35692K(37952K)->35692K(37952K) NonClass: 26675K(26944K)->26675K(26944K) Class: 9016K(11008K)->9016K(11008K)
[900.900s][info][gc             ] GC(235) Pause Young (Normal) (G1 Evacuation Pause) 3745M->2149M(8192M) 77.901ms
[900.900s][info][gc,cpu         ] GC(235) User=0.61s Sys=0.00s Real=0.08s
..[903.271s][info][gc,start       ] GC(236) Pause Young (Normal) (G1 Evacuation Pause)
[903.271s][info][gc,task        ] GC(236) Using 8 workers of 8 for evacuation
[903.369s][info][gc,phases      ] GC(236)   Pre Evacuate Collection Set: 0.22ms
[903.369s][info][gc,phases      ] GC(236)   Merge Heap Roots: 0.43ms
[903.369s][info][gc,phases      ] GC(236)   Evacuate Collection Set: 96.43ms
[903.369s][info][gc,phases      ] GC(236)   Post Evacuate Collection Set: 0.67ms
[903.369s][info][gc,phases      ] GC(236)   Other: 0.05ms
[903.369s][info][gc,heap        ] GC(236) Eden regions: 201->0(232)
[903.369s][info][gc,heap        ] GC(236) Survivor regions: 26->25(29)
[903.369s][info][gc,heap        ] GC(236) Old regions: 166->176
[903.369s][info][gc,heap        ] GC(236) Humongous regions: 81->81
[903.369s][info][gc,metaspace   ] GC(236) Metaspace: 35692K(37952K)->35692K(37952K) NonClass: 26675K(26944K)->26675K(26944K) Class: 9016K(11008K)->9016K(11008K)
[903.369s][info][gc             ] GC(236) Pause Young (Normal) (G1 Evacuation Pause) 3757M->2225M(8192M) 97.932ms
[903.369s][info][gc,cpu         ] GC(236) User=0.77s Sys=0.01s Real=0.10s
. (rIR:aIR:PR = 5483:5523:5522) (tPR = 81656) [OK] 
   903s:       rampup IR =   6854 ..[906.126s][info][gc,start       ] GC(237) Pause Young (Normal) (G1 Evacuation Pause)
[906.126s][info][gc,task        ] GC(237) Using 8 workers of 8 for evacuation
[906.226s][info][gc,phases      ] GC(237)   Pre Evacuate Collection Set: 0.23ms
[906.226s][info][gc,phases      ] GC(237)   Merge Heap Roots: 0.41ms
[906.226s][info][gc,phases      ] GC(237)   Evacuate Collection Set: 98.49ms
[906.226s][info][gc,phases      ] GC(237)   Post Evacuate Collection Set: 0.69ms
[906.226s][info][gc,phases      ] GC(237)   Other: 0.06ms
[906.226s][info][gc,heap        ] GC(237) Eden regions: 271->0(296)
[906.226s][info][gc,heap        ] GC(237) Survivor regions: 25->27(37)
[906.226s][info][gc,heap        ] GC(237) Old regions: 176->184
[906.226s][info][gc,heap        ] GC(237) Humongous regions: 81->81
[906.226s][info][gc,metaspace   ] GC(237) Metaspace: 35692K(37952K)->35692K(37952K) NonClass: 26675K(26944K)->26675K(26944K) Class: 9016K(11008K)->9016K(11008K)
[906.226s][info][gc             ] GC(237) Pause Young (Normal) (G1 Evacuation Pause) 4393M->2305M(8192M) 99.992ms
[906.226s][info][gc,cpu         ] GC(237) User=0.79s Sys=0.00s Real=0.10s
.. (rIR:aIR:PR = 6854:6831:6831) (tPR = 100932) [OK] 
   907s:       rampup IR =   8225 .[908.972s][info][gc,start       ] GC(238) Pause Young (Normal) (G1 Evacuation Pause)
[908.972s][info][gc,task        ] GC(238) Using 8 workers of 8 for evacuation
[909.082s][info][gc,phases      ] GC(238)   Pre Evacuate Collection Set: 0.25ms
[909.082s][info][gc,phases      ] GC(238)   Merge Heap Roots: 0.41ms
[909.082s][info][gc,phases      ] GC(238)   Evacuate Collection Set: 108.16ms
[909.082s][info][gc,phases      ] GC(238)   Post Evacuate Collection Set: 0.82ms
[909.082s][info][gc,phases      ] GC(238)   Other: 0.06ms
[909.082s][info][gc,heap        ] GC(238) Eden regions: 313->0(340)
[909.082s][info][gc,heap        ] GC(238) Survivor regions: 27->32(43)
[909.082s][info][gc,heap        ] GC(238) Old regions: 184->191
[909.082s][info][gc,heap        ] GC(238) Humongous regions: 81->81
[909.082s][info][gc,metaspace   ] GC(238) Metaspace: 35692K(37952K)->35692K(37952K) NonClass: 26675K(26944K)->26675K(26944K) Class: 9016K(11008K)->9016K(11008K)
[909.082s][info][gc             ] GC(238) Pause Young (Normal) (G1 Evacuation Pause) 4809M->2396M(8192M) 109.828ms
[909.082s][info][gc,cpu         ] GC(238) User=0.86s Sys=0.00s Real=0.11s
... (rIR:aIR:PR = 8225:8005:7990) (tPR = 122814) [OK] 
   911s:       rampup IR =   9596 [911.914s][info][gc,start       ] GC(239) Pause Young (Normal) (G1 Evacuation Pause)
[911.914s][info][gc,task        ] GC(239) Using 8 workers of 8 for evacuation
[912.028s][info][gc,phases      ] GC(239)   Pre Evacuate Collection Set: 0.27ms
[912.028s][info][gc,phases      ] GC(239)   Merge Heap Roots: 0.53ms
[912.028s][info][gc,phases      ] GC(239)   Evacuate Collection Set: 112.48ms
[912.028s][info][gc,phases      ] GC(239)   Post Evacuate Collection Set: 0.92ms
[912.028s][info][gc,phases      ] GC(239)   Other: 0.06ms
[912.028s][info][gc,heap        ] GC(239) Eden regions: 353->0(416)
[912.028s][info][gc,heap        ] GC(239) Survivor regions: 32->32(49)
[912.028s][info][gc,heap        ] GC(239) Old regions: 191->198
[912.028s][info][gc,heap        ] GC(239) Humongous regions: 81->81
[912.028s][info][gc,metaspace   ] GC(239) Metaspace: 35692K(37952K)->35692K(37952K) NonClass: 26675K(26944K)->26675K(26944K) Class: 9016K(11008K)->9016K(11008K)
[912.028s][info][gc             ] GC(239) Pause Young (Normal) (G1 Evacuation Pause) 5220M->2461M(8192M) 114.387ms
[912.028s][info][gc,cpu         ] GC(239) User=0.90s Sys=0.00s Real=0.12s
...[914.863s][info][gc,start       ] GC(240) Pause Young (Normal) (G1 Evacuation Pause)
[914.863s][info][gc,task        ] GC(240) Using 8 workers of 8 for evacuation
[914.988s][info][gc,phases      ] GC(240)   Pre Evacuate Collection Set: 0.24ms
[914.988s][info][gc,phases      ] GC(240)   Merge Heap Roots: 0.45ms
[914.988s][info][gc,phases      ] GC(240)   Evacuate Collection Set: 123.71ms
[914.988s][info][gc,phases      ] GC(240)   Post Evacuate Collection Set: 0.87ms
[914.988s][info][gc,phases      ] GC(240)   Other: 0.06ms
[914.988s][info][gc,heap        ] GC(240) Eden regions: 420->0(440)
[914.988s][info][gc,heap        ] GC(240) Survivor regions: 32->36(57)
[914.988s][info][gc,heap        ] GC(240) Old regions: 198->206
[914.988s][info][gc,heap        ] GC(240) Humongous regions: 81->81
[914.988s][info][gc,metaspace   ] GC(240) Metaspace: 35692K(37952K)->35692K(37952K) NonClass: 26675K(26944K)->26675K(26944K) Class: 9016K(11008K)->9016K(11008K)
[914.988s][info][gc             ] GC(240) Pause Young (Normal) (G1 Evacuation Pause) 5821M->2553M(8192M) 125.453ms
[914.988s][info][gc,cpu         ] GC(240) User=1.00s Sys=0.00s Real=0.13s
.. (rIR:aIR:PR = 9596:9871:9871) (tPR = 149294) [OK] 
   916s:       rampup IR =  10966 .[917.830s][info][gc,start       ] GC(241) Pause Young (Normal) (G1 Evacuation Pause)
[917.830s][info][gc,task        ] GC(241) Using 8 workers of 8 for evacuation
[917.958s][info][gc,phases      ] GC(241)   Pre Evacuate Collection Set: 0.25ms
[917.958s][info][gc,phases      ] GC(241)   Merge Heap Roots: 0.47ms
[917.958s][info][gc,phases      ] GC(241)   Evacuate Collection Set: 126.82ms
[917.958s][info][gc,phases      ] GC(241)   Post Evacuate Collection Set: 0.88ms
[917.958s][info][gc,phases      ] GC(241)   Other: 0.06ms
[917.958s][info][gc,heap        ] GC(241) Eden regions: 441->0(500)
[917.958s][info][gc,heap        ] GC(241) Survivor regions: 36->38(60)
[917.958s][info][gc,heap        ] GC(241) Old regions: 206->213
[917.958s][info][gc,heap        ] GC(241) Humongous regions: 81->81
[917.958s][info][gc,metaspace   ] GC(241) Metaspace: 35692K(37952K)->35692K(37952K) NonClass: 26675K(26944K)->26675K(26944K) Class: 9016K(11008K)->9016K(11008K)
[917.958s][info][gc             ] GC(241) Pause Young (Normal) (G1 Evacuation Pause) 6081M->2623M(8192M) 128.597ms
[917.958s][info][gc,cpu         ] GC(241) User=1.02s Sys=0.00s Real=0.13s
... (rIR:aIR:PR = 10966:10921:10914) (tPR = 151374) [OK] 
   920s:       rampup IR =  12337 [920.934s][info][gc,start       ] GC(242) Pause Young (Normal) (G1 Evacuation Pause)
[920.934s][info][gc,task        ] GC(242) Using 8 workers of 8 for evacuation
[921.073s][info][gc,phases      ] GC(242)   Pre Evacuate Collection Set: 0.28ms
[921.073s][info][gc,phases      ] GC(242)   Merge Heap Roots: 0.53ms
[921.073s][info][gc,phases      ] GC(242)   Evacuate Collection Set: 136.98ms
[921.073s][info][gc,phases      ] GC(242)   Post Evacuate Collection Set: 1.05ms
[921.073s][info][gc,phases      ] GC(242)   Other: 0.07ms
[921.073s][info][gc,heap        ] GC(242) Eden regions: 497->0(542)
[921.073s][info][gc,heap        ] GC(242) Survivor regions: 38->40(67)
[921.073s][info][gc,heap        ] GC(242) Old regions: 213->220
[921.073s][info][gc,heap        ] GC(242) Humongous regions: 81->81
[921.073s][info][gc,metaspace   ] GC(242) Metaspace: 35692K(37952K)->35692K(37952K) NonClass: 26675K(26944K)->26675K(26944K) Class: 9016K(11008K)->9016K(11008K)
[921.073s][info][gc             ] GC(242) Pause Young (Normal) (G1 Evacuation Pause) 6599M->2694M(8192M) 139.045ms
[921.073s][info][gc,cpu         ] GC(242) User=1.11s Sys=0.00s Real=0.14s
...[923.943s][info][gc,start       ] GC(243) Pause Young (Normal) (G1 Evacuation Pause)
[923.943s][info][gc,task        ] GC(243) Using 8 workers of 8 for evacuation
[924.087s][info][gc,phases      ] GC(243)   Pre Evacuate Collection Set: 0.23ms
[924.087s][info][gc,phases      ] GC(243)   Merge Heap Roots: 0.49ms
[924.087s][info][gc,phases      ] GC(243)   Evacuate Collection Set: 142.37ms
[924.087s][info][gc,phases      ] GC(243)   Post Evacuate Collection Set: 1.04ms
[924.087s][info][gc,phases      ] GC(243)   Other: 0.07ms
[924.087s][info][gc,heap        ] GC(243) Eden regions: 536->0(558)
[924.087s][info][gc,heap        ] GC(243) Survivor regions: 40->43(72)
[924.087s][info][gc,heap        ] GC(243) Old regions: 220->227
[924.087s][info][gc,heap        ] GC(243) Humongous regions: 81->81
[924.087s][info][gc,metaspace   ] GC(243) Metaspace: 35692K(37952K)->35692K(37952K) NonClass: 26675K(26944K)->26675K(26944K) Class: 9016K(11008K)->9016K(11008K)
[924.087s][info][gc             ] GC(243) Pause Young (Normal) (G1 Evacuation Pause) 6982M->2775M(8192M) 144.335ms
[924.088s][info][gc,cpu         ] GC(243) User=1.14s Sys=0.00s Real=0.15s
.. (rIR:aIR:PR = 12337:11947:12148) (tPR = 181366) [OK] 
   925s:       rampup IR =  13708 .[927.063s][info][gc,start       ] GC(244) Pause Young (Normal) (G1 Evacuation Pause)
[927.063s][info][gc,task        ] GC(244) Using 8 workers of 8 for evacuation
[927.210s][info][gc,phases      ] GC(244)   Pre Evacuate Collection Set: 0.26ms
[927.210s][info][gc,phases      ] GC(244)   Merge Heap Roots: 0.52ms
[927.210s][info][gc,phases      ] GC(244)   Evacuate Collection Set: 145.46ms
[927.210s][info][gc,phases      ] GC(244)   Post Evacuate Collection Set: 1.02ms
[927.210s][info][gc,phases      ] GC(244)   Other: 0.06ms
[927.210s][info][gc,heap        ] GC(244) Eden regions: 553->0(571)
[927.210s][info][gc,heap        ] GC(244) Survivor regions: 43->43(75)
[927.210s][info][gc,heap        ] GC(244) Old regions: 227->234
[927.210s][info][gc,heap        ] GC(244) Humongous regions: 81->81
[927.210s][info][gc,metaspace   ] GC(244) Metaspace: 35692K(37952K)->35692K(37952K) NonClass: 26675K(26944K)->26675K(26944K) Class: 9016K(11008K)->9016K(11008K)
[927.210s][info][gc             ] GC(244) Pause Young (Normal) (G1 Evacuation Pause) 7199M->2836M(8192M) 147.436ms
[927.210s][info][gc,cpu         ] GC(244) User=1.16s Sys=0.01s Real=0.15s
...[930.148s][info][gc,start       ] GC(245) Pause Young (Normal) (G1 Evacuation Pause)
[930.148s][info][gc,task        ] GC(245) Using 8 workers of 8 for evacuation
[930.295s][info][gc,phases      ] GC(245)   Pre Evacuate Collection Set: 0.24ms
[930.295s][info][gc,phases      ] GC(245)   Merge Heap Roots: 0.50ms
[930.295s][info][gc,phases      ] GC(245)   Evacuate Collection Set: 144.96ms
[930.295s][info][gc,phases      ] GC(245)   Post Evacuate Collection Set: 1.04ms
[930.295s][info][gc,phases      ] GC(245)   Other: 0.07ms
[930.295s][info][gc,heap        ] GC(245) Eden regions: 571->0(562)
[930.295s][info][gc,heap        ] GC(245) Survivor regions: 43->44(77)
[930.295s][info][gc,heap        ] GC(245) Old regions: 234->241
[930.295s][info][gc,heap        ] GC(245) Humongous regions: 81->81
[930.295s][info][gc,metaspace   ] GC(245) Metaspace: 35692K(37952K)->35692K(37952K) NonClass: 26675K(26944K)->26675K(26944K) Class: 9016K(11008K)->9016K(11008K)
[930.295s][info][gc             ] GC(245) Pause Young (Normal) (G1 Evacuation Pause) 7404M->2897M(8192M) 146.962ms
[930.295s][info][gc,cpu         ] GC(245) User=1.16s Sys=0.00s Real=0.14s
...[933.107s][info][gc,start       ] GC(246) Pause Young (Normal) (G1 Evacuation Pause)
[933.107s][info][gc,task        ] GC(246) Using 8 workers of 8 for evacuation
[933.252s][info][gc,phases      ] GC(246)   Pre Evacuate Collection Set: 0.24ms
[933.252s][info][gc,phases      ] GC(246)   Merge Heap Roots: 0.52ms
[933.252s][info][gc,phases      ] GC(246)   Evacuate Collection Set: 142.87ms
[933.252s][info][gc,phases      ] GC(246)   Post Evacuate Collection Set: 1.03ms
[933.252s][info][gc,phases      ] GC(246)   Other: 0.06ms
[933.252s][info][gc,heap        ] GC(246) Eden regions: 562->0(556)
[933.252s][info][gc,heap        ] GC(246) Survivor regions: 44->43(76)
[933.252s][info][gc,heap        ] GC(246) Old regions: 241->249
[933.252s][info][gc,heap        ] GC(246) Humongous regions: 81->81
[933.252s][info][gc,metaspace   ] GC(246) Metaspace: 35692K(37952K)->35692K(37952K) NonClass: 26675K(26944K)->26675K(26944K) Class: 9016K(11008K)->9016K(11008K)
[933.252s][info][gc             ] GC(246) Pause Young (Normal) (G1 Evacuation Pause) 7393M->2946M(8192M) 144.847ms
[933.252s][info][gc,cpu         ] GC(246) User=1.15s Sys=0.00s Real=0.14s
...[936.122s][info][gc,start       ] GC(247) Pause Young (Normal) (G1 Evacuation Pause)
[936.123s][info][gc,task        ] GC(247) Using 8 workers of 8 for evacuation
[936.270s][info][gc,phases      ] GC(247)   Pre Evacuate Collection Set: 0.24ms
[936.270s][info][gc,phases      ] GC(247)   Merge Heap Roots: 0.51ms
[936.270s][info][gc,phases      ] GC(247)   Evacuate Collection Set: 145.58ms
[936.270s][info][gc,phases      ] GC(247)   Post Evacuate Collection Set: 1.01ms
[936.270s][info][gc,phases      ] GC(247)   Other: 0.06ms
[936.270s][info][gc,heap        ] GC(247) Eden regions: 556->0(549)
[936.270s][info][gc,heap        ] GC(247) Survivor regions: 43->43(75)
[936.270s][info][gc,heap        ] GC(247) Old regions: 249->256
[936.270s][info][gc,heap        ] GC(247) Humongous regions: 81->81
[936.270s][info][gc,metaspace   ] GC(247) Metaspace: 35692K(37952K)->35692K(37952K) NonClass: 26675K(26944K)->26675K(26944K) Class: 9016K(11008K)->9016K(11008K)
[936.270s][info][gc             ] GC(247) Pause Young (Normal) (G1 Evacuation Pause) 7394M->3007M(8192M) 147.528ms
[936.270s][info][gc,cpu         ] GC(247) User=1.17s Sys=0.00s Real=0.15s
...[939.118s][info][gc,start       ] GC(248) Pause Young (Normal) (G1 Evacuation Pause)
[939.118s][info][gc,task        ] GC(248) Using 8 workers of 8 for evacuation
[939.269s][info][gc,phases      ] GC(248)   Pre Evacuate Collection Set: 0.24ms
[939.269s][info][gc,phases      ] GC(248)   Merge Heap Roots: 0.51ms
[939.269s][info][gc,phases      ] GC(248)   Evacuate Collection Set: 148.87ms
[939.269s][info][gc,phases      ] GC(248)   Post Evacuate Collection Set: 1.00ms
[939.269s][info][gc,phases      ] GC(248)   Other: 0.06ms
[939.269s][info][gc,heap        ] GC(248) Eden regions: 549->0(542)
[939.269s][info][gc,heap        ] GC(248) Survivor regions: 43->43(74)
[939.269s][info][gc,heap        ] GC(248) Old regions: 256->263
[939.269s][info][gc,heap        ] GC(248) Humongous regions: 81->81
[939.269s][info][gc,metaspace   ] GC(248) Metaspace: 35694K(37952K)->35694K(37952K) NonClass: 26677K(26944K)->26677K(26944K) Class: 9016K(11008K)->9016K(11008K)
[939.269s][info][gc             ] GC(248) Pause Young (Normal) (G1 Evacuation Pause) 7399M->3069M(8192M) 150.816ms
[939.269s][info][gc,cpu         ] GC(248) User=1.19s Sys=0.01s Real=0.15s
...[942.006s][info][gc,start       ] GC(249) Pause Young (Normal) (G1 Evacuation Pause)
[942.006s][info][gc,task        ] GC(249) Using 8 workers of 8 for evacuation
[942.157s][info][gc,phases      ] GC(249)   Pre Evacuate Collection Set: 0.24ms
[942.157s][info][gc,phases      ] GC(249)   Merge Heap Roots: 0.53ms
[942.157s][info][gc,phases      ] GC(249)   Evacuate Collection Set: 148.45ms
[942.157s][info][gc,phases      ] GC(249)   Post Evacuate Collection Set: 1.04ms
[942.157s][info][gc,phases      ] GC(249)   Other: 0.06ms
[942.157s][info][gc,heap        ] GC(249) Eden regions: 542->0(534)
[942.157s][info][gc,heap        ] GC(249) Survivor regions: 43->43(74)
[942.157s][info][gc,heap        ] GC(249) Old regions: 263->271
[942.157s][info][gc,heap        ] GC(249) Humongous regions: 81->81
[942.157s][info][gc,metaspace   ] GC(249) Metaspace: 35694K(37952K)->35694K(37952K) NonClass: 26677K(26944K)->26677K(26944K) Class: 9016K(11008K)->9016K(11008K)
[942.157s][info][gc             ] GC(249) Pause Young (Normal) (G1 Evacuation Pause) 7405M->3125M(8192M) 150.478ms
[942.157s][info][gc,cpu         ] GC(249) User=1.20s Sys=0.00s Real=0.15s
...[944.886s][info][gc,start       ] GC(250) Pause Young (Normal) (G1 Evacuation Pause)
[944.886s][info][gc,task        ] GC(250) Using 8 workers of 8 for evacuation
[945.031s][info][gc,phases      ] GC(250)   Pre Evacuate Collection Set: 0.24ms
[945.031s][info][gc,phases      ] GC(250)   Merge Heap Roots: 0.57ms
[945.031s][info][gc,phases      ] GC(250)   Evacuate Collection Set: 142.93ms
[945.031s][info][gc,phases      ] GC(250)   Post Evacuate Collection Set: 1.03ms
[945.031s][info][gc,phases      ] GC(250)   Other: 0.07ms
[945.031s][info][gc,heap        ] GC(250) Eden regions: 534->0(528)
[945.031s][info][gc,heap        ] GC(250) Survivor regions: 43->42(73)
[945.031s][info][gc,heap        ] GC(250) Old regions: 271->279
[945.031s][info][gc,heap        ] GC(250) Humongous regions: 81->81
[945.031s][info][gc,metaspace   ] GC(250) Metaspace: 35694K(37952K)->35694K(37952K) NonClass: 26677K(26944K)->26677K(26944K) Class: 9016K(11008K)->9016K(11008K)
[945.031s][info][gc             ] GC(250) Pause Young (Normal) (G1 Evacuation Pause) 7397M->3182M(8192M) 144.961ms
[945.031s][info][gc,cpu         ] GC(250) User=1.14s Sys=0.01s Real=0.15s
..[947.728s][info][gc,start       ] GC(251) Pause Young (Normal) (G1 Evacuation Pause)
[947.728s][info][gc,task        ] GC(251) Using 8 workers of 8 for evacuation
[947.876s][info][gc,phases      ] GC(251)   Pre Evacuate Collection Set: 0.24ms
[947.876s][info][gc,phases      ] GC(251)   Merge Heap Roots: 0.52ms
[947.876s][info][gc,phases      ] GC(251)   Evacuate Collection Set: 146.52ms
[947.876s][info][gc,phases      ] GC(251)   Post Evacuate Collection Set: 0.99ms
[947.876s][info][gc,phases      ] GC(251)   Other: 0.06ms
[947.876s][info][gc,heap        ] GC(251) Eden regions: 528->0(521)
[947.876s][info][gc,heap        ] GC(251) Survivor regions: 42->42(72)
[947.876s][info][gc,heap        ] GC(251) Old regions: 279->286
[947.876s][info][gc,heap        ] GC(251) Humongous regions: 81->81
[947.876s][info][gc,metaspace   ] GC(251) Metaspace: 35694K(37952K)->35694K(37952K) NonClass: 26677K(26944K)->26677K(26944K) Class: 9016K(11008K)->9016K(11008K)
[947.876s][info][gc             ] GC(251) Pause Young (Normal) (G1 Evacuation Pause) 7406M->3244M(8192M) 148.452ms
[947.877s][info][gc,cpu         ] GC(251) User=1.18s Sys=0.00s Real=0.14s
...[950.490s][info][gc,start       ] GC(252) Pause Young (Normal) (G1 Evacuation Pause)
[950.490s][info][gc,task        ] GC(252) Using 8 workers of 8 for evacuation
[950.638s][info][gc,phases      ] GC(252)   Pre Evacuate Collection Set: 0.20ms
[950.638s][info][gc,phases      ] GC(252)   Merge Heap Roots: 0.54ms
[950.638s][info][gc,phases      ] GC(252)   Evacuate Collection Set: 146.33ms
[950.638s][info][gc,phases      ] GC(252)   Post Evacuate Collection Set: 0.98ms
[950.638s][info][gc,phases      ] GC(252)   Other: 0.06ms
[950.638s][info][gc,heap        ] GC(252) Eden regions: 521->0(513)
[950.638s][info][gc,heap        ] GC(252) Survivor regions: 42->42(71)
[950.638s][info][gc,heap        ] GC(252) Old regions: 286->294
[950.638s][info][gc,heap        ] GC(252) Humongous regions: 81->81
[950.638s][info][gc,metaspace   ] GC(252) Metaspace: 35695K(37952K)->35695K(37952K) NonClass: 26679K(26944K)->26679K(26944K) Class: 9016K(11008K)->9016K(11008K)
[950.638s][info][gc             ] GC(252) Pause Young (Normal) (G1 Evacuation Pause) 7412M->3302M(8192M) 148.251ms
[950.638s][info][gc,cpu         ] GC(252) User=1.17s Sys=0.00s Real=0.15s
...[953.287s][info][gc,start       ] GC(253) Pause Young (Normal) (G1 Evacuation Pause)
[953.287s][info][gc,task        ] GC(253) Using 8 workers of 8 for evacuation
[953.440s][info][gc,phases      ] GC(253)   Pre Evacuate Collection Set: 0.24ms
[953.440s][info][gc,phases      ] GC(253)   Merge Heap Roots: 0.51ms
[953.440s][info][gc,phases      ] GC(253)   Evacuate Collection Set: 151.53ms
[953.440s][info][gc,phases      ] GC(253)   Post Evacuate Collection Set: 0.96ms
[953.440s][info][gc,phases      ] GC(253)   Other: 0.06ms
[953.440s][info][gc,heap        ] GC(253) Eden regions: 513->0(500)
[953.440s][info][gc,heap        ] GC(253) Survivor regions: 42->45(70)
[953.440s][info][gc,heap        ] GC(253) Old regions: 294->301
[953.440s][info][gc,heap        ] GC(253) Humongous regions: 81->81
[953.440s][info][gc,metaspace   ] GC(253) Metaspace: 35697K(37952K)->35697K(37952K) NonClass: 26680K(26944K)->26680K(26944K) Class: 9016K(11008K)->9016K(11008K)
[953.440s][info][gc             ] GC(253) Pause Young (Normal) (G1 Evacuation Pause) 7406M->3382M(8192M) 153.423ms
[953.440s][info][gc,cpu         ] GC(253) User=1.21s Sys=0.00s Real=0.16s
...[955.904s][info][gc,start       ] GC(254) Pause Young (Normal) (G1 Evacuation Pause)
[955.904s][info][gc,task        ] GC(254) Using 8 workers of 8 for evacuation
[956.051s][info][gc,phases      ] GC(254)   Pre Evacuate Collection Set: 0.24ms
[956.051s][info][gc,phases      ] GC(254)   Merge Heap Roots: 0.54ms
[956.051s][info][gc,phases      ] GC(254)   Evacuate Collection Set: 145.15ms
[956.051s][info][gc,phases      ] GC(254)   Post Evacuate Collection Set: 0.96ms
[956.051s][info][gc,phases      ] GC(254)   Other: 0.06ms
[956.051s][info][gc,heap        ] GC(254) Eden regions: 500->0(498)
[956.051s][info][gc,heap        ] GC(254) Survivor regions: 45->42(69)
[956.051s][info][gc,heap        ] GC(254) Old regions: 301->309
[956.051s][info][gc,heap        ] GC(254) Humongous regions: 81->81
[956.051s][info][gc,metaspace   ] GC(254) Metaspace: 35697K(37952K)->35697K(37952K) NonClass: 26681K(26944K)->26681K(26944K) Class: 9016K(11008K)->9016K(11008K)
[956.051s][info][gc             ] GC(254) Pause Young (Normal) (G1 Evacuation Pause) 7382M->3422M(8192M) 147.073ms
[956.051s][info][gc,cpu         ] GC(254) User=1.17s Sys=0.00s Real=0.15s
 (rIR:aIR:PR = 13708:13470:12694) (tPR = 186902) [PR is under limit] 
   955s: Re-initializing (term) [956.164s][info][gc,start       ] GC(255) Pause Full (System.gc())
[956.164s][info][gc,task        ] GC(255) Using 8 workers of 8 for full compaction
[956.164s][info][gc,phases,start] GC(255) Phase 1: Mark live objects
[956.179s][info][gc,phases      ] GC(255) Phase 1: Mark live objects 14.861ms
[956.179s][info][gc,phases,start] GC(255) Phase 2: Prepare compaction
[956.184s][info][gc,phases      ] GC(255) Phase 2: Prepare compaction 4.434ms
[956.184s][info][gc,phases,start] GC(255) Phase 3: Adjust pointers
[956.194s][info][gc,phases      ] GC(255) Phase 3: Adjust pointers 10.054ms
[956.194s][info][gc,phases,start] GC(255) Phase 4: Compact heap
[956.198s][info][gc,phases      ] GC(255) Phase 4: Compact heap 4.524ms
[956.198s][info][gc,phases,start] GC(255) Phase 5: Reset Metadata
[956.202s][info][gc,phases      ] GC(255) Phase 5: Reset Metadata 3.305ms
[956.210s][info][gc,heap        ] GC(255) Eden regions: 15->0(614)
[956.210s][info][gc,heap        ] GC(255) Survivor regions: 42->0(69)
[956.210s][info][gc,heap        ] GC(255) Old regions: 309->12
[956.210s][info][gc,heap        ] GC(255) Humongous regions: 81->33
[956.210s][info][gc,metaspace   ] GC(255) Metaspace: 35699K(37952K)->35699K(37952K) NonClass: 26682K(26944K)->26682K(26944K) Class: 9016K(11008K)->9016K(11008K)
[956.210s][info][gc             ] GC(255) Pause Full (System.gc()) 3538M->333M(8192M) 46.140ms
[956.210s][info][gc,cpu         ] GC(255) User=0.30s Sys=0.00s Real=0.05s
(init) ... OK
   961s: high-bound for max-jOPS is measured to be 13837
   961s: 
   961s: Restarting (term) [961.781s][info][gc,start       ] GC(256) Pause Full (System.gc())
[961.781s][info][gc,task        ] GC(256) Using 8 workers of 8 for full compaction
[961.781s][info][gc,phases,start] GC(256) Phase 1: Mark live objects
[961.796s][info][gc,phases      ] GC(256) Phase 1: Mark live objects 14.772ms
[961.796s][info][gc,phases,start] GC(256) Phase 2: Prepare compaction
[961.801s][info][gc,phases      ] GC(256) Phase 2: Prepare compaction 5.227ms
[961.801s][info][gc,phases,start] GC(256) Phase 3: Adjust pointers
[961.812s][info][gc,phases      ] GC(256) Phase 3: Adjust pointers 10.689ms
[961.812s][info][gc,phases,start] GC(256) Phase 4: Compact heap
[961.817s][info][gc,phases      ] GC(256) Phase 4: Compact heap 4.987ms
[961.817s][info][gc,phases,start] GC(256) Phase 5: Reset Metadata
[961.820s][info][gc,phases      ] GC(256) Phase 5: Reset Metadata 3.541ms
[961.829s][info][gc,heap        ] GC(256) Eden regions: 470->0(614)
[961.829s][info][gc,heap        ] GC(256) Survivor regions: 0->0(69)
[961.829s][info][gc,heap        ] GC(256) Old regions: 12->12
[961.829s][info][gc,heap        ] GC(256) Humongous regions: 86->33
[961.829s][info][gc,metaspace   ] GC(256) Metaspace: 35764K(38016K)->35764K(38016K) NonClass: 26692K(26944K)->26692K(26944K) Class: 9071K(11072K)->9071K(11072K)
[961.829s][info][gc             ] GC(256) Pause Full (System.gc()) 4517M->332M(8192M) 48.399ms
[961.829s][info][gc,cpu         ] GC(256) User=0.31s Sys=0.00s Real=0.05s
(init) ... OK
   967s: 
   967s: Warmup for building throughput-responsetime curve
   967s: (10%)   IR =   1384 .....[972.974s][info][gc,start       ] GC(257) Pause Young (Normal) (G1 Evacuation Pause)
[972.974s][info][gc,task        ] GC(257) Using 8 workers of 8 for evacuation
[973.691s][info][gc,mmu         ] GC(257) MMU target violated: 201.0ms (200.0ms/201.0ms)
[973.691s][info][gc,phases      ] GC(257)   Pre Evacuate Collection Set: 0.24ms
[973.691s][info][gc,phases      ] GC(257)   Merge Heap Roots: 0.94ms
[973.691s][info][gc,phases      ] GC(257)   Evacuate Collection Set: 714.04ms
[973.691s][info][gc,phases      ] GC(257)   Post Evacuate Collection Set: 1.32ms
[973.691s][info][gc,phases      ] GC(257)   Other: 0.11ms
[973.691s][info][gc,heap        ] GC(257) Eden regions: 614->0(237)
[973.691s][info][gc,heap        ] GC(257) Survivor regions: 0->77(77)
[973.691s][info][gc,heap        ] GC(257) Old regions: 12->88
[973.691s][info][gc,heap        ] GC(257) Humongous regions: 86->81
[973.691s][info][gc,metaspace   ] GC(257) Metaspace: 35779K(38016K)->35779K(38016K) NonClass: 26707K(26944K)->26707K(26944K) Class: 9071K(11072K)->9071K(11072K)
[973.691s][info][gc             ] GC(257) Pause Young (Normal) (G1 Evacuation Pause) 5668M->1936M(8192M) 716.769ms
[973.691s][info][gc,cpu         ] GC(257) User=5.68s Sys=0.00s Real=0.72s
...........[984.051s][info][gc,start       ] GC(258) Pause Young (Normal) (G1 Evacuation Pause)
[984.051s][info][gc,task        ] GC(258) Using 8 workers of 8 for evacuation
[984.389s][info][gc,mmu         ] GC(258) MMU target violated: 201.0ms (200.0ms/201.0ms)
[984.389s][info][gc,phases      ] GC(258)   Pre Evacuate Collection Set: 0.27ms
[984.389s][info][gc,phases      ] GC(258)   Merge Heap Roots: 0.73ms
[984.389s][info][gc,phases      ] GC(258)   Evacuate Collection Set: 335.44ms
[984.389s][info][gc,phases      ] GC(258)   Post Evacuate Collection Set: 0.65ms
[984.389s][info][gc,phases      ] GC(258)   Other: 0.10ms
[984.389s][info][gc,heap        ] GC(258) Eden regions: 239->0(192)
[984.389s][info][gc,heap        ] GC(258) Survivor regions: 77->16(40)
[984.389s][info][gc,heap        ] GC(258) Old regions: 88->167
[984.389s][info][gc,heap        ] GC(258) Humongous regions: 81->81
[984.389s][info][gc,metaspace   ] GC(258) Metaspace: 35781K(38016K)->35781K(38016K) NonClass: 26709K(26944K)->26709K(26944K) Class: 9071K(11072K)->9071K(11072K)
[984.389s][info][gc             ] GC(258) Pause Young (Normal) (G1 Evacuation Pause) 3848M->2080M(8192M) 337.306ms
[984.389s][info][gc,cpu         ] GC(258) User=2.67s Sys=0.00s Real=0.34s
..........[994.248s][info][gc,start       ] GC(259) Pause Young (Normal) (G1 Evacuation Pause)
[994.249s][info][gc,task        ] GC(259) Using 8 workers of 8 for evacuation
[994.325s][info][gc,phases      ] GC(259)   Pre Evacuate Collection Set: 0.21ms
[994.325s][info][gc,phases      ] GC(259)   Merge Heap Roots: 0.45ms
[994.325s][info][gc,phases      ] GC(259)   Evacuate Collection Set: 75.51ms
[994.325s][info][gc,phases      ] GC(259)   Post Evacuate Collection Set: 0.67ms
[994.325s][info][gc,phases      ] GC(259)   Other: 0.06ms
[994.325s][info][gc,heap        ] GC(259) Eden regions: 210->0(189)
[994.325s][info][gc,heap        ] GC(259) Survivor regions: 16->25(29)
[994.325s][info][gc,heap        ] GC(259) Old regions: 167->167
[994.325s][info][gc,heap        ] GC(259) Humongous regions: 81->81
[994.325s][info][gc,metaspace   ] GC(259) Metaspace: 35781K(38016K)->35781K(38016K) NonClass: 26709K(26944K)->26709K(26944K) Class: 9071K(11072K)->9071K(11072K)
[994.326s][info][gc             ] GC(259) Pause Young (Normal) (G1 Evacuation Pause) 3760M->2152M(8192M) 77.023ms
[994.326s][info][gc,cpu         ] GC(259) User=0.61s Sys=0.00s Real=0.07s
..........[1004.204s][info][gc,start       ] GC(260) Pause Young (Normal) (G1 Evacuation Pause)
[1004.204s][info][gc,task        ] GC(260) Using 8 workers of 8 for evacuation
[1004.298s][info][gc,phases      ] GC(260)   Pre Evacuate Collection Set: 0.24ms
[1004.298s][info][gc,phases      ] GC(260)   Merge Heap Roots: 0.48ms
[1004.298s][info][gc,phases      ] GC(260)   Evacuate Collection Set: 92.99ms
[1004.298s][info][gc,phases      ] GC(260)   Post Evacuate Collection Set: 0.64ms
[1004.298s][info][gc,phases      ] GC(260)   Other: 0.06ms
[1004.298s][info][gc,heap        ] GC(260) Eden regions: 203->0(231)
[1004.298s][info][gc,heap        ] GC(260) Survivor regions: 25->25(29)
[1004.298s][info][gc,heap        ] GC(260) Old regions: 167->177
[1004.298s][info][gc,heap        ] GC(260) Humongous regions: 81->81
[1004.298s][info][gc,metaspace   ] GC(260) Metaspace: 35781K(38016K)->35781K(38016K) NonClass: 26709K(26944K)->26709K(26944K) Class: 9071K(11072K)->9071K(11072K)
[1004.298s][info][gc             ] GC(260) Pause Young (Normal) (G1 Evacuation Pause) 3776M->2227M(8192M) 94.540ms
[1004.298s][info][gc,cpu         ] GC(260) User=0.74s Sys=0.00s Real=0.10s
.............[1017.651s][info][gc,start       ] GC(261) Pause Young (Normal) (G1 Evacuation Pause)
[1017.651s][info][gc,task        ] GC(261) Using 8 workers of 8 for evacuation
[1017.748s][info][gc,phases      ] GC(261)   Pre Evacuate Collection Set: 0.23ms
[1017.748s][info][gc,phases      ] GC(261)   Merge Heap Roots: 0.42ms
[1017.748s][info][gc,phases      ] GC(261)   Evacuate Collection Set: 96.06ms
[1017.748s][info][gc,phases      ] GC(261)   Post Evacuate Collection Set: 0.70ms
[1017.748s][info][gc,phases      ] GC(261)   Other: 0.06ms
[1017.748s][info][gc,heap        ] GC(261) Eden regions: 273->0(294)
[1017.748s][info][gc,heap        ] GC(261) Survivor regions: 25->27(38)
[1017.748s][info][gc,heap        ] GC(261) Old regions: 177->185
[1017.748s][info][gc,heap        ] GC(261) Humongous regions: 81->81
[1017.748s][info][gc,metaspace   ] GC(261) Metaspace: 35781K(38016K)->35781K(38016K) NonClass: 26709K(26944K)->26709K(26944K) Class: 9071K(11072K)->9071K(11072K)
[1017.748s][info][gc             ] GC(261) Pause Young (Normal) (G1 Evacuation Pause) 4411M->2306M(8192M) 97.607ms
[1017.749s][info][gc,cpu         ] GC(261) User=0.77s Sys=0.00s Real=0.10s
................[1032.887s][info][gc,start       ] GC(262) Pause Young (Normal) (G1 Evacuation Pause)
[1032.887s][info][gc,task        ] GC(262) Using 8 workers of 8 for evacuation
[1032.991s][info][gc,phases      ] GC(262)   Pre Evacuate Collection Set: 0.26ms
[1032.991s][info][gc,phases      ] GC(262)   Merge Heap Roots: 0.48ms
[1032.991s][info][gc,phases      ] GC(262)   Evacuate Collection Set: 102.72ms
[1032.991s][info][gc,phases      ] GC(262)   Post Evacuate Collection Set: 0.74ms
[1032.991s][info][gc,phases      ] GC(262)   Other: 0.06ms
[1032.991s][info][gc,heap        ] GC(262) Eden regions: 310->0(357)
[1032.991s][info][gc,heap        ] GC(262) Survivor regions: 27->30(43)
[1032.991s][info][gc,heap        ] GC(262) Old regions: 185->191
[1032.991s][info][gc,heap        ] GC(262) Humongous regions: 81->81
[1032.991s][info][gc,metaspace   ] GC(262) Metaspace: 35781K(38016K)->35781K(38016K) NonClass: 26709K(26944K)->26709K(26944K) Class: 9071K(11072K)->9071K(11072K)
[1032.991s][info][gc             ] GC(262) Pause Young (Normal) (G1 Evacuation Pause) 4786M->2382M(8192M) 104.399ms
[1032.992s][info][gc,cpu         ] GC(262) User=0.83s Sys=0.00s Real=0.10s
..................[1051.062s][info][gc,start       ] GC(263) Pause Young (Normal) (G1 Evacuation Pause)
[1051.062s][info][gc,task        ] GC(263) Using 8 workers of 8 for evacuation
[1051.178s][info][gc,phases      ] GC(263)   Pre Evacuate Collection Set: 0.23ms
[1051.178s][info][gc,phases      ] GC(263)   Merge Heap Roots: 0.48ms
[1051.178s][info][gc,phases      ] GC(263)   Evacuate Collection Set: 114.44ms
[1051.178s][info][gc,phases      ] GC(263)   Post Evacuate Collection Set: 0.76ms
[1051.178s][info][gc,phases      ] GC(263)   Other: 0.06ms
[1051.178s][info][gc,heap        ] GC(263) Eden regions: 370->0(393)
[1051.178s][info][gc,heap        ] GC(263) Survivor regions: 30->33(50)
[1051.178s][info][gc,heap        ] GC(263) Old regions: 191->198
[1051.178s][info][gc,heap        ] GC(263) Humongous regions: 81->81
[1051.178s][info][gc,metaspace   ] GC(263) Metaspace: 35781K(38016K)->35781K(38016K) NonClass: 26709K(26944K)->26709K(26944K) Class: 9071K(11072K)->9071K(11072K)
[1051.178s][info][gc             ] GC(263) Pause Young (Normal) (G1 Evacuation Pause) 5342M->2467M(8192M) 116.088ms
[1051.178s][info][gc,cpu         ] GC(263) User=0.92s Sys=0.00s Real=0.12s
...................[1070.654s][info][gc,start       ] GC(264) Pause Young (Normal) (G1 Evacuation Pause)
[1070.654s][info][gc,task        ] GC(264) Using 8 workers of 8 for evacuation
[1070.774s][info][gc,phases      ] GC(264)   Pre Evacuate Collection Set: 0.26ms
[1070.774s][info][gc,phases      ] GC(264)   Merge Heap Roots: 0.52ms
[1070.774s][info][gc,phases      ] GC(264)   Evacuate Collection Set: 119.09ms
[1070.774s][info][gc,phases      ] GC(264)   Post Evacuate Collection Set: 0.82ms
[1070.774s][info][gc,phases      ] GC(264)   Other: 0.06ms
[1070.774s][info][gc,heap        ] GC(264) Eden regions: 397->0(439)
[1070.774s][info][gc,heap        ] GC(264) Survivor regions: 33->35(54)
[1070.774s][info][gc,heap        ] GC(264) Old regions: 198->206
[1070.774s][info][gc,heap        ] GC(264) Humongous regions: 81->81
[1070.774s][info][gc,metaspace   ] GC(264) Metaspace: 35781K(38016K)->35781K(38016K) NonClass: 26709K(26944K)->26709K(26944K) Class: 9071K(11072K)->9071K(11072K)
[1070.774s][info][gc             ] GC(264) Pause Young (Normal) (G1 Evacuation Pause) 5643M->2537M(8192M) 120.894ms
[1070.774s][info][gc,cpu         ] GC(264) User=0.95s Sys=0.00s Real=0.12s
......................[1092.320s][info][gc,start       ] GC(265) Pause Young (Normal) (G1 Evacuation Pause)
[1092.320s][info][gc,task        ] GC(265) Using 8 workers of 8 for evacuation
[1092.449s][info][gc,phases      ] GC(265)   Pre Evacuate Collection Set: 0.25ms
[1092.449s][info][gc,phases      ] GC(265)   Merge Heap Roots: 0.53ms
[1092.449s][info][gc,phases      ] GC(265)   Evacuate Collection Set: 127.78ms
[1092.449s][info][gc,phases      ] GC(265)   Post Evacuate Collection Set: 0.89ms
[1092.449s][info][gc,phases      ] GC(265)   Other: 0.06ms
[1092.449s][info][gc,heap        ] GC(265) Eden regions: 440->0(478)
[1092.449s][info][gc,heap        ] GC(265) Survivor regions: 35->37(60)
[1092.449s][info][gc,heap        ] GC(265) Old regions: 206->213
[1092.449s][info][gc,heap        ] GC(265) Humongous regions: 81->81
[1092.449s][info][gc,metaspace   ] GC(265) Metaspace: 35781K(38016K)->35781K(38016K) NonClass: 26709K(26944K)->26709K(26944K) Class: 9071K(11072K)->9071K(11072K)
[1092.449s][info][gc             ] GC(265) Pause Young (Normal) (G1 Evacuation Pause) 6057M->2618M(8192M) 129.653ms
[1092.449s][info][gc,cpu         ] GC(265) User=1.02s Sys=0.00s Real=0.13s
........................[1115.881s][info][gc,start       ] GC(266) Pause Young (Normal) (G1 Evacuation Pause)
[1115.881s][info][gc,task        ] GC(266) Using 8 workers of 8 for evacuation
[1116.013s][info][gc,phases      ] GC(266)   Pre Evacuate Collection Set: 0.31ms
[1116.013s][info][gc,phases      ] GC(266)   Merge Heap Roots: 0.60ms
[1116.013s][info][gc,phases      ] GC(266)   Evacuate Collection Set: 129.74ms
[1116.013s][info][gc,phases      ] GC(266)   Post Evacuate Collection Set: 0.92ms
[1116.013s][info][gc,phases      ] GC(266)   Other: 0.07ms
[1116.013s][info][gc,heap        ] GC(266) Eden regions: 478->0(524)
[1116.013s][info][gc,heap        ] GC(266) Survivor regions: 37->39(65)
[1116.013s][info][gc,heap        ] GC(266) Old regions: 213->220
[1116.013s][info][gc,heap        ] GC(266) Humongous regions: 81->81
[1116.013s][info][gc,metaspace   ] GC(266) Metaspace: 35781K(38016K)->35781K(38016K) NonClass: 26709K(26944K)->26709K(26944K) Class: 9071K(11072K)->9071K(11072K)
[1116.013s][info][gc             ] GC(266) Pause Young (Normal) (G1 Evacuation Pause) 6442M->2686M(8192M) 131.760ms
[1116.013s][info][gc,cpu         ] GC(266) User=1.04s Sys=0.00s Real=0.13s
.........................[1141.732s][info][gc,start       ] GC(267) Pause Young (Normal) (G1 Evacuation Pause)
[1141.732s][info][gc,task        ] GC(267) Using 8 workers of 8 for evacuation
[1141.869s][info][gc,phases      ] GC(267)   Pre Evacuate Collection Set: 0.26ms
[1141.869s][info][gc,phases      ] GC(267)   Merge Heap Roots: 0.63ms
[1141.869s][info][gc,phases      ] GC(267)   Evacuate Collection Set: 134.54ms
[1141.869s][info][gc,phases      ] GC(267)   Post Evacuate Collection Set: 0.97ms
[1141.869s][info][gc,phases      ] GC(267)   Other: 0.08ms
[1141.869s][info][gc,heap        ] GC(267) Eden regions: 521->0(574)
[1141.869s][info][gc,heap        ] GC(267) Survivor regions: 39->40(70)
[1141.869s][info][gc,heap        ] GC(267) Old regions: 220->227
[1141.869s][info][gc,heap        ] GC(267) Humongous regions: 81->81
[1141.869s][info][gc,metaspace   ] GC(267) Metaspace: 35781K(38016K)->35781K(38016K) NonClass: 26709K(26944K)->26709K(26944K) Class: 9071K(11072K)->9071K(11072K)
[1141.869s][info][gc             ] GC(267) Pause Young (Normal) (G1 Evacuation Pause) 6854M->2756M(8192M) 136.607ms
[1141.869s][info][gc,cpu         ] GC(267) User=1.08s Sys=0.00s Real=0.14s
....... (rIR:aIR:PR = 1384:1384:1384) (tPR = 20684) [OK] 
  1147s: 
  1147s: Building throughput-responsetime curve
  1147s: ( 0%)   IR =      0 ...|............................................................ (rIR:aIR:PR = 0:0:0) (tPR = 0) [OK] 
  1210s: Performance info:
         Transaction,    Success,    Partial,     Failed,   Receipts, AvgBarcode, 
         Response times:
             Request,    Success,    Partial,     Failed,   SkipFail,     Probes,    Samples,      min,      p50,      p90,      p95,      p99,      max, 

  1210s: ( 1%)   IR =    138 ....|............................................................ (rIR:aIR:PR = 138:138:138) (tPR = 1966) [OK] 
  1274s: Performance info:
         Transaction,    Success,    Partial,     Failed,   Receipts, AvgBarcode, 
             Overall,       8298,          0,          0,       7885,      59.47, 
         Response times:
             Request,    Success,    Partial,     Failed,   SkipFail,     Probes,    Samples,      min,      p50,      p90,      p95,      p99,      max, 
       TotalPurchase,       7885,          0,          0,          0,       7331,       8334,      300,      400,      500,      600,      700,     1000,
     InStorePurchase,       4147,          0,          0,          0,       3895,       4376,      300,      400,      500,      500,      700,     1000,
      OnlinePurchase,       2908,          0,          0,          0,       2726,       3067,      300,      400,      500,      600,      700,      900,
        InstPurchase,        830,          0,          0,          0,        710,        891,      400,      500,      600,      600,      700,      800,
          AssocOfCat,          9,          0,          0,          0,          8,          8,    21000,    22000,    35000,    35000,    35000,    35000,
      AssocOfProduct,         82,          0,          0,          0,         82,         87,      400,      600,      700,      700,     1000,     1000,
      BusinessReport,         22,          0,          0,          0,         20,         22,    22000,    24000,    38000,    39700,    40000,    40000,
          CustBuyBeh,         83,          0,          0,          0,         75,         87,      100,      200,      300,      300,      600,      600,
       ProductReturn,        217,          0,          0,          0,        157,        233,      200,      200,      300,      300,      500,      500,

  1274s: ( 2%)   IR =    277 ....|............................................................ (rIR:aIR:PR = 277:277:277) (tPR = 4141) [OK] 
  1338s: Performance info:
         Transaction,    Success,    Partial,     Failed,   Receipts, AvgBarcode, 
             Overall,      16627,          0,          0,      15796,      59.46, 
         Response times:
             Request,    Success,    Partial,     Failed,   SkipFail,     Probes,    Samples,      min,      p50,      p90,      p95,      p99,      max, 
       TotalPurchase,      15796,          0,          0,          0,      14857,      16513,      300,      500,      700,      700,      900,     1500,
     InStorePurchase,       8310,          0,          0,          0,       7845,       8627,      300,      400,      600,      700,      800,     1500,
      OnlinePurchase,       5826,          0,          0,          0,       5490,       6104,      300,      500,      600,      700,      900,     1200,
        InstPurchase,       1660,          0,          0,          0,       1522,       1782,      400,      500,      700,      800,      900,     1300,
          AssocOfCat,         16,          0,          0,          0,         13,         16,    22000,    22000,    24300,    25000,    25000,    25000,
      AssocOfProduct,        168,          0,          0,          0,        116,        169,      400,      700,      800,      900,     1120,     1400,
      BusinessReport,         42,          0,          0,          0,         41,         44,    23000,    24000,    25500,    31250,    35000,    35000,
          CustBuyBeh,        165,          0,          0,          0,        118,        176,      200,      300,      400,      600,      700,      700,
       ProductReturn,        440,          0,          0,          0,        345,        444,      200,      300,      500,      600,      800,      800,

  1338s: ( 3%)   IR =    415 ....|....[1347.658s][info][gc,start       ] GC(268) Pause Young (Normal) (G1 Evacuation Pause)
[1347.658s][info][gc,task        ] GC(268) Using 8 workers of 8 for evacuation
[1347.799s][info][gc,phases      ] GC(268)   Pre Evacuate Collection Set: 0.26ms
[1347.799s][info][gc,phases      ] GC(268)   Merge Heap Roots: 0.64ms
[1347.799s][info][gc,phases      ] GC(268)   Evacuate Collection Set: 138.30ms
[1347.799s][info][gc,phases      ] GC(268)   Post Evacuate Collection Set: 1.05ms
[1347.799s][info][gc,phases      ] GC(268)   Other: 0.08ms
[1347.799s][info][gc,heap        ] GC(268) Eden regions: 572->0(560)
[1347.799s][info][gc,heap        ] GC(268) Survivor regions: 40->47(77)
[1347.799s][info][gc,heap        ] GC(268) Old regions: 227->227
[1347.799s][info][gc,heap        ] GC(268) Humongous regions: 81->81
[1347.799s][info][gc,metaspace   ] GC(268) Metaspace: 35785K(38016K)->35785K(38016K) NonClass: 26713K(26944K)->26713K(26944K) Class: 9071K(11072K)->9071K(11072K)
[1347.799s][info][gc             ] GC(268) Pause Young (Normal) (G1 Evacuation Pause) 7332M->2812M(8192M) 140.461ms
[1347.799s][info][gc,cpu         ] GC(268) User=1.11s Sys=0.00s Real=0.14s
........................................................ (rIR:aIR:PR = 415:415:415) (tPR = 6203) [OK] 
  1402s: Performance info:
         Transaction,    Success,    Partial,     Failed,   Receipts, AvgBarcode, 
             Overall,      24917,          0,          0,      23668,      59.47, 
         Response times:
             Request,    Success,    Partial,     Failed,   SkipFail,     Probes,    Samples,      min,      p50,      p90,      p95,      p99,      max, 
       TotalPurchase,      23668,          0,          0,          0,      22624,      25012,      300,      500,      800,      900,     1100,   142000,
     InStorePurchase,      12466,          0,          0,          0,      11975,      13148,      300,      500,      800,      800,     1000,   142000,
      OnlinePurchase,       8710,          0,          0,          0,       8318,       9170,      300,      600,      800,      900,     1100,   142000,
        InstPurchase,       2492,          0,          0,          0,       2331,       2694,      400,      600,      800,      900,     1100,     3100,
          AssocOfCat,         27,          0,          0,          0,         24,         26,    16600,    22000,    23000,    23650,    24000,    24000,
      AssocOfProduct,        249,          0,          0,          0,        183,        245,      400,      700,     1000,     1000,     1154,     1300,
      BusinessReport,         63,          0,          0,          0,         58,         65,    18500,    24000,    28000,    33000,    33000,    33000,
          CustBuyBeh,        250,          0,          0,          0,        185,        238,      200,      300,      700,      700,      800,     1100,
       ProductReturn,        660,          0,          0,          0,        549,        677,      200,      400,      700,      800,     1122,     3100,

  1402s: ( 4%)   IR =    553 ....|......................[1429.226s][info][gc,start       ] GC(269) Pause Young (Normal) (G1 Evacuation Pause)
[1429.226s][info][gc,task        ] GC(269) Using 8 workers of 8 for evacuation
[1429.376s][info][gc,phases      ] GC(269)   Pre Evacuate Collection Set: 0.26ms
[1429.376s][info][gc,phases      ] GC(269)   Merge Heap Roots: 0.65ms
[1429.376s][info][gc,phases      ] GC(269)   Evacuate Collection Set: 148.07ms
[1429.376s][info][gc,phases      ] GC(269)   Post Evacuate Collection Set: 1.03ms
[1429.376s][info][gc,phases      ] GC(269)   Other: 0.06ms
[1429.376s][info][gc,heap        ] GC(269) Eden regions: 551->0(572)
[1429.376s][info][gc,heap        ] GC(269) Survivor regions: 47->41(75)
[1429.376s][info][gc,heap        ] GC(269) Old regions: 227->237
[1429.376s][info][gc,heap        ] GC(269) Humongous regions: 81->81
[1429.376s][info][gc,metaspace   ] GC(269) Metaspace: 35788K(38016K)->35788K(38016K) NonClass: 26716K(26944K)->26716K(26944K) Class: 9071K(11072K)->9071K(11072K)
[1429.376s][info][gc             ] GC(269) Pause Young (Normal) (G1 Evacuation Pause) 7220M->2841M(8192M) 150.210ms
[1429.376s][info][gc,cpu         ] GC(269) User=1.18s Sys=0.00s Real=0.15s
...................................... (rIR:aIR:PR = 553:553:553) (tPR = 8126) [OK] 
  1466s: Performance info:
         Transaction,    Success,    Partial,     Failed,   Receipts, AvgBarcode, 
             Overall,      33209,          0,          0,      31550,      59.47, 
         Response times:
             Request,    Success,    Partial,     Failed,   SkipFail,     Probes,    Samples,      min,      p50,      p90,      p95,      p99,      max, 
       TotalPurchase,      31550,          0,          0,          0,      30154,      33191,      300,      600,      900,     1000,     1300,   156000,
     InStorePurchase,      16614,          0,          0,          0,      16033,      17563,      300,      600,      900,     1000,     1200,   153000,
      OnlinePurchase,      11617,          0,          0,          0,      11063,      12150,      300,      700,     1000,     1100,     1300,   152000,
        InstPurchase,       3319,          0,          0,          0,       3058,       3478,      400,      700,     1000,     1100,     1400,   156000,
          AssocOfCat,         31,          0,          0,          0,         29,         34,    17700,    22500,    24000,    24250,    25000,    25000,
      AssocOfProduct,        330,          0,          0,          0,        255,        338,      300,      800,      900,     1000,     1561,     4100,
      BusinessReport,         84,          0,          0,          0,         77,         88,    19400,    25000,    26000,    26000,    39000,    39000,
          CustBuyBeh,        333,          0,          0,          0,        258,        360,      100,      300,      700,      800,      900,      900,
       ProductReturn,        881,          0,          0,          0,        752,        933,      200,      500,      900,     1000,     1166,   153000,

  1466s: ( 5%)   IR =    692 ....|.....................[1492.876s][info][gc,start       ] GC(270) Pause Young (Normal) (G1 Evacuation Pause)
[1492.876s][info][gc,task        ] GC(270) Using 8 workers of 8 for evacuation
[1493.019s][info][gc,phases      ] GC(270)   Pre Evacuate Collection Set: 0.30ms
[1493.019s][info][gc,phases      ] GC(270)   Merge Heap Roots: 0.66ms
[1493.019s][info][gc,phases      ] GC(270)   Evacuate Collection Set: 141.60ms
[1493.019s][info][gc,phases      ] GC(270)   Post Evacuate Collection Set: 1.05ms
[1493.019s][info][gc,phases      ] GC(270)   Other: 0.07ms
[1493.019s][info][gc,heap        ] GC(270) Eden regions: 572->0(563)
[1493.019s][info][gc,heap        ] GC(270) Survivor regions: 41->42(77)
[1493.019s][info][gc,heap        ] GC(270) Old regions: 237->244
[1493.019s][info][gc,heap        ] GC(270) Humongous regions: 81->81
[1493.019s][info][gc,metaspace   ] GC(270) Metaspace: 35790K(38016K)->35790K(38016K) NonClass: 26718K(26944K)->26718K(26944K) Class: 9071K(11072K)->9071K(11072K)
[1493.019s][info][gc             ] GC(270) Pause Young (Normal) (G1 Evacuation Pause) 7417M->2907M(8192M) 143.803ms
[1493.019s][info][gc,cpu         ] GC(270) User=1.13s Sys=0.00s Real=0.15s
....................................... (rIR:aIR:PR = 692:692:692) (tPR = 10362) [OK] 
  1530s: Performance info:
         Transaction,    Success,    Partial,     Failed,   Receipts, AvgBarcode, 
             Overall,      41540,          0,          0,      39457,      59.46, 
         Response times:
             Request,    Success,    Partial,     Failed,   SkipFail,     Probes,    Samples,      min,      p50,      p90,      p95,      p99,      max, 
       TotalPurchase,      39457,          0,          0,          0,      37756,      41217,      300,      700,     1100,     1200,     1500,   150000,
     InStorePurchase,      20765,          0,          0,          0,      20003,      21769,      300,      700,     1000,     1100,     1400,   150000,
      OnlinePurchase,      14545,          0,          0,          0,      13897,      15078,      300,      800,     1100,     1200,     1500,   150000,
        InstPurchase,       4147,          0,          0,          0,       3856,       4370,      400,      800,     1200,     1300,     1529,   150000,
          AssocOfCat,         43,          0,          0,          0,         41,         43,    16800,    23000,    25000,    26000,    27000,    27000,
      AssocOfProduct,        417,          0,          0,          0,        342,        438,      600,     1100,     1400,     1500,     1700,     4700,
      BusinessReport,        105,          0,          0,          0,        101,        111,    19100,    25000,    28000,    29000,    33000,    33000,
          CustBuyBeh,        418,          0,          0,          0,        339,        449,      200,      600,     1000,     1000,     1200,     1600,
       ProductReturn,       1100,          0,          0,          0,        973,       1169,      200,      600,     1000,     1100,     1400,     2200,

  1530s: ( 6%)   IR =    830 ......|........[1545.478s][info][gc,start       ] GC(271) Pause Young (Normal) (G1 Evacuation Pause)
[1545.478s][info][gc,task        ] GC(271) Using 8 workers of 8 for evacuation
[1545.620s][info][gc,phases      ] GC(271)   Pre Evacuate Collection Set: 0.27ms
[1545.620s][info][gc,phases      ] GC(271)   Merge Heap Roots: 0.57ms
[1545.620s][info][gc,phases      ] GC(271)   Evacuate Collection Set: 140.17ms
[1545.620s][info][gc,phases      ] GC(271)   Post Evacuate Collection Set: 1.07ms
[1545.620s][info][gc,phases      ] GC(271)   Other: 0.07ms
[1545.620s][info][gc,heap        ] GC(271) Eden regions: 563->0(554)
[1545.620s][info][gc,heap        ] GC(271) Survivor regions: 42->43(76)
[1545.620s][info][gc,heap        ] GC(271) Old regions: 244->251
[1545.620s][info][gc,heap        ] GC(271) Humongous regions: 81->81
[1545.620s][info][gc,metaspace   ] GC(271) Metaspace: 35791K(38016K)->35791K(38016K) NonClass: 26719K(26944K)->26719K(26944K) Class: 9071K(11072K)->9071K(11072K)
[1545.620s][info][gc             ] GC(271) Pause Young (Normal) (G1 Evacuation Pause) 7411M->2965M(8192M) 142.275ms
[1545.620s][info][gc,cpu         ] GC(271) User=1.13s Sys=0.00s Real=0.14s
.............................................[1590.952s][info][gc,start       ] GC(272) Pause Young (Normal) (G1 Evacuation Pause)
[1590.952s][info][gc,task        ] GC(272) Using 8 workers of 8 for evacuation
[1591.095s][info][gc,phases      ] GC(272)   Pre Evacuate Collection Set: 0.31ms
[1591.095s][info][gc,phases      ] GC(272)   Merge Heap Roots: 0.58ms
[1591.095s][info][gc,phases      ] GC(272)   Evacuate Collection Set: 140.71ms
[1591.095s][info][gc,phases      ] GC(272)   Post Evacuate Collection Set: 1.03ms
[1591.095s][info][gc,phases      ] GC(272)   Other: 0.08ms
[1591.095s][info][gc,heap        ] GC(272) Eden regions: 554->0(549)
[1591.095s][info][gc,heap        ] GC(272) Survivor regions: 43->42(75)
[1591.095s][info][gc,heap        ] GC(272) Old regions: 251->258
[1591.095s][info][gc,heap        ] GC(272) Humongous regions: 81->81
[1591.095s][info][gc,metaspace   ] GC(272) Metaspace: 35791K(38016K)->35791K(38016K) NonClass: 26720K(26944K)->26720K(26944K) Class: 9071K(11072K)->9071K(11072K)
[1591.095s][info][gc             ] GC(272) Pause Young (Normal) (G1 Evacuation Pause) 7397M->3014M(8192M) 142.846ms
[1591.095s][info][gc,cpu         ] GC(272) User=1.13s Sys=0.00s Real=0.14s
....... (rIR:aIR:PR = 830:830:830) (tPR = 12231) [OK] 
  1596s: Performance info:
         Transaction,    Success,    Partial,     Failed,   Receipts, AvgBarcode, 
             Overall,      49834,          0,          0,      47342,      59.48, 
         Response times:
             Request,    Success,    Partial,     Failed,   SkipFail,     Probes,    Samples,      min,      p50,      p90,      p95,      p99,      max, 
       TotalPurchase,      47342,          0,          0,          0,      45684,      51302,      300,      800,     1200,     1400,     1700,   149000,
     InStorePurchase,      24937,          0,          0,          0,      24168,      26945,      300,      800,     1200,     1300,     1700,   146000,
      OnlinePurchase,      17420,          0,          0,          0,      16870,      18993,      300,      900,     1300,     1400,     1700,   149000,
        InstPurchase,       4985,          0,          0,          0,       4646,       5364,      400,      900,     1300,     1400,     1700,   145000,
          AssocOfCat,         49,          0,          0,          0,         47,         54,    16900,    23000,    26000,    28250,    33000,    33000,
      AssocOfProduct,        501,          0,          0,          0,        422,        559,      500,     1200,     1500,     1600,     5040,     6000,
      BusinessReport,        124,          0,          0,          0,         91,        127,    19100,    25000,    26000,    28000,    35600,    37000,
          CustBuyBeh,        498,          0,          0,          0,        410,        549,      200,      300,      500,      700,     1150,   145000,
       ProductReturn,       1320,          0,          0,          0,       1166,       1417,      200,      500,     1100,     1200,     1882,   146000,

  1596s: ( 7%)   IR =    969 ......|...........................[1630.294s][info][gc,start       ] GC(273) Pause Young (Normal) (G1 Evacuation Pause)
[1630.294s][info][gc,task        ] GC(273) Using 8 workers of 8 for evacuation
[1630.438s][info][gc,phases      ] GC(273)   Pre Evacuate Collection Set: 0.29ms
[1630.438s][info][gc,phases      ] GC(273)   Merge Heap Roots: 0.61ms
[1630.438s][info][gc,phases      ] GC(273)   Evacuate Collection Set: 142.17ms
[1630.438s][info][gc,phases      ] GC(273)   Post Evacuate Collection Set: 1.01ms
[1630.438s][info][gc,phases      ] GC(273)   Other: 0.07ms
[1630.438s][info][gc,heap        ] GC(273) Eden regions: 549->0(542)
[1630.438s][info][gc,heap        ] GC(273) Survivor regions: 42->42(74)
[1630.438s][info][gc,heap        ] GC(273) Old regions: 258->265
[1630.438s][info][gc,heap        ] GC(273) Humongous regions: 81->81
[1630.438s][info][gc,metaspace   ] GC(273) Metaspace: 35792K(38016K)->35792K(38016K) NonClass: 26720K(26944K)->26720K(26944K) Class: 9071K(11072K)->9071K(11072K)
[1630.438s][info][gc             ] GC(273) Pause Young (Normal) (G1 Evacuation Pause) 7406M->3071M(8192M) 144.295ms
[1630.438s][info][gc,cpu         ] GC(273) User=1.14s Sys=0.00s Real=0.15s
................................. (rIR:aIR:PR = 969:969:969) (tPR = 14468) [OK] 
  1662s: Performance info:
         Transaction,    Success,    Partial,     Failed,   Receipts, AvgBarcode, 
             Overall,      58189,          0,          0,      55273,      59.47, 
         Response times:
             Request,    Success,    Partial,     Failed,   SkipFail,     Probes,    Samples,      min,      p50,      p90,      p95,      p99,      max, 
       TotalPurchase,      55273,          0,          0,          0,      53227,      59647,      300,      900,     1400,     1500,     1800,    11300,
     InStorePurchase,      29084,          0,          0,          0,      27988,      31143,      300,      900,     1400,     1500,     1800,    11000,
      OnlinePurchase,      20362,          0,          0,          0,      19725,      22241,      300,      800,     1400,     1500,     1800,    11200,
        InstPurchase,       5827,          0,          0,          0,       5514,       6263,      400,     1100,     1500,     1600,     2000,    11300,
          AssocOfCat,         58,          0,          0,          0,         54,         62,    17800,    23000,    24000,    25850,   175000,   175000,
      AssocOfProduct,        584,          0,          0,          0,        464,        589,      400,     1200,     1700,     1800,     2240,    10100,
      BusinessReport,        145,          0,          0,          0,        103,        164,    19200,    25000,    27000,    28000,    34350,    35000,
          CustBuyBeh,        585,          0,          0,          0,        498,        655,      200,      900,     1300,     1400,     1644,     8900,
       ProductReturn,       1544,          0,          0,          0,       1375,       1655,      200,      600,     1200,     1300,     1600,     2100,

  1662s: ( 8%)   IR =   1107 ....[1667.561s][info][gc,start       ] GC(274) Pause Young (Normal) (G1 Evacuation Pause)
[1667.561s][info][gc,task        ] GC(274) Using 8 workers of 8 for evacuation
[1667.703s][info][gc,phases      ] GC(274)   Pre Evacuate Collection Set: 0.26ms
[1667.703s][info][gc,phases      ] GC(274)   Merge Heap Roots: 0.51ms
[1667.703s][info][gc,phases      ] GC(274)   Evacuate Collection Set: 139.79ms
[1667.703s][info][gc,phases      ] GC(274)   Post Evacuate Collection Set: 1.02ms
[1667.703s][info][gc,phases      ] GC(274)   Other: 0.07ms
[1667.703s][info][gc,heap        ] GC(274) Eden regions: 542->0(537)
[1667.703s][info][gc,heap        ] GC(274) Survivor regions: 42->41(73)
[1667.703s][info][gc,heap        ] GC(274) Old regions: 265->272
[1667.703s][info][gc,heap        ] GC(274) Humongous regions: 81->81
[1667.703s][info][gc,metaspace   ] GC(274) Metaspace: 35793K(38016K)->35793K(38016K) NonClass: 26721K(26944K)->26721K(26944K) Class: 9071K(11072K)->9071K(11072K)
[1667.703s][info][gc             ] GC(274) Pause Young (Normal) (G1 Evacuation Pause) 7407M->3124M(8192M) 141.794ms
[1667.703s][info][gc,cpu         ] GC(274) User=1.13s Sys=0.00s Real=0.14s
..|...............................[1700.570s][info][gc,start       ] GC(275) Pause Young (Normal) (G1 Evacuation Pause)
[1700.570s][info][gc,task        ] GC(275) Using 8 workers of 8 for evacuation
[1700.710s][info][gc,phases      ] GC(275)   Pre Evacuate Collection Set: 0.28ms
[1700.710s][info][gc,phases      ] GC(275)   Merge Heap Roots: 0.59ms
[1700.710s][info][gc,phases      ] GC(275)   Evacuate Collection Set: 138.38ms
[1700.710s][info][gc,phases      ] GC(275)   Post Evacuate Collection Set: 0.99ms
[1700.710s][info][gc,phases      ] GC(275)   Other: 0.08ms
[1700.710s][info][gc,heap        ] GC(275) Eden regions: 537->0(529)
[1700.710s][info][gc,heap        ] GC(275) Survivor regions: 41->41(73)
[1700.710s][info][gc,heap        ] GC(275) Old regions: 272->280
[1700.710s][info][gc,heap        ] GC(275) Humongous regions: 81->81
[1700.710s][info][gc,metaspace   ] GC(275) Metaspace: 35793K(38016K)->35793K(38016K) NonClass: 26721K(26944K)->26721K(26944K) Class: 9071K(11072K)->9071K(11072K)
[1700.710s][info][gc             ] GC(275) Pause Young (Normal) (G1 Evacuation Pause) 7420M->3181M(8192M) 140.435ms
[1700.710s][info][gc,cpu         ] GC(275) User=1.11s Sys=0.00s Real=0.14s
............................. (rIR:aIR:PR = 1107:1107:1107) (tPR = 16296) [OK] 
  1729s: Performance info:
         Transaction,    Success,    Partial,     Failed,   Receipts, AvgBarcode, 
             Overall,      66427,          0,          0,      63096,      59.47, 
         Response times:
             Request,    Success,    Partial,     Failed,   SkipFail,     Probes,    Samples,      min,      p50,      p90,      p95,      p99,      max, 
       TotalPurchase,      63096,          0,          0,          0,      60927,      68715,      300,     1000,     1500,     1700,     2000,   145000,
     InStorePurchase,      33206,          0,          0,          0,      32218,      36274,      400,     1000,     1500,     1700,     2000,   145000,
      OnlinePurchase,      23252,          0,          0,          0,      22454,      25227,      300,     1000,     1500,     1700,     2000,   145000,
        InstPurchase,       6638,          0,          0,          0,       6255,       7214,      400,     1000,     1500,     1700,     2100,   144000,
          AssocOfCat,         65,          0,          0,          0,         62,         72,    17000,    23000,    25000,    26350,    33000,    33000,
      AssocOfProduct,        667,          0,          0,          0,        569,        728,      600,     1500,     1800,     2000,     3026,     7500,
      BusinessReport,        166,          0,          0,          0,        117,        167,    18700,    26000,    28000,    30600,    35960,    38000,
          CustBuyBeh,        668,          0,          0,          0,        564,        731,      200,      900,     1400,     1500,     1868,     5900,
       ProductReturn,       1765,          0,          0,          0,       1569,       1888,      200,     1000,     1500,     1600,     2000,     6900,

  1729s: ( 9%)   IR =   1245 ...[1732.674s][info][gc,start       ] GC(276) Pause Young (Normal) (G1 Evacuation Pause)
[1732.674s][info][gc,task        ] GC(276) Using 8 workers of 8 for evacuation
[1732.814s][info][gc,phases      ] GC(276)   Pre Evacuate Collection Set: 0.25ms
[1732.814s][info][gc,phases      ] GC(276)   Merge Heap Roots: 0.59ms
[1732.814s][info][gc,phases      ] GC(276)   Evacuate Collection Set: 137.90ms
[1732.814s][info][gc,phases      ] GC(276)   Post Evacuate Collection Set: 0.98ms
[1732.814s][info][gc,phases      ] GC(276)   Other: 0.07ms
[1732.814s][info][gc,heap        ] GC(276) Eden regions: 529->0(522)
[1732.814s][info][gc,heap        ] GC(276) Survivor regions: 41->41(72)
[1732.814s][info][gc,heap        ] GC(276) Old regions: 280->287
[1732.814s][info][gc,heap        ] GC(276) Humongous regions: 81->81
[1732.814s][info][gc,metaspace   ] GC(276) Metaspace: 35795K(38016K)->35795K(38016K) NonClass: 26723K(26944K)->26723K(26944K) Class: 9071K(11072K)->9071K(11072K)
[1732.814s][info][gc             ] GC(276) Pause Young (Normal) (G1 Evacuation Pause) 7413M->3240M(8192M) 139.966ms
[1732.814s][info][gc,cpu         ] GC(276) User=1.10s Sys=0.00s Real=0.14s
...|.........................[1761.164s][info][gc,start       ] GC(277) Pause Young (Normal) (G1 Evacuation Pause)
[1761.164s][info][gc,task        ] GC(277) Using 8 workers of 8 for evacuation
[1761.303s][info][gc,phases      ] GC(277)   Pre Evacuate Collection Set: 0.26ms
[1761.303s][info][gc,phases      ] GC(277)   Merge Heap Roots: 0.53ms
[1761.303s][info][gc,phases      ] GC(277)   Evacuate Collection Set: 137.70ms
[1761.303s][info][gc,phases      ] GC(277)   Post Evacuate Collection Set: 0.97ms
[1761.303s][info][gc,phases      ] GC(277)   Other: 0.07ms
[1761.303s][info][gc,heap        ] GC(277) Eden regions: 522->0(516)
[1761.303s][info][gc,heap        ] GC(277) Survivor regions: 41->40(71)
[1761.303s][info][gc,heap        ] GC(277) Old regions: 287->295
[1761.303s][info][gc,heap        ] GC(277) Humongous regions: 81->81
[1761.303s][info][gc,metaspace   ] GC(277) Metaspace: 35795K(38016K)->35795K(38016K) NonClass: 26723K(26944K)->26723K(26944K) Class: 9071K(11072K)->9071K(11072K)
[1761.303s][info][gc             ] GC(277) Pause Young (Normal) (G1 Evacuation Pause) 7416M->3293M(8192M) 139.641ms
[1761.304s][info][gc,cpu         ] GC(277) User=1.10s Sys=0.00s Real=0.14s
.............................[1789.431s][info][gc,start       ] GC(278) Pause Young (Normal) (G1 Evacuation Pause)
[1789.431s][info][gc,task        ] GC(278) Using 8 workers of 8 for evacuation
[1789.571s][info][gc,phases      ] GC(278)   Pre Evacuate Collection Set: 0.28ms
[1789.571s][info][gc,phases      ] GC(278)   Merge Heap Roots: 0.67ms
[1789.571s][info][gc,phases      ] GC(278)   Evacuate Collection Set: 137.74ms
[1789.571s][info][gc,phases      ] GC(278)   Post Evacuate Collection Set: 0.96ms
[1789.571s][info][gc,phases      ] GC(278)   Other: 0.07ms
[1789.571s][info][gc,heap        ] GC(278) Eden regions: 516->0(507)
[1789.571s][info][gc,heap        ] GC(278) Survivor regions: 40->41(70)
[1789.571s][info][gc,heap        ] GC(278) Old regions: 295->302
[1789.571s][info][gc,heap        ] GC(278) Humongous regions: 81->81
[1789.571s][info][gc,metaspace   ] GC(278) Metaspace: 35795K(38016K)->35795K(38016K) NonClass: 26723K(26944K)->26723K(26944K) Class: 9071K(11072K)->9071K(11072K)
[1789.571s][info][gc             ] GC(278) Pause Young (Normal) (G1 Evacuation Pause) 7421M->3356M(8192M) 139.849ms
[1789.571s][info][gc,cpu         ] GC(278) User=1.11s Sys=0.00s Real=0.14s
...... (rIR:aIR:PR = 1245:1244:1244) (tPR = 18595) [OK] 
  1795s: Performance info:
         Transaction,    Success,    Partial,     Failed,   Receipts, AvgBarcode, 
             Overall,      74737,          0,          0,      71011,      59.49, 
         Response times:
             Request,    Success,    Partial,     Failed,   SkipFail,     Probes,    Samples,      min,      p50,      p90,      p95,      p99,      max, 
       TotalPurchase,      71011,          0,          0,          0,      68370,      76478,      300,     1100,     1700,     1800,     2400,   147000,
     InStorePurchase,      37366,          0,          0,          0,      36135,      40266,      300,     1000,     1600,     1800,     2400,   147000,
      OnlinePurchase,      26177,          0,          0,          0,      25165,      28104,      400,     1100,     1700,     1800,     2400,   146000,
        InstPurchase,       7468,          0,          0,          0,       7070,       8108,      400,     1100,     1700,     1900,     2400,   145000,
          AssocOfCat,         75,          0,          0,          0,         73,         81,    17600,    24000,    27000,    27900,   167000,   167000,
      AssocOfProduct,        748,          0,          0,          0,        633,        801,      400,     1200,     1900,     2000,     2600,     9000,
      BusinessReport,        189,          0,          0,          0,        143,        213,    19000,    26000,    30000,    33000,    34000,    34000,
          CustBuyBeh,        741,          0,          0,          0,        615,        799,      200,      600,     1300,     1500,     1800,     6000,
       ProductReturn,       1973,          0,          0,          0,       1786,       2145,      200,      700,     1400,     1600,     2000,   141000,

  1795s: (10%)   IR =   1384 .......|............[1814.629s][info][gc,start       ] GC(279) Pause Young (Normal) (G1 Evacuation Pause)
[1814.629s][info][gc,task        ] GC(279) Using 8 workers of 8 for evacuation
[1814.769s][info][gc,phases      ] GC(279)   Pre Evacuate Collection Set: 0.25ms
[1814.769s][info][gc,phases      ] GC(279)   Merge Heap Roots: 0.54ms
[1814.769s][info][gc,phases      ] GC(279)   Evacuate Collection Set: 137.45ms
[1814.769s][info][gc,phases      ] GC(279)   Post Evacuate Collection Set: 0.98ms
[1814.769s][info][gc,phases      ] GC(279)   Other: 0.07ms
[1814.769s][info][gc,heap        ] GC(279) Eden regions: 507->0(499)
[1814.769s][info][gc,heap        ] GC(279) Survivor regions: 41->41(69)
[1814.769s][info][gc,heap        ] GC(279) Old regions: 302->310
[1814.769s][info][gc,heap        ] GC(279) Humongous regions: 81->81
[1814.769s][info][gc,metaspace   ] GC(279) Metaspace: 35795K(38016K)->35795K(38016K) NonClass: 26723K(26944K)->26723K(26944K) Class: 9071K(11072K)->9071K(11072K)
[1814.769s][info][gc             ] GC(279) Pause Young (Normal) (G1 Evacuation Pause) 7412M->3417M(8192M) 139.412ms
[1814.769s][info][gc,cpu         ] GC(279) User=1.11s Sys=0.00s Real=0.14s
........................[1839.144s][info][gc,start       ] GC(280) Pause Young (Normal) (G1 Evacuation Pause)
[1839.145s][info][gc,task        ] GC(280) Using 8 workers of 8 for evacuation
[1839.282s][info][gc,phases      ] GC(280)   Pre Evacuate Collection Set: 0.25ms
[1839.282s][info][gc,phases      ] GC(280)   Merge Heap Roots: 0.52ms
[1839.282s][info][gc,phases      ] GC(280)   Evacuate Collection Set: 135.44ms
[1839.282s][info][gc,phases      ] GC(280)   Post Evacuate Collection Set: 1.03ms
[1839.282s][info][gc,phases      ] GC(280)   Other: 0.07ms
[1839.282s][info][gc,heap        ] GC(280) Eden regions: 499->0(494)
[1839.282s][info][gc,heap        ] GC(280) Survivor regions: 41->40(68)
[1839.282s][info][gc,heap        ] GC(280) Old regions: 310->317
[1839.282s][info][gc,heap        ] GC(280) Humongous regions: 81->81
[1839.282s][info][gc,metaspace   ] GC(280) Metaspace: 35796K(38016K)->35796K(38016K) NonClass: 26724K(26944K)->26724K(26944K) Class: 9071K(11072K)->9071K(11072K)
[1839.282s][info][gc             ] GC(280) Pause Young (Normal) (G1 Evacuation Pause) 7409M->3476M(8192M) 137.443ms
[1839.282s][info][gc,cpu         ] GC(280) User=1.09s Sys=0.00s Real=0.14s
........................ (rIR:aIR:PR = 1384:1384:1384) (tPR = 20450) [OK] 
  1862s: Performance info:
         Transaction,    Success,    Partial,     Failed,   Receipts, AvgBarcode, 
             Overall,      83072,          0,          0,      78928,      59.48, 
         Response times:
             Request,    Success,    Partial,     Failed,   SkipFail,     Probes,    Samples,      min,      p50,      p90,      p95,      p99,      max, 
       TotalPurchase,      78928,          0,          0,          0,      76703,      87228,      300,     1200,     1800,     2000,     2400,   144000,
     InStorePurchase,      41559,          0,          0,          0,      40400,      45652,      300,     1100,     1800,     1900,     2300,   144000,
      OnlinePurchase,      29063,          0,          0,          0,      28417,      32439,      300,     1200,     1800,     2000,     2300,   142000,
        InstPurchase,       8306,          0,          0,          0,       7886,       9137,      400,     1200,     1800,     2000,     2500,     9600,
          AssocOfCat,         83,          0,          0,          0,         81,         92,    18100,    24000,    26000,    26000,    38000,    38000,
      AssocOfProduct,        830,          0,          0,          0,        705,        899,      500,     1400,     1900,     2100,     2600,   140000,
      BusinessReport,        206,          0,          0,          0,        152,        230,    19100,    27000,    28000,    31000,    35000,    39000,
          CustBuyBeh,        833,          0,          0,          0,        696,        890,      200,      900,     1600,     1745,     2200,     8600,
       ProductReturn,       2192,          0,          0,          0,       1962,       2381,      200,      800,     1600,     1700,     2200,     9500,

  1862s: (11%)   IR =   1522 .[1863.396s][info][gc,start       ] GC(281) Pause Young (Normal) (G1 Evacuation Pause)
[1863.396s][info][gc,task        ] GC(281) Using 8 workers of 8 for evacuation
[1863.534s][info][gc,phases      ] GC(281)   Pre Evacuate Collection Set: 0.26ms
[1863.534s][info][gc,phases      ] GC(281)   Merge Heap Roots: 0.57ms
[1863.534s][info][gc,phases      ] GC(281)   Evacuate Collection Set: 135.89ms
[1863.534s][info][gc,phases      ] GC(281)   Post Evacuate Collection Set: 0.97ms
[1863.534s][info][gc,phases      ] GC(281)   Other: 0.07ms
[1863.534s][info][gc,heap        ] GC(281) Eden regions: 494->0(486)
[1863.534s][info][gc,heap        ] GC(281) Survivor regions: 40->40(67)
[1863.534s][info][gc,heap        ] GC(281) Old regions: 317->325
[1863.534s][info][gc,heap        ] GC(281) Humongous regions: 81->81
[1863.534s][info][gc,metaspace   ] GC(281) Metaspace: 35800K(38016K)->35800K(38016K) NonClass: 26728K(26944K)->26728K(26944K) Class: 9071K(11072K)->9071K(11072K)
[1863.534s][info][gc             ] GC(281) Pause Young (Normal) (G1 Evacuation Pause) 7428M->3537M(8192M) 137.883ms
[1863.534s][info][gc,cpu         ] GC(281) User=1.10s Sys=0.00s Real=0.14s
...|..................[1884.979s][info][gc,start       ] GC(282) Pause Young (Normal) (G1 Evacuation Pause)
[1884.979s][info][gc,task        ] GC(282) Using 8 workers of 8 for evacuation
[1885.114s][info][gc,phases      ] GC(282)   Pre Evacuate Collection Set: 0.26ms
[1885.114s][info][gc,phases      ] GC(282)   Merge Heap Roots: 0.59ms
[1885.114s][info][gc,phases      ] GC(282)   Evacuate Collection Set: 133.76ms
[1885.114s][info][gc,phases      ] GC(282)   Post Evacuate Collection Set: 0.93ms
[1885.114s][info][gc,phases      ] GC(282)   Other: 0.07ms
[1885.114s][info][gc,heap        ] GC(282) Eden regions: 486->0(480)
[1885.114s][info][gc,heap        ] GC(282) Survivor regions: 40->39(66)
[1885.114s][info][gc,heap        ] GC(282) Old regions: 325->333
[1885.114s][info][gc,heap        ] GC(282) Humongous regions: 81->81
[1885.115s][info][gc,metaspace   ] GC(282) Metaspace: 35803K(38016K)->35803K(38016K) NonClass: 26731K(26944K)->26731K(26944K) Class: 9071K(11072K)->9071K(11072K)
[1885.115s][info][gc             ] GC(282) Pause Young (Normal) (G1 Evacuation Pause) 7425M->3592M(8192M) 135.730ms
[1885.115s][info][gc,cpu         ] GC(282) User=1.07s Sys=0.00s Real=0.13s
......................[1906.539s][info][gc,start       ] GC(283) Pause Young (Normal) (G1 Evacuation Pause)
[1906.539s][info][gc,task        ] GC(283) Using 8 workers of 8 for evacuation
[1906.674s][info][gc,phases      ] GC(283)   Pre Evacuate Collection Set: 0.29ms
[1906.674s][info][gc,phases      ] GC(283)   Merge Heap Roots: 0.60ms
[1906.674s][info][gc,phases      ] GC(283)   Evacuate Collection Set: 133.57ms
[1906.674s][info][gc,phases      ] GC(283)   Post Evacuate Collection Set: 0.91ms
[1906.674s][info][gc,phases      ] GC(283)   Other: 0.08ms
[1906.674s][info][gc,heap        ] GC(283) Eden regions: 480->0(472)
[1906.674s][info][gc,heap        ] GC(283) Survivor regions: 39->39(65)
[1906.674s][info][gc,heap        ] GC(283) Old regions: 333->341
[1906.674s][info][gc,heap        ] GC(283) Humongous regions: 81->81
[1906.674s][info][gc,metaspace   ] GC(283) Metaspace: 35804K(38016K)->35804K(38016K) NonClass: 26732K(26944K)->26732K(26944K) Class: 9071K(11072K)->9071K(11072K)
[1906.674s][info][gc             ] GC(283) Pause Young (Normal) (G1 Evacuation Pause) 7432M->3651M(8192M) 135.559ms
[1906.674s][info][gc,cpu         ] GC(283) User=1.08s Sys=0.00s Real=0.13s
.................... (rIR:aIR:PR = 1522:1523:1523) (tPR = 22569) [OK] 
  1926s: Performance info:
         Transaction,    Success,    Partial,     Failed,   Receipts, AvgBarcode, 
             Overall,      91423,          0,          0,      86860,      59.49, 
         Response times:
             Request,    Success,    Partial,     Failed,   SkipFail,     Probes,    Samples,      min,      p50,      p90,      p95,      p99,      max, 
       TotalPurchase,      86860,          0,          0,          0,      84268,      91329,      300,     1200,     1900,     2100,     2600,   141000,
     InStorePurchase,      45690,          0,          0,          0,      44530,      48154,      300,     1200,     1900,     2100,     2600,   141000,
      OnlinePurchase,      32021,          0,          0,          0,      31099,      33654,      300,     1300,     2000,     2100,     2700,   141000,
        InstPurchase,       9149,          0,          0,          0,       8639,       9521,      400,     1200,     2000,     2100,     2600,    14600,
          AssocOfCat,         90,          0,          0,          0,         83,         96,    17600,    24000,    27000,    30150,    34000,    34000,
      AssocOfProduct,        911,          0,          0,          0,        802,        958,      600,     1600,     2200,     2400,     2741,     8000,
      BusinessReport,        227,          0,          0,          0,        166,        261,    21000,    27000,    31000,    35000,    80020,   170000,
          CustBuyBeh,        911,          0,          0,          0,        778,        961,      200,     1000,     1800,     2000,     2300,     7200,
       ProductReturn,       2424,          0,          0,          0,       2202,       2492,      300,     1400,     2000,     2100,     2700,    11900,

  1926s: (12%)   IR =   1660 .[1927.459s][info][gc,start       ] GC(284) Pause Young (Normal) (G1 Evacuation Pause)
[1927.459s][info][gc,task        ] GC(284) Using 8 workers of 8 for evacuation
[1927.593s][info][gc,phases      ] GC(284)   Pre Evacuate Collection Set: 0.28ms
[1927.593s][info][gc,phases      ] GC(284)   Merge Heap Roots: 0.59ms
[1927.593s][info][gc,phases      ] GC(284)   Evacuate Collection Set: 131.87ms
[1927.593s][info][gc,phases      ] GC(284)   Post Evacuate Collection Set: 0.94ms
[1927.593s][info][gc,phases      ] GC(284)   Other: 0.07ms
[1927.593s][info][gc,heap        ] GC(284) Eden regions: 472->0(464)
[1927.593s][info][gc,heap        ] GC(284) Survivor regions: 39->39(64)
[1927.593s][info][gc,heap        ] GC(284) Old regions: 341->349
[1927.593s][info][gc,heap        ] GC(284) Humongous regions: 81->81
[1927.593s][info][gc,metaspace   ] GC(284) Metaspace: 35804K(38016K)->35804K(38016K) NonClass: 26732K(26944K)->26732K(26944K) Class: 9071K(11072K)->9071K(11072K)
[1927.593s][info][gc             ] GC(284) Pause Young (Normal) (G1 Evacuation Pause) 7427M->3717M(8192M) 133.876ms
[1927.593s][info][gc,cpu         ] GC(284) User=1.05s Sys=0.00s Real=0.13s
......|.............[1946.447s][info][gc,start       ] GC(285) Pause Young (Normal) (G1 Evacuation Pause)
[1946.447s][info][gc,task        ] GC(285) Using 8 workers of 8 for evacuation
[1946.585s][info][gc,phases      ] GC(285)   Pre Evacuate Collection Set: 0.27ms
[1946.585s][info][gc,phases      ] GC(285)   Merge Heap Roots: 0.53ms
[1946.585s][info][gc,phases      ] GC(285)   Evacuate Collection Set: 135.71ms
[1946.585s][info][gc,phases      ] GC(285)   Post Evacuate Collection Set: 0.92ms
[1946.585s][info][gc,phases      ] GC(285)   Other: 0.06ms
[1946.585s][info][gc,heap        ] GC(285) Eden regions: 464->0(454)
[1946.585s][info][gc,heap        ] GC(285) Survivor regions: 39->40(63)
[1946.585s][info][gc,heap        ] GC(285) Old regions: 349->357
[1946.585s][info][gc,heap        ] GC(285) Humongous regions: 81->81
[1946.585s][info][gc,metaspace   ] GC(285) Metaspace: 35806K(38016K)->35806K(38016K) NonClass: 26735K(26944K)->26735K(26944K) Class: 9071K(11072K)->9071K(11072K)
[1946.585s][info][gc             ] GC(285) Pause Young (Normal) (G1 Evacuation Pause) 7429M->3785M(8192M) 137.622ms
[1946.585s][info][gc,cpu         ] GC(285) User=1.09s Sys=0.00s Real=0.13s
..................[1964.917s][info][gc,start       ] GC(286) Pause Young (Normal) (G1 Evacuation Pause)
[1964.917s][info][gc,task        ] GC(286) Using 8 workers of 8 for evacuation
[1965.051s][info][gc,phases      ] GC(286)   Pre Evacuate Collection Set: 0.26ms
[1965.051s][info][gc,phases      ] GC(286)   Merge Heap Roots: 0.60ms
[1965.051s][info][gc,phases      ] GC(286)   Evacuate Collection Set: 131.56ms
[1965.051s][info][gc,phases      ] GC(286)   Post Evacuate Collection Set: 0.96ms
[1965.051s][info][gc,phases      ] GC(286)   Other: 0.07ms
[1965.051s][info][gc,heap        ] GC(286) Eden regions: 454->0(448)
[1965.051s][info][gc,heap        ] GC(286) Survivor regions: 40->39(62)
[1965.051s][info][gc,heap        ] GC(286) Old regions: 357->365
[1965.051s][info][gc,heap        ] GC(286) Humongous regions: 81->81
[1965.051s][info][gc,metaspace   ] GC(286) Metaspace: 35806K(38016K)->35806K(38016K) NonClass: 26735K(26944K)->26735K(26944K) Class: 9071K(11072K)->9071K(11072K)
[1965.051s][info][gc             ] GC(286) Pause Young (Normal) (G1 Evacuation Pause) 7417M->3841M(8192M) 133.576ms
[1965.051s][info][gc,cpu         ] GC(286) User=1.06s Sys=0.00s Real=0.13s
..................[1983.122s][info][gc,start       ] GC(287) Pause Young (Normal) (G1 Evacuation Pause)
[1983.123s][info][gc,task        ] GC(287) Using 8 workers of 8 for evacuation
[1983.254s][info][gc,phases      ] GC(287)   Pre Evacuate Collection Set: 0.25ms
[1983.254s][info][gc,phases      ] GC(287)   Merge Heap Roots: 0.58ms
[1983.254s][info][gc,phases      ] GC(287)   Evacuate Collection Set: 129.30ms
[1983.254s][info][gc,phases      ] GC(287)   Post Evacuate Collection Set: 0.89ms
[1983.254s][info][gc,phases      ] GC(287)   Other: 0.07ms
[1983.254s][info][gc,heap        ] GC(287) Eden regions: 448->0(444)
[1983.254s][info][gc,heap        ] GC(287) Survivor regions: 39->37(61)
[1983.254s][info][gc,heap        ] GC(287) Old regions: 365->373
[1983.254s][info][gc,heap        ] GC(287) Humongous regions: 81->81
[1983.254s][info][gc,metaspace   ] GC(287) Metaspace: 35806K(38016K)->35806K(38016K) NonClass: 26735K(26944K)->26735K(26944K) Class: 9071K(11072K)->9071K(11072K)
[1983.254s][info][gc             ] GC(287) Pause Young (Normal) (G1 Evacuation Pause) 7425M->3893M(8192M) 131.232ms
[1983.254s][info][gc,cpu         ] GC(287) User=1.04s Sys=0.00s Real=0.13s
........... (rIR:aIR:PR = 1660:1660:1660) (tPR = 24699) [OK] 
  1993s: Performance info:
         Transaction,    Success,    Partial,     Failed,   Receipts, AvgBarcode, 
             Overall,      99627,          0,          0,      94646,      59.48, 
         Response times:
             Request,    Success,    Partial,     Failed,   SkipFail,     Probes,    Samples,      min,      p50,      p90,      p95,      p99,      max, 
       TotalPurchase,      94646,          0,          0,          0,      91702,     104025,      300,     1300,     2100,     2300,     3100,   144000,
     InStorePurchase,      49826,          0,          0,          0,      48430,      54686,      400,     1300,     2000,     2200,     3000,   144000,
      OnlinePurchase,      34863,          0,          0,          0,      33860,      38459,      300,     1300,     2100,     2300,     3100,   144000,
        InstPurchase,       9957,          0,          0,          0,       9412,      10880,      400,     1400,     2100,     2300,     3900,   141000,
          AssocOfCat,         99,          0,          0,          0,         95,        111,    18000,    24000,    28000,    30000,    38760,    39000,
      AssocOfProduct,        997,          0,          0,          0,        883,       1094,      500,     1200,     2100,     2400,     2800,     9600,
      BusinessReport,        251,          0,          0,          0,        190,        272,    19700,    27000,    33000,    41700,   165540,   173000,
          CustBuyBeh,        993,          0,          0,          0,        852,       1080,      200,     1100,     1800,     2100,     5119,    13300,
       ProductReturn,       2641,          0,          0,          0,       2394,       2874,      200,     1400,     2000,     2200,     6850,   136000,

  1993s: (13%)   IR =   1799 .......|[2000.702s][info][gc,start       ] GC(288) Pause Young (Normal) (G1 Evacuation Pause)
[2000.702s][info][gc,task        ] GC(288) Using 8 workers of 8 for evacuation
[2000.834s][info][gc,phases      ] GC(288)   Pre Evacuate Collection Set: 0.31ms
[2000.834s][info][gc,phases      ] GC(288)   Merge Heap Roots: 0.53ms
[2000.834s][info][gc,phases      ] GC(288)   Evacuate Collection Set: 129.79ms
[2000.834s][info][gc,phases      ] GC(288)   Post Evacuate Collection Set: 0.91ms
[2000.834s][info][gc,phases      ] GC(288)   Other: 0.07ms
[2000.834s][info][gc,heap        ] GC(288) Eden regions: 444->0(434)
[2000.834s][info][gc,heap        ] GC(288) Survivor regions: 37->38(61)
[2000.834s][info][gc,heap        ] GC(288) Old regions: 373->381
[2000.834s][info][gc,heap        ] GC(288) Humongous regions: 81->81
[2000.834s][info][gc,metaspace   ] GC(288) Metaspace: 35808K(38016K)->35808K(38016K) NonClass: 26736K(26944K)->26736K(26944K) Class: 9071K(11072K)->9071K(11072K)
[2000.834s][info][gc             ] GC(288) Pause Young (Normal) (G1 Evacuation Pause) 7445M->3961M(8192M) 131.746ms
[2000.834s][info][gc,cpu         ] GC(288) User=1.04s Sys=0.00s Real=0.13s
................[2017.018s][info][gc,start       ] GC(289) Pause Young (Concurrent Start) (G1 Evacuation Pause)
[2017.018s][info][gc,task        ] GC(289) Using 8 workers of 8 for evacuation
[2017.148s][info][gc,phases      ] GC(289)   Pre Evacuate Collection Set: 0.32ms
[2017.148s][info][gc,phases      ] GC(289)   Merge Heap Roots: 0.50ms
[2017.148s][info][gc,phases      ] GC(289)   Evacuate Collection Set: 127.95ms
[2017.148s][info][gc,phases      ] GC(289)   Post Evacuate Collection Set: 0.87ms
[2017.148s][info][gc,phases      ] GC(289)   Other: 0.09ms
[2017.148s][info][gc,heap        ] GC(289) Eden regions: 434->0(428)
[2017.148s][info][gc,heap        ] GC(289) Survivor regions: 38->37(59)
[2017.148s][info][gc,heap        ] GC(289) Old regions: 381->389
[2017.148s][info][gc,heap        ] GC(289) Humongous regions: 81->81
[2017.148s][info][gc,metaspace   ] GC(289) Metaspace: 35808K(38016K)->35808K(38016K) NonClass: 26736K(26944K)->26736K(26944K) Class: 9071K(11072K)->9071K(11072K)
[2017.148s][info][gc             ] GC(289) Pause Young (Concurrent Start) (G1 Evacuation Pause) 7433M->4019M(8192M) 129.857ms
[2017.148s][info][gc,cpu         ] GC(289) User=1.02s Sys=0.00s Real=0.13s
[2017.148s][info][gc             ] GC(290) Concurrent Mark Cycle
[2017.148s][info][gc,marking     ] GC(290) Concurrent Scan Root Regions
[2017.304s][info][gc,marking     ] GC(290) Concurrent Scan Root Regions 155.675ms
[2017.304s][info][gc,marking     ] GC(290) Concurrent Mark
[2017.304s][info][gc,marking     ] GC(290) Concurrent Mark From Roots
[2017.304s][info][gc,task        ] GC(290) Using 2 workers of 2 for marking
.[2017.788s][info][gc,marking     ] GC(290) Concurrent Mark From Roots 484.102ms
[2017.788s][info][gc,marking     ] GC(290) Concurrent Preclean
[2017.788s][info][gc,marking     ] GC(290) Concurrent Preclean 0.070ms
[2017.788s][info][gc,start       ] GC(290) Pause Remark
[2017.790s][info][gc             ] GC(290) Pause Remark 4209M->2665M(8192M) 1.583ms
[2017.790s][info][gc,cpu         ] GC(290) User=0.00s Sys=0.00s Real=0.00s
[2017.790s][info][gc,marking     ] GC(290) Concurrent Mark 486.020ms
[2017.790s][info][gc,marking     ] GC(290) Concurrent Rebuild Remembered Sets and Scrub Regions
[2018.122s][info][gc,marking     ] GC(290) Concurrent Rebuild Remembered Sets and Scrub Regions 331.873ms
[2018.122s][info][gc,start       ] GC(290) Pause Cleanup
[2018.122s][info][gc             ] GC(290) Pause Cleanup 2744M->2744M(8192M) 0.242ms
[2018.122s][info][gc,cpu         ] GC(290) User=0.00s Sys=0.00s Real=0.00s
[2018.123s][info][gc,marking     ] GC(290) Concurrent Clear Claimed Marks
[2018.123s][info][gc,marking     ] GC(290) Concurrent Clear Claimed Marks 0.044ms
[2018.123s][info][gc,marking     ] GC(290) Concurrent Cleanup for Next Mark
[2018.129s][info][gc,marking     ] GC(290) Concurrent Cleanup for Next Mark 6.525ms
[2018.129s][info][gc             ] GC(290) Concurrent Mark Cycle 980.739ms
...............[2032.971s][info][gc,start       ] GC(291) Pause Young (Prepare Mixed) (G1 Evacuation Pause)
[2032.971s][info][gc,task        ] GC(291) Using 8 workers of 8 for evacuation
[2033.099s][info][gc,phases      ] GC(291)   Pre Evacuate Collection Set: 0.27ms
[2033.099s][info][gc,phases      ] GC(291)   Merge Heap Roots: 0.61ms
[2033.099s][info][gc,phases      ] GC(291)   Evacuate Collection Set: 126.11ms
[2033.099s][info][gc,phases      ] GC(291)   Post Evacuate Collection Set: 0.97ms
[2033.099s][info][gc,phases      ] GC(291)   Other: 0.07ms
[2033.099s][info][gc,heap        ] GC(291) Eden regions: 428->0(576)
[2033.099s][info][gc,heap        ] GC(291) Survivor regions: 37->38(59)
[2033.099s][info][gc,heap        ] GC(291) Old regions: 244->252
[2033.099s][info][gc,heap        ] GC(291) Humongous regions: 33->33
[2033.099s][info][gc,metaspace   ] GC(291) Metaspace: 35808K(38016K)->35808K(38016K) NonClass: 26736K(26944K)->26736K(26944K) Class: 9071K(11072K)->9071K(11072K)
[2033.099s][info][gc             ] GC(291) Pause Young (Prepare Mixed) (G1 Evacuation Pause) 5899M->2548M(8192M) 128.163ms
[2033.099s][info][gc,cpu         ] GC(291) User=1.01s Sys=0.00s Real=0.13s
......................[2054.824s][info][gc,start       ] GC(292) Pause Young (Mixed) (G1 Evacuation Pause)
[2054.824s][info][gc,task        ] GC(292) Using 8 workers of 8 for evacuation
[2054.975s][info][gc,phases      ] GC(292)   Pre Evacuate Collection Set: 0.29ms
[2054.975s][info][gc,phases      ] GC(292)   Merge Heap Roots: 0.90ms
[2054.975s][info][gc,phases      ] GC(292)   Evacuate Collection Set: 147.82ms
[2054.975s][info][gc,phases      ] GC(292)   Post Evacuate Collection Set: 1.27ms
[2054.975s][info][gc,phases      ] GC(292)   Other: 0.09ms
[2054.975s][info][gc,heap        ] GC(292) Eden regions: 576->0(567)
[2054.975s][info][gc,heap        ] GC(292) Survivor regions: 38->47(77)
[2054.975s][info][gc,heap        ] GC(292) Old regions: 252->152
[2054.975s][info][gc,heap        ] GC(292) Humongous regions: 33->33
[2054.975s][info][gc,metaspace   ] GC(292) Metaspace: 35808K(38016K)->35808K(38016K) NonClass: 26736K(26944K)->26736K(26944K) Class: 9071K(11072K)->9071K(11072K)
[2054.975s][info][gc             ] GC(292) Pause Young (Mixed) (G1 Evacuation Pause) 7156M->1821M(8192M) 150.497ms
[2054.975s][info][gc,cpu         ] GC(292) User=1.19s Sys=0.00s Real=0.15s
...... (rIR:aIR:PR = 1799:1799:1799) (tPR = 26707) [OK] 
  2060s: Performance info:
         Transaction,    Success,    Partial,     Failed,   Receipts, AvgBarcode, 
             Overall,     107991,          0,          0,     102575,      59.47, 
         Response times:
             Request,    Success,    Partial,     Failed,   SkipFail,     Probes,    Samples,      min,      p50,      p90,      p95,      p99,      max, 
       TotalPurchase,     102575,          0,          0,          0,      99583,     112873,      300,     1400,     2200,     2400,     3600,   157000,
     InStorePurchase,      53992,          0,          0,          0,      52485,      59358,      300,     1300,     2200,     2400,     3600,   154000,
      OnlinePurchase,      37786,          0,          0,          0,      36776,      41636,      300,     1400,     2300,     2500,     3700,   157000,
        InstPurchase,      10797,          0,          0,          0,      10322,      11879,      400,     1500,     2300,     2500,     3300,   154000,
          AssocOfCat,        108,          0,          0,          0,        107,        120,    18200,    25000,    27000,    30000,    43320,    45000,
      AssocOfProduct,       1077,          0,          0,          0,        930,       1183,      700,     1900,     2500,     2800,     6660,    15100,
      BusinessReport,        273,          0,          0,          0,        202,        274,    19700,    27000,    33000,    37000,    57500,    83000,
          CustBuyBeh,       1090,          0,          0,          0,        923,       1151,      200,     1200,     2000,     2200,     2992,     7200,
       ProductReturn,       2867,          0,          0,          0,       2672,       3257,      200,     1600,     2300,     2500,     7742,   154000,

  2060s: (14%)   IR =   1937 .......|.......[2074.989s][info][gc,start       ] GC(293) Pause Young (Mixed) (G1 Evacuation Pause)
[2074.989s][info][gc,task        ] GC(293) Using 8 workers of 8 for evacuation
[2075.149s][info][gc,phases      ] GC(293)   Pre Evacuate Collection Set: 0.25ms
[2075.149s][info][gc,phases      ] GC(293)   Merge Heap Roots: 1.06ms
[2075.149s][info][gc,phases      ] GC(293)   Evacuate Collection Set: 154.76ms
[2075.149s][info][gc,phases      ] GC(293)   Merge Optional Heap Roots: 0.10ms
[2075.149s][info][gc,phases      ] GC(293)   Evacuate Optional Collection Set: 2.85ms
[2075.149s][info][gc,phases      ] GC(293)   Post Evacuate Collection Set: 1.22ms
[2075.149s][info][gc,phases      ] GC(293)   Other: 0.08ms
[2075.149s][info][gc,heap        ] GC(293) Eden regions: 567->0(566)
[2075.149s][info][gc,heap        ] GC(293) Survivor regions: 47->48(77)
[2075.149s][info][gc,heap        ] GC(293) Old regions: 152->135
[2075.149s][info][gc,heap        ] GC(293) Humongous regions: 33->33
[2075.149s][info][gc,metaspace   ] GC(293) Metaspace: 35808K(38016K)->35808K(38016K) NonClass: 26736K(26944K)->26736K(26944K) Class: 9071K(11072K)->9071K(11072K)
[2075.149s][info][gc             ] GC(293) Pause Young (Mixed) (G1 Evacuation Pause) 6357M->1692M(8192M) 160.459ms
[2075.149s][info][gc,cpu         ] GC(293) User=1.27s Sys=0.00s Real=0.16s
....................[2094.827s][info][gc,start       ] GC(294) Pause Young (Normal) (G1 Evacuation Pause)
[2094.828s][info][gc,task        ] GC(294) Using 8 workers of 8 for evacuation
[2094.978s][info][gc,phases      ] GC(294)   Pre Evacuate Collection Set: 0.27ms
[2094.978s][info][gc,phases      ] GC(294)   Merge Heap Roots: 0.54ms
[2094.978s][info][gc,phases      ] GC(294)   Evacuate Collection Set: 148.15ms
[2094.978s][info][gc,phases      ] GC(294)   Post Evacuate Collection Set: 1.04ms
[2094.978s][info][gc,phases      ] GC(294)   Other: 0.07ms
[2094.978s][info][gc,heap        ] GC(294) Eden regions: 566->0(572)
[2094.978s][info][gc,heap        ] GC(294) Survivor regions: 48->42(77)
[2094.978s][info][gc,heap        ] GC(294) Old regions: 135->145
[2094.978s][info][gc,heap        ] GC(294) Humongous regions: 33->33
[2094.978s][info][gc,metaspace   ] GC(294) Metaspace: 35808K(38016K)->35808K(38016K) NonClass: 26736K(26944K)->26736K(26944K) Class: 9071K(11072K)->9071K(11072K)
[2094.978s][info][gc             ] GC(294) Pause Young (Normal) (G1 Evacuation Pause) 6220M->1731M(8192M) 150.205ms
[2094.978s][info][gc,cpu         ] GC(294) User=1.19s Sys=0.00s Real=0.15s
....................[2114.744s][info][gc,start       ] GC(295) Pause Young (Normal) (G1 Evacuation Pause)
[2114.744s][info][gc,task        ] GC(295) Using 8 workers of 8 for evacuation
[2114.885s][info][gc,phases      ] GC(295)   Pre Evacuate Collection Set: 0.31ms
[2114.885s][info][gc,phases      ] GC(295)   Merge Heap Roots: 0.65ms
[2114.885s][info][gc,phases      ] GC(295)   Evacuate Collection Set: 139.06ms
[2114.885s][info][gc,phases      ] GC(295)   Post Evacuate Collection Set: 1.07ms
[2114.885s][info][gc,phases      ] GC(295)   Other: 0.07ms
[2114.885s][info][gc,heap        ] GC(295) Eden regions: 572->0(571)
[2114.885s][info][gc,heap        ] GC(295) Survivor regions: 42->43(77)
[2114.885s][info][gc,heap        ] GC(295) Old regions: 145->152
[2114.885s][info][gc,heap        ] GC(295) Humongous regions: 33->33
[2114.885s][info][gc,metaspace   ] GC(295) Metaspace: 35808K(38016K)->35808K(38016K) NonClass: 26736K(26944K)->26736K(26944K) Class: 9071K(11072K)->9071K(11072K)
[2114.885s][info][gc             ] GC(295) Pause Young (Normal) (G1 Evacuation Pause) 6307M->1790M(8192M) 141.292ms
[2114.885s][info][gc,cpu         ] GC(295) User=1.12s Sys=0.00s Real=0.14s
............. (rIR:aIR:PR = 1937:1937:1937) (tPR = 28708) [OK] 
  2127s: Performance info:
         Transaction,    Success,    Partial,     Failed,   Receipts, AvgBarcode, 
             Overall,     116267,          0,          0,     110456,      59.49, 
         Response times:
             Request,    Success,    Partial,     Failed,   SkipFail,     Probes,    Samples,      min,      p50,      p90,      p95,      p99,      max, 
       TotalPurchase,     110456,          0,          0,          0,     107549,     121911,      300,     1500,     2300,     2600,     3300,   155000,
     InStorePurchase,      58133,          0,          0,          0,      56669,      63920,      300,     1500,     2300,     2500,     3300,   154000,
      OnlinePurchase,      40694,          0,          0,          0,      39626,      44952,      300,     1500,     2400,     2600,     3300,   155000,
        InstPurchase,      11629,          0,          0,          0,      11254,      13039,      500,     1500,     2400,     2600,     3200,   154000,
          AssocOfCat,        116,          0,          0,          0,        111,        128,    19100,    25000,    29100,    33100,   147340,   192000,
      AssocOfProduct,       1160,          0,          0,          0,       1029,       1298,      400,     1400,     2500,     2700,     3101,   154000,
      BusinessReport,        290,          0,          0,          0,        215,        313,    19100,    28000,    34000,    41900,   106000,   172000,
          CustBuyBeh,       1163,          0,          0,          0,       1017,       1259,      200,      600,     1800,     2100,     2800,     6600,
       ProductReturn,       3082,          0,          0,          0,       2820,       3386,      200,     1300,     2200,     2500,     3200,   154000,

  2127s: (15%)   IR =   2076 ......[2134.301s][info][gc,start       ] GC(296) Pause Young (Normal) (G1 Evacuation Pause)
[2134.301s][info][gc,task        ] GC(296) Using 8 workers of 8 for evacuation
[2134.442s][info][gc,phases      ] GC(296)   Pre Evacuate Collection Set: 0.26ms
[2134.442s][info][gc,phases      ] GC(296)   Merge Heap Roots: 0.59ms
[2134.442s][info][gc,phases      ] GC(296)   Evacuate Collection Set: 139.07ms
[2134.442s][info][gc,phases      ] GC(296)   Post Evacuate Collection Set: 1.03ms
[2134.442s][info][gc,phases      ] GC(296)   Other: 0.07ms
[2134.442s][info][gc,heap        ] GC(296) Eden regions: 571->0(571)
[2134.442s][info][gc,heap        ] GC(296) Survivor regions: 43->43(77)
[2134.442s][info][gc,heap        ] GC(296) Old regions: 152->159
[2134.442s][info][gc,heap        ] GC(296) Humongous regions: 33->33
[2134.442s][info][gc,metaspace   ] GC(296) Metaspace: 35811K(38016K)->35811K(38016K) NonClass: 26739K(26944K)->26739K(26944K) Class: 9071K(11072K)->9071K(11072K)
[2134.442s][info][gc             ] GC(296) Pause Young (Normal) (G1 Evacuation Pause) 6358M->1848M(8192M) 141.166ms
[2134.442s][info][gc,cpu         ] GC(296) User=1.12s Sys=0.00s Real=0.14s
..|.................[2152.877s][info][gc,start       ] GC(297) Pause Young (Normal) (G1 Evacuation Pause)
[2152.877s][info][gc,task        ] GC(297) Using 8 workers of 8 for evacuation
[2153.017s][info][gc,phases      ] GC(297)   Pre Evacuate Collection Set: 0.26ms
[2153.017s][info][gc,phases      ] GC(297)   Merge Heap Roots: 0.58ms
[2153.017s][info][gc,phases      ] GC(297)   Evacuate Collection Set: 138.58ms
[2153.017s][info][gc,phases      ] GC(297)   Post Evacuate Collection Set: 1.04ms
[2153.017s][info][gc,phases      ] GC(297)   Other: 0.06ms
[2153.017s][info][gc,heap        ] GC(297) Eden regions: 571->0(571)
[2153.017s][info][gc,heap        ] GC(297) Survivor regions: 43->43(77)
[2153.017s][info][gc,heap        ] GC(297) Old regions: 159->166
[2153.017s][info][gc,heap        ] GC(297) Humongous regions: 33->33
[2153.017s][info][gc,metaspace   ] GC(297) Metaspace: 35811K(38016K)->35811K(38016K) NonClass: 26739K(26944K)->26739K(26944K) Class: 9071K(11072K)->9071K(11072K)
[2153.017s][info][gc             ] GC(297) Pause Young (Normal) (G1 Evacuation Pause) 6416M->1904M(8192M) 140.637ms
[2153.017s][info][gc,cpu         ] GC(297) User=1.12s Sys=0.00s Real=0.15s
..................[2171.471s][info][gc,start       ] GC(298) Pause Young (Normal) (G1 Evacuation Pause)
[2171.471s][info][gc,task        ] GC(298) Using 8 workers of 8 for evacuation
[2171.615s][info][gc,phases      ] GC(298)   Pre Evacuate Collection Set: 0.26ms
[2171.615s][info][gc,phases      ] GC(298)   Merge Heap Roots: 0.51ms
[2171.615s][info][gc,phases      ] GC(298)   Evacuate Collection Set: 142.01ms
[2171.615s][info][gc,phases      ] GC(298)   Post Evacuate Collection Set: 1.06ms
[2171.615s][info][gc,phases      ] GC(298)   Other: 0.06ms
[2171.615s][info][gc,heap        ] GC(298) Eden regions: 571->0(572)
[2171.615s][info][gc,heap        ] GC(298) Survivor regions: 43->42(77)
[2171.615s][info][gc,heap        ] GC(298) Old regions: 166->173
[2171.615s][info][gc,heap        ] GC(298) Humongous regions: 33->33
[2171.615s][info][gc,metaspace   ] GC(298) Metaspace: 35811K(38016K)->35811K(38016K) NonClass: 26739K(26944K)->26739K(26944K) Class: 9071K(11072K)->9071K(11072K)
[2171.615s][info][gc             ] GC(298) Pause Young (Normal) (G1 Evacuation Pause) 6472M->1952M(8192M) 144.047ms
[2171.615s][info][gc,cpu         ] GC(298) User=1.14s Sys=0.00s Real=0.14s
...................[2190.249s][info][gc,start       ] GC(299) Pause Young (Normal) (G1 Evacuation Pause)
[2190.249s][info][gc,task        ] GC(299) Using 8 workers of 8 for evacuation
[2190.392s][info][gc,phases      ] GC(299)   Pre Evacuate Collection Set: 0.32ms
[2190.392s][info][gc,phases      ] GC(299)   Merge Heap Roots: 0.62ms
[2190.392s][info][gc,phases      ] GC(299)   Evacuate Collection Set: 140.78ms
[2190.392s][info][gc,phases      ] GC(299)   Post Evacuate Collection Set: 1.03ms
[2190.392s][info][gc,phases      ] GC(299)   Other: 0.07ms
[2190.392s][info][gc,heap        ] GC(299) Eden regions: 572->0(572)
[2190.392s][info][gc,heap        ] GC(299) Survivor regions: 42->42(77)
[2190.392s][info][gc,heap        ] GC(299) Old regions: 173->180
[2190.392s][info][gc,heap        ] GC(299) Humongous regions: 33->33
[2190.392s][info][gc,metaspace   ] GC(299) Metaspace: 35811K(38016K)->35811K(38016K) NonClass: 26739K(26944K)->26739K(26944K) Class: 9071K(11072K)->9071K(11072K)
[2190.392s][info][gc             ] GC(299) Pause Young (Normal) (G1 Evacuation Pause) 6528M->2006M(8192M) 142.970ms
[2190.392s][info][gc,cpu         ] GC(299) User=1.13s Sys=0.00s Real=0.14s
...... (rIR:aIR:PR = 2076:2076:2076) (tPR = 30714) [OK] 
  2195s: Performance info:
         Transaction,    Success,    Partial,     Failed,   Receipts, AvgBarcode, 
             Overall,     124708,          0,          0,     118466,      59.48, 
         Response times:
             Request,    Success,    Partial,     Failed,   SkipFail,     Probes,    Samples,      min,      p50,      p90,      p95,      p99,      max, 
       TotalPurchase,     118466,          0,          0,          0,     115242,     132758,      300,     1600,     2500,     2800,     3900,   153000,
     InStorePurchase,      62341,          0,          0,          0,      60656,      69738,      300,     1500,     2500,     2700,     3900,   148000,
      OnlinePurchase,      43646,          0,          0,          0,      42516,      48862,      300,     1600,     2500,     2800,     3900,   153000,
        InstPurchase,      12479,          0,          0,          0,      12070,      14158,      500,     1700,     2600,     2800,     4200,   148000,
          AssocOfCat,        123,          0,          0,          0,         91,        146,    18500,    26000,    31300,    33000,   173590,   175000,
      AssocOfProduct,       1248,          0,          0,          0,       1091,       1362,      700,     2000,     2800,     3100,     5348,    22000,
      BusinessReport,        311,          0,          0,          0,        238,        335,    19700,    27000,    34000,    37000,    44640,    46000,
          CustBuyBeh,       1246,          0,          0,          0,       1086,       1373,      300,     1600,     2400,     2600,     3426,   147000,
       ProductReturn,       3314,          0,          0,          0,       3020,       3645,      200,     1400,     2400,     2600,     3500,   147000,

  2195s: (16%)   IR =   2214 .....|.......[2208.062s][info][gc,start       ] GC(300) Pause Young (Normal) (G1 Evacuation Pause)
[2208.062s][info][gc,task        ] GC(300) Using 8 workers of 8 for evacuation
[2208.205s][info][gc,phases      ] GC(300)   Pre Evacuate Collection Set: 0.25ms
[2208.205s][info][gc,phases      ] GC(300)   Merge Heap Roots: 0.52ms
[2208.205s][info][gc,phases      ] GC(300)   Evacuate Collection Set: 141.38ms
[2208.205s][info][gc,phases      ] GC(300)   Post Evacuate Collection Set: 1.04ms
[2208.205s][info][gc,phases      ] GC(300)   Other: 0.06ms
[2208.205s][info][gc,heap        ] GC(300) Eden regions: 572->0(572)
[2208.205s][info][gc,heap        ] GC(300) Survivor regions: 42->42(77)
[2208.205s][info][gc,heap        ] GC(300) Old regions: 180->186
[2208.205s][info][gc,heap        ] GC(300) Humongous regions: 33->33
[2208.205s][info][gc,metaspace   ] GC(300) Metaspace: 35813K(38016K)->35813K(38016K) NonClass: 26741K(26944K)->26741K(26944K) Class: 9071K(11072K)->9071K(11072K)
[2208.205s][info][gc             ] GC(300) Pause Young (Normal) (G1 Evacuation Pause) 6582M->2060M(8192M) 143.379ms
[2208.205s][info][gc,cpu         ] GC(300) User=1.14s Sys=0.00s Real=0.14s
.................[2225.535s][info][gc,start       ] GC(301) Pause Young (Normal) (G1 Evacuation Pause)
[2225.535s][info][gc,task        ] GC(301) Using 8 workers of 8 for evacuation
[2225.678s][info][gc,phases      ] GC(301)   Pre Evacuate Collection Set: 0.25ms
[2225.678s][info][gc,phases      ] GC(301)   Merge Heap Roots: 0.60ms
[2225.678s][info][gc,phases      ] GC(301)   Evacuate Collection Set: 140.36ms
[2225.678s][info][gc,phases      ] GC(301)   Post Evacuate Collection Set: 1.08ms
[2225.678s][info][gc,phases      ] GC(301)   Other: 0.06ms
[2225.678s][info][gc,heap        ] GC(301) Eden regions: 572->0(572)
[2225.678s][info][gc,heap        ] GC(301) Survivor regions: 42->42(77)
[2225.678s][info][gc,heap        ] GC(301) Old regions: 186->193
[2225.678s][info][gc,heap        ] GC(301) Humongous regions: 33->33
[2225.678s][info][gc,metaspace   ] GC(301) Metaspace: 35813K(38016K)->35813K(38016K) NonClass: 26741K(26944K)->26741K(26944K) Class: 9071K(11072K)->9071K(11072K)
[2225.678s][info][gc             ] GC(301) Pause Young (Normal) (G1 Evacuation Pause) 6636M->2112M(8192M) 142.480ms
[2225.678s][info][gc,cpu         ] GC(301) User=1.13s Sys=0.00s Real=0.15s
..................[2243.028s][info][gc,start       ] GC(302) Pause Young (Normal) (G1 Evacuation Pause)
[2243.028s][info][gc,task        ] GC(302) Using 8 workers of 8 for evacuation
[2243.169s][info][gc,phases      ] GC(302)   Pre Evacuate Collection Set: 0.24ms
[2243.169s][info][gc,phases      ] GC(302)   Merge Heap Roots: 0.56ms
[2243.169s][info][gc,phases      ] GC(302)   Evacuate Collection Set: 138.50ms
[2243.169s][info][gc,phases      ] GC(302)   Post Evacuate Collection Set: 1.04ms
[2243.169s][info][gc,phases      ] GC(302)   Other: 0.06ms
[2243.169s][info][gc,heap        ] GC(302) Eden regions: 572->0(572)
[2243.169s][info][gc,heap        ] GC(302) Survivor regions: 42->42(77)
[2243.169s][info][gc,heap        ] GC(302) Old regions: 193->200
[2243.169s][info][gc,heap        ] GC(302) Humongous regions: 33->33
[2243.169s][info][gc,metaspace   ] GC(302) Metaspace: 35813K(38016K)->35813K(38016K) NonClass: 26741K(26944K)->26741K(26944K) Class: 9071K(11072K)->9071K(11072K)
[2243.169s][info][gc             ] GC(302) Pause Young (Normal) (G1 Evacuation Pause) 6688M->2167M(8192M) 140.549ms
[2243.169s][info][gc,cpu         ] GC(302) User=1.12s Sys=0.00s Real=0.14s
.................[2260.577s][info][gc,start       ] GC(303) Pause Young (Normal) (G1 Evacuation Pause)
[2260.577s][info][gc,task        ] GC(303) Using 8 workers of 8 for evacuation
[2260.719s][info][gc,phases      ] GC(303)   Pre Evacuate Collection Set: 0.29ms
[2260.719s][info][gc,phases      ] GC(303)   Merge Heap Roots: 0.58ms
[2260.719s][info][gc,phases      ] GC(303)   Evacuate Collection Set: 139.80ms
[2260.719s][info][gc,phases      ] GC(303)   Post Evacuate Collection Set: 1.03ms
[2260.719s][info][gc,phases      ] GC(303)   Other: 0.08ms
[2260.719s][info][gc,heap        ] GC(303) Eden regions: 572->0(571)
[2260.719s][info][gc,heap        ] GC(303) Survivor regions: 42->43(77)
[2260.719s][info][gc,heap        ] GC(303) Old regions: 200->207
[2260.719s][info][gc,heap        ] GC(303) Humongous regions: 33->33
[2260.719s][info][gc,metaspace   ] GC(303) Metaspace: 35813K(38016K)->35813K(38016K) NonClass: 26741K(26944K)->26741K(26944K) Class: 9071K(11072K)->9071K(11072K)
[2260.719s][info][gc             ] GC(303) Pause Young (Normal) (G1 Evacuation Pause) 6743M->2233M(8192M) 141.924ms
[2260.719s][info][gc,cpu         ] GC(303) User=1.13s Sys=0.00s Real=0.15s
. (rIR:aIR:PR = 2214:2210:2210) (tPR = 32978) [OK] 
  2260s: Performance info:
         Transaction,    Success,    Partial,     Failed,   Receipts, AvgBarcode, 
             Overall,     132742,          0,          0,     126085,      59.47, 
         Response times:
             Request,    Success,    Partial,     Failed,   SkipFail,     Probes,    Samples,      min,      p50,      p90,      p95,      p99,      max, 
       TotalPurchase,     126107,          0,          0,          0,     122259,     134369,      300,     1600,     2600,     2900,     3600,   148000,
     InStorePurchase,      66399,          0,          0,          0,      64451,      70630,      400,     1600,     2600,     2800,     3600,   147000,
      OnlinePurchase,      46448,          0,          0,          0,      45158,      49564,      300,     1600,     2600,     2900,     3700,   148000,
        InstPurchase,      13260,          0,          0,          0,      12650,      14175,      400,     1500,     2600,     2900,     3500,   147000,
          AssocOfCat,        132,          0,          0,          0,         93,        123,    18800,    26000,    29600,    32600,    44760,    45000,
      AssocOfProduct,       1326,          0,          0,          0,       1195,       1425,      700,     2200,     3000,     3200,     3974,   144000,
      BusinessReport,        328,          0,          0,          0,        256,        358,    21000,    28000,    35000,    38000,    87280,   173000,
          CustBuyBeh,       1332,          0,          0,          0,       1183,       1413,      200,     1400,     2300,     2700,     3758,   147000,
       ProductReturn,       3513,          0,          0,          0,       3266,       3750,      200,     1400,     2500,     2700,     3300,   147000,

  2260s: (17%)   IR =   2352 .......|.........[2276.922s][info][gc,start       ] GC(304) Pause Young (Normal) (G1 Evacuation Pause)
[2276.922s][info][gc,task        ] GC(304) Using 8 workers of 8 for evacuation
[2277.065s][info][gc,phases      ] GC(304)   Pre Evacuate Collection Set: 0.28ms
[2277.065s][info][gc,phases      ] GC(304)   Merge Heap Roots: 0.58ms
[2277.065s][info][gc,phases      ] GC(304)   Evacuate Collection Set: 141.03ms
[2277.065s][info][gc,phases      ] GC(304)   Post Evacuate Collection Set: 1.06ms
[2277.065s][info][gc,phases      ] GC(304)   Other: 0.06ms
[2277.065s][info][gc,heap        ] GC(304) Eden regions: 571->0(571)
[2277.065s][info][gc,heap        ] GC(304) Survivor regions: 43->43(77)
[2277.065s][info][gc,heap        ] GC(304) Old regions: 207->214
[2277.065s][info][gc,heap        ] GC(304) Humongous regions: 33->33
[2277.065s][info][gc,metaspace   ] GC(304) Metaspace: 35816K(38080K)->35816K(38080K) NonClass: 26744K(27008K)->26744K(27008K) Class: 9071K(11072K)->9071K(11072K)
[2277.065s][info][gc             ] GC(304) Pause Young (Normal) (G1 Evacuation Pause) 6801M->2287M(8192M) 143.137ms
[2277.065s][info][gc,cpu         ] GC(304) User=1.13s Sys=0.00s Real=0.14s
................[2293.349s][info][gc,start       ] GC(305) Pause Young (Normal) (G1 Evacuation Pause)
[2293.349s][info][gc,task        ] GC(305) Using 8 workers of 8 for evacuation
[2293.491s][info][gc,phases      ] GC(305)   Pre Evacuate Collection Set: 0.27ms
[2293.491s][info][gc,phases      ] GC(305)   Merge Heap Roots: 0.62ms
[2293.491s][info][gc,phases      ] GC(305)   Evacuate Collection Set: 139.50ms
[2293.491s][info][gc,phases      ] GC(305)   Post Evacuate Collection Set: 1.08ms
[2293.491s][info][gc,phases      ] GC(305)   Other: 0.07ms
[2293.491s][info][gc,heap        ] GC(305) Eden regions: 571->0(571)
[2293.491s][info][gc,heap        ] GC(305) Survivor regions: 43->43(77)
[2293.491s][info][gc,heap        ] GC(305) Old regions: 214->221
[2293.491s][info][gc,heap        ] GC(305) Humongous regions: 33->33
[2293.491s][info][gc,metaspace   ] GC(305) Metaspace: 35816K(38080K)->35816K(38080K) NonClass: 26744K(27008K)->26744K(27008K) Class: 9071K(11072K)->9071K(11072K)
[2293.491s][info][gc             ] GC(305) Pause Young (Normal) (G1 Evacuation Pause) 6855M->2337M(8192M) 141.675ms
[2293.491s][info][gc,cpu         ] GC(305) User=1.12s Sys=0.00s Real=0.14s
.................[2309.796s][info][gc,start       ] GC(306) Pause Young (Normal) (G1 Evacuation Pause)
[2309.796s][info][gc,task        ] GC(306) Using 8 workers of 8 for evacuation
[2309.938s][info][gc,phases      ] GC(306)   Pre Evacuate Collection Set: 0.26ms
[2309.938s][info][gc,phases      ] GC(306)   Merge Heap Roots: 0.62ms
[2309.938s][info][gc,phases      ] GC(306)   Evacuate Collection Set: 140.06ms
[2309.938s][info][gc,phases      ] GC(306)   Post Evacuate Collection Set: 1.03ms
[2309.938s][info][gc,phases      ] GC(306)   Other: 0.07ms
[2309.938s][info][gc,heap        ] GC(306) Eden regions: 571->0(572)
[2309.938s][info][gc,heap        ] GC(306) Survivor regions: 43->42(77)
[2309.938s][info][gc,heap        ] GC(306) Old regions: 221->228
[2309.938s][info][gc,heap        ] GC(306) Humongous regions: 33->33
[2309.938s][info][gc,metaspace   ] GC(306) Metaspace: 35816K(38080K)->35816K(38080K) NonClass: 26744K(27008K)->26744K(27008K) Class: 9071K(11072K)->9071K(11072K)
[2309.938s][info][gc             ] GC(306) Pause Young (Normal) (G1 Evacuation Pause) 6905M->2391M(8192M) 142.150ms
[2309.938s][info][gc,cpu         ] GC(306) User=1.12s Sys=0.00s Real=0.15s
................[2326.286s][info][gc,start       ] GC(307) Pause Young (Normal) (G1 Evacuation Pause)
[2326.286s][info][gc,task        ] GC(307) Using 8 workers of 8 for evacuation
[2326.431s][info][gc,phases      ] GC(307)   Pre Evacuate Collection Set: 0.28ms
[2326.431s][info][gc,phases      ] GC(307)   Merge Heap Roots: 0.62ms
[2326.431s][info][gc,phases      ] GC(307)   Evacuate Collection Set: 142.51ms
[2326.431s][info][gc,phases      ] GC(307)   Post Evacuate Collection Set: 1.00ms
[2326.431s][info][gc,phases      ] GC(307)   Other: 0.06ms
[2326.431s][info][gc,heap        ] GC(307) Eden regions: 572->0(571)
[2326.431s][info][gc,heap        ] GC(307) Survivor regions: 42->43(77)
[2326.431s][info][gc,heap        ] GC(307) Old regions: 228->235
[2326.431s][info][gc,heap        ] GC(307) Humongous regions: 33->33
[2326.431s][info][gc,metaspace   ] GC(307) Metaspace: 35816K(38080K)->35816K(38080K) NonClass: 26744K(27008K)->26744K(27008K) Class: 9071K(11072K)->9071K(11072K)
[2326.431s][info][gc             ] GC(307) Pause Young (Normal) (G1 Evacuation Pause) 6967M->2453M(8192M) 144.595ms
[2326.431s][info][gc,cpu         ] GC(307) User=1.14s Sys=0.00s Real=0.15s
.. (rIR:aIR:PR = 2352:2351:2351) (tPR = 34895) [OK] 
  2327s: Performance info:
         Transaction,    Success,    Partial,     Failed,   Receipts, AvgBarcode, 
             Overall,     141114,          0,          0,     134063,      59.47, 
         Response times:
             Request,    Success,    Partial,     Failed,   SkipFail,     Probes,    Samples,      min,      p50,      p90,      p95,      p99,      max, 
       TotalPurchase,     134063,          0,          0,          0,     130432,     147319,      300,     1700,     2700,     3000,     4500,   163000,
     InStorePurchase,      70531,          0,          0,          0,      68662,      77248,      300,     1700,     2700,     3000,     4600,   152000,
      OnlinePurchase,      49416,          0,          0,          0,      48228,      54547,      300,     1700,     2800,     3000,     4500,   151000,
        InstPurchase,      14116,          0,          0,          0,      13542,      15524,      400,     1800,     2800,     3100,     4300,   163000,
          AssocOfCat,        140,          0,          0,          0,         99,        148,    19500,    26000,    29100,    34100,    45020,    46000,
      AssocOfProduct,       1413,          0,          0,          0,       1234,       1546,      600,     1800,     3000,     3200,     4000,    18800,
      BusinessReport,        352,          0,          0,          0,        270,        383,    21000,    28000,    36000,    38800,    49000,    54000,
          CustBuyBeh,       1405,          0,          0,          0,       1245,       1564,      200,      700,     2200,     2500,     3600,    30000,
       ProductReturn,       3741,          0,          0,          0,       3466,       4136,      200,     1700,     2700,     3000,     6463,   149000,

  2327s: (18%)   IR =   2491 .....|.........[2341.831s][info][gc,start       ] GC(308) Pause Young (Normal) (G1 Evacuation Pause)
[2341.831s][info][gc,task        ] GC(308) Using 8 workers of 8 for evacuation
[2341.975s][info][gc,phases      ] GC(308)   Pre Evacuate Collection Set: 0.31ms
[2341.975s][info][gc,phases      ] GC(308)   Merge Heap Roots: 0.67ms
[2341.975s][info][gc,phases      ] GC(308)   Evacuate Collection Set: 141.35ms
[2341.975s][info][gc,phases      ] GC(308)   Post Evacuate Collection Set: 1.09ms
[2341.975s][info][gc,phases      ] GC(308)   Other: 0.07ms
[2341.975s][info][gc,heap        ] GC(308) Eden regions: 571->0(571)
[2341.975s][info][gc,heap        ] GC(308) Survivor regions: 43->43(77)
[2341.975s][info][gc,heap        ] GC(308) Old regions: 235->241
[2341.975s][info][gc,heap        ] GC(308) Humongous regions: 33->33
[2341.975s][info][gc,metaspace   ] GC(308) Metaspace: 35816K(38080K)->35816K(38080K) NonClass: 26744K(27008K)->26744K(27008K) Class: 9071K(11072K)->9071K(11072K)
[2341.975s][info][gc             ] GC(308) Pause Young (Normal) (G1 Evacuation Pause) 7021M->2504M(8192M) 143.620ms
[2341.975s][info][gc,cpu         ] GC(308) User=1.13s Sys=0.00s Real=0.14s
...............[2357.377s][info][gc,start       ] GC(309) Pause Young (Normal) (G1 Evacuation Pause)
[2357.378s][info][gc,task        ] GC(309) Using 8 workers of 8 for evacuation
[2357.519s][info][gc,phases      ] GC(309)   Pre Evacuate Collection Set: 0.25ms
[2357.519s][info][gc,phases      ] GC(309)   Merge Heap Roots: 0.59ms
[2357.519s][info][gc,phases      ] GC(309)   Evacuate Collection Set: 139.95ms
[2357.519s][info][gc,phases      ] GC(309)   Post Evacuate Collection Set: 1.08ms
[2357.520s][info][gc,phases      ] GC(309)   Other: 0.06ms
[2357.520s][info][gc,heap        ] GC(309) Eden regions: 571->0(571)
[2357.520s][info][gc,heap        ] GC(309) Survivor regions: 43->43(77)
[2357.520s][info][gc,heap        ] GC(309) Old regions: 241->248
[2357.520s][info][gc,heap        ] GC(309) Humongous regions: 33->33
[2357.520s][info][gc,metaspace   ] GC(309) Metaspace: 35816K(38080K)->35816K(38080K) NonClass: 26744K(27008K)->26744K(27008K) Class: 9071K(11072K)->9071K(11072K)
[2357.520s][info][gc             ] GC(309) Pause Young (Normal) (G1 Evacuation Pause) 7072M->2563M(8192M) 142.072ms
[2357.520s][info][gc,cpu         ] GC(309) User=1.13s Sys=0.00s Real=0.14s
................[2372.845s][info][gc,start       ] GC(310) Pause Young (Normal) (G1 Evacuation Pause)
[2372.845s][info][gc,task        ] GC(310) Using 8 workers of 8 for evacuation
[2372.988s][info][gc,phases      ] GC(310)   Pre Evacuate Collection Set: 0.27ms
[2372.988s][info][gc,phases      ] GC(310)   Merge Heap Roots: 0.65ms
[2372.988s][info][gc,phases      ] GC(310)   Evacuate Collection Set: 140.78ms
[2372.988s][info][gc,phases      ] GC(310)   Post Evacuate Collection Set: 1.04ms
[2372.988s][info][gc,phases      ] GC(310)   Other: 0.08ms
[2372.988s][info][gc,heap        ] GC(310) Eden regions: 571->0(571)
[2372.988s][info][gc,heap        ] GC(310) Survivor regions: 43->43(77)
[2372.988s][info][gc,heap        ] GC(310) Old regions: 248->255
[2372.988s][info][gc,heap        ] GC(310) Humongous regions: 33->33
[2372.988s][info][gc,metaspace   ] GC(310) Metaspace: 35816K(38080K)->35816K(38080K) NonClass: 26744K(27008K)->26744K(27008K) Class: 9071K(11072K)->9071K(11072K)
[2372.988s][info][gc             ] GC(310) Pause Young (Normal) (G1 Evacuation Pause) 7131M->2619M(8192M) 142.967ms
[2372.988s][info][gc,cpu         ] GC(310) User=1.13s Sys=0.00s Real=0.15s
...............[2388.389s][info][gc,start       ] GC(311) Pause Young (Normal) (G1 Evacuation Pause)
[2388.389s][info][gc,task        ] GC(311) Using 8 workers of 8 for evacuation
[2388.532s][info][gc,phases      ] GC(311)   Pre Evacuate Collection Set: 0.29ms
[2388.532s][info][gc,phases      ] GC(311)   Merge Heap Roots: 0.60ms
[2388.532s][info][gc,phases      ] GC(311)   Evacuate Collection Set: 140.39ms
[2388.532s][info][gc,phases      ] GC(311)   Post Evacuate Collection Set: 1.07ms
[2388.532s][info][gc,phases      ] GC(311)   Other: 0.07ms
[2388.532s][info][gc,heap        ] GC(311) Eden regions: 571->0(571)
[2388.532s][info][gc,heap        ] GC(311) Survivor regions: 43->43(77)
[2388.532s][info][gc,heap        ] GC(311) Old regions: 255->262
[2388.532s][info][gc,heap        ] GC(311) Humongous regions: 33->33
[2388.532s][info][gc,metaspace   ] GC(311) Metaspace: 35816K(38080K)->35816K(38080K) NonClass: 26744K(27008K)->26744K(27008K) Class: 9071K(11072K)->9071K(11072K)
[2388.532s][info][gc             ] GC(311) Pause Young (Normal) (G1 Evacuation Pause) 7187M->2671M(8192M) 142.535ms
[2388.532s][info][gc,cpu         ] GC(311) User=1.12s Sys=0.00s Real=0.14s
..... (rIR:aIR:PR = 2491:2490:2490) (tPR = 36956) [OK] 
  2392s: Performance info:
         Transaction,    Success,    Partial,     Failed,   Receipts, AvgBarcode, 
             Overall,     149449,          0,          0,     141982,      59.48, 
         Response times:
             Request,    Success,    Partial,     Failed,   SkipFail,     Probes,    Samples,      min,      p50,      p90,      p95,      p99,      max, 
       TotalPurchase,     141982,          0,          0,          0,     138548,     151725,      300,     1800,     2900,     3200,     5300,   150000,
     InStorePurchase,      74708,          0,          0,          0,      73146,      80025,      400,     1800,     2900,     3100,     5100,   148000,
      OnlinePurchase,      52316,          0,          0,          0,      51072,      55800,      300,     1800,     2900,     3200,     6000,   150000,
        InstPurchase,      14958,          0,          0,          0,      14330,      15900,      400,     1700,     2900,     3200,     4800,   149000,
          AssocOfCat,        150,          0,          0,          0,        100,        130,    19600,    26000,    30900,    36000,   153170,   182000,
      AssocOfProduct,       1488,          0,          0,          0,       1347,       1636,      400,     2100,     3200,     3500,     5941,   154000,
      BusinessReport,        379,          0,          0,          0,        300,        389,    21000,    29000,    35000,    39000,    50500,   195000,
          CustBuyBeh,       1494,          0,          0,          0,       1334,       1609,      200,     1900,     2900,     3200,    15860,   153000,
       ProductReturn,       3956,          0,          0,          0,       3773,       4347,      200,     1900,     2900,     3100,     5652,    28000,

  2392s: (19%)   IR =   2629 .......|...[2403.250s][info][gc,start       ] GC(312) Pause Young (Normal) (G1 Evacuation Pause)
[2403.250s][info][gc,task        ] GC(312) Using 8 workers of 8 for evacuation
[2403.395s][info][gc,phases      ] GC(312)   Pre Evacuate Collection Set: 0.31ms
[2403.395s][info][gc,phases      ] GC(312)   Merge Heap Roots: 0.60ms
[2403.395s][info][gc,phases      ] GC(312)   Evacuate Collection Set: 143.32ms
[2403.395s][info][gc,phases      ] GC(312)   Post Evacuate Collection Set: 1.08ms
[2403.395s][info][gc,phases      ] GC(312)   Other: 0.08ms
[2403.395s][info][gc,heap        ] GC(312) Eden regions: 571->0(571)
[2403.395s][info][gc,heap        ] GC(312) Survivor regions: 43->43(77)
[2403.395s][info][gc,heap        ] GC(312) Old regions: 262->269
[2403.395s][info][gc,heap        ] GC(312) Humongous regions: 33->33
[2403.395s][info][gc,metaspace   ] GC(312) Metaspace: 35816K(38080K)->35816K(38080K) NonClass: 26744K(27008K)->26744K(27008K) Class: 9071K(11072K)->9071K(11072K)
[2403.395s][info][gc             ] GC(312) Pause Young (Normal) (G1 Evacuation Pause) 7239M->2730M(8192M) 145.540ms
[2403.395s][info][gc,cpu         ] GC(312) User=1.15s Sys=0.00s Real=0.14s
...............[2417.912s][info][gc,start       ] GC(313) Pause Young (Normal) (G1 Evacuation Pause)
[2417.913s][info][gc,task        ] GC(313) Using 8 workers of 8 for evacuation
[2418.055s][info][gc,phases      ] GC(313)   Pre Evacuate Collection Set: 0.26ms
[2418.055s][info][gc,phases      ] GC(313)   Merge Heap Roots: 0.59ms
[2418.055s][info][gc,phases      ] GC(313)   Evacuate Collection Set: 140.15ms
[2418.055s][info][gc,phases      ] GC(313)   Post Evacuate Collection Set: 1.06ms
[2418.055s][info][gc,phases      ] GC(313)   Other: 0.07ms
[2418.055s][info][gc,heap        ] GC(313) Eden regions: 571->0(572)
[2418.055s][info][gc,heap        ] GC(313) Survivor regions: 43->42(77)
[2418.055s][info][gc,heap        ] GC(313) Old regions: 269->276
[2418.055s][info][gc,heap        ] GC(313) Humongous regions: 33->33
[2418.055s][info][gc,metaspace   ] GC(313) Metaspace: 35816K(38080K)->35816K(38080K) NonClass: 26744K(27008K)->26744K(27008K) Class: 9071K(11072K)->9071K(11072K)
[2418.055s][info][gc             ] GC(313) Pause Young (Normal) (G1 Evacuation Pause) 7298M->2777M(8192M) 142.268ms
[2418.055s][info][gc,cpu         ] GC(313) User=1.13s Sys=0.00s Real=0.14s
..............[2432.614s][info][gc,start       ] GC(314) Pause Young (Normal) (G1 Evacuation Pause)
[2432.614s][info][gc,task        ] GC(314) Using 8 workers of 8 for evacuation
[2432.757s][info][gc,phases      ] GC(314)   Pre Evacuate Collection Set: 0.25ms
[2432.757s][info][gc,phases      ] GC(314)   Merge Heap Roots: 0.58ms
[2432.757s][info][gc,phases      ] GC(314)   Evacuate Collection Set: 141.03ms
[2432.757s][info][gc,phases      ] GC(314)   Post Evacuate Collection Set: 1.07ms
[2432.757s][info][gc,phases      ] GC(314)   Other: 0.07ms
[2432.757s][info][gc,heap        ] GC(314) Eden regions: 572->0(570)
[2432.757s][info][gc,heap        ] GC(314) Survivor regions: 42->43(77)
[2432.757s][info][gc,heap        ] GC(314) Old regions: 276->283
[2432.757s][info][gc,heap        ] GC(314) Humongous regions: 33->33
[2432.757s][info][gc,metaspace   ] GC(314) Metaspace: 35816K(38080K)->35816K(38080K) NonClass: 26744K(27008K)->26744K(27008K) Class: 9071K(11072K)->9071K(11072K)
[2432.757s][info][gc             ] GC(314) Pause Young (Normal) (G1 Evacuation Pause) 7353M->2835M(8192M) 143.143ms
[2432.757s][info][gc,cpu         ] GC(314) User=1.13s Sys=0.00s Real=0.15s
...............[2447.455s][info][gc,start       ] GC(315) Pause Young (Normal) (G1 Evacuation Pause)
[2447.455s][info][gc,task        ] GC(315) Using 8 workers of 8 for evacuation
[2447.599s][info][gc,phases      ] GC(315)   Pre Evacuate Collection Set: 0.30ms
[2447.599s][info][gc,phases      ] GC(315)   Merge Heap Roots: 0.66ms
[2447.599s][info][gc,phases      ] GC(315)   Evacuate Collection Set: 142.03ms
[2447.599s][info][gc,phases      ] GC(315)   Post Evacuate Collection Set: 1.11ms
[2447.599s][info][gc,phases      ] GC(315)   Other: 0.07ms
[2447.599s][info][gc,heap        ] GC(315) Eden regions: 570->0(563)
[2447.599s][info][gc,heap        ] GC(315) Survivor regions: 43->43(77)
[2447.599s][info][gc,heap        ] GC(315) Old regions: 283->290
[2447.599s][info][gc,heap        ] GC(315) Humongous regions: 33->33
[2447.599s][info][gc,metaspace   ] GC(315) Metaspace: 35816K(38080K)->35816K(38080K) NonClass: 26744K(27008K)->26744K(27008K) Class: 9071K(11072K)->9071K(11072K)
[2447.599s][info][gc             ] GC(315) Pause Young (Normal) (G1 Evacuation Pause) 7395M->2890M(8192M) 144.301ms
[2447.599s][info][gc,cpu         ] GC(315) User=1.14s Sys=0.00s Real=0.15s
............. (rIR:aIR:PR = 2629:2629:2629) (tPR = 39203) [OK] 
  2459s: Performance info:
         Transaction,    Success,    Partial,     Failed,   Receipts, AvgBarcode, 
             Overall,     157818,          0,          0,     149947,      59.48, 
         Response times:
             Request,    Success,    Partial,     Failed,   SkipFail,     Probes,    Samples,      min,      p50,      p90,      p95,      p99,      max, 
       TotalPurchase,     149949,          0,          0,          0,     146564,     165218,      300,     1900,     3000,     3300,     5400,   157000,
     InStorePurchase,      78925,          0,          0,          0,      77409,      86987,      300,     1900,     3000,     3300,     5400,   157000,
      OnlinePurchase,      55258,          0,          0,          0,      53860,      60709,      300,     1800,     3000,     3300,     5400,   157000,
        InstPurchase,      15766,          0,          0,          0,      15295,      17522,      400,     1900,     3100,     3400,     5600,   153000,
          AssocOfCat,        155,          0,          0,          0,        112,        180,    19500,    26000,    32000,    33000,    45380,    47000,
      AssocOfProduct,       1576,          0,          0,          0,       1434,       1783,      600,     2100,     3200,     3600,     9896,   152000,
      BusinessReport,        395,          0,          0,          0,        306,        410,    21000,    28000,    34000,    36450,    44670,   196000,
          CustBuyBeh,       1570,          0,          0,          0,       1413,       1767,      200,     1600,     2900,     3200,     4464,   148000,
       ProductReturn,       4174,          0,          0,          0,       3954,       4706,      200,     1600,     2900,     3200,     5400,   150000,

  2459s: (20%)   IR =   2767 .[2461.516s][info][gc,start       ] GC(316) Pause Young (Normal) (G1 Evacuation Pause)
[2461.516s][info][gc,task        ] GC(316) Using 8 workers of 8 for evacuation
[2461.657s][info][gc,phases      ] GC(316)   Pre Evacuate Collection Set: 0.24ms
[2461.657s][info][gc,phases      ] GC(316)   Merge Heap Roots: 0.60ms
[2461.657s][info][gc,phases      ] GC(316)   Evacuate Collection Set: 138.95ms
[2461.657s][info][gc,phases      ] GC(316)   Post Evacuate Collection Set: 1.04ms
[2461.657s][info][gc,phases      ] GC(316)   Other: 0.07ms
[2461.657s][info][gc,heap        ] GC(316) Eden regions: 563->0(558)
[2461.657s][info][gc,heap        ] GC(316) Survivor regions: 43->42(76)
[2461.657s][info][gc,heap        ] GC(316) Old regions: 290->297
[2461.657s][info][gc,heap        ] GC(316) Humongous regions: 33->33
[2461.657s][info][gc,metaspace   ] GC(316) Metaspace: 35816K(38080K)->35816K(38080K) NonClass: 26744K(27008K)->26744K(27008K) Class: 9071K(11072K)->9071K(11072K)
[2461.657s][info][gc             ] GC(316) Pause Young (Normal) (G1 Evacuation Pause) 7394M->2941M(8192M) 141.018ms
[2461.657s][info][gc,cpu         ] GC(316) User=1.12s Sys=0.00s Real=0.14s
...|...........[2475.171s][info][gc,start       ] GC(317) Pause Young (Concurrent Start) (G1 Evacuation Pause)
[2475.171s][info][gc,task        ] GC(317) Using 8 workers of 8 for evacuation
[2475.311s][info][gc,phases      ] GC(317)   Pre Evacuate Collection Set: 0.30ms
[2475.311s][info][gc,phases      ] GC(317)   Merge Heap Roots: 0.54ms
[2475.311s][info][gc,phases      ] GC(317)   Evacuate Collection Set: 138.34ms
[2475.311s][info][gc,phases      ] GC(317)   Post Evacuate Collection Set: 1.03ms
[2475.311s][info][gc,phases      ] GC(317)   Other: 0.10ms
[2475.311s][info][gc,heap        ] GC(317) Eden regions: 558->0(553)
[2475.311s][info][gc,heap        ] GC(317) Survivor regions: 42->41(75)
[2475.311s][info][gc,heap        ] GC(317) Old regions: 297->304
[2475.311s][info][gc,heap        ] GC(317) Humongous regions: 33->33
[2475.311s][info][gc,metaspace   ] GC(317) Metaspace: 35816K(38080K)->35816K(38080K) NonClass: 26744K(27008K)->26744K(27008K) Class: 9071K(11072K)->9071K(11072K)
[2475.311s][info][gc             ] GC(317) Pause Young (Concurrent Start) (G1 Evacuation Pause) 7405M->2992M(8192M) 140.436ms
[2475.312s][info][gc             ] GC(318) Concurrent Mark Cycle
[2475.312s][info][gc,marking     ] GC(318) Concurrent Scan Root Regions
[2475.312s][info][gc,cpu         ] GC(317) User=1.11s Sys=0.00s Real=0.14s
[2475.488s][info][gc,marking     ] GC(318) Concurrent Scan Root Regions 176.395ms
[2475.488s][info][gc,marking     ] GC(318) Concurrent Mark
[2475.488s][info][gc,marking     ] GC(318) Concurrent Mark From Roots
[2475.488s][info][gc,task        ] GC(318) Using 2 workers of 2 for marking
.[2475.965s][info][gc,marking     ] GC(318) Concurrent Mark From Roots 477.176ms
[2475.965s][info][gc,marking     ] GC(318) Concurrent Preclean
[2475.965s][info][gc,marking     ] GC(318) Concurrent Preclean 0.110ms
[2475.965s][info][gc,start       ] GC(318) Pause Remark
[2475.967s][info][gc             ] GC(318) Pause Remark 3252M->2604M(8192M) 1.715ms
[2475.967s][info][gc,cpu         ] GC(318) User=0.00s Sys=0.00s Real=0.01s
[2475.967s][info][gc,marking     ] GC(318) Concurrent Mark 479.273ms
[2475.967s][info][gc,marking     ] GC(318) Concurrent Rebuild Remembered Sets and Scrub Regions
[2476.292s][info][gc,marking     ] GC(318) Concurrent Rebuild Remembered Sets and Scrub Regions 324.721ms
[2476.292s][info][gc,start       ] GC(318) Pause Cleanup
[2476.292s][info][gc             ] GC(318) Pause Cleanup 2709M->2709M(8192M) 0.238ms
[2476.292s][info][gc,cpu         ] GC(318) User=0.00s Sys=0.00s Real=0.00s
[2476.292s][info][gc,marking     ] GC(318) Concurrent Clear Claimed Marks
[2476.292s][info][gc,marking     ] GC(318) Concurrent Clear Claimed Marks 0.045ms
[2476.292s][info][gc,marking     ] GC(318) Concurrent Cleanup for Next Mark
[2476.301s][info][gc,marking     ] GC(318) Concurrent Cleanup for Next Mark 8.852ms
[2476.301s][info][gc             ] GC(318) Concurrent Mark Cycle 989.905ms
............[2488.687s][info][gc,start       ] GC(319) Pause Young (Prepare Mixed) (G1 Evacuation Pause)
[2488.687s][info][gc,task        ] GC(319) Using 8 workers of 8 for evacuation
[2488.827s][info][gc,phases      ] GC(319)   Pre Evacuate Collection Set: 0.27ms
[2488.827s][info][gc,phases      ] GC(319)   Merge Heap Roots: 0.73ms
[2488.827s][info][gc,phases      ] GC(319)   Evacuate Collection Set: 137.87ms
[2488.827s][info][gc,phases      ] GC(319)   Post Evacuate Collection Set: 1.10ms
[2488.827s][info][gc,phases      ] GC(319)   Other: 0.07ms
[2488.827s][info][gc,heap        ] GC(319) Eden regions: 553->0(572)
[2488.827s][info][gc,heap        ] GC(319) Survivor regions: 41->42(75)
[2488.827s][info][gc,heap        ] GC(319) Old regions: 223->230
[2488.827s][info][gc,heap        ] GC(319) Humongous regions: 33->33
[2488.827s][info][gc,metaspace   ] GC(319) Metaspace: 35816K(38080K)->35816K(38080K) NonClass: 26744K(27008K)->26744K(27008K) Class: 9071K(11072K)->9071K(11072K)
[2488.827s][info][gc             ] GC(319) Pause Young (Prepare Mixed) (G1 Evacuation Pause) 6768M->2408M(8192M) 140.175ms
[2488.827s][info][gc,cpu         ] GC(319) User=1.10s Sys=0.00s Real=0.14s
..............[2502.724s][info][gc,start       ] GC(320) Pause Young (Mixed) (G1 Evacuation Pause)
[2502.724s][info][gc,task        ] GC(320) Using 8 workers of 8 for evacuation
[2502.876s][info][gc,phases      ] GC(320)   Pre Evacuate Collection Set: 0.28ms
[2502.876s][info][gc,phases      ] GC(320)   Merge Heap Roots: 1.01ms
[2502.876s][info][gc,phases      ] GC(320)   Evacuate Collection Set: 149.26ms
[2502.876s][info][gc,phases      ] GC(320)   Post Evacuate Collection Set: 1.21ms
[2502.876s][info][gc,phases      ] GC(320)   Other: 0.08ms
[2502.876s][info][gc,heap        ] GC(320) Eden regions: 572->0(572)
[2502.876s][info][gc,heap        ] GC(320) Survivor regions: 42->42(77)
[2502.876s][info][gc,heap        ] GC(320) Old regions: 230->136
[2502.876s][info][gc,heap        ] GC(320) Humongous regions: 33->33
[2502.876s][info][gc,metaspace   ] GC(320) Metaspace: 35816K(38080K)->35816K(38080K) NonClass: 26744K(27008K)->26744K(27008K) Class: 9071K(11072K)->9071K(11072K)
[2502.876s][info][gc             ] GC(320) Pause Young (Mixed) (G1 Evacuation Pause) 6984M->1659M(8192M) 151.982ms
[2502.876s][info][gc,cpu         ] GC(320) User=1.20s Sys=0.00s Real=0.15s
..............[2516.657s][info][gc,start       ] GC(321) Pause Young (Mixed) (G1 Evacuation Pause)
[2516.657s][info][gc,task        ] GC(321) Using 8 workers of 8 for evacuation
[2516.801s][info][gc,phases      ] GC(321)   Pre Evacuate Collection Set: 0.24ms
[2516.801s][info][gc,phases      ] GC(321)   Merge Heap Roots: 0.62ms
[2516.801s][info][gc,phases      ] GC(321)   Evacuate Collection Set: 141.70ms
[2516.801s][info][gc,phases      ] GC(321)   Post Evacuate Collection Set: 1.08ms
[2516.801s][info][gc,phases      ] GC(321)   Other: 0.07ms
[2516.801s][info][gc,heap        ] GC(321) Eden regions: 572->0(571)
[2516.801s][info][gc,heap        ] GC(321) Survivor regions: 42->43(77)
[2516.801s][info][gc,heap        ] GC(321) Old regions: 136->141
[2516.801s][info][gc,heap        ] GC(321) Humongous regions: 33->33
[2516.801s][info][gc,metaspace   ] GC(321) Metaspace: 35816K(38080K)->35816K(38080K) NonClass: 26744K(27008K)->26744K(27008K) Class: 9071K(11072K)->9071K(11072K)
[2516.801s][info][gc             ] GC(321) Pause Young (Mixed) (G1 Evacuation Pause) 6235M->1704M(8192M) 143.858ms
[2516.801s][info][gc,cpu         ] GC(321) User=1.13s Sys=0.00s Real=0.14s
........ (rIR:aIR:PR = 2767:2764:2764) (tPR = 41002) [OK] 
  2523s: Performance info:
         Transaction,    Success,    Partial,     Failed,   Receipts, AvgBarcode, 
             Overall,     165910,          0,          0,     157600,      59.47, 
         Response times:
             Request,    Success,    Partial,     Failed,   SkipFail,     Probes,    Samples,      min,      p50,      p90,      p95,      p99,      max, 
       TotalPurchase,     157600,          0,          0,          0,     154154,     166019,      300,     1900,     3200,     3500,     7900,   157000,
     InStorePurchase,      82920,          0,          0,          0,      81210,      87107,      400,     2000,     3200,     3500,     8292,   157000,
      OnlinePurchase,      58108,          0,          0,          0,      56806,      61181,      300,     1900,     3200,     3500,     7500,   157000,
        InstPurchase,      16572,          0,          0,          0,      16138,      17731,      400,     1900,     3200,     3500,     6900,   157000,
          AssocOfCat,        169,          0,          0,          0,        132,        186,    18100,    27000,    32000,    37000,    50470,    67000,
      AssocOfProduct,       1656,          0,          0,          0,       1474,       1732,      900,     2500,     3600,     3900,     8906,   144000,
      BusinessReport,        416,          0,          0,          0,        333,        439,    21000,    29000,    38000,    48000,   130000,   208000,
          CustBuyBeh,       1664,          0,          0,          0,       1470,       1728,      200,     1800,     3000,     3400,     8517,   146000,
       ProductReturn,       4405,          0,          0,          0,       4110,       4653,      200,     1800,     3100,     3400,     6500,   145000,

  2523s: (21%)   IR =   2906 ....|..[2530.398s][info][gc,start       ] GC(322) Pause Young (Normal) (G1 Evacuation Pause)
[2530.398s][info][gc,task        ] GC(322) Using 8 workers of 8 for evacuation
[2530.539s][info][gc,phases      ] GC(322)   Pre Evacuate Collection Set: 0.25ms
[2530.539s][info][gc,phases      ] GC(322)   Merge Heap Roots: 0.60ms
[2530.539s][info][gc,phases      ] GC(322)   Evacuate Collection Set: 139.67ms
[2530.539s][info][gc,phases      ] GC(322)   Post Evacuate Collection Set: 1.01ms
[2530.539s][info][gc,phases      ] GC(322)   Other: 0.08ms
[2530.539s][info][gc,heap        ] GC(322) Eden regions: 571->0(571)
[2530.539s][info][gc,heap        ] GC(322) Survivor regions: 43->43(77)
[2530.539s][info][gc,heap        ] GC(322) Old regions: 141->148
[2530.539s][info][gc,heap        ] GC(322) Humongous regions: 33->33
[2530.539s][info][gc,metaspace   ] GC(322) Metaspace: 35816K(38080K)->35816K(38080K) NonClass: 26744K(27008K)->26744K(27008K) Class: 9071K(11072K)->9071K(11072K)
[2530.539s][info][gc             ] GC(322) Pause Young (Normal) (G1 Evacuation Pause) 6272M->1764M(8192M) 141.760ms
[2530.539s][info][gc,cpu         ] GC(322) User=1.12s Sys=0.00s Real=0.14s
.............[2543.593s][info][gc,start       ] GC(323) Pause Young (Normal) (G1 Evacuation Pause)
[2543.593s][info][gc,task        ] GC(323) Using 8 workers of 8 for evacuation
[2543.737s][info][gc,phases      ] GC(323)   Pre Evacuate Collection Set: 0.29ms
[2543.737s][info][gc,phases      ] GC(323)   Merge Heap Roots: 0.52ms
[2543.737s][info][gc,phases      ] GC(323)   Evacuate Collection Set: 141.56ms
[2543.737s][info][gc,phases      ] GC(323)   Post Evacuate Collection Set: 1.05ms
[2543.737s][info][gc,phases      ] GC(323)   Other: 0.06ms
[2543.737s][info][gc,heap        ] GC(323) Eden regions: 571->0(571)
[2543.737s][info][gc,heap        ] GC(323) Survivor regions: 43->43(77)
[2543.737s][info][gc,heap        ] GC(323) Old regions: 148->155
[2543.737s][info][gc,heap        ] GC(323) Humongous regions: 33->33
[2543.737s][info][gc,metaspace   ] GC(323) Metaspace: 35816K(38080K)->35816K(38080K) NonClass: 26744K(27008K)->26744K(27008K) Class: 9071K(11072K)->9071K(11072K)
[2543.737s][info][gc             ] GC(323) Pause Young (Normal) (G1 Evacuation Pause) 6332M->1820M(8192M) 143.603ms
[2543.737s][info][gc,cpu         ] GC(323) User=1.14s Sys=0.00s Real=0.14s
.............[2556.915s][info][gc,start       ] GC(324) Pause Young (Normal) (G1 Evacuation Pause)
[2556.915s][info][gc,task        ] GC(324) Using 8 workers of 8 for evacuation
[2557.060s][info][gc,phases      ] GC(324)   Pre Evacuate Collection Set: 0.30ms
[2557.060s][info][gc,phases      ] GC(324)   Merge Heap Roots: 0.62ms
[2557.060s][info][gc,phases      ] GC(324)   Evacuate Collection Set: 142.19ms
[2557.060s][info][gc,phases      ] GC(324)   Post Evacuate Collection Set: 1.04ms
[2557.060s][info][gc,phases      ] GC(324)   Other: 0.50ms
[2557.060s][info][gc,heap        ] GC(324) Eden regions: 571->0(572)
[2557.060s][info][gc,heap        ] GC(324) Survivor regions: 43->42(77)
[2557.060s][info][gc,heap        ] GC(324) Old regions: 155->162
[2557.060s][info][gc,heap        ] GC(324) Humongous regions: 33->33
[2557.060s][info][gc,metaspace   ] GC(324) Metaspace: 35816K(38080K)->35816K(38080K) NonClass: 26744K(27008K)->26744K(27008K) Class: 9071K(11072K)->9071K(11072K)
[2557.060s][info][gc             ] GC(324) Pause Young (Normal) (G1 Evacuation Pause) 6388M->1868M(8192M) 144.806ms
[2557.060s][info][gc,cpu         ] GC(324) User=1.14s Sys=0.00s Real=0.15s
..............[2570.280s][info][gc,start       ] GC(325) Pause Young (Normal) (G1 Evacuation Pause)
[2570.280s][info][gc,task        ] GC(325) Using 8 workers of 8 for evacuation
[2570.423s][info][gc,phases      ] GC(325)   Pre Evacuate Collection Set: 0.30ms
[2570.423s][info][gc,phases      ] GC(325)   Merge Heap Roots: 0.68ms
[2570.423s][info][gc,phases      ] GC(325)   Evacuate Collection Set: 141.46ms
[2570.423s][info][gc,phases      ] GC(325)   Post Evacuate Collection Set: 1.05ms
[2570.423s][info][gc,phases      ] GC(325)   Other: 0.07ms
[2570.424s][info][gc,heap        ] GC(325) Eden regions: 572->0(571)
[2570.424s][info][gc,heap        ] GC(325) Survivor regions: 42->43(77)
[2570.424s][info][gc,heap        ] GC(325) Old regions: 162->169
[2570.424s][info][gc,heap        ] GC(325) Humongous regions: 33->33
[2570.424s][info][gc,metaspace   ] GC(325) Metaspace: 35816K(38080K)->35816K(38080K) NonClass: 26744K(27008K)->26744K(27008K) Class: 9071K(11072K)->9071K(11072K)
[2570.424s][info][gc             ] GC(325) Pause Young (Normal) (G1 Evacuation Pause) 6444M->1926M(8192M) 143.682ms
[2570.424s][info][gc,cpu         ] GC(325) User=1.13s Sys=0.00s Real=0.14s
.............[2583.492s][info][gc,start       ] GC(326) Pause Young (Normal) (G1 Evacuation Pause)
[2583.493s][info][gc,task        ] GC(326) Using 8 workers of 8 for evacuation
[2583.635s][info][gc,phases      ] GC(326)   Pre Evacuate Collection Set: 0.27ms
[2583.635s][info][gc,phases      ] GC(326)   Merge Heap Roots: 0.60ms
[2583.635s][info][gc,phases      ] GC(326)   Evacuate Collection Set: 140.80ms
[2583.635s][info][gc,phases      ] GC(326)   Post Evacuate Collection Set: 1.03ms
[2583.635s][info][gc,phases      ] GC(326)   Other: 0.09ms
[2583.635s][info][gc,heap        ] GC(326) Eden regions: 571->0(571)
[2583.635s][info][gc,heap        ] GC(326) Survivor regions: 43->43(77)
[2583.635s][info][gc,heap        ] GC(326) Old regions: 169->176
[2583.635s][info][gc,heap        ] GC(326) Humongous regions: 33->33
[2583.635s][info][gc,metaspace   ] GC(326) Metaspace: 35816K(38080K)->35816K(38080K) NonClass: 26744K(27008K)->26744K(27008K) Class: 9071K(11072K)->9071K(11072K)
[2583.635s][info][gc             ] GC(326) Pause Young (Normal) (G1 Evacuation Pause) 6494M->1981M(8192M) 142.949ms
[2583.635s][info][gc,cpu         ] GC(326) User=1.13s Sys=0.00s Real=0.14s
..... (rIR:aIR:PR = 2906:2908:2908) (tPR = 43307) [OK] 
  2587s: Performance info:
         Transaction,    Success,    Partial,     Failed,   Receipts, AvgBarcode, 
             Overall,     174818,          0,          0,     166084,      59.47, 
         Response times:
             Request,    Success,    Partial,     Failed,   SkipFail,     Probes,    Samples,      min,      p50,      p90,      p95,      p99,      max, 
       TotalPurchase,     166081,          0,          0,          0,     161634,     174443,      300,     2000,     3300,     3700,     8400,   151000,
     InStorePurchase,      87371,          0,          0,          0,      85225,      91690,      400,     2000,     3300,     3700,     8300,   151000,
      OnlinePurchase,      61188,          0,          0,          0,      59702,      64518,      300,     2100,     3400,     3700,     9181,   151000,
        InstPurchase,      17522,          0,          0,          0,      16707,      18235,      500,     2000,     3400,     3700,     7064,   151000,
          AssocOfCat,        176,          0,          0,          0,        127,        169,    21000,    27000,    32000,    37000,    94900,   195000,
      AssocOfProduct,       1743,          0,          0,          0,       1586,       1890,      700,     2500,     3600,     4000,    13300,    47000,
      BusinessReport,        439,          0,          0,          0,        358,        473,    22000,    29000,    38000,    45300,   105560,   177000,
          CustBuyBeh,       1742,          0,          0,          0,       1581,       1876,      200,     1600,     3100,     3400,     4823,    55000,
       ProductReturn,       4634,          0,          0,          0,       4329,       4869,      200,     1700,     3200,     3600,     6600,    71000,

  2587s: (22%)   IR =   3044 .....|...[2596.438s][info][gc,start       ] GC(327) Pause Young (Normal) (G1 Evacuation Pause)
[2596.438s][info][gc,task        ] GC(327) Using 8 workers of 8 for evacuation
[2596.581s][info][gc,phases      ] GC(327)   Pre Evacuate Collection Set: 0.25ms
[2596.581s][info][gc,phases      ] GC(327)   Merge Heap Roots: 0.53ms
[2596.581s][info][gc,phases      ] GC(327)   Evacuate Collection Set: 140.89ms
[2596.581s][info][gc,phases      ] GC(327)   Post Evacuate Collection Set: 1.04ms
[2596.581s][info][gc,phases      ] GC(327)   Other: 0.07ms
[2596.581s][info][gc,heap        ] GC(327) Eden regions: 571->0(571)
[2596.581s][info][gc,heap        ] GC(327) Survivor regions: 43->43(77)
[2596.581s][info][gc,heap        ] GC(327) Old regions: 176->183
[2596.581s][info][gc,heap        ] GC(327) Humongous regions: 33->33
[2596.581s][info][gc,metaspace   ] GC(327) Metaspace: 35816K(38080K)->35816K(38080K) NonClass: 26744K(27008K)->26744K(27008K) Class: 9071K(11072K)->9071K(11072K)
[2596.581s][info][gc             ] GC(327) Pause Young (Normal) (G1 Evacuation Pause) 6549M->2038M(8192M) 142.942ms
[2596.581s][info][gc,cpu         ] GC(327) User=1.13s Sys=0.00s Real=0.14s
............[2609.090s][info][gc,start       ] GC(328) Pause Young (Normal) (G1 Evacuation Pause)
[2609.090s][info][gc,task        ] GC(328) Using 8 workers of 8 for evacuation
[2609.231s][info][gc,phases      ] GC(328)   Pre Evacuate Collection Set: 0.26ms
[2609.231s][info][gc,phases      ] GC(328)   Merge Heap Roots: 0.63ms
[2609.231s][info][gc,phases      ] GC(328)   Evacuate Collection Set: 138.87ms
[2609.231s][info][gc,phases      ] GC(328)   Post Evacuate Collection Set: 1.05ms
[2609.231s][info][gc,phases      ] GC(328)   Other: 0.07ms
[2609.231s][info][gc,heap        ] GC(328) Eden regions: 571->0(571)
[2609.231s][info][gc,heap        ] GC(328) Survivor regions: 43->43(77)
[2609.231s][info][gc,heap        ] GC(328) Old regions: 183->190
[2609.231s][info][gc,heap        ] GC(328) Humongous regions: 33->33
[2609.231s][info][gc,metaspace   ] GC(328) Metaspace: 35816K(38080K)->35816K(38080K) NonClass: 26744K(27008K)->26744K(27008K) Class: 9071K(11072K)->9071K(11072K)
[2609.231s][info][gc             ] GC(328) Pause Young (Normal) (G1 Evacuation Pause) 6606M->2097M(8192M) 141.023ms
[2609.231s][info][gc,cpu         ] GC(328) User=1.11s Sys=0.00s Real=0.14s
.............[2621.741s][info][gc,start       ] GC(329) Pause Young (Normal) (G1 Evacuation Pause)
[2621.741s][info][gc,task        ] GC(329) Using 8 workers of 8 for evacuation
[2621.884s][info][gc,phases      ] GC(329)   Pre Evacuate Collection Set: 0.25ms
[2621.884s][info][gc,phases      ] GC(329)   Merge Heap Roots: 0.53ms
[2621.884s][info][gc,phases      ] GC(329)   Evacuate Collection Set: 141.58ms
[2621.884s][info][gc,phases      ] GC(329)   Post Evacuate Collection Set: 1.07ms
[2621.884s][info][gc,phases      ] GC(329)   Other: 0.08ms
[2621.884s][info][gc,heap        ] GC(329) Eden regions: 571->0(571)
[2621.884s][info][gc,heap        ] GC(329) Survivor regions: 43->43(77)
[2621.884s][info][gc,heap        ] GC(329) Old regions: 190->197
[2621.885s][info][gc,heap        ] GC(329) Humongous regions: 33->33
[2621.885s][info][gc,metaspace   ] GC(329) Metaspace: 35816K(38080K)->35816K(38080K) NonClass: 26744K(27008K)->26744K(27008K) Class: 9071K(11072K)->9071K(11072K)
[2621.885s][info][gc             ] GC(329) Pause Young (Normal) (G1 Evacuation Pause) 6665M->2149M(8192M) 143.644ms
[2621.885s][info][gc,cpu         ] GC(329) User=1.14s Sys=0.00s Real=0.14s
.............[2634.434s][info][gc,start       ] GC(330) Pause Young (Normal) (G1 Evacuation Pause)
[2634.434s][info][gc,task        ] GC(330) Using 8 workers of 8 for evacuation
[2634.580s][info][gc,phases      ] GC(330)   Pre Evacuate Collection Set: 0.28ms
[2634.580s][info][gc,phases      ] GC(330)   Merge Heap Roots: 0.54ms
[2634.580s][info][gc,phases      ] GC(330)   Evacuate Collection Set: 143.69ms
[2634.580s][info][gc,phases      ] GC(330)   Post Evacuate Collection Set: 1.04ms
[2634.580s][info][gc,phases      ] GC(330)   Other: 0.06ms
[2634.580s][info][gc,heap        ] GC(330) Eden regions: 571->0(571)
[2634.580s][info][gc,heap        ] GC(330) Survivor regions: 43->43(77)
[2634.580s][info][gc,heap        ] GC(330) Old regions: 197->204
[2634.580s][info][gc,heap        ] GC(330) Humongous regions: 33->33
[2634.580s][info][gc,metaspace   ] GC(330) Metaspace: 35816K(38080K)->35816K(38080K) NonClass: 26744K(27008K)->26744K(27008K) Class: 9071K(11072K)->9071K(11072K)
[2634.580s][info][gc             ] GC(330) Pause Young (Normal) (G1 Evacuation Pause) 6717M->2206M(8192M) 145.731ms
[2634.580s][info][gc,cpu         ] GC(330) User=1.15s Sys=0.00s Real=0.15s
............[2647.091s][info][gc,start       ] GC(331) Pause Young (Normal) (G1 Evacuation Pause)
[2647.091s][info][gc,task        ] GC(331) Using 8 workers of 8 for evacuation
[2647.231s][info][gc,phases      ] GC(331)   Pre Evacuate Collection Set: 0.28ms
[2647.231s][info][gc,phases      ] GC(331)   Merge Heap Roots: 0.59ms
[2647.231s][info][gc,phases      ] GC(331)   Evacuate Collection Set: 138.07ms
[2647.231s][info][gc,phases      ] GC(331)   Post Evacuate Collection Set: 1.05ms
[2647.231s][info][gc,phases      ] GC(331)   Other: 0.09ms
[2647.231s][info][gc,heap        ] GC(331) Eden regions: 571->0(573)
[2647.231s][info][gc,heap        ] GC(331) Survivor regions: 43->41(77)
[2647.231s][info][gc,heap        ] GC(331) Old regions: 204->211
[2647.231s][info][gc,heap        ] GC(331) Humongous regions: 33->33
[2647.231s][info][gc,metaspace   ] GC(331) Metaspace: 35816K(38080K)->35816K(38080K) NonClass: 26744K(27008K)->26744K(27008K) Class: 9071K(11072K)->9071K(11072K)
[2647.231s][info][gc             ] GC(331) Pause Young (Normal) (G1 Evacuation Pause) 6774M->2246M(8192M) 140.198ms
[2647.231s][info][gc,cpu         ] GC(331) User=1.11s Sys=0.00s Real=0.14s
....... (rIR:aIR:PR = 3044:3044:3044) (tPR = 45173) [OK] 
  2653s: Performance info:
         Transaction,    Success,    Partial,     Failed,   Receipts, AvgBarcode, 
             Overall,     183089,          0,          0,     173949,      59.47, 
         Response times:
             Request,    Success,    Partial,     Failed,   SkipFail,     Probes,    Samples,      min,      p50,      p90,      p95,      p99,      max, 
       TotalPurchase,     173949,          0,          0,          0,     169621,     186011,      300,     2100,     3500,     3800,     6900,   152000,
     InStorePurchase,      91652,          0,          0,          0,      89710,      98193,      400,     2100,     3500,     3800,     7600,   152000,
      OnlinePurchase,      64021,          0,          0,          0,      62338,      68253,      300,     2100,     3500,     3800,     6500,   152000,
        InstPurchase,      18276,          0,          0,          0,      17573,      19565,      400,     2000,     3500,     3800,     6034,   152000,
          AssocOfCat,        184,          0,          0,          0,        134,        190,    18900,    28000,    36000,    40000,    51270,    54000,
      AssocOfProduct,       1822,          0,          0,          0,       1661,       1970,      400,     1000,     3400,     3700,     4558,   147000,
      BusinessReport,        456,          0,          0,          0,        363,        490,    22000,    30000,    37000,    43900,    64090,   188000,
          CustBuyBeh,       1830,          0,          0,          0,       1649,       1943,      200,     2000,     3300,     3700,     5800,   147000,
       ProductReturn,       4848,          0,          0,          0,       4529,       5206,      200,     2000,     3400,     3700,     7800,   148000,

  2653s: (23%)   IR =   3183 ....|..[2659.600s][info][gc,start       ] GC(332) Pause Young (Normal) (G1 Evacuation Pause)
[2659.601s][info][gc,task        ] GC(332) Using 8 workers of 8 for evacuation
[2659.742s][info][gc,phases      ] GC(332)   Pre Evacuate Collection Set: 0.26ms
[2659.742s][info][gc,phases      ] GC(332)   Merge Heap Roots: 0.56ms
[2659.742s][info][gc,phases      ] GC(332)   Evacuate Collection Set: 139.63ms
[2659.742s][info][gc,phases      ] GC(332)   Post Evacuate Collection Set: 1.10ms
[2659.742s][info][gc,phases      ] GC(332)   Other: 0.08ms
[2659.742s][info][gc,heap        ] GC(332) Eden regions: 573->0(571)
[2659.742s][info][gc,heap        ] GC(332) Survivor regions: 41->43(77)
[2659.742s][info][gc,heap        ] GC(332) Old regions: 211->218
[2659.742s][info][gc,heap        ] GC(332) Humongous regions: 33->33
[2659.742s][info][gc,metaspace   ] GC(332) Metaspace: 35817K(38080K)->35817K(38080K) NonClass: 26745K(27008K)->26745K(27008K) Class: 9071K(11072K)->9071K(11072K)
[2659.742s][info][gc             ] GC(332) Pause Young (Normal) (G1 Evacuation Pause) 6830M->2313M(8192M) 141.763ms
[2659.742s][info][gc,cpu         ] GC(332) User=1.13s Sys=0.00s Real=0.14s
............[2671.652s][info][gc,start       ] GC(333) Pause Young (Normal) (G1 Evacuation Pause)
[2671.652s][info][gc,task        ] GC(333) Using 8 workers of 8 for evacuation
[2671.794s][info][gc,phases      ] GC(333)   Pre Evacuate Collection Set: 0.26ms
[2671.794s][info][gc,phases      ] GC(333)   Merge Heap Roots: 0.53ms
[2671.794s][info][gc,phases      ] GC(333)   Evacuate Collection Set: 140.41ms
[2671.794s][info][gc,phases      ] GC(333)   Post Evacuate Collection Set: 1.05ms
[2671.794s][info][gc,phases      ] GC(333)   Other: 0.06ms
[2671.794s][info][gc,heap        ] GC(333) Eden regions: 571->0(571)
[2671.794s][info][gc,heap        ] GC(333) Survivor regions: 43->43(77)
[2671.794s][info][gc,heap        ] GC(333) Old regions: 218->224
[2671.794s][info][gc,heap        ] GC(333) Humongous regions: 33->33
[2671.794s][info][gc,metaspace   ] GC(333) Metaspace: 35817K(38080K)->35817K(38080K) NonClass: 26745K(27008K)->26745K(27008K) Class: 9071K(11072K)->9071K(11072K)
[2671.794s][info][gc             ] GC(333) Pause Young (Normal) (G1 Evacuation Pause) 6881M->2367M(8192M) 142.466ms
[2671.794s][info][gc,cpu         ] GC(333) User=1.13s Sys=0.00s Real=0.14s
............[2683.782s][info][gc,start       ] GC(334) Pause Young (Normal) (G1 Evacuation Pause)
[2683.782s][info][gc,task        ] GC(334) Using 8 workers of 8 for evacuation
[2683.927s][info][gc,phases      ] GC(334)   Pre Evacuate Collection Set: 0.25ms
[2683.927s][info][gc,phases      ] GC(334)   Merge Heap Roots: 0.55ms
[2683.927s][info][gc,phases      ] GC(334)   Evacuate Collection Set: 142.69ms
[2683.927s][info][gc,phases      ] GC(334)   Post Evacuate Collection Set: 1.07ms
[2683.927s][info][gc,phases      ] GC(334)   Other: 0.06ms
[2683.927s][info][gc,heap        ] GC(334) Eden regions: 571->0(571)
[2683.927s][info][gc,heap        ] GC(334) Survivor regions: 43->43(77)
[2683.927s][info][gc,heap        ] GC(334) Old regions: 224->231
[2683.927s][info][gc,heap        ] GC(334) Humongous regions: 33->33
[2683.927s][info][gc,metaspace   ] GC(334) Metaspace: 35817K(38080K)->35817K(38080K) NonClass: 26745K(27008K)->26745K(27008K) Class: 9071K(11072K)->9071K(11072K)
[2683.927s][info][gc             ] GC(334) Pause Young (Normal) (G1 Evacuation Pause) 6935M->2424M(8192M) 144.737ms
[2683.927s][info][gc,cpu         ] GC(334) User=1.14s Sys=0.00s Real=0.14s
............[2695.912s][info][gc,start       ] GC(335) Pause Young (Normal) (G1 Evacuation Pause)
[2695.912s][info][gc,task        ] GC(335) Using 8 workers of 8 for evacuation
[2696.056s][info][gc,phases      ] GC(335)   Pre Evacuate Collection Set: 0.25ms
[2696.056s][info][gc,phases      ] GC(335)   Merge Heap Roots: 0.64ms
[2696.056s][info][gc,phases      ] GC(335)   Evacuate Collection Set: 142.62ms
[2696.056s][info][gc,phases      ] GC(335)   Post Evacuate Collection Set: 1.05ms
[2696.056s][info][gc,phases      ] GC(335)   Other: 0.06ms
[2696.056s][info][gc,heap        ] GC(335) Eden regions: 571->0(571)
[2696.056s][info][gc,heap        ] GC(335) Survivor regions: 43->43(77)
[2696.056s][info][gc,heap        ] GC(335) Old regions: 231->238
[2696.056s][info][gc,heap        ] GC(335) Humongous regions: 33->33
[2696.056s][info][gc,metaspace   ] GC(335) Metaspace: 35817K(38080K)->35817K(38080K) NonClass: 26745K(27008K)->26745K(27008K) Class: 9071K(11072K)->9071K(11072K)
[2696.056s][info][gc             ] GC(335) Pause Young (Normal) (G1 Evacuation Pause) 6992M->2479M(8192M) 144.768ms
[2696.056s][info][gc,cpu         ] GC(335) User=1.14s Sys=0.00s Real=0.14s
............[2708.124s][info][gc,start       ] GC(336) Pause Young (Normal) (G1 Evacuation Pause)
[2708.124s][info][gc,task        ] GC(336) Using 8 workers of 8 for evacuation
[2708.265s][info][gc,phases      ] GC(336)   Pre Evacuate Collection Set: 0.27ms
[2708.265s][info][gc,phases      ] GC(336)   Merge Heap Roots: 0.61ms
[2708.265s][info][gc,phases      ] GC(336)   Evacuate Collection Set: 139.00ms
[2708.265s][info][gc,phases      ] GC(336)   Post Evacuate Collection Set: 1.04ms
[2708.265s][info][gc,phases      ] GC(336)   Other: 0.07ms
[2708.265s][info][gc,heap        ] GC(336) Eden regions: 571->0(572)
[2708.265s][info][gc,heap        ] GC(336) Survivor regions: 43->42(77)
[2708.265s][info][gc,heap        ] GC(336) Old regions: 238->245
[2708.265s][info][gc,heap        ] GC(336) Humongous regions: 33->33
[2708.265s][info][gc,metaspace   ] GC(336) Metaspace: 35817K(38080K)->35817K(38080K) NonClass: 26745K(27008K)->26745K(27008K) Class: 9071K(11072K)->9071K(11072K)
[2708.265s][info][gc             ] GC(336) Pause Young (Normal) (G1 Evacuation Pause) 7047M->2531M(8192M) 141.126ms
[2708.265s][info][gc,cpu         ] GC(336) User=1.12s Sys=0.00s Real=0.14s
.......... (rIR:aIR:PR = 3183:3184:3184) (tPR = 47369) [OK] 
  2717s: Performance info:
         Transaction,    Success,    Partial,     Failed,   Receipts, AvgBarcode, 
             Overall,     191108,          0,          0,     181546,      59.48, 
         Response times:
             Request,    Success,    Partial,     Failed,   SkipFail,     Probes,    Samples,      min,      p50,      p90,      p95,      p99,      max, 
       TotalPurchase,     181546,          0,          0,          0,     177140,     190332,      300,     2100,     3600,     4000,    10067,   179000,
     InStorePurchase,      95499,          0,          0,          0,      93611,     100334,      400,     2200,     3600,     4000,    11000,   150000,
      OnlinePurchase,      66915,          0,          0,          0,      65127,      69976,      300,     2100,     3600,     4000,     9123,   179000,
        InstPurchase,      19132,          0,          0,          0,      18402,      20022,      500,     2200,     3700,     4100,     8285,   152000,
          AssocOfCat,        190,          0,          0,          0,        147,        205,    19100,    27000,    32000,    37400,   148520,   171000,
      AssocOfProduct,       1909,          0,          0,          0,       1745,       2051,      600,     2600,     3900,     4400,    11244,   150000,
      BusinessReport,        482,          0,          0,          0,        393,        516,    22000,    30000,    37000,    41000,    57150,   195000,
          CustBuyBeh,       1919,          0,          0,          0,       1713,       2007,      300,     2300,     3600,     4000,    18444,   146000,
       ProductReturn,       5062,          0,          0,          0,       4831,       5420,      200,     2400,     3600,     4095,    12537,   149000,

  2717s: (24%)   IR =   3321 ..[2720.055s][info][gc,start       ] GC(337) Pause Young (Normal) (G1 Evacuation Pause)
[2720.055s][info][gc,task        ] GC(337) Using 8 workers of 8 for evacuation
[2720.195s][info][gc,phases      ] GC(337)   Pre Evacuate Collection Set: 0.26ms
[2720.195s][info][gc,phases      ] GC(337)   Merge Heap Roots: 0.55ms
[2720.195s][info][gc,phases      ] GC(337)   Evacuate Collection Set: 138.40ms
[2720.195s][info][gc,phases      ] GC(337)   Post Evacuate Collection Set: 1.08ms
[2720.195s][info][gc,phases      ] GC(337)   Other: 0.07ms
[2720.195s][info][gc,heap        ] GC(337) Eden regions: 572->0(571)
[2720.195s][info][gc,heap        ] GC(337) Survivor regions: 42->43(77)
[2720.195s][info][gc,heap        ] GC(337) Old regions: 245->252
[2720.195s][info][gc,heap        ] GC(337) Humongous regions: 33->33
[2720.195s][info][gc,metaspace   ] GC(337) Metaspace: 35820K(38080K)->35820K(38080K) NonClass: 26749K(27008K)->26749K(27008K) Class: 9071K(11072K)->9071K(11072K)
[2720.195s][info][gc             ] GC(337) Pause Young (Normal) (G1 Evacuation Pause) 7107M->2595M(8192M) 140.484ms
[2720.195s][info][gc,cpu         ] GC(337) User=1.11s Sys=0.00s Real=0.14s
....|........[2731.745s][info][gc,start       ] GC(338) Pause Young (Normal) (G1 Evacuation Pause)
[2731.745s][info][gc,task        ] GC(338) Using 8 workers of 8 for evacuation
[2731.887s][info][gc,phases      ] GC(338)   Pre Evacuate Collection Set: 0.24ms
[2731.887s][info][gc,phases      ] GC(338)   Merge Heap Roots: 0.61ms
[2731.887s][info][gc,phases      ] GC(338)   Evacuate Collection Set: 140.43ms
[2731.887s][info][gc,phases      ] GC(338)   Post Evacuate Collection Set: 1.08ms
[2731.887s][info][gc,phases      ] GC(338)   Other: 0.07ms
[2731.887s][info][gc,heap        ] GC(338) Eden regions: 571->0(571)
[2731.887s][info][gc,heap        ] GC(338) Survivor regions: 43->43(77)
[2731.887s][info][gc,heap        ] GC(338) Old regions: 252->259
[2731.887s][info][gc,heap        ] GC(338) Humongous regions: 33->33
[2731.887s][info][gc,metaspace   ] GC(338) Metaspace: 35820K(38080K)->35820K(38080K) NonClass: 26749K(27008K)->26749K(27008K) Class: 9071K(11072K)->9071K(11072K)
[2731.887s][info][gc             ] GC(338) Pause Young (Normal) (G1 Evacuation Pause) 7163M->2652M(8192M) 142.560ms
[2731.887s][info][gc,cpu         ] GC(338) User=1.13s Sys=0.00s Real=0.15s
...........[2743.313s][info][gc,start       ] GC(339) Pause Young (Normal) (G1 Evacuation Pause)
[2743.314s][info][gc,task        ] GC(339) Using 8 workers of 8 for evacuation
[2743.455s][info][gc,phases      ] GC(339)   Pre Evacuate Collection Set: 0.24ms
[2743.455s][info][gc,phases      ] GC(339)   Merge Heap Roots: 0.55ms
[2743.455s][info][gc,phases      ] GC(339)   Evacuate Collection Set: 139.08ms
[2743.455s][info][gc,phases      ] GC(339)   Post Evacuate Collection Set: 1.02ms
[2743.455s][info][gc,phases      ] GC(339)   Other: 0.07ms
[2743.455s][info][gc,heap        ] GC(339) Eden regions: 571->0(571)
[2743.455s][info][gc,heap        ] GC(339) Survivor regions: 43->43(77)
[2743.455s][info][gc,heap        ] GC(339) Old regions: 259->266
[2743.455s][info][gc,heap        ] GC(339) Humongous regions: 33->33
[2743.455s][info][gc,metaspace   ] GC(339) Metaspace: 35820K(38080K)->35820K(38080K) NonClass: 26749K(27008K)->26749K(27008K) Class: 9071K(11072K)->9071K(11072K)
[2743.455s][info][gc             ] GC(339) Pause Young (Normal) (G1 Evacuation Pause) 7220M->2703M(8192M) 141.094ms
[2743.455s][info][gc,cpu         ] GC(339) User=1.11s Sys=0.00s Real=0.14s
............[2754.940s][info][gc,start       ] GC(340) Pause Young (Normal) (G1 Evacuation Pause)
[2754.940s][info][gc,task        ] GC(340) Using 8 workers of 8 for evacuation
[2755.085s][info][gc,phases      ] GC(340)   Pre Evacuate Collection Set: 0.28ms
[2755.085s][info][gc,phases      ] GC(340)   Merge Heap Roots: 0.69ms
[2755.085s][info][gc,phases      ] GC(340)   Evacuate Collection Set: 143.43ms
[2755.085s][info][gc,phases      ] GC(340)   Post Evacuate Collection Set: 1.05ms
[2755.085s][info][gc,phases      ] GC(340)   Other: 0.06ms
[2755.085s][info][gc,heap        ] GC(340) Eden regions: 571->0(570)
[2755.085s][info][gc,heap        ] GC(340) Survivor regions: 43->44(77)
[2755.085s][info][gc,heap        ] GC(340) Old regions: 266->273
[2755.085s][info][gc,heap        ] GC(340) Humongous regions: 33->33
[2755.085s][info][gc,metaspace   ] GC(340) Metaspace: 35820K(38080K)->35820K(38080K) NonClass: 26749K(27008K)->26749K(27008K) Class: 9071K(11072K)->9071K(11072K)
[2755.085s][info][gc             ] GC(340) Pause Young (Normal) (G1 Evacuation Pause) 7271M->2770M(8192M) 145.660ms
[2755.086s][info][gc,cpu         ] GC(340) User=1.15s Sys=0.00s Real=0.14s
............[2766.613s][info][gc,start       ] GC(341) Pause Young (Normal) (G1 Evacuation Pause)
[2766.613s][info][gc,task        ] GC(341) Using 8 workers of 8 for evacuation
[2766.756s][info][gc,phases      ] GC(341)   Pre Evacuate Collection Set: 0.25ms
[2766.756s][info][gc,phases      ] GC(341)   Merge Heap Roots: 0.59ms
[2766.756s][info][gc,phases      ] GC(341)   Evacuate Collection Set: 140.98ms
[2766.756s][info][gc,phases      ] GC(341)   Post Evacuate Collection Set: 1.07ms
[2766.756s][info][gc,phases      ] GC(341)   Other: 0.08ms
[2766.756s][info][gc,heap        ] GC(341) Eden regions: 570->0(571)
[2766.756s][info][gc,heap        ] GC(341) Survivor regions: 44->43(77)
[2766.756s][info][gc,heap        ] GC(341) Old regions: 273->280
[2766.756s][info][gc,heap        ] GC(341) Humongous regions: 33->33
[2766.756s][info][gc,metaspace   ] GC(341) Metaspace: 35820K(38080K)->35820K(38080K) NonClass: 26749K(27008K)->26749K(27008K) Class: 9071K(11072K)->9071K(11072K)
[2766.756s][info][gc             ] GC(341) Pause Young (Normal) (G1 Evacuation Pause) 7330M->2817M(8192M) 143.085ms
[2766.756s][info][gc,cpu         ] GC(341) User=1.14s Sys=0.00s Real=0.14s
...........[2778.222s][info][gc,start       ] GC(342) Pause Young (Normal) (G1 Evacuation Pause)
[2778.222s][info][gc,task        ] GC(342) Using 8 workers of 8 for evacuation
[2778.363s][info][gc,phases      ] GC(342)   Pre Evacuate Collection Set: 0.25ms
[2778.363s][info][gc,phases      ] GC(342)   Merge Heap Roots: 0.61ms
[2778.363s][info][gc,phases      ] GC(342)   Evacuate Collection Set: 139.15ms
[2778.363s][info][gc,phases      ] GC(342)   Post Evacuate Collection Set: 1.07ms
[2778.363s][info][gc,phases      ] GC(342)   Other: 0.06ms
[2778.363s][info][gc,heap        ] GC(342) Eden regions: 571->0(568)
[2778.363s][info][gc,heap        ] GC(342) Survivor regions: 43->42(77)
[2778.363s][info][gc,heap        ] GC(342) Old regions: 280->287
[2778.363s][info][gc,heap        ] GC(342) Humongous regions: 33->33
[2778.363s][info][gc,metaspace   ] GC(342) Metaspace: 35821K(38080K)->35821K(38080K) NonClass: 26749K(27008K)->26749K(27008K) Class: 9071K(11072K)->9071K(11072K)
[2778.363s][info][gc             ] GC(342) Pause Young (Normal) (G1 Evacuation Pause) 7385M->2864M(8192M) 141.296ms
[2778.363s][info][gc,cpu         ] GC(342) User=1.11s Sys=0.01s Real=0.14s
...... (rIR:aIR:PR = 3321:3321:3321) (tPR = 49410) [OK] 
  2783s: Performance info:
         Transaction,    Success,    Partial,     Failed,   Receipts, AvgBarcode, 
             Overall,     199769,          0,          0,     189756,      59.48, 
         Response times:
             Request,    Success,    Partial,     Failed,   SkipFail,     Probes,    Samples,      min,      p50,      p90,      p95,      p99,      max, 
       TotalPurchase,     189756,          0,          0,          0,     185269,     205842,      300,     2200,     3700,     4100,    12800,   185000,
     InStorePurchase,      99930,          0,          0,          0,      97815,     108477,      400,     2200,     3700,     4100,    12800,   184000,
      OnlinePurchase,      69848,          0,          0,          0,      68240,      75833,      300,     2300,     3800,     4200,    13366,   185000,
        InstPurchase,      19978,          0,          0,          0,      19214,      21532,      500,     2000,     3700,     4100,    11600,   151000,
          AssocOfCat,        202,          0,          0,          0,        143,        210,    18700,    28000,    32000,    38000,    40000,    54000,
      AssocOfProduct,       2001,          0,          0,          0,       1813,       2167,      400,     2700,     4020,     4400,    17628,   151000,
      BusinessReport,        503,          0,          0,          0,        408,        555,    23000,    30000,    40000,    47000,    68440,   177000,
          CustBuyBeh,       2004,          0,          0,          0,       1839,       2178,      200,      900,     3100,     3505,     4921,    35000,
       ProductReturn,       5303,          0,          0,          0,       4968,       5773,      200,     2200,     3700,     4000,    16982,   150000,

  2783s: (25%)   IR =   3459 .....[2789.512s][info][gc,start       ] GC(343) Pause Young (Normal) (G1 Evacuation Pause)
[2789.512s][info][gc,task        ] GC(343) Using 8 workers of 8 for evacuation
[2789.655s][info][gc,phases      ] GC(343)   Pre Evacuate Collection Set: 0.27ms
[2789.655s][info][gc,phases      ] GC(343)   Merge Heap Roots: 0.60ms
[2789.655s][info][gc,phases      ] GC(343)   Evacuate Collection Set: 140.57ms
[2789.655s][info][gc,phases      ] GC(343)   Post Evacuate Collection Set: 1.06ms
[2789.655s][info][gc,phases      ] GC(343)   Other: 0.06ms
[2789.655s][info][gc,heap        ] GC(343) Eden regions: 568->0(559)
[2789.655s][info][gc,heap        ] GC(343) Survivor regions: 42->43(77)
[2789.655s][info][gc,heap        ] GC(343) Old regions: 287->294
[2789.655s][info][gc,heap        ] GC(343) Humongous regions: 33->33
[2789.655s][info][gc,metaspace   ] GC(343) Metaspace: 35821K(38080K)->35821K(38080K) NonClass: 26749K(27008K)->26749K(27008K) Class: 9071K(11072K)->9071K(11072K)
[2789.655s][info][gc             ] GC(343) Pause Young (Normal) (G1 Evacuation Pause) 7408M->2924M(8192M) 142.739ms
[2789.655s][info][gc,cpu         ] GC(343) User=1.12s Sys=0.00s Real=0.14s
....|.......[2800.379s][info][gc,start       ] GC(344) Pause Young (Normal) (G1 Evacuation Pause)
[2800.379s][info][gc,task        ] GC(344) Using 8 workers of 8 for evacuation
[2800.520s][info][gc,phases      ] GC(344)   Pre Evacuate Collection Set: 0.25ms
[2800.520s][info][gc,phases      ] GC(344)   Merge Heap Roots: 0.55ms
[2800.520s][info][gc,phases      ] GC(344)   Evacuate Collection Set: 139.02ms
[2800.520s][info][gc,phases      ] GC(344)   Post Evacuate Collection Set: 1.04ms
[2800.520s][info][gc,phases      ] GC(344)   Other: 0.07ms
[2800.520s][info][gc,heap        ] GC(344) Eden regions: 559->0(554)
[2800.520s][info][gc,heap        ] GC(344) Survivor regions: 43->42(76)
[2800.520s][info][gc,heap        ] GC(344) Old regions: 294->301
[2800.520s][info][gc,heap        ] GC(344) Humongous regions: 33->33
[2800.520s][info][gc,metaspace   ] GC(344) Metaspace: 35821K(38080K)->35821K(38080K) NonClass: 26749K(27008K)->26749K(27008K) Class: 9071K(11072K)->9071K(11072K)
[2800.520s][info][gc             ] GC(344) Pause Young (Normal) (G1 Evacuation Pause) 7396M->2974M(8192M) 141.069ms
[2800.520s][info][gc,cpu         ] GC(344) User=1.12s Sys=0.00s Real=0.14s
...........[2811.284s][info][gc,start       ] GC(345) Pause Young (Normal) (G1 Evacuation Pause)
[2811.284s][info][gc,task        ] GC(345) Using 8 workers of 8 for evacuation
[2811.425s][info][gc,phases      ] GC(345)   Pre Evacuate Collection Set: 0.28ms
[2811.425s][info][gc,phases      ] GC(345)   Merge Heap Roots: 0.62ms
[2811.425s][info][gc,phases      ] GC(345)   Evacuate Collection Set: 138.50ms
[2811.425s][info][gc,phases      ] GC(345)   Post Evacuate Collection Set: 1.04ms
[2811.425s][info][gc,phases      ] GC(345)   Other: 0.06ms
[2811.425s][info][gc,heap        ] GC(345) Eden regions: 554->0(547)
[2811.425s][info][gc,heap        ] GC(345) Survivor regions: 42->42(75)
[2811.425s][info][gc,heap        ] GC(345) Old regions: 301->308
[2811.425s][info][gc,heap        ] GC(345) Humongous regions: 33->33
[2811.425s][info][gc,metaspace   ] GC(345) Metaspace: 35821K(38080K)->35821K(38080K) NonClass: 26749K(27008K)->26749K(27008K) Class: 9071K(11072K)->9071K(11072K)
[2811.425s][info][gc             ] GC(345) Pause Young (Normal) (G1 Evacuation Pause) 7406M->3032M(8192M) 140.644ms
[2811.425s][info][gc,cpu         ] GC(345) User=1.11s Sys=0.00s Real=0.14s
...........[2821.876s][info][gc,start       ] GC(346) Pause Young (Concurrent Start) (G1 Evacuation Pause)
[2821.876s][info][gc,task        ] GC(346) Using 8 workers of 8 for evacuation
[2822.018s][info][gc,phases      ] GC(346)   Pre Evacuate Collection Set: 0.30ms
[2822.018s][info][gc,phases      ] GC(346)   Merge Heap Roots: 0.63ms
[2822.018s][info][gc,phases      ] GC(346)   Evacuate Collection Set: 140.27ms
[2822.018s][info][gc,phases      ] GC(346)   Post Evacuate Collection Set: 1.01ms
[2822.018s][info][gc,phases      ] GC(346)   Other: 0.15ms
[2822.018s][info][gc,heap        ] GC(346) Eden regions: 547->0(537)
[2822.018s][info][gc,heap        ] GC(346) Survivor regions: 42->43(74)
[2822.018s][info][gc,heap        ] GC(346) Old regions: 308->316
[2822.018s][info][gc,heap        ] GC(346) Humongous regions: 33->33
[2822.018s][info][gc,metaspace   ] GC(346) Metaspace: 35821K(38080K)->35821K(38080K) NonClass: 26749K(27008K)->26749K(27008K) Class: 9071K(11072K)->9071K(11072K)
[2822.018s][info][gc             ] GC(346) Pause Young (Concurrent Start) (G1 Evacuation Pause) 7408M->3101M(8192M) 142.513ms
[2822.018s][info][gc             ] GC(347) Concurrent Mark Cycle
[2822.018s][info][gc,marking     ] GC(347) Concurrent Scan Root Regions
[2822.018s][info][gc,cpu         ] GC(346) User=1.13s Sys=0.01s Real=0.15s
[2822.202s][info][gc,marking     ] GC(347) Concurrent Scan Root Regions 184.074ms
[2822.202s][info][gc,marking     ] GC(347) Concurrent Mark
[2822.202s][info][gc,marking     ] GC(347) Concurrent Mark From Roots
[2822.202s][info][gc,task        ] GC(347) Using 2 workers of 2 for marking
.[2822.709s][info][gc,marking     ] GC(347) Concurrent Mark From Roots 506.870ms
[2822.709s][info][gc,marking     ] GC(347) Concurrent Preclean
[2822.709s][info][gc,marking     ] GC(347) Concurrent Preclean 0.102ms
[2822.709s][info][gc,start       ] GC(347) Pause Remark
[2822.711s][info][gc             ] GC(347) Pause Remark 3437M->2789M(8192M) 1.635ms
[2822.711s][info][gc,cpu         ] GC(347) User=0.01s Sys=0.00s Real=0.00s
[2822.711s][info][gc,marking     ] GC(347) Concurrent Mark 508.869ms
[2822.711s][info][gc,marking     ] GC(347) Concurrent Rebuild Remembered Sets and Scrub Regions
[2823.044s][info][gc,marking     ] GC(347) Concurrent Rebuild Remembered Sets and Scrub Regions 332.920ms
[2823.044s][info][gc,start       ] GC(347) Pause Cleanup
[2823.044s][info][gc             ] GC(347) Pause Cleanup 2933M->2933M(8192M) 0.266ms
[2823.044s][info][gc,cpu         ] GC(347) User=0.00s Sys=0.00s Real=0.00s
[2823.045s][info][gc,marking     ] GC(347) Concurrent Clear Claimed Marks
[2823.045s][info][gc,marking     ] GC(347) Concurrent Clear Claimed Marks 0.051ms
[2823.045s][info][gc,marking     ] GC(347) Concurrent Cleanup for Next Mark
[2823.054s][info][gc,marking     ] GC(347) Concurrent Cleanup for Next Mark 9.061ms
[2823.054s][info][gc             ] GC(347) Concurrent Mark Cycle 1035.672ms
.........[2832.402s][info][gc,start       ] GC(348) Pause Young (Prepare Mixed) (G1 Evacuation Pause)
[2832.402s][info][gc,task        ] GC(348) Using 8 workers of 8 for evacuation
[2832.544s][info][gc,phases      ] GC(348)   Pre Evacuate Collection Set: 0.29ms
[2832.544s][info][gc,phases      ] GC(348)   Merge Heap Roots: 0.65ms
[2832.544s][info][gc,phases      ] GC(348)   Evacuate Collection Set: 139.62ms
[2832.544s][info][gc,phases      ] GC(348)   Post Evacuate Collection Set: 1.15ms
[2832.544s][info][gc,phases      ] GC(348)   Other: 0.07ms
[2832.544s][info][gc,heap        ] GC(348) Eden regions: 537->0(572)
[2832.544s][info][gc,heap        ] GC(348) Survivor regions: 43->42(73)
[2832.544s][info][gc,heap        ] GC(348) Old regions: 235->242
[2832.544s][info][gc,heap        ] GC(348) Humongous regions: 33->33
[2832.544s][info][gc,metaspace   ] GC(348) Metaspace: 35821K(38080K)->35821K(38080K) NonClass: 26749K(27008K)->26749K(27008K) Class: 9071K(11072K)->9071K(11072K)
[2832.544s][info][gc             ] GC(348) Pause Young (Prepare Mixed) (G1 Evacuation Pause) 6749M->2502M(8192M) 141.912ms
[2832.544s][info][gc,cpu         ] GC(348) User=1.12s Sys=0.00s Real=0.14s
...........[2843.589s][info][gc,start       ] GC(349) Pause Young (Mixed) (G1 Evacuation Pause)
[2843.589s][info][gc,task        ] GC(349) Using 8 workers of 8 for evacuation
[2843.737s][info][gc,phases      ] GC(349)   Pre Evacuate Collection Set: 0.28ms
[2843.737s][info][gc,phases      ] GC(349)   Merge Heap Roots: 0.93ms
[2843.737s][info][gc,phases      ] GC(349)   Evacuate Collection Set: 146.26ms
[2843.737s][info][gc,phases      ] GC(349)   Post Evacuate Collection Set: 1.24ms
[2843.737s][info][gc,phases      ] GC(349)   Other: 0.08ms
[2843.737s][info][gc,heap        ] GC(349) Eden regions: 572->0(572)
[2843.737s][info][gc,heap        ] GC(349) Survivor regions: 42->42(77)
[2843.737s][info][gc,heap        ] GC(349) Old regions: 242->148
[2843.737s][info][gc,heap        ] GC(349) Humongous regions: 33->33
[2843.737s][info][gc,metaspace   ] GC(349) Metaspace: 35821K(38080K)->35821K(38080K) NonClass: 26749K(27008K)->26749K(27008K) Class: 9071K(11072K)->9071K(11072K)
[2843.737s][info][gc             ] GC(349) Pause Young (Mixed) (G1 Evacuation Pause) 7078M->1746M(8192M) 148.923ms
[2843.737s][info][gc,cpu         ] GC(349) User=1.17s Sys=0.00s Real=0.15s
.......... (rIR:aIR:PR = 3459:3459:3459) (tPR = 51520) [OK] 
  2852s: Performance info:
         Transaction,    Success,    Partial,     Failed,   Receipts, AvgBarcode, 
             Overall,     207858,          0,          0,     197468,      59.48, 
         Response times:
             Request,    Success,    Partial,     Failed,   SkipFail,     Probes,    Samples,      min,      p50,      p90,      p95,      p99,      max, 
       TotalPurchase,     197468,          0,          0,          0,     191921,     223685,      300,     2300,     3900,     4300,    12600,   159000,
     InStorePurchase,     103945,          0,          0,          0,     101183,     117766,      400,     2300,     3800,     4300,    12400,   159000,
      OnlinePurchase,      72738,          0,          0,          0,      70779,      82268,      300,     2300,     3900,     4400,    13500,   149000,
        InstPurchase,      20785,          0,          0,          0,      19959,      23651,      500,     2200,     3900,     4400,    11048,   155000,
          AssocOfCat,        209,          0,          0,          0,        147,        251,    18900,    29000,    35800,    39400,    50880,    63000,
      AssocOfProduct,       2075,          0,          0,          0,       1893,       2381,      400,     3100,     4300,     4800,    24180,   159000,
      BusinessReport,        517,          0,          0,          0,        425,        599,    25000,    30000,    41000,    48000,    66000,   203000,
          CustBuyBeh,       2078,          0,          0,          0,       1834,       2267,      300,     2400,     3800,     4400,    22320,   146000,
       ProductReturn,       5511,          0,          0,          0,       5180,       6318,      200,     2500,     4000,     4500,    17543,   155000,

  2852s: (26%)   IR =   3598 .[2854.723s][info][gc,start       ] GC(350) Pause Young (Mixed) (G1 Evacuation Pause)
[2854.723s][info][gc,task        ] GC(350) Using 8 workers of 8 for evacuation
[2854.869s][info][gc,phases      ] GC(350)   Pre Evacuate Collection Set: 0.27ms
[2854.869s][info][gc,phases      ] GC(350)   Merge Heap Roots: 0.72ms
[2854.869s][info][gc,phases      ] GC(350)   Evacuate Collection Set: 143.51ms
[2854.869s][info][gc,phases      ] GC(350)   Post Evacuate Collection Set: 1.07ms
[2854.869s][info][gc,phases      ] GC(350)   Other: 0.07ms
[2854.869s][info][gc,heap        ] GC(350) Eden regions: 572->0(571)
[2854.869s][info][gc,heap        ] GC(350) Survivor regions: 42->43(77)
[2854.869s][info][gc,heap        ] GC(350) Old regions: 148->141
[2854.869s][info][gc,heap        ] GC(350) Humongous regions: 33->33
[2854.869s][info][gc,metaspace   ] GC(350) Metaspace: 35821K(38080K)->35821K(38080K) NonClass: 26749K(27008K)->26749K(27008K) Class: 9071K(11072K)->9071K(11072K)
[2854.869s][info][gc             ] GC(350) Pause Young (Mixed) (G1 Evacuation Pause) 6322M->1703M(8192M) 145.786ms
[2854.869s][info][gc,cpu         ] GC(350) User=1.16s Sys=0.00s Real=0.15s
.....|......[2865.419s][info][gc,start       ] GC(351) Pause Young (Normal) (G1 Evacuation Pause)
[2865.419s][info][gc,task        ] GC(351) Using 8 workers of 8 for evacuation
[2865.563s][info][gc,phases      ] GC(351)   Pre Evacuate Collection Set: 0.27ms
[2865.563s][info][gc,phases      ] GC(351)   Merge Heap Roots: 0.56ms
[2865.563s][info][gc,phases      ] GC(351)   Evacuate Collection Set: 142.62ms
[2865.563s][info][gc,phases      ] GC(351)   Post Evacuate Collection Set: 1.02ms
[2865.564s][info][gc,phases      ] GC(351)   Other: 0.07ms
[2865.564s][info][gc,heap        ] GC(351) Eden regions: 571->0(571)
[2865.564s][info][gc,heap        ] GC(351) Survivor regions: 43->43(77)
[2865.564s][info][gc,heap        ] GC(351) Old regions: 141->148
[2865.564s][info][gc,heap        ] GC(351) Humongous regions: 33->33
[2865.564s][info][gc,metaspace   ] GC(351) Metaspace: 35821K(38080K)->35821K(38080K) NonClass: 26749K(27008K)->26749K(27008K) Class: 9071K(11072K)->9071K(11072K)
[2865.564s][info][gc             ] GC(351) Pause Young (Normal) (G1 Evacuation Pause) 6271M->1759M(8192M) 144.654ms
[2865.564s][info][gc,cpu         ] GC(351) User=1.14s Sys=0.00s Real=0.14s
...........[2876.206s][info][gc,start       ] GC(352) Pause Young (Normal) (G1 Evacuation Pause)
[2876.206s][info][gc,task        ] GC(352) Using 8 workers of 8 for evacuation
[2876.348s][info][gc,phases      ] GC(352)   Pre Evacuate Collection Set: 0.32ms
[2876.348s][info][gc,phases      ] GC(352)   Merge Heap Roots: 0.60ms
[2876.348s][info][gc,phases      ] GC(352)   Evacuate Collection Set: 140.08ms
[2876.348s][info][gc,phases      ] GC(352)   Post Evacuate Collection Set: 1.04ms
[2876.348s][info][gc,phases      ] GC(352)   Other: 0.07ms
[2876.348s][info][gc,heap        ] GC(352) Eden regions: 571->0(572)
[2876.348s][info][gc,heap        ] GC(352) Survivor regions: 43->42(77)
[2876.348s][info][gc,heap        ] GC(352) Old regions: 148->155
[2876.348s][info][gc,heap        ] GC(352) Humongous regions: 33->33
[2876.348s][info][gc,metaspace   ] GC(352) Metaspace: 35821K(38080K)->35821K(38080K) NonClass: 26749K(27008K)->26749K(27008K) Class: 9071K(11072K)->9071K(11072K)
[2876.348s][info][gc             ] GC(352) Pause Young (Normal) (G1 Evacuation Pause) 6327M->1809M(8192M) 142.246ms
[2876.348s][info][gc,cpu         ] GC(352) User=1.12s Sys=0.00s Real=0.15s
..........[2886.831s][info][gc,start       ] GC(353) Pause Young (Normal) (G1 Evacuation Pause)
[2886.832s][info][gc,task        ] GC(353) Using 8 workers of 8 for evacuation
[2886.974s][info][gc,phases      ] GC(353)   Pre Evacuate Collection Set: 0.26ms
[2886.974s][info][gc,phases      ] GC(353)   Merge Heap Roots: 0.54ms
[2886.974s][info][gc,phases      ] GC(353)   Evacuate Collection Set: 140.46ms
[2886.974s][info][gc,phases      ] GC(353)   Post Evacuate Collection Set: 1.07ms
[2886.974s][info][gc,phases      ] GC(353)   Other: 0.06ms
[2886.974s][info][gc,heap        ] GC(353) Eden regions: 572->0(571)
[2886.974s][info][gc,heap        ] GC(353) Survivor regions: 42->43(77)
[2886.974s][info][gc,heap        ] GC(353) Old regions: 155->162
[2886.974s][info][gc,heap        ] GC(353) Humongous regions: 33->33
[2886.974s][info][gc,metaspace   ] GC(353) Metaspace: 35821K(38080K)->35821K(38080K) NonClass: 26749K(27008K)->26749K(27008K) Class: 9071K(11072K)->9071K(11072K)
[2886.974s][info][gc             ] GC(353) Pause Young (Normal) (G1 Evacuation Pause) 6385M->1869M(8192M) 142.524ms
[2886.974s][info][gc,cpu         ] GC(353) User=1.13s Sys=0.00s Real=0.14s
...........[2897.589s][info][gc,start       ] GC(354) Pause Young (Normal) (G1 Evacuation Pause)
[2897.589s][info][gc,task        ] GC(354) Using 8 workers of 8 for evacuation
[2897.733s][info][gc,phases      ] GC(354)   Pre Evacuate Collection Set: 0.28ms
[2897.734s][info][gc,phases      ] GC(354)   Merge Heap Roots: 0.63ms
[2897.734s][info][gc,phases      ] GC(354)   Evacuate Collection Set: 142.24ms
[2897.734s][info][gc,phases      ] GC(354)   Post Evacuate Collection Set: 1.05ms
[2897.734s][info][gc,phases      ] GC(354)   Other: 0.13ms
[2897.734s][info][gc,heap        ] GC(354) Eden regions: 571->0(571)
[2897.734s][info][gc,heap        ] GC(354) Survivor regions: 43->43(77)
[2897.734s][info][gc,heap        ] GC(354) Old regions: 162->169
[2897.734s][info][gc,heap        ] GC(354) Humongous regions: 33->33
[2897.734s][info][gc,metaspace   ] GC(354) Metaspace: 35821K(38080K)->35821K(38080K) NonClass: 26749K(27008K)->26749K(27008K) Class: 9071K(11072K)->9071K(11072K)
[2897.734s][info][gc             ] GC(354) Pause Young (Normal) (G1 Evacuation Pause) 6437M->1929M(8192M) 144.464ms
[2897.734s][info][gc,cpu         ] GC(354) User=1.14s Sys=0.00s Real=0.14s
...........[2908.418s][info][gc,start       ] GC(355) Pause Young (Normal) (G1 Evacuation Pause)
[2908.419s][info][gc,task        ] GC(355) Using 8 workers of 8 for evacuation
[2908.560s][info][gc,phases      ] GC(355)   Pre Evacuate Collection Set: 0.26ms
[2908.560s][info][gc,phases      ] GC(355)   Merge Heap Roots: 0.58ms
[2908.560s][info][gc,phases      ] GC(355)   Evacuate Collection Set: 139.10ms
[2908.560s][info][gc,phases      ] GC(355)   Post Evacuate Collection Set: 1.10ms
[2908.560s][info][gc,phases      ] GC(355)   Other: 0.07ms
[2908.560s][info][gc,heap        ] GC(355) Eden regions: 571->0(571)
[2908.560s][info][gc,heap        ] GC(355) Survivor regions: 43->43(77)
[2908.560s][info][gc,heap        ] GC(355) Old regions: 169->176
[2908.560s][info][gc,heap        ] GC(355) Humongous regions: 33->33
[2908.560s][info][gc,metaspace   ] GC(355) Metaspace: 35821K(38080K)->35821K(38080K) NonClass: 26749K(27008K)->26749K(27008K) Class: 9071K(11072K)->9071K(11072K)
[2908.560s][info][gc             ] GC(355) Pause Young (Normal) (G1 Evacuation Pause) 6497M->1980M(8192M) 141.245ms
[2908.560s][info][gc,cpu         ] GC(355) User=1.11s Sys=0.00s Real=0.14s
........... (rIR:aIR:PR = 3598:3598:3598) (tPR = 53356) [OK] 
  2918s: Performance info:
         Transaction,    Success,    Partial,     Failed,   Receipts, AvgBarcode, 
             Overall,     216312,          0,          0,     205501,      59.47, 
         Response times:
             Request,    Success,    Partial,     Failed,   SkipFail,     Probes,    Samples,      min,      p50,      p90,      p95,      p99,      max, 
       TotalPurchase,     205501,          0,          0,          0,     200322,     222746,      300,     2400,     4000,     4500,    16700,   154000,
     InStorePurchase,     108188,          0,          0,          0,     105815,     117465,      300,     2400,     4000,     4500,    16600,   152000,
      OnlinePurchase,      75691,          0,          0,          0,      73645,      81798,      300,     2400,     4000,     4500,    16400,   154000,
        InstPurchase,      21622,          0,          0,          0,      20862,      23483,      500,     2600,     4100,     4600,    17500,   153000,
          AssocOfCat,        217,          0,          0,          0,        150,        229,    19500,    28000,    33000,    35000,    43700,    52000,
      AssocOfProduct,       2158,          0,          0,          0,       1945,       2325,      300,     2500,     4200,     4800,    16774,   152000,
      BusinessReport,        535,          0,          0,          0,        448,        594,    25000,    31000,    39000,    45000,    69750,   200000,
          CustBuyBeh,       2163,          0,          0,          0,       2019,       2446,      200,     1800,     3800,     4200,    16665,   152000,
       ProductReturn,       5738,          0,          0,          0,       5355,       6156,      200,     2400,     4000,     4400,    18686,   153000,

  2918s: (27%)   IR =   3736 [2919.108s][info][gc,start       ] GC(356) Pause Young (Normal) (G1 Evacuation Pause)
[2919.108s][info][gc,task        ] GC(356) Using 8 workers of 8 for evacuation
[2919.254s][info][gc,phases      ] GC(356)   Pre Evacuate Collection Set: 0.27ms
[2919.254s][info][gc,phases      ] GC(356)   Merge Heap Roots: 0.66ms
[2919.254s][info][gc,phases      ] GC(356)   Evacuate Collection Set: 143.31ms
[2919.254s][info][gc,phases      ] GC(356)   Post Evacuate Collection Set: 1.07ms
[2919.254s][info][gc,phases      ] GC(356)   Other: 0.07ms
[2919.254s][info][gc,heap        ] GC(356) Eden regions: 571->0(570)
[2919.254s][info][gc,heap        ] GC(356) Survivor regions: 43->44(77)
[2919.254s][info][gc,heap        ] GC(356) Old regions: 176->183
[2919.254s][info][gc,heap        ] GC(356) Humongous regions: 33->33
[2919.254s][info][gc,metaspace   ] GC(356) Metaspace: 35821K(38080K)->35821K(38080K) NonClass: 26749K(27008K)->26749K(27008K) Class: 9071K(11072K)->9071K(11072K)
[2919.254s][info][gc             ] GC(356) Pause Young (Normal) (G1 Evacuation Pause) 6548M->2041M(8192M) 145.518ms
[2919.254s][info][gc,cpu         ] GC(356) User=1.15s Sys=0.00s Real=0.14s
....|......[2929.454s][info][gc,start       ] GC(357) Pause Young (Normal) (G1 Evacuation Pause)
[2929.454s][info][gc,task        ] GC(357) Using 8 workers of 8 for evacuation
[2929.597s][info][gc,phases      ] GC(357)   Pre Evacuate Collection Set: 0.26ms
[2929.597s][info][gc,phases      ] GC(357)   Merge Heap Roots: 0.55ms
[2929.597s][info][gc,phases      ] GC(357)   Evacuate Collection Set: 140.49ms
[2929.597s][info][gc,phases      ] GC(357)   Post Evacuate Collection Set: 1.07ms
[2929.597s][info][gc,phases      ] GC(357)   Other: 0.08ms
[2929.597s][info][gc,heap        ] GC(357) Eden regions: 570->0(572)
[2929.597s][info][gc,heap        ] GC(357) Survivor regions: 44->42(77)
[2929.597s][info][gc,heap        ] GC(357) Old regions: 183->190
[2929.597s][info][gc,heap        ] GC(357) Humongous regions: 33->33
[2929.597s][info][gc,metaspace   ] GC(357) Metaspace: 35821K(38080K)->35821K(38080K) NonClass: 26749K(27008K)->26749K(27008K) Class: 9071K(11072K)->9071K(11072K)
[2929.597s][info][gc             ] GC(357) Pause Young (Normal) (G1 Evacuation Pause) 6601M->2085M(8192M) 142.595ms
[2929.597s][info][gc,cpu         ] GC(357) User=1.13s Sys=0.00s Real=0.15s
..........[2939.779s][info][gc,start       ] GC(358) Pause Young (Normal) (G1 Evacuation Pause)
[2939.779s][info][gc,task        ] GC(358) Using 8 workers of 8 for evacuation
[2939.923s][info][gc,phases      ] GC(358)   Pre Evacuate Collection Set: 0.25ms
[2939.923s][info][gc,phases      ] GC(358)   Merge Heap Roots: 0.53ms
[2939.923s][info][gc,phases      ] GC(358)   Evacuate Collection Set: 141.68ms
[2939.923s][info][gc,phases      ] GC(358)   Post Evacuate Collection Set: 1.03ms
[2939.923s][info][gc,phases      ] GC(358)   Other: 0.07ms
[2939.923s][info][gc,heap        ] GC(358) Eden regions: 572->0(571)
[2939.923s][info][gc,heap        ] GC(358) Survivor regions: 42->43(77)
[2939.923s][info][gc,heap        ] GC(358) Old regions: 190->196
[2939.923s][info][gc,heap        ] GC(358) Humongous regions: 33->33
[2939.923s][info][gc,metaspace   ] GC(358) Metaspace: 35821K(38080K)->35821K(38080K) NonClass: 26749K(27008K)->26749K(27008K) Class: 9071K(11072K)->9071K(11072K)
[2939.923s][info][gc             ] GC(358) Pause Young (Normal) (G1 Evacuation Pause) 6661M->2148M(8192M) 143.708ms
[2939.923s][info][gc,cpu         ] GC(358) User=1.14s Sys=0.00s Real=0.14s
...........[2950.183s][info][gc,start       ] GC(359) Pause Young (Normal) (G1 Evacuation Pause)
[2950.183s][info][gc,task        ] GC(359) Using 8 workers of 8 for evacuation
[2950.327s][info][gc,phases      ] GC(359)   Pre Evacuate Collection Set: 0.28ms
[2950.327s][info][gc,phases      ] GC(359)   Merge Heap Roots: 0.56ms
[2950.327s][info][gc,phases      ] GC(359)   Evacuate Collection Set: 142.48ms
[2950.327s][info][gc,phases      ] GC(359)   Post Evacuate Collection Set: 1.03ms
[2950.327s][info][gc,phases      ] GC(359)   Other: 0.08ms
[2950.327s][info][gc,heap        ] GC(359) Eden regions: 571->0(571)
[2950.327s][info][gc,heap        ] GC(359) Survivor regions: 43->43(77)
[2950.327s][info][gc,heap        ] GC(359) Old regions: 196->203
[2950.327s][info][gc,heap        ] GC(359) Humongous regions: 33->33
[2950.327s][info][gc,metaspace   ] GC(359) Metaspace: 35821K(38080K)->35821K(38080K) NonClass: 26749K(27008K)->26749K(27008K) Class: 9071K(11072K)->9071K(11072K)
[2950.328s][info][gc             ] GC(359) Pause Young (Normal) (G1 Evacuation Pause) 6716M->2200M(8192M) 144.555ms
[2950.328s][info][gc,cpu         ] GC(359) User=1.15s Sys=0.00s Real=0.15s
..........[2960.437s][info][gc,start       ] GC(360) Pause Young (Normal) (G1 Evacuation Pause)
[2960.437s][info][gc,task        ] GC(360) Using 8 workers of 8 for evacuation
[2960.580s][info][gc,phases      ] GC(360)   Pre Evacuate Collection Set: 0.30ms
[2960.580s][info][gc,phases      ] GC(360)   Merge Heap Roots: 0.62ms
[2960.580s][info][gc,phases      ] GC(360)   Evacuate Collection Set: 141.00ms
[2960.580s][info][gc,phases      ] GC(360)   Post Evacuate Collection Set: 1.04ms
[2960.580s][info][gc,phases      ] GC(360)   Other: 0.07ms
[2960.580s][info][gc,heap        ] GC(360) Eden regions: 571->0(570)
[2960.580s][info][gc,heap        ] GC(360) Survivor regions: 43->44(77)
[2960.580s][info][gc,heap        ] GC(360) Old regions: 203->210
[2960.580s][info][gc,heap        ] GC(360) Humongous regions: 33->33
[2960.580s][info][gc,metaspace   ] GC(360) Metaspace: 35821K(38080K)->35821K(38080K) NonClass: 26749K(27008K)->26749K(27008K) Class: 9071K(11072K)->9071K(11072K)
[2960.580s][info][gc             ] GC(360) Pause Young (Normal) (G1 Evacuation Pause) 6768M->2262M(8192M) 143.175ms
[2960.580s][info][gc,cpu         ] GC(360) User=1.13s Sys=0.00s Real=0.14s
..........[2970.883s][info][gc,start       ] GC(361) Pause Young (Normal) (G1 Evacuation Pause)
[2970.883s][info][gc,task        ] GC(361) Using 8 workers of 8 for evacuation
[2971.025s][info][gc,phases      ] GC(361)   Pre Evacuate Collection Set: 0.26ms
[2971.025s][info][gc,phases      ] GC(361)   Merge Heap Roots: 0.52ms
[2971.025s][info][gc,phases      ] GC(361)   Evacuate Collection Set: 140.66ms
[2971.025s][info][gc,phases      ] GC(361)   Post Evacuate Collection Set: 1.03ms
[2971.025s][info][gc,phases      ] GC(361)   Other: 0.07ms
[2971.025s][info][gc,heap        ] GC(361) Eden regions: 570->0(571)
[2971.025s][info][gc,heap        ] GC(361) Survivor regions: 44->43(77)
[2971.025s][info][gc,heap        ] GC(361) Old regions: 210->217
[2971.025s][info][gc,heap        ] GC(361) Humongous regions: 33->33
[2971.025s][info][gc,metaspace   ] GC(361) Metaspace: 35821K(38080K)->35821K(38080K) NonClass: 26749K(27008K)->26749K(27008K) Class: 9071K(11072K)->9071K(11072K)
[2971.025s][info][gc             ] GC(361) Pause Young (Normal) (G1 Evacuation Pause) 6822M->2309M(8192M) 142.676ms
[2971.025s][info][gc,cpu         ] GC(361) User=1.12s Sys=0.00s Real=0.14s
...........[2981.168s][info][gc,start       ] GC(362) Pause Young (Normal) (G1 Evacuation Pause)
[2981.168s][info][gc,task        ] GC(362) Using 8 workers of 8 for evacuation
[2981.310s][info][gc,phases      ] GC(362)   Pre Evacuate Collection Set: 0.27ms
[2981.310s][info][gc,phases      ] GC(362)   Merge Heap Roots: 0.53ms
[2981.310s][info][gc,phases      ] GC(362)   Evacuate Collection Set: 139.72ms
[2981.310s][info][gc,phases      ] GC(362)   Post Evacuate Collection Set: 1.04ms
[2981.310s][info][gc,phases      ] GC(362)   Other: 0.06ms
[2981.310s][info][gc,heap        ] GC(362) Eden regions: 571->0(571)
[2981.310s][info][gc,heap        ] GC(362) Survivor regions: 43->43(77)
[2981.310s][info][gc,heap        ] GC(362) Old regions: 217->224
[2981.310s][info][gc,heap        ] GC(362) Humongous regions: 33->33
[2981.310s][info][gc,metaspace   ] GC(362) Metaspace: 35824K(38080K)->35824K(38080K) NonClass: 26752K(27008K)->26752K(27008K) Class: 9071K(11072K)->9071K(11072K)
[2981.310s][info][gc             ] GC(362) Pause Young (Normal) (G1 Evacuation Pause) 6877M->2361M(8192M) 141.738ms
[2981.310s][info][gc,cpu         ] GC(362) User=1.12s Sys=0.00s Real=0.14s
.. (rIR:aIR:PR = 3736:3735:3735) (tPR = 55379) [OK] 
  2982s: Performance info:
         Transaction,    Success,    Partial,     Failed,   Receipts, AvgBarcode, 
             Overall,     224230,          0,          0,     213026,      59.47, 
         Response times:
             Request,    Success,    Partial,     Failed,   SkipFail,     Probes,    Samples,      min,      p50,      p90,      p95,      p99,      max, 
       TotalPurchase,     213026,          0,          0,          0,     208157,     223635,      300,     2400,     4200,     4700,    17000,   194000,
     InStorePurchase,     112058,          0,          0,          0,     109698,     117702,      400,     2300,     4100,     4600,    15200,   184000,
      OnlinePurchase,      78539,          0,          0,          0,      76887,      82524,      300,     2500,     4200,     4700,    18100,   194000,
        InstPurchase,      22429,          0,          0,          0,      21572,      23409,      500,     2700,     4300,     4800,    19800,   185000,
          AssocOfCat,        223,          0,          0,          0,        176,        238,    22000,    29000,    34100,    41050,    66610,    68000,
      AssocOfProduct,       2248,          0,          0,          0,       2064,       2355,      600,     2700,     4300,     4900,    14344,   151000,
      BusinessReport,        557,          0,          0,          0,        450,        569,    26000,    31000,    41000,    48500,    83000,   204000,
          CustBuyBeh,       2241,          0,          0,          0,       1992,       2289,      200,     2300,     4100,     4700,    14500,   150000,
       ProductReturn,       5935,          0,          0,          0,       5527,       6166,      200,     2000,     4000,     4400,    14333,   150000,

  2982s: (28%)   IR =   3874 ....|....[2991.211s][info][gc,start       ] GC(363) Pause Young (Normal) (G1 Evacuation Pause)
[2991.211s][info][gc,task        ] GC(363) Using 8 workers of 8 for evacuation
[2991.354s][info][gc,phases      ] GC(363)   Pre Evacuate Collection Set: 0.24ms
[2991.354s][info][gc,phases      ] GC(363)   Merge Heap Roots: 0.60ms
[2991.354s][info][gc,phases      ] GC(363)   Evacuate Collection Set: 140.17ms
[2991.354s][info][gc,phases      ] GC(363)   Post Evacuate Collection Set: 1.08ms
[2991.354s][info][gc,phases      ] GC(363)   Other: 0.07ms
[2991.354s][info][gc,heap        ] GC(363) Eden regions: 571->0(571)
[2991.354s][info][gc,heap        ] GC(363) Survivor regions: 43->43(77)
[2991.354s][info][gc,heap        ] GC(363) Old regions: 224->231
[2991.354s][info][gc,heap        ] GC(363) Humongous regions: 33->33
[2991.354s][info][gc,metaspace   ] GC(363) Metaspace: 35824K(38080K)->35824K(38080K) NonClass: 26752K(27008K)->26752K(27008K) Class: 9071K(11072K)->9071K(11072K)
[2991.354s][info][gc             ] GC(363) Pause Young (Normal) (G1 Evacuation Pause) 6929M->2417M(8192M) 142.299ms
[2991.354s][info][gc,cpu         ] GC(363) User=1.13s Sys=0.00s Real=0.14s
..........[3001.135s][info][gc,start       ] GC(364) Pause Young (Normal) (G1 Evacuation Pause)
[3001.135s][info][gc,task        ] GC(364) Using 8 workers of 8 for evacuation
[3001.275s][info][gc,phases      ] GC(364)   Pre Evacuate Collection Set: 0.27ms
[3001.275s][info][gc,phases      ] GC(364)   Merge Heap Roots: 0.59ms
[3001.275s][info][gc,phases      ] GC(364)   Evacuate Collection Set: 138.62ms
[3001.275s][info][gc,phases      ] GC(364)   Post Evacuate Collection Set: 1.01ms
[3001.275s][info][gc,phases      ] GC(364)   Other: 0.08ms
[3001.275s][info][gc,heap        ] GC(364) Eden regions: 571->0(572)
[3001.275s][info][gc,heap        ] GC(364) Survivor regions: 43->42(77)
[3001.275s][info][gc,heap        ] GC(364) Old regions: 231->237
[3001.275s][info][gc,heap        ] GC(364) Humongous regions: 33->33
[3001.275s][info][gc,metaspace   ] GC(364) Metaspace: 35824K(38080K)->35824K(38080K) NonClass: 26752K(27008K)->26752K(27008K) Class: 9071K(11072K)->9071K(11072K)
[3001.275s][info][gc             ] GC(364) Pause Young (Normal) (G1 Evacuation Pause) 6985M->2464M(8192M) 140.707ms
[3001.275s][info][gc,cpu         ] GC(364) User=1.11s Sys=0.00s Real=0.14s
.........[3011.106s][info][gc,start       ] GC(365) Pause Young (Normal) (G1 Evacuation Pause)
[3011.106s][info][gc,task        ] GC(365) Using 8 workers of 8 for evacuation
[3011.248s][info][gc,phases      ] GC(365)   Pre Evacuate Collection Set: 0.27ms
[3011.248s][info][gc,phases      ] GC(365)   Merge Heap Roots: 0.64ms
[3011.248s][info][gc,phases      ] GC(365)   Evacuate Collection Set: 139.23ms
[3011.248s][info][gc,phases      ] GC(365)   Post Evacuate Collection Set: 1.04ms
[3011.248s][info][gc,phases      ] GC(365)   Other: 0.07ms
[3011.248s][info][gc,heap        ] GC(365) Eden regions: 572->0(572)
[3011.248s][info][gc,heap        ] GC(365) Survivor regions: 42->42(77)
[3011.248s][info][gc,heap        ] GC(365) Old regions: 237->245
[3011.248s][info][gc,heap        ] GC(365) Humongous regions: 33->33
[3011.248s][info][gc,metaspace   ] GC(365) Metaspace: 35824K(38080K)->35824K(38080K) NonClass: 26752K(27008K)->26752K(27008K) Class: 9071K(11072K)->9071K(11072K)
[3011.248s][info][gc             ] GC(365) Pause Young (Normal) (G1 Evacuation Pause) 7040M->2521M(8192M) 141.407ms
[3011.248s][info][gc,cpu         ] GC(365) User=1.12s Sys=0.00s Real=0.15s
..........[3021.129s][info][gc,start       ] GC(366) Pause Young (Normal) (G1 Evacuation Pause)
[3021.129s][info][gc,task        ] GC(366) Using 8 workers of 8 for evacuation
[3021.272s][info][gc,phases      ] GC(366)   Pre Evacuate Collection Set: 0.26ms
[3021.272s][info][gc,phases      ] GC(366)   Merge Heap Roots: 0.61ms
[3021.272s][info][gc,phases      ] GC(366)   Evacuate Collection Set: 141.02ms
[3021.272s][info][gc,phases      ] GC(366)   Post Evacuate Collection Set: 1.09ms
[3021.272s][info][gc,phases      ] GC(366)   Other: 0.07ms
[3021.272s][info][gc,heap        ] GC(366) Eden regions: 572->0(571)
[3021.272s][info][gc,heap        ] GC(366) Survivor regions: 42->43(77)
[3021.272s][info][gc,heap        ] GC(366) Old regions: 245->252
[3021.272s][info][gc,heap        ] GC(366) Humongous regions: 33->33
[3021.272s][info][gc,metaspace   ] GC(366) Metaspace: 35824K(38080K)->35824K(38080K) NonClass: 26752K(27008K)->26752K(27008K) Class: 9071K(11072K)->9071K(11072K)
[3021.272s][info][gc             ] GC(366) Pause Young (Normal) (G1 Evacuation Pause) 7097M->2585M(8192M) 143.158ms
[3021.272s][info][gc,cpu         ] GC(366) User=1.13s Sys=0.00s Real=0.14s
..........[3031.071s][info][gc,start       ] GC(367) Pause Young (Normal) (G1 Evacuation Pause)
[3031.071s][info][gc,task        ] GC(367) Using 8 workers of 8 for evacuation
[3031.212s][info][gc,phases      ] GC(367)   Pre Evacuate Collection Set: 0.30ms
[3031.212s][info][gc,phases      ] GC(367)   Merge Heap Roots: 0.56ms
[3031.212s][info][gc,phases      ] GC(367)   Evacuate Collection Set: 138.82ms
[3031.212s][info][gc,phases      ] GC(367)   Post Evacuate Collection Set: 1.04ms
[3031.212s][info][gc,phases      ] GC(367)   Other: 0.09ms
[3031.212s][info][gc,heap        ] GC(367) Eden regions: 571->0(571)
[3031.212s][info][gc,heap        ] GC(367) Survivor regions: 43->43(77)
[3031.212s][info][gc,heap        ] GC(367) Old regions: 252->258
[3031.212s][info][gc,heap        ] GC(367) Humongous regions: 33->33
[3031.212s][info][gc,metaspace   ] GC(367) Metaspace: 35824K(38080K)->35824K(38080K) NonClass: 26752K(27008K)->26752K(27008K) Class: 9071K(11072K)->9071K(11072K)
[3031.212s][info][gc             ] GC(367) Pause Young (Normal) (G1 Evacuation Pause) 7153M->2639M(8192M) 140.940ms
[3031.212s][info][gc,cpu         ] GC(367) User=1.11s Sys=0.00s Real=0.14s
..........[3041.052s][info][gc,start       ] GC(368) Pause Young (Normal) (G1 Evacuation Pause)
[3041.052s][info][gc,task        ] GC(368) Using 8 workers of 8 for evacuation
[3041.195s][info][gc,phases      ] GC(368)   Pre Evacuate Collection Set: 0.25ms
[3041.195s][info][gc,phases      ] GC(368)   Merge Heap Roots: 0.61ms
[3041.195s][info][gc,phases      ] GC(368)   Evacuate Collection Set: 140.75ms
[3041.195s][info][gc,phases      ] GC(368)   Post Evacuate Collection Set: 1.04ms
[3041.195s][info][gc,phases      ] GC(368)   Other: 0.07ms
[3041.195s][info][gc,heap        ] GC(368) Eden regions: 571->0(571)
[3041.195s][info][gc,heap        ] GC(368) Survivor regions: 43->43(77)
[3041.195s][info][gc,heap        ] GC(368) Old regions: 258->265
[3041.195s][info][gc,heap        ] GC(368) Humongous regions: 33->33
[3041.195s][info][gc,metaspace   ] GC(368) Metaspace: 35824K(38080K)->35824K(38080K) NonClass: 26752K(27008K)->26752K(27008K) Class: 9071K(11072K)->9071K(11072K)
[3041.195s][info][gc             ] GC(368) Pause Young (Normal) (G1 Evacuation Pause) 7207M->2695M(8192M) 142.861ms
[3041.195s][info][gc,cpu         ] GC(368) User=1.13s Sys=0.00s Real=0.14s
....... (rIR:aIR:PR = 3874:3874:3874) (tPR = 57725) [OK] 
  3047s: Performance info:
         Transaction,    Success,    Partial,     Failed,   Receipts, AvgBarcode, 
             Overall,     233203,          0,          0,     221552,      59.47, 
         Response times:
             Request,    Success,    Partial,     Failed,   SkipFail,     Probes,    Samples,      min,      p50,      p90,      p95,      p99,      max, 
       TotalPurchase,     221553,          0,          0,          0,     216287,     232946,      300,     2500,     4300,     4800,    12900,   151000,
     InStorePurchase,     116594,          0,          0,          0,     113836,     122285,      400,     2500,     4300,     4800,    14900,   151000,
      OnlinePurchase,      81642,          0,          0,          0,      79964,      86127,      300,     2600,     4300,     4800,     9700,   151000,
        InstPurchase,      23317,          0,          0,          0,      22487,      24534,      500,     2700,     4400,     4900,    16165,   151000,
          AssocOfCat,        235,          0,          0,          0,        159,        217,    21000,    29000,    37000,    39000,    50640,    58000,
      AssocOfProduct,       2325,          0,          0,          0,       2118,       2427,      600,     2600,     4400,     5000,     7272,   149000,
      BusinessReport,        584,          0,          0,          0,        494,        616,    23000,    31000,    40000,    47000,    70000,   202000,
          CustBuyBeh,       2331,          0,          0,          0,       2098,       2399,      200,     2800,     4300,     4800,    14700,   145000,
       ProductReturn,       6175,          0,          0,          0,       5750,       6341,      200,     2500,     4300,     4700,    16112,   151000,

  3047s: (29%)   IR =   4013 ...[3050.835s][info][gc,start       ] GC(369) Pause Young (Normal) (G1 Evacuation Pause)
[3050.835s][info][gc,task        ] GC(369) Using 8 workers of 8 for evacuation
[3050.978s][info][gc,phases      ] GC(369)   Pre Evacuate Collection Set: 0.25ms
[3050.978s][info][gc,phases      ] GC(369)   Merge Heap Roots: 0.60ms
[3050.978s][info][gc,phases      ] GC(369)   Evacuate Collection Set: 141.14ms
[3050.978s][info][gc,phases      ] GC(369)   Post Evacuate Collection Set: 1.03ms
[3050.978s][info][gc,phases      ] GC(369)   Other: 0.06ms
[3050.978s][info][gc,heap        ] GC(369) Eden regions: 571->0(571)
[3050.978s][info][gc,heap        ] GC(369) Survivor regions: 43->43(77)
[3050.978s][info][gc,heap        ] GC(369) Old regions: 265->272
[3050.978s][info][gc,heap        ] GC(369) Humongous regions: 33->33
[3050.978s][info][gc,metaspace   ] GC(369) Metaspace: 35824K(38080K)->35824K(38080K) NonClass: 26752K(27008K)->26752K(27008K) Class: 9071K(11072K)->9071K(11072K)
[3050.978s][info][gc             ] GC(369) Pause Young (Normal) (G1 Evacuation Pause) 7263M->2754M(8192M) 143.222ms
[3050.978s][info][gc,cpu         ] GC(369) User=1.13s Sys=0.01s Real=0.15s
...|.......[3060.378s][info][gc,start       ] GC(370) Pause Young (Normal) (G1 Evacuation Pause)
[3060.378s][info][gc,task        ] GC(370) Using 8 workers of 8 for evacuation
[3060.520s][info][gc,phases      ] GC(370)   Pre Evacuate Collection Set: 0.26ms
[3060.520s][info][gc,phases      ] GC(370)   Merge Heap Roots: 0.53ms
[3060.520s][info][gc,phases      ] GC(370)   Evacuate Collection Set: 140.28ms
[3060.520s][info][gc,phases      ] GC(370)   Post Evacuate Collection Set: 1.05ms
[3060.520s][info][gc,phases      ] GC(370)   Other: 0.06ms
[3060.520s][info][gc,heap        ] GC(370) Eden regions: 571->0(571)
[3060.520s][info][gc,heap        ] GC(370) Survivor regions: 43->43(77)
[3060.520s][info][gc,heap        ] GC(370) Old regions: 272->279
[3060.520s][info][gc,heap        ] GC(370) Humongous regions: 33->33
[3060.520s][info][gc,metaspace   ] GC(370) Metaspace: 35824K(38080K)->35824K(38080K) NonClass: 26752K(27008K)->26752K(27008K) Class: 9071K(11072K)->9071K(11072K)
[3060.520s][info][gc             ] GC(370) Pause Young (Normal) (G1 Evacuation Pause) 7322M->2808M(8192M) 142.314ms
[3060.520s][info][gc,cpu         ] GC(370) User=1.13s Sys=0.00s Real=0.14s
.........[3070.021s][info][gc,start       ] GC(371) Pause Young (Normal) (G1 Evacuation Pause)
[3070.021s][info][gc,task        ] GC(371) Using 8 workers of 8 for evacuation
[3070.163s][info][gc,phases      ] GC(371)   Pre Evacuate Collection Set: 0.25ms
[3070.163s][info][gc,phases      ] GC(371)   Merge Heap Roots: 0.54ms
[3070.163s][info][gc,phases      ] GC(371)   Evacuate Collection Set: 140.11ms
[3070.163s][info][gc,phases      ] GC(371)   Post Evacuate Collection Set: 1.08ms
[3070.163s][info][gc,phases      ] GC(371)   Other: 0.06ms
[3070.163s][info][gc,heap        ] GC(371) Eden regions: 571->0(567)
[3070.163s][info][gc,heap        ] GC(371) Survivor regions: 43->43(77)
[3070.163s][info][gc,heap        ] GC(371) Old regions: 279->286
[3070.163s][info][gc,heap        ] GC(371) Humongous regions: 33->33
[3070.163s][info][gc,metaspace   ] GC(371) Metaspace: 35824K(38080K)->35824K(38080K) NonClass: 26752K(27008K)->26752K(27008K) Class: 9071K(11072K)->9071K(11072K)
[3070.163s][info][gc             ] GC(371) Pause Young (Normal) (G1 Evacuation Pause) 7376M->2864M(8192M) 142.189ms
[3070.163s][info][gc,cpu         ] GC(371) User=1.13s Sys=0.00s Real=0.14s
..........[3079.522s][info][gc,start       ] GC(372) Pause Young (Normal) (G1 Evacuation Pause)
[3079.522s][info][gc,task        ] GC(372) Using 8 workers of 8 for evacuation
[3079.664s][info][gc,phases      ] GC(372)   Pre Evacuate Collection Set: 0.25ms
[3079.664s][info][gc,phases      ] GC(372)   Merge Heap Roots: 0.53ms
[3079.664s][info][gc,phases      ] GC(372)   Evacuate Collection Set: 140.39ms
[3079.664s][info][gc,phases      ] GC(372)   Post Evacuate Collection Set: 1.03ms
[3079.664s][info][gc,phases      ] GC(372)   Other: 0.07ms
[3079.664s][info][gc,heap        ] GC(372) Eden regions: 567->0(560)
[3079.664s][info][gc,heap        ] GC(372) Survivor regions: 43->43(77)
[3079.664s][info][gc,heap        ] GC(372) Old regions: 286->293
[3079.664s][info][gc,heap        ] GC(372) Humongous regions: 33->33
[3079.664s][info][gc,metaspace   ] GC(372) Metaspace: 35824K(38080K)->35824K(38080K) NonClass: 26752K(27008K)->26752K(27008K) Class: 9071K(11072K)->9071K(11072K)
[3079.664s][info][gc             ] GC(372) Pause Young (Normal) (G1 Evacuation Pause) 7400M->2918M(8192M) 142.397ms
[3079.664s][info][gc,cpu         ] GC(372) User=1.13s Sys=0.00s Real=0.14s
.........[3089.027s][info][gc,start       ] GC(373) Pause Young (Normal) (G1 Evacuation Pause)
[3089.027s][info][gc,task        ] GC(373) Using 8 workers of 8 for evacuation
[3089.172s][info][gc,phases      ] GC(373)   Pre Evacuate Collection Set: 0.23ms
[3089.172s][info][gc,phases      ] GC(373)   Merge Heap Roots: 0.58ms
[3089.172s][info][gc,phases      ] GC(373)   Evacuate Collection Set: 142.83ms
[3089.172s][info][gc,phases      ] GC(373)   Post Evacuate Collection Set: 1.06ms
[3089.172s][info][gc,phases      ] GC(373)   Other: 0.07ms
[3089.172s][info][gc,heap        ] GC(373) Eden regions: 560->0(551)
[3089.172s][info][gc,heap        ] GC(373) Survivor regions: 43->44(76)
[3089.172s][info][gc,heap        ] GC(373) Old regions: 293->300
[3089.172s][info][gc,heap        ] GC(373) Humongous regions: 33->33
[3089.172s][info][gc,metaspace   ] GC(373) Metaspace: 35824K(38080K)->35824K(38080K) NonClass: 26752K(27008K)->26752K(27008K) Class: 9071K(11072K)->9071K(11072K)
[3089.172s][info][gc             ] GC(373) Pause Young (Normal) (G1 Evacuation Pause) 7398M->2984M(8192M) 144.893ms
[3089.172s][info][gc,cpu         ] GC(373) User=1.14s Sys=0.00s Real=0.15s
.........[3098.210s][info][gc,start       ] GC(374) Pause Young (Normal) (G1 Evacuation Pause)
[3098.210s][info][gc,task        ] GC(374) Using 8 workers of 8 for evacuation
[3098.350s][info][gc,phases      ] GC(374)   Pre Evacuate Collection Set: 0.31ms
[3098.350s][info][gc,phases      ] GC(374)   Merge Heap Roots: 0.60ms
[3098.350s][info][gc,phases      ] GC(374)   Evacuate Collection Set: 137.76ms
[3098.350s][info][gc,phases      ] GC(374)   Post Evacuate Collection Set: 1.03ms
[3098.350s][info][gc,phases      ] GC(374)   Other: 0.07ms
[3098.350s][info][gc,heap        ] GC(374) Eden regions: 551->0(547)
[3098.350s][info][gc,heap        ] GC(374) Survivor regions: 44->42(75)
[3098.350s][info][gc,heap        ] GC(374) Old regions: 300->308
[3098.350s][info][gc,heap        ] GC(374) Humongous regions: 33->33
[3098.350s][info][gc,metaspace   ] GC(374) Metaspace: 35824K(38080K)->35824K(38080K) NonClass: 26752K(27008K)->26752K(27008K) Class: 9071K(11072K)->9071K(11072K)
[3098.350s][info][gc             ] GC(374) Pause Young (Normal) (G1 Evacuation Pause) 7392M->3025M(8192M) 139.901ms
[3098.350s][info][gc,cpu         ] GC(374) User=1.11s Sys=0.00s Real=0.14s
..........[3107.487s][info][gc,start       ] GC(375) Pause Young (Normal) (G1 Evacuation Pause)
[3107.487s][info][gc,task        ] GC(375) Using 8 workers of 8 for evacuation
[3107.628s][info][gc,phases      ] GC(375)   Pre Evacuate Collection Set: 0.24ms
[3107.628s][info][gc,phases      ] GC(375)   Merge Heap Roots: 0.61ms
[3107.628s][info][gc,phases      ] GC(375)   Evacuate Collection Set: 139.28ms
[3107.628s][info][gc,phases      ] GC(375)   Post Evacuate Collection Set: 1.02ms
[3107.628s][info][gc,phases      ] GC(375)   Other: 0.06ms
[3107.628s][info][gc,heap        ] GC(375) Eden regions: 547->0(540)
[3107.628s][info][gc,heap        ] GC(375) Survivor regions: 42->42(74)
[3107.628s][info][gc,heap        ] GC(375) Old regions: 308->315
[3107.628s][info][gc,heap        ] GC(375) Humongous regions: 33->33
[3107.628s][info][gc,metaspace   ] GC(375) Metaspace: 35824K(38080K)->35824K(38080K) NonClass: 26752K(27008K)->26752K(27008K) Class: 9071K(11072K)->9071K(11072K)
[3107.628s][info][gc             ] GC(375) Pause Young (Normal) (G1 Evacuation Pause) 7401M->3085M(8192M) 141.339ms
[3107.628s][info][gc,cpu         ] GC(375) User=1.11s Sys=0.00s Real=0.14s
...... (rIR:aIR:PR = 4013:4015:4015) (tPR = 59077) [OK] 
  3113s: Performance info:
         Transaction,    Success,    Partial,     Failed,   Receipts, AvgBarcode, 
             Overall,     240997,          0,          0,     228934,      59.47, 
         Response times:
             Request,    Success,    Partial,     Failed,   SkipFail,     Probes,    Samples,      min,      p50,      p90,      p95,      p99,      max, 
       TotalPurchase,     228934,          0,          0,          0,     223781,     247613,      300,     2600,     4400,     5000,    16400,   153000,
     InStorePurchase,     120559,          0,          0,          0,     118054,     130431,      400,     2500,     4400,     4900,    16300,   153000,
      OnlinePurchase,      84276,          0,          0,          0,      82464,      91251,      300,     2600,     4500,     5000,    16348,   151000,
        InstPurchase,      24099,          0,          0,          0,      23263,      25931,      400,     2700,     4500,     5000,    17536,   151000,
          AssocOfCat,        241,          0,          0,          0,        194,        263,    23000,    29000,    35000,    38800,    51800,   191000,
      AssocOfProduct,       2412,          0,          0,          0,       2192,       2612,      600,     3200,     4800,     5400,    26870,   148000,
      BusinessReport,        606,          0,          0,          0,        523,        671,    25000,    32000,    40000,    47400,    77000,   202000,
          CustBuyBeh,       2407,          0,          0,          0,       2186,       2577,      200,     2100,     4200,     4800,    13644,   148000,
       ProductReturn,       6395,          0,          0,          0,       5989,       6830,      200,     2400,     4300,     4900,    11769,   150000,

  3113s: (30%)   IR =   4151 ...[3116.475s][info][gc,start       ] GC(376) Pause Young (Concurrent Start) (G1 Evacuation Pause)
[3116.475s][info][gc,task        ] GC(376) Using 8 workers of 8 for evacuation
[3116.617s][info][gc,phases      ] GC(376)   Pre Evacuate Collection Set: 0.28ms
[3116.617s][info][gc,phases      ] GC(376)   Merge Heap Roots: 0.64ms
[3116.617s][info][gc,phases      ] GC(376)   Evacuate Collection Set: 140.48ms
[3116.617s][info][gc,phases      ] GC(376)   Post Evacuate Collection Set: 1.02ms
[3116.617s][info][gc,phases      ] GC(376)   Other: 0.08ms
[3116.617s][info][gc,heap        ] GC(376) Eden regions: 540->0(535)
[3116.617s][info][gc,heap        ] GC(376) Survivor regions: 42->41(73)
[3116.617s][info][gc,heap        ] GC(376) Old regions: 315->322
[3116.617s][info][gc,heap        ] GC(376) Humongous regions: 33->33
[3116.617s][info][gc,metaspace   ] GC(376) Metaspace: 35824K(38080K)->35824K(38080K) NonClass: 26752K(27008K)->26752K(27008K) Class: 9071K(11072K)->9071K(11072K)
[3116.617s][info][gc             ] GC(376) Pause Young (Concurrent Start) (G1 Evacuation Pause) 7405M->3140M(8192M) 142.654ms
[3116.617s][info][gc             ] GC(377) Concurrent Mark Cycle
[3116.617s][info][gc,marking     ] GC(377) Concurrent Scan Root Regions
[3116.617s][info][gc,cpu         ] GC(376) User=1.13s Sys=0.00s Real=0.15s
[3116.852s][info][gc,marking     ] GC(377) Concurrent Scan Root Regions 234.354ms
[3116.852s][info][gc,marking     ] GC(377) Concurrent Mark
[3116.852s][info][gc,marking     ] GC(377) Concurrent Mark From Roots
[3116.852s][info][gc,task        ] GC(377) Using 2 workers of 2 for marking
[3117.388s][info][gc,marking     ] GC(377) Concurrent Mark From Roots 536.489ms
[3117.388s][info][gc,marking     ] GC(377) Concurrent Preclean
[3117.388s][info][gc,marking     ] GC(377) Concurrent Preclean 0.101ms
[3117.388s][info][gc,start       ] GC(377) Pause Remark
[3117.391s][info][gc             ] GC(377) Pause Remark 3612M->2932M(8192M) 2.114ms
[3117.391s][info][gc,cpu         ] GC(377) User=0.01s Sys=0.00s Real=0.00s
[3117.391s][info][gc,marking     ] GC(377) Concurrent Mark 538.995ms
[3117.391s][info][gc,marking     ] GC(377) Concurrent Rebuild Remembered Sets and Scrub Regions
.[3117.731s][info][gc,marking     ] GC(377) Concurrent Rebuild Remembered Sets and Scrub Regions 340.636ms
[3117.731s][info][gc,start       ] GC(377) Pause Cleanup
[3117.732s][info][gc             ] GC(377) Pause Cleanup 3085M->3085M(8192M) 0.276ms
[3117.732s][info][gc,cpu         ] GC(377) User=0.00s Sys=0.00s Real=0.00s
[3117.732s][info][gc,marking     ] GC(377) Concurrent Clear Claimed Marks
[3117.732s][info][gc,marking     ] GC(377) Concurrent Clear Claimed Marks 0.043ms
[3117.732s][info][gc,marking     ] GC(377) Concurrent Cleanup for Next Mark
[3117.738s][info][gc,marking     ] GC(377) Concurrent Cleanup for Next Mark 6.510ms
[3117.738s][info][gc             ] GC(377) Concurrent Mark Cycle 1121.163ms
..|.....[3125.139s][info][gc,start       ] GC(378) Pause Young (Prepare Mixed) (G1 Evacuation Pause)
[3125.139s][info][gc,task        ] GC(378) Using 8 workers of 8 for evacuation
[3125.281s][info][gc,phases      ] GC(378)   Pre Evacuate Collection Set: 0.28ms
[3125.281s][info][gc,phases      ] GC(378)   Merge Heap Roots: 0.75ms
[3125.281s][info][gc,phases      ] GC(378)   Evacuate Collection Set: 140.17ms
[3125.281s][info][gc,phases      ] GC(378)   Post Evacuate Collection Set: 1.13ms
[3125.281s][info][gc,phases      ] GC(378)   Other: 0.09ms
[3125.281s][info][gc,heap        ] GC(378) Eden regions: 535->0(572)
[3125.281s][info][gc,heap        ] GC(378) Survivor regions: 41->42(72)
[3125.281s][info][gc,heap        ] GC(378) Old regions: 237->245
[3125.281s][info][gc,heap        ] GC(378) Humongous regions: 33->33
[3125.281s][info][gc,metaspace   ] GC(378) Metaspace: 35824K(38080K)->35824K(38080K) NonClass: 26752K(27008K)->26752K(27008K) Class: 9071K(11072K)->9071K(11072K)
[3125.281s][info][gc             ] GC(378) Pause Young (Prepare Mixed) (G1 Evacuation Pause) 6740M->2528M(8192M) 142.546ms
[3125.281s][info][gc,cpu         ] GC(378) User=1.12s Sys=0.00s Real=0.14s
..........[3134.473s][info][gc,start       ] GC(379) Pause Young (Mixed) (G1 Evacuation Pause)
[3134.473s][info][gc,task        ] GC(379) Using 8 workers of 8 for evacuation
[3134.625s][info][gc,phases      ] GC(379)   Pre Evacuate Collection Set: 0.29ms
[3134.626s][info][gc,phases      ] GC(379)   Merge Heap Roots: 0.97ms
[3134.626s][info][gc,phases      ] GC(379)   Evacuate Collection Set: 150.06ms
[3134.626s][info][gc,phases      ] GC(379)   Post Evacuate Collection Set: 1.36ms
[3134.626s][info][gc,phases      ] GC(379)   Other: 0.08ms
[3134.626s][info][gc,heap        ] GC(379) Eden regions: 572->0(572)
[3134.626s][info][gc,heap        ] GC(379) Survivor regions: 42->42(77)
[3134.626s][info][gc,heap        ] GC(379) Old regions: 245->151
[3134.626s][info][gc,heap        ] GC(379) Humongous regions: 33->33
[3134.626s][info][gc,metaspace   ] GC(379) Metaspace: 35824K(38080K)->35824K(38080K) NonClass: 26752K(27008K)->26752K(27008K) Class: 9071K(11072K)->9071K(11072K)
[3134.626s][info][gc             ] GC(379) Pause Young (Mixed) (G1 Evacuation Pause) 7104M->1777M(8192M) 152.908ms
[3134.626s][info][gc,cpu         ] GC(379) User=1.21s Sys=0.00s Real=0.15s
.........[3143.764s][info][gc,start       ] GC(380) Pause Young (Mixed) (G1 Evacuation Pause)
[3143.764s][info][gc,task        ] GC(380) Using 8 workers of 8 for evacuation
[3143.916s][info][gc,phases      ] GC(380)   Pre Evacuate Collection Set: 0.26ms
[3143.916s][info][gc,phases      ] GC(380)   Merge Heap Roots: 0.81ms
[3143.916s][info][gc,phases      ] GC(380)   Evacuate Collection Set: 149.96ms
[3143.916s][info][gc,phases      ] GC(380)   Post Evacuate Collection Set: 1.07ms
[3143.916s][info][gc,phases      ] GC(380)   Other: 0.08ms
[3143.916s][info][gc,heap        ] GC(380) Eden regions: 572->0(571)
[3143.916s][info][gc,heap        ] GC(380) Survivor regions: 42->43(77)
[3143.916s][info][gc,heap        ] GC(380) Old regions: 151->142
[3143.916s][info][gc,heap        ] GC(380) Humongous regions: 33->33
[3143.916s][info][gc,metaspace   ] GC(380) Metaspace: 35824K(38080K)->35824K(38080K) NonClass: 26752K(27008K)->26752K(27008K) Class: 9071K(11072K)->9071K(11072K)
[3143.916s][info][gc             ] GC(380) Pause Young (Mixed) (G1 Evacuation Pause) 6353M->1712M(8192M) 152.307ms
[3143.916s][info][gc,cpu         ] GC(380) User=1.20s Sys=0.00s Real=0.15s
.........[3153.012s][info][gc,start       ] GC(381) Pause Young (Normal) (G1 Evacuation Pause)
[3153.012s][info][gc,task        ] GC(381) Using 8 workers of 8 for evacuation
[3153.153s][info][gc,phases      ] GC(381)   Pre Evacuate Collection Set: 0.26ms
[3153.153s][info][gc,phases      ] GC(381)   Merge Heap Roots: 0.59ms
[3153.153s][info][gc,phases      ] GC(381)   Evacuate Collection Set: 138.79ms
[3153.153s][info][gc,phases      ] GC(381)   Post Evacuate Collection Set: 1.05ms
[3153.153s][info][gc,phases      ] GC(381)   Other: 0.06ms
[3153.153s][info][gc,heap        ] GC(381) Eden regions: 571->0(573)
[3153.153s][info][gc,heap        ] GC(381) Survivor regions: 43->41(77)
[3153.153s][info][gc,heap        ] GC(381) Old regions: 142->149
[3153.153s][info][gc,heap        ] GC(381) Humongous regions: 33->33
[3153.153s][info][gc,metaspace   ] GC(381) Metaspace: 35824K(38080K)->35824K(38080K) NonClass: 26752K(27008K)->26752K(27008K) Class: 9071K(11072K)->9071K(11072K)
[3153.153s][info][gc             ] GC(381) Pause Young (Normal) (G1 Evacuation Pause) 6280M->1756M(8192M) 140.890ms
[3153.153s][info][gc,cpu         ] GC(381) User=1.12s Sys=0.00s Real=0.14s
.........[3162.332s][info][gc,start       ] GC(382) Pause Young (Normal) (G1 Evacuation Pause)
[3162.332s][info][gc,task        ] GC(382) Using 8 workers of 8 for evacuation
[3162.474s][info][gc,phases      ] GC(382)   Pre Evacuate Collection Set: 0.25ms
[3162.474s][info][gc,phases      ] GC(382)   Merge Heap Roots: 0.61ms
[3162.474s][info][gc,phases      ] GC(382)   Evacuate Collection Set: 139.79ms
[3162.474s][info][gc,phases      ] GC(382)   Post Evacuate Collection Set: 1.06ms
[3162.474s][info][gc,phases      ] GC(382)   Other: 0.07ms
[3162.474s][info][gc,heap        ] GC(382) Eden regions: 573->0(572)
[3162.474s][info][gc,heap        ] GC(382) Survivor regions: 41->42(77)
[3162.474s][info][gc,heap        ] GC(382) Old regions: 149->157
[3162.474s][info][gc,heap        ] GC(382) Humongous regions: 33->33
[3162.474s][info][gc,metaspace   ] GC(382) Metaspace: 35824K(38080K)->35824K(38080K) NonClass: 26752K(27008K)->26752K(27008K) Class: 9071K(11072K)->9071K(11072K)
[3162.474s][info][gc             ] GC(382) Pause Young (Normal) (G1 Evacuation Pause) 6340M->1817M(8192M) 141.917ms
[3162.474s][info][gc,cpu         ] GC(382) User=1.12s Sys=0.00s Real=0.14s
..........[3171.633s][info][gc,start       ] GC(383) Pause Young (Normal) (G1 Evacuation Pause)
[3171.633s][info][gc,task        ] GC(383) Using 8 workers of 8 for evacuation
[3171.777s][info][gc,phases      ] GC(383)   Pre Evacuate Collection Set: 0.27ms
[3171.777s][info][gc,phases      ] GC(383)   Merge Heap Roots: 0.53ms
[3171.777s][info][gc,phases      ] GC(383)   Evacuate Collection Set: 142.27ms
[3171.777s][info][gc,phases      ] GC(383)   Post Evacuate Collection Set: 1.04ms
[3171.777s][info][gc,phases      ] GC(383)   Other: 0.07ms
[3171.777s][info][gc,heap        ] GC(383) Eden regions: 572->0(571)
[3171.777s][info][gc,heap        ] GC(383) Survivor regions: 42->43(77)
[3171.777s][info][gc,heap        ] GC(383) Old regions: 157->163
[3171.777s][info][gc,heap        ] GC(383) Humongous regions: 33->33
[3171.777s][info][gc,metaspace   ] GC(383) Metaspace: 35824K(38080K)->35824K(38080K) NonClass: 26752K(27008K)->26752K(27008K) Class: 9071K(11072K)->9071K(11072K)
[3171.777s][info][gc             ] GC(383) Pause Young (Normal) (G1 Evacuation Pause) 6393M->1880M(8192M) 144.304ms
[3171.777s][info][gc,cpu         ] GC(383) User=1.14s Sys=0.00s Real=0.15s
........ (rIR:aIR:PR = 4151:4151:4151) (tPR = 61407) [OK] 
  3179s: Performance info:
         Transaction,    Success,    Partial,     Failed,   Receipts, AvgBarcode, 
             Overall,     249401,          0,          0,     236942,      59.47, 
         Response times:
             Request,    Success,    Partial,     Failed,   SkipFail,     Probes,    Samples,      min,      p50,      p90,      p95,      p99,      max, 
       TotalPurchase,     236942,          0,          0,          0,     231707,     256902,      300,     2700,     4600,     5200,    21000,   239000,
     InStorePurchase,     124713,          0,          0,          0,     122420,     135358,      400,     2700,     4600,     5200,    21000,   239000,
      OnlinePurchase,      87300,          0,          0,          0,      85211,      94609,      300,     2700,     4600,     5200,    22000,   238000,
        InstPurchase,      24929,          0,          0,          0,      24076,      26935,      500,     2800,     4700,     5300,    22000,   166000,
          AssocOfCat,        251,          0,          0,          0,        192,        265,    20000,    30000,    37400,    43000,    63780,   101000,
      AssocOfProduct,       2491,          0,          0,          0,       2321,       2757,      600,     2500,     4600,     5200,    12584,   144000,
      BusinessReport,        623,          0,          0,          0,        547,        686,    25000,    32000,    46000,    51650,   113390,   199000,
          CustBuyBeh,       2491,          0,          0,          0,       2291,       2682,      300,     2600,     4500,     5200,    16600,   154000,
       ProductReturn,       6603,          0,          0,          0,       6256,       7245,      200,     2800,     4600,     5200,    17654,   154000,

  3179s: (31%)   IR =   4289 .[3180.873s][info][gc,start       ] GC(384) Pause Young (Normal) (G1 Evacuation Pause)
[3180.873s][info][gc,task        ] GC(384) Using 8 workers of 8 for evacuation
[3181.020s][info][gc,phases      ] GC(384)   Pre Evacuate Collection Set: 0.27ms
[3181.020s][info][gc,phases      ] GC(384)   Merge Heap Roots: 0.58ms
[3181.020s][info][gc,phases      ] GC(384)   Evacuate Collection Set: 145.14ms
[3181.021s][info][gc,phases      ] GC(384)   Post Evacuate Collection Set: 1.06ms
[3181.021s][info][gc,phases      ] GC(384)   Other: 0.06ms
[3181.021s][info][gc,heap        ] GC(384) Eden regions: 571->0(571)
[3181.021s][info][gc,heap        ] GC(384) Survivor regions: 43->43(77)
[3181.021s][info][gc,heap        ] GC(384) Old regions: 163->170
[3181.021s][info][gc,heap        ] GC(384) Humongous regions: 33->33
[3181.021s][info][gc,metaspace   ] GC(384) Metaspace: 35824K(38080K)->35824K(38080K) NonClass: 26752K(27008K)->26752K(27008K) Class: 9071K(11072K)->9071K(11072K)
[3181.021s][info][gc             ] GC(384) Pause Young (Normal) (G1 Evacuation Pause) 6448M->1939M(8192M) 147.246ms
[3181.021s][info][gc,cpu         ] GC(384) User=1.17s Sys=0.00s Real=0.15s
.....|....[3189.875s][info][gc,start       ] GC(385) Pause Young (Normal) (G1 Evacuation Pause)
[3189.875s][info][gc,task        ] GC(385) Using 8 workers of 8 for evacuation
[3190.020s][info][gc,phases      ] GC(385)   Pre Evacuate Collection Set: 0.25ms
[3190.020s][info][gc,phases      ] GC(385)   Merge Heap Roots: 0.54ms
[3190.020s][info][gc,phases      ] GC(385)   Evacuate Collection Set: 142.49ms
[3190.020s][info][gc,phases      ] GC(385)   Post Evacuate Collection Set: 1.02ms
[3190.020s][info][gc,phases      ] GC(385)   Other: 0.06ms
[3190.020s][info][gc,heap        ] GC(385) Eden regions: 571->0(571)
[3190.020s][info][gc,heap        ] GC(385) Survivor regions: 43->43(77)
[3190.020s][info][gc,heap        ] GC(385) Old regions: 170->178
[3190.020s][info][gc,heap        ] GC(385) Humongous regions: 33->33
[3190.020s][info][gc,metaspace   ] GC(385) Metaspace: 35825K(38144K)->35825K(38144K) NonClass: 26753K(27072K)->26753K(27072K) Class: 9071K(11072K)->9071K(11072K)
[3190.020s][info][gc             ] GC(385) Pause Young (Normal) (G1 Evacuation Pause) 6507M->1997M(8192M) 144.484ms
[3190.020s][info][gc,cpu         ] GC(385) User=1.14s Sys=0.00s Real=0.15s
.........[3198.875s][info][gc,start       ] GC(386) Pause Young (Normal) (G1 Evacuation Pause)
[3198.875s][info][gc,task        ] GC(386) Using 8 workers of 8 for evacuation
[3199.021s][info][gc,phases      ] GC(386)   Pre Evacuate Collection Set: 0.27ms
[3199.021s][info][gc,phases      ] GC(386)   Merge Heap Roots: 0.54ms
[3199.021s][info][gc,phases      ] GC(386)   Evacuate Collection Set: 144.11ms
[3199.021s][info][gc,phases      ] GC(386)   Post Evacuate Collection Set: 1.06ms
[3199.021s][info][gc,phases      ] GC(386)   Other: 0.07ms
[3199.021s][info][gc,heap        ] GC(386) Eden regions: 571->0(571)
[3199.021s][info][gc,heap        ] GC(386) Survivor regions: 43->43(77)
[3199.021s][info][gc,heap        ] GC(386) Old regions: 178->185
[3199.021s][info][gc,heap        ] GC(386) Humongous regions: 33->33
[3199.021s][info][gc,metaspace   ] GC(386) Metaspace: 35825K(38144K)->35825K(38144K) NonClass: 26753K(27072K)->26753K(27072K) Class: 9071K(11072K)->9071K(11072K)
[3199.021s][info][gc             ] GC(386) Pause Young (Normal) (G1 Evacuation Pause) 6565M->2054M(8192M) 146.195ms
[3199.021s][info][gc,cpu         ] GC(386) User=1.16s Sys=0.00s Real=0.15s
.........[3207.878s][info][gc,start       ] GC(387) Pause Young (Normal) (G1 Evacuation Pause)
[3207.879s][info][gc,task        ] GC(387) Using 8 workers of 8 for evacuation
[3208.022s][info][gc,phases      ] GC(387)   Pre Evacuate Collection Set: 0.29ms
[3208.022s][info][gc,phases      ] GC(387)   Merge Heap Roots: 0.53ms
[3208.022s][info][gc,phases      ] GC(387)   Evacuate Collection Set: 141.13ms
[3208.022s][info][gc,phases      ] GC(387)   Post Evacuate Collection Set: 1.07ms
[3208.022s][info][gc,phases      ] GC(387)   Other: 0.06ms
[3208.022s][info][gc,heap        ] GC(387) Eden regions: 571->0(571)
[3208.022s][info][gc,heap        ] GC(387) Survivor regions: 43->43(77)
[3208.022s][info][gc,heap        ] GC(387) Old regions: 185->192
[3208.022s][info][gc,heap        ] GC(387) Humongous regions: 33->33
[3208.022s][info][gc,metaspace   ] GC(387) Metaspace: 35825K(38144K)->35825K(38144K) NonClass: 26753K(27072K)->26753K(27072K) Class: 9071K(11072K)->9071K(11072K)
[3208.022s][info][gc             ] GC(387) Pause Young (Normal) (G1 Evacuation Pause) 6622M->2109M(8192M) 143.209ms
[3208.022s][info][gc,cpu         ] GC(387) User=1.13s Sys=0.00s Real=0.14s
.........[3216.780s][info][gc,start       ] GC(388) Pause Young (Normal) (G1 Evacuation Pause)
[3216.780s][info][gc,task        ] GC(388) Using 8 workers of 8 for evacuation
[3216.923s][info][gc,phases      ] GC(388)   Pre Evacuate Collection Set: 0.28ms
[3216.923s][info][gc,phases      ] GC(388)   Merge Heap Roots: 0.54ms
[3216.923s][info][gc,phases      ] GC(388)   Evacuate Collection Set: 141.38ms
[3216.923s][info][gc,phases      ] GC(388)   Post Evacuate Collection Set: 1.06ms
[3216.923s][info][gc,phases      ] GC(388)   Other: 0.06ms
[3216.923s][info][gc,heap        ] GC(388) Eden regions: 571->0(571)
[3216.923s][info][gc,heap        ] GC(388) Survivor regions: 43->43(77)
[3216.923s][info][gc,heap        ] GC(388) Old regions: 192->198
[3216.923s][info][gc,heap        ] GC(388) Humongous regions: 33->33
[3216.923s][info][gc,metaspace   ] GC(388) Metaspace: 35825K(38144K)->35825K(38144K) NonClass: 26753K(27072K)->26753K(27072K) Class: 9071K(11072K)->9071K(11072K)
[3216.923s][info][gc             ] GC(388) Pause Young (Normal) (G1 Evacuation Pause) 6677M->2164M(8192M) 143.452ms
[3216.923s][info][gc,cpu         ] GC(388) User=1.13s Sys=0.01s Real=0.14s
.........[3225.799s][info][gc,start       ] GC(389) Pause Young (Normal) (G1 Evacuation Pause)
[3225.799s][info][gc,task        ] GC(389) Using 8 workers of 8 for evacuation
[3225.943s][info][gc,phases      ] GC(389)   Pre Evacuate Collection Set: 0.25ms
[3225.943s][info][gc,phases      ] GC(389)   Merge Heap Roots: 0.53ms
[3225.943s][info][gc,phases      ] GC(389)   Evacuate Collection Set: 141.50ms
[3225.943s][info][gc,phases      ] GC(389)   Post Evacuate Collection Set: 1.03ms
[3225.943s][info][gc,phases      ] GC(389)   Other: 0.06ms
[3225.943s][info][gc,heap        ] GC(389) Eden regions: 571->0(571)
[3225.943s][info][gc,heap        ] GC(389) Survivor regions: 43->43(77)
[3225.943s][info][gc,heap        ] GC(389) Old regions: 198->205
[3225.943s][info][gc,heap        ] GC(389) Humongous regions: 33->33
[3225.943s][info][gc,metaspace   ] GC(389) Metaspace: 35825K(38144K)->35825K(38144K) NonClass: 26753K(27072K)->26753K(27072K) Class: 9071K(11072K)->9071K(11072K)
[3225.943s][info][gc             ] GC(389) Pause Young (Normal) (G1 Evacuation Pause) 6732M->2215M(8192M) 143.516ms
[3225.943s][info][gc,cpu         ] GC(389) User=1.14s Sys=0.00s Real=0.14s
.........[3234.804s][info][gc,start       ] GC(390) Pause Young (Normal) (G1 Evacuation Pause)
[3234.804s][info][gc,task        ] GC(390) Using 8 workers of 8 for evacuation
[3234.949s][info][gc,phases      ] GC(390)   Pre Evacuate Collection Set: 0.24ms
[3234.949s][info][gc,phases      ] GC(390)   Merge Heap Roots: 0.68ms
[3234.949s][info][gc,phases      ] GC(390)   Evacuate Collection Set: 142.67ms
[3234.949s][info][gc,phases      ] GC(390)   Post Evacuate Collection Set: 1.02ms
[3234.949s][info][gc,phases      ] GC(390)   Other: 0.06ms
[3234.949s][info][gc,heap        ] GC(390) Eden regions: 571->0(572)
[3234.949s][info][gc,heap        ] GC(390) Survivor regions: 43->42(77)
[3234.949s][info][gc,heap        ] GC(390) Old regions: 205->212
[3234.949s][info][gc,heap        ] GC(390) Humongous regions: 33->33
[3234.949s][info][gc,metaspace   ] GC(390) Metaspace: 35825K(38144K)->35825K(38144K) NonClass: 26753K(27072K)->26753K(27072K) Class: 9071K(11072K)->9071K(11072K)
[3234.949s][info][gc             ] GC(390) Pause Young (Normal) (G1 Evacuation Pause) 6783M->2267M(8192M) 144.813ms
[3234.949s][info][gc,cpu         ] GC(390) User=1.15s Sys=0.00s Real=0.15s
.........[3243.879s][info][gc,start       ] GC(391) Pause Young (Normal) (G1 Evacuation Pause)
[3243.879s][info][gc,task        ] GC(391) Using 8 workers of 8 for evacuation
[3244.024s][info][gc,phases      ] GC(391)   Pre Evacuate Collection Set: 0.27ms
[3244.024s][info][gc,phases      ] GC(391)   Merge Heap Roots: 0.65ms
[3244.024s][info][gc,phases      ] GC(391)   Evacuate Collection Set: 143.63ms
[3244.024s][info][gc,phases      ] GC(391)   Post Evacuate Collection Set: 1.06ms
[3244.024s][info][gc,phases      ] GC(391)   Other: 0.07ms
[3244.024s][info][gc,heap        ] GC(391) Eden regions: 572->0(571)
[3244.024s][info][gc,heap        ] GC(391) Survivor regions: 42->43(77)
[3244.024s][info][gc,heap        ] GC(391) Old regions: 212->219
[3244.024s][info][gc,heap        ] GC(391) Humongous regions: 33->33
[3244.024s][info][gc,metaspace   ] GC(391) Metaspace: 35825K(38144K)->35825K(38144K) NonClass: 26753K(27072K)->26753K(27072K) Class: 9071K(11072K)->9071K(11072K)
[3244.024s][info][gc             ] GC(391) Pause Young (Normal) (G1 Evacuation Pause) 6843M->2332M(8192M) 145.796ms
[3244.025s][info][gc,cpu         ] GC(391) User=1.15s Sys=0.01s Real=0.14s
.. (rIR:aIR:PR = 4289:4290:4290) (tPR = 63193) [OK] 
  3245s: Performance info:
         Transaction,    Success,    Partial,     Failed,   Receipts, AvgBarcode, 
             Overall,     257507,          0,          0,     244634,      59.48, 
         Response times:
             Request,    Success,    Partial,     Failed,   SkipFail,     Probes,    Samples,      min,      p50,      p90,      p95,      p99,      max, 
       TotalPurchase,     244634,          0,          0,          0,     239561,     265008,      300,     2800,     4800,     5400,    32000,   228000,
     InStorePurchase,     128769,          0,          0,          0,     126324,     139454,      300,     2700,     4700,     5400,    32000,   228000,
      OnlinePurchase,      90098,          0,          0,          0,      88408,      97770,      300,     2800,     4800,     5400,    32000,   228000,
        InstPurchase,      25767,          0,          0,          0,      24829,      27784,      500,     3000,     4900,     5500,    32000,   219000,
          AssocOfCat,        257,          0,          0,          0,        205,        282,    21000,    30000,    36000,    43700,    67190,   191000,
      AssocOfProduct,       2578,          0,          0,          0,       2360,       2790,      500,     3000,     4900,     5400,    35000,   160000,
      BusinessReport,        639,          0,          0,          0,        534,        673,    25000,    32000,    42000,    50000,   181340,   209000,
          CustBuyBeh,       2574,          0,          0,          0,       2379,       2819,      200,     2600,     4600,     5300,    32800,   159000,
       ProductReturn,       6825,          0,          0,          0,       6437,       7311,      200,     2800,     4600,     5200,    39880,   218000,

  3245s: (32%)   IR =   4428 ......|[3252.566s][info][gc,start       ] GC(392) Pause Young (Normal) (G1 Evacuation Pause)
[3252.566s][info][gc,task        ] GC(392) Using 8 workers of 8 for evacuation
[3252.710s][info][gc,phases      ] GC(392)   Pre Evacuate Collection Set: 0.24ms
[3252.710s][info][gc,phases      ] GC(392)   Merge Heap Roots: 0.64ms
[3252.710s][info][gc,phases      ] GC(392)   Evacuate Collection Set: 142.24ms
[3252.710s][info][gc,phases      ] GC(392)   Post Evacuate Collection Set: 1.04ms
[3252.710s][info][gc,phases      ] GC(392)   Other: 0.06ms
[3252.710s][info][gc,heap        ] GC(392) Eden regions: 571->0(572)
[3252.710s][info][gc,heap        ] GC(392) Survivor regions: 43->42(77)
[3252.710s][info][gc,heap        ] GC(392) Old regions: 219->226
[3252.710s][info][gc,heap        ] GC(392) Humongous regions: 33->33
[3252.710s][info][gc,metaspace   ] GC(392) Metaspace: 35825K(38144K)->35825K(38144K) NonClass: 26753K(27072K)->26753K(27072K) Class: 9071K(11072K)->9071K(11072K)
[3252.710s][info][gc             ] GC(392) Pause Young (Normal) (G1 Evacuation Pause) 6900M->2379M(8192M) 144.374ms
[3252.710s][info][gc,cpu         ] GC(392) User=1.14s Sys=0.00s Real=0.15s
.........[3261.306s][info][gc,start       ] GC(393) Pause Young (Normal) (G1 Evacuation Pause)
[3261.306s][info][gc,task        ] GC(393) Using 8 workers of 8 for evacuation
[3261.448s][info][gc,phases      ] GC(393)   Pre Evacuate Collection Set: 0.24ms
[3261.448s][info][gc,phases      ] GC(393)   Merge Heap Roots: 0.53ms
[3261.448s][info][gc,phases      ] GC(393)   Evacuate Collection Set: 140.28ms
[3261.448s][info][gc,phases      ] GC(393)   Post Evacuate Collection Set: 1.08ms
[3261.448s][info][gc,phases      ] GC(393)   Other: 0.07ms
[3261.448s][info][gc,heap        ] GC(393) Eden regions: 572->0(571)
[3261.448s][info][gc,heap        ] GC(393) Survivor regions: 42->43(77)
[3261.448s][info][gc,heap        ] GC(393) Old regions: 226->233
[3261.448s][info][gc,heap        ] GC(393) Humongous regions: 33->33
[3261.448s][info][gc,metaspace   ] GC(393) Metaspace: 35825K(38144K)->35825K(38144K) NonClass: 26753K(27072K)->26753K(27072K) Class: 9071K(11072K)->9071K(11072K)
[3261.448s][info][gc             ] GC(393) Pause Young (Normal) (G1 Evacuation Pause) 6955M->2439M(8192M) 142.325ms
[3261.449s][info][gc,cpu         ] GC(393) User=1.13s Sys=0.00s Real=0.15s
.........[3269.979s][info][gc,start       ] GC(394) Pause Young (Normal) (G1 Evacuation Pause)
[3269.979s][info][gc,task        ] GC(394) Using 8 workers of 8 for evacuation
[3270.120s][info][gc,phases      ] GC(394)   Pre Evacuate Collection Set: 0.30ms
[3270.120s][info][gc,phases      ] GC(394)   Merge Heap Roots: 0.66ms
[3270.120s][info][gc,phases      ] GC(394)   Evacuate Collection Set: 138.88ms
[3270.120s][info][gc,phases      ] GC(394)   Post Evacuate Collection Set: 1.07ms
[3270.120s][info][gc,phases      ] GC(394)   Other: 0.07ms
[3270.120s][info][gc,heap        ] GC(394) Eden regions: 571->0(572)
[3270.120s][info][gc,heap        ] GC(394) Survivor regions: 43->42(77)
[3270.120s][info][gc,heap        ] GC(394) Old regions: 233->241
[3270.120s][info][gc,heap        ] GC(394) Humongous regions: 33->33
[3270.120s][info][gc,metaspace   ] GC(394) Metaspace: 35825K(38144K)->35825K(38144K) NonClass: 26753K(27072K)->26753K(27072K) Class: 9071K(11072K)->9071K(11072K)
[3270.120s][info][gc             ] GC(394) Pause Young (Normal) (G1 Evacuation Pause) 7007M->2493M(8192M) 141.132ms
[3270.120s][info][gc,cpu         ] GC(394) User=1.12s Sys=0.00s Real=0.14s
.........[3278.729s][info][gc,start       ] GC(395) Pause Young (Normal) (G1 Evacuation Pause)
[3278.729s][info][gc,task        ] GC(395) Using 8 workers of 8 for evacuation
[3278.875s][info][gc,phases      ] GC(395)   Pre Evacuate Collection Set: 0.28ms
[3278.875s][info][gc,phases      ] GC(395)   Merge Heap Roots: 0.70ms
[3278.875s][info][gc,phases      ] GC(395)   Evacuate Collection Set: 143.46ms
[3278.875s][info][gc,phases      ] GC(395)   Post Evacuate Collection Set: 1.05ms
[3278.875s][info][gc,phases      ] GC(395)   Other: 0.07ms
[3278.875s][info][gc,heap        ] GC(395) Eden regions: 572->0(571)
[3278.875s][info][gc,heap        ] GC(395) Survivor regions: 42->43(77)
[3278.875s][info][gc,heap        ] GC(395) Old regions: 241->248
[3278.875s][info][gc,heap        ] GC(395) Humongous regions: 33->33
[3278.875s][info][gc,metaspace   ] GC(395) Metaspace: 35825K(38144K)->35825K(38144K) NonClass: 26753K(27072K)->26753K(27072K) Class: 9071K(11072K)->9071K(11072K)
[3278.875s][info][gc             ] GC(395) Pause Young (Normal) (G1 Evacuation Pause) 7069M->2558M(8192M) 145.691ms
[3278.875s][info][gc,cpu         ] GC(395) User=1.15s Sys=0.00s Real=0.14s
........[3287.417s][info][gc,start       ] GC(396) Pause Young (Normal) (G1 Evacuation Pause)
[3287.417s][info][gc,task        ] GC(396) Using 8 workers of 8 for evacuation
[3287.561s][info][gc,phases      ] GC(396)   Pre Evacuate Collection Set: 0.24ms
[3287.561s][info][gc,phases      ] GC(396)   Merge Heap Roots: 0.57ms
[3287.561s][info][gc,phases      ] GC(396)   Evacuate Collection Set: 142.00ms
[3287.561s][info][gc,phases      ] GC(396)   Post Evacuate Collection Set: 1.05ms
[3287.561s][info][gc,phases      ] GC(396)   Other: 0.07ms
[3287.561s][info][gc,heap        ] GC(396) Eden regions: 571->0(571)
[3287.561s][info][gc,heap        ] GC(396) Survivor regions: 43->43(77)
[3287.561s][info][gc,heap        ] GC(396) Old regions: 248->255
[3287.561s][info][gc,heap        ] GC(396) Humongous regions: 33->33
[3287.561s][info][gc,metaspace   ] GC(396) Metaspace: 35825K(38144K)->35825K(38144K) NonClass: 26753K(27072K)->26753K(27072K) Class: 9071K(11072K)->9071K(11072K)
[3287.561s][info][gc             ] GC(396) Pause Young (Normal) (G1 Evacuation Pause) 7126M->2609M(8192M) 144.067ms
[3287.561s][info][gc,cpu         ] GC(396) User=1.14s Sys=0.00s Real=0.14s
.........[3296.155s][info][gc,start       ] GC(397) Pause Young (Normal) (G1 Evacuation Pause)
[3296.155s][info][gc,task        ] GC(397) Using 8 workers of 8 for evacuation
[3296.297s][info][gc,phases      ] GC(397)   Pre Evacuate Collection Set: 0.28ms
[3296.297s][info][gc,phases      ] GC(397)   Merge Heap Roots: 0.58ms
[3296.297s][info][gc,phases      ] GC(397)   Evacuate Collection Set: 139.91ms
[3296.297s][info][gc,phases      ] GC(397)   Post Evacuate Collection Set: 1.06ms
[3296.297s][info][gc,phases      ] GC(397)   Other: 0.08ms
[3296.297s][info][gc,heap        ] GC(397) Eden regions: 571->0(572)
[3296.297s][info][gc,heap        ] GC(397) Survivor regions: 43->42(77)
[3296.297s][info][gc,heap        ] GC(397) Old regions: 255->262
[3296.297s][info][gc,heap        ] GC(397) Humongous regions: 33->33
[3296.297s][info][gc,metaspace   ] GC(397) Metaspace: 35825K(38144K)->35825K(38144K) NonClass: 26753K(27072K)->26753K(27072K) Class: 9071K(11072K)->9071K(11072K)
[3296.297s][info][gc             ] GC(397) Pause Young (Normal) (G1 Evacuation Pause) 7177M->2662M(8192M) 142.040ms
[3296.298s][info][gc,cpu         ] GC(397) User=1.12s Sys=0.00s Real=0.15s
.........[3304.951s][info][gc,start       ] GC(398) Pause Young (Normal) (G1 Evacuation Pause)
[3304.951s][info][gc,task        ] GC(398) Using 8 workers of 8 for evacuation
[3305.095s][info][gc,phases      ] GC(398)   Pre Evacuate Collection Set: 0.28ms
[3305.095s][info][gc,phases      ] GC(398)   Merge Heap Roots: 0.64ms
[3305.095s][info][gc,phases      ] GC(398)   Evacuate Collection Set: 141.20ms
[3305.095s][info][gc,phases      ] GC(398)   Post Evacuate Collection Set: 1.03ms
[3305.095s][info][gc,phases      ] GC(398)   Other: 0.06ms
[3305.095s][info][gc,heap        ] GC(398) Eden regions: 572->0(571)
[3305.095s][info][gc,heap        ] GC(398) Survivor regions: 42->43(77)
[3305.095s][info][gc,heap        ] GC(398) Old regions: 262->269
[3305.095s][info][gc,heap        ] GC(398) Humongous regions: 33->33
[3305.095s][info][gc,metaspace   ] GC(398) Metaspace: 35825K(38144K)->35825K(38144K) NonClass: 26753K(27072K)->26753K(27072K) Class: 9071K(11072K)->9071K(11072K)
[3305.095s][info][gc             ] GC(398) Pause Young (Normal) (G1 Evacuation Pause) 7238M->2722M(8192M) 143.345ms
[3305.095s][info][gc,cpu         ] GC(398) User=1.13s Sys=0.00s Real=0.14s
....... (rIR:aIR:PR = 4428:4427:4427) (tPR = 65499) [OK] 
  3311s: Performance info:
         Transaction,    Success,    Partial,     Failed,   Receipts, AvgBarcode, 
             Overall,     266190,          0,          0,     252885,      59.47, 
         Response times:
             Request,    Success,    Partial,     Failed,   SkipFail,     Probes,    Samples,      min,      p50,      p90,      p95,      p99,      max, 
       TotalPurchase,     252885,          0,          0,          0,     247137,     274360,      400,     2900,     4900,     5500,    23000,   153000,
     InStorePurchase,     133088,          0,          0,          0,     130359,     144440,      400,     2800,     4900,     5500,    23000,   150000,
      OnlinePurchase,      93174,          0,          0,          0,      90901,     100941,      400,     2900,     5000,     5600,    24000,   153000,
        InstPurchase,      26623,          0,          0,          0,      25877,      28979,      500,     3000,     5000,     5600,    24000,   151000,
          AssocOfCat,        265,          0,          0,          0,        213,        303,    18800,    30000,    37000,    41000,    49000,    52000,
      AssocOfProduct,       2668,          0,          0,          0,       2479,       2910,      300,     3200,     5300,     5845,    13700,   203000,
      BusinessReport,        662,          0,          0,          0,        549,        714,    25000,    32000,    42000,    52000,    97000,   193000,
          CustBuyBeh,       2652,          0,          0,          0,       2395,       2792,      200,     2900,     4800,     5300,    30000,   150000,
       ProductReturn,       7057,          0,          0,          0,       6731,       7698,      200,     2500,     4700,     5500,    22000,   149000,

  3311s: (33%)   IR =   4566 .[3313.511s][info][gc,start       ] GC(399) Pause Young (Normal) (G1 Evacuation Pause)
[3313.511s][info][gc,task        ] GC(399) Using 8 workers of 8 for evacuation
[3313.654s][info][gc,phases      ] GC(399)   Pre Evacuate Collection Set: 0.25ms
[3313.654s][info][gc,phases      ] GC(399)   Merge Heap Roots: 0.54ms
[3313.654s][info][gc,phases      ] GC(399)   Evacuate Collection Set: 140.53ms
[3313.654s][info][gc,phases      ] GC(399)   Post Evacuate Collection Set: 1.05ms
[3313.654s][info][gc,phases      ] GC(399)   Other: 0.06ms
[3313.654s][info][gc,heap        ] GC(399) Eden regions: 571->0(571)
[3313.654s][info][gc,heap        ] GC(399) Survivor regions: 43->43(77)
[3313.654s][info][gc,heap        ] GC(399) Old regions: 269->276
[3313.654s][info][gc,heap        ] GC(399) Humongous regions: 33->33
[3313.654s][info][gc,metaspace   ] GC(399) Metaspace: 35828K(38144K)->35828K(38144K) NonClass: 26756K(27072K)->26756K(27072K) Class: 9071K(11072K)->9071K(11072K)
[3313.654s][info][gc             ] GC(399) Pause Young (Normal) (G1 Evacuation Pause) 7290M->2781M(8192M) 142.569ms
[3313.654s][info][gc,cpu         ] GC(399) User=1.12s Sys=0.00s Real=0.14s
......|...[3321.957s][info][gc,start       ] GC(400) Pause Young (Normal) (G1 Evacuation Pause)
[3321.957s][info][gc,task        ] GC(400) Using 8 workers of 8 for evacuation
[3322.103s][info][gc,phases      ] GC(400)   Pre Evacuate Collection Set: 0.24ms
[3322.103s][info][gc,phases      ] GC(400)   Merge Heap Roots: 0.59ms
[3322.103s][info][gc,phases      ] GC(400)   Evacuate Collection Set: 143.70ms
[3322.103s][info][gc,phases      ] GC(400)   Post Evacuate Collection Set: 1.07ms
[3322.103s][info][gc,phases      ] GC(400)   Other: 0.07ms
[3322.103s][info][gc,heap        ] GC(400) Eden regions: 571->0(570)
[3322.103s][info][gc,heap        ] GC(400) Survivor regions: 43->43(77)
[3322.103s][info][gc,heap        ] GC(400) Old regions: 276->283
[3322.103s][info][gc,heap        ] GC(400) Humongous regions: 33->33
[3322.103s][info][gc,metaspace   ] GC(400) Metaspace: 35828K(38144K)->35828K(38144K) NonClass: 26756K(27072K)->26756K(27072K) Class: 9071K(11072K)->9071K(11072K)
[3322.103s][info][gc             ] GC(400) Pause Young (Normal) (G1 Evacuation Pause) 7349M->2837M(8192M) 145.819ms
[3322.103s][info][gc,cpu         ] GC(400) User=1.15s Sys=0.00s Real=0.14s
........[3330.379s][info][gc,start       ] GC(401) Pause Young (Normal) (G1 Evacuation Pause)
[3330.379s][info][gc,task        ] GC(401) Using 8 workers of 8 for evacuation
[3330.522s][info][gc,phases      ] GC(401)   Pre Evacuate Collection Set: 0.28ms
[3330.522s][info][gc,phases      ] GC(401)   Merge Heap Roots: 0.54ms
[3330.522s][info][gc,phases      ] GC(401)   Evacuate Collection Set: 140.26ms
[3330.522s][info][gc,phases      ] GC(401)   Post Evacuate Collection Set: 1.04ms
[3330.522s][info][gc,phases      ] GC(401)   Other: 0.07ms
[3330.522s][info][gc,heap        ] GC(401) Eden regions: 570->0(565)
[3330.522s][info][gc,heap        ] GC(401) Survivor regions: 43->42(77)
[3330.522s][info][gc,heap        ] GC(401) Old regions: 283->290
[3330.522s][info][gc,heap        ] GC(401) Humongous regions: 33->33
[3330.522s][info][gc,metaspace   ] GC(401) Metaspace: 35828K(38144K)->35828K(38144K) NonClass: 26756K(27072K)->26756K(27072K) Class: 9071K(11072K)->9071K(11072K)
[3330.522s][info][gc             ] GC(401) Pause Young (Normal) (G1 Evacuation Pause) 7397M->2889M(8192M) 142.319ms
[3330.522s][info][gc,cpu         ] GC(401) User=1.13s Sys=0.00s Real=0.14s
........[3338.676s][info][gc,start       ] GC(402) Pause Young (Normal) (G1 Evacuation Pause)
[3338.676s][info][gc,task        ] GC(402) Using 8 workers of 8 for evacuation
[3338.818s][info][gc,phases      ] GC(402)   Pre Evacuate Collection Set: 0.29ms
[3338.818s][info][gc,phases      ] GC(402)   Merge Heap Roots: 0.57ms
[3338.818s][info][gc,phases      ] GC(402)   Evacuate Collection Set: 139.92ms
[3338.818s][info][gc,phases      ] GC(402)   Post Evacuate Collection Set: 1.05ms
[3338.818s][info][gc,phases      ] GC(402)   Other: 0.07ms
[3338.818s][info][gc,heap        ] GC(402) Eden regions: 565->0(556)
[3338.818s][info][gc,heap        ] GC(402) Survivor regions: 42->43(76)
[3338.818s][info][gc,heap        ] GC(402) Old regions: 290->297
[3338.818s][info][gc,heap        ] GC(402) Humongous regions: 33->33
[3338.818s][info][gc,metaspace   ] GC(402) Metaspace: 35828K(38144K)->35828K(38144K) NonClass: 26756K(27072K)->26756K(27072K) Class: 9071K(11072K)->9071K(11072K)
[3338.818s][info][gc             ] GC(402) Pause Young (Normal) (G1 Evacuation Pause) 7409M->2949M(8192M) 142.050ms
[3338.818s][info][gc,cpu         ] GC(402) User=1.12s Sys=0.00s Real=0.15s
.........[3346.956s][info][gc,start       ] GC(403) Pause Young (Normal) (G1 Evacuation Pause)
[3346.956s][info][gc,task        ] GC(403) Using 8 workers of 8 for evacuation
[3347.096s][info][gc,phases      ] GC(403)   Pre Evacuate Collection Set: 0.27ms
[3347.096s][info][gc,phases      ] GC(403)   Merge Heap Roots: 0.57ms
[3347.096s][info][gc,phases      ] GC(403)   Evacuate Collection Set: 138.22ms
[3347.096s][info][gc,phases      ] GC(403)   Post Evacuate Collection Set: 1.01ms
[3347.096s][info][gc,phases      ] GC(403)   Other: 0.06ms
[3347.096s][info][gc,heap        ] GC(403) Eden regions: 556->0(551)
[3347.096s][info][gc,heap        ] GC(403) Survivor regions: 43->42(75)
[3347.096s][info][gc,heap        ] GC(403) Old regions: 297->304
[3347.096s][info][gc,heap        ] GC(403) Humongous regions: 33->33
[3347.096s][info][gc,metaspace   ] GC(403) Metaspace: 35828K(38144K)->35828K(38144K) NonClass: 26756K(27072K)->26756K(27072K) Class: 9071K(11072K)->9071K(11072K)
[3347.096s][info][gc             ] GC(403) Pause Young (Normal) (G1 Evacuation Pause) 7397M->3003M(8192M) 140.273ms
[3347.096s][info][gc,cpu         ] GC(403) User=1.11s Sys=0.00s Real=0.14s
........[3355.109s][info][gc,start       ] GC(404) Pause Young (Normal) (G1 Evacuation Pause)
[3355.109s][info][gc,task        ] GC(404) Using 8 workers of 8 for evacuation
[3355.249s][info][gc,phases      ] GC(404)   Pre Evacuate Collection Set: 0.27ms
[3355.250s][info][gc,phases      ] GC(404)   Merge Heap Roots: 0.61ms
[3355.250s][info][gc,phases      ] GC(404)   Evacuate Collection Set: 138.47ms
[3355.250s][info][gc,phases      ] GC(404)   Post Evacuate Collection Set: 1.04ms
[3355.250s][info][gc,phases      ] GC(404)   Other: 0.07ms
[3355.250s][info][gc,heap        ] GC(404) Eden regions: 551->0(545)
[3355.250s][info][gc,heap        ] GC(404) Survivor regions: 42->41(75)
[3355.250s][info][gc,heap        ] GC(404) Old regions: 304->312
[3355.250s][info][gc,heap        ] GC(404) Humongous regions: 33->33
[3355.250s][info][gc,metaspace   ] GC(404) Metaspace: 35828K(38144K)->35828K(38144K) NonClass: 26756K(27072K)->26756K(27072K) Class: 9071K(11072K)->9071K(11072K)
[3355.250s][info][gc             ] GC(404) Pause Young (Normal) (G1 Evacuation Pause) 7411M->3049M(8192M) 140.605ms
[3355.250s][info][gc,cpu         ] GC(404) User=1.11s Sys=0.00s Real=0.14s
........[3363.125s][info][gc,start       ] GC(405) Pause Young (Concurrent Start) (G1 Evacuation Pause)
[3363.125s][info][gc,task        ] GC(405) Using 8 workers of 8 for evacuation
[3363.267s][info][gc,phases      ] GC(405)   Pre Evacuate Collection Set: 0.30ms
[3363.267s][info][gc,phases      ] GC(405)   Merge Heap Roots: 0.53ms
[3363.267s][info][gc,phases      ] GC(405)   Evacuate Collection Set: 139.55ms
[3363.267s][info][gc,phases      ] GC(405)   Post Evacuate Collection Set: 0.99ms
[3363.267s][info][gc,phases      ] GC(405)   Other: 0.12ms
[3363.267s][info][gc,heap        ] GC(405) Eden regions: 545->0(536)
[3363.267s][info][gc,heap        ] GC(405) Survivor regions: 41->42(74)
[3363.267s][info][gc,heap        ] GC(405) Old regions: 312->319
[3363.267s][info][gc,heap        ] GC(405) Humongous regions: 33->33
[3363.267s][info][gc,metaspace   ] GC(405) Metaspace: 35828K(38144K)->35828K(38144K) NonClass: 26756K(27072K)->26756K(27072K) Class: 9071K(11072K)->9071K(11072K)
[3363.267s][info][gc             ] GC(405) Pause Young (Concurrent Start) (G1 Evacuation Pause) 7409M->3113M(8192M) 141.642ms
[3363.267s][info][gc             ] GC(406) Concurrent Mark Cycle
[3363.267s][info][gc,marking     ] GC(406) Concurrent Scan Root Regions
[3363.267s][info][gc,cpu         ] GC(405) User=1.12s Sys=0.00s Real=0.15s
[3363.488s][info][gc,marking     ] GC(406) Concurrent Scan Root Regions 220.603ms
[3363.488s][info][gc,marking     ] GC(406) Concurrent Mark
[3363.488s][info][gc,marking     ] GC(406) Concurrent Mark From Roots
[3363.488s][info][gc,task        ] GC(406) Using 2 workers of 2 for marking
.[3364.048s][info][gc,marking     ] GC(406) Concurrent Mark From Roots 560.128ms
[3364.048s][info][gc,marking     ] GC(406) Concurrent Preclean
[3364.048s][info][gc,marking     ] GC(406) Concurrent Preclean 0.077ms
[3364.048s][info][gc,start       ] GC(406) Pause Remark
[3364.050s][info][gc             ] GC(406) Pause Remark 3626M->2970M(8192M) 1.706ms
[3364.050s][info][gc,cpu         ] GC(406) User=0.01s Sys=0.01s Real=0.00s
[3364.050s][info][gc,marking     ] GC(406) Concurrent Mark 562.161ms
[3364.050s][info][gc,marking     ] GC(406) Concurrent Rebuild Remembered Sets and Scrub Regions
[3364.418s][info][gc,marking     ] GC(406) Concurrent Rebuild Remembered Sets and Scrub Regions 368.025ms
[3364.418s][info][gc,start       ] GC(406) Pause Cleanup
[3364.418s][info][gc             ] GC(406) Pause Cleanup 3157M->3157M(8192M) 0.258ms
[3364.418s][info][gc,cpu         ] GC(406) User=0.00s Sys=0.00s Real=0.00s
[3364.418s][info][gc,marking     ] GC(406) Concurrent Clear Claimed Marks
[3364.418s][info][gc,marking     ] GC(406) Concurrent Clear Claimed Marks 0.041ms
[3364.418s][info][gc,marking     ] GC(406) Concurrent Cleanup for Next Mark
[3364.425s][info][gc,marking     ] GC(406) Concurrent Cleanup for Next Mark 7.040ms
[3364.426s][info][gc             ] GC(406) Concurrent Mark Cycle 1158.481ms
.......[3371.068s][info][gc,start       ] GC(407) Pause Young (Prepare Mixed) (G1 Evacuation Pause)
[3371.069s][info][gc,task        ] GC(407) Using 8 workers of 8 for evacuation
[3371.209s][info][gc,phases      ] GC(407)   Pre Evacuate Collection Set: 0.26ms
[3371.209s][info][gc,phases      ] GC(407)   Merge Heap Roots: 0.72ms
[3371.209s][info][gc,phases      ] GC(407)   Evacuate Collection Set: 138.12ms
[3371.209s][info][gc,phases      ] GC(407)   Post Evacuate Collection Set: 1.11ms
[3371.209s][info][gc,phases      ] GC(407)   Other: 0.07ms
[3371.209s][info][gc,heap        ] GC(407) Eden regions: 536->0(573)
[3371.209s][info][gc,heap        ] GC(407) Survivor regions: 42->41(73)
[3371.209s][info][gc,heap        ] GC(407) Old regions: 237->244
[3371.209s][info][gc,heap        ] GC(407) Humongous regions: 33->33
[3371.209s][info][gc,metaspace   ] GC(407) Metaspace: 35828K(38144K)->35828K(38144K) NonClass: 26756K(27072K)->26756K(27072K) Class: 9071K(11072K)->9071K(11072K)
[3371.209s][info][gc             ] GC(407) Pause Young (Prepare Mixed) (G1 Evacuation Pause) 6745M->2509M(8192M) 140.428ms
[3371.209s][info][gc,cpu         ] GC(407) User=1.11s Sys=0.00s Real=0.14s
........ (rIR:aIR:PR = 4566:4567:4567) (tPR = 67810) [OK] 
  3378s: Performance info:
         Transaction,    Success,    Partial,     Failed,   Receipts, AvgBarcode, 
             Overall,     274230,          0,          0,     260522,      59.48, 
         Response times:
             Request,    Success,    Partial,     Failed,   SkipFail,     Probes,    Samples,      min,      p50,      p90,      p95,      p99,      max, 
       TotalPurchase,     260523,          0,          0,          0,     255204,     286932,      300,     2900,     5100,     5900,    25000,   162000,
     InStorePurchase,     137072,          0,          0,          0,     134471,     151008,      400,     2900,     5100,     5800,    26000,   154000,
      OnlinePurchase,      96003,          0,          0,          0,      94125,     105744,      300,     3000,     5100,     5900,    24000,   162000,
        InstPurchase,      27448,          0,          0,          0,      26608,      30180,      500,     3000,     5200,     5900,    26000,   148000,
          AssocOfCat,        275,          0,          0,          0,        209,        302,    23000,    31000,    42700,    46000,    68000,    74000,
      AssocOfProduct,       2749,          0,          0,          0,       2522,       2979,      500,     3000,     5300,     6000,    30200,   148000,
      BusinessReport,        687,          0,          0,          0,        614,        802,    19500,    33000,    48000,    52000,    90850,   201000,
          CustBuyBeh,       2744,          0,          0,          0,       2535,       3030,      200,     3100,     5200,     6045,    22690,   147000,
       ProductReturn,       7252,          0,          0,          0,       6896,       8049,      200,     2900,     5000,     5800,    29000,   147000,

  3378s: (34%)   IR =   4705 [3379.465s][info][gc,start       ] GC(408) Pause Young (Mixed) (G1 Evacuation Pause)
[3379.465s][info][gc,task        ] GC(408) Using 8 workers of 8 for evacuation
[3379.618s][info][gc,phases      ] GC(408)   Pre Evacuate Collection Set: 0.28ms
[3379.618s][info][gc,phases      ] GC(408)   Merge Heap Roots: 0.89ms
[3379.618s][info][gc,phases      ] GC(408)   Evacuate Collection Set: 150.06ms
[3379.618s][info][gc,phases      ] GC(408)   Post Evacuate Collection Set: 1.32ms
[3379.618s][info][gc,phases      ] GC(408)   Other: 0.08ms
[3379.618s][info][gc,heap        ] GC(408) Eden regions: 573->0(570)
[3379.618s][info][gc,heap        ] GC(408) Survivor regions: 41->44(77)
[3379.618s][info][gc,heap        ] GC(408) Old regions: 244->149
[3379.618s][info][gc,heap        ] GC(408) Humongous regions: 33->33
[3379.618s][info][gc,metaspace   ] GC(408) Metaspace: 35828K(38144K)->35828K(38144K) NonClass: 26756K(27072K)->26756K(27072K) Class: 9071K(11072K)->9071K(11072K)
[3379.618s][info][gc             ] GC(408) Pause Young (Mixed) (G1 Evacuation Pause) 7093M->1776M(8192M) 152.767ms
[3379.618s][info][gc,cpu         ] GC(408) User=1.21s Sys=0.00s Real=0.16s
......|..[3387.644s][info][gc,start       ] GC(409) Pause Young (Mixed) (G1 Evacuation Pause)
[3387.644s][info][gc,task        ] GC(409) Using 8 workers of 8 for evacuation
[3387.793s][info][gc,phases      ] GC(409)   Pre Evacuate Collection Set: 0.29ms
[3387.793s][info][gc,phases      ] GC(409)   Merge Heap Roots: 0.96ms
[3387.793s][info][gc,phases      ] GC(409)   Evacuate Collection Set: 146.93ms
[3387.793s][info][gc,phases      ] GC(409)   Post Evacuate Collection Set: 1.08ms
[3387.793s][info][gc,phases      ] GC(409)   Other: 0.08ms
[3387.793s][info][gc,heap        ] GC(409) Eden regions: 570->0(571)
[3387.793s][info][gc,heap        ] GC(409) Survivor regions: 44->43(77)
[3387.793s][info][gc,heap        ] GC(409) Old regions: 149->141
[3387.793s][info][gc,heap        ] GC(409) Humongous regions: 33->33
[3387.793s][info][gc,metaspace   ] GC(409) Metaspace: 35828K(38144K)->35828K(38144K) NonClass: 26756K(27072K)->26756K(27072K) Class: 9071K(11072K)->9071K(11072K)
[3387.793s][info][gc             ] GC(409) Pause Young (Mixed) (G1 Evacuation Pause) 6336M->1707M(8192M) 149.456ms
[3387.793s][info][gc,cpu         ] GC(409) User=1.19s Sys=0.00s Real=0.15s
........[3395.826s][info][gc,start       ] GC(410) Pause Young (Normal) (G1 Evacuation Pause)
[3395.827s][info][gc,task        ] GC(410) Using 8 workers of 8 for evacuation
[3395.969s][info][gc,phases      ] GC(410)   Pre Evacuate Collection Set: 0.27ms
[3395.969s][info][gc,phases      ] GC(410)   Merge Heap Roots: 0.53ms
[3395.969s][info][gc,phases      ] GC(410)   Evacuate Collection Set: 140.42ms
[3395.969s][info][gc,phases      ] GC(410)   Post Evacuate Collection Set: 1.07ms
[3395.969s][info][gc,phases      ] GC(410)   Other: 0.07ms
[3395.969s][info][gc,heap        ] GC(410) Eden regions: 571->0(572)
[3395.969s][info][gc,heap        ] GC(410) Survivor regions: 43->42(77)
[3395.969s][info][gc,heap        ] GC(410) Old regions: 141->149
[3395.969s][info][gc,heap        ] GC(410) Humongous regions: 33->33
[3395.969s][info][gc,metaspace   ] GC(410) Metaspace: 35828K(38144K)->35828K(38144K) NonClass: 26756K(27072K)->26756K(27072K) Class: 9071K(11072K)->9071K(11072K)
[3395.969s][info][gc             ] GC(410) Pause Young (Normal) (G1 Evacuation Pause) 6275M->1757M(8192M) 142.491ms
[3395.969s][info][gc,cpu         ] GC(410) User=1.13s Sys=0.00s Real=0.15s
.........[3404.084s][info][gc,start       ] GC(411) Pause Young (Normal) (G1 Evacuation Pause)
[3404.084s][info][gc,task        ] GC(411) Using 8 workers of 8 for evacuation
[3404.225s][info][gc,phases      ] GC(411)   Pre Evacuate Collection Set: 0.27ms
[3404.225s][info][gc,phases      ] GC(411)   Merge Heap Roots: 0.54ms
[3404.225s][info][gc,phases      ] GC(411)   Evacuate Collection Set: 139.20ms
[3404.225s][info][gc,phases      ] GC(411)   Post Evacuate Collection Set: 1.03ms
[3404.225s][info][gc,phases      ] GC(411)   Other: 0.06ms
[3404.225s][info][gc,heap        ] GC(411) Eden regions: 572->0(571)
[3404.225s][info][gc,heap        ] GC(411) Survivor regions: 42->43(77)
[3404.225s][info][gc,heap        ] GC(411) Old regions: 149->155
[3404.225s][info][gc,heap        ] GC(411) Humongous regions: 33->33
[3404.225s][info][gc,metaspace   ] GC(411) Metaspace: 35828K(38144K)->35828K(38144K) NonClass: 26756K(27072K)->26756K(27072K) Class: 9071K(11072K)->9071K(11072K)
[3404.225s][info][gc             ] GC(411) Pause Young (Normal) (G1 Evacuation Pause) 6333M->1816M(8192M) 141.228ms
[3404.225s][info][gc,cpu         ] GC(411) User=1.12s Sys=0.00s Real=0.14s
........[3412.198s][info][gc,start       ] GC(412) Pause Young (Normal) (G1 Evacuation Pause)
[3412.198s][info][gc,task        ] GC(412) Using 8 workers of 8 for evacuation
[3412.343s][info][gc,phases      ] GC(412)   Pre Evacuate Collection Set: 0.28ms
[3412.343s][info][gc,phases      ] GC(412)   Merge Heap Roots: 0.60ms
[3412.343s][info][gc,phases      ] GC(412)   Evacuate Collection Set: 143.15ms
[3412.343s][info][gc,phases      ] GC(412)   Post Evacuate Collection Set: 1.03ms
[3412.343s][info][gc,phases      ] GC(412)   Other: 0.07ms
[3412.343s][info][gc,heap        ] GC(412) Eden regions: 571->0(571)
[3412.343s][info][gc,heap        ] GC(412) Survivor regions: 43->43(77)
[3412.343s][info][gc,heap        ] GC(412) Old regions: 155->162
[3412.343s][info][gc,heap        ] GC(412) Humongous regions: 33->33
[3412.343s][info][gc,metaspace   ] GC(412) Metaspace: 35828K(38144K)->35828K(38144K) NonClass: 26756K(27072K)->26756K(27072K) Class: 9071K(11072K)->9071K(11072K)
[3412.343s][info][gc             ] GC(412) Pause Young (Normal) (G1 Evacuation Pause) 6384M->1876M(8192M) 145.268ms
[3412.343s][info][gc,cpu         ] GC(412) User=1.15s Sys=0.00s Real=0.14s
........[3420.416s][info][gc,start       ] GC(413) Pause Young (Normal) (G1 Evacuation Pause)
[3420.416s][info][gc,task        ] GC(413) Using 8 workers of 8 for evacuation
[3420.558s][info][gc,phases      ] GC(413)   Pre Evacuate Collection Set: 0.23ms
[3420.558s][info][gc,phases      ] GC(413)   Merge Heap Roots: 0.54ms
[3420.558s][info][gc,phases      ] GC(413)   Evacuate Collection Set: 139.88ms
[3420.558s][info][gc,phases      ] GC(413)   Post Evacuate Collection Set: 1.05ms
[3420.558s][info][gc,phases      ] GC(413)   Other: 0.06ms
[3420.558s][info][gc,heap        ] GC(413) Eden regions: 571->0(571)
[3420.558s][info][gc,heap        ] GC(413) Survivor regions: 43->43(77)
[3420.558s][info][gc,heap        ] GC(413) Old regions: 162->169
[3420.558s][info][gc,heap        ] GC(413) Humongous regions: 33->33
[3420.558s][info][gc,metaspace   ] GC(413) Metaspace: 35828K(38144K)->35828K(38144K) NonClass: 26756K(27072K)->26756K(27072K) Class: 9071K(11072K)->9071K(11072K)
[3420.558s][info][gc             ] GC(413) Pause Young (Normal) (G1 Evacuation Pause) 6444M->1928M(8192M) 141.885ms
[3420.558s][info][gc,cpu         ] GC(413) User=1.12s Sys=0.01s Real=0.15s
........[3428.652s][info][gc,start       ] GC(414) Pause Young (Normal) (G1 Evacuation Pause)
[3428.652s][info][gc,task        ] GC(414) Using 8 workers of 8 for evacuation
[3428.794s][info][gc,phases      ] GC(414)   Pre Evacuate Collection Set: 0.25ms
[3428.794s][info][gc,phases      ] GC(414)   Merge Heap Roots: 0.53ms
[3428.794s][info][gc,phases      ] GC(414)   Evacuate Collection Set: 140.04ms
[3428.794s][info][gc,phases      ] GC(414)   Post Evacuate Collection Set: 1.05ms
[3428.794s][info][gc,phases      ] GC(414)   Other: 0.08ms
[3428.794s][info][gc,heap        ] GC(414) Eden regions: 571->0(571)
[3428.794s][info][gc,heap        ] GC(414) Survivor regions: 43->43(77)
[3428.794s][info][gc,heap        ] GC(414) Old regions: 169->176
[3428.794s][info][gc,heap        ] GC(414) Humongous regions: 33->33
[3428.794s][info][gc,metaspace   ] GC(414) Metaspace: 35828K(38144K)->35828K(38144K) NonClass: 26756K(27072K)->26756K(27072K) Class: 9071K(11072K)->9071K(11072K)
[3428.794s][info][gc             ] GC(414) Pause Young (Normal) (G1 Evacuation Pause) 6496M->1981M(8192M) 142.078ms
[3428.794s][info][gc,cpu         ] GC(414) User=1.13s Sys=0.00s Real=0.14s
........[3436.845s][info][gc,start       ] GC(415) Pause Young (Normal) (G1 Evacuation Pause)
[3436.845s][info][gc,task        ] GC(415) Using 8 workers of 8 for evacuation
[3436.991s][info][gc,phases      ] GC(415)   Pre Evacuate Collection Set: 0.24ms
[3436.991s][info][gc,phases      ] GC(415)   Merge Heap Roots: 0.54ms
[3436.991s][info][gc,phases      ] GC(415)   Evacuate Collection Set: 143.59ms
[3436.991s][info][gc,phases      ] GC(415)   Post Evacuate Collection Set: 1.07ms
[3436.991s][info][gc,phases      ] GC(415)   Other: 0.07ms
[3436.991s][info][gc,heap        ] GC(415) Eden regions: 571->0(570)
[3436.991s][info][gc,heap        ] GC(415) Survivor regions: 43->44(77)
[3436.991s][info][gc,heap        ] GC(415) Old regions: 176->183
[3436.991s][info][gc,heap        ] GC(415) Humongous regions: 33->33
[3436.991s][info][gc,metaspace   ] GC(415) Metaspace: 35828K(38144K)->35828K(38144K) NonClass: 26756K(27072K)->26756K(27072K) Class: 9071K(11072K)->9071K(11072K)
[3436.991s][info][gc             ] GC(415) Pause Young (Normal) (G1 Evacuation Pause) 6549M->2044M(8192M) 145.631ms
[3436.991s][info][gc,cpu         ] GC(415) User=1.15s Sys=0.00s Real=0.15s
........[3444.984s][info][gc,start       ] GC(416) Pause Young (Normal) (G1 Evacuation Pause)
[3444.984s][info][gc,task        ] GC(416) Using 8 workers of 8 for evacuation
[3445.125s][info][gc,phases      ] GC(416)   Pre Evacuate Collection Set: 0.24ms
[3445.125s][info][gc,phases      ] GC(416)   Merge Heap Roots: 0.58ms
[3445.125s][info][gc,phases      ] GC(416)   Evacuate Collection Set: 139.14ms
[3445.125s][info][gc,phases      ] GC(416)   Post Evacuate Collection Set: 1.05ms
[3445.125s][info][gc,phases      ] GC(416)   Other: 0.08ms
[3445.125s][info][gc,heap        ] GC(416) Eden regions: 570->0(571)
[3445.125s][info][gc,heap        ] GC(416) Survivor regions: 44->43(77)
[3445.125s][info][gc,heap        ] GC(416) Old regions: 183->190
[3445.125s][info][gc,heap        ] GC(416) Humongous regions: 33->33
[3445.125s][info][gc,metaspace   ] GC(416) Metaspace: 35828K(38144K)->35828K(38144K) NonClass: 26756K(27072K)->26756K(27072K) Class: 9071K(11072K)->9071K(11072K)
[3445.125s][info][gc             ] GC(416) Pause Young (Normal) (G1 Evacuation Pause) 6604M->2090M(8192M) 141.223ms
[3445.125s][info][gc,cpu         ] GC(416) User=1.11s Sys=0.00s Real=0.14s
. (rIR:aIR:PR = 4705:4693:4694) (tPR = 69601) [OK] 
  3444s: Performance info:
         Transaction,    Success,    Partial,     Failed,   Receipts, AvgBarcode, 
             Overall,     282734,          0,          0,     268616,      59.48, 
         Response times:
             Request,    Success,    Partial,     Failed,   SkipFail,     Probes,    Samples,      min,      p50,      p90,      p95,      p99,      max, 
       TotalPurchase,     268601,          0,          0,          0,     262303,     290882,      300,     3000,     5200,     5900,    27000,   218000,
     InStorePurchase,     141346,          0,          0,          0,     138480,     153364,      400,     3000,     5200,     5800,    27000,   218000,
      OnlinePurchase,      98970,          0,          0,          0,      96500,     106994,      300,     3000,     5200,     5900,    27000,   218000,
        InstPurchase,      28285,          0,          0,          0,      27323,      30524,      400,     3100,     5300,     6000,    26000,   155000,
          AssocOfCat,        285,          0,          0,          0,        221,        301,    22000,    32000,    43000,    53800,    79920,   192000,
      AssocOfProduct,       2829,          0,          0,          0,       2587,       3028,      400,     2100,     5300,     6000,    13371,   148000,
      BusinessReport,        707,          0,          0,          0,        610,        801,    22000,    33000,    44000,    50900,    86960,   213000,
          CustBuyBeh,       2822,          0,          0,          0,       2590,       3056,      200,     3300,     5300,     6000,    30430,   217000,
       ProductReturn,       7476,          0,          0,          0,       7082,       8109,      200,     2400,     4900,     5500,    13580,   195000,

  3444s: (35%)   IR =   4843 ......|.[3452.996s][info][gc,start       ] GC(417) Pause Young (Normal) (G1 Evacuation Pause)
[3452.997s][info][gc,task        ] GC(417) Using 8 workers of 8 for evacuation
[3453.140s][info][gc,phases      ] GC(417)   Pre Evacuate Collection Set: 0.25ms
[3453.140s][info][gc,phases      ] GC(417)   Merge Heap Roots: 0.54ms
[3453.140s][info][gc,phases      ] GC(417)   Evacuate Collection Set: 141.95ms
[3453.140s][info][gc,phases      ] GC(417)   Post Evacuate Collection Set: 1.05ms
[3453.140s][info][gc,phases      ] GC(417)   Other: 0.07ms
[3453.140s][info][gc,heap        ] GC(417) Eden regions: 571->0(571)
[3453.140s][info][gc,heap        ] GC(417) Survivor regions: 43->43(77)
[3453.140s][info][gc,heap        ] GC(417) Old regions: 190->197
[3453.140s][info][gc,heap        ] GC(417) Humongous regions: 33->33
[3453.140s][info][gc,metaspace   ] GC(417) Metaspace: 35828K(38144K)->35828K(38144K) NonClass: 26756K(27072K)->26756K(27072K) Class: 9071K(11072K)->9071K(11072K)
[3453.140s][info][gc             ] GC(417) Pause Young (Normal) (G1 Evacuation Pause) 6658M->2145M(8192M) 143.996ms
[3453.141s][info][gc,cpu         ] GC(417) User=1.14s Sys=0.00s Real=0.15s
........[3460.877s][info][gc,start       ] GC(418) Pause Young (Normal) (G1 Evacuation Pause)
[3460.877s][info][gc,task        ] GC(418) Using 8 workers of 8 for evacuation
[3461.023s][info][gc,phases      ] GC(418)   Pre Evacuate Collection Set: 0.26ms
[3461.023s][info][gc,phases      ] GC(418)   Merge Heap Roots: 0.53ms
[3461.023s][info][gc,phases      ] GC(418)   Evacuate Collection Set: 144.50ms
[3461.023s][info][gc,phases      ] GC(418)   Post Evacuate Collection Set: 1.09ms
[3461.023s][info][gc,phases      ] GC(418)   Other: 0.06ms
[3461.023s][info][gc,heap        ] GC(418) Eden regions: 571->0(571)
[3461.023s][info][gc,heap        ] GC(418) Survivor regions: 43->43(77)
[3461.023s][info][gc,heap        ] GC(418) Old regions: 197->204
[3461.023s][info][gc,heap        ] GC(418) Humongous regions: 33->33
[3461.023s][info][gc,metaspace   ] GC(418) Metaspace: 35828K(38144K)->35828K(38144K) NonClass: 26756K(27072K)->26756K(27072K) Class: 9071K(11072K)->9071K(11072K)
[3461.023s][info][gc             ] GC(418) Pause Young (Normal) (G1 Evacuation Pause) 6713M->2206M(8192M) 146.576ms
[3461.023s][info][gc,cpu         ] GC(418) User=1.16s Sys=0.00s Real=0.15s
........[3468.877s][info][gc,start       ] GC(419) Pause Young (Normal) (G1 Evacuation Pause)
[3468.877s][info][gc,task        ] GC(419) Using 8 workers of 8 for evacuation
[3469.024s][info][gc,phases      ] GC(419)   Pre Evacuate Collection Set: 0.28ms
[3469.024s][info][gc,phases      ] GC(419)   Merge Heap Roots: 0.53ms
[3469.024s][info][gc,phases      ] GC(419)   Evacuate Collection Set: 144.31ms
[3469.024s][info][gc,phases      ] GC(419)   Post Evacuate Collection Set: 1.05ms
[3469.024s][info][gc,phases      ] GC(419)   Other: 0.06ms
[3469.024s][info][gc,heap        ] GC(419) Eden regions: 571->0(571)
[3469.024s][info][gc,heap        ] GC(419) Survivor regions: 43->43(77)
[3469.024s][info][gc,heap        ] GC(419) Old regions: 204->211
[3469.024s][info][gc,heap        ] GC(419) Humongous regions: 33->33
[3469.024s][info][gc,metaspace   ] GC(419) Metaspace: 35828K(38144K)->35828K(38144K) NonClass: 26756K(27072K)->26756K(27072K) Class: 9071K(11072K)->9071K(11072K)
[3469.024s][info][gc             ] GC(419) Pause Young (Normal) (G1 Evacuation Pause) 6774M->2258M(8192M) 146.365ms
[3469.024s][info][gc,cpu         ] GC(419) User=1.16s Sys=0.00s Real=0.14s
........[3476.835s][info][gc,start       ] GC(420) Pause Young (Normal) (G1 Evacuation Pause)
[3476.835s][info][gc,task        ] GC(420) Using 8 workers of 8 for evacuation
[3476.981s][info][gc,phases      ] GC(420)   Pre Evacuate Collection Set: 0.24ms
[3476.981s][info][gc,phases      ] GC(420)   Merge Heap Roots: 0.59ms
[3476.981s][info][gc,phases      ] GC(420)   Evacuate Collection Set: 144.28ms
[3476.981s][info][gc,phases      ] GC(420)   Post Evacuate Collection Set: 1.07ms
[3476.981s][info][gc,phases      ] GC(420)   Other: 0.06ms
[3476.981s][info][gc,heap        ] GC(420) Eden regions: 571->0(570)
[3476.981s][info][gc,heap        ] GC(420) Survivor regions: 43->44(77)
[3476.981s][info][gc,heap        ] GC(420) Old regions: 211->218
[3476.981s][info][gc,heap        ] GC(420) Humongous regions: 33->33
[3476.981s][info][gc,metaspace   ] GC(420) Metaspace: 35828K(38144K)->35828K(38144K) NonClass: 26756K(27072K)->26756K(27072K) Class: 9071K(11072K)->9071K(11072K)
[3476.981s][info][gc             ] GC(420) Pause Young (Normal) (G1 Evacuation Pause) 6826M->2324M(8192M) 146.369ms
[3476.981s][info][gc,cpu         ] GC(420) User=1.16s Sys=0.00s Real=0.15s
........[3484.796s][info][gc,start       ] GC(421) Pause Young (Normal) (G1 Evacuation Pause)
[3484.796s][info][gc,task        ] GC(421) Using 8 workers of 8 for evacuation
[3484.943s][info][gc,phases      ] GC(421)   Pre Evacuate Collection Set: 0.28ms
[3484.943s][info][gc,phases      ] GC(421)   Merge Heap Roots: 0.54ms
[3484.943s][info][gc,phases      ] GC(421)   Evacuate Collection Set: 144.56ms
[3484.943s][info][gc,phases      ] GC(421)   Post Evacuate Collection Set: 1.08ms
[3484.943s][info][gc,phases      ] GC(421)   Other: 0.06ms
[3484.943s][info][gc,heap        ] GC(421) Eden regions: 570->0(571)
[3484.943s][info][gc,heap        ] GC(421) Survivor regions: 44->43(77)
[3484.943s][info][gc,heap        ] GC(421) Old regions: 218->225
[3484.943s][info][gc,heap        ] GC(421) Humongous regions: 33->33
[3484.943s][info][gc,metaspace   ] GC(421) Metaspace: 35828K(38144K)->35828K(38144K) NonClass: 26756K(27072K)->26756K(27072K) Class: 9071K(11072K)->9071K(11072K)
[3484.943s][info][gc             ] GC(421) Pause Young (Normal) (G1 Evacuation Pause) 6884M->2376M(8192M) 146.654ms
[3484.943s][info][gc,cpu         ] GC(421) User=1.16s Sys=0.00s Real=0.15s
........[3492.678s][info][gc,start       ] GC(422) Pause Young (Normal) (G1 Evacuation Pause)
[3492.678s][info][gc,task        ] GC(422) Using 8 workers of 8 for evacuation
[3492.821s][info][gc,phases      ] GC(422)   Pre Evacuate Collection Set: 0.25ms
[3492.821s][info][gc,phases      ] GC(422)   Merge Heap Roots: 0.52ms
[3492.821s][info][gc,phases      ] GC(422)   Evacuate Collection Set: 141.34ms
[3492.821s][info][gc,phases      ] GC(422)   Post Evacuate Collection Set: 1.04ms
[3492.821s][info][gc,phases      ] GC(422)   Other: 0.07ms
[3492.821s][info][gc,heap        ] GC(422) Eden regions: 571->0(571)
[3492.821s][info][gc,heap        ] GC(422) Survivor regions: 43->43(77)
[3492.821s][info][gc,heap        ] GC(422) Old regions: 225->232
[3492.821s][info][gc,heap        ] GC(422) Humongous regions: 33->33
[3492.821s][info][gc,metaspace   ] GC(422) Metaspace: 35828K(38144K)->35828K(38144K) NonClass: 26756K(27072K)->26756K(27072K) Class: 9071K(11072K)->9071K(11072K)
[3492.821s][info][gc             ] GC(422) Pause Young (Normal) (G1 Evacuation Pause) 6944M->2433M(8192M) 143.368ms
[3492.821s][info][gc,cpu         ] GC(422) User=1.13s Sys=0.00s Real=0.14s
........[3500.596s][info][gc,start       ] GC(423) Pause Young (Normal) (G1 Evacuation Pause)
[3500.596s][info][gc,task        ] GC(423) Using 8 workers of 8 for evacuation
[3500.738s][info][gc,phases      ] GC(423)   Pre Evacuate Collection Set: 0.24ms
[3500.738s][info][gc,phases      ] GC(423)   Merge Heap Roots: 0.55ms
[3500.738s][info][gc,phases      ] GC(423)   Evacuate Collection Set: 140.42ms
[3500.738s][info][gc,phases      ] GC(423)   Post Evacuate Collection Set: 1.11ms
[3500.738s][info][gc,phases      ] GC(423)   Other: 0.07ms
[3500.738s][info][gc,heap        ] GC(423) Eden regions: 571->0(572)
[3500.738s][info][gc,heap        ] GC(423) Survivor regions: 43->42(77)
[3500.738s][info][gc,heap        ] GC(423) Old regions: 232->239
[3500.738s][info][gc,heap        ] GC(423) Humongous regions: 33->33
[3500.738s][info][gc,metaspace   ] GC(423) Metaspace: 35828K(38144K)->35828K(38144K) NonClass: 26756K(27072K)->26756K(27072K) Class: 9071K(11072K)->9071K(11072K)
[3500.738s][info][gc             ] GC(423) Pause Young (Normal) (G1 Evacuation Pause) 7001M->2482M(8192M) 142.518ms
[3500.738s][info][gc,cpu         ] GC(423) User=1.12s Sys=0.01s Real=0.15s
........[3508.562s][info][gc,start       ] GC(424) Pause Young (Normal) (G1 Evacuation Pause)
[3508.562s][info][gc,task        ] GC(424) Using 8 workers of 8 for evacuation
[3508.708s][info][gc,phases      ] GC(424)   Pre Evacuate Collection Set: 0.26ms
[3508.708s][info][gc,phases      ] GC(424)   Merge Heap Roots: 0.66ms
[3508.708s][info][gc,phases      ] GC(424)   Evacuate Collection Set: 143.98ms
[3508.708s][info][gc,phases      ] GC(424)   Post Evacuate Collection Set: 1.05ms
[3508.708s][info][gc,phases      ] GC(424)   Other: 0.08ms
[3508.708s][info][gc,heap        ] GC(424) Eden regions: 572->0(570)
[3508.708s][info][gc,heap        ] GC(424) Survivor regions: 42->44(77)
[3508.708s][info][gc,heap        ] GC(424) Old regions: 239->246
[3508.708s][info][gc,heap        ] GC(424) Humongous regions: 33->33
[3508.708s][info][gc,metaspace   ] GC(424) Metaspace: 35828K(38144K)->35828K(38144K) NonClass: 26756K(27072K)->26756K(27072K) Class: 9071K(11072K)->9071K(11072K)
[3508.708s][info][gc             ] GC(424) Pause Young (Normal) (G1 Evacuation Pause) 7058M->2548M(8192M) 146.154ms
[3508.708s][info][gc,cpu         ] GC(424) User=1.16s Sys=0.00s Real=0.15s
... (rIR:aIR:PR = 4843:4842:4842) (tPR = 72244) [OK] 
  3511s: Performance info:
         Transaction,    Success,    Partial,     Failed,   Receipts, AvgBarcode, 
             Overall,     290656,          0,          0,     276113,      59.47, 
         Response times:
             Request,    Success,    Partial,     Failed,   SkipFail,     Probes,    Samples,      min,      p50,      p90,      p95,      p99,      max, 
       TotalPurchase,     276113,          0,          0,          0,     270941,     299218,      300,     3100,     5400,     6100,    25000,   217000,
     InStorePurchase,     145366,          0,          0,          0,     143164,     158052,      300,     3000,     5300,     6000,    24470,   210000,
      OnlinePurchase,     101709,          0,          0,          0,      99770,     109930,      300,     3200,     5400,     6100,    25000,   217000,
        InstPurchase,      29038,          0,          0,          0,      28007,      31236,      400,     3300,     5500,     6200,    27000,   210000,
          AssocOfCat,        293,          0,          0,          0,        236,        313,    23000,    31000,    39000,    46000,   163020,   195000,
      AssocOfProduct,       2910,          0,          0,          0,       2707,       3195,      400,     1600,     5100,     5820,    18160,   153000,
      BusinessReport,        728,          0,          0,          0,        630,        796,    24000,    34000,    45000,    52000,    97720,   203000,
          CustBuyBeh,       2916,          0,          0,          0,       2698,       3151,      200,     3200,     5100,     5700,    27000,   155000,
       ProductReturn,       7696,          0,          0,          0,       7260,       8308,      200,     2800,     5200,     6000,    24000,   209000,

  3511s: (36%)   IR =   4981 ....|.[3516.323s][info][gc,start       ] GC(425) Pause Young (Normal) (G1 Evacuation Pause)
[3516.323s][info][gc,task        ] GC(425) Using 8 workers of 8 for evacuation
[3516.471s][info][gc,phases      ] GC(425)   Pre Evacuate Collection Set: 0.28ms
[3516.471s][info][gc,phases      ] GC(425)   Merge Heap Roots: 0.55ms
[3516.471s][info][gc,phases      ] GC(425)   Evacuate Collection Set: 145.90ms
[3516.471s][info][gc,phases      ] GC(425)   Post Evacuate Collection Set: 1.12ms
[3516.471s][info][gc,phases      ] GC(425)   Other: 0.07ms
[3516.471s][info][gc,heap        ] GC(425) Eden regions: 570->0(571)
[3516.471s][info][gc,heap        ] GC(425) Survivor regions: 44->43(77)
[3516.471s][info][gc,heap        ] GC(425) Old regions: 246->253
[3516.471s][info][gc,heap        ] GC(425) Humongous regions: 33->33
[3516.471s][info][gc,metaspace   ] GC(425) Metaspace: 35828K(38144K)->35828K(38144K) NonClass: 26756K(27072K)->26756K(27072K) Class: 9071K(11072K)->9071K(11072K)
[3516.471s][info][gc             ] GC(425) Pause Young (Normal) (G1 Evacuation Pause) 7108M->2600M(8192M) 148.054ms
[3516.471s][info][gc,cpu         ] GC(425) User=1.17s Sys=0.00s Real=0.15s
.......[3524.104s][info][gc,start       ] GC(426) Pause Young (Normal) (G1 Evacuation Pause)
[3524.104s][info][gc,task        ] GC(426) Using 8 workers of 8 for evacuation
[3524.245s][info][gc,phases      ] GC(426)   Pre Evacuate Collection Set: 0.26ms
[3524.245s][info][gc,phases      ] GC(426)   Merge Heap Roots: 0.53ms
[3524.245s][info][gc,phases      ] GC(426)   Evacuate Collection Set: 139.11ms
[3524.245s][info][gc,phases      ] GC(426)   Post Evacuate Collection Set: 1.03ms
[3524.245s][info][gc,phases      ] GC(426)   Other: 0.07ms
[3524.245s][info][gc,heap        ] GC(426) Eden regions: 571->0(570)
[3524.245s][info][gc,heap        ] GC(426) Survivor regions: 43->44(77)
[3524.245s][info][gc,heap        ] GC(426) Old regions: 253->260
[3524.245s][info][gc,heap        ] GC(426) Humongous regions: 33->33
[3524.245s][info][gc,metaspace   ] GC(426) Metaspace: 35828K(38144K)->35828K(38144K) NonClass: 26756K(27072K)->26756K(27072K) Class: 9071K(11072K)->9071K(11072K)
[3524.245s][info][gc             ] GC(426) Pause Young (Normal) (G1 Evacuation Pause) 7168M->2661M(8192M) 141.145ms
[3524.245s][info][gc,cpu         ] GC(426) User=1.12s Sys=0.00s Real=0.14s
........[3531.817s][info][gc,start       ] GC(427) Pause Young (Normal) (G1 Evacuation Pause)
[3531.818s][info][gc,task        ] GC(427) Using 8 workers of 8 for evacuation
[3531.963s][info][gc,phases      ] GC(427)   Pre Evacuate Collection Set: 0.23ms
[3531.964s][info][gc,phases      ] GC(427)   Merge Heap Roots: 0.55ms
[3531.964s][info][gc,phases      ] GC(427)   Evacuate Collection Set: 144.05ms
[3531.964s][info][gc,phases      ] GC(427)   Post Evacuate Collection Set: 1.04ms
[3531.964s][info][gc,phases      ] GC(427)   Other: 0.07ms
[3531.964s][info][gc,heap        ] GC(427) Eden regions: 570->0(571)
[3531.964s][info][gc,heap        ] GC(427) Survivor regions: 44->43(77)
[3531.964s][info][gc,heap        ] GC(427) Old regions: 260->267
[3531.964s][info][gc,heap        ] GC(427) Humongous regions: 33->33
[3531.964s][info][gc,metaspace   ] GC(427) Metaspace: 35828K(38144K)->35828K(38144K) NonClass: 26756K(27072K)->26756K(27072K) Class: 9071K(11072K)->9071K(11072K)
[3531.964s][info][gc             ] GC(427) Pause Young (Normal) (G1 Evacuation Pause) 7221M->2714M(8192M) 146.066ms
[3531.964s][info][gc,cpu         ] GC(427) User=1.15s Sys=0.00s Real=0.14s
........[3539.537s][info][gc,start       ] GC(428) Pause Young (Normal) (G1 Evacuation Pause)
[3539.537s][info][gc,task        ] GC(428) Using 8 workers of 8 for evacuation
[3539.682s][info][gc,phases      ] GC(428)   Pre Evacuate Collection Set: 0.25ms
[3539.682s][info][gc,phases      ] GC(428)   Merge Heap Roots: 0.53ms
[3539.682s][info][gc,phases      ] GC(428)   Evacuate Collection Set: 143.39ms
[3539.682s][info][gc,phases      ] GC(428)   Post Evacuate Collection Set: 1.05ms
[3539.682s][info][gc,phases      ] GC(428)   Other: 0.07ms
[3539.682s][info][gc,heap        ] GC(428) Eden regions: 571->0(571)
[3539.682s][info][gc,heap        ] GC(428) Survivor regions: 43->43(77)
[3539.682s][info][gc,heap        ] GC(428) Old regions: 267->274
[3539.682s][info][gc,heap        ] GC(428) Humongous regions: 33->33
[3539.682s][info][gc,metaspace   ] GC(428) Metaspace: 35828K(38144K)->35828K(38144K) NonClass: 26756K(27072K)->26756K(27072K) Class: 9071K(11072K)->9071K(11072K)
[3539.682s][info][gc             ] GC(428) Pause Young (Normal) (G1 Evacuation Pause) 7282M->2766M(8192M) 145.429ms
[3539.682s][info][gc,cpu         ] GC(428) User=1.15s Sys=0.01s Real=0.15s
.......[3547.292s][info][gc,start       ] GC(429) Pause Young (Normal) (G1 Evacuation Pause)
[3547.292s][info][gc,task        ] GC(429) Using 8 workers of 8 for evacuation
[3547.436s][info][gc,phases      ] GC(429)   Pre Evacuate Collection Set: 0.30ms
[3547.436s][info][gc,phases      ] GC(429)   Merge Heap Roots: 0.69ms
[3547.436s][info][gc,phases      ] GC(429)   Evacuate Collection Set: 141.19ms
[3547.436s][info][gc,phases      ] GC(429)   Post Evacuate Collection Set: 1.07ms
[3547.436s][info][gc,phases      ] GC(429)   Other: 0.10ms
[3547.436s][info][gc,heap        ] GC(429) Eden regions: 571->0(571)
[3547.436s][info][gc,heap        ] GC(429) Survivor regions: 43->43(77)
[3547.436s][info][gc,heap        ] GC(429) Old regions: 274->281
[3547.436s][info][gc,heap        ] GC(429) Humongous regions: 33->33
[3547.436s][info][gc,metaspace   ] GC(429) Metaspace: 35828K(38144K)->35828K(38144K) NonClass: 26756K(27072K)->26756K(27072K) Class: 9071K(11072K)->9071K(11072K)
[3547.436s][info][gc             ] GC(429) Pause Young (Normal) (G1 Evacuation Pause) 7334M->2822M(8192M) 143.490ms
[3547.436s][info][gc,cpu         ] GC(429) User=1.13s Sys=0.00s Real=0.14s
........[3554.967s][info][gc,start       ] GC(430) Pause Young (Normal) (G1 Evacuation Pause)
[3554.967s][info][gc,task        ] GC(430) Using 8 workers of 8 for evacuation
[3555.109s][info][gc,phases      ] GC(430)   Pre Evacuate Collection Set: 0.25ms
[3555.109s][info][gc,phases      ] GC(430)   Merge Heap Roots: 0.54ms
[3555.109s][info][gc,phases      ] GC(430)   Evacuate Collection Set: 139.80ms
[3555.109s][info][gc,phases      ] GC(430)   Post Evacuate Collection Set: 1.09ms
[3555.109s][info][gc,phases      ] GC(430)   Other: 0.07ms
[3555.109s][info][gc,heap        ] GC(430) Eden regions: 571->0(565)
[3555.109s][info][gc,heap        ] GC(430) Survivor regions: 43->43(77)
[3555.109s][info][gc,heap        ] GC(430) Old regions: 281->288
[3555.109s][info][gc,heap        ] GC(430) Humongous regions: 33->33
[3555.109s][info][gc,metaspace   ] GC(430) Metaspace: 35828K(38144K)->35828K(38144K) NonClass: 26756K(27072K)->26756K(27072K) Class: 9071K(11072K)->9071K(11072K)
[3555.109s][info][gc             ] GC(430) Pause Young (Normal) (G1 Evacuation Pause) 7390M->2878M(8192M) 141.905ms
[3555.109s][info][gc,cpu         ] GC(430) User=1.12s Sys=0.00s Real=0.14s
........[3562.704s][info][gc,start       ] GC(431) Pause Young (Normal) (G1 Evacuation Pause)
[3562.704s][info][gc,task        ] GC(431) Using 8 workers of 8 for evacuation
[3562.849s][info][gc,phases      ] GC(431)   Pre Evacuate Collection Set: 0.25ms
[3562.849s][info][gc,phases      ] GC(431)   Merge Heap Roots: 0.55ms
[3562.849s][info][gc,phases      ] GC(431)   Evacuate Collection Set: 142.53ms
[3562.849s][info][gc,phases      ] GC(431)   Post Evacuate Collection Set: 1.05ms
[3562.849s][info][gc,phases      ] GC(431)   Other: 0.06ms
[3562.849s][info][gc,heap        ] GC(431) Eden regions: 565->0(558)
[3562.849s][info][gc,heap        ] GC(431) Survivor regions: 43->43(76)
[3562.849s][info][gc,heap        ] GC(431) Old regions: 288->295
[3562.849s][info][gc,heap        ] GC(431) Humongous regions: 33->33
[3562.849s][info][gc,metaspace   ] GC(431) Metaspace: 35828K(38144K)->35828K(38144K) NonClass: 26756K(27072K)->26756K(27072K) Class: 9071K(11072K)->9071K(11072K)
[3562.849s][info][gc             ] GC(431) Pause Young (Normal) (G1 Evacuation Pause) 7398M->2933M(8192M) 144.570ms
[3562.849s][info][gc,cpu         ] GC(431) User=1.15s Sys=0.00s Real=0.15s
.......[3570.218s][info][gc,start       ] GC(432) Pause Young (Normal) (G1 Evacuation Pause)
[3570.218s][info][gc,task        ] GC(432) Using 8 workers of 8 for evacuation
[3570.359s][info][gc,phases      ] GC(432)   Pre Evacuate Collection Set: 0.26ms
[3570.359s][info][gc,phases      ] GC(432)   Merge Heap Roots: 0.56ms
[3570.359s][info][gc,phases      ] GC(432)   Evacuate Collection Set: 138.75ms
[3570.359s][info][gc,phases      ] GC(432)   Post Evacuate Collection Set: 1.02ms
[3570.359s][info][gc,phases      ] GC(432)   Other: 0.09ms
[3570.359s][info][gc,heap        ] GC(432) Eden regions: 558->0(553)
[3570.359s][info][gc,heap        ] GC(432) Survivor regions: 43->42(76)
[3570.359s][info][gc,heap        ] GC(432) Old regions: 295->302
[3570.359s][info][gc,heap        ] GC(432) Humongous regions: 33->33
[3570.359s][info][gc,metaspace   ] GC(432) Metaspace: 35828K(38144K)->35828K(38144K) NonClass: 26756K(27072K)->26756K(27072K) Class: 9071K(11072K)->9071K(11072K)
[3570.359s][info][gc             ] GC(432) Pause Young (Normal) (G1 Evacuation Pause) 7397M->2985M(8192M) 140.803ms
[3570.359s][info][gc,cpu         ] GC(432) User=1.11s Sys=0.00s Real=0.14s
...... (rIR:aIR:PR = 4981:4980:4980) (tPR = 73649) [OK] 
  3575s: Performance info:
         Transaction,    Success,    Partial,     Failed,   Receipts, AvgBarcode, 
             Overall,     299664,          0,          0,     284698,      59.47, 
         Response times:
             Request,    Success,    Partial,     Failed,   SkipFail,     Probes,    Samples,      min,      p50,      p90,      p95,      p99,      max, 
       TotalPurchase,     284698,          0,          0,          0,     278689,     299735,      300,     3200,     5500,     6200,    22000,   174000,
     InStorePurchase,     149821,          0,          0,          0,     146552,     157305,      400,     3100,     5500,     6200,    21000,   167000,
      OnlinePurchase,     104907,          0,          0,          0,     102814,     110545,      300,     3200,     5500,     6200,    22000,   174000,
        InstPurchase,      29970,          0,          0,          0,      29323,      31885,      500,     3500,     5600,     6300,    24000,   160000,
          AssocOfCat,        300,          0,          0,          0,        230,        293,    19700,    32000,    38000,    43600,   178480,   186000,
      AssocOfProduct,       2988,          0,          0,          0,       2736,       3095,      700,     3600,     5900,     6800,    24000,   167000,
      BusinessReport,        738,          0,          0,          0,        639,        819,    27000,    34000,    47000,    50000,    80800,   199000,
          CustBuyBeh,       3000,          0,          0,          0,       2731,       3075,      200,     2600,     5300,     6000,    18324,   158000,
       ProductReturn,       7941,          0,          0,          0,       7472,       8253,      200,     2500,     5300,     6000,    20352,   152000,

  3575s: (37%)   IR =   5120 ..[3577.744s][info][gc,start       ] GC(433) Pause Young (Normal) (G1 Evacuation Pause)
[3577.744s][info][gc,task        ] GC(433) Using 8 workers of 8 for evacuation
[3577.888s][info][gc,phases      ] GC(433)   Pre Evacuate Collection Set: 0.27ms
[3577.888s][info][gc,phases      ] GC(433)   Merge Heap Roots: 0.59ms
[3577.888s][info][gc,phases      ] GC(433)   Evacuate Collection Set: 142.09ms
[3577.888s][info][gc,phases      ] GC(433)   Post Evacuate Collection Set: 1.05ms
[3577.888s][info][gc,phases      ] GC(433)   Other: 0.06ms
[3577.888s][info][gc,heap        ] GC(433) Eden regions: 553->0(544)
[3577.888s][info][gc,heap        ] GC(433) Survivor regions: 42->43(75)
[3577.888s][info][gc,heap        ] GC(433) Old regions: 302->309
[3577.888s][info][gc,heap        ] GC(433) Humongous regions: 33->33
[3577.888s][info][gc,metaspace   ] GC(433) Metaspace: 35828K(38144K)->35828K(38144K) NonClass: 26756K(27072K)->26756K(27072K) Class: 9071K(11072K)->9071K(11072K)
[3577.888s][info][gc             ] GC(433) Pause Young (Normal) (G1 Evacuation Pause) 7409M->3046M(8192M) 144.195ms
[3577.888s][info][gc,cpu         ] GC(433) User=1.14s Sys=0.00s Real=0.15s
....|...[3584.861s][info][gc,start       ] GC(434) Pause Young (Normal) (G1 Evacuation Pause)
[3584.861s][info][gc,task        ] GC(434) Using 8 workers of 8 for evacuation
[3585.005s][info][gc,phases      ] GC(434)   Pre Evacuate Collection Set: 0.28ms
[3585.005s][info][gc,phases      ] GC(434)   Merge Heap Roots: 0.54ms
[3585.005s][info][gc,phases      ] GC(434)   Evacuate Collection Set: 142.01ms
[3585.005s][info][gc,phases      ] GC(434)   Post Evacuate Collection Set: 1.06ms
[3585.005s][info][gc,phases      ] GC(434)   Other: 0.07ms
[3585.005s][info][gc,heap        ] GC(434) Eden regions: 544->0(538)
[3585.005s][info][gc,heap        ] GC(434) Survivor regions: 43->42(74)
[3585.005s][info][gc,heap        ] GC(434) Old regions: 309->317
[3585.005s][info][gc,heap        ] GC(434) Humongous regions: 33->33
[3585.005s][info][gc,metaspace   ] GC(434) Metaspace: 35828K(38144K)->35828K(38144K) NonClass: 26756K(27072K)->26756K(27072K) Class: 9071K(11072K)->9071K(11072K)
[3585.006s][info][gc             ] GC(434) Pause Young (Normal) (G1 Evacuation Pause) 7398M->3104M(8192M) 144.063ms
[3585.006s][info][gc,cpu         ] GC(434) User=1.14s Sys=0.00s Real=0.14s
.......[3591.953s][info][gc,start       ] GC(435) Pause Young (Concurrent Start) (G1 Evacuation Pause)
[3591.953s][info][gc,task        ] GC(435) Using 8 workers of 8 for evacuation
[3592.097s][info][gc,phases      ] GC(435)   Pre Evacuate Collection Set: 0.33ms
[3592.097s][info][gc,phases      ] GC(435)   Merge Heap Roots: 0.63ms
[3592.097s][info][gc,phases      ] GC(435)   Evacuate Collection Set: 141.84ms
[3592.097s][info][gc,phases      ] GC(435)   Post Evacuate Collection Set: 1.00ms
[3592.097s][info][gc,phases      ] GC(435)   Other: 0.09ms
[3592.097s][info][gc,heap        ] GC(435) Eden regions: 538->0(530)
[3592.097s][info][gc,heap        ] GC(435) Survivor regions: 42->42(73)
[3592.097s][info][gc,heap        ] GC(435) Old regions: 317->325
[3592.097s][info][gc,heap        ] GC(435) Humongous regions: 33->33
[3592.097s][info][gc,metaspace   ] GC(435) Metaspace: 35828K(38144K)->35828K(38144K) NonClass: 26756K(27072K)->26756K(27072K) Class: 9071K(11072K)->9071K(11072K)
[3592.097s][info][gc             ] GC(435) Pause Young (Concurrent Start) (G1 Evacuation Pause) 7408M->3168M(8192M) 144.054ms
[3592.097s][info][gc             ] GC(436) Concurrent Mark Cycle
[3592.097s][info][gc,marking     ] GC(436) Concurrent Scan Root Regions
[3592.097s][info][gc,cpu         ] GC(435) User=1.14s Sys=0.00s Real=0.14s
[3592.348s][info][gc,marking     ] GC(436) Concurrent Scan Root Regions 251.106ms
[3592.348s][info][gc,marking     ] GC(436) Concurrent Mark
[3592.348s][info][gc,marking     ] GC(436) Concurrent Mark From Roots
[3592.348s][info][gc,task        ] GC(436) Using 2 workers of 2 for marking
.[3592.955s][info][gc,marking     ] GC(436) Concurrent Mark From Roots 607.048ms
[3592.955s][info][gc,marking     ] GC(436) Concurrent Preclean
[3592.955s][info][gc,marking     ] GC(436) Concurrent Preclean 0.130ms
[3592.955s][info][gc,start       ] GC(436) Pause Remark
[3592.957s][info][gc             ] GC(436) Pause Remark 3796M->3124M(8192M) 1.717ms
[3592.957s][info][gc,cpu         ] GC(436) User=0.01s Sys=0.00s Real=0.01s
[3592.957s][info][gc,marking     ] GC(436) Concurrent Mark 609.169ms
[3592.957s][info][gc,marking     ] GC(436) Concurrent Rebuild Remembered Sets and Scrub Regions
[3593.348s][info][gc,marking     ] GC(436) Concurrent Rebuild Remembered Sets and Scrub Regions 390.876ms
[3593.348s][info][gc,start       ] GC(436) Pause Cleanup
[3593.348s][info][gc             ] GC(436) Pause Cleanup 3374M->3374M(8192M) 0.254ms
[3593.348s][info][gc,cpu         ] GC(436) User=0.00s Sys=0.00s Real=0.00s
[3593.349s][info][gc,marking     ] GC(436) Concurrent Clear Claimed Marks
[3593.349s][info][gc,marking     ] GC(436) Concurrent Clear Claimed Marks 0.045ms
[3593.349s][info][gc,marking     ] GC(436) Concurrent Cleanup for Next Mark
[3593.356s][info][gc,marking     ] GC(436) Concurrent Cleanup for Next Mark 7.912ms
[3593.357s][info][gc             ] GC(436) Concurrent Mark Cycle 1259.710ms
......[3598.945s][info][gc,start       ] GC(437) Pause Young (Prepare Mixed) (G1 Evacuation Pause)
[3598.945s][info][gc,task        ] GC(437) Using 8 workers of 8 for evacuation
[3599.087s][info][gc,phases      ] GC(437)   Pre Evacuate Collection Set: 0.25ms
[3599.087s][info][gc,phases      ] GC(437)   Merge Heap Roots: 0.67ms
[3599.087s][info][gc,phases      ] GC(437)   Evacuate Collection Set: 139.80ms
[3599.087s][info][gc,phases      ] GC(437)   Post Evacuate Collection Set: 1.10ms
[3599.087s][info][gc,phases      ] GC(437)   Other: 0.08ms
[3599.087s][info][gc,heap        ] GC(437) Eden regions: 530->0(573)
[3599.087s][info][gc,heap        ] GC(437) Survivor regions: 42->41(72)
[3599.087s][info][gc,heap        ] GC(437) Old regions: 241->248
[3599.087s][info][gc,heap        ] GC(437) Humongous regions: 33->33
[3599.087s][info][gc,metaspace   ] GC(437) Metaspace: 35828K(38144K)->35828K(38144K) NonClass: 26756K(27072K)->26756K(27072K) Class: 9071K(11072K)->9071K(11072K)
[3599.087s][info][gc             ] GC(437) Pause Young (Prepare Mixed) (G1 Evacuation Pause) 6736M->2548M(8192M) 142.020ms
[3599.087s][info][gc,cpu         ] GC(437) User=1.12s Sys=0.00s Real=0.14s
.......[3606.478s][info][gc,start       ] GC(438) Pause Young (Mixed) (G1 Evacuation Pause)
[3606.478s][info][gc,task        ] GC(438) Using 8 workers of 8 for evacuation
[3606.627s][info][gc,phases      ] GC(438)   Pre Evacuate Collection Set: 0.29ms
[3606.627s][info][gc,phases      ] GC(438)   Merge Heap Roots: 1.02ms
[3606.627s][info][gc,phases      ] GC(438)   Evacuate Collection Set: 145.49ms
[3606.627s][info][gc,phases      ] GC(438)   Post Evacuate Collection Set: 1.29ms
[3606.627s][info][gc,phases      ] GC(438)   Other: 0.10ms
[3606.627s][info][gc,heap        ] GC(438) Eden regions: 573->0(572)
[3606.627s][info][gc,heap        ] GC(438) Survivor regions: 41->42(77)
[3606.627s][info][gc,heap        ] GC(438) Old regions: 248->154
[3606.627s][info][gc,heap        ] GC(438) Humongous regions: 33->33
[3606.627s][info][gc,metaspace   ] GC(438) Metaspace: 35828K(38144K)->35828K(38144K) NonClass: 26756K(27072K)->26756K(27072K) Class: 9071K(11072K)->9071K(11072K)
[3606.627s][info][gc             ] GC(438) Pause Young (Mixed) (G1 Evacuation Pause) 7132M->1799M(8192M) 148.342ms
[3606.627s][info][gc,cpu         ] GC(438) User=1.17s Sys=0.00s Real=0.14s
........[3613.998s][info][gc,start       ] GC(439) Pause Young (Mixed) (G1 Evacuation Pause)
[3613.998s][info][gc,task        ] GC(439) Using 8 workers of 8 for evacuation
[3614.148s][info][gc,phases      ] GC(439)   Pre Evacuate Collection Set: 0.27ms
[3614.148s][info][gc,phases      ] GC(439)   Merge Heap Roots: 0.80ms
[3614.148s][info][gc,phases      ] GC(439)   Evacuate Collection Set: 146.90ms
[3614.148s][info][gc,phases      ] GC(439)   Post Evacuate Collection Set: 1.07ms
[3614.148s][info][gc,phases      ] GC(439)   Other: 0.07ms
[3614.148s][info][gc,heap        ] GC(439) Eden regions: 572->0(572)
[3614.148s][info][gc,heap        ] GC(439) Survivor regions: 42->42(77)
[3614.148s][info][gc,heap        ] GC(439) Old regions: 154->143
[3614.148s][info][gc,heap        ] GC(439) Humongous regions: 33->33
[3614.148s][info][gc,metaspace   ] GC(439) Metaspace: 35828K(38144K)->35828K(38144K) NonClass: 26756K(27072K)->26756K(27072K) Class: 9071K(11072K)->9071K(11072K)
[3614.148s][info][gc             ] GC(439) Pause Young (Mixed) (G1 Evacuation Pause) 6375M->1711M(8192M) 149.239ms
[3614.148s][info][gc,cpu         ] GC(439) User=1.18s Sys=0.00s Real=0.15s
.......[3621.522s][info][gc,start       ] GC(440) Pause Young (Normal) (G1 Evacuation Pause)
[3621.522s][info][gc,task        ] GC(440) Using 8 workers of 8 for evacuation
[3621.667s][info][gc,phases      ] GC(440)   Pre Evacuate Collection Set: 0.25ms
[3621.667s][info][gc,phases      ] GC(440)   Merge Heap Roots: 0.65ms
[3621.667s][info][gc,phases      ] GC(440)   Evacuate Collection Set: 142.59ms
[3621.667s][info][gc,phases      ] GC(440)   Post Evacuate Collection Set: 1.07ms
[3621.667s][info][gc,phases      ] GC(440)   Other: 0.06ms
[3621.667s][info][gc,heap        ] GC(440) Eden regions: 572->0(571)
[3621.667s][info][gc,heap        ] GC(440) Survivor regions: 42->43(77)
[3621.667s][info][gc,heap        ] GC(440) Old regions: 143->150
[3621.667s][info][gc,heap        ] GC(440) Humongous regions: 33->33
[3621.667s][info][gc,metaspace   ] GC(440) Metaspace: 35828K(38144K)->35828K(38144K) NonClass: 26756K(27072K)->26756K(27072K) Class: 9071K(11072K)->9071K(11072K)
[3621.667s][info][gc             ] GC(440) Pause Young (Normal) (G1 Evacuation Pause) 6287M->1772M(8192M) 144.749ms
[3621.667s][info][gc,cpu         ] GC(440) User=1.14s Sys=0.01s Real=0.15s
........[3629.020s][info][gc,start       ] GC(441) Pause Young (Normal) (G1 Evacuation Pause)
[3629.020s][info][gc,task        ] GC(441) Using 8 workers of 8 for evacuation
[3629.161s][info][gc,phases      ] GC(441)   Pre Evacuate Collection Set: 0.26ms
[3629.161s][info][gc,phases      ] GC(441)   Merge Heap Roots: 0.57ms
[3629.161s][info][gc,phases      ] GC(441)   Evacuate Collection Set: 139.30ms
[3629.161s][info][gc,phases      ] GC(441)   Post Evacuate Collection Set: 1.06ms
[3629.161s][info][gc,phases      ] GC(441)   Other: 0.07ms
[3629.162s][info][gc,heap        ] GC(441) Eden regions: 571->0(572)
[3629.162s][info][gc,heap        ] GC(441) Survivor regions: 43->42(77)
[3629.162s][info][gc,heap        ] GC(441) Old regions: 150->157
[3629.162s][info][gc,heap        ] GC(441) Humongous regions: 33->33
[3629.162s][info][gc,metaspace   ] GC(441) Metaspace: 35828K(38144K)->35828K(38144K) NonClass: 26756K(27072K)->26756K(27072K) Class: 9071K(11072K)->9071K(11072K)
[3629.162s][info][gc             ] GC(441) Pause Young (Normal) (G1 Evacuation Pause) 6340M->1825M(8192M) 141.393ms
[3629.162s][info][gc,cpu         ] GC(441) User=1.12s Sys=0.00s Real=0.14s
.......[3636.551s][info][gc,start       ] GC(442) Pause Young (Normal) (G1 Evacuation Pause)
[3636.551s][info][gc,task        ] GC(442) Using 8 workers of 8 for evacuation
[3636.693s][info][gc,phases      ] GC(442)   Pre Evacuate Collection Set: 0.27ms
[3636.693s][info][gc,phases      ] GC(442)   Merge Heap Roots: 0.68ms
[3636.693s][info][gc,phases      ] GC(442)   Evacuate Collection Set: 140.19ms
[3636.693s][info][gc,phases      ] GC(442)   Post Evacuate Collection Set: 1.05ms
[3636.693s][info][gc,phases      ] GC(442)   Other: 0.06ms
[3636.693s][info][gc,heap        ] GC(442) Eden regions: 572->0(571)
[3636.693s][info][gc,heap        ] GC(442) Survivor regions: 42->43(77)
[3636.693s][info][gc,heap        ] GC(442) Old regions: 157->164
[3636.693s][info][gc,heap        ] GC(442) Humongous regions: 33->33
[3636.693s][info][gc,metaspace   ] GC(442) Metaspace: 35828K(38144K)->35828K(38144K) NonClass: 26756K(27072K)->26756K(27072K) Class: 9071K(11072K)->9071K(11072K)
[3636.693s][info][gc             ] GC(442) Pause Young (Normal) (G1 Evacuation Pause) 6401M->1886M(8192M) 142.411ms
[3636.693s][info][gc,cpu         ] GC(442) User=1.12s Sys=0.00s Real=0.14s
...... (rIR:aIR:PR = 5120:5124:5124) (tPR = 75540) [OK] 
  3641s: Performance info:
         Transaction,    Success,    Partial,     Failed,   Receipts, AvgBarcode, 
             Overall,     308259,          0,          0,     292811,      59.47, 
         Response times:
             Request,    Success,    Partial,     Failed,   SkipFail,     Probes,    Samples,      min,      p50,      p90,      p95,      p99,      max, 
       TotalPurchase,     292810,          0,          0,          0,     286852,     316992,      300,     3300,     5900,     6900,    39000,   201000,
     InStorePurchase,     154128,          0,          0,          0,     151059,     166732,      300,     3200,     5800,     6900,    39000,   201000,
      OnlinePurchase,     107854,          0,          0,          0,     105861,     116945,      300,     3300,     5900,     6900,    40000,   201000,
        InstPurchase,      30828,          0,          0,          0,      29932,      33315,      400,     3600,     6000,     7000,    41000,   161000,
          AssocOfCat,        308,          0,          0,          0,        247,        340,    24000,    32000,    43000,    51000,   152640,   193000,
      AssocOfProduct,       3084,          0,          0,          0,       2851,       3308,      500,     3900,     6200,     7200,    32000,   155000,
      BusinessReport,        771,          0,          0,          0,        666,        853,    27000,    35000,    51000,    60300,   176380,   230000,
          CustBuyBeh,       3095,          0,          0,          0,       2835,       3272,      200,     3200,     5400,     6300,    56000,   161000,
       ProductReturn,       8191,          0,          0,          0,       7718,       8843,      200,     3200,     5800,     6900,    34000,   200000,

  3641s: (38%)   IR =   5258 ..[3644.068s][info][gc,start       ] GC(443) Pause Young (Normal) (G1 Evacuation Pause)
[3644.068s][info][gc,task        ] GC(443) Using 8 workers of 8 for evacuation
[3644.211s][info][gc,phases      ] GC(443)   Pre Evacuate Collection Set: 0.24ms
[3644.211s][info][gc,phases      ] GC(443)   Merge Heap Roots: 0.54ms
[3644.211s][info][gc,phases      ] GC(443)   Evacuate Collection Set: 141.32ms
[3644.211s][info][gc,phases      ] GC(443)   Post Evacuate Collection Set: 1.06ms
[3644.211s][info][gc,phases      ] GC(443)   Other: 0.07ms
[3644.211s][info][gc,heap        ] GC(443) Eden regions: 571->0(571)
[3644.211s][info][gc,heap        ] GC(443) Survivor regions: 43->43(77)
[3644.211s][info][gc,heap        ] GC(443) Old regions: 164->171
[3644.211s][info][gc,heap        ] GC(443) Humongous regions: 33->33
[3644.211s][info][gc,metaspace   ] GC(443) Metaspace: 35828K(38144K)->35828K(38144K) NonClass: 26756K(27072K)->26756K(27072K) Class: 9071K(11072K)->9071K(11072K)
[3644.211s][info][gc             ] GC(443) Pause Young (Normal) (G1 Evacuation Pause) 6454M->1942M(8192M) 143.355ms
[3644.211s][info][gc,cpu         ] GC(443) User=1.13s Sys=0.00s Real=0.14s
..|.....[3651.442s][info][gc,start       ] GC(444) Pause Young (Normal) (G1 Evacuation Pause)
[3651.442s][info][gc,task        ] GC(444) Using 8 workers of 8 for evacuation
[3651.587s][info][gc,phases      ] GC(444)   Pre Evacuate Collection Set: 0.26ms
[3651.587s][info][gc,phases      ] GC(444)   Merge Heap Roots: 0.54ms
[3651.587s][info][gc,phases      ] GC(444)   Evacuate Collection Set: 143.22ms
[3651.587s][info][gc,phases      ] GC(444)   Post Evacuate Collection Set: 1.06ms
[3651.587s][info][gc,phases      ] GC(444)   Other: 0.07ms
[3651.587s][info][gc,heap        ] GC(444) Eden regions: 571->0(570)
[3651.587s][info][gc,heap        ] GC(444) Survivor regions: 43->44(77)
[3651.587s][info][gc,heap        ] GC(444) Old regions: 171->178
[3651.587s][info][gc,heap        ] GC(444) Humongous regions: 33->33
[3651.587s][info][gc,metaspace   ] GC(444) Metaspace: 35828K(38144K)->35828K(38144K) NonClass: 26756K(27072K)->26756K(27072K) Class: 9071K(11072K)->9071K(11072K)
[3651.587s][info][gc             ] GC(444) Pause Young (Normal) (G1 Evacuation Pause) 6510M->2005M(8192M) 145.306ms
[3651.587s][info][gc,cpu         ] GC(444) User=1.15s Sys=0.00s Real=0.15s
.......[3658.716s][info][gc,start       ] GC(445) Pause Young (Normal) (G1 Evacuation Pause)
[3658.716s][info][gc,task        ] GC(445) Using 8 workers of 8 for evacuation
[3658.860s][info][gc,phases      ] GC(445)   Pre Evacuate Collection Set: 0.25ms
[3658.860s][info][gc,phases      ] GC(445)   Merge Heap Roots: 0.57ms
[3658.860s][info][gc,phases      ] GC(445)   Evacuate Collection Set: 141.54ms
[3658.860s][info][gc,phases      ] GC(445)   Post Evacuate Collection Set: 1.05ms
[3658.860s][info][gc,phases      ] GC(445)   Other: 0.07ms
[3658.860s][info][gc,heap        ] GC(445) Eden regions: 570->0(572)
[3658.860s][info][gc,heap        ] GC(445) Survivor regions: 44->42(77)
[3658.860s][info][gc,heap        ] GC(445) Old regions: 178->185
[3658.860s][info][gc,heap        ] GC(445) Humongous regions: 33->33
[3658.860s][info][gc,metaspace   ] GC(445) Metaspace: 35828K(38144K)->35828K(38144K) NonClass: 26756K(27072K)->26756K(27072K) Class: 9071K(11072K)->9071K(11072K)
[3658.860s][info][gc             ] GC(445) Pause Young (Normal) (G1 Evacuation Pause) 6565M->2050M(8192M) 143.600ms
[3658.860s][info][gc,cpu         ] GC(445) User=1.14s Sys=0.00s Real=0.15s
........[3665.993s][info][gc,start       ] GC(446) Pause Young (Normal) (G1 Evacuation Pause)
[3665.993s][info][gc,task        ] GC(446) Using 8 workers of 8 for evacuation
[3666.134s][info][gc,phases      ] GC(446)   Pre Evacuate Collection Set: 0.26ms
[3666.134s][info][gc,phases      ] GC(446)   Merge Heap Roots: 0.55ms
[3666.134s][info][gc,phases      ] GC(446)   Evacuate Collection Set: 138.79ms
[3666.134s][info][gc,phases      ] GC(446)   Post Evacuate Collection Set: 1.03ms
[3666.134s][info][gc,phases      ] GC(446)   Other: 0.06ms
[3666.134s][info][gc,heap        ] GC(446) Eden regions: 572->0(572)
[3666.134s][info][gc,heap        ] GC(446) Survivor regions: 42->42(77)
[3666.134s][info][gc,heap        ] GC(446) Old regions: 185->192
[3666.134s][info][gc,heap        ] GC(446) Humongous regions: 33->33
[3666.134s][info][gc,metaspace   ] GC(446) Metaspace: 35828K(38144K)->35828K(38144K) NonClass: 26756K(27072K)->26756K(27072K) Class: 9071K(11072K)->9071K(11072K)
[3666.134s][info][gc             ] GC(446) Pause Young (Normal) (G1 Evacuation Pause) 6626M->2101M(8192M) 140.837ms
[3666.134s][info][gc,cpu         ] GC(446) User=1.12s Sys=0.00s Real=0.14s
.......[3673.367s][info][gc,start       ] GC(447) Pause Young (Normal) (G1 Evacuation Pause)
[3673.367s][info][gc,task        ] GC(447) Using 8 workers of 8 for evacuation
[3673.509s][info][gc,phases      ] GC(447)   Pre Evacuate Collection Set: 0.25ms
[3673.509s][info][gc,phases      ] GC(447)   Merge Heap Roots: 0.53ms
[3673.509s][info][gc,phases      ] GC(447)   Evacuate Collection Set: 139.74ms
[3673.509s][info][gc,phases      ] GC(447)   Post Evacuate Collection Set: 1.02ms
[3673.509s][info][gc,phases      ] GC(447)   Other: 0.06ms
[3673.509s][info][gc,heap        ] GC(447) Eden regions: 572->0(571)
[3673.509s][info][gc,heap        ] GC(447) Survivor regions: 42->43(77)
[3673.509s][info][gc,heap        ] GC(447) Old regions: 192->199
[3673.509s][info][gc,heap        ] GC(447) Humongous regions: 33->33
[3673.509s][info][gc,metaspace   ] GC(447) Metaspace: 35828K(38144K)->35828K(38144K) NonClass: 26756K(27072K)->26756K(27072K) Class: 9071K(11072K)->9071K(11072K)
[3673.509s][info][gc             ] GC(447) Pause Young (Normal) (G1 Evacuation Pause) 6677M->2169M(8192M) 141.725ms
[3673.509s][info][gc,cpu         ] GC(447) User=1.12s Sys=0.00s Real=0.14s
.......[3680.616s][info][gc,start       ] GC(448) Pause Young (Normal) (G1 Evacuation Pause)
[3680.616s][info][gc,task        ] GC(448) Using 8 workers of 8 for evacuation
[3680.762s][info][gc,phases      ] GC(448)   Pre Evacuate Collection Set: 0.30ms
[3680.763s][info][gc,phases      ] GC(448)   Merge Heap Roots: 0.66ms
[3680.763s][info][gc,phases      ] GC(448)   Evacuate Collection Set: 144.43ms
[3680.763s][info][gc,phases      ] GC(448)   Post Evacuate Collection Set: 1.03ms
[3680.763s][info][gc,phases      ] GC(448)   Other: 0.07ms
[3680.763s][info][gc,heap        ] GC(448) Eden regions: 571->0(571)
[3680.763s][info][gc,heap        ] GC(448) Survivor regions: 43->43(77)
[3680.763s][info][gc,heap        ] GC(448) Old regions: 199->206
[3680.763s][info][gc,heap        ] GC(448) Humongous regions: 33->33
[3680.763s][info][gc,metaspace   ] GC(448) Metaspace: 35828K(38144K)->35828K(38144K) NonClass: 26756K(27072K)->26756K(27072K) Class: 9071K(11072K)->9071K(11072K)
[3680.763s][info][gc             ] GC(448) Pause Young (Normal) (G1 Evacuation Pause) 6737M->2225M(8192M) 146.609ms
[3680.763s][info][gc,cpu         ] GC(448) User=1.15s Sys=0.00s Real=0.15s
........[3687.955s][info][gc,start       ] GC(449) Pause Young (Normal) (G1 Evacuation Pause)
[3687.955s][info][gc,task        ] GC(449) Using 8 workers of 8 for evacuation
[3688.096s][info][gc,phases      ] GC(449)   Pre Evacuate Collection Set: 0.26ms
[3688.096s][info][gc,phases      ] GC(449)   Merge Heap Roots: 0.53ms
[3688.096s][info][gc,phases      ] GC(449)   Evacuate Collection Set: 138.91ms
[3688.096s][info][gc,phases      ] GC(449)   Post Evacuate Collection Set: 1.09ms
[3688.096s][info][gc,phases      ] GC(449)   Other: 0.07ms
[3688.096s][info][gc,heap        ] GC(449) Eden regions: 571->0(572)
[3688.096s][info][gc,heap        ] GC(449) Survivor regions: 43->42(77)
[3688.096s][info][gc,heap        ] GC(449) Old regions: 206->213
[3688.096s][info][gc,heap        ] GC(449) Humongous regions: 33->33
[3688.096s][info][gc,metaspace   ] GC(449) Metaspace: 35828K(38144K)->35828K(38144K) NonClass: 26756K(27072K)->26756K(27072K) Class: 9071K(11072K)->9071K(11072K)
[3688.096s][info][gc             ] GC(449) Pause Young (Normal) (G1 Evacuation Pause) 6793M->2269M(8192M) 140.979ms
[3688.096s][info][gc,cpu         ] GC(449) User=1.12s Sys=0.00s Real=0.14s
.......[3695.333s][info][gc,start       ] GC(450) Pause Young (Normal) (G1 Evacuation Pause)
[3695.333s][info][gc,task        ] GC(450) Using 8 workers of 8 for evacuation
[3695.477s][info][gc,phases      ] GC(450)   Pre Evacuate Collection Set: 0.28ms
[3695.477s][info][gc,phases      ] GC(450)   Merge Heap Roots: 0.55ms
[3695.477s][info][gc,phases      ] GC(450)   Evacuate Collection Set: 142.33ms
[3695.477s][info][gc,phases      ] GC(450)   Post Evacuate Collection Set: 1.05ms
[3695.477s][info][gc,phases      ] GC(450)   Other: 0.07ms
[3695.477s][info][gc,heap        ] GC(450) Eden regions: 572->0(571)
[3695.477s][info][gc,heap        ] GC(450) Survivor regions: 42->43(77)
[3695.477s][info][gc,heap        ] GC(450) Old regions: 213->220
[3695.477s][info][gc,heap        ] GC(450) Humongous regions: 33->33
[3695.477s][info][gc,metaspace   ] GC(450) Metaspace: 35828K(38144K)->35828K(38144K) NonClass: 26756K(27072K)->26756K(27072K) Class: 9071K(11072K)->9071K(11072K)
[3695.478s][info][gc             ] GC(450) Pause Young (Normal) (G1 Evacuation Pause) 6845M->2336M(8192M) 144.412ms
[3695.478s][info][gc,cpu         ] GC(450) User=1.14s Sys=0.00s Real=0.15s
.......[3702.646s][info][gc,start       ] GC(451) Pause Young (Normal) (G1 Evacuation Pause)
[3702.646s][info][gc,task        ] GC(451) Using 8 workers of 8 for evacuation
[3702.791s][info][gc,phases      ] GC(451)   Pre Evacuate Collection Set: 0.21ms
[3702.791s][info][gc,phases      ] GC(451)   Merge Heap Roots: 0.61ms
[3702.791s][info][gc,phases      ] GC(451)   Evacuate Collection Set: 142.74ms
[3702.791s][info][gc,phases      ] GC(451)   Post Evacuate Collection Set: 1.05ms
[3702.791s][info][gc,phases      ] GC(451)   Other: 0.07ms
[3702.791s][info][gc,heap        ] GC(451) Eden regions: 571->0(570)
[3702.791s][info][gc,heap        ] GC(451) Survivor regions: 43->44(77)
[3702.791s][info][gc,heap        ] GC(451) Old regions: 220->227
[3702.791s][info][gc,heap        ] GC(451) Humongous regions: 33->33
[3702.791s][info][gc,metaspace   ] GC(451) Metaspace: 35828K(38144K)->35828K(38144K) NonClass: 26756K(27072K)->26756K(27072K) Class: 9071K(11072K)->9071K(11072K)
[3702.791s][info][gc             ] GC(451) Pause Young (Normal) (G1 Evacuation Pause) 6904M->2396M(8192M) 144.832ms
[3702.791s][info][gc,cpu         ] GC(451) User=1.15s Sys=0.00s Real=0.15s
.... (rIR:aIR:PR = 5258:5255:5255) (tPR = 77978) [OK] 
  3705s: Performance info:
         Transaction,    Success,    Partial,     Failed,   Receipts, AvgBarcode, 
             Overall,     316064,          0,          0,     300253,      59.47, 
         Response times:
             Request,    Success,    Partial,     Failed,   SkipFail,     Probes,    Samples,      min,      p50,      p90,      p95,      p99,      max, 
       TotalPurchase,     300252,          0,          0,          0,     293517,     315356,      300,     3400,     6000,     7000,    31000,   248000,
     InStorePurchase,     158041,          0,          0,          0,     154774,     166101,      400,     3300,     6000,     7000,    31000,   248000,
      OnlinePurchase,     110609,          0,          0,          0,     108069,     116010,      300,     3400,     5900,     6900,    29000,   246000,
        InstPurchase,      31602,          0,          0,          0,      30674,      33245,      500,     3600,     6000,     7100,    34000,   244000,
          AssocOfCat,        318,          0,          0,          0,        250,        320,    21000,    33000,    45000,    49950,   102530,   196000,
      AssocOfProduct,       3167,          0,          0,          0,       2882,       3292,      600,     3400,     6300,     7400,    21000,   247000,
      BusinessReport,        792,          0,          0,          0,        652,        774,    26000,    35000,    50000,    58000,    96000,   215000,
          CustBuyBeh,       3160,          0,          0,          0,       2947,       3315,      200,     3400,     5800,     6820,    38000,   152000,
       ProductReturn,       8377,          0,          0,          0,       7948,       8794,      200,     3100,     6000,     7000,    27000,   156000,

  3705s: (39%)   IR =   5396 ...[3709.842s][info][gc,start       ] GC(452) Pause Young (Normal) (G1 Evacuation Pause)
[3709.842s][info][gc,task        ] GC(452) Using 8 workers of 8 for evacuation
[3709.986s][info][gc,phases      ] GC(452)   Pre Evacuate Collection Set: 0.24ms
[3709.986s][info][gc,phases      ] GC(452)   Merge Heap Roots: 0.54ms
[3709.986s][info][gc,phases      ] GC(452)   Evacuate Collection Set: 142.12ms
[3709.986s][info][gc,phases      ] GC(452)   Post Evacuate Collection Set: 1.06ms
[3709.986s][info][gc,phases      ] GC(452)   Other: 0.06ms
[3709.986s][info][gc,heap        ] GC(452) Eden regions: 570->0(571)
[3709.986s][info][gc,heap        ] GC(452) Survivor regions: 44->43(77)
[3709.986s][info][gc,heap        ] GC(452) Old regions: 227->234
[3709.986s][info][gc,heap        ] GC(452) Humongous regions: 33->33
[3709.986s][info][gc,metaspace   ] GC(452) Metaspace: 35828K(38144K)->35828K(38144K) NonClass: 26756K(27072K)->26756K(27072K) Class: 9071K(11072K)->9071K(11072K)
[3709.986s][info][gc             ] GC(452) Pause Young (Normal) (G1 Evacuation Pause) 6956M->2445M(8192M) 144.156ms
[3709.986s][info][gc,cpu         ] GC(452) User=1.14s Sys=0.01s Real=0.14s
.....|...[3716.996s][info][gc,start       ] GC(453) Pause Young (Normal) (G1 Evacuation Pause)
[3716.996s][info][gc,task        ] GC(453) Using 8 workers of 8 for evacuation
[3717.139s][info][gc,phases      ] GC(453)   Pre Evacuate Collection Set: 0.24ms
[3717.139s][info][gc,phases      ] GC(453)   Merge Heap Roots: 0.53ms
[3717.139s][info][gc,phases      ] GC(453)   Evacuate Collection Set: 140.71ms
[3717.139s][info][gc,phases      ] GC(453)   Post Evacuate Collection Set: 1.04ms
[3717.139s][info][gc,phases      ] GC(453)   Other: 0.06ms
[3717.139s][info][gc,heap        ] GC(453) Eden regions: 571->0(571)
[3717.139s][info][gc,heap        ] GC(453) Survivor regions: 43->43(77)
[3717.139s][info][gc,heap        ] GC(453) Old regions: 234->241
[3717.139s][info][gc,heap        ] GC(453) Humongous regions: 33->33
[3717.139s][info][gc,metaspace   ] GC(453) Metaspace: 35828K(38144K)->35828K(38144K) NonClass: 26756K(27072K)->26756K(27072K) Class: 9071K(11072K)->9071K(11072K)
[3717.139s][info][gc             ] GC(453) Pause Young (Normal) (G1 Evacuation Pause) 7013M->2501M(8192M) 142.724ms
[3717.139s][info][gc,cpu         ] GC(453) User=1.12s Sys=0.00s Real=0.15s
.......[3724.108s][info][gc,start       ] GC(454) Pause Young (Normal) (G1 Evacuation Pause)
[3724.108s][info][gc,task        ] GC(454) Using 8 workers of 8 for evacuation
[3724.249s][info][gc,phases      ] GC(454)   Pre Evacuate Collection Set: 0.24ms
[3724.249s][info][gc,phases      ] GC(454)   Merge Heap Roots: 0.54ms
[3724.249s][info][gc,phases      ] GC(454)   Evacuate Collection Set: 139.46ms
[3724.249s][info][gc,phases      ] GC(454)   Post Evacuate Collection Set: 1.05ms
[3724.249s][info][gc,phases      ] GC(454)   Other: 0.07ms
[3724.249s][info][gc,heap        ] GC(454) Eden regions: 571->0(572)
[3724.249s][info][gc,heap        ] GC(454) Survivor regions: 43->42(77)
[3724.249s][info][gc,heap        ] GC(454) Old regions: 241->248
[3724.249s][info][gc,heap        ] GC(454) Humongous regions: 33->33
[3724.249s][info][gc,metaspace   ] GC(454) Metaspace: 35828K(38144K)->35828K(38144K) NonClass: 26756K(27072K)->26756K(27072K) Class: 9071K(11072K)->9071K(11072K)
[3724.249s][info][gc             ] GC(454) Pause Young (Normal) (G1 Evacuation Pause) 7069M->2553M(8192M) 141.497ms
[3724.249s][info][gc,cpu         ] GC(454) User=1.12s Sys=0.00s Real=0.14s
.......[3731.268s][info][gc,start       ] GC(455) Pause Young (Normal) (G1 Evacuation Pause)
[3731.268s][info][gc,task        ] GC(455) Using 8 workers of 8 for evacuation
[3731.410s][info][gc,phases      ] GC(455)   Pre Evacuate Collection Set: 0.29ms
[3731.410s][info][gc,phases      ] GC(455)   Merge Heap Roots: 0.68ms
[3731.410s][info][gc,phases      ] GC(455)   Evacuate Collection Set: 139.13ms
[3731.410s][info][gc,phases      ] GC(455)   Post Evacuate Collection Set: 1.03ms
[3731.410s][info][gc,phases      ] GC(455)   Other: 0.06ms
[3731.410s][info][gc,heap        ] GC(455) Eden regions: 572->0(571)
[3731.410s][info][gc,heap        ] GC(455) Survivor regions: 42->43(77)
[3731.410s][info][gc,heap        ] GC(455) Old regions: 248->255
[3731.410s][info][gc,heap        ] GC(455) Humongous regions: 33->33
[3731.410s][info][gc,metaspace   ] GC(455) Metaspace: 35828K(38144K)->35828K(38144K) NonClass: 26756K(27072K)->26756K(27072K) Class: 9071K(11072K)->9071K(11072K)
[3731.410s][info][gc             ] GC(455) Pause Young (Normal) (G1 Evacuation Pause) 7129M->2617M(8192M) 141.333ms
[3731.410s][info][gc,cpu         ] GC(455) User=1.12s Sys=0.00s Real=0.14s
.......[3738.357s][info][gc,start       ] GC(456) Pause Young (Normal) (G1 Evacuation Pause)
[3738.357s][info][gc,task        ] GC(456) Using 8 workers of 8 for evacuation
[3738.504s][info][gc,phases      ] GC(456)   Pre Evacuate Collection Set: 0.26ms
[3738.504s][info][gc,phases      ] GC(456)   Merge Heap Roots: 0.61ms
[3738.504s][info][gc,phases      ] GC(456)   Evacuate Collection Set: 144.79ms
[3738.504s][info][gc,phases      ] GC(456)   Post Evacuate Collection Set: 1.07ms
[3738.504s][info][gc,phases      ] GC(456)   Other: 0.06ms
[3738.504s][info][gc,heap        ] GC(456) Eden regions: 571->0(571)
[3738.504s][info][gc,heap        ] GC(456) Survivor regions: 43->43(77)
[3738.504s][info][gc,heap        ] GC(456) Old regions: 255->262
[3738.504s][info][gc,heap        ] GC(456) Humongous regions: 33->33
[3738.504s][info][gc,metaspace   ] GC(456) Metaspace: 35828K(38144K)->35828K(38144K) NonClass: 26756K(27072K)->26756K(27072K) Class: 9071K(11072K)->9071K(11072K)
[3738.504s][info][gc             ] GC(456) Pause Young (Normal) (G1 Evacuation Pause) 7185M->2669M(8192M) 146.931ms
[3738.504s][info][gc,cpu         ] GC(456) User=1.16s Sys=0.00s Real=0.15s
.......[3745.571s][info][gc,start       ] GC(457) Pause Young (Normal) (G1 Evacuation Pause)
[3745.571s][info][gc,task        ] GC(457) Using 8 workers of 8 for evacuation
[3745.715s][info][gc,phases      ] GC(457)   Pre Evacuate Collection Set: 0.21ms
[3745.715s][info][gc,phases      ] GC(457)   Merge Heap Roots: 0.55ms
[3745.715s][info][gc,phases      ] GC(457)   Evacuate Collection Set: 141.81ms
[3745.715s][info][gc,phases      ] GC(457)   Post Evacuate Collection Set: 1.08ms
[3745.715s][info][gc,phases      ] GC(457)   Other: 0.07ms
[3745.715s][info][gc,heap        ] GC(457) Eden regions: 571->0(570)
[3745.715s][info][gc,heap        ] GC(457) Survivor regions: 43->44(77)
[3745.715s][info][gc,heap        ] GC(457) Old regions: 262->269
[3745.715s][info][gc,heap        ] GC(457) Humongous regions: 33->33
[3745.715s][info][gc,metaspace   ] GC(457) Metaspace: 35828K(38144K)->35828K(38144K) NonClass: 26756K(27072K)->26756K(27072K) Class: 9071K(11072K)->9071K(11072K)
[3745.715s][info][gc             ] GC(457) Pause Young (Normal) (G1 Evacuation Pause) 7237M->2733M(8192M) 143.839ms
[3745.715s][info][gc,cpu         ] GC(457) User=1.14s Sys=0.00s Real=0.14s
.......[3752.703s][info][gc,start       ] GC(458) Pause Young (Normal) (G1 Evacuation Pause)
[3752.703s][info][gc,task        ] GC(458) Using 8 workers of 8 for evacuation
[3752.852s][info][gc,phases      ] GC(458)   Pre Evacuate Collection Set: 0.27ms
[3752.852s][info][gc,phases      ] GC(458)   Merge Heap Roots: 0.54ms
[3752.852s][info][gc,phases      ] GC(458)   Evacuate Collection Set: 147.34ms
[3752.852s][info][gc,phases      ] GC(458)   Post Evacuate Collection Set: 1.06ms
[3752.852s][info][gc,phases      ] GC(458)   Other: 0.07ms
[3752.852s][info][gc,heap        ] GC(458) Eden regions: 570->0(571)
[3752.852s][info][gc,heap        ] GC(458) Survivor regions: 44->43(77)
[3752.852s][info][gc,heap        ] GC(458) Old regions: 269->276
[3752.852s][info][gc,heap        ] GC(458) Humongous regions: 33->33
[3752.852s][info][gc,metaspace   ] GC(458) Metaspace: 35828K(38144K)->35828K(38144K) NonClass: 26756K(27072K)->26756K(27072K) Class: 9071K(11072K)->9071K(11072K)
[3752.852s][info][gc             ] GC(458) Pause Young (Normal) (G1 Evacuation Pause) 7293M->2784M(8192M) 149.417ms
[3752.852s][info][gc,cpu         ] GC(458) User=1.19s Sys=0.00s Real=0.15s
.......[3759.801s][info][gc,start       ] GC(459) Pause Young (Normal) (G1 Evacuation Pause)
[3759.801s][info][gc,task        ] GC(459) Using 8 workers of 8 for evacuation
[3759.944s][info][gc,phases      ] GC(459)   Pre Evacuate Collection Set: 0.25ms
[3759.944s][info][gc,phases      ] GC(459)   Merge Heap Roots: 0.53ms
[3759.944s][info][gc,phases      ] GC(459)   Evacuate Collection Set: 140.91ms
[3759.944s][info][gc,phases      ] GC(459)   Post Evacuate Collection Set: 1.07ms
[3759.944s][info][gc,phases      ] GC(459)   Other: 0.06ms
[3759.944s][info][gc,heap        ] GC(459) Eden regions: 571->0(570)
[3759.944s][info][gc,heap        ] GC(459) Survivor regions: 43->43(77)
[3759.944s][info][gc,heap        ] GC(459) Old regions: 276->283
[3759.944s][info][gc,heap        ] GC(459) Humongous regions: 33->33
[3759.944s][info][gc,metaspace   ] GC(459) Metaspace: 35828K(38144K)->35828K(38144K) NonClass: 26756K(27072K)->26756K(27072K) Class: 9071K(11072K)->9071K(11072K)
[3759.944s][info][gc             ] GC(459) Pause Young (Normal) (G1 Evacuation Pause) 7352M->2840M(8192M) 142.951ms
[3759.944s][info][gc,cpu         ] GC(459) User=1.13s Sys=0.00s Real=0.14s
.......[3766.910s][info][gc,start       ] GC(460) Pause Young (Normal) (G1 Evacuation Pause)
[3766.911s][info][gc,task        ] GC(460) Using 8 workers of 8 for evacuation
[3767.057s][info][gc,phases      ] GC(460)   Pre Evacuate Collection Set: 0.25ms
[3767.057s][info][gc,phases      ] GC(460)   Merge Heap Roots: 0.57ms
[3767.057s][info][gc,phases      ] GC(460)   Evacuate Collection Set: 144.63ms
[3767.057s][info][gc,phases      ] GC(460)   Post Evacuate Collection Set: 1.06ms
[3767.057s][info][gc,phases      ] GC(460)   Other: 0.07ms
[3767.057s][info][gc,heap        ] GC(460) Eden regions: 570->0(561)
[3767.057s][info][gc,heap        ] GC(460) Survivor regions: 43->44(77)
[3767.057s][info][gc,heap        ] GC(460) Old regions: 283->290
[3767.057s][info][gc,heap        ] GC(460) Humongous regions: 33->33
[3767.057s][info][gc,metaspace   ] GC(460) Metaspace: 35828K(38144K)->35828K(38144K) NonClass: 26756K(27072K)->26756K(27072K) Class: 9071K(11072K)->9071K(11072K)
[3767.057s][info][gc             ] GC(460) Pause Young (Normal) (G1 Evacuation Pause) 7400M->2900M(8192M) 146.718ms
[3767.057s][info][gc,cpu         ] GC(460) User=1.16s Sys=0.00s Real=0.15s
.......[3773.928s][info][gc,start       ] GC(461) Pause Young (Normal) (G1 Evacuation Pause)
[3773.928s][info][gc,task        ] GC(461) Using 8 workers of 8 for evacuation
[3774.070s][info][gc,phases      ] GC(461)   Pre Evacuate Collection Set: 0.28ms
[3774.070s][info][gc,phases      ] GC(461)   Merge Heap Roots: 0.54ms
[3774.070s][info][gc,phases      ] GC(461)   Evacuate Collection Set: 140.59ms
[3774.070s][info][gc,phases      ] GC(461)   Post Evacuate Collection Set: 1.04ms
[3774.070s][info][gc,phases      ] GC(461)   Other: 0.07ms
[3774.070s][info][gc,heap        ] GC(461) Eden regions: 561->0(556)
[3774.070s][info][gc,heap        ] GC(461) Survivor regions: 44->43(76)
[3774.070s][info][gc,heap        ] GC(461) Old regions: 290->297
[3774.070s][info][gc,heap        ] GC(461) Humongous regions: 33->33
[3774.070s][info][gc,metaspace   ] GC(461) Metaspace: 35828K(38144K)->35828K(38144K) NonClass: 26756K(27072K)->26756K(27072K) Class: 9071K(11072K)->9071K(11072K)
[3774.070s][info][gc             ] GC(461) Pause Young (Normal) (G1 Evacuation Pause) 7388M->2948M(8192M) 142.639ms
[3774.070s][info][gc,cpu         ] GC(461) User=1.13s Sys=0.00s Real=0.14s
. (rIR:aIR:PR = 5396:5384:5384) (tPR = 80093) [OK] 
  3773s: Performance info:
         Transaction,    Success,    Partial,     Failed,   Receipts, AvgBarcode, 
             Overall,     323484,          0,          0,     307313,      59.48, 
         Response times:
             Request,    Success,    Partial,     Failed,   SkipFail,     Probes,    Samples,      min,      p50,      p90,      p95,      p99,      max, 
       TotalPurchase,     307320,          0,          0,          0,     300283,     343479,      300,     3400,     6100,     7000,    44000,   342000,
     InStorePurchase,     161781,          0,          0,          0,     158210,     180952,      400,     3400,     6000,     7000,    46000,   342000,
      OnlinePurchase,     113221,          0,          0,          0,     110731,     126390,      300,     3400,     6100,     7100,    41000,   342000,
        InstPurchase,      32318,          0,          0,          0,      31342,      36137,      500,     3700,     6200,     7100,    44000,   192000,
          AssocOfCat,        323,          0,          0,          0,        256,        375,    21000,    33000,    41000,    50200,   158880,   191000,
      AssocOfProduct,       3233,          0,          0,          0,       2981,       3614,      500,     3800,     6400,     7400,    44000,   153000,
      BusinessReport,        807,          0,          0,          0,        701,        953,    27000,    35000,    51000,    61000,   177920,   213000,
          CustBuyBeh,       3245,          0,          0,          0,       3041,       3647,      300,     3500,     6000,     7000,    51520,   160000,
       ProductReturn,       8562,          0,          0,          0,       8169,       9595,      200,     3100,     5900,     7000,    43040,   161000,

  3773s: (40%)   IR =   5535 .....|.[3780.838s][info][gc,start       ] GC(462) Pause Young (Normal) (G1 Evacuation Pause)
[3780.838s][info][gc,task        ] GC(462) Using 8 workers of 8 for evacuation
[3780.981s][info][gc,phases      ] GC(462)   Pre Evacuate Collection Set: 0.26ms
[3780.981s][info][gc,phases      ] GC(462)   Merge Heap Roots: 0.55ms
[3780.981s][info][gc,phases      ] GC(462)   Evacuate Collection Set: 140.98ms
[3780.981s][info][gc,phases      ] GC(462)   Post Evacuate Collection Set: 1.06ms
[3780.981s][info][gc,phases      ] GC(462)   Other: 0.07ms
[3780.981s][info][gc,heap        ] GC(462) Eden regions: 556->0(551)
[3780.981s][info][gc,heap        ] GC(462) Survivor regions: 43->42(75)
[3780.981s][info][gc,heap        ] GC(462) Old regions: 297->304
[3780.981s][info][gc,heap        ] GC(462) Humongous regions: 33->33
[3780.981s][info][gc,metaspace   ] GC(462) Metaspace: 35828K(38144K)->35828K(38144K) NonClass: 26756K(27072K)->26756K(27072K) Class: 9071K(11072K)->9071K(11072K)
[3780.981s][info][gc             ] GC(462) Pause Young (Normal) (G1 Evacuation Pause) 7396M->3001M(8192M) 143.051ms
[3780.981s][info][gc,cpu         ] GC(462) User=1.14s Sys=0.00s Real=0.14s
.......[3787.493s][info][gc,start       ] GC(463) Pause Young (Normal) (G1 Evacuation Pause)
[3787.493s][info][gc,task        ] GC(463) Using 8 workers of 8 for evacuation
[3787.636s][info][gc,phases      ] GC(463)   Pre Evacuate Collection Set: 0.25ms
[3787.636s][info][gc,phases      ] GC(463)   Merge Heap Roots: 0.53ms
[3787.636s][info][gc,phases      ] GC(463)   Evacuate Collection Set: 141.42ms
[3787.636s][info][gc,phases      ] GC(463)   Post Evacuate Collection Set: 1.07ms
[3787.636s][info][gc,phases      ] GC(463)   Other: 0.06ms
[3787.636s][info][gc,heap        ] GC(463) Eden regions: 551->0(542)
[3787.636s][info][gc,heap        ] GC(463) Survivor regions: 42->43(75)
[3787.636s][info][gc,heap        ] GC(463) Old regions: 304->311
[3787.636s][info][gc,heap        ] GC(463) Humongous regions: 33->33
[3787.636s][info][gc,metaspace   ] GC(463) Metaspace: 35828K(38144K)->35828K(38144K) NonClass: 26756K(27072K)->26756K(27072K) Class: 9071K(11072K)->9071K(11072K)
[3787.636s][info][gc             ] GC(463) Pause Young (Normal) (G1 Evacuation Pause) 7409M->3064M(8192M) 143.444ms
[3787.636s][info][gc,cpu         ] GC(463) User=1.14s Sys=0.00s Real=0.14s
......[3794.023s][info][gc,start       ] GC(464) Pause Young (Normal) (G1 Evacuation Pause)
[3794.023s][info][gc,task        ] GC(464) Using 8 workers of 8 for evacuation
[3794.164s][info][gc,phases      ] GC(464)   Pre Evacuate Collection Set: 0.28ms
[3794.164s][info][gc,phases      ] GC(464)   Merge Heap Roots: 0.53ms
[3794.164s][info][gc,phases      ] GC(464)   Evacuate Collection Set: 138.83ms
[3794.164s][info][gc,phases      ] GC(464)   Post Evacuate Collection Set: 1.00ms
[3794.164s][info][gc,phases      ] GC(464)   Other: 0.07ms
[3794.164s][info][gc,heap        ] GC(464) Eden regions: 542->0(538)
[3794.164s][info][gc,heap        ] GC(464) Survivor regions: 43->41(74)
[3794.164s][info][gc,heap        ] GC(464) Old regions: 311->319
[3794.164s][info][gc,heap        ] GC(464) Humongous regions: 33->33
[3794.164s][info][gc,metaspace   ] GC(464) Metaspace: 35828K(38144K)->35828K(38144K) NonClass: 26756K(27072K)->26756K(27072K) Class: 9071K(11072K)->9071K(11072K)
[3794.164s][info][gc             ] GC(464) Pause Young (Normal) (G1 Evacuation Pause) 7400M->3116M(8192M) 140.829ms
[3794.164s][info][gc,cpu         ] GC(464) User=1.12s Sys=0.00s Real=0.14s
.......[3800.649s][info][gc,start       ] GC(465) Pause Young (Concurrent Start) (G1 Evacuation Pause)
[3800.649s][info][gc,task        ] GC(465) Using 8 workers of 8 for evacuation
[3800.791s][info][gc,phases      ] GC(465)   Pre Evacuate Collection Set: 0.34ms
[3800.791s][info][gc,phases      ] GC(465)   Merge Heap Roots: 0.59ms
[3800.791s][info][gc,phases      ] GC(465)   Evacuate Collection Set: 139.74ms
[3800.791s][info][gc,phases      ] GC(465)   Post Evacuate Collection Set: 1.04ms
[3800.791s][info][gc,phases      ] GC(465)   Other: 0.12ms
[3800.791s][info][gc,heap        ] GC(465) Eden regions: 538->0(530)
[3800.791s][info][gc,heap        ] GC(465) Survivor regions: 41->41(73)
[3800.791s][info][gc,heap        ] GC(465) Old regions: 319->327
[3800.791s][info][gc,heap        ] GC(465) Humongous regions: 33->33
[3800.791s][info][gc,metaspace   ] GC(465) Metaspace: 35828K(38144K)->35828K(38144K) NonClass: 26756K(27072K)->26756K(27072K) Class: 9071K(11072K)->9071K(11072K)
[3800.791s][info][gc             ] GC(465) Pause Young (Concurrent Start) (G1 Evacuation Pause) 7420M->3173M(8192M) 141.988ms
[3800.791s][info][gc             ] GC(466) Concurrent Mark Cycle
[3800.791s][info][gc,marking     ] GC(466) Concurrent Scan Root Regions
[3800.791s][info][gc,cpu         ] GC(465) User=1.12s Sys=0.00s Real=0.14s
[3801.013s][info][gc,marking     ] GC(466) Concurrent Scan Root Regions 221.246ms
[3801.013s][info][gc,marking     ] GC(466) Concurrent Mark
[3801.013s][info][gc,marking     ] GC(466) Concurrent Mark From Roots
[3801.013s][info][gc,task        ] GC(466) Using 2 workers of 2 for marking
.[3801.667s][info][gc,marking     ] GC(466) Concurrent Mark From Roots 654.521ms
[3801.667s][info][gc,marking     ] GC(466) Concurrent Preclean
[3801.667s][info][gc,marking     ] GC(466) Concurrent Preclean 0.113ms
[3801.668s][info][gc,start       ] GC(466) Pause Remark
[3801.669s][info][gc             ] GC(466) Pause Remark 3889M->3225M(8192M) 1.719ms
[3801.669s][info][gc,cpu         ] GC(466) User=0.01s Sys=0.00s Real=0.00s
[3801.669s][info][gc,marking     ] GC(466) Concurrent Mark 656.617ms
[3801.669s][info][gc,marking     ] GC(466) Concurrent Rebuild Remembered Sets and Scrub Regions
[3802.047s][info][gc,marking     ] GC(466) Concurrent Rebuild Remembered Sets and Scrub Regions 377.850ms
[3802.047s][info][gc,start       ] GC(466) Pause Cleanup
[3802.048s][info][gc             ] GC(466) Pause Cleanup 3494M->3494M(8192M) 0.275ms
[3802.048s][info][gc,cpu         ] GC(466) User=0.00s Sys=0.00s Real=0.00s
[3802.048s][info][gc,marking     ] GC(466) Concurrent Clear Claimed Marks
[3802.048s][info][gc,marking     ] GC(466) Concurrent Clear Claimed Marks 0.042ms
[3802.048s][info][gc,marking     ] GC(466) Concurrent Cleanup for Next Mark
[3802.054s][info][gc,marking     ] GC(466) Concurrent Cleanup for Next Mark 6.546ms
[3802.054s][info][gc             ] GC(466) Concurrent Mark Cycle 1262.915ms
.....[3807.160s][info][gc,start       ] GC(467) Pause Young (Prepare Mixed) (G1 Evacuation Pause)
[3807.160s][info][gc,task        ] GC(467) Using 8 workers of 8 for evacuation
[3807.298s][info][gc,phases      ] GC(467)   Pre Evacuate Collection Set: 0.24ms
[3807.298s][info][gc,phases      ] GC(467)   Merge Heap Roots: 0.68ms
[3807.298s][info][gc,phases      ] GC(467)   Evacuate Collection Set: 136.70ms
[3807.299s][info][gc,phases      ] GC(467)   Post Evacuate Collection Set: 1.12ms
[3807.299s][info][gc,phases      ] GC(467)   Other: 0.07ms
[3807.299s][info][gc,heap        ] GC(467) Eden regions: 530->0(573)
[3807.299s][info][gc,heap        ] GC(467) Survivor regions: 41->41(72)
[3807.299s][info][gc,heap        ] GC(467) Old regions: 244->251
[3807.299s][info][gc,heap        ] GC(467) Humongous regions: 33->33
[3807.299s][info][gc,metaspace   ] GC(467) Metaspace: 35828K(38144K)->35828K(38144K) NonClass: 26756K(27072K)->26756K(27072K) Class: 9071K(11072K)->9071K(11072K)
[3807.299s][info][gc             ] GC(467) Pause Young (Prepare Mixed) (G1 Evacuation Pause) 6749M->2568M(8192M) 138.936ms
[3807.299s][info][gc,cpu         ] GC(467) User=1.10s Sys=0.00s Real=0.14s
.......[3814.168s][info][gc,start       ] GC(468) Pause Young (Mixed) (G1 Evacuation Pause)
[3814.168s][info][gc,task        ] GC(468) Using 8 workers of 8 for evacuation
[3814.314s][info][gc,phases      ] GC(468)   Pre Evacuate Collection Set: 0.32ms
[3814.314s][info][gc,phases      ] GC(468)   Merge Heap Roots: 0.87ms
[3814.314s][info][gc,phases      ] GC(468)   Evacuate Collection Set: 143.91ms
[3814.314s][info][gc,phases      ] GC(468)   Post Evacuate Collection Set: 1.27ms
[3814.314s][info][gc,phases      ] GC(468)   Other: 0.08ms
[3814.314s][info][gc,heap        ] GC(468) Eden regions: 573->0(573)
[3814.314s][info][gc,heap        ] GC(468) Survivor regions: 41->41(77)
[3814.314s][info][gc,heap        ] GC(468) Old regions: 251->156
[3814.314s][info][gc,heap        ] GC(468) Humongous regions: 33->33
[3814.314s][info][gc,metaspace   ] GC(468) Metaspace: 35828K(38144K)->35828K(38144K) NonClass: 26756K(27072K)->26756K(27072K) Class: 9071K(11072K)->9071K(11072K)
[3814.314s][info][gc             ] GC(468) Pause Young (Mixed) (G1 Evacuation Pause) 7152M->1812M(8192M) 146.597ms
[3814.314s][info][gc,cpu         ] GC(468) User=1.16s Sys=0.00s Real=0.14s
.......[3821.063s][info][gc,start       ] GC(469) Pause Young (Mixed) (G1 Evacuation Pause)
[3821.063s][info][gc,task        ] GC(469) Using 8 workers of 8 for evacuation
[3821.211s][info][gc,phases      ] GC(469)   Pre Evacuate Collection Set: 0.29ms
[3821.211s][info][gc,phases      ] GC(469)   Merge Heap Roots: 0.85ms
[3821.211s][info][gc,phases      ] GC(469)   Evacuate Collection Set: 145.28ms
[3821.211s][info][gc,phases      ] GC(469)   Post Evacuate Collection Set: 1.09ms
[3821.211s][info][gc,phases      ] GC(469)   Other: 0.07ms
[3821.211s][info][gc,heap        ] GC(469) Eden regions: 573->0(572)
[3821.211s][info][gc,heap        ] GC(469) Survivor regions: 41->42(77)
[3821.211s][info][gc,heap        ] GC(469) Old regions: 156->142
[3821.211s][info][gc,heap        ] GC(469) Humongous regions: 33->33
[3821.211s][info][gc,metaspace   ] GC(469) Metaspace: 35828K(38144K)->35828K(38144K) NonClass: 26756K(27072K)->26756K(27072K) Class: 9071K(11072K)->9071K(11072K)
[3821.211s][info][gc             ] GC(469) Pause Young (Mixed) (G1 Evacuation Pause) 6396M->1703M(8192M) 147.709ms
[3821.211s][info][gc,cpu         ] GC(469) User=1.17s Sys=0.00s Real=0.15s
.......[3828.043s][info][gc,start       ] GC(470) Pause Young (Normal) (G1 Evacuation Pause)
[3828.043s][info][gc,task        ] GC(470) Using 8 workers of 8 for evacuation
[3828.185s][info][gc,phases      ] GC(470)   Pre Evacuate Collection Set: 0.26ms
[3828.185s][info][gc,phases      ] GC(470)   Merge Heap Roots: 0.58ms
[3828.185s][info][gc,phases      ] GC(470)   Evacuate Collection Set: 140.12ms
[3828.185s][info][gc,phases      ] GC(470)   Post Evacuate Collection Set: 1.09ms
[3828.185s][info][gc,phases      ] GC(470)   Other: 0.06ms
[3828.185s][info][gc,heap        ] GC(470) Eden regions: 572->0(571)
[3828.185s][info][gc,heap        ] GC(470) Survivor regions: 42->43(77)
[3828.185s][info][gc,heap        ] GC(470) Old regions: 142->149
[3828.185s][info][gc,heap        ] GC(470) Humongous regions: 33->33
[3828.185s][info][gc,metaspace   ] GC(470) Metaspace: 35828K(38144K)->35828K(38144K) NonClass: 26756K(27072K)->26756K(27072K) Class: 9071K(11072K)->9071K(11072K)
[3828.185s][info][gc             ] GC(470) Pause Young (Normal) (G1 Evacuation Pause) 6279M->1764M(8192M) 142.246ms
[3828.185s][info][gc,cpu         ] GC(470) User=1.13s Sys=0.00s Real=0.14s
.......[3834.975s][info][gc,start       ] GC(471) Pause Young (Normal) (G1 Evacuation Pause)
[3834.975s][info][gc,task        ] GC(471) Using 8 workers of 8 for evacuation
[3835.116s][info][gc,phases      ] GC(471)   Pre Evacuate Collection Set: 0.27ms
[3835.116s][info][gc,phases      ] GC(471)   Merge Heap Roots: 0.54ms
[3835.116s][info][gc,phases      ] GC(471)   Evacuate Collection Set: 138.87ms
[3835.116s][info][gc,phases      ] GC(471)   Post Evacuate Collection Set: 1.06ms
[3835.116s][info][gc,phases      ] GC(471)   Other: 0.07ms
[3835.116s][info][gc,heap        ] GC(471) Eden regions: 571->0(571)
[3835.116s][info][gc,heap        ] GC(471) Survivor regions: 43->43(77)
[3835.116s][info][gc,heap        ] GC(471) Old regions: 149->156
[3835.116s][info][gc,heap        ] GC(471) Humongous regions: 33->33
[3835.116s][info][gc,metaspace   ] GC(471) Metaspace: 35828K(38144K)->35828K(38144K) NonClass: 26756K(27072K)->26756K(27072K) Class: 9071K(11072K)->9071K(11072K)
[3835.116s][info][gc             ] GC(471) Pause Young (Normal) (G1 Evacuation Pause) 6332M->1820M(8192M) 140.935ms
[3835.116s][info][gc,cpu         ] GC(471) User=1.11s Sys=0.00s Real=0.14s
..... (rIR:aIR:PR = 5535:5536:5535) (tPR = 81880) [OK] 
  3839s: Performance info:
         Transaction,    Success,    Partial,     Failed,   Receipts, AvgBarcode, 
             Overall,     333066,          0,          0,     316356,      59.47, 
         Response times:
             Request,    Success,    Partial,     Failed,   SkipFail,     Probes,    Samples,      min,      p50,      p90,      p95,      p99,      max, 
       TotalPurchase,     316356,          0,          0,          0,     308796,     337522,      300,     3500,     6300,     7500,    40000,   282000,
     InStorePurchase,     166551,          0,          0,          0,     162964,     177766,      400,     3500,     6200,     7400,    40000,   281000,
      OnlinePurchase,     116483,          0,          0,          0,     113716,     124289,      300,     3600,     6400,     7600,    39000,   281000,
        InstPurchase,      33322,          0,          0,          0,      32116,      35467,      400,     3700,     6300,     7500,    43320,   282000,
          AssocOfCat,        328,          0,          0,          0,        246,        355,    23000,    33000,    48000,    55200,   157680,   193000,
      AssocOfProduct,       3357,          0,          0,          0,       3069,       3514,      500,     2000,     6200,     7100,    14185,   154000,
      BusinessReport,        836,          0,          0,          0,        706,        851,    28000,    36000,    52000,    61000,    95960,   204000,
          CustBuyBeh,       3350,          0,          0,          0,       3159,       3611,      100,     3100,     5900,     7000,    35880,   155000,
       ProductReturn,       8840,          0,          0,          0,       8395,       9364,      200,     3600,     6300,     7400,    27350,   155000,

  3839s: (41%)   IR =   5673 ..[3841.906s][info][gc,start       ] GC(472) Pause Young (Normal) (G1 Evacuation Pause)
[3841.906s][info][gc,task        ] GC(472) Using 8 workers of 8 for evacuation
[3842.050s][info][gc,phases      ] GC(472)   Pre Evacuate Collection Set: 0.27ms
[3842.050s][info][gc,phases      ] GC(472)   Merge Heap Roots: 0.53ms
[3842.050s][info][gc,phases      ] GC(472)   Evacuate Collection Set: 141.64ms
[3842.050s][info][gc,phases      ] GC(472)   Post Evacuate Collection Set: 1.03ms
[3842.050s][info][gc,phases      ] GC(472)   Other: 0.09ms
[3842.050s][info][gc,heap        ] GC(472) Eden regions: 571->0(571)
[3842.050s][info][gc,heap        ] GC(472) Survivor regions: 43->43(77)
[3842.050s][info][gc,heap        ] GC(472) Old regions: 156->163
[3842.050s][info][gc,heap        ] GC(472) Humongous regions: 33->33
[3842.050s][info][gc,metaspace   ] GC(472) Metaspace: 35828K(38144K)->35828K(38144K) NonClass: 26756K(27072K)->26756K(27072K) Class: 9071K(11072K)->9071K(11072K)
[3842.050s][info][gc             ] GC(472) Pause Young (Normal) (G1 Evacuation Pause) 6388M->1882M(8192M) 143.694ms
[3842.050s][info][gc,cpu         ] GC(472) User=1.14s Sys=0.00s Real=0.15s
....|...[3848.621s][info][gc,start       ] GC(473) Pause Young (Normal) (G1 Evacuation Pause)
[3848.621s][info][gc,task        ] GC(473) Using 8 workers of 8 for evacuation
[3848.767s][info][gc,phases      ] GC(473)   Pre Evacuate Collection Set: 0.28ms
[3848.767s][info][gc,phases      ] GC(473)   Merge Heap Roots: 0.60ms
[3848.767s][info][gc,phases      ] GC(473)   Evacuate Collection Set: 143.57ms
[3848.767s][info][gc,phases      ] GC(473)   Post Evacuate Collection Set: 1.04ms
[3848.767s][info][gc,phases      ] GC(473)   Other: 0.06ms
[3848.767s][info][gc,heap        ] GC(473) Eden regions: 571->0(570)
[3848.767s][info][gc,heap        ] GC(473) Survivor regions: 43->44(77)
[3848.767s][info][gc,heap        ] GC(473) Old regions: 163->170
[3848.767s][info][gc,heap        ] GC(473) Humongous regions: 33->33
[3848.767s][info][gc,metaspace   ] GC(473) Metaspace: 35828K(38144K)->35828K(38144K) NonClass: 26756K(27072K)->26756K(27072K) Class: 9071K(11072K)->9071K(11072K)
[3848.767s][info][gc             ] GC(473) Pause Young (Normal) (G1 Evacuation Pause) 6450M->1941M(8192M) 145.684ms
[3848.767s][info][gc,cpu         ] GC(473) User=1.15s Sys=0.00s Real=0.14s
.......[3855.448s][info][gc,start       ] GC(474) Pause Young (Normal) (G1 Evacuation Pause)
[3855.448s][info][gc,task        ] GC(474) Using 8 workers of 8 for evacuation
[3855.592s][info][gc,phases      ] GC(474)   Pre Evacuate Collection Set: 0.30ms
[3855.592s][info][gc,phases      ] GC(474)   Merge Heap Roots: 0.57ms
[3855.592s][info][gc,phases      ] GC(474)   Evacuate Collection Set: 142.25ms
[3855.592s][info][gc,phases      ] GC(474)   Post Evacuate Collection Set: 1.02ms
[3855.592s][info][gc,phases      ] GC(474)   Other: 0.07ms
[3855.592s][info][gc,heap        ] GC(474) Eden regions: 570->0(571)
[3855.592s][info][gc,heap        ] GC(474) Survivor regions: 44->43(77)
[3855.592s][info][gc,heap        ] GC(474) Old regions: 170->177
[3855.592s][info][gc,heap        ] GC(474) Humongous regions: 33->33
[3855.592s][info][gc,metaspace   ] GC(474) Metaspace: 35828K(38144K)->35828K(38144K) NonClass: 26756K(27072K)->26756K(27072K) Class: 9071K(11072K)->9071K(11072K)
[3855.592s][info][gc             ] GC(474) Pause Young (Normal) (G1 Evacuation Pause) 6501M->1990M(8192M) 144.353ms
[3855.593s][info][gc,cpu         ] GC(474) User=1.15s Sys=0.00s Real=0.14s
......[3862.198s][info][gc,start       ] GC(475) Pause Young (Normal) (G1 Evacuation Pause)
[3862.199s][info][gc,task        ] GC(475) Using 8 workers of 8 for evacuation
[3862.343s][info][gc,phases      ] GC(475)   Pre Evacuate Collection Set: 0.28ms
[3862.343s][info][gc,phases      ] GC(475)   Merge Heap Roots: 0.63ms
[3862.343s][info][gc,phases      ] GC(475)   Evacuate Collection Set: 142.71ms
[3862.343s][info][gc,phases      ] GC(475)   Post Evacuate Collection Set: 1.03ms
[3862.343s][info][gc,phases      ] GC(475)   Other: 0.07ms
[3862.343s][info][gc,heap        ] GC(475) Eden regions: 571->0(571)
[3862.343s][info][gc,heap        ] GC(475) Survivor regions: 43->43(77)
[3862.343s][info][gc,heap        ] GC(475) Old regions: 177->184
[3862.343s][info][gc,heap        ] GC(475) Humongous regions: 33->33
[3862.343s][info][gc,metaspace   ] GC(475) Metaspace: 35828K(38144K)->35828K(38144K) NonClass: 26756K(27072K)->26756K(27072K) Class: 9071K(11072K)->9071K(11072K)
[3862.343s][info][gc             ] GC(475) Pause Young (Normal) (G1 Evacuation Pause) 6558M->2046M(8192M) 144.869ms
[3862.343s][info][gc,cpu         ] GC(475) User=1.14s Sys=0.00s Real=0.14s
.......[3868.975s][info][gc,start       ] GC(476) Pause Young (Normal) (G1 Evacuation Pause)
[3868.975s][info][gc,task        ] GC(476) Using 8 workers of 8 for evacuation
[3869.119s][info][gc,phases      ] GC(476)   Pre Evacuate Collection Set: 0.26ms
[3869.119s][info][gc,phases      ] GC(476)   Merge Heap Roots: 0.54ms
[3869.119s][info][gc,phases      ] GC(476)   Evacuate Collection Set: 142.23ms
[3869.119s][info][gc,phases      ] GC(476)   Post Evacuate Collection Set: 1.05ms
[3869.119s][info][gc,phases      ] GC(476)   Other: 0.06ms
[3869.119s][info][gc,heap        ] GC(476) Eden regions: 571->0(571)
[3869.119s][info][gc,heap        ] GC(476) Survivor regions: 43->43(77)
[3869.119s][info][gc,heap        ] GC(476) Old regions: 184->191
[3869.119s][info][gc,heap        ] GC(476) Humongous regions: 33->33
[3869.119s][info][gc,metaspace   ] GC(476) Metaspace: 35828K(38144K)->35828K(38144K) NonClass: 26756K(27072K)->26756K(27072K) Class: 9071K(11072K)->9071K(11072K)
[3869.119s][info][gc             ] GC(476) Pause Young (Normal) (G1 Evacuation Pause) 6614M->2103M(8192M) 144.263ms
[3869.119s][info][gc,cpu         ] GC(476) User=1.14s Sys=0.00s Real=0.15s
.......[3875.725s][info][gc,start       ] GC(477) Pause Young (Normal) (G1 Evacuation Pause)
[3875.725s][info][gc,task        ] GC(477) Using 8 workers of 8 for evacuation
[3875.870s][info][gc,phases      ] GC(477)   Pre Evacuate Collection Set: 0.24ms
[3875.870s][info][gc,phases      ] GC(477)   Merge Heap Roots: 0.62ms
[3875.870s][info][gc,phases      ] GC(477)   Evacuate Collection Set: 142.68ms
[3875.870s][info][gc,phases      ] GC(477)   Post Evacuate Collection Set: 1.03ms
[3875.870s][info][gc,phases      ] GC(477)   Other: 0.06ms
[3875.870s][info][gc,heap        ] GC(477) Eden regions: 571->0(571)
[3875.870s][info][gc,heap        ] GC(477) Survivor regions: 43->43(77)
[3875.870s][info][gc,heap        ] GC(477) Old regions: 191->198
[3875.870s][info][gc,heap        ] GC(477) Humongous regions: 33->33
[3875.870s][info][gc,metaspace   ] GC(477) Metaspace: 35828K(38144K)->35828K(38144K) NonClass: 26756K(27072K)->26756K(27072K) Class: 9071K(11072K)->9071K(11072K)
[3875.870s][info][gc             ] GC(477) Pause Young (Normal) (G1 Evacuation Pause) 6671M->2160M(8192M) 144.778ms
[3875.870s][info][gc,cpu         ] GC(477) User=1.14s Sys=0.00s Real=0.15s
.......[3882.541s][info][gc,start       ] GC(478) Pause Young (Normal) (G1 Evacuation Pause)
[3882.541s][info][gc,task        ] GC(478) Using 8 workers of 8 for evacuation
[3882.683s][info][gc,phases      ] GC(478)   Pre Evacuate Collection Set: 0.26ms
[3882.683s][info][gc,phases      ] GC(478)   Merge Heap Roots: 0.57ms
[3882.683s][info][gc,phases      ] GC(478)   Evacuate Collection Set: 139.99ms
[3882.683s][info][gc,phases      ] GC(478)   Post Evacuate Collection Set: 1.06ms
[3882.683s][info][gc,phases      ] GC(478)   Other: 0.06ms
[3882.683s][info][gc,heap        ] GC(478) Eden regions: 571->0(571)
[3882.683s][info][gc,heap        ] GC(478) Survivor regions: 43->43(77)
[3882.683s][info][gc,heap        ] GC(478) Old regions: 198->205
[3882.683s][info][gc,heap        ] GC(478) Humongous regions: 33->33
[3882.683s][info][gc,metaspace   ] GC(478) Metaspace: 35828K(38144K)->35828K(38144K) NonClass: 26756K(27072K)->26756K(27072K) Class: 9071K(11072K)->9071K(11072K)
[3882.683s][info][gc             ] GC(478) Pause Young (Normal) (G1 Evacuation Pause) 6728M->2216M(8192M) 142.084ms
[3882.683s][info][gc,cpu         ] GC(478) User=1.12s Sys=0.00s Real=0.14s
......[3889.334s][info][gc,start       ] GC(479) Pause Young (Normal) (G1 Evacuation Pause)
[3889.334s][info][gc,task        ] GC(479) Using 8 workers of 8 for evacuation
[3889.480s][info][gc,phases      ] GC(479)   Pre Evacuate Collection Set: 0.26ms
[3889.480s][info][gc,phases      ] GC(479)   Merge Heap Roots: 0.56ms
[3889.480s][info][gc,phases      ] GC(479)   Evacuate Collection Set: 143.59ms
[3889.480s][info][gc,phases      ] GC(479)   Post Evacuate Collection Set: 1.07ms
[3889.480s][info][gc,phases      ] GC(479)   Other: 0.07ms
[3889.480s][info][gc,heap        ] GC(479) Eden regions: 571->0(571)
[3889.480s][info][gc,heap        ] GC(479) Survivor regions: 43->43(77)
[3889.480s][info][gc,heap        ] GC(479) Old regions: 205->212
[3889.480s][info][gc,heap        ] GC(479) Humongous regions: 33->33
[3889.480s][info][gc,metaspace   ] GC(479) Metaspace: 35828K(38144K)->35828K(38144K) NonClass: 26756K(27072K)->26756K(27072K) Class: 9071K(11072K)->9071K(11072K)
[3889.480s][info][gc             ] GC(479) Pause Young (Normal) (G1 Evacuation Pause) 6784M->2276M(8192M) 145.686ms
[3889.480s][info][gc,cpu         ] GC(479) User=1.15s Sys=0.00s Real=0.15s
.......[3896.130s][info][gc,start       ] GC(480) Pause Young (Normal) (G1 Evacuation Pause)
[3896.130s][info][gc,task        ] GC(480) Using 8 workers of 8 for evacuation
[3896.271s][info][gc,phases      ] GC(480)   Pre Evacuate Collection Set: 0.25ms
[3896.271s][info][gc,phases      ] GC(480)   Merge Heap Roots: 0.53ms
[3896.271s][info][gc,phases      ] GC(480)   Evacuate Collection Set: 139.48ms
[3896.271s][info][gc,phases      ] GC(480)   Post Evacuate Collection Set: 1.03ms
[3896.271s][info][gc,phases      ] GC(480)   Other: 0.06ms
[3896.271s][info][gc,heap        ] GC(480) Eden regions: 571->0(572)
[3896.271s][info][gc,heap        ] GC(480) Survivor regions: 43->42(77)
[3896.271s][info][gc,heap        ] GC(480) Old regions: 212->219
[3896.271s][info][gc,heap        ] GC(480) Humongous regions: 33->33
[3896.271s][info][gc,metaspace   ] GC(480) Metaspace: 35828K(38144K)->35828K(38144K) NonClass: 26756K(27072K)->26756K(27072K) Class: 9071K(11072K)->9071K(11072K)
[3896.271s][info][gc             ] GC(480) Pause Young (Normal) (G1 Evacuation Pause) 6844M->2324M(8192M) 141.490ms
[3896.271s][info][gc,cpu         ] GC(480) User=1.12s Sys=0.00s Real=0.14s
.......[3902.901s][info][gc,start       ] GC(481) Pause Young (Normal) (G1 Evacuation Pause)
[3902.901s][info][gc,task        ] GC(481) Using 8 workers of 8 for evacuation
[3903.045s][info][gc,phases      ] GC(481)   Pre Evacuate Collection Set: 0.28ms
[3903.045s][info][gc,phases      ] GC(481)   Merge Heap Roots: 0.55ms
[3903.045s][info][gc,phases      ] GC(481)   Evacuate Collection Set: 142.33ms
[3903.045s][info][gc,phases      ] GC(481)   Post Evacuate Collection Set: 1.06ms
[3903.045s][info][gc,phases      ] GC(481)   Other: 0.09ms
[3903.045s][info][gc,heap        ] GC(481) Eden regions: 572->0(571)
[3903.045s][info][gc,heap        ] GC(481) Survivor regions: 42->43(77)
[3903.045s][info][gc,heap        ] GC(481) Old regions: 219->226
[3903.045s][info][gc,heap        ] GC(481) Humongous regions: 33->33
[3903.045s][info][gc,metaspace   ] GC(481) Metaspace: 35828K(38144K)->35828K(38144K) NonClass: 26756K(27072K)->26756K(27072K) Class: 9071K(11072K)->9071K(11072K)
[3903.045s][info][gc             ] GC(481) Pause Young (Normal) (G1 Evacuation Pause) 6900M->2387M(8192M) 144.430ms
[3903.045s][info][gc,cpu         ] GC(481) User=1.14s Sys=0.00s Real=0.14s
... (rIR:aIR:PR = 5673:5671:5670) (tPR = 83950) [OK] 
  3905s: Performance info:
         Transaction,    Success,    Partial,     Failed,   Receipts, AvgBarcode, 
             Overall,     340794,          0,          0,     323749,      59.47, 
         Response times:
             Request,    Success,    Partial,     Failed,   SkipFail,     Probes,    Samples,      min,      p50,      p90,      p95,      p99,      max, 
       TotalPurchase,     323783,          0,          0,          0,     317520,     351208,      400,     3600,     6400,     7700,    41000,   209000,
     InStorePurchase,     170402,          0,          0,          0,     167162,     184470,      400,     3600,     6400,     7700,    42000,   208000,
      OnlinePurchase,     119308,          0,          0,          0,     117025,     129459,      400,     3600,     6500,     7700,    41000,   208000,
        InstPurchase,      34073,          0,          0,          0,      33333,      37279,      500,     3600,     6400,     7700,    41000,   209000,
          AssocOfCat,        341,          0,          0,          0,        284,        393,    21000,    33000,    45000,    52000,    74000,   205000,
      AssocOfProduct,       3411,          0,          0,          0,       3145,       3694,      400,     2300,     6200,     7200,    24050,   205000,
      BusinessReport,        850,          0,          0,          0,        738,        929,    27000,    36000,    51000,    60000,   121200,   206000,
          CustBuyBeh,       3413,          0,          0,          0,       3136,       3644,      200,     3500,     6500,     7600,    57000,   226000,
       ProductReturn,       9055,          0,          0,          0,       8619,       9814,      200,     3800,     6200,     7200,    41850,   155000,

  3905s: (42%)   IR =   5812 ....[3909.653s][info][gc,start       ] GC(482) Pause Young (Normal) (G1 Evacuation Pause)
[3909.653s][info][gc,task        ] GC(482) Using 8 workers of 8 for evacuation
[3909.797s][info][gc,phases      ] GC(482)   Pre Evacuate Collection Set: 0.25ms
[3909.797s][info][gc,phases      ] GC(482)   Merge Heap Roots: 0.55ms
[3909.797s][info][gc,phases      ] GC(482)   Evacuate Collection Set: 141.80ms
[3909.797s][info][gc,phases      ] GC(482)   Post Evacuate Collection Set: 1.04ms
[3909.797s][info][gc,phases      ] GC(482)   Other: 0.06ms
[3909.797s][info][gc,heap        ] GC(482) Eden regions: 571->0(571)
[3909.797s][info][gc,heap        ] GC(482) Survivor regions: 43->43(77)
[3909.797s][info][gc,heap        ] GC(482) Old regions: 226->233
[3909.797s][info][gc,heap        ] GC(482) Humongous regions: 33->33
[3909.797s][info][gc,metaspace   ] GC(482) Metaspace: 35828K(38144K)->35828K(38144K) NonClass: 26756K(27072K)->26756K(27072K) Class: 9071K(11072K)->9071K(11072K)
[3909.797s][info][gc             ] GC(482) Pause Young (Normal) (G1 Evacuation Pause) 6955M->2439M(8192M) 143.842ms
[3909.797s][info][gc,cpu         ] GC(482) User=1.14s Sys=0.00s Real=0.14s
...|...[3916.258s][info][gc,start       ] GC(483) Pause Young (Normal) (G1 Evacuation Pause)
[3916.258s][info][gc,task        ] GC(483) Using 8 workers of 8 for evacuation
[3916.401s][info][gc,phases      ] GC(483)   Pre Evacuate Collection Set: 0.27ms
[3916.401s][info][gc,phases      ] GC(483)   Merge Heap Roots: 0.61ms
[3916.401s][info][gc,phases      ] GC(483)   Evacuate Collection Set: 141.07ms
[3916.401s][info][gc,phases      ] GC(483)   Post Evacuate Collection Set: 1.07ms
[3916.401s][info][gc,phases      ] GC(483)   Other: 0.06ms
[3916.401s][info][gc,heap        ] GC(483) Eden regions: 571->0(571)
[3916.401s][info][gc,heap        ] GC(483) Survivor regions: 43->43(77)
[3916.401s][info][gc,heap        ] GC(483) Old regions: 233->240
[3916.401s][info][gc,heap        ] GC(483) Humongous regions: 33->33
[3916.401s][info][gc,metaspace   ] GC(483) Metaspace: 35828K(38144K)->35828K(38144K) NonClass: 26756K(27072K)->26756K(27072K) Class: 9071K(11072K)->9071K(11072K)
[3916.401s][info][gc             ] GC(483) Pause Young (Normal) (G1 Evacuation Pause) 7007M->2496M(8192M) 143.235ms
[3916.401s][info][gc,cpu         ] GC(483) User=1.14s Sys=0.00s Real=0.14s
.......[3922.791s][info][gc,start       ] GC(484) Pause Young (Normal) (G1 Evacuation Pause)
[3922.791s][info][gc,task        ] GC(484) Using 8 workers of 8 for evacuation
[3922.935s][info][gc,phases      ] GC(484)   Pre Evacuate Collection Set: 0.27ms
[3922.935s][info][gc,phases      ] GC(484)   Merge Heap Roots: 0.54ms
[3922.935s][info][gc,phases      ] GC(484)   Evacuate Collection Set: 141.42ms
[3922.935s][info][gc,phases      ] GC(484)   Post Evacuate Collection Set: 1.05ms
[3922.935s][info][gc,phases      ] GC(484)   Other: 0.07ms
[3922.935s][info][gc,heap        ] GC(484) Eden regions: 571->0(572)
[3922.935s][info][gc,heap        ] GC(484) Survivor regions: 43->42(77)
[3922.935s][info][gc,heap        ] GC(484) Old regions: 240->247
[3922.935s][info][gc,heap        ] GC(484) Humongous regions: 33->33
[3922.935s][info][gc,metaspace   ] GC(484) Metaspace: 35828K(38144K)->35828K(38144K) NonClass: 26756K(27072K)->26756K(27072K) Class: 9071K(11072K)->9071K(11072K)
[3922.935s][info][gc             ] GC(484) Pause Young (Normal) (G1 Evacuation Pause) 7064M->2547M(8192M) 143.470ms
[3922.935s][info][gc,cpu         ] GC(484) User=1.13s Sys=0.00s Real=0.14s
......[3929.465s][info][gc,start       ] GC(485) Pause Young (Normal) (G1 Evacuation Pause)
[3929.465s][info][gc,task        ] GC(485) Using 8 workers of 8 for evacuation
[3929.608s][info][gc,phases      ] GC(485)   Pre Evacuate Collection Set: 0.26ms
[3929.608s][info][gc,phases      ] GC(485)   Merge Heap Roots: 0.54ms
[3929.608s][info][gc,phases      ] GC(485)   Evacuate Collection Set: 141.76ms
[3929.608s][info][gc,phases      ] GC(485)   Post Evacuate Collection Set: 1.07ms
[3929.608s][info][gc,phases      ] GC(485)   Other: 0.06ms
[3929.608s][info][gc,heap        ] GC(485) Eden regions: 572->0(571)
[3929.608s][info][gc,heap        ] GC(485) Survivor regions: 42->43(77)
[3929.608s][info][gc,heap        ] GC(485) Old regions: 247->254
[3929.608s][info][gc,heap        ] GC(485) Humongous regions: 33->33
[3929.608s][info][gc,metaspace   ] GC(485) Metaspace: 35828K(38144K)->35828K(38144K) NonClass: 26756K(27072K)->26756K(27072K) Class: 9071K(11072K)->9071K(11072K)
[3929.608s][info][gc             ] GC(485) Pause Young (Normal) (G1 Evacuation Pause) 7123M->2608M(8192M) 143.818ms
[3929.608s][info][gc,cpu         ] GC(485) User=1.14s Sys=0.01s Real=0.15s
.......[3936.155s][info][gc,start       ] GC(486) Pause Young (Normal) (G1 Evacuation Pause)
[3936.156s][info][gc,task        ] GC(486) Using 8 workers of 8 for evacuation
[3936.298s][info][gc,phases      ] GC(486)   Pre Evacuate Collection Set: 0.26ms
[3936.298s][info][gc,phases      ] GC(486)   Merge Heap Roots: 0.55ms
[3936.298s][info][gc,phases      ] GC(486)   Evacuate Collection Set: 140.71ms
[3936.298s][info][gc,phases      ] GC(486)   Post Evacuate Collection Set: 1.05ms
[3936.298s][info][gc,phases      ] GC(486)   Other: 0.06ms
[3936.298s][info][gc,heap        ] GC(486) Eden regions: 571->0(571)
[3936.298s][info][gc,heap        ] GC(486) Survivor regions: 43->43(77)
[3936.298s][info][gc,heap        ] GC(486) Old regions: 254->261
[3936.298s][info][gc,heap        ] GC(486) Humongous regions: 33->33
[3936.298s][info][gc,metaspace   ] GC(486) Metaspace: 35828K(38144K)->35828K(38144K) NonClass: 26756K(27072K)->26756K(27072K) Class: 9071K(11072K)->9071K(11072K)
[3936.298s][info][gc             ] GC(486) Pause Young (Normal) (G1 Evacuation Pause) 7176M->2666M(8192M) 142.779ms
[3936.298s][info][gc,cpu         ] GC(486) User=1.13s Sys=0.00s Real=0.15s
.......[3942.689s][info][gc,start       ] GC(487) Pause Young (Normal) (G1 Evacuation Pause)
[3942.689s][info][gc,task        ] GC(487) Using 8 workers of 8 for evacuation
[3942.832s][info][gc,phases      ] GC(487)   Pre Evacuate Collection Set: 0.25ms
[3942.832s][info][gc,phases      ] GC(487)   Merge Heap Roots: 0.62ms
[3942.832s][info][gc,phases      ] GC(487)   Evacuate Collection Set: 140.53ms
[3942.832s][info][gc,phases      ] GC(487)   Post Evacuate Collection Set: 1.04ms
[3942.832s][info][gc,phases      ] GC(487)   Other: 0.06ms
[3942.832s][info][gc,heap        ] GC(487) Eden regions: 571->0(572)
[3942.832s][info][gc,heap        ] GC(487) Survivor regions: 43->42(77)
[3942.832s][info][gc,heap        ] GC(487) Old regions: 261->268
[3942.832s][info][gc,heap        ] GC(487) Humongous regions: 33->33
[3942.832s][info][gc,metaspace   ] GC(487) Metaspace: 35828K(38144K)->35828K(38144K) NonClass: 26756K(27072K)->26756K(27072K) Class: 9071K(11072K)->9071K(11072K)
[3942.832s][info][gc             ] GC(487) Pause Young (Normal) (G1 Evacuation Pause) 7234M->2713M(8192M) 142.629ms
[3942.832s][info][gc,cpu         ] GC(487) User=1.13s Sys=0.00s Real=0.14s
......[3949.277s][info][gc,start       ] GC(488) Pause Young (Normal) (G1 Evacuation Pause)
[3949.277s][info][gc,task        ] GC(488) Using 8 workers of 8 for evacuation
[3949.421s][info][gc,phases      ] GC(488)   Pre Evacuate Collection Set: 0.26ms
[3949.422s][info][gc,phases      ] GC(488)   Merge Heap Roots: 0.54ms
[3949.422s][info][gc,phases      ] GC(488)   Evacuate Collection Set: 142.08ms
[3949.422s][info][gc,phases      ] GC(488)   Post Evacuate Collection Set: 1.08ms
[3949.422s][info][gc,phases      ] GC(488)   Other: 0.06ms
[3949.422s][info][gc,heap        ] GC(488) Eden regions: 572->0(571)
[3949.422s][info][gc,heap        ] GC(488) Survivor regions: 42->43(77)
[3949.422s][info][gc,heap        ] GC(488) Old regions: 268->275
[3949.422s][info][gc,heap        ] GC(488) Humongous regions: 33->33
[3949.422s][info][gc,metaspace   ] GC(488) Metaspace: 35828K(38144K)->35828K(38144K) NonClass: 26756K(27072K)->26756K(27072K) Class: 9071K(11072K)->9071K(11072K)
[3949.422s][info][gc             ] GC(488) Pause Young (Normal) (G1 Evacuation Pause) 7289M->2772M(8192M) 144.153ms
[3949.422s][info][gc,cpu         ] GC(488) User=1.14s Sys=0.00s Real=0.14s
.......[3955.921s][info][gc,start       ] GC(489) Pause Young (Normal) (G1 Evacuation Pause)
[3955.921s][info][gc,task        ] GC(489) Using 8 workers of 8 for evacuation
[3956.066s][info][gc,phases      ] GC(489)   Pre Evacuate Collection Set: 0.30ms
[3956.066s][info][gc,phases      ] GC(489)   Merge Heap Roots: 0.67ms
[3956.066s][info][gc,phases      ] GC(489)   Evacuate Collection Set: 142.95ms
[3956.066s][info][gc,phases      ] GC(489)   Post Evacuate Collection Set: 1.06ms
[3956.066s][info][gc,phases      ] GC(489)   Other: 0.06ms
[3956.066s][info][gc,heap        ] GC(489) Eden regions: 571->0(571)
[3956.066s][info][gc,heap        ] GC(489) Survivor regions: 43->43(77)
[3956.066s][info][gc,heap        ] GC(489) Old regions: 275->282
[3956.066s][info][gc,heap        ] GC(489) Humongous regions: 33->33
[3956.066s][info][gc,metaspace   ] GC(489) Metaspace: 35828K(38144K)->35828K(38144K) NonClass: 26756K(27072K)->26756K(27072K) Class: 9071K(11072K)->9071K(11072K)
[3956.066s][info][gc             ] GC(489) Pause Young (Normal) (G1 Evacuation Pause) 7340M->2833M(8192M) 145.200ms
[3956.066s][info][gc,cpu         ] GC(489) User=1.14s Sys=0.00s Real=0.14s
......[3962.531s][info][gc,start       ] GC(490) Pause Young (Normal) (G1 Evacuation Pause)
[3962.531s][info][gc,task        ] GC(490) Using 8 workers of 8 for evacuation
[3962.678s][info][gc,phases      ] GC(490)   Pre Evacuate Collection Set: 0.25ms
[3962.678s][info][gc,phases      ] GC(490)   Merge Heap Roots: 0.58ms
[3962.678s][info][gc,phases      ] GC(490)   Evacuate Collection Set: 144.66ms
[3962.678s][info][gc,phases      ] GC(490)   Post Evacuate Collection Set: 1.07ms
[3962.678s][info][gc,phases      ] GC(490)   Other: 0.06ms
[3962.678s][info][gc,heap        ] GC(490) Eden regions: 571->0(564)
[3962.678s][info][gc,heap        ] GC(490) Survivor regions: 43->43(77)
[3962.678s][info][gc,heap        ] GC(490) Old regions: 282->289
[3962.678s][info][gc,heap        ] GC(490) Humongous regions: 33->33
[3962.678s][info][gc,metaspace   ] GC(490) Metaspace: 35828K(38144K)->35828K(38144K) NonClass: 26756K(27072K)->26756K(27072K) Class: 9071K(11072K)->9071K(11072K)
[3962.678s][info][gc             ] GC(490) Pause Young (Normal) (G1 Evacuation Pause) 7401M->2889M(8192M) 146.757ms
[3962.678s][info][gc,cpu         ] GC(490) User=1.16s Sys=0.01s Real=0.15s
.......[3969.065s][info][gc,start       ] GC(491) Pause Young (Normal) (G1 Evacuation Pause)
[3969.065s][info][gc,task        ] GC(491) Using 8 workers of 8 for evacuation
[3969.206s][info][gc,phases      ] GC(491)   Pre Evacuate Collection Set: 0.24ms
[3969.206s][info][gc,phases      ] GC(491)   Merge Heap Roots: 0.55ms
[3969.206s][info][gc,phases      ] GC(491)   Evacuate Collection Set: 139.21ms
[3969.206s][info][gc,phases      ] GC(491)   Post Evacuate Collection Set: 1.07ms
[3969.206s][info][gc,phases      ] GC(491)   Other: 0.07ms
[3969.206s][info][gc,heap        ] GC(491) Eden regions: 564->0(559)
[3969.206s][info][gc,heap        ] GC(491) Survivor regions: 43->42(76)
[3969.206s][info][gc,heap        ] GC(491) Old regions: 289->296
[3969.206s][info][gc,heap        ] GC(491) Humongous regions: 33->33
[3969.206s][info][gc,metaspace   ] GC(491) Metaspace: 35828K(38144K)->35828K(38144K) NonClass: 26756K(27072K)->26756K(27072K) Class: 9071K(11072K)->9071K(11072K)
[3969.206s][info][gc             ] GC(491) Pause Young (Normal) (G1 Evacuation Pause) 7401M->2934M(8192M) 141.272ms
[3969.206s][info][gc,cpu         ] GC(491) User=1.11s Sys=0.00s Real=0.14s
.... (rIR:aIR:PR = 5812:5810:5810) (tPR = 86766) [OK] 
  3972s: Performance info:
         Transaction,    Success,    Partial,     Failed,   Receipts, AvgBarcode, 
             Overall,     349317,          0,          0,     331868,      59.47, 
         Response times:
             Request,    Success,    Partial,     Failed,   SkipFail,     Probes,    Samples,      min,      p50,      p90,      p95,      p99,      max, 
       TotalPurchase,     331868,          0,          0,          0,     326131,     365557,      300,     3700,     6600,     7900,    38000,   281000,
     InStorePurchase,     174663,          0,          0,          0,     172040,     192400,      300,     3600,     6600,     7800,    38000,   281000,
      OnlinePurchase,     122283,          0,          0,          0,     120056,     134595,      300,     3800,     6700,     8000,    38000,   281000,
        InstPurchase,      34922,          0,          0,          0,      34035,      38562,      500,     3800,     6700,     7900,    40000,   281000,
          AssocOfCat,        350,          0,          0,          0,        279,        397,    26000,    34000,    46000,    50000,   152580,   303000,
      AssocOfProduct,       3479,          0,          0,          0,       3299,       3986,      500,     4500,     7400,     9200,    35000,   280000,
      BusinessReport,        875,          0,          0,          0,        757,        983,    29000,    37000,    52000,    58000,    90640,   198000,
          CustBuyBeh,       3488,          0,          0,          0,       3264,       3849,      200,     3900,     6400,     7650,    39000,   155000,
       ProductReturn,       9257,          0,          0,          0,       8821,      10152,      200,     3700,     6300,     7400,    39000,   280000,

  3972s: (43%)   IR =   5950 ..[3975.474s][info][gc,start       ] GC(492) Pause Young (Normal) (G1 Evacuation Pause)
[3975.474s][info][gc,task        ] GC(492) Using 8 workers of 8 for evacuation
[3975.616s][info][gc,phases      ] GC(492)   Pre Evacuate Collection Set: 0.29ms
[3975.616s][info][gc,phases      ] GC(492)   Merge Heap Roots: 0.60ms
[3975.616s][info][gc,phases      ] GC(492)   Evacuate Collection Set: 139.91ms
[3975.616s][info][gc,phases      ] GC(492)   Post Evacuate Collection Set: 1.04ms
[3975.616s][info][gc,phases      ] GC(492)   Other: 0.06ms
[3975.616s][info][gc,heap        ] GC(492) Eden regions: 559->0(552)
[3975.616s][info][gc,heap        ] GC(492) Survivor regions: 42->42(76)
[3975.616s][info][gc,heap        ] GC(492) Old regions: 296->303
[3975.616s][info][gc,heap        ] GC(492) Humongous regions: 33->33
[3975.616s][info][gc,metaspace   ] GC(492) Metaspace: 35828K(38144K)->35828K(38144K) NonClass: 26756K(27072K)->26756K(27072K) Class: 9071K(11072K)->9071K(11072K)
[3975.616s][info][gc             ] GC(492) Pause Young (Normal) (G1 Evacuation Pause) 7406M->2996M(8192M) 142.035ms
[3975.616s][info][gc,cpu         ] GC(492) User=1.12s Sys=0.00s Real=0.14s
..|.....[3981.782s][info][gc,start       ] GC(493) Pause Young (Normal) (G1 Evacuation Pause)
[3981.782s][info][gc,task        ] GC(493) Using 8 workers of 8 for evacuation
[3981.924s][info][gc,phases      ] GC(493)   Pre Evacuate Collection Set: 0.25ms
[3981.924s][info][gc,phases      ] GC(493)   Merge Heap Roots: 0.55ms
[3981.924s][info][gc,phases      ] GC(493)   Evacuate Collection Set: 139.93ms
[3981.924s][info][gc,phases      ] GC(493)   Post Evacuate Collection Set: 1.06ms
[3981.924s][info][gc,phases      ] GC(493)   Other: 0.06ms
[3981.924s][info][gc,heap        ] GC(493) Eden regions: 552->0(543)
[3981.924s][info][gc,heap        ] GC(493) Survivor regions: 42->43(75)
[3981.924s][info][gc,heap        ] GC(493) Old regions: 303->310
[3981.924s][info][gc,heap        ] GC(493) Humongous regions: 33->33
[3981.924s][info][gc,metaspace   ] GC(493) Metaspace: 35828K(38144K)->35828K(38144K) NonClass: 26756K(27072K)->26756K(27072K) Class: 9071K(11072K)->9071K(11072K)
[3981.924s][info][gc             ] GC(493) Pause Young (Normal) (G1 Evacuation Pause) 7412M->3060M(8192M) 141.988ms
[3981.924s][info][gc,cpu         ] GC(493) User=1.12s Sys=0.01s Real=0.14s
......[3987.910s][info][gc,start       ] GC(494) Pause Young (Normal) (G1 Evacuation Pause)
[3987.911s][info][gc,task        ] GC(494) Using 8 workers of 8 for evacuation
[3988.053s][info][gc,phases      ] GC(494)   Pre Evacuate Collection Set: 0.25ms
[3988.053s][info][gc,phases      ] GC(494)   Merge Heap Roots: 0.53ms
[3988.053s][info][gc,phases      ] GC(494)   Evacuate Collection Set: 140.55ms
[3988.053s][info][gc,phases      ] GC(494)   Post Evacuate Collection Set: 1.01ms
[3988.053s][info][gc,phases      ] GC(494)   Other: 0.06ms
[3988.053s][info][gc,heap        ] GC(494) Eden regions: 543->0(535)
[3988.053s][info][gc,heap        ] GC(494) Survivor regions: 43->43(74)
[3988.053s][info][gc,heap        ] GC(494) Old regions: 310->318
[3988.053s][info][gc,heap        ] GC(494) Humongous regions: 33->33
[3988.053s][info][gc,metaspace   ] GC(494) Metaspace: 35828K(38144K)->35828K(38144K) NonClass: 26756K(27072K)->26756K(27072K) Class: 9071K(11072K)->9071K(11072K)
[3988.053s][info][gc             ] GC(494) Pause Young (Normal) (G1 Evacuation Pause) 7404M->3118M(8192M) 142.569ms
[3988.053s][info][gc,cpu         ] GC(494) User=1.13s Sys=0.01s Real=0.14s
......[3993.982s][info][gc,start       ] GC(495) Pause Young (Concurrent Start) (G1 Evacuation Pause)
[3993.982s][info][gc,task        ] GC(495) Using 8 workers of 8 for evacuation
[3994.123s][info][gc,phases      ] GC(495)   Pre Evacuate Collection Set: 0.31ms
[3994.123s][info][gc,phases      ] GC(495)   Merge Heap Roots: 0.53ms
[3994.123s][info][gc,phases      ] GC(495)   Evacuate Collection Set: 139.06ms
[3994.123s][info][gc,phases      ] GC(495)   Post Evacuate Collection Set: 1.02ms
[3994.123s][info][gc,phases      ] GC(495)   Other: 0.10ms
[3994.123s][info][gc,heap        ] GC(495) Eden regions: 535->0(533)
[3994.123s][info][gc,heap        ] GC(495) Survivor regions: 43->40(73)
[3994.123s][info][gc,heap        ] GC(495) Old regions: 318->326
[3994.123s][info][gc,heap        ] GC(495) Humongous regions: 33->33
[3994.123s][info][gc,metaspace   ] GC(495) Metaspace: 35828K(38144K)->35828K(38144K) NonClass: 26756K(27072K)->26756K(27072K) Class: 9071K(11072K)->9071K(11072K)
[3994.123s][info][gc             ] GC(495) Pause Young (Concurrent Start) (G1 Evacuation Pause) 7398M->3161M(8192M) 141.179ms
[3994.123s][info][gc             ] GC(496) Concurrent Mark Cycle
[3994.123s][info][gc,marking     ] GC(496) Concurrent Scan Root Regions
[3994.123s][info][gc,cpu         ] GC(495) User=1.11s Sys=0.00s Real=0.14s
[3994.416s][info][gc,marking     ] GC(496) Concurrent Scan Root Regions 293.324ms
[3994.416s][info][gc,marking     ] GC(496) Concurrent Mark
[3994.416s][info][gc,marking     ] GC(496) Concurrent Mark From Roots
[3994.416s][info][gc,task        ] GC(496) Using 2 workers of 2 for marking
.[3995.062s][info][gc,marking     ] GC(496) Concurrent Mark From Roots 645.574ms
[3995.062s][info][gc,marking     ] GC(496) Concurrent Preclean
[3995.062s][info][gc,marking     ] GC(496) Concurrent Preclean 0.125ms
[3995.062s][info][gc,start       ] GC(496) Pause Remark
[3995.064s][info][gc             ] GC(496) Pause Remark 3958M->3366M(8192M) 1.943ms
[3995.064s][info][gc,cpu         ] GC(496) User=0.01s Sys=0.00s Real=0.00s
[3995.064s][info][gc,marking     ] GC(496) Concurrent Mark 647.916ms
[3995.064s][info][gc,marking     ] GC(496) Concurrent Rebuild Remembered Sets and Scrub Regions
[3995.523s][info][gc,marking     ] GC(496) Concurrent Rebuild Remembered Sets and Scrub Regions 458.804ms
[3995.523s][info][gc,start       ] GC(496) Pause Cleanup
[3995.524s][info][gc             ] GC(496) Pause Cleanup 3705M->3705M(8192M) 0.268ms
[3995.524s][info][gc,cpu         ] GC(496) User=0.00s Sys=0.00s Real=0.00s
[3995.524s][info][gc,marking     ] GC(496) Concurrent Clear Claimed Marks
[3995.524s][info][gc,marking     ] GC(496) Concurrent Clear Claimed Marks 0.047ms
[3995.524s][info][gc,marking     ] GC(496) Concurrent Cleanup for Next Mark
[3995.533s][info][gc,marking     ] GC(496) Concurrent Cleanup for Next Mark 8.896ms
[3995.533s][info][gc             ] GC(496) Concurrent Mark Cycle 1409.700ms
.....[4000.009s][info][gc,start       ] GC(497) Pause Young (Prepare Mixed) (G1 Evacuation Pause)
[4000.009s][info][gc,task        ] GC(497) Using 8 workers of 8 for evacuation
[4000.150s][info][gc,phases      ] GC(497)   Pre Evacuate Collection Set: 0.27ms
[4000.150s][info][gc,phases      ] GC(497)   Merge Heap Roots: 0.68ms
[4000.150s][info][gc,phases      ] GC(497)   Evacuate Collection Set: 139.02ms
[4000.150s][info][gc,phases      ] GC(497)   Post Evacuate Collection Set: 1.16ms
[4000.150s][info][gc,phases      ] GC(497)   Other: 0.06ms
[4000.150s][info][gc,heap        ] GC(497) Eden regions: 533->0(573)
[4000.150s][info][gc,heap        ] GC(497) Survivor regions: 40->41(72)
[4000.150s][info][gc,heap        ] GC(497) Old regions: 252->259
[4000.150s][info][gc,heap        ] GC(497) Humongous regions: 33->33
[4000.150s][info][gc,metaspace   ] GC(497) Metaspace: 35828K(38144K)->35828K(38144K) NonClass: 26756K(27072K)->26756K(27072K) Class: 9071K(11072K)->9071K(11072K)
[4000.150s][info][gc             ] GC(497) Pause Young (Prepare Mixed) (G1 Evacuation Pause) 6833M->2632M(8192M) 141.332ms
[4000.150s][info][gc,cpu         ] GC(497) User=1.11s Sys=0.00s Real=0.14s
......[4006.479s][info][gc,start       ] GC(498) Pause Young (Mixed) (G1 Evacuation Pause)
[4006.479s][info][gc,task        ] GC(498) Using 8 workers of 8 for evacuation
[4006.627s][info][gc,phases      ] GC(498)   Pre Evacuate Collection Set: 0.29ms
[4006.627s][info][gc,phases      ] GC(498)   Merge Heap Roots: 0.83ms
[4006.627s][info][gc,phases      ] GC(498)   Evacuate Collection Set: 144.99ms
[4006.627s][info][gc,phases      ] GC(498)   Post Evacuate Collection Set: 1.29ms
[4006.627s][info][gc,phases      ] GC(498)   Other: 0.07ms
[4006.627s][info][gc,heap        ] GC(498) Eden regions: 573->0(573)
[4006.627s][info][gc,heap        ] GC(498) Survivor regions: 41->41(77)
[4006.627s][info][gc,heap        ] GC(498) Old regions: 259->164
[4006.627s][info][gc,heap        ] GC(498) Humongous regions: 33->33
[4006.627s][info][gc,metaspace   ] GC(498) Metaspace: 35828K(38144K)->35828K(38144K) NonClass: 26756K(27072K)->26756K(27072K) Class: 9071K(11072K)->9071K(11072K)
[4006.627s][info][gc             ] GC(498) Pause Young (Mixed) (G1 Evacuation Pause) 7216M->1872M(8192M) 147.607ms
[4006.627s][info][gc,cpu         ] GC(498) User=1.17s Sys=0.00s Real=0.14s
.......[4012.956s][info][gc,start       ] GC(499) Pause Young (Mixed) (G1 Evacuation Pause)
[4012.956s][info][gc,task        ] GC(499) Using 8 workers of 8 for evacuation
[4013.108s][info][gc,phases      ] GC(499)   Pre Evacuate Collection Set: 0.26ms
[4013.108s][info][gc,phases      ] GC(499)   Merge Heap Roots: 0.88ms
[4013.108s][info][gc,phases      ] GC(499)   Evacuate Collection Set: 149.62ms
[4013.108s][info][gc,phases      ] GC(499)   Post Evacuate Collection Set: 1.09ms
[4013.108s][info][gc,phases      ] GC(499)   Other: 0.07ms
[4013.108s][info][gc,heap        ] GC(499) Eden regions: 573->0(570)
[4013.108s][info][gc,heap        ] GC(499) Survivor regions: 41->44(77)
[4013.108s][info][gc,heap        ] GC(499) Old regions: 164->142
[4013.108s][info][gc,heap        ] GC(499) Humongous regions: 33->33
[4013.108s][info][gc,metaspace   ] GC(499) Metaspace: 35828K(38144K)->35828K(38144K) NonClass: 26756K(27072K)->26756K(27072K) Class: 9071K(11072K)->9071K(11072K)
[4013.108s][info][gc             ] GC(499) Pause Young (Mixed) (G1 Evacuation Pause) 6456M->1715M(8192M) 152.041ms
[4013.108s][info][gc,cpu         ] GC(499) User=1.20s Sys=0.00s Real=0.16s
......[4019.389s][info][gc,start       ] GC(500) Pause Young (Normal) (G1 Evacuation Pause)
[4019.389s][info][gc,task        ] GC(500) Using 8 workers of 8 for evacuation
[4019.533s][info][gc,phases      ] GC(500)   Pre Evacuate Collection Set: 0.27ms
[4019.533s][info][gc,phases      ] GC(500)   Merge Heap Roots: 0.63ms
[4019.533s][info][gc,phases      ] GC(500)   Evacuate Collection Set: 142.17ms
[4019.533s][info][gc,phases      ] GC(500)   Post Evacuate Collection Set: 1.07ms
[4019.533s][info][gc,phases      ] GC(500)   Other: 0.06ms
[4019.533s][info][gc,heap        ] GC(500) Eden regions: 570->0(571)
[4019.533s][info][gc,heap        ] GC(500) Survivor regions: 44->43(77)
[4019.533s][info][gc,heap        ] GC(500) Old regions: 142->149
[4019.533s][info][gc,heap        ] GC(500) Humongous regions: 33->33
[4019.533s][info][gc,metaspace   ] GC(500) Metaspace: 35828K(38144K)->35828K(38144K) NonClass: 26756K(27072K)->26756K(27072K) Class: 9071K(11072K)->9071K(11072K)
[4019.533s][info][gc             ] GC(500) Pause Young (Normal) (G1 Evacuation Pause) 6275M->1764M(8192M) 144.366ms
[4019.533s][info][gc,cpu         ] GC(500) User=1.14s Sys=0.00s Real=0.14s
.......[4025.919s][info][gc,start       ] GC(501) Pause Young (Normal) (G1 Evacuation Pause)
[4025.919s][info][gc,task        ] GC(501) Using 8 workers of 8 for evacuation
[4026.065s][info][gc,phases      ] GC(501)   Pre Evacuate Collection Set: 0.26ms
[4026.065s][info][gc,phases      ] GC(501)   Merge Heap Roots: 0.55ms
[4026.065s][info][gc,phases      ] GC(501)   Evacuate Collection Set: 144.06ms
[4026.065s][info][gc,phases      ] GC(501)   Post Evacuate Collection Set: 1.05ms
[4026.065s][info][gc,phases      ] GC(501)   Other: 0.06ms
[4026.065s][info][gc,heap        ] GC(501) Eden regions: 571->0(571)
[4026.065s][info][gc,heap        ] GC(501) Survivor regions: 43->43(77)
[4026.065s][info][gc,heap        ] GC(501) Old regions: 149->156
[4026.065s][info][gc,heap        ] GC(501) Humongous regions: 33->33
[4026.065s][info][gc,metaspace   ] GC(501) Metaspace: 35828K(38144K)->35828K(38144K) NonClass: 26756K(27072K)->26756K(27072K) Class: 9071K(11072K)->9071K(11072K)
[4026.065s][info][gc             ] GC(501) Pause Young (Normal) (G1 Evacuation Pause) 6332M->1824M(8192M) 146.102ms
[4026.065s][info][gc,cpu         ] GC(501) User=1.16s Sys=0.00s Real=0.14s
......[4032.311s][info][gc,start       ] GC(502) Pause Young (Normal) (G1 Evacuation Pause)
[4032.311s][info][gc,task        ] GC(502) Using 8 workers of 8 for evacuation
[4032.453s][info][gc,phases      ] GC(502)   Pre Evacuate Collection Set: 0.26ms
[4032.454s][info][gc,phases      ] GC(502)   Merge Heap Roots: 0.54ms
[4032.454s][info][gc,phases      ] GC(502)   Evacuate Collection Set: 140.49ms
[4032.454s][info][gc,phases      ] GC(502)   Post Evacuate Collection Set: 1.06ms
[4032.454s][info][gc,phases      ] GC(502)   Other: 0.06ms
[4032.454s][info][gc,heap        ] GC(502) Eden regions: 571->0(571)
[4032.454s][info][gc,heap        ] GC(502) Survivor regions: 43->43(77)
[4032.454s][info][gc,heap        ] GC(502) Old regions: 156->163
[4032.454s][info][gc,heap        ] GC(502) Humongous regions: 33->33
[4032.454s][info][gc,metaspace   ] GC(502) Metaspace: 35828K(38144K)->35828K(38144K) NonClass: 26756K(27072K)->26756K(27072K) Class: 9071K(11072K)->9071K(11072K)
[4032.454s][info][gc             ] GC(502) Pause Young (Normal) (G1 Evacuation Pause) 6392M->1876M(8192M) 142.552ms
[4032.454s][info][gc,cpu         ] GC(502) User=1.13s Sys=0.00s Real=0.14s
..... (rIR:aIR:PR = 5950:5950:5950) (tPR = 87720) [OK] 
  4036s: Performance info:
         Transaction,    Success,    Partial,     Failed,   Receipts, AvgBarcode, 
             Overall,     357178,          0,          0,     339324,      59.48, 
         Response times:
             Request,    Success,    Partial,     Failed,   SkipFail,     Probes,    Samples,      min,      p50,      p90,      p95,      p99,      max, 
       TotalPurchase,     339324,          0,          0,          0,     333283,     355858,      300,     3800,     6900,     8700,    52000,   282000,
     InStorePurchase,     178556,          0,          0,          0,     175528,     187067,      400,     3700,     6900,     8600,    52000,   282000,
      OnlinePurchase,     125034,          0,          0,          0,     123133,     131493,      300,     3900,     6900,     8700,    53000,   267000,
        InstPurchase,      35734,          0,          0,          0,      34622,      37298,      500,     3700,     7100,     8800,    48000,   265000,
          AssocOfCat,        360,          0,          0,          0,        297,        420,    19600,    34000,    45000,    56000,    91160,   188000,
      AssocOfProduct,       3570,          0,          0,          0,       3359,       3783,      600,     4400,     7200,     9300,    64320,   263000,
      BusinessReport,        884,          0,          0,          0,        774,        922,    27000,    38000,    54000,    71700,   135540,   195000,
          CustBuyBeh,       3573,          0,          0,          0,       3311,       3711,      300,     3600,     6600,     8500,    58000,   156000,
       ProductReturn,       9467,          0,          0,          0,       9040,       9982,      300,     3900,     6900,     8800,    50000,   266000,

  4036s: (44%)   IR =   6088 .[4038.822s][info][gc,start       ] GC(503) Pause Young (Normal) (G1 Evacuation Pause)
[4038.822s][info][gc,task        ] GC(503) Using 8 workers of 8 for evacuation
[4038.969s][info][gc,phases      ] GC(503)   Pre Evacuate Collection Set: 0.26ms
[4038.969s][info][gc,phases      ] GC(503)   Merge Heap Roots: 0.54ms
[4038.969s][info][gc,phases      ] GC(503)   Evacuate Collection Set: 144.17ms
[4038.969s][info][gc,phases      ] GC(503)   Post Evacuate Collection Set: 1.10ms
[4038.969s][info][gc,phases      ] GC(503)   Other: 0.06ms
[4038.969s][info][gc,heap        ] GC(503) Eden regions: 571->0(571)
[4038.969s][info][gc,heap        ] GC(503) Survivor regions: 43->43(77)
[4038.969s][info][gc,heap        ] GC(503) Old regions: 163->170
[4038.969s][info][gc,heap        ] GC(503) Humongous regions: 33->33
[4038.969s][info][gc,metaspace   ] GC(503) Metaspace: 35828K(38144K)->35828K(38144K) NonClass: 26756K(27072K)->26756K(27072K) Class: 9071K(11072K)->9071K(11072K)
[4038.969s][info][gc             ] GC(503) Pause Young (Normal) (G1 Evacuation Pause) 6444M->1932M(8192M) 146.273ms
[4038.969s][info][gc,cpu         ] GC(503) User=1.16s Sys=0.00s Real=0.15s
.....|..[4045.175s][info][gc,start       ] GC(504) Pause Young (Normal) (G1 Evacuation Pause)
[4045.175s][info][gc,task        ] GC(504) Using 8 workers of 8 for evacuation
[4045.318s][info][gc,phases      ] GC(504)   Pre Evacuate Collection Set: 0.26ms
[4045.318s][info][gc,phases      ] GC(504)   Merge Heap Roots: 0.55ms
[4045.318s][info][gc,phases      ] GC(504)   Evacuate Collection Set: 140.42ms
[4045.318s][info][gc,phases      ] GC(504)   Post Evacuate Collection Set: 1.05ms
[4045.318s][info][gc,phases      ] GC(504)   Other: 0.06ms
[4045.318s][info][gc,heap        ] GC(504) Eden regions: 571->0(571)
[4045.318s][info][gc,heap        ] GC(504) Survivor regions: 43->43(77)
[4045.318s][info][gc,heap        ] GC(504) Old regions: 170->177
[4045.318s][info][gc,heap        ] GC(504) Humongous regions: 33->33
[4045.318s][info][gc,metaspace   ] GC(504) Metaspace: 35828K(38144K)->35828K(38144K) NonClass: 26756K(27072K)->26756K(27072K) Class: 9071K(11072K)->9071K(11072K)
[4045.318s][info][gc             ] GC(504) Pause Young (Normal) (G1 Evacuation Pause) 6500M->1989M(8192M) 142.471ms
[4045.318s][info][gc,cpu         ] GC(504) User=1.13s Sys=0.00s Real=0.15s
......[4051.456s][info][gc,start       ] GC(505) Pause Young (Normal) (G1 Evacuation Pause)
[4051.456s][info][gc,task        ] GC(505) Using 8 workers of 8 for evacuation
[4051.599s][info][gc,phases      ] GC(505)   Pre Evacuate Collection Set: 0.29ms
[4051.599s][info][gc,phases      ] GC(505)   Merge Heap Roots: 0.59ms
[4051.599s][info][gc,phases      ] GC(505)   Evacuate Collection Set: 141.28ms
[4051.599s][info][gc,phases      ] GC(505)   Post Evacuate Collection Set: 1.05ms
[4051.599s][info][gc,phases      ] GC(505)   Other: 0.06ms
[4051.599s][info][gc,heap        ] GC(505) Eden regions: 571->0(571)
[4051.599s][info][gc,heap        ] GC(505) Survivor regions: 43->43(77)
[4051.599s][info][gc,heap        ] GC(505) Old regions: 177->184
[4051.599s][info][gc,heap        ] GC(505) Humongous regions: 33->33
[4051.599s][info][gc,metaspace   ] GC(505) Metaspace: 35828K(38144K)->35828K(38144K) NonClass: 26756K(27072K)->26756K(27072K) Class: 9071K(11072K)->9071K(11072K)
[4051.599s][info][gc             ] GC(505) Pause Young (Normal) (G1 Evacuation Pause) 6557M->2046M(8192M) 143.430ms
[4051.599s][info][gc,cpu         ] GC(505) User=1.13s Sys=0.00s Real=0.15s
......[4057.827s][info][gc,start       ] GC(506) Pause Young (Normal) (G1 Evacuation Pause)
[4057.828s][info][gc,task        ] GC(506) Using 8 workers of 8 for evacuation
[4057.974s][info][gc,phases      ] GC(506)   Pre Evacuate Collection Set: 0.26ms
[4057.974s][info][gc,phases      ] GC(506)   Merge Heap Roots: 0.56ms
[4057.974s][info][gc,phases      ] GC(506)   Evacuate Collection Set: 144.62ms
[4057.974s][info][gc,phases      ] GC(506)   Post Evacuate Collection Set: 1.09ms
[4057.974s][info][gc,phases      ] GC(506)   Other: 0.08ms
[4057.974s][info][gc,heap        ] GC(506) Eden regions: 571->0(571)
[4057.974s][info][gc,heap        ] GC(506) Survivor regions: 43->43(77)
[4057.974s][info][gc,heap        ] GC(506) Old regions: 184->191
[4057.974s][info][gc,heap        ] GC(506) Humongous regions: 33->33
[4057.974s][info][gc,metaspace   ] GC(506) Metaspace: 35828K(38144K)->35828K(38144K) NonClass: 26756K(27072K)->26756K(27072K) Class: 9071K(11072K)->9071K(11072K)
[4057.974s][info][gc             ] GC(506) Pause Young (Normal) (G1 Evacuation Pause) 6614M->2102M(8192M) 146.741ms
[4057.974s][info][gc,cpu         ] GC(506) User=1.17s Sys=0.00s Real=0.14s
.......[4064.099s][info][gc,start       ] GC(507) Pause Young (Normal) (G1 Evacuation Pause)
[4064.099s][info][gc,task        ] GC(507) Using 8 workers of 8 for evacuation
[4064.242s][info][gc,phases      ] GC(507)   Pre Evacuate Collection Set: 0.24ms
[4064.242s][info][gc,phases      ] GC(507)   Merge Heap Roots: 0.56ms
[4064.242s][info][gc,phases      ] GC(507)   Evacuate Collection Set: 141.05ms
[4064.242s][info][gc,phases      ] GC(507)   Post Evacuate Collection Set: 1.09ms
[4064.242s][info][gc,phases      ] GC(507)   Other: 0.06ms
[4064.242s][info][gc,heap        ] GC(507) Eden regions: 571->0(572)
[4064.242s][info][gc,heap        ] GC(507) Survivor regions: 43->42(77)
[4064.242s][info][gc,heap        ] GC(507) Old regions: 191->198
[4064.242s][info][gc,heap        ] GC(507) Humongous regions: 33->33
[4064.242s][info][gc,metaspace   ] GC(507) Metaspace: 35828K(38144K)->35828K(38144K) NonClass: 26756K(27072K)->26756K(27072K) Class: 9071K(11072K)->9071K(11072K)
[4064.242s][info][gc             ] GC(507) Pause Young (Normal) (G1 Evacuation Pause) 6670M->2156M(8192M) 143.144ms
[4064.242s][info][gc,cpu         ] GC(507) User=1.13s Sys=0.01s Real=0.14s
......[4070.372s][info][gc,start       ] GC(508) Pause Young (Normal) (G1 Evacuation Pause)
[4070.372s][info][gc,task        ] GC(508) Using 8 workers of 8 for evacuation
[4070.516s][info][gc,phases      ] GC(508)   Pre Evacuate Collection Set: 0.25ms
[4070.516s][info][gc,phases      ] GC(508)   Merge Heap Roots: 0.54ms
[4070.516s][info][gc,phases      ] GC(508)   Evacuate Collection Set: 141.94ms
[4070.516s][info][gc,phases      ] GC(508)   Post Evacuate Collection Set: 1.06ms
[4070.516s][info][gc,phases      ] GC(508)   Other: 0.06ms
[4070.516s][info][gc,heap        ] GC(508) Eden regions: 572->0(572)
[4070.516s][info][gc,heap        ] GC(508) Survivor regions: 42->42(77)
[4070.516s][info][gc,heap        ] GC(508) Old regions: 198->206
[4070.516s][info][gc,heap        ] GC(508) Humongous regions: 33->33
[4070.516s][info][gc,metaspace   ] GC(508) Metaspace: 35828K(38144K)->35828K(38144K) NonClass: 26756K(27072K)->26756K(27072K) Class: 9071K(11072K)->9071K(11072K)
[4070.516s][info][gc             ] GC(508) Pause Young (Normal) (G1 Evacuation Pause) 6732M->2214M(8192M) 143.983ms
[4070.516s][info][gc,cpu         ] GC(508) User=1.14s Sys=0.00s Real=0.14s
......[4076.766s][info][gc,start       ] GC(509) Pause Young (Normal) (G1 Evacuation Pause)
[4076.766s][info][gc,task        ] GC(509) Using 8 workers of 8 for evacuation
[4076.912s][info][gc,phases      ] GC(509)   Pre Evacuate Collection Set: 0.24ms
[4076.913s][info][gc,phases      ] GC(509)   Merge Heap Roots: 0.56ms
[4076.913s][info][gc,phases      ] GC(509)   Evacuate Collection Set: 144.54ms
[4076.913s][info][gc,phases      ] GC(509)   Post Evacuate Collection Set: 1.04ms
[4076.913s][info][gc,phases      ] GC(509)   Other: 0.06ms
[4076.913s][info][gc,heap        ] GC(509) Eden regions: 572->0(571)
[4076.913s][info][gc,heap        ] GC(509) Survivor regions: 42->43(77)
[4076.913s][info][gc,heap        ] GC(509) Old regions: 206->213
[4076.913s][info][gc,heap        ] GC(509) Humongous regions: 33->33
[4076.913s][info][gc,metaspace   ] GC(509) Metaspace: 35828K(38144K)->35828K(38144K) NonClass: 26756K(27072K)->26756K(27072K) Class: 9071K(11072K)->9071K(11072K)
[4076.913s][info][gc             ] GC(509) Pause Young (Normal) (G1 Evacuation Pause) 6790M->2280M(8192M) 146.596ms
[4076.913s][info][gc,cpu         ] GC(509) User=1.16s Sys=0.00s Real=0.15s
.......[4083.097s][info][gc,start       ] GC(510) Pause Young (Normal) (G1 Evacuation Pause)
[4083.097s][info][gc,task        ] GC(510) Using 8 workers of 8 for evacuation
[4083.239s][info][gc,phases      ] GC(510)   Pre Evacuate Collection Set: 0.27ms
[4083.239s][info][gc,phases      ] GC(510)   Merge Heap Roots: 0.57ms
[4083.239s][info][gc,phases      ] GC(510)   Evacuate Collection Set: 139.79ms
[4083.239s][info][gc,phases      ] GC(510)   Post Evacuate Collection Set: 1.06ms
[4083.239s][info][gc,phases      ] GC(510)   Other: 0.07ms
[4083.239s][info][gc,heap        ] GC(510) Eden regions: 571->0(571)
[4083.239s][info][gc,heap        ] GC(510) Survivor regions: 43->43(77)
[4083.239s][info][gc,heap        ] GC(510) Old regions: 213->220
[4083.239s][info][gc,heap        ] GC(510) Humongous regions: 33->33
[4083.239s][info][gc,metaspace   ] GC(510) Metaspace: 35828K(38144K)->35828K(38144K) NonClass: 26756K(27072K)->26756K(27072K) Class: 9071K(11072K)->9071K(11072K)
[4083.239s][info][gc             ] GC(510) Pause Young (Normal) (G1 Evacuation Pause) 6848M->2333M(8192M) 141.894ms
[4083.239s][info][gc,cpu         ] GC(510) User=1.12s Sys=0.00s Real=0.14s
......[4089.451s][info][gc,start       ] GC(511) Pause Young (Normal) (G1 Evacuation Pause)
[4089.451s][info][gc,task        ] GC(511) Using 8 workers of 8 for evacuation
[4089.595s][info][gc,phases      ] GC(511)   Pre Evacuate Collection Set: 0.28ms
[4089.595s][info][gc,phases      ] GC(511)   Merge Heap Roots: 0.54ms
[4089.595s][info][gc,phases      ] GC(511)   Evacuate Collection Set: 142.20ms
[4089.595s][info][gc,phases      ] GC(511)   Post Evacuate Collection Set: 1.05ms
[4089.595s][info][gc,phases      ] GC(511)   Other: 0.08ms
[4089.595s][info][gc,heap        ] GC(511) Eden regions: 571->0(571)
[4089.595s][info][gc,heap        ] GC(511) Survivor regions: 43->43(77)
[4089.595s][info][gc,heap        ] GC(511) Old regions: 220->227
[4089.595s][info][gc,heap        ] GC(511) Humongous regions: 33->33
[4089.595s][info][gc,metaspace   ] GC(511) Metaspace: 35828K(38144K)->35828K(38144K) NonClass: 26756K(27072K)->26756K(27072K) Class: 9071K(11072K)->9071K(11072K)
[4089.595s][info][gc             ] GC(511) Pause Young (Normal) (G1 Evacuation Pause) 6901M->2389M(8192M) 144.293ms
[4089.595s][info][gc,cpu         ] GC(511) User=1.15s Sys=0.00s Real=0.14s
......[4095.686s][info][gc,start       ] GC(512) Pause Young (Normal) (G1 Evacuation Pause)
[4095.686s][info][gc,task        ] GC(512) Using 8 workers of 8 for evacuation
[4095.831s][info][gc,phases      ] GC(512)   Pre Evacuate Collection Set: 0.25ms
[4095.831s][info][gc,phases      ] GC(512)   Merge Heap Roots: 0.55ms
[4095.831s][info][gc,phases      ] GC(512)   Evacuate Collection Set: 143.26ms
[4095.831s][info][gc,phases      ] GC(512)   Post Evacuate Collection Set: 1.04ms
[4095.831s][info][gc,phases      ] GC(512)   Other: 0.07ms
[4095.831s][info][gc,heap        ] GC(512) Eden regions: 571->0(571)
[4095.831s][info][gc,heap        ] GC(512) Survivor regions: 43->43(77)
[4095.831s][info][gc,heap        ] GC(512) Old regions: 227->234
[4095.831s][info][gc,heap        ] GC(512) Humongous regions: 33->33
[4095.831s][info][gc,metaspace   ] GC(512) Metaspace: 35828K(38144K)->35828K(38144K) NonClass: 26756K(27072K)->26756K(27072K) Class: 9071K(11072K)->9071K(11072K)
[4095.831s][info][gc             ] GC(512) Pause Young (Normal) (G1 Evacuation Pause) 6957M->2449M(8192M) 145.294ms
[4095.831s][info][gc,cpu         ] GC(512) User=1.15s Sys=0.00s Real=0.15s
.......[4102.018s][info][gc,start       ] GC(513) Pause Young (Normal) (G1 Evacuation Pause)
[4102.018s][info][gc,task        ] GC(513) Using 8 workers of 8 for evacuation
[4102.162s][info][gc,phases      ] GC(513)   Pre Evacuate Collection Set: 0.27ms
[4102.162s][info][gc,phases      ] GC(513)   Merge Heap Roots: 0.55ms
[4102.162s][info][gc,phases      ] GC(513)   Evacuate Collection Set: 142.35ms
[4102.163s][info][gc,phases      ] GC(513)   Post Evacuate Collection Set: 1.05ms
[4102.163s][info][gc,phases      ] GC(513)   Other: 0.06ms
[4102.163s][info][gc,heap        ] GC(513) Eden regions: 571->0(572)
[4102.163s][info][gc,heap        ] GC(513) Survivor regions: 43->42(77)
[4102.163s][info][gc,heap        ] GC(513) Old regions: 234->241
[4102.163s][info][gc,heap        ] GC(513) Humongous regions: 33->33
[4102.163s][info][gc,metaspace   ] GC(513) Metaspace: 35828K(38144K)->35828K(38144K) NonClass: 26756K(27072K)->26756K(27072K) Class: 9071K(11072K)->9071K(11072K)
[4102.163s][info][gc             ] GC(513) Pause Young (Normal) (G1 Evacuation Pause) 7017M->2497M(8192M) 144.407ms
[4102.163s][info][gc,cpu         ] GC(513) User=1.15s Sys=0.00s Real=0.14s
. (rIR:aIR:PR = 6088:6087:6087) (tPR = 90608) [OK] 
  4102s: Performance info:
         Transaction,    Success,    Partial,     Failed,   Receipts, AvgBarcode, 
             Overall,     365415,          0,          0,     347135,      59.47, 
         Response times:
             Request,    Success,    Partial,     Failed,   SkipFail,     Probes,    Samples,      min,      p50,      p90,      p95,      p99,      max, 
       TotalPurchase,     347135,          0,          0,          0,     340908,     377142,      300,     3900,     7100,     9100,    65000,   180000,
     InStorePurchase,     182671,          0,          0,          0,     179593,     198322,      400,     3800,     7100,     9100,    65000,   180000,
      OnlinePurchase,     127878,          0,          0,          0,     125607,     138828,      300,     3900,     7100,     9000,    66710,   178000,
        InstPurchase,      36586,          0,          0,          0,      35708,      39992,      500,     4100,     7200,     9000,    60000,   180000,
          AssocOfCat,        366,          0,          0,          0,        306,        415,    21000,    34000,    47000,    54200,    91000,    97000,
      AssocOfProduct,       3652,          0,          0,          0,       3418,       3990,      700,     5000,     7400,     9700,    76090,   157000,
      BusinessReport,        910,          0,          0,          0,        781,        978,    27000,    37000,    54000,    72000,   167730,   225000,
          CustBuyBeh,       3647,          0,          0,          0,       3389,       3959,      300,     4600,     6900,     8600,    82000,   160000,
       ProductReturn,       9704,          0,          0,          0,       9317,      10634,      200,     3700,     7000,     9125,    68000,   178000,

  4102s: (45%)   IR =   6227 ....|.[4108.292s][info][gc,start       ] GC(514) Pause Young (Normal) (G1 Evacuation Pause)
[4108.292s][info][gc,task        ] GC(514) Using 8 workers of 8 for evacuation
[4108.437s][info][gc,phases      ] GC(514)   Pre Evacuate Collection Set: 0.27ms
[4108.437s][info][gc,phases      ] GC(514)   Merge Heap Roots: 0.55ms
[4108.437s][info][gc,phases      ] GC(514)   Evacuate Collection Set: 143.80ms
[4108.437s][info][gc,phases      ] GC(514)   Post Evacuate Collection Set: 1.06ms
[4108.437s][info][gc,phases      ] GC(514)   Other: 0.06ms
[4108.437s][info][gc,heap        ] GC(514) Eden regions: 572->0(571)
[4108.437s][info][gc,heap        ] GC(514) Survivor regions: 42->43(77)
[4108.437s][info][gc,heap        ] GC(514) Old regions: 241->248
[4108.437s][info][gc,heap        ] GC(514) Humongous regions: 33->33
[4108.437s][info][gc,metaspace   ] GC(514) Metaspace: 35828K(38144K)->35828K(38144K) NonClass: 26756K(27072K)->26756K(27072K) Class: 9071K(11072K)->9071K(11072K)
[4108.437s][info][gc             ] GC(514) Pause Young (Normal) (G1 Evacuation Pause) 7073M->2561M(8192M) 145.865ms
[4108.437s][info][gc,cpu         ] GC(514) User=1.15s Sys=0.00s Real=0.15s
......[4114.446s][info][gc,start       ] GC(515) Pause Young (Normal) (G1 Evacuation Pause)
[4114.446s][info][gc,task        ] GC(515) Using 8 workers of 8 for evacuation
[4114.589s][info][gc,phases      ] GC(515)   Pre Evacuate Collection Set: 0.25ms
[4114.589s][info][gc,phases      ] GC(515)   Merge Heap Roots: 0.54ms
[4114.589s][info][gc,phases      ] GC(515)   Evacuate Collection Set: 140.24ms
[4114.589s][info][gc,phases      ] GC(515)   Post Evacuate Collection Set: 1.04ms
[4114.589s][info][gc,phases      ] GC(515)   Other: 0.06ms
[4114.589s][info][gc,heap        ] GC(515) Eden regions: 571->0(571)
[4114.589s][info][gc,heap        ] GC(515) Survivor regions: 43->43(77)
[4114.589s][info][gc,heap        ] GC(515) Old regions: 248->255
[4114.589s][info][gc,heap        ] GC(515) Humongous regions: 33->33
[4114.589s][info][gc,metaspace   ] GC(515) Metaspace: 35828K(38144K)->35828K(38144K) NonClass: 26756K(27072K)->26756K(27072K) Class: 9071K(11072K)->9071K(11072K)
[4114.589s][info][gc             ] GC(515) Pause Young (Normal) (G1 Evacuation Pause) 7129M->2613M(8192M) 142.261ms
[4114.589s][info][gc,cpu         ] GC(515) User=1.13s Sys=0.00s Real=0.15s
......[4120.621s][info][gc,start       ] GC(516) Pause Young (Normal) (G1 Evacuation Pause)
[4120.622s][info][gc,task        ] GC(516) Using 8 workers of 8 for evacuation
[4120.772s][info][gc,phases      ] GC(516)   Pre Evacuate Collection Set: 0.27ms
[4120.772s][info][gc,phases      ] GC(516)   Merge Heap Roots: 0.55ms
[4120.772s][info][gc,phases      ] GC(516)   Evacuate Collection Set: 148.56ms
[4120.772s][info][gc,phases      ] GC(516)   Post Evacuate Collection Set: 1.05ms
[4120.772s][info][gc,phases      ] GC(516)   Other: 0.06ms
[4120.772s][info][gc,heap        ] GC(516) Eden regions: 571->0(570)
[4120.772s][info][gc,heap        ] GC(516) Survivor regions: 43->44(77)
[4120.772s][info][gc,heap        ] GC(516) Old regions: 255->262
[4120.772s][info][gc,heap        ] GC(516) Humongous regions: 33->33
[4120.772s][info][gc,metaspace   ] GC(516) Metaspace: 35828K(38144K)->35828K(38144K) NonClass: 26756K(27072K)->26756K(27072K) Class: 9071K(11072K)->9071K(11072K)
[4120.772s][info][gc             ] GC(516) Pause Young (Normal) (G1 Evacuation Pause) 7181M->2680M(8192M) 150.622ms
[4120.772s][info][gc,cpu         ] GC(516) User=1.19s Sys=0.00s Real=0.15s
......[4126.881s][info][gc,start       ] GC(517) Pause Young (Normal) (G1 Evacuation Pause)
[4126.881s][info][gc,task        ] GC(517) Using 8 workers of 8 for evacuation
[4127.027s][info][gc,phases      ] GC(517)   Pre Evacuate Collection Set: 0.25ms
[4127.027s][info][gc,phases      ] GC(517)   Merge Heap Roots: 0.55ms
[4127.027s][info][gc,phases      ] GC(517)   Evacuate Collection Set: 144.70ms
[4127.027s][info][gc,phases      ] GC(517)   Post Evacuate Collection Set: 1.09ms
[4127.027s][info][gc,phases      ] GC(517)   Other: 0.06ms
[4127.027s][info][gc,heap        ] GC(517) Eden regions: 570->0(570)
[4127.027s][info][gc,heap        ] GC(517) Survivor regions: 44->44(77)
[4127.027s][info][gc,heap        ] GC(517) Old regions: 262->269
[4127.027s][info][gc,heap        ] GC(517) Humongous regions: 33->33
[4127.027s][info][gc,metaspace   ] GC(517) Metaspace: 35828K(38144K)->35828K(38144K) NonClass: 26756K(27072K)->26756K(27072K) Class: 9071K(11072K)->9071K(11072K)
[4127.027s][info][gc             ] GC(517) Pause Young (Normal) (G1 Evacuation Pause) 7240M->2734M(8192M) 146.779ms
[4127.027s][info][gc,cpu         ] GC(517) User=1.16s Sys=0.00s Real=0.15s
......[4133.012s][info][gc,start       ] GC(518) Pause Young (Normal) (G1 Evacuation Pause)
[4133.012s][info][gc,task        ] GC(518) Using 8 workers of 8 for evacuation
[4133.154s][info][gc,phases      ] GC(518)   Pre Evacuate Collection Set: 0.27ms
[4133.154s][info][gc,phases      ] GC(518)   Merge Heap Roots: 0.54ms
[4133.154s][info][gc,phases      ] GC(518)   Evacuate Collection Set: 140.00ms
[4133.154s][info][gc,phases      ] GC(518)   Post Evacuate Collection Set: 1.04ms
[4133.154s][info][gc,phases      ] GC(518)   Other: 0.06ms
[4133.154s][info][gc,heap        ] GC(518) Eden regions: 570->0(572)
[4133.154s][info][gc,heap        ] GC(518) Survivor regions: 44->42(77)
[4133.154s][info][gc,heap        ] GC(518) Old regions: 269->276
[4133.154s][info][gc,heap        ] GC(518) Humongous regions: 33->33
[4133.154s][info][gc,metaspace   ] GC(518) Metaspace: 35828K(38144K)->35828K(38144K) NonClass: 26756K(27072K)->26756K(27072K) Class: 9071K(11072K)->9071K(11072K)
[4133.154s][info][gc             ] GC(518) Pause Young (Normal) (G1 Evacuation Pause) 7294M->2776M(8192M) 142.038ms
[4133.154s][info][gc,cpu         ] GC(518) User=1.12s Sys=0.00s Real=0.14s
......[4139.160s][info][gc,start       ] GC(519) Pause Young (Normal) (G1 Evacuation Pause)
[4139.160s][info][gc,task        ] GC(519) Using 8 workers of 8 for evacuation
[4139.304s][info][gc,phases      ] GC(519)   Pre Evacuate Collection Set: 0.27ms
[4139.304s][info][gc,phases      ] GC(519)   Merge Heap Roots: 0.54ms
[4139.304s][info][gc,phases      ] GC(519)   Evacuate Collection Set: 141.40ms
[4139.304s][info][gc,phases      ] GC(519)   Post Evacuate Collection Set: 1.06ms
[4139.304s][info][gc,phases      ] GC(519)   Other: 0.06ms
[4139.304s][info][gc,heap        ] GC(519) Eden regions: 572->0(570)
[4139.304s][info][gc,heap        ] GC(519) Survivor regions: 42->43(77)
[4139.304s][info][gc,heap        ] GC(519) Old regions: 276->283
[4139.304s][info][gc,heap        ] GC(519) Humongous regions: 33->33
[4139.304s][info][gc,metaspace   ] GC(519) Metaspace: 35828K(38144K)->35828K(38144K) NonClass: 26756K(27072K)->26756K(27072K) Class: 9071K(11072K)->9071K(11072K)
[4139.304s][info][gc             ] GC(519) Pause Young (Normal) (G1 Evacuation Pause) 7352M->2844M(8192M) 143.468ms
[4139.304s][info][gc,cpu         ] GC(519) User=1.14s Sys=0.00s Real=0.14s
.......[4145.334s][info][gc,start       ] GC(520) Pause Young (Normal) (G1 Evacuation Pause)
[4145.334s][info][gc,task        ] GC(520) Using 8 workers of 8 for evacuation
[4145.476s][info][gc,phases      ] GC(520)   Pre Evacuate Collection Set: 0.26ms
[4145.476s][info][gc,phases      ] GC(520)   Merge Heap Roots: 0.56ms
[4145.476s][info][gc,phases      ] GC(520)   Evacuate Collection Set: 140.49ms
[4145.476s][info][gc,phases      ] GC(520)   Post Evacuate Collection Set: 1.11ms
[4145.476s][info][gc,phases      ] GC(520)   Other: 0.06ms
[4145.476s][info][gc,heap        ] GC(520) Eden regions: 570->0(565)
[4145.476s][info][gc,heap        ] GC(520) Survivor regions: 43->42(77)
[4145.476s][info][gc,heap        ] GC(520) Old regions: 283->290
[4145.476s][info][gc,heap        ] GC(520) Humongous regions: 33->33
[4145.476s][info][gc,metaspace   ] GC(520) Metaspace: 35828K(38144K)->35828K(38144K) NonClass: 26756K(27072K)->26756K(27072K) Class: 9071K(11072K)->9071K(11072K)
[4145.476s][info][gc             ] GC(520) Pause Young (Normal) (G1 Evacuation Pause) 7404M->2890M(8192M) 142.613ms
[4145.476s][info][gc,cpu         ] GC(520) User=1.13s Sys=0.00s Real=0.14s
......[4151.437s][info][gc,start       ] GC(521) Pause Young (Normal) (G1 Evacuation Pause)
[4151.437s][info][gc,task        ] GC(521) Using 8 workers of 8 for evacuation
[4151.586s][info][gc,phases      ] GC(521)   Pre Evacuate Collection Set: 0.28ms
[4151.587s][info][gc,phases      ] GC(521)   Merge Heap Roots: 0.67ms
[4151.587s][info][gc,phases      ] GC(521)   Evacuate Collection Set: 147.56ms
[4151.587s][info][gc,phases      ] GC(521)   Post Evacuate Collection Set: 1.06ms
[4151.587s][info][gc,phases      ] GC(521)   Other: 0.09ms
[4151.587s][info][gc,heap        ] GC(521) Eden regions: 565->0(555)
[4151.587s][info][gc,heap        ] GC(521) Survivor regions: 42->43(76)
[4151.587s][info][gc,heap        ] GC(521) Old regions: 290->298
[4151.587s][info][gc,heap        ] GC(521) Humongous regions: 33->33
[4151.587s][info][gc,metaspace   ] GC(521) Metaspace: 35828K(38144K)->35828K(38144K) NonClass: 26756K(27072K)->26756K(27072K) Class: 9071K(11072K)->9071K(11072K)
[4151.587s][info][gc             ] GC(521) Pause Young (Normal) (G1 Evacuation Pause) 7410M->2957M(8192M) 149.804ms
[4151.587s][info][gc,cpu         ] GC(521) User=1.19s Sys=0.00s Real=0.15s
......[4157.480s][info][gc,start       ] GC(522) Pause Young (Normal) (G1 Evacuation Pause)
[4157.480s][info][gc,task        ] GC(522) Using 8 workers of 8 for evacuation
[4157.630s][info][gc,phases      ] GC(522)   Pre Evacuate Collection Set: 0.27ms
[4157.630s][info][gc,phases      ] GC(522)   Merge Heap Roots: 0.54ms
[4157.630s][info][gc,phases      ] GC(522)   Evacuate Collection Set: 147.59ms
[4157.630s][info][gc,phases      ] GC(522)   Post Evacuate Collection Set: 1.03ms
[4157.630s][info][gc,phases      ] GC(522)   Other: 0.07ms
[4157.630s][info][gc,heap        ] GC(522) Eden regions: 555->0(546)
[4157.630s][info][gc,heap        ] GC(522) Survivor regions: 43->44(75)
[4157.630s][info][gc,heap        ] GC(522) Old regions: 298->305
[4157.630s][info][gc,heap        ] GC(522) Humongous regions: 33->33
[4157.630s][info][gc,metaspace   ] GC(522) Metaspace: 35828K(38144K)->35828K(38144K) NonClass: 26756K(27072K)->26756K(27072K) Class: 9071K(11072K)->9071K(11072K)
[4157.630s][info][gc             ] GC(522) Pause Young (Normal) (G1 Evacuation Pause) 7397M->3024M(8192M) 149.625ms
[4157.630s][info][gc,cpu         ] GC(522) User=1.18s Sys=0.01s Real=0.15s
......[4163.334s][info][gc,start       ] GC(523) Pause Young (Normal) (G1 Evacuation Pause)
[4163.334s][info][gc,task        ] GC(523) Using 8 workers of 8 for evacuation
[4163.478s][info][gc,phases      ] GC(523)   Pre Evacuate Collection Set: 0.27ms
[4163.478s][info][gc,phases      ] GC(523)   Merge Heap Roots: 0.54ms
[4163.478s][info][gc,phases      ] GC(523)   Evacuate Collection Set: 141.81ms
[4163.478s][info][gc,phases      ] GC(523)   Post Evacuate Collection Set: 1.02ms
[4163.478s][info][gc,phases      ] GC(523)   Other: 0.06ms
[4163.478s][info][gc,heap        ] GC(523) Eden regions: 546->0(540)
[4163.478s][info][gc,heap        ] GC(523) Survivor regions: 44->43(74)
[4163.478s][info][gc,heap        ] GC(523) Old regions: 305->313
[4163.478s][info][gc,heap        ] GC(523) Humongous regions: 33->33
[4163.478s][info][gc,metaspace   ] GC(523) Metaspace: 35828K(38144K)->35828K(38144K) NonClass: 26756K(27072K)->26756K(27072K) Class: 9071K(11072K)->9071K(11072K)
[4163.478s][info][gc             ] GC(523) Pause Young (Normal) (G1 Evacuation Pause) 7392M->3080M(8192M) 143.846ms
[4163.478s][info][gc,cpu         ] GC(523) User=1.14s Sys=0.01s Real=0.15s
.... (rIR:aIR:PR = 6227:6224:6224) (tPR = 92417) [OK] 
  4167s: Performance info:
         Transaction,    Success,    Partial,     Failed,   Receipts, AvgBarcode, 
             Overall,     375038,          0,          0,     356277,      59.47, 
         Response times:
             Request,    Success,    Partial,     Failed,   SkipFail,     Probes,    Samples,      min,      p50,      p90,      p95,      p99,      max, 
       TotalPurchase,     356277,          0,          0,          0,     349281,     374444,      300,     4000,     7300,     9100,    47000,   279000,
     InStorePurchase,     187546,          0,          0,          0,     183774,     196598,      400,     4000,     7300,     9200,    46000,   279000,
      OnlinePurchase,     131228,          0,          0,          0,     129023,     138423,      300,     3900,     7300,     9100,    47000,   279000,
        InstPurchase,      37503,          0,          0,          0,      36484,      39423,      500,     4200,     7300,     9100,    49760,   279000,
          AssocOfCat,        375,          0,          0,          0,        294,        358,    22000,    35000,    45100,    58000,   140240,   200000,
      AssocOfProduct,       3739,          0,          0,          0,       3505,       3945,      700,     4400,     7500,     9200,    49000,   149000,
      BusinessReport,        939,          0,          0,          0,        833,        994,    28000,    38000,    55000,    69500,   202000,   214000,
          CustBuyBeh,       3757,          0,          0,          0,       3471,       3875,      200,     4500,     7300,     9200,    52000,   175000,
       ProductReturn,       9950,          0,          0,          0,       9489,      10534,      300,     4000,     7150,     9025,    49650,   174000,

  4167s: (46%)   IR =   6365 .[4169.124s][info][gc,start       ] GC(524) Pause Young (Concurrent Start) (G1 Evacuation Pause)
[4169.124s][info][gc,task        ] GC(524) Using 8 workers of 8 for evacuation
[4169.266s][info][gc,phases      ] GC(524)   Pre Evacuate Collection Set: 0.29ms
[4169.266s][info][gc,phases      ] GC(524)   Merge Heap Roots: 0.55ms
[4169.266s][info][gc,phases      ] GC(524)   Evacuate Collection Set: 140.34ms
[4169.266s][info][gc,phases      ] GC(524)   Post Evacuate Collection Set: 1.06ms
[4169.266s][info][gc,phases      ] GC(524)   Other: 0.09ms
[4169.266s][info][gc,heap        ] GC(524) Eden regions: 540->0(534)
[4169.266s][info][gc,heap        ] GC(524) Survivor regions: 43->42(73)
[4169.266s][info][gc,heap        ] GC(524) Old regions: 313->321
[4169.266s][info][gc,heap        ] GC(524) Humongous regions: 33->33
[4169.266s][info][gc,metaspace   ] GC(524) Metaspace: 35828K(38144K)->35828K(38144K) NonClass: 26756K(27072K)->26756K(27072K) Class: 9071K(11072K)->9071K(11072K)
[4169.266s][info][gc             ] GC(524) Pause Young (Concurrent Start) (G1 Evacuation Pause) 7400M->3130M(8192M) 142.467ms
[4169.266s][info][gc             ] GC(525) Concurrent Mark Cycle
[4169.266s][info][gc,marking     ] GC(525) Concurrent Scan Root Regions
[4169.266s][info][gc,cpu         ] GC(524) User=1.13s Sys=0.00s Real=0.14s
.[4169.518s][info][gc,marking     ] GC(525) Concurrent Scan Root Regions 252.106ms
[4169.518s][info][gc,marking     ] GC(525) Concurrent Mark
[4169.518s][info][gc,marking     ] GC(525) Concurrent Mark From Roots
[4169.518s][info][gc,task        ] GC(525) Using 2 workers of 2 for marking
[4170.284s][info][gc,marking     ] GC(525) Concurrent Mark From Roots 765.648ms
[4170.284s][info][gc,marking     ] GC(525) Concurrent Preclean
[4170.284s][info][gc,marking     ] GC(525) Concurrent Preclean 0.077ms
[4170.284s][info][gc,start       ] GC(525) Pause Remark
[4170.286s][info][gc             ] GC(525) Pause Remark 3996M->3372M(8192M) 2.068ms
[4170.286s][info][gc,cpu         ] GC(525) User=0.02s Sys=0.00s Real=0.00s
[4170.286s][info][gc,marking     ] GC(525) Concurrent Mark 768.088ms
[4170.286s][info][gc,marking     ] GC(525) Concurrent Rebuild Remembered Sets and Scrub Regions
.[4170.729s][info][gc,marking     ] GC(525) Concurrent Rebuild Remembered Sets and Scrub Regions 442.373ms
[4170.729s][info][gc,start       ] GC(525) Pause Cleanup
[4170.729s][info][gc             ] GC(525) Pause Cleanup 3690M->3690M(8192M) 0.266ms
[4170.729s][info][gc,cpu         ] GC(525) User=0.00s Sys=0.00s Real=0.00s
[4170.729s][info][gc,marking     ] GC(525) Concurrent Clear Claimed Marks
[4170.729s][info][gc,marking     ] GC(525) Concurrent Clear Claimed Marks 0.044ms
[4170.729s][info][gc,marking     ] GC(525) Concurrent Cleanup for Next Mark
[4170.738s][info][gc,marking     ] GC(525) Concurrent Cleanup for Next Mark 8.948ms
[4170.738s][info][gc             ] GC(525) Concurrent Mark Cycle 1472.246ms
..|..[4174.852s][info][gc,start       ] GC(526) Pause Young (Prepare Mixed) (G1 Evacuation Pause)
[4174.852s][info][gc,task        ] GC(526) Using 8 workers of 8 for evacuation
[4174.995s][info][gc,phases      ] GC(526)   Pre Evacuate Collection Set: 0.25ms
[4174.995s][info][gc,phases      ] GC(526)   Merge Heap Roots: 0.70ms
[4174.995s][info][gc,phases      ] GC(526)   Evacuate Collection Set: 140.49ms
[4174.995s][info][gc,phases      ] GC(526)   Post Evacuate Collection Set: 1.14ms
[4174.995s][info][gc,phases      ] GC(526)   Other: 0.07ms
[4174.995s][info][gc,heap        ] GC(526) Eden regions: 534->0(572)
[4174.995s][info][gc,heap        ] GC(526) Survivor regions: 42->42(72)
[4174.995s][info][gc,heap        ] GC(526) Old regions: 243->250
[4174.995s][info][gc,heap        ] GC(526) Humongous regions: 33->33
[4174.995s][info][gc,metaspace   ] GC(526) Metaspace: 35828K(38144K)->35828K(38144K) NonClass: 26756K(27072K)->26756K(27072K) Class: 9071K(11072K)->9071K(11072K)
[4174.995s][info][gc             ] GC(526) Pause Young (Prepare Mixed) (G1 Evacuation Pause) 6778M->2572M(8192M) 142.772ms
[4174.995s][info][gc,cpu         ] GC(526) User=1.13s Sys=0.00s Real=0.14s
......[4180.924s][info][gc,start       ] GC(527) Pause Young (Mixed) (G1 Evacuation Pause)
[4180.925s][info][gc,task        ] GC(527) Using 8 workers of 8 for evacuation
[4181.076s][info][gc,phases      ] GC(527)   Pre Evacuate Collection Set: 0.28ms
[4181.076s][info][gc,phases      ] GC(527)   Merge Heap Roots: 0.87ms
[4181.076s][info][gc,phases      ] GC(527)   Evacuate Collection Set: 149.22ms
[4181.076s][info][gc,phases      ] GC(527)   Post Evacuate Collection Set: 1.30ms
[4181.076s][info][gc,phases      ] GC(527)   Other: 0.10ms
[4181.076s][info][gc,heap        ] GC(527) Eden regions: 572->0(571)
[4181.076s][info][gc,heap        ] GC(527) Survivor regions: 42->43(77)
[4181.076s][info][gc,heap        ] GC(527) Old regions: 250->156
[4181.076s][info][gc,heap        ] GC(527) Humongous regions: 33->33
[4181.076s][info][gc,metaspace   ] GC(527) Metaspace: 35828K(38144K)->35828K(38144K) NonClass: 26756K(27072K)->26756K(27072K) Class: 9071K(11072K)->9071K(11072K)
[4181.076s][info][gc             ] GC(527) Pause Young (Mixed) (G1 Evacuation Pause) 7148M->1820M(8192M) 151.909ms
[4181.076s][info][gc,cpu         ] GC(527) User=1.20s Sys=0.00s Real=0.15s
......[4186.945s][info][gc,start       ] GC(528) Pause Young (Mixed) (G1 Evacuation Pause)
[4186.945s][info][gc,task        ] GC(528) Using 8 workers of 8 for evacuation
[4187.093s][info][gc,phases      ] GC(528)   Pre Evacuate Collection Set: 0.26ms
[4187.093s][info][gc,phases      ] GC(528)   Merge Heap Roots: 0.80ms
[4187.093s][info][gc,phases      ] GC(528)   Evacuate Collection Set: 145.75ms
[4187.093s][info][gc,phases      ] GC(528)   Post Evacuate Collection Set: 1.09ms
[4187.093s][info][gc,phases      ] GC(528)   Other: 0.08ms
[4187.093s][info][gc,heap        ] GC(528) Eden regions: 571->0(572)
[4187.093s][info][gc,heap        ] GC(528) Survivor regions: 43->42(77)
[4187.093s][info][gc,heap        ] GC(528) Old regions: 156->143
[4187.093s][info][gc,heap        ] GC(528) Humongous regions: 33->33
[4187.093s][info][gc,metaspace   ] GC(528) Metaspace: 35828K(38144K)->35828K(38144K) NonClass: 26756K(27072K)->26756K(27072K) Class: 9071K(11072K)->9071K(11072K)
[4187.093s][info][gc             ] GC(528) Pause Young (Mixed) (G1 Evacuation Pause) 6388M->1711M(8192M) 148.112ms
[4187.093s][info][gc,cpu         ] GC(528) User=1.17s Sys=0.01s Real=0.15s
......[4192.976s][info][gc,start       ] GC(529) Pause Young (Normal) (G1 Evacuation Pause)
[4192.976s][info][gc,task        ] GC(529) Using 8 workers of 8 for evacuation
[4193.122s][info][gc,phases      ] GC(529)   Pre Evacuate Collection Set: 0.28ms
[4193.122s][info][gc,phases      ] GC(529)   Merge Heap Roots: 0.64ms
[4193.122s][info][gc,phases      ] GC(529)   Evacuate Collection Set: 144.00ms
[4193.122s][info][gc,phases      ] GC(529)   Post Evacuate Collection Set: 1.04ms
[4193.122s][info][gc,phases      ] GC(529)   Other: 0.06ms
[4193.122s][info][gc,heap        ] GC(529) Eden regions: 572->0(571)
[4193.122s][info][gc,heap        ] GC(529) Survivor regions: 42->43(77)
[4193.122s][info][gc,heap        ] GC(529) Old regions: 143->151
[4193.122s][info][gc,heap        ] GC(529) Humongous regions: 33->33
[4193.122s][info][gc,metaspace   ] GC(529) Metaspace: 35828K(38144K)->35828K(38144K) NonClass: 26756K(27072K)->26756K(27072K) Class: 9071K(11072K)->9071K(11072K)
[4193.122s][info][gc             ] GC(529) Pause Young (Normal) (G1 Evacuation Pause) 6287M->1777M(8192M) 146.159ms
[4193.122s][info][gc,cpu         ] GC(529) User=1.15s Sys=0.00s Real=0.15s
......[4199.002s][info][gc,start       ] GC(530) Pause Young (Normal) (G1 Evacuation Pause)
[4199.002s][info][gc,task        ] GC(530) Using 8 workers of 8 for evacuation
[4199.143s][info][gc,phases      ] GC(530)   Pre Evacuate Collection Set: 0.26ms
[4199.143s][info][gc,phases      ] GC(530)   Merge Heap Roots: 0.58ms
[4199.143s][info][gc,phases      ] GC(530)   Evacuate Collection Set: 139.49ms
[4199.143s][info][gc,phases      ] GC(530)   Post Evacuate Collection Set: 1.05ms
[4199.143s][info][gc,phases      ] GC(530)   Other: 0.08ms
[4199.143s][info][gc,heap        ] GC(530) Eden regions: 571->0(571)
[4199.143s][info][gc,heap        ] GC(530) Survivor regions: 43->43(77)
[4199.143s][info][gc,heap        ] GC(530) Old regions: 151->158
[4199.143s][info][gc,heap        ] GC(530) Humongous regions: 33->33
[4199.143s][info][gc,metaspace   ] GC(530) Metaspace: 35828K(38144K)->35828K(38144K) NonClass: 26756K(27072K)->26756K(27072K) Class: 9071K(11072K)->9071K(11072K)
[4199.143s][info][gc             ] GC(530) Pause Young (Normal) (G1 Evacuation Pause) 6345M->1833M(8192M) 141.591ms
[4199.143s][info][gc,cpu         ] GC(530) User=1.12s Sys=0.00s Real=0.14s
......[4205.050s][info][gc,start       ] GC(531) Pause Young (Normal) (G1 Evacuation Pause)
[4205.050s][info][gc,task        ] GC(531) Using 8 workers of 8 for evacuation
[4205.197s][info][gc,phases      ] GC(531)   Pre Evacuate Collection Set: 0.25ms
[4205.197s][info][gc,phases      ] GC(531)   Merge Heap Roots: 0.55ms
[4205.197s][info][gc,phases      ] GC(531)   Evacuate Collection Set: 145.24ms
[4205.197s][info][gc,phases      ] GC(531)   Post Evacuate Collection Set: 1.04ms
[4205.197s][info][gc,phases      ] GC(531)   Other: 0.08ms
[4205.197s][info][gc,heap        ] GC(531) Eden regions: 571->0(571)
[4205.197s][info][gc,heap        ] GC(531) Survivor regions: 43->43(77)
[4205.197s][info][gc,heap        ] GC(531) Old regions: 158->165
[4205.197s][info][gc,heap        ] GC(531) Humongous regions: 33->33
[4205.197s][info][gc,metaspace   ] GC(531) Metaspace: 35828K(38144K)->35828K(38144K) NonClass: 26756K(27072K)->26756K(27072K) Class: 9071K(11072K)->9071K(11072K)
[4205.197s][info][gc             ] GC(531) Pause Young (Normal) (G1 Evacuation Pause) 6401M->1896M(8192M) 147.304ms
[4205.197s][info][gc,cpu         ] GC(531) User=1.17s Sys=0.00s Real=0.15s
......[4211.123s][info][gc,start       ] GC(532) Pause Young (Normal) (G1 Evacuation Pause)
[4211.123s][info][gc,task        ] GC(532) Using 8 workers of 8 for evacuation
[4211.271s][info][gc,phases      ] GC(532)   Pre Evacuate Collection Set: 0.25ms
[4211.271s][info][gc,phases      ] GC(532)   Merge Heap Roots: 0.54ms
[4211.271s][info][gc,phases      ] GC(532)   Evacuate Collection Set: 145.30ms
[4211.271s][info][gc,phases      ] GC(532)   Post Evacuate Collection Set: 1.05ms
[4211.271s][info][gc,phases      ] GC(532)   Other: 0.07ms
[4211.271s][info][gc,heap        ] GC(532) Eden regions: 571->0(571)
[4211.271s][info][gc,heap        ] GC(532) Survivor regions: 43->43(77)
[4211.271s][info][gc,heap        ] GC(532) Old regions: 165->172
[4211.271s][info][gc,heap        ] GC(532) Humongous regions: 33->33
[4211.271s][info][gc,metaspace   ] GC(532) Metaspace: 35828K(38144K)->35828K(38144K) NonClass: 26756K(27072K)->26756K(27072K) Class: 9071K(11072K)->9071K(11072K)
[4211.271s][info][gc             ] GC(532) Pause Young (Normal) (G1 Evacuation Pause) 6464M->1956M(8192M) 147.318ms
[4211.271s][info][gc,cpu         ] GC(532) User=1.17s Sys=0.00s Real=0.15s
......[4217.149s][info][gc,start       ] GC(533) Pause Young (Normal) (G1 Evacuation Pause)
[4217.149s][info][gc,task        ] GC(533) Using 8 workers of 8 for evacuation
[4217.299s][info][gc,phases      ] GC(533)   Pre Evacuate Collection Set: 0.24ms
[4217.299s][info][gc,phases      ] GC(533)   Merge Heap Roots: 0.59ms
[4217.299s][info][gc,phases      ] GC(533)   Evacuate Collection Set: 147.33ms
[4217.299s][info][gc,phases      ] GC(533)   Post Evacuate Collection Set: 1.04ms
[4217.299s][info][gc,phases      ] GC(533)   Other: 0.07ms
[4217.299s][info][gc,heap        ] GC(533) Eden regions: 571->0(571)
[4217.299s][info][gc,heap        ] GC(533) Survivor regions: 43->43(77)
[4217.299s][info][gc,heap        ] GC(533) Old regions: 172->180
[4217.299s][info][gc,heap        ] GC(533) Humongous regions: 33->33
[4217.299s][info][gc,metaspace   ] GC(533) Metaspace: 35828K(38144K)->35828K(38144K) NonClass: 26756K(27072K)->26756K(27072K) Class: 9071K(11072K)->9071K(11072K)
[4217.299s][info][gc             ] GC(533) Pause Young (Normal) (G1 Evacuation Pause) 6524M->2013M(8192M) 149.409ms
[4217.299s][info][gc,cpu         ] GC(533) User=1.18s Sys=0.00s Real=0.15s
......[4223.186s][info][gc,start       ] GC(534) Pause Young (Normal) (G1 Evacuation Pause)
[4223.186s][info][gc,task        ] GC(534) Using 8 workers of 8 for evacuation
[4223.328s][info][gc,phases      ] GC(534)   Pre Evacuate Collection Set: 0.24ms
[4223.328s][info][gc,phases      ] GC(534)   Merge Heap Roots: 0.61ms
[4223.328s][info][gc,phases      ] GC(534)   Evacuate Collection Set: 139.40ms
[4223.328s][info][gc,phases      ] GC(534)   Post Evacuate Collection Set: 1.05ms
[4223.328s][info][gc,phases      ] GC(534)   Other: 0.07ms
[4223.328s][info][gc,heap        ] GC(534) Eden regions: 571->0(572)
[4223.328s][info][gc,heap        ] GC(534) Survivor regions: 43->42(77)
[4223.328s][info][gc,heap        ] GC(534) Old regions: 180->187
[4223.328s][info][gc,heap        ] GC(534) Humongous regions: 33->33
[4223.328s][info][gc,metaspace   ] GC(534) Metaspace: 35828K(38144K)->35828K(38144K) NonClass: 26756K(27072K)->26756K(27072K) Class: 9071K(11072K)->9071K(11072K)
[4223.328s][info][gc             ] GC(534) Pause Young (Normal) (G1 Evacuation Pause) 6581M->2061M(8192M) 141.518ms
[4223.328s][info][gc,cpu         ] GC(534) User=1.12s Sys=0.00s Real=0.15s
......[4229.192s][info][gc,start       ] GC(535) Pause Young (Normal) (G1 Evacuation Pause)
[4229.192s][info][gc,task        ] GC(535) Using 8 workers of 8 for evacuation
[4229.336s][info][gc,phases      ] GC(535)   Pre Evacuate Collection Set: 0.29ms
[4229.336s][info][gc,phases      ] GC(535)   Merge Heap Roots: 0.55ms
[4229.336s][info][gc,phases      ] GC(535)   Evacuate Collection Set: 141.68ms
[4229.336s][info][gc,phases      ] GC(535)   Post Evacuate Collection Set: 1.04ms
[4229.336s][info][gc,phases      ] GC(535)   Other: 0.07ms
[4229.336s][info][gc,heap        ] GC(535) Eden regions: 572->0(571)
[4229.336s][info][gc,heap        ] GC(535) Survivor regions: 42->43(77)
[4229.336s][info][gc,heap        ] GC(535) Old regions: 187->193
[4229.336s][info][gc,heap        ] GC(535) Humongous regions: 33->33
[4229.336s][info][gc,metaspace   ] GC(535) Metaspace: 35828K(38144K)->35828K(38144K) NonClass: 26756K(27072K)->26756K(27072K) Class: 9071K(11072K)->9071K(11072K)
[4229.336s][info][gc             ] GC(535) Pause Young (Normal) (G1 Evacuation Pause) 6637M->2124M(8192M) 143.760ms
[4229.336s][info][gc,cpu         ] GC(535) User=1.14s Sys=0.00s Real=0.14s
.... (rIR:aIR:PR = 6365:6365:6365) (tPR = 95193) [OK] 
  4232s: Performance info:
         Transaction,    Success,    Partial,     Failed,   Receipts, AvgBarcode, 
             Overall,     382053,          0,          0,     362934,      59.47, 
         Response times:
             Request,    Success,    Partial,     Failed,   SkipFail,     Probes,    Samples,      min,      p50,      p90,      p95,      p99,      max, 
       TotalPurchase,     362980,          0,          0,          0,     356878,     387337,      300,     4100,     7700,    10600,    55000,   268000,
     InStorePurchase,     191084,          0,          0,          0,     188318,     203842,      400,     4200,     7700,    10500,    56000,   268000,
      OnlinePurchase,     133727,          0,          0,          0,     131422,     142642,      300,     4200,     7800,    10700,    55000,   264000,
        InstPurchase,      38169,          0,          0,          0,      37138,      40853,      500,     4000,     7700,    10500,    55000,   264000,
          AssocOfCat,        383,          0,          0,          0,        326,        431,    22000,    35000,    53000,    82600,   116080,   202000,
      AssocOfProduct,       3827,          0,          0,          0,       3581,       4018,      700,     4700,     7700,    11505,    60000,   158000,
      BusinessReport,        956,          0,          0,          0,        848,       1053,    27000,    38000,    59000,    76600,   187920,   228000,
          CustBuyBeh,       3828,          0,          0,          0,       3598,       4115,      300,     4000,     7800,    10500,    51000,   157000,
       ProductReturn,      10124,          0,          0,          0,       9715,      10936,      200,     4200,     7400,     9600,    55000,   165000,

  4232s: (47%)   IR =   6503 ..[4235.181s][info][gc,start       ] GC(536) Pause Young (Normal) (G1 Evacuation Pause)
[4235.181s][info][gc,task        ] GC(536) Using 8 workers of 8 for evacuation
[4235.325s][info][gc,phases      ] GC(536)   Pre Evacuate Collection Set: 0.26ms
[4235.325s][info][gc,phases      ] GC(536)   Merge Heap Roots: 0.63ms
[4235.325s][info][gc,phases      ] GC(536)   Evacuate Collection Set: 141.62ms
[4235.325s][info][gc,phases      ] GC(536)   Post Evacuate Collection Set: 1.05ms
[4235.325s][info][gc,phases      ] GC(536)   Other: 0.06ms
[4235.325s][info][gc,heap        ] GC(536) Eden regions: 571->0(571)
[4235.325s][info][gc,heap        ] GC(536) Survivor regions: 43->43(77)
[4235.325s][info][gc,heap        ] GC(536) Old regions: 193->200
[4235.325s][info][gc,heap        ] GC(536) Humongous regions: 33->33
[4235.325s][info][gc,metaspace   ] GC(536) Metaspace: 35828K(38144K)->35828K(38144K) NonClass: 26756K(27072K)->26756K(27072K) Class: 9071K(11072K)->9071K(11072K)
[4235.325s][info][gc             ] GC(536) Pause Young (Normal) (G1 Evacuation Pause) 6692M->2176M(8192M) 143.753ms
[4235.325s][info][gc,cpu         ] GC(536) User=1.14s Sys=0.00s Real=0.14s
....|..[4241.063s][info][gc,start       ] GC(537) Pause Young (Normal) (G1 Evacuation Pause)
[4241.063s][info][gc,task        ] GC(537) Using 8 workers of 8 for evacuation
[4241.209s][info][gc,phases      ] GC(537)   Pre Evacuate Collection Set: 0.29ms
[4241.209s][info][gc,phases      ] GC(537)   Merge Heap Roots: 0.72ms
[4241.209s][info][gc,phases      ] GC(537)   Evacuate Collection Set: 143.61ms
[4241.209s][info][gc,phases      ] GC(537)   Post Evacuate Collection Set: 1.12ms
[4241.209s][info][gc,phases      ] GC(537)   Other: 0.07ms
[4241.209s][info][gc,heap        ] GC(537) Eden regions: 571->0(572)
[4241.209s][info][gc,heap        ] GC(537) Survivor regions: 43->42(77)
[4241.209s][info][gc,heap        ] GC(537) Old regions: 200->207
[4241.209s][info][gc,heap        ] GC(537) Humongous regions: 33->33
[4241.209s][info][gc,metaspace   ] GC(537) Metaspace: 35828K(38144K)->35828K(38144K) NonClass: 26756K(27072K)->26756K(27072K) Class: 9071K(11072K)->9071K(11072K)
[4241.209s][info][gc             ] GC(537) Pause Young (Normal) (G1 Evacuation Pause) 6744M->2228M(8192M) 145.941ms
[4241.209s][info][gc,cpu         ] GC(537) User=1.15s Sys=0.00s Real=0.15s
......[4247.017s][info][gc,start       ] GC(538) Pause Young (Normal) (G1 Evacuation Pause)
[4247.017s][info][gc,task        ] GC(538) Using 8 workers of 8 for evacuation
[4247.159s][info][gc,phases      ] GC(538)   Pre Evacuate Collection Set: 0.27ms
[4247.160s][info][gc,phases      ] GC(538)   Merge Heap Roots: 0.56ms
[4247.160s][info][gc,phases      ] GC(538)   Evacuate Collection Set: 140.08ms
[4247.160s][info][gc,phases      ] GC(538)   Post Evacuate Collection Set: 1.04ms
[4247.160s][info][gc,phases      ] GC(538)   Other: 0.07ms
[4247.160s][info][gc,heap        ] GC(538) Eden regions: 572->0(572)
[4247.160s][info][gc,heap        ] GC(538) Survivor regions: 42->42(77)
[4247.160s][info][gc,heap        ] GC(538) Old regions: 207->214
[4247.160s][info][gc,heap        ] GC(538) Humongous regions: 33->33
[4247.160s][info][gc,metaspace   ] GC(538) Metaspace: 35828K(38144K)->35828K(38144K) NonClass: 26756K(27072K)->26756K(27072K) Class: 9071K(11072K)->9071K(11072K)
[4247.160s][info][gc             ] GC(538) Pause Young (Normal) (G1 Evacuation Pause) 6804M->2283M(8192M) 142.166ms
[4247.160s][info][gc,cpu         ] GC(538) User=1.13s Sys=0.00s Real=0.14s
......[4252.949s][info][gc,start       ] GC(539) Pause Young (Normal) (G1 Evacuation Pause)
[4252.949s][info][gc,task        ] GC(539) Using 8 workers of 8 for evacuation
[4253.093s][info][gc,phases      ] GC(539)   Pre Evacuate Collection Set: 0.25ms
[4253.093s][info][gc,phases      ] GC(539)   Merge Heap Roots: 0.55ms
[4253.093s][info][gc,phases      ] GC(539)   Evacuate Collection Set: 142.09ms
[4253.093s][info][gc,phases      ] GC(539)   Post Evacuate Collection Set: 1.06ms
[4253.093s][info][gc,phases      ] GC(539)   Other: 0.06ms
[4253.093s][info][gc,heap        ] GC(539) Eden regions: 572->0(571)
[4253.093s][info][gc,heap        ] GC(539) Survivor regions: 42->43(77)
[4253.093s][info][gc,heap        ] GC(539) Old regions: 214->221
[4253.093s][info][gc,heap        ] GC(539) Humongous regions: 33->33
[4253.093s][info][gc,metaspace   ] GC(539) Metaspace: 35828K(38144K)->35828K(38144K) NonClass: 26756K(27072K)->26756K(27072K) Class: 9071K(11072K)->9071K(11072K)
[4253.093s][info][gc             ] GC(539) Pause Young (Normal) (G1 Evacuation Pause) 6859M->2348M(8192M) 144.129ms
[4253.093s][info][gc,cpu         ] GC(539) User=1.14s Sys=0.01s Real=0.14s
......[4258.844s][info][gc,start       ] GC(540) Pause Young (Normal) (G1 Evacuation Pause)
[4258.844s][info][gc,task        ] GC(540) Using 8 workers of 8 for evacuation
[4258.989s][info][gc,phases      ] GC(540)   Pre Evacuate Collection Set: 0.26ms
[4258.989s][info][gc,phases      ] GC(540)   Merge Heap Roots: 0.58ms
[4258.989s][info][gc,phases      ] GC(540)   Evacuate Collection Set: 143.29ms
[4258.989s][info][gc,phases      ] GC(540)   Post Evacuate Collection Set: 1.06ms
[4258.989s][info][gc,phases      ] GC(540)   Other: 0.06ms
[4258.989s][info][gc,heap        ] GC(540) Eden regions: 571->0(570)
[4258.989s][info][gc,heap        ] GC(540) Survivor regions: 43->44(77)
[4258.989s][info][gc,heap        ] GC(540) Old regions: 221->229
[4258.989s][info][gc,heap        ] GC(540) Humongous regions: 33->33
[4258.989s][info][gc,metaspace   ] GC(540) Metaspace: 35828K(38144K)->35828K(38144K) NonClass: 26756K(27072K)->26756K(27072K) Class: 9071K(11072K)->9071K(11072K)
[4258.989s][info][gc             ] GC(540) Pause Young (Normal) (G1 Evacuation Pause) 6916M->2409M(8192M) 145.422ms
[4258.989s][info][gc,cpu         ] GC(540) User=1.15s Sys=0.00s Real=0.15s
......[4264.752s][info][gc,start       ] GC(541) Pause Young (Normal) (G1 Evacuation Pause)
[4264.752s][info][gc,task        ] GC(541) Using 8 workers of 8 for evacuation
[4264.895s][info][gc,phases      ] GC(541)   Pre Evacuate Collection Set: 0.23ms
[4264.895s][info][gc,phases      ] GC(541)   Merge Heap Roots: 0.62ms
[4264.895s][info][gc,phases      ] GC(541)   Evacuate Collection Set: 140.90ms
[4264.895s][info][gc,phases      ] GC(541)   Post Evacuate Collection Set: 1.05ms
[4264.895s][info][gc,phases      ] GC(541)   Other: 0.07ms
[4264.895s][info][gc,heap        ] GC(541) Eden regions: 570->0(571)
[4264.895s][info][gc,heap        ] GC(541) Survivor regions: 44->43(77)
[4264.895s][info][gc,heap        ] GC(541) Old regions: 229->236
[4264.895s][info][gc,heap        ] GC(541) Humongous regions: 33->33
[4264.895s][info][gc,metaspace   ] GC(541) Metaspace: 35828K(38144K)->35828K(38144K) NonClass: 26756K(27072K)->26756K(27072K) Class: 9071K(11072K)->9071K(11072K)
[4264.895s][info][gc             ] GC(541) Pause Young (Normal) (G1 Evacuation Pause) 6969M->2462M(8192M) 143.003ms
[4264.895s][info][gc,cpu         ] GC(541) User=1.13s Sys=0.00s Real=0.14s
......[4270.725s][info][gc,start       ] GC(542) Pause Young (Normal) (G1 Evacuation Pause)
[4270.725s][info][gc,task        ] GC(542) Using 8 workers of 8 for evacuation
[4270.872s][info][gc,phases      ] GC(542)   Pre Evacuate Collection Set: 0.25ms
[4270.872s][info][gc,phases      ] GC(542)   Merge Heap Roots: 0.60ms
[4270.872s][info][gc,phases      ] GC(542)   Evacuate Collection Set: 144.92ms
[4270.872s][info][gc,phases      ] GC(542)   Post Evacuate Collection Set: 1.09ms
[4270.872s][info][gc,phases      ] GC(542)   Other: 0.06ms
[4270.872s][info][gc,heap        ] GC(542) Eden regions: 571->0(571)
[4270.872s][info][gc,heap        ] GC(542) Survivor regions: 43->43(77)
[4270.872s][info][gc,heap        ] GC(542) Old regions: 236->243
[4270.872s][info][gc,heap        ] GC(542) Humongous regions: 33->33
[4270.872s][info][gc,metaspace   ] GC(542) Metaspace: 35828K(38144K)->35828K(38144K) NonClass: 26756K(27072K)->26756K(27072K) Class: 9071K(11072K)->9071K(11072K)
[4270.872s][info][gc             ] GC(542) Pause Young (Normal) (G1 Evacuation Pause) 7030M->2514M(8192M) 147.045ms
[4270.872s][info][gc,cpu         ] GC(542) User=1.16s Sys=0.00s Real=0.15s
......[4276.599s][info][gc,start       ] GC(543) Pause Young (Normal) (G1 Evacuation Pause)
[4276.599s][info][gc,task        ] GC(543) Using 8 workers of 8 for evacuation
[4276.742s][info][gc,phases      ] GC(543)   Pre Evacuate Collection Set: 0.28ms
[4276.742s][info][gc,phases      ] GC(543)   Merge Heap Roots: 0.55ms
[4276.742s][info][gc,phases      ] GC(543)   Evacuate Collection Set: 141.17ms
[4276.742s][info][gc,phases      ] GC(543)   Post Evacuate Collection Set: 1.03ms
[4276.742s][info][gc,phases      ] GC(543)   Other: 0.07ms
[4276.742s][info][gc,heap        ] GC(543) Eden regions: 571->0(572)
[4276.742s][info][gc,heap        ] GC(543) Survivor regions: 43->42(77)
[4276.742s][info][gc,heap        ] GC(543) Old regions: 243->250
[4276.742s][info][gc,heap        ] GC(543) Humongous regions: 33->33
[4276.742s][info][gc,metaspace   ] GC(543) Metaspace: 35828K(38144K)->35828K(38144K) NonClass: 26756K(27072K)->26756K(27072K) Class: 9071K(11072K)->9071K(11072K)
[4276.742s][info][gc             ] GC(543) Pause Young (Normal) (G1 Evacuation Pause) 7082M->2566M(8192M) 143.226ms
[4276.742s][info][gc,cpu         ] GC(543) User=1.13s Sys=0.00s Real=0.14s
......[4282.550s][info][gc,start       ] GC(544) Pause Young (Normal) (G1 Evacuation Pause)
[4282.551s][info][gc,task        ] GC(544) Using 8 workers of 8 for evacuation
[4282.694s][info][gc,phases      ] GC(544)   Pre Evacuate Collection Set: 0.25ms
[4282.694s][info][gc,phases      ] GC(544)   Merge Heap Roots: 0.54ms
[4282.694s][info][gc,phases      ] GC(544)   Evacuate Collection Set: 141.92ms
[4282.694s][info][gc,phases      ] GC(544)   Post Evacuate Collection Set: 1.04ms
[4282.694s][info][gc,phases      ] GC(544)   Other: 0.06ms
[4282.694s][info][gc,heap        ] GC(544) Eden regions: 572->0(572)
[4282.694s][info][gc,heap        ] GC(544) Survivor regions: 42->42(77)
[4282.694s][info][gc,heap        ] GC(544) Old regions: 250->257
[4282.694s][info][gc,heap        ] GC(544) Humongous regions: 33->33
[4282.694s][info][gc,metaspace   ] GC(544) Metaspace: 35828K(38144K)->35828K(38144K) NonClass: 26756K(27072K)->26756K(27072K) Class: 9071K(11072K)->9071K(11072K)
[4282.694s][info][gc             ] GC(544) Pause Young (Normal) (G1 Evacuation Pause) 7142M->2625M(8192M) 143.949ms
[4282.694s][info][gc,cpu         ] GC(544) User=1.14s Sys=0.00s Real=0.14s
.....[4288.465s][info][gc,start       ] GC(545) Pause Young (Normal) (G1 Evacuation Pause)
[4288.465s][info][gc,task        ] GC(545) Using 8 workers of 8 for evacuation
[4288.609s][info][gc,phases      ] GC(545)   Pre Evacuate Collection Set: 0.26ms
[4288.609s][info][gc,phases      ] GC(545)   Merge Heap Roots: 0.66ms
[4288.609s][info][gc,phases      ] GC(545)   Evacuate Collection Set: 141.71ms
[4288.609s][info][gc,phases      ] GC(545)   Post Evacuate Collection Set: 1.08ms
[4288.609s][info][gc,phases      ] GC(545)   Other: 0.06ms
[4288.609s][info][gc,heap        ] GC(545) Eden regions: 572->0(571)
[4288.609s][info][gc,heap        ] GC(545) Survivor regions: 42->43(77)
[4288.609s][info][gc,heap        ] GC(545) Old regions: 257->264
[4288.609s][info][gc,heap        ] GC(545) Humongous regions: 33->33
[4288.609s][info][gc,metaspace   ] GC(545) Metaspace: 35828K(38144K)->35828K(38144K) NonClass: 26756K(27072K)->26756K(27072K) Class: 9071K(11072K)->9071K(11072K)
[4288.609s][info][gc             ] GC(545) Pause Young (Normal) (G1 Evacuation Pause) 7201M->2689M(8192M) 143.893ms
[4288.609s][info][gc,cpu         ] GC(545) User=1.14s Sys=0.00s Real=0.15s
......[4294.416s][info][gc,start       ] GC(546) Pause Young (Normal) (G1 Evacuation Pause)
[4294.416s][info][gc,task        ] GC(546) Using 8 workers of 8 for evacuation
[4294.560s][info][gc,phases      ] GC(546)   Pre Evacuate Collection Set: 0.22ms
[4294.560s][info][gc,phases      ] GC(546)   Merge Heap Roots: 0.54ms
[4294.560s][info][gc,phases      ] GC(546)   Evacuate Collection Set: 141.88ms
[4294.560s][info][gc,phases      ] GC(546)   Post Evacuate Collection Set: 1.04ms
[4294.560s][info][gc,phases      ] GC(546)   Other: 0.07ms
[4294.560s][info][gc,heap        ] GC(546) Eden regions: 571->0(571)
[4294.560s][info][gc,heap        ] GC(546) Survivor regions: 43->43(77)
[4294.560s][info][gc,heap        ] GC(546) Old regions: 264->271
[4294.560s][info][gc,heap        ] GC(546) Humongous regions: 33->33
[4294.560s][info][gc,metaspace   ] GC(546) Metaspace: 35828K(38144K)->35828K(38144K) NonClass: 26756K(27072K)->26756K(27072K) Class: 9071K(11072K)->9071K(11072K)
[4294.560s][info][gc             ] GC(546) Pause Young (Normal) (G1 Evacuation Pause) 7257M->2741M(8192M) 143.876ms
[4294.560s][info][gc,cpu         ] GC(546) User=1.14s Sys=0.00s Real=0.15s
..... (rIR:aIR:PR = 6503:6504:6504) (tPR = 96665) [OK] 
  4298s: Performance info:
         Transaction,    Success,    Partial,     Failed,   Receipts, AvgBarcode, 
             Overall,     391036,          0,          0,     371460,      59.47, 
         Response times:
             Request,    Success,    Partial,     Failed,   SkipFail,     Probes,    Samples,      min,      p50,      p90,      p95,      p99,      max, 
       TotalPurchase,     371460,          0,          0,          0,     360773,     399084,      300,     4200,     7500,     9100,    43000,   162000,
     InStorePurchase,     195505,          0,          0,          0,     189831,     209403,      400,     4100,     7500,     9100,    44000,   160000,
      OnlinePurchase,     136814,          0,          0,          0,     133027,     147274,      300,     4200,     7600,     9100,    42000,   162000,
        InstPurchase,      39141,          0,          0,          0,      37915,      42407,      500,     4100,     7500,     8900,    41000,   161000,
          AssocOfCat,        393,          0,          0,          0,        327,        430,    26000,    35000,    44000,    49450,    82520,   202000,
      AssocOfProduct,       3912,          0,          0,          0,       3668,       4286,      500,     4400,     8000,    10100,    38000,   154000,
      BusinessReport,        981,          0,          0,          0,        868,       1064,    28000,    39000,    55000,    60750,   119000,   208000,
          CustBuyBeh,       3904,          0,          0,          0,       3636,       4237,      200,     3800,     7500,     9200,    43620,   157000,
       ProductReturn,      10386,          0,          0,          0,       9845,      11154,      200,     3800,     7600,     9400,    40450,   154000,

  4298s: (48%)   IR =   6642 .[4300.262s][info][gc,start       ] GC(547) Pause Young (Normal) (G1 Evacuation Pause)
[4300.262s][info][gc,task        ] GC(547) Using 8 workers of 8 for evacuation
[4300.408s][info][gc,phases      ] GC(547)   Pre Evacuate Collection Set: 0.25ms
[4300.408s][info][gc,phases      ] GC(547)   Merge Heap Roots: 0.64ms
[4300.408s][info][gc,phases      ] GC(547)   Evacuate Collection Set: 143.72ms
[4300.408s][info][gc,phases      ] GC(547)   Post Evacuate Collection Set: 1.06ms
[4300.408s][info][gc,phases      ] GC(547)   Other: 0.06ms
[4300.408s][info][gc,heap        ] GC(547) Eden regions: 571->0(571)
[4300.408s][info][gc,heap        ] GC(547) Survivor regions: 43->43(77)
[4300.408s][info][gc,heap        ] GC(547) Old regions: 271->278
[4300.408s][info][gc,heap        ] GC(547) Humongous regions: 33->33
[4300.408s][info][gc,metaspace   ] GC(547) Metaspace: 35828K(38144K)->35828K(38144K) NonClass: 26756K(27072K)->26756K(27072K) Class: 9071K(11072K)->9071K(11072K)
[4300.408s][info][gc             ] GC(547) Pause Young (Normal) (G1 Evacuation Pause) 7309M->2802M(8192M) 145.863ms
[4300.408s][info][gc,cpu         ] GC(547) User=1.16s Sys=0.00s Real=0.15s
....|..[4306.071s][info][gc,start       ] GC(548) Pause Young (Normal) (G1 Evacuation Pause)
[4306.071s][info][gc,task        ] GC(548) Using 8 workers of 8 for evacuation
[4306.217s][info][gc,phases      ] GC(548)   Pre Evacuate Collection Set: 0.29ms
[4306.217s][info][gc,phases      ] GC(548)   Merge Heap Roots: 0.56ms
[4306.217s][info][gc,phases      ] GC(548)   Evacuate Collection Set: 143.72ms
[4306.217s][info][gc,phases      ] GC(548)   Post Evacuate Collection Set: 1.06ms
[4306.217s][info][gc,phases      ] GC(548)   Other: 0.07ms
[4306.217s][info][gc,heap        ] GC(548) Eden regions: 571->0(568)
[4306.217s][info][gc,heap        ] GC(548) Survivor regions: 43->43(77)
[4306.217s][info][gc,heap        ] GC(548) Old regions: 278->285
[4306.217s][info][gc,heap        ] GC(548) Humongous regions: 33->33
[4306.217s][info][gc,metaspace   ] GC(548) Metaspace: 35828K(38144K)->35828K(38144K) NonClass: 26756K(27072K)->26756K(27072K) Class: 9071K(11072K)->9071K(11072K)
[4306.217s][info][gc             ] GC(548) Pause Young (Normal) (G1 Evacuation Pause) 7370M->2860M(8192M) 145.814ms
[4306.217s][info][gc,cpu         ] GC(548) User=1.15s Sys=0.00s Real=0.14s
......[4311.883s][info][gc,start       ] GC(549) Pause Young (Normal) (G1 Evacuation Pause)
[4311.883s][info][gc,task        ] GC(549) Using 8 workers of 8 for evacuation
[4312.028s][info][gc,phases      ] GC(549)   Pre Evacuate Collection Set: 0.24ms
[4312.028s][info][gc,phases      ] GC(549)   Merge Heap Roots: 0.55ms
[4312.028s][info][gc,phases      ] GC(549)   Evacuate Collection Set: 142.95ms
[4312.028s][info][gc,phases      ] GC(549)   Post Evacuate Collection Set: 1.05ms
[4312.028s][info][gc,phases      ] GC(549)   Other: 0.07ms
[4312.028s][info][gc,heap        ] GC(549) Eden regions: 568->0(559)
[4312.028s][info][gc,heap        ] GC(549) Survivor regions: 43->44(77)
[4312.028s][info][gc,heap        ] GC(549) Old regions: 285->292
[4312.028s][info][gc,heap        ] GC(549) Humongous regions: 33->33
[4312.028s][info][gc,metaspace   ] GC(549) Metaspace: 35828K(38144K)->35828K(38144K) NonClass: 26756K(27072K)->26756K(27072K) Class: 9071K(11072K)->9071K(11072K)
[4312.028s][info][gc             ] GC(549) Pause Young (Normal) (G1 Evacuation Pause) 7404M->2918M(8192M) 145.013ms
[4312.028s][info][gc,cpu         ] GC(549) User=1.15s Sys=0.00s Real=0.15s
.....[4317.451s][info][gc,start       ] GC(550) Pause Young (Normal) (G1 Evacuation Pause)
[4317.451s][info][gc,task        ] GC(550) Using 8 workers of 8 for evacuation
[4317.594s][info][gc,phases      ] GC(550)   Pre Evacuate Collection Set: 0.27ms
[4317.594s][info][gc,phases      ] GC(550)   Merge Heap Roots: 0.54ms
[4317.594s][info][gc,phases      ] GC(550)   Evacuate Collection Set: 141.20ms
[4317.594s][info][gc,phases      ] GC(550)   Post Evacuate Collection Set: 1.06ms
[4317.594s][info][gc,phases      ] GC(550)   Other: 0.07ms
[4317.594s][info][gc,heap        ] GC(550) Eden regions: 559->0(554)
[4317.594s][info][gc,heap        ] GC(550) Survivor regions: 44->43(76)
[4317.594s][info][gc,heap        ] GC(550) Old regions: 292->299
[4317.594s][info][gc,heap        ] GC(550) Humongous regions: 33->33
[4317.594s][info][gc,metaspace   ] GC(550) Metaspace: 35828K(38144K)->35828K(38144K) NonClass: 26756K(27072K)->26756K(27072K) Class: 9071K(11072K)->9071K(11072K)
[4317.594s][info][gc             ] GC(550) Pause Young (Normal) (G1 Evacuation Pause) 7390M->2968M(8192M) 143.290ms
[4317.594s][info][gc,cpu         ] GC(550) User=1.13s Sys=0.00s Real=0.14s
......[4323.058s][info][gc,start       ] GC(551) Pause Young (Normal) (G1 Evacuation Pause)
[4323.058s][info][gc,task        ] GC(551) Using 8 workers of 8 for evacuation
[4323.198s][info][gc,phases      ] GC(551)   Pre Evacuate Collection Set: 0.27ms
[4323.198s][info][gc,phases      ] GC(551)   Merge Heap Roots: 0.55ms
[4323.198s][info][gc,phases      ] GC(551)   Evacuate Collection Set: 138.08ms
[4323.198s][info][gc,phases      ] GC(551)   Post Evacuate Collection Set: 1.03ms
[4323.198s][info][gc,phases      ] GC(551)   Other: 0.08ms
[4323.198s][info][gc,heap        ] GC(551) Eden regions: 554->0(550)
[4323.198s][info][gc,heap        ] GC(551) Survivor regions: 43->41(75)
[4323.198s][info][gc,heap        ] GC(551) Old regions: 299->307
[4323.198s][info][gc,heap        ] GC(551) Humongous regions: 33->33
[4323.198s][info][gc,metaspace   ] GC(551) Metaspace: 35828K(38144K)->35828K(38144K) NonClass: 26756K(27072K)->26756K(27072K) Class: 9071K(11072K)->9071K(11072K)
[4323.198s][info][gc             ] GC(551) Pause Young (Normal) (G1 Evacuation Pause) 7400M->3016M(8192M) 140.148ms
[4323.198s][info][gc,cpu         ] GC(551) User=1.11s Sys=0.00s Real=0.14s
.....[4328.656s][info][gc,start       ] GC(552) Pause Young (Normal) (G1 Evacuation Pause)
[4328.656s][info][gc,task        ] GC(552) Using 8 workers of 8 for evacuation
[4328.798s][info][gc,phases      ] GC(552)   Pre Evacuate Collection Set: 0.28ms
[4328.798s][info][gc,phases      ] GC(552)   Merge Heap Roots: 0.67ms
[4328.798s][info][gc,phases      ] GC(552)   Evacuate Collection Set: 139.79ms
[4328.798s][info][gc,phases      ] GC(552)   Post Evacuate Collection Set: 0.99ms
[4328.798s][info][gc,phases      ] GC(552)   Other: 0.06ms
[4328.798s][info][gc,heap        ] GC(552) Eden regions: 550->0(539)
[4328.798s][info][gc,heap        ] GC(552) Survivor regions: 41->43(74)
[4328.798s][info][gc,heap        ] GC(552) Old regions: 307->314
[4328.798s][info][gc,heap        ] GC(552) Humongous regions: 33->33
[4328.798s][info][gc,metaspace   ] GC(552) Metaspace: 35828K(38144K)->35828K(38144K) NonClass: 26756K(27072K)->26756K(27072K) Class: 9071K(11072K)->9071K(11072K)
[4328.798s][info][gc             ] GC(552) Pause Young (Normal) (G1 Evacuation Pause) 7416M->3087M(8192M) 141.938ms
[4328.798s][info][gc,cpu         ] GC(552) User=1.12s Sys=0.00s Real=0.15s
......[4334.090s][info][gc,start       ] GC(553) Pause Young (Concurrent Start) (G1 Evacuation Pause)
[4334.090s][info][gc,task        ] GC(553) Using 8 workers of 8 for evacuation
[4334.232s][info][gc,phases      ] GC(553)   Pre Evacuate Collection Set: 0.32ms
[4334.232s][info][gc,phases      ] GC(553)   Merge Heap Roots: 0.62ms
[4334.232s][info][gc,phases      ] GC(553)   Evacuate Collection Set: 140.35ms
[4334.232s][info][gc,phases      ] GC(553)   Post Evacuate Collection Set: 1.02ms
[4334.232s][info][gc,phases      ] GC(553)   Other: 0.10ms
[4334.232s][info][gc,heap        ] GC(553) Eden regions: 539->0(533)
[4334.232s][info][gc,heap        ] GC(553) Survivor regions: 43->42(73)
[4334.232s][info][gc,heap        ] GC(553) Old regions: 314->322
[4334.232s][info][gc,heap        ] GC(553) Humongous regions: 33->33
[4334.232s][info][gc,metaspace   ] GC(553) Metaspace: 35828K(38144K)->35828K(38144K) NonClass: 26756K(27072K)->26756K(27072K) Class: 9071K(11072K)->9071K(11072K)
[4334.232s][info][gc             ] GC(553) Pause Young (Concurrent Start) (G1 Evacuation Pause) 7399M->3144M(8192M) 142.507ms
[4334.232s][info][gc             ] GC(554) Concurrent Mark Cycle
[4334.232s][info][gc,marking     ] GC(554) Concurrent Scan Root Regions
[4334.232s][info][gc,cpu         ] GC(553) User=1.13s Sys=0.00s Real=0.14s
[4334.527s][info][gc,marking     ] GC(554) Concurrent Scan Root Regions 295.039ms
[4334.527s][info][gc,marking     ] GC(554) Concurrent Mark
[4334.527s][info][gc,marking     ] GC(554) Concurrent Mark From Roots
[4334.527s][info][gc,task        ] GC(554) Using 2 workers of 2 for marking
.[4335.193s][info][gc,marking     ] GC(554) Concurrent Mark From Roots 665.907ms
[4335.193s][info][gc,marking     ] GC(554) Concurrent Preclean
[4335.194s][info][gc,marking     ] GC(554) Concurrent Preclean 0.109ms
[4335.194s][info][gc,start       ] GC(554) Pause Remark
[4335.195s][info][gc             ] GC(554) Pause Remark 3997M->3349M(8192M) 1.687ms
[4335.195s][info][gc,cpu         ] GC(554) User=0.01s Sys=0.00s Real=0.00s
[4335.195s][info][gc,marking     ] GC(554) Concurrent Mark 667.941ms
[4335.195s][info][gc,marking     ] GC(554) Concurrent Rebuild Remembered Sets and Scrub Regions
[4335.594s][info][gc,marking     ] GC(554) Concurrent Rebuild Remembered Sets and Scrub Regions 398.911ms
[4335.594s][info][gc,start       ] GC(554) Pause Cleanup
[4335.595s][info][gc             ] GC(554) Pause Cleanup 3640M->3640M(8192M) 0.267ms
[4335.595s][info][gc,cpu         ] GC(554) User=0.00s Sys=0.00s Real=0.00s
[4335.595s][info][gc,marking     ] GC(554) Concurrent Clear Claimed Marks
[4335.595s][info][gc,marking     ] GC(554) Concurrent Clear Claimed Marks 0.047ms
[4335.595s][info][gc,marking     ] GC(554) Concurrent Cleanup for Next Mark
[4335.604s][info][gc,marking     ] GC(554) Concurrent Cleanup for Next Mark 9.208ms
[4335.604s][info][gc             ] GC(554) Concurrent Mark Cycle 1371.783ms
....[4339.514s][info][gc,start       ] GC(555) Pause Young (Prepare Mixed) (G1 Evacuation Pause)
[4339.514s][info][gc,task        ] GC(555) Using 8 workers of 8 for evacuation
[4339.654s][info][gc,phases      ] GC(555)   Pre Evacuate Collection Set: 0.30ms
[4339.654s][info][gc,phases      ] GC(555)   Merge Heap Roots: 0.69ms
[4339.654s][info][gc,phases      ] GC(555)   Evacuate Collection Set: 137.72ms
[4339.654s][info][gc,phases      ] GC(555)   Post Evacuate Collection Set: 1.13ms
[4339.654s][info][gc,phases      ] GC(555)   Other: 0.08ms
[4339.654s][info][gc,heap        ] GC(555) Eden regions: 533->0(573)
[4339.654s][info][gc,heap        ] GC(555) Survivor regions: 42->41(72)
[4339.654s][info][gc,heap        ] GC(555) Old regions: 241->248
[4339.654s][info][gc,heap        ] GC(555) Humongous regions: 33->33
[4339.654s][info][gc,metaspace   ] GC(555) Metaspace: 35828K(38144K)->35828K(38144K) NonClass: 26756K(27072K)->26756K(27072K) Class: 9071K(11072K)->9071K(11072K)
[4339.654s][info][gc             ] GC(555) Pause Young (Prepare Mixed) (G1 Evacuation Pause) 6760M->2544M(8192M) 140.035ms
[4339.654s][info][gc,cpu         ] GC(555) User=1.11s Sys=0.00s Real=0.14s
......[4345.376s][info][gc,start       ] GC(556) Pause Young (Mixed) (G1 Evacuation Pause)
[4345.376s][info][gc,task        ] GC(556) Using 8 workers of 8 for evacuation
[4345.525s][info][gc,phases      ] GC(556)   Pre Evacuate Collection Set: 0.29ms
[4345.525s][info][gc,phases      ] GC(556)   Merge Heap Roots: 1.01ms
[4345.525s][info][gc,phases      ] GC(556)   Evacuate Collection Set: 145.86ms
[4345.525s][info][gc,phases      ] GC(556)   Post Evacuate Collection Set: 1.31ms
[4345.525s][info][gc,phases      ] GC(556)   Other: 0.08ms
[4345.525s][info][gc,heap        ] GC(556) Eden regions: 573->0(573)
[4345.525s][info][gc,heap        ] GC(556) Survivor regions: 41->41(77)
[4345.525s][info][gc,heap        ] GC(556) Old regions: 248->154
[4345.525s][info][gc,heap        ] GC(556) Humongous regions: 33->33
[4345.525s][info][gc,metaspace   ] GC(556) Metaspace: 35828K(38144K)->35828K(38144K) NonClass: 26756K(27072K)->26756K(27072K) Class: 9071K(11072K)->9071K(11072K)
[4345.525s][info][gc             ] GC(556) Pause Young (Mixed) (G1 Evacuation Pause) 7128M->1793M(8192M) 148.678ms
[4345.525s][info][gc,cpu         ] GC(556) User=1.17s Sys=0.00s Real=0.15s
......[4351.169s][info][gc,start       ] GC(557) Pause Young (Mixed) (G1 Evacuation Pause)
[4351.169s][info][gc,task        ] GC(557) Using 8 workers of 8 for evacuation
[4351.320s][info][gc,phases      ] GC(557)   Pre Evacuate Collection Set: 0.27ms
[4351.320s][info][gc,phases      ] GC(557)   Merge Heap Roots: 0.87ms
[4351.320s][info][gc,phases      ] GC(557)   Evacuate Collection Set: 148.61ms
[4351.320s][info][gc,phases      ] GC(557)   Post Evacuate Collection Set: 1.07ms
[4351.320s][info][gc,phases      ] GC(557)   Other: 0.07ms
[4351.320s][info][gc,heap        ] GC(557) Eden regions: 573->0(571)
[4351.320s][info][gc,heap        ] GC(557) Survivor regions: 41->43(77)
[4351.320s][info][gc,heap        ] GC(557) Old regions: 154->142
[4351.320s][info][gc,heap        ] GC(557) Humongous regions: 33->33
[4351.320s][info][gc,metaspace   ] GC(557) Metaspace: 35828K(38144K)->35828K(38144K) NonClass: 26756K(27072K)->26756K(27072K) Class: 9071K(11072K)->9071K(11072K)
[4351.320s][info][gc             ] GC(557) Pause Young (Mixed) (G1 Evacuation Pause) 6377M->1710M(8192M) 151.010ms
[4351.320s][info][gc,cpu         ] GC(557) User=1.19s Sys=0.00s Real=0.15s
......[4356.945s][info][gc,start       ] GC(558) Pause Young (Normal) (G1 Evacuation Pause)
[4356.945s][info][gc,task        ] GC(558) Using 8 workers of 8 for evacuation
[4357.088s][info][gc,phases      ] GC(558)   Pre Evacuate Collection Set: 0.28ms
[4357.088s][info][gc,phases      ] GC(558)   Merge Heap Roots: 0.55ms
[4357.088s][info][gc,phases      ] GC(558)   Evacuate Collection Set: 141.46ms
[4357.088s][info][gc,phases      ] GC(558)   Post Evacuate Collection Set: 1.08ms
[4357.088s][info][gc,phases      ] GC(558)   Other: 0.07ms
[4357.088s][info][gc,heap        ] GC(558) Eden regions: 571->0(571)
[4357.088s][info][gc,heap        ] GC(558) Survivor regions: 43->43(77)
[4357.088s][info][gc,heap        ] GC(558) Old regions: 142->150
[4357.088s][info][gc,heap        ] GC(558) Humongous regions: 33->33
[4357.088s][info][gc,metaspace   ] GC(558) Metaspace: 35828K(38144K)->35828K(38144K) NonClass: 26756K(27072K)->26756K(27072K) Class: 9071K(11072K)->9071K(11072K)
[4357.088s][info][gc             ] GC(558) Pause Young (Normal) (G1 Evacuation Pause) 6278M->1773M(8192M) 143.569ms
[4357.088s][info][gc,cpu         ] GC(558) User=1.13s Sys=0.00s Real=0.15s
.....[4362.769s][info][gc,start       ] GC(559) Pause Young (Normal) (G1 Evacuation Pause)
[4362.769s][info][gc,task        ] GC(559) Using 8 workers of 8 for evacuation
[4362.918s][info][gc,phases      ] GC(559)   Pre Evacuate Collection Set: 0.25ms
[4362.918s][info][gc,phases      ] GC(559)   Merge Heap Roots: 0.64ms
[4362.918s][info][gc,phases      ] GC(559)   Evacuate Collection Set: 147.05ms
[4362.918s][info][gc,phases      ] GC(559)   Post Evacuate Collection Set: 1.02ms
[4362.918s][info][gc,phases      ] GC(559)   Other: 0.06ms
[4362.918s][info][gc,heap        ] GC(559) Eden regions: 571->0(570)
[4362.918s][info][gc,heap        ] GC(559) Survivor regions: 43->44(77)
[4362.918s][info][gc,heap        ] GC(559) Old regions: 150->157
[4362.918s][info][gc,heap        ] GC(559) Humongous regions: 33->33
[4362.918s][info][gc,metaspace   ] GC(559) Metaspace: 35828K(38144K)->35828K(38144K) NonClass: 26756K(27072K)->26756K(27072K) Class: 9071K(11072K)->9071K(11072K)
[4362.918s][info][gc             ] GC(559) Pause Young (Normal) (G1 Evacuation Pause) 6341M->1841M(8192M) 149.169ms
[4362.918s][info][gc,cpu         ] GC(559) User=1.18s Sys=0.00s Real=0.15s
.. (rIR:aIR:PR = 6642:6634:6634) (tPR = 98569) [OK] 
  4363s: Performance info:
         Transaction,    Success,    Partial,     Failed,   Receipts, AvgBarcode, 
             Overall,     399558,          0,          0,     379565,      59.47, 
         Response times:
             Request,    Success,    Partial,     Failed,   SkipFail,     Probes,    Samples,      min,      p50,      p90,      p95,      p99,      max, 
       TotalPurchase,     379565,          0,          0,          0,     360780,     391810,      400,     4400,     8100,    11900,    62000,   320000,
     InStorePurchase,     199636,          0,          0,          0,     189820,     205892,      400,     4300,     8000,    11700,    60000,   320000,
      OnlinePurchase,     139969,          0,          0,          0,     133277,     144649,      400,     4400,     8100,    11900,    65000,   319000,
        InstPurchase,      39960,          0,          0,          0,      37683,      41269,      500,     4400,     8200,    12600,    61000,   286000,
          AssocOfCat,        397,          0,          0,          0,        326,        418,    28000,    36000,    48000,    56000,   133210,   208000,
      AssocOfProduct,       3993,          0,          0,          0,       3698,       4259,      500,     4600,     8500,    11200,    65000,   158000,
      BusinessReport,       1000,          0,          0,          0,        877,       1089,    27000,    40000,    59000,    90000,   179000,   249000,
          CustBuyBeh,       4008,          0,          0,          0,       3726,       4257,      300,     4100,     7700,    11500,    62000,   266000,
       ProductReturn,      10595,          0,          0,          0,      10116,      11322,      300,     4400,     8000,    13085,    62000,   310000,

  4363s: (49%)   IR =   6780 ....|[4368.425s][info][gc,start       ] GC(560) Pause Young (Normal) (G1 Evacuation Pause)
[4368.426s][info][gc,task        ] GC(560) Using 8 workers of 8 for evacuation
[4368.569s][info][gc,phases      ] GC(560)   Pre Evacuate Collection Set: 0.25ms
[4368.569s][info][gc,phases      ] GC(560)   Merge Heap Roots: 0.57ms
[4368.569s][info][gc,phases      ] GC(560)   Evacuate Collection Set: 141.11ms
[4368.569s][info][gc,phases      ] GC(560)   Post Evacuate Collection Set: 1.11ms
[4368.569s][info][gc,phases      ] GC(560)   Other: 0.08ms
[4368.569s][info][gc,heap        ] GC(560) Eden regions: 570->0(571)
[4368.569s][info][gc,heap        ] GC(560) Survivor regions: 44->43(77)
[4368.569s][info][gc,heap        ] GC(560) Old regions: 157->164
[4368.569s][info][gc,heap        ] GC(560) Humongous regions: 33->33
[4368.569s][info][gc,metaspace   ] GC(560) Metaspace: 35828K(38144K)->35828K(38144K) NonClass: 26756K(27072K)->26756K(27072K) Class: 9071K(11072K)->9071K(11072K)
[4368.569s][info][gc             ] GC(560) Pause Young (Normal) (G1 Evacuation Pause) 6401M->1890M(8192M) 143.243ms
[4368.569s][info][gc,cpu         ] GC(560) User=1.13s Sys=0.00s Real=0.15s
......[4374.115s][info][gc,start       ] GC(561) Pause Young (Normal) (G1 Evacuation Pause)
[4374.115s][info][gc,task        ] GC(561) Using 8 workers of 8 for evacuation
[4374.259s][info][gc,phases      ] GC(561)   Pre Evacuate Collection Set: 0.25ms
[4374.259s][info][gc,phases      ] GC(561)   Merge Heap Roots: 0.53ms
[4374.259s][info][gc,phases      ] GC(561)   Evacuate Collection Set: 141.70ms
[4374.259s][info][gc,phases      ] GC(561)   Post Evacuate Collection Set: 1.11ms
[4374.259s][info][gc,phases      ] GC(561)   Other: 0.07ms
[4374.259s][info][gc,heap        ] GC(561) Eden regions: 571->0(572)
[4374.259s][info][gc,heap        ] GC(561) Survivor regions: 43->42(77)
[4374.259s][info][gc,heap        ] GC(561) Old regions: 164->171
[4374.259s][info][gc,heap        ] GC(561) Humongous regions: 33->33
[4374.259s][info][gc,metaspace   ] GC(561) Metaspace: 35828K(38144K)->35828K(38144K) NonClass: 26756K(27072K)->26756K(27072K) Class: 9071K(11072K)->9071K(11072K)
[4374.259s][info][gc             ] GC(561) Pause Young (Normal) (G1 Evacuation Pause) 6458M->1934M(8192M) 143.803ms
[4374.259s][info][gc,cpu         ] GC(561) User=1.14s Sys=0.00s Real=0.15s
.....[4379.782s][info][gc,start       ] GC(562) Pause Young (Normal) (G1 Evacuation Pause)
[4379.782s][info][gc,task        ] GC(562) Using 8 workers of 8 for evacuation
[4379.927s][info][gc,phases      ] GC(562)   Pre Evacuate Collection Set: 0.25ms
[4379.927s][info][gc,phases      ] GC(562)   Merge Heap Roots: 0.55ms
[4379.927s][info][gc,phases      ] GC(562)   Evacuate Collection Set: 142.91ms
[4379.927s][info][gc,phases      ] GC(562)   Post Evacuate Collection Set: 1.08ms
[4379.927s][info][gc,phases      ] GC(562)   Other: 0.06ms
[4379.927s][info][gc,heap        ] GC(562) Eden regions: 572->0(572)
[4379.927s][info][gc,heap        ] GC(562) Survivor regions: 42->42(77)
[4379.927s][info][gc,heap        ] GC(562) Old regions: 171->178
[4379.927s][info][gc,heap        ] GC(562) Humongous regions: 33->33
[4379.927s][info][gc,metaspace   ] GC(562) Metaspace: 35828K(38144K)->35828K(38144K) NonClass: 26756K(27072K)->26756K(27072K) Class: 9071K(11072K)->9071K(11072K)
[4379.927s][info][gc             ] GC(562) Pause Young (Normal) (G1 Evacuation Pause) 6510M->1994M(8192M) 144.983ms
[4379.927s][info][gc,cpu         ] GC(562) User=1.15s Sys=0.00s Real=0.15s
......[4385.466s][info][gc,start       ] GC(563) Pause Young (Normal) (G1 Evacuation Pause)
[4385.466s][info][gc,task        ] GC(563) Using 8 workers of 8 for evacuation
[4385.614s][info][gc,phases      ] GC(563)   Pre Evacuate Collection Set: 0.27ms
[4385.614s][info][gc,phases      ] GC(563)   Merge Heap Roots: 0.58ms
[4385.614s][info][gc,phases      ] GC(563)   Evacuate Collection Set: 145.82ms
[4385.614s][info][gc,phases      ] GC(563)   Post Evacuate Collection Set: 1.04ms
[4385.614s][info][gc,phases      ] GC(563)   Other: 0.08ms
[4385.614s][info][gc,heap        ] GC(563) Eden regions: 572->0(570)
[4385.614s][info][gc,heap        ] GC(563) Survivor regions: 42->44(77)
[4385.614s][info][gc,heap        ] GC(563) Old regions: 178->185
[4385.614s][info][gc,heap        ] GC(563) Humongous regions: 33->33
[4385.614s][info][gc,metaspace   ] GC(563) Metaspace: 35828K(38144K)->35828K(38144K) NonClass: 26756K(27072K)->26756K(27072K) Class: 9071K(11072K)->9071K(11072K)
[4385.614s][info][gc             ] GC(563) Pause Young (Normal) (G1 Evacuation Pause) 6570M->2062M(8192M) 147.920ms
[4385.614s][info][gc,cpu         ] GC(563) User=1.17s Sys=0.00s Real=0.15s
......[4391.119s][info][gc,start       ] GC(564) Pause Young (Normal) (G1 Evacuation Pause)
[4391.119s][info][gc,task        ] GC(564) Using 8 workers of 8 for evacuation
[4391.259s][info][gc,phases      ] GC(564)   Pre Evacuate Collection Set: 0.26ms
[4391.259s][info][gc,phases      ] GC(564)   Merge Heap Roots: 0.54ms
[4391.259s][info][gc,phases      ] GC(564)   Evacuate Collection Set: 138.52ms
[4391.259s][info][gc,phases      ] GC(564)   Post Evacuate Collection Set: 1.05ms
[4391.259s][info][gc,phases      ] GC(564)   Other: 0.07ms
[4391.259s][info][gc,heap        ] GC(564) Eden regions: 570->0(571)
[4391.259s][info][gc,heap        ] GC(564) Survivor regions: 44->43(77)
[4391.259s][info][gc,heap        ] GC(564) Old regions: 185->192
[4391.259s][info][gc,heap        ] GC(564) Humongous regions: 33->33
[4391.259s][info][gc,metaspace   ] GC(564) Metaspace: 35828K(38144K)->35828K(38144K) NonClass: 26756K(27072K)->26756K(27072K) Class: 9071K(11072K)->9071K(11072K)
[4391.259s][info][gc             ] GC(564) Pause Young (Normal) (G1 Evacuation Pause) 6622M->2111M(8192M) 140.575ms
[4391.259s][info][gc,cpu         ] GC(564) User=1.11s Sys=0.00s Real=0.14s
.....[4396.843s][info][gc,start       ] GC(565) Pause Young (Normal) (G1 Evacuation Pause)
[4396.843s][info][gc,task        ] GC(565) Using 8 workers of 8 for evacuation
[4396.987s][info][gc,phases      ] GC(565)   Pre Evacuate Collection Set: 0.24ms
[4396.987s][info][gc,phases      ] GC(565)   Merge Heap Roots: 0.54ms
[4396.987s][info][gc,phases      ] GC(565)   Evacuate Collection Set: 142.36ms
[4396.987s][info][gc,phases      ] GC(565)   Post Evacuate Collection Set: 1.06ms
[4396.987s][info][gc,phases      ] GC(565)   Other: 0.07ms
[4396.987s][info][gc,heap        ] GC(565) Eden regions: 571->0(571)
[4396.987s][info][gc,heap        ] GC(565) Survivor regions: 43->43(77)
[4396.987s][info][gc,heap        ] GC(565) Old regions: 192->199
[4396.987s][info][gc,heap        ] GC(565) Humongous regions: 33->33
[4396.987s][info][gc,metaspace   ] GC(565) Metaspace: 35828K(38144K)->35828K(38144K) NonClass: 26756K(27072K)->26756K(27072K) Class: 9071K(11072K)->9071K(11072K)
[4396.987s][info][gc             ] GC(565) Pause Young (Normal) (G1 Evacuation Pause) 6679M->2165M(8192M) 144.414ms
[4396.987s][info][gc,cpu         ] GC(565) User=1.15s Sys=0.00s Real=0.15s
......[4402.492s][info][gc,start       ] GC(566) Pause Young (Normal) (G1 Evacuation Pause)
[4402.492s][info][gc,task        ] GC(566) Using 8 workers of 8 for evacuation
[4402.640s][info][gc,phases      ] GC(566)   Pre Evacuate Collection Set: 0.25ms
[4402.640s][info][gc,phases      ] GC(566)   Merge Heap Roots: 0.54ms
[4402.640s][info][gc,phases      ] GC(566)   Evacuate Collection Set: 146.12ms
[4402.640s][info][gc,phases      ] GC(566)   Post Evacuate Collection Set: 1.06ms
[4402.640s][info][gc,phases      ] GC(566)   Other: 0.06ms
[4402.640s][info][gc,heap        ] GC(566) Eden regions: 571->0(570)
[4402.640s][info][gc,heap        ] GC(566) Survivor regions: 43->44(77)
[4402.640s][info][gc,heap        ] GC(566) Old regions: 199->206
[4402.640s][info][gc,heap        ] GC(566) Humongous regions: 33->33
[4402.640s][info][gc,metaspace   ] GC(566) Metaspace: 35828K(38144K)->35828K(38144K) NonClass: 26756K(27072K)->26756K(27072K) Class: 9071K(11072K)->9071K(11072K)
[4402.640s][info][gc             ] GC(566) Pause Young (Normal) (G1 Evacuation Pause) 6733M->2229M(8192M) 148.161ms
[4402.640s][info][gc,cpu         ] GC(566) User=1.17s Sys=0.00s Real=0.15s
......[4408.123s][info][gc,start       ] GC(567) Pause Young (Normal) (G1 Evacuation Pause)
[4408.123s][info][gc,task        ] GC(567) Using 8 workers of 8 for evacuation
[4408.270s][info][gc,phases      ] GC(567)   Pre Evacuate Collection Set: 0.28ms
[4408.270s][info][gc,phases      ] GC(567)   Merge Heap Roots: 0.55ms
[4408.270s][info][gc,phases      ] GC(567)   Evacuate Collection Set: 144.19ms
[4408.270s][info][gc,phases      ] GC(567)   Post Evacuate Collection Set: 1.09ms
[4408.270s][info][gc,phases      ] GC(567)   Other: 0.06ms
[4408.270s][info][gc,heap        ] GC(567) Eden regions: 570->0(572)
[4408.270s][info][gc,heap        ] GC(567) Survivor regions: 44->42(77)
[4408.270s][info][gc,heap        ] GC(567) Old regions: 206->213
[4408.270s][info][gc,heap        ] GC(567) Humongous regions: 33->33
[4408.270s][info][gc,metaspace   ] GC(567) Metaspace: 35828K(38144K)->35828K(38144K) NonClass: 26756K(27072K)->26756K(27072K) Class: 9071K(11072K)->9071K(11072K)
[4408.270s][info][gc             ] GC(567) Pause Young (Normal) (G1 Evacuation Pause) 6789M->2276M(8192M) 146.300ms
[4408.270s][info][gc,cpu         ] GC(567) User=1.16s Sys=0.00s Real=0.15s
.....[4413.858s][info][gc,start       ] GC(568) Pause Young (Normal) (G1 Evacuation Pause)
[4413.858s][info][gc,task        ] GC(568) Using 8 workers of 8 for evacuation
[4414.007s][info][gc,phases      ] GC(568)   Pre Evacuate Collection Set: 0.26ms
[4414.007s][info][gc,phases      ] GC(568)   Merge Heap Roots: 0.54ms
[4414.007s][info][gc,phases      ] GC(568)   Evacuate Collection Set: 146.89ms
[4414.007s][info][gc,phases      ] GC(568)   Post Evacuate Collection Set: 1.05ms
[4414.007s][info][gc,phases      ] GC(568)   Other: 0.06ms
[4414.007s][info][gc,heap        ] GC(568) Eden regions: 572->0(570)
[4414.007s][info][gc,heap        ] GC(568) Survivor regions: 42->44(77)
[4414.007s][info][gc,heap        ] GC(568) Old regions: 213->221
[4414.007s][info][gc,heap        ] GC(568) Humongous regions: 33->33
[4414.007s][info][gc,metaspace   ] GC(568) Metaspace: 35828K(38144K)->35828K(38144K) NonClass: 26756K(27072K)->26756K(27072K) Class: 9071K(11072K)->9071K(11072K)
[4414.007s][info][gc             ] GC(568) Pause Young (Normal) (G1 Evacuation Pause) 6852M->2346M(8192M) 148.945ms
[4414.007s][info][gc,cpu         ] GC(568) User=1.18s Sys=0.00s Real=0.14s
......[4419.555s][info][gc,start       ] GC(569) Pause Young (Normal) (G1 Evacuation Pause)
[4419.555s][info][gc,task        ] GC(569) Using 8 workers of 8 for evacuation
[4419.698s][info][gc,phases      ] GC(569)   Pre Evacuate Collection Set: 0.25ms
[4419.698s][info][gc,phases      ] GC(569)   Merge Heap Roots: 0.60ms
[4419.698s][info][gc,phases      ] GC(569)   Evacuate Collection Set: 141.24ms
[4419.698s][info][gc,phases      ] GC(569)   Post Evacuate Collection Set: 1.08ms
[4419.698s][info][gc,phases      ] GC(569)   Other: 0.06ms
[4419.698s][info][gc,heap        ] GC(569) Eden regions: 570->0(572)
[4419.698s][info][gc,heap        ] GC(569) Survivor regions: 44->42(77)
[4419.698s][info][gc,heap        ] GC(569) Old regions: 221->228
[4419.698s][info][gc,heap        ] GC(569) Humongous regions: 33->33
[4419.698s][info][gc,metaspace   ] GC(569) Metaspace: 35828K(38144K)->35828K(38144K) NonClass: 26756K(27072K)->26756K(27072K) Class: 9071K(11072K)->9071K(11072K)
[4419.698s][info][gc             ] GC(569) Pause Young (Normal) (G1 Evacuation Pause) 6906M->2390M(8192M) 143.363ms
[4419.698s][info][gc,cpu         ] GC(569) User=1.13s Sys=0.00s Real=0.15s
......[4425.145s][info][gc,start       ] GC(570) Pause Young (Normal) (G1 Evacuation Pause)
[4425.145s][info][gc,task        ] GC(570) Using 8 workers of 8 for evacuation
[4425.290s][info][gc,phases      ] GC(570)   Pre Evacuate Collection Set: 0.25ms
[4425.290s][info][gc,phases      ] GC(570)   Merge Heap Roots: 0.55ms
[4425.290s][info][gc,phases      ] GC(570)   Evacuate Collection Set: 142.88ms
[4425.290s][info][gc,phases      ] GC(570)   Post Evacuate Collection Set: 1.03ms
[4425.290s][info][gc,phases      ] GC(570)   Other: 0.06ms
[4425.290s][info][gc,heap        ] GC(570) Eden regions: 572->0(571)
[4425.290s][info][gc,heap        ] GC(570) Survivor regions: 42->43(77)
[4425.290s][info][gc,heap        ] GC(570) Old regions: 228->235
[4425.290s][info][gc,heap        ] GC(570) Humongous regions: 33->33
[4425.290s][info][gc,metaspace   ] GC(570) Metaspace: 35828K(38144K)->35828K(38144K) NonClass: 26756K(27072K)->26756K(27072K) Class: 9071K(11072K)->9071K(11072K)
[4425.290s][info][gc             ] GC(570) Pause Young (Normal) (G1 Evacuation Pause) 6966M->2456M(8192M) 144.892ms
[4425.290s][info][gc,cpu         ] GC(570) User=1.15s Sys=0.00s Real=0.15s
... (rIR:aIR:PR = 6780:6781:6781) (tPR = 99967) [OK] 
  4427s: Performance info:
         Transaction,    Success,    Partial,     Failed,   Receipts, AvgBarcode, 
             Overall,     407090,          0,          0,     386715,      59.48, 
         Response times:
             Request,    Success,    Partial,     Failed,   SkipFail,     Probes,    Samples,      min,      p50,      p90,      p95,      p99,      max, 
       TotalPurchase,     386712,          0,          0,          0,     360040,     386051,      300,     4500,     8200,    11200,    58000,   340000,
     InStorePurchase,     203839,          0,          0,          0,     188600,     201958,      400,     4400,     8200,    11100,    57000,   340000,
      OnlinePurchase,     142169,          0,          0,          0,     133130,     142504,      300,     4500,     8200,    11200,    59000,   340000,
        InstPurchase,      40704,          0,          0,          0,      38310,      41589,      500,     4600,     8300,    11500,    59000,   340000,
          AssocOfCat,        405,          0,          0,          0,        342,        444,    27000,    37000,    53000,    72000,   130500,   218000,
      AssocOfProduct,       4078,          0,          0,          0,       3806,       4289,      600,     5200,     8600,    11400,    62100,   156000,
      BusinessReport,       1016,          0,          0,          0,        868,       1022,    26000,    40000,    59000,    94400,   128620,   367000,
          CustBuyBeh,       4071,          0,          0,          0,       3759,       4243,      300,     4300,     8200,    18000,    67000,   198000,
       ProductReturn,      10801,          0,          0,          0,      10269,      11257,      200,     4300,     8100,    10900,    62000,   194000,

  4427s: (50%)   IR =   6918 ..[4430.799s][info][gc,start       ] GC(571) Pause Young (Normal) (G1 Evacuation Pause)
[4430.799s][info][gc,task        ] GC(571) Using 8 workers of 8 for evacuation
[4430.945s][info][gc,phases      ] GC(571)   Pre Evacuate Collection Set: 0.25ms
[4430.945s][info][gc,phases      ] GC(571)   Merge Heap Roots: 0.55ms
[4430.945s][info][gc,phases      ] GC(571)   Evacuate Collection Set: 143.81ms
[4430.945s][info][gc,phases      ] GC(571)   Post Evacuate Collection Set: 1.10ms
[4430.945s][info][gc,phases      ] GC(571)   Other: 0.06ms
[4430.945s][info][gc,heap        ] GC(571) Eden regions: 571->0(571)
[4430.945s][info][gc,heap        ] GC(571) Survivor regions: 43->43(77)
[4430.945s][info][gc,heap        ] GC(571) Old regions: 235->242
[4430.945s][info][gc,heap        ] GC(571) Humongous regions: 33->33
[4430.945s][info][gc,metaspace   ] GC(571) Metaspace: 35828K(38144K)->35828K(38144K) NonClass: 26756K(27072K)->26756K(27072K) Class: 9071K(11072K)->9071K(11072K)
[4430.945s][info][gc             ] GC(571) Pause Young (Normal) (G1 Evacuation Pause) 7024M->2514M(8192M) 145.909ms
[4430.945s][info][gc,cpu         ] GC(571) User=1.15s Sys=0.00s Real=0.14s
.....|.[4436.386s][info][gc,start       ] GC(572) Pause Young (Normal) (G1 Evacuation Pause)
[4436.386s][info][gc,task        ] GC(572) Using 8 workers of 8 for evacuation
[4436.530s][info][gc,phases      ] GC(572)   Pre Evacuate Collection Set: 0.28ms
[4436.530s][info][gc,phases      ] GC(572)   Merge Heap Roots: 0.69ms
[4436.530s][info][gc,phases      ] GC(572)   Evacuate Collection Set: 141.74ms
[4436.530s][info][gc,phases      ] GC(572)   Post Evacuate Collection Set: 1.06ms
[4436.530s][info][gc,phases      ] GC(572)   Other: 0.07ms
[4436.530s][info][gc,heap        ] GC(572) Eden regions: 571->0(571)
[4436.530s][info][gc,heap        ] GC(572) Survivor regions: 43->43(77)
[4436.530s][info][gc,heap        ] GC(572) Old regions: 242->249
[4436.530s][info][gc,heap        ] GC(572) Humongous regions: 33->33
[4436.530s][info][gc,metaspace   ] GC(572) Metaspace: 35828K(38144K)->35828K(38144K) NonClass: 26756K(27072K)->26756K(27072K) Class: 9071K(11072K)->9071K(11072K)
[4436.530s][info][gc             ] GC(572) Pause Young (Normal) (G1 Evacuation Pause) 7082M->2568M(8192M) 143.969ms
[4436.530s][info][gc,cpu         ] GC(572) User=1.14s Sys=0.00s Real=0.15s
.....[4441.960s][info][gc,start       ] GC(573) Pause Young (Normal) (G1 Evacuation Pause)
[4441.960s][info][gc,task        ] GC(573) Using 8 workers of 8 for evacuation
[4442.103s][info][gc,phases      ] GC(573)   Pre Evacuate Collection Set: 0.28ms
[4442.103s][info][gc,phases      ] GC(573)   Merge Heap Roots: 0.54ms
[4442.103s][info][gc,phases      ] GC(573)   Evacuate Collection Set: 141.26ms
[4442.103s][info][gc,phases      ] GC(573)   Post Evacuate Collection Set: 1.04ms
[4442.103s][info][gc,phases      ] GC(573)   Other: 0.09ms
[4442.103s][info][gc,heap        ] GC(573) Eden regions: 571->0(571)
[4442.103s][info][gc,heap        ] GC(573) Survivor regions: 43->43(77)
[4442.103s][info][gc,heap        ] GC(573) Old regions: 249->256
[4442.103s][info][gc,heap        ] GC(573) Humongous regions: 33->33
[4442.103s][info][gc,metaspace   ] GC(573) Metaspace: 35828K(38144K)->35828K(38144K) NonClass: 26756K(27072K)->26756K(27072K) Class: 9071K(11072K)->9071K(11072K)
[4442.103s][info][gc             ] GC(573) Pause Young (Normal) (G1 Evacuation Pause) 7136M->2624M(8192M) 143.342ms
[4442.103s][info][gc,cpu         ] GC(573) User=1.14s Sys=0.00s Real=0.14s
......[4447.521s][info][gc,start       ] GC(574) Pause Young (Normal) (G1 Evacuation Pause)
[4447.522s][info][gc,task        ] GC(574) Using 8 workers of 8 for evacuation
[4447.671s][info][gc,phases      ] GC(574)   Pre Evacuate Collection Set: 0.30ms
[4447.671s][info][gc,phases      ] GC(574)   Merge Heap Roots: 0.70ms
[4447.671s][info][gc,phases      ] GC(574)   Evacuate Collection Set: 147.46ms
[4447.671s][info][gc,phases      ] GC(574)   Post Evacuate Collection Set: 1.06ms
[4447.671s][info][gc,phases      ] GC(574)   Other: 0.06ms
[4447.671s][info][gc,heap        ] GC(574) Eden regions: 571->0(570)
[4447.671s][info][gc,heap        ] GC(574) Survivor regions: 43->44(77)
[4447.671s][info][gc,heap        ] GC(574) Old regions: 256->264
[4447.671s][info][gc,heap        ] GC(574) Humongous regions: 33->33
[4447.671s][info][gc,metaspace   ] GC(574) Metaspace: 35828K(38144K)->35828K(38144K) NonClass: 26756K(27072K)->26756K(27072K) Class: 9071K(11072K)->9071K(11072K)
[4447.671s][info][gc             ] GC(574) Pause Young (Normal) (G1 Evacuation Pause) 7192M->2690M(8192M) 149.701ms
[4447.671s][info][gc,cpu         ] GC(574) User=1.18s Sys=0.00s Real=0.15s
.....[4453.057s][info][gc,start       ] GC(575) Pause Young (Normal) (G1 Evacuation Pause)
[4453.057s][info][gc,task        ] GC(575) Using 8 workers of 8 for evacuation
[4453.198s][info][gc,phases      ] GC(575)   Pre Evacuate Collection Set: 0.27ms
[4453.198s][info][gc,phases      ] GC(575)   Merge Heap Roots: 0.54ms
[4453.198s][info][gc,phases      ] GC(575)   Evacuate Collection Set: 139.37ms
[4453.198s][info][gc,phases      ] GC(575)   Post Evacuate Collection Set: 1.04ms
[4453.198s][info][gc,phases      ] GC(575)   Other: 0.07ms
[4453.198s][info][gc,heap        ] GC(575) Eden regions: 570->0(571)
[4453.198s][info][gc,heap        ] GC(575) Survivor regions: 44->43(77)
[4453.198s][info][gc,heap        ] GC(575) Old regions: 264->271
[4453.198s][info][gc,heap        ] GC(575) Humongous regions: 33->33
[4453.198s][info][gc,metaspace   ] GC(575) Metaspace: 35828K(38144K)->35828K(38144K) NonClass: 26756K(27072K)->26756K(27072K) Class: 9071K(11072K)->9071K(11072K)
[4453.198s][info][gc             ] GC(575) Pause Young (Normal) (G1 Evacuation Pause) 7250M->2737M(8192M) 141.407ms
[4453.198s][info][gc,cpu         ] GC(575) User=1.12s Sys=0.01s Real=0.15s
......[4458.646s][info][gc,start       ] GC(576) Pause Young (Normal) (G1 Evacuation Pause)
[4458.646s][info][gc,task        ] GC(576) Using 8 workers of 8 for evacuation
[4458.790s][info][gc,phases      ] GC(576)   Pre Evacuate Collection Set: 0.26ms
[4458.790s][info][gc,phases      ] GC(576)   Merge Heap Roots: 0.55ms
[4458.790s][info][gc,phases      ] GC(576)   Evacuate Collection Set: 142.23ms
[4458.790s][info][gc,phases      ] GC(576)   Post Evacuate Collection Set: 1.06ms
[4458.790s][info][gc,phases      ] GC(576)   Other: 0.07ms
[4458.790s][info][gc,heap        ] GC(576) Eden regions: 571->0(571)
[4458.790s][info][gc,heap        ] GC(576) Survivor regions: 43->43(77)
[4458.790s][info][gc,heap        ] GC(576) Old regions: 271->278
[4458.790s][info][gc,heap        ] GC(576) Humongous regions: 33->33
[4458.790s][info][gc,metaspace   ] GC(576) Metaspace: 35828K(38144K)->35828K(38144K) NonClass: 26756K(27072K)->26756K(27072K) Class: 9071K(11072K)->9071K(11072K)
[4458.790s][info][gc             ] GC(576) Pause Young (Normal) (G1 Evacuation Pause) 7305M->2796M(8192M) 144.310ms
[4458.790s][info][gc,cpu         ] GC(576) User=1.14s Sys=0.00s Real=0.15s
......[4464.237s][info][gc,start       ] GC(577) Pause Young (Normal) (G1 Evacuation Pause)
[4464.237s][info][gc,task        ] GC(577) Using 8 workers of 8 for evacuation
[4464.379s][info][gc,phases      ] GC(577)   Pre Evacuate Collection Set: 0.27ms
[4464.379s][info][gc,phases      ] GC(577)   Merge Heap Roots: 0.59ms
[4464.379s][info][gc,phases      ] GC(577)   Evacuate Collection Set: 140.25ms
[4464.379s][info][gc,phases      ] GC(577)   Post Evacuate Collection Set: 1.09ms
[4464.379s][info][gc,phases      ] GC(577)   Other: 0.06ms
[4464.379s][info][gc,heap        ] GC(577) Eden regions: 571->0(568)
[4464.379s][info][gc,heap        ] GC(577) Survivor regions: 43->43(77)
[4464.379s][info][gc,heap        ] GC(577) Old regions: 278->285
[4464.379s][info][gc,heap        ] GC(577) Humongous regions: 33->33
[4464.379s][info][gc,metaspace   ] GC(577) Metaspace: 35828K(38144K)->35828K(38144K) NonClass: 26756K(27072K)->26756K(27072K) Class: 9071K(11072K)->9071K(11072K)
[4464.379s][info][gc             ] GC(577) Pause Young (Normal) (G1 Evacuation Pause) 7364M->2857M(8192M) 142.407ms
[4464.380s][info][gc,cpu         ] GC(577) User=1.13s Sys=0.00s Real=0.14s
.....[4469.762s][info][gc,start       ] GC(578) Pause Young (Normal) (G1 Evacuation Pause)
[4469.763s][info][gc,task        ] GC(578) Using 8 workers of 8 for evacuation
[4469.906s][info][gc,phases      ] GC(578)   Pre Evacuate Collection Set: 0.25ms
[4469.906s][info][gc,phases      ] GC(578)   Merge Heap Roots: 0.56ms
[4469.906s][info][gc,phases      ] GC(578)   Evacuate Collection Set: 141.25ms
[4469.906s][info][gc,phases      ] GC(578)   Post Evacuate Collection Set: 1.06ms
[4469.906s][info][gc,phases      ] GC(578)   Other: 0.06ms
[4469.906s][info][gc,heap        ] GC(578) Eden regions: 568->0(561)
[4469.906s][info][gc,heap        ] GC(578) Survivor regions: 43->43(77)
[4469.906s][info][gc,heap        ] GC(578) Old regions: 285->292
[4469.906s][info][gc,heap        ] GC(578) Humongous regions: 33->33
[4469.906s][info][gc,metaspace   ] GC(578) Metaspace: 35828K(38144K)->35828K(38144K) NonClass: 26756K(27072K)->26756K(27072K) Class: 9071K(11072K)->9071K(11072K)
[4469.906s][info][gc             ] GC(578) Pause Young (Normal) (G1 Evacuation Pause) 7401M->2910M(8192M) 143.302ms
[4469.906s][info][gc,cpu         ] GC(578) User=1.13s Sys=0.00s Real=0.14s
......[4475.263s][info][gc,start       ] GC(579) Pause Young (Normal) (G1 Evacuation Pause)
[4475.263s][info][gc,task        ] GC(579) Using 8 workers of 8 for evacuation
[4475.406s][info][gc,phases      ] GC(579)   Pre Evacuate Collection Set: 0.24ms
[4475.406s][info][gc,phases      ] GC(579)   Merge Heap Roots: 0.62ms
[4475.406s][info][gc,phases      ] GC(579)   Evacuate Collection Set: 141.18ms
[4475.406s][info][gc,phases      ] GC(579)   Post Evacuate Collection Set: 1.05ms
[4475.406s][info][gc,phases      ] GC(579)   Other: 0.06ms
[4475.406s][info][gc,heap        ] GC(579) Eden regions: 561->0(554)
[4475.406s][info][gc,heap        ] GC(579) Survivor regions: 43->43(76)
[4475.406s][info][gc,heap        ] GC(579) Old regions: 292->299
[4475.406s][info][gc,heap        ] GC(579) Humongous regions: 33->33
[4475.406s][info][gc,metaspace   ] GC(579) Metaspace: 35828K(38144K)->35828K(38144K) NonClass: 26756K(27072K)->26756K(27072K) Class: 9071K(11072K)->9071K(11072K)
[4475.406s][info][gc             ] GC(579) Pause Young (Normal) (G1 Evacuation Pause) 7398M->2968M(8192M) 143.282ms
[4475.406s][info][gc,cpu         ] GC(579) User=1.13s Sys=0.00s Real=0.14s
.....[4480.614s][info][gc,start       ] GC(580) Pause Young (Normal) (G1 Evacuation Pause)
[4480.614s][info][gc,task        ] GC(580) Using 8 workers of 8 for evacuation
[4480.758s][info][gc,phases      ] GC(580)   Pre Evacuate Collection Set: 0.25ms
[4480.758s][info][gc,phases      ] GC(580)   Merge Heap Roots: 0.54ms
[4480.758s][info][gc,phases      ] GC(580)   Evacuate Collection Set: 142.47ms
[4480.758s][info][gc,phases      ] GC(580)   Post Evacuate Collection Set: 1.04ms
[4480.758s][info][gc,phases      ] GC(580)   Other: 0.07ms
[4480.758s][info][gc,heap        ] GC(580) Eden regions: 554->0(546)
[4480.758s][info][gc,heap        ] GC(580) Survivor regions: 43->43(75)
[4480.758s][info][gc,heap        ] GC(580) Old regions: 299->307
[4480.758s][info][gc,heap        ] GC(580) Humongous regions: 33->33
[4480.758s][info][gc,metaspace   ] GC(580) Metaspace: 35828K(38144K)->35828K(38144K) NonClass: 26756K(27072K)->26756K(27072K) Class: 9071K(11072K)->9071K(11072K)
[4480.758s][info][gc             ] GC(580) Pause Young (Normal) (G1 Evacuation Pause) 7400M->3029M(8192M) 144.499ms
[4480.758s][info][gc,cpu         ] GC(580) User=1.14s Sys=0.00s Real=0.15s
.....[4485.962s][info][gc,start       ] GC(581) Pause Young (Normal) (G1 Evacuation Pause)
[4485.962s][info][gc,task        ] GC(581) Using 8 workers of 8 for evacuation
[4486.102s][info][gc,phases      ] GC(581)   Pre Evacuate Collection Set: 0.26ms
[4486.102s][info][gc,phases      ] GC(581)   Merge Heap Roots: 0.53ms
[4486.102s][info][gc,phases      ] GC(581)   Evacuate Collection Set: 138.08ms
[4486.102s][info][gc,phases      ] GC(581)   Post Evacuate Collection Set: 1.02ms
[4486.102s][info][gc,phases      ] GC(581)   Other: 0.07ms
[4486.102s][info][gc,heap        ] GC(581) Eden regions: 546->0(543)
[4486.102s][info][gc,heap        ] GC(581) Survivor regions: 43->41(74)
[4486.102s][info][gc,heap        ] GC(581) Old regions: 307->314
[4486.102s][info][gc,heap        ] GC(581) Humongous regions: 33->33
[4486.102s][info][gc,metaspace   ] GC(581) Metaspace: 35828K(38144K)->35828K(38144K) NonClass: 26756K(27072K)->26756K(27072K) Class: 9071K(11072K)->9071K(11072K)
[4486.102s][info][gc             ] GC(581) Pause Young (Normal) (G1 Evacuation Pause) 7397M->3070M(8192M) 140.090ms
[4486.102s][info][gc,cpu         ] GC(581) User=1.11s Sys=0.00s Real=0.14s
......[4491.287s][info][gc,start       ] GC(582) Pause Young (Concurrent Start) (G1 Evacuation Pause)
[4491.287s][info][gc,task        ] GC(582) Using 8 workers of 8 for evacuation
[4491.430s][info][gc,phases      ] GC(582)   Pre Evacuate Collection Set: 0.31ms
[4491.430s][info][gc,phases      ] GC(582)   Merge Heap Roots: 0.54ms
[4491.430s][info][gc,phases      ] GC(582)   Evacuate Collection Set: 141.46ms
[4491.430s][info][gc,phases      ] GC(582)   Post Evacuate Collection Set: 1.02ms
[4491.430s][info][gc,phases      ] GC(582)   Other: 0.08ms
[4491.430s][info][gc,heap        ] GC(582) Eden regions: 543->0(534)
[4491.430s][info][gc,heap        ] GC(582) Survivor regions: 41->42(73)
[4491.430s][info][gc,heap        ] GC(582) Old regions: 314->321
[4491.430s][info][gc,heap        ] GC(582) Humongous regions: 33->33
[4491.430s][info][gc,metaspace   ] GC(582) Metaspace: 35828K(38144K)->35828K(38144K) NonClass: 26756K(27072K)->26756K(27072K) Class: 9071K(11072K)->9071K(11072K)
[4491.430s][info][gc             ] GC(582) Pause Young (Concurrent Start) (G1 Evacuation Pause) 7414M->3138M(8192M) 143.538ms
[4491.430s][info][gc             ] GC(583) Concurrent Mark Cycle
[4491.430s][info][gc,marking     ] GC(583) Concurrent Scan Root Regions
[4491.430s][info][gc,cpu         ] GC(582) User=1.14s Sys=0.00s Real=0.15s
[4491.743s][info][gc,marking     ] GC(583) Concurrent Scan Root Regions 312.982ms
[4491.743s][info][gc,marking     ] GC(583) Concurrent Mark
[4491.743s][info][gc,marking     ] GC(583) Concurrent Mark From Roots
[4491.743s][info][gc,task        ] GC(583) Using 2 workers of 2 for marking
.[4492.521s][info][gc,marking     ] GC(583) Concurrent Mark From Roots 777.900ms
[4492.521s][info][gc,marking     ] GC(583) Concurrent Preclean
[4492.521s][info][gc,marking     ] GC(583) Concurrent Preclean 0.111ms
[4492.522s][info][gc,start       ] GC(583) Pause Remark
[4492.524s][info][gc             ] GC(583) Pause Remark 4207M->3615M(8192M) 2.007ms
[4492.524s][info][gc,cpu         ] GC(583) User=0.01s Sys=0.00s Real=0.00s
[4492.524s][info][gc,marking     ] GC(583) Concurrent Mark 780.332ms
[4492.524s][info][gc,marking     ] GC(583) Concurrent Rebuild Remembered Sets and Scrub Regions
[4492.937s][info][gc,marking     ] GC(583) Concurrent Rebuild Remembered Sets and Scrub Regions 413.570ms
[4492.937s][info][gc,start       ] GC(583) Pause Cleanup
[4492.938s][info][gc             ] GC(583) Pause Cleanup 3943M->3943M(8192M) 0.278ms
[4492.938s][info][gc,cpu         ] GC(583) User=0.00s Sys=0.00s Real=0.00s
[4492.938s][info][gc,marking     ] GC(583) Concurrent Clear Claimed Marks
[4492.938s][info][gc,marking     ] GC(583) Concurrent Clear Claimed Marks 0.046ms
[4492.938s][info][gc,marking     ] GC(583) Concurrent Cleanup for Next Mark
[4492.951s][info][gc,marking     ] GC(583) Concurrent Cleanup for Next Mark 12.713ms
[4492.951s][info][gc             ] GC(583) Concurrent Mark Cycle 1520.293ms
... (rIR:aIR:PR = 6918:6908:6908) (tPR = 102241) [OK] 
  4495s: Performance info:
         Transaction,    Success,    Partial,     Failed,   Receipts, AvgBarcode, 
             Overall,     415080,          0,          0,     394283,      59.48, 
         Response times:
             Request,    Success,    Partial,     Failed,   SkipFail,     Probes,    Samples,      min,      p50,      p90,      p95,      p99,      max, 
       TotalPurchase,     394285,          0,          0,          0,     359424,     403906,      300,     4600,     8500,    11900,    51000,   433000,
     InStorePurchase,     207881,          0,          0,          0,     189202,     212165,      300,     4500,     8500,    11900,    50000,   433000,
      OnlinePurchase,     144855,          0,          0,          0,     132136,     148540,      300,     4600,     8500,    11800,    52000,   431000,
        InstPurchase,      41549,          0,          0,          0,      38086,      43201,      400,     4900,     8600,    12190,    53000,   429000,
          AssocOfCat,        418,          0,          0,          0,        338,        461,    29000,    38000,    55000,    73600,   151180,   200000,
      AssocOfProduct,       4171,          0,          0,          0,       3838,       4603,      600,     4800,     8400,    10800,    55920,   160000,
      BusinessReport,       1047,          0,          0,          0,        881,       1132,    28000,    42000,    60000,    82350,   178690,   228000,
          CustBuyBeh,       4151,          0,          0,          0,       3865,       4552,      200,     5000,     8800,    12035,    52000,   155000,
       ProductReturn,      11011,          0,          0,          0,       9359,      10860,      200,     4600,     8500,    11700,    53000,   441000,

  4495s: (51%)   IR =   7057 .[4496.415s][info][gc,start       ] GC(584) Pause Young (Prepare Mixed) (G1 Evacuation Pause)
[4496.415s][info][gc,task        ] GC(584) Using 8 workers of 8 for evacuation
[4496.564s][info][gc,phases      ] GC(584)   Pre Evacuate Collection Set: 0.28ms
[4496.564s][info][gc,phases      ] GC(584)   Merge Heap Roots: 0.68ms
[4496.564s][info][gc,phases      ] GC(584)   Evacuate Collection Set: 147.06ms
[4496.564s][info][gc,phases      ] GC(584)   Post Evacuate Collection Set: 1.17ms
[4496.564s][info][gc,phases      ] GC(584)   Other: 0.06ms
[4496.564s][info][gc,heap        ] GC(584) Eden regions: 534->0(570)
[4496.564s][info][gc,heap        ] GC(584) Survivor regions: 42->44(72)
[4496.564s][info][gc,heap        ] GC(584) Old regions: 247->255
[4496.564s][info][gc,heap        ] GC(584) Humongous regions: 33->33
[4496.564s][info][gc,metaspace   ] GC(584) Metaspace: 35828K(38144K)->35828K(38144K) NonClass: 26756K(27072K)->26756K(27072K) Class: 9071K(11072K)->9071K(11072K)
[4496.564s][info][gc             ] GC(584) Pause Young (Prepare Mixed) (G1 Evacuation Pause) 6818M->2617M(8192M) 149.381ms
[4496.564s][info][gc,cpu         ] GC(584) User=1.18s Sys=0.00s Real=0.15s
...|..[4501.785s][info][gc,start       ] GC(585) Pause Young (Mixed) (G1 Evacuation Pause)
[4501.785s][info][gc,task        ] GC(585) Using 8 workers of 8 for evacuation
[4501.934s][info][gc,phases      ] GC(585)   Pre Evacuate Collection Set: 0.28ms
[4501.934s][info][gc,phases      ] GC(585)   Merge Heap Roots: 0.91ms
[4501.934s][info][gc,phases      ] GC(585)   Evacuate Collection Set: 146.50ms
[4501.934s][info][gc,phases      ] GC(585)   Post Evacuate Collection Set: 1.34ms
[4501.934s][info][gc,phases      ] GC(585)   Other: 0.10ms
[4501.934s][info][gc,heap        ] GC(585) Eden regions: 570->0(572)
[4501.934s][info][gc,heap        ] GC(585) Survivor regions: 44->42(77)
[4501.934s][info][gc,heap        ] GC(585) Old regions: 255->160
[4501.934s][info][gc,heap        ] GC(585) Humongous regions: 33->33
[4501.934s][info][gc,metaspace   ] GC(585) Metaspace: 35834K(38144K)->35834K(38144K) NonClass: 26762K(27072K)->26762K(27072K) Class: 9071K(11072K)->9071K(11072K)
[4501.934s][info][gc             ] GC(585) Pause Young (Mixed) (G1 Evacuation Pause) 7177M->1844M(8192M) 149.274ms
[4501.934s][info][gc,cpu         ] GC(585) User=1.18s Sys=0.00s Real=0.15s
......[4507.318s][info][gc,start       ] GC(586) Pause Young (Mixed) (G1 Evacuation Pause)
[4507.318s][info][gc,task        ] GC(586) Using 8 workers of 8 for evacuation
[4507.467s][info][gc,phases      ] GC(586)   Pre Evacuate Collection Set: 0.29ms
[4507.467s][info][gc,phases      ] GC(586)   Merge Heap Roots: 0.81ms
[4507.467s][info][gc,phases      ] GC(586)   Evacuate Collection Set: 147.00ms
[4507.467s][info][gc,phases      ] GC(586)   Post Evacuate Collection Set: 1.12ms
[4507.467s][info][gc,phases      ] GC(586)   Other: 0.07ms
[4507.467s][info][gc,heap        ] GC(586) Eden regions: 572->0(571)
[4507.467s][info][gc,heap        ] GC(586) Survivor regions: 42->43(77)
[4507.467s][info][gc,heap        ] GC(586) Old regions: 160->142
[4507.467s][info][gc,heap        ] GC(586) Humongous regions: 33->33
[4507.467s][info][gc,metaspace   ] GC(586) Metaspace: 35834K(38144K)->35834K(38144K) NonClass: 26762K(27072K)->26762K(27072K) Class: 9071K(11072K)->9071K(11072K)
[4507.467s][info][gc             ] GC(586) Pause Young (Mixed) (G1 Evacuation Pause) 6420M->1716M(8192M) 149.407ms
[4507.467s][info][gc,cpu         ] GC(586) User=1.19s Sys=0.00s Real=0.15s
.....[4512.788s][info][gc,start       ] GC(587) Pause Young (Normal) (G1 Evacuation Pause)
[4512.788s][info][gc,task        ] GC(587) Using 8 workers of 8 for evacuation
[4512.936s][info][gc,phases      ] GC(587)   Pre Evacuate Collection Set: 0.28ms
[4512.936s][info][gc,phases      ] GC(587)   Merge Heap Roots: 0.56ms
[4512.936s][info][gc,phases      ] GC(587)   Evacuate Collection Set: 145.97ms
[4512.936s][info][gc,phases      ] GC(587)   Post Evacuate Collection Set: 1.03ms
[4512.936s][info][gc,phases      ] GC(587)   Other: 0.06ms
[4512.936s][info][gc,heap        ] GC(587) Eden regions: 571->0(571)
[4512.936s][info][gc,heap        ] GC(587) Survivor regions: 43->43(77)
[4512.936s][info][gc,heap        ] GC(587) Old regions: 142->149
[4512.936s][info][gc,heap        ] GC(587) Humongous regions: 33->33
[4512.936s][info][gc,metaspace   ] GC(587) Metaspace: 35834K(38144K)->35834K(38144K) NonClass: 26762K(27072K)->26762K(27072K) Class: 9071K(11072K)->9071K(11072K)
[4512.936s][info][gc             ] GC(587) Pause Young (Normal) (G1 Evacuation Pause) 6284M->1772M(8192M) 148.041ms
[4512.936s][info][gc,cpu         ] GC(587) User=1.17s Sys=0.00s Real=0.14s
.....[4518.252s][info][gc,start       ] GC(588) Pause Young (Normal) (G1 Evacuation Pause)
[4518.252s][info][gc,task        ] GC(588) Using 8 workers of 8 for evacuation
[4518.397s][info][gc,phases      ] GC(588)   Pre Evacuate Collection Set: 0.28ms
[4518.397s][info][gc,phases      ] GC(588)   Merge Heap Roots: 0.65ms
[4518.397s][info][gc,phases      ] GC(588)   Evacuate Collection Set: 142.40ms
[4518.397s][info][gc,phases      ] GC(588)   Post Evacuate Collection Set: 1.04ms
[4518.397s][info][gc,phases      ] GC(588)   Other: 0.07ms
[4518.397s][info][gc,heap        ] GC(588) Eden regions: 571->0(571)
[4518.397s][info][gc,heap        ] GC(588) Survivor regions: 43->43(77)
[4518.397s][info][gc,heap        ] GC(588) Old regions: 149->156
[4518.397s][info][gc,heap        ] GC(588) Humongous regions: 33->33
[4518.397s][info][gc,metaspace   ] GC(588) Metaspace: 35834K(38144K)->35834K(38144K) NonClass: 26762K(27072K)->26762K(27072K) Class: 9071K(11072K)->9071K(11072K)
[4518.397s][info][gc             ] GC(588) Pause Young (Normal) (G1 Evacuation Pause) 6340M->1828M(8192M) 144.575ms
[4518.397s][info][gc,cpu         ] GC(588) User=1.14s Sys=0.00s Real=0.14s
......[4523.705s][info][gc,start       ] GC(589) Pause Young (Normal) (G1 Evacuation Pause)
[4523.705s][info][gc,task        ] GC(589) Using 8 workers of 8 for evacuation
[4523.849s][info][gc,phases      ] GC(589)   Pre Evacuate Collection Set: 0.27ms
[4523.849s][info][gc,phases      ] GC(589)   Merge Heap Roots: 0.54ms
[4523.849s][info][gc,phases      ] GC(589)   Evacuate Collection Set: 142.27ms
[4523.849s][info][gc,phases      ] GC(589)   Post Evacuate Collection Set: 1.07ms
[4523.849s][info][gc,phases      ] GC(589)   Other: 0.07ms
[4523.849s][info][gc,heap        ] GC(589) Eden regions: 571->0(571)
[4523.849s][info][gc,heap        ] GC(589) Survivor regions: 43->43(77)
[4523.849s][info][gc,heap        ] GC(589) Old regions: 156->164
[4523.849s][info][gc,heap        ] GC(589) Humongous regions: 33->33
[4523.849s][info][gc,metaspace   ] GC(589) Metaspace: 35834K(38144K)->35834K(38144K) NonClass: 26762K(27072K)->26762K(27072K) Class: 9071K(11072K)->9071K(11072K)
[4523.849s][info][gc             ] GC(589) Pause Young (Normal) (G1 Evacuation Pause) 6396M->1886M(8192M) 144.361ms
[4523.849s][info][gc,cpu         ] GC(589) User=1.14s Sys=0.00s Real=0.15s
.....[4529.153s][info][gc,start       ] GC(590) Pause Young (Normal) (G1 Evacuation Pause)
[4529.153s][info][gc,task        ] GC(590) Using 8 workers of 8 for evacuation
[4529.297s][info][gc,phases      ] GC(590)   Pre Evacuate Collection Set: 0.25ms
[4529.297s][info][gc,phases      ] GC(590)   Merge Heap Roots: 0.60ms
[4529.297s][info][gc,phases      ] GC(590)   Evacuate Collection Set: 142.23ms
[4529.297s][info][gc,phases      ] GC(590)   Post Evacuate Collection Set: 1.02ms
[4529.297s][info][gc,phases      ] GC(590)   Other: 0.07ms
[4529.297s][info][gc,heap        ] GC(590) Eden regions: 571->0(571)
[4529.297s][info][gc,heap        ] GC(590) Survivor regions: 43->43(77)
[4529.297s][info][gc,heap        ] GC(590) Old regions: 164->171
[4529.297s][info][gc,heap        ] GC(590) Humongous regions: 33->33
[4529.297s][info][gc,metaspace   ] GC(590) Metaspace: 35834K(38144K)->35834K(38144K) NonClass: 26762K(27072K)->26762K(27072K) Class: 9071K(11072K)->9071K(11072K)
[4529.297s][info][gc             ] GC(590) Pause Young (Normal) (G1 Evacuation Pause) 6454M->1942M(8192M) 144.292ms
[4529.297s][info][gc,cpu         ] GC(590) User=1.15s Sys=0.00s Real=0.14s
......[4534.586s][info][gc,start       ] GC(591) Pause Young (Normal) (G1 Evacuation Pause)
[4534.586s][info][gc,task        ] GC(591) Using 8 workers of 8 for evacuation
[4534.729s][info][gc,phases      ] GC(591)   Pre Evacuate Collection Set: 0.28ms
[4534.729s][info][gc,phases      ] GC(591)   Merge Heap Roots: 0.55ms
[4534.729s][info][gc,phases      ] GC(591)   Evacuate Collection Set: 141.46ms
[4534.729s][info][gc,phases      ] GC(591)   Post Evacuate Collection Set: 1.08ms
[4534.729s][info][gc,phases      ] GC(591)   Other: 0.06ms
[4534.729s][info][gc,heap        ] GC(591) Eden regions: 571->0(571)
[4534.729s][info][gc,heap        ] GC(591) Survivor regions: 43->43(77)
[4534.729s][info][gc,heap        ] GC(591) Old regions: 171->178
[4534.729s][info][gc,heap        ] GC(591) Humongous regions: 33->33
[4534.729s][info][gc,metaspace   ] GC(591) Metaspace: 35834K(38144K)->35834K(38144K) NonClass: 26762K(27072K)->26762K(27072K) Class: 9071K(11072K)->9071K(11072K)
[4534.729s][info][gc             ] GC(591) Pause Young (Normal) (G1 Evacuation Pause) 6510M->1998M(8192M) 143.558ms
[4534.729s][info][gc,cpu         ] GC(591) User=1.13s Sys=0.00s Real=0.15s
.....[4539.994s][info][gc,start       ] GC(592) Pause Young (Normal) (G1 Evacuation Pause)
[4539.994s][info][gc,task        ] GC(592) Using 8 workers of 8 for evacuation
[4540.137s][info][gc,phases      ] GC(592)   Pre Evacuate Collection Set: 0.28ms
[4540.137s][info][gc,phases      ] GC(592)   Merge Heap Roots: 0.58ms
[4540.137s][info][gc,phases      ] GC(592)   Evacuate Collection Set: 141.02ms
[4540.137s][info][gc,phases      ] GC(592)   Post Evacuate Collection Set: 1.06ms
[4540.137s][info][gc,phases      ] GC(592)   Other: 0.06ms
[4540.137s][info][gc,heap        ] GC(592) Eden regions: 571->0(572)
[4540.137s][info][gc,heap        ] GC(592) Survivor regions: 43->42(77)
[4540.137s][info][gc,heap        ] GC(592) Old regions: 178->185
[4540.137s][info][gc,heap        ] GC(592) Humongous regions: 33->33
[4540.137s][info][gc,metaspace   ] GC(592) Metaspace: 35834K(38144K)->35834K(38144K) NonClass: 26762K(27072K)->26762K(27072K) Class: 9071K(11072K)->9071K(11072K)
[4540.137s][info][gc             ] GC(592) Pause Young (Normal) (G1 Evacuation Pause) 6566M->2052M(8192M) 143.142ms
[4540.137s][info][gc,cpu         ] GC(592) User=1.13s Sys=0.00s Real=0.15s
......[4545.458s][info][gc,start       ] GC(593) Pause Young (Normal) (G1 Evacuation Pause)
[4545.458s][info][gc,task        ] GC(593) Using 8 workers of 8 for evacuation
[4545.601s][info][gc,phases      ] GC(593)   Pre Evacuate Collection Set: 0.25ms
[4545.601s][info][gc,phases      ] GC(593)   Merge Heap Roots: 0.59ms
[4545.601s][info][gc,phases      ] GC(593)   Evacuate Collection Set: 141.27ms
[4545.601s][info][gc,phases      ] GC(593)   Post Evacuate Collection Set: 1.04ms
[4545.601s][info][gc,phases      ] GC(593)   Other: 0.06ms
[4545.601s][info][gc,heap        ] GC(593) Eden regions: 572->0(572)
[4545.601s][info][gc,heap        ] GC(593) Survivor regions: 42->42(77)
[4545.601s][info][gc,heap        ] GC(593) Old regions: 185->192
[4545.601s][info][gc,heap        ] GC(593) Humongous regions: 33->33
[4545.601s][info][gc,metaspace   ] GC(593) Metaspace: 35834K(38144K)->35834K(38144K) NonClass: 26762K(27072K)->26762K(27072K) Class: 9071K(11072K)->9071K(11072K)
[4545.601s][info][gc             ] GC(593) Pause Young (Normal) (G1 Evacuation Pause) 6628M->2107M(8192M) 143.347ms
[4545.602s][info][gc,cpu         ] GC(593) User=1.14s Sys=0.00s Real=0.14s
.....[4550.910s][info][gc,start       ] GC(594) Pause Young (Normal) (G1 Evacuation Pause)
[4550.910s][info][gc,task        ] GC(594) Using 8 workers of 8 for evacuation
[4551.057s][info][gc,phases      ] GC(594)   Pre Evacuate Collection Set: 0.24ms
[4551.057s][info][gc,phases      ] GC(594)   Merge Heap Roots: 0.53ms
[4551.057s][info][gc,phases      ] GC(594)   Evacuate Collection Set: 144.78ms
[4551.057s][info][gc,phases      ] GC(594)   Post Evacuate Collection Set: 1.04ms
[4551.057s][info][gc,phases      ] GC(594)   Other: 0.07ms
[4551.057s][info][gc,heap        ] GC(594) Eden regions: 572->0(570)
[4551.057s][info][gc,heap        ] GC(594) Survivor regions: 42->44(77)
[4551.057s][info][gc,heap        ] GC(594) Old regions: 192->199
[4551.057s][info][gc,heap        ] GC(594) Humongous regions: 33->33
[4551.057s][info][gc,metaspace   ] GC(594) Metaspace: 35834K(38144K)->35834K(38144K) NonClass: 26762K(27072K)->26762K(27072K) Class: 9071K(11072K)->9071K(11072K)
[4551.057s][info][gc             ] GC(594) Pause Young (Normal) (G1 Evacuation Pause) 6683M->2174M(8192M) 146.764ms
[4551.057s][info][gc,cpu         ] GC(594) User=1.16s Sys=0.01s Real=0.14s
.....[4556.422s][info][gc,start       ] GC(595) Pause Young (Normal) (G1 Evacuation Pause)
[4556.422s][info][gc,task        ] GC(595) Using 8 workers of 8 for evacuation
[4556.567s][info][gc,phases      ] GC(595)   Pre Evacuate Collection Set: 0.26ms
[4556.567s][info][gc,phases      ] GC(595)   Merge Heap Roots: 0.63ms
[4556.567s][info][gc,phases      ] GC(595)   Evacuate Collection Set: 142.69ms
[4556.567s][info][gc,phases      ] GC(595)   Post Evacuate Collection Set: 1.05ms
[4556.567s][info][gc,phases      ] GC(595)   Other: 0.07ms
[4556.567s][info][gc,heap        ] GC(595) Eden regions: 570->0(571)
[4556.567s][info][gc,heap        ] GC(595) Survivor regions: 44->43(77)
[4556.567s][info][gc,heap        ] GC(595) Old regions: 199->206
[4556.567s][info][gc,heap        ] GC(595) Humongous regions: 33->33
[4556.567s][info][gc,metaspace   ] GC(595) Metaspace: 35834K(38144K)->35834K(38144K) NonClass: 26762K(27072K)->26762K(27072K) Class: 9071K(11072K)->9071K(11072K)
[4556.567s][info][gc             ] GC(595) Pause Young (Normal) (G1 Evacuation Pause) 6734M->2223M(8192M) 144.825ms
[4556.567s][info][gc,cpu         ] GC(595) User=1.14s Sys=0.00s Real=0.14s
.... (rIR:aIR:PR = 7057:7048:7048) (tPR = 104232) [OK] 
  4559s: Performance info:
         Transaction,    Success,    Partial,     Failed,   Receipts, AvgBarcode, 
             Overall,     424816,          0,          0,     403597,      59.48, 
         Response times:
             Request,    Success,    Partial,     Failed,   SkipFail,     Probes,    Samples,      min,      p50,      p90,      p95,      p99,      max, 
       TotalPurchase,     403597,          0,          0,          0,     361084,     386209,      300,     4700,     8700,    13900,    53900,   303000,
     InStorePurchase,     212896,          0,          0,          0,     190128,     202789,      300,     4600,     8700,    13700,    53000,   303000,
      OnlinePurchase,     148145,          0,          0,          0,     132927,     142359,      300,     4800,     8800,    14100,    54000,   303000,
        InstPurchase,      42556,          0,          0,          0,      38029,      41061,      400,     4800,     8900,    14000,    53000,   293000,
          AssocOfCat,        425,          0,          0,          0,        333,        447,    27000,    37000,    57200,    73000,   149120,   198000,
      AssocOfProduct,       4248,          0,          0,          0,       3964,       4452,      600,     5500,     9200,    16705,    55470,   293000,
      BusinessReport,       1057,          0,          0,          0,        943,       1121,    30000,    41000,    62000,    93900,   128560,   205000,
          CustBuyBeh,       4256,          0,          0,          0,       3977,       4463,      200,     3800,     8100,    11200,    44000,   155000,
       ProductReturn,      11233,          0,          0,          0,       9558,      10499,      200,     4800,     8800,    13200,    50000,   162000,

  4559s: (52%)   IR =   7195 ..[4561.894s][info][gc,start       ] GC(596) Pause Young (Normal) (G1 Evacuation Pause)
[4561.894s][info][gc,task        ] GC(596) Using 8 workers of 8 for evacuation
[4562.040s][info][gc,phases      ] GC(596)   Pre Evacuate Collection Set: 0.29ms
[4562.040s][info][gc,phases      ] GC(596)   Merge Heap Roots: 0.54ms
[4562.040s][info][gc,phases      ] GC(596)   Evacuate Collection Set: 144.39ms
[4562.040s][info][gc,phases      ] GC(596)   Post Evacuate Collection Set: 1.05ms
[4562.040s][info][gc,phases      ] GC(596)   Other: 0.08ms
[4562.040s][info][gc,heap        ] GC(596) Eden regions: 571->0(570)
[4562.040s][info][gc,heap        ] GC(596) Survivor regions: 43->44(77)
[4562.040s][info][gc,heap        ] GC(596) Old regions: 206->214
[4562.040s][info][gc,heap        ] GC(596) Humongous regions: 33->33
[4562.040s][info][gc,metaspace   ] GC(596) Metaspace: 35834K(38144K)->35834K(38144K) NonClass: 26762K(27072K)->26762K(27072K) Class: 9071K(11072K)->9071K(11072K)
[4562.040s][info][gc             ] GC(596) Pause Young (Normal) (G1 Evacuation Pause) 6791M->2289M(8192M) 146.476ms
[4562.040s][info][gc,cpu         ] GC(596) User=1.16s Sys=0.00s Real=0.15s
.....|[4567.264s][info][gc,start       ] GC(597) Pause Young (Normal) (G1 Evacuation Pause)
[4567.264s][info][gc,task        ] GC(597) Using 8 workers of 8 for evacuation
[4567.409s][info][gc,phases      ] GC(597)   Pre Evacuate Collection Set: 0.25ms
[4567.409s][info][gc,phases      ] GC(597)   Merge Heap Roots: 0.55ms
[4567.409s][info][gc,phases      ] GC(597)   Evacuate Collection Set: 142.42ms
[4567.409s][info][gc,phases      ] GC(597)   Post Evacuate Collection Set: 1.12ms
[4567.409s][info][gc,phases      ] GC(597)   Other: 0.06ms
[4567.409s][info][gc,heap        ] GC(597) Eden regions: 570->0(572)
[4567.409s][info][gc,heap        ] GC(597) Survivor regions: 44->42(77)
[4567.409s][info][gc,heap        ] GC(597) Old regions: 214->221
[4567.409s][info][gc,heap        ] GC(597) Humongous regions: 33->33
[4567.409s][info][gc,metaspace   ] GC(597) Metaspace: 35834K(38144K)->35834K(38144K) NonClass: 26762K(27072K)->26762K(27072K) Class: 9071K(11072K)->9071K(11072K)
[4567.409s][info][gc             ] GC(597) Pause Young (Normal) (G1 Evacuation Pause) 6849M->2336M(8192M) 144.523ms
[4567.409s][info][gc,cpu         ] GC(597) User=1.14s Sys=0.00s Real=0.15s
.....[4572.630s][info][gc,start       ] GC(598) Pause Young (Normal) (G1 Evacuation Pause)
[4572.630s][info][gc,task        ] GC(598) Using 8 workers of 8 for evacuation
[4572.778s][info][gc,phases      ] GC(598)   Pre Evacuate Collection Set: 0.25ms
[4572.778s][info][gc,phases      ] GC(598)   Merge Heap Roots: 0.56ms
[4572.778s][info][gc,phases      ] GC(598)   Evacuate Collection Set: 146.31ms
[4572.778s][info][gc,phases      ] GC(598)   Post Evacuate Collection Set: 1.06ms
[4572.778s][info][gc,phases      ] GC(598)   Other: 0.06ms
[4572.778s][info][gc,heap        ] GC(598) Eden regions: 572->0(571)
[4572.778s][info][gc,heap        ] GC(598) Survivor regions: 42->43(77)
[4572.778s][info][gc,heap        ] GC(598) Old regions: 221->228
[4572.779s][info][gc,heap        ] GC(598) Humongous regions: 33->33
[4572.779s][info][gc,metaspace   ] GC(598) Metaspace: 35834K(38144K)->35834K(38144K) NonClass: 26762K(27072K)->26762K(27072K) Class: 9071K(11072K)->9071K(11072K)
[4572.779s][info][gc             ] GC(598) Pause Young (Normal) (G1 Evacuation Pause) 6912M->2402M(8192M) 148.380ms
[4572.779s][info][gc,cpu         ] GC(598) User=1.18s Sys=0.00s Real=0.15s
......[4577.942s][info][gc,start       ] GC(599) Pause Young (Normal) (G1 Evacuation Pause)
[4577.942s][info][gc,task        ] GC(599) Using 8 workers of 8 for evacuation
[4578.088s][info][gc,phases      ] GC(599)   Pre Evacuate Collection Set: 0.28ms
[4578.088s][info][gc,phases      ] GC(599)   Merge Heap Roots: 0.55ms
[4578.088s][info][gc,phases      ] GC(599)   Evacuate Collection Set: 144.42ms
[4578.088s][info][gc,phases      ] GC(599)   Post Evacuate Collection Set: 1.07ms
[4578.088s][info][gc,phases      ] GC(599)   Other: 0.07ms
[4578.088s][info][gc,heap        ] GC(599) Eden regions: 571->0(571)
[4578.088s][info][gc,heap        ] GC(599) Survivor regions: 43->43(77)
[4578.088s][info][gc,heap        ] GC(599) Old regions: 228->235
[4578.088s][info][gc,heap        ] GC(599) Humongous regions: 33->33
[4578.088s][info][gc,metaspace   ] GC(599) Metaspace: 35834K(38144K)->35834K(38144K) NonClass: 26762K(27072K)->26762K(27072K) Class: 9071K(11072K)->9071K(11072K)
[4578.088s][info][gc             ] GC(599) Pause Young (Normal) (G1 Evacuation Pause) 6970M->2457M(8192M) 146.532ms
[4578.088s][info][gc,cpu         ] GC(599) User=1.16s Sys=0.01s Real=0.15s
.....[4583.250s][info][gc,start       ] GC(600) Pause Young (Normal) (G1 Evacuation Pause)
[4583.250s][info][gc,task        ] GC(600) Using 8 workers of 8 for evacuation
[4583.392s][info][gc,phases      ] GC(600)   Pre Evacuate Collection Set: 0.22ms
[4583.392s][info][gc,phases      ] GC(600)   Merge Heap Roots: 0.54ms
[4583.392s][info][gc,phases      ] GC(600)   Evacuate Collection Set: 140.75ms
[4583.392s][info][gc,phases      ] GC(600)   Post Evacuate Collection Set: 1.06ms
[4583.392s][info][gc,phases      ] GC(600)   Other: 0.07ms
[4583.392s][info][gc,heap        ] GC(600) Eden regions: 571->0(572)
[4583.392s][info][gc,heap        ] GC(600) Survivor regions: 43->42(77)
[4583.392s][info][gc,heap        ] GC(600) Old regions: 235->242
[4583.392s][info][gc,heap        ] GC(600) Humongous regions: 33->33
[4583.392s][info][gc,metaspace   ] GC(600) Metaspace: 35834K(38144K)->35834K(38144K) NonClass: 26762K(27072K)->26762K(27072K) Class: 9071K(11072K)->9071K(11072K)
[4583.392s][info][gc             ] GC(600) Pause Young (Normal) (G1 Evacuation Pause) 7025M->2506M(8192M) 142.760ms
[4583.392s][info][gc,cpu         ] GC(600) User=1.13s Sys=0.00s Real=0.14s
.....[4588.595s][info][gc,start       ] GC(601) Pause Young (Normal) (G1 Evacuation Pause)
[4588.595s][info][gc,task        ] GC(601) Using 8 workers of 8 for evacuation
[4588.740s][info][gc,phases      ] GC(601)   Pre Evacuate Collection Set: 0.25ms
[4588.740s][info][gc,phases      ] GC(601)   Merge Heap Roots: 0.55ms
[4588.740s][info][gc,phases      ] GC(601)   Evacuate Collection Set: 143.36ms
[4588.740s][info][gc,phases      ] GC(601)   Post Evacuate Collection Set: 1.06ms
[4588.740s][info][gc,phases      ] GC(601)   Other: 0.06ms
[4588.740s][info][gc,heap        ] GC(601) Eden regions: 572->0(571)
[4588.740s][info][gc,heap        ] GC(601) Survivor regions: 42->43(77)
[4588.740s][info][gc,heap        ] GC(601) Old regions: 242->249
[4588.740s][info][gc,heap        ] GC(601) Humongous regions: 33->33
[4588.740s][info][gc,metaspace   ] GC(601) Metaspace: 35834K(38144K)->35834K(38144K) NonClass: 26762K(27072K)->26762K(27072K) Class: 9071K(11072K)->9071K(11072K)
[4588.741s][info][gc             ] GC(601) Pause Young (Normal) (G1 Evacuation Pause) 7082M->2572M(8192M) 145.431ms
[4588.741s][info][gc,cpu         ] GC(601) User=1.15s Sys=0.00s Real=0.15s
......[4593.932s][info][gc,start       ] GC(602) Pause Young (Normal) (G1 Evacuation Pause)
[4593.932s][info][gc,task        ] GC(602) Using 8 workers of 8 for evacuation
[4594.085s][info][gc,phases      ] GC(602)   Pre Evacuate Collection Set: 0.24ms
[4594.085s][info][gc,phases      ] GC(602)   Merge Heap Roots: 0.54ms
[4594.085s][info][gc,phases      ] GC(602)   Evacuate Collection Set: 150.67ms
[4594.085s][info][gc,phases      ] GC(602)   Post Evacuate Collection Set: 1.06ms
[4594.085s][info][gc,phases      ] GC(602)   Other: 0.06ms
[4594.085s][info][gc,heap        ] GC(602) Eden regions: 571->0(569)
[4594.085s][info][gc,heap        ] GC(602) Survivor regions: 43->45(77)
[4594.085s][info][gc,heap        ] GC(602) Old regions: 249->256
[4594.085s][info][gc,heap        ] GC(602) Humongous regions: 33->33
[4594.085s][info][gc,metaspace   ] GC(602) Metaspace: 35834K(38144K)->35834K(38144K) NonClass: 26762K(27072K)->26762K(27072K) Class: 9071K(11072K)->9071K(11072K)
[4594.085s][info][gc             ] GC(602) Pause Young (Normal) (G1 Evacuation Pause) 7140M->2640M(8192M) 152.697ms
[4594.085s][info][gc,cpu         ] GC(602) User=1.21s Sys=0.00s Real=0.15s
.....[4599.251s][info][gc,start       ] GC(603) Pause Young (Normal) (G1 Evacuation Pause)
[4599.251s][info][gc,task        ] GC(603) Using 8 workers of 8 for evacuation
[4599.393s][info][gc,phases      ] GC(603)   Pre Evacuate Collection Set: 0.27ms
[4599.393s][info][gc,phases      ] GC(603)   Merge Heap Roots: 0.56ms
[4599.393s][info][gc,phases      ] GC(603)   Evacuate Collection Set: 140.23ms
[4599.393s][info][gc,phases      ] GC(603)   Post Evacuate Collection Set: 1.05ms
[4599.393s][info][gc,phases      ] GC(603)   Other: 0.06ms
[4599.393s][info][gc,heap        ] GC(603) Eden regions: 569->0(572)
[4599.393s][info][gc,heap        ] GC(603) Survivor regions: 45->42(77)
[4599.393s][info][gc,heap        ] GC(603) Old regions: 256->263
[4599.393s][info][gc,heap        ] GC(603) Humongous regions: 33->33
[4599.393s][info][gc,metaspace   ] GC(603) Metaspace: 35834K(38144K)->35834K(38144K) NonClass: 26762K(27072K)->26762K(27072K) Class: 9071K(11072K)->9071K(11072K)
[4599.393s][info][gc             ] GC(603) Pause Young (Normal) (G1 Evacuation Pause) 7192M->2675M(8192M) 142.298ms
[4599.393s][info][gc,cpu         ] GC(603) User=1.13s Sys=0.00s Real=0.14s
.....[4604.615s][info][gc,start       ] GC(604) Pause Young (Normal) (G1 Evacuation Pause)
[4604.616s][info][gc,task        ] GC(604) Using 8 workers of 8 for evacuation
[4604.760s][info][gc,phases      ] GC(604)   Pre Evacuate Collection Set: 0.28ms
[4604.760s][info][gc,phases      ] GC(604)   Merge Heap Roots: 0.54ms
[4604.760s][info][gc,phases      ] GC(604)   Evacuate Collection Set: 142.15ms
[4604.760s][info][gc,phases      ] GC(604)   Post Evacuate Collection Set: 1.04ms
[4604.760s][info][gc,phases      ] GC(604)   Other: 0.06ms
[4604.760s][info][gc,heap        ] GC(604) Eden regions: 572->0(571)
[4604.760s][info][gc,heap        ] GC(604) Survivor regions: 42->43(77)
[4604.760s][info][gc,heap        ] GC(604) Old regions: 263->270
[4604.760s][info][gc,heap        ] GC(604) Humongous regions: 33->33
[4604.760s][info][gc,metaspace   ] GC(604) Metaspace: 35834K(38144K)->35834K(38144K) NonClass: 26762K(27072K)->26762K(27072K) Class: 9071K(11072K)->9071K(11072K)
[4604.760s][info][gc             ] GC(604) Pause Young (Normal) (G1 Evacuation Pause) 7251M->2740M(8192M) 144.208ms
[4604.760s][info][gc,cpu         ] GC(604) User=1.14s Sys=0.00s Real=0.15s
......[4609.960s][info][gc,start       ] GC(605) Pause Young (Normal) (G1 Evacuation Pause)
[4609.960s][info][gc,task        ] GC(605) Using 8 workers of 8 for evacuation
[4610.102s][info][gc,phases      ] GC(605)   Pre Evacuate Collection Set: 0.24ms
[4610.102s][info][gc,phases      ] GC(605)   Merge Heap Roots: 0.60ms
[4610.102s][info][gc,phases      ] GC(605)   Evacuate Collection Set: 139.80ms
[4610.102s][info][gc,phases      ] GC(605)   Post Evacuate Collection Set: 1.05ms
[4610.102s][info][gc,phases      ] GC(605)   Other: 0.07ms
[4610.102s][info][gc,heap        ] GC(605) Eden regions: 571->0(572)
[4610.102s][info][gc,heap        ] GC(605) Survivor regions: 43->42(77)
[4610.102s][info][gc,heap        ] GC(605) Old regions: 270->277
[4610.102s][info][gc,heap        ] GC(605) Humongous regions: 33->33
[4610.102s][info][gc,metaspace   ] GC(605) Metaspace: 35834K(38144K)->35834K(38144K) NonClass: 26762K(27072K)->26762K(27072K) Class: 9071K(11072K)->9071K(11072K)
[4610.102s][info][gc             ] GC(605) Pause Young (Normal) (G1 Evacuation Pause) 7308M->2787M(8192M) 141.892ms
[4610.102s][info][gc,cpu         ] GC(605) User=1.12s Sys=0.00s Real=0.14s
.....[4615.198s][info][gc,start       ] GC(606) Pause Young (Normal) (G1 Evacuation Pause)
[4615.198s][info][gc,task        ] GC(606) Using 8 workers of 8 for evacuation
[4615.348s][info][gc,phases      ] GC(606)   Pre Evacuate Collection Set: 0.29ms
[4615.348s][info][gc,phases      ] GC(606)   Merge Heap Roots: 0.64ms
[4615.348s][info][gc,phases      ] GC(606)   Evacuate Collection Set: 148.17ms
[4615.348s][info][gc,phases      ] GC(606)   Post Evacuate Collection Set: 1.06ms
[4615.348s][info][gc,phases      ] GC(606)   Other: 0.06ms
[4615.348s][info][gc,heap        ] GC(606) Eden regions: 572->0(564)
[4615.348s][info][gc,heap        ] GC(606) Survivor regions: 42->45(77)
[4615.348s][info][gc,heap        ] GC(606) Old regions: 277->285
[4615.348s][info][gc,heap        ] GC(606) Humongous regions: 33->33
[4615.348s][info][gc,metaspace   ] GC(606) Metaspace: 35834K(38144K)->35834K(38144K) NonClass: 26762K(27072K)->26762K(27072K) Class: 9071K(11072K)->9071K(11072K)
[4615.348s][info][gc             ] GC(606) Pause Young (Normal) (G1 Evacuation Pause) 7363M->2865M(8192M) 150.360ms
[4615.348s][info][gc,cpu         ] GC(606) User=1.19s Sys=0.00s Real=0.15s
.....[4620.590s][info][gc,start       ] GC(607) Pause Young (Normal) (G1 Evacuation Pause)
[4620.590s][info][gc,task        ] GC(607) Using 8 workers of 8 for evacuation
[4620.735s][info][gc,phases      ] GC(607)   Pre Evacuate Collection Set: 0.28ms
[4620.735s][info][gc,phases      ] GC(607)   Merge Heap Roots: 0.56ms
[4620.735s][info][gc,phases      ] GC(607)   Evacuate Collection Set: 142.14ms
[4620.735s][info][gc,phases      ] GC(607)   Post Evacuate Collection Set: 1.08ms
[4620.735s][info][gc,phases      ] GC(607)   Other: 0.07ms
[4620.735s][info][gc,heap        ] GC(607) Eden regions: 564->0(561)
[4620.735s][info][gc,heap        ] GC(607) Survivor regions: 45->43(77)
[4620.735s][info][gc,heap        ] GC(607) Old regions: 285->292
[4620.735s][info][gc,heap        ] GC(607) Humongous regions: 33->33
[4620.735s][info][gc,metaspace   ] GC(607) Metaspace: 35834K(38144K)->35834K(38144K) NonClass: 26762K(27072K)->26762K(27072K) Class: 9071K(11072K)->9071K(11072K)
[4620.735s][info][gc             ] GC(607) Pause Young (Normal) (G1 Evacuation Pause) 7377M->2906M(8192M) 144.276ms
[4620.735s][info][gc,cpu         ] GC(607) User=1.14s Sys=0.01s Real=0.14s
......[4625.821s][info][gc,start       ] GC(608) Pause Young (Normal) (G1 Evacuation Pause)
[4625.821s][info][gc,task        ] GC(608) Using 8 workers of 8 for evacuation
[4625.964s][info][gc,phases      ] GC(608)   Pre Evacuate Collection Set: 0.27ms
[4625.964s][info][gc,phases      ] GC(608)   Merge Heap Roots: 0.62ms
[4625.964s][info][gc,phases      ] GC(608)   Evacuate Collection Set: 141.14ms
[4625.964s][info][gc,phases      ] GC(608)   Post Evacuate Collection Set: 1.03ms
[4625.964s][info][gc,phases      ] GC(608)   Other: 0.07ms
[4625.964s][info][gc,heap        ] GC(608) Eden regions: 561->0(554)
[4625.964s][info][gc,heap        ] GC(608) Survivor regions: 43->43(76)
[4625.964s][info][gc,heap        ] GC(608) Old regions: 292->299
[4625.964s][info][gc,heap        ] GC(608) Humongous regions: 33->33
[4625.964s][info][gc,metaspace   ] GC(608) Metaspace: 35834K(38144K)->35834K(38144K) NonClass: 26762K(27072K)->26762K(27072K) Class: 9071K(11072K)->9071K(11072K)
[4625.964s][info][gc             ] GC(608) Pause Young (Normal) (G1 Evacuation Pause) 7394M->2968M(8192M) 143.273ms
[4625.964s][info][gc,cpu         ] GC(608) User=1.13s Sys=0.00s Real=0.14s
. (rIR:aIR:PR = 7195:7197:7197) (tPR = 107181) [OK] 
  4626s: Performance info:
         Transaction,    Success,    Partial,     Failed,   Receipts, AvgBarcode, 
             Overall,     432834,          0,          0,     411184,      59.48, 
         Response times:
             Request,    Success,    Partial,     Failed,   SkipFail,     Probes,    Samples,      min,      p50,      p90,      p95,      p99,      max, 
       TotalPurchase,     411189,          0,          0,          0,     360444,     406111,      300,     4800,     9100,    16400,    64000,   368000,
     InStorePurchase,     216617,          0,          0,          0,     189176,     212646,      400,     4900,     9100,    17100,    65000,   368000,
      OnlinePurchase,     151332,          0,          0,          0,     132808,     149859,      300,     4800,     9100,    16100,    64000,   367000,
        InstPurchase,      43240,          0,          0,          0,      38460,      43606,      400,     4600,     9000,    15100,    65000,   368000,
          AssocOfCat,        435,          0,          0,          0,        353,        456,    22000,    37000,    53000,    62000,    95300,   194000,
      AssocOfProduct,       4326,          0,          0,          0,       4062,       4893,      500,     5100,     9600,    15920,    61000,   169000,
      BusinessReport,       1084,          0,          0,          0,        952,       1200,    31000,    43000,    63000,   108900,   197980,   225000,
          CustBuyBeh,       4344,          0,          0,          0,       4015,       4762,      200,     3900,     8900,    15000,    66370,   366000,
       ProductReturn,      11474,          0,          0,          0,       9740,      11269,      200,     5100,     8900,    16850,    70000,   260000,

  4626s: (53%)   IR =   7334 ....[4630.950s][info][gc,start       ] GC(609) Pause Young (Normal) (G1 Evacuation Pause)
[4630.950s][info][gc,task        ] GC(609) Using 8 workers of 8 for evacuation
[4631.091s][info][gc,phases      ] GC(609)   Pre Evacuate Collection Set: 0.27ms
[4631.091s][info][gc,phases      ] GC(609)   Merge Heap Roots: 0.56ms
[4631.091s][info][gc,phases      ] GC(609)   Evacuate Collection Set: 139.21ms
[4631.091s][info][gc,phases      ] GC(609)   Post Evacuate Collection Set: 1.06ms
[4631.091s][info][gc,phases      ] GC(609)   Other: 0.06ms
[4631.091s][info][gc,heap        ] GC(609) Eden regions: 554->0(549)
[4631.091s][info][gc,heap        ] GC(609) Survivor regions: 43->42(75)
[4631.091s][info][gc,heap        ] GC(609) Old regions: 299->306
[4631.091s][info][gc,heap        ] GC(609) Humongous regions: 33->33
[4631.091s][info][gc,metaspace   ] GC(609) Metaspace: 35834K(38144K)->35834K(38144K) NonClass: 26762K(27072K)->26762K(27072K) Class: 9071K(11072K)->9071K(11072K)
[4631.091s][info][gc             ] GC(609) Pause Young (Normal) (G1 Evacuation Pause) 7400M->3016M(8192M) 141.307ms
[4631.091s][info][gc,cpu         ] GC(609) User=1.11s Sys=0.00s Real=0.14s
.|....[4636.054s][info][gc,start       ] GC(610) Pause Young (Normal) (G1 Evacuation Pause)
[4636.054s][info][gc,task        ] GC(610) Using 8 workers of 8 for evacuation
[4636.199s][info][gc,phases      ] GC(610)   Pre Evacuate Collection Set: 0.27ms
[4636.199s][info][gc,phases      ] GC(610)   Merge Heap Roots: 0.53ms
[4636.199s][info][gc,phases      ] GC(610)   Evacuate Collection Set: 142.56ms
[4636.199s][info][gc,phases      ] GC(610)   Post Evacuate Collection Set: 1.09ms
[4636.199s][info][gc,phases      ] GC(610)   Other: 0.06ms
[4636.199s][info][gc,heap        ] GC(610) Eden regions: 549->0(539)
[4636.199s][info][gc,heap        ] GC(610) Survivor regions: 42->43(74)
[4636.199s][info][gc,heap        ] GC(610) Old regions: 306->314
[4636.199s][info][gc,heap        ] GC(610) Humongous regions: 33->33
[4636.199s][info][gc,metaspace   ] GC(610) Metaspace: 35834K(38144K)->35834K(38144K) NonClass: 26762K(27072K)->26762K(27072K) Class: 9071K(11072K)->9071K(11072K)
[4636.199s][info][gc             ] GC(610) Pause Young (Normal) (G1 Evacuation Pause) 7408M->3085M(8192M) 144.666ms
[4636.199s][info][gc,cpu         ] GC(610) User=1.14s Sys=0.00s Real=0.15s
.....[4641.002s][info][gc,start       ] GC(611) Pause Young (Concurrent Start) (G1 Evacuation Pause)
[4641.002s][info][gc,task        ] GC(611) Using 8 workers of 8 for evacuation
[4641.144s][info][gc,phases      ] GC(611)   Pre Evacuate Collection Set: 0.29ms
[4641.144s][info][gc,phases      ] GC(611)   Merge Heap Roots: 0.54ms
[4641.144s][info][gc,phases      ] GC(611)   Evacuate Collection Set: 140.48ms
[4641.144s][info][gc,phases      ] GC(611)   Post Evacuate Collection Set: 1.02ms
[4641.144s][info][gc,phases      ] GC(611)   Other: 0.08ms
[4641.144s][info][gc,heap        ] GC(611) Eden regions: 539->0(534)
[4641.144s][info][gc,heap        ] GC(611) Survivor regions: 43->42(73)
[4641.144s][info][gc,heap        ] GC(611) Old regions: 314->321
[4641.144s][info][gc,heap        ] GC(611) Humongous regions: 33->33
[4641.144s][info][gc,metaspace   ] GC(611) Metaspace: 35834K(38144K)->35834K(38144K) NonClass: 26762K(27072K)->26762K(27072K) Class: 9071K(11072K)->9071K(11072K)
[4641.144s][info][gc             ] GC(611) Pause Young (Concurrent Start) (G1 Evacuation Pause) 7397M->3133M(8192M) 142.533ms
[4641.144s][info][gc,cpu         ] GC(611) User=1.13s Sys=0.00s Real=0.14s
[4641.144s][info][gc             ] GC(612) Concurrent Mark Cycle
[4641.144s][info][gc,marking     ] GC(612) Concurrent Scan Root Regions
[4641.437s][info][gc,marking     ] GC(612) Concurrent Scan Root Regions 292.390ms
[4641.437s][info][gc,marking     ] GC(612) Concurrent Mark
[4641.437s][info][gc,marking     ] GC(612) Concurrent Mark From Roots
[4641.437s][info][gc,task        ] GC(612) Using 2 workers of 2 for marking
.[4642.230s][info][gc,marking     ] GC(612) Concurrent Mark From Roots 792.902ms
[4642.230s][info][gc,marking     ] GC(612) Concurrent Preclean
[4642.230s][info][gc,marking     ] GC(612) Concurrent Preclean 0.151ms
[4642.230s][info][gc,start       ] GC(612) Pause Remark
[4642.232s][info][gc             ] GC(612) Pause Remark 4192M->3568M(8192M) 2.413ms
[4642.232s][info][gc,cpu         ] GC(612) User=0.02s Sys=0.00s Real=0.00s
[4642.232s][info][gc,marking     ] GC(612) Concurrent Mark 795.791ms
[4642.232s][info][gc,marking     ] GC(612) Concurrent Rebuild Remembered Sets and Scrub Regions
[4642.700s][info][gc,marking     ] GC(612) Concurrent Rebuild Remembered Sets and Scrub Regions 467.643ms
[4642.700s][info][gc,start       ] GC(612) Pause Cleanup
[4642.701s][info][gc             ] GC(612) Pause Cleanup 3993M->3993M(8192M) 0.271ms
[4642.701s][info][gc,cpu         ] GC(612) User=0.00s Sys=0.00s Real=0.00s
[4642.701s][info][gc,marking     ] GC(612) Concurrent Clear Claimed Marks
[4642.701s][info][gc,marking     ] GC(612) Concurrent Clear Claimed Marks 0.046ms
[4642.701s][info][gc,marking     ] GC(612) Concurrent Cleanup for Next Mark
[4642.708s][info][gc,marking     ] GC(612) Concurrent Cleanup for Next Mark 7.537ms
[4642.708s][info][gc             ] GC(612) Concurrent Mark Cycle 1564.045ms
....[4645.942s][info][gc,start       ] GC(613) Pause Young (Prepare Mixed) (G1 Evacuation Pause)
[4645.943s][info][gc,task        ] GC(613) Using 8 workers of 8 for evacuation
[4646.087s][info][gc,phases      ] GC(613)   Pre Evacuate Collection Set: 0.27ms
[4646.087s][info][gc,phases      ] GC(613)   Merge Heap Roots: 0.70ms
[4646.087s][info][gc,phases      ] GC(613)   Evacuate Collection Set: 142.05ms
[4646.087s][info][gc,phases      ] GC(613)   Post Evacuate Collection Set: 1.11ms
[4646.087s][info][gc,phases      ] GC(613)   Other: 0.07ms
[4646.087s][info][gc,heap        ] GC(613) Eden regions: 534->0(571)
[4646.087s][info][gc,heap        ] GC(613) Survivor regions: 42->43(72)
[4646.087s][info][gc,heap        ] GC(613) Old regions: 243->251
[4646.087s][info][gc,heap        ] GC(613) Humongous regions: 33->33
[4646.087s][info][gc,metaspace   ] GC(613) Metaspace: 35834K(38144K)->35834K(38144K) NonClass: 26762K(27072K)->26762K(27072K) Class: 9071K(11072K)->9071K(11072K)
[4646.087s][info][gc             ] GC(613) Pause Young (Prepare Mixed) (G1 Evacuation Pause) 6781M->2582M(8192M) 144.331ms
[4646.087s][info][gc,cpu         ] GC(613) User=1.15s Sys=0.00s Real=0.14s
.....[4651.190s][info][gc,start       ] GC(614) Pause Young (Mixed) (G1 Evacuation Pause)
[4651.190s][info][gc,task        ] GC(614) Using 8 workers of 8 for evacuation
[4651.343s][info][gc,phases      ] GC(614)   Pre Evacuate Collection Set: 0.31ms
[4651.343s][info][gc,phases      ] GC(614)   Merge Heap Roots: 0.97ms
[4651.343s][info][gc,phases      ] GC(614)   Evacuate Collection Set: 150.31ms
[4651.343s][info][gc,phases      ] GC(614)   Post Evacuate Collection Set: 1.28ms
[4651.343s][info][gc,phases      ] GC(614)   Other: 0.08ms
[4651.343s][info][gc,heap        ] GC(614) Eden regions: 571->0(572)
[4651.343s][info][gc,heap        ] GC(614) Survivor regions: 43->42(77)
[4651.343s][info][gc,heap        ] GC(614) Old regions: 251->156
[4651.343s][info][gc,heap        ] GC(614) Humongous regions: 33->33
[4651.343s][info][gc,metaspace   ] GC(614) Metaspace: 35834K(38144K)->35834K(38144K) NonClass: 26762K(27072K)->26762K(27072K) Class: 9071K(11072K)->9071K(11072K)
[4651.343s][info][gc             ] GC(614) Pause Young (Mixed) (G1 Evacuation Pause) 7150M->1819M(8192M) 153.070ms
[4651.343s][info][gc,cpu         ] GC(614) User=1.21s Sys=0.00s Real=0.15s
.....[4656.468s][info][gc,start       ] GC(615) Pause Young (Mixed) (G1 Evacuation Pause)
[4656.468s][info][gc,task        ] GC(615) Using 8 workers of 8 for evacuation
[4656.621s][info][gc,phases      ] GC(615)   Pre Evacuate Collection Set: 0.25ms
[4656.621s][info][gc,phases      ] GC(615)   Merge Heap Roots: 0.89ms
[4656.621s][info][gc,phases      ] GC(615)   Evacuate Collection Set: 150.30ms
[4656.621s][info][gc,phases      ] GC(615)   Post Evacuate Collection Set: 1.11ms
[4656.621s][info][gc,phases      ] GC(615)   Other: 0.07ms
[4656.621s][info][gc,heap        ] GC(615) Eden regions: 572->0(571)
[4656.621s][info][gc,heap        ] GC(615) Survivor regions: 42->43(77)
[4656.621s][info][gc,heap        ] GC(615) Old regions: 156->143
[4656.621s][info][gc,heap        ] GC(615) Humongous regions: 33->33
[4656.621s][info][gc,metaspace   ] GC(615) Metaspace: 35834K(38144K)->35834K(38144K) NonClass: 26762K(27072K)->26762K(27072K) Class: 9071K(11072K)->9071K(11072K)
[4656.621s][info][gc             ] GC(615) Pause Young (Mixed) (G1 Evacuation Pause) 6395M->1719M(8192M) 152.765ms
[4656.621s][info][gc,cpu         ] GC(615) User=1.21s Sys=0.00s Real=0.15s
.....[4661.745s][info][gc,start       ] GC(616) Pause Young (Normal) (G1 Evacuation Pause)
[4661.745s][info][gc,task        ] GC(616) Using 8 workers of 8 for evacuation
[4661.889s][info][gc,phases      ] GC(616)   Pre Evacuate Collection Set: 0.28ms
[4661.889s][info][gc,phases      ] GC(616)   Merge Heap Roots: 0.55ms
[4661.889s][info][gc,phases      ] GC(616)   Evacuate Collection Set: 141.86ms
[4661.889s][info][gc,phases      ] GC(616)   Post Evacuate Collection Set: 1.03ms
[4661.889s][info][gc,phases      ] GC(616)   Other: 0.06ms
[4661.889s][info][gc,heap        ] GC(616) Eden regions: 571->0(571)
[4661.889s][info][gc,heap        ] GC(616) Survivor regions: 43->43(77)
[4661.889s][info][gc,heap        ] GC(616) Old regions: 143->150
[4661.889s][info][gc,heap        ] GC(616) Humongous regions: 33->33
[4661.889s][info][gc,metaspace   ] GC(616) Metaspace: 35834K(38144K)->35834K(38144K) NonClass: 26762K(27072K)->26762K(27072K) Class: 9071K(11072K)->9071K(11072K)
[4661.889s][info][gc             ] GC(616) Pause Young (Normal) (G1 Evacuation Pause) 6287M->1771M(8192M) 143.918ms
[4661.889s][info][gc,cpu         ] GC(616) User=1.13s Sys=0.00s Real=0.15s
......[4666.976s][info][gc,start       ] GC(617) Pause Young (Normal) (G1 Evacuation Pause)
[4666.976s][info][gc,task        ] GC(617) Using 8 workers of 8 for evacuation
[4667.119s][info][gc,phases      ] GC(617)   Pre Evacuate Collection Set: 0.25ms
[4667.119s][info][gc,phases      ] GC(617)   Merge Heap Roots: 0.54ms
[4667.119s][info][gc,phases      ] GC(617)   Evacuate Collection Set: 141.15ms
[4667.119s][info][gc,phases      ] GC(617)   Post Evacuate Collection Set: 1.10ms
[4667.119s][info][gc,phases      ] GC(617)   Other: 0.06ms
[4667.119s][info][gc,heap        ] GC(617) Eden regions: 571->0(572)
[4667.119s][info][gc,heap        ] GC(617) Survivor regions: 43->42(77)
[4667.119s][info][gc,heap        ] GC(617) Old regions: 150->157
[4667.119s][info][gc,heap        ] GC(617) Humongous regions: 33->33
[4667.119s][info][gc,metaspace   ] GC(617) Metaspace: 35834K(38144K)->35834K(38144K) NonClass: 26762K(27072K)->26762K(27072K) Class: 9071K(11072K)->9071K(11072K)
[4667.119s][info][gc             ] GC(617) Pause Young (Normal) (G1 Evacuation Pause) 6339M->1822M(8192M) 143.248ms
[4667.119s][info][gc,cpu         ] GC(617) User=1.13s Sys=0.00s Real=0.15s
.....[4672.180s][info][gc,start       ] GC(618) Pause Young (Normal) (G1 Evacuation Pause)
[4672.180s][info][gc,task        ] GC(618) Using 8 workers of 8 for evacuation
[4672.322s][info][gc,phases      ] GC(618)   Pre Evacuate Collection Set: 0.26ms
[4672.322s][info][gc,phases      ] GC(618)   Merge Heap Roots: 0.58ms
[4672.322s][info][gc,phases      ] GC(618)   Evacuate Collection Set: 140.18ms
[4672.322s][info][gc,phases      ] GC(618)   Post Evacuate Collection Set: 1.12ms
[4672.322s][info][gc,phases      ] GC(618)   Other: 0.07ms
[4672.322s][info][gc,heap        ] GC(618) Eden regions: 572->0(571)
[4672.322s][info][gc,heap        ] GC(618) Survivor regions: 42->43(77)
[4672.322s][info][gc,heap        ] GC(618) Old regions: 157->164
[4672.322s][info][gc,heap        ] GC(618) Humongous regions: 33->33
[4672.322s][info][gc,metaspace   ] GC(618) Metaspace: 35834K(38144K)->35834K(38144K) NonClass: 26762K(27072K)->26762K(27072K) Class: 9071K(11072K)->9071K(11072K)
[4672.323s][info][gc             ] GC(618) Pause Young (Normal) (G1 Evacuation Pause) 6398M->1882M(8192M) 142.333ms
[4672.323s][info][gc,cpu         ] GC(618) User=1.13s Sys=0.01s Real=0.14s
.....[4677.485s][info][gc,start       ] GC(619) Pause Young (Normal) (G1 Evacuation Pause)
[4677.485s][info][gc,task        ] GC(619) Using 8 workers of 8 for evacuation
[4677.629s][info][gc,phases      ] GC(619)   Pre Evacuate Collection Set: 0.25ms
[4677.629s][info][gc,phases      ] GC(619)   Merge Heap Roots: 0.62ms
[4677.629s][info][gc,phases      ] GC(619)   Evacuate Collection Set: 141.86ms
[4677.629s][info][gc,phases      ] GC(619)   Post Evacuate Collection Set: 1.05ms
[4677.629s][info][gc,phases      ] GC(619)   Other: 0.06ms
[4677.629s][info][gc,heap        ] GC(619) Eden regions: 571->0(572)
[4677.629s][info][gc,heap        ] GC(619) Survivor regions: 43->42(77)
[4677.629s][info][gc,heap        ] GC(619) Old regions: 164->171
[4677.629s][info][gc,heap        ] GC(619) Humongous regions: 33->33
[4677.629s][info][gc,metaspace   ] GC(619) Metaspace: 35834K(38144K)->35834K(38144K) NonClass: 26762K(27072K)->26762K(27072K) Class: 9071K(11072K)->9071K(11072K)
[4677.629s][info][gc             ] GC(619) Pause Young (Normal) (G1 Evacuation Pause) 6450M->1938M(8192M) 143.961ms
[4677.629s][info][gc,cpu         ] GC(619) User=1.14s Sys=0.00s Real=0.15s
.....[4682.690s][info][gc,start       ] GC(620) Pause Young (Normal) (G1 Evacuation Pause)
[4682.690s][info][gc,task        ] GC(620) Using 8 workers of 8 for evacuation
[4682.836s][info][gc,phases      ] GC(620)   Pre Evacuate Collection Set: 0.25ms
[4682.836s][info][gc,phases      ] GC(620)   Merge Heap Roots: 0.55ms
[4682.836s][info][gc,phases      ] GC(620)   Evacuate Collection Set: 143.79ms
[4682.836s][info][gc,phases      ] GC(620)   Post Evacuate Collection Set: 1.05ms
[4682.836s][info][gc,phases      ] GC(620)   Other: 0.08ms
[4682.836s][info][gc,heap        ] GC(620) Eden regions: 572->0(571)
[4682.836s][info][gc,heap        ] GC(620) Survivor regions: 42->43(77)
[4682.836s][info][gc,heap        ] GC(620) Old regions: 171->178
[4682.836s][info][gc,heap        ] GC(620) Humongous regions: 33->33
[4682.836s][info][gc,metaspace   ] GC(620) Metaspace: 35834K(38144K)->35834K(38144K) NonClass: 26762K(27072K)->26762K(27072K) Class: 9071K(11072K)->9071K(11072K)
[4682.836s][info][gc             ] GC(620) Pause Young (Normal) (G1 Evacuation Pause) 6514M->2002M(8192M) 145.866ms
[4682.836s][info][gc,cpu         ] GC(620) User=1.15s Sys=0.01s Real=0.14s
......[4687.981s][info][gc,start       ] GC(621) Pause Young (Normal) (G1 Evacuation Pause)
[4687.981s][info][gc,task        ] GC(621) Using 8 workers of 8 for evacuation
[4688.123s][info][gc,phases      ] GC(621)   Pre Evacuate Collection Set: 0.28ms
[4688.123s][info][gc,phases      ] GC(621)   Merge Heap Roots: 0.55ms
[4688.123s][info][gc,phases      ] GC(621)   Evacuate Collection Set: 139.91ms
[4688.123s][info][gc,phases      ] GC(621)   Post Evacuate Collection Set: 1.09ms
[4688.123s][info][gc,phases      ] GC(621)   Other: 0.07ms
[4688.123s][info][gc,heap        ] GC(621) Eden regions: 571->0(572)
[4688.123s][info][gc,heap        ] GC(621) Survivor regions: 43->42(77)
[4688.123s][info][gc,heap        ] GC(621) Old regions: 178->185
[4688.123s][info][gc,heap        ] GC(621) Humongous regions: 33->33
[4688.123s][info][gc,metaspace   ] GC(621) Metaspace: 35834K(38144K)->35834K(38144K) NonClass: 26762K(27072K)->26762K(27072K) Class: 9071K(11072K)->9071K(11072K)
[4688.123s][info][gc             ] GC(621) Pause Young (Normal) (G1 Evacuation Pause) 6570M->2051M(8192M) 142.027ms
[4688.123s][info][gc,cpu         ] GC(621) User=1.12s Sys=0.00s Real=0.14s
.... (rIR:aIR:PR = 7334:7327:7326) (tPR = 109297) [OK] 
  4691s: Performance info:
         Transaction,    Success,    Partial,     Failed,   Receipts, AvgBarcode, 
             Overall,     439771,          0,          0,     417749,      59.48, 
         Response times:
             Request,    Success,    Partial,     Failed,   SkipFail,     Probes,    Samples,      min,      p50,      p90,      p95,      p99,      max, 
       TotalPurchase,     417783,          0,          0,          0,     360645,     391618,      300,     4900,     9400,    14700,    71000,   482000,
     InStorePurchase,     219643,          0,          0,          0,     189746,     205997,      300,     4800,     9400,    14600,    70000,   482000,
      OnlinePurchase,     154192,          0,          0,          0,     132603,     143697,      300,     5000,     9500,    15100,    72000,   479000,
        InstPurchase,      43948,          0,          0,          0,      38296,      41924,      500,     5100,     9500,    14400,    71000,   475000,
          AssocOfCat,        441,          0,          0,          0,        359,        480,    26000,    37000,    53900,    61950,   176710,   207000,
      AssocOfProduct,       4418,          0,          0,          0,       4115,       4672,      500,     4100,     9500,    13835,    65000,   479000,
      BusinessReport,       1098,          0,          0,          0,        969,       1148,    29000,    43000,    62000,    78000,   188550,   303000,
          CustBuyBeh,       4396,          0,          0,          0,       4084,       4651,      300,     4800,     9200,    14300,    75480,   197000,
       ProductReturn,      11672,          0,          0,          0,      10018,      11147,      200,     5000,     9200,    16300,    76000,   273000,

  4691s: (54%)   IR =   7472 .[4693.164s][info][gc,start       ] GC(622) Pause Young (Normal) (G1 Evacuation Pause)
[4693.165s][info][gc,task        ] GC(622) Using 8 workers of 8 for evacuation
[4693.312s][info][gc,phases      ] GC(622)   Pre Evacuate Collection Set: 0.27ms
[4693.312s][info][gc,phases      ] GC(622)   Merge Heap Roots: 0.56ms
[4693.312s][info][gc,phases      ] GC(622)   Evacuate Collection Set: 145.80ms
[4693.312s][info][gc,phases      ] GC(622)   Post Evacuate Collection Set: 1.06ms
[4693.312s][info][gc,phases      ] GC(622)   Other: 0.06ms
[4693.312s][info][gc,heap        ] GC(622) Eden regions: 572->0(571)
[4693.312s][info][gc,heap        ] GC(622) Survivor regions: 42->43(77)
[4693.312s][info][gc,heap        ] GC(622) Old regions: 185->192
[4693.312s][info][gc,heap        ] GC(622) Humongous regions: 33->33
[4693.312s][info][gc,metaspace   ] GC(622) Metaspace: 35834K(38144K)->35834K(38144K) NonClass: 26762K(27072K)->26762K(27072K) Class: 9071K(11072K)->9071K(11072K)
[4693.312s][info][gc             ] GC(622) Pause Young (Normal) (G1 Evacuation Pause) 6627M->2116M(8192M) 147.898ms
[4693.312s][info][gc,cpu         ] GC(622) User=1.17s Sys=0.00s Real=0.15s
.....[4698.275s][info][gc,start       ] GC(623) Pause Young (Normal) (G1 Evacuation Pause)
[4698.275s][info][gc,task        ] GC(623) Using 8 workers of 8 for evacuation
[4698.417s][info][gc,phases      ] GC(623)   Pre Evacuate Collection Set: 0.29ms
[4698.417s][info][gc,phases      ] GC(623)   Merge Heap Roots: 0.54ms
[4698.417s][info][gc,phases      ] GC(623)   Evacuate Collection Set: 140.27ms
[4698.417s][info][gc,phases      ] GC(623)   Post Evacuate Collection Set: 1.10ms
[4698.417s][info][gc,phases      ] GC(623)   Other: 0.06ms
[4698.417s][info][gc,heap        ] GC(623) Eden regions: 571->0(571)
[4698.417s][info][gc,heap        ] GC(623) Survivor regions: 43->43(77)
[4698.417s][info][gc,heap        ] GC(623) Old regions: 192->199
[4698.417s][info][gc,heap        ] GC(623) Humongous regions: 33->33
[4698.417s][info][gc,metaspace   ] GC(623) Metaspace: 35834K(38144K)->35834K(38144K) NonClass: 26762K(27072K)->26762K(27072K) Class: 9071K(11072K)->9071K(11072K)
[4698.417s][info][gc             ] GC(623) Pause Young (Normal) (G1 Evacuation Pause) 6684M->2168M(8192M) 142.403ms
[4698.417s][info][gc,cpu         ] GC(623) User=1.12s Sys=0.01s Real=0.15s
.|....[4703.445s][info][gc,start       ] GC(624) Pause Young (Normal) (G1 Evacuation Pause)
[4703.445s][info][gc,task        ] GC(624) Using 8 workers of 8 for evacuation
[4703.588s][info][gc,phases      ] GC(624)   Pre Evacuate Collection Set: 0.25ms
[4703.588s][info][gc,phases      ] GC(624)   Merge Heap Roots: 0.55ms
[4703.588s][info][gc,phases      ] GC(624)   Evacuate Collection Set: 141.09ms
[4703.588s][info][gc,phases      ] GC(624)   Post Evacuate Collection Set: 1.05ms
[4703.588s][info][gc,phases      ] GC(624)   Other: 0.06ms
[4703.588s][info][gc,heap        ] GC(624) Eden regions: 571->0(571)
[4703.588s][info][gc,heap        ] GC(624) Survivor regions: 43->43(77)
[4703.588s][info][gc,heap        ] GC(624) Old regions: 199->207
[4703.588s][info][gc,heap        ] GC(624) Humongous regions: 33->33
[4703.588s][info][gc,metaspace   ] GC(624) Metaspace: 35834K(38144K)->35834K(38144K) NonClass: 26762K(27072K)->26762K(27072K) Class: 9071K(11072K)->9071K(11072K)
[4703.588s][info][gc             ] GC(624) Pause Young (Normal) (G1 Evacuation Pause) 6736M->2226M(8192M) 143.121ms
[4703.588s][info][gc,cpu         ] GC(624) User=1.13s Sys=0.00s Real=0.15s
.....[4708.608s][info][gc,start       ] GC(625) Pause Young (Normal) (G1 Evacuation Pause)
[4708.608s][info][gc,task        ] GC(625) Using 8 workers of 8 for evacuation
[4708.752s][info][gc,phases      ] GC(625)   Pre Evacuate Collection Set: 0.30ms
[4708.752s][info][gc,phases      ] GC(625)   Merge Heap Roots: 0.60ms
[4708.752s][info][gc,phases      ] GC(625)   Evacuate Collection Set: 141.98ms
[4708.752s][info][gc,phases      ] GC(625)   Post Evacuate Collection Set: 1.05ms
[4708.752s][info][gc,phases      ] GC(625)   Other: 0.07ms
[4708.752s][info][gc,heap        ] GC(625) Eden regions: 571->0(570)
[4708.752s][info][gc,heap        ] GC(625) Survivor regions: 43->44(77)
[4708.752s][info][gc,heap        ] GC(625) Old regions: 207->214
[4708.752s][info][gc,heap        ] GC(625) Humongous regions: 33->33
[4708.752s][info][gc,metaspace   ] GC(625) Metaspace: 35834K(38144K)->35834K(38144K) NonClass: 26762K(27072K)->26762K(27072K) Class: 9071K(11072K)->9071K(11072K)
[4708.752s][info][gc             ] GC(625) Pause Young (Normal) (G1 Evacuation Pause) 6794M->2290M(8192M) 144.134ms
[4708.752s][info][gc,cpu         ] GC(625) User=1.14s Sys=0.00s Real=0.14s
.....[4713.677s][info][gc,start       ] GC(626) Pause Young (Normal) (G1 Evacuation Pause)
[4713.677s][info][gc,task        ] GC(626) Using 8 workers of 8 for evacuation
[4713.824s][info][gc,phases      ] GC(626)   Pre Evacuate Collection Set: 0.25ms
[4713.824s][info][gc,phases      ] GC(626)   Merge Heap Roots: 0.55ms
[4713.824s][info][gc,phases      ] GC(626)   Evacuate Collection Set: 144.94ms
[4713.824s][info][gc,phases      ] GC(626)   Post Evacuate Collection Set: 1.06ms
[4713.824s][info][gc,phases      ] GC(626)   Other: 0.07ms
[4713.824s][info][gc,heap        ] GC(626) Eden regions: 570->0(570)
[4713.824s][info][gc,heap        ] GC(626) Survivor regions: 44->44(77)
[4713.824s][info][gc,heap        ] GC(626) Old regions: 214->221
[4713.824s][info][gc,heap        ] GC(626) Humongous regions: 33->33
[4713.824s][info][gc,metaspace   ] GC(626) Metaspace: 35834K(38144K)->35834K(38144K) NonClass: 26762K(27072K)->26762K(27072K) Class: 9071K(11072K)->9071K(11072K)
[4713.824s][info][gc             ] GC(626) Pause Young (Normal) (G1 Evacuation Pause) 6850M->2346M(8192M) 147.000ms
[4713.824s][info][gc,cpu         ] GC(626) User=1.16s Sys=0.00s Real=0.15s
.....[4718.801s][info][gc,start       ] GC(627) Pause Young (Normal) (G1 Evacuation Pause)
[4718.801s][info][gc,task        ] GC(627) Using 8 workers of 8 for evacuation
[4718.949s][info][gc,phases      ] GC(627)   Pre Evacuate Collection Set: 0.26ms
[4718.949s][info][gc,phases      ] GC(627)   Merge Heap Roots: 0.62ms
[4718.949s][info][gc,phases      ] GC(627)   Evacuate Collection Set: 145.78ms
[4718.949s][info][gc,phases      ] GC(627)   Post Evacuate Collection Set: 1.08ms
[4718.949s][info][gc,phases      ] GC(627)   Other: 0.07ms
[4718.949s][info][gc,heap        ] GC(627) Eden regions: 570->0(570)
[4718.949s][info][gc,heap        ] GC(627) Survivor regions: 44->44(77)
[4718.949s][info][gc,heap        ] GC(627) Old regions: 221->228
[4718.949s][info][gc,heap        ] GC(627) Humongous regions: 33->33
[4718.949s][info][gc,metaspace   ] GC(627) Metaspace: 35834K(38144K)->35834K(38144K) NonClass: 26762K(27072K)->26762K(27072K) Class: 9071K(11072K)->9071K(11072K)
[4718.949s][info][gc             ] GC(627) Pause Young (Normal) (G1 Evacuation Pause) 6906M->2408M(8192M) 147.971ms
[4718.949s][info][gc,cpu         ] GC(627) User=1.17s Sys=0.00s Real=0.15s
.....[4723.968s][info][gc,start       ] GC(628) Pause Young (Normal) (G1 Evacuation Pause)
[4723.968s][info][gc,task        ] GC(628) Using 8 workers of 8 for evacuation
[4724.116s][info][gc,phases      ] GC(628)   Pre Evacuate Collection Set: 0.28ms
[4724.116s][info][gc,phases      ] GC(628)   Merge Heap Roots: 0.63ms
[4724.116s][info][gc,phases      ] GC(628)   Evacuate Collection Set: 145.64ms
[4724.116s][info][gc,phases      ] GC(628)   Post Evacuate Collection Set: 1.08ms
[4724.116s][info][gc,phases      ] GC(628)   Other: 0.07ms
[4724.116s][info][gc,heap        ] GC(628) Eden regions: 570->0(571)
[4724.116s][info][gc,heap        ] GC(628) Survivor regions: 44->43(77)
[4724.116s][info][gc,heap        ] GC(628) Old regions: 228->235
[4724.116s][info][gc,heap        ] GC(628) Humongous regions: 33->33
[4724.116s][info][gc,metaspace   ] GC(628) Metaspace: 35834K(38144K)->35834K(38144K) NonClass: 26762K(27072K)->26762K(27072K) Class: 9071K(11072K)->9071K(11072K)
[4724.116s][info][gc             ] GC(628) Pause Young (Normal) (G1 Evacuation Pause) 6968M->2458M(8192M) 147.836ms
[4724.116s][info][gc,cpu         ] GC(628) User=1.17s Sys=0.00s Real=0.14s
......[4729.137s][info][gc,start       ] GC(629) Pause Young (Normal) (G1 Evacuation Pause)
[4729.137s][info][gc,task        ] GC(629) Using 8 workers of 8 for evacuation
[4729.280s][info][gc,phases      ] GC(629)   Pre Evacuate Collection Set: 0.25ms
[4729.280s][info][gc,phases      ] GC(629)   Merge Heap Roots: 0.54ms
[4729.280s][info][gc,phases      ] GC(629)   Evacuate Collection Set: 140.75ms
[4729.280s][info][gc,phases      ] GC(629)   Post Evacuate Collection Set: 1.02ms
[4729.280s][info][gc,phases      ] GC(629)   Other: 0.08ms
[4729.280s][info][gc,heap        ] GC(629) Eden regions: 571->0(572)
[4729.280s][info][gc,heap        ] GC(629) Survivor regions: 43->42(77)
[4729.280s][info][gc,heap        ] GC(629) Old regions: 235->243
[4729.280s][info][gc,heap        ] GC(629) Humongous regions: 33->33
[4729.280s][info][gc,metaspace   ] GC(629) Metaspace: 35834K(38144K)->35834K(38144K) NonClass: 26762K(27072K)->26762K(27072K) Class: 9071K(11072K)->9071K(11072K)
[4729.280s][info][gc             ] GC(629) Pause Young (Normal) (G1 Evacuation Pause) 7026M->2509M(8192M) 142.771ms
[4729.280s][info][gc,cpu         ] GC(629) User=1.13s Sys=0.00s Real=0.14s
.....[4734.286s][info][gc,start       ] GC(630) Pause Young (Normal) (G1 Evacuation Pause)
[4734.286s][info][gc,task        ] GC(630) Using 8 workers of 8 for evacuation
[4734.429s][info][gc,phases      ] GC(630)   Pre Evacuate Collection Set: 0.26ms
[4734.430s][info][gc,phases      ] GC(630)   Merge Heap Roots: 0.56ms
[4734.430s][info][gc,phases      ] GC(630)   Evacuate Collection Set: 141.19ms
[4734.430s][info][gc,phases      ] GC(630)   Post Evacuate Collection Set: 1.08ms
[4734.430s][info][gc,phases      ] GC(630)   Other: 0.07ms
[4734.430s][info][gc,heap        ] GC(630) Eden regions: 572->0(571)
[4734.430s][info][gc,heap        ] GC(630) Survivor regions: 42->43(77)
[4734.430s][info][gc,heap        ] GC(630) Old regions: 243->250
[4734.430s][info][gc,heap        ] GC(630) Humongous regions: 33->33
[4734.430s][info][gc,metaspace   ] GC(630) Metaspace: 35834K(38144K)->35834K(38144K) NonClass: 26762K(27072K)->26762K(27072K) Class: 9071K(11072K)->9071K(11072K)
[4734.430s][info][gc             ] GC(630) Pause Young (Normal) (G1 Evacuation Pause) 7085M->2570M(8192M) 143.291ms
[4734.430s][info][gc,cpu         ] GC(630) User=1.13s Sys=0.00s Real=0.15s
.....[4739.489s][info][gc,start       ] GC(631) Pause Young (Normal) (G1 Evacuation Pause)
[4739.489s][info][gc,task        ] GC(631) Using 8 workers of 8 for evacuation
[4739.632s][info][gc,phases      ] GC(631)   Pre Evacuate Collection Set: 0.30ms
[4739.632s][info][gc,phases      ] GC(631)   Merge Heap Roots: 0.60ms
[4739.632s][info][gc,phases      ] GC(631)   Evacuate Collection Set: 141.03ms
[4739.632s][info][gc,phases      ] GC(631)   Post Evacuate Collection Set: 1.06ms
[4739.632s][info][gc,phases      ] GC(631)   Other: 0.07ms
[4739.632s][info][gc,heap        ] GC(631) Eden regions: 571->0(572)
[4739.632s][info][gc,heap        ] GC(631) Survivor regions: 43->42(77)
[4739.632s][info][gc,heap        ] GC(631) Old regions: 250->257
[4739.632s][info][gc,heap        ] GC(631) Humongous regions: 33->33
[4739.632s][info][gc,metaspace   ] GC(631) Metaspace: 35834K(38144K)->35834K(38144K) NonClass: 26762K(27072K)->26762K(27072K) Class: 9071K(11072K)->9071K(11072K)
[4739.632s][info][gc             ] GC(631) Pause Young (Normal) (G1 Evacuation Pause) 7138M->2622M(8192M) 143.189ms
[4739.632s][info][gc,cpu         ] GC(631) User=1.13s Sys=0.00s Real=0.14s
.....[4744.637s][info][gc,start       ] GC(632) Pause Young (Normal) (G1 Evacuation Pause)
[4744.637s][info][gc,task        ] GC(632) Using 8 workers of 8 for evacuation
[4744.786s][info][gc,phases      ] GC(632)   Pre Evacuate Collection Set: 0.27ms
[4744.786s][info][gc,phases      ] GC(632)   Merge Heap Roots: 0.55ms
[4744.786s][info][gc,phases      ] GC(632)   Evacuate Collection Set: 146.81ms
[4744.786s][info][gc,phases      ] GC(632)   Post Evacuate Collection Set: 1.06ms
[4744.786s][info][gc,phases      ] GC(632)   Other: 0.07ms
[4744.786s][info][gc,heap        ] GC(632) Eden regions: 572->0(571)
[4744.786s][info][gc,heap        ] GC(632) Survivor regions: 42->43(77)
[4744.786s][info][gc,heap        ] GC(632) Old regions: 257->264
[4744.786s][info][gc,heap        ] GC(632) Humongous regions: 33->33
[4744.786s][info][gc,metaspace   ] GC(632) Metaspace: 35834K(38144K)->35834K(38144K) NonClass: 26762K(27072K)->26762K(27072K) Class: 9071K(11072K)->9071K(11072K)
[4744.786s][info][gc             ] GC(632) Pause Young (Normal) (G1 Evacuation Pause) 7198M->2688M(8192M) 148.889ms
[4744.786s][info][gc,cpu         ] GC(632) User=1.17s Sys=0.00s Real=0.14s
.....[4749.652s][info][gc,start       ] GC(633) Pause Young (Normal) (G1 Evacuation Pause)
[4749.652s][info][gc,task        ] GC(633) Using 8 workers of 8 for evacuation
[4749.795s][info][gc,phases      ] GC(633)   Pre Evacuate Collection Set: 0.28ms
[4749.795s][info][gc,phases      ] GC(633)   Merge Heap Roots: 0.54ms
[4749.795s][info][gc,phases      ] GC(633)   Evacuate Collection Set: 141.21ms
[4749.795s][info][gc,phases      ] GC(633)   Post Evacuate Collection Set: 1.04ms
[4749.795s][info][gc,phases      ] GC(633)   Other: 0.07ms
[4749.795s][info][gc,heap        ] GC(633) Eden regions: 571->0(571)
[4749.795s][info][gc,heap        ] GC(633) Survivor regions: 43->43(77)
[4749.795s][info][gc,heap        ] GC(633) Old regions: 264->272
[4749.795s][info][gc,heap        ] GC(633) Humongous regions: 33->33
[4749.795s][info][gc,metaspace   ] GC(633) Metaspace: 35834K(38144K)->35834K(38144K) NonClass: 26762K(27072K)->26762K(27072K) Class: 9071K(11072K)->9071K(11072K)
[4749.795s][info][gc             ] GC(633) Pause Young (Normal) (G1 Evacuation Pause) 7256M->2745M(8192M) 143.285ms
[4749.795s][info][gc,cpu         ] GC(633) User=1.13s Sys=0.01s Real=0.14s
.....[4754.919s][info][gc,start       ] GC(634) Pause Young (Normal) (G1 Evacuation Pause)
[4754.919s][info][gc,task        ] GC(634) Using 8 workers of 8 for evacuation
[4755.064s][info][gc,phases      ] GC(634)   Pre Evacuate Collection Set: 0.26ms
[4755.064s][info][gc,phases      ] GC(634)   Merge Heap Roots: 0.56ms
[4755.064s][info][gc,phases      ] GC(634)   Evacuate Collection Set: 143.50ms
[4755.064s][info][gc,phases      ] GC(634)   Post Evacuate Collection Set: 1.05ms
[4755.064s][info][gc,phases      ] GC(634)   Other: 0.06ms
[4755.064s][info][gc,heap        ] GC(634) Eden regions: 571->0(570)
[4755.064s][info][gc,heap        ] GC(634) Survivor regions: 43->44(77)
[4755.064s][info][gc,heap        ] GC(634) Old regions: 272->278
[4755.064s][info][gc,heap        ] GC(634) Humongous regions: 33->33
[4755.064s][info][gc,metaspace   ] GC(634) Metaspace: 35834K(38144K)->35834K(38144K) NonClass: 26762K(27072K)->26762K(27072K) Class: 9071K(11072K)->9071K(11072K)
[4755.065s][info][gc             ] GC(634) Pause Young (Normal) (G1 Evacuation Pause) 7313M->2808M(8192M) 145.551ms
[4755.065s][info][gc,cpu         ] GC(634) User=1.15s Sys=0.00s Real=0.14s
..... (rIR:aIR:PR = 7472:7483:7485) (tPR = 110223) [OK] 
  4758s: Performance info:
         Transaction,    Success,    Partial,     Failed,   Receipts, AvgBarcode, 
             Overall,     450109,          0,          0,     427688,      59.48, 
         Response times:
             Request,    Success,    Partial,     Failed,   SkipFail,     Probes,    Samples,      min,      p50,      p90,      p95,      p99,      max, 
       TotalPurchase,     427590,          0,          0,          0,     360242,     405565,      300,     5100,     9900,    16400,    77000,   428000,
     InStorePurchase,     225696,          0,          0,          0,     189396,     213075,      400,     5100,     9900,    17300,    77000,   428000,
      OnlinePurchase,     156825,          0,          0,          0,     132865,     149663,      300,     5100,     9800,    15500,    77000,   427000,
        InstPurchase,      45069,          0,          0,          0,      37981,      42827,      400,     5100,     9700,    15200,    79000,   427000,
          AssocOfCat,        450,          0,          0,          0,        363,        508,    25000,    39000,    53000,    61550,   155030,   195000,
      AssocOfProduct,       4488,          0,          0,          0,       4175,       4921,      700,     5500,     9500,    13980,    79780,   417000,
      BusinessReport,       1124,          0,          0,          0,        988,       1280,    24000,    44000,    65000,    86950,   165850,   432000,
          CustBuyBeh,       4497,          0,          0,          0,       4202,       4928,      500,     5200,     9510,    25000,    88000,   371000,
       ProductReturn,      11861,          0,          0,          0,      10281,      11893,      200,     5300,     9700,    17400,    84000,   416000,

  4758s: (55%)   IR =   7610 [4759.944s][info][gc,start       ] GC(635) Pause Young (Normal) (G1 Evacuation Pause)
[4759.944s][info][gc,task        ] GC(635) Using 8 workers of 8 for evacuation
[4760.089s][info][gc,phases      ] GC(635)   Pre Evacuate Collection Set: 0.31ms
[4760.089s][info][gc,phases      ] GC(635)   Merge Heap Roots: 0.62ms
[4760.089s][info][gc,phases      ] GC(635)   Evacuate Collection Set: 143.44ms
[4760.089s][info][gc,phases      ] GC(635)   Post Evacuate Collection Set: 1.08ms
[4760.089s][info][gc,phases      ] GC(635)   Other: 0.07ms
[4760.089s][info][gc,heap        ] GC(635) Eden regions: 570->0(566)
[4760.089s][info][gc,heap        ] GC(635) Survivor regions: 44->44(77)
[4760.089s][info][gc,heap        ] GC(635) Old regions: 278->285
[4760.089s][info][gc,heap        ] GC(635) Humongous regions: 33->33
[4760.089s][info][gc,metaspace   ] GC(635) Metaspace: 35834K(38144K)->35834K(38144K) NonClass: 26762K(27072K)->26762K(27072K) Class: 9071K(11072K)->9071K(11072K)
[4760.089s][info][gc             ] GC(635) Pause Young (Normal) (G1 Evacuation Pause) 7368M->2862M(8192M) 145.664ms
[4760.089s][info][gc,cpu         ] GC(635) User=1.15s Sys=0.00s Real=0.15s
....|.[4764.992s][info][gc,start       ] GC(636) Pause Young (Normal) (G1 Evacuation Pause)
[4764.992s][info][gc,task        ] GC(636) Using 8 workers of 8 for evacuation
[4765.134s][info][gc,phases      ] GC(636)   Pre Evacuate Collection Set: 0.26ms
[4765.134s][info][gc,phases      ] GC(636)   Merge Heap Roots: 0.56ms
[4765.134s][info][gc,phases      ] GC(636)   Evacuate Collection Set: 139.34ms
[4765.134s][info][gc,phases      ] GC(636)   Post Evacuate Collection Set: 1.04ms
[4765.134s][info][gc,phases      ] GC(636)   Other: 0.08ms
[4765.134s][info][gc,heap        ] GC(636) Eden regions: 566->0(562)
[4765.134s][info][gc,heap        ] GC(636) Survivor regions: 44->42(77)
[4765.134s][info][gc,heap        ] GC(636) Old regions: 285->293
[4765.134s][info][gc,heap        ] GC(636) Humongous regions: 33->33
[4765.134s][info][gc,metaspace   ] GC(636) Metaspace: 35834K(38144K)->35834K(38144K) NonClass: 26762K(27072K)->26762K(27072K) Class: 9071K(11072K)->9071K(11072K)
[4765.134s][info][gc             ] GC(636) Pause Young (Normal) (G1 Evacuation Pause) 7390M->2909M(8192M) 141.395ms
[4765.134s][info][gc,cpu         ] GC(636) User=1.12s Sys=0.00s Real=0.14s
.....[4769.965s][info][gc,start       ] GC(637) Pause Young (Normal) (G1 Evacuation Pause)
[4769.965s][info][gc,task        ] GC(637) Using 8 workers of 8 for evacuation
[4770.112s][info][gc,phases      ] GC(637)   Pre Evacuate Collection Set: 0.28ms
[4770.112s][info][gc,phases      ] GC(637)   Merge Heap Roots: 0.54ms
[4770.112s][info][gc,phases      ] GC(637)   Evacuate Collection Set: 145.82ms
[4770.112s][info][gc,phases      ] GC(637)   Post Evacuate Collection Set: 1.02ms
[4770.112s][info][gc,phases      ] GC(637)   Other: 0.06ms
[4770.112s][info][gc,heap        ] GC(637) Eden regions: 562->0(551)
[4770.112s][info][gc,heap        ] GC(637) Survivor regions: 42->44(76)
[4770.112s][info][gc,heap        ] GC(637) Old regions: 293->300
[4770.112s][info][gc,heap        ] GC(637) Humongous regions: 33->33
[4770.112s][info][gc,metaspace   ] GC(637) Metaspace: 35834K(38144K)->35834K(38144K) NonClass: 26762K(27072K)->26762K(27072K) Class: 9071K(11072K)->9071K(11072K)
[4770.112s][info][gc             ] GC(637) Pause Young (Normal) (G1 Evacuation Pause) 7405M->2980M(8192M) 147.843ms
[4770.112s][info][gc,cpu         ] GC(637) User=1.17s Sys=0.00s Real=0.15s
.....[4774.819s][info][gc,start       ] GC(638) Pause Young (Normal) (G1 Evacuation Pause)
[4774.819s][info][gc,task        ] GC(638) Using 8 workers of 8 for evacuation
[4774.962s][info][gc,phases      ] GC(638)   Pre Evacuate Collection Set: 0.29ms
[4774.962s][info][gc,phases      ] GC(638)   Merge Heap Roots: 0.55ms
[4774.962s][info][gc,phases      ] GC(638)   Evacuate Collection Set: 141.89ms
[4774.962s][info][gc,phases      ] GC(638)   Post Evacuate Collection Set: 1.02ms
[4774.962s][info][gc,phases      ] GC(638)   Other: 0.06ms
[4774.962s][info][gc,heap        ] GC(638) Eden regions: 551->0(548)
[4774.962s][info][gc,heap        ] GC(638) Survivor regions: 44->42(75)
[4774.962s][info][gc,heap        ] GC(638) Old regions: 300->307
[4774.962s][info][gc,heap        ] GC(638) Humongous regions: 33->33
[4774.963s][info][gc,metaspace   ] GC(638) Metaspace: 35834K(38144K)->35834K(38144K) NonClass: 26762K(27072K)->26762K(27072K) Class: 9071K(11072K)->9071K(11072K)
[4774.963s][info][gc             ] GC(638) Pause Young (Normal) (G1 Evacuation Pause) 7388M->3028M(8192M) 143.971ms
[4774.963s][info][gc,cpu         ] GC(638) User=1.14s Sys=0.00s Real=0.14s
.....[4779.657s][info][gc,start       ] GC(639) Pause Young (Concurrent Start) (G1 Evacuation Pause)
[4779.657s][info][gc,task        ] GC(639) Using 8 workers of 8 for evacuation
[4779.801s][info][gc,phases      ] GC(639)   Pre Evacuate Collection Set: 0.33ms
[4779.801s][info][gc,phases      ] GC(639)   Merge Heap Roots: 0.57ms
[4779.801s][info][gc,phases      ] GC(639)   Evacuate Collection Set: 142.06ms
[4779.801s][info][gc,phases      ] GC(639)   Post Evacuate Collection Set: 1.05ms
[4779.801s][info][gc,phases      ] GC(639)   Other: 0.11ms
[4779.801s][info][gc,heap        ] GC(639) Eden regions: 548->0(536)
[4779.801s][info][gc,heap        ] GC(639) Survivor regions: 42->44(74)
[4779.801s][info][gc,heap        ] GC(639) Old regions: 307->315
[4779.801s][info][gc,heap        ] GC(639) Humongous regions: 33->33
[4779.801s][info][gc,metaspace   ] GC(639) Metaspace: 35834K(38144K)->35834K(38144K) NonClass: 26762K(27072K)->26762K(27072K) Class: 9071K(11072K)->9071K(11072K)
[4779.801s][info][gc             ] GC(639) Pause Young (Concurrent Start) (G1 Evacuation Pause) 7412M->3100M(8192M) 144.253ms
[4779.801s][info][gc             ] GC(640) Concurrent Mark Cycle
[4779.801s][info][gc,marking     ] GC(640) Concurrent Scan Root Regions
[4779.801s][info][gc,cpu         ] GC(639) User=1.13s Sys=0.01s Real=0.15s
[4780.153s][info][gc,marking     ] GC(640) Concurrent Scan Root Regions 351.819ms
[4780.153s][info][gc,marking     ] GC(640) Concurrent Mark
[4780.153s][info][gc,marking     ] GC(640) Concurrent Mark From Roots
[4780.153s][info][gc,task        ] GC(640) Using 2 workers of 2 for marking
.[4780.951s][info][gc,marking     ] GC(640) Concurrent Mark From Roots 798.403ms
[4780.952s][info][gc,marking     ] GC(640) Concurrent Preclean
[4780.952s][info][gc,marking     ] GC(640) Concurrent Preclean 0.100ms
[4780.952s][info][gc,start       ] GC(640) Pause Remark
[4780.954s][info][gc             ] GC(640) Pause Remark 4280M->3672M(8192M) 2.094ms
[4780.954s][info][gc,cpu         ] GC(640) User=0.01s Sys=0.00s Real=0.00s
[4780.954s][info][gc,marking     ] GC(640) Concurrent Mark 801.033ms
[4780.954s][info][gc,marking     ] GC(640) Concurrent Rebuild Remembered Sets and Scrub Regions
.[4781.388s][info][gc,marking     ] GC(640) Concurrent Rebuild Remembered Sets and Scrub Regions 433.574ms
[4781.388s][info][gc,start       ] GC(640) Pause Cleanup
[4781.388s][info][gc             ] GC(640) Pause Cleanup 4012M->4012M(8192M) 0.276ms
[4781.388s][info][gc,cpu         ] GC(640) User=0.00s Sys=0.00s Real=0.00s
[4781.388s][info][gc,marking     ] GC(640) Concurrent Clear Claimed Marks
[4781.388s][info][gc,marking     ] GC(640) Concurrent Clear Claimed Marks 0.050ms
[4781.388s][info][gc,marking     ] GC(640) Concurrent Cleanup for Next Mark
[4781.400s][info][gc,marking     ] GC(640) Concurrent Cleanup for Next Mark 11.391ms
[4781.400s][info][gc             ] GC(640) Concurrent Mark Cycle 1598.575ms
...[4784.399s][info][gc,start       ] GC(641) Pause Young (Prepare Mixed) (G1 Evacuation Pause)
[4784.399s][info][gc,task        ] GC(641) Using 8 workers of 8 for evacuation
[4784.542s][info][gc,phases      ] GC(641)   Pre Evacuate Collection Set: 0.25ms
[4784.542s][info][gc,phases      ] GC(641)   Merge Heap Roots: 0.79ms
[4784.542s][info][gc,phases      ] GC(641)   Evacuate Collection Set: 139.85ms
[4784.542s][info][gc,phases      ] GC(641)   Post Evacuate Collection Set: 1.16ms
[4784.542s][info][gc,phases      ] GC(641)   Other: 0.07ms
[4784.542s][info][gc,heap        ] GC(641) Eden regions: 536->0(573)
[4784.542s][info][gc,heap        ] GC(641) Survivor regions: 44->41(73)
[4784.542s][info][gc,heap        ] GC(641) Old regions: 239->246
[4784.542s][info][gc,heap        ] GC(641) Humongous regions: 33->33
[4784.542s][info][gc,metaspace   ] GC(641) Metaspace: 35834K(38144K)->35834K(38144K) NonClass: 26762K(27072K)->26762K(27072K) Class: 9071K(11072K)->9071K(11072K)
[4784.542s][info][gc             ] GC(641) Pause Young (Prepare Mixed) (G1 Evacuation Pause) 6780M->2528M(8192M) 142.258ms
[4784.542s][info][gc,cpu         ] GC(641) User=1.12s Sys=0.00s Real=0.14s
.....[4789.545s][info][gc,start       ] GC(642) Pause Young (Mixed) (G1 Evacuation Pause)
[4789.545s][info][gc,task        ] GC(642) Using 8 workers of 8 for evacuation
[4789.695s][info][gc,phases      ] GC(642)   Pre Evacuate Collection Set: 0.28ms
[4789.695s][info][gc,phases      ] GC(642)   Merge Heap Roots: 0.89ms
[4789.695s][info][gc,phases      ] GC(642)   Evacuate Collection Set: 147.49ms
[4789.695s][info][gc,phases      ] GC(642)   Post Evacuate Collection Set: 1.28ms
[4789.695s][info][gc,phases      ] GC(642)   Other: 0.08ms
[4789.695s][info][gc,heap        ] GC(642) Eden regions: 573->0(572)
[4789.695s][info][gc,heap        ] GC(642) Survivor regions: 41->42(77)
[4789.695s][info][gc,heap        ] GC(642) Old regions: 246->152
[4789.695s][info][gc,heap        ] GC(642) Humongous regions: 33->33
[4789.695s][info][gc,metaspace   ] GC(642) Metaspace: 35834K(38144K)->35834K(38144K) NonClass: 26762K(27072K)->26762K(27072K) Class: 9071K(11072K)->9071K(11072K)
[4789.695s][info][gc             ] GC(642) Pause Young (Mixed) (G1 Evacuation Pause) 7112M->1787M(8192M) 150.139ms
[4789.695s][info][gc,cpu         ] GC(642) User=1.18s Sys=0.00s Real=0.15s
.....[4794.595s][info][gc,start       ] GC(643) Pause Young (Mixed) (G1 Evacuation Pause)
[4794.595s][info][gc,task        ] GC(643) Using 8 workers of 8 for evacuation
[4794.744s][info][gc,phases      ] GC(643)   Pre Evacuate Collection Set: 0.24ms
[4794.744s][info][gc,phases      ] GC(643)   Merge Heap Roots: 0.76ms
[4794.744s][info][gc,phases      ] GC(643)   Evacuate Collection Set: 146.81ms
[4794.744s][info][gc,phases      ] GC(643)   Post Evacuate Collection Set: 1.08ms
[4794.745s][info][gc,phases      ] GC(643)   Other: 0.07ms
[4794.745s][info][gc,heap        ] GC(643) Eden regions: 572->0(571)
[4794.745s][info][gc,heap        ] GC(643) Survivor regions: 42->43(77)
[4794.745s][info][gc,heap        ] GC(643) Old regions: 152->142
[4794.745s][info][gc,heap        ] GC(643) Humongous regions: 33->33
[4794.745s][info][gc,metaspace   ] GC(643) Metaspace: 35834K(38144K)->35834K(38144K) NonClass: 26762K(27072K)->26762K(27072K) Class: 9071K(11072K)->9071K(11072K)
[4794.745s][info][gc             ] GC(643) Pause Young (Mixed) (G1 Evacuation Pause) 6363M->1715M(8192M) 149.091ms
[4794.745s][info][gc,cpu         ] GC(643) User=1.18s Sys=0.00s Real=0.15s
.....[4799.590s][info][gc,start       ] GC(644) Pause Young (Normal) (G1 Evacuation Pause)
[4799.590s][info][gc,task        ] GC(644) Using 8 workers of 8 for evacuation
[4799.736s][info][gc,phases      ] GC(644)   Pre Evacuate Collection Set: 0.25ms
[4799.736s][info][gc,phases      ] GC(644)   Merge Heap Roots: 0.54ms
[4799.736s][info][gc,phases      ] GC(644)   Evacuate Collection Set: 143.55ms
[4799.736s][info][gc,phases      ] GC(644)   Post Evacuate Collection Set: 1.07ms
[4799.736s][info][gc,phases      ] GC(644)   Other: 0.07ms
[4799.736s][info][gc,heap        ] GC(644) Eden regions: 571->0(571)
[4799.736s][info][gc,heap        ] GC(644) Survivor regions: 43->43(77)
[4799.736s][info][gc,heap        ] GC(644) Old regions: 142->150
[4799.736s][info][gc,heap        ] GC(644) Humongous regions: 33->33
[4799.736s][info][gc,metaspace   ] GC(644) Metaspace: 35834K(38144K)->35834K(38144K) NonClass: 26762K(27072K)->26762K(27072K) Class: 9071K(11072K)->9071K(11072K)
[4799.736s][info][gc             ] GC(644) Pause Young (Normal) (G1 Evacuation Pause) 6283M->1775M(8192M) 145.608ms
[4799.736s][info][gc,cpu         ] GC(644) User=1.15s Sys=0.00s Real=0.14s
.....[4804.697s][info][gc,start       ] GC(645) Pause Young (Normal) (G1 Evacuation Pause)
[4804.697s][info][gc,task        ] GC(645) Using 8 workers of 8 for evacuation
[4804.841s][info][gc,phases      ] GC(645)   Pre Evacuate Collection Set: 0.24ms
[4804.841s][info][gc,phases      ] GC(645)   Merge Heap Roots: 0.56ms
[4804.841s][info][gc,phases      ] GC(645)   Evacuate Collection Set: 142.09ms
[4804.841s][info][gc,phases      ] GC(645)   Post Evacuate Collection Set: 1.07ms
[4804.841s][info][gc,phases      ] GC(645)   Other: 0.06ms
[4804.841s][info][gc,heap        ] GC(645) Eden regions: 571->0(571)
[4804.841s][info][gc,heap        ] GC(645) Survivor regions: 43->43(77)
[4804.842s][info][gc,heap        ] GC(645) Old regions: 150->157
[4804.842s][info][gc,heap        ] GC(645) Humongous regions: 33->33
[4804.842s][info][gc,metaspace   ] GC(645) Metaspace: 35834K(38144K)->35834K(38144K) NonClass: 26762K(27072K)->26762K(27072K) Class: 9071K(11072K)->9071K(11072K)
[4804.842s][info][gc             ] GC(645) Pause Young (Normal) (G1 Evacuation Pause) 6343M->1830M(8192M) 144.163ms
[4804.842s][info][gc,cpu         ] GC(645) User=1.14s Sys=0.00s Real=0.14s
.....[4809.773s][info][gc,start       ] GC(646) Pause Young (Normal) (G1 Evacuation Pause)
[4809.773s][info][gc,task        ] GC(646) Using 8 workers of 8 for evacuation
[4809.918s][info][gc,phases      ] GC(646)   Pre Evacuate Collection Set: 0.26ms
[4809.918s][info][gc,phases      ] GC(646)   Merge Heap Roots: 0.63ms
[4809.918s][info][gc,phases      ] GC(646)   Evacuate Collection Set: 142.95ms
[4809.918s][info][gc,phases      ] GC(646)   Post Evacuate Collection Set: 1.05ms
[4809.918s][info][gc,phases      ] GC(646)   Other: 0.06ms
[4809.918s][info][gc,heap        ] GC(646) Eden regions: 571->0(570)
[4809.918s][info][gc,heap        ] GC(646) Survivor regions: 43->44(77)
[4809.918s][info][gc,heap        ] GC(646) Old regions: 157->164
[4809.918s][info][gc,heap        ] GC(646) Humongous regions: 33->33
[4809.918s][info][gc,metaspace   ] GC(646) Metaspace: 35834K(38144K)->35834K(38144K) NonClass: 26762K(27072K)->26762K(27072K) Class: 9071K(11072K)->9071K(11072K)
[4809.918s][info][gc             ] GC(646) Pause Young (Normal) (G1 Evacuation Pause) 6398M->1894M(8192M) 145.092ms
[4809.918s][info][gc,cpu         ] GC(646) User=1.14s Sys=0.00s Real=0.15s
.....[4814.821s][info][gc,start       ] GC(647) Pause Young (Normal) (G1 Evacuation Pause)
[4814.821s][info][gc,task        ] GC(647) Using 8 workers of 8 for evacuation
[4814.967s][info][gc,phases      ] GC(647)   Pre Evacuate Collection Set: 0.28ms
[4814.967s][info][gc,phases      ] GC(647)   Merge Heap Roots: 0.55ms
[4814.967s][info][gc,phases      ] GC(647)   Evacuate Collection Set: 144.04ms
[4814.967s][info][gc,phases      ] GC(647)   Post Evacuate Collection Set: 1.08ms
[4814.967s][info][gc,phases      ] GC(647)   Other: 0.07ms
[4814.967s][info][gc,heap        ] GC(647) Eden regions: 570->0(571)
[4814.967s][info][gc,heap        ] GC(647) Survivor regions: 44->43(77)
[4814.967s][info][gc,heap        ] GC(647) Old regions: 164->171
[4814.967s][info][gc,heap        ] GC(647) Humongous regions: 33->33
[4814.967s][info][gc,metaspace   ] GC(647) Metaspace: 35834K(38144K)->35834K(38144K) NonClass: 26762K(27072K)->26762K(27072K) Class: 9071K(11072K)->9071K(11072K)
[4814.967s][info][gc             ] GC(647) Pause Young (Normal) (G1 Evacuation Pause) 6454M->1944M(8192M) 146.148ms
[4814.967s][info][gc,cpu         ] GC(647) User=1.15s Sys=0.00s Real=0.15s
.....[4819.870s][info][gc,start       ] GC(648) Pause Young (Normal) (G1 Evacuation Pause)
[4819.870s][info][gc,task        ] GC(648) Using 8 workers of 8 for evacuation
[4820.015s][info][gc,phases      ] GC(648)   Pre Evacuate Collection Set: 0.27ms
[4820.015s][info][gc,phases      ] GC(648)   Merge Heap Roots: 0.54ms
[4820.015s][info][gc,phases      ] GC(648)   Evacuate Collection Set: 143.24ms
[4820.015s][info][gc,phases      ] GC(648)   Post Evacuate Collection Set: 1.06ms
[4820.015s][info][gc,phases      ] GC(648)   Other: 0.06ms
[4820.015s][info][gc,heap        ] GC(648) Eden regions: 571->0(572)
[4820.015s][info][gc,heap        ] GC(648) Survivor regions: 43->42(77)
[4820.015s][info][gc,heap        ] GC(648) Old regions: 171->178
[4820.015s][info][gc,heap        ] GC(648) Humongous regions: 33->33
[4820.015s][info][gc,metaspace   ] GC(648) Metaspace: 35834K(38144K)->35834K(38144K) NonClass: 26762K(27072K)->26762K(27072K) Class: 9071K(11072K)->9071K(11072K)
[4820.015s][info][gc             ] GC(648) Pause Young (Normal) (G1 Evacuation Pause) 6512M->1996M(8192M) 145.316ms
[4820.016s][info][gc,cpu         ] GC(648) User=1.15s Sys=0.00s Real=0.14s
.... (rIR:aIR:PR = 7610:7588:7588) (tPR = 112418) [OK] 
  4823s: Performance info:
         Transaction,    Success,    Partial,     Failed,   Receipts, AvgBarcode, 
             Overall,     455507,          0,          0,     432597,      59.48, 
         Response times:
             Request,    Success,    Partial,     Failed,   SkipFail,     Probes,    Samples,      min,      p50,      p90,      p95,      p99,      max, 
       TotalPurchase,     432597,          0,          0,          0,     358814,     383478,      300,     5200,    10500,    19500,    77000,   363000,
     InStorePurchase,     227352,          0,          0,          0,     189165,     201897,      300,     5200,    10500,    21000,    78000,   363000,
      OnlinePurchase,     159307,          0,          0,          0,     132188,     141286,      300,     5100,    10400,    18700,    76000,   361000,
        InstPurchase,      45938,          0,          0,          0,      37461,      40295,      500,     5200,    10400,    20200,    78000,   282000,
          AssocOfCat,        456,          0,          0,          0,        357,        468,    28000,    40000,    61000,    86800,   139940,   200000,
      AssocOfProduct,       4568,          0,          0,          0,       4289,       4826,      700,     5700,    11600,    22000,    76000,   346000,
      BusinessReport,       1143,          0,          0,          0,       1027,       1212,    31000,    45000,    67000,    84350,   155000,   271000,
          CustBuyBeh,       4564,          0,          0,          0,       4267,       4810,      200,     4700,     9700,    14600,    85000,   159000,
       ProductReturn,      12179,          0,          0,          0,       9264,      10110,      200,     4800,    10390,    18400,    76890,   360000,

  4823s: (56%)   IR =   7749 .[4824.965s][info][gc,start       ] GC(649) Pause Young (Normal) (G1 Evacuation Pause)
[4824.965s][info][gc,task        ] GC(649) Using 8 workers of 8 for evacuation
[4825.108s][info][gc,phases      ] GC(649)   Pre Evacuate Collection Set: 0.28ms
[4825.108s][info][gc,phases      ] GC(649)   Merge Heap Roots: 0.56ms
[4825.108s][info][gc,phases      ] GC(649)   Evacuate Collection Set: 141.28ms
[4825.108s][info][gc,phases      ] GC(649)   Post Evacuate Collection Set: 1.03ms
[4825.108s][info][gc,phases      ] GC(649)   Other: 0.07ms
[4825.108s][info][gc,heap        ] GC(649) Eden regions: 572->0(571)
[4825.108s][info][gc,heap        ] GC(649) Survivor regions: 42->43(77)
[4825.108s][info][gc,heap        ] GC(649) Old regions: 178->185
[4825.108s][info][gc,heap        ] GC(649) Humongous regions: 33->33
[4825.108s][info][gc,metaspace   ] GC(649) Metaspace: 35834K(38144K)->35834K(38144K) NonClass: 26762K(27072K)->26762K(27072K) Class: 9071K(11072K)->9071K(11072K)
[4825.108s][info][gc             ] GC(649) Pause Young (Normal) (G1 Evacuation Pause) 6572M->2060M(8192M) 143.351ms
[4825.108s][info][gc,cpu         ] GC(649) User=1.14s Sys=0.00s Real=0.15s
.....|[4829.949s][info][gc,start       ] GC(650) Pause Young (Normal) (G1 Evacuation Pause)
[4829.949s][info][gc,task        ] GC(650) Using 8 workers of 8 for evacuation
[4830.095s][info][gc,phases      ] GC(650)   Pre Evacuate Collection Set: 0.24ms
[4830.095s][info][gc,phases      ] GC(650)   Merge Heap Roots: 0.54ms
[4830.095s][info][gc,phases      ] GC(650)   Evacuate Collection Set: 144.03ms
[4830.095s][info][gc,phases      ] GC(650)   Post Evacuate Collection Set: 1.05ms
[4830.095s][info][gc,phases      ] GC(650)   Other: 0.07ms
[4830.095s][info][gc,heap        ] GC(650) Eden regions: 571->0(570)
[4830.095s][info][gc,heap        ] GC(650) Survivor regions: 43->44(77)
[4830.095s][info][gc,heap        ] GC(650) Old regions: 185->192
[4830.095s][info][gc,heap        ] GC(650) Humongous regions: 33->33
[4830.095s][info][gc,metaspace   ] GC(650) Metaspace: 35834K(38144K)->35834K(38144K) NonClass: 26762K(27072K)->26762K(27072K) Class: 9071K(11072K)->9071K(11072K)
[4830.095s][info][gc             ] GC(650) Pause Young (Normal) (G1 Evacuation Pause) 6628M->2120M(8192M) 146.061ms
[4830.095s][info][gc,cpu         ] GC(650) User=1.16s Sys=0.00s Real=0.14s
.....[4834.900s][info][gc,start       ] GC(651) Pause Young (Normal) (G1 Evacuation Pause)
[4834.900s][info][gc,task        ] GC(651) Using 8 workers of 8 for evacuation
[4835.046s][info][gc,phases      ] GC(651)   Pre Evacuate Collection Set: 0.25ms
[4835.046s][info][gc,phases      ] GC(651)   Merge Heap Roots: 0.56ms
[4835.046s][info][gc,phases      ] GC(651)   Evacuate Collection Set: 143.64ms
[4835.046s][info][gc,phases      ] GC(651)   Post Evacuate Collection Set: 1.03ms
[4835.046s][info][gc,phases      ] GC(651)   Other: 0.06ms
[4835.046s][info][gc,heap        ] GC(651) Eden regions: 570->0(571)
[4835.046s][info][gc,heap        ] GC(651) Survivor regions: 44->43(77)
[4835.046s][info][gc,heap        ] GC(651) Old regions: 192->200
[4835.046s][info][gc,heap        ] GC(651) Humongous regions: 33->33
[4835.046s][info][gc,metaspace   ] GC(651) Metaspace: 35834K(38144K)->35834K(38144K) NonClass: 26762K(27072K)->26762K(27072K) Class: 9071K(11072K)->9071K(11072K)
[4835.046s][info][gc             ] GC(651) Pause Young (Normal) (G1 Evacuation Pause) 6680M->2173M(8192M) 145.681ms
[4835.046s][info][gc,cpu         ] GC(651) User=1.16s Sys=0.00s Real=0.14s
.....[4839.925s][info][gc,start       ] GC(652) Pause Young (Normal) (G1 Evacuation Pause)
[4839.925s][info][gc,task        ] GC(652) Using 8 workers of 8 for evacuation
[4840.076s][info][gc,phases      ] GC(652)   Pre Evacuate Collection Set: 0.23ms
[4840.076s][info][gc,phases      ] GC(652)   Merge Heap Roots: 0.63ms
[4840.076s][info][gc,phases      ] GC(652)   Evacuate Collection Set: 148.56ms
[4840.076s][info][gc,phases      ] GC(652)   Post Evacuate Collection Set: 1.04ms
[4840.076s][info][gc,phases      ] GC(652)   Other: 0.06ms
[4840.076s][info][gc,heap        ] GC(652) Eden regions: 571->0(570)
[4840.076s][info][gc,heap        ] GC(652) Survivor regions: 43->44(77)
[4840.076s][info][gc,heap        ] GC(652) Old regions: 200->207
[4840.076s][info][gc,heap        ] GC(652) Humongous regions: 33->33
[4840.076s][info][gc,metaspace   ] GC(652) Metaspace: 35834K(38144K)->35834K(38144K) NonClass: 26762K(27072K)->26762K(27072K) Class: 9071K(11072K)->9071K(11072K)
[4840.076s][info][gc             ] GC(652) Pause Young (Normal) (G1 Evacuation Pause) 6741M->2240M(8192M) 150.661ms
[4840.076s][info][gc,cpu         ] GC(652) User=1.19s Sys=0.01s Real=0.15s
.....[4844.816s][info][gc,start       ] GC(653) Pause Young (Normal) (G1 Evacuation Pause)
[4844.816s][info][gc,task        ] GC(653) Using 8 workers of 8 for evacuation
[4844.964s][info][gc,phases      ] GC(653)   Pre Evacuate Collection Set: 0.27ms
[4844.964s][info][gc,phases      ] GC(653)   Merge Heap Roots: 0.56ms
[4844.964s][info][gc,phases      ] GC(653)   Evacuate Collection Set: 146.23ms
[4844.964s][info][gc,phases      ] GC(653)   Post Evacuate Collection Set: 1.05ms
[4844.964s][info][gc,phases      ] GC(653)   Other: 0.06ms
[4844.964s][info][gc,heap        ] GC(653) Eden regions: 570->0(570)
[4844.964s][info][gc,heap        ] GC(653) Survivor regions: 44->44(77)
[4844.964s][info][gc,heap        ] GC(653) Old regions: 207->214
[4844.964s][info][gc,heap        ] GC(653) Humongous regions: 33->33
[4844.964s][info][gc,metaspace   ] GC(653) Metaspace: 35834K(38144K)->35834K(38144K) NonClass: 26762K(27072K)->26762K(27072K) Class: 9071K(11072K)->9071K(11072K)
[4844.964s][info][gc             ] GC(653) Pause Young (Normal) (G1 Evacuation Pause) 6800M->2298M(8192M) 148.306ms
[4844.964s][info][gc,cpu         ] GC(653) User=1.18s Sys=0.00s Real=0.15s
.....[4849.830s][info][gc,start       ] GC(654) Pause Young (Normal) (G1 Evacuation Pause)
[4849.830s][info][gc,task        ] GC(654) Using 8 workers of 8 for evacuation
[4849.975s][info][gc,phases      ] GC(654)   Pre Evacuate Collection Set: 0.29ms
[4849.975s][info][gc,phases      ] GC(654)   Merge Heap Roots: 0.61ms
[4849.975s][info][gc,phases      ] GC(654)   Evacuate Collection Set: 142.47ms
[4849.975s][info][gc,phases      ] GC(654)   Post Evacuate Collection Set: 1.08ms
[4849.975s][info][gc,phases      ] GC(654)   Other: 0.07ms
[4849.975s][info][gc,heap        ] GC(654) Eden regions: 570->0(571)
[4849.975s][info][gc,heap        ] GC(654) Survivor regions: 44->43(77)
[4849.975s][info][gc,heap        ] GC(654) Old regions: 214->221
[4849.975s][info][gc,heap        ] GC(654) Humongous regions: 33->33
[4849.975s][info][gc,metaspace   ] GC(654) Metaspace: 35834K(38144K)->35834K(38144K) NonClass: 26762K(27072K)->26762K(27072K) Class: 9071K(11072K)->9071K(11072K)
[4849.975s][info][gc             ] GC(654) Pause Young (Normal) (G1 Evacuation Pause) 6858M->2346M(8192M) 144.662ms
[4849.975s][info][gc,cpu         ] GC(654) User=1.14s Sys=0.00s Real=0.14s
.....[4854.875s][info][gc,start       ] GC(655) Pause Young (Normal) (G1 Evacuation Pause)
[4854.875s][info][gc,task        ] GC(655) Using 8 workers of 8 for evacuation
[4855.020s][info][gc,phases      ] GC(655)   Pre Evacuate Collection Set: 0.26ms
[4855.020s][info][gc,phases      ] GC(655)   Merge Heap Roots: 0.55ms
[4855.020s][info][gc,phases      ] GC(655)   Evacuate Collection Set: 142.72ms
[4855.020s][info][gc,phases      ] GC(655)   Post Evacuate Collection Set: 1.09ms
[4855.020s][info][gc,phases      ] GC(655)   Other: 0.08ms
[4855.020s][info][gc,heap        ] GC(655) Eden regions: 571->0(571)
[4855.020s][info][gc,heap        ] GC(655) Survivor regions: 43->43(77)
[4855.020s][info][gc,heap        ] GC(655) Old regions: 221->228
[4855.020s][info][gc,heap        ] GC(655) Humongous regions: 33->33
[4855.020s][info][gc,metaspace   ] GC(655) Metaspace: 35834K(38144K)->35834K(38144K) NonClass: 26762K(27072K)->26762K(27072K) Class: 9071K(11072K)->9071K(11072K)
[4855.020s][info][gc             ] GC(655) Pause Young (Normal) (G1 Evacuation Pause) 6914M->2401M(8192M) 144.830ms
[4855.020s][info][gc,cpu         ] GC(655) User=1.14s Sys=0.00s Real=0.15s
.....[4859.799s][info][gc,start       ] GC(656) Pause Young (Normal) (G1 Evacuation Pause)
[4859.799s][info][gc,task        ] GC(656) Using 8 workers of 8 for evacuation
[4859.946s][info][gc,phases      ] GC(656)   Pre Evacuate Collection Set: 0.24ms
[4859.946s][info][gc,phases      ] GC(656)   Merge Heap Roots: 0.54ms
[4859.946s][info][gc,phases      ] GC(656)   Evacuate Collection Set: 145.48ms
[4859.946s][info][gc,phases      ] GC(656)   Post Evacuate Collection Set: 1.07ms
[4859.947s][info][gc,phases      ] GC(656)   Other: 0.06ms
[4859.947s][info][gc,heap        ] GC(656) Eden regions: 571->0(570)
[4859.947s][info][gc,heap        ] GC(656) Survivor regions: 43->44(77)
[4859.947s][info][gc,heap        ] GC(656) Old regions: 228->235
[4859.947s][info][gc,heap        ] GC(656) Humongous regions: 33->33
[4859.947s][info][gc,metaspace   ] GC(656) Metaspace: 35834K(38144K)->35834K(38144K) NonClass: 26762K(27072K)->26762K(27072K) Class: 9071K(11072K)->9071K(11072K)
[4859.947s][info][gc             ] GC(656) Pause Young (Normal) (G1 Evacuation Pause) 6969M->2466M(8192M) 147.514ms
[4859.947s][info][gc,cpu         ] GC(656) User=1.17s Sys=0.00s Real=0.14s
.....[4864.686s][info][gc,start       ] GC(657) Pause Young (Normal) (G1 Evacuation Pause)
[4864.686s][info][gc,task        ] GC(657) Using 8 workers of 8 for evacuation
[4864.835s][info][gc,phases      ] GC(657)   Pre Evacuate Collection Set: 0.25ms
[4864.835s][info][gc,phases      ] GC(657)   Merge Heap Roots: 0.62ms
[4864.835s][info][gc,phases      ] GC(657)   Evacuate Collection Set: 146.81ms
[4864.835s][info][gc,phases      ] GC(657)   Post Evacuate Collection Set: 1.04ms
[4864.835s][info][gc,phases      ] GC(657)   Other: 0.06ms
[4864.835s][info][gc,heap        ] GC(657) Eden regions: 570->0(571)
[4864.835s][info][gc,heap        ] GC(657) Survivor regions: 44->43(77)
[4864.835s][info][gc,heap        ] GC(657) Old regions: 235->242
[4864.835s][info][gc,heap        ] GC(657) Humongous regions: 33->33
[4864.835s][info][gc,metaspace   ] GC(657) Metaspace: 35834K(38144K)->35834K(38144K) NonClass: 26762K(27072K)->26762K(27072K) Class: 9071K(11072K)->9071K(11072K)
[4864.835s][info][gc             ] GC(657) Pause Young (Normal) (G1 Evacuation Pause) 7026M->2514M(8192M) 148.914ms
[4864.835s][info][gc,cpu         ] GC(657) User=1.16s Sys=0.00s Real=0.15s
.....[4869.722s][info][gc,start       ] GC(658) Pause Young (Normal) (G1 Evacuation Pause)
[4869.722s][info][gc,task        ] GC(658) Using 8 workers of 8 for evacuation
[4869.887s][info][gc,phases      ] GC(658)   Pre Evacuate Collection Set: 0.28ms
[4869.887s][info][gc,phases      ] GC(658)   Merge Heap Roots: 0.66ms
[4869.887s][info][gc,phases      ] GC(658)   Evacuate Collection Set: 162.84ms
[4869.887s][info][gc,phases      ] GC(658)   Post Evacuate Collection Set: 1.10ms
[4869.887s][info][gc,phases      ] GC(658)   Other: 0.08ms
[4869.887s][info][gc,heap        ] GC(658) Eden regions: 571->0(570)
[4869.888s][info][gc,heap        ] GC(658) Survivor regions: 43->44(77)
[4869.888s][info][gc,heap        ] GC(658) Old regions: 242->250
[4869.888s][info][gc,heap        ] GC(658) Humongous regions: 33->33
[4869.888s][info][gc,metaspace   ] GC(658) Metaspace: 35834K(38144K)->35834K(38144K) NonClass: 26762K(27072K)->26762K(27072K) Class: 9071K(11072K)->9071K(11072K)
[4869.888s][info][gc             ] GC(658) Pause Young (Normal) (G1 Evacuation Pause) 7082M->2582M(8192M) 165.128ms
[4869.888s][info][gc,cpu         ] GC(658) User=1.16s Sys=0.00s Real=0.17s
.....[4874.551s][info][gc,start       ] GC(659) Pause Young (Normal) (G1 Evacuation Pause)
[4874.551s][info][gc,task        ] GC(659) Using 8 workers of 8 for evacuation
[4874.696s][info][gc,phases      ] GC(659)   Pre Evacuate Collection Set: 0.28ms
[4874.696s][info][gc,phases      ] GC(659)   Merge Heap Roots: 0.64ms
[4874.696s][info][gc,phases      ] GC(659)   Evacuate Collection Set: 143.23ms
[4874.696s][info][gc,phases      ] GC(659)   Post Evacuate Collection Set: 1.06ms
[4874.696s][info][gc,phases      ] GC(659)   Other: 0.06ms
[4874.696s][info][gc,heap        ] GC(659) Eden regions: 570->0(571)
[4874.696s][info][gc,heap        ] GC(659) Survivor regions: 44->43(77)
[4874.696s][info][gc,heap        ] GC(659) Old regions: 250->257
[4874.696s][info][gc,heap        ] GC(659) Humongous regions: 33->33
[4874.696s][info][gc,metaspace   ] GC(659) Metaspace: 35834K(38144K)->35834K(38144K) NonClass: 26762K(27072K)->26762K(27072K) Class: 9071K(11072K)->9071K(11072K)
[4874.696s][info][gc             ] GC(659) Pause Young (Normal) (G1 Evacuation Pause) 7142M->2634M(8192M) 145.403ms
[4874.696s][info][gc,cpu         ] GC(659) User=1.15s Sys=0.00s Real=0.14s
.....[4879.635s][info][gc,start       ] GC(660) Pause Young (Normal) (G1 Evacuation Pause)
[4879.635s][info][gc,task        ] GC(660) Using 8 workers of 8 for evacuation
[4879.783s][info][gc,phases      ] GC(660)   Pre Evacuate Collection Set: 0.25ms
[4879.783s][info][gc,phases      ] GC(660)   Merge Heap Roots: 0.61ms
[4879.783s][info][gc,phases      ] GC(660)   Evacuate Collection Set: 146.62ms
[4879.783s][info][gc,phases      ] GC(660)   Post Evacuate Collection Set: 1.04ms
[4879.783s][info][gc,phases      ] GC(660)   Other: 0.06ms
[4879.783s][info][gc,heap        ] GC(660) Eden regions: 571->0(570)
[4879.783s][info][gc,heap        ] GC(660) Survivor regions: 43->44(77)
[4879.783s][info][gc,heap        ] GC(660) Old regions: 257->264
[4879.783s][info][gc,heap        ] GC(660) Humongous regions: 33->33
[4879.783s][info][gc,metaspace   ] GC(660) Metaspace: 35834K(38144K)->35834K(38144K) NonClass: 26762K(27072K)->26762K(27072K) Class: 9071K(11072K)->9071K(11072K)
[4879.783s][info][gc             ] GC(660) Pause Young (Normal) (G1 Evacuation Pause) 7202M->2696M(8192M) 148.727ms
[4879.783s][info][gc,cpu         ] GC(660) User=1.18s Sys=0.00s Real=0.15s
.....[4884.505s][info][gc,start       ] GC(661) Pause Young (Normal) (G1 Evacuation Pause)
[4884.505s][info][gc,task        ] GC(661) Using 8 workers of 8 for evacuation
[4884.648s][info][gc,phases      ] GC(661)   Pre Evacuate Collection Set: 0.25ms
[4884.648s][info][gc,phases      ] GC(661)   Merge Heap Roots: 0.56ms
[4884.648s][info][gc,phases      ] GC(661)   Evacuate Collection Set: 140.84ms
[4884.648s][info][gc,phases      ] GC(661)   Post Evacuate Collection Set: 1.07ms
[4884.648s][info][gc,phases      ] GC(661)   Other: 0.07ms
[4884.648s][info][gc,heap        ] GC(661) Eden regions: 570->0(571)
[4884.648s][info][gc,heap        ] GC(661) Survivor regions: 44->43(77)
[4884.648s][info][gc,heap        ] GC(661) Old regions: 264->271
[4884.648s][info][gc,heap        ] GC(661) Humongous regions: 33->33
[4884.648s][info][gc,metaspace   ] GC(661) Metaspace: 35834K(38144K)->35834K(38144K) NonClass: 26762K(27072K)->26762K(27072K) Class: 9071K(11072K)->9071K(11072K)
[4884.648s][info][gc             ] GC(661) Pause Young (Normal) (G1 Evacuation Pause) 7256M->2744M(8192M) 142.922ms
[4884.648s][info][gc,cpu         ] GC(661) User=1.13s Sys=0.00s Real=0.15s
..... (rIR:aIR:PR = 7749:7748:7748) (tPR = 115396) [OK] 
  4889s: Performance info:
         Transaction,    Success,    Partial,     Failed,   Receipts, AvgBarcode, 
             Overall,     465093,          0,          0,     441791,      59.48, 
         Response times:
             Request,    Success,    Partial,     Failed,   SkipFail,     Probes,    Samples,      min,      p50,      p90,      p95,      p99,      max, 
       TotalPurchase,     441791,          0,          0,          0,     361353,     398021,      300,     5300,    11000,    28000,    85000,   391000,
     InStorePurchase,     232017,          0,          0,          0,     190098,     209215,      400,     5200,    11000,    28000,    84000,   391000,
      OnlinePurchase,     163057,          0,          0,          0,     132859,     146364,      300,     5200,    11000,    27000,    84000,   390000,
        InstPurchase,      46717,          0,          0,          0,      38396,      42442,      400,     5700,    11300,    32000,    89000,   389000,
          AssocOfCat,        465,          0,          0,          0,        380,        513,    19800,    39000,    60600,    86600,   142720,   196000,
      AssocOfProduct,       4641,          0,          0,          0,       4339,       5049,      500,     5700,    11600,    27000,    84000,   214000,
      BusinessReport,       1162,          0,          0,          0,        994,       1216,    26000,    46000,    68000,    85000,   196830,   273000,
          CustBuyBeh,       4651,          0,          0,          0,       4322,       4950,      500,     5200,    10400,    32000,    89000,   278000,
       ProductReturn,      12383,          0,          0,          0,       9406,      10717,      200,     5200,    10700,    24000,    87000,   313000,

  4889s: (57%)   IR =   7887 [4889.493s][info][gc,start       ] GC(662) Pause Young (Normal) (G1 Evacuation Pause)
[4889.494s][info][gc,task        ] GC(662) Using 8 workers of 8 for evacuation
[4889.638s][info][gc,phases      ] GC(662)   Pre Evacuate Collection Set: 0.26ms
[4889.638s][info][gc,phases      ] GC(662)   Merge Heap Roots: 0.55ms
[4889.638s][info][gc,phases      ] GC(662)   Evacuate Collection Set: 142.18ms
[4889.638s][info][gc,phases      ] GC(662)   Post Evacuate Collection Set: 1.14ms
[4889.638s][info][gc,phases      ] GC(662)   Other: 0.07ms
[4889.638s][info][gc,heap        ] GC(662) Eden regions: 571->0(571)
[4889.638s][info][gc,heap        ] GC(662) Survivor regions: 43->43(77)
[4889.638s][info][gc,heap        ] GC(662) Old regions: 271->279
[4889.638s][info][gc,heap        ] GC(662) Humongous regions: 33->33
[4889.638s][info][gc,metaspace   ] GC(662) Metaspace: 35834K(38144K)->35834K(38144K) NonClass: 26762K(27072K)->26762K(27072K) Class: 9071K(11072K)->9071K(11072K)
[4889.638s][info][gc             ] GC(662) Pause Young (Normal) (G1 Evacuation Pause) 7312M->2802M(8192M) 144.346ms
[4889.638s][info][gc,cpu         ] GC(662) User=1.14s Sys=0.00s Real=0.15s
....[4894.305s][info][gc,start       ] GC(663) Pause Young (Normal) (G1 Evacuation Pause)
[4894.305s][info][gc,task        ] GC(663) Using 8 workers of 8 for evacuation
[4894.452s][info][gc,phases      ] GC(663)   Pre Evacuate Collection Set: 0.26ms
[4894.452s][info][gc,phases      ] GC(663)   Merge Heap Roots: 0.63ms
[4894.452s][info][gc,phases      ] GC(663)   Evacuate Collection Set: 144.64ms
[4894.452s][info][gc,phases      ] GC(663)   Post Evacuate Collection Set: 1.10ms
[4894.452s][info][gc,phases      ] GC(663)   Other: 0.06ms
[4894.452s][info][gc,heap        ] GC(663) Eden regions: 571->0(567)
[4894.452s][info][gc,heap        ] GC(663) Survivor regions: 43->43(77)
[4894.452s][info][gc,heap        ] GC(663) Old regions: 279->286
[4894.452s][info][gc,heap        ] GC(663) Humongous regions: 33->33
[4894.452s][info][gc,metaspace   ] GC(663) Metaspace: 35834K(38144K)->35834K(38144K) NonClass: 26762K(27072K)->26762K(27072K) Class: 9071K(11072K)->9071K(11072K)
[4894.452s][info][gc             ] GC(663) Pause Young (Normal) (G1 Evacuation Pause) 7370M->2864M(8192M) 146.827ms
[4894.452s][info][gc,cpu         ] GC(663) User=1.16s Sys=0.01s Real=0.15s
.....[4899.057s][info][gc,start       ] GC(664) Pause Young (Normal) (G1 Evacuation Pause)
[4899.057s][info][gc,task        ] GC(664) Using 8 workers of 8 for evacuation
[4899.201s][info][gc,phases      ] GC(664)   Pre Evacuate Collection Set: 0.26ms
[4899.201s][info][gc,phases      ] GC(664)   Merge Heap Roots: 0.54ms
[4899.201s][info][gc,phases      ] GC(664)   Evacuate Collection Set: 142.44ms
[4899.201s][info][gc,phases      ] GC(664)   Post Evacuate Collection Set: 1.05ms
[4899.201s][info][gc,phases      ] GC(664)   Other: 0.07ms
[4899.201s][info][gc,heap        ] GC(664) Eden regions: 567->0(560)
[4899.201s][info][gc,heap        ] GC(664) Survivor regions: 43->43(77)
[4899.201s][info][gc,heap        ] GC(664) Old regions: 286->293
[4899.201s][info][gc,heap        ] GC(664) Humongous regions: 33->33
[4899.201s][info][gc,metaspace   ] GC(664) Metaspace: 35834K(38144K)->35834K(38144K) NonClass: 26762K(27072K)->26762K(27072K) Class: 9071K(11072K)->9071K(11072K)
[4899.201s][info][gc             ] GC(664) Pause Young (Normal) (G1 Evacuation Pause) 7400M->2918M(8192M) 144.480ms
[4899.202s][info][gc,cpu         ] GC(664) User=1.14s Sys=0.00s Real=0.14s
.....[4903.860s][info][gc,start       ] GC(665) Pause Young (Normal) (G1 Evacuation Pause)
[4903.860s][info][gc,task        ] GC(665) Using 8 workers of 8 for evacuation
[4904.005s][info][gc,phases      ] GC(665)   Pre Evacuate Collection Set: 0.24ms
[4904.005s][info][gc,phases      ] GC(665)   Merge Heap Roots: 0.61ms
[4904.005s][info][gc,phases      ] GC(665)   Evacuate Collection Set: 143.40ms
[4904.005s][info][gc,phases      ] GC(665)   Post Evacuate Collection Set: 1.02ms
[4904.005s][info][gc,phases      ] GC(665)   Other: 0.07ms
[4904.005s][info][gc,heap        ] GC(665) Eden regions: 560->0(551)
[4904.005s][info][gc,heap        ] GC(665) Survivor regions: 43->44(76)
[4904.005s][info][gc,heap        ] GC(665) Old regions: 293->300
[4904.005s][info][gc,heap        ] GC(665) Humongous regions: 33->33
[4904.005s][info][gc,metaspace   ] GC(665) Metaspace: 35834K(38144K)->35834K(38144K) NonClass: 26762K(27072K)->26762K(27072K) Class: 9071K(11072K)->9071K(11072K)
[4904.005s][info][gc             ] GC(665) Pause Young (Normal) (G1 Evacuation Pause) 7398M->2984M(8192M) 145.459ms
[4904.005s][info][gc,cpu         ] GC(665) User=1.15s Sys=0.00s Real=0.14s
.....[4908.468s][info][gc,start       ] GC(666) Pause Young (Normal) (G1 Evacuation Pause)
[4908.468s][info][gc,task        ] GC(666) Using 8 workers of 8 for evacuation
[4908.610s][info][gc,phases      ] GC(666)   Pre Evacuate Collection Set: 0.26ms
[4908.610s][info][gc,phases      ] GC(666)   Merge Heap Roots: 0.54ms
[4908.610s][info][gc,phases      ] GC(666)   Evacuate Collection Set: 140.28ms
[4908.610s][info][gc,phases      ] GC(666)   Post Evacuate Collection Set: 1.02ms
[4908.610s][info][gc,phases      ] GC(666)   Other: 0.06ms
[4908.610s][info][gc,heap        ] GC(666) Eden regions: 551->0(547)
[4908.610s][info][gc,heap        ] GC(666) Survivor regions: 44->42(75)
[4908.610s][info][gc,heap        ] GC(666) Old regions: 300->308
[4908.610s][info][gc,heap        ] GC(666) Humongous regions: 33->33
[4908.610s][info][gc,metaspace   ] GC(666) Metaspace: 35834K(38144K)->35834K(38144K) NonClass: 26762K(27072K)->26762K(27072K) Class: 9071K(11072K)->9071K(11072K)
[4908.610s][info][gc             ] GC(666) Pause Young (Normal) (G1 Evacuation Pause) 7392M->3030M(8192M) 142.315ms
[4908.610s][info][gc,cpu         ] GC(666) User=1.13s Sys=0.00s Real=0.14s
....[4913.091s][info][gc,start       ] GC(667) Pause Young (Concurrent Start) (G1 Evacuation Pause)
[4913.091s][info][gc,task        ] GC(667) Using 8 workers of 8 for evacuation
[4913.231s][info][gc,phases      ] GC(667)   Pre Evacuate Collection Set: 0.30ms
[4913.231s][info][gc,phases      ] GC(667)   Merge Heap Roots: 0.54ms
[4913.231s][info][gc,phases      ] GC(667)   Evacuate Collection Set: 137.67ms
[4913.231s][info][gc,phases      ] GC(667)   Post Evacuate Collection Set: 1.01ms
[4913.231s][info][gc,phases      ] GC(667)   Other: 0.08ms
[4913.231s][info][gc,heap        ] GC(667) Eden regions: 547->0(542)
[4913.231s][info][gc,heap        ] GC(667) Survivor regions: 42->41(74)
[4913.231s][info][gc,heap        ] GC(667) Old regions: 308->315
[4913.231s][info][gc,heap        ] GC(667) Humongous regions: 33->33
[4913.231s][info][gc,metaspace   ] GC(667) Metaspace: 35834K(38144K)->35834K(38144K) NonClass: 26762K(27072K)->26762K(27072K) Class: 9071K(11072K)->9071K(11072K)
[4913.231s][info][gc             ] GC(667) Pause Young (Concurrent Start) (G1 Evacuation Pause) 7406M->3078M(8192M) 139.720ms
[4913.231s][info][gc             ] GC(668) Concurrent Mark Cycle
[4913.231s][info][gc,marking     ] GC(668) Concurrent Scan Root Regions
[4913.231s][info][gc,cpu         ] GC(667) User=1.10s Sys=0.00s Real=0.14s
.[4913.532s][info][gc,marking     ] GC(668) Concurrent Scan Root Regions 301.307ms
[4913.532s][info][gc,marking     ] GC(668) Concurrent Mark
[4913.532s][info][gc,marking     ] GC(668) Concurrent Mark From Roots
[4913.532s][info][gc,task        ] GC(668) Using 2 workers of 2 for marking
[4914.335s][info][gc,marking     ] GC(668) Concurrent Mark From Roots 802.265ms
[4914.335s][info][gc,marking     ] GC(668) Concurrent Preclean
[4914.335s][info][gc,marking     ] GC(668) Concurrent Preclean 0.112ms
[4914.335s][info][gc,start       ] GC(668) Pause Remark
[4914.337s][info][gc             ] GC(668) Pause Remark 4207M->3655M(8192M) 2.280ms
[4914.337s][info][gc,cpu         ] GC(668) User=0.01s Sys=0.00s Real=0.01s
[4914.337s][info][gc,marking     ] GC(668) Concurrent Mark 804.932ms
[4914.337s][info][gc,marking     ] GC(668) Concurrent Rebuild Remembered Sets and Scrub Regions
.[4914.777s][info][gc,marking     ] GC(668) Concurrent Rebuild Remembered Sets and Scrub Regions 439.788ms
[4914.777s][info][gc,start       ] GC(668) Pause Cleanup
[4914.778s][info][gc             ] GC(668) Pause Cleanup 4074M->4074M(8192M) 0.278ms
[4914.778s][info][gc,cpu         ] GC(668) User=0.00s Sys=0.00s Real=0.00s
[4914.778s][info][gc,marking     ] GC(668) Concurrent Clear Claimed Marks
[4914.778s][info][gc,marking     ] GC(668) Concurrent Clear Claimed Marks 0.044ms
[4914.778s][info][gc,marking     ] GC(668) Concurrent Cleanup for Next Mark
[4914.786s][info][gc,marking     ] GC(668) Concurrent Cleanup for Next Mark 8.569ms
[4914.786s][info][gc             ] GC(668) Concurrent Mark Cycle 1555.304ms
...[4917.681s][info][gc,start       ] GC(669) Pause Young (Prepare Mixed) (G1 Evacuation Pause)
[4917.681s][info][gc,task        ] GC(669) Using 8 workers of 8 for evacuation
[4917.827s][info][gc,phases      ] GC(669)   Pre Evacuate Collection Set: 0.25ms
[4917.827s][info][gc,phases      ] GC(669)   Merge Heap Roots: 0.72ms
[4917.827s][info][gc,phases      ] GC(669)   Evacuate Collection Set: 144.21ms
[4917.827s][info][gc,phases      ] GC(669)   Post Evacuate Collection Set: 1.14ms
[4917.827s][info][gc,phases      ] GC(669)   Other: 0.07ms
[4917.827s][info][gc,heap        ] GC(669) Eden regions: 542->0(571)
[4917.827s][info][gc,heap        ] GC(669) Survivor regions: 41->43(73)
[4917.827s][info][gc,heap        ] GC(669) Old regions: 246->254
[4917.827s][info][gc,heap        ] GC(669) Humongous regions: 33->33
[4917.827s][info][gc,metaspace   ] GC(669) Metaspace: 35834K(38144K)->35834K(38144K) NonClass: 26762K(27072K)->26762K(27072K) Class: 9071K(11072K)->9071K(11072K)
[4917.827s][info][gc             ] GC(669) Pause Young (Prepare Mixed) (G1 Evacuation Pause) 6862M->2606M(8192M) 146.531ms
[4917.827s][info][gc,cpu         ] GC(669) User=1.16s Sys=0.00s Real=0.15s
.. (rIR:aIR:PR = 7887:7977:7977) (tPR = 118413) [IR is over limit] [PR is over limit] 
  4919s: Performance info:
         Transaction,    Success,    Partial,     Failed,   Receipts, AvgBarcode, 
             Overall,     159621,          0,          0,     151731,      59.48, 
         Response times:
             Request,    Success,    Partial,     Failed,   SkipFail,     Probes,    Samples,      min,      p50,      p90,      p95,      p99,      max, 
       TotalPurchase,     151731,          0,          0,          0,     120148,     177467,      300,     5100,    11300,    21000,    80000,   544000,
     InStorePurchase,      79761,          0,          0,          0,      63386,      93326,      300,     5000,    11500,    21000,    80000,   386000,
      OnlinePurchase,      56158,          0,          0,          0,      44083,      65274,      300,     5200,    11200,    21000,    80000,   544000,
        InstPurchase,      15812,          0,          0,          0,      12679,      18867,      400,     5200,    11000,    19360,    78000,   385000,
          AssocOfCat,        157,          0,          0,          0,        129,        238,    28000,    41500,    66000,    96150,   178420,   257000,
      AssocOfProduct,       1590,          0,          0,          0,       1464,       2223,      900,     5600,    11900,    19380,    74520,   346000,
      BusinessReport,        399,          0,          0,          0,        344,        591,    31000,    48000,    68000,    91000,   192160,   221000,
          CustBuyBeh,       1575,          0,          0,          0,       1471,       2306,      600,     4600,    10730,    18665,    72000,   302000,
       ProductReturn,       4169,          0,          0,          0,       3238,       4874,      200,     4900,    11050,    19400,    75000,   299000,

  4919s: 
  4919s: Failed, 9 overall retries left, retrying 1 of 1
  4919s: (57%)   IR =   7887 ...[4922.552s][info][gc,start       ] GC(670) Pause Young (Mixed) (G1 Evacuation Pause)
[4922.552s][info][gc,task        ] GC(670) Using 8 workers of 8 for evacuation
[4922.700s][info][gc,phases      ] GC(670)   Pre Evacuate Collection Set: 0.31ms
[4922.700s][info][gc,phases      ] GC(670)   Merge Heap Roots: 0.86ms
[4922.700s][info][gc,phases      ] GC(670)   Evacuate Collection Set: 145.71ms
[4922.700s][info][gc,phases      ] GC(670)   Post Evacuate Collection Set: 1.34ms
[4922.700s][info][gc,phases      ] GC(670)   Other: 0.10ms
[4922.700s][info][gc,heap        ] GC(670) Eden regions: 571->0(572)
[4922.700s][info][gc,heap        ] GC(670) Survivor regions: 43->42(77)
[4922.700s][info][gc,heap        ] GC(670) Old regions: 254->159
[4922.700s][info][gc,heap        ] GC(670) Humongous regions: 33->33
[4922.700s][info][gc,metaspace   ] GC(670) Metaspace: 35834K(38144K)->35834K(38144K) NonClass: 26762K(27072K)->26762K(27072K) Class: 9071K(11072K)->9071K(11072K)
[4922.700s][info][gc             ] GC(670) Pause Young (Mixed) (G1 Evacuation Pause) 7174M->1842M(8192M) 148.438ms
[4922.700s][info][gc,cpu         ] GC(670) User=1.17s Sys=0.00s Real=0.15s
...|.[4927.425s][info][gc,start       ] GC(671) Pause Young (Mixed) (G1 Evacuation Pause)
[4927.425s][info][gc,task        ] GC(671) Using 8 workers of 8 for evacuation
[4927.576s][info][gc,phases      ] GC(671)   Pre Evacuate Collection Set: 0.26ms
[4927.576s][info][gc,phases      ] GC(671)   Merge Heap Roots: 0.85ms
[4927.577s][info][gc,phases      ] GC(671)   Evacuate Collection Set: 149.25ms
[4927.577s][info][gc,phases      ] GC(671)   Post Evacuate Collection Set: 1.07ms
[4927.577s][info][gc,phases      ] GC(671)   Other: 0.07ms
[4927.577s][info][gc,heap        ] GC(671) Eden regions: 572->0(571)
[4927.577s][info][gc,heap        ] GC(671) Survivor regions: 42->43(77)
[4927.577s][info][gc,heap        ] GC(671) Old regions: 159->143
[4927.577s][info][gc,heap        ] GC(671) Humongous regions: 33->33
[4927.577s][info][gc,metaspace   ] GC(671) Metaspace: 35834K(38144K)->35834K(38144K) NonClass: 26762K(27072K)->26762K(27072K) Class: 9071K(11072K)->9071K(11072K)
[4927.577s][info][gc             ] GC(671) Pause Young (Mixed) (G1 Evacuation Pause) 6418M->1719M(8192M) 151.639ms
[4927.577s][info][gc,cpu         ] GC(671) User=1.20s Sys=0.00s Real=0.15s
.....[4932.300s][info][gc,start       ] GC(672) Pause Young (Normal) (G1 Evacuation Pause)
[4932.300s][info][gc,task        ] GC(672) Using 8 workers of 8 for evacuation
[4932.442s][info][gc,phases      ] GC(672)   Pre Evacuate Collection Set: 0.25ms
[4932.442s][info][gc,phases      ] GC(672)   Merge Heap Roots: 0.56ms
[4932.442s][info][gc,phases      ] GC(672)   Evacuate Collection Set: 140.91ms
[4932.442s][info][gc,phases      ] GC(672)   Post Evacuate Collection Set: 1.04ms
[4932.442s][info][gc,phases      ] GC(672)   Other: 0.06ms
[4932.442s][info][gc,heap        ] GC(672) Eden regions: 571->0(572)
[4932.442s][info][gc,heap        ] GC(672) Survivor regions: 43->42(77)
[4932.442s][info][gc,heap        ] GC(672) Old regions: 143->150
[4932.442s][info][gc,heap        ] GC(672) Humongous regions: 33->33
[4932.442s][info][gc,metaspace   ] GC(672) Metaspace: 35834K(38144K)->35834K(38144K) NonClass: 26762K(27072K)->26762K(27072K) Class: 9071K(11072K)->9071K(11072K)
[4932.442s][info][gc             ] GC(672) Pause Young (Normal) (G1 Evacuation Pause) 6287M->1768M(8192M) 142.956ms
[4932.443s][info][gc,cpu         ] GC(672) User=1.13s Sys=0.00s Real=0.14s
.....[4937.172s][info][gc,start       ] GC(673) Pause Young (Normal) (G1 Evacuation Pause)
[4937.172s][info][gc,task        ] GC(673) Using 8 workers of 8 for evacuation
[4937.322s][info][gc,phases      ] GC(673)   Pre Evacuate Collection Set: 0.27ms
[4937.322s][info][gc,phases      ] GC(673)   Merge Heap Roots: 0.54ms
[4937.322s][info][gc,phases      ] GC(673)   Evacuate Collection Set: 148.09ms
[4937.322s][info][gc,phases      ] GC(673)   Post Evacuate Collection Set: 1.05ms
[4937.322s][info][gc,phases      ] GC(673)   Other: 0.06ms
[4937.322s][info][gc,heap        ] GC(673) Eden regions: 572->0(570)
[4937.322s][info][gc,heap        ] GC(673) Survivor regions: 42->44(77)
[4937.322s][info][gc,heap        ] GC(673) Old regions: 150->157
[4937.322s][info][gc,heap        ] GC(673) Humongous regions: 33->33
[4937.322s][info][gc,metaspace   ] GC(673) Metaspace: 35834K(38144K)->35834K(38144K) NonClass: 26762K(27072K)->26762K(27072K) Class: 9071K(11072K)->9071K(11072K)
[4937.322s][info][gc             ] GC(673) Pause Young (Normal) (G1 Evacuation Pause) 6344M->1840M(8192M) 150.134ms
[4937.322s][info][gc,cpu         ] GC(673) User=1.19s Sys=0.00s Real=0.15s
.....[4941.980s][info][gc,start       ] GC(674) Pause Young (Normal) (G1 Evacuation Pause)
[4941.980s][info][gc,task        ] GC(674) Using 8 workers of 8 for evacuation
[4942.122s][info][gc,phases      ] GC(674)   Pre Evacuate Collection Set: 0.25ms
[4942.122s][info][gc,phases      ] GC(674)   Merge Heap Roots: 0.60ms
[4942.122s][info][gc,phases      ] GC(674)   Evacuate Collection Set: 139.54ms
[4942.122s][info][gc,phases      ] GC(674)   Post Evacuate Collection Set: 1.05ms
[4942.122s][info][gc,phases      ] GC(674)   Other: 0.06ms
[4942.122s][info][gc,heap        ] GC(674) Eden regions: 570->0(571)
[4942.122s][info][gc,heap        ] GC(674) Survivor regions: 44->43(77)
[4942.122s][info][gc,heap        ] GC(674) Old regions: 157->164
[4942.122s][info][gc,heap        ] GC(674) Humongous regions: 33->33
[4942.122s][info][gc,metaspace   ] GC(674) Metaspace: 35834K(38144K)->35834K(38144K) NonClass: 26762K(27072K)->26762K(27072K) Class: 9071K(11072K)->9071K(11072K)
[4942.122s][info][gc             ] GC(674) Pause Young (Normal) (G1 Evacuation Pause) 6400M->1884M(8192M) 141.650ms
[4942.122s][info][gc,cpu         ] GC(674) User=1.12s Sys=0.00s Real=0.14s
.....[4946.801s][info][gc,start       ] GC(675) Pause Young (Normal) (G1 Evacuation Pause)
[4946.801s][info][gc,task        ] GC(675) Using 8 workers of 8 for evacuation
[4946.946s][info][gc,phases      ] GC(675)   Pre Evacuate Collection Set: 0.29ms
[4946.946s][info][gc,phases      ] GC(675)   Merge Heap Roots: 0.61ms
[4946.946s][info][gc,phases      ] GC(675)   Evacuate Collection Set: 143.26ms
[4946.946s][info][gc,phases      ] GC(675)   Post Evacuate Collection Set: 1.06ms
[4946.946s][info][gc,phases      ] GC(675)   Other: 0.06ms
[4946.946s][info][gc,heap        ] GC(675) Eden regions: 571->0(571)
[4946.946s][info][gc,heap        ] GC(675) Survivor regions: 43->43(77)
[4946.946s][info][gc,heap        ] GC(675) Old regions: 164->171
[4946.946s][info][gc,heap        ] GC(675) Humongous regions: 33->33
[4946.946s][info][gc,metaspace   ] GC(675) Metaspace: 35834K(38144K)->35834K(38144K) NonClass: 26762K(27072K)->26762K(27072K) Class: 9071K(11072K)->9071K(11072K)
[4946.946s][info][gc             ] GC(675) Pause Young (Normal) (G1 Evacuation Pause) 6452M->1945M(8192M) 145.410ms
[4946.946s][info][gc,cpu         ] GC(675) User=1.15s Sys=0.00s Real=0.14s
.....[4951.646s][info][gc,start       ] GC(676) Pause Young (Normal) (G1 Evacuation Pause)
[4951.646s][info][gc,task        ] GC(676) Using 8 workers of 8 for evacuation
[4951.791s][info][gc,phases      ] GC(676)   Pre Evacuate Collection Set: 0.25ms
[4951.791s][info][gc,phases      ] GC(676)   Merge Heap Roots: 0.55ms
[4951.791s][info][gc,phases      ] GC(676)   Evacuate Collection Set: 142.59ms
[4951.791s][info][gc,phases      ] GC(676)   Post Evacuate Collection Set: 1.05ms
[4951.791s][info][gc,phases      ] GC(676)   Other: 0.07ms
[4951.791s][info][gc,heap        ] GC(676) Eden regions: 571->0(571)
[4951.791s][info][gc,heap        ] GC(676) Survivor regions: 43->43(77)
[4951.791s][info][gc,heap        ] GC(676) Old regions: 171->179
[4951.791s][info][gc,heap        ] GC(676) Humongous regions: 33->33
[4951.791s][info][gc,metaspace   ] GC(676) Metaspace: 35834K(38144K)->35834K(38144K) NonClass: 26762K(27072K)->26762K(27072K) Class: 9071K(11072K)->9071K(11072K)
[4951.791s][info][gc             ] GC(676) Pause Young (Normal) (G1 Evacuation Pause) 6513M->2001M(8192M) 144.647ms
[4951.791s][info][gc,cpu         ] GC(676) User=1.14s Sys=0.00s Real=0.15s
....[4956.594s][info][gc,start       ] GC(677) Pause Young (Normal) (G1 Evacuation Pause)
[4956.594s][info][gc,task        ] GC(677) Using 8 workers of 8 for evacuation
[4956.739s][info][gc,phases      ] GC(677)   Pre Evacuate Collection Set: 0.25ms
[4956.739s][info][gc,phases      ] GC(677)   Merge Heap Roots: 0.57ms
[4956.739s][info][gc,phases      ] GC(677)   Evacuate Collection Set: 142.90ms
[4956.739s][info][gc,phases      ] GC(677)   Post Evacuate Collection Set: 1.08ms
[4956.739s][info][gc,phases      ] GC(677)   Other: 0.06ms
[4956.739s][info][gc,heap        ] GC(677) Eden regions: 571->0(571)
[4956.739s][info][gc,heap        ] GC(677) Survivor regions: 43->43(77)
[4956.739s][info][gc,heap        ] GC(677) Old regions: 179->186
[4956.739s][info][gc,heap        ] GC(677) Humongous regions: 33->33
[4956.739s][info][gc,metaspace   ] GC(677) Metaspace: 35834K(38144K)->35834K(38144K) NonClass: 26762K(27072K)->26762K(27072K) Class: 9071K(11072K)->9071K(11072K)
[4956.739s][info][gc             ] GC(677) Pause Young (Normal) (G1 Evacuation Pause) 6569M->2064M(8192M) 144.983ms
[4956.739s][info][gc,cpu         ] GC(677) User=1.14s Sys=0.00s Real=0.15s
.....[4961.429s][info][gc,start       ] GC(678) Pause Young (Normal) (G1 Evacuation Pause)
[4961.429s][info][gc,task        ] GC(678) Using 8 workers of 8 for evacuation
[4961.574s][info][gc,phases      ] GC(678)   Pre Evacuate Collection Set: 0.24ms
[4961.574s][info][gc,phases      ] GC(678)   Merge Heap Roots: 0.54ms
[4961.574s][info][gc,phases      ] GC(678)   Evacuate Collection Set: 143.18ms
[4961.574s][info][gc,phases      ] GC(678)   Post Evacuate Collection Set: 1.04ms
[4961.574s][info][gc,phases      ] GC(678)   Other: 0.06ms
[4961.574s][info][gc,heap        ] GC(678) Eden regions: 571->0(571)
[4961.574s][info][gc,heap        ] GC(678) Survivor regions: 43->43(77)
[4961.574s][info][gc,heap        ] GC(678) Old regions: 186->193
[4961.574s][info][gc,heap        ] GC(678) Humongous regions: 33->33
[4961.574s][info][gc,metaspace   ] GC(678) Metaspace: 35834K(38144K)->35834K(38144K) NonClass: 26762K(27072K)->26762K(27072K) Class: 9071K(11072K)->9071K(11072K)
[4961.574s][info][gc             ] GC(678) Pause Young (Normal) (G1 Evacuation Pause) 6632M->2114M(8192M) 145.225ms
[4961.574s][info][gc,cpu         ] GC(678) User=1.15s Sys=0.00s Real=0.14s
.....[4966.284s][info][gc,start       ] GC(679) Pause Young (Normal) (G1 Evacuation Pause)
[4966.284s][info][gc,task        ] GC(679) Using 8 workers of 8 for evacuation
[4966.431s][info][gc,phases      ] GC(679)   Pre Evacuate Collection Set: 0.25ms
[4966.431s][info][gc,phases      ] GC(679)   Merge Heap Roots: 0.55ms
[4966.431s][info][gc,phases      ] GC(679)   Evacuate Collection Set: 145.36ms
[4966.431s][info][gc,phases      ] GC(679)   Post Evacuate Collection Set: 1.06ms
[4966.431s][info][gc,phases      ] GC(679)   Other: 0.06ms
[4966.431s][info][gc,heap        ] GC(679) Eden regions: 571->0(570)
[4966.431s][info][gc,heap        ] GC(679) Survivor regions: 43->44(77)
[4966.431s][info][gc,heap        ] GC(679) Old regions: 193->200
[4966.431s][info][gc,heap        ] GC(679) Humongous regions: 33->33
[4966.431s][info][gc,metaspace   ] GC(679) Metaspace: 35834K(38144K)->35834K(38144K) NonClass: 26762K(27072K)->26762K(27072K) Class: 9071K(11072K)->9071K(11072K)
[4966.431s][info][gc             ] GC(679) Pause Young (Normal) (G1 Evacuation Pause) 6682M->2181M(8192M) 147.420ms
[4966.431s][info][gc,cpu         ] GC(679) User=1.16s Sys=0.00s Real=0.15s
.....[4971.119s][info][gc,start       ] GC(680) Pause Young (Normal) (G1 Evacuation Pause)
[4971.119s][info][gc,task        ] GC(680) Using 8 workers of 8 for evacuation
[4971.266s][info][gc,phases      ] GC(680)   Pre Evacuate Collection Set: 0.27ms
[4971.266s][info][gc,phases      ] GC(680)   Merge Heap Roots: 0.62ms
[4971.266s][info][gc,phases      ] GC(680)   Evacuate Collection Set: 145.49ms
[4971.266s][info][gc,phases      ] GC(680)   Post Evacuate Collection Set: 1.02ms
[4971.266s][info][gc,phases      ] GC(680)   Other: 0.06ms
[4971.266s][info][gc,heap        ] GC(680) Eden regions: 570->0(571)
[4971.266s][info][gc,heap        ] GC(680) Survivor regions: 44->43(77)
[4971.266s][info][gc,heap        ] GC(680) Old regions: 200->207
[4971.266s][info][gc,heap        ] GC(680) Humongous regions: 33->33
[4971.266s][info][gc,metaspace   ] GC(680) Metaspace: 35834K(38144K)->35834K(38144K) NonClass: 26762K(27072K)->26762K(27072K) Class: 9071K(11072K)->9071K(11072K)
[4971.266s][info][gc             ] GC(680) Pause Young (Normal) (G1 Evacuation Pause) 6741M->2234M(8192M) 147.602ms
[4971.266s][info][gc,cpu         ] GC(680) User=1.16s Sys=0.00s Real=0.14s
.....[4976.073s][info][gc,start       ] GC(681) Pause Young (Normal) (G1 Evacuation Pause)
[4976.073s][info][gc,task        ] GC(681) Using 8 workers of 8 for evacuation
[4976.222s][info][gc,phases      ] GC(681)   Pre Evacuate Collection Set: 0.24ms
[4976.222s][info][gc,phases      ] GC(681)   Merge Heap Roots: 0.54ms
[4976.222s][info][gc,phases      ] GC(681)   Evacuate Collection Set: 146.79ms
[4976.222s][info][gc,phases      ] GC(681)   Post Evacuate Collection Set: 1.07ms
[4976.222s][info][gc,phases      ] GC(681)   Other: 0.06ms
[4976.222s][info][gc,heap        ] GC(681) Eden regions: 571->0(571)
[4976.222s][info][gc,heap        ] GC(681) Survivor regions: 43->43(77)
[4976.222s][info][gc,heap        ] GC(681) Old regions: 207->215
[4976.222s][info][gc,heap        ] GC(681) Humongous regions: 33->33
[4976.222s][info][gc,metaspace   ] GC(681) Metaspace: 35834K(38144K)->35834K(38144K) NonClass: 26762K(27072K)->26762K(27072K) Class: 9071K(11072K)->9071K(11072K)
[4976.222s][info][gc             ] GC(681) Pause Young (Normal) (G1 Evacuation Pause) 6802M->2293M(8192M) 148.858ms
[4976.222s][info][gc,cpu         ] GC(681) User=1.17s Sys=0.00s Real=0.15s
.....[4980.963s][info][gc,start       ] GC(682) Pause Young (Normal) (G1 Evacuation Pause)
[4980.963s][info][gc,task        ] GC(682) Using 8 workers of 8 for evacuation
[4981.104s][info][gc,phases      ] GC(682)   Pre Evacuate Collection Set: 0.25ms
[4981.104s][info][gc,phases      ] GC(682)   Merge Heap Roots: 0.58ms
[4981.104s][info][gc,phases      ] GC(682)   Evacuate Collection Set: 138.90ms
[4981.104s][info][gc,phases      ] GC(682)   Post Evacuate Collection Set: 1.07ms
[4981.104s][info][gc,phases      ] GC(682)   Other: 0.06ms
[4981.104s][info][gc,heap        ] GC(682) Eden regions: 571->0(571)
[4981.104s][info][gc,heap        ] GC(682) Survivor regions: 43->43(77)
[4981.104s][info][gc,heap        ] GC(682) Old regions: 215->222
[4981.104s][info][gc,heap        ] GC(682) Humongous regions: 33->33
[4981.104s][info][gc,metaspace   ] GC(682) Metaspace: 35834K(38144K)->35834K(38144K) NonClass: 26762K(27072K)->26762K(27072K) Class: 9071K(11072K)->9071K(11072K)
[4981.104s][info][gc             ] GC(682) Pause Young (Normal) (G1 Evacuation Pause) 6861M->2345M(8192M) 140.981ms
[4981.104s][info][gc,cpu         ] GC(682) User=1.12s Sys=0.00s Real=0.14s
.....[4985.789s][info][gc,start       ] GC(683) Pause Young (Normal) (G1 Evacuation Pause)
[4985.789s][info][gc,task        ] GC(683) Using 8 workers of 8 for evacuation
[4985.938s][info][gc,phases      ] GC(683)   Pre Evacuate Collection Set: 0.25ms
[4985.938s][info][gc,phases      ] GC(683)   Merge Heap Roots: 0.54ms
[4985.938s][info][gc,phases      ] GC(683)   Evacuate Collection Set: 146.78ms
[4985.938s][info][gc,phases      ] GC(683)   Post Evacuate Collection Set: 1.06ms
[4985.938s][info][gc,phases      ] GC(683)   Other: 0.08ms
[4985.938s][info][gc,heap        ] GC(683) Eden regions: 571->0(570)
[4985.938s][info][gc,heap        ] GC(683) Survivor regions: 43->44(77)
[4985.938s][info][gc,heap        ] GC(683) Old regions: 222->229
[4985.938s][info][gc,heap        ] GC(683) Humongous regions: 33->33
[4985.938s][info][gc,metaspace   ] GC(683) Metaspace: 35834K(38144K)->35834K(38144K) NonClass: 26762K(27072K)->26762K(27072K) Class: 9071K(11072K)->9071K(11072K)
[4985.938s][info][gc             ] GC(683) Pause Young (Normal) (G1 Evacuation Pause) 6913M->2413M(8192M) 148.822ms
[4985.938s][info][gc,cpu         ] GC(683) User=1.17s Sys=0.00s Real=0.15s
 (rIR:aIR:PR = 7887:7908:7908) (tPR = 116696) [OK] 
  4985s: Performance info:
         Transaction,    Success,    Partial,     Failed,   Receipts, AvgBarcode, 
             Overall,     476601,          0,          0,     452797,      59.47, 
         Response times:
             Request,    Success,    Partial,     Failed,   SkipFail,     Probes,    Samples,      min,      p50,      p90,      p95,      p99,      max, 
       TotalPurchase,     452803,          0,          0,          0,     360440,     398085,      300,     5200,    10600,    18700,    68000,   318000,
     InStorePurchase,     238430,          0,          0,          0,     189707,     209468,      400,     5200,    10600,    19000,    68000,   317000,
      OnlinePurchase,     166383,          0,          0,          0,     132660,     146236,      300,     5200,    10500,    18600,    68000,   318000,
        InstPurchase,      47990,          0,          0,          0,      38073,      42381,      500,     5300,    10700,    17500,    67000,   317000,
          AssocOfCat,        475,          0,          0,          0,        377,        502,    28000,    39000,    56000,    65850,   195790,   222000,
      AssocOfProduct,       4753,          0,          0,          0,       4466,       5186,      800,     6300,    10700,    19195,    71000,   316000,
      BusinessReport,       1191,          0,          0,          0,       1063,       1303,    28000,    46000,    64000,    97400,   182920,   216000,
          CustBuyBeh,       4756,          0,          0,          0,       4489,       5188,      200,     5300,    10800,    19955,    69110,   164000,
       ProductReturn,      12631,          0,          0,          0,       9687,      10989,      200,     5100,    10000,    16900,    68000,   318000,

  4985s: (58%)   IR =   8025 ....|[4990.671s][info][gc,start       ] GC(684) Pause Young (Normal) (G1 Evacuation Pause)
[4990.671s][info][gc,task        ] GC(684) Using 8 workers of 8 for evacuation
[4990.818s][info][gc,phases      ] GC(684)   Pre Evacuate Collection Set: 0.27ms
[4990.818s][info][gc,phases      ] GC(684)   Merge Heap Roots: 0.56ms
[4990.818s][info][gc,phases      ] GC(684)   Evacuate Collection Set: 144.97ms
[4990.818s][info][gc,phases      ] GC(684)   Post Evacuate Collection Set: 1.07ms
[4990.818s][info][gc,phases      ] GC(684)   Other: 0.07ms
[4990.818s][info][gc,heap        ] GC(684) Eden regions: 570->0(571)
[4990.818s][info][gc,heap        ] GC(684) Survivor regions: 44->43(77)
[4990.818s][info][gc,heap        ] GC(684) Old regions: 229->236
[4990.818s][info][gc,heap        ] GC(684) Humongous regions: 33->33
[4990.818s][info][gc,metaspace   ] GC(684) Metaspace: 35834K(38144K)->35834K(38144K) NonClass: 26762K(27072K)->26762K(27072K) Class: 9071K(11072K)->9071K(11072K)
[4990.818s][info][gc             ] GC(684) Pause Young (Normal) (G1 Evacuation Pause) 6973M->2462M(8192M) 147.079ms
[4990.818s][info][gc,cpu         ] GC(684) User=1.16s Sys=0.00s Real=0.15s
.....[4995.462s][info][gc,start       ] GC(685) Pause Young (Normal) (G1 Evacuation Pause)
[4995.462s][info][gc,task        ] GC(685) Using 8 workers of 8 for evacuation
[4995.612s][info][gc,phases      ] GC(685)   Pre Evacuate Collection Set: 0.25ms
[4995.612s][info][gc,phases      ] GC(685)   Merge Heap Roots: 0.58ms
[4995.612s][info][gc,phases      ] GC(685)   Evacuate Collection Set: 148.20ms
[4995.612s][info][gc,phases      ] GC(685)   Post Evacuate Collection Set: 1.05ms
[4995.612s][info][gc,phases      ] GC(685)   Other: 0.06ms
[4995.612s][info][gc,heap        ] GC(685) Eden regions: 571->0(570)
[4995.612s][info][gc,heap        ] GC(685) Survivor regions: 43->44(77)
[4995.612s][info][gc,heap        ] GC(685) Old regions: 236->243
[4995.612s][info][gc,heap        ] GC(685) Humongous regions: 33->33
[4995.612s][info][gc,metaspace   ] GC(685) Metaspace: 35834K(38144K)->35834K(38144K) NonClass: 26762K(27072K)->26762K(27072K) Class: 9071K(11072K)->9071K(11072K)
[4995.612s][info][gc             ] GC(685) Pause Young (Normal) (G1 Evacuation Pause) 7030M->2530M(8192M) 150.270ms
[4995.612s][info][gc,cpu         ] GC(685) User=1.19s Sys=0.00s Real=0.15s
.....[5000.214s][info][gc,start       ] GC(686) Pause Young (Normal) (G1 Evacuation Pause)
[5000.214s][info][gc,task        ] GC(686) Using 8 workers of 8 for evacuation
[5000.357s][info][gc,phases      ] GC(686)   Pre Evacuate Collection Set: 0.26ms
[5000.357s][info][gc,phases      ] GC(686)   Merge Heap Roots: 0.56ms
[5000.357s][info][gc,phases      ] GC(686)   Evacuate Collection Set: 140.50ms
[5000.357s][info][gc,phases      ] GC(686)   Post Evacuate Collection Set: 1.04ms
[5000.357s][info][gc,phases      ] GC(686)   Other: 0.06ms
[5000.357s][info][gc,heap        ] GC(686) Eden regions: 570->0(572)
[5000.357s][info][gc,heap        ] GC(686) Survivor regions: 44->42(77)
[5000.357s][info][gc,heap        ] GC(686) Old regions: 243->250
[5000.357s][info][gc,heap        ] GC(686) Humongous regions: 33->33
[5000.357s][info][gc,metaspace   ] GC(686) Metaspace: 35834K(38144K)->35834K(38144K) NonClass: 26762K(27072K)->26762K(27072K) Class: 9071K(11072K)->9071K(11072K)
[5000.357s][info][gc             ] GC(686) Pause Young (Normal) (G1 Evacuation Pause) 7090M->2572M(8192M) 142.551ms
[5000.357s][info][gc,cpu         ] GC(686) User=1.13s Sys=0.00s Real=0.14s
....[5004.983s][info][gc,start       ] GC(687) Pause Young (Normal) (G1 Evacuation Pause)
[5004.983s][info][gc,task        ] GC(687) Using 8 workers of 8 for evacuation
[5005.124s][info][gc,phases      ] GC(687)   Pre Evacuate Collection Set: 0.26ms
[5005.124s][info][gc,phases      ] GC(687)   Merge Heap Roots: 0.55ms
[5005.124s][info][gc,phases      ] GC(687)   Evacuate Collection Set: 139.31ms
[5005.124s][info][gc,phases      ] GC(687)   Post Evacuate Collection Set: 1.07ms
[5005.124s][info][gc,phases      ] GC(687)   Other: 0.06ms
[5005.124s][info][gc,heap        ] GC(687) Eden regions: 572->0(572)
[5005.124s][info][gc,heap        ] GC(687) Survivor regions: 42->42(77)
[5005.124s][info][gc,heap        ] GC(687) Old regions: 250->257
[5005.124s][info][gc,heap        ] GC(687) Humongous regions: 33->33
[5005.124s][info][gc,metaspace   ] GC(687) Metaspace: 35834K(38144K)->35834K(38144K) NonClass: 26762K(27072K)->26762K(27072K) Class: 9071K(11072K)->9071K(11072K)
[5005.124s][info][gc             ] GC(687) Pause Young (Normal) (G1 Evacuation Pause) 7148M->2628M(8192M) 141.382ms
[5005.124s][info][gc,cpu         ] GC(687) User=1.12s Sys=0.00s Real=0.14s
.....[5009.785s][info][gc,start       ] GC(688) Pause Young (Normal) (G1 Evacuation Pause)
[5009.785s][info][gc,task        ] GC(688) Using 8 workers of 8 for evacuation
[5009.929s][info][gc,phases      ] GC(688)   Pre Evacuate Collection Set: 0.28ms
[5009.929s][info][gc,phases      ] GC(688)   Merge Heap Roots: 0.55ms
[5009.929s][info][gc,phases      ] GC(688)   Evacuate Collection Set: 142.60ms
[5009.929s][info][gc,phases      ] GC(688)   Post Evacuate Collection Set: 1.07ms
[5009.929s][info][gc,phases      ] GC(688)   Other: 0.07ms
[5009.929s][info][gc,heap        ] GC(688) Eden regions: 572->0(571)
[5009.929s][info][gc,heap        ] GC(688) Survivor regions: 42->43(77)
[5009.929s][info][gc,heap        ] GC(688) Old regions: 257->264
[5009.929s][info][gc,heap        ] GC(688) Humongous regions: 33->33
[5009.929s][info][gc,metaspace   ] GC(688) Metaspace: 35834K(38144K)->35834K(38144K) NonClass: 26762K(27072K)->26762K(27072K) Class: 9071K(11072K)->9071K(11072K)
[5009.929s][info][gc             ] GC(688) Pause Young (Normal) (G1 Evacuation Pause) 7204M->2692M(8192M) 144.705ms
[5009.929s][info][gc,cpu         ] GC(688) User=1.14s Sys=0.00s Real=0.15s
.....[5014.587s][info][gc,start       ] GC(689) Pause Young (Normal) (G1 Evacuation Pause)
[5014.587s][info][gc,task        ] GC(689) Using 8 workers of 8 for evacuation
[5014.731s][info][gc,phases      ] GC(689)   Pre Evacuate Collection Set: 0.27ms
[5014.731s][info][gc,phases      ] GC(689)   Merge Heap Roots: 0.62ms
[5014.731s][info][gc,phases      ] GC(689)   Evacuate Collection Set: 142.00ms
[5014.731s][info][gc,phases      ] GC(689)   Post Evacuate Collection Set: 1.07ms
[5014.731s][info][gc,phases      ] GC(689)   Other: 0.06ms
[5014.732s][info][gc,heap        ] GC(689) Eden regions: 571->0(571)
[5014.732s][info][gc,heap        ] GC(689) Survivor regions: 43->43(77)
[5014.732s][info][gc,heap        ] GC(689) Old regions: 264->271
[5014.732s][info][gc,heap        ] GC(689) Humongous regions: 33->33
[5014.732s][info][gc,metaspace   ] GC(689) Metaspace: 35834K(38144K)->35834K(38144K) NonClass: 26762K(27072K)->26762K(27072K) Class: 9071K(11072K)->9071K(11072K)
[5014.732s][info][gc             ] GC(689) Pause Young (Normal) (G1 Evacuation Pause) 7260M->2744M(8192M) 144.148ms
[5014.732s][info][gc,cpu         ] GC(689) User=1.14s Sys=0.00s Real=0.14s
.....[5019.331s][info][gc,start       ] GC(690) Pause Young (Normal) (G1 Evacuation Pause)
[5019.331s][info][gc,task        ] GC(690) Using 8 workers of 8 for evacuation
[5019.477s][info][gc,phases      ] GC(690)   Pre Evacuate Collection Set: 0.25ms
[5019.478s][info][gc,phases      ] GC(690)   Merge Heap Roots: 0.55ms
[5019.478s][info][gc,phases      ] GC(690)   Evacuate Collection Set: 144.62ms
[5019.478s][info][gc,phases      ] GC(690)   Post Evacuate Collection Set: 1.06ms
[5019.478s][info][gc,phases      ] GC(690)   Other: 0.06ms
[5019.478s][info][gc,heap        ] GC(690) Eden regions: 571->0(570)
[5019.478s][info][gc,heap        ] GC(690) Survivor regions: 43->44(77)
[5019.478s][info][gc,heap        ] GC(690) Old regions: 271->279
[5019.478s][info][gc,heap        ] GC(690) Humongous regions: 33->33
[5019.478s][info][gc,metaspace   ] GC(690) Metaspace: 35834K(38144K)->35834K(38144K) NonClass: 26762K(27072K)->26762K(27072K) Class: 9071K(11072K)->9071K(11072K)
[5019.478s][info][gc             ] GC(690) Pause Young (Normal) (G1 Evacuation Pause) 7312M->2809M(8192M) 146.687ms
[5019.478s][info][gc,cpu         ] GC(690) User=1.16s Sys=0.00s Real=0.15s
.....[5024.197s][info][gc,start       ] GC(691) Pause Young (Normal) (G1 Evacuation Pause)
[5024.197s][info][gc,task        ] GC(691) Using 8 workers of 8 for evacuation
[5024.342s][info][gc,phases      ] GC(691)   Pre Evacuate Collection Set: 0.27ms
[5024.342s][info][gc,phases      ] GC(691)   Merge Heap Roots: 0.55ms
[5024.342s][info][gc,phases      ] GC(691)   Evacuate Collection Set: 142.42ms
[5024.342s][info][gc,phases      ] GC(691)   Post Evacuate Collection Set: 1.03ms
[5024.342s][info][gc,phases      ] GC(691)   Other: 0.06ms
[5024.342s][info][gc,heap        ] GC(691) Eden regions: 570->0(567)
[5024.342s][info][gc,heap        ] GC(691) Survivor regions: 44->43(77)
[5024.342s][info][gc,heap        ] GC(691) Old regions: 279->286
[5024.342s][info][gc,heap        ] GC(691) Humongous regions: 33->33
[5024.342s][info][gc,metaspace   ] GC(691) Metaspace: 35834K(38144K)->35834K(38144K) NonClass: 26762K(27072K)->26762K(27072K) Class: 9071K(11072K)->9071K(11072K)
[5024.342s][info][gc             ] GC(691) Pause Young (Normal) (G1 Evacuation Pause) 7369M->2862M(8192M) 144.472ms
[5024.342s][info][gc,cpu         ] GC(691) User=1.15s Sys=0.00s Real=0.14s
....[5028.900s][info][gc,start       ] GC(692) Pause Young (Normal) (G1 Evacuation Pause)
[5028.900s][info][gc,task        ] GC(692) Using 8 workers of 8 for evacuation
[5029.048s][info][gc,phases      ] GC(692)   Pre Evacuate Collection Set: 0.27ms
[5029.048s][info][gc,phases      ] GC(692)   Merge Heap Roots: 0.60ms
[5029.048s][info][gc,phases      ] GC(692)   Evacuate Collection Set: 146.16ms
[5029.048s][info][gc,phases      ] GC(692)   Post Evacuate Collection Set: 1.05ms
[5029.048s][info][gc,phases      ] GC(692)   Other: 0.07ms
[5029.048s][info][gc,heap        ] GC(692) Eden regions: 567->0(560)
[5029.048s][info][gc,heap        ] GC(692) Survivor regions: 43->43(77)
[5029.048s][info][gc,heap        ] GC(692) Old regions: 286->293
[5029.048s][info][gc,heap        ] GC(692) Humongous regions: 33->33
[5029.048s][info][gc,metaspace   ] GC(692) Metaspace: 35834K(38144K)->35834K(38144K) NonClass: 26762K(27072K)->26762K(27072K) Class: 9071K(11072K)->9071K(11072K)
[5029.048s][info][gc             ] GC(692) Pause Young (Normal) (G1 Evacuation Pause) 7398M->2920M(8192M) 148.290ms
[5029.048s][info][gc,cpu         ] GC(692) User=1.16s Sys=0.01s Real=0.15s
.....[5033.631s][info][gc,start       ] GC(693) Pause Young (Normal) (G1 Evacuation Pause)
[5033.631s][info][gc,task        ] GC(693) Using 8 workers of 8 for evacuation
[5033.773s][info][gc,phases      ] GC(693)   Pre Evacuate Collection Set: 0.23ms
[5033.773s][info][gc,phases      ] GC(693)   Merge Heap Roots: 0.54ms
[5033.773s][info][gc,phases      ] GC(693)   Evacuate Collection Set: 140.78ms
[5033.773s][info][gc,phases      ] GC(693)   Post Evacuate Collection Set: 1.02ms
[5033.774s][info][gc,phases      ] GC(693)   Other: 0.06ms
[5033.774s][info][gc,heap        ] GC(693) Eden regions: 560->0(553)
[5033.774s][info][gc,heap        ] GC(693) Survivor regions: 43->43(76)
[5033.774s][info][gc,heap        ] GC(693) Old regions: 293->300
[5033.774s][info][gc,heap        ] GC(693) Humongous regions: 33->33
[5033.774s][info][gc,metaspace   ] GC(693) Metaspace: 35834K(38144K)->35834K(38144K) NonClass: 26762K(27072K)->26762K(27072K) Class: 9071K(11072K)->9071K(11072K)
[5033.774s][info][gc             ] GC(693) Pause Young (Normal) (G1 Evacuation Pause) 7400M->2975M(8192M) 142.774ms
[5033.774s][info][gc,cpu         ] GC(693) User=1.13s Sys=0.00s Real=0.14s
.....[5038.316s][info][gc,start       ] GC(694) Pause Young (Normal) (G1 Evacuation Pause)
[5038.316s][info][gc,task        ] GC(694) Using 8 workers of 8 for evacuation
[5038.457s][info][gc,phases      ] GC(694)   Pre Evacuate Collection Set: 0.25ms
[5038.457s][info][gc,phases      ] GC(694)   Merge Heap Roots: 0.55ms
[5038.457s][info][gc,phases      ] GC(694)   Evacuate Collection Set: 139.07ms
[5038.457s][info][gc,phases      ] GC(694)   Post Evacuate Collection Set: 1.04ms
[5038.457s][info][gc,phases      ] GC(694)   Other: 0.07ms
[5038.457s][info][gc,heap        ] GC(694) Eden regions: 553->0(545)
[5038.457s][info][gc,heap        ] GC(694) Survivor regions: 43->43(75)
[5038.457s][info][gc,heap        ] GC(694) Old regions: 300->308
[5038.457s][info][gc,heap        ] GC(694) Humongous regions: 33->33
[5038.457s][info][gc,metaspace   ] GC(694) Metaspace: 35834K(38144K)->35834K(38144K) NonClass: 26762K(27072K)->26762K(27072K) Class: 9071K(11072K)->9071K(11072K)
[5038.457s][info][gc             ] GC(694) Pause Young (Normal) (G1 Evacuation Pause) 7399M->3040M(8192M) 141.128ms
[5038.457s][info][gc,cpu         ] GC(694) User=1.12s Sys=0.00s Real=0.15s
....[5042.743s][info][gc,start       ] GC(695) Pause Young (Concurrent Start) (G1 Evacuation Pause)
[5042.743s][info][gc,task        ] GC(695) Using 8 workers of 8 for evacuation
[5042.891s][info][gc,phases      ] GC(695)   Pre Evacuate Collection Set: 0.32ms
[5042.891s][info][gc,phases      ] GC(695)   Merge Heap Roots: 0.60ms
[5042.891s][info][gc,phases      ] GC(695)   Evacuate Collection Set: 145.37ms
[5042.891s][info][gc,phases      ] GC(695)   Post Evacuate Collection Set: 1.01ms
[5042.891s][info][gc,phases      ] GC(695)   Other: 0.11ms
[5042.891s][info][gc,heap        ] GC(695) Eden regions: 545->0(538)
[5042.891s][info][gc,heap        ] GC(695) Survivor regions: 43->43(74)
[5042.891s][info][gc,heap        ] GC(695) Old regions: 308->315
[5042.891s][info][gc,heap        ] GC(695) Humongous regions: 33->33
[5042.891s][info][gc,metaspace   ] GC(695) Metaspace: 35834K(38144K)->35834K(38144K) NonClass: 26762K(27072K)->26762K(27072K) Class: 9071K(11072K)->9071K(11072K)
[5042.891s][info][gc             ] GC(695) Pause Young (Concurrent Start) (G1 Evacuation Pause) 7400M->3096M(8192M) 147.524ms
[5042.891s][info][gc             ] GC(696) Concurrent Mark Cycle
[5042.891s][info][gc,marking     ] GC(696) Concurrent Scan Root Regions
[5042.891s][info][gc,cpu         ] GC(695) User=1.17s Sys=0.00s Real=0.15s
.[5043.161s][info][gc,marking     ] GC(696) Concurrent Scan Root Regions 270.288ms
[5043.161s][info][gc,marking     ] GC(696) Concurrent Mark
[5043.161s][info][gc,marking     ] GC(696) Concurrent Mark From Roots
[5043.161s][info][gc,task        ] GC(696) Using 2 workers of 2 for marking
.[5044.160s][info][gc,marking     ] GC(696) Concurrent Mark From Roots 999.285ms
[5044.160s][info][gc,marking     ] GC(696) Concurrent Preclean
[5044.160s][info][gc,marking     ] GC(696) Concurrent Preclean 0.104ms
[5044.161s][info][gc,start       ] GC(696) Pause Remark
[5044.163s][info][gc             ] GC(696) Pause Remark 4420M->3828M(8192M) 2.202ms
[5044.163s][info][gc,cpu         ] GC(696) User=0.01s Sys=0.00s Real=0.00s
[5044.163s][info][gc,marking     ] GC(696) Concurrent Mark 1001.915ms
[5044.163s][info][gc,marking     ] GC(696) Concurrent Rebuild Remembered Sets and Scrub Regions
[5044.687s][info][gc,marking     ] GC(696) Concurrent Rebuild Remembered Sets and Scrub Regions 523.896ms
[5044.687s][info][gc,start       ] GC(696) Pause Cleanup
[5044.687s][info][gc             ] GC(696) Pause Cleanup 4356M->4356M(8192M) 0.255ms
[5044.687s][info][gc,cpu         ] GC(696) User=0.00s Sys=0.00s Real=0.00s
[5044.687s][info][gc,marking     ] GC(696) Concurrent Clear Claimed Marks
[5044.687s][info][gc,marking     ] GC(696) Concurrent Clear Claimed Marks 0.042ms
[5044.687s][info][gc,marking     ] GC(696) Concurrent Cleanup for Next Mark
[5044.694s][info][gc,marking     ] GC(696) Concurrent Cleanup for Next Mark 6.536ms
[5044.694s][info][gc             ] GC(696) Concurrent Mark Cycle 1803.306ms
...[5047.247s][info][gc,start       ] GC(697) Pause Young (Prepare Mixed) (G1 Evacuation Pause)
[5047.247s][info][gc,task        ] GC(697) Using 8 workers of 8 for evacuation
[5047.390s][info][gc,phases      ] GC(697)   Pre Evacuate Collection Set: 0.26ms
[5047.390s][info][gc,phases      ] GC(697)   Merge Heap Roots: 0.89ms
[5047.390s][info][gc,phases      ] GC(697)   Evacuate Collection Set: 140.80ms
[5047.390s][info][gc,phases      ] GC(697)   Post Evacuate Collection Set: 1.14ms
[5047.390s][info][gc,phases      ] GC(697)   Other: 0.07ms
[5047.390s][info][gc,heap        ] GC(697) Eden regions: 538->0(572)
[5047.390s][info][gc,heap        ] GC(697) Survivor regions: 43->42(73)
[5047.390s][info][gc,heap        ] GC(697) Old regions: 241->249
[5047.390s][info][gc,heap        ] GC(697) Humongous regions: 33->33
[5047.390s][info][gc,metaspace   ] GC(697) Metaspace: 35834K(38144K)->35834K(38144K) NonClass: 26762K(27072K)->26762K(27072K) Class: 9071K(11072K)->9071K(11072K)
[5047.391s][info][gc             ] GC(697) Pause Young (Prepare Mixed) (G1 Evacuation Pause) 6808M->2558M(8192M) 143.306ms
[5047.391s][info][gc,cpu         ] GC(697) User=1.13s Sys=0.00s Real=0.14s
... (rIR:aIR:PR = 8025:8045:8044) (tPR = 120113) [OK] 
  5050s: Performance info:
         Transaction,    Success,    Partial,     Failed,   Receipts, AvgBarcode, 
             Overall,     483620,          0,          0,     459479,      59.47, 
         Response times:
             Request,    Success,    Partial,     Failed,   SkipFail,     Probes,    Samples,      min,      p50,      p90,      p95,      p99,      max, 
       TotalPurchase,     459488,          0,          0,          0,     359648,     386362,      300,     5300,    11700,    29000,    86000,   377000,
     InStorePurchase,     241756,          0,          0,          0,     189450,     203193,      300,     5200,    11600,    30000,    87000,   377000,
      OnlinePurchase,     169720,          0,          0,          0,     132547,     142525,      400,     5300,    11800,    28000,    83000,   377000,
        InstPurchase,      48012,          0,          0,          0,      37651,      40644,      400,     5200,    11500,    30000,    84000,   374000,
          AssocOfCat,        481,          0,          0,          0,        399,        518,    26000,    41000,    69100,    93000,   151480,   205000,
      AssocOfProduct,       4850,          0,          0,          0,       3372,       3844,      500,     5300,    11700,    24000,    77550,   372000,
      BusinessReport,       1207,          0,          0,          0,       1093,       1275,    29000,    47000,    75400,   113200,   205240,   246000,
          CustBuyBeh,       4778,          0,          0,          0,       3322,       3754,      200,     4800,    12400,    25000,    77000,   377000,
       ProductReturn,      12845,          0,          0,          0,       9953,      11030,      200,     4900,    11800,    29000,    80000,   376000,

  5050s: (59%)   IR =   8164 .[5052.092s][info][gc,start       ] GC(698) Pause Young (Mixed) (G1 Evacuation Pause)
[5052.092s][info][gc,task        ] GC(698) Using 8 workers of 8 for evacuation
[5052.245s][info][gc,phases      ] GC(698)   Pre Evacuate Collection Set: 0.28ms
[5052.245s][info][gc,phases      ] GC(698)   Merge Heap Roots: 0.87ms
[5052.245s][info][gc,phases      ] GC(698)   Evacuate Collection Set: 150.07ms
[5052.245s][info][gc,phases      ] GC(698)   Post Evacuate Collection Set: 1.31ms
[5052.245s][info][gc,phases      ] GC(698)   Other: 0.08ms
[5052.245s][info][gc,heap        ] GC(698) Eden regions: 572->0(572)
[5052.245s][info][gc,heap        ] GC(698) Survivor regions: 42->42(77)
[5052.245s][info][gc,heap        ] GC(698) Old regions: 249->154
[5052.245s][info][gc,heap        ] GC(698) Humongous regions: 33->33
[5052.245s][info][gc,metaspace   ] GC(698) Metaspace: 35834K(38144K)->35834K(38144K) NonClass: 26762K(27072K)->26762K(27072K) Class: 9071K(11072K)->9071K(11072K)
[5052.245s][info][gc             ] GC(698) Pause Young (Mixed) (G1 Evacuation Pause) 7134M->1803M(8192M) 152.739ms
[5052.245s][info][gc,cpu         ] GC(698) User=1.20s Sys=0.00s Real=0.15s
....|.[5056.831s][info][gc,start       ] GC(699) Pause Young (Mixed) (G1 Evacuation Pause)
[5056.831s][info][gc,task        ] GC(699) Using 8 workers of 8 for evacuation
[5056.984s][info][gc,phases      ] GC(699)   Pre Evacuate Collection Set: 0.26ms
[5056.984s][info][gc,phases      ] GC(699)   Merge Heap Roots: 0.81ms
[5056.984s][info][gc,phases      ] GC(699)   Evacuate Collection Set: 150.92ms
[5056.984s][info][gc,phases      ] GC(699)   Post Evacuate Collection Set: 1.07ms
[5056.984s][info][gc,phases      ] GC(699)   Other: 0.08ms
[5056.984s][info][gc,heap        ] GC(699) Eden regions: 572->0(569)
[5056.984s][info][gc,heap        ] GC(699) Survivor regions: 42->45(77)
[5056.984s][info][gc,heap        ] GC(699) Old regions: 154->142
[5056.984s][info][gc,heap        ] GC(699) Humongous regions: 33->33
[5056.984s][info][gc,metaspace   ] GC(699) Metaspace: 35834K(38144K)->35834K(38144K) NonClass: 26762K(27072K)->26762K(27072K) Class: 9071K(11072K)->9071K(11072K)
[5056.984s][info][gc             ] GC(699) Pause Young (Mixed) (G1 Evacuation Pause) 6379M->1728M(8192M) 153.262ms
[5056.984s][info][gc,cpu         ] GC(699) User=1.21s Sys=0.00s Real=0.15s
.....[5061.567s][info][gc,start       ] GC(700) Pause Young (Normal) (G1 Evacuation Pause)
[5061.567s][info][gc,task        ] GC(700) Using 8 workers of 8 for evacuation
[5061.712s][info][gc,phases      ] GC(700)   Pre Evacuate Collection Set: 0.26ms
[5061.712s][info][gc,phases      ] GC(700)   Merge Heap Roots: 0.61ms
[5061.712s][info][gc,phases      ] GC(700)   Evacuate Collection Set: 142.93ms
[5061.712s][info][gc,phases      ] GC(700)   Post Evacuate Collection Set: 1.09ms
[5061.712s][info][gc,phases      ] GC(700)   Other: 0.06ms
[5061.712s][info][gc,heap        ] GC(700) Eden regions: 569->0(571)
[5061.712s][info][gc,heap        ] GC(700) Survivor regions: 45->43(77)
[5061.712s][info][gc,heap        ] GC(700) Old regions: 142->150
[5061.712s][info][gc,heap        ] GC(700) Humongous regions: 33->33
[5061.712s][info][gc,metaspace   ] GC(700) Metaspace: 35834K(38144K)->35834K(38144K) NonClass: 26762K(27072K)->26762K(27072K) Class: 9071K(11072K)->9071K(11072K)
[5061.712s][info][gc             ] GC(700) Pause Young (Normal) (G1 Evacuation Pause) 6280M->1773M(8192M) 145.076ms
[5061.712s][info][gc,cpu         ] GC(700) User=1.15s Sys=0.00s Real=0.14s
....[5066.196s][info][gc,start       ] GC(701) Pause Young (Normal) (G1 Evacuation Pause)
[5066.196s][info][gc,task        ] GC(701) Using 8 workers of 8 for evacuation
[5066.341s][info][gc,phases      ] GC(701)   Pre Evacuate Collection Set: 0.28ms
[5066.341s][info][gc,phases      ] GC(701)   Merge Heap Roots: 0.55ms
[5066.341s][info][gc,phases      ] GC(701)   Evacuate Collection Set: 142.72ms
[5066.341s][info][gc,phases      ] GC(701)   Post Evacuate Collection Set: 1.07ms
[5066.341s][info][gc,phases      ] GC(701)   Other: 0.06ms
[5066.341s][info][gc,heap        ] GC(701) Eden regions: 571->0(571)
[5066.341s][info][gc,heap        ] GC(701) Survivor regions: 43->43(77)
[5066.341s][info][gc,heap        ] GC(701) Old regions: 150->157
[5066.341s][info][gc,heap        ] GC(701) Humongous regions: 33->33
[5066.341s][info][gc,metaspace   ] GC(701) Metaspace: 35834K(38144K)->35834K(38144K) NonClass: 26762K(27072K)->26762K(27072K) Class: 9071K(11072K)->9071K(11072K)
[5066.341s][info][gc             ] GC(701) Pause Young (Normal) (G1 Evacuation Pause) 6341M->1825M(8192M) 144.816ms
[5066.341s][info][gc,cpu         ] GC(701) User=1.15s Sys=0.00s Real=0.15s
.....[5070.906s][info][gc,start       ] GC(702) Pause Young (Normal) (G1 Evacuation Pause)
[5070.906s][info][gc,task        ] GC(702) Using 8 workers of 8 for evacuation
[5071.054s][info][gc,phases      ] GC(702)   Pre Evacuate Collection Set: 0.25ms
[5071.054s][info][gc,phases      ] GC(702)   Merge Heap Roots: 0.54ms
[5071.054s][info][gc,phases      ] GC(702)   Evacuate Collection Set: 146.29ms
[5071.054s][info][gc,phases      ] GC(702)   Post Evacuate Collection Set: 1.03ms
[5071.054s][info][gc,phases      ] GC(702)   Other: 0.06ms
[5071.054s][info][gc,heap        ] GC(702) Eden regions: 571->0(570)
[5071.054s][info][gc,heap        ] GC(702) Survivor regions: 43->44(77)
[5071.054s][info][gc,heap        ] GC(702) Old regions: 157->163
[5071.054s][info][gc,heap        ] GC(702) Humongous regions: 33->33
[5071.054s][info][gc,metaspace   ] GC(702) Metaspace: 35834K(38144K)->35834K(38144K) NonClass: 26762K(27072K)->26762K(27072K) Class: 9071K(11072K)->9071K(11072K)
[5071.054s][info][gc             ] GC(702) Pause Young (Normal) (G1 Evacuation Pause) 6393M->1888M(8192M) 148.318ms
[5071.054s][info][gc,cpu         ] GC(702) User=1.17s Sys=0.00s Real=0.15s
.....[5075.567s][info][gc,start       ] GC(703) Pause Young (Normal) (G1 Evacuation Pause)
[5075.567s][info][gc,task        ] GC(703) Using 8 workers of 8 for evacuation
[5075.714s][info][gc,phases      ] GC(703)   Pre Evacuate Collection Set: 0.25ms
[5075.714s][info][gc,phases      ] GC(703)   Merge Heap Roots: 0.62ms
[5075.714s][info][gc,phases      ] GC(703)   Evacuate Collection Set: 144.78ms
[5075.714s][info][gc,phases      ] GC(703)   Post Evacuate Collection Set: 1.07ms
[5075.714s][info][gc,phases      ] GC(703)   Other: 0.06ms
[5075.714s][info][gc,heap        ] GC(703) Eden regions: 570->0(571)
[5075.714s][info][gc,heap        ] GC(703) Survivor regions: 44->43(77)
[5075.714s][info][gc,heap        ] GC(703) Old regions: 163->171
[5075.714s][info][gc,heap        ] GC(703) Humongous regions: 33->33
[5075.714s][info][gc,metaspace   ] GC(703) Metaspace: 35834K(38144K)->35834K(38144K) NonClass: 26762K(27072K)->26762K(27072K) Class: 9071K(11072K)->9071K(11072K)
[5075.714s][info][gc             ] GC(703) Pause Young (Normal) (G1 Evacuation Pause) 6448M->1942M(8192M) 146.912ms
[5075.714s][info][gc,cpu         ] GC(703) User=1.16s Sys=0.00s Real=0.14s
.....[5080.354s][info][gc,start       ] GC(704) Pause Young (Normal) (G1 Evacuation Pause)
[5080.354s][info][gc,task        ] GC(704) Using 8 workers of 8 for evacuation
[5080.498s][info][gc,phases      ] GC(704)   Pre Evacuate Collection Set: 0.25ms
[5080.498s][info][gc,phases      ] GC(704)   Merge Heap Roots: 0.55ms
[5080.498s][info][gc,phases      ] GC(704)   Evacuate Collection Set: 142.39ms
[5080.498s][info][gc,phases      ] GC(704)   Post Evacuate Collection Set: 1.06ms
[5080.498s][info][gc,phases      ] GC(704)   Other: 0.07ms
[5080.498s][info][gc,heap        ] GC(704) Eden regions: 571->0(571)
[5080.498s][info][gc,heap        ] GC(704) Survivor regions: 43->43(77)
[5080.498s][info][gc,heap        ] GC(704) Old regions: 171->178
[5080.498s][info][gc,heap        ] GC(704) Humongous regions: 33->33
[5080.498s][info][gc,metaspace   ] GC(704) Metaspace: 35834K(38144K)->35834K(38144K) NonClass: 26762K(27072K)->26762K(27072K) Class: 9071K(11072K)->9071K(11072K)
[5080.498s][info][gc             ] GC(704) Pause Young (Normal) (G1 Evacuation Pause) 6510M->1998M(8192M) 144.455ms
[5080.498s][info][gc,cpu         ] GC(704) User=1.14s Sys=0.00s Real=0.15s
....[5085.039s][info][gc,start       ] GC(705) Pause Young (Normal) (G1 Evacuation Pause)
[5085.039s][info][gc,task        ] GC(705) Using 8 workers of 8 for evacuation
[5085.183s][info][gc,phases      ] GC(705)   Pre Evacuate Collection Set: 0.28ms
[5085.183s][info][gc,phases      ] GC(705)   Merge Heap Roots: 0.56ms
[5085.183s][info][gc,phases      ] GC(705)   Evacuate Collection Set: 141.47ms
[5085.183s][info][gc,phases      ] GC(705)   Post Evacuate Collection Set: 1.05ms
[5085.183s][info][gc,phases      ] GC(705)   Other: 0.06ms
[5085.183s][info][gc,heap        ] GC(705) Eden regions: 571->0(571)
[5085.183s][info][gc,heap        ] GC(705) Survivor regions: 43->43(77)
[5085.183s][info][gc,heap        ] GC(705) Old regions: 178->185
[5085.183s][info][gc,heap        ] GC(705) Humongous regions: 33->33
[5085.183s][info][gc,metaspace   ] GC(705) Metaspace: 35834K(38144K)->35834K(38144K) NonClass: 26762K(27072K)->26762K(27072K) Class: 9071K(11072K)->9071K(11072K)
[5085.183s][info][gc             ] GC(705) Pause Young (Normal) (G1 Evacuation Pause) 6566M->2049M(8192M) 143.548ms
[5085.183s][info][gc,cpu         ] GC(705) User=1.14s Sys=0.00s Real=0.14s
.....[5089.784s][info][gc,start       ] GC(706) Pause Young (Normal) (G1 Evacuation Pause)
[5089.784s][info][gc,task        ] GC(706) Using 8 workers of 8 for evacuation
[5089.931s][info][gc,phases      ] GC(706)   Pre Evacuate Collection Set: 0.24ms
[5089.932s][info][gc,phases      ] GC(706)   Merge Heap Roots: 0.61ms
[5089.932s][info][gc,phases      ] GC(706)   Evacuate Collection Set: 145.63ms
[5089.932s][info][gc,phases      ] GC(706)   Post Evacuate Collection Set: 1.03ms
[5089.932s][info][gc,phases      ] GC(706)   Other: 0.07ms
[5089.932s][info][gc,heap        ] GC(706) Eden regions: 571->0(571)
[5089.932s][info][gc,heap        ] GC(706) Survivor regions: 43->43(77)
[5089.932s][info][gc,heap        ] GC(706) Old regions: 185->192
[5089.932s][info][gc,heap        ] GC(706) Humongous regions: 33->33
[5089.932s][info][gc,metaspace   ] GC(706) Metaspace: 35834K(38144K)->35834K(38144K) NonClass: 26762K(27072K)->26762K(27072K) Class: 9071K(11072K)->9071K(11072K)
[5089.932s][info][gc             ] GC(706) Pause Young (Normal) (G1 Evacuation Pause) 6617M->2110M(8192M) 147.730ms
[5089.932s][info][gc,cpu         ] GC(706) User=1.16s Sys=0.00s Real=0.15s
.....[5094.550s][info][gc,start       ] GC(707) Pause Young (Normal) (G1 Evacuation Pause)
[5094.550s][info][gc,task        ] GC(707) Using 8 workers of 8 for evacuation
[5094.699s][info][gc,phases      ] GC(707)   Pre Evacuate Collection Set: 0.26ms
[5094.699s][info][gc,phases      ] GC(707)   Merge Heap Roots: 0.55ms
[5094.699s][info][gc,phases      ] GC(707)   Evacuate Collection Set: 147.08ms
[5094.699s][info][gc,phases      ] GC(707)   Post Evacuate Collection Set: 1.05ms
[5094.699s][info][gc,phases      ] GC(707)   Other: 0.07ms
[5094.699s][info][gc,heap        ] GC(707) Eden regions: 571->0(571)
[5094.699s][info][gc,heap        ] GC(707) Survivor regions: 43->43(77)
[5094.699s][info][gc,heap        ] GC(707) Old regions: 192->199
[5094.699s][info][gc,heap        ] GC(707) Humongous regions: 33->33
[5094.699s][info][gc,metaspace   ] GC(707) Metaspace: 35834K(38144K)->35834K(38144K) NonClass: 26762K(27072K)->26762K(27072K) Class: 9071K(11072K)->9071K(11072K)
[5094.699s][info][gc             ] GC(707) Pause Young (Normal) (G1 Evacuation Pause) 6678M->2166M(8192M) 149.137ms
[5094.699s][info][gc,cpu         ] GC(707) User=1.18s Sys=0.00s Real=0.15s
....[5099.191s][info][gc,start       ] GC(708) Pause Young (Normal) (G1 Evacuation Pause)
[5099.192s][info][gc,task        ] GC(708) Using 8 workers of 8 for evacuation
[5099.339s][info][gc,phases      ] GC(708)   Pre Evacuate Collection Set: 0.24ms
[5099.339s][info][gc,phases      ] GC(708)   Merge Heap Roots: 0.60ms
[5099.339s][info][gc,phases      ] GC(708)   Evacuate Collection Set: 145.15ms
[5099.339s][info][gc,phases      ] GC(708)   Post Evacuate Collection Set: 1.06ms
[5099.339s][info][gc,phases      ] GC(708)   Other: 0.07ms
[5099.339s][info][gc,heap        ] GC(708) Eden regions: 571->0(570)
[5099.339s][info][gc,heap        ] GC(708) Survivor regions: 43->44(77)
[5099.339s][info][gc,heap        ] GC(708) Old regions: 199->206
[5099.339s][info][gc,heap        ] GC(708) Humongous regions: 33->33
[5099.339s][info][gc,metaspace   ] GC(708) Metaspace: 35834K(38144K)->35834K(38144K) NonClass: 26762K(27072K)->26762K(27072K) Class: 9071K(11072K)->9071K(11072K)
[5099.339s][info][gc             ] GC(708) Pause Young (Normal) (G1 Evacuation Pause) 6734M->2226M(8192M) 147.248ms
[5099.339s][info][gc,cpu         ] GC(708) User=1.16s Sys=0.00s Real=0.15s
.....[5103.860s][info][gc,start       ] GC(709) Pause Young (Normal) (G1 Evacuation Pause)
[5103.860s][info][gc,task        ] GC(709) Using 8 workers of 8 for evacuation
[5104.005s][info][gc,phases      ] GC(709)   Pre Evacuate Collection Set: 0.25ms
[5104.005s][info][gc,phases      ] GC(709)   Merge Heap Roots: 0.55ms
[5104.005s][info][gc,phases      ] GC(709)   Evacuate Collection Set: 143.02ms
[5104.005s][info][gc,phases      ] GC(709)   Post Evacuate Collection Set: 1.04ms
[5104.005s][info][gc,phases      ] GC(709)   Other: 0.08ms
[5104.005s][info][gc,heap        ] GC(709) Eden regions: 570->0(570)
[5104.005s][info][gc,heap        ] GC(709) Survivor regions: 44->44(77)
[5104.005s][info][gc,heap        ] GC(709) Old regions: 206->213
[5104.005s][info][gc,heap        ] GC(709) Humongous regions: 33->33
[5104.005s][info][gc,metaspace   ] GC(709) Metaspace: 35834K(38144K)->35834K(38144K) NonClass: 26762K(27072K)->26762K(27072K) Class: 9071K(11072K)->9071K(11072K)
[5104.005s][info][gc             ] GC(709) Pause Young (Normal) (G1 Evacuation Pause) 6786M->2286M(8192M) 145.068ms
[5104.005s][info][gc,cpu         ] GC(709) User=1.14s Sys=0.00s Real=0.14s
.....[5108.558s][info][gc,start       ] GC(710) Pause Young (Normal) (G1 Evacuation Pause)
[5108.558s][info][gc,task        ] GC(710) Using 8 workers of 8 for evacuation
[5108.706s][info][gc,phases      ] GC(710)   Pre Evacuate Collection Set: 0.25ms
[5108.706s][info][gc,phases      ] GC(710)   Merge Heap Roots: 0.55ms
[5108.706s][info][gc,phases      ] GC(710)   Evacuate Collection Set: 145.94ms
[5108.706s][info][gc,phases      ] GC(710)   Post Evacuate Collection Set: 1.08ms
[5108.706s][info][gc,phases      ] GC(710)   Other: 0.06ms
[5108.706s][info][gc,heap        ] GC(710) Eden regions: 570->0(570)
[5108.706s][info][gc,heap        ] GC(710) Survivor regions: 44->44(77)
[5108.706s][info][gc,heap        ] GC(710) Old regions: 213->220
[5108.706s][info][gc,heap        ] GC(710) Humongous regions: 33->33
[5108.706s][info][gc,metaspace   ] GC(710) Metaspace: 35834K(38144K)->35834K(38144K) NonClass: 26762K(27072K)->26762K(27072K) Class: 9071K(11072K)->9071K(11072K)
[5108.706s][info][gc             ] GC(710) Pause Young (Normal) (G1 Evacuation Pause) 6846M->2338M(8192M) 148.007ms
[5108.706s][info][gc,cpu         ] GC(710) User=1.17s Sys=0.01s Real=0.14s
....[5113.168s][info][gc,start       ] GC(711) Pause Young (Normal) (G1 Evacuation Pause)
[5113.168s][info][gc,task        ] GC(711) Using 8 workers of 8 for evacuation
[5113.311s][info][gc,phases      ] GC(711)   Pre Evacuate Collection Set: 0.25ms
[5113.311s][info][gc,phases      ] GC(711)   Merge Heap Roots: 0.57ms
[5113.311s][info][gc,phases      ] GC(711)   Evacuate Collection Set: 141.22ms
[5113.311s][info][gc,phases      ] GC(711)   Post Evacuate Collection Set: 1.03ms
[5113.311s][info][gc,phases      ] GC(711)   Other: 0.06ms
[5113.311s][info][gc,heap        ] GC(711) Eden regions: 570->0(572)
[5113.311s][info][gc,heap        ] GC(711) Survivor regions: 44->42(77)
[5113.311s][info][gc,heap        ] GC(711) Old regions: 220->227
[5113.311s][info][gc,heap        ] GC(711) Humongous regions: 33->33
[5113.311s][info][gc,metaspace   ] GC(711) Metaspace: 35834K(38144K)->35834K(38144K) NonClass: 26762K(27072K)->26762K(27072K) Class: 9071K(11072K)->9071K(11072K)
[5113.311s][info][gc             ] GC(711) Pause Young (Normal) (G1 Evacuation Pause) 6898M->2382M(8192M) 143.275ms
[5113.311s][info][gc,cpu         ] GC(711) User=1.14s Sys=0.00s Real=0.14s
... (rIR:aIR:PR = 8164:8178:8176) (tPR = 121135) [OK] 
  5115s: Performance info:
         Transaction,    Success,    Partial,     Failed,   Receipts, AvgBarcode, 
             Overall,     491503,          0,          0,     467128,      59.48, 
         Response times:
             Request,    Success,    Partial,     Failed,   SkipFail,     Probes,    Samples,      min,      p50,      p90,      p95,      p99,      max, 
       TotalPurchase,     467204,          0,          0,          0,     360324,     392438,      300,     5300,    11400,    25000,    83000,   369000,
     InStorePurchase,     247209,          0,          0,          0,     189069,     205760,      300,     5300,    11400,    25000,    84000,   369000,
      OnlinePurchase,     170834,          0,          0,          0,     132848,     144581,      300,     5300,    11300,    26000,    83000,   369000,
        InstPurchase,      49161,          0,          0,          0,      38407,      42097,      400,     5300,    11500,    25000,    82000,   347000,
          AssocOfCat,        489,          0,          0,          0,        420,        529,    26000,    41000,    61000,    88500,   184500,   213000,
      AssocOfProduct,       4920,          0,          0,          0,       3521,       4031,      600,     5400,    11700,    27400,    78000,   347000,
      BusinessReport,       1223,          0,          0,          0,       1077,       1327,    30000,    47000,    68000,    91600,   202720,   389000,
          CustBuyBeh,       4902,          0,          0,          0,       3434,       3940,      200,     4900,    11400,    18595,    67590,   364000,
       ProductReturn,      12870,          0,          0,          0,      10194,      11379,      200,     5100,    11300,    22000,    80000,   233000,

  5115s: (60%)   IR =   8302 ..[5117.913s][info][gc,start       ] GC(712) Pause Young (Normal) (G1 Evacuation Pause)
[5117.913s][info][gc,task        ] GC(712) Using 8 workers of 8 for evacuation
[5118.062s][info][gc,phases      ] GC(712)   Pre Evacuate Collection Set: 0.28ms
[5118.062s][info][gc,phases      ] GC(712)   Merge Heap Roots: 0.55ms
[5118.062s][info][gc,phases      ] GC(712)   Evacuate Collection Set: 147.31ms
[5118.062s][info][gc,phases      ] GC(712)   Post Evacuate Collection Set: 1.10ms
[5118.062s][info][gc,phases      ] GC(712)   Other: 0.06ms
[5118.062s][info][gc,heap        ] GC(712) Eden regions: 572->0(570)
[5118.062s][info][gc,heap        ] GC(712) Survivor regions: 42->44(77)
[5118.062s][info][gc,heap        ] GC(712) Old regions: 227->234
[5118.062s][info][gc,heap        ] GC(712) Humongous regions: 33->33
[5118.062s][info][gc,metaspace   ] GC(712) Metaspace: 35834K(38144K)->35834K(38144K) NonClass: 26762K(27072K)->26762K(27072K) Class: 9071K(11072K)->9071K(11072K)
[5118.062s][info][gc             ] GC(712) Pause Young (Normal) (G1 Evacuation Pause) 6958M->2460M(8192M) 149.435ms
[5118.062s][info][gc,cpu         ] GC(712) User=1.18s Sys=0.00s Real=0.15s
...|..[5122.622s][info][gc,start       ] GC(713) Pause Young (Normal) (G1 Evacuation Pause)
[5122.622s][info][gc,task        ] GC(713) Using 8 workers of 8 for evacuation
[5122.771s][info][gc,phases      ] GC(713)   Pre Evacuate Collection Set: 0.24ms
[5122.771s][info][gc,phases      ] GC(713)   Merge Heap Roots: 0.56ms
[5122.771s][info][gc,phases      ] GC(713)   Evacuate Collection Set: 147.45ms
[5122.771s][info][gc,phases      ] GC(713)   Post Evacuate Collection Set: 1.03ms
[5122.771s][info][gc,phases      ] GC(713)   Other: 0.06ms
[5122.771s][info][gc,heap        ] GC(713) Eden regions: 570->0(570)
[5122.771s][info][gc,heap        ] GC(713) Survivor regions: 44->44(77)
[5122.771s][info][gc,heap        ] GC(713) Old regions: 234->241
[5122.771s][info][gc,heap        ] GC(713) Humongous regions: 33->33
[5122.771s][info][gc,metaspace   ] GC(713) Metaspace: 35834K(38144K)->35834K(38144K) NonClass: 26762K(27072K)->26762K(27072K) Class: 9071K(11072K)->9071K(11072K)
[5122.771s][info][gc             ] GC(713) Pause Young (Normal) (G1 Evacuation Pause) 7020M->2516M(8192M) 149.466ms
[5122.772s][info][gc,cpu         ] GC(713) User=1.18s Sys=0.00s Real=0.15s
....[5127.296s][info][gc,start       ] GC(714) Pause Young (Normal) (G1 Evacuation Pause)
[5127.296s][info][gc,task        ] GC(714) Using 8 workers of 8 for evacuation
[5127.442s][info][gc,phases      ] GC(714)   Pre Evacuate Collection Set: 0.24ms
[5127.442s][info][gc,phases      ] GC(714)   Merge Heap Roots: 0.55ms
[5127.442s][info][gc,phases      ] GC(714)   Evacuate Collection Set: 144.64ms
[5127.442s][info][gc,phases      ] GC(714)   Post Evacuate Collection Set: 1.06ms
[5127.442s][info][gc,phases      ] GC(714)   Other: 0.06ms
[5127.442s][info][gc,heap        ] GC(714) Eden regions: 570->0(571)
[5127.442s][info][gc,heap        ] GC(714) Survivor regions: 44->43(77)
[5127.442s][info][gc,heap        ] GC(714) Old regions: 241->249
[5127.442s][info][gc,heap        ] GC(714) Humongous regions: 33->33
[5127.442s][info][gc,metaspace   ] GC(714) Metaspace: 35834K(38144K)->35834K(38144K) NonClass: 26762K(27072K)->26762K(27072K) Class: 9071K(11072K)->9071K(11072K)
[5127.442s][info][gc             ] GC(714) Pause Young (Normal) (G1 Evacuation Pause) 7076M->2562M(8192M) 146.686ms
[5127.442s][info][gc,cpu         ] GC(714) User=1.16s Sys=0.00s Real=0.15s
.....[5131.948s][info][gc,start       ] GC(715) Pause Young (Normal) (G1 Evacuation Pause)
[5131.948s][info][gc,task        ] GC(715) Using 8 workers of 8 for evacuation
[5132.090s][info][gc,phases      ] GC(715)   Pre Evacuate Collection Set: 0.24ms
[5132.090s][info][gc,phases      ] GC(715)   Merge Heap Roots: 0.62ms
[5132.090s][info][gc,phases      ] GC(715)   Evacuate Collection Set: 139.61ms
[5132.090s][info][gc,phases      ] GC(715)   Post Evacuate Collection Set: 1.07ms
[5132.090s][info][gc,phases      ] GC(715)   Other: 0.07ms
[5132.090s][info][gc,heap        ] GC(715) Eden regions: 571->0(571)
[5132.090s][info][gc,heap        ] GC(715) Survivor regions: 43->43(77)
[5132.090s][info][gc,heap        ] GC(715) Old regions: 249->256
[5132.090s][info][gc,heap        ] GC(715) Humongous regions: 33->33
[5132.090s][info][gc,metaspace   ] GC(715) Metaspace: 35834K(38144K)->35834K(38144K) NonClass: 26762K(27072K)->26762K(27072K) Class: 9071K(11072K)->9071K(11072K)
[5132.090s][info][gc             ] GC(715) Pause Young (Normal) (G1 Evacuation Pause) 7130M->2621M(8192M) 141.754ms
[5132.090s][info][gc,cpu         ] GC(715) User=1.12s Sys=0.00s Real=0.14s
.....[5136.671s][info][gc,start       ] GC(716) Pause Young (Normal) (G1 Evacuation Pause)
[5136.671s][info][gc,task        ] GC(716) Using 8 workers of 8 for evacuation
[5136.815s][info][gc,phases      ] GC(716)   Pre Evacuate Collection Set: 0.29ms
[5136.815s][info][gc,phases      ] GC(716)   Merge Heap Roots: 0.61ms
[5136.815s][info][gc,phases      ] GC(716)   Evacuate Collection Set: 142.23ms
[5136.815s][info][gc,phases      ] GC(716)   Post Evacuate Collection Set: 1.05ms
[5136.815s][info][gc,phases      ] GC(716)   Other: 0.06ms
[5136.815s][info][gc,heap        ] GC(716) Eden regions: 571->0(571)
[5136.815s][info][gc,heap        ] GC(716) Survivor regions: 43->43(77)
[5136.815s][info][gc,heap        ] GC(716) Old regions: 256->263
[5136.815s][info][gc,heap        ] GC(716) Humongous regions: 33->33
[5136.815s][info][gc,metaspace   ] GC(716) Metaspace: 35834K(38144K)->35834K(38144K) NonClass: 26762K(27072K)->26762K(27072K) Class: 9071K(11072K)->9071K(11072K)
[5136.815s][info][gc             ] GC(716) Pause Young (Normal) (G1 Evacuation Pause) 7189M->2684M(8192M) 144.368ms
[5136.815s][info][gc,cpu         ] GC(716) User=1.15s Sys=0.00s Real=0.14s
....[5141.297s][info][gc,start       ] GC(717) Pause Young (Normal) (G1 Evacuation Pause)
[5141.297s][info][gc,task        ] GC(717) Using 8 workers of 8 for evacuation
[5141.442s][info][gc,phases      ] GC(717)   Pre Evacuate Collection Set: 0.25ms
[5141.442s][info][gc,phases      ] GC(717)   Merge Heap Roots: 0.56ms
[5141.442s][info][gc,phases      ] GC(717)   Evacuate Collection Set: 142.74ms
[5141.442s][info][gc,phases      ] GC(717)   Post Evacuate Collection Set: 1.08ms
[5141.442s][info][gc,phases      ] GC(717)   Other: 0.06ms
[5141.442s][info][gc,heap        ] GC(717) Eden regions: 571->0(571)
[5141.442s][info][gc,heap        ] GC(717) Survivor regions: 43->43(77)
[5141.442s][info][gc,heap        ] GC(717) Old regions: 263->270
[5141.442s][info][gc,heap        ] GC(717) Humongous regions: 33->33
[5141.442s][info][gc,metaspace   ] GC(717) Metaspace: 35834K(38144K)->35834K(38144K) NonClass: 26762K(27072K)->26762K(27072K) Class: 9071K(11072K)->9071K(11072K)
[5141.442s][info][gc             ] GC(717) Pause Young (Normal) (G1 Evacuation Pause) 7252M->2740M(8192M) 144.813ms
[5141.442s][info][gc,cpu         ] GC(717) User=1.14s Sys=0.00s Real=0.15s
.....[5145.905s][info][gc,start       ] GC(718) Pause Young (Normal) (G1 Evacuation Pause)
[5145.905s][info][gc,task        ] GC(718) Using 8 workers of 8 for evacuation
[5146.053s][info][gc,phases      ] GC(718)   Pre Evacuate Collection Set: 0.27ms
[5146.053s][info][gc,phases      ] GC(718)   Merge Heap Roots: 0.54ms
[5146.053s][info][gc,phases      ] GC(718)   Evacuate Collection Set: 145.98ms
[5146.053s][info][gc,phases      ] GC(718)   Post Evacuate Collection Set: 1.06ms
[5146.053s][info][gc,phases      ] GC(718)   Other: 0.06ms
[5146.053s][info][gc,heap        ] GC(718) Eden regions: 571->0(570)
[5146.053s][info][gc,heap        ] GC(718) Survivor regions: 43->44(77)
[5146.053s][info][gc,heap        ] GC(718) Old regions: 270->278
[5146.053s][info][gc,heap        ] GC(718) Humongous regions: 33->33
[5146.053s][info][gc,metaspace   ] GC(718) Metaspace: 35834K(38144K)->35834K(38144K) NonClass: 26762K(27072K)->26762K(27072K) Class: 9071K(11072K)->9071K(11072K)
[5146.053s][info][gc             ] GC(718) Pause Young (Normal) (G1 Evacuation Pause) 7308M->2801M(8192M) 148.057ms
[5146.053s][info][gc,cpu         ] GC(718) User=1.18s Sys=0.00s Real=0.15s
.....[5150.573s][info][gc,start       ] GC(719) Pause Young (Normal) (G1 Evacuation Pause)
[5150.573s][info][gc,task        ] GC(719) Using 8 workers of 8 for evacuation
[5150.717s][info][gc,phases      ] GC(719)   Pre Evacuate Collection Set: 0.25ms
[5150.717s][info][gc,phases      ] GC(719)   Merge Heap Roots: 0.56ms
[5150.717s][info][gc,phases      ] GC(719)   Evacuate Collection Set: 141.96ms
[5150.717s][info][gc,phases      ] GC(719)   Post Evacuate Collection Set: 1.08ms
[5150.717s][info][gc,phases      ] GC(719)   Other: 0.06ms
[5150.717s][info][gc,heap        ] GC(719) Eden regions: 570->0(568)
[5150.717s][info][gc,heap        ] GC(719) Survivor regions: 44->43(77)
[5150.717s][info][gc,heap        ] GC(719) Old regions: 278->285
[5150.717s][info][gc,heap        ] GC(719) Humongous regions: 33->33
[5150.717s][info][gc,metaspace   ] GC(719) Metaspace: 35834K(38144K)->35834K(38144K) NonClass: 26762K(27072K)->26762K(27072K) Class: 9071K(11072K)->9071K(11072K)
[5150.717s][info][gc             ] GC(719) Pause Young (Normal) (G1 Evacuation Pause) 7361M->2852M(8192M) 144.043ms
[5150.717s][info][gc,cpu         ] GC(719) User=1.14s Sys=0.00s Real=0.14s
....[5155.121s][info][gc,start       ] GC(720) Pause Young (Normal) (G1 Evacuation Pause)
[5155.121s][info][gc,task        ] GC(720) Using 8 workers of 8 for evacuation
[5155.265s][info][gc,phases      ] GC(720)   Pre Evacuate Collection Set: 0.25ms
[5155.265s][info][gc,phases      ] GC(720)   Merge Heap Roots: 0.55ms
[5155.265s][info][gc,phases      ] GC(720)   Evacuate Collection Set: 142.67ms
[5155.265s][info][gc,phases      ] GC(720)   Post Evacuate Collection Set: 1.06ms
[5155.265s][info][gc,phases      ] GC(720)   Other: 0.06ms
[5155.265s][info][gc,heap        ] GC(720) Eden regions: 568->0(563)
[5155.265s][info][gc,heap        ] GC(720) Survivor regions: 43->42(77)
[5155.265s][info][gc,heap        ] GC(720) Old regions: 285->292
[5155.265s][info][gc,heap        ] GC(720) Humongous regions: 33->33
[5155.265s][info][gc,metaspace   ] GC(720) Metaspace: 35834K(38144K)->35834K(38144K) NonClass: 26762K(27072K)->26762K(27072K) Class: 9071K(11072K)->9071K(11072K)
[5155.265s][info][gc             ] GC(720) Pause Young (Normal) (G1 Evacuation Pause) 7396M->2904M(8192M) 144.714ms
[5155.265s][info][gc,cpu         ] GC(720) User=1.14s Sys=0.00s Real=0.14s
.....[5159.728s][info][gc,start       ] GC(721) Pause Young (Normal) (G1 Evacuation Pause)
[5159.728s][info][gc,task        ] GC(721) Using 8 workers of 8 for evacuation
[5159.873s][info][gc,phases      ] GC(721)   Pre Evacuate Collection Set: 0.24ms
[5159.873s][info][gc,phases      ] GC(721)   Merge Heap Roots: 0.57ms
[5159.873s][info][gc,phases      ] GC(721)   Evacuate Collection Set: 142.72ms
[5159.873s][info][gc,phases      ] GC(721)   Post Evacuate Collection Set: 1.04ms
[5159.873s][info][gc,phases      ] GC(721)   Other: 0.07ms
[5159.873s][info][gc,heap        ] GC(721) Eden regions: 563->0(554)
[5159.873s][info][gc,heap        ] GC(721) Survivor regions: 42->43(76)
[5159.873s][info][gc,heap        ] GC(721) Old regions: 292->299
[5159.873s][info][gc,heap        ] GC(721) Humongous regions: 33->33
[5159.873s][info][gc,metaspace   ] GC(721) Metaspace: 35834K(38144K)->35834K(38144K) NonClass: 26762K(27072K)->26762K(27072K) Class: 9071K(11072K)->9071K(11072K)
[5159.873s][info][gc             ] GC(721) Pause Young (Normal) (G1 Evacuation Pause) 7408M->2968M(8192M) 144.773ms
[5159.873s][info][gc,cpu         ] GC(721) User=1.15s Sys=0.00s Real=0.14s
....[5164.117s][info][gc,start       ] GC(722) Pause Young (Normal) (G1 Evacuation Pause)
[5164.117s][info][gc,task        ] GC(722) Using 8 workers of 8 for evacuation
[5164.258s][info][gc,phases      ] GC(722)   Pre Evacuate Collection Set: 0.24ms
[5164.258s][info][gc,phases      ] GC(722)   Merge Heap Roots: 0.55ms
[5164.258s][info][gc,phases      ] GC(722)   Evacuate Collection Set: 138.94ms
[5164.258s][info][gc,phases      ] GC(722)   Post Evacuate Collection Set: 1.01ms
[5164.258s][info][gc,phases      ] GC(722)   Other: 0.07ms
[5164.258s][info][gc,heap        ] GC(722) Eden regions: 554->0(548)
[5164.258s][info][gc,heap        ] GC(722) Survivor regions: 43->42(75)
[5164.258s][info][gc,heap        ] GC(722) Old regions: 299->307
[5164.258s][info][gc,heap        ] GC(722) Humongous regions: 33->33
[5164.258s][info][gc,metaspace   ] GC(722) Metaspace: 35834K(38144K)->35834K(38144K) NonClass: 26762K(27072K)->26762K(27072K) Class: 9071K(11072K)->9071K(11072K)
[5164.258s][info][gc             ] GC(722) Pause Young (Normal) (G1 Evacuation Pause) 7400M->3020M(8192M) 140.945ms
[5164.258s][info][gc,cpu         ] GC(722) User=1.12s Sys=0.00s Real=0.14s
.....[5168.594s][info][gc,start       ] GC(723) Pause Young (Concurrent Start) (G1 Evacuation Pause)
[5168.594s][info][gc,task        ] GC(723) Using 8 workers of 8 for evacuation
[5168.741s][info][gc,phases      ] GC(723)   Pre Evacuate Collection Set: 0.33ms
[5168.741s][info][gc,phases      ] GC(723)   Merge Heap Roots: 0.60ms
[5168.741s][info][gc,phases      ] GC(723)   Evacuate Collection Set: 144.83ms
[5168.741s][info][gc,phases      ] GC(723)   Post Evacuate Collection Set: 1.00ms
[5168.741s][info][gc,phases      ] GC(723)   Other: 0.09ms
[5168.741s][info][gc,heap        ] GC(723) Eden regions: 548->0(538)
[5168.741s][info][gc,heap        ] GC(723) Survivor regions: 42->43(74)
[5168.741s][info][gc,heap        ] GC(723) Old regions: 307->315
[5168.741s][info][gc,heap        ] GC(723) Humongous regions: 33->33
[5168.741s][info][gc,metaspace   ] GC(723) Metaspace: 35834K(38144K)->35834K(38144K) NonClass: 26762K(27072K)->26762K(27072K) Class: 9071K(11072K)->9071K(11072K)
[5168.741s][info][gc             ] GC(723) Pause Young (Concurrent Start) (G1 Evacuation Pause) 7404M->3089M(8192M) 146.982ms
[5168.741s][info][gc             ] GC(724) Concurrent Mark Cycle
[5168.741s][info][gc,marking     ] GC(724) Concurrent Scan Root Regions
[5168.741s][info][gc,cpu         ] GC(723) User=1.16s Sys=0.00s Real=0.15s
[5169.112s][info][gc,marking     ] GC(724) Concurrent Scan Root Regions 371.446ms
[5169.113s][info][gc,marking     ] GC(724) Concurrent Mark
[5169.113s][info][gc,marking     ] GC(724) Concurrent Mark From Roots
[5169.113s][info][gc,task        ] GC(724) Using 2 workers of 2 for marking
.[5170.103s][info][gc,marking     ] GC(724) Concurrent Mark From Roots 990.522ms
[5170.103s][info][gc,marking     ] GC(724) Concurrent Preclean
[5170.103s][info][gc,marking     ] GC(724) Concurrent Preclean 0.092ms
[5170.103s][info][gc,start       ] GC(724) Pause Remark
[5170.106s][info][gc             ] GC(724) Pause Remark 4569M->3937M(8192M) 2.360ms
[5170.106s][info][gc,cpu         ] GC(724) User=0.02s Sys=0.00s Real=0.00s
[5170.106s][info][gc,marking     ] GC(724) Concurrent Mark 993.229ms
[5170.106s][info][gc,marking     ] GC(724) Concurrent Rebuild Remembered Sets and Scrub Regions
.[5170.556s][info][gc,marking     ] GC(724) Concurrent Rebuild Remembered Sets and Scrub Regions 450.036ms
[5170.556s][info][gc,start       ] GC(724) Pause Cleanup
[5170.556s][info][gc             ] GC(724) Pause Cleanup 4358M->4358M(8192M) 0.274ms
[5170.556s][info][gc,cpu         ] GC(724) User=0.00s Sys=0.00s Real=0.00s
[5170.556s][info][gc,marking     ] GC(724) Concurrent Clear Claimed Marks
[5170.556s][info][gc,marking     ] GC(724) Concurrent Clear Claimed Marks 0.052ms
[5170.556s][info][gc,marking     ] GC(724) Concurrent Cleanup for Next Mark
[5170.567s][info][gc,marking     ] GC(724) Concurrent Cleanup for Next Mark 10.400ms
[5170.567s][info][gc             ] GC(724) Concurrent Mark Cycle 1825.848ms
..[5172.983s][info][gc,start       ] GC(725) Pause Young (Prepare Mixed) (G1 Evacuation Pause)
[5172.983s][info][gc,task        ] GC(725) Using 8 workers of 8 for evacuation
[5173.124s][info][gc,phases      ] GC(725)   Pre Evacuate Collection Set: 0.28ms
[5173.124s][info][gc,phases      ] GC(725)   Merge Heap Roots: 0.73ms
[5173.124s][info][gc,phases      ] GC(725)   Evacuate Collection Set: 139.26ms
[5173.124s][info][gc,phases      ] GC(725)   Post Evacuate Collection Set: 1.16ms
[5173.124s][info][gc,phases      ] GC(725)   Other: 0.07ms
[5173.124s][info][gc,heap        ] GC(725) Eden regions: 538->0(572)
[5173.124s][info][gc,heap        ] GC(725) Survivor regions: 43->42(73)
[5173.124s][info][gc,heap        ] GC(725) Old regions: 236->243
[5173.124s][info][gc,heap        ] GC(725) Humongous regions: 33->33
[5173.124s][info][gc,metaspace   ] GC(725) Metaspace: 35834K(38144K)->35834K(38144K) NonClass: 26762K(27072K)->26762K(27072K) Class: 9071K(11072K)->9071K(11072K)
[5173.124s][info][gc             ] GC(725) Pause Young (Prepare Mixed) (G1 Evacuation Pause) 6761M->2513M(8192M) 141.632ms
[5173.124s][info][gc,cpu         ] GC(725) User=1.12s Sys=0.00s Real=0.14s
.....[5177.666s][info][gc,start       ] GC(726) Pause Young (Mixed) (G1 Evacuation Pause)
[5177.666s][info][gc,task        ] GC(726) Using 8 workers of 8 for evacuation
[5177.818s][info][gc,phases      ] GC(726)   Pre Evacuate Collection Set: 0.31ms
[5177.818s][info][gc,phases      ] GC(726)   Merge Heap Roots: 0.94ms
[5177.818s][info][gc,phases      ] GC(726)   Evacuate Collection Set: 148.66ms
[5177.818s][info][gc,phases      ] GC(726)   Post Evacuate Collection Set: 1.32ms
[5177.818s][info][gc,phases      ] GC(726)   Other: 0.08ms
[5177.818s][info][gc,heap        ] GC(726) Eden regions: 572->0(572)
[5177.818s][info][gc,heap        ] GC(726) Survivor regions: 42->42(77)
[5177.818s][info][gc,heap        ] GC(726) Old regions: 243->149
[5177.818s][info][gc,heap        ] GC(726) Humongous regions: 33->33
[5177.818s][info][gc,metaspace   ] GC(726) Metaspace: 35834K(38144K)->35834K(38144K) NonClass: 26762K(27072K)->26762K(27072K) Class: 9071K(11072K)->9071K(11072K)
[5177.818s][info][gc             ] GC(726) Pause Young (Mixed) (G1 Evacuation Pause) 7089M->1760M(8192M) 151.433ms
[5177.818s][info][gc,cpu         ] GC(726) User=1.20s Sys=0.00s Real=0.16s
... (rIR:aIR:PR = 8302:8269:8268) (tPR = 122832) [OK] 
  5180s: Performance info:
         Transaction,    Success,    Partial,     Failed,   Receipts, AvgBarcode, 
             Overall,     496318,          0,          0,     471441,      59.48, 
         Response times:
             Request,    Success,    Partial,     Failed,   SkipFail,     Probes,    Samples,      min,      p50,      p90,      p95,      p99,      max, 
       TotalPurchase,     471479,          0,          0,          0,     359901,     391396,      300,     5600,    13200,    30000,    98000,   640000,
     InStorePurchase,     247978,          0,          0,          0,     189362,     205497,      300,     5600,    13200,    29000,    97020,   640000,
      OnlinePurchase,     173365,          0,          0,          0,     132403,     144173,      300,     5600,    13200,    32000,    99000,   640000,
        InstPurchase,      50136,          0,          0,          0,      38136,      41726,      500,     5600,    13200,    31000,    96000,   373000,
          AssocOfCat,        499,          0,          0,          0,        420,        543,    28000,    42000,    63000,    92800,   188800,   257000,
      AssocOfProduct,       4991,          0,          0,          0,       3519,       3996,      700,     5500,    13030,    30000,    84000,   374000,
      BusinessReport,       1247,          0,          0,          0,       1100,       1327,    31000,    49000,    79000,   103200,   193160,   229000,
          CustBuyBeh,       4980,          0,          0,          0,       3541,       4095,      400,     5200,    13200,    27000,    92000,   295000,
       ProductReturn,      13188,          0,          0,          0,       9135,      10177,      400,     6000,    13400,    33000,   104000,   198000,

  5180s: (61%)   IR =   8441 .[5182.279s][info][gc,start       ] GC(727) Pause Young (Mixed) (G1 Evacuation Pause)
[5182.279s][info][gc,task        ] GC(727) Using 8 workers of 8 for evacuation
[5182.433s][info][gc,phases      ] GC(727)   Pre Evacuate Collection Set: 0.22ms
[5182.433s][info][gc,phases      ] GC(727)   Merge Heap Roots: 0.75ms
[5182.433s][info][gc,phases      ] GC(727)   Evacuate Collection Set: 152.06ms
[5182.433s][info][gc,phases      ] GC(727)   Post Evacuate Collection Set: 1.07ms
[5182.433s][info][gc,phases      ] GC(727)   Other: 0.07ms
[5182.433s][info][gc,heap        ] GC(727) Eden regions: 572->0(570)
[5182.433s][info][gc,heap        ] GC(727) Survivor regions: 42->44(77)
[5182.433s][info][gc,heap        ] GC(727) Old regions: 149->143
[5182.433s][info][gc,heap        ] GC(727) Humongous regions: 33->33
[5182.433s][info][gc,metaspace   ] GC(727) Metaspace: 35834K(38144K)->35834K(38144K) NonClass: 26762K(27072K)->26762K(27072K) Class: 9071K(11072K)->9071K(11072K)
[5182.433s][info][gc             ] GC(727) Pause Young (Mixed) (G1 Evacuation Pause) 6336M->1728M(8192M) 154.307ms
[5182.433s][info][gc,cpu         ] GC(727) User=1.22s Sys=0.00s Real=0.15s
.....|[5186.755s][info][gc,start       ] GC(728) Pause Young (Normal) (G1 Evacuation Pause)
[5186.755s][info][gc,task        ] GC(728) Using 8 workers of 8 for evacuation
[5186.901s][info][gc,phases      ] GC(728)   Pre Evacuate Collection Set: 0.26ms
[5186.901s][info][gc,phases      ] GC(728)   Merge Heap Roots: 0.56ms
[5186.901s][info][gc,phases      ] GC(728)   Evacuate Collection Set: 143.35ms
[5186.901s][info][gc,phases      ] GC(728)   Post Evacuate Collection Set: 1.07ms
[5186.901s][info][gc,phases      ] GC(728)   Other: 0.06ms
[5186.901s][info][gc,heap        ] GC(728) Eden regions: 570->0(570)
[5186.901s][info][gc,heap        ] GC(728) Survivor regions: 44->44(77)
[5186.901s][info][gc,heap        ] GC(728) Old regions: 143->151
[5186.901s][info][gc,heap        ] GC(728) Humongous regions: 33->33
[5186.901s][info][gc,metaspace   ] GC(728) Metaspace: 35834K(38144K)->35834K(38144K) NonClass: 26762K(27072K)->26762K(27072K) Class: 9071K(11072K)->9071K(11072K)
[5186.901s][info][gc             ] GC(728) Pause Young (Normal) (G1 Evacuation Pause) 6288M->1785M(8192M) 145.421ms
[5186.901s][info][gc,cpu         ] GC(728) User=1.15s Sys=0.00s Real=0.15s
....[5191.361s][info][gc,start       ] GC(729) Pause Young (Normal) (G1 Evacuation Pause)
[5191.361s][info][gc,task        ] GC(729) Using 8 workers of 8 for evacuation
[5191.504s][info][gc,phases      ] GC(729)   Pre Evacuate Collection Set: 0.28ms
[5191.504s][info][gc,phases      ] GC(729)   Merge Heap Roots: 0.54ms
[5191.504s][info][gc,phases      ] GC(729)   Evacuate Collection Set: 140.82ms
[5191.504s][info][gc,phases      ] GC(729)   Post Evacuate Collection Set: 1.04ms
[5191.504s][info][gc,phases      ] GC(729)   Other: 0.06ms
[5191.504s][info][gc,heap        ] GC(729) Eden regions: 570->0(571)
[5191.504s][info][gc,heap        ] GC(729) Survivor regions: 44->43(77)
[5191.504s][info][gc,heap        ] GC(729) Old regions: 151->158
[5191.504s][info][gc,heap        ] GC(729) Humongous regions: 33->33
[5191.504s][info][gc,metaspace   ] GC(729) Metaspace: 35834K(38144K)->35834K(38144K) NonClass: 26762K(27072K)->26762K(27072K) Class: 9071K(11072K)->9071K(11072K)
[5191.504s][info][gc             ] GC(729) Pause Young (Normal) (G1 Evacuation Pause) 6345M->1834M(8192M) 142.872ms
[5191.504s][info][gc,cpu         ] GC(729) User=1.13s Sys=0.00s Real=0.14s
.....[5196.068s][info][gc,start       ] GC(730) Pause Young (Normal) (G1 Evacuation Pause)
[5196.068s][info][gc,task        ] GC(730) Using 8 workers of 8 for evacuation
[5196.213s][info][gc,phases      ] GC(730)   Pre Evacuate Collection Set: 0.25ms
[5196.213s][info][gc,phases      ] GC(730)   Merge Heap Roots: 0.57ms
[5196.213s][info][gc,phases      ] GC(730)   Evacuate Collection Set: 143.92ms
[5196.213s][info][gc,phases      ] GC(730)   Post Evacuate Collection Set: 1.05ms
[5196.213s][info][gc,phases      ] GC(730)   Other: 0.07ms
[5196.213s][info][gc,heap        ] GC(730) Eden regions: 571->0(571)
[5196.214s][info][gc,heap        ] GC(730) Survivor regions: 43->43(77)
[5196.214s][info][gc,heap        ] GC(730) Old regions: 158->165
[5196.214s][info][gc,heap        ] GC(730) Humongous regions: 33->33
[5196.214s][info][gc,metaspace   ] GC(730) Metaspace: 35834K(38144K)->35834K(38144K) NonClass: 26762K(27072K)->26762K(27072K) Class: 9071K(11072K)->9071K(11072K)
[5196.214s][info][gc             ] GC(730) Pause Young (Normal) (G1 Evacuation Pause) 6402M->1896M(8192M) 145.999ms
[5196.214s][info][gc,cpu         ] GC(730) User=1.15s Sys=0.00s Real=0.14s
.....[5200.638s][info][gc,start       ] GC(731) Pause Young (Normal) (G1 Evacuation Pause)
[5200.638s][info][gc,task        ] GC(731) Using 8 workers of 8 for evacuation
[5200.790s][info][gc,phases      ] GC(731)   Pre Evacuate Collection Set: 0.24ms
[5200.790s][info][gc,phases      ] GC(731)   Merge Heap Roots: 0.54ms
[5200.790s][info][gc,phases      ] GC(731)   Evacuate Collection Set: 149.65ms
[5200.790s][info][gc,phases      ] GC(731)   Post Evacuate Collection Set: 1.08ms
[5200.790s][info][gc,phases      ] GC(731)   Other: 0.07ms
[5200.790s][info][gc,heap        ] GC(731) Eden regions: 571->0(569)
[5200.790s][info][gc,heap        ] GC(731) Survivor regions: 43->45(77)
[5200.790s][info][gc,heap        ] GC(731) Old regions: 165->172
[5200.790s][info][gc,heap        ] GC(731) Humongous regions: 33->33
[5200.790s][info][gc,metaspace   ] GC(731) Metaspace: 35834K(38144K)->35834K(38144K) NonClass: 26762K(27072K)->26762K(27072K) Class: 9071K(11072K)->9071K(11072K)
[5200.790s][info][gc             ] GC(731) Pause Young (Normal) (G1 Evacuation Pause) 6464M->1966M(8192M) 151.719ms
[5200.790s][info][gc,cpu         ] GC(731) User=1.20s Sys=0.00s Real=0.15s
....[5205.292s][info][gc,start       ] GC(732) Pause Young (Normal) (G1 Evacuation Pause)
[5205.292s][info][gc,task        ] GC(732) Using 8 workers of 8 for evacuation
[5205.436s][info][gc,phases      ] GC(732)   Pre Evacuate Collection Set: 0.26ms
[5205.436s][info][gc,phases      ] GC(732)   Merge Heap Roots: 0.57ms
[5205.436s][info][gc,phases      ] GC(732)   Evacuate Collection Set: 141.37ms
[5205.436s][info][gc,phases      ] GC(732)   Post Evacuate Collection Set: 1.04ms
[5205.436s][info][gc,phases      ] GC(732)   Other: 0.06ms
[5205.436s][info][gc,heap        ] GC(732) Eden regions: 569->0(572)
[5205.436s][info][gc,heap        ] GC(732) Survivor regions: 45->42(77)
[5205.436s][info][gc,heap        ] GC(732) Old regions: 172->179
[5205.436s][info][gc,heap        ] GC(732) Humongous regions: 33->33
[5205.436s][info][gc,metaspace   ] GC(732) Metaspace: 35834K(38144K)->35834K(38144K) NonClass: 26762K(27072K)->26762K(27072K) Class: 9071K(11072K)->9071K(11072K)
[5205.436s][info][gc             ] GC(732) Pause Young (Normal) (G1 Evacuation Pause) 6518M->2004M(8192M) 143.437ms
[5205.436s][info][gc,cpu         ] GC(732) User=1.13s Sys=0.00s Real=0.14s
.....[5209.823s][info][gc,start       ] GC(733) Pause Young (Normal) (G1 Evacuation Pause)
[5209.823s][info][gc,task        ] GC(733) Using 8 workers of 8 for evacuation
[5209.972s][info][gc,phases      ] GC(733)   Pre Evacuate Collection Set: 0.26ms
[5209.972s][info][gc,phases      ] GC(733)   Merge Heap Roots: 0.53ms
[5209.972s][info][gc,phases      ] GC(733)   Evacuate Collection Set: 146.83ms
[5209.972s][info][gc,phases      ] GC(733)   Post Evacuate Collection Set: 1.04ms
[5209.972s][info][gc,phases      ] GC(733)   Other: 0.06ms
[5209.972s][info][gc,heap        ] GC(733) Eden regions: 572->0(570)
[5209.972s][info][gc,heap        ] GC(733) Survivor regions: 42->44(77)
[5209.972s][info][gc,heap        ] GC(733) Old regions: 179->187
[5209.972s][info][gc,heap        ] GC(733) Humongous regions: 33->33
[5209.972s][info][gc,metaspace   ] GC(733) Metaspace: 35834K(38144K)->35834K(38144K) NonClass: 26762K(27072K)->26762K(27072K) Class: 9071K(11072K)->9071K(11072K)
[5209.972s][info][gc             ] GC(733) Pause Young (Normal) (G1 Evacuation Pause) 6580M->2074M(8192M) 148.852ms
[5209.972s][info][gc,cpu         ] GC(733) User=1.18s Sys=0.00s Real=0.15s
....[5214.431s][info][gc,start       ] GC(734) Pause Young (Normal) (G1 Evacuation Pause)
[5214.431s][info][gc,task        ] GC(734) Using 8 workers of 8 for evacuation
[5214.577s][info][gc,phases      ] GC(734)   Pre Evacuate Collection Set: 0.24ms
[5214.577s][info][gc,phases      ] GC(734)   Merge Heap Roots: 0.56ms
[5214.577s][info][gc,phases      ] GC(734)   Evacuate Collection Set: 144.05ms
[5214.577s][info][gc,phases      ] GC(734)   Post Evacuate Collection Set: 1.05ms
[5214.577s][info][gc,phases      ] GC(734)   Other: 0.07ms
[5214.577s][info][gc,heap        ] GC(734) Eden regions: 570->0(571)
[5214.577s][info][gc,heap        ] GC(734) Survivor regions: 44->43(77)
[5214.577s][info][gc,heap        ] GC(734) Old regions: 187->194
[5214.577s][info][gc,heap        ] GC(734) Humongous regions: 33->33
[5214.577s][info][gc,metaspace   ] GC(734) Metaspace: 35834K(38144K)->35834K(38144K) NonClass: 26762K(27072K)->26762K(27072K) Class: 9071K(11072K)->9071K(11072K)
[5214.577s][info][gc             ] GC(734) Pause Young (Normal) (G1 Evacuation Pause) 6634M->2128M(8192M) 146.133ms
[5214.577s][info][gc,cpu         ] GC(734) User=1.15s Sys=0.00s Real=0.14s
.....[5219.001s][info][gc,start       ] GC(735) Pause Young (Normal) (G1 Evacuation Pause)
[5219.001s][info][gc,task        ] GC(735) Using 8 workers of 8 for evacuation
[5219.143s][info][gc,phases      ] GC(735)   Pre Evacuate Collection Set: 0.27ms
[5219.143s][info][gc,phases      ] GC(735)   Merge Heap Roots: 0.54ms
[5219.143s][info][gc,phases      ] GC(735)   Evacuate Collection Set: 140.00ms
[5219.143s][info][gc,phases      ] GC(735)   Post Evacuate Collection Set: 1.05ms
[5219.143s][info][gc,phases      ] GC(735)   Other: 0.06ms
[5219.143s][info][gc,heap        ] GC(735) Eden regions: 571->0(571)
[5219.143s][info][gc,heap        ] GC(735) Survivor regions: 43->43(77)
[5219.143s][info][gc,heap        ] GC(735) Old regions: 194->201
[5219.143s][info][gc,heap        ] GC(735) Humongous regions: 33->33
[5219.143s][info][gc,metaspace   ] GC(735) Metaspace: 35834K(38144K)->35834K(38144K) NonClass: 26762K(27072K)->26762K(27072K) Class: 9071K(11072K)->9071K(11072K)
[5219.143s][info][gc             ] GC(735) Pause Young (Normal) (G1 Evacuation Pause) 6696M->2188M(8192M) 142.055ms
[5219.143s][info][gc,cpu         ] GC(735) User=1.13s Sys=0.00s Real=0.14s
....[5223.468s][info][gc,start       ] GC(736) Pause Young (Normal) (G1 Evacuation Pause)
[5223.468s][info][gc,task        ] GC(736) Using 8 workers of 8 for evacuation
[5223.615s][info][gc,phases      ] GC(736)   Pre Evacuate Collection Set: 0.26ms
[5223.615s][info][gc,phases      ] GC(736)   Merge Heap Roots: 0.59ms
[5223.615s][info][gc,phases      ] GC(736)   Evacuate Collection Set: 144.77ms
[5223.615s][info][gc,phases      ] GC(736)   Post Evacuate Collection Set: 1.07ms
[5223.615s][info][gc,phases      ] GC(736)   Other: 0.09ms
[5223.615s][info][gc,heap        ] GC(736) Eden regions: 571->0(571)
[5223.615s][info][gc,heap        ] GC(736) Survivor regions: 43->43(77)
[5223.615s][info][gc,heap        ] GC(736) Old regions: 201->208
[5223.615s][info][gc,heap        ] GC(736) Humongous regions: 33->33
[5223.615s][info][gc,metaspace   ] GC(736) Metaspace: 35834K(38144K)->35834K(38144K) NonClass: 26762K(27072K)->26762K(27072K) Class: 9071K(11072K)->9071K(11072K)
[5223.615s][info][gc             ] GC(736) Pause Young (Normal) (G1 Evacuation Pause) 6756M->2244M(8192M) 146.909ms
[5223.615s][info][gc,cpu         ] GC(736) User=1.16s Sys=0.00s Real=0.14s
.....[5228.012s][info][gc,start       ] GC(737) Pause Young (Normal) (G1 Evacuation Pause)
[5228.012s][info][gc,task        ] GC(737) Using 8 workers of 8 for evacuation
[5228.157s][info][gc,phases      ] GC(737)   Pre Evacuate Collection Set: 0.24ms
[5228.157s][info][gc,phases      ] GC(737)   Merge Heap Roots: 0.55ms
[5228.157s][info][gc,phases      ] GC(737)   Evacuate Collection Set: 142.57ms
[5228.157s][info][gc,phases      ] GC(737)   Post Evacuate Collection Set: 1.05ms
[5228.157s][info][gc,phases      ] GC(737)   Other: 0.06ms
[5228.157s][info][gc,heap        ] GC(737) Eden regions: 571->0(571)
[5228.157s][info][gc,heap        ] GC(737) Survivor regions: 43->43(77)
[5228.157s][info][gc,heap        ] GC(737) Old regions: 208->216
[5228.157s][info][gc,heap        ] GC(737) Humongous regions: 33->33
[5228.157s][info][gc,metaspace   ] GC(737) Metaspace: 35834K(38144K)->35834K(38144K) NonClass: 26762K(27072K)->26762K(27072K) Class: 9071K(11072K)->9071K(11072K)
[5228.157s][info][gc             ] GC(737) Pause Young (Normal) (G1 Evacuation Pause) 6812M->2300M(8192M) 144.615ms
[5228.157s][info][gc,cpu         ] GC(737) User=1.14s Sys=0.00s Real=0.14s
....[5232.537s][info][gc,start       ] GC(738) Pause Young (Normal) (G1 Evacuation Pause)
[5232.538s][info][gc,task        ] GC(738) Using 8 workers of 8 for evacuation
[5232.685s][info][gc,phases      ] GC(738)   Pre Evacuate Collection Set: 0.25ms
[5232.685s][info][gc,phases      ] GC(738)   Merge Heap Roots: 0.56ms
[5232.685s][info][gc,phases      ] GC(738)   Evacuate Collection Set: 145.36ms
[5232.685s][info][gc,phases      ] GC(738)   Post Evacuate Collection Set: 1.05ms
[5232.685s][info][gc,phases      ] GC(738)   Other: 0.06ms
[5232.685s][info][gc,heap        ] GC(738) Eden regions: 571->0(571)
[5232.685s][info][gc,heap        ] GC(738) Survivor regions: 43->43(77)
[5232.685s][info][gc,heap        ] GC(738) Old regions: 216->223
[5232.685s][info][gc,heap        ] GC(738) Humongous regions: 33->33
[5232.685s][info][gc,metaspace   ] GC(738) Metaspace: 35834K(38144K)->35834K(38144K) NonClass: 26762K(27072K)->26762K(27072K) Class: 9071K(11072K)->9071K(11072K)
[5232.685s][info][gc             ] GC(738) Pause Young (Normal) (G1 Evacuation Pause) 6868M->2362M(8192M) 147.411ms
[5232.685s][info][gc,cpu         ] GC(738) User=1.16s Sys=0.00s Real=0.14s
.....[5237.129s][info][gc,start       ] GC(739) Pause Young (Normal) (G1 Evacuation Pause)
[5237.129s][info][gc,task        ] GC(739) Using 8 workers of 8 for evacuation
[5237.272s][info][gc,phases      ] GC(739)   Pre Evacuate Collection Set: 0.28ms
[5237.272s][info][gc,phases      ] GC(739)   Merge Heap Roots: 0.55ms
[5237.272s][info][gc,phases      ] GC(739)   Evacuate Collection Set: 140.53ms
[5237.272s][info][gc,phases      ] GC(739)   Post Evacuate Collection Set: 1.05ms
[5237.272s][info][gc,phases      ] GC(739)   Other: 0.06ms
[5237.272s][info][gc,heap        ] GC(739) Eden regions: 571->0(571)
[5237.272s][info][gc,heap        ] GC(739) Survivor regions: 43->43(77)
[5237.272s][info][gc,heap        ] GC(739) Old regions: 223->230
[5237.272s][info][gc,heap        ] GC(739) Humongous regions: 33->33
[5237.272s][info][gc,metaspace   ] GC(739) Metaspace: 35834K(38144K)->35834K(38144K) NonClass: 26762K(27072K)->26762K(27072K) Class: 9071K(11072K)->9071K(11072K)
[5237.272s][info][gc             ] GC(739) Pause Young (Normal) (G1 Evacuation Pause) 6930M->2420M(8192M) 142.611ms
[5237.272s][info][gc,cpu         ] GC(739) User=1.12s Sys=0.00s Real=0.14s
....[5241.675s][info][gc,start       ] GC(740) Pause Young (Normal) (G1 Evacuation Pause)
[5241.675s][info][gc,task        ] GC(740) Using 8 workers of 8 for evacuation
[5241.819s][info][gc,phases      ] GC(740)   Pre Evacuate Collection Set: 0.26ms
[5241.819s][info][gc,phases      ] GC(740)   Merge Heap Roots: 0.55ms
[5241.819s][info][gc,phases      ] GC(740)   Evacuate Collection Set: 142.41ms
[5241.819s][info][gc,phases      ] GC(740)   Post Evacuate Collection Set: 1.08ms
[5241.819s][info][gc,phases      ] GC(740)   Other: 0.06ms
[5241.819s][info][gc,heap        ] GC(740) Eden regions: 571->0(571)
[5241.819s][info][gc,heap        ] GC(740) Survivor regions: 43->43(77)
[5241.819s][info][gc,heap        ] GC(740) Old regions: 230->238
[5241.819s][info][gc,heap        ] GC(740) Humongous regions: 33->33
[5241.819s][info][gc,metaspace   ] GC(740) Metaspace: 35834K(38144K)->35834K(38144K) NonClass: 26762K(27072K)->26762K(27072K) Class: 9071K(11072K)->9071K(11072K)
[5241.819s][info][gc             ] GC(740) Pause Young (Normal) (G1 Evacuation Pause) 6988M->2477M(8192M) 144.493ms
[5241.819s][info][gc,cpu         ] GC(740) User=1.14s Sys=0.01s Real=0.15s
.....[5246.178s][info][gc,start       ] GC(741) Pause Young (Normal) (G1 Evacuation Pause)
[5246.178s][info][gc,task        ] GC(741) Using 8 workers of 8 for evacuation
[5246.320s][info][gc,phases      ] GC(741)   Pre Evacuate Collection Set: 0.24ms
[5246.320s][info][gc,phases      ] GC(741)   Merge Heap Roots: 0.56ms
[5246.320s][info][gc,phases      ] GC(741)   Evacuate Collection Set: 139.95ms
[5246.320s][info][gc,phases      ] GC(741)   Post Evacuate Collection Set: 1.05ms
[5246.320s][info][gc,phases      ] GC(741)   Other: 0.06ms
[5246.320s][info][gc,heap        ] GC(741) Eden regions: 571->0(571)
[5246.320s][info][gc,heap        ] GC(741) Survivor regions: 43->43(77)
[5246.320s][info][gc,heap        ] GC(741) Old regions: 238->245
[5246.320s][info][gc,heap        ] GC(741) Humongous regions: 33->33
[5246.320s][info][gc,metaspace   ] GC(741) Metaspace: 35834K(38144K)->35834K(38144K) NonClass: 26762K(27072K)->26762K(27072K) Class: 9071K(11072K)->9071K(11072K)
[5246.320s][info][gc             ] GC(741) Pause Young (Normal) (G1 Evacuation Pause) 7045M->2533M(8192M) 142.016ms
[5246.320s][info][gc,cpu         ] GC(741) User=1.12s Sys=0.00s Real=0.14s
. (rIR:aIR:PR = 8441:8412:8412) (tPR = 124117) [OK] 
  5246s: Performance info:
         Transaction,    Success,    Partial,     Failed,   Receipts, AvgBarcode, 
             Overall,     507144,          0,          0,     481618,      59.48, 
         Response times:
             Request,    Success,    Partial,     Failed,   SkipFail,     Probes,    Samples,      min,      p50,      p90,      p95,      p99,      max, 
       TotalPurchase,     481618,          0,          0,          0,     358433,     398243,      400,     5400,    12500,    28000,    84000,   410000,
     InStorePurchase,     254666,          0,          0,          0,     188552,     209217,      400,     5400,    12500,    28000,    87000,   410000,
      OnlinePurchase,     175710,          0,          0,          0,     132149,     146901,      400,     5400,    12500,    28000,    81000,   409000,
        InstPurchase,      51242,          0,          0,          0,      37732,      42125,      400,     5300,    12300,    26000,    82000,   409000,
          AssocOfCat,        513,          0,          0,          0,        438,        566,    25000,    40000,    63000,    70650,   176590,   198000,
      AssocOfProduct,       5098,          0,          0,          0,       3658,       4227,      800,     5900,    13000,    28000,    80720,   167000,
      BusinessReport,       1264,          0,          0,          0,       1119,       1376,    31000,    50000,    74000,   105000,   202460,   307000,
          CustBuyBeh,       5122,          0,          0,          0,       3651,       4230,      300,     6200,    13100,    30000,    88690,   408000,
       ProductReturn,      13529,          0,          0,          0,       9441,      10753,      200,     4700,    11900,    25000,    81000,   409000,

  5246s: (62%)   IR =   8579 ...[5250.707s][info][gc,start       ] GC(742) Pause Young (Normal) (G1 Evacuation Pause)
[5250.707s][info][gc,task        ] GC(742) Using 8 workers of 8 for evacuation
[5250.852s][info][gc,phases      ] GC(742)   Pre Evacuate Collection Set: 0.26ms
[5250.852s][info][gc,phases      ] GC(742)   Merge Heap Roots: 0.56ms
[5250.852s][info][gc,phases      ] GC(742)   Evacuate Collection Set: 142.91ms
[5250.852s][info][gc,phases      ] GC(742)   Post Evacuate Collection Set: 1.04ms
[5250.852s][info][gc,phases      ] GC(742)   Other: 0.06ms
[5250.852s][info][gc,heap        ] GC(742) Eden regions: 571->0(571)
[5250.852s][info][gc,heap        ] GC(742) Survivor regions: 43->43(77)
[5250.852s][info][gc,heap        ] GC(742) Old regions: 245->252
[5250.852s][info][gc,heap        ] GC(742) Humongous regions: 33->33
[5250.852s][info][gc,metaspace   ] GC(742) Metaspace: 35834K(38144K)->35834K(38144K) NonClass: 26762K(27072K)->26762K(27072K) Class: 9071K(11072K)->9071K(11072K)
[5250.852s][info][gc             ] GC(742) Pause Young (Normal) (G1 Evacuation Pause) 7101M->2585M(8192M) 144.949ms
[5250.852s][info][gc,cpu         ] GC(742) User=1.15s Sys=0.00s Real=0.15s
.....[5255.329s][info][gc,start       ] GC(743) Pause Young (Normal) (G1 Evacuation Pause)
[5255.330s][info][gc,task        ] GC(743) Using 8 workers of 8 for evacuation
[5255.476s][info][gc,phases      ] GC(743)   Pre Evacuate Collection Set: 0.25ms
[5255.476s][info][gc,phases      ] GC(743)   Merge Heap Roots: 0.58ms
[5255.476s][info][gc,phases      ] GC(743)   Evacuate Collection Set: 144.72ms
[5255.476s][info][gc,phases      ] GC(743)   Post Evacuate Collection Set: 1.08ms
[5255.476s][info][gc,phases      ] GC(743)   Other: 0.07ms
[5255.476s][info][gc,heap        ] GC(743) Eden regions: 571->0(570)
[5255.476s][info][gc,heap        ] GC(743) Survivor regions: 43->44(77)
[5255.476s][info][gc,heap        ] GC(743) Old regions: 252->259
[5255.476s][info][gc,heap        ] GC(743) Humongous regions: 33->33
[5255.476s][info][gc,metaspace   ] GC(743) Metaspace: 35834K(38144K)->35834K(38144K) NonClass: 26762K(27072K)->26762K(27072K) Class: 9071K(11072K)->9071K(11072K)
[5255.476s][info][gc             ] GC(743) Pause Young (Normal) (G1 Evacuation Pause) 7153M->2650M(8192M) 146.826ms
[5255.476s][info][gc,cpu         ] GC(743) User=1.16s Sys=0.00s Real=0.14s
....[5259.836s][info][gc,start       ] GC(744) Pause Young (Normal) (G1 Evacuation Pause)
[5259.836s][info][gc,task        ] GC(744) Using 8 workers of 8 for evacuation
[5259.982s][info][gc,phases      ] GC(744)   Pre Evacuate Collection Set: 0.25ms
[5259.982s][info][gc,phases      ] GC(744)   Merge Heap Roots: 0.63ms
[5259.982s][info][gc,phases      ] GC(744)   Evacuate Collection Set: 143.87ms
[5259.982s][info][gc,phases      ] GC(744)   Post Evacuate Collection Set: 1.06ms
[5259.982s][info][gc,phases      ] GC(744)   Other: 0.06ms
[5259.982s][info][gc,heap        ] GC(744) Eden regions: 570->0(570)
[5259.982s][info][gc,heap        ] GC(744) Survivor regions: 44->44(77)
[5259.982s][info][gc,heap        ] GC(744) Old regions: 259->266
[5259.982s][info][gc,heap        ] GC(744) Humongous regions: 33->33
[5259.982s][info][gc,metaspace   ] GC(744) Metaspace: 35834K(38144K)->35834K(38144K) NonClass: 26762K(27072K)->26762K(27072K) Class: 9071K(11072K)->9071K(11072K)
[5259.982s][info][gc             ] GC(744) Pause Young (Normal) (G1 Evacuation Pause) 7210M->2709M(8192M) 146.099ms
[5259.982s][info][gc,cpu         ] GC(744) User=1.16s Sys=0.00s Real=0.15s
....|.[5264.242s][info][gc,start       ] GC(745) Pause Young (Normal) (G1 Evacuation Pause)
[5264.242s][info][gc,task        ] GC(745) Using 8 workers of 8 for evacuation
[5264.387s][info][gc,phases      ] GC(745)   Pre Evacuate Collection Set: 0.25ms
[5264.387s][info][gc,phases      ] GC(745)   Merge Heap Roots: 0.55ms
[5264.387s][info][gc,phases      ] GC(745)   Evacuate Collection Set: 142.79ms
[5264.387s][info][gc,phases      ] GC(745)   Post Evacuate Collection Set: 1.08ms
[5264.387s][info][gc,phases      ] GC(745)   Other: 0.06ms
[5264.387s][info][gc,heap        ] GC(745) Eden regions: 570->0(572)
[5264.387s][info][gc,heap        ] GC(745) Survivor regions: 44->42(77)
[5264.387s][info][gc,heap        ] GC(745) Old regions: 266->273
[5264.387s][info][gc,heap        ] GC(745) Humongous regions: 33->33
[5264.387s][info][gc,metaspace   ] GC(745) Metaspace: 35834K(38144K)->35834K(38144K) NonClass: 26762K(27072K)->26762K(27072K) Class: 9071K(11072K)->9071K(11072K)
[5264.387s][info][gc             ] GC(745) Pause Young (Normal) (G1 Evacuation Pause) 7269M->2754M(8192M) 144.855ms
[5264.387s][info][gc,cpu         ] GC(745) User=1.14s Sys=0.00s Real=0.15s
....[5268.790s][info][gc,start       ] GC(746) Pause Young (Normal) (G1 Evacuation Pause)
[5268.790s][info][gc,task        ] GC(746) Using 8 workers of 8 for evacuation
[5268.939s][info][gc,phases      ] GC(746)   Pre Evacuate Collection Set: 0.26ms
[5268.939s][info][gc,phases      ] GC(746)   Merge Heap Roots: 0.55ms
[5268.939s][info][gc,phases      ] GC(746)   Evacuate Collection Set: 147.18ms
[5268.939s][info][gc,phases      ] GC(746)   Post Evacuate Collection Set: 1.09ms
[5268.939s][info][gc,phases      ] GC(746)   Other: 0.06ms
[5268.939s][info][gc,heap        ] GC(746) Eden regions: 572->0(570)
[5268.939s][info][gc,heap        ] GC(746) Survivor regions: 42->44(77)
[5268.939s][info][gc,heap        ] GC(746) Old regions: 273->280
[5268.939s][info][gc,heap        ] GC(746) Humongous regions: 33->33
[5268.939s][info][gc,metaspace   ] GC(746) Metaspace: 35834K(38144K)->35834K(38144K) NonClass: 26762K(27072K)->26762K(27072K) Class: 9071K(11072K)->9071K(11072K)
[5268.939s][info][gc             ] GC(746) Pause Young (Normal) (G1 Evacuation Pause) 7330M->2822M(8192M) 149.300ms
[5268.939s][info][gc,cpu         ] GC(746) User=1.18s Sys=0.00s Real=0.15s
.....[5273.247s][info][gc,start       ] GC(747) Pause Young (Normal) (G1 Evacuation Pause)
[5273.247s][info][gc,task        ] GC(747) Using 8 workers of 8 for evacuation
[5273.396s][info][gc,phases      ] GC(747)   Pre Evacuate Collection Set: 0.25ms
[5273.396s][info][gc,phases      ] GC(747)   Merge Heap Roots: 0.61ms
[5273.396s][info][gc,phases      ] GC(747)   Evacuate Collection Set: 146.75ms
[5273.396s][info][gc,phases      ] GC(747)   Post Evacuate Collection Set: 1.11ms
[5273.396s][info][gc,phases      ] GC(747)   Other: 0.06ms
[5273.396s][info][gc,heap        ] GC(747) Eden regions: 570->0(566)
[5273.396s][info][gc,heap        ] GC(747) Survivor regions: 44->43(77)
[5273.396s][info][gc,heap        ] GC(747) Old regions: 280->287
[5273.396s][info][gc,heap        ] GC(747) Humongous regions: 33->33
[5273.396s][info][gc,metaspace   ] GC(747) Metaspace: 35834K(38144K)->35834K(38144K) NonClass: 26762K(27072K)->26762K(27072K) Class: 9071K(11072K)->9071K(11072K)
[5273.396s][info][gc             ] GC(747) Pause Young (Normal) (G1 Evacuation Pause) 7382M->2872M(8192M) 148.912ms
[5273.396s][info][gc,cpu         ] GC(747) User=1.18s Sys=0.00s Real=0.14s
....[5277.695s][info][gc,start       ] GC(748) Pause Young (Normal) (G1 Evacuation Pause)
[5277.695s][info][gc,task        ] GC(748) Using 8 workers of 8 for evacuation
[5277.839s][info][gc,phases      ] GC(748)   Pre Evacuate Collection Set: 0.25ms
[5277.839s][info][gc,phases      ] GC(748)   Merge Heap Roots: 0.57ms
[5277.839s][info][gc,phases      ] GC(748)   Evacuate Collection Set: 141.95ms
[5277.839s][info][gc,phases      ] GC(748)   Post Evacuate Collection Set: 1.06ms
[5277.839s][info][gc,phases      ] GC(748)   Other: 0.07ms
[5277.839s][info][gc,heap        ] GC(748) Eden regions: 566->0(559)
[5277.839s][info][gc,heap        ] GC(748) Survivor regions: 43->43(77)
[5277.839s][info][gc,heap        ] GC(748) Old regions: 287->294
[5277.839s][info][gc,heap        ] GC(748) Humongous regions: 33->33
[5277.839s][info][gc,metaspace   ] GC(748) Metaspace: 35834K(38144K)->35834K(38144K) NonClass: 26762K(27072K)->26762K(27072K) Class: 9071K(11072K)->9071K(11072K)
[5277.839s][info][gc             ] GC(748) Pause Young (Normal) (G1 Evacuation Pause) 7400M->2932M(8192M) 144.017ms
[5277.839s][info][gc,cpu         ] GC(748) User=1.14s Sys=0.00s Real=0.15s
.....[5282.186s][info][gc,start       ] GC(749) Pause Young (Normal) (G1 Evacuation Pause)
[5282.186s][info][gc,task        ] GC(749) Using 8 workers of 8 for evacuation
[5282.328s][info][gc,phases      ] GC(749)   Pre Evacuate Collection Set: 0.25ms
[5282.328s][info][gc,phases      ] GC(749)   Merge Heap Roots: 0.63ms
[5282.328s][info][gc,phases      ] GC(749)   Evacuate Collection Set: 140.03ms
[5282.328s][info][gc,phases      ] GC(749)   Post Evacuate Collection Set: 1.10ms
[5282.328s][info][gc,phases      ] GC(749)   Other: 0.08ms
[5282.328s][info][gc,heap        ] GC(749) Eden regions: 559->0(553)
[5282.328s][info][gc,heap        ] GC(749) Survivor regions: 43->42(76)
[5282.328s][info][gc,heap        ] GC(749) Old regions: 294->302
[5282.328s][info][gc,heap        ] GC(749) Humongous regions: 33->33
[5282.328s][info][gc,metaspace   ] GC(749) Metaspace: 35834K(38144K)->35834K(38144K) NonClass: 26762K(27072K)->26762K(27072K) Class: 9071K(11072K)->9071K(11072K)
[5282.328s][info][gc             ] GC(749) Pause Young (Normal) (G1 Evacuation Pause) 7404M->2981M(8192M) 142.214ms
[5282.329s][info][gc,cpu         ] GC(749) User=1.12s Sys=0.00s Real=0.15s
....[5286.545s][info][gc,start       ] GC(750) Pause Young (Normal) (G1 Evacuation Pause)
[5286.545s][info][gc,task        ] GC(750) Using 8 workers of 8 for evacuation
[5286.692s][info][gc,phases      ] GC(750)   Pre Evacuate Collection Set: 0.26ms
[5286.692s][info][gc,phases      ] GC(750)   Merge Heap Roots: 0.55ms
[5286.692s][info][gc,phases      ] GC(750)   Evacuate Collection Set: 144.77ms
[5286.692s][info][gc,phases      ] GC(750)   Post Evacuate Collection Set: 1.00ms
[5286.692s][info][gc,phases      ] GC(750)   Other: 0.07ms
[5286.692s][info][gc,heap        ] GC(750) Eden regions: 553->0(544)
[5286.692s][info][gc,heap        ] GC(750) Survivor regions: 42->43(75)
[5286.692s][info][gc,heap        ] GC(750) Old regions: 302->309
[5286.692s][info][gc,heap        ] GC(750) Humongous regions: 33->33
[5286.692s][info][gc,metaspace   ] GC(750) Metaspace: 35834K(38144K)->35834K(38144K) NonClass: 26762K(27072K)->26762K(27072K) Class: 9071K(11072K)->9071K(11072K)
[5286.692s][info][gc             ] GC(750) Pause Young (Normal) (G1 Evacuation Pause) 7405M->3052M(8192M) 146.752ms
[5286.692s][info][gc,cpu         ] GC(750) User=1.16s Sys=0.00s Real=0.15s
....[5290.807s][info][gc,start       ] GC(751) Pause Young (Concurrent Start) (G1 Evacuation Pause)
[5290.807s][info][gc,task        ] GC(751) Using 8 workers of 8 for evacuation
[5290.951s][info][gc,phases      ] GC(751)   Pre Evacuate Collection Set: 0.31ms
[5290.951s][info][gc,phases      ] GC(751)   Merge Heap Roots: 0.63ms
[5290.951s][info][gc,phases      ] GC(751)   Evacuate Collection Set: 142.34ms
[5290.951s][info][gc,phases      ] GC(751)   Post Evacuate Collection Set: 0.99ms
[5290.951s][info][gc,phases      ] GC(751)   Other: 0.11ms
[5290.951s][info][gc,heap        ] GC(751) Eden regions: 544->0(536)
[5290.951s][info][gc,heap        ] GC(751) Survivor regions: 43->43(74)
[5290.951s][info][gc,heap        ] GC(751) Old regions: 309->317
[5290.951s][info][gc,heap        ] GC(751) Humongous regions: 33->33
[5290.951s][info][gc,metaspace   ] GC(751) Metaspace: 35834K(38144K)->35834K(38144K) NonClass: 26762K(27072K)->26762K(27072K) Class: 9071K(11072K)->9071K(11072K)
[5290.951s][info][gc             ] GC(751) Pause Young (Concurrent Start) (G1 Evacuation Pause) 7404M->3110M(8192M) 144.510ms
[5290.951s][info][gc             ] GC(752) Concurrent Mark Cycle
[5290.951s][info][gc,marking     ] GC(752) Concurrent Scan Root Regions
[5290.951s][info][gc,cpu         ] GC(751) User=1.15s Sys=0.00s Real=0.15s
.[5291.340s][info][gc,marking     ] GC(752) Concurrent Scan Root Regions 388.495ms
[5291.340s][info][gc,marking     ] GC(752) Concurrent Mark
[5291.340s][info][gc,marking     ] GC(752) Concurrent Mark From Roots
[5291.340s][info][gc,task        ] GC(752) Using 2 workers of 2 for marking
.[5292.449s][info][gc,marking     ] GC(752) Concurrent Mark From Roots 1108.947ms
[5292.449s][info][gc,marking     ] GC(752) Concurrent Preclean
[5292.449s][info][gc,marking     ] GC(752) Concurrent Preclean 0.074ms
[5292.449s][info][gc,start       ] GC(752) Pause Remark
[5292.451s][info][gc             ] GC(752) Pause Remark 4795M->4179M(8192M) 2.282ms
[5292.452s][info][gc,cpu         ] GC(752) User=0.02s Sys=0.00s Real=0.00s
[5292.452s][info][gc,marking     ] GC(752) Concurrent Mark 1111.623ms
[5292.452s][info][gc,marking     ] GC(752) Concurrent Rebuild Remembered Sets and Scrub Regions
[5292.917s][info][gc,marking     ] GC(752) Concurrent Rebuild Remembered Sets and Scrub Regions 464.982ms
[5292.917s][info][gc,start       ] GC(752) Pause Cleanup
[5292.917s][info][gc             ] GC(752) Pause Cleanup 4637M->4637M(8192M) 0.291ms
[5292.917s][info][gc,cpu         ] GC(752) User=0.01s Sys=0.00s Real=0.01s
[5292.917s][info][gc,marking     ] GC(752) Concurrent Clear Claimed Marks
[5292.917s][info][gc,marking     ] GC(752) Concurrent Clear Claimed Marks 0.047ms
[5292.917s][info][gc,marking     ] GC(752) Concurrent Cleanup for Next Mark
[5292.926s][info][gc,marking     ] GC(752) Concurrent Cleanup for Next Mark 9.354ms
[5292.927s][info][gc             ] GC(752) Concurrent Mark Cycle 1975.209ms
...[5295.039s][info][gc,start       ] GC(753) Pause Young (Prepare Mixed) (G1 Evacuation Pause)
[5295.039s][info][gc,task        ] GC(753) Using 8 workers of 8 for evacuation
[5295.183s][info][gc,phases      ] GC(753)   Pre Evacuate Collection Set: 0.24ms
[5295.183s][info][gc,phases      ] GC(753)   Merge Heap Roots: 0.74ms
[5295.183s][info][gc,phases      ] GC(753)   Evacuate Collection Set: 141.59ms
[5295.183s][info][gc,phases      ] GC(753)   Post Evacuate Collection Set: 1.10ms
[5295.183s][info][gc,phases      ] GC(753)   Other: 0.08ms
[5295.183s][info][gc,heap        ] GC(753) Eden regions: 536->0(571)
[5295.183s][info][gc,heap        ] GC(753) Survivor regions: 43->43(73)
[5295.183s][info][gc,heap        ] GC(753) Old regions: 240->247
[5295.183s][info][gc,heap        ] GC(753) Humongous regions: 33->33
[5295.183s][info][gc,metaspace   ] GC(753) Metaspace: 35834K(38144K)->35834K(38144K) NonClass: 26762K(27072K)->26762K(27072K) Class: 9071K(11072K)->9071K(11072K)
[5295.183s][info][gc             ] GC(753) Pause Young (Prepare Mixed) (G1 Evacuation Pause) 6782M->2546M(8192M) 143.883ms
[5295.183s][info][gc,cpu         ] GC(753) User=1.14s Sys=0.00s Real=0.14s
....[5299.504s][info][gc,start       ] GC(754) Pause Young (Mixed) (G1 Evacuation Pause)
[5299.504s][info][gc,task        ] GC(754) Using 8 workers of 8 for evacuation
[5299.656s][info][gc,phases      ] GC(754)   Pre Evacuate Collection Set: 0.30ms
[5299.656s][info][gc,phases      ] GC(754)   Merge Heap Roots: 0.90ms
[5299.656s][info][gc,phases      ] GC(754)   Evacuate Collection Set: 149.69ms
[5299.656s][info][gc,phases      ] GC(754)   Post Evacuate Collection Set: 1.31ms
[5299.656s][info][gc,phases      ] GC(754)   Other: 0.08ms
[5299.656s][info][gc,heap        ] GC(754) Eden regions: 571->0(571)
[5299.656s][info][gc,heap        ] GC(754) Survivor regions: 43->43(77)
[5299.656s][info][gc,heap        ] GC(754) Old regions: 247->153
[5299.656s][info][gc,heap        ] GC(754) Humongous regions: 33->33
[5299.656s][info][gc,metaspace   ] GC(754) Metaspace: 35834K(38144K)->35834K(38144K) NonClass: 26762K(27072K)->26762K(27072K) Class: 9071K(11072K)->9071K(11072K)
[5299.656s][info][gc             ] GC(754) Pause Young (Mixed) (G1 Evacuation Pause) 7114M->1793M(8192M) 152.415ms
[5299.656s][info][gc,cpu         ] GC(754) User=1.21s Sys=0.00s Real=0.15s
.....[5304.079s][info][gc,start       ] GC(755) Pause Young (Mixed) (G1 Evacuation Pause)
[5304.079s][info][gc,task        ] GC(755) Using 8 workers of 8 for evacuation
[5304.227s][info][gc,phases      ] GC(755)   Pre Evacuate Collection Set: 0.29ms
[5304.227s][info][gc,phases      ] GC(755)   Merge Heap Roots: 0.75ms
[5304.227s][info][gc,phases      ] GC(755)   Evacuate Collection Set: 145.62ms
[5304.227s][info][gc,phases      ] GC(755)   Post Evacuate Collection Set: 1.11ms
[5304.227s][info][gc,phases      ] GC(755)   Other: 0.07ms
[5304.227s][info][gc,heap        ] GC(755) Eden regions: 571->0(572)
[5304.227s][info][gc,heap        ] GC(755) Survivor regions: 43->42(77)
[5304.227s][info][gc,heap        ] GC(755) Old regions: 153->143
[5304.227s][info][gc,heap        ] GC(755) Humongous regions: 33->33
[5304.227s][info][gc,metaspace   ] GC(755) Metaspace: 35834K(38144K)->35834K(38144K) NonClass: 26762K(27072K)->26762K(27072K) Class: 9071K(11072K)->9071K(11072K)
[5304.227s][info][gc             ] GC(755) Pause Young (Mixed) (G1 Evacuation Pause) 6361M->1708M(8192M) 147.961ms
[5304.227s][info][gc,cpu         ] GC(755) User=1.17s Sys=0.00s Real=0.14s
....[5308.665s][info][gc,start       ] GC(756) Pause Young (Normal) (G1 Evacuation Pause)
[5308.665s][info][gc,task        ] GC(756) Using 8 workers of 8 for evacuation
[5308.809s][info][gc,phases      ] GC(756)   Pre Evacuate Collection Set: 0.24ms
[5308.809s][info][gc,phases      ] GC(756)   Merge Heap Roots: 0.55ms
[5308.809s][info][gc,phases      ] GC(756)   Evacuate Collection Set: 142.20ms
[5308.809s][info][gc,phases      ] GC(756)   Post Evacuate Collection Set: 1.03ms
[5308.810s][info][gc,phases      ] GC(756)   Other: 0.06ms
[5308.810s][info][gc,heap        ] GC(756) Eden regions: 572->0(571)
[5308.810s][info][gc,heap        ] GC(756) Survivor regions: 42->43(77)
[5308.810s][info][gc,heap        ] GC(756) Old regions: 143->150
[5308.810s][info][gc,heap        ] GC(756) Humongous regions: 33->33
[5308.810s][info][gc,metaspace   ] GC(756) Metaspace: 35834K(38144K)->35834K(38144K) NonClass: 26762K(27072K)->26762K(27072K) Class: 9071K(11072K)->9071K(11072K)
[5308.810s][info][gc             ] GC(756) Pause Young (Normal) (G1 Evacuation Pause) 6284M->1776M(8192M) 144.217ms
[5308.810s][info][gc,cpu         ] GC(756) User=1.14s Sys=0.00s Real=0.15s
.....[5313.047s][info][gc,start       ] GC(757) Pause Young (Normal) (G1 Evacuation Pause)
[5313.047s][info][gc,task        ] GC(757) Using 8 workers of 8 for evacuation
[5313.192s][info][gc,phases      ] GC(757)   Pre Evacuate Collection Set: 0.24ms
[5313.192s][info][gc,phases      ] GC(757)   Merge Heap Roots: 0.54ms
[5313.192s][info][gc,phases      ] GC(757)   Evacuate Collection Set: 142.85ms
[5313.192s][info][gc,phases      ] GC(757)   Post Evacuate Collection Set: 1.03ms
[5313.192s][info][gc,phases      ] GC(757)   Other: 0.07ms
[5313.192s][info][gc,heap        ] GC(757) Eden regions: 571->0(571)
[5313.192s][info][gc,heap        ] GC(757) Survivor regions: 43->43(77)
[5313.192s][info][gc,heap        ] GC(757) Old regions: 150->157
[5313.192s][info][gc,heap        ] GC(757) Humongous regions: 33->33
[5313.192s][info][gc,metaspace   ] GC(757) Metaspace: 35834K(38144K)->35834K(38144K) NonClass: 26762K(27072K)->26762K(27072K) Class: 9071K(11072K)->9071K(11072K)
[5313.192s][info][gc             ] GC(757) Pause Young (Normal) (G1 Evacuation Pause) 6344M->1831M(8192M) 144.865ms
[5313.192s][info][gc,cpu         ] GC(757) User=1.14s Sys=0.00s Real=0.14s
....[5317.514s][info][gc,start       ] GC(758) Pause Young (Normal) (G1 Evacuation Pause)
[5317.514s][info][gc,task        ] GC(758) Using 8 workers of 8 for evacuation
[5317.659s][info][gc,phases      ] GC(758)   Pre Evacuate Collection Set: 0.28ms
[5317.659s][info][gc,phases      ] GC(758)   Merge Heap Roots: 0.54ms
[5317.659s][info][gc,phases      ] GC(758)   Evacuate Collection Set: 142.89ms
[5317.659s][info][gc,phases      ] GC(758)   Post Evacuate Collection Set: 1.11ms
[5317.659s][info][gc,phases      ] GC(758)   Other: 0.08ms
[5317.659s][info][gc,heap        ] GC(758) Eden regions: 571->0(571)
[5317.659s][info][gc,heap        ] GC(758) Survivor regions: 43->43(77)
[5317.659s][info][gc,heap        ] GC(758) Old regions: 157->164
[5317.659s][info][gc,heap        ] GC(758) Humongous regions: 33->33
[5317.659s][info][gc,metaspace   ] GC(758) Metaspace: 35834K(38144K)->35834K(38144K) NonClass: 26762K(27072K)->26762K(27072K) Class: 9071K(11072K)->9071K(11072K)
[5317.659s][info][gc             ] GC(758) Pause Young (Normal) (G1 Evacuation Pause) 6399M->1892M(8192M) 145.024ms
[5317.659s][info][gc,cpu         ] GC(758) User=1.15s Sys=0.00s Real=0.15s
.....[5322.061s][info][gc,start       ] GC(759) Pause Young (Normal) (G1 Evacuation Pause)
[5322.061s][info][gc,task        ] GC(759) Using 8 workers of 8 for evacuation
[5322.201s][info][gc,phases      ] GC(759)   Pre Evacuate Collection Set: 0.25ms
[5322.201s][info][gc,phases      ] GC(759)   Merge Heap Roots: 0.55ms
[5322.201s][info][gc,phases      ] GC(759)   Evacuate Collection Set: 138.36ms
[5322.201s][info][gc,phases      ] GC(759)   Post Evacuate Collection Set: 1.04ms
[5322.201s][info][gc,phases      ] GC(759)   Other: 0.06ms
[5322.201s][info][gc,heap        ] GC(759) Eden regions: 571->0(572)
[5322.201s][info][gc,heap        ] GC(759) Survivor regions: 43->42(77)
[5322.201s][info][gc,heap        ] GC(759) Old regions: 164->171
[5322.201s][info][gc,heap        ] GC(759) Humongous regions: 33->33
[5322.201s][info][gc,metaspace   ] GC(759) Metaspace: 35834K(38144K)->35834K(38144K) NonClass: 26762K(27072K)->26762K(27072K) Class: 9071K(11072K)->9071K(11072K)
[5322.201s][info][gc             ] GC(759) Pause Young (Normal) (G1 Evacuation Pause) 6460M->1938M(8192M) 140.409ms
[5322.201s][info][gc,cpu         ] GC(759) User=1.11s Sys=0.00s Real=0.14s
. (rIR:aIR:PR = 8579:8536:8536) (tPR = 126489) [OK] 
  5322s: Performance info:
         Transaction,    Success,    Partial,     Failed,   Receipts, AvgBarcode, 
             Overall,     512415,          0,          0,     486607,      59.47, 
         Response times:
             Request,    Success,    Partial,     Failed,   SkipFail,     Probes,    Samples,      min,      p50,      p90,      p95,      p99,      max, 
       TotalPurchase,     486607,          0,          0,          0,     358595,     459141,      400,     5600,    14500,    43000,    95000,   950000,
     InStorePurchase,     256506,          0,          0,          0,     188347,     240921,      400,     5600,    14600,    44000,    94000,   950000,
      OnlinePurchase,     179224,          0,          0,          0,     132002,     168974,      400,     5600,    14300,    43000,    95000,   950000,
        InstPurchase,      50877,          0,          0,          0,      38246,      49246,      500,     6200,    14700,    41000,    96000,   425000,
          AssocOfCat,        514,          0,          0,          0,        443,        674,    28000,    43000,    66500,   101250,   197750,   217000,
      AssocOfProduct,       5176,          0,          0,          0,       3722,       4993,      500,     5900,    15200,    37000,    88060,   217000,
      BusinessReport,       1290,          0,          0,          0,       1134,       1632,    27000,    51000,    79000,   123000,   206000,   228000,
          CustBuyBeh,       5213,          0,          0,          0,       3633,       4849,      400,     5700,    15400,    42500,    91000,   182000,
       ProductReturn,      13615,          0,          0,          0,       9545,      12558,      200,     5500,    13600,    43000,   102000,   388000,

  5322s: (63%)   IR =   8717 ...[5326.438s][info][gc,start       ] GC(760) Pause Young (Normal) (G1 Evacuation Pause)
[5326.438s][info][gc,task        ] GC(760) Using 8 workers of 8 for evacuation
[5326.583s][info][gc,phases      ] GC(760)   Pre Evacuate Collection Set: 0.23ms
[5326.583s][info][gc,phases      ] GC(760)   Merge Heap Roots: 0.54ms
[5326.583s][info][gc,phases      ] GC(760)   Evacuate Collection Set: 143.81ms
[5326.583s][info][gc,phases      ] GC(760)   Post Evacuate Collection Set: 1.10ms
[5326.583s][info][gc,phases      ] GC(760)   Other: 0.06ms
[5326.583s][info][gc,heap        ] GC(760) Eden regions: 572->0(571)
[5326.583s][info][gc,heap        ] GC(760) Survivor regions: 42->43(77)
[5326.583s][info][gc,heap        ] GC(760) Old regions: 171->178
[5326.583s][info][gc,heap        ] GC(760) Humongous regions: 33->33
[5326.583s][info][gc,metaspace   ] GC(760) Metaspace: 35834K(38144K)->35834K(38144K) NonClass: 26762K(27072K)->26762K(27072K) Class: 9071K(11072K)->9071K(11072K)
[5326.583s][info][gc             ] GC(760) Pause Young (Normal) (G1 Evacuation Pause) 6514M->2000M(8192M) 145.873ms
[5326.583s][info][gc,cpu         ] GC(760) User=1.16s Sys=0.00s Real=0.14s
....[5330.783s][info][gc,start       ] GC(761) Pause Young (Normal) (G1 Evacuation Pause)
[5330.783s][info][gc,task        ] GC(761) Using 8 workers of 8 for evacuation
[5330.930s][info][gc,phases      ] GC(761)   Pre Evacuate Collection Set: 0.25ms
[5330.930s][info][gc,phases      ] GC(761)   Merge Heap Roots: 0.56ms
[5330.930s][info][gc,phases      ] GC(761)   Evacuate Collection Set: 144.21ms
[5330.930s][info][gc,phases      ] GC(761)   Post Evacuate Collection Set: 1.12ms
[5330.930s][info][gc,phases      ] GC(761)   Other: 0.06ms
[5330.930s][info][gc,heap        ] GC(761) Eden regions: 571->0(571)
[5330.930s][info][gc,heap        ] GC(761) Survivor regions: 43->43(77)
[5330.930s][info][gc,heap        ] GC(761) Old regions: 178->185
[5330.930s][info][gc,heap        ] GC(761) Humongous regions: 33->33
[5330.930s][info][gc,metaspace   ] GC(761) Metaspace: 35834K(38144K)->35834K(38144K) NonClass: 26762K(27072K)->26762K(27072K) Class: 9071K(11072K)->9071K(11072K)
[5330.930s][info][gc             ] GC(761) Pause Young (Normal) (G1 Evacuation Pause) 6568M->2060M(8192M) 146.319ms
[5330.930s][info][gc,cpu         ] GC(761) User=1.16s Sys=0.00s Real=0.15s
.....|[5335.315s][info][gc,start       ] GC(762) Pause Young (Normal) (G1 Evacuation Pause)
[5335.315s][info][gc,task        ] GC(762) Using 8 workers of 8 for evacuation
[5335.466s][info][gc,phases      ] GC(762)   Pre Evacuate Collection Set: 0.24ms
[5335.466s][info][gc,phases      ] GC(762)   Merge Heap Roots: 0.54ms
[5335.466s][info][gc,phases      ] GC(762)   Evacuate Collection Set: 149.32ms
[5335.466s][info][gc,phases      ] GC(762)   Post Evacuate Collection Set: 1.07ms
[5335.466s][info][gc,phases      ] GC(762)   Other: 0.06ms
[5335.466s][info][gc,heap        ] GC(762) Eden regions: 571->0(570)
[5335.466s][info][gc,heap        ] GC(762) Survivor regions: 43->44(77)
[5335.466s][info][gc,heap        ] GC(762) Old regions: 185->193
[5335.466s][info][gc,heap        ] GC(762) Humongous regions: 33->33
[5335.466s][info][gc,metaspace   ] GC(762) Metaspace: 35834K(38144K)->35834K(38144K) NonClass: 26762K(27072K)->26762K(27072K) Class: 9071K(11072K)->9071K(11072K)
[5335.466s][info][gc             ] GC(762) Pause Young (Normal) (G1 Evacuation Pause) 6628M->2121M(8192M) 151.358ms
[5335.466s][info][gc,cpu         ] GC(762) User=1.20s Sys=0.01s Real=0.15s
....[5339.669s][info][gc,start       ] GC(763) Pause Young (Normal) (G1 Evacuation Pause)
[5339.669s][info][gc,task        ] GC(763) Using 8 workers of 8 for evacuation
[5339.814s][info][gc,phases      ] GC(763)   Pre Evacuate Collection Set: 0.24ms
[5339.814s][info][gc,phases      ] GC(763)   Merge Heap Roots: 0.55ms
[5339.814s][info][gc,phases      ] GC(763)   Evacuate Collection Set: 143.31ms
[5339.814s][info][gc,phases      ] GC(763)   Post Evacuate Collection Set: 1.05ms
[5339.814s][info][gc,phases      ] GC(763)   Other: 0.06ms
[5339.814s][info][gc,heap        ] GC(763) Eden regions: 570->0(570)
[5339.814s][info][gc,heap        ] GC(763) Survivor regions: 44->44(77)
[5339.814s][info][gc,heap        ] GC(763) Old regions: 193->199
[5339.814s][info][gc,heap        ] GC(763) Humongous regions: 33->33
[5339.814s][info][gc,metaspace   ] GC(763) Metaspace: 35834K(38144K)->35834K(38144K) NonClass: 26762K(27072K)->26762K(27072K) Class: 9071K(11072K)->9071K(11072K)
[5339.814s][info][gc             ] GC(763) Pause Young (Normal) (G1 Evacuation Pause) 6681M->2176M(8192M) 145.328ms
[5339.815s][info][gc,cpu         ] GC(763) User=1.15s Sys=0.00s Real=0.14s
.....[5344.185s][info][gc,start       ] GC(764) Pause Young (Normal) (G1 Evacuation Pause)
[5344.185s][info][gc,task        ] GC(764) Using 8 workers of 8 for evacuation
[5344.333s][info][gc,phases      ] GC(764)   Pre Evacuate Collection Set: 0.26ms
[5344.333s][info][gc,phases      ] GC(764)   Merge Heap Roots: 0.54ms
[5344.333s][info][gc,phases      ] GC(764)   Evacuate Collection Set: 146.01ms
[5344.333s][info][gc,phases      ] GC(764)   Post Evacuate Collection Set: 1.04ms
[5344.333s][info][gc,phases      ] GC(764)   Other: 0.06ms
[5344.333s][info][gc,heap        ] GC(764) Eden regions: 570->0(571)
[5344.333s][info][gc,heap        ] GC(764) Survivor regions: 44->43(77)
[5344.333s][info][gc,heap        ] GC(764) Old regions: 199->207
[5344.333s][info][gc,heap        ] GC(764) Humongous regions: 33->33
[5344.333s][info][gc,metaspace   ] GC(764) Metaspace: 35834K(38144K)->35834K(38144K) NonClass: 26762K(27072K)->26762K(27072K) Class: 9071K(11072K)->9071K(11072K)
[5344.333s][info][gc             ] GC(764) Pause Young (Normal) (G1 Evacuation Pause) 6736M->2228M(8192M) 148.040ms
[5344.333s][info][gc,cpu         ] GC(764) User=1.16s Sys=0.01s Real=0.15s
....[5348.623s][info][gc,start       ] GC(765) Pause Young (Normal) (G1 Evacuation Pause)
[5348.623s][info][gc,task        ] GC(765) Using 8 workers of 8 for evacuation
[5348.769s][info][gc,phases      ] GC(765)   Pre Evacuate Collection Set: 0.24ms
[5348.769s][info][gc,phases      ] GC(765)   Merge Heap Roots: 0.54ms
[5348.769s][info][gc,phases      ] GC(765)   Evacuate Collection Set: 143.76ms
[5348.769s][info][gc,phases      ] GC(765)   Post Evacuate Collection Set: 1.05ms
[5348.769s][info][gc,phases      ] GC(765)   Other: 0.07ms
[5348.769s][info][gc,heap        ] GC(765) Eden regions: 571->0(571)
[5348.769s][info][gc,heap        ] GC(765) Survivor regions: 43->43(77)
[5348.769s][info][gc,heap        ] GC(765) Old regions: 207->214
[5348.769s][info][gc,heap        ] GC(765) Humongous regions: 33->33
[5348.769s][info][gc,metaspace   ] GC(765) Metaspace: 35834K(38144K)->35834K(38144K) NonClass: 26762K(27072K)->26762K(27072K) Class: 9071K(11072K)->9071K(11072K)
[5348.769s][info][gc             ] GC(765) Pause Young (Normal) (G1 Evacuation Pause) 6796M->2288M(8192M) 145.806ms
[5348.769s][info][gc,cpu         ] GC(765) User=1.16s Sys=0.00s Real=0.15s
....[5352.997s][info][gc,start       ] GC(766) Pause Young (Normal) (G1 Evacuation Pause)
[5352.997s][info][gc,task        ] GC(766) Using 8 workers of 8 for evacuation
[5353.141s][info][gc,phases      ] GC(766)   Pre Evacuate Collection Set: 0.24ms
[5353.141s][info][gc,phases      ] GC(766)   Merge Heap Roots: 0.54ms
[5353.141s][info][gc,phases      ] GC(766)   Evacuate Collection Set: 142.04ms
[5353.141s][info][gc,phases      ] GC(766)   Post Evacuate Collection Set: 1.04ms
[5353.141s][info][gc,phases      ] GC(766)   Other: 0.06ms
[5353.141s][info][gc,heap        ] GC(766) Eden regions: 571->0(571)
[5353.141s][info][gc,heap        ] GC(766) Survivor regions: 43->43(77)
[5353.141s][info][gc,heap        ] GC(766) Old regions: 214->221
[5353.141s][info][gc,heap        ] GC(766) Humongous regions: 33->33
[5353.141s][info][gc,metaspace   ] GC(766) Metaspace: 35834K(38144K)->35834K(38144K) NonClass: 26762K(27072K)->26762K(27072K) Class: 9071K(11072K)->9071K(11072K)
[5353.141s][info][gc             ] GC(766) Pause Young (Normal) (G1 Evacuation Pause) 6856M->2344M(8192M) 144.048ms
[5353.141s][info][gc,cpu         ] GC(766) User=1.14s Sys=0.00s Real=0.14s
.....[5357.423s][info][gc,start       ] GC(767) Pause Young (Normal) (G1 Evacuation Pause)
[5357.423s][info][gc,task        ] GC(767) Using 8 workers of 8 for evacuation
[5357.567s][info][gc,phases      ] GC(767)   Pre Evacuate Collection Set: 0.25ms
[5357.567s][info][gc,phases      ] GC(767)   Merge Heap Roots: 0.54ms
[5357.567s][info][gc,phases      ] GC(767)   Evacuate Collection Set: 141.17ms
[5357.567s][info][gc,phases      ] GC(767)   Post Evacuate Collection Set: 1.09ms
[5357.567s][info][gc,phases      ] GC(767)   Other: 0.06ms
[5357.567s][info][gc,heap        ] GC(767) Eden regions: 571->0(571)
[5357.567s][info][gc,heap        ] GC(767) Survivor regions: 43->43(77)
[5357.567s][info][gc,heap        ] GC(767) Old regions: 221->228
[5357.567s][info][gc,heap        ] GC(767) Humongous regions: 33->33
[5357.567s][info][gc,metaspace   ] GC(767) Metaspace: 35834K(38144K)->35834K(38144K) NonClass: 26762K(27072K)->26762K(27072K) Class: 9071K(11072K)->9071K(11072K)
[5357.567s][info][gc             ] GC(767) Pause Young (Normal) (G1 Evacuation Pause) 6912M->2396M(8192M) 143.237ms
[5357.567s][info][gc,cpu         ] GC(767) User=1.13s Sys=0.00s Real=0.14s
....[5361.870s][info][gc,start       ] GC(768) Pause Young (Normal) (G1 Evacuation Pause)
[5361.870s][info][gc,task        ] GC(768) Using 8 workers of 8 for evacuation
[5362.016s][info][gc,phases      ] GC(768)   Pre Evacuate Collection Set: 0.26ms
[5362.016s][info][gc,phases      ] GC(768)   Merge Heap Roots: 0.61ms
[5362.016s][info][gc,phases      ] GC(768)   Evacuate Collection Set: 144.21ms
[5362.016s][info][gc,phases      ] GC(768)   Post Evacuate Collection Set: 1.04ms
[5362.016s][info][gc,phases      ] GC(768)   Other: 0.08ms
[5362.016s][info][gc,heap        ] GC(768) Eden regions: 571->0(570)
[5362.016s][info][gc,heap        ] GC(768) Survivor regions: 43->44(77)
[5362.016s][info][gc,heap        ] GC(768) Old regions: 228->235
[5362.016s][info][gc,heap        ] GC(768) Humongous regions: 33->33
[5362.016s][info][gc,metaspace   ] GC(768) Metaspace: 35834K(38144K)->35834K(38144K) NonClass: 26762K(27072K)->26762K(27072K) Class: 9071K(11072K)->9071K(11072K)
[5362.016s][info][gc             ] GC(768) Pause Young (Normal) (G1 Evacuation Pause) 6964M->2458M(8192M) 146.335ms
[5362.016s][info][gc,cpu         ] GC(768) User=1.15s Sys=0.00s Real=0.14s
.....[5366.295s][info][gc,start       ] GC(769) Pause Young (Normal) (G1 Evacuation Pause)
[5366.295s][info][gc,task        ] GC(769) Using 8 workers of 8 for evacuation
[5366.440s][info][gc,phases      ] GC(769)   Pre Evacuate Collection Set: 0.24ms
[5366.440s][info][gc,phases      ] GC(769)   Merge Heap Roots: 0.53ms
[5366.440s][info][gc,phases      ] GC(769)   Evacuate Collection Set: 142.61ms
[5366.440s][info][gc,phases      ] GC(769)   Post Evacuate Collection Set: 1.05ms
[5366.440s][info][gc,phases      ] GC(769)   Other: 0.07ms
[5366.440s][info][gc,heap        ] GC(769) Eden regions: 570->0(571)
[5366.440s][info][gc,heap        ] GC(769) Survivor regions: 44->43(77)
[5366.440s][info][gc,heap        ] GC(769) Old regions: 235->242
[5366.440s][info][gc,heap        ] GC(769) Humongous regions: 33->33
[5366.440s][info][gc,metaspace   ] GC(769) Metaspace: 35834K(38144K)->35834K(38144K) NonClass: 26762K(27072K)->26762K(27072K) Class: 9071K(11072K)->9071K(11072K)
[5366.440s][info][gc             ] GC(769) Pause Young (Normal) (G1 Evacuation Pause) 7018M->2508M(8192M) 144.612ms
[5366.440s][info][gc,cpu         ] GC(769) User=1.14s Sys=0.00s Real=0.15s
....[5370.633s][info][gc,start       ] GC(770) Pause Young (Normal) (G1 Evacuation Pause)
[5370.633s][info][gc,task        ] GC(770) Using 8 workers of 8 for evacuation
[5370.781s][info][gc,phases      ] GC(770)   Pre Evacuate Collection Set: 0.25ms
[5370.781s][info][gc,phases      ] GC(770)   Merge Heap Roots: 0.60ms
[5370.781s][info][gc,phases      ] GC(770)   Evacuate Collection Set: 145.43ms
[5370.781s][info][gc,phases      ] GC(770)   Post Evacuate Collection Set: 1.05ms
[5370.781s][info][gc,phases      ] GC(770)   Other: 0.06ms
[5370.781s][info][gc,heap        ] GC(770) Eden regions: 571->0(570)
[5370.781s][info][gc,heap        ] GC(770) Survivor regions: 43->44(77)
[5370.781s][info][gc,heap        ] GC(770) Old regions: 242->249
[5370.781s][info][gc,heap        ] GC(770) Humongous regions: 33->33
[5370.781s][info][gc,metaspace   ] GC(770) Metaspace: 35834K(38144K)->35834K(38144K) NonClass: 26762K(27072K)->26762K(27072K) Class: 9071K(11072K)->9071K(11072K)
[5370.781s][info][gc             ] GC(770) Pause Young (Normal) (G1 Evacuation Pause) 7076M->2580M(8192M) 147.537ms
[5370.781s][info][gc,cpu         ] GC(770) User=1.16s Sys=0.00s Real=0.15s
....[5375.105s][info][gc,start       ] GC(771) Pause Young (Normal) (G1 Evacuation Pause)
[5375.105s][info][gc,task        ] GC(771) Using 8 workers of 8 for evacuation
[5375.252s][info][gc,phases      ] GC(771)   Pre Evacuate Collection Set: 0.26ms
[5375.252s][info][gc,phases      ] GC(771)   Merge Heap Roots: 0.54ms
[5375.252s][info][gc,phases      ] GC(771)   Evacuate Collection Set: 144.76ms
[5375.252s][info][gc,phases      ] GC(771)   Post Evacuate Collection Set: 1.06ms
[5375.252s][info][gc,phases      ] GC(771)   Other: 0.08ms
[5375.252s][info][gc,heap        ] GC(771) Eden regions: 570->0(571)
[5375.252s][info][gc,heap        ] GC(771) Survivor regions: 44->43(77)
[5375.252s][info][gc,heap        ] GC(771) Old regions: 249->256
[5375.252s][info][gc,heap        ] GC(771) Humongous regions: 33->33
[5375.252s][info][gc,metaspace   ] GC(771) Metaspace: 35834K(38144K)->35834K(38144K) NonClass: 26762K(27072K)->26762K(27072K) Class: 9071K(11072K)->9071K(11072K)
[5375.252s][info][gc             ] GC(771) Pause Young (Normal) (G1 Evacuation Pause) 7140M->2628M(8192M) 146.821ms
[5375.252s][info][gc,cpu         ] GC(771) User=1.16s Sys=0.00s Real=0.15s
.....[5379.540s][info][gc,start       ] GC(772) Pause Young (Normal) (G1 Evacuation Pause)
[5379.540s][info][gc,task        ] GC(772) Using 8 workers of 8 for evacuation
[5379.687s][info][gc,phases      ] GC(772)   Pre Evacuate Collection Set: 0.28ms
[5379.687s][info][gc,phases      ] GC(772)   Merge Heap Roots: 0.53ms
[5379.687s][info][gc,phases      ] GC(772)   Evacuate Collection Set: 144.88ms
[5379.687s][info][gc,phases      ] GC(772)   Post Evacuate Collection Set: 1.06ms
[5379.687s][info][gc,phases      ] GC(772)   Other: 0.07ms
[5379.687s][info][gc,heap        ] GC(772) Eden regions: 571->0(570)
[5379.687s][info][gc,heap        ] GC(772) Survivor regions: 43->44(77)
[5379.687s][info][gc,heap        ] GC(772) Old regions: 256->263
[5379.687s][info][gc,heap        ] GC(772) Humongous regions: 33->33
[5379.687s][info][gc,metaspace   ] GC(772) Metaspace: 35834K(38144K)->35834K(38144K) NonClass: 26762K(27072K)->26762K(27072K) Class: 9071K(11072K)->9071K(11072K)
[5379.687s][info][gc             ] GC(772) Pause Young (Normal) (G1 Evacuation Pause) 7196M->2688M(8192M) 146.964ms
[5379.687s][info][gc,cpu         ] GC(772) User=1.16s Sys=0.00s Real=0.14s
....[5383.983s][info][gc,start       ] GC(773) Pause Young (Normal) (G1 Evacuation Pause)
[5383.983s][info][gc,task        ] GC(773) Using 8 workers of 8 for evacuation
[5384.129s][info][gc,phases      ] GC(773)   Pre Evacuate Collection Set: 0.27ms
[5384.129s][info][gc,phases      ] GC(773)   Merge Heap Roots: 0.55ms
[5384.129s][info][gc,phases      ] GC(773)   Evacuate Collection Set: 143.81ms
[5384.129s][info][gc,phases      ] GC(773)   Post Evacuate Collection Set: 1.06ms
[5384.129s][info][gc,phases      ] GC(773)   Other: 0.06ms
[5384.129s][info][gc,heap        ] GC(773) Eden regions: 570->0(570)
[5384.129s][info][gc,heap        ] GC(773) Survivor regions: 44->44(77)
[5384.129s][info][gc,heap        ] GC(773) Old regions: 263->271
[5384.129s][info][gc,heap        ] GC(773) Humongous regions: 33->33
[5384.129s][info][gc,metaspace   ] GC(773) Metaspace: 35834K(38144K)->35834K(38144K) NonClass: 26762K(27072K)->26762K(27072K) Class: 9071K(11072K)->9071K(11072K)
[5384.129s][info][gc             ] GC(773) Pause Young (Normal) (G1 Evacuation Pause) 7248M->2745M(8192M) 145.872ms
[5384.129s][info][gc,cpu         ] GC(773) User=1.15s Sys=0.00s Real=0.15s
.....[5388.343s][info][gc,start       ] GC(774) Pause Young (Normal) (G1 Evacuation Pause)
[5388.343s][info][gc,task        ] GC(774) Using 8 workers of 8 for evacuation
[5388.485s][info][gc,phases      ] GC(774)   Pre Evacuate Collection Set: 0.25ms
[5388.485s][info][gc,phases      ] GC(774)   Merge Heap Roots: 0.68ms
[5388.485s][info][gc,phases      ] GC(774)   Evacuate Collection Set: 139.97ms
[5388.485s][info][gc,phases      ] GC(774)   Post Evacuate Collection Set: 1.04ms
[5388.485s][info][gc,phases      ] GC(774)   Other: 0.06ms
[5388.485s][info][gc,heap        ] GC(774) Eden regions: 570->0(571)
[5388.485s][info][gc,heap        ] GC(774) Survivor regions: 44->43(77)
[5388.485s][info][gc,heap        ] GC(774) Old regions: 271->278
[5388.485s][info][gc,heap        ] GC(774) Humongous regions: 33->33
[5388.485s][info][gc,metaspace   ] GC(774) Metaspace: 35834K(38144K)->35834K(38144K) NonClass: 26762K(27072K)->26762K(27072K) Class: 9071K(11072K)->9071K(11072K)
[5388.485s][info][gc             ] GC(774) Pause Young (Normal) (G1 Evacuation Pause) 7305M->2794M(8192M) 142.146ms
[5388.485s][info][gc,cpu         ] GC(774) User=1.12s Sys=0.00s Real=0.14s
....[5392.836s][info][gc,start       ] GC(775) Pause Young (Normal) (G1 Evacuation Pause)
[5392.836s][info][gc,task        ] GC(775) Using 8 workers of 8 for evacuation
[5392.989s][info][gc,phases      ] GC(775)   Pre Evacuate Collection Set: 0.25ms
[5392.989s][info][gc,phases      ] GC(775)   Merge Heap Roots: 0.52ms
[5392.989s][info][gc,phases      ] GC(775)   Evacuate Collection Set: 151.46ms
[5392.989s][info][gc,phases      ] GC(775)   Post Evacuate Collection Set: 1.08ms
[5392.989s][info][gc,phases      ] GC(775)   Other: 0.07ms
[5392.989s][info][gc,heap        ] GC(775) Eden regions: 571->0(562)
[5392.989s][info][gc,heap        ] GC(775) Survivor regions: 43->46(77)
[5392.989s][info][gc,heap        ] GC(775) Old regions: 278->285
[5392.989s][info][gc,heap        ] GC(775) Humongous regions: 33->33
[5392.989s][info][gc,metaspace   ] GC(775) Metaspace: 35834K(38144K)->35834K(38144K) NonClass: 26762K(27072K)->26762K(27072K) Class: 9071K(11072K)->9071K(11072K)
[5392.989s][info][gc             ] GC(775) Pause Young (Normal) (G1 Evacuation Pause) 7362M->2876M(8192M) 153.506ms
[5392.989s][info][gc,cpu         ] GC(775) User=1.20s Sys=0.01s Real=0.16s
... (rIR:aIR:PR = 8717:8657:8655) (tPR = 129119) [OK] 
  5395s: Performance info:
         Transaction,    Success,    Partial,     Failed,   Receipts, AvgBarcode, 
             Overall,     520647,          0,          0,     494595,      59.47, 
         Response times:
             Request,    Success,    Partial,     Failed,   SkipFail,     Probes,    Samples,      min,      p50,      p90,      p95,      p99,      max, 
       TotalPurchase,     494669,          0,          0,          0,     360409,     435915,      300,     5800,    13600,    35000,    90000,   414000,
     InStorePurchase,     259745,          0,          0,          0,     189772,     229391,      300,     5800,    13500,    37000,    90000,   414000,
      OnlinePurchase,     182339,          0,          0,          0,     132574,     160103,      300,     5800,    13600,    34000,    90000,   414000,
        InstPurchase,      52585,          0,          0,          0,      38063,      46421,      400,     5800,    13700,    37000,    88000,   359000,
          AssocOfCat,        524,          0,          0,          0,        431,        605,    28000,    45000,    67000,   102500,   201880,   374000,
      AssocOfProduct,       5254,          0,          0,          0,       3779,       4775,      600,     5900,    12300,    29000,    88000,   339000,
      BusinessReport,       1311,          0,          0,          0,       1172,       1569,    31000,    50000,    70000,    98500,   202300,   376000,
          CustBuyBeh,       5207,          0,          0,          0,       3765,       4736,      200,     5500,    12900,    36000,    86000,   160000,
       ProductReturn,      13797,          0,          0,          0,       9767,      12228,      200,     5700,    12700,    35000,    93710,   380000,

  5395s: (64%)   IR =   8856 .[5397.297s][info][gc,start       ] GC(776) Pause Young (Normal) (G1 Evacuation Pause)
[5397.297s][info][gc,task        ] GC(776) Using 8 workers of 8 for evacuation
[5397.442s][info][gc,phases      ] GC(776)   Pre Evacuate Collection Set: 0.26ms
[5397.442s][info][gc,phases      ] GC(776)   Merge Heap Roots: 0.54ms
[5397.442s][info][gc,phases      ] GC(776)   Evacuate Collection Set: 143.05ms
[5397.442s][info][gc,phases      ] GC(776)   Post Evacuate Collection Set: 1.05ms
[5397.442s][info][gc,phases      ] GC(776)   Other: 0.07ms
[5397.442s][info][gc,heap        ] GC(776) Eden regions: 562->0(559)
[5397.442s][info][gc,heap        ] GC(776) Survivor regions: 46->44(76)
[5397.442s][info][gc,heap        ] GC(776) Old regions: 285->292
[5397.442s][info][gc,heap        ] GC(776) Humongous regions: 33->33
[5397.442s][info][gc,metaspace   ] GC(776) Metaspace: 35834K(38144K)->35834K(38144K) NonClass: 26762K(27072K)->26762K(27072K) Class: 9071K(11072K)->9071K(11072K)
[5397.442s][info][gc             ] GC(776) Pause Young (Normal) (G1 Evacuation Pause) 7372M->2916M(8192M) 145.104ms
[5397.442s][info][gc,cpu         ] GC(776) User=1.15s Sys=0.00s Real=0.14s
.....[5401.563s][info][gc,start       ] GC(777) Pause Young (Normal) (G1 Evacuation Pause)
[5401.563s][info][gc,task        ] GC(777) Using 8 workers of 8 for evacuation
[5401.705s][info][gc,phases      ] GC(777)   Pre Evacuate Collection Set: 0.24ms
[5401.705s][info][gc,phases      ] GC(777)   Merge Heap Roots: 0.54ms
[5401.705s][info][gc,phases      ] GC(777)   Evacuate Collection Set: 140.65ms
[5401.705s][info][gc,phases      ] GC(777)   Post Evacuate Collection Set: 1.04ms
[5401.705s][info][gc,phases      ] GC(777)   Other: 0.06ms
[5401.705s][info][gc,heap        ] GC(777) Eden regions: 559->0(554)
[5401.705s][info][gc,heap        ] GC(777) Survivor regions: 44->43(76)
[5401.705s][info][gc,heap        ] GC(777) Old regions: 292->299
[5401.705s][info][gc,heap        ] GC(777) Humongous regions: 33->33
[5401.705s][info][gc,metaspace   ] GC(777) Metaspace: 35834K(38144K)->35834K(38144K) NonClass: 26762K(27072K)->26762K(27072K) Class: 9071K(11072K)->9071K(11072K)
[5401.705s][info][gc             ] GC(777) Pause Young (Normal) (G1 Evacuation Pause) 7388M->2966M(8192M) 142.663ms
[5401.705s][info][gc,cpu         ] GC(777) User=1.13s Sys=0.00s Real=0.14s
....[5405.932s][info][gc,start       ] GC(778) Pause Young (Normal) (G1 Evacuation Pause)
[5405.932s][info][gc,task        ] GC(778) Using 8 workers of 8 for evacuation
[5406.079s][info][gc,phases      ] GC(778)   Pre Evacuate Collection Set: 0.27ms
[5406.079s][info][gc,phases      ] GC(778)   Merge Heap Roots: 0.54ms
[5406.079s][info][gc,phases      ] GC(778)   Evacuate Collection Set: 144.13ms
[5406.079s][info][gc,phases      ] GC(778)   Post Evacuate Collection Set: 1.06ms
[5406.079s][info][gc,phases      ] GC(778)   Other: 0.06ms
[5406.079s][info][gc,heap        ] GC(778) Eden regions: 554->0(546)
[5406.079s][info][gc,heap        ] GC(778) Survivor regions: 43->43(75)
[5406.079s][info][gc,heap        ] GC(778) Old regions: 299->307
[5406.079s][info][gc,heap        ] GC(778) Humongous regions: 33->33
[5406.079s][info][gc,metaspace   ] GC(778) Metaspace: 35834K(38144K)->35834K(38144K) NonClass: 26762K(27072K)->26762K(27072K) Class: 9071K(11072K)->9071K(11072K)
[5406.079s][info][gc             ] GC(778) Pause Young (Normal) (G1 Evacuation Pause) 7398M->3032M(8192M) 146.186ms
[5406.079s][info][gc,cpu         ] GC(778) User=1.16s Sys=0.00s Real=0.15s
....[5410.045s][info][gc,start       ] GC(779) Pause Young (Concurrent Start) (G1 Evacuation Pause)
[5410.045s][info][gc,task        ] GC(779) Using 8 workers of 8 for evacuation
[5410.188s][info][gc,phases      ] GC(779)   Pre Evacuate Collection Set: 0.29ms
[5410.188s][info][gc,phases      ] GC(779)   Merge Heap Roots: 0.55ms
[5410.188s][info][gc,phases      ] GC(779)   Evacuate Collection Set: 140.43ms
[5410.188s][info][gc,phases      ] GC(779)   Post Evacuate Collection Set: 1.04ms
[5410.188s][info][gc,phases      ] GC(779)   Other: 0.08ms
[5410.188s][info][gc,heap        ] GC(779) Eden regions: 546->0(541)
[5410.188s][info][gc,heap        ] GC(779) Survivor regions: 43->42(74)
[5410.188s][info][gc,heap        ] GC(779) Old regions: 307->314
[5410.188s][info][gc,heap        ] GC(779) Humongous regions: 33->33
[5410.188s][info][gc,metaspace   ] GC(779) Metaspace: 35834K(38144K)->35834K(38144K) NonClass: 26762K(27072K)->26762K(27072K) Class: 9071K(11072K)->9071K(11072K)
[5410.188s][info][gc             ] GC(779) Pause Young (Concurrent Start) (G1 Evacuation Pause) 7400M->3078M(8192M) 142.510ms
[5410.188s][info][gc             ] GC(780) Concurrent Mark Cycle
[5410.188s][info][gc,marking     ] GC(780) Concurrent Scan Root Regions
[5410.188s][info][gc,cpu         ] GC(779) User=1.12s Sys=0.00s Real=0.15s
.[5410.478s][info][gc,marking     ] GC(780) Concurrent Scan Root Regions 290.259ms
[5410.478s][info][gc,marking     ] GC(780) Concurrent Mark
[5410.478s][info][gc,marking     ] GC(780) Concurrent Mark From Roots
[5410.478s][info][gc,task        ] GC(780) Using 2 workers of 2 for marking
.[5411.566s][info][gc,marking     ] GC(780) Concurrent Mark From Roots 1087.341ms
[5411.566s][info][gc,marking     ] GC(780) Concurrent Preclean
[5411.566s][info][gc,marking     ] GC(780) Concurrent Preclean 0.095ms
[5411.566s][info][gc,start       ] GC(780) Pause Remark
[5411.568s][info][gc             ] GC(780) Pause Remark 4638M->4014M(8192M) 2.577ms
[5411.568s][info][gc,cpu         ] GC(780) User=0.02s Sys=0.00s Real=0.01s
[5411.569s][info][gc,marking     ] GC(780) Concurrent Mark 1090.312ms
[5411.569s][info][gc,marking     ] GC(780) Concurrent Rebuild Remembered Sets and Scrub Regions
[5412.082s][info][gc,marking     ] GC(780) Concurrent Rebuild Remembered Sets and Scrub Regions 513.138ms
[5412.082s][info][gc,start       ] GC(780) Pause Cleanup
[5412.082s][info][gc             ] GC(780) Pause Cleanup 4610M->4610M(8192M) 0.271ms
[5412.082s][info][gc,cpu         ] GC(780) User=0.00s Sys=0.00s Real=0.00s
[5412.082s][info][gc,marking     ] GC(780) Concurrent Clear Claimed Marks
[5412.082s][info][gc,marking     ] GC(780) Concurrent Clear Claimed Marks 0.040ms
[5412.082s][info][gc,marking     ] GC(780) Concurrent Cleanup for Next Mark
[5412.092s][info][gc,marking     ] GC(780) Concurrent Cleanup for Next Mark 9.625ms
[5412.092s][info][gc             ] GC(780) Concurrent Mark Cycle 1904.026ms
..[5414.102s][info][gc,start       ] GC(781) Pause Young (Prepare Mixed) (G1 Evacuation Pause)
[5414.102s][info][gc,task        ] GC(781) Using 8 workers of 8 for evacuation
[5414.247s][info][gc,phases      ] GC(781)   Pre Evacuate Collection Set: 0.24ms
[5414.247s][info][gc,phases      ] GC(781)   Merge Heap Roots: 0.84ms
[5414.247s][info][gc,phases      ] GC(781)   Evacuate Collection Set: 142.85ms
[5414.247s][info][gc,phases      ] GC(781)   Post Evacuate Collection Set: 1.10ms
[5414.247s][info][gc,phases      ] GC(781)   Other: 0.06ms
[5414.247s][info][gc,heap        ] GC(781) Eden regions: 541->0(572)
[5414.247s][info][gc,heap        ] GC(781) Survivor regions: 42->42(73)
[5414.247s][info][gc,heap        ] GC(781) Old regions: 236->243
[5414.247s][info][gc,heap        ] GC(781) Humongous regions: 33->33
[5414.247s][info][gc,metaspace   ] GC(781) Metaspace: 35834K(38144K)->35834K(38144K) NonClass: 26762K(27072K)->26762K(27072K) Class: 9071K(11072K)->9071K(11072K)
[5414.247s][info][gc             ] GC(781) Pause Young (Prepare Mixed) (G1 Evacuation Pause) 6782M->2514M(8192M) 145.218ms
[5414.247s][info][gc,cpu         ] GC(781) User=1.15s Sys=0.00s Real=0.15s
.|...[5418.351s][info][gc,start       ] GC(782) Pause Young (Mixed) (G1 Evacuation Pause)
[5418.351s][info][gc,task        ] GC(782) Using 8 workers of 8 for evacuation
[5418.504s][info][gc,phases      ] GC(782)   Pre Evacuate Collection Set: 0.29ms
[5418.504s][info][gc,phases      ] GC(782)   Merge Heap Roots: 0.89ms
[5418.504s][info][gc,phases      ] GC(782)   Evacuate Collection Set: 149.69ms
[5418.504s][info][gc,phases      ] GC(782)   Post Evacuate Collection Set: 1.26ms
[5418.504s][info][gc,phases      ] GC(782)   Other: 0.07ms
[5418.504s][info][gc,heap        ] GC(782) Eden regions: 572->0(570)
[5418.504s][info][gc,heap        ] GC(782) Survivor regions: 42->44(77)
[5418.504s][info][gc,heap        ] GC(782) Old regions: 243->149
[5418.504s][info][gc,heap        ] GC(782) Humongous regions: 33->33
[5418.504s][info][gc,metaspace   ] GC(782) Metaspace: 35834K(38144K)->35834K(38144K) NonClass: 26762K(27072K)->26762K(27072K) Class: 9071K(11072K)->9071K(11072K)
[5418.504s][info][gc             ] GC(782) Pause Young (Mixed) (G1 Evacuation Pause) 7090M->1773M(8192M) 152.324ms
[5418.504s][info][gc,cpu         ] GC(782) User=1.20s Sys=0.00s Real=0.15s
.....[5422.680s][info][gc,start       ] GC(783) Pause Young (Mixed) (G1 Evacuation Pause)
[5422.680s][info][gc,task        ] GC(783) Using 8 workers of 8 for evacuation
[5422.835s][info][gc,phases      ] GC(783)   Pre Evacuate Collection Set: 0.25ms
[5422.835s][info][gc,phases      ] GC(783)   Merge Heap Roots: 0.70ms
[5422.835s][info][gc,phases      ] GC(783)   Evacuate Collection Set: 152.32ms
[5422.835s][info][gc,phases      ] GC(783)   Post Evacuate Collection Set: 1.04ms
[5422.835s][info][gc,phases      ] GC(783)   Other: 0.06ms
[5422.835s][info][gc,heap        ] GC(783) Eden regions: 570->0(570)
[5422.835s][info][gc,heap        ] GC(783) Survivor regions: 44->44(77)
[5422.835s][info][gc,heap        ] GC(783) Old regions: 149->142
[5422.835s][info][gc,heap        ] GC(783) Humongous regions: 33->33
[5422.835s][info][gc,metaspace   ] GC(783) Metaspace: 35834K(38144K)->35834K(38144K) NonClass: 26762K(27072K)->26762K(27072K) Class: 9071K(11072K)->9071K(11072K)
[5422.835s][info][gc             ] GC(783) Pause Young (Mixed) (G1 Evacuation Pause) 6333M->1723M(8192M) 154.484ms
[5422.835s][info][gc,cpu         ] GC(783) User=1.22s Sys=0.00s Real=0.15s
....[5426.994s][info][gc,start       ] GC(784) Pause Young (Normal) (G1 Evacuation Pause)
[5426.994s][info][gc,task        ] GC(784) Using 8 workers of 8 for evacuation
[5427.137s][info][gc,phases      ] GC(784)   Pre Evacuate Collection Set: 0.27ms
[5427.137s][info][gc,phases      ] GC(784)   Merge Heap Roots: 0.52ms
[5427.137s][info][gc,phases      ] GC(784)   Evacuate Collection Set: 141.83ms
[5427.137s][info][gc,phases      ] GC(784)   Post Evacuate Collection Set: 1.06ms
[5427.137s][info][gc,phases      ] GC(784)   Other: 0.06ms
[5427.137s][info][gc,heap        ] GC(784) Eden regions: 570->0(572)
[5427.137s][info][gc,heap        ] GC(784) Survivor regions: 44->42(77)
[5427.137s][info][gc,heap        ] GC(784) Old regions: 142->150
[5427.137s][info][gc,heap        ] GC(784) Humongous regions: 33->33
[5427.137s][info][gc,metaspace   ] GC(784) Metaspace: 35834K(38144K)->35834K(38144K) NonClass: 26762K(27072K)->26762K(27072K) Class: 9071K(11072K)->9071K(11072K)
[5427.137s][info][gc             ] GC(784) Pause Young (Normal) (G1 Evacuation Pause) 6283M->1765M(8192M) 143.885ms
[5427.137s][info][gc,cpu         ] GC(784) User=1.13s Sys=0.00s Real=0.15s
....[5431.330s][info][gc,start       ] GC(785) Pause Young (Normal) (G1 Evacuation Pause)
[5431.330s][info][gc,task        ] GC(785) Using 8 workers of 8 for evacuation
[5431.477s][info][gc,phases      ] GC(785)   Pre Evacuate Collection Set: 0.24ms
[5431.477s][info][gc,phases      ] GC(785)   Merge Heap Roots: 0.52ms
[5431.477s][info][gc,phases      ] GC(785)   Evacuate Collection Set: 145.28ms
[5431.477s][info][gc,phases      ] GC(785)   Post Evacuate Collection Set: 1.05ms
[5431.477s][info][gc,phases      ] GC(785)   Other: 0.06ms
[5431.477s][info][gc,heap        ] GC(785) Eden regions: 572->0(570)
[5431.477s][info][gc,heap        ] GC(785) Survivor regions: 42->44(77)
[5431.477s][info][gc,heap        ] GC(785) Old regions: 150->157
[5431.477s][info][gc,heap        ] GC(785) Humongous regions: 33->33
[5431.477s][info][gc,metaspace   ] GC(785) Metaspace: 35834K(38144K)->35834K(38144K) NonClass: 26762K(27072K)->26762K(27072K) Class: 9071K(11072K)->9071K(11072K)
[5431.477s][info][gc             ] GC(785) Pause Young (Normal) (G1 Evacuation Pause) 6341M->1836M(8192M) 147.282ms
[5431.477s][info][gc,cpu         ] GC(785) User=1.16s Sys=0.01s Real=0.15s
.....[5435.643s][info][gc,start       ] GC(786) Pause Young (Normal) (G1 Evacuation Pause)
[5435.643s][info][gc,task        ] GC(786) Using 8 workers of 8 for evacuation
[5435.792s][info][gc,phases      ] GC(786)   Pre Evacuate Collection Set: 0.27ms
[5435.792s][info][gc,phases      ] GC(786)   Merge Heap Roots: 0.56ms
[5435.792s][info][gc,phases      ] GC(786)   Evacuate Collection Set: 146.41ms
[5435.792s][info][gc,phases      ] GC(786)   Post Evacuate Collection Set: 1.05ms
[5435.792s][info][gc,phases      ] GC(786)   Other: 0.06ms
[5435.792s][info][gc,heap        ] GC(786) Eden regions: 570->0(571)
[5435.792s][info][gc,heap        ] GC(786) Survivor regions: 44->43(77)
[5435.792s][info][gc,heap        ] GC(786) Old regions: 157->164
[5435.792s][info][gc,heap        ] GC(786) Humongous regions: 33->33
[5435.792s][info][gc,metaspace   ] GC(786) Metaspace: 35834K(38144K)->35834K(38144K) NonClass: 26762K(27072K)->26762K(27072K) Class: 9071K(11072K)->9071K(11072K)
[5435.792s][info][gc             ] GC(786) Pause Young (Normal) (G1 Evacuation Pause) 6396M->1886M(8192M) 148.479ms
[5435.792s][info][gc,cpu         ] GC(786) User=1.18s Sys=0.00s Real=0.15s
....[5439.936s][info][gc,start       ] GC(787) Pause Young (Normal) (G1 Evacuation Pause)
[5439.936s][info][gc,task        ] GC(787) Using 8 workers of 8 for evacuation
[5440.088s][info][gc,phases      ] GC(787)   Pre Evacuate Collection Set: 0.23ms
[5440.088s][info][gc,phases      ] GC(787)   Merge Heap Roots: 0.54ms
[5440.088s][info][gc,phases      ] GC(787)   Evacuate Collection Set: 150.01ms
[5440.088s][info][gc,phases      ] GC(787)   Post Evacuate Collection Set: 1.03ms
[5440.088s][info][gc,phases      ] GC(787)   Other: 0.06ms
[5440.088s][info][gc,heap        ] GC(787) Eden regions: 571->0(569)
[5440.088s][info][gc,heap        ] GC(787) Survivor regions: 43->45(77)
[5440.088s][info][gc,heap        ] GC(787) Old regions: 164->171
[5440.088s][info][gc,heap        ] GC(787) Humongous regions: 33->33
[5440.088s][info][gc,metaspace   ] GC(787) Metaspace: 35834K(38144K)->35834K(38144K) NonClass: 26762K(27072K)->26762K(27072K) Class: 9071K(11072K)->9071K(11072K)
[5440.088s][info][gc             ] GC(787) Pause Young (Normal) (G1 Evacuation Pause) 6454M->1956M(8192M) 151.994ms
[5440.088s][info][gc,cpu         ] GC(787) User=1.20s Sys=0.00s Real=0.16s
....[5444.285s][info][gc,start       ] GC(788) Pause Young (Normal) (G1 Evacuation Pause)
[5444.285s][info][gc,task        ] GC(788) Using 8 workers of 8 for evacuation
[5444.429s][info][gc,phases      ] GC(788)   Pre Evacuate Collection Set: 0.24ms
[5444.429s][info][gc,phases      ] GC(788)   Merge Heap Roots: 0.54ms
[5444.429s][info][gc,phases      ] GC(788)   Evacuate Collection Set: 142.58ms
[5444.429s][info][gc,phases      ] GC(788)   Post Evacuate Collection Set: 1.03ms
[5444.429s][info][gc,phases      ] GC(788)   Other: 0.06ms
[5444.429s][info][gc,heap        ] GC(788) Eden regions: 569->0(571)
[5444.429s][info][gc,heap        ] GC(788) Survivor regions: 45->43(77)
[5444.429s][info][gc,heap        ] GC(788) Old regions: 171->178
[5444.429s][info][gc,heap        ] GC(788) Humongous regions: 33->33
[5444.429s][info][gc,metaspace   ] GC(788) Metaspace: 35834K(38144K)->35834K(38144K) NonClass: 26762K(27072K)->26762K(27072K) Class: 9071K(11072K)->9071K(11072K)
[5444.429s][info][gc             ] GC(788) Pause Young (Normal) (G1 Evacuation Pause) 6508M->1997M(8192M) 144.572ms
[5444.429s][info][gc,cpu         ] GC(788) User=1.14s Sys=0.00s Real=0.15s
.....[5448.768s][info][gc,start       ] GC(789) Pause Young (Normal) (G1 Evacuation Pause)
[5448.768s][info][gc,task        ] GC(789) Using 8 workers of 8 for evacuation
[5448.920s][info][gc,phases      ] GC(789)   Pre Evacuate Collection Set: 0.23ms
[5448.920s][info][gc,phases      ] GC(789)   Merge Heap Roots: 0.54ms
[5448.920s][info][gc,phases      ] GC(789)   Evacuate Collection Set: 149.38ms
[5448.920s][info][gc,phases      ] GC(789)   Post Evacuate Collection Set: 1.04ms
[5448.920s][info][gc,phases      ] GC(789)   Other: 0.06ms
[5448.920s][info][gc,heap        ] GC(789) Eden regions: 571->0(569)
[5448.920s][info][gc,heap        ] GC(789) Survivor regions: 43->45(77)
[5448.920s][info][gc,heap        ] GC(789) Old regions: 178->185
[5448.920s][info][gc,heap        ] GC(789) Humongous regions: 33->33
[5448.920s][info][gc,metaspace   ] GC(789) Metaspace: 35834K(38144K)->35834K(38144K) NonClass: 26762K(27072K)->26762K(27072K) Class: 9071K(11072K)->9071K(11072K)
[5448.920s][info][gc             ] GC(789) Pause Young (Normal) (G1 Evacuation Pause) 6565M->2076M(8192M) 151.381ms
[5448.920s][info][gc,cpu         ] GC(789) User=1.20s Sys=0.00s Real=0.15s
....[5453.136s][info][gc,start       ] GC(790) Pause Young (Normal) (G1 Evacuation Pause)
[5453.136s][info][gc,task        ] GC(790) Using 8 workers of 8 for evacuation
[5453.277s][info][gc,phases      ] GC(790)   Pre Evacuate Collection Set: 0.30ms
[5453.277s][info][gc,phases      ] GC(790)   Merge Heap Roots: 0.60ms
[5453.277s][info][gc,phases      ] GC(790)   Evacuate Collection Set: 138.59ms
[5453.277s][info][gc,phases      ] GC(790)   Post Evacuate Collection Set: 1.04ms
[5453.277s][info][gc,phases      ] GC(790)   Other: 0.07ms
[5453.277s][info][gc,heap        ] GC(790) Eden regions: 569->0(571)
[5453.277s][info][gc,heap        ] GC(790) Survivor regions: 45->43(77)
[5453.277s][info][gc,heap        ] GC(790) Old regions: 185->192
[5453.277s][info][gc,heap        ] GC(790) Humongous regions: 33->33
[5453.277s][info][gc,metaspace   ] GC(790) Metaspace: 35834K(38144K)->35834K(38144K) NonClass: 26762K(27072K)->26762K(27072K) Class: 9071K(11072K)->9071K(11072K)
[5453.277s][info][gc             ] GC(790) Pause Young (Normal) (G1 Evacuation Pause) 6628M->2112M(8192M) 140.731ms
[5453.277s][info][gc,cpu         ] GC(790) User=1.11s Sys=0.00s Real=0.14s
....[5457.473s][info][gc,start       ] GC(791) Pause Young (Normal) (G1 Evacuation Pause)
[5457.473s][info][gc,task        ] GC(791) Using 8 workers of 8 for evacuation
[5457.617s][info][gc,phases      ] GC(791)   Pre Evacuate Collection Set: 0.26ms
[5457.617s][info][gc,phases      ] GC(791)   Merge Heap Roots: 0.61ms
[5457.617s][info][gc,phases      ] GC(791)   Evacuate Collection Set: 141.61ms
[5457.617s][info][gc,phases      ] GC(791)   Post Evacuate Collection Set: 1.08ms
[5457.617s][info][gc,phases      ] GC(791)   Other: 0.06ms
[5457.617s][info][gc,heap        ] GC(791) Eden regions: 571->0(571)
[5457.617s][info][gc,heap        ] GC(791) Survivor regions: 43->43(77)
[5457.617s][info][gc,heap        ] GC(791) Old regions: 192->200
[5457.617s][info][gc,heap        ] GC(791) Humongous regions: 33->33
[5457.617s][info][gc,metaspace   ] GC(791) Metaspace: 35834K(38144K)->35834K(38144K) NonClass: 26762K(27072K)->26762K(27072K) Class: 9071K(11072K)->9071K(11072K)
[5457.617s][info][gc             ] GC(791) Pause Young (Normal) (G1 Evacuation Pause) 6680M->2173M(8192M) 143.759ms
[5457.617s][info][gc,cpu         ] GC(791) User=1.13s Sys=0.00s Real=0.14s
.....[5461.881s][info][gc,start       ] GC(792) Pause Young (Normal) (G1 Evacuation Pause)
[5461.881s][info][gc,task        ] GC(792) Using 8 workers of 8 for evacuation
[5462.025s][info][gc,phases      ] GC(792)   Pre Evacuate Collection Set: 0.26ms
[5462.025s][info][gc,phases      ] GC(792)   Merge Heap Roots: 0.53ms
[5462.025s][info][gc,phases      ] GC(792)   Evacuate Collection Set: 142.07ms
[5462.025s][info][gc,phases      ] GC(792)   Post Evacuate Collection Set: 1.04ms
[5462.025s][info][gc,phases      ] GC(792)   Other: 0.08ms
[5462.025s][info][gc,heap        ] GC(792) Eden regions: 571->0(571)
[5462.025s][info][gc,heap        ] GC(792) Survivor regions: 43->43(77)
[5462.025s][info][gc,heap        ] GC(792) Old regions: 200->207
[5462.025s][info][gc,heap        ] GC(792) Humongous regions: 33->33
[5462.025s][info][gc,metaspace   ] GC(792) Metaspace: 35834K(38144K)->35834K(38144K) NonClass: 26762K(27072K)->26762K(27072K) Class: 9071K(11072K)->9071K(11072K)
[5462.025s][info][gc             ] GC(792) Pause Young (Normal) (G1 Evacuation Pause) 6741M->2230M(8192M) 144.102ms
[5462.025s][info][gc,cpu         ] GC(792) User=1.14s Sys=0.00s Real=0.14s
....[5466.272s][info][gc,start       ] GC(793) Pause Young (Normal) (G1 Evacuation Pause)
[5466.272s][info][gc,task        ] GC(793) Using 8 workers of 8 for evacuation
[5466.416s][info][gc,phases      ] GC(793)   Pre Evacuate Collection Set: 0.26ms
[5466.416s][info][gc,phases      ] GC(793)   Merge Heap Roots: 0.58ms
[5466.416s][info][gc,phases      ] GC(793)   Evacuate Collection Set: 142.00ms
[5466.416s][info][gc,phases      ] GC(793)   Post Evacuate Collection Set: 1.04ms
[5466.416s][info][gc,phases      ] GC(793)   Other: 0.08ms
[5466.416s][info][gc,heap        ] GC(793) Eden regions: 571->0(571)
[5466.416s][info][gc,heap        ] GC(793) Survivor regions: 43->43(77)
[5466.416s][info][gc,heap        ] GC(793) Old regions: 207->214
[5466.416s][info][gc,heap        ] GC(793) Humongous regions: 33->33
[5466.416s][info][gc,metaspace   ] GC(793) Metaspace: 35834K(38144K)->35834K(38144K) NonClass: 26762K(27072K)->26762K(27072K) Class: 9071K(11072K)->9071K(11072K)
[5466.416s][info][gc             ] GC(793) Pause Young (Normal) (G1 Evacuation Pause) 6798M->2285M(8192M) 144.112ms
[5466.416s][info][gc,cpu         ] GC(793) User=1.14s Sys=0.00s Real=0.14s
.....[5470.640s][info][gc,start       ] GC(794) Pause Young (Normal) (G1 Evacuation Pause)
[5470.640s][info][gc,task        ] GC(794) Using 8 workers of 8 for evacuation
[5470.787s][info][gc,phases      ] GC(794)   Pre Evacuate Collection Set: 0.24ms
[5470.787s][info][gc,phases      ] GC(794)   Merge Heap Roots: 0.52ms
[5470.787s][info][gc,phases      ] GC(794)   Evacuate Collection Set: 145.19ms
[5470.787s][info][gc,phases      ] GC(794)   Post Evacuate Collection Set: 1.03ms
[5470.787s][info][gc,phases      ] GC(794)   Other: 0.07ms
[5470.787s][info][gc,heap        ] GC(794) Eden regions: 571->0(570)
[5470.787s][info][gc,heap        ] GC(794) Survivor regions: 43->44(77)
[5470.787s][info][gc,heap        ] GC(794) Old regions: 214->221
[5470.787s][info][gc,heap        ] GC(794) Humongous regions: 33->33
[5470.787s][info][gc,metaspace   ] GC(794) Metaspace: 35834K(38144K)->35834K(38144K) NonClass: 26762K(27072K)->26762K(27072K) Class: 9071K(11072K)->9071K(11072K)
[5470.787s][info][gc             ] GC(794) Pause Young (Normal) (G1 Evacuation Pause) 6853M->2352M(8192M) 147.180ms
[5470.787s][info][gc,cpu         ] GC(794) User=1.16s Sys=0.00s Real=0.15s
.... (rIR:aIR:PR = 8856:8847:8848) (tPR = 130919) [OK] 
  5474s: Performance info:
         Transaction,    Success,    Partial,     Failed,   Receipts, AvgBarcode, 
             Overall,     532351,          0,          0,     505719,      59.48, 
         Response times:
             Request,    Success,    Partial,     Failed,   SkipFail,     Probes,    Samples,      min,      p50,      p90,      p95,      p99,      max, 
       TotalPurchase,     505733,          0,          0,          0,     359002,     477057,      300,     5700,    15800,    40000,   101000,   459000,
     InStorePurchase,     266768,          0,          0,          0,     188501,     249926,      300,     5700,    15800,    41000,   101000,   459000,
      OnlinePurchase,     185891,          0,          0,          0,     132931,     176629,      300,     5800,    15700,    40000,   101000,   459000,
        InstPurchase,      53074,          0,          0,          0,      37570,      50502,      400,     5900,    15700,    37000,   100000,   459000,
          AssocOfCat,        531,          0,          0,          0,        451,        749,    30000,    45000,    68000,    91500,   185000,   228000,
      AssocOfProduct,       5356,          0,          0,          0,       3839,       5328,      700,     6200,    16000,    47000,   105420,   300000,
      BusinessReport,       1336,          0,          0,          0,       1175,       1655,    25000,    52000,    80000,   112000,   209320,   405000,
          CustBuyBeh,       5315,          0,          0,          0,       3784,       5270,      300,     6000,    17090,    50000,   100000,   280000,
       ProductReturn,      14037,          0,          0,          0,       9985,      13505,      200,     6000,    15900,    44000,   103000,   433000,

  5474s: (65%)   IR =   8994 [5474.983s][info][gc,start       ] GC(795) Pause Young (Normal) (G1 Evacuation Pause)
[5474.983s][info][gc,task        ] GC(795) Using 8 workers of 8 for evacuation
[5475.129s][info][gc,phases      ] GC(795)   Pre Evacuate Collection Set: 0.26ms
[5475.129s][info][gc,phases      ] GC(795)   Merge Heap Roots: 0.55ms
[5475.129s][info][gc,phases      ] GC(795)   Evacuate Collection Set: 144.05ms
[5475.129s][info][gc,phases      ] GC(795)   Post Evacuate Collection Set: 1.13ms
[5475.129s][info][gc,phases      ] GC(795)   Other: 0.06ms
[5475.129s][info][gc,heap        ] GC(795) Eden regions: 570->0(571)
[5475.129s][info][gc,heap        ] GC(795) Survivor regions: 44->43(77)
[5475.129s][info][gc,heap        ] GC(795) Old regions: 221->228
[5475.129s][info][gc,heap        ] GC(795) Humongous regions: 33->33
[5475.129s][info][gc,metaspace   ] GC(795) Metaspace: 35834K(38144K)->35834K(38144K) NonClass: 26762K(27072K)->26762K(27072K) Class: 9071K(11072K)->9071K(11072K)
[5475.129s][info][gc             ] GC(795) Pause Young (Normal) (G1 Evacuation Pause) 6912M->2404M(8192M) 146.194ms
[5475.129s][info][gc,cpu         ] GC(795) User=1.15s Sys=0.00s Real=0.15s
....[5479.108s][info][gc,start       ] GC(796) Pause Young (Normal) (G1 Evacuation Pause)
[5479.108s][info][gc,task        ] GC(796) Using 8 workers of 8 for evacuation
[5479.249s][info][gc,phases      ] GC(796)   Pre Evacuate Collection Set: 0.25ms
[5479.249s][info][gc,phases      ] GC(796)   Merge Heap Roots: 0.52ms
[5479.249s][info][gc,phases      ] GC(796)   Evacuate Collection Set: 139.29ms
[5479.249s][info][gc,phases      ] GC(796)   Post Evacuate Collection Set: 1.05ms
[5479.249s][info][gc,phases      ] GC(796)   Other: 0.07ms
[5479.249s][info][gc,heap        ] GC(796) Eden regions: 571->0(572)
[5479.249s][info][gc,heap        ] GC(796) Survivor regions: 43->42(77)
[5479.249s][info][gc,heap        ] GC(796) Old regions: 228->236
[5479.249s][info][gc,heap        ] GC(796) Humongous regions: 33->33
[5479.249s][info][gc,metaspace   ] GC(796) Metaspace: 35834K(38144K)->35834K(38144K) NonClass: 26762K(27072K)->26762K(27072K) Class: 9071K(11072K)->9071K(11072K)
[5479.249s][info][gc             ] GC(796) Pause Young (Normal) (G1 Evacuation Pause) 6972M->2453M(8192M) 141.326ms
[5479.249s][info][gc,cpu         ] GC(796) User=1.12s Sys=0.00s Real=0.14s
....[5483.492s][info][gc,start       ] GC(797) Pause Young (Normal) (G1 Evacuation Pause)
[5483.492s][info][gc,task        ] GC(797) Using 8 workers of 8 for evacuation
[5483.640s][info][gc,phases      ] GC(797)   Pre Evacuate Collection Set: 0.27ms
[5483.640s][info][gc,phases      ] GC(797)   Merge Heap Roots: 0.55ms
[5483.640s][info][gc,phases      ] GC(797)   Evacuate Collection Set: 146.02ms
[5483.640s][info][gc,phases      ] GC(797)   Post Evacuate Collection Set: 1.08ms
[5483.640s][info][gc,phases      ] GC(797)   Other: 0.06ms
[5483.640s][info][gc,heap        ] GC(797) Eden regions: 572->0(570)
[5483.640s][info][gc,heap        ] GC(797) Survivor regions: 42->44(77)
[5483.640s][info][gc,heap        ] GC(797) Old regions: 236->243
[5483.640s][info][gc,heap        ] GC(797) Humongous regions: 33->33
[5483.640s][info][gc,metaspace   ] GC(797) Metaspace: 35834K(38144K)->35834K(38144K) NonClass: 26762K(27072K)->26762K(27072K) Class: 9071K(11072K)->9071K(11072K)
[5483.640s][info][gc             ] GC(797) Pause Young (Normal) (G1 Evacuation Pause) 7029M->2522M(8192M) 148.104ms
[5483.640s][info][gc,cpu         ] GC(797) User=1.17s Sys=0.00s Real=0.15s
..|..[5487.697s][info][gc,start       ] GC(798) Pause Young (Normal) (G1 Evacuation Pause)
[5487.697s][info][gc,task        ] GC(798) Using 8 workers of 8 for evacuation
[5487.843s][info][gc,phases      ] GC(798)   Pre Evacuate Collection Set: 0.24ms
[5487.843s][info][gc,phases      ] GC(798)   Merge Heap Roots: 0.54ms
[5487.843s][info][gc,phases      ] GC(798)   Evacuate Collection Set: 143.77ms
[5487.843s][info][gc,phases      ] GC(798)   Post Evacuate Collection Set: 1.08ms
[5487.843s][info][gc,phases      ] GC(798)   Other: 0.06ms
[5487.843s][info][gc,heap        ] GC(798) Eden regions: 570->0(571)
[5487.843s][info][gc,heap        ] GC(798) Survivor regions: 44->43(77)
[5487.843s][info][gc,heap        ] GC(798) Old regions: 243->250
[5487.843s][info][gc,heap        ] GC(798) Humongous regions: 33->33
[5487.843s][info][gc,metaspace   ] GC(798) Metaspace: 35834K(38144K)->35834K(38144K) NonClass: 26762K(27072K)->26762K(27072K) Class: 9071K(11072K)->9071K(11072K)
[5487.843s][info][gc             ] GC(798) Pause Young (Normal) (G1 Evacuation Pause) 7082M->2572M(8192M) 145.810ms
[5487.843s][info][gc,cpu         ] GC(798) User=1.15s Sys=0.00s Real=0.14s
.....[5491.982s][info][gc,start       ] GC(799) Pause Young (Normal) (G1 Evacuation Pause)
[5491.982s][info][gc,task        ] GC(799) Using 8 workers of 8 for evacuation
[5492.125s][info][gc,phases      ] GC(799)   Pre Evacuate Collection Set: 0.26ms
[5492.125s][info][gc,phases      ] GC(799)   Merge Heap Roots: 0.54ms
[5492.125s][info][gc,phases      ] GC(799)   Evacuate Collection Set: 140.57ms
[5492.125s][info][gc,phases      ] GC(799)   Post Evacuate Collection Set: 1.04ms
[5492.125s][info][gc,phases      ] GC(799)   Other: 0.06ms
[5492.125s][info][gc,heap        ] GC(799) Eden regions: 571->0(571)
[5492.125s][info][gc,heap        ] GC(799) Survivor regions: 43->43(77)
[5492.125s][info][gc,heap        ] GC(799) Old regions: 250->257
[5492.125s][info][gc,heap        ] GC(799) Humongous regions: 33->33
[5492.125s][info][gc,metaspace   ] GC(799) Metaspace: 35834K(38144K)->35834K(38144K) NonClass: 26762K(27072K)->26762K(27072K) Class: 9071K(11072K)->9071K(11072K)
[5492.125s][info][gc             ] GC(799) Pause Young (Normal) (G1 Evacuation Pause) 7140M->2628M(8192M) 142.606ms
[5492.125s][info][gc,cpu         ] GC(799) User=1.12s Sys=0.00s Real=0.14s
....[5496.201s][info][gc,start       ] GC(800) Pause Young (Normal) (G1 Evacuation Pause)
[5496.201s][info][gc,task        ] GC(800) Using 8 workers of 8 for evacuation
[5496.343s][info][gc,phases      ] GC(800)   Pre Evacuate Collection Set: 0.25ms
[5496.343s][info][gc,phases      ] GC(800)   Merge Heap Roots: 0.57ms
[5496.343s][info][gc,phases      ] GC(800)   Evacuate Collection Set: 139.84ms
[5496.343s][info][gc,phases      ] GC(800)   Post Evacuate Collection Set: 1.05ms
[5496.343s][info][gc,phases      ] GC(800)   Other: 0.06ms
[5496.343s][info][gc,heap        ] GC(800) Eden regions: 571->0(571)
[5496.343s][info][gc,heap        ] GC(800) Survivor regions: 43->43(77)
[5496.343s][info][gc,heap        ] GC(800) Old regions: 257->264
[5496.343s][info][gc,heap        ] GC(800) Humongous regions: 33->33
[5496.343s][info][gc,metaspace   ] GC(800) Metaspace: 35834K(38144K)->35834K(38144K) NonClass: 26762K(27072K)->26762K(27072K) Class: 9071K(11072K)->9071K(11072K)
[5496.343s][info][gc             ] GC(800) Pause Young (Normal) (G1 Evacuation Pause) 7196M->2686M(8192M) 141.913ms
[5496.343s][info][gc,cpu         ] GC(800) User=1.12s Sys=0.00s Real=0.14s
....[5500.409s][info][gc,start       ] GC(801) Pause Young (Normal) (G1 Evacuation Pause)
[5500.409s][info][gc,task        ] GC(801) Using 8 workers of 8 for evacuation
[5500.558s][info][gc,phases      ] GC(801)   Pre Evacuate Collection Set: 0.23ms
[5500.558s][info][gc,phases      ] GC(801)   Merge Heap Roots: 0.52ms
[5500.558s][info][gc,phases      ] GC(801)   Evacuate Collection Set: 146.96ms
[5500.558s][info][gc,phases      ] GC(801)   Post Evacuate Collection Set: 1.05ms
[5500.558s][info][gc,phases      ] GC(801)   Other: 0.06ms
[5500.558s][info][gc,heap        ] GC(801) Eden regions: 571->0(570)
[5500.558s][info][gc,heap        ] GC(801) Survivor regions: 43->44(77)
[5500.558s][info][gc,heap        ] GC(801) Old regions: 264->271
[5500.558s][info][gc,heap        ] GC(801) Humongous regions: 33->33
[5500.558s][info][gc,metaspace   ] GC(801) Metaspace: 35834K(38144K)->35834K(38144K) NonClass: 26762K(27072K)->26762K(27072K) Class: 9071K(11072K)->9071K(11072K)
[5500.558s][info][gc             ] GC(801) Pause Young (Normal) (G1 Evacuation Pause) 7254M->2754M(8192M) 148.949ms
[5500.558s][info][gc,cpu         ] GC(801) User=1.18s Sys=0.00s Real=0.15s
....[5504.645s][info][gc,start       ] GC(802) Pause Young (Normal) (G1 Evacuation Pause)
[5504.645s][info][gc,task        ] GC(802) Using 8 workers of 8 for evacuation
[5504.798s][info][gc,phases      ] GC(802)   Pre Evacuate Collection Set: 0.27ms
[5504.798s][info][gc,phases      ] GC(802)   Merge Heap Roots: 0.54ms
[5504.798s][info][gc,phases      ] GC(802)   Evacuate Collection Set: 151.09ms
[5504.798s][info][gc,phases      ] GC(802)   Post Evacuate Collection Set: 1.04ms
[5504.798s][info][gc,phases      ] GC(802)   Other: 0.06ms
[5504.798s][info][gc,heap        ] GC(802) Eden regions: 570->0(569)
[5504.798s][info][gc,heap        ] GC(802) Survivor regions: 44->45(77)
[5504.798s][info][gc,heap        ] GC(802) Old regions: 271->278
[5504.798s][info][gc,heap        ] GC(802) Humongous regions: 33->33
[5504.798s][info][gc,metaspace   ] GC(802) Metaspace: 35834K(38144K)->35834K(38144K) NonClass: 26762K(27072K)->26762K(27072K) Class: 9071K(11072K)->9071K(11072K)
[5504.798s][info][gc             ] GC(802) Pause Young (Normal) (G1 Evacuation Pause) 7314M->2815M(8192M) 153.115ms
[5504.798s][info][gc,cpu         ] GC(802) User=1.22s Sys=0.00s Real=0.16s
....[5508.800s][info][gc,start       ] GC(803) Pause Young (Normal) (G1 Evacuation Pause)
[5508.800s][info][gc,task        ] GC(803) Using 8 workers of 8 for evacuation
[5508.949s][info][gc,phases      ] GC(803)   Pre Evacuate Collection Set: 0.23ms
[5508.949s][info][gc,phases      ] GC(803)   Merge Heap Roots: 0.53ms
[5508.949s][info][gc,phases      ] GC(803)   Evacuate Collection Set: 146.90ms
[5508.949s][info][gc,phases      ] GC(803)   Post Evacuate Collection Set: 1.06ms
[5508.949s][info][gc,phases      ] GC(803)   Other: 0.06ms
[5508.949s][info][gc,heap        ] GC(803) Eden regions: 569->0(568)
[5508.949s][info][gc,heap        ] GC(803) Survivor regions: 45->43(77)
[5508.949s][info][gc,heap        ] GC(803) Old regions: 278->285
[5508.949s][info][gc,heap        ] GC(803) Humongous regions: 33->33
[5508.949s][info][gc,metaspace   ] GC(803) Metaspace: 35834K(38144K)->35834K(38144K) NonClass: 26762K(27072K)->26762K(27072K) Class: 9071K(11072K)->9071K(11072K)
[5508.949s][info][gc             ] GC(803) Pause Young (Normal) (G1 Evacuation Pause) 7367M->2860M(8192M) 148.945ms
[5508.949s][info][gc,cpu         ] GC(803) User=1.18s Sys=0.00s Real=0.15s
.....[5513.129s][info][gc,start       ] GC(804) Pause Young (Normal) (G1 Evacuation Pause)
[5513.129s][info][gc,task        ] GC(804) Using 8 workers of 8 for evacuation
[5513.273s][info][gc,phases      ] GC(804)   Pre Evacuate Collection Set: 0.26ms
[5513.273s][info][gc,phases      ] GC(804)   Merge Heap Roots: 0.53ms
[5513.273s][info][gc,phases      ] GC(804)   Evacuate Collection Set: 142.54ms
[5513.273s][info][gc,phases      ] GC(804)   Post Evacuate Collection Set: 1.02ms
[5513.273s][info][gc,phases      ] GC(804)   Other: 0.06ms
[5513.273s][info][gc,heap        ] GC(804) Eden regions: 568->0(561)
[5513.273s][info][gc,heap        ] GC(804) Survivor regions: 43->43(77)
[5513.273s][info][gc,heap        ] GC(804) Old regions: 285->292
[5513.273s][info][gc,heap        ] GC(804) Humongous regions: 33->33
[5513.273s][info][gc,metaspace   ] GC(804) Metaspace: 35834K(38144K)->35834K(38144K) NonClass: 26762K(27072K)->26762K(27072K) Class: 9071K(11072K)->9071K(11072K)
[5513.273s][info][gc             ] GC(804) Pause Young (Normal) (G1 Evacuation Pause) 7404M->2912M(8192M) 144.553ms
[5513.273s][info][gc,cpu         ] GC(804) User=1.15s Sys=0.00s Real=0.14s
....[5517.235s][info][gc,start       ] GC(805) Pause Young (Normal) (G1 Evacuation Pause)
[5517.235s][info][gc,task        ] GC(805) Using 8 workers of 8 for evacuation
[5517.381s][info][gc,phases      ] GC(805)   Pre Evacuate Collection Set: 0.27ms
[5517.381s][info][gc,phases      ] GC(805)   Merge Heap Roots: 0.59ms
[5517.381s][info][gc,phases      ] GC(805)   Evacuate Collection Set: 144.46ms
[5517.381s][info][gc,phases      ] GC(805)   Post Evacuate Collection Set: 1.04ms
[5517.381s][info][gc,phases      ] GC(805)   Other: 0.06ms
[5517.381s][info][gc,heap        ] GC(805) Eden regions: 561->0(555)
[5517.381s][info][gc,heap        ] GC(805) Survivor regions: 43->42(76)
[5517.381s][info][gc,heap        ] GC(805) Old regions: 292->300
[5517.381s][info][gc,heap        ] GC(805) Humongous regions: 33->33
[5517.382s][info][gc,metaspace   ] GC(805) Metaspace: 35834K(38144K)->35834K(38144K) NonClass: 26762K(27072K)->26762K(27072K) Class: 9071K(11072K)->9071K(11072K)
[5517.382s][info][gc             ] GC(805) Pause Young (Normal) (G1 Evacuation Pause) 7400M->2965M(8192M) 146.539ms
[5517.382s][info][gc,cpu         ] GC(805) User=1.16s Sys=0.00s Real=0.15s
....[5521.286s][info][gc,start       ] GC(806) Pause Young (Normal) (G1 Evacuation Pause)
[5521.287s][info][gc,task        ] GC(806) Using 8 workers of 8 for evacuation
[5521.435s][info][gc,phases      ] GC(806)   Pre Evacuate Collection Set: 0.22ms
[5521.435s][info][gc,phases      ] GC(806)   Merge Heap Roots: 0.55ms
[5521.435s][info][gc,phases      ] GC(806)   Evacuate Collection Set: 147.06ms
[5521.435s][info][gc,phases      ] GC(806)   Post Evacuate Collection Set: 1.01ms
[5521.435s][info][gc,phases      ] GC(806)   Other: 0.07ms
[5521.435s][info][gc,heap        ] GC(806) Eden regions: 555->0(546)
[5521.435s][info][gc,heap        ] GC(806) Survivor regions: 42->43(75)
[5521.436s][info][gc,heap        ] GC(806) Old regions: 300->307
[5521.436s][info][gc,heap        ] GC(806) Humongous regions: 33->33
[5521.436s][info][gc,metaspace   ] GC(806) Metaspace: 35834K(38144K)->35834K(38144K) NonClass: 26762K(27072K)->26762K(27072K) Class: 9071K(11072K)->9071K(11072K)
[5521.436s][info][gc             ] GC(806) Pause Young (Normal) (G1 Evacuation Pause) 7405M->3034M(8192M) 149.044ms
[5521.436s][info][gc,cpu         ] GC(806) User=1.18s Sys=0.00s Real=0.15s
....[5525.489s][info][gc,start       ] GC(807) Pause Young (Concurrent Start) (G1 Evacuation Pause)
[5525.489s][info][gc,task        ] GC(807) Using 8 workers of 8 for evacuation
[5525.641s][info][gc,phases      ] GC(807)   Pre Evacuate Collection Set: 0.28ms
[5525.641s][info][gc,phases      ] GC(807)   Merge Heap Roots: 0.57ms
[5525.641s][info][gc,phases      ] GC(807)   Evacuate Collection Set: 149.35ms
[5525.641s][info][gc,phases      ] GC(807)   Post Evacuate Collection Set: 1.03ms
[5525.641s][info][gc,phases      ] GC(807)   Other: 0.09ms
[5525.641s][info][gc,heap        ] GC(807) Eden regions: 546->0(538)
[5525.641s][info][gc,heap        ] GC(807) Survivor regions: 43->43(74)
[5525.641s][info][gc,heap        ] GC(807) Old regions: 307->315
[5525.641s][info][gc,heap        ] GC(807) Humongous regions: 33->33
[5525.641s][info][gc,metaspace   ] GC(807) Metaspace: 35834K(38144K)->35834K(38144K) NonClass: 26762K(27072K)->26762K(27072K) Class: 9071K(11072K)->9071K(11072K)
[5525.641s][info][gc             ] GC(807) Pause Young (Concurrent Start) (G1 Evacuation Pause) 7402M->3094M(8192M) 151.455ms
[5525.641s][info][gc             ] GC(808) Concurrent Mark Cycle
[5525.641s][info][gc,marking     ] GC(808) Concurrent Scan Root Regions
[5525.641s][info][gc,cpu         ] GC(807) User=1.20s Sys=0.00s Real=0.15s
.[5526.141s][info][gc,marking     ] GC(808) Concurrent Scan Root Regions 500.198ms
[5526.141s][info][gc,marking     ] GC(808) Concurrent Mark
[5526.141s][info][gc,marking     ] GC(808) Concurrent Mark From Roots
[5526.141s][info][gc,task        ] GC(808) Using 2 workers of 2 for marking
.[5527.239s][info][gc,marking     ] GC(808) Concurrent Mark From Roots 1097.837ms
[5527.239s][info][gc,marking     ] GC(808) Concurrent Preclean
[5527.239s][info][gc,marking     ] GC(808) Concurrent Preclean 0.063ms
[5527.239s][info][gc,start       ] GC(808) Pause Remark
[5527.242s][info][gc             ] GC(808) Pause Remark 4922M->4314M(8192M) 2.401ms
[5527.242s][info][gc,cpu         ] GC(808) User=0.01s Sys=0.00s Real=0.00s
[5527.242s][info][gc,marking     ] GC(808) Concurrent Mark 1100.573ms
[5527.242s][info][gc,marking     ] GC(808) Concurrent Rebuild Remembered Sets and Scrub Regions
[5527.794s][info][gc,marking     ] GC(808) Concurrent Rebuild Remembered Sets and Scrub Regions 552.093ms
[5527.794s][info][gc,start       ] GC(808) Pause Cleanup
[5527.794s][info][gc             ] GC(808) Pause Cleanup 4924M->4924M(8192M) 0.233ms
[5527.794s][info][gc,cpu         ] GC(808) User=0.00s Sys=0.00s Real=0.00s
[5527.794s][info][gc,marking     ] GC(808) Concurrent Clear Claimed Marks
[5527.794s][info][gc,marking     ] GC(808) Concurrent Clear Claimed Marks 0.041ms
[5527.794s][info][gc,marking     ] GC(808) Concurrent Cleanup for Next Mark
[5527.804s][info][gc,marking     ] GC(808) Concurrent Cleanup for Next Mark 10.084ms
[5527.804s][info][gc             ] GC(808) Concurrent Mark Cycle 2163.587ms
..[5529.527s][info][gc,start       ] GC(809) Pause Young (Prepare Mixed) (G1 Evacuation Pause)
[5529.527s][info][gc,task        ] GC(809) Using 8 workers of 8 for evacuation
[5529.674s][info][gc,phases      ] GC(809)   Pre Evacuate Collection Set: 0.24ms
[5529.674s][info][gc,phases      ] GC(809)   Merge Heap Roots: 0.74ms
[5529.674s][info][gc,phases      ] GC(809)   Evacuate Collection Set: 145.14ms
[5529.674s][info][gc,phases      ] GC(809)   Post Evacuate Collection Set: 1.12ms
[5529.674s][info][gc,phases      ] GC(809)   Other: 0.07ms
[5529.674s][info][gc,heap        ] GC(809) Eden regions: 538->0(572)
[5529.674s][info][gc,heap        ] GC(809) Survivor regions: 43->42(73)
[5529.674s][info][gc,heap        ] GC(809) Old regions: 239->247
[5529.674s][info][gc,heap        ] GC(809) Humongous regions: 33->33
[5529.674s][info][gc,metaspace   ] GC(809) Metaspace: 35834K(38144K)->35834K(38144K) NonClass: 26762K(27072K)->26762K(27072K) Class: 9071K(11072K)->9071K(11072K)
[5529.674s][info][gc             ] GC(809) Pause Young (Prepare Mixed) (G1 Evacuation Pause) 6790M->2542M(8192M) 147.437ms
[5529.674s][info][gc,cpu         ] GC(809) User=1.17s Sys=0.01s Real=0.15s
....[5533.791s][info][gc,start       ] GC(810) Pause Young (Mixed) (G1 Evacuation Pause)
[5533.791s][info][gc,task        ] GC(810) Using 8 workers of 8 for evacuation
[5533.947s][info][gc,phases      ] GC(810)   Pre Evacuate Collection Set: 0.27ms
[5533.947s][info][gc,phases      ] GC(810)   Merge Heap Roots: 0.86ms
[5533.947s][info][gc,phases      ] GC(810)   Evacuate Collection Set: 152.89ms
[5533.947s][info][gc,phases      ] GC(810)   Post Evacuate Collection Set: 1.26ms
[5533.947s][info][gc,phases      ] GC(810)   Other: 0.08ms
[5533.947s][info][gc,heap        ] GC(810) Eden regions: 572->0(572)
[5533.947s][info][gc,heap        ] GC(810) Survivor regions: 42->42(77)
[5533.947s][info][gc,heap        ] GC(810) Old regions: 247->152
[5533.947s][info][gc,heap        ] GC(810) Humongous regions: 33->33
[5533.947s][info][gc,metaspace   ] GC(810) Metaspace: 35834K(38144K)->35834K(38144K) NonClass: 26762K(27072K)->26762K(27072K) Class: 9071K(11072K)->9071K(11072K)
[5533.947s][info][gc             ] GC(810) Pause Young (Mixed) (G1 Evacuation Pause) 7118M->1787M(8192M) 155.508ms
[5533.947s][info][gc,cpu         ] GC(810) User=1.22s Sys=0.00s Real=0.15s
.....[5538.032s][info][gc,start       ] GC(811) Pause Young (Mixed) (G1 Evacuation Pause)
[5538.032s][info][gc,task        ] GC(811) Using 8 workers of 8 for evacuation
[5538.183s][info][gc,phases      ] GC(811)   Pre Evacuate Collection Set: 0.26ms
[5538.183s][info][gc,phases      ] GC(811)   Merge Heap Roots: 0.71ms
[5538.183s][info][gc,phases      ] GC(811)   Evacuate Collection Set: 148.91ms
[5538.183s][info][gc,phases      ] GC(811)   Post Evacuate Collection Set: 1.04ms
[5538.183s][info][gc,phases      ] GC(811)   Other: 0.07ms
[5538.183s][info][gc,heap        ] GC(811) Eden regions: 572->0(571)
[5538.183s][info][gc,heap        ] GC(811) Survivor regions: 42->43(77)
[5538.183s][info][gc,heap        ] GC(811) Old regions: 152->142
[5538.183s][info][gc,heap        ] GC(811) Humongous regions: 33->33
[5538.183s][info][gc,metaspace   ] GC(811) Metaspace: 35834K(38144K)->35834K(38144K) NonClass: 26762K(27072K)->26762K(27072K) Class: 9071K(11072K)->9071K(11072K)
[5538.183s][info][gc             ] GC(811) Pause Young (Mixed) (G1 Evacuation Pause) 6363M->1711M(8192M) 151.137ms
[5538.183s][info][gc,cpu         ] GC(811) User=1.20s Sys=0.00s Real=0.15s
....[5542.252s][info][gc,start       ] GC(812) Pause Young (Normal) (G1 Evacuation Pause)
[5542.252s][info][gc,task        ] GC(812) Using 8 workers of 8 for evacuation
[5542.404s][info][gc,phases      ] GC(812)   Pre Evacuate Collection Set: 0.20ms
[5542.404s][info][gc,phases      ] GC(812)   Merge Heap Roots: 0.58ms
[5542.404s][info][gc,phases      ] GC(812)   Evacuate Collection Set: 150.20ms
[5542.404s][info][gc,phases      ] GC(812)   Post Evacuate Collection Set: 1.04ms
[5542.404s][info][gc,phases      ] GC(812)   Other: 0.07ms
[5542.404s][info][gc,heap        ] GC(812) Eden regions: 571->0(570)
[5542.404s][info][gc,heap        ] GC(812) Survivor regions: 43->44(77)
[5542.404s][info][gc,heap        ] GC(812) Old regions: 142->149
[5542.404s][info][gc,heap        ] GC(812) Humongous regions: 33->33
[5542.404s][info][gc,metaspace   ] GC(812) Metaspace: 35834K(38144K)->35834K(38144K) NonClass: 26762K(27072K)->26762K(27072K) Class: 9071K(11072K)->9071K(11072K)
[5542.404s][info][gc             ] GC(812) Pause Young (Normal) (G1 Evacuation Pause) 6279M->1780M(8192M) 152.220ms
[5542.404s][info][gc,cpu         ] GC(812) User=1.21s Sys=0.00s Real=0.15s
....[5546.351s][info][gc,start       ] GC(813) Pause Young (Normal) (G1 Evacuation Pause)
[5546.351s][info][gc,task        ] GC(813) Using 8 workers of 8 for evacuation
[5546.502s][info][gc,phases      ] GC(813)   Pre Evacuate Collection Set: 0.24ms
[5546.502s][info][gc,phases      ] GC(813)   Merge Heap Roots: 0.53ms
[5546.502s][info][gc,phases      ] GC(813)   Evacuate Collection Set: 149.11ms
[5546.502s][info][gc,phases      ] GC(813)   Post Evacuate Collection Set: 1.02ms
[5546.502s][info][gc,phases      ] GC(813)   Other: 0.07ms
[5546.502s][info][gc,heap        ] GC(813) Eden regions: 570->0(571)
[5546.502s][info][gc,heap        ] GC(813) Survivor regions: 44->43(77)
[5546.502s][info][gc,heap        ] GC(813) Old regions: 149->156
[5546.502s][info][gc,heap        ] GC(813) Humongous regions: 33->33
[5546.502s][info][gc,metaspace   ] GC(813) Metaspace: 35834K(38144K)->35834K(38144K) NonClass: 26762K(27072K)->26762K(27072K) Class: 9071K(11072K)->9071K(11072K)
[5546.502s][info][gc             ] GC(813) Pause Young (Normal) (G1 Evacuation Pause) 6340M->1826M(8192M) 151.097ms
[5546.502s][info][gc,cpu         ] GC(813) User=1.19s Sys=0.00s Real=0.15s
....[5550.625s][info][gc,start       ] GC(814) Pause Young (Normal) (G1 Evacuation Pause)
[5550.625s][info][gc,task        ] GC(814) Using 8 workers of 8 for evacuation
[5550.782s][info][gc,phases      ] GC(814)   Pre Evacuate Collection Set: 0.23ms
[5550.782s][info][gc,phases      ] GC(814)   Merge Heap Roots: 0.52ms
[5550.782s][info][gc,phases      ] GC(814)   Evacuate Collection Set: 155.69ms
[5550.782s][info][gc,phases      ] GC(814)   Post Evacuate Collection Set: 1.05ms
[5550.782s][info][gc,phases      ] GC(814)   Other: 0.07ms
[5550.782s][info][gc,heap        ] GC(814) Eden regions: 571->0(569)
[5550.782s][info][gc,heap        ] GC(814) Survivor regions: 43->45(77)
[5550.782s][info][gc,heap        ] GC(814) Old regions: 156->163
[5550.782s][info][gc,heap        ] GC(814) Humongous regions: 33->33
[5550.782s][info][gc,metaspace   ] GC(814) Metaspace: 35834K(38144K)->35834K(38144K) NonClass: 26762K(27072K)->26762K(27072K) Class: 9071K(11072K)->9071K(11072K)
[5550.782s][info][gc             ] GC(814) Pause Young (Normal) (G1 Evacuation Pause) 6394M->1896M(8192M) 157.683ms
[5550.782s][info][gc,cpu         ] GC(814) User=1.25s Sys=0.00s Real=0.16s
....[5554.938s][info][gc,start       ] GC(815) Pause Young (Normal) (G1 Evacuation Pause)
[5554.938s][info][gc,task        ] GC(815) Using 8 workers of 8 for evacuation
[5555.086s][info][gc,phases      ] GC(815)   Pre Evacuate Collection Set: 0.24ms
[5555.086s][info][gc,phases      ] GC(815)   Merge Heap Roots: 0.60ms
[5555.086s][info][gc,phases      ] GC(815)   Evacuate Collection Set: 145.56ms
[5555.086s][info][gc,phases      ] GC(815)   Post Evacuate Collection Set: 1.06ms
[5555.086s][info][gc,phases      ] GC(815)   Other: 0.06ms
[5555.086s][info][gc,heap        ] GC(815) Eden regions: 569->0(570)
[5555.086s][info][gc,heap        ] GC(815) Survivor regions: 45->44(77)
[5555.086s][info][gc,heap        ] GC(815) Old regions: 163->170
[5555.086s][info][gc,heap        ] GC(815) Humongous regions: 33->33
[5555.086s][info][gc,metaspace   ] GC(815) Metaspace: 35834K(38144K)->35834K(38144K) NonClass: 26762K(27072K)->26762K(27072K) Class: 9071K(11072K)->9071K(11072K)
[5555.086s][info][gc             ] GC(815) Pause Young (Normal) (G1 Evacuation Pause) 6448M->1944M(8192M) 147.655ms
[5555.086s][info][gc,cpu         ] GC(815) User=1.16s Sys=0.00s Real=0.14s
. (rIR:aIR:PR = 8994:9075:9075) (tPR = 133261) [OK] 
  5555s: Performance info:
         Transaction,    Success,    Partial,     Failed,   Receipts, AvgBarcode, 
             Overall,     638634,          0,          0,     606818,      59.47, 
         Response times:
             Request,    Success,    Partial,     Failed,   SkipFail,     Probes,    Samples,      min,      p50,      p90,      p95,      p99,      max, 
       TotalPurchase,     606865,          0,          0,          0,     419657,     485846,      300,     6100,    16200,    40000,    99000,   630000,
     InStorePurchase,     322534,          0,          0,          0,     220682,     255403,      300,     6100,    16300,    40000,    96000,   630000,
      OnlinePurchase,     220382,          0,          0,          0,     154046,     178074,      300,     6200,    16100,    40000,   107000,   630000,
        InstPurchase,      63949,          0,          0,          0,      44929,      52369,      500,     6000,    16200,    42000,   100000,   630000,
          AssocOfCat,        631,          0,          0,          0,        524,        694,    29000,    46000,    75500,    98500,   199100,   262000,
      AssocOfProduct,       6387,          0,          0,          0,       4625,       5614,      600,     6600,    16750,    35000,   103000,   278000,
      BusinessReport,       1579,          0,          0,          0,       1407,       1767,    29000,    54000,    81200,   115000,   206000,   262000,
          CustBuyBeh,       6325,          0,          0,          0,       4572,       5535,      200,     5900,    15480,    37000,   103640,   305000,
       ProductReturn,      16894,          0,          0,          0,      11944,      14119,      200,     6100,    15500,    36000,    95000,   262000,

  5555s: (66%)   IR =   9132 ...[5559.125s][info][gc,start       ] GC(816) Pause Young (Normal) (G1 Evacuation Pause)
[5559.125s][info][gc,task        ] GC(816) Using 8 workers of 8 for evacuation
[5559.269s][info][gc,phases      ] GC(816)   Pre Evacuate Collection Set: 0.25ms
[5559.269s][info][gc,phases      ] GC(816)   Merge Heap Roots: 0.53ms
[5559.269s][info][gc,phases      ] GC(816)   Evacuate Collection Set: 142.43ms
[5559.269s][info][gc,phases      ] GC(816)   Post Evacuate Collection Set: 1.02ms
[5559.269s][info][gc,phases      ] GC(816)   Other: 0.06ms
[5559.269s][info][gc,heap        ] GC(816) Eden regions: 570->0(571)
[5559.269s][info][gc,heap        ] GC(816) Survivor regions: 44->43(77)
[5559.269s][info][gc,heap        ] GC(816) Old regions: 170->177
[5559.269s][info][gc,heap        ] GC(816) Humongous regions: 33->33
[5559.269s][info][gc,metaspace   ] GC(816) Metaspace: 35834K(38144K)->35834K(38144K) NonClass: 26762K(27072K)->26762K(27072K) Class: 9071K(11072K)->9071K(11072K)
[5559.269s][info][gc             ] GC(816) Pause Young (Normal) (G1 Evacuation Pause) 6504M->1992M(8192M) 144.413ms
[5559.269s][info][gc,cpu         ] GC(816) User=1.14s Sys=0.00s Real=0.15s
.....[5563.315s][info][gc,start       ] GC(817) Pause Young (Normal) (G1 Evacuation Pause)
[5563.315s][info][gc,task        ] GC(817) Using 8 workers of 8 for evacuation
[5563.463s][info][gc,phases      ] GC(817)   Pre Evacuate Collection Set: 0.24ms
[5563.463s][info][gc,phases      ] GC(817)   Merge Heap Roots: 0.53ms
[5563.463s][info][gc,phases      ] GC(817)   Evacuate Collection Set: 145.65ms
[5563.463s][info][gc,phases      ] GC(817)   Post Evacuate Collection Set: 1.09ms
[5563.463s][info][gc,phases      ] GC(817)   Other: 0.07ms
[5563.463s][info][gc,heap        ] GC(817) Eden regions: 571->0(571)
[5563.463s][info][gc,heap        ] GC(817) Survivor regions: 43->43(77)
[5563.463s][info][gc,heap        ] GC(817) Old regions: 177->185
[5563.463s][info][gc,heap        ] GC(817) Humongous regions: 33->33
[5563.463s][info][gc,metaspace   ] GC(817) Metaspace: 35834K(38144K)->35834K(38144K) NonClass: 26762K(27072K)->26762K(27072K) Class: 9071K(11072K)->9071K(11072K)
[5563.463s][info][gc             ] GC(817) Pause Young (Normal) (G1 Evacuation Pause) 6560M->2050M(8192M) 147.699ms
[5563.463s][info][gc,cpu         ] GC(817) User=1.17s Sys=0.00s Real=0.15s
....[5567.550s][info][gc,start       ] GC(818) Pause Young (Normal) (G1 Evacuation Pause)
[5567.550s][info][gc,task        ] GC(818) Using 8 workers of 8 for evacuation
[5567.699s][info][gc,phases      ] GC(818)   Pre Evacuate Collection Set: 0.25ms
[5567.699s][info][gc,phases      ] GC(818)   Merge Heap Roots: 0.52ms
[5567.699s][info][gc,phases      ] GC(818)   Evacuate Collection Set: 146.46ms
[5567.699s][info][gc,phases      ] GC(818)   Post Evacuate Collection Set: 1.04ms
[5567.699s][info][gc,phases      ] GC(818)   Other: 0.06ms
[5567.699s][info][gc,heap        ] GC(818) Eden regions: 571->0(570)
[5567.699s][info][gc,heap        ] GC(818) Survivor regions: 43->44(77)
[5567.699s][info][gc,heap        ] GC(818) Old regions: 185->192
[5567.699s][info][gc,heap        ] GC(818) Humongous regions: 33->33
[5567.699s][info][gc,metaspace   ] GC(818) Metaspace: 35834K(38144K)->35834K(38144K) NonClass: 26762K(27072K)->26762K(27072K) Class: 9071K(11072K)->9071K(11072K)
[5567.699s][info][gc             ] GC(818) Pause Young (Normal) (G1 Evacuation Pause) 6618M->2116M(8192M) 148.456ms
[5567.699s][info][gc,cpu         ] GC(818) User=1.17s Sys=0.00s Real=0.15s
..|..[5571.897s][info][gc,start       ] GC(819) Pause Young (Normal) (G1 Evacuation Pause)
[5571.897s][info][gc,task        ] GC(819) Using 8 workers of 8 for evacuation
[5572.047s][info][gc,phases      ] GC(819)   Pre Evacuate Collection Set: 0.24ms
[5572.047s][info][gc,phases      ] GC(819)   Merge Heap Roots: 0.53ms
[5572.047s][info][gc,phases      ] GC(819)   Evacuate Collection Set: 147.31ms
[5572.047s][info][gc,phases      ] GC(819)   Post Evacuate Collection Set: 1.04ms
[5572.047s][info][gc,phases      ] GC(819)   Other: 0.07ms
[5572.047s][info][gc,heap        ] GC(819) Eden regions: 570->0(570)
[5572.047s][info][gc,heap        ] GC(819) Survivor regions: 44->44(77)
[5572.047s][info][gc,heap        ] GC(819) Old regions: 192->199
[5572.047s][info][gc,heap        ] GC(819) Humongous regions: 33->33
[5572.047s][info][gc,metaspace   ] GC(819) Metaspace: 35834K(38144K)->35834K(38144K) NonClass: 26762K(27072K)->26762K(27072K) Class: 9071K(11072K)->9071K(11072K)
[5572.047s][info][gc             ] GC(819) Pause Young (Normal) (G1 Evacuation Pause) 6676M->2178M(8192M) 149.333ms
[5572.047s][info][gc,cpu         ] GC(819) User=1.18s Sys=0.00s Real=0.14s
....[5576.128s][info][gc,start       ] GC(820) Pause Young (Normal) (G1 Evacuation Pause)
[5576.128s][info][gc,task        ] GC(820) Using 8 workers of 8 for evacuation
[5576.274s][info][gc,phases      ] GC(820)   Pre Evacuate Collection Set: 0.24ms
[5576.274s][info][gc,phases      ] GC(820)   Merge Heap Roots: 0.53ms
[5576.274s][info][gc,phases      ] GC(820)   Evacuate Collection Set: 144.13ms
[5576.274s][info][gc,phases      ] GC(820)   Post Evacuate Collection Set: 1.06ms
[5576.274s][info][gc,phases      ] GC(820)   Other: 0.06ms
[5576.274s][info][gc,heap        ] GC(820) Eden regions: 570->0(571)
[5576.274s][info][gc,heap        ] GC(820) Survivor regions: 44->43(77)
[5576.274s][info][gc,heap        ] GC(820) Old regions: 199->206
[5576.274s][info][gc,heap        ] GC(820) Humongous regions: 33->33
[5576.274s][info][gc,metaspace   ] GC(820) Metaspace: 35834K(38144K)->35834K(38144K) NonClass: 26762K(27072K)->26762K(27072K) Class: 9071K(11072K)->9071K(11072K)
[5576.274s][info][gc             ] GC(820) Pause Young (Normal) (G1 Evacuation Pause) 6738M->2224M(8192M) 146.155ms
[5576.275s][info][gc,cpu         ] GC(820) User=1.15s Sys=0.00s Real=0.14s
.....[5580.335s][info][gc,start       ] GC(821) Pause Young (Normal) (G1 Evacuation Pause)
[5580.335s][info][gc,task        ] GC(821) Using 8 workers of 8 for evacuation
[5580.484s][info][gc,phases      ] GC(821)   Pre Evacuate Collection Set: 0.26ms
[5580.484s][info][gc,phases      ] GC(821)   Merge Heap Roots: 0.53ms
[5580.484s][info][gc,phases      ] GC(821)   Evacuate Collection Set: 146.76ms
[5580.484s][info][gc,phases      ] GC(821)   Post Evacuate Collection Set: 1.05ms
[5580.484s][info][gc,phases      ] GC(821)   Other: 0.06ms
[5580.484s][info][gc,heap        ] GC(821) Eden regions: 571->0(570)
[5580.484s][info][gc,heap        ] GC(821) Survivor regions: 43->44(77)
[5580.484s][info][gc,heap        ] GC(821) Old regions: 206->214
[5580.484s][info][gc,heap        ] GC(821) Humongous regions: 33->33
[5580.484s][info][gc,metaspace   ] GC(821) Metaspace: 35834K(38144K)->35834K(38144K) NonClass: 26762K(27072K)->26762K(27072K) Class: 9071K(11072K)->9071K(11072K)
[5580.484s][info][gc             ] GC(821) Pause Young (Normal) (G1 Evacuation Pause) 6792M->2289M(8192M) 148.803ms
[5580.484s][info][gc,cpu         ] GC(821) User=1.18s Sys=0.00s Real=0.15s
....[5584.527s][info][gc,start       ] GC(822) Pause Young (Normal) (G1 Evacuation Pause)
[5584.527s][info][gc,task        ] GC(822) Using 8 workers of 8 for evacuation
[5584.673s][info][gc,phases      ] GC(822)   Pre Evacuate Collection Set: 0.23ms
[5584.673s][info][gc,phases      ] GC(822)   Merge Heap Roots: 0.51ms
[5584.673s][info][gc,phases      ] GC(822)   Evacuate Collection Set: 143.87ms
[5584.673s][info][gc,phases      ] GC(822)   Post Evacuate Collection Set: 1.05ms
[5584.673s][info][gc,phases      ] GC(822)   Other: 0.06ms
[5584.673s][info][gc,heap        ] GC(822) Eden regions: 570->0(572)
[5584.673s][info][gc,heap        ] GC(822) Survivor regions: 44->42(77)
[5584.673s][info][gc,heap        ] GC(822) Old regions: 214->221
[5584.673s][info][gc,heap        ] GC(822) Humongous regions: 33->33
[5584.673s][info][gc,metaspace   ] GC(822) Metaspace: 35834K(38144K)->35834K(38144K) NonClass: 26762K(27072K)->26762K(27072K) Class: 9071K(11072K)->9071K(11072K)
[5584.673s][info][gc             ] GC(822) Pause Young (Normal) (G1 Evacuation Pause) 6849M->2333M(8192M) 145.871ms
[5584.673s][info][gc,cpu         ] GC(822) User=1.15s Sys=0.00s Real=0.14s
....[5588.731s][info][gc,start       ] GC(823) Pause Young (Normal) (G1 Evacuation Pause)
[5588.731s][info][gc,task        ] GC(823) Using 8 workers of 8 for evacuation
[5588.878s][info][gc,phases      ] GC(823)   Pre Evacuate Collection Set: 0.24ms
[5588.878s][info][gc,phases      ] GC(823)   Merge Heap Roots: 0.54ms
[5588.878s][info][gc,phases      ] GC(823)   Evacuate Collection Set: 145.71ms
[5588.878s][info][gc,phases      ] GC(823)   Post Evacuate Collection Set: 1.04ms
[5588.878s][info][gc,phases      ] GC(823)   Other: 0.06ms
[5588.878s][info][gc,heap        ] GC(823) Eden regions: 572->0(570)
[5588.878s][info][gc,heap        ] GC(823) Survivor regions: 42->44(77)
[5588.878s][info][gc,heap        ] GC(823) Old regions: 221->228
[5588.878s][info][gc,heap        ] GC(823) Humongous regions: 33->33
[5588.878s][info][gc,metaspace   ] GC(823) Metaspace: 35834K(38144K)->35834K(38144K) NonClass: 26762K(27072K)->26762K(27072K) Class: 9071K(11072K)->9071K(11072K)
[5588.878s][info][gc             ] GC(823) Pause Young (Normal) (G1 Evacuation Pause) 6909M->2402M(8192M) 147.726ms
[5588.878s][info][gc,cpu         ] GC(823) User=1.17s Sys=0.00s Real=0.15s
....[5592.936s][info][gc,start       ] GC(824) Pause Young (Normal) (G1 Evacuation Pause)
[5592.936s][info][gc,task        ] GC(824) Using 8 workers of 8 for evacuation
[5593.084s][info][gc,phases      ] GC(824)   Pre Evacuate Collection Set: 0.25ms
[5593.084s][info][gc,phases      ] GC(824)   Merge Heap Roots: 0.52ms
[5593.084s][info][gc,phases      ] GC(824)   Evacuate Collection Set: 146.19ms
[5593.084s][info][gc,phases      ] GC(824)   Post Evacuate Collection Set: 1.03ms
[5593.084s][info][gc,phases      ] GC(824)   Other: 0.07ms
[5593.084s][info][gc,heap        ] GC(824) Eden regions: 570->0(571)
[5593.084s][info][gc,heap        ] GC(824) Survivor regions: 44->43(77)
[5593.084s][info][gc,heap        ] GC(824) Old regions: 228->235
[5593.084s][info][gc,heap        ] GC(824) Humongous regions: 33->33
[5593.084s][info][gc,metaspace   ] GC(824) Metaspace: 35834K(38144K)->35834K(38144K) NonClass: 26762K(27072K)->26762K(27072K) Class: 9071K(11072K)->9071K(11072K)
[5593.084s][info][gc             ] GC(824) Pause Young (Normal) (G1 Evacuation Pause) 6962M->2456M(8192M) 148.186ms
[5593.084s][info][gc,cpu         ] GC(824) User=1.17s Sys=0.00s Real=0.15s
....[5597.138s][info][gc,start       ] GC(825) Pause Young (Normal) (G1 Evacuation Pause)
[5597.138s][info][gc,task        ] GC(825) Using 8 workers of 8 for evacuation
[5597.294s][info][gc,phases      ] GC(825)   Pre Evacuate Collection Set: 0.23ms
[5597.294s][info][gc,phases      ] GC(825)   Merge Heap Roots: 0.53ms
[5597.294s][info][gc,phases      ] GC(825)   Evacuate Collection Set: 153.97ms
[5597.294s][info][gc,phases      ] GC(825)   Post Evacuate Collection Set: 1.06ms
[5597.294s][info][gc,phases      ] GC(825)   Other: 0.06ms
[5597.294s][info][gc,heap        ] GC(825) Eden regions: 571->0(570)
[5597.294s][info][gc,heap        ] GC(825) Survivor regions: 43->44(77)
[5597.294s][info][gc,heap        ] GC(825) Old regions: 235->242
[5597.294s][info][gc,heap        ] GC(825) Humongous regions: 33->33
[5597.294s][info][gc,metaspace   ] GC(825) Metaspace: 35834K(38144K)->35834K(38144K) NonClass: 26762K(27072K)->26762K(27072K) Class: 9071K(11072K)->9071K(11072K)
[5597.294s][info][gc             ] GC(825) Pause Young (Normal) (G1 Evacuation Pause) 7024M->2521M(8192M) 155.993ms
[5597.294s][info][gc,cpu         ] GC(825) User=1.23s Sys=0.00s Real=0.15s
.....[5601.351s][info][gc,start       ] GC(826) Pause Young (Normal) (G1 Evacuation Pause)
[5601.351s][info][gc,task        ] GC(826) Using 8 workers of 8 for evacuation
[5601.498s][info][gc,phases      ] GC(826)   Pre Evacuate Collection Set: 0.22ms
[5601.498s][info][gc,phases      ] GC(826)   Merge Heap Roots: 0.52ms
[5601.498s][info][gc,phases      ] GC(826)   Evacuate Collection Set: 144.79ms
[5601.498s][info][gc,phases      ] GC(826)   Post Evacuate Collection Set: 1.05ms
[5601.498s][info][gc,phases      ] GC(826)   Other: 0.06ms
[5601.498s][info][gc,heap        ] GC(826) Eden regions: 570->0(571)
[5601.498s][info][gc,heap        ] GC(826) Survivor regions: 44->43(77)
[5601.498s][info][gc,heap        ] GC(826) Old regions: 242->249
[5601.498s][info][gc,heap        ] GC(826) Humongous regions: 33->33
[5601.498s][info][gc,metaspace   ] GC(826) Metaspace: 35834K(38144K)->35834K(38144K) NonClass: 26762K(27072K)->26762K(27072K) Class: 9071K(11072K)->9071K(11072K)
[5601.498s][info][gc             ] GC(826) Pause Young (Normal) (G1 Evacuation Pause) 7081M->2570M(8192M) 146.783ms
[5601.498s][info][gc,cpu         ] GC(826) User=1.16s Sys=0.00s Real=0.15s
....[5605.459s][info][gc,start       ] GC(827) Pause Young (Normal) (G1 Evacuation Pause)
[5605.459s][info][gc,task        ] GC(827) Using 8 workers of 8 for evacuation
[5605.609s][info][gc,phases      ] GC(827)   Pre Evacuate Collection Set: 0.24ms
[5605.609s][info][gc,phases      ] GC(827)   Merge Heap Roots: 0.54ms
[5605.609s][info][gc,phases      ] GC(827)   Evacuate Collection Set: 147.90ms
[5605.609s][info][gc,phases      ] GC(827)   Post Evacuate Collection Set: 1.05ms
[5605.609s][info][gc,phases      ] GC(827)   Other: 0.06ms
[5605.609s][info][gc,heap        ] GC(827) Eden regions: 571->0(571)
[5605.609s][info][gc,heap        ] GC(827) Survivor regions: 43->43(77)
[5605.609s][info][gc,heap        ] GC(827) Old regions: 249->256
[5605.609s][info][gc,heap        ] GC(827) Humongous regions: 33->33
[5605.609s][info][gc,metaspace   ] GC(827) Metaspace: 35834K(38144K)->35834K(38144K) NonClass: 26762K(27072K)->26762K(27072K) Class: 9071K(11072K)->9071K(11072K)
[5605.609s][info][gc             ] GC(827) Pause Young (Normal) (G1 Evacuation Pause) 7138M->2626M(8192M) 149.907ms
[5605.609s][info][gc,cpu         ] GC(827) User=1.19s Sys=0.00s Real=0.15s
....[5609.627s][info][gc,start       ] GC(828) Pause Young (Normal) (G1 Evacuation Pause)
[5609.627s][info][gc,task        ] GC(828) Using 8 workers of 8 for evacuation
[5609.776s][info][gc,phases      ] GC(828)   Pre Evacuate Collection Set: 0.23ms
[5609.776s][info][gc,phases      ] GC(828)   Merge Heap Roots: 0.52ms
[5609.776s][info][gc,phases      ] GC(828)   Evacuate Collection Set: 147.35ms
[5609.776s][info][gc,phases      ] GC(828)   Post Evacuate Collection Set: 1.06ms
[5609.776s][info][gc,phases      ] GC(828)   Other: 0.06ms
[5609.776s][info][gc,heap        ] GC(828) Eden regions: 571->0(570)
[5609.776s][info][gc,heap        ] GC(828) Survivor regions: 43->44(77)
[5609.776s][info][gc,heap        ] GC(828) Old regions: 256->263
[5609.776s][info][gc,heap        ] GC(828) Humongous regions: 33->33
[5609.776s][info][gc,metaspace   ] GC(828) Metaspace: 35834K(38144K)->35834K(38144K) NonClass: 26762K(27072K)->26762K(27072K) Class: 9071K(11072K)->9071K(11072K)
[5609.776s][info][gc             ] GC(828) Pause Young (Normal) (G1 Evacuation Pause) 7194M->2686M(8192M) 149.339ms
[5609.776s][info][gc,cpu         ] GC(828) User=1.18s Sys=0.00s Real=0.14s
....[5613.789s][info][gc,start       ] GC(829) Pause Young (Normal) (G1 Evacuation Pause)
[5613.789s][info][gc,task        ] GC(829) Using 8 workers of 8 for evacuation
[5613.942s][info][gc,phases      ] GC(829)   Pre Evacuate Collection Set: 0.23ms
[5613.942s][info][gc,phases      ] GC(829)   Merge Heap Roots: 0.53ms
[5613.942s][info][gc,phases      ] GC(829)   Evacuate Collection Set: 150.77ms
[5613.942s][info][gc,phases      ] GC(829)   Post Evacuate Collection Set: 1.04ms
[5613.942s][info][gc,phases      ] GC(829)   Other: 0.07ms
[5613.942s][info][gc,heap        ] GC(829) Eden regions: 570->0(569)
[5613.942s][info][gc,heap        ] GC(829) Survivor regions: 44->45(77)
[5613.942s][info][gc,heap        ] GC(829) Old regions: 263->271
[5613.942s][info][gc,heap        ] GC(829) Humongous regions: 33->33
[5613.942s][info][gc,metaspace   ] GC(829) Metaspace: 35834K(38144K)->35834K(38144K) NonClass: 26762K(27072K)->26762K(27072K) Class: 9071K(11072K)->9071K(11072K)
[5613.942s][info][gc             ] GC(829) Pause Young (Normal) (G1 Evacuation Pause) 7246M->2754M(8192M) 152.796ms
[5613.942s][info][gc,cpu         ] GC(829) User=1.21s Sys=0.00s Real=0.15s
....[5617.959s][info][gc,start       ] GC(830) Pause Young (Normal) (G1 Evacuation Pause)
[5617.960s][info][gc,task        ] GC(830) Using 8 workers of 8 for evacuation
[5618.107s][info][gc,phases      ] GC(830)   Pre Evacuate Collection Set: 0.27ms
[5618.107s][info][gc,phases      ] GC(830)   Merge Heap Roots: 0.56ms
[5618.107s][info][gc,phases      ] GC(830)   Evacuate Collection Set: 145.98ms
[5618.107s][info][gc,phases      ] GC(830)   Post Evacuate Collection Set: 1.06ms
[5618.107s][info][gc,phases      ] GC(830)   Other: 0.06ms
[5618.107s][info][gc,heap        ] GC(830) Eden regions: 569->0(570)
[5618.108s][info][gc,heap        ] GC(830) Survivor regions: 45->44(77)
[5618.108s][info][gc,heap        ] GC(830) Old regions: 271->278
[5618.108s][info][gc,heap        ] GC(830) Humongous regions: 33->33
[5618.108s][info][gc,metaspace   ] GC(830) Metaspace: 35834K(38144K)->35834K(38144K) NonClass: 26762K(27072K)->26762K(27072K) Class: 9071K(11072K)->9071K(11072K)
[5618.108s][info][gc             ] GC(830) Pause Young (Normal) (G1 Evacuation Pause) 7306M->2805M(8192M) 148.058ms
[5618.108s][info][gc,cpu         ] GC(830) User=1.17s Sys=0.00s Real=0.15s
....[5622.152s][info][gc,start       ] GC(831) Pause Young (Normal) (G1 Evacuation Pause)
[5622.152s][info][gc,task        ] GC(831) Using 8 workers of 8 for evacuation
[5622.299s][info][gc,phases      ] GC(831)   Pre Evacuate Collection Set: 0.25ms
[5622.299s][info][gc,phases      ] GC(831)   Merge Heap Roots: 0.53ms
[5622.299s][info][gc,phases      ] GC(831)   Evacuate Collection Set: 144.30ms
[5622.299s][info][gc,phases      ] GC(831)   Post Evacuate Collection Set: 1.02ms
[5622.299s][info][gc,phases      ] GC(831)   Other: 0.06ms
[5622.299s][info][gc,heap        ] GC(831) Eden regions: 570->0(568)
[5622.299s][info][gc,heap        ] GC(831) Survivor regions: 44->43(77)
[5622.299s][info][gc,heap        ] GC(831) Old regions: 278->285
[5622.299s][info][gc,heap        ] GC(831) Humongous regions: 33->33
[5622.299s][info][gc,metaspace   ] GC(831) Metaspace: 35834K(38144K)->35834K(38144K) NonClass: 26762K(27072K)->26762K(27072K) Class: 9071K(11072K)->9071K(11072K)
[5622.299s][info][gc             ] GC(831) Pause Young (Normal) (G1 Evacuation Pause) 7365M->2853M(8192M) 146.298ms
[5622.299s][info][gc,cpu         ] GC(831) User=1.15s Sys=0.00s Real=0.15s
.....[5626.379s][info][gc,start       ] GC(832) Pause Young (Normal) (G1 Evacuation Pause)
[5626.379s][info][gc,task        ] GC(832) Using 8 workers of 8 for evacuation
[5626.526s][info][gc,phases      ] GC(832)   Pre Evacuate Collection Set: 0.24ms
[5626.526s][info][gc,phases      ] GC(832)   Merge Heap Roots: 0.53ms
[5626.526s][info][gc,phases      ] GC(832)   Evacuate Collection Set: 145.36ms
[5626.526s][info][gc,phases      ] GC(832)   Post Evacuate Collection Set: 1.05ms
[5626.526s][info][gc,phases      ] GC(832)   Other: 0.07ms
[5626.526s][info][gc,heap        ] GC(832) Eden regions: 568->0(561)
[5626.526s][info][gc,heap        ] GC(832) Survivor regions: 43->43(77)
[5626.526s][info][gc,heap        ] GC(832) Old regions: 285->292
[5626.526s][info][gc,heap        ] GC(832) Humongous regions: 33->33
[5626.526s][info][gc,metaspace   ] GC(832) Metaspace: 35834K(38144K)->35834K(38144K) NonClass: 26762K(27072K)->26762K(27072K) Class: 9071K(11072K)->9071K(11072K)
[5626.526s][info][gc             ] GC(832) Pause Young (Normal) (G1 Evacuation Pause) 7397M->2911M(8192M) 147.382ms
[5626.526s][info][gc,cpu         ] GC(832) User=1.17s Sys=0.00s Real=0.14s
... (rIR:aIR:PR = 9132:9133:9133) (tPR = 136592) [OK] 
  5629s: Performance info:
         Transaction,    Success,    Partial,     Failed,   Receipts, AvgBarcode, 
             Overall,     548263,          0,          0,     520823,      59.47, 
         Response times:
             Request,    Success,    Partial,     Failed,   SkipFail,     Probes,    Samples,      min,      p50,      p90,      p95,      p99,      max, 
       TotalPurchase,     520823,          0,          0,          0,     358748,     446341,      300,     5700,    15600,    41000,   105000,   574000,
     InStorePurchase,     271691,          0,          0,          0,     188183,     233727,      300,     5700,    15800,    41000,   109000,   574000,
      OnlinePurchase,     193660,          0,          0,          0,     132468,     164669,      300,     5700,    15300,    41000,   101000,   574000,
        InstPurchase,      55472,          0,          0,          0,      38097,      47945,      400,     5900,    15500,    39000,   101000,   369000,
          AssocOfCat,        550,          0,          0,          0,        461,        672,    24000,    45000,    69700,    94700,   198270,   220000,
      AssocOfProduct,       5486,          0,          0,          0,       4000,       5241,      600,     6000,    15780,    45000,    98000,   195000,
      BusinessReport,       1375,          0,          0,          0,       1224,       1727,    27000,    53000,    85000,   118000,   204720,   259000,
          CustBuyBeh,       5455,          0,          0,          0,       3994,       5277,      300,     5100,    14800,    31000,    95220,   258000,
       ProductReturn,      14574,          0,          0,          0,       9287,      11915,      300,     5600,    15800,    40000,    93680,   405000,

  5629s: (67%)   IR =   9271 .[5630.534s][info][gc,start       ] GC(833) Pause Young (Normal) (G1 Evacuation Pause)
[5630.534s][info][gc,task        ] GC(833) Using 8 workers of 8 for evacuation
[5630.685s][info][gc,phases      ] GC(833)   Pre Evacuate Collection Set: 0.25ms
[5630.685s][info][gc,phases      ] GC(833)   Merge Heap Roots: 0.54ms
[5630.685s][info][gc,phases      ] GC(833)   Evacuate Collection Set: 148.76ms
[5630.685s][info][gc,phases      ] GC(833)   Post Evacuate Collection Set: 1.07ms
[5630.685s][info][gc,phases      ] GC(833)   Other: 0.06ms
[5630.685s][info][gc,heap        ] GC(833) Eden regions: 561->0(553)
[5630.685s][info][gc,heap        ] GC(833) Survivor regions: 43->43(76)
[5630.685s][info][gc,heap        ] GC(833) Old regions: 292->300
[5630.685s][info][gc,heap        ] GC(833) Humongous regions: 33->33
[5630.685s][info][gc,metaspace   ] GC(833) Metaspace: 35834K(38144K)->35834K(38144K) NonClass: 26762K(27072K)->26762K(27072K) Class: 9071K(11072K)->9071K(11072K)
[5630.685s][info][gc             ] GC(833) Pause Young (Normal) (G1 Evacuation Pause) 7399M->2973M(8192M) 150.817ms
[5630.685s][info][gc,cpu         ] GC(833) User=1.20s Sys=0.00s Real=0.15s
....[5634.664s][info][gc,start       ] GC(834) Pause Young (Normal) (G1 Evacuation Pause)
[5634.665s][info][gc,task        ] GC(834) Using 8 workers of 8 for evacuation
[5634.817s][info][gc,phases      ] GC(834)   Pre Evacuate Collection Set: 0.23ms
[5634.817s][info][gc,phases      ] GC(834)   Merge Heap Roots: 0.53ms
[5634.817s][info][gc,phases      ] GC(834)   Evacuate Collection Set: 150.19ms
[5634.817s][info][gc,phases      ] GC(834)   Post Evacuate Collection Set: 1.03ms
[5634.817s][info][gc,phases      ] GC(834)   Other: 0.06ms
[5634.817s][info][gc,heap        ] GC(834) Eden regions: 553->0(544)
[5634.817s][info][gc,heap        ] GC(834) Survivor regions: 43->44(75)
[5634.817s][info][gc,heap        ] GC(834) Old regions: 300->307
[5634.817s][info][gc,heap        ] GC(834) Humongous regions: 33->33
[5634.817s][info][gc,metaspace   ] GC(834) Metaspace: 35834K(38144K)->35834K(38144K) NonClass: 26762K(27072K)->26762K(27072K) Class: 9071K(11072K)->9071K(11072K)
[5634.817s][info][gc             ] GC(834) Pause Young (Normal) (G1 Evacuation Pause) 7397M->3041M(8192M) 152.169ms
[5634.817s][info][gc,cpu         ] GC(834) User=1.21s Sys=0.00s Real=0.15s
....[5638.553s][info][gc,start       ] GC(835) Pause Young (Concurrent Start) (G1 Evacuation Pause)
[5638.553s][info][gc,task        ] GC(835) Using 8 workers of 8 for evacuation
[5638.699s][info][gc,phases      ] GC(835)   Pre Evacuate Collection Set: 0.27ms
[5638.700s][info][gc,phases      ] GC(835)   Merge Heap Roots: 0.52ms
[5638.700s][info][gc,phases      ] GC(835)   Evacuate Collection Set: 144.50ms
[5638.700s][info][gc,phases      ] GC(835)   Post Evacuate Collection Set: 1.03ms
[5638.700s][info][gc,phases      ] GC(835)   Other: 0.10ms
[5638.700s][info][gc,heap        ] GC(835) Eden regions: 544->0(536)
[5638.700s][info][gc,heap        ] GC(835) Survivor regions: 44->44(74)
[5638.700s][info][gc,heap        ] GC(835) Old regions: 307->315
[5638.700s][info][gc,heap        ] GC(835) Humongous regions: 33->33
[5638.700s][info][gc,metaspace   ] GC(835) Metaspace: 35834K(38144K)->35834K(38144K) NonClass: 26762K(27072K)->26762K(27072K) Class: 9071K(11072K)->9071K(11072K)
[5638.700s][info][gc             ] GC(835) Pause Young (Concurrent Start) (G1 Evacuation Pause) 7393M->3100M(8192M) 146.571ms
[5638.700s][info][gc             ] GC(836) Concurrent Mark Cycle
[5638.700s][info][gc,marking     ] GC(836) Concurrent Scan Root Regions
[5638.700s][info][gc,cpu         ] GC(835) User=1.16s Sys=0.00s Real=0.15s
[5639.114s][info][gc,marking     ] GC(836) Concurrent Scan Root Regions 414.815ms
[5639.115s][info][gc,marking     ] GC(836) Concurrent Mark
[5639.115s][info][gc,marking     ] GC(836) Concurrent Mark From Roots
[5639.115s][info][gc,task        ] GC(836) Using 2 workers of 2 for marking
.[5640.344s][info][gc,marking     ] GC(836) Concurrent Mark From Roots 1229.445ms
[5640.344s][info][gc,marking     ] GC(836) Concurrent Preclean
[5640.344s][info][gc,marking     ] GC(836) Concurrent Preclean 0.096ms
[5640.344s][info][gc,start       ] GC(836) Pause Remark
[5640.346s][info][gc             ] GC(836) Pause Remark 5058M->4466M(8192M) 2.178ms
[5640.347s][info][gc,cpu         ] GC(836) User=0.01s Sys=0.00s Real=0.00s
[5640.347s][info][gc,marking     ] GC(836) Concurrent Mark 1232.084ms
[5640.347s][info][gc,marking     ] GC(836) Concurrent Rebuild Remembered Sets and Scrub Regions
.[5640.870s][info][gc,marking     ] GC(836) Concurrent Rebuild Remembered Sets and Scrub Regions 523.433ms
[5640.870s][info][gc,start       ] GC(836) Pause Cleanup
[5640.870s][info][gc             ] GC(836) Pause Cleanup 5048M->5048M(8192M) 0.246ms
[5640.870s][info][gc,cpu         ] GC(836) User=0.00s Sys=0.00s Real=0.00s
[5640.871s][info][gc,marking     ] GC(836) Concurrent Clear Claimed Marks
[5640.871s][info][gc,marking     ] GC(836) Concurrent Clear Claimed Marks 0.042ms
[5640.871s][info][gc,marking     ] GC(836) Concurrent Cleanup for Next Mark
[5640.881s][info][gc,marking     ] GC(836) Concurrent Cleanup for Next Mark 10.416ms
[5640.881s][info][gc             ] GC(836) Concurrent Mark Cycle 2181.438ms
..[5642.528s][info][gc,start       ] GC(837) Pause Young (Prepare Mixed) (G1 Evacuation Pause)
[5642.528s][info][gc,task        ] GC(837) Using 8 workers of 8 for evacuation
[5642.679s][info][gc,phases      ] GC(837)   Pre Evacuate Collection Set: 0.23ms
[5642.679s][info][gc,phases      ] GC(837)   Merge Heap Roots: 0.74ms
[5642.679s][info][gc,phases      ] GC(837)   Evacuate Collection Set: 148.58ms
[5642.679s][info][gc,phases      ] GC(837)   Post Evacuate Collection Set: 1.12ms
[5642.679s][info][gc,phases      ] GC(837)   Other: 0.08ms
[5642.679s][info][gc,heap        ] GC(837) Eden regions: 536->0(571)
[5642.679s][info][gc,heap        ] GC(837) Survivor regions: 44->43(73)
[5642.679s][info][gc,heap        ] GC(837) Old regions: 241->248
[5642.679s][info][gc,heap        ] GC(837) Humongous regions: 33->33
[5642.679s][info][gc,metaspace   ] GC(837) Metaspace: 35834K(38144K)->35834K(38144K) NonClass: 26762K(27072K)->26762K(27072K) Class: 9071K(11072K)->9071K(11072K)
[5642.679s][info][gc             ] GC(837) Pause Young (Prepare Mixed) (G1 Evacuation Pause) 6796M->2564M(8192M) 150.893ms
[5642.679s][info][gc,cpu         ] GC(837) User=1.19s Sys=0.00s Real=0.15s
....[5646.674s][info][gc,start       ] GC(838) Pause Young (Mixed) (G1 Evacuation Pause)
[5646.674s][info][gc,task        ] GC(838) Using 8 workers of 8 for evacuation
[5646.828s][info][gc,phases      ] GC(838)   Pre Evacuate Collection Set: 0.28ms
[5646.828s][info][gc,phases      ] GC(838)   Merge Heap Roots: 0.96ms
[5646.828s][info][gc,phases      ] GC(838)   Evacuate Collection Set: 151.24ms
[5646.828s][info][gc,phases      ] GC(838)   Post Evacuate Collection Set: 1.26ms
[5646.828s][info][gc,phases      ] GC(838)   Other: 0.08ms
[5646.828s][info][gc,heap        ] GC(838) Eden regions: 571->0(572)
[5646.828s][info][gc,heap        ] GC(838) Survivor regions: 43->42(77)
[5646.828s][info][gc,heap        ] GC(838) Old regions: 248->154
[5646.828s][info][gc,heap        ] GC(838) Humongous regions: 33->33
[5646.828s][info][gc,metaspace   ] GC(838) Metaspace: 35834K(38144K)->35834K(38144K) NonClass: 26762K(27072K)->26762K(27072K) Class: 9071K(11072K)->9071K(11072K)
[5646.828s][info][gc             ] GC(838) Pause Young (Mixed) (G1 Evacuation Pause) 7132M->1800M(8192M) 153.968ms
[5646.828s][info][gc,cpu         ] GC(838) User=1.21s Sys=0.00s Real=0.16s
....|[5650.828s][info][gc,start       ] GC(839) Pause Young (Mixed) (G1 Evacuation Pause)
[5650.828s][info][gc,task        ] GC(839) Using 8 workers of 8 for evacuation
[5650.986s][info][gc,phases      ] GC(839)   Pre Evacuate Collection Set: 0.27ms
[5650.986s][info][gc,phases      ] GC(839)   Merge Heap Roots: 0.78ms
[5650.986s][info][gc,phases      ] GC(839)   Evacuate Collection Set: 155.10ms
[5650.986s][info][gc,phases      ] GC(839)   Post Evacuate Collection Set: 1.07ms
[5650.986s][info][gc,phases      ] GC(839)   Other: 0.07ms
[5650.986s][info][gc,heap        ] GC(839) Eden regions: 572->0(571)
[5650.986s][info][gc,heap        ] GC(839) Survivor regions: 42->43(77)
[5650.986s][info][gc,heap        ] GC(839) Old regions: 154->143
[5650.986s][info][gc,heap        ] GC(839) Humongous regions: 33->33
[5650.986s][info][gc,metaspace   ] GC(839) Metaspace: 35834K(38144K)->35834K(38144K) NonClass: 26762K(27072K)->26762K(27072K) Class: 9071K(11072K)->9071K(11072K)
[5650.986s][info][gc             ] GC(839) Pause Young (Mixed) (G1 Evacuation Pause) 6376M->1723M(8192M) 157.413ms
[5650.986s][info][gc,cpu         ] GC(839) User=1.25s Sys=0.00s Real=0.15s
....[5654.978s][info][gc,start       ] GC(840) Pause Young (Normal) (G1 Evacuation Pause)
[5654.978s][info][gc,task        ] GC(840) Using 8 workers of 8 for evacuation
[5655.123s][info][gc,phases      ] GC(840)   Pre Evacuate Collection Set: 0.25ms
[5655.123s][info][gc,phases      ] GC(840)   Merge Heap Roots: 0.56ms
[5655.123s][info][gc,phases      ] GC(840)   Evacuate Collection Set: 142.90ms
[5655.123s][info][gc,phases      ] GC(840)   Post Evacuate Collection Set: 1.04ms
[5655.123s][info][gc,phases      ] GC(840)   Other: 0.08ms
[5655.123s][info][gc,heap        ] GC(840) Eden regions: 571->0(572)
[5655.123s][info][gc,heap        ] GC(840) Survivor regions: 43->42(77)
[5655.123s][info][gc,heap        ] GC(840) Old regions: 143->150
[5655.123s][info][gc,heap        ] GC(840) Humongous regions: 33->33
[5655.123s][info][gc,metaspace   ] GC(840) Metaspace: 35834K(38144K)->35834K(38144K) NonClass: 26762K(27072K)->26762K(27072K) Class: 9071K(11072K)->9071K(11072K)
[5655.123s][info][gc             ] GC(840) Pause Young (Normal) (G1 Evacuation Pause) 6291M->1772M(8192M) 144.974ms
[5655.123s][info][gc,cpu         ] GC(840) User=1.15s Sys=0.00s Real=0.14s
....[5659.062s][info][gc,start       ] GC(841) Pause Young (Normal) (G1 Evacuation Pause)
[5659.062s][info][gc,task        ] GC(841) Using 8 workers of 8 for evacuation
[5659.213s][info][gc,phases      ] GC(841)   Pre Evacuate Collection Set: 0.23ms
[5659.213s][info][gc,phases      ] GC(841)   Merge Heap Roots: 0.52ms
[5659.213s][info][gc,phases      ] GC(841)   Evacuate Collection Set: 149.44ms
[5659.213s][info][gc,phases      ] GC(841)   Post Evacuate Collection Set: 1.06ms
[5659.213s][info][gc,phases      ] GC(841)   Other: 0.07ms
[5659.213s][info][gc,heap        ] GC(841) Eden regions: 572->0(570)
[5659.213s][info][gc,heap        ] GC(841) Survivor regions: 42->44(77)
[5659.213s][info][gc,heap        ] GC(841) Old regions: 150->158
[5659.213s][info][gc,heap        ] GC(841) Humongous regions: 33->33
[5659.213s][info][gc,metaspace   ] GC(841) Metaspace: 35834K(38144K)->35834K(38144K) NonClass: 26762K(27072K)->26762K(27072K) Class: 9071K(11072K)->9071K(11072K)
[5659.213s][info][gc             ] GC(841) Pause Young (Normal) (G1 Evacuation Pause) 6348M->1844M(8192M) 151.463ms
[5659.213s][info][gc,cpu         ] GC(841) User=1.20s Sys=0.01s Real=0.15s
....[5663.183s][info][gc,start       ] GC(842) Pause Young (Normal) (G1 Evacuation Pause)
[5663.183s][info][gc,task        ] GC(842) Using 8 workers of 8 for evacuation
[5663.328s][info][gc,phases      ] GC(842)   Pre Evacuate Collection Set: 0.25ms
[5663.328s][info][gc,phases      ] GC(842)   Merge Heap Roots: 0.56ms
[5663.328s][info][gc,phases      ] GC(842)   Evacuate Collection Set: 143.56ms
[5663.328s][info][gc,phases      ] GC(842)   Post Evacuate Collection Set: 1.04ms
[5663.328s][info][gc,phases      ] GC(842)   Other: 0.07ms
[5663.328s][info][gc,heap        ] GC(842) Eden regions: 570->0(571)
[5663.328s][info][gc,heap        ] GC(842) Survivor regions: 44->43(77)
[5663.328s][info][gc,heap        ] GC(842) Old regions: 158->165
[5663.328s][info][gc,heap        ] GC(842) Humongous regions: 33->33
[5663.328s][info][gc,metaspace   ] GC(842) Metaspace: 35834K(38144K)->35834K(38144K) NonClass: 26762K(27072K)->26762K(27072K) Class: 9071K(11072K)->9071K(11072K)
[5663.328s][info][gc             ] GC(842) Pause Young (Normal) (G1 Evacuation Pause) 6404M->1898M(8192M) 145.636ms
[5663.329s][info][gc,cpu         ] GC(842) User=1.15s Sys=0.00s Real=0.15s
....[5667.329s][info][gc,start       ] GC(843) Pause Young (Normal) (G1 Evacuation Pause)
[5667.329s][info][gc,task        ] GC(843) Using 8 workers of 8 for evacuation
[5667.478s][info][gc,phases      ] GC(843)   Pre Evacuate Collection Set: 0.24ms
[5667.478s][info][gc,phases      ] GC(843)   Merge Heap Roots: 0.57ms
[5667.478s][info][gc,phases      ] GC(843)   Evacuate Collection Set: 146.39ms
[5667.478s][info][gc,phases      ] GC(843)   Post Evacuate Collection Set: 1.05ms
[5667.478s][info][gc,phases      ] GC(843)   Other: 0.07ms
[5667.478s][info][gc,heap        ] GC(843) Eden regions: 571->0(570)
[5667.478s][info][gc,heap        ] GC(843) Survivor regions: 43->44(77)
[5667.478s][info][gc,heap        ] GC(843) Old regions: 165->173
[5667.478s][info][gc,heap        ] GC(843) Humongous regions: 33->33
[5667.478s][info][gc,metaspace   ] GC(843) Metaspace: 35834K(38144K)->35834K(38144K) NonClass: 26762K(27072K)->26762K(27072K) Class: 9071K(11072K)->9071K(11072K)
[5667.478s][info][gc             ] GC(843) Pause Young (Normal) (G1 Evacuation Pause) 6466M->1961M(8192M) 148.458ms
[5667.478s][info][gc,cpu         ] GC(843) User=1.18s Sys=0.00s Real=0.15s
.....[5671.544s][info][gc,start       ] GC(844) Pause Young (Normal) (G1 Evacuation Pause)
[5671.544s][info][gc,task        ] GC(844) Using 8 workers of 8 for evacuation
[5671.692s][info][gc,phases      ] GC(844)   Pre Evacuate Collection Set: 0.24ms
[5671.692s][info][gc,phases      ] GC(844)   Merge Heap Roots: 0.53ms
[5671.692s][info][gc,phases      ] GC(844)   Evacuate Collection Set: 145.96ms
[5671.692s][info][gc,phases      ] GC(844)   Post Evacuate Collection Set: 1.08ms
[5671.692s][info][gc,phases      ] GC(844)   Other: 0.06ms
[5671.692s][info][gc,heap        ] GC(844) Eden regions: 570->0(570)
[5671.692s][info][gc,heap        ] GC(844) Survivor regions: 44->44(77)
[5671.692s][info][gc,heap        ] GC(844) Old regions: 173->179
[5671.692s][info][gc,heap        ] GC(844) Humongous regions: 33->33
[5671.692s][info][gc,metaspace   ] GC(844) Metaspace: 35834K(38144K)->35834K(38144K) NonClass: 26762K(27072K)->26762K(27072K) Class: 9071K(11072K)->9071K(11072K)
[5671.692s][info][gc             ] GC(844) Pause Young (Normal) (G1 Evacuation Pause) 6521M->2016M(8192M) 148.006ms
[5671.692s][info][gc,cpu         ] GC(844) User=1.17s Sys=0.00s Real=0.15s
....[5675.693s][info][gc,start       ] GC(845) Pause Young (Normal) (G1 Evacuation Pause)
[5675.693s][info][gc,task        ] GC(845) Using 8 workers of 8 for evacuation
[5675.838s][info][gc,phases      ] GC(845)   Pre Evacuate Collection Set: 0.26ms
[5675.838s][info][gc,phases      ] GC(845)   Merge Heap Roots: 0.59ms
[5675.838s][info][gc,phases      ] GC(845)   Evacuate Collection Set: 142.80ms
[5675.838s][info][gc,phases      ] GC(845)   Post Evacuate Collection Set: 1.11ms
[5675.838s][info][gc,phases      ] GC(845)   Other: 0.06ms
[5675.838s][info][gc,heap        ] GC(845) Eden regions: 570->0(571)
[5675.838s][info][gc,heap        ] GC(845) Survivor regions: 44->43(77)
[5675.838s][info][gc,heap        ] GC(845) Old regions: 179->187
[5675.838s][info][gc,heap        ] GC(845) Humongous regions: 33->33
[5675.838s][info][gc,metaspace   ] GC(845) Metaspace: 35834K(38144K)->35834K(38144K) NonClass: 26762K(27072K)->26762K(27072K) Class: 9071K(11072K)->9071K(11072K)
[5675.838s][info][gc             ] GC(845) Pause Young (Normal) (G1 Evacuation Pause) 6576M->2070M(8192M) 144.975ms
[5675.838s][info][gc,cpu         ] GC(845) User=1.15s Sys=0.00s Real=0.15s
....[5679.848s][info][gc,start       ] GC(846) Pause Young (Normal) (G1 Evacuation Pause)
[5679.848s][info][gc,task        ] GC(846) Using 8 workers of 8 for evacuation
[5679.995s][info][gc,phases      ] GC(846)   Pre Evacuate Collection Set: 0.23ms
[5679.995s][info][gc,phases      ] GC(846)   Merge Heap Roots: 0.67ms
[5679.995s][info][gc,phases      ] GC(846)   Evacuate Collection Set: 144.92ms
[5679.995s][info][gc,phases      ] GC(846)   Post Evacuate Collection Set: 1.04ms
[5679.995s][info][gc,phases      ] GC(846)   Other: 0.06ms
[5679.995s][info][gc,heap        ] GC(846) Eden regions: 571->0(571)
[5679.995s][info][gc,heap        ] GC(846) Survivor regions: 43->43(77)
[5679.995s][info][gc,heap        ] GC(846) Old regions: 187->194
[5679.995s][info][gc,heap        ] GC(846) Humongous regions: 33->33
[5679.995s][info][gc,metaspace   ] GC(846) Metaspace: 35834K(38144K)->35834K(38144K) NonClass: 26762K(27072K)->26762K(27072K) Class: 9071K(11072K)->9071K(11072K)
[5679.995s][info][gc             ] GC(846) Pause Young (Normal) (G1 Evacuation Pause) 6638M->2125M(8192M) 147.064ms
[5679.995s][info][gc,cpu         ] GC(846) User=1.16s Sys=0.00s Real=0.14s
....[5684.031s][info][gc,start       ] GC(847) Pause Young (Normal) (G1 Evacuation Pause)
[5684.031s][info][gc,task        ] GC(847) Using 8 workers of 8 for evacuation
[5684.175s][info][gc,phases      ] GC(847)   Pre Evacuate Collection Set: 0.22ms
[5684.175s][info][gc,phases      ] GC(847)   Merge Heap Roots: 0.52ms
[5684.175s][info][gc,phases      ] GC(847)   Evacuate Collection Set: 142.35ms
[5684.175s][info][gc,phases      ] GC(847)   Post Evacuate Collection Set: 1.03ms
[5684.175s][info][gc,phases      ] GC(847)   Other: 0.07ms
[5684.175s][info][gc,heap        ] GC(847) Eden regions: 571->0(572)
[5684.175s][info][gc,heap        ] GC(847) Survivor regions: 43->42(77)
[5684.175s][info][gc,heap        ] GC(847) Old regions: 194->201
[5684.175s][info][gc,heap        ] GC(847) Humongous regions: 33->33
[5684.175s][info][gc,metaspace   ] GC(847) Metaspace: 35834K(38144K)->35834K(38144K) NonClass: 26762K(27072K)->26762K(27072K) Class: 9071K(11072K)->9071K(11072K)
[5684.175s][info][gc             ] GC(847) Pause Young (Normal) (G1 Evacuation Pause) 6693M->2176M(8192M) 144.316ms
[5684.175s][info][gc,cpu         ] GC(847) User=1.14s Sys=0.00s Real=0.14s
....[5688.218s][info][gc,start       ] GC(848) Pause Young (Normal) (G1 Evacuation Pause)
[5688.218s][info][gc,task        ] GC(848) Using 8 workers of 8 for evacuation
[5688.364s][info][gc,phases      ] GC(848)   Pre Evacuate Collection Set: 0.25ms
[5688.364s][info][gc,phases      ] GC(848)   Merge Heap Roots: 0.54ms
[5688.364s][info][gc,phases      ] GC(848)   Evacuate Collection Set: 143.92ms
[5688.364s][info][gc,phases      ] GC(848)   Post Evacuate Collection Set: 1.04ms
[5688.364s][info][gc,phases      ] GC(848)   Other: 0.07ms
[5688.364s][info][gc,heap        ] GC(848) Eden regions: 572->0(571)
[5688.364s][info][gc,heap        ] GC(848) Survivor regions: 42->43(77)
[5688.364s][info][gc,heap        ] GC(848) Old regions: 201->208
[5688.364s][info][gc,heap        ] GC(848) Humongous regions: 33->33
[5688.364s][info][gc,metaspace   ] GC(848) Metaspace: 35834K(38144K)->35834K(38144K) NonClass: 26762K(27072K)->26762K(27072K) Class: 9071K(11072K)->9071K(11072K)
[5688.364s][info][gc             ] GC(848) Pause Young (Normal) (G1 Evacuation Pause) 6752M->2236M(8192M) 145.952ms
[5688.364s][info][gc,cpu         ] GC(848) User=1.15s Sys=0.01s Real=0.14s
....[5692.441s][info][gc,start       ] GC(849) Pause Young (Normal) (G1 Evacuation Pause)
[5692.441s][info][gc,task        ] GC(849) Using 8 workers of 8 for evacuation
[5692.588s][info][gc,phases      ] GC(849)   Pre Evacuate Collection Set: 0.24ms
[5692.588s][info][gc,phases      ] GC(849)   Merge Heap Roots: 0.52ms
[5692.588s][info][gc,phases      ] GC(849)   Evacuate Collection Set: 144.85ms
[5692.588s][info][gc,phases      ] GC(849)   Post Evacuate Collection Set: 1.02ms
[5692.588s][info][gc,phases      ] GC(849)   Other: 0.06ms
[5692.588s][info][gc,heap        ] GC(849) Eden regions: 571->0(571)
[5692.588s][info][gc,heap        ] GC(849) Survivor regions: 43->43(77)
[5692.588s][info][gc,heap        ] GC(849) Old regions: 208->215
[5692.588s][info][gc,heap        ] GC(849) Humongous regions: 33->33
[5692.588s][info][gc,metaspace   ] GC(849) Metaspace: 35834K(38144K)->35834K(38144K) NonClass: 26762K(27072K)->26762K(27072K) Class: 9071K(11072K)->9071K(11072K)
[5692.588s][info][gc             ] GC(849) Pause Young (Normal) (G1 Evacuation Pause) 6804M->2294M(8192M) 146.827ms
[5692.588s][info][gc,cpu         ] GC(849) User=1.17s Sys=0.00s Real=0.15s
.....[5696.608s][info][gc,start       ] GC(850) Pause Young (Normal) (G1 Evacuation Pause)
[5696.608s][info][gc,task        ] GC(850) Using 8 workers of 8 for evacuation
[5696.755s][info][gc,phases      ] GC(850)   Pre Evacuate Collection Set: 0.25ms
[5696.755s][info][gc,phases      ] GC(850)   Merge Heap Roots: 0.55ms
[5696.755s][info][gc,phases      ] GC(850)   Evacuate Collection Set: 144.21ms
[5696.755s][info][gc,phases      ] GC(850)   Post Evacuate Collection Set: 1.03ms
[5696.755s][info][gc,phases      ] GC(850)   Other: 0.07ms
[5696.755s][info][gc,heap        ] GC(850) Eden regions: 571->0(571)
[5696.755s][info][gc,heap        ] GC(850) Survivor regions: 43->43(77)
[5696.755s][info][gc,heap        ] GC(850) Old regions: 215->222
[5696.755s][info][gc,heap        ] GC(850) Humongous regions: 33->33
[5696.755s][info][gc,metaspace   ] GC(850) Metaspace: 35834K(38144K)->35834K(38144K) NonClass: 26762K(27072K)->26762K(27072K) Class: 9071K(11072K)->9071K(11072K)
[5696.755s][info][gc             ] GC(850) Pause Young (Normal) (G1 Evacuation Pause) 6862M->2350M(8192M) 146.248ms
[5696.755s][info][gc,cpu         ] GC(850) User=1.16s Sys=0.00s Real=0.14s
....[5700.698s][info][gc,start       ] GC(851) Pause Young (Normal) (G1 Evacuation Pause)
[5700.698s][info][gc,task        ] GC(851) Using 8 workers of 8 for evacuation
[5700.845s][info][gc,phases      ] GC(851)   Pre Evacuate Collection Set: 0.24ms
[5700.845s][info][gc,phases      ] GC(851)   Merge Heap Roots: 0.52ms
[5700.845s][info][gc,phases      ] GC(851)   Evacuate Collection Set: 144.67ms
[5700.845s][info][gc,phases      ] GC(851)   Post Evacuate Collection Set: 1.07ms
[5700.845s][info][gc,phases      ] GC(851)   Other: 0.06ms
[5700.845s][info][gc,heap        ] GC(851) Eden regions: 571->0(571)
[5700.845s][info][gc,heap        ] GC(851) Survivor regions: 43->43(77)
[5700.845s][info][gc,heap        ] GC(851) Old regions: 222->230
[5700.845s][info][gc,heap        ] GC(851) Humongous regions: 33->33
[5700.845s][info][gc,metaspace   ] GC(851) Metaspace: 35834K(38144K)->35834K(38144K) NonClass: 26762K(27072K)->26762K(27072K) Class: 9071K(11072K)->9071K(11072K)
[5700.845s][info][gc             ] GC(851) Pause Young (Normal) (G1 Evacuation Pause) 6918M->2410M(8192M) 146.681ms
[5700.845s][info][gc,cpu         ] GC(851) User=1.16s Sys=0.01s Real=0.14s
....[5704.972s][info][gc,start       ] GC(852) Pause Young (Normal) (G1 Evacuation Pause)
[5704.972s][info][gc,task        ] GC(852) Using 8 workers of 8 for evacuation
[5705.119s][info][gc,phases      ] GC(852)   Pre Evacuate Collection Set: 0.23ms
[5705.119s][info][gc,phases      ] GC(852)   Merge Heap Roots: 0.54ms
[5705.119s][info][gc,phases      ] GC(852)   Evacuate Collection Set: 145.91ms
[5705.119s][info][gc,phases      ] GC(852)   Post Evacuate Collection Set: 1.06ms
[5705.119s][info][gc,phases      ] GC(852)   Other: 0.08ms
[5705.119s][info][gc,heap        ] GC(852) Eden regions: 571->0(571)
[5705.119s][info][gc,heap        ] GC(852) Survivor regions: 43->43(77)
[5705.119s][info][gc,heap        ] GC(852) Old regions: 230->237
[5705.119s][info][gc,heap        ] GC(852) Humongous regions: 33->33
[5705.119s][info][gc,metaspace   ] GC(852) Metaspace: 35834K(38144K)->35834K(38144K) NonClass: 26762K(27072K)->26762K(27072K) Class: 9071K(11072K)->9071K(11072K)
[5705.119s][info][gc             ] GC(852) Pause Young (Normal) (G1 Evacuation Pause) 6978M->2466M(8192M) 147.950ms
[5705.119s][info][gc,cpu         ] GC(852) User=1.17s Sys=0.00s Real=0.15s
....[5709.147s][info][gc,start       ] GC(853) Pause Young (Normal) (G1 Evacuation Pause)
[5709.147s][info][gc,task        ] GC(853) Using 8 workers of 8 for evacuation
[5709.296s][info][gc,phases      ] GC(853)   Pre Evacuate Collection Set: 0.23ms
[5709.296s][info][gc,phases      ] GC(853)   Merge Heap Roots: 0.52ms
[5709.296s][info][gc,phases      ] GC(853)   Evacuate Collection Set: 146.35ms
[5709.296s][info][gc,phases      ] GC(853)   Post Evacuate Collection Set: 1.05ms
[5709.296s][info][gc,phases      ] GC(853)   Other: 0.06ms
[5709.296s][info][gc,heap        ] GC(853) Eden regions: 571->0(571)
[5709.296s][info][gc,heap        ] GC(853) Survivor regions: 43->43(77)
[5709.296s][info][gc,heap        ] GC(853) Old regions: 237->244
[5709.296s][info][gc,heap        ] GC(853) Humongous regions: 33->33
[5709.296s][info][gc,metaspace   ] GC(853) Metaspace: 35834K(38144K)->35834K(38144K) NonClass: 26762K(27072K)->26762K(27072K) Class: 9071K(11072K)->9071K(11072K)
[5709.296s][info][gc             ] GC(853) Pause Young (Normal) (G1 Evacuation Pause) 7034M->2524M(8192M) 148.344ms
[5709.296s][info][gc,cpu         ] GC(853) User=1.18s Sys=0.00s Real=0.14s
.. (rIR:aIR:PR = 9271:9212:9213) (tPR = 136930) [OK] 
  5710s: Performance info:
         Transaction,    Success,    Partial,     Failed,   Receipts, AvgBarcode, 
             Overall,     554435,          0,          0,     526644,      59.47, 
         Response times:
             Request,    Success,    Partial,     Failed,   SkipFail,     Probes,    Samples,      min,      p50,      p90,      p95,      p99,      max, 
       TotalPurchase,     526564,          0,          0,          0,     358263,     488604,      300,     5900,    19200,    53000,   105000,   596000,
     InStorePurchase,     275543,          0,          0,          0,     189118,     257390,      300,     5900,    19000,    53000,   104000,   596000,
      OnlinePurchase,     194756,          0,          0,          0,     131472,     179361,      300,     5900,    19500,    53000,   103000,   596000,
        InstPurchase,      56265,          0,          0,          0,      37673,      51853,      500,     6100,    19700,    55000,   110000,   595000,
          AssocOfCat,        556,          0,          0,          0,        440,        698,    27000,    47000,    74100,   109150,   197020,   610000,
      AssocOfProduct,       5678,          0,          0,          0,       4050,       5806,      700,     6400,    23000,    59000,    99930,   208000,
      BusinessReport,       1398,          0,          0,          0,       1264,       1866,    32000,    55000,    96000,   140000,   210660,   650000,
          CustBuyBeh,       5580,          0,          0,          0,       4092,       5840,      300,     5900,    19100,    61000,   106590,   233000,
       ProductReturn,      14554,          0,          0,          0,       9493,      13334,      200,     5300,    17300,    49000,   105000,   584000,

  5710s: (68%)   IR =   9409 ..[5713.240s][info][gc,start       ] GC(854) Pause Young (Normal) (G1 Evacuation Pause)
[5713.240s][info][gc,task        ] GC(854) Using 8 workers of 8 for evacuation
[5713.388s][info][gc,phases      ] GC(854)   Pre Evacuate Collection Set: 0.24ms
[5713.388s][info][gc,phases      ] GC(854)   Merge Heap Roots: 0.54ms
[5713.388s][info][gc,phases      ] GC(854)   Evacuate Collection Set: 145.47ms
[5713.388s][info][gc,phases      ] GC(854)   Post Evacuate Collection Set: 1.06ms
[5713.388s][info][gc,phases      ] GC(854)   Other: 0.06ms
[5713.388s][info][gc,heap        ] GC(854) Eden regions: 571->0(571)
[5713.388s][info][gc,heap        ] GC(854) Survivor regions: 43->43(77)
[5713.388s][info][gc,heap        ] GC(854) Old regions: 244->251
[5713.388s][info][gc,heap        ] GC(854) Humongous regions: 33->33
[5713.388s][info][gc,metaspace   ] GC(854) Metaspace: 35834K(38144K)->35834K(38144K) NonClass: 26762K(27072K)->26762K(27072K) Class: 9071K(11072K)->9071K(11072K)
[5713.388s][info][gc             ] GC(854) Pause Young (Normal) (G1 Evacuation Pause) 7092M->2585M(8192M) 147.522ms
[5713.388s][info][gc,cpu         ] GC(854) User=1.16s Sys=0.00s Real=0.15s
...|.[5717.309s][info][gc,start       ] GC(855) Pause Young (Normal) (G1 Evacuation Pause)
[5717.310s][info][gc,task        ] GC(855) Using 8 workers of 8 for evacuation
[5717.455s][info][gc,phases      ] GC(855)   Pre Evacuate Collection Set: 0.23ms
[5717.455s][info][gc,phases      ] GC(855)   Merge Heap Roots: 0.52ms
[5717.455s][info][gc,phases      ] GC(855)   Evacuate Collection Set: 143.28ms
[5717.455s][info][gc,phases      ] GC(855)   Post Evacuate Collection Set: 1.03ms
[5717.455s][info][gc,phases      ] GC(855)   Other: 0.07ms
[5717.455s][info][gc,heap        ] GC(855) Eden regions: 571->0(571)
[5717.455s][info][gc,heap        ] GC(855) Survivor regions: 43->43(77)
[5717.455s][info][gc,heap        ] GC(855) Old regions: 251->258
[5717.455s][info][gc,heap        ] GC(855) Humongous regions: 33->33
[5717.455s][info][gc,metaspace   ] GC(855) Metaspace: 35834K(38144K)->35834K(38144K) NonClass: 26762K(27072K)->26762K(27072K) Class: 9071K(11072K)->9071K(11072K)
[5717.455s][info][gc             ] GC(855) Pause Young (Normal) (G1 Evacuation Pause) 7153M->2638M(8192M) 145.278ms
[5717.455s][info][gc,cpu         ] GC(855) User=1.15s Sys=0.00s Real=0.14s
....[5721.376s][info][gc,start       ] GC(856) Pause Young (Normal) (G1 Evacuation Pause)
[5721.376s][info][gc,task        ] GC(856) Using 8 workers of 8 for evacuation
[5721.522s][info][gc,phases      ] GC(856)   Pre Evacuate Collection Set: 0.24ms
[5721.522s][info][gc,phases      ] GC(856)   Merge Heap Roots: 0.54ms
[5721.522s][info][gc,phases      ] GC(856)   Evacuate Collection Set: 143.78ms
[5721.522s][info][gc,phases      ] GC(856)   Post Evacuate Collection Set: 1.04ms
[5721.522s][info][gc,phases      ] GC(856)   Other: 0.06ms
[5721.522s][info][gc,heap        ] GC(856) Eden regions: 571->0(571)
[5721.522s][info][gc,heap        ] GC(856) Survivor regions: 43->43(77)
[5721.522s][info][gc,heap        ] GC(856) Old regions: 258->265
[5721.522s][info][gc,heap        ] GC(856) Humongous regions: 33->33
[5721.522s][info][gc,metaspace   ] GC(856) Metaspace: 35834K(38144K)->35834K(38144K) NonClass: 26762K(27072K)->26762K(27072K) Class: 9071K(11072K)->9071K(11072K)
[5721.522s][info][gc             ] GC(856) Pause Young (Normal) (G1 Evacuation Pause) 7206M->2697M(8192M) 145.776ms
[5721.522s][info][gc,cpu         ] GC(856) User=1.16s Sys=0.00s Real=0.15s
....[5725.447s][info][gc,start       ] GC(857) Pause Young (Normal) (G1 Evacuation Pause)
[5725.447s][info][gc,task        ] GC(857) Using 8 workers of 8 for evacuation
[5725.595s][info][gc,phases      ] GC(857)   Pre Evacuate Collection Set: 0.23ms
[5725.595s][info][gc,phases      ] GC(857)   Merge Heap Roots: 0.52ms
[5725.595s][info][gc,phases      ] GC(857)   Evacuate Collection Set: 145.64ms
[5725.595s][info][gc,phases      ] GC(857)   Post Evacuate Collection Set: 1.09ms
[5725.595s][info][gc,phases      ] GC(857)   Other: 0.06ms
[5725.595s][info][gc,heap        ] GC(857) Eden regions: 571->0(571)
[5725.595s][info][gc,heap        ] GC(857) Survivor regions: 43->43(77)
[5725.595s][info][gc,heap        ] GC(857) Old regions: 265->272
[5725.595s][info][gc,heap        ] GC(857) Humongous regions: 33->33
[5725.595s][info][gc,metaspace   ] GC(857) Metaspace: 35834K(38144K)->35834K(38144K) NonClass: 26762K(27072K)->26762K(27072K) Class: 9071K(11072K)->9071K(11072K)
[5725.595s][info][gc             ] GC(857) Pause Young (Normal) (G1 Evacuation Pause) 7265M->2756M(8192M) 147.680ms
[5725.595s][info][gc,cpu         ] GC(857) User=1.17s Sys=0.00s Real=0.14s
....[5729.543s][info][gc,start       ] GC(858) Pause Young (Normal) (G1 Evacuation Pause)
[5729.543s][info][gc,task        ] GC(858) Using 8 workers of 8 for evacuation
[5729.692s][info][gc,phases      ] GC(858)   Pre Evacuate Collection Set: 0.23ms
[5729.692s][info][gc,phases      ] GC(858)   Merge Heap Roots: 0.53ms
[5729.692s][info][gc,phases      ] GC(858)   Evacuate Collection Set: 147.81ms
[5729.692s][info][gc,phases      ] GC(858)   Post Evacuate Collection Set: 1.05ms
[5729.692s][info][gc,phases      ] GC(858)   Other: 0.06ms
[5729.692s][info][gc,heap        ] GC(858) Eden regions: 571->0(570)
[5729.692s][info][gc,heap        ] GC(858) Survivor regions: 43->44(77)
[5729.692s][info][gc,heap        ] GC(858) Old regions: 272->280
[5729.692s][info][gc,heap        ] GC(858) Humongous regions: 33->33
[5729.692s][info][gc,metaspace   ] GC(858) Metaspace: 35834K(38144K)->35834K(38144K) NonClass: 26762K(27072K)->26762K(27072K) Class: 9071K(11072K)->9071K(11072K)
[5729.692s][info][gc             ] GC(858) Pause Young (Normal) (G1 Evacuation Pause) 7324M->2825M(8192M) 149.818ms
[5729.692s][info][gc,cpu         ] GC(858) User=1.19s Sys=0.00s Real=0.15s
....[5733.656s][info][gc,start       ] GC(859) Pause Young (Normal) (G1 Evacuation Pause)
[5733.656s][info][gc,task        ] GC(859) Using 8 workers of 8 for evacuation
[5733.806s][info][gc,phases      ] GC(859)   Pre Evacuate Collection Set: 0.26ms
[5733.806s][info][gc,phases      ] GC(859)   Merge Heap Roots: 0.53ms
[5733.806s][info][gc,phases      ] GC(859)   Evacuate Collection Set: 147.93ms
[5733.806s][info][gc,phases      ] GC(859)   Post Evacuate Collection Set: 1.04ms
[5733.806s][info][gc,phases      ] GC(859)   Other: 0.06ms
[5733.806s][info][gc,heap        ] GC(859) Eden regions: 570->0(566)
[5733.806s][info][gc,heap        ] GC(859) Survivor regions: 44->43(77)
[5733.806s][info][gc,heap        ] GC(859) Old regions: 280->287
[5733.806s][info][gc,heap        ] GC(859) Humongous regions: 33->33
[5733.806s][info][gc,metaspace   ] GC(859) Metaspace: 35834K(38144K)->35834K(38144K) NonClass: 26762K(27072K)->26762K(27072K) Class: 9071K(11072K)->9071K(11072K)
[5733.806s][info][gc             ] GC(859) Pause Young (Normal) (G1 Evacuation Pause) 7385M->2874M(8192M) 149.956ms
[5733.806s][info][gc,cpu         ] GC(859) User=1.18s Sys=0.00s Real=0.15s
....[5737.690s][info][gc,start       ] GC(860) Pause Young (Normal) (G1 Evacuation Pause)
[5737.690s][info][gc,task        ] GC(860) Using 8 workers of 8 for evacuation
[5737.838s][info][gc,phases      ] GC(860)   Pre Evacuate Collection Set: 0.27ms
[5737.838s][info][gc,phases      ] GC(860)   Merge Heap Roots: 0.54ms
[5737.838s][info][gc,phases      ] GC(860)   Evacuate Collection Set: 145.78ms
[5737.838s][info][gc,phases      ] GC(860)   Post Evacuate Collection Set: 1.06ms
[5737.838s][info][gc,phases      ] GC(860)   Other: 0.06ms
[5737.838s][info][gc,heap        ] GC(860) Eden regions: 566->0(559)
[5737.838s][info][gc,heap        ] GC(860) Survivor regions: 43->43(77)
[5737.838s][info][gc,heap        ] GC(860) Old regions: 287->294
[5737.838s][info][gc,heap        ] GC(860) Humongous regions: 33->33
[5737.838s][info][gc,metaspace   ] GC(860) Metaspace: 35834K(38144K)->35834K(38144K) NonClass: 26762K(27072K)->26762K(27072K) Class: 9071K(11072K)->9071K(11072K)
[5737.838s][info][gc             ] GC(860) Pause Young (Normal) (G1 Evacuation Pause) 7402M->2932M(8192M) 147.846ms
[5737.838s][info][gc,cpu         ] GC(860) User=1.17s Sys=0.00s Real=0.15s
....[5741.658s][info][gc,start       ] GC(861) Pause Young (Normal) (G1 Evacuation Pause)
[5741.658s][info][gc,task        ] GC(861) Using 8 workers of 8 for evacuation
[5741.804s][info][gc,phases      ] GC(861)   Pre Evacuate Collection Set: 0.24ms
[5741.804s][info][gc,phases      ] GC(861)   Merge Heap Roots: 0.52ms
[5741.804s][info][gc,phases      ] GC(861)   Evacuate Collection Set: 143.91ms
[5741.804s][info][gc,phases      ] GC(861)   Post Evacuate Collection Set: 1.02ms
[5741.804s][info][gc,phases      ] GC(861)   Other: 0.06ms
[5741.804s][info][gc,heap        ] GC(861) Eden regions: 559->0(553)
[5741.804s][info][gc,heap        ] GC(861) Survivor regions: 43->42(76)
[5741.804s][info][gc,heap        ] GC(861) Old regions: 294->302
[5741.804s][info][gc,heap        ] GC(861) Humongous regions: 33->33
[5741.804s][info][gc,metaspace   ] GC(861) Metaspace: 35834K(38144K)->35834K(38144K) NonClass: 26762K(27072K)->26762K(27072K) Class: 9071K(11072K)->9071K(11072K)
[5741.804s][info][gc             ] GC(861) Pause Young (Normal) (G1 Evacuation Pause) 7404M->2982M(8192M) 145.884ms
[5741.804s][info][gc,cpu         ] GC(861) User=1.15s Sys=0.00s Real=0.14s
....[5745.638s][info][gc,start       ] GC(862) Pause Young (Normal) (G1 Evacuation Pause)
[5745.639s][info][gc,task        ] GC(862) Using 8 workers of 8 for evacuation
[5745.783s][info][gc,phases      ] GC(862)   Pre Evacuate Collection Set: 0.26ms
[5745.783s][info][gc,phases      ] GC(862)   Merge Heap Roots: 0.65ms
[5745.783s][info][gc,phases      ] GC(862)   Evacuate Collection Set: 142.08ms
[5745.783s][info][gc,phases      ] GC(862)   Post Evacuate Collection Set: 1.03ms
[5745.783s][info][gc,phases      ] GC(862)   Other: 0.06ms
[5745.783s][info][gc,heap        ] GC(862) Eden regions: 553->0(546)
[5745.783s][info][gc,heap        ] GC(862) Survivor regions: 42->42(75)
[5745.783s][info][gc,heap        ] GC(862) Old regions: 302->309
[5745.783s][info][gc,heap        ] GC(862) Humongous regions: 33->33
[5745.783s][info][gc,metaspace   ] GC(862) Metaspace: 35834K(38144K)->35834K(38144K) NonClass: 26762K(27072K)->26762K(27072K) Class: 9071K(11072K)->9071K(11072K)
[5745.783s][info][gc             ] GC(862) Pause Young (Normal) (G1 Evacuation Pause) 7406M->3041M(8192M) 144.231ms
[5745.783s][info][gc,cpu         ] GC(862) User=1.14s Sys=0.00s Real=0.14s
....[5749.597s][info][gc,start       ] GC(863) Pause Young (Concurrent Start) (G1 Evacuation Pause)
[5749.598s][info][gc,task        ] GC(863) Using 8 workers of 8 for evacuation
[5749.742s][info][gc,phases      ] GC(863)   Pre Evacuate Collection Set: 0.31ms
[5749.742s][info][gc,phases      ] GC(863)   Merge Heap Roots: 0.56ms
[5749.742s][info][gc,phases      ] GC(863)   Evacuate Collection Set: 142.58ms
[5749.742s][info][gc,phases      ] GC(863)   Post Evacuate Collection Set: 1.00ms
[5749.742s][info][gc,phases      ] GC(863)   Other: 0.13ms
[5749.742s][info][gc,heap        ] GC(863) Eden regions: 546->0(537)
[5749.742s][info][gc,heap        ] GC(863) Survivor regions: 42->43(74)
[5749.742s][info][gc,heap        ] GC(863) Old regions: 309->316
[5749.742s][info][gc,heap        ] GC(863) Humongous regions: 33->33
[5749.742s][info][gc,metaspace   ] GC(863) Metaspace: 35834K(38144K)->35834K(38144K) NonClass: 26762K(27072K)->26762K(27072K) Class: 9071K(11072K)->9071K(11072K)
[5749.742s][info][gc             ] GC(863) Pause Young (Concurrent Start) (G1 Evacuation Pause) 7409M->3104M(8192M) 144.723ms
[5749.742s][info][gc             ] GC(864) Concurrent Mark Cycle
[5749.742s][info][gc,marking     ] GC(864) Concurrent Scan Root Regions
[5749.742s][info][gc,cpu         ] GC(863) User=1.14s Sys=0.00s Real=0.14s
.[5750.051s][info][gc,marking     ] GC(864) Concurrent Scan Root Regions 308.843ms
[5750.051s][info][gc,marking     ] GC(864) Concurrent Mark
[5750.051s][info][gc,marking     ] GC(864) Concurrent Mark From Roots
[5750.051s][info][gc,task        ] GC(864) Using 2 workers of 2 for marking
.[5751.398s][info][gc,marking     ] GC(864) Concurrent Mark From Roots 1346.862ms
[5751.398s][info][gc,marking     ] GC(864) Concurrent Preclean
[5751.398s][info][gc,marking     ] GC(864) Concurrent Preclean 0.089ms
[5751.398s][info][gc,start       ] GC(864) Pause Remark
[5751.400s][info][gc             ] GC(864) Pause Remark 5024M->4392M(8192M) 2.063ms
[5751.400s][info][gc,cpu         ] GC(864) User=0.02s Sys=0.00s Real=0.00s
[5751.401s][info][gc,marking     ] GC(864) Concurrent Mark 1349.413ms
[5751.401s][info][gc,marking     ] GC(864) Concurrent Rebuild Remembered Sets and Scrub Regions
.[5752.236s][info][gc,marking     ] GC(864) Concurrent Rebuild Remembered Sets and Scrub Regions 835.975ms
[5752.237s][info][gc,start       ] GC(864) Pause Cleanup
[5752.237s][info][gc             ] GC(864) Pause Cleanup 5509M->5509M(8192M) 0.258ms
[5752.237s][info][gc,cpu         ] GC(864) User=0.00s Sys=0.00s Real=0.01s
[5752.237s][info][gc,marking     ] GC(864) Concurrent Clear Claimed Marks
[5752.237s][info][gc,marking     ] GC(864) Concurrent Clear Claimed Marks 0.046ms
[5752.237s][info][gc,marking     ] GC(864) Concurrent Cleanup for Next Mark
[5752.251s][info][gc,marking     ] GC(864) Concurrent Cleanup for Next Mark 13.532ms
[5752.251s][info][gc             ] GC(864) Concurrent Mark Cycle 2508.535ms
.[5753.337s][info][gc,start       ] GC(865) Pause Young (Prepare Mixed) (G1 Evacuation Pause)
[5753.337s][info][gc,task        ] GC(865) Using 8 workers of 8 for evacuation
[5753.483s][info][gc,phases      ] GC(865)   Pre Evacuate Collection Set: 0.25ms
[5753.483s][info][gc,phases      ] GC(865)   Merge Heap Roots: 0.76ms
[5753.483s][info][gc,phases      ] GC(865)   Evacuate Collection Set: 143.31ms
[5753.483s][info][gc,phases      ] GC(865)   Post Evacuate Collection Set: 1.11ms
[5753.483s][info][gc,phases      ] GC(865)   Other: 0.06ms
[5753.483s][info][gc,heap        ] GC(865) Eden regions: 537->0(572)
[5753.483s][info][gc,heap        ] GC(865) Survivor regions: 43->42(73)
[5753.483s][info][gc,heap        ] GC(865) Old regions: 237->245
[5753.483s][info][gc,heap        ] GC(865) Humongous regions: 33->33
[5753.483s][info][gc,metaspace   ] GC(865) Metaspace: 35834K(38144K)->35834K(38144K) NonClass: 26762K(27072K)->26762K(27072K) Class: 9071K(11072K)->9071K(11072K)
[5753.483s][info][gc             ] GC(865) Pause Young (Prepare Mixed) (G1 Evacuation Pause) 6768M->2528M(8192M) 145.631ms
[5753.483s][info][gc,cpu         ] GC(865) User=1.15s Sys=0.00s Real=0.14s
....[5757.411s][info][gc,start       ] GC(866) Pause Young (Mixed) (G1 Evacuation Pause)
[5757.411s][info][gc,task        ] GC(866) Using 8 workers of 8 for evacuation
[5757.571s][info][gc,phases      ] GC(866)   Pre Evacuate Collection Set: 0.29ms
[5757.572s][info][gc,phases      ] GC(866)   Merge Heap Roots: 0.88ms
[5757.572s][info][gc,phases      ] GC(866)   Evacuate Collection Set: 157.86ms
[5757.572s][info][gc,phases      ] GC(866)   Post Evacuate Collection Set: 1.23ms
[5757.572s][info][gc,phases      ] GC(866)   Other: 0.07ms
[5757.572s][info][gc,heap        ] GC(866) Eden regions: 572->0(570)
[5757.572s][info][gc,heap        ] GC(866) Survivor regions: 42->44(77)
[5757.572s][info][gc,heap        ] GC(866) Old regions: 245->151
[5757.572s][info][gc,heap        ] GC(866) Humongous regions: 33->33
[5757.572s][info][gc,metaspace   ] GC(866) Metaspace: 35834K(38144K)->35834K(38144K) NonClass: 26762K(27072K)->26762K(27072K) Class: 9071K(11072K)->9071K(11072K)
[5757.572s][info][gc             ] GC(866) Pause Young (Mixed) (G1 Evacuation Pause) 7104M->1785M(8192M) 160.465ms
[5757.572s][info][gc,cpu         ] GC(866) User=1.27s Sys=0.00s Real=0.16s
....[5761.472s][info][gc,start       ] GC(867) Pause Young (Mixed) (G1 Evacuation Pause)
[5761.472s][info][gc,task        ] GC(867) Using 8 workers of 8 for evacuation
[5761.630s][info][gc,phases      ] GC(867)   Pre Evacuate Collection Set: 0.23ms
[5761.630s][info][gc,phases      ] GC(867)   Merge Heap Roots: 0.73ms
[5761.630s][info][gc,phases      ] GC(867)   Evacuate Collection Set: 155.22ms
[5761.630s][info][gc,phases      ] GC(867)   Post Evacuate Collection Set: 1.09ms
[5761.630s][info][gc,phases      ] GC(867)   Other: 0.07ms
[5761.630s][info][gc,heap        ] GC(867) Eden regions: 570->0(571)
[5761.630s][info][gc,heap        ] GC(867) Survivor regions: 44->43(77)
[5761.630s][info][gc,heap        ] GC(867) Old regions: 151->143
[5761.630s][info][gc,heap        ] GC(867) Humongous regions: 33->33
[5761.630s][info][gc,metaspace   ] GC(867) Metaspace: 35834K(38144K)->35834K(38144K) NonClass: 26762K(27072K)->26762K(27072K) Class: 9071K(11072K)->9071K(11072K)
[5761.630s][info][gc             ] GC(867) Pause Young (Mixed) (G1 Evacuation Pause) 6345M->1717M(8192M) 157.478ms
[5761.630s][info][gc,cpu         ] GC(867) User=1.25s Sys=0.00s Real=0.16s
....[5765.482s][info][gc,start       ] GC(868) Pause Young (Normal) (G1 Evacuation Pause)
[5765.482s][info][gc,task        ] GC(868) Using 8 workers of 8 for evacuation
[5765.633s][info][gc,phases      ] GC(868)   Pre Evacuate Collection Set: 0.24ms
[5765.633s][info][gc,phases      ] GC(868)   Merge Heap Roots: 0.51ms
[5765.633s][info][gc,phases      ] GC(868)   Evacuate Collection Set: 149.90ms
[5765.633s][info][gc,phases      ] GC(868)   Post Evacuate Collection Set: 1.03ms
[5765.633s][info][gc,phases      ] GC(868)   Other: 0.08ms
[5765.633s][info][gc,heap        ] GC(868) Eden regions: 571->0(570)
[5765.633s][info][gc,heap        ] GC(868) Survivor regions: 43->44(77)
[5765.633s][info][gc,heap        ] GC(868) Old regions: 143->150
[5765.633s][info][gc,heap        ] GC(868) Humongous regions: 33->33
[5765.633s][info][gc,metaspace   ] GC(868) Metaspace: 35834K(38144K)->35834K(38144K) NonClass: 26762K(27072K)->26762K(27072K) Class: 9071K(11072K)->9071K(11072K)
[5765.633s][info][gc             ] GC(868) Pause Young (Normal) (G1 Evacuation Pause) 6285M->1783M(8192M) 151.893ms
[5765.633s][info][gc,cpu         ] GC(868) User=1.20s Sys=0.00s Real=0.15s
....[5769.429s][info][gc,start       ] GC(869) Pause Young (Normal) (G1 Evacuation Pause)
[5769.429s][info][gc,task        ] GC(869) Using 8 workers of 8 for evacuation
[5769.576s][info][gc,phases      ] GC(869)   Pre Evacuate Collection Set: 0.22ms
[5769.576s][info][gc,phases      ] GC(869)   Merge Heap Roots: 0.57ms
[5769.576s][info][gc,phases      ] GC(869)   Evacuate Collection Set: 145.15ms
[5769.576s][info][gc,phases      ] GC(869)   Post Evacuate Collection Set: 1.04ms
[5769.576s][info][gc,phases      ] GC(869)   Other: 0.06ms
[5769.576s][info][gc,heap        ] GC(869) Eden regions: 570->0(571)
[5769.576s][info][gc,heap        ] GC(869) Survivor regions: 44->43(77)
[5769.576s][info][gc,heap        ] GC(869) Old regions: 150->157
[5769.576s][info][gc,heap        ] GC(869) Humongous regions: 33->33
[5769.576s][info][gc,metaspace   ] GC(869) Metaspace: 35834K(38144K)->35834K(38144K) NonClass: 26762K(27072K)->26762K(27072K) Class: 9071K(11072K)->9071K(11072K)
[5769.576s][info][gc             ] GC(869) Pause Young (Normal) (G1 Evacuation Pause) 6343M->1833M(8192M) 147.161ms
[5769.576s][info][gc,cpu         ] GC(869) User=1.16s Sys=0.00s Real=0.14s
....[5773.654s][info][gc,start       ] GC(870) Pause Young (Normal) (G1 Evacuation Pause)
[5773.654s][info][gc,task        ] GC(870) Using 8 workers of 8 for evacuation
[5773.801s][info][gc,phases      ] GC(870)   Pre Evacuate Collection Set: 0.24ms
[5773.801s][info][gc,phases      ] GC(870)   Merge Heap Roots: 0.52ms
[5773.801s][info][gc,phases      ] GC(870)   Evacuate Collection Set: 145.00ms
[5773.801s][info][gc,phases      ] GC(870)   Post Evacuate Collection Set: 1.03ms
[5773.801s][info][gc,phases      ] GC(870)   Other: 0.07ms
[5773.801s][info][gc,heap        ] GC(870) Eden regions: 571->0(571)
[5773.801s][info][gc,heap        ] GC(870) Survivor regions: 43->43(77)
[5773.801s][info][gc,heap        ] GC(870) Old regions: 157->164
[5773.801s][info][gc,heap        ] GC(870) Humongous regions: 33->33
[5773.801s][info][gc,metaspace   ] GC(870) Metaspace: 35834K(38144K)->35834K(38144K) NonClass: 26762K(27072K)->26762K(27072K) Class: 9071K(11072K)->9071K(11072K)
[5773.801s][info][gc             ] GC(870) Pause Young (Normal) (G1 Evacuation Pause) 6401M->1890M(8192M) 146.977ms
[5773.801s][info][gc,cpu         ] GC(870) User=1.17s Sys=0.00s Real=0.15s
... (rIR:aIR:PR = 9409:9442:9442) (tPR = 140980) [OK] 
  5775s: Performance info:
         Transaction,    Success,    Partial,     Failed,   Receipts, AvgBarcode, 
             Overall,     567854,          0,          0,     539652,      59.48, 
         Response times:
             Request,    Success,    Partial,     Failed,   SkipFail,     Probes,    Samples,      min,      p50,      p90,      p95,      p99,      max, 
       TotalPurchase,     539652,          0,          0,          0,     354952,     391224,      300,     6200,    23000,    58000,   107000,  1500000,
     InStorePurchase,     283743,          0,          0,          0,     186436,     205250,      300,     6200,    23000,    58000,   104000,  1500000,
      OnlinePurchase,     199222,          0,          0,          0,     131043,     144552,      300,     6300,    23000,    58000,   111000,  1500000,
        InstPurchase,      56687,          0,          0,          0,      37473,      41422,      400,     6100,    21000,    56000,   110000,  1200000,
          AssocOfCat,        561,          0,          0,          0,        474,        615,    31000,    50000,    93000,   127000,   191880,   228000,
      AssocOfProduct,       5653,          0,          0,          0,       4178,       4796,      800,     7200,    24300,    61000,   117000,   345000,
      BusinessReport,       1413,          0,          0,          0,       1292,       1550,    32000,    56000,    94000,   136000,   214000,   442000,
          CustBuyBeh,       5696,          0,          0,          0,       4178,       4779,      200,     4500,    18400,    50000,   110000,   419000,
       ProductReturn,      14879,          0,          0,          0,       9688,      10833,      400,     6000,    22000,    56000,   107000,  1200000,

  5775s: (69%)   IR =   9548 .[5777.720s][info][gc,start       ] GC(871) Pause Young (Normal) (G1 Evacuation Pause)
[5777.720s][info][gc,task        ] GC(871) Using 8 workers of 8 for evacuation
[5777.868s][info][gc,phases      ] GC(871)   Pre Evacuate Collection Set: 0.24ms
[5777.868s][info][gc,phases      ] GC(871)   Merge Heap Roots: 0.53ms
[5777.868s][info][gc,phases      ] GC(871)   Evacuate Collection Set: 145.91ms
[5777.868s][info][gc,phases      ] GC(871)   Post Evacuate Collection Set: 1.06ms
[5777.868s][info][gc,phases      ] GC(871)   Other: 0.07ms
[5777.868s][info][gc,heap        ] GC(871) Eden regions: 571->0(570)
[5777.868s][info][gc,heap        ] GC(871) Survivor regions: 43->44(77)
[5777.868s][info][gc,heap        ] GC(871) Old regions: 164->172
[5777.868s][info][gc,heap        ] GC(871) Humongous regions: 33->33
[5777.868s][info][gc,metaspace   ] GC(871) Metaspace: 35834K(38144K)->35834K(38144K) NonClass: 26762K(27072K)->26762K(27072K) Class: 9071K(11072K)->9071K(11072K)
[5777.868s][info][gc             ] GC(871) Pause Young (Normal) (G1 Evacuation Pause) 6458M->1953M(8192M) 147.928ms
[5777.868s][info][gc,cpu         ] GC(871) User=1.17s Sys=0.00s Real=0.15s
....[5781.612s][info][gc,start       ] GC(872) Pause Young (Normal) (G1 Evacuation Pause)
[5781.612s][info][gc,task        ] GC(872) Using 8 workers of 8 for evacuation
[5781.764s][info][gc,phases      ] GC(872)   Pre Evacuate Collection Set: 0.23ms
[5781.764s][info][gc,phases      ] GC(872)   Merge Heap Roots: 0.51ms
[5781.764s][info][gc,phases      ] GC(872)   Evacuate Collection Set: 150.06ms
[5781.764s][info][gc,phases      ] GC(872)   Post Evacuate Collection Set: 1.06ms
[5781.764s][info][gc,phases      ] GC(872)   Other: 0.07ms
[5781.764s][info][gc,heap        ] GC(872) Eden regions: 570->0(570)
[5781.764s][info][gc,heap        ] GC(872) Survivor regions: 44->44(77)
[5781.764s][info][gc,heap        ] GC(872) Old regions: 172->179
[5781.764s][info][gc,heap        ] GC(872) Humongous regions: 33->33
[5781.764s][info][gc,metaspace   ] GC(872) Metaspace: 35834K(38144K)->35834K(38144K) NonClass: 26762K(27072K)->26762K(27072K) Class: 9071K(11072K)->9071K(11072K)
[5781.764s][info][gc             ] GC(872) Pause Young (Normal) (G1 Evacuation Pause) 6513M->2010M(8192M) 152.059ms
[5781.765s][info][gc,cpu         ] GC(872) User=1.20s Sys=0.00s Real=0.15s
....[5785.658s][info][gc,start       ] GC(873) Pause Young (Normal) (G1 Evacuation Pause)
[5785.658s][info][gc,task        ] GC(873) Using 8 workers of 8 for evacuation
[5785.816s][info][gc,phases      ] GC(873)   Pre Evacuate Collection Set: 0.22ms
[5785.816s][info][gc,phases      ] GC(873)   Merge Heap Roots: 0.52ms
[5785.816s][info][gc,phases      ] GC(873)   Evacuate Collection Set: 155.76ms
[5785.816s][info][gc,phases      ] GC(873)   Post Evacuate Collection Set: 1.04ms
[5785.816s][info][gc,phases      ] GC(873)   Other: 0.07ms
[5785.816s][info][gc,heap        ] GC(873) Eden regions: 570->0(568)
[5785.816s][info][gc,heap        ] GC(873) Survivor regions: 44->46(77)
[5785.816s][info][gc,heap        ] GC(873) Old regions: 179->186
[5785.816s][info][gc,heap        ] GC(873) Humongous regions: 33->33
[5785.816s][info][gc,metaspace   ] GC(873) Metaspace: 35834K(38144K)->35834K(38144K) NonClass: 26762K(27072K)->26762K(27072K) Class: 9071K(11072K)->9071K(11072K)
[5785.816s][info][gc             ] GC(873) Pause Young (Normal) (G1 Evacuation Pause) 6570M->2086M(8192M) 157.738ms
[5785.816s][info][gc,cpu         ] GC(873) User=1.25s Sys=0.00s Real=0.15s
....[5789.645s][info][gc,start       ] GC(874) Pause Young (Normal) (G1 Evacuation Pause)
[5789.645s][info][gc,task        ] GC(874) Using 8 workers of 8 for evacuation
[5789.792s][info][gc,phases      ] GC(874)   Pre Evacuate Collection Set: 0.24ms
[5789.792s][info][gc,phases      ] GC(874)   Merge Heap Roots: 0.51ms
[5789.792s][info][gc,phases      ] GC(874)   Evacuate Collection Set: 145.47ms
[5789.792s][info][gc,phases      ] GC(874)   Post Evacuate Collection Set: 1.03ms
[5789.792s][info][gc,phases      ] GC(874)   Other: 0.06ms
[5789.792s][info][gc,heap        ] GC(874) Eden regions: 568->0(570)
[5789.792s][info][gc,heap        ] GC(874) Survivor regions: 46->44(77)
[5789.792s][info][gc,heap        ] GC(874) Old regions: 186->193
[5789.792s][info][gc,heap        ] GC(874) Humongous regions: 33->33
[5789.792s][info][gc,metaspace   ] GC(874) Metaspace: 35834K(38144K)->35834K(38144K) NonClass: 26762K(27072K)->26762K(27072K) Class: 9071K(11072K)->9071K(11072K)
[5789.792s][info][gc             ] GC(874) Pause Young (Normal) (G1 Evacuation Pause) 6630M->2126M(8192M) 147.454ms
[5789.792s][info][gc,cpu         ] GC(874) User=1.17s Sys=0.00s Real=0.15s
....[5793.651s][info][gc,start       ] GC(875) Pause Young (Normal) (G1 Evacuation Pause)
[5793.651s][info][gc,task        ] GC(875) Using 8 workers of 8 for evacuation
[5793.799s][info][gc,phases      ] GC(875)   Pre Evacuate Collection Set: 0.26ms
[5793.799s][info][gc,phases      ] GC(875)   Merge Heap Roots: 0.53ms
[5793.799s][info][gc,phases      ] GC(875)   Evacuate Collection Set: 145.58ms
[5793.799s][info][gc,phases      ] GC(875)   Post Evacuate Collection Set: 1.03ms
[5793.799s][info][gc,phases      ] GC(875)   Other: 0.06ms
[5793.799s][info][gc,heap        ] GC(875) Eden regions: 570->0(570)
[5793.799s][info][gc,heap        ] GC(875) Survivor regions: 44->44(77)
[5793.799s][info][gc,heap        ] GC(875) Old regions: 193->200
[5793.799s][info][gc,heap        ] GC(875) Humongous regions: 33->33
[5793.799s][info][gc,metaspace   ] GC(875) Metaspace: 35834K(38144K)->35834K(38144K) NonClass: 26762K(27072K)->26762K(27072K) Class: 9071K(11072K)->9071K(11072K)
[5793.799s][info][gc             ] GC(875) Pause Young (Normal) (G1 Evacuation Pause) 6686M->2184M(8192M) 147.586ms
[5793.799s][info][gc,cpu         ] GC(875) User=1.17s Sys=0.00s Real=0.15s
....[5797.632s][info][gc,start       ] GC(876) Pause Young (Normal) (G1 Evacuation Pause)
[5797.632s][info][gc,task        ] GC(876) Using 8 workers of 8 for evacuation
[5797.782s][info][gc,phases      ] GC(876)   Pre Evacuate Collection Set: 0.23ms
[5797.782s][info][gc,phases      ] GC(876)   Merge Heap Roots: 0.57ms
[5797.782s][info][gc,phases      ] GC(876)   Evacuate Collection Set: 147.59ms
[5797.782s][info][gc,phases      ] GC(876)   Post Evacuate Collection Set: 1.05ms
[5797.782s][info][gc,phases      ] GC(876)   Other: 0.07ms
[5797.782s][info][gc,heap        ] GC(876) Eden regions: 570->0(571)
[5797.782s][info][gc,heap        ] GC(876) Survivor regions: 44->43(77)
[5797.782s][info][gc,heap        ] GC(876) Old regions: 200->207
[5797.782s][info][gc,heap        ] GC(876) Humongous regions: 33->33
[5797.782s][info][gc,metaspace   ] GC(876) Metaspace: 35834K(38144K)->35834K(38144K) NonClass: 26762K(27072K)->26762K(27072K) Class: 9071K(11072K)->9071K(11072K)
[5797.782s][info][gc             ] GC(876) Pause Young (Normal) (G1 Evacuation Pause) 6744M->2236M(8192M) 149.644ms
[5797.782s][info][gc,cpu         ] GC(876) User=1.18s Sys=0.00s Real=0.15s
...|.[5801.722s][info][gc,start       ] GC(877) Pause Young (Normal) (G1 Evacuation Pause)
[5801.722s][info][gc,task        ] GC(877) Using 8 workers of 8 for evacuation
[5801.872s][info][gc,phases      ] GC(877)   Pre Evacuate Collection Set: 0.23ms
[5801.872s][info][gc,phases      ] GC(877)   Merge Heap Roots: 0.54ms
[5801.872s][info][gc,phases      ] GC(877)   Evacuate Collection Set: 148.18ms
[5801.872s][info][gc,phases      ] GC(877)   Post Evacuate Collection Set: 1.03ms
[5801.872s][info][gc,phases      ] GC(877)   Other: 0.06ms
[5801.873s][info][gc,heap        ] GC(877) Eden regions: 571->0(571)
[5801.873s][info][gc,heap        ] GC(877) Survivor regions: 43->43(77)
[5801.873s][info][gc,heap        ] GC(877) Old regions: 207->215
[5801.873s][info][gc,heap        ] GC(877) Humongous regions: 33->33
[5801.873s][info][gc,metaspace   ] GC(877) Metaspace: 35834K(38144K)->35834K(38144K) NonClass: 26762K(27072K)->26762K(27072K) Class: 9071K(11072K)->9071K(11072K)
[5801.873s][info][gc             ] GC(877) Pause Young (Normal) (G1 Evacuation Pause) 6804M->2293M(8192M) 150.164ms
[5801.873s][info][gc,cpu         ] GC(877) User=1.19s Sys=0.00s Real=0.15s
....[5805.856s][info][gc,start       ] GC(878) Pause Young (Normal) (G1 Evacuation Pause)
[5805.856s][info][gc,task        ] GC(878) Using 8 workers of 8 for evacuation
[5806.005s][info][gc,phases      ] GC(878)   Pre Evacuate Collection Set: 0.25ms
[5806.005s][info][gc,phases      ] GC(878)   Merge Heap Roots: 0.52ms
[5806.005s][info][gc,phases      ] GC(878)   Evacuate Collection Set: 146.59ms
[5806.005s][info][gc,phases      ] GC(878)   Post Evacuate Collection Set: 1.04ms
[5806.005s][info][gc,phases      ] GC(878)   Other: 0.06ms
[5806.005s][info][gc,heap        ] GC(878) Eden regions: 571->0(571)
[5806.005s][info][gc,heap        ] GC(878) Survivor regions: 43->43(77)
[5806.005s][info][gc,heap        ] GC(878) Old regions: 215->222
[5806.005s][info][gc,heap        ] GC(878) Humongous regions: 33->33
[5806.005s][info][gc,metaspace   ] GC(878) Metaspace: 35834K(38144K)->35834K(38144K) NonClass: 26762K(27072K)->26762K(27072K) Class: 9071K(11072K)->9071K(11072K)
[5806.005s][info][gc             ] GC(878) Pause Young (Normal) (G1 Evacuation Pause) 6861M->2349M(8192M) 148.580ms
[5806.005s][info][gc,cpu         ] GC(878) User=1.18s Sys=0.00s Real=0.15s
....[5809.864s][info][gc,start       ] GC(879) Pause Young (Normal) (G1 Evacuation Pause)
[5809.864s][info][gc,task        ] GC(879) Using 8 workers of 8 for evacuation
[5810.011s][info][gc,phases      ] GC(879)   Pre Evacuate Collection Set: 0.27ms
[5810.011s][info][gc,phases      ] GC(879)   Merge Heap Roots: 0.53ms
[5810.011s][info][gc,phases      ] GC(879)   Evacuate Collection Set: 145.26ms
[5810.011s][info][gc,phases      ] GC(879)   Post Evacuate Collection Set: 1.04ms
[5810.011s][info][gc,phases      ] GC(879)   Other: 0.07ms
[5810.011s][info][gc,heap        ] GC(879) Eden regions: 571->0(571)
[5810.011s][info][gc,heap        ] GC(879) Survivor regions: 43->43(77)
[5810.011s][info][gc,heap        ] GC(879) Old regions: 222->229
[5810.011s][info][gc,heap        ] GC(879) Humongous regions: 33->33
[5810.011s][info][gc,metaspace   ] GC(879) Metaspace: 35834K(38144K)->35834K(38144K) NonClass: 26762K(27072K)->26762K(27072K) Class: 9071K(11072K)->9071K(11072K)
[5810.011s][info][gc             ] GC(879) Pause Young (Normal) (G1 Evacuation Pause) 6917M->2406M(8192M) 147.298ms
[5810.011s][info][gc,cpu         ] GC(879) User=1.16s Sys=0.00s Real=0.15s
....[5813.827s][info][gc,start       ] GC(880) Pause Young (Normal) (G1 Evacuation Pause)
[5813.827s][info][gc,task        ] GC(880) Using 8 workers of 8 for evacuation
[5813.978s][info][gc,phases      ] GC(880)   Pre Evacuate Collection Set: 0.23ms
[5813.978s][info][gc,phases      ] GC(880)   Merge Heap Roots: 0.52ms
[5813.978s][info][gc,phases      ] GC(880)   Evacuate Collection Set: 149.11ms
[5813.978s][info][gc,phases      ] GC(880)   Post Evacuate Collection Set: 1.05ms
[5813.978s][info][gc,phases      ] GC(880)   Other: 0.07ms
[5813.978s][info][gc,heap        ] GC(880) Eden regions: 571->0(570)
[5813.978s][info][gc,heap        ] GC(880) Survivor regions: 43->44(77)
[5813.978s][info][gc,heap        ] GC(880) Old regions: 229->236
[5813.978s][info][gc,heap        ] GC(880) Humongous regions: 33->33
[5813.978s][info][gc,metaspace   ] GC(880) Metaspace: 35834K(38144K)->35834K(38144K) NonClass: 26762K(27072K)->26762K(27072K) Class: 9071K(11072K)->9071K(11072K)
[5813.978s][info][gc             ] GC(880) Pause Young (Normal) (G1 Evacuation Pause) 6974M->2470M(8192M) 151.118ms
[5813.978s][info][gc,cpu         ] GC(880) User=1.19s Sys=0.00s Real=0.16s
....[5817.760s][info][gc,start       ] GC(881) Pause Young (Normal) (G1 Evacuation Pause)
[5817.760s][info][gc,task        ] GC(881) Using 8 workers of 8 for evacuation
[5817.912s][info][gc,phases      ] GC(881)   Pre Evacuate Collection Set: 0.23ms
[5817.912s][info][gc,phases      ] GC(881)   Merge Heap Roots: 0.52ms
[5817.912s][info][gc,phases      ] GC(881)   Evacuate Collection Set: 149.41ms
[5817.912s][info][gc,phases      ] GC(881)   Post Evacuate Collection Set: 1.05ms
[5817.912s][info][gc,phases      ] GC(881)   Other: 0.07ms
[5817.912s][info][gc,heap        ] GC(881) Eden regions: 570->0(570)
[5817.912s][info][gc,heap        ] GC(881) Survivor regions: 44->44(77)
[5817.912s][info][gc,heap        ] GC(881) Old regions: 236->243
[5817.912s][info][gc,heap        ] GC(881) Humongous regions: 33->33
[5817.912s][info][gc,metaspace   ] GC(881) Metaspace: 35834K(38144K)->35834K(38144K) NonClass: 26762K(27072K)->26762K(27072K) Class: 9071K(11072K)->9071K(11072K)
[5817.912s][info][gc             ] GC(881) Pause Young (Normal) (G1 Evacuation Pause) 7030M->2526M(8192M) 151.421ms
[5817.912s][info][gc,cpu         ] GC(881) User=1.20s Sys=0.00s Real=0.15s
....[5821.792s][info][gc,start       ] GC(882) Pause Young (Normal) (G1 Evacuation Pause)
[5821.792s][info][gc,task        ] GC(882) Using 8 workers of 8 for evacuation
[5821.939s][info][gc,phases      ] GC(882)   Pre Evacuate Collection Set: 0.27ms
[5821.939s][info][gc,phases      ] GC(882)   Merge Heap Roots: 0.51ms
[5821.939s][info][gc,phases      ] GC(882)   Evacuate Collection Set: 145.44ms
[5821.939s][info][gc,phases      ] GC(882)   Post Evacuate Collection Set: 1.01ms
[5821.939s][info][gc,phases      ] GC(882)   Other: 0.07ms
[5821.939s][info][gc,heap        ] GC(882) Eden regions: 570->0(570)
[5821.939s][info][gc,heap        ] GC(882) Survivor regions: 44->44(77)
[5821.939s][info][gc,heap        ] GC(882) Old regions: 243->250
[5821.939s][info][gc,heap        ] GC(882) Humongous regions: 33->33
[5821.939s][info][gc,metaspace   ] GC(882) Metaspace: 35834K(38144K)->35834K(38144K) NonClass: 26762K(27072K)->26762K(27072K) Class: 9071K(11072K)->9071K(11072K)
[5821.939s][info][gc             ] GC(882) Pause Young (Normal) (G1 Evacuation Pause) 7086M->2584M(8192M) 147.436ms
[5821.939s][info][gc,cpu         ] GC(882) User=1.17s Sys=0.00s Real=0.15s
....[5825.751s][info][gc,start       ] GC(883) Pause Young (Normal) (G1 Evacuation Pause)
[5825.751s][info][gc,task        ] GC(883) Using 8 workers of 8 for evacuation
[5825.898s][info][gc,phases      ] GC(883)   Pre Evacuate Collection Set: 0.22ms
[5825.898s][info][gc,phases      ] GC(883)   Merge Heap Roots: 0.61ms
[5825.898s][info][gc,phases      ] GC(883)   Evacuate Collection Set: 145.70ms
[5825.898s][info][gc,phases      ] GC(883)   Post Evacuate Collection Set: 1.05ms
[5825.898s][info][gc,phases      ] GC(883)   Other: 0.07ms
[5825.898s][info][gc,heap        ] GC(883) Eden regions: 570->0(571)
[5825.898s][info][gc,heap        ] GC(883) Survivor regions: 44->43(77)
[5825.898s][info][gc,heap        ] GC(883) Old regions: 250->258
[5825.898s][info][gc,heap        ] GC(883) Humongous regions: 33->33
[5825.898s][info][gc,metaspace   ] GC(883) Metaspace: 35834K(38144K)->35834K(38144K) NonClass: 26762K(27072K)->26762K(27072K) Class: 9071K(11072K)->9071K(11072K)
[5825.898s][info][gc             ] GC(883) Pause Young (Normal) (G1 Evacuation Pause) 7144M->2637M(8192M) 147.792ms
[5825.898s][info][gc,cpu         ] GC(883) User=1.17s Sys=0.00s Real=0.15s
....[5829.618s][info][gc,start       ] GC(884) Pause Young (Normal) (G1 Evacuation Pause)
[5829.618s][info][gc,task        ] GC(884) Using 8 workers of 8 for evacuation
[5829.767s][info][gc,phases      ] GC(884)   Pre Evacuate Collection Set: 0.24ms
[5829.767s][info][gc,phases      ] GC(884)   Merge Heap Roots: 0.55ms
[5829.767s][info][gc,phases      ] GC(884)   Evacuate Collection Set: 146.72ms
[5829.767s][info][gc,phases      ] GC(884)   Post Evacuate Collection Set: 1.06ms
[5829.767s][info][gc,phases      ] GC(884)   Other: 0.07ms
[5829.767s][info][gc,heap        ] GC(884) Eden regions: 571->0(571)
[5829.767s][info][gc,heap        ] GC(884) Survivor regions: 43->43(77)
[5829.767s][info][gc,heap        ] GC(884) Old regions: 258->265
[5829.767s][info][gc,heap        ] GC(884) Humongous regions: 33->33
[5829.767s][info][gc,metaspace   ] GC(884) Metaspace: 35834K(38144K)->35834K(38144K) NonClass: 26762K(27072K)->26762K(27072K) Class: 9071K(11072K)->9071K(11072K)
[5829.767s][info][gc             ] GC(884) Pause Young (Normal) (G1 Evacuation Pause) 7205M->2697M(8192M) 148.766ms
[5829.767s][info][gc,cpu         ] GC(884) User=1.18s Sys=0.00s Real=0.15s
....[5833.539s][info][gc,start       ] GC(885) Pause Young (Normal) (G1 Evacuation Pause)
[5833.539s][info][gc,task        ] GC(885) Using 8 workers of 8 for evacuation
[5833.688s][info][gc,phases      ] GC(885)   Pre Evacuate Collection Set: 0.23ms
[5833.688s][info][gc,phases      ] GC(885)   Merge Heap Roots: 0.63ms
[5833.688s][info][gc,phases      ] GC(885)   Evacuate Collection Set: 146.25ms
[5833.688s][info][gc,phases      ] GC(885)   Post Evacuate Collection Set: 1.08ms
[5833.688s][info][gc,phases      ] GC(885)   Other: 0.06ms
[5833.688s][info][gc,heap        ] GC(885) Eden regions: 571->0(570)
[5833.688s][info][gc,heap        ] GC(885) Survivor regions: 43->44(77)
[5833.688s][info][gc,heap        ] GC(885) Old regions: 265->272
[5833.688s][info][gc,heap        ] GC(885) Humongous regions: 33->33
[5833.688s][info][gc,metaspace   ] GC(885) Metaspace: 35834K(38144K)->35834K(38144K) NonClass: 26762K(27072K)->26762K(27072K) Class: 9071K(11072K)->9071K(11072K)
[5833.688s][info][gc             ] GC(885) Pause Young (Normal) (G1 Evacuation Pause) 7265M->2758M(8192M) 148.402ms
[5833.688s][info][gc,cpu         ] GC(885) User=1.18s Sys=0.00s Real=0.15s
....[5837.588s][info][gc,start       ] GC(886) Pause Young (Normal) (G1 Evacuation Pause)
[5837.588s][info][gc,task        ] GC(886) Using 8 workers of 8 for evacuation
[5837.737s][info][gc,phases      ] GC(886)   Pre Evacuate Collection Set: 0.26ms
[5837.737s][info][gc,phases      ] GC(886)   Merge Heap Roots: 0.52ms
[5837.737s][info][gc,phases      ] GC(886)   Evacuate Collection Set: 146.83ms
[5837.737s][info][gc,phases      ] GC(886)   Post Evacuate Collection Set: 1.06ms
[5837.737s][info][gc,phases      ] GC(886)   Other: 0.07ms
[5837.737s][info][gc,heap        ] GC(886) Eden regions: 570->0(570)
[5837.737s][info][gc,heap        ] GC(886) Survivor regions: 44->44(77)
[5837.737s][info][gc,heap        ] GC(886) Old regions: 272->279
[5837.737s][info][gc,heap        ] GC(886) Humongous regions: 33->33
[5837.737s][info][gc,metaspace   ] GC(886) Metaspace: 35834K(38144K)->35834K(38144K) NonClass: 26762K(27072K)->26762K(27072K) Class: 9071K(11072K)->9071K(11072K)
[5837.737s][info][gc             ] GC(886) Pause Young (Normal) (G1 Evacuation Pause) 7318M->2814M(8192M) 148.866ms
[5837.737s][info][gc,cpu         ] GC(886) User=1.18s Sys=0.00s Real=0.15s
....[5841.519s][info][gc,start       ] GC(887) Pause Young (Normal) (G1 Evacuation Pause)
[5841.519s][info][gc,task        ] GC(887) Using 8 workers of 8 for evacuation
[5841.667s][info][gc,phases      ] GC(887)   Pre Evacuate Collection Set: 0.24ms
[5841.667s][info][gc,phases      ] GC(887)   Merge Heap Roots: 0.60ms
[5841.667s][info][gc,phases      ] GC(887)   Evacuate Collection Set: 145.55ms
[5841.667s][info][gc,phases      ] GC(887)   Post Evacuate Collection Set: 1.06ms
[5841.667s][info][gc,phases      ] GC(887)   Other: 0.07ms
[5841.667s][info][gc,heap        ] GC(887) Eden regions: 570->0(566)
[5841.667s][info][gc,heap        ] GC(887) Survivor regions: 44->43(77)
[5841.667s][info][gc,heap        ] GC(887) Old regions: 279->287
[5841.667s][info][gc,heap        ] GC(887) Humongous regions: 33->33
[5841.667s][info][gc,metaspace   ] GC(887) Metaspace: 35834K(38144K)->35834K(38144K) NonClass: 26762K(27072K)->26762K(27072K) Class: 9071K(11072K)->9071K(11072K)
[5841.667s][info][gc             ] GC(887) Pause Young (Normal) (G1 Evacuation Pause) 7374M->2869M(8192M) 147.641ms
[5841.667s][info][gc,cpu         ] GC(887) User=1.17s Sys=0.00s Real=0.15s
....[5845.481s][info][gc,start       ] GC(888) Pause Young (Normal) (G1 Evacuation Pause)
[5845.481s][info][gc,task        ] GC(888) Using 8 workers of 8 for evacuation
[5845.630s][info][gc,phases      ] GC(888)   Pre Evacuate Collection Set: 0.24ms
[5845.630s][info][gc,phases      ] GC(888)   Merge Heap Roots: 0.53ms
[5845.630s][info][gc,phases      ] GC(888)   Evacuate Collection Set: 147.34ms
[5845.630s][info][gc,phases      ] GC(888)   Post Evacuate Collection Set: 1.02ms
[5845.630s][info][gc,phases      ] GC(888)   Other: 0.06ms
[5845.630s][info][gc,heap        ] GC(888) Eden regions: 566->0(557)
[5845.630s][info][gc,heap        ] GC(888) Survivor regions: 43->44(77)
[5845.630s][info][gc,heap        ] GC(888) Old regions: 287->294
[5845.630s][info][gc,heap        ] GC(888) Humongous regions: 33->33
[5845.630s][info][gc,metaspace   ] GC(888) Metaspace: 35834K(38144K)->35834K(38144K) NonClass: 26762K(27072K)->26762K(27072K) Class: 9071K(11072K)->9071K(11072K)
[5845.631s][info][gc             ] GC(888) Pause Young (Normal) (G1 Evacuation Pause) 7397M->2930M(8192M) 149.309ms
[5845.631s][info][gc,cpu         ] GC(888) User=1.18s Sys=0.00s Real=0.15s
....[5849.467s][info][gc,start       ] GC(889) Pause Young (Normal) (G1 Evacuation Pause)
[5849.467s][info][gc,task        ] GC(889) Using 8 workers of 8 for evacuation
[5849.617s][info][gc,phases      ] GC(889)   Pre Evacuate Collection Set: 0.23ms
[5849.617s][info][gc,phases      ] GC(889)   Merge Heap Roots: 0.52ms
[5849.617s][info][gc,phases      ] GC(889)   Evacuate Collection Set: 148.69ms
[5849.617s][info][gc,phases      ] GC(889)   Post Evacuate Collection Set: 1.04ms
[5849.617s][info][gc,phases      ] GC(889)   Other: 0.06ms
[5849.617s][info][gc,heap        ] GC(889) Eden regions: 557->0(552)
[5849.617s][info][gc,heap        ] GC(889) Survivor regions: 44->43(76)
[5849.617s][info][gc,heap        ] GC(889) Old regions: 294->301
[5849.617s][info][gc,heap        ] GC(889) Humongous regions: 33->33
[5849.617s][info][gc,metaspace   ] GC(889) Metaspace: 35834K(38144K)->35834K(38144K) NonClass: 26762K(27072K)->26762K(27072K) Class: 9071K(11072K)->9071K(11072K)
[5849.617s][info][gc             ] GC(889) Pause Young (Normal) (G1 Evacuation Pause) 7386M->2985M(8192M) 150.667ms
[5849.617s][info][gc,cpu         ] GC(889) User=1.19s Sys=0.00s Real=0.16s
....[5853.365s][info][gc,start       ] GC(890) Pause Young (Normal) (G1 Evacuation Pause)
[5853.365s][info][gc,task        ] GC(890) Using 8 workers of 8 for evacuation
[5853.512s][info][gc,phases      ] GC(890)   Pre Evacuate Collection Set: 0.23ms
[5853.512s][info][gc,phases      ] GC(890)   Merge Heap Roots: 0.52ms
[5853.512s][info][gc,phases      ] GC(890)   Evacuate Collection Set: 145.04ms
[5853.512s][info][gc,phases      ] GC(890)   Post Evacuate Collection Set: 1.01ms
[5853.512s][info][gc,phases      ] GC(890)   Other: 0.06ms
[5853.512s][info][gc,heap        ] GC(890) Eden regions: 552->0(544)
[5853.512s][info][gc,heap        ] GC(890) Survivor regions: 43->43(75)
[5853.512s][info][gc,heap        ] GC(890) Old regions: 301->309
[5853.512s][info][gc,heap        ] GC(890) Humongous regions: 33->33
[5853.512s][info][gc,metaspace   ] GC(890) Metaspace: 35834K(38144K)->35834K(38144K) NonClass: 26762K(27072K)->26762K(27072K) Class: 9071K(11072K)->9071K(11072K)
[5853.512s][info][gc             ] GC(890) Pause Young (Normal) (G1 Evacuation Pause) 7401M->3041M(8192M) 147.003ms
[5853.512s][info][gc,cpu         ] GC(890) User=1.16s Sys=0.00s Real=0.15s
....[5857.227s][info][gc,start       ] GC(891) Pause Young (Concurrent Start) (G1 Evacuation Pause)
[5857.227s][info][gc,task        ] GC(891) Using 8 workers of 8 for evacuation
[5857.376s][info][gc,phases      ] GC(891)   Pre Evacuate Collection Set: 0.25ms
[5857.376s][info][gc,phases      ] GC(891)   Merge Heap Roots: 0.53ms
[5857.376s][info][gc,phases      ] GC(891)   Evacuate Collection Set: 146.67ms
[5857.376s][info][gc,phases      ] GC(891)   Post Evacuate Collection Set: 1.01ms
[5857.376s][info][gc,phases      ] GC(891)   Other: 0.09ms
[5857.376s][info][gc,heap        ] GC(891) Eden regions: 544->0(537)
[5857.376s][info][gc,heap        ] GC(891) Survivor regions: 43->43(74)
[5857.376s][info][gc,heap        ] GC(891) Old regions: 309->316
[5857.376s][info][gc,heap        ] GC(891) Humongous regions: 33->33
[5857.376s][info][gc,metaspace   ] GC(891) Metaspace: 35834K(38144K)->35834K(38144K) NonClass: 26762K(27072K)->26762K(27072K) Class: 9071K(11072K)->9071K(11072K)
[5857.376s][info][gc             ] GC(891) Pause Young (Concurrent Start) (G1 Evacuation Pause) 7393M->3100M(8192M) 148.696ms
[5857.376s][info][gc             ] GC(892) Concurrent Mark Cycle
[5857.376s][info][gc,marking     ] GC(892) Concurrent Scan Root Regions
[5857.376s][info][gc,cpu         ] GC(891) User=1.18s Sys=0.01s Real=0.14s
[5857.711s][info][gc,marking     ] GC(892) Concurrent Scan Root Regions 334.794ms
[5857.711s][info][gc,marking     ] GC(892) Concurrent Mark
[5857.711s][info][gc,marking     ] GC(892) Concurrent Mark From Roots
[5857.711s][info][gc,task        ] GC(892) Using 2 workers of 2 for marking
.[5858.900s][info][gc,marking     ] GC(892) Concurrent Mark From Roots 1188.531ms
[5858.900s][info][gc,marking     ] GC(892) Concurrent Preclean
[5858.900s][info][gc,marking     ] GC(892) Concurrent Preclean 0.079ms
[5858.900s][info][gc,start       ] GC(892) Pause Remark
[5858.902s][info][gc             ] GC(892) Pause Remark 4812M->4244M(8192M) 2.059ms
[5858.902s][info][gc,cpu         ] GC(892) User=0.01s Sys=0.00s Real=0.00s
[5858.902s][info][gc,marking     ] GC(892) Concurrent Mark 1191.072ms
[5858.902s][info][gc,marking     ] GC(892) Concurrent Rebuild Remembered Sets and Scrub Regions
.[5859.469s][info][gc,marking     ] GC(892) Concurrent Rebuild Remembered Sets and Scrub Regions 566.830ms
[5859.469s][info][gc,start       ] GC(892) Pause Cleanup
[5859.469s][info][gc             ] GC(892) Pause Cleanup 4964M->4964M(8192M) 0.263ms
[5859.469s][info][gc,cpu         ] GC(892) User=0.00s Sys=0.00s Real=0.00s
[5859.478s][info][gc,marking     ] GC(892) Concurrent Clear Claimed Marks
[5859.478s][info][gc,marking     ] GC(892) Concurrent Clear Claimed Marks 0.088ms
[5859.478s][info][gc,marking     ] GC(892) Concurrent Cleanup for Next Mark
[5859.489s][info][gc,marking     ] GC(892) Concurrent Cleanup for Next Mark 10.870ms
[5859.489s][info][gc             ] GC(892) Concurrent Mark Cycle 2113.227ms
. (rIR:aIR:PR = 9548:9613:9615) (tPR = 143620) [OK] 
  5859s: Performance info:
         Transaction,    Success,    Partial,     Failed,   Receipts, AvgBarcode, 
             Overall,     577348,          0,          0,     548511,      59.48, 
         Response times:
             Request,    Success,    Partial,     Failed,   SkipFail,     Probes,    Samples,      min,      p50,      p90,      p95,      p99,      max, 
       TotalPurchase,     548388,          0,          0,          0,     355885,     507386,      300,     6400,    22000,    58000,   103000,  1800000,
     InStorePurchase,     289118,          0,          0,          0,     186973,     266871,      300,     6400,    22000,    57000,   103000,  1800000,
      OnlinePurchase,     202252,          0,          0,          0,     130532,     186159,      300,     6500,    22000,    60000,   104000,  1800000,
        InstPurchase,      57018,          0,          0,          0,      38380,      54356,      400,     6400,    22000,    57000,   102000,  1800000,
          AssocOfCat,        575,          0,          0,          0,        470,        790,    29000,    51000,    79000,   118000,   214270,   532000,
      AssocOfProduct,       5783,          0,          0,          0,       4264,       6319,      700,     6800,    28000,    69000,   108000,   293000,
      BusinessReport,       1433,          0,          0,          0,       1311,       2043,    30000,    57000,    95000,   147000,   210000,   299000,
          CustBuyBeh,       5756,          0,          0,          0,       4223,       6256,      300,     6100,    22000,    50000,    97430,   338000,
       ProductReturn,      15269,          0,          0,          0,       9856,      14266,      300,     6900,    25000,    66000,   102000,   404000,

  5859s: (70%)   IR =   9686 [5861.119s][info][gc,start       ] GC(893) Pause Young (Prepare Mixed) (G1 Evacuation Pause)
[5861.119s][info][gc,task        ] GC(893) Using 8 workers of 8 for evacuation
[5861.262s][info][gc,phases      ] GC(893)   Pre Evacuate Collection Set: 0.26ms
[5861.262s][info][gc,phases      ] GC(893)   Merge Heap Roots: 0.74ms
[5861.262s][info][gc,phases      ] GC(893)   Evacuate Collection Set: 141.41ms
[5861.262s][info][gc,phases      ] GC(893)   Post Evacuate Collection Set: 1.17ms
[5861.262s][info][gc,phases      ] GC(893)   Other: 0.06ms
[5861.262s][info][gc,heap        ] GC(893) Eden regions: 537->0(573)
[5861.262s][info][gc,heap        ] GC(893) Survivor regions: 43->41(73)
[5861.262s][info][gc,heap        ] GC(893) Old regions: 245->252
[5861.262s][info][gc,heap        ] GC(893) Humongous regions: 33->33
[5861.262s][info][gc,metaspace   ] GC(893) Metaspace: 35834K(38144K)->35834K(38144K) NonClass: 26762K(27072K)->26762K(27072K) Class: 9071K(11072K)->9071K(11072K)
[5861.262s][info][gc             ] GC(893) Pause Young (Prepare Mixed) (G1 Evacuation Pause) 6828M->2576M(8192M) 143.774ms
[5861.262s][info][gc,cpu         ] GC(893) User=1.14s Sys=0.00s Real=0.14s
....[5865.128s][info][gc,start       ] GC(894) Pause Young (Mixed) (G1 Evacuation Pause)
[5865.128s][info][gc,task        ] GC(894) Using 8 workers of 8 for evacuation
[5865.282s][info][gc,phases      ] GC(894)   Pre Evacuate Collection Set: 0.26ms
[5865.282s][info][gc,phases      ] GC(894)   Merge Heap Roots: 0.83ms
[5865.282s][info][gc,phases      ] GC(894)   Evacuate Collection Set: 151.31ms
[5865.282s][info][gc,phases      ] GC(894)   Post Evacuate Collection Set: 1.28ms
[5865.282s][info][gc,phases      ] GC(894)   Other: 0.07ms
[5865.282s][info][gc,heap        ] GC(894) Eden regions: 573->0(573)
[5865.282s][info][gc,heap        ] GC(894) Survivor regions: 41->41(77)
[5865.282s][info][gc,heap        ] GC(894) Old regions: 252->158
[5865.282s][info][gc,heap        ] GC(894) Humongous regions: 33->33
[5865.282s][info][gc,metaspace   ] GC(894) Metaspace: 35834K(38144K)->35834K(38144K) NonClass: 26762K(27072K)->26762K(27072K) Class: 9071K(11072K)->9071K(11072K)
[5865.282s][info][gc             ] GC(894) Pause Young (Mixed) (G1 Evacuation Pause) 7160M->1822M(8192M) 153.870ms
[5865.282s][info][gc,cpu         ] GC(894) User=1.21s Sys=0.00s Real=0.15s
....[5869.042s][info][gc,start       ] GC(895) Pause Young (Mixed) (G1 Evacuation Pause)
[5869.042s][info][gc,task        ] GC(895) Using 8 workers of 8 for evacuation
[5869.195s][info][gc,phases      ] GC(895)   Pre Evacuate Collection Set: 0.23ms
[5869.195s][info][gc,phases      ] GC(895)   Merge Heap Roots: 0.77ms
[5869.195s][info][gc,phases      ] GC(895)   Evacuate Collection Set: 150.67ms
[5869.195s][info][gc,phases      ] GC(895)   Post Evacuate Collection Set: 1.05ms
[5869.195s][info][gc,phases      ] GC(895)   Other: 0.07ms
[5869.195s][info][gc,heap        ] GC(895) Eden regions: 573->0(570)
[5869.195s][info][gc,heap        ] GC(895) Survivor regions: 41->44(77)
[5869.195s][info][gc,heap        ] GC(895) Old regions: 158->142
[5869.195s][info][gc,heap        ] GC(895) Humongous regions: 33->33
[5869.195s][info][gc,metaspace   ] GC(895) Metaspace: 35834K(38144K)->35834K(38144K) NonClass: 26762K(27072K)->26762K(27072K) Class: 9071K(11072K)->9071K(11072K)
[5869.195s][info][gc             ] GC(895) Pause Young (Mixed) (G1 Evacuation Pause) 6406M->1716M(8192M) 152.925ms
[5869.195s][info][gc,cpu         ] GC(895) User=1.21s Sys=0.00s Real=0.15s
....[5872.998s][info][gc,start       ] GC(896) Pause Young (Normal) (G1 Evacuation Pause)
[5872.998s][info][gc,task        ] GC(896) Using 8 workers of 8 for evacuation
[5873.143s][info][gc,phases      ] GC(896)   Pre Evacuate Collection Set: 0.28ms
[5873.143s][info][gc,phases      ] GC(896)   Merge Heap Roots: 0.52ms
[5873.143s][info][gc,phases      ] GC(896)   Evacuate Collection Set: 142.70ms
[5873.143s][info][gc,phases      ] GC(896)   Post Evacuate Collection Set: 1.05ms
[5873.143s][info][gc,phases      ] GC(896)   Other: 0.06ms
[5873.143s][info][gc,heap        ] GC(896) Eden regions: 570->0(572)
[5873.143s][info][gc,heap        ] GC(896) Survivor regions: 44->42(77)
[5873.143s][info][gc,heap        ] GC(896) Old regions: 142->149
[5873.143s][info][gc,heap        ] GC(896) Humongous regions: 33->33
[5873.143s][info][gc,metaspace   ] GC(896) Metaspace: 35834K(38144K)->35834K(38144K) NonClass: 26762K(27072K)->26762K(27072K) Class: 9071K(11072K)->9071K(11072K)
[5873.143s][info][gc             ] GC(896) Pause Young (Normal) (G1 Evacuation Pause) 6276M->1762M(8192M) 144.738ms
[5873.143s][info][gc,cpu         ] GC(896) User=1.14s Sys=0.00s Real=0.14s
....[5876.959s][info][gc,start       ] GC(897) Pause Young (Normal) (G1 Evacuation Pause)
[5876.959s][info][gc,task        ] GC(897) Using 8 workers of 8 for evacuation
[5877.104s][info][gc,phases      ] GC(897)   Pre Evacuate Collection Set: 0.22ms
[5877.104s][info][gc,phases      ] GC(897)   Merge Heap Roots: 0.58ms
[5877.104s][info][gc,phases      ] GC(897)   Evacuate Collection Set: 142.77ms
[5877.104s][info][gc,phases      ] GC(897)   Post Evacuate Collection Set: 1.04ms
[5877.104s][info][gc,phases      ] GC(897)   Other: 0.06ms
[5877.104s][info][gc,heap        ] GC(897) Eden regions: 572->0(571)
[5877.104s][info][gc,heap        ] GC(897) Survivor regions: 42->43(77)
[5877.104s][info][gc,heap        ] GC(897) Old regions: 149->156
[5877.104s][info][gc,heap        ] GC(897) Humongous regions: 33->33
[5877.104s][info][gc,metaspace   ] GC(897) Metaspace: 35834K(38144K)->35834K(38144K) NonClass: 26762K(27072K)->26762K(27072K) Class: 9071K(11072K)->9071K(11072K)
[5877.104s][info][gc             ] GC(897) Pause Young (Normal) (G1 Evacuation Pause) 6338M->1821M(8192M) 144.817ms
[5877.104s][info][gc,cpu         ] GC(897) User=1.15s Sys=0.01s Real=0.14s
....[5880.944s][info][gc,start       ] GC(898) Pause Young (Normal) (G1 Evacuation Pause)
[5880.944s][info][gc,task        ] GC(898) Using 8 workers of 8 for evacuation
[5881.098s][info][gc,phases      ] GC(898)   Pre Evacuate Collection Set: 0.23ms
[5881.099s][info][gc,phases      ] GC(898)   Merge Heap Roots: 0.52ms
[5881.099s][info][gc,phases      ] GC(898)   Evacuate Collection Set: 152.71ms
[5881.099s][info][gc,phases      ] GC(898)   Post Evacuate Collection Set: 1.06ms
[5881.099s][info][gc,phases      ] GC(898)   Other: 0.06ms
[5881.099s][info][gc,heap        ] GC(898) Eden regions: 571->0(570)
[5881.099s][info][gc,heap        ] GC(898) Survivor regions: 43->44(77)
[5881.099s][info][gc,heap        ] GC(898) Old regions: 156->163
[5881.099s][info][gc,heap        ] GC(898) Humongous regions: 33->33
[5881.099s][info][gc,metaspace   ] GC(898) Metaspace: 35834K(38144K)->35834K(38144K) NonClass: 26762K(27072K)->26762K(27072K) Class: 9071K(11072K)->9071K(11072K)
[5881.099s][info][gc             ] GC(898) Pause Young (Normal) (G1 Evacuation Pause) 6389M->1890M(8192M) 154.709ms
[5881.099s][info][gc,cpu         ] GC(898) User=1.22s Sys=0.00s Real=0.16s
...|.[5884.843s][info][gc,start       ] GC(899) Pause Young (Normal) (G1 Evacuation Pause)
[5884.843s][info][gc,task        ] GC(899) Using 8 workers of 8 for evacuation
[5884.991s][info][gc,phases      ] GC(899)   Pre Evacuate Collection Set: 0.27ms
[5884.991s][info][gc,phases      ] GC(899)   Merge Heap Roots: 0.53ms
[5884.991s][info][gc,phases      ] GC(899)   Evacuate Collection Set: 145.67ms
[5884.991s][info][gc,phases      ] GC(899)   Post Evacuate Collection Set: 1.02ms
[5884.991s][info][gc,phases      ] GC(899)   Other: 0.08ms
[5884.991s][info][gc,heap        ] GC(899) Eden regions: 570->0(570)
[5884.991s][info][gc,heap        ] GC(899) Survivor regions: 44->44(77)
[5884.991s][info][gc,heap        ] GC(899) Old regions: 163->171
[5884.991s][info][gc,heap        ] GC(899) Humongous regions: 33->33
[5884.991s][info][gc,metaspace   ] GC(899) Metaspace: 35834K(38144K)->35834K(38144K) NonClass: 26762K(27072K)->26762K(27072K) Class: 9071K(11072K)->9071K(11072K)
[5884.991s][info][gc             ] GC(899) Pause Young (Normal) (G1 Evacuation Pause) 6450M->1945M(8192M) 147.707ms
[5884.991s][info][gc,cpu         ] GC(899) User=1.17s Sys=0.00s Real=0.15s
....[5888.811s][info][gc,start       ] GC(900) Pause Young (Normal) (G1 Evacuation Pause)
[5888.811s][info][gc,task        ] GC(900) Using 8 workers of 8 for evacuation
[5888.963s][info][gc,phases      ] GC(900)   Pre Evacuate Collection Set: 0.27ms
[5888.963s][info][gc,phases      ] GC(900)   Merge Heap Roots: 0.55ms
[5888.963s][info][gc,phases      ] GC(900)   Evacuate Collection Set: 149.66ms
[5888.963s][info][gc,phases      ] GC(900)   Post Evacuate Collection Set: 1.04ms
[5888.963s][info][gc,phases      ] GC(900)   Other: 0.06ms
[5888.963s][info][gc,heap        ] GC(900) Eden regions: 570->0(571)
[5888.963s][info][gc,heap        ] GC(900) Survivor regions: 44->43(77)
[5888.963s][info][gc,heap        ] GC(900) Old regions: 171->178
[5888.963s][info][gc,heap        ] GC(900) Humongous regions: 33->33
[5888.963s][info][gc,metaspace   ] GC(900) Metaspace: 35834K(38144K)->35834K(38144K) NonClass: 26762K(27072K)->26762K(27072K) Class: 9071K(11072K)->9071K(11072K)
[5888.963s][info][gc             ] GC(900) Pause Young (Normal) (G1 Evacuation Pause) 6505M->1998M(8192M) 151.713ms
[5888.963s][info][gc,cpu         ] GC(900) User=1.20s Sys=0.00s Real=0.15s
....[5892.714s][info][gc,start       ] GC(901) Pause Young (Normal) (G1 Evacuation Pause)
[5892.714s][info][gc,task        ] GC(901) Using 8 workers of 8 for evacuation
[5892.867s][info][gc,phases      ] GC(901)   Pre Evacuate Collection Set: 0.23ms
[5892.867s][info][gc,phases      ] GC(901)   Merge Heap Roots: 0.53ms
[5892.867s][info][gc,phases      ] GC(901)   Evacuate Collection Set: 151.12ms
[5892.867s][info][gc,phases      ] GC(901)   Post Evacuate Collection Set: 1.05ms
[5892.867s][info][gc,phases      ] GC(901)   Other: 0.06ms
[5892.867s][info][gc,heap        ] GC(901) Eden regions: 571->0(570)
[5892.867s][info][gc,heap        ] GC(901) Survivor regions: 43->44(77)
[5892.867s][info][gc,heap        ] GC(901) Old regions: 178->185
[5892.867s][info][gc,heap        ] GC(901) Humongous regions: 33->33
[5892.867s][info][gc,metaspace   ] GC(901) Metaspace: 35834K(38144K)->35834K(38144K) NonClass: 26762K(27072K)->26762K(27072K) Class: 9071K(11072K)->9071K(11072K)
[5892.867s][info][gc             ] GC(901) Pause Young (Normal) (G1 Evacuation Pause) 6566M->2065M(8192M) 153.115ms
[5892.867s][info][gc,cpu         ] GC(901) User=1.21s Sys=0.00s Real=0.15s
....[5896.708s][info][gc,start       ] GC(902) Pause Young (Normal) (G1 Evacuation Pause)
[5896.708s][info][gc,task        ] GC(902) Using 8 workers of 8 for evacuation
[5896.861s][info][gc,phases      ] GC(902)   Pre Evacuate Collection Set: 0.23ms
[5896.861s][info][gc,phases      ] GC(902)   Merge Heap Roots: 0.52ms
[5896.861s][info][gc,phases      ] GC(902)   Evacuate Collection Set: 151.30ms
[5896.861s][info][gc,phases      ] GC(902)   Post Evacuate Collection Set: 1.03ms
[5896.861s][info][gc,phases      ] GC(902)   Other: 0.06ms
[5896.861s][info][gc,heap        ] GC(902) Eden regions: 570->0(569)
[5896.861s][info][gc,heap        ] GC(902) Survivor regions: 44->45(77)
[5896.861s][info][gc,heap        ] GC(902) Old regions: 185->192
[5896.861s][info][gc,heap        ] GC(902) Humongous regions: 33->33
[5896.861s][info][gc,metaspace   ] GC(902) Metaspace: 35834K(38144K)->35834K(38144K) NonClass: 26762K(27072K)->26762K(27072K) Class: 9071K(11072K)->9071K(11072K)
[5896.861s][info][gc             ] GC(902) Pause Young (Normal) (G1 Evacuation Pause) 6625M->2132M(8192M) 153.279ms
[5896.861s][info][gc,cpu         ] GC(902) User=1.22s Sys=0.00s Real=0.15s
....[5900.646s][info][gc,start       ] GC(903) Pause Young (Normal) (G1 Evacuation Pause)
[5900.646s][info][gc,task        ] GC(903) Using 8 workers of 8 for evacuation
[5900.797s][info][gc,phases      ] GC(903)   Pre Evacuate Collection Set: 0.25ms
[5900.797s][info][gc,phases      ] GC(903)   Merge Heap Roots: 0.53ms
[5900.797s][info][gc,phases      ] GC(903)   Evacuate Collection Set: 148.18ms
[5900.797s][info][gc,phases      ] GC(903)   Post Evacuate Collection Set: 1.07ms
[5900.797s][info][gc,phases      ] GC(903)   Other: 0.07ms
[5900.797s][info][gc,heap        ] GC(903) Eden regions: 569->0(571)
[5900.797s][info][gc,heap        ] GC(903) Survivor regions: 45->43(77)
[5900.797s][info][gc,heap        ] GC(903) Old regions: 192->200
[5900.797s][info][gc,heap        ] GC(903) Humongous regions: 33->33
[5900.797s][info][gc,metaspace   ] GC(903) Metaspace: 35834K(38144K)->35834K(38144K) NonClass: 26762K(27072K)->26762K(27072K) Class: 9071K(11072K)->9071K(11072K)
[5900.797s][info][gc             ] GC(903) Pause Young (Normal) (G1 Evacuation Pause) 6684M->2173M(8192M) 150.222ms
[5900.797s][info][gc,cpu         ] GC(903) User=1.18s Sys=0.00s Real=0.15s
....[5904.539s][info][gc,start       ] GC(904) Pause Young (Normal) (G1 Evacuation Pause)
[5904.539s][info][gc,task        ] GC(904) Using 8 workers of 8 for evacuation
[5904.687s][info][gc,phases      ] GC(904)   Pre Evacuate Collection Set: 0.23ms
[5904.687s][info][gc,phases      ] GC(904)   Merge Heap Roots: 0.55ms
[5904.687s][info][gc,phases      ] GC(904)   Evacuate Collection Set: 145.76ms
[5904.687s][info][gc,phases      ] GC(904)   Post Evacuate Collection Set: 1.05ms
[5904.687s][info][gc,phases      ] GC(904)   Other: 0.06ms
[5904.687s][info][gc,heap        ] GC(904) Eden regions: 571->0(571)
[5904.687s][info][gc,heap        ] GC(904) Survivor regions: 43->43(77)
[5904.687s][info][gc,heap        ] GC(904) Old regions: 200->207
[5904.687s][info][gc,heap        ] GC(904) Humongous regions: 33->33
[5904.687s][info][gc,metaspace   ] GC(904) Metaspace: 35834K(38144K)->35834K(38144K) NonClass: 26762K(27072K)->26762K(27072K) Class: 9071K(11072K)->9071K(11072K)
[5904.687s][info][gc             ] GC(904) Pause Young (Normal) (G1 Evacuation Pause) 6741M->2230M(8192M) 147.768ms
[5904.687s][info][gc,cpu         ] GC(904) User=1.17s Sys=0.00s Real=0.15s
....[5908.535s][info][gc,start       ] GC(905) Pause Young (Normal) (G1 Evacuation Pause)
[5908.535s][info][gc,task        ] GC(905) Using 8 workers of 8 for evacuation
[5908.689s][info][gc,phases      ] GC(905)   Pre Evacuate Collection Set: 0.20ms
[5908.689s][info][gc,phases      ] GC(905)   Merge Heap Roots: 0.53ms
[5908.689s][info][gc,phases      ] GC(905)   Evacuate Collection Set: 152.93ms
[5908.689s][info][gc,phases      ] GC(905)   Post Evacuate Collection Set: 1.06ms
[5908.689s][info][gc,phases      ] GC(905)   Other: 0.06ms
[5908.689s][info][gc,heap        ] GC(905) Eden regions: 571->0(569)
[5908.689s][info][gc,heap        ] GC(905) Survivor regions: 43->45(77)
[5908.689s][info][gc,heap        ] GC(905) Old regions: 207->214
[5908.689s][info][gc,heap        ] GC(905) Humongous regions: 33->33
[5908.689s][info][gc,metaspace   ] GC(905) Metaspace: 35834K(38144K)->35834K(38144K) NonClass: 26762K(27072K)->26762K(27072K) Class: 9071K(11072K)->9071K(11072K)
[5908.689s][info][gc             ] GC(905) Pause Young (Normal) (G1 Evacuation Pause) 6798M->2305M(8192M) 154.905ms
[5908.689s][info][gc,cpu         ] GC(905) User=1.23s Sys=0.00s Real=0.16s
....[5912.426s][info][gc,start       ] GC(906) Pause Young (Normal) (G1 Evacuation Pause)
[5912.426s][info][gc,task        ] GC(906) Using 8 workers of 8 for evacuation
[5912.572s][info][gc,phases      ] GC(906)   Pre Evacuate Collection Set: 0.24ms
[5912.572s][info][gc,phases      ] GC(906)   Merge Heap Roots: 0.53ms
[5912.572s][info][gc,phases      ] GC(906)   Evacuate Collection Set: 144.41ms
[5912.572s][info][gc,phases      ] GC(906)   Post Evacuate Collection Set: 1.05ms
[5912.572s][info][gc,phases      ] GC(906)   Other: 0.08ms
[5912.572s][info][gc,heap        ] GC(906) Eden regions: 569->0(571)
[5912.572s][info][gc,heap        ] GC(906) Survivor regions: 45->43(77)
[5912.572s][info][gc,heap        ] GC(906) Old regions: 214->221
[5912.572s][info][gc,heap        ] GC(906) Humongous regions: 33->33
[5912.572s][info][gc,metaspace   ] GC(906) Metaspace: 35834K(38144K)->35834K(38144K) NonClass: 26762K(27072K)->26762K(27072K) Class: 9071K(11072K)->9071K(11072K)
[5912.572s][info][gc             ] GC(906) Pause Young (Normal) (G1 Evacuation Pause) 6857M->2346M(8192M) 146.446ms
[5912.572s][info][gc,cpu         ] GC(906) User=1.16s Sys=0.00s Real=0.15s
....[5916.424s][info][gc,start       ] GC(907) Pause Young (Normal) (G1 Evacuation Pause)
[5916.424s][info][gc,task        ] GC(907) Using 8 workers of 8 for evacuation
[5916.575s][info][gc,phases      ] GC(907)   Pre Evacuate Collection Set: 0.25ms
[5916.575s][info][gc,phases      ] GC(907)   Merge Heap Roots: 0.52ms
[5916.575s][info][gc,phases      ] GC(907)   Evacuate Collection Set: 149.56ms
[5916.575s][info][gc,phases      ] GC(907)   Post Evacuate Collection Set: 1.04ms
[5916.575s][info][gc,phases      ] GC(907)   Other: 0.06ms
[5916.575s][info][gc,heap        ] GC(907) Eden regions: 571->0(571)
[5916.575s][info][gc,heap        ] GC(907) Survivor regions: 43->43(77)
[5916.575s][info][gc,heap        ] GC(907) Old regions: 221->228
[5916.575s][info][gc,heap        ] GC(907) Humongous regions: 33->33
[5916.575s][info][gc,metaspace   ] GC(907) Metaspace: 35834K(38144K)->35834K(38144K) NonClass: 26762K(27072K)->26762K(27072K) Class: 9071K(11072K)->9071K(11072K)
[5916.575s][info][gc             ] GC(907) Pause Young (Normal) (G1 Evacuation Pause) 6914M->2404M(8192M) 151.554ms
[5916.575s][info][gc,cpu         ] GC(907) User=1.20s Sys=0.00s Real=0.15s
....[5920.420s][info][gc,start       ] GC(908) Pause Young (Normal) (G1 Evacuation Pause)
[5920.420s][info][gc,task        ] GC(908) Using 8 workers of 8 for evacuation
[5920.571s][info][gc,phases      ] GC(908)   Pre Evacuate Collection Set: 0.26ms
[5920.571s][info][gc,phases      ] GC(908)   Merge Heap Roots: 0.60ms
[5920.571s][info][gc,phases      ] GC(908)   Evacuate Collection Set: 148.55ms
[5920.571s][info][gc,phases      ] GC(908)   Post Evacuate Collection Set: 1.07ms
[5920.571s][info][gc,phases      ] GC(908)   Other: 0.06ms
[5920.571s][info][gc,heap        ] GC(908) Eden regions: 571->0(570)
[5920.571s][info][gc,heap        ] GC(908) Survivor regions: 43->44(77)
[5920.571s][info][gc,heap        ] GC(908) Old regions: 228->235
[5920.571s][info][gc,heap        ] GC(908) Humongous regions: 33->33
[5920.571s][info][gc,metaspace   ] GC(908) Metaspace: 35834K(38144K)->35834K(38144K) NonClass: 26762K(27072K)->26762K(27072K) Class: 9071K(11072K)->9071K(11072K)
[5920.571s][info][gc             ] GC(908) Pause Young (Normal) (G1 Evacuation Pause) 6972M->2462M(8192M) 150.662ms
[5920.571s][info][gc,cpu         ] GC(908) User=1.19s Sys=0.00s Real=0.15s
...[5924.311s][info][gc,start       ] GC(909) Pause Young (Normal) (G1 Evacuation Pause)
[5924.311s][info][gc,task        ] GC(909) Using 8 workers of 8 for evacuation
[5924.460s][info][gc,phases      ] GC(909)   Pre Evacuate Collection Set: 0.26ms
[5924.460s][info][gc,phases      ] GC(909)   Merge Heap Roots: 0.53ms
[5924.460s][info][gc,phases      ] GC(909)   Evacuate Collection Set: 146.31ms
[5924.460s][info][gc,phases      ] GC(909)   Post Evacuate Collection Set: 1.08ms
[5924.460s][info][gc,phases      ] GC(909)   Other: 0.06ms
[5924.460s][info][gc,heap        ] GC(909) Eden regions: 570->0(571)
[5924.460s][info][gc,heap        ] GC(909) Survivor regions: 44->43(77)
[5924.460s][info][gc,heap        ] GC(909) Old regions: 235->243
[5924.460s][info][gc,heap        ] GC(909) Humongous regions: 33->33
[5924.460s][info][gc,metaspace   ] GC(909) Metaspace: 35834K(38144K)->35834K(38144K) NonClass: 26762K(27072K)->26762K(27072K) Class: 9071K(11072K)->9071K(11072K)
[5924.460s][info][gc             ] GC(909) Pause Young (Normal) (G1 Evacuation Pause) 7022M->2517M(8192M) 148.376ms
[5924.460s][info][gc,cpu         ] GC(909) User=1.17s Sys=0.00s Real=0.15s
....[5928.309s][info][gc,start       ] GC(910) Pause Young (Normal) (G1 Evacuation Pause)
[5928.309s][info][gc,task        ] GC(910) Using 8 workers of 8 for evacuation
[5928.456s][info][gc,phases      ] GC(910)   Pre Evacuate Collection Set: 0.24ms
[5928.456s][info][gc,phases      ] GC(910)   Merge Heap Roots: 0.53ms
[5928.456s][info][gc,phases      ] GC(910)   Evacuate Collection Set: 144.73ms
[5928.456s][info][gc,phases      ] GC(910)   Post Evacuate Collection Set: 1.07ms
[5928.456s][info][gc,phases      ] GC(910)   Other: 0.06ms
[5928.456s][info][gc,heap        ] GC(910) Eden regions: 571->0(571)
[5928.456s][info][gc,heap        ] GC(910) Survivor regions: 43->43(77)
[5928.456s][info][gc,heap        ] GC(910) Old regions: 243->250
[5928.456s][info][gc,heap        ] GC(910) Humongous regions: 33->33
[5928.456s][info][gc,metaspace   ] GC(910) Metaspace: 35834K(38144K)->35834K(38144K) NonClass: 26762K(27072K)->26762K(27072K) Class: 9071K(11072K)->9071K(11072K)
[5928.456s][info][gc             ] GC(910) Pause Young (Normal) (G1 Evacuation Pause) 7085M->2574M(8192M) 146.760ms
[5928.456s][info][gc,cpu         ] GC(910) User=1.17s Sys=0.00s Real=0.14s
....[5932.283s][info][gc,start       ] GC(911) Pause Young (Normal) (G1 Evacuation Pause)
[5932.283s][info][gc,task        ] GC(911) Using 8 workers of 8 for evacuation
[5932.432s][info][gc,phases      ] GC(911)   Pre Evacuate Collection Set: 0.20ms
[5932.432s][info][gc,phases      ] GC(911)   Merge Heap Roots: 0.58ms
[5932.432s][info][gc,phases      ] GC(911)   Evacuate Collection Set: 146.71ms
[5932.432s][info][gc,phases      ] GC(911)   Post Evacuate Collection Set: 1.05ms
[5932.432s][info][gc,phases      ] GC(911)   Other: 0.07ms
[5932.432s][info][gc,heap        ] GC(911) Eden regions: 571->0(571)
[5932.432s][info][gc,heap        ] GC(911) Survivor regions: 43->43(77)
[5932.432s][info][gc,heap        ] GC(911) Old regions: 250->257
[5932.432s][info][gc,heap        ] GC(911) Humongous regions: 33->33
[5932.432s][info][gc,metaspace   ] GC(911) Metaspace: 35834K(38144K)->35834K(38144K) NonClass: 26762K(27072K)->26762K(27072K) Class: 9071K(11072K)->9071K(11072K)
[5932.432s][info][gc             ] GC(911) Pause Young (Normal) (G1 Evacuation Pause) 7142M->2626M(8192M) 148.732ms
[5932.432s][info][gc,cpu         ] GC(911) User=1.18s Sys=0.00s Real=0.15s
....[5936.333s][info][gc,start       ] GC(912) Pause Young (Normal) (G1 Evacuation Pause)
[5936.333s][info][gc,task        ] GC(912) Using 8 workers of 8 for evacuation
[5936.479s][info][gc,phases      ] GC(912)   Pre Evacuate Collection Set: 0.25ms
[5936.479s][info][gc,phases      ] GC(912)   Merge Heap Roots: 0.53ms
[5936.479s][info][gc,phases      ] GC(912)   Evacuate Collection Set: 143.83ms
[5936.479s][info][gc,phases      ] GC(912)   Post Evacuate Collection Set: 1.04ms
[5936.479s][info][gc,phases      ] GC(912)   Other: 0.06ms
[5936.479s][info][gc,heap        ] GC(912) Eden regions: 571->0(571)
[5936.479s][info][gc,heap        ] GC(912) Survivor regions: 43->43(77)
[5936.479s][info][gc,heap        ] GC(912) Old regions: 257->264
[5936.479s][info][gc,heap        ] GC(912) Humongous regions: 33->33
[5936.479s][info][gc,metaspace   ] GC(912) Metaspace: 35834K(38144K)->35834K(38144K) NonClass: 26762K(27072K)->26762K(27072K) Class: 9071K(11072K)->9071K(11072K)
[5936.479s][info][gc             ] GC(912) Pause Young (Normal) (G1 Evacuation Pause) 7194M->2686M(8192M) 145.851ms
[5936.479s][info][gc,cpu         ] GC(912) User=1.15s Sys=0.00s Real=0.15s
....[5940.238s][info][gc,start       ] GC(913) Pause Young (Normal) (G1 Evacuation Pause)
[5940.238s][info][gc,task        ] GC(913) Using 8 workers of 8 for evacuation
[5940.385s][info][gc,phases      ] GC(913)   Pre Evacuate Collection Set: 0.23ms
[5940.385s][info][gc,phases      ] GC(913)   Merge Heap Roots: 0.52ms
[5940.385s][info][gc,phases      ] GC(913)   Evacuate Collection Set: 145.95ms
[5940.385s][info][gc,phases      ] GC(913)   Post Evacuate Collection Set: 1.03ms
[5940.385s][info][gc,phases      ] GC(913)   Other: 0.07ms
[5940.385s][info][gc,heap        ] GC(913) Eden regions: 571->0(571)
[5940.385s][info][gc,heap        ] GC(913) Survivor regions: 43->43(77)
[5940.385s][info][gc,heap        ] GC(913) Old regions: 264->271
[5940.385s][info][gc,heap        ] GC(913) Humongous regions: 33->33
[5940.385s][info][gc,metaspace   ] GC(913) Metaspace: 35834K(38144K)->35834K(38144K) NonClass: 26762K(27072K)->26762K(27072K) Class: 9071K(11072K)->9071K(11072K)
[5940.385s][info][gc             ] GC(913) Pause Young (Normal) (G1 Evacuation Pause) 7254M->2740M(8192M) 147.926ms
[5940.386s][info][gc,cpu         ] GC(913) User=1.17s Sys=0.00s Real=0.14s
.... (rIR:aIR:PR = 9686:9728:9727) (tPR = 145520) [OK] 
  5943s: Performance info:
         Transaction,    Success,    Partial,     Failed,   Receipts, AvgBarcode, 
             Overall,     585414,          0,          0,     556510,      59.48, 
         Response times:
             Request,    Success,    Partial,     Failed,   SkipFail,     Probes,    Samples,      min,      p50,      p90,      p95,      p99,      max, 
       TotalPurchase,     556540,          0,          0,          0,     360848,     502198,      300,     6500,    18100,    39000,    87000,   493000,
     InStorePurchase,     292869,          0,          0,          0,     189955,     263841,      300,     6400,    18200,    39000,    86000,   476000,
      OnlinePurchase,     205668,          0,          0,          0,     133364,     185448,      300,     6600,    18000,    38000,    87000,   493000,
        InstPurchase,      58003,          0,          0,          0,      37529,      52909,      400,     6700,    18100,    40000,    92000,   437000,
          AssocOfCat,        586,          0,          0,          0,        474,        809,    31000,    52000,    72000,    95500,   201900,   222000,
      AssocOfProduct,       5832,          0,          0,          0,       4344,       6443,      800,     7200,    19300,    39000,    90000,   177000,
      BusinessReport,       1456,          0,          0,          0,       1318,       2024,    32000,    57000,    84000,   114000,   207000,   329000,
          CustBuyBeh,       5813,          0,          0,          0,       4199,       6129,      300,     6900,    18700,    42000,    83700,   437000,
       ProductReturn,      15222,          0,          0,          0,      10023,      14403,      200,     6400,    18300,    38000,    87000,   284000,

  5943s: (71%)   IR =   9824 [5944.220s][info][gc,start       ] GC(914) Pause Young (Normal) (G1 Evacuation Pause)
[5944.220s][info][gc,task        ] GC(914) Using 8 workers of 8 for evacuation
[5944.366s][info][gc,phases      ] GC(914)   Pre Evacuate Collection Set: 0.23ms
[5944.366s][info][gc,phases      ] GC(914)   Merge Heap Roots: 0.58ms
[5944.366s][info][gc,phases      ] GC(914)   Evacuate Collection Set: 144.30ms
[5944.366s][info][gc,phases      ] GC(914)   Post Evacuate Collection Set: 1.03ms
[5944.366s][info][gc,phases      ] GC(914)   Other: 0.09ms
[5944.366s][info][gc,heap        ] GC(914) Eden regions: 571->0(571)
[5944.366s][info][gc,heap        ] GC(914) Survivor regions: 43->43(77)
[5944.366s][info][gc,heap        ] GC(914) Old regions: 271->278
[5944.366s][info][gc,heap        ] GC(914) Humongous regions: 33->33
[5944.366s][info][gc,metaspace   ] GC(914) Metaspace: 35834K(38144K)->35834K(38144K) NonClass: 26762K(27072K)->26762K(27072K) Class: 9071K(11072K)->9071K(11072K)
[5944.366s][info][gc             ] GC(914) Pause Young (Normal) (G1 Evacuation Pause) 7308M->2796M(8192M) 146.352ms
[5944.366s][info][gc,cpu         ] GC(914) User=1.16s Sys=0.00s Real=0.14s
....[5948.060s][info][gc,start       ] GC(915) Pause Young (Normal) (G1 Evacuation Pause)
[5948.060s][info][gc,task        ] GC(915) Using 8 workers of 8 for evacuation
[5948.208s][info][gc,phases      ] GC(915)   Pre Evacuate Collection Set: 0.25ms
[5948.208s][info][gc,phases      ] GC(915)   Merge Heap Roots: 0.53ms
[5948.208s][info][gc,phases      ] GC(915)   Evacuate Collection Set: 145.23ms
[5948.208s][info][gc,phases      ] GC(915)   Post Evacuate Collection Set: 1.05ms
[5948.208s][info][gc,phases      ] GC(915)   Other: 0.06ms
[5948.208s][info][gc,heap        ] GC(915) Eden regions: 571->0(568)
[5948.208s][info][gc,heap        ] GC(915) Survivor regions: 43->43(77)
[5948.208s][info][gc,heap        ] GC(915) Old regions: 278->285
[5948.208s][info][gc,heap        ] GC(915) Humongous regions: 33->33
[5948.208s][info][gc,metaspace   ] GC(915) Metaspace: 35834K(38144K)->35834K(38144K) NonClass: 26762K(27072K)->26762K(27072K) Class: 9071K(11072K)->9071K(11072K)
[5948.208s][info][gc             ] GC(915) Pause Young (Normal) (G1 Evacuation Pause) 7364M->2857M(8192M) 147.253ms
[5948.208s][info][gc,cpu         ] GC(915) User=1.17s Sys=0.00s Real=0.15s
....[5951.986s][info][gc,start       ] GC(916) Pause Young (Normal) (G1 Evacuation Pause)
[5951.986s][info][gc,task        ] GC(916) Using 8 workers of 8 for evacuation
[5952.132s][info][gc,phases      ] GC(916)   Pre Evacuate Collection Set: 0.24ms
[5952.132s][info][gc,phases      ] GC(916)   Merge Heap Roots: 0.62ms
[5952.132s][info][gc,phases      ] GC(916)   Evacuate Collection Set: 143.97ms
[5952.132s][info][gc,phases      ] GC(916)   Post Evacuate Collection Set: 1.10ms
[5952.132s][info][gc,phases      ] GC(916)   Other: 0.06ms
[5952.132s][info][gc,heap        ] GC(916) Eden regions: 568->0(561)
[5952.132s][info][gc,heap        ] GC(916) Survivor regions: 43->43(77)
[5952.132s][info][gc,heap        ] GC(916) Old regions: 285->292
[5952.132s][info][gc,heap        ] GC(916) Humongous regions: 33->33
[5952.132s][info][gc,metaspace   ] GC(916) Metaspace: 35834K(38144K)->35834K(38144K) NonClass: 26762K(27072K)->26762K(27072K) Class: 9071K(11072K)->9071K(11072K)
[5952.132s][info][gc             ] GC(916) Pause Young (Normal) (G1 Evacuation Pause) 7401M->2910M(8192M) 146.122ms
[5952.132s][info][gc,cpu         ] GC(916) User=1.15s Sys=0.00s Real=0.15s
....[5955.857s][info][gc,start       ] GC(917) Pause Young (Normal) (G1 Evacuation Pause)
[5955.857s][info][gc,task        ] GC(917) Using 8 workers of 8 for evacuation
[5956.008s][info][gc,phases      ] GC(917)   Pre Evacuate Collection Set: 0.26ms
[5956.008s][info][gc,phases      ] GC(917)   Merge Heap Roots: 0.53ms
[5956.008s][info][gc,phases      ] GC(917)   Evacuate Collection Set: 148.96ms
[5956.008s][info][gc,phases      ] GC(917)   Post Evacuate Collection Set: 1.06ms
[5956.008s][info][gc,phases      ] GC(917)   Other: 0.06ms
[5956.008s][info][gc,heap        ] GC(917) Eden regions: 561->0(551)
[5956.008s][info][gc,heap        ] GC(917) Survivor regions: 43->44(76)
[5956.008s][info][gc,heap        ] GC(917) Old regions: 292->300
[5956.008s][info][gc,heap        ] GC(917) Humongous regions: 33->33
[5956.008s][info][gc,metaspace   ] GC(917) Metaspace: 35834K(38144K)->35834K(38144K) NonClass: 26762K(27072K)->26762K(27072K) Class: 9071K(11072K)->9071K(11072K)
[5956.008s][info][gc             ] GC(917) Pause Young (Normal) (G1 Evacuation Pause) 7398M->2981M(8192M) 150.986ms
[5956.008s][info][gc,cpu         ] GC(917) User=1.19s Sys=0.00s Real=0.15s
...|.[5959.672s][info][gc,start       ] GC(918) Pause Young (Normal) (G1 Evacuation Pause)
[5959.672s][info][gc,task        ] GC(918) Using 8 workers of 8 for evacuation
[5959.823s][info][gc,phases      ] GC(918)   Pre Evacuate Collection Set: 0.23ms
[5959.823s][info][gc,phases      ] GC(918)   Merge Heap Roots: 0.59ms
[5959.823s][info][gc,phases      ] GC(918)   Evacuate Collection Set: 149.24ms
[5959.823s][info][gc,phases      ] GC(918)   Post Evacuate Collection Set: 1.03ms
[5959.823s][info][gc,phases      ] GC(918)   Other: 0.06ms
[5959.823s][info][gc,heap        ] GC(918) Eden regions: 551->0(544)
[5959.823s][info][gc,heap        ] GC(918) Survivor regions: 44->44(75)
[5959.823s][info][gc,heap        ] GC(918) Old regions: 300->307
[5959.823s][info][gc,heap        ] GC(918) Humongous regions: 33->33
[5959.823s][info][gc,metaspace   ] GC(918) Metaspace: 35834K(38144K)->35834K(38144K) NonClass: 26762K(27072K)->26762K(27072K) Class: 9071K(11072K)->9071K(11072K)
[5959.823s][info][gc             ] GC(918) Pause Young (Normal) (G1 Evacuation Pause) 7389M->3040M(8192M) 151.302ms
[5959.823s][info][gc,cpu         ] GC(918) User=1.20s Sys=0.00s Real=0.15s
...[5963.405s][info][gc,start       ] GC(919) Pause Young (Concurrent Start) (G1 Evacuation Pause)
[5963.405s][info][gc,task        ] GC(919) Using 8 workers of 8 for evacuation
[5963.553s][info][gc,phases      ] GC(919)   Pre Evacuate Collection Set: 0.29ms
[5963.554s][info][gc,phases      ] GC(919)   Merge Heap Roots: 0.52ms
[5963.554s][info][gc,phases      ] GC(919)   Evacuate Collection Set: 146.81ms
[5963.554s][info][gc,phases      ] GC(919)   Post Evacuate Collection Set: 1.01ms
[5963.554s][info][gc,phases      ] GC(919)   Other: 0.09ms
[5963.554s][info][gc,heap        ] GC(919) Eden regions: 544->0(538)
[5963.554s][info][gc,heap        ] GC(919) Survivor regions: 44->43(74)
[5963.554s][info][gc,heap        ] GC(919) Old regions: 307->315
[5963.554s][info][gc,heap        ] GC(919) Humongous regions: 33->33
[5963.554s][info][gc,metaspace   ] GC(919) Metaspace: 35834K(38144K)->35834K(38144K) NonClass: 26762K(27072K)->26762K(27072K) Class: 9071K(11072K)->9071K(11072K)
[5963.554s][info][gc             ] GC(919) Pause Young (Concurrent Start) (G1 Evacuation Pause) 7392M->3094M(8192M) 148.852ms
[5963.554s][info][gc             ] GC(920) Concurrent Mark Cycle
[5963.554s][info][gc,marking     ] GC(920) Concurrent Scan Root Regions
[5963.554s][info][gc,cpu         ] GC(919) User=1.18s Sys=0.00s Real=0.15s
.[5963.951s][info][gc,marking     ] GC(920) Concurrent Scan Root Regions 397.127ms
[5963.951s][info][gc,marking     ] GC(920) Concurrent Mark
[5963.951s][info][gc,marking     ] GC(920) Concurrent Mark From Roots
[5963.951s][info][gc,task        ] GC(920) Using 2 workers of 2 for marking
.[5965.123s][info][gc,marking     ] GC(920) Concurrent Mark From Roots 1172.153ms
[5965.123s][info][gc,marking     ] GC(920) Concurrent Preclean
[5965.123s][info][gc,marking     ] GC(920) Concurrent Preclean 0.131ms
[5965.123s][info][gc,start       ] GC(920) Pause Remark
[5965.125s][info][gc             ] GC(920) Pause Remark 4959M->4407M(8192M) 2.150ms
[5965.125s][info][gc,cpu         ] GC(920) User=0.01s Sys=0.00s Real=0.00s
[5965.126s][info][gc,marking     ] GC(920) Concurrent Mark 1174.739ms
[5965.126s][info][gc,marking     ] GC(920) Concurrent Rebuild Remembered Sets and Scrub Regions
.[5965.772s][info][gc,marking     ] GC(920) Concurrent Rebuild Remembered Sets and Scrub Regions 646.646ms
[5965.772s][info][gc,start       ] GC(920) Pause Cleanup
[5965.773s][info][gc             ] GC(920) Pause Cleanup 5224M->5224M(8192M) 0.259ms
[5965.773s][info][gc,cpu         ] GC(920) User=0.00s Sys=0.00s Real=0.00s
[5965.773s][info][gc,marking     ] GC(920) Concurrent Clear Claimed Marks
[5965.773s][info][gc,marking     ] GC(920) Concurrent Clear Claimed Marks 0.038ms
[5965.773s][info][gc,marking     ] GC(920) Concurrent Cleanup for Next Mark
[5965.779s][info][gc,marking     ] GC(920) Concurrent Cleanup for Next Mark 6.530ms
[5965.779s][info][gc             ] GC(920) Concurrent Mark Cycle 2225.680ms
.[5967.093s][info][gc,start       ] GC(921) Pause Young (Prepare Mixed) (G1 Evacuation Pause)
[5967.093s][info][gc,task        ] GC(921) Using 8 workers of 8 for evacuation
[5967.236s][info][gc,phases      ] GC(921)   Pre Evacuate Collection Set: 0.27ms
[5967.236s][info][gc,phases      ] GC(921)   Merge Heap Roots: 0.75ms
[5967.236s][info][gc,phases      ] GC(921)   Evacuate Collection Set: 140.40ms
[5967.236s][info][gc,phases      ] GC(921)   Post Evacuate Collection Set: 1.13ms
[5967.236s][info][gc,phases      ] GC(921)   Other: 0.06ms
[5967.236s][info][gc,heap        ] GC(921) Eden regions: 538->0(573)
[5967.236s][info][gc,heap        ] GC(921) Survivor regions: 43->41(73)
[5967.236s][info][gc,heap        ] GC(921) Old regions: 246->253
[5967.236s][info][gc,heap        ] GC(921) Humongous regions: 33->33
[5967.236s][info][gc,metaspace   ] GC(921) Metaspace: 35834K(38144K)->35834K(38144K) NonClass: 26762K(27072K)->26762K(27072K) Class: 9071K(11072K)->9071K(11072K)
[5967.236s][info][gc             ] GC(921) Pause Young (Prepare Mixed) (G1 Evacuation Pause) 6846M->2588M(8192M) 142.753ms
[5967.236s][info][gc,cpu         ] GC(921) User=1.13s Sys=0.00s Real=0.14s
....[5971.150s][info][gc,start       ] GC(922) Pause Young (Mixed) (G1 Evacuation Pause)
[5971.150s][info][gc,task        ] GC(922) Using 8 workers of 8 for evacuation
[5971.308s][info][gc,phases      ] GC(922)   Pre Evacuate Collection Set: 0.26ms
[5971.308s][info][gc,phases      ] GC(922)   Merge Heap Roots: 0.81ms
[5971.308s][info][gc,phases      ] GC(922)   Evacuate Collection Set: 155.26ms
[5971.308s][info][gc,phases      ] GC(922)   Post Evacuate Collection Set: 1.29ms
[5971.308s][info][gc,phases      ] GC(922)   Other: 0.08ms
[5971.308s][info][gc,heap        ] GC(922) Eden regions: 573->0(571)
[5971.308s][info][gc,heap        ] GC(922) Survivor regions: 41->43(77)
[5971.308s][info][gc,heap        ] GC(922) Old regions: 253->159
[5971.308s][info][gc,heap        ] GC(922) Humongous regions: 33->33
[5971.308s][info][gc,metaspace   ] GC(922) Metaspace: 35834K(38144K)->35834K(38144K) NonClass: 26762K(27072K)->26762K(27072K) Class: 9071K(11072K)->9071K(11072K)
[5971.308s][info][gc             ] GC(922) Pause Young (Mixed) (G1 Evacuation Pause) 7172M->1846M(8192M) 157.826ms
[5971.308s][info][gc,cpu         ] GC(922) User=1.24s Sys=0.01s Real=0.16s
....[5975.045s][info][gc,start       ] GC(923) Pause Young (Mixed) (G1 Evacuation Pause)
[5975.045s][info][gc,task        ] GC(923) Using 8 workers of 8 for evacuation
[5975.196s][info][gc,phases      ] GC(923)   Pre Evacuate Collection Set: 0.24ms
[5975.196s][info][gc,phases      ] GC(923)   Merge Heap Roots: 0.82ms
[5975.196s][info][gc,phases      ] GC(923)   Evacuate Collection Set: 148.95ms
[5975.196s][info][gc,phases      ] GC(923)   Post Evacuate Collection Set: 1.09ms
[5975.196s][info][gc,phases      ] GC(923)   Other: 0.07ms
[5975.196s][info][gc,heap        ] GC(923) Eden regions: 571->0(571)
[5975.196s][info][gc,heap        ] GC(923) Survivor regions: 43->43(77)
[5975.196s][info][gc,heap        ] GC(923) Old regions: 159->142
[5975.196s][info][gc,heap        ] GC(923) Humongous regions: 33->33
[5975.196s][info][gc,metaspace   ] GC(923) Metaspace: 35834K(38144K)->35834K(38144K) NonClass: 26762K(27072K)->26762K(27072K) Class: 9071K(11072K)->9071K(11072K)
[5975.196s][info][gc             ] GC(923) Pause Young (Mixed) (G1 Evacuation Pause) 6414M->1710M(8192M) 151.297ms
[5975.196s][info][gc,cpu         ] GC(923) User=1.20s Sys=0.00s Real=0.15s
....[5978.963s][info][gc,start       ] GC(924) Pause Young (Normal) (G1 Evacuation Pause)
[5978.963s][info][gc,task        ] GC(924) Using 8 workers of 8 for evacuation
[5979.117s][info][gc,phases      ] GC(924)   Pre Evacuate Collection Set: 0.24ms
[5979.117s][info][gc,phases      ] GC(924)   Merge Heap Roots: 0.52ms
[5979.117s][info][gc,phases      ] GC(924)   Evacuate Collection Set: 151.69ms
[5979.117s][info][gc,phases      ] GC(924)   Post Evacuate Collection Set: 1.03ms
[5979.117s][info][gc,phases      ] GC(924)   Other: 0.07ms
[5979.117s][info][gc,heap        ] GC(924) Eden regions: 571->0(570)
[5979.117s][info][gc,heap        ] GC(924) Survivor regions: 43->44(77)
[5979.117s][info][gc,heap        ] GC(924) Old regions: 142->149
[5979.117s][info][gc,heap        ] GC(924) Humongous regions: 33->33
[5979.117s][info][gc,metaspace   ] GC(924) Metaspace: 35834K(38144K)->35834K(38144K) NonClass: 26762K(27072K)->26762K(27072K) Class: 9071K(11072K)->9071K(11072K)
[5979.117s][info][gc             ] GC(924) Pause Young (Normal) (G1 Evacuation Pause) 6278M->1776M(8192M) 153.667ms
[5979.117s][info][gc,cpu         ] GC(924) User=1.22s Sys=0.00s Real=0.16s
....[5982.891s][info][gc,start       ] GC(925) Pause Young (Normal) (G1 Evacuation Pause)
[5982.891s][info][gc,task        ] GC(925) Using 8 workers of 8 for evacuation
[5983.040s][info][gc,phases      ] GC(925)   Pre Evacuate Collection Set: 0.25ms
[5983.040s][info][gc,phases      ] GC(925)   Merge Heap Roots: 0.60ms
[5983.040s][info][gc,phases      ] GC(925)   Evacuate Collection Set: 146.84ms
[5983.040s][info][gc,phases      ] GC(925)   Post Evacuate Collection Set: 1.03ms
[5983.040s][info][gc,phases      ] GC(925)   Other: 0.07ms
[5983.040s][info][gc,heap        ] GC(925) Eden regions: 570->0(570)
[5983.040s][info][gc,heap        ] GC(925) Survivor regions: 44->44(77)
[5983.040s][info][gc,heap        ] GC(925) Old regions: 149->156
[5983.040s][info][gc,heap        ] GC(925) Humongous regions: 33->33
[5983.040s][info][gc,metaspace   ] GC(925) Metaspace: 35834K(38144K)->35834K(38144K) NonClass: 26762K(27072K)->26762K(27072K) Class: 9071K(11072K)->9071K(11072K)
[5983.040s][info][gc             ] GC(925) Pause Young (Normal) (G1 Evacuation Pause) 6336M->1831M(8192M) 148.949ms
[5983.040s][info][gc,cpu         ] GC(925) User=1.18s Sys=0.00s Real=0.15s
....[5986.795s][info][gc,start       ] GC(926) Pause Young (Normal) (G1 Evacuation Pause)
[5986.795s][info][gc,task        ] GC(926) Using 8 workers of 8 for evacuation
[5986.943s][info][gc,phases      ] GC(926)   Pre Evacuate Collection Set: 0.22ms
[5986.943s][info][gc,phases      ] GC(926)   Merge Heap Roots: 0.51ms
[5986.943s][info][gc,phases      ] GC(926)   Evacuate Collection Set: 145.55ms
[5986.943s][info][gc,phases      ] GC(926)   Post Evacuate Collection Set: 1.05ms
[5986.943s][info][gc,phases      ] GC(926)   Other: 0.06ms
[5986.943s][info][gc,heap        ] GC(926) Eden regions: 570->0(570)
[5986.943s][info][gc,heap        ] GC(926) Survivor regions: 44->44(77)
[5986.943s][info][gc,heap        ] GC(926) Old regions: 156->164
[5986.943s][info][gc,heap        ] GC(926) Humongous regions: 33->33
[5986.943s][info][gc,metaspace   ] GC(926) Metaspace: 35834K(38144K)->35834K(38144K) NonClass: 26762K(27072K)->26762K(27072K) Class: 9071K(11072K)->9071K(11072K)
[5986.943s][info][gc             ] GC(926) Pause Young (Normal) (G1 Evacuation Pause) 6391M->1894M(8192M) 147.511ms
[5986.943s][info][gc,cpu         ] GC(926) User=1.16s Sys=0.01s Real=0.15s
....[5990.737s][info][gc,start       ] GC(927) Pause Young (Normal) (G1 Evacuation Pause)
[5990.737s][info][gc,task        ] GC(927) Using 8 workers of 8 for evacuation
[5990.885s][info][gc,phases      ] GC(927)   Pre Evacuate Collection Set: 0.24ms
[5990.885s][info][gc,phases      ] GC(927)   Merge Heap Roots: 0.55ms
[5990.885s][info][gc,phases      ] GC(927)   Evacuate Collection Set: 145.62ms
[5990.885s][info][gc,phases      ] GC(927)   Post Evacuate Collection Set: 1.06ms
[5990.885s][info][gc,phases      ] GC(927)   Other: 0.06ms
[5990.885s][info][gc,heap        ] GC(927) Eden regions: 570->0(571)
[5990.885s][info][gc,heap        ] GC(927) Survivor regions: 44->43(77)
[5990.885s][info][gc,heap        ] GC(927) Old regions: 164->171
[5990.885s][info][gc,heap        ] GC(927) Humongous regions: 33->33
[5990.885s][info][gc,metaspace   ] GC(927) Metaspace: 35834K(38144K)->35834K(38144K) NonClass: 26762K(27072K)->26762K(27072K) Class: 9071K(11072K)->9071K(11072K)
[5990.885s][info][gc             ] GC(927) Pause Young (Normal) (G1 Evacuation Pause) 6454M->1944M(8192M) 147.670ms
[5990.885s][info][gc,cpu         ] GC(927) User=1.17s Sys=0.00s Real=0.14s
....[5994.686s][info][gc,start       ] GC(928) Pause Young (Normal) (G1 Evacuation Pause)
[5994.686s][info][gc,task        ] GC(928) Using 8 workers of 8 for evacuation
[5994.833s][info][gc,phases      ] GC(928)   Pre Evacuate Collection Set: 0.24ms
[5994.833s][info][gc,phases      ] GC(928)   Merge Heap Roots: 0.53ms
[5994.833s][info][gc,phases      ] GC(928)   Evacuate Collection Set: 144.93ms
[5994.833s][info][gc,phases      ] GC(928)   Post Evacuate Collection Set: 1.03ms
[5994.833s][info][gc,phases      ] GC(928)   Other: 0.07ms
[5994.833s][info][gc,heap        ] GC(928) Eden regions: 571->0(570)
[5994.833s][info][gc,heap        ] GC(928) Survivor regions: 43->44(77)
[5994.833s][info][gc,heap        ] GC(928) Old regions: 171->178
[5994.833s][info][gc,heap        ] GC(928) Humongous regions: 33->33
[5994.833s][info][gc,metaspace   ] GC(928) Metaspace: 35834K(38144K)->35834K(38144K) NonClass: 26762K(27072K)->26762K(27072K) Class: 9071K(11072K)->9071K(11072K)
[5994.833s][info][gc             ] GC(928) Pause Young (Normal) (G1 Evacuation Pause) 6512M->2002M(8192M) 146.932ms
[5994.833s][info][gc,cpu         ] GC(928) User=1.16s Sys=0.01s Real=0.15s
...[5998.575s][info][gc,start       ] GC(929) Pause Young (Normal) (G1 Evacuation Pause)
[5998.575s][info][gc,task        ] GC(929) Using 8 workers of 8 for evacuation
[5998.723s][info][gc,phases      ] GC(929)   Pre Evacuate Collection Set: 0.26ms
[5998.724s][info][gc,phases      ] GC(929)   Merge Heap Roots: 0.53ms
[5998.724s][info][gc,phases      ] GC(929)   Evacuate Collection Set: 147.02ms
[5998.724s][info][gc,phases      ] GC(929)   Post Evacuate Collection Set: 1.05ms
[5998.724s][info][gc,phases      ] GC(929)   Other: 0.06ms
[5998.724s][info][gc,heap        ] GC(929) Eden regions: 570->0(570)
[5998.724s][info][gc,heap        ] GC(929) Survivor regions: 44->44(77)
[5998.724s][info][gc,heap        ] GC(929) Old regions: 178->185
[5998.724s][info][gc,heap        ] GC(929) Humongous regions: 33->33
[5998.724s][info][gc,metaspace   ] GC(929) Metaspace: 35834K(38144K)->35834K(38144K) NonClass: 26762K(27072K)->26762K(27072K) Class: 9071K(11072K)->9071K(11072K)
[5998.724s][info][gc             ] GC(929) Pause Young (Normal) (G1 Evacuation Pause) 6562M->2057M(8192M) 149.043ms
[5998.724s][info][gc,cpu         ] GC(929) User=1.18s Sys=0.00s Real=0.15s
....[6002.443s][info][gc,start       ] GC(930) Pause Young (Normal) (G1 Evacuation Pause)
[6002.443s][info][gc,task        ] GC(930) Using 8 workers of 8 for evacuation
[6002.593s][info][gc,phases      ] GC(930)   Pre Evacuate Collection Set: 0.23ms
[6002.593s][info][gc,phases      ] GC(930)   Merge Heap Roots: 0.52ms
[6002.593s][info][gc,phases      ] GC(930)   Evacuate Collection Set: 147.71ms
[6002.593s][info][gc,phases      ] GC(930)   Post Evacuate Collection Set: 1.07ms
[6002.593s][info][gc,phases      ] GC(930)   Other: 0.09ms
[6002.593s][info][gc,heap        ] GC(930) Eden regions: 570->0(570)
[6002.593s][info][gc,heap        ] GC(930) Survivor regions: 44->44(77)
[6002.593s][info][gc,heap        ] GC(930) Old regions: 185->191
[6002.593s][info][gc,heap        ] GC(930) Humongous regions: 33->33
[6002.593s][info][gc,metaspace   ] GC(930) Metaspace: 35834K(38144K)->35834K(38144K) NonClass: 26762K(27072K)->26762K(27072K) Class: 9071K(11072K)->9071K(11072K)
[6002.593s][info][gc             ] GC(930) Pause Young (Normal) (G1 Evacuation Pause) 6617M->2112M(8192M) 149.755ms
[6002.593s][info][gc,cpu         ] GC(930) User=1.18s Sys=0.00s Real=0.15s
....[6006.336s][info][gc,start       ] GC(931) Pause Young (Normal) (G1 Evacuation Pause)
[6006.337s][info][gc,task        ] GC(931) Using 8 workers of 8 for evacuation
[6006.486s][info][gc,phases      ] GC(931)   Pre Evacuate Collection Set: 0.23ms
[6006.486s][info][gc,phases      ] GC(931)   Merge Heap Roots: 0.55ms
[6006.486s][info][gc,phases      ] GC(931)   Evacuate Collection Set: 147.91ms
[6006.486s][info][gc,phases      ] GC(931)   Post Evacuate Collection Set: 1.03ms
[6006.486s][info][gc,phases      ] GC(931)   Other: 0.06ms
[6006.486s][info][gc,heap        ] GC(931) Eden regions: 570->0(570)
[6006.486s][info][gc,heap        ] GC(931) Survivor regions: 44->44(77)
[6006.486s][info][gc,heap        ] GC(931) Old regions: 191->198
[6006.486s][info][gc,heap        ] GC(931) Humongous regions: 33->33
[6006.486s][info][gc,metaspace   ] GC(931) Metaspace: 35834K(38144K)->35834K(38144K) NonClass: 26762K(27072K)->26762K(27072K) Class: 9071K(11072K)->9071K(11072K)
[6006.486s][info][gc             ] GC(931) Pause Young (Normal) (G1 Evacuation Pause) 6672M->2168M(8192M) 149.907ms
[6006.486s][info][gc,cpu         ] GC(931) User=1.18s Sys=0.00s Real=0.15s
....[6010.382s][info][gc,start       ] GC(932) Pause Young (Normal) (G1 Evacuation Pause)
[6010.382s][info][gc,task        ] GC(932) Using 8 workers of 8 for evacuation
[6010.534s][info][gc,phases      ] GC(932)   Pre Evacuate Collection Set: 0.22ms
[6010.534s][info][gc,phases      ] GC(932)   Merge Heap Roots: 0.52ms
[6010.534s][info][gc,phases      ] GC(932)   Evacuate Collection Set: 149.59ms
[6010.534s][info][gc,phases      ] GC(932)   Post Evacuate Collection Set: 1.02ms
[6010.534s][info][gc,phases      ] GC(932)   Other: 0.06ms
[6010.534s][info][gc,heap        ] GC(932) Eden regions: 570->0(570)
[6010.534s][info][gc,heap        ] GC(932) Survivor regions: 44->44(77)
[6010.534s][info][gc,heap        ] GC(932) Old regions: 198->205
[6010.534s][info][gc,heap        ] GC(932) Humongous regions: 33->33
[6010.534s][info][gc,metaspace   ] GC(932) Metaspace: 35834K(38144K)->35834K(38144K) NonClass: 26762K(27072K)->26762K(27072K) Class: 9071K(11072K)->9071K(11072K)
[6010.534s][info][gc             ] GC(932) Pause Young (Normal) (G1 Evacuation Pause) 6728M->2228M(8192M) 151.568ms
[6010.534s][info][gc,cpu         ] GC(932) User=1.20s Sys=0.00s Real=0.15s
....[6014.190s][info][gc,start       ] GC(933) Pause Young (Normal) (G1 Evacuation Pause)
[6014.190s][info][gc,task        ] GC(933) Using 8 workers of 8 for evacuation
[6014.335s][info][gc,phases      ] GC(933)   Pre Evacuate Collection Set: 0.27ms
[6014.335s][info][gc,phases      ] GC(933)   Merge Heap Roots: 0.60ms
[6014.335s][info][gc,phases      ] GC(933)   Evacuate Collection Set: 143.42ms
[6014.335s][info][gc,phases      ] GC(933)   Post Evacuate Collection Set: 1.04ms
[6014.335s][info][gc,phases      ] GC(933)   Other: 0.07ms
[6014.335s][info][gc,heap        ] GC(933) Eden regions: 570->0(572)
[6014.335s][info][gc,heap        ] GC(933) Survivor regions: 44->42(77)
[6014.335s][info][gc,heap        ] GC(933) Old regions: 205->212
[6014.335s][info][gc,heap        ] GC(933) Humongous regions: 33->33
[6014.335s][info][gc,metaspace   ] GC(933) Metaspace: 35834K(38144K)->35834K(38144K) NonClass: 26762K(27072K)->26762K(27072K) Class: 9071K(11072K)->9071K(11072K)
[6014.335s][info][gc             ] GC(933) Pause Young (Normal) (G1 Evacuation Pause) 6788M->2268M(8192M) 145.527ms
[6014.335s][info][gc,cpu         ] GC(933) User=1.14s Sys=0.00s Real=0.14s
....[6018.150s][info][gc,start       ] GC(934) Pause Young (Normal) (G1 Evacuation Pause)
[6018.150s][info][gc,task        ] GC(934) Using 8 workers of 8 for evacuation
[6018.297s][info][gc,phases      ] GC(934)   Pre Evacuate Collection Set: 0.24ms
[6018.297s][info][gc,phases      ] GC(934)   Merge Heap Roots: 0.55ms
[6018.297s][info][gc,phases      ] GC(934)   Evacuate Collection Set: 145.45ms
[6018.297s][info][gc,phases      ] GC(934)   Post Evacuate Collection Set: 1.04ms
[6018.297s][info][gc,phases      ] GC(934)   Other: 0.07ms
[6018.297s][info][gc,heap        ] GC(934) Eden regions: 572->0(571)
[6018.297s][info][gc,heap        ] GC(934) Survivor regions: 42->43(77)
[6018.297s][info][gc,heap        ] GC(934) Old regions: 212->219
[6018.297s][info][gc,heap        ] GC(934) Humongous regions: 33->33
[6018.297s][info][gc,metaspace   ] GC(934) Metaspace: 35834K(38144K)->35834K(38144K) NonClass: 26762K(27072K)->26762K(27072K) Class: 9071K(11072K)->9071K(11072K)
[6018.297s][info][gc             ] GC(934) Pause Young (Normal) (G1 Evacuation Pause) 6844M->2328M(8192M) 147.483ms
[6018.297s][info][gc,cpu         ] GC(934) User=1.16s Sys=0.00s Real=0.15s
. (rIR:aIR:PR = 9824:9785:9785) (tPR = 145011) [OK] 
  6018s: Performance info:
         Transaction,    Success,    Partial,     Failed,   Receipts, AvgBarcode, 
             Overall,     588408,          0,          0,     558743,      59.47, 
         Response times:
             Request,    Success,    Partial,     Failed,   SkipFail,     Probes,    Samples,      min,      p50,      p90,      p95,      p99,      max, 
       TotalPurchase,     558743,          0,          0,          0,     357800,     453903,      300,     6800,    29000,    62000,   117000,  1100000,
     InStorePurchase,     292499,          0,          0,          0,     187981,     238683,      300,     6800,    29000,    62000,   118000,  1100000,
      OnlinePurchase,     206693,          0,          0,          0,     132269,     167568,      300,     6700,    29000,    63000,   119000,  1000000,
        InstPurchase,      59551,          0,          0,          0,      37550,      47652,      400,     7000,    28000,    59000,   112000,   830000,
          AssocOfCat,        591,          0,          0,          0,        496,        746,    30000,    53000,   100000,   121000,   211180,   446000,
      AssocOfProduct,       5916,          0,          0,          0,       4417,       5809,      700,     7700,    31000,    71000,   137900,  1000000,
      BusinessReport,       1484,          0,          0,          0,       1300,       1807,    32000,    58000,   103000,   142200,   220840,   466000,
          CustBuyBeh,       5974,          0,          0,          0,       4306,       5679,      700,     7100,    35000,    72000,   120000,   396000,
       ProductReturn,      15700,          0,          0,          0,       9105,      11831,      300,     6800,    32000,    67000,   120680,   401000,

  6018s: (72%)   IR =   9963 ...[6022.055s][info][gc,start       ] GC(935) Pause Young (Normal) (G1 Evacuation Pause)
[6022.055s][info][gc,task        ] GC(935) Using 8 workers of 8 for evacuation
[6022.207s][info][gc,phases      ] GC(935)   Pre Evacuate Collection Set: 0.25ms
[6022.207s][info][gc,phases      ] GC(935)   Merge Heap Roots: 0.55ms
[6022.207s][info][gc,phases      ] GC(935)   Evacuate Collection Set: 150.21ms
[6022.207s][info][gc,phases      ] GC(935)   Post Evacuate Collection Set: 1.06ms
[6022.207s][info][gc,phases      ] GC(935)   Other: 0.06ms
[6022.207s][info][gc,heap        ] GC(935) Eden regions: 571->0(570)
[6022.207s][info][gc,heap        ] GC(935) Survivor regions: 43->44(77)
[6022.207s][info][gc,heap        ] GC(935) Old regions: 219->226
[6022.207s][info][gc,heap        ] GC(935) Humongous regions: 33->33
[6022.207s][info][gc,metaspace   ] GC(935) Metaspace: 35834K(38144K)->35834K(38144K) NonClass: 26762K(27072K)->26762K(27072K) Class: 9071K(11072K)->9071K(11072K)
[6022.207s][info][gc             ] GC(935) Pause Young (Normal) (G1 Evacuation Pause) 6896M->2396M(8192M) 152.261ms
[6022.207s][info][gc,cpu         ] GC(935) User=1.21s Sys=0.00s Real=0.15s
...[6025.764s][info][gc,start       ] GC(936) Pause Young (Normal) (G1 Evacuation Pause)
[6025.764s][info][gc,task        ] GC(936) Using 8 workers of 8 for evacuation
[6025.915s][info][gc,phases      ] GC(936)   Pre Evacuate Collection Set: 0.26ms
[6025.915s][info][gc,phases      ] GC(936)   Merge Heap Roots: 0.51ms
[6025.915s][info][gc,phases      ] GC(936)   Evacuate Collection Set: 149.19ms
[6025.915s][info][gc,phases      ] GC(936)   Post Evacuate Collection Set: 1.01ms
[6025.915s][info][gc,phases      ] GC(936)   Other: 0.06ms
[6025.915s][info][gc,heap        ] GC(936) Eden regions: 570->0(570)
[6025.915s][info][gc,heap        ] GC(936) Survivor regions: 44->44(77)
[6025.915s][info][gc,heap        ] GC(936) Old regions: 226->233
[6025.915s][info][gc,heap        ] GC(936) Humongous regions: 33->33
[6025.915s][info][gc,metaspace   ] GC(936) Metaspace: 35834K(38144K)->35834K(38144K) NonClass: 26762K(27072K)->26762K(27072K) Class: 9071K(11072K)->9071K(11072K)
[6025.915s][info][gc             ] GC(936) Pause Young (Normal) (G1 Evacuation Pause) 6956M->2452M(8192M) 151.152ms
[6025.915s][info][gc,cpu         ] GC(936) User=1.19s Sys=0.01s Real=0.15s
....[6029.577s][info][gc,start       ] GC(937) Pause Young (Normal) (G1 Evacuation Pause)
[6029.577s][info][gc,task        ] GC(937) Using 8 workers of 8 for evacuation
[6029.728s][info][gc,phases      ] GC(937)   Pre Evacuate Collection Set: 0.22ms
[6029.728s][info][gc,phases      ] GC(937)   Merge Heap Roots: 0.53ms
[6029.728s][info][gc,phases      ] GC(937)   Evacuate Collection Set: 149.10ms
[6029.728s][info][gc,phases      ] GC(937)   Post Evacuate Collection Set: 1.02ms
[6029.728s][info][gc,phases      ] GC(937)   Other: 0.06ms
[6029.728s][info][gc,heap        ] GC(937) Eden regions: 570->0(571)
[6029.728s][info][gc,heap        ] GC(937) Survivor regions: 44->43(77)
[6029.728s][info][gc,heap        ] GC(937) Old regions: 233->241
[6029.728s][info][gc,heap        ] GC(937) Humongous regions: 33->33
[6029.728s][info][gc,metaspace   ] GC(937) Metaspace: 35834K(38144K)->35834K(38144K) NonClass: 26762K(27072K)->26762K(27072K) Class: 9071K(11072K)->9071K(11072K)
[6029.728s][info][gc             ] GC(937) Pause Young (Normal) (G1 Evacuation Pause) 7012M->2502M(8192M) 151.107ms
[6029.728s][info][gc,cpu         ] GC(937) User=1.19s Sys=0.00s Real=0.16s
....[6033.462s][info][gc,start       ] GC(938) Pause Young (Normal) (G1 Evacuation Pause)
[6033.462s][info][gc,task        ] GC(938) Using 8 workers of 8 for evacuation
[6033.612s][info][gc,phases      ] GC(938)   Pre Evacuate Collection Set: 0.23ms
[6033.612s][info][gc,phases      ] GC(938)   Merge Heap Roots: 0.59ms
[6033.612s][info][gc,phases      ] GC(938)   Evacuate Collection Set: 147.81ms
[6033.612s][info][gc,phases      ] GC(938)   Post Evacuate Collection Set: 1.04ms
[6033.612s][info][gc,phases      ] GC(938)   Other: 0.06ms
[6033.612s][info][gc,heap        ] GC(938) Eden regions: 571->0(571)
[6033.612s][info][gc,heap        ] GC(938) Survivor regions: 43->43(77)
[6033.612s][info][gc,heap        ] GC(938) Old regions: 241->248
[6033.612s][info][gc,heap        ] GC(938) Humongous regions: 33->33
[6033.612s][info][gc,metaspace   ] GC(938) Metaspace: 35834K(38144K)->35834K(38144K) NonClass: 26762K(27072K)->26762K(27072K) Class: 9071K(11072K)->9071K(11072K)
[6033.612s][info][gc             ] GC(938) Pause Young (Normal) (G1 Evacuation Pause) 7070M->2560M(8192M) 149.871ms
[6033.612s][info][gc,cpu         ] GC(938) User=1.19s Sys=0.00s Real=0.15s
..|..[6037.435s][info][gc,start       ] GC(939) Pause Young (Normal) (G1 Evacuation Pause)
[6037.435s][info][gc,task        ] GC(939) Using 8 workers of 8 for evacuation
[6037.583s][info][gc,phases      ] GC(939)   Pre Evacuate Collection Set: 0.23ms
[6037.583s][info][gc,phases      ] GC(939)   Merge Heap Roots: 0.54ms
[6037.583s][info][gc,phases      ] GC(939)   Evacuate Collection Set: 145.50ms
[6037.583s][info][gc,phases      ] GC(939)   Post Evacuate Collection Set: 1.03ms
[6037.583s][info][gc,phases      ] GC(939)   Other: 0.06ms
[6037.583s][info][gc,heap        ] GC(939) Eden regions: 571->0(571)
[6037.583s][info][gc,heap        ] GC(939) Survivor regions: 43->43(77)
[6037.583s][info][gc,heap        ] GC(939) Old regions: 248->255
[6037.583s][info][gc,heap        ] GC(939) Humongous regions: 33->33
[6037.583s][info][gc,metaspace   ] GC(939) Metaspace: 35834K(38144K)->35834K(38144K) NonClass: 26762K(27072K)->26762K(27072K) Class: 9071K(11072K)->9071K(11072K)
[6037.583s][info][gc             ] GC(939) Pause Young (Normal) (G1 Evacuation Pause) 7128M->2614M(8192M) 147.490ms
[6037.583s][info][gc,cpu         ] GC(939) User=1.17s Sys=0.00s Real=0.15s
....[6041.365s][info][gc,start       ] GC(940) Pause Young (Normal) (G1 Evacuation Pause)
[6041.365s][info][gc,task        ] GC(940) Using 8 workers of 8 for evacuation
[6041.511s][info][gc,phases      ] GC(940)   Pre Evacuate Collection Set: 0.25ms
[6041.511s][info][gc,phases      ] GC(940)   Merge Heap Roots: 0.60ms
[6041.511s][info][gc,phases      ] GC(940)   Evacuate Collection Set: 143.67ms
[6041.511s][info][gc,phases      ] GC(940)   Post Evacuate Collection Set: 1.05ms
[6041.511s][info][gc,phases      ] GC(940)   Other: 0.07ms
[6041.511s][info][gc,heap        ] GC(940) Eden regions: 571->0(572)
[6041.511s][info][gc,heap        ] GC(940) Survivor regions: 43->42(77)
[6041.511s][info][gc,heap        ] GC(940) Old regions: 255->263
[6041.511s][info][gc,heap        ] GC(940) Humongous regions: 33->33
[6041.511s][info][gc,metaspace   ] GC(940) Metaspace: 35834K(38144K)->35834K(38144K) NonClass: 26762K(27072K)->26762K(27072K) Class: 9071K(11072K)->9071K(11072K)
[6041.511s][info][gc             ] GC(940) Pause Young (Normal) (G1 Evacuation Pause) 7182M->2669M(8192M) 145.764ms
[6041.511s][info][gc,cpu         ] GC(940) User=1.15s Sys=0.00s Real=0.15s
....[6045.156s][info][gc,start       ] GC(941) Pause Young (Normal) (G1 Evacuation Pause)
[6045.156s][info][gc,task        ] GC(941) Using 8 workers of 8 for evacuation
[6045.306s][info][gc,phases      ] GC(941)   Pre Evacuate Collection Set: 0.23ms
[6045.306s][info][gc,phases      ] GC(941)   Merge Heap Roots: 0.54ms
[6045.306s][info][gc,phases      ] GC(941)   Evacuate Collection Set: 147.82ms
[6045.306s][info][gc,phases      ] GC(941)   Post Evacuate Collection Set: 1.03ms
[6045.306s][info][gc,phases      ] GC(941)   Other: 0.06ms
[6045.306s][info][gc,heap        ] GC(941) Eden regions: 572->0(571)
[6045.306s][info][gc,heap        ] GC(941) Survivor regions: 42->43(77)
[6045.306s][info][gc,heap        ] GC(941) Old regions: 263->270
[6045.306s][info][gc,heap        ] GC(941) Humongous regions: 33->33
[6045.306s][info][gc,metaspace   ] GC(941) Metaspace: 35834K(38144K)->35834K(38144K) NonClass: 26762K(27072K)->26762K(27072K) Class: 9071K(11072K)->9071K(11072K)
[6045.306s][info][gc             ] GC(941) Pause Young (Normal) (G1 Evacuation Pause) 7245M->2730M(8192M) 149.812ms
[6045.306s][info][gc,cpu         ] GC(941) User=1.18s Sys=0.00s Real=0.15s
....[6049.013s][info][gc,start       ] GC(942) Pause Young (Normal) (G1 Evacuation Pause)
[6049.013s][info][gc,task        ] GC(942) Using 8 workers of 8 for evacuation
[6049.160s][info][gc,phases      ] GC(942)   Pre Evacuate Collection Set: 0.27ms
[6049.160s][info][gc,phases      ] GC(942)   Merge Heap Roots: 0.53ms
[6049.160s][info][gc,phases      ] GC(942)   Evacuate Collection Set: 145.47ms
[6049.160s][info][gc,phases      ] GC(942)   Post Evacuate Collection Set: 1.03ms
[6049.160s][info][gc,phases      ] GC(942)   Other: 0.06ms
[6049.160s][info][gc,heap        ] GC(942) Eden regions: 571->0(570)
[6049.160s][info][gc,heap        ] GC(942) Survivor regions: 43->44(77)
[6049.160s][info][gc,heap        ] GC(942) Old regions: 270->276
[6049.160s][info][gc,heap        ] GC(942) Humongous regions: 33->33
[6049.160s][info][gc,metaspace   ] GC(942) Metaspace: 35834K(38144K)->35834K(38144K) NonClass: 26762K(27072K)->26762K(27072K) Class: 9071K(11072K)->9071K(11072K)
[6049.160s][info][gc             ] GC(942) Pause Young (Normal) (G1 Evacuation Pause) 7298M->2792M(8192M) 147.487ms
[6049.160s][info][gc,cpu         ] GC(942) User=1.17s Sys=0.00s Real=0.15s
...[6052.822s][info][gc,start       ] GC(943) Pause Young (Normal) (G1 Evacuation Pause)
[6052.822s][info][gc,task        ] GC(943) Using 8 workers of 8 for evacuation
[6052.972s][info][gc,phases      ] GC(943)   Pre Evacuate Collection Set: 0.26ms
[6052.972s][info][gc,phases      ] GC(943)   Merge Heap Roots: 0.54ms
[6052.972s][info][gc,phases      ] GC(943)   Evacuate Collection Set: 147.51ms
[6052.972s][info][gc,phases      ] GC(943)   Post Evacuate Collection Set: 1.06ms
[6052.972s][info][gc,phases      ] GC(943)   Other: 0.07ms
[6052.972s][info][gc,heap        ] GC(943) Eden regions: 570->0(567)
[6052.972s][info][gc,heap        ] GC(943) Survivor regions: 44->44(77)
[6052.972s][info][gc,heap        ] GC(943) Old regions: 276->284
[6052.972s][info][gc,heap        ] GC(943) Humongous regions: 33->33
[6052.972s][info][gc,metaspace   ] GC(943) Metaspace: 35834K(38144K)->35834K(38144K) NonClass: 26762K(27072K)->26762K(27072K) Class: 9071K(11072K)->9071K(11072K)
[6052.972s][info][gc             ] GC(943) Pause Young (Normal) (G1 Evacuation Pause) 7352M->2850M(8192M) 149.584ms
[6052.972s][info][gc,cpu         ] GC(943) User=1.19s Sys=0.00s Real=0.15s
....[6056.548s][info][gc,start       ] GC(944) Pause Young (Normal) (G1 Evacuation Pause)
[6056.548s][info][gc,task        ] GC(944) Using 8 workers of 8 for evacuation
[6056.697s][info][gc,phases      ] GC(944)   Pre Evacuate Collection Set: 0.24ms
[6056.697s][info][gc,phases      ] GC(944)   Merge Heap Roots: 0.52ms
[6056.697s][info][gc,phases      ] GC(944)   Evacuate Collection Set: 147.59ms
[6056.697s][info][gc,phases      ] GC(944)   Post Evacuate Collection Set: 1.03ms
[6056.697s][info][gc,phases      ] GC(944)   Other: 0.07ms
[6056.697s][info][gc,heap        ] GC(944) Eden regions: 567->0(562)
[6056.697s][info][gc,heap        ] GC(944) Survivor regions: 44->43(77)
[6056.697s][info][gc,heap        ] GC(944) Old regions: 284->291
[6056.697s][info][gc,heap        ] GC(944) Humongous regions: 33->33
[6056.697s][info][gc,metaspace   ] GC(944) Metaspace: 35834K(38144K)->35834K(38144K) NonClass: 26762K(27072K)->26762K(27072K) Class: 9071K(11072K)->9071K(11072K)
[6056.697s][info][gc             ] GC(944) Pause Young (Normal) (G1 Evacuation Pause) 7386M->2906M(8192M) 149.593ms
[6056.697s][info][gc,cpu         ] GC(944) User=1.18s Sys=0.00s Real=0.15s
....[6060.331s][info][gc,start       ] GC(945) Pause Young (Normal) (G1 Evacuation Pause)
[6060.331s][info][gc,task        ] GC(945) Using 8 workers of 8 for evacuation
[6060.480s][info][gc,phases      ] GC(945)   Pre Evacuate Collection Set: 0.26ms
[6060.480s][info][gc,phases      ] GC(945)   Merge Heap Roots: 0.62ms
[6060.480s][info][gc,phases      ] GC(945)   Evacuate Collection Set: 146.72ms
[6060.480s][info][gc,phases      ] GC(945)   Post Evacuate Collection Set: 1.05ms
[6060.480s][info][gc,phases      ] GC(945)   Other: 0.06ms
[6060.480s][info][gc,heap        ] GC(945) Eden regions: 562->0(554)
[6060.480s][info][gc,heap        ] GC(945) Survivor regions: 43->43(76)
[6060.480s][info][gc,heap        ] GC(945) Old regions: 291->299
[6060.480s][info][gc,heap        ] GC(945) Humongous regions: 33->33
[6060.480s][info][gc,metaspace   ] GC(945) Metaspace: 35834K(38144K)->35834K(38144K) NonClass: 26762K(27072K)->26762K(27072K) Class: 9071K(11072K)->9071K(11072K)
[6060.480s][info][gc             ] GC(945) Pause Young (Normal) (G1 Evacuation Pause) 7402M->2965M(8192M) 148.838ms
[6060.480s][info][gc,cpu         ] GC(945) User=1.17s Sys=0.01s Real=0.15s
....[6064.046s][info][gc,start       ] GC(946) Pause Young (Normal) (G1 Evacuation Pause)
[6064.046s][info][gc,task        ] GC(946) Using 8 workers of 8 for evacuation
[6064.195s][info][gc,phases      ] GC(946)   Pre Evacuate Collection Set: 0.23ms
[6064.195s][info][gc,phases      ] GC(946)   Merge Heap Roots: 0.53ms
[6064.195s][info][gc,phases      ] GC(946)   Evacuate Collection Set: 147.35ms
[6064.195s][info][gc,phases      ] GC(946)   Post Evacuate Collection Set: 1.07ms
[6064.195s][info][gc,phases      ] GC(946)   Other: 0.07ms
[6064.195s][info][gc,heap        ] GC(946) Eden regions: 554->0(547)
[6064.195s][info][gc,heap        ] GC(946) Survivor regions: 43->43(75)
[6064.195s][info][gc,heap        ] GC(946) Old regions: 299->306
[6064.195s][info][gc,heap        ] GC(946) Humongous regions: 33->33
[6064.195s][info][gc,metaspace   ] GC(946) Metaspace: 35834K(38144K)->35834K(38144K) NonClass: 26762K(27072K)->26762K(27072K) Class: 9071K(11072K)->9071K(11072K)
[6064.195s][info][gc             ] GC(946) Pause Young (Normal) (G1 Evacuation Pause) 7397M->3018M(8192M) 149.382ms
[6064.195s][info][gc,cpu         ] GC(946) User=1.18s Sys=0.00s Real=0.15s
...[6067.653s][info][gc,start       ] GC(947) Pause Young (Concurrent Start) (G1 Evacuation Pause)
[6067.653s][info][gc,task        ] GC(947) Using 8 workers of 8 for evacuation
[6067.802s][info][gc,phases      ] GC(947)   Pre Evacuate Collection Set: 0.30ms
[6067.802s][info][gc,phases      ] GC(947)   Merge Heap Roots: 0.53ms
[6067.802s][info][gc,phases      ] GC(947)   Evacuate Collection Set: 147.36ms
[6067.802s][info][gc,phases      ] GC(947)   Post Evacuate Collection Set: 1.00ms
[6067.802s][info][gc,phases      ] GC(947)   Other: 0.08ms
[6067.802s][info][gc,heap        ] GC(947) Eden regions: 547->0(540)
[6067.802s][info][gc,heap        ] GC(947) Survivor regions: 43->43(74)
[6067.802s][info][gc,heap        ] GC(947) Old regions: 306->313
[6067.802s][info][gc,heap        ] GC(947) Humongous regions: 33->33
[6067.802s][info][gc,metaspace   ] GC(947) Metaspace: 35834K(38144K)->35834K(38144K) NonClass: 26762K(27072K)->26762K(27072K) Class: 9071K(11072K)->9071K(11072K)
[6067.802s][info][gc             ] GC(947) Pause Young (Concurrent Start) (G1 Evacuation Pause) 7394M->3078M(8192M) 149.395ms
[6067.802s][info][gc             ] GC(948) Concurrent Mark Cycle
[6067.802s][info][gc,marking     ] GC(948) Concurrent Scan Root Regions
[6067.802s][info][gc,cpu         ] GC(947) User=1.18s Sys=0.00s Real=0.15s
.[6068.062s][info][gc,marking     ] GC(948) Concurrent Scan Root Regions 259.620ms
[6068.062s][info][gc,marking     ] GC(948) Concurrent Mark
[6068.062s][info][gc,marking     ] GC(948) Concurrent Mark From Roots
[6068.062s][info][gc,task        ] GC(948) Using 2 workers of 2 for marking
.[6069.168s][info][gc,marking     ] GC(948) Concurrent Mark From Roots 1105.949ms
[6069.168s][info][gc,marking     ] GC(948) Concurrent Preclean
[6069.168s][info][gc,marking     ] GC(948) Concurrent Preclean 0.110ms
[6069.168s][info][gc,start       ] GC(948) Pause Remark
[6069.170s][info][gc             ] GC(948) Pause Remark 4618M->4034M(8192M) 1.827ms
[6069.170s][info][gc,cpu         ] GC(948) User=0.01s Sys=0.00s Real=0.00s
[6069.170s][info][gc,marking     ] GC(948) Concurrent Mark 1108.191ms
[6069.170s][info][gc,marking     ] GC(948) Concurrent Rebuild Remembered Sets and Scrub Regions
[6069.968s][info][gc,marking     ] GC(948) Concurrent Rebuild Remembered Sets and Scrub Regions 798.534ms
[6069.969s][info][gc,start       ] GC(948) Pause Cleanup
[6069.969s][info][gc             ] GC(948) Pause Cleanup 5136M->5136M(8192M) 0.252ms
[6069.969s][info][gc,cpu         ] GC(948) User=0.00s Sys=0.00s Real=0.00s
[6069.969s][info][gc,marking     ] GC(948) Concurrent Clear Claimed Marks
[6069.969s][info][gc,marking     ] GC(948) Concurrent Clear Claimed Marks 0.047ms
[6069.969s][info][gc,marking     ] GC(948) Concurrent Cleanup for Next Mark
[6069.981s][info][gc,marking     ] GC(948) Concurrent Cleanup for Next Mark 11.968ms
[6069.981s][info][gc             ] GC(948) Concurrent Mark Cycle 2178.993ms
..[6071.318s][info][gc,start       ] GC(949) Pause Young (Prepare Mixed) (G1 Evacuation Pause)
[6071.318s][info][gc,task        ] GC(949) Using 8 workers of 8 for evacuation
[6071.465s][info][gc,phases      ] GC(949)   Pre Evacuate Collection Set: 0.23ms
[6071.465s][info][gc,phases      ] GC(949)   Merge Heap Roots: 0.73ms
[6071.465s][info][gc,phases      ] GC(949)   Evacuate Collection Set: 144.16ms
[6071.465s][info][gc,phases      ] GC(949)   Post Evacuate Collection Set: 1.11ms
[6071.465s][info][gc,phases      ] GC(949)   Other: 0.06ms
[6071.465s][info][gc,heap        ] GC(949) Eden regions: 540->0(572)
[6071.465s][info][gc,heap        ] GC(949) Survivor regions: 43->42(73)
[6071.465s][info][gc,heap        ] GC(949) Old regions: 240->247
[6071.465s][info][gc,heap        ] GC(949) Humongous regions: 33->33
[6071.465s][info][gc,metaspace   ] GC(949) Metaspace: 35834K(38144K)->35834K(38144K) NonClass: 26762K(27072K)->26762K(27072K) Class: 9071K(11072K)->9071K(11072K)
[6071.465s][info][gc             ] GC(949) Pause Young (Prepare Mixed) (G1 Evacuation Pause) 6814M->2544M(8192M) 146.429ms
[6071.465s][info][gc,cpu         ] GC(949) User=1.16s Sys=0.00s Real=0.14s
....[6075.203s][info][gc,start       ] GC(950) Pause Young (Mixed) (G1 Evacuation Pause)
[6075.203s][info][gc,task        ] GC(950) Using 8 workers of 8 for evacuation
[6075.365s][info][gc,phases      ] GC(950)   Pre Evacuate Collection Set: 0.29ms
[6075.365s][info][gc,phases      ] GC(950)   Merge Heap Roots: 0.88ms
[6075.365s][info][gc,phases      ] GC(950)   Evacuate Collection Set: 159.26ms
[6075.365s][info][gc,phases      ] GC(950)   Post Evacuate Collection Set: 1.27ms
[6075.365s][info][gc,phases      ] GC(950)   Other: 0.08ms
[6075.365s][info][gc,heap        ] GC(950) Eden regions: 572->0(570)
[6075.365s][info][gc,heap        ] GC(950) Survivor regions: 42->44(77)
[6075.365s][info][gc,heap        ] GC(950) Old regions: 247->153
[6075.365s][info][gc,heap        ] GC(950) Humongous regions: 33->33
[6075.365s][info][gc,metaspace   ] GC(950) Metaspace: 35834K(38144K)->35834K(38144K) NonClass: 26762K(27072K)->26762K(27072K) Class: 9071K(11072K)->9071K(11072K)
[6075.365s][info][gc             ] GC(950) Pause Young (Mixed) (G1 Evacuation Pause) 7120M->1809M(8192M) 161.907ms
[6075.365s][info][gc,cpu         ] GC(950) User=1.28s Sys=0.00s Real=0.16s
....[6079.065s][info][gc,start       ] GC(951) Pause Young (Mixed) (G1 Evacuation Pause)
[6079.065s][info][gc,task        ] GC(951) Using 8 workers of 8 for evacuation
[6079.221s][info][gc,phases      ] GC(951)   Pre Evacuate Collection Set: 0.24ms
[6079.221s][info][gc,phases      ] GC(951)   Merge Heap Roots: 0.75ms
[6079.221s][info][gc,phases      ] GC(951)   Evacuate Collection Set: 153.52ms
[6079.221s][info][gc,phases      ] GC(951)   Post Evacuate Collection Set: 1.07ms
[6079.221s][info][gc,phases      ] GC(951)   Other: 0.07ms
[6079.221s][info][gc,heap        ] GC(951) Eden regions: 570->0(571)
[6079.221s][info][gc,heap        ] GC(951) Survivor regions: 44->43(77)
[6079.221s][info][gc,heap        ] GC(951) Old regions: 153->142
[6079.221s][info][gc,heap        ] GC(951) Humongous regions: 33->33
[6079.221s][info][gc,metaspace   ] GC(951) Metaspace: 35834K(38144K)->35834K(38144K) NonClass: 26762K(27072K)->26762K(27072K) Class: 9071K(11072K)->9071K(11072K)
[6079.221s][info][gc             ] GC(951) Pause Young (Mixed) (G1 Evacuation Pause) 6369M->1715M(8192M) 155.787ms
[6079.221s][info][gc,cpu         ] GC(951) User=1.23s Sys=0.00s Real=0.16s
....[6082.999s][info][gc,start       ] GC(952) Pause Young (Normal) (G1 Evacuation Pause)
[6083.000s][info][gc,task        ] GC(952) Using 8 workers of 8 for evacuation
[6083.149s][info][gc,phases      ] GC(952)   Pre Evacuate Collection Set: 0.25ms
[6083.149s][info][gc,phases      ] GC(952)   Merge Heap Roots: 0.54ms
[6083.149s][info][gc,phases      ] GC(952)   Evacuate Collection Set: 147.99ms
[6083.149s][info][gc,phases      ] GC(952)   Post Evacuate Collection Set: 1.04ms
[6083.149s][info][gc,phases      ] GC(952)   Other: 0.06ms
[6083.149s][info][gc,heap        ] GC(952) Eden regions: 571->0(571)
[6083.149s][info][gc,heap        ] GC(952) Survivor regions: 43->43(77)
[6083.149s][info][gc,heap        ] GC(952) Old regions: 142->150
[6083.149s][info][gc,heap        ] GC(952) Humongous regions: 33->33
[6083.149s][info][gc,metaspace   ] GC(952) Metaspace: 35834K(38144K)->35834K(38144K) NonClass: 26762K(27072K)->26762K(27072K) Class: 9071K(11072K)->9071K(11072K)
[6083.150s][info][gc             ] GC(952) Pause Young (Normal) (G1 Evacuation Pause) 6283M->1773M(8192M) 150.007ms
[6083.150s][info][gc,cpu         ] GC(952) User=1.18s Sys=0.00s Real=0.15s
....[6087.004s][info][gc,start       ] GC(953) Pause Young (Normal) (G1 Evacuation Pause)
[6087.004s][info][gc,task        ] GC(953) Using 8 workers of 8 for evacuation
[6087.153s][info][gc,phases      ] GC(953)   Pre Evacuate Collection Set: 0.26ms
[6087.153s][info][gc,phases      ] GC(953)   Merge Heap Roots: 0.64ms
[6087.153s][info][gc,phases      ] GC(953)   Evacuate Collection Set: 147.50ms
[6087.153s][info][gc,phases      ] GC(953)   Post Evacuate Collection Set: 1.02ms
[6087.153s][info][gc,phases      ] GC(953)   Other: 0.08ms
[6087.153s][info][gc,heap        ] GC(953) Eden regions: 571->0(571)
[6087.153s][info][gc,heap        ] GC(953) Survivor regions: 43->43(77)
[6087.153s][info][gc,heap        ] GC(953) Old regions: 150->157
[6087.153s][info][gc,heap        ] GC(953) Humongous regions: 33->33
[6087.153s][info][gc,metaspace   ] GC(953) Metaspace: 35834K(38144K)->35834K(38144K) NonClass: 26762K(27072K)->26762K(27072K) Class: 9071K(11072K)->9071K(11072K)
[6087.153s][info][gc             ] GC(953) Pause Young (Normal) (G1 Evacuation Pause) 6341M->1832M(8192M) 149.631ms
[6087.153s][info][gc,cpu         ] GC(953) User=1.18s Sys=0.00s Real=0.15s
...[6090.894s][info][gc,start       ] GC(954) Pause Young (Normal) (G1 Evacuation Pause)
[6090.894s][info][gc,task        ] GC(954) Using 8 workers of 8 for evacuation
[6091.042s][info][gc,phases      ] GC(954)   Pre Evacuate Collection Set: 0.24ms
[6091.042s][info][gc,phases      ] GC(954)   Merge Heap Roots: 0.53ms
[6091.042s][info][gc,phases      ] GC(954)   Evacuate Collection Set: 146.55ms
[6091.042s][info][gc,phases      ] GC(954)   Post Evacuate Collection Set: 1.04ms
[6091.042s][info][gc,phases      ] GC(954)   Other: 0.06ms
[6091.042s][info][gc,heap        ] GC(954) Eden regions: 571->0(570)
[6091.042s][info][gc,heap        ] GC(954) Survivor regions: 43->44(77)
[6091.042s][info][gc,heap        ] GC(954) Old regions: 157->164
[6091.042s][info][gc,heap        ] GC(954) Humongous regions: 33->33
[6091.042s][info][gc,metaspace   ] GC(954) Metaspace: 35834K(38144K)->35834K(38144K) NonClass: 26762K(27072K)->26762K(27072K) Class: 9071K(11072K)->9071K(11072K)
[6091.042s][info][gc             ] GC(954) Pause Young (Normal) (G1 Evacuation Pause) 6400M->1894M(8192M) 148.561ms
[6091.043s][info][gc,cpu         ] GC(954) User=1.18s Sys=0.00s Real=0.15s
....[6094.657s][info][gc,start       ] GC(955) Pause Young (Normal) (G1 Evacuation Pause)
[6094.657s][info][gc,task        ] GC(955) Using 8 workers of 8 for evacuation
[6094.808s][info][gc,phases      ] GC(955)   Pre Evacuate Collection Set: 0.26ms
[6094.808s][info][gc,phases      ] GC(955)   Merge Heap Roots: 0.52ms
[6094.808s][info][gc,phases      ] GC(955)   Evacuate Collection Set: 148.93ms
[6094.808s][info][gc,phases      ] GC(955)   Post Evacuate Collection Set: 1.05ms
[6094.808s][info][gc,phases      ] GC(955)   Other: 0.06ms
[6094.808s][info][gc,heap        ] GC(955) Eden regions: 570->0(571)
[6094.808s][info][gc,heap        ] GC(955) Survivor regions: 44->43(77)
[6094.808s][info][gc,heap        ] GC(955) Old regions: 164->171
[6094.808s][info][gc,heap        ] GC(955) Humongous regions: 33->33
[6094.808s][info][gc,metaspace   ] GC(955) Metaspace: 35834K(38144K)->35834K(38144K) NonClass: 26762K(27072K)->26762K(27072K) Class: 9071K(11072K)->9071K(11072K)
[6094.808s][info][gc             ] GC(955) Pause Young (Normal) (G1 Evacuation Pause) 6454M->1945M(8192M) 150.962ms
[6094.808s][info][gc,cpu         ] GC(955) User=1.19s Sys=0.00s Real=0.15s
. (rIR:aIR:PR = 9963:9952:9951) (tPR = 147046) [OK] 
  6094s: Performance info:
         Transaction,    Success,    Partial,     Failed,   Receipts, AvgBarcode, 
             Overall,     598351,          0,          0,     568384,      59.47, 
         Response times:
             Request,    Success,    Partial,     Failed,   SkipFail,     Probes,    Samples,      min,      p50,      p90,      p95,      p99,      max, 
       TotalPurchase,     568453,          0,          0,          0,     359888,     459406,      300,     7200,    43000,    79000,   132000,  1800000,
     InStorePurchase,     300896,          0,          0,          0,     188703,     241087,      300,     7200,    42000,    79000,   132000,  1800000,
      OnlinePurchase,     207702,          0,          0,          0,     132928,     168995,      300,     7200,    43000,    79000,   131040,  1800000,
        InstPurchase,      59855,          0,          0,          0,      38257,      49324,      500,     7500,    45000,    83000,   141000,  1200000,
          AssocOfCat,        598,          0,          0,          0,        516,        787,    31000,    54000,   106200,   145600,   199480,   240000,
      AssocOfProduct,       5946,          0,          0,          0,       4432,       5895,      700,     7300,    39000,    78000,   126000,   557000,
      BusinessReport,       1499,          0,          0,          0,       1361,       1906,    31000,    60000,   121000,   154000,   214000,   521000,
          CustBuyBeh,       5979,          0,          0,          0,       4484,       6081,      300,     7500,    48000,    84900,   141360,   429000,
       ProductReturn,      15931,          0,          0,          0,       9328,      12351,      700,     7000,    44000,    76000,   127000,  1800000,

  6094s: (73%)   IR =  10101 ...[6098.649s][info][gc,start       ] GC(956) Pause Young (Normal) (G1 Evacuation Pause)
[6098.649s][info][gc,task        ] GC(956) Using 8 workers of 8 for evacuation
[6098.798s][info][gc,phases      ] GC(956)   Pre Evacuate Collection Set: 0.24ms
[6098.798s][info][gc,phases      ] GC(956)   Merge Heap Roots: 0.54ms
[6098.798s][info][gc,phases      ] GC(956)   Evacuate Collection Set: 146.87ms
[6098.798s][info][gc,phases      ] GC(956)   Post Evacuate Collection Set: 1.10ms
[6098.798s][info][gc,phases      ] GC(956)   Other: 0.07ms
[6098.798s][info][gc,heap        ] GC(956) Eden regions: 571->0(571)
[6098.798s][info][gc,heap        ] GC(956) Survivor regions: 43->43(77)
[6098.798s][info][gc,heap        ] GC(956) Old regions: 171->178
[6098.798s][info][gc,heap        ] GC(956) Humongous regions: 33->33
[6098.798s][info][gc,metaspace   ] GC(956) Metaspace: 35834K(38144K)->35834K(38144K) NonClass: 26762K(27072K)->26762K(27072K) Class: 9071K(11072K)->9071K(11072K)
[6098.798s][info][gc             ] GC(956) Pause Young (Normal) (G1 Evacuation Pause) 6513M->2004M(8192M) 148.962ms
[6098.798s][info][gc,cpu         ] GC(956) User=1.17s Sys=0.00s Real=0.15s
....[6102.432s][info][gc,start       ] GC(957) Pause Young (Normal) (G1 Evacuation Pause)
[6102.432s][info][gc,task        ] GC(957) Using 8 workers of 8 for evacuation
[6102.584s][info][gc,phases      ] GC(957)   Pre Evacuate Collection Set: 0.26ms
[6102.584s][info][gc,phases      ] GC(957)   Merge Heap Roots: 0.51ms
[6102.584s][info][gc,phases      ] GC(957)   Evacuate Collection Set: 150.95ms
[6102.584s][info][gc,phases      ] GC(957)   Post Evacuate Collection Set: 1.03ms
[6102.584s][info][gc,phases      ] GC(957)   Other: 0.06ms
[6102.584s][info][gc,heap        ] GC(957) Eden regions: 571->0(569)
[6102.584s][info][gc,heap        ] GC(957) Survivor regions: 43->45(77)
[6102.584s][info][gc,heap        ] GC(957) Old regions: 178->185
[6102.584s][info][gc,heap        ] GC(957) Humongous regions: 33->33
[6102.584s][info][gc,metaspace   ] GC(957) Metaspace: 35834K(38144K)->35834K(38144K) NonClass: 26762K(27072K)->26762K(27072K) Class: 9071K(11072K)->9071K(11072K)
[6102.584s][info][gc             ] GC(957) Pause Young (Normal) (G1 Evacuation Pause) 6572M->2070M(8192M) 152.946ms
[6102.585s][info][gc,cpu         ] GC(957) User=1.21s Sys=0.01s Real=0.15s
....[6106.343s][info][gc,start       ] GC(958) Pause Young (Normal) (G1 Evacuation Pause)
[6106.343s][info][gc,task        ] GC(958) Using 8 workers of 8 for evacuation
[6106.489s][info][gc,phases      ] GC(958)   Pre Evacuate Collection Set: 0.26ms
[6106.489s][info][gc,phases      ] GC(958)   Merge Heap Roots: 0.54ms
[6106.489s][info][gc,phases      ] GC(958)   Evacuate Collection Set: 143.39ms
[6106.489s][info][gc,phases      ] GC(958)   Post Evacuate Collection Set: 1.03ms
[6106.489s][info][gc,phases      ] GC(958)   Other: 0.06ms
[6106.489s][info][gc,heap        ] GC(958) Eden regions: 569->0(572)
[6106.489s][info][gc,heap        ] GC(958) Survivor regions: 45->42(77)
[6106.489s][info][gc,heap        ] GC(958) Old regions: 185->192
[6106.489s][info][gc,heap        ] GC(958) Humongous regions: 33->33
[6106.489s][info][gc,metaspace   ] GC(958) Metaspace: 35834K(38144K)->35834K(38144K) NonClass: 26762K(27072K)->26762K(27072K) Class: 9071K(11072K)->9071K(11072K)
[6106.489s][info][gc             ] GC(958) Pause Young (Normal) (G1 Evacuation Pause) 6622M->2105M(8192M) 145.423ms
[6106.489s][info][gc,cpu         ] GC(958) User=1.15s Sys=0.00s Real=0.15s
...[6110.142s][info][gc,start       ] GC(959) Pause Young (Normal) (G1 Evacuation Pause)
[6110.142s][info][gc,task        ] GC(959) Using 8 workers of 8 for evacuation
[6110.290s][info][gc,phases      ] GC(959)   Pre Evacuate Collection Set: 0.22ms
[6110.290s][info][gc,phases      ] GC(959)   Merge Heap Roots: 0.55ms
[6110.290s][info][gc,phases      ] GC(959)   Evacuate Collection Set: 145.64ms
[6110.290s][info][gc,phases      ] GC(959)   Post Evacuate Collection Set: 1.07ms
[6110.290s][info][gc,phases      ] GC(959)   Other: 0.06ms
[6110.290s][info][gc,heap        ] GC(959) Eden regions: 572->0(571)
[6110.290s][info][gc,heap        ] GC(959) Survivor regions: 42->43(77)
[6110.290s][info][gc,heap        ] GC(959) Old regions: 192->199
[6110.290s][info][gc,heap        ] GC(959) Humongous regions: 33->33
[6110.290s][info][gc,metaspace   ] GC(959) Metaspace: 35834K(38144K)->35834K(38144K) NonClass: 26762K(27072K)->26762K(27072K) Class: 9071K(11072K)->9071K(11072K)
[6110.290s][info][gc             ] GC(959) Pause Young (Normal) (G1 Evacuation Pause) 6681M->2168M(8192M) 147.673ms
[6110.290s][info][gc,cpu         ] GC(959) User=1.16s Sys=0.00s Real=0.15s
....|[6113.930s][info][gc,start       ] GC(960) Pause Young (Normal) (G1 Evacuation Pause)
[6113.930s][info][gc,task        ] GC(960) Using 8 workers of 8 for evacuation
[6114.080s][info][gc,phases      ] GC(960)   Pre Evacuate Collection Set: 0.26ms
[6114.080s][info][gc,phases      ] GC(960)   Merge Heap Roots: 0.53ms
[6114.080s][info][gc,phases      ] GC(960)   Evacuate Collection Set: 148.54ms
[6114.080s][info][gc,phases      ] GC(960)   Post Evacuate Collection Set: 1.05ms
[6114.080s][info][gc,phases      ] GC(960)   Other: 0.06ms
[6114.080s][info][gc,heap        ] GC(960) Eden regions: 571->0(570)
[6114.080s][info][gc,heap        ] GC(960) Survivor regions: 43->44(77)
[6114.080s][info][gc,heap        ] GC(960) Old regions: 199->206
[6114.080s][info][gc,heap        ] GC(960) Humongous regions: 33->33
[6114.080s][info][gc,metaspace   ] GC(960) Metaspace: 35834K(38144K)->35834K(38144K) NonClass: 26762K(27072K)->26762K(27072K) Class: 9071K(11072K)->9071K(11072K)
[6114.080s][info][gc             ] GC(960) Pause Young (Normal) (G1 Evacuation Pause) 6736M->2232M(8192M) 150.565ms
[6114.080s][info][gc,cpu         ] GC(960) User=1.19s Sys=0.00s Real=0.15s
....[6117.796s][info][gc,start       ] GC(961) Pause Young (Normal) (G1 Evacuation Pause)
[6117.796s][info][gc,task        ] GC(961) Using 8 workers of 8 for evacuation
[6117.948s][info][gc,phases      ] GC(961)   Pre Evacuate Collection Set: 0.25ms
[6117.948s][info][gc,phases      ] GC(961)   Merge Heap Roots: 0.52ms
[6117.948s][info][gc,phases      ] GC(961)   Evacuate Collection Set: 150.57ms
[6117.948s][info][gc,phases      ] GC(961)   Post Evacuate Collection Set: 1.08ms
[6117.948s][info][gc,phases      ] GC(961)   Other: 0.06ms
[6117.948s][info][gc,heap        ] GC(961) Eden regions: 570->0(570)
[6117.948s][info][gc,heap        ] GC(961) Survivor regions: 44->44(77)
[6117.948s][info][gc,heap        ] GC(961) Old regions: 206->214
[6117.948s][info][gc,heap        ] GC(961) Humongous regions: 33->33
[6117.948s][info][gc,metaspace   ] GC(961) Metaspace: 35834K(38144K)->35834K(38144K) NonClass: 26762K(27072K)->26762K(27072K) Class: 9071K(11072K)->9071K(11072K)
[6117.948s][info][gc             ] GC(961) Pause Young (Normal) (G1 Evacuation Pause) 6792M->2293M(8192M) 152.597ms
[6117.948s][info][gc,cpu         ] GC(961) User=1.21s Sys=0.00s Real=0.16s
....[6121.520s][info][gc,start       ] GC(962) Pause Young (Normal) (G1 Evacuation Pause)
[6121.520s][info][gc,task        ] GC(962) Using 8 workers of 8 for evacuation
[6121.672s][info][gc,phases      ] GC(962)   Pre Evacuate Collection Set: 0.26ms
[6121.672s][info][gc,phases      ] GC(962)   Merge Heap Roots: 0.52ms
[6121.672s][info][gc,phases      ] GC(962)   Evacuate Collection Set: 150.81ms
[6121.672s][info][gc,phases      ] GC(962)   Post Evacuate Collection Set: 1.04ms
[6121.672s][info][gc,phases      ] GC(962)   Other: 0.06ms
[6121.672s][info][gc,heap        ] GC(962) Eden regions: 570->0(569)
[6121.672s][info][gc,heap        ] GC(962) Survivor regions: 44->45(77)
[6121.672s][info][gc,heap        ] GC(962) Old regions: 214->221
[6121.672s][info][gc,heap        ] GC(962) Humongous regions: 33->33
[6121.672s][info][gc,metaspace   ] GC(962) Metaspace: 35834K(38144K)->35834K(38144K) NonClass: 26762K(27072K)->26762K(27072K) Class: 9071K(11072K)->9071K(11072K)
[6121.673s][info][gc             ] GC(962) Pause Young (Normal) (G1 Evacuation Pause) 6853M->2357M(8192M) 152.820ms
[6121.673s][info][gc,cpu         ] GC(962) User=1.21s Sys=0.01s Real=0.15s
...[6125.232s][info][gc,start       ] GC(963) Pause Young (Normal) (G1 Evacuation Pause)
[6125.232s][info][gc,task        ] GC(963) Using 8 workers of 8 for evacuation
[6125.379s][info][gc,phases      ] GC(963)   Pre Evacuate Collection Set: 0.27ms
[6125.379s][info][gc,phases      ] GC(963)   Merge Heap Roots: 0.52ms
[6125.379s][info][gc,phases      ] GC(963)   Evacuate Collection Set: 145.12ms
[6125.379s][info][gc,phases      ] GC(963)   Post Evacuate Collection Set: 1.05ms
[6125.379s][info][gc,phases      ] GC(963)   Other: 0.08ms
[6125.379s][info][gc,heap        ] GC(963) Eden regions: 569->0(571)
[6125.379s][info][gc,heap        ] GC(963) Survivor regions: 45->43(77)
[6125.379s][info][gc,heap        ] GC(963) Old regions: 221->228
[6125.379s][info][gc,heap        ] GC(963) Humongous regions: 33->33
[6125.379s][info][gc,metaspace   ] GC(963) Metaspace: 35834K(38144K)->35834K(38144K) NonClass: 26762K(27072K)->26762K(27072K) Class: 9071K(11072K)->9071K(11072K)
[6125.379s][info][gc             ] GC(963) Pause Young (Normal) (G1 Evacuation Pause) 6909M->2402M(8192M) 147.178ms
[6125.379s][info][gc,cpu         ] GC(963) User=1.17s Sys=0.00s Real=0.15s
....[6129.013s][info][gc,start       ] GC(964) Pause Young (Normal) (G1 Evacuation Pause)
[6129.013s][info][gc,task        ] GC(964) Using 8 workers of 8 for evacuation
[6129.158s][info][gc,phases      ] GC(964)   Pre Evacuate Collection Set: 0.24ms
[6129.158s][info][gc,phases      ] GC(964)   Merge Heap Roots: 0.54ms
[6129.158s][info][gc,phases      ] GC(964)   Evacuate Collection Set: 142.92ms
[6129.158s][info][gc,phases      ] GC(964)   Post Evacuate Collection Set: 1.04ms
[6129.158s][info][gc,phases      ] GC(964)   Other: 0.06ms
[6129.158s][info][gc,heap        ] GC(964) Eden regions: 571->0(572)
[6129.158s][info][gc,heap        ] GC(964) Survivor regions: 43->42(77)
[6129.158s][info][gc,heap        ] GC(964) Old regions: 228->235
[6129.158s][info][gc,heap        ] GC(964) Humongous regions: 33->33
[6129.158s][info][gc,metaspace   ] GC(964) Metaspace: 35834K(38144K)->35834K(38144K) NonClass: 26762K(27072K)->26762K(27072K) Class: 9071K(11072K)->9071K(11072K)
[6129.158s][info][gc             ] GC(964) Pause Young (Normal) (G1 Evacuation Pause) 6970M->2449M(8192M) 144.923ms
[6129.158s][info][gc,cpu         ] GC(964) User=1.15s Sys=0.00s Real=0.15s
....[6132.777s][info][gc,start       ] GC(965) Pause Young (Normal) (G1 Evacuation Pause)
[6132.777s][info][gc,task        ] GC(965) Using 8 workers of 8 for evacuation
[6132.926s][info][gc,phases      ] GC(965)   Pre Evacuate Collection Set: 0.23ms
[6132.926s][info][gc,phases      ] GC(965)   Merge Heap Roots: 0.52ms
[6132.926s][info][gc,phases      ] GC(965)   Evacuate Collection Set: 146.54ms
[6132.926s][info][gc,phases      ] GC(965)   Post Evacuate Collection Set: 1.02ms
[6132.926s][info][gc,phases      ] GC(965)   Other: 0.06ms
[6132.926s][info][gc,heap        ] GC(965) Eden regions: 572->0(570)
[6132.926s][info][gc,heap        ] GC(965) Survivor regions: 42->44(77)
[6132.926s][info][gc,heap        ] GC(965) Old regions: 235->242
[6132.926s][info][gc,heap        ] GC(965) Humongous regions: 33->33
[6132.926s][info][gc,metaspace   ] GC(965) Metaspace: 35834K(38144K)->35834K(38144K) NonClass: 26762K(27072K)->26762K(27072K) Class: 9071K(11072K)->9071K(11072K)
[6132.926s][info][gc             ] GC(965) Pause Young (Normal) (G1 Evacuation Pause) 7025M->2519M(8192M) 148.502ms
[6132.926s][info][gc,cpu         ] GC(965) User=1.17s Sys=0.00s Real=0.14s
....[6136.611s][info][gc,start       ] GC(966) Pause Young (Normal) (G1 Evacuation Pause)
[6136.611s][info][gc,task        ] GC(966) Using 8 workers of 8 for evacuation
[6136.756s][info][gc,phases      ] GC(966)   Pre Evacuate Collection Set: 0.24ms
[6136.756s][info][gc,phases      ] GC(966)   Merge Heap Roots: 0.53ms
[6136.756s][info][gc,phases      ] GC(966)   Evacuate Collection Set: 143.70ms
[6136.756s][info][gc,phases      ] GC(966)   Post Evacuate Collection Set: 1.04ms
[6136.756s][info][gc,phases      ] GC(966)   Other: 0.07ms
[6136.756s][info][gc,heap        ] GC(966) Eden regions: 570->0(571)
[6136.756s][info][gc,heap        ] GC(966) Survivor regions: 44->43(77)
[6136.756s][info][gc,heap        ] GC(966) Old regions: 242->250
[6136.756s][info][gc,heap        ] GC(966) Humongous regions: 33->33
[6136.756s][info][gc,metaspace   ] GC(966) Metaspace: 35834K(38144K)->35834K(38144K) NonClass: 26762K(27072K)->26762K(27072K) Class: 9071K(11072K)->9071K(11072K)
[6136.756s][info][gc             ] GC(966) Pause Young (Normal) (G1 Evacuation Pause) 7079M->2574M(8192M) 145.703ms
[6136.756s][info][gc,cpu         ] GC(966) User=1.15s Sys=0.00s Real=0.14s
...[6140.379s][info][gc,start       ] GC(967) Pause Young (Normal) (G1 Evacuation Pause)
[6140.379s][info][gc,task        ] GC(967) Using 8 workers of 8 for evacuation
[6140.525s][info][gc,phases      ] GC(967)   Pre Evacuate Collection Set: 0.23ms
[6140.525s][info][gc,phases      ] GC(967)   Merge Heap Roots: 0.53ms
[6140.525s][info][gc,phases      ] GC(967)   Evacuate Collection Set: 144.63ms
[6140.525s][info][gc,phases      ] GC(967)   Post Evacuate Collection Set: 1.04ms
[6140.525s][info][gc,phases      ] GC(967)   Other: 0.06ms
[6140.525s][info][gc,heap        ] GC(967) Eden regions: 571->0(571)
[6140.525s][info][gc,heap        ] GC(967) Survivor regions: 43->43(77)
[6140.525s][info][gc,heap        ] GC(967) Old regions: 250->257
[6140.525s][info][gc,heap        ] GC(967) Humongous regions: 33->33
[6140.525s][info][gc,metaspace   ] GC(967) Metaspace: 35834K(38144K)->35834K(38144K) NonClass: 26762K(27072K)->26762K(27072K) Class: 9071K(11072K)->9071K(11072K)
[6140.525s][info][gc             ] GC(967) Pause Young (Normal) (G1 Evacuation Pause) 7142M->2628M(8192M) 146.616ms
[6140.525s][info][gc,cpu         ] GC(967) User=1.16s Sys=0.00s Real=0.14s
....[6144.119s][info][gc,start       ] GC(968) Pause Young (Normal) (G1 Evacuation Pause)
[6144.119s][info][gc,task        ] GC(968) Using 8 workers of 8 for evacuation
[6144.265s][info][gc,phases      ] GC(968)   Pre Evacuate Collection Set: 0.27ms
[6144.265s][info][gc,phases      ] GC(968)   Merge Heap Roots: 0.66ms
[6144.265s][info][gc,phases      ] GC(968)   Evacuate Collection Set: 144.19ms
[6144.265s][info][gc,phases      ] GC(968)   Post Evacuate Collection Set: 1.07ms
[6144.265s][info][gc,phases      ] GC(968)   Other: 0.06ms
[6144.265s][info][gc,heap        ] GC(968) Eden regions: 571->0(571)
[6144.265s][info][gc,heap        ] GC(968) Survivor regions: 43->43(77)
[6144.265s][info][gc,heap        ] GC(968) Old regions: 257->264
[6144.265s][info][gc,heap        ] GC(968) Humongous regions: 33->33
[6144.265s][info][gc,metaspace   ] GC(968) Metaspace: 35834K(38144K)->35834K(38144K) NonClass: 26762K(27072K)->26762K(27072K) Class: 9071K(11072K)->9071K(11072K)
[6144.265s][info][gc             ] GC(968) Pause Young (Normal) (G1 Evacuation Pause) 7196M->2682M(8192M) 146.409ms
[6144.265s][info][gc,cpu         ] GC(968) User=1.15s Sys=0.00s Real=0.14s
....[6147.990s][info][gc,start       ] GC(969) Pause Young (Normal) (G1 Evacuation Pause)
[6147.990s][info][gc,task        ] GC(969) Using 8 workers of 8 for evacuation
[6148.135s][info][gc,phases      ] GC(969)   Pre Evacuate Collection Set: 0.23ms
[6148.135s][info][gc,phases      ] GC(969)   Merge Heap Roots: 0.52ms
[6148.135s][info][gc,phases      ] GC(969)   Evacuate Collection Set: 142.75ms
[6148.135s][info][gc,phases      ] GC(969)   Post Evacuate Collection Set: 1.04ms
[6148.135s][info][gc,phases      ] GC(969)   Other: 0.06ms
[6148.135s][info][gc,heap        ] GC(969) Eden regions: 571->0(572)
[6148.135s][info][gc,heap        ] GC(969) Survivor regions: 43->42(77)
[6148.135s][info][gc,heap        ] GC(969) Old regions: 264->271
[6148.135s][info][gc,heap        ] GC(969) Humongous regions: 33->33
[6148.135s][info][gc,metaspace   ] GC(969) Metaspace: 35834K(38144K)->35834K(38144K) NonClass: 26762K(27072K)->26762K(27072K) Class: 9071K(11072K)->9071K(11072K)
[6148.135s][info][gc             ] GC(969) Pause Young (Normal) (G1 Evacuation Pause) 7250M->2736M(8192M) 144.733ms
[6148.135s][info][gc,cpu         ] GC(969) User=1.14s Sys=0.00s Real=0.14s
....[6151.793s][info][gc,start       ] GC(970) Pause Young (Normal) (G1 Evacuation Pause)
[6151.793s][info][gc,task        ] GC(970) Using 8 workers of 8 for evacuation
[6151.940s][info][gc,phases      ] GC(970)   Pre Evacuate Collection Set: 0.28ms
[6151.940s][info][gc,phases      ] GC(970)   Merge Heap Roots: 0.53ms
[6151.940s][info][gc,phases      ] GC(970)   Evacuate Collection Set: 145.12ms
[6151.940s][info][gc,phases      ] GC(970)   Post Evacuate Collection Set: 1.06ms
[6151.940s][info][gc,phases      ] GC(970)   Other: 0.06ms
[6151.940s][info][gc,heap        ] GC(970) Eden regions: 572->0(571)
[6151.940s][info][gc,heap        ] GC(970) Survivor regions: 42->43(77)
[6151.940s][info][gc,heap        ] GC(970) Old regions: 271->278
[6151.940s][info][gc,heap        ] GC(970) Humongous regions: 33->33
[6151.940s][info][gc,metaspace   ] GC(970) Metaspace: 35834K(38144K)->35834K(38144K) NonClass: 26762K(27072K)->26762K(27072K) Class: 9071K(11072K)->9071K(11072K)
[6151.940s][info][gc             ] GC(970) Pause Young (Normal) (G1 Evacuation Pause) 7312M->2801M(8192M) 147.203ms
[6151.940s][info][gc,cpu         ] GC(970) User=1.17s Sys=0.00s Real=0.15s
....[6155.565s][info][gc,start       ] GC(971) Pause Young (Normal) (G1 Evacuation Pause)
[6155.565s][info][gc,task        ] GC(971) Using 8 workers of 8 for evacuation
[6155.714s][info][gc,phases      ] GC(971)   Pre Evacuate Collection Set: 0.26ms
[6155.714s][info][gc,phases      ] GC(971)   Merge Heap Roots: 0.52ms
[6155.714s][info][gc,phases      ] GC(971)   Evacuate Collection Set: 146.91ms
[6155.714s][info][gc,phases      ] GC(971)   Post Evacuate Collection Set: 1.02ms
[6155.714s][info][gc,phases      ] GC(971)   Other: 0.06ms
[6155.714s][info][gc,heap        ] GC(971) Eden regions: 571->0(568)
[6155.714s][info][gc,heap        ] GC(971) Survivor regions: 43->43(77)
[6155.714s][info][gc,heap        ] GC(971) Old regions: 278->285
[6155.714s][info][gc,heap        ] GC(971) Humongous regions: 33->33
[6155.714s][info][gc,metaspace   ] GC(971) Metaspace: 35834K(38144K)->35834K(38144K) NonClass: 26762K(27072K)->26762K(27072K) Class: 9071K(11072K)->9071K(11072K)
[6155.714s][info][gc             ] GC(971) Pause Young (Normal) (G1 Evacuation Pause) 7369M->2854M(8192M) 148.897ms
[6155.714s][info][gc,cpu         ] GC(971) User=1.18s Sys=0.00s Real=0.15s
...[6159.493s][info][gc,start       ] GC(972) Pause Young (Normal) (G1 Evacuation Pause)
[6159.493s][info][gc,task        ] GC(972) Using 8 workers of 8 for evacuation
[6159.641s][info][gc,phases      ] GC(972)   Pre Evacuate Collection Set: 0.22ms
[6159.641s][info][gc,phases      ] GC(972)   Merge Heap Roots: 0.54ms
[6159.641s][info][gc,phases      ] GC(972)   Evacuate Collection Set: 145.66ms
[6159.641s][info][gc,phases      ] GC(972)   Post Evacuate Collection Set: 1.02ms
[6159.641s][info][gc,phases      ] GC(972)   Other: 0.06ms
[6159.641s][info][gc,heap        ] GC(972) Eden regions: 568->0(561)
[6159.641s][info][gc,heap        ] GC(972) Survivor regions: 43->43(77)
[6159.641s][info][gc,heap        ] GC(972) Old regions: 285->292
[6159.641s][info][gc,heap        ] GC(972) Humongous regions: 33->33
[6159.641s][info][gc,metaspace   ] GC(972) Metaspace: 35834K(38144K)->35834K(38144K) NonClass: 26762K(27072K)->26762K(27072K) Class: 9071K(11072K)->9071K(11072K)
[6159.641s][info][gc             ] GC(972) Pause Young (Normal) (G1 Evacuation Pause) 7398M->2916M(8192M) 147.632ms
[6159.641s][info][gc,cpu         ] GC(972) User=1.17s Sys=0.00s Real=0.15s
....[6163.206s][info][gc,start       ] GC(973) Pause Young (Normal) (G1 Evacuation Pause)
[6163.206s][info][gc,task        ] GC(973) Using 8 workers of 8 for evacuation
[6163.359s][info][gc,phases      ] GC(973)   Pre Evacuate Collection Set: 0.25ms
[6163.359s][info][gc,phases      ] GC(973)   Merge Heap Roots: 0.52ms
[6163.359s][info][gc,phases      ] GC(973)   Evacuate Collection Set: 151.25ms
[6163.359s][info][gc,phases      ] GC(973)   Post Evacuate Collection Set: 1.06ms
[6163.359s][info][gc,phases      ] GC(973)   Other: 0.06ms
[6163.359s][info][gc,heap        ] GC(973) Eden regions: 561->0(551)
[6163.359s][info][gc,heap        ] GC(973) Survivor regions: 43->44(76)
[6163.359s][info][gc,heap        ] GC(973) Old regions: 292->300
[6163.359s][info][gc,heap        ] GC(973) Humongous regions: 33->33
[6163.359s][info][gc,metaspace   ] GC(973) Metaspace: 35834K(38144K)->35834K(38144K) NonClass: 26762K(27072K)->26762K(27072K) Class: 9071K(11072K)->9071K(11072K)
[6163.359s][info][gc             ] GC(973) Pause Young (Normal) (G1 Evacuation Pause) 7404M->2984M(8192M) 153.277ms
[6163.359s][info][gc,cpu         ] GC(973) User=1.21s Sys=0.00s Real=0.16s
....[6166.866s][info][gc,start       ] GC(974) Pause Young (Normal) (G1 Evacuation Pause)
[6166.866s][info][gc,task        ] GC(974) Using 8 workers of 8 for evacuation
[6167.018s][info][gc,phases      ] GC(974)   Pre Evacuate Collection Set: 0.23ms
[6167.019s][info][gc,phases      ] GC(974)   Merge Heap Roots: 0.60ms
[6167.019s][info][gc,phases      ] GC(974)   Evacuate Collection Set: 150.13ms
[6167.019s][info][gc,phases      ] GC(974)   Post Evacuate Collection Set: 1.02ms
[6167.019s][info][gc,phases      ] GC(974)   Other: 0.06ms
[6167.019s][info][gc,heap        ] GC(974) Eden regions: 551->0(546)
[6167.019s][info][gc,heap        ] GC(974) Survivor regions: 44->43(75)
[6167.019s][info][gc,heap        ] GC(974) Old regions: 300->307
[6167.019s][info][gc,heap        ] GC(974) Humongous regions: 33->33
[6167.019s][info][gc,metaspace   ] GC(974) Metaspace: 35834K(38144K)->35834K(38144K) NonClass: 26762K(27072K)->26762K(27072K) Class: 9071K(11072K)->9071K(11072K)
[6167.019s][info][gc             ] GC(974) Pause Young (Normal) (G1 Evacuation Pause) 7392M->3036M(8192M) 152.165ms
[6167.019s][info][gc,cpu         ] GC(974) User=1.20s Sys=0.00s Real=0.16s
...[6170.496s][info][gc,start       ] GC(975) Pause Young (Concurrent Start) (G1 Evacuation Pause)
[6170.496s][info][gc,task        ] GC(975) Using 8 workers of 8 for evacuation
[6170.642s][info][gc,phases      ] GC(975)   Pre Evacuate Collection Set: 0.30ms
[6170.642s][info][gc,phases      ] GC(975)   Merge Heap Roots: 0.51ms
[6170.642s][info][gc,phases      ] GC(975)   Evacuate Collection Set: 143.97ms
[6170.642s][info][gc,phases      ] GC(975)   Post Evacuate Collection Set: 1.03ms
[6170.642s][info][gc,phases      ] GC(975)   Other: 0.09ms
[6170.642s][info][gc,heap        ] GC(975) Eden regions: 546->0(538)
[6170.642s][info][gc,heap        ] GC(975) Survivor regions: 43->43(74)
[6170.642s][info][gc,heap        ] GC(975) Old regions: 307->315
[6170.642s][info][gc,heap        ] GC(975) Humongous regions: 33->33
[6170.642s][info][gc,metaspace   ] GC(975) Metaspace: 35834K(38144K)->35834K(38144K) NonClass: 26762K(27072K)->26762K(27072K) Class: 9071K(11072K)->9071K(11072K)
[6170.642s][info][gc             ] GC(975) Pause Young (Concurrent Start) (G1 Evacuation Pause) 7404M->3093M(8192M) 146.036ms
[6170.642s][info][gc             ] GC(976) Concurrent Mark Cycle
[6170.642s][info][gc,marking     ] GC(976) Concurrent Scan Root Regions
[6170.642s][info][gc,cpu         ] GC(975) User=1.16s Sys=0.00s Real=0.15s
.[6170.965s][info][gc,marking     ] GC(976) Concurrent Scan Root Regions 322.875ms
[6170.965s][info][gc,marking     ] GC(976) Concurrent Mark
[6170.965s][info][gc,marking     ] GC(976) Concurrent Mark From Roots
[6170.965s][info][gc,task        ] GC(976) Using 2 workers of 2 for marking
.[6172.218s][info][gc,marking     ] GC(976) Concurrent Mark From Roots 1252.828ms
[6172.218s][info][gc,marking     ] GC(976) Concurrent Preclean
[6172.218s][info][gc,marking     ] GC(976) Concurrent Preclean 0.078ms
[6172.218s][info][gc,start       ] GC(976) Pause Remark
[6172.220s][info][gc             ] GC(976) Pause Remark 4937M->4393M(8192M) 2.526ms
[6172.221s][info][gc,cpu         ] GC(976) User=0.02s Sys=0.00s Real=0.00s
[6172.221s][info][gc,marking     ] GC(976) Concurrent Mark 1255.739ms
[6172.221s][info][gc,marking     ] GC(976) Concurrent Rebuild Remembered Sets and Scrub Regions
.[6173.056s][info][gc,marking     ] GC(976) Concurrent Rebuild Remembered Sets and Scrub Regions 835.585ms
[6173.056s][info][gc,start       ] GC(976) Pause Cleanup
[6173.057s][info][gc             ] GC(976) Pause Cleanup 5562M->5562M(8192M) 0.255ms
[6173.057s][info][gc,cpu         ] GC(976) User=0.00s Sys=0.00s Real=0.00s
[6173.057s][info][gc,marking     ] GC(976) Concurrent Clear Claimed Marks
[6173.057s][info][gc,marking     ] GC(976) Concurrent Clear Claimed Marks 0.038ms
[6173.057s][info][gc,marking     ] GC(976) Concurrent Cleanup for Next Mark
[6173.067s][info][gc,marking     ] GC(976) Concurrent Cleanup for Next Mark 10.682ms
[6173.067s][info][gc             ] GC(976) Concurrent Mark Cycle 2425.566ms
. (rIR:aIR:PR = 10101:10117:10115) (tPR = 151381) [OK] 
  6173s: Performance info:
         Transaction,    Success,    Partial,     Failed,   Receipts, AvgBarcode, 
             Overall,     610577,          0,          0,     580056,      59.47, 
         Response times:
             Request,    Success,    Partial,     Failed,   SkipFail,     Probes,    Samples,      min,      p50,      p90,      p95,      p99,      max, 
       TotalPurchase,     580226,          0,          0,          0,     357334,     474123,      300,     7200,    37000,    80000,   173000,  1900000,
     InStorePurchase,     302196,          0,          0,          0,     187468,     248716,      300,     7300,    37000,    79000,   171000,  1900000,
      OnlinePurchase,     216259,          0,          0,          0,     131993,     175195,      300,     7100,    38000,    81000,   175000,  1900000,
        InstPurchase,      61771,          0,          0,          0,      37873,      50212,      400,     7200,    38000,    81000,   175000,  1900000,
          AssocOfCat,        608,          0,          0,          0,        508,        782,    31000,    54000,    85000,   137000,   241340,   348000,
      AssocOfProduct,       6072,          0,          0,          0,       3393,       4752,      700,     7300,    43700,    85000,   175940,   548000,
      BusinessReport,       1523,          0,          0,          0,       1337,       1918,    30000,    60000,   112000,   159000,   247430,   395000,
          CustBuyBeh,       6098,          0,          0,          0,       3370,       4672,      300,     7800,    41000,    86350,   176000,   554000,
       ProductReturn,      16178,          0,          0,          0,       9665,      13093,      300,     7300,    35000,    75000,   166000,   451000,

  6173s: (74%)   IR =  10239 [6174.164s][info][gc,start       ] GC(977) Pause Young (Prepare Mixed) (G1 Evacuation Pause)
[6174.164s][info][gc,task        ] GC(977) Using 8 workers of 8 for evacuation
[6174.311s][info][gc,phases      ] GC(977)   Pre Evacuate Collection Set: 0.26ms
[6174.311s][info][gc,phases      ] GC(977)   Merge Heap Roots: 0.76ms
[6174.311s][info][gc,phases      ] GC(977)   Evacuate Collection Set: 144.41ms
[6174.311s][info][gc,phases      ] GC(977)   Post Evacuate Collection Set: 1.21ms
[6174.311s][info][gc,phases      ] GC(977)   Other: 0.06ms
[6174.311s][info][gc,heap        ] GC(977) Eden regions: 538->0(571)
[6174.311s][info][gc,heap        ] GC(977) Survivor regions: 43->43(73)
[6174.311s][info][gc,heap        ] GC(977) Old regions: 247->255
[6174.311s][info][gc,heap        ] GC(977) Humongous regions: 33->33
[6174.311s][info][gc,metaspace   ] GC(977) Metaspace: 35834K(38144K)->35834K(38144K) NonClass: 26762K(27072K)->26762K(27072K) Class: 9071K(11072K)->9071K(11072K)
[6174.311s][info][gc             ] GC(977) Pause Young (Prepare Mixed) (G1 Evacuation Pause) 6853M->2609M(8192M) 146.856ms
[6174.311s][info][gc,cpu         ] GC(977) User=1.16s Sys=0.00s Real=0.15s
....[6177.930s][info][gc,start       ] GC(978) Pause Young (Mixed) (G1 Evacuation Pause)
[6177.930s][info][gc,task        ] GC(978) Using 8 workers of 8 for evacuation
[6178.085s][info][gc,phases      ] GC(978)   Pre Evacuate Collection Set: 0.29ms
[6178.085s][info][gc,phases      ] GC(978)   Merge Heap Roots: 0.83ms
[6178.085s][info][gc,phases      ] GC(978)   Evacuate Collection Set: 152.58ms
[6178.085s][info][gc,phases      ] GC(978)   Post Evacuate Collection Set: 1.33ms
[6178.085s][info][gc,phases      ] GC(978)   Other: 0.09ms
[6178.085s][info][gc,heap        ] GC(978) Eden regions: 571->0(571)
[6178.085s][info][gc,heap        ] GC(978) Survivor regions: 43->43(77)
[6178.085s][info][gc,heap        ] GC(978) Old regions: 255->160
[6178.085s][info][gc,heap        ] GC(978) Humongous regions: 33->33
[6178.085s][info][gc,metaspace   ] GC(978) Metaspace: 35834K(38144K)->35834K(38144K) NonClass: 26762K(27072K)->26762K(27072K) Class: 9071K(11072K)->9071K(11072K)
[6178.085s][info][gc             ] GC(978) Pause Young (Mixed) (G1 Evacuation Pause) 7177M->1850M(8192M) 155.279ms
[6178.085s][info][gc,cpu         ] GC(978) User=1.23s Sys=0.00s Real=0.15s
..|.[6181.725s][info][gc,start       ] GC(979) Pause Young (Mixed) (G1 Evacuation Pause)
[6181.725s][info][gc,task        ] GC(979) Using 8 workers of 8 for evacuation
[6181.883s][info][gc,phases      ] GC(979)   Pre Evacuate Collection Set: 0.23ms
[6181.883s][info][gc,phases      ] GC(979)   Merge Heap Roots: 0.81ms
[6181.883s][info][gc,phases      ] GC(979)   Evacuate Collection Set: 156.19ms
[6181.883s][info][gc,phases      ] GC(979)   Post Evacuate Collection Set: 1.05ms
[6181.883s][info][gc,phases      ] GC(979)   Other: 0.07ms
[6181.883s][info][gc,heap        ] GC(979) Eden regions: 571->0(570)
[6181.883s][info][gc,heap        ] GC(979) Survivor regions: 43->44(77)
[6181.883s][info][gc,heap        ] GC(979) Old regions: 160->143
[6181.883s][info][gc,heap        ] GC(979) Humongous regions: 33->33
[6181.883s][info][gc,metaspace   ] GC(979) Metaspace: 35834K(38144K)->35834K(38144K) NonClass: 26762K(27072K)->26762K(27072K) Class: 9071K(11072K)->9071K(11072K)
[6181.883s][info][gc             ] GC(979) Pause Young (Mixed) (G1 Evacuation Pause) 6418M->1728M(8192M) 158.500ms
[6181.883s][info][gc,cpu         ] GC(979) User=1.25s Sys=0.00s Real=0.16s
....[6185.347s][info][gc,start       ] GC(980) Pause Young (Normal) (G1 Evacuation Pause)
[6185.347s][info][gc,task        ] GC(980) Using 8 workers of 8 for evacuation
[6185.498s][info][gc,phases      ] GC(980)   Pre Evacuate Collection Set: 0.22ms
[6185.498s][info][gc,phases      ] GC(980)   Merge Heap Roots: 0.51ms
[6185.498s][info][gc,phases      ] GC(980)   Evacuate Collection Set: 149.05ms
[6185.498s][info][gc,phases      ] GC(980)   Post Evacuate Collection Set: 1.03ms
[6185.498s][info][gc,phases      ] GC(980)   Other: 0.06ms
[6185.498s][info][gc,heap        ] GC(980) Eden regions: 570->0(570)
[6185.498s][info][gc,heap        ] GC(980) Survivor regions: 44->44(77)
[6185.498s][info][gc,heap        ] GC(980) Old regions: 143->151
[6185.498s][info][gc,heap        ] GC(980) Humongous regions: 33->33
[6185.498s][info][gc,metaspace   ] GC(980) Metaspace: 35834K(38144K)->35834K(38144K) NonClass: 26762K(27072K)->26762K(27072K) Class: 9071K(11072K)->9071K(11072K)
[6185.498s][info][gc             ] GC(980) Pause Young (Normal) (G1 Evacuation Pause) 6288M->1787M(8192M) 151.012ms
[6185.498s][info][gc,cpu         ] GC(980) User=1.19s Sys=0.00s Real=0.16s
....[6189.238s][info][gc,start       ] GC(981) Pause Young (Normal) (G1 Evacuation Pause)
[6189.239s][info][gc,task        ] GC(981) Using 8 workers of 8 for evacuation
[6189.386s][info][gc,phases      ] GC(981)   Pre Evacuate Collection Set: 0.26ms
[6189.386s][info][gc,phases      ] GC(981)   Merge Heap Roots: 0.53ms
[6189.386s][info][gc,phases      ] GC(981)   Evacuate Collection Set: 145.76ms
[6189.386s][info][gc,phases      ] GC(981)   Post Evacuate Collection Set: 1.07ms
[6189.386s][info][gc,phases      ] GC(981)   Other: 0.06ms
[6189.386s][info][gc,heap        ] GC(981) Eden regions: 570->0(571)
[6189.386s][info][gc,heap        ] GC(981) Survivor regions: 44->43(77)
[6189.386s][info][gc,heap        ] GC(981) Old regions: 151->158
[6189.386s][info][gc,heap        ] GC(981) Humongous regions: 33->33
[6189.386s][info][gc,metaspace   ] GC(981) Metaspace: 35834K(38144K)->35834K(38144K) NonClass: 26762K(27072K)->26762K(27072K) Class: 9071K(11072K)->9071K(11072K)
[6189.386s][info][gc             ] GC(981) Pause Young (Normal) (G1 Evacuation Pause) 6347M->1840M(8192M) 147.811ms
[6189.386s][info][gc,cpu         ] GC(981) User=1.17s Sys=0.00s Real=0.14s
...[6192.782s][info][gc,start       ] GC(982) Pause Young (Normal) (G1 Evacuation Pause)
[6192.783s][info][gc,task        ] GC(982) Using 8 workers of 8 for evacuation
[6192.930s][info][gc,phases      ] GC(982)   Pre Evacuate Collection Set: 0.24ms
[6192.930s][info][gc,phases      ] GC(982)   Merge Heap Roots: 0.52ms
[6192.930s][info][gc,phases      ] GC(982)   Evacuate Collection Set: 145.16ms
[6192.930s][info][gc,phases      ] GC(982)   Post Evacuate Collection Set: 1.04ms
[6192.930s][info][gc,phases      ] GC(982)   Other: 0.06ms
[6192.930s][info][gc,heap        ] GC(982) Eden regions: 571->0(571)
[6192.930s][info][gc,heap        ] GC(982) Survivor regions: 43->43(77)
[6192.930s][info][gc,heap        ] GC(982) Old regions: 158->165
[6192.930s][info][gc,heap        ] GC(982) Humongous regions: 33->33
[6192.930s][info][gc,metaspace   ] GC(982) Metaspace: 35834K(38144K)->35834K(38144K) NonClass: 26762K(27072K)->26762K(27072K) Class: 9071K(11072K)->9071K(11072K)
[6192.930s][info][gc             ] GC(982) Pause Young (Normal) (G1 Evacuation Pause) 6408M->1898M(8192M) 147.173ms
[6192.930s][info][gc,cpu         ] GC(982) User=1.16s Sys=0.00s Real=0.15s
....[6196.556s][info][gc,start       ] GC(983) Pause Young (Normal) (G1 Evacuation Pause)
[6196.556s][info][gc,task        ] GC(983) Using 8 workers of 8 for evacuation
[6196.705s][info][gc,phases      ] GC(983)   Pre Evacuate Collection Set: 0.24ms
[6196.705s][info][gc,phases      ] GC(983)   Merge Heap Roots: 0.52ms
[6196.705s][info][gc,phases      ] GC(983)   Evacuate Collection Set: 147.19ms
[6196.705s][info][gc,phases      ] GC(983)   Post Evacuate Collection Set: 1.05ms
[6196.705s][info][gc,phases      ] GC(983)   Other: 0.06ms
[6196.705s][info][gc,heap        ] GC(983) Eden regions: 571->0(571)
[6196.705s][info][gc,heap        ] GC(983) Survivor regions: 43->43(77)
[6196.705s][info][gc,heap        ] GC(983) Old regions: 165->172
[6196.705s][info][gc,heap        ] GC(983) Humongous regions: 33->33
[6196.705s][info][gc,metaspace   ] GC(983) Metaspace: 35834K(38144K)->35834K(38144K) NonClass: 26762K(27072K)->26762K(27072K) Class: 9071K(11072K)->9071K(11072K)
[6196.705s][info][gc             ] GC(983) Pause Young (Normal) (G1 Evacuation Pause) 6466M->1956M(8192M) 149.183ms
[6196.705s][info][gc,cpu         ] GC(983) User=1.18s Sys=0.00s Real=0.15s
....[6200.337s][info][gc,start       ] GC(984) Pause Young (Normal) (G1 Evacuation Pause)
[6200.337s][info][gc,task        ] GC(984) Using 8 workers of 8 for evacuation
[6200.497s][info][gc,phases      ] GC(984)   Pre Evacuate Collection Set: 0.22ms
[6200.497s][info][gc,phases      ] GC(984)   Merge Heap Roots: 0.53ms
[6200.497s][info][gc,phases      ] GC(984)   Evacuate Collection Set: 157.55ms
[6200.497s][info][gc,phases      ] GC(984)   Post Evacuate Collection Set: 1.09ms
[6200.497s][info][gc,phases      ] GC(984)   Other: 0.06ms
[6200.497s][info][gc,heap        ] GC(984) Eden regions: 571->0(568)
[6200.497s][info][gc,heap        ] GC(984) Survivor regions: 43->46(77)
[6200.497s][info][gc,heap        ] GC(984) Old regions: 172->179
[6200.497s][info][gc,heap        ] GC(984) Humongous regions: 33->33
[6200.497s][info][gc,metaspace   ] GC(984) Metaspace: 35834K(38144K)->35834K(38144K) NonClass: 26762K(27072K)->26762K(27072K) Class: 9071K(11072K)->9071K(11072K)
[6200.497s][info][gc             ] GC(984) Pause Young (Normal) (G1 Evacuation Pause) 6524M->2034M(8192M) 159.592ms
[6200.497s][info][gc,cpu         ] GC(984) User=1.27s Sys=0.00s Real=0.16s
....[6204.131s][info][gc,start       ] GC(985) Pause Young (Normal) (G1 Evacuation Pause)
[6204.131s][info][gc,task        ] GC(985) Using 8 workers of 8 for evacuation
[6204.278s][info][gc,phases      ] GC(985)   Pre Evacuate Collection Set: 0.23ms
[6204.278s][info][gc,phases      ] GC(985)   Merge Heap Roots: 0.65ms
[6204.278s][info][gc,phases      ] GC(985)   Evacuate Collection Set: 145.32ms
[6204.278s][info][gc,phases      ] GC(985)   Post Evacuate Collection Set: 1.03ms
[6204.278s][info][gc,phases      ] GC(985)   Other: 0.06ms
[6204.278s][info][gc,heap        ] GC(985) Eden regions: 568->0(571)
[6204.278s][info][gc,heap        ] GC(985) Survivor regions: 46->43(77)
[6204.278s][info][gc,heap        ] GC(985) Old regions: 179->186
[6204.278s][info][gc,heap        ] GC(985) Humongous regions: 33->33
[6204.278s][info][gc,metaspace   ] GC(985) Metaspace: 35834K(38144K)->35834K(38144K) NonClass: 26762K(27072K)->26762K(27072K) Class: 9071K(11072K)->9071K(11072K)
[6204.278s][info][gc             ] GC(985) Pause Young (Normal) (G1 Evacuation Pause) 6578M->2067M(8192M) 147.426ms
[6204.278s][info][gc,cpu         ] GC(985) User=1.17s Sys=0.00s Real=0.15s
...[6207.743s][info][gc,start       ] GC(986) Pause Young (Normal) (G1 Evacuation Pause)
[6207.743s][info][gc,task        ] GC(986) Using 8 workers of 8 for evacuation
[6207.890s][info][gc,phases      ] GC(986)   Pre Evacuate Collection Set: 0.24ms
[6207.890s][info][gc,phases      ] GC(986)   Merge Heap Roots: 0.53ms
[6207.890s][info][gc,phases      ] GC(986)   Evacuate Collection Set: 145.08ms
[6207.890s][info][gc,phases      ] GC(986)   Post Evacuate Collection Set: 1.03ms
[6207.890s][info][gc,phases      ] GC(986)   Other: 0.06ms
[6207.890s][info][gc,heap        ] GC(986) Eden regions: 571->0(570)
[6207.890s][info][gc,heap        ] GC(986) Survivor regions: 43->44(77)
[6207.890s][info][gc,heap        ] GC(986) Old regions: 186->194
[6207.890s][info][gc,heap        ] GC(986) Humongous regions: 33->33
[6207.890s][info][gc,metaspace   ] GC(986) Metaspace: 35834K(38144K)->35834K(38144K) NonClass: 26762K(27072K)->26762K(27072K) Class: 9071K(11072K)->9071K(11072K)
[6207.890s][info][gc             ] GC(986) Pause Young (Normal) (G1 Evacuation Pause) 6635M->2129M(8192M) 147.072ms
[6207.890s][info][gc,cpu         ] GC(986) User=1.17s Sys=0.00s Real=0.15s
....[6211.488s][info][gc,start       ] GC(987) Pause Young (Normal) (G1 Evacuation Pause)
[6211.488s][info][gc,task        ] GC(987) Using 8 workers of 8 for evacuation
[6211.640s][info][gc,phases      ] GC(987)   Pre Evacuate Collection Set: 0.23ms
[6211.640s][info][gc,phases      ] GC(987)   Merge Heap Roots: 0.54ms
[6211.640s][info][gc,phases      ] GC(987)   Evacuate Collection Set: 149.45ms
[6211.640s][info][gc,phases      ] GC(987)   Post Evacuate Collection Set: 1.02ms
[6211.640s][info][gc,phases      ] GC(987)   Other: 0.07ms
[6211.640s][info][gc,heap        ] GC(987) Eden regions: 570->0(570)
[6211.640s][info][gc,heap        ] GC(987) Survivor regions: 44->44(77)
[6211.640s][info][gc,heap        ] GC(987) Old regions: 194->201
[6211.640s][info][gc,heap        ] GC(987) Humongous regions: 33->33
[6211.640s][info][gc,metaspace   ] GC(987) Metaspace: 35834K(38144K)->35834K(38144K) NonClass: 26762K(27072K)->26762K(27072K) Class: 9071K(11072K)->9071K(11072K)
[6211.640s][info][gc             ] GC(987) Pause Young (Normal) (G1 Evacuation Pause) 6689M->2190M(8192M) 151.426ms
[6211.640s][info][gc,cpu         ] GC(987) User=1.19s Sys=0.00s Real=0.15s
....[6215.216s][info][gc,start       ] GC(988) Pause Young (Normal) (G1 Evacuation Pause)
[6215.216s][info][gc,task        ] GC(988) Using 8 workers of 8 for evacuation
[6215.368s][info][gc,phases      ] GC(988)   Pre Evacuate Collection Set: 0.23ms
[6215.368s][info][gc,phases      ] GC(988)   Merge Heap Roots: 0.51ms
[6215.368s][info][gc,phases      ] GC(988)   Evacuate Collection Set: 150.30ms
[6215.368s][info][gc,phases      ] GC(988)   Post Evacuate Collection Set: 1.03ms
[6215.368s][info][gc,phases      ] GC(988)   Other: 0.08ms
[6215.368s][info][gc,heap        ] GC(988) Eden regions: 570->0(571)
[6215.368s][info][gc,heap        ] GC(988) Survivor regions: 44->43(77)
[6215.368s][info][gc,heap        ] GC(988) Old regions: 201->208
[6215.368s][info][gc,heap        ] GC(988) Humongous regions: 33->33
[6215.368s][info][gc,metaspace   ] GC(988) Metaspace: 35834K(38144K)->35834K(38144K) NonClass: 26762K(27072K)->26762K(27072K) Class: 9071K(11072K)->9071K(11072K)
[6215.368s][info][gc             ] GC(988) Pause Young (Normal) (G1 Evacuation Pause) 6750M->2241M(8192M) 152.281ms
[6215.368s][info][gc,cpu         ] GC(988) User=1.20s Sys=0.00s Real=0.16s
....[6219.017s][info][gc,start       ] GC(989) Pause Young (Normal) (G1 Evacuation Pause)
[6219.017s][info][gc,task        ] GC(989) Using 8 workers of 8 for evacuation
[6219.166s][info][gc,phases      ] GC(989)   Pre Evacuate Collection Set: 0.22ms
[6219.166s][info][gc,phases      ] GC(989)   Merge Heap Roots: 0.54ms
[6219.166s][info][gc,phases      ] GC(989)   Evacuate Collection Set: 147.39ms
[6219.166s][info][gc,phases      ] GC(989)   Post Evacuate Collection Set: 1.05ms
[6219.166s][info][gc,phases      ] GC(989)   Other: 0.06ms
[6219.166s][info][gc,heap        ] GC(989) Eden regions: 571->0(570)
[6219.166s][info][gc,heap        ] GC(989) Survivor regions: 43->44(77)
[6219.166s][info][gc,heap        ] GC(989) Old regions: 208->215
[6219.166s][info][gc,heap        ] GC(989) Humongous regions: 33->33
[6219.166s][info][gc,metaspace   ] GC(989) Metaspace: 35834K(38144K)->35834K(38144K) NonClass: 26762K(27072K)->26762K(27072K) Class: 9071K(11072K)->9071K(11072K)
[6219.166s][info][gc             ] GC(989) Pause Young (Normal) (G1 Evacuation Pause) 6809M->2304M(8192M) 149.411ms
[6219.167s][info][gc,cpu         ] GC(989) User=1.18s Sys=0.00s Real=0.14s
...[6222.724s][info][gc,start       ] GC(990) Pause Young (Normal) (G1 Evacuation Pause)
[6222.724s][info][gc,task        ] GC(990) Using 8 workers of 8 for evacuation
[6222.878s][info][gc,phases      ] GC(990)   Pre Evacuate Collection Set: 0.23ms
[6222.878s][info][gc,phases      ] GC(990)   Merge Heap Roots: 0.53ms
[6222.878s][info][gc,phases      ] GC(990)   Evacuate Collection Set: 151.22ms
[6222.878s][info][gc,phases      ] GC(990)   Post Evacuate Collection Set: 1.06ms
[6222.878s][info][gc,phases      ] GC(990)   Other: 0.06ms
[6222.878s][info][gc,heap        ] GC(990) Eden regions: 570->0(569)
[6222.878s][info][gc,heap        ] GC(990) Survivor regions: 44->45(77)
[6222.878s][info][gc,heap        ] GC(990) Old regions: 215->222
[6222.878s][info][gc,heap        ] GC(990) Humongous regions: 33->33
[6222.878s][info][gc,metaspace   ] GC(990) Metaspace: 35834K(38144K)->35834K(38144K) NonClass: 26762K(27072K)->26762K(27072K) Class: 9071K(11072K)->9071K(11072K)
[6222.878s][info][gc             ] GC(990) Pause Young (Normal) (G1 Evacuation Pause) 6864M->2368M(8192M) 153.233ms
[6222.878s][info][gc,cpu         ] GC(990) User=1.21s Sys=0.00s Real=0.16s
....[6226.456s][info][gc,start       ] GC(991) Pause Young (Normal) (G1 Evacuation Pause)
[6226.456s][info][gc,task        ] GC(991) Using 8 workers of 8 for evacuation
[6226.605s][info][gc,phases      ] GC(991)   Pre Evacuate Collection Set: 0.24ms
[6226.605s][info][gc,phases      ] GC(991)   Merge Heap Roots: 0.53ms
[6226.605s][info][gc,phases      ] GC(991)   Evacuate Collection Set: 147.80ms
[6226.605s][info][gc,phases      ] GC(991)   Post Evacuate Collection Set: 1.04ms
[6226.606s][info][gc,phases      ] GC(991)   Other: 0.06ms
[6226.606s][info][gc,heap        ] GC(991) Eden regions: 569->0(570)
[6226.606s][info][gc,heap        ] GC(991) Survivor regions: 45->44(77)
[6226.606s][info][gc,heap        ] GC(991) Old regions: 222->230
[6226.606s][info][gc,heap        ] GC(991) Humongous regions: 33->33
[6226.606s][info][gc,metaspace   ] GC(991) Metaspace: 35834K(38144K)->35834K(38144K) NonClass: 26762K(27072K)->26762K(27072K) Class: 9071K(11072K)->9071K(11072K)
[6226.606s][info][gc             ] GC(991) Pause Young (Normal) (G1 Evacuation Pause) 6920M->2417M(8192M) 149.793ms
[6226.606s][info][gc,cpu         ] GC(991) User=1.18s Sys=0.00s Real=0.15s
....[6230.268s][info][gc,start       ] GC(992) Pause Young (Normal) (G1 Evacuation Pause)
[6230.268s][info][gc,task        ] GC(992) Using 8 workers of 8 for evacuation
[6230.416s][info][gc,phases      ] GC(992)   Pre Evacuate Collection Set: 0.25ms
[6230.416s][info][gc,phases      ] GC(992)   Merge Heap Roots: 0.52ms
[6230.416s][info][gc,phases      ] GC(992)   Evacuate Collection Set: 145.76ms
[6230.416s][info][gc,phases      ] GC(992)   Post Evacuate Collection Set: 1.05ms
[6230.416s][info][gc,phases      ] GC(992)   Other: 0.06ms
[6230.416s][info][gc,heap        ] GC(992) Eden regions: 570->0(571)
[6230.416s][info][gc,heap        ] GC(992) Survivor regions: 44->43(77)
[6230.416s][info][gc,heap        ] GC(992) Old regions: 230->236
[6230.416s][info][gc,heap        ] GC(992) Humongous regions: 33->33
[6230.416s][info][gc,metaspace   ] GC(992) Metaspace: 35834K(38144K)->35834K(38144K) NonClass: 26762K(27072K)->26762K(27072K) Class: 9071K(11072K)->9071K(11072K)
[6230.416s][info][gc             ] GC(992) Pause Young (Normal) (G1 Evacuation Pause) 6977M->2464M(8192M) 147.778ms
[6230.416s][info][gc,cpu         ] GC(992) User=1.17s Sys=0.00s Real=0.14s
....[6234.024s][info][gc,start       ] GC(993) Pause Young (Normal) (G1 Evacuation Pause)
[6234.024s][info][gc,task        ] GC(993) Using 8 workers of 8 for evacuation
[6234.173s][info][gc,phases      ] GC(993)   Pre Evacuate Collection Set: 0.23ms
[6234.173s][info][gc,phases      ] GC(993)   Merge Heap Roots: 0.55ms
[6234.173s][info][gc,phases      ] GC(993)   Evacuate Collection Set: 146.74ms
[6234.173s][info][gc,phases      ] GC(993)   Post Evacuate Collection Set: 1.08ms
[6234.173s][info][gc,phases      ] GC(993)   Other: 0.06ms
[6234.173s][info][gc,heap        ] GC(993) Eden regions: 571->0(571)
[6234.173s][info][gc,heap        ] GC(993) Survivor regions: 43->43(77)
[6234.173s][info][gc,heap        ] GC(993) Old regions: 236->243
[6234.173s][info][gc,heap        ] GC(993) Humongous regions: 33->33
[6234.173s][info][gc,metaspace   ] GC(993) Metaspace: 35834K(38144K)->35834K(38144K) NonClass: 26762K(27072K)->26762K(27072K) Class: 9071K(11072K)->9071K(11072K)
[6234.173s][info][gc             ] GC(993) Pause Young (Normal) (G1 Evacuation Pause) 7032M->2524M(8192M) 148.782ms
[6234.173s][info][gc,cpu         ] GC(993) User=1.18s Sys=0.00s Real=0.15s
...[6237.873s][info][gc,start       ] GC(994) Pause Young (Normal) (G1 Evacuation Pause)
[6237.873s][info][gc,task        ] GC(994) Using 8 workers of 8 for evacuation
[6238.023s][info][gc,phases      ] GC(994)   Pre Evacuate Collection Set: 0.23ms
[6238.023s][info][gc,phases      ] GC(994)   Merge Heap Roots: 0.61ms
[6238.023s][info][gc,phases      ] GC(994)   Evacuate Collection Set: 148.60ms
[6238.023s][info][gc,phases      ] GC(994)   Post Evacuate Collection Set: 1.08ms
[6238.023s][info][gc,phases      ] GC(994)   Other: 0.06ms
[6238.023s][info][gc,heap        ] GC(994) Eden regions: 571->0(570)
[6238.023s][info][gc,heap        ] GC(994) Survivor regions: 43->44(77)
[6238.023s][info][gc,heap        ] GC(994) Old regions: 243->250
[6238.023s][info][gc,heap        ] GC(994) Humongous regions: 33->33
[6238.023s][info][gc,metaspace   ] GC(994) Metaspace: 35834K(38144K)->35834K(38144K) NonClass: 26762K(27072K)->26762K(27072K) Class: 9071K(11072K)->9071K(11072K)
[6238.023s][info][gc             ] GC(994) Pause Young (Normal) (G1 Evacuation Pause) 7092M->2588M(8192M) 150.704ms
[6238.023s][info][gc,cpu         ] GC(994) User=1.19s Sys=0.00s Real=0.15s
... (rIR:aIR:PR = 10239:10290:10293) (tPR = 152919) [OK] 
  6239s: Performance info:
         Transaction,    Success,    Partial,     Failed,   Receipts, AvgBarcode, 
             Overall,     619544,          0,          0,     588767,      59.48, 
         Response times:
             Request,    Success,    Partial,     Failed,   SkipFail,     Probes,    Samples,      min,      p50,      p90,      p95,      p99,      max, 
       TotalPurchase,     588641,          0,          0,          0,     357835,     398142,      300,     7000,    30000,    65000,   121000,   670000,
     InStorePurchase,     310307,          0,          0,          0,     188870,     209870,      300,     6900,    29000,    67000,   123000,   670000,
      OnlinePurchase,     216686,          0,          0,          0,     131380,     146247,      400,     7000,    30000,    64000,   117000,   670000,
        InstPurchase,      61648,          0,          0,          0,      37585,      42025,      400,     7600,    30000,    65000,   120000,   670000,
          AssocOfCat,        617,          0,          0,          0,        517,        651,    29000,    56000,    94000,   142000,   208480,   253000,
      AssocOfProduct,       6140,          0,          0,          0,       3464,       4036,      600,     7800,    27000,    66000,   119000,   259000,
      BusinessReport,       1541,          0,          0,          0,       1384,       1673,    28000,    61000,    97000,   144300,   222000,   450000,
          CustBuyBeh,       6202,          0,          0,          0,       3511,       4135,      200,     7300,    29000,    62000,   137920,   380000,
       ProductReturn,      16273,          0,          0,          0,       9727,      11092,      300,     7000,    30000,    67000,   117000,   650000,

  6239s: (75%)   IR =  10378 .[6241.533s][info][gc,start       ] GC(995) Pause Young (Normal) (G1 Evacuation Pause)
[6241.533s][info][gc,task        ] GC(995) Using 8 workers of 8 for evacuation
[6241.683s][info][gc,phases      ] GC(995)   Pre Evacuate Collection Set: 0.23ms
[6241.683s][info][gc,phases      ] GC(995)   Merge Heap Roots: 0.56ms
[6241.683s][info][gc,phases      ] GC(995)   Evacuate Collection Set: 148.22ms
[6241.683s][info][gc,phases      ] GC(995)   Post Evacuate Collection Set: 1.03ms
[6241.683s][info][gc,phases      ] GC(995)   Other: 0.06ms
[6241.683s][info][gc,heap        ] GC(995) Eden regions: 570->0(570)
[6241.683s][info][gc,heap        ] GC(995) Survivor regions: 44->44(77)
[6241.683s][info][gc,heap        ] GC(995) Old regions: 250->258
[6241.683s][info][gc,heap        ] GC(995) Humongous regions: 33->33
[6241.683s][info][gc,metaspace   ] GC(995) Metaspace: 35834K(38144K)->35834K(38144K) NonClass: 26762K(27072K)->26762K(27072K) Class: 9071K(11072K)->9071K(11072K)
[6241.683s][info][gc             ] GC(995) Pause Young (Normal) (G1 Evacuation Pause) 7148M->2642M(8192M) 150.249ms
[6241.683s][info][gc,cpu         ] GC(995) User=1.18s Sys=0.00s Real=0.15s
....[6245.221s][info][gc,start       ] GC(996) Pause Young (Normal) (G1 Evacuation Pause)
[6245.221s][info][gc,task        ] GC(996) Using 8 workers of 8 for evacuation
[6245.374s][info][gc,phases      ] GC(996)   Pre Evacuate Collection Set: 0.26ms
[6245.374s][info][gc,phases      ] GC(996)   Merge Heap Roots: 0.60ms
[6245.374s][info][gc,phases      ] GC(996)   Evacuate Collection Set: 150.51ms
[6245.374s][info][gc,phases      ] GC(996)   Post Evacuate Collection Set: 1.07ms
[6245.374s][info][gc,phases      ] GC(996)   Other: 0.07ms
[6245.374s][info][gc,heap        ] GC(996) Eden regions: 570->0(570)
[6245.374s][info][gc,heap        ] GC(996) Survivor regions: 44->44(77)
[6245.374s][info][gc,heap        ] GC(996) Old regions: 258->265
[6245.374s][info][gc,heap        ] GC(996) Humongous regions: 33->33
[6245.374s][info][gc,metaspace   ] GC(996) Metaspace: 35834K(38144K)->35834K(38144K) NonClass: 26762K(27072K)->26762K(27072K) Class: 9071K(11072K)->9071K(11072K)
[6245.374s][info][gc             ] GC(996) Pause Young (Normal) (G1 Evacuation Pause) 7202M->2702M(8192M) 152.656ms
[6245.374s][info][gc,cpu         ] GC(996) User=1.21s Sys=0.00s Real=0.15s
..|.[6248.870s][info][gc,start       ] GC(997) Pause Young (Normal) (G1 Evacuation Pause)
[6248.870s][info][gc,task        ] GC(997) Using 8 workers of 8 for evacuation
[6249.019s][info][gc,phases      ] GC(997)   Pre Evacuate Collection Set: 0.27ms
[6249.019s][info][gc,phases      ] GC(997)   Merge Heap Roots: 0.54ms
[6249.019s][info][gc,phases      ] GC(997)   Evacuate Collection Set: 146.71ms
[6249.019s][info][gc,phases      ] GC(997)   Post Evacuate Collection Set: 1.04ms
[6249.019s][info][gc,phases      ] GC(997)   Other: 0.06ms
[6249.019s][info][gc,heap        ] GC(997) Eden regions: 570->0(571)
[6249.019s][info][gc,heap        ] GC(997) Survivor regions: 44->43(77)
[6249.019s][info][gc,heap        ] GC(997) Old regions: 265->272
[6249.019s][info][gc,heap        ] GC(997) Humongous regions: 33->33
[6249.019s][info][gc,metaspace   ] GC(997) Metaspace: 35834K(38144K)->35834K(38144K) NonClass: 26762K(27072K)->26762K(27072K) Class: 9071K(11072K)->9071K(11072K)
[6249.019s][info][gc             ] GC(997) Pause Young (Normal) (G1 Evacuation Pause) 7262M->2756M(8192M) 148.758ms
[6249.019s][info][gc,cpu         ] GC(997) User=1.17s Sys=0.00s Real=0.15s
....[6252.654s][info][gc,start       ] GC(998) Pause Young (Normal) (G1 Evacuation Pause)
[6252.654s][info][gc,task        ] GC(998) Using 8 workers of 8 for evacuation
[6252.804s][info][gc,phases      ] GC(998)   Pre Evacuate Collection Set: 0.24ms
[6252.804s][info][gc,phases      ] GC(998)   Merge Heap Roots: 0.53ms
[6252.804s][info][gc,phases      ] GC(998)   Evacuate Collection Set: 148.40ms
[6252.804s][info][gc,phases      ] GC(998)   Post Evacuate Collection Set: 1.05ms
[6252.805s][info][gc,phases      ] GC(998)   Other: 0.06ms
[6252.805s][info][gc,heap        ] GC(998) Eden regions: 571->0(569)
[6252.805s][info][gc,heap        ] GC(998) Survivor regions: 43->45(77)
[6252.805s][info][gc,heap        ] GC(998) Old regions: 272->280
[6252.805s][info][gc,heap        ] GC(998) Humongous regions: 33->33
[6252.805s][info][gc,metaspace   ] GC(998) Metaspace: 35834K(38144K)->35834K(38144K) NonClass: 26762K(27072K)->26762K(27072K) Class: 9071K(11072K)->9071K(11072K)
[6252.805s][info][gc             ] GC(998) Pause Young (Normal) (G1 Evacuation Pause) 7324M->2825M(8192M) 150.418ms
[6252.805s][info][gc,cpu         ] GC(998) User=1.19s Sys=0.00s Real=0.15s
....[6256.400s][info][gc,start       ] GC(999) Pause Young (Normal) (G1 Evacuation Pause)
[6256.400s][info][gc,task        ] GC(999) Using 8 workers of 8 for evacuation
[6256.547s][info][gc,phases      ] GC(999)   Pre Evacuate Collection Set: 0.24ms
[6256.548s][info][gc,phases      ] GC(999)   Merge Heap Roots: 0.54ms
[6256.548s][info][gc,phases      ] GC(999)   Evacuate Collection Set: 145.86ms
[6256.548s][info][gc,phases      ] GC(999)   Post Evacuate Collection Set: 1.05ms
[6256.548s][info][gc,phases      ] GC(999)   Other: 0.06ms
[6256.548s][info][gc,heap        ] GC(999) Eden regions: 569->0(566)
[6256.548s][info][gc,heap        ] GC(999) Survivor regions: 45->43(77)
[6256.548s][info][gc,heap        ] GC(999) Old regions: 280->287
[6256.548s][info][gc,heap        ] GC(999) Humongous regions: 33->33
[6256.548s][info][gc,metaspace   ] GC(999) Metaspace: 35834K(38144K)->35834K(38144K) NonClass: 26762K(27072K)->26762K(27072K) Class: 9071K(11072K)->9071K(11072K)
[6256.548s][info][gc             ] GC(999) Pause Young (Normal) (G1 Evacuation Pause) 7377M->2866M(8192M) 147.867ms
[6256.548s][info][gc,cpu         ] GC(999) User=1.17s Sys=0.00s Real=0.15s
....[6260.145s][info][gc,start       ] GC(1000) Pause Young (Normal) (G1 Evacuation Pause)
[6260.145s][info][gc,task        ] GC(1000) Using 8 workers of 8 for evacuation
[6260.294s][info][gc,phases      ] GC(1000)   Pre Evacuate Collection Set: 0.26ms
[6260.294s][info][gc,phases      ] GC(1000)   Merge Heap Roots: 0.52ms
[6260.294s][info][gc,phases      ] GC(1000)   Evacuate Collection Set: 147.42ms
[6260.294s][info][gc,phases      ] GC(1000)   Post Evacuate Collection Set: 1.10ms
[6260.294s][info][gc,phases      ] GC(1000)   Other: 0.06ms
[6260.294s][info][gc,heap        ] GC(1000) Eden regions: 566->0(559)
[6260.294s][info][gc,heap        ] GC(1000) Survivor regions: 43->43(77)
[6260.294s][info][gc,heap        ] GC(1000) Old regions: 287->294
[6260.294s][info][gc,heap        ] GC(1000) Humongous regions: 33->33
[6260.294s][info][gc,metaspace   ] GC(1000) Metaspace: 35834K(38144K)->35834K(38144K) NonClass: 26762K(27072K)->26762K(27072K) Class: 9071K(11072K)->9071K(11072K)
[6260.294s][info][gc             ] GC(1000) Pause Young (Normal) (G1 Evacuation Pause) 7394M->2928M(8192M) 149.480ms
[6260.294s][info][gc,cpu         ] GC(1000) User=1.18s Sys=0.00s Real=0.15s
...[6263.771s][info][gc,start       ] GC(1001) Pause Young (Normal) (G1 Evacuation Pause)
[6263.771s][info][gc,task        ] GC(1001) Using 8 workers of 8 for evacuation
[6263.917s][info][gc,phases      ] GC(1001)   Pre Evacuate Collection Set: 0.27ms
[6263.917s][info][gc,phases      ] GC(1001)   Merge Heap Roots: 0.52ms
[6263.918s][info][gc,phases      ] GC(1001)   Evacuate Collection Set: 144.79ms
[6263.918s][info][gc,phases      ] GC(1001)   Post Evacuate Collection Set: 1.01ms
[6263.918s][info][gc,phases      ] GC(1001)   Other: 0.06ms
[6263.918s][info][gc,heap        ] GC(1001) Eden regions: 559->0(550)
[6263.918s][info][gc,heap        ] GC(1001) Survivor regions: 43->44(76)
[6263.918s][info][gc,heap        ] GC(1001) Old regions: 294->301
[6263.918s][info][gc,heap        ] GC(1001) Humongous regions: 33->33
[6263.918s][info][gc,metaspace   ] GC(1001) Metaspace: 35834K(38144K)->35834K(38144K) NonClass: 26762K(27072K)->26762K(27072K) Class: 9071K(11072K)->9071K(11072K)
[6263.918s][info][gc             ] GC(1001) Pause Young (Normal) (G1 Evacuation Pause) 7400M->2992M(8192M) 146.773ms
[6263.918s][info][gc,cpu         ] GC(1001) User=1.16s Sys=0.00s Real=0.15s
....[6267.223s][info][gc,start       ] GC(1002) Pause Young (Normal) (G1 Evacuation Pause)
[6267.223s][info][gc,task        ] GC(1002) Using 8 workers of 8 for evacuation
[6267.370s][info][gc,phases      ] GC(1002)   Pre Evacuate Collection Set: 0.25ms
[6267.371s][info][gc,phases      ] GC(1002)   Merge Heap Roots: 0.51ms
[6267.371s][info][gc,phases      ] GC(1002)   Evacuate Collection Set: 145.25ms
[6267.371s][info][gc,phases      ] GC(1002)   Post Evacuate Collection Set: 1.00ms
[6267.371s][info][gc,phases      ] GC(1002)   Other: 0.06ms
[6267.371s][info][gc,heap        ] GC(1002) Eden regions: 550->0(544)
[6267.371s][info][gc,heap        ] GC(1002) Survivor regions: 44->43(75)
[6267.371s][info][gc,heap        ] GC(1002) Old regions: 301->309
[6267.371s][info][gc,heap        ] GC(1002) Humongous regions: 33->33
[6267.371s][info][gc,metaspace   ] GC(1002) Metaspace: 35834K(38144K)->35834K(38144K) NonClass: 26762K(27072K)->26762K(27072K) Class: 9071K(11072K)->9071K(11072K)
[6267.371s][info][gc             ] GC(1002) Pause Young (Normal) (G1 Evacuation Pause) 7392M->3045M(8192M) 147.212ms
[6267.371s][info][gc,cpu         ] GC(1002) User=1.17s Sys=0.00s Real=0.15s
...[6270.727s][info][gc,start       ] GC(1003) Pause Young (Concurrent Start) (G1 Evacuation Pause)
[6270.728s][info][gc,task        ] GC(1003) Using 8 workers of 8 for evacuation
[6270.875s][info][gc,phases      ] GC(1003)   Pre Evacuate Collection Set: 0.26ms
[6270.875s][info][gc,phases      ] GC(1003)   Merge Heap Roots: 0.52ms
[6270.875s][info][gc,phases      ] GC(1003)   Evacuate Collection Set: 145.78ms
[6270.875s][info][gc,phases      ] GC(1003)   Post Evacuate Collection Set: 0.99ms
[6270.875s][info][gc,phases      ] GC(1003)   Other: 0.10ms
[6270.875s][info][gc,heap        ] GC(1003) Eden regions: 544->0(539)
[6270.875s][info][gc,heap        ] GC(1003) Survivor regions: 43->42(74)
[6270.875s][info][gc,heap        ] GC(1003) Old regions: 309->316
[6270.875s][info][gc,heap        ] GC(1003) Humongous regions: 33->33
[6270.875s][info][gc,metaspace   ] GC(1003) Metaspace: 35834K(38144K)->35834K(38144K) NonClass: 26762K(27072K)->26762K(27072K) Class: 9071K(11072K)->9071K(11072K)
[6270.875s][info][gc             ] GC(1003) Pause Young (Concurrent Start) (G1 Evacuation Pause) 7397M->3097M(8192M) 147.787ms
[6270.875s][info][gc             ] GC(1004) Concurrent Mark Cycle
[6270.875s][info][gc,marking     ] GC(1004) Concurrent Scan Root Regions
[6270.875s][info][gc,cpu         ] GC(1003) User=1.17s Sys=0.00s Real=0.14s
.[6271.148s][info][gc,marking     ] GC(1004) Concurrent Scan Root Regions 272.467ms
[6271.148s][info][gc,marking     ] GC(1004) Concurrent Mark
[6271.148s][info][gc,marking     ] GC(1004) Concurrent Mark From Roots
[6271.148s][info][gc,task        ] GC(1004) Using 2 workers of 2 for marking
.[6272.566s][info][gc,marking     ] GC(1004) Concurrent Mark From Roots 1418.201ms
[6272.566s][info][gc,marking     ] GC(1004) Concurrent Preclean
[6272.566s][info][gc,marking     ] GC(1004) Concurrent Preclean 0.153ms
[6272.566s][info][gc,start       ] GC(1004) Pause Remark
[6272.569s][info][gc             ] GC(1004) Pause Remark 5109M->4469M(8192M) 2.431ms
[6272.569s][info][gc,cpu         ] GC(1004) User=0.01s Sys=0.00s Real=0.01s
[6272.569s][info][gc,marking     ] GC(1004) Concurrent Mark 1421.146ms
[6272.569s][info][gc,marking     ] GC(1004) Concurrent Rebuild Remembered Sets and Scrub Regions
.[6273.216s][info][gc,marking     ] GC(1004) Concurrent Rebuild Remembered Sets and Scrub Regions 646.961ms
[6273.216s][info][gc,start       ] GC(1004) Pause Cleanup
[6273.216s][info][gc             ] GC(1004) Pause Cleanup 5247M->5247M(8192M) 0.247ms
[6273.216s][info][gc,cpu         ] GC(1004) User=0.00s Sys=0.00s Real=0.00s
[6273.216s][info][gc,marking     ] GC(1004) Concurrent Clear Claimed Marks
[6273.216s][info][gc,marking     ] GC(1004) Concurrent Clear Claimed Marks 0.039ms
[6273.216s][info][gc,marking     ] GC(1004) Concurrent Cleanup for Next Mark
[6273.226s][info][gc,marking     ] GC(1004) Concurrent Cleanup for Next Mark 9.601ms
[6273.226s][info][gc             ] GC(1004) Concurrent Mark Cycle 2350.817ms
.[6274.352s][info][gc,start       ] GC(1005) Pause Young (Prepare Mixed) (G1 Evacuation Pause)
[6274.352s][info][gc,task        ] GC(1005) Using 8 workers of 8 for evacuation
[6274.503s][info][gc,phases      ] GC(1005)   Pre Evacuate Collection Set: 0.23ms
[6274.503s][info][gc,phases      ] GC(1005)   Merge Heap Roots: 0.73ms
[6274.503s][info][gc,phases      ] GC(1005)   Evacuate Collection Set: 148.03ms
[6274.503s][info][gc,phases      ] GC(1005)   Post Evacuate Collection Set: 1.12ms
[6274.503s][info][gc,phases      ] GC(1005)   Other: 0.06ms
[6274.503s][info][gc,heap        ] GC(1005) Eden regions: 539->0(571)
[6274.503s][info][gc,heap        ] GC(1005) Survivor regions: 42->43(73)
[6274.503s][info][gc,heap        ] GC(1005) Old regions: 236->243
[6274.503s][info][gc,heap        ] GC(1005) Humongous regions: 33->33
[6274.503s][info][gc,metaspace   ] GC(1005) Metaspace: 35834K(38144K)->35834K(38144K) NonClass: 26762K(27072K)->26762K(27072K) Class: 9071K(11072K)->9071K(11072K)
[6274.503s][info][gc             ] GC(1005) Pause Young (Prepare Mixed) (G1 Evacuation Pause) 6769M->2524M(8192M) 150.309ms
[6274.503s][info][gc,cpu         ] GC(1005) User=1.18s Sys=0.00s Real=0.15s
...[6277.991s][info][gc,start       ] GC(1006) Pause Young (Mixed) (G1 Evacuation Pause)
[6277.991s][info][gc,task        ] GC(1006) Using 8 workers of 8 for evacuation
[6278.145s][info][gc,phases      ] GC(1006)   Pre Evacuate Collection Set: 0.28ms
[6278.145s][info][gc,phases      ] GC(1006)   Merge Heap Roots: 0.93ms
[6278.145s][info][gc,phases      ] GC(1006)   Evacuate Collection Set: 150.82ms
[6278.145s][info][gc,phases      ] GC(1006)   Post Evacuate Collection Set: 1.25ms
[6278.145s][info][gc,phases      ] GC(1006)   Other: 0.07ms
[6278.145s][info][gc,heap        ] GC(1006) Eden regions: 571->0(571)
[6278.145s][info][gc,heap        ] GC(1006) Survivor regions: 43->43(77)
[6278.145s][info][gc,heap        ] GC(1006) Old regions: 243->149
[6278.145s][info][gc,heap        ] GC(1006) Humongous regions: 33->33
[6278.145s][info][gc,metaspace   ] GC(1006) Metaspace: 35834K(38144K)->35834K(38144K) NonClass: 26762K(27072K)->26762K(27072K) Class: 9071K(11072K)->9071K(11072K)
[6278.145s][info][gc             ] GC(1006) Pause Young (Mixed) (G1 Evacuation Pause) 7092M->1765M(8192M) 153.486ms
[6278.145s][info][gc,cpu         ] GC(1006) User=1.21s Sys=0.00s Real=0.15s
....[6281.854s][info][gc,start       ] GC(1007) Pause Young (Mixed) (G1 Evacuation Pause)
[6281.854s][info][gc,task        ] GC(1007) Using 8 workers of 8 for evacuation
[6282.013s][info][gc,phases      ] GC(1007)   Pre Evacuate Collection Set: 0.24ms
[6282.013s][info][gc,phases      ] GC(1007)   Merge Heap Roots: 0.80ms
[6282.013s][info][gc,phases      ] GC(1007)   Evacuate Collection Set: 156.43ms
[6282.013s][info][gc,phases      ] GC(1007)   Post Evacuate Collection Set: 1.06ms
[6282.013s][info][gc,phases      ] GC(1007)   Other: 0.08ms
[6282.013s][info][gc,heap        ] GC(1007) Eden regions: 571->0(570)
[6282.013s][info][gc,heap        ] GC(1007) Survivor regions: 43->44(77)
[6282.013s][info][gc,heap        ] GC(1007) Old regions: 149->142
[6282.013s][info][gc,heap        ] GC(1007) Humongous regions: 33->33
[6282.013s][info][gc,metaspace   ] GC(1007) Metaspace: 35834K(38144K)->35834K(38144K) NonClass: 26762K(27072K)->26762K(27072K) Class: 9071K(11072K)->9071K(11072K)
[6282.013s][info][gc             ] GC(1007) Pause Young (Mixed) (G1 Evacuation Pause) 6333M->1720M(8192M) 158.739ms
[6282.013s][info][gc,cpu         ] GC(1007) User=1.26s Sys=0.00s Real=0.16s
....[6285.553s][info][gc,start       ] GC(1008) Pause Young (Normal) (G1 Evacuation Pause)
[6285.553s][info][gc,task        ] GC(1008) Using 8 workers of 8 for evacuation
[6285.705s][info][gc,phases      ] GC(1008)   Pre Evacuate Collection Set: 0.24ms
[6285.705s][info][gc,phases      ] GC(1008)   Merge Heap Roots: 0.53ms
[6285.705s][info][gc,phases      ] GC(1008)   Evacuate Collection Set: 150.21ms
[6285.705s][info][gc,phases      ] GC(1008)   Post Evacuate Collection Set: 1.06ms
[6285.705s][info][gc,phases      ] GC(1008)   Other: 0.06ms
[6285.705s][info][gc,heap        ] GC(1008) Eden regions: 570->0(570)
[6285.705s][info][gc,heap        ] GC(1008) Survivor regions: 44->44(77)
[6285.705s][info][gc,heap        ] GC(1008) Old regions: 142->150
[6285.705s][info][gc,heap        ] GC(1008) Humongous regions: 33->33
[6285.705s][info][gc,metaspace   ] GC(1008) Metaspace: 35834K(38144K)->35834K(38144K) NonClass: 26762K(27072K)->26762K(27072K) Class: 9071K(11072K)->9071K(11072K)
[6285.705s][info][gc             ] GC(1008) Pause Young (Normal) (G1 Evacuation Pause) 6280M->1783M(8192M) 152.230ms
[6285.705s][info][gc,cpu         ] GC(1008) User=1.21s Sys=0.00s Real=0.15s
....[6289.202s][info][gc,start       ] GC(1009) Pause Young (Normal) (G1 Evacuation Pause)
[6289.202s][info][gc,task        ] GC(1009) Using 8 workers of 8 for evacuation
[6289.349s][info][gc,phases      ] GC(1009)   Pre Evacuate Collection Set: 0.23ms
[6289.349s][info][gc,phases      ] GC(1009)   Merge Heap Roots: 0.51ms
[6289.349s][info][gc,phases      ] GC(1009)   Evacuate Collection Set: 145.88ms
[6289.349s][info][gc,phases      ] GC(1009)   Post Evacuate Collection Set: 1.01ms
[6289.349s][info][gc,phases      ] GC(1009)   Other: 0.06ms
[6289.349s][info][gc,heap        ] GC(1009) Eden regions: 570->0(571)
[6289.349s][info][gc,heap        ] GC(1009) Survivor regions: 44->43(77)
[6289.349s][info][gc,heap        ] GC(1009) Old regions: 150->157
[6289.349s][info][gc,heap        ] GC(1009) Humongous regions: 33->33
[6289.349s][info][gc,metaspace   ] GC(1009) Metaspace: 35834K(38144K)->35834K(38144K) NonClass: 26762K(27072K)->26762K(27072K) Class: 9071K(11072K)->9071K(11072K)
[6289.349s][info][gc             ] GC(1009) Pause Young (Normal) (G1 Evacuation Pause) 6343M->1826M(8192M) 147.815ms
[6289.349s][info][gc,cpu         ] GC(1009) User=1.17s Sys=0.00s Real=0.15s
...[6292.832s][info][gc,start       ] GC(1010) Pause Young (Normal) (G1 Evacuation Pause)
[6292.832s][info][gc,task        ] GC(1010) Using 8 workers of 8 for evacuation
[6292.982s][info][gc,phases      ] GC(1010)   Pre Evacuate Collection Set: 0.25ms
[6292.982s][info][gc,phases      ] GC(1010)   Merge Heap Roots: 0.52ms
[6292.982s][info][gc,phases      ] GC(1010)   Evacuate Collection Set: 148.23ms
[6292.982s][info][gc,phases      ] GC(1010)   Post Evacuate Collection Set: 1.03ms
[6292.982s][info][gc,phases      ] GC(1010)   Other: 0.06ms
[6292.982s][info][gc,heap        ] GC(1010) Eden regions: 571->0(570)
[6292.982s][info][gc,heap        ] GC(1010) Survivor regions: 43->44(77)
[6292.982s][info][gc,heap        ] GC(1010) Old regions: 157->164
[6292.982s][info][gc,heap        ] GC(1010) Humongous regions: 33->33
[6292.982s][info][gc,metaspace   ] GC(1010) Metaspace: 35834K(38144K)->35834K(38144K) NonClass: 26762K(27072K)->26762K(27072K) Class: 9071K(11072K)->9071K(11072K)
[6292.982s][info][gc             ] GC(1010) Pause Young (Normal) (G1 Evacuation Pause) 6394M->1889M(8192M) 150.222ms
[6292.982s][info][gc,cpu         ] GC(1010) User=1.19s Sys=0.00s Real=0.15s
....[6296.549s][info][gc,start       ] GC(1011) Pause Young (Normal) (G1 Evacuation Pause)
[6296.549s][info][gc,task        ] GC(1011) Using 8 workers of 8 for evacuation
[6296.699s][info][gc,phases      ] GC(1011)   Pre Evacuate Collection Set: 0.26ms
[6296.699s][info][gc,phases      ] GC(1011)   Merge Heap Roots: 0.63ms
[6296.699s][info][gc,phases      ] GC(1011)   Evacuate Collection Set: 148.33ms
[6296.699s][info][gc,phases      ] GC(1011)   Post Evacuate Collection Set: 1.04ms
[6296.699s][info][gc,phases      ] GC(1011)   Other: 0.06ms
[6296.699s][info][gc,heap        ] GC(1011) Eden regions: 570->0(571)
[6296.699s][info][gc,heap        ] GC(1011) Survivor regions: 44->43(77)
[6296.699s][info][gc,heap        ] GC(1011) Old regions: 164->171
[6296.699s][info][gc,heap        ] GC(1011) Humongous regions: 33->33
[6296.699s][info][gc,metaspace   ] GC(1011) Metaspace: 35834K(38144K)->35834K(38144K) NonClass: 26762K(27072K)->26762K(27072K) Class: 9071K(11072K)->9071K(11072K)
[6296.699s][info][gc             ] GC(1011) Pause Young (Normal) (G1 Evacuation Pause) 6449M->1938M(8192M) 150.491ms
[6296.699s][info][gc,cpu         ] GC(1011) User=1.19s Sys=0.00s Real=0.15s
....[6300.305s][info][gc,start       ] GC(1012) Pause Young (Normal) (G1 Evacuation Pause)
[6300.305s][info][gc,task        ] GC(1012) Using 8 workers of 8 for evacuation
[6300.456s][info][gc,phases      ] GC(1012)   Pre Evacuate Collection Set: 0.23ms
[6300.456s][info][gc,phases      ] GC(1012)   Merge Heap Roots: 0.53ms
[6300.456s][info][gc,phases      ] GC(1012)   Evacuate Collection Set: 148.72ms
[6300.456s][info][gc,phases      ] GC(1012)   Post Evacuate Collection Set: 1.03ms
[6300.456s][info][gc,phases      ] GC(1012)   Other: 0.07ms
[6300.456s][info][gc,heap        ] GC(1012) Eden regions: 571->0(570)
[6300.456s][info][gc,heap        ] GC(1012) Survivor regions: 43->44(77)
[6300.456s][info][gc,heap        ] GC(1012) Old regions: 171->178
[6300.456s][info][gc,heap        ] GC(1012) Humongous regions: 33->33
[6300.456s][info][gc,metaspace   ] GC(1012) Metaspace: 35834K(38144K)->35834K(38144K) NonClass: 26762K(27072K)->26762K(27072K) Class: 9071K(11072K)->9071K(11072K)
[6300.456s][info][gc             ] GC(1012) Pause Young (Normal) (G1 Evacuation Pause) 6506M->2006M(8192M) 150.701ms
[6300.456s][info][gc,cpu         ] GC(1012) User=1.19s Sys=0.00s Real=0.15s
...[6303.959s][info][gc,start       ] GC(1013) Pause Young (Normal) (G1 Evacuation Pause)
[6303.959s][info][gc,task        ] GC(1013) Using 8 workers of 8 for evacuation
[6304.110s][info][gc,phases      ] GC(1013)   Pre Evacuate Collection Set: 0.25ms
[6304.110s][info][gc,phases      ] GC(1013)   Merge Heap Roots: 0.54ms
[6304.110s][info][gc,phases      ] GC(1013)   Evacuate Collection Set: 148.45ms
[6304.110s][info][gc,phases      ] GC(1013)   Post Evacuate Collection Set: 1.07ms
[6304.110s][info][gc,phases      ] GC(1013)   Other: 0.06ms
[6304.110s][info][gc,heap        ] GC(1013) Eden regions: 570->0(570)
[6304.110s][info][gc,heap        ] GC(1013) Survivor regions: 44->44(77)
[6304.110s][info][gc,heap        ] GC(1013) Old regions: 178->185
[6304.110s][info][gc,heap        ] GC(1013) Humongous regions: 33->33
[6304.110s][info][gc,metaspace   ] GC(1013) Metaspace: 35834K(38144K)->35834K(38144K) NonClass: 26762K(27072K)->26762K(27072K) Class: 9071K(11072K)->9071K(11072K)
[6304.110s][info][gc             ] GC(1013) Pause Young (Normal) (G1 Evacuation Pause) 6566M->2061M(8192M) 150.497ms
[6304.110s][info][gc,cpu         ] GC(1013) User=1.19s Sys=0.00s Real=0.15s
.... (rIR:aIR:PR = 10378:10318:10317) (tPR = 154426) [OK] 
  6307s: Performance info:
         Transaction,    Success,    Partial,     Failed,   Receipts, AvgBarcode, 
             Overall,     619668,          0,          0,     588336,      59.48, 
         Response times:
             Request,    Success,    Partial,     Failed,   SkipFail,     Probes,    Samples,      min,      p50,      p90,      p95,      p99,      max, 
       TotalPurchase,     588370,          0,          0,          0,     359325,     405051,      300,     7400,    41000,    77000,   127000,  1400000,
     InStorePurchase,     306420,          0,          0,          0,     188299,     211946,      300,     7300,    41000,    77000,   126000,  1400000,
      OnlinePurchase,     219078,          0,          0,          0,     132725,     149535,      400,     7500,    42000,    78000,   128000,  1400000,
        InstPurchase,      62872,          0,          0,          0,      38301,      43570,      400,     7400,    41000,    76000,   131000,   555000,
          AssocOfCat,        620,          0,          0,          0,        530,        690,    30000,    57000,   120900,   161450,   209090,   427000,
      AssocOfProduct,       6308,          0,          0,          0,       3574,       4238,     1000,     7700,    46000,    80000,   127000,   538000,
      BusinessReport,       1562,          0,          0,          0,       1385,       1671,    32000,    62000,   125800,   160000,   224560,   980000,
          CustBuyBeh,       6234,          0,          0,          0,       3559,       4223,      300,     7100,    44000,    78000,   133760,   459000,
       ProductReturn,      16664,          0,          0,          0,       9993,      11521,      200,     6800,    40000,    75000,   125780,   554000,

  6307s: (76%)   IR =  10516 [6307.791s][info][gc,start       ] GC(1014) Pause Young (Normal) (G1 Evacuation Pause)
[6307.791s][info][gc,task        ] GC(1014) Using 8 workers of 8 for evacuation
[6307.942s][info][gc,phases      ] GC(1014)   Pre Evacuate Collection Set: 0.27ms
[6307.942s][info][gc,phases      ] GC(1014)   Merge Heap Roots: 0.54ms
[6307.942s][info][gc,phases      ] GC(1014)   Evacuate Collection Set: 149.15ms
[6307.942s][info][gc,phases      ] GC(1014)   Post Evacuate Collection Set: 1.03ms
[6307.942s][info][gc,phases      ] GC(1014)   Other: 0.06ms
[6307.942s][info][gc,heap        ] GC(1014) Eden regions: 570->0(570)
[6307.942s][info][gc,heap        ] GC(1014) Survivor regions: 44->44(77)
[6307.942s][info][gc,heap        ] GC(1014) Old regions: 185->193
[6307.942s][info][gc,heap        ] GC(1014) Humongous regions: 33->33
[6307.942s][info][gc,metaspace   ] GC(1014) Metaspace: 35834K(38144K)->35834K(38144K) NonClass: 26762K(27072K)->26762K(27072K) Class: 9071K(11072K)->9071K(11072K)
[6307.942s][info][gc             ] GC(1014) Pause Young (Normal) (G1 Evacuation Pause) 6621M->2121M(8192M) 151.178ms
[6307.942s][info][gc,cpu         ] GC(1014) User=1.20s Sys=0.00s Real=0.15s
....[6311.470s][info][gc,start       ] GC(1015) Pause Young (Normal) (G1 Evacuation Pause)
[6311.470s][info][gc,task        ] GC(1015) Using 8 workers of 8 for evacuation
[6311.616s][info][gc,phases      ] GC(1015)   Pre Evacuate Collection Set: 0.27ms
[6311.616s][info][gc,phases      ] GC(1015)   Merge Heap Roots: 0.59ms
[6311.616s][info][gc,phases      ] GC(1015)   Evacuate Collection Set: 143.16ms
[6311.616s][info][gc,phases      ] GC(1015)   Post Evacuate Collection Set: 1.03ms
[6311.616s][info][gc,phases      ] GC(1015)   Other: 0.06ms
[6311.616s][info][gc,heap        ] GC(1015) Eden regions: 570->0(571)
[6311.616s][info][gc,heap        ] GC(1015) Survivor regions: 44->43(77)
[6311.616s][info][gc,heap        ] GC(1015) Old regions: 193->200
[6311.616s][info][gc,heap        ] GC(1015) Humongous regions: 33->33
[6311.616s][info][gc,metaspace   ] GC(1015) Metaspace: 35834K(38144K)->35834K(38144K) NonClass: 26762K(27072K)->26762K(27072K) Class: 9071K(11072K)->9071K(11072K)
[6311.616s][info][gc             ] GC(1015) Pause Young (Normal) (G1 Evacuation Pause) 6681M->2173M(8192M) 145.269ms
[6311.616s][info][gc,cpu         ] GC(1015) User=1.15s Sys=0.00s Real=0.14s
....[6315.353s][info][gc,start       ] GC(1016) Pause Young (Normal) (G1 Evacuation Pause)
[6315.353s][info][gc,task        ] GC(1016) Using 8 workers of 8 for evacuation
[6315.499s][info][gc,phases      ] GC(1016)   Pre Evacuate Collection Set: 0.23ms
[6315.499s][info][gc,phases      ] GC(1016)   Merge Heap Roots: 0.59ms
[6315.499s][info][gc,phases      ] GC(1016)   Evacuate Collection Set: 144.62ms
[6315.499s][info][gc,phases      ] GC(1016)   Post Evacuate Collection Set: 1.04ms
[6315.499s][info][gc,phases      ] GC(1016)   Other: 0.06ms
[6315.499s][info][gc,heap        ] GC(1016) Eden regions: 571->0(571)
[6315.499s][info][gc,heap        ] GC(1016) Survivor regions: 43->43(77)
[6315.499s][info][gc,heap        ] GC(1016) Old regions: 200->207
[6315.499s][info][gc,heap        ] GC(1016) Humongous regions: 33->33
[6315.499s][info][gc,metaspace   ] GC(1016) Metaspace: 35834K(38144K)->35834K(38144K) NonClass: 26762K(27072K)->26762K(27072K) Class: 9071K(11072K)->9071K(11072K)
[6315.499s][info][gc             ] GC(1016) Pause Young (Normal) (G1 Evacuation Pause) 6741M->2232M(8192M) 146.670ms
[6315.500s][info][gc,cpu         ] GC(1016) User=1.16s Sys=0.00s Real=0.15s
...[6318.974s][info][gc,start       ] GC(1017) Pause Young (Normal) (G1 Evacuation Pause)
[6318.975s][info][gc,task        ] GC(1017) Using 8 workers of 8 for evacuation
[6319.120s][info][gc,phases      ] GC(1017)   Pre Evacuate Collection Set: 0.23ms
[6319.120s][info][gc,phases      ] GC(1017)   Merge Heap Roots: 0.52ms
[6319.120s][info][gc,phases      ] GC(1017)   Evacuate Collection Set: 143.31ms
[6319.120s][info][gc,phases      ] GC(1017)   Post Evacuate Collection Set: 1.06ms
[6319.120s][info][gc,phases      ] GC(1017)   Other: 0.08ms
[6319.120s][info][gc,heap        ] GC(1017) Eden regions: 571->0(572)
[6319.120s][info][gc,heap        ] GC(1017) Survivor regions: 43->42(77)
[6319.120s][info][gc,heap        ] GC(1017) Old regions: 207->214
[6319.120s][info][gc,heap        ] GC(1017) Humongous regions: 33->33
[6319.120s][info][gc,metaspace   ] GC(1017) Metaspace: 35834K(38144K)->35834K(38144K) NonClass: 26762K(27072K)->26762K(27072K) Class: 9071K(11072K)->9071K(11072K)
[6319.120s][info][gc             ] GC(1017) Pause Young (Normal) (G1 Evacuation Pause) 6800M->2281M(8192M) 145.328ms
[6319.120s][info][gc,cpu         ] GC(1017) User=1.15s Sys=0.00s Real=0.15s
....[6322.638s][info][gc,start       ] GC(1018) Pause Young (Normal) (G1 Evacuation Pause)
[6322.638s][info][gc,task        ] GC(1018) Using 8 workers of 8 for evacuation
[6322.785s][info][gc,phases      ] GC(1018)   Pre Evacuate Collection Set: 0.26ms
[6322.785s][info][gc,phases      ] GC(1018)   Merge Heap Roots: 0.53ms
[6322.785s][info][gc,phases      ] GC(1018)   Evacuate Collection Set: 144.97ms
[6322.785s][info][gc,phases      ] GC(1018)   Post Evacuate Collection Set: 1.03ms
[6322.785s][info][gc,phases      ] GC(1018)   Other: 0.06ms
[6322.785s][info][gc,heap        ] GC(1018) Eden regions: 572->0(571)
[6322.785s][info][gc,heap        ] GC(1018) Survivor regions: 42->43(77)
[6322.785s][info][gc,heap        ] GC(1018) Old regions: 214->221
[6322.785s][info][gc,heap        ] GC(1018) Humongous regions: 33->33
[6322.785s][info][gc,metaspace   ] GC(1018) Metaspace: 35834K(38144K)->35834K(38144K) NonClass: 26762K(27072K)->26762K(27072K) Class: 9071K(11072K)->9071K(11072K)
[6322.785s][info][gc             ] GC(1018) Pause Young (Normal) (G1 Evacuation Pause) 6857M->2346M(8192M) 146.980ms
[6322.785s][info][gc,cpu         ] GC(1018) User=1.17s Sys=0.00s Real=0.14s
...[6326.271s][info][gc,start       ] GC(1019) Pause Young (Normal) (G1 Evacuation Pause)
[6326.271s][info][gc,task        ] GC(1019) Using 8 workers of 8 for evacuation
[6326.419s][info][gc,phases      ] GC(1019)   Pre Evacuate Collection Set: 0.24ms
[6326.419s][info][gc,phases      ] GC(1019)   Merge Heap Roots: 0.51ms
[6326.419s][info][gc,phases      ] GC(1019)   Evacuate Collection Set: 145.95ms
[6326.419s][info][gc,phases      ] GC(1019)   Post Evacuate Collection Set: 1.03ms
[6326.419s][info][gc,phases      ] GC(1019)   Other: 0.06ms
[6326.419s][info][gc,heap        ] GC(1019) Eden regions: 571->0(570)
[6326.419s][info][gc,heap        ] GC(1019) Survivor regions: 43->44(77)
[6326.419s][info][gc,heap        ] GC(1019) Old regions: 221->228
[6326.419s][info][gc,heap        ] GC(1019) Humongous regions: 33->33
[6326.419s][info][gc,metaspace   ] GC(1019) Metaspace: 35834K(38144K)->35834K(38144K) NonClass: 26762K(27072K)->26762K(27072K) Class: 9071K(11072K)->9071K(11072K)
[6326.419s][info][gc             ] GC(1019) Pause Young (Normal) (G1 Evacuation Pause) 6914M->2405M(8192M) 147.898ms
[6326.419s][info][gc,cpu         ] GC(1019) User=1.18s Sys=0.00s Real=0.15s
....|[6329.924s][info][gc,start       ] GC(1020) Pause Young (Normal) (G1 Evacuation Pause)
[6329.924s][info][gc,task        ] GC(1020) Using 8 workers of 8 for evacuation
[6330.078s][info][gc,phases      ] GC(1020)   Pre Evacuate Collection Set: 0.23ms
[6330.078s][info][gc,phases      ] GC(1020)   Merge Heap Roots: 0.52ms
[6330.078s][info][gc,phases      ] GC(1020)   Evacuate Collection Set: 152.40ms
[6330.078s][info][gc,phases      ] GC(1020)   Post Evacuate Collection Set: 1.06ms
[6330.078s][info][gc,phases      ] GC(1020)   Other: 0.07ms
[6330.078s][info][gc,heap        ] GC(1020) Eden regions: 570->0(569)
[6330.078s][info][gc,heap        ] GC(1020) Survivor regions: 44->45(77)
[6330.078s][info][gc,heap        ] GC(1020) Old regions: 228->235
[6330.078s][info][gc,heap        ] GC(1020) Humongous regions: 33->33
[6330.078s][info][gc,metaspace   ] GC(1020) Metaspace: 35834K(38144K)->35834K(38144K) NonClass: 26762K(27072K)->26762K(27072K) Class: 9071K(11072K)->9071K(11072K)
[6330.078s][info][gc             ] GC(1020) Pause Young (Normal) (G1 Evacuation Pause) 6965M->2474M(8192M) 154.424ms
[6330.079s][info][gc,cpu         ] GC(1020) User=1.22s Sys=0.00s Real=0.16s
....[6333.560s][info][gc,start       ] GC(1021) Pause Young (Normal) (G1 Evacuation Pause)
[6333.560s][info][gc,task        ] GC(1021) Using 8 workers of 8 for evacuation
[6333.706s][info][gc,phases      ] GC(1021)   Pre Evacuate Collection Set: 0.23ms
[6333.706s][info][gc,phases      ] GC(1021)   Merge Heap Roots: 0.58ms
[6333.706s][info][gc,phases      ] GC(1021)   Evacuate Collection Set: 144.00ms
[6333.706s][info][gc,phases      ] GC(1021)   Post Evacuate Collection Set: 1.04ms
[6333.706s][info][gc,phases      ] GC(1021)   Other: 0.06ms
[6333.706s][info][gc,heap        ] GC(1021) Eden regions: 569->0(571)
[6333.706s][info][gc,heap        ] GC(1021) Survivor regions: 45->43(77)
[6333.706s][info][gc,heap        ] GC(1021) Old regions: 235->242
[6333.706s][info][gc,heap        ] GC(1021) Humongous regions: 33->33
[6333.706s][info][gc,metaspace   ] GC(1021) Metaspace: 35834K(38144K)->35834K(38144K) NonClass: 26762K(27072K)->26762K(27072K) Class: 9071K(11072K)->9071K(11072K)
[6333.706s][info][gc             ] GC(1021) Pause Young (Normal) (G1 Evacuation Pause) 7026M->2511M(8192M) 146.044ms
[6333.706s][info][gc,cpu         ] GC(1021) User=1.16s Sys=0.00s Real=0.14s
...[6337.225s][info][gc,start       ] GC(1022) Pause Young (Normal) (G1 Evacuation Pause)
[6337.225s][info][gc,task        ] GC(1022) Using 8 workers of 8 for evacuation
[6337.378s][info][gc,phases      ] GC(1022)   Pre Evacuate Collection Set: 0.25ms
[6337.378s][info][gc,phases      ] GC(1022)   Merge Heap Roots: 0.53ms
[6337.378s][info][gc,phases      ] GC(1022)   Evacuate Collection Set: 151.58ms
[6337.378s][info][gc,phases      ] GC(1022)   Post Evacuate Collection Set: 1.06ms
[6337.378s][info][gc,phases      ] GC(1022)   Other: 0.06ms
[6337.378s][info][gc,heap        ] GC(1022) Eden regions: 571->0(569)
[6337.378s][info][gc,heap        ] GC(1022) Survivor regions: 43->45(77)
[6337.378s][info][gc,heap        ] GC(1022) Old regions: 242->250
[6337.378s][info][gc,heap        ] GC(1022) Humongous regions: 33->33
[6337.378s][info][gc,metaspace   ] GC(1022) Metaspace: 35834K(38144K)->35834K(38144K) NonClass: 26762K(27072K)->26762K(27072K) Class: 9071K(11072K)->9071K(11072K)
[6337.378s][info][gc             ] GC(1022) Pause Young (Normal) (G1 Evacuation Pause) 7079M->2592M(8192M) 153.606ms
[6337.378s][info][gc,cpu         ] GC(1022) User=1.22s Sys=0.00s Real=0.16s
....[6340.856s][info][gc,start       ] GC(1023) Pause Young (Normal) (G1 Evacuation Pause)
[6340.856s][info][gc,task        ] GC(1023) Using 8 workers of 8 for evacuation
[6341.015s][info][gc,phases      ] GC(1023)   Pre Evacuate Collection Set: 0.24ms
[6341.015s][info][gc,phases      ] GC(1023)   Merge Heap Roots: 0.55ms
[6341.015s][info][gc,phases      ] GC(1023)   Evacuate Collection Set: 156.89ms
[6341.015s][info][gc,phases      ] GC(1023)   Post Evacuate Collection Set: 1.03ms
[6341.015s][info][gc,phases      ] GC(1023)   Other: 0.06ms
[6341.015s][info][gc,heap        ] GC(1023) Eden regions: 569->0(568)
[6341.015s][info][gc,heap        ] GC(1023) Survivor regions: 45->46(77)
[6341.015s][info][gc,heap        ] GC(1023) Old regions: 250->257
[6341.015s][info][gc,heap        ] GC(1023) Humongous regions: 33->33
[6341.015s][info][gc,metaspace   ] GC(1023) Metaspace: 35834K(38144K)->35834K(38144K) NonClass: 26762K(27072K)->26762K(27072K) Class: 9071K(11072K)->9071K(11072K)
[6341.015s][info][gc             ] GC(1023) Pause Young (Normal) (G1 Evacuation Pause) 7144M->2657M(8192M) 158.900ms
[6341.015s][info][gc,cpu         ] GC(1023) User=1.26s Sys=0.00s Real=0.16s
....[6344.448s][info][gc,start       ] GC(1024) Pause Young (Normal) (G1 Evacuation Pause)
[6344.448s][info][gc,task        ] GC(1024) Using 8 workers of 8 for evacuation
[6344.593s][info][gc,phases      ] GC(1024)   Pre Evacuate Collection Set: 0.25ms
[6344.593s][info][gc,phases      ] GC(1024)   Merge Heap Roots: 0.59ms
[6344.593s][info][gc,phases      ] GC(1024)   Evacuate Collection Set: 143.08ms
[6344.593s][info][gc,phases      ] GC(1024)   Post Evacuate Collection Set: 1.04ms
[6344.593s][info][gc,phases      ] GC(1024)   Other: 0.07ms
[6344.593s][info][gc,heap        ] GC(1024) Eden regions: 568->0(571)
[6344.593s][info][gc,heap        ] GC(1024) Survivor regions: 46->43(77)
[6344.593s][info][gc,heap        ] GC(1024) Old regions: 257->264
[6344.593s][info][gc,heap        ] GC(1024) Humongous regions: 33->33
[6344.593s][info][gc,metaspace   ] GC(1024) Metaspace: 35834K(38144K)->35834K(38144K) NonClass: 26762K(27072K)->26762K(27072K) Class: 9071K(11072K)->9071K(11072K)
[6344.593s][info][gc             ] GC(1024) Pause Young (Normal) (G1 Evacuation Pause) 7201M->2687M(8192M) 145.166ms
[6344.593s][info][gc,cpu         ] GC(1024) User=1.15s Sys=0.00s Real=0.14s
...[6348.168s][info][gc,start       ] GC(1025) Pause Young (Normal) (G1 Evacuation Pause)
[6348.168s][info][gc,task        ] GC(1025) Using 8 workers of 8 for evacuation
[6348.318s][info][gc,phases      ] GC(1025)   Pre Evacuate Collection Set: 0.22ms
[6348.318s][info][gc,phases      ] GC(1025)   Merge Heap Roots: 0.51ms
[6348.318s][info][gc,phases      ] GC(1025)   Evacuate Collection Set: 147.85ms
[6348.318s][info][gc,phases      ] GC(1025)   Post Evacuate Collection Set: 1.06ms
[6348.318s][info][gc,phases      ] GC(1025)   Other: 0.07ms
[6348.318s][info][gc,heap        ] GC(1025) Eden regions: 571->0(570)
[6348.318s][info][gc,heap        ] GC(1025) Survivor regions: 43->44(77)
[6348.318s][info][gc,heap        ] GC(1025) Old regions: 264->271
[6348.318s][info][gc,heap        ] GC(1025) Humongous regions: 33->33
[6348.318s][info][gc,metaspace   ] GC(1025) Metaspace: 35834K(38144K)->35834K(38144K) NonClass: 26762K(27072K)->26762K(27072K) Class: 9071K(11072K)->9071K(11072K)
[6348.318s][info][gc             ] GC(1025) Pause Young (Normal) (G1 Evacuation Pause) 7255M->2752M(8192M) 149.845ms
[6348.318s][info][gc,cpu         ] GC(1025) User=1.18s Sys=0.00s Real=0.15s
....[6351.924s][info][gc,start       ] GC(1026) Pause Young (Normal) (G1 Evacuation Pause)
[6351.924s][info][gc,task        ] GC(1026) Using 8 workers of 8 for evacuation
[6352.075s][info][gc,phases      ] GC(1026)   Pre Evacuate Collection Set: 0.23ms
[6352.075s][info][gc,phases      ] GC(1026)   Merge Heap Roots: 0.53ms
[6352.075s][info][gc,phases      ] GC(1026)   Evacuate Collection Set: 149.03ms
[6352.075s][info][gc,phases      ] GC(1026)   Post Evacuate Collection Set: 1.04ms
[6352.075s][info][gc,phases      ] GC(1026)   Other: 0.07ms
[6352.075s][info][gc,heap        ] GC(1026) Eden regions: 570->0(570)
[6352.075s][info][gc,heap        ] GC(1026) Survivor regions: 44->44(77)
[6352.075s][info][gc,heap        ] GC(1026) Old regions: 271->278
[6352.075s][info][gc,heap        ] GC(1026) Humongous regions: 33->33
[6352.075s][info][gc,metaspace   ] GC(1026) Metaspace: 35834K(38144K)->35834K(38144K) NonClass: 26762K(27072K)->26762K(27072K) Class: 9071K(11072K)->9071K(11072K)
[6352.075s][info][gc             ] GC(1026) Pause Young (Normal) (G1 Evacuation Pause) 7312M->2808M(8192M) 151.036ms
[6352.075s][info][gc,cpu         ] GC(1026) User=1.19s Sys=0.00s Real=0.15s
....[6355.594s][info][gc,start       ] GC(1027) Pause Young (Normal) (G1 Evacuation Pause)
[6355.594s][info][gc,task        ] GC(1027) Using 8 workers of 8 for evacuation
[6355.744s][info][gc,phases      ] GC(1027)   Pre Evacuate Collection Set: 0.23ms
[6355.744s][info][gc,phases      ] GC(1027)   Merge Heap Roots: 0.59ms
[6355.744s][info][gc,phases      ] GC(1027)   Evacuate Collection Set: 147.62ms
[6355.744s][info][gc,phases      ] GC(1027)   Post Evacuate Collection Set: 1.05ms
[6355.744s][info][gc,phases      ] GC(1027)   Other: 0.06ms
[6355.744s][info][gc,heap        ] GC(1027) Eden regions: 570->0(565)
[6355.744s][info][gc,heap        ] GC(1027) Survivor regions: 44->44(77)
[6355.744s][info][gc,heap        ] GC(1027) Old regions: 278->286
[6355.744s][info][gc,heap        ] GC(1027) Humongous regions: 33->33
[6355.744s][info][gc,metaspace   ] GC(1027) Metaspace: 35834K(38144K)->35834K(38144K) NonClass: 26762K(27072K)->26762K(27072K) Class: 9071K(11072K)->9071K(11072K)
[6355.744s][info][gc             ] GC(1027) Pause Young (Normal) (G1 Evacuation Pause) 7368M->2869M(8192M) 149.685ms
[6355.744s][info][gc,cpu         ] GC(1027) User=1.18s Sys=0.00s Real=0.15s
...[6359.238s][info][gc,start       ] GC(1028) Pause Young (Normal) (G1 Evacuation Pause)
[6359.238s][info][gc,task        ] GC(1028) Using 8 workers of 8 for evacuation
[6359.382s][info][gc,phases      ] GC(1028)   Pre Evacuate Collection Set: 0.23ms
[6359.382s][info][gc,phases      ] GC(1028)   Merge Heap Roots: 0.54ms
[6359.382s][info][gc,phases      ] GC(1028)   Evacuate Collection Set: 142.11ms
[6359.382s][info][gc,phases      ] GC(1028)   Post Evacuate Collection Set: 1.05ms
[6359.382s][info][gc,phases      ] GC(1028)   Other: 0.06ms
[6359.382s][info][gc,heap        ] GC(1028) Eden regions: 565->0(562)
[6359.382s][info][gc,heap        ] GC(1028) Survivor regions: 44->42(77)
[6359.382s][info][gc,heap        ] GC(1028) Old regions: 286->293
[6359.382s][info][gc,heap        ] GC(1028) Humongous regions: 33->33
[6359.382s][info][gc,metaspace   ] GC(1028) Metaspace: 35834K(38144K)->35834K(38144K) NonClass: 26762K(27072K)->26762K(27072K) Class: 9071K(11072K)->9071K(11072K)
[6359.383s][info][gc             ] GC(1028) Pause Young (Normal) (G1 Evacuation Pause) 7389M->2910M(8192M) 144.122ms
[6359.383s][info][gc,cpu         ] GC(1028) User=1.14s Sys=0.00s Real=0.14s
....[6362.908s][info][gc,start       ] GC(1029) Pause Young (Normal) (G1 Evacuation Pause)
[6362.908s][info][gc,task        ] GC(1029) Using 8 workers of 8 for evacuation
[6363.061s][info][gc,phases      ] GC(1029)   Pre Evacuate Collection Set: 0.23ms
[6363.061s][info][gc,phases      ] GC(1029)   Merge Heap Roots: 0.52ms
[6363.061s][info][gc,phases      ] GC(1029)   Evacuate Collection Set: 150.29ms
[6363.061s][info][gc,phases      ] GC(1029)   Post Evacuate Collection Set: 1.07ms
[6363.061s][info][gc,phases      ] GC(1029)   Other: 0.06ms
[6363.061s][info][gc,heap        ] GC(1029) Eden regions: 562->0(550)
[6363.061s][info][gc,heap        ] GC(1029) Survivor regions: 42->44(76)
[6363.061s][info][gc,heap        ] GC(1029) Old regions: 293->301
[6363.061s][info][gc,heap        ] GC(1029) Humongous regions: 33->33
[6363.061s][info][gc,metaspace   ] GC(1029) Metaspace: 35834K(38144K)->35834K(38144K) NonClass: 26762K(27072K)->26762K(27072K) Class: 9071K(11072K)->9071K(11072K)
[6363.061s][info][gc             ] GC(1029) Pause Young (Normal) (G1 Evacuation Pause) 7406M->2988M(8192M) 152.296ms
[6363.061s][info][gc,cpu         ] GC(1029) User=1.20s Sys=0.00s Real=0.15s
....[6366.481s][info][gc,start       ] GC(1030) Pause Young (Normal) (G1 Evacuation Pause)
[6366.481s][info][gc,task        ] GC(1030) Using 8 workers of 8 for evacuation
[6366.628s][info][gc,phases      ] GC(1030)   Pre Evacuate Collection Set: 0.26ms
[6366.628s][info][gc,phases      ] GC(1030)   Merge Heap Roots: 0.53ms
[6366.628s][info][gc,phases      ] GC(1030)   Evacuate Collection Set: 145.35ms
[6366.628s][info][gc,phases      ] GC(1030)   Post Evacuate Collection Set: 1.01ms
[6366.628s][info][gc,phases      ] GC(1030)   Other: 0.07ms
[6366.628s][info][gc,heap        ] GC(1030) Eden regions: 550->0(547)
[6366.628s][info][gc,heap        ] GC(1030) Survivor regions: 44->42(75)
[6366.628s][info][gc,heap        ] GC(1030) Old regions: 301->308
[6366.628s][info][gc,heap        ] GC(1030) Humongous regions: 33->33
[6366.628s][info][gc,metaspace   ] GC(1030) Metaspace: 35834K(38144K)->35834K(38144K) NonClass: 26762K(27072K)->26762K(27072K) Class: 9071K(11072K)->9071K(11072K)
[6366.628s][info][gc             ] GC(1030) Pause Young (Normal) (G1 Evacuation Pause) 7388M->3036M(8192M) 147.342ms
[6366.628s][info][gc,cpu         ] GC(1030) User=1.17s Sys=0.00s Real=0.15s
...[6370.033s][info][gc,start       ] GC(1031) Pause Young (Concurrent Start) (G1 Evacuation Pause)
[6370.033s][info][gc,task        ] GC(1031) Using 8 workers of 8 for evacuation
[6370.181s][info][gc,phases      ] GC(1031)   Pre Evacuate Collection Set: 0.31ms
[6370.181s][info][gc,phases      ] GC(1031)   Merge Heap Roots: 0.50ms
[6370.181s][info][gc,phases      ] GC(1031)   Evacuate Collection Set: 145.81ms
[6370.181s][info][gc,phases      ] GC(1031)   Post Evacuate Collection Set: 1.01ms
[6370.181s][info][gc,phases      ] GC(1031)   Other: 0.08ms
[6370.181s][info][gc,heap        ] GC(1031) Eden regions: 547->0(539)
[6370.181s][info][gc,heap        ] GC(1031) Survivor regions: 42->42(74)
[6370.181s][info][gc,heap        ] GC(1031) Old regions: 308->316
[6370.181s][info][gc,heap        ] GC(1031) Humongous regions: 33->33
[6370.181s][info][gc,metaspace   ] GC(1031) Metaspace: 35834K(38144K)->35834K(38144K) NonClass: 26762K(27072K)->26762K(27072K) Class: 9071K(11072K)->9071K(11072K)
[6370.181s][info][gc             ] GC(1031) Pause Young (Concurrent Start) (G1 Evacuation Pause) 7412M->3094M(8192M) 147.847ms
[6370.181s][info][gc             ] GC(1032) Concurrent Mark Cycle
[6370.181s][info][gc,marking     ] GC(1032) Concurrent Scan Root Regions
[6370.181s][info][gc,cpu         ] GC(1031) User=1.17s Sys=0.00s Real=0.15s
.[6370.471s][info][gc,marking     ] GC(1032) Concurrent Scan Root Regions 289.916ms
[6370.471s][info][gc,marking     ] GC(1032) Concurrent Mark
[6370.471s][info][gc,marking     ] GC(1032) Concurrent Mark From Roots
[6370.471s][info][gc,task        ] GC(1032) Using 2 workers of 2 for marking
.[6371.583s][info][gc,marking     ] GC(1032) Concurrent Mark From Roots 1112.027ms
[6371.583s][info][gc,marking     ] GC(1032) Concurrent Preclean
[6371.583s][info][gc,marking     ] GC(1032) Concurrent Preclean 0.083ms
[6371.583s][info][gc,start       ] GC(1032) Pause Remark
[6371.585s][info][gc             ] GC(1032) Pause Remark 4667M->4075M(8192M) 2.268ms
[6371.585s][info][gc,cpu         ] GC(1032) User=0.02s Sys=0.00s Real=0.00s
[6371.585s][info][gc,marking     ] GC(1032) Concurrent Mark 1114.677ms
[6371.585s][info][gc,marking     ] GC(1032) Concurrent Rebuild Remembered Sets and Scrub Regions
[6372.295s][info][gc,marking     ] GC(1032) Concurrent Rebuild Remembered Sets and Scrub Regions 709.236ms
[6372.295s][info][gc,start       ] GC(1032) Pause Cleanup
[6372.295s][info][gc             ] GC(1032) Pause Cleanup 5014M->5014M(8192M) 0.248ms
[6372.295s][info][gc,cpu         ] GC(1032) User=0.00s Sys=0.00s Real=0.00s
[6372.295s][info][gc,marking     ] GC(1032) Concurrent Clear Claimed Marks
[6372.295s][info][gc,marking     ] GC(1032) Concurrent Clear Claimed Marks 0.038ms
[6372.295s][info][gc,marking     ] GC(1032) Concurrent Cleanup for Next Mark
[6372.307s][info][gc,marking     ] GC(1032) Concurrent Cleanup for Next Mark 11.379ms
[6372.307s][info][gc             ] GC(1032) Concurrent Mark Cycle 2125.879ms
..[6373.495s][info][gc,start       ] GC(1033) Pause Young (Prepare Mixed) (G1 Evacuation Pause)
[6373.495s][info][gc,task        ] GC(1033) Using 8 workers of 8 for evacuation
[6373.642s][info][gc,phases      ] GC(1033)   Pre Evacuate Collection Set: 0.23ms
[6373.642s][info][gc,phases      ] GC(1033)   Merge Heap Roots: 0.70ms
[6373.642s][info][gc,phases      ] GC(1033)   Evacuate Collection Set: 144.10ms
[6373.642s][info][gc,phases      ] GC(1033)   Post Evacuate Collection Set: 1.12ms
[6373.642s][info][gc,phases      ] GC(1033)   Other: 0.06ms
[6373.642s][info][gc,heap        ] GC(1033) Eden regions: 539->0(572)
[6373.642s][info][gc,heap        ] GC(1033) Survivor regions: 42->42(73)
[6373.642s][info][gc,heap        ] GC(1033) Old regions: 242->249
[6373.642s][info][gc,heap        ] GC(1033) Humongous regions: 33->33
[6373.642s][info][gc,metaspace   ] GC(1033) Metaspace: 35834K(38144K)->35834K(38144K) NonClass: 26762K(27072K)->26762K(27072K) Class: 9071K(11072K)->9071K(11072K)
[6373.642s][info][gc             ] GC(1033) Pause Young (Prepare Mixed) (G1 Evacuation Pause) 6814M->2564M(8192M) 146.337ms
[6373.642s][info][gc,cpu         ] GC(1033) User=1.16s Sys=0.00s Real=0.15s
...[6377.024s][info][gc,start       ] GC(1034) Pause Young (Mixed) (G1 Evacuation Pause)
[6377.024s][info][gc,task        ] GC(1034) Using 8 workers of 8 for evacuation
[6377.182s][info][gc,phases      ] GC(1034)   Pre Evacuate Collection Set: 0.26ms
[6377.182s][info][gc,phases      ] GC(1034)   Merge Heap Roots: 0.86ms
[6377.182s][info][gc,phases      ] GC(1034)   Evacuate Collection Set: 155.90ms
[6377.182s][info][gc,phases      ] GC(1034)   Post Evacuate Collection Set: 1.33ms
[6377.182s][info][gc,phases      ] GC(1034)   Other: 0.08ms
[6377.182s][info][gc,heap        ] GC(1034) Eden regions: 572->0(572)
[6377.182s][info][gc,heap        ] GC(1034) Survivor regions: 42->42(77)
[6377.182s][info][gc,heap        ] GC(1034) Old regions: 249->155
[6377.182s][info][gc,heap        ] GC(1034) Humongous regions: 33->33
[6377.182s][info][gc,metaspace   ] GC(1034) Metaspace: 35834K(38144K)->35834K(38144K) NonClass: 26762K(27072K)->26762K(27072K) Class: 9071K(11072K)->9071K(11072K)
[6377.182s][info][gc             ] GC(1034) Pause Young (Mixed) (G1 Evacuation Pause) 7140M->1808M(8192M) 158.566ms
[6377.182s][info][gc,cpu         ] GC(1034) User=1.25s Sys=0.00s Real=0.16s
....[6380.630s][info][gc,start       ] GC(1035) Pause Young (Mixed) (G1 Evacuation Pause)
[6380.630s][info][gc,task        ] GC(1035) Using 8 workers of 8 for evacuation
[6380.792s][info][gc,phases      ] GC(1035)   Pre Evacuate Collection Set: 0.23ms
[6380.792s][info][gc,phases      ] GC(1035)   Merge Heap Roots: 0.79ms
[6380.792s][info][gc,phases      ] GC(1035)   Evacuate Collection Set: 159.84ms
[6380.792s][info][gc,phases      ] GC(1035)   Post Evacuate Collection Set: 1.06ms
[6380.792s][info][gc,phases      ] GC(1035)   Other: 0.07ms
[6380.792s][info][gc,heap        ] GC(1035) Eden regions: 572->0(569)
[6380.792s][info][gc,heap        ] GC(1035) Survivor regions: 42->45(77)
[6380.792s][info][gc,heap        ] GC(1035) Old regions: 155->142
[6380.792s][info][gc,heap        ] GC(1035) Humongous regions: 33->33
[6380.792s][info][gc,metaspace   ] GC(1035) Metaspace: 35834K(38144K)->35834K(38144K) NonClass: 26762K(27072K)->26762K(27072K) Class: 9071K(11072K)->9071K(11072K)
[6380.792s][info][gc             ] GC(1035) Pause Young (Mixed) (G1 Evacuation Pause) 6384M->1727M(8192M) 162.128ms
[6380.792s][info][gc,cpu         ] GC(1035) User=1.28s Sys=0.00s Real=0.16s
...[6384.217s][info][gc,start       ] GC(1036) Pause Young (Normal) (G1 Evacuation Pause)
[6384.217s][info][gc,task        ] GC(1036) Using 8 workers of 8 for evacuation
[6384.368s][info][gc,phases      ] GC(1036)   Pre Evacuate Collection Set: 0.26ms
[6384.368s][info][gc,phases      ] GC(1036)   Merge Heap Roots: 0.51ms
[6384.368s][info][gc,phases      ] GC(1036)   Evacuate Collection Set: 148.90ms
[6384.368s][info][gc,phases      ] GC(1036)   Post Evacuate Collection Set: 1.07ms
[6384.368s][info][gc,phases      ] GC(1036)   Other: 0.06ms
[6384.368s][info][gc,heap        ] GC(1036) Eden regions: 569->0(571)
[6384.368s][info][gc,heap        ] GC(1036) Survivor regions: 45->43(77)
[6384.368s][info][gc,heap        ] GC(1036) Old regions: 142->150
[6384.368s][info][gc,heap        ] GC(1036) Humongous regions: 33->33
[6384.368s][info][gc,metaspace   ] GC(1036) Metaspace: 35834K(38144K)->35834K(38144K) NonClass: 26762K(27072K)->26762K(27072K) Class: 9071K(11072K)->9071K(11072K)
[6384.368s][info][gc             ] GC(1036) Pause Young (Normal) (G1 Evacuation Pause) 6279M->1773M(8192M) 150.922ms
[6384.368s][info][gc,cpu         ] GC(1036) User=1.19s Sys=0.00s Real=0.15s
....[6387.923s][info][gc,start       ] GC(1037) Pause Young (Normal) (G1 Evacuation Pause)
[6387.923s][info][gc,task        ] GC(1037) Using 8 workers of 8 for evacuation
[6388.075s][info][gc,phases      ] GC(1037)   Pre Evacuate Collection Set: 0.25ms
[6388.075s][info][gc,phases      ] GC(1037)   Merge Heap Roots: 0.54ms
[6388.075s][info][gc,phases      ] GC(1037)   Evacuate Collection Set: 149.95ms
[6388.075s][info][gc,phases      ] GC(1037)   Post Evacuate Collection Set: 1.08ms
[6388.075s][info][gc,phases      ] GC(1037)   Other: 0.06ms
[6388.075s][info][gc,heap        ] GC(1037) Eden regions: 571->0(570)
[6388.075s][info][gc,heap        ] GC(1037) Survivor regions: 43->44(77)
[6388.075s][info][gc,heap        ] GC(1037) Old regions: 150->157
[6388.075s][info][gc,heap        ] GC(1037) Humongous regions: 33->33
[6388.075s][info][gc,metaspace   ] GC(1037) Metaspace: 35834K(38144K)->35834K(38144K) NonClass: 26762K(27072K)->26762K(27072K) Class: 9071K(11072K)->9071K(11072K)
[6388.075s][info][gc             ] GC(1037) Pause Young (Normal) (G1 Evacuation Pause) 6341M->1841M(8192M) 152.016ms
[6388.075s][info][gc,cpu         ] GC(1037) User=1.20s Sys=0.00s Real=0.15s
.. (rIR:aIR:PR = 10516:10508:10506) (tPR = 156735) [OK] 
  6389s: Performance info:
         Transaction,    Success,    Partial,     Failed,   Receipts, AvgBarcode, 
             Overall,     630652,          0,          0,     599253,      59.47, 
         Response times:
             Request,    Success,    Partial,     Failed,   SkipFail,     Probes,    Samples,      min,      p50,      p90,      p95,      p99,      max, 
       TotalPurchase,     599360,          0,          0,          0,     355655,     495941,      300,     7700,    58000,    99000,   169000,  2100000,
     InStorePurchase,     314503,          0,          0,          0,     187357,     261234,      300,     7600,    57000,    98000,   168000,  2100000,
      OnlinePurchase,     221802,          0,          0,          0,     130701,     182073,      300,     7600,    59000,   100000,   172000,  2100000,
        InstPurchase,      63055,          0,          0,          0,      37597,      52634,      400,     7800,    60000,   101000,   166000,  1100000,
          AssocOfCat,        635,          0,          0,          0,        522,        838,    32000,    58000,   129000,   179100,   220440,   293000,
      AssocOfProduct,       6351,          0,          0,          0,       3568,       5208,      700,     9100,    60000,   102550,   170910,   482000,
      BusinessReport,       1580,          0,          0,          0,       1421,       2117,    32000,    64000,   135000,   183000,   253000,   515000,
          CustBuyBeh,       6343,          0,          0,          0,       3665,       5361,      200,     7600,    57000,    97000,   167380,   710000,
       ProductReturn,      16529,          0,          0,          0,      10192,      14562,      200,     7300,    54000,    97000,   162000,  1100000,

  6389s: (77%)   IR =  10654 .[6391.482s][info][gc,start       ] GC(1038) Pause Young (Normal) (G1 Evacuation Pause)
[6391.482s][info][gc,task        ] GC(1038) Using 8 workers of 8 for evacuation
[6391.629s][info][gc,phases      ] GC(1038)   Pre Evacuate Collection Set: 0.23ms
[6391.629s][info][gc,phases      ] GC(1038)   Merge Heap Roots: 0.52ms
[6391.629s][info][gc,phases      ] GC(1038)   Evacuate Collection Set: 144.67ms
[6391.629s][info][gc,phases      ] GC(1038)   Post Evacuate Collection Set: 1.05ms
[6391.629s][info][gc,phases      ] GC(1038)   Other: 0.07ms
[6391.629s][info][gc,heap        ] GC(1038) Eden regions: 570->0(571)
[6391.629s][info][gc,heap        ] GC(1038) Survivor regions: 44->43(77)
[6391.629s][info][gc,heap        ] GC(1038) Old regions: 157->164
[6391.629s][info][gc,heap        ] GC(1038) Humongous regions: 33->33
[6391.629s][info][gc,metaspace   ] GC(1038) Metaspace: 35834K(38144K)->35834K(38144K) NonClass: 26762K(27072K)->26762K(27072K) Class: 9071K(11072K)->9071K(11072K)
[6391.629s][info][gc             ] GC(1038) Pause Young (Normal) (G1 Evacuation Pause) 6401M->1892M(8192M) 146.683ms
[6391.629s][info][gc,cpu         ] GC(1038) User=1.16s Sys=0.00s Real=0.15s
....[6395.052s][info][gc,start       ] GC(1039) Pause Young (Normal) (G1 Evacuation Pause)
[6395.052s][info][gc,task        ] GC(1039) Using 8 workers of 8 for evacuation
[6395.199s][info][gc,phases      ] GC(1039)   Pre Evacuate Collection Set: 0.23ms
[6395.200s][info][gc,phases      ] GC(1039)   Merge Heap Roots: 0.54ms
[6395.200s][info][gc,phases      ] GC(1039)   Evacuate Collection Set: 146.06ms
[6395.200s][info][gc,phases      ] GC(1039)   Post Evacuate Collection Set: 1.03ms
[6395.200s][info][gc,phases      ] GC(1039)   Other: 0.06ms
[6395.200s][info][gc,heap        ] GC(1039) Eden regions: 571->0(571)
[6395.200s][info][gc,heap        ] GC(1039) Survivor regions: 43->43(77)
[6395.200s][info][gc,heap        ] GC(1039) Old regions: 164->171
[6395.200s][info][gc,heap        ] GC(1039) Humongous regions: 33->33
[6395.200s][info][gc,metaspace   ] GC(1039) Metaspace: 35834K(38144K)->35834K(38144K) NonClass: 26762K(27072K)->26762K(27072K) Class: 9071K(11072K)->9071K(11072K)
[6395.200s][info][gc             ] GC(1039) Pause Young (Normal) (G1 Evacuation Pause) 6460M->1944M(8192M) 148.075ms
[6395.200s][info][gc,cpu         ] GC(1039) User=1.17s Sys=0.00s Real=0.15s
....|[6398.736s][info][gc,start       ] GC(1040) Pause Young (Normal) (G1 Evacuation Pause)
[6398.736s][info][gc,task        ] GC(1040) Using 8 workers of 8 for evacuation
[6398.888s][info][gc,phases      ] GC(1040)   Pre Evacuate Collection Set: 0.24ms
[6398.888s][info][gc,phases      ] GC(1040)   Merge Heap Roots: 0.52ms
[6398.888s][info][gc,phases      ] GC(1040)   Evacuate Collection Set: 150.33ms
[6398.888s][info][gc,phases      ] GC(1040)   Post Evacuate Collection Set: 1.04ms
[6398.888s][info][gc,phases      ] GC(1040)   Other: 0.07ms
[6398.888s][info][gc,heap        ] GC(1040) Eden regions: 571->0(569)
[6398.888s][info][gc,heap        ] GC(1040) Survivor regions: 43->45(77)
[6398.888s][info][gc,heap        ] GC(1040) Old regions: 171->178
[6398.888s][info][gc,heap        ] GC(1040) Humongous regions: 33->33
[6398.888s][info][gc,metaspace   ] GC(1040) Metaspace: 35834K(38144K)->35834K(38144K) NonClass: 26762K(27072K)->26762K(27072K) Class: 9071K(11072K)->9071K(11072K)
[6398.888s][info][gc             ] GC(1040) Pause Young (Normal) (G1 Evacuation Pause) 6512M->2016M(8192M) 152.325ms
[6398.888s][info][gc,cpu         ] GC(1040) User=1.21s Sys=0.00s Real=0.16s
...[6402.347s][info][gc,start       ] GC(1041) Pause Young (Normal) (G1 Evacuation Pause)
[6402.347s][info][gc,task        ] GC(1041) Using 8 workers of 8 for evacuation
[6402.498s][info][gc,phases      ] GC(1041)   Pre Evacuate Collection Set: 0.23ms
[6402.498s][info][gc,phases      ] GC(1041)   Merge Heap Roots: 0.53ms
[6402.498s][info][gc,phases      ] GC(1041)   Evacuate Collection Set: 149.06ms
[6402.498s][info][gc,phases      ] GC(1041)   Post Evacuate Collection Set: 1.06ms
[6402.498s][info][gc,phases      ] GC(1041)   Other: 0.06ms
[6402.498s][info][gc,heap        ] GC(1041) Eden regions: 569->0(571)
[6402.498s][info][gc,heap        ] GC(1041) Survivor regions: 45->43(77)
[6402.498s][info][gc,heap        ] GC(1041) Old regions: 178->186
[6402.498s][info][gc,heap        ] GC(1041) Humongous regions: 33->33
[6402.498s][info][gc,metaspace   ] GC(1041) Metaspace: 35834K(38144K)->35834K(38144K) NonClass: 26762K(27072K)->26762K(27072K) Class: 9071K(11072K)->9071K(11072K)
[6402.498s][info][gc             ] GC(1041) Pause Young (Normal) (G1 Evacuation Pause) 6568M->2061M(8192M) 151.083ms
[6402.498s][info][gc,cpu         ] GC(1041) User=1.20s Sys=0.00s Real=0.16s
....[6405.934s][info][gc,start       ] GC(1042) Pause Young (Normal) (G1 Evacuation Pause)
[6405.934s][info][gc,task        ] GC(1042) Using 8 workers of 8 for evacuation
[6406.085s][info][gc,phases      ] GC(1042)   Pre Evacuate Collection Set: 0.23ms
[6406.085s][info][gc,phases      ] GC(1042)   Merge Heap Roots: 0.52ms
[6406.085s][info][gc,phases      ] GC(1042)   Evacuate Collection Set: 149.22ms
[6406.085s][info][gc,phases      ] GC(1042)   Post Evacuate Collection Set: 1.05ms
[6406.085s][info][gc,phases      ] GC(1042)   Other: 0.06ms
[6406.085s][info][gc,heap        ] GC(1042) Eden regions: 571->0(571)
[6406.085s][info][gc,heap        ] GC(1042) Survivor regions: 43->43(77)
[6406.085s][info][gc,heap        ] GC(1042) Old regions: 186->193
[6406.085s][info][gc,heap        ] GC(1042) Humongous regions: 33->33
[6406.085s][info][gc,metaspace   ] GC(1042) Metaspace: 35834K(38144K)->35834K(38144K) NonClass: 26762K(27072K)->26762K(27072K) Class: 9071K(11072K)->9071K(11072K)
[6406.085s][info][gc             ] GC(1042) Pause Young (Normal) (G1 Evacuation Pause) 6629M->2121M(8192M) 151.215ms
[6406.085s][info][gc,cpu         ] GC(1042) User=1.20s Sys=0.00s Real=0.15s
....[6409.743s][info][gc,start       ] GC(1043) Pause Young (Normal) (G1 Evacuation Pause)
[6409.743s][info][gc,task        ] GC(1043) Using 8 workers of 8 for evacuation
[6409.893s][info][gc,phases      ] GC(1043)   Pre Evacuate Collection Set: 0.22ms
[6409.893s][info][gc,phases      ] GC(1043)   Merge Heap Roots: 0.53ms
[6409.893s][info][gc,phases      ] GC(1043)   Evacuate Collection Set: 148.31ms
[6409.893s][info][gc,phases      ] GC(1043)   Post Evacuate Collection Set: 1.03ms
[6409.893s][info][gc,phases      ] GC(1043)   Other: 0.06ms
[6409.893s][info][gc,heap        ] GC(1043) Eden regions: 571->0(570)
[6409.893s][info][gc,heap        ] GC(1043) Survivor regions: 43->44(77)
[6409.893s][info][gc,heap        ] GC(1043) Old regions: 193->200
[6409.893s][info][gc,heap        ] GC(1043) Humongous regions: 33->33
[6409.893s][info][gc,metaspace   ] GC(1043) Metaspace: 35834K(38144K)->35834K(38144K) NonClass: 26762K(27072K)->26762K(27072K) Class: 9071K(11072K)->9071K(11072K)
[6409.893s][info][gc             ] GC(1043) Pause Young (Normal) (G1 Evacuation Pause) 6689M->2182M(8192M) 150.287ms
[6409.894s][info][gc,cpu         ] GC(1043) User=1.19s Sys=0.00s Real=0.15s
...[6413.220s][info][gc,start       ] GC(1044) Pause Young (Normal) (G1 Evacuation Pause)
[6413.220s][info][gc,task        ] GC(1044) Using 8 workers of 8 for evacuation
[6413.369s][info][gc,phases      ] GC(1044)   Pre Evacuate Collection Set: 0.22ms
[6413.369s][info][gc,phases      ] GC(1044)   Merge Heap Roots: 0.52ms
[6413.369s][info][gc,phases      ] GC(1044)   Evacuate Collection Set: 146.46ms
[6413.369s][info][gc,phases      ] GC(1044)   Post Evacuate Collection Set: 1.04ms
[6413.369s][info][gc,phases      ] GC(1044)   Other: 0.06ms
[6413.369s][info][gc,heap        ] GC(1044) Eden regions: 570->0(570)
[6413.369s][info][gc,heap        ] GC(1044) Survivor regions: 44->44(77)
[6413.369s][info][gc,heap        ] GC(1044) Old regions: 200->207
[6413.369s][info][gc,heap        ] GC(1044) Humongous regions: 33->33
[6413.369s][info][gc,metaspace   ] GC(1044) Metaspace: 35834K(38144K)->35834K(38144K) NonClass: 26762K(27072K)->26762K(27072K) Class: 9071K(11072K)->9071K(11072K)
[6413.369s][info][gc             ] GC(1044) Pause Young (Normal) (G1 Evacuation Pause) 6742M->2240M(8192M) 148.422ms
[6413.369s][info][gc,cpu         ] GC(1044) User=1.18s Sys=0.00s Real=0.15s
....[6416.730s][info][gc,start       ] GC(1045) Pause Young (Normal) (G1 Evacuation Pause)
[6416.730s][info][gc,task        ] GC(1045) Using 8 workers of 8 for evacuation
[6416.882s][info][gc,phases      ] GC(1045)   Pre Evacuate Collection Set: 0.23ms
[6416.882s][info][gc,phases      ] GC(1045)   Merge Heap Roots: 0.53ms
[6416.882s][info][gc,phases      ] GC(1045)   Evacuate Collection Set: 150.16ms
[6416.882s][info][gc,phases      ] GC(1045)   Post Evacuate Collection Set: 1.05ms
[6416.882s][info][gc,phases      ] GC(1045)   Other: 0.07ms
[6416.882s][info][gc,heap        ] GC(1045) Eden regions: 570->0(569)
[6416.882s][info][gc,heap        ] GC(1045) Survivor regions: 44->45(77)
[6416.882s][info][gc,heap        ] GC(1045) Old regions: 207->214
[6416.882s][info][gc,heap        ] GC(1045) Humongous regions: 33->33
[6416.882s][info][gc,metaspace   ] GC(1045) Metaspace: 35834K(38144K)->35834K(38144K) NonClass: 26762K(27072K)->26762K(27072K) Class: 9071K(11072K)->9071K(11072K)
[6416.882s][info][gc             ] GC(1045) Pause Young (Normal) (G1 Evacuation Pause) 6800M->2304M(8192M) 152.161ms
[6416.882s][info][gc,cpu         ] GC(1045) User=1.20s Sys=0.00s Real=0.15s
...[6420.362s][info][gc,start       ] GC(1046) Pause Young (Normal) (G1 Evacuation Pause)
[6420.362s][info][gc,task        ] GC(1046) Using 8 workers of 8 for evacuation
[6420.512s][info][gc,phases      ] GC(1046)   Pre Evacuate Collection Set: 0.24ms
[6420.512s][info][gc,phases      ] GC(1046)   Merge Heap Roots: 0.58ms
[6420.512s][info][gc,phases      ] GC(1046)   Evacuate Collection Set: 147.77ms
[6420.512s][info][gc,phases      ] GC(1046)   Post Evacuate Collection Set: 1.08ms
[6420.512s][info][gc,phases      ] GC(1046)   Other: 0.06ms
[6420.512s][info][gc,heap        ] GC(1046) Eden regions: 569->0(570)
[6420.512s][info][gc,heap        ] GC(1046) Survivor regions: 45->44(77)
[6420.512s][info][gc,heap        ] GC(1046) Old regions: 214->222
[6420.512s][info][gc,heap        ] GC(1046) Humongous regions: 33->33
[6420.512s][info][gc,metaspace   ] GC(1046) Metaspace: 35834K(38144K)->35834K(38144K) NonClass: 26762K(27072K)->26762K(27072K) Class: 9071K(11072K)->9071K(11072K)
[6420.512s][info][gc             ] GC(1046) Pause Young (Normal) (G1 Evacuation Pause) 6856M->2357M(8192M) 149.871ms
[6420.512s][info][gc,cpu         ] GC(1046) User=1.18s Sys=0.00s Real=0.15s
....[6423.938s][info][gc,start       ] GC(1047) Pause Young (Normal) (G1 Evacuation Pause)
[6423.938s][info][gc,task        ] GC(1047) Using 8 workers of 8 for evacuation
[6424.088s][info][gc,phases      ] GC(1047)   Pre Evacuate Collection Set: 0.25ms
[6424.088s][info][gc,phases      ] GC(1047)   Merge Heap Roots: 0.63ms
[6424.088s][info][gc,phases      ] GC(1047)   Evacuate Collection Set: 147.52ms
[6424.088s][info][gc,phases      ] GC(1047)   Post Evacuate Collection Set: 1.04ms
[6424.088s][info][gc,phases      ] GC(1047)   Other: 0.08ms
[6424.088s][info][gc,heap        ] GC(1047) Eden regions: 570->0(570)
[6424.088s][info][gc,heap        ] GC(1047) Survivor regions: 44->44(77)
[6424.088s][info][gc,heap        ] GC(1047) Old regions: 222->229
[6424.088s][info][gc,heap        ] GC(1047) Humongous regions: 33->33
[6424.088s][info][gc,metaspace   ] GC(1047) Metaspace: 35834K(38144K)->35834K(38144K) NonClass: 26762K(27072K)->26762K(27072K) Class: 9071K(11072K)->9071K(11072K)
[6424.088s][info][gc             ] GC(1047) Pause Young (Normal) (G1 Evacuation Pause) 6917M->2410M(8192M) 149.686ms
[6424.088s][info][gc,cpu         ] GC(1047) User=1.18s Sys=0.00s Real=0.15s
...[6427.578s][info][gc,start       ] GC(1048) Pause Young (Normal) (G1 Evacuation Pause)
[6427.578s][info][gc,task        ] GC(1048) Using 8 workers of 8 for evacuation
[6427.735s][info][gc,phases      ] GC(1048)   Pre Evacuate Collection Set: 0.23ms
[6427.735s][info][gc,phases      ] GC(1048)   Merge Heap Roots: 0.53ms
[6427.735s][info][gc,phases      ] GC(1048)   Evacuate Collection Set: 154.57ms
[6427.735s][info][gc,phases      ] GC(1048)   Post Evacuate Collection Set: 1.04ms
[6427.735s][info][gc,phases      ] GC(1048)   Other: 0.07ms
[6427.735s][info][gc,heap        ] GC(1048) Eden regions: 570->0(569)
[6427.735s][info][gc,heap        ] GC(1048) Survivor regions: 44->45(77)
[6427.735s][info][gc,heap        ] GC(1048) Old regions: 229->236
[6427.735s][info][gc,heap        ] GC(1048) Humongous regions: 33->33
[6427.735s][info][gc,metaspace   ] GC(1048) Metaspace: 35834K(38144K)->35834K(38144K) NonClass: 26762K(27072K)->26762K(27072K) Class: 9071K(11072K)->9071K(11072K)
[6427.735s][info][gc             ] GC(1048) Pause Young (Normal) (G1 Evacuation Pause) 6970M->2481M(8192M) 156.571ms
[6427.735s][info][gc,cpu         ] GC(1048) User=1.24s Sys=0.00s Real=0.15s
....[6431.039s][info][gc,start       ] GC(1049) Pause Young (Normal) (G1 Evacuation Pause)
[6431.039s][info][gc,task        ] GC(1049) Using 8 workers of 8 for evacuation
[6431.185s][info][gc,phases      ] GC(1049)   Pre Evacuate Collection Set: 0.23ms
[6431.185s][info][gc,phases      ] GC(1049)   Merge Heap Roots: 0.53ms
[6431.185s][info][gc,phases      ] GC(1049)   Evacuate Collection Set: 143.51ms
[6431.185s][info][gc,phases      ] GC(1049)   Post Evacuate Collection Set: 1.10ms
[6431.185s][info][gc,phases      ] GC(1049)   Other: 0.06ms
[6431.185s][info][gc,heap        ] GC(1049) Eden regions: 569->0(572)
[6431.185s][info][gc,heap        ] GC(1049) Survivor regions: 45->42(77)
[6431.185s][info][gc,heap        ] GC(1049) Old regions: 236->243
[6431.185s][info][gc,heap        ] GC(1049) Humongous regions: 33->33
[6431.185s][info][gc,metaspace   ] GC(1049) Metaspace: 35834K(38144K)->35834K(38144K) NonClass: 26762K(27072K)->26762K(27072K) Class: 9071K(11072K)->9071K(11072K)
[6431.185s][info][gc             ] GC(1049) Pause Young (Normal) (G1 Evacuation Pause) 7033M->2514M(8192M) 145.585ms
[6431.185s][info][gc,cpu         ] GC(1049) User=1.15s Sys=0.00s Real=0.14s
...[6434.597s][info][gc,start       ] GC(1050) Pause Young (Normal) (G1 Evacuation Pause)
[6434.597s][info][gc,task        ] GC(1050) Using 8 workers of 8 for evacuation
[6434.747s][info][gc,phases      ] GC(1050)   Pre Evacuate Collection Set: 0.23ms
[6434.747s][info][gc,phases      ] GC(1050)   Merge Heap Roots: 0.55ms
[6434.747s][info][gc,phases      ] GC(1050)   Evacuate Collection Set: 147.68ms
[6434.747s][info][gc,phases      ] GC(1050)   Post Evacuate Collection Set: 1.10ms
[6434.747s][info][gc,phases      ] GC(1050)   Other: 0.07ms
[6434.747s][info][gc,heap        ] GC(1050) Eden regions: 572->0(570)
[6434.747s][info][gc,heap        ] GC(1050) Survivor regions: 42->44(77)
[6434.747s][info][gc,heap        ] GC(1050) Old regions: 243->250
[6434.747s][info][gc,heap        ] GC(1050) Humongous regions: 33->33
[6434.747s][info][gc,metaspace   ] GC(1050) Metaspace: 35834K(38144K)->35834K(38144K) NonClass: 26762K(27072K)->26762K(27072K) Class: 9071K(11072K)->9071K(11072K)
[6434.747s][info][gc             ] GC(1050) Pause Young (Normal) (G1 Evacuation Pause) 7090M->2584M(8192M) 149.793ms
[6434.747s][info][gc,cpu         ] GC(1050) User=1.18s Sys=0.00s Real=0.15s
....[6438.133s][info][gc,start       ] GC(1051) Pause Young (Normal) (G1 Evacuation Pause)
[6438.133s][info][gc,task        ] GC(1051) Using 8 workers of 8 for evacuation
[6438.279s][info][gc,phases      ] GC(1051)   Pre Evacuate Collection Set: 0.27ms
[6438.279s][info][gc,phases      ] GC(1051)   Merge Heap Roots: 0.60ms
[6438.279s][info][gc,phases      ] GC(1051)   Evacuate Collection Set: 144.51ms
[6438.279s][info][gc,phases      ] GC(1051)   Post Evacuate Collection Set: 1.05ms
[6438.279s][info][gc,phases      ] GC(1051)   Other: 0.07ms
[6438.279s][info][gc,heap        ] GC(1051) Eden regions: 570->0(571)
[6438.279s][info][gc,heap        ] GC(1051) Survivor regions: 44->43(77)
[6438.279s][info][gc,heap        ] GC(1051) Old regions: 250->257
[6438.279s][info][gc,heap        ] GC(1051) Humongous regions: 33->33
[6438.279s][info][gc,metaspace   ] GC(1051) Metaspace: 35834K(38144K)->35834K(38144K) NonClass: 26762K(27072K)->26762K(27072K) Class: 9071K(11072K)->9071K(11072K)
[6438.279s][info][gc             ] GC(1051) Pause Young (Normal) (G1 Evacuation Pause) 7144M->2636M(8192M) 146.627ms
[6438.279s][info][gc,cpu         ] GC(1051) User=1.16s Sys=0.00s Real=0.15s
...[6441.692s][info][gc,start       ] GC(1052) Pause Young (Normal) (G1 Evacuation Pause)
[6441.692s][info][gc,task        ] GC(1052) Using 8 workers of 8 for evacuation
[6441.846s][info][gc,phases      ] GC(1052)   Pre Evacuate Collection Set: 0.23ms
[6441.846s][info][gc,phases      ] GC(1052)   Merge Heap Roots: 0.51ms
[6441.846s][info][gc,phases      ] GC(1052)   Evacuate Collection Set: 152.29ms
[6441.846s][info][gc,phases      ] GC(1052)   Post Evacuate Collection Set: 1.03ms
[6441.846s][info][gc,phases      ] GC(1052)   Other: 0.06ms
[6441.846s][info][gc,heap        ] GC(1052) Eden regions: 571->0(569)
[6441.846s][info][gc,heap        ] GC(1052) Survivor regions: 43->45(77)
[6441.846s][info][gc,heap        ] GC(1052) Old regions: 257->265
[6441.846s][info][gc,heap        ] GC(1052) Humongous regions: 33->33
[6441.846s][info][gc,metaspace   ] GC(1052) Metaspace: 35834K(38144K)->35834K(38144K) NonClass: 26762K(27072K)->26762K(27072K) Class: 9071K(11072K)->9071K(11072K)
[6441.846s][info][gc             ] GC(1052) Pause Young (Normal) (G1 Evacuation Pause) 7204M->2705M(8192M) 154.268ms
[6441.846s][info][gc,cpu         ] GC(1052) User=1.22s Sys=0.00s Real=0.15s
....[6445.209s][info][gc,start       ] GC(1053) Pause Young (Normal) (G1 Evacuation Pause)
[6445.209s][info][gc,task        ] GC(1053) Using 8 workers of 8 for evacuation
[6445.358s][info][gc,phases      ] GC(1053)   Pre Evacuate Collection Set: 0.23ms
[6445.358s][info][gc,phases      ] GC(1053)   Merge Heap Roots: 0.54ms
[6445.358s][info][gc,phases      ] GC(1053)   Evacuate Collection Set: 147.21ms
[6445.358s][info][gc,phases      ] GC(1053)   Post Evacuate Collection Set: 1.12ms
[6445.358s][info][gc,phases      ] GC(1053)   Other: 0.07ms
[6445.358s][info][gc,heap        ] GC(1053) Eden regions: 569->0(570)
[6445.358s][info][gc,heap        ] GC(1053) Survivor regions: 45->44(77)
[6445.358s][info][gc,heap        ] GC(1053) Old regions: 265->272
[6445.358s][info][gc,heap        ] GC(1053) Humongous regions: 33->33
[6445.358s][info][gc,metaspace   ] GC(1053) Metaspace: 35834K(38144K)->35834K(38144K) NonClass: 26762K(27072K)->26762K(27072K) Class: 9071K(11072K)->9071K(11072K)
[6445.359s][info][gc             ] GC(1053) Pause Young (Normal) (G1 Evacuation Pause) 7257M->2754M(8192M) 149.314ms
[6445.359s][info][gc,cpu         ] GC(1053) User=1.18s Sys=0.00s Real=0.15s
....[6448.907s][info][gc,start       ] GC(1054) Pause Young (Normal) (G1 Evacuation Pause)
[6448.907s][info][gc,task        ] GC(1054) Using 8 workers of 8 for evacuation
[6449.060s][info][gc,phases      ] GC(1054)   Pre Evacuate Collection Set: 0.24ms
[6449.060s][info][gc,phases      ] GC(1054)   Merge Heap Roots: 0.64ms
[6449.060s][info][gc,phases      ] GC(1054)   Evacuate Collection Set: 150.81ms
[6449.060s][info][gc,phases      ] GC(1054)   Post Evacuate Collection Set: 1.02ms
[6449.060s][info][gc,phases      ] GC(1054)   Other: 0.06ms
[6449.060s][info][gc,heap        ] GC(1054) Eden regions: 570->0(569)
[6449.060s][info][gc,heap        ] GC(1054) Survivor regions: 44->45(77)
[6449.060s][info][gc,heap        ] GC(1054) Old regions: 272->279
[6449.060s][info][gc,heap        ] GC(1054) Humongous regions: 33->33
[6449.060s][info][gc,metaspace   ] GC(1054) Metaspace: 35834K(38144K)->35834K(38144K) NonClass: 26762K(27072K)->26762K(27072K) Class: 9071K(11072K)->9071K(11072K)
[6449.060s][info][gc             ] GC(1054) Pause Young (Normal) (G1 Evacuation Pause) 7314M->2822M(8192M) 152.904ms
[6449.060s][info][gc,cpu         ] GC(1054) User=1.21s Sys=0.00s Real=0.15s
...[6452.456s][info][gc,start       ] GC(1055) Pause Young (Normal) (G1 Evacuation Pause)
[6452.456s][info][gc,task        ] GC(1055) Using 8 workers of 8 for evacuation
[6452.609s][info][gc,phases      ] GC(1055)   Pre Evacuate Collection Set: 0.22ms
[6452.609s][info][gc,phases      ] GC(1055)   Merge Heap Roots: 0.53ms
[6452.609s][info][gc,phases      ] GC(1055)   Evacuate Collection Set: 150.97ms
[6452.609s][info][gc,phases      ] GC(1055)   Post Evacuate Collection Set: 1.03ms
[6452.609s][info][gc,phases      ] GC(1055)   Other: 0.07ms
[6452.609s][info][gc,heap        ] GC(1055) Eden regions: 569->0(562)
[6452.609s][info][gc,heap        ] GC(1055) Survivor regions: 45->45(77)
[6452.609s][info][gc,heap        ] GC(1055) Old regions: 279->287
[6452.609s][info][gc,heap        ] GC(1055) Humongous regions: 33->33
[6452.609s][info][gc,metaspace   ] GC(1055) Metaspace: 35834K(38144K)->35834K(38144K) NonClass: 26762K(27072K)->26762K(27072K) Class: 9071K(11072K)->9071K(11072K)
[6452.609s][info][gc             ] GC(1055) Pause Young (Normal) (G1 Evacuation Pause) 7374M->2890M(8192M) 152.956ms
[6452.609s][info][gc,cpu         ] GC(1055) User=1.21s Sys=0.00s Real=0.16s
....[6456.017s][info][gc,start       ] GC(1056) Pause Young (Normal) (G1 Evacuation Pause)
[6456.017s][info][gc,task        ] GC(1056) Using 8 workers of 8 for evacuation
[6456.169s][info][gc,phases      ] GC(1056)   Pre Evacuate Collection Set: 0.23ms
[6456.169s][info][gc,phases      ] GC(1056)   Merge Heap Roots: 0.51ms
[6456.169s][info][gc,phases      ] GC(1056)   Evacuate Collection Set: 150.28ms
[6456.169s][info][gc,phases      ] GC(1056)   Post Evacuate Collection Set: 1.05ms
[6456.169s][info][gc,phases      ] GC(1056)   Other: 0.07ms
[6456.169s][info][gc,heap        ] GC(1056) Eden regions: 562->0(557)
[6456.169s][info][gc,heap        ] GC(1056) Survivor regions: 45->44(76)
[6456.169s][info][gc,heap        ] GC(1056) Old regions: 287->294
[6456.169s][info][gc,heap        ] GC(1056) Humongous regions: 33->33
[6456.169s][info][gc,metaspace   ] GC(1056) Metaspace: 35834K(38144K)->35834K(38144K) NonClass: 26762K(27072K)->26762K(27072K) Class: 9071K(11072K)->9071K(11072K)
[6456.169s][info][gc             ] GC(1056) Pause Young (Normal) (G1 Evacuation Pause) 7386M->2940M(8192M) 152.281ms
[6456.169s][info][gc,cpu         ] GC(1056) User=1.20s Sys=0.00s Real=0.16s
... (rIR:aIR:PR = 10654:10725:10728) (tPR = 159213) [OK] 
  6458s: Performance info:
         Transaction,    Success,    Partial,     Failed,   Receipts, AvgBarcode, 
             Overall,     646041,          0,          0,     614262,      59.47, 
         Response times:
             Request,    Success,    Partial,     Failed,   SkipFail,     Probes,    Samples,      min,      p50,      p90,      p95,      p99,      max, 
       TotalPurchase,     614118,          0,          0,          0,     358277,     416828,      300,     7800,    38000,    71000,   112000,   660000,
     InStorePurchase,     324135,          0,          0,          0,     188024,     218796,      300,     7700,    38000,    71000,   113000,   660000,
      OnlinePurchase,     226384,          0,          0,          0,     132677,     154180,      300,     7800,    39000,    70000,   112000,   660000,
        InstPurchase,      63599,          0,          0,          0,      37576,      43852,      400,     7900,    40000,    71000,   112000,   660000,
          AssocOfCat,        640,          0,          0,          0,        542,        741,    30000,    58000,    89800,   124900,   213580,   238000,
      AssocOfProduct,       6484,          0,          0,          0,       3648,       4480,      600,     8300,    42000,    81950,   128000,   560000,
      BusinessReport,       1613,          0,          0,          0,       1432,       1745,    30000,    66000,   120000,   159000,   219540,   405000,
          CustBuyBeh,       6437,          0,          0,          0,       3709,       4518,      200,     8600,    40000,    71050,   123000,   560000,
       ProductReturn,      16598,          0,          0,          0,       9297,      11061,      200,     7700,    40000,    75000,   112000,   559000,

  6458s: (78%)   IR =  10793 [6459.536s][info][gc,start       ] GC(1057) Pause Young (Normal) (G1 Evacuation Pause)
[6459.536s][info][gc,task        ] GC(1057) Using 8 workers of 8 for evacuation
[6459.681s][info][gc,phases      ] GC(1057)   Pre Evacuate Collection Set: 0.27ms
[6459.681s][info][gc,phases      ] GC(1057)   Merge Heap Roots: 0.54ms
[6459.681s][info][gc,phases      ] GC(1057)   Evacuate Collection Set: 143.27ms
[6459.681s][info][gc,phases      ] GC(1057)   Post Evacuate Collection Set: 1.04ms
[6459.681s][info][gc,phases      ] GC(1057)   Other: 0.06ms
[6459.681s][info][gc,heap        ] GC(1057) Eden regions: 557->0(554)
[6459.681s][info][gc,heap        ] GC(1057) Survivor regions: 44->42(76)
[6459.681s][info][gc,heap        ] GC(1057) Old regions: 294->301
[6459.681s][info][gc,heap        ] GC(1057) Humongous regions: 33->33
[6459.681s][info][gc,metaspace   ] GC(1057) Metaspace: 35834K(38144K)->35834K(38144K) NonClass: 26762K(27072K)->26762K(27072K) Class: 9071K(11072K)->9071K(11072K)
[6459.681s][info][gc             ] GC(1057) Pause Young (Normal) (G1 Evacuation Pause) 7396M->2980M(8192M) 145.308ms
[6459.681s][info][gc,cpu         ] GC(1057) User=1.15s Sys=0.00s Real=0.15s
....[6462.980s][info][gc,start       ] GC(1058) Pause Young (Normal) (G1 Evacuation Pause)
[6462.980s][info][gc,task        ] GC(1058) Using 8 workers of 8 for evacuation
[6463.124s][info][gc,phases      ] GC(1058)   Pre Evacuate Collection Set: 0.24ms
[6463.124s][info][gc,phases      ] GC(1058)   Merge Heap Roots: 0.53ms
[6463.124s][info][gc,phases      ] GC(1058)   Evacuate Collection Set: 141.65ms
[6463.124s][info][gc,phases      ] GC(1058)   Post Evacuate Collection Set: 1.01ms
[6463.124s][info][gc,phases      ] GC(1058)   Other: 0.08ms
[6463.124s][info][gc,heap        ] GC(1058) Eden regions: 554->0(546)
[6463.124s][info][gc,heap        ] GC(1058) Survivor regions: 42->42(75)
[6463.124s][info][gc,heap        ] GC(1058) Old regions: 301->309
[6463.124s][info][gc,heap        ] GC(1058) Humongous regions: 33->33
[6463.124s][info][gc,metaspace   ] GC(1058) Metaspace: 35834K(38144K)->35834K(38144K) NonClass: 26762K(27072K)->26762K(27072K) Class: 9071K(11072K)->9071K(11072K)
[6463.124s][info][gc             ] GC(1058) Pause Young (Normal) (G1 Evacuation Pause) 7412M->3036M(8192M) 143.658ms
[6463.124s][info][gc,cpu         ] GC(1058) User=1.13s Sys=0.00s Real=0.14s
...[6466.381s][info][gc,start       ] GC(1059) Pause Young (Concurrent Start) (G1 Evacuation Pause)
[6466.381s][info][gc,task        ] GC(1059) Using 8 workers of 8 for evacuation
[6466.529s][info][gc,phases      ] GC(1059)   Pre Evacuate Collection Set: 0.29ms
[6466.529s][info][gc,phases      ] GC(1059)   Merge Heap Roots: 0.52ms
[6466.529s][info][gc,phases      ] GC(1059)   Evacuate Collection Set: 146.36ms
[6466.529s][info][gc,phases      ] GC(1059)   Post Evacuate Collection Set: 1.01ms
[6466.529s][info][gc,phases      ] GC(1059)   Other: 0.11ms
[6466.529s][info][gc,heap        ] GC(1059) Eden regions: 546->0(537)
[6466.529s][info][gc,heap        ] GC(1059) Survivor regions: 42->43(74)
[6466.529s][info][gc,heap        ] GC(1059) Old regions: 309->316
[6466.529s][info][gc,heap        ] GC(1059) Humongous regions: 33->33
[6466.529s][info][gc,metaspace   ] GC(1059) Metaspace: 35834K(38144K)->35834K(38144K) NonClass: 26762K(27072K)->26762K(27072K) Class: 9071K(11072K)->9071K(11072K)
[6466.529s][info][gc             ] GC(1059) Pause Young (Concurrent Start) (G1 Evacuation Pause) 7404M->3102M(8192M) 148.422ms
[6466.529s][info][gc             ] GC(1060) Concurrent Mark Cycle
[6466.529s][info][gc,marking     ] GC(1060) Concurrent Scan Root Regions
[6466.529s][info][gc,cpu         ] GC(1059) User=1.18s Sys=0.00s Real=0.15s
[6466.899s][info][gc,marking     ] GC(1060) Concurrent Scan Root Regions 369.288ms
[6466.899s][info][gc,marking     ] GC(1060) Concurrent Mark
[6466.899s][info][gc,marking     ] GC(1060) Concurrent Mark From Roots
[6466.899s][info][gc,task        ] GC(1060) Using 2 workers of 2 for marking
..[6468.037s][info][gc,marking     ] GC(1060) Concurrent Mark From Roots 1138.768ms
[6468.038s][info][gc,marking     ] GC(1060) Concurrent Preclean
[6468.038s][info][gc,marking     ] GC(1060) Concurrent Preclean 0.094ms
[6468.038s][info][gc,start       ] GC(1060) Pause Remark
[6468.040s][info][gc             ] GC(1060) Pause Remark 4794M->4218M(8192M) 2.512ms
[6468.040s][info][gc,cpu         ] GC(1060) User=0.02s Sys=0.00s Real=0.00s
[6468.040s][info][gc,marking     ] GC(1060) Concurrent Mark 1141.669ms
[6468.040s][info][gc,marking     ] GC(1060) Concurrent Rebuild Remembered Sets and Scrub Regions
[6468.821s][info][gc,marking     ] GC(1060) Concurrent Rebuild Remembered Sets and Scrub Regions 780.815ms
[6468.821s][info][gc,start       ] GC(1060) Pause Cleanup
[6468.822s][info][gc             ] GC(1060) Pause Cleanup 5310M->5310M(8192M) 0.253ms
[6468.822s][info][gc,cpu         ] GC(1060) User=0.00s Sys=0.00s Real=0.00s
[6468.822s][info][gc,marking     ] GC(1060) Concurrent Clear Claimed Marks
[6468.822s][info][gc,marking     ] GC(1060) Concurrent Clear Claimed Marks 0.040ms
[6468.822s][info][gc,marking     ] GC(1060) Concurrent Cleanup for Next Mark
[6468.834s][info][gc,marking     ] GC(1060) Concurrent Cleanup for Next Mark 11.971ms
[6468.834s][info][gc             ] GC(1060) Concurrent Mark Cycle 2304.397ms
.[6469.876s][info][gc,start       ] GC(1061) Pause Young (Prepare Mixed) (G1 Evacuation Pause)
[6469.876s][info][gc,task        ] GC(1061) Using 8 workers of 8 for evacuation
[6470.027s][info][gc,phases      ] GC(1061)   Pre Evacuate Collection Set: 0.26ms
[6470.028s][info][gc,phases      ] GC(1061)   Merge Heap Roots: 0.72ms
[6470.028s][info][gc,phases      ] GC(1061)   Evacuate Collection Set: 149.57ms
[6470.028s][info][gc,phases      ] GC(1061)   Post Evacuate Collection Set: 1.14ms
[6470.028s][info][gc,phases      ] GC(1061)   Other: 0.07ms
[6470.028s][info][gc,heap        ] GC(1061) Eden regions: 537->0(571)
[6470.028s][info][gc,heap        ] GC(1061) Survivor regions: 43->43(73)
[6470.028s][info][gc,heap        ] GC(1061) Old regions: 244->252
[6470.028s][info][gc,heap        ] GC(1061) Humongous regions: 33->33
[6470.028s][info][gc,metaspace   ] GC(1061) Metaspace: 35834K(38144K)->35834K(38144K) NonClass: 26762K(27072K)->26762K(27072K) Class: 9071K(11072K)->9071K(11072K)
[6470.028s][info][gc             ] GC(1061) Pause Young (Prepare Mixed) (G1 Evacuation Pause) 6822M->2590M(8192M) 151.895ms
[6470.028s][info][gc,cpu         ] GC(1061) User=1.20s Sys=0.00s Real=0.16s
....[6473.328s][info][gc,start       ] GC(1062) Pause Young (Mixed) (G1 Evacuation Pause)
[6473.328s][info][gc,task        ] GC(1062) Using 8 workers of 8 for evacuation
[6473.486s][info][gc,phases      ] GC(1062)   Pre Evacuate Collection Set: 0.25ms
[6473.486s][info][gc,phases      ] GC(1062)   Merge Heap Roots: 0.81ms
[6473.486s][info][gc,phases      ] GC(1062)   Evacuate Collection Set: 155.05ms
[6473.486s][info][gc,phases      ] GC(1062)   Post Evacuate Collection Set: 1.28ms
[6473.486s][info][gc,phases      ] GC(1062)   Other: 0.07ms
[6473.486s][info][gc,heap        ] GC(1062) Eden regions: 571->0(571)
[6473.486s][info][gc,heap        ] GC(1062) Survivor regions: 43->43(77)
[6473.486s][info][gc,heap        ] GC(1062) Old regions: 252->157
[6473.486s][info][gc,heap        ] GC(1062) Humongous regions: 33->33
[6473.486s][info][gc,metaspace   ] GC(1062) Metaspace: 35834K(38144K)->35834K(38144K) NonClass: 26762K(27072K)->26762K(27072K) Class: 9071K(11072K)->9071K(11072K)
[6473.486s][info][gc             ] GC(1062) Pause Young (Mixed) (G1 Evacuation Pause) 7158M->1832M(8192M) 157.600ms
[6473.486s][info][gc,cpu         ] GC(1062) User=1.25s Sys=0.00s Real=0.15s
.|..[6476.961s][info][gc,start       ] GC(1063) Pause Young (Mixed) (G1 Evacuation Pause)
[6476.961s][info][gc,task        ] GC(1063) Using 8 workers of 8 for evacuation
[6477.114s][info][gc,phases      ] GC(1063)   Pre Evacuate Collection Set: 0.23ms
[6477.114s][info][gc,phases      ] GC(1063)   Merge Heap Roots: 0.74ms
[6477.114s][info][gc,phases      ] GC(1063)   Evacuate Collection Set: 151.20ms
[6477.114s][info][gc,phases      ] GC(1063)   Post Evacuate Collection Set: 1.09ms
[6477.114s][info][gc,phases      ] GC(1063)   Other: 0.06ms
[6477.114s][info][gc,heap        ] GC(1063) Eden regions: 571->0(571)
[6477.114s][info][gc,heap        ] GC(1063) Survivor regions: 43->43(77)
[6477.114s][info][gc,heap        ] GC(1063) Old regions: 157->142
[6477.114s][info][gc,heap        ] GC(1063) Humongous regions: 33->33
[6477.114s][info][gc,metaspace   ] GC(1063) Metaspace: 35834K(38144K)->35834K(38144K) NonClass: 26762K(27072K)->26762K(27072K) Class: 9071K(11072K)->9071K(11072K)
[6477.114s][info][gc             ] GC(1063) Pause Young (Mixed) (G1 Evacuation Pause) 6400M->1711M(8192M) 153.446ms
[6477.114s][info][gc,cpu         ] GC(1063) User=1.22s Sys=0.00s Real=0.15s
....[6480.560s][info][gc,start       ] GC(1064) Pause Young (Normal) (G1 Evacuation Pause)
[6480.560s][info][gc,task        ] GC(1064) Using 8 workers of 8 for evacuation
[6480.713s][info][gc,phases      ] GC(1064)   Pre Evacuate Collection Set: 0.25ms
[6480.713s][info][gc,phases      ] GC(1064)   Merge Heap Roots: 0.53ms
[6480.713s][info][gc,phases      ] GC(1064)   Evacuate Collection Set: 151.25ms
[6480.713s][info][gc,phases      ] GC(1064)   Post Evacuate Collection Set: 1.04ms
[6480.713s][info][gc,phases      ] GC(1064)   Other: 0.06ms
[6480.713s][info][gc,heap        ] GC(1064) Eden regions: 571->0(570)
[6480.713s][info][gc,heap        ] GC(1064) Survivor regions: 43->44(77)
[6480.713s][info][gc,heap        ] GC(1064) Old regions: 142->150
[6480.713s][info][gc,heap        ] GC(1064) Humongous regions: 33->33
[6480.713s][info][gc,metaspace   ] GC(1064) Metaspace: 35834K(38144K)->35834K(38144K) NonClass: 26762K(27072K)->26762K(27072K) Class: 9071K(11072K)->9071K(11072K)
[6480.713s][info][gc             ] GC(1064) Pause Young (Normal) (G1 Evacuation Pause) 6279M->1777M(8192M) 153.250ms
[6480.713s][info][gc,cpu         ] GC(1064) User=1.22s Sys=0.00s Real=0.15s
...[6483.991s][info][gc,start       ] GC(1065) Pause Young (Normal) (G1 Evacuation Pause)
[6483.991s][info][gc,task        ] GC(1065) Using 8 workers of 8 for evacuation
[6484.141s][info][gc,phases      ] GC(1065)   Pre Evacuate Collection Set: 0.23ms
[6484.141s][info][gc,phases      ] GC(1065)   Merge Heap Roots: 0.52ms
[6484.141s][info][gc,phases      ] GC(1065)   Evacuate Collection Set: 147.38ms
[6484.141s][info][gc,phases      ] GC(1065)   Post Evacuate Collection Set: 1.06ms
[6484.141s][info][gc,phases      ] GC(1065)   Other: 0.07ms
[6484.141s][info][gc,heap        ] GC(1065) Eden regions: 570->0(571)
[6484.141s][info][gc,heap        ] GC(1065) Survivor regions: 44->43(77)
[6484.141s][info][gc,heap        ] GC(1065) Old regions: 150->157
[6484.141s][info][gc,heap        ] GC(1065) Humongous regions: 33->33
[6484.141s][info][gc,metaspace   ] GC(1065) Metaspace: 35834K(38144K)->35834K(38144K) NonClass: 26762K(27072K)->26762K(27072K) Class: 9071K(11072K)->9071K(11072K)
[6484.141s][info][gc             ] GC(1065) Pause Young (Normal) (G1 Evacuation Pause) 6337M->1828M(8192M) 149.393ms
[6484.141s][info][gc,cpu         ] GC(1065) User=1.18s Sys=0.00s Real=0.15s
....[6487.484s][info][gc,start       ] GC(1066) Pause Young (Normal) (G1 Evacuation Pause)
[6487.484s][info][gc,task        ] GC(1066) Using 8 workers of 8 for evacuation
[6487.637s][info][gc,phases      ] GC(1066)   Pre Evacuate Collection Set: 0.26ms
[6487.637s][info][gc,phases      ] GC(1066)   Merge Heap Roots: 0.53ms
[6487.637s][info][gc,phases      ] GC(1066)   Evacuate Collection Set: 150.47ms
[6487.637s][info][gc,phases      ] GC(1066)   Post Evacuate Collection Set: 1.05ms
[6487.637s][info][gc,phases      ] GC(1066)   Other: 0.06ms
[6487.637s][info][gc,heap        ] GC(1066) Eden regions: 571->0(570)
[6487.637s][info][gc,heap        ] GC(1066) Survivor regions: 43->44(77)
[6487.637s][info][gc,heap        ] GC(1066) Old regions: 157->164
[6487.637s][info][gc,heap        ] GC(1066) Humongous regions: 33->33
[6487.637s][info][gc,metaspace   ] GC(1066) Metaspace: 35834K(38144K)->35834K(38144K) NonClass: 26762K(27072K)->26762K(27072K) Class: 9071K(11072K)->9071K(11072K)
[6487.637s][info][gc             ] GC(1066) Pause Young (Normal) (G1 Evacuation Pause) 6396M->1898M(8192M) 152.505ms
[6487.637s][info][gc,cpu         ] GC(1066) User=1.21s Sys=0.00s Real=0.15s
...[6491.115s][info][gc,start       ] GC(1067) Pause Young (Normal) (G1 Evacuation Pause)
[6491.115s][info][gc,task        ] GC(1067) Using 8 workers of 8 for evacuation
[6491.259s][info][gc,phases      ] GC(1067)   Pre Evacuate Collection Set: 0.24ms
[6491.259s][info][gc,phases      ] GC(1067)   Merge Heap Roots: 0.58ms
[6491.259s][info][gc,phases      ] GC(1067)   Evacuate Collection Set: 142.00ms
[6491.259s][info][gc,phases      ] GC(1067)   Post Evacuate Collection Set: 1.03ms
[6491.259s][info][gc,phases      ] GC(1067)   Other: 0.07ms
[6491.259s][info][gc,heap        ] GC(1067) Eden regions: 570->0(571)
[6491.259s][info][gc,heap        ] GC(1067) Survivor regions: 44->43(77)
[6491.259s][info][gc,heap        ] GC(1067) Old regions: 164->172
[6491.259s][info][gc,heap        ] GC(1067) Humongous regions: 33->33
[6491.259s][info][gc,metaspace   ] GC(1067) Metaspace: 35834K(38144K)->35834K(38144K) NonClass: 26762K(27072K)->26762K(27072K) Class: 9071K(11072K)->9071K(11072K)
[6491.259s][info][gc             ] GC(1067) Pause Young (Normal) (G1 Evacuation Pause) 6458M->1945M(8192M) 144.053ms
[6491.259s][info][gc,cpu         ] GC(1067) User=1.14s Sys=0.00s Real=0.15s
....[6494.702s][info][gc,start       ] GC(1068) Pause Young (Normal) (G1 Evacuation Pause)
[6494.702s][info][gc,task        ] GC(1068) Using 8 workers of 8 for evacuation
[6494.853s][info][gc,phases      ] GC(1068)   Pre Evacuate Collection Set: 0.23ms
[6494.853s][info][gc,phases      ] GC(1068)   Merge Heap Roots: 0.53ms
[6494.853s][info][gc,phases      ] GC(1068)   Evacuate Collection Set: 148.90ms
[6494.853s][info][gc,phases      ] GC(1068)   Post Evacuate Collection Set: 1.02ms
[6494.853s][info][gc,phases      ] GC(1068)   Other: 0.07ms
[6494.853s][info][gc,heap        ] GC(1068) Eden regions: 571->0(571)
[6494.853s][info][gc,heap        ] GC(1068) Survivor regions: 43->43(77)
[6494.853s][info][gc,heap        ] GC(1068) Old regions: 172->178
[6494.853s][info][gc,heap        ] GC(1068) Humongous regions: 33->33
[6494.853s][info][gc,metaspace   ] GC(1068) Metaspace: 35834K(38144K)->35834K(38144K) NonClass: 26762K(27072K)->26762K(27072K) Class: 9071K(11072K)->9071K(11072K)
[6494.853s][info][gc             ] GC(1068) Pause Young (Normal) (G1 Evacuation Pause) 6513M->2004M(8192M) 150.879ms
[6494.853s][info][gc,cpu         ] GC(1068) User=1.20s Sys=0.00s Real=0.15s
...[6498.253s][info][gc,start       ] GC(1069) Pause Young (Normal) (G1 Evacuation Pause)
[6498.253s][info][gc,task        ] GC(1069) Using 8 workers of 8 for evacuation
[6498.403s][info][gc,phases      ] GC(1069)   Pre Evacuate Collection Set: 0.23ms
[6498.403s][info][gc,phases      ] GC(1069)   Merge Heap Roots: 0.53ms
[6498.403s][info][gc,phases      ] GC(1069)   Evacuate Collection Set: 147.64ms
[6498.403s][info][gc,phases      ] GC(1069)   Post Evacuate Collection Set: 1.03ms
[6498.403s][info][gc,phases      ] GC(1069)   Other: 0.06ms
[6498.403s][info][gc,heap        ] GC(1069) Eden regions: 571->0(572)
[6498.403s][info][gc,heap        ] GC(1069) Survivor regions: 43->42(77)
[6498.403s][info][gc,heap        ] GC(1069) Old regions: 178->186
[6498.403s][info][gc,heap        ] GC(1069) Humongous regions: 33->33
[6498.403s][info][gc,metaspace   ] GC(1069) Metaspace: 35834K(38144K)->35834K(38144K) NonClass: 26762K(27072K)->26762K(27072K) Class: 9071K(11072K)->9071K(11072K)
[6498.403s][info][gc             ] GC(1069) Pause Young (Normal) (G1 Evacuation Pause) 6572M->2053M(8192M) 149.600ms
[6498.403s][info][gc,cpu         ] GC(1069) User=1.18s Sys=0.00s Real=0.15s
....[6501.818s][info][gc,start       ] GC(1070) Pause Young (Normal) (G1 Evacuation Pause)
[6501.818s][info][gc,task        ] GC(1070) Using 8 workers of 8 for evacuation
[6501.968s][info][gc,phases      ] GC(1070)   Pre Evacuate Collection Set: 0.25ms
[6501.968s][info][gc,phases      ] GC(1070)   Merge Heap Roots: 0.53ms
[6501.968s][info][gc,phases      ] GC(1070)   Evacuate Collection Set: 148.50ms
[6501.968s][info][gc,phases      ] GC(1070)   Post Evacuate Collection Set: 1.06ms
[6501.968s][info][gc,phases      ] GC(1070)   Other: 0.06ms
[6501.968s][info][gc,heap        ] GC(1070) Eden regions: 572->0(571)
[6501.968s][info][gc,heap        ] GC(1070) Survivor regions: 42->43(77)
[6501.968s][info][gc,heap        ] GC(1070) Old regions: 186->193
[6501.968s][info][gc,heap        ] GC(1070) Humongous regions: 33->33
[6501.968s][info][gc,metaspace   ] GC(1070) Metaspace: 35834K(38144K)->35834K(38144K) NonClass: 26762K(27072K)->26762K(27072K) Class: 9071K(11072K)->9071K(11072K)
[6501.968s][info][gc             ] GC(1070) Pause Young (Normal) (G1 Evacuation Pause) 6629M->2120M(8192M) 150.542ms
[6501.968s][info][gc,cpu         ] GC(1070) User=1.19s Sys=0.00s Real=0.15s
...[6505.381s][info][gc,start       ] GC(1071) Pause Young (Normal) (G1 Evacuation Pause)
[6505.381s][info][gc,task        ] GC(1071) Using 8 workers of 8 for evacuation
[6505.529s][info][gc,phases      ] GC(1071)   Pre Evacuate Collection Set: 0.27ms
[6505.529s][info][gc,phases      ] GC(1071)   Merge Heap Roots: 0.65ms
[6505.529s][info][gc,phases      ] GC(1071)   Evacuate Collection Set: 145.72ms
[6505.529s][info][gc,phases      ] GC(1071)   Post Evacuate Collection Set: 1.05ms
[6505.529s][info][gc,phases      ] GC(1071)   Other: 0.07ms
[6505.529s][info][gc,heap        ] GC(1071) Eden regions: 571->0(571)
[6505.529s][info][gc,heap        ] GC(1071) Survivor regions: 43->43(77)
[6505.529s][info][gc,heap        ] GC(1071) Old regions: 193->200
[6505.529s][info][gc,heap        ] GC(1071) Humongous regions: 33->33
[6505.529s][info][gc,metaspace   ] GC(1071) Metaspace: 35834K(38144K)->35834K(38144K) NonClass: 26762K(27072K)->26762K(27072K) Class: 9071K(11072K)->9071K(11072K)
[6505.529s][info][gc             ] GC(1071) Pause Young (Normal) (G1 Evacuation Pause) 6688M->2177M(8192M) 147.894ms
[6505.529s][info][gc,cpu         ] GC(1071) User=1.17s Sys=0.00s Real=0.15s
....[6508.891s][info][gc,start       ] GC(1072) Pause Young (Normal) (G1 Evacuation Pause)
[6508.891s][info][gc,task        ] GC(1072) Using 8 workers of 8 for evacuation
[6509.044s][info][gc,phases      ] GC(1072)   Pre Evacuate Collection Set: 0.23ms
[6509.044s][info][gc,phases      ] GC(1072)   Merge Heap Roots: 0.52ms
[6509.044s][info][gc,phases      ] GC(1072)   Evacuate Collection Set: 150.93ms
[6509.044s][info][gc,phases      ] GC(1072)   Post Evacuate Collection Set: 1.02ms
[6509.044s][info][gc,phases      ] GC(1072)   Other: 0.06ms
[6509.044s][info][gc,heap        ] GC(1072) Eden regions: 571->0(570)
[6509.044s][info][gc,heap        ] GC(1072) Survivor regions: 43->44(77)
[6509.044s][info][gc,heap        ] GC(1072) Old regions: 200->207
[6509.044s][info][gc,heap        ] GC(1072) Humongous regions: 33->33
[6509.044s][info][gc,metaspace   ] GC(1072) Metaspace: 35834K(38144K)->35834K(38144K) NonClass: 26762K(27072K)->26762K(27072K) Class: 9071K(11072K)->9071K(11072K)
[6509.044s][info][gc             ] GC(1072) Pause Young (Normal) (G1 Evacuation Pause) 6745M->2244M(8192M) 152.885ms
[6509.044s][info][gc,cpu         ] GC(1072) User=1.21s Sys=0.00s Real=0.15s
...[6512.495s][info][gc,start       ] GC(1073) Pause Young (Normal) (G1 Evacuation Pause)
[6512.495s][info][gc,task        ] GC(1073) Using 8 workers of 8 for evacuation
[6512.645s][info][gc,phases      ] GC(1073)   Pre Evacuate Collection Set: 0.22ms
[6512.645s][info][gc,phases      ] GC(1073)   Merge Heap Roots: 0.52ms
[6512.645s][info][gc,phases      ] GC(1073)   Evacuate Collection Set: 148.31ms
[6512.645s][info][gc,phases      ] GC(1073)   Post Evacuate Collection Set: 1.04ms
[6512.645s][info][gc,phases      ] GC(1073)   Other: 0.06ms
[6512.645s][info][gc,heap        ] GC(1073) Eden regions: 570->0(571)
[6512.645s][info][gc,heap        ] GC(1073) Survivor regions: 44->43(77)
[6512.645s][info][gc,heap        ] GC(1073) Old regions: 207->215
[6512.645s][info][gc,heap        ] GC(1073) Humongous regions: 33->33
[6512.645s][info][gc,metaspace   ] GC(1073) Metaspace: 35834K(38144K)->35834K(38144K) NonClass: 26762K(27072K)->26762K(27072K) Class: 9071K(11072K)->9071K(11072K)
[6512.645s][info][gc             ] GC(1073) Pause Young (Normal) (G1 Evacuation Pause) 6804M->2294M(8192M) 150.270ms
[6512.646s][info][gc,cpu         ] GC(1073) User=1.19s Sys=0.00s Real=0.15s
....[6516.139s][info][gc,start       ] GC(1074) Pause Young (Normal) (G1 Evacuation Pause)
[6516.139s][info][gc,task        ] GC(1074) Using 8 workers of 8 for evacuation
[6516.289s][info][gc,phases      ] GC(1074)   Pre Evacuate Collection Set: 0.22ms
[6516.289s][info][gc,phases      ] GC(1074)   Merge Heap Roots: 0.54ms
[6516.289s][info][gc,phases      ] GC(1074)   Evacuate Collection Set: 148.05ms
[6516.289s][info][gc,phases      ] GC(1074)   Post Evacuate Collection Set: 1.02ms
[6516.289s][info][gc,phases      ] GC(1074)   Other: 0.07ms
[6516.289s][info][gc,heap        ] GC(1074) Eden regions: 571->0(571)
[6516.289s][info][gc,heap        ] GC(1074) Survivor regions: 43->43(77)
[6516.289s][info][gc,heap        ] GC(1074) Old regions: 215->222
[6516.289s][info][gc,heap        ] GC(1074) Humongous regions: 33->33
[6516.289s][info][gc,metaspace   ] GC(1074) Metaspace: 35834K(38144K)->35834K(38144K) NonClass: 26762K(27072K)->26762K(27072K) Class: 9071K(11072K)->9071K(11072K)
[6516.289s][info][gc             ] GC(1074) Pause Young (Normal) (G1 Evacuation Pause) 6862M->2353M(8192M) 150.017ms
[6516.289s][info][gc,cpu         ] GC(1074) User=1.19s Sys=0.00s Real=0.15s
....[6519.669s][info][gc,start       ] GC(1075) Pause Young (Normal) (G1 Evacuation Pause)
[6519.669s][info][gc,task        ] GC(1075) Using 8 workers of 8 for evacuation
[6519.821s][info][gc,phases      ] GC(1075)   Pre Evacuate Collection Set: 0.23ms
[6519.821s][info][gc,phases      ] GC(1075)   Merge Heap Roots: 0.53ms
[6519.821s][info][gc,phases      ] GC(1075)   Evacuate Collection Set: 150.05ms
[6519.821s][info][gc,phases      ] GC(1075)   Post Evacuate Collection Set: 1.05ms
[6519.821s][info][gc,phases      ] GC(1075)   Other: 0.06ms
[6519.821s][info][gc,heap        ] GC(1075) Eden regions: 571->0(570)
[6519.821s][info][gc,heap        ] GC(1075) Survivor regions: 43->44(77)
[6519.821s][info][gc,heap        ] GC(1075) Old regions: 222->229
[6519.821s][info][gc,heap        ] GC(1075) Humongous regions: 33->33
[6519.821s][info][gc,metaspace   ] GC(1075) Metaspace: 35834K(38144K)->35834K(38144K) NonClass: 26762K(27072K)->26762K(27072K) Class: 9071K(11072K)->9071K(11072K)
[6519.821s][info][gc             ] GC(1075) Pause Young (Normal) (G1 Evacuation Pause) 6921M->2414M(8192M) 152.040ms
[6519.821s][info][gc,cpu         ] GC(1075) User=1.21s Sys=0.00s Real=0.15s
...[6523.172s][info][gc,start       ] GC(1076) Pause Young (Normal) (G1 Evacuation Pause)
[6523.172s][info][gc,task        ] GC(1076) Using 8 workers of 8 for evacuation
[6523.322s][info][gc,phases      ] GC(1076)   Pre Evacuate Collection Set: 0.23ms
[6523.322s][info][gc,phases      ] GC(1076)   Merge Heap Roots: 0.54ms
[6523.322s][info][gc,phases      ] GC(1076)   Evacuate Collection Set: 148.84ms
[6523.322s][info][gc,phases      ] GC(1076)   Post Evacuate Collection Set: 1.05ms
[6523.322s][info][gc,phases      ] GC(1076)   Other: 0.06ms
[6523.322s][info][gc,heap        ] GC(1076) Eden regions: 570->0(571)
[6523.322s][info][gc,heap        ] GC(1076) Survivor regions: 44->43(77)
[6523.322s][info][gc,heap        ] GC(1076) Old regions: 229->237
[6523.322s][info][gc,heap        ] GC(1076) Humongous regions: 33->33
[6523.322s][info][gc,metaspace   ] GC(1076) Metaspace: 35834K(38144K)->35834K(38144K) NonClass: 26762K(27072K)->26762K(27072K) Class: 9071K(11072K)->9071K(11072K)
[6523.322s][info][gc             ] GC(1076) Pause Young (Normal) (G1 Evacuation Pause) 6974M->2472M(8192M) 150.853ms
[6523.322s][info][gc,cpu         ] GC(1076) User=1.19s Sys=0.00s Real=0.15s
....[6526.699s][info][gc,start       ] GC(1077) Pause Young (Normal) (G1 Evacuation Pause)
[6526.699s][info][gc,task        ] GC(1077) Using 8 workers of 8 for evacuation
[6526.846s][info][gc,phases      ] GC(1077)   Pre Evacuate Collection Set: 0.24ms
[6526.846s][info][gc,phases      ] GC(1077)   Merge Heap Roots: 0.52ms
[6526.846s][info][gc,phases      ] GC(1077)   Evacuate Collection Set: 144.66ms
[6526.846s][info][gc,phases      ] GC(1077)   Post Evacuate Collection Set: 1.05ms
[6526.846s][info][gc,phases      ] GC(1077)   Other: 0.07ms
[6526.846s][info][gc,heap        ] GC(1077) Eden regions: 571->0(572)
[6526.846s][info][gc,heap        ] GC(1077) Survivor regions: 43->42(77)
[6526.846s][info][gc,heap        ] GC(1077) Old regions: 237->244
[6526.846s][info][gc,heap        ] GC(1077) Humongous regions: 33->33
[6526.846s][info][gc,metaspace   ] GC(1077) Metaspace: 35834K(38144K)->35834K(38144K) NonClass: 26762K(27072K)->26762K(27072K) Class: 9071K(11072K)->9071K(11072K)
[6526.846s][info][gc             ] GC(1077) Pause Young (Normal) (G1 Evacuation Pause) 7040M->2520M(8192M) 146.666ms
[6526.846s][info][gc,cpu         ] GC(1077) User=1.16s Sys=0.00s Real=0.14s
...[6530.398s][info][gc,start       ] GC(1078) Pause Young (Normal) (G1 Evacuation Pause)
[6530.398s][info][gc,task        ] GC(1078) Using 8 workers of 8 for evacuation
[6530.553s][info][gc,phases      ] GC(1078)   Pre Evacuate Collection Set: 0.23ms
[6530.553s][info][gc,phases      ] GC(1078)   Merge Heap Roots: 0.53ms
[6530.553s][info][gc,phases      ] GC(1078)   Evacuate Collection Set: 152.76ms
[6530.553s][info][gc,phases      ] GC(1078)   Post Evacuate Collection Set: 1.05ms
[6530.553s][info][gc,phases      ] GC(1078)   Other: 0.06ms
[6530.553s][info][gc,heap        ] GC(1078) Eden regions: 572->0(569)
[6530.553s][info][gc,heap        ] GC(1078) Survivor regions: 42->45(77)
[6530.553s][info][gc,heap        ] GC(1078) Old regions: 244->251
[6530.553s][info][gc,heap        ] GC(1078) Humongous regions: 33->33
[6530.553s][info][gc,metaspace   ] GC(1078) Metaspace: 35834K(38144K)->35834K(38144K) NonClass: 26762K(27072K)->26762K(27072K) Class: 9071K(11072K)->9071K(11072K)
[6530.553s][info][gc             ] GC(1078) Pause Young (Normal) (G1 Evacuation Pause) 7096M->2596M(8192M) 154.783ms
[6530.553s][info][gc,cpu         ] GC(1078) User=1.22s Sys=0.00s Real=0.15s
....[6533.869s][info][gc,start       ] GC(1079) Pause Young (Normal) (G1 Evacuation Pause)
[6533.869s][info][gc,task        ] GC(1079) Using 8 workers of 8 for evacuation
[6534.019s][info][gc,phases      ] GC(1079)   Pre Evacuate Collection Set: 0.24ms
[6534.019s][info][gc,phases      ] GC(1079)   Merge Heap Roots: 0.51ms
[6534.019s][info][gc,phases      ] GC(1079)   Evacuate Collection Set: 148.15ms
[6534.019s][info][gc,phases      ] GC(1079)   Post Evacuate Collection Set: 1.04ms
[6534.019s][info][gc,phases      ] GC(1079)   Other: 0.06ms
[6534.019s][info][gc,heap        ] GC(1079) Eden regions: 569->0(570)
[6534.019s][info][gc,heap        ] GC(1079) Survivor regions: 45->44(77)
[6534.019s][info][gc,heap        ] GC(1079) Old regions: 251->258
[6534.019s][info][gc,heap        ] GC(1079) Humongous regions: 33->33
[6534.019s][info][gc,metaspace   ] GC(1079) Metaspace: 35834K(38144K)->35834K(38144K) NonClass: 26762K(27072K)->26762K(27072K) Class: 9071K(11072K)->9071K(11072K)
[6534.019s][info][gc             ] GC(1079) Pause Young (Normal) (G1 Evacuation Pause) 7148M->2645M(8192M) 150.126ms
[6534.019s][info][gc,cpu         ] GC(1079) User=1.18s Sys=0.00s Real=0.15s
. (rIR:aIR:PR = 10793:10794:10804) (tPR = 159841) [OK] 
  6534s: Performance info:
         Transaction,    Success,    Partial,     Failed,   Receipts, AvgBarcode, 
             Overall,     654930,          0,          0,     622356,      59.47, 
         Response times:
             Request,    Success,    Partial,     Failed,   SkipFail,     Probes,    Samples,      min,      p50,      p90,      p95,      p99,      max, 
       TotalPurchase,     621845,          0,          0,          0,     362433,     457528,      300,     8200,    57000,   101000,   170000,  1900000,
     InStorePurchase,     328374,          0,          0,          0,     190341,     239802,      300,     8100,    59000,   102000,   170000,  1900000,
      OnlinePurchase,     227237,          0,          0,          0,     133131,     168536,      300,     8200,    56000,    98000,   169000,  1900000,
        InstPurchase,      66234,          0,          0,          0,      38961,      49190,      400,     8300,    57000,    98000,   170000,   800000,
          AssocOfCat,        656,          0,          0,          0,        547,        769,    32000,    59000,   109000,   167000,   230000,   320000,
      AssocOfProduct,       6601,          0,          0,          0,       3806,       4968,      500,     9300,    52000,    93550,   164000,   630000,
      BusinessReport,       1631,          0,          0,          0,       1458,       2035,    35000,    68000,   143400,   195000,   257640,   540000,
          CustBuyBeh,       6630,          0,          0,          0,       3824,       5039,      200,     8200,    56000,   100000,   173600,   351000,
       ProductReturn,      16953,          0,          0,          0,       9552,      12494,      200,     8400,    58000,   103000,   170050,   800000,

  6534s: (79%)   IR =  10931 ..[6537.423s][info][gc,start       ] GC(1080) Pause Young (Normal) (G1 Evacuation Pause)
[6537.423s][info][gc,task        ] GC(1080) Using 8 workers of 8 for evacuation
[6537.578s][info][gc,phases      ] GC(1080)   Pre Evacuate Collection Set: 0.26ms
[6537.578s][info][gc,phases      ] GC(1080)   Merge Heap Roots: 0.55ms
[6537.578s][info][gc,phases      ] GC(1080)   Evacuate Collection Set: 152.81ms
[6537.578s][info][gc,phases      ] GC(1080)   Post Evacuate Collection Set: 1.07ms
[6537.578s][info][gc,phases      ] GC(1080)   Other: 0.06ms
[6537.578s][info][gc,heap        ] GC(1080) Eden regions: 570->0(570)
[6537.578s][info][gc,heap        ] GC(1080) Survivor regions: 44->44(77)
[6537.578s][info][gc,heap        ] GC(1080) Old regions: 258->265
[6537.578s][info][gc,heap        ] GC(1080) Humongous regions: 33->33
[6537.578s][info][gc,metaspace   ] GC(1080) Metaspace: 35834K(38144K)->35834K(38144K) NonClass: 26762K(27072K)->26762K(27072K) Class: 9071K(11072K)->9071K(11072K)
[6537.578s][info][gc             ] GC(1080) Pause Young (Normal) (G1 Evacuation Pause) 7205M->2708M(8192M) 154.874ms
[6537.578s][info][gc,cpu         ] GC(1080) User=1.23s Sys=0.00s Real=0.16s
....[6540.979s][info][gc,start       ] GC(1081) Pause Young (Normal) (G1 Evacuation Pause)
[6540.979s][info][gc,task        ] GC(1081) Using 8 workers of 8 for evacuation
[6541.126s][info][gc,phases      ] GC(1081)   Pre Evacuate Collection Set: 0.23ms
[6541.126s][info][gc,phases      ] GC(1081)   Merge Heap Roots: 0.52ms
[6541.126s][info][gc,phases      ] GC(1081)   Evacuate Collection Set: 145.52ms
[6541.126s][info][gc,phases      ] GC(1081)   Post Evacuate Collection Set: 1.02ms
[6541.126s][info][gc,phases      ] GC(1081)   Other: 0.07ms
[6541.126s][info][gc,heap        ] GC(1081) Eden regions: 570->0(571)
[6541.126s][info][gc,heap        ] GC(1081) Survivor regions: 44->43(77)
[6541.126s][info][gc,heap        ] GC(1081) Old regions: 265->272
[6541.126s][info][gc,heap        ] GC(1081) Humongous regions: 33->33
[6541.126s][info][gc,metaspace   ] GC(1081) Metaspace: 35834K(38144K)->35834K(38144K) NonClass: 26762K(27072K)->26762K(27072K) Class: 9071K(11072K)->9071K(11072K)
[6541.126s][info][gc             ] GC(1081) Pause Young (Normal) (G1 Evacuation Pause) 7268M->2749M(8192M) 147.504ms
[6541.126s][info][gc,cpu         ] GC(1081) User=1.17s Sys=0.00s Real=0.14s
..|.[6544.452s][info][gc,start       ] GC(1082) Pause Young (Normal) (G1 Evacuation Pause)
[6544.452s][info][gc,task        ] GC(1082) Using 8 workers of 8 for evacuation
[6544.605s][info][gc,phases      ] GC(1082)   Pre Evacuate Collection Set: 0.23ms
[6544.605s][info][gc,phases      ] GC(1082)   Merge Heap Roots: 0.53ms
[6544.605s][info][gc,phases      ] GC(1082)   Evacuate Collection Set: 151.78ms
[6544.605s][info][gc,phases      ] GC(1082)   Post Evacuate Collection Set: 1.05ms
[6544.605s][info][gc,phases      ] GC(1082)   Other: 0.08ms
[6544.605s][info][gc,heap        ] GC(1082) Eden regions: 571->0(569)
[6544.605s][info][gc,heap        ] GC(1082) Survivor regions: 43->45(77)
[6544.605s][info][gc,heap        ] GC(1082) Old regions: 272->279
[6544.605s][info][gc,heap        ] GC(1082) Humongous regions: 33->33
[6544.605s][info][gc,metaspace   ] GC(1082) Metaspace: 35834K(38144K)->35834K(38144K) NonClass: 26762K(27072K)->26762K(27072K) Class: 9071K(11072K)->9071K(11072K)
[6544.606s][info][gc             ] GC(1082) Pause Young (Normal) (G1 Evacuation Pause) 7317M->2822M(8192M) 153.791ms
[6544.606s][info][gc,cpu         ] GC(1082) User=1.22s Sys=0.00s Real=0.15s
....[6547.973s][info][gc,start       ] GC(1083) Pause Young (Normal) (G1 Evacuation Pause)
[6547.973s][info][gc,task        ] GC(1083) Using 8 workers of 8 for evacuation
[6548.118s][info][gc,phases      ] GC(1083)   Pre Evacuate Collection Set: 0.25ms
[6548.118s][info][gc,phases      ] GC(1083)   Merge Heap Roots: 0.60ms
[6548.118s][info][gc,phases      ] GC(1083)   Evacuate Collection Set: 143.50ms
[6548.118s][info][gc,phases      ] GC(1083)   Post Evacuate Collection Set: 1.05ms
[6548.118s][info][gc,phases      ] GC(1083)   Other: 0.07ms
[6548.118s][info][gc,heap        ] GC(1083) Eden regions: 569->0(569)
[6548.118s][info][gc,heap        ] GC(1083) Survivor regions: 45->42(77)
[6548.118s][info][gc,heap        ] GC(1083) Old regions: 279->286
[6548.118s][info][gc,heap        ] GC(1083) Humongous regions: 33->33
[6548.118s][info][gc,metaspace   ] GC(1083) Metaspace: 35834K(38144K)->35834K(38144K) NonClass: 26762K(27072K)->26762K(27072K) Class: 9071K(11072K)->9071K(11072K)
[6548.118s][info][gc             ] GC(1083) Pause Young (Normal) (G1 Evacuation Pause) 7374M->2860M(8192M) 145.595ms
[6548.118s][info][gc,cpu         ] GC(1083) User=1.15s Sys=0.00s Real=0.15s
...[6551.537s][info][gc,start       ] GC(1084) Pause Young (Normal) (G1 Evacuation Pause)
[6551.537s][info][gc,task        ] GC(1084) Using 8 workers of 8 for evacuation
[6551.693s][info][gc,phases      ] GC(1084)   Pre Evacuate Collection Set: 0.23ms
[6551.693s][info][gc,phases      ] GC(1084)   Merge Heap Roots: 0.53ms
[6551.693s][info][gc,phases      ] GC(1084)   Evacuate Collection Set: 153.95ms
[6551.693s][info][gc,phases      ] GC(1084)   Post Evacuate Collection Set: 1.06ms
[6551.693s][info][gc,phases      ] GC(1084)   Other: 0.07ms
[6551.693s][info][gc,heap        ] GC(1084) Eden regions: 569->0(554)
[6551.693s][info][gc,heap        ] GC(1084) Survivor regions: 42->46(77)
[6551.693s][info][gc,heap        ] GC(1084) Old regions: 286->293
[6551.693s][info][gc,heap        ] GC(1084) Humongous regions: 33->33
[6551.693s][info][gc,metaspace   ] GC(1084) Metaspace: 35834K(38144K)->35834K(38144K) NonClass: 26762K(27072K)->26762K(27072K) Class: 9071K(11072K)->9071K(11072K)
[6551.693s][info][gc             ] GC(1084) Pause Young (Normal) (G1 Evacuation Pause) 7412M->2944M(8192M) 155.993ms
[6551.693s][info][gc,cpu         ] GC(1084) User=1.24s Sys=0.00s Real=0.15s
....[6554.937s][info][gc,start       ] GC(1085) Pause Young (Normal) (G1 Evacuation Pause)
[6554.937s][info][gc,task        ] GC(1085) Using 8 workers of 8 for evacuation
[6555.085s][info][gc,phases      ] GC(1085)   Pre Evacuate Collection Set: 0.24ms
[6555.085s][info][gc,phases      ] GC(1085)   Merge Heap Roots: 0.53ms
[6555.085s][info][gc,phases      ] GC(1085)   Evacuate Collection Set: 146.20ms
[6555.085s][info][gc,phases      ] GC(1085)   Post Evacuate Collection Set: 1.03ms
[6555.085s][info][gc,phases      ] GC(1085)   Other: 0.07ms
[6555.085s][info][gc,heap        ] GC(1085) Eden regions: 554->0(552)
[6555.085s][info][gc,heap        ] GC(1085) Survivor regions: 46->43(75)
[6555.085s][info][gc,heap        ] GC(1085) Old regions: 293->301
[6555.085s][info][gc,heap        ] GC(1085) Humongous regions: 33->33
[6555.085s][info][gc,metaspace   ] GC(1085) Metaspace: 35834K(38144K)->35834K(38144K) NonClass: 26762K(27072K)->26762K(27072K) Class: 9071K(11072K)->9071K(11072K)
[6555.085s][info][gc             ] GC(1085) Pause Young (Normal) (G1 Evacuation Pause) 7376M->2985M(8192M) 148.190ms
[6555.085s][info][gc,cpu         ] GC(1085) User=1.17s Sys=0.00s Real=0.15s
...[6558.317s][info][gc,start       ] GC(1086) Pause Young (Normal) (G1 Evacuation Pause)
[6558.317s][info][gc,task        ] GC(1086) Using 8 workers of 8 for evacuation
[6558.460s][info][gc,phases      ] GC(1086)   Pre Evacuate Collection Set: 0.28ms
[6558.461s][info][gc,phases      ] GC(1086)   Merge Heap Roots: 0.59ms
[6558.461s][info][gc,phases      ] GC(1086)   Evacuate Collection Set: 141.80ms
[6558.461s][info][gc,phases      ] GC(1086)   Post Evacuate Collection Set: 1.02ms
[6558.461s][info][gc,phases      ] GC(1086)   Other: 0.06ms
[6558.461s][info][gc,heap        ] GC(1086) Eden regions: 552->0(544)
[6558.461s][info][gc,heap        ] GC(1086) Survivor regions: 43->43(75)
[6558.461s][info][gc,heap        ] GC(1086) Old regions: 301->309
[6558.461s][info][gc,heap        ] GC(1086) Humongous regions: 33->33
[6558.461s][info][gc,metaspace   ] GC(1086) Metaspace: 35834K(38144K)->35834K(38144K) NonClass: 26762K(27072K)->26762K(27072K) Class: 9071K(11072K)->9071K(11072K)
[6558.461s][info][gc             ] GC(1086) Pause Young (Normal) (G1 Evacuation Pause) 7401M->3041M(8192M) 143.890ms
[6558.461s][info][gc,cpu         ] GC(1086) User=1.14s Sys=0.00s Real=0.15s
...[6561.716s][info][gc,start       ] GC(1087) Pause Young (Concurrent Start) (G1 Evacuation Pause)
[6561.716s][info][gc,task        ] GC(1087) Using 8 workers of 8 for evacuation
[6561.863s][info][gc,phases      ] GC(1087)   Pre Evacuate Collection Set: 0.26ms
[6561.863s][info][gc,phases      ] GC(1087)   Merge Heap Roots: 0.51ms
[6561.863s][info][gc,phases      ] GC(1087)   Evacuate Collection Set: 145.12ms
[6561.863s][info][gc,phases      ] GC(1087)   Post Evacuate Collection Set: 1.02ms
[6561.863s][info][gc,phases      ] GC(1087)   Other: 0.08ms
[6561.863s][info][gc,heap        ] GC(1087) Eden regions: 544->0(537)
[6561.863s][info][gc,heap        ] GC(1087) Survivor regions: 43->43(74)
[6561.863s][info][gc,heap        ] GC(1087) Old regions: 309->316
[6561.863s][info][gc,heap        ] GC(1087) Humongous regions: 33->33
[6561.863s][info][gc,metaspace   ] GC(1087) Metaspace: 35834K(38144K)->35834K(38144K) NonClass: 26762K(27072K)->26762K(27072K) Class: 9071K(11072K)->9071K(11072K)
[6561.863s][info][gc             ] GC(1087) Pause Young (Concurrent Start) (G1 Evacuation Pause) 7393M->3101M(8192M) 147.131ms
[6561.863s][info][gc             ] GC(1088) Concurrent Mark Cycle
[6561.863s][info][gc,marking     ] GC(1088) Concurrent Scan Root Regions
[6561.863s][info][gc,cpu         ] GC(1087) User=1.16s Sys=0.00s Real=0.15s
.[6562.106s][info][gc,marking     ] GC(1088) Concurrent Scan Root Regions 242.603ms
[6562.106s][info][gc,marking     ] GC(1088) Concurrent Mark
[6562.106s][info][gc,marking     ] GC(1088) Concurrent Mark From Roots
[6562.106s][info][gc,task        ] GC(1088) Using 2 workers of 2 for marking
.[6563.472s][info][gc,marking     ] GC(1088) Concurrent Mark From Roots 1366.692ms
[6563.472s][info][gc,marking     ] GC(1088) Concurrent Preclean
[6563.472s][info][gc,marking     ] GC(1088) Concurrent Preclean 0.064ms
[6563.473s][info][gc,start       ] GC(1088) Pause Remark
[6563.475s][info][gc             ] GC(1088) Pause Remark 4989M->4421M(8192M) 2.811ms
[6563.475s][info][gc,cpu         ] GC(1088) User=0.02s Sys=0.00s Real=0.00s
[6563.475s][info][gc,marking     ] GC(1088) Concurrent Mark 1369.845ms
[6563.475s][info][gc,marking     ] GC(1088) Concurrent Rebuild Remembered Sets and Scrub Regions
.[6564.242s][info][gc,marking     ] GC(1088) Concurrent Rebuild Remembered Sets and Scrub Regions 766.579ms
[6564.242s][info][gc,start       ] GC(1088) Pause Cleanup
[6564.242s][info][gc             ] GC(1088) Pause Cleanup 5403M->5403M(8192M) 0.260ms
[6564.242s][info][gc,cpu         ] GC(1088) User=0.00s Sys=0.00s Real=0.00s
[6564.242s][info][gc,marking     ] GC(1088) Concurrent Clear Claimed Marks
[6564.243s][info][gc,marking     ] GC(1088) Concurrent Clear Claimed Marks 0.041ms
[6564.243s][info][gc,marking     ] GC(1088) Concurrent Cleanup for Next Mark
[6564.254s][info][gc,marking     ] GC(1088) Concurrent Cleanup for Next Mark 11.021ms
[6564.254s][info][gc             ] GC(1088) Concurrent Mark Cycle 2390.748ms
.[6565.069s][info][gc,start       ] GC(1089) Pause Young (Prepare Mixed) (G1 Evacuation Pause)
[6565.069s][info][gc,task        ] GC(1089) Using 8 workers of 8 for evacuation
[6565.218s][info][gc,phases      ] GC(1089)   Pre Evacuate Collection Set: 0.23ms
[6565.218s][info][gc,phases      ] GC(1089)   Merge Heap Roots: 0.75ms
[6565.218s][info][gc,phases      ] GC(1089)   Evacuate Collection Set: 146.89ms
[6565.218s][info][gc,phases      ] GC(1089)   Post Evacuate Collection Set: 1.12ms
[6565.218s][info][gc,phases      ] GC(1089)   Other: 0.07ms
[6565.218s][info][gc,heap        ] GC(1089) Eden regions: 537->0(571)
[6565.218s][info][gc,heap        ] GC(1089) Survivor regions: 43->43(73)
[6565.218s][info][gc,heap        ] GC(1089) Old regions: 245->252
[6565.218s][info][gc,heap        ] GC(1089) Humongous regions: 33->33
[6565.218s][info][gc,metaspace   ] GC(1089) Metaspace: 35834K(38144K)->35834K(38144K) NonClass: 26762K(27072K)->26762K(27072K) Class: 9071K(11072K)->9071K(11072K)
[6565.218s][info][gc             ] GC(1089) Pause Young (Prepare Mixed) (G1 Evacuation Pause) 6829M->2596M(8192M) 149.169ms
[6565.218s][info][gc,cpu         ] GC(1089) User=1.18s Sys=0.00s Real=0.15s
...[6568.557s][info][gc,start       ] GC(1090) Pause Young (Mixed) (G1 Evacuation Pause)
[6568.557s][info][gc,task        ] GC(1090) Using 8 workers of 8 for evacuation
[6568.709s][info][gc,phases      ] GC(1090)   Pre Evacuate Collection Set: 0.29ms
[6568.709s][info][gc,phases      ] GC(1090)   Merge Heap Roots: 0.86ms
[6568.709s][info][gc,phases      ] GC(1090)   Evacuate Collection Set: 149.93ms
[6568.709s][info][gc,phases      ] GC(1090)   Post Evacuate Collection Set: 1.27ms
[6568.709s][info][gc,phases      ] GC(1090)   Other: 0.07ms
[6568.709s][info][gc,heap        ] GC(1090) Eden regions: 571->0(572)
[6568.709s][info][gc,heap        ] GC(1090) Survivor regions: 43->42(77)
[6568.709s][info][gc,heap        ] GC(1090) Old regions: 252->158
[6568.709s][info][gc,heap        ] GC(1090) Humongous regions: 33->33
[6568.709s][info][gc,metaspace   ] GC(1090) Metaspace: 35834K(38144K)->35834K(38144K) NonClass: 26762K(27072K)->26762K(27072K) Class: 9071K(11072K)->9071K(11072K)
[6568.710s][info][gc             ] GC(1090) Pause Young (Mixed) (G1 Evacuation Pause) 7164M->1832M(8192M) 152.606ms
[6568.710s][info][gc,cpu         ] GC(1090) User=1.21s Sys=0.00s Real=0.16s
....[6572.165s][info][gc,start       ] GC(1091) Pause Young (Mixed) (G1 Evacuation Pause)
[6572.165s][info][gc,task        ] GC(1091) Using 8 workers of 8 for evacuation
[6572.320s][info][gc,phases      ] GC(1091)   Pre Evacuate Collection Set: 0.23ms
[6572.320s][info][gc,phases      ] GC(1091)   Merge Heap Roots: 0.78ms
[6572.320s][info][gc,phases      ] GC(1091)   Evacuate Collection Set: 152.21ms
[6572.320s][info][gc,phases      ] GC(1091)   Post Evacuate Collection Set: 1.06ms
[6572.320s][info][gc,phases      ] GC(1091)   Other: 0.07ms
[6572.320s][info][gc,heap        ] GC(1091) Eden regions: 572->0(572)
[6572.320s][info][gc,heap        ] GC(1091) Survivor regions: 42->42(77)
[6572.320s][info][gc,heap        ] GC(1091) Old regions: 158->142
[6572.320s][info][gc,heap        ] GC(1091) Humongous regions: 33->33
[6572.320s][info][gc,metaspace   ] GC(1091) Metaspace: 35834K(38144K)->35834K(38144K) NonClass: 26762K(27072K)->26762K(27072K) Class: 9071K(11072K)->9071K(11072K)
[6572.320s][info][gc             ] GC(1091) Pause Young (Mixed) (G1 Evacuation Pause) 6408M->1706M(8192M) 154.471ms
[6572.320s][info][gc,cpu         ] GC(1091) User=1.23s Sys=0.00s Real=0.16s
...[6575.652s][info][gc,start       ] GC(1092) Pause Young (Normal) (G1 Evacuation Pause)
[6575.652s][info][gc,task        ] GC(1092) Using 8 workers of 8 for evacuation
[6575.799s][info][gc,phases      ] GC(1092)   Pre Evacuate Collection Set: 0.24ms
[6575.799s][info][gc,phases      ] GC(1092)   Merge Heap Roots: 0.65ms
[6575.799s][info][gc,phases      ] GC(1092)   Evacuate Collection Set: 145.08ms
[6575.799s][info][gc,phases      ] GC(1092)   Post Evacuate Collection Set: 1.06ms
[6575.799s][info][gc,phases      ] GC(1092)   Other: 0.07ms
[6575.799s][info][gc,heap        ] GC(1092) Eden regions: 572->0(571)
[6575.799s][info][gc,heap        ] GC(1092) Survivor regions: 42->43(77)
[6575.799s][info][gc,heap        ] GC(1092) Old regions: 142->149
[6575.799s][info][gc,heap        ] GC(1092) Humongous regions: 33->33
[6575.800s][info][gc,metaspace   ] GC(1092) Metaspace: 35834K(38144K)->35834K(38144K) NonClass: 26762K(27072K)->26762K(27072K) Class: 9071K(11072K)->9071K(11072K)
[6575.800s][info][gc             ] GC(1092) Pause Young (Normal) (G1 Evacuation Pause) 6282M->1772M(8192M) 147.214ms
[6575.800s][info][gc,cpu         ] GC(1092) User=1.17s Sys=0.00s Real=0.15s
....[6579.136s][info][gc,start       ] GC(1093) Pause Young (Normal) (G1 Evacuation Pause)
[6579.136s][info][gc,task        ] GC(1093) Using 8 workers of 8 for evacuation
[6579.284s][info][gc,phases      ] GC(1093)   Pre Evacuate Collection Set: 0.28ms
[6579.284s][info][gc,phases      ] GC(1093)   Merge Heap Roots: 0.55ms
[6579.284s][info][gc,phases      ] GC(1093)   Evacuate Collection Set: 146.18ms
[6579.284s][info][gc,phases      ] GC(1093)   Post Evacuate Collection Set: 1.07ms
[6579.284s][info][gc,phases      ] GC(1093)   Other: 0.06ms
[6579.284s][info][gc,heap        ] GC(1093) Eden regions: 571->0(571)
[6579.284s][info][gc,heap        ] GC(1093) Survivor regions: 43->43(77)
[6579.284s][info][gc,heap        ] GC(1093) Old regions: 149->156
[6579.284s][info][gc,heap        ] GC(1093) Humongous regions: 33->33
[6579.284s][info][gc,metaspace   ] GC(1093) Metaspace: 35834K(38144K)->35834K(38144K) NonClass: 26762K(27072K)->26762K(27072K) Class: 9071K(11072K)->9071K(11072K)
[6579.284s][info][gc             ] GC(1093) Pause Young (Normal) (G1 Evacuation Pause) 6340M->1825M(8192M) 148.280ms
[6579.284s][info][gc,cpu         ] GC(1093) User=1.18s Sys=0.00s Real=0.15s
...[6582.638s][info][gc,start       ] GC(1094) Pause Young (Normal) (G1 Evacuation Pause)
[6582.638s][info][gc,task        ] GC(1094) Using 8 workers of 8 for evacuation
[6582.788s][info][gc,phases      ] GC(1094)   Pre Evacuate Collection Set: 0.27ms
[6582.788s][info][gc,phases      ] GC(1094)   Merge Heap Roots: 0.61ms
[6582.788s][info][gc,phases      ] GC(1094)   Evacuate Collection Set: 148.72ms
[6582.788s][info][gc,phases      ] GC(1094)   Post Evacuate Collection Set: 1.07ms
[6582.788s][info][gc,phases      ] GC(1094)   Other: 0.07ms
[6582.788s][info][gc,heap        ] GC(1094) Eden regions: 571->0(571)
[6582.788s][info][gc,heap        ] GC(1094) Survivor regions: 43->43(77)
[6582.788s][info][gc,heap        ] GC(1094) Old regions: 156->164
[6582.788s][info][gc,heap        ] GC(1094) Humongous regions: 33->33
[6582.788s][info][gc,metaspace   ] GC(1094) Metaspace: 35834K(38144K)->35834K(38144K) NonClass: 26762K(27072K)->26762K(27072K) Class: 9071K(11072K)->9071K(11072K)
[6582.788s][info][gc             ] GC(1094) Pause Young (Normal) (G1 Evacuation Pause) 6393M->1885M(8192M) 150.857ms
[6582.788s][info][gc,cpu         ] GC(1094) User=1.16s Sys=0.00s Real=0.15s
....[6586.034s][info][gc,start       ] GC(1095) Pause Young (Normal) (G1 Evacuation Pause)
[6586.034s][info][gc,task        ] GC(1095) Using 8 workers of 8 for evacuation
[6586.185s][info][gc,phases      ] GC(1095)   Pre Evacuate Collection Set: 0.24ms
[6586.185s][info][gc,phases      ] GC(1095)   Merge Heap Roots: 0.52ms
[6586.185s][info][gc,phases      ] GC(1095)   Evacuate Collection Set: 149.02ms
[6586.185s][info][gc,phases      ] GC(1095)   Post Evacuate Collection Set: 1.03ms
[6586.185s][info][gc,phases      ] GC(1095)   Other: 0.06ms
[6586.185s][info][gc,heap        ] GC(1095) Eden regions: 571->0(571)
[6586.185s][info][gc,heap        ] GC(1095) Survivor regions: 43->43(77)
[6586.185s][info][gc,heap        ] GC(1095) Old regions: 164->171
[6586.185s][info][gc,heap        ] GC(1095) Humongous regions: 33->33
[6586.185s][info][gc,metaspace   ] GC(1095) Metaspace: 35834K(38144K)->35834K(38144K) NonClass: 26762K(27072K)->26762K(27072K) Class: 9071K(11072K)->9071K(11072K)
[6586.185s][info][gc             ] GC(1095) Pause Young (Normal) (G1 Evacuation Pause) 6453M->1945M(8192M) 150.997ms
[6586.185s][info][gc,cpu         ] GC(1095) User=1.19s Sys=0.00s Real=0.15s
...[6589.606s][info][gc,start       ] GC(1096) Pause Young (Normal) (G1 Evacuation Pause)
[6589.606s][info][gc,task        ] GC(1096) Using 8 workers of 8 for evacuation
[6589.757s][info][gc,phases      ] GC(1096)   Pre Evacuate Collection Set: 0.26ms
[6589.757s][info][gc,phases      ] GC(1096)   Merge Heap Roots: 0.58ms
[6589.757s][info][gc,phases      ] GC(1096)   Evacuate Collection Set: 149.20ms
[6589.757s][info][gc,phases      ] GC(1096)   Post Evacuate Collection Set: 1.03ms
[6589.757s][info][gc,phases      ] GC(1096)   Other: 0.06ms
[6589.757s][info][gc,heap        ] GC(1096) Eden regions: 571->0(570)
[6589.757s][info][gc,heap        ] GC(1096) Survivor regions: 43->44(77)
[6589.757s][info][gc,heap        ] GC(1096) Old regions: 171->178
[6589.757s][info][gc,heap        ] GC(1096) Humongous regions: 33->33
[6589.757s][info][gc,metaspace   ] GC(1096) Metaspace: 35834K(38144K)->35834K(38144K) NonClass: 26762K(27072K)->26762K(27072K) Class: 9071K(11072K)->9071K(11072K)
[6589.757s][info][gc             ] GC(1096) Pause Young (Normal) (G1 Evacuation Pause) 6513M->2005M(8192M) 151.248ms
[6589.757s][info][gc,cpu         ] GC(1096) User=1.20s Sys=0.00s Real=0.16s
....[6593.073s][info][gc,start       ] GC(1097) Pause Young (Normal) (G1 Evacuation Pause)
[6593.073s][info][gc,task        ] GC(1097) Using 8 workers of 8 for evacuation
[6593.219s][info][gc,phases      ] GC(1097)   Pre Evacuate Collection Set: 0.24ms
[6593.219s][info][gc,phases      ] GC(1097)   Merge Heap Roots: 0.52ms
[6593.219s][info][gc,phases      ] GC(1097)   Evacuate Collection Set: 144.36ms
[6593.219s][info][gc,phases      ] GC(1097)   Post Evacuate Collection Set: 1.06ms
[6593.219s][info][gc,phases      ] GC(1097)   Other: 0.06ms
[6593.219s][info][gc,heap        ] GC(1097) Eden regions: 570->0(570)
[6593.219s][info][gc,heap        ] GC(1097) Survivor regions: 44->44(77)
[6593.219s][info][gc,heap        ] GC(1097) Old regions: 178->185
[6593.219s][info][gc,heap        ] GC(1097) Humongous regions: 33->33
[6593.219s][info][gc,metaspace   ] GC(1097) Metaspace: 35834K(38144K)->35834K(38144K) NonClass: 26762K(27072K)->26762K(27072K) Class: 9071K(11072K)->9071K(11072K)
[6593.219s][info][gc             ] GC(1097) Pause Young (Normal) (G1 Evacuation Pause) 6565M->2062M(8192M) 146.391ms
[6593.219s][info][gc,cpu         ] GC(1097) User=1.16s Sys=0.00s Real=0.15s
...[6596.679s][info][gc,start       ] GC(1098) Pause Young (Normal) (G1 Evacuation Pause)
[6596.679s][info][gc,task        ] GC(1098) Using 8 workers of 8 for evacuation
[6596.830s][info][gc,phases      ] GC(1098)   Pre Evacuate Collection Set: 0.24ms
[6596.830s][info][gc,phases      ] GC(1098)   Merge Heap Roots: 0.52ms
[6596.830s][info][gc,phases      ] GC(1098)   Evacuate Collection Set: 149.09ms
[6596.830s][info][gc,phases      ] GC(1098)   Post Evacuate Collection Set: 1.05ms
[6596.830s][info][gc,phases      ] GC(1098)   Other: 0.08ms
[6596.830s][info][gc,heap        ] GC(1098) Eden regions: 570->0(570)
[6596.830s][info][gc,heap        ] GC(1098) Survivor regions: 44->44(77)
[6596.830s][info][gc,heap        ] GC(1098) Old regions: 185->192
[6596.830s][info][gc,heap        ] GC(1098) Humongous regions: 33->33
[6596.830s][info][gc,metaspace   ] GC(1098) Metaspace: 35834K(38144K)->35834K(38144K) NonClass: 26762K(27072K)->26762K(27072K) Class: 9071K(11072K)->9071K(11072K)
[6596.830s][info][gc             ] GC(1098) Pause Young (Normal) (G1 Evacuation Pause) 6622M->2120M(8192M) 151.099ms
[6596.830s][info][gc,cpu         ] GC(1098) User=1.19s Sys=0.00s Real=0.15s
....[6600.222s][info][gc,start       ] GC(1099) Pause Young (Normal) (G1 Evacuation Pause)
[6600.222s][info][gc,task        ] GC(1099) Using 8 workers of 8 for evacuation
[6600.372s][info][gc,phases      ] GC(1099)   Pre Evacuate Collection Set: 0.22ms
[6600.372s][info][gc,phases      ] GC(1099)   Merge Heap Roots: 0.66ms
[6600.372s][info][gc,phases      ] GC(1099)   Evacuate Collection Set: 147.68ms
[6600.372s][info][gc,phases      ] GC(1099)   Post Evacuate Collection Set: 1.07ms
[6600.372s][info][gc,phases      ] GC(1099)   Other: 0.06ms
[6600.372s][info][gc,heap        ] GC(1099) Eden regions: 570->0(570)
[6600.372s][info][gc,heap        ] GC(1099) Survivor regions: 44->44(77)
[6600.372s][info][gc,heap        ] GC(1099) Old regions: 192->200
[6600.372s][info][gc,heap        ] GC(1099) Humongous regions: 33->33
[6600.372s][info][gc,metaspace   ] GC(1099) Metaspace: 35834K(38144K)->35834K(38144K) NonClass: 26762K(27072K)->26762K(27072K) Class: 9071K(11072K)->9071K(11072K)
[6600.372s][info][gc             ] GC(1099) Pause Young (Normal) (G1 Evacuation Pause) 6680M->2177M(8192M) 149.812ms
[6600.372s][info][gc,cpu         ] GC(1099) User=1.19s Sys=0.00s Real=0.15s
... (rIR:aIR:PR = 10931:10949:10945) (tPR = 160991) [OK] 
  6602s: Performance info:
         Transaction,    Success,    Partial,     Failed,   Receipts, AvgBarcode, 
             Overall,     658242,          0,          0,     625081,      59.48, 
         Response times:
             Request,    Success,    Partial,     Failed,   SkipFail,     Probes,    Samples,      min,      p50,      p90,      p95,      p99,      max, 
       TotalPurchase,     625241,          0,          0,          0,     355516,     409826,      300,     8600,    62000,   106000,   194000,  2700000,
     InStorePurchase,     329250,          0,          0,          0,     186832,     215236,      300,     8600,    63000,   108000,   194000,  2700000,
      OnlinePurchase,     229028,          0,          0,          0,     130629,     150840,      300,     8600,    60000,   104000,   194000,  2400000,
        InstPurchase,      66963,          0,          0,          0,      38055,      43750,      400,     8600,    60000,   104000,   196000,  2400000,
          AssocOfCat,        657,          0,          0,          0,        551,        704,    33000,    61000,   120000,   174750,   252950,   317000,
      AssocOfProduct,       6685,          0,          0,          0,       3850,       4647,      500,     8300,    59200,   101600,   188560,   690000,
      BusinessReport,       1638,          0,          0,          0,       1440,       1791,    28000,    68000,   131000,   187800,   270080,   370000,
          CustBuyBeh,       6580,          0,          0,          0,       3901,       4651,      200,     8500,    61000,   102000,   192000,   640000,
       ProductReturn,      17693,          0,          0,          0,       9735,      11422,      200,     8400,    65000,   109000,   194000,   860000,

  6602s: (80%)   IR =  11070 [6603.614s][info][gc,start       ] GC(1100) Pause Young (Normal) (G1 Evacuation Pause)
[6603.614s][info][gc,task        ] GC(1100) Using 8 workers of 8 for evacuation
[6603.765s][info][gc,phases      ] GC(1100)   Pre Evacuate Collection Set: 0.24ms
[6603.765s][info][gc,phases      ] GC(1100)   Merge Heap Roots: 0.53ms
[6603.765s][info][gc,phases      ] GC(1100)   Evacuate Collection Set: 149.67ms
[6603.765s][info][gc,phases      ] GC(1100)   Post Evacuate Collection Set: 1.09ms
[6603.765s][info][gc,phases      ] GC(1100)   Other: 0.06ms
[6603.765s][info][gc,heap        ] GC(1100) Eden regions: 570->0(570)
[6603.765s][info][gc,heap        ] GC(1100) Survivor regions: 44->44(77)
[6603.765s][info][gc,heap        ] GC(1100) Old regions: 200->207
[6603.765s][info][gc,heap        ] GC(1100) Humongous regions: 33->33
[6603.765s][info][gc,metaspace   ] GC(1100) Metaspace: 35834K(38144K)->35834K(38144K) NonClass: 26762K(27072K)->26762K(27072K) Class: 9071K(11072K)->9071K(11072K)
[6603.765s][info][gc             ] GC(1100) Pause Young (Normal) (G1 Evacuation Pause) 6737M->2238M(8192M) 151.714ms
[6603.765s][info][gc,cpu         ] GC(1100) User=1.20s Sys=0.00s Real=0.15s
...[6607.061s][info][gc,start       ] GC(1101) Pause Young (Normal) (G1 Evacuation Pause)
[6607.061s][info][gc,task        ] GC(1101) Using 8 workers of 8 for evacuation
[6607.207s][info][gc,phases      ] GC(1101)   Pre Evacuate Collection Set: 0.27ms
[6607.207s][info][gc,phases      ] GC(1101)   Merge Heap Roots: 0.54ms
[6607.207s][info][gc,phases      ] GC(1101)   Evacuate Collection Set: 144.36ms
[6607.207s][info][gc,phases      ] GC(1101)   Post Evacuate Collection Set: 1.06ms
[6607.207s][info][gc,phases      ] GC(1101)   Other: 0.07ms
[6607.207s][info][gc,heap        ] GC(1101) Eden regions: 570->0(571)
[6607.207s][info][gc,heap        ] GC(1101) Survivor regions: 44->43(77)
[6607.207s][info][gc,heap        ] GC(1101) Old regions: 207->214
[6607.207s][info][gc,heap        ] GC(1101) Humongous regions: 33->33
[6607.207s][info][gc,metaspace   ] GC(1101) Metaspace: 35834K(38144K)->35834K(38144K) NonClass: 26762K(27072K)->26762K(27072K) Class: 9071K(11072K)->9071K(11072K)
[6607.207s][info][gc             ] GC(1101) Pause Young (Normal) (G1 Evacuation Pause) 6798M->2284M(8192M) 146.430ms
[6607.207s][info][gc,cpu         ] GC(1101) User=1.16s Sys=0.00s Real=0.15s
....[6610.617s][info][gc,start       ] GC(1102) Pause Young (Normal) (G1 Evacuation Pause)
[6610.618s][info][gc,task        ] GC(1102) Using 8 workers of 8 for evacuation
[6610.766s][info][gc,phases      ] GC(1102)   Pre Evacuate Collection Set: 0.27ms
[6610.766s][info][gc,phases      ] GC(1102)   Merge Heap Roots: 0.55ms
[6610.766s][info][gc,phases      ] GC(1102)   Evacuate Collection Set: 146.24ms
[6610.766s][info][gc,phases      ] GC(1102)   Post Evacuate Collection Set: 1.07ms
[6610.766s][info][gc,phases      ] GC(1102)   Other: 0.06ms
[6610.766s][info][gc,heap        ] GC(1102) Eden regions: 571->0(571)
[6610.766s][info][gc,heap        ] GC(1102) Survivor regions: 43->43(77)
[6610.766s][info][gc,heap        ] GC(1102) Old regions: 214->221
[6610.766s][info][gc,heap        ] GC(1102) Humongous regions: 33->33
[6610.766s][info][gc,metaspace   ] GC(1102) Metaspace: 35834K(38144K)->35834K(38144K) NonClass: 26762K(27072K)->26762K(27072K) Class: 9071K(11072K)->9071K(11072K)
[6610.766s][info][gc             ] GC(1102) Pause Young (Normal) (G1 Evacuation Pause) 6852M->2344M(8192M) 148.319ms
[6610.766s][info][gc,cpu         ] GC(1102) User=1.17s Sys=0.00s Real=0.14s
...[6613.995s][info][gc,start       ] GC(1103) Pause Young (Normal) (G1 Evacuation Pause)
[6613.995s][info][gc,task        ] GC(1103) Using 8 workers of 8 for evacuation
[6614.144s][info][gc,phases      ] GC(1103)   Pre Evacuate Collection Set: 0.23ms
[6614.144s][info][gc,phases      ] GC(1103)   Merge Heap Roots: 0.53ms
[6614.144s][info][gc,phases      ] GC(1103)   Evacuate Collection Set: 146.91ms
[6614.144s][info][gc,phases      ] GC(1103)   Post Evacuate Collection Set: 1.03ms
[6614.144s][info][gc,phases      ] GC(1103)   Other: 0.07ms
[6614.144s][info][gc,heap        ] GC(1103) Eden regions: 571->0(571)
[6614.144s][info][gc,heap        ] GC(1103) Survivor regions: 43->43(77)
[6614.144s][info][gc,heap        ] GC(1103) Old regions: 221->228
[6614.144s][info][gc,heap        ] GC(1103) Humongous regions: 33->33
[6614.144s][info][gc,metaspace   ] GC(1103) Metaspace: 35835K(38144K)->35835K(38144K) NonClass: 26763K(27072K)->26763K(27072K) Class: 9071K(11072K)->9071K(11072K)
[6614.144s][info][gc             ] GC(1103) Pause Young (Normal) (G1 Evacuation Pause) 6912M->2398M(8192M) 148.895ms
[6614.144s][info][gc,cpu         ] GC(1103) User=1.18s Sys=0.00s Real=0.15s
....|[6617.509s][info][gc,start       ] GC(1104) Pause Young (Normal) (G1 Evacuation Pause)
[6617.509s][info][gc,task        ] GC(1104) Using 8 workers of 8 for evacuation
[6617.657s][info][gc,phases      ] GC(1104)   Pre Evacuate Collection Set: 0.27ms
[6617.657s][info][gc,phases      ] GC(1104)   Merge Heap Roots: 0.52ms
[6617.657s][info][gc,phases      ] GC(1104)   Evacuate Collection Set: 145.97ms
[6617.657s][info][gc,phases      ] GC(1104)   Post Evacuate Collection Set: 1.08ms
[6617.657s][info][gc,phases      ] GC(1104)   Other: 0.08ms
[6617.657s][info][gc,heap        ] GC(1104) Eden regions: 571->0(571)
[6617.657s][info][gc,heap        ] GC(1104) Survivor regions: 43->43(77)
[6617.657s][info][gc,heap        ] GC(1104) Old regions: 228->235
[6617.657s][info][gc,heap        ] GC(1104) Humongous regions: 33->33
[6617.657s][info][gc,metaspace   ] GC(1104) Metaspace: 35835K(38144K)->35835K(38144K) NonClass: 26763K(27072K)->26763K(27072K) Class: 9071K(11072K)->9071K(11072K)
[6617.657s][info][gc             ] GC(1104) Pause Young (Normal) (G1 Evacuation Pause) 6966M->2452M(8192M) 148.050ms
[6617.657s][info][gc,cpu         ] GC(1104) User=1.17s Sys=0.00s Real=0.15s
...[6620.960s][info][gc,start       ] GC(1105) Pause Young (Normal) (G1 Evacuation Pause)
[6620.960s][info][gc,task        ] GC(1105) Using 8 workers of 8 for evacuation
[6621.109s][info][gc,phases      ] GC(1105)   Pre Evacuate Collection Set: 0.22ms
[6621.109s][info][gc,phases      ] GC(1105)   Merge Heap Roots: 0.54ms
[6621.109s][info][gc,phases      ] GC(1105)   Evacuate Collection Set: 146.93ms
[6621.109s][info][gc,phases      ] GC(1105)   Post Evacuate Collection Set: 1.06ms
[6621.109s][info][gc,phases      ] GC(1105)   Other: 0.06ms
[6621.109s][info][gc,heap        ] GC(1105) Eden regions: 571->0(571)
[6621.109s][info][gc,heap        ] GC(1105) Survivor regions: 43->43(77)
[6621.109s][info][gc,heap        ] GC(1105) Old regions: 235->242
[6621.109s][info][gc,heap        ] GC(1105) Humongous regions: 33->33
[6621.109s][info][gc,metaspace   ] GC(1105) Metaspace: 35835K(38144K)->35835K(38144K) NonClass: 26763K(27072K)->26763K(27072K) Class: 9071K(11072K)->9071K(11072K)
[6621.109s][info][gc             ] GC(1105) Pause Young (Normal) (G1 Evacuation Pause) 7020M->2513M(8192M) 148.931ms
[6621.109s][info][gc,cpu         ] GC(1105) User=1.18s Sys=0.00s Real=0.15s
....[6624.517s][info][gc,start       ] GC(1106) Pause Young (Normal) (G1 Evacuation Pause)
[6624.517s][info][gc,task        ] GC(1106) Using 8 workers of 8 for evacuation
[6624.668s][info][gc,phases      ] GC(1106)   Pre Evacuate Collection Set: 0.24ms
[6624.668s][info][gc,phases      ] GC(1106)   Merge Heap Roots: 0.52ms
[6624.668s][info][gc,phases      ] GC(1106)   Evacuate Collection Set: 149.61ms
[6624.668s][info][gc,phases      ] GC(1106)   Post Evacuate Collection Set: 1.05ms
[6624.668s][info][gc,phases      ] GC(1106)   Other: 0.06ms
[6624.668s][info][gc,heap        ] GC(1106) Eden regions: 571->0(570)
[6624.668s][info][gc,heap        ] GC(1106) Survivor regions: 43->44(77)
[6624.668s][info][gc,heap        ] GC(1106) Old regions: 242->249
[6624.668s][info][gc,heap        ] GC(1106) Humongous regions: 33->33
[6624.668s][info][gc,metaspace   ] GC(1106) Metaspace: 35835K(38144K)->35835K(38144K) NonClass: 26763K(27072K)->26763K(27072K) Class: 9071K(11072K)->9071K(11072K)
[6624.668s][info][gc             ] GC(1106) Pause Young (Normal) (G1 Evacuation Pause) 7081M->2577M(8192M) 151.622ms
[6624.668s][info][gc,cpu         ] GC(1106) User=1.20s Sys=0.00s Real=0.16s
...[6627.930s][info][gc,start       ] GC(1107) Pause Young (Normal) (G1 Evacuation Pause)
[6627.930s][info][gc,task        ] GC(1107) Using 8 workers of 8 for evacuation
[6628.080s][info][gc,phases      ] GC(1107)   Pre Evacuate Collection Set: 0.23ms
[6628.080s][info][gc,phases      ] GC(1107)   Merge Heap Roots: 0.60ms
[6628.080s][info][gc,phases      ] GC(1107)   Evacuate Collection Set: 148.56ms
[6628.080s][info][gc,phases      ] GC(1107)   Post Evacuate Collection Set: 1.03ms
[6628.080s][info][gc,phases      ] GC(1107)   Other: 0.06ms
[6628.080s][info][gc,heap        ] GC(1107) Eden regions: 570->0(570)
[6628.080s][info][gc,heap        ] GC(1107) Survivor regions: 44->44(77)
[6628.080s][info][gc,heap        ] GC(1107) Old regions: 249->256
[6628.080s][info][gc,heap        ] GC(1107) Humongous regions: 33->33
[6628.080s][info][gc,metaspace   ] GC(1107) Metaspace: 35835K(38144K)->35835K(38144K) NonClass: 26763K(27072K)->26763K(27072K) Class: 9071K(11072K)->9071K(11072K)
[6628.080s][info][gc             ] GC(1107) Pause Young (Normal) (G1 Evacuation Pause) 7137M->2636M(8192M) 150.612ms
[6628.080s][info][gc,cpu         ] GC(1107) User=1.19s Sys=0.00s Real=0.15s
....[6631.298s][info][gc,start       ] GC(1108) Pause Young (Normal) (G1 Evacuation Pause)
[6631.298s][info][gc,task        ] GC(1108) Using 8 workers of 8 for evacuation
[6631.445s][info][gc,phases      ] GC(1108)   Pre Evacuate Collection Set: 0.26ms
[6631.445s][info][gc,phases      ] GC(1108)   Merge Heap Roots: 0.53ms
[6631.445s][info][gc,phases      ] GC(1108)   Evacuate Collection Set: 145.24ms
[6631.445s][info][gc,phases      ] GC(1108)   Post Evacuate Collection Set: 1.04ms
[6631.445s][info][gc,phases      ] GC(1108)   Other: 0.07ms
[6631.445s][info][gc,heap        ] GC(1108) Eden regions: 570->0(571)
[6631.445s][info][gc,heap        ] GC(1108) Survivor regions: 44->43(77)
[6631.445s][info][gc,heap        ] GC(1108) Old regions: 256->264
[6631.445s][info][gc,heap        ] GC(1108) Humongous regions: 33->33
[6631.445s][info][gc,metaspace   ] GC(1108) Metaspace: 35835K(38144K)->35835K(38144K) NonClass: 26763K(27072K)->26763K(27072K) Class: 9071K(11072K)->9071K(11072K)
[6631.445s][info][gc             ] GC(1108) Pause Young (Normal) (G1 Evacuation Pause) 7196M->2681M(8192M) 147.276ms
[6631.445s][info][gc,cpu         ] GC(1108) User=1.16s Sys=0.01s Real=0.14s
...[6634.778s][info][gc,start       ] GC(1109) Pause Young (Normal) (G1 Evacuation Pause)
[6634.778s][info][gc,task        ] GC(1109) Using 8 workers of 8 for evacuation
[6634.931s][info][gc,phases      ] GC(1109)   Pre Evacuate Collection Set: 0.22ms
[6634.931s][info][gc,phases      ] GC(1109)   Merge Heap Roots: 0.54ms
[6634.931s][info][gc,phases      ] GC(1109)   Evacuate Collection Set: 151.25ms
[6634.931s][info][gc,phases      ] GC(1109)   Post Evacuate Collection Set: 1.04ms
[6634.931s][info][gc,phases      ] GC(1109)   Other: 0.06ms
[6634.932s][info][gc,heap        ] GC(1109) Eden regions: 571->0(570)
[6634.932s][info][gc,heap        ] GC(1109) Survivor regions: 43->44(77)
[6634.932s][info][gc,heap        ] GC(1109) Old regions: 264->271
[6634.932s][info][gc,heap        ] GC(1109) Humongous regions: 33->33
[6634.932s][info][gc,metaspace   ] GC(1109) Metaspace: 35835K(38144K)->35835K(38144K) NonClass: 26763K(27072K)->26763K(27072K) Class: 9071K(11072K)->9071K(11072K)
[6634.932s][info][gc             ] GC(1109) Pause Young (Normal) (G1 Evacuation Pause) 7249M->2753M(8192M) 153.236ms
[6634.932s][info][gc,cpu         ] GC(1109) User=1.22s Sys=0.00s Real=0.15s
...[6638.179s][info][gc,start       ] GC(1110) Pause Young (Normal) (G1 Evacuation Pause)
[6638.179s][info][gc,task        ] GC(1110) Using 8 workers of 8 for evacuation
[6638.325s][info][gc,phases      ] GC(1110)   Pre Evacuate Collection Set: 0.23ms
[6638.325s][info][gc,phases      ] GC(1110)   Merge Heap Roots: 0.54ms
[6638.325s][info][gc,phases      ] GC(1110)   Evacuate Collection Set: 143.98ms
[6638.325s][info][gc,phases      ] GC(1110)   Post Evacuate Collection Set: 1.02ms
[6638.325s][info][gc,phases      ] GC(1110)   Other: 0.06ms
[6638.325s][info][gc,heap        ] GC(1110) Eden regions: 570->0(570)
[6638.325s][info][gc,heap        ] GC(1110) Survivor regions: 44->44(77)
[6638.325s][info][gc,heap        ] GC(1110) Old regions: 271->278
[6638.325s][info][gc,heap        ] GC(1110) Humongous regions: 33->33
[6638.325s][info][gc,metaspace   ] GC(1110) Metaspace: 35835K(38144K)->35835K(38144K) NonClass: 26763K(27072K)->26763K(27072K) Class: 9071K(11072K)->9071K(11072K)
[6638.325s][info][gc             ] GC(1110) Pause Young (Normal) (G1 Evacuation Pause) 7313M->2806M(8192M) 145.966ms
[6638.325s][info][gc,cpu         ] GC(1110) User=1.16s Sys=0.00s Real=0.14s
....[6641.623s][info][gc,start       ] GC(1111) Pause Young (Normal) (G1 Evacuation Pause)
[6641.623s][info][gc,task        ] GC(1111) Using 8 workers of 8 for evacuation
[6641.775s][info][gc,phases      ] GC(1111)   Pre Evacuate Collection Set: 0.23ms
[6641.775s][info][gc,phases      ] GC(1111)   Merge Heap Roots: 0.54ms
[6641.775s][info][gc,phases      ] GC(1111)   Evacuate Collection Set: 149.29ms
[6641.775s][info][gc,phases      ] GC(1111)   Post Evacuate Collection Set: 1.04ms
[6641.775s][info][gc,phases      ] GC(1111)   Other: 0.06ms
[6641.775s][info][gc,heap        ] GC(1111) Eden regions: 570->0(566)
[6641.775s][info][gc,heap        ] GC(1111) Survivor regions: 44->44(77)
[6641.775s][info][gc,heap        ] GC(1111) Old regions: 278->285
[6641.775s][info][gc,heap        ] GC(1111) Humongous regions: 33->33
[6641.775s][info][gc,metaspace   ] GC(1111) Metaspace: 35835K(38144K)->35835K(38144K) NonClass: 26763K(27072K)->26763K(27072K) Class: 9071K(11072K)->9071K(11072K)
[6641.775s][info][gc             ] GC(1111) Pause Young (Normal) (G1 Evacuation Pause) 7366M->2868M(8192M) 151.278ms
[6641.775s][info][gc,cpu         ] GC(1111) User=1.19s Sys=0.01s Real=0.15s
...[6645.100s][info][gc,start       ] GC(1112) Pause Young (Normal) (G1 Evacuation Pause)
[6645.100s][info][gc,task        ] GC(1112) Using 8 workers of 8 for evacuation
[6645.245s][info][gc,phases      ] GC(1112)   Pre Evacuate Collection Set: 0.23ms
[6645.245s][info][gc,phases      ] GC(1112)   Merge Heap Roots: 0.53ms
[6645.245s][info][gc,phases      ] GC(1112)   Evacuate Collection Set: 143.25ms
[6645.245s][info][gc,phases      ] GC(1112)   Post Evacuate Collection Set: 1.04ms
[6645.245s][info][gc,phases      ] GC(1112)   Other: 0.08ms
[6645.245s][info][gc,heap        ] GC(1112) Eden regions: 566->0(562)
[6645.245s][info][gc,heap        ] GC(1112) Survivor regions: 44->42(77)
[6645.245s][info][gc,heap        ] GC(1112) Old regions: 285->293
[6645.245s][info][gc,heap        ] GC(1112) Humongous regions: 33->33
[6645.245s][info][gc,metaspace   ] GC(1112) Metaspace: 35835K(38144K)->35835K(38144K) NonClass: 26763K(27072K)->26763K(27072K) Class: 9071K(11072K)->9071K(11072K)
[6645.245s][info][gc             ] GC(1112) Pause Young (Normal) (G1 Evacuation Pause) 7396M->2909M(8192M) 145.248ms
[6645.245s][info][gc,cpu         ] GC(1112) User=1.15s Sys=0.00s Real=0.14s
....[6648.540s][info][gc,start       ] GC(1113) Pause Young (Normal) (G1 Evacuation Pause)
[6648.540s][info][gc,task        ] GC(1113) Using 8 workers of 8 for evacuation
[6648.689s][info][gc,phases      ] GC(1113)   Pre Evacuate Collection Set: 0.26ms
[6648.689s][info][gc,phases      ] GC(1113)   Merge Heap Roots: 0.54ms
[6648.689s][info][gc,phases      ] GC(1113)   Evacuate Collection Set: 147.07ms
[6648.689s][info][gc,phases      ] GC(1113)   Post Evacuate Collection Set: 1.04ms
[6648.689s][info][gc,phases      ] GC(1113)   Other: 0.06ms
[6648.689s][info][gc,heap        ] GC(1113) Eden regions: 562->0(553)
[6648.689s][info][gc,heap        ] GC(1113) Survivor regions: 42->43(76)
[6648.689s][info][gc,heap        ] GC(1113) Old regions: 293->300
[6648.689s][info][gc,heap        ] GC(1113) Humongous regions: 33->33
[6648.689s][info][gc,metaspace   ] GC(1113) Metaspace: 35835K(38144K)->35835K(38144K) NonClass: 26763K(27072K)->26763K(27072K) Class: 9071K(11072K)->9071K(11072K)
[6648.689s][info][gc             ] GC(1113) Pause Young (Normal) (G1 Evacuation Pause) 7405M->2977M(8192M) 149.112ms
[6648.689s][info][gc,cpu         ] GC(1113) User=1.18s Sys=0.00s Real=0.15s
...[6651.860s][info][gc,start       ] GC(1114) Pause Young (Normal) (G1 Evacuation Pause)
[6651.860s][info][gc,task        ] GC(1114) Using 8 workers of 8 for evacuation
[6652.017s][info][gc,phases      ] GC(1114)   Pre Evacuate Collection Set: 0.21ms
[6652.017s][info][gc,phases      ] GC(1114)   Merge Heap Roots: 0.53ms
[6652.017s][info][gc,phases      ] GC(1114)   Evacuate Collection Set: 155.01ms
[6652.017s][info][gc,phases      ] GC(1114)   Post Evacuate Collection Set: 1.05ms
[6652.017s][info][gc,phases      ] GC(1114)   Other: 0.06ms
[6652.017s][info][gc,heap        ] GC(1114) Eden regions: 553->0(539)
[6652.017s][info][gc,heap        ] GC(1114) Survivor regions: 43->46(75)
[6652.017s][info][gc,heap        ] GC(1114) Old regions: 300->308
[6652.017s][info][gc,heap        ] GC(1114) Humongous regions: 33->33
[6652.017s][info][gc,metaspace   ] GC(1114) Metaspace: 35835K(38144K)->35835K(38144K) NonClass: 26763K(27072K)->26763K(27072K) Class: 9071K(11072K)->9071K(11072K)
[6652.017s][info][gc             ] GC(1114) Pause Young (Normal) (G1 Evacuation Pause) 7401M->3058M(8192M) 156.984ms
[6652.017s][info][gc,cpu         ] GC(1114) User=1.24s Sys=0.00s Real=0.16s
...[6655.311s][info][gc,start       ] GC(1115) Pause Young (Concurrent Start) (G1 Evacuation Pause)
[6655.311s][info][gc,task        ] GC(1115) Using 8 workers of 8 for evacuation
[6655.454s][info][gc,phases      ] GC(1115)   Pre Evacuate Collection Set: 0.28ms
[6655.454s][info][gc,phases      ] GC(1115)   Merge Heap Roots: 0.52ms
[6655.454s][info][gc,phases      ] GC(1115)   Evacuate Collection Set: 141.12ms
[6655.454s][info][gc,phases      ] GC(1115)   Post Evacuate Collection Set: 1.02ms
[6655.454s][info][gc,phases      ] GC(1115)   Other: 0.08ms
[6655.454s][info][gc,heap        ] GC(1115) Eden regions: 539->0(540)
[6655.454s][info][gc,heap        ] GC(1115) Survivor regions: 46->42(74)
[6655.454s][info][gc,heap        ] GC(1115) Old regions: 308->315
[6655.454s][info][gc,heap        ] GC(1115) Humongous regions: 33->33
[6655.454s][info][gc,metaspace   ] GC(1115) Metaspace: 35835K(38144K)->35835K(38144K) NonClass: 26763K(27072K)->26763K(27072K) Class: 9071K(11072K)->9071K(11072K)
[6655.454s][info][gc             ] GC(1115) Pause Young (Concurrent Start) (G1 Evacuation Pause) 7370M->3088M(8192M) 143.158ms
[6655.454s][info][gc             ] GC(1116) Concurrent Mark Cycle
[6655.454s][info][gc,marking     ] GC(1116) Concurrent Scan Root Regions
[6655.454s][info][gc,cpu         ] GC(1115) User=1.14s Sys=0.00s Real=0.14s
.[6655.709s][info][gc,marking     ] GC(1116) Concurrent Scan Root Regions 255.239ms
[6655.709s][info][gc,marking     ] GC(1116) Concurrent Mark
[6655.709s][info][gc,marking     ] GC(1116) Concurrent Mark From Roots
[6655.709s][info][gc,task        ] GC(1116) Using 2 workers of 2 for marking
.[6656.944s][info][gc,marking     ] GC(1116) Concurrent Mark From Roots 1235.283ms
[6656.944s][info][gc,marking     ] GC(1116) Concurrent Preclean
[6656.945s][info][gc,marking     ] GC(1116) Concurrent Preclean 0.071ms
[6656.945s][info][gc,start       ] GC(1116) Pause Remark
[6656.947s][info][gc             ] GC(1116) Pause Remark 4752M->4192M(8192M) 2.317ms
[6656.947s][info][gc,cpu         ] GC(1116) User=0.01s Sys=0.00s Real=0.01s
[6656.947s][info][gc,marking     ] GC(1116) Concurrent Mark 1237.958ms
[6656.947s][info][gc,marking     ] GC(1116) Concurrent Rebuild Remembered Sets and Scrub Regions
.[6657.632s][info][gc,marking     ] GC(1116) Concurrent Rebuild Remembered Sets and Scrub Regions 684.642ms
[6657.632s][info][gc,start       ] GC(1116) Pause Cleanup
[6657.632s][info][gc             ] GC(1116) Pause Cleanup 5140M->5140M(8192M) 0.261ms
[6657.632s][info][gc,cpu         ] GC(1116) User=0.00s Sys=0.00s Real=0.00s
[6657.632s][info][gc,marking     ] GC(1116) Concurrent Clear Claimed Marks
[6657.632s][info][gc,marking     ] GC(1116) Concurrent Clear Claimed Marks 0.039ms
[6657.632s][info][gc,marking     ] GC(1116) Concurrent Cleanup for Next Mark
[6657.643s][info][gc,marking     ] GC(1116) Concurrent Cleanup for Next Mark 10.256ms
[6657.643s][info][gc             ] GC(1116) Concurrent Mark Cycle 2188.811ms
.[6658.728s][info][gc,start       ] GC(1117) Pause Young (Prepare Mixed) (G1 Evacuation Pause)
[6658.728s][info][gc,task        ] GC(1117) Using 8 workers of 8 for evacuation
[6658.881s][info][gc,phases      ] GC(1117)   Pre Evacuate Collection Set: 0.24ms
[6658.881s][info][gc,phases      ] GC(1117)   Merge Heap Roots: 0.71ms
[6658.881s][info][gc,phases      ] GC(1117)   Evacuate Collection Set: 150.29ms
[6658.881s][info][gc,phases      ] GC(1117)   Post Evacuate Collection Set: 1.15ms
[6658.881s][info][gc,phases      ] GC(1117)   Other: 0.07ms
[6658.881s][info][gc,heap        ] GC(1117) Eden regions: 540->0(571)
[6658.881s][info][gc,heap        ] GC(1117) Survivor regions: 42->43(73)
[6658.881s][info][gc,heap        ] GC(1117) Old regions: 245->253
[6658.881s][info][gc,heap        ] GC(1117) Humongous regions: 33->33
[6658.881s][info][gc,metaspace   ] GC(1117) Metaspace: 35835K(38144K)->35835K(38144K) NonClass: 26763K(27072K)->26763K(27072K) Class: 9071K(11072K)->9071K(11072K)
[6658.881s][info][gc             ] GC(1117) Pause Young (Prepare Mixed) (G1 Evacuation Pause) 6848M->2601M(8192M) 152.590ms
[6658.881s][info][gc,cpu         ] GC(1117) User=1.20s Sys=0.00s Real=0.15s
...[6662.135s][info][gc,start       ] GC(1118) Pause Young (Mixed) (G1 Evacuation Pause)
[6662.135s][info][gc,task        ] GC(1118) Using 8 workers of 8 for evacuation
[6662.289s][info][gc,phases      ] GC(1118)   Pre Evacuate Collection Set: 0.26ms
[6662.289s][info][gc,phases      ] GC(1118)   Merge Heap Roots: 0.85ms
[6662.289s][info][gc,phases      ] GC(1118)   Evacuate Collection Set: 152.23ms
[6662.289s][info][gc,phases      ] GC(1118)   Post Evacuate Collection Set: 1.27ms
[6662.289s][info][gc,phases      ] GC(1118)   Other: 0.07ms
[6662.289s][info][gc,heap        ] GC(1118) Eden regions: 571->0(572)
[6662.289s][info][gc,heap        ] GC(1118) Survivor regions: 43->42(77)
[6662.289s][info][gc,heap        ] GC(1118) Old regions: 253->158
[6662.289s][info][gc,heap        ] GC(1118) Humongous regions: 33->33
[6662.289s][info][gc,metaspace   ] GC(1118) Metaspace: 35835K(38144K)->35835K(38144K) NonClass: 26763K(27072K)->26763K(27072K) Class: 9071K(11072K)->9071K(11072K)
[6662.289s][info][gc             ] GC(1118) Pause Young (Mixed) (G1 Evacuation Pause) 7169M->1836M(8192M) 154.814ms
[6662.289s][info][gc,cpu         ] GC(1118) User=1.22s Sys=0.00s Real=0.16s
....[6665.604s][info][gc,start       ] GC(1119) Pause Young (Mixed) (G1 Evacuation Pause)
[6665.604s][info][gc,task        ] GC(1119) Using 8 workers of 8 for evacuation
[6665.762s][info][gc,phases      ] GC(1119)   Pre Evacuate Collection Set: 0.25ms
[6665.762s][info][gc,phases      ] GC(1119)   Merge Heap Roots: 0.77ms
[6665.762s][info][gc,phases      ] GC(1119)   Evacuate Collection Set: 156.20ms
[6665.762s][info][gc,phases      ] GC(1119)   Post Evacuate Collection Set: 1.08ms
[6665.762s][info][gc,phases      ] GC(1119)   Other: 0.08ms
[6665.762s][info][gc,heap        ] GC(1119) Eden regions: 572->0(570)
[6665.762s][info][gc,heap        ] GC(1119) Survivor regions: 42->44(77)
[6665.762s][info][gc,heap        ] GC(1119) Old regions: 158->142
[6665.762s][info][gc,heap        ] GC(1119) Humongous regions: 33->33
[6665.762s][info][gc,metaspace   ] GC(1119) Metaspace: 35835K(38144K)->35835K(38144K) NonClass: 26763K(27072K)->26763K(27072K) Class: 9071K(11072K)->9071K(11072K)
[6665.762s][info][gc             ] GC(1119) Pause Young (Mixed) (G1 Evacuation Pause) 6412M->1724M(8192M) 158.508ms
[6665.762s][info][gc,cpu         ] GC(1119) User=1.26s Sys=0.00s Real=0.16s
...[6669.040s][info][gc,start       ] GC(1120) Pause Young (Normal) (G1 Evacuation Pause)
[6669.040s][info][gc,task        ] GC(1120) Using 8 workers of 8 for evacuation
[6669.189s][info][gc,phases      ] GC(1120)   Pre Evacuate Collection Set: 0.24ms
[6669.189s][info][gc,phases      ] GC(1120)   Merge Heap Roots: 0.54ms
[6669.189s][info][gc,phases      ] GC(1120)   Evacuate Collection Set: 147.17ms
[6669.189s][info][gc,phases      ] GC(1120)   Post Evacuate Collection Set: 1.08ms
[6669.189s][info][gc,phases      ] GC(1120)   Other: 0.06ms
[6669.189s][info][gc,heap        ] GC(1120) Eden regions: 570->0(571)
[6669.189s][info][gc,heap        ] GC(1120) Survivor regions: 44->43(77)
[6669.189s][info][gc,heap        ] GC(1120) Old regions: 142->150
[6669.189s][info][gc,heap        ] GC(1120) Humongous regions: 33->33
[6669.189s][info][gc,metaspace   ] GC(1120) Metaspace: 35835K(38144K)->35835K(38144K) NonClass: 26763K(27072K)->26763K(27072K) Class: 9071K(11072K)->9071K(11072K)
[6669.189s][info][gc             ] GC(1120) Pause Young (Normal) (G1 Evacuation Pause) 6284M->1773M(8192M) 149.209ms
[6669.189s][info][gc,cpu         ] GC(1120) User=1.18s Sys=0.00s Real=0.15s
....[6672.622s][info][gc,start       ] GC(1121) Pause Young (Normal) (G1 Evacuation Pause)
[6672.622s][info][gc,task        ] GC(1121) Using 8 workers of 8 for evacuation
[6672.773s][info][gc,phases      ] GC(1121)   Pre Evacuate Collection Set: 0.25ms
[6672.773s][info][gc,phases      ] GC(1121)   Merge Heap Roots: 0.55ms
[6672.773s][info][gc,phases      ] GC(1121)   Evacuate Collection Set: 148.41ms
[6672.773s][info][gc,phases      ] GC(1121)   Post Evacuate Collection Set: 1.08ms
[6672.773s][info][gc,phases      ] GC(1121)   Other: 0.06ms
[6672.773s][info][gc,heap        ] GC(1121) Eden regions: 571->0(570)
[6672.773s][info][gc,heap        ] GC(1121) Survivor regions: 43->44(77)
[6672.773s][info][gc,heap        ] GC(1121) Old regions: 150->157
[6672.773s][info][gc,heap        ] GC(1121) Humongous regions: 33->33
[6672.773s][info][gc,metaspace   ] GC(1121) Metaspace: 35835K(38144K)->35835K(38144K) NonClass: 26763K(27072K)->26763K(27072K) Class: 9071K(11072K)->9071K(11072K)
[6672.773s][info][gc             ] GC(1121) Pause Young (Normal) (G1 Evacuation Pause) 6341M->1834M(8192M) 150.471ms
[6672.773s][info][gc,cpu         ] GC(1121) User=1.19s Sys=0.00s Real=0.15s
...[6676.089s][info][gc,start       ] GC(1122) Pause Young (Normal) (G1 Evacuation Pause)
[6676.089s][info][gc,task        ] GC(1122) Using 8 workers of 8 for evacuation
[6676.238s][info][gc,phases      ] GC(1122)   Pre Evacuate Collection Set: 0.21ms
[6676.238s][info][gc,phases      ] GC(1122)   Merge Heap Roots: 0.52ms
[6676.238s][info][gc,phases      ] GC(1122)   Evacuate Collection Set: 146.95ms
[6676.238s][info][gc,phases      ] GC(1122)   Post Evacuate Collection Set: 1.05ms
[6676.238s][info][gc,phases      ] GC(1122)   Other: 0.06ms
[6676.238s][info][gc,heap        ] GC(1122) Eden regions: 570->0(571)
[6676.238s][info][gc,heap        ] GC(1122) Survivor regions: 44->43(77)
[6676.238s][info][gc,heap        ] GC(1122) Old regions: 157->164
[6676.238s][info][gc,heap        ] GC(1122) Humongous regions: 33->33
[6676.238s][info][gc,metaspace   ] GC(1122) Metaspace: 35835K(38144K)->35835K(38144K) NonClass: 26763K(27072K)->26763K(27072K) Class: 9071K(11072K)->9071K(11072K)
[6676.238s][info][gc             ] GC(1122) Pause Young (Normal) (G1 Evacuation Pause) 6394M->1889M(8192M) 148.922ms
[6676.238s][info][gc,cpu         ] GC(1122) User=1.18s Sys=0.00s Real=0.15s
.. (rIR:aIR:PR = 11070:11056:11057) (tPR = 163763) [OK] 
  6677s: Performance info:
         Transaction,    Success,    Partial,     Failed,   Receipts, AvgBarcode, 
             Overall,     666462,          0,          0,     633406,      59.48, 
         Response times:
             Request,    Success,    Partial,     Failed,   SkipFail,     Probes,    Samples,      min,      p50,      p90,      p95,      p99,      max, 
       TotalPurchase,     633351,          0,          0,          0,     357851,     449105,      300,     9300,    66000,   102000,   200000,  1900000,
     InStorePurchase,     334167,          0,          0,          0,     187935,     235511,      300,     9300,    65000,   102000,   198000,  1900000,
      OnlinePurchase,     232297,          0,          0,          0,     132212,     166093,      300,     9300,    67000,   103000,   198000,  1900000,
        InstPurchase,      66887,          0,          0,          0,      37704,      47501,      400,     8900,    66000,   102000,   210000,  1900000,
          AssocOfCat,        667,          0,          0,          0,        557,        797,    30000,    60000,   109200,   161800,   306000,  1500000,
      AssocOfProduct,       6527,          0,          0,          0,       3978,       5231,      600,    10000,    70000,   105000,   177000,   840000,
      BusinessReport,       1673,          0,          0,          0,       1498,       2016,    28000,    69000,   143000,   195150,   296320,   560000,
          CustBuyBeh,       6523,          0,          0,          0,       3933,       5221,      200,     8900,    64000,    97000,   186780,   840000,
       ProductReturn,      17660,          0,          0,          0,       9877,      12696,      200,     9600,    64000,    98000,   205030,  1200000,

  6677s: (81%)   IR =  11208 .[6679.478s][info][gc,start       ] GC(1123) Pause Young (Normal) (G1 Evacuation Pause)
[6679.478s][info][gc,task        ] GC(1123) Using 8 workers of 8 for evacuation
[6679.627s][info][gc,phases      ] GC(1123)   Pre Evacuate Collection Set: 0.26ms
[6679.627s][info][gc,phases      ] GC(1123)   Merge Heap Roots: 0.54ms
[6679.627s][info][gc,phases      ] GC(1123)   Evacuate Collection Set: 147.07ms
[6679.627s][info][gc,phases      ] GC(1123)   Post Evacuate Collection Set: 1.06ms
[6679.627s][info][gc,phases      ] GC(1123)   Other: 0.07ms
[6679.627s][info][gc,heap        ] GC(1123) Eden regions: 571->0(572)
[6679.627s][info][gc,heap        ] GC(1123) Survivor regions: 43->42(77)
[6679.627s][info][gc,heap        ] GC(1123) Old regions: 164->171
[6679.627s][info][gc,heap        ] GC(1123) Humongous regions: 33->33
[6679.627s][info][gc,metaspace   ] GC(1123) Metaspace: 35835K(38144K)->35835K(38144K) NonClass: 26763K(27072K)->26763K(27072K) Class: 9071K(11072K)->9071K(11072K)
[6679.627s][info][gc             ] GC(1123) Pause Young (Normal) (G1 Evacuation Pause) 6457M->1938M(8192M) 149.126ms
[6679.627s][info][gc,cpu         ] GC(1123) User=1.18s Sys=0.00s Real=0.15s
....[6682.885s][info][gc,start       ] GC(1124) Pause Young (Normal) (G1 Evacuation Pause)
[6682.885s][info][gc,task        ] GC(1124) Using 8 workers of 8 for evacuation
[6683.035s][info][gc,phases      ] GC(1124)   Pre Evacuate Collection Set: 0.24ms
[6683.035s][info][gc,phases      ] GC(1124)   Merge Heap Roots: 0.54ms
[6683.035s][info][gc,phases      ] GC(1124)   Evacuate Collection Set: 147.44ms
[6683.035s][info][gc,phases      ] GC(1124)   Post Evacuate Collection Set: 1.02ms
[6683.035s][info][gc,phases      ] GC(1124)   Other: 0.06ms
[6683.035s][info][gc,heap        ] GC(1124) Eden regions: 572->0(571)
[6683.035s][info][gc,heap        ] GC(1124) Survivor regions: 42->43(77)
[6683.035s][info][gc,heap        ] GC(1124) Old regions: 171->178
[6683.035s][info][gc,heap        ] GC(1124) Humongous regions: 33->33
[6683.035s][info][gc,metaspace   ] GC(1124) Metaspace: 35835K(38144K)->35835K(38144K) NonClass: 26763K(27072K)->26763K(27072K) Class: 9071K(11072K)->9071K(11072K)
[6683.035s][info][gc             ] GC(1124) Pause Young (Normal) (G1 Evacuation Pause) 6514M->2002M(8192M) 149.426ms
[6683.035s][info][gc,cpu         ] GC(1124) User=1.18s Sys=0.00s Real=0.15s
...[6686.281s][info][gc,start       ] GC(1125) Pause Young (Normal) (G1 Evacuation Pause)
[6686.281s][info][gc,task        ] GC(1125) Using 8 workers of 8 for evacuation
[6686.431s][info][gc,phases      ] GC(1125)   Pre Evacuate Collection Set: 0.22ms
[6686.431s][info][gc,phases      ] GC(1125)   Merge Heap Roots: 0.54ms
[6686.431s][info][gc,phases      ] GC(1125)   Evacuate Collection Set: 147.49ms
[6686.431s][info][gc,phases      ] GC(1125)   Post Evacuate Collection Set: 1.02ms
[6686.431s][info][gc,phases      ] GC(1125)   Other: 0.07ms
[6686.431s][info][gc,heap        ] GC(1125) Eden regions: 571->0(571)
[6686.431s][info][gc,heap        ] GC(1125) Survivor regions: 43->43(77)
[6686.431s][info][gc,heap        ] GC(1125) Old regions: 178->185
[6686.431s][info][gc,heap        ] GC(1125) Humongous regions: 33->33
[6686.431s][info][gc,metaspace   ] GC(1125) Metaspace: 35835K(38144K)->35835K(38144K) NonClass: 26763K(27072K)->26763K(27072K) Class: 9071K(11072K)->9071K(11072K)
[6686.431s][info][gc             ] GC(1125) Pause Young (Normal) (G1 Evacuation Pause) 6570M->2057M(8192M) 149.469ms
[6686.431s][info][gc,cpu         ] GC(1125) User=1.18s Sys=0.00s Real=0.15s
...|.[6689.787s][info][gc,start       ] GC(1126) Pause Young (Normal) (G1 Evacuation Pause)
[6689.787s][info][gc,task        ] GC(1126) Using 8 workers of 8 for evacuation
[6689.939s][info][gc,phases      ] GC(1126)   Pre Evacuate Collection Set: 0.27ms
[6689.939s][info][gc,phases      ] GC(1126)   Merge Heap Roots: 0.54ms
[6689.939s][info][gc,phases      ] GC(1126)   Evacuate Collection Set: 150.15ms
[6689.939s][info][gc,phases      ] GC(1126)   Post Evacuate Collection Set: 1.08ms
[6689.939s][info][gc,phases      ] GC(1126)   Other: 0.07ms
[6689.939s][info][gc,heap        ] GC(1126) Eden regions: 571->0(569)
[6689.939s][info][gc,heap        ] GC(1126) Survivor regions: 43->45(77)
[6689.939s][info][gc,heap        ] GC(1126) Old regions: 185->192
[6689.939s][info][gc,heap        ] GC(1126) Humongous regions: 33->33
[6689.939s][info][gc,metaspace   ] GC(1126) Metaspace: 35835K(38144K)->35835K(38144K) NonClass: 26763K(27072K)->26763K(27072K) Class: 9071K(11072K)->9071K(11072K)
[6689.939s][info][gc             ] GC(1126) Pause Young (Normal) (G1 Evacuation Pause) 6625M->2126M(8192M) 152.247ms
[6689.939s][info][gc,cpu         ] GC(1126) User=1.21s Sys=0.00s Real=0.16s
...[6693.205s][info][gc,start       ] GC(1127) Pause Young (Normal) (G1 Evacuation Pause)
[6693.205s][info][gc,task        ] GC(1127) Using 8 workers of 8 for evacuation
[6693.354s][info][gc,phases      ] GC(1127)   Pre Evacuate Collection Set: 0.23ms
[6693.354s][info][gc,phases      ] GC(1127)   Merge Heap Roots: 0.54ms
[6693.354s][info][gc,phases      ] GC(1127)   Evacuate Collection Set: 146.87ms
[6693.354s][info][gc,phases      ] GC(1127)   Post Evacuate Collection Set: 1.06ms
[6693.354s][info][gc,phases      ] GC(1127)   Other: 0.06ms
[6693.354s][info][gc,heap        ] GC(1127) Eden regions: 569->0(570)
[6693.354s][info][gc,heap        ] GC(1127) Survivor regions: 45->44(77)
[6693.354s][info][gc,heap        ] GC(1127) Old regions: 192->199
[6693.354s][info][gc,heap        ] GC(1127) Humongous regions: 33->33
[6693.354s][info][gc,metaspace   ] GC(1127) Metaspace: 35835K(38144K)->35835K(38144K) NonClass: 26763K(27072K)->26763K(27072K) Class: 9071K(11072K)->9071K(11072K)
[6693.354s][info][gc             ] GC(1127) Pause Young (Normal) (G1 Evacuation Pause) 6678M->2175M(8192M) 148.884ms
[6693.354s][info][gc,cpu         ] GC(1127) User=1.18s Sys=0.00s Real=0.15s
...[6696.614s][info][gc,start       ] GC(1128) Pause Young (Normal) (G1 Evacuation Pause)
[6696.614s][info][gc,task        ] GC(1128) Using 8 workers of 8 for evacuation
[6696.763s][info][gc,phases      ] GC(1128)   Pre Evacuate Collection Set: 0.23ms
[6696.763s][info][gc,phases      ] GC(1128)   Merge Heap Roots: 0.54ms
[6696.763s][info][gc,phases      ] GC(1128)   Evacuate Collection Set: 146.93ms
[6696.763s][info][gc,phases      ] GC(1128)   Post Evacuate Collection Set: 1.05ms
[6696.763s][info][gc,phases      ] GC(1128)   Other: 0.06ms
[6696.763s][info][gc,heap        ] GC(1128) Eden regions: 570->0(570)
[6696.763s][info][gc,heap        ] GC(1128) Survivor regions: 44->44(77)
[6696.763s][info][gc,heap        ] GC(1128) Old regions: 199->207
[6696.763s][info][gc,heap        ] GC(1128) Humongous regions: 33->33
[6696.763s][info][gc,metaspace   ] GC(1128) Metaspace: 35835K(38144K)->35835K(38144K) NonClass: 26763K(27072K)->26763K(27072K) Class: 9071K(11072K)->9071K(11072K)
[6696.763s][info][gc             ] GC(1128) Pause Young (Normal) (G1 Evacuation Pause) 6735M->2233M(8192M) 148.964ms
[6696.763s][info][gc,cpu         ] GC(1128) User=1.18s Sys=0.00s Real=0.15s
....[6700.135s][info][gc,start       ] GC(1129) Pause Young (Normal) (G1 Evacuation Pause)
[6700.135s][info][gc,task        ] GC(1129) Using 8 workers of 8 for evacuation
[6700.284s][info][gc,phases      ] GC(1129)   Pre Evacuate Collection Set: 0.22ms
[6700.284s][info][gc,phases      ] GC(1129)   Merge Heap Roots: 0.53ms
[6700.284s][info][gc,phases      ] GC(1129)   Evacuate Collection Set: 146.56ms
[6700.284s][info][gc,phases      ] GC(1129)   Post Evacuate Collection Set: 1.05ms
[6700.284s][info][gc,phases      ] GC(1129)   Other: 0.06ms
[6700.284s][info][gc,heap        ] GC(1129) Eden regions: 570->0(572)
[6700.284s][info][gc,heap        ] GC(1129) Survivor regions: 44->42(77)
[6700.284s][info][gc,heap        ] GC(1129) Old regions: 207->214
[6700.284s][info][gc,heap        ] GC(1129) Humongous regions: 33->33
[6700.284s][info][gc,metaspace   ] GC(1129) Metaspace: 35835K(38144K)->35835K(38144K) NonClass: 26763K(27072K)->26763K(27072K) Class: 9071K(11072K)->9071K(11072K)
[6700.284s][info][gc             ] GC(1129) Pause Young (Normal) (G1 Evacuation Pause) 6793M->2274M(8192M) 148.555ms
[6700.284s][info][gc,cpu         ] GC(1129) User=1.17s Sys=0.01s Real=0.15s
...[6703.739s][info][gc,start       ] GC(1130) Pause Young (Normal) (G1 Evacuation Pause)
[6703.739s][info][gc,task        ] GC(1130) Using 8 workers of 8 for evacuation
[6703.889s][info][gc,phases      ] GC(1130)   Pre Evacuate Collection Set: 0.26ms
[6703.889s][info][gc,phases      ] GC(1130)   Merge Heap Roots: 0.54ms
[6703.889s][info][gc,phases      ] GC(1130)   Evacuate Collection Set: 148.17ms
[6703.889s][info][gc,phases      ] GC(1130)   Post Evacuate Collection Set: 1.05ms
[6703.889s][info][gc,phases      ] GC(1130)   Other: 0.07ms
[6703.889s][info][gc,heap        ] GC(1130) Eden regions: 572->0(570)
[6703.889s][info][gc,heap        ] GC(1130) Survivor regions: 42->44(77)
[6703.889s][info][gc,heap        ] GC(1130) Old regions: 214->221
[6703.889s][info][gc,heap        ] GC(1130) Humongous regions: 33->33
[6703.889s][info][gc,metaspace   ] GC(1130) Metaspace: 35835K(38144K)->35835K(38144K) NonClass: 26763K(27072K)->26763K(27072K) Class: 9071K(11072K)->9071K(11072K)
[6703.889s][info][gc             ] GC(1130) Pause Young (Normal) (G1 Evacuation Pause) 6850M->2352M(8192M) 150.223ms
[6703.889s][info][gc,cpu         ] GC(1130) User=1.19s Sys=0.00s Real=0.15s
....[6707.242s][info][gc,start       ] GC(1131) Pause Young (Normal) (G1 Evacuation Pause)
[6707.242s][info][gc,task        ] GC(1131) Using 8 workers of 8 for evacuation
[6707.391s][info][gc,phases      ] GC(1131)   Pre Evacuate Collection Set: 0.22ms
[6707.391s][info][gc,phases      ] GC(1131)   Merge Heap Roots: 0.54ms
[6707.391s][info][gc,phases      ] GC(1131)   Evacuate Collection Set: 147.53ms
[6707.391s][info][gc,phases      ] GC(1131)   Post Evacuate Collection Set: 1.08ms
[6707.391s][info][gc,phases      ] GC(1131)   Other: 0.06ms
[6707.391s][info][gc,heap        ] GC(1131) Eden regions: 570->0(571)
[6707.391s][info][gc,heap        ] GC(1131) Survivor regions: 44->43(77)
[6707.391s][info][gc,heap        ] GC(1131) Old regions: 221->228
[6707.391s][info][gc,heap        ] GC(1131) Humongous regions: 33->33
[6707.391s][info][gc,metaspace   ] GC(1131) Metaspace: 35835K(38144K)->35835K(38144K) NonClass: 26763K(27072K)->26763K(27072K) Class: 9071K(11072K)->9071K(11072K)
[6707.391s][info][gc             ] GC(1131) Pause Young (Normal) (G1 Evacuation Pause) 6912M->2404M(8192M) 149.560ms
[6707.391s][info][gc,cpu         ] GC(1131) User=1.19s Sys=0.00s Real=0.15s
...[6710.688s][info][gc,start       ] GC(1132) Pause Young (Normal) (G1 Evacuation Pause)
[6710.688s][info][gc,task        ] GC(1132) Using 8 workers of 8 for evacuation
[6710.841s][info][gc,phases      ] GC(1132)   Pre Evacuate Collection Set: 0.24ms
[6710.841s][info][gc,phases      ] GC(1132)   Merge Heap Roots: 0.54ms
[6710.841s][info][gc,phases      ] GC(1132)   Evacuate Collection Set: 150.87ms
[6710.841s][info][gc,phases      ] GC(1132)   Post Evacuate Collection Set: 1.03ms
[6710.841s][info][gc,phases      ] GC(1132)   Other: 0.07ms
[6710.841s][info][gc,heap        ] GC(1132) Eden regions: 571->0(570)
[6710.841s][info][gc,heap        ] GC(1132) Survivor regions: 43->44(77)
[6710.841s][info][gc,heap        ] GC(1132) Old regions: 228->236
[6710.841s][info][gc,heap        ] GC(1132) Humongous regions: 33->33
[6710.841s][info][gc,metaspace   ] GC(1132) Metaspace: 35835K(38144K)->35835K(38144K) NonClass: 26763K(27072K)->26763K(27072K) Class: 9071K(11072K)->9071K(11072K)
[6710.841s][info][gc             ] GC(1132) Pause Young (Normal) (G1 Evacuation Pause) 6972M->2470M(8192M) 152.894ms
[6710.841s][info][gc,cpu         ] GC(1132) User=1.21s Sys=0.00s Real=0.15s
....[6714.060s][info][gc,start       ] GC(1133) Pause Young (Normal) (G1 Evacuation Pause)
[6714.060s][info][gc,task        ] GC(1133) Using 8 workers of 8 for evacuation
[6714.211s][info][gc,phases      ] GC(1133)   Pre Evacuate Collection Set: 0.26ms
[6714.211s][info][gc,phases      ] GC(1133)   Merge Heap Roots: 0.53ms
[6714.211s][info][gc,phases      ] GC(1133)   Evacuate Collection Set: 149.57ms
[6714.211s][info][gc,phases      ] GC(1133)   Post Evacuate Collection Set: 1.08ms
[6714.211s][info][gc,phases      ] GC(1133)   Other: 0.07ms
[6714.211s][info][gc,heap        ] GC(1133) Eden regions: 570->0(570)
[6714.211s][info][gc,heap        ] GC(1133) Survivor regions: 44->44(77)
[6714.211s][info][gc,heap        ] GC(1133) Old regions: 236->243
[6714.211s][info][gc,heap        ] GC(1133) Humongous regions: 33->33
[6714.211s][info][gc,metaspace   ] GC(1133) Metaspace: 35835K(38144K)->35835K(38144K) NonClass: 26763K(27072K)->26763K(27072K) Class: 9071K(11072K)->9071K(11072K)
[6714.211s][info][gc             ] GC(1133) Pause Young (Normal) (G1 Evacuation Pause) 7030M->2528M(8192M) 151.632ms
[6714.211s][info][gc,cpu         ] GC(1133) User=1.20s Sys=0.00s Real=0.15s
...[6717.512s][info][gc,start       ] GC(1134) Pause Young (Normal) (G1 Evacuation Pause)
[6717.512s][info][gc,task        ] GC(1134) Using 8 workers of 8 for evacuation
[6717.661s][info][gc,phases      ] GC(1134)   Pre Evacuate Collection Set: 0.23ms
[6717.661s][info][gc,phases      ] GC(1134)   Merge Heap Roots: 0.53ms
[6717.661s][info][gc,phases      ] GC(1134)   Evacuate Collection Set: 147.56ms
[6717.661s][info][gc,phases      ] GC(1134)   Post Evacuate Collection Set: 1.06ms
[6717.661s][info][gc,phases      ] GC(1134)   Other: 0.06ms
[6717.661s][info][gc,heap        ] GC(1134) Eden regions: 570->0(571)
[6717.661s][info][gc,heap        ] GC(1134) Survivor regions: 44->43(77)
[6717.661s][info][gc,heap        ] GC(1134) Old regions: 243->250
[6717.661s][info][gc,heap        ] GC(1134) Humongous regions: 33->33
[6717.661s][info][gc,metaspace   ] GC(1134) Metaspace: 35835K(38144K)->35835K(38144K) NonClass: 26763K(27072K)->26763K(27072K) Class: 9071K(11072K)->9071K(11072K)
[6717.661s][info][gc             ] GC(1134) Pause Young (Normal) (G1 Evacuation Pause) 7088M->2577M(8192M) 149.559ms
[6717.661s][info][gc,cpu         ] GC(1134) User=1.18s Sys=0.00s Real=0.15s
....[6720.967s][info][gc,start       ] GC(1135) Pause Young (Normal) (G1 Evacuation Pause)
[6720.967s][info][gc,task        ] GC(1135) Using 8 workers of 8 for evacuation
[6721.116s][info][gc,phases      ] GC(1135)   Pre Evacuate Collection Set: 0.24ms
[6721.116s][info][gc,phases      ] GC(1135)   Merge Heap Roots: 0.54ms
[6721.116s][info][gc,phases      ] GC(1135)   Evacuate Collection Set: 146.95ms
[6721.116s][info][gc,phases      ] GC(1135)   Post Evacuate Collection Set: 1.06ms
[6721.116s][info][gc,phases      ] GC(1135)   Other: 0.06ms
[6721.116s][info][gc,heap        ] GC(1135) Eden regions: 571->0(571)
[6721.116s][info][gc,heap        ] GC(1135) Survivor regions: 43->43(77)
[6721.116s][info][gc,heap        ] GC(1135) Old regions: 250->257
[6721.116s][info][gc,heap        ] GC(1135) Humongous regions: 33->33
[6721.116s][info][gc,metaspace   ] GC(1135) Metaspace: 35835K(38144K)->35835K(38144K) NonClass: 26763K(27072K)->26763K(27072K) Class: 9071K(11072K)->9071K(11072K)
[6721.116s][info][gc             ] GC(1135) Pause Young (Normal) (G1 Evacuation Pause) 7145M->2633M(8192M) 148.981ms
[6721.116s][info][gc,cpu         ] GC(1135) User=1.18s Sys=0.00s Real=0.15s
...[6724.359s][info][gc,start       ] GC(1136) Pause Young (Normal) (G1 Evacuation Pause)
[6724.360s][info][gc,task        ] GC(1136) Using 8 workers of 8 for evacuation
[6724.505s][info][gc,phases      ] GC(1136)   Pre Evacuate Collection Set: 0.23ms
[6724.505s][info][gc,phases      ] GC(1136)   Merge Heap Roots: 0.54ms
[6724.505s][info][gc,phases      ] GC(1136)   Evacuate Collection Set: 143.85ms
[6724.505s][info][gc,phases      ] GC(1136)   Post Evacuate Collection Set: 1.09ms
[6724.505s][info][gc,phases      ] GC(1136)   Other: 0.07ms
[6724.505s][info][gc,heap        ] GC(1136) Eden regions: 571->0(571)
[6724.505s][info][gc,heap        ] GC(1136) Survivor regions: 43->43(77)
[6724.505s][info][gc,heap        ] GC(1136) Old regions: 257->264
[6724.505s][info][gc,heap        ] GC(1136) Humongous regions: 33->33
[6724.505s][info][gc,metaspace   ] GC(1136) Metaspace: 35835K(38144K)->35835K(38144K) NonClass: 26763K(27072K)->26763K(27072K) Class: 9071K(11072K)->9071K(11072K)
[6724.505s][info][gc             ] GC(1136) Pause Young (Normal) (G1 Evacuation Pause) 7201M->2690M(8192M) 145.916ms
[6724.505s][info][gc,cpu         ] GC(1136) User=1.15s Sys=0.00s Real=0.14s
...[6727.746s][info][gc,start       ] GC(1137) Pause Young (Normal) (G1 Evacuation Pause)
[6727.747s][info][gc,task        ] GC(1137) Using 8 workers of 8 for evacuation
[6727.900s][info][gc,phases      ] GC(1137)   Pre Evacuate Collection Set: 0.23ms
[6727.900s][info][gc,phases      ] GC(1137)   Merge Heap Roots: 0.54ms
[6727.900s][info][gc,phases      ] GC(1137)   Evacuate Collection Set: 151.28ms
[6727.900s][info][gc,phases      ] GC(1137)   Post Evacuate Collection Set: 1.05ms
[6727.900s][info][gc,phases      ] GC(1137)   Other: 0.06ms
[6727.900s][info][gc,heap        ] GC(1137) Eden regions: 571->0(569)
[6727.900s][info][gc,heap        ] GC(1137) Survivor regions: 43->45(77)
[6727.900s][info][gc,heap        ] GC(1137) Old regions: 264->271
[6727.900s][info][gc,heap        ] GC(1137) Humongous regions: 33->33
[6727.900s][info][gc,metaspace   ] GC(1137) Metaspace: 35835K(38144K)->35835K(38144K) NonClass: 26763K(27072K)->26763K(27072K) Class: 9071K(11072K)->9071K(11072K)
[6727.900s][info][gc             ] GC(1137) Pause Young (Normal) (G1 Evacuation Pause) 7258M->2760M(8192M) 153.291ms
[6727.900s][info][gc,cpu         ] GC(1137) User=1.21s Sys=0.00s Real=0.16s
....[6731.142s][info][gc,start       ] GC(1138) Pause Young (Normal) (G1 Evacuation Pause)
[6731.142s][info][gc,task        ] GC(1138) Using 8 workers of 8 for evacuation
[6731.289s][info][gc,phases      ] GC(1138)   Pre Evacuate Collection Set: 0.24ms
[6731.289s][info][gc,phases      ] GC(1138)   Merge Heap Roots: 0.55ms
[6731.289s][info][gc,phases      ] GC(1138)   Evacuate Collection Set: 144.20ms
[6731.289s][info][gc,phases      ] GC(1138)   Post Evacuate Collection Set: 1.08ms
[6731.289s][info][gc,phases      ] GC(1138)   Other: 0.06ms
[6731.289s][info][gc,heap        ] GC(1138) Eden regions: 569->0(571)
[6731.289s][info][gc,heap        ] GC(1138) Survivor regions: 45->43(77)
[6731.289s][info][gc,heap        ] GC(1138) Old regions: 271->278
[6731.289s][info][gc,heap        ] GC(1138) Humongous regions: 33->33
[6731.289s][info][gc,metaspace   ] GC(1138) Metaspace: 35835K(38144K)->35835K(38144K) NonClass: 26763K(27072K)->26763K(27072K) Class: 9071K(11072K)->9071K(11072K)
[6731.289s][info][gc             ] GC(1138) Pause Young (Normal) (G1 Evacuation Pause) 7312M->2800M(8192M) 146.259ms
[6731.289s][info][gc,cpu         ] GC(1138) User=1.16s Sys=0.00s Real=0.15s
...[6734.620s][info][gc,start       ] GC(1139) Pause Young (Normal) (G1 Evacuation Pause)
[6734.620s][info][gc,task        ] GC(1139) Using 8 workers of 8 for evacuation
[6734.777s][info][gc,phases      ] GC(1139)   Pre Evacuate Collection Set: 0.24ms
[6734.777s][info][gc,phases      ] GC(1139)   Merge Heap Roots: 0.55ms
[6734.777s][info][gc,phases      ] GC(1139)   Evacuate Collection Set: 155.00ms
[6734.777s][info][gc,phases      ] GC(1139)   Post Evacuate Collection Set: 1.05ms
[6734.777s][info][gc,phases      ] GC(1139)   Other: 0.06ms
[6734.777s][info][gc,heap        ] GC(1139) Eden regions: 571->0(563)
[6734.777s][info][gc,heap        ] GC(1139) Survivor regions: 43->45(77)
[6734.777s][info][gc,heap        ] GC(1139) Old regions: 278->286
[6734.777s][info][gc,heap        ] GC(1139) Humongous regions: 33->33
[6734.777s][info][gc,metaspace   ] GC(1139) Metaspace: 35835K(38144K)->35835K(38144K) NonClass: 26763K(27072K)->26763K(27072K) Class: 9071K(11072K)->9071K(11072K)
[6734.777s][info][gc             ] GC(1139) Pause Young (Normal) (G1 Evacuation Pause) 7368M->2874M(8192M) 157.018ms
[6734.777s][info][gc,cpu         ] GC(1139) User=1.24s Sys=0.00s Real=0.15s
....[6738.035s][info][gc,start       ] GC(1140) Pause Young (Normal) (G1 Evacuation Pause)
[6738.035s][info][gc,task        ] GC(1140) Using 8 workers of 8 for evacuation
[6738.180s][info][gc,phases      ] GC(1140)   Pre Evacuate Collection Set: 0.24ms
[6738.180s][info][gc,phases      ] GC(1140)   Merge Heap Roots: 0.55ms
[6738.180s][info][gc,phases      ] GC(1140)   Evacuate Collection Set: 142.77ms
[6738.180s][info][gc,phases      ] GC(1140)   Post Evacuate Collection Set: 1.03ms
[6738.180s][info][gc,phases      ] GC(1140)   Other: 0.07ms
[6738.180s][info][gc,heap        ] GC(1140) Eden regions: 563->0(562)
[6738.180s][info][gc,heap        ] GC(1140) Survivor regions: 45->42(76)
[6738.180s][info][gc,heap        ] GC(1140) Old regions: 286->293
[6738.180s][info][gc,heap        ] GC(1140) Humongous regions: 33->33
[6738.180s][info][gc,metaspace   ] GC(1140) Metaspace: 35835K(38144K)->35835K(38144K) NonClass: 26763K(27072K)->26763K(27072K) Class: 9071K(11072K)->9071K(11072K)
[6738.180s][info][gc             ] GC(1140) Pause Young (Normal) (G1 Evacuation Pause) 7378M->2912M(8192M) 144.787ms
[6738.180s][info][gc,cpu         ] GC(1140) User=1.14s Sys=0.00s Real=0.15s
...[6741.403s][info][gc,start       ] GC(1141) Pause Young (Normal) (G1 Evacuation Pause)
[6741.403s][info][gc,task        ] GC(1141) Using 8 workers of 8 for evacuation
[6741.555s][info][gc,phases      ] GC(1141)   Pre Evacuate Collection Set: 0.23ms
[6741.555s][info][gc,phases      ] GC(1141)   Merge Heap Roots: 0.56ms
[6741.555s][info][gc,phases      ] GC(1141)   Evacuate Collection Set: 150.71ms
[6741.555s][info][gc,phases      ] GC(1141)   Post Evacuate Collection Set: 1.02ms
[6741.555s][info][gc,phases      ] GC(1141)   Other: 0.06ms
[6741.555s][info][gc,heap        ] GC(1141) Eden regions: 562->0(549)
[6741.555s][info][gc,heap        ] GC(1141) Survivor regions: 42->45(76)
[6741.555s][info][gc,heap        ] GC(1141) Old regions: 293->300
[6741.555s][info][gc,heap        ] GC(1141) Humongous regions: 33->33
[6741.555s][info][gc,metaspace   ] GC(1141) Metaspace: 35835K(38144K)->35835K(38144K) NonClass: 26763K(27072K)->26763K(27072K) Class: 9071K(11072K)->9071K(11072K)
[6741.555s][info][gc             ] GC(1141) Pause Young (Normal) (G1 Evacuation Pause) 7408M->2992M(8192M) 152.691ms
[6741.555s][info][gc,cpu         ] GC(1141) User=1.21s Sys=0.00s Real=0.15s
...[6744.566s][info][gc,start       ] GC(1142) Pause Young (Normal) (G1 Evacuation Pause)
[6744.566s][info][gc,task        ] GC(1142) Using 8 workers of 8 for evacuation
[6744.717s][info][gc,phases      ] GC(1142)   Pre Evacuate Collection Set: 0.25ms
[6744.717s][info][gc,phases      ] GC(1142)   Merge Heap Roots: 0.54ms
[6744.717s][info][gc,phases      ] GC(1142)   Evacuate Collection Set: 149.51ms
[6744.718s][info][gc,phases      ] GC(1142)   Post Evacuate Collection Set: 1.05ms
[6744.718s][info][gc,phases      ] GC(1142)   Other: 0.06ms
[6744.718s][info][gc,heap        ] GC(1142) Eden regions: 549->0(545)
[6744.718s][info][gc,heap        ] GC(1142) Survivor regions: 45->43(75)
[6744.718s][info][gc,heap        ] GC(1142) Old regions: 300->308
[6744.718s][info][gc,heap        ] GC(1142) Humongous regions: 33->33
[6744.718s][info][gc,metaspace   ] GC(1142) Metaspace: 35835K(38144K)->35835K(38144K) NonClass: 26763K(27072K)->26763K(27072K) Class: 9071K(11072K)->9071K(11072K)
[6744.718s][info][gc             ] GC(1142) Pause Young (Normal) (G1 Evacuation Pause) 7384M->3041M(8192M) 151.556ms
[6744.718s][info][gc,cpu         ] GC(1142) User=1.19s Sys=0.00s Real=0.16s
...[6747.893s][info][gc,start       ] GC(1143) Pause Young (Concurrent Start) (G1 Evacuation Pause)
[6747.893s][info][gc,task        ] GC(1143) Using 8 workers of 8 for evacuation
[6748.045s][info][gc,phases      ] GC(1143)   Pre Evacuate Collection Set: 0.30ms
[6748.045s][info][gc,phases      ] GC(1143)   Merge Heap Roots: 0.53ms
[6748.045s][info][gc,phases      ] GC(1143)   Evacuate Collection Set: 149.63ms
[6748.045s][info][gc,phases      ] GC(1143)   Post Evacuate Collection Set: 0.99ms
[6748.045s][info][gc,phases      ] GC(1143)   Other: 0.08ms
[6748.045s][info][gc,heap        ] GC(1143) Eden regions: 545->0(537)
[6748.045s][info][gc,heap        ] GC(1143) Survivor regions: 43->43(74)
[6748.045s][info][gc,heap        ] GC(1143) Old regions: 308->316
[6748.045s][info][gc,heap        ] GC(1143) Humongous regions: 33->33
[6748.045s][info][gc,metaspace   ] GC(1143) Metaspace: 35835K(38144K)->35835K(38144K) NonClass: 26763K(27072K)->26763K(27072K) Class: 9071K(11072K)->9071K(11072K)
[6748.045s][info][gc             ] GC(1143) Pause Young (Concurrent Start) (G1 Evacuation Pause) 7401M->3101M(8192M) 151.658ms
[6748.045s][info][gc,cpu         ] GC(1143) User=1.20s Sys=0.00s Real=0.15s
[6748.045s][info][gc             ] GC(1144) Concurrent Mark Cycle
[6748.045s][info][gc,marking     ] GC(1144) Concurrent Scan Root Regions
.[6748.419s][info][gc,marking     ] GC(1144) Concurrent Scan Root Regions 374.370ms
[6748.419s][info][gc,marking     ] GC(1144) Concurrent Mark
[6748.419s][info][gc,marking     ] GC(1144) Concurrent Mark From Roots
[6748.419s][info][gc,task        ] GC(1144) Using 2 workers of 2 for marking
. (rIR:aIR:PR = 11208:11158:11114) (tPR = 164550) [OK] 
  6749s: Performance info:
         Transaction,    Success,    Partial,     Failed,   Receipts, AvgBarcode, 
             Overall,     671452,          0,          0,     638147,      59.47, 
         Response times:
             Request,    Success,    Partial,     Failed,   SkipFail,     Probes,    Samples,      min,      p50,      p90,      p95,      p99,      max, 
       TotalPurchase,     640655,          0,          0,          0,     356248,     427918,      300,     8700,    43000,    76000,   132000,   880000,
     InStorePurchase,     337378,          0,          0,          0,     187636,     225421,      300,     8800,    43000,    75000,   138000,   880000,
      OnlinePurchase,     235574,          0,          0,          0,     131249,     157479,      300,     8700,    43000,    77000,   125200,   880000,
        InstPurchase,      67703,          0,          0,          0,      37363,      45018,      400,     8700,    44000,    75000,   131810,   800000,
          AssocOfCat,        680,          0,          0,          0,        592,        813,    33000,    61000,   105200,   144300,   227320,   507000,
      AssocOfProduct,       6677,          0,          0,          0,       3961,       4988,      600,     9200,    40100,    72000,   139000,   487000,
      BusinessReport,       1685,          0,          0,          0,       1487,       1912,    35000,    70000,   118000,   157000,   223870,   720000,
          CustBuyBeh,       6811,          0,          0,          0,       4084,       5173,      300,     9100,    43000,    80000,   158260,   660000,
       ProductReturn,      17595,          0,          0,          0,      10153,      12471,      200,     8900,    42000,    77000,   125000,   497000,

  6749s: (82%)   IR =  11346 [6749.686s][info][gc,marking     ] GC(1144) Concurrent Mark From Roots 1266.749ms
[6749.686s][info][gc,marking     ] GC(1144) Concurrent Preclean
[6749.686s][info][gc,marking     ] GC(1144) Concurrent Preclean 0.077ms
[6749.686s][info][gc,start       ] GC(1144) Pause Remark
[6749.688s][info][gc             ] GC(1144) Pause Remark 4954M->4386M(8192M) 2.186ms
[6749.688s][info][gc,cpu         ] GC(1144) User=0.01s Sys=0.00s Real=0.01s
[6749.689s][info][gc,marking     ] GC(1144) Concurrent Mark 1269.310ms
[6749.689s][info][gc,marking     ] GC(1144) Concurrent Rebuild Remembered Sets and Scrub Regions
.[6750.494s][info][gc,marking     ] GC(1144) Concurrent Rebuild Remembered Sets and Scrub Regions 805.340ms
[6750.494s][info][gc,start       ] GC(1144) Pause Cleanup
[6750.494s][info][gc             ] GC(1144) Pause Cleanup 5452M->5452M(8192M) 0.257ms
[6750.494s][info][gc,cpu         ] GC(1144) User=0.00s Sys=0.00s Real=0.00s
[6750.494s][info][gc,marking     ] GC(1144) Concurrent Clear Claimed Marks
[6750.494s][info][gc,marking     ] GC(1144) Concurrent Clear Claimed Marks 0.038ms
[6750.494s][info][gc,marking     ] GC(1144) Concurrent Cleanup for Next Mark
[6750.505s][info][gc,marking     ] GC(1144) Concurrent Cleanup for Next Mark 10.543ms
[6750.505s][info][gc             ] GC(1144) Concurrent Mark Cycle 2460.253ms
.[6751.320s][info][gc,start       ] GC(1145) Pause Young (Prepare Mixed) (G1 Evacuation Pause)
[6751.320s][info][gc,task        ] GC(1145) Using 8 workers of 8 for evacuation
[6751.470s][info][gc,phases      ] GC(1145)   Pre Evacuate Collection Set: 0.24ms
[6751.470s][info][gc,phases      ] GC(1145)   Merge Heap Roots: 0.75ms
[6751.470s][info][gc,phases      ] GC(1145)   Evacuate Collection Set: 147.79ms
[6751.470s][info][gc,phases      ] GC(1145)   Post Evacuate Collection Set: 1.13ms
[6751.470s][info][gc,phases      ] GC(1145)   Other: 0.06ms
[6751.470s][info][gc,heap        ] GC(1145) Eden regions: 537->0(571)
[6751.470s][info][gc,heap        ] GC(1145) Survivor regions: 43->43(73)
[6751.470s][info][gc,heap        ] GC(1145) Old regions: 245->252
[6751.470s][info][gc,heap        ] GC(1145) Humongous regions: 33->33
[6751.470s][info][gc,metaspace   ] GC(1145) Metaspace: 35835K(38144K)->35835K(38144K) NonClass: 26763K(27072K)->26763K(27072K) Class: 9071K(11072K)->9071K(11072K)
[6751.470s][info][gc             ] GC(1145) Pause Young (Prepare Mixed) (G1 Evacuation Pause) 6829M->2588M(8192M) 150.107ms
[6751.470s][info][gc,cpu         ] GC(1145) User=1.19s Sys=0.00s Real=0.15s
...[6754.732s][info][gc,start       ] GC(1146) Pause Young (Mixed) (G1 Evacuation Pause)
[6754.732s][info][gc,task        ] GC(1146) Using 8 workers of 8 for evacuation
[6754.895s][info][gc,phases      ] GC(1146)   Pre Evacuate Collection Set: 0.25ms
[6754.895s][info][gc,phases      ] GC(1146)   Merge Heap Roots: 0.82ms
[6754.895s][info][gc,phases      ] GC(1146)   Evacuate Collection Set: 161.19ms
[6754.895s][info][gc,phases      ] GC(1146)   Post Evacuate Collection Set: 1.34ms
[6754.895s][info][gc,phases      ] GC(1146)   Other: 0.07ms
[6754.895s][info][gc,heap        ] GC(1146) Eden regions: 571->0(569)
[6754.895s][info][gc,heap        ] GC(1146) Survivor regions: 43->45(77)
[6754.895s][info][gc,heap        ] GC(1146) Old regions: 252->157
[6754.895s][info][gc,heap        ] GC(1146) Humongous regions: 33->33
[6754.895s][info][gc,metaspace   ] GC(1146) Metaspace: 35835K(38144K)->35835K(38144K) NonClass: 26763K(27072K)->26763K(27072K) Class: 9071K(11072K)->9071K(11072K)
[6754.895s][info][gc             ] GC(1146) Pause Young (Mixed) (G1 Evacuation Pause) 7156M->1845M(8192M) 163.806ms
[6754.895s][info][gc,cpu         ] GC(1146) User=1.30s Sys=0.00s Real=0.16s
...[6758.101s][info][gc,start       ] GC(1147) Pause Young (Mixed) (G1 Evacuation Pause)
[6758.101s][info][gc,task        ] GC(1147) Using 8 workers of 8 for evacuation
[6758.263s][info][gc,phases      ] GC(1147)   Pre Evacuate Collection Set: 0.25ms
[6758.263s][info][gc,phases      ] GC(1147)   Merge Heap Roots: 0.81ms
[6758.263s][info][gc,phases      ] GC(1147)   Evacuate Collection Set: 160.34ms
[6758.263s][info][gc,phases      ] GC(1147)   Post Evacuate Collection Set: 1.06ms
[6758.263s][info][gc,phases      ] GC(1147)   Other: 0.07ms
[6758.263s][info][gc,heap        ] GC(1147) Eden regions: 569->0(570)
[6758.263s][info][gc,heap        ] GC(1147) Survivor regions: 45->44(77)
[6758.263s][info][gc,heap        ] GC(1147) Old regions: 157->143
[6758.263s][info][gc,heap        ] GC(1147) Humongous regions: 33->33
[6758.263s][info][gc,metaspace   ] GC(1147) Metaspace: 35835K(38144K)->35835K(38144K) NonClass: 26763K(27072K)->26763K(27072K) Class: 9071K(11072K)->9071K(11072K)
[6758.263s][info][gc             ] GC(1147) Pause Young (Mixed) (G1 Evacuation Pause) 6397M->1727M(8192M) 162.659ms
[6758.263s][info][gc,cpu         ] GC(1147) User=1.28s Sys=0.00s Real=0.16s
....[6761.462s][info][gc,start       ] GC(1148) Pause Young (Normal) (G1 Evacuation Pause)
[6761.462s][info][gc,task        ] GC(1148) Using 8 workers of 8 for evacuation
[6761.611s][info][gc,phases      ] GC(1148)   Pre Evacuate Collection Set: 0.24ms
[6761.611s][info][gc,phases      ] GC(1148)   Merge Heap Roots: 0.52ms
[6761.611s][info][gc,phases      ] GC(1148)   Evacuate Collection Set: 146.68ms
[6761.611s][info][gc,phases      ] GC(1148)   Post Evacuate Collection Set: 1.01ms
[6761.611s][info][gc,phases      ] GC(1148)   Other: 0.06ms
[6761.611s][info][gc,heap        ] GC(1148) Eden regions: 570->0(571)
[6761.611s][info][gc,heap        ] GC(1148) Survivor regions: 44->43(77)
[6761.611s][info][gc,heap        ] GC(1148) Old regions: 143->150
[6761.611s][info][gc,heap        ] GC(1148) Humongous regions: 33->33
[6761.611s][info][gc,metaspace   ] GC(1148) Metaspace: 35835K(38144K)->35835K(38144K) NonClass: 26763K(27072K)->26763K(27072K) Class: 9071K(11072K)->9071K(11072K)
[6761.611s][info][gc             ] GC(1148) Pause Young (Normal) (G1 Evacuation Pause) 6287M->1778M(8192M) 148.632ms
[6761.611s][info][gc,cpu         ] GC(1148) User=1.17s Sys=0.00s Real=0.15s
...[6764.850s][info][gc,start       ] GC(1149) Pause Young (Normal) (G1 Evacuation Pause)
[6764.850s][info][gc,task        ] GC(1149) Using 8 workers of 8 for evacuation
[6764.998s][info][gc,phases      ] GC(1149)   Pre Evacuate Collection Set: 0.26ms
[6764.998s][info][gc,phases      ] GC(1149)   Merge Heap Roots: 0.53ms
[6764.998s][info][gc,phases      ] GC(1149)   Evacuate Collection Set: 145.81ms
[6764.998s][info][gc,phases      ] GC(1149)   Post Evacuate Collection Set: 1.07ms
[6764.998s][info][gc,phases      ] GC(1149)   Other: 0.06ms
[6764.998s][info][gc,heap        ] GC(1149) Eden regions: 571->0(570)
[6764.998s][info][gc,heap        ] GC(1149) Survivor regions: 43->44(77)
[6764.998s][info][gc,heap        ] GC(1149) Old regions: 150->157
[6764.998s][info][gc,heap        ] GC(1149) Humongous regions: 33->33
[6764.998s][info][gc,metaspace   ] GC(1149) Metaspace: 35835K(38144K)->35835K(38144K) NonClass: 26763K(27072K)->26763K(27072K) Class: 9071K(11072K)->9071K(11072K)
[6764.998s][info][gc             ] GC(1149) Pause Young (Normal) (G1 Evacuation Pause) 6346M->1839M(8192M) 147.862ms
[6764.998s][info][gc,cpu         ] GC(1149) User=1.17s Sys=0.00s Real=0.15s
....|[6768.385s][info][gc,start       ] GC(1150) Pause Young (Normal) (G1 Evacuation Pause)
[6768.385s][info][gc,task        ] GC(1150) Using 8 workers of 8 for evacuation
[6768.535s][info][gc,phases      ] GC(1150)   Pre Evacuate Collection Set: 0.27ms
[6768.535s][info][gc,phases      ] GC(1150)   Merge Heap Roots: 0.52ms
[6768.535s][info][gc,phases      ] GC(1150)   Evacuate Collection Set: 147.67ms
[6768.535s][info][gc,phases      ] GC(1150)   Post Evacuate Collection Set: 1.05ms
[6768.535s][info][gc,phases      ] GC(1150)   Other: 0.06ms
[6768.535s][info][gc,heap        ] GC(1150) Eden regions: 570->0(570)
[6768.535s][info][gc,heap        ] GC(1150) Survivor regions: 44->44(77)
[6768.535s][info][gc,heap        ] GC(1150) Old regions: 157->164
[6768.535s][info][gc,heap        ] GC(1150) Humongous regions: 33->33
[6768.535s][info][gc,metaspace   ] GC(1150) Metaspace: 35835K(38144K)->35835K(38144K) NonClass: 26763K(27072K)->26763K(27072K) Class: 9071K(11072K)->9071K(11072K)
[6768.535s][info][gc             ] GC(1150) Pause Young (Normal) (G1 Evacuation Pause) 6399M->1896M(8192M) 149.711ms
[6768.535s][info][gc,cpu         ] GC(1150) User=1.18s Sys=0.00s Real=0.15s
...[6771.832s][info][gc,start       ] GC(1151) Pause Young (Normal) (G1 Evacuation Pause)
[6771.832s][info][gc,task        ] GC(1151) Using 8 workers of 8 for evacuation
[6771.981s][info][gc,phases      ] GC(1151)   Pre Evacuate Collection Set: 0.27ms
[6771.981s][info][gc,phases      ] GC(1151)   Merge Heap Roots: 0.54ms
[6771.981s][info][gc,phases      ] GC(1151)   Evacuate Collection Set: 146.98ms
[6771.981s][info][gc,phases      ] GC(1151)   Post Evacuate Collection Set: 1.05ms
[6771.981s][info][gc,phases      ] GC(1151)   Other: 0.07ms
[6771.981s][info][gc,heap        ] GC(1151) Eden regions: 570->0(570)
[6771.981s][info][gc,heap        ] GC(1151) Survivor regions: 44->44(77)
[6771.981s][info][gc,heap        ] GC(1151) Old regions: 164->172
[6771.981s][info][gc,heap        ] GC(1151) Humongous regions: 33->33
[6771.981s][info][gc,metaspace   ] GC(1151) Metaspace: 35835K(38144K)->35835K(38144K) NonClass: 26763K(27072K)->26763K(27072K) Class: 9071K(11072K)->9071K(11072K)
[6771.981s][info][gc             ] GC(1151) Pause Young (Normal) (G1 Evacuation Pause) 6456M->1954M(8192M) 149.029ms
[6771.981s][info][gc,cpu         ] GC(1151) User=1.18s Sys=0.00s Real=0.15s
...[6775.159s][info][gc,start       ] GC(1152) Pause Young (Normal) (G1 Evacuation Pause)
[6775.159s][info][gc,task        ] GC(1152) Using 8 workers of 8 for evacuation
[6775.306s][info][gc,phases      ] GC(1152)   Pre Evacuate Collection Set: 0.23ms
[6775.306s][info][gc,phases      ] GC(1152)   Merge Heap Roots: 0.53ms
[6775.306s][info][gc,phases      ] GC(1152)   Evacuate Collection Set: 145.23ms
[6775.306s][info][gc,phases      ] GC(1152)   Post Evacuate Collection Set: 1.05ms
[6775.306s][info][gc,phases      ] GC(1152)   Other: 0.07ms
[6775.306s][info][gc,heap        ] GC(1152) Eden regions: 570->0(572)
[6775.306s][info][gc,heap        ] GC(1152) Survivor regions: 44->42(77)
[6775.306s][info][gc,heap        ] GC(1152) Old regions: 172->179
[6775.306s][info][gc,heap        ] GC(1152) Humongous regions: 33->33
[6775.306s][info][gc,metaspace   ] GC(1152) Metaspace: 35835K(38144K)->35835K(38144K) NonClass: 26763K(27072K)->26763K(27072K) Class: 9071K(11072K)->9071K(11072K)
[6775.307s][info][gc             ] GC(1152) Pause Young (Normal) (G1 Evacuation Pause) 6514M->2000M(8192M) 147.244ms
[6775.307s][info][gc,cpu         ] GC(1152) User=1.16s Sys=0.00s Real=0.14s
....[6778.426s][info][gc,start       ] GC(1153) Pause Young (Normal) (G1 Evacuation Pause)
[6778.426s][info][gc,task        ] GC(1153) Using 8 workers of 8 for evacuation
[6778.578s][info][gc,phases      ] GC(1153)   Pre Evacuate Collection Set: 0.23ms
[6778.578s][info][gc,phases      ] GC(1153)   Merge Heap Roots: 0.62ms
[6778.578s][info][gc,phases      ] GC(1153)   Evacuate Collection Set: 149.30ms
[6778.578s][info][gc,phases      ] GC(1153)   Post Evacuate Collection Set: 1.06ms
[6778.578s][info][gc,phases      ] GC(1153)   Other: 0.06ms
[6778.578s][info][gc,heap        ] GC(1153) Eden regions: 572->0(570)
[6778.578s][info][gc,heap        ] GC(1153) Survivor regions: 42->44(77)
[6778.578s][info][gc,heap        ] GC(1153) Old regions: 179->186
[6778.578s][info][gc,heap        ] GC(1153) Humongous regions: 33->33
[6778.578s][info][gc,metaspace   ] GC(1153) Metaspace: 35835K(38144K)->35835K(38144K) NonClass: 26763K(27072K)->26763K(27072K) Class: 9071K(11072K)->9071K(11072K)
[6778.578s][info][gc             ] GC(1153) Pause Young (Normal) (G1 Evacuation Pause) 6576M->2069M(8192M) 151.388ms
[6778.578s][info][gc,cpu         ] GC(1153) User=1.19s Sys=0.00s Real=0.16s
...[6781.918s][info][gc,start       ] GC(1154) Pause Young (Normal) (G1 Evacuation Pause)
[6781.918s][info][gc,task        ] GC(1154) Using 8 workers of 8 for evacuation
[6782.068s][info][gc,phases      ] GC(1154)   Pre Evacuate Collection Set: 0.25ms
[6782.068s][info][gc,phases      ] GC(1154)   Merge Heap Roots: 0.52ms
[6782.068s][info][gc,phases      ] GC(1154)   Evacuate Collection Set: 148.15ms
[6782.068s][info][gc,phases      ] GC(1154)   Post Evacuate Collection Set: 1.05ms
[6782.068s][info][gc,phases      ] GC(1154)   Other: 0.06ms
[6782.068s][info][gc,heap        ] GC(1154) Eden regions: 570->0(570)
[6782.068s][info][gc,heap        ] GC(1154) Survivor regions: 44->44(77)
[6782.068s][info][gc,heap        ] GC(1154) Old regions: 186->194
[6782.068s][info][gc,heap        ] GC(1154) Humongous regions: 33->33
[6782.068s][info][gc,metaspace   ] GC(1154) Metaspace: 35835K(38144K)->35835K(38144K) NonClass: 26763K(27072K)->26763K(27072K) Class: 9071K(11072K)->9071K(11072K)
[6782.068s][info][gc             ] GC(1154) Pause Young (Normal) (G1 Evacuation Pause) 6629M->2129M(8192M) 150.178ms
[6782.069s][info][gc,cpu         ] GC(1154) User=1.19s Sys=0.00s Real=0.15s
...[6785.266s][info][gc,start       ] GC(1155) Pause Young (Normal) (G1 Evacuation Pause)
[6785.266s][info][gc,task        ] GC(1155) Using 8 workers of 8 for evacuation
[6785.412s][info][gc,phases      ] GC(1155)   Pre Evacuate Collection Set: 0.23ms
[6785.412s][info][gc,phases      ] GC(1155)   Merge Heap Roots: 0.53ms
[6785.412s][info][gc,phases      ] GC(1155)   Evacuate Collection Set: 144.28ms
[6785.412s][info][gc,phases      ] GC(1155)   Post Evacuate Collection Set: 1.04ms
[6785.412s][info][gc,phases      ] GC(1155)   Other: 0.06ms
[6785.412s][info][gc,heap        ] GC(1155) Eden regions: 570->0(571)
[6785.412s][info][gc,heap        ] GC(1155) Survivor regions: 44->43(77)
[6785.412s][info][gc,heap        ] GC(1155) Old regions: 194->201
[6785.412s][info][gc,heap        ] GC(1155) Humongous regions: 33->33
[6785.412s][info][gc,metaspace   ] GC(1155) Metaspace: 35835K(38144K)->35835K(38144K) NonClass: 26763K(27072K)->26763K(27072K) Class: 9071K(11072K)->9071K(11072K)
[6785.412s][info][gc             ] GC(1155) Pause Young (Normal) (G1 Evacuation Pause) 6689M->2177M(8192M) 146.283ms
[6785.412s][info][gc,cpu         ] GC(1155) User=1.15s Sys=0.00s Real=0.15s
....[6788.565s][info][gc,start       ] GC(1156) Pause Young (Normal) (G1 Evacuation Pause)
[6788.565s][info][gc,task        ] GC(1156) Using 8 workers of 8 for evacuation
[6788.713s][info][gc,phases      ] GC(1156)   Pre Evacuate Collection Set: 0.23ms
[6788.713s][info][gc,phases      ] GC(1156)   Merge Heap Roots: 0.53ms
[6788.713s][info][gc,phases      ] GC(1156)   Evacuate Collection Set: 145.45ms
[6788.713s][info][gc,phases      ] GC(1156)   Post Evacuate Collection Set: 1.07ms
[6788.713s][info][gc,phases      ] GC(1156)   Other: 0.06ms
[6788.713s][info][gc,heap        ] GC(1156) Eden regions: 571->0(571)
[6788.713s][info][gc,heap        ] GC(1156) Survivor regions: 43->43(77)
[6788.713s][info][gc,heap        ] GC(1156) Old regions: 201->207
[6788.713s][info][gc,heap        ] GC(1156) Humongous regions: 33->33
[6788.713s][info][gc,metaspace   ] GC(1156) Metaspace: 35835K(38144K)->35835K(38144K) NonClass: 26763K(27072K)->26763K(27072K) Class: 9071K(11072K)->9071K(11072K)
[6788.713s][info][gc             ] GC(1156) Pause Young (Normal) (G1 Evacuation Pause) 6745M->2236M(8192M) 147.473ms
[6788.713s][info][gc,cpu         ] GC(1156) User=1.16s Sys=0.00s Real=0.15s
...[6792.075s][info][gc,start       ] GC(1157) Pause Young (Normal) (G1 Evacuation Pause)
[6792.076s][info][gc,task        ] GC(1157) Using 8 workers of 8 for evacuation
[6792.222s][info][gc,phases      ] GC(1157)   Pre Evacuate Collection Set: 0.23ms
[6792.222s][info][gc,phases      ] GC(1157)   Merge Heap Roots: 0.53ms
[6792.222s][info][gc,phases      ] GC(1157)   Evacuate Collection Set: 144.09ms
[6792.222s][info][gc,phases      ] GC(1157)   Post Evacuate Collection Set: 1.06ms
[6792.222s][info][gc,phases      ] GC(1157)   Other: 0.06ms
[6792.222s][info][gc,heap        ] GC(1157) Eden regions: 571->0(572)
[6792.222s][info][gc,heap        ] GC(1157) Survivor regions: 43->42(77)
[6792.222s][info][gc,heap        ] GC(1157) Old regions: 207->215
[6792.222s][info][gc,heap        ] GC(1157) Humongous regions: 33->33
[6792.222s][info][gc,metaspace   ] GC(1157) Metaspace: 35835K(38144K)->35835K(38144K) NonClass: 26763K(27072K)->26763K(27072K) Class: 9071K(11072K)->9071K(11072K)
[6792.222s][info][gc             ] GC(1157) Pause Young (Normal) (G1 Evacuation Pause) 6804M->2285M(8192M) 146.122ms
[6792.222s][info][gc,cpu         ] GC(1157) User=1.16s Sys=0.00s Real=0.15s
....[6795.439s][info][gc,start       ] GC(1158) Pause Young (Normal) (G1 Evacuation Pause)
[6795.439s][info][gc,task        ] GC(1158) Using 8 workers of 8 for evacuation
[6795.590s][info][gc,phases      ] GC(1158)   Pre Evacuate Collection Set: 0.23ms
[6795.590s][info][gc,phases      ] GC(1158)   Merge Heap Roots: 0.51ms
[6795.590s][info][gc,phases      ] GC(1158)   Evacuate Collection Set: 149.27ms
[6795.590s][info][gc,phases      ] GC(1158)   Post Evacuate Collection Set: 1.05ms
[6795.590s][info][gc,phases      ] GC(1158)   Other: 0.06ms
[6795.590s][info][gc,heap        ] GC(1158) Eden regions: 572->0(570)
[6795.590s][info][gc,heap        ] GC(1158) Survivor regions: 42->44(77)
[6795.590s][info][gc,heap        ] GC(1158) Old regions: 215->222
[6795.590s][info][gc,heap        ] GC(1158) Humongous regions: 33->33
[6795.590s][info][gc,metaspace   ] GC(1158) Metaspace: 35835K(38144K)->35835K(38144K) NonClass: 26763K(27072K)->26763K(27072K) Class: 9071K(11072K)->9071K(11072K)
[6795.590s][info][gc             ] GC(1158) Pause Young (Normal) (G1 Evacuation Pause) 6861M->2360M(8192M) 151.245ms
[6795.590s][info][gc,cpu         ] GC(1158) User=1.19s Sys=0.00s Real=0.15s
...[6798.942s][info][gc,start       ] GC(1159) Pause Young (Normal) (G1 Evacuation Pause)
[6798.943s][info][gc,task        ] GC(1159) Using 8 workers of 8 for evacuation
[6799.094s][info][gc,phases      ] GC(1159)   Pre Evacuate Collection Set: 0.26ms
[6799.094s][info][gc,phases      ] GC(1159)   Merge Heap Roots: 0.54ms
[6799.094s][info][gc,phases      ] GC(1159)   Evacuate Collection Set: 149.22ms
[6799.094s][info][gc,phases      ] GC(1159)   Post Evacuate Collection Set: 1.07ms
[6799.094s][info][gc,phases      ] GC(1159)   Other: 0.06ms
[6799.094s][info][gc,heap        ] GC(1159) Eden regions: 570->0(570)
[6799.094s][info][gc,heap        ] GC(1159) Survivor regions: 44->44(77)
[6799.094s][info][gc,heap        ] GC(1159) Old regions: 222->229
[6799.094s][info][gc,heap        ] GC(1159) Humongous regions: 33->33
[6799.094s][info][gc,metaspace   ] GC(1159) Metaspace: 35835K(38144K)->35835K(38144K) NonClass: 26763K(27072K)->26763K(27072K) Class: 9071K(11072K)->9071K(11072K)
[6799.094s][info][gc             ] GC(1159) Pause Young (Normal) (G1 Evacuation Pause) 6920M->2410M(8192M) 151.293ms
[6799.094s][info][gc,cpu         ] GC(1159) User=1.20s Sys=0.00s Real=0.15s
...[6802.328s][info][gc,start       ] GC(1160) Pause Young (Normal) (G1 Evacuation Pause)
[6802.328s][info][gc,task        ] GC(1160) Using 8 workers of 8 for evacuation
[6802.476s][info][gc,phases      ] GC(1160)   Pre Evacuate Collection Set: 0.26ms
[6802.477s][info][gc,phases      ] GC(1160)   Merge Heap Roots: 0.52ms
[6802.477s][info][gc,phases      ] GC(1160)   Evacuate Collection Set: 146.13ms
[6802.477s][info][gc,phases      ] GC(1160)   Post Evacuate Collection Set: 1.02ms
[6802.477s][info][gc,phases      ] GC(1160)   Other: 0.09ms
[6802.477s][info][gc,heap        ] GC(1160) Eden regions: 570->0(571)
[6802.477s][info][gc,heap        ] GC(1160) Survivor regions: 44->43(77)
[6802.477s][info][gc,heap        ] GC(1160) Old regions: 229->236
[6802.477s][info][gc,heap        ] GC(1160) Humongous regions: 33->33
[6802.477s][info][gc,metaspace   ] GC(1160) Metaspace: 35835K(38144K)->35835K(38144K) NonClass: 26763K(27072K)->26763K(27072K) Class: 9071K(11072K)->9071K(11072K)
[6802.477s][info][gc             ] GC(1160) Pause Young (Normal) (G1 Evacuation Pause) 6970M->2464M(8192M) 148.894ms
[6802.477s][info][gc,cpu         ] GC(1160) User=1.18s Sys=0.00s Real=0.14s
....[6805.764s][info][gc,start       ] GC(1161) Pause Young (Normal) (G1 Evacuation Pause)
[6805.764s][info][gc,task        ] GC(1161) Using 8 workers of 8 for evacuation
[6805.919s][info][gc,phases      ] GC(1161)   Pre Evacuate Collection Set: 0.23ms
[6805.919s][info][gc,phases      ] GC(1161)   Merge Heap Roots: 0.53ms
[6805.919s][info][gc,phases      ] GC(1161)   Evacuate Collection Set: 153.78ms
[6805.919s][info][gc,phases      ] GC(1161)   Post Evacuate Collection Set: 1.04ms
[6805.919s][info][gc,phases      ] GC(1161)   Other: 0.06ms
[6805.919s][info][gc,heap        ] GC(1161) Eden regions: 571->0(568)
[6805.919s][info][gc,heap        ] GC(1161) Survivor regions: 43->46(77)
[6805.919s][info][gc,heap        ] GC(1161) Old regions: 236->243
[6805.919s][info][gc,heap        ] GC(1161) Humongous regions: 33->33
[6805.919s][info][gc,metaspace   ] GC(1161) Metaspace: 35835K(38144K)->35835K(38144K) NonClass: 26763K(27072K)->26763K(27072K) Class: 9071K(11072K)->9071K(11072K)
[6805.919s][info][gc             ] GC(1161) Pause Young (Normal) (G1 Evacuation Pause) 7032M->2542M(8192M) 155.785ms
[6805.920s][info][gc,cpu         ] GC(1161) User=1.24s Sys=0.00s Real=0.16s
...[6809.200s][info][gc,start       ] GC(1162) Pause Young (Normal) (G1 Evacuation Pause)
[6809.200s][info][gc,task        ] GC(1162) Using 8 workers of 8 for evacuation
[6809.345s][info][gc,phases      ] GC(1162)   Pre Evacuate Collection Set: 0.23ms
[6809.345s][info][gc,phases      ] GC(1162)   Merge Heap Roots: 0.52ms
[6809.345s][info][gc,phases      ] GC(1162)   Evacuate Collection Set: 142.64ms
[6809.345s][info][gc,phases      ] GC(1162)   Post Evacuate Collection Set: 1.03ms
[6809.345s][info][gc,phases      ] GC(1162)   Other: 0.07ms
[6809.345s][info][gc,heap        ] GC(1162) Eden regions: 568->0(571)
[6809.345s][info][gc,heap        ] GC(1162) Survivor regions: 46->43(77)
[6809.345s][info][gc,heap        ] GC(1162) Old regions: 243->250
[6809.345s][info][gc,heap        ] GC(1162) Humongous regions: 33->33
[6809.345s][info][gc,metaspace   ] GC(1162) Metaspace: 35835K(38144K)->35835K(38144K) NonClass: 26763K(27072K)->26763K(27072K) Class: 9071K(11072K)->9071K(11072K)
[6809.345s][info][gc             ] GC(1162) Pause Young (Normal) (G1 Evacuation Pause) 7086M->2580M(8192M) 144.624ms
[6809.345s][info][gc,cpu         ] GC(1162) User=1.15s Sys=0.00s Real=0.14s
....[6812.600s][info][gc,start       ] GC(1163) Pause Young (Normal) (G1 Evacuation Pause)
[6812.600s][info][gc,task        ] GC(1163) Using 8 workers of 8 for evacuation
[6812.746s][info][gc,phases      ] GC(1163)   Pre Evacuate Collection Set: 0.24ms
[6812.746s][info][gc,phases      ] GC(1163)   Merge Heap Roots: 0.53ms
[6812.746s][info][gc,phases      ] GC(1163)   Evacuate Collection Set: 144.24ms
[6812.746s][info][gc,phases      ] GC(1163)   Post Evacuate Collection Set: 1.05ms
[6812.746s][info][gc,phases      ] GC(1163)   Other: 0.06ms
[6812.746s][info][gc,heap        ] GC(1163) Eden regions: 571->0(571)
[6812.746s][info][gc,heap        ] GC(1163) Survivor regions: 43->43(77)
[6812.746s][info][gc,heap        ] GC(1163) Old regions: 250->257
[6812.746s][info][gc,heap        ] GC(1163) Humongous regions: 33->33
[6812.746s][info][gc,metaspace   ] GC(1163) Metaspace: 35835K(38144K)->35835K(38144K) NonClass: 26763K(27072K)->26763K(27072K) Class: 9071K(11072K)->9071K(11072K)
[6812.746s][info][gc             ] GC(1163) Pause Young (Normal) (G1 Evacuation Pause) 7148M->2634M(8192M) 146.251ms
[6812.746s][info][gc,cpu         ] GC(1163) User=1.15s Sys=0.00s Real=0.14s
...[6816.036s][info][gc,start       ] GC(1164) Pause Young (Normal) (G1 Evacuation Pause)
[6816.037s][info][gc,task        ] GC(1164) Using 8 workers of 8 for evacuation
[6816.186s][info][gc,phases      ] GC(1164)   Pre Evacuate Collection Set: 0.24ms
[6816.186s][info][gc,phases      ] GC(1164)   Merge Heap Roots: 0.59ms
[6816.186s][info][gc,phases      ] GC(1164)   Evacuate Collection Set: 147.75ms
[6816.186s][info][gc,phases      ] GC(1164)   Post Evacuate Collection Set: 1.07ms
[6816.186s][info][gc,phases      ] GC(1164)   Other: 0.06ms
[6816.186s][info][gc,heap        ] GC(1164) Eden regions: 571->0(570)
[6816.186s][info][gc,heap        ] GC(1164) Survivor regions: 43->44(77)
[6816.186s][info][gc,heap        ] GC(1164) Old regions: 257->264
[6816.186s][info][gc,heap        ] GC(1164) Humongous regions: 33->33
[6816.186s][info][gc,metaspace   ] GC(1164) Metaspace: 35835K(38144K)->35835K(38144K) NonClass: 26763K(27072K)->26763K(27072K) Class: 9071K(11072K)->9071K(11072K)
[6816.186s][info][gc             ] GC(1164) Pause Young (Normal) (G1 Evacuation Pause) 7202M->2696M(8192M) 149.855ms
[6816.186s][info][gc,cpu         ] GC(1164) User=1.18s Sys=0.00s Real=0.15s
...[6819.257s][info][gc,start       ] GC(1165) Pause Young (Normal) (G1 Evacuation Pause)
[6819.257s][info][gc,task        ] GC(1165) Using 8 workers of 8 for evacuation
[6819.408s][info][gc,phases      ] GC(1165)   Pre Evacuate Collection Set: 0.25ms
[6819.408s][info][gc,phases      ] GC(1165)   Merge Heap Roots: 0.53ms
[6819.408s][info][gc,phases      ] GC(1165)   Evacuate Collection Set: 148.97ms
[6819.408s][info][gc,phases      ] GC(1165)   Post Evacuate Collection Set: 1.06ms
[6819.408s][info][gc,phases      ] GC(1165)   Other: 0.07ms
[6819.408s][info][gc,heap        ] GC(1165) Eden regions: 570->0(570)
[6819.408s][info][gc,heap        ] GC(1165) Survivor regions: 44->44(77)
[6819.408s][info][gc,heap        ] GC(1165) Old regions: 264->272
[6819.408s][info][gc,heap        ] GC(1165) Humongous regions: 33->33
[6819.408s][info][gc,metaspace   ] GC(1165) Metaspace: 35835K(38144K)->35835K(38144K) NonClass: 26763K(27072K)->26763K(27072K) Class: 9071K(11072K)->9071K(11072K)
[6819.408s][info][gc             ] GC(1165) Pause Young (Normal) (G1 Evacuation Pause) 7256M->2757M(8192M) 151.011ms
[6819.408s][info][gc,cpu         ] GC(1165) User=1.19s Sys=0.01s Real=0.15s
....[6822.627s][info][gc,start       ] GC(1166) Pause Young (Normal) (G1 Evacuation Pause)
[6822.627s][info][gc,task        ] GC(1166) Using 8 workers of 8 for evacuation
[6822.785s][info][gc,phases      ] GC(1166)   Pre Evacuate Collection Set: 0.21ms
[6822.785s][info][gc,phases      ] GC(1166)   Merge Heap Roots: 0.52ms
[6822.785s][info][gc,phases      ] GC(1166)   Evacuate Collection Set: 155.58ms
[6822.785s][info][gc,phases      ] GC(1166)   Post Evacuate Collection Set: 1.05ms
[6822.785s][info][gc,phases      ] GC(1166)   Other: 0.06ms
[6822.785s][info][gc,heap        ] GC(1166) Eden regions: 570->0(568)
[6822.785s][info][gc,heap        ] GC(1166) Survivor regions: 44->46(77)
[6822.785s][info][gc,heap        ] GC(1166) Old regions: 272->279
[6822.785s][info][gc,heap        ] GC(1166) Humongous regions: 33->33
[6822.785s][info][gc,metaspace   ] GC(1166) Metaspace: 35835K(38144K)->35835K(38144K) NonClass: 26763K(27072K)->26763K(27072K) Class: 9071K(11072K)->9071K(11072K)
[6822.785s][info][gc             ] GC(1166) Pause Young (Normal) (G1 Evacuation Pause) 7317M->2833M(8192M) 157.539ms
[6822.785s][info][gc,cpu         ] GC(1166) User=1.24s Sys=0.00s Real=0.15s
...[6825.945s][info][gc,start       ] GC(1167) Pause Young (Normal) (G1 Evacuation Pause)
[6825.945s][info][gc,task        ] GC(1167) Using 8 workers of 8 for evacuation
[6826.097s][info][gc,phases      ] GC(1167)   Pre Evacuate Collection Set: 0.25ms
[6826.097s][info][gc,phases      ] GC(1167)   Merge Heap Roots: 0.54ms
[6826.097s][info][gc,phases      ] GC(1167)   Evacuate Collection Set: 150.44ms
[6826.097s][info][gc,phases      ] GC(1167)   Post Evacuate Collection Set: 1.05ms
[6826.097s][info][gc,phases      ] GC(1167)   Other: 0.07ms
[6826.097s][info][gc,heap        ] GC(1167) Eden regions: 568->0(563)
[6826.097s][info][gc,heap        ] GC(1167) Survivor regions: 46->45(77)
[6826.097s][info][gc,heap        ] GC(1167) Old regions: 279->286
[6826.097s][info][gc,heap        ] GC(1167) Humongous regions: 33->33
[6826.097s][info][gc,metaspace   ] GC(1167) Metaspace: 35835K(38144K)->35835K(38144K) NonClass: 26763K(27072K)->26763K(27072K) Class: 9071K(11072K)->9071K(11072K)
[6826.098s][info][gc             ] GC(1167) Pause Young (Normal) (G1 Evacuation Pause) 7377M->2877M(8192M) 152.486ms
[6826.098s][info][gc,cpu         ] GC(1167) User=1.20s Sys=0.00s Real=0.16s
... (rIR:aIR:PR = 11346:11361:11360) (tPR = 167764) [OK] 
  6828s: Performance info:
         Transaction,    Success,    Partial,     Failed,   Receipts, AvgBarcode, 
             Overall,     684019,          0,          0,     650161,      59.48, 
         Response times:
             Request,    Success,    Partial,     Failed,   SkipFail,     Probes,    Samples,      min,      p50,      p90,      p95,      p99,      max, 
       TotalPurchase,     650178,          0,          0,          0,     359571,     480568,      300,    10300,    71000,   110000,   167000,  1900000,
     InStorePurchase,     344605,          0,          0,          0,     189171,     252856,      300,    10300,    71000,   111000,   170000,  1900000,
      OnlinePurchase,     237794,          0,          0,          0,     132200,     176442,      300,    10300,    70000,   109000,   166000,  1900000,
        InstPurchase,      67779,          0,          0,          0,      38200,      51270,      500,    10400,    70000,   110000,   163000,   950000,
          AssocOfCat,        688,          0,          0,          0,        560,        900,    27000,    64000,   122800,   168000,   217950,   890000,
      AssocOfProduct,       6815,          0,          0,          0,       4100,       5822,      500,    10950,    77000,   118000,   181540,  1900000,
      BusinessReport,       1706,          0,          0,          0,       1516,       2163,    33000,    75000,   152600,   192000,   234360,   338000,
          CustBuyBeh,       6735,          0,          0,          0,       4064,       5786,      100,     9600,    71000,   111000,   178130,   940000,
       ProductReturn,      17969,          0,          0,          0,       9259,      12891,      200,    10300,    73000,   110000,   176080,  1900000,

  6828s: (83%)   IR =  11485 [6829.275s][info][gc,start       ] GC(1168) Pause Young (Normal) (G1 Evacuation Pause)
[6829.275s][info][gc,task        ] GC(1168) Using 8 workers of 8 for evacuation
[6829.428s][info][gc,phases      ] GC(1168)   Pre Evacuate Collection Set: 0.22ms
[6829.428s][info][gc,phases      ] GC(1168)   Merge Heap Roots: 0.55ms
[6829.428s][info][gc,phases      ] GC(1168)   Evacuate Collection Set: 150.44ms
[6829.428s][info][gc,phases      ] GC(1168)   Post Evacuate Collection Set: 1.04ms
[6829.428s][info][gc,phases      ] GC(1168)   Other: 0.06ms
[6829.428s][info][gc,heap        ] GC(1168) Eden regions: 563->0(561)
[6829.428s][info][gc,heap        ] GC(1168) Survivor regions: 45->42(76)
[6829.428s][info][gc,heap        ] GC(1168) Old regions: 286->294
[6829.428s][info][gc,heap        ] GC(1168) Humongous regions: 33->33
[6829.428s][info][gc,metaspace   ] GC(1168) Metaspace: 35835K(38144K)->35835K(38144K) NonClass: 26763K(27072K)->26763K(27072K) Class: 9071K(11072K)->9071K(11072K)
[6829.428s][info][gc             ] GC(1168) Pause Young (Normal) (G1 Evacuation Pause) 7381M->2917M(8192M) 152.443ms
[6829.428s][info][gc,cpu         ] GC(1168) User=1.20s Sys=0.00s Real=0.16s
....[6832.705s][info][gc,start       ] GC(1169) Pause Young (Normal) (G1 Evacuation Pause)
[6832.705s][info][gc,task        ] GC(1169) Using 8 workers of 8 for evacuation
[6832.856s][info][gc,phases      ] GC(1169)   Pre Evacuate Collection Set: 0.24ms
[6832.856s][info][gc,phases      ] GC(1169)   Merge Heap Roots: 0.53ms
[6832.856s][info][gc,phases      ] GC(1169)   Evacuate Collection Set: 149.17ms
[6832.856s][info][gc,phases      ] GC(1169)   Post Evacuate Collection Set: 1.08ms
[6832.856s][info][gc,phases      ] GC(1169)   Other: 0.08ms
[6832.856s][info][gc,heap        ] GC(1169) Eden regions: 561->0(552)
[6832.856s][info][gc,heap        ] GC(1169) Survivor regions: 42->43(76)
[6832.856s][info][gc,heap        ] GC(1169) Old regions: 294->301
[6832.856s][info][gc,heap        ] GC(1169) Humongous regions: 33->33
[6832.856s][info][gc,metaspace   ] GC(1169) Metaspace: 35835K(38144K)->35835K(38144K) NonClass: 26763K(27072K)->26763K(27072K) Class: 9071K(11072K)->9071K(11072K)
[6832.856s][info][gc             ] GC(1169) Pause Young (Normal) (G1 Evacuation Pause) 7405M->2984M(8192M) 151.224ms
[6832.856s][info][gc,cpu         ] GC(1169) User=1.20s Sys=0.00s Real=0.15s
...[6835.912s][info][gc,start       ] GC(1170) Pause Young (Normal) (G1 Evacuation Pause)
[6835.912s][info][gc,task        ] GC(1170) Using 8 workers of 8 for evacuation
[6836.060s][info][gc,phases      ] GC(1170)   Pre Evacuate Collection Set: 0.25ms
[6836.060s][info][gc,phases      ] GC(1170)   Merge Heap Roots: 0.58ms
[6836.060s][info][gc,phases      ] GC(1170)   Evacuate Collection Set: 145.75ms
[6836.060s][info][gc,phases      ] GC(1170)   Post Evacuate Collection Set: 1.00ms
[6836.060s][info][gc,phases      ] GC(1170)   Other: 0.06ms
[6836.060s][info][gc,heap        ] GC(1170) Eden regions: 552->0(544)
[6836.060s][info][gc,heap        ] GC(1170) Survivor regions: 43->43(75)
[6836.060s][info][gc,heap        ] GC(1170) Old regions: 301->309
[6836.060s][info][gc,heap        ] GC(1170) Humongous regions: 33->33
[6836.060s][info][gc,metaspace   ] GC(1170) Metaspace: 35835K(38144K)->35835K(38144K) NonClass: 26763K(27072K)->26763K(27072K) Class: 9071K(11072K)->9071K(11072K)
[6836.060s][info][gc             ] GC(1170) Pause Young (Normal) (G1 Evacuation Pause) 7400M->3041M(8192M) 147.788ms
[6836.060s][info][gc,cpu         ] GC(1170) User=1.16s Sys=0.00s Real=0.15s
...[6839.174s][info][gc,start       ] GC(1171) Pause Young (Concurrent Start) (G1 Evacuation Pause)
[6839.174s][info][gc,task        ] GC(1171) Using 8 workers of 8 for evacuation
[6839.327s][info][gc,phases      ] GC(1171)   Pre Evacuate Collection Set: 0.28ms
[6839.327s][info][gc,phases      ] GC(1171)   Merge Heap Roots: 0.54ms
[6839.327s][info][gc,phases      ] GC(1171)   Evacuate Collection Set: 150.41ms
[6839.327s][info][gc,phases      ] GC(1171)   Post Evacuate Collection Set: 1.03ms
[6839.327s][info][gc,phases      ] GC(1171)   Other: 0.08ms
[6839.327s][info][gc,heap        ] GC(1171) Eden regions: 544->0(537)
[6839.327s][info][gc,heap        ] GC(1171) Survivor regions: 43->43(74)
[6839.327s][info][gc,heap        ] GC(1171) Old regions: 309->316
[6839.327s][info][gc,heap        ] GC(1171) Humongous regions: 33->33
[6839.327s][info][gc,metaspace   ] GC(1171) Metaspace: 35835K(38144K)->35835K(38144K) NonClass: 26763K(27072K)->26763K(27072K) Class: 9071K(11072K)->9071K(11072K)
[6839.327s][info][gc             ] GC(1171) Pause Young (Concurrent Start) (G1 Evacuation Pause) 7393M->3106M(8192M) 152.470ms
[6839.327s][info][gc             ] GC(1172) Concurrent Mark Cycle
[6839.327s][info][gc,marking     ] GC(1172) Concurrent Scan Root Regions
[6839.327s][info][gc,cpu         ] GC(1171) User=1.20s Sys=0.00s Real=0.16s
.[6839.722s][info][gc,marking     ] GC(1172) Concurrent Scan Root Regions 394.981ms
[6839.722s][info][gc,marking     ] GC(1172) Concurrent Mark
[6839.722s][info][gc,marking     ] GC(1172) Concurrent Mark From Roots
[6839.722s][info][gc,task        ] GC(1172) Using 2 workers of 2 for marking
.[6840.997s][info][gc,marking     ] GC(1172) Concurrent Mark From Roots 1274.795ms
[6840.997s][info][gc,marking     ] GC(1172) Concurrent Preclean
[6840.997s][info][gc,marking     ] GC(1172) Concurrent Preclean 0.139ms
[6840.997s][info][gc,start       ] GC(1172) Pause Remark
[6840.999s][info][gc             ] GC(1172) Pause Remark 4958M->4310M(8192M) 2.357ms
[6841.000s][info][gc,cpu         ] GC(1172) User=0.02s Sys=0.00s Real=0.00s
[6841.000s][info][gc,marking     ] GC(1172) Concurrent Mark 1277.588ms
[6841.000s][info][gc,marking     ] GC(1172) Concurrent Rebuild Remembered Sets and Scrub Regions
.[6841.851s][info][gc,marking     ] GC(1172) Concurrent Rebuild Remembered Sets and Scrub Regions 851.864ms
[6841.852s][info][gc,start       ] GC(1172) Pause Cleanup
[6841.852s][info][gc             ] GC(1172) Pause Cleanup 5490M->5490M(8192M) 0.252ms
[6841.852s][info][gc,cpu         ] GC(1172) User=0.00s Sys=0.00s Real=0.00s
[6841.852s][info][gc,marking     ] GC(1172) Concurrent Clear Claimed Marks
[6841.852s][info][gc,marking     ] GC(1172) Concurrent Clear Claimed Marks 0.044ms
[6841.852s][info][gc,marking     ] GC(1172) Concurrent Cleanup for Next Mark
[6841.863s][info][gc,marking     ] GC(1172) Concurrent Cleanup for Next Mark 11.263ms
[6841.863s][info][gc             ] GC(1172) Concurrent Mark Cycle 2536.362ms
[6842.599s][info][gc,start       ] GC(1173) Pause Young (Prepare Mixed) (G1 Evacuation Pause)
[6842.599s][info][gc,task        ] GC(1173) Using 8 workers of 8 for evacuation
[6842.756s][info][gc,phases      ] GC(1173)   Pre Evacuate Collection Set: 0.23ms
[6842.756s][info][gc,phases      ] GC(1173)   Merge Heap Roots: 0.73ms
[6842.756s][info][gc,phases      ] GC(1173)   Evacuate Collection Set: 154.53ms
[6842.756s][info][gc,phases      ] GC(1173)   Post Evacuate Collection Set: 1.11ms
[6842.756s][info][gc,phases      ] GC(1173)   Other: 0.08ms
[6842.756s][info][gc,heap        ] GC(1173) Eden regions: 537->0(569)
[6842.756s][info][gc,heap        ] GC(1173) Survivor regions: 43->45(73)
[6842.756s][info][gc,heap        ] GC(1173) Old regions: 235->243
[6842.756s][info][gc,heap        ] GC(1173) Humongous regions: 33->33
[6842.756s][info][gc,metaspace   ] GC(1173) Metaspace: 35835K(38144K)->35835K(38144K) NonClass: 26763K(27072K)->26763K(27072K) Class: 9071K(11072K)->9071K(11072K)
[6842.756s][info][gc             ] GC(1173) Pause Young (Prepare Mixed) (G1 Evacuation Pause) 6754M->2534M(8192M) 156.847ms
[6842.756s][info][gc,cpu         ] GC(1173) User=1.25s Sys=0.00s Real=0.15s
...[6845.614s][info][gc,start       ] GC(1174) Pause Young (Mixed) (G1 Evacuation Pause)
[6845.615s][info][gc,task        ] GC(1174) Using 8 workers of 8 for evacuation
[6845.774s][info][gc,phases      ] GC(1174)   Pre Evacuate Collection Set: 0.27ms
[6845.774s][info][gc,phases      ] GC(1174)   Merge Heap Roots: 0.90ms
[6845.774s][info][gc,phases      ] GC(1174)   Evacuate Collection Set: 157.36ms
[6845.774s][info][gc,phases      ] GC(1174)   Post Evacuate Collection Set: 1.26ms
[6845.774s][info][gc,phases      ] GC(1174)   Other: 0.07ms
[6845.774s][info][gc,heap        ] GC(1174) Eden regions: 569->0(571)
[6845.774s][info][gc,heap        ] GC(1174) Survivor regions: 45->43(77)
[6845.774s][info][gc,heap        ] GC(1174) Old regions: 243->149
[6845.774s][info][gc,heap        ] GC(1174) Humongous regions: 33->33
[6845.774s][info][gc,metaspace   ] GC(1174) Metaspace: 35835K(38144K)->35835K(38144K) NonClass: 26763K(27072K)->26763K(27072K) Class: 9071K(11072K)->9071K(11072K)
[6845.774s][info][gc             ] GC(1174) Pause Young (Mixed) (G1 Evacuation Pause) 7086M->1764M(8192M) 159.999ms
[6845.775s][info][gc,cpu         ] GC(1174) User=1.26s Sys=0.01s Real=0.16s
....|[6848.875s][info][gc,start       ] GC(1175) Pause Young (Mixed) (G1 Evacuation Pause)
[6848.875s][info][gc,task        ] GC(1175) Using 8 workers of 8 for evacuation
[6849.038s][info][gc,phases      ] GC(1175)   Pre Evacuate Collection Set: 0.23ms
[6849.038s][info][gc,phases      ] GC(1175)   Merge Heap Roots: 0.70ms
[6849.038s][info][gc,phases      ] GC(1175)   Evacuate Collection Set: 161.11ms
[6849.038s][info][gc,phases      ] GC(1175)   Post Evacuate Collection Set: 1.05ms
[6849.038s][info][gc,phases      ] GC(1175)   Other: 0.07ms
[6849.038s][info][gc,heap        ] GC(1175) Eden regions: 571->0(569)
[6849.038s][info][gc,heap        ] GC(1175) Survivor regions: 43->45(77)
[6849.038s][info][gc,heap        ] GC(1175) Old regions: 149->143
[6849.038s][info][gc,heap        ] GC(1175) Humongous regions: 33->33
[6849.038s][info][gc,metaspace   ] GC(1175) Metaspace: 35835K(38144K)->35835K(38144K) NonClass: 26763K(27072K)->26763K(27072K) Class: 9071K(11072K)->9071K(11072K)
[6849.038s][info][gc             ] GC(1175) Pause Young (Mixed) (G1 Evacuation Pause) 6332M->1740M(8192M) 163.293ms
[6849.039s][info][gc,cpu         ] GC(1175) User=1.29s Sys=0.01s Real=0.17s
...[6852.166s][info][gc,start       ] GC(1176) Pause Young (Normal) (G1 Evacuation Pause)
[6852.166s][info][gc,task        ] GC(1176) Using 8 workers of 8 for evacuation
[6852.313s][info][gc,phases      ] GC(1176)   Pre Evacuate Collection Set: 0.24ms
[6852.313s][info][gc,phases      ] GC(1176)   Merge Heap Roots: 0.53ms
[6852.313s][info][gc,phases      ] GC(1176)   Evacuate Collection Set: 145.43ms
[6852.313s][info][gc,phases      ] GC(1176)   Post Evacuate Collection Set: 1.04ms
[6852.313s][info][gc,phases      ] GC(1176)   Other: 0.06ms
[6852.313s][info][gc,heap        ] GC(1176) Eden regions: 569->0(571)
[6852.313s][info][gc,heap        ] GC(1176) Survivor regions: 45->43(77)
[6852.313s][info][gc,heap        ] GC(1176) Old regions: 143->151
[6852.313s][info][gc,heap        ] GC(1176) Humongous regions: 33->33
[6852.313s][info][gc,metaspace   ] GC(1176) Metaspace: 35835K(38144K)->35835K(38144K) NonClass: 26763K(27072K)->26763K(27072K) Class: 9071K(11072K)->9071K(11072K)
[6852.313s][info][gc             ] GC(1176) Pause Young (Normal) (G1 Evacuation Pause) 6292M->1777M(8192M) 147.442ms
[6852.313s][info][gc,cpu         ] GC(1176) User=1.17s Sys=0.00s Real=0.15s
...[6855.502s][info][gc,start       ] GC(1177) Pause Young (Normal) (G1 Evacuation Pause)
[6855.502s][info][gc,task        ] GC(1177) Using 8 workers of 8 for evacuation
[6855.657s][info][gc,phases      ] GC(1177)   Pre Evacuate Collection Set: 0.22ms
[6855.657s][info][gc,phases      ] GC(1177)   Merge Heap Roots: 0.51ms
[6855.657s][info][gc,phases      ] GC(1177)   Evacuate Collection Set: 152.26ms
[6855.657s][info][gc,phases      ] GC(1177)   Post Evacuate Collection Set: 1.08ms
[6855.657s][info][gc,phases      ] GC(1177)   Other: 0.06ms
[6855.657s][info][gc,heap        ] GC(1177) Eden regions: 571->0(569)
[6855.657s][info][gc,heap        ] GC(1177) Survivor regions: 43->45(77)
[6855.657s][info][gc,heap        ] GC(1177) Old regions: 151->158
[6855.657s][info][gc,heap        ] GC(1177) Humongous regions: 33->33
[6855.657s][info][gc,metaspace   ] GC(1177) Metaspace: 35835K(38144K)->35835K(38144K) NonClass: 26763K(27072K)->26763K(27072K) Class: 9071K(11072K)->9071K(11072K)
[6855.657s][info][gc             ] GC(1177) Pause Young (Normal) (G1 Evacuation Pause) 6345M->1849M(8192M) 154.253ms
[6855.657s][info][gc,cpu         ] GC(1177) User=1.22s Sys=0.00s Real=0.15s
....[6858.837s][info][gc,start       ] GC(1178) Pause Young (Normal) (G1 Evacuation Pause)
[6858.837s][info][gc,task        ] GC(1178) Using 8 workers of 8 for evacuation
[6858.992s][info][gc,phases      ] GC(1178)   Pre Evacuate Collection Set: 0.26ms
[6858.992s][info][gc,phases      ] GC(1178)   Merge Heap Roots: 0.52ms
[6858.992s][info][gc,phases      ] GC(1178)   Evacuate Collection Set: 152.55ms
[6858.992s][info][gc,phases      ] GC(1178)   Post Evacuate Collection Set: 1.03ms
[6858.992s][info][gc,phases      ] GC(1178)   Other: 0.06ms
[6858.992s][info][gc,heap        ] GC(1178) Eden regions: 569->0(570)
[6858.992s][info][gc,heap        ] GC(1178) Survivor regions: 45->44(77)
[6858.992s][info][gc,heap        ] GC(1178) Old regions: 158->165
[6858.992s][info][gc,heap        ] GC(1178) Humongous regions: 33->33
[6858.992s][info][gc,metaspace   ] GC(1178) Metaspace: 35835K(38144K)->35835K(38144K) NonClass: 26763K(27072K)->26763K(27072K) Class: 9071K(11072K)->9071K(11072K)
[6858.992s][info][gc             ] GC(1178) Pause Young (Normal) (G1 Evacuation Pause) 6401M->1901M(8192M) 154.543ms
[6858.992s][info][gc,cpu         ] GC(1178) User=1.23s Sys=0.00s Real=0.15s
...[6862.134s][info][gc,start       ] GC(1179) Pause Young (Normal) (G1 Evacuation Pause)
[6862.134s][info][gc,task        ] GC(1179) Using 8 workers of 8 for evacuation
[6862.288s][info][gc,phases      ] GC(1179)   Pre Evacuate Collection Set: 0.22ms
[6862.288s][info][gc,phases      ] GC(1179)   Merge Heap Roots: 0.51ms
[6862.288s][info][gc,phases      ] GC(1179)   Evacuate Collection Set: 151.97ms
[6862.288s][info][gc,phases      ] GC(1179)   Post Evacuate Collection Set: 1.04ms
[6862.288s][info][gc,phases      ] GC(1179)   Other: 0.07ms
[6862.288s][info][gc,heap        ] GC(1179) Eden regions: 570->0(569)
[6862.288s][info][gc,heap        ] GC(1179) Survivor regions: 44->45(77)
[6862.288s][info][gc,heap        ] GC(1179) Old regions: 165->172
[6862.288s][info][gc,heap        ] GC(1179) Humongous regions: 33->33
[6862.288s][info][gc,metaspace   ] GC(1179) Metaspace: 35835K(38144K)->35835K(38144K) NonClass: 26763K(27072K)->26763K(27072K) Class: 9071K(11072K)->9071K(11072K)
[6862.288s][info][gc             ] GC(1179) Pause Young (Normal) (G1 Evacuation Pause) 6461M->1965M(8192M) 153.933ms
[6862.288s][info][gc,cpu         ] GC(1179) User=1.22s Sys=0.00s Real=0.16s
...[6865.532s][info][gc,start       ] GC(1180) Pause Young (Normal) (G1 Evacuation Pause)
[6865.532s][info][gc,task        ] GC(1180) Using 8 workers of 8 for evacuation
[6865.681s][info][gc,phases      ] GC(1180)   Pre Evacuate Collection Set: 0.23ms
[6865.681s][info][gc,phases      ] GC(1180)   Merge Heap Roots: 0.52ms
[6865.681s][info][gc,phases      ] GC(1180)   Evacuate Collection Set: 147.35ms
[6865.681s][info][gc,phases      ] GC(1180)   Post Evacuate Collection Set: 1.02ms
[6865.681s][info][gc,phases      ] GC(1180)   Other: 0.07ms
[6865.681s][info][gc,heap        ] GC(1180) Eden regions: 569->0(571)
[6865.681s][info][gc,heap        ] GC(1180) Survivor regions: 45->43(77)
[6865.681s][info][gc,heap        ] GC(1180) Old regions: 172->179
[6865.681s][info][gc,heap        ] GC(1180) Humongous regions: 33->33
[6865.681s][info][gc,metaspace   ] GC(1180) Metaspace: 35835K(38144K)->35835K(38144K) NonClass: 26763K(27072K)->26763K(27072K) Class: 9071K(11072K)->9071K(11072K)
[6865.681s][info][gc             ] GC(1180) Pause Young (Normal) (G1 Evacuation Pause) 6517M->2012M(8192M) 149.314ms
[6865.681s][info][gc,cpu         ] GC(1180) User=1.18s Sys=0.01s Real=0.15s
....[6868.907s][info][gc,start       ] GC(1181) Pause Young (Normal) (G1 Evacuation Pause)
[6868.907s][info][gc,task        ] GC(1181) Using 8 workers of 8 for evacuation
[6869.056s][info][gc,phases      ] GC(1181)   Pre Evacuate Collection Set: 0.26ms
[6869.056s][info][gc,phases      ] GC(1181)   Merge Heap Roots: 0.51ms
[6869.056s][info][gc,phases      ] GC(1181)   Evacuate Collection Set: 147.31ms
[6869.056s][info][gc,phases      ] GC(1181)   Post Evacuate Collection Set: 1.05ms
[6869.056s][info][gc,phases      ] GC(1181)   Other: 0.06ms
[6869.056s][info][gc,heap        ] GC(1181) Eden regions: 571->0(571)
[6869.056s][info][gc,heap        ] GC(1181) Survivor regions: 43->43(77)
[6869.056s][info][gc,heap        ] GC(1181) Old regions: 179->187
[6869.056s][info][gc,heap        ] GC(1181) Humongous regions: 33->33
[6869.056s][info][gc,metaspace   ] GC(1181) Metaspace: 35835K(38144K)->35835K(38144K) NonClass: 26763K(27072K)->26763K(27072K) Class: 9071K(11072K)->9071K(11072K)
[6869.056s][info][gc             ] GC(1181) Pause Young (Normal) (G1 Evacuation Pause) 6580M->2069M(8192M) 149.331ms
[6869.056s][info][gc,cpu         ] GC(1181) User=1.18s Sys=0.00s Real=0.15s
...[6872.213s][info][gc,start       ] GC(1182) Pause Young (Normal) (G1 Evacuation Pause)
[6872.213s][info][gc,task        ] GC(1182) Using 8 workers of 8 for evacuation
[6872.361s][info][gc,phases      ] GC(1182)   Pre Evacuate Collection Set: 0.24ms
[6872.361s][info][gc,phases      ] GC(1182)   Merge Heap Roots: 0.53ms
[6872.361s][info][gc,phases      ] GC(1182)   Evacuate Collection Set: 145.85ms
[6872.361s][info][gc,phases      ] GC(1182)   Post Evacuate Collection Set: 1.02ms
[6872.361s][info][gc,phases      ] GC(1182)   Other: 0.06ms
[6872.361s][info][gc,heap        ] GC(1182) Eden regions: 571->0(571)
[6872.361s][info][gc,heap        ] GC(1182) Survivor regions: 43->43(77)
[6872.361s][info][gc,heap        ] GC(1182) Old regions: 187->194
[6872.361s][info][gc,heap        ] GC(1182) Humongous regions: 33->33
[6872.361s][info][gc,metaspace   ] GC(1182) Metaspace: 35835K(38144K)->35835K(38144K) NonClass: 26763K(27072K)->26763K(27072K) Class: 9071K(11072K)->9071K(11072K)
[6872.361s][info][gc             ] GC(1182) Pause Young (Normal) (G1 Evacuation Pause) 6637M->2121M(8192M) 147.849ms
[6872.361s][info][gc,cpu         ] GC(1182) User=1.17s Sys=0.00s Real=0.15s
...[6875.495s][info][gc,start       ] GC(1183) Pause Young (Normal) (G1 Evacuation Pause)
[6875.495s][info][gc,task        ] GC(1183) Using 8 workers of 8 for evacuation
[6875.646s][info][gc,phases      ] GC(1183)   Pre Evacuate Collection Set: 0.23ms
[6875.646s][info][gc,phases      ] GC(1183)   Merge Heap Roots: 0.51ms
[6875.646s][info][gc,phases      ] GC(1183)   Evacuate Collection Set: 149.25ms
[6875.646s][info][gc,phases      ] GC(1183)   Post Evacuate Collection Set: 1.04ms
[6875.646s][info][gc,phases      ] GC(1183)   Other: 0.06ms
[6875.646s][info][gc,heap        ] GC(1183) Eden regions: 571->0(571)
[6875.646s][info][gc,heap        ] GC(1183) Survivor regions: 43->43(77)
[6875.646s][info][gc,heap        ] GC(1183) Old regions: 194->201
[6875.646s][info][gc,heap        ] GC(1183) Humongous regions: 33->33
[6875.646s][info][gc,metaspace   ] GC(1183) Metaspace: 35835K(38144K)->35835K(38144K) NonClass: 26763K(27072K)->26763K(27072K) Class: 9071K(11072K)->9071K(11072K)
[6875.646s][info][gc             ] GC(1183) Pause Young (Normal) (G1 Evacuation Pause) 6689M->2186M(8192M) 151.251ms
[6875.646s][info][gc,cpu         ] GC(1183) User=1.20s Sys=0.01s Real=0.15s
....[6878.810s][info][gc,start       ] GC(1184) Pause Young (Normal) (G1 Evacuation Pause)
[6878.810s][info][gc,task        ] GC(1184) Using 8 workers of 8 for evacuation
[6878.962s][info][gc,phases      ] GC(1184)   Pre Evacuate Collection Set: 0.23ms
[6878.962s][info][gc,phases      ] GC(1184)   Merge Heap Roots: 0.53ms
[6878.962s][info][gc,phases      ] GC(1184)   Evacuate Collection Set: 149.46ms
[6878.962s][info][gc,phases      ] GC(1184)   Post Evacuate Collection Set: 1.07ms
[6878.962s][info][gc,phases      ] GC(1184)   Other: 0.06ms
[6878.962s][info][gc,heap        ] GC(1184) Eden regions: 571->0(570)
[6878.962s][info][gc,heap        ] GC(1184) Survivor regions: 43->44(77)
[6878.962s][info][gc,heap        ] GC(1184) Old regions: 201->208
[6878.962s][info][gc,heap        ] GC(1184) Humongous regions: 33->33
[6878.962s][info][gc,metaspace   ] GC(1184) Metaspace: 35835K(38144K)->35835K(38144K) NonClass: 26763K(27072K)->26763K(27072K) Class: 9071K(11072K)->9071K(11072K)
[6878.962s][info][gc             ] GC(1184) Pause Young (Normal) (G1 Evacuation Pause) 6754M->2248M(8192M) 151.473ms
[6878.962s][info][gc,cpu         ] GC(1184) User=1.20s Sys=0.00s Real=0.15s
...[6882.072s][info][gc,start       ] GC(1185) Pause Young (Normal) (G1 Evacuation Pause)
[6882.073s][info][gc,task        ] GC(1185) Using 8 workers of 8 for evacuation
[6882.223s][info][gc,phases      ] GC(1185)   Pre Evacuate Collection Set: 0.22ms
[6882.223s][info][gc,phases      ] GC(1185)   Merge Heap Roots: 0.52ms
[6882.223s][info][gc,phases      ] GC(1185)   Evacuate Collection Set: 148.22ms
[6882.223s][info][gc,phases      ] GC(1185)   Post Evacuate Collection Set: 1.03ms
[6882.223s][info][gc,phases      ] GC(1185)   Other: 0.06ms
[6882.223s][info][gc,heap        ] GC(1185) Eden regions: 570->0(571)
[6882.223s][info][gc,heap        ] GC(1185) Survivor regions: 44->43(77)
[6882.223s][info][gc,heap        ] GC(1185) Old regions: 208->215
[6882.223s][info][gc,heap        ] GC(1185) Humongous regions: 33->33
[6882.223s][info][gc,metaspace   ] GC(1185) Metaspace: 35835K(38144K)->35835K(38144K) NonClass: 26763K(27072K)->26763K(27072K) Class: 9071K(11072K)->9071K(11072K)
[6882.223s][info][gc             ] GC(1185) Pause Young (Normal) (G1 Evacuation Pause) 6808M->2296M(8192M) 150.186ms
[6882.223s][info][gc,cpu         ] GC(1185) User=1.19s Sys=0.00s Real=0.15s
...[6885.284s][info][gc,start       ] GC(1186) Pause Young (Normal) (G1 Evacuation Pause)
[6885.284s][info][gc,task        ] GC(1186) Using 8 workers of 8 for evacuation
[6885.438s][info][gc,phases      ] GC(1186)   Pre Evacuate Collection Set: 0.22ms
[6885.438s][info][gc,phases      ] GC(1186)   Merge Heap Roots: 0.53ms
[6885.438s][info][gc,phases      ] GC(1186)   Evacuate Collection Set: 152.11ms
[6885.438s][info][gc,phases      ] GC(1186)   Post Evacuate Collection Set: 1.05ms
[6885.438s][info][gc,phases      ] GC(1186)   Other: 0.06ms
[6885.438s][info][gc,heap        ] GC(1186) Eden regions: 571->0(569)
[6885.438s][info][gc,heap        ] GC(1186) Survivor regions: 43->45(77)
[6885.438s][info][gc,heap        ] GC(1186) Old regions: 215->222
[6885.438s][info][gc,heap        ] GC(1186) Humongous regions: 33->33
[6885.438s][info][gc,metaspace   ] GC(1186) Metaspace: 35835K(38144K)->35835K(38144K) NonClass: 26763K(27072K)->26763K(27072K) Class: 9071K(11072K)->9071K(11072K)
[6885.438s][info][gc             ] GC(1186) Pause Young (Normal) (G1 Evacuation Pause) 6864M->2368M(8192M) 154.106ms
[6885.438s][info][gc,cpu         ] GC(1186) User=1.22s Sys=0.00s Real=0.16s
...[6888.611s][info][gc,start       ] GC(1187) Pause Young (Normal) (G1 Evacuation Pause)
[6888.611s][info][gc,task        ] GC(1187) Using 8 workers of 8 for evacuation
[6888.761s][info][gc,phases      ] GC(1187)   Pre Evacuate Collection Set: 0.23ms
[6888.761s][info][gc,phases      ] GC(1187)   Merge Heap Roots: 0.51ms
[6888.761s][info][gc,phases      ] GC(1187)   Evacuate Collection Set: 148.84ms
[6888.761s][info][gc,phases      ] GC(1187)   Post Evacuate Collection Set: 1.07ms
[6888.761s][info][gc,phases      ] GC(1187)   Other: 0.06ms
[6888.761s][info][gc,heap        ] GC(1187) Eden regions: 569->0(570)
[6888.761s][info][gc,heap        ] GC(1187) Survivor regions: 45->44(77)
[6888.761s][info][gc,heap        ] GC(1187) Old regions: 222->229
[6888.761s][info][gc,heap        ] GC(1187) Humongous regions: 33->33
[6888.761s][info][gc,metaspace   ] GC(1187) Metaspace: 35835K(38144K)->35835K(38144K) NonClass: 26763K(27072K)->26763K(27072K) Class: 9071K(11072K)->9071K(11072K)
[6888.761s][info][gc             ] GC(1187) Pause Young (Normal) (G1 Evacuation Pause) 6920M->2416M(8192M) 150.834ms
[6888.761s][info][gc,cpu         ] GC(1187) User=1.20s Sys=0.01s Real=0.15s
....[6891.866s][info][gc,start       ] GC(1188) Pause Young (Normal) (G1 Evacuation Pause)
[6891.866s][info][gc,task        ] GC(1188) Using 8 workers of 8 for evacuation
[6892.023s][info][gc,phases      ] GC(1188)   Pre Evacuate Collection Set: 0.25ms
[6892.023s][info][gc,phases      ] GC(1188)   Merge Heap Roots: 0.53ms
[6892.023s][info][gc,phases      ] GC(1188)   Evacuate Collection Set: 155.39ms
[6892.023s][info][gc,phases      ] GC(1188)   Post Evacuate Collection Set: 1.05ms
[6892.023s][info][gc,phases      ] GC(1188)   Other: 0.06ms
[6892.023s][info][gc,heap        ] GC(1188) Eden regions: 570->0(569)
[6892.023s][info][gc,heap        ] GC(1188) Survivor regions: 44->45(77)
[6892.023s][info][gc,heap        ] GC(1188) Old regions: 229->237
[6892.023s][info][gc,heap        ] GC(1188) Humongous regions: 33->33
[6892.023s][info][gc,metaspace   ] GC(1188) Metaspace: 35835K(38144K)->35835K(38144K) NonClass: 26763K(27072K)->26763K(27072K) Class: 9071K(11072K)->9071K(11072K)
[6892.023s][info][gc             ] GC(1188) Pause Young (Normal) (G1 Evacuation Pause) 6976M->2485M(8192M) 157.393ms
[6892.023s][info][gc,cpu         ] GC(1188) User=1.25s Sys=0.00s Real=0.16s
...[6895.264s][info][gc,start       ] GC(1189) Pause Young (Normal) (G1 Evacuation Pause)
[6895.264s][info][gc,task        ] GC(1189) Using 8 workers of 8 for evacuation
[6895.412s][info][gc,phases      ] GC(1189)   Pre Evacuate Collection Set: 0.23ms
[6895.412s][info][gc,phases      ] GC(1189)   Merge Heap Roots: 0.52ms
[6895.412s][info][gc,phases      ] GC(1189)   Evacuate Collection Set: 145.63ms
[6895.412s][info][gc,phases      ] GC(1189)   Post Evacuate Collection Set: 1.08ms
[6895.412s][info][gc,phases      ] GC(1189)   Other: 0.07ms
[6895.412s][info][gc,heap        ] GC(1189) Eden regions: 569->0(571)
[6895.412s][info][gc,heap        ] GC(1189) Survivor regions: 45->43(77)
[6895.412s][info][gc,heap        ] GC(1189) Old regions: 237->244
[6895.412s][info][gc,heap        ] GC(1189) Humongous regions: 33->33
[6895.412s][info][gc,metaspace   ] GC(1189) Metaspace: 35835K(38144K)->35835K(38144K) NonClass: 26763K(27072K)->26763K(27072K) Class: 9071K(11072K)->9071K(11072K)
[6895.412s][info][gc             ] GC(1189) Pause Young (Normal) (G1 Evacuation Pause) 7037M->2529M(8192M) 147.666ms
[6895.412s][info][gc,cpu         ] GC(1189) User=1.16s Sys=0.00s Real=0.15s
...[6898.663s][info][gc,start       ] GC(1190) Pause Young (Normal) (G1 Evacuation Pause)
[6898.664s][info][gc,task        ] GC(1190) Using 8 workers of 8 for evacuation
[6898.815s][info][gc,phases      ] GC(1190)   Pre Evacuate Collection Set: 0.22ms
[6898.815s][info][gc,phases      ] GC(1190)   Merge Heap Roots: 0.52ms
[6898.815s][info][gc,phases      ] GC(1190)   Evacuate Collection Set: 149.51ms
[6898.815s][info][gc,phases      ] GC(1190)   Post Evacuate Collection Set: 1.03ms
[6898.815s][info][gc,phases      ] GC(1190)   Other: 0.06ms
[6898.815s][info][gc,heap        ] GC(1190) Eden regions: 571->0(570)
[6898.815s][info][gc,heap        ] GC(1190) Survivor regions: 43->44(77)
[6898.815s][info][gc,heap        ] GC(1190) Old regions: 244->251
[6898.815s][info][gc,heap        ] GC(1190) Humongous regions: 33->33
[6898.815s][info][gc,metaspace   ] GC(1190) Metaspace: 35835K(38144K)->35835K(38144K) NonClass: 26763K(27072K)->26763K(27072K) Class: 9071K(11072K)->9071K(11072K)
[6898.815s][info][gc             ] GC(1190) Pause Young (Normal) (G1 Evacuation Pause) 7097M->2594M(8192M) 151.500ms
[6898.815s][info][gc,cpu         ] GC(1190) User=1.20s Sys=0.00s Real=0.15s
....[6901.918s][info][gc,start       ] GC(1191) Pause Young (Normal) (G1 Evacuation Pause)
[6901.918s][info][gc,task        ] GC(1191) Using 8 workers of 8 for evacuation
[6902.072s][info][gc,phases      ] GC(1191)   Pre Evacuate Collection Set: 0.22ms
[6902.072s][info][gc,phases      ] GC(1191)   Merge Heap Roots: 0.53ms
[6902.072s][info][gc,phases      ] GC(1191)   Evacuate Collection Set: 151.41ms
[6902.072s][info][gc,phases      ] GC(1191)   Post Evacuate Collection Set: 1.07ms
[6902.072s][info][gc,phases      ] GC(1191)   Other: 0.06ms
[6902.072s][info][gc,heap        ] GC(1191) Eden regions: 570->0(569)
[6902.072s][info][gc,heap        ] GC(1191) Survivor regions: 44->45(77)
[6902.072s][info][gc,heap        ] GC(1191) Old regions: 251->258
[6902.072s][info][gc,heap        ] GC(1191) Humongous regions: 33->33
[6902.072s][info][gc,metaspace   ] GC(1191) Metaspace: 35835K(38144K)->35835K(38144K) NonClass: 26763K(27072K)->26763K(27072K) Class: 9071K(11072K)->9071K(11072K)
[6902.072s][info][gc             ] GC(1191) Pause Young (Normal) (G1 Evacuation Pause) 7154M->2658M(8192M) 153.406ms
[6902.072s][info][gc,cpu         ] GC(1191) User=1.21s Sys=0.00s Real=0.15s
...[6905.272s][info][gc,start       ] GC(1192) Pause Young (Normal) (G1 Evacuation Pause)
[6905.272s][info][gc,task        ] GC(1192) Using 8 workers of 8 for evacuation
[6905.426s][info][gc,phases      ] GC(1192)   Pre Evacuate Collection Set: 0.22ms
[6905.426s][info][gc,phases      ] GC(1192)   Merge Heap Roots: 0.53ms
[6905.426s][info][gc,phases      ] GC(1192)   Evacuate Collection Set: 152.24ms
[6905.426s][info][gc,phases      ] GC(1192)   Post Evacuate Collection Set: 1.07ms
[6905.426s][info][gc,phases      ] GC(1192)   Other: 0.06ms
[6905.426s][info][gc,heap        ] GC(1192) Eden regions: 569->0(569)
[6905.426s][info][gc,heap        ] GC(1192) Survivor regions: 45->45(77)
[6905.426s][info][gc,heap        ] GC(1192) Old regions: 258->265
[6905.426s][info][gc,heap        ] GC(1192) Humongous regions: 33->33
[6905.426s][info][gc,metaspace   ] GC(1192) Metaspace: 35835K(38144K)->35835K(38144K) NonClass: 26763K(27072K)->26763K(27072K) Class: 9071K(11072K)->9071K(11072K)
[6905.426s][info][gc             ] GC(1192) Pause Young (Normal) (G1 Evacuation Pause) 7210M->2712M(8192M) 154.249ms
[6905.426s][info][gc,cpu         ] GC(1192) User=1.22s Sys=0.00s Real=0.15s
...[6908.625s][info][gc,start       ] GC(1193) Pause Young (Normal) (G1 Evacuation Pause)
[6908.625s][info][gc,task        ] GC(1193) Using 8 workers of 8 for evacuation
[6908.776s][info][gc,phases      ] GC(1193)   Pre Evacuate Collection Set: 0.24ms
[6908.776s][info][gc,phases      ] GC(1193)   Merge Heap Roots: 0.53ms
[6908.776s][info][gc,phases      ] GC(1193)   Evacuate Collection Set: 149.00ms
[6908.776s][info][gc,phases      ] GC(1193)   Post Evacuate Collection Set: 1.04ms
[6908.776s][info][gc,phases      ] GC(1193)   Other: 0.07ms
[6908.776s][info][gc,heap        ] GC(1193) Eden regions: 569->0(570)
[6908.776s][info][gc,heap        ] GC(1193) Survivor regions: 45->44(77)
[6908.776s][info][gc,heap        ] GC(1193) Old regions: 265->273
[6908.776s][info][gc,heap        ] GC(1193) Humongous regions: 33->33
[6908.776s][info][gc,metaspace   ] GC(1193) Metaspace: 35835K(38144K)->35835K(38144K) NonClass: 26763K(27072K)->26763K(27072K) Class: 9071K(11072K)->9071K(11072K)
[6908.776s][info][gc             ] GC(1193) Pause Young (Normal) (G1 Evacuation Pause) 7264M->2762M(8192M) 151.016ms
[6908.776s][info][gc,cpu         ] GC(1193) User=1.19s Sys=0.00s Real=0.15s
. (rIR:aIR:PR = 11485:11560:11549) (tPR = 172045) [OK] 
  6908s: Performance info:
         Transaction,    Success,    Partial,     Failed,   Receipts, AvgBarcode, 
             Overall,     693448,          0,          0,     659090,      59.48, 
         Response times:
             Request,    Success,    Partial,     Failed,   SkipFail,     Probes,    Samples,      min,      p50,      p90,      p95,      p99,      max, 
       TotalPurchase,     659772,          0,          0,          0,     356410,     484599,      300,    11600,   108000,   182000,   282000,  3000000,
     InStorePurchase,     346940,          0,          0,          0,     187251,     253686,      300,    11600,   109000,   180000,   284000,  3000000,
      OnlinePurchase,     243818,          0,          0,          0,     131529,     179402,      300,    11600,   108000,   183000,   281000,  3000000,
        InstPurchase,      69014,          0,          0,          0,      37630,      51511,      400,    11800,   108000,   185000,   279000,  3000000,
          AssocOfCat,        692,          0,          0,          0,        580,        881,    35000,    68000,   185200,   238800,   350900,   610000,
      AssocOfProduct,       6842,          0,          0,          0,       4131,       5807,      700,    11700,   105000,   180000,   310520,   700000,
      BusinessReport,       1718,          0,          0,          0,       1547,       2208,    35000,    75000,   190100,   258100,   378640,   610000,
          CustBuyBeh,       6889,          0,          0,          0,       4178,       5963,      200,    11800,   109000,   182800,   291360,   710000,
       ProductReturn,      18238,          0,          0,          0,       9179,      12773,      200,    11300,   107000,   172000,   273260,  1600000,

  6908s: (84%)   IR =  11623 ..[6911.842s][info][gc,start       ] GC(1194) Pause Young (Normal) (G1 Evacuation Pause)
[6911.842s][info][gc,task        ] GC(1194) Using 8 workers of 8 for evacuation
[6911.997s][info][gc,phases      ] GC(1194)   Pre Evacuate Collection Set: 0.25ms
[6911.997s][info][gc,phases      ] GC(1194)   Merge Heap Roots: 0.61ms
[6911.997s][info][gc,phases      ] GC(1194)   Evacuate Collection Set: 152.61ms
[6911.997s][info][gc,phases      ] GC(1194)   Post Evacuate Collection Set: 1.04ms
[6911.997s][info][gc,phases      ] GC(1194)   Other: 0.06ms
[6911.997s][info][gc,heap        ] GC(1194) Eden regions: 570->0(569)
[6911.997s][info][gc,heap        ] GC(1194) Survivor regions: 44->45(77)
[6911.997s][info][gc,heap        ] GC(1194) Old regions: 273->280
[6911.997s][info][gc,heap        ] GC(1194) Humongous regions: 33->33
[6911.997s][info][gc,metaspace   ] GC(1194) Metaspace: 35835K(38144K)->35835K(38144K) NonClass: 26763K(27072K)->26763K(27072K) Class: 9071K(11072K)->9071K(11072K)
[6911.997s][info][gc             ] GC(1194) Pause Young (Normal) (G1 Evacuation Pause) 7322M->2829M(8192M) 154.697ms
[6911.997s][info][gc,cpu         ] GC(1194) User=1.22s Sys=0.01s Real=0.15s
....[6915.368s][info][gc,start       ] GC(1195) Pause Young (Normal) (G1 Evacuation Pause)
[6915.368s][info][gc,task        ] GC(1195) Using 8 workers of 8 for evacuation
[6915.525s][info][gc,phases      ] GC(1195)   Pre Evacuate Collection Set: 0.22ms
[6915.525s][info][gc,phases      ] GC(1195)   Merge Heap Roots: 0.52ms
[6915.525s][info][gc,phases      ] GC(1195)   Evacuate Collection Set: 154.67ms
[6915.525s][info][gc,phases      ] GC(1195)   Post Evacuate Collection Set: 1.05ms
[6915.525s][info][gc,phases      ] GC(1195)   Other: 0.06ms
[6915.525s][info][gc,heap        ] GC(1195) Eden regions: 569->0(562)
[6915.525s][info][gc,heap        ] GC(1195) Survivor regions: 45->45(77)
[6915.525s][info][gc,heap        ] GC(1195) Old regions: 280->287
[6915.525s][info][gc,heap        ] GC(1195) Humongous regions: 33->33
[6915.525s][info][gc,metaspace   ] GC(1195) Metaspace: 35835K(38144K)->35835K(38144K) NonClass: 26763K(27072K)->26763K(27072K) Class: 9071K(11072K)->9071K(11072K)
[6915.525s][info][gc             ] GC(1195) Pause Young (Normal) (G1 Evacuation Pause) 7381M->2892M(8192M) 156.660ms
[6915.525s][info][gc,cpu         ] GC(1195) User=1.24s Sys=0.00s Real=0.15s
...[6918.580s][info][gc,start       ] GC(1196) Pause Young (Normal) (G1 Evacuation Pause)
[6918.580s][info][gc,task        ] GC(1196) Using 8 workers of 8 for evacuation
[6918.729s][info][gc,phases      ] GC(1196)   Pre Evacuate Collection Set: 0.22ms
[6918.729s][info][gc,phases      ] GC(1196)   Merge Heap Roots: 0.53ms
[6918.729s][info][gc,phases      ] GC(1196)   Evacuate Collection Set: 147.10ms
[6918.729s][info][gc,phases      ] GC(1196)   Post Evacuate Collection Set: 1.04ms
[6918.729s][info][gc,phases      ] GC(1196)   Other: 0.06ms
[6918.729s][info][gc,heap        ] GC(1196) Eden regions: 562->0(559)
[6918.729s][info][gc,heap        ] GC(1196) Survivor regions: 45->43(76)
[6918.729s][info][gc,heap        ] GC(1196) Old regions: 287->294
[6918.729s][info][gc,heap        ] GC(1196) Humongous regions: 33->33
[6918.729s][info][gc,metaspace   ] GC(1196) Metaspace: 35835K(38144K)->35835K(38144K) NonClass: 26763K(27072K)->26763K(27072K) Class: 9071K(11072K)->9071K(11072K)
[6918.729s][info][gc             ] GC(1196) Pause Young (Normal) (G1 Evacuation Pause) 7388M->2932M(8192M) 149.087ms
[6918.730s][info][gc,cpu         ] GC(1196) User=1.18s Sys=0.00s Real=0.15s
...[6921.818s][info][gc,start       ] GC(1197) Pause Young (Normal) (G1 Evacuation Pause)
[6921.818s][info][gc,task        ] GC(1197) Using 8 workers of 8 for evacuation
[6921.972s][info][gc,phases      ] GC(1197)   Pre Evacuate Collection Set: 0.22ms
[6921.972s][info][gc,phases      ] GC(1197)   Merge Heap Roots: 0.52ms
[6921.972s][info][gc,phases      ] GC(1197)   Evacuate Collection Set: 152.11ms
[6921.972s][info][gc,phases      ] GC(1197)   Post Evacuate Collection Set: 1.02ms
[6921.972s][info][gc,phases      ] GC(1197)   Other: 0.06ms
[6921.972s][info][gc,heap        ] GC(1197) Eden regions: 559->0(549)
[6921.972s][info][gc,heap        ] GC(1197) Survivor regions: 43->44(76)
[6921.972s][info][gc,heap        ] GC(1197) Old regions: 294->302
[6921.972s][info][gc,heap        ] GC(1197) Humongous regions: 33->33
[6921.972s][info][gc,metaspace   ] GC(1197) Metaspace: 35835K(38144K)->35835K(38144K) NonClass: 26763K(27072K)->26763K(27072K) Class: 9071K(11072K)->9071K(11072K)
[6921.972s][info][gc             ] GC(1197) Pause Young (Normal) (G1 Evacuation Pause) 7404M->3000M(8192M) 154.066ms
[6921.972s][info][gc,cpu         ] GC(1197) User=1.22s Sys=0.00s Real=0.15s
...[6925.037s][info][gc,start       ] GC(1198) Pause Young (Concurrent Start) (G1 Evacuation Pause)
[6925.037s][info][gc,task        ] GC(1198) Using 8 workers of 8 for evacuation
[6925.183s][info][gc,phases      ] GC(1198)   Pre Evacuate Collection Set: 0.26ms
[6925.183s][info][gc,phases      ] GC(1198)   Merge Heap Roots: 0.52ms
[6925.183s][info][gc,phases      ] GC(1198)   Evacuate Collection Set: 144.45ms
[6925.183s][info][gc,phases      ] GC(1198)   Post Evacuate Collection Set: 1.02ms
[6925.183s][info][gc,phases      ] GC(1198)   Other: 0.10ms
[6925.183s][info][gc,heap        ] GC(1198) Eden regions: 549->0(545)
[6925.183s][info][gc,heap        ] GC(1198) Survivor regions: 44->42(75)
[6925.184s][info][gc,heap        ] GC(1198) Old regions: 302->310
[6925.184s][info][gc,heap        ] GC(1198) Humongous regions: 33->33
[6925.184s][info][gc,metaspace   ] GC(1198) Metaspace: 35835K(38144K)->35835K(38144K) NonClass: 26763K(27072K)->26763K(27072K) Class: 9071K(11072K)->9071K(11072K)
[6925.184s][info][gc             ] GC(1198) Pause Young (Concurrent Start) (G1 Evacuation Pause) 7392M->3045M(8192M) 146.460ms
[6925.184s][info][gc             ] GC(1199) Concurrent Mark Cycle
[6925.184s][info][gc,marking     ] GC(1199) Concurrent Scan Root Regions
[6925.184s][info][gc,cpu         ] GC(1198) User=1.15s Sys=0.00s Real=0.14s
.[6925.421s][info][gc,marking     ] GC(1199) Concurrent Scan Root Regions 236.975ms
[6925.421s][info][gc,marking     ] GC(1199) Concurrent Mark
[6925.421s][info][gc,marking     ] GC(1199) Concurrent Mark From Roots
[6925.421s][info][gc,task        ] GC(1199) Using 2 workers of 2 for marking
.[6926.611s][info][gc,marking     ] GC(1199) Concurrent Mark From Roots 1190.658ms
[6926.611s][info][gc,marking     ] GC(1199) Concurrent Preclean
[6926.611s][info][gc,marking     ] GC(1199) Concurrent Preclean 0.098ms
[6926.612s][info][gc,start       ] GC(1199) Pause Remark
[6926.614s][info][gc             ] GC(1199) Pause Remark 4674M->4138M(8192M) 2.434ms
[6926.614s][info][gc,cpu         ] GC(1199) User=0.02s Sys=0.00s Real=0.00s
[6926.614s][info][gc,marking     ] GC(1199) Concurrent Mark 1193.486ms
[6926.614s][info][gc,marking     ] GC(1199) Concurrent Rebuild Remembered Sets and Scrub Regions
.[6927.278s][info][gc,marking     ] GC(1199) Concurrent Rebuild Remembered Sets and Scrub Regions 663.465ms
[6927.278s][info][gc,start       ] GC(1199) Pause Cleanup
[6927.278s][info][gc             ] GC(1199) Pause Cleanup 4981M->4981M(8192M) 0.252ms
[6927.278s][info][gc,cpu         ] GC(1199) User=0.00s Sys=0.00s Real=0.00s
[6927.278s][info][gc,marking     ] GC(1199) Concurrent Clear Claimed Marks
[6927.278s][info][gc,marking     ] GC(1199) Concurrent Clear Claimed Marks 0.047ms
[6927.278s][info][gc,marking     ] GC(1199) Concurrent Cleanup for Next Mark
[6927.289s][info][gc,marking     ] GC(1199) Concurrent Cleanup for Next Mark 11.361ms
[6927.290s][info][gc             ] GC(1199) Concurrent Mark Cycle 2105.980ms
.[6928.484s][info][gc,start       ] GC(1200) Pause Young (Prepare Mixed) (G1 Evacuation Pause)
[6928.484s][info][gc,task        ] GC(1200) Using 8 workers of 8 for evacuation
[6928.631s][info][gc,phases      ] GC(1200)   Pre Evacuate Collection Set: 0.25ms
[6928.631s][info][gc,phases      ] GC(1200)   Merge Heap Roots: 0.72ms
[6928.631s][info][gc,phases      ] GC(1200)   Evacuate Collection Set: 144.67ms
[6928.631s][info][gc,phases      ] GC(1200)   Post Evacuate Collection Set: 1.12ms
[6928.631s][info][gc,phases      ] GC(1200)   Other: 0.07ms
[6928.631s][info][gc,heap        ] GC(1200) Eden regions: 545->0(571)
[6928.631s][info][gc,heap        ] GC(1200) Survivor regions: 42->43(74)
[6928.631s][info][gc,heap        ] GC(1200) Old regions: 243->250
[6928.631s][info][gc,heap        ] GC(1200) Humongous regions: 33->33
[6928.631s][info][gc,metaspace   ] GC(1200) Metaspace: 35835K(38144K)->35835K(38144K) NonClass: 26763K(27072K)->26763K(27072K) Class: 9071K(11072K)->9071K(11072K)
[6928.631s][info][gc             ] GC(1200) Pause Young (Prepare Mixed) (G1 Evacuation Pause) 6869M->2573M(8192M) 146.963ms
[6928.631s][info][gc,cpu         ] GC(1200) User=1.16s Sys=0.00s Real=0.15s
...[6931.701s][info][gc,start       ] GC(1201) Pause Young (Mixed) (G1 Evacuation Pause)
[6931.701s][info][gc,task        ] GC(1201) Using 8 workers of 8 for evacuation
[6931.856s][info][gc,phases      ] GC(1201)   Pre Evacuate Collection Set: 0.26ms
[6931.856s][info][gc,phases      ] GC(1201)   Merge Heap Roots: 0.99ms
[6931.856s][info][gc,phases      ] GC(1201)   Evacuate Collection Set: 152.22ms
[6931.856s][info][gc,phases      ] GC(1201)   Post Evacuate Collection Set: 1.31ms
[6931.856s][info][gc,phases      ] GC(1201)   Other: 0.08ms
[6931.856s][info][gc,heap        ] GC(1201) Eden regions: 571->0(571)
[6931.856s][info][gc,heap        ] GC(1201) Survivor regions: 43->43(77)
[6931.856s][info][gc,heap        ] GC(1201) Old regions: 250->155
[6931.856s][info][gc,heap        ] GC(1201) Humongous regions: 33->33
[6931.856s][info][gc,metaspace   ] GC(1201) Metaspace: 35835K(38144K)->35835K(38144K) NonClass: 26763K(27072K)->26763K(27072K) Class: 9071K(11072K)->9071K(11072K)
[6931.856s][info][gc             ] GC(1201) Pause Young (Mixed) (G1 Evacuation Pause) 7141M->1817M(8192M) 155.001ms
[6931.856s][info][gc,cpu         ] GC(1201) User=1.22s Sys=0.01s Real=0.15s
...[6935.114s][info][gc,start       ] GC(1202) Pause Young (Mixed) (G1 Evacuation Pause)
[6935.114s][info][gc,task        ] GC(1202) Using 8 workers of 8 for evacuation
[6935.273s][info][gc,phases      ] GC(1202)   Pre Evacuate Collection Set: 0.25ms
[6935.273s][info][gc,phases      ] GC(1202)   Merge Heap Roots: 0.78ms
[6935.273s][info][gc,phases      ] GC(1202)   Evacuate Collection Set: 156.80ms
[6935.273s][info][gc,phases      ] GC(1202)   Post Evacuate Collection Set: 1.05ms
[6935.273s][info][gc,phases      ] GC(1202)   Other: 0.08ms
[6935.273s][info][gc,heap        ] GC(1202) Eden regions: 571->0(571)
[6935.273s][info][gc,heap        ] GC(1202) Survivor regions: 43->43(77)
[6935.273s][info][gc,heap        ] GC(1202) Old regions: 155->143
[6935.273s][info][gc,heap        ] GC(1202) Humongous regions: 33->33
[6935.273s][info][gc,metaspace   ] GC(1202) Metaspace: 35835K(38144K)->35835K(38144K) NonClass: 26763K(27072K)->26763K(27072K) Class: 9071K(11072K)->9071K(11072K)
[6935.273s][info][gc             ] GC(1202) Pause Young (Mixed) (G1 Evacuation Pause) 6385M->1719M(8192M) 159.088ms
[6935.273s][info][gc,cpu         ] GC(1202) User=1.26s Sys=0.00s Real=0.16s
....[6938.367s][info][gc,start       ] GC(1203) Pause Young (Normal) (G1 Evacuation Pause)
[6938.367s][info][gc,task        ] GC(1203) Using 8 workers of 8 for evacuation
[6938.517s][info][gc,phases      ] GC(1203)   Pre Evacuate Collection Set: 0.22ms
[6938.517s][info][gc,phases      ] GC(1203)   Merge Heap Roots: 0.53ms
[6938.517s][info][gc,phases      ] GC(1203)   Evacuate Collection Set: 148.18ms
[6938.517s][info][gc,phases      ] GC(1203)   Post Evacuate Collection Set: 1.03ms
[6938.517s][info][gc,phases      ] GC(1203)   Other: 0.06ms
[6938.517s][info][gc,heap        ] GC(1203) Eden regions: 571->0(571)
[6938.517s][info][gc,heap        ] GC(1203) Survivor regions: 43->43(77)
[6938.517s][info][gc,heap        ] GC(1203) Old regions: 143->150
[6938.517s][info][gc,heap        ] GC(1203) Humongous regions: 33->33
[6938.517s][info][gc,metaspace   ] GC(1203) Metaspace: 35835K(38144K)->35835K(38144K) NonClass: 26763K(27072K)->26763K(27072K) Class: 9071K(11072K)->9071K(11072K)
[6938.517s][info][gc             ] GC(1203) Pause Young (Normal) (G1 Evacuation Pause) 6287M->1778M(8192M) 150.165ms
[6938.517s][info][gc,cpu         ] GC(1203) User=1.18s Sys=0.00s Real=0.15s
. (rIR:aIR:PR = 11623:11389:11457) (tPR = 170677) [IR is under limit] [PR is under limit] 
  6939s: Performance info:
         Transaction,    Success,    Partial,     Failed,   Receipts, AvgBarcode, 
             Overall,     231308,          0,          0,     219626,      59.47, 
         Response times:
             Request,    Success,    Partial,     Failed,   SkipFail,     Probes,    Samples,      min,      p50,      p90,      p95,      p99,      max, 
       TotalPurchase,     218308,          0,          0,          0,     116676,     178042,      300,    15200,   127000,   178000,   260000,  3300000,
     InStorePurchase,     113580,          0,          0,          0,      61214,      93737,      300,    15100,   126000,   177000,   261000,  3300000,
      OnlinePurchase,      81408,          0,          0,          0,      43197,      65490,      300,    15400,   127000,   178000,   259000,  3300000,
        InstPurchase,      23320,          0,          0,          0,      12265,      18815,      500,    15200,   126000,   180000,   258000,  3300000,
          AssocOfCat,        234,          0,          0,          0,        195,        354,    34000,    70000,   193500,   238000,   284850,   325000,
      AssocOfProduct,       2367,          0,          0,          0,       1399,       2287,      700,    15300,   120400,   165000,   240120,   970000,
      BusinessReport,        591,          0,          0,          0,        517,        862,    36000,    85000,   217400,   262000,   366960,  1400000,
          CustBuyBeh,       2368,          0,          0,          0,       1395,       2284,      200,    13700,   118500,   162750,   239000,   770000,
       ProductReturn,       6075,          0,          0,          0,       3136,       4941,      200,    15100,   127000,   168900,   277000,  3300000,

  6939s: 
  6939s: Failed, 8 overall retries left, retrying 1 of 1
  6939s: (84%)   IR =  11623 ..[6941.722s][info][gc,start       ] GC(1204) Pause Young (Normal) (G1 Evacuation Pause)
[6941.722s][info][gc,task        ] GC(1204) Using 8 workers of 8 for evacuation
[6941.879s][info][gc,phases      ] GC(1204)   Pre Evacuate Collection Set: 0.22ms
[6941.879s][info][gc,phases      ] GC(1204)   Merge Heap Roots: 0.51ms
[6941.879s][info][gc,phases      ] GC(1204)   Evacuate Collection Set: 154.68ms
[6941.879s][info][gc,phases      ] GC(1204)   Post Evacuate Collection Set: 1.10ms
[6941.879s][info][gc,phases      ] GC(1204)   Other: 0.07ms
[6941.879s][info][gc,heap        ] GC(1204) Eden regions: 571->0(569)
[6941.879s][info][gc,heap        ] GC(1204) Survivor regions: 43->45(77)
[6941.879s][info][gc,heap        ] GC(1204) Old regions: 150->157
[6941.879s][info][gc,heap        ] GC(1204) Humongous regions: 33->33
[6941.879s][info][gc,metaspace   ] GC(1204) Metaspace: 35835K(38144K)->35835K(38144K) NonClass: 26763K(27072K)->26763K(27072K) Class: 9071K(11072K)->9071K(11072K)
[6941.879s][info][gc             ] GC(1204) Pause Young (Normal) (G1 Evacuation Pause) 6346M->1852M(8192M) 156.709ms
[6941.879s][info][gc,cpu         ] GC(1204) User=1.24s Sys=0.00s Real=0.16s
...[6945.111s][info][gc,start       ] GC(1205) Pause Young (Normal) (G1 Evacuation Pause)
[6945.111s][info][gc,task        ] GC(1205) Using 8 workers of 8 for evacuation
[6945.255s][info][gc,phases      ] GC(1205)   Pre Evacuate Collection Set: 0.24ms
[6945.255s][info][gc,phases      ] GC(1205)   Merge Heap Roots: 0.52ms
[6945.255s][info][gc,phases      ] GC(1205)   Evacuate Collection Set: 141.87ms
[6945.255s][info][gc,phases      ] GC(1205)   Post Evacuate Collection Set: 1.06ms
[6945.255s][info][gc,phases      ] GC(1205)   Other: 0.07ms
[6945.255s][info][gc,heap        ] GC(1205) Eden regions: 569->0(571)
[6945.255s][info][gc,heap        ] GC(1205) Survivor regions: 45->43(77)
[6945.255s][info][gc,heap        ] GC(1205) Old regions: 157->165
[6945.255s][info][gc,heap        ] GC(1205) Humongous regions: 33->33
[6945.255s][info][gc,metaspace   ] GC(1205) Metaspace: 35835K(38144K)->35835K(38144K) NonClass: 26763K(27072K)->26763K(27072K) Class: 9071K(11072K)->9071K(11072K)
[6945.255s][info][gc             ] GC(1205) Pause Young (Normal) (G1 Evacuation Pause) 6404M->1889M(8192M) 143.882ms
[6945.255s][info][gc,cpu         ] GC(1205) User=1.14s Sys=0.00s Real=0.14s
....[6948.403s][info][gc,start       ] GC(1206) Pause Young (Normal) (G1 Evacuation Pause)
[6948.403s][info][gc,task        ] GC(1206) Using 8 workers of 8 for evacuation
[6948.550s][info][gc,phases      ] GC(1206)   Pre Evacuate Collection Set: 0.25ms
[6948.550s][info][gc,phases      ] GC(1206)   Merge Heap Roots: 0.64ms
[6948.550s][info][gc,phases      ] GC(1206)   Evacuate Collection Set: 144.28ms
[6948.550s][info][gc,phases      ] GC(1206)   Post Evacuate Collection Set: 1.01ms
[6948.550s][info][gc,phases      ] GC(1206)   Other: 0.06ms
[6948.550s][info][gc,heap        ] GC(1206) Eden regions: 571->0(571)
[6948.550s][info][gc,heap        ] GC(1206) Survivor regions: 43->43(77)
[6948.550s][info][gc,heap        ] GC(1206) Old regions: 165->172
[6948.550s][info][gc,heap        ] GC(1206) Humongous regions: 33->33
[6948.550s][info][gc,metaspace   ] GC(1206) Metaspace: 35835K(38144K)->35835K(38144K) NonClass: 26763K(27072K)->26763K(27072K) Class: 9071K(11072K)->9071K(11072K)
[6948.550s][info][gc             ] GC(1206) Pause Young (Normal) (G1 Evacuation Pause) 6457M->1950M(8192M) 146.377ms
[6948.550s][info][gc,cpu         ] GC(1206) User=1.16s Sys=0.00s Real=0.15s
...[6951.748s][info][gc,start       ] GC(1207) Pause Young (Normal) (G1 Evacuation Pause)
[6951.748s][info][gc,task        ] GC(1207) Using 8 workers of 8 for evacuation
[6951.898s][info][gc,phases      ] GC(1207)   Pre Evacuate Collection Set: 0.23ms
[6951.898s][info][gc,phases      ] GC(1207)   Merge Heap Roots: 0.53ms
[6951.898s][info][gc,phases      ] GC(1207)   Evacuate Collection Set: 147.58ms
[6951.898s][info][gc,phases      ] GC(1207)   Post Evacuate Collection Set: 1.06ms
[6951.898s][info][gc,phases      ] GC(1207)   Other: 0.07ms
[6951.898s][info][gc,heap        ] GC(1207) Eden regions: 571->0(571)
[6951.898s][info][gc,heap        ] GC(1207) Survivor regions: 43->43(77)
[6951.898s][info][gc,heap        ] GC(1207) Old regions: 172->179
[6951.898s][info][gc,heap        ] GC(1207) Humongous regions: 33->33
[6951.898s][info][gc,metaspace   ] GC(1207) Metaspace: 35835K(38144K)->35835K(38144K) NonClass: 26763K(27072K)->26763K(27072K) Class: 9071K(11072K)->9071K(11072K)
[6951.898s][info][gc             ] GC(1207) Pause Young (Normal) (G1 Evacuation Pause) 6518M->2008M(8192M) 149.614ms
[6951.898s][info][gc,cpu         ] GC(1207) User=1.19s Sys=0.00s Real=0.15s
...[6955.059s][info][gc,start       ] GC(1208) Pause Young (Normal) (G1 Evacuation Pause)
[6955.059s][info][gc,task        ] GC(1208) Using 8 workers of 8 for evacuation
[6955.205s][info][gc,phases      ] GC(1208)   Pre Evacuate Collection Set: 0.27ms
[6955.205s][info][gc,phases      ] GC(1208)   Merge Heap Roots: 0.52ms
[6955.205s][info][gc,phases      ] GC(1208)   Evacuate Collection Set: 144.61ms
[6955.205s][info][gc,phases      ] GC(1208)   Post Evacuate Collection Set: 1.04ms
[6955.205s][info][gc,phases      ] GC(1208)   Other: 0.07ms
[6955.205s][info][gc,heap        ] GC(1208) Eden regions: 571->0(571)
[6955.205s][info][gc,heap        ] GC(1208) Survivor regions: 43->43(77)
[6955.205s][info][gc,heap        ] GC(1208) Old regions: 179->186
[6955.205s][info][gc,heap        ] GC(1208) Humongous regions: 33->33
[6955.205s][info][gc,metaspace   ] GC(1208) Metaspace: 35835K(38144K)->35835K(38144K) NonClass: 26763K(27072K)->26763K(27072K) Class: 9071K(11072K)->9071K(11072K)
[6955.205s][info][gc             ] GC(1208) Pause Young (Normal) (G1 Evacuation Pause) 6576M->2062M(8192M) 146.627ms
[6955.205s][info][gc,cpu         ] GC(1208) User=1.16s Sys=0.00s Real=0.14s
...[6958.340s][info][gc,start       ] GC(1209) Pause Young (Normal) (G1 Evacuation Pause)
[6958.340s][info][gc,task        ] GC(1209) Using 8 workers of 8 for evacuation
[6958.489s][info][gc,phases      ] GC(1209)   Pre Evacuate Collection Set: 0.22ms
[6958.489s][info][gc,phases      ] GC(1209)   Merge Heap Roots: 0.58ms
[6958.489s][info][gc,phases      ] GC(1209)   Evacuate Collection Set: 146.45ms
[6958.489s][info][gc,phases      ] GC(1209)   Post Evacuate Collection Set: 1.04ms
[6958.489s][info][gc,phases      ] GC(1209)   Other: 0.80ms
[6958.489s][info][gc,heap        ] GC(1209) Eden regions: 571->0(571)
[6958.489s][info][gc,heap        ] GC(1209) Survivor regions: 43->43(77)
[6958.489s][info][gc,heap        ] GC(1209) Old regions: 186->193
[6958.489s][info][gc,heap        ] GC(1209) Humongous regions: 33->33
[6958.489s][info][gc,metaspace   ] GC(1209) Metaspace: 35835K(38144K)->35835K(38144K) NonClass: 26763K(27072K)->26763K(27072K) Class: 9071K(11072K)->9071K(11072K)
[6958.489s][info][gc             ] GC(1209) Pause Young (Normal) (G1 Evacuation Pause) 6630M->2118M(8192M) 149.248ms
[6958.489s][info][gc,cpu         ] GC(1209) User=1.18s Sys=0.00s Real=0.15s
....[6961.683s][info][gc,start       ] GC(1210) Pause Young (Normal) (G1 Evacuation Pause)
[6961.683s][info][gc,task        ] GC(1210) Using 8 workers of 8 for evacuation
[6961.833s][info][gc,phases      ] GC(1210)   Pre Evacuate Collection Set: 0.23ms
[6961.833s][info][gc,phases      ] GC(1210)   Merge Heap Roots: 0.52ms
[6961.833s][info][gc,phases      ] GC(1210)   Evacuate Collection Set: 148.05ms
[6961.833s][info][gc,phases      ] GC(1210)   Post Evacuate Collection Set: 1.07ms
[6961.833s][info][gc,phases      ] GC(1210)   Other: 0.06ms
[6961.833s][info][gc,heap        ] GC(1210) Eden regions: 571->0(570)
[6961.833s][info][gc,heap        ] GC(1210) Survivor regions: 43->44(77)
[6961.833s][info][gc,heap        ] GC(1210) Old regions: 193->200
[6961.833s][info][gc,heap        ] GC(1210) Humongous regions: 33->33
[6961.833s][info][gc,metaspace   ] GC(1210) Metaspace: 35835K(38144K)->35835K(38144K) NonClass: 26763K(27072K)->26763K(27072K) Class: 9071K(11072K)->9071K(11072K)
[6961.833s][info][gc             ] GC(1210) Pause Young (Normal) (G1 Evacuation Pause) 6686M->2186M(8192M) 150.065ms
[6961.833s][info][gc,cpu         ] GC(1210) User=1.19s Sys=0.00s Real=0.15s
..|.[6964.910s][info][gc,start       ] GC(1211) Pause Young (Normal) (G1 Evacuation Pause)
[6964.910s][info][gc,task        ] GC(1211) Using 8 workers of 8 for evacuation
[6965.062s][info][gc,phases      ] GC(1211)   Pre Evacuate Collection Set: 0.24ms
[6965.062s][info][gc,phases      ] GC(1211)   Merge Heap Roots: 0.52ms
[6965.062s][info][gc,phases      ] GC(1211)   Evacuate Collection Set: 150.24ms
[6965.062s][info][gc,phases      ] GC(1211)   Post Evacuate Collection Set: 1.05ms
[6965.062s][info][gc,phases      ] GC(1211)   Other: 0.06ms
[6965.062s][info][gc,heap        ] GC(1211) Eden regions: 570->0(570)
[6965.062s][info][gc,heap        ] GC(1211) Survivor regions: 44->44(77)
[6965.062s][info][gc,heap        ] GC(1211) Old regions: 200->208
[6965.062s][info][gc,heap        ] GC(1211) Humongous regions: 33->33
[6965.062s][info][gc,metaspace   ] GC(1211) Metaspace: 35835K(38144K)->35835K(38144K) NonClass: 26763K(27072K)->26763K(27072K) Class: 9071K(11072K)->9071K(11072K)
[6965.062s][info][gc             ] GC(1211) Pause Young (Normal) (G1 Evacuation Pause) 6746M->2246M(8192M) 152.237ms
[6965.062s][info][gc,cpu         ] GC(1211) User=1.20s Sys=0.00s Real=0.15s
...[6968.214s][info][gc,start       ] GC(1212) Pause Young (Normal) (G1 Evacuation Pause)
[6968.214s][info][gc,task        ] GC(1212) Using 8 workers of 8 for evacuation
[6968.358s][info][gc,phases      ] GC(1212)   Pre Evacuate Collection Set: 0.27ms
[6968.358s][info][gc,phases      ] GC(1212)   Merge Heap Roots: 0.57ms
[6968.358s][info][gc,phases      ] GC(1212)   Evacuate Collection Set: 142.71ms
[6968.358s][info][gc,phases      ] GC(1212)   Post Evacuate Collection Set: 1.04ms
[6968.358s][info][gc,phases      ] GC(1212)   Other: 0.08ms
[6968.358s][info][gc,heap        ] GC(1212) Eden regions: 570->0(571)
[6968.358s][info][gc,heap        ] GC(1212) Survivor regions: 44->43(77)
[6968.358s][info][gc,heap        ] GC(1212) Old regions: 208->215
[6968.358s][info][gc,heap        ] GC(1212) Humongous regions: 33->33
[6968.358s][info][gc,metaspace   ] GC(1212) Metaspace: 35835K(38144K)->35835K(38144K) NonClass: 26763K(27072K)->26763K(27072K) Class: 9071K(11072K)->9071K(11072K)
[6968.358s][info][gc             ] GC(1212) Pause Young (Normal) (G1 Evacuation Pause) 6806M->2297M(8192M) 144.801ms
[6968.358s][info][gc,cpu         ] GC(1212) User=1.14s Sys=0.00s Real=0.15s
....[6971.570s][info][gc,start       ] GC(1213) Pause Young (Normal) (G1 Evacuation Pause)
[6971.570s][info][gc,task        ] GC(1213) Using 8 workers of 8 for evacuation
[6971.723s][info][gc,phases      ] GC(1213)   Pre Evacuate Collection Set: 0.22ms
[6971.723s][info][gc,phases      ] GC(1213)   Merge Heap Roots: 0.61ms
[6971.723s][info][gc,phases      ] GC(1213)   Evacuate Collection Set: 151.04ms
[6971.723s][info][gc,phases      ] GC(1213)   Post Evacuate Collection Set: 1.05ms
[6971.723s][info][gc,phases      ] GC(1213)   Other: 0.07ms
[6971.723s][info][gc,heap        ] GC(1213) Eden regions: 571->0(570)
[6971.723s][info][gc,heap        ] GC(1213) Survivor regions: 43->44(77)
[6971.723s][info][gc,heap        ] GC(1213) Old regions: 215->222
[6971.723s][info][gc,heap        ] GC(1213) Humongous regions: 33->33
[6971.723s][info][gc,metaspace   ] GC(1213) Metaspace: 35835K(38144K)->35835K(38144K) NonClass: 26763K(27072K)->26763K(27072K) Class: 9071K(11072K)->9071K(11072K)
[6971.723s][info][gc             ] GC(1213) Pause Young (Normal) (G1 Evacuation Pause) 6865M->2361M(8192M) 153.110ms
[6971.723s][info][gc,cpu         ] GC(1213) User=1.20s Sys=0.01s Real=0.15s
...[6974.891s][info][gc,start       ] GC(1214) Pause Young (Normal) (G1 Evacuation Pause)
[6974.891s][info][gc,task        ] GC(1214) Using 8 workers of 8 for evacuation
[6975.047s][info][gc,phases      ] GC(1214)   Pre Evacuate Collection Set: 0.22ms
[6975.047s][info][gc,phases      ] GC(1214)   Merge Heap Roots: 0.53ms
[6975.047s][info][gc,phases      ] GC(1214)   Evacuate Collection Set: 153.57ms
[6975.047s][info][gc,phases      ] GC(1214)   Post Evacuate Collection Set: 1.05ms
[6975.047s][info][gc,phases      ] GC(1214)   Other: 0.06ms
[6975.047s][info][gc,heap        ] GC(1214) Eden regions: 570->0(569)
[6975.047s][info][gc,heap        ] GC(1214) Survivor regions: 44->45(77)
[6975.047s][info][gc,heap        ] GC(1214) Old regions: 222->229
[6975.047s][info][gc,heap        ] GC(1214) Humongous regions: 33->33
[6975.047s][info][gc,metaspace   ] GC(1214) Metaspace: 35835K(38144K)->35835K(38144K) NonClass: 26763K(27072K)->26763K(27072K) Class: 9071K(11072K)->9071K(11072K)
[6975.047s][info][gc             ] GC(1214) Pause Young (Normal) (G1 Evacuation Pause) 6921M->2428M(8192M) 155.567ms
[6975.047s][info][gc,cpu         ] GC(1214) User=1.23s Sys=0.00s Real=0.16s
...[6978.237s][info][gc,start       ] GC(1215) Pause Young (Normal) (G1 Evacuation Pause)
[6978.237s][info][gc,task        ] GC(1215) Using 8 workers of 8 for evacuation
[6978.390s][info][gc,phases      ] GC(1215)   Pre Evacuate Collection Set: 0.22ms
[6978.390s][info][gc,phases      ] GC(1215)   Merge Heap Roots: 0.53ms
[6978.390s][info][gc,phases      ] GC(1215)   Evacuate Collection Set: 150.59ms
[6978.390s][info][gc,phases      ] GC(1215)   Post Evacuate Collection Set: 1.04ms
[6978.390s][info][gc,phases      ] GC(1215)   Other: 0.06ms
[6978.390s][info][gc,heap        ] GC(1215) Eden regions: 569->0(570)
[6978.390s][info][gc,heap        ] GC(1215) Survivor regions: 45->44(77)
[6978.390s][info][gc,heap        ] GC(1215) Old regions: 229->237
[6978.390s][info][gc,heap        ] GC(1215) Humongous regions: 33->33
[6978.390s][info][gc,metaspace   ] GC(1215) Metaspace: 35835K(38144K)->35835K(38144K) NonClass: 26763K(27072K)->26763K(27072K) Class: 9071K(11072K)->9071K(11072K)
[6978.390s][info][gc             ] GC(1215) Pause Young (Normal) (G1 Evacuation Pause) 6980M->2478M(8192M) 152.571ms
[6978.390s][info][gc,cpu         ] GC(1215) User=1.21s Sys=0.00s Real=0.15s
....[6981.651s][info][gc,start       ] GC(1216) Pause Young (Normal) (G1 Evacuation Pause)
[6981.651s][info][gc,task        ] GC(1216) Using 8 workers of 8 for evacuation
[6981.797s][info][gc,phases      ] GC(1216)   Pre Evacuate Collection Set: 0.26ms
[6981.797s][info][gc,phases      ] GC(1216)   Merge Heap Roots: 0.58ms
[6981.797s][info][gc,phases      ] GC(1216)   Evacuate Collection Set: 144.18ms
[6981.797s][info][gc,phases      ] GC(1216)   Post Evacuate Collection Set: 1.06ms
[6981.797s][info][gc,phases      ] GC(1216)   Other: 0.07ms
[6981.797s][info][gc,heap        ] GC(1216) Eden regions: 570->0(571)
[6981.797s][info][gc,heap        ] GC(1216) Survivor regions: 44->43(77)
[6981.797s][info][gc,heap        ] GC(1216) Old regions: 237->244
[6981.797s][info][gc,heap        ] GC(1216) Humongous regions: 33->33
[6981.797s][info][gc,metaspace   ] GC(1216) Metaspace: 35835K(38144K)->35835K(38144K) NonClass: 26763K(27072K)->26763K(27072K) Class: 9071K(11072K)->9071K(11072K)
[6981.797s][info][gc             ] GC(1216) Pause Young (Normal) (G1 Evacuation Pause) 7038M->2529M(8192M) 146.293ms
[6981.798s][info][gc,cpu         ] GC(1216) User=1.16s Sys=0.00s Real=0.15s
...[6984.890s][info][gc,start       ] GC(1217) Pause Young (Normal) (G1 Evacuation Pause)
[6984.890s][info][gc,task        ] GC(1217) Using 8 workers of 8 for evacuation
[6985.041s][info][gc,phases      ] GC(1217)   Pre Evacuate Collection Set: 0.23ms
[6985.041s][info][gc,phases      ] GC(1217)   Merge Heap Roots: 0.53ms
[6985.041s][info][gc,phases      ] GC(1217)   Evacuate Collection Set: 149.04ms
[6985.041s][info][gc,phases      ] GC(1217)   Post Evacuate Collection Set: 1.07ms
[6985.041s][info][gc,phases      ] GC(1217)   Other: 0.07ms
[6985.041s][info][gc,heap        ] GC(1217) Eden regions: 571->0(569)
[6985.041s][info][gc,heap        ] GC(1217) Survivor regions: 43->45(77)
[6985.041s][info][gc,heap        ] GC(1217) Old regions: 244->251
[6985.041s][info][gc,heap        ] GC(1217) Humongous regions: 33->33
[6985.041s][info][gc,metaspace   ] GC(1217) Metaspace: 35835K(38144K)->35835K(38144K) NonClass: 26763K(27072K)->26763K(27072K) Class: 9071K(11072K)->9071K(11072K)
[6985.041s][info][gc             ] GC(1217) Pause Young (Normal) (G1 Evacuation Pause) 7097M->2598M(8192M) 151.087ms
[6985.041s][info][gc,cpu         ] GC(1217) User=1.19s Sys=0.01s Real=0.15s
...[6988.203s][info][gc,start       ] GC(1218) Pause Young (Normal) (G1 Evacuation Pause)
[6988.203s][info][gc,task        ] GC(1218) Using 8 workers of 8 for evacuation
[6988.354s][info][gc,phases      ] GC(1218)   Pre Evacuate Collection Set: 0.22ms
[6988.354s][info][gc,phases      ] GC(1218)   Merge Heap Roots: 0.52ms
[6988.354s][info][gc,phases      ] GC(1218)   Evacuate Collection Set: 148.54ms
[6988.354s][info][gc,phases      ] GC(1218)   Post Evacuate Collection Set: 1.05ms
[6988.354s][info][gc,phases      ] GC(1218)   Other: 0.06ms
[6988.354s][info][gc,heap        ] GC(1218) Eden regions: 569->0(571)
[6988.354s][info][gc,heap        ] GC(1218) Survivor regions: 45->43(77)
[6988.354s][info][gc,heap        ] GC(1218) Old regions: 251->259
[6988.354s][info][gc,heap        ] GC(1218) Humongous regions: 33->33
[6988.354s][info][gc,metaspace   ] GC(1218) Metaspace: 35835K(38144K)->35835K(38144K) NonClass: 26763K(27072K)->26763K(27072K) Class: 9071K(11072K)->9071K(11072K)
[6988.354s][info][gc             ] GC(1218) Pause Young (Normal) (G1 Evacuation Pause) 7150M->2646M(8192M) 150.513ms
[6988.354s][info][gc,cpu         ] GC(1218) User=1.19s Sys=0.00s Real=0.15s
....[6991.596s][info][gc,start       ] GC(1219) Pause Young (Normal) (G1 Evacuation Pause)
[6991.596s][info][gc,task        ] GC(1219) Using 8 workers of 8 for evacuation
[6991.746s][info][gc,phases      ] GC(1219)   Pre Evacuate Collection Set: 0.22ms
[6991.746s][info][gc,phases      ] GC(1219)   Merge Heap Roots: 0.53ms
[6991.746s][info][gc,phases      ] GC(1219)   Evacuate Collection Set: 147.77ms
[6991.746s][info][gc,phases      ] GC(1219)   Post Evacuate Collection Set: 1.04ms
[6991.746s][info][gc,phases      ] GC(1219)   Other: 0.06ms
[6991.746s][info][gc,heap        ] GC(1219) Eden regions: 571->0(570)
[6991.746s][info][gc,heap        ] GC(1219) Survivor regions: 43->44(77)
[6991.746s][info][gc,heap        ] GC(1219) Old regions: 259->266
[6991.746s][info][gc,heap        ] GC(1219) Humongous regions: 33->33
[6991.746s][info][gc,metaspace   ] GC(1219) Metaspace: 35835K(38144K)->35835K(38144K) NonClass: 26763K(27072K)->26763K(27072K) Class: 9071K(11072K)->9071K(11072K)
[6991.746s][info][gc             ] GC(1219) Pause Young (Normal) (G1 Evacuation Pause) 7214M->2713M(8192M) 149.761ms
[6991.746s][info][gc,cpu         ] GC(1219) User=1.18s Sys=0.00s Real=0.15s
...[6994.823s][info][gc,start       ] GC(1220) Pause Young (Normal) (G1 Evacuation Pause)
[6994.823s][info][gc,task        ] GC(1220) Using 8 workers of 8 for evacuation
[6994.973s][info][gc,phases      ] GC(1220)   Pre Evacuate Collection Set: 0.26ms
[6994.973s][info][gc,phases      ] GC(1220)   Merge Heap Roots: 0.52ms
[6994.973s][info][gc,phases      ] GC(1220)   Evacuate Collection Set: 148.43ms
[6994.973s][info][gc,phases      ] GC(1220)   Post Evacuate Collection Set: 1.02ms
[6994.973s][info][gc,phases      ] GC(1220)   Other: 0.06ms
[6994.973s][info][gc,heap        ] GC(1220) Eden regions: 570->0(570)
[6994.973s][info][gc,heap        ] GC(1220) Survivor regions: 44->44(77)
[6994.973s][info][gc,heap        ] GC(1220) Old regions: 266->273
[6994.973s][info][gc,heap        ] GC(1220) Humongous regions: 33->33
[6994.973s][info][gc,metaspace   ] GC(1220) Metaspace: 35835K(38144K)->35835K(38144K) NonClass: 26763K(27072K)->26763K(27072K) Class: 9071K(11072K)->9071K(11072K)
[6994.973s][info][gc             ] GC(1220) Pause Young (Normal) (G1 Evacuation Pause) 7273M->2765M(8192M) 150.426ms
[6994.973s][info][gc,cpu         ] GC(1220) User=1.19s Sys=0.00s Real=0.15s
...[6998.116s][info][gc,start       ] GC(1221) Pause Young (Normal) (G1 Evacuation Pause)
[6998.116s][info][gc,task        ] GC(1221) Using 8 workers of 8 for evacuation
[6998.264s][info][gc,phases      ] GC(1221)   Pre Evacuate Collection Set: 0.25ms
[6998.264s][info][gc,phases      ] GC(1221)   Merge Heap Roots: 0.53ms
[6998.264s][info][gc,phases      ] GC(1221)   Evacuate Collection Set: 146.46ms
[6998.264s][info][gc,phases      ] GC(1221)   Post Evacuate Collection Set: 1.04ms
[6998.264s][info][gc,phases      ] GC(1221)   Other: 0.06ms
[6998.264s][info][gc,heap        ] GC(1221) Eden regions: 570->0(570)
[6998.264s][info][gc,heap        ] GC(1221) Survivor regions: 44->44(77)
[6998.264s][info][gc,heap        ] GC(1221) Old regions: 273->280
[6998.264s][info][gc,heap        ] GC(1221) Humongous regions: 33->33
[6998.264s][info][gc,metaspace   ] GC(1221) Metaspace: 35835K(38144K)->35835K(38144K) NonClass: 26763K(27072K)->26763K(27072K) Class: 9071K(11072K)->9071K(11072K)
[6998.264s][info][gc             ] GC(1221) Pause Young (Normal) (G1 Evacuation Pause) 7325M->2821M(8192M) 148.470ms
[6998.264s][info][gc,cpu         ] GC(1221) User=1.18s Sys=0.00s Real=0.15s
...[7001.497s][info][gc,start       ] GC(1222) Pause Young (Normal) (G1 Evacuation Pause)
[7001.497s][info][gc,task        ] GC(1222) Using 8 workers of 8 for evacuation
[7001.652s][info][gc,phases      ] GC(1222)   Pre Evacuate Collection Set: 0.22ms
[7001.652s][info][gc,phases      ] GC(1222)   Merge Heap Roots: 0.52ms
[7001.652s][info][gc,phases      ] GC(1222)   Evacuate Collection Set: 152.98ms
[7001.652s][info][gc,phases      ] GC(1222)   Post Evacuate Collection Set: 1.06ms
[7001.652s][info][gc,phases      ] GC(1222)   Other: 0.06ms
[7001.652s][info][gc,heap        ] GC(1222) Eden regions: 570->0(563)
[7001.652s][info][gc,heap        ] GC(1222) Survivor regions: 44->44(77)
[7001.652s][info][gc,heap        ] GC(1222) Old regions: 280->288
[7001.652s][info][gc,heap        ] GC(1222) Humongous regions: 33->33
[7001.652s][info][gc,metaspace   ] GC(1222) Metaspace: 35835K(38144K)->35835K(38144K) NonClass: 26763K(27072K)->26763K(27072K) Class: 9071K(11072K)->9071K(11072K)
[7001.652s][info][gc             ] GC(1222) Pause Young (Normal) (G1 Evacuation Pause) 7381M->2885M(8192M) 154.964ms
[7001.652s][info][gc,cpu         ] GC(1222) User=1.23s Sys=0.00s Real=0.16s
....[7004.726s][info][gc,start       ] GC(1223) Pause Young (Normal) (G1 Evacuation Pause)
[7004.727s][info][gc,task        ] GC(1223) Using 8 workers of 8 for evacuation
[7004.878s][info][gc,phases      ] GC(1223)   Pre Evacuate Collection Set: 0.23ms
[7004.879s][info][gc,phases      ] GC(1223)   Merge Heap Roots: 0.52ms
[7004.879s][info][gc,phases      ] GC(1223)   Evacuate Collection Set: 150.12ms
[7004.879s][info][gc,phases      ] GC(1223)   Post Evacuate Collection Set: 1.03ms
[7004.879s][info][gc,phases      ] GC(1223)   Other: 0.06ms
[7004.879s][info][gc,heap        ] GC(1223) Eden regions: 563->0(556)
[7004.879s][info][gc,heap        ] GC(1223) Survivor regions: 44->44(76)
[7004.879s][info][gc,heap        ] GC(1223) Old regions: 288->295
[7004.879s][info][gc,heap        ] GC(1223) Humongous regions: 33->33
[7004.879s][info][gc,metaspace   ] GC(1223) Metaspace: 35835K(38144K)->35835K(38144K) NonClass: 26763K(27072K)->26763K(27072K) Class: 9071K(11072K)->9071K(11072K)
[7004.879s][info][gc             ] GC(1223) Pause Young (Normal) (G1 Evacuation Pause) 7389M->2946M(8192M) 152.103ms
[7004.879s][info][gc,cpu         ] GC(1223) User=1.21s Sys=0.00s Real=0.16s
...[7007.956s][info][gc,start       ] GC(1224) Pause Young (Normal) (G1 Evacuation Pause)
[7007.956s][info][gc,task        ] GC(1224) Using 8 workers of 8 for evacuation
[7008.100s][info][gc,phases      ] GC(1224)   Pre Evacuate Collection Set: 0.23ms
[7008.100s][info][gc,phases      ] GC(1224)   Merge Heap Roots: 0.53ms
[7008.100s][info][gc,phases      ] GC(1224)   Evacuate Collection Set: 142.33ms
[7008.100s][info][gc,phases      ] GC(1224)   Post Evacuate Collection Set: 1.01ms
[7008.100s][info][gc,phases      ] GC(1224)   Other: 0.06ms
[7008.100s][info][gc,heap        ] GC(1224) Eden regions: 556->0(551)
[7008.100s][info][gc,heap        ] GC(1224) Survivor regions: 44->43(75)
[7008.100s][info][gc,heap        ] GC(1224) Old regions: 295->302
[7008.100s][info][gc,heap        ] GC(1224) Humongous regions: 33->33
[7008.100s][info][gc,metaspace   ] GC(1224) Metaspace: 35835K(38144K)->35835K(38144K) NonClass: 26763K(27072K)->26763K(27072K) Class: 9071K(11072K)->9071K(11072K)
[7008.100s][info][gc             ] GC(1224) Pause Young (Normal) (G1 Evacuation Pause) 7394M->2992M(8192M) 144.302ms
[7008.100s][info][gc,cpu         ] GC(1224) User=1.14s Sys=0.00s Real=0.15s
...[7011.092s][info][gc,start       ] GC(1225) Pause Young (Concurrent Start) (G1 Evacuation Pause)
[7011.092s][info][gc,task        ] GC(1225) Using 8 workers of 8 for evacuation
[7011.237s][info][gc,phases      ] GC(1225)   Pre Evacuate Collection Set: 0.27ms
[7011.237s][info][gc,phases      ] GC(1225)   Merge Heap Roots: 0.52ms
[7011.237s][info][gc,phases      ] GC(1225)   Evacuate Collection Set: 142.89ms
[7011.237s][info][gc,phases      ] GC(1225)   Post Evacuate Collection Set: 1.02ms
[7011.237s][info][gc,phases      ] GC(1225)   Other: 0.10ms
[7011.237s][info][gc,heap        ] GC(1225) Eden regions: 551->0(543)
[7011.237s][info][gc,heap        ] GC(1225) Survivor regions: 43->43(75)
[7011.237s][info][gc,heap        ] GC(1225) Old regions: 302->310
[7011.237s][info][gc,heap        ] GC(1225) Humongous regions: 33->33
[7011.237s][info][gc,metaspace   ] GC(1225) Metaspace: 35835K(38144K)->35835K(38144K) NonClass: 26763K(27072K)->26763K(27072K) Class: 9071K(11072K)->9071K(11072K)
[7011.237s][info][gc             ] GC(1225) Pause Young (Concurrent Start) (G1 Evacuation Pause) 7400M->3053M(8192M) 144.922ms
[7011.237s][info][gc             ] GC(1226) Concurrent Mark Cycle
[7011.237s][info][gc,marking     ] GC(1226) Concurrent Scan Root Regions
[7011.237s][info][gc,cpu         ] GC(1225) User=1.15s Sys=0.00s Real=0.15s
[7011.640s][info][gc,marking     ] GC(1226) Concurrent Scan Root Regions 403.112ms
[7011.640s][info][gc,marking     ] GC(1226) Concurrent Mark
[7011.640s][info][gc,marking     ] GC(1226) Concurrent Mark From Roots
[7011.640s][info][gc,task        ] GC(1226) Using 2 workers of 2 for marking
..[7012.775s][info][gc,marking     ] GC(1226) Concurrent Mark From Roots 1134.584ms
[7012.775s][info][gc,marking     ] GC(1226) Concurrent Preclean
[7012.775s][info][gc,marking     ] GC(1226) Concurrent Preclean 0.106ms
[7012.775s][info][gc,start       ] GC(1226) Pause Remark
[7012.777s][info][gc             ] GC(1226) Pause Remark 4809M->4201M(8192M) 2.380ms
[7012.777s][info][gc,cpu         ] GC(1226) User=0.01s Sys=0.00s Real=0.01s
[7012.778s][info][gc,marking     ] GC(1226) Concurrent Mark 1137.373ms
[7012.778s][info][gc,marking     ] GC(1226) Concurrent Rebuild Remembered Sets and Scrub Regions
[7013.518s][info][gc,marking     ] GC(1226) Concurrent Rebuild Remembered Sets and Scrub Regions 740.503ms
[7013.518s][info][gc,start       ] GC(1226) Pause Cleanup
[7013.518s][info][gc             ] GC(1226) Pause Cleanup 5145M->5145M(8192M) 0.239ms
[7013.518s][info][gc,cpu         ] GC(1226) User=0.00s Sys=0.00s Real=0.00s
[7013.518s][info][gc,marking     ] GC(1226) Concurrent Clear Claimed Marks
[7013.519s][info][gc,marking     ] GC(1226) Concurrent Clear Claimed Marks 0.041ms
[7013.519s][info][gc,marking     ] GC(1226) Concurrent Cleanup for Next Mark
[7013.530s][info][gc,marking     ] GC(1226) Concurrent Cleanup for Next Mark 10.999ms
[7013.530s][info][gc             ] GC(1226) Concurrent Mark Cycle 2292.630ms
.[7014.516s][info][gc,start       ] GC(1227) Pause Young (Prepare Mixed) (G1 Evacuation Pause)
[7014.517s][info][gc,task        ] GC(1227) Using 8 workers of 8 for evacuation
[7014.669s][info][gc,phases      ] GC(1227)   Pre Evacuate Collection Set: 0.22ms
[7014.669s][info][gc,phases      ] GC(1227)   Merge Heap Roots: 0.72ms
[7014.669s][info][gc,phases      ] GC(1227)   Evacuate Collection Set: 150.14ms
[7014.669s][info][gc,phases      ] GC(1227)   Post Evacuate Collection Set: 1.11ms
[7014.669s][info][gc,phases      ] GC(1227)   Other: 0.07ms
[7014.669s][info][gc,heap        ] GC(1227) Eden regions: 543->0(570)
[7014.669s][info][gc,heap        ] GC(1227) Survivor regions: 43->44(74)
[7014.669s][info][gc,heap        ] GC(1227) Old regions: 234->241
[7014.669s][info][gc,heap        ] GC(1227) Humongous regions: 33->33
[7014.669s][info][gc,metaspace   ] GC(1227) Metaspace: 35835K(38144K)->35835K(38144K) NonClass: 26763K(27072K)->26763K(27072K) Class: 9071K(11072K)->9071K(11072K)
[7014.669s][info][gc             ] GC(1227) Pause Young (Prepare Mixed) (G1 Evacuation Pause) 6789M->2512M(8192M) 152.392ms
[7014.669s][info][gc,cpu         ] GC(1227) User=1.21s Sys=0.00s Real=0.16s
...[7017.648s][info][gc,start       ] GC(1228) Pause Young (Mixed) (G1 Evacuation Pause)
[7017.648s][info][gc,task        ] GC(1228) Using 8 workers of 8 for evacuation
[7017.810s][info][gc,phases      ] GC(1228)   Pre Evacuate Collection Set: 0.26ms
[7017.810s][info][gc,phases      ] GC(1228)   Merge Heap Roots: 0.94ms
[7017.810s][info][gc,phases      ] GC(1228)   Evacuate Collection Set: 159.42ms
[7017.810s][info][gc,phases      ] GC(1228)   Post Evacuate Collection Set: 1.20ms
[7017.810s][info][gc,phases      ] GC(1228)   Other: 0.09ms
[7017.810s][info][gc,heap        ] GC(1228) Eden regions: 570->0(570)
[7017.810s][info][gc,heap        ] GC(1228) Survivor regions: 44->44(77)
[7017.810s][info][gc,heap        ] GC(1228) Old regions: 241->147
[7017.810s][info][gc,heap        ] GC(1228) Humongous regions: 33->33
[7017.810s][info][gc,metaspace   ] GC(1228) Metaspace: 35835K(38144K)->35835K(38144K) NonClass: 26763K(27072K)->26763K(27072K) Class: 9071K(11072K)->9071K(11072K)
[7017.810s][info][gc             ] GC(1228) Pause Young (Mixed) (G1 Evacuation Pause) 7072M->1760M(8192M) 162.037ms
[7017.810s][info][gc,cpu         ] GC(1228) User=1.28s Sys=0.00s Real=0.16s
....[7020.991s][info][gc,start       ] GC(1229) Pause Young (Mixed) (G1 Evacuation Pause)
[7020.991s][info][gc,task        ] GC(1229) Using 8 workers of 8 for evacuation
[7021.145s][info][gc,phases      ] GC(1229)   Pre Evacuate Collection Set: 0.23ms
[7021.145s][info][gc,phases      ] GC(1229)   Merge Heap Roots: 0.57ms
[7021.145s][info][gc,phases      ] GC(1229)   Evacuate Collection Set: 152.26ms
[7021.145s][info][gc,phases      ] GC(1229)   Post Evacuate Collection Set: 1.05ms
[7021.145s][info][gc,phases      ] GC(1229)   Other: 0.06ms
[7021.145s][info][gc,heap        ] GC(1229) Eden regions: 570->0(569)
[7021.145s][info][gc,heap        ] GC(1229) Survivor regions: 44->45(77)
[7021.145s][info][gc,heap        ] GC(1229) Old regions: 147->143
[7021.145s][info][gc,heap        ] GC(1229) Humongous regions: 33->33
[7021.145s][info][gc,metaspace   ] GC(1229) Metaspace: 35835K(38144K)->35835K(38144K) NonClass: 26763K(27072K)->26763K(27072K) Class: 9071K(11072K)->9071K(11072K)
[7021.146s][info][gc             ] GC(1229) Pause Young (Mixed) (G1 Evacuation Pause) 6320M->1731M(8192M) 154.296ms
[7021.146s][info][gc,cpu         ] GC(1229) User=1.22s Sys=0.00s Real=0.15s
... (rIR:aIR:PR = 11623:11581:11583) (tPR = 170596) [OK] 
  7023s: Performance info:
         Transaction,    Success,    Partial,     Failed,   Receipts, AvgBarcode, 
             Overall,     698611,          0,          0,     663474,      59.48, 
         Response times:
             Request,    Success,    Partial,     Failed,   SkipFail,     Probes,    Samples,      min,      p50,      p90,      p95,      p99,      max, 
       TotalPurchase,     663363,          0,          0,          0,     353321,     509815,      300,    11400,    84000,   125000,   241000,  4400000,
     InStorePurchase,     351152,          0,          0,          0,     186371,     268877,      300,    11400,    84000,   124000,   243000,  4400000,
      OnlinePurchase,     242293,          0,          0,          0,     130084,     187560,      300,    11600,    85000,   126000,   240000,  4400000,
        InstPurchase,      69918,          0,          0,          0,      36866,      53378,      400,    11400,    84000,   123000,   238210,  4400000,
          AssocOfCat,        702,          0,          0,          0,        575,        961,    31000,    68000,   147400,   210800,   362080,  1200000,
      AssocOfProduct,       7073,          0,          0,          0,       4254,       6395,      800,    12700,    85000,   130000,   244120,  1400000,
      BusinessReport,       1752,          0,          0,          0,       1558,       2471,    35000,    76000,   159000,   220000,   339800,   710000,
          CustBuyBeh,       6988,          0,          0,          0,       4290,       6331,      300,    10900,    81000,   116000,   249680,  3000000,
       ProductReturn,      18617,          0,          0,          0,       9492,      14057,      200,    11400,    81000,   120000,   233420,   670000,

  7023s: (85%)   IR =  11761 [7024.276s][info][gc,start       ] GC(1230) Pause Young (Normal) (G1 Evacuation Pause)
[7024.276s][info][gc,task        ] GC(1230) Using 8 workers of 8 for evacuation
[7024.428s][info][gc,phases      ] GC(1230)   Pre Evacuate Collection Set: 0.21ms
[7024.428s][info][gc,phases      ] GC(1230)   Merge Heap Roots: 0.53ms
[7024.428s][info][gc,phases      ] GC(1230)   Evacuate Collection Set: 149.67ms
[7024.428s][info][gc,phases      ] GC(1230)   Post Evacuate Collection Set: 1.03ms
[7024.428s][info][gc,phases      ] GC(1230)   Other: 0.06ms
[7024.428s][info][gc,heap        ] GC(1230) Eden regions: 569->0(570)
[7024.428s][info][gc,heap        ] GC(1230) Survivor regions: 45->44(77)
[7024.428s][info][gc,heap        ] GC(1230) Old regions: 143->150
[7024.428s][info][gc,heap        ] GC(1230) Humongous regions: 33->33
[7024.428s][info][gc,metaspace   ] GC(1230) Metaspace: 35835K(38144K)->35835K(38144K) NonClass: 26763K(27072K)->26763K(27072K) Class: 9071K(11072K)->9071K(11072K)
[7024.428s][info][gc             ] GC(1230) Pause Young (Normal) (G1 Evacuation Pause) 6283M->1781M(8192M) 151.620ms
[7024.428s][info][gc,cpu         ] GC(1230) User=1.20s Sys=0.00s Real=0.16s
...[7027.597s][info][gc,start       ] GC(1231) Pause Young (Normal) (G1 Evacuation Pause)
[7027.597s][info][gc,task        ] GC(1231) Using 8 workers of 8 for evacuation
[7027.754s][info][gc,phases      ] GC(1231)   Pre Evacuate Collection Set: 0.23ms
[7027.754s][info][gc,phases      ] GC(1231)   Merge Heap Roots: 0.51ms
[7027.754s][info][gc,phases      ] GC(1231)   Evacuate Collection Set: 155.24ms
[7027.754s][info][gc,phases      ] GC(1231)   Post Evacuate Collection Set: 1.03ms
[7027.754s][info][gc,phases      ] GC(1231)   Other: 0.06ms
[7027.754s][info][gc,heap        ] GC(1231) Eden regions: 570->0(570)
[7027.754s][info][gc,heap        ] GC(1231) Survivor regions: 44->44(77)
[7027.754s][info][gc,heap        ] GC(1231) Old regions: 150->157
[7027.754s][info][gc,heap        ] GC(1231) Humongous regions: 33->33
[7027.754s][info][gc,metaspace   ] GC(1231) Metaspace: 35835K(38144K)->35835K(38144K) NonClass: 26763K(27072K)->26763K(27072K) Class: 9071K(11072K)->9071K(11072K)
[7027.754s][info][gc             ] GC(1231) Pause Young (Normal) (G1 Evacuation Pause) 6341M->1844M(8192M) 157.193ms
[7027.754s][info][gc,cpu         ] GC(1231) User=1.24s Sys=0.00s Real=0.16s
...[7030.876s][info][gc,start       ] GC(1232) Pause Young (Normal) (G1 Evacuation Pause)
[7030.876s][info][gc,task        ] GC(1232) Using 8 workers of 8 for evacuation
[7031.026s][info][gc,phases      ] GC(1232)   Pre Evacuate Collection Set: 0.23ms
[7031.026s][info][gc,phases      ] GC(1232)   Merge Heap Roots: 0.60ms
[7031.026s][info][gc,phases      ] GC(1232)   Evacuate Collection Set: 148.44ms
[7031.026s][info][gc,phases      ] GC(1232)   Post Evacuate Collection Set: 1.03ms
[7031.026s][info][gc,phases      ] GC(1232)   Other: 0.06ms
[7031.026s][info][gc,heap        ] GC(1232) Eden regions: 570->0(570)
[7031.026s][info][gc,heap        ] GC(1232) Survivor regions: 44->44(77)
[7031.026s][info][gc,heap        ] GC(1232) Old regions: 157->165
[7031.026s][info][gc,heap        ] GC(1232) Humongous regions: 33->33
[7031.026s][info][gc,metaspace   ] GC(1232) Metaspace: 35835K(38144K)->35835K(38144K) NonClass: 26763K(27072K)->26763K(27072K) Class: 9071K(11072K)->9071K(11072K)
[7031.026s][info][gc             ] GC(1232) Pause Young (Normal) (G1 Evacuation Pause) 6404M->1898M(8192M) 150.481ms
[7031.026s][info][gc,cpu         ] GC(1232) User=1.19s Sys=0.00s Real=0.15s
....|[7034.144s][info][gc,start       ] GC(1233) Pause Young (Normal) (G1 Evacuation Pause)
[7034.144s][info][gc,task        ] GC(1233) Using 8 workers of 8 for evacuation
[7034.294s][info][gc,phases      ] GC(1233)   Pre Evacuate Collection Set: 0.26ms
[7034.294s][info][gc,phases      ] GC(1233)   Merge Heap Roots: 0.52ms
[7034.294s][info][gc,phases      ] GC(1233)   Evacuate Collection Set: 148.56ms
[7034.294s][info][gc,phases      ] GC(1233)   Post Evacuate Collection Set: 1.06ms
[7034.294s][info][gc,phases      ] GC(1233)   Other: 0.06ms
[7034.294s][info][gc,heap        ] GC(1233) Eden regions: 570->0(570)
[7034.294s][info][gc,heap        ] GC(1233) Survivor regions: 44->44(77)
[7034.294s][info][gc,heap        ] GC(1233) Old regions: 165->172
[7034.294s][info][gc,heap        ] GC(1233) Humongous regions: 33->33
[7034.294s][info][gc,metaspace   ] GC(1233) Metaspace: 35835K(38144K)->35835K(38144K) NonClass: 26763K(27072K)->26763K(27072K) Class: 9071K(11072K)->9071K(11072K)
[7034.294s][info][gc             ] GC(1233) Pause Young (Normal) (G1 Evacuation Pause) 6458M->1957M(8192M) 150.590ms
[7034.294s][info][gc,cpu         ] GC(1233) User=1.19s Sys=0.00s Real=0.15s
...[7037.426s][info][gc,start       ] GC(1234) Pause Young (Normal) (G1 Evacuation Pause)
[7037.426s][info][gc,task        ] GC(1234) Using 8 workers of 8 for evacuation
[7037.577s][info][gc,phases      ] GC(1234)   Pre Evacuate Collection Set: 0.23ms
[7037.577s][info][gc,phases      ] GC(1234)   Merge Heap Roots: 0.53ms
[7037.577s][info][gc,phases      ] GC(1234)   Evacuate Collection Set: 148.71ms
[7037.577s][info][gc,phases      ] GC(1234)   Post Evacuate Collection Set: 1.05ms
[7037.577s][info][gc,phases      ] GC(1234)   Other: 0.06ms
[7037.577s][info][gc,heap        ] GC(1234) Eden regions: 570->0(570)
[7037.577s][info][gc,heap        ] GC(1234) Survivor regions: 44->44(77)
[7037.577s][info][gc,heap        ] GC(1234) Old regions: 172->179
[7037.577s][info][gc,heap        ] GC(1234) Humongous regions: 33->33
[7037.577s][info][gc,metaspace   ] GC(1234) Metaspace: 35835K(38144K)->35835K(38144K) NonClass: 26763K(27072K)->26763K(27072K) Class: 9071K(11072K)->9071K(11072K)
[7037.577s][info][gc             ] GC(1234) Pause Young (Normal) (G1 Evacuation Pause) 6517M->2012M(8192M) 150.710ms
[7037.577s][info][gc,cpu         ] GC(1234) User=1.19s Sys=0.00s Real=0.15s
...[7040.755s][info][gc,start       ] GC(1235) Pause Young (Normal) (G1 Evacuation Pause)
[7040.755s][info][gc,task        ] GC(1235) Using 8 workers of 8 for evacuation
[7040.903s][info][gc,phases      ] GC(1235)   Pre Evacuate Collection Set: 0.24ms
[7040.903s][info][gc,phases      ] GC(1235)   Merge Heap Roots: 0.53ms
[7040.903s][info][gc,phases      ] GC(1235)   Evacuate Collection Set: 145.98ms
[7040.903s][info][gc,phases      ] GC(1235)   Post Evacuate Collection Set: 1.07ms
[7040.903s][info][gc,phases      ] GC(1235)   Other: 0.06ms
[7040.903s][info][gc,heap        ] GC(1235) Eden regions: 570->0(571)
[7040.903s][info][gc,heap        ] GC(1235) Survivor regions: 44->43(77)
[7040.903s][info][gc,heap        ] GC(1235) Old regions: 179->186
[7040.903s][info][gc,heap        ] GC(1235) Humongous regions: 33->33
[7040.903s][info][gc,metaspace   ] GC(1235) Metaspace: 35835K(38144K)->35835K(38144K) NonClass: 26763K(27072K)->26763K(27072K) Class: 9071K(11072K)->9071K(11072K)
[7040.903s][info][gc             ] GC(1235) Pause Young (Normal) (G1 Evacuation Pause) 6572M->2064M(8192M) 148.021ms
[7040.903s][info][gc,cpu         ] GC(1235) User=1.17s Sys=0.00s Real=0.15s
...[7043.955s][info][gc,start       ] GC(1236) Pause Young (Normal) (G1 Evacuation Pause)
[7043.955s][info][gc,task        ] GC(1236) Using 8 workers of 8 for evacuation
[7044.109s][info][gc,phases      ] GC(1236)   Pre Evacuate Collection Set: 0.23ms
[7044.109s][info][gc,phases      ] GC(1236)   Merge Heap Roots: 0.52ms
[7044.109s][info][gc,phases      ] GC(1236)   Evacuate Collection Set: 151.37ms
[7044.109s][info][gc,phases      ] GC(1236)   Post Evacuate Collection Set: 1.03ms
[7044.109s][info][gc,phases      ] GC(1236)   Other: 0.06ms
[7044.109s][info][gc,heap        ] GC(1236) Eden regions: 571->0(570)
[7044.109s][info][gc,heap        ] GC(1236) Survivor regions: 43->44(77)
[7044.109s][info][gc,heap        ] GC(1236) Old regions: 186->193
[7044.109s][info][gc,heap        ] GC(1236) Humongous regions: 33->33
[7044.109s][info][gc,metaspace   ] GC(1236) Metaspace: 35835K(38144K)->35835K(38144K) NonClass: 26763K(27072K)->26763K(27072K) Class: 9071K(11072K)->9071K(11072K)
[7044.109s][info][gc             ] GC(1236) Pause Young (Normal) (G1 Evacuation Pause) 6632M->2126M(8192M) 153.356ms
[7044.109s][info][gc,cpu         ] GC(1236) User=1.21s Sys=0.00s Real=0.16s
....[7047.284s][info][gc,start       ] GC(1237) Pause Young (Normal) (G1 Evacuation Pause)
[7047.285s][info][gc,task        ] GC(1237) Using 8 workers of 8 for evacuation
[7047.431s][info][gc,phases      ] GC(1237)   Pre Evacuate Collection Set: 0.23ms
[7047.431s][info][gc,phases      ] GC(1237)   Merge Heap Roots: 0.52ms
[7047.431s][info][gc,phases      ] GC(1237)   Evacuate Collection Set: 145.05ms
[7047.431s][info][gc,phases      ] GC(1237)   Post Evacuate Collection Set: 1.05ms
[7047.431s][info][gc,phases      ] GC(1237)   Other: 0.06ms
[7047.431s][info][gc,heap        ] GC(1237) Eden regions: 570->0(571)
[7047.431s][info][gc,heap        ] GC(1237) Survivor regions: 44->43(77)
[7047.431s][info][gc,heap        ] GC(1237) Old regions: 193->200
[7047.431s][info][gc,heap        ] GC(1237) Humongous regions: 33->33
[7047.431s][info][gc,metaspace   ] GC(1237) Metaspace: 35835K(38144K)->35835K(38144K) NonClass: 26763K(27072K)->26763K(27072K) Class: 9071K(11072K)->9071K(11072K)
[7047.432s][info][gc             ] GC(1237) Pause Young (Normal) (G1 Evacuation Pause) 6686M->2176M(8192M) 147.041ms
[7047.432s][info][gc,cpu         ] GC(1237) User=1.16s Sys=0.00s Real=0.15s
...[7050.532s][info][gc,start       ] GC(1238) Pause Young (Normal) (G1 Evacuation Pause)
[7050.532s][info][gc,task        ] GC(1238) Using 8 workers of 8 for evacuation
[7050.690s][info][gc,phases      ] GC(1238)   Pre Evacuate Collection Set: 0.24ms
[7050.690s][info][gc,phases      ] GC(1238)   Merge Heap Roots: 0.52ms
[7050.690s][info][gc,phases      ] GC(1238)   Evacuate Collection Set: 156.04ms
[7050.690s][info][gc,phases      ] GC(1238)   Post Evacuate Collection Set: 1.05ms
[7050.690s][info][gc,phases      ] GC(1238)   Other: 0.06ms
[7050.690s][info][gc,heap        ] GC(1238) Eden regions: 571->0(568)
[7050.690s][info][gc,heap        ] GC(1238) Survivor regions: 43->46(77)
[7050.690s][info][gc,heap        ] GC(1238) Old regions: 200->207
[7050.690s][info][gc,heap        ] GC(1238) Humongous regions: 33->33
[7050.690s][info][gc,metaspace   ] GC(1238) Metaspace: 35835K(38144K)->35835K(38144K) NonClass: 26763K(27072K)->26763K(27072K) Class: 9071K(11072K)->9071K(11072K)
[7050.690s][info][gc             ] GC(1238) Pause Young (Normal) (G1 Evacuation Pause) 6744M->2258M(8192M) 158.044ms
[7050.690s][info][gc,cpu         ] GC(1238) User=1.25s Sys=0.00s Real=0.16s
...[7053.793s][info][gc,start       ] GC(1239) Pause Young (Normal) (G1 Evacuation Pause)
[7053.793s][info][gc,task        ] GC(1239) Using 8 workers of 8 for evacuation
[7053.950s][info][gc,phases      ] GC(1239)   Pre Evacuate Collection Set: 0.23ms
[7053.950s][info][gc,phases      ] GC(1239)   Merge Heap Roots: 0.52ms
[7053.950s][info][gc,phases      ] GC(1239)   Evacuate Collection Set: 155.08ms
[7053.950s][info][gc,phases      ] GC(1239)   Post Evacuate Collection Set: 1.03ms
[7053.950s][info][gc,phases      ] GC(1239)   Other: 0.06ms
[7053.950s][info][gc,heap        ] GC(1239) Eden regions: 568->0(569)
[7053.950s][info][gc,heap        ] GC(1239) Survivor regions: 46->45(77)
[7053.950s][info][gc,heap        ] GC(1239) Old regions: 207->215
[7053.950s][info][gc,heap        ] GC(1239) Humongous regions: 33->33
[7053.950s][info][gc,metaspace   ] GC(1239) Metaspace: 35835K(38144K)->35835K(38144K) NonClass: 26763K(27072K)->26763K(27072K) Class: 9071K(11072K)->9071K(11072K)
[7053.950s][info][gc             ] GC(1239) Pause Young (Normal) (G1 Evacuation Pause) 6802M->2310M(8192M) 157.042ms
[7053.950s][info][gc,cpu         ] GC(1239) User=1.24s Sys=0.00s Real=0.16s
...[7057.035s][info][gc,start       ] GC(1240) Pause Young (Normal) (G1 Evacuation Pause)
[7057.035s][info][gc,task        ] GC(1240) Using 8 workers of 8 for evacuation
[7057.183s][info][gc,phases      ] GC(1240)   Pre Evacuate Collection Set: 0.24ms
[7057.183s][info][gc,phases      ] GC(1240)   Merge Heap Roots: 0.54ms
[7057.183s][info][gc,phases      ] GC(1240)   Evacuate Collection Set: 146.19ms
[7057.183s][info][gc,phases      ] GC(1240)   Post Evacuate Collection Set: 1.04ms
[7057.183s][info][gc,phases      ] GC(1240)   Other: 0.06ms
[7057.183s][info][gc,heap        ] GC(1240) Eden regions: 569->0(571)
[7057.183s][info][gc,heap        ] GC(1240) Survivor regions: 45->43(77)
[7057.183s][info][gc,heap        ] GC(1240) Old regions: 215->222
[7057.183s][info][gc,heap        ] GC(1240) Humongous regions: 33->33
[7057.183s][info][gc,metaspace   ] GC(1240) Metaspace: 35835K(38144K)->35835K(38144K) NonClass: 26763K(27072K)->26763K(27072K) Class: 9071K(11072K)->9071K(11072K)
[7057.183s][info][gc             ] GC(1240) Pause Young (Normal) (G1 Evacuation Pause) 6862M->2353M(8192M) 148.201ms
[7057.183s][info][gc,cpu         ] GC(1240) User=1.17s Sys=0.00s Real=0.15s
....[7060.397s][info][gc,start       ] GC(1241) Pause Young (Normal) (G1 Evacuation Pause)
[7060.397s][info][gc,task        ] GC(1241) Using 8 workers of 8 for evacuation
[7060.545s][info][gc,phases      ] GC(1241)   Pre Evacuate Collection Set: 0.24ms
[7060.545s][info][gc,phases      ] GC(1241)   Merge Heap Roots: 0.52ms
[7060.545s][info][gc,phases      ] GC(1241)   Evacuate Collection Set: 146.01ms
[7060.545s][info][gc,phases      ] GC(1241)   Post Evacuate Collection Set: 1.08ms
[7060.545s][info][gc,phases      ] GC(1241)   Other: 0.06ms
[7060.545s][info][gc,heap        ] GC(1241) Eden regions: 571->0(570)
[7060.545s][info][gc,heap        ] GC(1241) Survivor regions: 43->44(77)
[7060.545s][info][gc,heap        ] GC(1241) Old regions: 222->229
[7060.545s][info][gc,heap        ] GC(1241) Humongous regions: 33->33
[7060.545s][info][gc,metaspace   ] GC(1241) Metaspace: 35835K(38144K)->35835K(38144K) NonClass: 26763K(27072K)->26763K(27072K) Class: 9071K(11072K)->9071K(11072K)
[7060.545s][info][gc             ] GC(1241) Pause Young (Normal) (G1 Evacuation Pause) 6921M->2413M(8192M) 148.039ms
[7060.545s][info][gc,cpu         ] GC(1241) User=1.17s Sys=0.00s Real=0.14s
...[7063.653s][info][gc,start       ] GC(1242) Pause Young (Normal) (G1 Evacuation Pause)
[7063.653s][info][gc,task        ] GC(1242) Using 8 workers of 8 for evacuation
[7063.808s][info][gc,phases      ] GC(1242)   Pre Evacuate Collection Set: 0.25ms
[7063.808s][info][gc,phases      ] GC(1242)   Merge Heap Roots: 0.52ms
[7063.808s][info][gc,phases      ] GC(1242)   Evacuate Collection Set: 152.59ms
[7063.808s][info][gc,phases      ] GC(1242)   Post Evacuate Collection Set: 1.05ms
[7063.808s][info][gc,phases      ] GC(1242)   Other: 0.07ms
[7063.808s][info][gc,heap        ] GC(1242) Eden regions: 570->0(570)
[7063.808s][info][gc,heap        ] GC(1242) Survivor regions: 44->44(77)
[7063.808s][info][gc,heap        ] GC(1242) Old regions: 229->236
[7063.808s][info][gc,heap        ] GC(1242) Humongous regions: 33->33
[7063.808s][info][gc,metaspace   ] GC(1242) Metaspace: 35835K(38144K)->35835K(38144K) NonClass: 26763K(27072K)->26763K(27072K) Class: 9071K(11072K)->9071K(11072K)
[7063.808s][info][gc             ] GC(1242) Pause Young (Normal) (G1 Evacuation Pause) 6973M->2469M(8192M) 154.612ms
[7063.808s][info][gc,cpu         ] GC(1242) User=1.22s Sys=0.00s Real=0.16s
...[7066.928s][info][gc,start       ] GC(1243) Pause Young (Normal) (G1 Evacuation Pause)
[7066.928s][info][gc,task        ] GC(1243) Using 8 workers of 8 for evacuation
[7067.077s][info][gc,phases      ] GC(1243)   Pre Evacuate Collection Set: 0.23ms
[7067.077s][info][gc,phases      ] GC(1243)   Merge Heap Roots: 0.52ms
[7067.077s][info][gc,phases      ] GC(1243)   Evacuate Collection Set: 147.09ms
[7067.077s][info][gc,phases      ] GC(1243)   Post Evacuate Collection Set: 1.05ms
[7067.077s][info][gc,phases      ] GC(1243)   Other: 0.06ms
[7067.077s][info][gc,heap        ] GC(1243) Eden regions: 570->0(571)
[7067.077s][info][gc,heap        ] GC(1243) Survivor regions: 44->43(77)
[7067.077s][info][gc,heap        ] GC(1243) Old regions: 236->243
[7067.077s][info][gc,heap        ] GC(1243) Humongous regions: 33->33
[7067.077s][info][gc,metaspace   ] GC(1243) Metaspace: 35835K(38144K)->35835K(38144K) NonClass: 26763K(27072K)->26763K(27072K) Class: 9071K(11072K)->9071K(11072K)
[7067.077s][info][gc             ] GC(1243) Pause Young (Normal) (G1 Evacuation Pause) 7029M->2522M(8192M) 149.118ms
[7067.077s][info][gc,cpu         ] GC(1243) User=1.18s Sys=0.00s Real=0.15s
...[7070.188s][info][gc,start       ] GC(1244) Pause Young (Normal) (G1 Evacuation Pause)
[7070.189s][info][gc,task        ] GC(1244) Using 8 workers of 8 for evacuation
[7070.336s][info][gc,phases      ] GC(1244)   Pre Evacuate Collection Set: 0.22ms
[7070.336s][info][gc,phases      ] GC(1244)   Merge Heap Roots: 0.56ms
[7070.336s][info][gc,phases      ] GC(1244)   Evacuate Collection Set: 145.93ms
[7070.336s][info][gc,phases      ] GC(1244)   Post Evacuate Collection Set: 1.06ms
[7070.336s][info][gc,phases      ] GC(1244)   Other: 0.06ms
[7070.336s][info][gc,heap        ] GC(1244) Eden regions: 571->0(571)
[7070.336s][info][gc,heap        ] GC(1244) Survivor regions: 43->43(77)
[7070.336s][info][gc,heap        ] GC(1244) Old regions: 243->250
[7070.336s][info][gc,heap        ] GC(1244) Humongous regions: 33->33
[7070.336s][info][gc,metaspace   ] GC(1244) Metaspace: 35835K(38144K)->35835K(38144K) NonClass: 26763K(27072K)->26763K(27072K) Class: 9071K(11072K)->9071K(11072K)
[7070.336s][info][gc             ] GC(1244) Pause Young (Normal) (G1 Evacuation Pause) 7090M->2580M(8192M) 147.945ms
[7070.336s][info][gc,cpu         ] GC(1244) User=1.17s Sys=0.00s Real=0.14s
....[7073.419s][info][gc,start       ] GC(1245) Pause Young (Normal) (G1 Evacuation Pause)
[7073.419s][info][gc,task        ] GC(1245) Using 8 workers of 8 for evacuation
[7073.570s][info][gc,phases      ] GC(1245)   Pre Evacuate Collection Set: 0.26ms
[7073.570s][info][gc,phases      ] GC(1245)   Merge Heap Roots: 0.52ms
[7073.570s][info][gc,phases      ] GC(1245)   Evacuate Collection Set: 149.42ms
[7073.570s][info][gc,phases      ] GC(1245)   Post Evacuate Collection Set: 1.03ms
[7073.571s][info][gc,phases      ] GC(1245)   Other: 0.06ms
[7073.571s][info][gc,heap        ] GC(1245) Eden regions: 571->0(570)
[7073.571s][info][gc,heap        ] GC(1245) Survivor regions: 43->44(77)
[7073.571s][info][gc,heap        ] GC(1245) Old regions: 250->258
[7073.571s][info][gc,heap        ] GC(1245) Humongous regions: 33->33
[7073.571s][info][gc,metaspace   ] GC(1245) Metaspace: 35835K(38144K)->35835K(38144K) NonClass: 26763K(27072K)->26763K(27072K) Class: 9071K(11072K)->9071K(11072K)
[7073.571s][info][gc             ] GC(1245) Pause Young (Normal) (G1 Evacuation Pause) 7148M->2642M(8192M) 151.413ms
[7073.571s][info][gc,cpu         ] GC(1245) User=1.20s Sys=0.00s Real=0.15s
...[7076.628s][info][gc,start       ] GC(1246) Pause Young (Normal) (G1 Evacuation Pause)
[7076.628s][info][gc,task        ] GC(1246) Using 8 workers of 8 for evacuation
[7076.776s][info][gc,phases      ] GC(1246)   Pre Evacuate Collection Set: 0.24ms
[7076.776s][info][gc,phases      ] GC(1246)   Merge Heap Roots: 0.54ms
[7076.776s][info][gc,phases      ] GC(1246)   Evacuate Collection Set: 145.89ms
[7076.776s][info][gc,phases      ] GC(1246)   Post Evacuate Collection Set: 1.04ms
[7076.776s][info][gc,phases      ] GC(1246)   Other: 0.06ms
[7076.776s][info][gc,heap        ] GC(1246) Eden regions: 570->0(571)
[7076.776s][info][gc,heap        ] GC(1246) Survivor regions: 44->43(77)
[7076.776s][info][gc,heap        ] GC(1246) Old regions: 258->265
[7076.776s][info][gc,heap        ] GC(1246) Humongous regions: 33->33
[7076.776s][info][gc,metaspace   ] GC(1246) Metaspace: 35835K(38144K)->35835K(38144K) NonClass: 26763K(27072K)->26763K(27072K) Class: 9071K(11072K)->9071K(11072K)
[7076.776s][info][gc             ] GC(1246) Pause Young (Normal) (G1 Evacuation Pause) 7202M->2692M(8192M) 147.914ms
[7076.776s][info][gc,cpu         ] GC(1246) User=1.17s Sys=0.00s Real=0.14s
...[7079.997s][info][gc,start       ] GC(1247) Pause Young (Normal) (G1 Evacuation Pause)
[7079.997s][info][gc,task        ] GC(1247) Using 8 workers of 8 for evacuation
[7080.148s][info][gc,phases      ] GC(1247)   Pre Evacuate Collection Set: 0.24ms
[7080.148s][info][gc,phases      ] GC(1247)   Merge Heap Roots: 0.53ms
[7080.148s][info][gc,phases      ] GC(1247)   Evacuate Collection Set: 148.74ms
[7080.148s][info][gc,phases      ] GC(1247)   Post Evacuate Collection Set: 1.02ms
[7080.148s][info][gc,phases      ] GC(1247)   Other: 0.07ms
[7080.148s][info][gc,heap        ] GC(1247) Eden regions: 571->0(571)
[7080.148s][info][gc,heap        ] GC(1247) Survivor regions: 43->43(77)
[7080.148s][info][gc,heap        ] GC(1247) Old regions: 265->272
[7080.148s][info][gc,heap        ] GC(1247) Humongous regions: 33->33
[7080.148s][info][gc,metaspace   ] GC(1247) Metaspace: 35835K(38144K)->35835K(38144K) NonClass: 26763K(27072K)->26763K(27072K) Class: 9071K(11072K)->9071K(11072K)
[7080.148s][info][gc             ] GC(1247) Pause Young (Normal) (G1 Evacuation Pause) 7260M->2748M(8192M) 150.730ms
[7080.148s][info][gc,cpu         ] GC(1247) User=1.19s Sys=0.00s Real=0.16s
...[7083.202s][info][gc,start       ] GC(1248) Pause Young (Normal) (G1 Evacuation Pause)
[7083.202s][info][gc,task        ] GC(1248) Using 8 workers of 8 for evacuation
[7083.349s][info][gc,phases      ] GC(1248)   Pre Evacuate Collection Set: 0.23ms
[7083.349s][info][gc,phases      ] GC(1248)   Merge Heap Roots: 0.51ms
[7083.349s][info][gc,phases      ] GC(1248)   Evacuate Collection Set: 145.45ms
[7083.349s][info][gc,phases      ] GC(1248)   Post Evacuate Collection Set: 1.05ms
[7083.349s][info][gc,phases      ] GC(1248)   Other: 0.08ms
[7083.349s][info][gc,heap        ] GC(1248) Eden regions: 571->0(571)
[7083.349s][info][gc,heap        ] GC(1248) Survivor regions: 43->43(77)
[7083.349s][info][gc,heap        ] GC(1248) Old regions: 272->279
[7083.349s][info][gc,heap        ] GC(1248) Humongous regions: 33->33
[7083.349s][info][gc,metaspace   ] GC(1248) Metaspace: 35835K(38144K)->35835K(38144K) NonClass: 26763K(27072K)->26763K(27072K) Class: 9071K(11072K)->9071K(11072K)
[7083.349s][info][gc             ] GC(1248) Pause Young (Normal) (G1 Evacuation Pause) 7316M->2809M(8192M) 147.437ms
[7083.349s][info][gc,cpu         ] GC(1248) User=1.17s Sys=0.00s Real=0.15s
....[7086.413s][info][gc,start       ] GC(1249) Pause Young (Normal) (G1 Evacuation Pause)
[7086.413s][info][gc,task        ] GC(1249) Using 8 workers of 8 for evacuation
[7086.562s][info][gc,phases      ] GC(1249)   Pre Evacuate Collection Set: 0.24ms
[7086.562s][info][gc,phases      ] GC(1249)   Merge Heap Roots: 0.52ms
[7086.562s][info][gc,phases      ] GC(1249)   Evacuate Collection Set: 147.33ms
[7086.562s][info][gc,phases      ] GC(1249)   Post Evacuate Collection Set: 1.05ms
[7086.562s][info][gc,phases      ] GC(1249)   Other: 0.06ms
[7086.562s][info][gc,heap        ] GC(1249) Eden regions: 571->0(567)
[7086.562s][info][gc,heap        ] GC(1249) Survivor regions: 43->43(77)
[7086.562s][info][gc,heap        ] GC(1249) Old regions: 279->286
[7086.562s][info][gc,heap        ] GC(1249) Humongous regions: 33->33
[7086.562s][info][gc,metaspace   ] GC(1249) Metaspace: 35835K(38144K)->35835K(38144K) NonClass: 26763K(27072K)->26763K(27072K) Class: 9071K(11072K)->9071K(11072K)
[7086.562s][info][gc             ] GC(1249) Pause Young (Normal) (G1 Evacuation Pause) 7377M->2868M(8192M) 149.331ms
[7086.562s][info][gc,cpu         ] GC(1249) User=1.18s Sys=0.00s Real=0.15s
...[7089.727s][info][gc,start       ] GC(1250) Pause Young (Normal) (G1 Evacuation Pause)
[7089.727s][info][gc,task        ] GC(1250) Using 8 workers of 8 for evacuation
[7089.876s][info][gc,phases      ] GC(1250)   Pre Evacuate Collection Set: 0.24ms
[7089.876s][info][gc,phases      ] GC(1250)   Merge Heap Roots: 0.53ms
[7089.876s][info][gc,phases      ] GC(1250)   Evacuate Collection Set: 147.87ms
[7089.876s][info][gc,phases      ] GC(1250)   Post Evacuate Collection Set: 1.04ms
[7089.876s][info][gc,phases      ] GC(1250)   Other: 0.06ms
[7089.876s][info][gc,heap        ] GC(1250) Eden regions: 567->0(560)
[7089.876s][info][gc,heap        ] GC(1250) Survivor regions: 43->43(77)
[7089.876s][info][gc,heap        ] GC(1250) Old regions: 286->293
[7089.876s][info][gc,heap        ] GC(1250) Humongous regions: 33->33
[7089.876s][info][gc,metaspace   ] GC(1250) Metaspace: 35835K(38144K)->35835K(38144K) NonClass: 26763K(27072K)->26763K(27072K) Class: 9071K(11072K)->9071K(11072K)
[7089.876s][info][gc             ] GC(1250) Pause Young (Normal) (G1 Evacuation Pause) 7404M->2924M(8192M) 149.874ms
[7089.876s][info][gc,cpu         ] GC(1250) User=1.19s Sys=0.00s Real=0.15s
...[7093.040s][info][gc,start       ] GC(1251) Pause Young (Normal) (G1 Evacuation Pause)
[7093.040s][info][gc,task        ] GC(1251) Using 8 workers of 8 for evacuation
[7093.189s][info][gc,phases      ] GC(1251)   Pre Evacuate Collection Set: 0.25ms
[7093.189s][info][gc,phases      ] GC(1251)   Merge Heap Roots: 0.57ms
[7093.189s][info][gc,phases      ] GC(1251)   Evacuate Collection Set: 147.11ms
[7093.189s][info][gc,phases      ] GC(1251)   Post Evacuate Collection Set: 1.01ms
[7093.189s][info][gc,phases      ] GC(1251)   Other: 0.06ms
[7093.189s][info][gc,heap        ] GC(1251) Eden regions: 560->0(552)
[7093.189s][info][gc,heap        ] GC(1251) Survivor regions: 43->43(76)
[7093.189s][info][gc,heap        ] GC(1251) Old regions: 293->301
[7093.189s][info][gc,heap        ] GC(1251) Humongous regions: 33->33
[7093.189s][info][gc,metaspace   ] GC(1251) Metaspace: 35835K(38144K)->35835K(38144K) NonClass: 26763K(27072K)->26763K(27072K) Class: 9071K(11072K)->9071K(11072K)
[7093.189s][info][gc             ] GC(1251) Pause Young (Normal) (G1 Evacuation Pause) 7404M->2982M(8192M) 149.129ms
[7093.189s][info][gc,cpu         ] GC(1251) User=1.18s Sys=0.00s Real=0.15s
.. (rIR:aIR:PR = 11761:11722:11726) (tPR = 175735) [OK] 
  7094s: Performance info:
         Transaction,    Success,    Partial,     Failed,   Receipts, AvgBarcode, 
             Overall,     707483,          0,          0,     671504,      59.47, 
         Response times:
             Request,    Success,    Partial,     Failed,   SkipFail,     Probes,    Samples,      min,      p50,      p90,      p95,      p99,      max, 
       TotalPurchase,     671261,          0,          0,          0,     357823,     425746,      300,    11700,    70000,   106000,   163000,   960000,
     InStorePurchase,     350717,          0,          0,          0,     187172,     222396,      300,    11700,    71000,   106000,   163000,   960000,
      OnlinePurchase,     249361,          0,          0,          0,     132459,     157425,      300,    11600,    70000,   106000,   164000,   960000,
        InstPurchase,      71183,          0,          0,          0,      38192,      45925,      500,    12000,    71000,   106000,   163000,   810000,
          AssocOfCat,        711,          0,          0,          0,        599,        803,    35000,    66000,   141200,   190800,   318920,   457000,
      AssocOfProduct,       7167,          0,          0,          0,       4354,       5412,      700,    11700,    71000,   108000,   172000,   740000,
      BusinessReport,       1775,          0,          0,          0,       1595,       2001,    34000,    76000,   141800,   193900,   234980,   740000,
          CustBuyBeh,       7139,          0,          0,          0,       4353,       5297,      300,    11600,    67000,   104000,   160020,   710000,
       ProductReturn,      19180,          0,          0,          0,       9792,      11935,      200,    11400,    71000,   108000,   175000,   960000,

  7094s: (86%)   IR =  11900 .[7096.105s][info][gc,start       ] GC(1252) Pause Young (Normal) (G1 Evacuation Pause)
[7096.105s][info][gc,task        ] GC(1252) Using 8 workers of 8 for evacuation
[7096.253s][info][gc,phases      ] GC(1252)   Pre Evacuate Collection Set: 0.22ms
[7096.253s][info][gc,phases      ] GC(1252)   Merge Heap Roots: 0.52ms
[7096.253s][info][gc,phases      ] GC(1252)   Evacuate Collection Set: 145.35ms
[7096.253s][info][gc,phases      ] GC(1252)   Post Evacuate Collection Set: 1.06ms
[7096.253s][info][gc,phases      ] GC(1252)   Other: 0.06ms
[7096.253s][info][gc,heap        ] GC(1252) Eden regions: 552->0(544)
[7096.253s][info][gc,heap        ] GC(1252) Survivor regions: 43->43(75)
[7096.253s][info][gc,heap        ] GC(1252) Old regions: 301->309
[7096.253s][info][gc,heap        ] GC(1252) Humongous regions: 33->33
[7096.253s][info][gc,metaspace   ] GC(1252) Metaspace: 35835K(38144K)->35835K(38144K) NonClass: 26763K(27072K)->26763K(27072K) Class: 9071K(11072K)->9071K(11072K)
[7096.253s][info][gc             ] GC(1252) Pause Young (Normal) (G1 Evacuation Pause) 7398M->3041M(8192M) 147.357ms
[7096.253s][info][gc,cpu         ] GC(1252) User=1.17s Sys=0.00s Real=0.15s
...[7099.243s][info][gc,start       ] GC(1253) Pause Young (Concurrent Start) (G1 Evacuation Pause)
[7099.243s][info][gc,task        ] GC(1253) Using 8 workers of 8 for evacuation
[7099.390s][info][gc,phases      ] GC(1253)   Pre Evacuate Collection Set: 0.25ms
[7099.390s][info][gc,phases      ] GC(1253)   Merge Heap Roots: 0.51ms
[7099.390s][info][gc,phases      ] GC(1253)   Evacuate Collection Set: 144.90ms
[7099.390s][info][gc,phases      ] GC(1253)   Post Evacuate Collection Set: 0.99ms
[7099.390s][info][gc,phases      ] GC(1253)   Other: 0.08ms
[7099.390s][info][gc,heap        ] GC(1253) Eden regions: 544->0(537)
[7099.390s][info][gc,heap        ] GC(1253) Survivor regions: 43->43(74)
[7099.390s][info][gc,heap        ] GC(1253) Old regions: 309->316
[7099.390s][info][gc,heap        ] GC(1253) Humongous regions: 33->33
[7099.390s][info][gc,metaspace   ] GC(1253) Metaspace: 35835K(38144K)->35835K(38144K) NonClass: 26763K(27072K)->26763K(27072K) Class: 9071K(11072K)->9071K(11072K)
[7099.390s][info][gc             ] GC(1253) Pause Young (Concurrent Start) (G1 Evacuation Pause) 7393M->3106M(8192M) 146.877ms
[7099.390s][info][gc             ] GC(1254) Concurrent Mark Cycle
[7099.390s][info][gc,marking     ] GC(1254) Concurrent Scan Root Regions
[7099.390s][info][gc,cpu         ] GC(1253) User=1.16s Sys=0.00s Real=0.15s
.[7099.654s][info][gc,marking     ] GC(1254) Concurrent Scan Root Regions 263.427ms
[7099.654s][info][gc,marking     ] GC(1254) Concurrent Mark
[7099.654s][info][gc,marking     ] GC(1254) Concurrent Mark From Roots
[7099.654s][info][gc,task        ] GC(1254) Using 2 workers of 2 for marking
.[7100.790s][info][gc,marking     ] GC(1254) Concurrent Mark From Roots 1135.900ms
[7100.790s][info][gc,marking     ] GC(1254) Concurrent Preclean
[7100.790s][info][gc,marking     ] GC(1254) Concurrent Preclean 0.117ms
[7100.790s][info][gc,start       ] GC(1254) Pause Remark
[7100.792s][info][gc             ] GC(1254) Pause Remark 4686M->4086M(8192M) 2.242ms
[7100.792s][info][gc,cpu         ] GC(1254) User=0.02s Sys=0.00s Real=0.00s
[7100.792s][info][gc,marking     ] GC(1254) Concurrent Mark 1138.563ms
[7100.792s][info][gc,marking     ] GC(1254) Concurrent Rebuild Remembered Sets and Scrub Regions
.[7101.544s][info][gc,marking     ] GC(1254) Concurrent Rebuild Remembered Sets and Scrub Regions 751.522ms
[7101.544s][info][gc,start       ] GC(1254) Pause Cleanup
[7101.544s][info][gc             ] GC(1254) Pause Cleanup 5066M->5066M(8192M) 0.256ms
[7101.544s][info][gc,cpu         ] GC(1254) User=0.00s Sys=0.00s Real=0.00s
[7101.544s][info][gc,marking     ] GC(1254) Concurrent Clear Claimed Marks
[7101.544s][info][gc,marking     ] GC(1254) Concurrent Clear Claimed Marks 0.046ms
[7101.544s][info][gc,marking     ] GC(1254) Concurrent Cleanup for Next Mark
[7101.555s][info][gc,marking     ] GC(1254) Concurrent Cleanup for Next Mark 11.110ms
[7101.555s][info][gc             ] GC(1254) Concurrent Mark Cycle 2165.286ms
.[7102.651s][info][gc,start       ] GC(1255) Pause Young (Prepare Mixed) (G1 Evacuation Pause)
[7102.651s][info][gc,task        ] GC(1255) Using 8 workers of 8 for evacuation
[7102.799s][info][gc,phases      ] GC(1255)   Pre Evacuate Collection Set: 0.23ms
[7102.799s][info][gc,phases      ] GC(1255)   Merge Heap Roots: 0.72ms
[7102.799s][info][gc,phases      ] GC(1255)   Evacuate Collection Set: 145.55ms
[7102.799s][info][gc,phases      ] GC(1255)   Post Evacuate Collection Set: 1.09ms
[7102.799s][info][gc,phases      ] GC(1255)   Other: 0.07ms
[7102.799s][info][gc,heap        ] GC(1255) Eden regions: 537->0(571)
[7102.799s][info][gc,heap        ] GC(1255) Survivor regions: 43->43(73)
[7102.799s][info][gc,heap        ] GC(1255) Old regions: 241->249
[7102.799s][info][gc,heap        ] GC(1255) Humongous regions: 33->33
[7102.799s][info][gc,metaspace   ] GC(1255) Metaspace: 35835K(38144K)->35835K(38144K) NonClass: 26763K(27072K)->26763K(27072K) Class: 9071K(11072K)->9071K(11072K)
[7102.799s][info][gc             ] GC(1255) Pause Young (Prepare Mixed) (G1 Evacuation Pause) 6802M->2566M(8192M) 147.812ms
[7102.799s][info][gc,cpu         ] GC(1255) User=1.17s Sys=0.00s Real=0.15s
...[7105.560s][info][gc,start       ] GC(1256) Pause Young (Mixed) (G1 Evacuation Pause)
[7105.561s][info][gc,task        ] GC(1256) Using 8 workers of 8 for evacuation
[7105.715s][info][gc,phases      ] GC(1256)   Pre Evacuate Collection Set: 0.25ms
[7105.715s][info][gc,phases      ] GC(1256)   Merge Heap Roots: 0.87ms
[7105.715s][info][gc,phases      ] GC(1256)   Evacuate Collection Set: 152.41ms
[7105.715s][info][gc,phases      ] GC(1256)   Post Evacuate Collection Set: 1.26ms
[7105.715s][info][gc,phases      ] GC(1256)   Other: 0.08ms
[7105.715s][info][gc,heap        ] GC(1256) Eden regions: 571->0(571)
[7105.715s][info][gc,heap        ] GC(1256) Survivor regions: 43->43(77)
[7105.715s][info][gc,heap        ] GC(1256) Old regions: 249->154
[7105.715s][info][gc,heap        ] GC(1256) Humongous regions: 33->33
[7105.715s][info][gc,metaspace   ] GC(1256) Metaspace: 35835K(38144K)->35835K(38144K) NonClass: 26763K(27072K)->26763K(27072K) Class: 9071K(11072K)->9071K(11072K)
[7105.715s][info][gc             ] GC(1256) Pause Young (Mixed) (G1 Evacuation Pause) 7134M->1812M(8192M) 154.999ms
[7105.716s][info][gc,cpu         ] GC(1256) User=1.22s Sys=0.00s Real=0.15s
...|[7108.691s][info][gc,start       ] GC(1257) Pause Young (Mixed) (G1 Evacuation Pause)
[7108.691s][info][gc,task        ] GC(1257) Using 8 workers of 8 for evacuation
[7108.849s][info][gc,phases      ] GC(1257)   Pre Evacuate Collection Set: 0.25ms
[7108.849s][info][gc,phases      ] GC(1257)   Merge Heap Roots: 0.72ms
[7108.849s][info][gc,phases      ] GC(1257)   Evacuate Collection Set: 155.80ms
[7108.849s][info][gc,phases      ] GC(1257)   Post Evacuate Collection Set: 1.06ms
[7108.849s][info][gc,phases      ] GC(1257)   Other: 0.07ms
[7108.849s][info][gc,heap        ] GC(1257) Eden regions: 571->0(569)
[7108.849s][info][gc,heap        ] GC(1257) Survivor regions: 43->45(77)
[7108.849s][info][gc,heap        ] GC(1257) Old regions: 154->143
[7108.849s][info][gc,heap        ] GC(1257) Humongous regions: 33->33
[7108.849s][info][gc,metaspace   ] GC(1257) Metaspace: 35835K(38144K)->35835K(38144K) NonClass: 26763K(27072K)->26763K(27072K) Class: 9071K(11072K)->9071K(11072K)
[7108.849s][info][gc             ] GC(1257) Pause Young (Mixed) (G1 Evacuation Pause) 6380M->1735M(8192M) 158.020ms
[7108.849s][info][gc,cpu         ] GC(1257) User=1.26s Sys=0.00s Real=0.16s
...[7111.948s][info][gc,start       ] GC(1258) Pause Young (Normal) (G1 Evacuation Pause)
[7111.948s][info][gc,task        ] GC(1258) Using 8 workers of 8 for evacuation
[7112.102s][info][gc,phases      ] GC(1258)   Pre Evacuate Collection Set: 0.23ms
[7112.102s][info][gc,phases      ] GC(1258)   Merge Heap Roots: 0.52ms
[7112.102s][info][gc,phases      ] GC(1258)   Evacuate Collection Set: 152.09ms
[7112.102s][info][gc,phases      ] GC(1258)   Post Evacuate Collection Set: 1.02ms
[7112.102s][info][gc,phases      ] GC(1258)   Other: 0.06ms
[7112.102s][info][gc,heap        ] GC(1258) Eden regions: 569->0(571)
[7112.102s][info][gc,heap        ] GC(1258) Survivor regions: 45->43(77)
[7112.102s][info][gc,heap        ] GC(1258) Old regions: 143->151
[7112.102s][info][gc,heap        ] GC(1258) Humongous regions: 33->33
[7112.102s][info][gc,metaspace   ] GC(1258) Metaspace: 35835K(38144K)->35835K(38144K) NonClass: 26763K(27072K)->26763K(27072K) Class: 9071K(11072K)->9071K(11072K)
[7112.102s][info][gc             ] GC(1258) Pause Young (Normal) (G1 Evacuation Pause) 6287M->1781M(8192M) 154.056ms
[7112.102s][info][gc,cpu         ] GC(1258) User=1.22s Sys=0.00s Real=0.15s
...[7115.238s][info][gc,start       ] GC(1259) Pause Young (Normal) (G1 Evacuation Pause)
[7115.239s][info][gc,task        ] GC(1259) Using 8 workers of 8 for evacuation
[7115.389s][info][gc,phases      ] GC(1259)   Pre Evacuate Collection Set: 0.22ms
[7115.389s][info][gc,phases      ] GC(1259)   Merge Heap Roots: 0.52ms
[7115.389s][info][gc,phases      ] GC(1259)   Evacuate Collection Set: 149.07ms
[7115.389s][info][gc,phases      ] GC(1259)   Post Evacuate Collection Set: 1.02ms
[7115.389s][info][gc,phases      ] GC(1259)   Other: 0.07ms
[7115.389s][info][gc,heap        ] GC(1259) Eden regions: 571->0(570)
[7115.389s][info][gc,heap        ] GC(1259) Survivor regions: 43->44(77)
[7115.389s][info][gc,heap        ] GC(1259) Old regions: 151->158
[7115.389s][info][gc,heap        ] GC(1259) Humongous regions: 33->33
[7115.390s][info][gc,metaspace   ] GC(1259) Metaspace: 35835K(38144K)->35835K(38144K) NonClass: 26763K(27072K)->26763K(27072K) Class: 9071K(11072K)->9071K(11072K)
[7115.390s][info][gc             ] GC(1259) Pause Young (Normal) (G1 Evacuation Pause) 6349M->1841M(8192M) 151.053ms
[7115.390s][info][gc,cpu         ] GC(1259) User=1.20s Sys=0.00s Real=0.15s
...[7118.449s][info][gc,start       ] GC(1260) Pause Young (Normal) (G1 Evacuation Pause)
[7118.449s][info][gc,task        ] GC(1260) Using 8 workers of 8 for evacuation
[7118.597s][info][gc,phases      ] GC(1260)   Pre Evacuate Collection Set: 0.24ms
[7118.597s][info][gc,phases      ] GC(1260)   Merge Heap Roots: 0.52ms
[7118.597s][info][gc,phases      ] GC(1260)   Evacuate Collection Set: 145.77ms
[7118.597s][info][gc,phases      ] GC(1260)   Post Evacuate Collection Set: 1.07ms
[7118.597s][info][gc,phases      ] GC(1260)   Other: 0.06ms
[7118.597s][info][gc,heap        ] GC(1260) Eden regions: 570->0(571)
[7118.597s][info][gc,heap        ] GC(1260) Survivor regions: 44->43(77)
[7118.597s][info][gc,heap        ] GC(1260) Old regions: 158->165
[7118.597s][info][gc,heap        ] GC(1260) Humongous regions: 33->33
[7118.597s][info][gc,metaspace   ] GC(1260) Metaspace: 35835K(38144K)->35835K(38144K) NonClass: 26763K(27072K)->26763K(27072K) Class: 9071K(11072K)->9071K(11072K)
[7118.597s][info][gc             ] GC(1260) Pause Young (Normal) (G1 Evacuation Pause) 6401M->1889M(8192M) 147.802ms
[7118.597s][info][gc,cpu         ] GC(1260) User=1.17s Sys=0.00s Real=0.14s
....[7121.694s][info][gc,start       ] GC(1261) Pause Young (Normal) (G1 Evacuation Pause)
[7121.694s][info][gc,task        ] GC(1261) Using 8 workers of 8 for evacuation
[7121.847s][info][gc,phases      ] GC(1261)   Pre Evacuate Collection Set: 0.24ms
[7121.847s][info][gc,phases      ] GC(1261)   Merge Heap Roots: 0.52ms
[7121.847s][info][gc,phases      ] GC(1261)   Evacuate Collection Set: 151.50ms
[7121.847s][info][gc,phases      ] GC(1261)   Post Evacuate Collection Set: 1.07ms
[7121.847s][info][gc,phases      ] GC(1261)   Other: 0.06ms
[7121.847s][info][gc,heap        ] GC(1261) Eden regions: 571->0(569)
[7121.847s][info][gc,heap        ] GC(1261) Survivor regions: 43->45(77)
[7121.847s][info][gc,heap        ] GC(1261) Old regions: 165->172
[7121.847s][info][gc,heap        ] GC(1261) Humongous regions: 33->33
[7121.847s][info][gc,metaspace   ] GC(1261) Metaspace: 35835K(38144K)->35835K(38144K) NonClass: 26763K(27072K)->26763K(27072K) Class: 9071K(11072K)->9071K(11072K)
[7121.847s][info][gc             ] GC(1261) Pause Young (Normal) (G1 Evacuation Pause) 6457M->1965M(8192M) 153.520ms
[7121.847s][info][gc,cpu         ] GC(1261) User=1.22s Sys=0.00s Real=0.16s
...[7124.891s][info][gc,start       ] GC(1262) Pause Young (Normal) (G1 Evacuation Pause)
[7124.891s][info][gc,task        ] GC(1262) Using 8 workers of 8 for evacuation
[7125.041s][info][gc,phases      ] GC(1262)   Pre Evacuate Collection Set: 0.24ms
[7125.041s][info][gc,phases      ] GC(1262)   Merge Heap Roots: 0.52ms
[7125.041s][info][gc,phases      ] GC(1262)   Evacuate Collection Set: 148.01ms
[7125.041s][info][gc,phases      ] GC(1262)   Post Evacuate Collection Set: 1.03ms
[7125.041s][info][gc,phases      ] GC(1262)   Other: 0.06ms
[7125.041s][info][gc,heap        ] GC(1262) Eden regions: 569->0(571)
[7125.041s][info][gc,heap        ] GC(1262) Survivor regions: 45->43(77)
[7125.041s][info][gc,heap        ] GC(1262) Old regions: 172->179
[7125.041s][info][gc,heap        ] GC(1262) Humongous regions: 33->33
[7125.041s][info][gc,metaspace   ] GC(1262) Metaspace: 35835K(38144K)->35835K(38144K) NonClass: 26763K(27072K)->26763K(27072K) Class: 9071K(11072K)->9071K(11072K)
[7125.041s][info][gc             ] GC(1262) Pause Young (Normal) (G1 Evacuation Pause) 6517M->2008M(8192M) 149.988ms
[7125.041s][info][gc,cpu         ] GC(1262) User=1.18s Sys=0.00s Real=0.15s
...[7128.115s][info][gc,start       ] GC(1263) Pause Young (Normal) (G1 Evacuation Pause)
[7128.115s][info][gc,task        ] GC(1263) Using 8 workers of 8 for evacuation
[7128.264s][info][gc,phases      ] GC(1263)   Pre Evacuate Collection Set: 0.24ms
[7128.264s][info][gc,phases      ] GC(1263)   Merge Heap Roots: 0.54ms
[7128.264s][info][gc,phases      ] GC(1263)   Evacuate Collection Set: 146.42ms
[7128.264s][info][gc,phases      ] GC(1263)   Post Evacuate Collection Set: 1.02ms
[7128.264s][info][gc,phases      ] GC(1263)   Other: 0.06ms
[7128.264s][info][gc,heap        ] GC(1263) Eden regions: 571->0(571)
[7128.264s][info][gc,heap        ] GC(1263) Survivor regions: 43->43(77)
[7128.264s][info][gc,heap        ] GC(1263) Old regions: 179->186
[7128.264s][info][gc,heap        ] GC(1263) Humongous regions: 33->33
[7128.264s][info][gc,metaspace   ] GC(1263) Metaspace: 35835K(38144K)->35835K(38144K) NonClass: 26763K(27072K)->26763K(27072K) Class: 9071K(11072K)->9071K(11072K)
[7128.264s][info][gc             ] GC(1263) Pause Young (Normal) (G1 Evacuation Pause) 6576M->2067M(8192M) 148.405ms
[7128.264s][info][gc,cpu         ] GC(1263) User=1.17s Sys=0.00s Real=0.15s
...[7131.286s][info][gc,start       ] GC(1264) Pause Young (Normal) (G1 Evacuation Pause)
[7131.286s][info][gc,task        ] GC(1264) Using 8 workers of 8 for evacuation
[7131.436s][info][gc,phases      ] GC(1264)   Pre Evacuate Collection Set: 0.22ms
[7131.436s][info][gc,phases      ] GC(1264)   Merge Heap Roots: 0.52ms
[7131.436s][info][gc,phases      ] GC(1264)   Evacuate Collection Set: 148.18ms
[7131.436s][info][gc,phases      ] GC(1264)   Post Evacuate Collection Set: 1.03ms
[7131.436s][info][gc,phases      ] GC(1264)   Other: 0.07ms
[7131.436s][info][gc,heap        ] GC(1264) Eden regions: 571->0(570)
[7131.436s][info][gc,heap        ] GC(1264) Survivor regions: 43->44(77)
[7131.436s][info][gc,heap        ] GC(1264) Old regions: 186->194
[7131.436s][info][gc,heap        ] GC(1264) Humongous regions: 33->33
[7131.436s][info][gc,metaspace   ] GC(1264) Metaspace: 35835K(38144K)->35835K(38144K) NonClass: 26763K(27072K)->26763K(27072K) Class: 9071K(11072K)->9071K(11072K)
[7131.436s][info][gc             ] GC(1264) Pause Young (Normal) (G1 Evacuation Pause) 6635M->2133M(8192M) 150.167ms
[7131.436s][info][gc,cpu         ] GC(1264) User=1.19s Sys=0.01s Real=0.15s
...[7134.484s][info][gc,start       ] GC(1265) Pause Young (Normal) (G1 Evacuation Pause)
[7134.484s][info][gc,task        ] GC(1265) Using 8 workers of 8 for evacuation
[7134.629s][info][gc,phases      ] GC(1265)   Pre Evacuate Collection Set: 0.24ms
[7134.629s][info][gc,phases      ] GC(1265)   Merge Heap Roots: 0.61ms
[7134.629s][info][gc,phases      ] GC(1265)   Evacuate Collection Set: 143.71ms
[7134.629s][info][gc,phases      ] GC(1265)   Post Evacuate Collection Set: 1.03ms
[7134.629s][info][gc,phases      ] GC(1265)   Other: 0.07ms
[7134.629s][info][gc,heap        ] GC(1265) Eden regions: 570->0(571)
[7134.629s][info][gc,heap        ] GC(1265) Survivor regions: 44->43(77)
[7134.629s][info][gc,heap        ] GC(1265) Old regions: 194->201
[7134.629s][info][gc,heap        ] GC(1265) Humongous regions: 33->33
[7134.629s][info][gc,metaspace   ] GC(1265) Metaspace: 35835K(38144K)->35835K(38144K) NonClass: 26763K(27072K)->26763K(27072K) Class: 9071K(11072K)->9071K(11072K)
[7134.629s][info][gc             ] GC(1265) Pause Young (Normal) (G1 Evacuation Pause) 6693M->2181M(8192M) 145.829ms
[7134.629s][info][gc,cpu         ] GC(1265) User=1.15s Sys=0.00s Real=0.15s
....[7137.738s][info][gc,start       ] GC(1266) Pause Young (Normal) (G1 Evacuation Pause)
[7137.738s][info][gc,task        ] GC(1266) Using 8 workers of 8 for evacuation
[7137.891s][info][gc,phases      ] GC(1266)   Pre Evacuate Collection Set: 0.25ms
[7137.891s][info][gc,phases      ] GC(1266)   Merge Heap Roots: 0.52ms
[7137.891s][info][gc,phases      ] GC(1266)   Evacuate Collection Set: 151.01ms
[7137.891s][info][gc,phases      ] GC(1266)   Post Evacuate Collection Set: 1.06ms
[7137.891s][info][gc,phases      ] GC(1266)   Other: 0.07ms
[7137.891s][info][gc,heap        ] GC(1266) Eden regions: 571->0(569)
[7137.891s][info][gc,heap        ] GC(1266) Survivor regions: 43->45(77)
[7137.891s][info][gc,heap        ] GC(1266) Old regions: 201->208
[7137.891s][info][gc,heap        ] GC(1266) Humongous regions: 33->33
[7137.891s][info][gc,metaspace   ] GC(1266) Metaspace: 35835K(38144K)->35835K(38144K) NonClass: 26763K(27072K)->26763K(27072K) Class: 9071K(11072K)->9071K(11072K)
[7137.891s][info][gc             ] GC(1266) Pause Young (Normal) (G1 Evacuation Pause) 6749M->2253M(8192M) 153.038ms
[7137.891s][info][gc,cpu         ] GC(1266) User=1.21s Sys=0.00s Real=0.15s
...[7140.869s][info][gc,start       ] GC(1267) Pause Young (Normal) (G1 Evacuation Pause)
[7140.869s][info][gc,task        ] GC(1267) Using 8 workers of 8 for evacuation
[7141.023s][info][gc,phases      ] GC(1267)   Pre Evacuate Collection Set: 0.23ms
[7141.023s][info][gc,phases      ] GC(1267)   Merge Heap Roots: 0.53ms
[7141.023s][info][gc,phases      ] GC(1267)   Evacuate Collection Set: 151.77ms
[7141.023s][info][gc,phases      ] GC(1267)   Post Evacuate Collection Set: 1.04ms
[7141.023s][info][gc,phases      ] GC(1267)   Other: 0.07ms
[7141.023s][info][gc,heap        ] GC(1267) Eden regions: 569->0(570)
[7141.023s][info][gc,heap        ] GC(1267) Survivor regions: 45->44(77)
[7141.023s][info][gc,heap        ] GC(1267) Old regions: 208->215
[7141.023s][info][gc,heap        ] GC(1267) Humongous regions: 33->33
[7141.023s][info][gc,metaspace   ] GC(1267) Metaspace: 35835K(38144K)->35835K(38144K) NonClass: 26763K(27072K)->26763K(27072K) Class: 9071K(11072K)->9071K(11072K)
[7141.023s][info][gc             ] GC(1267) Pause Young (Normal) (G1 Evacuation Pause) 6805M->2308M(8192M) 153.776ms
[7141.023s][info][gc,cpu         ] GC(1267) User=1.21s Sys=0.00s Real=0.15s
...[7144.133s][info][gc,start       ] GC(1268) Pause Young (Normal) (G1 Evacuation Pause)
[7144.133s][info][gc,task        ] GC(1268) Using 8 workers of 8 for evacuation
[7144.282s][info][gc,phases      ] GC(1268)   Pre Evacuate Collection Set: 0.22ms
[7144.282s][info][gc,phases      ] GC(1268)   Merge Heap Roots: 0.51ms
[7144.282s][info][gc,phases      ] GC(1268)   Evacuate Collection Set: 146.82ms
[7144.282s][info][gc,phases      ] GC(1268)   Post Evacuate Collection Set: 1.06ms
[7144.282s][info][gc,phases      ] GC(1268)   Other: 0.06ms
[7144.282s][info][gc,heap        ] GC(1268) Eden regions: 570->0(571)
[7144.282s][info][gc,heap        ] GC(1268) Survivor regions: 44->43(77)
[7144.282s][info][gc,heap        ] GC(1268) Old regions: 215->222
[7144.282s][info][gc,heap        ] GC(1268) Humongous regions: 33->33
[7144.282s][info][gc,metaspace   ] GC(1268) Metaspace: 35835K(38144K)->35835K(38144K) NonClass: 26763K(27072K)->26763K(27072K) Class: 9071K(11072K)->9071K(11072K)
[7144.282s][info][gc             ] GC(1268) Pause Young (Normal) (G1 Evacuation Pause) 6868M->2356M(8192M) 148.808ms
[7144.282s][info][gc,cpu         ] GC(1268) User=1.18s Sys=0.00s Real=0.15s
...[7147.451s][info][gc,start       ] GC(1269) Pause Young (Normal) (G1 Evacuation Pause)
[7147.451s][info][gc,task        ] GC(1269) Using 8 workers of 8 for evacuation
[7147.603s][info][gc,phases      ] GC(1269)   Pre Evacuate Collection Set: 0.24ms
[7147.603s][info][gc,phases      ] GC(1269)   Merge Heap Roots: 0.52ms
[7147.603s][info][gc,phases      ] GC(1269)   Evacuate Collection Set: 150.49ms
[7147.603s][info][gc,phases      ] GC(1269)   Post Evacuate Collection Set: 1.07ms
[7147.603s][info][gc,phases      ] GC(1269)   Other: 0.07ms
[7147.603s][info][gc,heap        ] GC(1269) Eden regions: 571->0(570)
[7147.603s][info][gc,heap        ] GC(1269) Survivor regions: 43->44(77)
[7147.603s][info][gc,heap        ] GC(1269) Old regions: 222->230
[7147.604s][info][gc,heap        ] GC(1269) Humongous regions: 33->33
[7147.604s][info][gc,metaspace   ] GC(1269) Metaspace: 35835K(38144K)->35835K(38144K) NonClass: 26763K(27072K)->26763K(27072K) Class: 9071K(11072K)->9071K(11072K)
[7147.604s][info][gc             ] GC(1269) Pause Young (Normal) (G1 Evacuation Pause) 6924M->2418M(8192M) 152.512ms
[7147.604s][info][gc,cpu         ] GC(1269) User=1.21s Sys=0.00s Real=0.15s
...[7150.614s][info][gc,start       ] GC(1270) Pause Young (Normal) (G1 Evacuation Pause)
[7150.614s][info][gc,task        ] GC(1270) Using 8 workers of 8 for evacuation
[7150.763s][info][gc,phases      ] GC(1270)   Pre Evacuate Collection Set: 0.23ms
[7150.763s][info][gc,phases      ] GC(1270)   Merge Heap Roots: 0.52ms
[7150.763s][info][gc,phases      ] GC(1270)   Evacuate Collection Set: 147.34ms
[7150.763s][info][gc,phases      ] GC(1270)   Post Evacuate Collection Set: 1.03ms
[7150.763s][info][gc,phases      ] GC(1270)   Other: 0.06ms
[7150.763s][info][gc,heap        ] GC(1270) Eden regions: 570->0(570)
[7150.763s][info][gc,heap        ] GC(1270) Survivor regions: 44->44(77)
[7150.763s][info][gc,heap        ] GC(1270) Old regions: 230->237
[7150.763s][info][gc,heap        ] GC(1270) Humongous regions: 33->33
[7150.763s][info][gc,metaspace   ] GC(1270) Metaspace: 35835K(38144K)->35835K(38144K) NonClass: 26763K(27072K)->26763K(27072K) Class: 9071K(11072K)->9071K(11072K)
[7150.763s][info][gc             ] GC(1270) Pause Young (Normal) (G1 Evacuation Pause) 6978M->2473M(8192M) 149.315ms
[7150.763s][info][gc,cpu         ] GC(1270) User=1.18s Sys=0.00s Real=0.15s
....[7153.862s][info][gc,start       ] GC(1271) Pause Young (Normal) (G1 Evacuation Pause)
[7153.863s][info][gc,task        ] GC(1271) Using 8 workers of 8 for evacuation
[7154.016s][info][gc,phases      ] GC(1271)   Pre Evacuate Collection Set: 0.22ms
[7154.016s][info][gc,phases      ] GC(1271)   Merge Heap Roots: 0.53ms
[7154.016s][info][gc,phases      ] GC(1271)   Evacuate Collection Set: 151.20ms
[7154.016s][info][gc,phases      ] GC(1271)   Post Evacuate Collection Set: 1.04ms
[7154.016s][info][gc,phases      ] GC(1271)   Other: 0.06ms
[7154.016s][info][gc,heap        ] GC(1271) Eden regions: 570->0(570)
[7154.016s][info][gc,heap        ] GC(1271) Survivor regions: 44->44(77)
[7154.016s][info][gc,heap        ] GC(1271) Old regions: 237->244
[7154.016s][info][gc,heap        ] GC(1271) Humongous regions: 33->33
[7154.016s][info][gc,metaspace   ] GC(1271) Metaspace: 35835K(38144K)->35835K(38144K) NonClass: 26763K(27072K)->26763K(27072K) Class: 9071K(11072K)->9071K(11072K)
[7154.016s][info][gc             ] GC(1271) Pause Young (Normal) (G1 Evacuation Pause) 7033M->2534M(8192M) 153.183ms
[7154.016s][info][gc,cpu         ] GC(1271) User=1.21s Sys=0.00s Real=0.15s
...[7157.121s][info][gc,start       ] GC(1272) Pause Young (Normal) (G1 Evacuation Pause)
[7157.121s][info][gc,task        ] GC(1272) Using 8 workers of 8 for evacuation
[7157.269s][info][gc,phases      ] GC(1272)   Pre Evacuate Collection Set: 0.22ms
[7157.269s][info][gc,phases      ] GC(1272)   Merge Heap Roots: 0.52ms
[7157.269s][info][gc,phases      ] GC(1272)   Evacuate Collection Set: 146.46ms
[7157.269s][info][gc,phases      ] GC(1272)   Post Evacuate Collection Set: 1.04ms
[7157.269s][info][gc,phases      ] GC(1272)   Other: 0.06ms
[7157.269s][info][gc,heap        ] GC(1272) Eden regions: 570->0(570)
[7157.269s][info][gc,heap        ] GC(1272) Survivor regions: 44->44(77)
[7157.269s][info][gc,heap        ] GC(1272) Old regions: 244->251
[7157.269s][info][gc,heap        ] GC(1272) Humongous regions: 33->33
[7157.269s][info][gc,metaspace   ] GC(1272) Metaspace: 35835K(38144K)->35835K(38144K) NonClass: 26763K(27072K)->26763K(27072K) Class: 9071K(11072K)->9071K(11072K)
[7157.269s][info][gc             ] GC(1272) Pause Young (Normal) (G1 Evacuation Pause) 7094M->2586M(8192M) 148.444ms
[7157.269s][info][gc,cpu         ] GC(1272) User=1.18s Sys=0.00s Real=0.15s
...[7160.340s][info][gc,start       ] GC(1273) Pause Young (Normal) (G1 Evacuation Pause)
[7160.340s][info][gc,task        ] GC(1273) Using 8 workers of 8 for evacuation
[7160.491s][info][gc,phases      ] GC(1273)   Pre Evacuate Collection Set: 0.22ms
[7160.492s][info][gc,phases      ] GC(1273)   Merge Heap Roots: 0.53ms
[7160.492s][info][gc,phases      ] GC(1273)   Evacuate Collection Set: 149.53ms
[7160.492s][info][gc,phases      ] GC(1273)   Post Evacuate Collection Set: 1.05ms
[7160.492s][info][gc,phases      ] GC(1273)   Other: 0.06ms
[7160.492s][info][gc,heap        ] GC(1273) Eden regions: 570->0(570)
[7160.492s][info][gc,heap        ] GC(1273) Survivor regions: 44->44(77)
[7160.492s][info][gc,heap        ] GC(1273) Old regions: 251->258
[7160.492s][info][gc,heap        ] GC(1273) Humongous regions: 33->33
[7160.492s][info][gc,metaspace   ] GC(1273) Metaspace: 35835K(38144K)->35835K(38144K) NonClass: 26763K(27072K)->26763K(27072K) Class: 9071K(11072K)->9071K(11072K)
[7160.492s][info][gc             ] GC(1273) Pause Young (Normal) (G1 Evacuation Pause) 7146M->2645M(8192M) 151.504ms
[7160.492s][info][gc,cpu         ] GC(1273) User=1.20s Sys=0.00s Real=0.15s
...[7163.587s][info][gc,start       ] GC(1274) Pause Young (Normal) (G1 Evacuation Pause)
[7163.587s][info][gc,task        ] GC(1274) Using 8 workers of 8 for evacuation
[7163.736s][info][gc,phases      ] GC(1274)   Pre Evacuate Collection Set: 0.24ms
[7163.736s][info][gc,phases      ] GC(1274)   Merge Heap Roots: 0.52ms
[7163.736s][info][gc,phases      ] GC(1274)   Evacuate Collection Set: 147.02ms
[7163.736s][info][gc,phases      ] GC(1274)   Post Evacuate Collection Set: 1.04ms
[7163.736s][info][gc,phases      ] GC(1274)   Other: 0.07ms
[7163.736s][info][gc,heap        ] GC(1274) Eden regions: 570->0(571)
[7163.736s][info][gc,heap        ] GC(1274) Survivor regions: 44->43(77)
[7163.736s][info][gc,heap        ] GC(1274) Old regions: 258->265
[7163.736s][info][gc,heap        ] GC(1274) Humongous regions: 33->33
[7163.736s][info][gc,metaspace   ] GC(1274) Metaspace: 35835K(38144K)->35835K(38144K) NonClass: 26763K(27072K)->26763K(27072K) Class: 9071K(11072K)->9071K(11072K)
[7163.736s][info][gc             ] GC(1274) Pause Young (Normal) (G1 Evacuation Pause) 7205M->2697M(8192M) 149.013ms
[7163.736s][info][gc,cpu         ] GC(1274) User=1.18s Sys=0.00s Real=0.14s
....[7166.781s][info][gc,start       ] GC(1275) Pause Young (Normal) (G1 Evacuation Pause)
[7166.782s][info][gc,task        ] GC(1275) Using 8 workers of 8 for evacuation
[7166.935s][info][gc,phases      ] GC(1275)   Pre Evacuate Collection Set: 0.23ms
[7166.935s][info][gc,phases      ] GC(1275)   Merge Heap Roots: 0.53ms
[7166.935s][info][gc,phases      ] GC(1275)   Evacuate Collection Set: 151.53ms
[7166.935s][info][gc,phases      ] GC(1275)   Post Evacuate Collection Set: 1.03ms
[7166.935s][info][gc,phases      ] GC(1275)   Other: 0.06ms
[7166.935s][info][gc,heap        ] GC(1275) Eden regions: 571->0(569)
[7166.935s][info][gc,heap        ] GC(1275) Survivor regions: 43->45(77)
[7166.935s][info][gc,heap        ] GC(1275) Old regions: 265->272
[7166.935s][info][gc,heap        ] GC(1275) Humongous regions: 33->33
[7166.935s][info][gc,metaspace   ] GC(1275) Metaspace: 35835K(38144K)->35835K(38144K) NonClass: 26763K(27072K)->26763K(27072K) Class: 9071K(11072K)->9071K(11072K)
[7166.935s][info][gc             ] GC(1275) Pause Young (Normal) (G1 Evacuation Pause) 7265M->2766M(8192M) 153.513ms
[7166.935s][info][gc,cpu         ] GC(1275) User=1.21s Sys=0.00s Real=0.15s
.. (rIR:aIR:PR = 11900:11896:11893) (tPR = 177428) [OK] 
  7168s: Performance info:
         Transaction,    Success,    Partial,     Failed,   Receipts, AvgBarcode, 
             Overall,     716850,          0,          0,     681072,      59.48, 
         Response times:
             Request,    Success,    Partial,     Failed,   SkipFail,     Probes,    Samples,      min,      p50,      p90,      p95,      p99,      max, 
       TotalPurchase,     681202,          0,          0,          0,     354607,     447312,      300,    14900,    98000,   143000,   233870,  4100000,
     InStorePurchase,     356570,          0,          0,          0,     186283,     234963,      300,    14900,    98000,   143000,   234000,  4100000,
      OnlinePurchase,     252741,          0,          0,          0,     130769,     164544,      300,    14900,    98000,   143000,   233000,  4100000,
        InstPurchase,      71891,          0,          0,          0,      37555,      47805,      500,    14800,    99000,   144000,   233000,  4100000,
          AssocOfCat,        713,          0,          0,          0,        606,        881,    36000,    72000,   154800,   199000,   297360,   557000,
      AssocOfProduct,       7216,          0,          0,          0,       4375,       5664,      800,    15000,    99000,   147000,   233350,  2200000,
      BusinessReport,       1786,          0,          0,          0,       1619,       2156,    35000,    84500,   189000,   227150,   314860,   680000,
          CustBuyBeh,       7147,          0,          0,          0,       4349,       5700,      200,    13700,    96000,   139000,   233000,   910000,
       ProductReturn,      18963,          0,          0,          0,      10085,      12986,      200,    14700,   103000,   150000,   255000,   960000,

  7168s: (87%)   IR =  12038 .[7170.029s][info][gc,start       ] GC(1276) Pause Young (Normal) (G1 Evacuation Pause)
[7170.029s][info][gc,task        ] GC(1276) Using 8 workers of 8 for evacuation
[7170.174s][info][gc,phases      ] GC(1276)   Pre Evacuate Collection Set: 0.27ms
[7170.174s][info][gc,phases      ] GC(1276)   Merge Heap Roots: 0.60ms
[7170.174s][info][gc,phases      ] GC(1276)   Evacuate Collection Set: 143.21ms
[7170.174s][info][gc,phases      ] GC(1276)   Post Evacuate Collection Set: 1.13ms
[7170.174s][info][gc,phases      ] GC(1276)   Other: 0.07ms
[7170.174s][info][gc,heap        ] GC(1276) Eden regions: 569->0(572)
[7170.174s][info][gc,heap        ] GC(1276) Survivor regions: 45->42(77)
[7170.174s][info][gc,heap        ] GC(1276) Old regions: 272->279
[7170.174s][info][gc,heap        ] GC(1276) Humongous regions: 33->33
[7170.174s][info][gc,metaspace   ] GC(1276) Metaspace: 35835K(38144K)->35835K(38144K) NonClass: 26763K(27072K)->26763K(27072K) Class: 9071K(11072K)->9071K(11072K)
[7170.174s][info][gc             ] GC(1276) Pause Young (Normal) (G1 Evacuation Pause) 7318M->2804M(8192M) 145.403ms
[7170.174s][info][gc,cpu         ] GC(1276) User=1.15s Sys=0.00s Real=0.14s
...[7173.230s][info][gc,start       ] GC(1277) Pause Young (Normal) (G1 Evacuation Pause)
[7173.230s][info][gc,task        ] GC(1277) Using 8 workers of 8 for evacuation
[7173.381s][info][gc,phases      ] GC(1277)   Pre Evacuate Collection Set: 0.22ms
[7173.381s][info][gc,phases      ] GC(1277)   Merge Heap Roots: 0.53ms
[7173.381s][info][gc,phases      ] GC(1277)   Evacuate Collection Set: 149.00ms
[7173.381s][info][gc,phases      ] GC(1277)   Post Evacuate Collection Set: 1.12ms
[7173.381s][info][gc,phases      ] GC(1277)   Other: 0.06ms
[7173.381s][info][gc,heap        ] GC(1277) Eden regions: 572->0(565)
[7173.381s][info][gc,heap        ] GC(1277) Survivor regions: 42->44(77)
[7173.381s][info][gc,heap        ] GC(1277) Old regions: 279->286
[7173.381s][info][gc,heap        ] GC(1277) Humongous regions: 33->33
[7173.381s][info][gc,metaspace   ] GC(1277) Metaspace: 35835K(38144K)->35835K(38144K) NonClass: 26763K(27072K)->26763K(27072K) Class: 9071K(11072K)->9071K(11072K)
[7173.381s][info][gc             ] GC(1277) Pause Young (Normal) (G1 Evacuation Pause) 7380M->2872M(8192M) 151.067ms
[7173.381s][info][gc,cpu         ] GC(1277) User=1.20s Sys=0.00s Real=0.15s
...[7176.452s][info][gc,start       ] GC(1278) Pause Young (Normal) (G1 Evacuation Pause)
[7176.452s][info][gc,task        ] GC(1278) Using 8 workers of 8 for evacuation
[7176.601s][info][gc,phases      ] GC(1278)   Pre Evacuate Collection Set: 0.23ms
[7176.601s][info][gc,phases      ] GC(1278)   Merge Heap Roots: 0.52ms
[7176.601s][info][gc,phases      ] GC(1278)   Evacuate Collection Set: 146.80ms
[7176.601s][info][gc,phases      ] GC(1278)   Post Evacuate Collection Set: 1.05ms
[7176.601s][info][gc,phases      ] GC(1278)   Other: 0.06ms
[7176.601s][info][gc,heap        ] GC(1278) Eden regions: 565->0(557)
[7176.601s][info][gc,heap        ] GC(1278) Survivor regions: 44->44(77)
[7176.601s][info][gc,heap        ] GC(1278) Old regions: 286->294
[7176.601s][info][gc,heap        ] GC(1278) Humongous regions: 33->33
[7176.601s][info][gc,metaspace   ] GC(1278) Metaspace: 35835K(38144K)->35835K(38144K) NonClass: 26763K(27072K)->26763K(27072K) Class: 9071K(11072K)->9071K(11072K)
[7176.601s][info][gc             ] GC(1278) Pause Young (Normal) (G1 Evacuation Pause) 7392M->2929M(8192M) 148.789ms
[7176.601s][info][gc,cpu         ] GC(1278) User=1.18s Sys=0.00s Real=0.15s
...[7179.474s][info][gc,start       ] GC(1279) Pause Young (Normal) (G1 Evacuation Pause)
[7179.474s][info][gc,task        ] GC(1279) Using 8 workers of 8 for evacuation
[7179.619s][info][gc,phases      ] GC(1279)   Pre Evacuate Collection Set: 0.23ms
[7179.619s][info][gc,phases      ] GC(1279)   Merge Heap Roots: 0.53ms
[7179.619s][info][gc,phases      ] GC(1279)   Evacuate Collection Set: 143.31ms
[7179.619s][info][gc,phases      ] GC(1279)   Post Evacuate Collection Set: 1.07ms
[7179.619s][info][gc,phases      ] GC(1279)   Other: 0.06ms
[7179.619s][info][gc,heap        ] GC(1279) Eden regions: 557->0(552)
[7179.619s][info][gc,heap        ] GC(1279) Survivor regions: 44->43(76)
[7179.619s][info][gc,heap        ] GC(1279) Old regions: 294->301
[7179.619s][info][gc,heap        ] GC(1279) Humongous regions: 33->33
[7179.619s][info][gc,metaspace   ] GC(1279) Metaspace: 35835K(38144K)->35835K(38144K) NonClass: 26763K(27072K)->26763K(27072K) Class: 9071K(11072K)->9071K(11072K)
[7179.619s][info][gc             ] GC(1279) Pause Young (Normal) (G1 Evacuation Pause) 7385M->2981M(8192M) 145.332ms
[7179.619s][info][gc,cpu         ] GC(1279) User=1.15s Sys=0.00s Real=0.15s
...|[7182.571s][info][gc,start       ] GC(1280) Pause Young (Normal) (G1 Evacuation Pause)
[7182.571s][info][gc,task        ] GC(1280) Using 8 workers of 8 for evacuation
[7182.719s][info][gc,phases      ] GC(1280)   Pre Evacuate Collection Set: 0.24ms
[7182.719s][info][gc,phases      ] GC(1280)   Merge Heap Roots: 0.51ms
[7182.719s][info][gc,phases      ] GC(1280)   Evacuate Collection Set: 146.10ms
[7182.719s][info][gc,phases      ] GC(1280)   Post Evacuate Collection Set: 0.99ms
[7182.719s][info][gc,phases      ] GC(1280)   Other: 0.06ms
[7182.719s][info][gc,heap        ] GC(1280) Eden regions: 552->0(543)
[7182.719s][info][gc,heap        ] GC(1280) Survivor regions: 43->44(75)
[7182.719s][info][gc,heap        ] GC(1280) Old regions: 301->308
[7182.719s][info][gc,heap        ] GC(1280) Humongous regions: 33->33
[7182.719s][info][gc,metaspace   ] GC(1280) Metaspace: 35835K(38144K)->35835K(38144K) NonClass: 26763K(27072K)->26763K(27072K) Class: 9071K(11072K)->9071K(11072K)
[7182.719s][info][gc             ] GC(1280) Pause Young (Normal) (G1 Evacuation Pause) 7397M->3048M(8192M) 148.029ms
[7182.719s][info][gc,cpu         ] GC(1280) User=1.17s Sys=0.00s Real=0.15s
...[7185.593s][info][gc,start       ] GC(1281) Pause Young (Concurrent Start) (G1 Evacuation Pause)
[7185.593s][info][gc,task        ] GC(1281) Using 8 workers of 8 for evacuation
[7185.739s][info][gc,phases      ] GC(1281)   Pre Evacuate Collection Set: 0.27ms
[7185.739s][info][gc,phases      ] GC(1281)   Merge Heap Roots: 0.55ms
[7185.739s][info][gc,phases      ] GC(1281)   Evacuate Collection Set: 144.09ms
[7185.739s][info][gc,phases      ] GC(1281)   Post Evacuate Collection Set: 1.01ms
[7185.739s][info][gc,phases      ] GC(1281)   Other: 0.08ms
[7185.739s][info][gc,heap        ] GC(1281) Eden regions: 543->0(539)
[7185.739s][info][gc,heap        ] GC(1281) Survivor regions: 44->42(74)
[7185.739s][info][gc,heap        ] GC(1281) Old regions: 308->316
[7185.739s][info][gc,heap        ] GC(1281) Humongous regions: 33->33
[7185.739s][info][gc,metaspace   ] GC(1281) Metaspace: 35835K(38144K)->35835K(38144K) NonClass: 26763K(27072K)->26763K(27072K) Class: 9071K(11072K)->9071K(11072K)
[7185.740s][info][gc             ] GC(1281) Pause Young (Concurrent Start) (G1 Evacuation Pause) 7392M->3090M(8192M) 146.147ms
[7185.740s][info][gc             ] GC(1282) Concurrent Mark Cycle
[7185.740s][info][gc,marking     ] GC(1282) Concurrent Scan Root Regions
[7185.740s][info][gc,cpu         ] GC(1281) User=1.15s Sys=0.00s Real=0.15s
.[7186.057s][info][gc,marking     ] GC(1282) Concurrent Scan Root Regions 317.763ms
[7186.057s][info][gc,marking     ] GC(1282) Concurrent Mark
[7186.057s][info][gc,marking     ] GC(1282) Concurrent Mark From Roots
[7186.057s][info][gc,task        ] GC(1282) Using 2 workers of 2 for marking
.[7187.242s][info][gc,marking     ] GC(1282) Concurrent Mark From Roots 1184.568ms
[7187.242s][info][gc,marking     ] GC(1282) Concurrent Preclean
[7187.242s][info][gc,marking     ] GC(1282) Concurrent Preclean 0.096ms
[7187.242s][info][gc,start       ] GC(1282) Pause Remark
[7187.245s][info][gc             ] GC(1282) Pause Remark 4794M->4162M(8192M) 2.345ms
[7187.245s][info][gc,cpu         ] GC(1282) User=0.01s Sys=0.00s Real=0.00s
[7187.245s][info][gc,marking     ] GC(1282) Concurrent Mark 1187.478ms
[7187.245s][info][gc,marking     ] GC(1282) Concurrent Rebuild Remembered Sets and Scrub Regions
.[7188.125s][info][gc,marking     ] GC(1282) Concurrent Rebuild Remembered Sets and Scrub Regions 879.626ms
[7188.125s][info][gc,start       ] GC(1282) Pause Cleanup
[7188.125s][info][gc             ] GC(1282) Pause Cleanup 5347M->5347M(8192M) 0.253ms
[7188.125s][info][gc,cpu         ] GC(1282) User=0.00s Sys=0.00s Real=0.00s
[7188.125s][info][gc,marking     ] GC(1282) Concurrent Clear Claimed Marks
[7188.125s][info][gc,marking     ] GC(1282) Concurrent Clear Claimed Marks 0.038ms
[7188.125s][info][gc,marking     ] GC(1282) Concurrent Cleanup for Next Mark
[7188.139s][info][gc,marking     ] GC(1282) Concurrent Cleanup for Next Mark 14.461ms
[7188.140s][info][gc             ] GC(1282) Concurrent Mark Cycle 2400.042ms
.[7188.975s][info][gc,start       ] GC(1283) Pause Young (Prepare Mixed) (G1 Evacuation Pause)
[7188.975s][info][gc,task        ] GC(1283) Using 8 workers of 8 for evacuation
[7189.123s][info][gc,phases      ] GC(1283)   Pre Evacuate Collection Set: 0.27ms
[7189.123s][info][gc,phases      ] GC(1283)   Merge Heap Roots: 0.80ms
[7189.123s][info][gc,phases      ] GC(1283)   Evacuate Collection Set: 144.92ms
[7189.123s][info][gc,phases      ] GC(1283)   Post Evacuate Collection Set: 1.10ms
[7189.123s][info][gc,phases      ] GC(1283)   Other: 0.06ms
[7189.123s][info][gc,heap        ] GC(1283) Eden regions: 539->0(572)
[7189.123s][info][gc,heap        ] GC(1283) Survivor regions: 42->42(73)
[7189.123s][info][gc,heap        ] GC(1283) Old regions: 237->244
[7189.123s][info][gc,heap        ] GC(1283) Humongous regions: 33->33
[7189.123s][info][gc,metaspace   ] GC(1283) Metaspace: 35835K(38144K)->35835K(38144K) NonClass: 26763K(27072K)->26763K(27072K) Class: 9071K(11072K)->9071K(11072K)
[7189.123s][info][gc             ] GC(1283) Pause Young (Prepare Mixed) (G1 Evacuation Pause) 6770M->2524M(8192M) 147.272ms
[7189.123s][info][gc,cpu         ] GC(1283) User=1.17s Sys=0.00s Real=0.15s
...[7191.989s][info][gc,start       ] GC(1284) Pause Young (Mixed) (G1 Evacuation Pause)
[7191.989s][info][gc,task        ] GC(1284) Using 8 workers of 8 for evacuation
[7192.149s][info][gc,phases      ] GC(1284)   Pre Evacuate Collection Set: 0.26ms
[7192.149s][info][gc,phases      ] GC(1284)   Merge Heap Roots: 0.88ms
[7192.149s][info][gc,phases      ] GC(1284)   Evacuate Collection Set: 156.75ms
[7192.149s][info][gc,phases      ] GC(1284)   Post Evacuate Collection Set: 1.23ms
[7192.149s][info][gc,phases      ] GC(1284)   Other: 0.07ms
[7192.149s][info][gc,heap        ] GC(1284) Eden regions: 572->0(570)
[7192.149s][info][gc,heap        ] GC(1284) Survivor regions: 42->44(77)
[7192.149s][info][gc,heap        ] GC(1284) Old regions: 244->150
[7192.149s][info][gc,heap        ] GC(1284) Humongous regions: 33->33
[7192.149s][info][gc,metaspace   ] GC(1284) Metaspace: 35835K(38144K)->35835K(38144K) NonClass: 26763K(27072K)->26763K(27072K) Class: 9071K(11072K)->9071K(11072K)
[7192.149s][info][gc             ] GC(1284) Pause Young (Mixed) (G1 Evacuation Pause) 7100M->1787M(8192M) 159.337ms
[7192.149s][info][gc,cpu         ] GC(1284) User=1.26s Sys=0.00s Real=0.16s
..[7194.954s][info][gc,start       ] GC(1285) Pause Young (Mixed) (G1 Evacuation Pause)
[7194.954s][info][gc,task        ] GC(1285) Using 8 workers of 8 for evacuation
[7195.114s][info][gc,phases      ] GC(1285)   Pre Evacuate Collection Set: 0.23ms
[7195.114s][info][gc,phases      ] GC(1285)   Merge Heap Roots: 0.66ms
[7195.114s][info][gc,phases      ] GC(1285)   Evacuate Collection Set: 157.70ms
[7195.114s][info][gc,phases      ] GC(1285)   Post Evacuate Collection Set: 1.07ms
[7195.114s][info][gc,phases      ] GC(1285)   Other: 0.07ms
[7195.114s][info][gc,heap        ] GC(1285) Eden regions: 570->0(569)
[7195.114s][info][gc,heap        ] GC(1285) Survivor regions: 44->45(77)
[7195.114s][info][gc,heap        ] GC(1285) Old regions: 150->143
[7195.114s][info][gc,heap        ] GC(1285) Humongous regions: 33->33
[7195.114s][info][gc,metaspace   ] GC(1285) Metaspace: 35835K(38144K)->35835K(38144K) NonClass: 26763K(27072K)->26763K(27072K) Class: 9071K(11072K)->9071K(11072K)
[7195.114s][info][gc             ] GC(1285) Pause Young (Mixed) (G1 Evacuation Pause) 6347M->1736M(8192M) 159.876ms
[7195.114s][info][gc,cpu         ] GC(1285) User=1.26s Sys=0.00s Real=0.16s
...[7198.089s][info][gc,start       ] GC(1286) Pause Young (Normal) (G1 Evacuation Pause)
[7198.089s][info][gc,task        ] GC(1286) Using 8 workers of 8 for evacuation
[7198.239s][info][gc,phases      ] GC(1286)   Pre Evacuate Collection Set: 0.23ms
[7198.239s][info][gc,phases      ] GC(1286)   Merge Heap Roots: 0.53ms
[7198.239s][info][gc,phases      ] GC(1286)   Evacuate Collection Set: 148.30ms
[7198.239s][info][gc,phases      ] GC(1286)   Post Evacuate Collection Set: 1.05ms
[7198.239s][info][gc,phases      ] GC(1286)   Other: 0.07ms
[7198.239s][info][gc,heap        ] GC(1286) Eden regions: 569->0(571)
[7198.239s][info][gc,heap        ] GC(1286) Survivor regions: 45->43(77)
[7198.239s][info][gc,heap        ] GC(1286) Old regions: 143->150
[7198.239s][info][gc,heap        ] GC(1286) Humongous regions: 33->33
[7198.239s][info][gc,metaspace   ] GC(1286) Metaspace: 35835K(38144K)->35835K(38144K) NonClass: 26763K(27072K)->26763K(27072K) Class: 9071K(11072K)->9071K(11072K)
[7198.239s][info][gc             ] GC(1286) Pause Young (Normal) (G1 Evacuation Pause) 6288M->1780M(8192M) 150.310ms
[7198.239s][info][gc,cpu         ] GC(1286) User=1.19s Sys=0.00s Real=0.15s
....[7201.319s][info][gc,start       ] GC(1287) Pause Young (Normal) (G1 Evacuation Pause)
[7201.319s][info][gc,task        ] GC(1287) Using 8 workers of 8 for evacuation
[7201.468s][info][gc,phases      ] GC(1287)   Pre Evacuate Collection Set: 0.27ms
[7201.468s][info][gc,phases      ] GC(1287)   Merge Heap Roots: 0.52ms
[7201.468s][info][gc,phases      ] GC(1287)   Evacuate Collection Set: 147.16ms
[7201.468s][info][gc,phases      ] GC(1287)   Post Evacuate Collection Set: 1.03ms
[7201.468s][info][gc,phases      ] GC(1287)   Other: 0.07ms
[7201.468s][info][gc,heap        ] GC(1287) Eden regions: 571->0(571)
[7201.468s][info][gc,heap        ] GC(1287) Survivor regions: 43->43(77)
[7201.468s][info][gc,heap        ] GC(1287) Old regions: 150->158
[7201.468s][info][gc,heap        ] GC(1287) Humongous regions: 33->33
[7201.468s][info][gc,metaspace   ] GC(1287) Metaspace: 35835K(38144K)->35835K(38144K) NonClass: 26763K(27072K)->26763K(27072K) Class: 9071K(11072K)->9071K(11072K)
[7201.468s][info][gc             ] GC(1287) Pause Young (Normal) (G1 Evacuation Pause) 6348M->1837M(8192M) 149.186ms
[7201.468s][info][gc,cpu         ] GC(1287) User=1.18s Sys=0.00s Real=0.15s
...[7204.537s][info][gc,start       ] GC(1288) Pause Young (Normal) (G1 Evacuation Pause)
[7204.537s][info][gc,task        ] GC(1288) Using 8 workers of 8 for evacuation
[7204.688s][info][gc,phases      ] GC(1288)   Pre Evacuate Collection Set: 0.22ms
[7204.688s][info][gc,phases      ] GC(1288)   Merge Heap Roots: 0.52ms
[7204.688s][info][gc,phases      ] GC(1288)   Evacuate Collection Set: 149.54ms
[7204.688s][info][gc,phases      ] GC(1288)   Post Evacuate Collection Set: 1.02ms
[7204.688s][info][gc,phases      ] GC(1288)   Other: 0.06ms
[7204.689s][info][gc,heap        ] GC(1288) Eden regions: 571->0(570)
[7204.689s][info][gc,heap        ] GC(1288) Survivor regions: 43->44(77)
[7204.689s][info][gc,heap        ] GC(1288) Old regions: 158->165
[7204.689s][info][gc,heap        ] GC(1288) Humongous regions: 33->33
[7204.689s][info][gc,metaspace   ] GC(1288) Metaspace: 35835K(38144K)->35835K(38144K) NonClass: 26763K(27072K)->26763K(27072K) Class: 9071K(11072K)->9071K(11072K)
[7204.689s][info][gc             ] GC(1288) Pause Young (Normal) (G1 Evacuation Pause) 6405M->1902M(8192M) 151.499ms
[7204.689s][info][gc,cpu         ] GC(1288) User=1.19s Sys=0.00s Real=0.15s
...[7207.800s][info][gc,start       ] GC(1289) Pause Young (Normal) (G1 Evacuation Pause)
[7207.800s][info][gc,task        ] GC(1289) Using 8 workers of 8 for evacuation
[7207.953s][info][gc,phases      ] GC(1289)   Pre Evacuate Collection Set: 0.27ms
[7207.953s][info][gc,phases      ] GC(1289)   Merge Heap Roots: 0.60ms
[7207.953s][info][gc,phases      ] GC(1289)   Evacuate Collection Set: 151.76ms
[7207.953s][info][gc,phases      ] GC(1289)   Post Evacuate Collection Set: 1.03ms
[7207.953s][info][gc,phases      ] GC(1289)   Other: 0.06ms
[7207.953s][info][gc,heap        ] GC(1289) Eden regions: 570->0(569)
[7207.953s][info][gc,heap        ] GC(1289) Survivor regions: 44->45(77)
[7207.953s][info][gc,heap        ] GC(1289) Old regions: 165->172
[7207.953s][info][gc,heap        ] GC(1289) Humongous regions: 33->33
[7207.953s][info][gc,metaspace   ] GC(1289) Metaspace: 35835K(38144K)->35835K(38144K) NonClass: 26763K(27072K)->26763K(27072K) Class: 9071K(11072K)->9071K(11072K)
[7207.954s][info][gc             ] GC(1289) Pause Young (Normal) (G1 Evacuation Pause) 6462M->1968M(8192M) 153.847ms
[7207.954s][info][gc,cpu         ] GC(1289) User=1.21s Sys=0.00s Real=0.15s
...[7210.889s][info][gc,start       ] GC(1290) Pause Young (Normal) (G1 Evacuation Pause)
[7210.889s][info][gc,task        ] GC(1290) Using 8 workers of 8 for evacuation
[7211.037s][info][gc,phases      ] GC(1290)   Pre Evacuate Collection Set: 0.23ms
[7211.037s][info][gc,phases      ] GC(1290)   Merge Heap Roots: 0.53ms
[7211.037s][info][gc,phases      ] GC(1290)   Evacuate Collection Set: 146.78ms
[7211.037s][info][gc,phases      ] GC(1290)   Post Evacuate Collection Set: 1.02ms
[7211.037s][info][gc,phases      ] GC(1290)   Other: 0.06ms
[7211.037s][info][gc,heap        ] GC(1290) Eden regions: 569->0(571)
[7211.037s][info][gc,heap        ] GC(1290) Survivor regions: 45->43(77)
[7211.037s][info][gc,heap        ] GC(1290) Old regions: 172->179
[7211.037s][info][gc,heap        ] GC(1290) Humongous regions: 33->33
[7211.037s][info][gc,metaspace   ] GC(1290) Metaspace: 35835K(38144K)->35835K(38144K) NonClass: 26763K(27072K)->26763K(27072K) Class: 9071K(11072K)->9071K(11072K)
[7211.037s][info][gc             ] GC(1290) Pause Young (Normal) (G1 Evacuation Pause) 6520M->2012M(8192M) 148.747ms
[7211.037s][info][gc,cpu         ] GC(1290) User=1.18s Sys=0.00s Real=0.15s
...[7214.068s][info][gc,start       ] GC(1291) Pause Young (Normal) (G1 Evacuation Pause)
[7214.068s][info][gc,task        ] GC(1291) Using 8 workers of 8 for evacuation
[7214.215s][info][gc,phases      ] GC(1291)   Pre Evacuate Collection Set: 0.21ms
[7214.216s][info][gc,phases      ] GC(1291)   Merge Heap Roots: 0.51ms
[7214.216s][info][gc,phases      ] GC(1291)   Evacuate Collection Set: 145.82ms
[7214.216s][info][gc,phases      ] GC(1291)   Post Evacuate Collection Set: 1.05ms
[7214.216s][info][gc,phases      ] GC(1291)   Other: 0.07ms
[7214.216s][info][gc,heap        ] GC(1291) Eden regions: 571->0(571)
[7214.216s][info][gc,heap        ] GC(1291) Survivor regions: 43->43(77)
[7214.216s][info][gc,heap        ] GC(1291) Old regions: 179->187
[7214.216s][info][gc,heap        ] GC(1291) Humongous regions: 33->33
[7214.216s][info][gc,metaspace   ] GC(1291) Metaspace: 35835K(38144K)->35835K(38144K) NonClass: 26763K(27072K)->26763K(27072K) Class: 9071K(11072K)->9071K(11072K)
[7214.216s][info][gc             ] GC(1291) Pause Young (Normal) (G1 Evacuation Pause) 6580M->2065M(8192M) 147.809ms
[7214.216s][info][gc,cpu         ] GC(1291) User=1.17s Sys=0.00s Real=0.14s
...[7217.228s][info][gc,start       ] GC(1292) Pause Young (Normal) (G1 Evacuation Pause)
[7217.228s][info][gc,task        ] GC(1292) Using 8 workers of 8 for evacuation
[7217.373s][info][gc,phases      ] GC(1292)   Pre Evacuate Collection Set: 0.26ms
[7217.373s][info][gc,phases      ] GC(1292)   Merge Heap Roots: 0.54ms
[7217.373s][info][gc,phases      ] GC(1292)   Evacuate Collection Set: 142.96ms
[7217.373s][info][gc,phases      ] GC(1292)   Post Evacuate Collection Set: 1.05ms
[7217.373s][info][gc,phases      ] GC(1292)   Other: 0.06ms
[7217.373s][info][gc,heap        ] GC(1292) Eden regions: 571->0(571)
[7217.373s][info][gc,heap        ] GC(1292) Survivor regions: 43->43(77)
[7217.373s][info][gc,heap        ] GC(1292) Old regions: 187->193
[7217.373s][info][gc,heap        ] GC(1292) Humongous regions: 33->33
[7217.373s][info][gc,metaspace   ] GC(1292) Metaspace: 35835K(38144K)->35835K(38144K) NonClass: 26763K(27072K)->26763K(27072K) Class: 9071K(11072K)->9071K(11072K)
[7217.373s][info][gc             ] GC(1292) Pause Young (Normal) (G1 Evacuation Pause) 6633M->2120M(8192M) 144.987ms
[7217.373s][info][gc,cpu         ] GC(1292) User=1.15s Sys=0.00s Real=0.14s
....[7220.428s][info][gc,start       ] GC(1293) Pause Young (Normal) (G1 Evacuation Pause)
[7220.428s][info][gc,task        ] GC(1293) Using 8 workers of 8 for evacuation
[7220.584s][info][gc,phases      ] GC(1293)   Pre Evacuate Collection Set: 0.23ms
[7220.584s][info][gc,phases      ] GC(1293)   Merge Heap Roots: 0.52ms
[7220.584s][info][gc,phases      ] GC(1293)   Evacuate Collection Set: 154.11ms
[7220.584s][info][gc,phases      ] GC(1293)   Post Evacuate Collection Set: 1.03ms
[7220.584s][info][gc,phases      ] GC(1293)   Other: 0.06ms
[7220.584s][info][gc,heap        ] GC(1293) Eden regions: 571->0(570)
[7220.584s][info][gc,heap        ] GC(1293) Survivor regions: 43->44(77)
[7220.584s][info][gc,heap        ] GC(1293) Old regions: 193->201
[7220.584s][info][gc,heap        ] GC(1293) Humongous regions: 33->33
[7220.584s][info][gc,metaspace   ] GC(1293) Metaspace: 35835K(38144K)->35835K(38144K) NonClass: 26763K(27072K)->26763K(27072K) Class: 9071K(11072K)->9071K(11072K)
[7220.584s][info][gc             ] GC(1293) Pause Young (Normal) (G1 Evacuation Pause) 6688M->2189M(8192M) 156.078ms
[7220.584s][info][gc,cpu         ] GC(1293) User=1.24s Sys=0.00s Real=0.15s
...[7223.530s][info][gc,start       ] GC(1294) Pause Young (Normal) (G1 Evacuation Pause)
[7223.530s][info][gc,task        ] GC(1294) Using 8 workers of 8 for evacuation
[7223.685s][info][gc,phases      ] GC(1294)   Pre Evacuate Collection Set: 0.23ms
[7223.685s][info][gc,phases      ] GC(1294)   Merge Heap Roots: 0.54ms
[7223.685s][info][gc,phases      ] GC(1294)   Evacuate Collection Set: 152.37ms
[7223.685s][info][gc,phases      ] GC(1294)   Post Evacuate Collection Set: 1.06ms
[7223.685s][info][gc,phases      ] GC(1294)   Other: 0.06ms
[7223.685s][info][gc,heap        ] GC(1294) Eden regions: 570->0(570)
[7223.685s][info][gc,heap        ] GC(1294) Survivor regions: 44->44(77)
[7223.685s][info][gc,heap        ] GC(1294) Old regions: 201->208
[7223.685s][info][gc,heap        ] GC(1294) Humongous regions: 33->33
[7223.685s][info][gc,metaspace   ] GC(1294) Metaspace: 35835K(38144K)->35835K(38144K) NonClass: 26763K(27072K)->26763K(27072K) Class: 9071K(11072K)->9071K(11072K)
[7223.685s][info][gc             ] GC(1294) Pause Young (Normal) (G1 Evacuation Pause) 6749M->2246M(8192M) 154.395ms
[7223.685s][info][gc,cpu         ] GC(1294) User=1.22s Sys=0.00s Real=0.15s
...[7226.645s][info][gc,start       ] GC(1295) Pause Young (Normal) (G1 Evacuation Pause)
[7226.645s][info][gc,task        ] GC(1295) Using 8 workers of 8 for evacuation
[7226.797s][info][gc,phases      ] GC(1295)   Pre Evacuate Collection Set: 0.24ms
[7226.797s][info][gc,phases      ] GC(1295)   Merge Heap Roots: 0.53ms
[7226.797s][info][gc,phases      ] GC(1295)   Evacuate Collection Set: 149.66ms
[7226.797s][info][gc,phases      ] GC(1295)   Post Evacuate Collection Set: 1.08ms
[7226.797s][info][gc,phases      ] GC(1295)   Other: 0.06ms
[7226.797s][info][gc,heap        ] GC(1295) Eden regions: 570->0(570)
[7226.797s][info][gc,heap        ] GC(1295) Survivor regions: 44->44(77)
[7226.797s][info][gc,heap        ] GC(1295) Old regions: 208->215
[7226.797s][info][gc,heap        ] GC(1295) Humongous regions: 33->33
[7226.797s][info][gc,metaspace   ] GC(1295) Metaspace: 35835K(38144K)->35835K(38144K) NonClass: 26763K(27072K)->26763K(27072K) Class: 9071K(11072K)->9071K(11072K)
[7226.797s][info][gc             ] GC(1295) Pause Young (Normal) (G1 Evacuation Pause) 6806M->2304M(8192M) 151.695ms
[7226.797s][info][gc,cpu         ] GC(1295) User=1.20s Sys=0.00s Real=0.15s
...[7229.950s][info][gc,start       ] GC(1296) Pause Young (Normal) (G1 Evacuation Pause)
[7229.950s][info][gc,task        ] GC(1296) Using 8 workers of 8 for evacuation
[7230.106s][info][gc,phases      ] GC(1296)   Pre Evacuate Collection Set: 0.24ms
[7230.106s][info][gc,phases      ] GC(1296)   Merge Heap Roots: 0.52ms
[7230.106s][info][gc,phases      ] GC(1296)   Evacuate Collection Set: 154.04ms
[7230.106s][info][gc,phases      ] GC(1296)   Post Evacuate Collection Set: 1.04ms
[7230.106s][info][gc,phases      ] GC(1296)   Other: 0.07ms
[7230.106s][info][gc,heap        ] GC(1296) Eden regions: 570->0(569)
[7230.106s][info][gc,heap        ] GC(1296) Survivor regions: 44->45(77)
[7230.106s][info][gc,heap        ] GC(1296) Old regions: 215->222
[7230.106s][info][gc,heap        ] GC(1296) Humongous regions: 33->33
[7230.106s][info][gc,metaspace   ] GC(1296) Metaspace: 35835K(38144K)->35835K(38144K) NonClass: 26763K(27072K)->26763K(27072K) Class: 9071K(11072K)->9071K(11072K)
[7230.106s][info][gc             ] GC(1296) Pause Young (Normal) (G1 Evacuation Pause) 6864M->2365M(8192M) 156.040ms
[7230.106s][info][gc,cpu         ] GC(1296) User=1.23s Sys=0.00s Real=0.15s
...[7233.138s][info][gc,start       ] GC(1297) Pause Young (Normal) (G1 Evacuation Pause)
[7233.138s][info][gc,task        ] GC(1297) Using 8 workers of 8 for evacuation
[7233.287s][info][gc,phases      ] GC(1297)   Pre Evacuate Collection Set: 0.24ms
[7233.287s][info][gc,phases      ] GC(1297)   Merge Heap Roots: 0.52ms
[7233.287s][info][gc,phases      ] GC(1297)   Evacuate Collection Set: 146.84ms
[7233.287s][info][gc,phases      ] GC(1297)   Post Evacuate Collection Set: 1.04ms
[7233.287s][info][gc,phases      ] GC(1297)   Other: 0.07ms
[7233.287s][info][gc,heap        ] GC(1297) Eden regions: 569->0(571)
[7233.287s][info][gc,heap        ] GC(1297) Survivor regions: 45->43(77)
[7233.287s][info][gc,heap        ] GC(1297) Old regions: 222->229
[7233.287s][info][gc,heap        ] GC(1297) Humongous regions: 33->33
[7233.287s][info][gc,metaspace   ] GC(1297) Metaspace: 35835K(38144K)->35835K(38144K) NonClass: 26763K(27072K)->26763K(27072K) Class: 9071K(11072K)->9071K(11072K)
[7233.287s][info][gc             ] GC(1297) Pause Young (Normal) (G1 Evacuation Pause) 6917M->2410M(8192M) 148.831ms
[7233.287s][info][gc,cpu         ] GC(1297) User=1.18s Sys=0.00s Real=0.14s
...[7236.344s][info][gc,start       ] GC(1298) Pause Young (Normal) (G1 Evacuation Pause)
[7236.344s][info][gc,task        ] GC(1298) Using 8 workers of 8 for evacuation
[7236.491s][info][gc,phases      ] GC(1298)   Pre Evacuate Collection Set: 0.25ms
[7236.491s][info][gc,phases      ] GC(1298)   Merge Heap Roots: 0.53ms
[7236.491s][info][gc,phases      ] GC(1298)   Evacuate Collection Set: 144.94ms
[7236.491s][info][gc,phases      ] GC(1298)   Post Evacuate Collection Set: 1.06ms
[7236.491s][info][gc,phases      ] GC(1298)   Other: 0.06ms
[7236.491s][info][gc,heap        ] GC(1298) Eden regions: 571->0(571)
[7236.491s][info][gc,heap        ] GC(1298) Survivor regions: 43->43(77)
[7236.491s][info][gc,heap        ] GC(1298) Old regions: 229->236
[7236.491s][info][gc,heap        ] GC(1298) Humongous regions: 33->33
[7236.491s][info][gc,metaspace   ] GC(1298) Metaspace: 35835K(38144K)->35835K(38144K) NonClass: 26763K(27072K)->26763K(27072K) Class: 9071K(11072K)->9071K(11072K)
[7236.491s][info][gc             ] GC(1298) Pause Young (Normal) (G1 Evacuation Pause) 6978M->2462M(8192M) 146.989ms
[7236.491s][info][gc,cpu         ] GC(1298) User=1.16s Sys=0.00s Real=0.15s
....[7239.516s][info][gc,start       ] GC(1299) Pause Young (Normal) (G1 Evacuation Pause)
[7239.517s][info][gc,task        ] GC(1299) Using 8 workers of 8 for evacuation
[7239.665s][info][gc,phases      ] GC(1299)   Pre Evacuate Collection Set: 0.23ms
[7239.665s][info][gc,phases      ] GC(1299)   Merge Heap Roots: 0.53ms
[7239.665s][info][gc,phases      ] GC(1299)   Evacuate Collection Set: 146.23ms
[7239.665s][info][gc,phases      ] GC(1299)   Post Evacuate Collection Set: 1.03ms
[7239.665s][info][gc,phases      ] GC(1299)   Other: 0.06ms
[7239.665s][info][gc,heap        ] GC(1299) Eden regions: 571->0(570)
[7239.665s][info][gc,heap        ] GC(1299) Survivor regions: 43->44(77)
[7239.665s][info][gc,heap        ] GC(1299) Old regions: 236->243
[7239.665s][info][gc,heap        ] GC(1299) Humongous regions: 33->33
[7239.665s][info][gc,metaspace   ] GC(1299) Metaspace: 35835K(38144K)->35835K(38144K) NonClass: 26763K(27072K)->26763K(27072K) Class: 9071K(11072K)->9071K(11072K)
[7239.665s][info][gc             ] GC(1299) Pause Young (Normal) (G1 Evacuation Pause) 7030M->2528M(8192M) 148.207ms
[7239.665s][info][gc,cpu         ] GC(1299) User=1.17s Sys=0.00s Real=0.15s
... (rIR:aIR:PR = 12038:12076:12078) (tPR = 178942) [OK] 
  7242s: Performance info:
         Transaction,    Success,    Partial,     Failed,   Receipts, AvgBarcode, 
             Overall,     731174,          0,          0,     694843,      59.47, 
         Response times:
             Request,    Success,    Partial,     Failed,   SkipFail,     Probes,    Samples,      min,      p50,      p90,      p95,      p99,      max, 
       TotalPurchase,     694821,          0,          0,          0,     349376,     443445,      300,    16700,   132000,   196000,   316000,  3000000,
     InStorePurchase,     365585,          0,          0,          0,     183514,     232670,      300,    16700,   132000,   194000,   308000,  3000000,
      OnlinePurchase,     255710,          0,          0,          0,     129083,     163656,      300,    16500,   131000,   199000,   328000,  3000000,
        InstPurchase,      73526,          0,          0,          0,      36779,      47119,      500,    16800,   131000,   198000,   302000,  2800000,
          AssocOfCat,        729,          0,          0,          0,        632,        891,    34000,    74000,   186800,   244000,   360080,   432000,
      AssocOfProduct,       7300,          0,          0,          0,       3290,       4356,      600,    16800,   135000,   201150,   321720,  3000000,
      BusinessReport,       1825,          0,          0,          0,       1634,       2218,    36000,    84000,   210000,   272100,   420000,  3000000,
          CustBuyBeh,       7192,          0,          0,          0,       3299,       4347,      300,    17700,   132000,   195000,   326560,   780000,
       ProductReturn,      19215,          0,          0,          0,      10195,      12927,      200,    16600,   134000,   207000,   333440,   860000,

  7242s: (88%)   IR =  12177 [7242.747s][info][gc,start       ] GC(1300) Pause Young (Normal) (G1 Evacuation Pause)
[7242.747s][info][gc,task        ] GC(1300) Using 8 workers of 8 for evacuation
[7242.903s][info][gc,phases      ] GC(1300)   Pre Evacuate Collection Set: 0.23ms
[7242.903s][info][gc,phases      ] GC(1300)   Merge Heap Roots: 0.54ms
[7242.903s][info][gc,phases      ] GC(1300)   Evacuate Collection Set: 153.43ms
[7242.903s][info][gc,phases      ] GC(1300)   Post Evacuate Collection Set: 1.09ms
[7242.903s][info][gc,phases      ] GC(1300)   Other: 0.06ms
[7242.903s][info][gc,heap        ] GC(1300) Eden regions: 570->0(569)
[7242.903s][info][gc,heap        ] GC(1300) Survivor regions: 44->45(77)
[7242.903s][info][gc,heap        ] GC(1300) Old regions: 243->251
[7242.903s][info][gc,heap        ] GC(1300) Humongous regions: 33->33
[7242.903s][info][gc,metaspace   ] GC(1300) Metaspace: 35835K(38144K)->35835K(38144K) NonClass: 26763K(27072K)->26763K(27072K) Class: 9071K(11072K)->9071K(11072K)
[7242.903s][info][gc             ] GC(1300) Pause Young (Normal) (G1 Evacuation Pause) 7088M->2600M(8192M) 155.496ms
[7242.903s][info][gc,cpu         ] GC(1300) User=1.23s Sys=0.00s Real=0.15s
...[7245.932s][info][gc,start       ] GC(1301) Pause Young (Normal) (G1 Evacuation Pause)
[7245.933s][info][gc,task        ] GC(1301) Using 8 workers of 8 for evacuation
[7246.090s][info][gc,phases      ] GC(1301)   Pre Evacuate Collection Set: 0.24ms
[7246.091s][info][gc,phases      ] GC(1301)   Merge Heap Roots: 0.53ms
[7246.091s][info][gc,phases      ] GC(1301)   Evacuate Collection Set: 156.01ms
[7246.091s][info][gc,phases      ] GC(1301)   Post Evacuate Collection Set: 1.14ms
[7246.091s][info][gc,phases      ] GC(1301)   Other: 0.06ms
[7246.091s][info][gc,heap        ] GC(1301) Eden regions: 569->0(568)
[7246.091s][info][gc,heap        ] GC(1301) Survivor regions: 45->46(77)
[7246.091s][info][gc,heap        ] GC(1301) Old regions: 251->258
[7246.091s][info][gc,heap        ] GC(1301) Humongous regions: 33->33
[7246.091s][info][gc,metaspace   ] GC(1301) Metaspace: 35835K(38144K)->35835K(38144K) NonClass: 26763K(27072K)->26763K(27072K) Class: 9071K(11072K)->9071K(11072K)
[7246.091s][info][gc             ] GC(1301) Pause Young (Normal) (G1 Evacuation Pause) 7152M->2661M(8192M) 158.107ms
[7246.091s][info][gc,cpu         ] GC(1301) User=1.25s Sys=0.00s Real=0.16s
...[7249.127s][info][gc,start       ] GC(1302) Pause Young (Normal) (G1 Evacuation Pause)
[7249.127s][info][gc,task        ] GC(1302) Using 8 workers of 8 for evacuation
[7249.280s][info][gc,phases      ] GC(1302)   Pre Evacuate Collection Set: 0.23ms
[7249.280s][info][gc,phases      ] GC(1302)   Merge Heap Roots: 0.54ms
[7249.280s][info][gc,phases      ] GC(1302)   Evacuate Collection Set: 150.77ms
[7249.280s][info][gc,phases      ] GC(1302)   Post Evacuate Collection Set: 1.07ms
[7249.280s][info][gc,phases      ] GC(1302)   Other: 0.06ms
[7249.280s][info][gc,heap        ] GC(1302) Eden regions: 568->0(570)
[7249.280s][info][gc,heap        ] GC(1302) Survivor regions: 46->44(77)
[7249.280s][info][gc,heap        ] GC(1302) Old regions: 258->265
[7249.280s][info][gc,heap        ] GC(1302) Humongous regions: 33->33
[7249.280s][info][gc,metaspace   ] GC(1302) Metaspace: 35835K(38144K)->35835K(38144K) NonClass: 26763K(27072K)->26763K(27072K) Class: 9071K(11072K)->9071K(11072K)
[7249.280s][info][gc             ] GC(1302) Pause Young (Normal) (G1 Evacuation Pause) 7205M->2703M(8192M) 152.799ms
[7249.280s][info][gc,cpu         ] GC(1302) User=1.21s Sys=0.00s Real=0.15s
...[7252.288s][info][gc,start       ] GC(1303) Pause Young (Normal) (G1 Evacuation Pause)
[7252.288s][info][gc,task        ] GC(1303) Using 8 workers of 8 for evacuation
[7252.438s][info][gc,phases      ] GC(1303)   Pre Evacuate Collection Set: 0.24ms
[7252.438s][info][gc,phases      ] GC(1303)   Merge Heap Roots: 0.52ms
[7252.438s][info][gc,phases      ] GC(1303)   Evacuate Collection Set: 148.71ms
[7252.438s][info][gc,phases      ] GC(1303)   Post Evacuate Collection Set: 1.04ms
[7252.438s][info][gc,phases      ] GC(1303)   Other: 0.06ms
[7252.438s][info][gc,heap        ] GC(1303) Eden regions: 570->0(571)
[7252.438s][info][gc,heap        ] GC(1303) Survivor regions: 44->43(77)
[7252.438s][info][gc,heap        ] GC(1303) Old regions: 265->273
[7252.439s][info][gc,heap        ] GC(1303) Humongous regions: 33->33
[7252.439s][info][gc,metaspace   ] GC(1303) Metaspace: 35835K(38144K)->35835K(38144K) NonClass: 26763K(27072K)->26763K(27072K) Class: 9071K(11072K)->9071K(11072K)
[7252.439s][info][gc             ] GC(1303) Pause Young (Normal) (G1 Evacuation Pause) 7263M->2760M(8192M) 150.710ms
[7252.439s][info][gc,cpu         ] GC(1303) User=1.19s Sys=0.00s Real=0.15s
...[7255.507s][info][gc,start       ] GC(1304) Pause Young (Normal) (G1 Evacuation Pause)
[7255.507s][info][gc,task        ] GC(1304) Using 8 workers of 8 for evacuation
[7255.661s][info][gc,phases      ] GC(1304)   Pre Evacuate Collection Set: 0.24ms
[7255.662s][info][gc,phases      ] GC(1304)   Merge Heap Roots: 0.53ms
[7255.662s][info][gc,phases      ] GC(1304)   Evacuate Collection Set: 152.01ms
[7255.662s][info][gc,phases      ] GC(1304)   Post Evacuate Collection Set: 1.03ms
[7255.662s][info][gc,phases      ] GC(1304)   Other: 0.06ms
[7255.662s][info][gc,heap        ] GC(1304) Eden regions: 571->0(570)
[7255.662s][info][gc,heap        ] GC(1304) Survivor regions: 43->44(77)
[7255.662s][info][gc,heap        ] GC(1304) Old regions: 273->280
[7255.662s][info][gc,heap        ] GC(1304) Humongous regions: 33->33
[7255.662s][info][gc,metaspace   ] GC(1304) Metaspace: 35835K(38144K)->35835K(38144K) NonClass: 26763K(27072K)->26763K(27072K) Class: 9071K(11072K)->9071K(11072K)
[7255.662s][info][gc             ] GC(1304) Pause Young (Normal) (G1 Evacuation Pause) 7328M->2824M(8192M) 154.761ms
[7255.662s][info][gc,cpu         ] GC(1304) User=1.21s Sys=0.00s Real=0.16s
....[7258.800s][info][gc,start       ] GC(1305) Pause Young (Normal) (G1 Evacuation Pause)
[7258.800s][info][gc,task        ] GC(1305) Using 8 workers of 8 for evacuation
[7258.951s][info][gc,phases      ] GC(1305)   Pre Evacuate Collection Set: 0.24ms
[7258.951s][info][gc,phases      ] GC(1305)   Merge Heap Roots: 0.53ms
[7258.951s][info][gc,phases      ] GC(1305)   Evacuate Collection Set: 148.75ms
[7258.951s][info][gc,phases      ] GC(1305)   Post Evacuate Collection Set: 1.05ms
[7258.951s][info][gc,phases      ] GC(1305)   Other: 0.06ms
[7258.951s][info][gc,heap        ] GC(1305) Eden regions: 570->0(566)
[7258.951s][info][gc,heap        ] GC(1305) Survivor regions: 44->43(77)
[7258.951s][info][gc,heap        ] GC(1305) Old regions: 280->287
[7258.951s][info][gc,heap        ] GC(1305) Humongous regions: 33->33
[7258.951s][info][gc,metaspace   ] GC(1305) Metaspace: 35835K(38144K)->35835K(38144K) NonClass: 26763K(27072K)->26763K(27072K) Class: 9071K(11072K)->9071K(11072K)
[7258.951s][info][gc             ] GC(1305) Pause Young (Normal) (G1 Evacuation Pause) 7384M->2869M(8192M) 150.765ms
[7258.951s][info][gc,cpu         ] GC(1305) User=1.19s Sys=0.00s Real=0.15s
...[7261.966s][info][gc,start       ] GC(1306) Pause Young (Normal) (G1 Evacuation Pause)
[7261.966s][info][gc,task        ] GC(1306) Using 8 workers of 8 for evacuation
[7262.110s][info][gc,phases      ] GC(1306)   Pre Evacuate Collection Set: 0.24ms
[7262.110s][info][gc,phases      ] GC(1306)   Merge Heap Roots: 0.54ms
[7262.110s][info][gc,phases      ] GC(1306)   Evacuate Collection Set: 142.41ms
[7262.110s][info][gc,phases      ] GC(1306)   Post Evacuate Collection Set: 1.05ms
[7262.110s][info][gc,phases      ] GC(1306)   Other: 0.06ms
[7262.110s][info][gc,heap        ] GC(1306) Eden regions: 566->0(561)
[7262.110s][info][gc,heap        ] GC(1306) Survivor regions: 43->42(77)
[7262.110s][info][gc,heap        ] GC(1306) Old regions: 287->294
[7262.110s][info][gc,heap        ] GC(1306) Humongous regions: 33->33
[7262.110s][info][gc,metaspace   ] GC(1306) Metaspace: 35835K(38144K)->35835K(38144K) NonClass: 26763K(27072K)->26763K(27072K) Class: 9071K(11072K)->9071K(11072K)
[7262.110s][info][gc             ] GC(1306) Pause Young (Normal) (G1 Evacuation Pause) 7397M->2924M(8192M) 144.410ms
[7262.110s][info][gc,cpu         ] GC(1306) User=1.14s Sys=0.00s Real=0.15s
...[7265.032s][info][gc,start       ] GC(1307) Pause Young (Normal) (G1 Evacuation Pause)
[7265.033s][info][gc,task        ] GC(1307) Using 8 workers of 8 for evacuation
[7265.184s][info][gc,phases      ] GC(1307)   Pre Evacuate Collection Set: 0.22ms
[7265.184s][info][gc,phases      ] GC(1307)   Merge Heap Roots: 0.51ms
[7265.184s][info][gc,phases      ] GC(1307)   Evacuate Collection Set: 150.02ms
[7265.184s][info][gc,phases      ] GC(1307)   Post Evacuate Collection Set: 1.04ms
[7265.184s][info][gc,phases      ] GC(1307)   Other: 0.07ms
[7265.184s][info][gc,heap        ] GC(1307) Eden regions: 561->0(549)
[7265.184s][info][gc,heap        ] GC(1307) Survivor regions: 42->44(76)
[7265.184s][info][gc,heap        ] GC(1307) Old regions: 294->302
[7265.184s][info][gc,heap        ] GC(1307) Humongous regions: 33->33
[7265.184s][info][gc,metaspace   ] GC(1307) Metaspace: 35835K(38144K)->35835K(38144K) NonClass: 26763K(27072K)->26763K(27072K) Class: 9071K(11072K)->9071K(11072K)
[7265.184s][info][gc             ] GC(1307) Pause Young (Normal) (G1 Evacuation Pause) 7412M->2994M(8192M) 151.991ms
[7265.185s][info][gc,cpu         ] GC(1307) User=1.21s Sys=0.00s Real=0.15s
...[7268.065s][info][gc,start       ] GC(1308) Pause Young (Concurrent Start) (G1 Evacuation Pause)
[7268.065s][info][gc,task        ] GC(1308) Using 8 workers of 8 for evacuation
[7268.214s][info][gc,phases      ] GC(1308)   Pre Evacuate Collection Set: 0.30ms
[7268.214s][info][gc,phases      ] GC(1308)   Merge Heap Roots: 0.59ms
[7268.214s][info][gc,phases      ] GC(1308)   Evacuate Collection Set: 147.49ms
[7268.214s][info][gc,phases      ] GC(1308)   Post Evacuate Collection Set: 1.01ms
[7268.214s][info][gc,phases      ] GC(1308)   Other: 0.08ms
[7268.214s][info][gc,heap        ] GC(1308) Eden regions: 549->0(546)
[7268.214s][info][gc,heap        ] GC(1308) Survivor regions: 44->42(75)
[7268.214s][info][gc,heap        ] GC(1308) Old regions: 302->309
[7268.214s][info][gc,heap        ] GC(1308) Humongous regions: 33->33
[7268.214s][info][gc,metaspace   ] GC(1308) Metaspace: 35835K(38144K)->35835K(38144K) NonClass: 26763K(27072K)->26763K(27072K) Class: 9071K(11072K)->9071K(11072K)
[7268.214s][info][gc             ] GC(1308) Pause Young (Concurrent Start) (G1 Evacuation Pause) 7386M->3041M(8192M) 149.622ms
[7268.214s][info][gc             ] GC(1309) Concurrent Mark Cycle
[7268.215s][info][gc,marking     ] GC(1309) Concurrent Scan Root Regions
[7268.215s][info][gc,cpu         ] GC(1308) User=1.18s Sys=0.00s Real=0.15s
[7268.525s][info][gc,marking     ] GC(1309) Concurrent Scan Root Regions 310.147ms
[7268.525s][info][gc,marking     ] GC(1309) Concurrent Mark
[7268.525s][info][gc,marking     ] GC(1309) Concurrent Mark From Roots
[7268.525s][info][gc,task        ] GC(1309) Using 2 workers of 2 for marking
.[7269.665s][info][gc,marking     ] GC(1309) Concurrent Mark From Roots 1140.045ms
[7269.665s][info][gc,marking     ] GC(1309) Concurrent Preclean
[7269.665s][info][gc,marking     ] GC(1309) Concurrent Preclean 0.104ms
[7269.665s][info][gc,start       ] GC(1309) Pause Remark
[7269.667s][info][gc             ] GC(1309) Pause Remark 4661M->4069M(8192M) 2.089ms
[7269.667s][info][gc,cpu         ] GC(1309) User=0.02s Sys=0.00s Real=0.01s
[7269.667s][info][gc,marking     ] GC(1309) Concurrent Mark 1142.529ms
[7269.667s][info][gc,marking     ] GC(1309) Concurrent Rebuild Remembered Sets and Scrub Regions
.[7270.400s][info][gc,marking     ] GC(1309) Concurrent Rebuild Remembered Sets and Scrub Regions 732.859ms
[7270.400s][info][gc,start       ] GC(1309) Pause Cleanup
[7270.401s][info][gc             ] GC(1309) Pause Cleanup 5071M->5071M(8192M) 0.248ms
[7270.401s][info][gc,cpu         ] GC(1309) User=0.00s Sys=0.00s Real=0.00s
[7270.401s][info][gc,marking     ] GC(1309) Concurrent Clear Claimed Marks
[7270.401s][info][gc,marking     ] GC(1309) Concurrent Clear Claimed Marks 0.040ms
[7270.401s][info][gc,marking     ] GC(1309) Concurrent Cleanup for Next Mark
[7270.411s][info][gc,marking     ] GC(1309) Concurrent Cleanup for Next Mark 10.249ms
[7270.411s][info][gc             ] GC(1309) Concurrent Mark Cycle 2196.480ms
.[7271.483s][info][gc,start       ] GC(1310) Pause Young (Prepare Mixed) (G1 Evacuation Pause)
[7271.483s][info][gc,task        ] GC(1310) Using 8 workers of 8 for evacuation
[7271.631s][info][gc,phases      ] GC(1310)   Pre Evacuate Collection Set: 0.23ms
[7271.631s][info][gc,phases      ] GC(1310)   Merge Heap Roots: 0.72ms
[7271.631s][info][gc,phases      ] GC(1310)   Evacuate Collection Set: 146.49ms
[7271.631s][info][gc,phases      ] GC(1310)   Post Evacuate Collection Set: 1.08ms
[7271.631s][info][gc,phases      ] GC(1310)   Other: 0.07ms
[7271.631s][info][gc,heap        ] GC(1310) Eden regions: 546->0(571)
[7271.631s][info][gc,heap        ] GC(1310) Survivor regions: 42->43(74)
[7271.631s][info][gc,heap        ] GC(1310) Old regions: 235->243
[7271.631s][info][gc,heap        ] GC(1310) Humongous regions: 33->33
[7271.631s][info][gc,metaspace   ] GC(1310) Metaspace: 35835K(38144K)->35835K(38144K) NonClass: 26763K(27072K)->26763K(27072K) Class: 9071K(11072K)->9071K(11072K)
[7271.631s][info][gc             ] GC(1310) Pause Young (Prepare Mixed) (G1 Evacuation Pause) 6817M->2517M(8192M) 148.732ms
[7271.631s][info][gc,cpu         ] GC(1310) User=1.17s Sys=0.00s Real=0.15s
.. (rIR:aIR:PR = 12177:11971:11887) (tPR = 179877) [IR is under limit] [PR is under limit] 
  7272s: Performance info:
         Transaction,    Success,    Partial,     Failed,   Receipts, AvgBarcode, 
             Overall,     238537,          0,          0,     226686,      59.48, 
         Response times:
             Request,    Success,    Partial,     Failed,   SkipFail,     Probes,    Samples,      min,      p50,      p90,      p95,      p99,      max, 
       TotalPurchase,     228299,          0,          0,          0,     111382,     177039,      300,    16200,   156000,   207000,   394000,  2900000,
     InStorePurchase,     118191,          0,          0,          0,      58645,      93139,      300,    16200,   157000,   207000,   384000,  2900000,
      OnlinePurchase,      85960,          0,          0,          0,      40858,      65032,      300,    16200,   156000,   208000,   404000,  2900000,
        InstPurchase,      24148,          0,          0,          0,      11879,      18868,      400,    16100,   153000,   206000,   387000,  2900000,
          AssocOfCat,        241,          0,          0,          0,        187,        319,    36000,    73000,   192000,   216000,   278000,   599000,
      AssocOfProduct,       2419,          0,          0,          0,       1156,       1807,      900,    17200,   163000,   203000,   386840,   436000,
      BusinessReport,        600,          0,          0,          0,        529,        886,    37000,    84000,   224300,   279300,   430390,   670000,
          CustBuyBeh,       2340,          0,          0,          0,       1125,       1722,      700,    16350,   160000,   210000,   393000,   650000,
       ProductReturn,       6329,          0,          0,          0,       3062,       4663,      300,    16400,   158000,   205000,   388000,  2800000,

  7272s: 
  7272s: Failed, 7 overall retries left, retrying 1 of 1
  7272s: (88%)   IR =  12177 .[7274.466s][info][gc,start       ] GC(1311) Pause Young (Mixed) (G1 Evacuation Pause)
[7274.466s][info][gc,task        ] GC(1311) Using 8 workers of 8 for evacuation
[7274.628s][info][gc,phases      ] GC(1311)   Pre Evacuate Collection Set: 0.24ms
[7274.628s][info][gc,phases      ] GC(1311)   Merge Heap Roots: 0.93ms
[7274.628s][info][gc,phases      ] GC(1311)   Evacuate Collection Set: 160.06ms
[7274.628s][info][gc,phases      ] GC(1311)   Post Evacuate Collection Set: 1.29ms
[7274.628s][info][gc,phases      ] GC(1311)   Other: 0.08ms
[7274.628s][info][gc,heap        ] GC(1311) Eden regions: 571->0(570)
[7274.628s][info][gc,heap        ] GC(1311) Survivor regions: 43->44(77)
[7274.628s][info][gc,heap        ] GC(1311) Old regions: 243->149
[7274.628s][info][gc,heap        ] GC(1311) Humongous regions: 33->33
[7274.628s][info][gc,metaspace   ] GC(1311) Metaspace: 35835K(38144K)->35835K(38144K) NonClass: 26763K(27072K)->26763K(27072K) Class: 9071K(11072K)->9071K(11072K)
[7274.628s][info][gc             ] GC(1311) Pause Young (Mixed) (G1 Evacuation Pause) 7085M->1774M(8192M) 162.721ms
[7274.628s][info][gc,cpu         ] GC(1311) User=1.29s Sys=0.00s Real=0.17s
...[7277.535s][info][gc,start       ] GC(1312) Pause Young (Mixed) (G1 Evacuation Pause)
[7277.535s][info][gc,task        ] GC(1312) Using 8 workers of 8 for evacuation
[7277.691s][info][gc,phases      ] GC(1312)   Pre Evacuate Collection Set: 0.27ms
[7277.691s][info][gc,phases      ] GC(1312)   Merge Heap Roots: 0.65ms
[7277.691s][info][gc,phases      ] GC(1312)   Evacuate Collection Set: 154.15ms
[7277.691s][info][gc,phases      ] GC(1312)   Post Evacuate Collection Set: 1.11ms
[7277.691s][info][gc,phases      ] GC(1312)   Other: 0.07ms
[7277.691s][info][gc,heap        ] GC(1312) Eden regions: 570->0(570)
[7277.691s][info][gc,heap        ] GC(1312) Survivor regions: 44->44(77)
[7277.691s][info][gc,heap        ] GC(1312) Old regions: 149->144
[7277.691s][info][gc,heap        ] GC(1312) Humongous regions: 33->33
[7277.691s][info][gc,metaspace   ] GC(1312) Metaspace: 35835K(38144K)->35835K(38144K) NonClass: 26763K(27072K)->26763K(27072K) Class: 9071K(11072K)->9071K(11072K)
[7277.691s][info][gc             ] GC(1312) Pause Young (Mixed) (G1 Evacuation Pause) 6334M->1735M(8192M) 156.372ms
[7277.691s][info][gc,cpu         ] GC(1312) User=1.24s Sys=0.00s Real=0.16s
...[7280.707s][info][gc,start       ] GC(1313) Pause Young (Normal) (G1 Evacuation Pause)
[7280.707s][info][gc,task        ] GC(1313) Using 8 workers of 8 for evacuation
[7280.860s][info][gc,phases      ] GC(1313)   Pre Evacuate Collection Set: 0.24ms
[7280.860s][info][gc,phases      ] GC(1313)   Merge Heap Roots: 0.54ms
[7280.860s][info][gc,phases      ] GC(1313)   Evacuate Collection Set: 151.07ms
[7280.860s][info][gc,phases      ] GC(1313)   Post Evacuate Collection Set: 1.05ms
[7280.860s][info][gc,phases      ] GC(1313)   Other: 0.06ms
[7280.860s][info][gc,heap        ] GC(1313) Eden regions: 570->0(570)
[7280.860s][info][gc,heap        ] GC(1313) Survivor regions: 44->44(77)
[7280.860s][info][gc,heap        ] GC(1313) Old regions: 144->151
[7280.861s][info][gc,heap        ] GC(1313) Humongous regions: 33->33
[7280.861s][info][gc,metaspace   ] GC(1313) Metaspace: 35835K(38144K)->35835K(38144K) NonClass: 26763K(27072K)->26763K(27072K) Class: 9071K(11072K)->9071K(11072K)
[7280.861s][info][gc             ] GC(1313) Pause Young (Normal) (G1 Evacuation Pause) 6295M->1790M(8192M) 153.085ms
[7280.861s][info][gc,cpu         ] GC(1313) User=1.21s Sys=0.00s Real=0.15s
....|[7283.936s][info][gc,start       ] GC(1314) Pause Young (Normal) (G1 Evacuation Pause)
[7283.936s][info][gc,task        ] GC(1314) Using 8 workers of 8 for evacuation
[7284.089s][info][gc,phases      ] GC(1314)   Pre Evacuate Collection Set: 0.27ms
[7284.089s][info][gc,phases      ] GC(1314)   Merge Heap Roots: 0.52ms
[7284.089s][info][gc,phases      ] GC(1314)   Evacuate Collection Set: 151.30ms
[7284.089s][info][gc,phases      ] GC(1314)   Post Evacuate Collection Set: 1.01ms
[7284.089s][info][gc,phases      ] GC(1314)   Other: 0.06ms
[7284.089s][info][gc,heap        ] GC(1314) Eden regions: 570->0(569)
[7284.089s][info][gc,heap        ] GC(1314) Survivor regions: 44->45(77)
[7284.089s][info][gc,heap        ] GC(1314) Old regions: 151->158
[7284.089s][info][gc,heap        ] GC(1314) Humongous regions: 33->33
[7284.089s][info][gc,metaspace   ] GC(1314) Metaspace: 35835K(38144K)->35835K(38144K) NonClass: 26763K(27072K)->26763K(27072K) Class: 9071K(11072K)->9071K(11072K)
[7284.089s][info][gc             ] GC(1314) Pause Young (Normal) (G1 Evacuation Pause) 6350M->1854M(8192M) 153.293ms
[7284.089s][info][gc,cpu         ] GC(1314) User=1.21s Sys=0.00s Real=0.16s
...[7287.063s][info][gc,start       ] GC(1315) Pause Young (Normal) (G1 Evacuation Pause)
[7287.063s][info][gc,task        ] GC(1315) Using 8 workers of 8 for evacuation
[7287.214s][info][gc,phases      ] GC(1315)   Pre Evacuate Collection Set: 0.23ms
[7287.214s][info][gc,phases      ] GC(1315)   Merge Heap Roots: 0.52ms
[7287.214s][info][gc,phases      ] GC(1315)   Evacuate Collection Set: 149.24ms
[7287.214s][info][gc,phases      ] GC(1315)   Post Evacuate Collection Set: 1.03ms
[7287.214s][info][gc,phases      ] GC(1315)   Other: 0.07ms
[7287.214s][info][gc,heap        ] GC(1315) Eden regions: 569->0(571)
[7287.214s][info][gc,heap        ] GC(1315) Survivor regions: 45->43(77)
[7287.214s][info][gc,heap        ] GC(1315) Old regions: 158->165
[7287.214s][info][gc,heap        ] GC(1315) Humongous regions: 33->33
[7287.214s][info][gc,metaspace   ] GC(1315) Metaspace: 35835K(38144K)->35835K(38144K) NonClass: 26763K(27072K)->26763K(27072K) Class: 9071K(11072K)->9071K(11072K)
[7287.214s][info][gc             ] GC(1315) Pause Young (Normal) (G1 Evacuation Pause) 6406M->1900M(8192M) 151.225ms
[7287.214s][info][gc,cpu         ] GC(1315) User=1.19s Sys=0.01s Real=0.15s
...[7290.173s][info][gc,start       ] GC(1316) Pause Young (Normal) (G1 Evacuation Pause)
[7290.173s][info][gc,task        ] GC(1316) Using 8 workers of 8 for evacuation
[7290.327s][info][gc,phases      ] GC(1316)   Pre Evacuate Collection Set: 0.25ms
[7290.327s][info][gc,phases      ] GC(1316)   Merge Heap Roots: 0.53ms
[7290.327s][info][gc,phases      ] GC(1316)   Evacuate Collection Set: 151.40ms
[7290.327s][info][gc,phases      ] GC(1316)   Post Evacuate Collection Set: 1.03ms
[7290.327s][info][gc,phases      ] GC(1316)   Other: 0.06ms
[7290.327s][info][gc,heap        ] GC(1316) Eden regions: 571->0(571)
[7290.327s][info][gc,heap        ] GC(1316) Survivor regions: 43->43(77)
[7290.327s][info][gc,heap        ] GC(1316) Old regions: 165->173
[7290.327s][info][gc,heap        ] GC(1316) Humongous regions: 33->33
[7290.327s][info][gc,metaspace   ] GC(1316) Metaspace: 35835K(38144K)->35835K(38144K) NonClass: 26763K(27072K)->26763K(27072K) Class: 9071K(11072K)->9071K(11072K)
[7290.327s][info][gc             ] GC(1316) Pause Young (Normal) (G1 Evacuation Pause) 6468M->1958M(8192M) 153.406ms
[7290.327s][info][gc,cpu         ] GC(1316) User=1.21s Sys=0.00s Real=0.15s
...[7293.328s][info][gc,start       ] GC(1317) Pause Young (Normal) (G1 Evacuation Pause)
[7293.328s][info][gc,task        ] GC(1317) Using 8 workers of 8 for evacuation
[7293.474s][info][gc,phases      ] GC(1317)   Pre Evacuate Collection Set: 0.24ms
[7293.474s][info][gc,phases      ] GC(1317)   Merge Heap Roots: 0.53ms
[7293.474s][info][gc,phases      ] GC(1317)   Evacuate Collection Set: 144.46ms
[7293.474s][info][gc,phases      ] GC(1317)   Post Evacuate Collection Set: 1.06ms
[7293.474s][info][gc,phases      ] GC(1317)   Other: 0.06ms
[7293.474s][info][gc,heap        ] GC(1317) Eden regions: 571->0(572)
[7293.474s][info][gc,heap        ] GC(1317) Survivor regions: 43->42(77)
[7293.474s][info][gc,heap        ] GC(1317) Old regions: 173->180
[7293.474s][info][gc,heap        ] GC(1317) Humongous regions: 33->33
[7293.474s][info][gc,metaspace   ] GC(1317) Metaspace: 35835K(38144K)->35835K(38144K) NonClass: 26763K(27072K)->26763K(27072K) Class: 9071K(11072K)->9071K(11072K)
[7293.474s][info][gc             ] GC(1317) Pause Young (Normal) (G1 Evacuation Pause) 6526M->2006M(8192M) 146.482ms
[7293.474s][info][gc,cpu         ] GC(1317) User=1.16s Sys=0.00s Real=0.14s
...[7296.477s][info][gc,start       ] GC(1318) Pause Young (Normal) (G1 Evacuation Pause)
[7296.477s][info][gc,task        ] GC(1318) Using 8 workers of 8 for evacuation
[7296.623s][info][gc,phases      ] GC(1318)   Pre Evacuate Collection Set: 0.25ms
[7296.624s][info][gc,phases      ] GC(1318)   Merge Heap Roots: 0.66ms
[7296.624s][info][gc,phases      ] GC(1318)   Evacuate Collection Set: 144.51ms
[7296.624s][info][gc,phases      ] GC(1318)   Post Evacuate Collection Set: 1.06ms
[7296.624s][info][gc,phases      ] GC(1318)   Other: 0.06ms
[7296.624s][info][gc,heap        ] GC(1318) Eden regions: 572->0(571)
[7296.624s][info][gc,heap        ] GC(1318) Survivor regions: 42->43(77)
[7296.624s][info][gc,heap        ] GC(1318) Old regions: 180->187
[7296.624s][info][gc,heap        ] GC(1318) Humongous regions: 33->33
[7296.624s][info][gc,metaspace   ] GC(1318) Metaspace: 35835K(38144K)->35835K(38144K) NonClass: 26763K(27072K)->26763K(27072K) Class: 9071K(11072K)->9071K(11072K)
[7296.624s][info][gc             ] GC(1318) Pause Young (Normal) (G1 Evacuation Pause) 6582M->2068M(8192M) 146.692ms
[7296.624s][info][gc,cpu         ] GC(1318) User=1.16s Sys=0.00s Real=0.15s
...[7299.581s][info][gc,start       ] GC(1319) Pause Young (Normal) (G1 Evacuation Pause)
[7299.581s][info][gc,task        ] GC(1319) Using 8 workers of 8 for evacuation
[7299.734s][info][gc,phases      ] GC(1319)   Pre Evacuate Collection Set: 0.27ms
[7299.734s][info][gc,phases      ] GC(1319)   Merge Heap Roots: 0.59ms
[7299.734s][info][gc,phases      ] GC(1319)   Evacuate Collection Set: 151.26ms
[7299.734s][info][gc,phases      ] GC(1319)   Post Evacuate Collection Set: 1.07ms
[7299.734s][info][gc,phases      ] GC(1319)   Other: 0.07ms
[7299.734s][info][gc,heap        ] GC(1319) Eden regions: 571->0(570)
[7299.734s][info][gc,heap        ] GC(1319) Survivor regions: 43->44(77)
[7299.734s][info][gc,heap        ] GC(1319) Old regions: 187->194
[7299.734s][info][gc,heap        ] GC(1319) Humongous regions: 33->33
[7299.734s][info][gc,metaspace   ] GC(1319) Metaspace: 35835K(38144K)->35835K(38144K) NonClass: 26763K(27072K)->26763K(27072K) Class: 9071K(11072K)->9071K(11072K)
[7299.734s][info][gc             ] GC(1319) Pause Young (Normal) (G1 Evacuation Pause) 6636M->2133M(8192M) 153.380ms
[7299.734s][info][gc,cpu         ] GC(1319) User=1.22s Sys=0.00s Real=0.15s
...[7302.699s][info][gc,start       ] GC(1320) Pause Young (Normal) (G1 Evacuation Pause)
[7302.699s][info][gc,task        ] GC(1320) Using 8 workers of 8 for evacuation
[7302.849s][info][gc,phases      ] GC(1320)   Pre Evacuate Collection Set: 0.23ms
[7302.849s][info][gc,phases      ] GC(1320)   Merge Heap Roots: 0.53ms
[7302.849s][info][gc,phases      ] GC(1320)   Evacuate Collection Set: 147.70ms
[7302.849s][info][gc,phases      ] GC(1320)   Post Evacuate Collection Set: 1.06ms
[7302.849s][info][gc,phases      ] GC(1320)   Other: 0.08ms
[7302.849s][info][gc,heap        ] GC(1320) Eden regions: 570->0(570)
[7302.849s][info][gc,heap        ] GC(1320) Survivor regions: 44->44(77)
[7302.849s][info][gc,heap        ] GC(1320) Old regions: 194->202
[7302.849s][info][gc,heap        ] GC(1320) Humongous regions: 33->33
[7302.849s][info][gc,metaspace   ] GC(1320) Metaspace: 35835K(38144K)->35835K(38144K) NonClass: 26763K(27072K)->26763K(27072K) Class: 9071K(11072K)->9071K(11072K)
[7302.849s][info][gc             ] GC(1320) Pause Young (Normal) (G1 Evacuation Pause) 6693M->2193M(8192M) 149.725ms
[7302.849s][info][gc,cpu         ] GC(1320) User=1.18s Sys=0.00s Real=0.15s
....[7305.977s][info][gc,start       ] GC(1321) Pause Young (Normal) (G1 Evacuation Pause)
[7305.977s][info][gc,task        ] GC(1321) Using 8 workers of 8 for evacuation
[7306.129s][info][gc,phases      ] GC(1321)   Pre Evacuate Collection Set: 0.23ms
[7306.129s][info][gc,phases      ] GC(1321)   Merge Heap Roots: 0.53ms
[7306.129s][info][gc,phases      ] GC(1321)   Evacuate Collection Set: 150.10ms
[7306.129s][info][gc,phases      ] GC(1321)   Post Evacuate Collection Set: 1.05ms
[7306.129s][info][gc,phases      ] GC(1321)   Other: 0.06ms
[7306.129s][info][gc,heap        ] GC(1321) Eden regions: 570->0(570)
[7306.129s][info][gc,heap        ] GC(1321) Survivor regions: 44->44(77)
[7306.129s][info][gc,heap        ] GC(1321) Old regions: 202->209
[7306.129s][info][gc,heap        ] GC(1321) Humongous regions: 33->33
[7306.129s][info][gc,metaspace   ] GC(1321) Metaspace: 35835K(38144K)->35835K(38144K) NonClass: 26763K(27072K)->26763K(27072K) Class: 9071K(11072K)->9071K(11072K)
[7306.129s][info][gc             ] GC(1321) Pause Young (Normal) (G1 Evacuation Pause) 6753M->2256M(8192M) 152.103ms
[7306.129s][info][gc,cpu         ] GC(1321) User=1.20s Sys=0.00s Real=0.15s
...[7309.031s][info][gc,start       ] GC(1322) Pause Young (Normal) (G1 Evacuation Pause)
[7309.031s][info][gc,task        ] GC(1322) Using 8 workers of 8 for evacuation
[7309.181s][info][gc,phases      ] GC(1322)   Pre Evacuate Collection Set: 0.23ms
[7309.181s][info][gc,phases      ] GC(1322)   Merge Heap Roots: 0.59ms
[7309.181s][info][gc,phases      ] GC(1322)   Evacuate Collection Set: 148.27ms
[7309.181s][info][gc,phases      ] GC(1322)   Post Evacuate Collection Set: 1.04ms
[7309.181s][info][gc,phases      ] GC(1322)   Other: 0.07ms
[7309.181s][info][gc,heap        ] GC(1322) Eden regions: 570->0(571)
[7309.181s][info][gc,heap        ] GC(1322) Survivor regions: 44->43(77)
[7309.181s][info][gc,heap        ] GC(1322) Old regions: 209->216
[7309.181s][info][gc,heap        ] GC(1322) Humongous regions: 33->33
[7309.181s][info][gc,metaspace   ] GC(1322) Metaspace: 35835K(38144K)->35835K(38144K) NonClass: 26763K(27072K)->26763K(27072K) Class: 9071K(11072K)->9071K(11072K)
[7309.181s][info][gc             ] GC(1322) Pause Young (Normal) (G1 Evacuation Pause) 6816M->2301M(8192M) 150.343ms
[7309.181s][info][gc,cpu         ] GC(1322) User=1.18s Sys=0.00s Real=0.15s
...[7312.140s][info][gc,start       ] GC(1323) Pause Young (Normal) (G1 Evacuation Pause)
[7312.140s][info][gc,task        ] GC(1323) Using 8 workers of 8 for evacuation
[7312.286s][info][gc,phases      ] GC(1323)   Pre Evacuate Collection Set: 0.25ms
[7312.286s][info][gc,phases      ] GC(1323)   Merge Heap Roots: 0.52ms
[7312.286s][info][gc,phases      ] GC(1323)   Evacuate Collection Set: 144.00ms
[7312.286s][info][gc,phases      ] GC(1323)   Post Evacuate Collection Set: 1.03ms
[7312.286s][info][gc,phases      ] GC(1323)   Other: 0.06ms
[7312.286s][info][gc,heap        ] GC(1323) Eden regions: 571->0(572)
[7312.286s][info][gc,heap        ] GC(1323) Survivor regions: 43->42(77)
[7312.286s][info][gc,heap        ] GC(1323) Old regions: 216->223
[7312.286s][info][gc,heap        ] GC(1323) Humongous regions: 33->33
[7312.286s][info][gc,metaspace   ] GC(1323) Metaspace: 35835K(38144K)->35835K(38144K) NonClass: 26763K(27072K)->26763K(27072K) Class: 9071K(11072K)->9071K(11072K)
[7312.286s][info][gc             ] GC(1323) Pause Young (Normal) (G1 Evacuation Pause) 6869M->2353M(8192M) 145.999ms
[7312.286s][info][gc,cpu         ] GC(1323) User=1.16s Sys=0.00s Real=0.14s
...[7315.273s][info][gc,start       ] GC(1324) Pause Young (Normal) (G1 Evacuation Pause)
[7315.273s][info][gc,task        ] GC(1324) Using 8 workers of 8 for evacuation
[7315.426s][info][gc,phases      ] GC(1324)   Pre Evacuate Collection Set: 0.25ms
[7315.426s][info][gc,phases      ] GC(1324)   Merge Heap Roots: 0.52ms
[7315.426s][info][gc,phases      ] GC(1324)   Evacuate Collection Set: 150.78ms
[7315.426s][info][gc,phases      ] GC(1324)   Post Evacuate Collection Set: 1.03ms
[7315.426s][info][gc,phases      ] GC(1324)   Other: 0.06ms
[7315.426s][info][gc,heap        ] GC(1324) Eden regions: 572->0(570)
[7315.426s][info][gc,heap        ] GC(1324) Survivor regions: 42->44(77)
[7315.426s][info][gc,heap        ] GC(1324) Old regions: 223->230
[7315.426s][info][gc,heap        ] GC(1324) Humongous regions: 33->33
[7315.426s][info][gc,metaspace   ] GC(1324) Metaspace: 35835K(38144K)->35835K(38144K) NonClass: 26763K(27072K)->26763K(27072K) Class: 9071K(11072K)->9071K(11072K)
[7315.426s][info][gc             ] GC(1324) Pause Young (Normal) (G1 Evacuation Pause) 6929M->2427M(8192M) 152.777ms
[7315.426s][info][gc,cpu         ] GC(1324) User=1.21s Sys=0.00s Real=0.15s
...[7318.337s][info][gc,start       ] GC(1325) Pause Young (Normal) (G1 Evacuation Pause)
[7318.337s][info][gc,task        ] GC(1325) Using 8 workers of 8 for evacuation
[7318.494s][info][gc,phases      ] GC(1325)   Pre Evacuate Collection Set: 0.23ms
[7318.494s][info][gc,phases      ] GC(1325)   Merge Heap Roots: 0.53ms
[7318.494s][info][gc,phases      ] GC(1325)   Evacuate Collection Set: 154.28ms
[7318.494s][info][gc,phases      ] GC(1325)   Post Evacuate Collection Set: 1.11ms
[7318.494s][info][gc,phases      ] GC(1325)   Other: 0.07ms
[7318.494s][info][gc,heap        ] GC(1325) Eden regions: 570->0(570)
[7318.494s][info][gc,heap        ] GC(1325) Survivor regions: 44->44(77)
[7318.494s][info][gc,heap        ] GC(1325) Old regions: 230->238
[7318.494s][info][gc,heap        ] GC(1325) Humongous regions: 33->33
[7318.494s][info][gc,metaspace   ] GC(1325) Metaspace: 35835K(38144K)->35835K(38144K) NonClass: 26763K(27072K)->26763K(27072K) Class: 9071K(11072K)->9071K(11072K)
[7318.494s][info][gc             ] GC(1325) Pause Young (Normal) (G1 Evacuation Pause) 6987M->2488M(8192M) 156.364ms
[7318.494s][info][gc,cpu         ] GC(1325) User=1.23s Sys=0.00s Real=0.15s
...[7321.485s][info][gc,start       ] GC(1326) Pause Young (Normal) (G1 Evacuation Pause)
[7321.485s][info][gc,task        ] GC(1326) Using 8 workers of 8 for evacuation
[7321.637s][info][gc,phases      ] GC(1326)   Pre Evacuate Collection Set: 0.23ms
[7321.637s][info][gc,phases      ] GC(1326)   Merge Heap Roots: 0.53ms
[7321.637s][info][gc,phases      ] GC(1326)   Evacuate Collection Set: 150.35ms
[7321.637s][info][gc,phases      ] GC(1326)   Post Evacuate Collection Set: 1.05ms
[7321.637s][info][gc,phases      ] GC(1326)   Other: 0.06ms
[7321.637s][info][gc,heap        ] GC(1326) Eden regions: 570->0(570)
[7321.637s][info][gc,heap        ] GC(1326) Survivor regions: 44->44(77)
[7321.637s][info][gc,heap        ] GC(1326) Old regions: 238->245
[7321.637s][info][gc,heap        ] GC(1326) Humongous regions: 33->33
[7321.637s][info][gc,metaspace   ] GC(1326) Metaspace: 35835K(38144K)->35835K(38144K) NonClass: 26763K(27072K)->26763K(27072K) Class: 9071K(11072K)->9071K(11072K)
[7321.637s][info][gc             ] GC(1326) Pause Young (Normal) (G1 Evacuation Pause) 7048M->2544M(8192M) 152.348ms
[7321.637s][info][gc,cpu         ] GC(1326) User=1.20s Sys=0.00s Real=0.16s
...[7324.607s][info][gc,start       ] GC(1327) Pause Young (Normal) (G1 Evacuation Pause)
[7324.607s][info][gc,task        ] GC(1327) Using 8 workers of 8 for evacuation
[7324.761s][info][gc,phases      ] GC(1327)   Pre Evacuate Collection Set: 0.24ms
[7324.761s][info][gc,phases      ] GC(1327)   Merge Heap Roots: 0.52ms
[7324.761s][info][gc,phases      ] GC(1327)   Evacuate Collection Set: 151.72ms
[7324.761s][info][gc,phases      ] GC(1327)   Post Evacuate Collection Set: 1.05ms
[7324.761s][info][gc,phases      ] GC(1327)   Other: 0.08ms
[7324.761s][info][gc,heap        ] GC(1327) Eden regions: 570->0(570)
[7324.761s][info][gc,heap        ] GC(1327) Survivor regions: 44->44(77)
[7324.761s][info][gc,heap        ] GC(1327) Old regions: 245->252
[7324.761s][info][gc,heap        ] GC(1327) Humongous regions: 33->33
[7324.761s][info][gc,metaspace   ] GC(1327) Metaspace: 35835K(38144K)->35835K(38144K) NonClass: 26763K(27072K)->26763K(27072K) Class: 9071K(11072K)->9071K(11072K)
[7324.761s][info][gc             ] GC(1327) Pause Young (Normal) (G1 Evacuation Pause) 7104M->2604M(8192M) 153.739ms
[7324.761s][info][gc,cpu         ] GC(1327) User=1.22s Sys=0.00s Real=0.16s
...[7327.785s][info][gc,start       ] GC(1328) Pause Young (Normal) (G1 Evacuation Pause)
[7327.785s][info][gc,task        ] GC(1328) Using 8 workers of 8 for evacuation
[7327.935s][info][gc,phases      ] GC(1328)   Pre Evacuate Collection Set: 0.26ms
[7327.935s][info][gc,phases      ] GC(1328)   Merge Heap Roots: 0.53ms
[7327.935s][info][gc,phases      ] GC(1328)   Evacuate Collection Set: 147.27ms
[7327.935s][info][gc,phases      ] GC(1328)   Post Evacuate Collection Set: 1.05ms
[7327.935s][info][gc,phases      ] GC(1328)   Other: 0.06ms
[7327.935s][info][gc,heap        ] GC(1328) Eden regions: 570->0(571)
[7327.935s][info][gc,heap        ] GC(1328) Survivor regions: 44->43(77)
[7327.935s][info][gc,heap        ] GC(1328) Old regions: 252->260
[7327.935s][info][gc,heap        ] GC(1328) Humongous regions: 33->33
[7327.935s][info][gc,metaspace   ] GC(1328) Metaspace: 35835K(38144K)->35835K(38144K) NonClass: 26763K(27072K)->26763K(27072K) Class: 9071K(11072K)->9071K(11072K)
[7327.935s][info][gc             ] GC(1328) Pause Young (Normal) (G1 Evacuation Pause) 7164M->2653M(8192M) 149.291ms
[7327.935s][info][gc,cpu         ] GC(1328) User=1.18s Sys=0.00s Real=0.15s
...[7330.874s][info][gc,start       ] GC(1329) Pause Young (Normal) (G1 Evacuation Pause)
[7330.874s][info][gc,task        ] GC(1329) Using 8 workers of 8 for evacuation
[7331.029s][info][gc,phases      ] GC(1329)   Pre Evacuate Collection Set: 0.22ms
[7331.029s][info][gc,phases      ] GC(1329)   Merge Heap Roots: 0.53ms
[7331.029s][info][gc,phases      ] GC(1329)   Evacuate Collection Set: 152.58ms
[7331.029s][info][gc,phases      ] GC(1329)   Post Evacuate Collection Set: 1.04ms
[7331.029s][info][gc,phases      ] GC(1329)   Other: 0.06ms
[7331.029s][info][gc,heap        ] GC(1329) Eden regions: 571->0(569)
[7331.029s][info][gc,heap        ] GC(1329) Survivor regions: 43->45(77)
[7331.029s][info][gc,heap        ] GC(1329) Old regions: 260->266
[7331.029s][info][gc,heap        ] GC(1329) Humongous regions: 33->33
[7331.029s][info][gc,metaspace   ] GC(1329) Metaspace: 35835K(38144K)->35835K(38144K) NonClass: 26763K(27072K)->26763K(27072K) Class: 9071K(11072K)->9071K(11072K)
[7331.029s][info][gc             ] GC(1329) Pause Young (Normal) (G1 Evacuation Pause) 7221M->2724M(8192M) 154.597ms
[7331.029s][info][gc,cpu         ] GC(1329) User=1.22s Sys=0.00s Real=0.16s
...[7334.029s][info][gc,start       ] GC(1330) Pause Young (Normal) (G1 Evacuation Pause)
[7334.029s][info][gc,task        ] GC(1330) Using 8 workers of 8 for evacuation
[7334.174s][info][gc,phases      ] GC(1330)   Pre Evacuate Collection Set: 0.27ms
[7334.174s][info][gc,phases      ] GC(1330)   Merge Heap Roots: 0.55ms
[7334.174s][info][gc,phases      ] GC(1330)   Evacuate Collection Set: 142.60ms
[7334.174s][info][gc,phases      ] GC(1330)   Post Evacuate Collection Set: 1.04ms
[7334.174s][info][gc,phases      ] GC(1330)   Other: 0.06ms
[7334.174s][info][gc,heap        ] GC(1330) Eden regions: 569->0(571)
[7334.174s][info][gc,heap        ] GC(1330) Survivor regions: 45->43(77)
[7334.174s][info][gc,heap        ] GC(1330) Old regions: 266->274
[7334.174s][info][gc,heap        ] GC(1330) Humongous regions: 33->33
[7334.174s][info][gc,metaspace   ] GC(1330) Metaspace: 35835K(38144K)->35835K(38144K) NonClass: 26763K(27072K)->26763K(27072K) Class: 9071K(11072K)->9071K(11072K)
[7334.174s][info][gc             ] GC(1330) Pause Young (Normal) (G1 Evacuation Pause) 7276M->2764M(8192M) 144.670ms
[7334.174s][info][gc,cpu         ] GC(1330) User=1.14s Sys=0.01s Real=0.14s
....[7337.202s][info][gc,start       ] GC(1331) Pause Young (Normal) (G1 Evacuation Pause)
[7337.202s][info][gc,task        ] GC(1331) Using 8 workers of 8 for evacuation
[7337.350s][info][gc,phases      ] GC(1331)   Pre Evacuate Collection Set: 0.23ms
[7337.350s][info][gc,phases      ] GC(1331)   Merge Heap Roots: 0.53ms
[7337.350s][info][gc,phases      ] GC(1331)   Evacuate Collection Set: 145.78ms
[7337.350s][info][gc,phases      ] GC(1331)   Post Evacuate Collection Set: 1.03ms
[7337.350s][info][gc,phases      ] GC(1331)   Other: 0.07ms
[7337.350s][info][gc,heap        ] GC(1331) Eden regions: 571->0(571)
[7337.350s][info][gc,heap        ] GC(1331) Survivor regions: 43->43(77)
[7337.350s][info][gc,heap        ] GC(1331) Old regions: 274->281
[7337.350s][info][gc,heap        ] GC(1331) Humongous regions: 33->33
[7337.350s][info][gc,metaspace   ] GC(1331) Metaspace: 35835K(38144K)->35835K(38144K) NonClass: 26763K(27072K)->26763K(27072K) Class: 9071K(11072K)->9071K(11072K)
[7337.350s][info][gc             ] GC(1331) Pause Young (Normal) (G1 Evacuation Pause) 7332M->2828M(8192M) 147.762ms
[7337.350s][info][gc,cpu         ] GC(1331) User=1.17s Sys=0.00s Real=0.15s
...[7340.323s][info][gc,start       ] GC(1332) Pause Young (Normal) (G1 Evacuation Pause)
[7340.323s][info][gc,task        ] GC(1332) Using 8 workers of 8 for evacuation
[7340.475s][info][gc,phases      ] GC(1332)   Pre Evacuate Collection Set: 0.23ms
[7340.475s][info][gc,phases      ] GC(1332)   Merge Heap Roots: 0.52ms
[7340.475s][info][gc,phases      ] GC(1332)   Evacuate Collection Set: 149.85ms
[7340.475s][info][gc,phases      ] GC(1332)   Post Evacuate Collection Set: 1.03ms
[7340.475s][info][gc,phases      ] GC(1332)   Other: 0.06ms
[7340.475s][info][gc,heap        ] GC(1332) Eden regions: 571->0(563)
[7340.475s][info][gc,heap        ] GC(1332) Survivor regions: 43->44(77)
[7340.475s][info][gc,heap        ] GC(1332) Old regions: 281->288
[7340.475s][info][gc,heap        ] GC(1332) Humongous regions: 33->33
[7340.475s][info][gc,metaspace   ] GC(1332) Metaspace: 35835K(38144K)->35835K(38144K) NonClass: 26763K(27072K)->26763K(27072K) Class: 9071K(11072K)->9071K(11072K)
[7340.475s][info][gc             ] GC(1332) Pause Young (Normal) (G1 Evacuation Pause) 7396M->2892M(8192M) 151.812ms
[7340.475s][info][gc,cpu         ] GC(1332) User=1.20s Sys=0.00s Real=0.15s
...[7343.368s][info][gc,start       ] GC(1333) Pause Young (Normal) (G1 Evacuation Pause)
[7343.368s][info][gc,task        ] GC(1333) Using 8 workers of 8 for evacuation
[7343.523s][info][gc,phases      ] GC(1333)   Pre Evacuate Collection Set: 0.22ms
[7343.523s][info][gc,phases      ] GC(1333)   Merge Heap Roots: 0.53ms
[7343.523s][info][gc,phases      ] GC(1333)   Evacuate Collection Set: 152.93ms
[7343.523s][info][gc,phases      ] GC(1333)   Post Evacuate Collection Set: 1.07ms
[7343.523s][info][gc,phases      ] GC(1333)   Other: 0.07ms
[7343.523s][info][gc,heap        ] GC(1333) Eden regions: 563->0(554)
[7343.523s][info][gc,heap        ] GC(1333) Survivor regions: 44->45(76)
[7343.523s][info][gc,heap        ] GC(1333) Old regions: 288->295
[7343.523s][info][gc,heap        ] GC(1333) Humongous regions: 33->33
[7343.523s][info][gc,metaspace   ] GC(1333) Metaspace: 35835K(38144K)->35835K(38144K) NonClass: 26763K(27072K)->26763K(27072K) Class: 9071K(11072K)->9071K(11072K)
[7343.523s][info][gc             ] GC(1333) Pause Young (Normal) (G1 Evacuation Pause) 7396M->2952M(8192M) 154.956ms
[7343.523s][info][gc,cpu         ] GC(1333) User=1.23s Sys=0.00s Real=0.15s
. (rIR:aIR:PR = 12177:12291:12278) (tPR = 181672) [OK] 
  7344s: Performance info:
         Transaction,    Success,    Partial,     Failed,   Receipts, AvgBarcode, 
             Overall,     740545,          0,          0,     703599,      59.47, 
         Response times:
             Request,    Success,    Partial,     Failed,   SkipFail,     Probes,    Samples,      min,      p50,      p90,      p95,      p99,      max, 
       TotalPurchase,     704356,          0,          0,          0,     353231,     430562,      300,    16100,    90000,   126000,   217000,  1600000,
     InStorePurchase,     372257,          0,          0,          0,     185898,     225926,      300,    16200,    92000,   128000,   214000,  1600000,
      OnlinePurchase,     257535,          0,          0,          0,     129524,     158392,      300,    15700,    88000,   125000,   217000,  1600000,
        InstPurchase,      74564,          0,          0,          0,      37809,      46244,      400,    16400,    90000,   125000,   210000,  1200000,
          AssocOfCat,        737,          0,          0,          0,        630,        866,    34000,    72000,   158000,   225650,   290660,   640000,
      AssocOfProduct,       7410,          0,          0,          0,       3493,       4454,     1000,    16400,    89500,   126000,   217450,  1100000,
      BusinessReport,       1838,          0,          0,          0,       1639,       2124,    36000,    83000,   172000,   222500,   311750,  1100000,
          CustBuyBeh,       7334,          0,          0,          0,       3431,       4316,      500,    15800,    88000,   122000,   208830,  1400000,
       ProductReturn,      19644,          0,          0,          0,       9385,      11678,      300,    16000,    90000,   126000,   219000,   780000,

  7344s: (89%)   IR =  12315 ..[7346.434s][info][gc,start       ] GC(1334) Pause Young (Normal) (G1 Evacuation Pause)
[7346.434s][info][gc,task        ] GC(1334) Using 8 workers of 8 for evacuation
[7346.580s][info][gc,phases      ] GC(1334)   Pre Evacuate Collection Set: 0.30ms
[7346.580s][info][gc,phases      ] GC(1334)   Merge Heap Roots: 0.66ms
[7346.580s][info][gc,phases      ] GC(1334)   Evacuate Collection Set: 143.94ms
[7346.580s][info][gc,phases      ] GC(1334)   Post Evacuate Collection Set: 1.09ms
[7346.580s][info][gc,phases      ] GC(1334)   Other: 0.08ms
[7346.580s][info][gc,heap        ] GC(1334) Eden regions: 554->0(552)
[7346.580s][info][gc,heap        ] GC(1334) Survivor regions: 45->42(75)
[7346.580s][info][gc,heap        ] GC(1334) Old regions: 295->303
[7346.580s][info][gc,heap        ] GC(1334) Humongous regions: 33->33
[7346.580s][info][gc,metaspace   ] GC(1334) Metaspace: 35835K(38144K)->35835K(38144K) NonClass: 26763K(27072K)->26763K(27072K) Class: 9071K(11072K)->9071K(11072K)
[7346.580s][info][gc             ] GC(1334) Pause Young (Normal) (G1 Evacuation Pause) 7384M->2990M(8192M) 146.206ms
[7346.580s][info][gc,cpu         ] GC(1334) User=1.15s Sys=0.00s Real=0.15s
...[7349.537s][info][gc,start       ] GC(1335) Pause Young (Concurrent Start) (G1 Evacuation Pause)
[7349.537s][info][gc,task        ] GC(1335) Using 8 workers of 8 for evacuation
[7349.684s][info][gc,phases      ] GC(1335)   Pre Evacuate Collection Set: 0.26ms
[7349.684s][info][gc,phases      ] GC(1335)   Merge Heap Roots: 0.52ms
[7349.684s][info][gc,phases      ] GC(1335)   Evacuate Collection Set: 145.24ms
[7349.684s][info][gc,phases      ] GC(1335)   Post Evacuate Collection Set: 1.02ms
[7349.684s][info][gc,phases      ] GC(1335)   Other: 0.11ms
[7349.684s][info][gc,heap        ] GC(1335) Eden regions: 552->0(544)
[7349.684s][info][gc,heap        ] GC(1335) Survivor regions: 42->42(75)
[7349.684s][info][gc,heap        ] GC(1335) Old regions: 303->311
[7349.684s][info][gc,heap        ] GC(1335) Humongous regions: 33->33
[7349.684s][info][gc,metaspace   ] GC(1335) Metaspace: 35835K(38144K)->35835K(38144K) NonClass: 26763K(27072K)->26763K(27072K) Class: 9071K(11072K)->9071K(11072K)
[7349.685s][info][gc             ] GC(1335) Pause Young (Concurrent Start) (G1 Evacuation Pause) 7406M->3050M(8192M) 147.280ms
[7349.685s][info][gc             ] GC(1336) Concurrent Mark Cycle
[7349.685s][info][gc,marking     ] GC(1336) Concurrent Scan Root Regions
[7349.685s][info][gc,cpu         ] GC(1335) User=1.16s Sys=0.00s Real=0.14s
[7350.013s][info][gc,marking     ] GC(1336) Concurrent Scan Root Regions 328.411ms
[7350.013s][info][gc,marking     ] GC(1336) Concurrent Mark
[7350.013s][info][gc,marking     ] GC(1336) Concurrent Mark From Roots
[7350.013s][info][gc,task        ] GC(1336) Using 2 workers of 2 for marking
.[7351.281s][info][gc,marking     ] GC(1336) Concurrent Mark From Roots 1268.100ms
[7351.281s][info][gc,marking     ] GC(1336) Concurrent Preclean
[7351.281s][info][gc,marking     ] GC(1336) Concurrent Preclean 0.097ms
[7351.281s][info][gc,start       ] GC(1336) Pause Remark
[7351.284s][info][gc             ] GC(1336) Pause Remark 4902M->4350M(8192M) 2.529ms
[7351.284s][info][gc,cpu         ] GC(1336) User=0.02s Sys=0.00s Real=0.00s
[7351.284s][info][gc,marking     ] GC(1336) Concurrent Mark 1271.033ms
[7351.284s][info][gc,marking     ] GC(1336) Concurrent Rebuild Remembered Sets and Scrub Regions
.[7352.113s][info][gc,marking     ] GC(1336) Concurrent Rebuild Remembered Sets and Scrub Regions 829.295ms
[7352.114s][info][gc,start       ] GC(1336) Pause Cleanup
[7352.114s][info][gc             ] GC(1336) Pause Cleanup 5482M->5482M(8192M) 0.249ms
[7352.114s][info][gc,cpu         ] GC(1336) User=0.00s Sys=0.00s Real=0.00s
[7352.114s][info][gc,marking     ] GC(1336) Concurrent Clear Claimed Marks
[7352.114s][info][gc,marking     ] GC(1336) Concurrent Clear Claimed Marks 0.039ms
[7352.114s][info][gc,marking     ] GC(1336) Concurrent Cleanup for Next Mark
[7352.124s][info][gc,marking     ] GC(1336) Concurrent Cleanup for Next Mark 9.917ms
[7352.124s][info][gc             ] GC(1336) Concurrent Mark Cycle 2439.335ms
.[7353.008s][info][gc,start       ] GC(1337) Pause Young (Prepare Mixed) (G1 Evacuation Pause)
[7353.008s][info][gc,task        ] GC(1337) Using 8 workers of 8 for evacuation
[7353.155s][info][gc,phases      ] GC(1337)   Pre Evacuate Collection Set: 0.23ms
[7353.155s][info][gc,phases      ] GC(1337)   Merge Heap Roots: 0.74ms
[7353.155s][info][gc,phases      ] GC(1337)   Evacuate Collection Set: 145.58ms
[7353.155s][info][gc,phases      ] GC(1337)   Post Evacuate Collection Set: 1.08ms
[7353.155s][info][gc,phases      ] GC(1337)   Other: 0.07ms
[7353.155s][info][gc,heap        ] GC(1337) Eden regions: 544->0(571)
[7353.155s][info][gc,heap        ] GC(1337) Survivor regions: 42->43(74)
[7353.155s][info][gc,heap        ] GC(1337) Old regions: 242->249
[7353.155s][info][gc,heap        ] GC(1337) Humongous regions: 33->33
[7353.155s][info][gc,metaspace   ] GC(1337) Metaspace: 35835K(38144K)->35835K(38144K) NonClass: 26763K(27072K)->26763K(27072K) Class: 9071K(11072K)->9071K(11072K)
[7353.155s][info][gc             ] GC(1337) Pause Young (Prepare Mixed) (G1 Evacuation Pause) 6850M->2572M(8192M) 147.827ms
[7353.155s][info][gc,cpu         ] GC(1337) User=1.17s Sys=0.00s Real=0.14s
...[7355.933s][info][gc,start       ] GC(1338) Pause Young (Mixed) (G1 Evacuation Pause)
[7355.933s][info][gc,task        ] GC(1338) Using 8 workers of 8 for evacuation
[7356.090s][info][gc,phases      ] GC(1338)   Pre Evacuate Collection Set: 0.25ms
[7356.090s][info][gc,phases      ] GC(1338)   Merge Heap Roots: 0.84ms
[7356.090s][info][gc,phases      ] GC(1338)   Evacuate Collection Set: 154.42ms
[7356.090s][info][gc,phases      ] GC(1338)   Post Evacuate Collection Set: 1.25ms
[7356.090s][info][gc,phases      ] GC(1338)   Other: 0.08ms
[7356.090s][info][gc,heap        ] GC(1338) Eden regions: 571->0(571)
[7356.090s][info][gc,heap        ] GC(1338) Survivor regions: 43->43(77)
[7356.090s][info][gc,heap        ] GC(1338) Old regions: 249->155
[7356.090s][info][gc,heap        ] GC(1338) Humongous regions: 33->33
[7356.090s][info][gc,metaspace   ] GC(1338) Metaspace: 35835K(38144K)->35835K(38144K) NonClass: 26763K(27072K)->26763K(27072K) Class: 9071K(11072K)->9071K(11072K)
[7356.090s][info][gc             ] GC(1338) Pause Young (Mixed) (G1 Evacuation Pause) 7140M->1816M(8192M) 156.980ms
[7356.090s][info][gc,cpu         ] GC(1338) User=1.24s Sys=0.00s Real=0.16s
...[7358.915s][info][gc,start       ] GC(1339) Pause Young (Mixed) (G1 Evacuation Pause)
[7358.915s][info][gc,task        ] GC(1339) Using 8 workers of 8 for evacuation
[7359.077s][info][gc,phases      ] GC(1339)   Pre Evacuate Collection Set: 0.23ms
[7359.077s][info][gc,phases      ] GC(1339)   Merge Heap Roots: 0.74ms
[7359.077s][info][gc,phases      ] GC(1339)   Evacuate Collection Set: 160.07ms
[7359.077s][info][gc,phases      ] GC(1339)   Post Evacuate Collection Set: 1.04ms
[7359.077s][info][gc,phases      ] GC(1339)   Other: 0.06ms
[7359.077s][info][gc,heap        ] GC(1339) Eden regions: 571->0(570)
[7359.077s][info][gc,heap        ] GC(1339) Survivor regions: 43->44(77)
[7359.077s][info][gc,heap        ] GC(1339) Old regions: 155->143
[7359.077s][info][gc,heap        ] GC(1339) Humongous regions: 33->33
[7359.077s][info][gc,metaspace   ] GC(1339) Metaspace: 35835K(38144K)->35835K(38144K) NonClass: 26763K(27072K)->26763K(27072K) Class: 9071K(11072K)->9071K(11072K)
[7359.077s][info][gc             ] GC(1339) Pause Young (Mixed) (G1 Evacuation Pause) 6384M->1731M(8192M) 162.287ms
[7359.077s][info][gc,cpu         ] GC(1339) User=1.29s Sys=0.00s Real=0.17s
...[7361.921s][info][gc,start       ] GC(1340) Pause Young (Normal) (G1 Evacuation Pause)
[7361.921s][info][gc,task        ] GC(1340) Using 8 workers of 8 for evacuation
[7362.077s][info][gc,phases      ] GC(1340)   Pre Evacuate Collection Set: 0.23ms
[7362.077s][info][gc,phases      ] GC(1340)   Merge Heap Roots: 0.53ms
[7362.077s][info][gc,phases      ] GC(1340)   Evacuate Collection Set: 153.39ms
[7362.077s][info][gc,phases      ] GC(1340)   Post Evacuate Collection Set: 1.04ms
[7362.077s][info][gc,phases      ] GC(1340)   Other: 0.06ms
[7362.077s][info][gc,heap        ] GC(1340) Eden regions: 570->0(569)
[7362.077s][info][gc,heap        ] GC(1340) Survivor regions: 44->45(77)
[7362.077s][info][gc,heap        ] GC(1340) Old regions: 143->151
[7362.077s][info][gc,heap        ] GC(1340) Humongous regions: 33->33
[7362.077s][info][gc,metaspace   ] GC(1340) Metaspace: 35835K(38144K)->35835K(38144K) NonClass: 26763K(27072K)->26763K(27072K) Class: 9071K(11072K)->9071K(11072K)
[7362.077s][info][gc             ] GC(1340) Pause Young (Normal) (G1 Evacuation Pause) 6291M->1793M(8192M) 155.377ms
[7362.077s][info][gc,cpu         ] GC(1340) User=1.24s Sys=0.00s Real=0.15s
...[7364.929s][info][gc,start       ] GC(1341) Pause Young (Normal) (G1 Evacuation Pause)
[7364.929s][info][gc,task        ] GC(1341) Using 8 workers of 8 for evacuation
[7365.082s][info][gc,phases      ] GC(1341)   Pre Evacuate Collection Set: 0.23ms
[7365.082s][info][gc,phases      ] GC(1341)   Merge Heap Roots: 0.51ms
[7365.082s][info][gc,phases      ] GC(1341)   Evacuate Collection Set: 151.03ms
[7365.082s][info][gc,phases      ] GC(1341)   Post Evacuate Collection Set: 1.08ms
[7365.082s][info][gc,phases      ] GC(1341)   Other: 0.06ms
[7365.082s][info][gc,heap        ] GC(1341) Eden regions: 569->0(570)
[7365.082s][info][gc,heap        ] GC(1341) Survivor regions: 45->44(77)
[7365.082s][info][gc,heap        ] GC(1341) Old regions: 151->158
[7365.082s][info][gc,heap        ] GC(1341) Humongous regions: 33->33
[7365.082s][info][gc,metaspace   ] GC(1341) Metaspace: 35835K(38144K)->35835K(38144K) NonClass: 26763K(27072K)->26763K(27072K) Class: 9071K(11072K)->9071K(11072K)
[7365.082s][info][gc             ] GC(1341) Pause Young (Normal) (G1 Evacuation Pause) 6345M->1846M(8192M) 153.052ms
[7365.082s][info][gc,cpu         ] GC(1341) User=1.21s Sys=0.00s Real=0.15s
.|..[7367.976s][info][gc,start       ] GC(1342) Pause Young (Normal) (G1 Evacuation Pause)
[7367.976s][info][gc,task        ] GC(1342) Using 8 workers of 8 for evacuation
[7368.128s][info][gc,phases      ] GC(1342)   Pre Evacuate Collection Set: 0.23ms
[7368.128s][info][gc,phases      ] GC(1342)   Merge Heap Roots: 0.60ms
[7368.128s][info][gc,phases      ] GC(1342)   Evacuate Collection Set: 149.79ms
[7368.128s][info][gc,phases      ] GC(1342)   Post Evacuate Collection Set: 1.04ms
[7368.128s][info][gc,phases      ] GC(1342)   Other: 0.06ms
[7368.128s][info][gc,heap        ] GC(1342) Eden regions: 570->0(570)
[7368.128s][info][gc,heap        ] GC(1342) Survivor regions: 44->44(77)
[7368.128s][info][gc,heap        ] GC(1342) Old regions: 158->165
[7368.128s][info][gc,heap        ] GC(1342) Humongous regions: 33->33
[7368.128s][info][gc,metaspace   ] GC(1342) Metaspace: 35835K(38144K)->35835K(38144K) NonClass: 26763K(27072K)->26763K(27072K) Class: 9071K(11072K)->9071K(11072K)
[7368.128s][info][gc             ] GC(1342) Pause Young (Normal) (G1 Evacuation Pause) 6406M->1904M(8192M) 151.853ms
[7368.128s][info][gc,cpu         ] GC(1342) User=1.19s Sys=0.00s Real=0.16s
...[7371.047s][info][gc,start       ] GC(1343) Pause Young (Normal) (G1 Evacuation Pause)
[7371.047s][info][gc,task        ] GC(1343) Using 8 workers of 8 for evacuation
[7371.193s][info][gc,phases      ] GC(1343)   Pre Evacuate Collection Set: 0.22ms
[7371.193s][info][gc,phases      ] GC(1343)   Merge Heap Roots: 0.52ms
[7371.193s][info][gc,phases      ] GC(1343)   Evacuate Collection Set: 143.81ms
[7371.193s][info][gc,phases      ] GC(1343)   Post Evacuate Collection Set: 1.05ms
[7371.193s][info][gc,phases      ] GC(1343)   Other: 0.06ms
[7371.193s][info][gc,heap        ] GC(1343) Eden regions: 570->0(571)
[7371.193s][info][gc,heap        ] GC(1343) Survivor regions: 44->43(77)
[7371.193s][info][gc,heap        ] GC(1343) Old regions: 165->172
[7371.193s][info][gc,heap        ] GC(1343) Humongous regions: 33->33
[7371.193s][info][gc,metaspace   ] GC(1343) Metaspace: 35835K(38144K)->35835K(38144K) NonClass: 26763K(27072K)->26763K(27072K) Class: 9071K(11072K)->9071K(11072K)
[7371.193s][info][gc             ] GC(1343) Pause Young (Normal) (G1 Evacuation Pause) 6464M->1953M(8192M) 145.782ms
[7371.193s][info][gc,cpu         ] GC(1343) User=1.16s Sys=0.00s Real=0.14s
...[7374.259s][info][gc,start       ] GC(1344) Pause Young (Normal) (G1 Evacuation Pause)
[7374.259s][info][gc,task        ] GC(1344) Using 8 workers of 8 for evacuation
[7374.409s][info][gc,phases      ] GC(1344)   Pre Evacuate Collection Set: 0.24ms
[7374.409s][info][gc,phases      ] GC(1344)   Merge Heap Roots: 0.53ms
[7374.409s][info][gc,phases      ] GC(1344)   Evacuate Collection Set: 147.75ms
[7374.409s][info][gc,phases      ] GC(1344)   Post Evacuate Collection Set: 1.07ms
[7374.409s][info][gc,phases      ] GC(1344)   Other: 0.06ms
[7374.409s][info][gc,heap        ] GC(1344) Eden regions: 571->0(571)
[7374.409s][info][gc,heap        ] GC(1344) Survivor regions: 43->43(77)
[7374.409s][info][gc,heap        ] GC(1344) Old regions: 172->179
[7374.409s][info][gc,heap        ] GC(1344) Humongous regions: 33->33
[7374.409s][info][gc,metaspace   ] GC(1344) Metaspace: 35835K(38144K)->35835K(38144K) NonClass: 26763K(27072K)->26763K(27072K) Class: 9071K(11072K)->9071K(11072K)
[7374.409s][info][gc             ] GC(1344) Pause Young (Normal) (G1 Evacuation Pause) 6521M->2010M(8192M) 149.794ms
[7374.409s][info][gc,cpu         ] GC(1344) User=1.19s Sys=0.00s Real=0.15s
....[7377.459s][info][gc,start       ] GC(1345) Pause Young (Normal) (G1 Evacuation Pause)
[7377.459s][info][gc,task        ] GC(1345) Using 8 workers of 8 for evacuation
[7377.615s][info][gc,phases      ] GC(1345)   Pre Evacuate Collection Set: 0.23ms
[7377.615s][info][gc,phases      ] GC(1345)   Merge Heap Roots: 0.60ms
[7377.615s][info][gc,phases      ] GC(1345)   Evacuate Collection Set: 153.57ms
[7377.615s][info][gc,phases      ] GC(1345)   Post Evacuate Collection Set: 1.03ms
[7377.615s][info][gc,phases      ] GC(1345)   Other: 0.07ms
[7377.615s][info][gc,heap        ] GC(1345) Eden regions: 571->0(569)
[7377.615s][info][gc,heap        ] GC(1345) Survivor regions: 43->45(77)
[7377.615s][info][gc,heap        ] GC(1345) Old regions: 179->187
[7377.615s][info][gc,heap        ] GC(1345) Humongous regions: 33->33
[7377.615s][info][gc,metaspace   ] GC(1345) Metaspace: 35835K(38144K)->35835K(38144K) NonClass: 26763K(27072K)->26763K(27072K) Class: 9071K(11072K)->9071K(11072K)
[7377.615s][info][gc             ] GC(1345) Pause Young (Normal) (G1 Evacuation Pause) 6578M->2084M(8192M) 155.615ms
[7377.615s][info][gc,cpu         ] GC(1345) User=1.23s Sys=0.00s Real=0.15s
...[7380.573s][info][gc,start       ] GC(1346) Pause Young (Normal) (G1 Evacuation Pause)
[7380.573s][info][gc,task        ] GC(1346) Using 8 workers of 8 for evacuation
[7380.722s][info][gc,phases      ] GC(1346)   Pre Evacuate Collection Set: 0.26ms
[7380.722s][info][gc,phases      ] GC(1346)   Merge Heap Roots: 0.53ms
[7380.722s][info][gc,phases      ] GC(1346)   Evacuate Collection Set: 146.65ms
[7380.722s][info][gc,phases      ] GC(1346)   Post Evacuate Collection Set: 1.05ms
[7380.722s][info][gc,phases      ] GC(1346)   Other: 0.06ms
[7380.722s][info][gc,heap        ] GC(1346) Eden regions: 569->0(571)
[7380.722s][info][gc,heap        ] GC(1346) Survivor regions: 45->43(77)
[7380.722s][info][gc,heap        ] GC(1346) Old regions: 187->195
[7380.722s][info][gc,heap        ] GC(1346) Humongous regions: 33->33
[7380.722s][info][gc,metaspace   ] GC(1346) Metaspace: 35835K(38144K)->35835K(38144K) NonClass: 26763K(27072K)->26763K(27072K) Class: 9071K(11072K)->9071K(11072K)
[7380.722s][info][gc             ] GC(1346) Pause Young (Normal) (G1 Evacuation Pause) 6636M->2133M(8192M) 148.685ms
[7380.722s][info][gc,cpu         ] GC(1346) User=1.17s Sys=0.00s Real=0.15s
...[7383.692s][info][gc,start       ] GC(1347) Pause Young (Normal) (G1 Evacuation Pause)
[7383.692s][info][gc,task        ] GC(1347) Using 8 workers of 8 for evacuation
[7383.844s][info][gc,phases      ] GC(1347)   Pre Evacuate Collection Set: 0.24ms
[7383.844s][info][gc,phases      ] GC(1347)   Merge Heap Roots: 0.52ms
[7383.844s][info][gc,phases      ] GC(1347)   Evacuate Collection Set: 149.79ms
[7383.844s][info][gc,phases      ] GC(1347)   Post Evacuate Collection Set: 1.05ms
[7383.844s][info][gc,phases      ] GC(1347)   Other: 0.06ms
[7383.844s][info][gc,heap        ] GC(1347) Eden regions: 571->0(570)
[7383.844s][info][gc,heap        ] GC(1347) Survivor regions: 43->44(77)
[7383.844s][info][gc,heap        ] GC(1347) Old regions: 195->201
[7383.844s][info][gc,heap        ] GC(1347) Humongous regions: 33->33
[7383.844s][info][gc,metaspace   ] GC(1347) Metaspace: 35835K(38144K)->35835K(38144K) NonClass: 26763K(27072K)->26763K(27072K) Class: 9071K(11072K)->9071K(11072K)
[7383.844s][info][gc             ] GC(1347) Pause Young (Normal) (G1 Evacuation Pause) 6701M->2196M(8192M) 151.791ms
[7383.844s][info][gc,cpu         ] GC(1347) User=1.20s Sys=0.01s Real=0.15s
...[7386.778s][info][gc,start       ] GC(1348) Pause Young (Normal) (G1 Evacuation Pause)
[7386.778s][info][gc,task        ] GC(1348) Using 8 workers of 8 for evacuation
[7386.926s][info][gc,phases      ] GC(1348)   Pre Evacuate Collection Set: 0.26ms
[7386.926s][info][gc,phases      ] GC(1348)   Merge Heap Roots: 0.52ms
[7386.926s][info][gc,phases      ] GC(1348)   Evacuate Collection Set: 145.81ms
[7386.926s][info][gc,phases      ] GC(1348)   Post Evacuate Collection Set: 1.06ms
[7386.926s][info][gc,phases      ] GC(1348)   Other: 0.08ms
[7386.926s][info][gc,heap        ] GC(1348) Eden regions: 570->0(570)
[7386.926s][info][gc,heap        ] GC(1348) Survivor regions: 44->44(77)
[7386.926s][info][gc,heap        ] GC(1348) Old regions: 201->208
[7386.926s][info][gc,heap        ] GC(1348) Humongous regions: 33->33
[7386.926s][info][gc,metaspace   ] GC(1348) Metaspace: 35835K(38144K)->35835K(38144K) NonClass: 26763K(27072K)->26763K(27072K) Class: 9071K(11072K)->9071K(11072K)
[7386.926s][info][gc             ] GC(1348) Pause Young (Normal) (G1 Evacuation Pause) 6756M->2252M(8192M) 147.880ms
[7386.926s][info][gc,cpu         ] GC(1348) User=1.17s Sys=0.00s Real=0.14s
...[7390.012s][info][gc,start       ] GC(1349) Pause Young (Normal) (G1 Evacuation Pause)
[7390.012s][info][gc,task        ] GC(1349) Using 8 workers of 8 for evacuation
[7390.159s][info][gc,phases      ] GC(1349)   Pre Evacuate Collection Set: 0.24ms
[7390.159s][info][gc,phases      ] GC(1349)   Merge Heap Roots: 0.59ms
[7390.159s][info][gc,phases      ] GC(1349)   Evacuate Collection Set: 145.47ms
[7390.159s][info][gc,phases      ] GC(1349)   Post Evacuate Collection Set: 1.06ms
[7390.159s][info][gc,phases      ] GC(1349)   Other: 0.06ms
[7390.159s][info][gc,heap        ] GC(1349) Eden regions: 570->0(571)
[7390.159s][info][gc,heap        ] GC(1349) Survivor regions: 44->43(77)
[7390.159s][info][gc,heap        ] GC(1349) Old regions: 208->216
[7390.159s][info][gc,heap        ] GC(1349) Humongous regions: 33->33
[7390.159s][info][gc,metaspace   ] GC(1349) Metaspace: 35835K(38144K)->35835K(38144K) NonClass: 26763K(27072K)->26763K(27072K) Class: 9071K(11072K)->9071K(11072K)
[7390.159s][info][gc             ] GC(1349) Pause Young (Normal) (G1 Evacuation Pause) 6812M->2301M(8192M) 147.550ms
[7390.159s][info][gc,cpu         ] GC(1349) User=1.16s Sys=0.00s Real=0.15s
...[7392.953s][info][gc,start       ] GC(1350) Pause Young (Normal) (G1 Evacuation Pause)
[7392.953s][info][gc,task        ] GC(1350) Using 8 workers of 8 for evacuation
[7393.109s][info][gc,phases      ] GC(1350)   Pre Evacuate Collection Set: 0.22ms
[7393.109s][info][gc,phases      ] GC(1350)   Merge Heap Roots: 0.53ms
[7393.109s][info][gc,phases      ] GC(1350)   Evacuate Collection Set: 153.66ms
[7393.109s][info][gc,phases      ] GC(1350)   Post Evacuate Collection Set: 1.05ms
[7393.109s][info][gc,phases      ] GC(1350)   Other: 0.06ms
[7393.109s][info][gc,heap        ] GC(1350) Eden regions: 571->0(569)
[7393.109s][info][gc,heap        ] GC(1350) Survivor regions: 43->45(77)
[7393.109s][info][gc,heap        ] GC(1350) Old regions: 216->223
[7393.109s][info][gc,heap        ] GC(1350) Humongous regions: 33->33
[7393.109s][info][gc,metaspace   ] GC(1350) Metaspace: 35835K(38144K)->35835K(38144K) NonClass: 26763K(27072K)->26763K(27072K) Class: 9071K(11072K)->9071K(11072K)
[7393.109s][info][gc             ] GC(1350) Pause Young (Normal) (G1 Evacuation Pause) 6869M->2378M(8192M) 155.649ms
[7393.109s][info][gc,cpu         ] GC(1350) User=1.23s Sys=0.00s Real=0.16s
...[7396.023s][info][gc,start       ] GC(1351) Pause Young (Normal) (G1 Evacuation Pause)
[7396.023s][info][gc,task        ] GC(1351) Using 8 workers of 8 for evacuation
[7396.168s][info][gc,phases      ] GC(1351)   Pre Evacuate Collection Set: 0.25ms
[7396.168s][info][gc,phases      ] GC(1351)   Merge Heap Roots: 0.52ms
[7396.168s][info][gc,phases      ] GC(1351)   Evacuate Collection Set: 143.05ms
[7396.168s][info][gc,phases      ] GC(1351)   Post Evacuate Collection Set: 1.06ms
[7396.168s][info][gc,phases      ] GC(1351)   Other: 0.06ms
[7396.168s][info][gc,heap        ] GC(1351) Eden regions: 569->0(571)
[7396.168s][info][gc,heap        ] GC(1351) Survivor regions: 45->43(77)
[7396.168s][info][gc,heap        ] GC(1351) Old regions: 223->230
[7396.168s][info][gc,heap        ] GC(1351) Humongous regions: 33->33
[7396.168s][info][gc,metaspace   ] GC(1351) Metaspace: 35835K(38144K)->35835K(38144K) NonClass: 26763K(27072K)->26763K(27072K) Class: 9071K(11072K)->9071K(11072K)
[7396.168s][info][gc             ] GC(1351) Pause Young (Normal) (G1 Evacuation Pause) 6930M->2415M(8192M) 145.089ms
[7396.168s][info][gc,cpu         ] GC(1351) User=1.15s Sys=0.00s Real=0.15s
...[7399.246s][info][gc,start       ] GC(1352) Pause Young (Normal) (G1 Evacuation Pause)
[7399.246s][info][gc,task        ] GC(1352) Using 8 workers of 8 for evacuation
[7399.396s][info][gc,phases      ] GC(1352)   Pre Evacuate Collection Set: 0.23ms
[7399.397s][info][gc,phases      ] GC(1352)   Merge Heap Roots: 0.53ms
[7399.397s][info][gc,phases      ] GC(1352)   Evacuate Collection Set: 148.18ms
[7399.397s][info][gc,phases      ] GC(1352)   Post Evacuate Collection Set: 1.04ms
[7399.397s][info][gc,phases      ] GC(1352)   Other: 0.06ms
[7399.397s][info][gc,heap        ] GC(1352) Eden regions: 571->0(570)
[7399.397s][info][gc,heap        ] GC(1352) Survivor regions: 43->44(77)
[7399.397s][info][gc,heap        ] GC(1352) Old regions: 230->237
[7399.397s][info][gc,heap        ] GC(1352) Humongous regions: 33->33
[7399.397s][info][gc,metaspace   ] GC(1352) Metaspace: 35835K(38144K)->35835K(38144K) NonClass: 26763K(27072K)->26763K(27072K) Class: 9071K(11072K)->9071K(11072K)
[7399.397s][info][gc             ] GC(1352) Pause Young (Normal) (G1 Evacuation Pause) 6983M->2484M(8192M) 150.169ms
[7399.397s][info][gc,cpu         ] GC(1352) User=1.19s Sys=0.00s Real=0.15s
...[7402.253s][info][gc,start       ] GC(1353) Pause Young (Normal) (G1 Evacuation Pause)
[7402.253s][info][gc,task        ] GC(1353) Using 8 workers of 8 for evacuation
[7402.402s][info][gc,phases      ] GC(1353)   Pre Evacuate Collection Set: 0.23ms
[7402.402s][info][gc,phases      ] GC(1353)   Merge Heap Roots: 0.52ms
[7402.402s][info][gc,phases      ] GC(1353)   Evacuate Collection Set: 146.55ms
[7402.402s][info][gc,phases      ] GC(1353)   Post Evacuate Collection Set: 1.04ms
[7402.402s][info][gc,phases      ] GC(1353)   Other: 0.06ms
[7402.402s][info][gc,heap        ] GC(1353) Eden regions: 570->0(570)
[7402.402s][info][gc,heap        ] GC(1353) Survivor regions: 44->44(77)
[7402.402s][info][gc,heap        ] GC(1353) Old regions: 237->244
[7402.402s][info][gc,heap        ] GC(1353) Humongous regions: 33->33
[7402.402s][info][gc,metaspace   ] GC(1353) Metaspace: 35835K(38144K)->35835K(38144K) NonClass: 26763K(27072K)->26763K(27072K) Class: 9071K(11072K)->9071K(11072K)
[7402.402s][info][gc             ] GC(1353) Pause Young (Normal) (G1 Evacuation Pause) 7044M->2536M(8192M) 148.526ms
[7402.402s][info][gc,cpu         ] GC(1353) User=1.17s Sys=0.00s Real=0.15s
...[7405.321s][info][gc,start       ] GC(1354) Pause Young (Normal) (G1 Evacuation Pause)
[7405.321s][info][gc,task        ] GC(1354) Using 8 workers of 8 for evacuation
[7405.468s][info][gc,phases      ] GC(1354)   Pre Evacuate Collection Set: 0.27ms
[7405.468s][info][gc,phases      ] GC(1354)   Merge Heap Roots: 0.54ms
[7405.468s][info][gc,phases      ] GC(1354)   Evacuate Collection Set: 145.24ms
[7405.468s][info][gc,phases      ] GC(1354)   Post Evacuate Collection Set: 1.08ms
[7405.468s][info][gc,phases      ] GC(1354)   Other: 0.06ms
[7405.468s][info][gc,heap        ] GC(1354) Eden regions: 570->0(571)
[7405.468s][info][gc,heap        ] GC(1354) Survivor regions: 44->43(77)
[7405.468s][info][gc,heap        ] GC(1354) Old regions: 244->252
[7405.468s][info][gc,heap        ] GC(1354) Humongous regions: 33->33
[7405.468s][info][gc,metaspace   ] GC(1354) Metaspace: 35835K(38144K)->35835K(38144K) NonClass: 26763K(27072K)->26763K(27072K) Class: 9071K(11072K)->9071K(11072K)
[7405.468s][info][gc             ] GC(1354) Pause Young (Normal) (G1 Evacuation Pause) 7096M->2592M(8192M) 147.315ms
[7405.468s][info][gc,cpu         ] GC(1354) User=1.17s Sys=0.00s Real=0.15s
...[7408.430s][info][gc,start       ] GC(1355) Pause Young (Normal) (G1 Evacuation Pause)
[7408.430s][info][gc,task        ] GC(1355) Using 8 workers of 8 for evacuation
[7408.582s][info][gc,phases      ] GC(1355)   Pre Evacuate Collection Set: 0.24ms
[7408.582s][info][gc,phases      ] GC(1355)   Merge Heap Roots: 0.52ms
[7408.582s][info][gc,phases      ] GC(1355)   Evacuate Collection Set: 150.02ms
[7408.582s][info][gc,phases      ] GC(1355)   Post Evacuate Collection Set: 1.04ms
[7408.582s][info][gc,phases      ] GC(1355)   Other: 0.06ms
[7408.582s][info][gc,heap        ] GC(1355) Eden regions: 571->0(570)
[7408.582s][info][gc,heap        ] GC(1355) Survivor regions: 43->44(77)
[7408.582s][info][gc,heap        ] GC(1355) Old regions: 252->259
[7408.582s][info][gc,heap        ] GC(1355) Humongous regions: 33->33
[7408.582s][info][gc,metaspace   ] GC(1355) Metaspace: 35835K(38144K)->35835K(38144K) NonClass: 26763K(27072K)->26763K(27072K) Class: 9071K(11072K)->9071K(11072K)
[7408.582s][info][gc             ] GC(1355) Pause Young (Normal) (G1 Evacuation Pause) 7160M->2658M(8192M) 151.995ms
[7408.582s][info][gc,cpu         ] GC(1355) User=1.20s Sys=0.00s Real=0.15s
...[7411.553s][info][gc,start       ] GC(1356) Pause Young (Normal) (G1 Evacuation Pause)
[7411.553s][info][gc,task        ] GC(1356) Using 8 workers of 8 for evacuation
[7411.705s][info][gc,phases      ] GC(1356)   Pre Evacuate Collection Set: 0.25ms
[7411.705s][info][gc,phases      ] GC(1356)   Merge Heap Roots: 0.59ms
[7411.705s][info][gc,phases      ] GC(1356)   Evacuate Collection Set: 149.61ms
[7411.705s][info][gc,phases      ] GC(1356)   Post Evacuate Collection Set: 1.02ms
[7411.705s][info][gc,phases      ] GC(1356)   Other: 0.81ms
[7411.705s][info][gc,heap        ] GC(1356) Eden regions: 570->0(570)
[7411.705s][info][gc,heap        ] GC(1356) Survivor regions: 44->44(77)
[7411.705s][info][gc,heap        ] GC(1356) Old regions: 259->266
[7411.705s][info][gc,heap        ] GC(1356) Humongous regions: 33->33
[7411.705s][info][gc,metaspace   ] GC(1356) Metaspace: 35835K(38144K)->35835K(38144K) NonClass: 26763K(27072K)->26763K(27072K) Class: 9071K(11072K)->9071K(11072K)
[7411.705s][info][gc             ] GC(1356) Pause Young (Normal) (G1 Evacuation Pause) 7218M->2716M(8192M) 152.411ms
[7411.705s][info][gc,cpu         ] GC(1356) User=1.20s Sys=0.00s Real=0.15s
...[7414.646s][info][gc,start       ] GC(1357) Pause Young (Normal) (G1 Evacuation Pause)
[7414.646s][info][gc,task        ] GC(1357) Using 8 workers of 8 for evacuation
[7414.795s][info][gc,phases      ] GC(1357)   Pre Evacuate Collection Set: 0.26ms
[7414.795s][info][gc,phases      ] GC(1357)   Merge Heap Roots: 0.53ms
[7414.795s][info][gc,phases      ] GC(1357)   Evacuate Collection Set: 146.73ms
[7414.795s][info][gc,phases      ] GC(1357)   Post Evacuate Collection Set: 1.04ms
[7414.795s][info][gc,phases      ] GC(1357)   Other: 0.06ms
[7414.795s][info][gc,heap        ] GC(1357) Eden regions: 570->0(571)
[7414.795s][info][gc,heap        ] GC(1357) Survivor regions: 44->43(77)
[7414.795s][info][gc,heap        ] GC(1357) Old regions: 266->273
[7414.795s][info][gc,heap        ] GC(1357) Humongous regions: 33->33
[7414.795s][info][gc,metaspace   ] GC(1357) Metaspace: 35835K(38144K)->35835K(38144K) NonClass: 26763K(27072K)->26763K(27072K) Class: 9071K(11072K)->9071K(11072K)
[7414.795s][info][gc             ] GC(1357) Pause Young (Normal) (G1 Evacuation Pause) 7276M->2763M(8192M) 148.748ms
[7414.795s][info][gc,cpu         ] GC(1357) User=1.17s Sys=0.00s Real=0.15s
...[7417.695s][info][gc,start       ] GC(1358) Pause Young (Normal) (G1 Evacuation Pause)
[7417.695s][info][gc,task        ] GC(1358) Using 8 workers of 8 for evacuation
[7417.851s][info][gc,phases      ] GC(1358)   Pre Evacuate Collection Set: 0.24ms
[7417.851s][info][gc,phases      ] GC(1358)   Merge Heap Roots: 0.55ms
[7417.851s][info][gc,phases      ] GC(1358)   Evacuate Collection Set: 153.72ms
[7417.851s][info][gc,phases      ] GC(1358)   Post Evacuate Collection Set: 1.02ms
[7417.851s][info][gc,phases      ] GC(1358)   Other: 0.07ms
[7417.851s][info][gc,heap        ] GC(1358) Eden regions: 571->0(568)
[7417.851s][info][gc,heap        ] GC(1358) Survivor regions: 43->45(77)
[7417.851s][info][gc,heap        ] GC(1358) Old regions: 273->281
[7417.851s][info][gc,heap        ] GC(1358) Humongous regions: 33->33
[7417.851s][info][gc,metaspace   ] GC(1358) Metaspace: 35835K(38144K)->35835K(38144K) NonClass: 26763K(27072K)->26763K(27072K) Class: 9071K(11072K)->9071K(11072K)
[7417.851s][info][gc             ] GC(1358) Pause Young (Normal) (G1 Evacuation Pause) 7331M->2840M(8192M) 155.757ms
[7417.851s][info][gc,cpu         ] GC(1358) User=1.24s Sys=0.01s Real=0.16s
...[7420.817s][info][gc,start       ] GC(1359) Pause Young (Normal) (G1 Evacuation Pause)
[7420.817s][info][gc,task        ] GC(1359) Using 8 workers of 8 for evacuation
[7420.969s][info][gc,phases      ] GC(1359)   Pre Evacuate Collection Set: 0.23ms
[7420.969s][info][gc,phases      ] GC(1359)   Merge Heap Roots: 0.52ms
[7420.969s][info][gc,phases      ] GC(1359)   Evacuate Collection Set: 150.05ms
[7420.969s][info][gc,phases      ] GC(1359)   Post Evacuate Collection Set: 1.03ms
[7420.969s][info][gc,phases      ] GC(1359)   Other: 0.06ms
[7420.969s][info][gc,heap        ] GC(1359) Eden regions: 568->0(563)
[7420.969s][info][gc,heap        ] GC(1359) Survivor regions: 45->44(77)
[7420.969s][info][gc,heap        ] GC(1359) Old regions: 281->288
[7420.969s][info][gc,heap        ] GC(1359) Humongous regions: 33->33
[7420.969s][info][gc,metaspace   ] GC(1359) Metaspace: 35835K(38144K)->35835K(38144K) NonClass: 26763K(27072K)->26763K(27072K) Class: 9071K(11072K)->9071K(11072K)
[7420.969s][info][gc             ] GC(1359) Pause Young (Normal) (G1 Evacuation Pause) 7384M->2886M(8192M) 152.020ms
[7420.969s][info][gc,cpu         ] GC(1359) User=1.20s Sys=0.00s Real=0.15s
...[7423.735s][info][gc,start       ] GC(1360) Pause Young (Normal) (G1 Evacuation Pause)
[7423.735s][info][gc,task        ] GC(1360) Using 8 workers of 8 for evacuation
[7423.888s][info][gc,phases      ] GC(1360)   Pre Evacuate Collection Set: 0.22ms
[7423.888s][info][gc,phases      ] GC(1360)   Merge Heap Roots: 0.53ms
[7423.888s][info][gc,phases      ] GC(1360)   Evacuate Collection Set: 151.35ms
[7423.888s][info][gc,phases      ] GC(1360)   Post Evacuate Collection Set: 1.08ms
[7423.888s][info][gc,phases      ] GC(1360)   Other: 0.06ms
[7423.888s][info][gc,heap        ] GC(1360) Eden regions: 563->0(555)
[7423.888s][info][gc,heap        ] GC(1360) Survivor regions: 44->44(76)
[7423.888s][info][gc,heap        ] GC(1360) Old regions: 288->296
[7423.888s][info][gc,heap        ] GC(1360) Humongous regions: 33->33
[7423.888s][info][gc,metaspace   ] GC(1360) Metaspace: 35835K(38144K)->35835K(38144K) NonClass: 26763K(27072K)->26763K(27072K) Class: 9071K(11072K)->9071K(11072K)
[7423.888s][info][gc             ] GC(1360) Pause Young (Normal) (G1 Evacuation Pause) 7390M->2945M(8192M) 153.369ms
[7423.888s][info][gc,cpu         ] GC(1360) User=1.22s Sys=0.00s Real=0.16s
... (rIR:aIR:PR = 12315:12428:12432) (tPR = 185351) [OK] 
  7426s: Performance info:
         Transaction,    Success,    Partial,     Failed,   Receipts, AvgBarcode, 
             Overall,     753447,          0,          0,     715469,      59.47, 
         Response times:
             Request,    Success,    Partial,     Failed,   SkipFail,     Probes,    Samples,      min,      p50,      p90,      p95,      p99,      max, 
       TotalPurchase,     715228,          0,          0,          0,     356393,     493593,      300,    26000,   147000,   230000,   363000,  4800000,
     InStorePurchase,     374820,          0,          0,          0,     187398,     259645,      300,    26000,   147000,   232000,   363000,  4800000,
      OnlinePurchase,     265880,          0,          0,          0,     131265,     181393,      300,    26000,   146000,   228000,   364000,  4800000,
        InstPurchase,      74528,          0,          0,          0,      37730,      52555,      400,    27000,   149000,   230000,   363000,  3200000,
          AssocOfCat,        748,          0,          0,          0,        625,        992,    36000,    87000,   215700,   286400,   419000,   810000,
      AssocOfProduct,       7510,          0,          0,          0,       3453,       5081,      800,    24000,   137800,   233000,   363180,  3100000,
      BusinessReport,       1864,          0,          0,          0,       1675,       2533,    37000,   100000,   224000,   293600,   424280,   532000,
          CustBuyBeh,       7461,          0,          0,          0,       3434,       4980,      600,    27000,   149000,   236000,   366190,  3100000,
       ProductReturn,      20401,          0,          0,          0,       9425,      13329,      200,    25000,   143000,   228000,   364000,  4800000,

  7426s: (90%)   IR =  12453 [7426.841s][info][gc,start       ] GC(1361) Pause Young (Normal) (G1 Evacuation Pause)
[7426.841s][info][gc,task        ] GC(1361) Using 8 workers of 8 for evacuation
[7426.989s][info][gc,phases      ] GC(1361)   Pre Evacuate Collection Set: 0.23ms
[7426.989s][info][gc,phases      ] GC(1361)   Merge Heap Roots: 0.54ms
[7426.989s][info][gc,phases      ] GC(1361)   Evacuate Collection Set: 146.31ms
[7426.989s][info][gc,phases      ] GC(1361)   Post Evacuate Collection Set: 1.02ms
[7426.989s][info][gc,phases      ] GC(1361)   Other: 0.06ms
[7426.989s][info][gc,heap        ] GC(1361) Eden regions: 555->0(550)
[7426.989s][info][gc,heap        ] GC(1361) Survivor regions: 44->43(75)
[7426.989s][info][gc,heap        ] GC(1361) Old regions: 296->303
[7426.989s][info][gc,heap        ] GC(1361) Humongous regions: 33->33
[7426.989s][info][gc,metaspace   ] GC(1361) Metaspace: 35835K(38144K)->35835K(38144K) NonClass: 26763K(27072K)->26763K(27072K) Class: 9071K(11072K)->9071K(11072K)
[7426.989s][info][gc             ] GC(1361) Pause Young (Normal) (G1 Evacuation Pause) 7385M->3001M(8192M) 148.288ms
[7426.989s][info][gc,cpu         ] GC(1361) User=1.17s Sys=0.00s Real=0.15s
...[7429.813s][info][gc,start       ] GC(1362) Pause Young (Concurrent Start) (G1 Evacuation Pause)
[7429.813s][info][gc,task        ] GC(1362) Using 8 workers of 8 for evacuation
[7429.970s][info][gc,phases      ] GC(1362)   Pre Evacuate Collection Set: 0.27ms
[7429.970s][info][gc,phases      ] GC(1362)   Merge Heap Roots: 0.59ms
[7429.970s][info][gc,phases      ] GC(1362)   Evacuate Collection Set: 155.18ms
[7429.970s][info][gc,phases      ] GC(1362)   Post Evacuate Collection Set: 1.00ms
[7429.970s][info][gc,phases      ] GC(1362)   Other: 0.09ms
[7429.970s][info][gc,heap        ] GC(1362) Eden regions: 550->0(540)
[7429.970s][info][gc,heap        ] GC(1362) Survivor regions: 43->44(75)
[7429.970s][info][gc,heap        ] GC(1362) Old regions: 303->311
[7429.970s][info][gc,heap        ] GC(1362) Humongous regions: 33->33
[7429.970s][info][gc,metaspace   ] GC(1362) Metaspace: 35835K(38144K)->35835K(38144K) NonClass: 26763K(27072K)->26763K(27072K) Class: 9071K(11072K)->9071K(11072K)
[7429.970s][info][gc             ] GC(1362) Pause Young (Concurrent Start) (G1 Evacuation Pause) 7401M->3072M(8192M) 157.264ms
[7429.970s][info][gc             ] GC(1363) Concurrent Mark Cycle
[7429.970s][info][gc,marking     ] GC(1363) Concurrent Scan Root Regions
[7429.970s][info][gc,cpu         ] GC(1362) User=1.25s Sys=0.00s Real=0.16s
[7430.217s][info][gc,marking     ] GC(1363) Concurrent Scan Root Regions 247.064ms
[7430.217s][info][gc,marking     ] GC(1363) Concurrent Mark
[7430.217s][info][gc,marking     ] GC(1363) Concurrent Mark From Roots
[7430.217s][info][gc,task        ] GC(1363) Using 2 workers of 2 for marking
..[7431.467s][info][gc,marking     ] GC(1363) Concurrent Mark From Roots 1249.795ms
[7431.467s][info][gc,marking     ] GC(1363) Concurrent Preclean
[7431.467s][info][gc,marking     ] GC(1363) Concurrent Preclean 0.068ms
[7431.467s][info][gc,start       ] GC(1363) Pause Remark
[7431.469s][info][gc             ] GC(1363) Pause Remark 4852M->4300M(8192M) 2.118ms
[7431.469s][info][gc,cpu         ] GC(1363) User=0.01s Sys=0.00s Real=0.00s
[7431.469s][info][gc,marking     ] GC(1363) Concurrent Mark 1252.264ms
[7431.469s][info][gc,marking     ] GC(1363) Concurrent Rebuild Remembered Sets and Scrub Regions
.[7432.393s][info][gc,marking     ] GC(1363) Concurrent Rebuild Remembered Sets and Scrub Regions 923.908ms
[7432.393s][info][gc,start       ] GC(1363) Pause Cleanup
[7432.394s][info][gc             ] GC(1363) Pause Cleanup 5493M->5493M(8192M) 0.248ms
[7432.394s][info][gc,cpu         ] GC(1363) User=0.00s Sys=0.00s Real=0.00s
[7432.394s][info][gc,marking     ] GC(1363) Concurrent Clear Claimed Marks
[7432.394s][info][gc,marking     ] GC(1363) Concurrent Clear Claimed Marks 0.040ms
[7432.394s][info][gc,marking     ] GC(1363) Concurrent Cleanup for Next Mark
[7432.404s][info][gc,marking     ] GC(1363) Concurrent Cleanup for Next Mark 9.816ms
[7432.404s][info][gc             ] GC(1363) Concurrent Mark Cycle 2433.744ms
[7433.214s][info][gc,start       ] GC(1364) Pause Young (Prepare Mixed) (G1 Evacuation Pause)
[7433.214s][info][gc,task        ] GC(1364) Using 8 workers of 8 for evacuation
[7433.364s][info][gc,phases      ] GC(1364)   Pre Evacuate Collection Set: 0.22ms
[7433.364s][info][gc,phases      ] GC(1364)   Merge Heap Roots: 0.74ms
[7433.364s][info][gc,phases      ] GC(1364)   Evacuate Collection Set: 148.04ms
[7433.364s][info][gc,phases      ] GC(1364)   Post Evacuate Collection Set: 1.15ms
[7433.364s][info][gc,phases      ] GC(1364)   Other: 0.07ms
[7433.364s][info][gc,heap        ] GC(1364) Eden regions: 540->0(571)
[7433.364s][info][gc,heap        ] GC(1364) Survivor regions: 44->43(73)
[7433.364s][info][gc,heap        ] GC(1364) Old regions: 242->249
[7433.364s][info][gc,heap        ] GC(1364) Humongous regions: 33->33
[7433.364s][info][gc,metaspace   ] GC(1364) Metaspace: 35835K(38144K)->35835K(38144K) NonClass: 26763K(27072K)->26763K(27072K) Class: 9071K(11072K)->9071K(11072K)
[7433.364s][info][gc             ] GC(1364) Pause Young (Prepare Mixed) (G1 Evacuation Pause) 6840M->2570M(8192M) 150.338ms
[7433.364s][info][gc,cpu         ] GC(1364) User=1.19s Sys=0.00s Real=0.15s
...[7436.190s][info][gc,start       ] GC(1365) Pause Young (Mixed) (G1 Evacuation Pause)
[7436.190s][info][gc,task        ] GC(1365) Using 8 workers of 8 for evacuation
[7436.347s][info][gc,phases      ] GC(1365)   Pre Evacuate Collection Set: 0.26ms
[7436.347s][info][gc,phases      ] GC(1365)   Merge Heap Roots: 0.83ms
[7436.347s][info][gc,phases      ] GC(1365)   Evacuate Collection Set: 154.76ms
[7436.347s][info][gc,phases      ] GC(1365)   Post Evacuate Collection Set: 1.27ms
[7436.347s][info][gc,phases      ] GC(1365)   Other: 0.07ms
[7436.347s][info][gc,heap        ] GC(1365) Eden regions: 571->0(570)
[7436.347s][info][gc,heap        ] GC(1365) Survivor regions: 43->44(77)
[7436.347s][info][gc,heap        ] GC(1365) Old regions: 249->155
[7436.347s][info][gc,heap        ] GC(1365) Humongous regions: 33->33
[7436.347s][info][gc,metaspace   ] GC(1365) Metaspace: 35835K(38144K)->35835K(38144K) NonClass: 26763K(27072K)->26763K(27072K) Class: 9071K(11072K)->9071K(11072K)
[7436.347s][info][gc             ] GC(1365) Pause Young (Mixed) (G1 Evacuation Pause) 7138M->1822M(8192M) 157.322ms
[7436.348s][info][gc,cpu         ] GC(1365) User=1.25s Sys=0.00s Real=0.16s
...[7439.162s][info][gc,start       ] GC(1366) Pause Young (Mixed) (G1 Evacuation Pause)
[7439.162s][info][gc,task        ] GC(1366) Using 8 workers of 8 for evacuation
[7439.328s][info][gc,phases      ] GC(1366)   Pre Evacuate Collection Set: 0.23ms
[7439.328s][info][gc,phases      ] GC(1366)   Merge Heap Roots: 0.73ms
[7439.328s][info][gc,phases      ] GC(1366)   Evacuate Collection Set: 164.19ms
[7439.328s][info][gc,phases      ] GC(1366)   Post Evacuate Collection Set: 1.05ms
[7439.328s][info][gc,phases      ] GC(1366)   Other: 0.07ms
[7439.328s][info][gc,heap        ] GC(1366) Eden regions: 570->0(568)
[7439.328s][info][gc,heap        ] GC(1366) Survivor regions: 44->46(77)
[7439.328s][info][gc,heap        ] GC(1366) Old regions: 155->143
[7439.328s][info][gc,heap        ] GC(1366) Humongous regions: 33->33
[7439.328s][info][gc,metaspace   ] GC(1366) Metaspace: 35835K(38144K)->35835K(38144K) NonClass: 26763K(27072K)->26763K(27072K) Class: 9071K(11072K)->9071K(11072K)
[7439.328s][info][gc             ] GC(1366) Pause Young (Mixed) (G1 Evacuation Pause) 6382M->1743M(8192M) 166.402ms
[7439.329s][info][gc,cpu         ] GC(1366) User=1.32s Sys=0.00s Real=0.17s
...[7442.053s][info][gc,start       ] GC(1367) Pause Young (Normal) (G1 Evacuation Pause)
[7442.053s][info][gc,task        ] GC(1367) Using 8 workers of 8 for evacuation
[7442.202s][info][gc,phases      ] GC(1367)   Pre Evacuate Collection Set: 0.23ms
[7442.202s][info][gc,phases      ] GC(1367)   Merge Heap Roots: 0.52ms
[7442.202s][info][gc,phases      ] GC(1367)   Evacuate Collection Set: 147.03ms
[7442.202s][info][gc,phases      ] GC(1367)   Post Evacuate Collection Set: 1.03ms
[7442.202s][info][gc,phases      ] GC(1367)   Other: 0.06ms
[7442.202s][info][gc,heap        ] GC(1367) Eden regions: 568->0(572)
[7442.202s][info][gc,heap        ] GC(1367) Survivor regions: 46->42(77)
[7442.202s][info][gc,heap        ] GC(1367) Old regions: 143->150
[7442.202s][info][gc,heap        ] GC(1367) Humongous regions: 33->33
[7442.202s][info][gc,metaspace   ] GC(1367) Metaspace: 35835K(38144K)->35835K(38144K) NonClass: 26763K(27072K)->26763K(27072K) Class: 9071K(11072K)->9071K(11072K)
[7442.202s][info][gc             ] GC(1367) Pause Young (Normal) (G1 Evacuation Pause) 6287M->1772M(8192M) 148.995ms
[7442.202s][info][gc,cpu         ] GC(1367) User=1.18s Sys=0.00s Real=0.15s
...[7445.084s][info][gc,start       ] GC(1368) Pause Young (Normal) (G1 Evacuation Pause)
[7445.084s][info][gc,task        ] GC(1368) Using 8 workers of 8 for evacuation
[7445.244s][info][gc,phases      ] GC(1368)   Pre Evacuate Collection Set: 0.22ms
[7445.244s][info][gc,phases      ] GC(1368)   Merge Heap Roots: 0.51ms
[7445.244s][info][gc,phases      ] GC(1368)   Evacuate Collection Set: 158.00ms
[7445.244s][info][gc,phases      ] GC(1368)   Post Evacuate Collection Set: 1.05ms
[7445.244s][info][gc,phases      ] GC(1368)   Other: 0.07ms
[7445.244s][info][gc,heap        ] GC(1368) Eden regions: 572->0(568)
[7445.244s][info][gc,heap        ] GC(1368) Survivor regions: 42->46(77)
[7445.244s][info][gc,heap        ] GC(1368) Old regions: 150->157
[7445.244s][info][gc,heap        ] GC(1368) Humongous regions: 33->33
[7445.244s][info][gc,metaspace   ] GC(1368) Metaspace: 35835K(38144K)->35835K(38144K) NonClass: 26763K(27072K)->26763K(27072K) Class: 9071K(11072K)->9071K(11072K)
[7445.244s][info][gc             ] GC(1368) Pause Young (Normal) (G1 Evacuation Pause) 6348M->1856M(8192M) 159.972ms
[7445.244s][info][gc,cpu         ] GC(1368) User=1.26s Sys=0.01s Real=0.16s
...[7448.012s][info][gc,start       ] GC(1369) Pause Young (Normal) (G1 Evacuation Pause)
[7448.012s][info][gc,task        ] GC(1369) Using 8 workers of 8 for evacuation
[7448.161s][info][gc,phases      ] GC(1369)   Pre Evacuate Collection Set: 0.22ms
[7448.161s][info][gc,phases      ] GC(1369)   Merge Heap Roots: 0.53ms
[7448.161s][info][gc,phases      ] GC(1369)   Evacuate Collection Set: 146.76ms
[7448.161s][info][gc,phases      ] GC(1369)   Post Evacuate Collection Set: 1.03ms
[7448.161s][info][gc,phases      ] GC(1369)   Other: 0.09ms
[7448.161s][info][gc,heap        ] GC(1369) Eden regions: 568->0(571)
[7448.161s][info][gc,heap        ] GC(1369) Survivor regions: 46->43(77)
[7448.161s][info][gc,heap        ] GC(1369) Old regions: 157->165
[7448.161s][info][gc,heap        ] GC(1369) Humongous regions: 33->33
[7448.161s][info][gc,metaspace   ] GC(1369) Metaspace: 35835K(38144K)->35835K(38144K) NonClass: 26763K(27072K)->26763K(27072K) Class: 9071K(11072K)->9071K(11072K)
[7448.161s][info][gc             ] GC(1369) Pause Young (Normal) (G1 Evacuation Pause) 6400M->1893M(8192M) 148.757ms
[7448.161s][info][gc,cpu         ] GC(1369) User=1.18s Sys=0.00s Real=0.15s
...[7450.949s][info][gc,start       ] GC(1370) Pause Young (Normal) (G1 Evacuation Pause)
[7450.949s][info][gc,task        ] GC(1370) Using 8 workers of 8 for evacuation
[7451.103s][info][gc,phases      ] GC(1370)   Pre Evacuate Collection Set: 0.23ms
[7451.103s][info][gc,phases      ] GC(1370)   Merge Heap Roots: 0.53ms
[7451.103s][info][gc,phases      ] GC(1370)   Evacuate Collection Set: 152.13ms
[7451.103s][info][gc,phases      ] GC(1370)   Post Evacuate Collection Set: 1.09ms
[7451.103s][info][gc,phases      ] GC(1370)   Other: 0.06ms
[7451.103s][info][gc,heap        ] GC(1370) Eden regions: 571->0(568)
[7451.103s][info][gc,heap        ] GC(1370) Survivor regions: 43->46(77)
[7451.103s][info][gc,heap        ] GC(1370) Old regions: 165->172
[7451.103s][info][gc,heap        ] GC(1370) Humongous regions: 33->33
[7451.103s][info][gc,metaspace   ] GC(1370) Metaspace: 35835K(38144K)->35835K(38144K) NonClass: 26763K(27072K)->26763K(27072K) Class: 9071K(11072K)->9071K(11072K)
[7451.103s][info][gc             ] GC(1370) Pause Young (Normal) (G1 Evacuation Pause) 6461M->1970M(8192M) 154.172ms
[7451.103s][info][gc,cpu         ] GC(1370) User=1.22s Sys=0.00s Real=0.15s
...[7454.018s][info][gc,start       ] GC(1371) Pause Young (Normal) (G1 Evacuation Pause)
[7454.018s][info][gc,task        ] GC(1371) Using 8 workers of 8 for evacuation
[7454.167s][info][gc,phases      ] GC(1371)   Pre Evacuate Collection Set: 0.24ms
[7454.167s][info][gc,phases      ] GC(1371)   Merge Heap Roots: 0.53ms
[7454.167s][info][gc,phases      ] GC(1371)   Evacuate Collection Set: 147.36ms
[7454.167s][info][gc,phases      ] GC(1371)   Post Evacuate Collection Set: 1.05ms
[7454.167s][info][gc,phases      ] GC(1371)   Other: 0.06ms
[7454.167s][info][gc,heap        ] GC(1371) Eden regions: 568->0(571)
[7454.167s][info][gc,heap        ] GC(1371) Survivor regions: 46->43(77)
[7454.167s][info][gc,heap        ] GC(1371) Old regions: 172->179
[7454.167s][info][gc,heap        ] GC(1371) Humongous regions: 33->33
[7454.167s][info][gc,metaspace   ] GC(1371) Metaspace: 35835K(38144K)->35835K(38144K) NonClass: 26763K(27072K)->26763K(27072K) Class: 9071K(11072K)->9071K(11072K)
[7454.167s][info][gc             ] GC(1371) Pause Young (Normal) (G1 Evacuation Pause) 6514M->2008M(8192M) 149.376ms
[7454.167s][info][gc,cpu         ] GC(1371) User=1.19s Sys=0.00s Real=0.15s
... (rIR:aIR:PR = 12453:12678:13074) (tPR = 190038) [IR is over limit] [PR is over limit] 
  7456s: Performance info:
         Transaction,    Success,    Partial,     Failed,   Receipts, AvgBarcode, 
             Overall,     261618,          0,          0,     248570,      59.48, 
         Response times:
             Request,    Success,    Partial,     Failed,   SkipFail,     Probes,    Samples,      min,      p50,      p90,      p95,      p99,      max, 
       TotalPurchase,     241051,          0,          0,          0,     106553,     178537,      300,    94000,   284000,   359000,   670000,  5000000,
     InStorePurchase,     129295,          0,          0,          0,      55980,      93963,      300,    94000,   286000,   367000,   830000,  5000000,
      OnlinePurchase,      86570,          0,          0,          0,      39283,      65739,      400,    94000,   286000,   356000,   523000,  5000000,
        InstPurchase,      25186,          0,          0,          0,      11290,      18835,      500,    96000,   262000,   340000,   481000,  5000000,
          AssocOfCat,        253,          0,          0,          0,        207,        381,    40000,   160000,   317000,   372600,  1100000,  1300000,
      AssocOfProduct,       2515,          0,          0,          0,       1151,       1902,     1400,    93000,   292000,   356850,   478850,  1700000,
      BusinessReport,        628,          0,          0,          0,        534,        866,    40000,   170500,   361000,   407650,   659900,  2200000,
          CustBuyBeh,       2435,          0,          0,          0,       1149,       1867,     1000,    97000,   290200,   356000,   473600,  3100000,
       ProductReturn,       6817,          0,          0,          0,       2967,       4836,      200,    97000,   284000,   362150,   534000,  1400000,

  7456s: 
  7456s: Failed, 6 overall retries left, retrying 1 of 1
  7456s: (90%)   IR =  12453 [7457.123s][info][gc,start       ] GC(1372) Pause Young (Normal) (G1 Evacuation Pause)
[7457.123s][info][gc,task        ] GC(1372) Using 8 workers of 8 for evacuation
[7457.274s][info][gc,phases      ] GC(1372)   Pre Evacuate Collection Set: 0.22ms
[7457.274s][info][gc,phases      ] GC(1372)   Merge Heap Roots: 0.52ms
[7457.274s][info][gc,phases      ] GC(1372)   Evacuate Collection Set: 149.47ms
[7457.274s][info][gc,phases      ] GC(1372)   Post Evacuate Collection Set: 1.04ms
[7457.274s][info][gc,phases      ] GC(1372)   Other: 0.06ms
[7457.274s][info][gc,heap        ] GC(1372) Eden regions: 571->0(570)
[7457.274s][info][gc,heap        ] GC(1372) Survivor regions: 43->44(77)
[7457.274s][info][gc,heap        ] GC(1372) Old regions: 179->186
[7457.274s][info][gc,heap        ] GC(1372) Humongous regions: 33->33
[7457.274s][info][gc,metaspace   ] GC(1372) Metaspace: 35837K(38144K)->35837K(38144K) NonClass: 26765K(27072K)->26765K(27072K) Class: 9071K(11072K)->9071K(11072K)
[7457.274s][info][gc             ] GC(1372) Pause Young (Normal) (G1 Evacuation Pause) 6576M->2072M(8192M) 151.440ms
[7457.274s][info][gc,cpu         ] GC(1372) User=1.20s Sys=0.01s Real=0.15s
...[7460.164s][info][gc,start       ] GC(1373) Pause Young (Normal) (G1 Evacuation Pause)
[7460.164s][info][gc,task        ] GC(1373) Using 8 workers of 8 for evacuation
[7460.311s][info][gc,phases      ] GC(1373)   Pre Evacuate Collection Set: 0.24ms
[7460.311s][info][gc,phases      ] GC(1373)   Merge Heap Roots: 0.54ms
[7460.311s][info][gc,phases      ] GC(1373)   Evacuate Collection Set: 145.21ms
[7460.311s][info][gc,phases      ] GC(1373)   Post Evacuate Collection Set: 1.10ms
[7460.312s][info][gc,phases      ] GC(1373)   Other: 0.06ms
[7460.312s][info][gc,heap        ] GC(1373) Eden regions: 570->0(571)
[7460.312s][info][gc,heap        ] GC(1373) Survivor regions: 44->43(77)
[7460.312s][info][gc,heap        ] GC(1373) Old regions: 186->193
[7460.312s][info][gc,heap        ] GC(1373) Humongous regions: 33->33
[7460.312s][info][gc,metaspace   ] GC(1373) Metaspace: 35837K(38144K)->35837K(38144K) NonClass: 26765K(27072K)->26765K(27072K) Class: 9071K(11072K)->9071K(11072K)
[7460.312s][info][gc             ] GC(1373) Pause Young (Normal) (G1 Evacuation Pause) 6632M->2120M(8192M) 147.292ms
[7460.312s][info][gc,cpu         ] GC(1373) User=1.16s Sys=0.01s Real=0.15s
...[7463.319s][info][gc,start       ] GC(1374) Pause Young (Normal) (G1 Evacuation Pause)
[7463.319s][info][gc,task        ] GC(1374) Using 8 workers of 8 for evacuation
[7463.469s][info][gc,phases      ] GC(1374)   Pre Evacuate Collection Set: 0.23ms
[7463.469s][info][gc,phases      ] GC(1374)   Merge Heap Roots: 0.52ms
[7463.469s][info][gc,phases      ] GC(1374)   Evacuate Collection Set: 147.70ms
[7463.469s][info][gc,phases      ] GC(1374)   Post Evacuate Collection Set: 1.04ms
[7463.469s][info][gc,phases      ] GC(1374)   Other: 0.06ms
[7463.469s][info][gc,heap        ] GC(1374) Eden regions: 571->0(571)
[7463.469s][info][gc,heap        ] GC(1374) Survivor regions: 43->43(77)
[7463.469s][info][gc,heap        ] GC(1374) Old regions: 193->201
[7463.469s][info][gc,heap        ] GC(1374) Humongous regions: 33->33
[7463.469s][info][gc,metaspace   ] GC(1374) Metaspace: 35837K(38144K)->35837K(38144K) NonClass: 26765K(27072K)->26765K(27072K) Class: 9071K(11072K)->9071K(11072K)
[7463.469s][info][gc             ] GC(1374) Pause Young (Normal) (G1 Evacuation Pause) 6688M->2185M(8192M) 149.677ms
[7463.469s][info][gc,cpu         ] GC(1374) User=1.19s Sys=0.00s Real=0.15s
...|[7466.417s][info][gc,start       ] GC(1375) Pause Young (Normal) (G1 Evacuation Pause)
[7466.417s][info][gc,task        ] GC(1375) Using 8 workers of 8 for evacuation
[7466.569s][info][gc,phases      ] GC(1375)   Pre Evacuate Collection Set: 0.24ms
[7466.569s][info][gc,phases      ] GC(1375)   Merge Heap Roots: 0.53ms
[7466.569s][info][gc,phases      ] GC(1375)   Evacuate Collection Set: 149.95ms
[7466.569s][info][gc,phases      ] GC(1375)   Post Evacuate Collection Set: 1.05ms
[7466.569s][info][gc,phases      ] GC(1375)   Other: 0.06ms
[7466.569s][info][gc,heap        ] GC(1375) Eden regions: 571->0(569)
[7466.569s][info][gc,heap        ] GC(1375) Survivor regions: 43->45(77)
[7466.569s][info][gc,heap        ] GC(1375) Old regions: 201->208
[7466.569s][info][gc,heap        ] GC(1375) Humongous regions: 33->33
[7466.569s][info][gc,metaspace   ] GC(1375) Metaspace: 35837K(38144K)->35837K(38144K) NonClass: 26765K(27072K)->26765K(27072K) Class: 9071K(11072K)->9071K(11072K)
[7466.569s][info][gc             ] GC(1375) Pause Young (Normal) (G1 Evacuation Pause) 6753M->2256M(8192M) 151.983ms
[7466.569s][info][gc,cpu         ] GC(1375) User=1.20s Sys=0.00s Real=0.16s
...[7469.409s][info][gc,start       ] GC(1376) Pause Young (Normal) (G1 Evacuation Pause)
[7469.409s][info][gc,task        ] GC(1376) Using 8 workers of 8 for evacuation
[7469.559s][info][gc,phases      ] GC(1376)   Pre Evacuate Collection Set: 0.26ms
[7469.559s][info][gc,phases      ] GC(1376)   Merge Heap Roots: 0.52ms
[7469.559s][info][gc,phases      ] GC(1376)   Evacuate Collection Set: 147.72ms
[7469.559s][info][gc,phases      ] GC(1376)   Post Evacuate Collection Set: 1.03ms
[7469.559s][info][gc,phases      ] GC(1376)   Other: 0.06ms
[7469.559s][info][gc,heap        ] GC(1376) Eden regions: 569->0(570)
[7469.559s][info][gc,heap        ] GC(1376) Survivor regions: 45->44(77)
[7469.559s][info][gc,heap        ] GC(1376) Old regions: 208->216
[7469.559s][info][gc,heap        ] GC(1376) Humongous regions: 33->33
[7469.559s][info][gc,metaspace   ] GC(1376) Metaspace: 35837K(38144K)->35837K(38144K) NonClass: 26765K(27072K)->26765K(27072K) Class: 9071K(11072K)->9071K(11072K)
[7469.559s][info][gc             ] GC(1376) Pause Young (Normal) (G1 Evacuation Pause) 6808M->2308M(8192M) 149.708ms
[7469.559s][info][gc,cpu         ] GC(1376) User=1.18s Sys=0.00s Real=0.15s
....[7472.618s][info][gc,start       ] GC(1377) Pause Young (Normal) (G1 Evacuation Pause)
[7472.618s][info][gc,task        ] GC(1377) Using 8 workers of 8 for evacuation
[7472.769s][info][gc,phases      ] GC(1377)   Pre Evacuate Collection Set: 0.23ms
[7472.769s][info][gc,phases      ] GC(1377)   Merge Heap Roots: 0.54ms
[7472.769s][info][gc,phases      ] GC(1377)   Evacuate Collection Set: 148.72ms
[7472.769s][info][gc,phases      ] GC(1377)   Post Evacuate Collection Set: 1.04ms
[7472.769s][info][gc,phases      ] GC(1377)   Other: 0.06ms
[7472.769s][info][gc,heap        ] GC(1377) Eden regions: 570->0(570)
[7472.769s][info][gc,heap        ] GC(1377) Survivor regions: 44->44(77)
[7472.769s][info][gc,heap        ] GC(1377) Old regions: 216->223
[7472.769s][info][gc,heap        ] GC(1377) Humongous regions: 33->33
[7472.769s][info][gc,metaspace   ] GC(1377) Metaspace: 35837K(38144K)->35837K(38144K) NonClass: 26765K(27072K)->26765K(27072K) Class: 9071K(11072K)->9071K(11072K)
[7472.769s][info][gc             ] GC(1377) Pause Young (Normal) (G1 Evacuation Pause) 6868M->2369M(8192M) 150.729ms
[7472.769s][info][gc,cpu         ] GC(1377) User=1.20s Sys=0.00s Real=0.15s
...[7475.749s][info][gc,start       ] GC(1378) Pause Young (Normal) (G1 Evacuation Pause)
[7475.749s][info][gc,task        ] GC(1378) Using 8 workers of 8 for evacuation
[7475.901s][info][gc,phases      ] GC(1378)   Pre Evacuate Collection Set: 0.23ms
[7475.901s][info][gc,phases      ] GC(1378)   Merge Heap Roots: 0.52ms
[7475.901s][info][gc,phases      ] GC(1378)   Evacuate Collection Set: 149.88ms
[7475.901s][info][gc,phases      ] GC(1378)   Post Evacuate Collection Set: 1.06ms
[7475.901s][info][gc,phases      ] GC(1378)   Other: 0.06ms
[7475.901s][info][gc,heap        ] GC(1378) Eden regions: 570->0(569)
[7475.901s][info][gc,heap        ] GC(1378) Survivor regions: 44->45(77)
[7475.901s][info][gc,heap        ] GC(1378) Old regions: 223->230
[7475.901s][info][gc,heap        ] GC(1378) Humongous regions: 33->33
[7475.901s][info][gc,metaspace   ] GC(1378) Metaspace: 35837K(38144K)->35837K(38144K) NonClass: 26765K(27072K)->26765K(27072K) Class: 9071K(11072K)->9071K(11072K)
[7475.901s][info][gc             ] GC(1378) Pause Young (Normal) (G1 Evacuation Pause) 6929M->2433M(8192M) 151.881ms
[7475.901s][info][gc,cpu         ] GC(1378) User=1.20s Sys=0.00s Real=0.15s
...[7478.741s][info][gc,start       ] GC(1379) Pause Young (Normal) (G1 Evacuation Pause)
[7478.741s][info][gc,task        ] GC(1379) Using 8 workers of 8 for evacuation
[7478.892s][info][gc,phases      ] GC(1379)   Pre Evacuate Collection Set: 0.22ms
[7478.892s][info][gc,phases      ] GC(1379)   Merge Heap Roots: 0.56ms
[7478.892s][info][gc,phases      ] GC(1379)   Evacuate Collection Set: 149.07ms
[7478.892s][info][gc,phases      ] GC(1379)   Post Evacuate Collection Set: 1.02ms
[7478.892s][info][gc,phases      ] GC(1379)   Other: 0.07ms
[7478.892s][info][gc,heap        ] GC(1379) Eden regions: 569->0(571)
[7478.892s][info][gc,heap        ] GC(1379) Survivor regions: 45->43(77)
[7478.892s][info][gc,heap        ] GC(1379) Old regions: 230->237
[7478.892s][info][gc,heap        ] GC(1379) Humongous regions: 33->33
[7478.892s][info][gc,metaspace   ] GC(1379) Metaspace: 35837K(38144K)->35837K(38144K) NonClass: 26765K(27072K)->26765K(27072K) Class: 9071K(11072K)->9071K(11072K)
[7478.892s][info][gc             ] GC(1379) Pause Young (Normal) (G1 Evacuation Pause) 6985M->2476M(8192M) 151.074ms
[7478.893s][info][gc,cpu         ] GC(1379) User=1.19s Sys=0.00s Real=0.15s
...[7481.808s][info][gc,start       ] GC(1380) Pause Young (Normal) (G1 Evacuation Pause)
[7481.808s][info][gc,task        ] GC(1380) Using 8 workers of 8 for evacuation
[7481.962s][info][gc,phases      ] GC(1380)   Pre Evacuate Collection Set: 0.23ms
[7481.962s][info][gc,phases      ] GC(1380)   Merge Heap Roots: 0.52ms
[7481.962s][info][gc,phases      ] GC(1380)   Evacuate Collection Set: 151.81ms
[7481.962s][info][gc,phases      ] GC(1380)   Post Evacuate Collection Set: 1.07ms
[7481.962s][info][gc,phases      ] GC(1380)   Other: 0.06ms
[7481.962s][info][gc,heap        ] GC(1380) Eden regions: 571->0(569)
[7481.962s][info][gc,heap        ] GC(1380) Survivor regions: 43->45(77)
[7481.962s][info][gc,heap        ] GC(1380) Old regions: 237->245
[7481.962s][info][gc,heap        ] GC(1380) Humongous regions: 33->33
[7481.962s][info][gc,metaspace   ] GC(1380) Metaspace: 35837K(38144K)->35837K(38144K) NonClass: 26765K(27072K)->26765K(27072K) Class: 9071K(11072K)->9071K(11072K)
[7481.962s][info][gc             ] GC(1380) Pause Young (Normal) (G1 Evacuation Pause) 7044M->2549M(8192M) 153.829ms
[7481.962s][info][gc,cpu         ] GC(1380) User=1.21s Sys=0.00s Real=0.15s
...[7484.798s][info][gc,start       ] GC(1381) Pause Young (Normal) (G1 Evacuation Pause)
[7484.798s][info][gc,task        ] GC(1381) Using 8 workers of 8 for evacuation
[7484.953s][info][gc,phases      ] GC(1381)   Pre Evacuate Collection Set: 0.27ms
[7484.953s][info][gc,phases      ] GC(1381)   Merge Heap Roots: 0.53ms
[7484.953s][info][gc,phases      ] GC(1381)   Evacuate Collection Set: 153.37ms
[7484.953s][info][gc,phases      ] GC(1381)   Post Evacuate Collection Set: 1.06ms
[7484.953s][info][gc,phases      ] GC(1381)   Other: 0.06ms
[7484.953s][info][gc,heap        ] GC(1381) Eden regions: 569->0(569)
[7484.953s][info][gc,heap        ] GC(1381) Survivor regions: 45->45(77)
[7484.953s][info][gc,heap        ] GC(1381) Old regions: 245->251
[7484.953s][info][gc,heap        ] GC(1381) Humongous regions: 33->33
[7484.953s][info][gc,metaspace   ] GC(1381) Metaspace: 35837K(38144K)->35837K(38144K) NonClass: 26765K(27072K)->26765K(27072K) Class: 9071K(11072K)->9071K(11072K)
[7484.953s][info][gc             ] GC(1381) Pause Young (Normal) (G1 Evacuation Pause) 7101M->2604M(8192M) 155.401ms
[7484.953s][info][gc,cpu         ] GC(1381) User=1.23s Sys=0.00s Real=0.15s
...[7487.871s][info][gc,start       ] GC(1382) Pause Young (Normal) (G1 Evacuation Pause)
[7487.871s][info][gc,task        ] GC(1382) Using 8 workers of 8 for evacuation
[7488.029s][info][gc,phases      ] GC(1382)   Pre Evacuate Collection Set: 0.22ms
[7488.029s][info][gc,phases      ] GC(1382)   Merge Heap Roots: 0.52ms
[7488.029s][info][gc,phases      ] GC(1382)   Evacuate Collection Set: 155.48ms
[7488.029s][info][gc,phases      ] GC(1382)   Post Evacuate Collection Set: 1.02ms
[7488.029s][info][gc,phases      ] GC(1382)   Other: 0.06ms
[7488.029s][info][gc,heap        ] GC(1382) Eden regions: 569->0(569)
[7488.029s][info][gc,heap        ] GC(1382) Survivor regions: 45->45(77)
[7488.029s][info][gc,heap        ] GC(1382) Old regions: 251->259
[7488.029s][info][gc,heap        ] GC(1382) Humongous regions: 33->33
[7488.029s][info][gc,metaspace   ] GC(1382) Metaspace: 35837K(38144K)->35837K(38144K) NonClass: 26765K(27072K)->26765K(27072K) Class: 9071K(11072K)->9071K(11072K)
[7488.029s][info][gc             ] GC(1382) Pause Young (Normal) (G1 Evacuation Pause) 7156M->2662M(8192M) 157.433ms
[7488.029s][info][gc,cpu         ] GC(1382) User=1.25s Sys=0.00s Real=0.16s
...[7490.982s][info][gc,start       ] GC(1383) Pause Young (Normal) (G1 Evacuation Pause)
[7490.982s][info][gc,task        ] GC(1383) Using 8 workers of 8 for evacuation
[7491.128s][info][gc,phases      ] GC(1383)   Pre Evacuate Collection Set: 0.24ms
[7491.128s][info][gc,phases      ] GC(1383)   Merge Heap Roots: 0.53ms
[7491.128s][info][gc,phases      ] GC(1383)   Evacuate Collection Set: 144.26ms
[7491.128s][info][gc,phases      ] GC(1383)   Post Evacuate Collection Set: 1.04ms
[7491.128s][info][gc,phases      ] GC(1383)   Other: 0.06ms
[7491.128s][info][gc,heap        ] GC(1383) Eden regions: 569->0(571)
[7491.128s][info][gc,heap        ] GC(1383) Survivor regions: 45->43(77)
[7491.128s][info][gc,heap        ] GC(1383) Old regions: 259->266
[7491.128s][info][gc,heap        ] GC(1383) Humongous regions: 33->33
[7491.128s][info][gc,metaspace   ] GC(1383) Metaspace: 35837K(38144K)->35837K(38144K) NonClass: 26765K(27072K)->26765K(27072K) Class: 9071K(11072K)->9071K(11072K)
[7491.128s][info][gc             ] GC(1383) Pause Young (Normal) (G1 Evacuation Pause) 7214M->2704M(8192M) 146.256ms
[7491.128s][info][gc,cpu         ] GC(1383) User=1.15s Sys=0.00s Real=0.15s
...[7494.009s][info][gc,start       ] GC(1384) Pause Young (Normal) (G1 Evacuation Pause)
[7494.009s][info][gc,task        ] GC(1384) Using 8 workers of 8 for evacuation
[7494.162s][info][gc,phases      ] GC(1384)   Pre Evacuate Collection Set: 0.24ms
[7494.163s][info][gc,phases      ] GC(1384)   Merge Heap Roots: 0.60ms
[7494.163s][info][gc,phases      ] GC(1384)   Evacuate Collection Set: 151.77ms
[7494.163s][info][gc,phases      ] GC(1384)   Post Evacuate Collection Set: 1.05ms
[7494.163s][info][gc,phases      ] GC(1384)   Other: 0.06ms
[7494.163s][info][gc,heap        ] GC(1384) Eden regions: 571->0(570)
[7494.163s][info][gc,heap        ] GC(1384) Survivor regions: 43->44(77)
[7494.163s][info][gc,heap        ] GC(1384) Old regions: 266->273
[7494.163s][info][gc,heap        ] GC(1384) Humongous regions: 33->33
[7494.163s][info][gc,metaspace   ] GC(1384) Metaspace: 35837K(38144K)->35837K(38144K) NonClass: 26765K(27072K)->26765K(27072K) Class: 9071K(11072K)->9071K(11072K)
[7494.163s][info][gc             ] GC(1384) Pause Young (Normal) (G1 Evacuation Pause) 7272M->2772M(8192M) 153.855ms
[7494.163s][info][gc,cpu         ] GC(1384) User=1.22s Sys=0.00s Real=0.15s
...[7497.097s][info][gc,start       ] GC(1385) Pause Young (Normal) (G1 Evacuation Pause)
[7497.097s][info][gc,task        ] GC(1385) Using 8 workers of 8 for evacuation
[7497.243s][info][gc,phases      ] GC(1385)   Pre Evacuate Collection Set: 0.23ms
[7497.243s][info][gc,phases      ] GC(1385)   Merge Heap Roots: 0.53ms
[7497.243s][info][gc,phases      ] GC(1385)   Evacuate Collection Set: 144.27ms
[7497.243s][info][gc,phases      ] GC(1385)   Post Evacuate Collection Set: 1.05ms
[7497.243s][info][gc,phases      ] GC(1385)   Other: 0.06ms
[7497.243s][info][gc,heap        ] GC(1385) Eden regions: 570->0(571)
[7497.243s][info][gc,heap        ] GC(1385) Survivor regions: 44->43(77)
[7497.243s][info][gc,heap        ] GC(1385) Old regions: 273->280
[7497.243s][info][gc,heap        ] GC(1385) Humongous regions: 33->33
[7497.243s][info][gc,metaspace   ] GC(1385) Metaspace: 35837K(38144K)->35837K(38144K) NonClass: 26765K(27072K)->26765K(27072K) Class: 9071K(11072K)->9071K(11072K)
[7497.243s][info][gc             ] GC(1385) Pause Young (Normal) (G1 Evacuation Pause) 7332M->2816M(8192M) 146.263ms
[7497.243s][info][gc,cpu         ] GC(1385) User=1.16s Sys=0.00s Real=0.15s
...[7500.157s][info][gc,start       ] GC(1386) Pause Young (Normal) (G1 Evacuation Pause)
[7500.157s][info][gc,task        ] GC(1386) Using 8 workers of 8 for evacuation
[7500.304s][info][gc,phases      ] GC(1386)   Pre Evacuate Collection Set: 0.23ms
[7500.304s][info][gc,phases      ] GC(1386)   Merge Heap Roots: 0.52ms
[7500.304s][info][gc,phases      ] GC(1386)   Evacuate Collection Set: 145.35ms
[7500.304s][info][gc,phases      ] GC(1386)   Post Evacuate Collection Set: 1.02ms
[7500.304s][info][gc,phases      ] GC(1386)   Other: 0.06ms
[7500.304s][info][gc,heap        ] GC(1386) Eden regions: 571->0(566)
[7500.304s][info][gc,heap        ] GC(1386) Survivor regions: 43->43(77)
[7500.304s][info][gc,heap        ] GC(1386) Old regions: 280->287
[7500.304s][info][gc,heap        ] GC(1386) Humongous regions: 33->33
[7500.304s][info][gc,metaspace   ] GC(1386) Metaspace: 35837K(38144K)->35837K(38144K) NonClass: 26765K(27072K)->26765K(27072K) Class: 9071K(11072K)->9071K(11072K)
[7500.304s][info][gc             ] GC(1386) Pause Young (Normal) (G1 Evacuation Pause) 7384M->2871M(8192M) 147.309ms
[7500.304s][info][gc,cpu         ] GC(1386) User=1.17s Sys=0.00s Real=0.14s
...[7503.254s][info][gc,start       ] GC(1387) Pause Young (Normal) (G1 Evacuation Pause)
[7503.254s][info][gc,task        ] GC(1387) Using 8 workers of 8 for evacuation
[7503.405s][info][gc,phases      ] GC(1387)   Pre Evacuate Collection Set: 0.22ms
[7503.405s][info][gc,phases      ] GC(1387)   Merge Heap Roots: 0.55ms
[7503.405s][info][gc,phases      ] GC(1387)   Evacuate Collection Set: 148.75ms
[7503.405s][info][gc,phases      ] GC(1387)   Post Evacuate Collection Set: 1.02ms
[7503.405s][info][gc,phases      ] GC(1387)   Other: 0.08ms
[7503.405s][info][gc,heap        ] GC(1387) Eden regions: 566->0(558)
[7503.405s][info][gc,heap        ] GC(1387) Survivor regions: 43->43(77)
[7503.405s][info][gc,heap        ] GC(1387) Old regions: 287->295
[7503.405s][info][gc,heap        ] GC(1387) Humongous regions: 33->33
[7503.405s][info][gc,metaspace   ] GC(1387) Metaspace: 35837K(38144K)->35837K(38144K) NonClass: 26765K(27072K)->26765K(27072K) Class: 9071K(11072K)->9071K(11072K)
[7503.405s][info][gc             ] GC(1387) Pause Young (Normal) (G1 Evacuation Pause) 7399M->2933M(8192M) 150.773ms
[7503.405s][info][gc,cpu         ] GC(1387) User=1.20s Sys=0.01s Real=0.15s
...[7506.251s][info][gc,start       ] GC(1388) Pause Young (Normal) (G1 Evacuation Pause)
[7506.251s][info][gc,task        ] GC(1388) Using 8 workers of 8 for evacuation
[7506.397s][info][gc,phases      ] GC(1388)   Pre Evacuate Collection Set: 0.23ms
[7506.397s][info][gc,phases      ] GC(1388)   Merge Heap Roots: 0.51ms
[7506.397s][info][gc,phases      ] GC(1388)   Evacuate Collection Set: 144.26ms
[7506.397s][info][gc,phases      ] GC(1388)   Post Evacuate Collection Set: 1.02ms
[7506.397s][info][gc,phases      ] GC(1388)   Other: 0.07ms
[7506.397s][info][gc,heap        ] GC(1388) Eden regions: 558->0(551)
[7506.397s][info][gc,heap        ] GC(1388) Survivor regions: 43->43(76)
[7506.397s][info][gc,heap        ] GC(1388) Old regions: 295->302
[7506.397s][info][gc,heap        ] GC(1388) Humongous regions: 33->33
[7506.397s][info][gc,metaspace   ] GC(1388) Metaspace: 35837K(38144K)->35837K(38144K) NonClass: 26765K(27072K)->26765K(27072K) Class: 9071K(11072K)->9071K(11072K)
[7506.397s][info][gc             ] GC(1388) Pause Young (Normal) (G1 Evacuation Pause) 7397M->2989M(8192M) 146.214ms
[7506.397s][info][gc,cpu         ] GC(1388) User=1.16s Sys=0.00s Real=0.15s
...[7509.307s][info][gc,start       ] GC(1389) Pause Young (Concurrent Start) (G1 Evacuation Pause)
[7509.308s][info][gc,task        ] GC(1389) Using 8 workers of 8 for evacuation
[7509.456s][info][gc,phases      ] GC(1389)   Pre Evacuate Collection Set: 0.30ms
[7509.456s][info][gc,phases      ] GC(1389)   Merge Heap Roots: 0.62ms
[7509.456s][info][gc,phases      ] GC(1389)   Evacuate Collection Set: 146.47ms
[7509.456s][info][gc,phases      ] GC(1389)   Post Evacuate Collection Set: 1.04ms
[7509.456s][info][gc,phases      ] GC(1389)   Other: 0.08ms
[7509.456s][info][gc,heap        ] GC(1389) Eden regions: 551->0(542)
[7509.456s][info][gc,heap        ] GC(1389) Survivor regions: 43->44(75)
[7509.456s][info][gc,heap        ] GC(1389) Old regions: 302->309
[7509.456s][info][gc,heap        ] GC(1389) Humongous regions: 33->33
[7509.456s][info][gc,metaspace   ] GC(1389) Metaspace: 35837K(38144K)->35837K(38144K) NonClass: 26765K(27072K)->26765K(27072K) Class: 9071K(11072K)->9071K(11072K)
[7509.456s][info][gc             ] GC(1389) Pause Young (Concurrent Start) (G1 Evacuation Pause) 7397M->3053M(8192M) 148.648ms
[7509.456s][info][gc             ] GC(1390) Concurrent Mark Cycle
[7509.456s][info][gc,marking     ] GC(1390) Concurrent Scan Root Regions
[7509.456s][info][gc,cpu         ] GC(1389) User=1.17s Sys=0.00s Real=0.14s
.[7509.861s][info][gc,marking     ] GC(1390) Concurrent Scan Root Regions 404.982ms
[7509.861s][info][gc,marking     ] GC(1390) Concurrent Mark
[7509.861s][info][gc,marking     ] GC(1390) Concurrent Mark From Roots
[7509.861s][info][gc,task        ] GC(1390) Using 2 workers of 2 for marking
.[7511.012s][info][gc,marking     ] GC(1390) Concurrent Mark From Roots 1150.712ms
[7511.012s][info][gc,marking     ] GC(1390) Concurrent Preclean
[7511.012s][info][gc,marking     ] GC(1390) Concurrent Preclean 0.071ms
[7511.012s][info][gc,start       ] GC(1390) Pause Remark
[7511.015s][info][gc             ] GC(1390) Pause Remark 4869M->4317M(8192M) 2.376ms
[7511.015s][info][gc,cpu         ] GC(1390) User=0.02s Sys=0.00s Real=0.00s
[7511.015s][info][gc,marking     ] GC(1390) Concurrent Mark 1153.460ms
[7511.015s][info][gc,marking     ] GC(1390) Concurrent Rebuild Remembered Sets and Scrub Regions
.[7511.815s][info][gc,marking     ] GC(1390) Concurrent Rebuild Remembered Sets and Scrub Regions 800.320ms
[7511.815s][info][gc,start       ] GC(1390) Pause Cleanup
[7511.815s][info][gc             ] GC(1390) Pause Cleanup 5381M->5381M(8192M) 0.262ms
[7511.815s][info][gc,cpu         ] GC(1390) User=0.00s Sys=0.00s Real=0.00s
[7511.816s][info][gc,marking     ] GC(1390) Concurrent Clear Claimed Marks
[7511.816s][info][gc,marking     ] GC(1390) Concurrent Clear Claimed Marks 0.045ms
[7511.816s][info][gc,marking     ] GC(1390) Concurrent Cleanup for Next Mark
[7511.836s][info][gc,marking     ] GC(1390) Concurrent Cleanup for Next Mark 20.723ms
[7511.836s][info][gc             ] GC(1390) Concurrent Mark Cycle 2380.194ms
.[7512.771s][info][gc,start       ] GC(1391) Pause Young (Prepare Mixed) (G1 Evacuation Pause)
[7512.771s][info][gc,task        ] GC(1391) Using 8 workers of 8 for evacuation
[7512.928s][info][gc,phases      ] GC(1391)   Pre Evacuate Collection Set: 0.24ms
[7512.928s][info][gc,phases      ] GC(1391)   Merge Heap Roots: 0.75ms
[7512.928s][info][gc,phases      ] GC(1391)   Evacuate Collection Set: 154.33ms
[7512.928s][info][gc,phases      ] GC(1391)   Post Evacuate Collection Set: 1.13ms
[7512.928s][info][gc,phases      ] GC(1391)   Other: 0.06ms
[7512.928s][info][gc,heap        ] GC(1391) Eden regions: 542->0(569)
[7512.928s][info][gc,heap        ] GC(1391) Survivor regions: 44->45(74)
[7512.928s][info][gc,heap        ] GC(1391) Old regions: 240->248
[7512.928s][info][gc,heap        ] GC(1391) Humongous regions: 33->33
[7512.928s][info][gc,metaspace   ] GC(1391) Metaspace: 35837K(38144K)->35837K(38144K) NonClass: 26765K(27072K)->26765K(27072K) Class: 9071K(11072K)->9071K(11072K)
[7512.928s][info][gc             ] GC(1391) Pause Young (Prepare Mixed) (G1 Evacuation Pause) 6837M->2569M(8192M) 156.646ms
[7512.928s][info][gc,cpu         ] GC(1391) User=1.24s Sys=0.00s Real=0.16s
...[7515.704s][info][gc,start       ] GC(1392) Pause Young (Mixed) (G1 Evacuation Pause)
[7515.704s][info][gc,task        ] GC(1392) Using 8 workers of 8 for evacuation
[7515.863s][info][gc,phases      ] GC(1392)   Pre Evacuate Collection Set: 0.25ms
[7515.863s][info][gc,phases      ] GC(1392)   Merge Heap Roots: 0.85ms
[7515.863s][info][gc,phases      ] GC(1392)   Evacuate Collection Set: 155.89ms
[7515.863s][info][gc,phases      ] GC(1392)   Post Evacuate Collection Set: 1.27ms
[7515.863s][info][gc,phases      ] GC(1392)   Other: 0.07ms
[7515.863s][info][gc,heap        ] GC(1392) Eden regions: 569->0(571)
[7515.863s][info][gc,heap        ] GC(1392) Survivor regions: 45->43(77)
[7515.863s][info][gc,heap        ] GC(1392) Old regions: 248->153
[7515.863s][info][gc,heap        ] GC(1392) Humongous regions: 33->33
[7515.863s][info][gc,metaspace   ] GC(1392) Metaspace: 35837K(38144K)->35837K(38144K) NonClass: 26765K(27072K)->26765K(27072K) Class: 9071K(11072K)->9071K(11072K)
[7515.863s][info][gc             ] GC(1392) Pause Young (Mixed) (G1 Evacuation Pause) 7121M->1796M(8192M) 158.478ms
[7515.863s][info][gc,cpu         ] GC(1392) User=1.26s Sys=0.00s Real=0.16s
...[7518.668s][info][gc,start       ] GC(1393) Pause Young (Mixed) (G1 Evacuation Pause)
[7518.668s][info][gc,task        ] GC(1393) Using 8 workers of 8 for evacuation
[7518.826s][info][gc,phases      ] GC(1393)   Pre Evacuate Collection Set: 0.22ms
[7518.826s][info][gc,phases      ] GC(1393)   Merge Heap Roots: 0.70ms
[7518.826s][info][gc,phases      ] GC(1393)   Evacuate Collection Set: 156.39ms
[7518.826s][info][gc,phases      ] GC(1393)   Post Evacuate Collection Set: 1.08ms
[7518.826s][info][gc,phases      ] GC(1393)   Other: 0.07ms
[7518.826s][info][gc,heap        ] GC(1393) Eden regions: 571->0(569)
[7518.826s][info][gc,heap        ] GC(1393) Survivor regions: 43->45(77)
[7518.826s][info][gc,heap        ] GC(1393) Old regions: 153->143
[7518.826s][info][gc,heap        ] GC(1393) Humongous regions: 33->33
[7518.826s][info][gc,metaspace   ] GC(1393) Metaspace: 35837K(38144K)->35837K(38144K) NonClass: 26765K(27072K)->26765K(27072K) Class: 9071K(11072K)->9071K(11072K)
[7518.826s][info][gc             ] GC(1393) Pause Young (Mixed) (G1 Evacuation Pause) 6364M->1732M(8192M) 158.582ms
[7518.826s][info][gc,cpu         ] GC(1393) User=1.26s Sys=0.00s Real=0.15s
...[7521.637s][info][gc,start       ] GC(1394) Pause Young (Normal) (G1 Evacuation Pause)
[7521.637s][info][gc,task        ] GC(1394) Using 8 workers of 8 for evacuation
[7521.794s][info][gc,phases      ] GC(1394)   Pre Evacuate Collection Set: 0.21ms
[7521.794s][info][gc,phases      ] GC(1394)   Merge Heap Roots: 0.52ms
[7521.794s][info][gc,phases      ] GC(1394)   Evacuate Collection Set: 155.00ms
[7521.794s][info][gc,phases      ] GC(1394)   Post Evacuate Collection Set: 1.01ms
[7521.794s][info][gc,phases      ] GC(1394)   Other: 0.06ms
[7521.794s][info][gc,heap        ] GC(1394) Eden regions: 569->0(569)
[7521.794s][info][gc,heap        ] GC(1394) Survivor regions: 45->45(77)
[7521.794s][info][gc,heap        ] GC(1394) Old regions: 143->150
[7521.794s][info][gc,heap        ] GC(1394) Humongous regions: 33->33
[7521.794s][info][gc,metaspace   ] GC(1394) Metaspace: 35837K(38144K)->35837K(38144K) NonClass: 26765K(27072K)->26765K(27072K) Class: 9071K(11072K)->9071K(11072K)
[7521.794s][info][gc             ] GC(1394) Pause Young (Normal) (G1 Evacuation Pause) 6284M->1795M(8192M) 156.923ms
[7521.794s][info][gc,cpu         ] GC(1394) User=1.24s Sys=0.00s Real=0.15s
...[7524.693s][info][gc,start       ] GC(1395) Pause Young (Normal) (G1 Evacuation Pause)
[7524.693s][info][gc,task        ] GC(1395) Using 8 workers of 8 for evacuation
[7524.844s][info][gc,phases      ] GC(1395)   Pre Evacuate Collection Set: 0.27ms
[7524.844s][info][gc,phases      ] GC(1395)   Merge Heap Roots: 0.53ms
[7524.844s][info][gc,phases      ] GC(1395)   Evacuate Collection Set: 148.89ms
[7524.844s][info][gc,phases      ] GC(1395)   Post Evacuate Collection Set: 1.03ms
[7524.844s][info][gc,phases      ] GC(1395)   Other: 0.07ms
[7524.844s][info][gc,heap        ] GC(1395) Eden regions: 569->0(570)
[7524.844s][info][gc,heap        ] GC(1395) Survivor regions: 45->44(77)
[7524.844s][info][gc,heap        ] GC(1395) Old regions: 150->158
[7524.844s][info][gc,heap        ] GC(1395) Humongous regions: 33->33
[7524.844s][info][gc,metaspace   ] GC(1395) Metaspace: 35837K(38144K)->35837K(38144K) NonClass: 26765K(27072K)->26765K(27072K) Class: 9071K(11072K)->9071K(11072K)
[7524.844s][info][gc             ] GC(1395) Pause Young (Normal) (G1 Evacuation Pause) 6347M->1841M(8192M) 150.915ms
[7524.844s][info][gc,cpu         ] GC(1395) User=1.19s Sys=0.00s Real=0.15s
. (rIR:aIR:PR = 12453:12437:12425) (tPR = 185655) [OK] 
  7525s: Performance info:
         Transaction,    Success,    Partial,     Failed,   Receipts, AvgBarcode, 
             Overall,     746954,          0,          0,     709818,      59.47, 
         Response times:
             Request,    Success,    Partial,     Failed,   SkipFail,     Probes,    Samples,      min,      p50,      p90,      p95,      p99,      max, 
       TotalPurchase,     710646,          0,          0,          0,     338719,     416947,      300,    29000,   189000,   276000,   454000,  4900000,
     InStorePurchase,     372788,          0,          0,          0,     177330,     218743,      400,    29000,   189000,   274000,   439000,  4900000,
      OnlinePurchase,     263793,          0,          0,          0,     125153,     154070,      300,    29000,   189000,   276000,   464000,  4900000,
        InstPurchase,      74065,          0,          0,          0,      36236,      44134,      500,    29000,   192000,   285000,   464650,  4900000,
          AssocOfCat,        751,          0,          0,          0,        601,        804,    38000,    85500,   225500,   318000,   435350,   577000,
      AssocOfProduct,       7320,          0,          0,          0,       3388,       4395,     1000,    31000,   179000,   274000,   425080,   830000,
      BusinessReport,       1873,          0,          0,          0,       1636,       2145,    38000,    96000,   251000,   339000,   494860,  1200000,
          CustBuyBeh,       7383,          0,          0,          0,       3417,       4376,      700,    28000,   187000,   275000,   463460,  1200000,
       ProductReturn,      19733,          0,          0,          0,       9327,      11702,      400,    27000,   188000,   273000,   479910,  1800000,

  7525s: (91%)   IR =  12592 ..[7527.845s][info][gc,start       ] GC(1396) Pause Young (Normal) (G1 Evacuation Pause)
[7527.845s][info][gc,task        ] GC(1396) Using 8 workers of 8 for evacuation
[7527.998s][info][gc,phases      ] GC(1396)   Pre Evacuate Collection Set: 0.22ms
[7527.998s][info][gc,phases      ] GC(1396)   Merge Heap Roots: 0.52ms
[7527.998s][info][gc,phases      ] GC(1396)   Evacuate Collection Set: 150.63ms
[7527.998s][info][gc,phases      ] GC(1396)   Post Evacuate Collection Set: 1.08ms
[7527.998s][info][gc,phases      ] GC(1396)   Other: 0.06ms
[7527.998s][info][gc,heap        ] GC(1396) Eden regions: 570->0(570)
[7527.998s][info][gc,heap        ] GC(1396) Survivor regions: 44->44(77)
[7527.998s][info][gc,heap        ] GC(1396) Old regions: 158->165
[7527.998s][info][gc,heap        ] GC(1396) Humongous regions: 33->33
[7527.998s][info][gc,metaspace   ] GC(1396) Metaspace: 35837K(38144K)->35837K(38144K) NonClass: 26765K(27072K)->26765K(27072K) Class: 9071K(11072K)->9071K(11072K)
[7527.998s][info][gc             ] GC(1396) Pause Young (Normal) (G1 Evacuation Pause) 6401M->1898M(8192M) 152.635ms
[7527.998s][info][gc,cpu         ] GC(1396) User=1.21s Sys=0.00s Real=0.16s
...[7530.919s][info][gc,start       ] GC(1397) Pause Young (Normal) (G1 Evacuation Pause)
[7530.920s][info][gc,task        ] GC(1397) Using 8 workers of 8 for evacuation
[7531.079s][info][gc,phases      ] GC(1397)   Pre Evacuate Collection Set: 0.22ms
[7531.079s][info][gc,phases      ] GC(1397)   Merge Heap Roots: 0.52ms
[7531.079s][info][gc,phases      ] GC(1397)   Evacuate Collection Set: 157.77ms
[7531.079s][info][gc,phases      ] GC(1397)   Post Evacuate Collection Set: 1.03ms
[7531.079s][info][gc,phases      ] GC(1397)   Other: 0.06ms
[7531.079s][info][gc,heap        ] GC(1397) Eden regions: 570->0(568)
[7531.079s][info][gc,heap        ] GC(1397) Survivor regions: 44->46(77)
[7531.079s][info][gc,heap        ] GC(1397) Old regions: 165->172
[7531.079s][info][gc,heap        ] GC(1397) Humongous regions: 33->33
[7531.079s][info][gc,metaspace   ] GC(1397) Metaspace: 35837K(38144K)->35837K(38144K) NonClass: 26765K(27072K)->26765K(27072K) Class: 9071K(11072K)->9071K(11072K)
[7531.079s][info][gc             ] GC(1397) Pause Young (Normal) (G1 Evacuation Pause) 6458M->1977M(8192M) 159.737ms
[7531.079s][info][gc,cpu         ] GC(1397) User=1.26s Sys=0.00s Real=0.16s
...[7533.906s][info][gc,start       ] GC(1398) Pause Young (Normal) (G1 Evacuation Pause)
[7533.906s][info][gc,task        ] GC(1398) Using 8 workers of 8 for evacuation
[7534.054s][info][gc,phases      ] GC(1398)   Pre Evacuate Collection Set: 0.22ms
[7534.054s][info][gc,phases      ] GC(1398)   Merge Heap Roots: 0.52ms
[7534.054s][info][gc,phases      ] GC(1398)   Evacuate Collection Set: 146.61ms
[7534.054s][info][gc,phases      ] GC(1398)   Post Evacuate Collection Set: 1.05ms
[7534.054s][info][gc,phases      ] GC(1398)   Other: 0.06ms
[7534.054s][info][gc,heap        ] GC(1398) Eden regions: 568->0(571)
[7534.054s][info][gc,heap        ] GC(1398) Survivor regions: 46->43(77)
[7534.054s][info][gc,heap        ] GC(1398) Old regions: 172->179
[7534.054s][info][gc,heap        ] GC(1398) Humongous regions: 33->33
[7534.054s][info][gc,metaspace   ] GC(1398) Metaspace: 35837K(38144K)->35837K(38144K) NonClass: 26765K(27072K)->26765K(27072K) Class: 9071K(11072K)->9071K(11072K)
[7534.054s][info][gc             ] GC(1398) Pause Young (Normal) (G1 Evacuation Pause) 6521M->2010M(8192M) 148.614ms
[7534.054s][info][gc,cpu         ] GC(1398) User=1.18s Sys=0.00s Real=0.15s
...[7536.857s][info][gc,start       ] GC(1399) Pause Young (Normal) (G1 Evacuation Pause)
[7536.857s][info][gc,task        ] GC(1399) Using 8 workers of 8 for evacuation
[7537.008s][info][gc,phases      ] GC(1399)   Pre Evacuate Collection Set: 0.23ms
[7537.008s][info][gc,phases      ] GC(1399)   Merge Heap Roots: 0.51ms
[7537.008s][info][gc,phases      ] GC(1399)   Evacuate Collection Set: 149.47ms
[7537.008s][info][gc,phases      ] GC(1399)   Post Evacuate Collection Set: 1.04ms
[7537.008s][info][gc,phases      ] GC(1399)   Other: 0.06ms
[7537.008s][info][gc,heap        ] GC(1399) Eden regions: 571->0(569)
[7537.008s][info][gc,heap        ] GC(1399) Survivor regions: 43->45(77)
[7537.008s][info][gc,heap        ] GC(1399) Old regions: 179->186
[7537.008s][info][gc,heap        ] GC(1399) Humongous regions: 33->33
[7537.008s][info][gc,metaspace   ] GC(1399) Metaspace: 35837K(38144K)->35837K(38144K) NonClass: 26765K(27072K)->26765K(27072K) Class: 9071K(11072K)->9071K(11072K)
[7537.008s][info][gc             ] GC(1399) Pause Young (Normal) (G1 Evacuation Pause) 6578M->2080M(8192M) 151.433ms
[7537.008s][info][gc,cpu         ] GC(1399) User=1.20s Sys=0.00s Real=0.16s
...[7539.896s][info][gc,start       ] GC(1400) Pause Young (Normal) (G1 Evacuation Pause)
[7539.896s][info][gc,task        ] GC(1400) Using 8 workers of 8 for evacuation
[7540.053s][info][gc,phases      ] GC(1400)   Pre Evacuate Collection Set: 0.25ms
[7540.053s][info][gc,phases      ] GC(1400)   Merge Heap Roots: 0.57ms
[7540.053s][info][gc,phases      ] GC(1400)   Evacuate Collection Set: 154.93ms
[7540.053s][info][gc,phases      ] GC(1400)   Post Evacuate Collection Set: 1.04ms
[7540.053s][info][gc,phases      ] GC(1400)   Other: 0.07ms
[7540.053s][info][gc,heap        ] GC(1400) Eden regions: 569->0(568)
[7540.053s][info][gc,heap        ] GC(1400) Survivor regions: 45->46(77)
[7540.053s][info][gc,heap        ] GC(1400) Old regions: 186->194
[7540.053s][info][gc,heap        ] GC(1400) Humongous regions: 33->33
[7540.053s][info][gc,metaspace   ] GC(1400) Metaspace: 35837K(38144K)->35837K(38144K) NonClass: 26765K(27072K)->26765K(27072K) Class: 9071K(11072K)->9071K(11072K)
[7540.053s][info][gc             ] GC(1400) Pause Young (Normal) (G1 Evacuation Pause) 6632M->2150M(8192M) 157.009ms
[7540.053s][info][gc,cpu         ] GC(1400) User=1.24s Sys=0.00s Real=0.16s
...|[7542.950s][info][gc,start       ] GC(1401) Pause Young (Normal) (G1 Evacuation Pause)
[7542.950s][info][gc,task        ] GC(1401) Using 8 workers of 8 for evacuation
[7543.105s][info][gc,phases      ] GC(1401)   Pre Evacuate Collection Set: 0.22ms
[7543.105s][info][gc,phases      ] GC(1401)   Merge Heap Roots: 0.53ms
[7543.105s][info][gc,phases      ] GC(1401)   Evacuate Collection Set: 153.85ms
[7543.105s][info][gc,phases      ] GC(1401)   Post Evacuate Collection Set: 1.03ms
[7543.105s][info][gc,phases      ] GC(1401)   Other: 0.07ms
[7543.105s][info][gc,heap        ] GC(1401) Eden regions: 568->0(569)
[7543.105s][info][gc,heap        ] GC(1401) Survivor regions: 46->45(77)
[7543.105s][info][gc,heap        ] GC(1401) Old regions: 194->201
[7543.105s][info][gc,heap        ] GC(1401) Humongous regions: 33->33
[7543.105s][info][gc,metaspace   ] GC(1401) Metaspace: 35837K(38144K)->35837K(38144K) NonClass: 26765K(27072K)->26765K(27072K) Class: 9071K(11072K)->9071K(11072K)
[7543.105s][info][gc             ] GC(1401) Pause Young (Normal) (G1 Evacuation Pause) 6694M->2202M(8192M) 155.827ms
[7543.106s][info][gc,cpu         ] GC(1401) User=1.23s Sys=0.00s Real=0.15s
...[7545.995s][info][gc,start       ] GC(1402) Pause Young (Normal) (G1 Evacuation Pause)
[7545.995s][info][gc,task        ] GC(1402) Using 8 workers of 8 for evacuation
[7546.151s][info][gc,phases      ] GC(1402)   Pre Evacuate Collection Set: 0.22ms
[7546.151s][info][gc,phases      ] GC(1402)   Merge Heap Roots: 0.53ms
[7546.151s][info][gc,phases      ] GC(1402)   Evacuate Collection Set: 153.76ms
[7546.151s][info][gc,phases      ] GC(1402)   Post Evacuate Collection Set: 1.02ms
[7546.151s][info][gc,phases      ] GC(1402)   Other: 0.06ms
[7546.151s][info][gc,heap        ] GC(1402) Eden regions: 569->0(569)
[7546.151s][info][gc,heap        ] GC(1402) Survivor regions: 45->45(77)
[7546.151s][info][gc,heap        ] GC(1402) Old regions: 201->208
[7546.151s][info][gc,heap        ] GC(1402) Humongous regions: 33->33
[7546.151s][info][gc,metaspace   ] GC(1402) Metaspace: 35837K(38144K)->35837K(38144K) NonClass: 26765K(27072K)->26765K(27072K) Class: 9071K(11072K)->9071K(11072K)
[7546.151s][info][gc             ] GC(1402) Pause Young (Normal) (G1 Evacuation Pause) 6754M->2258M(8192M) 155.713ms
[7546.151s][info][gc,cpu         ] GC(1402) User=1.23s Sys=0.00s Real=0.16s
...[7548.996s][info][gc,start       ] GC(1403) Pause Young (Normal) (G1 Evacuation Pause)
[7548.996s][info][gc,task        ] GC(1403) Using 8 workers of 8 for evacuation
[7549.142s][info][gc,phases      ] GC(1403)   Pre Evacuate Collection Set: 0.26ms
[7549.142s][info][gc,phases      ] GC(1403)   Merge Heap Roots: 0.60ms
[7549.142s][info][gc,phases      ] GC(1403)   Evacuate Collection Set: 144.75ms
[7549.142s][info][gc,phases      ] GC(1403)   Post Evacuate Collection Set: 1.04ms
[7549.142s][info][gc,phases      ] GC(1403)   Other: 0.07ms
[7549.142s][info][gc,heap        ] GC(1403) Eden regions: 569->0(572)
[7549.142s][info][gc,heap        ] GC(1403) Survivor regions: 45->42(77)
[7549.142s][info][gc,heap        ] GC(1403) Old regions: 208->216
[7549.142s][info][gc,heap        ] GC(1403) Humongous regions: 33->33
[7549.142s][info][gc,metaspace   ] GC(1403) Metaspace: 35837K(38144K)->35837K(38144K) NonClass: 26765K(27072K)->26765K(27072K) Class: 9071K(11072K)->9071K(11072K)
[7549.142s][info][gc             ] GC(1403) Pause Young (Normal) (G1 Evacuation Pause) 6810M->2293M(8192M) 146.849ms
[7549.142s][info][gc,cpu         ] GC(1403) User=1.16s Sys=0.00s Real=0.15s
...[7552.042s][info][gc,start       ] GC(1404) Pause Young (Normal) (G1 Evacuation Pause)
[7552.042s][info][gc,task        ] GC(1404) Using 8 workers of 8 for evacuation
[7552.189s][info][gc,phases      ] GC(1404)   Pre Evacuate Collection Set: 0.25ms
[7552.189s][info][gc,phases      ] GC(1404)   Merge Heap Roots: 0.53ms
[7552.189s][info][gc,phases      ] GC(1404)   Evacuate Collection Set: 145.03ms
[7552.189s][info][gc,phases      ] GC(1404)   Post Evacuate Collection Set: 1.04ms
[7552.189s][info][gc,phases      ] GC(1404)   Other: 0.06ms
[7552.189s][info][gc,heap        ] GC(1404) Eden regions: 572->0(572)
[7552.189s][info][gc,heap        ] GC(1404) Survivor regions: 42->42(77)
[7552.189s][info][gc,heap        ] GC(1404) Old regions: 216->223
[7552.189s][info][gc,heap        ] GC(1404) Humongous regions: 33->33
[7552.189s][info][gc,metaspace   ] GC(1404) Metaspace: 35837K(38144K)->35837K(38144K) NonClass: 26765K(27072K)->26765K(27072K) Class: 9071K(11072K)->9071K(11072K)
[7552.189s][info][gc             ] GC(1404) Pause Young (Normal) (G1 Evacuation Pause) 6869M->2349M(8192M) 147.052ms
[7552.189s][info][gc,cpu         ] GC(1404) User=1.16s Sys=0.01s Real=0.15s
...[7555.137s][info][gc,start       ] GC(1405) Pause Young (Normal) (G1 Evacuation Pause)
[7555.137s][info][gc,task        ] GC(1405) Using 8 workers of 8 for evacuation
[7555.286s][info][gc,phases      ] GC(1405)   Pre Evacuate Collection Set: 0.23ms
[7555.286s][info][gc,phases      ] GC(1405)   Merge Heap Roots: 0.51ms
[7555.286s][info][gc,phases      ] GC(1405)   Evacuate Collection Set: 146.60ms
[7555.286s][info][gc,phases      ] GC(1405)   Post Evacuate Collection Set: 1.06ms
[7555.286s][info][gc,phases      ] GC(1405)   Other: 0.07ms
[7555.286s][info][gc,heap        ] GC(1405) Eden regions: 572->0(571)
[7555.286s][info][gc,heap        ] GC(1405) Survivor regions: 42->43(77)
[7555.286s][info][gc,heap        ] GC(1405) Old regions: 223->230
[7555.286s][info][gc,heap        ] GC(1405) Humongous regions: 33->33
[7555.286s][info][gc,metaspace   ] GC(1405) Metaspace: 35837K(38144K)->35837K(38144K) NonClass: 26765K(27072K)->26765K(27072K) Class: 9071K(11072K)->9071K(11072K)
[7555.286s][info][gc             ] GC(1405) Pause Young (Normal) (G1 Evacuation Pause) 6925M->2413M(8192M) 148.600ms
[7555.286s][info][gc,cpu         ] GC(1405) User=1.18s Sys=0.00s Real=0.14s
...[7558.293s][info][gc,start       ] GC(1406) Pause Young (Normal) (G1 Evacuation Pause)
[7558.293s][info][gc,task        ] GC(1406) Using 8 workers of 8 for evacuation
[7558.446s][info][gc,phases      ] GC(1406)   Pre Evacuate Collection Set: 0.22ms
[7558.446s][info][gc,phases      ] GC(1406)   Merge Heap Roots: 0.54ms
[7558.446s][info][gc,phases      ] GC(1406)   Evacuate Collection Set: 151.07ms
[7558.446s][info][gc,phases      ] GC(1406)   Post Evacuate Collection Set: 1.05ms
[7558.446s][info][gc,phases      ] GC(1406)   Other: 0.06ms
[7558.446s][info][gc,heap        ] GC(1406) Eden regions: 571->0(569)
[7558.446s][info][gc,heap        ] GC(1406) Survivor regions: 43->45(77)
[7558.446s][info][gc,heap        ] GC(1406) Old regions: 230->237
[7558.446s][info][gc,heap        ] GC(1406) Humongous regions: 33->33
[7558.446s][info][gc,metaspace   ] GC(1406) Metaspace: 35837K(38144K)->35837K(38144K) NonClass: 26765K(27072K)->26765K(27072K) Class: 9071K(11072K)->9071K(11072K)
[7558.446s][info][gc             ] GC(1406) Pause Young (Normal) (G1 Evacuation Pause) 6981M->2485M(8192M) 153.063ms
[7558.446s][info][gc,cpu         ] GC(1406) User=1.21s Sys=0.00s Real=0.15s
...[7561.457s][info][gc,start       ] GC(1407) Pause Young (Normal) (G1 Evacuation Pause)
[7561.457s][info][gc,task        ] GC(1407) Using 8 workers of 8 for evacuation
[7561.610s][info][gc,phases      ] GC(1407)   Pre Evacuate Collection Set: 0.23ms
[7561.610s][info][gc,phases      ] GC(1407)   Merge Heap Roots: 0.53ms
[7561.610s][info][gc,phases      ] GC(1407)   Evacuate Collection Set: 150.87ms
[7561.610s][info][gc,phases      ] GC(1407)   Post Evacuate Collection Set: 1.04ms
[7561.610s][info][gc,phases      ] GC(1407)   Other: 0.06ms
[7561.610s][info][gc,heap        ] GC(1407) Eden regions: 569->0(569)
[7561.610s][info][gc,heap        ] GC(1407) Survivor regions: 45->45(77)
[7561.610s][info][gc,heap        ] GC(1407) Old regions: 237->244
[7561.610s][info][gc,heap        ] GC(1407) Humongous regions: 33->33
[7561.610s][info][gc,metaspace   ] GC(1407) Metaspace: 35837K(38144K)->35837K(38144K) NonClass: 26765K(27072K)->26765K(27072K) Class: 9071K(11072K)->9071K(11072K)
[7561.610s][info][gc             ] GC(1407) Pause Young (Normal) (G1 Evacuation Pause) 7037M->2541M(8192M) 152.844ms
[7561.610s][info][gc,cpu         ] GC(1407) User=1.22s Sys=0.00s Real=0.16s
...[7564.623s][info][gc,start       ] GC(1408) Pause Young (Normal) (G1 Evacuation Pause)
[7564.623s][info][gc,task        ] GC(1408) Using 8 workers of 8 for evacuation
[7564.773s][info][gc,phases      ] GC(1408)   Pre Evacuate Collection Set: 0.27ms
[7564.773s][info][gc,phases      ] GC(1408)   Merge Heap Roots: 0.53ms
[7564.773s][info][gc,phases      ] GC(1408)   Evacuate Collection Set: 148.23ms
[7564.773s][info][gc,phases      ] GC(1408)   Post Evacuate Collection Set: 1.06ms
[7564.773s][info][gc,phases      ] GC(1408)   Other: 0.07ms
[7564.773s][info][gc,heap        ] GC(1408) Eden regions: 569->0(570)
[7564.773s][info][gc,heap        ] GC(1408) Survivor regions: 45->44(77)
[7564.773s][info][gc,heap        ] GC(1408) Old regions: 244->251
[7564.773s][info][gc,heap        ] GC(1408) Humongous regions: 33->33
[7564.773s][info][gc,metaspace   ] GC(1408) Metaspace: 35837K(38144K)->35837K(38144K) NonClass: 26765K(27072K)->26765K(27072K) Class: 9071K(11072K)->9071K(11072K)
[7564.773s][info][gc             ] GC(1408) Pause Young (Normal) (G1 Evacuation Pause) 7093M->2592M(8192M) 150.294ms
[7564.773s][info][gc,cpu         ] GC(1408) User=1.19s Sys=0.00s Real=0.15s
...[7567.692s][info][gc,start       ] GC(1409) Pause Young (Normal) (G1 Evacuation Pause)
[7567.692s][info][gc,task        ] GC(1409) Using 8 workers of 8 for evacuation
[7567.841s][info][gc,phases      ] GC(1409)   Pre Evacuate Collection Set: 0.28ms
[7567.841s][info][gc,phases      ] GC(1409)   Merge Heap Roots: 0.52ms
[7567.841s][info][gc,phases      ] GC(1409)   Evacuate Collection Set: 147.54ms
[7567.841s][info][gc,phases      ] GC(1409)   Post Evacuate Collection Set: 1.05ms
[7567.841s][info][gc,phases      ] GC(1409)   Other: 0.07ms
[7567.841s][info][gc,heap        ] GC(1409) Eden regions: 570->0(571)
[7567.841s][info][gc,heap        ] GC(1409) Survivor regions: 44->43(77)
[7567.841s][info][gc,heap        ] GC(1409) Old regions: 251->259
[7567.841s][info][gc,heap        ] GC(1409) Humongous regions: 33->33
[7567.841s][info][gc,metaspace   ] GC(1409) Metaspace: 35837K(38144K)->35837K(38144K) NonClass: 26765K(27072K)->26765K(27072K) Class: 9071K(11072K)->9071K(11072K)
[7567.841s][info][gc             ] GC(1409) Pause Young (Normal) (G1 Evacuation Pause) 7152M->2641M(8192M) 149.601ms
[7567.841s][info][gc,cpu         ] GC(1409) User=1.18s Sys=0.00s Real=0.15s
...[7570.808s][info][gc,start       ] GC(1410) Pause Young (Normal) (G1 Evacuation Pause)
[7570.808s][info][gc,task        ] GC(1410) Using 8 workers of 8 for evacuation
[7570.960s][info][gc,phases      ] GC(1410)   Pre Evacuate Collection Set: 0.25ms
[7570.960s][info][gc,phases      ] GC(1410)   Merge Heap Roots: 0.59ms
[7570.960s][info][gc,phases      ] GC(1410)   Evacuate Collection Set: 149.75ms
[7570.960s][info][gc,phases      ] GC(1410)   Post Evacuate Collection Set: 1.03ms
[7570.960s][info][gc,phases      ] GC(1410)   Other: 0.07ms
[7570.960s][info][gc,heap        ] GC(1410) Eden regions: 571->0(569)
[7570.960s][info][gc,heap        ] GC(1410) Survivor regions: 43->45(77)
[7570.960s][info][gc,heap        ] GC(1410) Old regions: 259->266
[7570.960s][info][gc,heap        ] GC(1410) Humongous regions: 33->33
[7570.960s][info][gc,metaspace   ] GC(1410) Metaspace: 35837K(38144K)->35837K(38144K) NonClass: 26765K(27072K)->26765K(27072K) Class: 9071K(11072K)->9071K(11072K)
[7570.960s][info][gc             ] GC(1410) Pause Young (Normal) (G1 Evacuation Pause) 7209M->2714M(8192M) 151.814ms
[7570.960s][info][gc,cpu         ] GC(1410) User=1.20s Sys=0.00s Real=0.15s
...[7573.749s][info][gc,start       ] GC(1411) Pause Young (Normal) (G1 Evacuation Pause)
[7573.749s][info][gc,task        ] GC(1411) Using 8 workers of 8 for evacuation
[7573.902s][info][gc,phases      ] GC(1411)   Pre Evacuate Collection Set: 0.24ms
[7573.902s][info][gc,phases      ] GC(1411)   Merge Heap Roots: 0.52ms
[7573.902s][info][gc,phases      ] GC(1411)   Evacuate Collection Set: 151.47ms
[7573.902s][info][gc,phases      ] GC(1411)   Post Evacuate Collection Set: 1.03ms
[7573.902s][info][gc,phases      ] GC(1411)   Other: 0.07ms
[7573.902s][info][gc,heap        ] GC(1411) Eden regions: 569->0(569)
[7573.902s][info][gc,heap        ] GC(1411) Survivor regions: 45->45(77)
[7573.902s][info][gc,heap        ] GC(1411) Old regions: 266->273
[7573.902s][info][gc,heap        ] GC(1411) Humongous regions: 33->33
[7573.902s][info][gc,metaspace   ] GC(1411) Metaspace: 35837K(38144K)->35837K(38144K) NonClass: 26765K(27072K)->26765K(27072K) Class: 9071K(11072K)->9071K(11072K)
[7573.902s][info][gc             ] GC(1411) Pause Young (Normal) (G1 Evacuation Pause) 7266M->2773M(8192M) 153.455ms
[7573.902s][info][gc,cpu         ] GC(1411) User=1.22s Sys=0.00s Real=0.15s
...[7576.788s][info][gc,start       ] GC(1412) Pause Young (Normal) (G1 Evacuation Pause)
[7576.788s][info][gc,task        ] GC(1412) Using 8 workers of 8 for evacuation
[7576.944s][info][gc,phases      ] GC(1412)   Pre Evacuate Collection Set: 0.25ms
[7576.944s][info][gc,phases      ] GC(1412)   Merge Heap Roots: 0.53ms
[7576.944s][info][gc,phases      ] GC(1412)   Evacuate Collection Set: 154.20ms
[7576.944s][info][gc,phases      ] GC(1412)   Post Evacuate Collection Set: 1.03ms
[7576.944s][info][gc,phases      ] GC(1412)   Other: 0.06ms
[7576.944s][info][gc,heap        ] GC(1412) Eden regions: 569->0(569)
[7576.944s][info][gc,heap        ] GC(1412) Survivor regions: 45->45(77)
[7576.944s][info][gc,heap        ] GC(1412) Old regions: 273->280
[7576.944s][info][gc,heap        ] GC(1412) Humongous regions: 33->33
[7576.944s][info][gc,metaspace   ] GC(1412) Metaspace: 35837K(38144K)->35837K(38144K) NonClass: 26765K(27072K)->26765K(27072K) Class: 9071K(11072K)->9071K(11072K)
[7576.944s][info][gc             ] GC(1412) Pause Young (Normal) (G1 Evacuation Pause) 7325M->2836M(8192M) 156.203ms
[7576.944s][info][gc,cpu         ] GC(1412) User=1.24s Sys=0.00s Real=0.15s
...[7579.786s][info][gc,start       ] GC(1413) Pause Young (Normal) (G1 Evacuation Pause)
[7579.786s][info][gc,task        ] GC(1413) Using 8 workers of 8 for evacuation
[7579.941s][info][gc,phases      ] GC(1413)   Pre Evacuate Collection Set: 0.23ms
[7579.941s][info][gc,phases      ] GC(1413)   Merge Heap Roots: 0.52ms
[7579.941s][info][gc,phases      ] GC(1413)   Evacuate Collection Set: 152.63ms
[7579.941s][info][gc,phases      ] GC(1413)   Post Evacuate Collection Set: 1.04ms
[7579.941s][info][gc,phases      ] GC(1413)   Other: 0.06ms
[7579.941s][info][gc,heap        ] GC(1413) Eden regions: 569->0(561)
[7579.941s][info][gc,heap        ] GC(1413) Survivor regions: 45->45(77)
[7579.941s][info][gc,heap        ] GC(1413) Old regions: 280->288
[7579.941s][info][gc,heap        ] GC(1413) Humongous regions: 33->33
[7579.941s][info][gc,metaspace   ] GC(1413) Metaspace: 35837K(38144K)->35837K(38144K) NonClass: 26765K(27072K)->26765K(27072K) Class: 9071K(11072K)->9071K(11072K)
[7579.941s][info][gc             ] GC(1413) Pause Young (Normal) (G1 Evacuation Pause) 7388M->2893M(8192M) 154.606ms
[7579.941s][info][gc,cpu         ] GC(1413) User=1.22s Sys=0.00s Real=0.16s
...[7582.910s][info][gc,start       ] GC(1414) Pause Young (Normal) (G1 Evacuation Pause)
[7582.910s][info][gc,task        ] GC(1414) Using 8 workers of 8 for evacuation
[7583.063s][info][gc,phases      ] GC(1414)   Pre Evacuate Collection Set: 0.23ms
[7583.063s][info][gc,phases      ] GC(1414)   Merge Heap Roots: 0.53ms
[7583.063s][info][gc,phases      ] GC(1414)   Evacuate Collection Set: 150.60ms
[7583.063s][info][gc,phases      ] GC(1414)   Post Evacuate Collection Set: 1.02ms
[7583.063s][info][gc,phases      ] GC(1414)   Other: 0.06ms
[7583.063s][info][gc,heap        ] GC(1414) Eden regions: 561->0(554)
[7583.063s][info][gc,heap        ] GC(1414) Survivor regions: 45->45(76)
[7583.063s][info][gc,heap        ] GC(1414) Old regions: 288->295
[7583.063s][info][gc,heap        ] GC(1414) Humongous regions: 33->33
[7583.063s][info][gc,metaspace   ] GC(1414) Metaspace: 35837K(38144K)->35837K(38144K) NonClass: 26765K(27072K)->26765K(27072K) Class: 9071K(11072K)->9071K(11072K)
[7583.063s][info][gc             ] GC(1414) Pause Young (Normal) (G1 Evacuation Pause) 7381M->2948M(8192M) 152.591ms
[7583.063s][info][gc,cpu         ] GC(1414) User=1.21s Sys=0.00s Real=0.15s
...[7585.852s][info][gc,start       ] GC(1415) Pause Young (Normal) (G1 Evacuation Pause)
[7585.852s][info][gc,task        ] GC(1415) Using 8 workers of 8 for evacuation
[7585.998s][info][gc,phases      ] GC(1415)   Pre Evacuate Collection Set: 0.23ms
[7585.998s][info][gc,phases      ] GC(1415)   Merge Heap Roots: 0.53ms
[7585.998s][info][gc,phases      ] GC(1415)   Evacuate Collection Set: 144.63ms
[7585.998s][info][gc,phases      ] GC(1415)   Post Evacuate Collection Set: 1.00ms
[7585.998s][info][gc,phases      ] GC(1415)   Other: 0.06ms
[7585.998s][info][gc,heap        ] GC(1415) Eden regions: 554->0(550)
[7585.998s][info][gc,heap        ] GC(1415) Survivor regions: 45->43(75)
[7585.998s][info][gc,heap        ] GC(1415) Old regions: 295->303
[7585.998s][info][gc,heap        ] GC(1415) Humongous regions: 33->33
[7585.998s][info][gc,metaspace   ] GC(1415) Metaspace: 35837K(38144K)->35837K(38144K) NonClass: 26765K(27072K)->26765K(27072K) Class: 9071K(11072K)->9071K(11072K)
[7585.998s][info][gc             ] GC(1415) Pause Young (Normal) (G1 Evacuation Pause) 7380M->2993M(8192M) 146.574ms
[7585.998s][info][gc,cpu         ] GC(1415) User=1.15s Sys=0.00s Real=0.15s
...[7588.832s][info][gc,start       ] GC(1416) Pause Young (Concurrent Start) (G1 Evacuation Pause)
[7588.832s][info][gc,task        ] GC(1416) Using 8 workers of 8 for evacuation
[7588.981s][info][gc,phases      ] GC(1416)   Pre Evacuate Collection Set: 0.30ms
[7588.981s][info][gc,phases      ] GC(1416)   Merge Heap Roots: 0.51ms
[7588.981s][info][gc,phases      ] GC(1416)   Evacuate Collection Set: 146.91ms
[7588.981s][info][gc,phases      ] GC(1416)   Post Evacuate Collection Set: 1.01ms
[7588.981s][info][gc,phases      ] GC(1416)   Other: 0.07ms
[7588.981s][info][gc,heap        ] GC(1416) Eden regions: 550->0(541)
[7588.981s][info][gc,heap        ] GC(1416) Survivor regions: 43->44(75)
[7588.981s][info][gc,heap        ] GC(1416) Old regions: 303->310
[7588.981s][info][gc,heap        ] GC(1416) Humongous regions: 33->33
[7588.981s][info][gc,metaspace   ] GC(1416) Metaspace: 35837K(38144K)->35837K(38144K) NonClass: 26765K(27072K)->26765K(27072K) Class: 9071K(11072K)->9071K(11072K)
[7588.981s][info][gc             ] GC(1416) Pause Young (Concurrent Start) (G1 Evacuation Pause) 7393M->3058M(8192M) 148.942ms
[7588.981s][info][gc             ] GC(1417) Concurrent Mark Cycle
[7588.981s][info][gc,marking     ] GC(1417) Concurrent Scan Root Regions
[7588.981s][info][gc,cpu         ] GC(1416) User=1.18s Sys=0.01s Real=0.15s
.[7589.228s][info][gc,marking     ] GC(1417) Concurrent Scan Root Regions 246.886ms
[7589.228s][info][gc,marking     ] GC(1417) Concurrent Mark
[7589.228s][info][gc,marking     ] GC(1417) Concurrent Mark From Roots
[7589.228s][info][gc,task        ] GC(1417) Using 2 workers of 2 for marking
.[7590.691s][info][gc,marking     ] GC(1417) Concurrent Mark From Roots 1463.803ms
[7590.692s][info][gc,marking     ] GC(1417) Concurrent Preclean
[7590.692s][info][gc,marking     ] GC(1417) Concurrent Preclean 0.068ms
[7590.692s][info][gc,start       ] GC(1417) Pause Remark
[7590.694s][info][gc             ] GC(1417) Pause Remark 5006M->4430M(8192M) 2.527ms
[7590.694s][info][gc,cpu         ] GC(1417) User=0.01s Sys=0.00s Real=0.00s
[7590.694s][info][gc,marking     ] GC(1417) Concurrent Mark 1466.691ms
[7590.694s][info][gc,marking     ] GC(1417) Concurrent Rebuild Remembered Sets and Scrub Regions
.[7591.482s][info][gc,marking     ] GC(1417) Concurrent Rebuild Remembered Sets and Scrub Regions 787.137ms
[7591.482s][info][gc,start       ] GC(1417) Pause Cleanup
[7591.482s][info][gc             ] GC(1417) Pause Cleanup 5510M->5510M(8192M) 0.256ms
[7591.482s][info][gc,cpu         ] GC(1417) User=0.00s Sys=0.00s Real=0.00s
[7591.482s][info][gc,marking     ] GC(1417) Concurrent Clear Claimed Marks
[7591.482s][info][gc,marking     ] GC(1417) Concurrent Clear Claimed Marks 0.040ms
[7591.482s][info][gc,marking     ] GC(1417) Concurrent Cleanup for Next Mark
[7591.493s][info][gc,marking     ] GC(1417) Concurrent Cleanup for Next Mark 10.481ms
[7591.493s][info][gc             ] GC(1417) Concurrent Mark Cycle 2511.877ms
.[7592.287s][info][gc,start       ] GC(1418) Pause Young (Prepare Mixed) (G1 Evacuation Pause)
[7592.287s][info][gc,task        ] GC(1418) Using 8 workers of 8 for evacuation
[7592.442s][info][gc,phases      ] GC(1418)   Pre Evacuate Collection Set: 0.23ms
[7592.442s][info][gc,phases      ] GC(1418)   Merge Heap Roots: 0.75ms
[7592.442s][info][gc,phases      ] GC(1418)   Evacuate Collection Set: 152.53ms
[7592.442s][info][gc,phases      ] GC(1418)   Post Evacuate Collection Set: 1.18ms
[7592.442s][info][gc,phases      ] GC(1418)   Other: 0.07ms
[7592.442s][info][gc,heap        ] GC(1418) Eden regions: 541->0(569)
[7592.442s][info][gc,heap        ] GC(1418) Survivor regions: 44->45(74)
[7592.442s][info][gc,heap        ] GC(1418) Old regions: 238->245
[7592.442s][info][gc,heap        ] GC(1418) Humongous regions: 33->33
[7592.442s][info][gc,metaspace   ] GC(1418) Metaspace: 35837K(38144K)->35837K(38144K) NonClass: 26765K(27072K)->26765K(27072K) Class: 9071K(11072K)->9071K(11072K)
[7592.442s][info][gc             ] GC(1418) Pause Young (Prepare Mixed) (G1 Evacuation Pause) 6810M->2552M(8192M) 154.893ms
[7592.442s][info][gc,cpu         ] GC(1418) User=1.23s Sys=0.00s Real=0.15s
...[7595.286s][info][gc,start       ] GC(1419) Pause Young (Mixed) (G1 Evacuation Pause)
[7595.286s][info][gc,task        ] GC(1419) Using 8 workers of 8 for evacuation
[7595.445s][info][gc,phases      ] GC(1419)   Pre Evacuate Collection Set: 0.26ms
[7595.445s][info][gc,phases      ] GC(1419)   Merge Heap Roots: 0.86ms
[7595.445s][info][gc,phases      ] GC(1419)   Evacuate Collection Set: 156.27ms
[7595.445s][info][gc,phases      ] GC(1419)   Post Evacuate Collection Set: 1.32ms
[7595.445s][info][gc,phases      ] GC(1419)   Other: 0.07ms
[7595.445s][info][gc,heap        ] GC(1419) Eden regions: 569->0(570)
[7595.445s][info][gc,heap        ] GC(1419) Survivor regions: 45->44(77)
[7595.445s][info][gc,heap        ] GC(1419) Old regions: 245->151
[7595.445s][info][gc,heap        ] GC(1419) Humongous regions: 33->33
[7595.445s][info][gc,metaspace   ] GC(1419) Metaspace: 35837K(38144K)->35837K(38144K) NonClass: 26765K(27072K)->26765K(27072K) Class: 9071K(11072K)->9071K(11072K)
[7595.445s][info][gc             ] GC(1419) Pause Young (Mixed) (G1 Evacuation Pause) 7104M->1795M(8192M) 158.926ms
[7595.445s][info][gc,cpu         ] GC(1419) User=1.25s Sys=0.00s Real=0.16s
...[7598.247s][info][gc,start       ] GC(1420) Pause Young (Mixed) (G1 Evacuation Pause)
[7598.247s][info][gc,task        ] GC(1420) Using 8 workers of 8 for evacuation
[7598.406s][info][gc,phases      ] GC(1420)   Pre Evacuate Collection Set: 0.24ms
[7598.406s][info][gc,phases      ] GC(1420)   Merge Heap Roots: 0.69ms
[7598.406s][info][gc,phases      ] GC(1420)   Evacuate Collection Set: 156.47ms
[7598.406s][info][gc,phases      ] GC(1420)   Post Evacuate Collection Set: 1.04ms
[7598.406s][info][gc,phases      ] GC(1420)   Other: 0.07ms
[7598.406s][info][gc,heap        ] GC(1420) Eden regions: 570->0(570)
[7598.406s][info][gc,heap        ] GC(1420) Survivor regions: 44->44(77)
[7598.406s][info][gc,heap        ] GC(1420) Old regions: 151->143
[7598.406s][info][gc,heap        ] GC(1420) Humongous regions: 33->33
[7598.406s][info][gc,metaspace   ] GC(1420) Metaspace: 35837K(38144K)->35837K(38144K) NonClass: 26765K(27072K)->26765K(27072K) Class: 9071K(11072K)->9071K(11072K)
[7598.406s][info][gc             ] GC(1420) Pause Young (Mixed) (G1 Evacuation Pause) 6355M->1728M(8192M) 158.633ms
[7598.406s][info][gc,cpu         ] GC(1420) User=1.26s Sys=0.00s Real=0.15s
...[7601.175s][info][gc,start       ] GC(1421) Pause Young (Normal) (G1 Evacuation Pause)
[7601.175s][info][gc,task        ] GC(1421) Using 8 workers of 8 for evacuation
[7601.327s][info][gc,phases      ] GC(1421)   Pre Evacuate Collection Set: 0.24ms
[7601.327s][info][gc,phases      ] GC(1421)   Merge Heap Roots: 0.51ms
[7601.327s][info][gc,phases      ] GC(1421)   Evacuate Collection Set: 149.76ms
[7601.327s][info][gc,phases      ] GC(1421)   Post Evacuate Collection Set: 1.02ms
[7601.327s][info][gc,phases      ] GC(1421)   Other: 0.07ms
[7601.327s][info][gc,heap        ] GC(1421) Eden regions: 570->0(570)
[7601.327s][info][gc,heap        ] GC(1421) Survivor regions: 44->44(77)
[7601.327s][info][gc,heap        ] GC(1421) Old regions: 143->150
[7601.327s][info][gc,heap        ] GC(1421) Humongous regions: 33->33
[7601.327s][info][gc,metaspace   ] GC(1421) Metaspace: 35837K(38144K)->35837K(38144K) NonClass: 26765K(27072K)->26765K(27072K) Class: 9071K(11072K)->9071K(11072K)
[7601.327s][info][gc             ] GC(1421) Pause Young (Normal) (G1 Evacuation Pause) 6288M->1788M(8192M) 151.742ms
[7601.327s][info][gc,cpu         ] GC(1421) User=1.20s Sys=0.00s Real=0.16s
...[7604.175s][info][gc,start       ] GC(1422) Pause Young (Normal) (G1 Evacuation Pause)
[7604.175s][info][gc,task        ] GC(1422) Using 8 workers of 8 for evacuation
[7604.326s][info][gc,phases      ] GC(1422)   Pre Evacuate Collection Set: 0.22ms
[7604.326s][info][gc,phases      ] GC(1422)   Merge Heap Roots: 0.50ms
[7604.326s][info][gc,phases      ] GC(1422)   Evacuate Collection Set: 149.55ms
[7604.326s][info][gc,phases      ] GC(1422)   Post Evacuate Collection Set: 1.04ms
[7604.326s][info][gc,phases      ] GC(1422)   Other: 0.06ms
[7604.326s][info][gc,heap        ] GC(1422) Eden regions: 570->0(570)
[7604.326s][info][gc,heap        ] GC(1422) Survivor regions: 44->44(77)
[7604.326s][info][gc,heap        ] GC(1422) Old regions: 150->158
[7604.326s][info][gc,heap        ] GC(1422) Humongous regions: 33->33
[7604.326s][info][gc,metaspace   ] GC(1422) Metaspace: 35837K(38144K)->35837K(38144K) NonClass: 26765K(27072K)->26765K(27072K) Class: 9071K(11072K)->9071K(11072K)
[7604.326s][info][gc             ] GC(1422) Pause Young (Normal) (G1 Evacuation Pause) 6348M->1841M(8192M) 151.509ms
[7604.326s][info][gc,cpu         ] GC(1422) User=1.20s Sys=0.00s Real=0.15s
...[7607.141s][info][gc,start       ] GC(1423) Pause Young (Normal) (G1 Evacuation Pause)
[7607.141s][info][gc,task        ] GC(1423) Using 8 workers of 8 for evacuation
[7607.300s][info][gc,phases      ] GC(1423)   Pre Evacuate Collection Set: 0.22ms
[7607.300s][info][gc,phases      ] GC(1423)   Merge Heap Roots: 0.52ms
[7607.300s][info][gc,phases      ] GC(1423)   Evacuate Collection Set: 156.84ms
[7607.300s][info][gc,phases      ] GC(1423)   Post Evacuate Collection Set: 1.05ms
[7607.300s][info][gc,phases      ] GC(1423)   Other: 0.06ms
[7607.300s][info][gc,heap        ] GC(1423) Eden regions: 570->0(567)
[7607.300s][info][gc,heap        ] GC(1423) Survivor regions: 44->47(77)
[7607.300s][info][gc,heap        ] GC(1423) Old regions: 158->165
[7607.300s][info][gc,heap        ] GC(1423) Humongous regions: 33->33
[7607.300s][info][gc,metaspace   ] GC(1423) Metaspace: 35837K(38144K)->35837K(38144K) NonClass: 26765K(27072K)->26765K(27072K) Class: 9071K(11072K)->9071K(11072K)
[7607.300s][info][gc             ] GC(1423) Pause Young (Normal) (G1 Evacuation Pause) 6401M->1921M(8192M) 158.823ms
[7607.300s][info][gc,cpu         ] GC(1423) User=1.26s Sys=0.00s Real=0.16s
 (rIR:aIR:PR = 12592:12513:12477) (tPR = 185467) [OK] 
  7607s: Performance info:
         Transaction,    Success,    Partial,     Failed,   Receipts, AvgBarcode, 
             Overall,     801912,          0,          0,     761218,      59.47, 
         Response times:
             Request,    Success,    Partial,     Failed,   SkipFail,     Probes,    Samples,      min,      p50,      p90,      p95,      p99,      max, 
       TotalPurchase,     763401,          0,          0,          0,     355859,     491029,      400,    41000,   195000,   267000,   446000,  5500000,
     InStorePurchase,     402548,          0,          0,          0,     186181,     257989,      400,    40000,   193000,   267000,   440000,  5500000,
      OnlinePurchase,     282240,          0,          0,          0,     130605,     179943,      400,    41000,   196000,   261000,   460000,  5500000,
        InstPurchase,      78613,          0,          0,          0,      39073,      53097,      400,    42000,   201000,   284000,   448000,  4100000,
          AssocOfCat,        810,          0,          0,          0,        698,       1034,    35000,   104000,   273500,   351750,   460650,   574000,
      AssocOfProduct,       8172,          0,          0,          0,       3737,       5273,      900,    42000,   196600,   273600,   442000,  1400000,
      BusinessReport,       2024,          0,          0,          0,       1759,       2507,    35000,   108000,   272000,   353600,   552200,  1400000,
          CustBuyBeh,       8109,          0,          0,          0,       3735,       5245,      200,    40000,   202000,   272000,   440540,  5500000,
       ProductReturn,      21717,          0,          0,          0,      10362,      13825,      200,    42000,   201000,   289000,   469740,  2900000,

  7607s: (92%)   IR =  12730 ..[7610.116s][info][gc,start       ] GC(1424) Pause Young (Normal) (G1 Evacuation Pause)
[7610.116s][info][gc,task        ] GC(1424) Using 8 workers of 8 for evacuation
[7610.270s][info][gc,phases      ] GC(1424)   Pre Evacuate Collection Set: 0.27ms
[7610.270s][info][gc,phases      ] GC(1424)   Merge Heap Roots: 0.53ms
[7610.270s][info][gc,phases      ] GC(1424)   Evacuate Collection Set: 152.02ms
[7610.270s][info][gc,phases      ] GC(1424)   Post Evacuate Collection Set: 1.08ms
[7610.270s][info][gc,phases      ] GC(1424)   Other: 0.07ms
[7610.270s][info][gc,heap        ] GC(1424) Eden regions: 567->0(570)
[7610.270s][info][gc,heap        ] GC(1424) Survivor regions: 47->44(77)
[7610.270s][info][gc,heap        ] GC(1424) Old regions: 165->172
[7610.270s][info][gc,heap        ] GC(1424) Humongous regions: 33->33
[7610.270s][info][gc,metaspace   ] GC(1424) Metaspace: 35837K(38144K)->35837K(38144K) NonClass: 26765K(27072K)->26765K(27072K) Class: 9071K(11072K)->9071K(11072K)
[7610.270s][info][gc             ] GC(1424) Pause Young (Normal) (G1 Evacuation Pause) 6457M->1958M(8192M) 154.119ms
[7610.270s][info][gc,cpu         ] GC(1424) User=1.22s Sys=0.00s Real=0.16s
...[7613.126s][info][gc,start       ] GC(1425) Pause Young (Normal) (G1 Evacuation Pause)
[7613.126s][info][gc,task        ] GC(1425) Using 8 workers of 8 for evacuation
[7613.275s][info][gc,phases      ] GC(1425)   Pre Evacuate Collection Set: 0.22ms
[7613.275s][info][gc,phases      ] GC(1425)   Merge Heap Roots: 0.53ms
[7613.275s][info][gc,phases      ] GC(1425)   Evacuate Collection Set: 147.46ms
[7613.275s][info][gc,phases      ] GC(1425)   Post Evacuate Collection Set: 1.06ms
[7613.275s][info][gc,phases      ] GC(1425)   Other: 0.07ms
[7613.275s][info][gc,heap        ] GC(1425) Eden regions: 570->0(571)
[7613.275s][info][gc,heap        ] GC(1425) Survivor regions: 44->43(77)
[7613.275s][info][gc,heap        ] GC(1425) Old regions: 172->179
[7613.275s][info][gc,heap        ] GC(1425) Humongous regions: 33->33
[7613.275s][info][gc,metaspace   ] GC(1425) Metaspace: 35837K(38144K)->35837K(38144K) NonClass: 26765K(27072K)->26765K(27072K) Class: 9071K(11072K)->9071K(11072K)
[7613.275s][info][gc             ] GC(1425) Pause Young (Normal) (G1 Evacuation Pause) 6518M->2008M(8192M) 149.462ms
[7613.275s][info][gc,cpu         ] GC(1425) User=1.19s Sys=0.00s Real=0.15s
...[7616.127s][info][gc,start       ] GC(1426) Pause Young (Normal) (G1 Evacuation Pause)
[7616.127s][info][gc,task        ] GC(1426) Using 8 workers of 8 for evacuation
[7616.274s][info][gc,phases      ] GC(1426)   Pre Evacuate Collection Set: 0.25ms
[7616.274s][info][gc,phases      ] GC(1426)   Merge Heap Roots: 0.52ms
[7616.274s][info][gc,phases      ] GC(1426)   Evacuate Collection Set: 145.94ms
[7616.274s][info][gc,phases      ] GC(1426)   Post Evacuate Collection Set: 1.04ms
[7616.275s][info][gc,phases      ] GC(1426)   Other: 0.06ms
[7616.275s][info][gc,heap        ] GC(1426) Eden regions: 571->0(570)
[7616.275s][info][gc,heap        ] GC(1426) Survivor regions: 43->44(77)
[7616.275s][info][gc,heap        ] GC(1426) Old regions: 179->186
[7616.275s][info][gc,heap        ] GC(1426) Humongous regions: 33->33
[7616.275s][info][gc,metaspace   ] GC(1426) Metaspace: 35837K(38144K)->35837K(38144K) NonClass: 26765K(27072K)->26765K(27072K) Class: 9071K(11072K)->9071K(11072K)
[7616.275s][info][gc             ] GC(1426) Pause Young (Normal) (G1 Evacuation Pause) 6576M->2068M(8192M) 147.949ms
[7616.275s][info][gc,cpu         ] GC(1426) User=1.17s Sys=0.00s Real=0.15s
...[7619.142s][info][gc,start       ] GC(1427) Pause Young (Normal) (G1 Evacuation Pause)
[7619.142s][info][gc,task        ] GC(1427) Using 8 workers of 8 for evacuation
[7619.287s][info][gc,phases      ] GC(1427)   Pre Evacuate Collection Set: 0.23ms
[7619.287s][info][gc,phases      ] GC(1427)   Merge Heap Roots: 0.53ms
[7619.287s][info][gc,phases      ] GC(1427)   Evacuate Collection Set: 143.75ms
[7619.287s][info][gc,phases      ] GC(1427)   Post Evacuate Collection Set: 1.01ms
[7619.287s][info][gc,phases      ] GC(1427)   Other: 0.06ms
[7619.287s][info][gc,heap        ] GC(1427) Eden regions: 570->0(572)
[7619.287s][info][gc,heap        ] GC(1427) Survivor regions: 44->42(77)
[7619.287s][info][gc,heap        ] GC(1427) Old regions: 186->193
[7619.287s][info][gc,heap        ] GC(1427) Humongous regions: 33->33
[7619.287s][info][gc,metaspace   ] GC(1427) Metaspace: 35837K(38144K)->35837K(38144K) NonClass: 26765K(27072K)->26765K(27072K) Class: 9071K(11072K)->9071K(11072K)
[7619.287s][info][gc             ] GC(1427) Pause Young (Normal) (G1 Evacuation Pause) 6628M->2112M(8192M) 145.716ms
[7619.287s][info][gc,cpu         ] GC(1427) User=1.16s Sys=0.00s Real=0.15s
...[7622.181s][info][gc,start       ] GC(1428) Pause Young (Normal) (G1 Evacuation Pause)
[7622.181s][info][gc,task        ] GC(1428) Using 8 workers of 8 for evacuation
[7622.328s][info][gc,phases      ] GC(1428)   Pre Evacuate Collection Set: 0.22ms
[7622.328s][info][gc,phases      ] GC(1428)   Merge Heap Roots: 0.52ms
[7622.328s][info][gc,phases      ] GC(1428)   Evacuate Collection Set: 144.95ms
[7622.328s][info][gc,phases      ] GC(1428)   Post Evacuate Collection Set: 1.05ms
[7622.328s][info][gc,phases      ] GC(1428)   Other: 0.06ms
[7622.328s][info][gc,heap        ] GC(1428) Eden regions: 572->0(572)
[7622.328s][info][gc,heap        ] GC(1428) Survivor regions: 42->42(77)
[7622.328s][info][gc,heap        ] GC(1428) Old regions: 193->200
[7622.328s][info][gc,heap        ] GC(1428) Humongous regions: 33->33
[7622.328s][info][gc,metaspace   ] GC(1428) Metaspace: 35837K(38144K)->35837K(38144K) NonClass: 26765K(27072K)->26765K(27072K) Class: 9071K(11072K)->9071K(11072K)
[7622.328s][info][gc             ] GC(1428) Pause Young (Normal) (G1 Evacuation Pause) 6688M->2166M(8192M) 146.927ms
[7622.328s][info][gc,cpu         ] GC(1428) User=1.16s Sys=0.00s Real=0.15s
...|[7625.241s][info][gc,start       ] GC(1429) Pause Young (Normal) (G1 Evacuation Pause)
[7625.241s][info][gc,task        ] GC(1429) Using 8 workers of 8 for evacuation
[7625.390s][info][gc,phases      ] GC(1429)   Pre Evacuate Collection Set: 0.23ms
[7625.390s][info][gc,phases      ] GC(1429)   Merge Heap Roots: 0.53ms
[7625.390s][info][gc,phases      ] GC(1429)   Evacuate Collection Set: 147.71ms
[7625.390s][info][gc,phases      ] GC(1429)   Post Evacuate Collection Set: 1.07ms
[7625.390s][info][gc,phases      ] GC(1429)   Other: 0.06ms
[7625.390s][info][gc,heap        ] GC(1429) Eden regions: 572->0(572)
[7625.390s][info][gc,heap        ] GC(1429) Survivor regions: 42->42(77)
[7625.390s][info][gc,heap        ] GC(1429) Old regions: 200->207
[7625.390s][info][gc,heap        ] GC(1429) Humongous regions: 33->33
[7625.390s][info][gc,metaspace   ] GC(1429) Metaspace: 35837K(38144K)->35837K(38144K) NonClass: 26765K(27072K)->26765K(27072K) Class: 9071K(11072K)->9071K(11072K)
[7625.390s][info][gc             ] GC(1429) Pause Young (Normal) (G1 Evacuation Pause) 6742M->2225M(8192M) 149.724ms
[7625.390s][info][gc,cpu         ] GC(1429) User=1.18s Sys=0.00s Real=0.15s
...[7628.261s][info][gc,start       ] GC(1430) Pause Young (Normal) (G1 Evacuation Pause)
[7628.261s][info][gc,task        ] GC(1430) Using 8 workers of 8 for evacuation
[7628.411s][info][gc,phases      ] GC(1430)   Pre Evacuate Collection Set: 0.24ms
[7628.411s][info][gc,phases      ] GC(1430)   Merge Heap Roots: 0.53ms
[7628.411s][info][gc,phases      ] GC(1430)   Evacuate Collection Set: 148.86ms
[7628.411s][info][gc,phases      ] GC(1430)   Post Evacuate Collection Set: 1.03ms
[7628.411s][info][gc,phases      ] GC(1430)   Other: 0.06ms
[7628.411s][info][gc,heap        ] GC(1430) Eden regions: 572->0(569)
[7628.411s][info][gc,heap        ] GC(1430) Survivor regions: 42->45(77)
[7628.411s][info][gc,heap        ] GC(1430) Old regions: 207->214
[7628.411s][info][gc,heap        ] GC(1430) Humongous regions: 33->33
[7628.411s][info][gc,metaspace   ] GC(1430) Metaspace: 35837K(38144K)->35837K(38144K) NonClass: 26765K(27072K)->26765K(27072K) Class: 9071K(11072K)->9071K(11072K)
[7628.411s][info][gc             ] GC(1430) Pause Young (Normal) (G1 Evacuation Pause) 6801M->2302M(8192M) 150.860ms
[7628.411s][info][gc,cpu         ] GC(1430) User=1.19s Sys=0.00s Real=0.15s
...[7631.260s][info][gc,start       ] GC(1431) Pause Young (Normal) (G1 Evacuation Pause)
[7631.260s][info][gc,task        ] GC(1431) Using 8 workers of 8 for evacuation
[7631.409s][info][gc,phases      ] GC(1431)   Pre Evacuate Collection Set: 0.24ms
[7631.409s][info][gc,phases      ] GC(1431)   Merge Heap Roots: 0.52ms
[7631.409s][info][gc,phases      ] GC(1431)   Evacuate Collection Set: 147.44ms
[7631.409s][info][gc,phases      ] GC(1431)   Post Evacuate Collection Set: 1.04ms
[7631.409s][info][gc,phases      ] GC(1431)   Other: 0.06ms
[7631.409s][info][gc,heap        ] GC(1431) Eden regions: 569->0(570)
[7631.409s][info][gc,heap        ] GC(1431) Survivor regions: 45->44(77)
[7631.409s][info][gc,heap        ] GC(1431) Old regions: 214->221
[7631.409s][info][gc,heap        ] GC(1431) Humongous regions: 33->33
[7631.409s][info][gc,metaspace   ] GC(1431) Metaspace: 35837K(38144K)->35837K(38144K) NonClass: 26765K(27072K)->26765K(27072K) Class: 9071K(11072K)->9071K(11072K)
[7631.409s][info][gc             ] GC(1431) Pause Young (Normal) (G1 Evacuation Pause) 6854M->2350M(8192M) 149.435ms
[7631.409s][info][gc,cpu         ] GC(1431) User=1.19s Sys=0.00s Real=0.15s
...[7634.250s][info][gc,start       ] GC(1432) Pause Young (Normal) (G1 Evacuation Pause)
[7634.250s][info][gc,task        ] GC(1432) Using 8 workers of 8 for evacuation
[7634.401s][info][gc,phases      ] GC(1432)   Pre Evacuate Collection Set: 0.23ms
[7634.401s][info][gc,phases      ] GC(1432)   Merge Heap Roots: 0.52ms
[7634.401s][info][gc,phases      ] GC(1432)   Evacuate Collection Set: 149.10ms
[7634.401s][info][gc,phases      ] GC(1432)   Post Evacuate Collection Set: 1.05ms
[7634.401s][info][gc,phases      ] GC(1432)   Other: 0.06ms
[7634.401s][info][gc,heap        ] GC(1432) Eden regions: 570->0(570)
[7634.401s][info][gc,heap        ] GC(1432) Survivor regions: 44->44(77)
[7634.401s][info][gc,heap        ] GC(1432) Old regions: 221->229
[7634.401s][info][gc,heap        ] GC(1432) Humongous regions: 33->33
[7634.401s][info][gc,metaspace   ] GC(1432) Metaspace: 35837K(38144K)->35837K(38144K) NonClass: 26765K(27072K)->26765K(27072K) Class: 9071K(11072K)->9071K(11072K)
[7634.401s][info][gc             ] GC(1432) Pause Young (Normal) (G1 Evacuation Pause) 6910M->2413M(8192M) 151.098ms
[7634.401s][info][gc,cpu         ] GC(1432) User=1.19s Sys=0.00s Real=0.15s
...[7637.278s][info][gc,start       ] GC(1433) Pause Young (Normal) (G1 Evacuation Pause)
[7637.278s][info][gc,task        ] GC(1433) Using 8 workers of 8 for evacuation
[7637.428s][info][gc,phases      ] GC(1433)   Pre Evacuate Collection Set: 0.26ms
[7637.428s][info][gc,phases      ] GC(1433)   Merge Heap Roots: 0.53ms
[7637.428s][info][gc,phases      ] GC(1433)   Evacuate Collection Set: 148.28ms
[7637.428s][info][gc,phases      ] GC(1433)   Post Evacuate Collection Set: 1.04ms
[7637.428s][info][gc,phases      ] GC(1433)   Other: 0.06ms
[7637.428s][info][gc,heap        ] GC(1433) Eden regions: 570->0(570)
[7637.428s][info][gc,heap        ] GC(1433) Survivor regions: 44->44(77)
[7637.428s][info][gc,heap        ] GC(1433) Old regions: 229->236
[7637.428s][info][gc,heap        ] GC(1433) Humongous regions: 33->33
[7637.428s][info][gc,metaspace   ] GC(1433) Metaspace: 35837K(38144K)->35837K(38144K) NonClass: 26765K(27072K)->26765K(27072K) Class: 9071K(11072K)->9071K(11072K)
[7637.428s][info][gc             ] GC(1433) Pause Young (Normal) (G1 Evacuation Pause) 6973M->2473M(8192M) 150.309ms
[7637.428s][info][gc,cpu         ] GC(1433) User=1.19s Sys=0.00s Real=0.15s
...[7640.263s][info][gc,start       ] GC(1434) Pause Young (Normal) (G1 Evacuation Pause)
[7640.263s][info][gc,task        ] GC(1434) Using 8 workers of 8 for evacuation
[7640.414s][info][gc,phases      ] GC(1434)   Pre Evacuate Collection Set: 0.22ms
[7640.414s][info][gc,phases      ] GC(1434)   Merge Heap Roots: 0.52ms
[7640.414s][info][gc,phases      ] GC(1434)   Evacuate Collection Set: 148.58ms
[7640.414s][info][gc,phases      ] GC(1434)   Post Evacuate Collection Set: 1.05ms
[7640.414s][info][gc,phases      ] GC(1434)   Other: 0.06ms
[7640.414s][info][gc,heap        ] GC(1434) Eden regions: 570->0(570)
[7640.414s][info][gc,heap        ] GC(1434) Survivor regions: 44->44(77)
[7640.414s][info][gc,heap        ] GC(1434) Old regions: 236->243
[7640.414s][info][gc,heap        ] GC(1434) Humongous regions: 33->33
[7640.414s][info][gc,metaspace   ] GC(1434) Metaspace: 35837K(38144K)->35837K(38144K) NonClass: 26765K(27072K)->26765K(27072K) Class: 9071K(11072K)->9071K(11072K)
[7640.414s][info][gc             ] GC(1434) Pause Young (Normal) (G1 Evacuation Pause) 7033M->2525M(8192M) 150.562ms
[7640.414s][info][gc,cpu         ] GC(1434) User=1.19s Sys=0.00s Real=0.15s
...[7643.212s][info][gc,start       ] GC(1435) Pause Young (Normal) (G1 Evacuation Pause)
[7643.212s][info][gc,task        ] GC(1435) Using 8 workers of 8 for evacuation
[7643.367s][info][gc,phases      ] GC(1435)   Pre Evacuate Collection Set: 0.22ms
[7643.367s][info][gc,phases      ] GC(1435)   Merge Heap Roots: 0.53ms
[7643.367s][info][gc,phases      ] GC(1435)   Evacuate Collection Set: 153.18ms
[7643.367s][info][gc,phases      ] GC(1435)   Post Evacuate Collection Set: 1.05ms
[7643.367s][info][gc,phases      ] GC(1435)   Other: 0.06ms
[7643.367s][info][gc,heap        ] GC(1435) Eden regions: 570->0(569)
[7643.367s][info][gc,heap        ] GC(1435) Survivor regions: 44->45(77)
[7643.367s][info][gc,heap        ] GC(1435) Old regions: 243->250
[7643.367s][info][gc,heap        ] GC(1435) Humongous regions: 33->33
[7643.367s][info][gc,metaspace   ] GC(1435) Metaspace: 35837K(38144K)->35837K(38144K) NonClass: 26765K(27072K)->26765K(27072K) Class: 9071K(11072K)->9071K(11072K)
[7643.367s][info][gc             ] GC(1435) Pause Young (Normal) (G1 Evacuation Pause) 7085M->2596M(8192M) 155.174ms
[7643.367s][info][gc,cpu         ] GC(1435) User=1.23s Sys=0.00s Real=0.16s
...[7646.156s][info][gc,start       ] GC(1436) Pause Young (Normal) (G1 Evacuation Pause)
[7646.156s][info][gc,task        ] GC(1436) Using 8 workers of 8 for evacuation
[7646.310s][info][gc,phases      ] GC(1436)   Pre Evacuate Collection Set: 0.22ms
[7646.310s][info][gc,phases      ] GC(1436)   Merge Heap Roots: 0.52ms
[7646.310s][info][gc,phases      ] GC(1436)   Evacuate Collection Set: 152.21ms
[7646.310s][info][gc,phases      ] GC(1436)   Post Evacuate Collection Set: 1.06ms
[7646.310s][info][gc,phases      ] GC(1436)   Other: 0.06ms
[7646.310s][info][gc,heap        ] GC(1436) Eden regions: 569->0(570)
[7646.310s][info][gc,heap        ] GC(1436) Survivor regions: 45->44(77)
[7646.310s][info][gc,heap        ] GC(1436) Old regions: 250->258
[7646.310s][info][gc,heap        ] GC(1436) Humongous regions: 33->33
[7646.310s][info][gc,metaspace   ] GC(1436) Metaspace: 35837K(38144K)->35837K(38144K) NonClass: 26765K(27072K)->26765K(27072K) Class: 9071K(11072K)->9071K(11072K)
[7646.310s][info][gc             ] GC(1436) Pause Young (Normal) (G1 Evacuation Pause) 7148M->2645M(8192M) 154.210ms
[7646.310s][info][gc,cpu         ] GC(1436) User=1.22s Sys=0.00s Real=0.16s
...[7649.143s][info][gc,start       ] GC(1437) Pause Young (Normal) (G1 Evacuation Pause)
[7649.143s][info][gc,task        ] GC(1437) Using 8 workers of 8 for evacuation
[7649.294s][info][gc,phases      ] GC(1437)   Pre Evacuate Collection Set: 0.23ms
[7649.294s][info][gc,phases      ] GC(1437)   Merge Heap Roots: 0.51ms
[7649.294s][info][gc,phases      ] GC(1437)   Evacuate Collection Set: 149.23ms
[7649.294s][info][gc,phases      ] GC(1437)   Post Evacuate Collection Set: 1.06ms
[7649.294s][info][gc,phases      ] GC(1437)   Other: 0.06ms
[7649.294s][info][gc,heap        ] GC(1437) Eden regions: 570->0(570)
[7649.294s][info][gc,heap        ] GC(1437) Survivor regions: 44->44(77)
[7649.294s][info][gc,heap        ] GC(1437) Old regions: 258->265
[7649.294s][info][gc,heap        ] GC(1437) Humongous regions: 33->33
[7649.294s][info][gc,metaspace   ] GC(1437) Metaspace: 35837K(38144K)->35837K(38144K) NonClass: 26765K(27072K)->26765K(27072K) Class: 9071K(11072K)->9071K(11072K)
[7649.294s][info][gc             ] GC(1437) Pause Young (Normal) (G1 Evacuation Pause) 7205M->2697M(8192M) 151.252ms
[7649.294s][info][gc,cpu         ] GC(1437) User=1.20s Sys=0.00s Real=0.15s
...[7652.226s][info][gc,start       ] GC(1438) Pause Young (Normal) (G1 Evacuation Pause)
[7652.226s][info][gc,task        ] GC(1438) Using 8 workers of 8 for evacuation
[7652.372s][info][gc,phases      ] GC(1438)   Pre Evacuate Collection Set: 0.25ms
[7652.372s][info][gc,phases      ] GC(1438)   Merge Heap Roots: 0.52ms
[7652.372s][info][gc,phases      ] GC(1438)   Evacuate Collection Set: 143.91ms
[7652.372s][info][gc,phases      ] GC(1438)   Post Evacuate Collection Set: 1.05ms
[7652.372s][info][gc,phases      ] GC(1438)   Other: 0.06ms
[7652.372s][info][gc,heap        ] GC(1438) Eden regions: 570->0(571)
[7652.372s][info][gc,heap        ] GC(1438) Survivor regions: 44->43(77)
[7652.372s][info][gc,heap        ] GC(1438) Old regions: 265->272
[7652.372s][info][gc,heap        ] GC(1438) Humongous regions: 33->33
[7652.372s][info][gc,metaspace   ] GC(1438) Metaspace: 35837K(38144K)->35837K(38144K) NonClass: 26765K(27072K)->26765K(27072K) Class: 9071K(11072K)->9071K(11072K)
[7652.372s][info][gc             ] GC(1438) Pause Young (Normal) (G1 Evacuation Pause) 7257M->2750M(8192M) 145.923ms
[7652.372s][info][gc,cpu         ] GC(1438) User=1.16s Sys=0.00s Real=0.15s
...[7655.247s][info][gc,start       ] GC(1439) Pause Young (Normal) (G1 Evacuation Pause)
[7655.247s][info][gc,task        ] GC(1439) Using 8 workers of 8 for evacuation
[7655.392s][info][gc,phases      ] GC(1439)   Pre Evacuate Collection Set: 0.24ms
[7655.392s][info][gc,phases      ] GC(1439)   Merge Heap Roots: 0.54ms
[7655.392s][info][gc,phases      ] GC(1439)   Evacuate Collection Set: 142.41ms
[7655.392s][info][gc,phases      ] GC(1439)   Post Evacuate Collection Set: 1.03ms
[7655.392s][info][gc,phases      ] GC(1439)   Other: 0.06ms
[7655.392s][info][gc,heap        ] GC(1439) Eden regions: 571->0(571)
[7655.392s][info][gc,heap        ] GC(1439) Survivor regions: 43->43(77)
[7655.392s][info][gc,heap        ] GC(1439) Old regions: 272->279
[7655.392s][info][gc,heap        ] GC(1439) Humongous regions: 33->33
[7655.392s][info][gc,metaspace   ] GC(1439) Metaspace: 35837K(38144K)->35837K(38144K) NonClass: 26765K(27072K)->26765K(27072K) Class: 9071K(11072K)->9071K(11072K)
[7655.392s][info][gc             ] GC(1439) Pause Young (Normal) (G1 Evacuation Pause) 7318M->2804M(8192M) 144.411ms
[7655.392s][info][gc,cpu         ] GC(1439) User=1.15s Sys=0.00s Real=0.14s
...[7658.352s][info][gc,start       ] GC(1440) Pause Young (Normal) (G1 Evacuation Pause)
[7658.352s][info][gc,task        ] GC(1440) Using 8 workers of 8 for evacuation
[7658.499s][info][gc,phases      ] GC(1440)   Pre Evacuate Collection Set: 0.22ms
[7658.499s][info][gc,phases      ] GC(1440)   Merge Heap Roots: 0.51ms
[7658.499s][info][gc,phases      ] GC(1440)   Evacuate Collection Set: 145.32ms
[7658.499s][info][gc,phases      ] GC(1440)   Post Evacuate Collection Set: 1.07ms
[7658.499s][info][gc,phases      ] GC(1440)   Other: 0.06ms
[7658.499s][info][gc,heap        ] GC(1440) Eden regions: 571->0(569)
[7658.499s][info][gc,heap        ] GC(1440) Survivor regions: 43->42(77)
[7658.499s][info][gc,heap        ] GC(1440) Old regions: 279->286
[7658.499s][info][gc,heap        ] GC(1440) Humongous regions: 33->33
[7658.499s][info][gc,metaspace   ] GC(1440) Metaspace: 35837K(38144K)->35837K(38144K) NonClass: 26765K(27072K)->26765K(27072K) Class: 9071K(11072K)->9071K(11072K)
[7658.499s][info][gc             ] GC(1440) Pause Young (Normal) (G1 Evacuation Pause) 7372M->2860M(8192M) 147.342ms
[7658.500s][info][gc,cpu         ] GC(1440) User=1.16s Sys=0.00s Real=0.15s
...[7661.440s][info][gc,start       ] GC(1441) Pause Young (Normal) (G1 Evacuation Pause)
[7661.440s][info][gc,task        ] GC(1441) Using 8 workers of 8 for evacuation
[7661.593s][info][gc,phases      ] GC(1441)   Pre Evacuate Collection Set: 0.22ms
[7661.593s][info][gc,phases      ] GC(1441)   Merge Heap Roots: 0.54ms
[7661.593s][info][gc,phases      ] GC(1441)   Evacuate Collection Set: 151.58ms
[7661.593s][info][gc,phases      ] GC(1441)   Post Evacuate Collection Set: 1.09ms
[7661.593s][info][gc,phases      ] GC(1441)   Other: 0.07ms
[7661.593s][info][gc,heap        ] GC(1441) Eden regions: 569->0(556)
[7661.593s][info][gc,heap        ] GC(1441) Survivor regions: 42->45(77)
[7661.593s][info][gc,heap        ] GC(1441) Old regions: 286->293
[7661.593s][info][gc,heap        ] GC(1441) Humongous regions: 33->33
[7661.593s][info][gc,metaspace   ] GC(1441) Metaspace: 35837K(38144K)->35837K(38144K) NonClass: 26765K(27072K)->26765K(27072K) Class: 9071K(11072K)->9071K(11072K)
[7661.593s][info][gc             ] GC(1441) Pause Young (Normal) (G1 Evacuation Pause) 7412M->2936M(8192M) 153.621ms
[7661.593s][info][gc,cpu         ] GC(1441) User=1.22s Sys=0.00s Real=0.15s
...[7664.363s][info][gc,start       ] GC(1442) Pause Young (Normal) (G1 Evacuation Pause)
[7664.363s][info][gc,task        ] GC(1442) Using 8 workers of 8 for evacuation
[7664.512s][info][gc,phases      ] GC(1442)   Pre Evacuate Collection Set: 0.23ms
[7664.512s][info][gc,phases      ] GC(1442)   Merge Heap Roots: 0.57ms
[7664.512s][info][gc,phases      ] GC(1442)   Evacuate Collection Set: 147.37ms
[7664.512s][info][gc,phases      ] GC(1442)   Post Evacuate Collection Set: 1.04ms
[7664.512s][info][gc,phases      ] GC(1442)   Other: 0.06ms
[7664.512s][info][gc,heap        ] GC(1442) Eden regions: 556->0(553)
[7664.512s][info][gc,heap        ] GC(1442) Survivor regions: 45->43(76)
[7664.512s][info][gc,heap        ] GC(1442) Old regions: 293->300
[7664.512s][info][gc,heap        ] GC(1442) Humongous regions: 33->33
[7664.512s][info][gc,metaspace   ] GC(1442) Metaspace: 35837K(38144K)->35837K(38144K) NonClass: 26765K(27072K)->26765K(27072K) Class: 9071K(11072K)->9071K(11072K)
[7664.512s][info][gc             ] GC(1442) Pause Young (Normal) (G1 Evacuation Pause) 7384M->2976M(8192M) 149.398ms
[7664.512s][info][gc,cpu         ] GC(1442) User=1.18s Sys=0.00s Real=0.15s
...[7667.215s][info][gc,start       ] GC(1443) Pause Young (Normal) (G1 Evacuation Pause)
[7667.215s][info][gc,task        ] GC(1443) Using 8 workers of 8 for evacuation
[7667.362s][info][gc,phases      ] GC(1443)   Pre Evacuate Collection Set: 0.22ms
[7667.362s][info][gc,phases      ] GC(1443)   Merge Heap Roots: 0.53ms
[7667.362s][info][gc,phases      ] GC(1443)   Evacuate Collection Set: 144.97ms
[7667.362s][info][gc,phases      ] GC(1443)   Post Evacuate Collection Set: 1.05ms
[7667.362s][info][gc,phases      ] GC(1443)   Other: 0.06ms
[7667.362s][info][gc,heap        ] GC(1443) Eden regions: 553->0(545)
[7667.362s][info][gc,heap        ] GC(1443) Survivor regions: 43->43(75)
[7667.362s][info][gc,heap        ] GC(1443) Old regions: 300->308
[7667.362s][info][gc,heap        ] GC(1443) Humongous regions: 33->33
[7667.362s][info][gc,metaspace   ] GC(1443) Metaspace: 35837K(38144K)->35837K(38144K) NonClass: 26765K(27072K)->26765K(27072K) Class: 9071K(11072K)->9071K(11072K)
[7667.362s][info][gc             ] GC(1443) Pause Young (Normal) (G1 Evacuation Pause) 7400M->3037M(8192M) 146.958ms
[7667.362s][info][gc,cpu         ] GC(1443) User=1.16s Sys=0.00s Real=0.15s
...[7670.144s][info][gc,start       ] GC(1444) Pause Young (Concurrent Start) (G1 Evacuation Pause)
[7670.144s][info][gc,task        ] GC(1444) Using 8 workers of 8 for evacuation
[7670.288s][info][gc,phases      ] GC(1444)   Pre Evacuate Collection Set: 0.29ms
[7670.288s][info][gc,phases      ] GC(1444)   Merge Heap Roots: 0.58ms
[7670.288s][info][gc,phases      ] GC(1444)   Evacuate Collection Set: 142.19ms
[7670.288s][info][gc,phases      ] GC(1444)   Post Evacuate Collection Set: 1.03ms
[7670.288s][info][gc,phases      ] GC(1444)   Other: 0.09ms
[7670.288s][info][gc,heap        ] GC(1444) Eden regions: 545->0(540)
[7670.288s][info][gc,heap        ] GC(1444) Survivor regions: 43->42(74)
[7670.288s][info][gc,heap        ] GC(1444) Old regions: 308->315
[7670.288s][info][gc,heap        ] GC(1444) Humongous regions: 33->33
[7670.288s][info][gc,metaspace   ] GC(1444) Metaspace: 35837K(38144K)->35837K(38144K) NonClass: 26765K(27072K)->26765K(27072K) Class: 9071K(11072K)->9071K(11072K)
[7670.288s][info][gc             ] GC(1444) Pause Young (Concurrent Start) (G1 Evacuation Pause) 7397M->3084M(8192M) 144.311ms
[7670.288s][info][gc             ] GC(1445) Concurrent Mark Cycle
[7670.288s][info][gc,marking     ] GC(1445) Concurrent Scan Root Regions
[7670.288s][info][gc,cpu         ] GC(1444) User=1.14s Sys=0.00s Real=0.15s
[7670.544s][info][gc,marking     ] GC(1445) Concurrent Scan Root Regions 255.649ms
[7670.544s][info][gc,marking     ] GC(1445) Concurrent Mark
[7670.544s][info][gc,marking     ] GC(1445) Concurrent Mark From Roots
[7670.544s][info][gc,task        ] GC(1445) Using 2 workers of 2 for marking
..[7671.733s][info][gc,marking     ] GC(1445) Concurrent Mark From Roots 1189.163ms
[7671.733s][info][gc,marking     ] GC(1445) Concurrent Preclean
[7671.733s][info][gc,marking     ] GC(1445) Concurrent Preclean 0.068ms
[7671.733s][info][gc,start       ] GC(1445) Pause Remark
[7671.735s][info][gc             ] GC(1445) Pause Remark 4624M->4064M(8192M) 2.033ms
[7671.735s][info][gc,cpu         ] GC(1445) User=0.02s Sys=0.00s Real=0.00s
[7671.735s][info][gc,marking     ] GC(1445) Concurrent Mark 1191.607ms
[7671.735s][info][gc,marking     ] GC(1445) Concurrent Rebuild Remembered Sets and Scrub Regions
[7672.548s][info][gc,marking     ] GC(1445) Concurrent Rebuild Remembered Sets and Scrub Regions 812.775ms
[7672.549s][info][gc,start       ] GC(1445) Pause Cleanup
[7672.549s][info][gc             ] GC(1445) Pause Cleanup 5209M->5209M(8192M) 0.261ms
[7672.549s][info][gc,cpu         ] GC(1445) User=0.00s Sys=0.00s Real=0.00s
[7672.549s][info][gc,marking     ] GC(1445) Concurrent Clear Claimed Marks
[7672.549s][info][gc,marking     ] GC(1445) Concurrent Clear Claimed Marks 0.042ms
[7672.549s][info][gc,marking     ] GC(1445) Concurrent Cleanup for Next Mark
[7672.561s][info][gc,marking     ] GC(1445) Concurrent Cleanup for Next Mark 11.730ms
[7672.561s][info][gc             ] GC(1445) Concurrent Mark Cycle 2272.922ms
.[7673.599s][info][gc,start       ] GC(1446) Pause Young (Prepare Mixed) (G1 Evacuation Pause)
[7673.599s][info][gc,task        ] GC(1446) Using 8 workers of 8 for evacuation
[7673.747s][info][gc,phases      ] GC(1446)   Pre Evacuate Collection Set: 0.22ms
[7673.747s][info][gc,phases      ] GC(1446)   Merge Heap Roots: 0.73ms
[7673.747s][info][gc,phases      ] GC(1446)   Evacuate Collection Set: 145.27ms
[7673.747s][info][gc,phases      ] GC(1446)   Post Evacuate Collection Set: 1.16ms
[7673.747s][info][gc,phases      ] GC(1446)   Other: 0.06ms
[7673.747s][info][gc,heap        ] GC(1446) Eden regions: 540->0(572)
[7673.747s][info][gc,heap        ] GC(1446) Survivor regions: 42->42(73)
[7673.747s][info][gc,heap        ] GC(1446) Old regions: 245->253
[7673.747s][info][gc,heap        ] GC(1446) Humongous regions: 33->33
[7673.747s][info][gc,metaspace   ] GC(1446) Metaspace: 35837K(38144K)->35837K(38144K) NonClass: 26765K(27072K)->26765K(27072K) Class: 9071K(11072K)->9071K(11072K)
[7673.747s][info][gc             ] GC(1446) Pause Young (Prepare Mixed) (G1 Evacuation Pause) 6844M->2589M(8192M) 147.610ms
[7673.747s][info][gc,cpu         ] GC(1446) User=1.17s Sys=0.00s Real=0.14s
...[7676.568s][info][gc,start       ] GC(1447) Pause Young (Mixed) (G1 Evacuation Pause)
[7676.568s][info][gc,task        ] GC(1447) Using 8 workers of 8 for evacuation
[7676.728s][info][gc,phases      ] GC(1447)   Pre Evacuate Collection Set: 0.25ms
[7676.728s][info][gc,phases      ] GC(1447)   Merge Heap Roots: 0.81ms
[7676.728s][info][gc,phases      ] GC(1447)   Evacuate Collection Set: 156.94ms
[7676.728s][info][gc,phases      ] GC(1447)   Post Evacuate Collection Set: 1.25ms
[7676.728s][info][gc,phases      ] GC(1447)   Other: 0.08ms
[7676.728s][info][gc,heap        ] GC(1447) Eden regions: 572->0(570)
[7676.728s][info][gc,heap        ] GC(1447) Survivor regions: 42->44(77)
[7676.728s][info][gc,heap        ] GC(1447) Old regions: 253->158
[7676.728s][info][gc,heap        ] GC(1447) Humongous regions: 33->33
[7676.728s][info][gc,metaspace   ] GC(1447) Metaspace: 35837K(38144K)->35837K(38144K) NonClass: 26765K(27072K)->26765K(27072K) Class: 9071K(11072K)->9071K(11072K)
[7676.728s][info][gc             ] GC(1447) Pause Young (Mixed) (G1 Evacuation Pause) 7165M->1849M(8192M) 159.470ms
[7676.728s][info][gc,cpu         ] GC(1447) User=1.26s Sys=0.00s Real=0.16s
...[7679.506s][info][gc,start       ] GC(1448) Pause Young (Mixed) (G1 Evacuation Pause)
[7679.506s][info][gc,task        ] GC(1448) Using 8 workers of 8 for evacuation
[7679.662s][info][gc,phases      ] GC(1448)   Pre Evacuate Collection Set: 0.24ms
[7679.662s][info][gc,phases      ] GC(1448)   Merge Heap Roots: 0.73ms
[7679.662s][info][gc,phases      ] GC(1448)   Evacuate Collection Set: 153.11ms
[7679.662s][info][gc,phases      ] GC(1448)   Post Evacuate Collection Set: 1.03ms
[7679.662s][info][gc,phases      ] GC(1448)   Other: 0.07ms
[7679.662s][info][gc,heap        ] GC(1448) Eden regions: 570->0(571)
[7679.662s][info][gc,heap        ] GC(1448) Survivor regions: 44->43(77)
[7679.662s][info][gc,heap        ] GC(1448) Old regions: 158->143
[7679.662s][info][gc,heap        ] GC(1448) Humongous regions: 33->33
[7679.662s][info][gc,metaspace   ] GC(1448) Metaspace: 35837K(38144K)->35837K(38144K) NonClass: 26765K(27072K)->26765K(27072K) Class: 9071K(11072K)->9071K(11072K)
[7679.662s][info][gc             ] GC(1448) Pause Young (Mixed) (G1 Evacuation Pause) 6409M->1720M(8192M) 155.315ms
[7679.662s][info][gc,cpu         ] GC(1448) User=1.23s Sys=0.00s Real=0.16s
...[7682.466s][info][gc,start       ] GC(1449) Pause Young (Normal) (G1 Evacuation Pause)
[7682.466s][info][gc,task        ] GC(1449) Using 8 workers of 8 for evacuation
[7682.621s][info][gc,phases      ] GC(1449)   Pre Evacuate Collection Set: 0.22ms
[7682.621s][info][gc,phases      ] GC(1449)   Merge Heap Roots: 0.52ms
[7682.621s][info][gc,phases      ] GC(1449)   Evacuate Collection Set: 153.22ms
[7682.621s][info][gc,phases      ] GC(1449)   Post Evacuate Collection Set: 1.02ms
[7682.621s][info][gc,phases      ] GC(1449)   Other: 0.06ms
[7682.621s][info][gc,heap        ] GC(1449) Eden regions: 571->0(569)
[7682.621s][info][gc,heap        ] GC(1449) Survivor regions: 43->45(77)
[7682.621s][info][gc,heap        ] GC(1449) Old regions: 143->150
[7682.621s][info][gc,heap        ] GC(1449) Humongous regions: 33->33
[7682.621s][info][gc,metaspace   ] GC(1449) Metaspace: 35837K(38144K)->35837K(38144K) NonClass: 26765K(27072K)->26765K(27072K) Class: 9071K(11072K)->9071K(11072K)
[7682.621s][info][gc             ] GC(1449) Pause Young (Normal) (G1 Evacuation Pause) 6288M->1791M(8192M) 155.162ms
[7682.621s][info][gc,cpu         ] GC(1449) User=1.23s Sys=0.00s Real=0.16s
... (rIR:aIR:PR = 12730:12738:12651) (tPR = 188085) [OK] 
  7684s: Performance info:
         Transaction,    Success,    Partial,     Failed,   Receipts, AvgBarcode, 
             Overall,     763259,          0,          0,     725514,      59.47, 
         Response times:
             Request,    Success,    Partial,     Failed,   SkipFail,     Probes,    Samples,      min,      p50,      p90,      p95,      p99,      max, 
       TotalPurchase,     730428,          0,          0,          0,     334736,     465998,      300,    38000,   143000,   189000,   294000,  7200000,
     InStorePurchase,     384615,          0,          0,          0,     174738,     244100,      300,    38000,   144000,   190000,   293000,  7200000,
      OnlinePurchase,     269370,          0,          0,          0,     123348,     172230,      400,    38000,   142000,   187000,   292000,  4700000,
        InstPurchase,      76443,          0,          0,          0,      36650,      49668,      500,    39000,   147000,   196000,   309000,  3500000,
          AssocOfCat,        764,          0,          0,          0,        650,        959,    38000,    95000,   219000,   274000,   358000,   770000,
      AssocOfProduct,       7730,          0,          0,          0,       3672,       5209,      700,    39000,   149000,   197000,   318800,  3000000,
      BusinessReport,       1921,          0,          0,          0,       1695,       2438,    39000,   106000,   218100,   262050,   373610,  3300000,
          CustBuyBeh,       7578,          0,          0,          0,       3696,       5198,      700,    38000,   141100,   186050,   303000,  3000000,
       ProductReturn,      20112,          0,          0,          0,       9928,      13552,      200,    36000,   141000,   189350,   311000,  3000000,

  7684s: (93%)   IR =  12868 [7685.444s][info][gc,start       ] GC(1450) Pause Young (Normal) (G1 Evacuation Pause)
[7685.444s][info][gc,task        ] GC(1450) Using 8 workers of 8 for evacuation
[7685.598s][info][gc,phases      ] GC(1450)   Pre Evacuate Collection Set: 0.20ms
[7685.598s][info][gc,phases      ] GC(1450)   Merge Heap Roots: 0.52ms
[7685.598s][info][gc,phases      ] GC(1450)   Evacuate Collection Set: 152.90ms
[7685.598s][info][gc,phases      ] GC(1450)   Post Evacuate Collection Set: 1.03ms
[7685.598s][info][gc,phases      ] GC(1450)   Other: 0.07ms
[7685.598s][info][gc,heap        ] GC(1450) Eden regions: 569->0(569)
[7685.598s][info][gc,heap        ] GC(1450) Survivor regions: 45->45(77)
[7685.598s][info][gc,heap        ] GC(1450) Old regions: 150->158
[7685.598s][info][gc,heap        ] GC(1450) Humongous regions: 33->33
[7685.598s][info][gc,metaspace   ] GC(1450) Metaspace: 35837K(38144K)->35837K(38144K) NonClass: 26765K(27072K)->26765K(27072K) Class: 9071K(11072K)->9071K(11072K)
[7685.598s][info][gc             ] GC(1450) Pause Young (Normal) (G1 Evacuation Pause) 6343M->1849M(8192M) 154.852ms
[7685.598s][info][gc,cpu         ] GC(1450) User=1.23s Sys=0.00s Real=0.16s
...[7688.427s][info][gc,start       ] GC(1451) Pause Young (Normal) (G1 Evacuation Pause)
[7688.427s][info][gc,task        ] GC(1451) Using 8 workers of 8 for evacuation
[7688.577s][info][gc,phases      ] GC(1451)   Pre Evacuate Collection Set: 0.21ms
[7688.577s][info][gc,phases      ] GC(1451)   Merge Heap Roots: 0.53ms
[7688.577s][info][gc,phases      ] GC(1451)   Evacuate Collection Set: 148.69ms
[7688.577s][info][gc,phases      ] GC(1451)   Post Evacuate Collection Set: 1.01ms
[7688.577s][info][gc,phases      ] GC(1451)   Other: 0.06ms
[7688.577s][info][gc,heap        ] GC(1451) Eden regions: 569->0(570)
[7688.577s][info][gc,heap        ] GC(1451) Survivor regions: 45->44(77)
[7688.577s][info][gc,heap        ] GC(1451) Old regions: 158->165
[7688.577s][info][gc,heap        ] GC(1451) Humongous regions: 33->33
[7688.577s][info][gc,metaspace   ] GC(1451) Metaspace: 35837K(38144K)->35837K(38144K) NonClass: 26765K(27072K)->26765K(27072K) Class: 9071K(11072K)->9071K(11072K)
[7688.577s][info][gc             ] GC(1451) Pause Young (Normal) (G1 Evacuation Pause) 6401M->1905M(8192M) 150.631ms
[7688.577s][info][gc,cpu         ] GC(1451) User=1.19s Sys=0.00s Real=0.16s
...[7691.361s][info][gc,start       ] GC(1452) Pause Young (Normal) (G1 Evacuation Pause)
[7691.361s][info][gc,task        ] GC(1452) Using 8 workers of 8 for evacuation
[7691.513s][info][gc,phases      ] GC(1452)   Pre Evacuate Collection Set: 0.21ms
[7691.513s][info][gc,phases      ] GC(1452)   Merge Heap Roots: 0.52ms
[7691.513s][info][gc,phases      ] GC(1452)   Evacuate Collection Set: 149.68ms
[7691.513s][info][gc,phases      ] GC(1452)   Post Evacuate Collection Set: 1.02ms
[7691.513s][info][gc,phases      ] GC(1452)   Other: 0.08ms
[7691.513s][info][gc,heap        ] GC(1452) Eden regions: 570->0(571)
[7691.513s][info][gc,heap        ] GC(1452) Survivor regions: 44->43(77)
[7691.513s][info][gc,heap        ] GC(1452) Old regions: 165->172
[7691.513s][info][gc,heap        ] GC(1452) Humongous regions: 33->33
[7691.513s][info][gc,metaspace   ] GC(1452) Metaspace: 35837K(38144K)->35837K(38144K) NonClass: 26765K(27072K)->26765K(27072K) Class: 9071K(11072K)->9071K(11072K)
[7691.513s][info][gc             ] GC(1452) Pause Young (Normal) (G1 Evacuation Pause) 6465M->1956M(8192M) 151.637ms
[7691.513s][info][gc,cpu         ] GC(1452) User=1.20s Sys=0.00s Real=0.15s
...[7694.347s][info][gc,start       ] GC(1453) Pause Young (Normal) (G1 Evacuation Pause)
[7694.347s][info][gc,task        ] GC(1453) Using 8 workers of 8 for evacuation
[7694.504s][info][gc,phases      ] GC(1453)   Pre Evacuate Collection Set: 0.22ms
[7694.504s][info][gc,phases      ] GC(1453)   Merge Heap Roots: 0.51ms
[7694.504s][info][gc,phases      ] GC(1453)   Evacuate Collection Set: 155.83ms
[7694.504s][info][gc,phases      ] GC(1453)   Post Evacuate Collection Set: 1.02ms
[7694.504s][info][gc,phases      ] GC(1453)   Other: 0.06ms
[7694.504s][info][gc,heap        ] GC(1453) Eden regions: 571->0(569)
[7694.504s][info][gc,heap        ] GC(1453) Survivor regions: 43->45(77)
[7694.504s][info][gc,heap        ] GC(1453) Old regions: 172->180
[7694.504s][info][gc,heap        ] GC(1453) Humongous regions: 33->33
[7694.504s][info][gc,metaspace   ] GC(1453) Metaspace: 35837K(38144K)->35837K(38144K) NonClass: 26765K(27072K)->26765K(27072K) Class: 9071K(11072K)->9071K(11072K)
[7694.504s][info][gc             ] GC(1453) Pause Young (Normal) (G1 Evacuation Pause) 6524M->2029M(8192M) 157.786ms
[7694.505s][info][gc,cpu         ] GC(1453) User=1.25s Sys=0.01s Real=0.16s
...[7697.313s][info][gc,start       ] GC(1454) Pause Young (Normal) (G1 Evacuation Pause)
[7697.313s][info][gc,task        ] GC(1454) Using 8 workers of 8 for evacuation
[7697.467s][info][gc,phases      ] GC(1454)   Pre Evacuate Collection Set: 0.20ms
[7697.467s][info][gc,phases      ] GC(1454)   Merge Heap Roots: 0.52ms
[7697.467s][info][gc,phases      ] GC(1454)   Evacuate Collection Set: 152.44ms
[7697.467s][info][gc,phases      ] GC(1454)   Post Evacuate Collection Set: 1.05ms
[7697.467s][info][gc,phases      ] GC(1454)   Other: 0.06ms
[7697.467s][info][gc,heap        ] GC(1454) Eden regions: 569->0(569)
[7697.467s][info][gc,heap        ] GC(1454) Survivor regions: 45->45(77)
[7697.467s][info][gc,heap        ] GC(1454) Old regions: 180->187
[7697.467s][info][gc,heap        ] GC(1454) Humongous regions: 33->33
[7697.467s][info][gc,metaspace   ] GC(1454) Metaspace: 35837K(38144K)->35837K(38144K) NonClass: 26765K(27072K)->26765K(27072K) Class: 9071K(11072K)->9071K(11072K)
[7697.467s][info][gc             ] GC(1454) Pause Young (Normal) (G1 Evacuation Pause) 6581M->2086M(8192M) 154.399ms
[7697.467s][info][gc,cpu         ] GC(1454) User=1.23s Sys=0.00s Real=0.16s
...[7700.330s][info][gc,start       ] GC(1455) Pause Young (Normal) (G1 Evacuation Pause)
[7700.330s][info][gc,task        ] GC(1455) Using 8 workers of 8 for evacuation
[7700.485s][info][gc,phases      ] GC(1455)   Pre Evacuate Collection Set: 0.22ms
[7700.485s][info][gc,phases      ] GC(1455)   Merge Heap Roots: 0.51ms
[7700.485s][info][gc,phases      ] GC(1455)   Evacuate Collection Set: 152.37ms
[7700.485s][info][gc,phases      ] GC(1455)   Post Evacuate Collection Set: 1.05ms
[7700.485s][info][gc,phases      ] GC(1455)   Other: 0.06ms
[7700.485s][info][gc,heap        ] GC(1455) Eden regions: 569->0(569)
[7700.485s][info][gc,heap        ] GC(1455) Survivor regions: 45->45(77)
[7700.485s][info][gc,heap        ] GC(1455) Old regions: 187->194
[7700.485s][info][gc,heap        ] GC(1455) Humongous regions: 33->33
[7700.485s][info][gc,metaspace   ] GC(1455) Metaspace: 35837K(38144K)->35837K(38144K) NonClass: 26765K(27072K)->26765K(27072K) Class: 9071K(11072K)->9071K(11072K)
[7700.485s][info][gc             ] GC(1455) Pause Young (Normal) (G1 Evacuation Pause) 6638M->2144M(8192M) 154.344ms
[7700.485s][info][gc,cpu         ] GC(1455) User=1.22s Sys=0.00s Real=0.15s
..|.[7703.234s][info][gc,start       ] GC(1456) Pause Young (Normal) (G1 Evacuation Pause)
[7703.234s][info][gc,task        ] GC(1456) Using 8 workers of 8 for evacuation
[7703.389s][info][gc,phases      ] GC(1456)   Pre Evacuate Collection Set: 0.22ms
[7703.389s][info][gc,phases      ] GC(1456)   Merge Heap Roots: 0.54ms
[7703.389s][info][gc,phases      ] GC(1456)   Evacuate Collection Set: 153.40ms
[7703.389s][info][gc,phases      ] GC(1456)   Post Evacuate Collection Set: 1.02ms
[7703.389s][info][gc,phases      ] GC(1456)   Other: 0.06ms
[7703.389s][info][gc,heap        ] GC(1456) Eden regions: 569->0(568)
[7703.389s][info][gc,heap        ] GC(1456) Survivor regions: 45->46(77)
[7703.389s][info][gc,heap        ] GC(1456) Old regions: 194->202
[7703.389s][info][gc,heap        ] GC(1456) Humongous regions: 33->33
[7703.389s][info][gc,metaspace   ] GC(1456) Metaspace: 35837K(38144K)->35837K(38144K) NonClass: 26765K(27072K)->26765K(27072K) Class: 9071K(11072K)->9071K(11072K)
[7703.389s][info][gc             ] GC(1456) Pause Young (Normal) (G1 Evacuation Pause) 6696M->2209M(8192M) 155.364ms
[7703.390s][info][gc,cpu         ] GC(1456) User=1.22s Sys=0.00s Real=0.16s
...[7706.228s][info][gc,start       ] GC(1457) Pause Young (Normal) (G1 Evacuation Pause)
[7706.228s][info][gc,task        ] GC(1457) Using 8 workers of 8 for evacuation
[7706.375s][info][gc,phases      ] GC(1457)   Pre Evacuate Collection Set: 0.23ms
[7706.375s][info][gc,phases      ] GC(1457)   Merge Heap Roots: 0.51ms
[7706.375s][info][gc,phases      ] GC(1457)   Evacuate Collection Set: 145.54ms
[7706.375s][info][gc,phases      ] GC(1457)   Post Evacuate Collection Set: 1.03ms
[7706.375s][info][gc,phases      ] GC(1457)   Other: 0.06ms
[7706.375s][info][gc,heap        ] GC(1457) Eden regions: 568->0(570)
[7706.375s][info][gc,heap        ] GC(1457) Survivor regions: 46->44(77)
[7706.375s][info][gc,heap        ] GC(1457) Old regions: 202->209
[7706.375s][info][gc,heap        ] GC(1457) Humongous regions: 33->33
[7706.375s][info][gc,metaspace   ] GC(1457) Metaspace: 35837K(38144K)->35837K(38144K) NonClass: 26765K(27072K)->26765K(27072K) Class: 9071K(11072K)->9071K(11072K)
[7706.375s][info][gc             ] GC(1457) Pause Young (Normal) (G1 Evacuation Pause) 6753M->2250M(8192M) 147.508ms
[7706.375s][info][gc,cpu         ] GC(1457) User=1.17s Sys=0.00s Real=0.14s
...[7709.272s][info][gc,start       ] GC(1458) Pause Young (Normal) (G1 Evacuation Pause)
[7709.272s][info][gc,task        ] GC(1458) Using 8 workers of 8 for evacuation
[7709.421s][info][gc,phases      ] GC(1458)   Pre Evacuate Collection Set: 0.25ms
[7709.421s][info][gc,phases      ] GC(1458)   Merge Heap Roots: 0.52ms
[7709.421s][info][gc,phases      ] GC(1458)   Evacuate Collection Set: 147.32ms
[7709.421s][info][gc,phases      ] GC(1458)   Post Evacuate Collection Set: 1.04ms
[7709.421s][info][gc,phases      ] GC(1458)   Other: 0.06ms
[7709.421s][info][gc,heap        ] GC(1458) Eden regions: 570->0(571)
[7709.421s][info][gc,heap        ] GC(1458) Survivor regions: 44->43(77)
[7709.421s][info][gc,heap        ] GC(1458) Old regions: 209->216
[7709.421s][info][gc,heap        ] GC(1458) Humongous regions: 33->33
[7709.421s][info][gc,metaspace   ] GC(1458) Metaspace: 35837K(38144K)->35837K(38144K) NonClass: 26765K(27072K)->26765K(27072K) Class: 9071K(11072K)->9071K(11072K)
[7709.421s][info][gc             ] GC(1458) Pause Young (Normal) (G1 Evacuation Pause) 6810M->2305M(8192M) 149.343ms
[7709.421s][info][gc,cpu         ] GC(1458) User=1.18s Sys=0.00s Real=0.15s
...[7712.304s][info][gc,start       ] GC(1459) Pause Young (Normal) (G1 Evacuation Pause)
[7712.304s][info][gc,task        ] GC(1459) Using 8 workers of 8 for evacuation
[7712.450s][info][gc,phases      ] GC(1459)   Pre Evacuate Collection Set: 0.24ms
[7712.450s][info][gc,phases      ] GC(1459)   Merge Heap Roots: 0.52ms
[7712.450s][info][gc,phases      ] GC(1459)   Evacuate Collection Set: 143.89ms
[7712.450s][info][gc,phases      ] GC(1459)   Post Evacuate Collection Set: 1.03ms
[7712.450s][info][gc,phases      ] GC(1459)   Other: 0.07ms
[7712.450s][info][gc,heap        ] GC(1459) Eden regions: 571->0(571)
[7712.450s][info][gc,heap        ] GC(1459) Survivor regions: 43->43(77)
[7712.450s][info][gc,heap        ] GC(1459) Old regions: 216->223
[7712.450s][info][gc,heap        ] GC(1459) Humongous regions: 33->33
[7712.450s][info][gc,metaspace   ] GC(1459) Metaspace: 35837K(38144K)->35837K(38144K) NonClass: 26765K(27072K)->26765K(27072K) Class: 9071K(11072K)->9071K(11072K)
[7712.450s][info][gc             ] GC(1459) Pause Young (Normal) (G1 Evacuation Pause) 6873M->2358M(8192M) 145.885ms
[7712.450s][info][gc,cpu         ] GC(1459) User=1.15s Sys=0.00s Real=0.15s
...[7715.217s][info][gc,start       ] GC(1460) Pause Young (Normal) (G1 Evacuation Pause)
[7715.217s][info][gc,task        ] GC(1460) Using 8 workers of 8 for evacuation
[7715.370s][info][gc,phases      ] GC(1460)   Pre Evacuate Collection Set: 0.21ms
[7715.370s][info][gc,phases      ] GC(1460)   Merge Heap Roots: 0.53ms
[7715.370s][info][gc,phases      ] GC(1460)   Evacuate Collection Set: 150.44ms
[7715.370s][info][gc,phases      ] GC(1460)   Post Evacuate Collection Set: 1.05ms
[7715.370s][info][gc,phases      ] GC(1460)   Other: 0.06ms
[7715.370s][info][gc,heap        ] GC(1460) Eden regions: 571->0(570)
[7715.370s][info][gc,heap        ] GC(1460) Survivor regions: 43->44(77)
[7715.370s][info][gc,heap        ] GC(1460) Old regions: 223->231
[7715.370s][info][gc,heap        ] GC(1460) Humongous regions: 33->33
[7715.370s][info][gc,metaspace   ] GC(1460) Metaspace: 35837K(38144K)->35837K(38144K) NonClass: 26765K(27072K)->26765K(27072K) Class: 9071K(11072K)->9071K(11072K)
[7715.370s][info][gc             ] GC(1460) Pause Young (Normal) (G1 Evacuation Pause) 6926M->2429M(8192M) 152.413ms
[7715.370s][info][gc,cpu         ] GC(1460) User=1.21s Sys=0.00s Real=0.15s
...[7718.224s][info][gc,start       ] GC(1461) Pause Young (Normal) (G1 Evacuation Pause)
[7718.224s][info][gc,task        ] GC(1461) Using 8 workers of 8 for evacuation
[7718.381s][info][gc,phases      ] GC(1461)   Pre Evacuate Collection Set: 0.22ms
[7718.381s][info][gc,phases      ] GC(1461)   Merge Heap Roots: 0.52ms
[7718.381s][info][gc,phases      ] GC(1461)   Evacuate Collection Set: 155.13ms
[7718.381s][info][gc,phases      ] GC(1461)   Post Evacuate Collection Set: 1.04ms
[7718.381s][info][gc,phases      ] GC(1461)   Other: 0.06ms
[7718.381s][info][gc,heap        ] GC(1461) Eden regions: 570->0(568)
[7718.381s][info][gc,heap        ] GC(1461) Survivor regions: 44->46(77)
[7718.381s][info][gc,heap        ] GC(1461) Old regions: 231->238
[7718.381s][info][gc,heap        ] GC(1461) Humongous regions: 33->33
[7718.381s][info][gc,metaspace   ] GC(1461) Metaspace: 35837K(38144K)->35837K(38144K) NonClass: 26765K(27072K)->26765K(27072K) Class: 9071K(11072K)->9071K(11072K)
[7718.381s][info][gc             ] GC(1461) Pause Young (Normal) (G1 Evacuation Pause) 6989M->2501M(8192M) 157.086ms
[7718.381s][info][gc,cpu         ] GC(1461) User=1.24s Sys=0.01s Real=0.16s
...[7721.178s][info][gc,start       ] GC(1462) Pause Young (Normal) (G1 Evacuation Pause)
[7721.178s][info][gc,task        ] GC(1462) Using 8 workers of 8 for evacuation
[7721.334s][info][gc,phases      ] GC(1462)   Pre Evacuate Collection Set: 0.19ms
[7721.334s][info][gc,phases      ] GC(1462)   Merge Heap Roots: 0.52ms
[7721.335s][info][gc,phases      ] GC(1462)   Evacuate Collection Set: 155.01ms
[7721.335s][info][gc,phases      ] GC(1462)   Post Evacuate Collection Set: 1.07ms
[7721.335s][info][gc,phases      ] GC(1462)   Other: 0.06ms
[7721.335s][info][gc,heap        ] GC(1462) Eden regions: 568->0(569)
[7721.335s][info][gc,heap        ] GC(1462) Survivor regions: 46->45(77)
[7721.335s][info][gc,heap        ] GC(1462) Old regions: 238->245
[7721.335s][info][gc,heap        ] GC(1462) Humongous regions: 33->33
[7721.335s][info][gc,metaspace   ] GC(1462) Metaspace: 35837K(38144K)->35837K(38144K) NonClass: 26765K(27072K)->26765K(27072K) Class: 9071K(11072K)->9071K(11072K)
[7721.335s][info][gc             ] GC(1462) Pause Young (Normal) (G1 Evacuation Pause) 7045M->2553M(8192M) 156.986ms
[7721.335s][info][gc,cpu         ] GC(1462) User=1.24s Sys=0.00s Real=0.15s
...[7724.118s][info][gc,start       ] GC(1463) Pause Young (Normal) (G1 Evacuation Pause)
[7724.118s][info][gc,task        ] GC(1463) Using 8 workers of 8 for evacuation
[7724.267s][info][gc,phases      ] GC(1463)   Pre Evacuate Collection Set: 0.22ms
[7724.267s][info][gc,phases      ] GC(1463)   Merge Heap Roots: 0.52ms
[7724.267s][info][gc,phases      ] GC(1463)   Evacuate Collection Set: 147.35ms
[7724.267s][info][gc,phases      ] GC(1463)   Post Evacuate Collection Set: 1.06ms
[7724.267s][info][gc,phases      ] GC(1463)   Other: 0.07ms
[7724.267s][info][gc,heap        ] GC(1463) Eden regions: 569->0(570)
[7724.267s][info][gc,heap        ] GC(1463) Survivor regions: 45->44(77)
[7724.267s][info][gc,heap        ] GC(1463) Old regions: 245->252
[7724.267s][info][gc,heap        ] GC(1463) Humongous regions: 33->33
[7724.267s][info][gc,metaspace   ] GC(1463) Metaspace: 35837K(38144K)->35837K(38144K) NonClass: 26765K(27072K)->26765K(27072K) Class: 9071K(11072K)->9071K(11072K)
[7724.267s][info][gc             ] GC(1463) Pause Young (Normal) (G1 Evacuation Pause) 7105M->2600M(8192M) 149.343ms
[7724.267s][info][gc,cpu         ] GC(1463) User=1.18s Sys=0.00s Real=0.15s
...[7727.064s][info][gc,start       ] GC(1464) Pause Young (Normal) (G1 Evacuation Pause)
[7727.064s][info][gc,task        ] GC(1464) Using 8 workers of 8 for evacuation
[7727.216s][info][gc,phases      ] GC(1464)   Pre Evacuate Collection Set: 0.21ms
[7727.216s][info][gc,phases      ] GC(1464)   Merge Heap Roots: 0.53ms
[7727.216s][info][gc,phases      ] GC(1464)   Evacuate Collection Set: 149.53ms
[7727.216s][info][gc,phases      ] GC(1464)   Post Evacuate Collection Set: 1.04ms
[7727.216s][info][gc,phases      ] GC(1464)   Other: 0.06ms
[7727.216s][info][gc,heap        ] GC(1464) Eden regions: 570->0(570)
[7727.216s][info][gc,heap        ] GC(1464) Survivor regions: 44->44(77)
[7727.216s][info][gc,heap        ] GC(1464) Old regions: 252->260
[7727.216s][info][gc,heap        ] GC(1464) Humongous regions: 33->33
[7727.216s][info][gc,metaspace   ] GC(1464) Metaspace: 35837K(38144K)->35837K(38144K) NonClass: 26765K(27072K)->26765K(27072K) Class: 9071K(11072K)->9071K(11072K)
[7727.216s][info][gc             ] GC(1464) Pause Young (Normal) (G1 Evacuation Pause) 7160M->2658M(8192M) 151.503ms
[7727.216s][info][gc,cpu         ] GC(1464) User=1.20s Sys=0.00s Real=0.15s
...[7730.043s][info][gc,start       ] GC(1465) Pause Young (Normal) (G1 Evacuation Pause)
[7730.043s][info][gc,task        ] GC(1465) Using 8 workers of 8 for evacuation
[7730.193s][info][gc,phases      ] GC(1465)   Pre Evacuate Collection Set: 0.21ms
[7730.193s][info][gc,phases      ] GC(1465)   Merge Heap Roots: 0.52ms
[7730.193s][info][gc,phases      ] GC(1465)   Evacuate Collection Set: 148.97ms
[7730.193s][info][gc,phases      ] GC(1465)   Post Evacuate Collection Set: 1.03ms
[7730.193s][info][gc,phases      ] GC(1465)   Other: 0.06ms
[7730.193s][info][gc,heap        ] GC(1465) Eden regions: 570->0(570)
[7730.193s][info][gc,heap        ] GC(1465) Survivor regions: 44->44(77)
[7730.193s][info][gc,heap        ] GC(1465) Old regions: 260->267
[7730.193s][info][gc,heap        ] GC(1465) Humongous regions: 33->33
[7730.193s][info][gc,metaspace   ] GC(1465) Metaspace: 35837K(38144K)->35837K(38144K) NonClass: 26765K(27072K)->26765K(27072K) Class: 9071K(11072K)->9071K(11072K)
[7730.193s][info][gc             ] GC(1465) Pause Young (Normal) (G1 Evacuation Pause) 7218M->2714M(8192M) 150.913ms
[7730.193s][info][gc,cpu         ] GC(1465) User=1.20s Sys=0.00s Real=0.15s
...[7733.014s][info][gc,start       ] GC(1466) Pause Young (Normal) (G1 Evacuation Pause)
[7733.014s][info][gc,task        ] GC(1466) Using 8 workers of 8 for evacuation
[7733.167s][info][gc,phases      ] GC(1466)   Pre Evacuate Collection Set: 0.23ms
[7733.167s][info][gc,phases      ] GC(1466)   Merge Heap Roots: 0.54ms
[7733.167s][info][gc,phases      ] GC(1466)   Evacuate Collection Set: 151.31ms
[7733.167s][info][gc,phases      ] GC(1466)   Post Evacuate Collection Set: 1.00ms
[7733.167s][info][gc,phases      ] GC(1466)   Other: 0.06ms
[7733.167s][info][gc,heap        ] GC(1466) Eden regions: 570->0(569)
[7733.167s][info][gc,heap        ] GC(1466) Survivor regions: 44->45(77)
[7733.167s][info][gc,heap        ] GC(1466) Old regions: 267->274
[7733.167s][info][gc,heap        ] GC(1466) Humongous regions: 33->33
[7733.167s][info][gc,metaspace   ] GC(1466) Metaspace: 35837K(38144K)->35837K(38144K) NonClass: 26765K(27072K)->26765K(27072K) Class: 9071K(11072K)->9071K(11072K)
[7733.167s][info][gc             ] GC(1466) Pause Young (Normal) (G1 Evacuation Pause) 7274M->2782M(8192M) 153.274ms
[7733.167s][info][gc,cpu         ] GC(1466) User=1.21s Sys=0.00s Real=0.16s
...[7735.975s][info][gc,start       ] GC(1467) Pause Young (Normal) (G1 Evacuation Pause)
[7735.975s][info][gc,task        ] GC(1467) Using 8 workers of 8 for evacuation
[7736.130s][info][gc,phases      ] GC(1467)   Pre Evacuate Collection Set: 0.22ms
[7736.130s][info][gc,phases      ] GC(1467)   Merge Heap Roots: 0.51ms
[7736.130s][info][gc,phases      ] GC(1467)   Evacuate Collection Set: 152.77ms
[7736.130s][info][gc,phases      ] GC(1467)   Post Evacuate Collection Set: 1.06ms
[7736.130s][info][gc,phases      ] GC(1467)   Other: 0.06ms
[7736.130s][info][gc,heap        ] GC(1467) Eden regions: 569->0(568)
[7736.130s][info][gc,heap        ] GC(1467) Survivor regions: 45->45(77)
[7736.130s][info][gc,heap        ] GC(1467) Old regions: 274->281
[7736.130s][info][gc,heap        ] GC(1467) Humongous regions: 33->33
[7736.130s][info][gc,metaspace   ] GC(1467) Metaspace: 35837K(38144K)->35837K(38144K) NonClass: 26765K(27072K)->26765K(27072K) Class: 9071K(11072K)->9071K(11072K)
[7736.130s][info][gc             ] GC(1467) Pause Young (Normal) (G1 Evacuation Pause) 7334M->2840M(8192M) 154.760ms
[7736.130s][info][gc,cpu         ] GC(1467) User=1.23s Sys=0.00s Real=0.16s
..[7738.886s][info][gc,start       ] GC(1468) Pause Young (Normal) (G1 Evacuation Pause)
[7738.886s][info][gc,task        ] GC(1468) Using 8 workers of 8 for evacuation
[7739.036s][info][gc,phases      ] GC(1468)   Pre Evacuate Collection Set: 0.21ms
[7739.036s][info][gc,phases      ] GC(1468)   Merge Heap Roots: 0.52ms
[7739.036s][info][gc,phases      ] GC(1468)   Evacuate Collection Set: 148.21ms
[7739.036s][info][gc,phases      ] GC(1468)   Post Evacuate Collection Set: 1.02ms
[7739.036s][info][gc,phases      ] GC(1468)   Other: 0.06ms
[7739.036s][info][gc,heap        ] GC(1468) Eden regions: 568->0(563)
[7739.036s][info][gc,heap        ] GC(1468) Survivor regions: 45->44(77)
[7739.036s][info][gc,heap        ] GC(1468) Old regions: 281->288
[7739.036s][info][gc,heap        ] GC(1468) Humongous regions: 33->33
[7739.036s][info][gc,metaspace   ] GC(1468) Metaspace: 35837K(38144K)->35837K(38144K) NonClass: 26765K(27072K)->26765K(27072K) Class: 9071K(11072K)->9071K(11072K)
[7739.036s][info][gc             ] GC(1468) Pause Young (Normal) (G1 Evacuation Pause) 7384M->2888M(8192M) 150.188ms
[7739.036s][info][gc,cpu         ] GC(1468) User=1.19s Sys=0.00s Real=0.15s
...[7741.797s][info][gc,start       ] GC(1469) Pause Young (Normal) (G1 Evacuation Pause)
[7741.797s][info][gc,task        ] GC(1469) Using 8 workers of 8 for evacuation
[7741.946s][info][gc,phases      ] GC(1469)   Pre Evacuate Collection Set: 0.22ms
[7741.946s][info][gc,phases      ] GC(1469)   Merge Heap Roots: 0.58ms
[7741.946s][info][gc,phases      ] GC(1469)   Evacuate Collection Set: 147.50ms
[7741.946s][info][gc,phases      ] GC(1469)   Post Evacuate Collection Set: 1.03ms
[7741.946s][info][gc,phases      ] GC(1469)   Other: 0.07ms
[7741.946s][info][gc,heap        ] GC(1469) Eden regions: 563->0(557)
[7741.946s][info][gc,heap        ] GC(1469) Survivor regions: 44->43(76)
[7741.946s][info][gc,heap        ] GC(1469) Old regions: 288->296
[7741.946s][info][gc,heap        ] GC(1469) Humongous regions: 33->33
[7741.946s][info][gc,metaspace   ] GC(1469) Metaspace: 35837K(38144K)->35837K(38144K) NonClass: 26765K(27072K)->26765K(27072K) Class: 9071K(11072K)->9071K(11072K)
[7741.946s][info][gc             ] GC(1469) Pause Young (Normal) (G1 Evacuation Pause) 7392M->2941M(8192M) 149.548ms
[7741.946s][info][gc,cpu         ] GC(1469) User=1.18s Sys=0.00s Real=0.15s
...[7744.780s][info][gc,start       ] GC(1470) Pause Young (Normal) (G1 Evacuation Pause)
[7744.780s][info][gc,task        ] GC(1470) Using 8 workers of 8 for evacuation
[7744.935s][info][gc,phases      ] GC(1470)   Pre Evacuate Collection Set: 0.22ms
[7744.935s][info][gc,phases      ] GC(1470)   Merge Heap Roots: 0.61ms
[7744.935s][info][gc,phases      ] GC(1470)   Evacuate Collection Set: 152.53ms
[7744.935s][info][gc,phases      ] GC(1470)   Post Evacuate Collection Set: 1.04ms
[7744.935s][info][gc,phases      ] GC(1470)   Other: 0.08ms
[7744.935s][info][gc,heap        ] GC(1470) Eden regions: 557->0(548)
[7744.935s][info][gc,heap        ] GC(1470) Survivor regions: 43->44(75)
[7744.935s][info][gc,heap        ] GC(1470) Old regions: 296->303
[7744.935s][info][gc,heap        ] GC(1470) Humongous regions: 33->33
[7744.935s][info][gc,metaspace   ] GC(1470) Metaspace: 35837K(38144K)->35837K(38144K) NonClass: 26765K(27072K)->26765K(27072K) Class: 9071K(11072K)->9071K(11072K)
[7744.935s][info][gc             ] GC(1470) Pause Young (Normal) (G1 Evacuation Pause) 7397M->3009M(8192M) 154.615ms
[7744.935s][info][gc,cpu         ] GC(1470) User=1.21s Sys=0.00s Real=0.15s
...[7747.597s][info][gc,start       ] GC(1471) Pause Young (Concurrent Start) (G1 Evacuation Pause)
[7747.597s][info][gc,task        ] GC(1471) Using 8 workers of 8 for evacuation
[7747.749s][info][gc,phases      ] GC(1471)   Pre Evacuate Collection Set: 0.26ms
[7747.749s][info][gc,phases      ] GC(1471)   Merge Heap Roots: 0.52ms
[7747.749s][info][gc,phases      ] GC(1471)   Evacuate Collection Set: 149.88ms
[7747.749s][info][gc,phases      ] GC(1471)   Post Evacuate Collection Set: 0.99ms
[7747.749s][info][gc,phases      ] GC(1471)   Other: 0.08ms
[7747.749s][info][gc,heap        ] GC(1471) Eden regions: 548->0(540)
[7747.749s][info][gc,heap        ] GC(1471) Survivor regions: 44->44(74)
[7747.749s][info][gc,heap        ] GC(1471) Old regions: 303->311
[7747.749s][info][gc,heap        ] GC(1471) Humongous regions: 33->33
[7747.749s][info][gc,metaspace   ] GC(1471) Metaspace: 35837K(38144K)->35837K(38144K) NonClass: 26765K(27072K)->26765K(27072K) Class: 9071K(11072K)->9071K(11072K)
[7747.749s][info][gc             ] GC(1471) Pause Young (Concurrent Start) (G1 Evacuation Pause) 7393M->3069M(8192M) 151.867ms
[7747.749s][info][gc             ] GC(1472) Concurrent Mark Cycle
[7747.749s][info][gc,marking     ] GC(1472) Concurrent Scan Root Regions
[7747.749s][info][gc,cpu         ] GC(1471) User=1.20s Sys=0.00s Real=0.15s
.[7748.058s][info][gc,marking     ] GC(1472) Concurrent Scan Root Regions 309.329ms
[7748.058s][info][gc,marking     ] GC(1472) Concurrent Mark
[7748.058s][info][gc,marking     ] GC(1472) Concurrent Mark From Roots
[7748.058s][info][gc,task        ] GC(1472) Using 2 workers of 2 for marking
.[7749.334s][info][gc,marking     ] GC(1472) Concurrent Mark From Roots 1275.158ms
[7749.334s][info][gc,marking     ] GC(1472) Concurrent Preclean
[7749.334s][info][gc,marking     ] GC(1472) Concurrent Preclean 0.078ms
[7749.334s][info][gc,start       ] GC(1472) Pause Remark
[7749.336s][info][gc             ] GC(1472) Pause Remark 4849M->4257M(8192M) 2.627ms
[7749.336s][info][gc,cpu         ] GC(1472) User=0.02s Sys=0.00s Real=0.00s
[7749.337s][info][gc,marking     ] GC(1472) Concurrent Mark 1278.145ms
[7749.337s][info][gc,marking     ] GC(1472) Concurrent Rebuild Remembered Sets and Scrub Regions
.[7750.220s][info][gc,marking     ] GC(1472) Concurrent Rebuild Remembered Sets and Scrub Regions 883.324ms
[7750.220s][info][gc,start       ] GC(1472) Pause Cleanup
[7750.220s][info][gc             ] GC(1472) Pause Cleanup 5485M->5485M(8192M) 0.246ms
[7750.220s][info][gc,cpu         ] GC(1472) User=0.00s Sys=0.00s Real=0.00s
[7750.220s][info][gc,marking     ] GC(1472) Concurrent Clear Claimed Marks
[7750.220s][info][gc,marking     ] GC(1472) Concurrent Clear Claimed Marks 0.041ms
[7750.220s][info][gc,marking     ] GC(1472) Concurrent Cleanup for Next Mark
[7750.230s][info][gc,marking     ] GC(1472) Concurrent Cleanup for Next Mark 10.102ms
[7750.231s][info][gc             ] GC(1472) Concurrent Mark Cycle 2481.566ms
.[7751.062s][info][gc,start       ] GC(1473) Pause Young (Prepare Mixed) (G1 Evacuation Pause)
[7751.062s][info][gc,task        ] GC(1473) Using 8 workers of 8 for evacuation
[7751.215s][info][gc,phases      ] GC(1473)   Pre Evacuate Collection Set: 0.24ms
[7751.215s][info][gc,phases      ] GC(1473)   Merge Heap Roots: 0.75ms
[7751.215s][info][gc,phases      ] GC(1473)   Evacuate Collection Set: 151.04ms
[7751.215s][info][gc,phases      ] GC(1473)   Post Evacuate Collection Set: 1.10ms
[7751.215s][info][gc,phases      ] GC(1473)   Other: 0.07ms
[7751.215s][info][gc,heap        ] GC(1473) Eden regions: 540->0(570)
[7751.215s][info][gc,heap        ] GC(1473) Survivor regions: 44->44(73)
[7751.215s][info][gc,heap        ] GC(1473) Old regions: 237->244
[7751.215s][info][gc,heap        ] GC(1473) Humongous regions: 33->33
[7751.215s][info][gc,metaspace   ] GC(1473) Metaspace: 35837K(38144K)->35837K(38144K) NonClass: 26765K(27072K)->26765K(27072K) Class: 9071K(11072K)->9071K(11072K)
[7751.215s][info][gc             ] GC(1473) Pause Young (Prepare Mixed) (G1 Evacuation Pause) 6797M->2534M(8192M) 153.322ms
[7751.215s][info][gc,cpu         ] GC(1473) User=1.21s Sys=0.00s Real=0.15s
...[7754.088s][info][gc,start       ] GC(1474) Pause Young (Mixed) (G1 Evacuation Pause)
[7754.088s][info][gc,task        ] GC(1474) Using 8 workers of 8 for evacuation
[7754.256s][info][gc,phases      ] GC(1474)   Pre Evacuate Collection Set: 0.25ms
[7754.256s][info][gc,phases      ] GC(1474)   Merge Heap Roots: 0.90ms
[7754.256s][info][gc,phases      ] GC(1474)   Evacuate Collection Set: 165.40ms
[7754.256s][info][gc,phases      ] GC(1474)   Post Evacuate Collection Set: 1.26ms
[7754.256s][info][gc,phases      ] GC(1474)   Other: 0.08ms
[7754.256s][info][gc,heap        ] GC(1474) Eden regions: 570->0(569)
[7754.256s][info][gc,heap        ] GC(1474) Survivor regions: 44->45(77)
[7754.256s][info][gc,heap        ] GC(1474) Old regions: 244->151
[7754.256s][info][gc,heap        ] GC(1474) Humongous regions: 33->33
[7754.256s][info][gc,metaspace   ] GC(1474) Metaspace: 35837K(38144K)->35837K(38144K) NonClass: 26765K(27072K)->26765K(27072K) Class: 9071K(11072K)->9071K(11072K)
[7754.256s][info][gc             ] GC(1474) Pause Young (Mixed) (G1 Evacuation Pause) 7094M->1798M(8192M) 168.039ms
[7754.256s][info][gc,cpu         ] GC(1474) User=1.33s Sys=0.00s Real=0.16s
..[7756.914s][info][gc,start       ] GC(1475) Pause Young (Mixed) (G1 Evacuation Pause)
[7756.914s][info][gc,task        ] GC(1475) Using 8 workers of 8 for evacuation
[7757.067s][info][gc,phases      ] GC(1475)   Pre Evacuate Collection Set: 0.24ms
[7757.067s][info][gc,phases      ] GC(1475)   Merge Heap Roots: 0.71ms
[7757.067s][info][gc,phases      ] GC(1475)   Evacuate Collection Set: 150.98ms
[7757.067s][info][gc,phases      ] GC(1475)   Post Evacuate Collection Set: 1.05ms
[7757.067s][info][gc,phases      ] GC(1475)   Other: 0.07ms
[7757.067s][info][gc,heap        ] GC(1475) Eden regions: 569->0(570)
[7757.067s][info][gc,heap        ] GC(1475) Survivor regions: 45->44(77)
[7757.067s][info][gc,heap        ] GC(1475) Old regions: 151->144
[7757.067s][info][gc,heap        ] GC(1475) Humongous regions: 33->33
[7757.067s][info][gc,metaspace   ] GC(1475) Metaspace: 35837K(38144K)->35837K(38144K) NonClass: 26765K(27072K)->26765K(27072K) Class: 9071K(11072K)->9071K(11072K)
[7757.067s][info][gc             ] GC(1475) Pause Young (Mixed) (G1 Evacuation Pause) 6350M->1729M(8192M) 153.177ms
[7757.067s][info][gc,cpu         ] GC(1475) User=1.21s Sys=0.00s Real=0.15s
...[7759.888s][info][gc,start       ] GC(1476) Pause Young (Normal) (G1 Evacuation Pause)
[7759.888s][info][gc,task        ] GC(1476) Using 8 workers of 8 for evacuation
[7760.045s][info][gc,phases      ] GC(1476)   Pre Evacuate Collection Set: 0.21ms
[7760.045s][info][gc,phases      ] GC(1476)   Merge Heap Roots: 0.51ms
[7760.045s][info][gc,phases      ] GC(1476)   Evacuate Collection Set: 155.45ms
[7760.045s][info][gc,phases      ] GC(1476)   Post Evacuate Collection Set: 1.05ms
[7760.045s][info][gc,phases      ] GC(1476)   Other: 0.06ms
[7760.045s][info][gc,heap        ] GC(1476) Eden regions: 570->0(569)
[7760.045s][info][gc,heap        ] GC(1476) Survivor regions: 44->45(77)
[7760.045s][info][gc,heap        ] GC(1476) Old regions: 144->151
[7760.045s][info][gc,heap        ] GC(1476) Humongous regions: 33->33
[7760.045s][info][gc,metaspace   ] GC(1476) Metaspace: 35837K(38144K)->35837K(38144K) NonClass: 26765K(27072K)->26765K(27072K) Class: 9071K(11072K)->9071K(11072K)
[7760.045s][info][gc             ] GC(1476) Pause Young (Normal) (G1 Evacuation Pause) 6289M->1797M(8192M) 157.438ms
[7760.045s][info][gc,cpu         ] GC(1476) User=1.24s Sys=0.00s Real=0.15s
... (rIR:aIR:PR = 12868:12905:12790) (tPR = 190357) [OK] 
  7762s: Performance info:
         Transaction,    Success,    Partial,     Failed,   Receipts, AvgBarcode, 
             Overall,     769350,          0,          0,     730938,      59.48, 
         Response times:
             Request,    Success,    Partial,     Failed,   SkipFail,     Probes,    Samples,      min,      p50,      p90,      p95,      p99,      max, 
       TotalPurchase,     737559,          0,          0,          0,     319287,     466678,      400,   105000,   261000,   317000,   494000,  9100000,
     InStorePurchase,     387158,          0,          0,          0,     167292,     245633,      400,   105000,   261000,   318000,   501660,  9100000,
      OnlinePurchase,     271809,          0,          0,          0,     117262,     171873,      400,   104000,   258000,   314000,   487000,  9100000,
        InstPurchase,      78592,          0,          0,          0,      34733,      49172,      700,   104000,   267000,   324000,   506080,  9100000,
          AssocOfCat,        775,          0,          0,          0,        615,       1005,    58000,   157000,   324400,   392900,   592760,  1400000,
      AssocOfProduct,       7738,          0,          0,          0,       3522,       5275,     1300,   102000,   258400,   305000,   503360,  3400000,
      BusinessReport,       1937,          0,          0,          0,       1598,       2416,    59000,   173000,   325000,   385000,   610000,  5800000,
          CustBuyBeh,       7727,          0,          0,          0,       3485,       5256,      700,   102000,   252300,   310000,   521290,  5800000,
       ProductReturn,      20541,          0,          0,          0,       8404,      12350,     1700,   107000,   267000,   323000,   480980,  2700000,

  7762s: (94%)   IR =  13007 [7762.887s][info][gc,start       ] GC(1477) Pause Young (Normal) (G1 Evacuation Pause)
[7762.887s][info][gc,task        ] GC(1477) Using 8 workers of 8 for evacuation
[7763.038s][info][gc,phases      ] GC(1477)   Pre Evacuate Collection Set: 0.23ms
[7763.038s][info][gc,phases      ] GC(1477)   Merge Heap Roots: 0.53ms
[7763.038s][info][gc,phases      ] GC(1477)   Evacuate Collection Set: 149.65ms
[7763.038s][info][gc,phases      ] GC(1477)   Post Evacuate Collection Set: 1.05ms
[7763.038s][info][gc,phases      ] GC(1477)   Other: 0.06ms
[7763.038s][info][gc,heap        ] GC(1477) Eden regions: 569->0(571)
[7763.038s][info][gc,heap        ] GC(1477) Survivor regions: 45->43(77)
[7763.038s][info][gc,heap        ] GC(1477) Old regions: 151->158
[7763.038s][info][gc,heap        ] GC(1477) Humongous regions: 33->33
[7763.038s][info][gc,metaspace   ] GC(1477) Metaspace: 35837K(38144K)->35837K(38144K) NonClass: 26765K(27072K)->26765K(27072K) Class: 9071K(11072K)->9071K(11072K)
[7763.038s][info][gc             ] GC(1477) Pause Young (Normal) (G1 Evacuation Pause) 6349M->1844M(8192M) 151.651ms
[7763.038s][info][gc,cpu         ] GC(1477) User=1.20s Sys=0.01s Real=0.16s
...[7765.857s][info][gc,start       ] GC(1478) Pause Young (Normal) (G1 Evacuation Pause)
[7765.857s][info][gc,task        ] GC(1478) Using 8 workers of 8 for evacuation
[7766.009s][info][gc,phases      ] GC(1478)   Pre Evacuate Collection Set: 0.21ms
[7766.009s][info][gc,phases      ] GC(1478)   Merge Heap Roots: 0.50ms
[7766.009s][info][gc,phases      ] GC(1478)   Evacuate Collection Set: 149.91ms
[7766.009s][info][gc,phases      ] GC(1478)   Post Evacuate Collection Set: 1.03ms
[7766.009s][info][gc,phases      ] GC(1478)   Other: 0.07ms
[7766.009s][info][gc,heap        ] GC(1478) Eden regions: 571->0(570)
[7766.009s][info][gc,heap        ] GC(1478) Survivor regions: 43->44(77)
[7766.009s][info][gc,heap        ] GC(1478) Old regions: 158->165
[7766.009s][info][gc,heap        ] GC(1478) Humongous regions: 33->33
[7766.009s][info][gc,metaspace   ] GC(1478) Metaspace: 35837K(38144K)->35837K(38144K) NonClass: 26765K(27072K)->26765K(27072K) Class: 9071K(11072K)->9071K(11072K)
[7766.009s][info][gc             ] GC(1478) Pause Young (Normal) (G1 Evacuation Pause) 6412M->1904M(8192M) 151.850ms
[7766.009s][info][gc,cpu         ] GC(1478) User=1.20s Sys=0.01s Real=0.15s
...[7768.887s][info][gc,start       ] GC(1479) Pause Young (Normal) (G1 Evacuation Pause)
[7768.887s][info][gc,task        ] GC(1479) Using 8 workers of 8 for evacuation
[7769.044s][info][gc,phases      ] GC(1479)   Pre Evacuate Collection Set: 0.22ms
[7769.044s][info][gc,phases      ] GC(1479)   Merge Heap Roots: 0.52ms
[7769.044s][info][gc,phases      ] GC(1479)   Evacuate Collection Set: 155.32ms
[7769.044s][info][gc,phases      ] GC(1479)   Post Evacuate Collection Set: 1.07ms
[7769.044s][info][gc,phases      ] GC(1479)   Other: 0.06ms
[7769.044s][info][gc,heap        ] GC(1479) Eden regions: 570->0(568)
[7769.044s][info][gc,heap        ] GC(1479) Survivor regions: 44->46(77)
[7769.044s][info][gc,heap        ] GC(1479) Old regions: 165->173
[7769.044s][info][gc,heap        ] GC(1479) Humongous regions: 33->33
[7769.044s][info][gc,metaspace   ] GC(1479) Metaspace: 35837K(38144K)->35837K(38144K) NonClass: 26765K(27072K)->26765K(27072K) Class: 9071K(11072K)->9071K(11072K)
[7769.044s][info][gc             ] GC(1479) Pause Young (Normal) (G1 Evacuation Pause) 6464M->1982M(8192M) 157.321ms
[7769.044s][info][gc,cpu         ] GC(1479) User=1.25s Sys=0.00s Real=0.15s
...[7771.843s][info][gc,start       ] GC(1480) Pause Young (Normal) (G1 Evacuation Pause)
[7771.843s][info][gc,task        ] GC(1480) Using 8 workers of 8 for evacuation
[7772.006s][info][gc,phases      ] GC(1480)   Pre Evacuate Collection Set: 0.23ms
[7772.006s][info][gc,phases      ] GC(1480)   Merge Heap Roots: 0.51ms
[7772.006s][info][gc,phases      ] GC(1480)   Evacuate Collection Set: 161.56ms
[7772.006s][info][gc,phases      ] GC(1480)   Post Evacuate Collection Set: 1.04ms
[7772.006s][info][gc,phases      ] GC(1480)   Other: 0.06ms
[7772.006s][info][gc,heap        ] GC(1480) Eden regions: 568->0(567)
[7772.006s][info][gc,heap        ] GC(1480) Survivor regions: 46->47(77)
[7772.006s][info][gc,heap        ] GC(1480) Old regions: 173->180
[7772.006s][info][gc,heap        ] GC(1480) Humongous regions: 33->33
[7772.006s][info][gc,metaspace   ] GC(1480) Metaspace: 35837K(38144K)->35837K(38144K) NonClass: 26765K(27072K)->26765K(27072K) Class: 9071K(11072K)->9071K(11072K)
[7772.006s][info][gc             ] GC(1480) Pause Young (Normal) (G1 Evacuation Pause) 6526M->2046M(8192M) 163.522ms
[7772.006s][info][gc,cpu         ] GC(1480) User=1.29s Sys=0.01s Real=0.16s
...[7774.743s][info][gc,start       ] GC(1481) Pause Young (Normal) (G1 Evacuation Pause)
[7774.743s][info][gc,task        ] GC(1481) Using 8 workers of 8 for evacuation
[7774.894s][info][gc,phases      ] GC(1481)   Pre Evacuate Collection Set: 0.23ms
[7774.894s][info][gc,phases      ] GC(1481)   Merge Heap Roots: 0.59ms
[7774.894s][info][gc,phases      ] GC(1481)   Evacuate Collection Set: 149.53ms
[7774.894s][info][gc,phases      ] GC(1481)   Post Evacuate Collection Set: 1.03ms
[7774.894s][info][gc,phases      ] GC(1481)   Other: 0.07ms
[7774.894s][info][gc,heap        ] GC(1481) Eden regions: 567->0(569)
[7774.894s][info][gc,heap        ] GC(1481) Survivor regions: 47->45(77)
[7774.894s][info][gc,heap        ] GC(1481) Old regions: 180->187
[7774.894s][info][gc,heap        ] GC(1481) Humongous regions: 33->33
[7774.894s][info][gc,metaspace   ] GC(1481) Metaspace: 35837K(38144K)->35837K(38144K) NonClass: 26765K(27072K)->26765K(27072K) Class: 9071K(11072K)->9071K(11072K)
[7774.894s][info][gc             ] GC(1481) Pause Young (Normal) (G1 Evacuation Pause) 6582M->2086M(8192M) 151.593ms
[7774.894s][info][gc,cpu         ] GC(1481) User=1.20s Sys=0.00s Real=0.15s
.|..[7777.768s][info][gc,start       ] GC(1482) Pause Young (Normal) (G1 Evacuation Pause)
[7777.768s][info][gc,task        ] GC(1482) Using 8 workers of 8 for evacuation
[7777.916s][info][gc,phases      ] GC(1482)   Pre Evacuate Collection Set: 0.23ms
[7777.916s][info][gc,phases      ] GC(1482)   Merge Heap Roots: 0.50ms
[7777.916s][info][gc,phases      ] GC(1482)   Evacuate Collection Set: 145.88ms
[7777.916s][info][gc,phases      ] GC(1482)   Post Evacuate Collection Set: 1.03ms
[7777.916s][info][gc,phases      ] GC(1482)   Other: 0.06ms
[7777.916s][info][gc,heap        ] GC(1482) Eden regions: 569->0(571)
[7777.916s][info][gc,heap        ] GC(1482) Survivor regions: 45->43(77)
[7777.916s][info][gc,heap        ] GC(1482) Old regions: 187->194
[7777.916s][info][gc,heap        ] GC(1482) Humongous regions: 33->33
[7777.916s][info][gc,metaspace   ] GC(1482) Metaspace: 35837K(38144K)->35837K(38144K) NonClass: 26765K(27072K)->26765K(27072K) Class: 9071K(11072K)->9071K(11072K)
[7777.916s][info][gc             ] GC(1482) Pause Young (Normal) (G1 Evacuation Pause) 6638M->2132M(8192M) 147.846ms
[7777.916s][info][gc,cpu         ] GC(1482) User=1.17s Sys=0.00s Real=0.14s
...[7780.724s][info][gc,start       ] GC(1483) Pause Young (Normal) (G1 Evacuation Pause)
[7780.724s][info][gc,task        ] GC(1483) Using 8 workers of 8 for evacuation
[7780.880s][info][gc,phases      ] GC(1483)   Pre Evacuate Collection Set: 0.22ms
[7780.880s][info][gc,phases      ] GC(1483)   Merge Heap Roots: 0.52ms
[7780.880s][info][gc,phases      ] GC(1483)   Evacuate Collection Set: 153.91ms
[7780.880s][info][gc,phases      ] GC(1483)   Post Evacuate Collection Set: 1.07ms
[7780.880s][info][gc,phases      ] GC(1483)   Other: 0.07ms
[7780.880s][info][gc,heap        ] GC(1483) Eden regions: 571->0(568)
[7780.880s][info][gc,heap        ] GC(1483) Survivor regions: 43->46(77)
[7780.880s][info][gc,heap        ] GC(1483) Old regions: 194->202
[7780.880s][info][gc,heap        ] GC(1483) Humongous regions: 33->33
[7780.880s][info][gc,metaspace   ] GC(1483) Metaspace: 35837K(38144K)->35837K(38144K) NonClass: 26765K(27072K)->26765K(27072K) Class: 9071K(11072K)->9071K(11072K)
[7780.880s][info][gc             ] GC(1483) Pause Young (Normal) (G1 Evacuation Pause) 6700M->2210M(8192M) 155.933ms
[7780.880s][info][gc,cpu         ] GC(1483) User=1.23s Sys=0.00s Real=0.16s
...[7783.696s][info][gc,start       ] GC(1484) Pause Young (Normal) (G1 Evacuation Pause)
[7783.696s][info][gc,task        ] GC(1484) Using 8 workers of 8 for evacuation
[7783.856s][info][gc,phases      ] GC(1484)   Pre Evacuate Collection Set: 0.23ms
[7783.856s][info][gc,phases      ] GC(1484)   Merge Heap Roots: 0.51ms
[7783.856s][info][gc,phases      ] GC(1484)   Evacuate Collection Set: 158.12ms
[7783.856s][info][gc,phases      ] GC(1484)   Post Evacuate Collection Set: 1.04ms
[7783.856s][info][gc,phases      ] GC(1484)   Other: 0.06ms
[7783.856s][info][gc,heap        ] GC(1484) Eden regions: 568->0(566)
[7783.856s][info][gc,heap        ] GC(1484) Survivor regions: 46->48(77)
[7783.856s][info][gc,heap        ] GC(1484) Old regions: 202->209
[7783.856s][info][gc,heap        ] GC(1484) Humongous regions: 33->33
[7783.856s][info][gc,metaspace   ] GC(1484) Metaspace: 35837K(38144K)->35837K(38144K) NonClass: 26765K(27072K)->26765K(27072K) Class: 9071K(11072K)->9071K(11072K)
[7783.856s][info][gc             ] GC(1484) Pause Young (Normal) (G1 Evacuation Pause) 6754M->2282M(8192M) 160.083ms
[7783.856s][info][gc,cpu         ] GC(1484) User=1.27s Sys=0.00s Real=0.16s
...[7786.627s][info][gc,start       ] GC(1485) Pause Young (Normal) (G1 Evacuation Pause)
[7786.627s][info][gc,task        ] GC(1485) Using 8 workers of 8 for evacuation
[7786.777s][info][gc,phases      ] GC(1485)   Pre Evacuate Collection Set: 0.23ms
[7786.777s][info][gc,phases      ] GC(1485)   Merge Heap Roots: 0.51ms
[7786.777s][info][gc,phases      ] GC(1485)   Evacuate Collection Set: 148.47ms
[7786.777s][info][gc,phases      ] GC(1485)   Post Evacuate Collection Set: 1.06ms
[7786.777s][info][gc,phases      ] GC(1485)   Other: 0.06ms
[7786.777s][info][gc,heap        ] GC(1485) Eden regions: 566->0(570)
[7786.777s][info][gc,heap        ] GC(1485) Survivor regions: 48->44(77)
[7786.777s][info][gc,heap        ] GC(1485) Old regions: 209->216
[7786.777s][info][gc,heap        ] GC(1485) Humongous regions: 33->33
[7786.777s][info][gc,metaspace   ] GC(1485) Metaspace: 35837K(38144K)->35837K(38144K) NonClass: 26765K(27072K)->26765K(27072K) Class: 9071K(11072K)->9071K(11072K)
[7786.778s][info][gc             ] GC(1485) Pause Young (Normal) (G1 Evacuation Pause) 6810M->2308M(8192M) 150.462ms
[7786.778s][info][gc,cpu         ] GC(1485) User=1.19s Sys=0.00s Real=0.15s
...[7789.585s][info][gc,start       ] GC(1486) Pause Young (Normal) (G1 Evacuation Pause)
[7789.585s][info][gc,task        ] GC(1486) Using 8 workers of 8 for evacuation
[7789.733s][info][gc,phases      ] GC(1486)   Pre Evacuate Collection Set: 0.22ms
[7789.733s][info][gc,phases      ] GC(1486)   Merge Heap Roots: 0.51ms
[7789.733s][info][gc,phases      ] GC(1486)   Evacuate Collection Set: 145.82ms
[7789.733s][info][gc,phases      ] GC(1486)   Post Evacuate Collection Set: 1.01ms
[7789.733s][info][gc,phases      ] GC(1486)   Other: 0.06ms
[7789.733s][info][gc,heap        ] GC(1486) Eden regions: 570->0(571)
[7789.733s][info][gc,heap        ] GC(1486) Survivor regions: 44->43(77)
[7789.733s][info][gc,heap        ] GC(1486) Old regions: 216->223
[7789.733s][info][gc,heap        ] GC(1486) Humongous regions: 33->33
[7789.733s][info][gc,metaspace   ] GC(1486) Metaspace: 35837K(38144K)->35837K(38144K) NonClass: 26765K(27072K)->26765K(27072K) Class: 9071K(11072K)->9071K(11072K)
[7789.733s][info][gc             ] GC(1486) Pause Young (Normal) (G1 Evacuation Pause) 6868M->2361M(8192M) 147.735ms
[7789.733s][info][gc,cpu         ] GC(1486) User=1.17s Sys=0.00s Real=0.15s
...[7792.573s][info][gc,start       ] GC(1487) Pause Young (Normal) (G1 Evacuation Pause)
[7792.573s][info][gc,task        ] GC(1487) Using 8 workers of 8 for evacuation
[7792.722s][info][gc,phases      ] GC(1487)   Pre Evacuate Collection Set: 0.23ms
[7792.722s][info][gc,phases      ] GC(1487)   Merge Heap Roots: 0.52ms
[7792.722s][info][gc,phases      ] GC(1487)   Evacuate Collection Set: 147.54ms
[7792.722s][info][gc,phases      ] GC(1487)   Post Evacuate Collection Set: 1.08ms
[7792.722s][info][gc,phases      ] GC(1487)   Other: 0.06ms
[7792.722s][info][gc,heap        ] GC(1487) Eden regions: 571->0(571)
[7792.722s][info][gc,heap        ] GC(1487) Survivor regions: 43->43(77)
[7792.722s][info][gc,heap        ] GC(1487) Old regions: 223->230
[7792.722s][info][gc,heap        ] GC(1487) Humongous regions: 33->33
[7792.722s][info][gc,metaspace   ] GC(1487) Metaspace: 35837K(38144K)->35837K(38144K) NonClass: 26765K(27072K)->26765K(27072K) Class: 9071K(11072K)->9071K(11072K)
[7792.722s][info][gc             ] GC(1487) Pause Young (Normal) (G1 Evacuation Pause) 6929M->2418M(8192M) 149.577ms
[7792.722s][info][gc,cpu         ] GC(1487) User=1.18s Sys=0.00s Real=0.15s
...[7795.517s][info][gc,start       ] GC(1488) Pause Young (Normal) (G1 Evacuation Pause)
[7795.517s][info][gc,task        ] GC(1488) Using 8 workers of 8 for evacuation
[7795.664s][info][gc,phases      ] GC(1488)   Pre Evacuate Collection Set: 0.23ms
[7795.664s][info][gc,phases      ] GC(1488)   Merge Heap Roots: 0.51ms
[7795.664s][info][gc,phases      ] GC(1488)   Evacuate Collection Set: 145.67ms
[7795.664s][info][gc,phases      ] GC(1488)   Post Evacuate Collection Set: 1.04ms
[7795.664s][info][gc,phases      ] GC(1488)   Other: 0.06ms
[7795.664s][info][gc,heap        ] GC(1488) Eden regions: 571->0(570)
[7795.664s][info][gc,heap        ] GC(1488) Survivor regions: 43->44(77)
[7795.664s][info][gc,heap        ] GC(1488) Old regions: 230->237
[7795.664s][info][gc,heap        ] GC(1488) Humongous regions: 33->33
[7795.664s][info][gc,metaspace   ] GC(1488) Metaspace: 35837K(38144K)->35837K(38144K) NonClass: 26765K(27072K)->26765K(27072K) Class: 9071K(11072K)->9071K(11072K)
[7795.665s][info][gc             ] GC(1488) Pause Young (Normal) (G1 Evacuation Pause) 6986M->2480M(8192M) 147.646ms
[7795.665s][info][gc,cpu         ] GC(1488) User=1.17s Sys=0.00s Real=0.15s
...[7798.429s][info][gc,start       ] GC(1489) Pause Young (Normal) (G1 Evacuation Pause)
[7798.429s][info][gc,task        ] GC(1489) Using 8 workers of 8 for evacuation
[7798.589s][info][gc,phases      ] GC(1489)   Pre Evacuate Collection Set: 0.21ms
[7798.589s][info][gc,phases      ] GC(1489)   Merge Heap Roots: 0.54ms
[7798.589s][info][gc,phases      ] GC(1489)   Evacuate Collection Set: 157.88ms
[7798.589s][info][gc,phases      ] GC(1489)   Post Evacuate Collection Set: 1.02ms
[7798.589s][info][gc,phases      ] GC(1489)   Other: 0.07ms
[7798.589s][info][gc,heap        ] GC(1489) Eden regions: 570->0(567)
[7798.589s][info][gc,heap        ] GC(1489) Survivor regions: 44->47(77)
[7798.589s][info][gc,heap        ] GC(1489) Old regions: 237->244
[7798.589s][info][gc,heap        ] GC(1489) Humongous regions: 33->33
[7798.589s][info][gc,metaspace   ] GC(1489) Metaspace: 35837K(38144K)->35837K(38144K) NonClass: 26765K(27072K)->26765K(27072K) Class: 9071K(11072K)->9071K(11072K)
[7798.589s][info][gc             ] GC(1489) Pause Young (Normal) (G1 Evacuation Pause) 7040M->2559M(8192M) 159.839ms
[7798.589s][info][gc,cpu         ] GC(1489) User=1.27s Sys=0.00s Real=0.16s
...[7801.426s][info][gc,start       ] GC(1490) Pause Young (Normal) (G1 Evacuation Pause)
[7801.426s][info][gc,task        ] GC(1490) Using 8 workers of 8 for evacuation
[7801.578s][info][gc,phases      ] GC(1490)   Pre Evacuate Collection Set: 0.22ms
[7801.578s][info][gc,phases      ] GC(1490)   Merge Heap Roots: 0.52ms
[7801.578s][info][gc,phases      ] GC(1490)   Evacuate Collection Set: 149.70ms
[7801.578s][info][gc,phases      ] GC(1490)   Post Evacuate Collection Set: 1.03ms
[7801.578s][info][gc,phases      ] GC(1490)   Other: 0.07ms
[7801.578s][info][gc,heap        ] GC(1490) Eden regions: 567->0(570)
[7801.578s][info][gc,heap        ] GC(1490) Survivor regions: 47->44(77)
[7801.578s][info][gc,heap        ] GC(1490) Old regions: 244->252
[7801.578s][info][gc,heap        ] GC(1490) Humongous regions: 33->33
[7801.578s][info][gc,metaspace   ] GC(1490) Metaspace: 35837K(38144K)->35837K(38144K) NonClass: 26765K(27072K)->26765K(27072K) Class: 9071K(11072K)->9071K(11072K)
[7801.578s][info][gc             ] GC(1490) Pause Young (Normal) (G1 Evacuation Pause) 7095M->2593M(8192M) 151.675ms
[7801.578s][info][gc,cpu         ] GC(1490) User=1.20s Sys=0.00s Real=0.16s
...[7804.375s][info][gc,start       ] GC(1491) Pause Young (Normal) (G1 Evacuation Pause)
[7804.375s][info][gc,task        ] GC(1491) Using 8 workers of 8 for evacuation
[7804.528s][info][gc,phases      ] GC(1491)   Pre Evacuate Collection Set: 0.20ms
[7804.528s][info][gc,phases      ] GC(1491)   Merge Heap Roots: 0.53ms
[7804.528s][info][gc,phases      ] GC(1491)   Evacuate Collection Set: 150.82ms
[7804.528s][info][gc,phases      ] GC(1491)   Post Evacuate Collection Set: 1.02ms
[7804.528s][info][gc,phases      ] GC(1491)   Other: 0.08ms
[7804.528s][info][gc,heap        ] GC(1491) Eden regions: 570->0(571)
[7804.528s][info][gc,heap        ] GC(1491) Survivor regions: 44->43(77)
[7804.528s][info][gc,heap        ] GC(1491) Old regions: 252->259
[7804.528s][info][gc,heap        ] GC(1491) Humongous regions: 33->33
[7804.528s][info][gc,metaspace   ] GC(1491) Metaspace: 35837K(38144K)->35837K(38144K) NonClass: 26765K(27072K)->26765K(27072K) Class: 9071K(11072K)->9071K(11072K)
[7804.528s][info][gc             ] GC(1491) Pause Young (Normal) (G1 Evacuation Pause) 7153M->2649M(8192M) 152.789ms
[7804.528s][info][gc,cpu         ] GC(1491) User=1.21s Sys=0.00s Real=0.16s
...[7807.374s][info][gc,start       ] GC(1492) Pause Young (Normal) (G1 Evacuation Pause)
[7807.374s][info][gc,task        ] GC(1492) Using 8 workers of 8 for evacuation
[7807.530s][info][gc,phases      ] GC(1492)   Pre Evacuate Collection Set: 0.22ms
[7807.530s][info][gc,phases      ] GC(1492)   Merge Heap Roots: 0.52ms
[7807.530s][info][gc,phases      ] GC(1492)   Evacuate Collection Set: 154.02ms
[7807.530s][info][gc,phases      ] GC(1492)   Post Evacuate Collection Set: 1.04ms
[7807.530s][info][gc,phases      ] GC(1492)   Other: 0.06ms
[7807.530s][info][gc,heap        ] GC(1492) Eden regions: 571->0(569)
[7807.530s][info][gc,heap        ] GC(1492) Survivor regions: 43->45(77)
[7807.530s][info][gc,heap        ] GC(1492) Old regions: 259->266
[7807.530s][info][gc,heap        ] GC(1492) Humongous regions: 33->33
[7807.530s][info][gc,metaspace   ] GC(1492) Metaspace: 35837K(38144K)->35837K(38144K) NonClass: 26765K(27072K)->26765K(27072K) Class: 9071K(11072K)->9071K(11072K)
[7807.530s][info][gc             ] GC(1492) Pause Young (Normal) (G1 Evacuation Pause) 7217M->2721M(8192M) 155.988ms
[7807.530s][info][gc,cpu         ] GC(1492) User=1.24s Sys=0.00s Real=0.16s
...[7810.365s][info][gc,start       ] GC(1493) Pause Young (Normal) (G1 Evacuation Pause)
[7810.365s][info][gc,task        ] GC(1493) Using 8 workers of 8 for evacuation
[7810.517s][info][gc,phases      ] GC(1493)   Pre Evacuate Collection Set: 0.21ms
[7810.517s][info][gc,phases      ] GC(1493)   Merge Heap Roots: 0.52ms
[7810.517s][info][gc,phases      ] GC(1493)   Evacuate Collection Set: 150.01ms
[7810.517s][info][gc,phases      ] GC(1493)   Post Evacuate Collection Set: 1.05ms
[7810.517s][info][gc,phases      ] GC(1493)   Other: 0.06ms
[7810.517s][info][gc,heap        ] GC(1493) Eden regions: 569->0(571)
[7810.517s][info][gc,heap        ] GC(1493) Survivor regions: 45->43(77)
[7810.517s][info][gc,heap        ] GC(1493) Old regions: 266->273
[7810.517s][info][gc,heap        ] GC(1493) Humongous regions: 33->33
[7810.517s][info][gc,metaspace   ] GC(1493) Metaspace: 35837K(38144K)->35837K(38144K) NonClass: 26765K(27072K)->26765K(27072K) Class: 9071K(11072K)->9071K(11072K)
[7810.517s][info][gc             ] GC(1493) Pause Young (Normal) (G1 Evacuation Pause) 7273M->2764M(8192M) 151.974ms
[7810.517s][info][gc,cpu         ] GC(1493) User=1.20s Sys=0.01s Real=0.16s
...[7813.293s][info][gc,start       ] GC(1494) Pause Young (Normal) (G1 Evacuation Pause)
[7813.293s][info][gc,task        ] GC(1494) Using 8 workers of 8 for evacuation
[7813.453s][info][gc,phases      ] GC(1494)   Pre Evacuate Collection Set: 0.22ms
[7813.453s][info][gc,phases      ] GC(1494)   Merge Heap Roots: 0.52ms
[7813.453s][info][gc,phases      ] GC(1494)   Evacuate Collection Set: 158.31ms
[7813.453s][info][gc,phases      ] GC(1494)   Post Evacuate Collection Set: 1.03ms
[7813.453s][info][gc,phases      ] GC(1494)   Other: 0.06ms
[7813.453s][info][gc,heap        ] GC(1494) Eden regions: 571->0(565)
[7813.453s][info][gc,heap        ] GC(1494) Survivor regions: 43->47(77)
[7813.453s][info][gc,heap        ] GC(1494) Old regions: 273->280
[7813.453s][info][gc,heap        ] GC(1494) Humongous regions: 33->33
[7813.453s][info][gc,metaspace   ] GC(1494) Metaspace: 35837K(38144K)->35837K(38144K) NonClass: 26765K(27072K)->26765K(27072K) Class: 9071K(11072K)->9071K(11072K)
[7813.453s][info][gc             ] GC(1494) Pause Young (Normal) (G1 Evacuation Pause) 7332M->2848M(8192M) 160.265ms
[7813.453s][info][gc,cpu         ] GC(1494) User=1.27s Sys=0.00s Real=0.16s
..[7816.291s][info][gc,start       ] GC(1495) Pause Young (Normal) (G1 Evacuation Pause)
[7816.291s][info][gc,task        ] GC(1495) Using 8 workers of 8 for evacuation
[7816.444s][info][gc,phases      ] GC(1495)   Pre Evacuate Collection Set: 0.21ms
[7816.444s][info][gc,phases      ] GC(1495)   Merge Heap Roots: 0.51ms
[7816.444s][info][gc,phases      ] GC(1495)   Evacuate Collection Set: 151.71ms
[7816.444s][info][gc,phases      ] GC(1495)   Post Evacuate Collection Set: 1.04ms
[7816.444s][info][gc,phases      ] GC(1495)   Other: 0.08ms
[7816.444s][info][gc,heap        ] GC(1495) Eden regions: 565->0(563)
[7816.444s][info][gc,heap        ] GC(1495) Survivor regions: 47->44(77)
[7816.444s][info][gc,heap        ] GC(1495) Old regions: 280->288
[7816.444s][info][gc,heap        ] GC(1495) Humongous regions: 33->33
[7816.444s][info][gc,metaspace   ] GC(1495) Metaspace: 35837K(38144K)->35837K(38144K) NonClass: 26765K(27072K)->26765K(27072K) Class: 9071K(11072K)->9071K(11072K)
[7816.444s][info][gc             ] GC(1495) Pause Young (Normal) (G1 Evacuation Pause) 7368M->2885M(8192M) 153.683ms
[7816.445s][info][gc,cpu         ] GC(1495) User=1.22s Sys=0.01s Real=0.15s
...[7819.127s][info][gc,start       ] GC(1496) Pause Young (Normal) (G1 Evacuation Pause)
[7819.127s][info][gc,task        ] GC(1496) Using 8 workers of 8 for evacuation
[7819.290s][info][gc,phases      ] GC(1496)   Pre Evacuate Collection Set: 0.22ms
[7819.290s][info][gc,phases      ] GC(1496)   Merge Heap Roots: 0.51ms
[7819.290s][info][gc,phases      ] GC(1496)   Evacuate Collection Set: 160.32ms
[7819.290s][info][gc,phases      ] GC(1496)   Post Evacuate Collection Set: 1.01ms
[7819.290s][info][gc,phases      ] GC(1496)   Other: 0.06ms
[7819.290s][info][gc,heap        ] GC(1496) Eden regions: 563->0(550)
[7819.290s][info][gc,heap        ] GC(1496) Survivor regions: 44->47(76)
[7819.290s][info][gc,heap        ] GC(1496) Old regions: 288->295
[7819.290s][info][gc,heap        ] GC(1496) Humongous regions: 33->33
[7819.290s][info][gc,metaspace   ] GC(1496) Metaspace: 35837K(38144K)->35837K(38144K) NonClass: 26765K(27072K)->26765K(27072K) Class: 9071K(11072K)->9071K(11072K)
[7819.290s][info][gc             ] GC(1496) Pause Young (Normal) (G1 Evacuation Pause) 7389M->2962M(8192M) 162.245ms
[7819.290s][info][gc,cpu         ] GC(1496) User=1.29s Sys=0.00s Real=0.16s
...[7821.963s][info][gc,start       ] GC(1497) Pause Young (Normal) (G1 Evacuation Pause)
[7821.963s][info][gc,task        ] GC(1497) Using 8 workers of 8 for evacuation
[7822.115s][info][gc,phases      ] GC(1497)   Pre Evacuate Collection Set: 0.21ms
[7822.115s][info][gc,phases      ] GC(1497)   Merge Heap Roots: 0.51ms
[7822.115s][info][gc,phases      ] GC(1497)   Evacuate Collection Set: 150.03ms
[7822.115s][info][gc,phases      ] GC(1497)   Post Evacuate Collection Set: 1.01ms
[7822.115s][info][gc,phases      ] GC(1497)   Other: 0.06ms
[7822.115s][info][gc,heap        ] GC(1497) Eden regions: 550->0(551)
[7822.115s][info][gc,heap        ] GC(1497) Survivor regions: 47->43(75)
[7822.115s][info][gc,heap        ] GC(1497) Old regions: 295->302
[7822.115s][info][gc,heap        ] GC(1497) Humongous regions: 33->33
[7822.115s][info][gc,metaspace   ] GC(1497) Metaspace: 35837K(38144K)->35837K(38144K) NonClass: 26765K(27072K)->26765K(27072K) Class: 9071K(11072K)->9071K(11072K)
[7822.115s][info][gc             ] GC(1497) Pause Young (Normal) (G1 Evacuation Pause) 7362M->2990M(8192M) 151.958ms
[7822.115s][info][gc,cpu         ] GC(1497) User=1.20s Sys=0.00s Real=0.15s
...[7824.789s][info][gc,start       ] GC(1498) Pause Young (Concurrent Start) (G1 Evacuation Pause)
[7824.789s][info][gc,task        ] GC(1498) Using 8 workers of 8 for evacuation
[7824.939s][info][gc,phases      ] GC(1498)   Pre Evacuate Collection Set: 0.25ms
[7824.939s][info][gc,phases      ] GC(1498)   Merge Heap Roots: 0.51ms
[7824.939s][info][gc,phases      ] GC(1498)   Evacuate Collection Set: 147.91ms
[7824.939s][info][gc,phases      ] GC(1498)   Post Evacuate Collection Set: 1.00ms
[7824.939s][info][gc,phases      ] GC(1498)   Other: 0.09ms
[7824.939s][info][gc,heap        ] GC(1498) Eden regions: 551->0(542)
[7824.939s][info][gc,heap        ] GC(1498) Survivor regions: 43->44(75)
[7824.939s][info][gc,heap        ] GC(1498) Old regions: 302->309
[7824.939s][info][gc,heap        ] GC(1498) Humongous regions: 33->33
[7824.939s][info][gc,metaspace   ] GC(1498) Metaspace: 35837K(38144K)->35837K(38144K) NonClass: 26765K(27072K)->26765K(27072K) Class: 9071K(11072K)->9071K(11072K)
[7824.939s][info][gc             ] GC(1498) Pause Young (Concurrent Start) (G1 Evacuation Pause) 7398M->3055M(8192M) 149.894ms
[7824.939s][info][gc             ] GC(1499) Concurrent Mark Cycle
[7824.939s][info][gc,marking     ] GC(1499) Concurrent Scan Root Regions
[7824.939s][info][gc,cpu         ] GC(1498) User=1.19s Sys=0.00s Real=0.15s
[7825.325s][info][gc,marking     ] GC(1499) Concurrent Scan Root Regions 386.489ms
[7825.325s][info][gc,marking     ] GC(1499) Concurrent Mark
[7825.325s][info][gc,marking     ] GC(1499) Concurrent Mark From Roots
[7825.325s][info][gc,task        ] GC(1499) Using 2 workers of 2 for marking
..[7826.618s][info][gc,marking     ] GC(1499) Concurrent Mark From Roots 1292.228ms
[7826.618s][info][gc,marking     ] GC(1499) Concurrent Preclean
[7826.618s][info][gc,marking     ] GC(1499) Concurrent Preclean 0.062ms
[7826.618s][info][gc,start       ] GC(1499) Pause Remark
[7826.620s][info][gc             ] GC(1499) Pause Remark 5028M->4460M(8192M) 1.972ms
[7826.620s][info][gc,cpu         ] GC(1499) User=0.01s Sys=0.00s Real=0.00s
[7826.620s][info][gc,marking     ] GC(1499) Concurrent Mark 1294.574ms
[7826.620s][info][gc,marking     ] GC(1499) Concurrent Rebuild Remembered Sets and Scrub Regions
[7827.366s][info][gc,marking     ] GC(1499) Concurrent Rebuild Remembered Sets and Scrub Regions 745.933ms
[7827.366s][info][gc,start       ] GC(1499) Pause Cleanup
[7827.366s][info][gc             ] GC(1499) Pause Cleanup 5495M->5495M(8192M) 0.257ms
[7827.367s][info][gc,cpu         ] GC(1499) User=0.00s Sys=0.00s Real=0.00s
[7827.367s][info][gc,marking     ] GC(1499) Concurrent Clear Claimed Marks
[7827.367s][info][gc,marking     ] GC(1499) Concurrent Clear Claimed Marks 0.042ms
[7827.367s][info][gc,marking     ] GC(1499) Concurrent Cleanup for Next Mark
[7827.377s][info][gc,marking     ] GC(1499) Concurrent Cleanup for Next Mark 10.891ms
[7827.378s][info][gc             ] GC(1499) Concurrent Mark Cycle 2438.643ms
.[7828.218s][info][gc,start       ] GC(1500) Pause Young (Prepare Mixed) (G1 Evacuation Pause)
[7828.218s][info][gc,task        ] GC(1500) Using 8 workers of 8 for evacuation
[7828.363s][info][gc,phases      ] GC(1500)   Pre Evacuate Collection Set: 0.22ms
[7828.363s][info][gc,phases      ] GC(1500)   Merge Heap Roots: 0.74ms
[7828.363s][info][gc,phases      ] GC(1500)   Evacuate Collection Set: 142.93ms
[7828.363s][info][gc,phases      ] GC(1500)   Post Evacuate Collection Set: 1.14ms
[7828.363s][info][gc,phases      ] GC(1500)   Other: 0.06ms
[7828.363s][info][gc,heap        ] GC(1500) Eden regions: 542->0(571)
[7828.363s][info][gc,heap        ] GC(1500) Survivor regions: 44->43(74)
[7828.363s][info][gc,heap        ] GC(1500) Old regions: 238->246
[7828.363s][info][gc,heap        ] GC(1500) Humongous regions: 33->33
[7828.363s][info][gc,metaspace   ] GC(1500) Metaspace: 35837K(38144K)->35837K(38144K) NonClass: 26765K(27072K)->26765K(27072K) Class: 9071K(11072K)->9071K(11072K)
[7828.363s][info][gc             ] GC(1500) Pause Young (Prepare Mixed) (G1 Evacuation Pause) 6823M->2540M(8192M) 145.221ms
[7828.363s][info][gc,cpu         ] GC(1500) User=1.15s Sys=0.00s Real=0.14s
...[7831.157s][info][gc,start       ] GC(1501) Pause Young (Mixed) (G1 Evacuation Pause)
[7831.157s][info][gc,task        ] GC(1501) Using 8 workers of 8 for evacuation
[7831.316s][info][gc,phases      ] GC(1501)   Pre Evacuate Collection Set: 0.26ms
[7831.316s][info][gc,phases      ] GC(1501)   Merge Heap Roots: 0.96ms
[7831.316s][info][gc,phases      ] GC(1501)   Evacuate Collection Set: 156.70ms
[7831.316s][info][gc,phases      ] GC(1501)   Post Evacuate Collection Set: 1.29ms
[7831.316s][info][gc,phases      ] GC(1501)   Other: 0.07ms
[7831.316s][info][gc,heap        ] GC(1501) Eden regions: 571->0(571)
[7831.316s][info][gc,heap        ] GC(1501) Survivor regions: 43->43(77)
[7831.316s][info][gc,heap        ] GC(1501) Old regions: 246->151
[7831.316s][info][gc,heap        ] GC(1501) Humongous regions: 33->33
[7831.316s][info][gc,metaspace   ] GC(1501) Metaspace: 35837K(38144K)->35837K(38144K) NonClass: 26765K(27072K)->26765K(27072K) Class: 9071K(11072K)->9071K(11072K)
[7831.316s][info][gc             ] GC(1501) Pause Young (Mixed) (G1 Evacuation Pause) 7108M->1788M(8192M) 159.415ms
[7831.316s][info][gc,cpu         ] GC(1501) User=1.26s Sys=0.00s Real=0.16s
...[7834.154s][info][gc,start       ] GC(1502) Pause Young (Mixed) (G1 Evacuation Pause)
[7834.154s][info][gc,task        ] GC(1502) Using 8 workers of 8 for evacuation
[7834.316s][info][gc,phases      ] GC(1502)   Pre Evacuate Collection Set: 0.24ms
[7834.316s][info][gc,phases      ] GC(1502)   Merge Heap Roots: 0.76ms
[7834.316s][info][gc,phases      ] GC(1502)   Evacuate Collection Set: 159.36ms
[7834.316s][info][gc,phases      ] GC(1502)   Post Evacuate Collection Set: 1.10ms
[7834.316s][info][gc,phases      ] GC(1502)   Other: 0.07ms
[7834.316s][info][gc,heap        ] GC(1502) Eden regions: 571->0(570)
[7834.316s][info][gc,heap        ] GC(1502) Survivor regions: 43->44(77)
[7834.316s][info][gc,heap        ] GC(1502) Old regions: 151->143
[7834.316s][info][gc,heap        ] GC(1502) Humongous regions: 33->33
[7834.316s][info][gc,metaspace   ] GC(1502) Metaspace: 35837K(38144K)->35837K(38144K) NonClass: 26765K(27072K)->26765K(27072K) Class: 9071K(11072K)->9071K(11072K)
[7834.316s][info][gc             ] GC(1502) Pause Young (Mixed) (G1 Evacuation Pause) 6356M->1723M(8192M) 161.658ms
[7834.316s][info][gc,cpu         ] GC(1502) User=1.28s Sys=0.00s Real=0.16s
...[7837.098s][info][gc,start       ] GC(1503) Pause Young (Normal) (G1 Evacuation Pause)
[7837.098s][info][gc,task        ] GC(1503) Using 8 workers of 8 for evacuation
[7837.253s][info][gc,phases      ] GC(1503)   Pre Evacuate Collection Set: 0.22ms
[7837.253s][info][gc,phases      ] GC(1503)   Merge Heap Roots: 0.51ms
[7837.253s][info][gc,phases      ] GC(1503)   Evacuate Collection Set: 152.97ms
[7837.253s][info][gc,phases      ] GC(1503)   Post Evacuate Collection Set: 1.05ms
[7837.253s][info][gc,phases      ] GC(1503)   Other: 0.06ms
[7837.253s][info][gc,heap        ] GC(1503) Eden regions: 570->0(570)
[7837.253s][info][gc,heap        ] GC(1503) Survivor regions: 44->44(77)
[7837.253s][info][gc,heap        ] GC(1503) Old regions: 143->150
[7837.253s][info][gc,heap        ] GC(1503) Humongous regions: 33->33
[7837.253s][info][gc,metaspace   ] GC(1503) Metaspace: 35837K(38144K)->35837K(38144K) NonClass: 26765K(27072K)->26765K(27072K) Class: 9071K(11072K)->9071K(11072K)
[7837.253s][info][gc             ] GC(1503) Pause Young (Normal) (G1 Evacuation Pause) 6283M->1786M(8192M) 154.951ms
[7837.253s][info][gc,cpu         ] GC(1503) User=1.23s Sys=0.00s Real=0.15s
...[7840.147s][info][gc,start       ] GC(1504) Pause Young (Normal) (G1 Evacuation Pause)
[7840.147s][info][gc,task        ] GC(1504) Using 8 workers of 8 for evacuation
[7840.300s][info][gc,phases      ] GC(1504)   Pre Evacuate Collection Set: 0.21ms
[7840.300s][info][gc,phases      ] GC(1504)   Merge Heap Roots: 0.52ms
[7840.300s][info][gc,phases      ] GC(1504)   Evacuate Collection Set: 151.00ms
[7840.300s][info][gc,phases      ] GC(1504)   Post Evacuate Collection Set: 1.03ms
[7840.300s][info][gc,phases      ] GC(1504)   Other: 0.06ms
[7840.300s][info][gc,heap        ] GC(1504) Eden regions: 570->0(570)
[7840.300s][info][gc,heap        ] GC(1504) Survivor regions: 44->44(77)
[7840.300s][info][gc,heap        ] GC(1504) Old regions: 150->157
[7840.300s][info][gc,heap        ] GC(1504) Humongous regions: 33->33
[7840.300s][info][gc,metaspace   ] GC(1504) Metaspace: 35837K(38144K)->35837K(38144K) NonClass: 26765K(27072K)->26765K(27072K) Class: 9071K(11072K)->9071K(11072K)
[7840.300s][info][gc             ] GC(1504) Pause Young (Normal) (G1 Evacuation Pause) 6346M->1840M(8192M) 152.955ms
[7840.300s][info][gc,cpu         ] GC(1504) User=1.21s Sys=0.00s Real=0.15s
...[7843.160s][info][gc,start       ] GC(1505) Pause Young (Normal) (G1 Evacuation Pause)
[7843.160s][info][gc,task        ] GC(1505) Using 8 workers of 8 for evacuation
[7843.310s][info][gc,phases      ] GC(1505)   Pre Evacuate Collection Set: 0.23ms
[7843.310s][info][gc,phases      ] GC(1505)   Merge Heap Roots: 0.51ms
[7843.310s][info][gc,phases      ] GC(1505)   Evacuate Collection Set: 148.99ms
[7843.310s][info][gc,phases      ] GC(1505)   Post Evacuate Collection Set: 1.04ms
[7843.310s][info][gc,phases      ] GC(1505)   Other: 0.06ms
[7843.310s][info][gc,heap        ] GC(1505) Eden regions: 570->0(571)
[7843.310s][info][gc,heap        ] GC(1505) Survivor regions: 44->43(77)
[7843.310s][info][gc,heap        ] GC(1505) Old regions: 157->165
[7843.310s][info][gc,heap        ] GC(1505) Humongous regions: 33->33
[7843.310s][info][gc,metaspace   ] GC(1505) Metaspace: 35837K(38144K)->35837K(38144K) NonClass: 26765K(27072K)->26765K(27072K) Class: 9071K(11072K)->9071K(11072K)
[7843.310s][info][gc             ] GC(1505) Pause Young (Normal) (G1 Evacuation Pause) 6400M->1897M(8192M) 150.980ms
[7843.311s][info][gc,cpu         ] GC(1505) User=1.20s Sys=0.00s Real=0.15s
...[7846.135s][info][gc,start       ] GC(1506) Pause Young (Normal) (G1 Evacuation Pause)
[7846.135s][info][gc,task        ] GC(1506) Using 8 workers of 8 for evacuation
[7846.288s][info][gc,phases      ] GC(1506)   Pre Evacuate Collection Set: 0.23ms
[7846.288s][info][gc,phases      ] GC(1506)   Merge Heap Roots: 0.52ms
[7846.288s][info][gc,phases      ] GC(1506)   Evacuate Collection Set: 151.71ms
[7846.288s][info][gc,phases      ] GC(1506)   Post Evacuate Collection Set: 1.03ms
[7846.288s][info][gc,phases      ] GC(1506)   Other: 0.06ms
[7846.288s][info][gc,heap        ] GC(1506) Eden regions: 571->0(569)
[7846.288s][info][gc,heap        ] GC(1506) Survivor regions: 43->45(77)
[7846.288s][info][gc,heap        ] GC(1506) Old regions: 165->172
[7846.288s][info][gc,heap        ] GC(1506) Humongous regions: 33->33
[7846.288s][info][gc,metaspace   ] GC(1506) Metaspace: 35837K(38144K)->35837K(38144K) NonClass: 26765K(27072K)->26765K(27072K) Class: 9071K(11072K)->9071K(11072K)
[7846.288s][info][gc             ] GC(1506) Pause Young (Normal) (G1 Evacuation Pause) 6465M->1965M(8192M) 153.665ms
[7846.288s][info][gc,cpu         ] GC(1506) User=1.22s Sys=0.00s Real=0.16s
...[7848.960s][info][gc,start       ] GC(1507) Pause Young (Normal) (G1 Evacuation Pause)
[7848.960s][info][gc,task        ] GC(1507) Using 8 workers of 8 for evacuation
[7849.109s][info][gc,phases      ] GC(1507)   Pre Evacuate Collection Set: 0.22ms
[7849.109s][info][gc,phases      ] GC(1507)   Merge Heap Roots: 0.52ms
[7849.109s][info][gc,phases      ] GC(1507)   Evacuate Collection Set: 147.03ms
[7849.109s][info][gc,phases      ] GC(1507)   Post Evacuate Collection Set: 1.01ms
[7849.109s][info][gc,phases      ] GC(1507)   Other: 0.06ms
[7849.109s][info][gc,heap        ] GC(1507) Eden regions: 569->0(570)
[7849.109s][info][gc,heap        ] GC(1507) Survivor regions: 45->44(77)
[7849.109s][info][gc,heap        ] GC(1507) Old regions: 172->179
[7849.109s][info][gc,heap        ] GC(1507) Humongous regions: 33->33
[7849.109s][info][gc,metaspace   ] GC(1507) Metaspace: 35837K(38144K)->35837K(38144K) NonClass: 26765K(27072K)->26765K(27072K) Class: 9071K(11072K)->9071K(11072K)
[7849.109s][info][gc             ] GC(1507) Pause Young (Normal) (G1 Evacuation Pause) 6517M->2013M(8192M) 148.972ms
[7849.109s][info][gc,cpu         ] GC(1507) User=1.18s Sys=0.00s Real=0.15s
.. (rIR:aIR:PR = 13007:13013:12891) (tPR = 190823) [OK] 
  7850s: Performance info:
         Transaction,    Success,    Partial,     Failed,   Receipts, AvgBarcode, 
             Overall,     969391,          0,          0,     920681,      59.47, 
         Response times:
             Request,    Success,    Partial,     Failed,   SkipFail,     Probes,    Samples,      min,      p50,      p90,      p95,      p99,      max, 
       TotalPurchase,     929477,          0,          0,          0,     290804,     533718,      500,   278000,   620000,   750000,  1300000, 13000000,
     InStorePurchase,     488649,          0,          0,          0,     149500,     280444,      500,   277000,   620000,   760000,  1400000, 13000000,
      OnlinePurchase,     341175,          0,          0,          0,     106634,     197054,     1200,   278000,   594000,   750000,  1100000, 13000000,
        InstPurchase,      99653,          0,          0,          0,      34670,      56220,      900,   285000,   620000,   740000,   950000, 13000000,
          AssocOfCat,        982,          0,          0,          0,        666,       1141,    61000,   325000,   630000,   720000,   970000,  1800000,
      AssocOfProduct,       9904,          0,          0,          0,       3698,       6097,     1300,   272000,   542000,   670000,  1300000, 13000000,
      BusinessReport,       2449,          0,          0,          0,       1564,       2834,    70000,   341000,   610000,   720000,  1200000, 13000000,
          CustBuyBeh,       9759,          0,          0,          0,       3761,       6119,     2800,   284000,   550000,   700000,  1500000, 13000000,
       ProductReturn,      25996,          0,          0,          0,       9280,      14601,     1900,   277000,   533000,   650000,   940000, 13000000,

  7850s: (95%)   IR =  13145 .[7851.956s][info][gc,start       ] GC(1508) Pause Young (Normal) (G1 Evacuation Pause)
[7851.956s][info][gc,task        ] GC(1508) Using 8 workers of 8 for evacuation
[7852.111s][info][gc,phases      ] GC(1508)   Pre Evacuate Collection Set: 0.21ms
[7852.111s][info][gc,phases      ] GC(1508)   Merge Heap Roots: 0.54ms
[7852.111s][info][gc,phases      ] GC(1508)   Evacuate Collection Set: 153.08ms
[7852.111s][info][gc,phases      ] GC(1508)   Post Evacuate Collection Set: 1.04ms
[7852.111s][info][gc,phases      ] GC(1508)   Other: 0.06ms
[7852.111s][info][gc,heap        ] GC(1508) Eden regions: 570->0(569)
[7852.111s][info][gc,heap        ] GC(1508) Survivor regions: 44->45(77)
[7852.111s][info][gc,heap        ] GC(1508) Old regions: 179->186
[7852.111s][info][gc,heap        ] GC(1508) Humongous regions: 33->33
[7852.111s][info][gc,metaspace   ] GC(1508) Metaspace: 35837K(38144K)->35837K(38144K) NonClass: 26765K(27072K)->26765K(27072K) Class: 9071K(11072K)->9071K(11072K)
[7852.111s][info][gc             ] GC(1508) Pause Young (Normal) (G1 Evacuation Pause) 6573M->2077M(8192M) 155.048ms
[7852.111s][info][gc,cpu         ] GC(1508) User=1.22s Sys=0.00s Real=0.16s
...[7854.856s][info][gc,start       ] GC(1509) Pause Young (Normal) (G1 Evacuation Pause)
[7854.856s][info][gc,task        ] GC(1509) Using 8 workers of 8 for evacuation
[7855.012s][info][gc,phases      ] GC(1509)   Pre Evacuate Collection Set: 0.21ms
[7855.012s][info][gc,phases      ] GC(1509)   Merge Heap Roots: 0.52ms
[7855.012s][info][gc,phases      ] GC(1509)   Evacuate Collection Set: 153.65ms
[7855.012s][info][gc,phases      ] GC(1509)   Post Evacuate Collection Set: 1.01ms
[7855.012s][info][gc,phases      ] GC(1509)   Other: 0.06ms
[7855.012s][info][gc,heap        ] GC(1509) Eden regions: 569->0(569)
[7855.012s][info][gc,heap        ] GC(1509) Survivor regions: 45->45(77)
[7855.012s][info][gc,heap        ] GC(1509) Old regions: 186->193
[7855.012s][info][gc,heap        ] GC(1509) Humongous regions: 33->33
[7855.012s][info][gc,metaspace   ] GC(1509) Metaspace: 35837K(38144K)->35837K(38144K) NonClass: 26765K(27072K)->26765K(27072K) Class: 9071K(11072K)->9071K(11072K)
[7855.012s][info][gc             ] GC(1509) Pause Young (Normal) (G1 Evacuation Pause) 6629M->2134M(8192M) 155.572ms
[7855.012s][info][gc,cpu         ] GC(1509) User=1.23s Sys=0.00s Real=0.16s
...[7857.813s][info][gc,start       ] GC(1510) Pause Young (Normal) (G1 Evacuation Pause)
[7857.813s][info][gc,task        ] GC(1510) Using 8 workers of 8 for evacuation
[7857.968s][info][gc,phases      ] GC(1510)   Pre Evacuate Collection Set: 0.21ms
[7857.968s][info][gc,phases      ] GC(1510)   Merge Heap Roots: 0.51ms
[7857.968s][info][gc,phases      ] GC(1510)   Evacuate Collection Set: 153.30ms
[7857.968s][info][gc,phases      ] GC(1510)   Post Evacuate Collection Set: 1.04ms
[7857.968s][info][gc,phases      ] GC(1510)   Other: 0.06ms
[7857.968s][info][gc,heap        ] GC(1510) Eden regions: 569->0(569)
[7857.968s][info][gc,heap        ] GC(1510) Survivor regions: 45->45(77)
[7857.968s][info][gc,heap        ] GC(1510) Old regions: 193->200
[7857.968s][info][gc,heap        ] GC(1510) Humongous regions: 33->33
[7857.968s][info][gc,metaspace   ] GC(1510) Metaspace: 35837K(38144K)->35837K(38144K) NonClass: 26765K(27072K)->26765K(27072K) Class: 9071K(11072K)->9071K(11072K)
[7857.968s][info][gc             ] GC(1510) Pause Young (Normal) (G1 Evacuation Pause) 6686M->2196M(8192M) 155.268ms
[7857.968s][info][gc,cpu         ] GC(1510) User=1.23s Sys=0.00s Real=0.16s
...[7860.792s][info][gc,start       ] GC(1511) Pause Young (Normal) (G1 Evacuation Pause)
[7860.792s][info][gc,task        ] GC(1511) Using 8 workers of 8 for evacuation
[7860.937s][info][gc,phases      ] GC(1511)   Pre Evacuate Collection Set: 0.23ms
[7860.937s][info][gc,phases      ] GC(1511)   Merge Heap Roots: 0.58ms
[7860.937s][info][gc,phases      ] GC(1511)   Evacuate Collection Set: 143.68ms
[7860.937s][info][gc,phases      ] GC(1511)   Post Evacuate Collection Set: 1.03ms
[7860.937s][info][gc,phases      ] GC(1511)   Other: 0.06ms
[7860.937s][info][gc,heap        ] GC(1511) Eden regions: 569->0(571)
[7860.937s][info][gc,heap        ] GC(1511) Survivor regions: 45->43(77)
[7860.938s][info][gc,heap        ] GC(1511) Old regions: 200->208
