Done; will start GCs... 
[11.373s][info][gc,metaspace] GC(3) Metaspace: 43047K(49728K)->43047K(49728K) NonClass: 25197K(25792K)->25197K(25792K) Class: 17849K(23936K)->17849K(23936K)
[11.373s][info][gc          ] GC(3) Pause Full (System.gc()) 796M->776M(6144M) 474.225ms
[11.757s][info][gc,metaspace] GC(4) Metaspace: 43047K(49728K)->43047K(49728K) NonClass: 25197K(25792K)->25197K(25792K) Class: 17849K(23936K)->17849K(23936K)
[11.757s][info][gc          ] GC(4) Pause Full (System.gc()) 776M->776M(6144M) 383.899ms
[12.149s][info][gc,metaspace] GC(5) Metaspace: 43047K(49728K)->43047K(49728K) NonClass: 25197K(25792K)->25197K(25792K) Class: 17849K(23936K)->17849K(23936K)
[12.149s][info][gc          ] GC(5) Pause Full (System.gc()) 776M->776M(6144M) 391.961ms
[12.489s][info][gc,metaspace] GC(6) Metaspace: 43047K(49728K)->43047K(49728K) NonClass: 25198K(25792K)->25198K(25792K) Class: 17849K(23936K)->17849K(23936K)
[12.489s][info][gc          ] GC(6) Pause Full (System.gc()) 776M->776M(6144M) 339.989ms
[12.864s][info][gc,metaspace] GC(7) Metaspace: 43047K(49728K)->43047K(49728K) NonClass: 25198K(25792K)->25198K(25792K) Class: 17849K(23936K)->17849K(23936K)
[12.864s][info][gc          ] GC(7) Pause Full (System.gc()) 776M->776M(6144M) 374.610ms
[13.261s][info][gc,metaspace] GC(8) Metaspace: 43047K(49728K)->43047K(49728K) NonClass: 25198K(25792K)->25198K(25792K) Class: 17849K(23936K)->17849K(23936K)
[13.261s][info][gc          ] GC(8) Pause Full (System.gc()) 776M->776M(6144M) 396.878ms
[13.636s][info][gc,metaspace] GC(9) Metaspace: 43047K(49728K)->43047K(49728K) NonClass: 25198K(25792K)->25198K(25792K) Class: 17849K(23936K)->17849K(23936K)
[13.636s][info][gc          ] GC(9) Pause Full (System.gc()) 776M->776M(6144M) 374.896ms
[14.005s][info][gc,metaspace] GC(10) Metaspace: 43047K(49728K)->43047K(49728K) NonClass: 25198K(25792K)->25198K(25792K) Class: 17849K(23936K)->17849K(23936K)
[14.005s][info][gc          ] GC(10) Pause Full (System.gc()) 776M->776M(6144M) 368.538ms
[14.384s][info][gc,metaspace] GC(11) Metaspace: 43047K(49728K)->43047K(49728K) NonClass: 25198K(25792K)->25198K(25792K) Class: 17849K(23936K)->17849K(23936K)
[14.384s][info][gc          ] GC(11) Pause Full (System.gc()) 776M->776M(6144M) 379.143ms
[14.728s][info][gc,metaspace] GC(12) Metaspace: 43047K(49728K)->43047K(49728K) NonClass: 25198K(25792K)->25198K(25792K) Class: 17849K(23936K)->17849K(23936K)
[14.728s][info][gc          ] GC(12) Pause Full (System.gc()) 776M->776M(6144M) 343.704ms
[15.074s][info][gc,metaspace] GC(13) Metaspace: 43047K(49728K)->43047K(49728K) NonClass: 25198K(25792K)->25198K(25792K) Class: 17849K(23936K)->17849K(23936K)
[15.074s][info][gc          ] GC(13) Pause Full (System.gc()) 776M->776M(6144M) 346.054ms
[15.454s][info][gc,metaspace] GC(14) Metaspace: 43047K(49728K)->43047K(49728K) NonClass: 25198K(25792K)->25198K(25792K) Class: 17849K(23936K)->17849K(23936K)
[15.454s][info][gc          ] GC(14) Pause Full (System.gc()) 776M->776M(6144M) 380.094ms
[15.801s][info][gc,metaspace] GC(15) Metaspace: 43047K(49728K)->43047K(49728K) NonClass: 25198K(25792K)->25198K(25792K) Class: 17849K(23936K)->17849K(23936K)
[15.801s][info][gc          ] GC(15) Pause Full (System.gc()) 776M->776M(6144M) 347.112ms
[16.191s][info][gc,metaspace] GC(16) Metaspace: 43047K(49728K)->43047K(49728K) NonClass: 25198K(25792K)->25198K(25792K) Class: 17849K(23936K)->17849K(23936K)
[16.191s][info][gc          ] GC(16) Pause Full (System.gc()) 776M->776M(6144M) 389.763ms
[16.538s][info][gc,metaspace] GC(17) Metaspace: 43047K(49728K)->43047K(49728K) NonClass: 25198K(25792K)->25198K(25792K) Class: 17849K(23936K)->17849K(23936K)
[16.538s][info][gc          ] GC(17) Pause Full (System.gc()) 776M->776M(6144M) 347.137ms
[16.890s][info][gc,metaspace] GC(18) Metaspace: 43047K(49728K)->43047K(49728K) NonClass: 25198K(25792K)->25198K(25792K) Class: 17849K(23936K)->17849K(23936K)
[16.890s][info][gc          ] GC(18) Pause Full (System.gc()) 776M->776M(6144M) 351.227ms
[17.296s][info][gc,metaspace] GC(19) Metaspace: 43047K(49728K)->43047K(49728K) NonClass: 25198K(25792K)->25198K(25792K) Class: 17849K(23936K)->17849K(23936K)
[17.296s][info][gc          ] GC(19) Pause Full (System.gc()) 776M->776M(6144M) 406.241ms
[17.668s][info][gc,metaspace] GC(20) Metaspace: 43047K(49728K)->43047K(49728K) NonClass: 25198K(25792K)->25198K(25792K) Class: 17849K(23936K)->17849K(23936K)
[17.668s][info][gc          ] GC(20) Pause Full (System.gc()) 776M->776M(6144M) 371.695ms
[18.052s][info][gc,metaspace] GC(21) Metaspace: 43047K(49728K)->43047K(49728K) NonClass: 25198K(25792K)->25198K(25792K) Class: 17849K(23936K)->17849K(23936K)
[18.052s][info][gc          ] GC(21) Pause Full (System.gc()) 776M->776M(6144M) 383.889ms
[18.409s][info][gc,metaspace] GC(22) Metaspace: 43047K(49728K)->43047K(49728K) NonClass: 25198K(25792K)->25198K(25792K) Class: 17849K(23936K)->17849K(23936K)
[18.409s][info][gc          ] GC(22) Pause Full (System.gc()) 776M->776M(6144M) 357.482ms
[18.754s][info][gc,metaspace] GC(23) Metaspace: 43047K(49728K)->43047K(49728K) NonClass: 25198K(25792K)->25198K(25792K) Class: 17849K(23936K)->17849K(23936K)
[18.754s][info][gc          ] GC(23) Pause Full (System.gc()) 776M->776M(6144M) 344.846ms
[19.150s][info][gc,metaspace] GC(24) Metaspace: 43047K(49728K)->43047K(49728K) NonClass: 25198K(25792K)->25198K(25792K) Class: 17849K(23936K)->17849K(23936K)
[19.150s][info][gc          ] GC(24) Pause Full (System.gc()) 776M->776M(6144M) 395.550ms
[19.503s][info][gc,metaspace] GC(25) Metaspace: 43047K(49728K)->43047K(49728K) NonClass: 25198K(25792K)->25198K(25792K) Class: 17849K(23936K)->17849K(23936K)
[19.503s][info][gc          ] GC(25) Pause Full (System.gc()) 776M->776M(6144M) 352.900ms
[19.869s][info][gc,metaspace] GC(26) Metaspace: 43047K(49728K)->43047K(49728K) NonClass: 25198K(25792K)->25198K(25792K) Class: 17849K(23936K)->17849K(23936K)
[19.869s][info][gc          ] GC(26) Pause Full (System.gc()) 776M->776M(6144M) 366.261ms
[20.245s][info][gc,metaspace] GC(27) Metaspace: 43047K(49728K)->43047K(49728K) NonClass: 25198K(25792K)->25198K(25792K) Class: 17849K(23936K)->17849K(23936K)
[20.245s][info][gc          ] GC(27) Pause Full (System.gc()) 776M->776M(6144M) 375.781ms
[20.589s][info][gc,metaspace] GC(28) Metaspace: 43047K(49728K)->43047K(49728K) NonClass: 25198K(25792K)->25198K(25792K) Class: 17849K(23936K)->17849K(23936K)
[20.589s][info][gc          ] GC(28) Pause Full (System.gc()) 776M->776M(6144M) 343.217ms
[20.941s][info][gc,metaspace] GC(29) Metaspace: 43047K(49728K)->43047K(49728K) NonClass: 25198K(25792K)->25198K(25792K) Class: 17849K(23936K)->17849K(23936K)
[20.941s][info][gc          ] GC(29) Pause Full (System.gc()) 776M->776M(6144M) 351.962ms
[21.297s][info][gc,metaspace] GC(30) Metaspace: 43047K(49728K)->43047K(49728K) NonClass: 25198K(25792K)->25198K(25792K) Class: 17849K(23936K)->17849K(23936K)
[21.297s][info][gc          ] GC(30) Pause Full (System.gc()) 776M->776M(6144M) 356.519ms
[21.693s][info][gc,metaspace] GC(31) Metaspace: 43047K(49728K)->43047K(49728K) NonClass: 25198K(25792K)->25198K(25792K) Class: 17849K(23936K)->17849K(23936K)
[21.693s][info][gc          ] GC(31) Pause Full (System.gc()) 776M->776M(6144M) 391.420ms
[22.049s][info][gc,metaspace] GC(32) Metaspace: 43047K(49728K)->43047K(49728K) NonClass: 25198K(25792K)->25198K(25792K) Class: 17849K(23936K)->17849K(23936K)
[22.049s][info][gc          ] GC(32) Pause Full (System.gc()) 776M->776M(6144M) 355.463ms
[22.415s][info][gc,metaspace] GC(33) Metaspace: 43047K(49728K)->43047K(49728K) NonClass: 25198K(25792K)->25198K(25792K) Class: 17849K(23936K)->17849K(23936K)
[22.415s][info][gc          ] GC(33) Pause Full (System.gc()) 776M->776M(6144M) 366.006ms
[22.799s][info][gc,metaspace] GC(34) Metaspace: 43047K(49728K)->43047K(49728K) NonClass: 25198K(25792K)->25198K(25792K) Class: 17849K(23936K)->17849K(23936K)
[22.799s][info][gc          ] GC(34) Pause Full (System.gc()) 776M->776M(6144M) 384.030ms
[23.191s][info][gc,metaspace] GC(35) Metaspace: 43047K(49728K)->43047K(49728K) NonClass: 25198K(25792K)->25198K(25792K) Class: 17849K(23936K)->17849K(23936K)
[23.191s][info][gc          ] GC(35) Pause Full (System.gc()) 776M->776M(6144M) 392.408ms
[23.546s][info][gc,metaspace] GC(36) Metaspace: 43047K(49728K)->43047K(49728K) NonClass: 25198K(25792K)->25198K(25792K) Class: 17849K(23936K)->17849K(23936K)
[23.546s][info][gc          ] GC(36) Pause Full (System.gc()) 776M->776M(6144M) 354.441ms
[23.884s][info][gc,metaspace] GC(37) Metaspace: 43047K(49728K)->43047K(49728K) NonClass: 25198K(25792K)->25198K(25792K) Class: 17849K(23936K)->17849K(23936K)
[23.884s][info][gc          ] GC(37) Pause Full (System.gc()) 776M->776M(6144M) 338.543ms
[24.265s][info][gc,metaspace] GC(38) Metaspace: 43047K(49728K)->43047K(49728K) NonClass: 25198K(25792K)->25198K(25792K) Class: 17849K(23936K)->17849K(23936K)
[24.265s][info][gc          ] GC(38) Pause Full (System.gc()) 776M->776M(6144M) 380.650ms
[24.611s][info][gc,metaspace] GC(39) Metaspace: 43047K(49728K)->43047K(49728K) NonClass: 25198K(25792K)->25198K(25792K) Class: 17849K(23936K)->17849K(23936K)
[24.611s][info][gc          ] GC(39) Pause Full (System.gc()) 776M->776M(6144M) 345.499ms
[24.974s][info][gc,metaspace] GC(40) Metaspace: 43047K(49728K)->43047K(49728K) NonClass: 25198K(25792K)->25198K(25792K) Class: 17849K(23936K)->17849K(23936K)
[24.974s][info][gc          ] GC(40) Pause Full (System.gc()) 776M->776M(6144M) 363.507ms
[25.370s][info][gc,metaspace] GC(41) Metaspace: 43047K(49728K)->43047K(49728K) NonClass: 25198K(25792K)->25198K(25792K) Class: 17849K(23936K)->17849K(23936K)
[25.371s][info][gc          ] GC(41) Pause Full (System.gc()) 776M->776M(6144M) 396.272ms
[25.732s][info][gc,metaspace] GC(42) Metaspace: 43047K(49728K)->43047K(49728K) NonClass: 25198K(25792K)->25198K(25792K) Class: 17849K(23936K)->17849K(23936K)
[25.732s][info][gc          ] GC(42) Pause Full (System.gc()) 776M->776M(6144M) 361.090ms
[26.073s][info][gc,metaspace] GC(43) Metaspace: 43047K(49728K)->43047K(49728K) NonClass: 25198K(25792K)->25198K(25792K) Class: 17849K(23936K)->17849K(23936K)
[26.073s][info][gc          ] GC(43) Pause Full (System.gc()) 776M->776M(6144M) 341.592ms
[26.438s][info][gc,metaspace] GC(44) Metaspace: 43047K(49728K)->43047K(49728K) NonClass: 25198K(25792K)->25198K(25792K) Class: 17849K(23936K)->17849K(23936K)
[26.438s][info][gc          ] GC(44) Pause Full (System.gc()) 776M->776M(6144M) 364.280ms
[26.790s][info][gc,metaspace] GC(45) Metaspace: 43047K(49728K)->43047K(49728K) NonClass: 25198K(25792K)->25198K(25792K) Class: 17849K(23936K)->17849K(23936K)
[26.790s][info][gc          ] GC(45) Pause Full (System.gc()) 776M->776M(6144M) 352.414ms
[27.159s][info][gc,metaspace] GC(46) Metaspace: 43047K(49728K)->43047K(49728K) NonClass: 25198K(25792K)->25198K(25792K) Class: 17849K(23936K)->17849K(23936K)
[27.159s][info][gc          ] GC(46) Pause Full (System.gc()) 776M->776M(6144M) 368.551ms
[27.514s][info][gc,metaspace] GC(47) Metaspace: 43047K(49728K)->43047K(49728K) NonClass: 25198K(25792K)->25198K(25792K) Class: 17849K(23936K)->17849K(23936K)
[27.514s][info][gc          ] GC(47) Pause Full (System.gc()) 776M->776M(6144M) 355.234ms
[27.891s][info][gc,metaspace] GC(48) Metaspace: 43047K(49728K)->43047K(49728K) NonClass: 25198K(25792K)->25198K(25792K) Class: 17849K(23936K)->17849K(23936K)
[27.891s][info][gc          ] GC(48) Pause Full (System.gc()) 776M->776M(6144M) 377.276ms
[28.274s][info][gc,metaspace] GC(49) Metaspace: 43047K(49728K)->43047K(49728K) NonClass: 25198K(25792K)->25198K(25792K) Class: 17849K(23936K)->17849K(23936K)
[28.274s][info][gc          ] GC(49) Pause Full (System.gc()) 776M->776M(6144M) 382.793ms
[28.638s][info][gc,metaspace] GC(50) Metaspace: 43047K(49728K)->43047K(49728K) NonClass: 25198K(25792K)->25198K(25792K) Class: 17849K(23936K)->17849K(23936K)
[28.638s][info][gc          ] GC(50) Pause Full (System.gc()) 776M->776M(6144M) 363.245ms
[28.997s][info][gc,metaspace] GC(51) Metaspace: 43047K(49728K)->43047K(49728K) NonClass: 25198K(25792K)->25198K(25792K) Class: 17849K(23936K)->17849K(23936K)
[28.997s][info][gc          ] GC(51) Pause Full (System.gc()) 776M->776M(6144M) 359.246ms
[29.363s][info][gc,metaspace] GC(52) Metaspace: 43047K(49728K)->43047K(49728K) NonClass: 25198K(25792K)->25198K(25792K) Class: 17849K(23936K)->17849K(23936K)
[29.363s][info][gc          ] GC(52) Pause Full (System.gc()) 776M->776M(6144M) 366.474ms
[29.703s][info][gc,metaspace] GC(53) Metaspace: 43047K(49728K)->43047K(49728K) NonClass: 25198K(25792K)->25198K(25792K) Class: 17849K(23936K)->17849K(23936K)
[29.703s][info][gc          ] GC(53) Pause Full (System.gc()) 776M->776M(6144M) 339.835ms
[30.062s][info][gc,metaspace] GC(54) Metaspace: 43047K(49728K)->43047K(49728K) NonClass: 25198K(25792K)->25198K(25792K) Class: 17849K(23936K)->17849K(23936K)
[30.062s][info][gc          ] GC(54) Pause Full (System.gc()) 776M->776M(6144M) 358.251ms
[30.430s][info][gc,metaspace] GC(55) Metaspace: 43047K(49728K)->43047K(49728K) NonClass: 25198K(25792K)->25198K(25792K) Class: 17849K(23936K)->17849K(23936K)
[30.430s][info][gc          ] GC(55) Pause Full (System.gc()) 776M->776M(6144M) 368.028ms
[30.761s][info][gc,metaspace] GC(56) Metaspace: 43047K(49728K)->43047K(49728K) NonClass: 25198K(25792K)->25198K(25792K) Class: 17849K(23936K)->17849K(23936K)
[30.761s][info][gc          ] GC(56) Pause Full (System.gc()) 776M->776M(6144M) 330.936ms
[31.163s][info][gc,metaspace] GC(57) Metaspace: 43047K(49728K)->43047K(49728K) NonClass: 25198K(25792K)->25198K(25792K) Class: 17849K(23936K)->17849K(23936K)
[31.163s][info][gc          ] GC(57) Pause Full (System.gc()) 776M->776M(6144M) 402.128ms
[31.524s][info][gc,metaspace] GC(58) Metaspace: 43047K(49728K)->43047K(49728K) NonClass: 25198K(25792K)->25198K(25792K) Class: 17849K(23936K)->17849K(23936K)
[31.524s][info][gc          ] GC(58) Pause Full (System.gc()) 776M->776M(6144M) 360.691ms
[31.889s][info][gc,metaspace] GC(59) Metaspace: 43047K(49728K)->43047K(49728K) NonClass: 25198K(25792K)->25198K(25792K) Class: 17849K(23936K)->17849K(23936K)
[31.889s][info][gc          ] GC(59) Pause Full (System.gc()) 776M->776M(6144M) 365.064ms
[32.287s][info][gc,metaspace] GC(60) Metaspace: 43047K(49728K)->43047K(49728K) NonClass: 25198K(25792K)->25198K(25792K) Class: 17849K(23936K)->17849K(23936K)
[32.287s][info][gc          ] GC(60) Pause Full (System.gc()) 776M->776M(6144M) 398.002ms
[32.630s][info][gc,metaspace] GC(61) Metaspace: 43047K(49728K)->43047K(49728K) NonClass: 25198K(25792K)->25198K(25792K) Class: 17849K(23936K)->17849K(23936K)
[32.631s][info][gc          ] GC(61) Pause Full (System.gc()) 776M->776M(6144M) 343.432ms
[32.988s][info][gc,metaspace] GC(62) Metaspace: 43047K(49728K)->43047K(49728K) NonClass: 25198K(25792K)->25198K(25792K) Class: 17849K(23936K)->17849K(23936K)
[32.988s][info][gc          ] GC(62) Pause Full (System.gc()) 776M->776M(6144M) 357.445ms
[33.341s][info][gc,metaspace] GC(63) Metaspace: 43047K(49728K)->43047K(49728K) NonClass: 25198K(25792K)->25198K(25792K) Class: 17849K(23936K)->17849K(23936K)
[33.341s][info][gc          ] GC(63) Pause Full (System.gc()) 776M->776M(6144M) 353.115ms
[33.713s][info][gc,metaspace] GC(64) Metaspace: 43047K(49728K)->43047K(49728K) NonClass: 25198K(25792K)->25198K(25792K) Class: 17849K(23936K)->17849K(23936K)
[33.713s][info][gc          ] GC(64) Pause Full (System.gc()) 776M->776M(6144M) 372.142ms
[34.082s][info][gc,metaspace] GC(65) Metaspace: 43047K(49728K)->43047K(49728K) NonClass: 25198K(25792K)->25198K(25792K) Class: 17849K(23936K)->17849K(23936K)
[34.082s][info][gc          ] GC(65) Pause Full (System.gc()) 776M->776M(6144M) 368.980ms
[34.451s][info][gc,metaspace] GC(66) Metaspace: 43047K(49728K)->43047K(49728K) NonClass: 25198K(25792K)->25198K(25792K) Class: 17849K(23936K)->17849K(23936K)
[34.451s][info][gc          ] GC(66) Pause Full (System.gc()) 776M->776M(6144M) 368.621ms
[34.805s][info][gc,metaspace] GC(67) Metaspace: 43047K(49728K)->43047K(49728K) NonClass: 25198K(25792K)->25198K(25792K) Class: 17849K(23936K)->17849K(23936K)
[34.805s][info][gc          ] GC(67) Pause Full (System.gc()) 776M->776M(6144M) 353.563ms
[35.208s][info][gc,metaspace] GC(68) Metaspace: 43047K(49728K)->43047K(49728K) NonClass: 25198K(25792K)->25198K(25792K) Class: 17849K(23936K)->17849K(23936K)
[35.208s][info][gc          ] GC(68) Pause Full (System.gc()) 776M->776M(6144M) 402.887ms
[35.574s][info][gc,metaspace] GC(69) Metaspace: 43047K(49728K)->43047K(49728K) NonClass: 25198K(25792K)->25198K(25792K) Class: 17849K(23936K)->17849K(23936K)
[35.574s][info][gc          ] GC(69) Pause Full (System.gc()) 776M->776M(6144M) 366.441ms
[35.937s][info][gc,metaspace] GC(70) Metaspace: 43047K(49728K)->43047K(49728K) NonClass: 25198K(25792K)->25198K(25792K) Class: 17849K(23936K)->17849K(23936K)
[35.937s][info][gc          ] GC(70) Pause Full (System.gc()) 776M->776M(6144M) 362.788ms
[36.321s][info][gc,metaspace] GC(71) Metaspace: 43047K(49728K)->43047K(49728K) NonClass: 25198K(25792K)->25198K(25792K) Class: 17849K(23936K)->17849K(23936K)
[36.321s][info][gc          ] GC(71) Pause Full (System.gc()) 776M->776M(6144M) 383.565ms
[36.670s][info][gc,metaspace] GC(72) Metaspace: 43047K(49728K)->43047K(49728K) NonClass: 25198K(25792K)->25198K(25792K) Class: 17849K(23936K)->17849K(23936K)
[36.670s][info][gc          ] GC(72) Pause Full (System.gc()) 776M->776M(6144M) 348.890ms
[37.019s][info][gc,metaspace] GC(73) Metaspace: 43047K(49728K)->43047K(49728K) NonClass: 25198K(25792K)->25198K(25792K) Class: 17849K(23936K)->17849K(23936K)
[37.019s][info][gc          ] GC(73) Pause Full (System.gc()) 776M->776M(6144M) 348.918ms
[37.378s][info][gc,metaspace] GC(74) Metaspace: 43047K(49728K)->43047K(49728K) NonClass: 25198K(25792K)->25198K(25792K) Class: 17849K(23936K)->17849K(23936K)
[37.378s][info][gc          ] GC(74) Pause Full (System.gc()) 776M->776M(6144M) 358.973ms
[37.720s][info][gc,metaspace] GC(75) Metaspace: 43047K(49728K)->43047K(49728K) NonClass: 25198K(25792K)->25198K(25792K) Class: 17849K(23936K)->17849K(23936K)
[37.720s][info][gc          ] GC(75) Pause Full (System.gc()) 776M->776M(6144M) 342.362ms
[38.074s][info][gc,metaspace] GC(76) Metaspace: 43047K(49728K)->43047K(49728K) NonClass: 25198K(25792K)->25198K(25792K) Class: 17849K(23936K)->17849K(23936K)
[38.074s][info][gc          ] GC(76) Pause Full (System.gc()) 776M->776M(6144M) 354.033ms
[38.439s][info][gc,metaspace] GC(77) Metaspace: 43047K(49728K)->43047K(49728K) NonClass: 25198K(25792K)->25198K(25792K) Class: 17849K(23936K)->17849K(23936K)
[38.439s][info][gc          ] GC(77) Pause Full (System.gc()) 776M->776M(6144M) 365.119ms
[38.806s][info][gc,metaspace] GC(78) Metaspace: 43047K(49728K)->43047K(49728K) NonClass: 25198K(25792K)->25198K(25792K) Class: 17849K(23936K)->17849K(23936K)
[38.806s][info][gc          ] GC(78) Pause Full (System.gc()) 776M->776M(6144M) 366.234ms
[39.195s][info][gc,metaspace] GC(79) Metaspace: 43047K(49728K)->43047K(49728K) NonClass: 25198K(25792K)->25198K(25792K) Class: 17849K(23936K)->17849K(23936K)
[39.195s][info][gc          ] GC(79) Pause Full (System.gc()) 776M->776M(6144M) 389.637ms
[39.564s][info][gc,metaspace] GC(80) Metaspace: 43047K(49728K)->43047K(49728K) NonClass: 25198K(25792K)->25198K(25792K) Class: 17849K(23936K)->17849K(23936K)
[39.564s][info][gc          ] GC(80) Pause Full (System.gc()) 776M->776M(6144M) 368.129ms
[39.927s][info][gc,metaspace] GC(81) Metaspace: 43047K(49728K)->43047K(49728K) NonClass: 25198K(25792K)->25198K(25792K) Class: 17849K(23936K)->17849K(23936K)
[39.927s][info][gc          ] GC(81) Pause Full (System.gc()) 776M->776M(6144M) 363.196ms
[40.314s][info][gc,metaspace] GC(82) Metaspace: 43047K(49728K)->43047K(49728K) NonClass: 25198K(25792K)->25198K(25792K) Class: 17849K(23936K)->17849K(23936K)
[40.314s][info][gc          ] GC(82) Pause Full (System.gc()) 776M->776M(6144M) 387.284ms
[40.665s][info][gc,metaspace] GC(83) Metaspace: 43047K(49728K)->43047K(49728K) NonClass: 25198K(25792K)->25198K(25792K) Class: 17849K(23936K)->17849K(23936K)
[40.665s][info][gc          ] GC(83) Pause Full (System.gc()) 776M->776M(6144M) 350.568ms
[41.041s][info][gc,metaspace] GC(84) Metaspace: 43047K(49728K)->43047K(49728K) NonClass: 25198K(25792K)->25198K(25792K) Class: 17849K(23936K)->17849K(23936K)
[41.041s][info][gc          ] GC(84) Pause Full (System.gc()) 776M->776M(6144M) 376.447ms
[41.404s][info][gc,metaspace] GC(85) Metaspace: 43047K(49728K)->43047K(49728K) NonClass: 25198K(25792K)->25198K(25792K) Class: 17849K(23936K)->17849K(23936K)
[41.404s][info][gc          ] GC(85) Pause Full (System.gc()) 776M->776M(6144M) 362.831ms
[41.739s][info][gc,metaspace] GC(86) Metaspace: 43047K(49728K)->43047K(49728K) NonClass: 25198K(25792K)->25198K(25792K) Class: 17849K(23936K)->17849K(23936K)
[41.739s][info][gc          ] GC(86) Pause Full (System.gc()) 776M->776M(6144M) 334.733ms
[42.151s][info][gc,metaspace] GC(87) Metaspace: 43047K(49728K)->43047K(49728K) NonClass: 25198K(25792K)->25198K(25792K) Class: 17849K(23936K)->17849K(23936K)
[42.151s][info][gc          ] GC(87) Pause Full (System.gc()) 776M->776M(6144M) 408.142ms
[42.511s][info][gc,metaspace] GC(88) Metaspace: 43047K(49728K)->43047K(49728K) NonClass: 25198K(25792K)->25198K(25792K) Class: 17849K(23936K)->17849K(23936K)
[42.511s][info][gc          ] GC(88) Pause Full (System.gc()) 776M->776M(6144M) 359.210ms
[42.887s][info][gc,metaspace] GC(89) Metaspace: 43047K(49728K)->43047K(49728K) NonClass: 25198K(25792K)->25198K(25792K) Class: 17849K(23936K)->17849K(23936K)
[42.887s][info][gc          ] GC(89) Pause Full (System.gc()) 776M->776M(6144M) 376.303ms
[43.241s][info][gc,metaspace] GC(90) Metaspace: 43047K(49728K)->43047K(49728K) NonClass: 25198K(25792K)->25198K(25792K) Class: 17849K(23936K)->17849K(23936K)
[43.241s][info][gc          ] GC(90) Pause Full (System.gc()) 776M->776M(6144M) 353.888ms
[43.591s][info][gc,metaspace] GC(91) Metaspace: 43047K(49728K)->43047K(49728K) NonClass: 25198K(25792K)->25198K(25792K) Class: 17849K(23936K)->17849K(23936K)
[43.591s][info][gc          ] GC(91) Pause Full (System.gc()) 776M->776M(6144M) 349.903ms
[43.970s][info][gc,metaspace] GC(92) Metaspace: 43047K(49728K)->43047K(49728K) NonClass: 25198K(25792K)->25198K(25792K) Class: 17849K(23936K)->17849K(23936K)
[43.971s][info][gc          ] GC(92) Pause Full (System.gc()) 776M->776M(6144M) 379.428ms
[44.346s][info][gc,metaspace] GC(93) Metaspace: 43047K(49728K)->43047K(49728K) NonClass: 25198K(25792K)->25198K(25792K) Class: 17849K(23936K)->17849K(23936K)
[44.346s][info][gc          ] GC(93) Pause Full (System.gc()) 776M->776M(6144M) 375.531ms
[44.692s][info][gc,metaspace] GC(94) Metaspace: 43047K(49728K)->43047K(49728K) NonClass: 25198K(25792K)->25198K(25792K) Class: 17849K(23936K)->17849K(23936K)
[44.692s][info][gc          ] GC(94) Pause Full (System.gc()) 776M->776M(6144M) 345.875ms
[45.030s][info][gc,metaspace] GC(95) Metaspace: 43047K(49728K)->43047K(49728K) NonClass: 25198K(25792K)->25198K(25792K) Class: 17849K(23936K)->17849K(23936K)
[45.030s][info][gc          ] GC(95) Pause Full (System.gc()) 776M->776M(6144M) 338.158ms
[45.423s][info][gc,metaspace] GC(96) Metaspace: 43047K(49728K)->43047K(49728K) NonClass: 25198K(25792K)->25198K(25792K) Class: 17849K(23936K)->17849K(23936K)
[45.423s][info][gc          ] GC(96) Pause Full (System.gc()) 776M->776M(6144M) 392.265ms
[45.759s][info][gc,metaspace] GC(97) Metaspace: 43047K(49728K)->43047K(49728K) NonClass: 25198K(25792K)->25198K(25792K) Class: 17849K(23936K)->17849K(23936K)
[45.759s][info][gc          ] GC(97) Pause Full (System.gc()) 776M->776M(6144M) 335.964ms
[46.128s][info][gc,metaspace] GC(98) Metaspace: 43047K(49728K)->43047K(49728K) NonClass: 25198K(25792K)->25198K(25792K) Class: 17849K(23936K)->17849K(23936K)
[46.128s][info][gc          ] GC(98) Pause Full (System.gc()) 776M->776M(6144M) 369.708ms
[46.468s][info][gc,metaspace] GC(99) Metaspace: 43047K(49728K)->43047K(49728K) NonClass: 25198K(25792K)->25198K(25792K) Class: 17849K(23936K)->17849K(23936K)
[46.468s][info][gc          ] GC(99) Pause Full (System.gc()) 776M->776M(6144M) 339.396ms
[46.835s][info][gc,metaspace] GC(100) Metaspace: 43047K(49728K)->43047K(49728K) NonClass: 25198K(25792K)->25198K(25792K) Class: 17849K(23936K)->17849K(23936K)
[46.835s][info][gc          ] GC(100) Pause Full (System.gc()) 776M->776M(6144M) 366.871ms
[47.215s][info][gc,metaspace] GC(101) Metaspace: 43047K(49728K)->43047K(49728K) NonClass: 25198K(25792K)->25198K(25792K) Class: 17849K(23936K)->17849K(23936K)
[47.215s][info][gc          ] GC(101) Pause Full (System.gc()) 776M->776M(6144M) 375.409ms
[47.559s][info][gc,metaspace] GC(102) Metaspace: 43047K(49728K)->43047K(49728K) NonClass: 25198K(25792K)->25198K(25792K) Class: 17849K(23936K)->17849K(23936K)
[47.559s][info][gc          ] GC(102) Pause Full (System.gc()) 776M->776M(6144M) 344.611ms
After GCs... 
