Done; will start GCs... 
[11.233s][info][gc,metaspace] GC(3) Metaspace: 28685K(29952K)->28685K(29952K) NonClass: 23326K(23872K)->23326K(23872K) Class: 5359K(6080K)->5359K(6080K)
[11.233s][info][gc          ] GC(3) Pause Full (System.gc()) 796M->776M(6144M) 559.604ms
[11.742s][info][gc,metaspace] GC(4) Metaspace: 28685K(29952K)->28685K(29952K) NonClass: 23326K(23872K)->23326K(23872K) Class: 5359K(6080K)->5359K(6080K)
[11.742s][info][gc          ] GC(4) Pause Full (System.gc()) 776M->776M(6144M) 508.463ms
[12.259s][info][gc,metaspace] GC(5) Metaspace: 28686K(29952K)->28686K(29952K) NonClass: 23327K(23872K)->23327K(23872K) Class: 5359K(6080K)->5359K(6080K)
[12.259s][info][gc          ] GC(5) Pause Full (System.gc()) 776M->776M(6144M) 516.919ms
[12.757s][info][gc,metaspace] GC(6) Metaspace: 28686K(29952K)->28686K(29952K) NonClass: 23327K(23872K)->23327K(23872K) Class: 5359K(6080K)->5359K(6080K)
[12.757s][info][gc          ] GC(6) Pause Full (System.gc()) 776M->776M(6144M) 497.451ms
[13.209s][info][gc,metaspace] GC(7) Metaspace: 28686K(29952K)->28686K(29952K) NonClass: 23327K(23872K)->23327K(23872K) Class: 5359K(6080K)->5359K(6080K)
[13.209s][info][gc          ] GC(7) Pause Full (System.gc()) 776M->776M(6144M) 452.057ms
[13.684s][info][gc,metaspace] GC(8) Metaspace: 28686K(29952K)->28686K(29952K) NonClass: 23327K(23872K)->23327K(23872K) Class: 5359K(6080K)->5359K(6080K)
[13.685s][info][gc          ] GC(8) Pause Full (System.gc()) 776M->776M(6144M) 475.668ms
[14.156s][info][gc,metaspace] GC(9) Metaspace: 28686K(29952K)->28686K(29952K) NonClass: 23327K(23872K)->23327K(23872K) Class: 5359K(6080K)->5359K(6080K)
[14.156s][info][gc          ] GC(9) Pause Full (System.gc()) 776M->776M(6144M) 471.856ms
[14.646s][info][gc,metaspace] GC(10) Metaspace: 28686K(29952K)->28686K(29952K) NonClass: 23327K(23872K)->23327K(23872K) Class: 5359K(6080K)->5359K(6080K)
[14.646s][info][gc          ] GC(10) Pause Full (System.gc()) 776M->776M(6144M) 488.994ms
[15.119s][info][gc,metaspace] GC(11) Metaspace: 28686K(29952K)->28686K(29952K) NonClass: 23327K(23872K)->23327K(23872K) Class: 5359K(6080K)->5359K(6080K)
[15.119s][info][gc          ] GC(11) Pause Full (System.gc()) 776M->776M(6144M) 472.841ms
[15.617s][info][gc,metaspace] GC(12) Metaspace: 28686K(29952K)->28686K(29952K) NonClass: 23327K(23872K)->23327K(23872K) Class: 5359K(6080K)->5359K(6080K)
[15.617s][info][gc          ] GC(12) Pause Full (System.gc()) 776M->776M(6144M) 498.227ms
[16.091s][info][gc,metaspace] GC(13) Metaspace: 28686K(29952K)->28686K(29952K) NonClass: 23327K(23872K)->23327K(23872K) Class: 5359K(6080K)->5359K(6080K)
[16.091s][info][gc          ] GC(13) Pause Full (System.gc()) 776M->776M(6144M) 473.996ms
[16.594s][info][gc,metaspace] GC(14) Metaspace: 28686K(29952K)->28686K(29952K) NonClass: 23327K(23872K)->23327K(23872K) Class: 5359K(6080K)->5359K(6080K)
[16.594s][info][gc          ] GC(14) Pause Full (System.gc()) 776M->776M(6144M) 498.115ms
[17.131s][info][gc,metaspace] GC(15) Metaspace: 28686K(29952K)->28686K(29952K) NonClass: 23327K(23872K)->23327K(23872K) Class: 5359K(6080K)->5359K(6080K)
[17.131s][info][gc          ] GC(15) Pause Full (System.gc()) 776M->776M(6144M) 527.233ms
[17.615s][info][gc,metaspace] GC(16) Metaspace: 28686K(29952K)->28686K(29952K) NonClass: 23327K(23872K)->23327K(23872K) Class: 5359K(6080K)->5359K(6080K)
[17.615s][info][gc          ] GC(16) Pause Full (System.gc()) 776M->776M(6144M) 483.929ms
[18.083s][info][gc,metaspace] GC(17) Metaspace: 28686K(29952K)->28686K(29952K) NonClass: 23327K(23872K)->23327K(23872K) Class: 5359K(6080K)->5359K(6080K)
[18.083s][info][gc          ] GC(17) Pause Full (System.gc()) 776M->776M(6144M) 467.970ms
[18.560s][info][gc,metaspace] GC(18) Metaspace: 28686K(29952K)->28686K(29952K) NonClass: 23327K(23872K)->23327K(23872K) Class: 5359K(6080K)->5359K(6080K)
[18.560s][info][gc          ] GC(18) Pause Full (System.gc()) 776M->776M(6144M) 476.512ms
[19.067s][info][gc,metaspace] GC(19) Metaspace: 28686K(29952K)->28686K(29952K) NonClass: 23327K(23872K)->23327K(23872K) Class: 5359K(6080K)->5359K(6080K)
[19.067s][info][gc          ] GC(19) Pause Full (System.gc()) 776M->776M(6144M) 507.080ms
[19.536s][info][gc,metaspace] GC(20) Metaspace: 28686K(29952K)->28686K(29952K) NonClass: 23327K(23872K)->23327K(23872K) Class: 5359K(6080K)->5359K(6080K)
[19.536s][info][gc          ] GC(20) Pause Full (System.gc()) 776M->776M(6144M) 469.253ms
[20.005s][info][gc,metaspace] GC(21) Metaspace: 28686K(29952K)->28686K(29952K) NonClass: 23327K(23872K)->23327K(23872K) Class: 5359K(6080K)->5359K(6080K)
[20.005s][info][gc          ] GC(21) Pause Full (System.gc()) 776M->776M(6144M) 469.173ms
[20.456s][info][gc,metaspace] GC(22) Metaspace: 28686K(29952K)->28686K(29952K) NonClass: 23327K(23872K)->23327K(23872K) Class: 5359K(6080K)->5359K(6080K)
[20.456s][info][gc          ] GC(22) Pause Full (System.gc()) 776M->776M(6144M) 450.205ms
[20.942s][info][gc,metaspace] GC(23) Metaspace: 28686K(29952K)->28686K(29952K) NonClass: 23327K(23872K)->23327K(23872K) Class: 5359K(6080K)->5359K(6080K)
[20.942s][info][gc          ] GC(23) Pause Full (System.gc()) 776M->776M(6144M) 486.595ms
[21.436s][info][gc,metaspace] GC(24) Metaspace: 28686K(29952K)->28686K(29952K) NonClass: 23327K(23872K)->23327K(23872K) Class: 5359K(6080K)->5359K(6080K)
[21.436s][info][gc          ] GC(24) Pause Full (System.gc()) 776M->776M(6144M) 493.648ms
[21.941s][info][gc,metaspace] GC(25) Metaspace: 28686K(29952K)->28686K(29952K) NonClass: 23327K(23872K)->23327K(23872K) Class: 5359K(6080K)->5359K(6080K)
[21.941s][info][gc          ] GC(25) Pause Full (System.gc()) 776M->776M(6144M) 505.247ms
[22.434s][info][gc,metaspace] GC(26) Metaspace: 28686K(29952K)->28686K(29952K) NonClass: 23327K(23872K)->23327K(23872K) Class: 5359K(6080K)->5359K(6080K)
[22.434s][info][gc          ] GC(26) Pause Full (System.gc()) 776M->776M(6144M) 492.371ms
[22.923s][info][gc,metaspace] GC(27) Metaspace: 28686K(29952K)->28686K(29952K) NonClass: 23327K(23872K)->23327K(23872K) Class: 5359K(6080K)->5359K(6080K)
[22.923s][info][gc          ] GC(27) Pause Full (System.gc()) 776M->776M(6144M) 488.995ms
[23.392s][info][gc,metaspace] GC(28) Metaspace: 28686K(29952K)->28686K(29952K) NonClass: 23327K(23872K)->23327K(23872K) Class: 5359K(6080K)->5359K(6080K)
[23.392s][info][gc          ] GC(28) Pause Full (System.gc()) 776M->776M(6144M) 468.946ms
[23.856s][info][gc,metaspace] GC(29) Metaspace: 28686K(29952K)->28686K(29952K) NonClass: 23327K(23872K)->23327K(23872K) Class: 5359K(6080K)->5359K(6080K)
[23.856s][info][gc          ] GC(29) Pause Full (System.gc()) 776M->776M(6144M) 464.201ms
[24.319s][info][gc,metaspace] GC(30) Metaspace: 28686K(29952K)->28686K(29952K) NonClass: 23327K(23872K)->23327K(23872K) Class: 5359K(6080K)->5359K(6080K)
[24.319s][info][gc          ] GC(30) Pause Full (System.gc()) 776M->776M(6144M) 462.644ms
[24.845s][info][gc,metaspace] GC(31) Metaspace: 28686K(29952K)->28686K(29952K) NonClass: 23327K(23872K)->23327K(23872K) Class: 5359K(6080K)->5359K(6080K)
[24.845s][info][gc          ] GC(31) Pause Full (System.gc()) 776M->776M(6144M) 526.584ms
[25.363s][info][gc,metaspace] GC(32) Metaspace: 28686K(29952K)->28686K(29952K) NonClass: 23327K(23872K)->23327K(23872K) Class: 5359K(6080K)->5359K(6080K)
[25.363s][info][gc          ] GC(32) Pause Full (System.gc()) 776M->776M(6144M) 517.174ms
[25.928s][info][gc,metaspace] GC(33) Metaspace: 28686K(29952K)->28686K(29952K) NonClass: 23327K(23872K)->23327K(23872K) Class: 5359K(6080K)->5359K(6080K)
[25.928s][info][gc          ] GC(33) Pause Full (System.gc()) 776M->776M(6144M) 565.396ms
[26.413s][info][gc,metaspace] GC(34) Metaspace: 28686K(29952K)->28686K(29952K) NonClass: 23327K(23872K)->23327K(23872K) Class: 5359K(6080K)->5359K(6080K)
[26.413s][info][gc          ] GC(34) Pause Full (System.gc()) 776M->776M(6144M) 484.526ms
[26.890s][info][gc,metaspace] GC(35) Metaspace: 28686K(29952K)->28686K(29952K) NonClass: 23327K(23872K)->23327K(23872K) Class: 5359K(6080K)->5359K(6080K)
[26.890s][info][gc          ] GC(35) Pause Full (System.gc()) 776M->776M(6144M) 477.177ms
[27.411s][info][gc,metaspace] GC(36) Metaspace: 28686K(29952K)->28686K(29952K) NonClass: 23327K(23872K)->23327K(23872K) Class: 5359K(6080K)->5359K(6080K)
[27.411s][info][gc          ] GC(36) Pause Full (System.gc()) 776M->776M(6144M) 517.019ms
[27.897s][info][gc,metaspace] GC(37) Metaspace: 28686K(29952K)->28686K(29952K) NonClass: 23327K(23872K)->23327K(23872K) Class: 5359K(6080K)->5359K(6080K)
[27.897s][info][gc          ] GC(37) Pause Full (System.gc()) 776M->776M(6144M) 485.436ms
[28.385s][info][gc,metaspace] GC(38) Metaspace: 28686K(29952K)->28686K(29952K) NonClass: 23327K(23872K)->23327K(23872K) Class: 5359K(6080K)->5359K(6080K)
[28.385s][info][gc          ] GC(38) Pause Full (System.gc()) 776M->776M(6144M) 488.186ms
[28.945s][info][gc,metaspace] GC(39) Metaspace: 28686K(29952K)->28686K(29952K) NonClass: 23327K(23872K)->23327K(23872K) Class: 5359K(6080K)->5359K(6080K)
[28.945s][info][gc          ] GC(39) Pause Full (System.gc()) 776M->776M(6144M) 560.226ms
[29.411s][info][gc,metaspace] GC(40) Metaspace: 28686K(29952K)->28686K(29952K) NonClass: 23327K(23872K)->23327K(23872K) Class: 5359K(6080K)->5359K(6080K)
[29.411s][info][gc          ] GC(40) Pause Full (System.gc()) 776M->776M(6144M) 465.440ms
[29.904s][info][gc,metaspace] GC(41) Metaspace: 28686K(29952K)->28686K(29952K) NonClass: 23327K(23872K)->23327K(23872K) Class: 5359K(6080K)->5359K(6080K)
[29.904s][info][gc          ] GC(41) Pause Full (System.gc()) 776M->776M(6144M) 492.914ms
[30.408s][info][gc,metaspace] GC(42) Metaspace: 28686K(29952K)->28686K(29952K) NonClass: 23327K(23872K)->23327K(23872K) Class: 5359K(6080K)->5359K(6080K)
[30.408s][info][gc          ] GC(42) Pause Full (System.gc()) 776M->776M(6144M) 503.767ms
[30.897s][info][gc,metaspace] GC(43) Metaspace: 28686K(29952K)->28686K(29952K) NonClass: 23327K(23872K)->23327K(23872K) Class: 5359K(6080K)->5359K(6080K)
[30.897s][info][gc          ] GC(43) Pause Full (System.gc()) 776M->776M(6144M) 489.561ms
[31.351s][info][gc,metaspace] GC(44) Metaspace: 28686K(29952K)->28686K(29952K) NonClass: 23327K(23872K)->23327K(23872K) Class: 5359K(6080K)->5359K(6080K)
[31.351s][info][gc          ] GC(44) Pause Full (System.gc()) 776M->776M(6144M) 453.475ms
[31.895s][info][gc,metaspace] GC(45) Metaspace: 28686K(29952K)->28686K(29952K) NonClass: 23327K(23872K)->23327K(23872K) Class: 5359K(6080K)->5359K(6080K)
[31.895s][info][gc          ] GC(45) Pause Full (System.gc()) 776M->776M(6144M) 544.494ms
[32.420s][info][gc,metaspace] GC(46) Metaspace: 28686K(29952K)->28686K(29952K) NonClass: 23327K(23872K)->23327K(23872K) Class: 5359K(6080K)->5359K(6080K)
[32.420s][info][gc          ] GC(46) Pause Full (System.gc()) 776M->776M(6144M) 519.799ms
[32.904s][info][gc,metaspace] GC(47) Metaspace: 28686K(29952K)->28686K(29952K) NonClass: 23327K(23872K)->23327K(23872K) Class: 5359K(6080K)->5359K(6080K)
[32.905s][info][gc          ] GC(47) Pause Full (System.gc()) 776M->776M(6144M) 484.763ms
[33.373s][info][gc,metaspace] GC(48) Metaspace: 28686K(29952K)->28686K(29952K) NonClass: 23327K(23872K)->23327K(23872K) Class: 5359K(6080K)->5359K(6080K)
[33.373s][info][gc          ] GC(48) Pause Full (System.gc()) 776M->776M(6144M) 468.348ms
[33.869s][info][gc,metaspace] GC(49) Metaspace: 28686K(29952K)->28686K(29952K) NonClass: 23327K(23872K)->23327K(23872K) Class: 5359K(6080K)->5359K(6080K)
[33.869s][info][gc          ] GC(49) Pause Full (System.gc()) 776M->776M(6144M) 496.160ms
[34.359s][info][gc,metaspace] GC(50) Metaspace: 28686K(29952K)->28686K(29952K) NonClass: 23327K(23872K)->23327K(23872K) Class: 5359K(6080K)->5359K(6080K)
[34.359s][info][gc          ] GC(50) Pause Full (System.gc()) 776M->776M(6144M) 489.708ms
[34.873s][info][gc,metaspace] GC(51) Metaspace: 28686K(29952K)->28686K(29952K) NonClass: 23327K(23872K)->23327K(23872K) Class: 5359K(6080K)->5359K(6080K)
[34.873s][info][gc          ] GC(51) Pause Full (System.gc()) 776M->776M(6144M) 514.078ms
[35.345s][info][gc,metaspace] GC(52) Metaspace: 28686K(29952K)->28686K(29952K) NonClass: 23327K(23872K)->23327K(23872K) Class: 5359K(6080K)->5359K(6080K)
[35.346s][info][gc          ] GC(52) Pause Full (System.gc()) 776M->776M(6144M) 472.397ms
[35.848s][info][gc,metaspace] GC(53) Metaspace: 28686K(29952K)->28686K(29952K) NonClass: 23327K(23872K)->23327K(23872K) Class: 5359K(6080K)->5359K(6080K)
[35.848s][info][gc          ] GC(53) Pause Full (System.gc()) 776M->776M(6144M) 502.264ms
[36.356s][info][gc,metaspace] GC(54) Metaspace: 28686K(29952K)->28686K(29952K) NonClass: 23327K(23872K)->23327K(23872K) Class: 5359K(6080K)->5359K(6080K)
[36.356s][info][gc          ] GC(54) Pause Full (System.gc()) 776M->776M(6144M) 507.740ms
[36.825s][info][gc,metaspace] GC(55) Metaspace: 28686K(29952K)->28686K(29952K) NonClass: 23327K(23872K)->23327K(23872K) Class: 5359K(6080K)->5359K(6080K)
[36.825s][info][gc          ] GC(55) Pause Full (System.gc()) 776M->776M(6144M) 469.286ms
[37.319s][info][gc,metaspace] GC(56) Metaspace: 28686K(29952K)->28686K(29952K) NonClass: 23327K(23872K)->23327K(23872K) Class: 5359K(6080K)->5359K(6080K)
[37.319s][info][gc          ] GC(56) Pause Full (System.gc()) 776M->776M(6144M) 494.285ms
[37.908s][info][gc,metaspace] GC(57) Metaspace: 28686K(29952K)->28686K(29952K) NonClass: 23327K(23872K)->23327K(23872K) Class: 5359K(6080K)->5359K(6080K)
[37.908s][info][gc          ] GC(57) Pause Full (System.gc()) 776M->776M(6144M) 584.523ms
[38.389s][info][gc,metaspace] GC(58) Metaspace: 28686K(29952K)->28686K(29952K) NonClass: 23327K(23872K)->23327K(23872K) Class: 5359K(6080K)->5359K(6080K)
[38.389s][info][gc          ] GC(58) Pause Full (System.gc()) 776M->776M(6144M) 481.086ms
[38.869s][info][gc,metaspace] GC(59) Metaspace: 28686K(29952K)->28686K(29952K) NonClass: 23327K(23872K)->23327K(23872K) Class: 5359K(6080K)->5359K(6080K)
[38.869s][info][gc          ] GC(59) Pause Full (System.gc()) 776M->776M(6144M) 479.792ms
[39.361s][info][gc,metaspace] GC(60) Metaspace: 28686K(29952K)->28686K(29952K) NonClass: 23327K(23872K)->23327K(23872K) Class: 5359K(6080K)->5359K(6080K)
[39.361s][info][gc          ] GC(60) Pause Full (System.gc()) 776M->776M(6144M) 491.341ms
[39.879s][info][gc,metaspace] GC(61) Metaspace: 28686K(29952K)->28686K(29952K) NonClass: 23327K(23872K)->23327K(23872K) Class: 5359K(6080K)->5359K(6080K)
[39.879s][info][gc          ] GC(61) Pause Full (System.gc()) 776M->776M(6144M) 518.343ms
[40.361s][info][gc,metaspace] GC(62) Metaspace: 28686K(29952K)->28686K(29952K) NonClass: 23327K(23872K)->23327K(23872K) Class: 5359K(6080K)->5359K(6080K)
[40.362s][info][gc          ] GC(62) Pause Full (System.gc()) 776M->776M(6144M) 482.361ms
[40.858s][info][gc,metaspace] GC(63) Metaspace: 28686K(29952K)->28686K(29952K) NonClass: 23327K(23872K)->23327K(23872K) Class: 5359K(6080K)->5359K(6080K)
[40.858s][info][gc          ] GC(63) Pause Full (System.gc()) 776M->776M(6144M) 496.737ms
[41.320s][info][gc,metaspace] GC(64) Metaspace: 28686K(29952K)->28686K(29952K) NonClass: 23327K(23872K)->23327K(23872K) Class: 5359K(6080K)->5359K(6080K)
[41.320s][info][gc          ] GC(64) Pause Full (System.gc()) 776M->776M(6144M) 461.781ms
[41.816s][info][gc,metaspace] GC(65) Metaspace: 28686K(29952K)->28686K(29952K) NonClass: 23327K(23872K)->23327K(23872K) Class: 5359K(6080K)->5359K(6080K)
[41.816s][info][gc          ] GC(65) Pause Full (System.gc()) 776M->776M(6144M) 495.313ms
[42.297s][info][gc,metaspace] GC(66) Metaspace: 28686K(29952K)->28686K(29952K) NonClass: 23327K(23872K)->23327K(23872K) Class: 5359K(6080K)->5359K(6080K)
[42.297s][info][gc          ] GC(66) Pause Full (System.gc()) 776M->776M(6144M) 481.764ms
[42.785s][info][gc,metaspace] GC(67) Metaspace: 28686K(29952K)->28686K(29952K) NonClass: 23327K(23872K)->23327K(23872K) Class: 5359K(6080K)->5359K(6080K)
[42.785s][info][gc          ] GC(67) Pause Full (System.gc()) 776M->776M(6144M) 487.655ms
[43.311s][info][gc,metaspace] GC(68) Metaspace: 28686K(29952K)->28686K(29952K) NonClass: 23327K(23872K)->23327K(23872K) Class: 5359K(6080K)->5359K(6080K)
[43.311s][info][gc          ] GC(68) Pause Full (System.gc()) 776M->776M(6144M) 521.739ms
[43.833s][info][gc,metaspace] GC(69) Metaspace: 28686K(29952K)->28686K(29952K) NonClass: 23327K(23872K)->23327K(23872K) Class: 5359K(6080K)->5359K(6080K)
[43.833s][info][gc          ] GC(69) Pause Full (System.gc()) 776M->776M(6144M) 521.361ms
[44.301s][info][gc,metaspace] GC(70) Metaspace: 28686K(29952K)->28686K(29952K) NonClass: 23327K(23872K)->23327K(23872K) Class: 5359K(6080K)->5359K(6080K)
[44.301s][info][gc          ] GC(70) Pause Full (System.gc()) 776M->776M(6144M) 468.265ms
[44.807s][info][gc,metaspace] GC(71) Metaspace: 28686K(29952K)->28686K(29952K) NonClass: 23327K(23872K)->23327K(23872K) Class: 5359K(6080K)->5359K(6080K)
[44.807s][info][gc          ] GC(71) Pause Full (System.gc()) 776M->776M(6144M) 506.275ms
[45.280s][info][gc,metaspace] GC(72) Metaspace: 28686K(29952K)->28686K(29952K) NonClass: 23327K(23872K)->23327K(23872K) Class: 5359K(6080K)->5359K(6080K)
[45.280s][info][gc          ] GC(72) Pause Full (System.gc()) 776M->776M(6144M) 473.092ms
[45.769s][info][gc,metaspace] GC(73) Metaspace: 28686K(29952K)->28686K(29952K) NonClass: 23327K(23872K)->23327K(23872K) Class: 5359K(6080K)->5359K(6080K)
[45.769s][info][gc          ] GC(73) Pause Full (System.gc()) 776M->776M(6144M) 488.826ms
[46.242s][info][gc,metaspace] GC(74) Metaspace: 28686K(29952K)->28686K(29952K) NonClass: 23327K(23872K)->23327K(23872K) Class: 5359K(6080K)->5359K(6080K)
[46.242s][info][gc          ] GC(74) Pause Full (System.gc()) 776M->776M(6144M) 472.659ms
[46.722s][info][gc,metaspace] GC(75) Metaspace: 28686K(29952K)->28686K(29952K) NonClass: 23327K(23872K)->23327K(23872K) Class: 5359K(6080K)->5359K(6080K)
[46.722s][info][gc          ] GC(75) Pause Full (System.gc()) 776M->776M(6144M) 479.669ms
[47.190s][info][gc,metaspace] GC(76) Metaspace: 28686K(29952K)->28686K(29952K) NonClass: 23327K(23872K)->23327K(23872K) Class: 5359K(6080K)->5359K(6080K)
[47.190s][info][gc          ] GC(76) Pause Full (System.gc()) 776M->776M(6144M) 467.765ms
[47.669s][info][gc,metaspace] GC(77) Metaspace: 28686K(29952K)->28686K(29952K) NonClass: 23327K(23872K)->23327K(23872K) Class: 5359K(6080K)->5359K(6080K)
[47.669s][info][gc          ] GC(77) Pause Full (System.gc()) 776M->776M(6144M) 479.719ms
[48.170s][info][gc,metaspace] GC(78) Metaspace: 28686K(29952K)->28686K(29952K) NonClass: 23327K(23872K)->23327K(23872K) Class: 5359K(6080K)->5359K(6080K)
[48.170s][info][gc          ] GC(78) Pause Full (System.gc()) 776M->776M(6144M) 500.075ms
[48.687s][info][gc,metaspace] GC(79) Metaspace: 28686K(29952K)->28686K(29952K) NonClass: 23327K(23872K)->23327K(23872K) Class: 5359K(6080K)->5359K(6080K)
[48.687s][info][gc          ] GC(79) Pause Full (System.gc()) 776M->776M(6144M) 517.765ms
[49.179s][info][gc,metaspace] GC(80) Metaspace: 28686K(29952K)->28686K(29952K) NonClass: 23327K(23872K)->23327K(23872K) Class: 5359K(6080K)->5359K(6080K)
[49.179s][info][gc          ] GC(80) Pause Full (System.gc()) 776M->776M(6144M) 491.566ms
[49.673s][info][gc,metaspace] GC(81) Metaspace: 28686K(29952K)->28686K(29952K) NonClass: 23327K(23872K)->23327K(23872K) Class: 5359K(6080K)->5359K(6080K)
[49.673s][info][gc          ] GC(81) Pause Full (System.gc()) 776M->776M(6144M) 494.276ms
[50.129s][info][gc,metaspace] GC(82) Metaspace: 28686K(29952K)->28686K(29952K) NonClass: 23327K(23872K)->23327K(23872K) Class: 5359K(6080K)->5359K(6080K)
[50.129s][info][gc          ] GC(82) Pause Full (System.gc()) 776M->776M(6144M) 455.109ms
[50.642s][info][gc,metaspace] GC(83) Metaspace: 28686K(29952K)->28686K(29952K) NonClass: 23327K(23872K)->23327K(23872K) Class: 5359K(6080K)->5359K(6080K)
[50.642s][info][gc          ] GC(83) Pause Full (System.gc()) 776M->776M(6144M) 513.616ms
[51.154s][info][gc,metaspace] GC(84) Metaspace: 28686K(29952K)->28686K(29952K) NonClass: 23327K(23872K)->23327K(23872K) Class: 5359K(6080K)->5359K(6080K)
[51.154s][info][gc          ] GC(84) Pause Full (System.gc()) 776M->776M(6144M) 511.273ms
[51.678s][info][gc,metaspace] GC(85) Metaspace: 28686K(29952K)->28686K(29952K) NonClass: 23327K(23872K)->23327K(23872K) Class: 5359K(6080K)->5359K(6080K)
[51.678s][info][gc          ] GC(85) Pause Full (System.gc()) 776M->776M(6144M) 524.128ms
[52.149s][info][gc,metaspace] GC(86) Metaspace: 28686K(29952K)->28686K(29952K) NonClass: 23327K(23872K)->23327K(23872K) Class: 5359K(6080K)->5359K(6080K)
[52.149s][info][gc          ] GC(86) Pause Full (System.gc()) 776M->776M(6144M) 470.605ms
[52.646s][info][gc,metaspace] GC(87) Metaspace: 28686K(29952K)->28686K(29952K) NonClass: 23327K(23872K)->23327K(23872K) Class: 5359K(6080K)->5359K(6080K)
[52.646s][info][gc          ] GC(87) Pause Full (System.gc()) 776M->776M(6144M) 497.743ms
[53.116s][info][gc,metaspace] GC(88) Metaspace: 28686K(29952K)->28686K(29952K) NonClass: 23327K(23872K)->23327K(23872K) Class: 5359K(6080K)->5359K(6080K)
[53.116s][info][gc          ] GC(88) Pause Full (System.gc()) 776M->776M(6144M) 469.716ms
[53.627s][info][gc,metaspace] GC(89) Metaspace: 28686K(29952K)->28686K(29952K) NonClass: 23327K(23872K)->23327K(23872K) Class: 5359K(6080K)->5359K(6080K)
[53.627s][info][gc          ] GC(89) Pause Full (System.gc()) 776M->776M(6144M) 511.112ms
[54.100s][info][gc,metaspace] GC(90) Metaspace: 28686K(29952K)->28686K(29952K) NonClass: 23327K(23872K)->23327K(23872K) Class: 5359K(6080K)->5359K(6080K)
[54.100s][info][gc          ] GC(90) Pause Full (System.gc()) 776M->776M(6144M) 472.804ms
[54.654s][info][gc,metaspace] GC(91) Metaspace: 28686K(29952K)->28686K(29952K) NonClass: 23327K(23872K)->23327K(23872K) Class: 5359K(6080K)->5359K(6080K)
[54.654s][info][gc          ] GC(91) Pause Full (System.gc()) 776M->776M(6144M) 553.421ms
[55.128s][info][gc,metaspace] GC(92) Metaspace: 28686K(29952K)->28686K(29952K) NonClass: 23327K(23872K)->23327K(23872K) Class: 5359K(6080K)->5359K(6080K)
[55.128s][info][gc          ] GC(92) Pause Full (System.gc()) 776M->776M(6144M) 474.250ms
[55.612s][info][gc,metaspace] GC(93) Metaspace: 28686K(29952K)->28686K(29952K) NonClass: 23327K(23872K)->23327K(23872K) Class: 5359K(6080K)->5359K(6080K)
[55.612s][info][gc          ] GC(93) Pause Full (System.gc()) 776M->776M(6144M) 484.241ms
[56.066s][info][gc,metaspace] GC(94) Metaspace: 28686K(29952K)->28686K(29952K) NonClass: 23327K(23872K)->23327K(23872K) Class: 5359K(6080K)->5359K(6080K)
[56.066s][info][gc          ] GC(94) Pause Full (System.gc()) 776M->776M(6144M) 453.148ms
[56.535s][info][gc,metaspace] GC(95) Metaspace: 28686K(29952K)->28686K(29952K) NonClass: 23327K(23872K)->23327K(23872K) Class: 5359K(6080K)->5359K(6080K)
[56.535s][info][gc          ] GC(95) Pause Full (System.gc()) 776M->776M(6144M) 469.160ms
[57.028s][info][gc,metaspace] GC(96) Metaspace: 28686K(29952K)->28686K(29952K) NonClass: 23327K(23872K)->23327K(23872K) Class: 5359K(6080K)->5359K(6080K)
[57.028s][info][gc          ] GC(96) Pause Full (System.gc()) 776M->776M(6144M) 493.617ms
[57.536s][info][gc,metaspace] GC(97) Metaspace: 28686K(29952K)->28686K(29952K) NonClass: 23327K(23872K)->23327K(23872K) Class: 5359K(6080K)->5359K(6080K)
[57.536s][info][gc          ] GC(97) Pause Full (System.gc()) 776M->776M(6144M) 507.871ms
[58.045s][info][gc,metaspace] GC(98) Metaspace: 28686K(29952K)->28686K(29952K) NonClass: 23327K(23872K)->23327K(23872K) Class: 5359K(6080K)->5359K(6080K)
[58.045s][info][gc          ] GC(98) Pause Full (System.gc()) 776M->776M(6144M) 508.235ms
[58.546s][info][gc,metaspace] GC(99) Metaspace: 28686K(29952K)->28686K(29952K) NonClass: 23327K(23872K)->23327K(23872K) Class: 5359K(6080K)->5359K(6080K)
[58.546s][info][gc          ] GC(99) Pause Full (System.gc()) 776M->776M(6144M) 501.412ms
[59.025s][info][gc,metaspace] GC(100) Metaspace: 28686K(29952K)->28686K(29952K) NonClass: 23327K(23872K)->23327K(23872K) Class: 5359K(6080K)->5359K(6080K)
[59.025s][info][gc          ] GC(100) Pause Full (System.gc()) 776M->776M(6144M) 478.790ms
[59.529s][info][gc,metaspace] GC(101) Metaspace: 28686K(29952K)->28686K(29952K) NonClass: 23327K(23872K)->23327K(23872K) Class: 5359K(6080K)->5359K(6080K)
[59.529s][info][gc          ] GC(101) Pause Full (System.gc()) 776M->776M(6144M) 499.545ms
[60.017s][info][gc,metaspace] GC(102) Metaspace: 28686K(29952K)->28686K(29952K) NonClass: 23327K(23872K)->23327K(23872K) Class: 5359K(6080K)->5359K(6080K)
[60.017s][info][gc          ] GC(102) Pause Full (System.gc()) 776M->776M(6144M) 488.201ms
After GCs... 
