Done; will start GCs... 
[17.762s][info][gc,metaspace] GC(7) Metaspace: 33653K(35776K)->33653K(35776K) NonClass: 26745K(27648K)->26745K(27648K) Class: 6908K(8128K)->6908K(8128K)
[17.762s][info][gc          ] GC(7) Pause Young (System.gc()) 865M->775M(5601M) 1639.082ms
[20.278s][info][gc,metaspace] GC(8) Metaspace: 33653K(35776K)->33653K(35776K) NonClass: 26745K(27648K)->26745K(27648K) Class: 6908K(8128K)->6908K(8128K)
[20.278s][info][gc          ] GC(8) Pause Full (System.gc()) 775M->774M(5601M) 2515.641ms
[20.279s][info][gc,metaspace] GC(9) Metaspace: 33653K(35776K)->33653K(35776K) NonClass: 26745K(27648K)->26745K(27648K) Class: 6908K(8128K)->6908K(8128K)
[20.279s][info][gc          ] GC(9) Pause Young (System.gc()) 774M->774M(5393M) 0.954ms
[21.183s][info][gc,metaspace] GC(10) Metaspace: 33653K(35776K)->33653K(35776K) NonClass: 26745K(27648K)->26745K(27648K) Class: 6908K(8128K)->6908K(8128K)
[21.183s][info][gc          ] GC(10) Pause Full (System.gc()) 774M->774M(5393M) 904.138ms
[21.189s][info][gc,metaspace] GC(11) Metaspace: 33653K(35776K)->33653K(35776K) NonClass: 26745K(27648K)->26745K(27648K) Class: 6908K(8128K)->6908K(8128K)
[21.189s][info][gc          ] GC(11) Pause Young (System.gc()) 774M->774M(5765M) 1.044ms
[22.057s][info][gc,metaspace] GC(12) Metaspace: 33653K(35776K)->33653K(35776K) NonClass: 26745K(27648K)->26745K(27648K) Class: 6908K(8128K)->6908K(8128K)
[22.057s][info][gc          ] GC(12) Pause Full (System.gc()) 774M->774M(5765M) 868.263ms
[22.058s][info][gc,metaspace] GC(13) Metaspace: 33653K(35776K)->33653K(35776K) NonClass: 26745K(27648K)->26745K(27648K) Class: 6908K(8128K)->6908K(8128K)
[22.058s][info][gc          ] GC(13) Pause Young (System.gc()) 774M->774M(5790M) 0.696ms
[22.855s][info][gc,metaspace] GC(14) Metaspace: 33653K(35776K)->33653K(35776K) NonClass: 26745K(27648K)->26745K(27648K) Class: 6908K(8128K)->6908K(8128K)
[22.855s][info][gc          ] GC(14) Pause Full (System.gc()) 774M->774M(5790M) 797.053ms
[22.856s][info][gc,metaspace] GC(15) Metaspace: 33653K(35776K)->33653K(35776K) NonClass: 26745K(27648K)->26745K(27648K) Class: 6908K(8128K)->6908K(8128K)
[22.856s][info][gc          ] GC(15) Pause Young (System.gc()) 774M->774M(5778M) 0.732ms
[23.655s][info][gc,metaspace] GC(16) Metaspace: 33653K(35776K)->33653K(35776K) NonClass: 26745K(27648K)->26745K(27648K) Class: 6908K(8128K)->6908K(8128K)
[23.655s][info][gc          ] GC(16) Pause Full (System.gc()) 774M->774M(5778M) 799.062ms
[23.656s][info][gc,metaspace] GC(17) Metaspace: 33653K(35776K)->33653K(35776K) NonClass: 26745K(27648K)->26745K(27648K) Class: 6908K(8128K)->6908K(8128K)
[23.656s][info][gc          ] GC(17) Pause Young (System.gc()) 774M->774M(5819M) 0.849ms
[24.462s][info][gc,metaspace] GC(18) Metaspace: 33653K(35776K)->33653K(35776K) NonClass: 26745K(27648K)->26745K(27648K) Class: 6908K(8128K)->6908K(8128K)
[24.462s][info][gc          ] GC(18) Pause Full (System.gc()) 774M->774M(5819M) 806.045ms
[24.463s][info][gc,metaspace] GC(19) Metaspace: 33653K(35776K)->33653K(35776K) NonClass: 26745K(27648K)->26745K(27648K) Class: 6908K(8128K)->6908K(8128K)
[24.463s][info][gc          ] GC(19) Pause Young (System.gc()) 774M->774M(5804M) 0.757ms
[25.273s][info][gc,metaspace] GC(20) Metaspace: 33653K(35776K)->33653K(35776K) NonClass: 26745K(27648K)->26745K(27648K) Class: 6908K(8128K)->6908K(8128K)
[25.273s][info][gc          ] GC(20) Pause Full (System.gc()) 774M->774M(5804M) 810.284ms
[25.274s][info][gc,metaspace] GC(21) Metaspace: 33654K(35776K)->33654K(35776K) NonClass: 26746K(27648K)->26746K(27648K) Class: 6908K(8128K)->6908K(8128K)
[25.274s][info][gc          ] GC(21) Pause Young (System.gc()) 774M->774M(5850M) 0.618ms
[26.103s][info][gc,metaspace] GC(22) Metaspace: 33654K(35776K)->33654K(35776K) NonClass: 26746K(27648K)->26746K(27648K) Class: 6908K(8128K)->6908K(8128K)
[26.103s][info][gc          ] GC(22) Pause Full (System.gc()) 774M->774M(5850M) 829.633ms
[26.104s][info][gc,metaspace] GC(23) Metaspace: 33654K(35776K)->33654K(35776K) NonClass: 26746K(27648K)->26746K(27648K) Class: 6908K(8128K)->6908K(8128K)
[26.104s][info][gc          ] GC(23) Pause Young (System.gc()) 774M->774M(5834M) 0.646ms
[26.886s][info][gc,metaspace] GC(24) Metaspace: 33654K(35776K)->33654K(35776K) NonClass: 26746K(27648K)->26746K(27648K) Class: 6908K(8128K)->6908K(8128K)
[26.886s][info][gc          ] GC(24) Pause Full (System.gc()) 774M->774M(5834M) 781.678ms
[26.887s][info][gc,metaspace] GC(25) Metaspace: 33654K(35776K)->33654K(35776K) NonClass: 26746K(27648K)->26746K(27648K) Class: 6908K(8128K)->6908K(8128K)
[26.887s][info][gc          ] GC(25) Pause Young (System.gc()) 774M->774M(5880M) 0.766ms
[27.679s][info][gc,metaspace] GC(26) Metaspace: 33654K(35776K)->33654K(35776K) NonClass: 26746K(27648K)->26746K(27648K) Class: 6908K(8128K)->6908K(8128K)
[27.679s][info][gc          ] GC(26) Pause Full (System.gc()) 774M->774M(5880M) 792.137ms
[27.680s][info][gc,metaspace] GC(27) Metaspace: 33654K(35776K)->33654K(35776K) NonClass: 26746K(27648K)->26746K(27648K) Class: 6908K(8128K)->6908K(8128K)
[27.680s][info][gc          ] GC(27) Pause Young (System.gc()) 774M->774M(5865M) 0.728ms
[28.456s][info][gc,metaspace] GC(28) Metaspace: 33654K(35776K)->33654K(35776K) NonClass: 26746K(27648K)->26746K(27648K) Class: 6908K(8128K)->6908K(8128K)
[28.456s][info][gc          ] GC(28) Pause Full (System.gc()) 774M->774M(5865M) 776.132ms
[28.457s][info][gc,metaspace] GC(29) Metaspace: 33654K(35776K)->33654K(35776K) NonClass: 26746K(27648K)->26746K(27648K) Class: 6908K(8128K)->6908K(8128K)
[28.457s][info][gc          ] GC(29) Pause Young (System.gc()) 774M->774M(5910M) 0.576ms
[29.240s][info][gc,metaspace] GC(30) Metaspace: 33654K(35776K)->33654K(35776K) NonClass: 26746K(27648K)->26746K(27648K) Class: 6908K(8128K)->6908K(8128K)
[29.240s][info][gc          ] GC(30) Pause Full (System.gc()) 774M->774M(5910M) 783.108ms
[29.241s][info][gc,metaspace] GC(31) Metaspace: 33654K(35776K)->33654K(35776K) NonClass: 26746K(27648K)->26746K(27648K) Class: 6908K(8128K)->6908K(8128K)
[29.241s][info][gc          ] GC(31) Pause Young (System.gc()) 774M->774M(5895M) 0.656ms
[30.015s][info][gc,metaspace] GC(32) Metaspace: 33654K(35776K)->33654K(35776K) NonClass: 26746K(27648K)->26746K(27648K) Class: 6908K(8128K)->6908K(8128K)
[30.016s][info][gc          ] GC(32) Pause Full (System.gc()) 774M->774M(5895M) 774.681ms
[30.016s][info][gc,metaspace] GC(33) Metaspace: 33654K(35776K)->33654K(35776K) NonClass: 26746K(27648K)->26746K(27648K) Class: 6908K(8128K)->6908K(8128K)
[30.016s][info][gc          ] GC(33) Pause Young (System.gc()) 774M->774M(5938M) 0.768ms
[30.801s][info][gc,metaspace] GC(34) Metaspace: 33654K(35776K)->33654K(35776K) NonClass: 26746K(27648K)->26746K(27648K) Class: 6908K(8128K)->6908K(8128K)
[30.801s][info][gc          ] GC(34) Pause Full (System.gc()) 774M->774M(5938M) 784.643ms
[30.802s][info][gc,metaspace] GC(35) Metaspace: 33654K(35776K)->33654K(35776K) NonClass: 26746K(27648K)->26746K(27648K) Class: 6908K(8128K)->6908K(8128K)
[30.802s][info][gc          ] GC(35) Pause Young (System.gc()) 774M->774M(5924M) 0.448ms
[31.616s][info][gc,metaspace] GC(36) Metaspace: 33654K(35776K)->33654K(35776K) NonClass: 26746K(27648K)->26746K(27648K) Class: 6908K(8128K)->6908K(8128K)
[31.616s][info][gc          ] GC(36) Pause Full (System.gc()) 774M->774M(5924M) 814.519ms
[31.617s][info][gc,metaspace] GC(37) Metaspace: 33654K(35776K)->33654K(35776K) NonClass: 26746K(27648K)->26746K(27648K) Class: 6908K(8128K)->6908K(8128K)
[31.617s][info][gc          ] GC(37) Pause Young (System.gc()) 774M->774M(5963M) 0.562ms
[32.496s][info][gc,metaspace] GC(38) Metaspace: 33654K(35776K)->33654K(35776K) NonClass: 26746K(27648K)->26746K(27648K) Class: 6908K(8128K)->6908K(8128K)
[32.496s][info][gc          ] GC(38) Pause Full (System.gc()) 774M->774M(5963M) 879.559ms
[32.501s][info][gc,metaspace] GC(39) Metaspace: 33654K(35776K)->33654K(35776K) NonClass: 26746K(27648K)->26746K(27648K) Class: 6908K(8128K)->6908K(8128K)
[32.501s][info][gc          ] GC(39) Pause Young (System.gc()) 774M->774M(5951M) 0.613ms
[33.304s][info][gc,metaspace] GC(40) Metaspace: 33654K(35776K)->33654K(35776K) NonClass: 26746K(27648K)->26746K(27648K) Class: 6908K(8128K)->6908K(8128K)
[33.304s][info][gc          ] GC(40) Pause Full (System.gc()) 774M->774M(5951M) 802.182ms
[33.304s][info][gc,metaspace] GC(41) Metaspace: 33654K(35776K)->33654K(35776K) NonClass: 26746K(27648K)->26746K(27648K) Class: 6908K(8128K)->6908K(8128K)
[33.304s][info][gc          ] GC(41) Pause Young (System.gc()) 774M->774M(5987M) 0.675ms
[34.097s][info][gc,metaspace] GC(42) Metaspace: 33654K(35776K)->33654K(35776K) NonClass: 26746K(27648K)->26746K(27648K) Class: 6908K(8128K)->6908K(8128K)
[34.097s][info][gc          ] GC(42) Pause Full (System.gc()) 774M->774M(5987M) 792.265ms
[34.098s][info][gc,metaspace] GC(43) Metaspace: 33654K(35776K)->33654K(35776K) NonClass: 26746K(27648K)->26746K(27648K) Class: 6908K(8128K)->6908K(8128K)
[34.098s][info][gc          ] GC(43) Pause Young (System.gc()) 774M->774M(5975M) 0.641ms
[34.890s][info][gc,metaspace] GC(44) Metaspace: 33654K(35776K)->33654K(35776K) NonClass: 26746K(27648K)->26746K(27648K) Class: 6908K(8128K)->6908K(8128K)
[34.890s][info][gc          ] GC(44) Pause Full (System.gc()) 774M->774M(5975M) 792.086ms
[34.891s][info][gc,metaspace] GC(45) Metaspace: 33654K(35776K)->33654K(35776K) NonClass: 26746K(27648K)->26746K(27648K) Class: 6908K(8128K)->6908K(8128K)
[34.891s][info][gc          ] GC(45) Pause Young (System.gc()) 774M->774M(6008M) 0.787ms
[35.795s][info][gc,metaspace] GC(46) Metaspace: 33654K(35776K)->33654K(35776K) NonClass: 26746K(27648K)->26746K(27648K) Class: 6908K(8128K)->6908K(8128K)
[35.795s][info][gc          ] GC(46) Pause Full (System.gc()) 774M->774M(6008M) 904.018ms
[35.795s][info][gc,metaspace] GC(47) Metaspace: 33654K(35776K)->33654K(35776K) NonClass: 26746K(27648K)->26746K(27648K) Class: 6908K(8128K)->6908K(8128K)
[35.795s][info][gc          ] GC(47) Pause Young (System.gc()) 774M->774M(5998M) 0.485ms
[36.600s][info][gc,metaspace] GC(48) Metaspace: 33654K(35776K)->33654K(35776K) NonClass: 26746K(27648K)->26746K(27648K) Class: 6908K(8128K)->6908K(8128K)
[36.600s][info][gc          ] GC(48) Pause Full (System.gc()) 774M->774M(5998M) 804.836ms
[36.601s][info][gc,metaspace] GC(49) Metaspace: 33654K(35776K)->33654K(35776K) NonClass: 26746K(27648K)->26746K(27648K) Class: 6908K(8128K)->6908K(8128K)
[36.601s][info][gc          ] GC(49) Pause Young (System.gc()) 774M->774M(6026M) 0.745ms
[37.370s][info][gc,metaspace] GC(50) Metaspace: 33654K(35776K)->33654K(35776K) NonClass: 26746K(27648K)->26746K(27648K) Class: 6908K(8128K)->6908K(8128K)
[37.370s][info][gc          ] GC(50) Pause Full (System.gc()) 774M->774M(6026M) 769.102ms
[37.371s][info][gc,metaspace] GC(51) Metaspace: 33654K(35776K)->33654K(35776K) NonClass: 26746K(27648K)->26746K(27648K) Class: 6908K(8128K)->6908K(8128K)
[37.371s][info][gc          ] GC(51) Pause Young (System.gc()) 774M->774M(6017M) 0.645ms
[38.290s][info][gc,metaspace] GC(52) Metaspace: 33654K(35776K)->33654K(35776K) NonClass: 26746K(27648K)->26746K(27648K) Class: 6908K(8128K)->6908K(8128K)
[38.290s][info][gc          ] GC(52) Pause Full (System.gc()) 774M->774M(6017M) 919.170ms
[38.291s][info][gc,metaspace] GC(53) Metaspace: 33654K(35776K)->33654K(35776K) NonClass: 26746K(27648K)->26746K(27648K) Class: 6908K(8128K)->6908K(8128K)
[38.291s][info][gc          ] GC(53) Pause Young (System.gc()) 774M->774M(6043M) 0.704ms
[39.073s][info][gc,metaspace] GC(54) Metaspace: 33654K(35776K)->33654K(35776K) NonClass: 26746K(27648K)->26746K(27648K) Class: 6908K(8128K)->6908K(8128K)
[39.073s][info][gc          ] GC(54) Pause Full (System.gc()) 774M->774M(6043M) 782.238ms
[39.074s][info][gc,metaspace] GC(55) Metaspace: 33654K(35776K)->33654K(35776K) NonClass: 26746K(27648K)->26746K(27648K) Class: 6908K(8128K)->6908K(8128K)
[39.074s][info][gc          ] GC(55) Pause Young (System.gc()) 774M->774M(6035M) 0.619ms
[39.856s][info][gc,metaspace] GC(56) Metaspace: 33654K(35776K)->33654K(35776K) NonClass: 26746K(27648K)->26746K(27648K) Class: 6908K(8128K)->6908K(8128K)
[39.856s][info][gc          ] GC(56) Pause Full (System.gc()) 774M->774M(6035M) 781.872ms
[39.856s][info][gc,metaspace] GC(57) Metaspace: 33654K(35776K)->33654K(35776K) NonClass: 26746K(27648K)->26746K(27648K) Class: 6908K(8128K)->6908K(8128K)
[39.857s][info][gc          ] GC(57) Pause Young (System.gc()) 774M->774M(6057M) 0.654ms
[40.646s][info][gc,metaspace] GC(58) Metaspace: 33654K(35776K)->33654K(35776K) NonClass: 26746K(27648K)->26746K(27648K) Class: 6908K(8128K)->6908K(8128K)
[40.646s][info][gc          ] GC(58) Pause Full (System.gc()) 774M->774M(6057M) 789.848ms
[40.647s][info][gc,metaspace] GC(59) Metaspace: 33654K(35776K)->33654K(35776K) NonClass: 26746K(27648K)->26746K(27648K) Class: 6908K(8128K)->6908K(8128K)
[40.647s][info][gc          ] GC(59) Pause Young (System.gc()) 774M->774M(6050M) 0.556ms
[41.420s][info][gc,metaspace] GC(60) Metaspace: 33654K(35776K)->33654K(35776K) NonClass: 26746K(27648K)->26746K(27648K) Class: 6908K(8128K)->6908K(8128K)
[41.420s][info][gc          ] GC(60) Pause Full (System.gc()) 774M->774M(6050M) 772.624ms
[41.420s][info][gc,metaspace] GC(61) Metaspace: 33654K(35776K)->33654K(35776K) NonClass: 26746K(27648K)->26746K(27648K) Class: 6908K(8128K)->6908K(8128K)
[41.420s][info][gc          ] GC(61) Pause Young (System.gc()) 774M->774M(6070M) 0.502ms
[42.213s][info][gc,metaspace] GC(62) Metaspace: 33654K(35776K)->33654K(35776K) NonClass: 26746K(27648K)->26746K(27648K) Class: 6908K(8128K)->6908K(8128K)
[42.213s][info][gc          ] GC(62) Pause Full (System.gc()) 774M->774M(6070M) 792.743ms
[42.214s][info][gc,metaspace] GC(63) Metaspace: 33654K(35776K)->33654K(35776K) NonClass: 26746K(27648K)->26746K(27648K) Class: 6908K(8128K)->6908K(8128K)
[42.214s][info][gc          ] GC(63) Pause Young (System.gc()) 774M->774M(6064M) 0.478ms
[43.035s][info][gc,metaspace] GC(64) Metaspace: 33654K(35776K)->33654K(35776K) NonClass: 26746K(27648K)->26746K(27648K) Class: 6908K(8128K)->6908K(8128K)
[43.035s][info][gc          ] GC(64) Pause Full (System.gc()) 774M->774M(6064M) 821.350ms
[43.036s][info][gc,metaspace] GC(65) Metaspace: 33654K(35776K)->33654K(35776K) NonClass: 26746K(27648K)->26746K(27648K) Class: 6908K(8128K)->6908K(8128K)
[43.036s][info][gc          ] GC(65) Pause Young (System.gc()) 774M->774M(6081M) 0.688ms
[43.817s][info][gc,metaspace] GC(66) Metaspace: 33654K(35776K)->33654K(35776K) NonClass: 26746K(27648K)->26746K(27648K) Class: 6908K(8128K)->6908K(8128K)
[43.817s][info][gc          ] GC(66) Pause Full (System.gc()) 774M->774M(6081M) 781.496ms
[43.818s][info][gc,metaspace] GC(67) Metaspace: 33654K(35776K)->33654K(35776K) NonClass: 26746K(27648K)->26746K(27648K) Class: 6908K(8128K)->6908K(8128K)
[43.818s][info][gc          ] GC(67) Pause Young (System.gc()) 774M->774M(6076M) 0.459ms
[44.765s][info][gc,metaspace] GC(68) Metaspace: 33654K(35776K)->33654K(35776K) NonClass: 26746K(27648K)->26746K(27648K) Class: 6908K(8128K)->6908K(8128K)
[44.765s][info][gc          ] GC(68) Pause Full (System.gc()) 774M->774M(6076M) 946.929ms
[44.766s][info][gc,metaspace] GC(69) Metaspace: 33654K(35776K)->33654K(35776K) NonClass: 26746K(27648K)->26746K(27648K) Class: 6908K(8128K)->6908K(8128K)
[44.766s][info][gc          ] GC(69) Pause Young (System.gc()) 774M->774M(6090M) 0.520ms
[45.711s][info][gc,metaspace] GC(70) Metaspace: 33654K(35776K)->33654K(35776K) NonClass: 26746K(27648K)->26746K(27648K) Class: 6908K(8128K)->6908K(8128K)
[45.711s][info][gc          ] GC(70) Pause Full (System.gc()) 774M->774M(6090M) 945.427ms
[45.712s][info][gc,metaspace] GC(71) Metaspace: 33654K(35776K)->33654K(35776K) NonClass: 26746K(27648K)->26746K(27648K) Class: 6908K(8128K)->6908K(8128K)
[45.712s][info][gc          ] GC(71) Pause Young (System.gc()) 774M->774M(6086M) 0.491ms
[46.496s][info][gc,metaspace] GC(72) Metaspace: 33654K(35776K)->33654K(35776K) NonClass: 26746K(27648K)->26746K(27648K) Class: 6908K(8128K)->6908K(8128K)
[46.496s][info][gc          ] GC(72) Pause Full (System.gc()) 774M->774M(6086M) 784.676ms
[46.497s][info][gc,metaspace] GC(73) Metaspace: 33654K(35776K)->33654K(35776K) NonClass: 26746K(27648K)->26746K(27648K) Class: 6908K(8128K)->6908K(8128K)
[46.497s][info][gc          ] GC(73) Pause Young (System.gc()) 774M->774M(6098M) 0.742ms
[47.301s][info][gc,metaspace] GC(74) Metaspace: 33654K(35776K)->33654K(35776K) NonClass: 26746K(27648K)->26746K(27648K) Class: 6908K(8128K)->6908K(8128K)
[47.301s][info][gc          ] GC(74) Pause Full (System.gc()) 774M->774M(6098M) 803.932ms
[47.302s][info][gc,metaspace] GC(75) Metaspace: 33654K(35776K)->33654K(35776K) NonClass: 26746K(27648K)->26746K(27648K) Class: 6908K(8128K)->6908K(8128K)
[47.302s][info][gc          ] GC(75) Pause Young (System.gc()) 774M->774M(6094M) 0.659ms
[48.110s][info][gc,metaspace] GC(76) Metaspace: 33654K(35776K)->33654K(35776K) NonClass: 26746K(27648K)->26746K(27648K) Class: 6908K(8128K)->6908K(8128K)
[48.110s][info][gc          ] GC(76) Pause Full (System.gc()) 774M->774M(6094M) 808.279ms
[48.111s][info][gc,metaspace] GC(77) Metaspace: 33654K(35776K)->33654K(35776K) NonClass: 26746K(27648K)->26746K(27648K) Class: 6908K(8128K)->6908K(8128K)
[48.111s][info][gc          ] GC(77) Pause Young (System.gc()) 774M->774M(6105M) 0.526ms
[48.889s][info][gc,metaspace] GC(78) Metaspace: 33654K(35776K)->33654K(35776K) NonClass: 26746K(27648K)->26746K(27648K) Class: 6908K(8128K)->6908K(8128K)
[48.889s][info][gc          ] GC(78) Pause Full (System.gc()) 774M->774M(6105M) 778.287ms
[48.894s][info][gc,metaspace] GC(79) Metaspace: 33654K(35776K)->33654K(35776K) NonClass: 26746K(27648K)->26746K(27648K) Class: 6908K(8128K)->6908K(8128K)
[48.894s][info][gc          ] GC(79) Pause Young (System.gc()) 774M->774M(6102M) 0.608ms
[49.685s][info][gc,metaspace] GC(80) Metaspace: 33654K(35776K)->33654K(35776K) NonClass: 26746K(27648K)->26746K(27648K) Class: 6908K(8128K)->6908K(8128K)
[49.685s][info][gc          ] GC(80) Pause Full (System.gc()) 774M->774M(6102M) 790.757ms
[49.686s][info][gc,metaspace] GC(81) Metaspace: 33654K(35776K)->33654K(35776K) NonClass: 26746K(27648K)->26746K(27648K) Class: 6908K(8128K)->6908K(8128K)
[49.686s][info][gc          ] GC(81) Pause Young (System.gc()) 774M->774M(6111M) 0.655ms
[50.474s][info][gc,metaspace] GC(82) Metaspace: 33654K(35776K)->33654K(35776K) NonClass: 26746K(27648K)->26746K(27648K) Class: 6908K(8128K)->6908K(8128K)
[50.474s][info][gc          ] GC(82) Pause Full (System.gc()) 774M->774M(6111M) 788.440ms
[50.475s][info][gc,metaspace] GC(83) Metaspace: 33654K(35776K)->33654K(35776K) NonClass: 26746K(27648K)->26746K(27648K) Class: 6908K(8128K)->6908K(8128K)
[50.475s][info][gc          ] GC(83) Pause Young (System.gc()) 774M->774M(6108M) 0.668ms
[51.301s][info][gc,metaspace] GC(84) Metaspace: 33654K(35776K)->33654K(35776K) NonClass: 26746K(27648K)->26746K(27648K) Class: 6908K(8128K)->6908K(8128K)
[51.302s][info][gc          ] GC(84) Pause Full (System.gc()) 774M->774M(6108M) 826.506ms
[51.302s][info][gc,metaspace] GC(85) Metaspace: 33654K(35776K)->33654K(35776K) NonClass: 26746K(27648K)->26746K(27648K) Class: 6908K(8128K)->6908K(8128K)
[51.302s][info][gc          ] GC(85) Pause Young (System.gc()) 774M->774M(6116M) 0.522ms
[52.086s][info][gc,metaspace] GC(86) Metaspace: 33654K(35776K)->33654K(35776K) NonClass: 26746K(27648K)->26746K(27648K) Class: 6908K(8128K)->6908K(8128K)
[52.086s][info][gc          ] GC(86) Pause Full (System.gc()) 774M->774M(6116M) 784.280ms
[52.087s][info][gc,metaspace] GC(87) Metaspace: 33654K(35776K)->33654K(35776K) NonClass: 26746K(27648K)->26746K(27648K) Class: 6908K(8128K)->6908K(8128K)
[52.087s][info][gc          ] GC(87) Pause Young (System.gc()) 774M->774M(6114M) 0.635ms
[52.877s][info][gc,metaspace] GC(88) Metaspace: 33654K(35776K)->33654K(35776K) NonClass: 26746K(27648K)->26746K(27648K) Class: 6908K(8128K)->6908K(8128K)
[52.877s][info][gc          ] GC(88) Pause Full (System.gc()) 774M->774M(6114M) 789.488ms
[52.878s][info][gc,metaspace] GC(89) Metaspace: 33654K(35776K)->33654K(35776K) NonClass: 26746K(27648K)->26746K(27648K) Class: 6908K(8128K)->6908K(8128K)
[52.878s][info][gc          ] GC(89) Pause Young (System.gc()) 774M->774M(6121M) 0.689ms
[53.633s][info][gc,metaspace] GC(90) Metaspace: 33654K(35776K)->33654K(35776K) NonClass: 26746K(27648K)->26746K(27648K) Class: 6908K(8128K)->6908K(8128K)
[53.633s][info][gc          ] GC(90) Pause Full (System.gc()) 774M->774M(6121M) 755.202ms
[53.634s][info][gc,metaspace] GC(91) Metaspace: 33654K(35776K)->33654K(35776K) NonClass: 26746K(27648K)->26746K(27648K) Class: 6908K(8128K)->6908K(8128K)
[53.634s][info][gc          ] GC(91) Pause Young (System.gc()) 774M->774M(6119M) 0.631ms
[54.596s][info][gc,metaspace] GC(92) Metaspace: 33654K(35776K)->33654K(35776K) NonClass: 26746K(27648K)->26746K(27648K) Class: 6908K(8128K)->6908K(8128K)
[54.596s][info][gc          ] GC(92) Pause Full (System.gc()) 774M->774M(6119M) 961.992ms
[54.601s][info][gc,metaspace] GC(93) Metaspace: 33654K(35776K)->33654K(35776K) NonClass: 26746K(27648K)->26746K(27648K) Class: 6908K(8128K)->6908K(8128K)
[54.601s][info][gc          ] GC(93) Pause Young (System.gc()) 774M->774M(6124M) 0.721ms
[55.423s][info][gc,metaspace] GC(94) Metaspace: 33654K(35776K)->33654K(35776K) NonClass: 26746K(27648K)->26746K(27648K) Class: 6908K(8128K)->6908K(8128K)
[55.423s][info][gc          ] GC(94) Pause Full (System.gc()) 774M->774M(6124M) 821.901ms
[55.423s][info][gc,metaspace] GC(95) Metaspace: 33654K(35776K)->33654K(35776K) NonClass: 26746K(27648K)->26746K(27648K) Class: 6908K(8128K)->6908K(8128K)
[55.423s][info][gc          ] GC(95) Pause Young (System.gc()) 774M->774M(6123M) 0.463ms
[56.207s][info][gc,metaspace] GC(96) Metaspace: 33654K(35776K)->33654K(35776K) NonClass: 26746K(27648K)->26746K(27648K) Class: 6908K(8128K)->6908K(8128K)
[56.207s][info][gc          ] GC(96) Pause Full (System.gc()) 774M->774M(6123M) 783.917ms
[56.208s][info][gc,metaspace] GC(97) Metaspace: 33654K(35776K)->33654K(35776K) NonClass: 26746K(27648K)->26746K(27648K) Class: 6908K(8128K)->6908K(8128K)
[56.208s][info][gc          ] GC(97) Pause Young (System.gc()) 774M->774M(6127M) 0.664ms
[56.974s][info][gc,metaspace] GC(98) Metaspace: 33654K(35776K)->33654K(35776K) NonClass: 26746K(27648K)->26746K(27648K) Class: 6908K(8128K)->6908K(8128K)
[56.974s][info][gc          ] GC(98) Pause Full (System.gc()) 774M->774M(6127M) 766.327ms
[56.975s][info][gc,metaspace] GC(99) Metaspace: 33654K(35776K)->33654K(35776K) NonClass: 26746K(27648K)->26746K(27648K) Class: 6908K(8128K)->6908K(8128K)
[56.975s][info][gc          ] GC(99) Pause Young (System.gc()) 774M->774M(6126M) 0.632ms
[57.767s][info][gc,metaspace] GC(100) Metaspace: 33654K(35776K)->33654K(35776K) NonClass: 26746K(27648K)->26746K(27648K) Class: 6908K(8128K)->6908K(8128K)
[57.767s][info][gc          ] GC(100) Pause Full (System.gc()) 774M->774M(6126M) 791.992ms
[57.768s][info][gc,metaspace] GC(101) Metaspace: 33654K(35776K)->33654K(35776K) NonClass: 26746K(27648K)->26746K(27648K) Class: 6908K(8128K)->6908K(8128K)
[57.768s][info][gc          ] GC(101) Pause Young (System.gc()) 774M->774M(6130M) 0.671ms
[58.563s][info][gc,metaspace] GC(102) Metaspace: 33654K(35776K)->33654K(35776K) NonClass: 26746K(27648K)->26746K(27648K) Class: 6908K(8128K)->6908K(8128K)
[58.563s][info][gc          ] GC(102) Pause Full (System.gc()) 774M->774M(6130M) 794.723ms
[58.563s][info][gc,metaspace] GC(103) Metaspace: 33654K(35776K)->33654K(35776K) NonClass: 26746K(27648K)->26746K(27648K) Class: 6908K(8128K)->6908K(8128K)
[58.563s][info][gc          ] GC(103) Pause Young (System.gc()) 774M->774M(6129M) 0.499ms
[59.332s][info][gc,metaspace] GC(104) Metaspace: 33654K(35776K)->33654K(35776K) NonClass: 26746K(27648K)->26746K(27648K) Class: 6908K(8128K)->6908K(8128K)
[59.332s][info][gc          ] GC(104) Pause Full (System.gc()) 774M->774M(6129M) 768.662ms
[59.333s][info][gc,metaspace] GC(105) Metaspace: 33654K(35776K)->33654K(35776K) NonClass: 26746K(27648K)->26746K(27648K) Class: 6908K(8128K)->6908K(8128K)
[59.333s][info][gc          ] GC(105) Pause Young (System.gc()) 774M->774M(6132M) 0.628ms
[60.121s][info][gc,metaspace] GC(106) Metaspace: 33654K(35776K)->33654K(35776K) NonClass: 26746K(27648K)->26746K(27648K) Class: 6908K(8128K)->6908K(8128K)
[60.121s][info][gc          ] GC(106) Pause Full (System.gc()) 774M->774M(6132M) 788.050ms
[60.121s][info][gc,metaspace] GC(107) Metaspace: 33654K(35776K)->33654K(35776K) NonClass: 26746K(27648K)->26746K(27648K) Class: 6908K(8128K)->6908K(8128K)
[60.121s][info][gc          ] GC(107) Pause Young (System.gc()) 774M->774M(6131M) 0.612ms
[60.931s][info][gc,metaspace] GC(108) Metaspace: 33654K(35776K)->33654K(35776K) NonClass: 26746K(27648K)->26746K(27648K) Class: 6908K(8128K)->6908K(8128K)
[60.931s][info][gc          ] GC(108) Pause Full (System.gc()) 774M->774M(6131M) 809.332ms
[60.932s][info][gc,metaspace] GC(109) Metaspace: 33654K(35776K)->33654K(35776K) NonClass: 26746K(27648K)->26746K(27648K) Class: 6908K(8128K)->6908K(8128K)
[60.932s][info][gc          ] GC(109) Pause Young (System.gc()) 774M->774M(6134M) 0.644ms
[61.710s][info][gc,metaspace] GC(110) Metaspace: 33654K(35776K)->33654K(35776K) NonClass: 26746K(27648K)->26746K(27648K) Class: 6908K(8128K)->6908K(8128K)
[61.710s][info][gc          ] GC(110) Pause Full (System.gc()) 774M->774M(6134M) 778.088ms
[61.710s][info][gc,metaspace] GC(111) Metaspace: 33654K(35776K)->33654K(35776K) NonClass: 26746K(27648K)->26746K(27648K) Class: 6908K(8128K)->6908K(8128K)
[61.710s][info][gc          ] GC(111) Pause Young (System.gc()) 774M->774M(6133M) 0.498ms
[62.485s][info][gc,metaspace] GC(112) Metaspace: 33654K(35776K)->33654K(35776K) NonClass: 26746K(27648K)->26746K(27648K) Class: 6908K(8128K)->6908K(8128K)
[62.485s][info][gc          ] GC(112) Pause Full (System.gc()) 774M->774M(6133M) 774.341ms
[62.485s][info][gc,metaspace] GC(113) Metaspace: 33654K(35776K)->33654K(35776K) NonClass: 26746K(27648K)->26746K(27648K) Class: 6908K(8128K)->6908K(8128K)
[62.486s][info][gc          ] GC(113) Pause Young (System.gc()) 774M->774M(6136M) 0.716ms
[63.356s][info][gc,metaspace] GC(114) Metaspace: 33654K(35776K)->33654K(35776K) NonClass: 26746K(27648K)->26746K(27648K) Class: 6908K(8128K)->6908K(8128K)
[63.356s][info][gc          ] GC(114) Pause Full (System.gc()) 774M->774M(6136M) 870.339ms
[63.357s][info][gc,metaspace] GC(115) Metaspace: 33654K(35776K)->33654K(35776K) NonClass: 26746K(27648K)->26746K(27648K) Class: 6908K(8128K)->6908K(8128K)
[63.357s][info][gc          ] GC(115) Pause Young (System.gc()) 774M->774M(6135M) 0.589ms
[64.141s][info][gc,metaspace] GC(116) Metaspace: 33654K(35776K)->33654K(35776K) NonClass: 26746K(27648K)->26746K(27648K) Class: 6908K(8128K)->6908K(8128K)
[64.141s][info][gc          ] GC(116) Pause Full (System.gc()) 774M->774M(6135M) 784.383ms
[64.142s][info][gc,metaspace] GC(117) Metaspace: 33654K(35776K)->33654K(35776K) NonClass: 26746K(27648K)->26746K(27648K) Class: 6908K(8128K)->6908K(8128K)
[64.142s][info][gc          ] GC(117) Pause Young (System.gc()) 774M->774M(6137M) 0.709ms
[64.957s][info][gc,metaspace] GC(118) Metaspace: 33654K(35776K)->33654K(35776K) NonClass: 26746K(27648K)->26746K(27648K) Class: 6908K(8128K)->6908K(8128K)
[64.957s][info][gc          ] GC(118) Pause Full (System.gc()) 774M->774M(6137M) 815.094ms
[64.958s][info][gc,metaspace] GC(119) Metaspace: 33654K(35776K)->33654K(35776K) NonClass: 26746K(27648K)->26746K(27648K) Class: 6908K(8128K)->6908K(8128K)
[64.958s][info][gc          ] GC(119) Pause Young (System.gc()) 774M->774M(6136M) 0.697ms
[66.068s][info][gc,metaspace] GC(120) Metaspace: 33654K(35776K)->33654K(35776K) NonClass: 26746K(27648K)->26746K(27648K) Class: 6908K(8128K)->6908K(8128K)
[66.068s][info][gc          ] GC(120) Pause Full (System.gc()) 774M->774M(6136M) 1110.194ms
[66.069s][info][gc,metaspace] GC(121) Metaspace: 33654K(35776K)->33654K(35776K) NonClass: 26746K(27648K)->26746K(27648K) Class: 6908K(8128K)->6908K(8128K)
[66.069s][info][gc          ] GC(121) Pause Young (System.gc()) 774M->774M(6138M) 0.564ms
[66.842s][info][gc,metaspace] GC(122) Metaspace: 33654K(35776K)->33654K(35776K) NonClass: 26746K(27648K)->26746K(27648K) Class: 6908K(8128K)->6908K(8128K)
[66.842s][info][gc          ] GC(122) Pause Full (System.gc()) 774M->774M(6138M) 773.582ms
[66.843s][info][gc,metaspace] GC(123) Metaspace: 33654K(35776K)->33654K(35776K) NonClass: 26746K(27648K)->26746K(27648K) Class: 6908K(8128K)->6908K(8128K)
[66.843s][info][gc          ] GC(123) Pause Young (System.gc()) 774M->774M(6137M) 0.466ms
[67.611s][info][gc,metaspace] GC(124) Metaspace: 33654K(35776K)->33654K(35776K) NonClass: 26746K(27648K)->26746K(27648K) Class: 6908K(8128K)->6908K(8128K)
[67.611s][info][gc          ] GC(124) Pause Full (System.gc()) 774M->774M(6137M) 768.139ms
[67.612s][info][gc,metaspace] GC(125) Metaspace: 33654K(35776K)->33654K(35776K) NonClass: 26746K(27648K)->26746K(27648K) Class: 6908K(8128K)->6908K(8128K)
[67.612s][info][gc          ] GC(125) Pause Young (System.gc()) 787M->774M(6139M) 0.496ms
[68.386s][info][gc,metaspace] GC(126) Metaspace: 33654K(35776K)->33654K(35776K) NonClass: 26746K(27648K)->26746K(27648K) Class: 6908K(8128K)->6908K(8128K)
[68.386s][info][gc          ] GC(126) Pause Full (System.gc()) 774M->774M(6139M) 773.919ms
[68.386s][info][gc,metaspace] GC(127) Metaspace: 33654K(35776K)->33654K(35776K) NonClass: 26746K(27648K)->26746K(27648K) Class: 6908K(8128K)->6908K(8128K)
[68.386s][info][gc          ] GC(127) Pause Young (System.gc()) 774M->774M(6138M) 0.469ms
[69.320s][info][gc,metaspace] GC(128) Metaspace: 33654K(35776K)->33654K(35776K) NonClass: 26746K(27648K)->26746K(27648K) Class: 6908K(8128K)->6908K(8128K)
[69.320s][info][gc          ] GC(128) Pause Full (System.gc()) 774M->774M(6138M) 933.931ms
[69.321s][info][gc,metaspace] GC(129) Metaspace: 33654K(35776K)->33654K(35776K) NonClass: 26746K(27648K)->26746K(27648K) Class: 6908K(8128K)->6908K(8128K)
[69.321s][info][gc          ] GC(129) Pause Young (System.gc()) 774M->774M(6140M) 0.649ms
[70.106s][info][gc,metaspace] GC(130) Metaspace: 33654K(35776K)->33654K(35776K) NonClass: 26746K(27648K)->26746K(27648K) Class: 6908K(8128K)->6908K(8128K)
[70.106s][info][gc          ] GC(130) Pause Full (System.gc()) 774M->774M(6140M) 784.786ms
[70.106s][info][gc,metaspace] GC(131) Metaspace: 33654K(35776K)->33654K(35776K) NonClass: 26746K(27648K)->26746K(27648K) Class: 6908K(8128K)->6908K(8128K)
[70.107s][info][gc          ] GC(131) Pause Young (System.gc()) 774M->774M(6139M) 0.657ms
[70.887s][info][gc,metaspace] GC(132) Metaspace: 33654K(35776K)->33654K(35776K) NonClass: 26746K(27648K)->26746K(27648K) Class: 6908K(8128K)->6908K(8128K)
[70.887s][info][gc          ] GC(132) Pause Full (System.gc()) 774M->774M(6139M) 780.783ms
[70.888s][info][gc,metaspace] GC(133) Metaspace: 33654K(35776K)->33654K(35776K) NonClass: 26746K(27648K)->26746K(27648K) Class: 6908K(8128K)->6908K(8128K)
[70.888s][info][gc          ] GC(133) Pause Young (System.gc()) 774M->774M(6140M) 0.723ms
[71.684s][info][gc,metaspace] GC(134) Metaspace: 33654K(35776K)->33654K(35776K) NonClass: 26746K(27648K)->26746K(27648K) Class: 6908K(8128K)->6908K(8128K)
[71.684s][info][gc          ] GC(134) Pause Full (System.gc()) 774M->774M(6140M) 795.483ms
[71.684s][info][gc,metaspace] GC(135) Metaspace: 33654K(35776K)->33654K(35776K) NonClass: 26746K(27648K)->26746K(27648K) Class: 6908K(8128K)->6908K(8128K)
[71.684s][info][gc          ] GC(135) Pause Young (System.gc()) 774M->774M(6140M) 0.614ms
[72.482s][info][gc,metaspace] GC(136) Metaspace: 33654K(35776K)->33654K(35776K) NonClass: 26746K(27648K)->26746K(27648K) Class: 6908K(8128K)->6908K(8128K)
[72.482s][info][gc          ] GC(136) Pause Full (System.gc()) 774M->774M(6140M) 797.204ms
[72.482s][info][gc,metaspace] GC(137) Metaspace: 33654K(35776K)->33654K(35776K) NonClass: 26746K(27648K)->26746K(27648K) Class: 6908K(8128K)->6908K(8128K)
[72.482s][info][gc          ] GC(137) Pause Young (System.gc()) 774M->774M(6141M) 0.678ms
[73.480s][info][gc,metaspace] GC(138) Metaspace: 33654K(35776K)->33654K(35776K) NonClass: 26746K(27648K)->26746K(27648K) Class: 6908K(8128K)->6908K(8128K)
[73.480s][info][gc          ] GC(138) Pause Full (System.gc()) 774M->774M(6141M) 997.481ms
[73.481s][info][gc,metaspace] GC(139) Metaspace: 33654K(35776K)->33654K(35776K) NonClass: 26746K(27648K)->26746K(27648K) Class: 6908K(8128K)->6908K(8128K)
[73.481s][info][gc          ] GC(139) Pause Young (System.gc()) 774M->774M(6141M) 0.639ms
[74.410s][info][gc,metaspace] GC(140) Metaspace: 33654K(35776K)->33654K(35776K) NonClass: 26746K(27648K)->26746K(27648K) Class: 6908K(8128K)->6908K(8128K)
[74.410s][info][gc          ] GC(140) Pause Full (System.gc()) 774M->774M(6141M) 928.970ms
[74.410s][info][gc,metaspace] GC(141) Metaspace: 33654K(35776K)->33654K(35776K) NonClass: 26746K(27648K)->26746K(27648K) Class: 6908K(8128K)->6908K(8128K)
[74.410s][info][gc          ] GC(141) Pause Young (System.gc()) 774M->774M(6141M) 0.478ms
[75.208s][info][gc,metaspace] GC(142) Metaspace: 33654K(35776K)->33654K(35776K) NonClass: 26746K(27648K)->26746K(27648K) Class: 6908K(8128K)->6908K(8128K)
[75.209s][info][gc          ] GC(142) Pause Full (System.gc()) 774M->774M(6141M) 798.204ms
[75.209s][info][gc,metaspace] GC(143) Metaspace: 33654K(35776K)->33654K(35776K) NonClass: 26746K(27648K)->26746K(27648K) Class: 6908K(8128K)->6908K(8128K)
[75.209s][info][gc          ] GC(143) Pause Young (System.gc()) 774M->774M(6141M) 0.629ms
[75.977s][info][gc,metaspace] GC(144) Metaspace: 33654K(35776K)->33654K(35776K) NonClass: 26746K(27648K)->26746K(27648K) Class: 6908K(8128K)->6908K(8128K)
[75.977s][info][gc          ] GC(144) Pause Full (System.gc()) 774M->774M(6141M) 767.425ms
[75.977s][info][gc,metaspace] GC(145) Metaspace: 33654K(35776K)->33654K(35776K) NonClass: 26746K(27648K)->26746K(27648K) Class: 6908K(8128K)->6908K(8128K)
[75.977s][info][gc          ] GC(145) Pause Young (System.gc()) 774M->774M(6142M) 0.668ms
[76.756s][info][gc,metaspace] GC(146) Metaspace: 33654K(35776K)->33654K(35776K) NonClass: 26746K(27648K)->26746K(27648K) Class: 6908K(8128K)->6908K(8128K)
[76.756s][info][gc          ] GC(146) Pause Full (System.gc()) 774M->774M(6142M) 778.591ms
[76.757s][info][gc,metaspace] GC(147) Metaspace: 33654K(35776K)->33654K(35776K) NonClass: 26746K(27648K)->26746K(27648K) Class: 6908K(8128K)->6908K(8128K)
[76.757s][info][gc          ] GC(147) Pause Young (System.gc()) 774M->774M(6141M) 0.581ms
[77.528s][info][gc,metaspace] GC(148) Metaspace: 33654K(35776K)->33654K(35776K) NonClass: 26746K(27648K)->26746K(27648K) Class: 6908K(8128K)->6908K(8128K)
[77.528s][info][gc          ] GC(148) Pause Full (System.gc()) 774M->774M(6141M) 771.406ms
[77.529s][info][gc,metaspace] GC(149) Metaspace: 33654K(35776K)->33654K(35776K) NonClass: 26746K(27648K)->26746K(27648K) Class: 6908K(8128K)->6908K(8128K)
[77.529s][info][gc          ] GC(149) Pause Young (System.gc()) 774M->774M(6142M) 0.609ms
[78.304s][info][gc,metaspace] GC(150) Metaspace: 33654K(35776K)->33654K(35776K) NonClass: 26746K(27648K)->26746K(27648K) Class: 6908K(8128K)->6908K(8128K)
[78.304s][info][gc          ] GC(150) Pause Full (System.gc()) 774M->774M(6142M) 774.948ms
[78.305s][info][gc,metaspace] GC(151) Metaspace: 33654K(35776K)->33654K(35776K) NonClass: 26746K(27648K)->26746K(27648K) Class: 6908K(8128K)->6908K(8128K)
[78.305s][info][gc          ] GC(151) Pause Young (System.gc()) 774M->774M(6142M) 0.585ms
[79.088s][info][gc,metaspace] GC(152) Metaspace: 33654K(35776K)->33654K(35776K) NonClass: 26746K(27648K)->26746K(27648K) Class: 6908K(8128K)->6908K(8128K)
[79.088s][info][gc          ] GC(152) Pause Full (System.gc()) 774M->774M(6142M) 783.284ms
[79.089s][info][gc,metaspace] GC(153) Metaspace: 33654K(35776K)->33654K(35776K) NonClass: 26746K(27648K)->26746K(27648K) Class: 6908K(8128K)->6908K(8128K)
[79.089s][info][gc          ] GC(153) Pause Young (System.gc()) 774M->774M(6142M) 0.643ms
[79.879s][info][gc,metaspace] GC(154) Metaspace: 33654K(35776K)->33654K(35776K) NonClass: 26746K(27648K)->26746K(27648K) Class: 6908K(8128K)->6908K(8128K)
[79.879s][info][gc          ] GC(154) Pause Full (System.gc()) 774M->774M(6142M) 789.949ms
[79.879s][info][gc,metaspace] GC(155) Metaspace: 33654K(35776K)->33654K(35776K) NonClass: 26746K(27648K)->26746K(27648K) Class: 6908K(8128K)->6908K(8128K)
[79.879s][info][gc          ] GC(155) Pause Young (System.gc()) 774M->774M(6142M) 0.647ms
[80.673s][info][gc,metaspace] GC(156) Metaspace: 33654K(35776K)->33654K(35776K) NonClass: 26746K(27648K)->26746K(27648K) Class: 6908K(8128K)->6908K(8128K)
[80.673s][info][gc          ] GC(156) Pause Full (System.gc()) 774M->774M(6142M) 793.603ms
[80.674s][info][gc,metaspace] GC(157) Metaspace: 33654K(35776K)->33654K(35776K) NonClass: 26746K(27648K)->26746K(27648K) Class: 6908K(8128K)->6908K(8128K)
[80.674s][info][gc          ] GC(157) Pause Young (System.gc()) 774M->774M(6142M) 0.502ms
[81.482s][info][gc,metaspace] GC(158) Metaspace: 33654K(35776K)->33654K(35776K) NonClass: 26746K(27648K)->26746K(27648K) Class: 6908K(8128K)->6908K(8128K)
[81.482s][info][gc          ] GC(158) Pause Full (System.gc()) 774M->774M(6142M) 808.785ms
[81.483s][info][gc,metaspace] GC(159) Metaspace: 33654K(35776K)->33654K(35776K) NonClass: 26746K(27648K)->26746K(27648K) Class: 6908K(8128K)->6908K(8128K)
[81.483s][info][gc          ] GC(159) Pause Young (System.gc()) 774M->774M(6142M) 0.662ms
[82.414s][info][gc,metaspace] GC(160) Metaspace: 33654K(35776K)->33654K(35776K) NonClass: 26746K(27648K)->26746K(27648K) Class: 6908K(8128K)->6908K(8128K)
[82.414s][info][gc          ] GC(160) Pause Full (System.gc()) 774M->774M(6142M) 930.420ms
[82.414s][info][gc,metaspace] GC(161) Metaspace: 33654K(35776K)->33654K(35776K) NonClass: 26746K(27648K)->26746K(27648K) Class: 6908K(8128K)->6908K(8128K)
[82.414s][info][gc          ] GC(161) Pause Young (System.gc()) 774M->774M(6143M) 0.525ms
[83.215s][info][gc,metaspace] GC(162) Metaspace: 33654K(35776K)->33654K(35776K) NonClass: 26746K(27648K)->26746K(27648K) Class: 6908K(8128K)->6908K(8128K)
[83.215s][info][gc          ] GC(162) Pause Full (System.gc()) 774M->774M(6143M) 801.005ms
[83.216s][info][gc,metaspace] GC(163) Metaspace: 33654K(35776K)->33654K(35776K) NonClass: 26746K(27648K)->26746K(27648K) Class: 6908K(8128K)->6908K(8128K)
[83.216s][info][gc          ] GC(163) Pause Young (System.gc()) 774M->774M(6143M) 0.622ms
[84.059s][info][gc,metaspace] GC(164) Metaspace: 33654K(35776K)->33654K(35776K) NonClass: 26746K(27648K)->26746K(27648K) Class: 6908K(8128K)->6908K(8128K)
[84.059s][info][gc          ] GC(164) Pause Full (System.gc()) 774M->774M(6143M) 842.579ms
[84.059s][info][gc,metaspace] GC(165) Metaspace: 33654K(35776K)->33654K(35776K) NonClass: 26746K(27648K)->26746K(27648K) Class: 6908K(8128K)->6908K(8128K)
[84.059s][info][gc          ] GC(165) Pause Young (System.gc()) 774M->774M(6143M) 0.634ms
[84.862s][info][gc,metaspace] GC(166) Metaspace: 33654K(35776K)->33654K(35776K) NonClass: 26746K(27648K)->26746K(27648K) Class: 6908K(8128K)->6908K(8128K)
[84.862s][info][gc          ] GC(166) Pause Full (System.gc()) 774M->774M(6143M) 802.182ms
[84.862s][info][gc,metaspace] GC(167) Metaspace: 33654K(35776K)->33654K(35776K) NonClass: 26746K(27648K)->26746K(27648K) Class: 6908K(8128K)->6908K(8128K)
[84.862s][info][gc          ] GC(167) Pause Young (System.gc()) 774M->774M(6143M) 0.460ms
[85.629s][info][gc,metaspace] GC(168) Metaspace: 33654K(35776K)->33654K(35776K) NonClass: 26746K(27648K)->26746K(27648K) Class: 6908K(8128K)->6908K(8128K)
[85.629s][info][gc          ] GC(168) Pause Full (System.gc()) 774M->774M(6143M) 767.214ms
[85.630s][info][gc,metaspace] GC(169) Metaspace: 33654K(35776K)->33654K(35776K) NonClass: 26746K(27648K)->26746K(27648K) Class: 6908K(8128K)->6908K(8128K)
[85.630s][info][gc          ] GC(169) Pause Young (System.gc()) 774M->774M(6143M) 0.632ms
[86.412s][info][gc,metaspace] GC(170) Metaspace: 33654K(35776K)->33654K(35776K) NonClass: 26746K(27648K)->26746K(27648K) Class: 6908K(8128K)->6908K(8128K)
[86.412s][info][gc          ] GC(170) Pause Full (System.gc()) 774M->774M(6143M) 781.466ms
[86.413s][info][gc,metaspace] GC(171) Metaspace: 33654K(35776K)->33654K(35776K) NonClass: 26746K(27648K)->26746K(27648K) Class: 6908K(8128K)->6908K(8128K)
[86.413s][info][gc          ] GC(171) Pause Young (System.gc()) 774M->774M(6143M) 0.706ms
[87.185s][info][gc,metaspace] GC(172) Metaspace: 33654K(35776K)->33654K(35776K) NonClass: 26746K(27648K)->26746K(27648K) Class: 6908K(8128K)->6908K(8128K)
[87.185s][info][gc          ] GC(172) Pause Full (System.gc()) 774M->774M(6143M) 772.822ms
[87.186s][info][gc,metaspace] GC(173) Metaspace: 33654K(35776K)->33654K(35776K) NonClass: 26746K(27648K)->26746K(27648K) Class: 6908K(8128K)->6908K(8128K)
[87.186s][info][gc          ] GC(173) Pause Young (System.gc()) 774M->774M(6143M) 0.610ms
[87.933s][info][gc,metaspace] GC(174) Metaspace: 33654K(35776K)->33654K(35776K) NonClass: 26746K(27648K)->26746K(27648K) Class: 6908K(8128K)->6908K(8128K)
[87.933s][info][gc          ] GC(174) Pause Full (System.gc()) 774M->774M(6143M) 746.982ms
[87.934s][info][gc,metaspace] GC(175) Metaspace: 33654K(35776K)->33654K(35776K) NonClass: 26746K(27648K)->26746K(27648K) Class: 6908K(8128K)->6908K(8128K)
[87.934s][info][gc          ] GC(175) Pause Young (System.gc()) 774M->774M(6143M) 0.574ms
[88.695s][info][gc,metaspace] GC(176) Metaspace: 33654K(35776K)->33654K(35776K) NonClass: 26746K(27648K)->26746K(27648K) Class: 6908K(8128K)->6908K(8128K)
[88.695s][info][gc          ] GC(176) Pause Full (System.gc()) 774M->774M(6143M) 761.155ms
[88.696s][info][gc,metaspace] GC(177) Metaspace: 33654K(35776K)->33654K(35776K) NonClass: 26746K(27648K)->26746K(27648K) Class: 6908K(8128K)->6908K(8128K)
[88.696s][info][gc          ] GC(177) Pause Young (System.gc()) 774M->774M(6143M) 0.648ms
[89.471s][info][gc,metaspace] GC(178) Metaspace: 33654K(35776K)->33654K(35776K) NonClass: 26746K(27648K)->26746K(27648K) Class: 6908K(8128K)->6908K(8128K)
[89.471s][info][gc          ] GC(178) Pause Full (System.gc()) 774M->774M(6143M) 775.733ms
[89.472s][info][gc,metaspace] GC(179) Metaspace: 33654K(35776K)->33654K(35776K) NonClass: 26746K(27648K)->26746K(27648K) Class: 6908K(8128K)->6908K(8128K)
[89.472s][info][gc          ] GC(179) Pause Young (System.gc()) 774M->774M(6143M) 0.618ms
[90.257s][info][gc,metaspace] GC(180) Metaspace: 33654K(35776K)->33654K(35776K) NonClass: 26746K(27648K)->26746K(27648K) Class: 6908K(8128K)->6908K(8128K)
[90.257s][info][gc          ] GC(180) Pause Full (System.gc()) 774M->774M(6143M) 784.416ms
[90.257s][info][gc,metaspace] GC(181) Metaspace: 33654K(35776K)->33654K(35776K) NonClass: 26746K(27648K)->26746K(27648K) Class: 6908K(8128K)->6908K(8128K)
[90.257s][info][gc          ] GC(181) Pause Young (System.gc()) 774M->774M(6143M) 0.576ms
[91.209s][info][gc,metaspace] GC(182) Metaspace: 33654K(35776K)->33654K(35776K) NonClass: 26746K(27648K)->26746K(27648K) Class: 6908K(8128K)->6908K(8128K)
[91.209s][info][gc          ] GC(182) Pause Full (System.gc()) 774M->774M(6143M) 951.889ms
[91.210s][info][gc,metaspace] GC(183) Metaspace: 33654K(35776K)->33654K(35776K) NonClass: 26746K(27648K)->26746K(27648K) Class: 6908K(8128K)->6908K(8128K)
[91.210s][info][gc          ] GC(183) Pause Young (System.gc()) 774M->774M(6143M) 0.596ms
[91.997s][info][gc,metaspace] GC(184) Metaspace: 33654K(35776K)->33654K(35776K) NonClass: 26746K(27648K)->26746K(27648K) Class: 6908K(8128K)->6908K(8128K)
[91.997s][info][gc          ] GC(184) Pause Full (System.gc()) 774M->774M(6143M) 786.537ms
[91.997s][info][gc,metaspace] GC(185) Metaspace: 33654K(35776K)->33654K(35776K) NonClass: 26746K(27648K)->26746K(27648K) Class: 6908K(8128K)->6908K(8128K)
[91.997s][info][gc          ] GC(185) Pause Young (System.gc()) 774M->774M(6143M) 0.416ms
[92.806s][info][gc,metaspace] GC(186) Metaspace: 33654K(35776K)->33654K(35776K) NonClass: 26746K(27648K)->26746K(27648K) Class: 6908K(8128K)->6908K(8128K)
[92.807s][info][gc          ] GC(186) Pause Full (System.gc()) 774M->774M(6143M) 809.450ms
[92.807s][info][gc,metaspace] GC(187) Metaspace: 33654K(35776K)->33654K(35776K) NonClass: 26746K(27648K)->26746K(27648K) Class: 6908K(8128K)->6908K(8128K)
[92.807s][info][gc          ] GC(187) Pause Young (System.gc()) 774M->774M(6143M) 0.624ms
[93.562s][info][gc,metaspace] GC(188) Metaspace: 33654K(35776K)->33654K(35776K) NonClass: 26746K(27648K)->26746K(27648K) Class: 6908K(8128K)->6908K(8128K)
[93.562s][info][gc          ] GC(188) Pause Full (System.gc()) 774M->774M(6143M) 754.779ms
[93.563s][info][gc,metaspace] GC(189) Metaspace: 33654K(35776K)->33654K(35776K) NonClass: 26746K(27648K)->26746K(27648K) Class: 6908K(8128K)->6908K(8128K)
[93.563s][info][gc          ] GC(189) Pause Young (System.gc()) 774M->774M(6143M) 0.452ms
[94.341s][info][gc,metaspace] GC(190) Metaspace: 33654K(35776K)->33654K(35776K) NonClass: 26746K(27648K)->26746K(27648K) Class: 6908K(8128K)->6908K(8128K)
[94.341s][info][gc          ] GC(190) Pause Full (System.gc()) 774M->774M(6143M) 778.481ms
[94.342s][info][gc,metaspace] GC(191) Metaspace: 33654K(35776K)->33654K(35776K) NonClass: 26746K(27648K)->26746K(27648K) Class: 6908K(8128K)->6908K(8128K)
[94.342s][info][gc          ] GC(191) Pause Young (System.gc()) 774M->774M(6143M) 0.651ms
[95.154s][info][gc,metaspace] GC(192) Metaspace: 33654K(35776K)->33654K(35776K) NonClass: 26746K(27648K)->26746K(27648K) Class: 6908K(8128K)->6908K(8128K)
[95.154s][info][gc          ] GC(192) Pause Full (System.gc()) 774M->774M(6143M) 812.116ms
[95.155s][info][gc,metaspace] GC(193) Metaspace: 33654K(35776K)->33654K(35776K) NonClass: 26746K(27648K)->26746K(27648K) Class: 6908K(8128K)->6908K(8128K)
[95.155s][info][gc          ] GC(193) Pause Young (System.gc()) 774M->774M(6143M) 0.612ms
[95.911s][info][gc,metaspace] GC(194) Metaspace: 33654K(35776K)->33654K(35776K) NonClass: 26746K(27648K)->26746K(27648K) Class: 6908K(8128K)->6908K(8128K)
[95.911s][info][gc          ] GC(194) Pause Full (System.gc()) 774M->774M(6143M) 755.742ms
[95.911s][info][gc,metaspace] GC(195) Metaspace: 33654K(35776K)->33654K(35776K) NonClass: 26746K(27648K)->26746K(27648K) Class: 6908K(8128K)->6908K(8128K)
[95.911s][info][gc          ] GC(195) Pause Young (System.gc()) 774M->774M(6143M) 0.497ms
[96.698s][info][gc,metaspace] GC(196) Metaspace: 33654K(35776K)->33654K(35776K) NonClass: 26746K(27648K)->26746K(27648K) Class: 6908K(8128K)->6908K(8128K)
[96.699s][info][gc          ] GC(196) Pause Full (System.gc()) 774M->774M(6143M) 787.341ms
[96.699s][info][gc,metaspace] GC(197) Metaspace: 33654K(35776K)->33654K(35776K) NonClass: 26746K(27648K)->26746K(27648K) Class: 6908K(8128K)->6908K(8128K)
[96.699s][info][gc          ] GC(197) Pause Young (System.gc()) 774M->774M(6143M) 0.661ms
[97.516s][info][gc,metaspace] GC(198) Metaspace: 33654K(35776K)->33654K(35776K) NonClass: 26746K(27648K)->26746K(27648K) Class: 6908K(8128K)->6908K(8128K)
[97.516s][info][gc          ] GC(198) Pause Full (System.gc()) 774M->774M(6143M) 816.427ms
[97.517s][info][gc,metaspace] GC(199) Metaspace: 33654K(35776K)->33654K(35776K) NonClass: 26746K(27648K)->26746K(27648K) Class: 6908K(8128K)->6908K(8128K)
[97.517s][info][gc          ] GC(199) Pause Young (System.gc()) 774M->774M(6143M) 0.626ms
[98.321s][info][gc,metaspace] GC(200) Metaspace: 33654K(35776K)->33654K(35776K) NonClass: 26746K(27648K)->26746K(27648K) Class: 6908K(8128K)->6908K(8128K)
[98.321s][info][gc          ] GC(200) Pause Full (System.gc()) 774M->774M(6143M) 804.251ms
[98.322s][info][gc,metaspace] GC(201) Metaspace: 33654K(35776K)->33654K(35776K) NonClass: 26746K(27648K)->26746K(27648K) Class: 6908K(8128K)->6908K(8128K)
[98.322s][info][gc          ] GC(201) Pause Young (System.gc()) 774M->774M(6143M) 0.628ms
[99.093s][info][gc,metaspace] GC(202) Metaspace: 33654K(35776K)->33654K(35776K) NonClass: 26746K(27648K)->26746K(27648K) Class: 6908K(8128K)->6908K(8128K)
[99.093s][info][gc          ] GC(202) Pause Full (System.gc()) 774M->774M(6143M) 771.644ms
[99.094s][info][gc,metaspace] GC(203) Metaspace: 33654K(35776K)->33654K(35776K) NonClass: 26746K(27648K)->26746K(27648K) Class: 6908K(8128K)->6908K(8128K)
[99.094s][info][gc          ] GC(203) Pause Young (System.gc()) 774M->774M(6143M) 0.462ms
[99.854s][info][gc,metaspace] GC(204) Metaspace: 33654K(35776K)->33654K(35776K) NonClass: 26746K(27648K)->26746K(27648K) Class: 6908K(8128K)->6908K(8128K)
[99.854s][info][gc          ] GC(204) Pause Full (System.gc()) 774M->774M(6143M) 760.339ms
[99.855s][info][gc,metaspace] GC(205) Metaspace: 33654K(35776K)->33654K(35776K) NonClass: 26746K(27648K)->26746K(27648K) Class: 6908K(8128K)->6908K(8128K)
[99.855s][info][gc          ] GC(205) Pause Young (System.gc()) 774M->774M(6143M) 0.672ms
[100.665s][info][gc,metaspace] GC(206) Metaspace: 33654K(35776K)->33654K(35776K) NonClass: 26746K(27648K)->26746K(27648K) Class: 6908K(8128K)->6908K(8128K)
[100.665s][info][gc          ] GC(206) Pause Full (System.gc()) 774M->774M(6143M) 809.752ms
After GCs... 
