Done; will start GCs... 
[17.331s][info][gc,metaspace] GC(7) Metaspace: 32396K(33216K)->32396K(33216K) NonClass: 32396K(33216K)->32396K(33216K) Class: 0K(0K)->0K(0K)
[17.331s][info][gc          ] GC(7) Pause Young (System.gc()) 845M->775M(5600M) 1593.430ms
[19.558s][info][gc,metaspace] GC(8) Metaspace: 32396K(33216K)->32396K(33216K) NonClass: 32396K(33216K)->32396K(33216K) Class: 0K(0K)->0K(0K)
[19.558s][info][gc          ] GC(8) Pause Full (System.gc()) 775M->774M(5600M) 2226.769ms
[19.559s][info][gc,metaspace] GC(9) Metaspace: 32396K(33216K)->32396K(33216K) NonClass: 32396K(33216K)->32396K(33216K) Class: 0K(0K)->0K(0K)
[19.559s][info][gc          ] GC(9) Pause Young (System.gc()) 774M->774M(5393M) 1.162ms
[20.492s][info][gc,metaspace] GC(10) Metaspace: 32396K(33216K)->32396K(33216K) NonClass: 32396K(33216K)->32396K(33216K) Class: 0K(0K)->0K(0K)
[20.492s][info][gc          ] GC(10) Pause Full (System.gc()) 774M->774M(5393M) 933.099ms
[20.494s][info][gc,metaspace] GC(11) Metaspace: 32396K(33216K)->32396K(33216K) NonClass: 32396K(33216K)->32396K(33216K) Class: 0K(0K)->0K(0K)
[20.494s][info][gc          ] GC(11) Pause Young (System.gc()) 774M->774M(5765M) 1.161ms
[21.372s][info][gc,metaspace] GC(12) Metaspace: 32396K(33216K)->32396K(33216K) NonClass: 32396K(33216K)->32396K(33216K) Class: 0K(0K)->0K(0K)
[21.372s][info][gc          ] GC(12) Pause Full (System.gc()) 774M->774M(5765M) 877.804ms
[21.372s][info][gc,metaspace] GC(13) Metaspace: 32396K(33216K)->32396K(33216K) NonClass: 32396K(33216K)->32396K(33216K) Class: 0K(0K)->0K(0K)
[21.373s][info][gc          ] GC(13) Pause Young (System.gc()) 774M->774M(5791M) 0.795ms
[22.089s][info][gc,metaspace] GC(14) Metaspace: 32396K(33216K)->32396K(33216K) NonClass: 32396K(33216K)->32396K(33216K) Class: 0K(0K)->0K(0K)
[22.089s][info][gc          ] GC(14) Pause Full (System.gc()) 774M->774M(5791M) 716.307ms
[22.090s][info][gc,metaspace] GC(15) Metaspace: 32397K(33216K)->32397K(33216K) NonClass: 32397K(33216K)->32397K(33216K) Class: 0K(0K)->0K(0K)
[22.090s][info][gc          ] GC(15) Pause Young (System.gc()) 774M->774M(5778M) 0.764ms
[22.841s][info][gc,metaspace] GC(16) Metaspace: 32397K(33216K)->32397K(33216K) NonClass: 32397K(33216K)->32397K(33216K) Class: 0K(0K)->0K(0K)
[22.841s][info][gc          ] GC(16) Pause Full (System.gc()) 774M->774M(5778M) 751.165ms
[22.842s][info][gc,metaspace] GC(17) Metaspace: 32397K(33216K)->32397K(33216K) NonClass: 32397K(33216K)->32397K(33216K) Class: 0K(0K)->0K(0K)
[22.842s][info][gc          ] GC(17) Pause Young (System.gc()) 774M->774M(5819M) 0.653ms
[23.585s][info][gc,metaspace] GC(18) Metaspace: 32397K(33216K)->32397K(33216K) NonClass: 32397K(33216K)->32397K(33216K) Class: 0K(0K)->0K(0K)
[23.585s][info][gc          ] GC(18) Pause Full (System.gc()) 774M->774M(5819M) 742.999ms
[23.586s][info][gc,metaspace] GC(19) Metaspace: 32397K(33216K)->32397K(33216K) NonClass: 32397K(33216K)->32397K(33216K) Class: 0K(0K)->0K(0K)
[23.586s][info][gc          ] GC(19) Pause Young (System.gc()) 774M->774M(5805M) 0.632ms
[24.396s][info][gc,metaspace] GC(20) Metaspace: 32397K(33216K)->32397K(33216K) NonClass: 32397K(33216K)->32397K(33216K) Class: 0K(0K)->0K(0K)
[24.396s][info][gc          ] GC(20) Pause Full (System.gc()) 774M->774M(5805M) 810.389ms
[24.397s][info][gc,metaspace] GC(21) Metaspace: 32397K(33216K)->32397K(33216K) NonClass: 32397K(33216K)->32397K(33216K) Class: 0K(0K)->0K(0K)
[24.397s][info][gc          ] GC(21) Pause Young (System.gc()) 774M->774M(5850M) 0.748ms
[25.141s][info][gc,metaspace] GC(22) Metaspace: 32397K(33216K)->32397K(33216K) NonClass: 32397K(33216K)->32397K(33216K) Class: 0K(0K)->0K(0K)
[25.141s][info][gc          ] GC(22) Pause Full (System.gc()) 774M->774M(5850M) 744.474ms
[25.142s][info][gc,metaspace] GC(23) Metaspace: 32397K(33216K)->32397K(33216K) NonClass: 32397K(33216K)->32397K(33216K) Class: 0K(0K)->0K(0K)
[25.142s][info][gc          ] GC(23) Pause Young (System.gc()) 774M->774M(5834M) 0.482ms
[25.881s][info][gc,metaspace] GC(24) Metaspace: 32397K(33216K)->32397K(33216K) NonClass: 32397K(33216K)->32397K(33216K) Class: 0K(0K)->0K(0K)
[25.881s][info][gc          ] GC(24) Pause Full (System.gc()) 774M->774M(5834M) 738.753ms
[25.882s][info][gc,metaspace] GC(25) Metaspace: 32397K(33216K)->32397K(33216K) NonClass: 32397K(33216K)->32397K(33216K) Class: 0K(0K)->0K(0K)
[25.882s][info][gc          ] GC(25) Pause Young (System.gc()) 774M->774M(5880M) 0.717ms
[26.586s][info][gc,metaspace] GC(26) Metaspace: 32397K(33216K)->32397K(33216K) NonClass: 32397K(33216K)->32397K(33216K) Class: 0K(0K)->0K(0K)
[26.586s][info][gc          ] GC(26) Pause Full (System.gc()) 774M->774M(5880M) 704.218ms
[26.591s][info][gc,metaspace] GC(27) Metaspace: 32397K(33216K)->32397K(33216K) NonClass: 32397K(33216K)->32397K(33216K) Class: 0K(0K)->0K(0K)
[26.591s][info][gc          ] GC(27) Pause Young (System.gc()) 774M->774M(5865M) 0.599ms
[27.338s][info][gc,metaspace] GC(28) Metaspace: 32397K(33216K)->32397K(33216K) NonClass: 32397K(33216K)->32397K(33216K) Class: 0K(0K)->0K(0K)
[27.339s][info][gc          ] GC(28) Pause Full (System.gc()) 774M->774M(5865M) 747.662ms
[27.339s][info][gc,metaspace] GC(29) Metaspace: 32397K(33216K)->32397K(33216K) NonClass: 32397K(33216K)->32397K(33216K) Class: 0K(0K)->0K(0K)
[27.339s][info][gc          ] GC(29) Pause Young (System.gc()) 774M->774M(5910M) 0.575ms
[28.061s][info][gc,metaspace] GC(30) Metaspace: 32397K(33216K)->32397K(33216K) NonClass: 32397K(33216K)->32397K(33216K) Class: 0K(0K)->0K(0K)
[28.061s][info][gc          ] GC(30) Pause Full (System.gc()) 774M->774M(5910M) 721.479ms
[28.061s][info][gc,metaspace] GC(31) Metaspace: 32397K(33216K)->32397K(33216K) NonClass: 32397K(33216K)->32397K(33216K) Class: 0K(0K)->0K(0K)
[28.061s][info][gc          ] GC(31) Pause Young (System.gc()) 774M->774M(5895M) 0.480ms
[28.786s][info][gc,metaspace] GC(32) Metaspace: 32397K(33216K)->32397K(33216K) NonClass: 32397K(33216K)->32397K(33216K) Class: 0K(0K)->0K(0K)
[28.787s][info][gc          ] GC(32) Pause Full (System.gc()) 774M->774M(5895M) 725.150ms
[28.787s][info][gc,metaspace] GC(33) Metaspace: 32397K(33216K)->32397K(33216K) NonClass: 32397K(33216K)->32397K(33216K) Class: 0K(0K)->0K(0K)
[28.787s][info][gc          ] GC(33) Pause Young (System.gc()) 774M->774M(5938M) 0.744ms
[29.517s][info][gc,metaspace] GC(34) Metaspace: 32397K(33216K)->32397K(33216K) NonClass: 32397K(33216K)->32397K(33216K) Class: 0K(0K)->0K(0K)
[29.517s][info][gc          ] GC(34) Pause Full (System.gc()) 774M->774M(5938M) 729.987ms
[29.518s][info][gc,metaspace] GC(35) Metaspace: 32397K(33216K)->32397K(33216K) NonClass: 32397K(33216K)->32397K(33216K) Class: 0K(0K)->0K(0K)
[29.518s][info][gc          ] GC(35) Pause Young (System.gc()) 774M->774M(5924M) 0.612ms
[30.238s][info][gc,metaspace] GC(36) Metaspace: 32397K(33216K)->32397K(33216K) NonClass: 32397K(33216K)->32397K(33216K) Class: 0K(0K)->0K(0K)
[30.238s][info][gc          ] GC(36) Pause Full (System.gc()) 774M->774M(5924M) 719.779ms
[30.239s][info][gc,metaspace] GC(37) Metaspace: 32397K(33216K)->32397K(33216K) NonClass: 32397K(33216K)->32397K(33216K) Class: 0K(0K)->0K(0K)
[30.239s][info][gc          ] GC(37) Pause Young (System.gc()) 774M->774M(5963M) 0.600ms
[30.937s][info][gc,metaspace] GC(38) Metaspace: 32397K(33216K)->32397K(33216K) NonClass: 32397K(33216K)->32397K(33216K) Class: 0K(0K)->0K(0K)
[30.937s][info][gc          ] GC(38) Pause Full (System.gc()) 774M->774M(5963M) 698.527ms
[30.938s][info][gc,metaspace] GC(39) Metaspace: 32397K(33216K)->32397K(33216K) NonClass: 32397K(33216K)->32397K(33216K) Class: 0K(0K)->0K(0K)
[30.938s][info][gc          ] GC(39) Pause Young (System.gc()) 774M->774M(5951M) 0.513ms
[31.643s][info][gc,metaspace] GC(40) Metaspace: 32397K(33216K)->32397K(33216K) NonClass: 32397K(33216K)->32397K(33216K) Class: 0K(0K)->0K(0K)
[31.643s][info][gc          ] GC(40) Pause Full (System.gc()) 774M->774M(5951M) 704.932ms
[31.648s][info][gc,metaspace] GC(41) Metaspace: 32397K(33216K)->32397K(33216K) NonClass: 32397K(33216K)->32397K(33216K) Class: 0K(0K)->0K(0K)
[31.648s][info][gc          ] GC(41) Pause Young (System.gc()) 774M->774M(5987M) 0.695ms
[32.369s][info][gc,metaspace] GC(42) Metaspace: 32397K(33216K)->32397K(33216K) NonClass: 32397K(33216K)->32397K(33216K) Class: 0K(0K)->0K(0K)
[32.369s][info][gc          ] GC(42) Pause Full (System.gc()) 774M->774M(5987M) 720.979ms
[32.370s][info][gc,metaspace] GC(43) Metaspace: 32397K(33216K)->32397K(33216K) NonClass: 32397K(33216K)->32397K(33216K) Class: 0K(0K)->0K(0K)
[32.370s][info][gc          ] GC(43) Pause Young (System.gc()) 774M->774M(5975M) 0.630ms
[33.107s][info][gc,metaspace] GC(44) Metaspace: 32397K(33216K)->32397K(33216K) NonClass: 32397K(33216K)->32397K(33216K) Class: 0K(0K)->0K(0K)
[33.107s][info][gc          ] GC(44) Pause Full (System.gc()) 774M->774M(5975M) 737.628ms
[33.108s][info][gc,metaspace] GC(45) Metaspace: 32397K(33216K)->32397K(33216K) NonClass: 32397K(33216K)->32397K(33216K) Class: 0K(0K)->0K(0K)
[33.108s][info][gc          ] GC(45) Pause Young (System.gc()) 774M->774M(6008M) 0.578ms
[33.837s][info][gc,metaspace] GC(46) Metaspace: 32397K(33216K)->32397K(33216K) NonClass: 32397K(33216K)->32397K(33216K) Class: 0K(0K)->0K(0K)
[33.838s][info][gc          ] GC(46) Pause Full (System.gc()) 774M->774M(6008M) 729.412ms
[33.838s][info][gc,metaspace] GC(47) Metaspace: 32397K(33216K)->32397K(33216K) NonClass: 32397K(33216K)->32397K(33216K) Class: 0K(0K)->0K(0K)
[33.838s][info][gc          ] GC(47) Pause Young (System.gc()) 774M->774M(5998M) 0.627ms
[34.600s][info][gc,metaspace] GC(48) Metaspace: 32397K(33216K)->32397K(33216K) NonClass: 32397K(33216K)->32397K(33216K) Class: 0K(0K)->0K(0K)
[34.601s][info][gc          ] GC(48) Pause Full (System.gc()) 774M->774M(5998M) 762.224ms
[34.601s][info][gc,metaspace] GC(49) Metaspace: 32397K(33216K)->32397K(33216K) NonClass: 32397K(33216K)->32397K(33216K) Class: 0K(0K)->0K(0K)
[34.601s][info][gc          ] GC(49) Pause Young (System.gc()) 774M->774M(6026M) 0.577ms
[35.347s][info][gc,metaspace] GC(50) Metaspace: 32397K(33216K)->32397K(33216K) NonClass: 32397K(33216K)->32397K(33216K) Class: 0K(0K)->0K(0K)
[35.347s][info][gc          ] GC(50) Pause Full (System.gc()) 774M->774M(6026M) 745.429ms
[35.347s][info][gc,metaspace] GC(51) Metaspace: 32397K(33216K)->32397K(33216K) NonClass: 32397K(33216K)->32397K(33216K) Class: 0K(0K)->0K(0K)
[35.347s][info][gc          ] GC(51) Pause Young (System.gc()) 774M->774M(6017M) 0.607ms
[36.070s][info][gc,metaspace] GC(52) Metaspace: 32397K(33216K)->32397K(33216K) NonClass: 32397K(33216K)->32397K(33216K) Class: 0K(0K)->0K(0K)
[36.070s][info][gc          ] GC(52) Pause Full (System.gc()) 774M->774M(6017M) 722.394ms
[36.071s][info][gc,metaspace] GC(53) Metaspace: 32397K(33216K)->32397K(33216K) NonClass: 32397K(33216K)->32397K(33216K) Class: 0K(0K)->0K(0K)
[36.071s][info][gc          ] GC(53) Pause Young (System.gc()) 774M->774M(6043M) 0.770ms
[36.784s][info][gc,metaspace] GC(54) Metaspace: 32397K(33216K)->32397K(33216K) NonClass: 32397K(33216K)->32397K(33216K) Class: 0K(0K)->0K(0K)
[36.784s][info][gc          ] GC(54) Pause Full (System.gc()) 774M->774M(6043M) 712.902ms
[36.789s][info][gc,metaspace] GC(55) Metaspace: 32397K(33216K)->32397K(33216K) NonClass: 32397K(33216K)->32397K(33216K) Class: 0K(0K)->0K(0K)
[36.789s][info][gc          ] GC(55) Pause Young (System.gc()) 774M->774M(6035M) 0.639ms
[37.686s][info][gc,metaspace] GC(56) Metaspace: 32397K(33216K)->32397K(33216K) NonClass: 32397K(33216K)->32397K(33216K) Class: 0K(0K)->0K(0K)
[37.686s][info][gc          ] GC(56) Pause Full (System.gc()) 774M->774M(6035M) 897.025ms
[37.687s][info][gc,metaspace] GC(57) Metaspace: 32397K(33216K)->32397K(33216K) NonClass: 32397K(33216K)->32397K(33216K) Class: 0K(0K)->0K(0K)
[37.687s][info][gc          ] GC(57) Pause Young (System.gc()) 774M->774M(6057M) 0.750ms
[38.432s][info][gc,metaspace] GC(58) Metaspace: 32397K(33216K)->32397K(33216K) NonClass: 32397K(33216K)->32397K(33216K) Class: 0K(0K)->0K(0K)
[38.432s][info][gc          ] GC(58) Pause Full (System.gc()) 774M->774M(6057M) 745.591ms
[38.433s][info][gc,metaspace] GC(59) Metaspace: 32397K(33216K)->32397K(33216K) NonClass: 32397K(33216K)->32397K(33216K) Class: 0K(0K)->0K(0K)
[38.433s][info][gc          ] GC(59) Pause Young (System.gc()) 774M->774M(6050M) 0.511ms
[39.153s][info][gc,metaspace] GC(60) Metaspace: 32397K(33216K)->32397K(33216K) NonClass: 32397K(33216K)->32397K(33216K) Class: 0K(0K)->0K(0K)
[39.153s][info][gc          ] GC(60) Pause Full (System.gc()) 774M->774M(6050M) 719.811ms
[39.153s][info][gc,metaspace] GC(61) Metaspace: 32397K(33216K)->32397K(33216K) NonClass: 32397K(33216K)->32397K(33216K) Class: 0K(0K)->0K(0K)
[39.153s][info][gc          ] GC(61) Pause Young (System.gc()) 774M->774M(6070M) 0.566ms
[39.863s][info][gc,metaspace] GC(62) Metaspace: 32397K(33216K)->32397K(33216K) NonClass: 32397K(33216K)->32397K(33216K) Class: 0K(0K)->0K(0K)
[39.863s][info][gc          ] GC(62) Pause Full (System.gc()) 774M->774M(6070M) 709.736ms
[39.864s][info][gc,metaspace] GC(63) Metaspace: 32397K(33216K)->32397K(33216K) NonClass: 32397K(33216K)->32397K(33216K) Class: 0K(0K)->0K(0K)
[39.864s][info][gc          ] GC(63) Pause Young (System.gc()) 774M->774M(6064M) 0.673ms
[40.589s][info][gc,metaspace] GC(64) Metaspace: 32397K(33216K)->32397K(33216K) NonClass: 32397K(33216K)->32397K(33216K) Class: 0K(0K)->0K(0K)
[40.589s][info][gc          ] GC(64) Pause Full (System.gc()) 774M->774M(6064M) 724.712ms
[40.590s][info][gc,metaspace] GC(65) Metaspace: 32397K(33216K)->32397K(33216K) NonClass: 32397K(33216K)->32397K(33216K) Class: 0K(0K)->0K(0K)
[40.590s][info][gc          ] GC(65) Pause Young (System.gc()) 774M->774M(6081M) 0.763ms
[41.423s][info][gc,metaspace] GC(66) Metaspace: 32397K(33216K)->32397K(33216K) NonClass: 32397K(33216K)->32397K(33216K) Class: 0K(0K)->0K(0K)
[41.423s][info][gc          ] GC(66) Pause Full (System.gc()) 774M->774M(6081M) 833.381ms
[41.424s][info][gc,metaspace] GC(67) Metaspace: 32397K(33216K)->32397K(33216K) NonClass: 32397K(33216K)->32397K(33216K) Class: 0K(0K)->0K(0K)
[41.424s][info][gc          ] GC(67) Pause Young (System.gc()) 774M->774M(6076M) 0.645ms
[42.170s][info][gc,metaspace] GC(68) Metaspace: 32397K(33216K)->32397K(33216K) NonClass: 32397K(33216K)->32397K(33216K) Class: 0K(0K)->0K(0K)
[42.170s][info][gc          ] GC(68) Pause Full (System.gc()) 774M->774M(6076M) 746.217ms
[42.171s][info][gc,metaspace] GC(69) Metaspace: 32397K(33216K)->32397K(33216K) NonClass: 32397K(33216K)->32397K(33216K) Class: 0K(0K)->0K(0K)
[42.171s][info][gc          ] GC(69) Pause Young (System.gc()) 774M->774M(6090M) 0.579ms
[42.883s][info][gc,metaspace] GC(70) Metaspace: 32397K(33216K)->32397K(33216K) NonClass: 32397K(33216K)->32397K(33216K) Class: 0K(0K)->0K(0K)
[42.883s][info][gc          ] GC(70) Pause Full (System.gc()) 774M->774M(6090M) 712.631ms
[42.884s][info][gc,metaspace] GC(71) Metaspace: 32397K(33216K)->32397K(33216K) NonClass: 32397K(33216K)->32397K(33216K) Class: 0K(0K)->0K(0K)
[42.884s][info][gc          ] GC(71) Pause Young (System.gc()) 774M->774M(6086M) 0.449ms
[43.601s][info][gc,metaspace] GC(72) Metaspace: 32397K(33216K)->32397K(33216K) NonClass: 32397K(33216K)->32397K(33216K) Class: 0K(0K)->0K(0K)
[43.601s][info][gc          ] GC(72) Pause Full (System.gc()) 774M->774M(6086M) 717.038ms
[43.602s][info][gc,metaspace] GC(73) Metaspace: 32397K(33216K)->32397K(33216K) NonClass: 32397K(33216K)->32397K(33216K) Class: 0K(0K)->0K(0K)
[43.602s][info][gc          ] GC(73) Pause Young (System.gc()) 774M->774M(6098M) 0.719ms
[44.319s][info][gc,metaspace] GC(74) Metaspace: 32397K(33216K)->32397K(33216K) NonClass: 32397K(33216K)->32397K(33216K) Class: 0K(0K)->0K(0K)
[44.319s][info][gc          ] GC(74) Pause Full (System.gc()) 774M->774M(6098M) 716.627ms
[44.319s][info][gc,metaspace] GC(75) Metaspace: 32397K(33216K)->32397K(33216K) NonClass: 32397K(33216K)->32397K(33216K) Class: 0K(0K)->0K(0K)
[44.319s][info][gc          ] GC(75) Pause Young (System.gc()) 774M->774M(6094M) 0.585ms
[45.007s][info][gc,metaspace] GC(76) Metaspace: 32397K(33216K)->32397K(33216K) NonClass: 32397K(33216K)->32397K(33216K) Class: 0K(0K)->0K(0K)
[45.007s][info][gc          ] GC(76) Pause Full (System.gc()) 774M->774M(6094M) 687.947ms
[45.008s][info][gc,metaspace] GC(77) Metaspace: 32397K(33216K)->32397K(33216K) NonClass: 32397K(33216K)->32397K(33216K) Class: 0K(0K)->0K(0K)
[45.008s][info][gc          ] GC(77) Pause Young (System.gc()) 774M->774M(6105M) 0.674ms
[45.750s][info][gc,metaspace] GC(78) Metaspace: 32397K(33216K)->32397K(33216K) NonClass: 32397K(33216K)->32397K(33216K) Class: 0K(0K)->0K(0K)
[45.750s][info][gc          ] GC(78) Pause Full (System.gc()) 774M->774M(6105M) 741.516ms
[45.750s][info][gc,metaspace] GC(79) Metaspace: 32397K(33216K)->32397K(33216K) NonClass: 32397K(33216K)->32397K(33216K) Class: 0K(0K)->0K(0K)
[45.750s][info][gc          ] GC(79) Pause Young (System.gc()) 774M->774M(6102M) 0.580ms
[46.484s][info][gc,metaspace] GC(80) Metaspace: 32397K(33216K)->32397K(33216K) NonClass: 32397K(33216K)->32397K(33216K) Class: 0K(0K)->0K(0K)
[46.484s][info][gc          ] GC(80) Pause Full (System.gc()) 774M->774M(6102M) 733.328ms
[46.484s][info][gc,metaspace] GC(81) Metaspace: 32397K(33216K)->32397K(33216K) NonClass: 32397K(33216K)->32397K(33216K) Class: 0K(0K)->0K(0K)
[46.485s][info][gc          ] GC(81) Pause Young (System.gc()) 774M->774M(6111M) 0.711ms
[47.218s][info][gc,metaspace] GC(82) Metaspace: 32397K(33216K)->32397K(33216K) NonClass: 32397K(33216K)->32397K(33216K) Class: 0K(0K)->0K(0K)
[47.218s][info][gc          ] GC(82) Pause Full (System.gc()) 774M->774M(6111M) 733.181ms
[47.223s][info][gc,metaspace] GC(83) Metaspace: 32397K(33216K)->32397K(33216K) NonClass: 32397K(33216K)->32397K(33216K) Class: 0K(0K)->0K(0K)
[47.223s][info][gc          ] GC(83) Pause Young (System.gc()) 774M->774M(6108M) 0.649ms
[47.962s][info][gc,metaspace] GC(84) Metaspace: 32397K(33216K)->32397K(33216K) NonClass: 32397K(33216K)->32397K(33216K) Class: 0K(0K)->0K(0K)
[47.962s][info][gc          ] GC(84) Pause Full (System.gc()) 774M->774M(6108M) 738.937ms
[47.962s][info][gc,metaspace] GC(85) Metaspace: 32397K(33216K)->32397K(33216K) NonClass: 32397K(33216K)->32397K(33216K) Class: 0K(0K)->0K(0K)
[47.962s][info][gc          ] GC(85) Pause Young (System.gc()) 774M->774M(6116M) 0.584ms
[48.867s][info][gc,metaspace] GC(86) Metaspace: 32397K(33216K)->32397K(33216K) NonClass: 32397K(33216K)->32397K(33216K) Class: 0K(0K)->0K(0K)
[48.867s][info][gc          ] GC(86) Pause Full (System.gc()) 774M->774M(6116M) 904.705ms
[48.868s][info][gc,metaspace] GC(87) Metaspace: 32397K(33216K)->32397K(33216K) NonClass: 32397K(33216K)->32397K(33216K) Class: 0K(0K)->0K(0K)
[48.868s][info][gc          ] GC(87) Pause Young (System.gc()) 774M->774M(6114M) 0.528ms
[49.596s][info][gc,metaspace] GC(88) Metaspace: 32397K(33216K)->32397K(33216K) NonClass: 32397K(33216K)->32397K(33216K) Class: 0K(0K)->0K(0K)
[49.596s][info][gc          ] GC(88) Pause Full (System.gc()) 774M->774M(6114M) 728.145ms
[49.597s][info][gc,metaspace] GC(89) Metaspace: 32397K(33216K)->32397K(33216K) NonClass: 32397K(33216K)->32397K(33216K) Class: 0K(0K)->0K(0K)
[49.597s][info][gc          ] GC(89) Pause Young (System.gc()) 774M->774M(6121M) 0.639ms
[50.470s][info][gc,metaspace] GC(90) Metaspace: 32397K(33216K)->32397K(33216K) NonClass: 32397K(33216K)->32397K(33216K) Class: 0K(0K)->0K(0K)
[50.470s][info][gc          ] GC(90) Pause Full (System.gc()) 774M->774M(6121M) 873.644ms
[50.471s][info][gc,metaspace] GC(91) Metaspace: 32397K(33216K)->32397K(33216K) NonClass: 32397K(33216K)->32397K(33216K) Class: 0K(0K)->0K(0K)
[50.471s][info][gc          ] GC(91) Pause Young (System.gc()) 774M->774M(6119M) 0.552ms
[51.183s][info][gc,metaspace] GC(92) Metaspace: 32397K(33216K)->32397K(33216K) NonClass: 32397K(33216K)->32397K(33216K) Class: 0K(0K)->0K(0K)
[51.184s][info][gc          ] GC(92) Pause Full (System.gc()) 774M->774M(6119M) 712.448ms
[51.184s][info][gc,metaspace] GC(93) Metaspace: 32397K(33216K)->32397K(33216K) NonClass: 32397K(33216K)->32397K(33216K) Class: 0K(0K)->0K(0K)
[51.184s][info][gc          ] GC(93) Pause Young (System.gc()) 774M->774M(6124M) 0.671ms
[51.892s][info][gc,metaspace] GC(94) Metaspace: 32397K(33216K)->32397K(33216K) NonClass: 32397K(33216K)->32397K(33216K) Class: 0K(0K)->0K(0K)
[51.893s][info][gc          ] GC(94) Pause Full (System.gc()) 774M->774M(6124M) 708.149ms
[51.893s][info][gc,metaspace] GC(95) Metaspace: 32397K(33216K)->32397K(33216K) NonClass: 32397K(33216K)->32397K(33216K) Class: 0K(0K)->0K(0K)
[51.893s][info][gc          ] GC(95) Pause Young (System.gc()) 774M->774M(6123M) 0.636ms
[52.633s][info][gc,metaspace] GC(96) Metaspace: 32397K(33216K)->32397K(33216K) NonClass: 32397K(33216K)->32397K(33216K) Class: 0K(0K)->0K(0K)
[52.633s][info][gc          ] GC(96) Pause Full (System.gc()) 774M->774M(6123M) 739.890ms
[52.638s][info][gc,metaspace] GC(97) Metaspace: 32397K(33216K)->32397K(33216K) NonClass: 32397K(33216K)->32397K(33216K) Class: 0K(0K)->0K(0K)
[52.638s][info][gc          ] GC(97) Pause Young (System.gc()) 774M->774M(6127M) 0.733ms
[53.350s][info][gc,metaspace] GC(98) Metaspace: 32397K(33216K)->32397K(33216K) NonClass: 32397K(33216K)->32397K(33216K) Class: 0K(0K)->0K(0K)
[53.350s][info][gc          ] GC(98) Pause Full (System.gc()) 774M->774M(6127M) 711.477ms
[53.351s][info][gc,metaspace] GC(99) Metaspace: 32397K(33216K)->32397K(33216K) NonClass: 32397K(33216K)->32397K(33216K) Class: 0K(0K)->0K(0K)
[53.351s][info][gc          ] GC(99) Pause Young (System.gc()) 774M->774M(6126M) 0.639ms
[54.065s][info][gc,metaspace] GC(100) Metaspace: 32397K(33216K)->32397K(33216K) NonClass: 32397K(33216K)->32397K(33216K) Class: 0K(0K)->0K(0K)
[54.065s][info][gc          ] GC(100) Pause Full (System.gc()) 774M->774M(6126M) 714.661ms
[54.066s][info][gc,metaspace] GC(101) Metaspace: 32397K(33216K)->32397K(33216K) NonClass: 32397K(33216K)->32397K(33216K) Class: 0K(0K)->0K(0K)
[54.066s][info][gc          ] GC(101) Pause Young (System.gc()) 774M->774M(6130M) 0.688ms
[54.791s][info][gc,metaspace] GC(102) Metaspace: 32397K(33216K)->32397K(33216K) NonClass: 32397K(33216K)->32397K(33216K) Class: 0K(0K)->0K(0K)
[54.791s][info][gc          ] GC(102) Pause Full (System.gc()) 774M->774M(6130M) 724.449ms
[54.791s][info][gc,metaspace] GC(103) Metaspace: 32397K(33216K)->32397K(33216K) NonClass: 32397K(33216K)->32397K(33216K) Class: 0K(0K)->0K(0K)
[54.791s][info][gc          ] GC(103) Pause Young (System.gc()) 774M->774M(6129M) 0.686ms
[55.561s][info][gc,metaspace] GC(104) Metaspace: 32397K(33216K)->32397K(33216K) NonClass: 32397K(33216K)->32397K(33216K) Class: 0K(0K)->0K(0K)
[55.561s][info][gc          ] GC(104) Pause Full (System.gc()) 774M->774M(6129M) 769.375ms
[55.562s][info][gc,metaspace] GC(105) Metaspace: 32397K(33216K)->32397K(33216K) NonClass: 32397K(33216K)->32397K(33216K) Class: 0K(0K)->0K(0K)
[55.562s][info][gc          ] GC(105) Pause Young (System.gc()) 774M->774M(6132M) 0.646ms
[56.293s][info][gc,metaspace] GC(106) Metaspace: 32397K(33216K)->32397K(33216K) NonClass: 32397K(33216K)->32397K(33216K) Class: 0K(0K)->0K(0K)
[56.293s][info][gc          ] GC(106) Pause Full (System.gc()) 774M->774M(6132M) 731.512ms
[56.294s][info][gc,metaspace] GC(107) Metaspace: 32397K(33216K)->32397K(33216K) NonClass: 32397K(33216K)->32397K(33216K) Class: 0K(0K)->0K(0K)
[56.294s][info][gc          ] GC(107) Pause Young (System.gc()) 774M->774M(6131M) 0.689ms
[57.001s][info][gc,metaspace] GC(108) Metaspace: 32397K(33216K)->32397K(33216K) NonClass: 32397K(33216K)->32397K(33216K) Class: 0K(0K)->0K(0K)
[57.001s][info][gc          ] GC(108) Pause Full (System.gc()) 774M->774M(6131M) 706.857ms
[57.002s][info][gc,metaspace] GC(109) Metaspace: 32397K(33216K)->32397K(33216K) NonClass: 32397K(33216K)->32397K(33216K) Class: 0K(0K)->0K(0K)
[57.002s][info][gc          ] GC(109) Pause Young (System.gc()) 774M->774M(6134M) 0.672ms
[57.738s][info][gc,metaspace] GC(110) Metaspace: 32397K(33216K)->32397K(33216K) NonClass: 32397K(33216K)->32397K(33216K) Class: 0K(0K)->0K(0K)
[57.738s][info][gc          ] GC(110) Pause Full (System.gc()) 774M->774M(6134M) 736.141ms
[57.743s][info][gc,metaspace] GC(111) Metaspace: 32397K(33216K)->32397K(33216K) NonClass: 32397K(33216K)->32397K(33216K) Class: 0K(0K)->0K(0K)
[57.743s][info][gc          ] GC(111) Pause Young (System.gc()) 774M->774M(6133M) 0.691ms
[58.614s][info][gc,metaspace] GC(112) Metaspace: 32397K(33216K)->32397K(33216K) NonClass: 32397K(33216K)->32397K(33216K) Class: 0K(0K)->0K(0K)
[58.614s][info][gc          ] GC(112) Pause Full (System.gc()) 774M->774M(6133M) 871.009ms
[58.615s][info][gc,metaspace] GC(113) Metaspace: 32397K(33216K)->32397K(33216K) NonClass: 32397K(33216K)->32397K(33216K) Class: 0K(0K)->0K(0K)
[58.615s][info][gc          ] GC(113) Pause Young (System.gc()) 774M->774M(6136M) 0.560ms
[59.309s][info][gc,metaspace] GC(114) Metaspace: 32397K(33216K)->32397K(33216K) NonClass: 32397K(33216K)->32397K(33216K) Class: 0K(0K)->0K(0K)
[59.310s][info][gc          ] GC(114) Pause Full (System.gc()) 774M->774M(6136M) 694.847ms
[59.310s][info][gc,metaspace] GC(115) Metaspace: 32397K(33216K)->32397K(33216K) NonClass: 32397K(33216K)->32397K(33216K) Class: 0K(0K)->0K(0K)
[59.310s][info][gc          ] GC(115) Pause Young (System.gc()) 774M->774M(6135M) 0.640ms
[60.013s][info][gc,metaspace] GC(116) Metaspace: 32397K(33216K)->32397K(33216K) NonClass: 32397K(33216K)->32397K(33216K) Class: 0K(0K)->0K(0K)
[60.013s][info][gc          ] GC(116) Pause Full (System.gc()) 774M->774M(6135M) 702.520ms
[60.014s][info][gc,metaspace] GC(117) Metaspace: 32397K(33216K)->32397K(33216K) NonClass: 32397K(33216K)->32397K(33216K) Class: 0K(0K)->0K(0K)
[60.014s][info][gc          ] GC(117) Pause Young (System.gc()) 774M->774M(6137M) 0.559ms
[60.770s][info][gc,metaspace] GC(118) Metaspace: 32397K(33216K)->32397K(33216K) NonClass: 32397K(33216K)->32397K(33216K) Class: 0K(0K)->0K(0K)
[60.770s][info][gc          ] GC(118) Pause Full (System.gc()) 774M->774M(6137M) 756.406ms
[60.771s][info][gc,metaspace] GC(119) Metaspace: 32397K(33216K)->32397K(33216K) NonClass: 32397K(33216K)->32397K(33216K) Class: 0K(0K)->0K(0K)
[60.771s][info][gc          ] GC(119) Pause Young (System.gc()) 774M->774M(6136M) 0.646ms
[61.495s][info][gc,metaspace] GC(120) Metaspace: 32397K(33216K)->32397K(33216K) NonClass: 32397K(33216K)->32397K(33216K) Class: 0K(0K)->0K(0K)
[61.495s][info][gc          ] GC(120) Pause Full (System.gc()) 774M->774M(6136M) 724.506ms
[61.496s][info][gc,metaspace] GC(121) Metaspace: 32397K(33216K)->32397K(33216K) NonClass: 32397K(33216K)->32397K(33216K) Class: 0K(0K)->0K(0K)
[61.496s][info][gc          ] GC(121) Pause Young (System.gc()) 774M->774M(6138M) 0.582ms
[62.226s][info][gc,metaspace] GC(122) Metaspace: 32397K(33216K)->32397K(33216K) NonClass: 32397K(33216K)->32397K(33216K) Class: 0K(0K)->0K(0K)
[62.226s][info][gc          ] GC(122) Pause Full (System.gc()) 774M->774M(6138M) 730.437ms
[62.227s][info][gc,metaspace] GC(123) Metaspace: 32397K(33216K)->32397K(33216K) NonClass: 32397K(33216K)->32397K(33216K) Class: 0K(0K)->0K(0K)
[62.227s][info][gc          ] GC(123) Pause Young (System.gc()) 774M->774M(6137M) 0.543ms
[62.925s][info][gc,metaspace] GC(124) Metaspace: 32397K(33216K)->32397K(33216K) NonClass: 32397K(33216K)->32397K(33216K) Class: 0K(0K)->0K(0K)
[62.925s][info][gc          ] GC(124) Pause Full (System.gc()) 774M->774M(6137M) 698.064ms
[62.930s][info][gc,metaspace] GC(125) Metaspace: 32397K(33216K)->32397K(33216K) NonClass: 32397K(33216K)->32397K(33216K) Class: 0K(0K)->0K(0K)
[62.930s][info][gc          ] GC(125) Pause Young (System.gc()) 774M->774M(6139M) 0.744ms
[63.670s][info][gc,metaspace] GC(126) Metaspace: 32397K(33216K)->32397K(33216K) NonClass: 32397K(33216K)->32397K(33216K) Class: 0K(0K)->0K(0K)
[63.670s][info][gc          ] GC(126) Pause Full (System.gc()) 774M->774M(6139M) 739.513ms
[63.670s][info][gc,metaspace] GC(127) Metaspace: 32397K(33216K)->32397K(33216K) NonClass: 32397K(33216K)->32397K(33216K) Class: 0K(0K)->0K(0K)
[63.670s][info][gc          ] GC(127) Pause Young (System.gc()) 774M->774M(6138M) 0.481ms
[64.597s][info][gc,metaspace] GC(128) Metaspace: 32397K(33216K)->32397K(33216K) NonClass: 32397K(33216K)->32397K(33216K) Class: 0K(0K)->0K(0K)
[64.597s][info][gc          ] GC(128) Pause Full (System.gc()) 774M->774M(6138M) 926.053ms
[64.597s][info][gc,metaspace] GC(129) Metaspace: 32397K(33216K)->32397K(33216K) NonClass: 32397K(33216K)->32397K(33216K) Class: 0K(0K)->0K(0K)
[64.597s][info][gc          ] GC(129) Pause Young (System.gc()) 787M->774M(6140M) 0.640ms
[65.278s][info][gc,metaspace] GC(130) Metaspace: 32397K(33216K)->32397K(33216K) NonClass: 32397K(33216K)->32397K(33216K) Class: 0K(0K)->0K(0K)
[65.278s][info][gc          ] GC(130) Pause Full (System.gc()) 774M->774M(6140M) 680.465ms
[65.278s][info][gc,metaspace] GC(131) Metaspace: 32397K(33216K)->32397K(33216K) NonClass: 32397K(33216K)->32397K(33216K) Class: 0K(0K)->0K(0K)
[65.278s][info][gc          ] GC(131) Pause Young (System.gc()) 774M->774M(6139M) 0.473ms
[66.015s][info][gc,metaspace] GC(132) Metaspace: 32397K(33216K)->32397K(33216K) NonClass: 32397K(33216K)->32397K(33216K) Class: 0K(0K)->0K(0K)
[66.015s][info][gc          ] GC(132) Pause Full (System.gc()) 774M->774M(6139M) 736.403ms
[66.015s][info][gc,metaspace] GC(133) Metaspace: 32397K(33216K)->32397K(33216K) NonClass: 32397K(33216K)->32397K(33216K) Class: 0K(0K)->0K(0K)
[66.015s][info][gc          ] GC(133) Pause Young (System.gc()) 774M->774M(6140M) 0.486ms
[66.738s][info][gc,metaspace] GC(134) Metaspace: 32397K(33216K)->32397K(33216K) NonClass: 32397K(33216K)->32397K(33216K) Class: 0K(0K)->0K(0K)
[66.738s][info][gc          ] GC(134) Pause Full (System.gc()) 774M->774M(6140M) 722.479ms
[66.739s][info][gc,metaspace] GC(135) Metaspace: 32397K(33216K)->32397K(33216K) NonClass: 32397K(33216K)->32397K(33216K) Class: 0K(0K)->0K(0K)
[66.739s][info][gc          ] GC(135) Pause Young (System.gc()) 774M->774M(6140M) 0.472ms
[67.489s][info][gc,metaspace] GC(136) Metaspace: 32397K(33216K)->32397K(33216K) NonClass: 32397K(33216K)->32397K(33216K) Class: 0K(0K)->0K(0K)
[67.489s][info][gc          ] GC(136) Pause Full (System.gc()) 774M->774M(6140M) 750.605ms
[67.490s][info][gc,metaspace] GC(137) Metaspace: 32397K(33216K)->32397K(33216K) NonClass: 32397K(33216K)->32397K(33216K) Class: 0K(0K)->0K(0K)
[67.490s][info][gc          ] GC(137) Pause Young (System.gc()) 774M->774M(6141M) 0.692ms
[68.200s][info][gc,metaspace] GC(138) Metaspace: 32397K(33216K)->32397K(33216K) NonClass: 32397K(33216K)->32397K(33216K) Class: 0K(0K)->0K(0K)
[68.200s][info][gc          ] GC(138) Pause Full (System.gc()) 774M->774M(6141M) 709.865ms
[68.205s][info][gc,metaspace] GC(139) Metaspace: 32397K(33216K)->32397K(33216K) NonClass: 32397K(33216K)->32397K(33216K) Class: 0K(0K)->0K(0K)
[68.205s][info][gc          ] GC(139) Pause Young (System.gc()) 774M->774M(6141M) 0.696ms
[68.932s][info][gc,metaspace] GC(140) Metaspace: 32397K(33216K)->32397K(33216K) NonClass: 32397K(33216K)->32397K(33216K) Class: 0K(0K)->0K(0K)
[68.932s][info][gc          ] GC(140) Pause Full (System.gc()) 774M->774M(6141M) 726.879ms
[68.933s][info][gc,metaspace] GC(141) Metaspace: 32397K(33216K)->32397K(33216K) NonClass: 32397K(33216K)->32397K(33216K) Class: 0K(0K)->0K(0K)
[68.933s][info][gc          ] GC(141) Pause Young (System.gc()) 774M->774M(6141M) 0.699ms
[69.762s][info][gc,metaspace] GC(142) Metaspace: 32397K(33216K)->32397K(33216K) NonClass: 32397K(33216K)->32397K(33216K) Class: 0K(0K)->0K(0K)
[69.762s][info][gc          ] GC(142) Pause Full (System.gc()) 774M->774M(6141M) 829.431ms
[69.763s][info][gc,metaspace] GC(143) Metaspace: 32397K(33216K)->32397K(33216K) NonClass: 32397K(33216K)->32397K(33216K) Class: 0K(0K)->0K(0K)
[69.763s][info][gc          ] GC(143) Pause Young (System.gc()) 774M->774M(6141M) 0.525ms
[70.495s][info][gc,metaspace] GC(144) Metaspace: 32397K(33216K)->32397K(33216K) NonClass: 32397K(33216K)->32397K(33216K) Class: 0K(0K)->0K(0K)
[70.495s][info][gc          ] GC(144) Pause Full (System.gc()) 774M->774M(6141M) 732.403ms
[70.496s][info][gc,metaspace] GC(145) Metaspace: 32397K(33216K)->32397K(33216K) NonClass: 32397K(33216K)->32397K(33216K) Class: 0K(0K)->0K(0K)
[70.496s][info][gc          ] GC(145) Pause Young (System.gc()) 774M->774M(6142M) 0.645ms
[71.216s][info][gc,metaspace] GC(146) Metaspace: 32397K(33216K)->32397K(33216K) NonClass: 32397K(33216K)->32397K(33216K) Class: 0K(0K)->0K(0K)
[71.216s][info][gc          ] GC(146) Pause Full (System.gc()) 774M->774M(6142M) 719.743ms
[71.216s][info][gc,metaspace] GC(147) Metaspace: 32397K(33216K)->32397K(33216K) NonClass: 32397K(33216K)->32397K(33216K) Class: 0K(0K)->0K(0K)
[71.217s][info][gc          ] GC(147) Pause Young (System.gc()) 774M->774M(6141M) 0.587ms
[72.105s][info][gc,metaspace] GC(148) Metaspace: 32397K(33216K)->32397K(33216K) NonClass: 32397K(33216K)->32397K(33216K) Class: 0K(0K)->0K(0K)
[72.105s][info][gc          ] GC(148) Pause Full (System.gc()) 774M->774M(6141M) 888.181ms
[72.105s][info][gc,metaspace] GC(149) Metaspace: 32397K(33216K)->32397K(33216K) NonClass: 32397K(33216K)->32397K(33216K) Class: 0K(0K)->0K(0K)
[72.106s][info][gc          ] GC(149) Pause Young (System.gc()) 774M->774M(6142M) 0.656ms
[72.836s][info][gc,metaspace] GC(150) Metaspace: 32397K(33216K)->32397K(33216K) NonClass: 32397K(33216K)->32397K(33216K) Class: 0K(0K)->0K(0K)
[72.836s][info][gc          ] GC(150) Pause Full (System.gc()) 774M->774M(6142M) 730.888ms
[72.837s][info][gc,metaspace] GC(151) Metaspace: 32397K(33216K)->32397K(33216K) NonClass: 32397K(33216K)->32397K(33216K) Class: 0K(0K)->0K(0K)
[72.837s][info][gc          ] GC(151) Pause Young (System.gc()) 774M->774M(6142M) 0.637ms
[73.568s][info][gc,metaspace] GC(152) Metaspace: 32397K(33216K)->32397K(33216K) NonClass: 32397K(33216K)->32397K(33216K) Class: 0K(0K)->0K(0K)
[73.568s][info][gc          ] GC(152) Pause Full (System.gc()) 774M->774M(6142M) 731.302ms
[73.573s][info][gc,metaspace] GC(153) Metaspace: 32397K(33216K)->32397K(33216K) NonClass: 32397K(33216K)->32397K(33216K) Class: 0K(0K)->0K(0K)
[73.573s][info][gc          ] GC(153) Pause Young (System.gc()) 774M->774M(6142M) 0.557ms
[74.488s][info][gc,metaspace] GC(154) Metaspace: 32397K(33216K)->32397K(33216K) NonClass: 32397K(33216K)->32397K(33216K) Class: 0K(0K)->0K(0K)
[74.489s][info][gc          ] GC(154) Pause Full (System.gc()) 774M->774M(6142M) 915.038ms
[74.489s][info][gc,metaspace] GC(155) Metaspace: 32397K(33216K)->32397K(33216K) NonClass: 32397K(33216K)->32397K(33216K) Class: 0K(0K)->0K(0K)
[74.489s][info][gc          ] GC(155) Pause Young (System.gc()) 774M->774M(6142M) 0.512ms
[75.341s][info][gc,metaspace] GC(156) Metaspace: 32397K(33216K)->32397K(33216K) NonClass: 32397K(33216K)->32397K(33216K) Class: 0K(0K)->0K(0K)
[75.341s][info][gc          ] GC(156) Pause Full (System.gc()) 774M->774M(6142M) 852.042ms
[75.342s][info][gc,metaspace] GC(157) Metaspace: 32397K(33216K)->32397K(33216K) NonClass: 32397K(33216K)->32397K(33216K) Class: 0K(0K)->0K(0K)
[75.342s][info][gc          ] GC(157) Pause Young (System.gc()) 774M->774M(6142M) 0.601ms
[76.068s][info][gc,metaspace] GC(158) Metaspace: 32397K(33216K)->32397K(33216K) NonClass: 32397K(33216K)->32397K(33216K) Class: 0K(0K)->0K(0K)
[76.068s][info][gc          ] GC(158) Pause Full (System.gc()) 774M->774M(6142M) 726.354ms
[76.069s][info][gc,metaspace] GC(159) Metaspace: 32397K(33216K)->32397K(33216K) NonClass: 32397K(33216K)->32397K(33216K) Class: 0K(0K)->0K(0K)
[76.069s][info][gc          ] GC(159) Pause Young (System.gc()) 774M->774M(6142M) 0.684ms
[76.783s][info][gc,metaspace] GC(160) Metaspace: 32397K(33216K)->32397K(33216K) NonClass: 32397K(33216K)->32397K(33216K) Class: 0K(0K)->0K(0K)
[76.783s][info][gc          ] GC(160) Pause Full (System.gc()) 774M->774M(6142M) 713.341ms
[76.783s][info][gc,metaspace] GC(161) Metaspace: 32397K(33216K)->32397K(33216K) NonClass: 32397K(33216K)->32397K(33216K) Class: 0K(0K)->0K(0K)
[76.783s][info][gc          ] GC(161) Pause Young (System.gc()) 774M->774M(6143M) 0.734ms
[77.513s][info][gc,metaspace] GC(162) Metaspace: 32397K(33216K)->32397K(33216K) NonClass: 32397K(33216K)->32397K(33216K) Class: 0K(0K)->0K(0K)
[77.513s][info][gc          ] GC(162) Pause Full (System.gc()) 774M->774M(6143M) 729.542ms
[77.514s][info][gc,metaspace] GC(163) Metaspace: 32397K(33216K)->32397K(33216K) NonClass: 32397K(33216K)->32397K(33216K) Class: 0K(0K)->0K(0K)
[77.514s][info][gc          ] GC(163) Pause Young (System.gc()) 774M->774M(6143M) 0.672ms
[78.215s][info][gc,metaspace] GC(164) Metaspace: 32397K(33216K)->32397K(33216K) NonClass: 32397K(33216K)->32397K(33216K) Class: 0K(0K)->0K(0K)
[78.215s][info][gc          ] GC(164) Pause Full (System.gc()) 774M->774M(6143M) 701.313ms
[78.216s][info][gc,metaspace] GC(165) Metaspace: 32397K(33216K)->32397K(33216K) NonClass: 32397K(33216K)->32397K(33216K) Class: 0K(0K)->0K(0K)
[78.216s][info][gc          ] GC(165) Pause Young (System.gc()) 774M->774M(6143M) 0.581ms
[79.020s][info][gc,metaspace] GC(166) Metaspace: 32397K(33216K)->32397K(33216K) NonClass: 32397K(33216K)->32397K(33216K) Class: 0K(0K)->0K(0K)
[79.020s][info][gc          ] GC(166) Pause Full (System.gc()) 774M->774M(6143M) 804.291ms
[79.021s][info][gc,metaspace] GC(167) Metaspace: 32397K(33216K)->32397K(33216K) NonClass: 32397K(33216K)->32397K(33216K) Class: 0K(0K)->0K(0K)
[79.021s][info][gc          ] GC(167) Pause Young (System.gc()) 774M->774M(6143M) 0.530ms
[79.754s][info][gc,metaspace] GC(168) Metaspace: 32397K(33216K)->32397K(33216K) NonClass: 32397K(33216K)->32397K(33216K) Class: 0K(0K)->0K(0K)
[79.754s][info][gc          ] GC(168) Pause Full (System.gc()) 774M->774M(6143M) 733.312ms
[79.755s][info][gc,metaspace] GC(169) Metaspace: 32397K(33216K)->32397K(33216K) NonClass: 32397K(33216K)->32397K(33216K) Class: 0K(0K)->0K(0K)
[79.755s][info][gc          ] GC(169) Pause Young (System.gc()) 774M->774M(6143M) 0.486ms
[80.660s][info][gc,metaspace] GC(170) Metaspace: 32397K(33216K)->32397K(33216K) NonClass: 32397K(33216K)->32397K(33216K) Class: 0K(0K)->0K(0K)
[80.660s][info][gc          ] GC(170) Pause Full (System.gc()) 774M->774M(6143M) 905.430ms
[80.661s][info][gc,metaspace] GC(171) Metaspace: 32397K(33216K)->32397K(33216K) NonClass: 32397K(33216K)->32397K(33216K) Class: 0K(0K)->0K(0K)
[80.661s][info][gc          ] GC(171) Pause Young (System.gc()) 774M->774M(6143M) 0.601ms
[81.367s][info][gc,metaspace] GC(172) Metaspace: 32397K(33216K)->32397K(33216K) NonClass: 32397K(33216K)->32397K(33216K) Class: 0K(0K)->0K(0K)
[81.367s][info][gc          ] GC(172) Pause Full (System.gc()) 774M->774M(6143M) 705.573ms
[81.367s][info][gc,metaspace] GC(173) Metaspace: 32397K(33216K)->32397K(33216K) NonClass: 32397K(33216K)->32397K(33216K) Class: 0K(0K)->0K(0K)
[81.367s][info][gc          ] GC(173) Pause Young (System.gc()) 774M->774M(6143M) 0.529ms
[82.065s][info][gc,metaspace] GC(174) Metaspace: 32397K(33216K)->32397K(33216K) NonClass: 32397K(33216K)->32397K(33216K) Class: 0K(0K)->0K(0K)
[82.066s][info][gc          ] GC(174) Pause Full (System.gc()) 774M->774M(6143M) 698.257ms
[82.066s][info][gc,metaspace] GC(175) Metaspace: 32397K(33216K)->32397K(33216K) NonClass: 32397K(33216K)->32397K(33216K) Class: 0K(0K)->0K(0K)
[82.066s][info][gc          ] GC(175) Pause Young (System.gc()) 774M->774M(6143M) 0.465ms
[82.972s][info][gc,metaspace] GC(176) Metaspace: 32397K(33216K)->32397K(33216K) NonClass: 32397K(33216K)->32397K(33216K) Class: 0K(0K)->0K(0K)
[82.972s][info][gc          ] GC(176) Pause Full (System.gc()) 774M->774M(6143M) 906.351ms
[82.973s][info][gc,metaspace] GC(177) Metaspace: 32397K(33216K)->32397K(33216K) NonClass: 32397K(33216K)->32397K(33216K) Class: 0K(0K)->0K(0K)
[82.973s][info][gc          ] GC(177) Pause Young (System.gc()) 774M->774M(6143M) 0.641ms
[83.681s][info][gc,metaspace] GC(178) Metaspace: 32397K(33216K)->32397K(33216K) NonClass: 32397K(33216K)->32397K(33216K) Class: 0K(0K)->0K(0K)
[83.681s][info][gc          ] GC(178) Pause Full (System.gc()) 774M->774M(6143M) 707.620ms
[83.682s][info][gc,metaspace] GC(179) Metaspace: 32397K(33216K)->32397K(33216K) NonClass: 32397K(33216K)->32397K(33216K) Class: 0K(0K)->0K(0K)
[83.682s][info][gc          ] GC(179) Pause Young (System.gc()) 774M->774M(6143M) 0.643ms
[84.553s][info][gc,metaspace] GC(180) Metaspace: 32397K(33216K)->32397K(33216K) NonClass: 32397K(33216K)->32397K(33216K) Class: 0K(0K)->0K(0K)
[84.553s][info][gc          ] GC(180) Pause Full (System.gc()) 774M->774M(6143M) 871.123ms
[84.558s][info][gc,metaspace] GC(181) Metaspace: 32397K(33216K)->32397K(33216K) NonClass: 32397K(33216K)->32397K(33216K) Class: 0K(0K)->0K(0K)
[84.558s][info][gc          ] GC(181) Pause Young (System.gc()) 774M->774M(6143M) 0.475ms
[85.287s][info][gc,metaspace] GC(182) Metaspace: 32397K(33216K)->32397K(33216K) NonClass: 32397K(33216K)->32397K(33216K) Class: 0K(0K)->0K(0K)
[85.287s][info][gc          ] GC(182) Pause Full (System.gc()) 774M->774M(6143M) 729.148ms
[85.288s][info][gc,metaspace] GC(183) Metaspace: 32397K(33216K)->32397K(33216K) NonClass: 32397K(33216K)->32397K(33216K) Class: 0K(0K)->0K(0K)
[85.288s][info][gc          ] GC(183) Pause Young (System.gc()) 774M->774M(6143M) 0.666ms
[86.106s][info][gc,metaspace] GC(184) Metaspace: 32397K(33216K)->32397K(33216K) NonClass: 32397K(33216K)->32397K(33216K) Class: 0K(0K)->0K(0K)
[86.106s][info][gc          ] GC(184) Pause Full (System.gc()) 774M->774M(6143M) 818.735ms
[86.107s][info][gc,metaspace] GC(185) Metaspace: 32397K(33216K)->32397K(33216K) NonClass: 32397K(33216K)->32397K(33216K) Class: 0K(0K)->0K(0K)
[86.107s][info][gc          ] GC(185) Pause Young (System.gc()) 774M->774M(6143M) 0.610ms
[86.832s][info][gc,metaspace] GC(186) Metaspace: 32397K(33216K)->32397K(33216K) NonClass: 32397K(33216K)->32397K(33216K) Class: 0K(0K)->0K(0K)
[86.832s][info][gc          ] GC(186) Pause Full (System.gc()) 774M->774M(6143M) 725.309ms
[86.833s][info][gc,metaspace] GC(187) Metaspace: 32397K(33216K)->32397K(33216K) NonClass: 32397K(33216K)->32397K(33216K) Class: 0K(0K)->0K(0K)
[86.833s][info][gc          ] GC(187) Pause Young (System.gc()) 774M->774M(6143M) 0.668ms
[87.575s][info][gc,metaspace] GC(188) Metaspace: 32397K(33216K)->32397K(33216K) NonClass: 32397K(33216K)->32397K(33216K) Class: 0K(0K)->0K(0K)
[87.575s][info][gc          ] GC(188) Pause Full (System.gc()) 774M->774M(6143M) 742.047ms
[87.576s][info][gc,metaspace] GC(189) Metaspace: 32397K(33216K)->32397K(33216K) NonClass: 32397K(33216K)->32397K(33216K) Class: 0K(0K)->0K(0K)
[87.576s][info][gc          ] GC(189) Pause Young (System.gc()) 774M->774M(6143M) 0.600ms
[88.484s][info][gc,metaspace] GC(190) Metaspace: 32397K(33216K)->32397K(33216K) NonClass: 32397K(33216K)->32397K(33216K) Class: 0K(0K)->0K(0K)
[88.484s][info][gc          ] GC(190) Pause Full (System.gc()) 774M->774M(6143M) 908.503ms
[88.485s][info][gc,metaspace] GC(191) Metaspace: 32397K(33216K)->32397K(33216K) NonClass: 32397K(33216K)->32397K(33216K) Class: 0K(0K)->0K(0K)
[88.485s][info][gc          ] GC(191) Pause Young (System.gc()) 774M->774M(6143M) 0.479ms
[89.231s][info][gc,metaspace] GC(192) Metaspace: 32397K(33216K)->32397K(33216K) NonClass: 32397K(33216K)->32397K(33216K) Class: 0K(0K)->0K(0K)
[89.231s][info][gc          ] GC(192) Pause Full (System.gc()) 774M->774M(6143M) 746.262ms
[89.232s][info][gc,metaspace] GC(193) Metaspace: 32397K(33216K)->32397K(33216K) NonClass: 32397K(33216K)->32397K(33216K) Class: 0K(0K)->0K(0K)
[89.232s][info][gc          ] GC(193) Pause Young (System.gc()) 774M->774M(6143M) 0.613ms
[90.002s][info][gc,metaspace] GC(194) Metaspace: 32397K(33216K)->32397K(33216K) NonClass: 32397K(33216K)->32397K(33216K) Class: 0K(0K)->0K(0K)
[90.003s][info][gc          ] GC(194) Pause Full (System.gc()) 774M->774M(6143M) 770.470ms
[90.003s][info][gc,metaspace] GC(195) Metaspace: 32397K(33216K)->32397K(33216K) NonClass: 32397K(33216K)->32397K(33216K) Class: 0K(0K)->0K(0K)
[90.003s][info][gc          ] GC(195) Pause Young (System.gc()) 774M->774M(6143M) 0.642ms
[90.715s][info][gc,metaspace] GC(196) Metaspace: 32397K(33216K)->32397K(33216K) NonClass: 32397K(33216K)->32397K(33216K) Class: 0K(0K)->0K(0K)
[90.716s][info][gc          ] GC(196) Pause Full (System.gc()) 774M->774M(6143M) 712.236ms
[90.716s][info][gc,metaspace] GC(197) Metaspace: 32397K(33216K)->32397K(33216K) NonClass: 32397K(33216K)->32397K(33216K) Class: 0K(0K)->0K(0K)
[90.716s][info][gc          ] GC(197) Pause Young (System.gc()) 774M->774M(6143M) 0.598ms
[91.662s][info][gc,metaspace] GC(198) Metaspace: 32397K(33216K)->32397K(33216K) NonClass: 32397K(33216K)->32397K(33216K) Class: 0K(0K)->0K(0K)
[91.662s][info][gc          ] GC(198) Pause Full (System.gc()) 774M->774M(6143M) 945.616ms
[91.663s][info][gc,metaspace] GC(199) Metaspace: 32397K(33216K)->32397K(33216K) NonClass: 32397K(33216K)->32397K(33216K) Class: 0K(0K)->0K(0K)
[91.663s][info][gc          ] GC(199) Pause Young (System.gc()) 774M->774M(6143M) 0.633ms
[92.418s][info][gc,metaspace] GC(200) Metaspace: 32397K(33216K)->32397K(33216K) NonClass: 32397K(33216K)->32397K(33216K) Class: 0K(0K)->0K(0K)
[92.418s][info][gc          ] GC(200) Pause Full (System.gc()) 774M->774M(6143M) 755.849ms
[92.419s][info][gc,metaspace] GC(201) Metaspace: 32397K(33216K)->32397K(33216K) NonClass: 32397K(33216K)->32397K(33216K) Class: 0K(0K)->0K(0K)
[92.419s][info][gc          ] GC(201) Pause Young (System.gc()) 774M->774M(6143M) 0.659ms
[93.122s][info][gc,metaspace] GC(202) Metaspace: 32397K(33216K)->32397K(33216K) NonClass: 32397K(33216K)->32397K(33216K) Class: 0K(0K)->0K(0K)
[93.122s][info][gc          ] GC(202) Pause Full (System.gc()) 774M->774M(6143M) 702.914ms
[93.123s][info][gc,metaspace] GC(203) Metaspace: 32397K(33216K)->32397K(33216K) NonClass: 32397K(33216K)->32397K(33216K) Class: 0K(0K)->0K(0K)
[93.123s][info][gc          ] GC(203) Pause Young (System.gc()) 774M->774M(6143M) 0.607ms
[93.853s][info][gc,metaspace] GC(204) Metaspace: 32397K(33216K)->32397K(33216K) NonClass: 32397K(33216K)->32397K(33216K) Class: 0K(0K)->0K(0K)
[93.853s][info][gc          ] GC(204) Pause Full (System.gc()) 774M->774M(6143M) 729.994ms
[93.853s][info][gc,metaspace] GC(205) Metaspace: 32397K(33216K)->32397K(33216K) NonClass: 32397K(33216K)->32397K(33216K) Class: 0K(0K)->0K(0K)
[93.853s][info][gc          ] GC(205) Pause Young (System.gc()) 774M->774M(6143M) 0.485ms
[94.561s][info][gc,metaspace] GC(206) Metaspace: 32397K(33216K)->32397K(33216K) NonClass: 32397K(33216K)->32397K(33216K) Class: 0K(0K)->0K(0K)
[94.561s][info][gc          ] GC(206) Pause Full (System.gc()) 774M->774M(6143M) 707.143ms
After GCs... 
