Done; will start GCs... 
[17.928s][info][gc,metaspace] GC(6) Metaspace: 33392K(35456K)->33392K(35456K) NonClass: 28774K(29696K)->28774K(29696K) Class: 4617K(5760K)->4617K(5760K)
[17.928s][info][gc          ] GC(6) Pause Young (System.gc()) 815M->774M(5888M) 2209.905ms
[20.237s][info][gc,metaspace] GC(7) Metaspace: 33392K(35456K)->33392K(35456K) NonClass: 28774K(29696K)->28774K(29696K) Class: 4617K(5760K)->4617K(5760K)
[20.237s][info][gc          ] GC(7) Pause Full (System.gc()) 774M->774M(5888M) 2309.187ms
[20.238s][info][gc,metaspace] GC(8) Metaspace: 33392K(35456K)->33392K(35456K) NonClass: 28774K(29696K)->28774K(29696K) Class: 4617K(5760K)->4617K(5760K)
[20.238s][info][gc          ] GC(8) Pause Young (System.gc()) 774M->774M(5888M) 0.687ms
[21.123s][info][gc,metaspace] GC(9) Metaspace: 33392K(35456K)->33392K(35456K) NonClass: 28774K(29696K)->28774K(29696K) Class: 4617K(5760K)->4617K(5760K)
[21.123s][info][gc          ] GC(9) Pause Full (System.gc()) 774M->774M(5888M) 884.217ms
[21.128s][info][gc,metaspace] GC(10) Metaspace: 33392K(35456K)->33392K(35456K) NonClass: 28774K(29696K)->28774K(29696K) Class: 4617K(5760K)->4617K(5760K)
[21.128s][info][gc          ] GC(10) Pause Young (System.gc()) 774M->774M(5888M) 0.617ms
[21.915s][info][gc,metaspace] GC(11) Metaspace: 33392K(35456K)->33392K(35456K) NonClass: 28774K(29696K)->28774K(29696K) Class: 4617K(5760K)->4617K(5760K)
[21.915s][info][gc          ] GC(11) Pause Full (System.gc()) 774M->774M(5888M) 787.519ms
[21.916s][info][gc,metaspace] GC(12) Metaspace: 33392K(35456K)->33392K(35456K) NonClass: 28774K(29696K)->28774K(29696K) Class: 4617K(5760K)->4617K(5760K)
[21.916s][info][gc          ] GC(12) Pause Young (System.gc()) 774M->774M(5888M) 0.743ms
[22.597s][info][gc,metaspace] GC(13) Metaspace: 33392K(35456K)->33392K(35456K) NonClass: 28774K(29696K)->28774K(29696K) Class: 4617K(5760K)->4617K(5760K)
[22.597s][info][gc          ] GC(13) Pause Full (System.gc()) 774M->774M(5888M) 681.352ms
[22.598s][info][gc,metaspace] GC(14) Metaspace: 33392K(35456K)->33392K(35456K) NonClass: 28774K(29696K)->28774K(29696K) Class: 4617K(5760K)->4617K(5760K)
[22.598s][info][gc          ] GC(14) Pause Young (System.gc()) 774M->774M(5888M) 0.487ms
[23.281s][info][gc,metaspace] GC(15) Metaspace: 33392K(35456K)->33392K(35456K) NonClass: 28774K(29696K)->28774K(29696K) Class: 4617K(5760K)->4617K(5760K)
[23.281s][info][gc          ] GC(15) Pause Full (System.gc()) 774M->774M(5888M) 682.988ms
[23.282s][info][gc,metaspace] GC(16) Metaspace: 33392K(35456K)->33392K(35456K) NonClass: 28774K(29696K)->28774K(29696K) Class: 4617K(5760K)->4617K(5760K)
[23.282s][info][gc          ] GC(16) Pause Young (System.gc()) 774M->774M(5888M) 0.677ms
[23.955s][info][gc,metaspace] GC(17) Metaspace: 33392K(35456K)->33392K(35456K) NonClass: 28774K(29696K)->28774K(29696K) Class: 4617K(5760K)->4617K(5760K)
[23.955s][info][gc          ] GC(17) Pause Full (System.gc()) 774M->774M(5888M) 672.994ms
[23.956s][info][gc,metaspace] GC(18) Metaspace: 33392K(35456K)->33392K(35456K) NonClass: 28774K(29696K)->28774K(29696K) Class: 4617K(5760K)->4617K(5760K)
[23.956s][info][gc          ] GC(18) Pause Young (System.gc()) 774M->774M(5888M) 0.556ms
[24.654s][info][gc,metaspace] GC(19) Metaspace: 33392K(35456K)->33392K(35456K) NonClass: 28774K(29696K)->28774K(29696K) Class: 4617K(5760K)->4617K(5760K)
[24.654s][info][gc          ] GC(19) Pause Full (System.gc()) 774M->774M(5888M) 698.195ms
[24.654s][info][gc,metaspace] GC(20) Metaspace: 33392K(35456K)->33392K(35456K) NonClass: 28774K(29696K)->28774K(29696K) Class: 4617K(5760K)->4617K(5760K)
[24.654s][info][gc          ] GC(20) Pause Young (System.gc()) 774M->774M(5888M) 0.602ms
[25.352s][info][gc,metaspace] GC(21) Metaspace: 33392K(35456K)->33392K(35456K) NonClass: 28774K(29696K)->28774K(29696K) Class: 4617K(5760K)->4617K(5760K)
[25.352s][info][gc          ] GC(21) Pause Full (System.gc()) 774M->774M(5888M) 697.793ms
[25.353s][info][gc,metaspace] GC(22) Metaspace: 33393K(35456K)->33393K(35456K) NonClass: 28775K(29696K)->28775K(29696K) Class: 4617K(5760K)->4617K(5760K)
[25.353s][info][gc          ] GC(22) Pause Young (System.gc()) 774M->774M(5888M) 0.581ms
[26.030s][info][gc,metaspace] GC(23) Metaspace: 33393K(35456K)->33393K(35456K) NonClass: 28775K(29696K)->28775K(29696K) Class: 4617K(5760K)->4617K(5760K)
[26.030s][info][gc          ] GC(23) Pause Full (System.gc()) 774M->774M(5888M) 676.748ms
[26.030s][info][gc,metaspace] GC(24) Metaspace: 33393K(35456K)->33393K(35456K) NonClass: 28775K(29696K)->28775K(29696K) Class: 4617K(5760K)->4617K(5760K)
[26.030s][info][gc          ] GC(24) Pause Young (System.gc()) 774M->774M(5888M) 0.625ms
[26.697s][info][gc,metaspace] GC(25) Metaspace: 33393K(35456K)->33393K(35456K) NonClass: 28775K(29696K)->28775K(29696K) Class: 4617K(5760K)->4617K(5760K)
[26.697s][info][gc          ] GC(25) Pause Full (System.gc()) 774M->774M(5888M) 666.929ms
[26.702s][info][gc,metaspace] GC(26) Metaspace: 33393K(35456K)->33393K(35456K) NonClass: 28775K(29696K)->28775K(29696K) Class: 4617K(5760K)->4617K(5760K)
[26.702s][info][gc          ] GC(26) Pause Young (System.gc()) 774M->774M(5888M) 0.667ms
[27.383s][info][gc,metaspace] GC(27) Metaspace: 33393K(35456K)->33393K(35456K) NonClass: 28775K(29696K)->28775K(29696K) Class: 4617K(5760K)->4617K(5760K)
[27.383s][info][gc          ] GC(27) Pause Full (System.gc()) 774M->774M(5888M) 680.641ms
[27.384s][info][gc,metaspace] GC(28) Metaspace: 33393K(35456K)->33393K(35456K) NonClass: 28775K(29696K)->28775K(29696K) Class: 4617K(5760K)->4617K(5760K)
[27.384s][info][gc          ] GC(28) Pause Young (System.gc()) 774M->774M(5888M) 0.553ms
[28.072s][info][gc,metaspace] GC(29) Metaspace: 33393K(35456K)->33393K(35456K) NonClass: 28775K(29696K)->28775K(29696K) Class: 4617K(5760K)->4617K(5760K)
[28.072s][info][gc          ] GC(29) Pause Full (System.gc()) 774M->774M(5888M) 688.554ms
[28.073s][info][gc,metaspace] GC(30) Metaspace: 33393K(35456K)->33393K(35456K) NonClass: 28775K(29696K)->28775K(29696K) Class: 4617K(5760K)->4617K(5760K)
[28.073s][info][gc          ] GC(30) Pause Young (System.gc()) 774M->774M(5888M) 0.751ms
[28.733s][info][gc,metaspace] GC(31) Metaspace: 33393K(35456K)->33393K(35456K) NonClass: 28775K(29696K)->28775K(29696K) Class: 4617K(5760K)->4617K(5760K)
[28.733s][info][gc          ] GC(31) Pause Full (System.gc()) 774M->774M(5888M) 660.048ms
[28.734s][info][gc,metaspace] GC(32) Metaspace: 33393K(35456K)->33393K(35456K) NonClass: 28775K(29696K)->28775K(29696K) Class: 4617K(5760K)->4617K(5760K)
[28.734s][info][gc          ] GC(32) Pause Young (System.gc()) 774M->774M(5888M) 0.514ms
[29.593s][info][gc,metaspace] GC(33) Metaspace: 33393K(35456K)->33393K(35456K) NonClass: 28775K(29696K)->28775K(29696K) Class: 4617K(5760K)->4617K(5760K)
[29.593s][info][gc          ] GC(33) Pause Full (System.gc()) 774M->774M(5888M) 858.595ms
[29.593s][info][gc,metaspace] GC(34) Metaspace: 33393K(35456K)->33393K(35456K) NonClass: 28775K(29696K)->28775K(29696K) Class: 4617K(5760K)->4617K(5760K)
[29.593s][info][gc          ] GC(34) Pause Young (System.gc()) 774M->774M(5888M) 0.570ms
[30.271s][info][gc,metaspace] GC(35) Metaspace: 33393K(35456K)->33393K(35456K) NonClass: 28775K(29696K)->28775K(29696K) Class: 4617K(5760K)->4617K(5760K)
[30.271s][info][gc          ] GC(35) Pause Full (System.gc()) 774M->774M(5888M) 677.683ms
[30.272s][info][gc,metaspace] GC(36) Metaspace: 33393K(35456K)->33393K(35456K) NonClass: 28775K(29696K)->28775K(29696K) Class: 4617K(5760K)->4617K(5760K)
[30.272s][info][gc          ] GC(36) Pause Young (System.gc()) 774M->774M(5888M) 0.413ms
[30.944s][info][gc,metaspace] GC(37) Metaspace: 33393K(35456K)->33393K(35456K) NonClass: 28775K(29696K)->28775K(29696K) Class: 4617K(5760K)->4617K(5760K)
[30.944s][info][gc          ] GC(37) Pause Full (System.gc()) 774M->774M(5888M) 672.090ms
[30.945s][info][gc,metaspace] GC(38) Metaspace: 33393K(35456K)->33393K(35456K) NonClass: 28775K(29696K)->28775K(29696K) Class: 4617K(5760K)->4617K(5760K)
[30.945s][info][gc          ] GC(38) Pause Young (System.gc()) 774M->774M(5888M) 0.693ms
[31.704s][info][gc,metaspace] GC(39) Metaspace: 33393K(35456K)->33393K(35456K) NonClass: 28775K(29696K)->28775K(29696K) Class: 4617K(5760K)->4617K(5760K)
[31.704s][info][gc          ] GC(39) Pause Full (System.gc()) 774M->774M(5888M) 759.043ms
[31.709s][info][gc,metaspace] GC(40) Metaspace: 33393K(35456K)->33393K(35456K) NonClass: 28775K(29696K)->28775K(29696K) Class: 4617K(5760K)->4617K(5760K)
[31.709s][info][gc          ] GC(40) Pause Young (System.gc()) 774M->774M(5888M) 0.624ms
[32.436s][info][gc,metaspace] GC(41) Metaspace: 33393K(35456K)->33393K(35456K) NonClass: 28775K(29696K)->28775K(29696K) Class: 4617K(5760K)->4617K(5760K)
[32.436s][info][gc          ] GC(41) Pause Full (System.gc()) 774M->774M(5888M) 726.738ms
[32.436s][info][gc,metaspace] GC(42) Metaspace: 33393K(35456K)->33393K(35456K) NonClass: 28775K(29696K)->28775K(29696K) Class: 4617K(5760K)->4617K(5760K)
[32.436s][info][gc          ] GC(42) Pause Young (System.gc()) 774M->774M(5888M) 0.455ms
[33.147s][info][gc,metaspace] GC(43) Metaspace: 33393K(35456K)->33393K(35456K) NonClass: 28775K(29696K)->28775K(29696K) Class: 4617K(5760K)->4617K(5760K)
[33.147s][info][gc          ] GC(43) Pause Full (System.gc()) 774M->774M(5888M) 710.955ms
[33.148s][info][gc,metaspace] GC(44) Metaspace: 33393K(35456K)->33393K(35456K) NonClass: 28775K(29696K)->28775K(29696K) Class: 4617K(5760K)->4617K(5760K)
[33.148s][info][gc          ] GC(44) Pause Young (System.gc()) 774M->774M(5888M) 0.588ms
[33.924s][info][gc,metaspace] GC(45) Metaspace: 33393K(35456K)->33393K(35456K) NonClass: 28775K(29696K)->28775K(29696K) Class: 4617K(5760K)->4617K(5760K)
[33.924s][info][gc          ] GC(45) Pause Full (System.gc()) 774M->774M(5888M) 775.961ms
[33.925s][info][gc,metaspace] GC(46) Metaspace: 33393K(35456K)->33393K(35456K) NonClass: 28775K(29696K)->28775K(29696K) Class: 4617K(5760K)->4617K(5760K)
[33.925s][info][gc          ] GC(46) Pause Young (System.gc()) 774M->774M(5888M) 0.497ms
[34.623s][info][gc,metaspace] GC(47) Metaspace: 33393K(35456K)->33393K(35456K) NonClass: 28775K(29696K)->28775K(29696K) Class: 4617K(5760K)->4617K(5760K)
[34.623s][info][gc          ] GC(47) Pause Full (System.gc()) 774M->774M(5888M) 698.180ms
[34.623s][info][gc,metaspace] GC(48) Metaspace: 33393K(35456K)->33393K(35456K) NonClass: 28775K(29696K)->28775K(29696K) Class: 4617K(5760K)->4617K(5760K)
[34.623s][info][gc          ] GC(48) Pause Young (System.gc()) 774M->774M(5888M) 0.435ms
[35.473s][info][gc,metaspace] GC(49) Metaspace: 33393K(35456K)->33393K(35456K) NonClass: 28775K(29696K)->28775K(29696K) Class: 4617K(5760K)->4617K(5760K)
[35.473s][info][gc          ] GC(49) Pause Full (System.gc()) 774M->774M(5888M) 849.672ms
[35.474s][info][gc,metaspace] GC(50) Metaspace: 33393K(35456K)->33393K(35456K) NonClass: 28775K(29696K)->28775K(29696K) Class: 4617K(5760K)->4617K(5760K)
[35.474s][info][gc          ] GC(50) Pause Young (System.gc()) 774M->774M(5888M) 0.622ms
[36.176s][info][gc,metaspace] GC(51) Metaspace: 33393K(35456K)->33393K(35456K) NonClass: 28775K(29696K)->28775K(29696K) Class: 4617K(5760K)->4617K(5760K)
[36.176s][info][gc          ] GC(51) Pause Full (System.gc()) 774M->774M(5888M) 702.482ms
[36.177s][info][gc,metaspace] GC(52) Metaspace: 33393K(35456K)->33393K(35456K) NonClass: 28775K(29696K)->28775K(29696K) Class: 4617K(5760K)->4617K(5760K)
[36.177s][info][gc          ] GC(52) Pause Young (System.gc()) 774M->774M(5888M) 0.469ms
[36.832s][info][gc,metaspace] GC(53) Metaspace: 33393K(35456K)->33393K(35456K) NonClass: 28775K(29696K)->28775K(29696K) Class: 4617K(5760K)->4617K(5760K)
[36.832s][info][gc          ] GC(53) Pause Full (System.gc()) 774M->774M(5888M) 655.332ms
[36.837s][info][gc,metaspace] GC(54) Metaspace: 33393K(35456K)->33393K(35456K) NonClass: 28775K(29696K)->28775K(29696K) Class: 4617K(5760K)->4617K(5760K)
[36.837s][info][gc          ] GC(54) Pause Young (System.gc()) 774M->774M(5888M) 0.630ms
[37.522s][info][gc,metaspace] GC(55) Metaspace: 33393K(35456K)->33393K(35456K) NonClass: 28775K(29696K)->28775K(29696K) Class: 4617K(5760K)->4617K(5760K)
[37.522s][info][gc          ] GC(55) Pause Full (System.gc()) 774M->774M(5888M) 684.886ms
[37.523s][info][gc,metaspace] GC(56) Metaspace: 33393K(35456K)->33393K(35456K) NonClass: 28775K(29696K)->28775K(29696K) Class: 4617K(5760K)->4617K(5760K)
[37.523s][info][gc          ] GC(56) Pause Young (System.gc()) 774M->774M(5888M) 0.663ms
[38.283s][info][gc,metaspace] GC(57) Metaspace: 33393K(35456K)->33393K(35456K) NonClass: 28775K(29696K)->28775K(29696K) Class: 4617K(5760K)->4617K(5760K)
[38.283s][info][gc          ] GC(57) Pause Full (System.gc()) 774M->774M(5888M) 759.683ms
[38.283s][info][gc,metaspace] GC(58) Metaspace: 33393K(35456K)->33393K(35456K) NonClass: 28775K(29696K)->28775K(29696K) Class: 4617K(5760K)->4617K(5760K)
[38.283s][info][gc          ] GC(58) Pause Young (System.gc()) 774M->774M(5888M) 0.643ms
[38.969s][info][gc,metaspace] GC(59) Metaspace: 33393K(35456K)->33393K(35456K) NonClass: 28775K(29696K)->28775K(29696K) Class: 4617K(5760K)->4617K(5760K)
[38.969s][info][gc          ] GC(59) Pause Full (System.gc()) 774M->774M(5888M) 685.653ms
[38.970s][info][gc,metaspace] GC(60) Metaspace: 33393K(35456K)->33393K(35456K) NonClass: 28775K(29696K)->28775K(29696K) Class: 4617K(5760K)->4617K(5760K)
[38.970s][info][gc          ] GC(60) Pause Young (System.gc()) 774M->774M(5888M) 0.701ms
[39.651s][info][gc,metaspace] GC(61) Metaspace: 33393K(35456K)->33393K(35456K) NonClass: 28775K(29696K)->28775K(29696K) Class: 4617K(5760K)->4617K(5760K)
[39.651s][info][gc          ] GC(61) Pause Full (System.gc()) 774M->774M(5888M) 681.218ms
[39.652s][info][gc,metaspace] GC(62) Metaspace: 33393K(35456K)->33393K(35456K) NonClass: 28775K(29696K)->28775K(29696K) Class: 4617K(5760K)->4617K(5760K)
[39.652s][info][gc          ] GC(62) Pause Young (System.gc()) 774M->774M(5888M) 0.616ms
[40.354s][info][gc,metaspace] GC(63) Metaspace: 33393K(35456K)->33393K(35456K) NonClass: 28775K(29696K)->28775K(29696K) Class: 4617K(5760K)->4617K(5760K)
[40.355s][info][gc          ] GC(63) Pause Full (System.gc()) 774M->774M(5888M) 702.507ms
[40.355s][info][gc,metaspace] GC(64) Metaspace: 33393K(35456K)->33393K(35456K) NonClass: 28775K(29696K)->28775K(29696K) Class: 4617K(5760K)->4617K(5760K)
[40.355s][info][gc          ] GC(64) Pause Young (System.gc()) 774M->774M(5888M) 0.647ms
[41.022s][info][gc,metaspace] GC(65) Metaspace: 33393K(35456K)->33393K(35456K) NonClass: 28775K(29696K)->28775K(29696K) Class: 4617K(5760K)->4617K(5760K)
[41.022s][info][gc          ] GC(65) Pause Full (System.gc()) 774M->774M(5888M) 666.763ms
[41.023s][info][gc,metaspace] GC(66) Metaspace: 33393K(35456K)->33393K(35456K) NonClass: 28775K(29696K)->28775K(29696K) Class: 4617K(5760K)->4617K(5760K)
[41.023s][info][gc          ] GC(66) Pause Young (System.gc()) 774M->774M(5888M) 0.612ms
[41.853s][info][gc,metaspace] GC(67) Metaspace: 33393K(35456K)->33393K(35456K) NonClass: 28775K(29696K)->28775K(29696K) Class: 4617K(5760K)->4617K(5760K)
[41.853s][info][gc          ] GC(67) Pause Full (System.gc()) 774M->774M(5888M) 830.231ms
[41.854s][info][gc,metaspace] GC(68) Metaspace: 33393K(35456K)->33393K(35456K) NonClass: 28775K(29696K)->28775K(29696K) Class: 4617K(5760K)->4617K(5760K)
[41.854s][info][gc          ] GC(68) Pause Young (System.gc()) 774M->774M(5888M) 0.556ms
[42.589s][info][gc,metaspace] GC(69) Metaspace: 33393K(35456K)->33393K(35456K) NonClass: 28775K(29696K)->28775K(29696K) Class: 4617K(5760K)->4617K(5760K)
[42.589s][info][gc          ] GC(69) Pause Full (System.gc()) 774M->774M(5888M) 735.657ms
[42.590s][info][gc,metaspace] GC(70) Metaspace: 33393K(35456K)->33393K(35456K) NonClass: 28775K(29696K)->28775K(29696K) Class: 4617K(5760K)->4617K(5760K)
[42.590s][info][gc          ] GC(70) Pause Young (System.gc()) 774M->774M(5888M) 0.559ms
[43.445s][info][gc,metaspace] GC(71) Metaspace: 33393K(35456K)->33393K(35456K) NonClass: 28775K(29696K)->28775K(29696K) Class: 4617K(5760K)->4617K(5760K)
[43.445s][info][gc          ] GC(71) Pause Full (System.gc()) 774M->774M(5888M) 854.639ms
[43.446s][info][gc,metaspace] GC(72) Metaspace: 33393K(35456K)->33393K(35456K) NonClass: 28775K(29696K)->28775K(29696K) Class: 4617K(5760K)->4617K(5760K)
[43.446s][info][gc          ] GC(72) Pause Young (System.gc()) 774M->774M(5888M) 0.620ms
[44.313s][info][gc,metaspace] GC(73) Metaspace: 33393K(35456K)->33393K(35456K) NonClass: 28775K(29696K)->28775K(29696K) Class: 4617K(5760K)->4617K(5760K)
[44.313s][info][gc          ] GC(73) Pause Full (System.gc()) 774M->774M(5888M) 867.321ms
[44.313s][info][gc,metaspace] GC(74) Metaspace: 33393K(35456K)->33393K(35456K) NonClass: 28775K(29696K)->28775K(29696K) Class: 4617K(5760K)->4617K(5760K)
[44.313s][info][gc          ] GC(74) Pause Young (System.gc()) 774M->774M(5888M) 0.428ms
[44.964s][info][gc,metaspace] GC(75) Metaspace: 33393K(35456K)->33393K(35456K) NonClass: 28775K(29696K)->28775K(29696K) Class: 4617K(5760K)->4617K(5760K)
[44.964s][info][gc          ] GC(75) Pause Full (System.gc()) 774M->774M(5888M) 650.314ms
[44.964s][info][gc,metaspace] GC(76) Metaspace: 33393K(35456K)->33393K(35456K) NonClass: 28775K(29696K)->28775K(29696K) Class: 4617K(5760K)->4617K(5760K)
[44.965s][info][gc          ] GC(76) Pause Young (System.gc()) 774M->774M(5888M) 0.673ms
[45.811s][info][gc,metaspace] GC(77) Metaspace: 33393K(35456K)->33393K(35456K) NonClass: 28775K(29696K)->28775K(29696K) Class: 4617K(5760K)->4617K(5760K)
[45.812s][info][gc          ] GC(77) Pause Full (System.gc()) 774M->774M(5888M) 846.946ms
[45.812s][info][gc,metaspace] GC(78) Metaspace: 33393K(35456K)->33393K(35456K) NonClass: 28775K(29696K)->28775K(29696K) Class: 4617K(5760K)->4617K(5760K)
[45.812s][info][gc          ] GC(78) Pause Young (System.gc()) 774M->774M(5888M) 0.635ms
[46.676s][info][gc,metaspace] GC(79) Metaspace: 33393K(35456K)->33393K(35456K) NonClass: 28775K(29696K)->28775K(29696K) Class: 4617K(5760K)->4617K(5760K)
[46.676s][info][gc          ] GC(79) Pause Full (System.gc()) 774M->774M(5888M) 863.295ms
[46.676s][info][gc,metaspace] GC(80) Metaspace: 33393K(35456K)->33393K(35456K) NonClass: 28775K(29696K)->28775K(29696K) Class: 4617K(5760K)->4617K(5760K)
[46.676s][info][gc          ] GC(80) Pause Young (System.gc()) 774M->774M(5888M) 0.587ms
[47.549s][info][gc,metaspace] GC(81) Metaspace: 33393K(35456K)->33393K(35456K) NonClass: 28775K(29696K)->28775K(29696K) Class: 4617K(5760K)->4617K(5760K)
[47.549s][info][gc          ] GC(81) Pause Full (System.gc()) 774M->774M(5888M) 872.231ms
[47.554s][info][gc,metaspace] GC(82) Metaspace: 33393K(35456K)->33393K(35456K) NonClass: 28775K(29696K)->28775K(29696K) Class: 4617K(5760K)->4617K(5760K)
[47.554s][info][gc          ] GC(82) Pause Young (System.gc()) 774M->774M(5888M) 0.572ms
[48.241s][info][gc,metaspace] GC(83) Metaspace: 33393K(35456K)->33393K(35456K) NonClass: 28775K(29696K)->28775K(29696K) Class: 4617K(5760K)->4617K(5760K)
[48.241s][info][gc          ] GC(83) Pause Full (System.gc()) 774M->774M(5888M) 687.618ms
[48.242s][info][gc,metaspace] GC(84) Metaspace: 33393K(35456K)->33393K(35456K) NonClass: 28775K(29696K)->28775K(29696K) Class: 4617K(5760K)->4617K(5760K)
[48.242s][info][gc          ] GC(84) Pause Young (System.gc()) 774M->774M(5888M) 0.587ms
[48.923s][info][gc,metaspace] GC(85) Metaspace: 33393K(35456K)->33393K(35456K) NonClass: 28775K(29696K)->28775K(29696K) Class: 4617K(5760K)->4617K(5760K)
[48.923s][info][gc          ] GC(85) Pause Full (System.gc()) 774M->774M(5888M) 681.545ms
[48.924s][info][gc,metaspace] GC(86) Metaspace: 33393K(35456K)->33393K(35456K) NonClass: 28775K(29696K)->28775K(29696K) Class: 4617K(5760K)->4617K(5760K)
[48.924s][info][gc          ] GC(86) Pause Young (System.gc()) 774M->774M(5888M) 0.615ms
[49.634s][info][gc,metaspace] GC(87) Metaspace: 33393K(35456K)->33393K(35456K) NonClass: 28775K(29696K)->28775K(29696K) Class: 4617K(5760K)->4617K(5760K)
[49.634s][info][gc          ] GC(87) Pause Full (System.gc()) 774M->774M(5888M) 710.013ms
[49.635s][info][gc,metaspace] GC(88) Metaspace: 33393K(35456K)->33393K(35456K) NonClass: 28775K(29696K)->28775K(29696K) Class: 4617K(5760K)->4617K(5760K)
[49.635s][info][gc          ] GC(88) Pause Young (System.gc()) 774M->774M(5888M) 0.588ms
[50.305s][info][gc,metaspace] GC(89) Metaspace: 33393K(35456K)->33393K(35456K) NonClass: 28775K(29696K)->28775K(29696K) Class: 4617K(5760K)->4617K(5760K)
[50.306s][info][gc          ] GC(89) Pause Full (System.gc()) 774M->774M(5888M) 670.542ms
[50.306s][info][gc,metaspace] GC(90) Metaspace: 33393K(35456K)->33393K(35456K) NonClass: 28775K(29696K)->28775K(29696K) Class: 4617K(5760K)->4617K(5760K)
[50.306s][info][gc          ] GC(90) Pause Young (System.gc()) 774M->774M(5888M) 0.684ms
[51.166s][info][gc,metaspace] GC(91) Metaspace: 33393K(35456K)->33393K(35456K) NonClass: 28775K(29696K)->28775K(29696K) Class: 4617K(5760K)->4617K(5760K)
[51.166s][info][gc          ] GC(91) Pause Full (System.gc()) 774M->774M(5888M) 860.076ms
[51.167s][info][gc,metaspace] GC(92) Metaspace: 33393K(35456K)->33393K(35456K) NonClass: 28775K(29696K)->28775K(29696K) Class: 4617K(5760K)->4617K(5760K)
[51.167s][info][gc          ] GC(92) Pause Young (System.gc()) 774M->774M(5888M) 0.457ms
[51.867s][info][gc,metaspace] GC(93) Metaspace: 33393K(35456K)->33393K(35456K) NonClass: 28775K(29696K)->28775K(29696K) Class: 4617K(5760K)->4617K(5760K)
[51.867s][info][gc          ] GC(93) Pause Full (System.gc()) 774M->774M(5888M) 700.056ms
[51.868s][info][gc,metaspace] GC(94) Metaspace: 33393K(35456K)->33393K(35456K) NonClass: 28775K(29696K)->28775K(29696K) Class: 4617K(5760K)->4617K(5760K)
[51.868s][info][gc          ] GC(94) Pause Young (System.gc()) 774M->774M(5888M) 0.429ms
[52.581s][info][gc,metaspace] GC(95) Metaspace: 33393K(35456K)->33393K(35456K) NonClass: 28775K(29696K)->28775K(29696K) Class: 4617K(5760K)->4617K(5760K)
[52.581s][info][gc          ] GC(95) Pause Full (System.gc()) 774M->774M(5888M) 713.385ms
[52.586s][info][gc,metaspace] GC(96) Metaspace: 33393K(35456K)->33393K(35456K) NonClass: 28775K(29696K)->28775K(29696K) Class: 4617K(5760K)->4617K(5760K)
[52.586s][info][gc          ] GC(96) Pause Young (System.gc()) 774M->774M(5888M) 0.641ms
[53.265s][info][gc,metaspace] GC(97) Metaspace: 33393K(35456K)->33393K(35456K) NonClass: 28775K(29696K)->28775K(29696K) Class: 4617K(5760K)->4617K(5760K)
[53.265s][info][gc          ] GC(97) Pause Full (System.gc()) 774M->774M(5888M) 679.010ms
[53.266s][info][gc,metaspace] GC(98) Metaspace: 33393K(35456K)->33393K(35456K) NonClass: 28775K(29696K)->28775K(29696K) Class: 4617K(5760K)->4617K(5760K)
[53.266s][info][gc          ] GC(98) Pause Young (System.gc()) 774M->774M(5888M) 0.428ms
[54.118s][info][gc,metaspace] GC(99) Metaspace: 33393K(35456K)->33393K(35456K) NonClass: 28775K(29696K)->28775K(29696K) Class: 4617K(5760K)->4617K(5760K)
[54.118s][info][gc          ] GC(99) Pause Full (System.gc()) 774M->774M(5888M) 852.121ms
[54.118s][info][gc,metaspace] GC(100) Metaspace: 33393K(35456K)->33393K(35456K) NonClass: 28775K(29696K)->28775K(29696K) Class: 4617K(5760K)->4617K(5760K)
[54.118s][info][gc          ] GC(100) Pause Young (System.gc()) 774M->774M(5888M) 0.600ms
[54.775s][info][gc,metaspace] GC(101) Metaspace: 33393K(35456K)->33393K(35456K) NonClass: 28775K(29696K)->28775K(29696K) Class: 4617K(5760K)->4617K(5760K)
[54.775s][info][gc          ] GC(101) Pause Full (System.gc()) 774M->774M(5888M) 656.355ms
[54.776s][info][gc,metaspace] GC(102) Metaspace: 33393K(35456K)->33393K(35456K) NonClass: 28775K(29696K)->28775K(29696K) Class: 4617K(5760K)->4617K(5760K)
[54.776s][info][gc          ] GC(102) Pause Young (System.gc()) 774M->774M(5888M) 0.606ms
[55.447s][info][gc,metaspace] GC(103) Metaspace: 33393K(35456K)->33393K(35456K) NonClass: 28775K(29696K)->28775K(29696K) Class: 4617K(5760K)->4617K(5760K)
[55.447s][info][gc          ] GC(103) Pause Full (System.gc()) 774M->774M(5888M) 671.174ms
[55.447s][info][gc,metaspace] GC(104) Metaspace: 33393K(35456K)->33393K(35456K) NonClass: 28775K(29696K)->28775K(29696K) Class: 4617K(5760K)->4617K(5760K)
[55.447s][info][gc          ] GC(104) Pause Young (System.gc()) 774M->774M(5888M) 0.441ms
[56.129s][info][gc,metaspace] GC(105) Metaspace: 33393K(35456K)->33393K(35456K) NonClass: 28775K(29696K)->28775K(29696K) Class: 4617K(5760K)->4617K(5760K)
[56.129s][info][gc          ] GC(105) Pause Full (System.gc()) 774M->774M(5888M) 681.293ms
[56.129s][info][gc,metaspace] GC(106) Metaspace: 33393K(35456K)->33393K(35456K) NonClass: 28775K(29696K)->28775K(29696K) Class: 4617K(5760K)->4617K(5760K)
[56.129s][info][gc          ] GC(106) Pause Young (System.gc()) 774M->774M(5888M) 0.660ms
[56.815s][info][gc,metaspace] GC(107) Metaspace: 33393K(35456K)->33393K(35456K) NonClass: 28775K(29696K)->28775K(29696K) Class: 4617K(5760K)->4617K(5760K)
[56.815s][info][gc          ] GC(107) Pause Full (System.gc()) 774M->774M(5888M) 685.400ms
[56.815s][info][gc,metaspace] GC(108) Metaspace: 33393K(35456K)->33393K(35456K) NonClass: 28775K(29696K)->28775K(29696K) Class: 4617K(5760K)->4617K(5760K)
[56.815s][info][gc          ] GC(108) Pause Young (System.gc()) 774M->774M(5888M) 0.443ms
[57.585s][info][gc,metaspace] GC(109) Metaspace: 33393K(35456K)->33393K(35456K) NonClass: 28775K(29696K)->28775K(29696K) Class: 4617K(5760K)->4617K(5760K)
[57.585s][info][gc          ] GC(109) Pause Full (System.gc()) 774M->774M(5888M) 769.275ms
[57.590s][info][gc,metaspace] GC(110) Metaspace: 33393K(35456K)->33393K(35456K) NonClass: 28775K(29696K)->28775K(29696K) Class: 4617K(5760K)->4617K(5760K)
[57.590s][info][gc          ] GC(110) Pause Young (System.gc()) 774M->774M(5888M) 0.501ms
[58.296s][info][gc,metaspace] GC(111) Metaspace: 33393K(35456K)->33393K(35456K) NonClass: 28775K(29696K)->28775K(29696K) Class: 4617K(5760K)->4617K(5760K)
[58.296s][info][gc          ] GC(111) Pause Full (System.gc()) 774M->774M(5888M) 706.079ms
[58.296s][info][gc,metaspace] GC(112) Metaspace: 33393K(35456K)->33393K(35456K) NonClass: 28775K(29696K)->28775K(29696K) Class: 4617K(5760K)->4617K(5760K)
[58.296s][info][gc          ] GC(112) Pause Young (System.gc()) 774M->774M(5888M) 0.568ms
[59.008s][info][gc,metaspace] GC(113) Metaspace: 33393K(35456K)->33393K(35456K) NonClass: 28775K(29696K)->28775K(29696K) Class: 4617K(5760K)->4617K(5760K)
[59.008s][info][gc          ] GC(113) Pause Full (System.gc()) 774M->774M(5888M) 711.484ms
[59.009s][info][gc,metaspace] GC(114) Metaspace: 33393K(35456K)->33393K(35456K) NonClass: 28775K(29696K)->28775K(29696K) Class: 4617K(5760K)->4617K(5760K)
[59.009s][info][gc          ] GC(114) Pause Young (System.gc()) 774M->774M(5888M) 0.591ms
[59.681s][info][gc,metaspace] GC(115) Metaspace: 33393K(35456K)->33393K(35456K) NonClass: 28775K(29696K)->28775K(29696K) Class: 4617K(5760K)->4617K(5760K)
[59.681s][info][gc          ] GC(115) Pause Full (System.gc()) 774M->774M(5888M) 672.551ms
[59.682s][info][gc,metaspace] GC(116) Metaspace: 33393K(35456K)->33393K(35456K) NonClass: 28775K(29696K)->28775K(29696K) Class: 4617K(5760K)->4617K(5760K)
[59.682s][info][gc          ] GC(116) Pause Young (System.gc()) 774M->774M(5888M) 0.545ms
[60.396s][info][gc,metaspace] GC(117) Metaspace: 33393K(35456K)->33393K(35456K) NonClass: 28775K(29696K)->28775K(29696K) Class: 4617K(5760K)->4617K(5760K)
[60.396s][info][gc          ] GC(117) Pause Full (System.gc()) 774M->774M(5888M) 714.196ms
[60.397s][info][gc,metaspace] GC(118) Metaspace: 33393K(35456K)->33393K(35456K) NonClass: 28775K(29696K)->28775K(29696K) Class: 4617K(5760K)->4617K(5760K)
[60.397s][info][gc          ] GC(118) Pause Young (System.gc()) 774M->774M(5888M) 0.590ms
[61.192s][info][gc,metaspace] GC(119) Metaspace: 33393K(35456K)->33393K(35456K) NonClass: 28775K(29696K)->28775K(29696K) Class: 4617K(5760K)->4617K(5760K)
[61.192s][info][gc          ] GC(119) Pause Full (System.gc()) 774M->774M(5888M) 795.532ms
[61.193s][info][gc,metaspace] GC(120) Metaspace: 33393K(35456K)->33393K(35456K) NonClass: 28775K(29696K)->28775K(29696K) Class: 4617K(5760K)->4617K(5760K)
[61.193s][info][gc          ] GC(120) Pause Young (System.gc()) 774M->774M(5888M) 0.610ms
[61.854s][info][gc,metaspace] GC(121) Metaspace: 33393K(35456K)->33393K(35456K) NonClass: 28775K(29696K)->28775K(29696K) Class: 4617K(5760K)->4617K(5760K)
[61.855s][info][gc          ] GC(121) Pause Full (System.gc()) 774M->774M(5888M) 661.558ms
[61.855s][info][gc,metaspace] GC(122) Metaspace: 33393K(35456K)->33393K(35456K) NonClass: 28775K(29696K)->28775K(29696K) Class: 4617K(5760K)->4617K(5760K)
[61.855s][info][gc          ] GC(122) Pause Young (System.gc()) 774M->774M(5888M) 0.608ms
[62.534s][info][gc,metaspace] GC(123) Metaspace: 33393K(35456K)->33393K(35456K) NonClass: 28775K(29696K)->28775K(29696K) Class: 4617K(5760K)->4617K(5760K)
[62.535s][info][gc          ] GC(123) Pause Full (System.gc()) 774M->774M(5888M) 679.224ms
[62.535s][info][gc,metaspace] GC(124) Metaspace: 33393K(35456K)->33393K(35456K) NonClass: 28775K(29696K)->28775K(29696K) Class: 4617K(5760K)->4617K(5760K)
[62.535s][info][gc          ] GC(124) Pause Young (System.gc()) 774M->774M(5888M) 0.674ms
[63.202s][info][gc,metaspace] GC(125) Metaspace: 33393K(35456K)->33393K(35456K) NonClass: 28775K(29696K)->28775K(29696K) Class: 4617K(5760K)->4617K(5760K)
[63.202s][info][gc          ] GC(125) Pause Full (System.gc()) 774M->774M(5888M) 666.445ms
[63.203s][info][gc,metaspace] GC(126) Metaspace: 33393K(35456K)->33393K(35456K) NonClass: 28775K(29696K)->28775K(29696K) Class: 4617K(5760K)->4617K(5760K)
[63.203s][info][gc          ] GC(126) Pause Young (System.gc()) 774M->774M(5888M) 0.686ms
[63.867s][info][gc,metaspace] GC(127) Metaspace: 33393K(35456K)->33393K(35456K) NonClass: 28775K(29696K)->28775K(29696K) Class: 4617K(5760K)->4617K(5760K)
[63.867s][info][gc          ] GC(127) Pause Full (System.gc()) 774M->774M(5888M) 664.328ms
[63.868s][info][gc,metaspace] GC(128) Metaspace: 33393K(35456K)->33393K(35456K) NonClass: 28775K(29696K)->28775K(29696K) Class: 4617K(5760K)->4617K(5760K)
[63.868s][info][gc          ] GC(128) Pause Young (System.gc()) 774M->774M(5888M) 0.614ms
[64.815s][info][gc,metaspace] GC(129) Metaspace: 33393K(35456K)->33393K(35456K) NonClass: 28775K(29696K)->28775K(29696K) Class: 4617K(5760K)->4617K(5760K)
[64.815s][info][gc          ] GC(129) Pause Full (System.gc()) 774M->774M(5888M) 947.345ms
[64.816s][info][gc,metaspace] GC(130) Metaspace: 33393K(35456K)->33393K(35456K) NonClass: 28775K(29696K)->28775K(29696K) Class: 4617K(5760K)->4617K(5760K)
[64.816s][info][gc          ] GC(130) Pause Young (System.gc()) 774M->774M(5888M) 0.516ms
[65.471s][info][gc,metaspace] GC(131) Metaspace: 33393K(35456K)->33393K(35456K) NonClass: 28775K(29696K)->28775K(29696K) Class: 4617K(5760K)->4617K(5760K)
[65.471s][info][gc          ] GC(131) Pause Full (System.gc()) 774M->774M(5888M) 655.444ms
[65.472s][info][gc,metaspace] GC(132) Metaspace: 33393K(35456K)->33393K(35456K) NonClass: 28775K(29696K)->28775K(29696K) Class: 4617K(5760K)->4617K(5760K)
[65.472s][info][gc          ] GC(132) Pause Young (System.gc()) 784M->774M(5888M) 0.733ms
[66.155s][info][gc,metaspace] GC(133) Metaspace: 33393K(35456K)->33393K(35456K) NonClass: 28775K(29696K)->28775K(29696K) Class: 4617K(5760K)->4617K(5760K)
[66.155s][info][gc          ] GC(133) Pause Full (System.gc()) 774M->774M(5888M) 683.293ms
[66.156s][info][gc,metaspace] GC(134) Metaspace: 33393K(35456K)->33393K(35456K) NonClass: 28775K(29696K)->28775K(29696K) Class: 4617K(5760K)->4617K(5760K)
[66.156s][info][gc          ] GC(134) Pause Young (System.gc()) 774M->774M(5888M) 0.615ms
[66.845s][info][gc,metaspace] GC(135) Metaspace: 33393K(35456K)->33393K(35456K) NonClass: 28775K(29696K)->28775K(29696K) Class: 4617K(5760K)->4617K(5760K)
[66.845s][info][gc          ] GC(135) Pause Full (System.gc()) 774M->774M(5888M) 688.805ms
[66.846s][info][gc,metaspace] GC(136) Metaspace: 33393K(35456K)->33393K(35456K) NonClass: 28775K(29696K)->28775K(29696K) Class: 4617K(5760K)->4617K(5760K)
[66.846s][info][gc          ] GC(136) Pause Young (System.gc()) 774M->774M(5888M) 0.624ms
[67.529s][info][gc,metaspace] GC(137) Metaspace: 33393K(35456K)->33393K(35456K) NonClass: 28775K(29696K)->28775K(29696K) Class: 4617K(5760K)->4617K(5760K)
[67.529s][info][gc          ] GC(137) Pause Full (System.gc()) 774M->774M(5888M) 683.741ms
[67.530s][info][gc,metaspace] GC(138) Metaspace: 33393K(35456K)->33393K(35456K) NonClass: 28775K(29696K)->28775K(29696K) Class: 4617K(5760K)->4617K(5760K)
[67.530s][info][gc          ] GC(138) Pause Young (System.gc()) 774M->774M(5888M) 0.560ms
[68.200s][info][gc,metaspace] GC(139) Metaspace: 33393K(35456K)->33393K(35456K) NonClass: 28775K(29696K)->28775K(29696K) Class: 4617K(5760K)->4617K(5760K)
[68.200s][info][gc          ] GC(139) Pause Full (System.gc()) 774M->774M(5888M) 669.758ms
[68.201s][info][gc,metaspace] GC(140) Metaspace: 33393K(35456K)->33393K(35456K) NonClass: 28775K(29696K)->28775K(29696K) Class: 4617K(5760K)->4617K(5760K)
[68.201s][info][gc          ] GC(140) Pause Young (System.gc()) 774M->774M(5888M) 0.663ms
[68.912s][info][gc,metaspace] GC(141) Metaspace: 33393K(35456K)->33393K(35456K) NonClass: 28775K(29696K)->28775K(29696K) Class: 4617K(5760K)->4617K(5760K)
[68.913s][info][gc          ] GC(141) Pause Full (System.gc()) 774M->774M(5888M) 707.641ms
[68.913s][info][gc,metaspace] GC(142) Metaspace: 33393K(35456K)->33393K(35456K) NonClass: 28775K(29696K)->28775K(29696K) Class: 4617K(5760K)->4617K(5760K)
[68.913s][info][gc          ] GC(142) Pause Young (System.gc()) 774M->774M(5888M) 0.469ms
[69.586s][info][gc,metaspace] GC(143) Metaspace: 33393K(35456K)->33393K(35456K) NonClass: 28775K(29696K)->28775K(29696K) Class: 4617K(5760K)->4617K(5760K)
[69.586s][info][gc          ] GC(143) Pause Full (System.gc()) 774M->774M(5888M) 673.268ms
[69.587s][info][gc,metaspace] GC(144) Metaspace: 33393K(35456K)->33393K(35456K) NonClass: 28775K(29696K)->28775K(29696K) Class: 4617K(5760K)->4617K(5760K)
[69.587s][info][gc          ] GC(144) Pause Young (System.gc()) 774M->774M(5888M) 0.596ms
[70.274s][info][gc,metaspace] GC(145) Metaspace: 33393K(35456K)->33393K(35456K) NonClass: 28775K(29696K)->28775K(29696K) Class: 4617K(5760K)->4617K(5760K)
[70.274s][info][gc          ] GC(145) Pause Full (System.gc()) 774M->774M(5888M) 686.666ms
[70.275s][info][gc,metaspace] GC(146) Metaspace: 33393K(35456K)->33393K(35456K) NonClass: 28775K(29696K)->28775K(29696K) Class: 4617K(5760K)->4617K(5760K)
[70.275s][info][gc          ] GC(146) Pause Young (System.gc()) 774M->774M(5888M) 0.623ms
[70.941s][info][gc,metaspace] GC(147) Metaspace: 33393K(35456K)->33393K(35456K) NonClass: 28775K(29696K)->28775K(29696K) Class: 4617K(5760K)->4617K(5760K)
[70.941s][info][gc          ] GC(147) Pause Full (System.gc()) 774M->774M(5888M) 666.660ms
[70.942s][info][gc,metaspace] GC(148) Metaspace: 33393K(35456K)->33393K(35456K) NonClass: 28775K(29696K)->28775K(29696K) Class: 4617K(5760K)->4617K(5760K)
[70.942s][info][gc          ] GC(148) Pause Young (System.gc()) 774M->774M(5888M) 0.603ms
[71.629s][info][gc,metaspace] GC(149) Metaspace: 33393K(35456K)->33393K(35456K) NonClass: 28775K(29696K)->28775K(29696K) Class: 4617K(5760K)->4617K(5760K)
[71.629s][info][gc          ] GC(149) Pause Full (System.gc()) 774M->774M(5888M) 686.966ms
[71.630s][info][gc,metaspace] GC(150) Metaspace: 33393K(35456K)->33393K(35456K) NonClass: 28775K(29696K)->28775K(29696K) Class: 4617K(5760K)->4617K(5760K)
[71.630s][info][gc          ] GC(150) Pause Young (System.gc()) 774M->774M(5888M) 0.452ms
[72.286s][info][gc,metaspace] GC(151) Metaspace: 33393K(35456K)->33393K(35456K) NonClass: 28775K(29696K)->28775K(29696K) Class: 4617K(5760K)->4617K(5760K)
[72.287s][info][gc          ] GC(151) Pause Full (System.gc()) 774M->774M(5888M) 656.951ms
[72.287s][info][gc,metaspace] GC(152) Metaspace: 33393K(35456K)->33393K(35456K) NonClass: 28775K(29696K)->28775K(29696K) Class: 4617K(5760K)->4617K(5760K)
[72.287s][info][gc          ] GC(152) Pause Young (System.gc()) 774M->774M(5888M) 0.610ms
[72.948s][info][gc,metaspace] GC(153) Metaspace: 33393K(35456K)->33393K(35456K) NonClass: 28775K(29696K)->28775K(29696K) Class: 4617K(5760K)->4617K(5760K)
[72.948s][info][gc          ] GC(153) Pause Full (System.gc()) 774M->774M(5888M) 660.462ms
[72.948s][info][gc,metaspace] GC(154) Metaspace: 33393K(35456K)->33393K(35456K) NonClass: 28775K(29696K)->28775K(29696K) Class: 4617K(5760K)->4617K(5760K)
[72.948s][info][gc          ] GC(154) Pause Young (System.gc()) 774M->774M(5888M) 0.582ms
[73.634s][info][gc,metaspace] GC(155) Metaspace: 33393K(35456K)->33393K(35456K) NonClass: 28775K(29696K)->28775K(29696K) Class: 4617K(5760K)->4617K(5760K)
[73.634s][info][gc          ] GC(155) Pause Full (System.gc()) 774M->774M(5888M) 685.972ms
[73.639s][info][gc,metaspace] GC(156) Metaspace: 33393K(35456K)->33393K(35456K) NonClass: 28775K(29696K)->28775K(29696K) Class: 4617K(5760K)->4617K(5760K)
[73.639s][info][gc          ] GC(156) Pause Young (System.gc()) 774M->774M(5888M) 0.672ms
[74.526s][info][gc,metaspace] GC(157) Metaspace: 33393K(35456K)->33393K(35456K) NonClass: 28775K(29696K)->28775K(29696K) Class: 4617K(5760K)->4617K(5760K)
[74.526s][info][gc          ] GC(157) Pause Full (System.gc()) 774M->774M(5888M) 886.661ms
[74.527s][info][gc,metaspace] GC(158) Metaspace: 33393K(35456K)->33393K(35456K) NonClass: 28775K(29696K)->28775K(29696K) Class: 4617K(5760K)->4617K(5760K)
[74.527s][info][gc          ] GC(158) Pause Young (System.gc()) 774M->774M(5888M) 0.537ms
[75.201s][info][gc,metaspace] GC(159) Metaspace: 33393K(35456K)->33393K(35456K) NonClass: 28775K(29696K)->28775K(29696K) Class: 4617K(5760K)->4617K(5760K)
[75.201s][info][gc          ] GC(159) Pause Full (System.gc()) 774M->774M(5888M) 673.951ms
[75.201s][info][gc,metaspace] GC(160) Metaspace: 33393K(35456K)->33393K(35456K) NonClass: 28775K(29696K)->28775K(29696K) Class: 4617K(5760K)->4617K(5760K)
[75.202s][info][gc          ] GC(160) Pause Young (System.gc()) 774M->774M(5888M) 0.654ms
[75.886s][info][gc,metaspace] GC(161) Metaspace: 33393K(35456K)->33393K(35456K) NonClass: 28775K(29696K)->28775K(29696K) Class: 4617K(5760K)->4617K(5760K)
[75.886s][info][gc          ] GC(161) Pause Full (System.gc()) 774M->774M(5888M) 684.219ms
[75.886s][info][gc,metaspace] GC(162) Metaspace: 33393K(35456K)->33393K(35456K) NonClass: 28775K(29696K)->28775K(29696K) Class: 4617K(5760K)->4617K(5760K)
[75.886s][info][gc          ] GC(162) Pause Young (System.gc()) 774M->774M(5888M) 0.604ms
[76.581s][info][gc,metaspace] GC(163) Metaspace: 33393K(35456K)->33393K(35456K) NonClass: 28775K(29696K)->28775K(29696K) Class: 4617K(5760K)->4617K(5760K)
[76.581s][info][gc          ] GC(163) Pause Full (System.gc()) 774M->774M(5888M) 694.388ms
[76.581s][info][gc,metaspace] GC(164) Metaspace: 33393K(35456K)->33393K(35456K) NonClass: 28775K(29696K)->28775K(29696K) Class: 4617K(5760K)->4617K(5760K)
[76.581s][info][gc          ] GC(164) Pause Young (System.gc()) 774M->774M(5888M) 0.484ms
[77.264s][info][gc,metaspace] GC(165) Metaspace: 33393K(35456K)->33393K(35456K) NonClass: 28775K(29696K)->28775K(29696K) Class: 4617K(5760K)->4617K(5760K)
[77.264s][info][gc          ] GC(165) Pause Full (System.gc()) 774M->774M(5888M) 682.271ms
[77.265s][info][gc,metaspace] GC(166) Metaspace: 33393K(35456K)->33393K(35456K) NonClass: 28775K(29696K)->28775K(29696K) Class: 4617K(5760K)->4617K(5760K)
[77.265s][info][gc          ] GC(166) Pause Young (System.gc()) 774M->774M(5888M) 0.647ms
[78.023s][info][gc,metaspace] GC(167) Metaspace: 33393K(35456K)->33393K(35456K) NonClass: 28775K(29696K)->28775K(29696K) Class: 4617K(5760K)->4617K(5760K)
[78.023s][info][gc          ] GC(167) Pause Full (System.gc()) 774M->774M(5888M) 758.805ms
[78.024s][info][gc,metaspace] GC(168) Metaspace: 33393K(35456K)->33393K(35456K) NonClass: 28775K(29696K)->28775K(29696K) Class: 4617K(5760K)->4617K(5760K)
[78.024s][info][gc          ] GC(168) Pause Young (System.gc()) 774M->774M(5888M) 0.482ms
[78.722s][info][gc,metaspace] GC(169) Metaspace: 33393K(35456K)->33393K(35456K) NonClass: 28775K(29696K)->28775K(29696K) Class: 4617K(5760K)->4617K(5760K)
[78.722s][info][gc          ] GC(169) Pause Full (System.gc()) 774M->774M(5888M) 697.647ms
[78.727s][info][gc,metaspace] GC(170) Metaspace: 33393K(35456K)->33393K(35456K) NonClass: 28775K(29696K)->28775K(29696K) Class: 4617K(5760K)->4617K(5760K)
[78.727s][info][gc          ] GC(170) Pause Young (System.gc()) 774M->774M(5888M) 0.516ms
[79.395s][info][gc,metaspace] GC(171) Metaspace: 33393K(35456K)->33393K(35456K) NonClass: 28775K(29696K)->28775K(29696K) Class: 4617K(5760K)->4617K(5760K)
[79.395s][info][gc          ] GC(171) Pause Full (System.gc()) 774M->774M(5888M) 668.576ms
[79.396s][info][gc,metaspace] GC(172) Metaspace: 33393K(35456K)->33393K(35456K) NonClass: 28775K(29696K)->28775K(29696K) Class: 4617K(5760K)->4617K(5760K)
[79.396s][info][gc          ] GC(172) Pause Young (System.gc()) 774M->774M(5888M) 0.664ms
[80.082s][info][gc,metaspace] GC(173) Metaspace: 33393K(35456K)->33393K(35456K) NonClass: 28775K(29696K)->28775K(29696K) Class: 4617K(5760K)->4617K(5760K)
[80.082s][info][gc          ] GC(173) Pause Full (System.gc()) 774M->774M(5888M) 686.352ms
[80.083s][info][gc,metaspace] GC(174) Metaspace: 33393K(35456K)->33393K(35456K) NonClass: 28775K(29696K)->28775K(29696K) Class: 4617K(5760K)->4617K(5760K)
[80.083s][info][gc          ] GC(174) Pause Young (System.gc()) 774M->774M(5888M) 0.628ms
[80.765s][info][gc,metaspace] GC(175) Metaspace: 33393K(35456K)->33393K(35456K) NonClass: 28775K(29696K)->28775K(29696K) Class: 4617K(5760K)->4617K(5760K)
[80.765s][info][gc          ] GC(175) Pause Full (System.gc()) 774M->774M(5888M) 682.079ms
[80.766s][info][gc,metaspace] GC(176) Metaspace: 33393K(35456K)->33393K(35456K) NonClass: 28775K(29696K)->28775K(29696K) Class: 4617K(5760K)->4617K(5760K)
[80.766s][info][gc          ] GC(176) Pause Young (System.gc()) 774M->774M(5888M) 0.612ms
[81.435s][info][gc,metaspace] GC(177) Metaspace: 33393K(35456K)->33393K(35456K) NonClass: 28775K(29696K)->28775K(29696K) Class: 4617K(5760K)->4617K(5760K)
[81.435s][info][gc          ] GC(177) Pause Full (System.gc()) 774M->774M(5888M) 669.305ms
[81.436s][info][gc,metaspace] GC(178) Metaspace: 33393K(35456K)->33393K(35456K) NonClass: 28775K(29696K)->28775K(29696K) Class: 4617K(5760K)->4617K(5760K)
[81.436s][info][gc          ] GC(178) Pause Young (System.gc()) 774M->774M(5888M) 0.575ms
[82.299s][info][gc,metaspace] GC(179) Metaspace: 33393K(35456K)->33393K(35456K) NonClass: 28775K(29696K)->28775K(29696K) Class: 4617K(5760K)->4617K(5760K)
[82.299s][info][gc          ] GC(179) Pause Full (System.gc()) 774M->774M(5888M) 862.940ms
[82.300s][info][gc,metaspace] GC(180) Metaspace: 33393K(35456K)->33393K(35456K) NonClass: 28775K(29696K)->28775K(29696K) Class: 4617K(5760K)->4617K(5760K)
[82.300s][info][gc          ] GC(180) Pause Young (System.gc()) 774M->774M(5888M) 0.615ms
[82.977s][info][gc,metaspace] GC(181) Metaspace: 33393K(35456K)->33393K(35456K) NonClass: 28775K(29696K)->28775K(29696K) Class: 4617K(5760K)->4617K(5760K)
[82.977s][info][gc          ] GC(181) Pause Full (System.gc()) 774M->774M(5888M) 677.486ms
[82.978s][info][gc,metaspace] GC(182) Metaspace: 33393K(35456K)->33393K(35456K) NonClass: 28775K(29696K)->28775K(29696K) Class: 4617K(5760K)->4617K(5760K)
[82.978s][info][gc          ] GC(182) Pause Young (System.gc()) 774M->774M(5888M) 0.455ms
[83.656s][info][gc,metaspace] GC(183) Metaspace: 33393K(35456K)->33393K(35456K) NonClass: 28775K(29696K)->28775K(29696K) Class: 4617K(5760K)->4617K(5760K)
[83.656s][info][gc          ] GC(183) Pause Full (System.gc()) 774M->774M(5888M) 677.903ms
[83.656s][info][gc,metaspace] GC(184) Metaspace: 33393K(35456K)->33393K(35456K) NonClass: 28775K(29696K)->28775K(29696K) Class: 4617K(5760K)->4617K(5760K)
[83.656s][info][gc          ] GC(184) Pause Young (System.gc()) 774M->774M(5888M) 0.626ms
[84.545s][info][gc,metaspace] GC(185) Metaspace: 33393K(35456K)->33393K(35456K) NonClass: 28775K(29696K)->28775K(29696K) Class: 4617K(5760K)->4617K(5760K)
[84.545s][info][gc          ] GC(185) Pause Full (System.gc()) 774M->774M(5888M) 888.652ms
[84.550s][info][gc,metaspace] GC(186) Metaspace: 33393K(35456K)->33393K(35456K) NonClass: 28775K(29696K)->28775K(29696K) Class: 4617K(5760K)->4617K(5760K)
[84.550s][info][gc          ] GC(186) Pause Young (System.gc()) 774M->774M(5888M) 0.654ms
[85.231s][info][gc,metaspace] GC(187) Metaspace: 33393K(35456K)->33393K(35456K) NonClass: 28775K(29696K)->28775K(29696K) Class: 4617K(5760K)->4617K(5760K)
[85.231s][info][gc          ] GC(187) Pause Full (System.gc()) 774M->774M(5888M) 680.801ms
[85.232s][info][gc,metaspace] GC(188) Metaspace: 33393K(35456K)->33393K(35456K) NonClass: 28775K(29696K)->28775K(29696K) Class: 4617K(5760K)->4617K(5760K)
[85.232s][info][gc          ] GC(188) Pause Young (System.gc()) 774M->774M(5888M) 0.653ms
[85.936s][info][gc,metaspace] GC(189) Metaspace: 33393K(35456K)->33393K(35456K) NonClass: 28775K(29696K)->28775K(29696K) Class: 4617K(5760K)->4617K(5760K)
[85.936s][info][gc          ] GC(189) Pause Full (System.gc()) 774M->774M(5888M) 704.200ms
[85.936s][info][gc,metaspace] GC(190) Metaspace: 33393K(35456K)->33393K(35456K) NonClass: 28775K(29696K)->28775K(29696K) Class: 4617K(5760K)->4617K(5760K)
[85.936s][info][gc          ] GC(190) Pause Young (System.gc()) 774M->774M(5888M) 0.472ms
[86.722s][info][gc,metaspace] GC(191) Metaspace: 33393K(35456K)->33393K(35456K) NonClass: 28775K(29696K)->28775K(29696K) Class: 4617K(5760K)->4617K(5760K)
[86.722s][info][gc          ] GC(191) Pause Full (System.gc()) 774M->774M(5888M) 785.589ms
[86.723s][info][gc,metaspace] GC(192) Metaspace: 33393K(35456K)->33393K(35456K) NonClass: 28775K(29696K)->28775K(29696K) Class: 4617K(5760K)->4617K(5760K)
[86.723s][info][gc          ] GC(192) Pause Young (System.gc()) 774M->774M(5888M) 0.459ms
[87.395s][info][gc,metaspace] GC(193) Metaspace: 33393K(35456K)->33393K(35456K) NonClass: 28775K(29696K)->28775K(29696K) Class: 4617K(5760K)->4617K(5760K)
[87.395s][info][gc          ] GC(193) Pause Full (System.gc()) 774M->774M(5888M) 672.304ms
[87.396s][info][gc,metaspace] GC(194) Metaspace: 33393K(35456K)->33393K(35456K) NonClass: 28775K(29696K)->28775K(29696K) Class: 4617K(5760K)->4617K(5760K)
[87.396s][info][gc          ] GC(194) Pause Young (System.gc()) 774M->774M(5888M) 0.561ms
[88.065s][info][gc,metaspace] GC(195) Metaspace: 33393K(35456K)->33393K(35456K) NonClass: 28775K(29696K)->28775K(29696K) Class: 4617K(5760K)->4617K(5760K)
[88.065s][info][gc          ] GC(195) Pause Full (System.gc()) 774M->774M(5888M) 669.088ms
[88.065s][info][gc,metaspace] GC(196) Metaspace: 33393K(35456K)->33393K(35456K) NonClass: 28775K(29696K)->28775K(29696K) Class: 4617K(5760K)->4617K(5760K)
[88.065s][info][gc          ] GC(196) Pause Young (System.gc()) 774M->774M(5888M) 0.572ms
[88.758s][info][gc,metaspace] GC(197) Metaspace: 33393K(35456K)->33393K(35456K) NonClass: 28775K(29696K)->28775K(29696K) Class: 4617K(5760K)->4617K(5760K)
[88.758s][info][gc          ] GC(197) Pause Full (System.gc()) 774M->774M(5888M) 692.769ms
[88.759s][info][gc,metaspace] GC(198) Metaspace: 33393K(35456K)->33393K(35456K) NonClass: 28775K(29696K)->28775K(29696K) Class: 4617K(5760K)->4617K(5760K)
[88.759s][info][gc          ] GC(198) Pause Young (System.gc()) 774M->774M(5888M) 0.448ms
[89.476s][info][gc,metaspace] GC(199) Metaspace: 33393K(35456K)->33393K(35456K) NonClass: 28775K(29696K)->28775K(29696K) Class: 4617K(5760K)->4617K(5760K)
[89.476s][info][gc          ] GC(199) Pause Full (System.gc()) 774M->774M(5888M) 716.973ms
[89.477s][info][gc,metaspace] GC(200) Metaspace: 33393K(35456K)->33393K(35456K) NonClass: 28775K(29696K)->28775K(29696K) Class: 4617K(5760K)->4617K(5760K)
[89.477s][info][gc          ] GC(200) Pause Young (System.gc()) 774M->774M(5888M) 0.598ms
[90.275s][info][gc,metaspace] GC(201) Metaspace: 33393K(35456K)->33393K(35456K) NonClass: 28775K(29696K)->28775K(29696K) Class: 4617K(5760K)->4617K(5760K)
[90.275s][info][gc          ] GC(201) Pause Full (System.gc()) 774M->774M(5888M) 798.374ms
[90.276s][info][gc,metaspace] GC(202) Metaspace: 33393K(35456K)->33393K(35456K) NonClass: 28775K(29696K)->28775K(29696K) Class: 4617K(5760K)->4617K(5760K)
[90.276s][info][gc          ] GC(202) Pause Young (System.gc()) 774M->774M(5888M) 0.617ms
[90.953s][info][gc,metaspace] GC(203) Metaspace: 33393K(35456K)->33393K(35456K) NonClass: 28775K(29696K)->28775K(29696K) Class: 4617K(5760K)->4617K(5760K)
[90.953s][info][gc          ] GC(203) Pause Full (System.gc()) 774M->774M(5888M) 677.666ms
[90.954s][info][gc,metaspace] GC(204) Metaspace: 33393K(35456K)->33393K(35456K) NonClass: 28775K(29696K)->28775K(29696K) Class: 4617K(5760K)->4617K(5760K)
[90.954s][info][gc          ] GC(204) Pause Young (System.gc()) 774M->774M(5888M) 0.662ms
[91.653s][info][gc,metaspace] GC(205) Metaspace: 33393K(35456K)->33393K(35456K) NonClass: 28775K(29696K)->28775K(29696K) Class: 4617K(5760K)->4617K(5760K)
[91.653s][info][gc          ] GC(205) Pause Full (System.gc()) 774M->774M(5888M) 699.151ms
After GCs... 
