Done; will start GCs... 
[98.028s][info][gc,metaspace] GC(34) Metaspace: 99053K(113280K)->99053K(113280K) NonClass: 78963K(84992K)->78963K(84992K) Class: 20089K(28288K)->20089K(28288K)
[98.028s][info][gc          ] GC(34) Pause Young (System.gc()) 1032M->1006M(5928M) 398.314ms
[99.458s][info][gc,metaspace] GC(35) Metaspace: 99053K(113280K)->99053K(113280K) NonClass: 78963K(84992K)->78963K(84992K) Class: 20089K(28288K)->20089K(28288K)
[99.458s][info][gc          ] GC(35) Pause Full (System.gc()) 1006M->800M(5928M) 1429.634ms
[99.460s][info][gc,metaspace] GC(36) Metaspace: 99053K(113280K)->99053K(113280K) NonClass: 78963K(84992K)->78963K(84992K) Class: 20089K(28288K)->20089K(28288K)
[99.460s][info][gc          ] GC(36) Pause Young (System.gc()) 800M->800M(5676M) 2.211ms
[100.075s][info][gc,metaspace] GC(37) Metaspace: 99053K(113280K)->99053K(113280K) NonClass: 78963K(84992K)->78963K(84992K) Class: 20089K(28288K)->20089K(28288K)
[100.075s][info][gc          ] GC(37) Pause Full (System.gc()) 800M->800M(5676M) 614.331ms
[100.077s][info][gc,metaspace] GC(38) Metaspace: 99053K(113280K)->99053K(113280K) NonClass: 78963K(84992K)->78963K(84992K) Class: 20089K(28288K)->20089K(28288K)
[100.077s][info][gc          ] GC(38) Pause Young (System.gc()) 800M->800M(5802M) 2.004ms
[100.699s][info][gc,metaspace] GC(39) Metaspace: 99053K(113280K)->99053K(113280K) NonClass: 78963K(84992K)->78963K(84992K) Class: 20089K(28288K)->20089K(28288K)
[100.699s][info][gc          ] GC(39) Pause Full (System.gc()) 800M->800M(5802M) 622.255ms
[100.701s][info][gc,metaspace] GC(40) Metaspace: 99053K(113280K)->99053K(113280K) NonClass: 78963K(84992K)->78963K(84992K) Class: 20089K(28288K)->20089K(28288K)
[100.701s][info][gc          ] GC(40) Pause Young (System.gc()) 800M->800M(5823M) 2.049ms
[101.326s][info][gc,metaspace] GC(41) Metaspace: 99053K(113280K)->99053K(113280K) NonClass: 78963K(84992K)->78963K(84992K) Class: 20089K(28288K)->20089K(28288K)
[101.326s][info][gc          ] GC(41) Pause Full (System.gc()) 800M->800M(5823M) 624.620ms
[101.327s][info][gc,metaspace] GC(42) Metaspace: 99053K(113280K)->99053K(113280K) NonClass: 78963K(84992K)->78963K(84992K) Class: 20089K(28288K)->20089K(28288K)
[101.327s][info][gc          ] GC(42) Pause Young (System.gc()) 800M->800M(5812M) 0.766ms
[101.953s][info][gc,metaspace] GC(43) Metaspace: 99053K(113280K)->99053K(113280K) NonClass: 78963K(84992K)->78963K(84992K) Class: 20089K(28288K)->20089K(28288K)
[101.953s][info][gc          ] GC(43) Pause Full (System.gc()) 800M->800M(5812M) 626.094ms
[101.954s][info][gc,metaspace] GC(44) Metaspace: 99053K(113280K)->99053K(113280K) NonClass: 78963K(84992K)->78963K(84992K) Class: 20089K(28288K)->20089K(28288K)
[101.954s][info][gc          ] GC(44) Pause Young (System.gc()) 800M->800M(5849M) 0.812ms
[102.577s][info][gc,metaspace] GC(45) Metaspace: 99053K(113280K)->99053K(113280K) NonClass: 78963K(84992K)->78963K(84992K) Class: 20089K(28288K)->20089K(28288K)
[102.577s][info][gc          ] GC(45) Pause Full (System.gc()) 800M->800M(5849M) 623.133ms
[102.579s][info][gc,metaspace] GC(46) Metaspace: 99053K(113280K)->99053K(113280K) NonClass: 78963K(84992K)->78963K(84992K) Class: 20089K(28288K)->20089K(28288K)
[102.579s][info][gc          ] GC(46) Pause Young (System.gc()) 800M->800M(5835M) 2.061ms
[103.206s][info][gc,metaspace] GC(47) Metaspace: 99053K(113280K)->99053K(113280K) NonClass: 78963K(84992K)->78963K(84992K) Class: 20089K(28288K)->20089K(28288K)
[103.206s][info][gc          ] GC(47) Pause Full (System.gc()) 800M->800M(5835M) 626.723ms
[103.213s][info][gc,metaspace] GC(48) Metaspace: 99053K(113280K)->99053K(113280K) NonClass: 78963K(84992K)->78963K(84992K) Class: 20089K(28288K)->20089K(28288K)
[103.213s][info][gc          ] GC(48) Pause Young (System.gc()) 800M->800M(5876M) 1.980ms
[103.844s][info][gc,metaspace] GC(49) Metaspace: 99053K(113280K)->99053K(113280K) NonClass: 78963K(84992K)->78963K(84992K) Class: 20089K(28288K)->20089K(28288K)
[103.844s][info][gc          ] GC(49) Pause Full (System.gc()) 800M->800M(5876M) 631.408ms
[103.845s][info][gc,metaspace] GC(50) Metaspace: 99053K(113280K)->99053K(113280K) NonClass: 78963K(84992K)->78963K(84992K) Class: 20089K(28288K)->20089K(28288K)
[103.845s][info][gc          ] GC(50) Pause Young (System.gc()) 800M->800M(5862M) 0.763ms
[104.481s][info][gc,metaspace] GC(51) Metaspace: 99053K(113280K)->99053K(113280K) NonClass: 78963K(84992K)->78963K(84992K) Class: 20089K(28288K)->20089K(28288K)
[104.481s][info][gc          ] GC(51) Pause Full (System.gc()) 800M->800M(5862M) 636.501ms
[104.484s][info][gc,metaspace] GC(52) Metaspace: 99053K(113280K)->99053K(113280K) NonClass: 78963K(84992K)->78963K(84992K) Class: 20089K(28288K)->20089K(28288K)
[104.484s][info][gc          ] GC(52) Pause Young (System.gc()) 800M->800M(5904M) 2.066ms
[105.294s][info][gc,metaspace] GC(53) Metaspace: 99053K(113280K)->99053K(113280K) NonClass: 78963K(84992K)->78963K(84992K) Class: 20089K(28288K)->20089K(28288K)
[105.294s][info][gc          ] GC(53) Pause Full (System.gc()) 800M->800M(5904M) 810.785ms
[105.295s][info][gc,metaspace] GC(54) Metaspace: 99053K(113280K)->99053K(113280K) NonClass: 78963K(84992K)->78963K(84992K) Class: 20089K(28288K)->20089K(28288K)
[105.295s][info][gc          ] GC(54) Pause Young (System.gc()) 800M->800M(5890M) 0.752ms
[105.937s][info][gc,metaspace] GC(55) Metaspace: 99053K(113280K)->99053K(113280K) NonClass: 78963K(84992K)->78963K(84992K) Class: 20089K(28288K)->20089K(28288K)
[105.937s][info][gc          ] GC(55) Pause Full (System.gc()) 800M->800M(5890M) 641.426ms
[105.939s][info][gc,metaspace] GC(56) Metaspace: 99053K(113280K)->99053K(113280K) NonClass: 78963K(84992K)->78963K(84992K) Class: 20089K(28288K)->20089K(28288K)
[105.939s][info][gc          ] GC(56) Pause Young (System.gc()) 800M->800M(5930M) 2.163ms
[106.754s][info][gc,metaspace] GC(57) Metaspace: 99053K(113280K)->99053K(113280K) NonClass: 78963K(84992K)->78963K(84992K) Class: 20089K(28288K)->20089K(28288K)
[106.754s][info][gc          ] GC(57) Pause Full (System.gc()) 800M->800M(5930M) 815.055ms
[106.756s][info][gc,metaspace] GC(58) Metaspace: 99053K(113280K)->99053K(113280K) NonClass: 78963K(84992K)->78963K(84992K) Class: 20089K(28288K)->20089K(28288K)
[106.756s][info][gc          ] GC(58) Pause Young (System.gc()) 800M->800M(5917M) 2.021ms
[107.405s][info][gc,metaspace] GC(59) Metaspace: 99053K(113280K)->99053K(113280K) NonClass: 78963K(84992K)->78963K(84992K) Class: 20089K(28288K)->20089K(28288K)
[107.405s][info][gc          ] GC(59) Pause Full (System.gc()) 800M->800M(5917M) 648.848ms
[107.408s][info][gc,metaspace] GC(60) Metaspace: 99053K(113280K)->99053K(113280K) NonClass: 78963K(84992K)->78963K(84992K) Class: 20089K(28288K)->20089K(28288K)
[107.408s][info][gc          ] GC(60) Pause Young (System.gc()) 800M->800M(5956M) 2.175ms
[108.038s][info][gc,metaspace] GC(61) Metaspace: 99053K(113280K)->99053K(113280K) NonClass: 78963K(84992K)->78963K(84992K) Class: 20089K(28288K)->20089K(28288K)
[108.038s][info][gc          ] GC(61) Pause Full (System.gc()) 800M->800M(5956M) 630.220ms
[108.040s][info][gc,metaspace] GC(62) Metaspace: 99053K(113280K)->99053K(113280K) NonClass: 78963K(84992K)->78963K(84992K) Class: 20089K(28288K)->20089K(28288K)
[108.040s][info][gc          ] GC(62) Pause Young (System.gc()) 800M->800M(5943M) 2.103ms
[108.666s][info][gc,metaspace] GC(63) Metaspace: 99053K(113280K)->99053K(113280K) NonClass: 78963K(84992K)->78963K(84992K) Class: 20089K(28288K)->20089K(28288K)
[108.666s][info][gc          ] GC(63) Pause Full (System.gc()) 800M->800M(5943M) 625.772ms
[108.672s][info][gc,metaspace] GC(64) Metaspace: 99053K(113280K)->99053K(113280K) NonClass: 78963K(84992K)->78963K(84992K) Class: 20089K(28288K)->20089K(28288K)
[108.673s][info][gc          ] GC(64) Pause Young (System.gc()) 800M->800M(5979M) 2.065ms
[109.325s][info][gc,metaspace] GC(65) Metaspace: 99053K(113280K)->99053K(113280K) NonClass: 78963K(84992K)->78963K(84992K) Class: 20089K(28288K)->20089K(28288K)
[109.325s][info][gc          ] GC(65) Pause Full (System.gc()) 800M->800M(5979M) 652.062ms
[109.325s][info][gc,metaspace] GC(66) Metaspace: 99053K(113280K)->99053K(113280K) NonClass: 78963K(84992K)->78963K(84992K) Class: 20089K(28288K)->20089K(28288K)
[109.326s][info][gc          ] GC(66) Pause Young (System.gc()) 800M->800M(5968M) 0.754ms
[109.956s][info][gc,metaspace] GC(67) Metaspace: 99053K(113280K)->99053K(113280K) NonClass: 78963K(84992K)->78963K(84992K) Class: 20089K(28288K)->20089K(28288K)
[109.956s][info][gc          ] GC(67) Pause Full (System.gc()) 800M->800M(5968M) 630.618ms
[109.958s][info][gc,metaspace] GC(68) Metaspace: 99053K(113280K)->99053K(113280K) NonClass: 78963K(84992K)->78963K(84992K) Class: 20089K(28288K)->20089K(28288K)
[109.958s][info][gc          ] GC(68) Pause Young (System.gc()) 800M->800M(6000M) 1.939ms
[110.591s][info][gc,metaspace] GC(69) Metaspace: 99053K(113280K)->99053K(113280K) NonClass: 78963K(84992K)->78963K(84992K) Class: 20089K(28288K)->20089K(28288K)
[110.591s][info][gc          ] GC(69) Pause Full (System.gc()) 800M->800M(6000M) 632.753ms
[110.593s][info][gc,metaspace] GC(70) Metaspace: 99053K(113280K)->99053K(113280K) NonClass: 78963K(84992K)->78963K(84992K) Class: 20089K(28288K)->20089K(28288K)
[110.593s][info][gc          ] GC(70) Pause Young (System.gc()) 800M->800M(5990M) 2.087ms
[111.220s][info][gc,metaspace] GC(71) Metaspace: 99053K(113280K)->99053K(113280K) NonClass: 78963K(84992K)->78963K(84992K) Class: 20089K(28288K)->20089K(28288K)
[111.220s][info][gc          ] GC(71) Pause Full (System.gc()) 800M->800M(5990M) 626.490ms
[111.222s][info][gc,metaspace] GC(72) Metaspace: 99053K(113280K)->99053K(113280K) NonClass: 78963K(84992K)->78963K(84992K) Class: 20089K(28288K)->20089K(28288K)
[111.222s][info][gc          ] GC(72) Pause Young (System.gc()) 800M->800M(6020M) 2.073ms
[111.847s][info][gc,metaspace] GC(73) Metaspace: 99053K(113280K)->99053K(113280K) NonClass: 78963K(84992K)->78963K(84992K) Class: 20089K(28288K)->20089K(28288K)
[111.847s][info][gc          ] GC(73) Pause Full (System.gc()) 800M->800M(6020M) 624.515ms
[111.849s][info][gc,metaspace] GC(74) Metaspace: 99053K(113280K)->99053K(113280K) NonClass: 78963K(84992K)->78963K(84992K) Class: 20089K(28288K)->20089K(28288K)
[111.849s][info][gc          ] GC(74) Pause Young (System.gc()) 800M->800M(6010M) 2.088ms
[112.479s][info][gc,metaspace] GC(75) Metaspace: 99053K(113280K)->99053K(113280K) NonClass: 78963K(84992K)->78963K(84992K) Class: 20089K(28288K)->20089K(28288K)
[112.480s][info][gc          ] GC(75) Pause Full (System.gc()) 800M->800M(6010M) 630.608ms
[112.480s][info][gc,metaspace] GC(76) Metaspace: 99053K(113280K)->99053K(113280K) NonClass: 78963K(84992K)->78963K(84992K) Class: 20089K(28288K)->20089K(28288K)
[112.481s][info][gc          ] GC(76) Pause Young (System.gc()) 800M->800M(6037M) 0.840ms
[113.115s][info][gc,metaspace] GC(77) Metaspace: 99053K(113280K)->99053K(113280K) NonClass: 78963K(84992K)->78963K(84992K) Class: 20089K(28288K)->20089K(28288K)
[113.115s][info][gc          ] GC(77) Pause Full (System.gc()) 800M->800M(6037M) 634.888ms
[113.116s][info][gc,metaspace] GC(78) Metaspace: 99053K(113280K)->99053K(113280K) NonClass: 78963K(84992K)->78963K(84992K) Class: 20089K(28288K)->20089K(28288K)
[113.116s][info][gc          ] GC(78) Pause Young (System.gc()) 800M->800M(6028M) 0.781ms
[113.761s][info][gc,metaspace] GC(79) Metaspace: 99053K(113280K)->99053K(113280K) NonClass: 78963K(84992K)->78963K(84992K) Class: 20089K(28288K)->20089K(28288K)
[113.761s][info][gc          ] GC(79) Pause Full (System.gc()) 800M->800M(6028M) 644.468ms
[113.767s][info][gc,metaspace] GC(80) Metaspace: 99053K(113280K)->99053K(113280K) NonClass: 78963K(84992K)->78963K(84992K) Class: 20089K(28288K)->20089K(28288K)
[113.767s][info][gc          ] GC(80) Pause Young (System.gc()) 800M->800M(6052M) 1.983ms
[114.420s][info][gc,metaspace] GC(81) Metaspace: 99053K(113280K)->99053K(113280K) NonClass: 78963K(84992K)->78963K(84992K) Class: 20089K(28288K)->20089K(28288K)
[114.420s][info][gc          ] GC(81) Pause Full (System.gc()) 800M->800M(6052M) 653.057ms
[114.421s][info][gc,metaspace] GC(82) Metaspace: 99053K(113280K)->99053K(113280K) NonClass: 78963K(84992K)->78963K(84992K) Class: 20089K(28288K)->20089K(28288K)
[114.421s][info][gc          ] GC(82) Pause Young (System.gc()) 800M->800M(6044M) 0.739ms
[115.052s][info][gc,metaspace] GC(83) Metaspace: 99053K(113280K)->99053K(113280K) NonClass: 78963K(84992K)->78963K(84992K) Class: 20089K(28288K)->20089K(28288K)
[115.052s][info][gc          ] GC(83) Pause Full (System.gc()) 800M->800M(6044M) 630.315ms
[115.054s][info][gc,metaspace] GC(84) Metaspace: 99053K(113280K)->99053K(113280K) NonClass: 78963K(84992K)->78963K(84992K) Class: 20089K(28288K)->20089K(28288K)
[115.054s][info][gc          ] GC(84) Pause Young (System.gc()) 800M->800M(6065M) 2.176ms
[115.675s][info][gc,metaspace] GC(85) Metaspace: 99053K(113280K)->99053K(113280K) NonClass: 78963K(84992K)->78963K(84992K) Class: 20089K(28288K)->20089K(28288K)
[115.675s][info][gc          ] GC(85) Pause Full (System.gc()) 800M->800M(6065M) 620.851ms
[115.677s][info][gc,metaspace] GC(86) Metaspace: 99053K(113280K)->99053K(113280K) NonClass: 78963K(84992K)->78963K(84992K) Class: 20089K(28288K)->20089K(28288K)
[115.677s][info][gc          ] GC(86) Pause Young (System.gc()) 800M->800M(6058M) 2.020ms
[116.309s][info][gc,metaspace] GC(87) Metaspace: 99053K(113280K)->99053K(113280K) NonClass: 78963K(84992K)->78963K(84992K) Class: 20089K(28288K)->20089K(28288K)
[116.309s][info][gc          ] GC(87) Pause Full (System.gc()) 800M->800M(6058M) 631.781ms
[116.310s][info][gc,metaspace] GC(88) Metaspace: 99053K(113280K)->99053K(113280K) NonClass: 78963K(84992K)->78963K(84992K) Class: 20089K(28288K)->20089K(28288K)
[116.310s][info][gc          ] GC(88) Pause Young (System.gc()) 800M->800M(6076M) 0.866ms
[116.939s][info][gc,metaspace] GC(89) Metaspace: 99053K(113280K)->99053K(113280K) NonClass: 78963K(84992K)->78963K(84992K) Class: 20089K(28288K)->20089K(28288K)
[116.939s][info][gc          ] GC(89) Pause Full (System.gc()) 800M->800M(6076M) 629.315ms
[116.941s][info][gc,metaspace] GC(90) Metaspace: 99053K(113280K)->99053K(113280K) NonClass: 78963K(84992K)->78963K(84992K) Class: 20089K(28288K)->20089K(28288K)
[116.942s][info][gc          ] GC(90) Pause Young (System.gc()) 800M->800M(6071M) 2.106ms
[117.571s][info][gc,metaspace] GC(91) Metaspace: 99053K(113280K)->99053K(113280K) NonClass: 78963K(84992K)->78963K(84992K) Class: 20089K(28288K)->20089K(28288K)
[117.571s][info][gc          ] GC(91) Pause Full (System.gc()) 800M->800M(6071M) 629.005ms
[117.573s][info][gc,metaspace] GC(92) Metaspace: 99053K(113280K)->99053K(113280K) NonClass: 78963K(84992K)->78963K(84992K) Class: 20089K(28288K)->20089K(28288K)
[117.573s][info][gc          ] GC(92) Pause Young (System.gc()) 800M->800M(6086M) 1.929ms
[118.182s][info][gc,metaspace] GC(93) Metaspace: 99053K(113280K)->99053K(113280K) NonClass: 78963K(84992K)->78963K(84992K) Class: 20089K(28288K)->20089K(28288K)
[118.182s][info][gc          ] GC(93) Pause Full (System.gc()) 800M->800M(6086M) 609.529ms
[118.184s][info][gc,metaspace] GC(94) Metaspace: 99053K(113280K)->99053K(113280K) NonClass: 78963K(84992K)->78963K(84992K) Class: 20089K(28288K)->20089K(28288K)
[118.184s][info][gc          ] GC(94) Pause Young (System.gc()) 800M->800M(6081M) 1.829ms
[118.809s][info][gc,metaspace] GC(95) Metaspace: 99053K(113280K)->99053K(113280K) NonClass: 78963K(84992K)->78963K(84992K) Class: 20089K(28288K)->20089K(28288K)
[118.809s][info][gc          ] GC(95) Pause Full (System.gc()) 800M->800M(6081M) 625.000ms
[118.816s][info][gc,metaspace] GC(96) Metaspace: 99053K(113280K)->99053K(113280K) NonClass: 78963K(84992K)->78963K(84992K) Class: 20089K(28288K)->20089K(28288K)
[118.816s][info][gc          ] GC(96) Pause Young (System.gc()) 800M->800M(6095M) 2.222ms
[119.455s][info][gc,metaspace] GC(97) Metaspace: 99053K(113280K)->99053K(113280K) NonClass: 78963K(84992K)->78963K(84992K) Class: 20089K(28288K)->20089K(28288K)
[119.455s][info][gc          ] GC(97) Pause Full (System.gc()) 800M->800M(6095M) 638.999ms
[119.457s][info][gc,metaspace] GC(98) Metaspace: 99053K(113280K)->99053K(113280K) NonClass: 78963K(84992K)->78963K(84992K) Class: 20089K(28288K)->20089K(28288K)
[119.457s][info][gc          ] GC(98) Pause Young (System.gc()) 800M->800M(6091M) 2.093ms
[120.093s][info][gc,metaspace] GC(99) Metaspace: 99053K(113280K)->99053K(113280K) NonClass: 78963K(84992K)->78963K(84992K) Class: 20089K(28288K)->20089K(28288K)
[120.093s][info][gc          ] GC(99) Pause Full (System.gc()) 800M->800M(6091M) 635.691ms
[120.095s][info][gc,metaspace] GC(100) Metaspace: 99053K(113280K)->99053K(113280K) NonClass: 78963K(84992K)->78963K(84992K) Class: 20089K(28288K)->20089K(28288K)
[120.095s][info][gc          ] GC(100) Pause Young (System.gc()) 800M->800M(6102M) 2.150ms
[120.735s][info][gc,metaspace] GC(101) Metaspace: 99053K(113280K)->99053K(113280K) NonClass: 78963K(84992K)->78963K(84992K) Class: 20089K(28288K)->20089K(28288K)
[120.735s][info][gc          ] GC(101) Pause Full (System.gc()) 800M->800M(6102M) 640.006ms
[120.737s][info][gc,metaspace] GC(102) Metaspace: 99053K(113280K)->99053K(113280K) NonClass: 78963K(84992K)->78963K(84992K) Class: 20089K(28288K)->20089K(28288K)
[120.737s][info][gc          ] GC(102) Pause Young (System.gc()) 800M->800M(6099M) 1.888ms
[121.446s][info][gc,metaspace] GC(103) Metaspace: 99053K(113280K)->99053K(113280K) NonClass: 78963K(84992K)->78963K(84992K) Class: 20089K(28288K)->20089K(28288K)
[121.446s][info][gc          ] GC(103) Pause Full (System.gc()) 800M->800M(6099M) 708.757ms
[121.447s][info][gc,metaspace] GC(104) Metaspace: 99053K(113280K)->99053K(113280K) NonClass: 78963K(84992K)->78963K(84992K) Class: 20089K(28288K)->20089K(28288K)
[121.447s][info][gc          ] GC(104) Pause Young (System.gc()) 800M->800M(6109M) 0.832ms
[122.246s][info][gc,metaspace] GC(105) Metaspace: 99053K(113280K)->99053K(113280K) NonClass: 78963K(84992K)->78963K(84992K) Class: 20089K(28288K)->20089K(28288K)
[122.246s][info][gc          ] GC(105) Pause Full (System.gc()) 800M->800M(6109M) 798.836ms
[122.247s][info][gc,metaspace] GC(106) Metaspace: 99053K(113280K)->99053K(113280K) NonClass: 78963K(84992K)->78963K(84992K) Class: 20089K(28288K)->20089K(28288K)
[122.247s][info][gc          ] GC(106) Pause Young (System.gc()) 800M->800M(6105M) 0.731ms
[122.883s][info][gc,metaspace] GC(107) Metaspace: 99053K(113280K)->99053K(113280K) NonClass: 78963K(84992K)->78963K(84992K) Class: 20089K(28288K)->20089K(28288K)
[122.884s][info][gc          ] GC(107) Pause Full (System.gc()) 800M->800M(6105M) 636.604ms
[122.886s][info][gc,metaspace] GC(108) Metaspace: 99053K(113280K)->99053K(113280K) NonClass: 78963K(84992K)->78963K(84992K) Class: 20089K(28288K)->20089K(28288K)
[122.886s][info][gc          ] GC(108) Pause Young (System.gc()) 800M->800M(6114M) 2.176ms
[123.521s][info][gc,metaspace] GC(109) Metaspace: 99053K(113280K)->99053K(113280K) NonClass: 78963K(84992K)->78963K(84992K) Class: 20089K(28288K)->20089K(28288K)
[123.521s][info][gc          ] GC(109) Pause Full (System.gc()) 800M->800M(6114M) 634.661ms
[123.523s][info][gc,metaspace] GC(110) Metaspace: 99053K(113280K)->99053K(113280K) NonClass: 78963K(84992K)->78963K(84992K) Class: 20089K(28288K)->20089K(28288K)
[123.523s][info][gc          ] GC(110) Pause Young (System.gc()) 800M->800M(6111M) 2.058ms
[124.337s][info][gc,metaspace] GC(111) Metaspace: 99053K(113280K)->99053K(113280K) NonClass: 78963K(84992K)->78963K(84992K) Class: 20089K(28288K)->20089K(28288K)
[124.337s][info][gc          ] GC(111) Pause Full (System.gc()) 800M->800M(6111M) 814.375ms
[124.344s][info][gc,metaspace] GC(112) Metaspace: 99053K(113280K)->99053K(113280K) NonClass: 78963K(84992K)->78963K(84992K) Class: 20089K(28288K)->20089K(28288K)
[124.344s][info][gc          ] GC(112) Pause Young (System.gc()) 813M->800M(6119M) 1.899ms
[124.980s][info][gc,metaspace] GC(113) Metaspace: 99053K(113280K)->99053K(113280K) NonClass: 78963K(84992K)->78963K(84992K) Class: 20089K(28288K)->20089K(28288K)
[124.980s][info][gc          ] GC(113) Pause Full (System.gc()) 800M->800M(6119M) 636.206ms
[124.982s][info][gc,metaspace] GC(114) Metaspace: 99053K(113280K)->99053K(113280K) NonClass: 78963K(84992K)->78963K(84992K) Class: 20089K(28288K)->20089K(28288K)
[124.982s][info][gc          ] GC(114) Pause Young (System.gc()) 800M->800M(6116M) 2.105ms
[125.630s][info][gc,metaspace] GC(115) Metaspace: 99053K(113280K)->99053K(113280K) NonClass: 78963K(84992K)->78963K(84992K) Class: 20089K(28288K)->20089K(28288K)
[125.630s][info][gc          ] GC(115) Pause Full (System.gc()) 800M->800M(6116M) 647.674ms
[125.632s][info][gc,metaspace] GC(116) Metaspace: 99053K(113280K)->99053K(113280K) NonClass: 78963K(84992K)->78963K(84992K) Class: 20089K(28288K)->20089K(28288K)
[125.632s][info][gc          ] GC(116) Pause Young (System.gc()) 800M->800M(6123M) 1.950ms
[126.243s][info][gc,metaspace] GC(117) Metaspace: 99053K(113280K)->99053K(113280K) NonClass: 78963K(84992K)->78963K(84992K) Class: 20089K(28288K)->20089K(28288K)
[126.243s][info][gc          ] GC(117) Pause Full (System.gc()) 800M->800M(6123M) 611.443ms
[126.245s][info][gc,metaspace] GC(118) Metaspace: 99053K(113280K)->99053K(113280K) NonClass: 78963K(84992K)->78963K(84992K) Class: 20089K(28288K)->20089K(28288K)
[126.246s][info][gc          ] GC(118) Pause Young (System.gc()) 800M->800M(6121M) 1.884ms
[126.869s][info][gc,metaspace] GC(119) Metaspace: 99053K(113280K)->99053K(113280K) NonClass: 78963K(84992K)->78963K(84992K) Class: 20089K(28288K)->20089K(28288K)
[126.869s][info][gc          ] GC(119) Pause Full (System.gc()) 800M->800M(6121M) 623.085ms
[126.871s][info][gc,metaspace] GC(120) Metaspace: 99053K(113280K)->99053K(113280K) NonClass: 78963K(84992K)->78963K(84992K) Class: 20089K(28288K)->20089K(28288K)
[126.871s][info][gc          ] GC(120) Pause Young (System.gc()) 800M->800M(6126M) 2.152ms
[127.500s][info][gc,metaspace] GC(121) Metaspace: 99053K(113280K)->99053K(113280K) NonClass: 78963K(84992K)->78963K(84992K) Class: 20089K(28288K)->20089K(28288K)
[127.500s][info][gc          ] GC(121) Pause Full (System.gc()) 800M->800M(6126M) 629.497ms
[127.501s][info][gc,metaspace] GC(122) Metaspace: 99053K(113280K)->99053K(113280K) NonClass: 78963K(84992K)->78963K(84992K) Class: 20089K(28288K)->20089K(28288K)
[127.501s][info][gc          ] GC(122) Pause Young (System.gc()) 800M->800M(6124M) 0.723ms
[128.123s][info][gc,metaspace] GC(123) Metaspace: 99053K(113280K)->99053K(113280K) NonClass: 78963K(84992K)->78963K(84992K) Class: 20089K(28288K)->20089K(28288K)
[128.123s][info][gc          ] GC(123) Pause Full (System.gc()) 800M->800M(6124M) 621.219ms
[128.125s][info][gc,metaspace] GC(124) Metaspace: 99053K(113280K)->99053K(113280K) NonClass: 78963K(84992K)->78963K(84992K) Class: 20089K(28288K)->20089K(28288K)
[128.125s][info][gc          ] GC(124) Pause Young (System.gc()) 800M->800M(6129M) 2.198ms
[128.759s][info][gc,metaspace] GC(125) Metaspace: 99053K(113280K)->99053K(113280K) NonClass: 78963K(84992K)->78963K(84992K) Class: 20089K(28288K)->20089K(28288K)
[128.759s][info][gc          ] GC(125) Pause Full (System.gc()) 800M->800M(6129M) 634.151ms
[128.761s][info][gc,metaspace] GC(126) Metaspace: 99053K(113280K)->99053K(113280K) NonClass: 78963K(84992K)->78963K(84992K) Class: 20089K(28288K)->20089K(28288K)
[128.761s][info][gc          ] GC(126) Pause Young (System.gc()) 800M->800M(6127M) 2.119ms
[129.383s][info][gc,metaspace] GC(127) Metaspace: 99053K(113280K)->99053K(113280K) NonClass: 78963K(84992K)->78963K(84992K) Class: 20089K(28288K)->20089K(28288K)
[129.383s][info][gc          ] GC(127) Pause Full (System.gc()) 800M->800M(6127M) 621.801ms
[129.390s][info][gc,metaspace] GC(128) Metaspace: 99053K(113280K)->99053K(113280K) NonClass: 78963K(84992K)->78963K(84992K) Class: 20089K(28288K)->20089K(28288K)
[129.390s][info][gc          ] GC(128) Pause Young (System.gc()) 800M->800M(6131M) 1.960ms
[130.029s][info][gc,metaspace] GC(129) Metaspace: 99053K(113280K)->99053K(113280K) NonClass: 78963K(84992K)->78963K(84992K) Class: 20089K(28288K)->20089K(28288K)
[130.029s][info][gc          ] GC(129) Pause Full (System.gc()) 800M->800M(6131M) 639.499ms
[130.031s][info][gc,metaspace] GC(130) Metaspace: 99053K(113280K)->99053K(113280K) NonClass: 78963K(84992K)->78963K(84992K) Class: 20089K(28288K)->20089K(28288K)
[130.031s][info][gc          ] GC(130) Pause Young (System.gc()) 800M->800M(6130M) 1.830ms
[130.673s][info][gc,metaspace] GC(131) Metaspace: 99053K(113280K)->99053K(113280K) NonClass: 78963K(84992K)->78963K(84992K) Class: 20089K(28288K)->20089K(28288K)
[130.673s][info][gc          ] GC(131) Pause Full (System.gc()) 800M->800M(6130M) 641.591ms
[130.675s][info][gc,metaspace] GC(132) Metaspace: 99053K(113280K)->99053K(113280K) NonClass: 78963K(84992K)->78963K(84992K) Class: 20089K(28288K)->20089K(28288K)
[130.675s][info][gc          ] GC(132) Pause Young (System.gc()) 800M->800M(6133M) 1.909ms
[131.305s][info][gc,metaspace] GC(133) Metaspace: 99053K(113280K)->99053K(113280K) NonClass: 78963K(84992K)->78963K(84992K) Class: 20089K(28288K)->20089K(28288K)
[131.305s][info][gc          ] GC(133) Pause Full (System.gc()) 800M->800M(6133M) 629.838ms
[131.306s][info][gc,metaspace] GC(134) Metaspace: 99053K(113280K)->99053K(113280K) NonClass: 78963K(84992K)->78963K(84992K) Class: 20089K(28288K)->20089K(28288K)
[131.306s][info][gc          ] GC(134) Pause Young (System.gc()) 800M->800M(6132M) 0.799ms
[131.940s][info][gc,metaspace] GC(135) Metaspace: 99053K(113280K)->99053K(113280K) NonClass: 78963K(84992K)->78963K(84992K) Class: 20089K(28288K)->20089K(28288K)
[131.940s][info][gc          ] GC(135) Pause Full (System.gc()) 800M->800M(6132M) 634.068ms
[131.942s][info][gc,metaspace] GC(136) Metaspace: 99053K(113280K)->99053K(113280K) NonClass: 78963K(84992K)->78963K(84992K) Class: 20089K(28288K)->20089K(28288K)
[131.942s][info][gc          ] GC(136) Pause Young (System.gc()) 800M->800M(6135M) 2.088ms
[132.557s][info][gc,metaspace] GC(137) Metaspace: 99053K(113280K)->99053K(113280K) NonClass: 78963K(84992K)->78963K(84992K) Class: 20089K(28288K)->20089K(28288K)
[132.557s][info][gc          ] GC(137) Pause Full (System.gc()) 800M->800M(6135M) 614.483ms
[132.559s][info][gc,metaspace] GC(138) Metaspace: 99053K(113280K)->99053K(113280K) NonClass: 78963K(84992K)->78963K(84992K) Class: 20089K(28288K)->20089K(28288K)
[132.559s][info][gc          ] GC(138) Pause Young (System.gc()) 800M->800M(6134M) 2.136ms
[133.185s][info][gc,metaspace] GC(139) Metaspace: 99053K(113280K)->99053K(113280K) NonClass: 78963K(84992K)->78963K(84992K) Class: 20089K(28288K)->20089K(28288K)
[133.185s][info][gc          ] GC(139) Pause Full (System.gc()) 800M->800M(6134M) 626.080ms
[133.187s][info][gc,metaspace] GC(140) Metaspace: 99053K(113280K)->99053K(113280K) NonClass: 78963K(84992K)->78963K(84992K) Class: 20089K(28288K)->20089K(28288K)
[133.187s][info][gc          ] GC(140) Pause Young (System.gc()) 800M->800M(6136M) 1.876ms
[133.815s][info][gc,metaspace] GC(141) Metaspace: 99053K(113280K)->99053K(113280K) NonClass: 78963K(84992K)->78963K(84992K) Class: 20089K(28288K)->20089K(28288K)
[133.815s][info][gc          ] GC(141) Pause Full (System.gc()) 800M->800M(6136M) 627.576ms
[133.817s][info][gc,metaspace] GC(142) Metaspace: 99053K(113280K)->99053K(113280K) NonClass: 78963K(84992K)->78963K(84992K) Class: 20089K(28288K)->20089K(28288K)
[133.817s][info][gc          ] GC(142) Pause Young (System.gc()) 800M->800M(6136M) 2.122ms
[134.446s][info][gc,metaspace] GC(143) Metaspace: 99053K(113280K)->99053K(113280K) NonClass: 78963K(84992K)->78963K(84992K) Class: 20089K(28288K)->20089K(28288K)
[134.446s][info][gc          ] GC(143) Pause Full (System.gc()) 800M->800M(6136M) 628.626ms
[134.452s][info][gc,metaspace] GC(144) Metaspace: 99053K(113280K)->99053K(113280K) NonClass: 78963K(84992K)->78963K(84992K) Class: 20089K(28288K)->20089K(28288K)
[134.452s][info][gc          ] GC(144) Pause Young (System.gc()) 800M->800M(6137M) 2.048ms
[135.106s][info][gc,metaspace] GC(145) Metaspace: 99053K(113280K)->99053K(113280K) NonClass: 78963K(84992K)->78963K(84992K) Class: 20089K(28288K)->20089K(28288K)
[135.106s][info][gc          ] GC(145) Pause Full (System.gc()) 800M->800M(6137M) 653.888ms
[135.108s][info][gc,metaspace] GC(146) Metaspace: 99053K(113280K)->99053K(113280K) NonClass: 78963K(84992K)->78963K(84992K) Class: 20089K(28288K)->20089K(28288K)
[135.108s][info][gc          ] GC(146) Pause Young (System.gc()) 800M->800M(6137M) 1.996ms
[135.796s][info][gc,metaspace] GC(147) Metaspace: 99053K(113280K)->99053K(113280K) NonClass: 78963K(84992K)->78963K(84992K) Class: 20089K(28288K)->20089K(28288K)
[135.796s][info][gc          ] GC(147) Pause Full (System.gc()) 800M->800M(6137M) 687.464ms
[135.798s][info][gc,metaspace] GC(148) Metaspace: 99053K(113280K)->99053K(113280K) NonClass: 78963K(84992K)->78963K(84992K) Class: 20089K(28288K)->20089K(28288K)
[135.798s][info][gc          ] GC(148) Pause Young (System.gc()) 800M->800M(6138M) 1.914ms
[136.420s][info][gc,metaspace] GC(149) Metaspace: 99053K(113280K)->99053K(113280K) NonClass: 78963K(84992K)->78963K(84992K) Class: 20089K(28288K)->20089K(28288K)
[136.420s][info][gc          ] GC(149) Pause Full (System.gc()) 800M->800M(6138M) 622.114ms
[136.422s][info][gc,metaspace] GC(150) Metaspace: 99053K(113280K)->99053K(113280K) NonClass: 78963K(84992K)->78963K(84992K) Class: 20089K(28288K)->20089K(28288K)
[136.422s][info][gc          ] GC(150) Pause Young (System.gc()) 800M->800M(6138M) 1.912ms
[137.057s][info][gc,metaspace] GC(151) Metaspace: 99053K(113280K)->99053K(113280K) NonClass: 78963K(84992K)->78963K(84992K) Class: 20089K(28288K)->20089K(28288K)
[137.057s][info][gc          ] GC(151) Pause Full (System.gc()) 800M->800M(6138M) 634.707ms
[137.059s][info][gc,metaspace] GC(152) Metaspace: 99053K(113280K)->99053K(113280K) NonClass: 78963K(84992K)->78963K(84992K) Class: 20089K(28288K)->20089K(28288K)
[137.059s][info][gc          ] GC(152) Pause Young (System.gc()) 800M->800M(6139M) 2.157ms
[137.692s][info][gc,metaspace] GC(153) Metaspace: 99053K(113280K)->99053K(113280K) NonClass: 78963K(84992K)->78963K(84992K) Class: 20089K(28288K)->20089K(28288K)
[137.692s][info][gc          ] GC(153) Pause Full (System.gc()) 800M->800M(6139M) 632.732ms
[137.694s][info][gc,metaspace] GC(154) Metaspace: 99053K(113280K)->99053K(113280K) NonClass: 78963K(84992K)->78963K(84992K) Class: 20089K(28288K)->20089K(28288K)
[137.694s][info][gc          ] GC(154) Pause Young (System.gc()) 800M->800M(6139M) 2.012ms
[138.326s][info][gc,metaspace] GC(155) Metaspace: 99053K(113280K)->99053K(113280K) NonClass: 78963K(84992K)->78963K(84992K) Class: 20089K(28288K)->20089K(28288K)
[138.326s][info][gc          ] GC(155) Pause Full (System.gc()) 800M->800M(6139M) 631.775ms
[138.328s][info][gc,metaspace] GC(156) Metaspace: 99053K(113280K)->99053K(113280K) NonClass: 78963K(84992K)->78963K(84992K) Class: 20089K(28288K)->20089K(28288K)
[138.328s][info][gc          ] GC(156) Pause Young (System.gc()) 800M->800M(6140M) 2.044ms
[138.960s][info][gc,metaspace] GC(157) Metaspace: 99053K(113280K)->99053K(113280K) NonClass: 78963K(84992K)->78963K(84992K) Class: 20089K(28288K)->20089K(28288K)
[138.960s][info][gc          ] GC(157) Pause Full (System.gc()) 800M->800M(6140M) 631.704ms
[138.962s][info][gc,metaspace] GC(158) Metaspace: 99053K(113280K)->99053K(113280K) NonClass: 78963K(84992K)->78963K(84992K) Class: 20089K(28288K)->20089K(28288K)
[138.962s][info][gc          ] GC(158) Pause Young (System.gc()) 800M->800M(6140M) 1.874ms
[139.574s][info][gc,metaspace] GC(159) Metaspace: 99053K(113280K)->99053K(113280K) NonClass: 78963K(84992K)->78963K(84992K) Class: 20089K(28288K)->20089K(28288K)
[139.574s][info][gc          ] GC(159) Pause Full (System.gc()) 800M->800M(6140M) 612.184ms
[139.580s][info][gc,metaspace] GC(160) Metaspace: 99053K(113280K)->99053K(113280K) NonClass: 78963K(84992K)->78963K(84992K) Class: 20089K(28288K)->20089K(28288K)
[139.580s][info][gc          ] GC(160) Pause Young (System.gc()) 800M->800M(6141M) 1.831ms
[140.209s][info][gc,metaspace] GC(161) Metaspace: 99053K(113280K)->99053K(113280K) NonClass: 78963K(84992K)->78963K(84992K) Class: 20089K(28288K)->20089K(28288K)
[140.209s][info][gc          ] GC(161) Pause Full (System.gc()) 800M->800M(6141M) 628.378ms
[140.211s][info][gc,metaspace] GC(162) Metaspace: 99053K(113280K)->99053K(113280K) NonClass: 78963K(84992K)->78963K(84992K) Class: 20089K(28288K)->20089K(28288K)
[140.211s][info][gc          ] GC(162) Pause Young (System.gc()) 800M->800M(6140M) 2.067ms
[140.836s][info][gc,metaspace] GC(163) Metaspace: 99053K(113280K)->99053K(113280K) NonClass: 78963K(84992K)->78963K(84992K) Class: 20089K(28288K)->20089K(28288K)
[140.837s][info][gc          ] GC(163) Pause Full (System.gc()) 800M->800M(6140M) 625.470ms
[140.839s][info][gc,metaspace] GC(164) Metaspace: 99053K(113280K)->99053K(113280K) NonClass: 78963K(84992K)->78963K(84992K) Class: 20089K(28288K)->20089K(28288K)
[140.839s][info][gc          ] GC(164) Pause Young (System.gc()) 800M->800M(6141M) 1.938ms
[141.481s][info][gc,metaspace] GC(165) Metaspace: 99053K(113280K)->99053K(113280K) NonClass: 78963K(84992K)->78963K(84992K) Class: 20089K(28288K)->20089K(28288K)
[141.481s][info][gc          ] GC(165) Pause Full (System.gc()) 800M->800M(6141M) 642.064ms
[141.483s][info][gc,metaspace] GC(166) Metaspace: 99053K(113280K)->99053K(113280K) NonClass: 78963K(84992K)->78963K(84992K) Class: 20089K(28288K)->20089K(28288K)
[141.483s][info][gc          ] GC(166) Pause Young (System.gc()) 800M->800M(6141M) 1.866ms
[142.106s][info][gc,metaspace] GC(167) Metaspace: 99053K(113280K)->99053K(113280K) NonClass: 78963K(84992K)->78963K(84992K) Class: 20089K(28288K)->20089K(28288K)
[142.106s][info][gc          ] GC(167) Pause Full (System.gc()) 800M->800M(6141M) 623.633ms
[142.109s][info][gc,metaspace] GC(168) Metaspace: 99053K(113280K)->99053K(113280K) NonClass: 78963K(84992K)->78963K(84992K) Class: 20089K(28288K)->20089K(28288K)
[142.109s][info][gc          ] GC(168) Pause Young (System.gc()) 800M->800M(6141M) 2.135ms
[142.747s][info][gc,metaspace] GC(169) Metaspace: 99053K(113280K)->99053K(113280K) NonClass: 78963K(84992K)->78963K(84992K) Class: 20089K(28288K)->20089K(28288K)
[142.747s][info][gc          ] GC(169) Pause Full (System.gc()) 800M->800M(6141M) 638.180ms
[142.748s][info][gc,metaspace] GC(170) Metaspace: 99053K(113280K)->99053K(113280K) NonClass: 78963K(84992K)->78963K(84992K) Class: 20089K(28288K)->20089K(28288K)
[142.748s][info][gc          ] GC(170) Pause Young (System.gc()) 800M->800M(6141M) 0.711ms
[143.406s][info][gc,metaspace] GC(171) Metaspace: 99053K(113280K)->99053K(113280K) NonClass: 78963K(84992K)->78963K(84992K) Class: 20089K(28288K)->20089K(28288K)
[143.406s][info][gc          ] GC(171) Pause Full (System.gc()) 800M->800M(6141M) 658.204ms
[143.407s][info][gc,metaspace] GC(172) Metaspace: 99053K(113280K)->99053K(113280K) NonClass: 78963K(84992K)->78963K(84992K) Class: 20089K(28288K)->20089K(28288K)
[143.407s][info][gc          ] GC(172) Pause Young (System.gc()) 800M->800M(6142M) 0.778ms
[144.024s][info][gc,metaspace] GC(173) Metaspace: 99053K(113280K)->99053K(113280K) NonClass: 78963K(84992K)->78963K(84992K) Class: 20089K(28288K)->20089K(28288K)
[144.024s][info][gc          ] GC(173) Pause Full (System.gc()) 800M->800M(6142M) 617.165ms
[144.026s][info][gc,metaspace] GC(174) Metaspace: 99053K(113280K)->99053K(113280K) NonClass: 78963K(84992K)->78963K(84992K) Class: 20089K(28288K)->20089K(28288K)
[144.026s][info][gc          ] GC(174) Pause Young (System.gc()) 800M->800M(6142M) 1.856ms
[144.673s][info][gc,metaspace] GC(175) Metaspace: 99053K(113280K)->99053K(113280K) NonClass: 78963K(84992K)->78963K(84992K) Class: 20089K(28288K)->20089K(28288K)
[144.673s][info][gc          ] GC(175) Pause Full (System.gc()) 800M->800M(6142M) 646.636ms
[144.675s][info][gc,metaspace] GC(176) Metaspace: 99053K(113280K)->99053K(113280K) NonClass: 78963K(84992K)->78963K(84992K) Class: 20089K(28288K)->20089K(28288K)
[144.675s][info][gc          ] GC(176) Pause Young (System.gc()) 800M->800M(6142M) 2.033ms
[145.407s][info][gc,metaspace] GC(177) Metaspace: 99053K(113280K)->99053K(113280K) NonClass: 78963K(84992K)->78963K(84992K) Class: 20089K(28288K)->20089K(28288K)
[145.407s][info][gc          ] GC(177) Pause Full (System.gc()) 800M->800M(6142M) 731.978ms
[145.408s][info][gc,metaspace] GC(178) Metaspace: 99053K(113280K)->99053K(113280K) NonClass: 78963K(84992K)->78963K(84992K) Class: 20089K(28288K)->20089K(28288K)
[145.408s][info][gc          ] GC(178) Pause Young (System.gc()) 800M->800M(6142M) 0.717ms
[146.052s][info][gc,metaspace] GC(179) Metaspace: 99053K(113280K)->99053K(113280K) NonClass: 78963K(84992K)->78963K(84992K) Class: 20089K(28288K)->20089K(28288K)
[146.052s][info][gc          ] GC(179) Pause Full (System.gc()) 800M->800M(6142M) 644.393ms
[146.055s][info][gc,metaspace] GC(180) Metaspace: 99053K(113280K)->99053K(113280K) NonClass: 78963K(84992K)->78963K(84992K) Class: 20089K(28288K)->20089K(28288K)
[146.055s][info][gc          ] GC(180) Pause Young (System.gc()) 800M->800M(6142M) 2.069ms
[146.688s][info][gc,metaspace] GC(181) Metaspace: 99053K(113280K)->99053K(113280K) NonClass: 78963K(84992K)->78963K(84992K) Class: 20089K(28288K)->20089K(28288K)
[146.688s][info][gc          ] GC(181) Pause Full (System.gc()) 800M->800M(6142M) 633.714ms
[146.691s][info][gc,metaspace] GC(182) Metaspace: 99053K(113280K)->99053K(113280K) NonClass: 78963K(84992K)->78963K(84992K) Class: 20089K(28288K)->20089K(28288K)
[146.691s][info][gc          ] GC(182) Pause Young (System.gc()) 800M->800M(6142M) 2.068ms
[147.490s][info][gc,metaspace] GC(183) Metaspace: 99053K(113280K)->99053K(113280K) NonClass: 78963K(84992K)->78963K(84992K) Class: 20089K(28288K)->20089K(28288K)
[147.490s][info][gc          ] GC(183) Pause Full (System.gc()) 800M->800M(6142M) 799.102ms
[147.492s][info][gc,metaspace] GC(184) Metaspace: 99053K(113280K)->99053K(113280K) NonClass: 78963K(84992K)->78963K(84992K) Class: 20089K(28288K)->20089K(28288K)
[147.492s][info][gc          ] GC(184) Pause Young (System.gc()) 800M->800M(6143M) 1.927ms
[148.128s][info][gc,metaspace] GC(185) Metaspace: 99053K(113280K)->99053K(113280K) NonClass: 78963K(84992K)->78963K(84992K) Class: 20089K(28288K)->20089K(28288K)
[148.128s][info][gc          ] GC(185) Pause Full (System.gc()) 800M->800M(6143M) 636.234ms
[148.129s][info][gc,metaspace] GC(186) Metaspace: 99053K(113280K)->99053K(113280K) NonClass: 78963K(84992K)->78963K(84992K) Class: 20089K(28288K)->20089K(28288K)
[148.129s][info][gc          ] GC(186) Pause Young (System.gc()) 800M->800M(6142M) 0.736ms
[148.761s][info][gc,metaspace] GC(187) Metaspace: 99053K(113280K)->99053K(113280K) NonClass: 78963K(84992K)->78963K(84992K) Class: 20089K(28288K)->20089K(28288K)
[148.761s][info][gc          ] GC(187) Pause Full (System.gc()) 800M->800M(6142M) 631.760ms
[148.763s][info][gc,metaspace] GC(188) Metaspace: 99053K(113280K)->99053K(113280K) NonClass: 78963K(84992K)->78963K(84992K) Class: 20089K(28288K)->20089K(28288K)
[148.763s][info][gc          ] GC(188) Pause Young (System.gc()) 800M->800M(6143M) 1.940ms
[149.394s][info][gc,metaspace] GC(189) Metaspace: 99053K(113280K)->99053K(113280K) NonClass: 78963K(84992K)->78963K(84992K) Class: 20089K(28288K)->20089K(28288K)
[149.394s][info][gc          ] GC(189) Pause Full (System.gc()) 800M->800M(6143M) 631.506ms
[149.397s][info][gc,metaspace] GC(190) Metaspace: 99053K(113280K)->99053K(113280K) NonClass: 78963K(84992K)->78963K(84992K) Class: 20089K(28288K)->20089K(28288K)
[149.397s][info][gc          ] GC(190) Pause Young (System.gc()) 800M->800M(6143M) 2.079ms
[150.010s][info][gc,metaspace] GC(191) Metaspace: 99053K(113280K)->99053K(113280K) NonClass: 78963K(84992K)->78963K(84992K) Class: 20089K(28288K)->20089K(28288K)
[150.010s][info][gc          ] GC(191) Pause Full (System.gc()) 800M->800M(6143M) 613.768ms
[150.017s][info][gc,metaspace] GC(192) Metaspace: 99053K(113280K)->99053K(113280K) NonClass: 78963K(84992K)->78963K(84992K) Class: 20089K(28288K)->20089K(28288K)
[150.017s][info][gc          ] GC(192) Pause Young (System.gc()) 800M->800M(6143M) 2.024ms
[150.681s][info][gc,metaspace] GC(193) Metaspace: 99053K(113280K)->99053K(113280K) NonClass: 78963K(84992K)->78963K(84992K) Class: 20089K(28288K)->20089K(28288K)
[150.681s][info][gc          ] GC(193) Pause Full (System.gc()) 800M->800M(6143M) 664.220ms
[150.682s][info][gc,metaspace] GC(194) Metaspace: 99053K(113280K)->99053K(113280K) NonClass: 78963K(84992K)->78963K(84992K) Class: 20089K(28288K)->20089K(28288K)
[150.682s][info][gc          ] GC(194) Pause Young (System.gc()) 800M->800M(6143M) 0.803ms
[151.314s][info][gc,metaspace] GC(195) Metaspace: 99053K(113280K)->99053K(113280K) NonClass: 78963K(84992K)->78963K(84992K) Class: 20089K(28288K)->20089K(28288K)
[151.315s][info][gc          ] GC(195) Pause Full (System.gc()) 800M->800M(6143M) 632.362ms
[151.317s][info][gc,metaspace] GC(196) Metaspace: 99053K(113280K)->99053K(113280K) NonClass: 78963K(84992K)->78963K(84992K) Class: 20089K(28288K)->20089K(28288K)
[151.317s][info][gc          ] GC(196) Pause Young (System.gc()) 800M->800M(6143M) 1.929ms
[151.933s][info][gc,metaspace] GC(197) Metaspace: 99053K(113280K)->99053K(113280K) NonClass: 78963K(84992K)->78963K(84992K) Class: 20089K(28288K)->20089K(28288K)
[151.933s][info][gc          ] GC(197) Pause Full (System.gc()) 800M->800M(6143M) 616.252ms
[151.935s][info][gc,metaspace] GC(198) Metaspace: 99053K(113280K)->99053K(113280K) NonClass: 78963K(84992K)->78963K(84992K) Class: 20089K(28288K)->20089K(28288K)
[151.935s][info][gc          ] GC(198) Pause Young (System.gc()) 800M->800M(6143M) 1.926ms
[152.565s][info][gc,metaspace] GC(199) Metaspace: 99053K(113280K)->99053K(113280K) NonClass: 78963K(84992K)->78963K(84992K) Class: 20089K(28288K)->20089K(28288K)
[152.565s][info][gc          ] GC(199) Pause Full (System.gc()) 800M->800M(6143M) 630.030ms
[152.567s][info][gc,metaspace] GC(200) Metaspace: 99053K(113280K)->99053K(113280K) NonClass: 78963K(84992K)->78963K(84992K) Class: 20089K(28288K)->20089K(28288K)
[152.567s][info][gc          ] GC(200) Pause Young (System.gc()) 800M->800M(6143M) 2.125ms
[153.210s][info][gc,metaspace] GC(201) Metaspace: 99053K(113280K)->99053K(113280K) NonClass: 78963K(84992K)->78963K(84992K) Class: 20089K(28288K)->20089K(28288K)
[153.210s][info][gc          ] GC(201) Pause Full (System.gc()) 800M->800M(6143M) 642.440ms
[153.211s][info][gc,metaspace] GC(202) Metaspace: 99053K(113280K)->99053K(113280K) NonClass: 78963K(84992K)->78963K(84992K) Class: 20089K(28288K)->20089K(28288K)
[153.211s][info][gc          ] GC(202) Pause Young (System.gc()) 800M->800M(6143M) 0.714ms
[153.836s][info][gc,metaspace] GC(203) Metaspace: 99053K(113280K)->99053K(113280K) NonClass: 78963K(84992K)->78963K(84992K) Class: 20089K(28288K)->20089K(28288K)
[153.836s][info][gc          ] GC(203) Pause Full (System.gc()) 800M->800M(6143M) 625.184ms
[153.838s][info][gc,metaspace] GC(204) Metaspace: 99053K(113280K)->99053K(113280K) NonClass: 78963K(84992K)->78963K(84992K) Class: 20089K(28288K)->20089K(28288K)
[153.838s][info][gc          ] GC(204) Pause Young (System.gc()) 800M->800M(6143M) 2.137ms
[154.453s][info][gc,metaspace] GC(205) Metaspace: 99053K(113280K)->99053K(113280K) NonClass: 78963K(84992K)->78963K(84992K) Class: 20089K(28288K)->20089K(28288K)
[154.453s][info][gc          ] GC(205) Pause Full (System.gc()) 800M->800M(6143M) 615.193ms
[154.456s][info][gc,metaspace] GC(206) Metaspace: 99053K(113280K)->99053K(113280K) NonClass: 78963K(84992K)->78963K(84992K) Class: 20089K(28288K)->20089K(28288K)
[154.456s][info][gc          ] GC(206) Pause Young (System.gc()) 800M->800M(6143M) 2.152ms
[155.090s][info][gc,metaspace] GC(207) Metaspace: 99053K(113280K)->99053K(113280K) NonClass: 78963K(84992K)->78963K(84992K) Class: 20089K(28288K)->20089K(28288K)
[155.091s][info][gc          ] GC(207) Pause Full (System.gc()) 800M->800M(6143M) 634.727ms
[155.091s][info][gc,metaspace] GC(208) Metaspace: 99053K(113280K)->99053K(113280K) NonClass: 78963K(84992K)->78963K(84992K) Class: 20089K(28288K)->20089K(28288K)
[155.091s][info][gc          ] GC(208) Pause Young (System.gc()) 800M->800M(6143M) 0.745ms
[155.742s][info][gc,metaspace] GC(209) Metaspace: 99053K(113280K)->99053K(113280K) NonClass: 78963K(84992K)->78963K(84992K) Class: 20089K(28288K)->20089K(28288K)
[155.742s][info][gc          ] GC(209) Pause Full (System.gc()) 800M->800M(6143M) 650.327ms
[155.743s][info][gc,metaspace] GC(210) Metaspace: 99053K(113280K)->99053K(113280K) NonClass: 78963K(84992K)->78963K(84992K) Class: 20089K(28288K)->20089K(28288K)
[155.743s][info][gc          ] GC(210) Pause Young (System.gc()) 800M->800M(6143M) 0.720ms
[156.388s][info][gc,metaspace] GC(211) Metaspace: 99053K(113280K)->99053K(113280K) NonClass: 78963K(84992K)->78963K(84992K) Class: 20089K(28288K)->20089K(28288K)
[156.388s][info][gc          ] GC(211) Pause Full (System.gc()) 800M->800M(6143M) 645.643ms
[156.390s][info][gc,metaspace] GC(212) Metaspace: 99053K(113280K)->99053K(113280K) NonClass: 78963K(84992K)->78963K(84992K) Class: 20089K(28288K)->20089K(28288K)
[156.390s][info][gc          ] GC(212) Pause Young (System.gc()) 800M->800M(6143M) 1.836ms
[157.015s][info][gc,metaspace] GC(213) Metaspace: 99053K(113280K)->99053K(113280K) NonClass: 78963K(84992K)->78963K(84992K) Class: 20089K(28288K)->20089K(28288K)
[157.015s][info][gc          ] GC(213) Pause Full (System.gc()) 800M->800M(6143M) 624.732ms
[157.017s][info][gc,metaspace] GC(214) Metaspace: 99053K(113280K)->99053K(113280K) NonClass: 78963K(84992K)->78963K(84992K) Class: 20089K(28288K)->20089K(28288K)
[157.017s][info][gc          ] GC(214) Pause Young (System.gc()) 800M->800M(6143M) 2.150ms
[157.642s][info][gc,metaspace] GC(215) Metaspace: 99053K(113280K)->99053K(113280K) NonClass: 78963K(84992K)->78963K(84992K) Class: 20089K(28288K)->20089K(28288K)
[157.642s][info][gc          ] GC(215) Pause Full (System.gc()) 800M->800M(6143M) 624.613ms
[157.644s][info][gc,metaspace] GC(216) Metaspace: 99053K(113280K)->99053K(113280K) NonClass: 78963K(84992K)->78963K(84992K) Class: 20089K(28288K)->20089K(28288K)
[157.644s][info][gc          ] GC(216) Pause Young (System.gc()) 800M->800M(6143M) 2.104ms
[158.281s][info][gc,metaspace] GC(217) Metaspace: 99053K(113280K)->99053K(113280K) NonClass: 78963K(84992K)->78963K(84992K) Class: 20089K(28288K)->20089K(28288K)
[158.281s][info][gc          ] GC(217) Pause Full (System.gc()) 800M->800M(6143M) 637.012ms
[158.283s][info][gc,metaspace] GC(218) Metaspace: 99053K(113280K)->99053K(113280K) NonClass: 78963K(84992K)->78963K(84992K) Class: 20089K(28288K)->20089K(28288K)
[158.283s][info][gc          ] GC(218) Pause Young (System.gc()) 800M->800M(6143M) 1.841ms
[158.900s][info][gc,metaspace] GC(219) Metaspace: 99053K(113280K)->99053K(113280K) NonClass: 78963K(84992K)->78963K(84992K) Class: 20089K(28288K)->20089K(28288K)
[158.900s][info][gc          ] GC(219) Pause Full (System.gc()) 800M->800M(6143M) 616.502ms
[158.901s][info][gc,metaspace] GC(220) Metaspace: 99053K(113280K)->99053K(113280K) NonClass: 78963K(84992K)->78963K(84992K) Class: 20089K(28288K)->20089K(28288K)
[158.901s][info][gc          ] GC(220) Pause Young (System.gc()) 800M->800M(6143M) 0.718ms
[159.526s][info][gc,metaspace] GC(221) Metaspace: 99053K(113280K)->99053K(113280K) NonClass: 78963K(84992K)->78963K(84992K) Class: 20089K(28288K)->20089K(28288K)
[159.526s][info][gc          ] GC(221) Pause Full (System.gc()) 800M->800M(6143M) 625.148ms
[159.528s][info][gc,metaspace] GC(222) Metaspace: 99053K(113280K)->99053K(113280K) NonClass: 78963K(84992K)->78963K(84992K) Class: 20089K(28288K)->20089K(28288K)
[159.528s][info][gc          ] GC(222) Pause Young (System.gc()) 800M->800M(6143M) 1.947ms
[160.161s][info][gc,metaspace] GC(223) Metaspace: 99053K(113280K)->99053K(113280K) NonClass: 78963K(84992K)->78963K(84992K) Class: 20089K(28288K)->20089K(28288K)
[160.166s][info][gc          ] GC(223) Pause Full (System.gc()) 800M->800M(6143M) 637.454ms
[160.167s][info][gc,metaspace] GC(224) Metaspace: 99053K(113280K)->99053K(113280K) NonClass: 78963K(84992K)->78963K(84992K) Class: 20089K(28288K)->20089K(28288K)
[160.167s][info][gc          ] GC(224) Pause Young (System.gc()) 800M->800M(6143M) 0.774ms
[160.828s][info][gc,metaspace] GC(225) Metaspace: 99053K(113280K)->99053K(113280K) NonClass: 78963K(84992K)->78963K(84992K) Class: 20089K(28288K)->20089K(28288K)
[160.828s][info][gc          ] GC(225) Pause Full (System.gc()) 800M->800M(6143M) 661.600ms
[160.830s][info][gc,metaspace] GC(226) Metaspace: 99053K(113280K)->99053K(113280K) NonClass: 78963K(84992K)->78963K(84992K) Class: 20089K(28288K)->20089K(28288K)
[160.830s][info][gc          ] GC(226) Pause Young (System.gc()) 800M->800M(6143M) 2.088ms
[161.470s][info][gc,metaspace] GC(227) Metaspace: 99053K(113280K)->99053K(113280K) NonClass: 78963K(84992K)->78963K(84992K) Class: 20089K(28288K)->20089K(28288K)
[161.470s][info][gc          ] GC(227) Pause Full (System.gc()) 800M->800M(6143M) 639.674ms
[161.472s][info][gc,metaspace] GC(228) Metaspace: 99053K(113280K)->99053K(113280K) NonClass: 78963K(84992K)->78963K(84992K) Class: 20089K(28288K)->20089K(28288K)
[161.472s][info][gc          ] GC(228) Pause Young (System.gc()) 800M->800M(6143M) 1.796ms
[162.096s][info][gc,metaspace] GC(229) Metaspace: 99053K(113280K)->99053K(113280K) NonClass: 78963K(84992K)->78963K(84992K) Class: 20089K(28288K)->20089K(28288K)
[162.096s][info][gc          ] GC(229) Pause Full (System.gc()) 800M->800M(6143M) 623.821ms
[162.097s][info][gc,metaspace] GC(230) Metaspace: 99053K(113280K)->99053K(113280K) NonClass: 78963K(84992K)->78963K(84992K) Class: 20089K(28288K)->20089K(28288K)
[162.097s][info][gc          ] GC(230) Pause Young (System.gc()) 800M->800M(6143M) 0.714ms
[162.730s][info][gc,metaspace] GC(231) Metaspace: 99053K(113280K)->99053K(113280K) NonClass: 78963K(84992K)->78963K(84992K) Class: 20089K(28288K)->20089K(28288K)
[162.730s][info][gc          ] GC(231) Pause Full (System.gc()) 800M->800M(6143M) 633.345ms
[162.732s][info][gc,metaspace] GC(232) Metaspace: 99053K(113280K)->99053K(113280K) NonClass: 78963K(84992K)->78963K(84992K) Class: 20089K(28288K)->20089K(28288K)
[162.732s][info][gc          ] GC(232) Pause Young (System.gc()) 800M->800M(6143M) 2.022ms
[163.361s][info][gc,metaspace] GC(233) Metaspace: 99053K(113280K)->99053K(113280K) NonClass: 78963K(84992K)->78963K(84992K) Class: 20089K(28288K)->20089K(28288K)
[163.361s][info][gc          ] GC(233) Pause Full (System.gc()) 800M->800M(6143M) 628.338ms
After GCs... 
