Done; will start GCs... 
[100.802s][info][gc,metaspace] GC(34) Metaspace: 101168K(115456K)->101168K(115456K) NonClass: 72643K(78656K)->72643K(78656K) Class: 28525K(36800K)->28525K(36800K)
[100.802s][info][gc          ] GC(34) Pause Young (System.gc()) 1033M->1006M(5928M) 517.912ms
[102.425s][info][gc,metaspace] GC(35) Metaspace: 101168K(115456K)->101168K(115456K) NonClass: 72643K(78656K)->72643K(78656K) Class: 28525K(36800K)->28525K(36800K)
[102.425s][info][gc          ] GC(35) Pause Full (System.gc()) 1006M->800M(5928M) 1623.256ms
[102.428s][info][gc,metaspace] GC(36) Metaspace: 101168K(115456K)->101168K(115456K) NonClass: 72643K(78656K)->72643K(78656K) Class: 28525K(36800K)->28525K(36800K)
[102.428s][info][gc          ] GC(36) Pause Young (System.gc()) 800M->800M(5676M) 2.359ms
[103.229s][info][gc,metaspace] GC(37) Metaspace: 101168K(115456K)->101168K(115456K) NonClass: 72643K(78656K)->72643K(78656K) Class: 28525K(36800K)->28525K(36800K)
[103.229s][info][gc          ] GC(37) Pause Full (System.gc()) 800M->800M(5676M) 801.259ms
[103.232s][info][gc,metaspace] GC(38) Metaspace: 101168K(115456K)->101168K(115456K) NonClass: 72643K(78656K)->72643K(78656K) Class: 28525K(36800K)->28525K(36800K)
[103.232s][info][gc          ] GC(38) Pause Young (System.gc()) 800M->800M(5802M) 2.206ms
[103.959s][info][gc,metaspace] GC(39) Metaspace: 101168K(115456K)->101168K(115456K) NonClass: 72643K(78656K)->72643K(78656K) Class: 28525K(36800K)->28525K(36800K)
[103.959s][info][gc          ] GC(39) Pause Full (System.gc()) 800M->800M(5802M) 727.730ms
[103.961s][info][gc,metaspace] GC(40) Metaspace: 101168K(115456K)->101168K(115456K) NonClass: 72643K(78656K)->72643K(78656K) Class: 28525K(36800K)->28525K(36800K)
[103.962s][info][gc          ] GC(40) Pause Young (System.gc()) 800M->800M(5823M) 2.060ms
[104.699s][info][gc,metaspace] GC(41) Metaspace: 101168K(115456K)->101168K(115456K) NonClass: 72643K(78656K)->72643K(78656K) Class: 28525K(36800K)->28525K(36800K)
[104.700s][info][gc          ] GC(41) Pause Full (System.gc()) 800M->800M(5823M) 737.986ms
[104.702s][info][gc,metaspace] GC(42) Metaspace: 101168K(115456K)->101168K(115456K) NonClass: 72643K(78656K)->72643K(78656K) Class: 28525K(36800K)->28525K(36800K)
[104.702s][info][gc          ] GC(42) Pause Young (System.gc()) 800M->800M(5812M) 1.852ms
[105.416s][info][gc,metaspace] GC(43) Metaspace: 101168K(115456K)->101168K(115456K) NonClass: 72643K(78656K)->72643K(78656K) Class: 28525K(36800K)->28525K(36800K)
[105.416s][info][gc          ] GC(43) Pause Full (System.gc()) 800M->800M(5812M) 714.874ms
[105.423s][info][gc,metaspace] GC(44) Metaspace: 101168K(115456K)->101168K(115456K) NonClass: 72643K(78656K)->72643K(78656K) Class: 28525K(36800K)->28525K(36800K)
[105.423s][info][gc          ] GC(44) Pause Young (System.gc()) 800M->800M(5849M) 2.087ms
[106.334s][info][gc,metaspace] GC(45) Metaspace: 101168K(115456K)->101168K(115456K) NonClass: 72643K(78656K)->72643K(78656K) Class: 28525K(36800K)->28525K(36800K)
[106.334s][info][gc          ] GC(45) Pause Full (System.gc()) 800M->800M(5849M) 911.014ms
[106.335s][info][gc,metaspace] GC(46) Metaspace: 101168K(115456K)->101168K(115456K) NonClass: 72643K(78656K)->72643K(78656K) Class: 28525K(36800K)->28525K(36800K)
[106.335s][info][gc          ] GC(46) Pause Young (System.gc()) 800M->800M(5835M) 0.816ms
[107.066s][info][gc,metaspace] GC(47) Metaspace: 101168K(115456K)->101168K(115456K) NonClass: 72643K(78656K)->72643K(78656K) Class: 28525K(36800K)->28525K(36800K)
[107.066s][info][gc          ] GC(47) Pause Full (System.gc()) 800M->800M(5835M) 730.706ms
[107.068s][info][gc,metaspace] GC(48) Metaspace: 101168K(115456K)->101168K(115456K) NonClass: 72643K(78656K)->72643K(78656K) Class: 28525K(36800K)->28525K(36800K)
[107.068s][info][gc          ] GC(48) Pause Young (System.gc()) 800M->800M(5876M) 1.986ms
[107.816s][info][gc,metaspace] GC(49) Metaspace: 101168K(115456K)->101168K(115456K) NonClass: 72643K(78656K)->72643K(78656K) Class: 28525K(36800K)->28525K(36800K)
[107.816s][info][gc          ] GC(49) Pause Full (System.gc()) 800M->800M(5876M) 748.029ms
[107.818s][info][gc,metaspace] GC(50) Metaspace: 101168K(115456K)->101168K(115456K) NonClass: 72643K(78656K)->72643K(78656K) Class: 28525K(36800K)->28525K(36800K)
[107.818s][info][gc          ] GC(50) Pause Young (System.gc()) 800M->800M(5862M) 2.026ms
[108.556s][info][gc,metaspace] GC(51) Metaspace: 101168K(115456K)->101168K(115456K) NonClass: 72643K(78656K)->72643K(78656K) Class: 28525K(36800K)->28525K(36800K)
[108.556s][info][gc          ] GC(51) Pause Full (System.gc()) 800M->800M(5862M) 737.436ms
[108.557s][info][gc,metaspace] GC(52) Metaspace: 101168K(115456K)->101168K(115456K) NonClass: 72643K(78656K)->72643K(78656K) Class: 28525K(36800K)->28525K(36800K)
[108.557s][info][gc          ] GC(52) Pause Young (System.gc()) 800M->800M(5904M) 0.861ms
[109.314s][info][gc,metaspace] GC(53) Metaspace: 101168K(115456K)->101168K(115456K) NonClass: 72643K(78656K)->72643K(78656K) Class: 28525K(36800K)->28525K(36800K)
[109.314s][info][gc          ] GC(53) Pause Full (System.gc()) 800M->800M(5904M) 757.039ms
[109.316s][info][gc,metaspace] GC(54) Metaspace: 101168K(115456K)->101168K(115456K) NonClass: 72643K(78656K)->72643K(78656K) Class: 28525K(36800K)->28525K(36800K)
[109.316s][info][gc          ] GC(54) Pause Young (System.gc()) 800M->800M(5890M) 2.107ms
[110.068s][info][gc,metaspace] GC(55) Metaspace: 101168K(115456K)->101168K(115456K) NonClass: 72643K(78656K)->72643K(78656K) Class: 28525K(36800K)->28525K(36800K)
[110.068s][info][gc          ] GC(55) Pause Full (System.gc()) 800M->800M(5890M) 751.631ms
[110.070s][info][gc,metaspace] GC(56) Metaspace: 101168K(115456K)->101168K(115456K) NonClass: 72643K(78656K)->72643K(78656K) Class: 28525K(36800K)->28525K(36800K)
[110.070s][info][gc          ] GC(56) Pause Young (System.gc()) 800M->800M(5931M) 2.233ms
[110.817s][info][gc,metaspace] GC(57) Metaspace: 101168K(115456K)->101168K(115456K) NonClass: 72643K(78656K)->72643K(78656K) Class: 28525K(36800K)->28525K(36800K)
[110.817s][info][gc          ] GC(57) Pause Full (System.gc()) 800M->800M(5931M) 746.860ms
[110.823s][info][gc,metaspace] GC(58) Metaspace: 101168K(115456K)->101168K(115456K) NonClass: 72643K(78656K)->72643K(78656K) Class: 28525K(36800K)->28525K(36800K)
[110.823s][info][gc          ] GC(58) Pause Young (System.gc()) 800M->800M(5917M) 1.893ms
[111.601s][info][gc,metaspace] GC(59) Metaspace: 101168K(115456K)->101168K(115456K) NonClass: 72643K(78656K)->72643K(78656K) Class: 28525K(36800K)->28525K(36800K)
[111.601s][info][gc          ] GC(59) Pause Full (System.gc()) 800M->800M(5917M) 777.920ms
[111.603s][info][gc,metaspace] GC(60) Metaspace: 101168K(115456K)->101168K(115456K) NonClass: 72643K(78656K)->72643K(78656K) Class: 28525K(36800K)->28525K(36800K)
[111.603s][info][gc          ] GC(60) Pause Young (System.gc()) 800M->800M(5956M) 1.935ms
[112.340s][info][gc,metaspace] GC(61) Metaspace: 101168K(115456K)->101168K(115456K) NonClass: 72643K(78656K)->72643K(78656K) Class: 28525K(36800K)->28525K(36800K)
[112.340s][info][gc          ] GC(61) Pause Full (System.gc()) 800M->800M(5956M) 736.292ms
[112.341s][info][gc,metaspace] GC(62) Metaspace: 101168K(115456K)->101168K(115456K) NonClass: 72643K(78656K)->72643K(78656K) Class: 28525K(36800K)->28525K(36800K)
[112.341s][info][gc          ] GC(62) Pause Young (System.gc()) 800M->800M(5943M) 0.840ms
[113.084s][info][gc,metaspace] GC(63) Metaspace: 101168K(115456K)->101168K(115456K) NonClass: 72643K(78656K)->72643K(78656K) Class: 28525K(36800K)->28525K(36800K)
[113.084s][info][gc          ] GC(63) Pause Full (System.gc()) 800M->800M(5943M) 743.447ms
[113.086s][info][gc,metaspace] GC(64) Metaspace: 101168K(115456K)->101168K(115456K) NonClass: 72643K(78656K)->72643K(78656K) Class: 28525K(36800K)->28525K(36800K)
[113.086s][info][gc          ] GC(64) Pause Young (System.gc()) 800M->800M(5979M) 1.969ms
[113.824s][info][gc,metaspace] GC(65) Metaspace: 101168K(115456K)->101168K(115456K) NonClass: 72643K(78656K)->72643K(78656K) Class: 28525K(36800K)->28525K(36800K)
[113.824s][info][gc          ] GC(65) Pause Full (System.gc()) 800M->800M(5979M) 737.862ms
[113.826s][info][gc,metaspace] GC(66) Metaspace: 101168K(115456K)->101168K(115456K) NonClass: 72643K(78656K)->72643K(78656K) Class: 28525K(36800K)->28525K(36800K)
[113.826s][info][gc          ] GC(66) Pause Young (System.gc()) 800M->800M(5968M) 2.141ms
[114.572s][info][gc,metaspace] GC(67) Metaspace: 101168K(115456K)->101168K(115456K) NonClass: 72643K(78656K)->72643K(78656K) Class: 28525K(36800K)->28525K(36800K)
[114.572s][info][gc          ] GC(67) Pause Full (System.gc()) 800M->800M(5968M) 745.735ms
[114.573s][info][gc,metaspace] GC(68) Metaspace: 101168K(115456K)->101168K(115456K) NonClass: 72643K(78656K)->72643K(78656K) Class: 28525K(36800K)->28525K(36800K)
[114.573s][info][gc          ] GC(68) Pause Young (System.gc()) 800M->800M(6000M) 0.889ms
[115.285s][info][gc,metaspace] GC(69) Metaspace: 101168K(115456K)->101168K(115456K) NonClass: 72643K(78656K)->72643K(78656K) Class: 28525K(36800K)->28525K(36800K)
[115.285s][info][gc          ] GC(69) Pause Full (System.gc()) 800M->800M(6000M) 711.328ms
[115.287s][info][gc,metaspace] GC(70) Metaspace: 101168K(115456K)->101168K(115456K) NonClass: 72643K(78656K)->72643K(78656K) Class: 28525K(36800K)->28525K(36800K)
[115.287s][info][gc          ] GC(70) Pause Young (System.gc()) 800M->800M(5990M) 1.916ms
[116.024s][info][gc,metaspace] GC(71) Metaspace: 101168K(115456K)->101168K(115456K) NonClass: 72643K(78656K)->72643K(78656K) Class: 28525K(36800K)->28525K(36800K)
[116.024s][info][gc          ] GC(71) Pause Full (System.gc()) 800M->800M(5990M) 737.305ms
[116.026s][info][gc,metaspace] GC(72) Metaspace: 101168K(115456K)->101168K(115456K) NonClass: 72643K(78656K)->72643K(78656K) Class: 28525K(36800K)->28525K(36800K)
[116.026s][info][gc          ] GC(72) Pause Young (System.gc()) 800M->800M(6020M) 1.940ms
[116.742s][info][gc,metaspace] GC(73) Metaspace: 101168K(115456K)->101168K(115456K) NonClass: 72643K(78656K)->72643K(78656K) Class: 28525K(36800K)->28525K(36800K)
[116.742s][info][gc          ] GC(73) Pause Full (System.gc()) 800M->800M(6020M) 715.812ms
[116.744s][info][gc,metaspace] GC(74) Metaspace: 101168K(115456K)->101168K(115456K) NonClass: 72643K(78656K)->72643K(78656K) Class: 28525K(36800K)->28525K(36800K)
[116.744s][info][gc          ] GC(74) Pause Young (System.gc()) 800M->800M(6010M) 2.058ms
[117.473s][info][gc,metaspace] GC(75) Metaspace: 101168K(115456K)->101168K(115456K) NonClass: 72643K(78656K)->72643K(78656K) Class: 28525K(36800K)->28525K(36800K)
[117.473s][info][gc          ] GC(75) Pause Full (System.gc()) 800M->800M(6010M) 728.505ms
[117.475s][info][gc,metaspace] GC(76) Metaspace: 101168K(115456K)->101168K(115456K) NonClass: 72643K(78656K)->72643K(78656K) Class: 28525K(36800K)->28525K(36800K)
[117.475s][info][gc          ] GC(76) Pause Young (System.gc()) 800M->800M(6037M) 1.914ms
[118.214s][info][gc,metaspace] GC(77) Metaspace: 101168K(115456K)->101168K(115456K) NonClass: 72643K(78656K)->72643K(78656K) Class: 28525K(36800K)->28525K(36800K)
[118.214s][info][gc          ] GC(77) Pause Full (System.gc()) 800M->800M(6037M) 739.293ms
[118.216s][info][gc,metaspace] GC(78) Metaspace: 101168K(115456K)->101168K(115456K) NonClass: 72643K(78656K)->72643K(78656K) Class: 28525K(36800K)->28525K(36800K)
[118.216s][info][gc          ] GC(78) Pause Young (System.gc()) 800M->800M(6028M) 2.067ms
[118.960s][info][gc,metaspace] GC(79) Metaspace: 101168K(115456K)->101168K(115456K) NonClass: 72643K(78656K)->72643K(78656K) Class: 28525K(36800K)->28525K(36800K)
[118.960s][info][gc          ] GC(79) Pause Full (System.gc()) 800M->800M(6028M) 743.481ms
[118.961s][info][gc,metaspace] GC(80) Metaspace: 101168K(115456K)->101168K(115456K) NonClass: 72643K(78656K)->72643K(78656K) Class: 28525K(36800K)->28525K(36800K)
[118.961s][info][gc          ] GC(80) Pause Young (System.gc()) 800M->800M(6052M) 0.851ms
[119.701s][info][gc,metaspace] GC(81) Metaspace: 101168K(115456K)->101168K(115456K) NonClass: 72643K(78656K)->72643K(78656K) Class: 28525K(36800K)->28525K(36800K)
[119.701s][info][gc          ] GC(81) Pause Full (System.gc()) 800M->800M(6052M) 740.589ms
[119.704s][info][gc,metaspace] GC(82) Metaspace: 101168K(115456K)->101168K(115456K) NonClass: 72643K(78656K)->72643K(78656K) Class: 28525K(36800K)->28525K(36800K)
[119.704s][info][gc          ] GC(82) Pause Young (System.gc()) 800M->800M(6044M) 2.114ms
[120.620s][info][gc,metaspace] GC(83) Metaspace: 101168K(115456K)->101168K(115456K) NonClass: 72643K(78656K)->72643K(78656K) Class: 28525K(36800K)->28525K(36800K)
[120.620s][info][gc          ] GC(83) Pause Full (System.gc()) 800M->800M(6044M) 916.696ms
[120.621s][info][gc,metaspace] GC(84) Metaspace: 101168K(115456K)->101168K(115456K) NonClass: 72643K(78656K)->72643K(78656K) Class: 28525K(36800K)->28525K(36800K)
[120.621s][info][gc          ] GC(84) Pause Young (System.gc()) 800M->800M(6065M) 0.830ms
[121.366s][info][gc,metaspace] GC(85) Metaspace: 101168K(115456K)->101168K(115456K) NonClass: 72643K(78656K)->72643K(78656K) Class: 28525K(36800K)->28525K(36800K)
[121.366s][info][gc          ] GC(85) Pause Full (System.gc()) 800M->800M(6065M) 744.212ms
[121.368s][info][gc,metaspace] GC(86) Metaspace: 101168K(115456K)->101168K(115456K) NonClass: 72643K(78656K)->72643K(78656K) Class: 28525K(36800K)->28525K(36800K)
[121.368s][info][gc          ] GC(86) Pause Young (System.gc()) 800M->800M(6058M) 1.952ms
[122.138s][info][gc,metaspace] GC(87) Metaspace: 101168K(115456K)->101168K(115456K) NonClass: 72643K(78656K)->72643K(78656K) Class: 28525K(36800K)->28525K(36800K)
[122.138s][info][gc          ] GC(87) Pause Full (System.gc()) 800M->800M(6058M) 770.550ms
[122.141s][info][gc,metaspace] GC(88) Metaspace: 101168K(115456K)->101168K(115456K) NonClass: 72643K(78656K)->72643K(78656K) Class: 28525K(36800K)->28525K(36800K)
[122.141s][info][gc          ] GC(88) Pause Young (System.gc()) 800M->800M(6076M) 2.248ms
[122.858s][info][gc,metaspace] GC(89) Metaspace: 101168K(115456K)->101168K(115456K) NonClass: 72643K(78656K)->72643K(78656K) Class: 28525K(36800K)->28525K(36800K)
[122.858s][info][gc          ] GC(89) Pause Full (System.gc()) 800M->800M(6076M) 717.071ms
[122.859s][info][gc,metaspace] GC(90) Metaspace: 101168K(115456K)->101168K(115456K) NonClass: 72643K(78656K)->72643K(78656K) Class: 28525K(36800K)->28525K(36800K)
[122.859s][info][gc          ] GC(90) Pause Young (System.gc()) 800M->800M(6071M) 0.833ms
[123.620s][info][gc,metaspace] GC(91) Metaspace: 101168K(115456K)->101168K(115456K) NonClass: 72643K(78656K)->72643K(78656K) Class: 28525K(36800K)->28525K(36800K)
[123.620s][info][gc          ] GC(91) Pause Full (System.gc()) 800M->800M(6071M) 760.949ms
[123.621s][info][gc,metaspace] GC(92) Metaspace: 101168K(115456K)->101168K(115456K) NonClass: 72643K(78656K)->72643K(78656K) Class: 28525K(36800K)->28525K(36800K)
[123.621s][info][gc          ] GC(92) Pause Young (System.gc()) 812M->800M(6086M) 0.871ms
[124.348s][info][gc,metaspace] GC(93) Metaspace: 101168K(115456K)->101168K(115456K) NonClass: 72643K(78656K)->72643K(78656K) Class: 28525K(36800K)->28525K(36800K)
[124.349s][info][gc          ] GC(93) Pause Full (System.gc()) 800M->800M(6086M) 727.586ms
[124.351s][info][gc,metaspace] GC(94) Metaspace: 101168K(115456K)->101168K(115456K) NonClass: 72643K(78656K)->72643K(78656K) Class: 28525K(36800K)->28525K(36800K)
[124.351s][info][gc          ] GC(94) Pause Young (System.gc()) 800M->800M(6081M) 2.143ms
[125.067s][info][gc,metaspace] GC(95) Metaspace: 101168K(115456K)->101168K(115456K) NonClass: 72643K(78656K)->72643K(78656K) Class: 28525K(36800K)->28525K(36800K)
[125.067s][info][gc          ] GC(95) Pause Full (System.gc()) 800M->800M(6081M) 715.672ms
[125.069s][info][gc,metaspace] GC(96) Metaspace: 101168K(115456K)->101168K(115456K) NonClass: 72643K(78656K)->72643K(78656K) Class: 28525K(36800K)->28525K(36800K)
[125.069s][info][gc          ] GC(96) Pause Young (System.gc()) 800M->800M(6095M) 1.951ms
[125.807s][info][gc,metaspace] GC(97) Metaspace: 101168K(115456K)->101168K(115456K) NonClass: 72643K(78656K)->72643K(78656K) Class: 28525K(36800K)->28525K(36800K)
[125.807s][info][gc          ] GC(97) Pause Full (System.gc()) 800M->800M(6095M) 737.975ms
[125.809s][info][gc,metaspace] GC(98) Metaspace: 101168K(115456K)->101168K(115456K) NonClass: 72643K(78656K)->72643K(78656K) Class: 28525K(36800K)->28525K(36800K)
[125.809s][info][gc          ] GC(98) Pause Young (System.gc()) 800M->800M(6091M) 1.830ms
[126.526s][info][gc,metaspace] GC(99) Metaspace: 101168K(115456K)->101168K(115456K) NonClass: 72643K(78656K)->72643K(78656K) Class: 28525K(36800K)->28525K(36800K)
[126.526s][info][gc          ] GC(99) Pause Full (System.gc()) 800M->800M(6091M) 717.298ms
[126.528s][info][gc,metaspace] GC(100) Metaspace: 101168K(115456K)->101168K(115456K) NonClass: 72643K(78656K)->72643K(78656K) Class: 28525K(36800K)->28525K(36800K)
[126.528s][info][gc          ] GC(100) Pause Young (System.gc()) 800M->800M(6102M) 1.957ms
[127.315s][info][gc,metaspace] GC(101) Metaspace: 101168K(115456K)->101168K(115456K) NonClass: 72643K(78656K)->72643K(78656K) Class: 28525K(36800K)->28525K(36800K)
[127.315s][info][gc          ] GC(101) Pause Full (System.gc()) 800M->800M(6102M) 787.250ms
[127.317s][info][gc,metaspace] GC(102) Metaspace: 101168K(115456K)->101168K(115456K) NonClass: 72643K(78656K)->72643K(78656K) Class: 28525K(36800K)->28525K(36800K)
[127.317s][info][gc          ] GC(102) Pause Young (System.gc()) 800M->800M(6099M) 1.840ms
[128.048s][info][gc,metaspace] GC(103) Metaspace: 101168K(115456K)->101168K(115456K) NonClass: 72643K(78656K)->72643K(78656K) Class: 28525K(36800K)->28525K(36800K)
[128.048s][info][gc          ] GC(103) Pause Full (System.gc()) 800M->800M(6099M) 730.515ms
[128.049s][info][gc,metaspace] GC(104) Metaspace: 101168K(115456K)->101168K(115456K) NonClass: 72643K(78656K)->72643K(78656K) Class: 28525K(36800K)->28525K(36800K)
[128.049s][info][gc          ] GC(104) Pause Young (System.gc()) 800M->800M(6109M) 0.849ms
[128.780s][info][gc,metaspace] GC(105) Metaspace: 101168K(115456K)->101168K(115456K) NonClass: 72643K(78656K)->72643K(78656K) Class: 28525K(36800K)->28525K(36800K)
[128.780s][info][gc          ] GC(105) Pause Full (System.gc()) 800M->800M(6109M) 730.959ms
[128.781s][info][gc,metaspace] GC(106) Metaspace: 101168K(115456K)->101168K(115456K) NonClass: 72643K(78656K)->72643K(78656K) Class: 28525K(36800K)->28525K(36800K)
[128.781s][info][gc          ] GC(106) Pause Young (System.gc()) 800M->800M(6106M) 0.831ms
[129.494s][info][gc,metaspace] GC(107) Metaspace: 101168K(115456K)->101168K(115456K) NonClass: 72643K(78656K)->72643K(78656K) Class: 28525K(36800K)->28525K(36800K)
[129.494s][info][gc          ] GC(107) Pause Full (System.gc()) 800M->800M(6106M) 712.699ms
[129.496s][info][gc,metaspace] GC(108) Metaspace: 101168K(115456K)->101168K(115456K) NonClass: 72643K(78656K)->72643K(78656K) Class: 28525K(36800K)->28525K(36800K)
[129.496s][info][gc          ] GC(108) Pause Young (System.gc()) 800M->800M(6114M) 2.045ms
[130.289s][info][gc,metaspace] GC(109) Metaspace: 101168K(115456K)->101168K(115456K) NonClass: 72643K(78656K)->72643K(78656K) Class: 28525K(36800K)->28525K(36800K)
[130.289s][info][gc          ] GC(109) Pause Full (System.gc()) 800M->800M(6114M) 793.494ms
[130.292s][info][gc,metaspace] GC(110) Metaspace: 101168K(115456K)->101168K(115456K) NonClass: 72643K(78656K)->72643K(78656K) Class: 28525K(36800K)->28525K(36800K)
[130.292s][info][gc          ] GC(110) Pause Young (System.gc()) 800M->800M(6111M) 2.125ms
[131.035s][info][gc,metaspace] GC(111) Metaspace: 101168K(115456K)->101168K(115456K) NonClass: 72643K(78656K)->72643K(78656K) Class: 28525K(36800K)->28525K(36800K)
[131.035s][info][gc          ] GC(111) Pause Full (System.gc()) 800M->800M(6111M) 743.335ms
[131.037s][info][gc,metaspace] GC(112) Metaspace: 101168K(115456K)->101168K(115456K) NonClass: 72643K(78656K)->72643K(78656K) Class: 28525K(36800K)->28525K(36800K)
[131.037s][info][gc          ] GC(112) Pause Young (System.gc()) 800M->800M(6119M) 2.067ms
[131.775s][info][gc,metaspace] GC(113) Metaspace: 101168K(115456K)->101168K(115456K) NonClass: 72643K(78656K)->72643K(78656K) Class: 28525K(36800K)->28525K(36800K)
[131.775s][info][gc          ] GC(113) Pause Full (System.gc()) 800M->800M(6119M) 737.678ms
[131.781s][info][gc,metaspace] GC(114) Metaspace: 101168K(115456K)->101168K(115456K) NonClass: 72643K(78656K)->72643K(78656K) Class: 28525K(36800K)->28525K(36800K)
[131.781s][info][gc          ] GC(114) Pause Young (System.gc()) 800M->800M(6116M) 1.958ms
[132.521s][info][gc,metaspace] GC(115) Metaspace: 101168K(115456K)->101168K(115456K) NonClass: 72643K(78656K)->72643K(78656K) Class: 28525K(36800K)->28525K(36800K)
[132.521s][info][gc          ] GC(115) Pause Full (System.gc()) 800M->800M(6116M) 739.899ms
[132.524s][info][gc,metaspace] GC(116) Metaspace: 101168K(115456K)->101168K(115456K) NonClass: 72643K(78656K)->72643K(78656K) Class: 28525K(36800K)->28525K(36800K)
[132.524s][info][gc          ] GC(116) Pause Young (System.gc()) 800M->800M(6123M) 2.179ms
[133.240s][info][gc,metaspace] GC(117) Metaspace: 101168K(115456K)->101168K(115456K) NonClass: 72643K(78656K)->72643K(78656K) Class: 28525K(36800K)->28525K(36800K)
[133.240s][info][gc          ] GC(117) Pause Full (System.gc()) 800M->800M(6123M) 716.466ms
[133.241s][info][gc,metaspace] GC(118) Metaspace: 101168K(115456K)->101168K(115456K) NonClass: 72643K(78656K)->72643K(78656K) Class: 28525K(36800K)->28525K(36800K)
[133.241s][info][gc          ] GC(118) Pause Young (System.gc()) 800M->800M(6121M) 0.799ms
[133.975s][info][gc,metaspace] GC(119) Metaspace: 101168K(115456K)->101168K(115456K) NonClass: 72643K(78656K)->72643K(78656K) Class: 28525K(36800K)->28525K(36800K)
[133.975s][info][gc          ] GC(119) Pause Full (System.gc()) 800M->800M(6121M) 733.908ms
[133.977s][info][gc,metaspace] GC(120) Metaspace: 101168K(115456K)->101168K(115456K) NonClass: 72643K(78656K)->72643K(78656K) Class: 28525K(36800K)->28525K(36800K)
[133.977s][info][gc          ] GC(120) Pause Young (System.gc()) 800M->800M(6126M) 2.071ms
[134.704s][info][gc,metaspace] GC(121) Metaspace: 101168K(115456K)->101168K(115456K) NonClass: 72643K(78656K)->72643K(78656K) Class: 28525K(36800K)->28525K(36800K)
[134.704s][info][gc          ] GC(121) Pause Full (System.gc()) 800M->800M(6126M) 726.361ms
[134.706s][info][gc,metaspace] GC(122) Metaspace: 101168K(115456K)->101168K(115456K) NonClass: 72643K(78656K)->72643K(78656K) Class: 28525K(36800K)->28525K(36800K)
[134.706s][info][gc          ] GC(122) Pause Young (System.gc()) 800M->800M(6124M) 1.853ms
[135.434s][info][gc,metaspace] GC(123) Metaspace: 101168K(115456K)->101168K(115456K) NonClass: 72643K(78656K)->72643K(78656K) Class: 28525K(36800K)->28525K(36800K)
[135.434s][info][gc          ] GC(123) Pause Full (System.gc()) 800M->800M(6124M) 728.089ms
[135.435s][info][gc,metaspace] GC(124) Metaspace: 101168K(115456K)->101168K(115456K) NonClass: 72643K(78656K)->72643K(78656K) Class: 28525K(36800K)->28525K(36800K)
[135.435s][info][gc          ] GC(124) Pause Young (System.gc()) 800M->800M(6129M) 0.857ms
[136.174s][info][gc,metaspace] GC(125) Metaspace: 101168K(115456K)->101168K(115456K) NonClass: 72643K(78656K)->72643K(78656K) Class: 28525K(36800K)->28525K(36800K)
[136.174s][info][gc          ] GC(125) Pause Full (System.gc()) 800M->800M(6129M) 738.871ms
[136.175s][info][gc,metaspace] GC(126) Metaspace: 101168K(115456K)->101168K(115456K) NonClass: 72643K(78656K)->72643K(78656K) Class: 28525K(36800K)->28525K(36800K)
[136.175s][info][gc          ] GC(126) Pause Young (System.gc()) 800M->800M(6127M) 0.778ms
[136.906s][info][gc,metaspace] GC(127) Metaspace: 101168K(115456K)->101168K(115456K) NonClass: 72643K(78656K)->72643K(78656K) Class: 28525K(36800K)->28525K(36800K)
[136.906s][info][gc          ] GC(127) Pause Full (System.gc()) 800M->800M(6127M) 730.817ms
[136.912s][info][gc,metaspace] GC(128) Metaspace: 101168K(115456K)->101168K(115456K) NonClass: 72643K(78656K)->72643K(78656K) Class: 28525K(36800K)->28525K(36800K)
[136.912s][info][gc          ] GC(128) Pause Young (System.gc()) 800M->800M(6131M) 1.877ms
[137.637s][info][gc,metaspace] GC(129) Metaspace: 101168K(115456K)->101168K(115456K) NonClass: 72643K(78656K)->72643K(78656K) Class: 28525K(36800K)->28525K(36800K)
[137.637s][info][gc          ] GC(129) Pause Full (System.gc()) 800M->800M(6131M) 724.612ms
[137.639s][info][gc,metaspace] GC(130) Metaspace: 101168K(115456K)->101168K(115456K) NonClass: 72643K(78656K)->72643K(78656K) Class: 28525K(36800K)->28525K(36800K)
[137.639s][info][gc          ] GC(130) Pause Young (System.gc()) 800M->800M(6130M) 2.113ms
[138.375s][info][gc,metaspace] GC(131) Metaspace: 101168K(115456K)->101168K(115456K) NonClass: 72643K(78656K)->72643K(78656K) Class: 28525K(36800K)->28525K(36800K)
[138.375s][info][gc          ] GC(131) Pause Full (System.gc()) 800M->800M(6130M) 736.530ms
[138.376s][info][gc,metaspace] GC(132) Metaspace: 101168K(115456K)->101168K(115456K) NonClass: 72643K(78656K)->72643K(78656K) Class: 28525K(36800K)->28525K(36800K)
[138.376s][info][gc          ] GC(132) Pause Young (System.gc()) 800M->800M(6133M) 0.828ms
[139.118s][info][gc,metaspace] GC(133) Metaspace: 101168K(115456K)->101168K(115456K) NonClass: 72643K(78656K)->72643K(78656K) Class: 28525K(36800K)->28525K(36800K)
[139.118s][info][gc          ] GC(133) Pause Full (System.gc()) 800M->800M(6133M) 741.796ms
[139.120s][info][gc,metaspace] GC(134) Metaspace: 101168K(115456K)->101168K(115456K) NonClass: 72643K(78656K)->72643K(78656K) Class: 28525K(36800K)->28525K(36800K)
[139.120s][info][gc          ] GC(134) Pause Young (System.gc()) 800M->800M(6132M) 1.819ms
[139.825s][info][gc,metaspace] GC(135) Metaspace: 101168K(115456K)->101168K(115456K) NonClass: 72643K(78656K)->72643K(78656K) Class: 28525K(36800K)->28525K(36800K)
[139.825s][info][gc          ] GC(135) Pause Full (System.gc()) 800M->800M(6132M) 704.462ms
[139.827s][info][gc,metaspace] GC(136) Metaspace: 101168K(115456K)->101168K(115456K) NonClass: 72643K(78656K)->72643K(78656K) Class: 28525K(36800K)->28525K(36800K)
[139.827s][info][gc          ] GC(136) Pause Young (System.gc()) 800M->800M(6135M) 1.981ms
[140.578s][info][gc,metaspace] GC(137) Metaspace: 101168K(115456K)->101168K(115456K) NonClass: 72643K(78656K)->72643K(78656K) Class: 28525K(36800K)->28525K(36800K)
[140.578s][info][gc          ] GC(137) Pause Full (System.gc()) 800M->800M(6135M) 751.498ms
[140.581s][info][gc,metaspace] GC(138) Metaspace: 101168K(115456K)->101168K(115456K) NonClass: 72643K(78656K)->72643K(78656K) Class: 28525K(36800K)->28525K(36800K)
[140.581s][info][gc          ] GC(138) Pause Young (System.gc()) 800M->800M(6134M) 2.096ms
[141.318s][info][gc,metaspace] GC(139) Metaspace: 101168K(115456K)->101168K(115456K) NonClass: 72643K(78656K)->72643K(78656K) Class: 28525K(36800K)->28525K(36800K)
[141.318s][info][gc          ] GC(139) Pause Full (System.gc()) 800M->800M(6134M) 737.694ms
[141.320s][info][gc,metaspace] GC(140) Metaspace: 101168K(115456K)->101168K(115456K) NonClass: 72643K(78656K)->72643K(78656K) Class: 28525K(36800K)->28525K(36800K)
[141.320s][info][gc          ] GC(140) Pause Young (System.gc()) 800M->800M(6136M) 1.896ms
[142.059s][info][gc,metaspace] GC(141) Metaspace: 101168K(115456K)->101168K(115456K) NonClass: 72643K(78656K)->72643K(78656K) Class: 28525K(36800K)->28525K(36800K)
[142.064s][info][gc          ] GC(141) Pause Full (System.gc()) 800M->800M(6136M) 743.241ms
[142.066s][info][gc,metaspace] GC(142) Metaspace: 101168K(115456K)->101168K(115456K) NonClass: 72643K(78656K)->72643K(78656K) Class: 28525K(36800K)->28525K(36800K)
[142.066s][info][gc          ] GC(142) Pause Young (System.gc()) 800M->800M(6136M) 1.924ms
[142.825s][info][gc,metaspace] GC(143) Metaspace: 101168K(115456K)->101168K(115456K) NonClass: 72643K(78656K)->72643K(78656K) Class: 28525K(36800K)->28525K(36800K)
[142.825s][info][gc          ] GC(143) Pause Full (System.gc()) 800M->800M(6136M) 759.188ms
[142.827s][info][gc,metaspace] GC(144) Metaspace: 101168K(115456K)->101168K(115456K) NonClass: 72643K(78656K)->72643K(78656K) Class: 28525K(36800K)->28525K(36800K)
[142.827s][info][gc          ] GC(144) Pause Young (System.gc()) 800M->800M(6137M) 1.858ms
[143.573s][info][gc,metaspace] GC(145) Metaspace: 101168K(115456K)->101168K(115456K) NonClass: 72643K(78656K)->72643K(78656K) Class: 28525K(36800K)->28525K(36800K)
[143.574s][info][gc          ] GC(145) Pause Full (System.gc()) 800M->800M(6137M) 746.521ms
[143.576s][info][gc,metaspace] GC(146) Metaspace: 101168K(115456K)->101168K(115456K) NonClass: 72643K(78656K)->72643K(78656K) Class: 28525K(36800K)->28525K(36800K)
[143.576s][info][gc          ] GC(146) Pause Young (System.gc()) 800M->800M(6137M) 2.051ms
[144.294s][info][gc,metaspace] GC(147) Metaspace: 101168K(115456K)->101168K(115456K) NonClass: 72643K(78656K)->72643K(78656K) Class: 28525K(36800K)->28525K(36800K)
[144.294s][info][gc          ] GC(147) Pause Full (System.gc()) 800M->800M(6137M) 718.063ms
[144.295s][info][gc,metaspace] GC(148) Metaspace: 101168K(115456K)->101168K(115456K) NonClass: 72643K(78656K)->72643K(78656K) Class: 28525K(36800K)->28525K(36800K)
[144.295s][info][gc          ] GC(148) Pause Young (System.gc()) 800M->800M(6138M) 0.752ms
[145.062s][info][gc,metaspace] GC(149) Metaspace: 101168K(115456K)->101168K(115456K) NonClass: 72643K(78656K)->72643K(78656K) Class: 28525K(36800K)->28525K(36800K)
[145.062s][info][gc          ] GC(149) Pause Full (System.gc()) 800M->800M(6138M) 767.423ms
[145.064s][info][gc,metaspace] GC(150) Metaspace: 101168K(115456K)->101168K(115456K) NonClass: 72643K(78656K)->72643K(78656K) Class: 28525K(36800K)->28525K(36800K)
[145.064s][info][gc          ] GC(150) Pause Young (System.gc()) 800M->800M(6138M) 2.094ms
[145.799s][info][gc,metaspace] GC(151) Metaspace: 101168K(115456K)->101168K(115456K) NonClass: 72643K(78656K)->72643K(78656K) Class: 28525K(36800K)->28525K(36800K)
[145.799s][info][gc          ] GC(151) Pause Full (System.gc()) 800M->800M(6138M) 734.730ms
[145.801s][info][gc,metaspace] GC(152) Metaspace: 101168K(115456K)->101168K(115456K) NonClass: 72643K(78656K)->72643K(78656K) Class: 28525K(36800K)->28525K(36800K)
[145.801s][info][gc          ] GC(152) Pause Young (System.gc()) 800M->800M(6139M) 2.057ms
[146.534s][info][gc,metaspace] GC(153) Metaspace: 101168K(115456K)->101168K(115456K) NonClass: 72643K(78656K)->72643K(78656K) Class: 28525K(36800K)->28525K(36800K)
[146.534s][info][gc          ] GC(153) Pause Full (System.gc()) 800M->800M(6139M) 732.497ms
[146.535s][info][gc,metaspace] GC(154) Metaspace: 101168K(115456K)->101168K(115456K) NonClass: 72643K(78656K)->72643K(78656K) Class: 28525K(36800K)->28525K(36800K)
[146.535s][info][gc          ] GC(154) Pause Young (System.gc()) 800M->800M(6139M) 0.732ms
[147.279s][info][gc,metaspace] GC(155) Metaspace: 101168K(115456K)->101168K(115456K) NonClass: 72643K(78656K)->72643K(78656K) Class: 28525K(36800K)->28525K(36800K)
[147.279s][info][gc          ] GC(155) Pause Full (System.gc()) 800M->800M(6139M) 743.843ms
[147.285s][info][gc,metaspace] GC(156) Metaspace: 101168K(115456K)->101168K(115456K) NonClass: 72643K(78656K)->72643K(78656K) Class: 28525K(36800K)->28525K(36800K)
[147.285s][info][gc          ] GC(156) Pause Young (System.gc()) 800M->800M(6140M) 2.159ms
[148.020s][info][gc,metaspace] GC(157) Metaspace: 101168K(115456K)->101168K(115456K) NonClass: 72643K(78656K)->72643K(78656K) Class: 28525K(36800K)->28525K(36800K)
[148.020s][info][gc          ] GC(157) Pause Full (System.gc()) 800M->800M(6140M) 734.759ms
[148.022s][info][gc,metaspace] GC(158) Metaspace: 101168K(115456K)->101168K(115456K) NonClass: 72643K(78656K)->72643K(78656K) Class: 28525K(36800K)->28525K(36800K)
[148.022s][info][gc          ] GC(158) Pause Young (System.gc()) 800M->800M(6140M) 1.829ms
[148.751s][info][gc,metaspace] GC(159) Metaspace: 101168K(115456K)->101168K(115456K) NonClass: 72643K(78656K)->72643K(78656K) Class: 28525K(36800K)->28525K(36800K)
[148.751s][info][gc          ] GC(159) Pause Full (System.gc()) 800M->800M(6140M) 728.931ms
[148.753s][info][gc,metaspace] GC(160) Metaspace: 101168K(115456K)->101168K(115456K) NonClass: 72643K(78656K)->72643K(78656K) Class: 28525K(36800K)->28525K(36800K)
[148.753s][info][gc          ] GC(160) Pause Young (System.gc()) 800M->800M(6141M) 1.861ms
[149.487s][info][gc,metaspace] GC(161) Metaspace: 101168K(115456K)->101168K(115456K) NonClass: 72643K(78656K)->72643K(78656K) Class: 28525K(36800K)->28525K(36800K)
[149.487s][info][gc          ] GC(161) Pause Full (System.gc()) 800M->800M(6141M) 734.080ms
[149.489s][info][gc,metaspace] GC(162) Metaspace: 101168K(115456K)->101168K(115456K) NonClass: 72643K(78656K)->72643K(78656K) Class: 28525K(36800K)->28525K(36800K)
[149.489s][info][gc          ] GC(162) Pause Young (System.gc()) 800M->800M(6140M) 2.119ms
[150.215s][info][gc,metaspace] GC(163) Metaspace: 101168K(115456K)->101168K(115456K) NonClass: 72643K(78656K)->72643K(78656K) Class: 28525K(36800K)->28525K(36800K)
[150.215s][info][gc          ] GC(163) Pause Full (System.gc()) 800M->800M(6140M) 725.217ms
[150.216s][info][gc,metaspace] GC(164) Metaspace: 101168K(115456K)->101168K(115456K) NonClass: 72643K(78656K)->72643K(78656K) Class: 28525K(36800K)->28525K(36800K)
[150.216s][info][gc          ] GC(164) Pause Young (System.gc()) 800M->800M(6141M) 0.811ms
[150.973s][info][gc,metaspace] GC(165) Metaspace: 101168K(115456K)->101168K(115456K) NonClass: 72643K(78656K)->72643K(78656K) Class: 28525K(36800K)->28525K(36800K)
[150.973s][info][gc          ] GC(165) Pause Full (System.gc()) 800M->800M(6141M) 757.538ms
[150.974s][info][gc,metaspace] GC(166) Metaspace: 101168K(115456K)->101168K(115456K) NonClass: 72643K(78656K)->72643K(78656K) Class: 28525K(36800K)->28525K(36800K)
[150.974s][info][gc          ] GC(166) Pause Young (System.gc()) 800M->800M(6141M) 0.786ms
[151.713s][info][gc,metaspace] GC(167) Metaspace: 101168K(115456K)->101168K(115456K) NonClass: 72643K(78656K)->72643K(78656K) Class: 28525K(36800K)->28525K(36800K)
[151.713s][info][gc          ] GC(167) Pause Full (System.gc()) 800M->800M(6141M) 738.735ms
[151.715s][info][gc,metaspace] GC(168) Metaspace: 101168K(115456K)->101168K(115456K) NonClass: 72643K(78656K)->72643K(78656K) Class: 28525K(36800K)->28525K(36800K)
[151.715s][info][gc          ] GC(168) Pause Young (System.gc()) 800M->800M(6141M) 2.109ms
[152.437s][info][gc,metaspace] GC(169) Metaspace: 101168K(115456K)->101168K(115456K) NonClass: 72643K(78656K)->72643K(78656K) Class: 28525K(36800K)->28525K(36800K)
[152.437s][info][gc          ] GC(169) Pause Full (System.gc()) 800M->800M(6141M) 721.432ms
[152.438s][info][gc,metaspace] GC(170) Metaspace: 101168K(115456K)->101168K(115456K) NonClass: 72643K(78656K)->72643K(78656K) Class: 28525K(36800K)->28525K(36800K)
[152.438s][info][gc          ] GC(170) Pause Young (System.gc()) 800M->800M(6141M) 0.744ms
[153.203s][info][gc,metaspace] GC(171) Metaspace: 101168K(115456K)->101168K(115456K) NonClass: 72643K(78656K)->72643K(78656K) Class: 28525K(36800K)->28525K(36800K)
[153.203s][info][gc          ] GC(171) Pause Full (System.gc()) 800M->800M(6141M) 765.013ms
[153.204s][info][gc,metaspace] GC(172) Metaspace: 101168K(115456K)->101168K(115456K) NonClass: 72643K(78656K)->72643K(78656K) Class: 28525K(36800K)->28525K(36800K)
[153.204s][info][gc          ] GC(172) Pause Young (System.gc()) 800M->800M(6142M) 0.845ms
[153.964s][info][gc,metaspace] GC(173) Metaspace: 101168K(115456K)->101168K(115456K) NonClass: 72643K(78656K)->72643K(78656K) Class: 28525K(36800K)->28525K(36800K)
[153.964s][info][gc          ] GC(173) Pause Full (System.gc()) 800M->800M(6142M) 760.223ms
[153.965s][info][gc,metaspace] GC(174) Metaspace: 101168K(115456K)->101168K(115456K) NonClass: 72643K(78656K)->72643K(78656K) Class: 28525K(36800K)->28525K(36800K)
[153.965s][info][gc          ] GC(174) Pause Young (System.gc()) 800M->800M(6142M) 0.745ms
[154.707s][info][gc,metaspace] GC(175) Metaspace: 101168K(115456K)->101168K(115456K) NonClass: 72643K(78656K)->72643K(78656K) Class: 28525K(36800K)->28525K(36800K)
[154.707s][info][gc          ] GC(175) Pause Full (System.gc()) 800M->800M(6142M) 742.241ms
[154.708s][info][gc,metaspace] GC(176) Metaspace: 101168K(115456K)->101168K(115456K) NonClass: 72643K(78656K)->72643K(78656K) Class: 28525K(36800K)->28525K(36800K)
[154.708s][info][gc          ] GC(176) Pause Young (System.gc()) 800M->800M(6142M) 0.859ms
[155.416s][info][gc,metaspace] GC(177) Metaspace: 101168K(115456K)->101168K(115456K) NonClass: 72643K(78656K)->72643K(78656K) Class: 28525K(36800K)->28525K(36800K)
[155.416s][info][gc          ] GC(177) Pause Full (System.gc()) 800M->800M(6142M) 707.640ms
[155.417s][info][gc,metaspace] GC(178) Metaspace: 101168K(115456K)->101168K(115456K) NonClass: 72643K(78656K)->72643K(78656K) Class: 28525K(36800K)->28525K(36800K)
[155.417s][info][gc          ] GC(178) Pause Young (System.gc()) 800M->800M(6142M) 0.823ms
[156.153s][info][gc,metaspace] GC(179) Metaspace: 101168K(115456K)->101168K(115456K) NonClass: 72643K(78656K)->72643K(78656K) Class: 28525K(36800K)->28525K(36800K)
[156.153s][info][gc          ] GC(179) Pause Full (System.gc()) 800M->800M(6142M) 736.213ms
[156.155s][info][gc,metaspace] GC(180) Metaspace: 101168K(115456K)->101168K(115456K) NonClass: 72643K(78656K)->72643K(78656K) Class: 28525K(36800K)->28525K(36800K)
[156.155s][info][gc          ] GC(180) Pause Young (System.gc()) 800M->800M(6142M) 2.129ms
[156.891s][info][gc,metaspace] GC(181) Metaspace: 101168K(115456K)->101168K(115456K) NonClass: 72643K(78656K)->72643K(78656K) Class: 28525K(36800K)->28525K(36800K)
[156.891s][info][gc          ] GC(181) Pause Full (System.gc()) 800M->800M(6142M) 736.097ms
[156.893s][info][gc,metaspace] GC(182) Metaspace: 101168K(115456K)->101168K(115456K) NonClass: 72643K(78656K)->72643K(78656K) Class: 28525K(36800K)->28525K(36800K)
[156.893s][info][gc          ] GC(182) Pause Young (System.gc()) 800M->800M(6142M) 1.862ms
[157.625s][info][gc,metaspace] GC(183) Metaspace: 101168K(115456K)->101168K(115456K) NonClass: 72643K(78656K)->72643K(78656K) Class: 28525K(36800K)->28525K(36800K)
[157.625s][info][gc          ] GC(183) Pause Full (System.gc()) 800M->800M(6142M) 731.313ms
[157.627s][info][gc,metaspace] GC(184) Metaspace: 101168K(115456K)->101168K(115456K) NonClass: 72643K(78656K)->72643K(78656K) Class: 28525K(36800K)->28525K(36800K)
[157.627s][info][gc          ] GC(184) Pause Young (System.gc()) 800M->800M(6143M) 1.998ms
[158.450s][info][gc,metaspace] GC(185) Metaspace: 101168K(115456K)->101168K(115456K) NonClass: 72643K(78656K)->72643K(78656K) Class: 28525K(36800K)->28525K(36800K)
[158.450s][info][gc          ] GC(185) Pause Full (System.gc()) 800M->800M(6143M) 822.596ms
[158.452s][info][gc,metaspace] GC(186) Metaspace: 101168K(115456K)->101168K(115456K) NonClass: 72643K(78656K)->72643K(78656K) Class: 28525K(36800K)->28525K(36800K)
[158.452s][info][gc          ] GC(186) Pause Young (System.gc()) 800M->800M(6142M) 1.852ms
[159.333s][info][gc,metaspace] GC(187) Metaspace: 101168K(115456K)->101168K(115456K) NonClass: 72643K(78656K)->72643K(78656K) Class: 28525K(36800K)->28525K(36800K)
[159.333s][info][gc          ] GC(187) Pause Full (System.gc()) 800M->800M(6142M) 880.967ms
[159.335s][info][gc,metaspace] GC(188) Metaspace: 101168K(115456K)->101168K(115456K) NonClass: 72643K(78656K)->72643K(78656K) Class: 28525K(36800K)->28525K(36800K)
[159.335s][info][gc          ] GC(188) Pause Young (System.gc()) 800M->800M(6143M) 2.008ms
[160.078s][info][gc,metaspace] GC(189) Metaspace: 101168K(115456K)->101168K(115456K) NonClass: 72643K(78656K)->72643K(78656K) Class: 28525K(36800K)->28525K(36800K)
[160.078s][info][gc          ] GC(189) Pause Full (System.gc()) 800M->800M(6143M) 743.557ms
[160.080s][info][gc,metaspace] GC(190) Metaspace: 101168K(115456K)->101168K(115456K) NonClass: 72643K(78656K)->72643K(78656K) Class: 28525K(36800K)->28525K(36800K)
[160.081s][info][gc          ] GC(190) Pause Young (System.gc()) 800M->800M(6143M) 1.866ms
[160.915s][info][gc,metaspace] GC(191) Metaspace: 101168K(115456K)->101168K(115456K) NonClass: 72643K(78656K)->72643K(78656K) Class: 28525K(36800K)->28525K(36800K)
[160.915s][info][gc          ] GC(191) Pause Full (System.gc()) 800M->800M(6143M) 834.867ms
[160.917s][info][gc,metaspace] GC(192) Metaspace: 101168K(115456K)->101168K(115456K) NonClass: 72643K(78656K)->72643K(78656K) Class: 28525K(36800K)->28525K(36800K)
[160.918s][info][gc          ] GC(192) Pause Young (System.gc()) 800M->800M(6143M) 1.930ms
[161.652s][info][gc,metaspace] GC(193) Metaspace: 101168K(115456K)->101168K(115456K) NonClass: 72643K(78656K)->72643K(78656K) Class: 28525K(36800K)->28525K(36800K)
[161.652s][info][gc          ] GC(193) Pause Full (System.gc()) 800M->800M(6143M) 734.910ms
[161.655s][info][gc,metaspace] GC(194) Metaspace: 101168K(115456K)->101168K(115456K) NonClass: 72643K(78656K)->72643K(78656K) Class: 28525K(36800K)->28525K(36800K)
[161.655s][info][gc          ] GC(194) Pause Young (System.gc()) 800M->800M(6143M) 2.140ms
[162.365s][info][gc,metaspace] GC(195) Metaspace: 101168K(115456K)->101168K(115456K) NonClass: 72643K(78656K)->72643K(78656K) Class: 28525K(36800K)->28525K(36800K)
[162.365s][info][gc          ] GC(195) Pause Full (System.gc()) 800M->800M(6143M) 709.952ms
[162.367s][info][gc,metaspace] GC(196) Metaspace: 101168K(115456K)->101168K(115456K) NonClass: 72643K(78656K)->72643K(78656K) Class: 28525K(36800K)->28525K(36800K)
[162.367s][info][gc          ] GC(196) Pause Young (System.gc()) 800M->800M(6143M) 1.947ms
[163.108s][info][gc,metaspace] GC(197) Metaspace: 101168K(115456K)->101168K(115456K) NonClass: 72643K(78656K)->72643K(78656K) Class: 28525K(36800K)->28525K(36800K)
[163.108s][info][gc          ] GC(197) Pause Full (System.gc()) 800M->800M(6143M) 740.959ms
[163.114s][info][gc,metaspace] GC(198) Metaspace: 101168K(115456K)->101168K(115456K) NonClass: 72643K(78656K)->72643K(78656K) Class: 28525K(36800K)->28525K(36800K)
[163.114s][info][gc          ] GC(198) Pause Young (System.gc()) 800M->800M(6143M) 1.960ms
[163.856s][info][gc,metaspace] GC(199) Metaspace: 101168K(115456K)->101168K(115456K) NonClass: 72643K(78656K)->72643K(78656K) Class: 28525K(36800K)->28525K(36800K)
[163.856s][info][gc          ] GC(199) Pause Full (System.gc()) 800M->800M(6143M) 741.582ms
[163.857s][info][gc,metaspace] GC(200) Metaspace: 101168K(115456K)->101168K(115456K) NonClass: 72643K(78656K)->72643K(78656K) Class: 28525K(36800K)->28525K(36800K)
[163.857s][info][gc          ] GC(200) Pause Young (System.gc()) 800M->800M(6143M) 0.763ms
[164.575s][info][gc,metaspace] GC(201) Metaspace: 101168K(115456K)->101168K(115456K) NonClass: 72643K(78656K)->72643K(78656K) Class: 28525K(36800K)->28525K(36800K)
[164.575s][info][gc          ] GC(201) Pause Full (System.gc()) 800M->800M(6143M) 717.886ms
[164.576s][info][gc,metaspace] GC(202) Metaspace: 101168K(115456K)->101168K(115456K) NonClass: 72643K(78656K)->72643K(78656K) Class: 28525K(36800K)->28525K(36800K)
[164.576s][info][gc          ] GC(202) Pause Young (System.gc()) 800M->800M(6143M) 0.760ms
[165.355s][info][gc,metaspace] GC(203) Metaspace: 101168K(115456K)->101168K(115456K) NonClass: 72643K(78656K)->72643K(78656K) Class: 28525K(36800K)->28525K(36800K)
[165.355s][info][gc          ] GC(203) Pause Full (System.gc()) 800M->800M(6143M) 779.533ms
[165.357s][info][gc,metaspace] GC(204) Metaspace: 101168K(115456K)->101168K(115456K) NonClass: 72643K(78656K)->72643K(78656K) Class: 28525K(36800K)->28525K(36800K)
[165.357s][info][gc          ] GC(204) Pause Young (System.gc()) 800M->800M(6143M) 1.952ms
[166.098s][info][gc,metaspace] GC(205) Metaspace: 101168K(115456K)->101168K(115456K) NonClass: 72643K(78656K)->72643K(78656K) Class: 28525K(36800K)->28525K(36800K)
[166.098s][info][gc          ] GC(205) Pause Full (System.gc()) 800M->800M(6143M) 741.140ms
[166.099s][info][gc,metaspace] GC(206) Metaspace: 101168K(115456K)->101168K(115456K) NonClass: 72643K(78656K)->72643K(78656K) Class: 28525K(36800K)->28525K(36800K)
[166.099s][info][gc          ] GC(206) Pause Young (System.gc()) 800M->800M(6143M) 0.751ms
[166.821s][info][gc,metaspace] GC(207) Metaspace: 101168K(115456K)->101168K(115456K) NonClass: 72643K(78656K)->72643K(78656K) Class: 28525K(36800K)->28525K(36800K)
[166.821s][info][gc          ] GC(207) Pause Full (System.gc()) 800M->800M(6143M) 722.057ms
[166.822s][info][gc,metaspace] GC(208) Metaspace: 101168K(115456K)->101168K(115456K) NonClass: 72643K(78656K)->72643K(78656K) Class: 28525K(36800K)->28525K(36800K)
[166.822s][info][gc          ] GC(208) Pause Young (System.gc()) 800M->800M(6143M) 0.730ms
[167.557s][info][gc,metaspace] GC(209) Metaspace: 101168K(115456K)->101168K(115456K) NonClass: 72643K(78656K)->72643K(78656K) Class: 28525K(36800K)->28525K(36800K)
[167.557s][info][gc          ] GC(209) Pause Full (System.gc()) 800M->800M(6143M) 735.102ms
[167.559s][info][gc,metaspace] GC(210) Metaspace: 101168K(115456K)->101168K(115456K) NonClass: 72643K(78656K)->72643K(78656K) Class: 28525K(36800K)->28525K(36800K)
[167.559s][info][gc          ] GC(210) Pause Young (System.gc()) 800M->800M(6143M) 1.840ms
[168.270s][info][gc,metaspace] GC(211) Metaspace: 101168K(115456K)->101168K(115456K) NonClass: 72643K(78656K)->72643K(78656K) Class: 28525K(36800K)->28525K(36800K)
[168.270s][info][gc          ] GC(211) Pause Full (System.gc()) 800M->800M(6143M) 711.002ms
[168.276s][info][gc,metaspace] GC(212) Metaspace: 101168K(115456K)->101168K(115456K) NonClass: 72643K(78656K)->72643K(78656K) Class: 28525K(36800K)->28525K(36800K)
[168.276s][info][gc          ] GC(212) Pause Young (System.gc()) 800M->800M(6143M) 0.773ms
[169.008s][info][gc,metaspace] GC(213) Metaspace: 101168K(115456K)->101168K(115456K) NonClass: 72643K(78656K)->72643K(78656K) Class: 28525K(36800K)->28525K(36800K)
[169.008s][info][gc          ] GC(213) Pause Full (System.gc()) 800M->800M(6143M) 731.875ms
[169.010s][info][gc,metaspace] GC(214) Metaspace: 101168K(115456K)->101168K(115456K) NonClass: 72643K(78656K)->72643K(78656K) Class: 28525K(36800K)->28525K(36800K)
[169.010s][info][gc          ] GC(214) Pause Young (System.gc()) 800M->800M(6143M) 1.878ms
[169.737s][info][gc,metaspace] GC(215) Metaspace: 101168K(115456K)->101168K(115456K) NonClass: 72643K(78656K)->72643K(78656K) Class: 28525K(36800K)->28525K(36800K)
[169.737s][info][gc          ] GC(215) Pause Full (System.gc()) 800M->800M(6143M) 727.815ms
[169.740s][info][gc,metaspace] GC(216) Metaspace: 101168K(115456K)->101168K(115456K) NonClass: 72643K(78656K)->72643K(78656K) Class: 28525K(36800K)->28525K(36800K)
[169.740s][info][gc          ] GC(216) Pause Young (System.gc()) 800M->800M(6143M) 2.134ms
[170.500s][info][gc,metaspace] GC(217) Metaspace: 101168K(115456K)->101168K(115456K) NonClass: 72643K(78656K)->72643K(78656K) Class: 28525K(36800K)->28525K(36800K)
[170.500s][info][gc          ] GC(217) Pause Full (System.gc()) 800M->800M(6143M) 760.198ms
[170.501s][info][gc,metaspace] GC(218) Metaspace: 101168K(115456K)->101168K(115456K) NonClass: 72643K(78656K)->72643K(78656K) Class: 28525K(36800K)->28525K(36800K)
[170.501s][info][gc          ] GC(218) Pause Young (System.gc()) 800M->800M(6143M) 0.738ms
[171.218s][info][gc,metaspace] GC(219) Metaspace: 101168K(115456K)->101168K(115456K) NonClass: 72643K(78656K)->72643K(78656K) Class: 28525K(36800K)->28525K(36800K)
[171.218s][info][gc          ] GC(219) Pause Full (System.gc()) 800M->800M(6143M) 716.725ms
[171.220s][info][gc,metaspace] GC(220) Metaspace: 101168K(115456K)->101168K(115456K) NonClass: 72643K(78656K)->72643K(78656K) Class: 28525K(36800K)->28525K(36800K)
[171.220s][info][gc          ] GC(220) Pause Young (System.gc()) 800M->800M(6143M) 2.158ms
[171.965s][info][gc,metaspace] GC(221) Metaspace: 101168K(115456K)->101168K(115456K) NonClass: 72643K(78656K)->72643K(78656K) Class: 28525K(36800K)->28525K(36800K)
[171.965s][info][gc          ] GC(221) Pause Full (System.gc()) 800M->800M(6143M) 744.822ms
[171.966s][info][gc,metaspace] GC(222) Metaspace: 101168K(115456K)->101168K(115456K) NonClass: 72643K(78656K)->72643K(78656K) Class: 28525K(36800K)->28525K(36800K)
[171.966s][info][gc          ] GC(222) Pause Young (System.gc()) 800M->800M(6143M) 0.746ms
[172.693s][info][gc,metaspace] GC(223) Metaspace: 101168K(115456K)->101168K(115456K) NonClass: 72643K(78656K)->72643K(78656K) Class: 28525K(36800K)->28525K(36800K)
[172.693s][info][gc          ] GC(223) Pause Full (System.gc()) 800M->800M(6143M) 726.891ms
[172.695s][info][gc,metaspace] GC(224) Metaspace: 101168K(115456K)->101168K(115456K) NonClass: 72643K(78656K)->72643K(78656K) Class: 28525K(36800K)->28525K(36800K)
[172.695s][info][gc          ] GC(224) Pause Young (System.gc()) 800M->800M(6143M) 2.059ms
[173.410s][info][gc,metaspace] GC(225) Metaspace: 101168K(115456K)->101168K(115456K) NonClass: 72643K(78656K)->72643K(78656K) Class: 28525K(36800K)->28525K(36800K)
[173.410s][info][gc          ] GC(225) Pause Full (System.gc()) 800M->800M(6143M) 714.856ms
[173.412s][info][gc,metaspace] GC(226) Metaspace: 101168K(115456K)->101168K(115456K) NonClass: 72643K(78656K)->72643K(78656K) Class: 28525K(36800K)->28525K(36800K)
[173.412s][info][gc          ] GC(226) Pause Young (System.gc()) 800M->800M(6143M) 1.815ms
[174.157s][info][gc,metaspace] GC(227) Metaspace: 101168K(115456K)->101168K(115456K) NonClass: 72643K(78656K)->72643K(78656K) Class: 28525K(36800K)->28525K(36800K)
[174.157s][info][gc          ] GC(227) Pause Full (System.gc()) 800M->800M(6143M) 744.989ms
[174.158s][info][gc,metaspace] GC(228) Metaspace: 101168K(115456K)->101168K(115456K) NonClass: 72643K(78656K)->72643K(78656K) Class: 28525K(36800K)->28525K(36800K)
[174.158s][info][gc          ] GC(228) Pause Young (System.gc()) 800M->800M(6143M) 0.756ms
[174.894s][info][gc,metaspace] GC(229) Metaspace: 101168K(115456K)->101168K(115456K) NonClass: 72643K(78656K)->72643K(78656K) Class: 28525K(36800K)->28525K(36800K)
[174.894s][info][gc          ] GC(229) Pause Full (System.gc()) 800M->800M(6143M) 736.393ms
[174.896s][info][gc,metaspace] GC(230) Metaspace: 101168K(115456K)->101168K(115456K) NonClass: 72643K(78656K)->72643K(78656K) Class: 28525K(36800K)->28525K(36800K)
[174.896s][info][gc          ] GC(230) Pause Young (System.gc()) 800M->800M(6143M) 1.977ms
[175.639s][info][gc,metaspace] GC(231) Metaspace: 101168K(115456K)->101168K(115456K) NonClass: 72643K(78656K)->72643K(78656K) Class: 28525K(36800K)->28525K(36800K)
[175.639s][info][gc          ] GC(231) Pause Full (System.gc()) 800M->800M(6143M) 742.247ms
[175.641s][info][gc,metaspace] GC(232) Metaspace: 101168K(115456K)->101168K(115456K) NonClass: 72643K(78656K)->72643K(78656K) Class: 28525K(36800K)->28525K(36800K)
[175.641s][info][gc          ] GC(232) Pause Young (System.gc()) 800M->800M(6143M) 2.091ms
[176.371s][info][gc,metaspace] GC(233) Metaspace: 101168K(115456K)->101168K(115456K) NonClass: 72643K(78656K)->72643K(78656K) Class: 28525K(36800K)->28525K(36800K)
[176.371s][info][gc          ] GC(233) Pause Full (System.gc()) 800M->800M(6143M) 729.872ms
After GCs... 
