Done; will start GCs... 
[7.934s][info][gc,metaspace] GC(3) Metaspace: 26165K(27008K)->26165K(27008K) NonClass: 21579K(21952K)->21579K(21952K) Class: 4586K(5056K)->4586K(5056K)
[7.934s][info][gc          ] GC(3) Pause Full (System.gc()) 787M->775M(6144M) 452.712ms
[8.298s][info][gc,metaspace] GC(4) Metaspace: 26165K(27008K)->26165K(27008K) NonClass: 21579K(21952K)->21579K(21952K) Class: 4586K(5056K)->4586K(5056K)
[8.298s][info][gc          ] GC(4) Pause Full (System.gc()) 775M->775M(6144M) 363.786ms
[8.644s][info][gc,metaspace] GC(5) Metaspace: 26165K(27008K)->26165K(27008K) NonClass: 21579K(21952K)->21579K(21952K) Class: 4586K(5056K)->4586K(5056K)
[8.644s][info][gc          ] GC(5) Pause Full (System.gc()) 775M->775M(6144M) 346.043ms
[9.000s][info][gc,metaspace] GC(6) Metaspace: 26165K(27008K)->26165K(27008K) NonClass: 21579K(21952K)->21579K(21952K) Class: 4586K(5056K)->4586K(5056K)
[9.000s][info][gc          ] GC(6) Pause Full (System.gc()) 775M->775M(6144M) 356.230ms
[9.363s][info][gc,metaspace] GC(7) Metaspace: 26165K(27008K)->26165K(27008K) NonClass: 21579K(21952K)->21579K(21952K) Class: 4586K(5056K)->4586K(5056K)
[9.363s][info][gc          ] GC(7) Pause Full (System.gc()) 775M->775M(6144M) 362.735ms
[9.726s][info][gc,metaspace] GC(8) Metaspace: 26165K(27008K)->26165K(27008K) NonClass: 21579K(21952K)->21579K(21952K) Class: 4586K(5056K)->4586K(5056K)
[9.726s][info][gc          ] GC(8) Pause Full (System.gc()) 775M->775M(6144M) 363.163ms
[10.086s][info][gc,metaspace] GC(9) Metaspace: 26166K(27008K)->26166K(27008K) NonClass: 21579K(21952K)->21579K(21952K) Class: 4586K(5056K)->4586K(5056K)
[10.086s][info][gc          ] GC(9) Pause Full (System.gc()) 775M->775M(6144M) 359.553ms
[10.470s][info][gc,metaspace] GC(10) Metaspace: 26166K(27008K)->26166K(27008K) NonClass: 21579K(21952K)->21579K(21952K) Class: 4586K(5056K)->4586K(5056K)
[10.470s][info][gc          ] GC(10) Pause Full (System.gc()) 775M->775M(6144M) 383.835ms
[10.830s][info][gc,metaspace] GC(11) Metaspace: 26166K(27008K)->26166K(27008K) NonClass: 21579K(21952K)->21579K(21952K) Class: 4586K(5056K)->4586K(5056K)
[10.830s][info][gc          ] GC(11) Pause Full (System.gc()) 775M->775M(6144M) 360.085ms
[11.203s][info][gc,metaspace] GC(12) Metaspace: 26166K(27008K)->26166K(27008K) NonClass: 21579K(21952K)->21579K(21952K) Class: 4586K(5056K)->4586K(5056K)
[11.203s][info][gc          ] GC(12) Pause Full (System.gc()) 775M->775M(6144M) 373.178ms
[11.592s][info][gc,metaspace] GC(13) Metaspace: 26166K(27008K)->26166K(27008K) NonClass: 21579K(21952K)->21579K(21952K) Class: 4586K(5056K)->4586K(5056K)
[11.592s][info][gc          ] GC(13) Pause Full (System.gc()) 775M->775M(6144M) 388.740ms
[11.955s][info][gc,metaspace] GC(14) Metaspace: 26166K(27008K)->26166K(27008K) NonClass: 21579K(21952K)->21579K(21952K) Class: 4586K(5056K)->4586K(5056K)
[11.956s][info][gc          ] GC(14) Pause Full (System.gc()) 775M->775M(6144M) 363.369ms
[12.322s][info][gc,metaspace] GC(15) Metaspace: 26166K(27008K)->26166K(27008K) NonClass: 21579K(21952K)->21579K(21952K) Class: 4586K(5056K)->4586K(5056K)
[12.322s][info][gc          ] GC(15) Pause Full (System.gc()) 775M->775M(6144M) 366.660ms
[12.682s][info][gc,metaspace] GC(16) Metaspace: 26166K(27008K)->26166K(27008K) NonClass: 21579K(21952K)->21579K(21952K) Class: 4586K(5056K)->4586K(5056K)
[12.682s][info][gc          ] GC(16) Pause Full (System.gc()) 775M->775M(6144M) 359.273ms
[13.080s][info][gc,metaspace] GC(17) Metaspace: 26166K(27008K)->26166K(27008K) NonClass: 21579K(21952K)->21579K(21952K) Class: 4586K(5056K)->4586K(5056K)
[13.081s][info][gc          ] GC(17) Pause Full (System.gc()) 775M->775M(6144M) 394.463ms
[13.465s][info][gc,metaspace] GC(18) Metaspace: 26166K(27008K)->26166K(27008K) NonClass: 21579K(21952K)->21579K(21952K) Class: 4586K(5056K)->4586K(5056K)
[13.465s][info][gc          ] GC(18) Pause Full (System.gc()) 775M->775M(6144M) 384.603ms
[13.843s][info][gc,metaspace] GC(19) Metaspace: 26166K(27008K)->26166K(27008K) NonClass: 21579K(21952K)->21579K(21952K) Class: 4586K(5056K)->4586K(5056K)
[13.843s][info][gc          ] GC(19) Pause Full (System.gc()) 775M->775M(6144M) 378.145ms
[14.219s][info][gc,metaspace] GC(20) Metaspace: 26166K(27008K)->26166K(27008K) NonClass: 21579K(21952K)->21579K(21952K) Class: 4586K(5056K)->4586K(5056K)
[14.219s][info][gc          ] GC(20) Pause Full (System.gc()) 775M->775M(6144M) 376.001ms
[14.616s][info][gc,metaspace] GC(21) Metaspace: 26166K(27008K)->26166K(27008K) NonClass: 21579K(21952K)->21579K(21952K) Class: 4586K(5056K)->4586K(5056K)
[14.616s][info][gc          ] GC(21) Pause Full (System.gc()) 775M->775M(6144M) 396.454ms
[14.963s][info][gc,metaspace] GC(22) Metaspace: 26166K(27008K)->26166K(27008K) NonClass: 21579K(21952K)->21579K(21952K) Class: 4586K(5056K)->4586K(5056K)
[14.963s][info][gc          ] GC(22) Pause Full (System.gc()) 775M->775M(6144M) 346.821ms
[15.326s][info][gc,metaspace] GC(23) Metaspace: 26166K(27008K)->26166K(27008K) NonClass: 21579K(21952K)->21579K(21952K) Class: 4586K(5056K)->4586K(5056K)
[15.326s][info][gc          ] GC(23) Pause Full (System.gc()) 775M->775M(6144M) 363.273ms
[15.685s][info][gc,metaspace] GC(24) Metaspace: 26166K(27008K)->26166K(27008K) NonClass: 21579K(21952K)->21579K(21952K) Class: 4586K(5056K)->4586K(5056K)
[15.685s][info][gc          ] GC(24) Pause Full (System.gc()) 775M->775M(6144M) 359.071ms
[16.038s][info][gc,metaspace] GC(25) Metaspace: 26166K(27008K)->26166K(27008K) NonClass: 21579K(21952K)->21579K(21952K) Class: 4586K(5056K)->4586K(5056K)
[16.038s][info][gc          ] GC(25) Pause Full (System.gc()) 775M->775M(6144M) 352.718ms
[16.385s][info][gc,metaspace] GC(26) Metaspace: 26166K(27008K)->26166K(27008K) NonClass: 21579K(21952K)->21579K(21952K) Class: 4586K(5056K)->4586K(5056K)
[16.385s][info][gc          ] GC(26) Pause Full (System.gc()) 775M->775M(6144M) 346.674ms
[16.770s][info][gc,metaspace] GC(27) Metaspace: 26166K(27008K)->26166K(27008K) NonClass: 21579K(21952K)->21579K(21952K) Class: 4586K(5056K)->4586K(5056K)
[16.770s][info][gc          ] GC(27) Pause Full (System.gc()) 775M->775M(6144M) 384.974ms
[17.145s][info][gc,metaspace] GC(28) Metaspace: 26166K(27008K)->26166K(27008K) NonClass: 21579K(21952K)->21579K(21952K) Class: 4586K(5056K)->4586K(5056K)
[17.146s][info][gc          ] GC(28) Pause Full (System.gc()) 775M->775M(6144M) 375.621ms
[17.527s][info][gc,metaspace] GC(29) Metaspace: 26166K(27008K)->26166K(27008K) NonClass: 21579K(21952K)->21579K(21952K) Class: 4586K(5056K)->4586K(5056K)
[17.527s][info][gc          ] GC(29) Pause Full (System.gc()) 775M->775M(6144M) 381.057ms
[17.893s][info][gc,metaspace] GC(30) Metaspace: 26166K(27008K)->26166K(27008K) NonClass: 21579K(21952K)->21579K(21952K) Class: 4586K(5056K)->4586K(5056K)
[17.893s][info][gc          ] GC(30) Pause Full (System.gc()) 775M->775M(6144M) 366.455ms
[18.297s][info][gc,metaspace] GC(31) Metaspace: 26166K(27008K)->26166K(27008K) NonClass: 21579K(21952K)->21579K(21952K) Class: 4586K(5056K)->4586K(5056K)
[18.297s][info][gc          ] GC(31) Pause Full (System.gc()) 775M->775M(6144M) 399.142ms
[18.668s][info][gc,metaspace] GC(32) Metaspace: 26166K(27008K)->26166K(27008K) NonClass: 21579K(21952K)->21579K(21952K) Class: 4586K(5056K)->4586K(5056K)
[18.668s][info][gc          ] GC(32) Pause Full (System.gc()) 775M->775M(6144M) 371.874ms
[19.029s][info][gc,metaspace] GC(33) Metaspace: 26166K(27008K)->26166K(27008K) NonClass: 21579K(21952K)->21579K(21952K) Class: 4586K(5056K)->4586K(5056K)
[19.030s][info][gc          ] GC(33) Pause Full (System.gc()) 775M->775M(6144M) 360.975ms
[19.387s][info][gc,metaspace] GC(34) Metaspace: 26166K(27008K)->26166K(27008K) NonClass: 21579K(21952K)->21579K(21952K) Class: 4586K(5056K)->4586K(5056K)
[19.387s][info][gc          ] GC(34) Pause Full (System.gc()) 775M->775M(6144M) 357.145ms
[19.753s][info][gc,metaspace] GC(35) Metaspace: 26166K(27008K)->26166K(27008K) NonClass: 21579K(21952K)->21579K(21952K) Class: 4586K(5056K)->4586K(5056K)
[19.753s][info][gc          ] GC(35) Pause Full (System.gc()) 775M->775M(6144M) 366.430ms
[20.118s][info][gc,metaspace] GC(36) Metaspace: 26166K(27008K)->26166K(27008K) NonClass: 21579K(21952K)->21579K(21952K) Class: 4586K(5056K)->4586K(5056K)
[20.119s][info][gc          ] GC(36) Pause Full (System.gc()) 775M->775M(6144M) 365.284ms
[20.505s][info][gc,metaspace] GC(37) Metaspace: 26166K(27008K)->26166K(27008K) NonClass: 21579K(21952K)->21579K(21952K) Class: 4586K(5056K)->4586K(5056K)
[20.505s][info][gc          ] GC(37) Pause Full (System.gc()) 775M->775M(6144M) 385.980ms
[20.911s][info][gc,metaspace] GC(38) Metaspace: 26166K(27008K)->26166K(27008K) NonClass: 21579K(21952K)->21579K(21952K) Class: 4586K(5056K)->4586K(5056K)
[20.911s][info][gc          ] GC(38) Pause Full (System.gc()) 775M->775M(6144M) 406.149ms
[21.290s][info][gc,metaspace] GC(39) Metaspace: 26166K(27008K)->26166K(27008K) NonClass: 21579K(21952K)->21579K(21952K) Class: 4586K(5056K)->4586K(5056K)
[21.290s][info][gc          ] GC(39) Pause Full (System.gc()) 775M->775M(6144M) 379.629ms
[21.663s][info][gc,metaspace] GC(40) Metaspace: 26166K(27008K)->26166K(27008K) NonClass: 21579K(21952K)->21579K(21952K) Class: 4586K(5056K)->4586K(5056K)
[21.663s][info][gc          ] GC(40) Pause Full (System.gc()) 775M->775M(6144M) 372.779ms
[22.029s][info][gc,metaspace] GC(41) Metaspace: 26166K(27008K)->26166K(27008K) NonClass: 21579K(21952K)->21579K(21952K) Class: 4586K(5056K)->4586K(5056K)
[22.029s][info][gc          ] GC(41) Pause Full (System.gc()) 775M->775M(6144M) 365.889ms
[22.388s][info][gc,metaspace] GC(42) Metaspace: 26166K(27008K)->26166K(27008K) NonClass: 21579K(21952K)->21579K(21952K) Class: 4586K(5056K)->4586K(5056K)
[22.388s][info][gc          ] GC(42) Pause Full (System.gc()) 775M->775M(6144M) 359.106ms
[22.798s][info][gc,metaspace] GC(43) Metaspace: 26166K(27008K)->26166K(27008K) NonClass: 21579K(21952K)->21579K(21952K) Class: 4586K(5056K)->4586K(5056K)
[22.798s][info][gc          ] GC(43) Pause Full (System.gc()) 775M->775M(6144M) 409.835ms
[23.163s][info][gc,metaspace] GC(44) Metaspace: 26166K(27008K)->26166K(27008K) NonClass: 21579K(21952K)->21579K(21952K) Class: 4586K(5056K)->4586K(5056K)
[23.163s][info][gc          ] GC(44) Pause Full (System.gc()) 775M->775M(6144M) 364.946ms
[23.584s][info][gc,metaspace] GC(45) Metaspace: 26166K(27008K)->26166K(27008K) NonClass: 21579K(21952K)->21579K(21952K) Class: 4586K(5056K)->4586K(5056K)
[23.584s][info][gc          ] GC(45) Pause Full (System.gc()) 775M->775M(6144M) 416.510ms
[23.980s][info][gc,metaspace] GC(46) Metaspace: 26166K(27008K)->26166K(27008K) NonClass: 21579K(21952K)->21579K(21952K) Class: 4586K(5056K)->4586K(5056K)
[23.980s][info][gc          ] GC(46) Pause Full (System.gc()) 775M->775M(6144M) 395.623ms
[24.341s][info][gc,metaspace] GC(47) Metaspace: 26166K(27008K)->26166K(27008K) NonClass: 21579K(21952K)->21579K(21952K) Class: 4586K(5056K)->4586K(5056K)
[24.342s][info][gc          ] GC(47) Pause Full (System.gc()) 775M->775M(6144M) 361.700ms
[24.715s][info][gc,metaspace] GC(48) Metaspace: 26166K(27008K)->26166K(27008K) NonClass: 21579K(21952K)->21579K(21952K) Class: 4586K(5056K)->4586K(5056K)
[24.715s][info][gc          ] GC(48) Pause Full (System.gc()) 775M->775M(6144M) 373.636ms
[25.076s][info][gc,metaspace] GC(49) Metaspace: 26166K(27008K)->26166K(27008K) NonClass: 21579K(21952K)->21579K(21952K) Class: 4586K(5056K)->4586K(5056K)
[25.076s][info][gc          ] GC(49) Pause Full (System.gc()) 775M->775M(6144M) 361.098ms
[25.452s][info][gc,metaspace] GC(50) Metaspace: 26166K(27008K)->26166K(27008K) NonClass: 21579K(21952K)->21579K(21952K) Class: 4586K(5056K)->4586K(5056K)
[25.452s][info][gc          ] GC(50) Pause Full (System.gc()) 775M->775M(6144M) 375.416ms
[25.876s][info][gc,metaspace] GC(51) Metaspace: 26166K(27008K)->26166K(27008K) NonClass: 21579K(21952K)->21579K(21952K) Class: 4586K(5056K)->4586K(5056K)
[25.876s][info][gc          ] GC(51) Pause Full (System.gc()) 775M->775M(6144M) 424.536ms
[26.277s][info][gc,metaspace] GC(52) Metaspace: 26166K(27008K)->26166K(27008K) NonClass: 21579K(21952K)->21579K(21952K) Class: 4586K(5056K)->4586K(5056K)
[26.277s][info][gc          ] GC(52) Pause Full (System.gc()) 775M->775M(6144M) 400.423ms
[26.640s][info][gc,metaspace] GC(53) Metaspace: 26166K(27008K)->26166K(27008K) NonClass: 21579K(21952K)->21579K(21952K) Class: 4586K(5056K)->4586K(5056K)
[26.640s][info][gc          ] GC(53) Pause Full (System.gc()) 775M->775M(6144M) 363.439ms
[26.996s][info][gc,metaspace] GC(54) Metaspace: 26166K(27008K)->26166K(27008K) NonClass: 21579K(21952K)->21579K(21952K) Class: 4586K(5056K)->4586K(5056K)
[26.996s][info][gc          ] GC(54) Pause Full (System.gc()) 775M->775M(6144M) 355.263ms
[27.358s][info][gc,metaspace] GC(55) Metaspace: 26166K(27008K)->26166K(27008K) NonClass: 21579K(21952K)->21579K(21952K) Class: 4586K(5056K)->4586K(5056K)
[27.358s][info][gc          ] GC(55) Pause Full (System.gc()) 775M->775M(6144M) 362.756ms
[27.723s][info][gc,metaspace] GC(56) Metaspace: 26166K(27008K)->26166K(27008K) NonClass: 21579K(21952K)->21579K(21952K) Class: 4586K(5056K)->4586K(5056K)
[27.723s][info][gc          ] GC(56) Pause Full (System.gc()) 775M->775M(6144M) 364.160ms
[28.071s][info][gc,metaspace] GC(57) Metaspace: 26166K(27008K)->26166K(27008K) NonClass: 21579K(21952K)->21579K(21952K) Class: 4586K(5056K)->4586K(5056K)
[28.072s][info][gc          ] GC(57) Pause Full (System.gc()) 775M->775M(6144M) 348.805ms
[28.449s][info][gc,metaspace] GC(58) Metaspace: 26166K(27008K)->26166K(27008K) NonClass: 21579K(21952K)->21579K(21952K) Class: 4586K(5056K)->4586K(5056K)
[28.449s][info][gc          ] GC(58) Pause Full (System.gc()) 775M->775M(6144M) 377.766ms
[28.873s][info][gc,metaspace] GC(59) Metaspace: 26166K(27008K)->26166K(27008K) NonClass: 21579K(21952K)->21579K(21952K) Class: 4586K(5056K)->4586K(5056K)
[28.873s][info][gc          ] GC(59) Pause Full (System.gc()) 775M->775M(6144M) 419.711ms
[29.263s][info][gc,metaspace] GC(60) Metaspace: 26166K(27008K)->26166K(27008K) NonClass: 21579K(21952K)->21579K(21952K) Class: 4586K(5056K)->4586K(5056K)
[29.263s][info][gc          ] GC(60) Pause Full (System.gc()) 775M->775M(6144M) 389.809ms
[29.638s][info][gc,metaspace] GC(61) Metaspace: 26166K(27008K)->26166K(27008K) NonClass: 21579K(21952K)->21579K(21952K) Class: 4586K(5056K)->4586K(5056K)
[29.638s][info][gc          ] GC(61) Pause Full (System.gc()) 775M->775M(6144M) 374.726ms
[29.982s][info][gc,metaspace] GC(62) Metaspace: 26166K(27008K)->26166K(27008K) NonClass: 21579K(21952K)->21579K(21952K) Class: 4586K(5056K)->4586K(5056K)
[29.982s][info][gc          ] GC(62) Pause Full (System.gc()) 775M->775M(6144M) 343.779ms
[30.338s][info][gc,metaspace] GC(63) Metaspace: 26166K(27008K)->26166K(27008K) NonClass: 21579K(21952K)->21579K(21952K) Class: 4586K(5056K)->4586K(5056K)
[30.338s][info][gc          ] GC(63) Pause Full (System.gc()) 775M->775M(6144M) 355.914ms
[30.699s][info][gc,metaspace] GC(64) Metaspace: 26166K(27008K)->26166K(27008K) NonClass: 21579K(21952K)->21579K(21952K) Class: 4586K(5056K)->4586K(5056K)
[30.699s][info][gc          ] GC(64) Pause Full (System.gc()) 775M->775M(6144M) 361.491ms
[31.048s][info][gc,metaspace] GC(65) Metaspace: 26166K(27008K)->26166K(27008K) NonClass: 21579K(21952K)->21579K(21952K) Class: 4586K(5056K)->4586K(5056K)
[31.048s][info][gc          ] GC(65) Pause Full (System.gc()) 775M->775M(6144M) 348.312ms
[31.400s][info][gc,metaspace] GC(66) Metaspace: 26166K(27008K)->26166K(27008K) NonClass: 21579K(21952K)->21579K(21952K) Class: 4586K(5056K)->4586K(5056K)
[31.400s][info][gc          ] GC(66) Pause Full (System.gc()) 775M->775M(6144M) 352.018ms
[31.770s][info][gc,metaspace] GC(67) Metaspace: 26166K(27008K)->26166K(27008K) NonClass: 21579K(21952K)->21579K(21952K) Class: 4586K(5056K)->4586K(5056K)
[31.770s][info][gc          ] GC(67) Pause Full (System.gc()) 775M->775M(6144M) 370.330ms
[32.126s][info][gc,metaspace] GC(68) Metaspace: 26166K(27008K)->26166K(27008K) NonClass: 21579K(21952K)->21579K(21952K) Class: 4586K(5056K)->4586K(5056K)
[32.126s][info][gc          ] GC(68) Pause Full (System.gc()) 775M->775M(6144M) 356.218ms
[32.506s][info][gc,metaspace] GC(69) Metaspace: 26166K(27008K)->26166K(27008K) NonClass: 21579K(21952K)->21579K(21952K) Class: 4586K(5056K)->4586K(5056K)
[32.506s][info][gc          ] GC(69) Pause Full (System.gc()) 775M->775M(6144M) 379.095ms
[32.865s][info][gc,metaspace] GC(70) Metaspace: 26166K(27008K)->26166K(27008K) NonClass: 21579K(21952K)->21579K(21952K) Class: 4586K(5056K)->4586K(5056K)
[32.865s][info][gc          ] GC(70) Pause Full (System.gc()) 775M->775M(6144M) 359.851ms
[33.262s][info][gc,metaspace] GC(71) Metaspace: 26166K(27008K)->26166K(27008K) NonClass: 21579K(21952K)->21579K(21952K) Class: 4586K(5056K)->4586K(5056K)
[33.262s][info][gc          ] GC(71) Pause Full (System.gc()) 775M->775M(6144M) 396.392ms
[33.646s][info][gc,metaspace] GC(72) Metaspace: 26166K(27008K)->26166K(27008K) NonClass: 21579K(21952K)->21579K(21952K) Class: 4586K(5056K)->4586K(5056K)
[33.647s][info][gc          ] GC(72) Pause Full (System.gc()) 775M->775M(6144M) 384.564ms
[34.054s][info][gc,metaspace] GC(73) Metaspace: 26166K(27008K)->26166K(27008K) NonClass: 21579K(21952K)->21579K(21952K) Class: 4586K(5056K)->4586K(5056K)
[34.055s][info][gc          ] GC(73) Pause Full (System.gc()) 775M->775M(6144M) 403.656ms
[34.439s][info][gc,metaspace] GC(74) Metaspace: 26166K(27008K)->26166K(27008K) NonClass: 21579K(21952K)->21579K(21952K) Class: 4586K(5056K)->4586K(5056K)
[34.439s][info][gc          ] GC(74) Pause Full (System.gc()) 775M->775M(6144M) 384.851ms
[34.833s][info][gc,metaspace] GC(75) Metaspace: 26166K(27008K)->26166K(27008K) NonClass: 21579K(21952K)->21579K(21952K) Class: 4586K(5056K)->4586K(5056K)
[34.833s][info][gc          ] GC(75) Pause Full (System.gc()) 775M->775M(6144M) 393.189ms
[35.207s][info][gc,metaspace] GC(76) Metaspace: 26166K(27008K)->26166K(27008K) NonClass: 21579K(21952K)->21579K(21952K) Class: 4586K(5056K)->4586K(5056K)
[35.207s][info][gc          ] GC(76) Pause Full (System.gc()) 775M->775M(6144M) 374.037ms
[35.581s][info][gc,metaspace] GC(77) Metaspace: 26166K(27008K)->26166K(27008K) NonClass: 21579K(21952K)->21579K(21952K) Class: 4586K(5056K)->4586K(5056K)
[35.581s][info][gc          ] GC(77) Pause Full (System.gc()) 775M->775M(6144M) 374.134ms
[35.957s][info][gc,metaspace] GC(78) Metaspace: 26166K(27008K)->26166K(27008K) NonClass: 21579K(21952K)->21579K(21952K) Class: 4586K(5056K)->4586K(5056K)
[35.957s][info][gc          ] GC(78) Pause Full (System.gc()) 775M->775M(6144M) 376.217ms
[36.313s][info][gc,metaspace] GC(79) Metaspace: 26166K(27008K)->26166K(27008K) NonClass: 21579K(21952K)->21579K(21952K) Class: 4586K(5056K)->4586K(5056K)
[36.313s][info][gc          ] GC(79) Pause Full (System.gc()) 775M->775M(6144M) 355.954ms
[36.677s][info][gc,metaspace] GC(80) Metaspace: 26166K(27008K)->26166K(27008K) NonClass: 21579K(21952K)->21579K(21952K) Class: 4586K(5056K)->4586K(5056K)
[36.677s][info][gc          ] GC(80) Pause Full (System.gc()) 775M->775M(6144M) 364.221ms
[37.036s][info][gc,metaspace] GC(81) Metaspace: 26166K(27008K)->26166K(27008K) NonClass: 21579K(21952K)->21579K(21952K) Class: 4586K(5056K)->4586K(5056K)
[37.036s][info][gc          ] GC(81) Pause Full (System.gc()) 775M->775M(6144M) 358.537ms
[37.438s][info][gc,metaspace] GC(82) Metaspace: 26166K(27008K)->26166K(27008K) NonClass: 21579K(21952K)->21579K(21952K) Class: 4586K(5056K)->4586K(5056K)
[37.438s][info][gc          ] GC(82) Pause Full (System.gc()) 775M->775M(6144M) 402.013ms
[37.800s][info][gc,metaspace] GC(83) Metaspace: 26166K(27008K)->26166K(27008K) NonClass: 21579K(21952K)->21579K(21952K) Class: 4586K(5056K)->4586K(5056K)
[37.800s][info][gc          ] GC(83) Pause Full (System.gc()) 775M->775M(6144M) 362.230ms
[38.170s][info][gc,metaspace] GC(84) Metaspace: 26166K(27008K)->26166K(27008K) NonClass: 21579K(21952K)->21579K(21952K) Class: 4586K(5056K)->4586K(5056K)
[38.170s][info][gc          ] GC(84) Pause Full (System.gc()) 775M->775M(6144M) 369.237ms
[38.546s][info][gc,metaspace] GC(85) Metaspace: 26166K(27008K)->26166K(27008K) NonClass: 21579K(21952K)->21579K(21952K) Class: 4586K(5056K)->4586K(5056K)
[38.546s][info][gc          ] GC(85) Pause Full (System.gc()) 775M->775M(6144M) 375.854ms
[38.930s][info][gc,metaspace] GC(86) Metaspace: 26166K(27008K)->26166K(27008K) NonClass: 21579K(21952K)->21579K(21952K) Class: 4586K(5056K)->4586K(5056K)
[38.930s][info][gc          ] GC(86) Pause Full (System.gc()) 775M->775M(6144M) 383.991ms
[39.346s][info][gc,metaspace] GC(87) Metaspace: 26166K(27008K)->26166K(27008K) NonClass: 21579K(21952K)->21579K(21952K) Class: 4586K(5056K)->4586K(5056K)
[39.346s][info][gc          ] GC(87) Pause Full (System.gc()) 775M->775M(6144M) 412.418ms
[39.712s][info][gc,metaspace] GC(88) Metaspace: 26166K(27008K)->26166K(27008K) NonClass: 21579K(21952K)->21579K(21952K) Class: 4586K(5056K)->4586K(5056K)
[39.712s][info][gc          ] GC(88) Pause Full (System.gc()) 775M->775M(6144M) 365.499ms
[40.088s][info][gc,metaspace] GC(89) Metaspace: 26166K(27008K)->26166K(27008K) NonClass: 21579K(21952K)->21579K(21952K) Class: 4586K(5056K)->4586K(5056K)
[40.088s][info][gc          ] GC(89) Pause Full (System.gc()) 775M->775M(6144M) 375.703ms
[40.490s][info][gc,metaspace] GC(90) Metaspace: 26166K(27008K)->26166K(27008K) NonClass: 21579K(21952K)->21579K(21952K) Class: 4586K(5056K)->4586K(5056K)
[40.490s][info][gc          ] GC(90) Pause Full (System.gc()) 775M->775M(6144M) 401.894ms
[40.893s][info][gc,metaspace] GC(91) Metaspace: 26166K(27008K)->26166K(27008K) NonClass: 21579K(21952K)->21579K(21952K) Class: 4586K(5056K)->4586K(5056K)
[40.893s][info][gc          ] GC(91) Pause Full (System.gc()) 775M->775M(6144M) 403.820ms
[41.281s][info][gc,metaspace] GC(92) Metaspace: 26166K(27008K)->26166K(27008K) NonClass: 21579K(21952K)->21579K(21952K) Class: 4586K(5056K)->4586K(5056K)
[41.281s][info][gc          ] GC(92) Pause Full (System.gc()) 775M->775M(6144M) 387.250ms
[41.657s][info][gc,metaspace] GC(93) Metaspace: 26166K(27008K)->26166K(27008K) NonClass: 21579K(21952K)->21579K(21952K) Class: 4586K(5056K)->4586K(5056K)
[41.658s][info][gc          ] GC(93) Pause Full (System.gc()) 775M->775M(6144M) 376.676ms
[42.007s][info][gc,metaspace] GC(94) Metaspace: 26166K(27008K)->26166K(27008K) NonClass: 21579K(21952K)->21579K(21952K) Class: 4586K(5056K)->4586K(5056K)
[42.007s][info][gc          ] GC(94) Pause Full (System.gc()) 775M->775M(6144M) 349.507ms
[42.356s][info][gc,metaspace] GC(95) Metaspace: 26166K(27008K)->26166K(27008K) NonClass: 21579K(21952K)->21579K(21952K) Class: 4586K(5056K)->4586K(5056K)
[42.356s][info][gc          ] GC(95) Pause Full (System.gc()) 775M->775M(6144M) 349.323ms
[42.723s][info][gc,metaspace] GC(96) Metaspace: 26166K(27008K)->26166K(27008K) NonClass: 21579K(21952K)->21579K(21952K) Class: 4586K(5056K)->4586K(5056K)
[42.723s][info][gc          ] GC(96) Pause Full (System.gc()) 775M->775M(6144M) 366.417ms
[43.079s][info][gc,metaspace] GC(97) Metaspace: 26166K(27008K)->26166K(27008K) NonClass: 21579K(21952K)->21579K(21952K) Class: 4586K(5056K)->4586K(5056K)
[43.079s][info][gc          ] GC(97) Pause Full (System.gc()) 775M->775M(6144M) 356.074ms
[43.460s][info][gc,metaspace] GC(98) Metaspace: 26166K(27008K)->26166K(27008K) NonClass: 21579K(21952K)->21579K(21952K) Class: 4586K(5056K)->4586K(5056K)
[43.460s][info][gc          ] GC(98) Pause Full (System.gc()) 775M->775M(6144M) 380.715ms
[43.823s][info][gc,metaspace] GC(99) Metaspace: 26166K(27008K)->26166K(27008K) NonClass: 21579K(21952K)->21579K(21952K) Class: 4586K(5056K)->4586K(5056K)
[43.823s][info][gc          ] GC(99) Pause Full (System.gc()) 775M->775M(6144M) 363.588ms
[44.174s][info][gc,metaspace] GC(100) Metaspace: 26166K(27008K)->26166K(27008K) NonClass: 21579K(21952K)->21579K(21952K) Class: 4586K(5056K)->4586K(5056K)
[44.174s][info][gc          ] GC(100) Pause Full (System.gc()) 775M->775M(6144M) 350.882ms
[44.589s][info][gc,metaspace] GC(101) Metaspace: 26166K(27008K)->26166K(27008K) NonClass: 21579K(21952K)->21579K(21952K) Class: 4586K(5056K)->4586K(5056K)
[44.589s][info][gc          ] GC(101) Pause Full (System.gc()) 775M->775M(6144M) 410.423ms
[44.951s][info][gc,metaspace] GC(102) Metaspace: 26166K(27008K)->26166K(27008K) NonClass: 21579K(21952K)->21579K(21952K) Class: 4586K(5056K)->4586K(5056K)
[44.951s][info][gc          ] GC(102) Pause Full (System.gc()) 775M->775M(6144M) 362.268ms
After GCs... 
