Done; will start GCs... 
[104.470s][info][gc,metaspace] GC(35) Metaspace: 99496K(113344K)->99496K(113344K) NonClass: 80016K(85952K)->80016K(85952K) Class: 19480K(27392K)->19480K(27392K)
[104.470s][info][gc          ] GC(35) Pause Full (System.gc()) 1347M->1315M(6139M) 806.795ms
[105.077s][info][gc,metaspace] GC(36) Metaspace: 99496K(113344K)->99496K(113344K) NonClass: 80016K(85952K)->80016K(85952K) Class: 19480K(27392K)->19480K(27392K)
[105.077s][info][gc          ] GC(36) Pause Full (System.gc()) 1315M->1315M(6139M) 606.155ms
[105.645s][info][gc,metaspace] GC(37) Metaspace: 99496K(113344K)->99496K(113344K) NonClass: 80016K(85952K)->80016K(85952K) Class: 19480K(27392K)->19480K(27392K)
[105.645s][info][gc          ] GC(37) Pause Full (System.gc()) 1315M->1315M(6139M) 567.994ms
[106.215s][info][gc,metaspace] GC(38) Metaspace: 99496K(113344K)->99496K(113344K) NonClass: 80016K(85952K)->80016K(85952K) Class: 19480K(27392K)->19480K(27392K)
[106.215s][info][gc          ] GC(38) Pause Full (System.gc()) 1315M->1315M(6139M) 569.929ms
[106.788s][info][gc,metaspace] GC(39) Metaspace: 99496K(113344K)->99496K(113344K) NonClass: 80016K(85952K)->80016K(85952K) Class: 19480K(27392K)->19480K(27392K)
[106.788s][info][gc          ] GC(39) Pause Full (System.gc()) 1315M->1315M(6139M) 572.435ms
[107.361s][info][gc,metaspace] GC(40) Metaspace: 99496K(113344K)->99496K(113344K) NonClass: 80016K(85952K)->80016K(85952K) Class: 19480K(27392K)->19480K(27392K)
[107.361s][info][gc          ] GC(40) Pause Full (System.gc()) 1315M->1315M(6139M) 572.941ms
[107.944s][info][gc,metaspace] GC(41) Metaspace: 99496K(113344K)->99496K(113344K) NonClass: 80016K(85952K)->80016K(85952K) Class: 19480K(27392K)->19480K(27392K)
[107.944s][info][gc          ] GC(41) Pause Full (System.gc()) 1315M->1315M(6139M) 583.019ms
[108.511s][info][gc,metaspace] GC(42) Metaspace: 99496K(113344K)->99496K(113344K) NonClass: 80016K(85952K)->80016K(85952K) Class: 19480K(27392K)->19480K(27392K)
[108.511s][info][gc          ] GC(42) Pause Full (System.gc()) 1315M->1315M(6139M) 566.533ms
[109.096s][info][gc,metaspace] GC(43) Metaspace: 99496K(113344K)->99496K(113344K) NonClass: 80016K(85952K)->80016K(85952K) Class: 19480K(27392K)->19480K(27392K)
[109.096s][info][gc          ] GC(43) Pause Full (System.gc()) 1315M->1315M(6139M) 584.726ms
[109.675s][info][gc,metaspace] GC(44) Metaspace: 99496K(113344K)->99496K(113344K) NonClass: 80016K(85952K)->80016K(85952K) Class: 19480K(27392K)->19480K(27392K)
[109.675s][info][gc          ] GC(44) Pause Full (System.gc()) 1315M->1315M(6139M) 574.612ms
[110.245s][info][gc,metaspace] GC(45) Metaspace: 99496K(113344K)->99496K(113344K) NonClass: 80016K(85952K)->80016K(85952K) Class: 19480K(27392K)->19480K(27392K)
[110.245s][info][gc          ] GC(45) Pause Full (System.gc()) 1315M->1315M(6139M) 570.308ms
[110.828s][info][gc,metaspace] GC(46) Metaspace: 99496K(113344K)->99496K(113344K) NonClass: 80016K(85952K)->80016K(85952K) Class: 19480K(27392K)->19480K(27392K)
[110.828s][info][gc          ] GC(46) Pause Full (System.gc()) 1315M->1315M(6139M) 582.422ms
[111.392s][info][gc,metaspace] GC(47) Metaspace: 99496K(113344K)->99496K(113344K) NonClass: 80016K(85952K)->80016K(85952K) Class: 19480K(27392K)->19480K(27392K)
[111.392s][info][gc          ] GC(47) Pause Full (System.gc()) 1315M->1315M(6139M) 563.861ms
[111.961s][info][gc,metaspace] GC(48) Metaspace: 99496K(113344K)->99496K(113344K) NonClass: 80016K(85952K)->80016K(85952K) Class: 19480K(27392K)->19480K(27392K)
[111.961s][info][gc          ] GC(48) Pause Full (System.gc()) 1315M->1315M(6139M) 568.717ms
[112.541s][info][gc,metaspace] GC(49) Metaspace: 99496K(113344K)->99496K(113344K) NonClass: 80016K(85952K)->80016K(85952K) Class: 19480K(27392K)->19480K(27392K)
[112.541s][info][gc          ] GC(49) Pause Full (System.gc()) 1315M->1315M(6139M) 580.269ms
[113.114s][info][gc,metaspace] GC(50) Metaspace: 99496K(113344K)->99496K(113344K) NonClass: 80016K(85952K)->80016K(85952K) Class: 19480K(27392K)->19480K(27392K)
[113.114s][info][gc          ] GC(50) Pause Full (System.gc()) 1315M->1315M(6139M) 573.101ms
[113.694s][info][gc,metaspace] GC(51) Metaspace: 99496K(113344K)->99496K(113344K) NonClass: 80016K(85952K)->80016K(85952K) Class: 19480K(27392K)->19480K(27392K)
[113.694s][info][gc          ] GC(51) Pause Full (System.gc()) 1315M->1315M(6139M) 579.212ms
[114.262s][info][gc,metaspace] GC(52) Metaspace: 99496K(113344K)->99496K(113344K) NonClass: 80016K(85952K)->80016K(85952K) Class: 19480K(27392K)->19480K(27392K)
[114.262s][info][gc          ] GC(52) Pause Full (System.gc()) 1315M->1315M(6139M) 568.161ms
[114.841s][info][gc,metaspace] GC(53) Metaspace: 99496K(113344K)->99496K(113344K) NonClass: 80016K(85952K)->80016K(85952K) Class: 19480K(27392K)->19480K(27392K)
[114.841s][info][gc          ] GC(53) Pause Full (System.gc()) 1315M->1315M(6139M) 574.201ms
[115.408s][info][gc,metaspace] GC(54) Metaspace: 99496K(113344K)->99496K(113344K) NonClass: 80016K(85952K)->80016K(85952K) Class: 19480K(27392K)->19480K(27392K)
[115.408s][info][gc          ] GC(54) Pause Full (System.gc()) 1315M->1315M(6139M) 567.006ms
[115.977s][info][gc,metaspace] GC(55) Metaspace: 99496K(113344K)->99496K(113344K) NonClass: 80016K(85952K)->80016K(85952K) Class: 19480K(27392K)->19480K(27392K)
[115.977s][info][gc          ] GC(55) Pause Full (System.gc()) 1315M->1315M(6139M) 569.067ms
[116.552s][info][gc,metaspace] GC(56) Metaspace: 99496K(113344K)->99496K(113344K) NonClass: 80016K(85952K)->80016K(85952K) Class: 19480K(27392K)->19480K(27392K)
[116.552s][info][gc          ] GC(56) Pause Full (System.gc()) 1315M->1315M(6139M) 574.574ms
[117.123s][info][gc,metaspace] GC(57) Metaspace: 99496K(113344K)->99496K(113344K) NonClass: 80016K(85952K)->80016K(85952K) Class: 19480K(27392K)->19480K(27392K)
[117.124s][info][gc          ] GC(57) Pause Full (System.gc()) 1315M->1315M(6139M) 571.293ms
[117.703s][info][gc,metaspace] GC(58) Metaspace: 99496K(113344K)->99496K(113344K) NonClass: 80016K(85952K)->80016K(85952K) Class: 19480K(27392K)->19480K(27392K)
[117.703s][info][gc          ] GC(58) Pause Full (System.gc()) 1315M->1315M(6139M) 578.980ms
[118.266s][info][gc,metaspace] GC(59) Metaspace: 99496K(113344K)->99496K(113344K) NonClass: 80016K(85952K)->80016K(85952K) Class: 19480K(27392K)->19480K(27392K)
[118.266s][info][gc          ] GC(59) Pause Full (System.gc()) 1315M->1315M(6139M) 563.094ms
[118.838s][info][gc,metaspace] GC(60) Metaspace: 99496K(113344K)->99496K(113344K) NonClass: 80016K(85952K)->80016K(85952K) Class: 19480K(27392K)->19480K(27392K)
[118.838s][info][gc          ] GC(60) Pause Full (System.gc()) 1315M->1315M(6139M) 572.227ms
[119.413s][info][gc,metaspace] GC(61) Metaspace: 99496K(113344K)->99496K(113344K) NonClass: 80016K(85952K)->80016K(85952K) Class: 19480K(27392K)->19480K(27392K)
[119.413s][info][gc          ] GC(61) Pause Full (System.gc()) 1315M->1315M(6139M) 574.908ms
[119.991s][info][gc,metaspace] GC(62) Metaspace: 99496K(113344K)->99496K(113344K) NonClass: 80016K(85952K)->80016K(85952K) Class: 19480K(27392K)->19480K(27392K)
[119.991s][info][gc          ] GC(62) Pause Full (System.gc()) 1315M->1315M(6139M) 572.907ms
[120.571s][info][gc,metaspace] GC(63) Metaspace: 99496K(113344K)->99496K(113344K) NonClass: 80016K(85952K)->80016K(85952K) Class: 19480K(27392K)->19480K(27392K)
[120.571s][info][gc          ] GC(63) Pause Full (System.gc()) 1315M->1315M(6139M) 579.988ms
[121.155s][info][gc,metaspace] GC(64) Metaspace: 99496K(113344K)->99496K(113344K) NonClass: 80016K(85952K)->80016K(85952K) Class: 19480K(27392K)->19480K(27392K)
[121.155s][info][gc          ] GC(64) Pause Full (System.gc()) 1315M->1315M(6139M) 583.404ms
[121.740s][info][gc,metaspace] GC(65) Metaspace: 99496K(113344K)->99496K(113344K) NonClass: 80016K(85952K)->80016K(85952K) Class: 19480K(27392K)->19480K(27392K)
[121.740s][info][gc          ] GC(65) Pause Full (System.gc()) 1315M->1315M(6139M) 585.387ms
[122.316s][info][gc,metaspace] GC(66) Metaspace: 99496K(113344K)->99496K(113344K) NonClass: 80016K(85952K)->80016K(85952K) Class: 19480K(27392K)->19480K(27392K)
[122.316s][info][gc          ] GC(66) Pause Full (System.gc()) 1315M->1315M(6139M) 575.977ms
[122.890s][info][gc,metaspace] GC(67) Metaspace: 99496K(113344K)->99496K(113344K) NonClass: 80016K(85952K)->80016K(85952K) Class: 19480K(27392K)->19480K(27392K)
[122.890s][info][gc          ] GC(67) Pause Full (System.gc()) 1315M->1315M(6139M) 573.165ms
[123.487s][info][gc,metaspace] GC(68) Metaspace: 99496K(113344K)->99496K(113344K) NonClass: 80016K(85952K)->80016K(85952K) Class: 19480K(27392K)->19480K(27392K)
[123.487s][info][gc          ] GC(68) Pause Full (System.gc()) 1328M->1315M(6139M) 597.547ms
[124.147s][info][gc,metaspace] GC(69) Metaspace: 99496K(113344K)->99496K(113344K) NonClass: 80016K(85952K)->80016K(85952K) Class: 19480K(27392K)->19480K(27392K)
[124.147s][info][gc          ] GC(69) Pause Full (System.gc()) 1315M->1315M(6139M) 659.492ms
[124.722s][info][gc,metaspace] GC(70) Metaspace: 99496K(113344K)->99496K(113344K) NonClass: 80016K(85952K)->80016K(85952K) Class: 19480K(27392K)->19480K(27392K)
[124.722s][info][gc          ] GC(70) Pause Full (System.gc()) 1315M->1315M(6139M) 574.489ms
[125.303s][info][gc,metaspace] GC(71) Metaspace: 99496K(113344K)->99496K(113344K) NonClass: 80016K(85952K)->80016K(85952K) Class: 19480K(27392K)->19480K(27392K)
[125.303s][info][gc          ] GC(71) Pause Full (System.gc()) 1315M->1315M(6139M) 577.033ms
[125.897s][info][gc,metaspace] GC(72) Metaspace: 99496K(113344K)->99496K(113344K) NonClass: 80016K(85952K)->80016K(85952K) Class: 19480K(27392K)->19480K(27392K)
[125.897s][info][gc          ] GC(72) Pause Full (System.gc()) 1315M->1315M(6139M) 593.862ms
[126.468s][info][gc,metaspace] GC(73) Metaspace: 99496K(113344K)->99496K(113344K) NonClass: 80016K(85952K)->80016K(85952K) Class: 19480K(27392K)->19480K(27392K)
[126.468s][info][gc          ] GC(73) Pause Full (System.gc()) 1315M->1315M(6139M) 570.540ms
[127.038s][info][gc,metaspace] GC(74) Metaspace: 99496K(113344K)->99496K(113344K) NonClass: 80016K(85952K)->80016K(85952K) Class: 19480K(27392K)->19480K(27392K)
[127.038s][info][gc          ] GC(74) Pause Full (System.gc()) 1315M->1315M(6139M) 569.422ms
[127.610s][info][gc,metaspace] GC(75) Metaspace: 99496K(113344K)->99496K(113344K) NonClass: 80016K(85952K)->80016K(85952K) Class: 19480K(27392K)->19480K(27392K)
[127.610s][info][gc          ] GC(75) Pause Full (System.gc()) 1315M->1315M(6139M) 572.278ms
[128.175s][info][gc,metaspace] GC(76) Metaspace: 99496K(113344K)->99496K(113344K) NonClass: 80016K(85952K)->80016K(85952K) Class: 19480K(27392K)->19480K(27392K)
[128.175s][info][gc          ] GC(76) Pause Full (System.gc()) 1315M->1315M(6139M) 564.950ms
[128.753s][info][gc,metaspace] GC(77) Metaspace: 99496K(113344K)->99496K(113344K) NonClass: 80016K(85952K)->80016K(85952K) Class: 19480K(27392K)->19480K(27392K)
[128.753s][info][gc          ] GC(77) Pause Full (System.gc()) 1315M->1315M(6139M) 577.087ms
[129.323s][info][gc,metaspace] GC(78) Metaspace: 99496K(113344K)->99496K(113344K) NonClass: 80016K(85952K)->80016K(85952K) Class: 19480K(27392K)->19480K(27392K)
[129.323s][info][gc          ] GC(78) Pause Full (System.gc()) 1315M->1315M(6139M) 569.873ms
[129.894s][info][gc,metaspace] GC(79) Metaspace: 99496K(113344K)->99496K(113344K) NonClass: 80016K(85952K)->80016K(85952K) Class: 19480K(27392K)->19480K(27392K)
[129.894s][info][gc          ] GC(79) Pause Full (System.gc()) 1315M->1315M(6139M) 570.857ms
[130.467s][info][gc,metaspace] GC(80) Metaspace: 99496K(113344K)->99496K(113344K) NonClass: 80016K(85952K)->80016K(85952K) Class: 19480K(27392K)->19480K(27392K)
[130.467s][info][gc          ] GC(80) Pause Full (System.gc()) 1315M->1315M(6139M) 568.630ms
[131.037s][info][gc,metaspace] GC(81) Metaspace: 99496K(113344K)->99496K(113344K) NonClass: 80016K(85952K)->80016K(85952K) Class: 19480K(27392K)->19480K(27392K)
[131.037s][info][gc          ] GC(81) Pause Full (System.gc()) 1315M->1315M(6139M) 570.043ms
[131.604s][info][gc,metaspace] GC(82) Metaspace: 99496K(113344K)->99496K(113344K) NonClass: 80016K(85952K)->80016K(85952K) Class: 19480K(27392K)->19480K(27392K)
[131.604s][info][gc          ] GC(82) Pause Full (System.gc()) 1315M->1315M(6139M) 566.448ms
[132.175s][info][gc,metaspace] GC(83) Metaspace: 99496K(113344K)->99496K(113344K) NonClass: 80016K(85952K)->80016K(85952K) Class: 19480K(27392K)->19480K(27392K)
[132.175s][info][gc          ] GC(83) Pause Full (System.gc()) 1315M->1315M(6139M) 571.176ms
[132.830s][info][gc,metaspace] GC(84) Metaspace: 99496K(113344K)->99496K(113344K) NonClass: 80016K(85952K)->80016K(85952K) Class: 19480K(27392K)->19480K(27392K)
[132.830s][info][gc          ] GC(84) Pause Full (System.gc()) 1315M->1315M(6139M) 654.517ms
[133.404s][info][gc,metaspace] GC(85) Metaspace: 99496K(113344K)->99496K(113344K) NonClass: 80016K(85952K)->80016K(85952K) Class: 19480K(27392K)->19480K(27392K)
[133.404s][info][gc          ] GC(85) Pause Full (System.gc()) 1315M->1315M(6139M) 574.152ms
[133.982s][info][gc,metaspace] GC(86) Metaspace: 99496K(113344K)->99496K(113344K) NonClass: 80016K(85952K)->80016K(85952K) Class: 19480K(27392K)->19480K(27392K)
[133.982s][info][gc          ] GC(86) Pause Full (System.gc()) 1315M->1315M(6139M) 578.037ms
[134.562s][info][gc,metaspace] GC(87) Metaspace: 99496K(113344K)->99496K(113344K) NonClass: 80016K(85952K)->80016K(85952K) Class: 19480K(27392K)->19480K(27392K)
[134.562s][info][gc          ] GC(87) Pause Full (System.gc()) 1315M->1315M(6139M) 579.980ms
[135.148s][info][gc,metaspace] GC(88) Metaspace: 99496K(113344K)->99496K(113344K) NonClass: 80016K(85952K)->80016K(85952K) Class: 19480K(27392K)->19480K(27392K)
[135.149s][info][gc          ] GC(88) Pause Full (System.gc()) 1315M->1315M(6139M) 585.995ms
[135.726s][info][gc,metaspace] GC(89) Metaspace: 99496K(113344K)->99496K(113344K) NonClass: 80016K(85952K)->80016K(85952K) Class: 19480K(27392K)->19480K(27392K)
[135.726s][info][gc          ] GC(89) Pause Full (System.gc()) 1315M->1315M(6139M) 573.269ms
[136.296s][info][gc,metaspace] GC(90) Metaspace: 99496K(113344K)->99496K(113344K) NonClass: 80016K(85952K)->80016K(85952K) Class: 19480K(27392K)->19480K(27392K)
[136.296s][info][gc          ] GC(90) Pause Full (System.gc()) 1315M->1315M(6139M) 569.313ms
[136.962s][info][gc,metaspace] GC(91) Metaspace: 99496K(113344K)->99496K(113344K) NonClass: 80016K(85952K)->80016K(85952K) Class: 19480K(27392K)->19480K(27392K)
[136.962s][info][gc          ] GC(91) Pause Full (System.gc()) 1315M->1315M(6139M) 666.193ms
[137.549s][info][gc,metaspace] GC(92) Metaspace: 99496K(113344K)->99496K(113344K) NonClass: 80016K(85952K)->80016K(85952K) Class: 19480K(27392K)->19480K(27392K)
[137.549s][info][gc          ] GC(92) Pause Full (System.gc()) 1315M->1315M(6139M) 587.101ms
[138.120s][info][gc,metaspace] GC(93) Metaspace: 99496K(113344K)->99496K(113344K) NonClass: 80016K(85952K)->80016K(85952K) Class: 19480K(27392K)->19480K(27392K)
[138.120s][info][gc          ] GC(93) Pause Full (System.gc()) 1315M->1315M(6139M) 570.251ms
[138.695s][info][gc,metaspace] GC(94) Metaspace: 99496K(113344K)->99496K(113344K) NonClass: 80016K(85952K)->80016K(85952K) Class: 19480K(27392K)->19480K(27392K)
[138.695s][info][gc          ] GC(94) Pause Full (System.gc()) 1315M->1315M(6139M) 575.142ms
[139.268s][info][gc,metaspace] GC(95) Metaspace: 99496K(113344K)->99496K(113344K) NonClass: 80016K(85952K)->80016K(85952K) Class: 19480K(27392K)->19480K(27392K)
[139.268s][info][gc          ] GC(95) Pause Full (System.gc()) 1315M->1315M(6139M) 572.211ms
[140.017s][info][gc,metaspace] GC(96) Metaspace: 99496K(113344K)->99496K(113344K) NonClass: 80016K(85952K)->80016K(85952K) Class: 19480K(27392K)->19480K(27392K)
[140.017s][info][gc          ] GC(96) Pause Full (System.gc()) 1315M->1315M(6139M) 749.045ms
[140.590s][info][gc,metaspace] GC(97) Metaspace: 99496K(113344K)->99496K(113344K) NonClass: 80016K(85952K)->80016K(85952K) Class: 19480K(27392K)->19480K(27392K)
[140.590s][info][gc          ] GC(97) Pause Full (System.gc()) 1315M->1315M(6139M) 572.677ms
[141.170s][info][gc,metaspace] GC(98) Metaspace: 99496K(113344K)->99496K(113344K) NonClass: 80016K(85952K)->80016K(85952K) Class: 19480K(27392K)->19480K(27392K)
[141.170s][info][gc          ] GC(98) Pause Full (System.gc()) 1315M->1315M(6139M) 575.824ms
[141.736s][info][gc,metaspace] GC(99) Metaspace: 99496K(113344K)->99496K(113344K) NonClass: 80016K(85952K)->80016K(85952K) Class: 19480K(27392K)->19480K(27392K)
[141.736s][info][gc          ] GC(99) Pause Full (System.gc()) 1315M->1315M(6139M) 566.047ms
[142.307s][info][gc,metaspace] GC(100) Metaspace: 99496K(113344K)->99496K(113344K) NonClass: 80016K(85952K)->80016K(85952K) Class: 19480K(27392K)->19480K(27392K)
[142.307s][info][gc          ] GC(100) Pause Full (System.gc()) 1315M->1315M(6139M) 570.346ms
[142.881s][info][gc,metaspace] GC(101) Metaspace: 99496K(113344K)->99496K(113344K) NonClass: 80016K(85952K)->80016K(85952K) Class: 19480K(27392K)->19480K(27392K)
[142.881s][info][gc          ] GC(101) Pause Full (System.gc()) 1315M->1315M(6139M) 573.878ms
[143.447s][info][gc,metaspace] GC(102) Metaspace: 99496K(113344K)->99496K(113344K) NonClass: 80016K(85952K)->80016K(85952K) Class: 19480K(27392K)->19480K(27392K)
[143.447s][info][gc          ] GC(102) Pause Full (System.gc()) 1315M->1315M(6139M) 566.073ms
[144.032s][info][gc,metaspace] GC(103) Metaspace: 99496K(113344K)->99496K(113344K) NonClass: 80016K(85952K)->80016K(85952K) Class: 19480K(27392K)->19480K(27392K)
[144.032s][info][gc          ] GC(103) Pause Full (System.gc()) 1315M->1315M(6139M) 585.008ms
[144.601s][info][gc,metaspace] GC(104) Metaspace: 99496K(113344K)->99496K(113344K) NonClass: 80016K(85952K)->80016K(85952K) Class: 19480K(27392K)->19480K(27392K)
[144.601s][info][gc          ] GC(104) Pause Full (System.gc()) 1315M->1315M(6139M) 568.920ms
[145.179s][info][gc,metaspace] GC(105) Metaspace: 99496K(113344K)->99496K(113344K) NonClass: 80016K(85952K)->80016K(85952K) Class: 19480K(27392K)->19480K(27392K)
[145.179s][info][gc          ] GC(105) Pause Full (System.gc()) 1315M->1315M(6139M) 577.821ms
[145.752s][info][gc,metaspace] GC(106) Metaspace: 99496K(113344K)->99496K(113344K) NonClass: 80016K(85952K)->80016K(85952K) Class: 19480K(27392K)->19480K(27392K)
[145.752s][info][gc          ] GC(106) Pause Full (System.gc()) 1315M->1315M(6139M) 572.831ms
[146.333s][info][gc,metaspace] GC(107) Metaspace: 99496K(113344K)->99496K(113344K) NonClass: 80016K(85952K)->80016K(85952K) Class: 19480K(27392K)->19480K(27392K)
[146.333s][info][gc          ] GC(107) Pause Full (System.gc()) 1315M->1315M(6139M) 576.360ms
[146.917s][info][gc,metaspace] GC(108) Metaspace: 99496K(113344K)->99496K(113344K) NonClass: 80016K(85952K)->80016K(85952K) Class: 19480K(27392K)->19480K(27392K)
[146.917s][info][gc          ] GC(108) Pause Full (System.gc()) 1315M->1315M(6139M) 583.675ms
[147.481s][info][gc,metaspace] GC(109) Metaspace: 99496K(113344K)->99496K(113344K) NonClass: 80016K(85952K)->80016K(85952K) Class: 19480K(27392K)->19480K(27392K)
[147.481s][info][gc          ] GC(109) Pause Full (System.gc()) 1315M->1315M(6139M) 563.988ms
[148.060s][info][gc,metaspace] GC(110) Metaspace: 99496K(113344K)->99496K(113344K) NonClass: 80016K(85952K)->80016K(85952K) Class: 19480K(27392K)->19480K(27392K)
[148.060s][info][gc          ] GC(110) Pause Full (System.gc()) 1315M->1315M(6139M) 578.269ms
[148.649s][info][gc,metaspace] GC(111) Metaspace: 99496K(113344K)->99496K(113344K) NonClass: 80016K(85952K)->80016K(85952K) Class: 19480K(27392K)->19480K(27392K)
[148.649s][info][gc          ] GC(111) Pause Full (System.gc()) 1315M->1315M(6139M) 589.285ms
[149.228s][info][gc,metaspace] GC(112) Metaspace: 99496K(113344K)->99496K(113344K) NonClass: 80016K(85952K)->80016K(85952K) Class: 19480K(27392K)->19480K(27392K)
[149.228s][info][gc          ] GC(112) Pause Full (System.gc()) 1315M->1315M(6139M) 578.434ms
[149.805s][info][gc,metaspace] GC(113) Metaspace: 99496K(113344K)->99496K(113344K) NonClass: 80016K(85952K)->80016K(85952K) Class: 19480K(27392K)->19480K(27392K)
[149.805s][info][gc          ] GC(113) Pause Full (System.gc()) 1315M->1315M(6139M) 576.785ms
[150.383s][info][gc,metaspace] GC(114) Metaspace: 99496K(113344K)->99496K(113344K) NonClass: 80016K(85952K)->80016K(85952K) Class: 19480K(27392K)->19480K(27392K)
[150.383s][info][gc          ] GC(114) Pause Full (System.gc()) 1315M->1315M(6139M) 578.571ms
[150.956s][info][gc,metaspace] GC(115) Metaspace: 99496K(113344K)->99496K(113344K) NonClass: 80016K(85952K)->80016K(85952K) Class: 19480K(27392K)->19480K(27392K)
[150.956s][info][gc          ] GC(115) Pause Full (System.gc()) 1315M->1315M(6139M) 572.362ms
[151.536s][info][gc,metaspace] GC(116) Metaspace: 99496K(113344K)->99496K(113344K) NonClass: 80016K(85952K)->80016K(85952K) Class: 19480K(27392K)->19480K(27392K)
[151.536s][info][gc          ] GC(116) Pause Full (System.gc()) 1315M->1315M(6139M) 575.893ms
[152.205s][info][gc,metaspace] GC(117) Metaspace: 99496K(113344K)->99496K(113344K) NonClass: 80016K(85952K)->80016K(85952K) Class: 19480K(27392K)->19480K(27392K)
[152.205s][info][gc          ] GC(117) Pause Full (System.gc()) 1315M->1315M(6139M) 668.411ms
[152.779s][info][gc,metaspace] GC(118) Metaspace: 99496K(113344K)->99496K(113344K) NonClass: 80016K(85952K)->80016K(85952K) Class: 19480K(27392K)->19480K(27392K)
[152.779s][info][gc          ] GC(118) Pause Full (System.gc()) 1315M->1315M(6139M) 573.688ms
[153.349s][info][gc,metaspace] GC(119) Metaspace: 99496K(113344K)->99496K(113344K) NonClass: 80016K(85952K)->80016K(85952K) Class: 19480K(27392K)->19480K(27392K)
[153.349s][info][gc          ] GC(119) Pause Full (System.gc()) 1315M->1315M(6139M) 569.873ms
[153.923s][info][gc,metaspace] GC(120) Metaspace: 99496K(113344K)->99496K(113344K) NonClass: 80016K(85952K)->80016K(85952K) Class: 19480K(27392K)->19480K(27392K)
[153.924s][info][gc          ] GC(120) Pause Full (System.gc()) 1315M->1315M(6139M) 574.571ms
[154.489s][info][gc,metaspace] GC(121) Metaspace: 99496K(113344K)->99496K(113344K) NonClass: 80016K(85952K)->80016K(85952K) Class: 19480K(27392K)->19480K(27392K)
[154.489s][info][gc          ] GC(121) Pause Full (System.gc()) 1315M->1315M(6139M) 565.101ms
[155.061s][info][gc,metaspace] GC(122) Metaspace: 99496K(113344K)->99496K(113344K) NonClass: 80016K(85952K)->80016K(85952K) Class: 19480K(27392K)->19480K(27392K)
[155.061s][info][gc          ] GC(122) Pause Full (System.gc()) 1315M->1315M(6139M) 571.668ms
[155.637s][info][gc,metaspace] GC(123) Metaspace: 99496K(113344K)->99496K(113344K) NonClass: 80016K(85952K)->80016K(85952K) Class: 19480K(27392K)->19480K(27392K)
[155.637s][info][gc          ] GC(123) Pause Full (System.gc()) 1315M->1315M(6139M) 575.894ms
[156.207s][info][gc,metaspace] GC(124) Metaspace: 99496K(113344K)->99496K(113344K) NonClass: 80016K(85952K)->80016K(85952K) Class: 19480K(27392K)->19480K(27392K)
[156.207s][info][gc          ] GC(124) Pause Full (System.gc()) 1315M->1315M(6139M) 569.893ms
[156.779s][info][gc,metaspace] GC(125) Metaspace: 99496K(113344K)->99496K(113344K) NonClass: 80016K(85952K)->80016K(85952K) Class: 19480K(27392K)->19480K(27392K)
[156.779s][info][gc          ] GC(125) Pause Full (System.gc()) 1315M->1315M(6139M) 567.484ms
[157.359s][info][gc,metaspace] GC(126) Metaspace: 99496K(113344K)->99496K(113344K) NonClass: 80016K(85952K)->80016K(85952K) Class: 19480K(27392K)->19480K(27392K)
[157.359s][info][gc          ] GC(126) Pause Full (System.gc()) 1315M->1315M(6139M) 580.413ms
[157.927s][info][gc,metaspace] GC(127) Metaspace: 99496K(113344K)->99496K(113344K) NonClass: 80016K(85952K)->80016K(85952K) Class: 19480K(27392K)->19480K(27392K)
[157.927s][info][gc          ] GC(127) Pause Full (System.gc()) 1315M->1315M(6139M) 567.853ms
[158.496s][info][gc,metaspace] GC(128) Metaspace: 99496K(113344K)->99496K(113344K) NonClass: 80016K(85952K)->80016K(85952K) Class: 19480K(27392K)->19480K(27392K)
[158.497s][info][gc          ] GC(128) Pause Full (System.gc()) 1315M->1315M(6139M) 568.994ms
[159.070s][info][gc,metaspace] GC(129) Metaspace: 99496K(113344K)->99496K(113344K) NonClass: 80016K(85952K)->80016K(85952K) Class: 19480K(27392K)->19480K(27392K)
[159.070s][info][gc          ] GC(129) Pause Full (System.gc()) 1315M->1315M(6139M) 573.160ms
[159.650s][info][gc,metaspace] GC(130) Metaspace: 99496K(113344K)->99496K(113344K) NonClass: 80016K(85952K)->80016K(85952K) Class: 19480K(27392K)->19480K(27392K)
[159.650s][info][gc          ] GC(130) Pause Full (System.gc()) 1315M->1315M(6139M) 580.228ms
[160.228s][info][gc,metaspace] GC(131) Metaspace: 99496K(113344K)->99496K(113344K) NonClass: 80016K(85952K)->80016K(85952K) Class: 19480K(27392K)->19480K(27392K)
[160.228s][info][gc          ] GC(131) Pause Full (System.gc()) 1315M->1315M(6139M) 577.206ms
[160.806s][info][gc,metaspace] GC(132) Metaspace: 99496K(113344K)->99496K(113344K) NonClass: 80016K(85952K)->80016K(85952K) Class: 19480K(27392K)->19480K(27392K)
[160.806s][info][gc          ] GC(132) Pause Full (System.gc()) 1315M->1315M(6139M) 578.254ms
[161.381s][info][gc,metaspace] GC(133) Metaspace: 99496K(113344K)->99496K(113344K) NonClass: 80016K(85952K)->80016K(85952K) Class: 19480K(27392K)->19480K(27392K)
[161.381s][info][gc          ] GC(133) Pause Full (System.gc()) 1315M->1315M(6139M) 575.113ms
[161.956s][info][gc,metaspace] GC(134) Metaspace: 99496K(113344K)->99496K(113344K) NonClass: 80016K(85952K)->80016K(85952K) Class: 19480K(27392K)->19480K(27392K)
[161.956s][info][gc          ] GC(134) Pause Full (System.gc()) 1315M->1315M(6139M) 570.500ms
After GCs... 
