[0.002s][info][metaspace]  - commit_granule_bytes: 65536.
[0.002s][info][metaspace]  - commit_granule_words: 8192.
[0.002s][info][metaspace]  - virtual_space_node_default_size: 8388608.
[0.002s][info][metaspace]  - enlarge_chunks_in_place: 1.
[0.002s][info][metaspace]  - use_allocation_guard: 0.
[0.003s][info][gc,init  ] CardTable entry size: 512
[0.003s][info][gc       ] Using G1
[0.007s][info][gc,init  ] Version: 23-internal-adhoc.thomas.source (release)
[0.007s][info][gc,init  ] CPUs: 8 total, 8 available
[0.007s][info][gc,init  ] Memory: 15662M
[0.007s][info][gc,init  ] Large Page Support: Disabled
[0.007s][info][gc,init  ] NUMA Support: Disabled
[0.007s][info][gc,init  ] Compressed Oops: Enabled (Zero based)
[0.007s][info][gc,init  ] Heap Region Size: 8M
[0.007s][info][gc,init  ] Heap Min Capacity: 8G
[0.007s][info][gc,init  ] Heap Initial Capacity: 8G
[0.007s][info][gc,init  ] Heap Max Capacity: 12G
[0.007s][info][gc,init  ] Pre-touch: Disabled
[0.007s][info][gc,init  ] Parallel Workers: 8
[0.007s][info][gc,init  ] Concurrent Workers: 2
[0.007s][info][gc,init  ] Concurrent Refinement Workers: 8
[0.007s][info][gc,init  ] Periodic GC: Disabled
[0.007s][info][metaspace] Reserving compressed class space anywhere
[0.008s][info][gc,metaspace] CDS archive(s) not mapped
[0.008s][info][gc,metaspace] Compressed class space mapped at: 0x00007f257b000000-0x00007f25bb000000, reserved size: 1073741824
[0.008s][info][gc,metaspace] UseCompressedClassPointers 1, UseCompactObjectHeaders 1, Use2c0 0narrow klass pointer bits 22, max shift 10
[0.008s][info][gc,metaspace] Narrow klass base: 0x00007f257b000000, Narrow klass shift: 10, Narrow klass range: 0x40000000

SPECjbb2015 Java Business Benchmark
 (c) Standard Performance Evaluation Corporation, 2015

Preparing to launch All-in-one SPECjbb2015.

Reading property file: /shared/projects/openjdk/benchmarks/test-hyperaligning-lilliput/SPECjbb2015_1.00-jdk16+/jdk-22bit-staggered-klass-OFF-24-05-15_100537/./config/specjbb2015.props

     0s: Enumerating plugins...
     0s:    Connectivity:
     0s:             HTTP_Grizzly: Grizzly HTTP server, JDK HTTP client
     0s:              NIO_Grizzly: Grizzly NIO server, Grizzly NIO client
     0s:               HTTP_Jetty: Jetty HTTP server, JDK HTTP client
     0s:    Snapshot:
     0s:                 InMemory: Stores snapshots in heap memory
     0s:    Data Writers:
     0s:                     Demo: Send all frame to listener
     0s:                   InFile: Writing Data into file
     0s:                   Silent: Drop all frames
     0s: 
     0s: Kit validation is skipped.
     0s: Tests are skipped.
     0s: 
     0s: [0.788s][info][metaspace   ] ChkMgr @0x00007f25f8467ad0 (non-class-space): failed to commit 28 words on chunk @0x00007f25f8ba7220, f, base 0x00007f25710a0000, top 0x00007f25710a0000, level lv10.
[0.788s][info][metaspace   ] Arena @0x00007f25f867a0d0 (non-class arena): failed to allocate new chunk for requested word size 28.
[0.788s][info][metaspace   ] Arena @0x00007f25f867a0d0 (non-class arena): allocation failed, returned null.
[0.788s][info][metaspace   ] ChkMgr @0x00007f25f8467ad0 (non-class-space): failed to commit 28 words on chunk @0x00007f25f8ba7220, f, base 0x00007f25710a0000, top 0x00007f25710a0000, level lv10.
[0.788s][info][metaspace   ] Arena @0x00007f25f867a0d0 (non-class arena): failed to allocate new chunk for requested word size 28.
[0.788s][info][metaspace   ] Arena @0x00007f25f867a0d0 (non-class arena): allocation failed, returned null.
[0.788s][info][metaspace   ] ChkMgr @0x00007f25f8467ad0 (non-class-space): failed to commit 28 words on chunk @0x00007f25f8ba7220, f, base 0x00007f25710a0000, top 0x00007f25710a0000, level lv10.
[0.788s][info][metaspace   ] Arena @0x00007f25f867a0d0 (non-class arena): failed to allocate new chunk for requested word size 28.
[0.788s][info][metaspace   ] Arena @0x00007f25f867a0d0 (non-class arena): allocation failed, returned null.
[0.788s][info][gc,start    ] GC(0) Pause Young (Concurrent Start) (Metadata GC Threshold)
[0.788s][info][gc,task     ] GC(0) Using 8 workers of 8 for evacuation
[0.793s][info][gc,phases   ] GC(0)   Pre Evacuate Collection Set: 0.19ms
[0.793s][info][gc,phases   ] GC(0)   Merge Heap Roots: 0.11ms
[0.793s][info][gc,phases   ] GC(0)   Evacuate Collection Set: 4.31ms
[0.793s][info][gc,phases   ] GC(0)   Post Evacuate Collection Set: 0.41ms
[0.793s][info][gc,phases   ] GC(0)   Other: 0.49ms
[0.793s][info][gc,heap     ] GC(0) Eden regions: 32->0(50)
[0.793s][info][gc,heap     ] GC(0) Survivor regions: 0->1(7)
[0.793s][info][gc,heap     ] GC(0) Old regions: 0->0
[0.793s][info][gc,heap     ] GC(0) Humongous regions: 0->0
[0.793s][info][gc,metaspace] GC(0) Metaspace: 21222K(21504K)->21222K(21504K) NonClass: 16890K(17024K)->16890K(17024K) Class: 4332K(4480K)->4332K(4480K)
[0.793s][info][gc          ] GC(0) Pause Young (Concurrent Start) (Metadata GC Threshold) 252M->4M(8192M) 5.636ms
[0.793s][info][gc,cpu      ] GC(0) User=0.03s Sys=0.01s Real=0.00s
[0.793s][info][gc          ] GC(1) Concurrent Mark Cycle
[0.793s][info][gc,marking  ] GC(1) Concurrent Scan Root Regions
[0.793s][info][metaspace   ] CLMS @0x00007f25f867a0a0 : GC threshold increased: 22020096->22347776.
[0.796s][info][gc,marking  ] GC(1) Concurrent Scan Root Regions 2.248ms
[0.796s][info][gc,marking  ] GC(1) Concurrent Mark
[0.796s][info][gc,marking  ] GC(1) Concurrent Mark From Roots
[0.796s][info][gc,task     ] GC(1) Using 2 workers of 2 for marking
[0.796s][info][gc,marking  ] GC(1) Concurrent Mark From Roots 0.464ms
[0.796s][info][gc,marking  ] GC(1) Concurrent Preclean
[0.796s][info][gc,marking  ] GC(1) Concurrent Preclean 0.005ms
[0.796s][info][gc,start    ] GC(1) Pause Remark
[0.797s][info][gc          ] GC(1) Pause Remark 14M->14M(8192M) 0.705ms
[0.797s][info][gc,cpu      ] GC(1) User=0.00s Sys=0.00s Real=0.00s
[0.797s][info][gc,marking  ] GC(1) Concurrent Mark 1.439ms
[0.797s][info][gc,marking  ] GC(1) Concurrent Rebuild Remembered Sets and Scrub Regions
[0.797s][info][gc,marking  ] GC(1) Concurrent Rebuild Remembered Sets and Scrub Regions 0.045ms
[0.797s][info][gc,start    ] GC(1) Pause Cleanup
[0.797s][info][gc          ] GC(1) Pause Cleanup 14M->14M(8192M) 0.014ms
[0.797s][info][gc,cpu      ] GC(1) User=0.00s Sys=0.00s Real=0.00s
[0.797s][info][gc,marking  ] GC(1) Concurrent Clear Claimed Marks
[0.797s][info][gc,marking  ] GC(1) Concurrent Clear Claimed Marks 0.013ms
[0.797s][info][gc,marking  ] GC(1) Concurrent Cleanup for Next Mark
[0.807s][info][gc,marking  ] GC(1) Concurrent Cleanup for Next Mark 10.041ms
[0.807s][info][gc          ] GC(1) Concurrent Mark Cycle 14.034ms
Ladies and gentlemen, this is your Controller speaking.
     0s: We are delighted in having you for benchmark run today.
     0s: 
     0s: Binary log file is ./specjbb2015-C-20240515-00001.data.gz
     0s: 
     0s: Performing handshake with all agents ...
     0s: 
     0s:  Agent Group1.TxInjector.CompositeTxInjector has attached to Controller
     0s:  Agent Group1.Backend.CompositeBackend has attached to Controller
     0s: 
     0s: All agents have connected.
     0s: 
     0s: Attached agents info:

Group "Group1"
    TxInjectors:
        CompositeTxInjector, includes { Driver } @ [local in-Java link]
    Backends:
        CompositeBackend, includes { SM(2),SP(2) } @ [local in-Java link]

     0s: Initializing... (init[1.253s][info][gc,start    ] GC(2) Pause Young (Normal) (G1 Evacuation Pause)
[1.253s][info][gc,task     ] GC(2) Using 8 workers of 8 for evacuation
[1.334s][info][gc,phases   ] GC(2)   Pre Evacuate Collection Set: 0.18ms
[1.334s][info][gc,phases   ] GC(2)   Merge Heap Roots: 0.03ms
[1.334s][info][gc,phases   ] GC(2)   Evacuate Collection Set: 79.49ms
[1.334s][info][gc,phases   ] GC(2)   Post Evacuate Collection Set: 0.73ms
[1.334s][info][gc,phases   ] GC(2)   Other: 0.06ms
[1.334s][info][gc,heap     ] GC(2) Eden regions: 50->0(44)
[1.334s][info][gc,heap     ] GC(2) Survivor regions: 1->7(7)
[1.334s][info][gc,heap     ] GC(2) Old regions: 0->14
[1.334s][info][gc,heap     ] GC(2) Humongous regions: 3->3
[1.334s][info][gc,metaspace] GC(2) Metaspace: 23603K(23872K)->23603K(23872K) NonClass: 18837K(19008K)->18837K(19008K) Class: 4766K(4864K)->4766K(4864K)
[1.334s][info][gc          ] GC(2) Pause Young (Normal) (G1 Evacuation Pause) 428M->188M(8192M) 80.629ms
[1.334s][info][gc,cpu      ] GC(2) User=0.45s Sys=0.18s Real=0.08s
[1.514s][info][gc,start    ] GC(3) Pause Young (Normal) (G1 Evacuation Pause)
[1.514s][info][gc,task     ] GC(3) Using 8 workers of 8 for evacuation
[1.651s][info][gc,phases   ] GC(3)   Pre Evacuate Collection Set: 0.19ms
[1.651s][info][gc,phases   ] GC(3)   Merge Heap Roots: 0.22ms
[1.651s][info][gc,phases   ] GC(3)   Evacuate Collection Set: 135.56ms
[1.651s][info][gc,phases   ] GC(3)   Post Evacuate Collection Set: 0.47ms
[1.651s][info][gc,phases   ] GC(3)   Other: 0.06ms
[1.651s][info][gc,heap     ] GC(3) Eden regions: 44->0(44)
[1.651s][info][gc,heap     ] GC(3) Survivor regions: 7->7(7)
[1.651s][info][gc,heap     ] GC(3) Old regions: 14->51
[1.651s][info][gc,heap     ] GC(3) Humongous regions: 3->3
[1.651s][info][gc,metaspace] GC(3) Metaspace: 23614K(23872K)->23614K(23872K) NonClass: 18848K(19008K)->18848K(19008K) Class: 4766K(4864K)->4766K(4864K)
[1.651s][info][gc          ] GC(3) Pause Young (Normal) (G1 Evacuation Pause) 540M->487M(8192M) 136.626ms
[1.651s][info][gc,cpu      ] GC(3) User=1.03s Sys=0.04s Real=0.14s
[1.862s][info][gc,start    ] GC(4) Pause Young (Normal) (G1 Evacuation Pause)
[1.863s][info][gc,task     ] GC(4) Using 8 workers of 8 for evacuation
[1.992s][info][gc,phases   ] GC(4)   Pre Evacuate Collection Set: 0.18ms
[1.992s][info][gc,phases   ] GC(4)   Merge Heap Roots: 0.09ms
[1.992s][info][gc,phases   ] GC(4)   Evacuate Collection Set: 129.34ms
[1.992s][info][gc,phases   ] GC(4)   Post Evacuate Collection Set: 0.20ms
[1.992s][info][gc,phases   ] GC(4)   Other: 0.06ms
[1.992s][info][gc,heap     ] GC(4) Eden regions: 44->0(44)
[1.992s][info][gc,heap     ] GC(4) Survivor regions: 7->7(7)
[1.992s][info][gc,heap     ] GC(4) Old regions: 51->89
[1.992s][info][gc,heap     ] GC(4) Humongous regions: 3->3
[1.992s][info][gc,metaspace] GC(4) Metaspace: 23645K(23936K)->23645K(23936K) NonClass: 18877K(19072K)->18877K(19072K) Class: 4768K(4864K)->4768K(4864K)
[1.993s][info][gc          ] GC(4) Pause Young (Normal) (G1 Evacuation Pause) 839M->792M(8192M) 130.044ms
[1.993s][info][gc,cpu      ] GC(4) User=0.98s Sys=0.05s Real=0.13s
[2.359s][info][gc,start    ] GC(5) Pause Young (Normal) (G1 Evacuation Pause)
[2.359s][info][gc,task     ] GC(5) Using 8 workers of 8 for evacuation
[2.458s][info][gc,phases   ] GC(5)   Pre Evacuate Collection Set: 0.19ms
[2.458s][info][gc,phases   ] GC(5)   Merge Heap Roots: 0.07ms
[2.458s][info][gc,phases   ] GC(5)   Evacuate Collection Set: 98.21ms
[2.458s][info][gc,phases   ] GC(5)   Post Evacuate Collection Set: 0.30ms
[2.458s][info][gc,phases   ] GC(5)   Other: 0.05ms
[2.458s][info][gc,heap     ] GC(5) Eden regions: 44->0(44)
[2.458s][info][gc,heap     ] GC(5) Survivor regions: 7->7(7)
[2.458s][info][gc,heap     ] GC(5) Old regions: 89->113
[2.458s][info][gc,heap     ] GC(5) Humongous regions: 3->3
[2.458s][info][gc,metaspace] GC(5) Metaspace: 23704K(24064K)->23704K(24064K) NonClass: 18933K(19136K)->18933K(19136K) Class: 4770K(4928K)->4770K(4928K)
[2.458s][info][gc          ] GC(5) Pause Young (Normal) (G1 Evacuation Pause) 1144M->984M(8192M) 98.958ms
[2.458s][info][gc,cpu      ] GC(5) User=0.73s Sys=0.04s Real=0.10s
) OK
     2s: 
     2s: Check whether properties are compliant
     2s: (validation=PASSED) Property settings are COMPLIANT.
     2s: 
     2s: Searching for high-bound for max-jOPS possible for this system
     2s: Searching from base IR = 100
     2s:       rampup IR =      0 [reconfig (term) [2.723s][info][gc,start    ] GC(6) Pause Full (System.gc())
[2.723s][info][gc,task     ] GC(6) Using 8 workers of 8 for full compaction
[2.723s][info][gc,phases,start] GC(6) Phase 1: Mark live objects
[2.738s][info][gc,phases      ] GC(6) Phase 1: Mark live objects 15.246ms
[2.738s][info][gc,phases,start] GC(6) Phase 2: Prepare compaction
[2.747s][info][gc,phases      ] GC(6) Phase 2: Prepare compaction 8.828ms
[2.747s][info][gc,phases,start] GC(6) Phase 3: Adjust pointers
[2.759s][info][gc,phases      ] GC(6) Phase 3: Adjust pointers 11.863ms
[2.759s][info][gc,phases,start] GC(6) Phase 4: Compact heap
[2.771s][info][gc,phases      ] GC(6) Phase 4: Compact heap 11.908ms
[2.771s][info][gc,phases,start] GC(6) Phase 5: Reset Metadata
[2.772s][info][gc,phases      ] GC(6) Phase 5: Reset Metadata 0.957ms
[2.780s][info][gc,heap        ] GC(6) Eden regions: 19->0(51)
[2.780s][info][gc,heap        ] GC(6) Survivor regions: 7->0(7)
[2.780s][info][gc,heap        ] GC(6) Old regions: 113->11
[2.780s][info][gc,heap        ] GC(6) Humongous regions: 3->3
[2.780s][info][gc,metaspace   ] GC(6) Metaspace: 23952K(24320K)->23952K(24320K) NonClass: 19142K(19328K)->19142K(19328K) Class: 4810K(4992K)->4810K(4992K)
[2.780s][info][gc             ] GC(6) Pause Full (System.gc()) 1130M->89M(8192M) 57.671ms
[2.780s][info][gc,cpu         ] GC(6) User=0.37s Sys=0.01s Real=0.06s
(init[3.178s][info][gc,start       ] GC(7) Pause Young (Normal) (G1 Evacuation Pause)
[3.178s][info][gc,task        ] GC(7) Using 8 workers of 8 for evacuation
[3.279s][info][gc,phases      ] GC(7)   Pre Evacuate Collection Set: 0.17ms
[3.280s][info][gc,phases      ] GC(7)   Merge Heap Roots: 0.04ms
[3.280s][info][gc,phases      ] GC(7)   Evacuate Collection Set: 99.80ms
[3.280s][info][gc,phases      ] GC(7)   Post Evacuate Collection Set: 1.15ms
[3.280s][info][gc,phases      ] GC(7)   Other: 0.05ms
[3.280s][info][gc,heap        ] GC(7) Eden regions: 51->0(52)
[3.280s][info][gc,heap        ] GC(7) Survivor regions: 0->7(7)
[3.280s][info][gc,heap        ] GC(7) Old regions: 11->43
[3.280s][info][gc,heap        ] GC(7) Humongous regions: 3->3
[3.280s][info][gc,metaspace   ] GC(7) Metaspace: 23966K(24384K)->23966K(24384K) NonClass: 19156K(19392K)->19156K(19392K) Class: 4810K(4992K)->4810K(4992K)
[3.280s][info][gc             ] GC(7) Pause Young (Normal) (G1 Evacuation Pause) 497M->397M(9504M) 101.329ms
[3.280s][info][gc,cpu         ] GC(7) User=0.79s Sys=0.00s Real=0.10s
[3.408s][info][gc,start       ] GC(8) Pause Young (Normal) (G1 Evacuation Pause)
[3.408s][info][gc,task        ] GC(8) Using 8 workers of 8 for evacuation
[3.545s][info][gc,phases      ] GC(8)   Pre Evacuate Collection Set: 0.21ms
[3.545s][info][gc,phases      ] GC(8)   Merge Heap Roots: 0.29ms
[3.545s][info][gc,phases      ] GC(8)   Evacuate Collection Set: 136.16ms
[3.545s][info][gc,phases      ] GC(8)   Post Evacuate Collection Set: 0.25ms
[3.545s][info][gc,phases      ] GC(8)   Other: 0.06ms
[3.545s][info][gc,heap        ] GC(8) Eden regions: 52->0(51)
[3.545s][info][gc,heap        ] GC(8) Survivor regions: 7->8(8)
[3.545s][info][gc,heap        ] GC(8) Old regions: 43->85
[3.545s][info][gc,heap        ] GC(8) Humongous regions: 3->3
[3.545s][info][gc,metaspace   ] GC(8) Metaspace: 23978K(24384K)->23978K(24384K) NonClass: 19168K(19392K)->19168K(19392K) Class: 4810K(4992K)->4810K(4992K)
[3.545s][info][gc             ] GC(8) Pause Young (Normal) (G1 Evacuation Pause) 813M->741M(9504M) 137.110ms
[3.545s][info][gc,cpu         ] GC(8) User=1.07s Sys=0.02s Real=0.14s
[3.901s][info][gc,start       ] GC(9) Pause Young (Normal) (G1 Evacuation Pause)
[3.901s][info][gc,task        ] GC(9) Using 8 workers of 8 for evacuation
[4.021s][info][gc,phases      ] GC(9)   Pre Evacuate Collection Set: 0.20ms
[4.021s][info][gc,phases      ] GC(9)   Merge Heap Roots: 0.07ms
[4.021s][info][gc,phases      ] GC(9)   Evacuate Collection Set: 119.59ms
[4.021s][info][gc,phases      ] GC(9)   Post Evacuate Collection Set: 0.37ms
[4.021s][info][gc,phases      ] GC(9)   Other: 0.06ms
[4.021s][info][gc,heap        ] GC(9) Eden regions: 51->0(51)
[4.021s][info][gc,heap        ] GC(9) Survivor regions: 8->8(8)
[4.021s][info][gc,heap        ] GC(9) Old regions: 85->112
[4.021s][info][gc,heap        ] GC(9) Humongous regions: 3->3
[4.021s][info][gc,metaspace   ] GC(9) Metaspace: 23979K(24384K)->23979K(24384K) NonClass: 19169K(19392K)->19169K(19392K) Class: 4810K(4992K)->4810K(4992K)
[4.021s][info][gc             ] GC(9) Pause Young (Normal) (G1 Evacuation Pause) 1149M->961M(9504M) 120.452ms
[4.021s][info][gc,cpu         ] GC(9) User=0.94s Sys=0.02s Real=0.12s
) ] ... (rIR:aIR:PR = 0:0:0) (tPR = 0) [OK] 
     7s:       rampup IR =     10 ... (rIR:aIR:PR = 10:10:10) (tPR = 796) [OK] 
    10s:       rampup IR =     20 ... (rIR:aIR:PR = 20:17:17) (tPR = 1498) [OK] 
    13s:       rampup IR =     30 .... (rIR:aIR:PR = 30:28:28) (tPR = 2201) [OK] 
    17s:       rampup IR =     40 .... (rIR:aIR:PR = 40:40:40) (tPR = 2721) [OK] 
    21s:       rampup IR =     50 .... (rIR:aIR:PR = 50:47:46) (tPR = 3014) [OK] 
    25s:       rampup IR =     60 .[27.231s][info][gc,start       ] GC(10) Pause Young (Normal) (G1 Evacuation Pause)
[27.231s][info][gc,task        ] GC(10) Using 8 workers of 8 for evacuation
[27.296s][info][gc,phases      ] GC(10)   Pre Evacuate Collection Set: 0.24ms
[27.296s][info][gc,phases      ] GC(10)   Merge Heap Roots: 0.34ms
[27.296s][info][gc,phases      ] GC(10)   Evacuate Collection Set: 64.03ms
[27.296s][info][gc,phases      ] GC(10)   Post Evacuate Collection Set: 0.39ms
[27.296s][info][gc,phases      ] GC(10)   Other: 0.06ms
[27.296s][info][gc,heap        ] GC(10) Eden regions: 51->0(51)
[27.296s][info][gc,heap        ] GC(10) Survivor regions: 8->8(8)
[27.296s][info][gc,heap        ] GC(10) Old regions: 112->121
[27.296s][info][gc,heap        ] GC(10) Humongous regions: 3->3
[27.296s][info][gc,metaspace   ] GC(10) Metaspace: 25891K(26368K)->25891K(26368K) NonClass: 20905K(21184K)->20905K(21184K) Class: 4985K(5184K)->4985K(5184K)
[27.296s][info][gc             ] GC(10) Pause Young (Normal) (G1 Evacuation Pause) 1369M->1033M(9504M) 65.194ms
[27.296s][info][gc,cpu         ] GC(10) User=0.50s Sys=0.01s Real=0.07s
... (rIR:aIR:PR = 60:64:62) (tPR = 3657) [OK] 
    29s:       rampup IR =     70 .... (rIR:aIR:PR = 70:69:68) (tPR = 4262) [OK] 
    33s:       rampup IR =     80 .... (rIR:aIR:PR = 80:79:77) (tPR = 4132) [OK] 
    37s:       rampup IR =     90 .... (rIR:aIR:PR = 90:90:89) (tPR = 4324) [OK] 
    41s:       rampup IR =    100 .... (rIR:aIR:PR = 100:105:103) (tPR = 4790) [OK] 
    45s:    snapshot, IR =    100 ....|.[50.526s][info][gc,start       ] GC(11) Pause Young (Normal) (G1 Evacuation Pause)
[50.526s][info][gc,task        ] GC(11) Using 8 workers of 8 for evacuation
[50.565s][info][gc,phases      ] GC(11)   Pre Evacuate Collection Set: 0.24ms
[50.565s][info][gc,phases      ] GC(11)   Merge Heap Roots: 0.16ms
[50.565s][info][gc,phases      ] GC(11)   Evacuate Collection Set: 38.35ms
[50.565s][info][gc,phases      ] GC(11)   Post Evacuate Collection Set: 0.38ms
[50.565s][info][gc,phases      ] GC(11)   Other: 0.05ms
[50.565s][info][gc,heap        ] GC(11) Eden regions: 51->0(55)
[50.565s][info][gc,heap        ] GC(11) Survivor regions: 8->4(8)
[50.565s][info][gc,heap        ] GC(11) Old regions: 121->130
[50.565s][info][gc,heap        ] GC(11) Humongous regions: 3->3
[50.565s][info][gc,metaspace   ] GC(11) Metaspace: 26056K(26496K)->26056K(26496K) NonClass: 21067K(21312K)->21067K(21312K) Class: 4989K(5184K)->4989K(5184K)
[50.565s][info][gc             ] GC(11) Pause Young (Normal) (G1 Evacuation Pause) 1441M->1067M(9504M) 39.303ms
[50.565s][info][gc,cpu         ] GC(11) User=0.30s Sys=0.01s Real=0.04s
.....................[72.207s][info][gc,start       ] GC(12) Pause Young (Normal) (G1 Evacuation Pause)
[72.207s][info][gc,task        ] GC(12) Using 8 workers of 8 for evacuation
[72.229s][info][gc,phases      ] GC(12)   Pre Evacuate Collection Set: 0.28ms
[72.229s][info][gc,phases      ] GC(12)   Merge Heap Roots: 0.18ms
[72.229s][info][gc,phases      ] GC(12)   Evacuate Collection Set: 20.98ms
[72.229s][info][gc,phases      ] GC(12)   Post Evacuate Collection Set: 0.38ms
[72.229s][info][gc,phases      ] GC(12)   Other: 0.06ms
[72.229s][info][gc,heap        ] GC(12) Eden regions: 55->0(52)
[72.229s][info][gc,heap        ] GC(12) Survivor regions: 4->7(8)
[72.229s][info][gc,heap        ] GC(12) Old regions: 130->130
[72.229s][info][gc,heap        ] GC(12) Humongous regions: 3->3
[72.229s][info][gc,metaspace   ] GC(12) Metaspace: 28065K(28480K)->28065K(28480K) NonClass: 22734K(22976K)->22734K(22976K) Class: 5331K(5504K)->5331K(5504K)
[72.229s][info][gc             ] GC(12) Pause Young (Normal) (G1 Evacuation Pause) 1507M->1089M(9504M) 22.028ms
[72.230s][info][gc,cpu         ] GC(12) User=0.16s Sys=0.00s Real=0.02s
........ (rIR:aIR:PR = 100:100:98) (tPR = 3223) [OK] 
    79s: Performing snapshot: (quiescence.....) (stop TxI) (stop BE) (saving... 103336 Kb) (term) [86.231s][info][gc,start       ] GC(13) Pause Full (System.gc())
[86.231s][info][gc,task        ] GC(13) Using 8 workers of 8 for full compaction
[86.231s][info][gc,phases,start] GC(13) Phase 1: Mark live objects
[86.247s][info][gc,phases      ] GC(13) Phase 1: Mark live objects 15.923ms
[86.247s][info][gc,phases,start] GC(13) Phase 2: Prepare compaction
[86.251s][info][gc,phases      ] GC(13) Phase 2: Prepare compaction 3.926ms
[86.251s][info][gc,phases,start] GC(13) Phase 3: Adjust pointers
[86.260s][info][gc,phases      ] GC(13) Phase 3: Adjust pointers 8.887ms
[86.260s][info][gc,phases,start] GC(13) Phase 4: Compact heap
[86.264s][info][gc,phases      ] GC(13) Phase 4: Compact heap 4.110ms
[86.264s][info][gc,phases,start] GC(13) Phase 5: Reset Metadata
[86.267s][info][gc,phases      ] GC(13) Phase 5: Reset Metadata 3.327ms
[86.283s][info][gc,heap        ] GC(13) Eden regions: 43->0(51)
[86.283s][info][gc,heap        ] GC(13) Survivor regions: 7->0(8)
[86.283s][info][gc,heap        ] GC(13) Old regions: 130->12
[86.283s][info][gc,heap        ] GC(13) Humongous regions: 77->18
[86.283s][info][gc,metaspace   ] GC(13) Metaspace: 28230K(28608K)->28230K(28608K) NonClass: 22888K(23104K)->22888K(23104K) Class: 5341K(5504K)->5341K(5504K)
[86.283s][info][gc             ] GC(13) Pause Full (System.gc()) 2022M->211M(8192M) 51.706ms
[86.283s][info][gc,cpu         ] GC(13) User=0.29s Sys=0.04s Real=0.05s
(init[86.796s][info][gc,start       ] GC(14) Pause Young (Normal) (G1 Evacuation Pause)
[86.796s][info][gc,task        ] GC(14) Using 8 workers of 8 for evacuation
[86.881s][info][gc,phases      ] GC(14)   Pre Evacuate Collection Set: 0.21ms
[86.881s][info][gc,phases      ] GC(14)   Merge Heap Roots: 0.11ms
[86.881s][info][gc,phases      ] GC(14)   Evacuate Collection Set: 84.30ms
[86.881s][info][gc,phases      ] GC(14)   Post Evacuate Collection Set: 0.24ms
[86.881s][info][gc,phases      ] GC(14)   Other: 0.05ms
[86.881s][info][gc,heap        ] GC(14) Eden regions: 51->0(44)
[86.881s][info][gc,heap        ] GC(14) Survivor regions: 0->7(7)
[86.881s][info][gc,heap        ] GC(14) Old regions: 12->22
[86.881s][info][gc,heap        ] GC(14) Humongous regions: 22->22
[86.881s][info][gc,metaspace   ] GC(14) Metaspace: 28306K(28736K)->28306K(28736K) NonClass: 22956K(23168K)->22956K(23168K) Class: 5349K(5568K)->5349K(5568K)
[86.881s][info][gc             ] GC(14) Pause Young (Normal) (G1 Evacuation Pause) 651M->373M(8192M) 85.036ms
[86.881s][info][gc,cpu         ] GC(14) User=0.63s Sys=0.00s Real=0.08s
[87.089s][info][gc,start       ] GC(15) Pause Young (Normal) (G1 Evacuation Pause)
[87.089s][info][gc,task        ] GC(15) Using 8 workers of 8 for evacuation
[87.210s][info][gc,phases      ] GC(15)   Pre Evacuate Collection Set: 0.18ms
[87.210s][info][gc,phases      ] GC(15)   Merge Heap Roots: 0.24ms
[87.210s][info][gc,phases      ] GC(15)   Evacuate Collection Set: 119.98ms
[87.210s][info][gc,phases      ] GC(15)   Post Evacuate Collection Set: 0.81ms
[87.210s][info][gc,phases      ] GC(15)   Other: 0.05ms
[87.210s][info][gc,heap        ] GC(15) Eden regions: 44->0(52)
[87.210s][info][gc,heap        ] GC(15) Survivor regions: 7->7(7)
[87.210s][info][gc,heap        ] GC(15) Old regions: 22->44
[87.210s][info][gc,heap        ] GC(15) Humongous regions: 28->28
[87.210s][info][gc,metaspace   ] GC(15) Metaspace: 28310K(28736K)->28310K(28736K) NonClass: 22960K(23168K)->22960K(23168K) Class: 5349K(5568K)->5349K(5568K)
[87.210s][info][gc             ] GC(15) Pause Young (Normal) (G1 Evacuation Pause) 773M->600M(9472M) 121.374ms
[87.210s][info][gc,cpu         ] GC(15) User=0.96s Sys=0.01s Real=0.12s
[87.504s][info][gc,start       ] GC(16) Pause Young (Normal) (G1 Evacuation Pause)
[87.504s][info][gc,task        ] GC(16) Using 8 workers of 8 for evacuation
[87.611s][info][gc,phases      ] GC(16)   Pre Evacuate Collection Set: 0.25ms
[87.611s][info][gc,phases      ] GC(16)   Merge Heap Roots: 0.20ms
[87.611s][info][gc,phases      ] GC(16)   Evacuate Collection Set: 106.27ms
[87.611s][info][gc,phases      ] GC(16)   Post Evacuate Collection Set: 0.22ms
[87.611s][info][gc,phases      ] GC(16)   Other: 0.06ms
[87.611s][info][gc,heap        ] GC(16) Eden regions: 52->0(51)
[87.611s][info][gc,heap        ] GC(16) Survivor regions: 7->8(8)
[87.611s][info][gc,heap        ] GC(16) Old regions: 44->61
[87.611s][info][gc,heap        ] GC(16) Humongous regions: 28->28
[87.611s][info][gc,metaspace   ] GC(16) Metaspace: 28328K(28736K)->28328K(28736K) NonClass: 22976K(23168K)->22976K(23168K) Class: 5352K(5568K)->5352K(5568K)
[87.611s][info][gc             ] GC(16) Pause Young (Normal) (G1 Evacuation Pause) 1016M->742M(9472M) 107.170ms
[87.611s][info][gc,cpu         ] GC(16) User=0.84s Sys=0.01s Real=0.11s
[87.997s][info][gc,start       ] GC(17) Pause Young (Normal) (G1 Evacuation Pause)
[87.997s][info][gc,task        ] GC(17) Using 8 workers of 8 for evacuation
[88.108s][info][gc,phases      ] GC(17)   Pre Evacuate Collection Set: 0.21ms
[88.108s][info][gc,phases      ] GC(17)   Merge Heap Roots: 0.21ms
[88.108s][info][gc,phases      ] GC(17)   Evacuate Collection Set: 110.79ms
[88.108s][info][gc,phases      ] GC(17)   Post Evacuate Collection Set: 0.34ms
[88.109s][info][gc,phases      ] GC(17)   Other: 0.07ms
[88.109s][info][gc,heap        ] GC(17) Eden regions: 51->0(51)
[88.109s][info][gc,heap        ] GC(17) Survivor regions: 8->8(8)
[88.109s][info][gc,heap        ] GC(17) Old regions: 61->91
[88.109s][info][gc,heap        ] GC(17) Humongous regions: 35->35
[88.109s][info][gc,metaspace   ] GC(17) Metaspace: 28338K(28800K)->28338K(28800K) NonClass: 22984K(23232K)->22984K(23232K) Class: 5353K(5568K)->5353K(5568K)
[88.109s][info][gc             ] GC(17) Pause Young (Normal) (G1 Evacuation Pause) 1206M->1043M(9472M) 111.775ms
[88.109s][info][gc,cpu         ] GC(17) User=0.87s Sys=0.01s Real=0.11s
) ...
    91s:       rampup IR =      0 ... (rIR:aIR:PR = 0:0:0) (tPR = 0) [OK] 
    94s:       rampup IR =     10 .[95.537s][info][gc,start       ] GC(18) Pause Young (Normal) (G1 Evacuation Pause)
[95.537s][info][gc,task        ] GC(18) Using 8 workers of 8 for evacuation
[95.672s][info][gc,phases      ] GC(18)   Pre Evacuate Collection Set: 0.25ms
[95.672s][info][gc,phases      ] GC(18)   Merge Heap Roots: 0.20ms
[95.672s][info][gc,phases      ] GC(18)   Evacuate Collection Set: 133.86ms
[95.672s][info][gc,phases      ] GC(18)   Post Evacuate Collection Set: 0.28ms
[95.672s][info][gc,phases      ] GC(18)   Other: 0.06ms
[95.672s][info][gc,heap        ] GC(18) Eden regions: 51->0(51)
[95.672s][info][gc,heap        ] GC(18) Survivor regions: 8->8(8)
[95.672s][info][gc,heap        ] GC(18) Old regions: 91->134
[95.672s][info][gc,heap        ] GC(18) Humongous regions: 35->35
[95.672s][info][gc,metaspace   ] GC(18) Metaspace: 28373K(28864K)->28373K(28864K) NonClass: 23019K(23296K)->23019K(23296K) Class: 5353K(5568K)->5353K(5568K)
[95.672s][info][gc             ] GC(18) Pause Young (Normal) (G1 Evacuation Pause) 1451M->1387M(9472M) 134.766ms
[95.672s][info][gc,cpu         ] GC(18) User=1.06s Sys=0.01s Real=0.13s
.. (rIR:aIR:PR = 10:10:10) (tPR = 308) [OK] 
    97s:       rampup IR =     20 ... (rIR:aIR:PR = 20:19:19) (tPR = 627) [OK] 
   100s:       rampup IR =     30 .... (rIR:aIR:PR = 30:28:28) (tPR = 577) [OK] 
   104s:       rampup IR =     40 .... (rIR:aIR:PR = 40:39:39) (tPR = 972) [OK] 
   108s:       rampup IR =     50 .... (rIR:aIR:PR = 50:46:45) (tPR = 970) [OK] 
   112s:       rampup IR =     60 .... (rIR:aIR:PR = 60:64:63) (tPR = 1380) [OK] 
   116s:       rampup IR =     70 .... (rIR:aIR:PR = 70:66:64) (tPR = 1554) [OK] 
   120s:       rampup IR =     80 .... (rIR:aIR:PR = 80:79:77) (tPR = 1484) [OK] 
   124s:       rampup IR =     90 .... (rIR:aIR:PR = 90:88:86) (tPR = 2251) [OK] 
   128s:       rampup IR =    100 .... (rIR:aIR:PR = 100:100:97) (tPR = 2129) [OK] 
   132s:       trying IR =    200 .... (rIR:aIR:PR = 200:204:199) (tPR = 3930) [OK] 
   136s:       trying IR =    220 .... (rIR:aIR:PR = 220:223:219) (tPR = 4568) [OK] 
   140s:       trying IR =    244 [140.383s][info][gc,start       ] GC(19) Pause Young (Normal) (G1 Evacuation Pause)
[140.383s][info][gc,task        ] GC(19) Using 8 workers of 8 for evacuation
[140.427s][info][gc,phases      ] GC(19)   Pre Evacuate Collection Set: 0.25ms
[140.427s][info][gc,phases      ] GC(19)   Merge Heap Roots: 0.49ms
[140.427s][info][gc,phases      ] GC(19)   Evacuate Collection Set: 42.75ms
[140.427s][info][gc,phases      ] GC(19)   Post Evacuate Collection Set: 0.43ms
[140.427s][info][gc,phases      ] GC(19)   Other: 0.07ms
[140.427s][info][gc,heap        ] GC(19) Eden regions: 51->0(53)
[140.427s][info][gc,heap        ] GC(19) Survivor regions: 8->6(8)
[140.427s][info][gc,heap        ] GC(19) Old regions: 134->144
[140.427s][info][gc,heap        ] GC(19) Humongous regions: 35->35
[140.427s][info][gc,metaspace   ] GC(19) Metaspace: 28554K(28992K)->28554K(28992K) NonClass: 23199K(23424K)->23199K(23424K) Class: 5355K(5568K)->5355K(5568K)
[140.427s][info][gc             ] GC(19) Pause Young (Normal) (G1 Evacuation Pause) 1795M->1445M(9472M) 44.134ms
[140.427s][info][gc,cpu         ] GC(19) User=0.34s Sys=0.00s Real=0.05s
.... (rIR:aIR:PR = 244:240:236) (tPR = 4753) [OK] 
   144s:       trying IR =    273 ..... (rIR:aIR:PR = 273:283:277) (tPR = 5623) [OK] 
   149s:       trying IR =    307 ..[151.972s][info][gc,start       ] GC(20) Pause Young (Normal) (G1 Evacuation Pause)
[151.972s][info][gc,task        ] GC(20) Using 8 workers of 8 for evacuation
[152.006s][info][gc,phases      ] GC(20)   Pre Evacuate Collection Set: 0.24ms
[152.006s][info][gc,phases      ] GC(20)   Merge Heap Roots: 0.42ms
[152.006s][info][gc,phases      ] GC(20)   Evacuate Collection Set: 33.38ms
[152.006s][info][gc,phases      ] GC(20)   Post Evacuate Collection Set: 0.34ms
[152.006s][info][gc,phases      ] GC(20)   Other: 0.05ms
[152.006s][info][gc,heap        ] GC(20) Eden regions: 53->0(72)
[152.006s][info][gc,heap        ] GC(20) Survivor regions: 6->4(8)
[152.006s][info][gc,heap        ] GC(20) Old regions: 144->150
[152.006s][info][gc,heap        ] GC(20) Humongous regions: 35->35
[152.006s][info][gc,metaspace   ] GC(20) Metaspace: 28608K(29056K)->28608K(29056K) NonClass: 23252K(23488K)->23252K(23488K) Class: 5355K(5568K)->5355K(5568K)
[152.006s][info][gc             ] GC(20) Pause Young (Normal) (G1 Evacuation Pause) 1869M->1478M(9472M) 34.545ms
[152.006s][info][gc,cpu         ] GC(20) User=0.27s Sys=0.00s Real=0.04s
.. (rIR:aIR:PR = 307:304:298) (tPR = 6449) [OK] 
   153s:       trying IR =    349 .... (rIR:aIR:PR = 349:352:343) (tPR = 6446) [OK] 
   157s:       trying IR =    399 ....[162.190s][info][gc,start       ] GC(21) Pause Young (Normal) (G1 Evacuation Pause)
[162.190s][info][gc,task        ] GC(21) Using 8 workers of 8 for evacuation
[162.227s][info][gc,phases      ] GC(21)   Pre Evacuate Collection Set: 0.24ms
[162.227s][info][gc,phases      ] GC(21)   Merge Heap Roots: 0.35ms
[162.227s][info][gc,phases      ] GC(21)   Evacuate Collection Set: 35.51ms
[162.227s][info][gc,phases      ] GC(21)   Post Evacuate Collection Set: 0.39ms
[162.227s][info][gc,phases      ] GC(21)   Other: 0.06ms
[162.227s][info][gc,heap        ] GC(21) Eden regions: 76->0(174)
[162.227s][info][gc,heap        ] GC(21) Survivor regions: 4->9(10)
[162.227s][info][gc,heap        ] GC(21) Old regions: 150->150
[162.227s][info][gc,heap        ] GC(21) Humongous regions: 35->35
[162.227s][info][gc,metaspace   ] GC(21) Metaspace: 28667K(29120K)->28667K(29120K) NonClass: 23309K(23552K)->23309K(23552K) Class: 5357K(5568K)->5357K(5568K)
[162.227s][info][gc             ] GC(21) Pause Young (Normal) (G1 Evacuation Pause) 2086M->1511M(9472M) 36.652ms
[162.227s][info][gc,cpu         ] GC(21) User=0.26s Sys=0.02s Real=0.04s
. (rIR:aIR:PR = 399:400:391) (tPR = 7305) [OK] 
   162s:       trying IR =    458 ..... (rIR:aIR:PR = 458:471:461) (tPR = 8791) [OK] 
   167s:       trying IR =    530 ...... (rIR:aIR:PR = 530:532:520) (tPR = 9055) [OK] 
   173s:       trying IR =    616 .... (rIR:aIR:PR = 616:617:603) (tPR = 10736) [OK] 
   177s:       trying IR =    719 [177.728s][info][gc,start       ] GC(22) Pause Young (Normal) (G1 Evacuation Pause)
[177.728s][info][gc,task        ] GC(22) Using 8 workers of 8 for evacuation
[177.785s][info][gc,phases      ] GC(22)   Pre Evacuate Collection Set: 0.26ms
[177.785s][info][gc,phases      ] GC(22)   Merge Heap Roots: 0.36ms
[177.785s][info][gc,phases      ] GC(22)   Evacuate Collection Set: 55.93ms
[177.785s][info][gc,phases      ] GC(22)   Post Evacuate Collection Set: 0.51ms
[177.785s][info][gc,phases      ] GC(22)   Other: 0.07ms
[177.785s][info][gc,heap        ] GC(22) Eden regions: 175->0(246)
[177.785s][info][gc,heap        ] GC(22) Survivor regions: 9->17(23)
[177.785s][info][gc,heap        ] GC(22) Old regions: 150->150
[177.785s][info][gc,heap        ] GC(22) Humongous regions: 35->35
[177.785s][info][gc,metaspace   ] GC(22) Metaspace: 28732K(29184K)->28732K(29184K) NonClass: 23373K(23616K)->23373K(23616K) Class: 5358K(5568K)->5358K(5568K)
[177.785s][info][gc             ] GC(22) Pause Young (Normal) (G1 Evacuation Pause) 2911M->1582M(9472M) 57.283ms
[177.785s][info][gc,cpu         ] GC(22) User=0.45s Sys=0.00s Real=0.06s
.... (rIR:aIR:PR = 719:722:704) (tPR = 12928) [OK] 
   181s:       trying IR =    843 .... (rIR:aIR:PR = 843:836:819) (tPR = 15190) [OK] 
   185s:       trying IR =    992 .... (rIR:aIR:PR = 992:988:968) (tPR = 17504) [OK] 
   189s:       trying IR =   1170 .[190.738s][info][gc,start       ] GC(23) Pause Young (Normal) (G1 Evacuation Pause)
[190.738s][info][gc,task        ] GC(23) Using 8 workers of 8 for evacuation
[190.829s][info][gc,phases      ] GC(23)   Pre Evacuate Collection Set: 0.27ms
[190.829s][info][gc,phases      ] GC(23)   Merge Heap Roots: 0.38ms
[190.830s][info][gc,phases      ] GC(23)   Evacuate Collection Set: 89.80ms
[190.830s][info][gc,phases      ] GC(23)   Post Evacuate Collection Set: 0.65ms
[190.830s][info][gc,phases      ] GC(23)   Other: 0.08ms
[190.830s][info][gc,heap        ] GC(23) Eden regions: 240->0(216)
[190.830s][info][gc,heap        ] GC(23) Survivor regions: 17->28(33)
[190.830s][info][gc,heap        ] GC(23) Old regions: 150->150
[190.830s][info][gc,heap        ] GC(23) Humongous regions: 35->35
[190.830s][info][gc,metaspace   ] GC(23) Metaspace: 28792K(29248K)->28792K(29248K) NonClass: 23432K(23680K)->23432K(23680K) Class: 5360K(5568K)->5360K(5568K)
[190.830s][info][gc             ] GC(23) Pause Young (Normal) (G1 Evacuation Pause) 3502M->1666M(9472M) 91.330ms
[190.830s][info][gc,cpu         ] GC(23) User=0.70s Sys=0.02s Real=0.09s
... (rIR:aIR:PR = 1170:1170:1148) (tPR = 19924) [OK] 
   193s:       trying IR =   1384 .... (rIR:aIR:PR = 1384:1373:1358) (tPR = 23416) [OK] 
   197s:       trying IR =   1641 .[198.400s][info][gc,start       ] GC(24) Pause Young (Normal) (G1 Evacuation Pause)
[198.400s][info][gc,task        ] GC(24) Using 8 workers of 8 for evacuation
[198.503s][info][gc,phases      ] GC(24)   Pre Evacuate Collection Set: 0.26ms
[198.503s][info][gc,phases      ] GC(24)   Merge Heap Roots: 0.42ms
[198.503s][info][gc,phases      ] GC(24)   Evacuate Collection Set: 101.88ms
[198.503s][info][gc,phases      ] GC(24)   Post Evacuate Collection Set: 0.59ms
[198.503s][info][gc,phases      ] GC(24)   Other: 0.07ms
[198.503s][info][gc,heap        ] GC(24) Eden regions: 213->0(236)
[198.503s][info][gc,heap        ] GC(24) Survivor regions: 28->23(31)
[198.503s][info][gc,heap        ] GC(24) Old regions: 150->161
[198.503s][info][gc,heap        ] GC(24) Humongous regions: 35->35
[198.503s][info][gc,metaspace   ] GC(24) Metaspace: 28916K(29312K)->28916K(29312K) NonClass: 23540K(23744K)->23540K(23744K) Class: 5376K(5568K)->5376K(5568K)
[198.503s][info][gc             ] GC(24) Pause Young (Normal) (G1 Evacuation Pause) 3370M->1722M(9472M) 103.345ms
[198.503s][info][gc,cpu         ] GC(24) User=0.82s Sys=0.00s Real=0.10s
... (rIR:aIR:PR = 1641:1628:1628) (tPR = 27499) [OK] 
   201s:       trying IR =   1949 ...[205.201s][info][gc,start       ] GC(25) Pause Young (Normal) (G1 Evacuation Pause)
[205.201s][info][gc,task        ] GC(25) Using 8 workers of 8 for evacuation
[205.308s][info][gc,phases      ] GC(25)   Pre Evacuate Collection Set: 0.25ms
[205.308s][info][gc,phases      ] GC(25)   Merge Heap Roots: 0.29ms
[205.308s][info][gc,phases      ] GC(25)   Evacuate Collection Set: 105.24ms
[205.308s][info][gc,phases      ] GC(25)   Post Evacuate Collection Set: 0.67ms
[205.308s][info][gc,phases      ] GC(25)   Other: 0.06ms
[205.308s][info][gc,heap        ] GC(25) Eden regions: 261->0(265)
[205.308s][info][gc,heap        ] GC(25) Survivor regions: 23->25(36)
[205.308s][info][gc,heap        ] GC(25) Old regions: 161->171
[205.308s][info][gc,heap        ] GC(25) Humongous regions: 35->35
[205.308s][info][gc,metaspace   ] GC(25) Metaspace: 28946K(29440K)->28946K(29440K) NonClass: 23570K(23872K)->23570K(23872K) Class: 5376K(5568K)->5376K(5568K)
[205.308s][info][gc             ] GC(25) Pause Young (Normal) (G1 Evacuation Pause) 3810M->1813M(9472M) 106.647ms
[205.308s][info][gc,cpu         ] GC(25) User=0.81s Sys=0.03s Real=0.11s
. (rIR:aIR:PR = 1949:1881:1873) (tPR = 30412) [OK] 
   205s:       trying IR =   2319 .... (rIR:aIR:PR = 2319:2319:2319) (tPR = 38167) [OK] 
   209s:       trying IR =   2762 .[210.955s][info][gc,start       ] GC(26) Pause Young (Normal) (G1 Evacuation Pause)
[210.955s][info][gc,task        ] GC(26) Using 8 workers of 8 for evacuation
[211.059s][info][gc,phases      ] GC(26)   Pre Evacuate Collection Set: 0.26ms
[211.059s][info][gc,phases      ] GC(26)   Merge Heap Roots: 0.29ms
[211.059s][info][gc,phases      ] GC(26)   Evacuate Collection Set: 102.93ms
[211.059s][info][gc,phases      ] GC(26)   Post Evacuate Collection Set: 0.69ms
[211.059s][info][gc,phases      ] GC(26)   Other: 0.06ms
[211.059s][info][gc,heap        ] GC(26) Eden regions: 269->0(339)
[211.059s][info][gc,heap        ] GC(26) Survivor regions: 25->27(37)
[211.059s][info][gc,heap        ] GC(26) Old regions: 171->178
[211.059s][info][gc,heap        ] GC(26) Humongous regions: 35->35
[211.059s][info][gc,metaspace   ] GC(26) Metaspace: 29045K(29568K)->29045K(29568K) NonClass: 23663K(23936K)->23663K(23936K) Class: 5381K(5632K)->5381K(5632K)
[211.059s][info][gc             ] GC(26) Pause Young (Normal) (G1 Evacuation Pause) 3965M->1887M(9472M) 104.366ms
[211.059s][info][gc,cpu         ] GC(26) User=0.80s Sys=0.02s Real=0.10s
... (rIR:aIR:PR = 2762:2762:2762) (tPR = 45312) [OK] 
   213s:       trying IR =   3295 .... (rIR:aIR:PR = 3295:3297:3297) (tPR = 50326) [OK] 
   217s:       trying IR =   3934 [217.566s][info][gc,start       ] GC(27) Pause Young (Normal) (G1 Evacuation Pause)
[217.566s][info][gc,task        ] GC(27) Using 8 workers of 8 for evacuation
[217.690s][info][gc,phases      ] GC(27)   Pre Evacuate Collection Set: 0.28ms
[217.690s][info][gc,phases      ] GC(27)   Merge Heap Roots: 0.36ms
[217.690s][info][gc,phases      ] GC(27)   Evacuate Collection Set: 122.89ms
[217.690s][info][gc,phases      ] GC(27)   Post Evacuate Collection Set: 0.84ms
[217.690s][info][gc,phases      ] GC(27)   Other: 0.07ms
[217.690s][info][gc,heap        ] GC(27) Eden regions: 350->0(367)
[217.690s][info][gc,heap        ] GC(27) Survivor regions: 27->31(48)
[217.690s][info][gc,heap        ] GC(27) Old regions: 178->187
[217.690s][info][gc,heap        ] GC(27) Humongous regions: 35->35
[217.690s][info][gc,metaspace   ] GC(27) Metaspace: 29422K(29952K)->29422K(29952K) NonClass: 24019K(24320K)->24019K(24320K) Class: 5402K(5632K)->5402K(5632K)
[217.690s][info][gc             ] GC(27) Pause Young (Normal) (G1 Evacuation Pause) 4687M->1989M(9472M) 124.555ms
[217.690s][info][gc,cpu         ] GC(27) User=0.94s Sys=0.04s Real=0.12s
.... (rIR:aIR:PR = 3934:3882:3882) (tPR = 58280) [OK] 
   221s:       trying IR =   4701 .[223.173s][info][gc,start       ] GC(28) Pause Young (Normal) (G1 Evacuation Pause)
[223.173s][info][gc,task        ] GC(28) Using 8 workers of 8 for evacuation
[223.308s][info][gc,phases      ] GC(28)   Pre Evacuate Collection Set: 0.31ms
[223.308s][info][gc,phases      ] GC(28)   Merge Heap Roots: 0.49ms
[223.308s][info][gc,phases      ] GC(28)   Evacuate Collection Set: 133.44ms
[223.308s][info][gc,phases      ] GC(28)   Post Evacuate Collection Set: 0.87ms
[223.308s][info][gc,phases      ] GC(28)   Other: 0.08ms
[223.308s][info][gc,heap        ] GC(28) Eden regions: 361->0(380)
[223.308s][info][gc,heap        ] GC(28) Survivor regions: 31->35(49)
[223.308s][info][gc,heap        ] GC(28) Old regions: 187->195
[223.308s][info][gc,heap        ] GC(28) Humongous regions: 35->35
[223.308s][info][gc,metaspace   ] GC(28) Metaspace: 29498K(30016K)->29498K(30016K) NonClass: 24095K(24384K)->24095K(24384K) Class: 5402K(5632K)->5402K(5632K)
[223.308s][info][gc             ] GC(28) Pause Young (Normal) (G1 Evacuation Pause) 4877M->2082M(9472M) 135.323ms
[223.308s][info][gc,cpu         ] GC(28) User=1.04s Sys=0.04s Real=0.14s
... (rIR:aIR:PR = 4701:4742:4742) (tPR = 72603) [OK] 
   225s:       trying IR =   5621 ..[228.009s][info][gc,start       ] GC(29) Pause Young (Normal) (G1 Evacuation Pause)
[228.009s][info][gc,task        ] GC(29) Using 8 workers of 8 for evacuation
[228.148s][info][gc,phases      ] GC(29)   Pre Evacuate Collection Set: 0.24ms
[228.148s][info][gc,phases      ] GC(29)   Merge Heap Roots: 0.34ms
[228.148s][info][gc,phases      ] GC(29)   Evacuate Collection Set: 137.54ms
[228.148s][info][gc,phases      ] GC(29)   Post Evacuate Collection Set: 0.88ms
[228.148s][info][gc,phases      ] GC(29)   Other: 0.07ms
[228.148s][info][gc,heap        ] GC(29) Eden regions: 378->0(381)
[228.148s][info][gc,heap        ] GC(29) Survivor regions: 35->36(52)
[228.148s][info][gc,heap        ] GC(29) Old regions: 195->204
[228.148s][info][gc,heap        ] GC(29) Humongous regions: 35->35
[228.148s][info][gc,metaspace   ] GC(29) Metaspace: 29517K(30016K)->29517K(30016K) NonClass: 24113K(24384K)->24113K(24384K) Class: 5403K(5632K)->5403K(5632K)
[228.148s][info][gc             ] GC(29) Pause Young (Normal) (G1 Evacuation Pause) 5106M->2167M(9472M) 139.196ms
[228.148s][info][gc,cpu         ] GC(29) User=1.06s Sys=0.04s Real=0.14s
.. (rIR:aIR:PR = 5621:5583:5583) (tPR = 86754) [OK] 
   229s:       trying IR =   6725 ..[231.925s][info][gc,start       ] GC(30) Pause Young (Normal) (G1 Evacuation Pause)
[231.925s][info][gc,task        ] GC(30) Using 8 workers of 8 for evacuation
[232.060s][info][gc,phases      ] GC(30)   Pre Evacuate Collection Set: 0.26ms
[232.060s][info][gc,phases      ] GC(30)   Merge Heap Roots: 0.34ms
[232.060s][info][gc,phases      ] GC(30)   Evacuate Collection Set: 133.37ms
[232.060s][info][gc,phases      ] GC(30)   Post Evacuate Collection Set: 0.86ms
[232.060s][info][gc,phases      ] GC(30)   Other: 0.06ms
[232.060s][info][gc,heap        ] GC(30) Eden regions: 380->0(406)
[232.060s][info][gc,heap        ] GC(30) Survivor regions: 36->37(52)
[232.060s][info][gc,heap        ] GC(30) Old regions: 204->213
[232.060s][info][gc,heap        ] GC(30) Humongous regions: 35->35
[232.060s][info][gc,metaspace   ] GC(30) Metaspace: 29547K(30016K)->29547K(30016K) NonClass: 24143K(24384K)->24143K(24384K) Class: 5403K(5632K)->5403K(5632K)
[232.060s][info][gc             ] GC(30) Pause Young (Normal) (G1 Evacuation Pause) 5207M->2245M(9472M) 135.016ms
[232.060s][info][gc,cpu         ] GC(30) User=1.06s Sys=0.01s Real=0.13s
.. (rIR:aIR:PR = 6725:6747:6747) (tPR = 100530) [OK] 
   233s:       trying IR =   8050 ..[235.472s][info][gc,start       ] GC(31) Pause Young (Normal) (G1 Evacuation Pause)
[235.472s][info][gc,task        ] GC(31) Using 8 workers of 8 for evacuation
[235.613s][info][gc,phases      ] GC(31)   Pre Evacuate Collection Set: 0.26ms
[235.613s][info][gc,phases      ] GC(31)   Merge Heap Roots: 0.42ms
[235.613s][info][gc,phases      ] GC(31)   Evacuate Collection Set: 139.10ms
[235.613s][info][gc,phases      ] GC(31)   Post Evacuate Collection Set: 0.92ms
[235.613s][info][gc,phases      ] GC(31)   Other: 0.07ms
[235.613s][info][gc,heap        ] GC(31) Eden regions: 405->0(438)
[235.613s][info][gc,heap        ] GC(31) Survivor regions: 37->36(56)
[235.613s][info][gc,heap        ] GC(31) Old regions: 213->222
[235.613s][info][gc,heap        ] GC(31) Humongous regions: 35->35
[235.613s][info][gc,metaspace   ] GC(31) Metaspace: 29558K(30016K)->29558K(30016K) NonClass: 24155K(24384K)->24155K(24384K) Class: 5403K(5632K)->5403K(5632K)
[235.613s][info][gc             ] GC(31) Pause Young (Normal) (G1 Evacuation Pause) 5485M->2312M(9472M) 140.914ms
[235.613s][info][gc,cpu         ] GC(31) User=1.08s Sys=0.03s Real=0.14s
.. (rIR:aIR:PR = 8050:8161:8161) (tPR = 123225) [OK] 
   237s:       trying IR =   9640 .[238.698s][info][gc,start       ] GC(32) Pause Young (Normal) (G1 Evacuation Pause)
[238.698s][info][gc,task        ] GC(32) Using 8 workers of 8 for evacuation
[238.850s][info][gc,phases      ] GC(32)   Pre Evacuate Collection Set: 0.24ms
[238.850s][info][gc,phases      ] GC(32)   Merge Heap Roots: 0.37ms
[238.850s][info][gc,phases      ] GC(32)   Evacuate Collection Set: 150.67ms
[238.850s][info][gc,phases      ] GC(32)   Post Evacuate Collection Set: 0.89ms
[238.850s][info][gc,phases      ] GC(32)   Other: 0.07ms
[238.850s][info][gc,heap        ] GC(32) Eden regions: 437->0(671)
[238.850s][info][gc,heap        ] GC(32) Survivor regions: 36->39(60)
[238.850s][info][gc,heap        ] GC(32) Old regions: 222->230
[238.850s][info][gc,heap        ] GC(32) Humongous regions: 35->35
[238.850s][info][gc,metaspace   ] GC(32) Metaspace: 29559K(30016K)->29559K(30016K) NonClass: 24155K(24384K)->24155K(24384K) Class: 5403K(5632K)->5403K(5632K)
[238.850s][info][gc             ] GC(32) Pause Young (Normal) (G1 Evacuation Pause) 5808M->2401M(9472M) 152.359ms
[238.850s][info][gc,cpu         ] GC(32) User=1.15s Sys=0.05s Real=0.15s
... (rIR:aIR:PR = 9640:9701:9737) (tPR = 145607) [OK] 
   241s:       trying IR =  11548 .[243.036s][info][gc,start       ] GC(33) Pause Young (Normal) (G1 Evacuation Pause)
[243.036s][info][gc,task        ] GC(33) Using 8 workers of 8 for evacuation
[243.204s][info][gc,phases      ] GC(33)   Pre Evacuate Collection Set: 0.26ms
[243.204s][info][gc,phases      ] GC(33)   Merge Heap Roots: 0.42ms
[243.204s][info][gc,phases      ] GC(33)   Evacuate Collection Set: 166.23ms
[243.204s][info][gc,phases      ] GC(33)   Post Evacuate Collection Set: 1.19ms
[243.204s][info][gc,phases      ] GC(33)   Other: 0.11ms
[243.204s][info][gc,heap        ] GC(33) Eden regions: 671->0(478)
[243.204s][info][gc,heap        ] GC(33) Survivor regions: 39->51(89)
[243.204s][info][gc,heap        ] GC(33) Old regions: 230->230
[243.204s][info][gc,heap        ] GC(33) Humongous regions: 35->35
[243.204s][info][gc,metaspace   ] GC(33) Metaspace: 29583K(30080K)->29583K(30080K) NonClass: 24179K(24448K)->24179K(24448K) Class: 5404K(5632K)->5404K(5632K)
[243.204s][info][gc             ] GC(33) Pause Young (Normal) (G1 Evacuation Pause) 7769M->2493M(9472M) 168.354ms
[243.204s][info][gc,cpu         ] GC(33) User=1.29s Sys=0.05s Real=0.16s
...[245.892s][info][gc,start       ] GC(34) Pause Young (Normal) (G1 Evacuation Pause)
[245.892s][info][gc,task        ] GC(34) Using 8 workers of 8 for evacuation
[246.059s][info][gc,phases      ] GC(34)   Pre Evacuate Collection Set: 0.27ms
[246.059s][info][gc,phases      ] GC(34)   Merge Heap Roots: 0.41ms
[246.059s][info][gc,phases      ] GC(34)   Evacuate Collection Set: 164.84ms
[246.059s][info][gc,phases      ] GC(34)   Post Evacuate Collection Set: 0.89ms
[246.059s][info][gc,phases      ] GC(34)   Other: 0.06ms
[246.059s][info][gc,heap        ] GC(34) Eden regions: 472->0(419)
[246.059s][info][gc,heap        ] GC(34) Survivor regions: 51->46(66)
[246.059s][info][gc,heap        ] GC(34) Old regions: 230->240
[246.059s][info][gc,heap        ] GC(34) Humongous regions: 35->35
[246.059s][info][gc,metaspace   ] GC(34) Metaspace: 29596K(30080K)->29596K(30080K) NonClass: 24192K(24448K)->24192K(24448K) Class: 5404K(5632K)->5404K(5632K)
[246.059s][info][gc             ] GC(34) Pause Young (Normal) (G1 Evacuation Pause) 6269M->2531M(9472M) 166.595ms
[246.059s][info][gc,cpu         ] GC(34) User=1.29s Sys=0.02s Real=0.17s
..[248.334s][info][gc,start       ] GC(35) Pause Young (Normal) (G1 Evacuation Pause)
[248.334s][info][gc,task        ] GC(35) Using 8 workers of 8 for evacuation
[248.480s][info][gc,phases      ] GC(35)   Pre Evacuate Collection Set: 0.24ms
[248.480s][info][gc,phases      ] GC(35)   Merge Heap Roots: 0.39ms
[248.480s][info][gc,phases      ] GC(35)   Evacuate Collection Set: 144.86ms
[248.480s][info][gc,phases      ] GC(35)   Post Evacuate Collection Set: 0.82ms
[248.480s][info][gc,phases      ] GC(35)   Other: 0.06ms
[248.480s][info][gc,heap        ] GC(35) Eden regions: 418->0(608)
[248.480s][info][gc,heap        ] GC(35) Survivor regions: 46->38(58)
[248.480s][info][gc,heap        ] GC(35) Old regions: 240->251
[248.480s][info][gc,heap        ] GC(35) Humongous regions: 35->35
[248.480s][info][gc,metaspace   ] GC(35) Metaspace: 29598K(30080K)->29598K(30080K) NonClass: 24193K(24448K)->24193K(24448K) Class: 5404K(5632K)->5404K(5632K)
[248.480s][info][gc             ] GC(35) Pause Young (Normal) (G1 Evacuation Pause) 5875M->2555M(9472M) 146.519ms
[248.481s][info][gc,cpu         ] GC(35) User=1.15s Sys=0.01s Real=0.15s
.... (rIR:aIR:PR = 11548:11380:11354) (tPR = 170500) [OK] 
   251s:       trying IR =  13837 [251.851s][info][gc,start       ] GC(36) Pause Young (Normal) (G1 Evacuation Pause)
[251.851s][info][gc,task        ] GC(36) Using 8 workers of 8 for evacuation
[252.004s][info][gc,phases      ] GC(36)   Pre Evacuate Collection Set: 0.27ms
[252.004s][info][gc,phases      ] GC(36)   Merge Heap Roots: 0.43ms
[252.004s][info][gc,phases      ] GC(36)   Evacuate Collection Set: 150.63ms
[252.004s][info][gc,phases      ] GC(36)   Post Evacuate Collection Set: 1.07ms
[252.004s][info][gc,phases      ] GC(36)   Other: 0.07ms
[252.004s][info][gc,heap        ] GC(36) Eden regions: 606->0(461)
[252.004s][info][gc,heap        ] GC(36) Survivor regions: 38->50(81)
[252.004s][info][gc,heap        ] GC(36) Old regions: 251->251
[252.004s][info][gc,heap        ] GC(36) Humongous regions: 35->35
[252.004s][info][gc,metaspace   ] GC(36) Metaspace: 29598K(30080K)->29598K(30080K) NonClass: 24194K(24448K)->24194K(24448K) Class: 5404K(5632K)->5404K(5632K)
[252.004s][info][gc             ] GC(36) Pause Young (Normal) (G1 Evacuation Pause) 7403M->2651M(9472M) 152.597ms
[252.004s][info][gc,cpu         ] GC(36) User=1.21s Sys=0.00s Real=0.15s
..[254.347s][info][gc,start       ] GC(37) Pause Young (Normal) (G1 Evacuation Pause)
[254.347s][info][gc,task        ] GC(37) Using 8 workers of 8 for evacuation
[254.509s][info][gc,phases      ] GC(37)   Pre Evacuate Collection Set: 0.24ms
[254.509s][info][gc,phases      ] GC(37)   Merge Heap Roots: 0.41ms
[254.509s][info][gc,phases      ] GC(37)   Evacuate Collection Set: 160.49ms
[254.509s][info][gc,phases      ] GC(37)   Post Evacuate Collection Set: 0.89ms
[254.509s][info][gc,phases      ] GC(37)   Other: 0.06ms
[254.509s][info][gc,heap        ] GC(37) Eden regions: 459->0(649)
[254.509s][info][gc,heap        ] GC(37) Survivor regions: 50->43(64)
[254.509s][info][gc,heap        ] GC(37) Old regions: 251->261
[254.509s][info][gc,heap        ] GC(37) Humongous regions: 35->35
[254.509s][info][gc,metaspace   ] GC(37) Metaspace: 29598K(30080K)->29598K(30080K) NonClass: 24194K(24448K)->24194K(24448K) Class: 5404K(5632K)->5404K(5632K)
[254.509s][info][gc             ] GC(37) Pause Young (Normal) (G1 Evacuation Pause) 6323M->2682M(9472M) 162.215ms
[254.509s][info][gc,cpu         ] GC(37) User=1.27s Sys=0.02s Real=0.16s
....[257.842s][info][gc,start       ] GC(38) Pause Young (Normal) (G1 Evacuation Pause)
[257.842s][info][gc,task        ] GC(38) Using 8 workers of 8 for evacuation
[257.994s][info][gc,phases      ] GC(38)   Pre Evacuate Collection Set: 0.25ms
[257.994s][info][gc,phases      ] GC(38)   Merge Heap Roots: 0.43ms
[257.994s][info][gc,phases      ] GC(38)   Evacuate Collection Set: 149.64ms
[257.994s][info][gc,phases      ] GC(38)   Post Evacuate Collection Set: 1.15ms
[257.994s][info][gc,phases      ] GC(38)   Other: 0.06ms
[257.994s][info][gc,heap        ] GC(38) Eden regions: 647->0(598)
[257.994s][info][gc,heap        ] GC(38) Survivor regions: 43->50(87)
[257.994s][info][gc,heap        ] GC(38) Old regions: 261->261
[257.994s][info][gc,heap        ] GC(38) Humongous regions: 35->35
[257.994s][info][gc,metaspace   ] GC(38) Metaspace: 29600K(30080K)->29600K(30080K) NonClass: 24196K(24448K)->24196K(24448K) Class: 5404K(5632K)->5404K(5632K)
[257.994s][info][gc             ] GC(38) Pause Young (Normal) (G1 Evacuation Pause) 7858M->2738M(9472M) 151.685ms
[257.994s][info][gc,cpu         ] GC(38) User=1.20s Sys=0.00s Real=0.15s
...[261.060s][info][gc,start       ] GC(39) Pause Young (Normal) (G1 Evacuation Pause)
[261.060s][info][gc,task        ] GC(39) Using 8 workers of 8 for evacuation
[261.237s][info][gc,phases      ] GC(39)   Pre Evacuate Collection Set: 0.24ms
[261.237s][info][gc,phases      ] GC(39)   Merge Heap Roots: 0.44ms
[261.237s][info][gc,phases      ] GC(39)   Evacuate Collection Set: 175.17ms
[261.237s][info][gc,phases      ] GC(39)   Post Evacuate Collection Set: 1.03ms
[261.237s][info][gc,phases      ] GC(39)   Other: 0.07ms
[261.237s][info][gc,heap        ] GC(39) Eden regions: 590->0(619)
[261.237s][info][gc,heap        ] GC(39) Survivor regions: 50->48(80)
[261.237s][info][gc,heap        ] GC(39) Old regions: 261->271
[261.237s][info][gc,heap        ] GC(39) Humongous regions: 35->35
[261.237s][info][gc,metaspace   ] GC(39) Metaspace: 29613K(30080K)->29613K(30080K) NonClass: 24208K(24448K)->24208K(24448K) Class: 5404K(5632K)->5404K(5632K)
[261.237s][info][gc             ] GC(39) Pause Young (Normal) (G1 Evacuation Pause) 7458M->2800M(9472M) 177.090ms
[261.237s][info][gc,cpu         ] GC(39) User=1.38s Sys=0.03s Real=0.18s
...[264.506s][info][gc,start       ] GC(40) Pause Young (Normal) (G1 Evacuation Pause)
[264.506s][info][gc,task        ] GC(40) Using 8 workers of 8 for evacuation
[264.667s][info][gc,phases      ] GC(40)   Pre Evacuate Collection Set: 0.26ms
[264.667s][info][gc,phases      ] GC(40)   Merge Heap Roots: 0.44ms
[264.667s][info][gc,phases      ] GC(40)   Evacuate Collection Set: 158.59ms
[264.667s][info][gc,phases      ] GC(40)   Post Evacuate Collection Set: 1.09ms
[264.667s][info][gc,phases      ] GC(40)   Other: 0.06ms
[264.667s][info][gc,heap        ] GC(40) Eden regions: 619->0(665)
[264.667s][info][gc,heap        ] GC(40) Survivor regions: 48->45(84)
[264.667s][info][gc,heap        ] GC(40) Old regions: 271->278
[264.667s][info][gc,heap        ] GC(40) Humongous regions: 35->35
[264.667s][info][gc,metaspace   ] GC(40) Metaspace: 29617K(30144K)->29617K(30144K) NonClass: 24212K(24512K)->24212K(24512K) Class: 5404K(5632K)->5404K(5632K)
[264.667s][info][gc             ] GC(40) Pause Young (Normal) (G1 Evacuation Pause) 7752M->2834M(9472M) 160.579ms
[264.667s][info][gc,cpu         ] GC(40) User=1.26s Sys=0.01s Real=0.16s
....[268.068s][info][gc,start       ] GC(41) Pause Young (Normal) (G1 Evacuation Pause)
[268.068s][info][gc,task        ] GC(41) Using 8 workers of 8 for evacuation
[268.230s][info][gc,phases      ] GC(41)   Pre Evacuate Collection Set: 0.24ms
[268.230s][info][gc,phases      ] GC(41)   Merge Heap Roots: 0.44ms
[268.230s][info][gc,phases      ] GC(41)   Evacuate Collection Set: 160.64ms
[268.230s][info][gc,phases      ] GC(41)   Post Evacuate Collection Set: 1.17ms
[268.230s][info][gc,phases      ] GC(41)   Other: 0.06ms
[268.230s][info][gc,heap        ] GC(41) Eden regions: 665->0(633)
[268.230s][info][gc,heap        ] GC(41) Survivor regions: 45->53(89)
[268.230s][info][gc,heap        ] GC(41) Old regions: 278->278
[268.230s][info][gc,heap        ] GC(41) Humongous regions: 35->35
[268.230s][info][gc,metaspace   ] GC(41) Metaspace: 29620K(30144K)->29620K(30144K) NonClass: 24216K(24512K)->24216K(24512K) Class: 5404K(5632K)->5404K(5632K)
[268.230s][info][gc             ] GC(41) Pause Young (Normal) (G1 Evacuation Pause) 8154M->2894M(9472M) 162.705ms
[268.231s][info][gc,cpu         ] GC(41) User=1.28s Sys=0.00s Real=0.16s
...[271.245s][info][gc,start       ] GC(42) Pause Young (Normal) (G1 Evacuation Pause)
[271.246s][info][gc,task        ] GC(42) Using 8 workers of 8 for evacuation
[271.415s][info][gc,phases      ] GC(42)   Pre Evacuate Collection Set: 0.25ms
[271.415s][info][gc,phases      ] GC(42)   Merge Heap Roots: 0.44ms
[271.415s][info][gc,phases      ] GC(42)   Evacuate Collection Set: 167.35ms
[271.415s][info][gc,phases      ] GC(42)   Post Evacuate Collection Set: 1.07ms
[271.415s][info][gc,phases      ] GC(42)   Other: 0.07ms
[271.415s][info][gc,heap        ] GC(42) Eden regions: 625->0(664)
[271.415s][info][gc,heap        ] GC(42) Survivor regions: 53->46(85)
[271.415s][info][gc,heap        ] GC(42) Old regions: 278->287
[271.415s][info][gc,heap        ] GC(42) Humongous regions: 35->35
[271.415s][info][gc,metaspace   ] GC(42) Metaspace: 29623K(30144K)->29623K(30144K) NonClass: 24218K(24512K)->24218K(24512K) Class: 5404K(5632K)->5404K(5632K)
[271.415s][info][gc             ] GC(42) Pause Young (Normal) (G1 Evacuation Pause) 7894M->2911M(9472M) 169.315ms
[271.415s][info][gc,cpu         ] GC(42) User=1.31s Sys=0.03s Real=0.17s
....[274.921s][info][gc,start       ] GC(43) Pause Young (Normal) (G1 Evacuation Pause)
[274.921s][info][gc,task        ] GC(43) Using 8 workers of 8 for evacuation
[275.094s][info][gc,phases      ] GC(43)   Pre Evacuate Collection Set: 0.25ms
[275.094s][info][gc,phases      ] GC(43)   Merge Heap Roots: 0.48ms
[275.094s][info][gc,phases      ] GC(43)   Evacuate Collection Set: 171.06ms
[275.094s][info][gc,phases      ] GC(43)   Post Evacuate Collection Set: 1.10ms
[275.094s][info][gc,phases      ] GC(43)   Other: 0.06ms
[275.094s][info][gc,heap        ] GC(43) Eden regions: 664->0(657)
[275.094s][info][gc,heap        ] GC(43) Survivor regions: 46->50(89)
[275.094s][info][gc,heap        ] GC(43) Old regions: 287->293
[275.094s][info][gc,heap        ] GC(43) Humongous regions: 35->35
[275.094s][info][gc,metaspace   ] GC(43) Metaspace: 29624K(30144K)->29624K(30144K) NonClass: 24220K(24512K)->24220K(24512K) Class: 5404K(5632K)->5404K(5632K)
[275.094s][info][gc             ] GC(43) Pause Young (Normal) (G1 Evacuation Pause) 8223M->2993M(9472M) 173.074ms
[275.094s][info][gc,cpu         ] GC(43) User=1.36s Sys=0.01s Real=0.17s
...[278.404s][info][gc,start       ] GC(44) Pause Young (Normal) (G1 Evacuation Pause)
[278.404s][info][gc,task        ] GC(44) Using 8 workers of 8 for evacuation
[278.562s][info][gc,phases      ] GC(44)   Pre Evacuate Collection Set: 0.25ms
[278.562s][info][gc,phases      ] GC(44)   Merge Heap Roots: 0.46ms
[278.562s][info][gc,phases      ] GC(44)   Evacuate Collection Set: 156.05ms
[278.562s][info][gc,phases      ] GC(44)   Post Evacuate Collection Set: 1.11ms
[278.562s][info][gc,phases      ] GC(44)   Other: 0.06ms
[278.562s][info][gc,heap        ] GC(44) Eden regions: 655->0(665)
[278.562s][info][gc,heap        ] GC(44) Survivor regions: 50->45(89)
[278.562s][info][gc,heap        ] GC(44) Old regions: 293->300
[278.562s][info][gc,heap        ] GC(44) Humongous regions: 35->35
[278.562s][info][gc,metaspace   ] GC(44) Metaspace: 29627K(30144K)->29627K(30144K) NonClass: 24223K(24512K)->24223K(24512K) Class: 5404K(5632K)->5404K(5632K)
[278.562s][info][gc             ] GC(44) Pause Young (Normal) (G1 Evacuation Pause) 8233M->3005M(9472M) 158.050ms
[278.562s][info][gc,cpu         ] GC(44) User=1.24s Sys=0.02s Real=0.16s
.... (rIR:aIR:PR = 13837:13751:12787) (tPR = 190913) [PR is under limit] 
   281s: Re-initializing (term) [281.847s][info][gc,start       ] GC(45) Pause Full (System.gc())
[281.847s][info][gc,task        ] GC(45) Using 8 workers of 8 for full compaction
[281.847s][info][gc,phases,start] GC(45) Phase 1: Mark live objects
[281.865s][info][gc,phases      ] GC(45) Phase 1: Mark live objects 17.648ms
[281.865s][info][gc,phases,start] GC(45) Phase 2: Prepare compaction
[281.873s][info][gc,phases      ] GC(45) Phase 2: Prepare compaction 8.253ms
[281.873s][info][gc,phases,start] GC(45) Phase 3: Adjust pointers
[281.888s][info][gc,phases      ] GC(45) Phase 3: Adjust pointers 14.784ms
[281.888s][info][gc,phases,start] GC(45) Phase 4: Compact heap
[281.896s][info][gc,phases      ] GC(45) Phase 4: Compact heap 8.290ms
[281.896s][info][gc,phases,start] GC(45) Phase 5: Reset Metadata
[281.900s][info][gc,phases      ] GC(45) Phase 5: Reset Metadata 3.398ms
[281.916s][info][gc,heap        ] GC(45) Eden regions: 636->0(614)
[281.916s][info][gc,heap        ] GC(45) Survivor regions: 45->0(89)
[281.916s][info][gc,heap        ] GC(45) Old regions: 300->13
[281.916s][info][gc,heap        ] GC(45) Humongous regions: 35->18
[281.916s][info][gc,metaspace   ] GC(45) Metaspace: 29635K(30144K)->29635K(30144K) NonClass: 24230K(24512K)->24230K(24512K) Class: 5404K(5632K)->5404K(5632K)
[281.916s][info][gc             ] GC(45) Pause Full (System.gc()) 8090M->212M(8192M) 69.508ms
[281.916s][info][gc,cpu         ] GC(45) User=0.41s Sys=0.04s Real=0.07s
(init) ... OK
   286s: Searching from base IR = 11548
   286s:       rampup IR =      0 ... (rIR:aIR:PR = 0:0:0) (tPR = 0) [OK] 
   289s:       rampup IR =   1155 .... (rIR:aIR:PR = 1155:1157:1130) (tPR = 22952) [OK] 
   293s:       rampup IR =   2310 .... (rIR:aIR:PR = 2310:2301:2254) (tPR = 42313) [OK] 
   297s:       rampup IR =   3464 .[298.791s][info][gc,start       ] GC(46) Pause Young (Normal) (G1 Evacuation Pause)
[298.791s][info][gc,task        ] GC(46) Using 8 workers of 8 for evacuation
[299.267s][info][gc,mmu         ] GC(46) MMU target violated: 201.0ms (200.0ms/201.0ms)
[299.267s][info][gc,phases      ] GC(46)   Pre Evacuate Collection Set: 0.26ms
[299.267s][info][gc,phases      ] GC(46)   Merge Heap Roots: 0.42ms
[299.267s][info][gc,phases      ] GC(46)   Evacuate Collection Set: 474.08ms
[299.267s][info][gc,phases      ] GC(46)   Post Evacuate Collection Set: 1.15ms
[299.267s][info][gc,phases      ] GC(46)   Other: 0.10ms
[299.267s][info][gc,heap        ] GC(46) Eden regions: 614->0(449)
[299.267s][info][gc,heap        ] GC(46) Survivor regions: 0->77(77)
[299.267s][info][gc,heap        ] GC(46) Old regions: 13->51
[299.267s][info][gc,heap        ] GC(46) Humongous regions: 35->34
[299.267s][info][gc,metaspace   ] GC(46) Metaspace: 29657K(30144K)->29657K(30144K) NonClass: 24252K(24512K)->24252K(24512K) Class: 5404K(5632K)->5404K(5632K)
[299.267s][info][gc             ] GC(46) Pause Young (Normal) (G1 Evacuation Pause) 5260M->1256M(8192M) 476.115ms
[299.267s][info][gc,cpu         ] GC(46) User=3.69s Sys=0.08s Real=0.48s
.... (rIR:aIR:PR = 3464:3462:3391) (tPR = 60460) [OK] 
   302s:       rampup IR =   4619 ..[304.450s][info][gc,start       ] GC(47) Pause Young (Normal) (G1 Evacuation Pause)
[304.451s][info][gc,task        ] GC(47) Using 8 workers of 8 for evacuation
[304.757s][info][gc,mmu         ] GC(47) MMU target violated: 201.0ms (200.0ms/201.0ms)
[304.757s][info][gc,phases      ] GC(47)   Pre Evacuate Collection Set: 0.25ms
[304.757s][info][gc,phases      ] GC(47)   Merge Heap Roots: 0.34ms
[304.757s][info][gc,phases      ] GC(47)   Evacuate Collection Set: 304.60ms
[304.757s][info][gc,phases      ] GC(47)   Post Evacuate Collection Set: 0.80ms
[304.757s][info][gc,phases      ] GC(47)   Other: 0.10ms
[304.757s][info][gc,heap        ] GC(47) Eden regions: 460->0(381)
[304.757s][info][gc,heap        ] GC(47) Survivor regions: 77->24(68)
[304.757s][info][gc,heap        ] GC(47) Old regions: 51->120
[304.757s][info][gc,heap        ] GC(47) Humongous regions: 34->34
[304.757s][info][gc,metaspace   ] GC(47) Metaspace: 29659K(30144K)->29659K(30144K) NonClass: 24254K(24512K)->24254K(24512K) Class: 5404K(5632K)->5404K(5632K)
[304.757s][info][gc             ] GC(47) Pause Young (Normal) (G1 Evacuation Pause) 4936M->1388M(8192M) 306.183ms
[304.757s][info][gc,cpu         ] GC(47) User=2.43s Sys=0.00s Real=0.31s
.. (rIR:aIR:PR = 4619:4552:4498) (tPR = 76187) [OK] 
   306s:       rampup IR =   5774 .[308.040s][info][gc,start       ] GC(48) Pause Young (Normal) (G1 Evacuation Pause)
[308.040s][info][gc,task        ] GC(48) Using 8 workers of 8 for evacuation
[308.154s][info][gc,phases      ] GC(48)   Pre Evacuate Collection Set: 0.22ms
[308.154s][info][gc,phases      ] GC(48)   Merge Heap Roots: 0.29ms
[308.154s][info][gc,phases      ] GC(48)   Evacuate Collection Set: 112.71ms
[308.154s][info][gc,phases      ] GC(48)   Post Evacuate Collection Set: 0.84ms
[308.154s][info][gc,phases      ] GC(48)   Other: 0.06ms
[308.154s][info][gc,heap        ] GC(48) Eden regions: 394->0(224)
[308.154s][info][gc,heap        ] GC(48) Survivor regions: 24->39(53)
[308.154s][info][gc,heap        ] GC(48) Old regions: 120->120
[308.154s][info][gc,heap        ] GC(48) Humongous regions: 34->34
[308.154s][info][gc,metaspace   ] GC(48) Metaspace: 29662K(30144K)->29662K(30144K) NonClass: 24257K(24512K)->24257K(24512K) Class: 5404K(5632K)->5404K(5632K)
[308.154s][info][gc             ] GC(48) Pause Young (Normal) (G1 Evacuation Pause) 4540M->1504M(8192M) 114.263ms
[308.154s][info][gc,cpu         ] GC(48) User=0.90s Sys=0.00s Real=0.11s
... (rIR:aIR:PR = 5774:5750:5750) (tPR = 94001) [OK] 
   310s:       rampup IR =   6929 [310.586s][info][gc,start       ] GC(49) Pause Young (Normal) (G1 Evacuation Pause)
[310.586s][info][gc,task        ] GC(49) Using 8 workers of 8 for evacuation
[310.713s][info][gc,phases      ] GC(49)   Pre Evacuate Collection Set: 0.23ms
[310.713s][info][gc,phases      ] GC(49)   Merge Heap Roots: 0.33ms
[310.713s][info][gc,phases      ] GC(49)   Evacuate Collection Set: 125.82ms
[310.713s][info][gc,phases      ] GC(49)   Post Evacuate Collection Set: 0.67ms
[310.713s][info][gc,phases      ] GC(49)   Other: 0.06ms
[310.713s][info][gc,heap        ] GC(49) Eden regions: 270->0(497)
[310.713s][info][gc,heap        ] GC(49) Survivor regions: 39->17(39)
[310.713s][info][gc,heap        ] GC(49) Old regions: 120->149
[310.713s][info][gc,heap        ] GC(49) Humongous regions: 34->34
[310.713s][info][gc,metaspace   ] GC(49) Metaspace: 29663K(30144K)->29663K(30144K) NonClass: 24258K(24512K)->24258K(24512K) Class: 5404K(5632K)->5404K(5632K)
[310.713s][info][gc             ] GC(49) Pause Young (Normal) (G1 Evacuation Pause) 3664M->1560M(8192M) 127.223ms
[310.713s][info][gc,cpu         ] GC(49) User=1.00s Sys=0.00s Real=0.12s
.... (rIR:aIR:PR = 6929:6925:6925) (tPR = 106788) [OK] 
   314s:       rampup IR =   8084 [315.013s][info][gc,start       ] GC(50) Pause Young (Normal) (G1 Evacuation Pause)
[315.014s][info][gc,task        ] GC(50) Using 8 workers of 8 for evacuation
[315.125s][info][gc,phases      ] GC(50)   Pre Evacuate Collection Set: 0.24ms
[315.125s][info][gc,phases      ] GC(50)   Merge Heap Roots: 0.39ms
[315.125s][info][gc,phases      ] GC(50)   Evacuate Collection Set: 110.11ms
[315.125s][info][gc,phases      ] GC(50)   Post Evacuate Collection Set: 0.95ms
[315.125s][info][gc,phases      ] GC(50)   Other: 0.06ms
[315.125s][info][gc,heap        ] GC(50) Eden regions: 505->0(394)
[315.125s][info][gc,heap        ] GC(50) Survivor regions: 17->36(66)
[315.125s][info][gc,heap        ] GC(50) Old regions: 149->149
[315.125s][info][gc,heap        ] GC(50) Humongous regions: 34->34
[315.125s][info][gc,metaspace   ] GC(50) Metaspace: 29667K(30144K)->29667K(30144K) NonClass: 24262K(24512K)->24262K(24512K) Class: 5404K(5632K)->5404K(5632K)
[315.125s][info][gc             ] GC(50) Pause Young (Normal) (G1 Evacuation Pause) 5600M->1716M(8192M) 111.877ms
[315.125s][info][gc,cpu         ] GC(50) User=0.88s Sys=0.00s Real=0.12s
...[318.224s][info][gc,start       ] GC(51) Pause Young (Normal) (G1 Evacuation Pause)
[318.224s][info][gc,task        ] GC(51) Using 8 workers of 8 for evacuation
[318.362s][info][gc,phases      ] GC(51)   Pre Evacuate Collection Set: 0.25ms
[318.362s][info][gc,phases      ] GC(51)   Merge Heap Roots: 0.35ms
[318.362s][info][gc,phases      ] GC(51)   Evacuate Collection Set: 136.45ms
[318.362s][info][gc,phases      ] GC(51)   Post Evacuate Collection Set: 0.90ms
[318.362s][info][gc,phases      ] GC(51)   Other: 0.06ms
[318.362s][info][gc,heap        ] GC(51) Eden regions: 397->0(408)
[318.362s][info][gc,heap        ] GC(51) Survivor regions: 36->40(55)
[318.362s][info][gc,heap        ] GC(51) Old regions: 149->156
[318.362s][info][gc,heap        ] GC(51) Humongous regions: 34->34
[318.362s][info][gc,metaspace   ] GC(51) Metaspace: 29667K(30144K)->29667K(30144K) NonClass: 24263K(24512K)->24263K(24512K) Class: 5404K(5632K)->5404K(5632K)
[318.362s][info][gc             ] GC(51) Pause Young (Normal) (G1 Evacuation Pause) 4892M->1798M(8192M) 138.157ms
[318.362s][info][gc,cpu         ] GC(51) User=1.09s Sys=0.00s Real=0.14s
. (rIR:aIR:PR = 8084:8014:7743) (tPR = 113163) [OK] 
   318s:       rampup IR =   9238 ..[321.117s][info][gc,start       ] GC(52) Pause Young (Normal) (G1 Evacuation Pause)
[321.117s][info][gc,task        ] GC(52) Using 8 workers of 8 for evacuation
[321.262s][info][gc,phases      ] GC(52)   Pre Evacuate Collection Set: 0.23ms
[321.262s][info][gc,phases      ] GC(52)   Merge Heap Roots: 0.37ms
[321.262s][info][gc,phases      ] GC(52)   Evacuate Collection Set: 143.67ms
[321.262s][info][gc,phases      ] GC(52)   Post Evacuate Collection Set: 0.84ms
[321.262s][info][gc,phases      ] GC(52)   Other: 0.06ms
[321.262s][info][gc,heap        ] GC(52) Eden regions: 408->0(448)
[321.262s][info][gc,heap        ] GC(52) Survivor regions: 40->39(56)
[321.262s][info][gc,heap        ] GC(52) Old regions: 156->167
[321.262s][info][gc,heap        ] GC(52) Humongous regions: 34->34
[321.262s][info][gc,metaspace   ] GC(52) Metaspace: 29668K(30144K)->29668K(30144K) NonClass: 24263K(24512K)->24263K(24512K) Class: 5404K(5632K)->5404K(5632K)
[321.262s][info][gc             ] GC(52) Pause Young (Normal) (G1 Evacuation Pause) 5062M->1875M(8192M) 145.303ms
[321.262s][info][gc,cpu         ] GC(52) User=1.16s Sys=0.00s Real=0.14s
...[324.237s][info][gc,start       ] GC(53) Pause Young (Normal) (G1 Evacuation Pause)
[324.237s][info][gc,task        ] GC(53) Using 8 workers of 8 for evacuation
[324.380s][info][gc,phases      ] GC(53)   Pre Evacuate Collection Set: 0.23ms
[324.380s][info][gc,phases      ] GC(53)   Merge Heap Roots: 0.40ms
[324.380s][info][gc,phases      ] GC(53)   Evacuate Collection Set: 140.90ms
[324.380s][info][gc,phases      ] GC(53)   Post Evacuate Collection Set: 0.88ms
[324.380s][info][gc,phases      ] GC(53)   Other: 0.06ms
[324.380s][info][gc,heap        ] GC(53) Eden regions: 448->0(477)
[324.380s][info][gc,heap        ] GC(53) Survivor regions: 39->40(61)
[324.380s][info][gc,heap        ] GC(53) Old regions: 167->175
[324.380s][info][gc,heap        ] GC(53) Humongous regions: 34->34
[324.380s][info][gc,metaspace   ] GC(53) Metaspace: 29668K(30144K)->29668K(30144K) NonClass: 24264K(24512K)->24264K(24512K) Class: 5404K(5632K)->5404K(5632K)
[324.380s][info][gc             ] GC(53) Pause Young (Normal) (G1 Evacuation Pause) 5459M->1952M(8192M) 142.604ms
[324.380s][info][gc,cpu         ] GC(53) User=1.12s Sys=0.00s Real=0.14s
.. (rIR:aIR:PR = 9238:9457:9443) (tPR = 143291) [OK] 
   325s:       rampup IR =  10393 .[327.392s][info][gc,start       ] GC(54) Pause Young (Normal) (G1 Evacuation Pause)
[327.392s][info][gc,task        ] GC(54) Using 8 workers of 8 for evacuation
[327.530s][info][gc,phases      ] GC(54)   Pre Evacuate Collection Set: 0.24ms
[327.530s][info][gc,phases      ] GC(54)   Merge Heap Roots: 0.38ms
[327.530s][info][gc,phases      ] GC(54)   Evacuate Collection Set: 137.10ms
[327.530s][info][gc,phases      ] GC(54)   Post Evacuate Collection Set: 0.96ms
[327.530s][info][gc,phases      ] GC(54)   Other: 0.06ms
[327.530s][info][gc,heap        ] GC(54) Eden regions: 478->0(558)
[327.530s][info][gc,heap        ] GC(54) Survivor regions: 40->39(65)
[327.530s][info][gc,heap        ] GC(54) Old regions: 175->184
[327.530s][info][gc,heap        ] GC(54) Humongous regions: 34->34
[327.530s][info][gc,metaspace   ] GC(54) Metaspace: 29668K(30144K)->29668K(30144K) NonClass: 24264K(24512K)->24264K(24512K) Class: 5404K(5632K)->5404K(5632K)
[327.530s][info][gc             ] GC(54) Pause Young (Normal) (G1 Evacuation Pause) 5776M->2009M(8192M) 138.866ms
[327.530s][info][gc,cpu         ] GC(54) User=1.10s Sys=0.00s Real=0.14s
.... (rIR:aIR:PR = 10393:10317:10367) (tPR = 151586) [OK] 
   330s:       rampup IR =  11548 [330.964s][info][gc,start       ] GC(55) Pause Young (Normal) (G1 Evacuation Pause)
[330.964s][info][gc,task        ] GC(55) Using 8 workers of 8 for evacuation
[331.111s][info][gc,phases      ] GC(55)   Pre Evacuate Collection Set: 0.23ms
[331.111s][info][gc,phases      ] GC(55)   Merge Heap Roots: 0.48ms
[331.111s][info][gc,phases      ] GC(55)   Evacuate Collection Set: 145.47ms
[331.111s][info][gc,phases      ] GC(55)   Post Evacuate Collection Set: 1.07ms
[331.111s][info][gc,phases      ] GC(55)   Other: 0.07ms
[331.111s][info][gc,heap        ] GC(55) Eden regions: 554->0(452)
[331.111s][info][gc,heap        ] GC(55) Survivor regions: 39->49(75)
[331.111s][info][gc,heap        ] GC(55) Old regions: 184->184
[331.111s][info][gc,heap        ] GC(55) Humongous regions: 34->34
[331.111s][info][gc,metaspace   ] GC(55) Metaspace: 29674K(30144K)->29674K(30144K) NonClass: 24269K(24512K)->24269K(24512K) Class: 5404K(5632K)->5404K(5632K)
[331.111s][info][gc             ] GC(55) Pause Young (Normal) (G1 Evacuation Pause) 6441M->2089M(8192M) 147.451ms
[331.111s][info][gc,cpu         ] GC(55) User=1.17s Sys=0.00s Real=0.15s
..[333.500s][info][gc,start       ] GC(56) Pause Young (Normal) (G1 Evacuation Pause)
[333.500s][info][gc,task        ] GC(56) Using 8 workers of 8 for evacuation
[333.654s][info][gc,phases      ] GC(56)   Pre Evacuate Collection Set: 0.25ms
[333.654s][info][gc,phases      ] GC(56)   Merge Heap Roots: 0.40ms
[333.654s][info][gc,phases      ] GC(56)   Evacuate Collection Set: 151.93ms
[333.654s][info][gc,phases      ] GC(56)   Post Evacuate Collection Set: 0.91ms
[333.654s][info][gc,phases      ] GC(56)   Other: 0.06ms
[333.654s][info][gc,heap        ] GC(56) Eden regions: 446->0(574)
[333.654s][info][gc,heap        ] GC(56) Survivor regions: 49->40(62)
[333.654s][info][gc,heap        ] GC(56) Old regions: 184->195
[333.654s][info][gc,heap        ] GC(56) Humongous regions: 34->34
[333.654s][info][gc,metaspace   ] GC(56) Metaspace: 29674K(30144K)->29674K(30144K) NonClass: 24269K(24512K)->24269K(24512K) Class: 5404K(5632K)->5404K(5632K)
[333.654s][info][gc             ] GC(56) Pause Young (Normal) (G1 Evacuation Pause) 5657M->2115M(8192M) 153.666ms
[333.654s][info][gc,cpu         ] GC(56) User=1.22s Sys=0.00s Real=0.15s
.... (rIR:aIR:PR = 11548:11439:11576) (tPR = 174784) [OK] 
   336s:    snapshot, IR =  11548 [336.867s][info][gc,start       ] GC(57) Pause Young (Normal) (G1 Evacuation Pause)
[336.867s][info][gc,task        ] GC(57) Using 8 workers of 8 for evacuation
[337.017s][info][gc,phases      ] GC(57)   Pre Evacuate Collection Set: 0.24ms
[337.017s][info][gc,phases      ] GC(57)   Merge Heap Roots: 0.44ms
[337.017s][info][gc,phases      ] GC(57)   Evacuate Collection Set: 148.13ms
[337.017s][info][gc,phases      ] GC(57)   Post Evacuate Collection Set: 1.07ms
[337.017s][info][gc,phases      ] GC(57)   Other: 0.08ms
[337.018s][info][gc,heap        ] GC(57) Eden regions: 574->0(573)
[337.018s][info][gc,heap        ] GC(57) Survivor regions: 40->41(77)
[337.018s][info][gc,heap        ] GC(57) Old regions: 195->204
[337.018s][info][gc,heap        ] GC(57) Humongous regions: 34->34
[337.018s][info][gc,metaspace   ] GC(57) Metaspace: 29682K(30144K)->29682K(30144K) NonClass: 24277K(24512K)->24277K(24512K) Class: 5404K(5632K)->5404K(5632K)
[337.018s][info][gc             ] GC(57) Pause Young (Normal) (G1 Evacuation Pause) 6707M->2191M(8192M) 150.087ms
[337.018s][info][gc,cpu         ] GC(57) User=1.18s Sys=0.01s Real=0.15s
...[340.249s][info][gc,start       ] GC(58) Pause Young (Normal) (G1 Evacuation Pause)
[340.249s][info][gc,task        ] GC(58) Using 8 workers of 8 for evacuation
[340.405s][info][gc,phases      ] GC(58)   Pre Evacuate Collection Set: 0.27ms
[340.405s][info][gc,phases      ] GC(58)   Merge Heap Roots: 0.44ms
[340.405s][info][gc,phases      ] GC(58)   Evacuate Collection Set: 153.49ms
[340.405s][info][gc,phases      ] GC(58)   Post Evacuate Collection Set: 1.11ms
[340.405s][info][gc,phases      ] GC(58)   Other: 0.06ms
[340.405s][info][gc,heap        ] GC(58) Eden regions: 573->0(569)
[340.405s][info][gc,heap        ] GC(58) Survivor regions: 41->45(77)
[340.405s][info][gc,heap        ] GC(58) Old regions: 204->210
[340.405s][info][gc,heap        ] GC(58) Humongous regions: 34->34
[340.405s][info][gc,metaspace   ] GC(58) Metaspace: 29682K(30144K)->29682K(30144K) NonClass: 24277K(24512K)->24277K(24512K) Class: 5404K(5632K)->5404K(5632K)
[340.405s][info][gc             ] GC(58) Pause Young (Normal) (G1 Evacuation Pause) 6775M->2274M(8192M) 155.525ms
[340.405s][info][gc,cpu         ] GC(58) User=1.24s Sys=0.00s Real=0.16s
.|..[343.541s][info][gc,start       ] GC(59) Pause Young (Normal) (G1 Evacuation Pause)
[343.541s][info][gc,task        ] GC(59) Using 8 workers of 8 for evacuation
[343.696s][info][gc,phases      ] GC(59)   Pre Evacuate Collection Set: 0.27ms
[343.696s][info][gc,phases      ] GC(59)   Merge Heap Roots: 0.44ms
[343.696s][info][gc,phases      ] GC(59)   Evacuate Collection Set: 153.31ms
[343.696s][info][gc,phases      ] GC(59)   Post Evacuate Collection Set: 1.02ms
[343.696s][info][gc,phases      ] GC(59)   Other: 0.06ms
[343.696s][info][gc,heap        ] GC(59) Eden regions: 569->0(570)
[343.696s][info][gc,heap        ] GC(59) Survivor regions: 45->44(77)
[343.696s][info][gc,heap        ] GC(59) Old regions: 210->217
[343.696s][info][gc,heap        ] GC(59) Humongous regions: 34->34
[343.696s][info][gc,metaspace   ] GC(59) Metaspace: 29682K(30144K)->29682K(30144K) NonClass: 24277K(24512K)->24277K(24512K) Class: 5404K(5632K)->5404K(5632K)
[343.696s][info][gc             ] GC(59) Pause Young (Normal) (G1 Evacuation Pause) 6826M->2320M(8192M) 155.240ms
[343.696s][info][gc,cpu         ] GC(59) User=1.23s Sys=0.00s Real=0.16s
....[346.786s][info][gc,start       ] GC(60) Pause Young (Normal) (G1 Evacuation Pause)
[346.786s][info][gc,task        ] GC(60) Using 8 workers of 8 for evacuation
[346.941s][info][gc,phases      ] GC(60)   Pre Evacuate Collection Set: 0.26ms
[346.941s][info][gc,phases      ] GC(60)   Merge Heap Roots: 0.51ms
[346.941s][info][gc,phases      ] GC(60)   Evacuate Collection Set: 153.56ms
[346.941s][info][gc,phases      ] GC(60)   Post Evacuate Collection Set: 0.96ms
[346.941s][info][gc,phases      ] GC(60)   Other: 0.06ms
[346.941s][info][gc,heap        ] GC(60) Eden regions: 570->0(570)
[346.941s][info][gc,heap        ] GC(60) Survivor regions: 44->44(77)
[346.941s][info][gc,heap        ] GC(60) Old regions: 217->224
[346.941s][info][gc,heap        ] GC(60) Humongous regions: 34->34
[346.941s][info][gc,metaspace   ] GC(60) Metaspace: 29684K(30144K)->29684K(30144K) NonClass: 24280K(24512K)->24280K(24512K) Class: 5404K(5632K)->5404K(5632K)
[346.941s][info][gc             ] GC(60) Pause Young (Normal) (G1 Evacuation Pause) 6880M->2380M(8192M) 155.473ms
[346.941s][info][gc,cpu         ] GC(60) User=1.23s Sys=0.00s Real=0.15s
...[350.140s][info][gc,start       ] GC(61) Pause Young (Normal) (G1 Evacuation Pause)
[350.140s][info][gc,task        ] GC(61) Using 8 workers of 8 for evacuation
[350.294s][info][gc,phases      ] GC(61)   Pre Evacuate Collection Set: 0.25ms
[350.294s][info][gc,phases      ] GC(61)   Merge Heap Roots: 0.44ms
[350.294s][info][gc,phases      ] GC(61)   Evacuate Collection Set: 151.96ms
[350.294s][info][gc,phases      ] GC(61)   Post Evacuate Collection Set: 1.05ms
[350.294s][info][gc,phases      ] GC(61)   Other: 0.07ms
[350.294s][info][gc,heap        ] GC(61) Eden regions: 570->0(570)
[350.294s][info][gc,heap        ] GC(61) Survivor regions: 44->44(77)
[350.294s][info][gc,heap        ] GC(61) Old regions: 224->231
[350.294s][info][gc,heap        ] GC(61) Humongous regions: 34->34
[350.294s][info][gc,metaspace   ] GC(61) Metaspace: 29684K(30144K)->29684K(30144K) NonClass: 24280K(24512K)->24280K(24512K) Class: 5404K(5632K)->5404K(5632K)
[350.294s][info][gc             ] GC(61) Pause Young (Normal) (G1 Evacuation Pause) 6940M->2432M(8192M) 153.902ms
[350.294s][info][gc,cpu         ] GC(61) User=1.22s Sys=0.00s Real=0.15s
...[353.498s][info][gc,start       ] GC(62) Pause Young (Normal) (G1 Evacuation Pause)
[353.498s][info][gc,task        ] GC(62) Using 8 workers of 8 for evacuation
[353.652s][info][gc,phases      ] GC(62)   Pre Evacuate Collection Set: 0.22ms
[353.652s][info][gc,phases      ] GC(62)   Merge Heap Roots: 0.44ms
[353.652s][info][gc,phases      ] GC(62)   Evacuate Collection Set: 152.29ms
[353.652s][info][gc,phases      ] GC(62)   Post Evacuate Collection Set: 1.01ms
[353.652s][info][gc,phases      ] GC(62)   Other: 0.06ms
[353.652s][info][gc,heap        ] GC(62) Eden regions: 570->0(571)
[353.652s][info][gc,heap        ] GC(62) Survivor regions: 44->43(77)
[353.652s][info][gc,heap        ] GC(62) Old regions: 231->239
[353.652s][info][gc,heap        ] GC(62) Humongous regions: 34->34
[353.652s][info][gc,metaspace   ] GC(62) Metaspace: 29691K(30144K)->29691K(30144K) NonClass: 24286K(24512K)->24286K(24512K) Class: 5404K(5632K)->5404K(5632K)
[353.652s][info][gc             ] GC(62) Pause Young (Normal) (G1 Evacuation Pause) 6992M->2486M(8192M) 154.166ms
[353.652s][info][gc,cpu         ] GC(62) User=1.22s Sys=0.00s Real=0.15s
....[356.905s][info][gc,start       ] GC(63) Pause Young (Normal) (G1 Evacuation Pause)
[356.906s][info][gc,task        ] GC(63) Using 8 workers of 8 for evacuation
[357.058s][info][gc,phases      ] GC(63)   Pre Evacuate Collection Set: 0.27ms
[357.058s][info][gc,phases      ] GC(63)   Merge Heap Roots: 0.45ms
[357.058s][info][gc,phases      ] GC(63)   Evacuate Collection Set: 151.08ms
[357.058s][info][gc,phases      ] GC(63)   Post Evacuate Collection Set: 0.98ms
[357.058s][info][gc,phases      ] GC(63)   Other: 0.06ms
[357.058s][info][gc,heap        ] GC(63) Eden regions: 571->0(571)
[357.058s][info][gc,heap        ] GC(63) Survivor regions: 43->43(77)
[357.058s][info][gc,heap        ] GC(63) Old regions: 239->246
[357.058s][info][gc,heap        ] GC(63) Humongous regions: 34->34
[357.058s][info][gc,metaspace   ] GC(63) Metaspace: 29691K(30144K)->29691K(30144K) NonClass: 24286K(24512K)->24286K(24512K) Class: 5404K(5632K)->5404K(5632K)
[357.058s][info][gc             ] GC(63) Pause Young (Normal) (G1 Evacuation Pause) 7054M->2541M(8192M) 152.975ms
[357.058s][info][gc,cpu         ] GC(63) User=1.21s Sys=0.00s Real=0.15s
...[360.331s][info][gc,start       ] GC(64) Pause Young (Normal) (G1 Evacuation Pause)
[360.331s][info][gc,task        ] GC(64) Using 8 workers of 8 for evacuation
[360.485s][info][gc,phases      ] GC(64)   Pre Evacuate Collection Set: 0.24ms
[360.485s][info][gc,phases      ] GC(64)   Merge Heap Roots: 0.47ms
[360.485s][info][gc,phases      ] GC(64)   Evacuate Collection Set: 152.77ms
[360.485s][info][gc,phases      ] GC(64)   Post Evacuate Collection Set: 1.01ms
[360.485s][info][gc,phases      ] GC(64)   Other: 0.07ms
[360.485s][info][gc,heap        ] GC(64) Eden regions: 571->0(570)
[360.485s][info][gc,heap        ] GC(64) Survivor regions: 43->44(77)
[360.485s][info][gc,heap        ] GC(64) Old regions: 246->253
[360.485s][info][gc,heap        ] GC(64) Humongous regions: 34->34
[360.485s][info][gc,metaspace   ] GC(64) Metaspace: 29691K(30144K)->29691K(30144K) NonClass: 24286K(24512K)->24286K(24512K) Class: 5404K(5632K)->5404K(5632K)
[360.485s][info][gc             ] GC(64) Pause Young (Normal) (G1 Evacuation Pause) 7109M->2604M(8192M) 154.694ms
[360.485s][info][gc,cpu         ] GC(64) User=1.23s Sys=0.00s Real=0.16s
....[363.791s][info][gc,start       ] GC(65) Pause Young (Normal) (G1 Evacuation Pause)
[363.791s][info][gc,task        ] GC(65) Using 8 workers of 8 for evacuation
[363.945s][info][gc,phases      ] GC(65)   Pre Evacuate Collection Set: 0.28ms
[363.945s][info][gc,phases      ] GC(65)   Merge Heap Roots: 0.47ms
[363.945s][info][gc,phases      ] GC(65)   Evacuate Collection Set: 152.06ms
[363.945s][info][gc,phases      ] GC(65)   Post Evacuate Collection Set: 0.98ms
[363.945s][info][gc,phases      ] GC(65)   Other: 0.06ms
[363.945s][info][gc,heap        ] GC(65) Eden regions: 570->0(570)
[363.945s][info][gc,heap        ] GC(65) Survivor regions: 44->44(77)
[363.945s][info][gc,heap        ] GC(65) Old regions: 253->260
[363.945s][info][gc,heap        ] GC(65) Humongous regions: 34->34
[363.945s][info][gc,metaspace   ] GC(65) Metaspace: 29691K(30144K)->29691K(30144K) NonClass: 24286K(24512K)->24286K(24512K) Class: 5404K(5632K)->5404K(5632K)
[363.945s][info][gc             ] GC(65) Pause Young (Normal) (G1 Evacuation Pause) 7164M->2664M(8192M) 153.980ms
[363.945s][info][gc,cpu         ] GC(65) User=1.22s Sys=0.00s Real=0.16s
...[367.182s][info][gc,start       ] GC(66) Pause Young (Normal) (G1 Evacuation Pause)
[367.182s][info][gc,task        ] GC(66) Using 8 workers of 8 for evacuation
[367.335s][info][gc,phases      ] GC(66)   Pre Evacuate Collection Set: 0.24ms
[367.335s][info][gc,phases      ] GC(66)   Merge Heap Roots: 0.45ms
[367.335s][info][gc,phases      ] GC(66)   Evacuate Collection Set: 151.39ms
[367.335s][info][gc,phases      ] GC(66)   Post Evacuate Collection Set: 1.00ms
[367.335s][info][gc,phases      ] GC(66)   Other: 0.06ms
[367.335s][info][gc,heap        ] GC(66) Eden regions: 570->0(570)
[367.335s][info][gc,heap        ] GC(66) Survivor regions: 44->44(77)
[367.335s][info][gc,heap        ] GC(66) Old regions: 260->267
[367.335s][info][gc,heap        ] GC(66) Humongous regions: 34->34
[367.335s][info][gc,metaspace   ] GC(66) Metaspace: 29691K(30144K)->29691K(30144K) NonClass: 24286K(24512K)->24286K(24512K) Class: 5404K(5632K)->5404K(5632K)
[367.335s][info][gc             ] GC(66) Pause Young (Normal) (G1 Evacuation Pause) 7224M->2716M(8192M) 153.264ms
[367.335s][info][gc,cpu         ] GC(66) User=1.22s Sys=0.00s Real=0.16s
...[370.504s][info][gc,start       ] GC(67) Pause Young (Normal) (G1 Evacuation Pause)
[370.504s][info][gc,task        ] GC(67) Using 8 workers of 8 for evacuation
[370.656s][info][gc,phases      ] GC(67)   Pre Evacuate Collection Set: 0.23ms
[370.656s][info][gc,phases      ] GC(67)   Merge Heap Roots: 0.45ms
[370.656s][info][gc,phases      ] GC(67)   Evacuate Collection Set: 149.92ms
[370.656s][info][gc,phases      ] GC(67)   Post Evacuate Collection Set: 1.00ms
[370.656s][info][gc,phases      ] GC(67)   Other: 0.06ms
[370.656s][info][gc,heap        ] GC(67) Eden regions: 570->0(570)
[370.656s][info][gc,heap        ] GC(67) Survivor regions: 44->44(77)
[370.656s][info][gc,heap        ] GC(67) Old regions: 267->274
[370.656s][info][gc,heap        ] GC(67) Humongous regions: 34->34
[370.656s][info][gc,metaspace   ] GC(67) Metaspace: 29691K(30144K)->29691K(30144K) NonClass: 24286K(24512K)->24286K(24512K) Class: 5404K(5632K)->5404K(5632K)
[370.656s][info][gc             ] GC(67) Pause Young (Normal) (G1 Evacuation Pause) 7276M->2772M(8192M) 151.781ms
[370.656s][info][gc,cpu         ] GC(67) User=1.21s Sys=0.01s Real=0.15s
. (rIR:aIR:PR = 11548:11599:11604) (tPR = 172681) [OK] 
   370s: Performing snapshot: (quiescence.....) (stop TxI) (stop BE) (saving... [380.711s][info][gc,start       ] GC(68) Pause Young (Concurrent Start) (G1 Humongous Allocation)
[380.711s][info][gc,task        ] GC(68) Using 8 workers of 8 for evacuation
[380.952s][info][gc,mmu         ] GC(68) MMU target violated: 201.0ms (200.0ms/201.0ms)
[380.952s][info][gc,phases      ] GC(68)   Pre Evacuate Collection Set: 0.30ms
[380.952s][info][gc,phases      ] GC(68)   Merge Heap Roots: 1.15ms
[380.952s][info][gc,phases      ] GC(68)   Evacuate Collection Set: 238.38ms
[380.952s][info][gc,phases      ] GC(68)   Post Evacuate Collection Set: 0.82ms
[380.952s][info][gc,phases      ] GC(68)   Other: 0.11ms
[380.952s][info][gc,heap        ] GC(68) Eden regions: 102->0(170)
[380.952s][info][gc,heap        ] GC(68) Survivor regions: 44->50(77)
[380.952s][info][gc,heap        ] GC(68) Old regions: 274->287
[380.952s][info][gc,heap        ] GC(68) Humongous regions: 182->90
[380.952s][info][gc,metaspace   ] GC(68) Metaspace: 29695K(30144K)->29695K(30144K) NonClass: 24290K(24512K)->24290K(24512K) Class: 5404K(5632K)->5404K(5632K)
[380.952s][info][gc             ] GC(68) Pause Young (Concurrent Start) (G1 Humongous Allocation) 4765M->3376M(8192M) 240.866ms
[380.952s][info][gc             ] GC(69) Concurrent Undo Cycle
[380.952s][info][gc,cpu         ] GC(68) User=1.91s Sys=0.00s Real=0.24s
[380.952s][info][gc,marking     ] GC(69) Concurrent Clear Claimed Marks
[380.952s][info][gc,marking     ] GC(69) Concurrent Clear Claimed Marks 0.044ms
[380.952s][info][gc,marking     ] GC(69) Concurrent Cleanup for Next Mark
[380.952s][info][gc,marking     ] GC(69) Concurrent Cleanup for Next Mark 0.309ms
[380.952s][info][gc             ] GC(69) Concurrent Undo Cycle 0.444ms
226813 Kb) (term) [380.984s][info][gc,start       ] GC(70) Pause Full (System.gc())
[380.984s][info][gc,task        ] GC(70) Using 8 workers of 8 for full compaction
[380.985s][info][gc,phases,start] GC(70) Phase 1: Mark live objects
[381.003s][info][gc,phases      ] GC(70) Phase 1: Mark live objects 18.082ms
[381.003s][info][gc,phases,start] GC(70) Phase 2: Prepare compaction
[381.007s][info][gc,phases      ] GC(70) Phase 2: Prepare compaction 4.341ms
[381.007s][info][gc,phases,start] GC(70) Phase 3: Adjust pointers
[381.016s][info][gc,phases      ] GC(70) Phase 3: Adjust pointers 9.233ms
[381.016s][info][gc,phases,start] GC(70) Phase 4: Compact heap
[381.021s][info][gc,phases      ] GC(70) Phase 4: Compact heap 4.286ms
[381.021s][info][gc,phases,start] GC(70) Phase 5: Reset Metadata
[381.024s][info][gc,phases      ] GC(70) Phase 5: Reset Metadata 3.804ms
[381.034s][info][gc,heap        ] GC(70) Eden regions: 1->0(614)
[381.034s][info][gc,heap        ] GC(70) Survivor regions: 50->0(77)
[381.034s][info][gc,heap        ] GC(70) Old regions: 287->14
[381.034s][info][gc,heap        ] GC(70) Humongous regions: 106->33
[381.034s][info][gc,metaspace   ] GC(70) Metaspace: 29695K(30144K)->29695K(30144K) NonClass: 24290K(24512K)->24290K(24512K) Class: 5404K(5632K)->5404K(5632K)
[381.034s][info][gc             ] GC(70) Pause Full (System.gc()) 3504M->333M(8192M) 49.634ms
[381.034s][info][gc,cpu         ] GC(70) User=0.32s Sys=0.00s Real=0.05s
(init) ...
   386s:       rampup IR =      0 ... (rIR:aIR:PR = 0:0:0) (tPR = 0) [OK] 
   389s:       rampup IR =   1155 .... (rIR:aIR:PR = 1155:1137:1137) (tPR = 16188) [OK] 
   393s:       rampup IR =   2310 ..[395.609s][info][gc,start       ] GC(71) Pause Young (Normal) (G1 Evacuation Pause)
[395.609s][info][gc,task        ] GC(71) Using 8 workers of 8 for evacuation
[396.343s][info][gc,mmu         ] GC(71) MMU target violated: 201.0ms (200.0ms/201.0ms)
[396.343s][info][gc,phases      ] GC(71)   Pre Evacuate Collection Set: 0.26ms
[396.343s][info][gc,phases      ] GC(71)   Merge Heap Roots: 0.93ms
[396.343s][info][gc,phases      ] GC(71)   Evacuate Collection Set: 732.27ms
[396.343s][info][gc,phases      ] GC(71)   Post Evacuate Collection Set: 1.29ms
[396.343s][info][gc,phases      ] GC(71)   Other: 0.12ms
[396.343s][info][gc,heap        ] GC(71) Eden regions: 614->0(201)
[396.343s][info][gc,heap        ] GC(71) Survivor regions: 0->77(77)
[396.344s][info][gc,heap        ] GC(71) Old regions: 14->89
[396.344s][info][gc,heap        ] GC(71) Humongous regions: 86->81
[396.344s][info][gc,metaspace   ] GC(71) Metaspace: 29742K(30272K)->29742K(30272K) NonClass: 24335K(24640K)->24335K(24640K) Class: 5407K(5632K)->5407K(5632K)
[396.344s][info][gc             ] GC(71) Pause Young (Normal) (G1 Evacuation Pause) 5669M->1933M(8192M) 734.972ms
[396.344s][info][gc,cpu         ] GC(71) User=5.83s Sys=0.00s Real=0.73s
.. (rIR:aIR:PR = 2310:2295:2295) (tPR = 34231) [OK] 
   397s:       rampup IR =   3464 ..[400.121s][info][gc,start       ] GC(72) Pause Young (Normal) (G1 Evacuation Pause)
[400.121s][info][gc,task        ] GC(72) Using 8 workers of 8 for evacuation
[400.459s][info][gc,mmu         ] GC(72) MMU target violated: 201.0ms (200.0ms/201.0ms)
[400.459s][info][gc,phases      ] GC(72)   Pre Evacuate Collection Set: 0.23ms
[400.459s][info][gc,phases      ] GC(72)   Merge Heap Roots: 0.77ms
[400.459s][info][gc,phases      ] GC(72)   Evacuate Collection Set: 336.15ms
[400.459s][info][gc,phases      ] GC(72)   Post Evacuate Collection Set: 0.63ms
[400.459s][info][gc,phases      ] GC(72)   Other: 0.09ms
[400.459s][info][gc,heap        ] GC(72) Eden regions: 203->0(173)
[400.459s][info][gc,heap        ] GC(72) Survivor regions: 77->15(35)
[400.459s][info][gc,heap        ] GC(72) Old regions: 89->168
[400.459s][info][gc,heap        ] GC(72) Humongous regions: 81->81
[400.459s][info][gc,metaspace   ] GC(72) Metaspace: 29751K(30272K)->29751K(30272K) NonClass: 24343K(24640K)->24343K(24640K) Class: 5407K(5632K)->5407K(5632K)
[400.459s][info][gc             ] GC(72) Pause Young (Normal) (G1 Evacuation Pause) 3557M->2065M(8192M) 337.979ms
[400.459s][info][gc,cpu         ] GC(72) User=2.68s Sys=0.00s Real=0.34s
.. (rIR:aIR:PR = 3464:3471:3471) (tPR = 51983) [OK] 
   401s:       rampup IR =   4619 .[403.514s][info][gc,start       ] GC(73) Pause Young (Normal) (G1 Evacuation Pause)
[403.514s][info][gc,task        ] GC(73) Using 8 workers of 8 for evacuation
[403.591s][info][gc,phases      ] GC(73)   Pre Evacuate Collection Set: 0.21ms
[403.591s][info][gc,phases      ] GC(73)   Merge Heap Roots: 0.40ms
[403.591s][info][gc,phases      ] GC(73)   Evacuate Collection Set: 76.05ms
[403.591s][info][gc,phases      ] GC(73)   Post Evacuate Collection Set: 0.70ms
[403.591s][info][gc,phases      ] GC(73)   Other: 0.06ms
[403.591s][info][gc,heap        ] GC(73) Eden regions: 205->0(175)
[403.591s][info][gc,heap        ] GC(73) Survivor regions: 15->24(28)
[403.591s][info][gc,heap        ] GC(73) Old regions: 168->168
[403.591s][info][gc,heap        ] GC(73) Humongous regions: 81->81
[403.591s][info][gc,metaspace   ] GC(73) Metaspace: 29755K(30272K)->29755K(30272K) NonClass: 24347K(24640K)->24347K(24640K) Class: 5407K(5632K)->5407K(5632K)
[403.591s][info][gc             ] GC(73) Pause Young (Normal) (G1 Evacuation Pause) 3705M->2133M(8192M) 77.551ms
[403.591s][info][gc,cpu         ] GC(73) User=0.61s Sys=0.00s Real=0.08s
...[406.305s][info][gc,start       ] GC(74) Pause Young (Normal) (G1 Evacuation Pause)
[406.305s][info][gc,task        ] GC(74) Using 8 workers of 8 for evacuation
[406.402s][info][gc,phases      ] GC(74)   Pre Evacuate Collection Set: 0.26ms
[406.402s][info][gc,phases      ] GC(74)   Merge Heap Roots: 0.40ms
[406.402s][info][gc,phases      ] GC(74)   Evacuate Collection Set: 95.86ms
[406.402s][info][gc,phases      ] GC(74)   Post Evacuate Collection Set: 0.65ms
[406.402s][info][gc,phases      ] GC(74)   Other: 0.07ms
[406.402s][info][gc,heap        ] GC(74) Eden regions: 199->0(201)
[406.402s][info][gc,heap        ] GC(74) Survivor regions: 24->25(28)
[406.402s][info][gc,heap        ] GC(74) Old regions: 168->177
[406.402s][info][gc,heap        ] GC(74) Humongous regions: 81->81
[406.402s][info][gc,metaspace   ] GC(74) Metaspace: 29755K(30272K)->29755K(30272K) NonClass: 24347K(24640K)->24347K(24640K) Class: 5407K(5632K)->5407K(5632K)
[406.402s][info][gc             ] GC(74) Pause Young (Normal) (G1 Evacuation Pause) 3725M->2216M(8192M) 97.370ms
[406.402s][info][gc,cpu         ] GC(74) User=0.77s Sys=0.00s Real=0.09s
. (rIR:aIR:PR = 4619:4625:4625) (tPR = 70744) [OK] 
   406s:       rampup IR =   5774 ..[408.990s][info][gc,start       ] GC(75) Pause Young (Normal) (G1 Evacuation Pause)
[408.990s][info][gc,task        ] GC(75) Using 8 workers of 8 for evacuation
[409.087s][info][gc,phases      ] GC(75)   Pre Evacuate Collection Set: 0.23ms
[409.087s][info][gc,phases      ] GC(75)   Merge Heap Roots: 0.42ms
[409.087s][info][gc,phases      ] GC(75)   Evacuate Collection Set: 95.36ms
[409.087s][info][gc,phases      ] GC(75)   Post Evacuate Collection Set: 0.60ms
[409.087s][info][gc,phases      ] GC(75)   Other: 0.06ms
[409.087s][info][gc,heap        ] GC(75) Eden regions: 224->0(240)
[409.087s][info][gc,heap        ] GC(75) Survivor regions: 25->26(32)
[409.087s][info][gc,heap        ] GC(75) Old regions: 177->185
[409.087s][info][gc,heap        ] GC(75) Humongous regions: 81->81
[409.087s][info][gc,metaspace   ] GC(75) Metaspace: 29755K(30272K)->29755K(30272K) NonClass: 24347K(24640K)->24347K(24640K) Class: 5407K(5632K)->5407K(5632K)
[409.087s][info][gc             ] GC(75) Pause Young (Normal) (G1 Evacuation Pause) 4008M->2287M(8192M) 96.812ms
[409.087s][info][gc,cpu         ] GC(75) User=0.76s Sys=0.00s Real=0.10s
.. (rIR:aIR:PR = 5774:5822:5822) (tPR = 86788) [OK] 
   410s:       rampup IR =   6929 .[412.000s][info][gc,start       ] GC(76) Pause Young (Normal) (G1 Evacuation Pause)
[412.000s][info][gc,task        ] GC(76) Using 8 workers of 8 for evacuation
[412.102s][info][gc,phases      ] GC(76)   Pre Evacuate Collection Set: 0.23ms
[412.102s][info][gc,phases      ] GC(76)   Merge Heap Roots: 0.40ms
[412.102s][info][gc,phases      ] GC(76)   Evacuate Collection Set: 100.21ms
[412.102s][info][gc,phases      ] GC(76)   Post Evacuate Collection Set: 0.81ms
[412.102s][info][gc,phases      ] GC(76)   Other: 0.07ms
[412.102s][info][gc,heap        ] GC(76) Eden regions: 277->0(332)
[412.102s][info][gc,heap        ] GC(76) Survivor regions: 26->27(38)
[412.102s][info][gc,heap        ] GC(76) Old regions: 185->192
[412.102s][info][gc,heap        ] GC(76) Humongous regions: 81->81
[412.102s][info][gc,metaspace   ] GC(76) Metaspace: 29761K(30272K)->29761K(30272K) NonClass: 24354K(24640K)->24354K(24640K) Class: 5407K(5632K)->5407K(5632K)
[412.102s][info][gc             ] GC(76) Pause Young (Normal) (G1 Evacuation Pause) 4503M->2354M(8192M) 101.845ms
[412.102s][info][gc,cpu         ] GC(76) User=0.81s Sys=0.00s Real=0.10s
... (rIR:aIR:PR = 6929:6943:6940) (tPR = 102192) [OK] 
   414s:       rampup IR =   8084 [415.417s][info][gc,start       ] GC(77) Pause Young (Normal) (G1 Evacuation Pause)
[415.417s][info][gc,task        ] GC(77) Using 8 workers of 8 for evacuation
[415.534s][info][gc,phases      ] GC(77)   Pre Evacuate Collection Set: 0.25ms
[415.534s][info][gc,phases      ] GC(77)   Merge Heap Roots: 0.41ms
[415.534s][info][gc,phases      ] GC(77)   Evacuate Collection Set: 115.05ms
[415.534s][info][gc,phases      ] GC(77)   Post Evacuate Collection Set: 0.80ms
[415.534s][info][gc,phases      ] GC(77)   Other: 0.06ms
[415.534s][info][gc,heap        ] GC(77) Eden regions: 358->0(356)
[415.534s][info][gc,heap        ] GC(77) Survivor regions: 27->32(49)
[415.534s][info][gc,heap        ] GC(77) Old regions: 192->199
[415.534s][info][gc,heap        ] GC(77) Humongous regions: 81->81
[415.534s][info][gc,metaspace   ] GC(77) Metaspace: 29761K(30272K)->29761K(30272K) NonClass: 24354K(24640K)->24354K(24640K) Class: 5407K(5632K)->5407K(5632K)
[415.534s][info][gc             ] GC(77) Pause Young (Normal) (G1 Evacuation Pause) 5218M->2448M(8192M) 116.684ms
[415.534s][info][gc,cpu         ] GC(77) User=0.93s Sys=0.00s Real=0.11s
...[418.451s][info][gc,start       ] GC(78) Pause Young (Normal) (G1 Evacuation Pause)
[418.451s][info][gc,task        ] GC(78) Using 8 workers of 8 for evacuation
[418.576s][info][gc,phases      ] GC(78)   Pre Evacuate Collection Set: 0.24ms
[418.576s][info][gc,phases      ] GC(78)   Merge Heap Roots: 0.43ms
[418.576s][info][gc,phases      ] GC(78)   Evacuate Collection Set: 124.05ms
[418.576s][info][gc,phases      ] GC(78)   Post Evacuate Collection Set: 0.84ms
[418.576s][info][gc,phases      ] GC(78)   Other: 0.06ms
[418.576s][info][gc,heap        ] GC(78) Eden regions: 372->0(382)
[418.576s][info][gc,heap        ] GC(78) Survivor regions: 32->36(51)
[418.576s][info][gc,heap        ] GC(78) Old regions: 199->205
[418.576s][info][gc,heap        ] GC(78) Humongous regions: 81->81
[418.576s][info][gc,metaspace   ] GC(78) Metaspace: 29761K(30272K)->29761K(30272K) NonClass: 24354K(24640K)->24354K(24640K) Class: 5407K(5632K)->5407K(5632K)
[418.576s][info][gc             ] GC(78) Pause Young (Normal) (G1 Evacuation Pause) 5424M->2529M(8192M) 125.762ms
[418.577s][info][gc,cpu         ] GC(78) User=0.99s Sys=0.00s Real=0.13s
.. (rIR:aIR:PR = 8084:8242:8251) (tPR = 122355) [OK] 
   419s:       rampup IR =   9238 .[421.531s][info][gc,start       ] GC(79) Pause Young (Normal) (G1 Evacuation Pause)
[421.531s][info][gc,task        ] GC(79) Using 8 workers of 8 for evacuation
[421.665s][info][gc,phases      ] GC(79)   Pre Evacuate Collection Set: 0.25ms
[421.665s][info][gc,phases      ] GC(79)   Merge Heap Roots: 0.45ms
[421.665s][info][gc,phases      ] GC(79)   Evacuate Collection Set: 132.38ms
[421.665s][info][gc,phases      ] GC(79)   Post Evacuate Collection Set: 0.79ms
[421.665s][info][gc,phases      ] GC(79)   Other: 0.08ms
[421.665s][info][gc,heap        ] GC(79) Eden regions: 391->0(422)
[421.665s][info][gc,heap        ] GC(79) Survivor regions: 36->37(54)
[421.665s][info][gc,heap        ] GC(79) Old regions: 205->213
[421.665s][info][gc,heap        ] GC(79) Humongous regions: 81->81
[421.665s][info][gc,metaspace   ] GC(79) Metaspace: 29765K(30272K)->29765K(30272K) NonClass: 24357K(24640K)->24357K(24640K) Class: 5407K(5632K)->5407K(5632K)
[421.665s][info][gc             ] GC(79) Pause Young (Normal) (G1 Evacuation Pause) 5657M->2605M(8192M) 134.099ms
[421.666s][info][gc,cpu         ] GC(79) User=1.06s Sys=0.00s Real=0.14s
.... (rIR:aIR:PR = 9238:9127:9115) (tPR = 134035) [OK] 
   424s:       rampup IR =  10393 [424.717s][info][gc,start       ] GC(80) Pause Young (Normal) (G1 Evacuation Pause)
[424.717s][info][gc,task        ] GC(80) Using 8 workers of 8 for evacuation
[424.853s][info][gc,phases      ] GC(80)   Pre Evacuate Collection Set: 0.22ms
[424.853s][info][gc,phases      ] GC(80)   Merge Heap Roots: 0.44ms
[424.853s][info][gc,phases      ] GC(80)   Evacuate Collection Set: 134.15ms
[424.853s][info][gc,phases      ] GC(80)   Post Evacuate Collection Set: 0.93ms
[424.853s][info][gc,phases      ] GC(80)   Other: 0.06ms
[424.853s][info][gc,heap        ] GC(80) Eden regions: 426->0(476)
[424.853s][info][gc,heap        ] GC(80) Survivor regions: 37->37(58)
[424.853s][info][gc,heap        ] GC(80) Old regions: 213->221
[424.853s][info][gc,heap        ] GC(80) Humongous regions: 81->81
[424.853s][info][gc,metaspace   ] GC(80) Metaspace: 29777K(30272K)->29777K(30272K) NonClass: 24369K(24640K)->24369K(24640K) Class: 5407K(5632K)->5407K(5632K)
[424.853s][info][gc             ] GC(80) Pause Young (Normal) (G1 Evacuation Pause) 6013M->2668M(8192M) 135.934ms
[424.853s][info][gc,cpu         ] GC(80) User=1.08s Sys=0.00s Real=0.13s
...[427.814s][info][gc,start       ] GC(81) Pause Young (Normal) (G1 Evacuation Pause)
[427.814s][info][gc,task        ] GC(81) Using 8 workers of 8 for evacuation
[427.956s][info][gc,phases      ] GC(81)   Pre Evacuate Collection Set: 0.25ms
[427.956s][info][gc,phases      ] GC(81)   Merge Heap Roots: 0.45ms
[427.956s][info][gc,phases      ] GC(81)   Evacuate Collection Set: 140.84ms
[427.956s][info][gc,phases      ] GC(81)   Post Evacuate Collection Set: 0.95ms
[427.956s][info][gc,phases      ] GC(81)   Other: 0.06ms
[427.956s][info][gc,heap        ] GC(81) Eden regions: 478->0(494)
[427.956s][info][gc,heap        ] GC(81) Survivor regions: 37->40(65)
[427.956s][info][gc,heap        ] GC(81) Old regions: 221->229
[427.956s][info][gc,heap        ] GC(81) Humongous regions: 81->81
[427.956s][info][gc,metaspace   ] GC(81) Metaspace: 29778K(30272K)->29778K(30272K) NonClass: 24371K(24640K)->24371K(24640K) Class: 5407K(5632K)->5407K(5632K)
[427.956s][info][gc             ] GC(81) Pause Young (Normal) (G1 Evacuation Pause) 6492M->2749M(8192M) 142.693ms
[427.957s][info][gc,cpu         ] GC(81) User=1.13s Sys=0.01s Real=0.15s
. (rIR:aIR:PR = 10393:10489:10488) (tPR = 161970) [OK] 
   428s:       rampup IR =  11548 ..[430.905s][info][gc,start       ] GC(82) Pause Young (Normal) (G1 Evacuation Pause)
[430.905s][info][gc,task        ] GC(82) Using 8 workers of 8 for evacuation
[431.056s][info][gc,phases      ] GC(82)   Pre Evacuate Collection Set: 0.23ms
[431.056s][info][gc,phases      ] GC(82)   Merge Heap Roots: 0.49ms
[431.056s][info][gc,phases      ] GC(82)   Evacuate Collection Set: 149.66ms
[431.056s][info][gc,phases      ] GC(82)   Post Evacuate Collection Set: 0.92ms
[431.056s][info][gc,phases      ] GC(82)   Other: 0.06ms
[431.056s][info][gc,heap        ] GC(82) Eden regions: 494->0(498)
[431.056s][info][gc,heap        ] GC(82) Survivor regions: 40->43(67)
[431.056s][info][gc,heap        ] GC(82) Old regions: 229->236
[431.056s][info][gc,heap        ] GC(82) Humongous regions: 81->81
[431.056s][info][gc,metaspace   ] GC(82) Metaspace: 29788K(30272K)->29788K(30272K) NonClass: 24381K(24640K)->24381K(24640K) Class: 5407K(5632K)->5407K(5632K)
[431.056s][info][gc             ] GC(82) Pause Young (Normal) (G1 Evacuation Pause) 6701M->2833M(8192M) 151.493ms
[431.056s][info][gc,cpu         ] GC(82) User=1.20s Sys=0.00s Real=0.15s
...[433.782s][info][gc,start       ] GC(83) Pause Young (Normal) (G1 Evacuation Pause)
[433.782s][info][gc,task        ] GC(83) Using 8 workers of 8 for evacuation
[433.929s][info][gc,phases      ] GC(83)   Pre Evacuate Collection Set: 0.27ms
[433.929s][info][gc,phases      ] GC(83)   Merge Heap Roots: 0.51ms
[433.929s][info][gc,phases      ] GC(83)   Evacuate Collection Set: 145.50ms
[433.929s][info][gc,phases      ] GC(83)   Post Evacuate Collection Set: 0.94ms
[433.929s][info][gc,phases      ] GC(83)   Other: 0.07ms
[433.929s][info][gc,heap        ] GC(83) Eden regions: 499->0(564)
[433.929s][info][gc,heap        ] GC(83) Survivor regions: 43->42(68)
[433.929s][info][gc,heap        ] GC(83) Old regions: 236->243
[433.929s][info][gc,heap        ] GC(83) Humongous regions: 81->81
[433.929s][info][gc,metaspace   ] GC(83) Metaspace: 29788K(30272K)->29788K(30272K) NonClass: 24381K(24640K)->24381K(24640K) Class: 5407K(5632K)->5407K(5632K)
[433.930s][info][gc             ] GC(83) Pause Young (Normal) (G1 Evacuation Pause) 6825M->2881M(8192M) 147.422ms
[433.930s][info][gc,cpu         ] GC(83) User=1.17s Sys=0.00s Real=0.15s
. (rIR:aIR:PR = 11548:11518:11318) (tPR = 173679) [OK] 
   434s:       trying IR =  11648 ..[437.051s][info][gc,start       ] GC(84) Pause Young (Normal) (G1 Evacuation Pause)
[437.051s][info][gc,task        ] GC(84) Using 8 workers of 8 for evacuation
[437.203s][info][gc,phases      ] GC(84)   Pre Evacuate Collection Set: 0.25ms
[437.203s][info][gc,phases      ] GC(84)   Merge Heap Roots: 0.50ms
[437.203s][info][gc,phases      ] GC(84)   Evacuate Collection Set: 150.22ms
[437.203s][info][gc,phases      ] GC(84)   Post Evacuate Collection Set: 1.12ms
[437.203s][info][gc,phases      ] GC(84)   Other: 0.07ms
[437.203s][info][gc,heap        ] GC(84) Eden regions: 564->0(554)
[437.203s][info][gc,heap        ] GC(84) Survivor regions: 42->43(76)
[437.203s][info][gc,heap        ] GC(84) Old regions: 243->251
[437.203s][info][gc,heap        ] GC(84) Humongous regions: 81->81
[437.203s][info][gc,metaspace   ] GC(84) Metaspace: 29788K(30272K)->29788K(30272K) NonClass: 24381K(24640K)->24381K(24640K) Class: 5407K(5632K)->5407K(5632K)
[437.203s][info][gc             ] GC(84) Pause Young (Normal) (G1 Evacuation Pause) 7393M->2948M(8192M) 152.301ms
[437.203s][info][gc,cpu         ] GC(84) User=1.21s Sys=0.00s Real=0.15s
...[440.246s][info][gc,start       ] GC(85) Pause Young (Normal) (G1 Evacuation Pause)
[440.246s][info][gc,task        ] GC(85) Using 8 workers of 8 for evacuation
[440.401s][info][gc,phases      ] GC(85)   Pre Evacuate Collection Set: 0.24ms
[440.401s][info][gc,phases      ] GC(85)   Merge Heap Roots: 0.50ms
[440.401s][info][gc,phases      ] GC(85)   Evacuate Collection Set: 152.84ms
[440.401s][info][gc,phases      ] GC(85)   Post Evacuate Collection Set: 1.09ms
[440.401s][info][gc,phases      ] GC(85)   Other: 0.06ms
[440.401s][info][gc,heap        ] GC(85) Eden regions: 554->0(546)
[440.401s][info][gc,heap        ] GC(85) Survivor regions: 43->44(75)
[440.401s][info][gc,heap        ] GC(85) Old regions: 251->257
[440.401s][info][gc,heap        ] GC(85) Humongous regions: 81->81
[440.401s][info][gc,metaspace   ] GC(85) Metaspace: 29788K(30272K)->29788K(30272K) NonClass: 24381K(24640K)->24381K(24640K) Class: 5407K(5632K)->5407K(5632K)
[440.401s][info][gc             ] GC(85) Pause Young (Normal) (G1 Evacuation Pause) 7380M->3012M(8192M) 154.861ms
[440.401s][info][gc,cpu         ] GC(85) User=1.23s Sys=0.00s Real=0.15s
. (rIR:aIR:PR = 11648:11868:11802) (tPR = 174967) [OK] 
   440s:       trying IR =  11668 ..[443.441s][info][gc,start       ] GC(86) Pause Young (Normal) (G1 Evacuation Pause)
[443.442s][info][gc,task        ] GC(86) Using 8 workers of 8 for evacuation
[443.598s][info][gc,phases      ] GC(86)   Pre Evacuate Collection Set: 0.23ms
[443.598s][info][gc,phases      ] GC(86)   Merge Heap Roots: 0.50ms
[443.598s][info][gc,phases      ] GC(86)   Evacuate Collection Set: 154.99ms
[443.598s][info][gc,phases      ] GC(86)   Post Evacuate Collection Set: 1.07ms
[443.598s][info][gc,phases      ] GC(86)   Other: 0.06ms
[443.598s][info][gc,heap        ] GC(86) Eden regions: 546->0(538)
[443.598s][info][gc,heap        ] GC(86) Survivor regions: 44->44(74)
[443.598s][info][gc,heap        ] GC(86) Old regions: 257->265
[443.598s][info][gc,heap        ] GC(86) Humongous regions: 81->81
[443.598s][info][gc,metaspace   ] GC(86) Metaspace: 29789K(30272K)->29789K(30272K) NonClass: 24382K(24640K)->24382K(24640K) Class: 5407K(5632K)->5407K(5632K)
[443.598s][info][gc             ] GC(86) Pause Young (Normal) (G1 Evacuation Pause) 7380M->3070M(8192M) 156.993ms
[443.598s][info][gc,cpu         ] GC(86) User=1.24s Sys=0.00s Real=0.16s
...[446.549s][info][gc,start       ] GC(87) Pause Young (Normal) (G1 Evacuation Pause)
[446.549s][info][gc,task        ] GC(87) Using 8 workers of 8 for evacuation
[446.710s][info][gc,phases      ] GC(87)   Pre Evacuate Collection Set: 0.27ms
[446.710s][info][gc,phases      ] GC(87)   Merge Heap Roots: 0.50ms
[446.710s][info][gc,phases      ] GC(87)   Evacuate Collection Set: 158.39ms
[446.710s][info][gc,phases      ] GC(87)   Post Evacuate Collection Set: 0.98ms
[446.710s][info][gc,phases      ] GC(87)   Other: 0.06ms
[446.710s][info][gc,heap        ] GC(87) Eden regions: 538->0(529)
[446.710s][info][gc,heap        ] GC(87) Survivor regions: 44->45(73)
[446.710s][info][gc,heap        ] GC(87) Old regions: 265->272
[446.710s][info][gc,heap        ] GC(87) Humongous regions: 81->81
[446.710s][info][gc,metaspace   ] GC(87) Metaspace: 29789K(30272K)->29789K(30272K) NonClass: 24382K(24640K)->24382K(24640K) Class: 5407K(5632K)->5407K(5632K)
[446.710s][info][gc             ] GC(87) Pause Young (Normal) (G1 Evacuation Pause) 7374M->3137M(8192M) 160.327ms
[446.710s][info][gc,cpu         ] GC(87) User=1.27s Sys=0.00s Real=0.16s
.. (rIR:aIR:PR = 11668:12013:12023) (tPR = 177823) [OK] 
   447s:       trying IR =  11692 ..[449.790s][info][gc,start       ] GC(88) Pause Young (Normal) (G1 Evacuation Pause)
[449.790s][info][gc,task        ] GC(88) Using 8 workers of 8 for evacuation
[449.942s][info][gc,phases      ] GC(88)   Pre Evacuate Collection Set: 0.26ms
[449.942s][info][gc,phases      ] GC(88)   Merge Heap Roots: 0.60ms
[449.942s][info][gc,phases      ] GC(88)   Evacuate Collection Set: 150.23ms
[449.942s][info][gc,phases      ] GC(88)   Post Evacuate Collection Set: 1.07ms
[449.942s][info][gc,phases      ] GC(88)   Other: 0.06ms
[449.942s][info][gc,heap        ] GC(88) Eden regions: 529->0(527)
[449.942s][info][gc,heap        ] GC(88) Survivor regions: 45->42(72)
[449.942s][info][gc,heap        ] GC(88) Old regions: 272->280
[449.942s][info][gc,heap        ] GC(88) Humongous regions: 81->81
[449.942s][info][gc,metaspace   ] GC(88) Metaspace: 29792K(30272K)->29792K(30272K) NonClass: 24384K(24640K)->24384K(24640K) Class: 5407K(5632K)->5407K(5632K)
[449.942s][info][gc             ] GC(88) Pause Young (Normal) (G1 Evacuation Pause) 7369M->3170M(8192M) 152.343ms
[449.942s][info][gc,cpu         ] GC(88) User=1.20s Sys=0.00s Real=0.15s
...[452.754s][info][gc,start       ] GC(89) Pause Young (Normal) (G1 Evacuation Pause)
[452.754s][info][gc,task        ] GC(89) Using 8 workers of 8 for evacuation
[452.908s][info][gc,phases      ] GC(89)   Pre Evacuate Collection Set: 0.24ms
[452.908s][info][gc,phases      ] GC(89)   Merge Heap Roots: 0.51ms
[452.908s][info][gc,phases      ] GC(89)   Evacuate Collection Set: 151.50ms
[452.908s][info][gc,phases      ] GC(89)   Post Evacuate Collection Set: 1.10ms
[452.908s][info][gc,phases      ] GC(89)   Other: 0.06ms
[452.908s][info][gc,heap        ] GC(89) Eden regions: 527->0(520)
[452.908s][info][gc,heap        ] GC(89) Survivor regions: 42->42(72)
[452.908s][info][gc,heap        ] GC(89) Old regions: 280->287
[452.908s][info][gc,heap        ] GC(89) Humongous regions: 81->81
[452.908s][info][gc,metaspace   ] GC(89) Metaspace: 29792K(30272K)->29792K(30272K) NonClass: 24384K(24640K)->24384K(24640K) Class: 5407K(5632K)->5407K(5632K)
[452.908s][info][gc             ] GC(89) Pause Young (Normal) (G1 Evacuation Pause) 7386M->3236M(8192M) 153.541ms
[452.908s][info][gc,cpu         ] GC(89) User=1.22s Sys=0.00s Real=0.16s
.. (rIR:aIR:PR = 11692:12043:12051) (tPR = 177439) [OK] 
   454s:       trying IR =  11721 [455.733s][info][gc,start       ] GC(90) Pause Young (Normal) (G1 Evacuation Pause)
[455.733s][info][gc,task        ] GC(90) Using 8 workers of 8 for evacuation
[455.884s][info][gc,phases      ] GC(90)   Pre Evacuate Collection Set: 0.24ms
[455.884s][info][gc,phases      ] GC(90)   Merge Heap Roots: 0.51ms
[455.884s][info][gc,phases      ] GC(90)   Evacuate Collection Set: 148.63ms
[455.884s][info][gc,phases      ] GC(90)   Post Evacuate Collection Set: 0.98ms
[455.884s][info][gc,phases      ] GC(90)   Other: 0.06ms
[455.884s][info][gc,heap        ] GC(90) Eden regions: 520->0(512)
[455.884s][info][gc,heap        ] GC(90) Survivor regions: 42->42(71)
[455.884s][info][gc,heap        ] GC(90) Old regions: 287->295
[455.884s][info][gc,heap        ] GC(90) Humongous regions: 81->81
[455.884s][info][gc,metaspace   ] GC(90) Metaspace: 29792K(30272K)->29792K(30272K) NonClass: 24384K(24640K)->24384K(24640K) Class: 5407K(5632K)->5407K(5632K)
[455.884s][info][gc             ] GC(90) Pause Young (Normal) (G1 Evacuation Pause) 7396M->3292M(8192M) 150.544ms
[455.884s][info][gc,cpu         ] GC(90) User=1.19s Sys=0.00s Real=0.15s
...[458.612s][info][gc,start       ] GC(91) Pause Young (Normal) (G1 Evacuation Pause)
[458.612s][info][gc,task        ] GC(91) Using 8 workers of 8 for evacuation
[458.758s][info][gc,phases      ] GC(91)   Pre Evacuate Collection Set: 0.25ms
[458.759s][info][gc,phases      ] GC(91)   Merge Heap Roots: 0.48ms
[458.759s][info][gc,phases      ] GC(91)   Evacuate Collection Set: 143.89ms
[458.759s][info][gc,phases      ] GC(91)   Post Evacuate Collection Set: 0.97ms
[458.759s][info][gc,phases      ] GC(91)   Other: 0.06ms
[458.759s][info][gc,heap        ] GC(91) Eden regions: 512->0(507)
[458.759s][info][gc,heap        ] GC(91) Survivor regions: 42->41(70)
[458.759s][info][gc,heap        ] GC(91) Old regions: 295->302
[458.759s][info][gc,heap        ] GC(91) Humongous regions: 81->81
[458.759s][info][gc,metaspace   ] GC(91) Metaspace: 29792K(30272K)->29792K(30272K) NonClass: 24385K(24640K)->24385K(24640K) Class: 5407K(5632K)->5407K(5632K)
[458.759s][info][gc             ] GC(91) Pause Young (Normal) (G1 Evacuation Pause) 7388M->3345M(8192M) 146.560ms
[458.759s][info][gc,cpu         ] GC(91) User=1.15s Sys=0.00s Real=0.15s
...[461.580s][info][gc,start       ] GC(92) Pause Young (Normal) (G1 Evacuation Pause)
[461.580s][info][gc,task        ] GC(92) Using 8 workers of 8 for evacuation
[461.731s][info][gc,phases      ] GC(92)   Pre Evacuate Collection Set: 0.25ms
[461.731s][info][gc,phases      ] GC(92)   Merge Heap Roots: 0.58ms
[461.731s][info][gc,phases      ] GC(92)   Evacuate Collection Set: 148.72ms
[461.731s][info][gc,phases      ] GC(92)   Post Evacuate Collection Set: 0.93ms
[461.731s][info][gc,phases      ] GC(92)   Other: 0.06ms
[461.731s][info][gc,heap        ] GC(92) Eden regions: 507->0(495)
[461.731s][info][gc,heap        ] GC(92) Survivor regions: 41->43(69)
[461.731s][info][gc,heap        ] GC(92) Old regions: 302->310
[461.731s][info][gc,heap        ] GC(92) Humongous regions: 81->81
[461.731s][info][gc,metaspace   ] GC(92) Metaspace: 29792K(30272K)->29792K(30272K) NonClass: 24385K(24640K)->24385K(24640K) Class: 5407K(5632K)->5407K(5632K)
[461.731s][info][gc             ] GC(92) Pause Young (Normal) (G1 Evacuation Pause) 7401M->3422M(8192M) 150.659ms
[461.731s][info][gc,cpu         ] GC(92) User=1.19s Sys=0.00s Real=0.15s
... (rIR:aIR:PR = 11721:12036:12183) (tPR = 179027) [OK] 
   463s:       trying IR =  11755 [464.417s][info][gc,start       ] GC(93) Pause Young (Normal) (G1 Evacuation Pause)
[464.417s][info][gc,task        ] GC(93) Using 8 workers of 8 for evacuation
[464.569s][info][gc,phases      ] GC(93)   Pre Evacuate Collection Set: 0.24ms
[464.569s][info][gc,phases      ] GC(93)   Merge Heap Roots: 0.50ms
[464.569s][info][gc,phases      ] GC(93)   Evacuate Collection Set: 150.10ms
[464.569s][info][gc,phases      ] GC(93)   Post Evacuate Collection Set: 0.94ms
[464.569s][info][gc,phases      ] GC(93)   Other: 0.06ms
[464.569s][info][gc,heap        ] GC(93) Eden regions: 495->0(489)
[464.569s][info][gc,heap        ] GC(93) Survivor regions: 43->42(68)
[464.569s][info][gc,heap        ] GC(93) Old regions: 310->318
[464.569s][info][gc,heap        ] GC(93) Humongous regions: 81->81
[464.569s][info][gc,metaspace   ] GC(93) Metaspace: 29792K(30272K)->29792K(30272K) NonClass: 24385K(24640K)->24385K(24640K) Class: 5407K(5632K)->5407K(5632K)
[464.569s][info][gc             ] GC(93) Pause Young (Normal) (G1 Evacuation Pause) 7382M->3480M(8192M) 151.974ms
[464.569s][info][gc,cpu         ] GC(93) User=1.20s Sys=0.00s Real=0.15s
...[467.311s][info][gc,start       ] GC(94) Pause Young (Normal) (G1 Evacuation Pause)
[467.311s][info][gc,task        ] GC(94) Using 8 workers of 8 for evacuation
[467.459s][info][gc,phases      ] GC(94)   Pre Evacuate Collection Set: 0.25ms
[467.459s][info][gc,phases      ] GC(94)   Merge Heap Roots: 0.52ms
[467.459s][info][gc,phases      ] GC(94)   Evacuate Collection Set: 146.11ms
[467.459s][info][gc,phases      ] GC(94)   Post Evacuate Collection Set: 1.02ms
[467.459s][info][gc,phases      ] GC(94)   Other: 0.06ms
[467.459s][info][gc,heap        ] GC(94) Eden regions: 489->0(484)
[467.459s][info][gc,heap        ] GC(94) Survivor regions: 42->41(67)
[467.459s][info][gc,heap        ] GC(94) Old regions: 318->325
[467.459s][info][gc,heap        ] GC(94) Humongous regions: 81->81
[467.459s][info][gc,metaspace   ] GC(94) Metaspace: 29792K(30272K)->29792K(30272K) NonClass: 24385K(24640K)->24385K(24640K) Class: 5407K(5632K)->5407K(5632K)
[467.459s][info][gc             ] GC(94) Pause Young (Normal) (G1 Evacuation Pause) 7392M->3529M(8192M) 148.081ms
[467.459s][info][gc,cpu         ] GC(94) User=1.18s Sys=0.00s Real=0.15s
. (rIR:aIR:PR = 11755:11876:11625) (tPR = 179138) [OK] 
   467s:       trying IR =  11797 ..[470.121s][info][gc,start       ] GC(95) Pause Young (Normal) (G1 Evacuation Pause)
[470.121s][info][gc,task        ] GC(95) Using 8 workers of 8 for evacuation
[470.270s][info][gc,phases      ] GC(95)   Pre Evacuate Collection Set: 0.24ms
[470.270s][info][gc,phases      ] GC(95)   Merge Heap Roots: 0.50ms
[470.270s][info][gc,phases      ] GC(95)   Evacuate Collection Set: 147.39ms
[470.270s][info][gc,phases      ] GC(95)   Post Evacuate Collection Set: 0.94ms
[470.270s][info][gc,phases      ] GC(95)   Other: 0.07ms
[470.270s][info][gc,heap        ] GC(95) Eden regions: 484->0(476)
[470.270s][info][gc,heap        ] GC(95) Survivor regions: 41->41(66)
[470.270s][info][gc,heap        ] GC(95) Old regions: 325->333
[470.270s][info][gc,heap        ] GC(95) Humongous regions: 81->81
[470.270s][info][gc,metaspace   ] GC(95) Metaspace: 29792K(30272K)->29792K(30272K) NonClass: 24385K(24640K)->24385K(24640K) Class: 5407K(5632K)->5407K(5632K)
[470.270s][info][gc             ] GC(95) Pause Young (Normal) (G1 Evacuation Pause) 7401M->3597M(8192M) 149.269ms
[470.270s][info][gc,cpu         ] GC(95) User=1.19s Sys=0.00s Real=0.15s
.. (rIR:aIR:PR = 11797:12167:12178) (tPR = 186919) [OK] 
   471s:       trying IR =  11847 [472.870s][info][gc,start       ] GC(96) Pause Young (Normal) (G1 Evacuation Pause)
[472.870s][info][gc,task        ] GC(96) Using 8 workers of 8 for evacuation
[473.014s][info][gc,phases      ] GC(96)   Pre Evacuate Collection Set: 0.25ms
[473.014s][info][gc,phases      ] GC(96)   Merge Heap Roots: 0.52ms
[473.014s][info][gc,phases      ] GC(96)   Evacuate Collection Set: 141.82ms
[473.014s][info][gc,phases      ] GC(96)   Post Evacuate Collection Set: 0.99ms
[473.014s][info][gc,phases      ] GC(96)   Other: 0.08ms
[473.014s][info][gc,heap        ] GC(96) Eden regions: 476->0(470)
[473.014s][info][gc,heap        ] GC(96) Survivor regions: 41->40(65)
[473.014s][info][gc,heap        ] GC(96) Old regions: 333->341
[473.014s][info][gc,heap        ] GC(96) Humongous regions: 81->81
[473.014s][info][gc,metaspace   ] GC(96) Metaspace: 29792K(30272K)->29792K(30272K) NonClass: 24385K(24640K)->24385K(24640K) Class: 5407K(5632K)->5407K(5632K)
[473.014s][info][gc             ] GC(96) Pause Young (Normal) (G1 Evacuation Pause) 7405M->3647M(8192M) 143.790ms
[473.014s][info][gc,cpu         ] GC(96) User=1.13s Sys=0.00s Real=0.14s
...[475.639s][info][gc,start       ] GC(97) Pause Young (Normal) (G1 Evacuation Pause)
[475.639s][info][gc,task        ] GC(97) Using 8 workers of 8 for evacuation
[475.793s][info][gc,phases      ] GC(97)   Pre Evacuate Collection Set: 0.23ms
[475.793s][info][gc,phases      ] GC(97)   Merge Heap Roots: 0.50ms
[475.793s][info][gc,phases      ] GC(97)   Evacuate Collection Set: 152.03ms
[475.793s][info][gc,phases      ] GC(97)   Post Evacuate Collection Set: 0.97ms
[475.793s][info][gc,phases      ] GC(97)   Other: 0.07ms
[475.793s][info][gc,heap        ] GC(97) Eden regions: 470->0(456)
[475.793s][info][gc,heap        ] GC(97) Survivor regions: 40->43(64)
[475.793s][info][gc,heap        ] GC(97) Old regions: 341->349
[475.793s][info][gc,heap        ] GC(97) Humongous regions: 81->81
[475.793s][info][gc,metaspace   ] GC(97) Metaspace: 29792K(30272K)->29792K(30272K) NonClass: 24385K(24640K)->24385K(24640K) Class: 5407K(5632K)->5407K(5632K)
[475.793s][info][gc             ] GC(97) Pause Young (Normal) (G1 Evacuation Pause) 7407M->3730M(8192M) 153.939ms
[475.793s][info][gc,cpu         ] GC(97) User=1.22s Sys=0.00s Real=0.15s
... (rIR:aIR:PR = 11847:12247:12257) (tPR = 178306) [OK] 
   477s:       trying IR =  11906 [478.208s][info][gc,start       ] GC(98) Pause Young (Normal) (G1 Evacuation Pause)
[478.208s][info][gc,task        ] GC(98) Using 8 workers of 8 for evacuation
[478.355s][info][gc,phases      ] GC(98)   Pre Evacuate Collection Set: 0.24ms
[478.355s][info][gc,phases      ] GC(98)   Merge Heap Roots: 0.47ms
[478.355s][info][gc,phases      ] GC(98)   Evacuate Collection Set: 145.19ms
[478.355s][info][gc,phases      ] GC(98)   Post Evacuate Collection Set: 0.93ms
[478.355s][info][gc,phases      ] GC(98)   Other: 0.06ms
[478.355s][info][gc,heap        ] GC(98) Eden regions: 456->0(452)
[478.355s][info][gc,heap        ] GC(98) Survivor regions: 43->41(63)
[478.355s][info][gc,heap        ] GC(98) Old regions: 349->357
[478.355s][info][gc,heap        ] GC(98) Humongous regions: 81->81
[478.355s][info][gc,metaspace   ] GC(98) Metaspace: 29792K(30272K)->29792K(30272K) NonClass: 24385K(24640K)->24385K(24640K) Class: 5407K(5632K)->5407K(5632K)
[478.355s][info][gc             ] GC(98) Pause Young (Normal) (G1 Evacuation Pause) 7378M->3784M(8192M) 147.010ms
[478.355s][info][gc,cpu         ] GC(98) User=1.16s Sys=0.00s Real=0.15s
..[480.810s][info][gc,start       ] GC(99) Pause Young (Normal) (G1 Evacuation Pause)
[480.810s][info][gc,task        ] GC(99) Using 8 workers of 8 for evacuation
[480.955s][info][gc,phases      ] GC(99)   Pre Evacuate Collection Set: 0.24ms
[480.955s][info][gc,phases      ] GC(99)   Merge Heap Roots: 0.49ms
[480.955s][info][gc,phases      ] GC(99)   Evacuate Collection Set: 143.32ms
[480.955s][info][gc,phases      ] GC(99)   Post Evacuate Collection Set: 0.90ms
[480.955s][info][gc,phases      ] GC(99)   Other: 0.06ms
[480.955s][info][gc,heap        ] GC(99) Eden regions: 452->0(446)
[480.955s][info][gc,heap        ] GC(99) Survivor regions: 41->40(62)
[480.955s][info][gc,heap        ] GC(99) Old regions: 357->365
[480.955s][info][gc,heap        ] GC(99) Humongous regions: 81->81
[480.955s][info][gc,metaspace   ] GC(99) Metaspace: 29792K(30272K)->29792K(30272K) NonClass: 24385K(24640K)->24385K(24640K) Class: 5407K(5632K)->5407K(5632K)
[480.955s][info][gc             ] GC(99) Pause Young (Normal) (G1 Evacuation Pause) 7400M->3840M(8192M) 145.136ms
[480.955s][info][gc,cpu         ] GC(99) User=1.15s Sys=0.00s Real=0.15s
...[483.414s][info][gc,start       ] GC(100) Pause Young (Normal) (G1 Evacuation Pause)
[483.414s][info][gc,task        ] GC(100) Using 8 workers of 8 for evacuation
[483.565s][info][gc,phases      ] GC(100)   Pre Evacuate Collection Set: 0.27ms
[483.565s][info][gc,phases      ] GC(100)   Merge Heap Roots: 0.54ms
[483.565s][info][gc,phases      ] GC(100)   Evacuate Collection Set: 149.41ms
[483.565s][info][gc,phases      ] GC(100)   Post Evacuate Collection Set: 0.91ms
[483.565s][info][gc,phases      ] GC(100)   Other: 0.06ms
[483.565s][info][gc,heap        ] GC(100) Eden regions: 446->0(436)
[483.565s][info][gc,heap        ] GC(100) Survivor regions: 40->41(61)
[483.565s][info][gc,heap        ] GC(100) Old regions: 365->373
[483.565s][info][gc,heap        ] GC(100) Humongous regions: 81->81
[483.565s][info][gc,metaspace   ] GC(100) Metaspace: 29792K(30272K)->29792K(30272K) NonClass: 24385K(24640K)->24385K(24640K) Class: 5407K(5632K)->5407K(5632K)
[483.565s][info][gc             ] GC(100) Pause Young (Normal) (G1 Evacuation Pause) 7408M->3913M(8192M) 151.322ms
[483.565s][info][gc,cpu         ] GC(100) User=1.19s Sys=0.00s Real=0.16s
. (rIR:aIR:PR = 11906:11714:11549) (tPR = 174808) [OK] 
   483s:       trying IR =  11978 .[486.022s][info][gc,start       ] GC(101) Pause Young (Normal) (G1 Evacuation Pause)
[486.022s][info][gc,task        ] GC(101) Using 8 workers of 8 for evacuation
[486.161s][info][gc,phases      ] GC(101)   Pre Evacuate Collection Set: 0.24ms
[486.161s][info][gc,phases      ] GC(101)   Merge Heap Roots: 0.49ms
[486.161s][info][gc,phases      ] GC(101)   Evacuate Collection Set: 137.49ms
[486.161s][info][gc,phases      ] GC(101)   Post Evacuate Collection Set: 0.89ms
[486.161s][info][gc,phases      ] GC(101)   Other: 0.06ms
[486.161s][info][gc,heap        ] GC(101) Eden regions: 436->0(433)
[486.161s][info][gc,heap        ] GC(101) Survivor regions: 41->38(60)
[486.161s][info][gc,heap        ] GC(101) Old regions: 373->382
[486.161s][info][gc,heap        ] GC(101) Humongous regions: 81->81
[486.161s][info][gc,metaspace   ] GC(101) Metaspace: 29793K(30272K)->29793K(30272K) NonClass: 24386K(24640K)->24386K(24640K) Class: 5407K(5632K)->5407K(5632K)
[486.161s][info][gc             ] GC(101) Pause Young (Normal) (G1 Evacuation Pause) 7401M->3958M(8192M) 139.295ms
[486.161s][info][gc,cpu         ] GC(101) User=1.10s Sys=0.00s Real=0.14s
...[488.516s][info][gc,start       ] GC(102) Pause Young (Concurrent Start) (G1 Evacuation Pause)
[488.517s][info][gc,task        ] GC(102) Using 8 workers of 8 for evacuation
[488.664s][info][gc,phases      ] GC(102)   Pre Evacuate Collection Set: 0.31ms
[488.664s][info][gc,phases      ] GC(102)   Merge Heap Roots: 0.56ms
[488.664s][info][gc,phases      ] GC(102)   Evacuate Collection Set: 145.59ms
[488.664s][info][gc,phases      ] GC(102)   Post Evacuate Collection Set: 0.87ms
[488.664s][info][gc,phases      ] GC(102)   Other: 0.08ms
[488.664s][info][gc,heap        ] GC(102) Eden regions: 433->0(423)
[488.664s][info][gc,heap        ] GC(102) Survivor regions: 38->39(59)
[488.664s][info][gc,heap        ] GC(102) Old regions: 382->390
[488.664s][info][gc,heap        ] GC(102) Humongous regions: 81->81
[488.664s][info][gc,metaspace   ] GC(102) Metaspace: 29798K(30272K)->29798K(30272K) NonClass: 24391K(24640K)->24391K(24640K) Class: 5407K(5632K)->5407K(5632K)
[488.664s][info][gc             ] GC(102) Pause Young (Concurrent Start) (G1 Evacuation Pause) 7422M->4035M(8192M) 147.538ms
[488.664s][info][gc             ] GC(103) Concurrent Mark Cycle
[488.664s][info][gc,marking     ] GC(103) Concurrent Scan Root Regions
[488.664s][info][gc,cpu         ] GC(102) User=1.17s Sys=0.00s Real=0.14s
[488.957s][info][gc,marking     ] GC(103) Concurrent Scan Root Regions 293.200ms
[488.957s][info][gc,marking     ] GC(103) Concurrent Mark
[488.957s][info][gc,marking     ] GC(103) Concurrent Mark From Roots
[488.957s][info][gc,task        ] GC(103) Using 2 workers of 2 for marking
..[490.262s][info][gc,marking     ] GC(103) Concurrent Mark From Roots 1304.432ms
[490.262s][info][gc,marking     ] GC(103) Concurrent Preclean
[490.262s][info][gc,marking     ] GC(103) Concurrent Preclean 0.449ms
[490.262s][info][gc,start       ] GC(103) Pause Remark
[490.267s][info][gc             ] GC(103) Pause Remark 5807M->4319M(8192M) 5.028ms
[490.268s][info][gc,cpu         ] GC(103) User=0.03s Sys=0.00s Real=0.01s
[490.268s][info][gc,marking     ] GC(103) Concurrent Mark 1310.699ms
[490.268s][info][gc,marking     ] GC(103) Concurrent Rebuild Remembered Sets and Scrub Regions
[491.084s][info][gc,marking     ] GC(103) Concurrent Rebuild Remembered Sets and Scrub Regions 816.049ms
[491.084s][info][gc,start       ] GC(103) Pause Cleanup
[491.085s][info][gc             ] GC(103) Pause Cleanup 5427M->5427M(8192M) 0.279ms
[491.085s][info][gc,cpu         ] GC(103) User=0.00s Sys=0.00s Real=0.01s
[491.085s][info][gc,marking     ] GC(103) Concurrent Clear Claimed Marks
[491.085s][info][gc,marking     ] GC(103) Concurrent Clear Claimed Marks 0.044ms
[491.085s][info][gc,marking     ] GC(103) Concurrent Cleanup for Next Mark
[491.097s][info][gc,marking     ] GC(103) Concurrent Cleanup for Next Mark 12.191ms
[491.097s][info][gc             ] GC(103) Concurrent Mark Cycle 2432.901ms
.[491.437s][info][gc,start       ] GC(104) Pause Young (Prepare Mixed) (G1 Evacuation Pause)
[491.437s][info][gc,task        ] GC(104) Using 8 workers of 8 for evacuation
[491.581s][info][gc,phases      ] GC(104)   Pre Evacuate Collection Set: 0.24ms
[491.581s][info][gc,phases      ] GC(104)   Merge Heap Roots: 0.69ms
[491.581s][info][gc,phases      ] GC(104)   Evacuate Collection Set: 142.70ms
[491.581s][info][gc,phases      ] GC(104)   Post Evacuate Collection Set: 0.94ms
[491.581s][info][gc,phases      ] GC(104)   Other: 0.07ms
[491.581s][info][gc,heap        ] GC(104) Eden regions: 423->0(574)
[491.581s][info][gc,heap        ] GC(104) Survivor regions: 39->40(58)
[491.581s][info][gc,heap        ] GC(104) Old regions: 252->260
[491.581s][info][gc,heap        ] GC(104) Humongous regions: 33->33
[491.581s][info][gc,metaspace   ] GC(104) Metaspace: 29799K(30272K)->29799K(30272K) NonClass: 24392K(24640K)->24392K(24640K) Class: 5407K(5632K)->5407K(5632K)
[491.581s][info][gc             ] GC(104) Pause Young (Prepare Mixed) (G1 Evacuation Pause) 5931M->2617M(8192M) 144.760ms
[491.581s][info][gc,cpu         ] GC(104) User=1.15s Sys=0.00s Real=0.14s
...[494.483s][info][gc,start       ] GC(105) Pause Young (Mixed) (G1 Evacuation Pause)
[494.483s][info][gc,task        ] GC(105) Using 8 workers of 8 for evacuation
[494.635s][info][gc,phases      ] GC(105)   Pre Evacuate Collection Set: 0.26ms
[494.635s][info][gc,phases      ] GC(105)   Merge Heap Roots: 0.61ms
[494.635s][info][gc,phases      ] GC(105)   Evacuate Collection Set: 148.92ms
[494.635s][info][gc,phases      ] GC(105)   Merge Optional Heap Roots: 0.03ms
[494.635s][info][gc,phases      ] GC(105)   Evacuate Optional Collection Set: 0.11ms
[494.635s][info][gc,phases      ] GC(105)   Post Evacuate Collection Set: 1.30ms
[494.635s][info][gc,phases      ] GC(105)   Other: 0.08ms
[494.635s][info][gc,heap        ] GC(105) Eden regions: 574->0(566)
[494.635s][info][gc,heap        ] GC(105) Survivor regions: 40->48(77)
[494.635s][info][gc,heap        ] GC(105) Old regions: 260->238
[494.635s][info][gc,heap        ] GC(105) Humongous regions: 33->33
[494.635s][info][gc,metaspace   ] GC(105) Metaspace: 29800K(30272K)->29800K(30272K) NonClass: 24392K(24640K)->24392K(24640K) Class: 5407K(5632K)->5407K(5632K)
[494.635s][info][gc             ] GC(105) Pause Young (Mixed) (G1 Evacuation Pause) 7209M->2504M(8192M) 151.435ms
[494.635s][info][gc,cpu         ] GC(105) User=1.20s Sys=0.00s Real=0.16s
...[497.419s][info][gc,start       ] GC(106) Pause Young (Mixed) (G1 Evacuation Pause)
[497.419s][info][gc,task        ] GC(106) Using 8 workers of 8 for evacuation
[497.584s][info][gc,phases      ] GC(106)   Pre Evacuate Collection Set: 0.27ms
[497.584s][info][gc,phases      ] GC(106)   Merge Heap Roots: 0.65ms
[497.584s][info][gc,phases      ] GC(106)   Evacuate Collection Set: 163.19ms
[497.584s][info][gc,phases      ] GC(106)   Post Evacuate Collection Set: 1.12ms
[497.584s][info][gc,phases      ] GC(106)   Other: 0.07ms
[497.584s][info][gc,heap        ] GC(106) Eden regions: 531->0(569)
[497.584s][info][gc,heap        ] GC(106) Survivor regions: 48->45(73)
[497.584s][info][gc,heap        ] GC(106) Old regions: 238->230
[497.584s][info][gc,heap        ] GC(106) Humongous regions: 33->33
[497.584s][info][gc,metaspace   ] GC(106) Metaspace: 29800K(30272K)->29800K(30272K) NonClass: 24392K(24640K)->24392K(24640K) Class: 5407K(5632K)->5407K(5632K)
[497.584s][info][gc             ] GC(106) Pause Young (Mixed) (G1 Evacuation Pause) 6752M->2424M(8192M) 165.443ms
[497.584s][info][gc,cpu         ] GC(106) User=1.31s Sys=0.00s Real=0.16s
. (rIR:aIR:PR = 11978:11699:11615) (tPR = 173006) [OK] 
   498s:       trying IR =  12064 ..[500.747s][info][gc,start       ] GC(107) Pause Young (Mixed) (G1 Evacuation Pause)
[500.747s][info][gc,task        ] GC(107) Using 8 workers of 8 for evacuation
[500.903s][info][gc,phases      ] GC(107)   Pre Evacuate Collection Set: 0.26ms
[500.903s][info][gc,phases      ] GC(107)   Merge Heap Roots: 0.67ms
[500.903s][info][gc,phases      ] GC(107)   Evacuate Collection Set: 153.39ms
[500.903s][info][gc,phases      ] GC(107)   Merge Optional Heap Roots: 0.08ms
[500.903s][info][gc,phases      ] GC(107)   Evacuate Optional Collection Set: 0.68ms
[500.903s][info][gc,phases      ] GC(107)   Post Evacuate Collection Set: 1.26ms
[500.903s][info][gc,phases      ] GC(107)   Other: 0.08ms
[500.903s][info][gc,heap        ] GC(107) Eden regions: 569->0(159)
[500.903s][info][gc,heap        ] GC(107) Survivor regions: 45->43(77)
[500.903s][info][gc,heap        ] GC(107) Old regions: 230->207
[500.903s][info][gc,heap        ] GC(107) Humongous regions: 33->33
[500.903s][info][gc,metaspace   ] GC(107) Metaspace: 29800K(30272K)->29800K(30272K) NonClass: 24392K(24640K)->24392K(24640K) Class: 5407K(5632K)->5407K(5632K)
[500.903s][info][gc             ] GC(107) Pause Young (Mixed) (G1 Evacuation Pause) 6976M->2226M(8192M) 156.565ms
[500.903s][info][gc,cpu         ] GC(107) User=1.24s Sys=0.00s Real=0.15s
.[501.961s][info][gc,start       ] GC(108) Pause Young (Mixed) (G1 Evacuation Pause)
[501.961s][info][gc,task        ] GC(108) Using 8 workers of 8 for evacuation
[502.098s][info][gc,phases      ] GC(108)   Pre Evacuate Collection Set: 0.23ms
[502.098s][info][gc,phases      ] GC(108)   Merge Heap Roots: 0.57ms
[502.098s][info][gc,phases      ] GC(108)   Evacuate Collection Set: 134.79ms
[502.098s][info][gc,phases      ] GC(108)   Post Evacuate Collection Set: 0.72ms
[502.098s][info][gc,phases      ] GC(108)   Other: 0.06ms
[502.098s][info][gc,heap        ] GC(108) Eden regions: 212->0(598)
[502.098s][info][gc,heap        ] GC(108) Survivor regions: 43->16(32)
[502.098s][info][gc,heap        ] GC(108) Old regions: 207->222
[502.098s][info][gc,heap        ] GC(108) Humongous regions: 33->33
[502.098s][info][gc,metaspace   ] GC(108) Metaspace: 29800K(30272K)->29800K(30272K) NonClass: 24392K(24640K)->24392K(24640K) Class: 5407K(5632K)->5407K(5632K)
[502.098s][info][gc             ] GC(108) Pause Young (Mixed) (G1 Evacuation Pause) 3922M->2142M(8192M) 136.485ms
[502.098s][info][gc,cpu         ] GC(108) User=1.08s Sys=0.00s Real=0.14s
.... (rIR:aIR:PR = 12064:12193:12163) (tPR = 179484) [OK] 
   505s:       trying IR =  12167 [505.251s][info][gc,start       ] GC(109) Pause Young (Mixed) (G1 Evacuation Pause)
[505.251s][info][gc,task        ] GC(109) Using 8 workers of 8 for evacuation
[505.383s][info][gc,phases      ] GC(109)   Pre Evacuate Collection Set: 0.28ms
[505.383s][info][gc,phases      ] GC(109)   Merge Heap Roots: 0.77ms
[505.383s][info][gc,phases      ] GC(109)   Evacuate Collection Set: 129.35ms
[505.383s][info][gc,phases      ] GC(109)   Post Evacuate Collection Set: 1.13ms
[505.383s][info][gc,phases      ] GC(109)   Other: 0.08ms
[505.383s][info][gc,heap        ] GC(109) Eden regions: 598->0(576)
[505.383s][info][gc,heap        ] GC(109) Survivor regions: 16->38(77)
[505.383s][info][gc,heap        ] GC(109) Old regions: 222->185
[505.383s][info][gc,heap        ] GC(109) Humongous regions: 33->33
[505.383s][info][gc,metaspace   ] GC(109) Metaspace: 29800K(30272K)->29800K(30272K) NonClass: 24392K(24640K)->24392K(24640K) Class: 5407K(5632K)->5407K(5632K)
[505.383s][info][gc             ] GC(109) Pause Young (Mixed) (G1 Evacuation Pause) 6926M->2032M(8192M) 131.741ms
[505.383s][info][gc,cpu         ] GC(109) User=1.05s Sys=0.00s Real=0.13s
...[508.395s][info][gc,start       ] GC(110) Pause Young (Normal) (G1 Evacuation Pause)
[508.395s][info][gc,task        ] GC(110) Using 8 workers of 8 for evacuation
[508.538s][info][gc,phases      ] GC(110)   Pre Evacuate Collection Set: 0.26ms
[508.538s][info][gc,phases      ] GC(110)   Merge Heap Roots: 0.51ms
[508.538s][info][gc,phases      ] GC(110)   Evacuate Collection Set: 141.30ms
[508.538s][info][gc,phases      ] GC(110)   Post Evacuate Collection Set: 1.06ms
[508.538s][info][gc,phases      ] GC(110)   Other: 0.07ms
[508.538s][info][gc,heap        ] GC(110) Eden regions: 576->0(568)
[508.538s][info][gc,heap        ] GC(110) Survivor regions: 38->46(77)
[508.538s][info][gc,heap        ] GC(110) Old regions: 185->185
[508.538s][info][gc,heap        ] GC(110) Humongous regions: 33->33
[508.538s][info][gc,metaspace   ] GC(110) Metaspace: 29800K(30272K)->29800K(30272K) NonClass: 24392K(24640K)->24392K(24640K) Class: 5407K(5632K)->5407K(5632K)
[508.538s][info][gc             ] GC(110) Pause Young (Normal) (G1 Evacuation Pause) 6640M->2096M(8192M) 143.336ms
[508.538s][info][gc,cpu         ] GC(110) User=1.14s Sys=0.00s Real=0.14s
... (rIR:aIR:PR = 12167:12367:12367) (tPR = 184993) [OK] 
   511s:       trying IR =  12291 [511.632s][info][gc,start       ] GC(111) Pause Young (Normal) (G1 Evacuation Pause)
[511.632s][info][gc,task        ] GC(111) Using 8 workers of 8 for evacuation
[511.796s][info][gc,phases      ] GC(111)   Pre Evacuate Collection Set: 0.25ms
[511.796s][info][gc,phases      ] GC(111)   Merge Heap Roots: 0.51ms
[511.796s][info][gc,phases      ] GC(111)   Evacuate Collection Set: 161.86ms
[511.796s][info][gc,phases      ] GC(111)   Post Evacuate Collection Set: 1.04ms
[511.796s][info][gc,phases      ] GC(111)   Other: 0.06ms
[511.796s][info][gc,heap        ] GC(111) Eden regions: 568->0(569)
[511.796s][info][gc,heap        ] GC(111) Survivor regions: 46->45(77)
[511.796s][info][gc,heap        ] GC(111) Old regions: 185->194
[511.796s][info][gc,heap        ] GC(111) Humongous regions: 33->33
[511.796s][info][gc,metaspace   ] GC(111) Metaspace: 29800K(30272K)->29800K(30272K) NonClass: 24392K(24640K)->24392K(24640K) Class: 5407K(5632K)->5407K(5632K)
[511.796s][info][gc             ] GC(111) Pause Young (Normal) (G1 Evacuation Pause) 6640M->2152M(8192M) 163.855ms
[511.796s][info][gc,cpu         ] GC(111) User=1.30s Sys=0.00s Real=0.17s
...[514.827s][info][gc,start       ] GC(112) Pause Young (Normal) (G1 Evacuation Pause)
[514.827s][info][gc,task        ] GC(112) Using 8 workers of 8 for evacuation
[514.985s][info][gc,phases      ] GC(112)   Pre Evacuate Collection Set: 0.25ms
[514.985s][info][gc,phases      ] GC(112)   Merge Heap Roots: 0.53ms
[514.985s][info][gc,phases      ] GC(112)   Evacuate Collection Set: 156.22ms
[514.985s][info][gc,phases      ] GC(112)   Post Evacuate Collection Set: 1.05ms
[514.985s][info][gc,phases      ] GC(112)   Other: 0.06ms
[514.985s][info][gc,heap        ] GC(112) Eden regions: 569->0(570)
[514.985s][info][gc,heap        ] GC(112) Survivor regions: 45->44(77)
[514.985s][info][gc,heap        ] GC(112) Old regions: 194->201
[514.985s][info][gc,heap        ] GC(112) Humongous regions: 33->33
[514.985s][info][gc,metaspace   ] GC(112) Metaspace: 29800K(30272K)->29800K(30272K) NonClass: 24392K(24640K)->24392K(24640K) Class: 5407K(5632K)->5407K(5632K)
[514.985s][info][gc             ] GC(112) Pause Young (Normal) (G1 Evacuation Pause) 6704M->2208M(8192M) 158.248ms
[514.985s][info][gc,cpu         ] GC(112) User=1.25s Sys=0.00s Real=0.16s
.. (rIR:aIR:PR = 12291:12609:12241) (tPR = 183425) [OK] 
   516s:       trying IR =  12440 .[517.970s][info][gc,start       ] GC(113) Pause Young (Normal) (G1 Evacuation Pause)
[517.970s][info][gc,task        ] GC(113) Using 8 workers of 8 for evacuation
[518.125s][info][gc,phases      ] GC(113)   Pre Evacuate Collection Set: 0.26ms
[518.125s][info][gc,phases      ] GC(113)   Merge Heap Roots: 0.53ms
[518.125s][info][gc,phases      ] GC(113)   Evacuate Collection Set: 153.31ms
[518.125s][info][gc,phases      ] GC(113)   Post Evacuate Collection Set: 0.94ms
[518.125s][info][gc,phases      ] GC(113)   Other: 0.06ms
[518.125s][info][gc,heap        ] GC(113) Eden regions: 570->0(570)
[518.125s][info][gc,heap        ] GC(113) Survivor regions: 44->44(77)
[518.125s][info][gc,heap        ] GC(113) Old regions: 201->208
[518.125s][info][gc,heap        ] GC(113) Humongous regions: 33->33
[518.125s][info][gc,metaspace   ] GC(113) Metaspace: 29801K(30272K)->29801K(30272K) NonClass: 24394K(24640K)->24394K(24640K) Class: 5407K(5632K)->5407K(5632K)
[518.125s][info][gc             ] GC(113) Pause Young (Normal) (G1 Evacuation Pause) 6768M->2264M(8192M) 155.246ms
[518.125s][info][gc,cpu         ] GC(113) User=1.23s Sys=0.00s Real=0.16s
...[521.120s][info][gc,start       ] GC(114) Pause Young (Normal) (G1 Evacuation Pause)
[521.120s][info][gc,task        ] GC(114) Using 8 workers of 8 for evacuation
[521.279s][info][gc,phases      ] GC(114)   Pre Evacuate Collection Set: 0.23ms
[521.279s][info][gc,phases      ] GC(114)   Merge Heap Roots: 0.53ms
[521.279s][info][gc,phases      ] GC(114)   Evacuate Collection Set: 156.73ms
[521.279s][info][gc,phases      ] GC(114)   Post Evacuate Collection Set: 1.00ms
[521.279s][info][gc,phases      ] GC(114)   Other: 0.06ms
[521.279s][info][gc,heap        ] GC(114) Eden regions: 570->0(569)
[521.279s][info][gc,heap        ] GC(114) Survivor regions: 44->45(77)
[521.279s][info][gc,heap        ] GC(114) Old regions: 208->215
[521.279s][info][gc,heap        ] GC(114) Humongous regions: 33->33
[521.279s][info][gc,metaspace   ] GC(114) Metaspace: 29801K(30272K)->29801K(30272K) NonClass: 24394K(24640K)->24394K(24640K) Class: 5407K(5632K)->5407K(5632K)
[521.279s][info][gc             ] GC(114) Pause Young (Normal) (G1 Evacuation Pause) 6824M->2328M(8192M) 158.680ms
[521.279s][info][gc,cpu         ] GC(114) User=1.25s Sys=0.00s Real=0.16s
...[524.195s][info][gc,start       ] GC(115) Pause Young (Normal) (G1 Evacuation Pause)
[524.195s][info][gc,task        ] GC(115) Using 8 workers of 8 for evacuation
[524.350s][info][gc,phases      ] GC(115)   Pre Evacuate Collection Set: 0.24ms
[524.350s][info][gc,phases      ] GC(115)   Merge Heap Roots: 0.53ms
[524.350s][info][gc,phases      ] GC(115)   Evacuate Collection Set: 153.60ms
[524.350s][info][gc,phases      ] GC(115)   Post Evacuate Collection Set: 1.04ms
[524.350s][info][gc,phases      ] GC(115)   Other: 0.06ms
[524.350s][info][gc,heap        ] GC(115) Eden regions: 569->0(570)
[524.350s][info][gc,heap        ] GC(115) Survivor regions: 45->44(77)
[524.350s][info][gc,heap        ] GC(115) Old regions: 215->222
[524.350s][info][gc,heap        ] GC(115) Humongous regions: 33->33
[524.350s][info][gc,metaspace   ] GC(115) Metaspace: 29802K(30272K)->29802K(30272K) NonClass: 24395K(24640K)->24395K(24640K) Class: 5407K(5632K)->5407K(5632K)
[524.350s][info][gc             ] GC(115) Pause Young (Normal) (G1 Evacuation Pause) 6880M->2369M(8192M) 155.593ms
[524.350s][info][gc,cpu         ] GC(115) User=1.24s Sys=0.00s Real=0.15s
. (rIR:aIR:PR = 12440:12171:12159) (tPR = 185778) [OK] 
   524s:       trying IR =  12618 ...[527.567s][info][gc,start       ] GC(116) Pause Young (Normal) (G1 Evacuation Pause)
[527.567s][info][gc,task        ] GC(116) Using 8 workers of 8 for evacuation
[527.731s][info][gc,phases      ] GC(116)   Pre Evacuate Collection Set: 0.24ms
[527.731s][info][gc,phases      ] GC(116)   Merge Heap Roots: 0.52ms
[527.731s][info][gc,phases      ] GC(116)   Evacuate Collection Set: 161.48ms
[527.731s][info][gc,phases      ] GC(116)   Post Evacuate Collection Set: 1.06ms
[527.731s][info][gc,phases      ] GC(116)   Other: 0.06ms
[527.731s][info][gc,heap        ] GC(116) Eden regions: 570->0(568)
[527.731s][info][gc,heap        ] GC(116) Survivor regions: 44->46(77)
[527.731s][info][gc,heap        ] GC(116) Old regions: 222->229
[527.731s][info][gc,heap        ] GC(116) Humongous regions: 33->33
[527.731s][info][gc,metaspace   ] GC(116) Metaspace: 29802K(30272K)->29802K(30272K) NonClass: 24395K(24640K)->24395K(24640K) Class: 5407K(5632K)->5407K(5632K)
[527.731s][info][gc             ] GC(116) Pause Young (Normal) (G1 Evacuation Pause) 6929M->2442M(8192M) 163.482ms
[527.731s][info][gc,cpu         ] GC(116) User=1.30s Sys=0.00s Real=0.16s
...[530.623s][info][gc,start       ] GC(117) Pause Young (Normal) (G1 Evacuation Pause)
[530.623s][info][gc,task        ] GC(117) Using 8 workers of 8 for evacuation
[530.780s][info][gc,phases      ] GC(117)   Pre Evacuate Collection Set: 0.24ms
[530.780s][info][gc,phases      ] GC(117)   Merge Heap Roots: 0.51ms
[530.780s][info][gc,phases      ] GC(117)   Evacuate Collection Set: 154.31ms
[530.780s][info][gc,phases      ] GC(117)   Post Evacuate Collection Set: 1.03ms
[530.780s][info][gc,phases      ] GC(117)   Other: 0.06ms
[530.780s][info][gc,heap        ] GC(117) Eden regions: 568->0(571)
[530.780s][info][gc,heap        ] GC(117) Survivor regions: 46->43(77)
[530.780s][info][gc,heap        ] GC(117) Old regions: 229->236
[530.780s][info][gc,heap        ] GC(117) Humongous regions: 33->33
[530.780s][info][gc,metaspace   ] GC(117) Metaspace: 29802K(30272K)->29802K(30272K) NonClass: 24395K(24640K)->24395K(24640K) Class: 5407K(5632K)->5407K(5632K)
[530.780s][info][gc             ] GC(117) Pause Young (Normal) (G1 Evacuation Pause) 6986M->2481M(8192M) 156.295ms
[530.780s][info][gc,cpu         ] GC(117) User=1.24s Sys=0.00s Real=0.16s
...[533.720s][info][gc,start       ] GC(118) Pause Young (Normal) (G1 Evacuation Pause)
[533.720s][info][gc,task        ] GC(118) Using 8 workers of 8 for evacuation
[533.887s][info][gc,phases      ] GC(118)   Pre Evacuate Collection Set: 0.24ms
[533.887s][info][gc,phases      ] GC(118)   Merge Heap Roots: 0.52ms
[533.887s][info][gc,phases      ] GC(118)   Evacuate Collection Set: 164.73ms
[533.887s][info][gc,phases      ] GC(118)   Post Evacuate Collection Set: 1.02ms
[533.887s][info][gc,phases      ] GC(118)   Other: 0.06ms
[533.887s][info][gc,heap        ] GC(118) Eden regions: 571->0(568)
[533.887s][info][gc,heap        ] GC(118) Survivor regions: 43->46(77)
[533.887s][info][gc,heap        ] GC(118) Old regions: 236->243
[533.887s][info][gc,heap        ] GC(118) Humongous regions: 33->33
[533.887s][info][gc,metaspace   ] GC(118) Metaspace: 29802K(30272K)->29802K(30272K) NonClass: 24395K(24640K)->24395K(24640K) Class: 5407K(5632K)->5407K(5632K)
[533.887s][info][gc             ] GC(118) Pause Young (Normal) (G1 Evacuation Pause) 7049M->2562M(8192M) 166.694ms
[533.887s][info][gc,cpu         ] GC(118) User=1.32s Sys=0.00s Real=0.17s
. (rIR:aIR:PR = 12618:12369:12170) (tPR = 176703) [OK] 
   534s:       trying IR =  12832 ..[536.716s][info][gc,start       ] GC(119) Pause Young (Normal) (G1 Evacuation Pause)
[536.716s][info][gc,task        ] GC(119) Using 8 workers of 8 for evacuation
[536.869s][info][gc,phases      ] GC(119)   Pre Evacuate Collection Set: 0.25ms
[536.869s][info][gc,phases      ] GC(119)   Merge Heap Roots: 0.55ms
[536.869s][info][gc,phases      ] GC(119)   Evacuate Collection Set: 151.33ms
[536.869s][info][gc,phases      ] GC(119)   Post Evacuate Collection Set: 1.08ms
[536.869s][info][gc,phases      ] GC(119)   Other: 0.06ms
[536.869s][info][gc,heap        ] GC(119) Eden regions: 568->0(571)
[536.869s][info][gc,heap        ] GC(119) Survivor regions: 46->43(77)
[536.869s][info][gc,heap        ] GC(119) Old regions: 243->250
[536.869s][info][gc,heap        ] GC(119) Humongous regions: 33->33
[536.869s][info][gc,metaspace   ] GC(119) Metaspace: 29802K(30272K)->29802K(30272K) NonClass: 24395K(24640K)->24395K(24640K) Class: 5407K(5632K)->5407K(5632K)
[536.869s][info][gc             ] GC(119) Pause Young (Normal) (G1 Evacuation Pause) 7106M->2590M(8192M) 153.408ms
[536.869s][info][gc,cpu         ] GC(119) User=1.21s Sys=0.00s Real=0.15s
...[539.699s][info][gc,start       ] GC(120) Pause Young (Normal) (G1 Evacuation Pause)
[539.699s][info][gc,task        ] GC(120) Using 8 workers of 8 for evacuation
[539.858s][info][gc,phases      ] GC(120)   Pre Evacuate Collection Set: 0.26ms
[539.858s][info][gc,phases      ] GC(120)   Merge Heap Roots: 0.51ms
[539.858s][info][gc,phases      ] GC(120)   Evacuate Collection Set: 157.07ms
[539.858s][info][gc,phases      ] GC(120)   Post Evacuate Collection Set: 1.05ms
[539.858s][info][gc,phases      ] GC(120)   Other: 0.06ms
[539.858s][info][gc,heap        ] GC(120) Eden regions: 571->0(568)
[539.858s][info][gc,heap        ] GC(120) Survivor regions: 43->46(77)
[539.858s][info][gc,heap        ] GC(120) Old regions: 250->257
[539.858s][info][gc,heap        ] GC(120) Humongous regions: 33->33
[539.858s][info][gc,metaspace   ] GC(120) Metaspace: 29802K(30272K)->29802K(30272K) NonClass: 24395K(24640K)->24395K(24640K) Class: 5407K(5632K)->5407K(5632K)
[539.858s][info][gc             ] GC(120) Pause Young (Normal) (G1 Evacuation Pause) 7158M->2670M(8192M) 159.116ms
[539.859s][info][gc,cpu         ] GC(120) User=1.26s Sys=0.00s Real=0.16s
... (rIR:aIR:PR = 12832:13366:13185) (tPR = 196759) [OK] 
   542s:       trying IR =  13089 [542.700s][info][gc,start       ] GC(121) Pause Young (Normal) (G1 Evacuation Pause)
[542.700s][info][gc,task        ] GC(121) Using 8 workers of 8 for evacuation
[542.860s][info][gc,phases      ] GC(121)   Pre Evacuate Collection Set: 0.23ms
[542.860s][info][gc,phases      ] GC(121)   Merge Heap Roots: 0.55ms
[542.860s][info][gc,phases      ] GC(121)   Evacuate Collection Set: 157.98ms
[542.860s][info][gc,phases      ] GC(121)   Post Evacuate Collection Set: 1.03ms
[542.860s][info][gc,phases      ] GC(121)   Other: 0.06ms
[542.860s][info][gc,heap        ] GC(121) Eden regions: 568->0(569)
[542.860s][info][gc,heap        ] GC(121) Survivor regions: 46->45(77)
[542.860s][info][gc,heap        ] GC(121) Old regions: 257->264
[542.860s][info][gc,heap        ] GC(121) Humongous regions: 33->33
[542.860s][info][gc,metaspace   ] GC(121) Metaspace: 29802K(30272K)->29802K(30272K) NonClass: 24395K(24640K)->24395K(24640K) Class: 5407K(5632K)->5407K(5632K)
[542.860s][info][gc             ] GC(121) Pause Young (Normal) (G1 Evacuation Pause) 7214M->2722M(8192M) 159.979ms
[542.860s][info][gc,cpu         ] GC(121) User=1.27s Sys=0.00s Real=0.16s
...[545.739s][info][gc,start       ] GC(122) Pause Young (Normal) (G1 Evacuation Pause)
[545.739s][info][gc,task        ] GC(122) Using 8 workers of 8 for evacuation
[545.889s][info][gc,phases      ] GC(122)   Pre Evacuate Collection Set: 0.27ms
[545.889s][info][gc,phases      ] GC(122)   Merge Heap Roots: 0.52ms
[545.889s][info][gc,phases      ] GC(122)   Evacuate Collection Set: 148.12ms
[545.889s][info][gc,phases      ] GC(122)   Post Evacuate Collection Set: 1.03ms
[545.889s][info][gc,phases      ] GC(122)   Other: 0.06ms
[545.889s][info][gc,heap        ] GC(122) Eden regions: 569->0(572)
[545.889s][info][gc,heap        ] GC(122) Survivor regions: 45->42(77)
[545.889s][info][gc,heap        ] GC(122) Old regions: 264->271
[545.889s][info][gc,heap        ] GC(122) Humongous regions: 33->33
[545.889s][info][gc,metaspace   ] GC(122) Metaspace: 29802K(30272K)->29802K(30272K) NonClass: 24395K(24640K)->24395K(24640K) Class: 5407K(5632K)->5407K(5632K)
[545.889s][info][gc             ] GC(122) Pause Young (Normal) (G1 Evacuation Pause) 7274M->2756M(8192M) 150.130ms
[545.889s][info][gc,cpu         ] GC(122) User=1.19s Sys=0.00s Real=0.15s
.. (rIR:aIR:PR = 13089:13142:13203) (tPR = 204006) [OK] 
   547s:       trying IR =  13397 .[548.641s][info][gc,start       ] GC(123) Pause Young (Normal) (G1 Evacuation Pause)
[548.641s][info][gc,task        ] GC(123) Using 8 workers of 8 for evacuation
[548.803s][info][gc,phases      ] GC(123)   Pre Evacuate Collection Set: 0.24ms
[548.803s][info][gc,phases      ] GC(123)   Merge Heap Roots: 0.54ms
[548.803s][info][gc,phases      ] GC(123)   Evacuate Collection Set: 160.95ms
[548.803s][info][gc,phases      ] GC(123)   Post Evacuate Collection Set: 1.05ms
[548.803s][info][gc,phases      ] GC(123)   Other: 0.06ms
[548.803s][info][gc,heap        ] GC(123) Eden regions: 572->0(569)
[548.803s][info][gc,heap        ] GC(123) Survivor regions: 42->45(77)
[548.803s][info][gc,heap        ] GC(123) Old regions: 271->279
[548.803s][info][gc,heap        ] GC(123) Humongous regions: 33->33
[548.803s][info][gc,metaspace   ] GC(123) Metaspace: 29802K(30272K)->29802K(30272K) NonClass: 24395K(24640K)->24395K(24640K) Class: 5407K(5632K)->5407K(5632K)
[548.803s][info][gc             ] GC(123) Pause Young (Normal) (G1 Evacuation Pause) 7332M->2837M(8192M) 162.988ms
[548.804s][info][gc,cpu         ] GC(123) User=1.29s Sys=0.01s Real=0.16s
...[551.715s][info][gc,start       ] GC(124) Pause Young (Normal) (G1 Evacuation Pause)
[551.715s][info][gc,task        ] GC(124) Using 8 workers of 8 for evacuation
[551.872s][info][gc,phases      ] GC(124)   Pre Evacuate Collection Set: 0.24ms
[551.872s][info][gc,phases      ] GC(124)   Merge Heap Roots: 0.53ms
[551.872s][info][gc,phases      ] GC(124)   Evacuate Collection Set: 155.73ms
[551.873s][info][gc,phases      ] GC(124)   Post Evacuate Collection Set: 1.12ms
[551.873s][info][gc,phases      ] GC(124)   Other: 0.06ms
[551.873s][info][gc,heap        ] GC(124) Eden regions: 569->0(564)
[551.873s][info][gc,heap        ] GC(124) Survivor regions: 45->45(77)
[551.873s][info][gc,heap        ] GC(124) Old regions: 279->285
[551.873s][info][gc,heap        ] GC(124) Humongous regions: 33->33
[551.873s][info][gc,metaspace   ] GC(124) Metaspace: 29802K(30272K)->29802K(30272K) NonClass: 24395K(24640K)->24395K(24640K) Class: 5407K(5632K)->5407K(5632K)
[551.873s][info][gc             ] GC(124) Pause Young (Normal) (G1 Evacuation Pause) 7389M->2892M(8192M) 157.803ms
[551.873s][info][gc,cpu         ] GC(124) User=1.25s Sys=0.00s Real=0.15s
...[554.772s][info][gc,start       ] GC(125) Pause Young (Normal) (G1 Evacuation Pause)
[554.772s][info][gc,task        ] GC(125) Using 8 workers of 8 for evacuation
[554.931s][info][gc,phases      ] GC(125)   Pre Evacuate Collection Set: 0.24ms
[554.931s][info][gc,phases      ] GC(125)   Merge Heap Roots: 0.53ms
[554.931s][info][gc,phases      ] GC(125)   Evacuate Collection Set: 157.75ms
[554.931s][info][gc,phases      ] GC(125)   Post Evacuate Collection Set: 1.03ms
[554.931s][info][gc,phases      ] GC(125)   Other: 0.06ms
[554.931s][info][gc,heap        ] GC(125) Eden regions: 564->0(558)
[554.931s][info][gc,heap        ] GC(125) Survivor regions: 45->44(77)
[554.931s][info][gc,heap        ] GC(125) Old regions: 285->293
[554.931s][info][gc,heap        ] GC(125) Humongous regions: 33->33
[554.931s][info][gc,metaspace   ] GC(125) Metaspace: 29802K(30272K)->29802K(30272K) NonClass: 24395K(24640K)->24395K(24640K) Class: 5407K(5632K)->5407K(5632K)
[554.931s][info][gc             ] GC(125) Pause Young (Normal) (G1 Evacuation Pause) 7404M->2943M(8192M) 159.743ms
[554.931s][info][gc,cpu         ] GC(125) User=1.27s Sys=0.00s Real=0.16s
...[557.699s][info][gc,start       ] GC(126) Pause Young (Normal) (G1 Evacuation Pause)
[557.699s][info][gc,task        ] GC(126) Using 8 workers of 8 for evacuation
[557.850s][info][gc,phases      ] GC(126)   Pre Evacuate Collection Set: 0.24ms
[557.850s][info][gc,phases      ] GC(126)   Merge Heap Roots: 0.51ms
[557.850s][info][gc,phases      ] GC(126)   Evacuate Collection Set: 148.77ms
[557.850s][info][gc,phases      ] GC(126)   Post Evacuate Collection Set: 1.03ms
[557.850s][info][gc,phases      ] GC(126)   Other: 0.06ms
[557.850s][info][gc,heap        ] GC(126) Eden regions: 558->0(553)
[557.850s][info][gc,heap        ] GC(126) Survivor regions: 44->43(76)
[557.850s][info][gc,heap        ] GC(126) Old regions: 293->300
[557.850s][info][gc,heap        ] GC(126) Humongous regions: 33->33
[557.850s][info][gc,metaspace   ] GC(126) Metaspace: 29802K(30272K)->29802K(30272K) NonClass: 24395K(24640K)->24395K(24640K) Class: 5407K(5632K)->5407K(5632K)
[557.850s][info][gc             ] GC(126) Pause Young (Normal) (G1 Evacuation Pause) 7407M->2992M(8192M) 150.740ms
[557.850s][info][gc,cpu         ] GC(126) User=1.20s Sys=0.00s Real=0.15s
...[560.641s][info][gc,start       ] GC(127) Pause Young (Normal) (G1 Evacuation Pause)
[560.641s][info][gc,task        ] GC(127) Using 8 workers of 8 for evacuation
[560.794s][info][gc,phases      ] GC(127)   Pre Evacuate Collection Set: 0.23ms
[560.794s][info][gc,phases      ] GC(127)   Merge Heap Roots: 0.51ms
[560.794s][info][gc,phases      ] GC(127)   Evacuate Collection Set: 151.15ms
[560.794s][info][gc,phases      ] GC(127)   Post Evacuate Collection Set: 1.01ms
[560.794s][info][gc,phases      ] GC(127)   Other: 0.06ms
[560.794s][info][gc,heap        ] GC(127) Eden regions: 553->0(546)
[560.794s][info][gc,heap        ] GC(127) Survivor regions: 43->43(75)
[560.794s][info][gc,heap        ] GC(127) Old regions: 300->307
[560.794s][info][gc,heap        ] GC(127) Humongous regions: 33->33
[560.794s][info][gc,metaspace   ] GC(127) Metaspace: 29802K(30272K)->29802K(30272K) NonClass: 24395K(24640K)->24395K(24640K) Class: 5407K(5632K)->5407K(5632K)
[560.794s][info][gc             ] GC(127) Pause Young (Normal) (G1 Evacuation Pause) 7416M->3052M(8192M) 153.085ms
[560.794s][info][gc,cpu         ] GC(127) User=1.22s Sys=0.00s Real=0.15s
...[563.508s][info][gc,start       ] GC(128) Pause Young (Normal) (G1 Evacuation Pause)
[563.508s][info][gc,task        ] GC(128) Using 8 workers of 8 for evacuation
[563.660s][info][gc,phases      ] GC(128)   Pre Evacuate Collection Set: 0.23ms
[563.660s][info][gc,phases      ] GC(128)   Merge Heap Roots: 0.51ms
[563.660s][info][gc,phases      ] GC(128)   Evacuate Collection Set: 149.78ms
[563.660s][info][gc,phases      ] GC(128)   Post Evacuate Collection Set: 0.99ms
[563.660s][info][gc,phases      ] GC(128)   Other: 0.06ms
[563.660s][info][gc,heap        ] GC(128) Eden regions: 546->0(536)
[563.660s][info][gc,heap        ] GC(128) Survivor regions: 43->44(74)
[563.660s][info][gc,heap        ] GC(128) Old regions: 307->315
[563.660s][info][gc,heap        ] GC(128) Humongous regions: 33->33
[563.660s][info][gc,metaspace   ] GC(128) Metaspace: 29802K(30272K)->29802K(30272K) NonClass: 24395K(24640K)->24395K(24640K) Class: 5407K(5632K)->5407K(5632K)
[563.660s][info][gc             ] GC(128) Pause Young (Normal) (G1 Evacuation Pause) 7420M->3113M(8192M) 151.705ms
[563.660s][info][gc,cpu         ] GC(128) User=1.20s Sys=0.00s Real=0.15s
.. (rIR:aIR:PR = 13397:13133:12867) (tPR = 190115) [OK] 
   565s:       trying IR =  13767 [566.309s][info][gc,start       ] GC(129) Pause Young (Normal) (G1 Evacuation Pause)
[566.309s][info][gc,task        ] GC(129) Using 8 workers of 8 for evacuation
[566.466s][info][gc,phases      ] GC(129)   Pre Evacuate Collection Set: 0.22ms
[566.466s][info][gc,phases      ] GC(129)   Merge Heap Roots: 0.51ms
[566.466s][info][gc,phases      ] GC(129)   Evacuate Collection Set: 154.57ms
[566.466s][info][gc,phases      ] GC(129)   Post Evacuate Collection Set: 1.03ms
[566.466s][info][gc,phases      ] GC(129)   Other: 0.06ms
[566.466s][info][gc,heap        ] GC(129) Eden regions: 536->0(527)
[566.466s][info][gc,heap        ] GC(129) Survivor regions: 44->45(73)
[566.466s][info][gc,heap        ] GC(129) Old regions: 315->322
[566.466s][info][gc,heap        ] GC(129) Humongous regions: 33->33
[566.466s][info][gc,metaspace   ] GC(129) Metaspace: 29802K(30272K)->29802K(30272K) NonClass: 24395K(24640K)->24395K(24640K) Class: 5407K(5632K)->5407K(5632K)
[566.466s][info][gc             ] GC(129) Pause Young (Normal) (G1 Evacuation Pause) 7401M->3180M(8192M) 156.511ms
[566.466s][info][gc,cpu         ] GC(129) User=1.24s Sys=0.00s Real=0.16s
...[569.099s][info][gc,start       ] GC(130) Pause Young (Normal) (G1 Evacuation Pause)
[569.099s][info][gc,task        ] GC(130) Using 8 workers of 8 for evacuation
[569.251s][info][gc,phases      ] GC(130)   Pre Evacuate Collection Set: 0.24ms
[569.251s][info][gc,phases      ] GC(130)   Merge Heap Roots: 0.50ms
[569.251s][info][gc,phases      ] GC(130)   Evacuate Collection Set: 150.08ms
[569.251s][info][gc,phases      ] GC(130)   Post Evacuate Collection Set: 1.00ms
[569.251s][info][gc,phases      ] GC(130)   Other: 0.06ms
[569.251s][info][gc,heap        ] GC(130) Eden regions: 527->0(524)
[569.251s][info][gc,heap        ] GC(130) Survivor regions: 45->43(72)
[569.251s][info][gc,heap        ] GC(130) Old regions: 322->329
[569.251s][info][gc,heap        ] GC(130) Humongous regions: 33->33
[569.251s][info][gc,metaspace   ] GC(130) Metaspace: 29802K(30272K)->29802K(30272K) NonClass: 24395K(24640K)->24395K(24640K) Class: 5407K(5632K)->5407K(5632K)
[569.251s][info][gc             ] GC(130) Pause Young (Normal) (G1 Evacuation Pause) 7396M->3228M(8192M) 152.007ms
[569.251s][info][gc,cpu         ] GC(130) User=1.20s Sys=0.00s Real=0.15s
.. (rIR:aIR:PR = 13767:13648:13189) (tPR = 187349) [OK] 
   570s:       trying IR =  14210 .[571.911s][info][gc,start       ] GC(131) Pause Young (Normal) (G1 Evacuation Pause)
[571.911s][info][gc,task        ] GC(131) Using 8 workers of 8 for evacuation
[572.068s][info][gc,phases      ] GC(131)   Pre Evacuate Collection Set: 0.22ms
[572.068s][info][gc,phases      ] GC(131)   Merge Heap Roots: 0.53ms
[572.068s][info][gc,phases      ] GC(131)   Evacuate Collection Set: 155.45ms
[572.068s][info][gc,phases      ] GC(131)   Post Evacuate Collection Set: 1.00ms
[572.068s][info][gc,phases      ] GC(131)   Other: 0.06ms
[572.068s][info][gc,heap        ] GC(131) Eden regions: 524->0(514)
[572.068s][info][gc,heap        ] GC(131) Survivor regions: 43->44(71)
[572.068s][info][gc,heap        ] GC(131) Old regions: 329->337
[572.068s][info][gc,heap        ] GC(131) Humongous regions: 33->33
[572.068s][info][gc,metaspace   ] GC(131) Metaspace: 29802K(30272K)->29802K(30272K) NonClass: 24395K(24640K)->24395K(24640K) Class: 5407K(5632K)->5407K(5632K)
[572.069s][info][gc             ] GC(131) Pause Young (Normal) (G1 Evacuation Pause) 7420M->3293M(8192M) 157.417ms
[572.069s][info][gc,cpu         ] GC(131) User=1.24s Sys=0.00s Real=0.16s
...[574.693s][info][gc,start       ] GC(132) Pause Young (Normal) (G1 Evacuation Pause)
[574.693s][info][gc,task        ] GC(132) Using 8 workers of 8 for evacuation
[574.845s][info][gc,phases      ] GC(132)   Pre Evacuate Collection Set: 0.22ms
[574.845s][info][gc,phases      ] GC(132)   Merge Heap Roots: 0.50ms
[574.845s][info][gc,phases      ] GC(132)   Evacuate Collection Set: 150.29ms
[574.845s][info][gc,phases      ] GC(132)   Post Evacuate Collection Set: 0.95ms
[574.845s][info][gc,phases      ] GC(132)   Other: 0.06ms
[574.845s][info][gc,heap        ] GC(132) Eden regions: 514->0(510)
[574.845s][info][gc,heap        ] GC(132) Survivor regions: 44->42(70)
[574.845s][info][gc,heap        ] GC(132) Old regions: 337->345
[574.845s][info][gc,heap        ] GC(132) Humongous regions: 33->33
[574.845s][info][gc,metaspace   ] GC(132) Metaspace: 29802K(30272K)->29802K(30272K) NonClass: 24395K(24640K)->24395K(24640K) Class: 5407K(5632K)->5407K(5632K)
[574.845s][info][gc             ] GC(132) Pause Young (Normal) (G1 Evacuation Pause) 7405M->3342M(8192M) 152.168ms
[574.845s][info][gc,cpu         ] GC(132) User=1.21s Sys=0.00s Real=0.16s
..[577.410s][info][gc,start       ] GC(133) Pause Young (Normal) (G1 Evacuation Pause)
[577.410s][info][gc,task        ] GC(133) Using 8 workers of 8 for evacuation
[577.558s][info][gc,phases      ] GC(133)   Pre Evacuate Collection Set: 0.25ms
[577.558s][info][gc,phases      ] GC(133)   Merge Heap Roots: 0.49ms
[577.558s][info][gc,phases      ] GC(133)   Evacuate Collection Set: 145.78ms
[577.558s][info][gc,phases      ] GC(133)   Post Evacuate Collection Set: 0.98ms
[577.558s][info][gc,phases      ] GC(133)   Other: 0.06ms
[577.558s][info][gc,heap        ] GC(133) Eden regions: 510->0(502)
[577.558s][info][gc,heap        ] GC(133) Survivor regions: 42->42(69)
[577.558s][info][gc,heap        ] GC(133) Old regions: 345->353
[577.558s][info][gc,heap        ] GC(133) Humongous regions: 33->33
[577.558s][info][gc,metaspace   ] GC(133) Metaspace: 29803K(30272K)->29803K(30272K) NonClass: 24395K(24640K)->24395K(24640K) Class: 5407K(5632K)->5407K(5632K)
[577.558s][info][gc             ] GC(133) Pause Young (Normal) (G1 Evacuation Pause) 7422M->3408M(8192M) 147.688ms
[577.558s][info][gc,cpu         ] GC(133) User=1.17s Sys=0.00s Real=0.15s
...[579.926s][info][gc,start       ] GC(134) Pause Young (Normal) (G1 Evacuation Pause)
[579.926s][info][gc,task        ] GC(134) Using 8 workers of 8 for evacuation
[580.084s][info][gc,phases      ] GC(134)   Pre Evacuate Collection Set: 0.22ms
[580.084s][info][gc,phases      ] GC(134)   Merge Heap Roots: 0.51ms
[580.084s][info][gc,phases      ] GC(134)   Evacuate Collection Set: 155.62ms
[580.084s][info][gc,phases      ] GC(134)   Post Evacuate Collection Set: 0.98ms
[580.084s][info][gc,phases      ] GC(134)   Other: 0.06ms
[580.084s][info][gc,heap        ] GC(134) Eden regions: 502->0(491)
[580.084s][info][gc,heap        ] GC(134) Survivor regions: 42->44(68)
[580.084s][info][gc,heap        ] GC(134) Old regions: 353->360
[580.084s][info][gc,heap        ] GC(134) Humongous regions: 33->33
[580.084s][info][gc,metaspace   ] GC(134) Metaspace: 29803K(30272K)->29803K(30272K) NonClass: 24395K(24640K)->24395K(24640K) Class: 5407K(5632K)->5407K(5632K)
[580.084s][info][gc             ] GC(134) Pause Young (Normal) (G1 Evacuation Pause) 7424M->3484M(8192M) 157.526ms
[580.084s][info][gc,cpu         ] GC(134) User=1.25s Sys=0.00s Real=0.15s
...[582.594s][info][gc,start       ] GC(135) Pause Young (Normal) (G1 Evacuation Pause)
[582.594s][info][gc,task        ] GC(135) Using 8 workers of 8 for evacuation
[582.750s][info][gc,phases      ] GC(135)   Pre Evacuate Collection Set: 0.20ms
[582.750s][info][gc,phases      ] GC(135)   Merge Heap Roots: 0.50ms
[582.750s][info][gc,phases      ] GC(135)   Evacuate Collection Set: 154.41ms
[582.750s][info][gc,phases      ] GC(135)   Post Evacuate Collection Set: 1.00ms
[582.750s][info][gc,phases      ] GC(135)   Other: 0.06ms
[582.750s][info][gc,heap        ] GC(135) Eden regions: 491->0(483)
[582.750s][info][gc,heap        ] GC(135) Survivor regions: 44->44(67)
[582.750s][info][gc,heap        ] GC(135) Old regions: 360->368
[582.750s][info][gc,heap        ] GC(135) Humongous regions: 33->33
[582.750s][info][gc,metaspace   ] GC(135) Metaspace: 29803K(30272K)->29803K(30272K) NonClass: 24396K(24640K)->24396K(24640K) Class: 5407K(5632K)->5407K(5632K)
[582.750s][info][gc             ] GC(135) Pause Young (Normal) (G1 Evacuation Pause) 7412M->3544M(8192M) 156.289ms
[582.751s][info][gc,cpu         ] GC(135) User=1.24s Sys=0.00s Real=0.16s
..[585.209s][info][gc,start       ] GC(136) Pause Young (Normal) (G1 Evacuation Pause)
[585.209s][info][gc,task        ] GC(136) Using 8 workers of 8 for evacuation
[585.354s][info][gc,phases      ] GC(136)   Pre Evacuate Collection Set: 0.21ms
[585.354s][info][gc,phases      ] GC(136)   Merge Heap Roots: 0.50ms
[585.354s][info][gc,phases      ] GC(136)   Evacuate Collection Set: 143.86ms
[585.354s][info][gc,phases      ] GC(136)   Post Evacuate Collection Set: 0.97ms
[585.354s][info][gc,phases      ] GC(136)   Other: 0.06ms
[585.354s][info][gc,heap        ] GC(136) Eden regions: 483->0(481)
[585.354s][info][gc,heap        ] GC(136) Survivor regions: 44->41(66)
[585.354s][info][gc,heap        ] GC(136) Old regions: 368->376
[585.354s][info][gc,heap        ] GC(136) Humongous regions: 33->33
[585.354s][info][gc,metaspace   ] GC(136) Metaspace: 29803K(30272K)->29803K(30272K) NonClass: 24396K(24640K)->24396K(24640K) Class: 5407K(5632K)->5407K(5632K)
[585.354s][info][gc             ] GC(136) Pause Young (Normal) (G1 Evacuation Pause) 7408M->3584M(8192M) 145.752ms
[585.355s][info][gc,cpu         ] GC(136) User=1.15s Sys=0.01s Real=0.15s
...[587.703s][info][gc,start       ] GC(137) Pause Young (Normal) (G1 Evacuation Pause)
[587.703s][info][gc,task        ] GC(137) Using 8 workers of 8 for evacuation
[587.858s][info][gc,phases      ] GC(137)   Pre Evacuate Collection Set: 0.22ms
[587.858s][info][gc,phases      ] GC(137)   Merge Heap Roots: 0.49ms
[587.858s][info][gc,phases      ] GC(137)   Evacuate Collection Set: 153.36ms
[587.858s][info][gc,phases      ] GC(137)   Post Evacuate Collection Set: 0.96ms
[587.858s][info][gc,phases      ] GC(137)   Other: 0.06ms
[587.858s][info][gc,heap        ] GC(137) Eden regions: 481->0(469)
[587.858s][info][gc,heap        ] GC(137) Survivor regions: 41->43(66)
[587.858s][info][gc,heap        ] GC(137) Old regions: 376->384
[587.858s][info][gc,heap        ] GC(137) Humongous regions: 33->33
[587.858s][info][gc,metaspace   ] GC(137) Metaspace: 29804K(30272K)->29804K(30272K) NonClass: 24396K(24640K)->24396K(24640K) Class: 5407K(5632K)->5407K(5632K)
[587.858s][info][gc             ] GC(137) Pause Young (Normal) (G1 Evacuation Pause) 7432M->3666M(8192M) 155.227ms
[587.858s][info][gc,cpu         ] GC(137) User=1.23s Sys=0.00s Real=0.16s
..[590.226s][info][gc,start       ] GC(138) Pause Young (Normal) (G1 Evacuation Pause)
[590.226s][info][gc,task        ] GC(138) Using 8 workers of 8 for evacuation
[590.369s][info][gc,phases      ] GC(138)   Pre Evacuate Collection Set: 0.22ms
[590.369s][info][gc,phases      ] GC(138)   Merge Heap Roots: 0.50ms
[590.369s][info][gc,phases      ] GC(138)   Evacuate Collection Set: 141.15ms
[590.369s][info][gc,phases      ] GC(138)   Post Evacuate Collection Set: 0.91ms
[590.369s][info][gc,phases      ] GC(138)   Other: 0.06ms
[590.369s][info][gc,heap        ] GC(138) Eden regions: 469->0(467)
[590.369s][info][gc,heap        ] GC(138) Survivor regions: 43->40(64)
[590.369s][info][gc,heap        ] GC(138) Old regions: 384->392
[590.369s][info][gc,heap        ] GC(138) Humongous regions: 33->33
[590.369s][info][gc,metaspace   ] GC(138) Metaspace: 29804K(30272K)->29804K(30272K) NonClass: 24396K(24640K)->24396K(24640K) Class: 5407K(5632K)->5407K(5632K)
[590.369s][info][gc             ] GC(138) Pause Young (Normal) (G1 Evacuation Pause) 7418M->3705M(8192M) 142.963ms
[590.369s][info][gc,cpu         ] GC(138) User=1.13s Sys=0.00s Real=0.14s
...[592.804s][info][gc,start       ] GC(139) Pause Young (Normal) (G1 Evacuation Pause)
[592.804s][info][gc,task        ] GC(139) Using 8 workers of 8 for evacuation
[592.951s][info][gc,phases      ] GC(139)   Pre Evacuate Collection Set: 0.22ms
[592.951s][info][gc,phases      ] GC(139)   Merge Heap Roots: 0.49ms
[592.951s][info][gc,phases      ] GC(139)   Evacuate Collection Set: 145.09ms
[592.951s][info][gc,phases      ] GC(139)   Post Evacuate Collection Set: 0.91ms
[592.951s][info][gc,phases      ] GC(139)   Other: 0.06ms
[592.951s][info][gc,heap        ] GC(139) Eden regions: 467->0(459)
[592.951s][info][gc,heap        ] GC(139) Survivor regions: 40->40(64)
[592.951s][info][gc,heap        ] GC(139) Old regions: 392->400
[592.951s][info][gc,heap        ] GC(139) Humongous regions: 33->33
[592.951s][info][gc,metaspace   ] GC(139) Metaspace: 29804K(30272K)->29804K(30272K) NonClass: 24396K(24640K)->24396K(24640K) Class: 5407K(5632K)->5407K(5632K)
[592.951s][info][gc             ] GC(139) Pause Young (Normal) (G1 Evacuation Pause) 7441M->3772M(8192M) 146.884ms
[592.951s][info][gc,cpu         ] GC(139) User=1.17s Sys=0.00s Real=0.15s
..[595.232s][info][gc,start       ] GC(140) Pause Young (Normal) (G1 Evacuation Pause)
[595.232s][info][gc,task        ] GC(140) Using 8 workers of 8 for evacuation
[595.379s][info][gc,phases      ] GC(140)   Pre Evacuate Collection Set: 0.22ms
[595.379s][info][gc,phases      ] GC(140)   Merge Heap Roots: 0.50ms
[595.379s][info][gc,phases      ] GC(140)   Evacuate Collection Set: 145.87ms
[595.379s][info][gc,phases      ] GC(140)   Post Evacuate Collection Set: 0.90ms
[595.379s][info][gc,phases      ] GC(140)   Other: 0.06ms
[595.379s][info][gc,heap        ] GC(140) Eden regions: 459->0(449)
[595.379s][info][gc,heap        ] GC(140) Survivor regions: 40->41(63)
[595.379s][info][gc,heap        ] GC(140) Old regions: 400->408
[595.379s][info][gc,heap        ] GC(140) Humongous regions: 33->33
[595.379s][info][gc,metaspace   ] GC(140) Metaspace: 29804K(30272K)->29804K(30272K) NonClass: 24397K(24640K)->24397K(24640K) Class: 5407K(5632K)->5407K(5632K)
[595.379s][info][gc             ] GC(140) Pause Young (Normal) (G1 Evacuation Pause) 7444M->3840M(8192M) 147.687ms
[595.379s][info][gc,cpu         ] GC(140) User=1.17s Sys=0.00s Real=0.15s
...[597.665s][info][gc,start       ] GC(141) Pause Young (Normal) (G1 Evacuation Pause)
[597.665s][info][gc,task        ] GC(141) Using 8 workers of 8 for evacuation
[597.816s][info][gc,phases      ] GC(141)   Pre Evacuate Collection Set: 0.22ms
[597.816s][info][gc,phases      ] GC(141)   Merge Heap Roots: 0.51ms
[597.816s][info][gc,phases      ] GC(141)   Evacuate Collection Set: 149.58ms
[597.816s][info][gc,phases      ] GC(141)   Post Evacuate Collection Set: 0.89ms
[597.816s][info][gc,phases      ] GC(141)   Other: 0.06ms
[597.816s][info][gc,heap        ] GC(141) Eden regions: 449->0(440)
[597.816s][info][gc,heap        ] GC(141) Survivor regions: 41->41(62)
[597.816s][info][gc,heap        ] GC(141) Old regions: 408->417
[597.816s][info][gc,heap        ] GC(141) Humongous regions: 33->33
[597.816s][info][gc,metaspace   ] GC(141) Metaspace: 29804K(30272K)->29804K(30272K) NonClass: 24397K(24640K)->24397K(24640K) Class: 5407K(5632K)->5407K(5632K)
[597.816s][info][gc             ] GC(141) Pause Young (Normal) (G1 Evacuation Pause) 7432M->3905M(8192M) 151.390ms
[597.816s][info][gc,cpu         ] GC(141) User=1.20s Sys=0.00s Real=0.15s
..[600.058s][info][gc,start       ] GC(142) Pause Young (Normal) (G1 Evacuation Pause)
[600.058s][info][gc,task        ] GC(142) Using 8 workers of 8 for evacuation
[600.210s][info][gc,phases      ] GC(142)   Pre Evacuate Collection Set: 0.20ms
[600.210s][info][gc,phases      ] GC(142)   Merge Heap Roots: 0.48ms
[600.210s][info][gc,phases      ] GC(142)   Evacuate Collection Set: 150.37ms
[600.210s][info][gc,phases      ] GC(142)   Post Evacuate Collection Set: 0.88ms
[600.210s][info][gc,phases      ] GC(142)   Other: 0.06ms
[600.210s][info][gc,heap        ] GC(142) Eden regions: 440->0(430)
[600.210s][info][gc,heap        ] GC(142) Survivor regions: 41->42(61)
[600.210s][info][gc,heap        ] GC(142) Old regions: 417->425
[600.210s][info][gc,heap        ] GC(142) Humongous regions: 33->33
[600.210s][info][gc,metaspace   ] GC(142) Metaspace: 29805K(30272K)->29805K(30272K) NonClass: 24398K(24640K)->24398K(24640K) Class: 5407K(5632K)->5407K(5632K)
[600.210s][info][gc             ] GC(142) Pause Young (Normal) (G1 Evacuation Pause) 7425M->3985M(8192M) 152.115ms
[600.210s][info][gc,cpu         ] GC(142) User=1.21s Sys=0.00s Real=0.15s
. (rIR:aIR:PR = 14210:14434:12312) (tPR = 180885) [PR is under limit] 
   600s: Re-initializing (term) [600.685s][info][gc,start       ] GC(143) Pause Full (System.gc())
[600.685s][info][gc,task        ] GC(143) Using 8 workers of 8 for full compaction
[600.685s][info][gc,phases,start] GC(143) Phase 1: Mark live objects
[600.703s][info][gc,phases      ] GC(143) Phase 1: Mark live objects 18.360ms
[600.703s][info][gc,phases,start] GC(143) Phase 2: Prepare compaction
[600.709s][info][gc,phases      ] GC(143) Phase 2: Prepare compaction 5.770ms
[600.709s][info][gc,phases,start] GC(143) Phase 3: Adjust pointers
[600.720s][info][gc,phases      ] GC(143) Phase 3: Adjust pointers 11.262ms
[600.721s][info][gc,phases,start] GC(143) Phase 4: Compact heap
[600.726s][info][gc,phases      ] GC(143) Phase 4: Compact heap 5.780ms
[600.726s][info][gc,phases,start] GC(143) Phase 5: Reset Metadata
[600.730s][info][gc,phases      ] GC(143) Phase 5: Reset Metadata 3.748ms
[600.739s][info][gc,heap        ] GC(143) Eden regions: 87->0(614)
[600.739s][info][gc,heap        ] GC(143) Survivor regions: 42->0(61)
[600.739s][info][gc,heap        ] GC(143) Old regions: 425->13
[600.739s][info][gc,heap        ] GC(143) Humongous regions: 33->33
[600.739s][info][gc,metaspace   ] GC(143) Metaspace: 29808K(30272K)->29808K(30272K) NonClass: 24401K(24640K)->24401K(24640K) Class: 5407K(5632K)->5407K(5632K)
[600.739s][info][gc             ] GC(143) Pause Full (System.gc()) 4679M->333M(8192M) 54.053ms
[600.739s][info][gc,cpu         ] GC(143) User=0.35s Sys=0.00s Real=0.05s
(init) ... OK
   606s: Searching from base IR = 13767
   606s:       rampup IR =      0 ... (rIR:aIR:PR = 0:0:0) (tPR = 0) [OK] 
   609s:       rampup IR =   1377 .... (rIR:aIR:PR = 1377:1366:1366) (tPR = 20182) [OK] 
   613s:       rampup IR =   2753 .[614.667s][info][gc,start       ] GC(144) Pause Young (Normal) (G1 Evacuation Pause)
[614.667s][info][gc,task        ] GC(144) Using 8 workers of 8 for evacuation
[615.400s][info][gc,mmu         ] GC(144) MMU target violated: 201.0ms (200.0ms/201.0ms)
[615.400s][info][gc,phases      ] GC(144)   Pre Evacuate Collection Set: 0.24ms
[615.400s][info][gc,phases      ] GC(144)   Merge Heap Roots: 0.92ms
[615.400s][info][gc,phases      ] GC(144)   Evacuate Collection Set: 730.06ms
[615.400s][info][gc,phases      ] GC(144)   Post Evacuate Collection Set: 1.35ms
[615.400s][info][gc,phases      ] GC(144)   Other: 0.11ms
[615.400s][info][gc,heap        ] GC(144) Eden regions: 614->0(227)
[615.400s][info][gc,heap        ] GC(144) Survivor regions: 0->77(77)
[615.400s][info][gc,heap        ] GC(144) Old regions: 13->89
[615.400s][info][gc,heap        ] GC(144) Humongous regions: 86->81
[615.400s][info][gc,metaspace   ] GC(144) Metaspace: 29830K(30336K)->29830K(30336K) NonClass: 24421K(24704K)->24421K(24704K) Class: 5408K(5632K)->5408K(5632K)
[615.400s][info][gc             ] GC(144) Pause Young (Normal) (G1 Evacuation Pause) 5669M->1937M(8192M) 732.819ms
[615.400s][info][gc,cpu         ] GC(144) User=5.82s Sys=0.01s Real=0.73s
.... (rIR:aIR:PR = 2753:2760:2760) (tPR = 41042) [OK] 
   618s:       rampup IR =   4130 .[619.577s][info][gc,start       ] GC(145) Pause Young (Normal) (G1 Evacuation Pause)
[619.577s][info][gc,task        ] GC(145) Using 8 workers of 8 for evacuation
[619.919s][info][gc,mmu         ] GC(145) MMU target violated: 201.0ms (200.0ms/201.0ms)
[619.919s][info][gc,phases      ] GC(145)   Pre Evacuate Collection Set: 0.28ms
[619.919s][info][gc,phases      ] GC(145)   Merge Heap Roots: 0.77ms
[619.919s][info][gc,phases      ] GC(145)   Evacuate Collection Set: 340.00ms
[619.919s][info][gc,phases      ] GC(145)   Post Evacuate Collection Set: 0.66ms
[619.919s][info][gc,phases      ] GC(145)   Other: 0.09ms
[619.919s][info][gc,heap        ] GC(145) Eden regions: 225->0(196)
[619.919s][info][gc,heap        ] GC(145) Survivor regions: 77->16(38)
[619.919s][info][gc,heap        ] GC(145) Old regions: 89->167
[619.919s][info][gc,heap        ] GC(145) Humongous regions: 81->81
[619.919s][info][gc,metaspace   ] GC(145) Metaspace: 29830K(30336K)->29830K(30336K) NonClass: 24422K(24704K)->24422K(24704K) Class: 5408K(5632K)->5408K(5632K)
[619.919s][info][gc             ] GC(145) Pause Young (Normal) (G1 Evacuation Pause) 3737M->2077M(8192M) 341.923ms
[619.919s][info][gc,cpu         ] GC(145) User=2.71s Sys=0.00s Real=0.34s
... (rIR:aIR:PR = 4130:4129:4129) (tPR = 60583) [OK] 
   622s:       rampup IR =   5507 [622.915s][info][gc,start       ] GC(146) Pause Young (Normal) (G1 Evacuation Pause)
[622.915s][info][gc,task        ] GC(146) Using 8 workers of 8 for evacuation
[622.997s][info][gc,phases      ] GC(146)   Pre Evacuate Collection Set: 0.22ms
[622.997s][info][gc,phases      ] GC(146)   Merge Heap Roots: 0.37ms
[622.997s][info][gc,phases      ] GC(146)   Evacuate Collection Set: 80.31ms
[622.997s][info][gc,phases      ] GC(146)   Post Evacuate Collection Set: 0.71ms
[622.997s][info][gc,phases      ] GC(146)   Other: 0.05ms
[622.997s][info][gc,heap        ] GC(146) Eden regions: 215->0(187)
[622.997s][info][gc,heap        ] GC(146) Survivor regions: 16->27(29)
[622.997s][info][gc,heap        ] GC(146) Old regions: 167->167
[622.997s][info][gc,heap        ] GC(146) Humongous regions: 81->81
[622.997s][info][gc,metaspace   ] GC(146) Metaspace: 29830K(30336K)->29830K(30336K) NonClass: 24422K(24704K)->24422K(24704K) Class: 5408K(5632K)->5408K(5632K)
[622.997s][info][gc             ] GC(146) Pause Young (Normal) (G1 Evacuation Pause) 3797M->2161M(8192M) 81.784ms
[622.997s][info][gc,cpu         ] GC(146) User=0.65s Sys=0.00s Real=0.08s
..[625.370s][info][gc,start       ] GC(147) Pause Young (Normal) (G1 Evacuation Pause)
[625.370s][info][gc,task        ] GC(147) Using 8 workers of 8 for evacuation
[625.468s][info][gc,phases      ] GC(147)   Pre Evacuate Collection Set: 0.25ms
[625.468s][info][gc,phases      ] GC(147)   Merge Heap Roots: 0.39ms
[625.468s][info][gc,phases      ] GC(147)   Evacuate Collection Set: 96.61ms
[625.468s][info][gc,phases      ] GC(147)   Post Evacuate Collection Set: 0.62ms
[625.468s][info][gc,phases      ] GC(147)   Other: 0.05ms
[625.468s][info][gc,heap        ] GC(147) Eden regions: 199->0(223)
[625.468s][info][gc,heap        ] GC(147) Survivor regions: 27->25(29)
[625.468s][info][gc,heap        ] GC(147) Old regions: 167->177
[625.468s][info][gc,heap        ] GC(147) Humongous regions: 81->81
[625.468s][info][gc,metaspace   ] GC(147) Metaspace: 29830K(30336K)->29830K(30336K) NonClass: 24422K(24704K)->24422K(24704K) Class: 5408K(5632K)->5408K(5632K)
[625.468s][info][gc             ] GC(147) Pause Young (Normal) (G1 Evacuation Pause) 3753M->2221M(8192M) 98.075ms
[625.468s][info][gc,cpu         ] GC(147) User=0.77s Sys=0.00s Real=0.10s
.. (rIR:aIR:PR = 5507:5447:5447) (tPR = 82189) [OK] 
   626s:       rampup IR =   6884 .[628.061s][info][gc,start       ] GC(148) Pause Young (Normal) (G1 Evacuation Pause)
[628.061s][info][gc,task        ] GC(148) Using 8 workers of 8 for evacuation
[628.162s][info][gc,phases      ] GC(148)   Pre Evacuate Collection Set: 0.21ms
[628.162s][info][gc,phases      ] GC(148)   Merge Heap Roots: 0.41ms
[628.162s][info][gc,phases      ] GC(148)   Evacuate Collection Set: 99.88ms
[628.162s][info][gc,phases      ] GC(148)   Post Evacuate Collection Set: 0.68ms
[628.162s][info][gc,phases      ] GC(148)   Other: 0.06ms
[628.162s][info][gc,heap        ] GC(148) Eden regions: 249->0(267)
[628.162s][info][gc,heap        ] GC(148) Survivor regions: 25->27(35)
[628.162s][info][gc,heap        ] GC(148) Old regions: 177->185
[628.162s][info][gc,heap        ] GC(148) Humongous regions: 81->81
[628.163s][info][gc,metaspace   ] GC(148) Metaspace: 29833K(30336K)->29833K(30336K) NonClass: 24424K(24704K)->24424K(24704K) Class: 5408K(5632K)->5408K(5632K)
[628.163s][info][gc             ] GC(148) Pause Young (Normal) (G1 Evacuation Pause) 4213M->2301M(8192M) 101.396ms
[628.163s][info][gc,cpu         ] GC(148) User=0.80s Sys=0.00s Real=0.10s
... (rIR:aIR:PR = 6884:6871:6871) (tPR = 100970) [OK] 
   630s:       rampup IR =   8260 [630.982s][info][gc,start       ] GC(149) Pause Young (Normal) (G1 Evacuation Pause)
[630.982s][info][gc,task        ] GC(149) Using 8 workers of 8 for evacuation
[631.090s][info][gc,phases      ] GC(149)   Pre Evacuate Collection Set: 0.24ms
[631.090s][info][gc,phases      ] GC(149)   Merge Heap Roots: 0.43ms
[631.090s][info][gc,phases      ] GC(149)   Evacuate Collection Set: 105.72ms
[631.090s][info][gc,phases      ] GC(149)   Post Evacuate Collection Set: 0.73ms
[631.090s][info][gc,phases      ] GC(149)   Other: 0.06ms
[631.090s][info][gc,heap        ] GC(149) Eden regions: 297->0(349)
[631.090s][info][gc,heap        ] GC(149) Survivor regions: 27->29(41)
[631.090s][info][gc,heap        ] GC(149) Old regions: 185->192
[631.090s][info][gc,heap        ] GC(149) Humongous regions: 81->81
[631.090s][info][gc,metaspace   ] GC(149) Metaspace: 29833K(30336K)->29833K(30336K) NonClass: 24424K(24704K)->24424K(24704K) Class: 5408K(5632K)->5408K(5632K)
[631.090s][info][gc             ] GC(149) Pause Young (Normal) (G1 Evacuation Pause) 4677M->2375M(8192M) 107.303ms
[631.090s][info][gc,cpu         ] GC(149) User=0.85s Sys=0.00s Real=0.11s
...[633.922s][info][gc,start       ] GC(150) Pause Young (Normal) (G1 Evacuation Pause)
[633.922s][info][gc,task        ] GC(150) Using 8 workers of 8 for evacuation
[634.041s][info][gc,phases      ] GC(150)   Pre Evacuate Collection Set: 0.23ms
[634.041s][info][gc,phases      ] GC(150)   Merge Heap Roots: 0.42ms
[634.041s][info][gc,phases      ] GC(150)   Evacuate Collection Set: 116.85ms
[634.041s][info][gc,phases      ] GC(150)   Post Evacuate Collection Set: 0.75ms
[634.041s][info][gc,phases      ] GC(150)   Other: 0.06ms
[634.041s][info][gc,heap        ] GC(150) Eden regions: 363->0(383)
[634.041s][info][gc,heap        ] GC(150) Survivor regions: 29->33(49)
[634.041s][info][gc,heap        ] GC(150) Old regions: 192->199
[634.041s][info][gc,heap        ] GC(150) Humongous regions: 81->81
[634.041s][info][gc,metaspace   ] GC(150) Metaspace: 29833K(30336K)->29833K(30336K) NonClass: 24424K(24704K)->24424K(24704K) Class: 5408K(5632K)->5408K(5632K)
[634.041s][info][gc             ] GC(150) Pause Young (Normal) (G1 Evacuation Pause) 5279M->2458M(8192M) 118.432ms
[634.041s][info][gc,cpu         ] GC(150) User=0.94s Sys=0.00s Real=0.12s
. (rIR:aIR:PR = 8260:8410:8421) (tPR = 124925) [OK] 
   634s:       rampup IR =   9637 ..[636.818s][info][gc,start       ] GC(151) Pause Young (Normal) (G1 Evacuation Pause)
[636.818s][info][gc,task        ] GC(151) Using 8 workers of 8 for evacuation
[636.947s][info][gc,phases      ] GC(151)   Pre Evacuate Collection Set: 0.23ms
[636.947s][info][gc,phases      ] GC(151)   Merge Heap Roots: 0.43ms
[636.947s][info][gc,phases      ] GC(151)   Evacuate Collection Set: 126.93ms
[636.947s][info][gc,phases      ] GC(151)   Post Evacuate Collection Set: 0.81ms
[636.947s][info][gc,phases      ] GC(151)   Other: 0.07ms
[636.947s][info][gc,heap        ] GC(151) Eden regions: 388->0(419)
[636.947s][info][gc,heap        ] GC(151) Survivor regions: 33->35(53)
[636.947s][info][gc,heap        ] GC(151) Old regions: 199->206
[636.947s][info][gc,heap        ] GC(151) Humongous regions: 81->81
[636.947s][info][gc,metaspace   ] GC(151) Metaspace: 29833K(30336K)->29833K(30336K) NonClass: 24424K(24704K)->24424K(24704K) Class: 5408K(5632K)->5408K(5632K)
[636.947s][info][gc             ] GC(151) Pause Young (Normal) (G1 Evacuation Pause) 5562M->2534M(8192M) 128.590ms
[636.947s][info][gc,cpu         ] GC(151) User=1.02s Sys=0.00s Real=0.13s
... (rIR:aIR:PR = 9637:9595:9595) (tPR = 145097) [OK] 
   639s:       rampup IR =  11014 [639.731s][info][gc,start       ] GC(152) Pause Young (Normal) (G1 Evacuation Pause)
[639.731s][info][gc,task        ] GC(152) Using 8 workers of 8 for evacuation
[639.869s][info][gc,phases      ] GC(152)   Pre Evacuate Collection Set: 0.23ms
[639.869s][info][gc,phases      ] GC(152)   Merge Heap Roots: 0.46ms
[639.869s][info][gc,phases      ] GC(152)   Evacuate Collection Set: 135.74ms
[639.869s][info][gc,phases      ] GC(152)   Post Evacuate Collection Set: 0.95ms
[639.869s][info][gc,phases      ] GC(152)   Other: 0.06ms
[639.869s][info][gc,heap        ] GC(152) Eden regions: 420->0(443)
[639.869s][info][gc,heap        ] GC(152) Survivor regions: 35->38(57)
[639.869s][info][gc,heap        ] GC(152) Old regions: 206->213
[639.869s][info][gc,heap        ] GC(152) Humongous regions: 81->81
[639.869s][info][gc,metaspace   ] GC(152) Metaspace: 29833K(30336K)->29833K(30336K) NonClass: 24424K(24704K)->24424K(24704K) Class: 5408K(5632K)->5408K(5632K)
[639.869s][info][gc             ] GC(152) Pause Young (Normal) (G1 Evacuation Pause) 5894M->2621M(8192M) 137.575ms
[639.869s][info][gc,cpu         ] GC(152) User=1.09s Sys=0.00s Real=0.14s
..[642.497s][info][gc,start       ] GC(153) Pause Young (Normal) (G1 Evacuation Pause)
[642.497s][info][gc,task        ] GC(153) Using 8 workers of 8 for evacuation
[642.633s][info][gc,phases      ] GC(153)   Pre Evacuate Collection Set: 0.25ms
[642.633s][info][gc,phases      ] GC(153)   Merge Heap Roots: 0.56ms
[642.633s][info][gc,phases      ] GC(153)   Evacuate Collection Set: 134.48ms
[642.633s][info][gc,phases      ] GC(153)   Post Evacuate Collection Set: 0.86ms
[642.633s][info][gc,phases      ] GC(153)   Other: 0.06ms
[642.633s][info][gc,heap        ] GC(153) Eden regions: 444->0(522)
[642.633s][info][gc,heap        ] GC(153) Survivor regions: 38->38(61)
[642.633s][info][gc,heap        ] GC(153) Old regions: 213->221
[642.633s][info][gc,heap        ] GC(153) Humongous regions: 81->81
[642.633s][info][gc,metaspace   ] GC(153) Metaspace: 29833K(30336K)->29833K(30336K) NonClass: 24424K(24704K)->24424K(24704K) Class: 5408K(5632K)->5408K(5632K)
[642.633s][info][gc             ] GC(153) Pause Young (Normal) (G1 Evacuation Pause) 6173M->2683M(8192M) 136.342ms
[642.633s][info][gc,cpu         ] GC(153) User=1.08s Sys=0.00s Real=0.13s
.. (rIR:aIR:PR = 11014:10949:10920) (tPR = 158729) [OK] 
   643s:       rampup IR =  12390 .[645.446s][info][gc,start       ] GC(154) Pause Young (Normal) (G1 Evacuation Pause)
[645.446s][info][gc,task        ] GC(154) Using 8 workers of 8 for evacuation
[645.589s][info][gc,phases      ] GC(154)   Pre Evacuate Collection Set: 0.23ms
[645.589s][info][gc,phases      ] GC(154)   Merge Heap Roots: 0.47ms
[645.589s][info][gc,phases      ] GC(154)   Evacuate Collection Set: 141.14ms
[645.589s][info][gc,phases      ] GC(154)   Post Evacuate Collection Set: 0.98ms
[645.589s][info][gc,phases      ] GC(154)   Other: 0.06ms
[645.589s][info][gc,heap        ] GC(154) Eden regions: 518->0(567)
[645.589s][info][gc,heap        ] GC(154) Survivor regions: 38->40(70)
[645.589s][info][gc,heap        ] GC(154) Old regions: 221->228
[645.589s][info][gc,heap        ] GC(154) Humongous regions: 81->81
[645.589s][info][gc,metaspace   ] GC(154) Metaspace: 29833K(30336K)->29833K(30336K) NonClass: 24424K(24704K)->24424K(24704K) Class: 5408K(5632K)->5408K(5632K)
[645.589s][info][gc             ] GC(154) Pause Young (Normal) (G1 Evacuation Pause) 6827M->2752M(8192M) 143.046ms
[645.589s][info][gc,cpu         ] GC(154) User=1.14s Sys=0.00s Real=0.14s
...[648.609s][info][gc,start       ] GC(155) Pause Young (Normal) (G1 Evacuation Pause)
[648.609s][info][gc,task        ] GC(155) Using 8 workers of 8 for evacuation
[648.762s][info][gc,phases      ] GC(155)   Pre Evacuate Collection Set: 0.24ms
[648.762s][info][gc,phases      ] GC(155)   Merge Heap Roots: 0.50ms
[648.762s][info][gc,phases      ] GC(155)   Evacuate Collection Set: 150.41ms
[648.762s][info][gc,phases      ] GC(155)   Post Evacuate Collection Set: 1.10ms
[648.762s][info][gc,phases      ] GC(155)   Other: 0.06ms
[648.762s][info][gc,heap        ] GC(155) Eden regions: 559->0(570)
[648.762s][info][gc,heap        ] GC(155) Survivor regions: 40->43(75)
[648.762s][info][gc,heap        ] GC(155) Old regions: 228->235
[648.762s][info][gc,heap        ] GC(155) Humongous regions: 81->81
[648.762s][info][gc,metaspace   ] GC(155) Metaspace: 29833K(30336K)->29833K(30336K) NonClass: 24425K(24704K)->24425K(24704K) Class: 5408K(5632K)->5408K(5632K)
[648.762s][info][gc             ] GC(155) Pause Young (Normal) (G1 Evacuation Pause) 7224M->2829M(8192M) 152.440ms
[648.762s][info][gc,cpu         ] GC(155) User=1.21s Sys=0.00s Real=0.15s
. (rIR:aIR:PR = 12390:11871:11826) (tPR = 172768) [OK] 
   648s:       rampup IR =  13767 ..[651.754s][info][gc,start       ] GC(156) Pause Young (Normal) (G1 Evacuation Pause)
[651.754s][info][gc,task        ] GC(156) Using 8 workers of 8 for evacuation
[651.913s][info][gc,phases      ] GC(156)   Pre Evacuate Collection Set: 0.23ms
[651.913s][info][gc,phases      ] GC(156)   Merge Heap Roots: 0.51ms
[651.913s][info][gc,phases      ] GC(156)   Evacuate Collection Set: 156.70ms
[651.913s][info][gc,phases      ] GC(156)   Post Evacuate Collection Set: 1.12ms
[651.913s][info][gc,phases      ] GC(156)   Other: 0.07ms
[651.913s][info][gc,heap        ] GC(156) Eden regions: 566->0(559)
[651.913s][info][gc,heap        ] GC(156) Survivor regions: 43->45(77)
[651.913s][info][gc,heap        ] GC(156) Old regions: 235->242
[651.913s][info][gc,heap        ] GC(156) Humongous regions: 81->81
[651.913s][info][gc,metaspace   ] GC(156) Metaspace: 29833K(30336K)->29833K(30336K) NonClass: 24425K(24704K)->24425K(24704K) Class: 5408K(5632K)->5408K(5632K)
[651.913s][info][gc             ] GC(156) Pause Young (Normal) (G1 Evacuation Pause) 7357M->2899M(8192M) 158.756ms
[651.913s][info][gc,cpu         ] GC(156) User=1.26s Sys=0.00s Real=0.16s
...[654.698s][info][gc,start       ] GC(157) Pause Young (Normal) (G1 Evacuation Pause)
[654.698s][info][gc,task        ] GC(157) Using 8 workers of 8 for evacuation
[654.852s][info][gc,phases      ] GC(157)   Pre Evacuate Collection Set: 0.25ms
[654.852s][info][gc,phases      ] GC(157)   Merge Heap Roots: 0.50ms
[654.852s][info][gc,phases      ] GC(157)   Evacuate Collection Set: 152.30ms
[654.853s][info][gc,phases      ] GC(157)   Post Evacuate Collection Set: 1.02ms
[654.853s][info][gc,phases      ] GC(157)   Other: 0.08ms
[654.853s][info][gc,heap        ] GC(157) Eden regions: 559->0(556)
[654.853s][info][gc,heap        ] GC(157) Survivor regions: 45->43(76)
[654.853s][info][gc,heap        ] GC(157) Old regions: 242->249
[654.853s][info][gc,heap        ] GC(157) Humongous regions: 81->81
[654.853s][info][gc,metaspace   ] GC(157) Metaspace: 29833K(30336K)->29833K(30336K) NonClass: 24425K(24704K)->24425K(24704K) Class: 5408K(5632K)->5408K(5632K)
[654.853s][info][gc             ] GC(157) Pause Young (Normal) (G1 Evacuation Pause) 7371M->2942M(8192M) 154.282ms
[654.853s][info][gc,cpu         ] GC(157) User=1.22s Sys=0.00s Real=0.15s
...[657.651s][info][gc,start       ] GC(158) Pause Young (Normal) (G1 Evacuation Pause)
[657.651s][info][gc,task        ] GC(158) Using 8 workers of 8 for evacuation
[657.808s][info][gc,phases      ] GC(158)   Pre Evacuate Collection Set: 0.23ms
[657.808s][info][gc,phases      ] GC(158)   Merge Heap Roots: 0.50ms
[657.808s][info][gc,phases      ] GC(158)   Evacuate Collection Set: 155.39ms
[657.808s][info][gc,phases      ] GC(158)   Post Evacuate Collection Set: 1.01ms
[657.808s][info][gc,phases      ] GC(158)   Other: 0.06ms
[657.808s][info][gc,heap        ] GC(158) Eden regions: 556->0(545)
[657.808s][info][gc,heap        ] GC(158) Survivor regions: 43->45(75)
[657.808s][info][gc,heap        ] GC(158) Old regions: 249->256
[657.808s][info][gc,heap        ] GC(158) Humongous regions: 81->81
[657.808s][info][gc,metaspace   ] GC(158) Metaspace: 29833K(30336K)->29833K(30336K) NonClass: 24425K(24704K)->24425K(24704K) Class: 5408K(5632K)->5408K(5632K)
[657.808s][info][gc             ] GC(158) Pause Young (Normal) (G1 Evacuation Pause) 7390M->3010M(8192M) 157.328ms
[657.808s][info][gc,cpu         ] GC(158) User=1.25s Sys=0.00s Real=0.16s
...[660.525s][info][gc,start       ] GC(159) Pause Young (Normal) (G1 Evacuation Pause)
[660.525s][info][gc,task        ] GC(159) Using 8 workers of 8 for evacuation
[660.690s][info][gc,phases      ] GC(159)   Pre Evacuate Collection Set: 0.24ms
[660.690s][info][gc,phases      ] GC(159)   Merge Heap Roots: 0.49ms
[660.690s][info][gc,phases      ] GC(159)   Evacuate Collection Set: 162.50ms
[660.690s][info][gc,phases      ] GC(159)   Post Evacuate Collection Set: 1.00ms
[660.690s][info][gc,phases      ] GC(159)   Other: 0.08ms
[660.690s][info][gc,heap        ] GC(159) Eden regions: 545->0(536)
[660.690s][info][gc,heap        ] GC(159) Survivor regions: 45->46(74)
[660.690s][info][gc,heap        ] GC(159) Old regions: 256->263
[660.690s][info][gc,heap        ] GC(159) Humongous regions: 81->81
[660.690s][info][gc,metaspace   ] GC(159) Metaspace: 29833K(30336K)->29833K(30336K) NonClass: 24425K(24704K)->24425K(24704K) Class: 5408K(5632K)->5408K(5632K)
[660.690s][info][gc             ] GC(159) Pause Young (Normal) (G1 Evacuation Pause) 7370M->3084M(8192M) 164.442ms
[660.690s][info][gc,cpu         ] GC(159) User=1.31s Sys=0.00s Real=0.16s
...[663.453s][info][gc,start       ] GC(160) Pause Young (Normal) (G1 Evacuation Pause)
[663.453s][info][gc,task        ] GC(160) Using 8 workers of 8 for evacuation
[663.614s][info][gc,phases      ] GC(160)   Pre Evacuate Collection Set: 0.23ms
[663.614s][info][gc,phases      ] GC(160)   Merge Heap Roots: 0.49ms
[663.614s][info][gc,phases      ] GC(160)   Evacuate Collection Set: 159.76ms
[663.614s][info][gc,phases      ] GC(160)   Post Evacuate Collection Set: 0.99ms
[663.614s][info][gc,phases      ] GC(160)   Other: 0.06ms
[663.614s][info][gc,heap        ] GC(160) Eden regions: 536->0(528)
[663.614s][info][gc,heap        ] GC(160) Survivor regions: 46->46(73)
[663.614s][info][gc,heap        ] GC(160) Old regions: 263->271
[663.614s][info][gc,heap        ] GC(160) Humongous regions: 81->81
[663.614s][info][gc,metaspace   ] GC(160) Metaspace: 29833K(30336K)->29833K(30336K) NonClass: 24425K(24704K)->24425K(24704K) Class: 5408K(5632K)->5408K(5632K)
[663.614s][info][gc             ] GC(160) Pause Young (Normal) (G1 Evacuation Pause) 7372M->3141M(8192M) 161.660ms
[663.614s][info][gc,cpu         ] GC(160) User=1.28s Sys=0.00s Real=0.16s
...[666.232s][info][gc,start       ] GC(161) Pause Young (Normal) (G1 Evacuation Pause)
[666.232s][info][gc,task        ] GC(161) Using 8 workers of 8 for evacuation
[666.388s][info][gc,phases      ] GC(161)   Pre Evacuate Collection Set: 0.24ms
[666.388s][info][gc,phases      ] GC(161)   Merge Heap Roots: 0.49ms
[666.388s][info][gc,phases      ] GC(161)   Evacuate Collection Set: 153.44ms
[666.388s][info][gc,phases      ] GC(161)   Post Evacuate Collection Set: 0.99ms
[666.388s][info][gc,phases      ] GC(161)   Other: 0.06ms
[666.388s][info][gc,heap        ] GC(161) Eden regions: 528->0(525)
[666.388s][info][gc,heap        ] GC(161) Survivor regions: 46->44(72)
[666.388s][info][gc,heap        ] GC(161) Old regions: 271->278
[666.388s][info][gc,heap        ] GC(161) Humongous regions: 81->81
[666.388s][info][gc,metaspace   ] GC(161) Metaspace: 29833K(30336K)->29833K(30336K) NonClass: 24425K(24704K)->24425K(24704K) Class: 5408K(5632K)->5408K(5632K)
[666.388s][info][gc             ] GC(161) Pause Young (Normal) (G1 Evacuation Pause) 7365M->3184M(8192M) 155.367ms
[666.388s][info][gc,cpu         ] GC(161) User=1.22s Sys=0.00s Real=0.16s
...[668.975s][info][gc,start       ] GC(162) Pause Young (Normal) (G1 Evacuation Pause)
[668.975s][info][gc,task        ] GC(162) Using 8 workers of 8 for evacuation
[669.131s][info][gc,phases      ] GC(162)   Pre Evacuate Collection Set: 0.24ms
[669.131s][info][gc,phases      ] GC(162)   Merge Heap Roots: 0.51ms
[669.131s][info][gc,phases      ] GC(162)   Evacuate Collection Set: 154.31ms
[669.131s][info][gc,phases      ] GC(162)   Post Evacuate Collection Set: 0.98ms
[669.131s][info][gc,phases      ] GC(162)   Other: 0.06ms
[669.131s][info][gc,heap        ] GC(162) Eden regions: 525->0(517)
[669.131s][info][gc,heap        ] GC(162) Survivor regions: 44->44(72)
[669.131s][info][gc,heap        ] GC(162) Old regions: 278->286
[669.131s][info][gc,heap        ] GC(162) Humongous regions: 81->81
[669.131s][info][gc,metaspace   ] GC(162) Metaspace: 29833K(30336K)->29833K(30336K) NonClass: 24425K(24704K)->24425K(24704K) Class: 5408K(5632K)->5408K(5632K)
[669.131s][info][gc             ] GC(162) Pause Young (Normal) (G1 Evacuation Pause) 7384M->3248M(8192M) 156.242ms
[669.132s][info][gc,cpu         ] GC(162) User=1.24s Sys=0.00s Real=0.15s
..[671.751s][info][gc,start       ] GC(163) Pause Young (Normal) (G1 Evacuation Pause)
[671.751s][info][gc,task        ] GC(163) Using 8 workers of 8 for evacuation
[671.926s][info][gc,phases      ] GC(163)   Pre Evacuate Collection Set: 0.23ms
[671.926s][info][gc,phases      ] GC(163)   Merge Heap Roots: 0.52ms
[671.926s][info][gc,phases      ] GC(163)   Evacuate Collection Set: 173.17ms
[671.926s][info][gc,phases      ] GC(163)   Post Evacuate Collection Set: 0.96ms
[671.926s][info][gc,phases      ] GC(163)   Other: 0.06ms
[671.926s][info][gc,heap        ] GC(163) Eden regions: 517->0(499)
[671.926s][info][gc,heap        ] GC(163) Survivor regions: 44->49(71)
[671.926s][info][gc,heap        ] GC(163) Old regions: 286->294
[671.926s][info][gc,heap        ] GC(163) Humongous regions: 81->81
[671.926s][info][gc,metaspace   ] GC(163) Metaspace: 29833K(30336K)->29833K(30336K) NonClass: 24425K(24704K)->24425K(24704K) Class: 5408K(5632K)->5408K(5632K)
[671.926s][info][gc             ] GC(163) Pause Young (Normal) (G1 Evacuation Pause) 7384M->3350M(8192M) 175.066ms
[671.926s][info][gc,cpu         ] GC(163) User=1.39s Sys=0.00s Real=0.18s
...[674.465s][info][gc,start       ] GC(164) Pause Young (Normal) (G1 Evacuation Pause)
[674.466s][info][gc,task        ] GC(164) Using 8 workers of 8 for evacuation
[674.612s][info][gc,phases      ] GC(164)   Pre Evacuate Collection Set: 0.23ms
[674.612s][info][gc,phases      ] GC(164)   Merge Heap Roots: 0.49ms
[674.612s][info][gc,phases      ] GC(164)   Evacuate Collection Set: 145.21ms
[674.612s][info][gc,phases      ] GC(164)   Post Evacuate Collection Set: 0.94ms
[674.613s][info][gc,phases      ] GC(164)   Other: 0.07ms
[674.613s][info][gc,heap        ] GC(164) Eden regions: 499->0(507)
[674.613s][info][gc,heap        ] GC(164) Survivor regions: 49->41(69)
[674.613s][info][gc,heap        ] GC(164) Old regions: 294->302
[674.613s][info][gc,heap        ] GC(164) Humongous regions: 81->81
[674.613s][info][gc,metaspace   ] GC(164) Metaspace: 29833K(30336K)->29833K(30336K) NonClass: 24425K(24704K)->24425K(24704K) Class: 5408K(5632K)->5408K(5632K)
[674.613s][info][gc             ] GC(164) Pause Young (Normal) (G1 Evacuation Pause) 7342M->3348M(8192M) 147.066ms
[674.613s][info][gc,cpu         ] GC(164) User=1.16s Sys=0.00s Real=0.14s
...[677.198s][info][gc,start       ] GC(165) Pause Young (Normal) (G1 Evacuation Pause)
[677.198s][info][gc,task        ] GC(165) Using 8 workers of 8 for evacuation
[677.348s][info][gc,phases      ] GC(165)   Pre Evacuate Collection Set: 0.23ms
[677.348s][info][gc,phases      ] GC(165)   Merge Heap Roots: 0.49ms
[677.348s][info][gc,phases      ] GC(165)   Evacuate Collection Set: 147.67ms
[677.348s][info][gc,phases      ] GC(165)   Post Evacuate Collection Set: 0.95ms
[677.348s][info][gc,phases      ] GC(165)   Other: 0.07ms
[677.348s][info][gc,heap        ] GC(165) Eden regions: 507->0(497)
[677.348s][info][gc,heap        ] GC(165) Survivor regions: 41->42(69)
[677.348s][info][gc,heap        ] GC(165) Old regions: 302->310
[677.348s][info][gc,heap        ] GC(165) Humongous regions: 81->81
[677.348s][info][gc,metaspace   ] GC(165) Metaspace: 29833K(30336K)->29833K(30336K) NonClass: 24425K(24704K)->24425K(24704K) Class: 5408K(5632K)->5408K(5632K)
[677.348s][info][gc             ] GC(165) Pause Young (Normal) (G1 Evacuation Pause) 7404M->3418M(8192M) 149.539ms
[677.348s][info][gc,cpu         ] GC(165) User=1.18s Sys=0.00s Real=0.15s
.. (rIR:aIR:PR = 13767:13642:12780) (tPR = 186377) [PR is under limit] 
   678s: Re-initializing (term) [679.060s][info][gc,start       ] GC(166) Pause Full (System.gc())
[679.060s][info][gc,task        ] GC(166) Using 8 workers of 8 for full compaction
[679.060s][info][gc,phases,start] GC(166) Phase 1: Mark live objects
[679.076s][info][gc,phases      ] GC(166) Phase 1: Mark live objects 16.072ms
[679.076s][info][gc,phases,start] GC(166) Phase 2: Prepare compaction
[679.082s][info][gc,phases      ] GC(166) Phase 2: Prepare compaction 6.107ms
[679.082s][info][gc,phases,start] GC(166) Phase 3: Adjust pointers
[679.094s][info][gc,phases      ] GC(166) Phase 3: Adjust pointers 11.922ms
[679.094s][info][gc,phases,start] GC(166) Phase 4: Compact heap
[679.100s][info][gc,phases      ] GC(166) Phase 4: Compact heap 6.096ms
[679.100s][info][gc,phases,start] GC(166) Phase 5: Reset Metadata
[679.104s][info][gc,phases      ] GC(166) Phase 5: Reset Metadata 3.973ms
[679.113s][info][gc,heap        ] GC(166) Eden regions: 344->0(614)
[679.113s][info][gc,heap        ] GC(166) Survivor regions: 42->0(69)
[679.113s][info][gc,heap        ] GC(166) Old regions: 310->14
[679.113s][info][gc,heap        ] GC(166) Humongous regions: 81->33
[679.113s][info][gc,metaspace   ] GC(166) Metaspace: 29833K(30336K)->29833K(30336K) NonClass: 24425K(24704K)->24425K(24704K) Class: 5408K(5632K)->5408K(5632K)
[679.113s][info][gc             ] GC(166) Pause Full (System.gc()) 6163M->333M(8192M) 53.337ms
[679.113s][info][gc,cpu         ] GC(166) User=0.37s Sys=0.01s Real=0.05s
(init) ... OK
   684s: high-bound for max-jOPS is measured to be 14210
   684s: 
   684s: Restarting (term) [684.638s][info][gc,start       ] GC(167) Pause Full (System.gc())
[684.638s][info][gc,task        ] GC(167) Using 8 workers of 8 for full compaction
[684.638s][info][gc,phases,start] GC(167) Phase 1: Mark live objects
[684.654s][info][gc,phases      ] GC(167) Phase 1: Mark live objects 15.815ms
[684.654s][info][gc,phases,start] GC(167) Phase 2: Prepare compaction
[684.659s][info][gc,phases      ] GC(167) Phase 2: Prepare compaction 4.471ms
[684.659s][info][gc,phases,start] GC(167) Phase 3: Adjust pointers
[684.669s][info][gc,phases      ] GC(167) Phase 3: Adjust pointers 9.910ms
[684.669s][info][gc,phases,start] GC(167) Phase 4: Compact heap
[684.673s][info][gc,phases      ] GC(167) Phase 4: Compact heap 4.358ms
[684.673s][info][gc,phases,start] GC(167) Phase 5: Reset Metadata
[684.677s][info][gc,phases      ] GC(167) Phase 5: Reset Metadata 3.986ms
[684.686s][info][gc,heap        ] GC(167) Eden regions: 459->0(614)
[684.686s][info][gc,heap        ] GC(167) Survivor regions: 0->0(69)
[684.686s][info][gc,heap        ] GC(167) Old regions: 14->14
[684.686s][info][gc,heap        ] GC(167) Humongous regions: 86->33
[684.686s][info][gc,metaspace   ] GC(167) Metaspace: 29847K(30336K)->29847K(30336K) NonClass: 24439K(24704K)->24439K(24704K) Class: 5408K(5632K)->5408K(5632K)
[684.686s][info][gc             ] GC(167) Pause Full (System.gc()) 4426M->332M(8192M) 47.716ms
[684.686s][info][gc,cpu         ] GC(167) User=0.32s Sys=0.00s Real=0.05s
(init) ... OK
   690s: 
   690s: Warmup for building throughput-responsetime curve
   690s: (10%)   IR =   1421 ......[696.312s][info][gc,start       ] GC(168) Pause Young (Normal) (G1 Evacuation Pause)
[696.312s][info][gc,task        ] GC(168) Using 8 workers of 8 for evacuation
[697.044s][info][gc,mmu         ] GC(168) MMU target violated: 201.0ms (200.0ms/201.0ms)
[697.044s][info][gc,phases      ] GC(168)   Pre Evacuate Collection Set: 0.24ms
[697.044s][info][gc,phases      ] GC(168)   Merge Heap Roots: 0.90ms
[697.044s][info][gc,phases      ] GC(168)   Evacuate Collection Set: 729.23ms
[697.044s][info][gc,phases      ] GC(168)   Post Evacuate Collection Set: 1.27ms
[697.044s][info][gc,phases      ] GC(168)   Other: 0.10ms
[697.044s][info][gc,heap        ] GC(168) Eden regions: 614->0(234)
[697.044s][info][gc,heap        ] GC(168) Survivor regions: 0->77(77)
[697.044s][info][gc,heap        ] GC(168) Old regions: 14->88
[697.044s][info][gc,heap        ] GC(168) Humongous regions: 86->81
[697.044s][info][gc,metaspace   ] GC(168) Metaspace: 29862K(30336K)->29862K(30336K) NonClass: 24454K(24704K)->24454K(24704K) Class: 5408K(5632K)->5408K(5632K)
[697.044s][info][gc             ] GC(168) Pause Young (Normal) (G1 Evacuation Pause) 5668M->1924M(8192M) 731.881ms
[697.044s][info][gc,cpu         ] GC(168) User=5.81s Sys=0.00s Real=0.73s
..........[706.859s][info][gc,start       ] GC(169) Pause Young (Normal) (G1 Evacuation Pause)
[706.859s][info][gc,task        ] GC(169) Using 8 workers of 8 for evacuation
[707.199s][info][gc,mmu         ] GC(169) MMU target violated: 201.0ms (200.0ms/201.0ms)
[707.199s][info][gc,phases      ] GC(169)   Pre Evacuate Collection Set: 0.24ms
[707.199s][info][gc,phases      ] GC(169)   Merge Heap Roots: 0.75ms
[707.199s][info][gc,phases      ] GC(169)   Evacuate Collection Set: 338.61ms
[707.199s][info][gc,phases      ] GC(169)   Post Evacuate Collection Set: 0.63ms
[707.199s][info][gc,phases      ] GC(169)   Other: 0.10ms
[707.199s][info][gc,heap        ] GC(169) Eden regions: 234->0(198)
[707.199s][info][gc,heap        ] GC(169) Survivor regions: 77->16(39)
[707.199s][info][gc,heap        ] GC(169) Old regions: 88->167
[707.199s][info][gc,heap        ] GC(169) Humongous regions: 81->81
[707.200s][info][gc,metaspace   ] GC(169) Metaspace: 29863K(30336K)->29863K(30336K) NonClass: 24454K(24704K)->24454K(24704K) Class: 5408K(5632K)->5408K(5632K)
[707.200s][info][gc             ] GC(169) Pause Young (Normal) (G1 Evacuation Pause) 3796M->2068M(8192M) 340.463ms
[707.200s][info][gc,cpu         ] GC(169) User=2.71s Sys=0.00s Real=0.34s
..........[717.038s][info][gc,start       ] GC(170) Pause Young (Normal) (G1 Evacuation Pause)
[717.038s][info][gc,task        ] GC(170) Using 8 workers of 8 for evacuation
[717.117s][info][gc,phases      ] GC(170)   Pre Evacuate Collection Set: 0.27ms
[717.117s][info][gc,phases      ] GC(170)   Merge Heap Roots: 0.45ms
[717.117s][info][gc,phases      ] GC(170)   Evacuate Collection Set: 77.98ms
[717.117s][info][gc,phases      ] GC(170)   Post Evacuate Collection Set: 0.62ms
[717.117s][info][gc,phases      ] GC(170)   Other: 0.06ms
[717.117s][info][gc,heap        ] GC(170) Eden regions: 217->0(196)
[717.117s][info][gc,heap        ] GC(170) Survivor regions: 16->25(30)
[717.117s][info][gc,heap        ] GC(170) Old regions: 167->167
[717.117s][info][gc,heap        ] GC(170) Humongous regions: 81->81
[717.117s][info][gc,metaspace   ] GC(170) Metaspace: 29863K(30336K)->29863K(30336K) NonClass: 24454K(24704K)->24454K(24704K) Class: 5408K(5632K)->5408K(5632K)
[717.117s][info][gc             ] GC(170) Pause Young (Normal) (G1 Evacuation Pause) 3804M->2136M(8192M) 79.514ms
[717.117s][info][gc,cpu         ] GC(170) User=0.63s Sys=0.00s Real=0.08s
..........[726.896s][info][gc,start       ] GC(171) Pause Young (Normal) (G1 Evacuation Pause)
[726.896s][info][gc,task        ] GC(171) Using 8 workers of 8 for evacuation
[726.994s][info][gc,phases      ] GC(171)   Pre Evacuate Collection Set: 0.24ms
[726.994s][info][gc,phases      ] GC(171)   Merge Heap Roots: 0.42ms
[726.994s][info][gc,phases      ] GC(171)   Evacuate Collection Set: 96.92ms
[726.994s][info][gc,phases      ] GC(171)   Post Evacuate Collection Set: 0.60ms
[726.994s][info][gc,phases      ] GC(171)   Other: 0.07ms
[726.994s][info][gc,heap        ] GC(171) Eden regions: 209->0(223)
[726.994s][info][gc,heap        ] GC(171) Survivor regions: 25->25(30)
[726.994s][info][gc,heap        ] GC(171) Old regions: 167->177
[726.994s][info][gc,heap        ] GC(171) Humongous regions: 81->81
[726.994s][info][gc,metaspace   ] GC(171) Metaspace: 29863K(30336K)->29863K(30336K) NonClass: 24454K(24704K)->24454K(24704K) Class: 5408K(5632K)->5408K(5632K)
[726.994s][info][gc             ] GC(171) Pause Young (Normal) (G1 Evacuation Pause) 3808M->2215M(8192M) 98.397ms
[726.994s][info][gc,cpu         ] GC(171) User=0.77s Sys=0.01s Real=0.09s
.............[739.382s][info][gc,start       ] GC(172) Pause Young (Normal) (G1 Evacuation Pause)
[739.383s][info][gc,task        ] GC(172) Using 8 workers of 8 for evacuation
[739.483s][info][gc,phases      ] GC(172)   Pre Evacuate Collection Set: 0.26ms
[739.483s][info][gc,phases      ] GC(172)   Merge Heap Roots: 0.40ms
[739.483s][info][gc,phases      ] GC(172)   Evacuate Collection Set: 98.60ms
[739.483s][info][gc,phases      ] GC(172)   Post Evacuate Collection Set: 0.66ms
[739.483s][info][gc,phases      ] GC(172)   Other: 0.06ms
[739.483s][info][gc,heap        ] GC(172) Eden regions: 261->0(311)
[739.483s][info][gc,heap        ] GC(172) Survivor regions: 25->25(36)
[739.483s][info][gc,heap        ] GC(172) Old regions: 177->185
[739.483s][info][gc,heap        ] GC(172) Humongous regions: 81->81
[739.483s][info][gc,metaspace   ] GC(172) Metaspace: 29863K(30336K)->29863K(30336K) NonClass: 24454K(24704K)->24454K(24704K) Class: 5408K(5632K)->5408K(5632K)
[739.483s][info][gc             ] GC(172) Pause Young (Normal) (G1 Evacuation Pause) 4303M->2278M(8192M) 100.110ms
[739.483s][info][gc,cpu         ] GC(172) User=0.78s Sys=0.00s Real=0.10s
................[755.384s][info][gc,start       ] GC(173) Pause Young (Normal) (G1 Evacuation Pause)
[755.384s][info][gc,task        ] GC(173) Using 8 workers of 8 for evacuation
[755.492s][info][gc,phases      ] GC(173)   Pre Evacuate Collection Set: 0.25ms
[755.493s][info][gc,phases      ] GC(173)   Merge Heap Roots: 0.46ms
[755.493s][info][gc,phases      ] GC(173)   Evacuate Collection Set: 106.86ms
[755.493s][info][gc,phases      ] GC(173)   Post Evacuate Collection Set: 0.70ms
[755.493s][info][gc,phases      ] GC(173)   Other: 0.07ms
[755.493s][info][gc,heap        ] GC(173) Eden regions: 333->0(358)
[755.493s][info][gc,heap        ] GC(173) Survivor regions: 25->30(45)
[755.493s][info][gc,heap        ] GC(173) Old regions: 185->191
[755.493s][info][gc,heap        ] GC(173) Humongous regions: 81->81
[755.493s][info][gc,metaspace   ] GC(173) Metaspace: 29863K(30336K)->29863K(30336K) NonClass: 24454K(24704K)->24454K(24704K) Class: 5408K(5632K)->5408K(5632K)
[755.493s][info][gc             ] GC(173) Pause Young (Normal) (G1 Evacuation Pause) 4942M->2372M(8192M) 108.465ms
[755.493s][info][gc,cpu         ] GC(173) User=0.86s Sys=0.00s Real=0.11s
..................[773.362s][info][gc,start       ] GC(174) Pause Young (Normal) (G1 Evacuation Pause)
[773.362s][info][gc,task        ] GC(174) Using 8 workers of 8 for evacuation
[773.480s][info][gc,phases      ] GC(174)   Pre Evacuate Collection Set: 0.24ms
[773.480s][info][gc,phases      ] GC(174)   Merge Heap Roots: 0.51ms
[773.480s][info][gc,phases      ] GC(174)   Evacuate Collection Set: 116.98ms
[773.480s][info][gc,phases      ] GC(174)   Post Evacuate Collection Set: 0.76ms
[773.480s][info][gc,phases      ] GC(174)   Other: 0.06ms
[773.480s][info][gc,heap        ] GC(174) Eden regions: 376->0(392)
[773.480s][info][gc,heap        ] GC(174) Survivor regions: 30->34(51)
[773.480s][info][gc,heap        ] GC(174) Old regions: 191->198
[773.480s][info][gc,heap        ] GC(174) Humongous regions: 81->81
[773.480s][info][gc,metaspace   ] GC(174) Metaspace: 29863K(30336K)->29863K(30336K) NonClass: 24455K(24704K)->24455K(24704K) Class: 5408K(5632K)->5408K(5632K)
[773.480s][info][gc             ] GC(174) Pause Young (Normal) (G1 Evacuation Pause) 5380M->2454M(8192M) 118.716ms
[773.480s][info][gc,cpu         ] GC(174) User=0.94s Sys=0.00s Real=0.12s
...................[792.593s][info][gc,start       ] GC(175) Pause Young (Normal) (G1 Evacuation Pause)
[792.594s][info][gc,task        ] GC(175) Using 8 workers of 8 for evacuation
[792.720s][info][gc,phases      ] GC(175)   Pre Evacuate Collection Set: 0.28ms
[792.720s][info][gc,phases      ] GC(175)   Merge Heap Roots: 0.53ms
[792.720s][info][gc,phases      ] GC(175)   Evacuate Collection Set: 124.44ms
[792.720s][info][gc,phases      ] GC(175)   Post Evacuate Collection Set: 0.85ms
[792.720s][info][gc,phases      ] GC(175)   Other: 0.07ms
[792.720s][info][gc,heap        ] GC(175) Eden regions: 402->0(442)
[792.720s][info][gc,heap        ] GC(175) Survivor regions: 34->35(55)
[792.720s][info][gc,heap        ] GC(175) Old regions: 198->206
[792.720s][info][gc,heap        ] GC(175) Humongous regions: 81->81
[792.720s][info][gc,metaspace   ] GC(175) Metaspace: 29863K(30336K)->29863K(30336K) NonClass: 24455K(24704K)->24455K(24704K) Class: 5408K(5632K)->5408K(5632K)
[792.720s][info][gc             ] GC(175) Pause Young (Normal) (G1 Evacuation Pause) 5670M->2526M(8192M) 126.320ms
[792.720s][info][gc,cpu         ] GC(175) User=1.00s Sys=0.00s Real=0.13s
.....................[814.062s][info][gc,start       ] GC(176) Pause Young (Normal) (G1 Evacuation Pause)
[814.062s][info][gc,task        ] GC(176) Using 8 workers of 8 for evacuation
[814.194s][info][gc,phases      ] GC(176)   Pre Evacuate Collection Set: 0.30ms
[814.194s][info][gc,phases      ] GC(176)   Merge Heap Roots: 0.56ms
[814.194s][info][gc,phases      ] GC(176)   Evacuate Collection Set: 129.90ms
[814.194s][info][gc,phases      ] GC(176)   Post Evacuate Collection Set: 0.84ms
[814.194s][info][gc,phases      ] GC(176)   Other: 0.07ms
[814.194s][info][gc,heap        ] GC(176) Eden regions: 448->0(486)
[814.194s][info][gc,heap        ] GC(176) Survivor regions: 35->37(61)
[814.194s][info][gc,heap        ] GC(176) Old regions: 206->213
[814.194s][info][gc,heap        ] GC(176) Humongous regions: 81->81
[814.194s][info][gc,metaspace   ] GC(176) Metaspace: 29863K(30336K)->29863K(30336K) NonClass: 24455K(24704K)->24455K(24704K) Class: 5408K(5632K)->5408K(5632K)
[814.194s][info][gc             ] GC(176) Pause Young (Normal) (G1 Evacuation Pause) 6110M->2596M(8192M) 131.807ms
[814.194s][info][gc,cpu         ] GC(176) User=1.04s Sys=0.00s Real=0.13s
........................[837.453s][info][gc,start       ] GC(177) Pause Young (Normal) (G1 Evacuation Pause)
[837.453s][info][gc,task        ] GC(177) Using 8 workers of 8 for evacuation
[837.588s][info][gc,phases      ] GC(177)   Pre Evacuate Collection Set: 0.23ms
[837.588s][info][gc,phases      ] GC(177)   Merge Heap Roots: 0.51ms
[837.588s][info][gc,phases      ] GC(177)   Evacuate Collection Set: 133.46ms
[837.588s][info][gc,phases      ] GC(177)   Post Evacuate Collection Set: 0.90ms
[837.588s][info][gc,phases      ] GC(177)   Other: 0.06ms
[837.588s][info][gc,heap        ] GC(177) Eden regions: 490->0(518)
[837.588s][info][gc,heap        ] GC(177) Survivor regions: 37->40(66)
[837.588s][info][gc,heap        ] GC(177) Old regions: 213->220
[837.588s][info][gc,heap        ] GC(177) Humongous regions: 81->81
[837.588s][info][gc,metaspace   ] GC(177) Metaspace: 29867K(30336K)->29867K(30336K) NonClass: 24459K(24704K)->24459K(24704K) Class: 5408K(5632K)->5408K(5632K)
[837.588s][info][gc             ] GC(177) Pause Young (Normal) (G1 Evacuation Pause) 6516M->2676M(8192M) 135.299ms
[837.588s][info][gc,cpu         ] GC(177) User=1.07s Sys=0.00s Real=0.14s
.........................[862.405s][info][gc,start       ] GC(178) Pause Young (Normal) (G1 Evacuation Pause)
[862.405s][info][gc,task        ] GC(178) Using 8 workers of 8 for evacuation
[862.545s][info][gc,phases      ] GC(178)   Pre Evacuate Collection Set: 0.24ms
[862.545s][info][gc,phases      ] GC(178)   Merge Heap Roots: 0.50ms
[862.545s][info][gc,phases      ] GC(178)   Evacuate Collection Set: 137.89ms
[862.545s][info][gc,phases      ] GC(178)   Post Evacuate Collection Set: 0.97ms
[862.545s][info][gc,phases      ] GC(178)   Other: 0.06ms
[862.545s][info][gc,heap        ] GC(178) Eden regions: 519->0(574)
[862.545s][info][gc,heap        ] GC(178) Survivor regions: 40->40(70)
[862.545s][info][gc,heap        ] GC(178) Old regions: 220->227
[862.545s][info][gc,heap        ] GC(178) Humongous regions: 81->81
[862.545s][info][gc,metaspace   ] GC(178) Metaspace: 29869K(30336K)->29869K(30336K) NonClass: 24460K(24704K)->24460K(24704K) Class: 5408K(5632K)->5408K(5632K)
[862.545s][info][gc             ] GC(178) Pause Young (Normal) (G1 Evacuation Pause) 6828M->2729M(8192M) 139.800ms
[862.545s][info][gc,cpu         ] GC(178) User=1.11s Sys=0.00s Real=0.14s
........ (rIR:aIR:PR = 1421:1421:1421) (tPR = 21107) [OK] 
   870s: 
   870s: Building throughput-responsetime curve
   870s: ( 0%)   IR =      0 ...|............................................................ (rIR:aIR:PR = 0:0:0) (tPR = 0) [OK] 
   933s: Performance info:
         Transaction,    Success,    Partial,     Failed,   Receipts, AvgBarcode, 
         Response times:
             Request,    Success,    Partial,     Failed,   SkipFail,     Probes,    Samples,      min,      p50,      p90,      p95,      p99,      max, 

   933s: ( 1%)   IR =    142 ....|............................................................ (rIR:aIR:PR = 142:142:142) (tPR = 2073) [OK] 
   997s: Performance info:
         Transaction,    Success,    Partial,     Failed,   Receipts, AvgBarcode, 
             Overall,       8519,          0,          0,       8087,      59.46, 
         Response times:
             Request,    Success,    Partial,     Failed,   SkipFail,     Probes,    Samples,      min,      p50,      p90,      p95,      p99,      max, 
       TotalPurchase,       8087,          0,          0,          0,       7490,       8525,      300,      400,      500,      600,      700,     1200,
     InStorePurchase,       4259,          0,          0,          0,       3987,       4446,      300,      400,      500,      500,      700,      900,
      OnlinePurchase,       2971,          0,          0,          0,       2761,       3184,      300,      400,      500,      600,      700,     1000,
        InstPurchase,        857,          0,          0,          0,        742,        895,      400,      500,      600,      600,      800,     1200,
          AssocOfCat,         10,          0,          0,          0,          8,          8,    23000,    23000,    24000,    24000,    24000,    24000,
      AssocOfProduct,         87,          0,          0,          0,         87,         91,      500,      600,      700,      740,      800,      800,
      BusinessReport,         23,          0,          0,          0,         21,         22,    24000,    27000,    28700,    29000,    29000,    29000,
          CustBuyBeh,         86,          0,          0,          0,         83,         89,      200,      200,      300,      350,      700,      700,
       ProductReturn,        226,          0,          0,          0,        169,        241,      200,      300,      300,      400,      558,      700,

   997s: ( 2%)   IR =    284 ....|............................................................ (rIR:aIR:PR = 284:284:284) (tPR = 4259) [OK] 
  1061s: Performance info:
         Transaction,    Success,    Partial,     Failed,   Receipts, AvgBarcode, 
             Overall,      17068,          0,          0,      16205,      59.46, 
         Response times:
             Request,    Success,    Partial,     Failed,   SkipFail,     Probes,    Samples,      min,      p50,      p90,      p95,      p99,      max, 
       TotalPurchase,      16205,          0,          0,          0,      15285,      17062,      300,      500,      700,      700,      900,     1200,
     InStorePurchase,       8524,          0,          0,          0,       8136,       8997,      300,      500,      600,      700,      800,     1100,
      OnlinePurchase,       5970,          0,          0,          0,       5652,       6315,      300,      500,      700,      800,      900,     1200,
        InstPurchase,       1711,          0,          0,          0,       1497,       1750,      400,      600,      700,      800,     1000,     1100,
          AssocOfCat,         18,          0,          0,          0,         17,         17,    22000,    24000,    26800,    34000,    34000,    34000,
      AssocOfProduct,        174,          0,          0,          0,        122,        168,      400,      700,      800,      800,     1100,     1100,
      BusinessReport,         42,          0,          0,          0,         39,         44,    23000,    27000,    28000,    29000,    30000,    30000,
          CustBuyBeh,        173,          0,          0,          0,        123,        194,      200,      300,      400,      400,      505,      600,
       ProductReturn,        456,          0,          0,          0,        375,        486,      200,      300,      400,      565,      700,      900,

  1061s: ( 3%)   IR =    426 [1062.372s][info][gc,start       ] GC(179) Pause Young (Normal) (G1 Evacuation Pause)
[1062.372s][info][gc,task        ] GC(179) Using 8 workers of 8 for evacuation
[1062.517s][info][gc,phases      ] GC(179)   Pre Evacuate Collection Set: 0.26ms
[1062.517s][info][gc,phases      ] GC(179)   Merge Heap Roots: 0.55ms
[1062.517s][info][gc,phases      ] GC(179)   Evacuate Collection Set: 142.97ms
[1062.517s][info][gc,phases      ] GC(179)   Post Evacuate Collection Set: 1.06ms
[1062.517s][info][gc,phases      ] GC(179)   Other: 0.07ms
[1062.517s][info][gc,heap        ] GC(179) Eden regions: 574->0(541)
[1062.517s][info][gc,heap        ] GC(179) Survivor regions: 40->48(77)
[1062.517s][info][gc,heap        ] GC(179) Old regions: 227->227
[1062.517s][info][gc,heap        ] GC(179) Humongous regions: 81->81
[1062.517s][info][gc,metaspace   ] GC(179) Metaspace: 29881K(30336K)->29881K(30336K) NonClass: 24472K(24704K)->24472K(24704K) Class: 5408K(5632K)->5408K(5632K)
[1062.517s][info][gc             ] GC(179) Pause Young (Normal) (G1 Evacuation Pause) 7321M->2797M(8192M) 145.058ms
[1062.517s][info][gc,cpu         ] GC(179) User=1.15s Sys=0.00s Real=0.15s
......|............................................................ (rIR:aIR:PR = 426:426:426) (tPR = 6358) [OK] 
  1127s: Performance info:
         Transaction,    Success,    Partial,     Failed,   Receipts, AvgBarcode, 
             Overall,      25579,          0,          0,      24303,      59.45, 
         Response times:
             Request,    Success,    Partial,     Failed,   SkipFail,     Probes,    Samples,      min,      p50,      p90,      p95,      p99,      max, 
       TotalPurchase,      24303,          0,          0,          0,      23085,      26287,      300,      600,      800,      900,     1100,   147000,
     InStorePurchase,      12808,          0,          0,          0,      12275,      13863,      300,      500,      800,      900,     1000,   147000,
      OnlinePurchase,       8942,          0,          0,          0,       8472,       9626,      300,      600,      900,      900,     1100,   147000,
        InstPurchase,       2553,          0,          0,          0,       2338,       2798,      400,      600,      900,     1000,     1200,     1400,
          AssocOfCat,         25,          0,          0,          0,         25,         28,    21000,    23500,    24200,    26000,    26000,    26000,
      AssocOfProduct,        252,          0,          0,          0,        206,        297,      400,      700,      800,      900,     1000,     1100,
      BusinessReport,         63,          0,          0,          0,         61,         68,    19200,    27000,    28000,    28000,    29000,    29000,
          CustBuyBeh,        257,          0,          0,          0,        192,        248,      100,      300,      600,      700,      900,      900,
       ProductReturn,        679,          0,          0,          0,        553,        693,      200,      400,      700,      800,     1000,     1000,

  1127s: ( 4%)   IR =    568 ....|...........[1142.985s][info][gc,start       ] GC(180) Pause Young (Normal) (G1 Evacuation Pause)
[1142.985s][info][gc,task        ] GC(180) Using 8 workers of 8 for evacuation
[1143.138s][info][gc,phases      ] GC(180)   Pre Evacuate Collection Set: 0.28ms
[1143.138s][info][gc,phases      ] GC(180)   Merge Heap Roots: 0.45ms
[1143.138s][info][gc,phases      ] GC(180)   Evacuate Collection Set: 151.25ms
[1143.138s][info][gc,phases      ] GC(180)   Post Evacuate Collection Set: 0.98ms
[1143.138s][info][gc,phases      ] GC(180)   Other: 0.06ms
[1143.138s][info][gc,heap        ] GC(180) Eden regions: 538->0(570)
[1143.138s][info][gc,heap        ] GC(180) Survivor regions: 48->42(74)
[1143.138s][info][gc,heap        ] GC(180) Old regions: 227->237
[1143.138s][info][gc,heap        ] GC(180) Humongous regions: 81->81
[1143.138s][info][gc,metaspace   ] GC(180) Metaspace: 29881K(30336K)->29881K(30336K) NonClass: 24473K(24704K)->24473K(24704K) Class: 5408K(5632K)->5408K(5632K)
[1143.138s][info][gc             ] GC(180) Pause Young (Normal) (G1 Evacuation Pause) 7101M->2825M(8192M) 153.168ms
[1143.138s][info][gc,cpu         ] GC(180) User=1.21s Sys=0.00s Real=0.15s
................................................. (rIR:aIR:PR = 568:569:569) (tPR = 8404) [OK] 
  1191s: Performance info:
         Transaction,    Success,    Partial,     Failed,   Receipts, AvgBarcode, 
             Overall,      34170,          0,          0,      32457,      59.47, 
         Response times:
             Request,    Success,    Partial,     Failed,   SkipFail,     Probes,    Samples,      min,      p50,      p90,      p95,      p99,      max, 
       TotalPurchase,      32443,          0,          0,          0,      30973,      34005,      300,      700,     1000,     1100,     1300,     5900,
     InStorePurchase,      17053,          0,          0,          0,      16342,      17936,      300,      600,     1000,     1100,     1300,     5900,
      OnlinePurchase,      11976,          0,          0,          0,      11502,      12557,      300,      700,     1000,     1100,     1400,     5900,
        InstPurchase,       3414,          0,          0,          0,       3129,       3512,      400,      700,     1000,     1100,     1400,     5500,
          AssocOfCat,         34,          0,          0,          0,         31,         36,    18000,    24000,    25000,    26000,    26000,    26000,
      AssocOfProduct,        338,          0,          0,          0,        245,        315,      400,      800,      900,     1000,     1200,     1400,
      BusinessReport,         86,          0,          0,          0,         84,         90,    18700,    27000,    29000,    32000,   178000,   178000,
          CustBuyBeh,        344,          0,          0,          0,        286,        384,      200,      300,      700,      875,     4545,     5400,
       ProductReturn,        911,          0,          0,          0,        791,        958,      200,      400,      800,     1000,     1200,     5400,

  1191s: ( 5%)   IR =    710 ......|.........[1207.141s][info][gc,start       ] GC(181) Pause Young (Normal) (G1 Evacuation Pause)
[1207.141s][info][gc,task        ] GC(181) Using 8 workers of 8 for evacuation
[1207.288s][info][gc,phases      ] GC(181)   Pre Evacuate Collection Set: 0.28ms
[1207.288s][info][gc,phases      ] GC(181)   Merge Heap Roots: 0.60ms
[1207.288s][info][gc,phases      ] GC(181)   Evacuate Collection Set: 145.38ms
[1207.288s][info][gc,phases      ] GC(181)   Post Evacuate Collection Set: 1.02ms
[1207.288s][info][gc,phases      ] GC(181)   Other: 0.08ms
[1207.288s][info][gc,heap        ] GC(181) Eden regions: 570->0(565)
[1207.288s][info][gc,heap        ] GC(181) Survivor regions: 42->41(77)
[1207.288s][info][gc,heap        ] GC(181) Old regions: 237->244
[1207.288s][info][gc,heap        ] GC(181) Humongous regions: 81->81
[1207.288s][info][gc,metaspace   ] GC(181) Metaspace: 29883K(30336K)->29883K(30336K) NonClass: 24475K(24704K)->24475K(24704K) Class: 5408K(5632K)->5408K(5632K)
[1207.288s][info][gc             ] GC(181) Pause Young (Normal) (G1 Evacuation Pause) 7385M->2879M(8192M) 147.518ms
[1207.288s][info][gc,cpu         ] GC(181) User=1.17s Sys=0.00s Real=0.15s
................................................... (rIR:aIR:PR = 710:710:710) (tPR = 10498) [OK] 
  1257s: Performance info:
         Transaction,    Success,    Partial,     Failed,   Receipts, AvgBarcode, 
             Overall,      42625,          0,          0,      40489,      59.47, 
         Response times:
             Request,    Success,    Partial,     Failed,   SkipFail,     Probes,    Samples,      min,      p50,      p90,      p95,      p99,      max, 
       TotalPurchase,      40489,          0,          0,          0,      38756,      43894,      300,      700,     1100,     1300,     1500,   149000,
     InStorePurchase,      21310,          0,          0,          0,      20512,      23095,      300,      700,     1100,     1200,     1500,   149000,
      OnlinePurchase,      14904,          0,          0,          0,      14283,      16255,      300,      800,     1200,     1300,     1500,   149000,
        InstPurchase,       4275,          0,          0,          0,       3961,       4544,      400,      800,     1200,     1300,     1600,     5800,
          AssocOfCat,         41,          0,          0,          0,         39,         46,    17300,    24000,    26000,    28650,    30000,    30000,
      AssocOfProduct,        428,          0,          0,          0,        328,        446,      500,     1100,     1400,     1500,     1653,     5600,
      BusinessReport,        107,          0,          0,          0,        102,        117,    18000,    28000,    29000,    31100,    34640,    35000,
          CustBuyBeh,        429,          0,          0,          0,        349,        454,      200,      300,      300,      400,      900,     1200,
       ProductReturn,       1131,          0,          0,          0,        999,       1223,      200,      800,     1100,     1200,     1500,     4200,

  1257s: ( 6%)   IR =    853 ..[1260.331s][info][gc,start       ] GC(182) Pause Young (Normal) (G1 Evacuation Pause)
[1260.331s][info][gc,task        ] GC(182) Using 8 workers of 8 for evacuation
[1260.478s][info][gc,phases      ] GC(182)   Pre Evacuate Collection Set: 0.24ms
[1260.478s][info][gc,phases      ] GC(182)   Merge Heap Roots: 0.57ms
[1260.478s][info][gc,phases      ] GC(182)   Evacuate Collection Set: 145.53ms
[1260.478s][info][gc,phases      ] GC(182)   Post Evacuate Collection Set: 0.97ms
[1260.478s][info][gc,phases      ] GC(182)   Other: 0.06ms
[1260.478s][info][gc,heap        ] GC(182) Eden regions: 565->0(556)
[1260.478s][info][gc,heap        ] GC(182) Survivor regions: 41->42(76)
[1260.478s][info][gc,heap        ] GC(182) Old regions: 244->251
[1260.478s][info][gc,heap        ] GC(182) Humongous regions: 81->81
[1260.478s][info][gc,metaspace   ] GC(182) Metaspace: 29884K(30336K)->29884K(30336K) NonClass: 24475K(24704K)->24475K(24704K) Class: 5408K(5632K)->5408K(5632K)
[1260.478s][info][gc             ] GC(182) Pause Young (Normal) (G1 Evacuation Pause) 7399M->2937M(8192M) 147.490ms
[1260.478s][info][gc,cpu         ] GC(182) User=1.17s Sys=0.00s Real=0.15s
....|........................................[1304.465s][info][gc,start       ] GC(183) Pause Young (Normal) (G1 Evacuation Pause)
[1304.465s][info][gc,task        ] GC(183) Using 8 workers of 8 for evacuation
[1304.613s][info][gc,phases      ] GC(183)   Pre Evacuate Collection Set: 0.25ms
[1304.613s][info][gc,phases      ] GC(183)   Merge Heap Roots: 0.51ms
[1304.613s][info][gc,phases      ] GC(183)   Evacuate Collection Set: 145.76ms
[1304.613s][info][gc,phases      ] GC(183)   Post Evacuate Collection Set: 0.97ms
[1304.613s][info][gc,phases      ] GC(183)   Other: 0.07ms
[1304.613s][info][gc,heap        ] GC(183) Eden regions: 556->0(551)
[1304.613s][info][gc,heap        ] GC(183) Survivor regions: 42->41(75)
[1304.613s][info][gc,heap        ] GC(183) Old regions: 251->258
[1304.613s][info][gc,heap        ] GC(183) Humongous regions: 81->81
[1304.613s][info][gc,metaspace   ] GC(183) Metaspace: 29884K(30336K)->29884K(30336K) NonClass: 24476K(24704K)->24476K(24704K) Class: 5408K(5632K)->5408K(5632K)
[1304.613s][info][gc             ] GC(183) Pause Young (Normal) (G1 Evacuation Pause) 7385M->2989M(8192M) 147.706ms
[1304.613s][info][gc,cpu         ] GC(183) User=1.17s Sys=0.00s Real=0.14s
.................... (rIR:aIR:PR = 853:854:854) (tPR = 12569) [OK] 
  1323s: Performance info:
         Transaction,    Success,    Partial,     Failed,   Receipts, AvgBarcode, 
             Overall,      51238,          0,          0,      48681,      59.47, 
         Response times:
             Request,    Success,    Partial,     Failed,   SkipFail,     Probes,    Samples,      min,      p50,      p90,      p95,      p99,      max, 
       TotalPurchase,      48681,          0,          0,          0,      46907,      52857,      300,      800,     1300,     1400,     1700,   154000,
     InStorePurchase,      25597,          0,          0,          0,      24735,      27729,      300,      800,     1300,     1400,     1700,   154000,
      OnlinePurchase,      17953,          0,          0,          0,      17397,      19575,      300,      900,     1300,     1400,     1700,   150000,
        InstPurchase,       5131,          0,          0,          0,       4775,       5553,      400,      900,     1400,     1500,     1700,   150000,
          AssocOfCat,         52,          0,          0,          0,         51,         56,    19400,    24500,    26000,    31350,   174000,   174000,
      AssocOfProduct,        510,          0,          0,          0,        408,        523,      600,     1200,     1500,     1700,     2252,     4900,
      BusinessReport,        126,          0,          0,          0,         92,        133,    18900,    27000,    29000,    30000,    32660,    33000,
          CustBuyBeh,        513,          0,          0,          0,        439,        575,      200,      300,      800,     1000,     1500,     4700,
       ProductReturn,       1356,          0,          0,          0,       1223,       1493,      200,      400,     1000,     1100,     1500,   150000,

  1323s: ( 7%)   IR =    995 ....|.................[1344.866s][info][gc,start       ] GC(184) Pause Young (Normal) (G1 Evacuation Pause)
[1344.866s][info][gc,task        ] GC(184) Using 8 workers of 8 for evacuation
[1345.012s][info][gc,phases      ] GC(184)   Pre Evacuate Collection Set: 0.29ms
[1345.012s][info][gc,phases      ] GC(184)   Merge Heap Roots: 0.59ms
[1345.012s][info][gc,phases      ] GC(184)   Evacuate Collection Set: 144.05ms
[1345.012s][info][gc,phases      ] GC(184)   Post Evacuate Collection Set: 0.99ms
[1345.012s][info][gc,phases      ] GC(184)   Other: 0.08ms
[1345.012s][info][gc,heap        ] GC(184) Eden regions: 551->0(542)
[1345.012s][info][gc,heap        ] GC(184) Survivor regions: 41->42(74)
[1345.012s][info][gc,heap        ] GC(184) Old regions: 258->265
[1345.012s][info][gc,heap        ] GC(184) Humongous regions: 81->81
[1345.012s][info][gc,metaspace   ] GC(184) Metaspace: 29887K(30336K)->29887K(30336K) NonClass: 24479K(24704K)->24479K(24704K) Class: 5408K(5632K)->5408K(5632K)
[1345.012s][info][gc             ] GC(184) Pause Young (Normal) (G1 Evacuation Pause) 7397M->3049M(8192M) 146.132ms
[1345.012s][info][gc,cpu         ] GC(184) User=1.15s Sys=0.00s Real=0.14s
....................................[1381.652s][info][gc,start       ] GC(185) Pause Young (Normal) (G1 Evacuation Pause)
[1381.652s][info][gc,task        ] GC(185) Using 8 workers of 8 for evacuation
[1381.796s][info][gc,phases      ] GC(185)   Pre Evacuate Collection Set: 0.29ms
[1381.796s][info][gc,phases      ] GC(185)   Merge Heap Roots: 0.57ms
[1381.796s][info][gc,phases      ] GC(185)   Evacuate Collection Set: 142.77ms
[1381.796s][info][gc,phases      ] GC(185)   Post Evacuate Collection Set: 0.97ms
[1381.796s][info][gc,phases      ] GC(185)   Other: 0.07ms
[1381.796s][info][gc,heap        ] GC(185) Eden regions: 542->0(538)
[1381.796s][info][gc,heap        ] GC(185) Survivor regions: 42->41(73)
[1381.796s][info][gc,heap        ] GC(185) Old regions: 265->271
[1381.796s][info][gc,heap        ] GC(185) Humongous regions: 81->81
[1381.796s][info][gc,metaspace   ] GC(185) Metaspace: 29887K(30336K)->29887K(30336K) NonClass: 24479K(24704K)->24479K(24704K) Class: 5408K(5632K)->5408K(5632K)
[1381.796s][info][gc             ] GC(185) Pause Young (Normal) (G1 Evacuation Pause) 7385M->3096M(8192M) 144.822ms
[1381.797s][info][gc,cpu         ] GC(185) User=1.15s Sys=0.00s Real=0.15s
....... (rIR:aIR:PR = 995:996:996) (tPR = 14757) [OK] 
  1387s: Performance info:
         Transaction,    Success,    Partial,     Failed,   Receipts, AvgBarcode, 
             Overall,      59871,          0,          0,      56877,      59.48, 
         Response times:
             Request,    Success,    Partial,     Failed,   SkipFail,     Probes,    Samples,      min,      p50,      p90,      p95,      p99,      max, 
       TotalPurchase,      56875,          0,          0,          0,      54931,      59804,      300,      900,     1500,     1600,     2000,   150000,
     InStorePurchase,      29944,          0,          0,          0,      28973,      31391,      300,      900,     1400,     1600,     1900,   150000,
      OnlinePurchase,      20944,          0,          0,          0,      20274,      22093,      300,     1000,     1500,     1600,     2000,   149000,
        InstPurchase,       5987,          0,          0,          0,       5684,       6320,      400,     1000,     1500,     1700,     2100,   150000,
          AssocOfCat,         60,          0,          0,          0,         55,         62,    18300,    25000,    27000,    28850,    31000,    31000,
      AssocOfProduct,        595,          0,          0,          0,        485,        612,      700,     1400,     1700,     1800,     2000,     2600,
      BusinessReport,        151,          0,          0,          0,        103,        147,    19100,    28000,    32000,    34000,    47520,    48000,
          CustBuyBeh,        599,          0,          0,          0,        508,        641,      200,      900,     1300,     1490,     1700,     7500,
       ProductReturn,       1589,          0,          0,          0,       1424,       1660,      200,      500,     1100,     1300,     1600,     3900,

  1387s: ( 8%)   IR =   1137 .....|.....................[1414.382s][info][gc,start       ] GC(186) Pause Young (Normal) (G1 Evacuation Pause)
[1414.382s][info][gc,task        ] GC(186) Using 8 workers of 8 for evacuation
[1414.526s][info][gc,phases      ] GC(186)   Pre Evacuate Collection Set: 0.28ms
[1414.526s][info][gc,phases      ] GC(186)   Merge Heap Roots: 0.52ms
[1414.526s][info][gc,phases      ] GC(186)   Evacuate Collection Set: 142.71ms
[1414.526s][info][gc,phases      ] GC(186)   Post Evacuate Collection Set: 0.94ms
[1414.526s][info][gc,phases      ] GC(186)   Other: 0.08ms
[1414.526s][info][gc,heap        ] GC(186) Eden regions: 538->0(531)
[1414.526s][info][gc,heap        ] GC(186) Survivor regions: 41->41(73)
[1414.526s][info][gc,heap        ] GC(186) Old regions: 271->278
[1414.526s][info][gc,heap        ] GC(186) Humongous regions: 81->81
[1414.526s][info][gc,metaspace   ] GC(186) Metaspace: 29890K(30336K)->29890K(30336K) NonClass: 24482K(24704K)->24482K(24704K) Class: 5408K(5632K)->5408K(5632K)
[1414.526s][info][gc             ] GC(186) Pause Young (Normal) (G1 Evacuation Pause) 7400M->3152M(8192M) 144.690ms
[1414.526s][info][gc,cpu         ] GC(186) User=1.14s Sys=0.00s Real=0.15s
................................[1446.168s][info][gc,start       ] GC(187) Pause Young (Normal) (G1 Evacuation Pause)
[1446.168s][info][gc,task        ] GC(187) Using 8 workers of 8 for evacuation
[1446.314s][info][gc,phases      ] GC(187)   Pre Evacuate Collection Set: 0.28ms
[1446.314s][info][gc,phases      ] GC(187)   Merge Heap Roots: 0.57ms
[1446.314s][info][gc,phases      ] GC(187)   Evacuate Collection Set: 143.70ms
[1446.314s][info][gc,phases      ] GC(187)   Post Evacuate Collection Set: 0.94ms
[1446.314s][info][gc,phases      ] GC(187)   Other: 0.07ms
[1446.314s][info][gc,heap        ] GC(187) Eden regions: 531->0(521)
[1446.314s][info][gc,heap        ] GC(187) Survivor regions: 41->42(72)
[1446.314s][info][gc,heap        ] GC(187) Old regions: 278->286
[1446.314s][info][gc,heap        ] GC(187) Humongous regions: 81->81
[1446.314s][info][gc,metaspace   ] GC(187) Metaspace: 29890K(30336K)->29890K(30336K) NonClass: 24482K(24704K)->24482K(24704K) Class: 5408K(5632K)->5408K(5632K)
[1446.314s][info][gc             ] GC(187) Pause Young (Normal) (G1 Evacuation Pause) 7400M->3217M(8192M) 145.711ms
[1446.314s][info][gc,cpu         ] GC(187) User=1.15s Sys=0.00s Real=0.14s
....... (rIR:aIR:PR = 1137:1137:1137) (tPR = 16693) [OK] 
  1452s: Performance info:
         Transaction,    Success,    Partial,     Failed,   Receipts, AvgBarcode, 
             Overall,      68270,          0,          0,      64841,      59.48, 
         Response times:
             Request,    Success,    Partial,     Failed,   SkipFail,     Probes,    Samples,      min,      p50,      p90,      p95,      p99,      max, 
       TotalPurchase,      64841,          0,          0,          0,      62812,      69151,      300,     1000,     1600,     1800,     2200,   152000,
     InStorePurchase,      34148,          0,          0,          0,      33139,      36294,      400,     1100,     1600,     1800,     2200,   152000,
      OnlinePurchase,      23883,          0,          0,          0,      23167,      25539,      300,     1000,     1600,     1700,     2100,   152000,
        InstPurchase,       6810,          0,          0,          0,       6506,       7318,      500,     1100,     1700,     1800,     2400,   152000,
          AssocOfCat,         68,          0,          0,          0,         64,         72,    19900,    25000,    30700,    31700,    38000,    38000,
      AssocOfProduct,        687,          0,          0,          0,        587,        770,      500,     1200,     1700,     1800,     2329,     6500,
      BusinessReport,        172,          0,          0,          0,        122,        180,    19700,    29000,    32000,    35950,    45570,    48000,
          CustBuyBeh,        682,          0,          0,          0,        576,        739,      200,      600,     1300,     1400,     2000,     7000,
       ProductReturn,       1821,          0,          0,          0,       1629,       1900,      200,      700,     1400,     1600,     2000,     7100,

  1452s: ( 9%)   IR =   1279 .....|................[1474.462s][info][gc,start       ] GC(188) Pause Young (Normal) (G1 Evacuation Pause)
[1474.462s][info][gc,task        ] GC(188) Using 8 workers of 8 for evacuation
[1474.605s][info][gc,phases      ] GC(188)   Pre Evacuate Collection Set: 0.30ms
[1474.605s][info][gc,phases      ] GC(188)   Merge Heap Roots: 0.60ms
[1474.605s][info][gc,phases      ] GC(188)   Evacuate Collection Set: 141.54ms
[1474.605s][info][gc,phases      ] GC(188)   Post Evacuate Collection Set: 0.93ms
[1474.605s][info][gc,phases      ] GC(188)   Other: 0.06ms
[1474.605s][info][gc,heap        ] GC(188) Eden regions: 521->0(516)
[1474.605s][info][gc,heap        ] GC(188) Survivor regions: 42->41(71)
[1474.605s][info][gc,heap        ] GC(188) Old regions: 286->293
[1474.605s][info][gc,heap        ] GC(188) Humongous regions: 81->81
[1474.605s][info][gc,metaspace   ] GC(188) Metaspace: 29893K(30400K)->29893K(30400K) NonClass: 24484K(24768K)->24484K(24768K) Class: 5408K(5632K)->5408K(5632K)
[1474.605s][info][gc             ] GC(188) Pause Young (Normal) (G1 Evacuation Pause) 7385M->3270M(8192M) 143.573ms
[1474.605s][info][gc,cpu         ] GC(188) User=1.14s Sys=0.00s Real=0.15s
...........................[1501.830s][info][gc,start       ] GC(189) Pause Young (Normal) (G1 Evacuation Pause)
[1501.830s][info][gc,task        ] GC(189) Using 8 workers of 8 for evacuation
[1501.974s][info][gc,phases      ] GC(189)   Pre Evacuate Collection Set: 0.27ms
[1501.974s][info][gc,phases      ] GC(189)   Merge Heap Roots: 0.59ms
[1501.974s][info][gc,phases      ] GC(189)   Evacuate Collection Set: 142.64ms
[1501.974s][info][gc,phases      ] GC(189)   Post Evacuate Collection Set: 0.93ms
[1501.974s][info][gc,phases      ] GC(189)   Other: 0.08ms
[1501.974s][info][gc,heap        ] GC(189) Eden regions: 516->0(508)
[1501.974s][info][gc,heap        ] GC(189) Survivor regions: 41->41(70)
[1501.974s][info][gc,heap        ] GC(189) Old regions: 293->301
[1501.974s][info][gc,heap        ] GC(189) Humongous regions: 81->81
[1501.974s][info][gc,metaspace   ] GC(189) Metaspace: 29893K(30400K)->29893K(30400K) NonClass: 24484K(24768K)->24484K(24768K) Class: 5408K(5632K)->5408K(5632K)
[1501.974s][info][gc             ] GC(189) Pause Young (Normal) (G1 Evacuation Pause) 7398M->3333M(8192M) 144.663ms
[1501.974s][info][gc,cpu         ] GC(189) User=1.14s Sys=0.00s Real=0.14s
................. (rIR:aIR:PR = 1279:1279:1279) (tPR = 18949) [OK] 
  1517s: Performance info:
         Transaction,    Success,    Partial,     Failed,   Receipts, AvgBarcode, 
             Overall,      76928,          0,          0,      73085,      59.48, 
         Response times:
             Request,    Success,    Partial,     Failed,   SkipFail,     Probes,    Samples,      min,      p50,      p90,      p95,      p99,      max, 
       TotalPurchase,      73085,          0,          0,          0,      70192,      77143,      300,     1100,     1700,     1900,     2400,   152000,
     InStorePurchase,      38460,          0,          0,          0,      37057,      40564,      300,     1100,     1700,     1900,     2400,   148000,
      OnlinePurchase,      26942,          0,          0,          0,      25831,      28324,      300,     1200,     1800,     1900,     2400,   148000,
        InstPurchase,       7683,          0,          0,          0,       7304,       8255,      400,     1000,     1700,     1900,     2400,   152000,
          AssocOfCat,         78,          0,          0,          0,         71,         82,    17900,    25500,    30000,    31700,    35000,    35000,
      AssocOfProduct,        767,          0,          0,          0,        653,        804,      500,      900,     1650,     1900,     2300,   146000,
      BusinessReport,        194,          0,          0,          0,        137,        203,    21000,    29000,    31000,    33800,    44000,    45000,
          CustBuyBeh,        772,          0,          0,          0,        669,        834,      200,      500,     1400,     1600,     1965,     2200,
       ProductReturn,       2032,          0,          0,          0,       1852,       2162,      200,      700,     1500,     1700,     2000,     3900,

  1517s: (10%)   IR =   1421 ....|.....[1527.714s][info][gc,start       ] GC(190) Pause Young (Normal) (G1 Evacuation Pause)
[1527.714s][info][gc,task        ] GC(190) Using 8 workers of 8 for evacuation
[1527.859s][info][gc,phases      ] GC(190)   Pre Evacuate Collection Set: 0.27ms
[1527.859s][info][gc,phases      ] GC(190)   Merge Heap Roots: 0.56ms
[1527.859s][info][gc,phases      ] GC(190)   Evacuate Collection Set: 143.16ms
[1527.859s][info][gc,phases      ] GC(190)   Post Evacuate Collection Set: 0.96ms
[1527.859s][info][gc,phases      ] GC(190)   Other: 0.06ms
[1527.859s][info][gc,heap        ] GC(190) Eden regions: 508->0(501)
[1527.859s][info][gc,heap        ] GC(190) Survivor regions: 41->41(69)
[1527.859s][info][gc,heap        ] GC(190) Old regions: 301->308
[1527.859s][info][gc,heap        ] GC(190) Humongous regions: 81->81
[1527.859s][info][gc,metaspace   ] GC(190) Metaspace: 29893K(30400K)->29893K(30400K) NonClass: 24484K(24768K)->24484K(24768K) Class: 5408K(5632K)->5408K(5632K)
[1527.859s][info][gc             ] GC(190) Pause Young (Normal) (G1 Evacuation Pause) 7397M->3392M(8192M) 145.141ms
[1527.859s][info][gc,cpu         ] GC(190) User=1.15s Sys=0.00s Real=0.15s
........................[1551.551s][info][gc,start       ] GC(191) Pause Young (Normal) (G1 Evacuation Pause)
[1551.552s][info][gc,task        ] GC(191) Using 8 workers of 8 for evacuation
[1551.694s][info][gc,phases      ] GC(191)   Pre Evacuate Collection Set: 0.23ms
[1551.694s][info][gc,phases      ] GC(191)   Merge Heap Roots: 0.54ms
[1551.694s][info][gc,phases      ] GC(191)   Evacuate Collection Set: 140.18ms
[1551.694s][info][gc,phases      ] GC(191)   Post Evacuate Collection Set: 0.96ms
[1551.694s][info][gc,phases      ] GC(191)   Other: 0.07ms
[1551.694s][info][gc,heap        ] GC(191) Eden regions: 501->0(495)
[1551.694s][info][gc,heap        ] GC(191) Survivor regions: 41->40(68)
[1551.694s][info][gc,heap        ] GC(191) Old regions: 308->316
[1551.694s][info][gc,heap        ] GC(191) Humongous regions: 81->81
[1551.694s][info][gc,metaspace   ] GC(191) Metaspace: 29894K(30400K)->29894K(30400K) NonClass: 24486K(24768K)->24486K(24768K) Class: 5408K(5632K)->5408K(5632K)
[1551.694s][info][gc             ] GC(191) Pause Young (Normal) (G1 Evacuation Pause) 7400M->3445M(8192M) 142.123ms
[1551.694s][info][gc,cpu         ] GC(191) User=1.12s Sys=0.00s Real=0.14s
.......................[1574.985s][info][gc,start       ] GC(192) Pause Young (Normal) (G1 Evacuation Pause)
[1574.985s][info][gc,task        ] GC(192) Using 8 workers of 8 for evacuation
[1575.125s][info][gc,phases      ] GC(192)   Pre Evacuate Collection Set: 0.25ms
[1575.125s][info][gc,phases      ] GC(192)   Merge Heap Roots: 0.46ms
[1575.125s][info][gc,phases      ] GC(192)   Evacuate Collection Set: 138.63ms
[1575.125s][info][gc,phases      ] GC(192)   Post Evacuate Collection Set: 0.92ms
[1575.125s][info][gc,phases      ] GC(192)   Other: 0.06ms
[1575.125s][info][gc,heap        ] GC(192) Eden regions: 495->0(487)
[1575.125s][info][gc,heap        ] GC(192) Survivor regions: 40->40(67)
[1575.125s][info][gc,heap        ] GC(192) Old regions: 316->324
[1575.125s][info][gc,heap        ] GC(192) Humongous regions: 81->81
[1575.125s][info][gc,metaspace   ] GC(192) Metaspace: 29894K(30400K)->29894K(30400K) NonClass: 24486K(24768K)->24486K(24768K) Class: 5408K(5632K)->5408K(5632K)
[1575.125s][info][gc             ] GC(192) Pause Young (Normal) (G1 Evacuation Pause) 7405M->3507M(8192M) 140.443ms
[1575.125s][info][gc,cpu         ] GC(192) User=1.11s Sys=0.00s Real=0.14s
........ (rIR:aIR:PR = 1421:1420:1420) (tPR = 21218) [OK] 
  1581s: Performance info:
         Transaction,    Success,    Partial,     Failed,   Receipts, AvgBarcode, 
             Overall,      85388,          0,          0,      81109,      59.46, 
         Response times:
             Request,    Success,    Partial,     Failed,   SkipFail,     Probes,    Samples,      min,      p50,      p90,      p95,      p99,      max, 
       TotalPurchase,      81109,          0,          0,          0,      78515,      85341,      300,     1200,     1900,     2100,     2600,   149000,
     InStorePurchase,      42667,          0,          0,          0,      41412,      44824,      300,     1100,     1800,     2000,     2600,   149000,
      OnlinePurchase,      29898,          0,          0,          0,      29072,      31654,      300,     1300,     1900,     2100,     2600,   149000,
        InstPurchase,       8544,          0,          0,          0,       8031,       8863,      400,     1300,     1900,     2100,     2600,   149000,
          AssocOfCat,         87,          0,          0,          0,         83,         90,    19500,    25000,    29000,    31450,    35000,    35000,
      AssocOfProduct,        848,          0,          0,          0,        723,        850,      400,     1300,     2000,     2100,     3000,     7200,
      BusinessReport,        213,          0,          0,          0,        150,        214,    19800,    29000,    34500,    40750,   168050,   178000,
          CustBuyBeh,        856,          0,          0,          0,        710,        849,      200,     1000,     1700,     1900,     2400,    13600,
       ProductReturn,       2275,          0,          0,          0,       2075,       2434,      200,     1100,     1800,     2000,     2500,   149000,

  1581s: (11%)   IR =   1563 ....|..........[1596.750s][info][gc,start       ] GC(193) Pause Young (Normal) (G1 Evacuation Pause)
[1596.750s][info][gc,task        ] GC(193) Using 8 workers of 8 for evacuation
[1596.892s][info][gc,phases      ] GC(193)   Pre Evacuate Collection Set: 0.26ms
[1596.892s][info][gc,phases      ] GC(193)   Merge Heap Roots: 0.46ms
[1596.892s][info][gc,phases      ] GC(193)   Evacuate Collection Set: 139.68ms
[1596.892s][info][gc,phases      ] GC(193)   Post Evacuate Collection Set: 0.89ms
[1596.892s][info][gc,phases      ] GC(193)   Other: 0.07ms
[1596.892s][info][gc,heap        ] GC(193) Eden regions: 487->0(480)
[1596.892s][info][gc,heap        ] GC(193) Survivor regions: 40->40(66)
[1596.892s][info][gc,heap        ] GC(193) Old regions: 324->331
[1596.892s][info][gc,heap        ] GC(193) Humongous regions: 81->81
[1596.892s][info][gc,metaspace   ] GC(193) Metaspace: 29894K(30400K)->29894K(30400K) NonClass: 24486K(24768K)->24486K(24768K) Class: 5408K(5632K)->5408K(5632K)
[1596.892s][info][gc             ] GC(193) Pause Young (Normal) (G1 Evacuation Pause) 7403M->3567M(8192M) 141.486ms
[1596.892s][info][gc,cpu         ] GC(193) User=1.12s Sys=0.00s Real=0.14s
.....................[1617.513s][info][gc,start       ] GC(194) Pause Young (Normal) (G1 Evacuation Pause)
[1617.513s][info][gc,task        ] GC(194) Using 8 workers of 8 for evacuation
[1617.653s][info][gc,phases      ] GC(194)   Pre Evacuate Collection Set: 0.23ms
[1617.653s][info][gc,phases      ] GC(194)   Merge Heap Roots: 0.53ms
[1617.653s][info][gc,phases      ] GC(194)   Evacuate Collection Set: 137.70ms
[1617.653s][info][gc,phases      ] GC(194)   Post Evacuate Collection Set: 0.91ms
[1617.653s][info][gc,phases      ] GC(194)   Other: 0.07ms
[1617.653s][info][gc,heap        ] GC(194) Eden regions: 480->0(472)
[1617.653s][info][gc,heap        ] GC(194) Survivor regions: 40->40(65)
[1617.653s][info][gc,heap        ] GC(194) Old regions: 331->339
[1617.653s][info][gc,heap        ] GC(194) Humongous regions: 81->81
[1617.653s][info][gc,metaspace   ] GC(194) Metaspace: 29894K(30400K)->29894K(30400K) NonClass: 24486K(24768K)->24486K(24768K) Class: 5408K(5632K)->5408K(5632K)
[1617.653s][info][gc             ] GC(194) Pause Young (Normal) (G1 Evacuation Pause) 7407M->3625M(8192M) 139.572ms
[1617.653s][info][gc,cpu         ] GC(194) User=1.11s Sys=0.00s Real=0.14s
....................[1637.871s][info][gc,start       ] GC(195) Pause Young (Normal) (G1 Evacuation Pause)
[1637.871s][info][gc,task        ] GC(195) Using 8 workers of 8 for evacuation
[1638.009s][info][gc,phases      ] GC(195)   Pre Evacuate Collection Set: 0.24ms
[1638.009s][info][gc,phases      ] GC(195)   Merge Heap Roots: 0.51ms
[1638.009s][info][gc,phases      ] GC(195)   Evacuate Collection Set: 136.44ms
[1638.009s][info][gc,phases      ] GC(195)   Post Evacuate Collection Set: 0.90ms
[1638.009s][info][gc,phases      ] GC(195)   Other: 0.07ms
[1638.009s][info][gc,heap        ] GC(195) Eden regions: 472->0(467)
[1638.009s][info][gc,heap        ] GC(195) Survivor regions: 40->39(64)
[1638.009s][info][gc,heap        ] GC(195) Old regions: 339->346
[1638.009s][info][gc,heap        ] GC(195) Humongous regions: 81->81
[1638.009s][info][gc,metaspace   ] GC(195) Metaspace: 29894K(30400K)->29894K(30400K) NonClass: 24486K(24768K)->24486K(24768K) Class: 5408K(5632K)->5408K(5632K)
[1638.009s][info][gc             ] GC(195) Pause Young (Normal) (G1 Evacuation Pause) 7401M->3683M(8192M) 138.298ms
[1638.009s][info][gc,cpu         ] GC(195) User=1.09s Sys=0.00s Real=0.14s
......... (rIR:aIR:PR = 1563:1564:1564) (tPR = 23222) [OK] 
  1646s: Performance info:
         Transaction,    Success,    Partial,     Failed,   Receipts, AvgBarcode, 
             Overall,      93869,          0,          0,      89169,      59.47, 
         Response times:
             Request,    Success,    Partial,     Failed,   SkipFail,     Probes,    Samples,      min,      p50,      p90,      p95,      p99,      max, 
       TotalPurchase,      89169,          0,          0,          0,      86647,      93763,      300,     1300,     2000,     2200,     2800,   150000,
     InStorePurchase,      46932,          0,          0,          0,      45899,      49461,      400,     1200,     2000,     2200,     2800,   148000,
      OnlinePurchase,      32859,          0,          0,          0,      31853,      34506,      300,     1300,     2100,     2200,     2800,   148000,
        InstPurchase,       9378,          0,          0,          0,       8895,       9796,      400,     1600,     2200,     2300,     2700,   150000,
          AssocOfCat,         93,          0,          0,          0,         89,         99,    17800,    26000,    30000,    33000,   168000,   168000,
      AssocOfProduct,        943,          0,          0,          0,        808,        988,      600,     1700,     2300,     2400,     3211,    11400,
      BusinessReport,        235,          0,          0,          0,        148,        202,    21000,    30000,    33000,    37000,    59610,   173000,
          CustBuyBeh,        939,          0,          0,          0,        821,        989,      300,     1300,     2000,     2200,     5240,    13300,
       ProductReturn,       2490,          0,          0,          0,       2267,       2606,      200,     1300,     2000,     2200,     2600,   141000,

  1646s: (12%)   IR =   1705 ......|....[1657.063s][info][gc,start       ] GC(196) Pause Young (Normal) (G1 Evacuation Pause)
[1657.063s][info][gc,task        ] GC(196) Using 8 workers of 8 for evacuation
[1657.201s][info][gc,phases      ] GC(196)   Pre Evacuate Collection Set: 0.30ms
[1657.201s][info][gc,phases      ] GC(196)   Merge Heap Roots: 0.56ms
[1657.201s][info][gc,phases      ] GC(196)   Evacuate Collection Set: 136.07ms
[1657.201s][info][gc,phases      ] GC(196)   Post Evacuate Collection Set: 0.88ms
[1657.201s][info][gc,phases      ] GC(196)   Other: 0.06ms
[1657.201s][info][gc,heap        ] GC(196) Eden regions: 467->0(461)
[1657.201s][info][gc,heap        ] GC(196) Survivor regions: 39->38(64)
[1657.201s][info][gc,heap        ] GC(196) Old regions: 346->354
[1657.201s][info][gc,heap        ] GC(196) Humongous regions: 81->81
[1657.201s][info][gc,metaspace   ] GC(196) Metaspace: 29894K(30400K)->29894K(30400K) NonClass: 24486K(24768K)->24486K(24768K) Class: 5408K(5632K)->5408K(5632K)
[1657.201s][info][gc             ] GC(196) Pause Young (Normal) (G1 Evacuation Pause) 7419M->3738M(8192M) 138.000ms
[1657.201s][info][gc,cpu         ] GC(196) User=1.10s Sys=0.00s Real=0.14s
...................[1675.271s][info][gc,start       ] GC(197) Pause Young (Normal) (G1 Evacuation Pause)
[1675.271s][info][gc,task        ] GC(197) Using 8 workers of 8 for evacuation
[1675.409s][info][gc,phases      ] GC(197)   Pre Evacuate Collection Set: 0.26ms
[1675.409s][info][gc,phases      ] GC(197)   Merge Heap Roots: 0.50ms
[1675.409s][info][gc,phases      ] GC(197)   Evacuate Collection Set: 135.84ms
[1675.409s][info][gc,phases      ] GC(197)   Post Evacuate Collection Set: 0.89ms
[1675.409s][info][gc,phases      ] GC(197)   Other: 0.07ms
[1675.409s][info][gc,heap        ] GC(197) Eden regions: 461->0(453)
[1675.409s][info][gc,heap        ] GC(197) Survivor regions: 38->38(63)
[1675.409s][info][gc,heap        ] GC(197) Old regions: 354->362
[1675.409s][info][gc,heap        ] GC(197) Humongous regions: 81->81
[1675.409s][info][gc,metaspace   ] GC(197) Metaspace: 29894K(30400K)->29894K(30400K) NonClass: 24486K(24768K)->24486K(24768K) Class: 5408K(5632K)->5408K(5632K)
[1675.409s][info][gc             ] GC(197) Pause Young (Normal) (G1 Evacuation Pause) 7426M->3800M(8192M) 137.698ms
[1675.409s][info][gc,cpu         ] GC(197) User=1.09s Sys=0.00s Real=0.14s
..................[1693.263s][info][gc,start       ] GC(198) Pause Young (Normal) (G1 Evacuation Pause)
[1693.263s][info][gc,task        ] GC(198) Using 8 workers of 8 for evacuation
[1693.403s][info][gc,phases      ] GC(198)   Pre Evacuate Collection Set: 0.28ms
[1693.403s][info][gc,phases      ] GC(198)   Merge Heap Roots: 0.58ms
[1693.403s][info][gc,phases      ] GC(198)   Evacuate Collection Set: 138.71ms
[1693.403s][info][gc,phases      ] GC(198)   Post Evacuate Collection Set: 0.84ms
[1693.403s][info][gc,phases      ] GC(198)   Other: 0.07ms
[1693.403s][info][gc,heap        ] GC(198) Eden regions: 453->0(443)
[1693.403s][info][gc,heap        ] GC(198) Survivor regions: 38->39(62)
[1693.403s][info][gc,heap        ] GC(198) Old regions: 362->370
[1693.403s][info][gc,heap        ] GC(198) Humongous regions: 81->81
[1693.403s][info][gc,metaspace   ] GC(198) Metaspace: 29894K(30400K)->29894K(30400K) NonClass: 24486K(24768K)->24486K(24768K) Class: 5408K(5632K)->5408K(5632K)
[1693.403s][info][gc             ] GC(198) Pause Young (Normal) (G1 Evacuation Pause) 7424M->3871M(8192M) 140.625ms
[1693.403s][info][gc,cpu         ] GC(198) User=1.11s Sys=0.00s Real=0.14s
.................[1710.812s][info][gc,start       ] GC(199) Pause Young (Normal) (G1 Evacuation Pause)
[1710.812s][info][gc,task        ] GC(199) Using 8 workers of 8 for evacuation
[1710.947s][info][gc,phases      ] GC(199)   Pre Evacuate Collection Set: 0.23ms
[1710.947s][info][gc,phases      ] GC(199)   Merge Heap Roots: 0.53ms
[1710.947s][info][gc,phases      ] GC(199)   Evacuate Collection Set: 133.38ms
[1710.947s][info][gc,phases      ] GC(199)   Post Evacuate Collection Set: 0.85ms
[1710.947s][info][gc,phases      ] GC(199)   Other: 0.07ms
[1710.947s][info][gc,heap        ] GC(199) Eden regions: 443->0(437)
[1710.947s][info][gc,heap        ] GC(199) Survivor regions: 39->38(61)
[1710.947s][info][gc,heap        ] GC(199) Old regions: 370->378
[1710.947s][info][gc,heap        ] GC(199) Humongous regions: 81->81
[1710.947s][info][gc,metaspace   ] GC(199) Metaspace: 29894K(30400K)->29894K(30400K) NonClass: 24486K(24768K)->24486K(24768K) Class: 5408K(5632K)->5408K(5632K)
[1710.947s][info][gc             ] GC(199) Pause Young (Normal) (G1 Evacuation Pause) 7415M->3923M(8192M) 135.196ms
[1710.947s][info][gc,cpu         ] GC(199) User=1.07s Sys=0.00s Real=0.14s
.. (rIR:aIR:PR = 1705:1706:1706) (tPR = 25376) [OK] 
  1712s: Performance info:
         Transaction,    Success,    Partial,     Failed,   Receipts, AvgBarcode, 
             Overall,     102414,          0,          0,      97303,      59.47, 
         Response times:
             Request,    Success,    Partial,     Failed,   SkipFail,     Probes,    Samples,      min,      p50,      p90,      p95,      p99,      max, 
       TotalPurchase,      97304,          0,          0,          0,      94594,     105580,      400,     1400,     2200,     2400,     3100,   143000,
     InStorePurchase,      51219,          0,          0,          0,      50022,      55668,      400,     1300,     2100,     2400,     3100,   143000,
      OnlinePurchase,      35852,          0,          0,          0,      34856,      38882,      400,     1300,     2200,     2400,     3100,   143000,
        InstPurchase,      10233,          0,          0,          0,       9716,      11030,      400,     1600,     2300,     2500,     3200,   143000,
          AssocOfCat,        104,          0,          0,          0,        102,        112,    19300,    26000,    31000,    35350,    39870,    40000,
      AssocOfProduct,       1021,          0,          0,          0,        900,       1136,      600,     1800,     2400,     2600,     6100,   138000,
      BusinessReport,        256,          0,          0,          0,        197,        271,    21000,    30000,    33800,    37000,   112800,   178000,
          CustBuyBeh,       1026,          0,          0,          0,        897,       1115,      200,      300,      700,     1000,     1884,   139000,
       ProductReturn,       2704,          0,          0,          0,       2488,       2932,      200,     1200,     2000,     2300,     2900,   140000,

  1712s: (13%)   IR =   1847 ....|..........[1727.011s][info][gc,start       ] GC(200) Pause Young (Normal) (G1 Evacuation Pause)
[1727.011s][info][gc,task        ] GC(200) Using 8 workers of 8 for evacuation
[1727.146s][info][gc,phases      ] GC(200)   Pre Evacuate Collection Set: 0.26ms
[1727.146s][info][gc,phases      ] GC(200)   Merge Heap Roots: 0.56ms
[1727.146s][info][gc,phases      ] GC(200)   Evacuate Collection Set: 133.74ms
[1727.146s][info][gc,phases      ] GC(200)   Post Evacuate Collection Set: 0.86ms
[1727.146s][info][gc,phases      ] GC(200)   Other: 0.06ms
[1727.146s][info][gc,heap        ] GC(200) Eden regions: 437->0(429)
[1727.146s][info][gc,heap        ] GC(200) Survivor regions: 38->38(60)
[1727.146s][info][gc,heap        ] GC(200) Old regions: 378->386
[1727.146s][info][gc,heap        ] GC(200) Humongous regions: 81->81
[1727.146s][info][gc,metaspace   ] GC(200) Metaspace: 29897K(30400K)->29897K(30400K) NonClass: 24488K(24768K)->24488K(24768K) Class: 5408K(5632K)->5408K(5632K)
[1727.146s][info][gc             ] GC(200) Pause Young (Normal) (G1 Evacuation Pause) 7419M->3987M(8192M) 135.620ms
[1727.146s][info][gc,cpu         ] GC(200) User=1.08s Sys=0.00s Real=0.14s
................[1742.708s][info][gc,start       ] GC(201) Pause Young (Concurrent Start) (G1 Evacuation Pause)
[1742.708s][info][gc,task        ] GC(201) Using 8 workers of 8 for evacuation
[1742.844s][info][gc,phases      ] GC(201)   Pre Evacuate Collection Set: 0.29ms
[1742.844s][info][gc,phases      ] GC(201)   Merge Heap Roots: 0.48ms
[1742.844s][info][gc,phases      ] GC(201)   Evacuate Collection Set: 134.24ms
[1742.844s][info][gc,phases      ] GC(201)   Post Evacuate Collection Set: 0.83ms
[1742.844s][info][gc,phases      ] GC(201)   Other: 0.09ms
[1742.844s][info][gc,heap        ] GC(201) Eden regions: 429->0(423)
[1742.844s][info][gc,heap        ] GC(201) Survivor regions: 38->37(59)
[1742.844s][info][gc,heap        ] GC(201) Old regions: 386->394
[1742.844s][info][gc,heap        ] GC(201) Humongous regions: 81->81
[1742.844s][info][gc,metaspace   ] GC(201) Metaspace: 29897K(30400K)->29897K(30400K) NonClass: 24488K(24768K)->24488K(24768K) Class: 5408K(5632K)->5408K(5632K)
[1742.844s][info][gc             ] GC(201) Pause Young (Concurrent Start) (G1 Evacuation Pause) 7419M->4043M(8192M) 136.066ms
[1742.844s][info][gc             ] GC(202) Concurrent Mark Cycle
[1742.844s][info][gc,marking     ] GC(202) Concurrent Scan Root Regions
[1742.844s][info][gc,cpu         ] GC(201) User=1.08s Sys=0.00s Real=0.13s
[1743.047s][info][gc,marking     ] GC(202) Concurrent Scan Root Regions 203.483ms
[1743.047s][info][gc,marking     ] GC(202) Concurrent Mark
[1743.048s][info][gc,marking     ] GC(202) Concurrent Mark From Roots
[1743.048s][info][gc,task        ] GC(202) Using 2 workers of 2 for marking
.[1743.550s][info][gc,marking     ] GC(202) Concurrent Mark From Roots 502.608ms
[1743.550s][info][gc,marking     ] GC(202) Concurrent Preclean
[1743.550s][info][gc,marking     ] GC(202) Concurrent Preclean 0.113ms
[1743.550s][info][gc,start       ] GC(202) Pause Remark
[1743.552s][info][gc             ] GC(202) Pause Remark 4259M->2659M(8192M) 1.884ms
[1743.552s][info][gc,cpu         ] GC(202) User=0.01s Sys=0.00s Real=0.00s
[1743.552s][info][gc,marking     ] GC(202) Concurrent Mark 504.892ms
[1743.552s][info][gc,marking     ] GC(202) Concurrent Rebuild Remembered Sets and Scrub Regions
[1743.867s][info][gc,marking     ] GC(202) Concurrent Rebuild Remembered Sets and Scrub Regions 314.834ms
[1743.867s][info][gc,start       ] GC(202) Pause Cleanup
[1743.868s][info][gc             ] GC(202) Pause Cleanup 2721M->2721M(8192M) 0.283ms
[1743.868s][info][gc,cpu         ] GC(202) User=0.00s Sys=0.00s Real=0.00s
[1743.868s][info][gc,marking     ] GC(202) Concurrent Clear Claimed Marks
[1743.868s][info][gc,marking     ] GC(202) Concurrent Clear Claimed Marks 0.050ms
[1743.868s][info][gc,marking     ] GC(202) Concurrent Cleanup for Next Mark
[1743.876s][info][gc,marking     ] GC(202) Concurrent Cleanup for Next Mark 7.896ms
[1743.876s][info][gc             ] GC(202) Concurrent Mark Cycle 1031.864ms
..............[1758.063s][info][gc,start       ] GC(203) Pause Young (Prepare Mixed) (G1 Evacuation Pause)
[1758.063s][info][gc,task        ] GC(203) Using 8 workers of 8 for evacuation
[1758.197s][info][gc,phases      ] GC(203)   Pre Evacuate Collection Set: 0.26ms
[1758.197s][info][gc,phases      ] GC(203)   Merge Heap Roots: 0.61ms
[1758.197s][info][gc,phases      ] GC(203)   Evacuate Collection Set: 132.06ms
[1758.197s][info][gc,phases      ] GC(203)   Post Evacuate Collection Set: 0.91ms
[1758.197s][info][gc,phases      ] GC(203)   Other: 0.07ms
[1758.197s][info][gc,heap        ] GC(203) Eden regions: 423->0(577)
[1758.197s][info][gc,heap        ] GC(203) Survivor regions: 37->37(58)
[1758.197s][info][gc,heap        ] GC(203) Old regions: 242->250
[1758.197s][info][gc,heap        ] GC(203) Humongous regions: 33->33
[1758.197s][info][gc,metaspace   ] GC(203) Metaspace: 29897K(30400K)->29897K(30400K) NonClass: 24488K(24768K)->24488K(24768K) Class: 5408K(5632K)->5408K(5632K)
[1758.197s][info][gc             ] GC(203) Pause Young (Prepare Mixed) (G1 Evacuation Pause) 5827M->2515M(8192M) 134.054ms
[1758.197s][info][gc,cpu         ] GC(203) User=1.07s Sys=0.00s Real=0.14s
................... (rIR:aIR:PR = 1847:1847:1847) (tPR = 27462) [OK] 
  1776s: Performance info:
         Transaction,    Success,    Partial,     Failed,   Receipts, AvgBarcode, 
             Overall,     110892,          0,          0,     105335,      59.48, 
         Response times:
             Request,    Success,    Partial,     Failed,   SkipFail,     Probes,    Samples,      min,      p50,      p90,      p95,      p99,      max, 
       TotalPurchase,     105334,          0,          0,          0,     102265,     110429,      400,     1400,     2300,     2600,     3600,   144000,
     InStorePurchase,      55407,          0,          0,          0,      54017,      58175,      400,     1400,     2300,     2500,     3500,   144000,
      OnlinePurchase,      38845,          0,          0,          0,      37636,      40580,      400,     1400,     2300,     2600,     3600,   143000,
        InstPurchase,      11082,          0,          0,          0,      10612,      11674,      500,     1600,     2400,     2700,     3800,   142000,
          AssocOfCat,        112,          0,          0,          0,        103,        118,    17300,    26000,    30000,    35050,    51720,    54000,
      AssocOfProduct,       1110,          0,          0,          0,        958,       1134,      600,     2000,     2700,     2900,     3400,   141000,
      BusinessReport,        277,          0,          0,          0,        220,        314,    19800,    30000,    33000,    36250,    81750,   199000,
          CustBuyBeh,       1106,          0,          0,          0,        957,       1130,      500,     1600,     2300,     2500,     3338,    24000,
       ProductReturn,       2952,          0,          0,          0,       2745,       3103,      200,     1500,     2300,     2500,     3300,    12100,

  1776s: (14%)   IR =   1989 ..[1779.057s][info][gc,start       ] GC(204) Pause Young (Mixed) (G1 Evacuation Pause)
[1779.057s][info][gc,task        ] GC(204) Using 8 workers of 8 for evacuation
[1779.208s][info][gc,phases      ] GC(204)   Pre Evacuate Collection Set: 0.33ms
[1779.208s][info][gc,phases      ] GC(204)   Merge Heap Roots: 0.87ms
[1779.208s][info][gc,phases      ] GC(204)   Evacuate Collection Set: 148.36ms
[1779.208s][info][gc,phases      ] GC(204)   Post Evacuate Collection Set: 1.23ms
[1779.208s][info][gc,phases      ] GC(204)   Other: 0.08ms
[1779.208s][info][gc,heap        ] GC(204) Eden regions: 577->0(568)
[1779.208s][info][gc,heap        ] GC(204) Survivor regions: 37->46(77)
[1779.208s][info][gc,heap        ] GC(204) Old regions: 250->150
[1779.208s][info][gc,heap        ] GC(204) Humongous regions: 33->33
[1779.208s][info][gc,metaspace   ] GC(204) Metaspace: 29902K(30400K)->29902K(30400K) NonClass: 24494K(24768K)->24494K(24768K) Class: 5408K(5632K)->5408K(5632K)
[1779.208s][info][gc             ] GC(204) Pause Young (Mixed) (G1 Evacuation Pause) 7131M->1810M(8192M) 151.026ms
[1779.208s][info][gc,cpu         ] GC(204) User=1.19s Sys=0.00s Real=0.15s
.....|..............[1798.263s][info][gc,start       ] GC(205) Pause Young (Mixed) (G1 Evacuation Pause)
[1798.263s][info][gc,task        ] GC(205) Using 8 workers of 8 for evacuation
[1798.424s][info][gc,phases      ] GC(205)   Pre Evacuate Collection Set: 0.25ms
[1798.424s][info][gc,phases      ] GC(205)   Merge Heap Roots: 0.78ms
[1798.424s][info][gc,phases      ] GC(205)   Evacuate Collection Set: 158.95ms
[1798.424s][info][gc,phases      ] GC(205)   Post Evacuate Collection Set: 1.06ms
[1798.424s][info][gc,phases      ] GC(205)   Other: 0.07ms
[1798.424s][info][gc,heap        ] GC(205) Eden regions: 568->0(566)
[1798.424s][info][gc,heap        ] GC(205) Survivor regions: 46->48(77)
[1798.424s][info][gc,heap        ] GC(205) Old regions: 150->137
[1798.424s][info][gc,heap        ] GC(205) Humongous regions: 33->33
[1798.424s][info][gc,metaspace   ] GC(205) Metaspace: 29902K(30400K)->29902K(30400K) NonClass: 24494K(24768K)->24494K(24768K) Class: 5408K(5632K)->5408K(5632K)
[1798.424s][info][gc             ] GC(205) Pause Young (Mixed) (G1 Evacuation Pause) 6354M->1723M(8192M) 161.263ms
[1798.424s][info][gc,cpu         ] GC(205) User=1.28s Sys=0.00s Real=0.16s
....................[1817.578s][info][gc,start       ] GC(206) Pause Young (Normal) (G1 Evacuation Pause)
[1817.578s][info][gc,task        ] GC(206) Using 8 workers of 8 for evacuation
[1817.731s][info][gc,phases      ] GC(206)   Pre Evacuate Collection Set: 0.27ms
[1817.731s][info][gc,phases      ] GC(206)   Merge Heap Roots: 0.64ms
[1817.731s][info][gc,phases      ] GC(206)   Evacuate Collection Set: 150.41ms
[1817.731s][info][gc,phases      ] GC(206)   Post Evacuate Collection Set: 0.98ms
[1817.731s][info][gc,phases      ] GC(206)   Other: 0.08ms
[1817.731s][info][gc,heap        ] GC(206) Eden regions: 566->0(572)
[1817.731s][info][gc,heap        ] GC(206) Survivor regions: 48->42(77)
[1817.731s][info][gc,heap        ] GC(206) Old regions: 137->147
[1817.731s][info][gc,heap        ] GC(206) Humongous regions: 33->33
[1817.731s][info][gc,metaspace   ] GC(206) Metaspace: 29903K(30400K)->29903K(30400K) NonClass: 24495K(24768K)->24495K(24768K) Class: 5408K(5632K)->5408K(5632K)
[1817.731s][info][gc             ] GC(206) Pause Young (Normal) (G1 Evacuation Pause) 6251M->1754M(8192M) 152.522ms
[1817.731s][info][gc,cpu         ] GC(206) User=1.21s Sys=0.00s Real=0.15s
...................[1837.002s][info][gc,start       ] GC(207) Pause Young (Normal) (G1 Evacuation Pause)
[1837.002s][info][gc,task        ] GC(207) Using 8 workers of 8 for evacuation
[1837.154s][info][gc,phases      ] GC(207)   Pre Evacuate Collection Set: 0.30ms
[1837.154s][info][gc,phases      ] GC(207)   Merge Heap Roots: 0.62ms
[1837.154s][info][gc,phases      ] GC(207)   Evacuate Collection Set: 149.14ms
[1837.154s][info][gc,phases      ] GC(207)   Post Evacuate Collection Set: 0.99ms
[1837.154s][info][gc,phases      ] GC(207)   Other: 0.08ms
[1837.154s][info][gc,heap        ] GC(207) Eden regions: 572->0(571)
[1837.154s][info][gc,heap        ] GC(207) Survivor regions: 42->43(77)
[1837.154s][info][gc,heap        ] GC(207) Old regions: 147->154
[1837.154s][info][gc,heap        ] GC(207) Humongous regions: 33->33
[1837.154s][info][gc,metaspace   ] GC(207) Metaspace: 29903K(30400K)->29903K(30400K) NonClass: 24495K(24768K)->24495K(24768K) Class: 5408K(5632K)->5408K(5632K)
[1837.154s][info][gc             ] GC(207) Pause Young (Normal) (G1 Evacuation Pause) 6330M->1818M(8192M) 151.267ms
[1837.154s][info][gc,cpu         ] GC(207) User=1.20s Sys=0.00s Real=0.15s
....... (rIR:aIR:PR = 1989:1988:1988) (tPR = 29481) [OK] 
  1843s: Performance info:
         Transaction,    Success,    Partial,     Failed,   Receipts, AvgBarcode, 
             Overall,     119582,          0,          0,     113594,      59.46, 
         Response times:
             Request,    Success,    Partial,     Failed,   SkipFail,     Probes,    Samples,      min,      p50,      p90,      p95,      p99,      max, 
       TotalPurchase,     113594,          0,          0,          0,     110679,     125298,      300,     1500,     2400,     2700,     3700,   168000,
     InStorePurchase,      59793,          0,          0,          0,      58522,      66041,      400,     1500,     2400,     2600,     3500,   168000,
      OnlinePurchase,      41858,          0,          0,          0,      40770,      46106,      300,     1500,     2400,     2700,     3500,   166000,
        InstPurchase,      11943,          0,          0,          0,      11387,      13151,      500,     1800,     2500,     2800,     7400,   168000,
          AssocOfCat,        121,          0,          0,          0,        120,        132,    17900,    27000,    30400,    34350,   139830,   189000,
      AssocOfProduct,       1201,          0,          0,          0,       1082,       1355,      500,     1700,     2600,     2900,     4144,   167000,
      BusinessReport,        302,          0,          0,          0,        235,        325,    21000,    30000,    34000,    37000,   152860,   200000,
          CustBuyBeh,       1198,          0,          0,          0,       1072,       1350,      200,      800,     2100,     2400,     4947,   164000,
       ProductReturn,       3166,          0,          0,          0,       2942,       3519,      200,     1300,     2300,     2500,     3400,   165000,

  1843s: (15%)   IR =   2131 ......|......[1855.565s][info][gc,start       ] GC(208) Pause Young (Normal) (G1 Evacuation Pause)
[1855.565s][info][gc,task        ] GC(208) Using 8 workers of 8 for evacuation
[1855.714s][info][gc,phases      ] GC(208)   Pre Evacuate Collection Set: 0.24ms
[1855.714s][info][gc,phases      ] GC(208)   Merge Heap Roots: 0.58ms
[1855.714s][info][gc,phases      ] GC(208)   Evacuate Collection Set: 147.21ms
[1855.714s][info][gc,phases      ] GC(208)   Post Evacuate Collection Set: 0.99ms
[1855.714s][info][gc,phases      ] GC(208)   Other: 0.07ms
[1855.714s][info][gc,heap        ] GC(208) Eden regions: 571->0(572)
[1855.714s][info][gc,heap        ] GC(208) Survivor regions: 43->42(77)
[1855.714s][info][gc,heap        ] GC(208) Old regions: 154->161
[1855.714s][info][gc,heap        ] GC(208) Humongous regions: 33->33
[1855.714s][info][gc,metaspace   ] GC(208) Metaspace: 29908K(30400K)->29908K(30400K) NonClass: 24500K(24768K)->24500K(24768K) Class: 5408K(5632K)->5408K(5632K)
[1855.714s][info][gc             ] GC(208) Pause Young (Normal) (G1 Evacuation Pause) 6386M->1870M(8192M) 149.221ms
[1855.714s][info][gc,cpu         ] GC(208) User=1.18s Sys=0.00s Real=0.14s
..................[1873.725s][info][gc,start       ] GC(209) Pause Young (Normal) (G1 Evacuation Pause)
[1873.725s][info][gc,task        ] GC(209) Using 8 workers of 8 for evacuation
[1873.872s][info][gc,phases      ] GC(209)   Pre Evacuate Collection Set: 0.28ms
[1873.872s][info][gc,phases      ] GC(209)   Merge Heap Roots: 0.54ms
[1873.872s][info][gc,phases      ] GC(209)   Evacuate Collection Set: 144.53ms
[1873.872s][info][gc,phases      ] GC(209)   Post Evacuate Collection Set: 1.04ms
[1873.872s][info][gc,phases      ] GC(209)   Other: 0.06ms
[1873.872s][info][gc,heap        ] GC(209) Eden regions: 572->0(572)
[1873.872s][info][gc,heap        ] GC(209) Survivor regions: 42->42(77)
[1873.872s][info][gc,heap        ] GC(209) Old regions: 161->168
[1873.872s][info][gc,heap        ] GC(209) Humongous regions: 33->33
[1873.872s][info][gc,metaspace   ] GC(209) Metaspace: 29910K(30400K)->29910K(30400K) NonClass: 24502K(24768K)->24502K(24768K) Class: 5408K(5632K)->5408K(5632K)
[1873.872s][info][gc             ] GC(209) Pause Young (Normal) (G1 Evacuation Pause) 6446M->1924M(8192M) 146.578ms
[1873.872s][info][gc,cpu         ] GC(209) User=1.16s Sys=0.00s Real=0.14s
..................[1891.881s][info][gc,start       ] GC(210) Pause Young (Normal) (G1 Evacuation Pause)
[1891.881s][info][gc,task        ] GC(210) Using 8 workers of 8 for evacuation
[1892.028s][info][gc,phases      ] GC(210)   Pre Evacuate Collection Set: 0.27ms
[1892.028s][info][gc,phases      ] GC(210)   Merge Heap Roots: 0.60ms
[1892.028s][info][gc,phases      ] GC(210)   Evacuate Collection Set: 145.16ms
[1892.028s][info][gc,phases      ] GC(210)   Post Evacuate Collection Set: 1.00ms
[1892.028s][info][gc,phases      ] GC(210)   Other: 0.06ms
[1892.028s][info][gc,heap        ] GC(210) Eden regions: 572->0(573)
[1892.028s][info][gc,heap        ] GC(210) Survivor regions: 42->41(77)
[1892.028s][info][gc,heap        ] GC(210) Old regions: 168->175
[1892.029s][info][gc,heap        ] GC(210) Humongous regions: 33->33
[1892.029s][info][gc,metaspace   ] GC(210) Metaspace: 29912K(30400K)->29912K(30400K) NonClass: 24504K(24768K)->24504K(24768K) Class: 5408K(5632K)->5408K(5632K)
[1892.029s][info][gc             ] GC(210) Pause Young (Normal) (G1 Evacuation Pause) 6500M->1972M(8192M) 147.248ms
[1892.029s][info][gc,cpu         ] GC(210) User=1.17s Sys=0.01s Real=0.15s
.................. (rIR:aIR:PR = 2131:2132:2132) (tPR = 31422) [OK] 
  1909s: Performance info:
         Transaction,    Success,    Partial,     Failed,   Receipts, AvgBarcode, 
             Overall,     127955,          0,          0,     121562,      59.48, 
         Response times:
             Request,    Success,    Partial,     Failed,   SkipFail,     Probes,    Samples,      min,      p50,      p90,      p95,      p99,      max, 
       TotalPurchase,     121562,          0,          0,          0,     118233,     132015,      300,     1600,     2600,     2800,     3700,   163000,
     InStorePurchase,      63947,          0,          0,          0,      62419,      69596,      400,     1600,     2600,     2800,     3700,   163000,
      OnlinePurchase,      44821,          0,          0,          0,      43727,      48768,      300,     1600,     2600,     2800,     3700,   155000,
        InstPurchase,      12794,          0,          0,          0,      12087,      13651,      400,     1700,     2700,     2900,     3800,   154000,
          AssocOfCat,        129,          0,          0,          0,         93,        138,    21000,    27000,    34000,    38050,    48050,    50000,
      AssocOfProduct,       1276,          0,          0,          0,       1128,       1386,      600,     2100,     2900,     3100,     5152,    24000,
      BusinessReport,        320,          0,          0,          0,        247,        326,    21000,    30000,    37000,    43000,    50000,   185000,
          CustBuyBeh,       1274,          0,          0,          0,       1148,       1413,      200,      800,     2200,     2530,     4386,    12000,
       ProductReturn,       3394,          0,          0,          0,       3093,       3613,      200,     1700,     2600,     2800,     8730,   154000,

  1909s: (16%)   IR =   2274 [1910.039s][info][gc,start       ] GC(211) Pause Young (Normal) (G1 Evacuation Pause)
[1910.039s][info][gc,task        ] GC(211) Using 8 workers of 8 for evacuation
[1910.185s][info][gc,phases      ] GC(211)   Pre Evacuate Collection Set: 0.27ms
[1910.185s][info][gc,phases      ] GC(211)   Merge Heap Roots: 0.54ms
[1910.185s][info][gc,phases      ] GC(211)   Evacuate Collection Set: 144.05ms
[1910.185s][info][gc,phases      ] GC(211)   Post Evacuate Collection Set: 1.00ms
[1910.185s][info][gc,phases      ] GC(211)   Other: 0.07ms
[1910.185s][info][gc,heap        ] GC(211) Eden regions: 573->0(572)
[1910.185s][info][gc,heap        ] GC(211) Survivor regions: 41->42(77)
[1910.185s][info][gc,heap        ] GC(211) Old regions: 175->181
[1910.185s][info][gc,heap        ] GC(211) Humongous regions: 33->33
[1910.185s][info][gc,metaspace   ] GC(211) Metaspace: 29915K(30400K)->29915K(30400K) NonClass: 24506K(24768K)->24506K(24768K) Class: 5408K(5632K)->5408K(5632K)
[1910.185s][info][gc             ] GC(211) Pause Young (Normal) (G1 Evacuation Pause) 6556M->2031M(8192M) 146.066ms
[1910.185s][info][gc,cpu         ] GC(211) User=1.15s Sys=0.00s Real=0.15s
.....|............[1927.032s][info][gc,start       ] GC(212) Pause Young (Normal) (G1 Evacuation Pause)
[1927.032s][info][gc,task        ] GC(212) Using 8 workers of 8 for evacuation
[1927.179s][info][gc,phases      ] GC(212)   Pre Evacuate Collection Set: 0.26ms
[1927.179s][info][gc,phases      ] GC(212)   Merge Heap Roots: 0.50ms
[1927.179s][info][gc,phases      ] GC(212)   Evacuate Collection Set: 144.72ms
[1927.179s][info][gc,phases      ] GC(212)   Post Evacuate Collection Set: 0.97ms
[1927.179s][info][gc,phases      ] GC(212)   Other: 0.08ms
[1927.179s][info][gc,heap        ] GC(212) Eden regions: 572->0(571)
[1927.179s][info][gc,heap        ] GC(212) Survivor regions: 42->43(77)
[1927.179s][info][gc,heap        ] GC(212) Old regions: 181->188
[1927.179s][info][gc,heap        ] GC(212) Humongous regions: 33->33
[1927.179s][info][gc,metaspace   ] GC(212) Metaspace: 29915K(30400K)->29915K(30400K) NonClass: 24506K(24768K)->24506K(24768K) Class: 5408K(5632K)->5408K(5632K)
[1927.179s][info][gc             ] GC(212) Pause Young (Normal) (G1 Evacuation Pause) 6607M->2093M(8192M) 146.696ms
[1927.179s][info][gc,cpu         ] GC(212) User=1.16s Sys=0.01s Real=0.15s
.................[1943.964s][info][gc,start       ] GC(213) Pause Young (Normal) (G1 Evacuation Pause)
[1943.964s][info][gc,task        ] GC(213) Using 8 workers of 8 for evacuation
[1944.110s][info][gc,phases      ] GC(213)   Pre Evacuate Collection Set: 0.26ms
[1944.110s][info][gc,phases      ] GC(213)   Merge Heap Roots: 0.51ms
[1944.110s][info][gc,phases      ] GC(213)   Evacuate Collection Set: 144.35ms
[1944.110s][info][gc,phases      ] GC(213)   Post Evacuate Collection Set: 1.00ms
[1944.110s][info][gc,phases      ] GC(213)   Other: 0.06ms
[1944.110s][info][gc,heap        ] GC(213) Eden regions: 571->0(572)
[1944.110s][info][gc,heap        ] GC(213) Survivor regions: 43->42(77)
[1944.110s][info][gc,heap        ] GC(213) Old regions: 188->195
[1944.110s][info][gc,heap        ] GC(213) Humongous regions: 33->33
[1944.110s][info][gc,metaspace   ] GC(213) Metaspace: 29915K(30400K)->29915K(30400K) NonClass: 24506K(24768K)->24506K(24768K) Class: 5408K(5632K)->5408K(5632K)
[1944.110s][info][gc             ] GC(213) Pause Young (Normal) (G1 Evacuation Pause) 6661M->2141M(8192M) 146.330ms
[1944.110s][info][gc,cpu         ] GC(213) User=1.16s Sys=0.00s Real=0.15s
.................[1961.056s][info][gc,start       ] GC(214) Pause Young (Normal) (G1 Evacuation Pause)
[1961.056s][info][gc,task        ] GC(214) Using 8 workers of 8 for evacuation
[1961.204s][info][gc,phases      ] GC(214)   Pre Evacuate Collection Set: 0.25ms
[1961.204s][info][gc,phases      ] GC(214)   Merge Heap Roots: 0.52ms
[1961.204s][info][gc,phases      ] GC(214)   Evacuate Collection Set: 146.31ms
[1961.204s][info][gc,phases      ] GC(214)   Post Evacuate Collection Set: 1.00ms
[1961.204s][info][gc,phases      ] GC(214)   Other: 0.08ms
[1961.204s][info][gc,heap        ] GC(214) Eden regions: 572->0(572)
[1961.204s][info][gc,heap        ] GC(214) Survivor regions: 42->42(77)
[1961.204s][info][gc,heap        ] GC(214) Old regions: 195->202
[1961.204s][info][gc,heap        ] GC(214) Humongous regions: 33->33
[1961.204s][info][gc,metaspace   ] GC(214) Metaspace: 29915K(30400K)->29915K(30400K) NonClass: 24506K(24768K)->24506K(24768K) Class: 5408K(5632K)->5408K(5632K)
[1961.204s][info][gc             ] GC(214) Pause Young (Normal) (G1 Evacuation Pause) 6717M->2201M(8192M) 148.281ms
[1961.204s][info][gc,cpu         ] GC(214) User=1.17s Sys=0.00s Real=0.15s
.............. (rIR:aIR:PR = 2274:2275:2275) (tPR = 33499) [OK] 
  1974s: Performance info:
         Transaction,    Success,    Partial,     Failed,   Receipts, AvgBarcode, 
             Overall,     136558,          0,          0,     129731,      59.48, 
         Response times:
             Request,    Success,    Partial,     Failed,   SkipFail,     Probes,    Samples,      min,      p50,      p90,      p95,      p99,      max, 
       TotalPurchase,     129731,          0,          0,          0,     126204,     138386,      400,     1700,     2700,     3000,     4200,   156000,
     InStorePurchase,      68314,          0,          0,          0,      66652,      72835,      400,     1700,     2700,     3000,     4400,   156000,
      OnlinePurchase,      47773,          0,          0,          0,      46453,      51020,      400,     1700,     2800,     3000,     4200,   156000,
        InstPurchase,      13644,          0,          0,          0,      13099,      14531,      400,     1600,     2700,     3000,     4000,   156000,
          AssocOfCat,        136,          0,          0,          0,         98,        139,    18900,    28000,    33000,    37000,   184000,   188000,
      AssocOfProduct,       1371,          0,          0,          0,       1243,       1474,      500,     1900,     2900,     3200,     4850,    23000,
      BusinessReport,        341,          0,          0,          0,        267,        351,    19900,    31000,    35000,    39000,    48000,    53000,
          CustBuyBeh,       1357,          0,          0,          0,       1204,       1461,      200,     1300,     2400,     2700,     7400,   155000,
       ProductReturn,       3622,          0,          0,          0,       3372,       3825,      200,     1900,     2700,     3000,     4774,   156000,

  1974s: (17%)   IR =   2416 ...[1977.811s][info][gc,start       ] GC(215) Pause Young (Normal) (G1 Evacuation Pause)
[1977.811s][info][gc,task        ] GC(215) Using 8 workers of 8 for evacuation
[1977.958s][info][gc,phases      ] GC(215)   Pre Evacuate Collection Set: 0.23ms
[1977.958s][info][gc,phases      ] GC(215)   Merge Heap Roots: 0.54ms
[1977.958s][info][gc,phases      ] GC(215)   Evacuate Collection Set: 145.39ms
[1977.958s][info][gc,phases      ] GC(215)   Post Evacuate Collection Set: 1.00ms
[1977.958s][info][gc,phases      ] GC(215)   Other: 0.08ms
[1977.958s][info][gc,heap        ] GC(215) Eden regions: 572->0(572)
[1977.958s][info][gc,heap        ] GC(215) Survivor regions: 42->42(77)
[1977.958s][info][gc,heap        ] GC(215) Old regions: 202->209
[1977.958s][info][gc,heap        ] GC(215) Humongous regions: 33->33
[1977.958s][info][gc,metaspace   ] GC(215) Metaspace: 29915K(30400K)->29915K(30400K) NonClass: 24506K(24768K)->24506K(24768K) Class: 5408K(5632K)->5408K(5632K)
[1977.958s][info][gc             ] GC(215) Pause Young (Normal) (G1 Evacuation Pause) 6777M->2253M(8192M) 147.373ms
[1977.958s][info][gc,cpu         ] GC(215) User=1.17s Sys=0.00s Real=0.15s
...|.............[1993.880s][info][gc,start       ] GC(216) Pause Young (Normal) (G1 Evacuation Pause)
[1993.881s][info][gc,task        ] GC(216) Using 8 workers of 8 for evacuation
[1994.027s][info][gc,phases      ] GC(216)   Pre Evacuate Collection Set: 0.27ms
[1994.027s][info][gc,phases      ] GC(216)   Merge Heap Roots: 0.58ms
[1994.027s][info][gc,phases      ] GC(216)   Evacuate Collection Set: 144.48ms
[1994.027s][info][gc,phases      ] GC(216)   Post Evacuate Collection Set: 1.02ms
[1994.027s][info][gc,phases      ] GC(216)   Other: 0.08ms
[1994.027s][info][gc,heap        ] GC(216) Eden regions: 572->0(572)
[1994.027s][info][gc,heap        ] GC(216) Survivor regions: 42->42(77)
[1994.027s][info][gc,heap        ] GC(216) Old regions: 209->216
[1994.027s][info][gc,heap        ] GC(216) Humongous regions: 33->33
[1994.027s][info][gc,metaspace   ] GC(216) Metaspace: 29915K(30400K)->29915K(30400K) NonClass: 24506K(24768K)->24506K(24768K) Class: 5408K(5632K)->5408K(5632K)
[1994.027s][info][gc             ] GC(216) Pause Young (Normal) (G1 Evacuation Pause) 6829M->2308M(8192M) 146.575ms
[1994.027s][info][gc,cpu         ] GC(216) User=1.16s Sys=0.00s Real=0.15s
................[2009.751s][info][gc,start       ] GC(217) Pause Young (Normal) (G1 Evacuation Pause)
[2009.751s][info][gc,task        ] GC(217) Using 8 workers of 8 for evacuation
[2009.896s][info][gc,phases      ] GC(217)   Pre Evacuate Collection Set: 0.26ms
[2009.896s][info][gc,phases      ] GC(217)   Merge Heap Roots: 0.53ms
[2009.896s][info][gc,phases      ] GC(217)   Evacuate Collection Set: 143.78ms
[2009.896s][info][gc,phases      ] GC(217)   Post Evacuate Collection Set: 0.99ms
[2009.896s][info][gc,phases      ] GC(217)   Other: 0.07ms
[2009.896s][info][gc,heap        ] GC(217) Eden regions: 572->0(573)
[2009.896s][info][gc,heap        ] GC(217) Survivor regions: 42->41(77)
[2009.896s][info][gc,heap        ] GC(217) Old regions: 216->223
[2009.896s][info][gc,heap        ] GC(217) Humongous regions: 33->33
[2009.896s][info][gc,metaspace   ] GC(217) Metaspace: 29915K(30400K)->29915K(30400K) NonClass: 24506K(24768K)->24506K(24768K) Class: 5408K(5632K)->5408K(5632K)
[2009.896s][info][gc             ] GC(217) Pause Young (Normal) (G1 Evacuation Pause) 6884M->2357M(8192M) 145.756ms
[2009.896s][info][gc,cpu         ] GC(217) User=1.15s Sys=0.00s Real=0.15s
................[2025.941s][info][gc,start       ] GC(218) Pause Young (Normal) (G1 Evacuation Pause)
[2025.941s][info][gc,task        ] GC(218) Using 8 workers of 8 for evacuation
[2026.088s][info][gc,phases      ] GC(218)   Pre Evacuate Collection Set: 0.25ms
[2026.088s][info][gc,phases      ] GC(218)   Merge Heap Roots: 0.53ms
[2026.088s][info][gc,phases      ] GC(218)   Evacuate Collection Set: 144.88ms
[2026.088s][info][gc,phases      ] GC(218)   Post Evacuate Collection Set: 1.05ms
[2026.088s][info][gc,phases      ] GC(218)   Other: 0.06ms
[2026.088s][info][gc,heap        ] GC(218) Eden regions: 573->0(572)
[2026.088s][info][gc,heap        ] GC(218) Survivor regions: 41->42(77)
[2026.088s][info][gc,heap        ] GC(218) Old regions: 223->230
[2026.088s][info][gc,heap        ] GC(218) Humongous regions: 33->33
[2026.088s][info][gc,metaspace   ] GC(218) Metaspace: 29915K(30400K)->29915K(30400K) NonClass: 24506K(24768K)->24506K(24768K) Class: 5408K(5632K)->5408K(5632K)
[2026.088s][info][gc             ] GC(218) Pause Young (Normal) (G1 Evacuation Pause) 6941M->2416M(8192M) 146.911ms
[2026.088s][info][gc,cpu         ] GC(218) User=1.16s Sys=0.00s Real=0.15s
............... (rIR:aIR:PR = 2416:2415:2415) (tPR = 35704) [OK] 
  2040s: Performance info:
         Transaction,    Success,    Partial,     Failed,   Receipts, AvgBarcode, 
             Overall,     144980,          0,          0,     137739,      59.47, 
         Response times:
             Request,    Success,    Partial,     Failed,   SkipFail,     Probes,    Samples,      min,      p50,      p90,      p95,      p99,      max, 
       TotalPurchase,     137739,          0,          0,          0,     134036,     149398,      400,     1800,     2900,     3100,     4600,   153000,
     InStorePurchase,      72468,          0,          0,          0,      70540,      78518,      400,     1700,     2800,     3100,     4600,   153000,
      OnlinePurchase,      50768,          0,          0,          0,      49559,      55167,      400,     1800,     2900,     3200,     4600,   153000,
        InstPurchase,      14503,          0,          0,          0,      13937,      15713,      500,     1900,     3000,     3200,     5486,   153000,
          AssocOfCat,        147,          0,          0,          0,         94,        132,    18300,    28000,    33000,    37000,    44340,    45000,
      AssocOfProduct,       1444,          0,          0,          0,       1292,       1578,      500,     2300,     3200,     3500,     5963,   151000,
      BusinessReport,        361,          0,          0,          0,        313,        451,    21000,    31000,    35800,    38000,    50000,   192000,
          CustBuyBeh,       1454,          0,          0,          0,       1291,       1583,      200,      500,     1400,     1800,     2716,     4400,
       ProductReturn,       3835,          0,          0,          0,       3515,       4125,      200,     1500,     2700,     3000,     4174,   148000,

  2040s: (18%)   IR =   2558 .[2041.852s][info][gc,start       ] GC(219) Pause Young (Normal) (G1 Evacuation Pause)
[2041.852s][info][gc,task        ] GC(219) Using 8 workers of 8 for evacuation
[2041.998s][info][gc,phases      ] GC(219)   Pre Evacuate Collection Set: 0.27ms
[2041.998s][info][gc,phases      ] GC(219)   Merge Heap Roots: 0.56ms
[2041.998s][info][gc,phases      ] GC(219)   Evacuate Collection Set: 144.66ms
[2041.998s][info][gc,phases      ] GC(219)   Post Evacuate Collection Set: 0.98ms
[2041.998s][info][gc,phases      ] GC(219)   Other: 0.08ms
[2041.998s][info][gc,heap        ] GC(219) Eden regions: 572->0(572)
[2041.998s][info][gc,heap        ] GC(219) Survivor regions: 42->42(77)
[2041.998s][info][gc,heap        ] GC(219) Old regions: 230->236
[2041.998s][info][gc,heap        ] GC(219) Humongous regions: 33->33
[2041.998s][info][gc,metaspace   ] GC(219) Metaspace: 29915K(30400K)->29915K(30400K) NonClass: 24506K(24768K)->24506K(24768K) Class: 5408K(5632K)->5408K(5632K)
[2041.999s][info][gc             ] GC(219) Pause Young (Normal) (G1 Evacuation Pause) 6992M->2474M(8192M) 146.682ms
[2041.999s][info][gc,cpu         ] GC(219) User=1.16s Sys=0.00s Real=0.15s
.....|..........[2056.917s][info][gc,start       ] GC(220) Pause Young (Normal) (G1 Evacuation Pause)
[2056.917s][info][gc,task        ] GC(220) Using 8 workers of 8 for evacuation
[2057.065s][info][gc,phases      ] GC(220)   Pre Evacuate Collection Set: 0.24ms
[2057.065s][info][gc,phases      ] GC(220)   Merge Heap Roots: 0.49ms
[2057.065s][info][gc,phases      ] GC(220)   Evacuate Collection Set: 146.76ms
[2057.065s][info][gc,phases      ] GC(220)   Post Evacuate Collection Set: 1.01ms
[2057.066s][info][gc,phases      ] GC(220)   Other: 0.07ms
[2057.066s][info][gc,heap        ] GC(220) Eden regions: 572->0(571)
[2057.066s][info][gc,heap        ] GC(220) Survivor regions: 42->43(77)
[2057.066s][info][gc,heap        ] GC(220) Old regions: 236->243
[2057.066s][info][gc,heap        ] GC(220) Humongous regions: 33->33
[2057.066s][info][gc,metaspace   ] GC(220) Metaspace: 29915K(30400K)->29915K(30400K) NonClass: 24506K(24768K)->24506K(24768K) Class: 5408K(5632K)->5408K(5632K)
[2057.066s][info][gc             ] GC(220) Pause Young (Normal) (G1 Evacuation Pause) 7050M->2533M(8192M) 148.700ms
[2057.066s][info][gc,cpu         ] GC(220) User=1.18s Sys=0.00s Real=0.15s
...............[2072.003s][info][gc,start       ] GC(221) Pause Young (Normal) (G1 Evacuation Pause)
[2072.003s][info][gc,task        ] GC(221) Using 8 workers of 8 for evacuation
[2072.150s][info][gc,phases      ] GC(221)   Pre Evacuate Collection Set: 0.30ms
[2072.150s][info][gc,phases      ] GC(221)   Merge Heap Roots: 0.67ms
[2072.150s][info][gc,phases      ] GC(221)   Evacuate Collection Set: 144.29ms
[2072.150s][info][gc,phases      ] GC(221)   Post Evacuate Collection Set: 1.01ms
[2072.150s][info][gc,phases      ] GC(221)   Other: 0.07ms
[2072.150s][info][gc,heap        ] GC(221) Eden regions: 571->0(571)
[2072.150s][info][gc,heap        ] GC(221) Survivor regions: 43->43(77)
[2072.150s][info][gc,heap        ] GC(221) Old regions: 243->250
[2072.150s][info][gc,heap        ] GC(221) Humongous regions: 33->33
[2072.150s][info][gc,metaspace   ] GC(221) Metaspace: 29915K(30400K)->29915K(30400K) NonClass: 24506K(24768K)->24506K(24768K) Class: 5408K(5632K)->5408K(5632K)
[2072.150s][info][gc             ] GC(221) Pause Young (Normal) (G1 Evacuation Pause) 7101M->2588M(8192M) 146.472ms
[2072.150s][info][gc,cpu         ] GC(221) User=1.16s Sys=0.00s Real=0.15s
...............[2087.010s][info][gc,start       ] GC(222) Pause Young (Normal) (G1 Evacuation Pause)
[2087.010s][info][gc,task        ] GC(222) Using 8 workers of 8 for evacuation
[2087.156s][info][gc,phases      ] GC(222)   Pre Evacuate Collection Set: 0.25ms
[2087.156s][info][gc,phases      ] GC(222)   Merge Heap Roots: 0.51ms
[2087.156s][info][gc,phases      ] GC(222)   Evacuate Collection Set: 143.80ms
[2087.156s][info][gc,phases      ] GC(222)   Post Evacuate Collection Set: 0.97ms
[2087.156s][info][gc,phases      ] GC(222)   Other: 0.06ms
[2087.156s][info][gc,heap        ] GC(222) Eden regions: 571->0(572)
[2087.156s][info][gc,heap        ] GC(222) Survivor regions: 43->42(77)
[2087.156s][info][gc,heap        ] GC(222) Old regions: 250->257
[2087.156s][info][gc,heap        ] GC(222) Humongous regions: 33->33
[2087.156s][info][gc,metaspace   ] GC(222) Metaspace: 29915K(30400K)->29915K(30400K) NonClass: 24506K(24768K)->24506K(24768K) Class: 5408K(5632K)->5408K(5632K)
[2087.156s][info][gc             ] GC(222) Pause Young (Normal) (G1 Evacuation Pause) 7156M->2639M(8192M) 145.718ms
[2087.156s][info][gc,cpu         ] GC(222) User=1.15s Sys=0.00s Real=0.15s
...............[2102.091s][info][gc,start       ] GC(223) Pause Young (Normal) (G1 Evacuation Pause)
[2102.091s][info][gc,task        ] GC(223) Using 8 workers of 8 for evacuation
[2102.240s][info][gc,phases      ] GC(223)   Pre Evacuate Collection Set: 0.28ms
[2102.240s][info][gc,phases      ] GC(223)   Merge Heap Roots: 0.62ms
[2102.240s][info][gc,phases      ] GC(223)   Evacuate Collection Set: 147.36ms
[2102.240s][info][gc,phases      ] GC(223)   Post Evacuate Collection Set: 1.00ms
[2102.240s][info][gc,phases      ] GC(223)   Other: 0.09ms
[2102.240s][info][gc,heap        ] GC(223) Eden regions: 572->0(571)
[2102.240s][info][gc,heap        ] GC(223) Survivor regions: 42->43(77)
[2102.240s][info][gc,heap        ] GC(223) Old regions: 257->264
[2102.240s][info][gc,heap        ] GC(223) Humongous regions: 33->33
[2102.240s][info][gc,metaspace   ] GC(223) Metaspace: 29915K(30400K)->29915K(30400K) NonClass: 24506K(24768K)->24506K(24768K) Class: 5408K(5632K)->5408K(5632K)
[2102.240s][info][gc             ] GC(223) Pause Young (Normal) (G1 Evacuation Pause) 7215M->2700M(8192M) 149.486ms
[2102.240s][info][gc,cpu         ] GC(223) User=1.18s Sys=0.00s Real=0.15s
..... (rIR:aIR:PR = 2558:2558:2558) (tPR = 38026) [OK] 
  2106s: Performance info:
         Transaction,    Success,    Partial,     Failed,   Receipts, AvgBarcode, 
             Overall,     153559,          0,          0,     145882,      59.47, 
         Response times:
             Request,    Success,    Partial,     Failed,   SkipFail,     Probes,    Samples,      min,      p50,      p90,      p95,      p99,      max, 
       TotalPurchase,     145883,          0,          0,          0,     142228,     158135,      300,     1900,     3000,     3400,     6600,   161000,
     InStorePurchase,      76782,          0,          0,          0,      75086,      83227,      300,     1800,     3000,     3300,     6200,   156000,
      OnlinePurchase,      53731,          0,          0,          0,      52380,      58273,      400,     1900,     3100,     3400,     7126,   161000,
        InstPurchase,      15370,          0,          0,          0,      14762,      16635,      400,     1900,     3100,     3400,     6400,   154000,
          AssocOfCat,        155,          0,          0,          0,        120,        178,    19200,    28000,    34000,    36000,    44000,    44000,
      AssocOfProduct,       1531,          0,          0,          0,       1361,       1637,      500,     2400,     3400,     3700,    11884,   152000,
      BusinessReport,        380,          0,          0,          0,        300,        409,    19300,    31000,    36000,    38000,    50600,   191000,
          CustBuyBeh,       1537,          0,          0,          0,       1390,       1694,      100,     1900,     3000,     3325,    14805,   154000,
       ProductReturn,       4074,          0,          0,          0,       3808,       4445,      200,     1200,     2700,     3100,     4854,   154000,

  2106s: (19%)   IR =   2700 ......|....[2116.842s][info][gc,start       ] GC(224) Pause Young (Normal) (G1 Evacuation Pause)
[2116.842s][info][gc,task        ] GC(224) Using 8 workers of 8 for evacuation
[2116.989s][info][gc,phases      ] GC(224)   Pre Evacuate Collection Set: 0.26ms
[2116.989s][info][gc,phases      ] GC(224)   Merge Heap Roots: 0.49ms
[2116.989s][info][gc,phases      ] GC(224)   Evacuate Collection Set: 145.69ms
[2116.989s][info][gc,phases      ] GC(224)   Post Evacuate Collection Set: 0.98ms
[2116.989s][info][gc,phases      ] GC(224)   Other: 0.07ms
[2116.989s][info][gc,heap        ] GC(224) Eden regions: 571->0(572)
[2116.989s][info][gc,heap        ] GC(224) Survivor regions: 43->42(77)
[2116.989s][info][gc,heap        ] GC(224) Old regions: 264->270
[2116.989s][info][gc,heap        ] GC(224) Humongous regions: 33->33
[2116.989s][info][gc,metaspace   ] GC(224) Metaspace: 29915K(30400K)->29915K(30400K) NonClass: 24506K(24768K)->24506K(24768K) Class: 5408K(5632K)->5408K(5632K)
[2116.989s][info][gc             ] GC(224) Pause Young (Normal) (G1 Evacuation Pause) 7268M->2743M(8192M) 147.630ms
[2116.989s][info][gc,cpu         ] GC(224) User=1.17s Sys=0.00s Real=0.15s
..............[2131.007s][info][gc,start       ] GC(225) Pause Young (Normal) (G1 Evacuation Pause)
[2131.007s][info][gc,task        ] GC(225) Using 8 workers of 8 for evacuation
[2131.155s][info][gc,phases      ] GC(225)   Pre Evacuate Collection Set: 0.27ms
[2131.155s][info][gc,phases      ] GC(225)   Merge Heap Roots: 0.52ms
[2131.155s][info][gc,phases      ] GC(225)   Evacuate Collection Set: 145.93ms
[2131.155s][info][gc,phases      ] GC(225)   Post Evacuate Collection Set: 0.99ms
[2131.155s][info][gc,phases      ] GC(225)   Other: 0.06ms
[2131.155s][info][gc,heap        ] GC(225) Eden regions: 572->0(572)
[2131.155s][info][gc,heap        ] GC(225) Survivor regions: 42->42(77)
[2131.155s][info][gc,heap        ] GC(225) Old regions: 270->277
[2131.155s][info][gc,heap        ] GC(225) Humongous regions: 33->33
[2131.155s][info][gc,metaspace   ] GC(225) Metaspace: 29915K(30400K)->29915K(30400K) NonClass: 24506K(24768K)->24506K(24768K) Class: 5408K(5632K)->5408K(5632K)
[2131.155s][info][gc             ] GC(225) Pause Young (Normal) (G1 Evacuation Pause) 7319M->2798M(8192M) 147.929ms
[2131.155s][info][gc,cpu         ] GC(225) User=1.17s Sys=0.00s Real=0.15s
..............[2145.351s][info][gc,start       ] GC(226) Pause Young (Normal) (G1 Evacuation Pause)
[2145.351s][info][gc,task        ] GC(226) Using 8 workers of 8 for evacuation
[2145.500s][info][gc,phases      ] GC(226)   Pre Evacuate Collection Set: 0.25ms
[2145.500s][info][gc,phases      ] GC(226)   Merge Heap Roots: 0.53ms
[2145.500s][info][gc,phases      ] GC(226)   Evacuate Collection Set: 147.34ms
[2145.500s][info][gc,phases      ] GC(226)   Post Evacuate Collection Set: 1.00ms
[2145.500s][info][gc,phases      ] GC(226)   Other: 0.08ms
[2145.500s][info][gc,heap        ] GC(226) Eden regions: 572->0(569)
[2145.500s][info][gc,heap        ] GC(226) Survivor regions: 42->43(77)
[2145.500s][info][gc,heap        ] GC(226) Old regions: 277->284
[2145.500s][info][gc,heap        ] GC(226) Humongous regions: 33->33
[2145.500s][info][gc,metaspace   ] GC(226) Metaspace: 29915K(30400K)->29915K(30400K) NonClass: 24506K(24768K)->24506K(24768K) Class: 5408K(5632K)->5408K(5632K)
[2145.500s][info][gc             ] GC(226) Pause Young (Normal) (G1 Evacuation Pause) 7374M->2861M(8192M) 149.330ms
[2145.500s][info][gc,cpu         ] GC(226) User=1.19s Sys=0.00s Real=0.15s
..............[2159.536s][info][gc,start       ] GC(227) Pause Young (Normal) (G1 Evacuation Pause)
[2159.536s][info][gc,task        ] GC(227) Using 8 workers of 8 for evacuation
[2159.681s][info][gc,phases      ] GC(227)   Pre Evacuate Collection Set: 0.24ms
[2159.681s][info][gc,phases      ] GC(227)   Merge Heap Roots: 0.48ms
[2159.681s][info][gc,phases      ] GC(227)   Evacuate Collection Set: 142.88ms
[2159.681s][info][gc,phases      ] GC(227)   Post Evacuate Collection Set: 0.98ms
[2159.681s][info][gc,phases      ] GC(227)   Other: 0.07ms
[2159.681s][info][gc,heap        ] GC(227) Eden regions: 569->0(566)
[2159.681s][info][gc,heap        ] GC(227) Survivor regions: 43->41(77)
[2159.681s][info][gc,heap        ] GC(227) Old regions: 284->291
[2159.681s][info][gc,heap        ] GC(227) Humongous regions: 33->33
[2159.681s][info][gc,metaspace   ] GC(227) Metaspace: 29915K(30400K)->29915K(30400K) NonClass: 24506K(24768K)->24506K(24768K) Class: 5408K(5632K)->5408K(5632K)
[2159.681s][info][gc             ] GC(227) Pause Young (Normal) (G1 Evacuation Pause) 7413M->2903M(8192M) 144.783ms
[2159.681s][info][gc,cpu         ] GC(227) User=1.14s Sys=0.00s Real=0.14s
.............. (rIR:aIR:PR = 2700:2701:2701) (tPR = 40084) [OK] 
  2172s: Performance info:
         Transaction,    Success,    Partial,     Failed,   Receipts, AvgBarcode, 
             Overall,     162139,          0,          0,     154027,      59.48, 
         Response times:
             Request,    Success,    Partial,     Failed,   SkipFail,     Probes,    Samples,      min,      p50,      p90,      p95,      p99,      max, 
       TotalPurchase,     154027,          0,          0,          0,     149670,     166106,      400,     1900,     3200,     3500,     5200,   159000,
     InStorePurchase,      81061,          0,          0,          0,      79060,      87568,      400,     1900,     3200,     3500,     5100,   157000,
      OnlinePurchase,      56761,          0,          0,          0,      55153,      61104,      400,     1900,     3200,     3500,     5500,   159000,
        InstPurchase,      16205,          0,          0,          0,      15457,      17434,      400,     2000,     3200,     3500,     5000,   159000,
          AssocOfCat,        164,          0,          0,          0,        118,        170,    19400,    28000,    34000,    38000,    44290,    45000,
      AssocOfProduct,       1623,          0,          0,          0,       1457,       1711,      500,     2400,     3500,     3800,     6100,    22000,
      BusinessReport,        404,          0,          0,          0,        350,        490,    23000,    31000,    37000,    40000,    52000,   195000,
          CustBuyBeh,       1624,          0,          0,          0,       1398,       1646,      200,     1600,     2900,     3200,     5706,   148000,
       ProductReturn,       4296,          0,          0,          0,       4009,       4605,      200,     1900,     3100,     3500,     5700,   156000,

  2172s: (20%)   IR =   2842 [2173.657s][info][gc,start       ] GC(228) Pause Young (Normal) (G1 Evacuation Pause)
[2173.657s][info][gc,task        ] GC(228) Using 8 workers of 8 for evacuation
[2173.805s][info][gc,phases      ] GC(228)   Pre Evacuate Collection Set: 0.27ms
[2173.805s][info][gc,phases      ] GC(228)   Merge Heap Roots: 0.49ms
[2173.805s][info][gc,phases      ] GC(228)   Evacuate Collection Set: 146.48ms
[2173.805s][info][gc,phases      ] GC(228)   Post Evacuate Collection Set: 1.01ms
[2173.805s][info][gc,phases      ] GC(228)   Other: 0.09ms
[2173.805s][info][gc,heap        ] GC(228) Eden regions: 566->0(555)
[2173.805s][info][gc,heap        ] GC(228) Survivor regions: 41->43(76)
[2173.805s][info][gc,heap        ] GC(228) Old regions: 291->298
[2173.805s][info][gc,heap        ] GC(228) Humongous regions: 33->33
[2173.805s][info][gc,metaspace   ] GC(228) Metaspace: 29915K(30400K)->29915K(30400K) NonClass: 24506K(24768K)->24506K(24768K) Class: 5408K(5632K)->5408K(5632K)
[2173.805s][info][gc             ] GC(228) Pause Young (Normal) (G1 Evacuation Pause) 7431M->2971M(8192M) 148.487ms
[2173.805s][info][gc,cpu         ] GC(228) User=1.18s Sys=0.00s Real=0.15s
..............[2186.918s][info][gc,start       ] GC(229) Pause Young (Normal) (G1 Evacuation Pause)
[2186.918s][info][gc,task        ] GC(229) Using 8 workers of 8 for evacuation
[2187.065s][info][gc,phases      ] GC(229)   Pre Evacuate Collection Set: 0.25ms
[2187.065s][info][gc,phases      ] GC(229)   Merge Heap Roots: 0.56ms
[2187.065s][info][gc,phases      ] GC(229)   Evacuate Collection Set: 145.28ms
[2187.065s][info][gc,phases      ] GC(229)   Post Evacuate Collection Set: 0.98ms
[2187.065s][info][gc,phases      ] GC(229)   Other: 0.07ms
[2187.065s][info][gc,heap        ] GC(229) Eden regions: 555->0(552)
[2187.065s][info][gc,heap        ] GC(229) Survivor regions: 43->41(75)
[2187.065s][info][gc,heap        ] GC(229) Old regions: 298->305
[2187.065s][info][gc,heap        ] GC(229) Humongous regions: 33->33
[2187.065s][info][gc,metaspace   ] GC(229) Metaspace: 29915K(30400K)->29915K(30400K) NonClass: 24506K(24768K)->24506K(24768K) Class: 5408K(5632K)->5408K(5632K)
[2187.065s][info][gc             ] GC(229) Pause Young (Normal) (G1 Evacuation Pause) 7411M->3015M(8192M) 147.267ms
[2187.065s][info][gc,cpu         ] GC(229) User=1.17s Sys=0.00s Real=0.15s
.|............[2199.998s][info][gc,start       ] GC(230) Pause Young (Normal) (G1 Evacuation Pause)
[2199.998s][info][gc,task        ] GC(230) Using 8 workers of 8 for evacuation
[2200.144s][info][gc,phases      ] GC(230)   Pre Evacuate Collection Set: 0.28ms
[2200.144s][info][gc,phases      ] GC(230)   Merge Heap Roots: 0.57ms
[2200.144s][info][gc,phases      ] GC(230)   Evacuate Collection Set: 144.71ms
[2200.144s][info][gc,phases      ] GC(230)   Post Evacuate Collection Set: 0.98ms
[2200.144s][info][gc,phases      ] GC(230)   Other: 0.07ms
[2200.144s][info][gc,heap        ] GC(230) Eden regions: 552->0(543)
[2200.144s][info][gc,heap        ] GC(230) Survivor regions: 41->42(75)
[2200.144s][info][gc,heap        ] GC(230) Old regions: 305->312
[2200.144s][info][gc,heap        ] GC(230) Humongous regions: 33->33
[2200.144s][info][gc,metaspace   ] GC(230) Metaspace: 29915K(30400K)->29915K(30400K) NonClass: 24506K(24768K)->24506K(24768K) Class: 5408K(5632K)->5408K(5632K)
[2200.144s][info][gc             ] GC(230) Pause Young (Normal) (G1 Evacuation Pause) 7431M->3076M(8192M) 146.750ms
[2200.144s][info][gc,cpu         ] GC(230) User=1.16s Sys=0.00s Real=0.14s
.............[2212.871s][info][gc,start       ] GC(231) Pause Young (Normal) (G1 Evacuation Pause)
[2212.871s][info][gc,task        ] GC(231) Using 8 workers of 8 for evacuation
[2213.018s][info][gc,phases      ] GC(231)   Pre Evacuate Collection Set: 0.28ms
[2213.018s][info][gc,phases      ] GC(231)   Merge Heap Roots: 0.64ms
[2213.018s][info][gc,phases      ] GC(231)   Evacuate Collection Set: 145.45ms
[2213.018s][info][gc,phases      ] GC(231)   Post Evacuate Collection Set: 0.96ms
[2213.018s][info][gc,phases      ] GC(231)   Other: 0.07ms
[2213.018s][info][gc,heap        ] GC(231) Eden regions: 543->0(536)
[2213.018s][info][gc,heap        ] GC(231) Survivor regions: 42->42(74)
[2213.018s][info][gc,heap        ] GC(231) Old regions: 312->319
[2213.018s][info][gc,heap        ] GC(231) Humongous regions: 33->33
[2213.018s][info][gc,metaspace   ] GC(231) Metaspace: 29915K(30400K)->29915K(30400K) NonClass: 24506K(24768K)->24506K(24768K) Class: 5408K(5632K)->5408K(5632K)
[2213.018s][info][gc             ] GC(231) Pause Young (Normal) (G1 Evacuation Pause) 7420M->3135M(8192M) 147.527ms
[2213.018s][info][gc,cpu         ] GC(231) User=1.17s Sys=0.00s Real=0.15s
............[2225.628s][info][gc,start       ] GC(232) Pause Young (Normal) (G1 Evacuation Pause)
[2225.628s][info][gc,task        ] GC(232) Using 8 workers of 8 for evacuation
[2225.772s][info][gc,phases      ] GC(232)   Pre Evacuate Collection Set: 0.27ms
[2225.772s][info][gc,phases      ] GC(232)   Merge Heap Roots: 0.60ms
[2225.772s][info][gc,phases      ] GC(232)   Evacuate Collection Set: 142.32ms
[2225.772s][info][gc,phases      ] GC(232)   Post Evacuate Collection Set: 0.99ms
[2225.772s][info][gc,phases      ] GC(232)   Other: 0.07ms
[2225.772s][info][gc,heap        ] GC(232) Eden regions: 536->0(533)
[2225.772s][info][gc,heap        ] GC(232) Survivor regions: 42->40(73)
[2225.772s][info][gc,heap        ] GC(232) Old regions: 319->326
[2225.772s][info][gc,heap        ] GC(232) Humongous regions: 33->33
[2225.772s][info][gc,metaspace   ] GC(232) Metaspace: 29915K(30400K)->29915K(30400K) NonClass: 24506K(24768K)->24506K(24768K) Class: 5408K(5632K)->5408K(5632K)
[2225.772s][info][gc             ] GC(232) Pause Young (Normal) (G1 Evacuation Pause) 7423M->3179M(8192M) 144.376ms
[2225.772s][info][gc,cpu         ] GC(232) User=1.14s Sys=0.00s Real=0.14s
.............[2238.203s][info][gc,start       ] GC(233) Pause Young (Normal) (G1 Evacuation Pause)
[2238.203s][info][gc,task        ] GC(233) Using 8 workers of 8 for evacuation
[2238.352s][info][gc,phases      ] GC(233)   Pre Evacuate Collection Set: 0.25ms
[2238.352s][info][gc,phases      ] GC(233)   Merge Heap Roots: 0.50ms
[2238.352s][info][gc,phases      ] GC(233)   Evacuate Collection Set: 146.63ms
[2238.352s][info][gc,phases      ] GC(233)   Post Evacuate Collection Set: 0.99ms
[2238.352s][info][gc,phases      ] GC(233)   Other: 0.06ms
[2238.352s][info][gc,heap        ] GC(233) Eden regions: 533->0(522)
[2238.352s][info][gc,heap        ] GC(233) Survivor regions: 40->42(72)
[2238.352s][info][gc,heap        ] GC(233) Old regions: 326->333
[2238.352s][info][gc,heap        ] GC(233) Humongous regions: 33->33
[2238.352s][info][gc,metaspace   ] GC(233) Metaspace: 29919K(30400K)->29919K(30400K) NonClass: 24511K(24768K)->24511K(24768K) Class: 5408K(5632K)->5408K(5632K)
[2238.352s][info][gc             ] GC(233) Pause Young (Normal) (G1 Evacuation Pause) 7443M->3251M(8192M) 148.562ms
[2238.352s][info][gc,cpu         ] GC(233) User=1.17s Sys=0.00s Real=0.15s
.......... (rIR:aIR:PR = 2842:2844:2844) (tPR = 42707) [OK] 
  2247s: Performance info:
         Transaction,    Success,    Partial,     Failed,   Receipts, AvgBarcode, 
             Overall,     170721,          0,          0,     162187,      59.48, 
         Response times:
             Request,    Success,    Partial,     Failed,   SkipFail,     Probes,    Samples,      min,      p50,      p90,      p95,      p99,      max, 
       TotalPurchase,     162186,          0,          0,          0,     158453,     199936,      400,     2000,     3300,     3700,     9000,   164000,
     InStorePurchase,      85357,          0,          0,          0,      83592,     105497,      400,     2000,     3300,     3700,     7600,   156000,
      OnlinePurchase,      59734,          0,          0,          0,      58434,      73513,      400,     2000,     3400,     3700,    10300,   164000,
        InstPurchase,      17095,          0,          0,          0,      16427,      20926,      400,     2100,     3400,     3700,     9373,   156000,
          AssocOfCat,        171,          0,          0,          0,        135,        226,    19500,    29000,    34000,    35000,   142520,   197000,
      AssocOfProduct,       1704,          0,          0,          0,       1548,       2089,      700,     2600,     3600,     3900,    13420,   156000,
      BusinessReport,        428,          0,          0,          0,        338,        509,    21000,    32000,    38000,    42000,    79200,   203000,
          CustBuyBeh,       1708,          0,          0,          0,       1566,       2198,      200,     2000,     3200,     3500,     7600,   147000,
       ProductReturn,       4524,          0,          0,          0,       4245,       5667,      200,     1600,     3100,     3500,    10596,   154000,

  2247s: (21%)   IR =   2984 ..[2250.421s][info][gc,start       ] GC(234) Pause Young (Normal) (G1 Evacuation Pause)
[2250.421s][info][gc,task        ] GC(234) Using 8 workers of 8 for evacuation
[2250.563s][info][gc,phases      ] GC(234)   Pre Evacuate Collection Set: 0.25ms
[2250.563s][info][gc,phases      ] GC(234)   Merge Heap Roots: 0.48ms
[2250.563s][info][gc,phases      ] GC(234)   Evacuate Collection Set: 140.08ms
[2250.563s][info][gc,phases      ] GC(234)   Post Evacuate Collection Set: 0.93ms
[2250.563s][info][gc,phases      ] GC(234)   Other: 0.06ms
[2250.563s][info][gc,heap        ] GC(234) Eden regions: 522->0(518)
[2250.563s][info][gc,heap        ] GC(234) Survivor regions: 42->40(71)
[2250.563s][info][gc,heap        ] GC(234) Old regions: 333->341
[2250.563s][info][gc,heap        ] GC(234) Humongous regions: 33->33
[2250.563s][info][gc,metaspace   ] GC(234) Metaspace: 29919K(30400K)->29919K(30400K) NonClass: 24511K(24768K)->24511K(24768K) Class: 5408K(5632K)->5408K(5632K)
[2250.563s][info][gc             ] GC(234) Pause Young (Normal) (G1 Evacuation Pause) 7427M->3292M(8192M) 141.957ms
[2250.563s][info][gc,cpu         ] GC(234) User=1.12s Sys=0.00s Real=0.14s
..|..........[2262.109s][info][gc,start       ] GC(235) Pause Young (Normal) (G1 Evacuation Pause)
[2262.109s][info][gc,task        ] GC(235) Using 8 workers of 8 for evacuation
[2262.251s][info][gc,phases      ] GC(235)   Pre Evacuate Collection Set: 0.25ms
[2262.251s][info][gc,phases      ] GC(235)   Merge Heap Roots: 0.48ms
[2262.251s][info][gc,phases      ] GC(235)   Evacuate Collection Set: 139.92ms
[2262.251s][info][gc,phases      ] GC(235)   Post Evacuate Collection Set: 0.96ms
[2262.251s][info][gc,phases      ] GC(235)   Other: 0.07ms
[2262.251s][info][gc,heap        ] GC(235) Eden regions: 518->0(511)
[2262.251s][info][gc,heap        ] GC(235) Survivor regions: 40->40(70)
[2262.251s][info][gc,heap        ] GC(235) Old regions: 341->348
[2262.251s][info][gc,heap        ] GC(235) Humongous regions: 33->33
[2262.251s][info][gc,metaspace   ] GC(235) Metaspace: 29919K(30400K)->29919K(30400K) NonClass: 24511K(24768K)->24511K(24768K) Class: 5408K(5632K)->5408K(5632K)
[2262.251s][info][gc             ] GC(235) Pause Young (Normal) (G1 Evacuation Pause) 7436M->3352M(8192M) 141.803ms
[2262.251s][info][gc,cpu         ] GC(235) User=1.12s Sys=0.00s Real=0.14s
...........[2273.718s][info][gc,start       ] GC(236) Pause Young (Normal) (G1 Evacuation Pause)
[2273.718s][info][gc,task        ] GC(236) Using 8 workers of 8 for evacuation
[2273.858s][info][gc,phases      ] GC(236)   Pre Evacuate Collection Set: 0.24ms
[2273.858s][info][gc,phases      ] GC(236)   Merge Heap Roots: 0.47ms
[2273.858s][info][gc,phases      ] GC(236)   Evacuate Collection Set: 138.76ms
[2273.858s][info][gc,phases      ] GC(236)   Post Evacuate Collection Set: 0.91ms
[2273.858s][info][gc,phases      ] GC(236)   Other: 0.07ms
[2273.858s][info][gc,heap        ] GC(236) Eden regions: 511->0(504)
[2273.858s][info][gc,heap        ] GC(236) Survivor regions: 40->40(69)
[2273.858s][info][gc,heap        ] GC(236) Old regions: 348->355
[2273.858s][info][gc,heap        ] GC(236) Humongous regions: 33->33
[2273.858s][info][gc,metaspace   ] GC(236) Metaspace: 29919K(30400K)->29919K(30400K) NonClass: 24511K(24768K)->24511K(24768K) Class: 5408K(5632K)->5408K(5632K)
[2273.858s][info][gc             ] GC(236) Pause Young (Normal) (G1 Evacuation Pause) 7440M->3411M(8192M) 140.567ms
[2273.858s][info][gc,cpu         ] GC(236) User=1.11s Sys=0.00s Real=0.14s
............[2285.042s][info][gc,start       ] GC(237) Pause Young (Normal) (G1 Evacuation Pause)
[2285.042s][info][gc,task        ] GC(237) Using 8 workers of 8 for evacuation
[2285.182s][info][gc,phases      ] GC(237)   Pre Evacuate Collection Set: 0.30ms
[2285.182s][info][gc,phases      ] GC(237)   Merge Heap Roots: 0.64ms
[2285.182s][info][gc,phases      ] GC(237)   Evacuate Collection Set: 138.37ms
[2285.182s][info][gc,phases      ] GC(237)   Post Evacuate Collection Set: 0.92ms
[2285.182s][info][gc,phases      ] GC(237)   Other: 0.10ms
[2285.182s][info][gc,heap        ] GC(237) Eden regions: 504->0(494)
[2285.182s][info][gc,heap        ] GC(237) Survivor regions: 40->41(68)
[2285.182s][info][gc,heap        ] GC(237) Old regions: 355->363
[2285.182s][info][gc,heap        ] GC(237) Humongous regions: 33->33
[2285.182s][info][gc,metaspace   ] GC(237) Metaspace: 29919K(30400K)->29919K(30400K) NonClass: 24511K(24768K)->24511K(24768K) Class: 5408K(5632K)->5408K(5632K)
[2285.182s][info][gc             ] GC(237) Pause Young (Normal) (G1 Evacuation Pause) 7443M->3476M(8192M) 140.463ms
[2285.182s][info][gc,cpu         ] GC(237) User=1.11s Sys=0.00s Real=0.14s
...........[2296.190s][info][gc,start       ] GC(238) Pause Young (Normal) (G1 Evacuation Pause)
[2296.190s][info][gc,task        ] GC(238) Using 8 workers of 8 for evacuation
[2296.332s][info][gc,phases      ] GC(238)   Pre Evacuate Collection Set: 0.25ms
[2296.332s][info][gc,phases      ] GC(238)   Merge Heap Roots: 0.61ms
[2296.332s][info][gc,phases      ] GC(238)   Evacuate Collection Set: 139.61ms
[2296.332s][info][gc,phases      ] GC(238)   Post Evacuate Collection Set: 0.90ms
[2296.332s][info][gc,phases      ] GC(238)   Other: 0.07ms
[2296.332s][info][gc,heap        ] GC(238) Eden regions: 494->0(488)
[2296.332s][info][gc,heap        ] GC(238) Survivor regions: 41->40(67)
[2296.332s][info][gc,heap        ] GC(238) Old regions: 363->371
[2296.332s][info][gc,heap        ] GC(238) Humongous regions: 33->33
[2296.332s][info][gc,metaspace   ] GC(238) Metaspace: 29919K(30400K)->29919K(30400K) NonClass: 24511K(24768K)->24511K(24768K) Class: 5408K(5632K)->5408K(5632K)
[2296.332s][info][gc             ] GC(238) Pause Young (Normal) (G1 Evacuation Pause) 7428M->3534M(8192M) 141.589ms
[2296.332s][info][gc,cpu         ] GC(238) User=1.12s Sys=0.00s Real=0.14s
...........[2307.195s][info][gc,start       ] GC(239) Pause Young (Normal) (G1 Evacuation Pause)
[2307.195s][info][gc,task        ] GC(239) Using 8 workers of 8 for evacuation
[2307.338s][info][gc,phases      ] GC(239)   Pre Evacuate Collection Set: 0.24ms
[2307.338s][info][gc,phases      ] GC(239)   Merge Heap Roots: 0.57ms
[2307.338s][info][gc,phases      ] GC(239)   Evacuate Collection Set: 141.62ms
[2307.338s][info][gc,phases      ] GC(239)   Post Evacuate Collection Set: 0.89ms
[2307.338s][info][gc,phases      ] GC(239)   Other: 0.07ms
[2307.338s][info][gc,heap        ] GC(239) Eden regions: 488->0(481)
[2307.338s][info][gc,heap        ] GC(239) Survivor regions: 40->40(66)
[2307.338s][info][gc,heap        ] GC(239) Old regions: 371->378
[2307.338s][info][gc,heap        ] GC(239) Humongous regions: 33->33
[2307.338s][info][gc,metaspace   ] GC(239) Metaspace: 29919K(30400K)->29919K(30400K) NonClass: 24511K(24768K)->24511K(24768K) Class: 5408K(5632K)->5408K(5632K)
[2307.338s][info][gc             ] GC(239) Pause Young (Normal) (G1 Evacuation Pause) 7438M->3595M(8192M) 143.538ms
[2307.338s][info][gc,cpu         ] GC(239) User=1.14s Sys=0.00s Real=0.14s
..... (rIR:aIR:PR = 2984:2984:2984) (tPR = 44469) [OK] 
  2311s: Performance info:
         Transaction,    Success,    Partial,     Failed,   Receipts, AvgBarcode, 
             Overall,     179115,          0,          0,     170140,      59.48, 
         Response times:
             Request,    Success,    Partial,     Failed,   SkipFail,     Probes,    Samples,      min,      p50,      p90,      p95,      p99,      max, 
       TotalPurchase,     170140,          0,          0,          0,     166138,     178963,      400,     2100,     3500,     3900,    11900,   156000,
     InStorePurchase,      89533,          0,          0,          0,      87707,      94253,      400,     2100,     3500,     3900,    11800,   156000,
      OnlinePurchase,      62687,          0,          0,          0,      61202,      65753,      400,     2100,     3500,     3900,    12346,   153000,
        InstPurchase,      17920,          0,          0,          0,      17229,      18957,      500,     2100,     3600,     4000,    11100,   151000,
          AssocOfCat,        181,          0,          0,          0,        127,        179,    19300,    29000,    37000,    46000,    62600,    69000,
      AssocOfProduct,       1787,          0,          0,          0,       1579,       1838,      500,     2400,     3800,     4300,    10388,    44000,
      BusinessReport,        449,          0,          0,          0,        367,        471,    21000,    33000,    38800,    45000,    74920,   194000,
          CustBuyBeh,       1796,          0,          0,          0,       1610,       1909,      200,     2000,     3300,     3600,     8000,    29000,
       ProductReturn,       4762,          0,          0,          0,       4485,       5025,      200,     1600,     3300,     3700,     8674,   150000,

  2311s: (22%)   IR =   3126 .....[2317.802s][info][gc,start       ] GC(240) Pause Young (Normal) (G1 Evacuation Pause)
[2317.802s][info][gc,task        ] GC(240) Using 8 workers of 8 for evacuation
[2317.942s][info][gc,phases      ] GC(240)   Pre Evacuate Collection Set: 0.24ms
[2317.942s][info][gc,phases      ] GC(240)   Merge Heap Roots: 0.55ms
[2317.942s][info][gc,phases      ] GC(240)   Evacuate Collection Set: 138.11ms
[2317.942s][info][gc,phases      ] GC(240)   Post Evacuate Collection Set: 0.96ms
[2317.942s][info][gc,phases      ] GC(240)   Other: 0.07ms
[2317.942s][info][gc,heap        ] GC(240) Eden regions: 481->0(475)
[2317.942s][info][gc,heap        ] GC(240) Survivor regions: 40->39(66)
[2317.942s][info][gc,heap        ] GC(240) Old regions: 378->386
[2317.942s][info][gc,heap        ] GC(240) Humongous regions: 33->33
[2317.942s][info][gc,metaspace   ] GC(240) Metaspace: 29919K(30400K)->29919K(30400K) NonClass: 24511K(24768K)->24511K(24768K) Class: 5408K(5632K)->5408K(5632K)
[2317.942s][info][gc             ] GC(240) Pause Young (Normal) (G1 Evacuation Pause) 7443M->3649M(8192M) 140.073ms
[2317.942s][info][gc,cpu         ] GC(240) User=1.11s Sys=0.00s Real=0.14s
....|.......[2328.082s][info][gc,start       ] GC(241) Pause Young (Normal) (G1 Evacuation Pause)
[2328.082s][info][gc,task        ] GC(241) Using 8 workers of 8 for evacuation
[2328.220s][info][gc,phases      ] GC(241)   Pre Evacuate Collection Set: 0.27ms
[2328.220s][info][gc,phases      ] GC(241)   Merge Heap Roots: 0.58ms
[2328.220s][info][gc,phases      ] GC(241)   Evacuate Collection Set: 136.07ms
[2328.220s][info][gc,phases      ] GC(241)   Post Evacuate Collection Set: 0.91ms
[2328.220s][info][gc,phases      ] GC(241)   Other: 0.07ms
[2328.220s][info][gc,heap        ] GC(241) Eden regions: 475->0(467)
[2328.220s][info][gc,heap        ] GC(241) Survivor regions: 39->39(65)
[2328.220s][info][gc,heap        ] GC(241) Old regions: 386->394
[2328.220s][info][gc,heap        ] GC(241) Humongous regions: 33->33
[2328.220s][info][gc,metaspace   ] GC(241) Metaspace: 29919K(30400K)->29919K(30400K) NonClass: 24511K(24768K)->24511K(24768K) Class: 5408K(5632K)->5408K(5632K)
[2328.220s][info][gc             ] GC(241) Pause Young (Normal) (G1 Evacuation Pause) 7449M->3713M(8192M) 138.051ms
[2328.220s][info][gc,cpu         ] GC(241) User=1.09s Sys=0.00s Real=0.14s
..........[2338.061s][info][gc,start       ] GC(242) Pause Young (Normal) (G1 Evacuation Pause)
[2338.061s][info][gc,task        ] GC(242) Using 8 workers of 8 for evacuation
[2338.197s][info][gc,phases      ] GC(242)   Pre Evacuate Collection Set: 0.27ms
[2338.197s][info][gc,phases      ] GC(242)   Merge Heap Roots: 0.53ms
[2338.197s][info][gc,phases      ] GC(242)   Evacuate Collection Set: 134.52ms
[2338.197s][info][gc,phases      ] GC(242)   Post Evacuate Collection Set: 0.86ms
[2338.197s][info][gc,phases      ] GC(242)   Other: 0.06ms
[2338.197s][info][gc,heap        ] GC(242) Eden regions: 467->0(461)
[2338.197s][info][gc,heap        ] GC(242) Survivor regions: 39->38(64)
[2338.197s][info][gc,heap        ] GC(242) Old regions: 394->402
[2338.197s][info][gc,heap        ] GC(242) Humongous regions: 33->33
[2338.197s][info][gc,metaspace   ] GC(242) Metaspace: 29919K(30400K)->29919K(30400K) NonClass: 24511K(24768K)->24511K(24768K) Class: 5408K(5632K)->5408K(5632K)
[2338.197s][info][gc             ] GC(242) Pause Young (Normal) (G1 Evacuation Pause) 7449M->3765M(8192M) 136.361ms
[2338.197s][info][gc,cpu         ] GC(242) User=1.08s Sys=0.00s Real=0.14s
..........[2348.008s][info][gc,start       ] GC(243) Pause Young (Normal) (G1 Evacuation Pause)
[2348.008s][info][gc,task        ] GC(243) Using 8 workers of 8 for evacuation
[2348.144s][info][gc,phases      ] GC(243)   Pre Evacuate Collection Set: 0.27ms
[2348.145s][info][gc,phases      ] GC(243)   Merge Heap Roots: 0.51ms
[2348.145s][info][gc,phases      ] GC(243)   Evacuate Collection Set: 134.50ms
[2348.145s][info][gc,phases      ] GC(243)   Post Evacuate Collection Set: 0.88ms
[2348.145s][info][gc,phases      ] GC(243)   Other: 0.09ms
[2348.145s][info][gc,heap        ] GC(243) Eden regions: 461->0(453)
[2348.145s][info][gc,heap        ] GC(243) Survivor regions: 38->38(63)
[2348.145s][info][gc,heap        ] GC(243) Old regions: 402->410
[2348.145s][info][gc,heap        ] GC(243) Humongous regions: 33->33
[2348.145s][info][gc,metaspace   ] GC(243) Metaspace: 29919K(30400K)->29919K(30400K) NonClass: 24511K(24768K)->24511K(24768K) Class: 5408K(5632K)->5408K(5632K)
[2348.145s][info][gc             ] GC(243) Pause Young (Normal) (G1 Evacuation Pause) 7453M->3833M(8192M) 136.365ms
[2348.145s][info][gc,cpu         ] GC(243) User=1.08s Sys=0.00s Real=0.14s
.........[2357.664s][info][gc,start       ] GC(244) Pause Young (Normal) (G1 Evacuation Pause)
[2357.664s][info][gc,task        ] GC(244) Using 8 workers of 8 for evacuation
[2357.799s][info][gc,phases      ] GC(244)   Pre Evacuate Collection Set: 0.25ms
[2357.799s][info][gc,phases      ] GC(244)   Merge Heap Roots: 0.50ms
[2357.799s][info][gc,phases      ] GC(244)   Evacuate Collection Set: 133.25ms
[2357.799s][info][gc,phases      ] GC(244)   Post Evacuate Collection Set: 0.88ms
[2357.799s][info][gc,phases      ] GC(244)   Other: 0.06ms
[2357.799s][info][gc,heap        ] GC(244) Eden regions: 453->0(445)
[2357.799s][info][gc,heap        ] GC(244) Survivor regions: 38->38(62)
[2357.799s][info][gc,heap        ] GC(244) Old regions: 410->418
[2357.799s][info][gc,heap        ] GC(244) Humongous regions: 33->33
[2357.799s][info][gc,metaspace   ] GC(244) Metaspace: 29919K(30400K)->29919K(30400K) NonClass: 24511K(24768K)->24511K(24768K) Class: 5408K(5632K)->5408K(5632K)
[2357.799s][info][gc             ] GC(244) Pause Young (Normal) (G1 Evacuation Pause) 7457M->3891M(8192M) 135.072ms
[2357.799s][info][gc,cpu         ] GC(244) User=1.07s Sys=0.00s Real=0.14s
..........[2367.277s][info][gc,start       ] GC(245) Pause Young (Normal) (G1 Evacuation Pause)
[2367.277s][info][gc,task        ] GC(245) Using 8 workers of 8 for evacuation
[2367.414s][info][gc,phases      ] GC(245)   Pre Evacuate Collection Set: 0.26ms
[2367.414s][info][gc,phases      ] GC(245)   Merge Heap Roots: 0.54ms
[2367.414s][info][gc,phases      ] GC(245)   Evacuate Collection Set: 135.74ms
[2367.414s][info][gc,phases      ] GC(245)   Post Evacuate Collection Set: 0.84ms
[2367.415s][info][gc,phases      ] GC(245)   Other: 0.07ms
[2367.415s][info][gc,heap        ] GC(245) Eden regions: 445->0(439)
[2367.415s][info][gc,heap        ] GC(245) Survivor regions: 38->37(61)
[2367.415s][info][gc,heap        ] GC(245) Old regions: 418->426
[2367.415s][info][gc,heap        ] GC(245) Humongous regions: 33->33
[2367.415s][info][gc,metaspace   ] GC(245) Metaspace: 29919K(30400K)->29919K(30400K) NonClass: 24511K(24768K)->24511K(24768K) Class: 5408K(5632K)->5408K(5632K)
[2367.415s][info][gc             ] GC(245) Pause Young (Normal) (G1 Evacuation Pause) 7451M->3950M(8192M) 137.592ms
[2367.415s][info][gc,cpu         ] GC(245) User=1.09s Sys=0.00s Real=0.14s
.........[2376.691s][info][gc,start       ] GC(246) Pause Young (Normal) (G1 Evacuation Pause)
[2376.691s][info][gc,task        ] GC(246) Using 8 workers of 8 for evacuation
[2376.824s][info][gc,phases      ] GC(246)   Pre Evacuate Collection Set: 0.26ms
[2376.825s][info][gc,phases      ] GC(246)   Merge Heap Roots: 0.58ms
[2376.825s][info][gc,phases      ] GC(246)   Evacuate Collection Set: 131.63ms
[2376.825s][info][gc,phases      ] GC(246)   Post Evacuate Collection Set: 0.88ms
[2376.825s][info][gc,phases      ] GC(246)   Other: 0.06ms
[2376.825s][info][gc,heap        ] GC(246) Eden regions: 439->0(433)
[2376.825s][info][gc,heap        ] GC(246) Survivor regions: 37->36(60)
[2376.825s][info][gc,heap        ] GC(246) Old regions: 426->434
[2376.825s][info][gc,heap        ] GC(246) Humongous regions: 33->33
[2376.825s][info][gc,metaspace   ] GC(246) Metaspace: 29919K(30400K)->29919K(30400K) NonClass: 24511K(24768K)->24511K(24768K) Class: 5408K(5632K)->5408K(5632K)
[2376.825s][info][gc             ] GC(246) Pause Young (Normal) (G1 Evacuation Pause) 7462M->4004M(8192M) 133.547ms
[2376.825s][info][gc,cpu         ] GC(246) User=1.06s Sys=0.01s Real=0.14s
..... (rIR:aIR:PR = 3126:3125:3125) (tPR = 46205) [OK] 
  2380s: Performance info:
         Transaction,    Success,    Partial,     Failed,   Receipts, AvgBarcode, 
             Overall,     187588,          0,          0,     178216,      59.48, 
         Response times:
             Request,    Success,    Partial,     Failed,   SkipFail,     Probes,    Samples,      min,      p50,      p90,      p95,      p99,      max, 
       TotalPurchase,     178216,          0,          0,          0,     174517,     202526,      300,     2200,     3600,     4000,    11500,   167000,
     InStorePurchase,      93785,          0,          0,          0,      92296,     106695,      300,     2200,     3600,     4000,    11600,   167000,
      OnlinePurchase,      65640,          0,          0,          0,      64030,      74298,      300,     2200,     3600,     4000,    11500,   145000,
        InstPurchase,      18791,          0,          0,          0,      18191,      21533,      500,     2000,     3600,     4000,    10966,   146000,
          AssocOfCat,        186,          0,          0,          0,        137,        207,    19100,    29000,    35200,    38000,    66800,   172000,
      AssocOfProduct,       1884,          0,          0,          0,       1685,       2135,      600,     2800,     4000,     4400,    14848,   145000,
      BusinessReport,        465,          0,          0,          0,        385,        575,    23000,    32000,    38000,    45000,    65440,   172000,
          CustBuyBeh,       1871,          0,          0,          0,       1651,       2094,      200,     1800,     3400,     3800,    11030,   144000,
       ProductReturn,       4966,          0,          0,          0,       4669,       5670,      200,     2200,     3600,     4000,    11900,   144000,

  2380s: (23%)   IR =   3268 ....[2385.820s][info][gc,start       ] GC(247) Pause Young (Concurrent Start) (G1 Evacuation Pause)
[2385.820s][info][gc,task        ] GC(247) Using 8 workers of 8 for evacuation
[2385.957s][info][gc,phases      ] GC(247)   Pre Evacuate Collection Set: 0.30ms
[2385.957s][info][gc,phases      ] GC(247)   Merge Heap Roots: 0.53ms
[2385.957s][info][gc,phases      ] GC(247)   Evacuate Collection Set: 134.84ms
[2385.957s][info][gc,phases      ] GC(247)   Post Evacuate Collection Set: 0.85ms
[2385.957s][info][gc,phases      ] GC(247)   Other: 0.10ms
[2385.957s][info][gc,heap        ] GC(247) Eden regions: 433->0(421)
[2385.957s][info][gc,heap        ] GC(247) Survivor regions: 36->38(59)
[2385.957s][info][gc,heap        ] GC(247) Old regions: 434->442
[2385.957s][info][gc,heap        ] GC(247) Humongous regions: 33->33
[2385.957s][info][gc,metaspace   ] GC(247) Metaspace: 29920K(30400K)->29920K(30400K) NonClass: 24512K(24768K)->24512K(24768K) Class: 5408K(5632K)->5408K(5632K)
[2385.957s][info][gc             ] GC(247) Pause Young (Concurrent Start) (G1 Evacuation Pause) 7468M->4082M(8192M) 136.742ms
[2385.957s][info][gc             ] GC(248) Concurrent Mark Cycle
[2385.957s][info][gc,marking     ] GC(248) Concurrent Scan Root Regions
[2385.957s][info][gc,cpu         ] GC(247) User=1.08s Sys=0.00s Real=0.14s
.[2386.165s][info][gc,marking     ] GC(248) Concurrent Scan Root Regions 208.178ms
[2386.165s][info][gc,marking     ] GC(248) Concurrent Mark
[2386.165s][info][gc,marking     ] GC(248) Concurrent Mark From Roots
[2386.165s][info][gc,task        ] GC(248) Using 2 workers of 2 for marking
[2386.729s][info][gc,marking     ] GC(248) Concurrent Mark From Roots 563.996ms
[2386.729s][info][gc,marking     ] GC(248) Concurrent Preclean
[2386.729s][info][gc,marking     ] GC(248) Concurrent Preclean 0.114ms
[2386.729s][info][gc,start       ] GC(248) Pause Remark
[2386.732s][info][gc             ] GC(248) Pause Remark 4447M->3295M(8192M) 2.278ms
[2386.732s][info][gc,cpu         ] GC(248) User=0.02s Sys=0.00s Real=0.00s
[2386.732s][info][gc,marking     ] GC(248) Concurrent Mark 566.665ms
[2386.732s][info][gc,marking     ] GC(248) Concurrent Rebuild Remembered Sets and Scrub Regions
.[2387.144s][info][gc,marking     ] GC(248) Concurrent Rebuild Remembered Sets and Scrub Regions 412.122ms
[2387.144s][info][gc,start       ] GC(248) Pause Cleanup
[2387.144s][info][gc             ] GC(248) Pause Cleanup 3443M->3443M(8192M) 0.289ms
[2387.144s][info][gc,cpu         ] GC(248) User=0.00s Sys=0.00s Real=0.00s
[2387.144s][info][gc,marking     ] GC(248) Concurrent Clear Claimed Marks
[2387.144s][info][gc,marking     ] GC(248) Concurrent Clear Claimed Marks 0.046ms
[2387.144s][info][gc,marking     ] GC(248) Concurrent Cleanup for Next Mark
[2387.153s][info][gc,marking     ] GC(248) Concurrent Cleanup for Next Mark 8.989ms
[2387.154s][info][gc             ] GC(248) Concurrent Mark Cycle 1196.699ms
.|......[2394.534s][info][gc,start       ] GC(249) Pause Young (Prepare Mixed) (G1 Evacuation Pause)
[2394.535s][info][gc,task        ] GC(249) Using 8 workers of 8 for evacuation
[2394.667s][info][gc,phases      ] GC(249)   Pre Evacuate Collection Set: 0.26ms
[2394.667s][info][gc,phases      ] GC(249)   Merge Heap Roots: 0.66ms
[2394.667s][info][gc,phases      ] GC(249)   Evacuate Collection Set: 130.34ms
[2394.667s][info][gc,phases      ] GC(249)   Post Evacuate Collection Set: 0.91ms
[2394.667s][info][gc,phases      ] GC(249)   Other: 0.07ms
[2394.667s][info][gc,heap        ] GC(249) Eden regions: 421->0(557)
[2394.667s][info][gc,heap        ] GC(249) Survivor regions: 38->38(58)
[2394.667s][info][gc,heap        ] GC(249) Old regions: 298->306
[2394.667s][info][gc,heap        ] GC(249) Humongous regions: 33->33
[2394.667s][info][gc,metaspace   ] GC(249) Metaspace: 29920K(30400K)->29920K(30400K) NonClass: 24512K(24768K)->24512K(24768K) Class: 5408K(5632K)->5408K(5632K)
[2394.667s][info][gc             ] GC(249) Pause Young (Prepare Mixed) (G1 Evacuation Pause) 6298M->2995M(8192M) 132.382ms
[2394.667s][info][gc,cpu         ] GC(249) User=1.05s Sys=0.00s Real=0.13s
...........[2405.974s][info][gc,start       ] GC(250) Pause Young (Mixed) (G1 Evacuation Pause)
[2405.974s][info][gc,task        ] GC(250) Using 8 workers of 8 for evacuation
[2406.119s][info][gc,phases      ] GC(250)   Pre Evacuate Collection Set: 0.32ms
[2406.119s][info][gc,phases      ] GC(250)   Merge Heap Roots: 0.75ms
[2406.119s][info][gc,phases      ] GC(250)   Evacuate Collection Set: 142.58ms
[2406.119s][info][gc,phases      ] GC(250)   Post Evacuate Collection Set: 1.24ms
[2406.119s][info][gc,phases      ] GC(250)   Other: 0.07ms
[2406.119s][info][gc,heap        ] GC(250) Eden regions: 557->0(568)
[2406.119s][info][gc,heap        ] GC(250) Survivor regions: 38->46(75)
[2406.119s][info][gc,heap        ] GC(250) Old regions: 306->204
[2406.119s][info][gc,heap        ] GC(250) Humongous regions: 33->33
[2406.119s][info][gc,metaspace   ] GC(250) Metaspace: 29920K(30400K)->29920K(30400K) NonClass: 24512K(24768K)->24512K(24768K) Class: 5408K(5632K)->5408K(5632K)
[2406.119s][info][gc             ] GC(250) Pause Young (Mixed) (G1 Evacuation Pause) 7451M->2246M(8192M) 145.093ms
[2406.119s][info][gc,cpu         ] GC(250) User=1.15s Sys=0.00s Real=0.15s
............[2417.773s][info][gc,start       ] GC(251) Pause Young (Mixed) (G1 Evacuation Pause)
[2417.773s][info][gc,task        ] GC(251) Using 8 workers of 8 for evacuation
[2417.939s][info][gc,phases      ] GC(251)   Pre Evacuate Collection Set: 0.32ms
[2417.939s][info][gc,phases      ] GC(251)   Merge Heap Roots: 1.06ms
[2417.939s][info][gc,phases      ] GC(251)   Evacuate Collection Set: 159.37ms
[2417.939s][info][gc,phases      ] GC(251)   Merge Optional Heap Roots: 0.13ms
[2417.939s][info][gc,phases      ] GC(251)   Evacuate Optional Collection Set: 3.60ms
[2417.939s][info][gc,phases      ] GC(251)   Post Evacuate Collection Set: 1.30ms
[2417.939s][info][gc,phases      ] GC(251)   Other: 0.10ms
[2417.939s][info][gc,heap        ] GC(251) Eden regions: 568->0(567)
[2417.939s][info][gc,heap        ] GC(251) Survivor regions: 46->47(77)
[2417.939s][info][gc,heap        ] GC(251) Old regions: 204->147
[2417.939s][info][gc,heap        ] GC(251) Humongous regions: 33->33
[2417.939s][info][gc,metaspace   ] GC(251) Metaspace: 29920K(30400K)->29920K(30400K) NonClass: 24512K(24768K)->24512K(24768K) Class: 5408K(5632K)->5408K(5632K)
[2417.939s][info][gc             ] GC(251) Pause Young (Mixed) (G1 Evacuation Pause) 6790M->1793M(8192M) 166.024ms
[2417.939s][info][gc,cpu         ] GC(251) User=1.32s Sys=0.00s Real=0.17s
............[2429.487s][info][gc,start       ] GC(252) Pause Young (Mixed) (G1 Evacuation Pause)
[2429.487s][info][gc,task        ] GC(252) Using 8 workers of 8 for evacuation
[2429.642s][info][gc,phases      ] GC(252)   Pre Evacuate Collection Set: 0.28ms
[2429.642s][info][gc,phases      ] GC(252)   Merge Heap Roots: 0.68ms
[2429.642s][info][gc,phases      ] GC(252)   Evacuate Collection Set: 153.60ms
[2429.642s][info][gc,phases      ] GC(252)   Post Evacuate Collection Set: 1.02ms
[2429.642s][info][gc,phases      ] GC(252)   Other: 0.07ms
[2429.642s][info][gc,heap        ] GC(252) Eden regions: 567->0(572)
[2429.642s][info][gc,heap        ] GC(252) Survivor regions: 47->42(77)
[2429.642s][info][gc,heap        ] GC(252) Old regions: 147->146
[2429.642s][info][gc,heap        ] GC(252) Humongous regions: 33->33
[2429.642s][info][gc,metaspace   ] GC(252) Metaspace: 29920K(30400K)->29920K(30400K) NonClass: 24512K(24768K)->24512K(24768K) Class: 5408K(5632K)->5408K(5632K)
[2429.642s][info][gc             ] GC(252) Pause Young (Mixed) (G1 Evacuation Pause) 6329M->1755M(8192M) 155.772ms
[2429.642s][info][gc,cpu         ] GC(252) User=1.24s Sys=0.00s Real=0.15s
............[2441.184s][info][gc,start       ] GC(253) Pause Young (Normal) (G1 Evacuation Pause)
[2441.184s][info][gc,task        ] GC(253) Using 8 workers of 8 for evacuation
[2441.333s][info][gc,phases      ] GC(253)   Pre Evacuate Collection Set: 0.28ms
[2441.333s][info][gc,phases      ] GC(253)   Merge Heap Roots: 0.61ms
[2441.333s][info][gc,phases      ] GC(253)   Evacuate Collection Set: 146.87ms
[2441.333s][info][gc,phases      ] GC(253)   Post Evacuate Collection Set: 1.02ms
[2441.333s][info][gc,phases      ] GC(253)   Other: 0.08ms
[2441.333s][info][gc,heap        ] GC(253) Eden regions: 572->0(572)
[2441.333s][info][gc,heap        ] GC(253) Survivor regions: 42->42(77)
[2441.333s][info][gc,heap        ] GC(253) Old regions: 146->154
[2441.333s][info][gc,heap        ] GC(253) Humongous regions: 33->33
[2441.333s][info][gc,metaspace   ] GC(253) Metaspace: 29920K(30400K)->29920K(30400K) NonClass: 24512K(24768K)->24512K(24768K) Class: 5408K(5632K)->5408K(5632K)
[2441.333s][info][gc             ] GC(253) Pause Young (Normal) (G1 Evacuation Pause) 6331M->1813M(8192M) 149.009ms
[2441.333s][info][gc,cpu         ] GC(253) User=1.18s Sys=0.00s Real=0.15s
....... (rIR:aIR:PR = 3268:3267:3267) (tPR = 48575) [OK] 
  2448s: Performance info:
         Transaction,    Success,    Partial,     Failed,   Receipts, AvgBarcode, 
             Overall,     196487,          0,          0,     186645,      59.48, 
         Response times:
             Request,    Success,    Partial,     Failed,   SkipFail,     Probes,    Samples,      min,      p50,      p90,      p95,      p99,      max, 
       TotalPurchase,     186645,          0,          0,          0,     182431,     205549,      300,     2300,     3800,     4300,    13400,   165000,
     InStorePurchase,      98243,          0,          0,          0,      96096,     108054,      300,     2200,     3800,     4300,    12845,   162000,
      OnlinePurchase,      68774,          0,          0,          0,      67357,      75818,      400,     2300,     3900,     4300,    14500,   165000,
        InstPurchase,      19628,          0,          0,          0,      18978,      21677,      500,     2300,     3900,     4400,    13022,   162000,
          AssocOfCat,        195,          0,          0,          0,        140,        215,    19500,    31000,    38400,    43200,    72320,   175000,
      AssocOfProduct,       1964,          0,          0,          0,       1803,       2176,      600,     2500,     4100,     4600,    13500,    51000,
      BusinessReport,        492,          0,          0,          0,        420,        573,    25000,    34000,    43000,    50000,    94680,   224000,
          CustBuyBeh,       1965,          0,          0,          0,       1800,       2201,      200,     2500,     3700,     4200,    18078,   143000,
       ProductReturn,       5226,          0,          0,          0,       4896,       5678,      200,     2400,     3800,     4200,    16621,   143000,

  2448s: (24%)   IR =   3410 ....[2452.799s][info][gc,start       ] GC(254) Pause Young (Normal) (G1 Evacuation Pause)
[2452.799s][info][gc,task        ] GC(254) Using 8 workers of 8 for evacuation
[2452.947s][info][gc,phases      ] GC(254)   Pre Evacuate Collection Set: 0.24ms
[2452.947s][info][gc,phases      ] GC(254)   Merge Heap Roots: 0.53ms
[2452.947s][info][gc,phases      ] GC(254)   Evacuate Collection Set: 146.09ms
[2452.947s][info][gc,phases      ] GC(254)   Post Evacuate Collection Set: 0.99ms
[2452.947s][info][gc,phases      ] GC(254)   Other: 0.07ms
[2452.947s][info][gc,heap        ] GC(254) Eden regions: 572->0(572)
[2452.947s][info][gc,heap        ] GC(254) Survivor regions: 42->42(77)
[2452.947s][info][gc,heap        ] GC(254) Old regions: 154->160
[2452.947s][info][gc,heap        ] GC(254) Humongous regions: 33->33
[2452.947s][info][gc,metaspace   ] GC(254) Metaspace: 29920K(30400K)->29920K(30400K) NonClass: 24512K(24768K)->24512K(24768K) Class: 5408K(5632K)->5408K(5632K)
[2452.947s][info][gc             ] GC(254) Pause Young (Normal) (G1 Evacuation Pause) 6389M->1867M(8192M) 148.070ms
[2452.947s][info][gc,cpu         ] GC(254) User=1.17s Sys=0.00s Real=0.15s
.|..........[2464.092s][info][gc,start       ] GC(255) Pause Young (Normal) (G1 Evacuation Pause)
[2464.092s][info][gc,task        ] GC(255) Using 8 workers of 8 for evacuation
[2464.240s][info][gc,phases      ] GC(255)   Pre Evacuate Collection Set: 0.26ms
[2464.240s][info][gc,phases      ] GC(255)   Merge Heap Roots: 0.54ms
[2464.240s][info][gc,phases      ] GC(255)   Evacuate Collection Set: 146.01ms
[2464.240s][info][gc,phases      ] GC(255)   Post Evacuate Collection Set: 0.98ms
[2464.240s][info][gc,phases      ] GC(255)   Other: 0.08ms
[2464.240s][info][gc,heap        ] GC(255) Eden regions: 572->0(571)
[2464.240s][info][gc,heap        ] GC(255) Survivor regions: 42->43(77)
[2464.240s][info][gc,heap        ] GC(255) Old regions: 160->167
[2464.240s][info][gc,heap        ] GC(255) Humongous regions: 33->33
[2464.240s][info][gc,metaspace   ] GC(255) Metaspace: 29920K(30400K)->29920K(30400K) NonClass: 24512K(24768K)->24512K(24768K) Class: 5408K(5632K)->5408K(5632K)
[2464.240s][info][gc             ] GC(255) Pause Young (Normal) (G1 Evacuation Pause) 6443M->1929M(8192M) 148.030ms
[2464.240s][info][gc,cpu         ] GC(255) User=1.17s Sys=0.00s Real=0.15s
............[2475.343s][info][gc,start       ] GC(256) Pause Young (Normal) (G1 Evacuation Pause)
[2475.343s][info][gc,task        ] GC(256) Using 8 workers of 8 for evacuation
[2475.494s][info][gc,phases      ] GC(256)   Pre Evacuate Collection Set: 0.25ms
[2475.494s][info][gc,phases      ] GC(256)   Merge Heap Roots: 0.66ms
[2475.494s][info][gc,phases      ] GC(256)   Evacuate Collection Set: 148.75ms
[2475.494s][info][gc,phases      ] GC(256)   Post Evacuate Collection Set: 1.03ms
[2475.494s][info][gc,phases      ] GC(256)   Other: 0.08ms
[2475.494s][info][gc,heap        ] GC(256) Eden regions: 571->0(572)
[2475.494s][info][gc,heap        ] GC(256) Survivor regions: 43->42(77)
[2475.494s][info][gc,heap        ] GC(256) Old regions: 167->174
[2475.494s][info][gc,heap        ] GC(256) Humongous regions: 33->33
[2475.494s][info][gc,metaspace   ] GC(256) Metaspace: 29920K(30400K)->29920K(30400K) NonClass: 24512K(24768K)->24512K(24768K) Class: 5408K(5632K)->5408K(5632K)
[2475.494s][info][gc             ] GC(256) Pause Young (Normal) (G1 Evacuation Pause) 6497M->1975M(8192M) 150.894ms
[2475.494s][info][gc,cpu         ] GC(256) User=1.20s Sys=0.00s Real=0.15s
...........[2486.678s][info][gc,start       ] GC(257) Pause Young (Normal) (G1 Evacuation Pause)
[2486.678s][info][gc,task        ] GC(257) Using 8 workers of 8 for evacuation
[2486.824s][info][gc,phases      ] GC(257)   Pre Evacuate Collection Set: 0.27ms
[2486.824s][info][gc,phases      ] GC(257)   Merge Heap Roots: 0.66ms
[2486.824s][info][gc,phases      ] GC(257)   Evacuate Collection Set: 144.21ms
[2486.824s][info][gc,phases      ] GC(257)   Post Evacuate Collection Set: 1.02ms
[2486.824s][info][gc,phases      ] GC(257)   Other: 0.08ms
[2486.824s][info][gc,heap        ] GC(257) Eden regions: 572->0(572)
[2486.824s][info][gc,heap        ] GC(257) Survivor regions: 42->42(77)
[2486.824s][info][gc,heap        ] GC(257) Old regions: 174->181
[2486.824s][info][gc,heap        ] GC(257) Humongous regions: 33->33
[2486.824s][info][gc,metaspace   ] GC(257) Metaspace: 29920K(30400K)->29920K(30400K) NonClass: 24512K(24768K)->24512K(24768K) Class: 5408K(5632K)->5408K(5632K)
[2486.824s][info][gc             ] GC(257) Pause Young (Normal) (G1 Evacuation Pause) 6551M->2031M(8192M) 146.374ms
[2486.824s][info][gc,cpu         ] GC(257) User=1.16s Sys=0.00s Real=0.14s
...........[2497.907s][info][gc,start       ] GC(258) Pause Young (Normal) (G1 Evacuation Pause)
[2497.907s][info][gc,task        ] GC(258) Using 8 workers of 8 for evacuation
[2498.054s][info][gc,phases      ] GC(258)   Pre Evacuate Collection Set: 0.26ms
[2498.054s][info][gc,phases      ] GC(258)   Merge Heap Roots: 0.60ms
[2498.054s][info][gc,phases      ] GC(258)   Evacuate Collection Set: 145.12ms
[2498.054s][info][gc,phases      ] GC(258)   Post Evacuate Collection Set: 0.99ms
[2498.054s][info][gc,phases      ] GC(258)   Other: 0.06ms
[2498.054s][info][gc,heap        ] GC(258) Eden regions: 572->0(572)
[2498.054s][info][gc,heap        ] GC(258) Survivor regions: 42->42(77)
[2498.054s][info][gc,heap        ] GC(258) Old regions: 181->188
[2498.054s][info][gc,heap        ] GC(258) Humongous regions: 33->33
[2498.054s][info][gc,metaspace   ] GC(258) Metaspace: 29920K(30400K)->29920K(30400K) NonClass: 24512K(24768K)->24512K(24768K) Class: 5408K(5632K)->5408K(5632K)
[2498.054s][info][gc             ] GC(258) Pause Young (Normal) (G1 Evacuation Pause) 6607M->2087M(8192M) 147.185ms
[2498.055s][info][gc,cpu         ] GC(258) User=1.17s Sys=0.00s Real=0.15s
...........[2509.261s][info][gc,start       ] GC(259) Pause Young (Normal) (G1 Evacuation Pause)
[2509.261s][info][gc,task        ] GC(259) Using 8 workers of 8 for evacuation
[2509.408s][info][gc,phases      ] GC(259)   Pre Evacuate Collection Set: 0.27ms
[2509.408s][info][gc,phases      ] GC(259)   Merge Heap Roots: 0.52ms
[2509.408s][info][gc,phases      ] GC(259)   Evacuate Collection Set: 145.10ms
[2509.408s][info][gc,phases      ] GC(259)   Post Evacuate Collection Set: 1.03ms
[2509.408s][info][gc,phases      ] GC(259)   Other: 0.07ms
[2509.408s][info][gc,heap        ] GC(259) Eden regions: 572->0(571)
[2509.408s][info][gc,heap        ] GC(259) Survivor regions: 42->43(77)
[2509.408s][info][gc,heap        ] GC(259) Old regions: 188->195
[2509.408s][info][gc,heap        ] GC(259) Humongous regions: 33->33
[2509.408s][info][gc,metaspace   ] GC(259) Metaspace: 29920K(30400K)->29920K(30400K) NonClass: 24512K(24768K)->24512K(24768K) Class: 5408K(5632K)->5408K(5632K)
[2509.408s][info][gc             ] GC(259) Pause Young (Normal) (G1 Evacuation Pause) 6663M->2154M(8192M) 147.121ms
[2509.408s][info][gc,cpu         ] GC(259) User=1.16s Sys=0.00s Real=0.15s
..... (rIR:aIR:PR = 3410:3409:3409) (tPR = 50485) [OK] 
  2513s: Performance info:
         Transaction,    Success,    Partial,     Failed,   Receipts, AvgBarcode, 
             Overall,     205348,          0,          0,     195089,      59.48, 
         Response times:
             Request,    Success,    Partial,     Failed,   SkipFail,     Probes,    Samples,      min,      p50,      p90,      p95,      p99,      max, 
       TotalPurchase,     195089,          0,          0,          0,     190320,     208079,      300,     2300,     3900,     4400,    10800,   199000,
     InStorePurchase,     102711,          0,          0,          0,     100373,     109432,      400,     2400,     3900,     4400,    11267,   199000,
      OnlinePurchase,      71837,          0,          0,          0,      70249,      76888,      300,     2300,     3900,     4400,    10700,   199000,
        InstPurchase,      20541,          0,          0,          0,      19698,      21759,      500,     2400,     4000,     4400,     8900,   162000,
          AssocOfCat,        206,          0,          0,          0,        142,        204,    20000,    29000,    35000,    38750,    49950,    53000,
      AssocOfProduct,       2047,          0,          0,          0,       1859,       2205,      600,     2800,     4200,     4700,    12888,   155000,
      BusinessReport,        510,          0,          0,          0,        439,        570,    22000,    34000,    41000,    48000,    62580,   201000,
          CustBuyBeh,       2050,          0,          0,          0,       1839,       2178,      200,     1700,     3600,     4100,    10163,   155000,
       ProductReturn,       5446,          0,          0,          0,       5083,       5753,      200,     2600,     3800,     4200,    12746,   164000,

  2513s: (25%)   IR =   3552 .....|.[2520.293s][info][gc,start       ] GC(260) Pause Young (Normal) (G1 Evacuation Pause)
[2520.293s][info][gc,task        ] GC(260) Using 8 workers of 8 for evacuation
[2520.443s][info][gc,phases      ] GC(260)   Pre Evacuate Collection Set: 0.24ms
[2520.443s][info][gc,phases      ] GC(260)   Merge Heap Roots: 0.50ms
[2520.443s][info][gc,phases      ] GC(260)   Evacuate Collection Set: 147.78ms
[2520.443s][info][gc,phases      ] GC(260)   Post Evacuate Collection Set: 1.05ms
[2520.443s][info][gc,phases      ] GC(260)   Other: 0.06ms
[2520.443s][info][gc,heap        ] GC(260) Eden regions: 571->0(571)
[2520.443s][info][gc,heap        ] GC(260) Survivor regions: 43->43(77)
[2520.443s][info][gc,heap        ] GC(260) Old regions: 195->202
[2520.443s][info][gc,heap        ] GC(260) Humongous regions: 33->33
[2520.443s][info][gc,metaspace   ] GC(260) Metaspace: 29920K(30400K)->29920K(30400K) NonClass: 24512K(24768K)->24512K(24768K) Class: 5408K(5632K)->5408K(5632K)
[2520.443s][info][gc             ] GC(260) Pause Young (Normal) (G1 Evacuation Pause) 6722M->2210M(8192M) 149.784ms
[2520.443s][info][gc,cpu         ] GC(260) User=1.18s Sys=0.00s Real=0.15s
...........[2531.044s][info][gc,start       ] GC(261) Pause Young (Normal) (G1 Evacuation Pause)
[2531.044s][info][gc,task        ] GC(261) Using 8 workers of 8 for evacuation
[2531.191s][info][gc,phases      ] GC(261)   Pre Evacuate Collection Set: 0.28ms
[2531.191s][info][gc,phases      ] GC(261)   Merge Heap Roots: 0.57ms
[2531.191s][info][gc,phases      ] GC(261)   Evacuate Collection Set: 144.87ms
[2531.191s][info][gc,phases      ] GC(261)   Post Evacuate Collection Set: 1.03ms
[2531.191s][info][gc,phases      ] GC(261)   Other: 0.08ms
[2531.191s][info][gc,heap        ] GC(261) Eden regions: 571->0(572)
[2531.191s][info][gc,heap        ] GC(261) Survivor regions: 43->42(77)
[2531.191s][info][gc,heap        ] GC(261) Old regions: 202->209
[2531.191s][info][gc,heap        ] GC(261) Humongous regions: 33->33
[2531.191s][info][gc,metaspace   ] GC(261) Metaspace: 29920K(30400K)->29920K(30400K) NonClass: 24512K(24768K)->24512K(24768K) Class: 5408K(5632K)->5408K(5632K)
[2531.191s][info][gc             ] GC(261) Pause Young (Normal) (G1 Evacuation Pause) 6778M->2257M(8192M) 146.959ms
[2531.191s][info][gc,cpu         ] GC(261) User=1.17s Sys=0.00s Real=0.15s
...........[2541.907s][info][gc,start       ] GC(262) Pause Young (Normal) (G1 Evacuation Pause)
[2541.907s][info][gc,task        ] GC(262) Using 8 workers of 8 for evacuation
[2542.056s][info][gc,phases      ] GC(262)   Pre Evacuate Collection Set: 0.26ms
[2542.056s][info][gc,phases      ] GC(262)   Merge Heap Roots: 0.56ms
[2542.056s][info][gc,phases      ] GC(262)   Evacuate Collection Set: 146.33ms
[2542.056s][info][gc,phases      ] GC(262)   Post Evacuate Collection Set: 0.98ms
[2542.056s][info][gc,phases      ] GC(262)   Other: 0.06ms
[2542.056s][info][gc,heap        ] GC(262) Eden regions: 572->0(571)
[2542.056s][info][gc,heap        ] GC(262) Survivor regions: 42->43(77)
[2542.056s][info][gc,heap        ] GC(262) Old regions: 209->216
[2542.056s][info][gc,heap        ] GC(262) Humongous regions: 33->33
[2542.056s][info][gc,metaspace   ] GC(262) Metaspace: 29920K(30400K)->29920K(30400K) NonClass: 24512K(24768K)->24512K(24768K) Class: 5408K(5632K)->5408K(5632K)
[2542.056s][info][gc             ] GC(262) Pause Young (Normal) (G1 Evacuation Pause) 6833M->2316M(8192M) 148.330ms
[2542.056s][info][gc,cpu         ] GC(262) User=1.17s Sys=0.00s Real=0.15s
...........[2552.740s][info][gc,start       ] GC(263) Pause Young (Normal) (G1 Evacuation Pause)
[2552.740s][info][gc,task        ] GC(263) Using 8 workers of 8 for evacuation
[2552.885s][info][gc,phases      ] GC(263)   Pre Evacuate Collection Set: 0.27ms
[2552.885s][info][gc,phases      ] GC(263)   Merge Heap Roots: 0.54ms
[2552.885s][info][gc,phases      ] GC(263)   Evacuate Collection Set: 142.91ms
[2552.885s][info][gc,phases      ] GC(263)   Post Evacuate Collection Set: 1.02ms
[2552.885s][info][gc,phases      ] GC(263)   Other: 0.07ms
[2552.885s][info][gc,heap        ] GC(263) Eden regions: 571->0(573)
[2552.885s][info][gc,heap        ] GC(263) Survivor regions: 43->41(77)
[2552.885s][info][gc,heap        ] GC(263) Old regions: 216->223
[2552.885s][info][gc,heap        ] GC(263) Humongous regions: 33->33
[2552.885s][info][gc,metaspace   ] GC(263) Metaspace: 29920K(30400K)->29920K(30400K) NonClass: 24512K(24768K)->24512K(24768K) Class: 5408K(5632K)->5408K(5632K)
[2552.885s][info][gc             ] GC(263) Pause Young (Normal) (G1 Evacuation Pause) 6884M->2361M(8192M) 144.951ms
[2552.885s][info][gc,cpu         ] GC(263) User=1.15s Sys=0.00s Real=0.15s
...........[2563.627s][info][gc,start       ] GC(264) Pause Young (Normal) (G1 Evacuation Pause)
[2563.627s][info][gc,task        ] GC(264) Using 8 workers of 8 for evacuation
[2563.773s][info][gc,phases      ] GC(264)   Pre Evacuate Collection Set: 0.29ms
[2563.773s][info][gc,phases      ] GC(264)   Merge Heap Roots: 0.56ms
[2563.773s][info][gc,phases      ] GC(264)   Evacuate Collection Set: 143.35ms
[2563.773s][info][gc,phases      ] GC(264)   Post Evacuate Collection Set: 1.00ms
[2563.773s][info][gc,phases      ] GC(264)   Other: 0.10ms
[2563.773s][info][gc,heap        ] GC(264) Eden regions: 573->0(572)
[2563.773s][info][gc,heap        ] GC(264) Survivor regions: 41->42(77)
[2563.773s][info][gc,heap        ] GC(264) Old regions: 223->230
[2563.773s][info][gc,heap        ] GC(264) Humongous regions: 33->33
[2563.773s][info][gc,metaspace   ] GC(264) Metaspace: 29920K(30400K)->29920K(30400K) NonClass: 24512K(24768K)->24512K(24768K) Class: 5408K(5632K)->5408K(5632K)
[2563.773s][info][gc             ] GC(264) Pause Young (Normal) (G1 Evacuation Pause) 6945M->2420M(8192M) 145.435ms
[2563.773s][info][gc,cpu         ] GC(264) User=1.15s Sys=0.00s Real=0.14s
..........[2574.416s][info][gc,start       ] GC(265) Pause Young (Normal) (G1 Evacuation Pause)
[2574.416s][info][gc,task        ] GC(265) Using 8 workers of 8 for evacuation
[2574.563s][info][gc,phases      ] GC(265)   Pre Evacuate Collection Set: 0.24ms
[2574.563s][info][gc,phases      ] GC(265)   Merge Heap Roots: 0.54ms
[2574.563s][info][gc,phases      ] GC(265)   Evacuate Collection Set: 145.88ms
[2574.563s][info][gc,phases      ] GC(265)   Post Evacuate Collection Set: 1.03ms
[2574.564s][info][gc,phases      ] GC(265)   Other: 0.07ms
[2574.564s][info][gc,heap        ] GC(265) Eden regions: 572->0(572)
[2574.564s][info][gc,heap        ] GC(265) Survivor regions: 42->42(77)
[2574.564s][info][gc,heap        ] GC(265) Old regions: 230->237
[2574.564s][info][gc,heap        ] GC(265) Humongous regions: 33->33
[2574.564s][info][gc,metaspace   ] GC(265) Metaspace: 29920K(30400K)->29920K(30400K) NonClass: 24512K(24768K)->24512K(24768K) Class: 5408K(5632K)->5408K(5632K)
[2574.564s][info][gc             ] GC(265) Pause Young (Normal) (G1 Evacuation Pause) 6996M->2477M(8192M) 147.903ms
[2574.564s][info][gc,cpu         ] GC(265) User=1.17s Sys=0.00s Real=0.14s
..... (rIR:aIR:PR = 3552:3553:3553) (tPR = 52826) [OK] 
  2578s: Performance info:
         Transaction,    Success,    Partial,     Failed,   Receipts, AvgBarcode, 
             Overall,     213647,          0,          0,     202958,      59.48, 
         Response times:
             Request,    Success,    Partial,     Failed,   SkipFail,     Probes,    Samples,      min,      p50,      p90,      p95,      p99,      max, 
       TotalPurchase,     202958,          0,          0,          0,     197999,     216993,      400,     2400,     4100,     4500,    14600,   159000,
     InStorePurchase,     106862,          0,          0,          0,     104652,     114562,      400,     2400,     4100,     4500,    14400,   159000,
      OnlinePurchase,      74717,          0,          0,          0,      72762,      79757,      400,     2400,     4100,     4600,    15000,   157000,
        InstPurchase,      21379,          0,          0,          0,      20585,      22674,      500,     2500,     4200,     4600,    14725,   156000,
          AssocOfCat,        212,          0,          0,          0,        152,        232,    22000,    31000,    37000,    40000,    70710,   195000,
      AssocOfProduct,       2134,          0,          0,          0,       1922,       2267,      400,     2500,     4300,     4700,    14300,   151000,
      BusinessReport,        535,          0,          0,          0,        439,        576,    24000,    34000,    42000,    50150,    93310,   212000,
          CustBuyBeh,       2140,          0,          0,          0,       1991,       2322,      200,      900,     3400,     3900,     6377,   151000,
       ProductReturn,       5668,          0,          0,          0,       5367,       6068,      300,     2500,     4100,     4600,    14762,   157000,

  2578s: (26%)   IR =   3695 ......[2585.147s][info][gc,start       ] GC(266) Pause Young (Normal) (G1 Evacuation Pause)
[2585.147s][info][gc,task        ] GC(266) Using 8 workers of 8 for evacuation
[2585.297s][info][gc,phases      ] GC(266)   Pre Evacuate Collection Set: 0.25ms
[2585.297s][info][gc,phases      ] GC(266)   Merge Heap Roots: 0.53ms
[2585.297s][info][gc,phases      ] GC(266)   Evacuate Collection Set: 148.07ms
[2585.297s][info][gc,phases      ] GC(266)   Post Evacuate Collection Set: 1.04ms
[2585.297s][info][gc,phases      ] GC(266)   Other: 0.07ms
[2585.297s][info][gc,heap        ] GC(266) Eden regions: 572->0(571)
[2585.297s][info][gc,heap        ] GC(266) Survivor regions: 42->43(77)
[2585.297s][info][gc,heap        ] GC(266) Old regions: 237->244
[2585.297s][info][gc,heap        ] GC(266) Humongous regions: 33->33
[2585.297s][info][gc,metaspace   ] GC(266) Metaspace: 29920K(30400K)->29920K(30400K) NonClass: 24512K(24768K)->24512K(24768K) Class: 5408K(5632K)->5408K(5632K)
[2585.297s][info][gc             ] GC(266) Pause Young (Normal) (G1 Evacuation Pause) 7053M->2540M(8192M) 150.119ms
[2585.298s][info][gc,cpu         ] GC(266) User=1.19s Sys=0.00s Real=0.15s
.|.........[2595.480s][info][gc,start       ] GC(267) Pause Young (Normal) (G1 Evacuation Pause)
[2595.480s][info][gc,task        ] GC(267) Using 8 workers of 8 for evacuation
[2595.625s][info][gc,phases      ] GC(267)   Pre Evacuate Collection Set: 0.25ms
[2595.625s][info][gc,phases      ] GC(267)   Merge Heap Roots: 0.50ms
[2595.625s][info][gc,phases      ] GC(267)   Evacuate Collection Set: 144.00ms
[2595.625s][info][gc,phases      ] GC(267)   Post Evacuate Collection Set: 1.01ms
[2595.625s][info][gc,phases      ] GC(267)   Other: 0.07ms
[2595.625s][info][gc,heap        ] GC(267) Eden regions: 571->0(573)
[2595.625s][info][gc,heap        ] GC(267) Survivor regions: 43->41(77)
[2595.625s][info][gc,heap        ] GC(267) Old regions: 244->251
[2595.625s][info][gc,heap        ] GC(267) Humongous regions: 33->33
[2595.625s][info][gc,metaspace   ] GC(267) Metaspace: 29920K(30400K)->29920K(30400K) NonClass: 24512K(24768K)->24512K(24768K) Class: 5408K(5632K)->5408K(5632K)
[2595.625s][info][gc             ] GC(267) Pause Young (Normal) (G1 Evacuation Pause) 7108M->2581M(8192M) 145.980ms
[2595.626s][info][gc,cpu         ] GC(267) User=1.15s Sys=0.00s Real=0.15s
...........[2605.926s][info][gc,start       ] GC(268) Pause Young (Normal) (G1 Evacuation Pause)
[2605.926s][info][gc,task        ] GC(268) Using 8 workers of 8 for evacuation
[2606.074s][info][gc,phases      ] GC(268)   Pre Evacuate Collection Set: 0.28ms
[2606.074s][info][gc,phases      ] GC(268)   Merge Heap Roots: 0.51ms
[2606.074s][info][gc,phases      ] GC(268)   Evacuate Collection Set: 145.23ms
[2606.074s][info][gc,phases      ] GC(268)   Post Evacuate Collection Set: 1.09ms
[2606.074s][info][gc,phases      ] GC(268)   Other: 0.07ms
[2606.074s][info][gc,heap        ] GC(268) Eden regions: 573->0(572)
[2606.074s][info][gc,heap        ] GC(268) Survivor regions: 41->42(77)
[2606.074s][info][gc,heap        ] GC(268) Old regions: 251->258
[2606.074s][info][gc,heap        ] GC(268) Humongous regions: 33->33
[2606.074s][info][gc,metaspace   ] GC(268) Metaspace: 29920K(30400K)->29920K(30400K) NonClass: 24512K(24768K)->24512K(24768K) Class: 5408K(5632K)->5408K(5632K)
[2606.074s][info][gc             ] GC(268) Pause Young (Normal) (G1 Evacuation Pause) 7165M->2646M(8192M) 147.298ms
[2606.074s][info][gc,cpu         ] GC(268) User=1.17s Sys=0.00s Real=0.14s
..........[2616.404s][info][gc,start       ] GC(269) Pause Young (Normal) (G1 Evacuation Pause)
[2616.404s][info][gc,task        ] GC(269) Using 8 workers of 8 for evacuation
[2616.551s][info][gc,phases      ] GC(269)   Pre Evacuate Collection Set: 0.28ms
[2616.551s][info][gc,phases      ] GC(269)   Merge Heap Roots: 0.64ms
[2616.551s][info][gc,phases      ] GC(269)   Evacuate Collection Set: 144.71ms
[2616.551s][info][gc,phases      ] GC(269)   Post Evacuate Collection Set: 1.03ms
[2616.551s][info][gc,phases      ] GC(269)   Other: 0.06ms
[2616.551s][info][gc,heap        ] GC(269) Eden regions: 572->0(572)
[2616.551s][info][gc,heap        ] GC(269) Survivor regions: 42->42(77)
[2616.551s][info][gc,heap        ] GC(269) Old regions: 258->265
[2616.551s][info][gc,heap        ] GC(269) Humongous regions: 33->33
[2616.551s][info][gc,metaspace   ] GC(269) Metaspace: 29920K(30400K)->29920K(30400K) NonClass: 24512K(24768K)->24512K(24768K) Class: 5408K(5632K)->5408K(5632K)
[2616.551s][info][gc             ] GC(269) Pause Young (Normal) (G1 Evacuation Pause) 7222M->2700M(8192M) 146.881ms
[2616.551s][info][gc,cpu         ] GC(269) User=1.17s Sys=0.00s Real=0.15s
...........[2626.762s][info][gc,start       ] GC(270) Pause Young (Normal) (G1 Evacuation Pause)
[2626.762s][info][gc,task        ] GC(270) Using 8 workers of 8 for evacuation
[2626.911s][info][gc,phases      ] GC(270)   Pre Evacuate Collection Set: 0.26ms
[2626.911s][info][gc,phases      ] GC(270)   Merge Heap Roots: 0.61ms
[2626.911s][info][gc,phases      ] GC(270)   Evacuate Collection Set: 147.51ms
[2626.911s][info][gc,phases      ] GC(270)   Post Evacuate Collection Set: 0.98ms
[2626.911s][info][gc,phases      ] GC(270)   Other: 0.07ms
[2626.911s][info][gc,heap        ] GC(270) Eden regions: 572->0(571)
[2626.911s][info][gc,heap        ] GC(270) Survivor regions: 42->43(77)
[2626.911s][info][gc,heap        ] GC(270) Old regions: 265->271
[2626.911s][info][gc,heap        ] GC(270) Humongous regions: 33->33
[2626.911s][info][gc,metaspace   ] GC(270) Metaspace: 29920K(30400K)->29920K(30400K) NonClass: 24512K(24768K)->24512K(24768K) Class: 5408K(5632K)->5408K(5632K)
[2626.911s][info][gc             ] GC(270) Pause Young (Normal) (G1 Evacuation Pause) 7276M->2759M(8192M) 149.575ms
[2626.911s][info][gc,cpu         ] GC(270) User=1.18s Sys=0.00s Real=0.15s
..........[2637.292s][info][gc,start       ] GC(271) Pause Young (Normal) (G1 Evacuation Pause)
[2637.292s][info][gc,task        ] GC(271) Using 8 workers of 8 for evacuation
[2637.438s][info][gc,phases      ] GC(271)   Pre Evacuate Collection Set: 0.28ms
[2637.438s][info][gc,phases      ] GC(271)   Merge Heap Roots: 0.54ms
[2637.438s][info][gc,phases      ] GC(271)   Evacuate Collection Set: 144.46ms
[2637.438s][info][gc,phases      ] GC(271)   Post Evacuate Collection Set: 0.99ms
[2637.438s][info][gc,phases      ] GC(271)   Other: 0.07ms
[2637.438s][info][gc,heap        ] GC(271) Eden regions: 571->0(571)
[2637.438s][info][gc,heap        ] GC(271) Survivor regions: 43->43(77)
[2637.438s][info][gc,heap        ] GC(271) Old regions: 271->278
[2637.438s][info][gc,heap        ] GC(271) Humongous regions: 33->33
[2637.438s][info][gc,metaspace   ] GC(271) Metaspace: 29920K(30400K)->29920K(30400K) NonClass: 24512K(24768K)->24512K(24768K) Class: 5408K(5632K)->5408K(5632K)
[2637.438s][info][gc             ] GC(271) Pause Young (Normal) (G1 Evacuation Pause) 7327M->2814M(8192M) 146.494ms
[2637.438s][info][gc,cpu         ] GC(271) User=1.16s Sys=0.00s Real=0.15s
......... (rIR:aIR:PR = 3695:3694:3694) (tPR = 54446) [OK] 
  2645s: Performance info:
         Transaction,    Success,    Partial,     Failed,   Receipts, AvgBarcode, 
             Overall,     221856,          0,          0,     210760,      59.48, 
         Response times:
             Request,    Success,    Partial,     Failed,   SkipFail,     Probes,    Samples,      min,      p50,      p90,      p95,      p99,      max, 
       TotalPurchase,     210760,          0,          0,          0,     205862,     232306,      300,     2500,     4300,     4800,    14500,   160000,
     InStorePurchase,     110980,          0,          0,          0,     108533,     122132,      400,     2500,     4200,     4800,    14300,   160000,
      OnlinePurchase,      77588,          0,          0,          0,      75749,      85494,      300,     2600,     4300,     4800,    15405,   158000,
        InstPurchase,      22192,          0,          0,          0,      21580,      24680,      500,     2350,     4200,     4800,    11819,   153000,
          AssocOfCat,        221,          0,          0,          0,        176,        267,    19600,    31000,    40000,    53000,   181960,   197000,
      AssocOfProduct,       2216,          0,          0,          0,       2038,       2466,      600,     2500,     4530,     5100,    16132,   153000,
      BusinessReport,        551,          0,          0,          0,        456,        592,    24000,    34000,    45000,    51350,    84280,   194000,
          CustBuyBeh,       2230,          0,          0,          0,       2030,       2432,      200,     1900,     3800,     4300,     7867,    41000,
       ProductReturn,       5878,          0,          0,          0,       5506,       6512,      200,     2300,     4100,     4700,    19187,   157000,

  2645s: (27%)   IR =   3837 .[2647.682s][info][gc,start       ] GC(272) Pause Young (Normal) (G1 Evacuation Pause)
[2647.682s][info][gc,task        ] GC(272) Using 8 workers of 8 for evacuation
[2647.828s][info][gc,phases      ] GC(272)   Pre Evacuate Collection Set: 0.28ms
[2647.828s][info][gc,phases      ] GC(272)   Merge Heap Roots: 0.53ms
[2647.828s][info][gc,phases      ] GC(272)   Evacuate Collection Set: 144.45ms
[2647.828s][info][gc,phases      ] GC(272)   Post Evacuate Collection Set: 1.00ms
[2647.828s][info][gc,phases      ] GC(272)   Other: 0.09ms
[2647.828s][info][gc,heap        ] GC(272) Eden regions: 571->0(570)
[2647.828s][info][gc,heap        ] GC(272) Survivor regions: 43->42(77)
[2647.828s][info][gc,heap        ] GC(272) Old regions: 278->285
[2647.828s][info][gc,heap        ] GC(272) Humongous regions: 33->33
[2647.828s][info][gc,metaspace   ] GC(272) Metaspace: 29920K(30400K)->29920K(30400K) NonClass: 24512K(24768K)->24512K(24768K) Class: 5408K(5632K)->5408K(5632K)
[2647.828s][info][gc             ] GC(272) Pause Young (Normal) (G1 Evacuation Pause) 7382M->2863M(8192M) 146.489ms
[2647.828s][info][gc,cpu         ] GC(272) User=1.16s Sys=0.00s Real=0.15s
.....|.....[2657.607s][info][gc,start       ] GC(273) Pause Young (Normal) (G1 Evacuation Pause)
[2657.607s][info][gc,task        ] GC(273) Using 8 workers of 8 for evacuation
[2657.753s][info][gc,phases      ] GC(273)   Pre Evacuate Collection Set: 0.28ms
[2657.753s][info][gc,phases      ] GC(273)   Merge Heap Roots: 0.53ms
[2657.753s][info][gc,phases      ] GC(273)   Evacuate Collection Set: 144.25ms
[2657.753s][info][gc,phases      ] GC(273)   Post Evacuate Collection Set: 1.00ms
[2657.753s][info][gc,phases      ] GC(273)   Other: 0.07ms
[2657.753s][info][gc,heap        ] GC(273) Eden regions: 570->0(563)
[2657.753s][info][gc,heap        ] GC(273) Survivor regions: 42->42(77)
[2657.753s][info][gc,heap        ] GC(273) Old regions: 285->292
[2657.753s][info][gc,heap        ] GC(273) Humongous regions: 33->33
[2657.753s][info][gc,metaspace   ] GC(273) Metaspace: 29920K(30400K)->29920K(30400K) NonClass: 24512K(24768K)->24512K(24768K) Class: 5408K(5632K)->5408K(5632K)
[2657.753s][info][gc             ] GC(273) Pause Young (Normal) (G1 Evacuation Pause) 7423M->2912M(8192M) 146.256ms
[2657.753s][info][gc,cpu         ] GC(273) User=1.16s Sys=0.00s Real=0.14s
..........[2667.471s][info][gc,start       ] GC(274) Pause Young (Normal) (G1 Evacuation Pause)
[2667.472s][info][gc,task        ] GC(274) Using 8 workers of 8 for evacuation
[2667.617s][info][gc,phases      ] GC(274)   Pre Evacuate Collection Set: 0.29ms
[2667.617s][info][gc,phases      ] GC(274)   Merge Heap Roots: 0.58ms
[2667.617s][info][gc,phases      ] GC(274)   Evacuate Collection Set: 143.64ms
[2667.617s][info][gc,phases      ] GC(274)   Post Evacuate Collection Set: 1.00ms
[2667.617s][info][gc,phases      ] GC(274)   Other: 0.07ms
[2667.617s][info][gc,heap        ] GC(274) Eden regions: 563->0(559)
[2667.617s][info][gc,heap        ] GC(274) Survivor regions: 42->41(76)
[2667.617s][info][gc,heap        ] GC(274) Old regions: 292->298
[2667.617s][info][gc,heap        ] GC(274) Humongous regions: 33->33
[2667.617s][info][gc,metaspace   ] GC(274) Metaspace: 29920K(30400K)->29920K(30400K) NonClass: 24512K(24768K)->24512K(24768K) Class: 5408K(5632K)->5408K(5632K)
[2667.617s][info][gc             ] GC(274) Pause Young (Normal) (G1 Evacuation Pause) 7416M->2963M(8192M) 145.698ms
[2667.617s][info][gc,cpu         ] GC(274) User=1.16s Sys=0.00s Real=0.15s
..........[2677.296s][info][gc,start       ] GC(275) Pause Young (Normal) (G1 Evacuation Pause)
[2677.296s][info][gc,task        ] GC(275) Using 8 workers of 8 for evacuation
[2677.441s][info][gc,phases      ] GC(275)   Pre Evacuate Collection Set: 0.26ms
[2677.441s][info][gc,phases      ] GC(275)   Merge Heap Roots: 0.56ms
[2677.441s][info][gc,phases      ] GC(275)   Evacuate Collection Set: 143.57ms
[2677.441s][info][gc,phases      ] GC(275)   Post Evacuate Collection Set: 0.99ms
[2677.441s][info][gc,phases      ] GC(275)   Other: 0.06ms
[2677.441s][info][gc,heap        ] GC(275) Eden regions: 559->0(550)
[2677.441s][info][gc,heap        ] GC(275) Survivor regions: 41->42(75)
[2677.441s][info][gc,heap        ] GC(275) Old regions: 298->305
[2677.441s][info][gc,heap        ] GC(275) Humongous regions: 33->33
[2677.441s][info][gc,metaspace   ] GC(275) Metaspace: 29920K(30400K)->29920K(30400K) NonClass: 24512K(24768K)->24512K(24768K) Class: 5408K(5632K)->5408K(5632K)
[2677.441s][info][gc             ] GC(275) Pause Young (Normal) (G1 Evacuation Pause) 7435M->3023M(8192M) 145.570ms
[2677.441s][info][gc,cpu         ] GC(275) User=1.15s Sys=0.00s Real=0.14s
..........[2686.900s][info][gc,start       ] GC(276) Pause Young (Normal) (G1 Evacuation Pause)
[2686.900s][info][gc,task        ] GC(276) Using 8 workers of 8 for evacuation
[2687.044s][info][gc,phases      ] GC(276)   Pre Evacuate Collection Set: 0.24ms
[2687.044s][info][gc,phases      ] GC(276)   Merge Heap Roots: 0.48ms
[2687.044s][info][gc,phases      ] GC(276)   Evacuate Collection Set: 142.60ms
[2687.044s][info][gc,phases      ] GC(276)   Post Evacuate Collection Set: 1.00ms
[2687.044s][info][gc,phases      ] GC(276)   Other: 0.07ms
[2687.044s][info][gc,heap        ] GC(276) Eden regions: 550->0(545)
[2687.044s][info][gc,heap        ] GC(276) Survivor regions: 42->41(74)
[2687.044s][info][gc,heap        ] GC(276) Old regions: 305->312
[2687.044s][info][gc,heap        ] GC(276) Humongous regions: 33->33
[2687.044s][info][gc,metaspace   ] GC(276) Metaspace: 29920K(30400K)->29920K(30400K) NonClass: 24512K(24768K)->24512K(24768K) Class: 5408K(5632K)->5408K(5632K)
[2687.044s][info][gc             ] GC(276) Pause Young (Normal) (G1 Evacuation Pause) 7423M->3075M(8192M) 144.519ms
[2687.044s][info][gc,cpu         ] GC(276) User=1.15s Sys=0.00s Real=0.14s
.........[2696.562s][info][gc,start       ] GC(277) Pause Young (Normal) (G1 Evacuation Pause)
[2696.562s][info][gc,task        ] GC(277) Using 8 workers of 8 for evacuation
[2696.706s][info][gc,phases      ] GC(277)   Pre Evacuate Collection Set: 0.26ms
[2696.706s][info][gc,phases      ] GC(277)   Merge Heap Roots: 0.58ms
[2696.706s][info][gc,phases      ] GC(277)   Evacuate Collection Set: 142.02ms
[2696.706s][info][gc,phases      ] GC(277)   Post Evacuate Collection Set: 0.99ms
[2696.706s][info][gc,phases      ] GC(277)   Other: 0.07ms
[2696.706s][info][gc,heap        ] GC(277) Eden regions: 545->0(538)
[2696.706s][info][gc,heap        ] GC(277) Survivor regions: 41->41(74)
[2696.706s][info][gc,heap        ] GC(277) Old regions: 312->319
[2696.706s][info][gc,heap        ] GC(277) Humongous regions: 33->33
[2696.706s][info][gc,metaspace   ] GC(277) Metaspace: 29920K(30400K)->29920K(30400K) NonClass: 24512K(24768K)->24512K(24768K) Class: 5408K(5632K)->5408K(5632K)
[2696.706s][info][gc             ] GC(277) Pause Young (Normal) (G1 Evacuation Pause) 7435M->3127M(8192M) 144.041ms
[2696.706s][info][gc,cpu         ] GC(277) User=1.15s Sys=0.00s Real=0.15s
..........[2705.926s][info][gc,start       ] GC(278) Pause Young (Normal) (G1 Evacuation Pause)
[2705.926s][info][gc,task        ] GC(278) Using 8 workers of 8 for evacuation
[2706.070s][info][gc,phases      ] GC(278)   Pre Evacuate Collection Set: 0.26ms
[2706.070s][info][gc,phases      ] GC(278)   Merge Heap Roots: 0.55ms
[2706.070s][info][gc,phases      ] GC(278)   Evacuate Collection Set: 141.88ms
[2706.070s][info][gc,phases      ] GC(278)   Post Evacuate Collection Set: 0.99ms
[2706.070s][info][gc,phases      ] GC(278)   Other: 0.08ms
[2706.070s][info][gc,heap        ] GC(278) Eden regions: 538->0(531)
[2706.070s][info][gc,heap        ] GC(278) Survivor regions: 41->41(73)
[2706.070s][info][gc,heap        ] GC(278) Old regions: 319->326
[2706.070s][info][gc,heap        ] GC(278) Humongous regions: 33->33
[2706.070s][info][gc,metaspace   ] GC(278) Metaspace: 29926K(30400K)->29926K(30400K) NonClass: 24518K(24768K)->24518K(24768K) Class: 5408K(5632K)->5408K(5632K)
[2706.070s][info][gc             ] GC(278) Pause Young (Normal) (G1 Evacuation Pause) 7431M->3183M(8192M) 143.912ms
[2706.070s][info][gc,cpu         ] GC(278) User=1.14s Sys=0.00s Real=0.14s
...... (rIR:aIR:PR = 3837:3837:3837) (tPR = 57324) [OK] 
  2711s: Performance info:
         Transaction,    Success,    Partial,     Failed,   Receipts, AvgBarcode, 
             Overall,     230358,          0,          0,     218826,      59.46, 
         Response times:
             Request,    Success,    Partial,     Failed,   SkipFail,     Probes,    Samples,      min,      p50,      p90,      p95,      p99,      max, 
       TotalPurchase,     218826,          0,          0,          0,     214825,     237670,      400,     2600,     4400,     4900,    15400,   203000,
     InStorePurchase,     115200,          0,          0,          0,     113281,     125108,      400,     2500,     4400,     4900,    15000,   158000,
      OnlinePurchase,      80608,          0,          0,          0,      79306,      87789,      400,     2500,     4400,     4900,    14910,   203000,
        InstPurchase,      23018,          0,          0,          0,      22238,      24773,      400,     2800,     4400,     5000,    21000,   152000,
          AssocOfCat,        233,          0,          0,          0,        165,        234,    22000,    32000,    42000,    48250,    58850,    67000,
      AssocOfProduct,       2309,          0,          0,          0,       2086,       2451,      500,     3200,     4900,     5500,    20064,   153000,
      BusinessReport,        576,          0,          0,          0,        476,        592,    23000,    34000,    43000,    48000,    61070,    70000,
          CustBuyBeh,       2309,          0,          0,          0,       2110,       2555,      300,     2700,     4300,     4800,    22000,   152000,
       ProductReturn,       6105,          0,          0,          0,       5753,       6590,      200,     2800,     4400,     4900,    16009,   153000,

  2711s: (28%)   IR =   3979 ...[2715.193s][info][gc,start       ] GC(279) Pause Young (Normal) (G1 Evacuation Pause)
[2715.193s][info][gc,task        ] GC(279) Using 8 workers of 8 for evacuation
[2715.337s][info][gc,phases      ] GC(279)   Pre Evacuate Collection Set: 0.24ms
[2715.337s][info][gc,phases      ] GC(279)   Merge Heap Roots: 0.56ms
[2715.337s][info][gc,phases      ] GC(279)   Evacuate Collection Set: 142.95ms
[2715.337s][info][gc,phases      ] GC(279)   Post Evacuate Collection Set: 0.97ms
[2715.337s][info][gc,phases      ] GC(279)   Other: 0.07ms
[2715.337s][info][gc,heap        ] GC(279) Eden regions: 531->0(523)
[2715.337s][info][gc,heap        ] GC(279) Survivor regions: 41->41(72)
[2715.337s][info][gc,heap        ] GC(279) Old regions: 326->334
[2715.337s][info][gc,heap        ] GC(279) Humongous regions: 33->33
[2715.337s][info][gc,metaspace   ] GC(279) Metaspace: 29927K(30400K)->29927K(30400K) NonClass: 24519K(24768K)->24519K(24768K) Class: 5408K(5632K)->5408K(5632K)
[2715.337s][info][gc             ] GC(279) Pause Young (Normal) (G1 Evacuation Pause) 7431M->3248M(8192M) 144.930ms
[2715.338s][info][gc,cpu         ] GC(279) User=1.15s Sys=0.00s Real=0.15s
.|........[2723.994s][info][gc,start       ] GC(280) Pause Young (Concurrent Start) (G1 Evacuation Pause)
[2723.995s][info][gc,task        ] GC(280) Using 8 workers of 8 for evacuation
[2724.139s][info][gc,phases      ] GC(280)   Pre Evacuate Collection Set: 0.31ms
[2724.139s][info][gc,phases      ] GC(280)   Merge Heap Roots: 0.49ms
[2724.139s][info][gc,phases      ] GC(280)   Evacuate Collection Set: 142.41ms
[2724.139s][info][gc,phases      ] GC(280)   Post Evacuate Collection Set: 0.96ms
[2724.139s][info][gc,phases      ] GC(280)   Other: 0.10ms
[2724.139s][info][gc,heap        ] GC(280) Eden regions: 523->0(516)
[2724.139s][info][gc,heap        ] GC(280) Survivor regions: 41->41(71)
[2724.139s][info][gc,heap        ] GC(280) Old regions: 334->341
[2724.139s][info][gc,heap        ] GC(280) Humongous regions: 33->33
[2724.139s][info][gc,metaspace   ] GC(280) Metaspace: 29927K(30400K)->29927K(30400K) NonClass: 24519K(24768K)->24519K(24768K) Class: 5408K(5632K)->5408K(5632K)
[2724.139s][info][gc             ] GC(280) Pause Young (Concurrent Start) (G1 Evacuation Pause) 7432M->3307M(8192M) 144.420ms
[2724.139s][info][gc             ] GC(281) Concurrent Mark Cycle
[2724.139s][info][gc,marking     ] GC(281) Concurrent Scan Root Regions
[2724.139s][info][gc,cpu         ] GC(280) User=1.14s Sys=0.00s Real=0.14s
[2724.377s][info][gc,marking     ] GC(281) Concurrent Scan Root Regions 237.921ms
[2724.377s][info][gc,marking     ] GC(281) Concurrent Mark
[2724.377s][info][gc,marking     ] GC(281) Concurrent Mark From Roots
[2724.377s][info][gc,task        ] GC(281) Using 2 workers of 2 for marking
.[2724.936s][info][gc,marking     ] GC(281) Concurrent Mark From Roots 559.508ms
[2724.936s][info][gc,marking     ] GC(281) Concurrent Preclean
[2724.937s][info][gc,marking     ] GC(281) Concurrent Preclean 0.103ms
[2724.937s][info][gc,start       ] GC(281) Pause Remark
[2724.939s][info][gc             ] GC(281) Pause Remark 3747M->2971M(8192M) 1.783ms
[2724.939s][info][gc,cpu         ] GC(281) User=0.01s Sys=0.00s Real=0.00s
[2724.939s][info][gc,marking     ] GC(281) Concurrent Mark 561.682ms
[2724.939s][info][gc,marking     ] GC(281) Concurrent Rebuild Remembered Sets and Scrub Regions
[2725.282s][info][gc,marking     ] GC(281) Concurrent Rebuild Remembered Sets and Scrub Regions 343.496ms
[2725.282s][info][gc,start       ] GC(281) Pause Cleanup
[2725.283s][info][gc             ] GC(281) Pause Cleanup 3131M->3131M(8192M) 0.246ms
[2725.283s][info][gc,cpu         ] GC(281) User=0.00s Sys=0.00s Real=0.00s
[2725.283s][info][gc,marking     ] GC(281) Concurrent Clear Claimed Marks
[2725.283s][info][gc,marking     ] GC(281) Concurrent Clear Claimed Marks 0.043ms
[2725.283s][info][gc,marking     ] GC(281) Concurrent Cleanup for Next Mark
[2725.292s][info][gc,marking     ] GC(281) Concurrent Cleanup for Next Mark 9.205ms
[2725.292s][info][gc             ] GC(281) Concurrent Mark Cycle 1152.951ms
.......[2732.714s][info][gc,start       ] GC(282) Pause Young (Prepare Mixed) (G1 Evacuation Pause)
[2732.714s][info][gc,task        ] GC(282) Using 8 workers of 8 for evacuation
[2732.857s][info][gc,phases      ] GC(282)   Pre Evacuate Collection Set: 0.28ms
[2732.857s][info][gc,phases      ] GC(282)   Merge Heap Roots: 0.59ms
[2732.857s][info][gc,phases      ] GC(282)   Evacuate Collection Set: 140.41ms
[2732.857s][info][gc,phases      ] GC(282)   Post Evacuate Collection Set: 1.04ms
[2732.857s][info][gc,phases      ] GC(282)   Other: 0.07ms
[2732.857s][info][gc,heap        ] GC(282) Eden regions: 516->0(574)
[2732.857s][info][gc,heap        ] GC(282) Survivor regions: 41->40(70)
[2732.857s][info][gc,heap        ] GC(282) Old regions: 244->252
[2732.857s][info][gc,heap        ] GC(282) Humongous regions: 33->33
[2732.857s][info][gc,metaspace   ] GC(282) Metaspace: 29927K(30400K)->29927K(30400K) NonClass: 24519K(24768K)->24519K(24768K) Class: 5408K(5632K)->5408K(5632K)
[2732.857s][info][gc             ] GC(282) Pause Young (Prepare Mixed) (G1 Evacuation Pause) 6659M->2584M(8192M) 142.512ms
[2732.857s][info][gc,cpu         ] GC(282) User=1.13s Sys=0.00s Real=0.15s
..........[2742.514s][info][gc,start       ] GC(283) Pause Young (Mixed) (G1 Evacuation Pause)
[2742.514s][info][gc,task        ] GC(283) Using 8 workers of 8 for evacuation
[2742.666s][info][gc,phases      ] GC(283)   Pre Evacuate Collection Set: 0.30ms
[2742.666s][info][gc,phases      ] GC(283)   Merge Heap Roots: 0.91ms
[2742.666s][info][gc,phases      ] GC(283)   Evacuate Collection Set: 148.76ms
[2742.666s][info][gc,phases      ] GC(283)   Post Evacuate Collection Set: 1.26ms
[2742.666s][info][gc,phases      ] GC(283)   Other: 0.09ms
[2742.666s][info][gc,heap        ] GC(283) Eden regions: 574->0(567)
[2742.666s][info][gc,heap        ] GC(283) Survivor regions: 40->47(77)
[2742.666s][info][gc,heap        ] GC(283) Old regions: 252->151
[2742.666s][info][gc,heap        ] GC(283) Humongous regions: 33->33
[2742.666s][info][gc,metaspace   ] GC(283) Metaspace: 29927K(30400K)->29927K(30400K) NonClass: 24519K(24768K)->24519K(24768K) Class: 5408K(5632K)->5408K(5632K)
[2742.666s][info][gc             ] GC(283) Pause Young (Mixed) (G1 Evacuation Pause) 7176M->1829M(8192M) 151.477ms
[2742.666s][info][gc,cpu         ] GC(283) User=1.20s Sys=0.00s Real=0.16s
..........[2752.127s][info][gc,start       ] GC(284) Pause Young (Mixed) (G1 Evacuation Pause)
[2752.127s][info][gc,task        ] GC(284) Using 8 workers of 8 for evacuation
[2752.288s][info][gc,phases      ] GC(284)   Pre Evacuate Collection Set: 0.29ms
[2752.288s][info][gc,phases      ] GC(284)   Merge Heap Roots: 0.81ms
[2752.288s][info][gc,phases      ] GC(284)   Evacuate Collection Set: 158.80ms
[2752.288s][info][gc,phases      ] GC(284)   Post Evacuate Collection Set: 1.02ms
[2752.288s][info][gc,phases      ] GC(284)   Other: 0.09ms
[2752.289s][info][gc,heap        ] GC(284) Eden regions: 567->0(572)
[2752.289s][info][gc,heap        ] GC(284) Survivor regions: 47->42(77)
[2752.289s][info][gc,heap        ] GC(284) Old regions: 151->139
[2752.289s][info][gc,heap        ] GC(284) Humongous regions: 33->33
[2752.289s][info][gc,metaspace   ] GC(284) Metaspace: 29927K(30400K)->29927K(30400K) NonClass: 24519K(24768K)->24519K(24768K) Class: 5408K(5632K)->5408K(5632K)
[2752.289s][info][gc             ] GC(284) Pause Young (Mixed) (G1 Evacuation Pause) 6365M->1699M(8192M) 161.135ms
[2752.289s][info][gc,cpu         ] GC(284) User=1.27s Sys=0.00s Real=0.16s
.........[2761.669s][info][gc,start       ] GC(285) Pause Young (Normal) (G1 Evacuation Pause)
[2761.669s][info][gc,task        ] GC(285) Using 8 workers of 8 for evacuation
[2761.816s][info][gc,phases      ] GC(285)   Pre Evacuate Collection Set: 0.26ms
[2761.816s][info][gc,phases      ] GC(285)   Merge Heap Roots: 0.53ms
[2761.816s][info][gc,phases      ] GC(285)   Evacuate Collection Set: 144.67ms
[2761.816s][info][gc,phases      ] GC(285)   Post Evacuate Collection Set: 1.01ms
[2761.816s][info][gc,phases      ] GC(285)   Other: 0.06ms
[2761.816s][info][gc,heap        ] GC(285) Eden regions: 572->0(573)
[2761.816s][info][gc,heap        ] GC(285) Survivor regions: 42->41(77)
[2761.816s][info][gc,heap        ] GC(285) Old regions: 139->146
[2761.816s][info][gc,heap        ] GC(285) Humongous regions: 33->33
[2761.816s][info][gc,metaspace   ] GC(285) Metaspace: 29927K(30400K)->29927K(30400K) NonClass: 24519K(24768K)->24519K(24768K) Class: 5408K(5632K)->5408K(5632K)
[2761.816s][info][gc             ] GC(285) Pause Young (Normal) (G1 Evacuation Pause) 6275M->1747M(8192M) 146.663ms
[2761.816s][info][gc,cpu         ] GC(285) User=1.16s Sys=0.00s Real=0.15s
..........[2771.377s][info][gc,start       ] GC(286) Pause Young (Normal) (G1 Evacuation Pause)
[2771.377s][info][gc,task        ] GC(286) Using 8 workers of 8 for evacuation
[2771.526s][info][gc,phases      ] GC(286)   Pre Evacuate Collection Set: 0.26ms
[2771.526s][info][gc,phases      ] GC(286)   Merge Heap Roots: 0.57ms
[2771.526s][info][gc,phases      ] GC(286)   Evacuate Collection Set: 146.49ms
[2771.526s][info][gc,phases      ] GC(286)   Post Evacuate Collection Set: 1.02ms
[2771.526s][info][gc,phases      ] GC(286)   Other: 0.06ms
[2771.526s][info][gc,heap        ] GC(286) Eden regions: 573->0(572)
[2771.526s][info][gc,heap        ] GC(286) Survivor regions: 41->42(77)
[2771.526s][info][gc,heap        ] GC(286) Old regions: 146->153
[2771.526s][info][gc,heap        ] GC(286) Humongous regions: 33->33
[2771.526s][info][gc,metaspace   ] GC(286) Metaspace: 29927K(30400K)->29927K(30400K) NonClass: 24519K(24768K)->24519K(24768K) Class: 5408K(5632K)->5408K(5632K)
[2771.526s][info][gc             ] GC(286) Pause Young (Normal) (G1 Evacuation Pause) 6331M->1807M(8192M) 148.543ms
[2771.526s][info][gc,cpu         ] GC(286) User=1.18s Sys=0.00s Real=0.15s
..... (rIR:aIR:PR = 3979:3978:3978) (tPR = 58984) [OK] 
  2775s: Performance info:
         Transaction,    Success,    Partial,     Failed,   Receipts, AvgBarcode, 
             Overall,     238799,          0,          0,     226842,      59.47, 
         Response times:
             Request,    Success,    Partial,     Failed,   SkipFail,     Probes,    Samples,      min,      p50,      p90,      p95,      p99,      max, 
       TotalPurchase,     226842,          0,          0,          0,     222482,     239550,      300,     2700,     4600,     5300,    27000,   226000,
     InStorePurchase,     119392,          0,          0,          0,     117328,     125961,      400,     2700,     4600,     5300,    28000,   226000,
      OnlinePurchase,      83567,          0,          0,          0,      81986,      88305,      300,     2600,     4600,     5200,    27000,   169000,
        InstPurchase,      23883,          0,          0,          0,      23168,      25284,      500,     2900,     4700,     5400,    27000,   165000,
          AssocOfCat,        239,          0,          0,          0,        168,        239,    23000,    32000,    45000,    54000,   104000,   185000,
      AssocOfProduct,       2385,          0,          0,          0,       2195,       2511,      800,     3100,     4800,     5700,    42000,   153000,
      BusinessReport,        598,          0,          0,          0,        470,        576,    25000,    35000,    46000,    52150,   163810,   225000,
          CustBuyBeh,       2395,          0,          0,          0,       2212,       2516,      300,     2900,     4830,     5715,    28660,   169000,
       ProductReturn,       6340,          0,          0,          0,       5988,       6653,      200,     2400,     4400,     5200,    28000,   157000,

  2775s: (29%)   IR =   4121 ....[2780.943s][info][gc,start       ] GC(287) Pause Young (Normal) (G1 Evacuation Pause)
[2780.943s][info][gc,task        ] GC(287) Using 8 workers of 8 for evacuation
[2781.088s][info][gc,phases      ] GC(287)   Pre Evacuate Collection Set: 0.28ms
[2781.088s][info][gc,phases      ] GC(287)   Merge Heap Roots: 0.54ms
[2781.088s][info][gc,phases      ] GC(287)   Evacuate Collection Set: 143.52ms
[2781.088s][info][gc,phases      ] GC(287)   Post Evacuate Collection Set: 0.98ms
[2781.088s][info][gc,phases      ] GC(287)   Other: 0.07ms
[2781.088s][info][gc,heap        ] GC(287) Eden regions: 572->0(571)
[2781.088s][info][gc,heap        ] GC(287) Survivor regions: 42->43(77)
[2781.088s][info][gc,heap        ] GC(287) Old regions: 153->160
[2781.088s][info][gc,heap        ] GC(287) Humongous regions: 33->33
[2781.088s][info][gc,metaspace   ] GC(287) Metaspace: 29927K(30400K)->29927K(30400K) NonClass: 24519K(24768K)->24519K(24768K) Class: 5408K(5632K)->5408K(5632K)
[2781.088s][info][gc             ] GC(287) Pause Young (Normal) (G1 Evacuation Pause) 6383M->1869M(8192M) 145.520ms
[2781.088s][info][gc,cpu         ] GC(287) User=1.15s Sys=0.00s Real=0.15s
....|......[2790.266s][info][gc,start       ] GC(288) Pause Young (Normal) (G1 Evacuation Pause)
[2790.266s][info][gc,task        ] GC(288) Using 8 workers of 8 for evacuation
[2790.414s][info][gc,phases      ] GC(288)   Pre Evacuate Collection Set: 0.26ms
[2790.414s][info][gc,phases      ] GC(288)   Merge Heap Roots: 0.55ms
[2790.414s][info][gc,phases      ] GC(288)   Evacuate Collection Set: 146.77ms
[2790.414s][info][gc,phases      ] GC(288)   Post Evacuate Collection Set: 1.05ms
[2790.415s][info][gc,phases      ] GC(288)   Other: 0.06ms
[2790.415s][info][gc,heap        ] GC(288) Eden regions: 571->0(571)
[2790.415s][info][gc,heap        ] GC(288) Survivor regions: 43->43(77)
[2790.415s][info][gc,heap        ] GC(288) Old regions: 160->167
[2790.415s][info][gc,heap        ] GC(288) Humongous regions: 33->33
[2790.415s][info][gc,metaspace   ] GC(288) Metaspace: 29928K(30400K)->29928K(30400K) NonClass: 24520K(24768K)->24520K(24768K) Class: 5408K(5632K)->5408K(5632K)
[2790.415s][info][gc             ] GC(288) Pause Young (Normal) (G1 Evacuation Pause) 6437M->1925M(8192M) 148.837ms
[2790.415s][info][gc,cpu         ] GC(288) User=1.18s Sys=0.00s Real=0.15s
.........[2799.653s][info][gc,start       ] GC(289) Pause Young (Normal) (G1 Evacuation Pause)
[2799.653s][info][gc,task        ] GC(289) Using 8 workers of 8 for evacuation
[2799.801s][info][gc,phases      ] GC(289)   Pre Evacuate Collection Set: 0.26ms
[2799.801s][info][gc,phases      ] GC(289)   Merge Heap Roots: 0.59ms
[2799.801s][info][gc,phases      ] GC(289)   Evacuate Collection Set: 145.62ms
[2799.801s][info][gc,phases      ] GC(289)   Post Evacuate Collection Set: 1.01ms
[2799.801s][info][gc,phases      ] GC(289)   Other: 0.06ms
[2799.801s][info][gc,heap        ] GC(289) Eden regions: 571->0(571)
[2799.801s][info][gc,heap        ] GC(289) Survivor regions: 43->43(77)
[2799.801s][info][gc,heap        ] GC(289) Old regions: 167->174
[2799.801s][info][gc,heap        ] GC(289) Humongous regions: 33->33
[2799.801s][info][gc,metaspace   ] GC(289) Metaspace: 29928K(30400K)->29928K(30400K) NonClass: 24520K(24768K)->24520K(24768K) Class: 5408K(5632K)->5408K(5632K)
[2799.801s][info][gc             ] GC(289) Pause Young (Normal) (G1 Evacuation Pause) 6493M->1981M(8192M) 147.672ms
[2799.801s][info][gc,cpu         ] GC(289) User=1.17s Sys=0.00s Real=0.15s
.........[2808.939s][info][gc,start       ] GC(290) Pause Young (Normal) (G1 Evacuation Pause)
[2808.939s][info][gc,task        ] GC(290) Using 8 workers of 8 for evacuation
[2809.085s][info][gc,phases      ] GC(290)   Pre Evacuate Collection Set: 0.26ms
[2809.085s][info][gc,phases      ] GC(290)   Merge Heap Roots: 0.54ms
[2809.085s][info][gc,phases      ] GC(290)   Evacuate Collection Set: 144.25ms
[2809.085s][info][gc,phases      ] GC(290)   Post Evacuate Collection Set: 0.99ms
[2809.085s][info][gc,phases      ] GC(290)   Other: 0.07ms
[2809.085s][info][gc,heap        ] GC(290) Eden regions: 571->0(572)
[2809.085s][info][gc,heap        ] GC(290) Survivor regions: 43->42(77)
[2809.085s][info][gc,heap        ] GC(290) Old regions: 174->181
[2809.085s][info][gc,heap        ] GC(290) Humongous regions: 33->33
[2809.085s][info][gc,metaspace   ] GC(290) Metaspace: 29928K(30400K)->29928K(30400K) NonClass: 24520K(24768K)->24520K(24768K) Class: 5408K(5632K)->5408K(5632K)
[2809.085s][info][gc             ] GC(290) Pause Young (Normal) (G1 Evacuation Pause) 6549M->2028M(8192M) 146.238ms
[2809.085s][info][gc,cpu         ] GC(290) User=1.16s Sys=0.00s Real=0.15s
..........[2818.326s][info][gc,start       ] GC(291) Pause Young (Normal) (G1 Evacuation Pause)
[2818.326s][info][gc,task        ] GC(291) Using 8 workers of 8 for evacuation
[2818.474s][info][gc,phases      ] GC(291)   Pre Evacuate Collection Set: 0.26ms
[2818.474s][info][gc,phases      ] GC(291)   Merge Heap Roots: 0.58ms
[2818.474s][info][gc,phases      ] GC(291)   Evacuate Collection Set: 146.07ms
[2818.474s][info][gc,phases      ] GC(291)   Post Evacuate Collection Set: 1.00ms
[2818.474s][info][gc,phases      ] GC(291)   Other: 0.07ms
[2818.474s][info][gc,heap        ] GC(291) Eden regions: 572->0(572)
[2818.474s][info][gc,heap        ] GC(291) Survivor regions: 42->42(77)
[2818.474s][info][gc,heap        ] GC(291) Old regions: 181->188
[2818.474s][info][gc,heap        ] GC(291) Humongous regions: 33->33
[2818.474s][info][gc,metaspace   ] GC(291) Metaspace: 29928K(30400K)->29928K(30400K) NonClass: 24520K(24768K)->24520K(24768K) Class: 5408K(5632K)->5408K(5632K)
[2818.475s][info][gc             ] GC(291) Pause Young (Normal) (G1 Evacuation Pause) 6604M->2087M(8192M) 148.135ms
[2818.475s][info][gc,cpu         ] GC(291) User=1.18s Sys=0.00s Real=0.15s
.........[2827.673s][info][gc,start       ] GC(292) Pause Young (Normal) (G1 Evacuation Pause)
[2827.673s][info][gc,task        ] GC(292) Using 8 workers of 8 for evacuation
[2827.820s][info][gc,phases      ] GC(292)   Pre Evacuate Collection Set: 0.25ms
[2827.820s][info][gc,phases      ] GC(292)   Merge Heap Roots: 0.60ms
[2827.820s][info][gc,phases      ] GC(292)   Evacuate Collection Set: 144.63ms
[2827.820s][info][gc,phases      ] GC(292)   Post Evacuate Collection Set: 0.98ms
[2827.820s][info][gc,phases      ] GC(292)   Other: 0.08ms
[2827.820s][info][gc,heap        ] GC(292) Eden regions: 572->0(572)
[2827.820s][info][gc,heap        ] GC(292) Survivor regions: 42->42(77)
[2827.820s][info][gc,heap        ] GC(292) Old regions: 188->195
[2827.820s][info][gc,heap        ] GC(292) Humongous regions: 33->33
[2827.820s][info][gc,metaspace   ] GC(292) Metaspace: 29928K(30400K)->29928K(30400K) NonClass: 24520K(24768K)->24520K(24768K) Class: 5408K(5632K)->5408K(5632K)
[2827.820s][info][gc             ] GC(292) Pause Young (Normal) (G1 Evacuation Pause) 6663M->2142M(8192M) 146.679ms
[2827.820s][info][gc,cpu         ] GC(292) User=1.16s Sys=0.00s Real=0.15s
.........[2836.979s][info][gc,start       ] GC(293) Pause Young (Normal) (G1 Evacuation Pause)
[2836.979s][info][gc,task        ] GC(293) Using 8 workers of 8 for evacuation
[2837.124s][info][gc,phases      ] GC(293)   Pre Evacuate Collection Set: 0.25ms
[2837.124s][info][gc,phases      ] GC(293)   Merge Heap Roots: 0.57ms
[2837.124s][info][gc,phases      ] GC(293)   Evacuate Collection Set: 143.16ms
[2837.124s][info][gc,phases      ] GC(293)   Post Evacuate Collection Set: 1.02ms
[2837.124s][info][gc,phases      ] GC(293)   Other: 0.06ms
[2837.124s][info][gc,heap        ] GC(293) Eden regions: 572->0(572)
[2837.124s][info][gc,heap        ] GC(293) Survivor regions: 42->42(77)
[2837.124s][info][gc,heap        ] GC(293) Old regions: 195->202
[2837.124s][info][gc,heap        ] GC(293) Humongous regions: 33->33
[2837.124s][info][gc,metaspace   ] GC(293) Metaspace: 29928K(30400K)->29928K(30400K) NonClass: 24520K(24768K)->24520K(24768K) Class: 5408K(5632K)->5408K(5632K)
[2837.124s][info][gc             ] GC(293) Pause Young (Normal) (G1 Evacuation Pause) 6718M->2196M(8192M) 145.187ms
[2837.124s][info][gc,cpu         ] GC(293) User=1.15s Sys=0.00s Real=0.14s
........ (rIR:aIR:PR = 4121:4121:4121) (tPR = 60976) [OK] 
  2844s: Performance info:
         Transaction,    Success,    Partial,     Failed,   Receipts, AvgBarcode, 
             Overall,     247427,          0,          0,     235033,      59.47, 
         Response times:
             Request,    Success,    Partial,     Failed,   SkipFail,     Probes,    Samples,      min,      p50,      p90,      p95,      p99,      max, 
       TotalPurchase,     235032,          0,          0,          0,     230296,     263265,      300,     2700,     4700,     5300,    21000,   191000,
     InStorePurchase,     123706,          0,          0,          0,     121507,     138767,      300,     2700,     4700,     5300,    21000,   191000,
      OnlinePurchase,      86574,          0,          0,          0,      84854,      96829,      300,     2800,     4800,     5400,    22000,   191000,
        InstPurchase,      24752,          0,          0,          0,      23935,      27669,      500,     2900,     4800,     5400,    19860,   154000,
          AssocOfCat,        244,          0,          0,          0,        188,        279,    21000,    33000,    42000,    48000,    83800,    89000,
      AssocOfProduct,       2482,          0,          0,          0,       2290,       2749,      700,     3300,     5000,     5600,    24000,   154000,
      BusinessReport,        626,          0,          0,          0,        523,        665,    23000,    35000,    45000,    50700,    64340,    90000,
          CustBuyBeh,       2479,          0,          0,          0,       2251,       2747,      300,     3000,     4600,     5200,    27000,   154000,
       ProductReturn,       6564,          0,          0,          0,       6224,       7476,      200,     3000,     4800,     5315,    22000,   154000,

  2844s: (30%)   IR =   4263 ..[2846.183s][info][gc,start       ] GC(294) Pause Young (Normal) (G1 Evacuation Pause)
[2846.183s][info][gc,task        ] GC(294) Using 8 workers of 8 for evacuation
[2846.334s][info][gc,phases      ] GC(294)   Pre Evacuate Collection Set: 0.27ms
[2846.334s][info][gc,phases      ] GC(294)   Merge Heap Roots: 0.49ms
[2846.334s][info][gc,phases      ] GC(294)   Evacuate Collection Set: 148.80ms
[2846.334s][info][gc,phases      ] GC(294)   Post Evacuate Collection Set: 1.01ms
[2846.334s][info][gc,phases      ] GC(294)   Other: 0.07ms
[2846.334s][info][gc,heap        ] GC(294) Eden regions: 572->0(571)
[2846.334s][info][gc,heap        ] GC(294) Survivor regions: 42->43(77)
[2846.334s][info][gc,heap        ] GC(294) Old regions: 202->208
[2846.334s][info][gc,heap        ] GC(294) Humongous regions: 33->33
[2846.334s][info][gc,metaspace   ] GC(294) Metaspace: 29928K(30400K)->29928K(30400K) NonClass: 24520K(24768K)->24520K(24768K) Class: 5408K(5632K)->5408K(5632K)
[2846.334s][info][gc             ] GC(294) Pause Young (Normal) (G1 Evacuation Pause) 6772M->2255M(8192M) 150.796ms
[2846.334s][info][gc,cpu         ] GC(294) User=1.19s Sys=0.00s Real=0.15s
....|.....[2855.217s][info][gc,start       ] GC(295) Pause Young (Normal) (G1 Evacuation Pause)
[2855.217s][info][gc,task        ] GC(295) Using 8 workers of 8 for evacuation
[2855.364s][info][gc,phases      ] GC(295)   Pre Evacuate Collection Set: 0.27ms
[2855.364s][info][gc,phases      ] GC(295)   Merge Heap Roots: 0.53ms
[2855.364s][info][gc,phases      ] GC(295)   Evacuate Collection Set: 145.15ms
[2855.364s][info][gc,phases      ] GC(295)   Post Evacuate Collection Set: 1.00ms
[2855.364s][info][gc,phases      ] GC(295)   Other: 0.06ms
[2855.364s][info][gc,heap        ] GC(295) Eden regions: 571->0(572)
[2855.364s][info][gc,heap        ] GC(295) Survivor regions: 43->42(77)
[2855.364s][info][gc,heap        ] GC(295) Old regions: 208->215
[2855.364s][info][gc,heap        ] GC(295) Humongous regions: 33->33
[2855.364s][info][gc,metaspace   ] GC(295) Metaspace: 29928K(30400K)->29928K(30400K) NonClass: 24520K(24768K)->24520K(24768K) Class: 5408K(5632K)->5408K(5632K)
[2855.364s][info][gc             ] GC(295) Pause Young (Normal) (G1 Evacuation Pause) 6823M->2303M(8192M) 147.147ms
[2855.364s][info][gc,cpu         ] GC(295) User=1.17s Sys=0.00s Real=0.14s
.........[2864.223s][info][gc,start       ] GC(296) Pause Young (Normal) (G1 Evacuation Pause)
[2864.223s][info][gc,task        ] GC(296) Using 8 workers of 8 for evacuation
[2864.372s][info][gc,phases      ] GC(296)   Pre Evacuate Collection Set: 0.28ms
[2864.372s][info][gc,phases      ] GC(296)   Merge Heap Roots: 0.51ms
[2864.372s][info][gc,phases      ] GC(296)   Evacuate Collection Set: 147.33ms
[2864.372s][info][gc,phases      ] GC(296)   Post Evacuate Collection Set: 0.99ms
[2864.372s][info][gc,phases      ] GC(296)   Other: 0.07ms
[2864.372s][info][gc,heap        ] GC(296) Eden regions: 572->0(572)
[2864.372s][info][gc,heap        ] GC(296) Survivor regions: 42->42(77)
[2864.372s][info][gc,heap        ] GC(296) Old regions: 215->222
[2864.372s][info][gc,heap        ] GC(296) Humongous regions: 33->33
[2864.372s][info][gc,metaspace   ] GC(296) Metaspace: 29928K(30400K)->29928K(30400K) NonClass: 24520K(24768K)->24520K(24768K) Class: 5408K(5632K)->5408K(5632K)
[2864.372s][info][gc             ] GC(296) Pause Young (Normal) (G1 Evacuation Pause) 6879M->2361M(8192M) 149.297ms
[2864.372s][info][gc,cpu         ] GC(296) User=1.18s Sys=0.00s Real=0.15s
.........[2873.311s][info][gc,start       ] GC(297) Pause Young (Normal) (G1 Evacuation Pause)
[2873.311s][info][gc,task        ] GC(297) Using 8 workers of 8 for evacuation
[2873.460s][info][gc,phases      ] GC(297)   Pre Evacuate Collection Set: 0.25ms
[2873.460s][info][gc,phases      ] GC(297)   Merge Heap Roots: 0.58ms
[2873.460s][info][gc,phases      ] GC(297)   Evacuate Collection Set: 147.00ms
[2873.460s][info][gc,phases      ] GC(297)   Post Evacuate Collection Set: 1.02ms
[2873.460s][info][gc,phases      ] GC(297)   Other: 0.08ms
[2873.460s][info][gc,heap        ] GC(297) Eden regions: 572->0(571)
[2873.460s][info][gc,heap        ] GC(297) Survivor regions: 42->43(77)
[2873.460s][info][gc,heap        ] GC(297) Old regions: 222->229
[2873.460s][info][gc,heap        ] GC(297) Humongous regions: 33->33
[2873.460s][info][gc,metaspace   ] GC(297) Metaspace: 29928K(30400K)->29928K(30400K) NonClass: 24520K(24768K)->24520K(24768K) Class: 5408K(5632K)->5408K(5632K)
[2873.460s][info][gc             ] GC(297) Pause Young (Normal) (G1 Evacuation Pause) 6937M->2424M(8192M) 149.079ms
[2873.460s][info][gc,cpu         ] GC(297) User=1.18s Sys=0.00s Real=0.15s
.........[2882.335s][info][gc,start       ] GC(298) Pause Young (Normal) (G1 Evacuation Pause)
[2882.335s][info][gc,task        ] GC(298) Using 8 workers of 8 for evacuation
[2882.483s][info][gc,phases      ] GC(298)   Pre Evacuate Collection Set: 0.28ms
[2882.483s][info][gc,phases      ] GC(298)   Merge Heap Roots: 0.63ms
[2882.483s][info][gc,phases      ] GC(298)   Evacuate Collection Set: 145.20ms
[2882.483s][info][gc,phases      ] GC(298)   Post Evacuate Collection Set: 0.99ms
[2882.483s][info][gc,phases      ] GC(298)   Other: 0.07ms
[2882.483s][info][gc,heap        ] GC(298) Eden regions: 571->0(572)
[2882.483s][info][gc,heap        ] GC(298) Survivor regions: 43->42(77)
[2882.483s][info][gc,heap        ] GC(298) Old regions: 229->236
[2882.483s][info][gc,heap        ] GC(298) Humongous regions: 33->33
[2882.483s][info][gc,metaspace   ] GC(298) Metaspace: 29928K(30400K)->29928K(30400K) NonClass: 24520K(24768K)->24520K(24768K) Class: 5408K(5632K)->5408K(5632K)
[2882.483s][info][gc             ] GC(298) Pause Young (Normal) (G1 Evacuation Pause) 6992M->2472M(8192M) 147.297ms
[2882.483s][info][gc,cpu         ] GC(298) User=1.17s Sys=0.00s Real=0.14s
.........[2891.340s][info][gc,start       ] GC(299) Pause Young (Normal) (G1 Evacuation Pause)
[2891.340s][info][gc,task        ] GC(299) Using 8 workers of 8 for evacuation
[2891.489s][info][gc,phases      ] GC(299)   Pre Evacuate Collection Set: 0.26ms
[2891.489s][info][gc,phases      ] GC(299)   Merge Heap Roots: 0.54ms
[2891.489s][info][gc,phases      ] GC(299)   Evacuate Collection Set: 146.66ms
[2891.489s][info][gc,phases      ] GC(299)   Post Evacuate Collection Set: 1.03ms
[2891.489s][info][gc,phases      ] GC(299)   Other: 0.06ms
[2891.489s][info][gc,heap        ] GC(299) Eden regions: 572->0(572)
[2891.489s][info][gc,heap        ] GC(299) Survivor regions: 42->42(77)
[2891.489s][info][gc,heap        ] GC(299) Old regions: 236->243
[2891.489s][info][gc,heap        ] GC(299) Humongous regions: 33->33
[2891.489s][info][gc,metaspace   ] GC(299) Metaspace: 29928K(30400K)->29928K(30400K) NonClass: 24520K(24768K)->24520K(24768K) Class: 5408K(5632K)->5408K(5632K)
[2891.489s][info][gc             ] GC(299) Pause Young (Normal) (G1 Evacuation Pause) 7048M->2528M(8192M) 148.683ms
[2891.489s][info][gc,cpu         ] GC(299) User=1.18s Sys=0.00s Real=0.15s
.........[2900.444s][info][gc,start       ] GC(300) Pause Young (Normal) (G1 Evacuation Pause)
[2900.444s][info][gc,task        ] GC(300) Using 8 workers of 8 for evacuation
[2900.592s][info][gc,phases      ] GC(300)   Pre Evacuate Collection Set: 0.26ms
[2900.592s][info][gc,phases      ] GC(300)   Merge Heap Roots: 0.59ms
[2900.592s][info][gc,phases      ] GC(300)   Evacuate Collection Set: 145.76ms
[2900.592s][info][gc,phases      ] GC(300)   Post Evacuate Collection Set: 0.99ms
[2900.592s][info][gc,phases      ] GC(300)   Other: 0.07ms
[2900.592s][info][gc,heap        ] GC(300) Eden regions: 572->0(572)
[2900.592s][info][gc,heap        ] GC(300) Survivor regions: 42->42(77)
[2900.592s][info][gc,heap        ] GC(300) Old regions: 243->250
[2900.592s][info][gc,heap        ] GC(300) Humongous regions: 33->33
[2900.592s][info][gc,metaspace   ] GC(300) Metaspace: 29928K(30400K)->29928K(30400K) NonClass: 24520K(24768K)->24520K(24768K) Class: 5408K(5632K)->5408K(5632K)
[2900.592s][info][gc             ] GC(300) Pause Young (Normal) (G1 Evacuation Pause) 7104M->2580M(8192M) 147.812ms
[2900.592s][info][gc,cpu         ] GC(300) User=1.17s Sys=0.01s Real=0.15s
.........[2909.390s][info][gc,start       ] GC(301) Pause Young (Normal) (G1 Evacuation Pause)
[2909.390s][info][gc,task        ] GC(301) Using 8 workers of 8 for evacuation
[2909.539s][info][gc,phases      ] GC(301)   Pre Evacuate Collection Set: 0.26ms
[2909.539s][info][gc,phases      ] GC(301)   Merge Heap Roots: 0.53ms
[2909.539s][info][gc,phases      ] GC(301)   Evacuate Collection Set: 147.44ms
[2909.539s][info][gc,phases      ] GC(301)   Post Evacuate Collection Set: 1.00ms
[2909.539s][info][gc,phases      ] GC(301)   Other: 0.06ms
[2909.539s][info][gc,heap        ] GC(301) Eden regions: 572->0(570)
[2909.539s][info][gc,heap        ] GC(301) Survivor regions: 42->44(77)
[2909.539s][info][gc,heap        ] GC(301) Old regions: 250->257
[2909.539s][info][gc,heap        ] GC(301) Humongous regions: 33->33
[2909.539s][info][gc,metaspace   ] GC(301) Metaspace: 29928K(30400K)->29928K(30400K) NonClass: 24520K(24768K)->24520K(24768K) Class: 5408K(5632K)->5408K(5632K)
[2909.539s][info][gc             ] GC(301) Pause Young (Normal) (G1 Evacuation Pause) 7156M->2651M(8192M) 149.438ms
[2909.539s][info][gc,cpu         ] GC(301) User=1.18s Sys=0.01s Real=0.15s
. (rIR:aIR:PR = 4263:4263:4263) (tPR = 63386) [OK] 
  2910s: Performance info:
         Transaction,    Success,    Partial,     Failed,   Receipts, AvgBarcode, 
             Overall,     255927,          0,          0,     243127,      59.47, 
         Response times:
             Request,    Success,    Partial,     Failed,   SkipFail,     Probes,    Samples,      min,      p50,      p90,      p95,      p99,      max, 
       TotalPurchase,     243128,          0,          0,          0,     238619,     263603,      300,     2800,     4900,     5500,    22000,   161000,
     InStorePurchase,     127912,          0,          0,          0,     125676,     138400,      400,     2800,     4900,     5500,    22000,   161000,
      OnlinePurchase,      89588,          0,          0,          0,      87937,      97260,      300,     2800,     4900,     5600,    21000,   157000,
        InstPurchase,      25628,          0,          0,          0,      25006,      27943,      500,     2800,     4800,     5400,    24000,   161000,
          AssocOfCat,        256,          0,          0,          0,        207,        290,    21000,    33000,    40900,    47450,   182090,   201000,
      AssocOfProduct,       2563,          0,          0,          0,       2369,       2792,      400,     3200,     5000,     5600,    26000,   155000,
      BusinessReport,        635,          0,          0,          0,        541,        702,    26000,    35000,    46000,    51000,    62000,   180000,
          CustBuyBeh,       2551,          0,          0,          0,       2380,       2861,      300,     2800,     4900,     5500,    18590,   153000,
       ProductReturn,       6794,          0,          0,          0,       6398,       7343,      200,     2900,     4800,     5400,    25000,   155000,

  2910s: (31%)   IR =   4405 ......|.[2918.197s][info][gc,start       ] GC(302) Pause Young (Normal) (G1 Evacuation Pause)
[2918.197s][info][gc,task        ] GC(302) Using 8 workers of 8 for evacuation
[2918.347s][info][gc,phases      ] GC(302)   Pre Evacuate Collection Set: 0.28ms
[2918.347s][info][gc,phases      ] GC(302)   Merge Heap Roots: 0.53ms
[2918.347s][info][gc,phases      ] GC(302)   Evacuate Collection Set: 147.91ms
[2918.347s][info][gc,phases      ] GC(302)   Post Evacuate Collection Set: 1.02ms
[2918.347s][info][gc,phases      ] GC(302)   Other: 0.06ms
[2918.347s][info][gc,heap        ] GC(302) Eden regions: 570->0(571)
[2918.347s][info][gc,heap        ] GC(302) Survivor regions: 44->43(77)
[2918.347s][info][gc,heap        ] GC(302) Old regions: 257->264
[2918.347s][info][gc,heap        ] GC(302) Humongous regions: 33->33
[2918.347s][info][gc,metaspace   ] GC(302) Metaspace: 29928K(30400K)->29928K(30400K) NonClass: 24520K(24768K)->24520K(24768K) Class: 5408K(5632K)->5408K(5632K)
[2918.347s][info][gc             ] GC(302) Pause Young (Normal) (G1 Evacuation Pause) 7211M->2703M(8192M) 149.954ms
[2918.347s][info][gc,cpu         ] GC(302) User=1.18s Sys=0.00s Real=0.15s
.........[2926.902s][info][gc,start       ] GC(303) Pause Young (Normal) (G1 Evacuation Pause)
[2926.902s][info][gc,task        ] GC(303) Using 8 workers of 8 for evacuation
[2927.048s][info][gc,phases      ] GC(303)   Pre Evacuate Collection Set: 0.27ms
[2927.048s][info][gc,phases      ] GC(303)   Merge Heap Roots: 0.56ms
[2927.048s][info][gc,phases      ] GC(303)   Evacuate Collection Set: 144.41ms
[2927.048s][info][gc,phases      ] GC(303)   Post Evacuate Collection Set: 1.01ms
[2927.048s][info][gc,phases      ] GC(303)   Other: 0.07ms
[2927.048s][info][gc,heap        ] GC(303) Eden regions: 571->0(572)
[2927.048s][info][gc,heap        ] GC(303) Survivor regions: 43->42(77)
[2927.048s][info][gc,heap        ] GC(303) Old regions: 264->271
[2927.048s][info][gc,heap        ] GC(303) Humongous regions: 33->33
[2927.048s][info][gc,metaspace   ] GC(303) Metaspace: 29928K(30400K)->29928K(30400K) NonClass: 24520K(24768K)->24520K(24768K) Class: 5408K(5632K)->5408K(5632K)
[2927.048s][info][gc             ] GC(303) Pause Young (Normal) (G1 Evacuation Pause) 7271M->2747M(8192M) 146.470ms
[2927.049s][info][gc,cpu         ] GC(303) User=1.16s Sys=0.00s Real=0.15s
.........[2935.646s][info][gc,start       ] GC(304) Pause Young (Normal) (G1 Evacuation Pause)
[2935.646s][info][gc,task        ] GC(304) Using 8 workers of 8 for evacuation
[2935.792s][info][gc,phases      ] GC(304)   Pre Evacuate Collection Set: 0.24ms
[2935.792s][info][gc,phases      ] GC(304)   Merge Heap Roots: 0.61ms
[2935.792s][info][gc,phases      ] GC(304)   Evacuate Collection Set: 144.36ms
[2935.792s][info][gc,phases      ] GC(304)   Post Evacuate Collection Set: 0.98ms
[2935.792s][info][gc,phases      ] GC(304)   Other: 0.07ms
[2935.792s][info][gc,heap        ] GC(304) Eden regions: 572->0(573)
[2935.792s][info][gc,heap        ] GC(304) Survivor regions: 42->41(77)
[2935.792s][info][gc,heap        ] GC(304) Old regions: 271->278
[2935.792s][info][gc,heap        ] GC(304) Humongous regions: 33->33
[2935.792s][info][gc,metaspace   ] GC(304) Metaspace: 29928K(30400K)->29928K(30400K) NonClass: 24520K(24768K)->24520K(24768K) Class: 5408K(5632K)->5408K(5632K)
[2935.792s][info][gc             ] GC(304) Pause Young (Normal) (G1 Evacuation Pause) 7323M->2800M(8192M) 146.380ms
[2935.792s][info][gc,cpu         ] GC(304) User=1.16s Sys=0.00s Real=0.14s
.........[2944.386s][info][gc,start       ] GC(305) Pause Young (Normal) (G1 Evacuation Pause)
[2944.386s][info][gc,task        ] GC(305) Using 8 workers of 8 for evacuation
[2944.537s][info][gc,phases      ] GC(305)   Pre Evacuate Collection Set: 0.28ms
[2944.537s][info][gc,phases      ] GC(305)   Merge Heap Roots: 0.50ms
[2944.537s][info][gc,phases      ] GC(305)   Evacuate Collection Set: 148.88ms
[2944.537s][info][gc,phases      ] GC(305)   Post Evacuate Collection Set: 1.02ms
[2944.537s][info][gc,phases      ] GC(305)   Other: 0.06ms
[2944.537s][info][gc,heap        ] GC(305) Eden regions: 573->0(568)
[2944.537s][info][gc,heap        ] GC(305) Survivor regions: 41->43(77)
[2944.537s][info][gc,heap        ] GC(305) Old regions: 278->285
[2944.537s][info][gc,heap        ] GC(305) Humongous regions: 33->33
[2944.537s][info][gc,metaspace   ] GC(305) Metaspace: 29928K(30400K)->29928K(30400K) NonClass: 24520K(24768K)->24520K(24768K) Class: 5408K(5632K)->5408K(5632K)
[2944.537s][info][gc             ] GC(305) Pause Young (Normal) (G1 Evacuation Pause) 7384M->2871M(8192M) 150.891ms
[2944.537s][info][gc,cpu         ] GC(305) User=1.20s Sys=0.00s Real=0.15s
........[2953.112s][info][gc,start       ] GC(306) Pause Young (Normal) (G1 Evacuation Pause)
[2953.112s][info][gc,task        ] GC(306) Using 8 workers of 8 for evacuation
[2953.260s][info][gc,phases      ] GC(306)   Pre Evacuate Collection Set: 0.27ms
[2953.260s][info][gc,phases      ] GC(306)   Merge Heap Roots: 0.60ms
[2953.260s][info][gc,phases      ] GC(306)   Evacuate Collection Set: 145.90ms
[2953.260s][info][gc,phases      ] GC(306)   Post Evacuate Collection Set: 1.05ms
[2953.260s][info][gc,phases      ] GC(306)   Other: 0.07ms
[2953.260s][info][gc,heap        ] GC(306) Eden regions: 568->0(561)
[2953.260s][info][gc,heap        ] GC(306) Survivor regions: 43->43(77)
[2953.260s][info][gc,heap        ] GC(306) Old regions: 285->292
[2953.260s][info][gc,heap        ] GC(306) Humongous regions: 33->33
[2953.260s][info][gc,metaspace   ] GC(306) Metaspace: 29928K(30400K)->29928K(30400K) NonClass: 24520K(24768K)->24520K(24768K) Class: 5408K(5632K)->5408K(5632K)
[2953.260s][info][gc             ] GC(306) Pause Young (Normal) (G1 Evacuation Pause) 7415M->2923M(8192M) 148.044ms
[2953.260s][info][gc,cpu         ] GC(306) User=1.17s Sys=0.01s Real=0.15s
.........[2961.637s][info][gc,start       ] GC(307) Pause Young (Normal) (G1 Evacuation Pause)
[2961.637s][info][gc,task        ] GC(307) Using 8 workers of 8 for evacuation
[2961.787s][info][gc,phases      ] GC(307)   Pre Evacuate Collection Set: 0.25ms
[2961.787s][info][gc,phases      ] GC(307)   Merge Heap Roots: 0.51ms
[2961.787s][info][gc,phases      ] GC(307)   Evacuate Collection Set: 148.39ms
[2961.787s][info][gc,phases      ] GC(307)   Post Evacuate Collection Set: 0.97ms
[2961.787s][info][gc,phases      ] GC(307)   Other: 0.06ms
[2961.787s][info][gc,heap        ] GC(307) Eden regions: 561->0(554)
[2961.787s][info][gc,heap        ] GC(307) Survivor regions: 43->43(76)
[2961.787s][info][gc,heap        ] GC(307) Old regions: 292->299
[2961.787s][info][gc,heap        ] GC(307) Humongous regions: 33->33
[2961.787s][info][gc,metaspace   ] GC(307) Metaspace: 29928K(30400K)->29928K(30400K) NonClass: 24520K(24768K)->24520K(24768K) Class: 5408K(5632K)->5408K(5632K)
[2961.787s][info][gc             ] GC(307) Pause Young (Normal) (G1 Evacuation Pause) 7411M->2979M(8192M) 150.312ms
[2961.787s][info][gc,cpu         ] GC(307) User=1.19s Sys=0.00s Real=0.15s
........[2970.045s][info][gc,start       ] GC(308) Pause Young (Normal) (G1 Evacuation Pause)
[2970.045s][info][gc,task        ] GC(308) Using 8 workers of 8 for evacuation
[2970.191s][info][gc,phases      ] GC(308)   Pre Evacuate Collection Set: 0.24ms
[2970.191s][info][gc,phases      ] GC(308)   Merge Heap Roots: 0.56ms
[2970.191s][info][gc,phases      ] GC(308)   Evacuate Collection Set: 144.80ms
[2970.191s][info][gc,phases      ] GC(308)   Post Evacuate Collection Set: 0.99ms
[2970.191s][info][gc,phases      ] GC(308)   Other: 0.06ms
[2970.191s][info][gc,heap        ] GC(308) Eden regions: 554->0(549)
[2970.191s][info][gc,heap        ] GC(308) Survivor regions: 43->42(75)
[2970.191s][info][gc,heap        ] GC(308) Old regions: 299->306
[2970.191s][info][gc,heap        ] GC(308) Humongous regions: 33->33
[2970.191s][info][gc,metaspace   ] GC(308) Metaspace: 29928K(30400K)->29928K(30400K) NonClass: 24520K(24768K)->24520K(24768K) Class: 5408K(5632K)->5408K(5632K)
[2970.191s][info][gc             ] GC(308) Pause Young (Normal) (G1 Evacuation Pause) 7411M->3029M(8192M) 146.775ms
[2970.191s][info][gc,cpu         ] GC(308) User=1.16s Sys=0.00s Real=0.14s
....... (rIR:aIR:PR = 4405:4406:4406) (tPR = 65364) [OK] 
  2976s: Performance info:
         Transaction,    Success,    Partial,     Failed,   Receipts, AvgBarcode, 
             Overall,     265020,          0,          0,     251773,      59.47, 
         Response times:
             Request,    Success,    Partial,     Failed,   SkipFail,     Probes,    Samples,      min,      p50,      p90,      p95,      p99,      max, 
       TotalPurchase,     251773,          0,          0,          0,     246746,     273536,      300,     2900,     5000,     5700,    22000,   208000,
     InStorePurchase,     132512,          0,          0,          0,     129993,     143699,      300,     2800,     5000,     5600,    22000,   207000,
      OnlinePurchase,      92748,          0,          0,          0,      90986,     101061,      400,     3000,     5100,     5700,    22000,   208000,
        InstPurchase,      26513,          0,          0,          0,      25767,      28776,      500,     2900,     5000,     5700,    19700,   159000,
          AssocOfCat,        264,          0,          0,          0,        208,        287,    25000,    33000,    41000,    45600,   179920,   203000,
      AssocOfProduct,       2642,          0,          0,          0,       2401,       2848,      800,     3500,     5300,     5900,    26510,   157000,
      BusinessReport,        661,          0,          0,          0,        553,        691,    19900,    36000,    47000,    51000,    67080,   200000,
          CustBuyBeh,       2654,          0,          0,          0,       2449,       2887,      200,     2600,     4700,     5500,    27120,   157000,
       ProductReturn,       7026,          0,          0,          0,       6651,       7712,      200,     2800,     4900,     5535,    24000,   157000,

  2976s: (32%)   IR =   4547 .[2978.344s][info][gc,start       ] GC(309) Pause Young (Normal) (G1 Evacuation Pause)
[2978.344s][info][gc,task        ] GC(309) Using 8 workers of 8 for evacuation
[2978.489s][info][gc,phases      ] GC(309)   Pre Evacuate Collection Set: 0.26ms
[2978.489s][info][gc,phases      ] GC(309)   Merge Heap Roots: 0.53ms
[2978.489s][info][gc,phases      ] GC(309)   Evacuate Collection Set: 143.67ms
[2978.489s][info][gc,phases      ] GC(309)   Post Evacuate Collection Set: 0.99ms
[2978.489s][info][gc,phases      ] GC(309)   Other: 0.07ms
[2978.489s][info][gc,heap        ] GC(309) Eden regions: 549->0(542)
[2978.489s][info][gc,heap        ] GC(309) Survivor regions: 42->42(74)
[2978.489s][info][gc,heap        ] GC(309) Old regions: 306->313
[2978.489s][info][gc,heap        ] GC(309) Humongous regions: 33->33
[2978.490s][info][gc,metaspace   ] GC(309) Metaspace: 29928K(30400K)->29928K(30400K) NonClass: 24520K(24768K)->24520K(24768K) Class: 5408K(5632K)->5408K(5632K)
[2978.490s][info][gc             ] GC(309) Pause Young (Normal) (G1 Evacuation Pause) 7421M->3087M(8192M) 145.686ms
[2978.490s][info][gc,cpu         ] GC(309) User=1.15s Sys=0.00s Real=0.15s
......|..[2986.333s][info][gc,start       ] GC(310) Pause Young (Normal) (G1 Evacuation Pause)
[2986.333s][info][gc,task        ] GC(310) Using 8 workers of 8 for evacuation
[2986.481s][info][gc,phases      ] GC(310)   Pre Evacuate Collection Set: 0.25ms
[2986.481s][info][gc,phases      ] GC(310)   Merge Heap Roots: 0.56ms
[2986.481s][info][gc,phases      ] GC(310)   Evacuate Collection Set: 146.31ms
[2986.481s][info][gc,phases      ] GC(310)   Post Evacuate Collection Set: 1.00ms
[2986.481s][info][gc,phases      ] GC(310)   Other: 0.07ms
[2986.481s][info][gc,heap        ] GC(310) Eden regions: 542->0(534)
[2986.481s][info][gc,heap        ] GC(310) Survivor regions: 42->42(73)
[2986.481s][info][gc,heap        ] GC(310) Old regions: 313->321
[2986.481s][info][gc,heap        ] GC(310) Humongous regions: 33->33
[2986.481s][info][gc,metaspace   ] GC(310) Metaspace: 29928K(30400K)->29928K(30400K) NonClass: 24520K(24768K)->24520K(24768K) Class: 5408K(5632K)->5408K(5632K)
[2986.481s][info][gc             ] GC(310) Pause Young (Normal) (G1 Evacuation Pause) 7423M->3150M(8192M) 148.341ms
[2986.481s][info][gc,cpu         ] GC(310) User=1.18s Sys=0.00s Real=0.15s
........[2994.313s][info][gc,start       ] GC(311) Pause Young (Normal) (G1 Evacuation Pause)
[2994.313s][info][gc,task        ] GC(311) Using 8 workers of 8 for evacuation
[2994.459s][info][gc,phases      ] GC(311)   Pre Evacuate Collection Set: 0.29ms
[2994.459s][info][gc,phases      ] GC(311)   Merge Heap Roots: 0.50ms
[2994.459s][info][gc,phases      ] GC(311)   Evacuate Collection Set: 143.75ms
[2994.459s][info][gc,phases      ] GC(311)   Post Evacuate Collection Set: 0.98ms
[2994.459s][info][gc,phases      ] GC(311)   Other: 0.07ms
[2994.459s][info][gc,heap        ] GC(311) Eden regions: 534->0(529)
[2994.459s][info][gc,heap        ] GC(311) Survivor regions: 42->41(72)
[2994.459s][info][gc,heap        ] GC(311) Old regions: 321->328
[2994.459s][info][gc,heap        ] GC(311) Humongous regions: 33->33
[2994.459s][info][gc,metaspace   ] GC(311) Metaspace: 29928K(30400K)->29928K(30400K) NonClass: 24520K(24768K)->24520K(24768K) Class: 5408K(5632K)->5408K(5632K)
[2994.459s][info][gc             ] GC(311) Pause Young (Normal) (G1 Evacuation Pause) 7422M->3202M(8192M) 145.720ms
[2994.459s][info][gc,cpu         ] GC(311) User=1.16s Sys=0.00s Real=0.15s
........[3002.049s][info][gc,start       ] GC(312) Pause Young (Normal) (G1 Evacuation Pause)
[3002.049s][info][gc,task        ] GC(312) Using 8 workers of 8 for evacuation
[3002.196s][info][gc,phases      ] GC(312)   Pre Evacuate Collection Set: 0.28ms
[3002.196s][info][gc,phases      ] GC(312)   Merge Heap Roots: 0.53ms
[3002.196s][info][gc,phases      ] GC(312)   Evacuate Collection Set: 144.76ms
[3002.196s][info][gc,phases      ] GC(312)   Post Evacuate Collection Set: 0.94ms
[3002.196s][info][gc,phases      ] GC(312)   Other: 0.06ms
[3002.196s][info][gc,heap        ] GC(312) Eden regions: 529->0(521)
[3002.196s][info][gc,heap        ] GC(312) Survivor regions: 41->41(72)
[3002.196s][info][gc,heap        ] GC(312) Old regions: 328->336
[3002.196s][info][gc,heap        ] GC(312) Humongous regions: 33->33
[3002.196s][info][gc,metaspace   ] GC(312) Metaspace: 29928K(30400K)->29928K(30400K) NonClass: 24520K(24768K)->24520K(24768K) Class: 5408K(5632K)->5408K(5632K)
[3002.196s][info][gc             ] GC(312) Pause Young (Normal) (G1 Evacuation Pause) 7434M->3258M(8192M) 146.714ms
[3002.196s][info][gc,cpu         ] GC(312) User=1.16s Sys=0.00s Real=0.15s
........[3009.782s][info][gc,start       ] GC(313) Pause Young (Concurrent Start) (G1 Evacuation Pause)
[3009.782s][info][gc,task        ] GC(313) Using 8 workers of 8 for evacuation
[3009.927s][info][gc,phases      ] GC(313)   Pre Evacuate Collection Set: 0.33ms
[3009.927s][info][gc,phases      ] GC(313)   Merge Heap Roots: 0.58ms
[3009.927s][info][gc,phases      ] GC(313)   Evacuate Collection Set: 142.75ms
[3009.927s][info][gc,phases      ] GC(313)   Post Evacuate Collection Set: 0.97ms
[3009.927s][info][gc,phases      ] GC(313)   Other: 0.09ms
[3009.927s][info][gc,heap        ] GC(313) Eden regions: 521->0(514)
[3009.927s][info][gc,heap        ] GC(313) Survivor regions: 41->41(71)
[3009.927s][info][gc,heap        ] GC(313) Old regions: 336->343
[3009.927s][info][gc,heap        ] GC(313) Humongous regions: 33->33
[3009.927s][info][gc,metaspace   ] GC(313) Metaspace: 29928K(30400K)->29928K(30400K) NonClass: 24520K(24768K)->24520K(24768K) Class: 5408K(5632K)->5408K(5632K)
[3009.927s][info][gc             ] GC(313) Pause Young (Concurrent Start) (G1 Evacuation Pause) 7426M->3322M(8192M) 144.842ms
[3009.927s][info][gc             ] GC(314) Concurrent Mark Cycle
[3009.927s][info][gc,marking     ] GC(314) Concurrent Scan Root Regions
[3009.927s][info][gc,cpu         ] GC(313) User=1.15s Sys=0.00s Real=0.15s
[3010.155s][info][gc,marking     ] GC(314) Concurrent Scan Root Regions 227.899ms
[3010.155s][info][gc,marking     ] GC(314) Concurrent Mark
[3010.155s][info][gc,marking     ] GC(314) Concurrent Mark From Roots
[3010.155s][info][gc,task        ] GC(314) Using 2 workers of 2 for marking
.[3010.746s][info][gc,marking     ] GC(314) Concurrent Mark From Roots 591.064ms
[3010.746s][info][gc,marking     ] GC(314) Concurrent Preclean
[3010.746s][info][gc,marking     ] GC(314) Concurrent Preclean 0.093ms
[3010.746s][info][gc,start       ] GC(314) Pause Remark
[3010.749s][info][gc             ] GC(314) Pause Remark 3842M->3066M(8192M) 2.183ms
[3010.749s][info][gc,cpu         ] GC(314) User=0.01s Sys=0.00s Real=0.00s
[3010.749s][info][gc,marking     ] GC(314) Concurrent Mark 593.580ms
[3010.749s][info][gc,marking     ] GC(314) Concurrent Rebuild Remembered Sets and Scrub Regions
[3011.099s][info][gc,marking     ] GC(314) Concurrent Rebuild Remembered Sets and Scrub Regions 350.663ms
[3011.100s][info][gc,start       ] GC(314) Pause Cleanup
[3011.100s][info][gc             ] GC(314) Pause Cleanup 3230M->3230M(8192M) 0.300ms
[3011.100s][info][gc,cpu         ] GC(314) User=0.00s Sys=0.00s Real=0.00s
[3011.100s][info][gc,marking     ] GC(314) Concurrent Clear Claimed Marks
[3011.100s][info][gc,marking     ] GC(314) Concurrent Clear Claimed Marks 0.043ms
[3011.100s][info][gc,marking     ] GC(314) Concurrent Cleanup for Next Mark
[3011.106s][info][gc,marking     ] GC(314) Concurrent Cleanup for Next Mark 6.429ms
[3011.106s][info][gc             ] GC(314) Concurrent Mark Cycle 1179.294ms
......[3017.412s][info][gc,start       ] GC(315) Pause Young (Prepare Mixed) (G1 Evacuation Pause)
[3017.412s][info][gc,task        ] GC(315) Using 8 workers of 8 for evacuation
[3017.553s][info][gc,phases      ] GC(315)   Pre Evacuate Collection Set: 0.25ms
[3017.553s][info][gc,phases      ] GC(315)   Merge Heap Roots: 0.65ms
[3017.553s][info][gc,phases      ] GC(315)   Evacuate Collection Set: 138.93ms
[3017.553s][info][gc,phases      ] GC(315)   Post Evacuate Collection Set: 1.07ms
[3017.553s][info][gc,phases      ] GC(315)   Other: 0.07ms
[3017.553s][info][gc,heap        ] GC(315) Eden regions: 514->0(573)
[3017.553s][info][gc,heap        ] GC(315) Survivor regions: 41->41(70)
[3017.553s][info][gc,heap        ] GC(315) Old regions: 246->254
[3017.553s][info][gc,heap        ] GC(315) Humongous regions: 33->33
[3017.553s][info][gc,metaspace   ] GC(315) Metaspace: 29928K(30400K)->29928K(30400K) NonClass: 24520K(24768K)->24520K(24768K) Class: 5408K(5632K)->5408K(5632K)
[3017.553s][info][gc             ] GC(315) Pause Young (Prepare Mixed) (G1 Evacuation Pause) 6658M->2600M(8192M) 141.120ms
[3017.553s][info][gc,cpu         ] GC(315) User=1.12s Sys=0.00s Real=0.14s
.........[3025.847s][info][gc,start       ] GC(316) Pause Young (Mixed) (G1 Evacuation Pause)
[3025.847s][info][gc,task        ] GC(316) Using 8 workers of 8 for evacuation
[3025.999s][info][gc,phases      ] GC(316)   Pre Evacuate Collection Set: 0.25ms
[3025.999s][info][gc,phases      ] GC(316)   Merge Heap Roots: 0.85ms
[3025.999s][info][gc,phases      ] GC(316)   Evacuate Collection Set: 149.88ms
[3025.999s][info][gc,phases      ] GC(316)   Post Evacuate Collection Set: 1.28ms
[3025.999s][info][gc,phases      ] GC(316)   Other: 0.09ms
[3025.999s][info][gc,heap        ] GC(316) Eden regions: 573->0(567)
[3025.999s][info][gc,heap        ] GC(316) Survivor regions: 41->47(77)
[3025.999s][info][gc,heap        ] GC(316) Old regions: 254->153
[3025.999s][info][gc,heap        ] GC(316) Humongous regions: 33->33
[3025.999s][info][gc,metaspace   ] GC(316) Metaspace: 29928K(30400K)->29928K(30400K) NonClass: 24520K(24768K)->24520K(24768K) Class: 5408K(5632K)->5408K(5632K)
[3025.999s][info][gc             ] GC(316) Pause Young (Mixed) (G1 Evacuation Pause) 7184M->1846M(8192M) 152.477ms
[3025.999s][info][gc,cpu         ] GC(316) User=1.21s Sys=0.00s Real=0.15s
........[3034.195s][info][gc,start       ] GC(317) Pause Young (Mixed) (G1 Evacuation Pause)
[3034.195s][info][gc,task        ] GC(317) Using 8 workers of 8 for evacuation
[3034.357s][info][gc,phases      ] GC(317)   Pre Evacuate Collection Set: 0.28ms
[3034.357s][info][gc,phases      ] GC(317)   Merge Heap Roots: 0.82ms
[3034.357s][info][gc,phases      ] GC(317)   Evacuate Collection Set: 159.94ms
[3034.357s][info][gc,phases      ] GC(317)   Post Evacuate Collection Set: 1.06ms
[3034.357s][info][gc,phases      ] GC(317)   Other: 0.07ms
[3034.357s][info][gc,heap        ] GC(317) Eden regions: 567->0(571)
[3034.357s][info][gc,heap        ] GC(317) Survivor regions: 47->43(77)
[3034.357s][info][gc,heap        ] GC(317) Old regions: 153->140
[3034.357s][info][gc,heap        ] GC(317) Humongous regions: 33->33
[3034.357s][info][gc,metaspace   ] GC(317) Metaspace: 29928K(30400K)->29928K(30400K) NonClass: 24520K(24768K)->24520K(24768K) Class: 5408K(5632K)->5408K(5632K)
[3034.357s][info][gc             ] GC(317) Pause Young (Mixed) (G1 Evacuation Pause) 6382M->1704M(8192M) 162.298ms
[3034.357s][info][gc,cpu         ] GC(317) User=1.28s Sys=0.00s Real=0.16s
.........[3042.653s][info][gc,start       ] GC(318) Pause Young (Normal) (G1 Evacuation Pause)
[3042.653s][info][gc,task        ] GC(318) Using 8 workers of 8 for evacuation
[3042.800s][info][gc,phases      ] GC(318)   Pre Evacuate Collection Set: 0.24ms
[3042.800s][info][gc,phases      ] GC(318)   Merge Heap Roots: 0.53ms
[3042.800s][info][gc,phases      ] GC(318)   Evacuate Collection Set: 145.07ms
[3042.800s][info][gc,phases      ] GC(318)   Post Evacuate Collection Set: 1.01ms
[3042.800s][info][gc,phases      ] GC(318)   Other: 0.06ms
[3042.800s][info][gc,heap        ] GC(318) Eden regions: 571->0(572)
[3042.800s][info][gc,heap        ] GC(318) Survivor regions: 43->42(77)
[3042.800s][info][gc,heap        ] GC(318) Old regions: 140->146
[3042.800s][info][gc,heap        ] GC(318) Humongous regions: 33->33
[3042.800s][info][gc,metaspace   ] GC(318) Metaspace: 29928K(30400K)->29928K(30400K) NonClass: 24520K(24768K)->24520K(24768K) Class: 5408K(5632K)->5408K(5632K)
[3042.800s][info][gc             ] GC(318) Pause Young (Normal) (G1 Evacuation Pause) 6272M->1751M(8192M) 147.041ms
[3042.800s][info][gc,cpu         ] GC(318) User=1.16s Sys=0.00s Real=0.15s
. (rIR:aIR:PR = 4547:4546:4546) (tPR = 68006) [OK] 
  3043s: Performance info:
         Transaction,    Success,    Partial,     Failed,   Receipts, AvgBarcode, 
             Overall,     273056,          0,          0,     259398,      59.47, 
         Response times:
             Request,    Success,    Partial,     Failed,   SkipFail,     Probes,    Samples,      min,      p50,      p90,      p95,      p99,      max, 
       TotalPurchase,     259398,          0,          0,          0,     253305,     285817,      300,     3000,     5300,     6200,    30000,   176000,
     InStorePurchase,     136543,          0,          0,          0,     133819,     150818,      400,     3000,     5300,     6100,    31000,   176000,
      OnlinePurchase,      95532,          0,          0,          0,      93121,     104964,      300,     3100,     5400,     6200,    30000,   171000,
        InstPurchase,      27323,          0,          0,          0,      26365,      30035,      500,     3100,     5400,     6300,    26000,   169000,
          AssocOfCat,        270,          0,          0,          0,        209,        307,    24000,    32000,    40400,    49600,    97320,   201000,
      AssocOfProduct,       2737,          0,          0,          0,       2532,       3035,      600,     3600,     5500,     6400,    39000,   159000,
      BusinessReport,        687,          0,          0,          0,        587,        747,    25000,    36000,    47200,    55000,   127520,   210000,
          CustBuyBeh,       2733,          0,          0,          0,       2512,       3016,      200,     2300,     5100,     6000,    26830,   159000,
       ProductReturn,       7231,          0,          0,          0,       6810,       7905,      200,     3100,     5300,     6300,    30940,   169000,

  3043s: (33%)   IR =   4689 ......|.[3050.933s][info][gc,start       ] GC(319) Pause Young (Normal) (G1 Evacuation Pause)
[3050.933s][info][gc,task        ] GC(319) Using 8 workers of 8 for evacuation
[3051.081s][info][gc,phases      ] GC(319)   Pre Evacuate Collection Set: 0.26ms
[3051.081s][info][gc,phases      ] GC(319)   Merge Heap Roots: 0.59ms
[3051.081s][info][gc,phases      ] GC(319)   Evacuate Collection Set: 145.68ms
[3051.081s][info][gc,phases      ] GC(319)   Post Evacuate Collection Set: 0.99ms
[3051.081s][info][gc,phases      ] GC(319)   Other: 0.06ms
[3051.081s][info][gc,heap        ] GC(319) Eden regions: 572->0(572)
[3051.081s][info][gc,heap        ] GC(319) Survivor regions: 42->42(77)
[3051.081s][info][gc,heap        ] GC(319) Old regions: 146->153
[3051.081s][info][gc,heap        ] GC(319) Humongous regions: 33->33
[3051.081s][info][gc,metaspace   ] GC(319) Metaspace: 29928K(30400K)->29928K(30400K) NonClass: 24520K(24768K)->24520K(24768K) Class: 5408K(5632K)->5408K(5632K)
[3051.081s][info][gc             ] GC(319) Pause Young (Normal) (G1 Evacuation Pause) 6327M->1807M(8192M) 147.708ms
[3051.081s][info][gc,cpu         ] GC(319) User=1.17s Sys=0.00s Real=0.15s
........[3059.092s][info][gc,start       ] GC(320) Pause Young (Normal) (G1 Evacuation Pause)
[3059.092s][info][gc,task        ] GC(320) Using 8 workers of 8 for evacuation
[3059.244s][info][gc,phases      ] GC(320)   Pre Evacuate Collection Set: 0.29ms
[3059.244s][info][gc,phases      ] GC(320)   Merge Heap Roots: 0.61ms
[3059.244s][info][gc,phases      ] GC(320)   Evacuate Collection Set: 149.81ms
[3059.244s][info][gc,phases      ] GC(320)   Post Evacuate Collection Set: 1.00ms
[3059.244s][info][gc,phases      ] GC(320)   Other: 0.08ms
[3059.244s][info][gc,heap        ] GC(320) Eden regions: 572->0(571)
[3059.244s][info][gc,heap        ] GC(320) Survivor regions: 42->43(77)
[3059.244s][info][gc,heap        ] GC(320) Old regions: 153->160
[3059.244s][info][gc,heap        ] GC(320) Humongous regions: 33->33
[3059.244s][info][gc,metaspace   ] GC(320) Metaspace: 29928K(30400K)->29928K(30400K) NonClass: 24520K(24768K)->24520K(24768K) Class: 5408K(5632K)->5408K(5632K)
[3059.244s][info][gc             ] GC(320) Pause Young (Normal) (G1 Evacuation Pause) 6383M->1875M(8192M) 151.933ms
[3059.244s][info][gc,cpu         ] GC(320) User=1.20s Sys=0.00s Real=0.15s
........[3067.299s][info][gc,start       ] GC(321) Pause Young (Normal) (G1 Evacuation Pause)
[3067.299s][info][gc,task        ] GC(321) Using 8 workers of 8 for evacuation
[3067.449s][info][gc,phases      ] GC(321)   Pre Evacuate Collection Set: 0.25ms
[3067.449s][info][gc,phases      ] GC(321)   Merge Heap Roots: 0.52ms
[3067.449s][info][gc,phases      ] GC(321)   Evacuate Collection Set: 147.65ms
[3067.449s][info][gc,phases      ] GC(321)   Post Evacuate Collection Set: 1.02ms
[3067.449s][info][gc,phases      ] GC(321)   Other: 0.07ms
[3067.449s][info][gc,heap        ] GC(321) Eden regions: 571->0(571)
[3067.449s][info][gc,heap        ] GC(321) Survivor regions: 43->43(77)
[3067.449s][info][gc,heap        ] GC(321) Old regions: 160->167
[3067.449s][info][gc,heap        ] GC(321) Humongous regions: 33->33
[3067.449s][info][gc,metaspace   ] GC(321) Metaspace: 29928K(30400K)->29928K(30400K) NonClass: 24520K(24768K)->24520K(24768K) Class: 5408K(5632K)->5408K(5632K)
[3067.449s][info][gc             ] GC(321) Pause Young (Normal) (G1 Evacuation Pause) 6443M->1927M(8192M) 149.643ms
[3067.449s][info][gc,cpu         ] GC(321) User=1.18s Sys=0.01s Real=0.15s
........[3075.544s][info][gc,start       ] GC(322) Pause Young (Normal) (G1 Evacuation Pause)
[3075.544s][info][gc,task        ] GC(322) Using 8 workers of 8 for evacuation
[3075.690s][info][gc,phases      ] GC(322)   Pre Evacuate Collection Set: 0.24ms
[3075.690s][info][gc,phases      ] GC(322)   Merge Heap Roots: 0.53ms
[3075.690s][info][gc,phases      ] GC(322)   Evacuate Collection Set: 144.79ms
[3075.690s][info][gc,phases      ] GC(322)   Post Evacuate Collection Set: 1.00ms
[3075.690s][info][gc,phases      ] GC(322)   Other: 0.07ms
[3075.690s][info][gc,heap        ] GC(322) Eden regions: 571->0(572)
[3075.690s][info][gc,heap        ] GC(322) Survivor regions: 43->42(77)
[3075.690s][info][gc,heap        ] GC(322) Old regions: 167->174
[3075.690s][info][gc,heap        ] GC(322) Humongous regions: 33->33
[3075.690s][info][gc,metaspace   ] GC(322) Metaspace: 29928K(30400K)->29928K(30400K) NonClass: 24520K(24768K)->24520K(24768K) Class: 5408K(5632K)->5408K(5632K)
[3075.690s][info][gc             ] GC(322) Pause Young (Normal) (G1 Evacuation Pause) 6495M->1975M(8192M) 146.808ms
[3075.691s][info][gc,cpu         ] GC(322) User=1.16s Sys=0.00s Real=0.15s
........[3083.686s][info][gc,start       ] GC(323) Pause Young (Normal) (G1 Evacuation Pause)
[3083.686s][info][gc,task        ] GC(323) Using 8 workers of 8 for evacuation
[3083.833s][info][gc,phases      ] GC(323)   Pre Evacuate Collection Set: 0.25ms
[3083.833s][info][gc,phases      ] GC(323)   Merge Heap Roots: 0.50ms
[3083.833s][info][gc,phases      ] GC(323)   Evacuate Collection Set: 146.01ms
[3083.833s][info][gc,phases      ] GC(323)   Post Evacuate Collection Set: 0.97ms
[3083.833s][info][gc,phases      ] GC(323)   Other: 0.08ms
[3083.833s][info][gc,heap        ] GC(323) Eden regions: 572->0(572)
[3083.833s][info][gc,heap        ] GC(323) Survivor regions: 42->42(77)
[3083.833s][info][gc,heap        ] GC(323) Old regions: 174->181
[3083.833s][info][gc,heap        ] GC(323) Humongous regions: 33->33
[3083.833s][info][gc,metaspace   ] GC(323) Metaspace: 29928K(30400K)->29928K(30400K) NonClass: 24520K(24768K)->24520K(24768K) Class: 5408K(5632K)->5408K(5632K)
[3083.833s][info][gc             ] GC(323) Pause Young (Normal) (G1 Evacuation Pause) 6551M->2029M(8192M) 147.970ms
[3083.834s][info][gc,cpu         ] GC(323) User=1.17s Sys=0.00s Real=0.14s
.........[3091.887s][info][gc,start       ] GC(324) Pause Young (Normal) (G1 Evacuation Pause)
[3091.887s][info][gc,task        ] GC(324) Using 8 workers of 8 for evacuation
[3092.037s][info][gc,phases      ] GC(324)   Pre Evacuate Collection Set: 0.24ms
[3092.037s][info][gc,phases      ] GC(324)   Merge Heap Roots: 0.53ms
[3092.037s][info][gc,phases      ] GC(324)   Evacuate Collection Set: 148.25ms
[3092.037s][info][gc,phases      ] GC(324)   Post Evacuate Collection Set: 1.01ms
[3092.037s][info][gc,phases      ] GC(324)   Other: 0.07ms
[3092.037s][info][gc,heap        ] GC(324) Eden regions: 572->0(571)
[3092.037s][info][gc,heap        ] GC(324) Survivor regions: 42->43(77)
[3092.037s][info][gc,heap        ] GC(324) Old regions: 181->188
[3092.037s][info][gc,heap        ] GC(324) Humongous regions: 33->33
[3092.037s][info][gc,metaspace   ] GC(324) Metaspace: 29928K(30400K)->29928K(30400K) NonClass: 24520K(24768K)->24520K(24768K) Class: 5408K(5632K)->5408K(5632K)
[3092.037s][info][gc             ] GC(324) Pause Young (Normal) (G1 Evacuation Pause) 6605M->2099M(8192M) 150.217ms
[3092.037s][info][gc,cpu         ] GC(324) User=1.19s Sys=0.00s Real=0.15s
........[3100.069s][info][gc,start       ] GC(325) Pause Young (Normal) (G1 Evacuation Pause)
[3100.069s][info][gc,task        ] GC(325) Using 8 workers of 8 for evacuation
[3100.216s][info][gc,phases      ] GC(325)   Pre Evacuate Collection Set: 0.25ms
[3100.216s][info][gc,phases      ] GC(325)   Merge Heap Roots: 0.53ms
[3100.216s][info][gc,phases      ] GC(325)   Evacuate Collection Set: 144.50ms
[3100.216s][info][gc,phases      ] GC(325)   Post Evacuate Collection Set: 1.05ms
[3100.216s][info][gc,phases      ] GC(325)   Other: 0.07ms
[3100.216s][info][gc,heap        ] GC(325) Eden regions: 571->0(572)
[3100.216s][info][gc,heap        ] GC(325) Survivor regions: 43->42(77)
[3100.216s][info][gc,heap        ] GC(325) Old regions: 188->195
[3100.216s][info][gc,heap        ] GC(325) Humongous regions: 33->33
[3100.216s][info][gc,metaspace   ] GC(325) Metaspace: 29928K(30400K)->29928K(30400K) NonClass: 24520K(24768K)->24520K(24768K) Class: 5408K(5632K)->5408K(5632K)
[3100.216s][info][gc             ] GC(325) Pause Young (Normal) (G1 Evacuation Pause) 6667M->2147M(8192M) 146.540ms
[3100.216s][info][gc,cpu         ] GC(325) User=1.16s Sys=0.00s Real=0.15s
........[3108.311s][info][gc,start       ] GC(326) Pause Young (Normal) (G1 Evacuation Pause)
[3108.311s][info][gc,task        ] GC(326) Using 8 workers of 8 for evacuation
[3108.460s][info][gc,phases      ] GC(326)   Pre Evacuate Collection Set: 0.27ms
[3108.460s][info][gc,phases      ] GC(326)   Merge Heap Roots: 0.60ms
[3108.460s][info][gc,phases      ] GC(326)   Evacuate Collection Set: 146.31ms
[3108.460s][info][gc,phases      ] GC(326)   Post Evacuate Collection Set: 1.03ms
[3108.460s][info][gc,phases      ] GC(326)   Other: 0.07ms
[3108.460s][info][gc,heap        ] GC(326) Eden regions: 572->0(572)
[3108.460s][info][gc,heap        ] GC(326) Survivor regions: 42->42(77)
[3108.460s][info][gc,heap        ] GC(326) Old regions: 195->202
[3108.460s][info][gc,heap        ] GC(326) Humongous regions: 33->33
[3108.460s][info][gc,metaspace   ] GC(326) Metaspace: 29928K(30400K)->29928K(30400K) NonClass: 24520K(24768K)->24520K(24768K) Class: 5408K(5632K)->5408K(5632K)
[3108.460s][info][gc             ] GC(326) Pause Young (Normal) (G1 Evacuation Pause) 6723M->2201M(8192M) 148.404ms
[3108.460s][info][gc,cpu         ] GC(326) User=1.17s Sys=0.00s Real=0.15s
.. (rIR:aIR:PR = 4689:4688:4688) (tPR = 69356) [OK] 
  3109s: Performance info:
         Transaction,    Success,    Partial,     Failed,   Receipts, AvgBarcode, 
             Overall,     282368,          0,          0,     268260,      59.48, 
         Response times:
             Request,    Success,    Partial,     Failed,   SkipFail,     Probes,    Samples,      min,      p50,      p90,      p95,      p99,      max, 
       TotalPurchase,     268260,          0,          0,          0,     262333,     289833,      400,     3100,     5400,     6200,    32000,   231000,
     InStorePurchase,     141130,          0,          0,          0,     138345,     152414,      400,     3100,     5400,     6200,    32000,   231000,
      OnlinePurchase,      98876,          0,          0,          0,      96681,     106956,      400,     3100,     5400,     6300,    33000,   230000,
        InstPurchase,      28254,          0,          0,          0,      27307,      30463,      500,     3000,     5400,     6200,    33000,   231000,
          AssocOfCat,        281,          0,          0,          0,        202,        276,    26000,    34000,    43000,    50150,    62230,   190000,
      AssocOfProduct,       2820,          0,          0,          0,       2607,       3073,      700,     3400,     5600,     6400,    37000,   163000,
      BusinessReport,        709,          0,          0,          0,        589,        723,    27000,    36000,    50000,    55000,    91760,   216000,
          CustBuyBeh,       2826,          0,          0,          0,       2610,       3107,      200,     2400,     5000,     5900,    23000,   155000,
       ProductReturn,       7472,          0,          0,          0,       7099,       8140,      200,     3200,     5400,     6100,    34000,   159000,

  3109s: (34%)   IR =   4831 .....|.[3116.238s][info][gc,start       ] GC(327) Pause Young (Normal) (G1 Evacuation Pause)
[3116.238s][info][gc,task        ] GC(327) Using 8 workers of 8 for evacuation
[3116.387s][info][gc,phases      ] GC(327)   Pre Evacuate Collection Set: 0.30ms
[3116.387s][info][gc,phases      ] GC(327)   Merge Heap Roots: 0.65ms
[3116.387s][info][gc,phases      ] GC(327)   Evacuate Collection Set: 146.82ms
[3116.387s][info][gc,phases      ] GC(327)   Post Evacuate Collection Set: 1.00ms
[3116.387s][info][gc,phases      ] GC(327)   Other: 0.08ms
[3116.387s][info][gc,heap        ] GC(327) Eden regions: 572->0(571)
[3116.387s][info][gc,heap        ] GC(327) Survivor regions: 42->43(77)
[3116.387s][info][gc,heap        ] GC(327) Old regions: 202->209
[3116.387s][info][gc,heap        ] GC(327) Humongous regions: 33->33
[3116.387s][info][gc,metaspace   ] GC(327) Metaspace: 29928K(30400K)->29928K(30400K) NonClass: 24520K(24768K)->24520K(24768K) Class: 5408K(5632K)->5408K(5632K)
[3116.387s][info][gc             ] GC(327) Pause Young (Normal) (G1 Evacuation Pause) 6777M->2267M(8192M) 148.957ms
[3116.387s][info][gc,cpu         ] GC(327) User=1.18s Sys=0.00s Real=0.15s
........[3124.182s][info][gc,start       ] GC(328) Pause Young (Normal) (G1 Evacuation Pause)
[3124.183s][info][gc,task        ] GC(328) Using 8 workers of 8 for evacuation
[3124.333s][info][gc,phases      ] GC(328)   Pre Evacuate Collection Set: 0.26ms
[3124.333s][info][gc,phases      ] GC(328)   Merge Heap Roots: 0.49ms
[3124.333s][info][gc,phases      ] GC(328)   Evacuate Collection Set: 148.33ms
[3124.333s][info][gc,phases      ] GC(328)   Post Evacuate Collection Set: 1.00ms
[3124.333s][info][gc,phases      ] GC(328)   Other: 0.09ms
[3124.333s][info][gc,heap        ] GC(328) Eden regions: 571->0(571)
[3124.333s][info][gc,heap        ] GC(328) Survivor regions: 43->43(77)
[3124.333s][info][gc,heap        ] GC(328) Old regions: 209->216
[3124.333s][info][gc,heap        ] GC(328) Humongous regions: 33->33
[3124.333s][info][gc,metaspace   ] GC(328) Metaspace: 29928K(30400K)->29928K(30400K) NonClass: 24520K(24768K)->24520K(24768K) Class: 5408K(5632K)->5408K(5632K)
[3124.333s][info][gc             ] GC(328) Pause Young (Normal) (G1 Evacuation Pause) 6835M->2319M(8192M) 150.306ms
[3124.333s][info][gc,cpu         ] GC(328) User=1.19s Sys=0.00s Real=0.15s
........[3132.128s][info][gc,start       ] GC(329) Pause Young (Normal) (G1 Evacuation Pause)
[3132.128s][info][gc,task        ] GC(329) Using 8 workers of 8 for evacuation
[3132.276s][info][gc,phases      ] GC(329)   Pre Evacuate Collection Set: 0.24ms
[3132.276s][info][gc,phases      ] GC(329)   Merge Heap Roots: 0.54ms
[3132.276s][info][gc,phases      ] GC(329)   Evacuate Collection Set: 146.06ms
[3132.276s][info][gc,phases      ] GC(329)   Post Evacuate Collection Set: 1.04ms
[3132.276s][info][gc,phases      ] GC(329)   Other: 0.06ms
[3132.276s][info][gc,heap        ] GC(329) Eden regions: 571->0(572)
[3132.276s][info][gc,heap        ] GC(329) Survivor regions: 43->42(77)
[3132.276s][info][gc,heap        ] GC(329) Old regions: 216->223
[3132.276s][info][gc,heap        ] GC(329) Humongous regions: 33->33
[3132.276s][info][gc,metaspace   ] GC(329) Metaspace: 29928K(30400K)->29928K(30400K) NonClass: 24520K(24768K)->24520K(24768K) Class: 5408K(5632K)->5408K(5632K)
[3132.276s][info][gc             ] GC(329) Pause Young (Normal) (G1 Evacuation Pause) 6887M->2371M(8192M) 148.110ms
[3132.276s][info][gc,cpu         ] GC(329) User=1.18s Sys=0.00s Real=0.15s
........[3140.085s][info][gc,start       ] GC(330) Pause Young (Normal) (G1 Evacuation Pause)
[3140.085s][info][gc,task        ] GC(330) Using 8 workers of 8 for evacuation
[3140.240s][info][gc,phases      ] GC(330)   Pre Evacuate Collection Set: 0.26ms
[3140.240s][info][gc,phases      ] GC(330)   Merge Heap Roots: 0.61ms
[3140.240s][info][gc,phases      ] GC(330)   Evacuate Collection Set: 152.40ms
[3140.240s][info][gc,phases      ] GC(330)   Post Evacuate Collection Set: 1.02ms
[3140.240s][info][gc,phases      ] GC(330)   Other: 0.07ms
[3140.240s][info][gc,heap        ] GC(330) Eden regions: 572->0(571)
[3140.240s][info][gc,heap        ] GC(330) Survivor regions: 42->43(77)
[3140.240s][info][gc,heap        ] GC(330) Old regions: 223->230
[3140.240s][info][gc,heap        ] GC(330) Humongous regions: 33->33
[3140.240s][info][gc,metaspace   ] GC(330) Metaspace: 29928K(30400K)->29928K(30400K) NonClass: 24520K(24768K)->24520K(24768K) Class: 5408K(5632K)->5408K(5632K)
[3140.240s][info][gc             ] GC(330) Pause Young (Normal) (G1 Evacuation Pause) 6947M->2435M(8192M) 154.496ms
[3140.240s][info][gc,cpu         ] GC(330) User=1.22s Sys=0.01s Real=0.15s
........[3148.073s][info][gc,start       ] GC(331) Pause Young (Normal) (G1 Evacuation Pause)
[3148.073s][info][gc,task        ] GC(331) Using 8 workers of 8 for evacuation
[3148.221s][info][gc,phases      ] GC(331)   Pre Evacuate Collection Set: 0.26ms
[3148.221s][info][gc,phases      ] GC(331)   Merge Heap Roots: 0.50ms
[3148.221s][info][gc,phases      ] GC(331)   Evacuate Collection Set: 145.78ms
[3148.221s][info][gc,phases      ] GC(331)   Post Evacuate Collection Set: 0.99ms
[3148.221s][info][gc,phases      ] GC(331)   Other: 0.08ms
[3148.221s][info][gc,heap        ] GC(331) Eden regions: 571->0(572)
[3148.221s][info][gc,heap        ] GC(331) Survivor regions: 43->42(77)
[3148.221s][info][gc,heap        ] GC(331) Old regions: 230->238
[3148.221s][info][gc,heap        ] GC(331) Humongous regions: 33->33
[3148.221s][info][gc,metaspace   ] GC(331) Metaspace: 29928K(30400K)->29928K(30400K) NonClass: 24520K(24768K)->24520K(24768K) Class: 5408K(5632K)->5408K(5632K)
[3148.221s][info][gc             ] GC(331) Pause Young (Normal) (G1 Evacuation Pause) 7003M->2484M(8192M) 147.728ms
[3148.221s][info][gc,cpu         ] GC(331) User=1.17s Sys=0.00s Real=0.15s
........[3156.033s][info][gc,start       ] GC(332) Pause Young (Normal) (G1 Evacuation Pause)
[3156.033s][info][gc,task        ] GC(332) Using 8 workers of 8 for evacuation
[3156.181s][info][gc,phases      ] GC(332)   Pre Evacuate Collection Set: 0.25ms
[3156.181s][info][gc,phases      ] GC(332)   Merge Heap Roots: 0.61ms
[3156.181s][info][gc,phases      ] GC(332)   Evacuate Collection Set: 145.96ms
[3156.181s][info][gc,phases      ] GC(332)   Post Evacuate Collection Set: 1.03ms
[3156.181s][info][gc,phases      ] GC(332)   Other: 0.07ms
[3156.181s][info][gc,heap        ] GC(332) Eden regions: 572->0(571)
[3156.181s][info][gc,heap        ] GC(332) Survivor regions: 42->43(77)
[3156.181s][info][gc,heap        ] GC(332) Old regions: 238->244
[3156.181s][info][gc,heap        ] GC(332) Humongous regions: 33->33
[3156.181s][info][gc,metaspace   ] GC(332) Metaspace: 29928K(30400K)->29928K(30400K) NonClass: 24520K(24768K)->24520K(24768K) Class: 5408K(5632K)->5408K(5632K)
[3156.181s][info][gc             ] GC(332) Pause Young (Normal) (G1 Evacuation Pause) 7060M->2547M(8192M) 148.057ms
[3156.181s][info][gc,cpu         ] GC(332) User=1.17s Sys=0.00s Real=0.15s
.......[3163.911s][info][gc,start       ] GC(333) Pause Young (Normal) (G1 Evacuation Pause)
[3163.911s][info][gc,task        ] GC(333) Using 8 workers of 8 for evacuation
[3164.059s][info][gc,phases      ] GC(333)   Pre Evacuate Collection Set: 0.29ms
[3164.059s][info][gc,phases      ] GC(333)   Merge Heap Roots: 0.60ms
[3164.059s][info][gc,phases      ] GC(333)   Evacuate Collection Set: 145.95ms
[3164.059s][info][gc,phases      ] GC(333)   Post Evacuate Collection Set: 1.01ms
[3164.059s][info][gc,phases      ] GC(333)   Other: 0.07ms
[3164.059s][info][gc,heap        ] GC(333) Eden regions: 571->0(572)
[3164.059s][info][gc,heap        ] GC(333) Survivor regions: 43->42(77)
[3164.059s][info][gc,heap        ] GC(333) Old regions: 244->251
[3164.059s][info][gc,heap        ] GC(333) Humongous regions: 33->33
[3164.059s][info][gc,metaspace   ] GC(333) Metaspace: 29928K(30400K)->29928K(30400K) NonClass: 24520K(24768K)->24520K(24768K) Class: 5408K(5632K)->5408K(5632K)
[3164.059s][info][gc             ] GC(333) Pause Young (Normal) (G1 Evacuation Pause) 7115M->2591M(8192M) 148.047ms
[3164.059s][info][gc,cpu         ] GC(333) User=1.18s Sys=0.00s Real=0.15s
........[3171.895s][info][gc,start       ] GC(334) Pause Young (Normal) (G1 Evacuation Pause)
[3171.895s][info][gc,task        ] GC(334) Using 8 workers of 8 for evacuation
[3172.042s][info][gc,phases      ] GC(334)   Pre Evacuate Collection Set: 0.26ms
[3172.042s][info][gc,phases      ] GC(334)   Merge Heap Roots: 0.54ms
[3172.042s][info][gc,phases      ] GC(334)   Evacuate Collection Set: 145.25ms
[3172.042s][info][gc,phases      ] GC(334)   Post Evacuate Collection Set: 1.03ms
[3172.042s][info][gc,phases      ] GC(334)   Other: 0.06ms
[3172.042s][info][gc,heap        ] GC(334) Eden regions: 572->0(572)
[3172.042s][info][gc,heap        ] GC(334) Survivor regions: 42->42(77)
[3172.042s][info][gc,heap        ] GC(334) Old regions: 251->258
[3172.042s][info][gc,heap        ] GC(334) Humongous regions: 33->33
[3172.042s][info][gc,metaspace   ] GC(334) Metaspace: 29928K(30400K)->29928K(30400K) NonClass: 24520K(24768K)->24520K(24768K) Class: 5408K(5632K)->5408K(5632K)
[3172.042s][info][gc             ] GC(334) Pause Young (Normal) (G1 Evacuation Pause) 7167M->2651M(8192M) 147.279ms
[3172.042s][info][gc,cpu         ] GC(334) User=1.17s Sys=0.00s Real=0.14s
.... (rIR:aIR:PR = 4831:4828:4828) (tPR = 72067) [OK] 
  3174s: Performance info:
         Transaction,    Success,    Partial,     Failed,   Receipts, AvgBarcode, 
             Overall,     290517,          0,          0,     275966,      59.47, 
         Response times:
             Request,    Success,    Partial,     Failed,   SkipFail,     Probes,    Samples,      min,      p50,      p90,      p95,      p99,      max, 
       TotalPurchase,     275966,          0,          0,          0,     270755,     294084,      300,     3200,     5600,     6400,    28000,   195000,
     InStorePurchase,     145186,          0,          0,          0,     142630,     154505,      400,     3200,     5500,     6370,    29000,   195000,
      OnlinePurchase,     101693,          0,          0,          0,     100097,     108964,      300,     3100,     5600,     6400,    28000,   195000,
        InstPurchase,      29087,          0,          0,          0,      28028,      30615,      500,     3200,     5600,     6400,    27000,   195000,
          AssocOfCat,        293,          0,          0,          0,        226,        303,    22000,    34000,    42000,    48000,   116640,   207000,
      AssocOfProduct,       2923,          0,          0,          0,       2691,       3073,      600,     3600,     5700,     6400,    33000,   150000,
      BusinessReport,        729,          0,          0,          0,        627,        755,    26000,    37000,    49000,    54000,   107200,   211000,
          CustBuyBeh,       2904,          0,          0,          0,       2738,       3188,      300,     2700,     5300,     6200,    24000,   155000,
       ProductReturn,       7701,          0,          0,          0,       7431,       8375,      200,     3500,     5500,     6300,    29000,   194000,

  3174s: (35%)   IR =   4973 ....[3179.733s][info][gc,start       ] GC(335) Pause Young (Normal) (G1 Evacuation Pause)
[3179.733s][info][gc,task        ] GC(335) Using 8 workers of 8 for evacuation
[3179.883s][info][gc,phases      ] GC(335)   Pre Evacuate Collection Set: 0.27ms
[3179.883s][info][gc,phases      ] GC(335)   Merge Heap Roots: 0.57ms
[3179.883s][info][gc,phases      ] GC(335)   Evacuate Collection Set: 148.11ms
[3179.883s][info][gc,phases      ] GC(335)   Post Evacuate Collection Set: 1.03ms
[3179.883s][info][gc,phases      ] GC(335)   Other: 0.07ms
[3179.883s][info][gc,heap        ] GC(335) Eden regions: 572->0(571)
[3179.883s][info][gc,heap        ] GC(335) Survivor regions: 42->43(77)
[3179.883s][info][gc,heap        ] GC(335) Old regions: 258->265
[3179.883s][info][gc,heap        ] GC(335) Humongous regions: 33->33
[3179.883s][info][gc,metaspace   ] GC(335) Metaspace: 29928K(30400K)->29928K(30400K) NonClass: 24520K(24768K)->24520K(24768K) Class: 5408K(5632K)->5408K(5632K)
[3179.883s][info][gc             ] GC(335) Pause Young (Normal) (G1 Evacuation Pause) 7227M->2711M(8192M) 150.170ms
[3179.883s][info][gc,cpu         ] GC(335) User=1.19s Sys=0.00s Real=0.15s
.|.......[3187.476s][info][gc,start       ] GC(336) Pause Young (Normal) (G1 Evacuation Pause)
[3187.476s][info][gc,task        ] GC(336) Using 8 workers of 8 for evacuation
[3187.623s][info][gc,phases      ] GC(336)   Pre Evacuate Collection Set: 0.25ms
[3187.623s][info][gc,phases      ] GC(336)   Merge Heap Roots: 0.62ms
[3187.623s][info][gc,phases      ] GC(336)   Evacuate Collection Set: 145.11ms
[3187.623s][info][gc,phases      ] GC(336)   Post Evacuate Collection Set: 1.05ms
[3187.623s][info][gc,phases      ] GC(336)   Other: 0.06ms
[3187.623s][info][gc,heap        ] GC(336) Eden regions: 571->0(572)
[3187.623s][info][gc,heap        ] GC(336) Survivor regions: 43->42(77)
[3187.623s][info][gc,heap        ] GC(336) Old regions: 265->272
[3187.623s][info][gc,heap        ] GC(336) Humongous regions: 33->33
[3187.623s][info][gc,metaspace   ] GC(336) Metaspace: 29928K(30400K)->29928K(30400K) NonClass: 24520K(24768K)->24520K(24768K) Class: 5408K(5632K)->5408K(5632K)
[3187.623s][info][gc             ] GC(336) Pause Young (Normal) (G1 Evacuation Pause) 7279M->2759M(8192M) 147.224ms
[3187.623s][info][gc,cpu         ] GC(336) User=1.16s Sys=0.00s Real=0.14s
........[3195.258s][info][gc,start       ] GC(337) Pause Young (Normal) (G1 Evacuation Pause)
[3195.258s][info][gc,task        ] GC(337) Using 8 workers of 8 for evacuation
[3195.406s][info][gc,phases      ] GC(337)   Pre Evacuate Collection Set: 0.26ms
[3195.406s][info][gc,phases      ] GC(337)   Merge Heap Roots: 0.53ms
[3195.406s][info][gc,phases      ] GC(337)   Evacuate Collection Set: 146.08ms
[3195.406s][info][gc,phases      ] GC(337)   Post Evacuate Collection Set: 1.03ms
[3195.406s][info][gc,phases      ] GC(337)   Other: 0.07ms
[3195.406s][info][gc,heap        ] GC(337) Eden regions: 572->0(571)
[3195.406s][info][gc,heap        ] GC(337) Survivor regions: 42->43(77)
[3195.406s][info][gc,heap        ] GC(337) Old regions: 272->279
[3195.406s][info][gc,heap        ] GC(337) Humongous regions: 33->33
[3195.406s][info][gc,metaspace   ] GC(337) Metaspace: 29928K(30400K)->29928K(30400K) NonClass: 24520K(24768K)->24520K(24768K) Class: 5408K(5632K)->5408K(5632K)
[3195.406s][info][gc             ] GC(337) Pause Young (Normal) (G1 Evacuation Pause) 7335M->2823M(8192M) 148.097ms
[3195.406s][info][gc,cpu         ] GC(337) User=1.17s Sys=0.00s Real=0.15s
.......[3202.991s][info][gc,start       ] GC(338) Pause Young (Normal) (G1 Evacuation Pause)
[3202.991s][info][gc,task        ] GC(338) Using 8 workers of 8 for evacuation
[3203.140s][info][gc,phases      ] GC(338)   Pre Evacuate Collection Set: 0.27ms
[3203.140s][info][gc,phases      ] GC(338)   Merge Heap Roots: 0.63ms
[3203.140s][info][gc,phases      ] GC(338)   Evacuate Collection Set: 146.67ms
[3203.140s][info][gc,phases      ] GC(338)   Post Evacuate Collection Set: 1.05ms
[3203.140s][info][gc,phases      ] GC(338)   Other: 0.06ms
[3203.140s][info][gc,heap        ] GC(338) Eden regions: 571->0(567)
[3203.140s][info][gc,heap        ] GC(338) Survivor regions: 43->43(77)
[3203.140s][info][gc,heap        ] GC(338) Old regions: 279->286
[3203.140s][info][gc,heap        ] GC(338) Humongous regions: 33->33
[3203.140s][info][gc,metaspace   ] GC(338) Metaspace: 29928K(30400K)->29928K(30400K) NonClass: 24520K(24768K)->24520K(24768K) Class: 5408K(5632K)->5408K(5632K)
[3203.140s][info][gc             ] GC(338) Pause Young (Normal) (G1 Evacuation Pause) 7391M->2883M(8192M) 148.853ms
[3203.140s][info][gc,cpu         ] GC(338) User=1.17s Sys=0.00s Real=0.15s
........[3210.634s][info][gc,start       ] GC(339) Pause Young (Normal) (G1 Evacuation Pause)
[3210.634s][info][gc,task        ] GC(339) Using 8 workers of 8 for evacuation
[3210.781s][info][gc,phases      ] GC(339)   Pre Evacuate Collection Set: 0.23ms
[3210.781s][info][gc,phases      ] GC(339)   Merge Heap Roots: 0.56ms
[3210.781s][info][gc,phases      ] GC(339)   Evacuate Collection Set: 145.23ms
[3210.781s][info][gc,phases      ] GC(339)   Post Evacuate Collection Set: 1.01ms
[3210.781s][info][gc,phases      ] GC(339)   Other: 0.07ms
[3210.781s][info][gc,heap        ] GC(339) Eden regions: 567->0(563)
[3210.781s][info][gc,heap        ] GC(339) Survivor regions: 43->41(77)
[3210.781s][info][gc,heap        ] GC(339) Old regions: 286->294
[3210.781s][info][gc,heap        ] GC(339) Humongous regions: 33->33
[3210.781s][info][gc,metaspace   ] GC(339) Metaspace: 29928K(30400K)->29928K(30400K) NonClass: 24520K(24768K)->24520K(24768K) Class: 5408K(5632K)->5408K(5632K)
[3210.781s][info][gc             ] GC(339) Pause Young (Normal) (G1 Evacuation Pause) 7419M->2924M(8192M) 147.225ms
[3210.781s][info][gc,cpu         ] GC(339) User=1.16s Sys=0.00s Real=0.15s
.......[3218.148s][info][gc,start       ] GC(340) Pause Young (Normal) (G1 Evacuation Pause)
[3218.148s][info][gc,task        ] GC(340) Using 8 workers of 8 for evacuation
[3218.296s][info][gc,phases      ] GC(340)   Pre Evacuate Collection Set: 0.32ms
[3218.297s][info][gc,phases      ] GC(340)   Merge Heap Roots: 0.60ms
[3218.297s][info][gc,phases      ] GC(340)   Evacuate Collection Set: 146.73ms
[3218.297s][info][gc,phases      ] GC(340)   Post Evacuate Collection Set: 1.01ms
[3218.297s][info][gc,phases      ] GC(340)   Other: 0.07ms
[3218.297s][info][gc,heap        ] GC(340) Eden regions: 563->0(554)
[3218.297s][info][gc,heap        ] GC(340) Survivor regions: 41->42(76)
[3218.297s][info][gc,heap        ] GC(340) Old regions: 294->301
[3218.297s][info][gc,heap        ] GC(340) Humongous regions: 33->33
[3218.297s][info][gc,metaspace   ] GC(340) Metaspace: 29928K(30400K)->29928K(30400K) NonClass: 24520K(24768K)->24520K(24768K) Class: 5408K(5632K)->5408K(5632K)
[3218.297s][info][gc             ] GC(340) Pause Young (Normal) (G1 Evacuation Pause) 7428M->2991M(8192M) 148.892ms
[3218.297s][info][gc,cpu         ] GC(340) User=1.18s Sys=0.00s Real=0.15s
........[3225.771s][info][gc,start       ] GC(341) Pause Young (Normal) (G1 Evacuation Pause)
[3225.772s][info][gc,task        ] GC(341) Using 8 workers of 8 for evacuation
[3225.923s][info][gc,phases      ] GC(341)   Pre Evacuate Collection Set: 0.26ms
[3225.923s][info][gc,phases      ] GC(341)   Merge Heap Roots: 0.63ms
[3225.923s][info][gc,phases      ] GC(341)   Evacuate Collection Set: 149.48ms
[3225.923s][info][gc,phases      ] GC(341)   Post Evacuate Collection Set: 1.00ms
[3225.923s][info][gc,phases      ] GC(341)   Other: 0.07ms
[3225.923s][info][gc,heap        ] GC(341) Eden regions: 554->0(545)
[3225.923s][info][gc,heap        ] GC(341) Survivor regions: 42->43(75)
[3225.923s][info][gc,heap        ] GC(341) Old regions: 301->308
[3225.923s][info][gc,heap        ] GC(341) Humongous regions: 33->33
[3225.923s][info][gc,metaspace   ] GC(341) Metaspace: 29928K(30400K)->29928K(30400K) NonClass: 24520K(24768K)->24520K(24768K) Class: 5408K(5632K)->5408K(5632K)
[3225.923s][info][gc             ] GC(341) Pause Young (Normal) (G1 Evacuation Pause) 7423M->3059M(8192M) 151.588ms
[3225.923s][info][gc,cpu         ] GC(341) User=1.20s Sys=0.00s Real=0.15s
.......[3233.035s][info][gc,start       ] GC(342) Pause Young (Normal) (G1 Evacuation Pause)
[3233.035s][info][gc,task        ] GC(342) Using 8 workers of 8 for evacuation
[3233.181s][info][gc,phases      ] GC(342)   Pre Evacuate Collection Set: 0.26ms
[3233.181s][info][gc,phases      ] GC(342)   Merge Heap Roots: 0.57ms
[3233.181s][info][gc,phases      ] GC(342)   Evacuate Collection Set: 143.42ms
[3233.181s][info][gc,phases      ] GC(342)   Post Evacuate Collection Set: 0.96ms
[3233.181s][info][gc,phases      ] GC(342)   Other: 0.06ms
[3233.181s][info][gc,heap        ] GC(342) Eden regions: 545->0(541)
[3233.181s][info][gc,heap        ] GC(342) Survivor regions: 43->41(74)
[3233.181s][info][gc,heap        ] GC(342) Old regions: 308->316
[3233.181s][info][gc,heap        ] GC(342) Humongous regions: 33->33
[3233.181s][info][gc,metaspace   ] GC(342) Metaspace: 29928K(30400K)->29928K(30400K) NonClass: 24520K(24768K)->24520K(24768K) Class: 5408K(5632K)->5408K(5632K)
[3233.181s][info][gc             ] GC(342) Pause Young (Normal) (G1 Evacuation Pause) 7419M->3102M(8192M) 145.400ms
[3233.181s][info][gc,cpu         ] GC(342) User=1.15s Sys=0.00s Real=0.14s
........[3240.334s][info][gc,start       ] GC(343) Pause Young (Normal) (G1 Evacuation Pause)
[3240.334s][info][gc,task        ] GC(343) Using 8 workers of 8 for evacuation
[3240.481s][info][gc,phases      ] GC(343)   Pre Evacuate Collection Set: 0.24ms
[3240.481s][info][gc,phases      ] GC(343)   Merge Heap Roots: 0.51ms
[3240.481s][info][gc,phases      ] GC(343)   Evacuate Collection Set: 145.23ms
[3240.481s][info][gc,phases      ] GC(343)   Post Evacuate Collection Set: 0.96ms
[3240.481s][info][gc,phases      ] GC(343)   Other: 0.07ms
[3240.481s][info][gc,heap        ] GC(343) Eden regions: 541->0(534)
[3240.481s][info][gc,heap        ] GC(343) Survivor regions: 41->41(73)
[3240.481s][info][gc,heap        ] GC(343) Old regions: 316->323
[3240.481s][info][gc,heap        ] GC(343) Humongous regions: 33->33
[3240.481s][info][gc,metaspace   ] GC(343) Metaspace: 29928K(30400K)->29928K(30400K) NonClass: 24520K(24768K)->24520K(24768K) Class: 5408K(5632K)->5408K(5632K)
[3240.481s][info][gc             ] GC(343) Pause Young (Normal) (G1 Evacuation Pause) 7430M->3162M(8192M) 147.132ms
[3240.481s][info][gc,cpu         ] GC(343) User=1.17s Sys=0.00s Real=0.15s
 (rIR:aIR:PR = 4973:4973:4973) (tPR = 74014) [OK] 
  3240s: Performance info:
         Transaction,    Success,    Partial,     Failed,   Receipts, AvgBarcode, 
             Overall,     299275,          0,          0,     284310,      59.48, 
         Response times:
             Request,    Success,    Partial,     Failed,   SkipFail,     Probes,    Samples,      min,      p50,      p90,      p95,      p99,      max, 
       TotalPurchase,     284310,          0,          0,          0,     277962,     302951,      300,     3300,     5700,     6500,    28000,   166000,
     InStorePurchase,     149640,          0,          0,          0,     146841,     159789,      400,     3300,     5700,     6500,    28000,   165000,
      OnlinePurchase,     104759,          0,          0,          0,     102261,     111475,      300,     3300,     5700,     6500,    28000,   166000,
        InstPurchase,      29911,          0,          0,          0,      28860,      31687,      500,     3200,     5700,     6500,    31000,   159000,
          AssocOfCat,        298,          0,          0,          0,        241,        329,    25000,    35000,    43000,    46000,    50000,    52000,
      AssocOfProduct,       2998,          0,          0,          0,       2767,       3205,      700,     3200,     6100,     7000,    19594,   153000,
      BusinessReport,        743,          0,          0,          0,        636,        814,    27000,    37000,    49000,    55000,   108950,   206000,
          CustBuyBeh,       2995,          0,          0,          0,       2732,       3125,      200,     3100,     5500,     6300,    26000,   156000,
       ProductReturn,       7931,          0,          0,          0,       7454,       8315,      200,     2700,     5500,     6200,    24000,   156000,

  3240s: (36%)   IR =   5116 ....|..[3247.431s][info][gc,start       ] GC(344) Pause Young (Normal) (G1 Evacuation Pause)
[3247.431s][info][gc,task        ] GC(344) Using 8 workers of 8 for evacuation
[3247.575s][info][gc,phases      ] GC(344)   Pre Evacuate Collection Set: 0.25ms
[3247.575s][info][gc,phases      ] GC(344)   Merge Heap Roots: 0.56ms
[3247.575s][info][gc,phases      ] GC(344)   Evacuate Collection Set: 141.69ms
[3247.575s][info][gc,phases      ] GC(344)   Post Evacuate Collection Set: 1.00ms
[3247.575s][info][gc,phases      ] GC(344)   Other: 0.06ms
[3247.575s][info][gc,heap        ] GC(344) Eden regions: 534->0(528)
[3247.575s][info][gc,heap        ] GC(344) Survivor regions: 41->40(72)
[3247.575s][info][gc,heap        ] GC(344) Old regions: 323->331
[3247.575s][info][gc,heap        ] GC(344) Humongous regions: 33->33
[3247.575s][info][gc,metaspace   ] GC(344) Metaspace: 29928K(30400K)->29928K(30400K) NonClass: 24520K(24768K)->24520K(24768K) Class: 5408K(5632K)->5408K(5632K)
[3247.575s][info][gc             ] GC(344) Pause Young (Normal) (G1 Evacuation Pause) 7434M->3214M(8192M) 143.691ms
[3247.575s][info][gc,cpu         ] GC(344) User=1.14s Sys=0.00s Real=0.15s
.......[3254.261s][info][gc,start       ] GC(345) Pause Young (Concurrent Start) (G1 Evacuation Pause)
[3254.261s][info][gc,task        ] GC(345) Using 8 workers of 8 for evacuation
[3254.405s][info][gc,phases      ] GC(345)   Pre Evacuate Collection Set: 0.35ms
[3254.405s][info][gc,phases      ] GC(345)   Merge Heap Roots: 0.57ms
[3254.405s][info][gc,phases      ] GC(345)   Evacuate Collection Set: 142.68ms
[3254.405s][info][gc,phases      ] GC(345)   Post Evacuate Collection Set: 0.94ms
[3254.405s][info][gc,phases      ] GC(345)   Other: 0.12ms
[3254.405s][info][gc,heap        ] GC(345) Eden regions: 528->0(519)
[3254.405s][info][gc,heap        ] GC(345) Survivor regions: 40->41(71)
[3254.405s][info][gc,heap        ] GC(345) Old regions: 331->338
[3254.405s][info][gc,heap        ] GC(345) Humongous regions: 33->33
[3254.405s][info][gc,metaspace   ] GC(345) Metaspace: 29928K(30400K)->29928K(30400K) NonClass: 24520K(24768K)->24520K(24768K) Class: 5408K(5632K)->5408K(5632K)
[3254.405s][info][gc             ] GC(345) Pause Young (Concurrent Start) (G1 Evacuation Pause) 7438M->3276M(8192M) 144.799ms
[3254.405s][info][gc             ] GC(346) Concurrent Mark Cycle
[3254.405s][info][gc,marking     ] GC(346) Concurrent Scan Root Regions
[3254.405s][info][gc,cpu         ] GC(345) User=1.14s Sys=0.00s Real=0.15s
.[3254.605s][info][gc,marking     ] GC(346) Concurrent Scan Root Regions 199.759ms
[3254.605s][info][gc,marking     ] GC(346) Concurrent Mark
[3254.605s][info][gc,marking     ] GC(346) Concurrent Mark From Roots
[3254.605s][info][gc,task        ] GC(346) Using 2 workers of 2 for marking
[3255.215s][info][gc,marking     ] GC(346) Concurrent Mark From Roots 610.043ms
[3255.215s][info][gc,marking     ] GC(346) Concurrent Preclean
[3255.215s][info][gc,marking     ] GC(346) Concurrent Preclean 0.095ms
[3255.216s][info][gc,start       ] GC(346) Pause Remark
[3255.217s][info][gc             ] GC(346) Pause Remark 3820M->3060M(8192M) 1.658ms
[3255.217s][info][gc,cpu         ] GC(346) User=0.00s Sys=0.00s Real=0.00s
[3255.217s][info][gc,marking     ] GC(346) Concurrent Mark 612.059ms
[3255.217s][info][gc,marking     ] GC(346) Concurrent Rebuild Remembered Sets and Scrub Regions
.[3255.599s][info][gc,marking     ] GC(346) Concurrent Rebuild Remembered Sets and Scrub Regions 382.016ms
[3255.600s][info][gc,start       ] GC(346) Pause Cleanup
[3255.600s][info][gc             ] GC(346) Pause Cleanup 3312M->3312M(8192M) 0.274ms
[3255.600s][info][gc,cpu         ] GC(346) User=0.00s Sys=0.00s Real=0.00s
[3255.600s][info][gc,marking     ] GC(346) Concurrent Clear Claimed Marks
[3255.600s][info][gc,marking     ] GC(346) Concurrent Clear Claimed Marks 0.048ms
[3255.600s][info][gc,marking     ] GC(346) Concurrent Cleanup for Next Mark
[3255.608s][info][gc,marking     ] GC(346) Concurrent Cleanup for Next Mark 7.736ms
[3255.608s][info][gc             ] GC(346) Concurrent Mark Cycle 1202.282ms
.....[3261.209s][info][gc,start       ] GC(347) Pause Young (Prepare Mixed) (G1 Evacuation Pause)
[3261.209s][info][gc,task        ] GC(347) Using 8 workers of 8 for evacuation
[3261.358s][info][gc,phases      ] GC(347)   Pre Evacuate Collection Set: 0.28ms
[3261.358s][info][gc,phases      ] GC(347)   Merge Heap Roots: 0.71ms
[3261.358s][info][gc,phases      ] GC(347)   Evacuate Collection Set: 146.36ms
[3261.358s][info][gc,phases      ] GC(347)   Post Evacuate Collection Set: 1.06ms
[3261.358s][info][gc,phases      ] GC(347)   Other: 0.07ms
[3261.358s][info][gc,heap        ] GC(347) Eden regions: 519->0(572)
[3261.358s][info][gc,heap        ] GC(347) Survivor regions: 41->42(70)
[3261.358s][info][gc,heap        ] GC(347) Old regions: 243->251
[3261.358s][info][gc,heap        ] GC(347) Humongous regions: 33->33
[3261.358s][info][gc,metaspace   ] GC(347) Metaspace: 29928K(30400K)->29928K(30400K) NonClass: 24520K(24768K)->24520K(24768K) Class: 5408K(5632K)->5408K(5632K)
[3261.358s][info][gc             ] GC(347) Pause Young (Prepare Mixed) (G1 Evacuation Pause) 6668M->2586M(8192M) 148.628ms
[3261.358s][info][gc,cpu         ] GC(347) User=1.17s Sys=0.00s Real=0.15s
........[3268.648s][info][gc,start       ] GC(348) Pause Young (Mixed) (G1 Evacuation Pause)
[3268.648s][info][gc,task        ] GC(348) Using 8 workers of 8 for evacuation
[3268.799s][info][gc,phases      ] GC(348)   Pre Evacuate Collection Set: 0.29ms
[3268.799s][info][gc,phases      ] GC(348)   Merge Heap Roots: 0.89ms
[3268.799s][info][gc,phases      ] GC(348)   Evacuate Collection Set: 148.87ms
[3268.799s][info][gc,phases      ] GC(348)   Post Evacuate Collection Set: 1.25ms
[3268.799s][info][gc,phases      ] GC(348)   Other: 0.08ms
[3268.799s][info][gc,heap        ] GC(348) Eden regions: 572->0(572)
[3268.799s][info][gc,heap        ] GC(348) Survivor regions: 42->42(77)
[3268.799s][info][gc,heap        ] GC(348) Old regions: 251->156
[3268.799s][info][gc,heap        ] GC(348) Humongous regions: 33->33
[3268.799s][info][gc,metaspace   ] GC(348) Metaspace: 29928K(30400K)->29928K(30400K) NonClass: 24520K(24768K)->24520K(24768K) Class: 5408K(5632K)->5408K(5632K)
[3268.799s][info][gc             ] GC(348) Pause Young (Mixed) (G1 Evacuation Pause) 7162M->1826M(8192M) 151.495ms
[3268.799s][info][gc,cpu         ] GC(348) User=1.20s Sys=0.00s Real=0.15s
.......[3276.229s][info][gc,start       ] GC(349) Pause Young (Mixed) (G1 Evacuation Pause)
[3276.229s][info][gc,task        ] GC(349) Using 8 workers of 8 for evacuation
[3276.384s][info][gc,phases      ] GC(349)   Pre Evacuate Collection Set: 0.32ms
[3276.384s][info][gc,phases      ] GC(349)   Merge Heap Roots: 0.80ms
[3276.384s][info][gc,phases      ] GC(349)   Evacuate Collection Set: 152.97ms
[3276.384s][info][gc,phases      ] GC(349)   Post Evacuate Collection Set: 1.04ms
[3276.384s][info][gc,phases      ] GC(349)   Other: 0.07ms
[3276.384s][info][gc,heap        ] GC(349) Eden regions: 572->0(571)
[3276.384s][info][gc,heap        ] GC(349) Survivor regions: 42->43(77)
[3276.384s][info][gc,heap        ] GC(349) Old regions: 156->143
[3276.384s][info][gc,heap        ] GC(349) Humongous regions: 33->33
[3276.384s][info][gc,metaspace   ] GC(349) Metaspace: 29928K(30400K)->29928K(30400K) NonClass: 24520K(24768K)->24520K(24768K) Class: 5408K(5632K)->5408K(5632K)
[3276.384s][info][gc             ] GC(349) Pause Young (Mixed) (G1 Evacuation Pause) 6402M->1732M(8192M) 155.346ms
[3276.384s][info][gc,cpu         ] GC(349) User=1.23s Sys=0.00s Real=0.15s
........[3283.697s][info][gc,start       ] GC(350) Pause Young (Normal) (G1 Evacuation Pause)
[3283.697s][info][gc,task        ] GC(350) Using 8 workers of 8 for evacuation
[3283.843s][info][gc,phases      ] GC(350)   Pre Evacuate Collection Set: 0.26ms
[3283.843s][info][gc,phases      ] GC(350)   Merge Heap Roots: 0.57ms
[3283.843s][info][gc,phases      ] GC(350)   Evacuate Collection Set: 144.35ms
[3283.843s][info][gc,phases      ] GC(350)   Post Evacuate Collection Set: 1.02ms
[3283.843s][info][gc,phases      ] GC(350)   Other: 0.06ms
[3283.843s][info][gc,heap        ] GC(350) Eden regions: 571->0(571)
[3283.843s][info][gc,heap        ] GC(350) Survivor regions: 43->43(77)
[3283.843s][info][gc,heap        ] GC(350) Old regions: 143->149
[3283.843s][info][gc,heap        ] GC(350) Humongous regions: 33->33
[3283.843s][info][gc,metaspace   ] GC(350) Metaspace: 29928K(30400K)->29928K(30400K) NonClass: 24520K(24768K)->24520K(24768K) Class: 5408K(5632K)->5408K(5632K)
[3283.844s][info][gc             ] GC(350) Pause Young (Normal) (G1 Evacuation Pause) 6300M->1787M(8192M) 146.425ms
[3283.844s][info][gc,cpu         ] GC(350) User=1.15s Sys=0.01s Real=0.14s
.......[3291.175s][info][gc,start       ] GC(351) Pause Young (Normal) (G1 Evacuation Pause)
[3291.175s][info][gc,task        ] GC(351) Using 8 workers of 8 for evacuation
[3291.322s][info][gc,phases      ] GC(351)   Pre Evacuate Collection Set: 0.23ms
[3291.322s][info][gc,phases      ] GC(351)   Merge Heap Roots: 0.49ms
[3291.322s][info][gc,phases      ] GC(351)   Evacuate Collection Set: 145.76ms
[3291.322s][info][gc,phases      ] GC(351)   Post Evacuate Collection Set: 1.01ms
[3291.322s][info][gc,phases      ] GC(351)   Other: 0.06ms
[3291.322s][info][gc,heap        ] GC(351) Eden regions: 571->0(572)
[3291.322s][info][gc,heap        ] GC(351) Survivor regions: 43->42(77)
[3291.322s][info][gc,heap        ] GC(351) Old regions: 149->156
[3291.322s][info][gc,heap        ] GC(351) Humongous regions: 33->33
[3291.322s][info][gc,metaspace   ] GC(351) Metaspace: 29928K(30400K)->29928K(30400K) NonClass: 24520K(24768K)->24520K(24768K) Class: 5408K(5632K)->5408K(5632K)
[3291.323s][info][gc             ] GC(351) Pause Young (Normal) (G1 Evacuation Pause) 6355M->1831M(8192M) 147.700ms
[3291.323s][info][gc,cpu         ] GC(351) User=1.17s Sys=0.01s Real=0.14s
........[3298.674s][info][gc,start       ] GC(352) Pause Young (Normal) (G1 Evacuation Pause)
[3298.674s][info][gc,task        ] GC(352) Using 8 workers of 8 for evacuation
[3298.820s][info][gc,phases      ] GC(352)   Pre Evacuate Collection Set: 0.23ms
[3298.820s][info][gc,phases      ] GC(352)   Merge Heap Roots: 0.51ms
[3298.820s][info][gc,phases      ] GC(352)   Evacuate Collection Set: 144.40ms
[3298.820s][info][gc,phases      ] GC(352)   Post Evacuate Collection Set: 1.00ms
[3298.820s][info][gc,phases      ] GC(352)   Other: 0.08ms
[3298.820s][info][gc,heap        ] GC(352) Eden regions: 572->0(573)
[3298.820s][info][gc,heap        ] GC(352) Survivor regions: 42->41(77)
[3298.820s][info][gc,heap        ] GC(352) Old regions: 156->163
[3298.820s][info][gc,heap        ] GC(352) Humongous regions: 33->33
[3298.820s][info][gc,metaspace   ] GC(352) Metaspace: 29928K(30400K)->29928K(30400K) NonClass: 24520K(24768K)->24520K(24768K) Class: 5408K(5632K)->5408K(5632K)
[3298.820s][info][gc             ] GC(352) Pause Young (Normal) (G1 Evacuation Pause) 6407M->1883M(8192M) 146.345ms
[3298.820s][info][gc,cpu         ] GC(352) User=1.16s Sys=0.00s Real=0.15s
...... (rIR:aIR:PR = 5116:5115:5115) (tPR = 76151) [OK] 
  3304s: Performance info:
         Transaction,    Success,    Partial,     Failed,   Receipts, AvgBarcode, 
             Overall,     307272,          0,          0,     291889,      59.48, 
         Response times:
             Request,    Success,    Partial,     Failed,   SkipFail,     Probes,    Samples,      min,      p50,      p90,      p95,      p99,      max, 
       TotalPurchase,     291889,          0,          0,          0,     286959,     306587,      300,     3400,     6000,     7100,    39000,   204000,
     InStorePurchase,     153635,          0,          0,          0,     151680,     161719,      300,     3300,     6000,     7000,    39000,   204000,
      OnlinePurchase,     107547,          0,          0,          0,     105584,     112774,      300,     3400,     6000,     7100,    40000,   204000,
        InstPurchase,      30707,          0,          0,          0,      29695,      32094,      400,     3600,     6100,     7100,    40000,   203000,
          AssocOfCat,        309,          0,          0,          0,        230,        301,    23000,    35000,    45000,    49900,   152620,   195000,
      AssocOfProduct,       3083,          0,          0,          0,       2797,       3155,      700,     3900,     6200,     7000,    43000,   164000,
      BusinessReport,        766,          0,          0,          0,        666,        804,    27000,    38000,    52500,    57000,   100850,   218000,
          CustBuyBeh,       3078,          0,          0,          0,       2894,       3300,      200,     3800,     6200,     7495,    33000,   159000,
       ProductReturn,       8147,          0,          0,          0,       7762,       8554,      200,     3200,     5900,     6900,    38000,   164000,

  3304s: (37%)   IR =   5258 .[3306.249s][info][gc,start       ] GC(353) Pause Young (Normal) (G1 Evacuation Pause)
[3306.249s][info][gc,task        ] GC(353) Using 8 workers of 8 for evacuation
[3306.400s][info][gc,phases      ] GC(353)   Pre Evacuate Collection Set: 0.25ms
[3306.400s][info][gc,phases      ] GC(353)   Merge Heap Roots: 0.62ms
[3306.400s][info][gc,phases      ] GC(353)   Evacuate Collection Set: 149.59ms
[3306.400s][info][gc,phases      ] GC(353)   Post Evacuate Collection Set: 1.01ms
[3306.400s][info][gc,phases      ] GC(353)   Other: 0.06ms
[3306.400s][info][gc,heap        ] GC(353) Eden regions: 573->0(571)
[3306.400s][info][gc,heap        ] GC(353) Survivor regions: 41->43(77)
[3306.400s][info][gc,heap        ] GC(353) Old regions: 163->170
[3306.400s][info][gc,heap        ] GC(353) Humongous regions: 33->33
[3306.400s][info][gc,metaspace   ] GC(353) Metaspace: 29928K(30400K)->29928K(30400K) NonClass: 24520K(24768K)->24520K(24768K) Class: 5408K(5632K)->5408K(5632K)
[3306.401s][info][gc             ] GC(353) Pause Young (Normal) (G1 Evacuation Pause) 6467M->1949M(8192M) 151.662ms
[3306.401s][info][gc,cpu         ] GC(353) User=1.20s Sys=0.00s Real=0.15s
...|....[3313.474s][info][gc,start       ] GC(354) Pause Young (Normal) (G1 Evacuation Pause)
[3313.474s][info][gc,task        ] GC(354) Using 8 workers of 8 for evacuation
[3313.624s][info][gc,phases      ] GC(354)   Pre Evacuate Collection Set: 0.27ms
[3313.624s][info][gc,phases      ] GC(354)   Merge Heap Roots: 0.50ms
[3313.624s][info][gc,phases      ] GC(354)   Evacuate Collection Set: 148.80ms
[3313.624s][info][gc,phases      ] GC(354)   Post Evacuate Collection Set: 1.02ms
[3313.624s][info][gc,phases      ] GC(354)   Other: 0.06ms
[3313.624s][info][gc,heap        ] GC(354) Eden regions: 571->0(571)
[3313.624s][info][gc,heap        ] GC(354) Survivor regions: 43->43(77)
[3313.624s][info][gc,heap        ] GC(354) Old regions: 170->177
[3313.624s][info][gc,heap        ] GC(354) Humongous regions: 33->33
[3313.624s][info][gc,metaspace   ] GC(354) Metaspace: 29928K(30400K)->29928K(30400K) NonClass: 24520K(24768K)->24520K(24768K) Class: 5408K(5632K)->5408K(5632K)
[3313.624s][info][gc             ] GC(354) Pause Young (Normal) (G1 Evacuation Pause) 6517M->2005M(8192M) 150.784ms
[3313.624s][info][gc,cpu         ] GC(354) User=1.19s Sys=0.00s Real=0.16s
........[3320.799s][info][gc,start       ] GC(355) Pause Young (Normal) (G1 Evacuation Pause)
[3320.799s][info][gc,task        ] GC(355) Using 8 workers of 8 for evacuation
[3320.947s][info][gc,phases      ] GC(355)   Pre Evacuate Collection Set: 0.27ms
[3320.947s][info][gc,phases      ] GC(355)   Merge Heap Roots: 0.53ms
[3320.947s][info][gc,phases      ] GC(355)   Evacuate Collection Set: 146.40ms
[3320.947s][info][gc,phases      ] GC(355)   Post Evacuate Collection Set: 1.00ms
[3320.947s][info][gc,phases      ] GC(355)   Other: 0.06ms
[3320.947s][info][gc,heap        ] GC(355) Eden regions: 571->0(571)
[3320.947s][info][gc,heap        ] GC(355) Survivor regions: 43->43(77)
[3320.947s][info][gc,heap        ] GC(355) Old regions: 177->184
[3320.947s][info][gc,heap        ] GC(355) Humongous regions: 33->33
[3320.947s][info][gc,metaspace   ] GC(355) Metaspace: 29928K(30400K)->29928K(30400K) NonClass: 24520K(24768K)->24520K(24768K) Class: 5408K(5632K)->5408K(5632K)
[3320.947s][info][gc             ] GC(355) Pause Young (Normal) (G1 Evacuation Pause) 6573M->2063M(8192M) 148.407ms
[3320.947s][info][gc,cpu         ] GC(355) User=1.17s Sys=0.00s Real=0.15s
.......[3328.093s][info][gc,start       ] GC(356) Pause Young (Normal) (G1 Evacuation Pause)
[3328.093s][info][gc,task        ] GC(356) Using 8 workers of 8 for evacuation
[3328.243s][info][gc,phases      ] GC(356)   Pre Evacuate Collection Set: 0.27ms
[3328.243s][info][gc,phases      ] GC(356)   Merge Heap Roots: 0.57ms
[3328.243s][info][gc,phases      ] GC(356)   Evacuate Collection Set: 147.53ms
[3328.243s][info][gc,phases      ] GC(356)   Post Evacuate Collection Set: 1.01ms
[3328.243s][info][gc,phases      ] GC(356)   Other: 0.07ms
[3328.243s][info][gc,heap        ] GC(356) Eden regions: 571->0(571)
[3328.243s][info][gc,heap        ] GC(356) Survivor regions: 43->43(77)
[3328.243s][info][gc,heap        ] GC(356) Old regions: 184->191
[3328.243s][info][gc,heap        ] GC(356) Humongous regions: 33->33
[3328.243s][info][gc,metaspace   ] GC(356) Metaspace: 29928K(30400K)->29928K(30400K) NonClass: 24520K(24768K)->24520K(24768K) Class: 5408K(5632K)->5408K(5632K)
[3328.243s][info][gc             ] GC(356) Pause Young (Normal) (G1 Evacuation Pause) 6631M->2123M(8192M) 149.583ms
[3328.243s][info][gc,cpu         ] GC(356) User=1.18s Sys=0.00s Real=0.15s
.......[3335.451s][info][gc,start       ] GC(357) Pause Young (Normal) (G1 Evacuation Pause)
[3335.451s][info][gc,task        ] GC(357) Using 8 workers of 8 for evacuation
[3335.600s][info][gc,phases      ] GC(357)   Pre Evacuate Collection Set: 0.24ms
[3335.600s][info][gc,phases      ] GC(357)   Merge Heap Roots: 0.62ms
[3335.600s][info][gc,phases      ] GC(357)   Evacuate Collection Set: 146.81ms
[3335.600s][info][gc,phases      ] GC(357)   Post Evacuate Collection Set: 1.01ms
[3335.600s][info][gc,phases      ] GC(357)   Other: 0.07ms
[3335.600s][info][gc,heap        ] GC(357) Eden regions: 571->0(572)
[3335.600s][info][gc,heap        ] GC(357) Survivor regions: 43->42(77)
[3335.600s][info][gc,heap        ] GC(357) Old regions: 191->198
[3335.600s][info][gc,heap        ] GC(357) Humongous regions: 33->33
[3335.600s][info][gc,metaspace   ] GC(357) Metaspace: 29928K(30400K)->29928K(30400K) NonClass: 24520K(24768K)->24520K(24768K) Class: 5408K(5632K)->5408K(5632K)
[3335.600s][info][gc             ] GC(357) Pause Young (Normal) (G1 Evacuation Pause) 6691M->2171M(8192M) 148.875ms
[3335.600s][info][gc,cpu         ] GC(357) User=1.17s Sys=0.00s Real=0.15s
........[3342.751s][info][gc,start       ] GC(358) Pause Young (Normal) (G1 Evacuation Pause)
[3342.751s][info][gc,task        ] GC(358) Using 8 workers of 8 for evacuation
[3342.897s][info][gc,phases      ] GC(358)   Pre Evacuate Collection Set: 0.28ms
[3342.897s][info][gc,phases      ] GC(358)   Merge Heap Roots: 0.59ms
[3342.897s][info][gc,phases      ] GC(358)   Evacuate Collection Set: 144.60ms
[3342.897s][info][gc,phases      ] GC(358)   Post Evacuate Collection Set: 1.02ms
[3342.897s][info][gc,phases      ] GC(358)   Other: 0.06ms
[3342.897s][info][gc,heap        ] GC(358) Eden regions: 572->0(572)
[3342.897s][info][gc,heap        ] GC(358) Survivor regions: 42->42(77)
[3342.897s][info][gc,heap        ] GC(358) Old regions: 198->205
[3342.897s][info][gc,heap        ] GC(358) Humongous regions: 33->33
[3342.897s][info][gc,metaspace   ] GC(358) Metaspace: 29928K(30400K)->29928K(30400K) NonClass: 24520K(24768K)->24520K(24768K) Class: 5408K(5632K)->5408K(5632K)
[3342.897s][info][gc             ] GC(358) Pause Young (Normal) (G1 Evacuation Pause) 6747M->2227M(8192M) 146.675ms
[3342.897s][info][gc,cpu         ] GC(358) User=1.16s Sys=0.00s Real=0.15s
.......[3349.925s][info][gc,start       ] GC(359) Pause Young (Normal) (G1 Evacuation Pause)
[3349.925s][info][gc,task        ] GC(359) Using 8 workers of 8 for evacuation
[3350.074s][info][gc,phases      ] GC(359)   Pre Evacuate Collection Set: 0.28ms
[3350.074s][info][gc,phases      ] GC(359)   Merge Heap Roots: 0.53ms
[3350.074s][info][gc,phases      ] GC(359)   Evacuate Collection Set: 147.01ms
[3350.074s][info][gc,phases      ] GC(359)   Post Evacuate Collection Set: 1.02ms
[3350.074s][info][gc,phases      ] GC(359)   Other: 0.06ms
[3350.074s][info][gc,heap        ] GC(359) Eden regions: 572->0(570)
[3350.074s][info][gc,heap        ] GC(359) Survivor regions: 42->44(77)
[3350.074s][info][gc,heap        ] GC(359) Old regions: 205->213
[3350.074s][info][gc,heap        ] GC(359) Humongous regions: 33->33
[3350.074s][info][gc,metaspace   ] GC(359) Metaspace: 29928K(30400K)->29928K(30400K) NonClass: 24520K(24768K)->24520K(24768K) Class: 5408K(5632K)->5408K(5632K)
[3350.074s][info][gc             ] GC(359) Pause Young (Normal) (G1 Evacuation Pause) 6803M->2296M(8192M) 149.044ms
[3350.074s][info][gc,cpu         ] GC(359) User=1.18s Sys=0.00s Real=0.14s
.......[3357.305s][info][gc,start       ] GC(360) Pause Young (Normal) (G1 Evacuation Pause)
[3357.305s][info][gc,task        ] GC(360) Using 8 workers of 8 for evacuation
[3357.453s][info][gc,phases      ] GC(360)   Pre Evacuate Collection Set: 0.28ms
[3357.453s][info][gc,phases      ] GC(360)   Merge Heap Roots: 0.56ms
[3357.453s][info][gc,phases      ] GC(360)   Evacuate Collection Set: 146.13ms
[3357.453s][info][gc,phases      ] GC(360)   Post Evacuate Collection Set: 1.02ms
[3357.453s][info][gc,phases      ] GC(360)   Other: 0.06ms
[3357.453s][info][gc,heap        ] GC(360) Eden regions: 570->0(571)
[3357.453s][info][gc,heap        ] GC(360) Survivor regions: 44->43(77)
[3357.453s][info][gc,heap        ] GC(360) Old regions: 213->220
[3357.453s][info][gc,heap        ] GC(360) Humongous regions: 33->33
[3357.453s][info][gc,metaspace   ] GC(360) Metaspace: 29928K(30400K)->29928K(30400K) NonClass: 24520K(24768K)->24520K(24768K) Class: 5408K(5632K)->5408K(5632K)
[3357.453s][info][gc             ] GC(360) Pause Young (Normal) (G1 Evacuation Pause) 6856M->2346M(8192M) 148.179ms
[3357.453s][info][gc,cpu         ] GC(360) User=1.17s Sys=0.00s Real=0.14s
.......[3364.562s][info][gc,start       ] GC(361) Pause Young (Normal) (G1 Evacuation Pause)
[3364.562s][info][gc,task        ] GC(361) Using 8 workers of 8 for evacuation
[3364.710s][info][gc,phases      ] GC(361)   Pre Evacuate Collection Set: 0.27ms
[3364.710s][info][gc,phases      ] GC(361)   Merge Heap Roots: 0.56ms
[3364.710s][info][gc,phases      ] GC(361)   Evacuate Collection Set: 146.45ms
[3364.710s][info][gc,phases      ] GC(361)   Post Evacuate Collection Set: 0.99ms
[3364.710s][info][gc,phases      ] GC(361)   Other: 0.08ms
[3364.710s][info][gc,heap        ] GC(361) Eden regions: 571->0(571)
[3364.710s][info][gc,heap        ] GC(361) Survivor regions: 43->43(77)
[3364.710s][info][gc,heap        ] GC(361) Old regions: 220->226
[3364.710s][info][gc,heap        ] GC(361) Humongous regions: 33->33
[3364.710s][info][gc,metaspace   ] GC(361) Metaspace: 29928K(30400K)->29928K(30400K) NonClass: 24520K(24768K)->24520K(24768K) Class: 5408K(5632K)->5408K(5632K)
[3364.710s][info][gc             ] GC(361) Pause Young (Normal) (G1 Evacuation Pause) 6914M->2403M(8192M) 148.488ms
[3364.710s][info][gc,cpu         ] GC(361) User=1.18s Sys=0.00s Real=0.15s
..... (rIR:aIR:PR = 5258:5258:5258) (tPR = 77571) [OK] 
  3368s: Performance info:
         Transaction,    Success,    Partial,     Failed,   Receipts, AvgBarcode, 
             Overall,     315763,          0,          0,     299974,      59.47, 
         Response times:
             Request,    Success,    Partial,     Failed,   SkipFail,     Probes,    Samples,      min,      p50,      p90,      p95,      p99,      max, 
       TotalPurchase,     299974,          0,          0,          0,     294407,     316040,      300,     3500,     6100,     7300,    40000,   281000,
     InStorePurchase,     157936,          0,          0,          0,     154789,     166230,      400,     3500,     6200,     7300,    40000,   281000,
      OnlinePurchase,     110473,          0,          0,          0,     108868,     116429,      300,     3400,     6100,     7200,    40000,   281000,
        InstPurchase,      31565,          0,          0,          0,      30750,      33381,      500,     3400,     6100,     7100,    40000,   281000,
          AssocOfCat,        313,          0,          0,          0,        240,        325,    25000,    36000,    50000,    55700,    84140,   186000,
      AssocOfProduct,       3168,          0,          0,          0,       2936,       3323,      400,     3000,     6300,     7500,    36760,   157000,
      BusinessReport,        790,          0,          0,          0,        675,        839,    28000,    37000,    52000,    58000,   184800,   211000,
          CustBuyBeh,       3152,          0,          0,          0,       2848,       3195,      200,     2500,     5900,     7000,    28040,   158000,
       ProductReturn,       8366,          0,          0,          0,       7942,       8779,      200,     3700,     6000,     7100,    47200,   280000,

  3368s: (38%)   IR =   5400 ...[3371.801s][info][gc,start       ] GC(362) Pause Young (Normal) (G1 Evacuation Pause)
[3371.801s][info][gc,task        ] GC(362) Using 8 workers of 8 for evacuation
[3371.948s][info][gc,phases      ] GC(362)   Pre Evacuate Collection Set: 0.25ms
[3371.948s][info][gc,phases      ] GC(362)   Merge Heap Roots: 0.53ms
[3371.948s][info][gc,phases      ] GC(362)   Evacuate Collection Set: 144.77ms
[3371.948s][info][gc,phases      ] GC(362)   Post Evacuate Collection Set: 1.00ms
[3371.948s][info][gc,phases      ] GC(362)   Other: 0.06ms
[3371.948s][info][gc,heap        ] GC(362) Eden regions: 571->0(572)
[3371.948s][info][gc,heap        ] GC(362) Survivor regions: 43->42(77)
[3371.948s][info][gc,heap        ] GC(362) Old regions: 226->233
[3371.948s][info][gc,heap        ] GC(362) Humongous regions: 33->33
[3371.948s][info][gc,metaspace   ] GC(362) Metaspace: 29929K(30400K)->29929K(30400K) NonClass: 24521K(24768K)->24521K(24768K) Class: 5408K(5632K)->5408K(5632K)
[3371.948s][info][gc             ] GC(362) Pause Young (Normal) (G1 Evacuation Pause) 6971M->2451M(8192M) 146.743ms
[3371.948s][info][gc,cpu         ] GC(362) User=1.16s Sys=0.00s Real=0.15s
..|.....[3378.897s][info][gc,start       ] GC(363) Pause Young (Normal) (G1 Evacuation Pause)
[3378.897s][info][gc,task        ] GC(363) Using 8 workers of 8 for evacuation
[3379.048s][info][gc,phases      ] GC(363)   Pre Evacuate Collection Set: 0.27ms
[3379.048s][info][gc,phases      ] GC(363)   Merge Heap Roots: 0.52ms
[3379.048s][info][gc,phases      ] GC(363)   Evacuate Collection Set: 148.87ms
[3379.048s][info][gc,phases      ] GC(363)   Post Evacuate Collection Set: 1.02ms
[3379.048s][info][gc,phases      ] GC(363)   Other: 0.06ms
[3379.048s][info][gc,heap        ] GC(363) Eden regions: 572->0(570)
[3379.048s][info][gc,heap        ] GC(363) Survivor regions: 42->44(77)
[3379.048s][info][gc,heap        ] GC(363) Old regions: 233->240
[3379.048s][info][gc,heap        ] GC(363) Humongous regions: 33->33
[3379.048s][info][gc,metaspace   ] GC(363) Metaspace: 29929K(30400K)->29929K(30400K) NonClass: 24521K(24768K)->24521K(24768K) Class: 5408K(5632K)->5408K(5632K)
[3379.048s][info][gc             ] GC(363) Pause Young (Normal) (G1 Evacuation Pause) 7027M->2519M(8192M) 150.864ms
[3379.048s][info][gc,cpu         ] GC(363) User=1.19s Sys=0.00s Real=0.15s
.......[3386.036s][info][gc,start       ] GC(364) Pause Young (Normal) (G1 Evacuation Pause)
[3386.036s][info][gc,task        ] GC(364) Using 8 workers of 8 for evacuation
[3386.185s][info][gc,phases      ] GC(364)   Pre Evacuate Collection Set: 0.25ms
[3386.185s][info][gc,phases      ] GC(364)   Merge Heap Roots: 0.61ms
[3386.185s][info][gc,phases      ] GC(364)   Evacuate Collection Set: 146.82ms
[3386.185s][info][gc,phases      ] GC(364)   Post Evacuate Collection Set: 1.01ms
[3386.185s][info][gc,phases      ] GC(364)   Other: 0.06ms
[3386.185s][info][gc,heap        ] GC(364) Eden regions: 570->0(570)
[3386.185s][info][gc,heap        ] GC(364) Survivor regions: 44->44(77)
[3386.185s][info][gc,heap        ] GC(364) Old regions: 240->248
[3386.185s][info][gc,heap        ] GC(364) Humongous regions: 33->33
[3386.185s][info][gc,metaspace   ] GC(364) Metaspace: 29929K(30400K)->29929K(30400K) NonClass: 24521K(24768K)->24521K(24768K) Class: 5408K(5632K)->5408K(5632K)
[3386.185s][info][gc             ] GC(364) Pause Young (Normal) (G1 Evacuation Pause) 7079M->2576M(8192M) 148.891ms
[3386.185s][info][gc,cpu         ] GC(364) User=1.18s Sys=0.00s Real=0.15s
.......[3393.077s][info][gc,start       ] GC(365) Pause Young (Normal) (G1 Evacuation Pause)
[3393.077s][info][gc,task        ] GC(365) Using 8 workers of 8 for evacuation
[3393.224s][info][gc,phases      ] GC(365)   Pre Evacuate Collection Set: 0.24ms
[3393.224s][info][gc,phases      ] GC(365)   Merge Heap Roots: 0.55ms
[3393.224s][info][gc,phases      ] GC(365)   Evacuate Collection Set: 145.90ms
[3393.224s][info][gc,phases      ] GC(365)   Post Evacuate Collection Set: 1.01ms
[3393.224s][info][gc,phases      ] GC(365)   Other: 0.08ms
[3393.224s][info][gc,heap        ] GC(365) Eden regions: 570->0(572)
[3393.224s][info][gc,heap        ] GC(365) Survivor regions: 44->42(77)
[3393.224s][info][gc,heap        ] GC(365) Old regions: 248->254
[3393.224s][info][gc,heap        ] GC(365) Humongous regions: 33->33
[3393.224s][info][gc,metaspace   ] GC(365) Metaspace: 29929K(30400K)->29929K(30400K) NonClass: 24521K(24768K)->24521K(24768K) Class: 5408K(5632K)->5408K(5632K)
[3393.224s][info][gc             ] GC(365) Pause Young (Normal) (G1 Evacuation Pause) 7136M->2619M(8192M) 147.900ms
[3393.224s][info][gc,cpu         ] GC(365) User=1.18s Sys=0.00s Real=0.15s
.......[3400.177s][info][gc,start       ] GC(366) Pause Young (Normal) (G1 Evacuation Pause)
[3400.177s][info][gc,task        ] GC(366) Using 8 workers of 8 for evacuation
[3400.326s][info][gc,phases      ] GC(366)   Pre Evacuate Collection Set: 0.25ms
[3400.326s][info][gc,phases      ] GC(366)   Merge Heap Roots: 0.54ms
[3400.326s][info][gc,phases      ] GC(366)   Evacuate Collection Set: 146.77ms
[3400.326s][info][gc,phases      ] GC(366)   Post Evacuate Collection Set: 1.00ms
[3400.326s][info][gc,phases      ] GC(366)   Other: 0.07ms
[3400.326s][info][gc,heap        ] GC(366) Eden regions: 572->0(571)
[3400.326s][info][gc,heap        ] GC(366) Survivor regions: 42->43(77)
[3400.326s][info][gc,heap        ] GC(366) Old regions: 254->261
[3400.326s][info][gc,heap        ] GC(366) Humongous regions: 33->33
[3400.326s][info][gc,metaspace   ] GC(366) Metaspace: 29929K(30400K)->29929K(30400K) NonClass: 24521K(24768K)->24521K(24768K) Class: 5408K(5632K)->5408K(5632K)
[3400.326s][info][gc             ] GC(366) Pause Young (Normal) (G1 Evacuation Pause) 7195M->2679M(8192M) 148.761ms
[3400.326s][info][gc,cpu         ] GC(366) User=1.18s Sys=0.00s Real=0.15s
.......[3407.317s][info][gc,start       ] GC(367) Pause Young (Normal) (G1 Evacuation Pause)
[3407.317s][info][gc,task        ] GC(367) Using 8 workers of 8 for evacuation
[3407.466s][info][gc,phases      ] GC(367)   Pre Evacuate Collection Set: 0.25ms
[3407.466s][info][gc,phases      ] GC(367)   Merge Heap Roots: 0.52ms
[3407.466s][info][gc,phases      ] GC(367)   Evacuate Collection Set: 147.33ms
[3407.466s][info][gc,phases      ] GC(367)   Post Evacuate Collection Set: 1.05ms
[3407.466s][info][gc,phases      ] GC(367)   Other: 0.07ms
[3407.466s][info][gc,heap        ] GC(367) Eden regions: 571->0(571)
[3407.466s][info][gc,heap        ] GC(367) Survivor regions: 43->43(77)
[3407.466s][info][gc,heap        ] GC(367) Old regions: 261->268
[3407.466s][info][gc,heap        ] GC(367) Humongous regions: 33->33
[3407.466s][info][gc,metaspace   ] GC(367) Metaspace: 29929K(30400K)->29929K(30400K) NonClass: 24521K(24768K)->24521K(24768K) Class: 5408K(5632K)->5408K(5632K)
[3407.466s][info][gc             ] GC(367) Pause Young (Normal) (G1 Evacuation Pause) 7247M->2735M(8192M) 149.350ms
[3407.466s][info][gc,cpu         ] GC(367) User=1.18s Sys=0.01s Real=0.15s
.......[3414.414s][info][gc,start       ] GC(368) Pause Young (Normal) (G1 Evacuation Pause)
[3414.414s][info][gc,task        ] GC(368) Using 8 workers of 8 for evacuation
[3414.561s][info][gc,phases      ] GC(368)   Pre Evacuate Collection Set: 0.26ms
[3414.561s][info][gc,phases      ] GC(368)   Merge Heap Roots: 0.53ms
[3414.561s][info][gc,phases      ] GC(368)   Evacuate Collection Set: 144.59ms
[3414.561s][info][gc,phases      ] GC(368)   Post Evacuate Collection Set: 1.00ms
[3414.561s][info][gc,phases      ] GC(368)   Other: 0.07ms
[3414.561s][info][gc,heap        ] GC(368) Eden regions: 571->0(572)
[3414.561s][info][gc,heap        ] GC(368) Survivor regions: 43->42(77)
[3414.561s][info][gc,heap        ] GC(368) Old regions: 268->275
[3414.561s][info][gc,heap        ] GC(368) Humongous regions: 33->33
[3414.561s][info][gc,metaspace   ] GC(368) Metaspace: 29929K(30400K)->29929K(30400K) NonClass: 24521K(24768K)->24521K(24768K) Class: 5408K(5632K)->5408K(5632K)
[3414.561s][info][gc             ] GC(368) Pause Young (Normal) (G1 Evacuation Pause) 7303M->2787M(8192M) 146.585ms
[3414.561s][info][gc,cpu         ] GC(368) User=1.16s Sys=0.00s Real=0.15s
.......[3421.472s][info][gc,start       ] GC(369) Pause Young (Normal) (G1 Evacuation Pause)
[3421.472s][info][gc,task        ] GC(369) Using 8 workers of 8 for evacuation
[3421.618s][info][gc,phases      ] GC(369)   Pre Evacuate Collection Set: 0.26ms
[3421.618s][info][gc,phases      ] GC(369)   Merge Heap Roots: 0.54ms
[3421.618s][info][gc,phases      ] GC(369)   Evacuate Collection Set: 144.00ms
[3421.618s][info][gc,phases      ] GC(369)   Post Evacuate Collection Set: 1.01ms
[3421.618s][info][gc,phases      ] GC(369)   Other: 0.09ms
[3421.618s][info][gc,heap        ] GC(369) Eden regions: 572->0(573)
[3421.618s][info][gc,heap        ] GC(369) Survivor regions: 42->41(77)
[3421.618s][info][gc,heap        ] GC(369) Old regions: 275->283
[3421.618s][info][gc,heap        ] GC(369) Humongous regions: 33->33
[3421.618s][info][gc,metaspace   ] GC(369) Metaspace: 29929K(30400K)->29929K(30400K) NonClass: 24521K(24768K)->24521K(24768K) Class: 5408K(5632K)->5408K(5632K)
[3421.618s][info][gc             ] GC(369) Pause Young (Normal) (G1 Evacuation Pause) 7363M->2836M(8192M) 146.018ms
[3421.618s][info][gc,cpu         ] GC(369) User=1.15s Sys=0.00s Real=0.15s
.......[3428.651s][info][gc,start       ] GC(370) Pause Young (Normal) (G1 Evacuation Pause)
[3428.651s][info][gc,task        ] GC(370) Using 8 workers of 8 for evacuation
[3428.800s][info][gc,phases      ] GC(370)   Pre Evacuate Collection Set: 0.25ms
[3428.800s][info][gc,phases      ] GC(370)   Merge Heap Roots: 0.56ms
[3428.800s][info][gc,phases      ] GC(370)   Evacuate Collection Set: 146.62ms
[3428.800s][info][gc,phases      ] GC(370)   Post Evacuate Collection Set: 1.01ms
[3428.800s][info][gc,phases      ] GC(370)   Other: 0.07ms
[3428.800s][info][gc,heap        ] GC(370) Eden regions: 573->0(563)
[3428.800s][info][gc,heap        ] GC(370) Survivor regions: 41->43(77)
[3428.800s][info][gc,heap        ] GC(370) Old regions: 283->290
[3428.800s][info][gc,heap        ] GC(370) Humongous regions: 33->33
[3428.800s][info][gc,metaspace   ] GC(370) Metaspace: 29929K(30400K)->29929K(30400K) NonClass: 24521K(24768K)->24521K(24768K) Class: 5408K(5632K)->5408K(5632K)
[3428.800s][info][gc             ] GC(370) Pause Young (Normal) (G1 Evacuation Pause) 7420M->2908M(8192M) 148.628ms
[3428.800s][info][gc,cpu         ] GC(370) User=1.18s Sys=0.00s Real=0.15s
...... (rIR:aIR:PR = 5400:5399:5399) (tPR = 80386) [OK] 
  3433s: Performance info:
         Transaction,    Success,    Partial,     Failed,   Receipts, AvgBarcode, 
             Overall,     324151,          0,          0,     307941,      59.47, 
         Response times:
             Request,    Success,    Partial,     Failed,   SkipFail,     Probes,    Samples,      min,      p50,      p90,      p95,      p99,      max, 
       TotalPurchase,     307940,          0,          0,          0,     301831,     328681,      300,     3500,     6300,     7500,    36000,   283000,
     InStorePurchase,     162093,          0,          0,          0,     159118,     172900,      300,     3500,     6300,     7400,    35000,   283000,
      OnlinePurchase,     113435,          0,          0,          0,     111219,     121103,      300,     3600,     6400,     7500,    37000,   283000,
        InstPurchase,      32412,          0,          0,          0,      31494,      34678,      500,     3700,     6400,     7500,    37000,   283000,
          AssocOfCat,        324,          0,          0,          0,        245,        344,    22000,    36000,    48500,    53000,    95650,   201000,
      AssocOfProduct,       3241,          0,          0,          0,       2986,       3462,      600,     2500,     6200,     7400,    32370,   157000,
      BusinessReport,        804,          0,          0,          0,        670,        827,    20000,    39000,    55000,    63600,   112440,   216000,
          CustBuyBeh,       3244,          0,          0,          0,       3028,       3490,      300,     4000,     6300,     7600,    52000,   281000,
       ProductReturn,       8597,          0,          0,          0,       8156,       9099,      200,     3800,     6500,     7900,    41000,   158000,

  3433s: (39%)   IR =   5542 .[3435.631s][info][gc,start       ] GC(371) Pause Young (Normal) (G1 Evacuation Pause)
[3435.631s][info][gc,task        ] GC(371) Using 8 workers of 8 for evacuation
[3435.778s][info][gc,phases      ] GC(371)   Pre Evacuate Collection Set: 0.25ms
[3435.778s][info][gc,phases      ] GC(371)   Merge Heap Roots: 0.54ms
[3435.778s][info][gc,phases      ] GC(371)   Evacuate Collection Set: 145.30ms
[3435.778s][info][gc,phases      ] GC(371)   Post Evacuate Collection Set: 1.00ms
[3435.778s][info][gc,phases      ] GC(371)   Other: 0.06ms
[3435.778s][info][gc,heap        ] GC(371) Eden regions: 563->0(558)
[3435.778s][info][gc,heap        ] GC(371) Survivor regions: 43->42(76)
[3435.778s][info][gc,heap        ] GC(371) Old regions: 290->297
[3435.778s][info][gc,heap        ] GC(371) Humongous regions: 33->33
[3435.778s][info][gc,metaspace   ] GC(371) Metaspace: 29929K(30400K)->29929K(30400K) NonClass: 24521K(24768K)->24521K(24768K) Class: 5408K(5632K)->5408K(5632K)
[3435.778s][info][gc             ] GC(371) Pause Young (Normal) (G1 Evacuation Pause) 7412M->2958M(8192M) 147.281ms
[3435.778s][info][gc,cpu         ] GC(371) User=1.17s Sys=0.00s Real=0.15s
....|...[3442.426s][info][gc,start       ] GC(372) Pause Young (Normal) (G1 Evacuation Pause)
[3442.426s][info][gc,task        ] GC(372) Using 8 workers of 8 for evacuation
[3442.573s][info][gc,phases      ] GC(372)   Pre Evacuate Collection Set: 0.28ms
[3442.573s][info][gc,phases      ] GC(372)   Merge Heap Roots: 0.52ms
[3442.573s][info][gc,phases      ] GC(372)   Evacuate Collection Set: 145.13ms
[3442.573s][info][gc,phases      ] GC(372)   Post Evacuate Collection Set: 1.01ms
[3442.573s][info][gc,phases      ] GC(372)   Other: 0.06ms
[3442.573s][info][gc,heap        ] GC(372) Eden regions: 558->0(551)
[3442.573s][info][gc,heap        ] GC(372) Survivor regions: 42->42(75)
[3442.573s][info][gc,heap        ] GC(372) Old regions: 297->304
[3442.573s][info][gc,heap        ] GC(372) Humongous regions: 33->33
[3442.573s][info][gc,metaspace   ] GC(372) Metaspace: 29929K(30400K)->29929K(30400K) NonClass: 24521K(24768K)->24521K(24768K) Class: 5408K(5632K)->5408K(5632K)
[3442.573s][info][gc             ] GC(372) Pause Young (Normal) (G1 Evacuation Pause) 7422M->3012M(8192M) 147.129ms
[3442.573s][info][gc,cpu         ] GC(372) User=1.16s Sys=0.00s Real=0.14s
.......[3449.103s][info][gc,start       ] GC(373) Pause Young (Normal) (G1 Evacuation Pause)
[3449.103s][info][gc,task        ] GC(373) Using 8 workers of 8 for evacuation
[3449.253s][info][gc,phases      ] GC(373)   Pre Evacuate Collection Set: 0.25ms
[3449.253s][info][gc,phases      ] GC(373)   Merge Heap Roots: 0.59ms
[3449.253s][info][gc,phases      ] GC(373)   Evacuate Collection Set: 147.84ms
[3449.253s][info][gc,phases      ] GC(373)   Post Evacuate Collection Set: 0.99ms
[3449.253s][info][gc,phases      ] GC(373)   Other: 0.06ms
[3449.253s][info][gc,heap        ] GC(373) Eden regions: 551->0(539)
[3449.253s][info][gc,heap        ] GC(373) Survivor regions: 42->44(75)
[3449.253s][info][gc,heap        ] GC(373) Old regions: 304->312
[3449.253s][info][gc,heap        ] GC(373) Humongous regions: 33->33
[3449.253s][info][gc,metaspace   ] GC(373) Metaspace: 29929K(30400K)->29929K(30400K) NonClass: 24521K(24768K)->24521K(24768K) Class: 5408K(5632K)->5408K(5632K)
[3449.253s][info][gc             ] GC(373) Pause Young (Normal) (G1 Evacuation Pause) 7420M->3088M(8192M) 149.884ms
[3449.253s][info][gc,cpu         ] GC(373) User=1.19s Sys=0.00s Real=0.15s
......[3455.679s][info][gc,start       ] GC(374) Pause Young (Normal) (G1 Evacuation Pause)
[3455.679s][info][gc,task        ] GC(374) Using 8 workers of 8 for evacuation
[3455.823s][info][gc,phases      ] GC(374)   Pre Evacuate Collection Set: 0.24ms
[3455.823s][info][gc,phases      ] GC(374)   Merge Heap Roots: 0.55ms
[3455.823s][info][gc,phases      ] GC(374)   Evacuate Collection Set: 142.33ms
[3455.823s][info][gc,phases      ] GC(374)   Post Evacuate Collection Set: 0.99ms
[3455.823s][info][gc,phases      ] GC(374)   Other: 0.07ms
[3455.823s][info][gc,heap        ] GC(374) Eden regions: 539->0(538)
[3455.823s][info][gc,heap        ] GC(374) Survivor regions: 44->41(73)
[3455.823s][info][gc,heap        ] GC(374) Old regions: 312->319
[3455.823s][info][gc,heap        ] GC(374) Humongous regions: 33->33
[3455.823s][info][gc,metaspace   ] GC(374) Metaspace: 29929K(30400K)->29929K(30400K) NonClass: 24521K(24768K)->24521K(24768K) Class: 5408K(5632K)->5408K(5632K)
[3455.823s][info][gc             ] GC(374) Pause Young (Normal) (G1 Evacuation Pause) 7400M->3127M(8192M) 144.303ms
[3455.823s][info][gc,cpu         ] GC(374) User=1.14s Sys=0.00s Real=0.14s
.......[3462.113s][info][gc,start       ] GC(375) Pause Young (Concurrent Start) (G1 Evacuation Pause)
[3462.113s][info][gc,task        ] GC(375) Using 8 workers of 8 for evacuation
[3462.258s][info][gc,phases      ] GC(375)   Pre Evacuate Collection Set: 0.31ms
[3462.258s][info][gc,phases      ] GC(375)   Merge Heap Roots: 0.50ms
[3462.258s][info][gc,phases      ] GC(375)   Evacuate Collection Set: 143.00ms
[3462.258s][info][gc,phases      ] GC(375)   Post Evacuate Collection Set: 0.98ms
[3462.258s][info][gc,phases      ] GC(375)   Other: 0.09ms
[3462.258s][info][gc,heap        ] GC(375) Eden regions: 538->0(531)
[3462.258s][info][gc,heap        ] GC(375) Survivor regions: 41->41(73)
[3462.258s][info][gc,heap        ] GC(375) Old regions: 319->326
[3462.258s][info][gc,heap        ] GC(375) Humongous regions: 33->33
[3462.258s][info][gc,metaspace   ] GC(375) Metaspace: 29929K(30400K)->29929K(30400K) NonClass: 24521K(24768K)->24521K(24768K) Class: 5408K(5632K)->5408K(5632K)
[3462.258s][info][gc             ] GC(375) Pause Young (Concurrent Start) (G1 Evacuation Pause) 7431M->3183M(8192M) 145.006ms
[3462.258s][info][gc             ] GC(376) Concurrent Mark Cycle
[3462.258s][info][gc,marking     ] GC(376) Concurrent Scan Root Regions
[3462.258s][info][gc,cpu         ] GC(375) User=1.15s Sys=0.00s Real=0.15s
[3462.495s][info][gc,marking     ] GC(376) Concurrent Scan Root Regions 237.068ms
[3462.495s][info][gc,marking     ] GC(376) Concurrent Mark
[3462.495s][info][gc,marking     ] GC(376) Concurrent Mark From Roots
[3462.495s][info][gc,task        ] GC(376) Using 2 workers of 2 for marking
.[3463.146s][info][gc,marking     ] GC(376) Concurrent Mark From Roots 650.362ms
[3463.146s][info][gc,marking     ] GC(376) Concurrent Preclean
[3463.146s][info][gc,marking     ] GC(376) Concurrent Preclean 0.127ms
[3463.146s][info][gc,start       ] GC(376) Pause Remark
[3463.147s][info][gc             ] GC(376) Pause Remark 3853M->3141M(8192M) 1.513ms
[3463.148s][info][gc,cpu         ] GC(376) User=0.01s Sys=0.00s Real=0.00s
[3463.148s][info][gc,marking     ] GC(376) Concurrent Mark 652.314ms
[3463.148s][info][gc,marking     ] GC(376) Concurrent Rebuild Remembered Sets and Scrub Regions
[3463.601s][info][gc,marking     ] GC(376) Concurrent Rebuild Remembered Sets and Scrub Regions 453.614ms
[3463.601s][info][gc,start       ] GC(376) Pause Cleanup
[3463.602s][info][gc             ] GC(376) Pause Cleanup 3463M->3463M(8192M) 0.301ms
[3463.602s][info][gc,cpu         ] GC(376) User=0.00s Sys=0.00s Real=0.00s
[3463.602s][info][gc,marking     ] GC(376) Concurrent Clear Claimed Marks
[3463.602s][info][gc,marking     ] GC(376) Concurrent Clear Claimed Marks 0.042ms
[3463.602s][info][gc,marking     ] GC(376) Concurrent Cleanup for Next Mark
[3463.611s][info][gc,marking     ] GC(376) Concurrent Cleanup for Next Mark 9.077ms
[3463.611s][info][gc             ] GC(376) Concurrent Mark Cycle 1352.856ms
.....[3468.587s][info][gc,start       ] GC(377) Pause Young (Prepare Mixed) (G1 Evacuation Pause)
[3468.588s][info][gc,task        ] GC(377) Using 8 workers of 8 for evacuation
[3468.738s][info][gc,phases      ] GC(377)   Pre Evacuate Collection Set: 0.28ms
[3468.738s][info][gc,phases      ] GC(377)   Merge Heap Roots: 0.63ms
[3468.738s][info][gc,phases      ] GC(377)   Evacuate Collection Set: 148.16ms
[3468.738s][info][gc,phases      ] GC(377)   Post Evacuate Collection Set: 1.06ms
[3468.738s][info][gc,phases      ] GC(377)   Other: 0.07ms
[3468.738s][info][gc,heap        ] GC(377) Eden regions: 531->0(572)
[3468.738s][info][gc,heap        ] GC(377) Survivor regions: 41->42(72)
[3468.738s][info][gc,heap        ] GC(377) Old regions: 237->245
[3468.738s][info][gc,heap        ] GC(377) Humongous regions: 33->33
[3468.738s][info][gc,metaspace   ] GC(377) Metaspace: 29929K(30400K)->29929K(30400K) NonClass: 24521K(24768K)->24521K(24768K) Class: 5408K(5632K)->5408K(5632K)
[3468.738s][info][gc             ] GC(377) Pause Young (Prepare Mixed) (G1 Evacuation Pause) 6719M->2539M(8192M) 150.328ms
[3468.738s][info][gc,cpu         ] GC(377) User=1.19s Sys=0.00s Real=0.15s
.......[3475.467s][info][gc,start       ] GC(378) Pause Young (Mixed) (G1 Evacuation Pause)
[3475.467s][info][gc,task        ] GC(378) Using 8 workers of 8 for evacuation
[3475.622s][info][gc,phases      ] GC(378)   Pre Evacuate Collection Set: 0.28ms
[3475.622s][info][gc,phases      ] GC(378)   Merge Heap Roots: 0.92ms
[3475.622s][info][gc,phases      ] GC(378)   Evacuate Collection Set: 152.16ms
[3475.622s][info][gc,phases      ] GC(378)   Post Evacuate Collection Set: 1.23ms
[3475.622s][info][gc,phases      ] GC(378)   Other: 0.08ms
[3475.622s][info][gc,heap        ] GC(378) Eden regions: 572->0(572)
[3475.622s][info][gc,heap        ] GC(378) Survivor regions: 42->42(77)
[3475.622s][info][gc,heap        ] GC(378) Old regions: 245->151
[3475.622s][info][gc,heap        ] GC(378) Humongous regions: 33->33
[3475.622s][info][gc,metaspace   ] GC(378) Metaspace: 29929K(30400K)->29929K(30400K) NonClass: 24521K(24768K)->24521K(24768K) Class: 5408K(5632K)->5408K(5632K)
[3475.622s][info][gc             ] GC(378) Pause Young (Mixed) (G1 Evacuation Pause) 7115M->1784M(8192M) 154.799ms
[3475.622s][info][gc,cpu         ] GC(378) User=1.23s Sys=0.00s Real=0.15s
.......[3482.448s][info][gc,start       ] GC(379) Pause Young (Mixed) (G1 Evacuation Pause)
[3482.448s][info][gc,task        ] GC(379) Using 8 workers of 8 for evacuation
[3482.601s][info][gc,phases      ] GC(379)   Pre Evacuate Collection Set: 0.26ms
[3482.601s][info][gc,phases      ] GC(379)   Merge Heap Roots: 0.71ms
[3482.601s][info][gc,phases      ] GC(379)   Evacuate Collection Set: 150.72ms
[3482.601s][info][gc,phases      ] GC(379)   Post Evacuate Collection Set: 1.04ms
[3482.601s][info][gc,phases      ] GC(379)   Other: 0.10ms
[3482.601s][info][gc,heap        ] GC(379) Eden regions: 572->0(571)
[3482.601s][info][gc,heap        ] GC(379) Survivor regions: 42->43(77)
[3482.601s][info][gc,heap        ] GC(379) Old regions: 151->143
[3482.601s][info][gc,heap        ] GC(379) Humongous regions: 33->33
[3482.601s][info][gc,metaspace   ] GC(379) Metaspace: 29929K(30400K)->29929K(30400K) NonClass: 24521K(24768K)->24521K(24768K) Class: 5408K(5632K)->5408K(5632K)
[3482.601s][info][gc             ] GC(379) Pause Young (Mixed) (G1 Evacuation Pause) 6360M->1733M(8192M) 152.954ms
[3482.601s][info][gc,cpu         ] GC(379) User=1.21s Sys=0.00s Real=0.15s
.......[3489.352s][info][gc,start       ] GC(380) Pause Young (Normal) (G1 Evacuation Pause)
[3489.352s][info][gc,task        ] GC(380) Using 8 workers of 8 for evacuation
[3489.502s][info][gc,phases      ] GC(380)   Pre Evacuate Collection Set: 0.26ms
[3489.502s][info][gc,phases      ] GC(380)   Merge Heap Roots: 0.63ms
[3489.502s][info][gc,phases      ] GC(380)   Evacuate Collection Set: 147.62ms
[3489.502s][info][gc,phases      ] GC(380)   Post Evacuate Collection Set: 0.99ms
[3489.502s][info][gc,phases      ] GC(380)   Other: 0.08ms
[3489.502s][info][gc,heap        ] GC(380) Eden regions: 571->0(571)
[3489.502s][info][gc,heap        ] GC(380) Survivor regions: 43->43(77)
[3489.502s][info][gc,heap        ] GC(380) Old regions: 143->150
[3489.502s][info][gc,heap        ] GC(380) Humongous regions: 33->33
[3489.502s][info][gc,metaspace   ] GC(380) Metaspace: 29929K(30400K)->29929K(30400K) NonClass: 24521K(24768K)->24521K(24768K) Class: 5408K(5632K)->5408K(5632K)
[3489.502s][info][gc             ] GC(380) Pause Young (Normal) (G1 Evacuation Pause) 6301M->1793M(8192M) 149.727ms
[3489.502s][info][gc,cpu         ] GC(380) User=1.18s Sys=0.00s Real=0.15s
.......[3496.252s][info][gc,start       ] GC(381) Pause Young (Normal) (G1 Evacuation Pause)
[3496.252s][info][gc,task        ] GC(381) Using 8 workers of 8 for evacuation
[3496.402s][info][gc,phases      ] GC(381)   Pre Evacuate Collection Set: 0.29ms
[3496.402s][info][gc,phases      ] GC(381)   Merge Heap Roots: 0.54ms
[3496.402s][info][gc,phases      ] GC(381)   Evacuate Collection Set: 148.11ms
[3496.402s][info][gc,phases      ] GC(381)   Post Evacuate Collection Set: 1.01ms
[3496.402s][info][gc,phases      ] GC(381)   Other: 0.06ms
[3496.402s][info][gc,heap        ] GC(381) Eden regions: 571->0(570)
[3496.402s][info][gc,heap        ] GC(381) Survivor regions: 43->44(77)
[3496.402s][info][gc,heap        ] GC(381) Old regions: 150->157
[3496.402s][info][gc,heap        ] GC(381) Humongous regions: 33->33
[3496.402s][info][gc,metaspace   ] GC(381) Metaspace: 29929K(30400K)->29929K(30400K) NonClass: 24521K(24768K)->24521K(24768K) Class: 5408K(5632K)->5408K(5632K)
[3496.402s][info][gc             ] GC(381) Pause Young (Normal) (G1 Evacuation Pause) 6361M->1855M(8192M) 150.145ms
[3496.402s][info][gc,cpu         ] GC(381) User=1.19s Sys=0.00s Real=0.15s
... (rIR:aIR:PR = 5542:5542:5540) (tPR = 82256) [OK] 
  3498s: Performance info:
         Transaction,    Success,    Partial,     Failed,   Receipts, AvgBarcode, 
             Overall,     332602,          0,          0,     315986,      59.48, 
         Response times:
             Request,    Success,    Partial,     Failed,   SkipFail,     Probes,    Samples,      min,      p50,      p90,      p95,      p99,      max, 
       TotalPurchase,     316046,          0,          0,          0,     310669,     337699,      300,     3600,     6600,     8100,    44000,   262000,
     InStorePurchase,     166389,          0,          0,          0,     164082,     177849,      300,     3500,     6600,     8100,    44000,   262000,
      OnlinePurchase,     116403,          0,          0,          0,     114156,     124146,      300,     3700,     6600,     8200,    45000,   261000,
        InstPurchase,      33254,          0,          0,          0,      32431,      35704,      400,     3800,     6700,     8100,    43000,   234000,
          AssocOfCat,        333,          0,          0,          0,        262,        362,    24000,    36000,    52700,    67850,   194480,   207000,
      AssocOfProduct,       3334,          0,          0,          0,       3068,       3551,      600,     4200,     7100,     9040,    40000,   160000,
      BusinessReport,        830,          0,          0,          0,        723,        896,    27000,    39000,    55000,    73000,   151120,   208000,
          CustBuyBeh,       3327,          0,          0,          0,       3134,       3614,      200,     2400,     6400,     7600,    36850,   162000,
       ProductReturn,       8818,          0,          0,          0,       8405,       9370,      200,     3100,     6200,     7600,    45290,   163000,

  3498s: (40%)   IR =   5684 ....|[3503.133s][info][gc,start       ] GC(382) Pause Young (Normal) (G1 Evacuation Pause)
[3503.133s][info][gc,task        ] GC(382) Using 8 workers of 8 for evacuation
[3503.281s][info][gc,phases      ] GC(382)   Pre Evacuate Collection Set: 0.27ms
[3503.281s][info][gc,phases      ] GC(382)   Merge Heap Roots: 0.54ms
[3503.281s][info][gc,phases      ] GC(382)   Evacuate Collection Set: 146.10ms
[3503.281s][info][gc,phases      ] GC(382)   Post Evacuate Collection Set: 0.99ms
[3503.281s][info][gc,phases      ] GC(382)   Other: 0.07ms
[3503.281s][info][gc,heap        ] GC(382) Eden regions: 570->0(571)
[3503.282s][info][gc,heap        ] GC(382) Survivor regions: 44->43(77)
[3503.282s][info][gc,heap        ] GC(382) Old regions: 157->164
[3503.282s][info][gc,heap        ] GC(382) Humongous regions: 33->33
[3503.282s][info][gc,metaspace   ] GC(382) Metaspace: 29929K(30400K)->29929K(30400K) NonClass: 24521K(24768K)->24521K(24768K) Class: 5408K(5632K)->5408K(5632K)
[3503.282s][info][gc             ] GC(382) Pause Young (Normal) (G1 Evacuation Pause) 6415M->1903M(8192M) 148.108ms
[3503.282s][info][gc,cpu         ] GC(382) User=1.18s Sys=0.00s Real=0.15s
......[3509.849s][info][gc,start       ] GC(383) Pause Young (Normal) (G1 Evacuation Pause)
[3509.849s][info][gc,task        ] GC(383) Using 8 workers of 8 for evacuation
[3509.996s][info][gc,phases      ] GC(383)   Pre Evacuate Collection Set: 0.27ms
[3509.996s][info][gc,phases      ] GC(383)   Merge Heap Roots: 0.57ms
[3509.996s][info][gc,phases      ] GC(383)   Evacuate Collection Set: 144.69ms
[3509.996s][info][gc,phases      ] GC(383)   Post Evacuate Collection Set: 0.99ms
[3509.996s][info][gc,phases      ] GC(383)   Other: 0.06ms
[3509.996s][info][gc,heap        ] GC(383) Eden regions: 571->0(572)
[3509.996s][info][gc,heap        ] GC(383) Survivor regions: 43->42(77)
[3509.996s][info][gc,heap        ] GC(383) Old regions: 164->171
[3509.996s][info][gc,heap        ] GC(383) Humongous regions: 33->33
[3509.996s][info][gc,metaspace   ] GC(383) Metaspace: 29929K(30400K)->29929K(30400K) NonClass: 24521K(24768K)->24521K(24768K) Class: 5408K(5632K)->5408K(5632K)
[3509.996s][info][gc             ] GC(383) Pause Young (Normal) (G1 Evacuation Pause) 6471M->1951M(8192M) 146.711ms
[3509.996s][info][gc,cpu         ] GC(383) User=1.16s Sys=0.00s Real=0.15s
.......[3516.585s][info][gc,start       ] GC(384) Pause Young (Normal) (G1 Evacuation Pause)
[3516.585s][info][gc,task        ] GC(384) Using 8 workers of 8 for evacuation
[3516.731s][info][gc,phases      ] GC(384)   Pre Evacuate Collection Set: 0.25ms
[3516.731s][info][gc,phases      ] GC(384)   Merge Heap Roots: 0.51ms
[3516.731s][info][gc,phases      ] GC(384)   Evacuate Collection Set: 144.85ms
[3516.731s][info][gc,phases      ] GC(384)   Post Evacuate Collection Set: 0.99ms
[3516.731s][info][gc,phases      ] GC(384)   Other: 0.06ms
[3516.731s][info][gc,heap        ] GC(384) Eden regions: 572->0(572)
[3516.731s][info][gc,heap        ] GC(384) Survivor regions: 42->42(77)
[3516.731s][info][gc,heap        ] GC(384) Old regions: 171->178
[3516.731s][info][gc,heap        ] GC(384) Humongous regions: 33->33
[3516.731s][info][gc,metaspace   ] GC(384) Metaspace: 29929K(30400K)->29929K(30400K) NonClass: 24521K(24768K)->24521K(24768K) Class: 5408K(5632K)->5408K(5632K)
[3516.731s][info][gc             ] GC(384) Pause Young (Normal) (G1 Evacuation Pause) 6527M->2007M(8192M) 146.778ms
[3516.731s][info][gc,cpu         ] GC(384) User=1.16s Sys=0.00s Real=0.14s
.......[3523.357s][info][gc,start       ] GC(385) Pause Young (Normal) (G1 Evacuation Pause)
[3523.357s][info][gc,task        ] GC(385) Using 8 workers of 8 for evacuation
[3523.515s][info][gc,phases      ] GC(385)   Pre Evacuate Collection Set: 0.29ms
[3523.515s][info][gc,phases      ] GC(385)   Merge Heap Roots: 0.56ms
[3523.515s][info][gc,phases      ] GC(385)   Evacuate Collection Set: 156.07ms
[3523.515s][info][gc,phases      ] GC(385)   Post Evacuate Collection Set: 1.01ms
[3523.515s][info][gc,phases      ] GC(385)   Other: 0.07ms
[3523.515s][info][gc,heap        ] GC(385) Eden regions: 572->0(569)
[3523.515s][info][gc,heap        ] GC(385) Survivor regions: 42->45(77)
[3523.515s][info][gc,heap        ] GC(385) Old regions: 178->185
[3523.515s][info][gc,heap        ] GC(385) Humongous regions: 33->33
[3523.515s][info][gc,metaspace   ] GC(385) Metaspace: 29929K(30400K)->29929K(30400K) NonClass: 24521K(24768K)->24521K(24768K) Class: 5408K(5632K)->5408K(5632K)
[3523.515s][info][gc             ] GC(385) Pause Young (Normal) (G1 Evacuation Pause) 6583M->2091M(8192M) 158.156ms
[3523.515s][info][gc,cpu         ] GC(385) User=1.25s Sys=0.00s Real=0.16s
.......[3530.048s][info][gc,start       ] GC(386) Pause Young (Normal) (G1 Evacuation Pause)
[3530.048s][info][gc,task        ] GC(386) Using 8 workers of 8 for evacuation
[3530.199s][info][gc,phases      ] GC(386)   Pre Evacuate Collection Set: 0.27ms
[3530.199s][info][gc,phases      ] GC(386)   Merge Heap Roots: 0.55ms
[3530.199s][info][gc,phases      ] GC(386)   Evacuate Collection Set: 149.65ms
[3530.199s][info][gc,phases      ] GC(386)   Post Evacuate Collection Set: 1.03ms
[3530.200s][info][gc,phases      ] GC(386)   Other: 0.08ms
[3530.200s][info][gc,heap        ] GC(386) Eden regions: 569->0(571)
[3530.200s][info][gc,heap        ] GC(386) Survivor regions: 45->43(77)
[3530.200s][info][gc,heap        ] GC(386) Old regions: 185->192
[3530.200s][info][gc,heap        ] GC(386) Humongous regions: 33->33
[3530.200s][info][gc,metaspace   ] GC(386) Metaspace: 29929K(30400K)->29929K(30400K) NonClass: 24521K(24768K)->24521K(24768K) Class: 5408K(5632K)->5408K(5632K)
[3530.200s][info][gc             ] GC(386) Pause Young (Normal) (G1 Evacuation Pause) 6643M->2129M(8192M) 151.717ms
[3530.200s][info][gc,cpu         ] GC(386) User=1.20s Sys=0.00s Real=0.15s
......[3536.837s][info][gc,start       ] GC(387) Pause Young (Normal) (G1 Evacuation Pause)
[3536.838s][info][gc,task        ] GC(387) Using 8 workers of 8 for evacuation
[3536.987s][info][gc,phases      ] GC(387)   Pre Evacuate Collection Set: 0.29ms
[3536.987s][info][gc,phases      ] GC(387)   Merge Heap Roots: 0.68ms
[3536.987s][info][gc,phases      ] GC(387)   Evacuate Collection Set: 146.97ms
[3536.987s][info][gc,phases      ] GC(387)   Post Evacuate Collection Set: 1.06ms
[3536.987s][info][gc,phases      ] GC(387)   Other: 0.07ms
[3536.987s][info][gc,heap        ] GC(387) Eden regions: 571->0(571)
[3536.987s][info][gc,heap        ] GC(387) Survivor regions: 43->43(77)
[3536.987s][info][gc,heap        ] GC(387) Old regions: 192->199
[3536.987s][info][gc,heap        ] GC(387) Humongous regions: 33->33
[3536.987s][info][gc,metaspace   ] GC(387) Metaspace: 29929K(30400K)->29929K(30400K) NonClass: 24521K(24768K)->24521K(24768K) Class: 5408K(5632K)->5408K(5632K)
[3536.987s][info][gc             ] GC(387) Pause Young (Normal) (G1 Evacuation Pause) 6697M->2183M(8192M) 149.236ms
[3536.987s][info][gc,cpu         ] GC(387) User=1.18s Sys=0.01s Real=0.15s
.......[3543.595s][info][gc,start       ] GC(388) Pause Young (Normal) (G1 Evacuation Pause)
[3543.595s][info][gc,task        ] GC(388) Using 8 workers of 8 for evacuation
[3543.742s][info][gc,phases      ] GC(388)   Pre Evacuate Collection Set: 0.25ms
[3543.742s][info][gc,phases      ] GC(388)   Merge Heap Roots: 0.54ms
[3543.742s][info][gc,phases      ] GC(388)   Evacuate Collection Set: 144.96ms
[3543.742s][info][gc,phases      ] GC(388)   Post Evacuate Collection Set: 1.02ms
[3543.742s][info][gc,phases      ] GC(388)   Other: 0.07ms
[3543.742s][info][gc,heap        ] GC(388) Eden regions: 571->0(571)
[3543.742s][info][gc,heap        ] GC(388) Survivor regions: 43->43(77)
[3543.742s][info][gc,heap        ] GC(388) Old regions: 199->206
[3543.742s][info][gc,heap        ] GC(388) Humongous regions: 33->33
[3543.742s][info][gc,metaspace   ] GC(388) Metaspace: 29929K(30400K)->29929K(30400K) NonClass: 24521K(24768K)->24521K(24768K) Class: 5408K(5632K)->5408K(5632K)
[3543.742s][info][gc             ] GC(388) Pause Young (Normal) (G1 Evacuation Pause) 6751M->2239M(8192M) 146.975ms
[3543.742s][info][gc,cpu         ] GC(388) User=1.16s Sys=0.01s Real=0.14s
.......[3550.328s][info][gc,start       ] GC(389) Pause Young (Normal) (G1 Evacuation Pause)
[3550.328s][info][gc,task        ] GC(389) Using 8 workers of 8 for evacuation
[3550.481s][info][gc,phases      ] GC(389)   Pre Evacuate Collection Set: 0.25ms
[3550.481s][info][gc,phases      ] GC(389)   Merge Heap Roots: 0.64ms
[3550.481s][info][gc,phases      ] GC(389)   Evacuate Collection Set: 151.12ms
[3550.481s][info][gc,phases      ] GC(389)   Post Evacuate Collection Set: 1.02ms
[3550.481s][info][gc,phases      ] GC(389)   Other: 0.06ms
[3550.481s][info][gc,heap        ] GC(389) Eden regions: 571->0(571)
[3550.481s][info][gc,heap        ] GC(389) Survivor regions: 43->43(77)
[3550.481s][info][gc,heap        ] GC(389) Old regions: 206->214
[3550.481s][info][gc,heap        ] GC(389) Humongous regions: 33->33
[3550.481s][info][gc,metaspace   ] GC(389) Metaspace: 29930K(30400K)->29930K(30400K) NonClass: 24522K(24768K)->24522K(24768K) Class: 5408K(5632K)->5408K(5632K)
[3550.481s][info][gc             ] GC(389) Pause Young (Normal) (G1 Evacuation Pause) 6807M->2296M(8192M) 153.234ms
[3550.481s][info][gc,cpu         ] GC(389) User=1.17s Sys=0.00s Real=0.15s
.......[3557.127s][info][gc,start       ] GC(390) Pause Young (Normal) (G1 Evacuation Pause)
[3557.127s][info][gc,task        ] GC(390) Using 8 workers of 8 for evacuation
[3557.276s][info][gc,phases      ] GC(390)   Pre Evacuate Collection Set: 0.29ms
[3557.276s][info][gc,phases      ] GC(390)   Merge Heap Roots: 0.59ms
[3557.276s][info][gc,phases      ] GC(390)   Evacuate Collection Set: 147.38ms
[3557.276s][info][gc,phases      ] GC(390)   Post Evacuate Collection Set: 1.02ms
[3557.276s][info][gc,phases      ] GC(390)   Other: 0.07ms
[3557.276s][info][gc,heap        ] GC(390) Eden regions: 571->0(571)
[3557.276s][info][gc,heap        ] GC(390) Survivor regions: 43->43(77)
[3557.276s][info][gc,heap        ] GC(390) Old regions: 214->221
[3557.276s][info][gc,heap        ] GC(390) Humongous regions: 33->33
[3557.276s][info][gc,metaspace   ] GC(390) Metaspace: 29930K(30400K)->29930K(30400K) NonClass: 24522K(24768K)->24522K(24768K) Class: 5408K(5632K)->5408K(5632K)
[3557.276s][info][gc             ] GC(390) Pause Young (Normal) (G1 Evacuation Pause) 6864M->2356M(8192M) 149.491ms
[3557.276s][info][gc,cpu         ] GC(390) User=1.18s Sys=0.00s Real=0.15s
...... (rIR:aIR:PR = 5684:5683:5683) (tPR = 84130) [OK] 
  3562s: Performance info:
         Transaction,    Success,    Partial,     Failed,   Receipts, AvgBarcode, 
             Overall,     341307,          0,          0,     324233,      59.48, 
         Response times:
             Request,    Success,    Partial,     Failed,   SkipFail,     Probes,    Samples,      min,      p50,      p90,      p95,      p99,      max, 
       TotalPurchase,     324234,          0,          0,          0,     316522,     339995,      400,     3700,     6600,     7800,    44000,   270000,
     InStorePurchase,     170673,          0,          0,          0,     166636,     178546,      400,     3700,     6600,     7800,    44530,   270000,
      OnlinePurchase,     119430,          0,          0,          0,     116819,     125516,      400,     3600,     6600,     7800,    45000,   269000,
        InstPurchase,      34131,          0,          0,          0,      33067,      35933,      500,     3700,     6600,     7800,    39000,   269000,
          AssocOfCat,        341,          0,          0,          0,        265,        344,    23000,    36000,    47000,    55500,   157850,   210000,
      AssocOfProduct,       3416,          0,          0,          0,       3157,       3537,      700,     4500,     6900,     8200,    48000,   159000,
      BusinessReport,        851,          0,          0,          0,        751,        915,    25000,    39000,    52000,    58000,   144400,   225000,
          CustBuyBeh,       3417,          0,          0,          0,       3180,       3594,      200,     3800,     6500,     7700,    46000,   205000,
       ProductReturn,       9048,          0,          0,          0,       8731,       9686,      200,     3900,     6600,     7700,    50130,   244000,

  3562s: (41%)   IR =   5826 [3563.844s][info][gc,start       ] GC(391) Pause Young (Normal) (G1 Evacuation Pause)
[3563.844s][info][gc,task        ] GC(391) Using 8 workers of 8 for evacuation
[3563.992s][info][gc,phases      ] GC(391)   Pre Evacuate Collection Set: 0.25ms
[3563.992s][info][gc,phases      ] GC(391)   Merge Heap Roots: 0.49ms
[3563.992s][info][gc,phases      ] GC(391)   Evacuate Collection Set: 145.98ms
[3563.992s][info][gc,phases      ] GC(391)   Post Evacuate Collection Set: 1.02ms
[3563.992s][info][gc,phases      ] GC(391)   Other: 0.06ms
[3563.992s][info][gc,heap        ] GC(391) Eden regions: 571->0(571)
[3563.992s][info][gc,heap        ] GC(391) Survivor regions: 43->43(77)
[3563.992s][info][gc,heap        ] GC(391) Old regions: 221->228
[3563.992s][info][gc,heap        ] GC(391) Humongous regions: 33->33
[3563.992s][info][gc,metaspace   ] GC(391) Metaspace: 29930K(30400K)->29930K(30400K) NonClass: 24522K(24768K)->24522K(24768K) Class: 5408K(5632K)->5408K(5632K)
[3563.992s][info][gc             ] GC(391) Pause Young (Normal) (G1 Evacuation Pause) 6924M->2412M(8192M) 147.929ms
[3563.992s][info][gc,cpu         ] GC(391) User=1.17s Sys=0.00s Real=0.15s
......|.[3570.420s][info][gc,start       ] GC(392) Pause Young (Normal) (G1 Evacuation Pause)
[3570.420s][info][gc,task        ] GC(392) Using 8 workers of 8 for evacuation
[3570.569s][info][gc,phases      ] GC(392)   Pre Evacuate Collection Set: 0.25ms
[3570.569s][info][gc,phases      ] GC(392)   Merge Heap Roots: 0.48ms
[3570.569s][info][gc,phases      ] GC(392)   Evacuate Collection Set: 147.01ms
[3570.569s][info][gc,phases      ] GC(392)   Post Evacuate Collection Set: 1.04ms
[3570.569s][info][gc,phases      ] GC(392)   Other: 0.06ms
[3570.569s][info][gc,heap        ] GC(392) Eden regions: 571->0(571)
[3570.569s][info][gc,heap        ] GC(392) Survivor regions: 43->43(77)
[3570.569s][info][gc,heap        ] GC(392) Old regions: 228->235
[3570.569s][info][gc,heap        ] GC(392) Humongous regions: 33->33
[3570.569s][info][gc,metaspace   ] GC(392) Metaspace: 29930K(30400K)->29930K(30400K) NonClass: 24522K(24768K)->24522K(24768K) Class: 5408K(5632K)->5408K(5632K)
[3570.569s][info][gc             ] GC(392) Pause Young (Normal) (G1 Evacuation Pause) 6980M->2469M(8192M) 148.980ms
[3570.569s][info][gc,cpu         ] GC(392) User=1.18s Sys=0.00s Real=0.15s
......[3577.062s][info][gc,start       ] GC(393) Pause Young (Normal) (G1 Evacuation Pause)
[3577.062s][info][gc,task        ] GC(393) Using 8 workers of 8 for evacuation
[3577.217s][info][gc,phases      ] GC(393)   Pre Evacuate Collection Set: 0.26ms
[3577.217s][info][gc,phases      ] GC(393)   Merge Heap Roots: 0.56ms
[3577.217s][info][gc,phases      ] GC(393)   Evacuate Collection Set: 153.36ms
[3577.217s][info][gc,phases      ] GC(393)   Post Evacuate Collection Set: 1.04ms
[3577.217s][info][gc,phases      ] GC(393)   Other: 0.07ms
[3577.217s][info][gc,heap        ] GC(393) Eden regions: 571->0(570)
[3577.217s][info][gc,heap        ] GC(393) Survivor regions: 43->44(77)
[3577.217s][info][gc,heap        ] GC(393) Old regions: 235->242
[3577.217s][info][gc,heap        ] GC(393) Humongous regions: 33->33
[3577.217s][info][gc,metaspace   ] GC(393) Metaspace: 29930K(30400K)->29930K(30400K) NonClass: 24522K(24768K)->24522K(24768K) Class: 5408K(5632K)->5408K(5632K)
[3577.217s][info][gc             ] GC(393) Pause Young (Normal) (G1 Evacuation Pause) 7037M->2539M(8192M) 155.430ms
[3577.217s][info][gc,cpu         ] GC(393) User=1.23s Sys=0.00s Real=0.16s
.......[3583.564s][info][gc,start       ] GC(394) Pause Young (Normal) (G1 Evacuation Pause)
[3583.564s][info][gc,task        ] GC(394) Using 8 workers of 8 for evacuation
[3583.710s][info][gc,phases      ] GC(394)   Pre Evacuate Collection Set: 0.25ms
[3583.710s][info][gc,phases      ] GC(394)   Merge Heap Roots: 0.57ms
[3583.710s][info][gc,phases      ] GC(394)   Evacuate Collection Set: 143.98ms
[3583.710s][info][gc,phases      ] GC(394)   Post Evacuate Collection Set: 1.00ms
[3583.710s][info][gc,phases      ] GC(394)   Other: 0.06ms
[3583.710s][info][gc,heap        ] GC(394) Eden regions: 570->0(571)
[3583.710s][info][gc,heap        ] GC(394) Survivor regions: 44->43(77)
[3583.710s][info][gc,heap        ] GC(394) Old regions: 242->249
[3583.710s][info][gc,heap        ] GC(394) Humongous regions: 33->33
[3583.710s][info][gc,metaspace   ] GC(394) Metaspace: 29930K(30400K)->29930K(30400K) NonClass: 24522K(24768K)->24522K(24768K) Class: 5408K(5632K)->5408K(5632K)
[3583.710s][info][gc             ] GC(394) Pause Young (Normal) (G1 Evacuation Pause) 7099M->2583M(8192M) 145.999ms
[3583.710s][info][gc,cpu         ] GC(394) User=1.15s Sys=0.00s Real=0.15s
......[3590.203s][info][gc,start       ] GC(395) Pause Young (Normal) (G1 Evacuation Pause)
[3590.203s][info][gc,task        ] GC(395) Using 8 workers of 8 for evacuation
[3590.353s][info][gc,phases      ] GC(395)   Pre Evacuate Collection Set: 0.25ms
[3590.353s][info][gc,phases      ] GC(395)   Merge Heap Roots: 0.54ms
[3590.353s][info][gc,phases      ] GC(395)   Evacuate Collection Set: 148.49ms
[3590.353s][info][gc,phases      ] GC(395)   Post Evacuate Collection Set: 1.01ms
[3590.353s][info][gc,phases      ] GC(395)   Other: 0.07ms
[3590.353s][info][gc,heap        ] GC(395) Eden regions: 571->0(570)
[3590.353s][info][gc,heap        ] GC(395) Survivor regions: 43->44(77)
[3590.353s][info][gc,heap        ] GC(395) Old regions: 249->256
[3590.353s][info][gc,heap        ] GC(395) Humongous regions: 33->33
[3590.353s][info][gc,metaspace   ] GC(395) Metaspace: 29930K(30400K)->29930K(30400K) NonClass: 24522K(24768K)->24522K(24768K) Class: 5408K(5632K)->5408K(5632K)
[3590.353s][info][gc             ] GC(395) Pause Young (Normal) (G1 Evacuation Pause) 7151M->2647M(8192M) 150.513ms
[3590.354s][info][gc,cpu         ] GC(395) User=1.20s Sys=0.00s Real=0.15s
.......[3596.748s][info][gc,start       ] GC(396) Pause Young (Normal) (G1 Evacuation Pause)
[3596.748s][info][gc,task        ] GC(396) Using 8 workers of 8 for evacuation
[3596.897s][info][gc,phases      ] GC(396)   Pre Evacuate Collection Set: 0.27ms
[3596.897s][info][gc,phases      ] GC(396)   Merge Heap Roots: 0.56ms
[3596.897s][info][gc,phases      ] GC(396)   Evacuate Collection Set: 146.85ms
[3596.897s][info][gc,phases      ] GC(396)   Post Evacuate Collection Set: 1.01ms
[3596.897s][info][gc,phases      ] GC(396)   Other: 0.06ms
[3596.897s][info][gc,heap        ] GC(396) Eden regions: 570->0(571)
[3596.897s][info][gc,heap        ] GC(396) Survivor regions: 44->43(77)
[3596.897s][info][gc,heap        ] GC(396) Old regions: 256->263
[3596.897s][info][gc,heap        ] GC(396) Humongous regions: 33->33
[3596.897s][info][gc,metaspace   ] GC(396) Metaspace: 29930K(30400K)->29930K(30400K) NonClass: 24522K(24768K)->24522K(24768K) Class: 5408K(5632K)->5408K(5632K)
[3596.897s][info][gc             ] GC(396) Pause Young (Normal) (G1 Evacuation Pause) 7207M->2696M(8192M) 148.882ms
[3596.897s][info][gc,cpu         ] GC(396) User=1.18s Sys=0.00s Real=0.15s
.......[3603.365s][info][gc,start       ] GC(397) Pause Young (Normal) (G1 Evacuation Pause)
[3603.365s][info][gc,task        ] GC(397) Using 8 workers of 8 for evacuation
[3603.514s][info][gc,phases      ] GC(397)   Pre Evacuate Collection Set: 0.25ms
[3603.514s][info][gc,phases      ] GC(397)   Merge Heap Roots: 0.51ms
[3603.514s][info][gc,phases      ] GC(397)   Evacuate Collection Set: 147.25ms
[3603.514s][info][gc,phases      ] GC(397)   Post Evacuate Collection Set: 1.03ms
[3603.514s][info][gc,phases      ] GC(397)   Other: 0.07ms
[3603.514s][info][gc,heap        ] GC(397) Eden regions: 571->0(572)
[3603.514s][info][gc,heap        ] GC(397) Survivor regions: 43->42(77)
[3603.514s][info][gc,heap        ] GC(397) Old regions: 263->270
[3603.514s][info][gc,heap        ] GC(397) Humongous regions: 33->33
[3603.514s][info][gc,metaspace   ] GC(397) Metaspace: 29930K(30400K)->29930K(30400K) NonClass: 24522K(24768K)->24522K(24768K) Class: 5408K(5632K)->5408K(5632K)
[3603.514s][info][gc             ] GC(397) Pause Young (Normal) (G1 Evacuation Pause) 7264M->2744M(8192M) 149.253ms
[3603.514s][info][gc,cpu         ] GC(397) User=1.18s Sys=0.00s Real=0.14s
......[3610.023s][info][gc,start       ] GC(398) Pause Young (Normal) (G1 Evacuation Pause)
[3610.023s][info][gc,task        ] GC(398) Using 8 workers of 8 for evacuation
[3610.170s][info][gc,phases      ] GC(398)   Pre Evacuate Collection Set: 0.25ms
[3610.170s][info][gc,phases      ] GC(398)   Merge Heap Roots: 0.56ms
[3610.170s][info][gc,phases      ] GC(398)   Evacuate Collection Set: 145.59ms
[3610.171s][info][gc,phases      ] GC(398)   Post Evacuate Collection Set: 1.02ms
[3610.171s][info][gc,phases      ] GC(398)   Other: 0.06ms
[3610.171s][info][gc,heap        ] GC(398) Eden regions: 572->0(572)
[3610.171s][info][gc,heap        ] GC(398) Survivor regions: 42->42(77)
[3610.171s][info][gc,heap        ] GC(398) Old regions: 270->277
[3610.171s][info][gc,heap        ] GC(398) Humongous regions: 33->33
[3610.171s][info][gc,metaspace   ] GC(398) Metaspace: 29930K(30400K)->29930K(30400K) NonClass: 24522K(24768K)->24522K(24768K) Class: 5408K(5632K)->5408K(5632K)
[3610.171s][info][gc             ] GC(398) Pause Young (Normal) (G1 Evacuation Pause) 7320M->2796M(8192M) 147.596ms
[3610.171s][info][gc,cpu         ] GC(398) User=1.17s Sys=0.00s Real=0.15s
.......[3616.481s][info][gc,start       ] GC(399) Pause Young (Normal) (G1 Evacuation Pause)
[3616.481s][info][gc,task        ] GC(399) Using 8 workers of 8 for evacuation
[3616.627s][info][gc,phases      ] GC(399)   Pre Evacuate Collection Set: 0.25ms
[3616.627s][info][gc,phases      ] GC(399)   Merge Heap Roots: 0.52ms
[3616.627s][info][gc,phases      ] GC(399)   Evacuate Collection Set: 144.38ms
[3616.627s][info][gc,phases      ] GC(399)   Post Evacuate Collection Set: 1.00ms
[3616.627s][info][gc,phases      ] GC(399)   Other: 0.07ms
[3616.627s][info][gc,heap        ] GC(399) Eden regions: 572->0(571)
[3616.627s][info][gc,heap        ] GC(399) Survivor regions: 42->42(77)
[3616.627s][info][gc,heap        ] GC(399) Old regions: 277->284
[3616.627s][info][gc,heap        ] GC(399) Humongous regions: 33->33
[3616.627s][info][gc,metaspace   ] GC(399) Metaspace: 29930K(30400K)->29930K(30400K) NonClass: 24522K(24768K)->24522K(24768K) Class: 5408K(5632K)->5408K(5632K)
[3616.627s][info][gc             ] GC(399) Pause Young (Normal) (G1 Evacuation Pause) 7372M->2856M(8192M) 146.352ms
[3616.627s][info][gc,cpu         ] GC(399) User=1.16s Sys=0.00s Real=0.15s
......[3623.158s][info][gc,start       ] GC(400) Pause Young (Normal) (G1 Evacuation Pause)
[3623.158s][info][gc,task        ] GC(400) Using 8 workers of 8 for evacuation
[3623.307s][info][gc,phases      ] GC(400)   Pre Evacuate Collection Set: 0.28ms
[3623.307s][info][gc,phases      ] GC(400)   Merge Heap Roots: 0.50ms
[3623.307s][info][gc,phases      ] GC(400)   Evacuate Collection Set: 146.34ms
[3623.307s][info][gc,phases      ] GC(400)   Post Evacuate Collection Set: 1.03ms
[3623.307s][info][gc,phases      ] GC(400)   Other: 0.07ms
[3623.307s][info][gc,heap        ] GC(400) Eden regions: 571->0(564)
[3623.307s][info][gc,heap        ] GC(400) Survivor regions: 42->42(77)
[3623.307s][info][gc,heap        ] GC(400) Old regions: 284->291
[3623.307s][info][gc,heap        ] GC(400) Humongous regions: 33->33
[3623.307s][info][gc,metaspace   ] GC(400) Metaspace: 29930K(30400K)->29930K(30400K) NonClass: 24522K(24768K)->24522K(24768K) Class: 5408K(5632K)->5408K(5632K)
[3623.307s][info][gc             ] GC(400) Pause Young (Normal) (G1 Evacuation Pause) 7424M->2913M(8192M) 148.361ms
[3623.307s][info][gc,cpu         ] GC(400) User=1.18s Sys=0.00s Real=0.15s
....... (rIR:aIR:PR = 5826:5825:5825) (tPR = 86548) [OK] 
  3629s: Performance info:
         Transaction,    Success,    Partial,     Failed,   Receipts, AvgBarcode, 
             Overall,     351153,          0,          0,     333604,      59.48, 
         Response times:
             Request,    Success,    Partial,     Failed,   SkipFail,     Probes,    Samples,      min,      p50,      p90,      p95,      p99,      max, 
       TotalPurchase,     333604,          0,          0,          0,     326540,     361306,      300,     3800,     6800,     8000,    44000,   258000,
     InStorePurchase,     175566,          0,          0,          0,     172049,     190104,      300,     3800,     6800,     8000,    45000,   258000,
      OnlinePurchase,     122918,          0,          0,          0,     120507,     133284,      400,     3700,     6900,     8100,    42000,   258000,
        InstPurchase,      35120,          0,          0,          0,      33984,      37918,      500,     3900,     6800,     8100,    43000,   164000,
          AssocOfCat,        353,          0,          0,          0,        277,        383,    25000,    37000,    53000,    79800,   113320,   206000,
      AssocOfProduct,       3512,          0,          0,          0,       3250,       3807,      700,     4200,     7500,     8800,    39920,   160000,
      BusinessReport,        875,          0,          0,          0,        736,        905,    25000,    39000,    54000,    59000,    93520,   208000,
          CustBuyBeh,       3512,          0,          0,          0,       3191,       3678,      200,     3300,     6300,     7205,    39210,   258000,
       ProductReturn,       9297,          0,          0,          0,       8741,       9917,      200,     3200,     6700,     7800,    36000,   160000,

  3629s: (42%)   IR =   5968 [3629.592s][info][gc,start       ] GC(401) Pause Young (Normal) (G1 Evacuation Pause)
[3629.592s][info][gc,task        ] GC(401) Using 8 workers of 8 for evacuation
[3629.738s][info][gc,phases      ] GC(401)   Pre Evacuate Collection Set: 0.26ms
[3629.738s][info][gc,phases      ] GC(401)   Merge Heap Roots: 0.57ms
[3629.738s][info][gc,phases      ] GC(401)   Evacuate Collection Set: 144.26ms
[3629.738s][info][gc,phases      ] GC(401)   Post Evacuate Collection Set: 1.04ms
[3629.738s][info][gc,phases      ] GC(401)   Other: 0.06ms
[3629.738s][info][gc,heap        ] GC(401) Eden regions: 564->0(557)
[3629.738s][info][gc,heap        ] GC(401) Survivor regions: 42->42(76)
[3629.738s][info][gc,heap        ] GC(401) Old regions: 291->298
[3629.738s][info][gc,heap        ] GC(401) Humongous regions: 33->33
[3629.738s][info][gc,metaspace   ] GC(401) Metaspace: 29930K(30400K)->29930K(30400K) NonClass: 24522K(24768K)->24522K(24768K) Class: 5408K(5632K)->5408K(5632K)
[3629.738s][info][gc             ] GC(401) Pause Young (Normal) (G1 Evacuation Pause) 7425M->2964M(8192M) 146.320ms
[3629.738s][info][gc,cpu         ] GC(401) User=1.15s Sys=0.00s Real=0.15s
....|..[3635.908s][info][gc,start       ] GC(402) Pause Young (Normal) (G1 Evacuation Pause)
[3635.908s][info][gc,task        ] GC(402) Using 8 workers of 8 for evacuation
[3636.059s][info][gc,phases      ] GC(402)   Pre Evacuate Collection Set: 0.28ms
[3636.059s][info][gc,phases      ] GC(402)   Merge Heap Roots: 0.56ms
[3636.059s][info][gc,phases      ] GC(402)   Evacuate Collection Set: 149.34ms
[3636.059s][info][gc,phases      ] GC(402)   Post Evacuate Collection Set: 1.01ms
[3636.059s][info][gc,phases      ] GC(402)   Other: 0.06ms
[3636.059s][info][gc,heap        ] GC(402) Eden regions: 557->0(548)
[3636.059s][info][gc,heap        ] GC(402) Survivor regions: 42->43(75)
[3636.059s][info][gc,heap        ] GC(402) Old regions: 298->305
[3636.059s][info][gc,heap        ] GC(402) Humongous regions: 33->33
[3636.059s][info][gc,metaspace   ] GC(402) Metaspace: 29930K(30400K)->29930K(30400K) NonClass: 24522K(24768K)->24522K(24768K) Class: 5408K(5632K)->5408K(5632K)
[3636.059s][info][gc             ] GC(402) Pause Young (Normal) (G1 Evacuation Pause) 7420M->3031M(8192M) 151.376ms
[3636.059s][info][gc,cpu         ] GC(402) User=1.20s Sys=0.00s Real=0.15s
......[3642.048s][info][gc,start       ] GC(403) Pause Young (Normal) (G1 Evacuation Pause)
[3642.048s][info][gc,task        ] GC(403) Using 8 workers of 8 for evacuation
[3642.195s][info][gc,phases      ] GC(403)   Pre Evacuate Collection Set: 0.25ms
[3642.195s][info][gc,phases      ] GC(403)   Merge Heap Roots: 0.50ms
[3642.195s][info][gc,phases      ] GC(403)   Evacuate Collection Set: 145.14ms
[3642.195s][info][gc,phases      ] GC(403)   Post Evacuate Collection Set: 0.98ms
[3642.195s][info][gc,phases      ] GC(403)   Other: 0.08ms
[3642.195s][info][gc,heap        ] GC(403) Eden regions: 548->0(542)
[3642.195s][info][gc,heap        ] GC(403) Survivor regions: 43->42(74)
[3642.195s][info][gc,heap        ] GC(403) Old regions: 305->313
[3642.195s][info][gc,heap        ] GC(403) Humongous regions: 33->33
[3642.195s][info][gc,metaspace   ] GC(403) Metaspace: 29930K(30400K)->29930K(30400K) NonClass: 24522K(24768K)->24522K(24768K) Class: 5408K(5632K)->5408K(5632K)
[3642.195s][info][gc             ] GC(403) Pause Young (Normal) (G1 Evacuation Pause) 7415M->3087M(8192M) 147.092ms
[3642.195s][info][gc,cpu         ] GC(403) User=1.16s Sys=0.00s Real=0.15s
......[3648.078s][info][gc,start       ] GC(404) Pause Young (Concurrent Start) (G1 Evacuation Pause)
[3648.078s][info][gc,task        ] GC(404) Using 8 workers of 8 for evacuation
[3648.224s][info][gc,phases      ] GC(404)   Pre Evacuate Collection Set: 0.30ms
[3648.224s][info][gc,phases      ] GC(404)   Merge Heap Roots: 0.53ms
[3648.224s][info][gc,phases      ] GC(404)   Evacuate Collection Set: 143.72ms
[3648.224s][info][gc,phases      ] GC(404)   Post Evacuate Collection Set: 0.97ms
[3648.224s][info][gc,phases      ] GC(404)   Other: 0.11ms
[3648.224s][info][gc,heap        ] GC(404) Eden regions: 542->0(536)
[3648.224s][info][gc,heap        ] GC(404) Survivor regions: 42->41(73)
[3648.224s][info][gc,heap        ] GC(404) Old regions: 313->321
[3648.224s][info][gc,heap        ] GC(404) Humongous regions: 33->33
[3648.224s][info][gc,metaspace   ] GC(404) Metaspace: 29930K(30400K)->29930K(30400K) NonClass: 24522K(24768K)->24522K(24768K) Class: 5408K(5632K)->5408K(5632K)
[3648.224s][info][gc             ] GC(404) Pause Young (Concurrent Start) (G1 Evacuation Pause) 7423M->3140M(8192M) 145.773ms
[3648.224s][info][gc             ] GC(405) Concurrent Mark Cycle
[3648.224s][info][gc,marking     ] GC(405) Concurrent Scan Root Regions
[3648.224s][info][gc,cpu         ] GC(404) User=1.16s Sys=0.00s Real=0.14s
.[3648.532s][info][gc,marking     ] GC(405) Concurrent Scan Root Regions 308.558ms
[3648.532s][info][gc,marking     ] GC(405) Concurrent Mark
[3648.532s][info][gc,marking     ] GC(405) Concurrent Mark From Roots
[3648.532s][info][gc,task        ] GC(405) Using 2 workers of 2 for marking
[3649.242s][info][gc,marking     ] GC(405) Concurrent Mark From Roots 709.987ms
[3649.242s][info][gc,marking     ] GC(405) Concurrent Preclean
[3649.242s][info][gc,marking     ] GC(405) Concurrent Preclean 0.092ms
[3649.243s][info][gc,start       ] GC(405) Pause Remark
[3649.244s][info][gc             ] GC(405) Pause Remark 3972M->3364M(8192M) 1.811ms
[3649.244s][info][gc,cpu         ] GC(405) User=0.01s Sys=0.00s Real=0.00s
[3649.244s][info][gc,marking     ] GC(405) Concurrent Mark 712.161ms
[3649.244s][info][gc,marking     ] GC(405) Concurrent Rebuild Remembered Sets and Scrub Regions
.[3649.622s][info][gc,marking     ] GC(405) Concurrent Rebuild Remembered Sets and Scrub Regions 377.384ms
[3649.622s][info][gc,start       ] GC(405) Pause Cleanup
[3649.622s][info][gc             ] GC(405) Pause Cleanup 3610M->3610M(8192M) 0.261ms
[3649.622s][info][gc,cpu         ] GC(405) User=0.00s Sys=0.00s Real=0.00s
[3649.622s][info][gc,marking     ] GC(405) Concurrent Clear Claimed Marks
[3649.622s][info][gc,marking     ] GC(405) Concurrent Clear Claimed Marks 0.041ms
[3649.622s][info][gc,marking     ] GC(405) Concurrent Cleanup for Next Mark
[3649.631s][info][gc,marking     ] GC(405) Concurrent Cleanup for Next Mark 8.609ms
[3649.631s][info][gc             ] GC(405) Concurrent Mark Cycle 1407.430ms
....[3654.087s][info][gc,start       ] GC(406) Pause Young (Prepare Mixed) (G1 Evacuation Pause)
[3654.087s][info][gc,task        ] GC(406) Using 8 workers of 8 for evacuation
[3654.233s][info][gc,phases      ] GC(406)   Pre Evacuate Collection Set: 0.28ms
[3654.233s][info][gc,phases      ] GC(406)   Merge Heap Roots: 0.68ms
[3654.233s][info][gc,phases      ] GC(406)   Evacuate Collection Set: 143.63ms
[3654.233s][info][gc,phases      ] GC(406)   Post Evacuate Collection Set: 1.05ms
[3654.233s][info][gc,phases      ] GC(406)   Other: 0.07ms
[3654.233s][info][gc,heap        ] GC(406) Eden regions: 536->0(572)
[3654.233s][info][gc,heap        ] GC(406) Survivor regions: 41->42(73)
[3654.233s][info][gc,heap        ] GC(406) Old regions: 245->252
[3654.233s][info][gc,heap        ] GC(406) Humongous regions: 33->33
[3654.233s][info][gc,metaspace   ] GC(406) Metaspace: 29930K(30400K)->29930K(30400K) NonClass: 24522K(24768K)->24522K(24768K) Class: 5408K(5632K)->5408K(5632K)
[3654.233s][info][gc             ] GC(406) Pause Young (Prepare Mixed) (G1 Evacuation Pause) 6820M->2598M(8192M) 145.842ms
[3654.233s][info][gc,cpu         ] GC(406) User=1.15s Sys=0.01s Real=0.14s
.......[3660.502s][info][gc,start       ] GC(407) Pause Young (Mixed) (G1 Evacuation Pause)
[3660.502s][info][gc,task        ] GC(407) Using 8 workers of 8 for evacuation
[3660.653s][info][gc,phases      ] GC(407)   Pre Evacuate Collection Set: 0.27ms
[3660.653s][info][gc,phases      ] GC(407)   Merge Heap Roots: 0.87ms
[3660.653s][info][gc,phases      ] GC(407)   Evacuate Collection Set: 148.89ms
[3660.653s][info][gc,phases      ] GC(407)   Post Evacuate Collection Set: 1.28ms
[3660.653s][info][gc,phases      ] GC(407)   Other: 0.08ms
[3660.653s][info][gc,heap        ] GC(407) Eden regions: 572->0(573)
[3660.653s][info][gc,heap        ] GC(407) Survivor regions: 42->41(77)
[3660.653s][info][gc,heap        ] GC(407) Old regions: 252->157
[3660.653s][info][gc,heap        ] GC(407) Humongous regions: 33->33
[3660.653s][info][gc,metaspace   ] GC(407) Metaspace: 29930K(30400K)->29930K(30400K) NonClass: 24522K(24768K)->24522K(24768K) Class: 5408K(5632K)->5408K(5632K)
[3660.653s][info][gc             ] GC(407) Pause Young (Mixed) (G1 Evacuation Pause) 7174M->1835M(8192M) 151.531ms
[3660.653s][info][gc,cpu         ] GC(407) User=1.20s Sys=0.00s Real=0.15s
......[3666.960s][info][gc,start       ] GC(408) Pause Young (Mixed) (G1 Evacuation Pause)
[3666.960s][info][gc,task        ] GC(408) Using 8 workers of 8 for evacuation
[3667.115s][info][gc,phases      ] GC(408)   Pre Evacuate Collection Set: 0.28ms
[3667.115s][info][gc,phases      ] GC(408)   Merge Heap Roots: 0.80ms
[3667.115s][info][gc,phases      ] GC(408)   Evacuate Collection Set: 152.73ms
[3667.115s][info][gc,phases      ] GC(408)   Post Evacuate Collection Set: 1.03ms
[3667.115s][info][gc,phases      ] GC(408)   Other: 0.07ms
[3667.115s][info][gc,heap        ] GC(408) Eden regions: 573->0(572)
[3667.115s][info][gc,heap        ] GC(408) Survivor regions: 41->42(77)
[3667.115s][info][gc,heap        ] GC(408) Old regions: 157->143
[3667.115s][info][gc,heap        ] GC(408) Humongous regions: 33->33
[3667.115s][info][gc,metaspace   ] GC(408) Metaspace: 29930K(30400K)->29930K(30400K) NonClass: 24522K(24768K)->24522K(24768K) Class: 5408K(5632K)->5408K(5632K)
[3667.115s][info][gc             ] GC(408) Pause Young (Mixed) (G1 Evacuation Pause) 6419M->1726M(8192M) 155.049ms
[3667.115s][info][gc,cpu         ] GC(408) User=1.23s Sys=0.00s Real=0.16s
......[3673.364s][info][gc,start       ] GC(409) Pause Young (Normal) (G1 Evacuation Pause)
[3673.364s][info][gc,task        ] GC(409) Using 8 workers of 8 for evacuation
[3673.512s][info][gc,phases      ] GC(409)   Pre Evacuate Collection Set: 0.23ms
[3673.512s][info][gc,phases      ] GC(409)   Merge Heap Roots: 0.61ms
[3673.512s][info][gc,phases      ] GC(409)   Evacuate Collection Set: 146.76ms
[3673.512s][info][gc,phases      ] GC(409)   Post Evacuate Collection Set: 1.02ms
[3673.512s][info][gc,phases      ] GC(409)   Other: 0.08ms
[3673.512s][info][gc,heap        ] GC(409) Eden regions: 572->0(571)
[3673.512s][info][gc,heap        ] GC(409) Survivor regions: 42->43(77)
[3673.512s][info][gc,heap        ] GC(409) Old regions: 143->150
[3673.512s][info][gc,heap        ] GC(409) Humongous regions: 33->33
[3673.512s][info][gc,metaspace   ] GC(409) Metaspace: 29930K(30400K)->29930K(30400K) NonClass: 24522K(24768K)->24522K(24768K) Class: 5408K(5632K)->5408K(5632K)
[3673.512s][info][gc             ] GC(409) Pause Young (Normal) (G1 Evacuation Pause) 6302M->1792M(8192M) 148.846ms
[3673.512s][info][gc,cpu         ] GC(409) User=1.18s Sys=0.00s Real=0.15s
.......[3679.802s][info][gc,start       ] GC(410) Pause Young (Normal) (G1 Evacuation Pause)
[3679.802s][info][gc,task        ] GC(410) Using 8 workers of 8 for evacuation
[3679.950s][info][gc,phases      ] GC(410)   Pre Evacuate Collection Set: 0.26ms
[3679.950s][info][gc,phases      ] GC(410)   Merge Heap Roots: 0.57ms
[3679.950s][info][gc,phases      ] GC(410)   Evacuate Collection Set: 145.86ms
[3679.950s][info][gc,phases      ] GC(410)   Post Evacuate Collection Set: 1.02ms
[3679.950s][info][gc,phases      ] GC(410)   Other: 0.06ms
[3679.950s][info][gc,heap        ] GC(410) Eden regions: 571->0(572)
[3679.950s][info][gc,heap        ] GC(410) Survivor regions: 43->42(77)
[3679.950s][info][gc,heap        ] GC(410) Old regions: 150->157
[3679.950s][info][gc,heap        ] GC(410) Humongous regions: 33->33
[3679.950s][info][gc,metaspace   ] GC(410) Metaspace: 29930K(30400K)->29930K(30400K) NonClass: 24522K(24768K)->24522K(24768K) Class: 5408K(5632K)->5408K(5632K)
[3679.950s][info][gc             ] GC(410) Pause Young (Normal) (G1 Evacuation Pause) 6360M->1840M(8192M) 147.898ms
[3679.950s][info][gc,cpu         ] GC(410) User=1.17s Sys=0.00s Real=0.15s
......[3686.261s][info][gc,start       ] GC(411) Pause Young (Normal) (G1 Evacuation Pause)
[3686.261s][info][gc,task        ] GC(411) Using 8 workers of 8 for evacuation
[3686.409s][info][gc,phases      ] GC(411)   Pre Evacuate Collection Set: 0.24ms
[3686.410s][info][gc,phases      ] GC(411)   Merge Heap Roots: 0.56ms
[3686.410s][info][gc,phases      ] GC(411)   Evacuate Collection Set: 146.92ms
[3686.410s][info][gc,phases      ] GC(411)   Post Evacuate Collection Set: 1.00ms
[3686.410s][info][gc,phases      ] GC(411)   Other: 0.06ms
[3686.410s][info][gc,heap        ] GC(411) Eden regions: 572->0(570)
[3686.410s][info][gc,heap        ] GC(411) Survivor regions: 42->44(77)
[3686.410s][info][gc,heap        ] GC(411) Old regions: 157->164
[3686.410s][info][gc,heap        ] GC(411) Humongous regions: 33->33
[3686.410s][info][gc,metaspace   ] GC(411) Metaspace: 29930K(30400K)->29930K(30400K) NonClass: 24522K(24768K)->24522K(24768K) Class: 5408K(5632K)->5408K(5632K)
[3686.410s][info][gc             ] GC(411) Pause Young (Normal) (G1 Evacuation Pause) 6416M->1907M(8192M) 148.930ms
[3686.410s][info][gc,cpu         ] GC(411) User=1.18s Sys=0.01s Real=0.15s
.......[3692.631s][info][gc,start       ] GC(412) Pause Young (Normal) (G1 Evacuation Pause)
[3692.631s][info][gc,task        ] GC(412) Using 8 workers of 8 for evacuation
[3692.783s][info][gc,phases      ] GC(412)   Pre Evacuate Collection Set: 0.29ms
[3692.783s][info][gc,phases      ] GC(412)   Merge Heap Roots: 0.65ms
[3692.783s][info][gc,phases      ] GC(412)   Evacuate Collection Set: 149.57ms
[3692.783s][info][gc,phases      ] GC(412)   Post Evacuate Collection Set: 1.02ms
[3692.783s][info][gc,phases      ] GC(412)   Other: 0.06ms
[3692.783s][info][gc,heap        ] GC(412) Eden regions: 570->0(570)
[3692.783s][info][gc,heap        ] GC(412) Survivor regions: 44->44(77)
[3692.783s][info][gc,heap        ] GC(412) Old regions: 164->171
[3692.783s][info][gc,heap        ] GC(412) Humongous regions: 33->33
[3692.783s][info][gc,metaspace   ] GC(412) Metaspace: 29930K(30400K)->29930K(30400K) NonClass: 24522K(24768K)->24522K(24768K) Class: 5408K(5632K)->5408K(5632K)
[3692.783s][info][gc             ] GC(412) Pause Young (Normal) (G1 Evacuation Pause) 6467M->1963M(8192M) 151.732ms
[3692.783s][info][gc,cpu         ] GC(412) User=1.20s Sys=0.01s Real=0.15s
. (rIR:aIR:PR = 5968:5969:5969) (tPR = 88800) [OK] 
  3693s: Performance info:
         Transaction,    Success,    Partial,     Failed,   Receipts, AvgBarcode, 
             Overall,     358585,          0,          0,     340630,      59.47, 
         Response times:
             Request,    Success,    Partial,     Failed,   SkipFail,     Probes,    Samples,      min,      p50,      p90,      p95,      p99,      max, 
       TotalPurchase,     340630,          0,          0,          0,     333954,     358105,      300,     4000,     7300,     9200,    60000,   373000,
     InStorePurchase,     179276,          0,          0,          0,     175994,     188625,      300,     4100,     7200,     9100,    62000,   373000,
      OnlinePurchase,     125484,          0,          0,          0,     123109,     131995,      300,     4000,     7400,     9200,    58000,   369000,
        InstPurchase,      35870,          0,          0,          0,      34851,      37485,      500,     3900,     7500,     9400,    56000,   367000,
          AssocOfCat,        360,          0,          0,          0,        279,        363,    26000,    36000,    50600,    56800,    97800,   198000,
      AssocOfProduct,       3604,          0,          0,          0,       3319,       3738,      800,     3200,     7500,     9405,    48000,   162000,
      BusinessReport,        895,          0,          0,          0,        768,        940,    21000,    41000,    55000,    66950,   135000,   210000,
          CustBuyBeh,       3602,          0,          0,          0,       3297,       3714,      300,     3150,     7200,     9400,    47850,   159000,
       ProductReturn,       9494,          0,          0,          0,       9065,       9953,      300,     4100,     7000,     8800,    66000,   373000,

  3693s: (43%)   IR =   6110 .....|[3698.912s][info][gc,start       ] GC(413) Pause Young (Normal) (G1 Evacuation Pause)
[3698.912s][info][gc,task        ] GC(413) Using 8 workers of 8 for evacuation
[3699.064s][info][gc,phases      ] GC(413)   Pre Evacuate Collection Set: 0.25ms
[3699.064s][info][gc,phases      ] GC(413)   Merge Heap Roots: 0.51ms
[3699.064s][info][gc,phases      ] GC(413)   Evacuate Collection Set: 150.25ms
[3699.064s][info][gc,phases      ] GC(413)   Post Evacuate Collection Set: 1.00ms
[3699.064s][info][gc,phases      ] GC(413)   Other: 0.07ms
[3699.064s][info][gc,heap        ] GC(413) Eden regions: 570->0(570)
[3699.064s][info][gc,heap        ] GC(413) Survivor regions: 44->44(77)
[3699.064s][info][gc,heap        ] GC(413) Old regions: 171->178
[3699.064s][info][gc,heap        ] GC(413) Humongous regions: 33->33
[3699.064s][info][gc,metaspace   ] GC(413) Metaspace: 29930K(30400K)->29930K(30400K) NonClass: 24522K(24768K)->24522K(24768K) Class: 5408K(5632K)->5408K(5632K)
[3699.064s][info][gc             ] GC(413) Pause Young (Normal) (G1 Evacuation Pause) 6523M->2019M(8192M) 152.199ms
[3699.064s][info][gc,cpu         ] GC(413) User=1.21s Sys=0.00s Real=0.15s
......[3705.186s][info][gc,start       ] GC(414) Pause Young (Normal) (G1 Evacuation Pause)
[3705.187s][info][gc,task        ] GC(414) Using 8 workers of 8 for evacuation
[3705.336s][info][gc,phases      ] GC(414)   Pre Evacuate Collection Set: 0.26ms
[3705.336s][info][gc,phases      ] GC(414)   Merge Heap Roots: 0.55ms
[3705.336s][info][gc,phases      ] GC(414)   Evacuate Collection Set: 147.50ms
[3705.336s][info][gc,phases      ] GC(414)   Post Evacuate Collection Set: 1.02ms
[3705.336s][info][gc,phases      ] GC(414)   Other: 0.07ms
[3705.336s][info][gc,heap        ] GC(414) Eden regions: 570->0(571)
[3705.336s][info][gc,heap        ] GC(414) Survivor regions: 44->43(77)
[3705.336s][info][gc,heap        ] GC(414) Old regions: 178->185
[3705.336s][info][gc,heap        ] GC(414) Humongous regions: 33->33
[3705.336s][info][gc,metaspace   ] GC(414) Metaspace: 29930K(30400K)->29930K(30400K) NonClass: 24522K(24768K)->24522K(24768K) Class: 5408K(5632K)->5408K(5632K)
[3705.336s][info][gc             ] GC(414) Pause Young (Normal) (G1 Evacuation Pause) 6579M->2071M(8192M) 149.542ms
[3705.336s][info][gc,cpu         ] GC(414) User=1.18s Sys=0.00s Real=0.15s
......[3711.440s][info][gc,start       ] GC(415) Pause Young (Normal) (G1 Evacuation Pause)
[3711.440s][info][gc,task        ] GC(415) Using 8 workers of 8 for evacuation
[3711.587s][info][gc,phases      ] GC(415)   Pre Evacuate Collection Set: 0.24ms
[3711.587s][info][gc,phases      ] GC(415)   Merge Heap Roots: 0.58ms
[3711.587s][info][gc,phases      ] GC(415)   Evacuate Collection Set: 145.81ms
[3711.587s][info][gc,phases      ] GC(415)   Post Evacuate Collection Set: 0.99ms
[3711.587s][info][gc,phases      ] GC(415)   Other: 0.08ms
[3711.587s][info][gc,heap        ] GC(415) Eden regions: 571->0(572)
[3711.588s][info][gc,heap        ] GC(415) Survivor regions: 43->42(77)
[3711.588s][info][gc,heap        ] GC(415) Old regions: 185->192
[3711.588s][info][gc,heap        ] GC(415) Humongous regions: 33->33
[3711.588s][info][gc,metaspace   ] GC(415) Metaspace: 29930K(30400K)->29930K(30400K) NonClass: 24522K(24768K)->24522K(24768K) Class: 5408K(5632K)->5408K(5632K)
[3711.588s][info][gc             ] GC(415) Pause Young (Normal) (G1 Evacuation Pause) 6639M->2116M(8192M) 147.853ms
[3711.588s][info][gc,cpu         ] GC(415) User=1.17s Sys=0.00s Real=0.15s
.......[3717.715s][info][gc,start       ] GC(416) Pause Young (Normal) (G1 Evacuation Pause)
[3717.715s][info][gc,task        ] GC(416) Using 8 workers of 8 for evacuation
[3717.862s][info][gc,phases      ] GC(416)   Pre Evacuate Collection Set: 0.24ms
[3717.862s][info][gc,phases      ] GC(416)   Merge Heap Roots: 0.54ms
[3717.862s][info][gc,phases      ] GC(416)   Evacuate Collection Set: 144.87ms
[3717.862s][info][gc,phases      ] GC(416)   Post Evacuate Collection Set: 1.03ms
[3717.862s][info][gc,phases      ] GC(416)   Other: 0.06ms
[3717.862s][info][gc,heap        ] GC(416) Eden regions: 572->0(571)
[3717.862s][info][gc,heap        ] GC(416) Survivor regions: 42->43(77)
[3717.862s][info][gc,heap        ] GC(416) Old regions: 192->199
[3717.862s][info][gc,heap        ] GC(416) Humongous regions: 33->33
[3717.862s][info][gc,metaspace   ] GC(416) Metaspace: 29930K(30400K)->29930K(30400K) NonClass: 24522K(24768K)->24522K(24768K) Class: 5408K(5632K)->5408K(5632K)
[3717.862s][info][gc             ] GC(416) Pause Young (Normal) (G1 Evacuation Pause) 6692M->2181M(8192M) 146.875ms
[3717.862s][info][gc,cpu         ] GC(416) User=1.16s Sys=0.00s Real=0.14s
......[3723.971s][info][gc,start       ] GC(417) Pause Young (Normal) (G1 Evacuation Pause)
[3723.971s][info][gc,task        ] GC(417) Using 8 workers of 8 for evacuation
[3724.119s][info][gc,phases      ] GC(417)   Pre Evacuate Collection Set: 0.27ms
[3724.119s][info][gc,phases      ] GC(417)   Merge Heap Roots: 0.52ms
[3724.119s][info][gc,phases      ] GC(417)   Evacuate Collection Set: 145.77ms
[3724.119s][info][gc,phases      ] GC(417)   Post Evacuate Collection Set: 0.97ms
[3724.119s][info][gc,phases      ] GC(417)   Other: 0.08ms
[3724.119s][info][gc,heap        ] GC(417) Eden regions: 571->0(572)
[3724.119s][info][gc,heap        ] GC(417) Survivor regions: 43->42(77)
[3724.119s][info][gc,heap        ] GC(417) Old regions: 199->206
[3724.119s][info][gc,heap        ] GC(417) Humongous regions: 33->33
[3724.119s][info][gc,metaspace   ] GC(417) Metaspace: 29930K(30400K)->29930K(30400K) NonClass: 24522K(24768K)->24522K(24768K) Class: 5408K(5632K)->5408K(5632K)
[3724.119s][info][gc             ] GC(417) Pause Young (Normal) (G1 Evacuation Pause) 6749M->2233M(8192M) 147.732ms
[3724.119s][info][gc,cpu         ] GC(417) User=1.17s Sys=0.00s Real=0.15s
......[3730.269s][info][gc,start       ] GC(418) Pause Young (Normal) (G1 Evacuation Pause)
[3730.269s][info][gc,task        ] GC(418) Using 8 workers of 8 for evacuation
[3730.418s][info][gc,phases      ] GC(418)   Pre Evacuate Collection Set: 0.28ms
[3730.418s][info][gc,phases      ] GC(418)   Merge Heap Roots: 0.49ms
[3730.418s][info][gc,phases      ] GC(418)   Evacuate Collection Set: 147.16ms
[3730.418s][info][gc,phases      ] GC(418)   Post Evacuate Collection Set: 1.02ms
[3730.418s][info][gc,phases      ] GC(418)   Other: 0.07ms
[3730.418s][info][gc,heap        ] GC(418) Eden regions: 572->0(571)
[3730.418s][info][gc,heap        ] GC(418) Survivor regions: 42->43(77)
[3730.418s][info][gc,heap        ] GC(418) Old regions: 206->213
[3730.418s][info][gc,heap        ] GC(418) Humongous regions: 33->33
[3730.418s][info][gc,metaspace   ] GC(418) Metaspace: 29930K(30400K)->29930K(30400K) NonClass: 24522K(24768K)->24522K(24768K) Class: 5408K(5632K)->5408K(5632K)
[3730.418s][info][gc             ] GC(418) Pause Young (Normal) (G1 Evacuation Pause) 6809M->2299M(8192M) 149.171ms
[3730.418s][info][gc,cpu         ] GC(418) User=1.18s Sys=0.00s Real=0.15s
......[3736.586s][info][gc,start       ] GC(419) Pause Young (Normal) (G1 Evacuation Pause)
[3736.586s][info][gc,task        ] GC(419) Using 8 workers of 8 for evacuation
[3736.735s][info][gc,phases      ] GC(419)   Pre Evacuate Collection Set: 0.26ms
[3736.735s][info][gc,phases      ] GC(419)   Merge Heap Roots: 0.57ms
[3736.735s][info][gc,phases      ] GC(419)   Evacuate Collection Set: 147.24ms
[3736.735s][info][gc,phases      ] GC(419)   Post Evacuate Collection Set: 1.03ms
[3736.735s][info][gc,phases      ] GC(419)   Other: 0.07ms
[3736.735s][info][gc,heap        ] GC(419) Eden regions: 571->0(571)
[3736.735s][info][gc,heap        ] GC(419) Survivor regions: 43->43(77)
[3736.735s][info][gc,heap        ] GC(419) Old regions: 213->220
[3736.735s][info][gc,heap        ] GC(419) Humongous regions: 33->33
[3736.735s][info][gc,metaspace   ] GC(419) Metaspace: 29930K(30400K)->29930K(30400K) NonClass: 24522K(24768K)->24522K(24768K) Class: 5408K(5632K)->5408K(5632K)
[3736.735s][info][gc             ] GC(419) Pause Young (Normal) (G1 Evacuation Pause) 6867M->2351M(8192M) 149.318ms
[3736.735s][info][gc,cpu         ] GC(419) User=1.18s Sys=0.01s Real=0.15s
.......[3742.819s][info][gc,start       ] GC(420) Pause Young (Normal) (G1 Evacuation Pause)
[3742.819s][info][gc,task        ] GC(420) Using 8 workers of 8 for evacuation
[3742.965s][info][gc,phases      ] GC(420)   Pre Evacuate Collection Set: 0.30ms
[3742.965s][info][gc,phases      ] GC(420)   Merge Heap Roots: 0.59ms
[3742.965s][info][gc,phases      ] GC(420)   Evacuate Collection Set: 144.21ms
[3742.965s][info][gc,phases      ] GC(420)   Post Evacuate Collection Set: 1.02ms
[3742.965s][info][gc,phases      ] GC(420)   Other: 0.07ms
[3742.965s][info][gc,heap        ] GC(420) Eden regions: 571->0(572)
[3742.965s][info][gc,heap        ] GC(420) Survivor regions: 43->42(77)
[3742.965s][info][gc,heap        ] GC(420) Old regions: 220->227
[3742.965s][info][gc,heap        ] GC(420) Humongous regions: 33->33
[3742.965s][info][gc,metaspace   ] GC(420) Metaspace: 29930K(30400K)->29930K(30400K) NonClass: 24522K(24768K)->24522K(24768K) Class: 5408K(5632K)->5408K(5632K)
[3742.965s][info][gc             ] GC(420) Pause Young (Normal) (G1 Evacuation Pause) 6919M->2403M(8192M) 146.329ms
[3742.965s][info][gc,cpu         ] GC(420) User=1.15s Sys=0.00s Real=0.15s
......[3749.069s][info][gc,start       ] GC(421) Pause Young (Normal) (G1 Evacuation Pause)
[3749.069s][info][gc,task        ] GC(421) Using 8 workers of 8 for evacuation
[3749.217s][info][gc,phases      ] GC(421)   Pre Evacuate Collection Set: 0.27ms
[3749.217s][info][gc,phases      ] GC(421)   Merge Heap Roots: 0.53ms
[3749.217s][info][gc,phases      ] GC(421)   Evacuate Collection Set: 146.10ms
[3749.217s][info][gc,phases      ] GC(421)   Post Evacuate Collection Set: 1.00ms
[3749.217s][info][gc,phases      ] GC(421)   Other: 0.08ms
[3749.217s][info][gc,heap        ] GC(421) Eden regions: 572->0(571)
[3749.217s][info][gc,heap        ] GC(421) Survivor regions: 42->43(77)
[3749.217s][info][gc,heap        ] GC(421) Old regions: 227->234
[3749.217s][info][gc,heap        ] GC(421) Humongous regions: 33->33
[3749.217s][info][gc,metaspace   ] GC(421) Metaspace: 29930K(30400K)->29930K(30400K) NonClass: 24522K(24768K)->24522K(24768K) Class: 5408K(5632K)->5408K(5632K)
[3749.217s][info][gc             ] GC(421) Pause Young (Normal) (G1 Evacuation Pause) 6979M->2463M(8192M) 148.102ms
[3749.217s][info][gc,cpu         ] GC(421) User=1.17s Sys=0.00s Real=0.15s
......[3755.349s][info][gc,start       ] GC(422) Pause Young (Normal) (G1 Evacuation Pause)
[3755.349s][info][gc,task        ] GC(422) Using 8 workers of 8 for evacuation
[3755.499s][info][gc,phases      ] GC(422)   Pre Evacuate Collection Set: 0.25ms
[3755.499s][info][gc,phases      ] GC(422)   Merge Heap Roots: 0.53ms
[3755.499s][info][gc,phases      ] GC(422)   Evacuate Collection Set: 148.19ms
[3755.499s][info][gc,phases      ] GC(422)   Post Evacuate Collection Set: 1.02ms
[3755.499s][info][gc,phases      ] GC(422)   Other: 0.06ms
[3755.499s][info][gc,heap        ] GC(422) Eden regions: 571->0(570)
[3755.499s][info][gc,heap        ] GC(422) Survivor regions: 43->44(77)
[3755.499s][info][gc,heap        ] GC(422) Old regions: 234->241
[3755.499s][info][gc,heap        ] GC(422) Humongous regions: 33->33
[3755.499s][info][gc,metaspace   ] GC(422) Metaspace: 29930K(30400K)->29930K(30400K) NonClass: 24522K(24768K)->24522K(24768K) Class: 5408K(5632K)->5408K(5632K)
[3755.499s][info][gc             ] GC(422) Pause Young (Normal) (G1 Evacuation Pause) 7031M->2527M(8192M) 150.201ms
[3755.499s][info][gc,cpu         ] GC(422) User=1.19s Sys=0.00s Real=0.15s
.... (rIR:aIR:PR = 6110:6111:6110) (tPR = 90387) [OK] 
  3758s: Performance info:
         Transaction,    Success,    Partial,     Failed,   Receipts, AvgBarcode, 
             Overall,     367643,          0,          0,     349274,      59.48, 
         Response times:
             Request,    Success,    Partial,     Failed,   SkipFail,     Probes,    Samples,      min,      p50,      p90,      p95,      p99,      max, 
       TotalPurchase,     349316,          0,          0,          0,     342597,     372629,      400,     4000,     7300,     9400,    57000,   272000,
     InStorePurchase,     183867,          0,          0,          0,     180422,     195864,      400,     3900,     7300,     9300,    57000,   272000,
      OnlinePurchase,     128692,          0,          0,          0,     126459,     137549,      400,     4000,     7400,     9500,    53000,   272000,
        InstPurchase,      36757,          0,          0,          0,      35716,      39216,      500,     4100,     7500,     9500,    55000,   251000,
          AssocOfCat,        367,          0,          0,          0,        284,        386,    25000,    37000,    49000,    54650,   103520,   124000,
      AssocOfProduct,       3693,          0,          0,          0,       3463,       3993,      700,     4800,     7800,    10130,    60060,   163000,
      BusinessReport,        917,          0,          0,          0,        792,        992,    29000,    40000,    59000,    76350,   183140,   218000,
          CustBuyBeh,       3671,          0,          0,          0,       3439,       3988,      300,     4200,     7300,     9300,    57000,   197000,
       ProductReturn,       9729,          0,          0,          0,       9316,      10533,      200,     4100,     7400,     9700,    55660,   272000,

  3758s: (44%)   IR =   6252 ..[3761.562s][info][gc,start       ] GC(423) Pause Young (Normal) (G1 Evacuation Pause)
[3761.562s][info][gc,task        ] GC(423) Using 8 workers of 8 for evacuation
[3761.715s][info][gc,phases      ] GC(423)   Pre Evacuate Collection Set: 0.23ms
[3761.715s][info][gc,phases      ] GC(423)   Merge Heap Roots: 0.51ms
[3761.715s][info][gc,phases      ] GC(423)   Evacuate Collection Set: 150.35ms
[3761.715s][info][gc,phases      ] GC(423)   Post Evacuate Collection Set: 1.00ms
[3761.715s][info][gc,phases      ] GC(423)   Other: 0.07ms
[3761.715s][info][gc,heap        ] GC(423) Eden regions: 570->0(571)
[3761.715s][info][gc,heap        ] GC(423) Survivor regions: 44->43(77)
[3761.715s][info][gc,heap        ] GC(423) Old regions: 241->249
[3761.715s][info][gc,heap        ] GC(423) Humongous regions: 33->33
[3761.715s][info][gc,metaspace   ] GC(423) Metaspace: 29930K(30400K)->29930K(30400K) NonClass: 24522K(24768K)->24522K(24768K) Class: 5408K(5632K)->5408K(5632K)
[3761.715s][info][gc             ] GC(423) Pause Young (Normal) (G1 Evacuation Pause) 7087M->2576M(8192M) 152.293ms
[3761.715s][info][gc,cpu         ] GC(423) User=1.18s Sys=0.00s Real=0.16s
....|..[3767.645s][info][gc,start       ] GC(424) Pause Young (Normal) (G1 Evacuation Pause)
[3767.645s][info][gc,task        ] GC(424) Using 8 workers of 8 for evacuation
[3767.797s][info][gc,phases      ] GC(424)   Pre Evacuate Collection Set: 0.24ms
[3767.797s][info][gc,phases      ] GC(424)   Merge Heap Roots: 0.51ms
[3767.797s][info][gc,phases      ] GC(424)   Evacuate Collection Set: 150.60ms
[3767.797s][info][gc,phases      ] GC(424)   Post Evacuate Collection Set: 1.01ms
[3767.797s][info][gc,phases      ] GC(424)   Other: 0.06ms
[3767.797s][info][gc,heap        ] GC(424) Eden regions: 571->0(570)
[3767.797s][info][gc,heap        ] GC(424) Survivor regions: 43->44(77)
[3767.797s][info][gc,heap        ] GC(424) Old regions: 249->256
[3767.797s][info][gc,heap        ] GC(424) Humongous regions: 33->33
[3767.797s][info][gc,metaspace   ] GC(424) Metaspace: 29930K(30400K)->29930K(30400K) NonClass: 24522K(24768K)->24522K(24768K) Class: 5408K(5632K)->5408K(5632K)
[3767.797s][info][gc             ] GC(424) Pause Young (Normal) (G1 Evacuation Pause) 7144M->2644M(8192M) 152.562ms
[3767.797s][info][gc,cpu         ] GC(424) User=1.20s Sys=0.00s Real=0.15s
......[3773.766s][info][gc,start       ] GC(425) Pause Young (Normal) (G1 Evacuation Pause)
[3773.766s][info][gc,task        ] GC(425) Using 8 workers of 8 for evacuation
[3773.915s][info][gc,phases      ] GC(425)   Pre Evacuate Collection Set: 0.26ms
[3773.915s][info][gc,phases      ] GC(425)   Merge Heap Roots: 0.51ms
[3773.915s][info][gc,phases      ] GC(425)   Evacuate Collection Set: 147.09ms
[3773.915s][info][gc,phases      ] GC(425)   Post Evacuate Collection Set: 0.99ms
[3773.915s][info][gc,phases      ] GC(425)   Other: 0.06ms
[3773.915s][info][gc,heap        ] GC(425) Eden regions: 570->0(571)
[3773.915s][info][gc,heap        ] GC(425) Survivor regions: 44->43(77)
[3773.915s][info][gc,heap        ] GC(425) Old regions: 256->263
[3773.915s][info][gc,heap        ] GC(425) Humongous regions: 33->33
[3773.915s][info][gc,metaspace   ] GC(425) Metaspace: 29930K(30400K)->29930K(30400K) NonClass: 24522K(24768K)->24522K(24768K) Class: 5408K(5632K)->5408K(5632K)
[3773.915s][info][gc             ] GC(425) Pause Young (Normal) (G1 Evacuation Pause) 7204M->2688M(8192M) 149.046ms
[3773.915s][info][gc,cpu         ] GC(425) User=1.18s Sys=0.00s Real=0.15s
......[3779.907s][info][gc,start       ] GC(426) Pause Young (Normal) (G1 Evacuation Pause)
[3779.907s][info][gc,task        ] GC(426) Using 8 workers of 8 for evacuation
[3780.057s][info][gc,phases      ] GC(426)   Pre Evacuate Collection Set: 0.25ms
[3780.057s][info][gc,phases      ] GC(426)   Merge Heap Roots: 0.50ms
[3780.057s][info][gc,phases      ] GC(426)   Evacuate Collection Set: 147.94ms
[3780.057s][info][gc,phases      ] GC(426)   Post Evacuate Collection Set: 1.02ms
[3780.057s][info][gc,phases      ] GC(426)   Other: 0.06ms
[3780.057s][info][gc,heap        ] GC(426) Eden regions: 571->0(571)
[3780.057s][info][gc,heap        ] GC(426) Survivor regions: 43->43(77)
[3780.057s][info][gc,heap        ] GC(426) Old regions: 263->270
[3780.057s][info][gc,heap        ] GC(426) Humongous regions: 33->33
[3780.057s][info][gc,metaspace   ] GC(426) Metaspace: 29930K(30400K)->29930K(30400K) NonClass: 24522K(24768K)->24522K(24768K) Class: 5408K(5632K)->5408K(5632K)
[3780.057s][info][gc             ] GC(426) Pause Young (Normal) (G1 Evacuation Pause) 7256M->2746M(8192M) 149.902ms
[3780.057s][info][gc,cpu         ] GC(426) User=1.18s Sys=0.00s Real=0.15s
......[3786.044s][info][gc,start       ] GC(427) Pause Young (Normal) (G1 Evacuation Pause)
[3786.044s][info][gc,task        ] GC(427) Using 8 workers of 8 for evacuation
[3786.196s][info][gc,phases      ] GC(427)   Pre Evacuate Collection Set: 0.25ms
[3786.196s][info][gc,phases      ] GC(427)   Merge Heap Roots: 0.55ms
[3786.196s][info][gc,phases      ] GC(427)   Evacuate Collection Set: 149.97ms
[3786.196s][info][gc,phases      ] GC(427)   Post Evacuate Collection Set: 1.00ms
[3786.196s][info][gc,phases      ] GC(427)   Other: 0.07ms
[3786.196s][info][gc,heap        ] GC(427) Eden regions: 571->0(571)
[3786.196s][info][gc,heap        ] GC(427) Survivor regions: 43->43(77)
[3786.196s][info][gc,heap        ] GC(427) Old regions: 270->277
[3786.196s][info][gc,heap        ] GC(427) Humongous regions: 33->33
[3786.196s][info][gc,metaspace   ] GC(427) Metaspace: 29930K(30400K)->29930K(30400K) NonClass: 24522K(24768K)->24522K(24768K) Class: 5408K(5632K)->5408K(5632K)
[3786.196s][info][gc             ] GC(427) Pause Young (Normal) (G1 Evacuation Pause) 7314M->2803M(8192M) 151.987ms
[3786.196s][info][gc,cpu         ] GC(427) User=1.20s Sys=0.00s Real=0.16s
......[3792.102s][info][gc,start       ] GC(428) Pause Young (Normal) (G1 Evacuation Pause)
[3792.102s][info][gc,task        ] GC(428) Using 8 workers of 8 for evacuation
[3792.248s][info][gc,phases      ] GC(428)   Pre Evacuate Collection Set: 0.27ms
[3792.248s][info][gc,phases      ] GC(428)   Merge Heap Roots: 0.51ms
[3792.248s][info][gc,phases      ] GC(428)   Evacuate Collection Set: 144.47ms
[3792.248s][info][gc,phases      ] GC(428)   Post Evacuate Collection Set: 1.02ms
[3792.248s][info][gc,phases      ] GC(428)   Other: 0.07ms
[3792.248s][info][gc,heap        ] GC(428) Eden regions: 571->0(569)
[3792.248s][info][gc,heap        ] GC(428) Survivor regions: 43->43(77)
[3792.248s][info][gc,heap        ] GC(428) Old regions: 277->284
[3792.248s][info][gc,heap        ] GC(428) Humongous regions: 33->33
[3792.248s][info][gc,metaspace   ] GC(428) Metaspace: 29930K(30400K)->29930K(30400K) NonClass: 24522K(24768K)->24522K(24768K) Class: 5408K(5632K)->5408K(5632K)
[3792.248s][info][gc             ] GC(428) Pause Young (Normal) (G1 Evacuation Pause) 7371M->2858M(8192M) 146.486ms
[3792.248s][info][gc,cpu         ] GC(428) User=1.16s Sys=0.00s Real=0.15s
.......[3798.275s][info][gc,start       ] GC(429) Pause Young (Normal) (G1 Evacuation Pause)
[3798.275s][info][gc,task        ] GC(429) Using 8 workers of 8 for evacuation
[3798.422s][info][gc,phases      ] GC(429)   Pre Evacuate Collection Set: 0.26ms
[3798.422s][info][gc,phases      ] GC(429)   Merge Heap Roots: 0.53ms
[3798.422s][info][gc,phases      ] GC(429)   Evacuate Collection Set: 145.43ms
[3798.422s][info][gc,phases      ] GC(429)   Post Evacuate Collection Set: 1.00ms
[3798.422s][info][gc,phases      ] GC(429)   Other: 0.06ms
[3798.422s][info][gc,heap        ] GC(429) Eden regions: 569->0(562)
[3798.422s][info][gc,heap        ] GC(429) Survivor regions: 43->43(77)
[3798.422s][info][gc,heap        ] GC(429) Old regions: 284->291
[3798.422s][info][gc,heap        ] GC(429) Humongous regions: 33->33
[3798.422s][info][gc,metaspace   ] GC(429) Metaspace: 29930K(30400K)->29930K(30400K) NonClass: 24522K(24768K)->24522K(24768K) Class: 5408K(5632K)->5408K(5632K)
[3798.422s][info][gc             ] GC(429) Pause Young (Normal) (G1 Evacuation Pause) 7410M->2914M(8192M) 147.404ms
[3798.422s][info][gc,cpu         ] GC(429) User=1.17s Sys=0.00s Real=0.14s
.....[3804.251s][info][gc,start       ] GC(430) Pause Young (Normal) (G1 Evacuation Pause)
[3804.251s][info][gc,task        ] GC(430) Using 8 workers of 8 for evacuation
[3804.403s][info][gc,phases      ] GC(430)   Pre Evacuate Collection Set: 0.26ms
[3804.403s][info][gc,phases      ] GC(430)   Merge Heap Roots: 0.60ms
[3804.403s][info][gc,phases      ] GC(430)   Evacuate Collection Set: 150.03ms
[3804.403s][info][gc,phases      ] GC(430)   Post Evacuate Collection Set: 1.03ms
[3804.403s][info][gc,phases      ] GC(430)   Other: 0.06ms
[3804.403s][info][gc,heap        ] GC(430) Eden regions: 562->0(553)
[3804.403s][info][gc,heap        ] GC(430) Survivor regions: 43->44(76)
[3804.403s][info][gc,heap        ] GC(430) Old regions: 291->298
[3804.403s][info][gc,heap        ] GC(430) Humongous regions: 33->33
[3804.403s][info][gc,metaspace   ] GC(430) Metaspace: 29930K(30400K)->29930K(30400K) NonClass: 24522K(24768K)->24522K(24768K) Class: 5408K(5632K)->5408K(5632K)
[3804.403s][info][gc             ] GC(430) Pause Young (Normal) (G1 Evacuation Pause) 7410M->2979M(8192M) 152.111ms
[3804.403s][info][gc,cpu         ] GC(430) User=1.21s Sys=0.00s Real=0.15s
......[3810.249s][info][gc,start       ] GC(431) Pause Young (Normal) (G1 Evacuation Pause)
[3810.249s][info][gc,task        ] GC(431) Using 8 workers of 8 for evacuation
[3810.398s][info][gc,phases      ] GC(431)   Pre Evacuate Collection Set: 0.27ms
[3810.398s][info][gc,phases      ] GC(431)   Merge Heap Roots: 0.49ms
[3810.398s][info][gc,phases      ] GC(431)   Evacuate Collection Set: 147.32ms
[3810.398s][info][gc,phases      ] GC(431)   Post Evacuate Collection Set: 0.97ms
[3810.398s][info][gc,phases      ] GC(431)   Other: 0.06ms
[3810.398s][info][gc,heap        ] GC(431) Eden regions: 553->0(548)
[3810.398s][info][gc,heap        ] GC(431) Survivor regions: 44->43(75)
[3810.398s][info][gc,heap        ] GC(431) Old regions: 298->305
[3810.398s][info][gc,heap        ] GC(431) Humongous regions: 33->33
[3810.398s][info][gc,metaspace   ] GC(431) Metaspace: 29930K(30400K)->29930K(30400K) NonClass: 24522K(24768K)->24522K(24768K) Class: 5408K(5632K)->5408K(5632K)
[3810.398s][info][gc             ] GC(431) Pause Young (Normal) (G1 Evacuation Pause) 7403M->3033M(8192M) 149.260ms
[3810.399s][info][gc,cpu         ] GC(431) User=1.18s Sys=0.00s Real=0.15s
......[3816.122s][info][gc,start       ] GC(432) Pause Young (Normal) (G1 Evacuation Pause)
[3816.122s][info][gc,task        ] GC(432) Using 8 workers of 8 for evacuation
[3816.270s][info][gc,phases      ] GC(432)   Pre Evacuate Collection Set: 0.24ms
[3816.271s][info][gc,phases      ] GC(432)   Merge Heap Roots: 0.54ms
[3816.271s][info][gc,phases      ] GC(432)   Evacuate Collection Set: 146.81ms
[3816.271s][info][gc,phases      ] GC(432)   Post Evacuate Collection Set: 0.97ms
[3816.271s][info][gc,phases      ] GC(432)   Other: 0.06ms
[3816.271s][info][gc,heap        ] GC(432) Eden regions: 548->0(541)
[3816.271s][info][gc,heap        ] GC(432) Survivor regions: 43->43(74)
[3816.271s][info][gc,heap        ] GC(432) Old regions: 305->312
[3816.271s][info][gc,heap        ] GC(432) Humongous regions: 33->33
[3816.271s][info][gc,metaspace   ] GC(432) Metaspace: 29930K(30400K)->29930K(30400K) NonClass: 24522K(24768K)->24522K(24768K) Class: 5408K(5632K)->5408K(5632K)
[3816.271s][info][gc             ] GC(432) Pause Young (Normal) (G1 Evacuation Pause) 7417M->3091M(8192M) 148.746ms
[3816.271s][info][gc,cpu         ] GC(432) User=1.18s Sys=0.00s Real=0.15s
......[3821.903s][info][gc,start       ] GC(433) Pause Young (Concurrent Start) (G1 Evacuation Pause)
[3821.903s][info][gc,task        ] GC(433) Using 8 workers of 8 for evacuation
[3822.050s][info][gc,phases      ] GC(433)   Pre Evacuate Collection Set: 0.30ms
[3822.050s][info][gc,phases      ] GC(433)   Merge Heap Roots: 0.58ms
[3822.050s][info][gc,phases      ] GC(433)   Evacuate Collection Set: 145.00ms
[3822.050s][info][gc,phases      ] GC(433)   Post Evacuate Collection Set: 0.98ms
[3822.050s][info][gc,phases      ] GC(433)   Other: 0.11ms
[3822.050s][info][gc,heap        ] GC(433) Eden regions: 541->0(537)
[3822.050s][info][gc,heap        ] GC(433) Survivor regions: 43->41(73)
[3822.050s][info][gc,heap        ] GC(433) Old regions: 312->320
[3822.050s][info][gc,heap        ] GC(433) Humongous regions: 33->33
[3822.050s][info][gc,metaspace   ] GC(433) Metaspace: 29930K(30400K)->29930K(30400K) NonClass: 24522K(24768K)->24522K(24768K) Class: 5408K(5632K)->5408K(5632K)
[3822.050s][info][gc             ] GC(433) Pause Young (Concurrent Start) (G1 Evacuation Pause) 7419M->3136M(8192M) 147.101ms
[3822.050s][info][gc             ] GC(434) Concurrent Mark Cycle
[3822.050s][info][gc,marking     ] GC(434) Concurrent Scan Root Regions
[3822.051s][info][gc,cpu         ] GC(433) User=1.16s Sys=0.00s Real=0.15s
[3822.383s][info][gc,marking     ] GC(434) Concurrent Scan Root Regions 332.670ms
[3822.383s][info][gc,marking     ] GC(434) Concurrent Mark
[3822.383s][info][gc,marking     ] GC(434) Concurrent Mark From Roots
[3822.383s][info][gc,task        ] GC(434) Using 2 workers of 2 for marking
.[3823.173s][info][gc,marking     ] GC(434) Concurrent Mark From Roots 789.581ms
[3823.173s][info][gc,marking     ] GC(434) Concurrent Preclean
[3823.173s][info][gc,marking     ] GC(434) Concurrent Preclean 0.090ms
[3823.173s][info][gc,start       ] GC(434) Pause Remark
[3823.175s][info][gc             ] GC(434) Pause Remark 4117M->3437M(8192M) 1.589ms
[3823.175s][info][gc,cpu         ] GC(434) User=0.00s Sys=0.00s Real=0.01s
[3823.175s][info][gc,marking     ] GC(434) Concurrent Mark 791.530ms
[3823.175s][info][gc,marking     ] GC(434) Concurrent Rebuild Remembered Sets and Scrub Regions
.[3823.568s][info][gc,marking     ] GC(434) Concurrent Rebuild Remembered Sets and Scrub Regions 393.084ms
[3823.568s][info][gc,start       ] GC(434) Pause Cleanup
[3823.568s][info][gc             ] GC(434) Pause Cleanup 3717M->3717M(8192M) 0.277ms
[3823.568s][info][gc,cpu         ] GC(434) User=0.00s Sys=0.00s Real=0.00s
[3823.568s][info][gc,marking     ] GC(434) Concurrent Clear Claimed Marks
[3823.568s][info][gc,marking     ] GC(434) Concurrent Clear Claimed Marks 0.049ms
[3823.568s][info][gc,marking     ] GC(434) Concurrent Cleanup for Next Mark
[3823.576s][info][gc,marking     ] GC(434) Concurrent Cleanup for Next Mark 7.331ms
[3823.576s][info][gc             ] GC(434) Concurrent Mark Cycle 1525.340ms
.. (rIR:aIR:PR = 6252:6254:6254) (tPR = 93284) [OK] 
  3825s: Performance info:
         Transaction,    Success,    Partial,     Failed,   Receipts, AvgBarcode, 
             Overall,     378930,          0,          0,     359991,      59.47, 
         Response times:
             Request,    Success,    Partial,     Failed,   SkipFail,     Probes,    Samples,      min,      p50,      p90,      p95,      p99,      max, 
       TotalPurchase,     359991,          0,          0,          0,     353759,     390230,      300,     4200,     7700,    10100,    58000,   324000,
     InStorePurchase,     189512,          0,          0,          0,     186843,     205861,      400,     4200,     7700,    10100,    58000,   324000,
      OnlinePurchase,     132622,          0,          0,          0,     130175,     143451,      300,     4200,     7700,    10100,    58000,   324000,
        InstPurchase,      37857,          0,          0,          0,      36741,      40918,      500,     4200,     7800,    10100,    58000,   324000,
          AssocOfCat,        380,          0,          0,          0,        299,        411,    26000,    37000,    50000,    60000,   155320,   207000,
      AssocOfProduct,       3788,          0,          0,          0,       3494,       3997,      600,     3800,     7800,    10610,    58000,   164000,
      BusinessReport,        949,          0,          0,          0,        817,       1003,    28000,    41000,    67000,   102000,   206760,   226000,
          CustBuyBeh,       3784,          0,          0,          0,       3528,       4157,      300,     4000,     7600,    10200,    58000,   233000,
       ProductReturn,      10038,          0,          0,          0,       9518,      10874,      200,     4100,     7700,    10100,    55250,   323000,

  3825s: (45%)   IR =   6394 ..[3827.654s][info][gc,start       ] GC(435) Pause Young (Prepare Mixed) (G1 Evacuation Pause)
[3827.654s][info][gc,task        ] GC(435) Using 8 workers of 8 for evacuation
[3827.799s][info][gc,phases      ] GC(435)   Pre Evacuate Collection Set: 0.27ms
[3827.800s][info][gc,phases      ] GC(435)   Merge Heap Roots: 0.62ms
[3827.800s][info][gc,phases      ] GC(435)   Evacuate Collection Set: 143.36ms
[3827.800s][info][gc,phases      ] GC(435)   Post Evacuate Collection Set: 1.05ms
[3827.800s][info][gc,phases      ] GC(435)   Other: 0.09ms
[3827.800s][info][gc,heap        ] GC(435) Eden regions: 537->0(573)
[3827.800s][info][gc,heap        ] GC(435) Survivor regions: 41->41(73)
[3827.800s][info][gc,heap        ] GC(435) Old regions: 235->243
[3827.800s][info][gc,heap        ] GC(435) Humongous regions: 33->33
[3827.800s][info][gc,metaspace   ] GC(435) Metaspace: 29930K(30400K)->29930K(30400K) NonClass: 24522K(24768K)->24522K(24768K) Class: 5408K(5632K)->5408K(5632K)
[3827.800s][info][gc             ] GC(435) Pause Young (Prepare Mixed) (G1 Evacuation Pause) 6752M->2516M(8192M) 145.527ms
[3827.800s][info][gc,cpu         ] GC(435) User=1.16s Sys=0.00s Real=0.15s
....|..[3833.627s][info][gc,start       ] GC(436) Pause Young (Mixed) (G1 Evacuation Pause)
[3833.627s][info][gc,task        ] GC(436) Using 8 workers of 8 for evacuation
[3833.783s][info][gc,phases      ] GC(436)   Pre Evacuate Collection Set: 0.31ms
[3833.783s][info][gc,phases      ] GC(436)   Merge Heap Roots: 0.91ms
[3833.783s][info][gc,phases      ] GC(436)   Evacuate Collection Set: 153.44ms
[3833.783s][info][gc,phases      ] GC(436)   Post Evacuate Collection Set: 1.24ms
[3833.783s][info][gc,phases      ] GC(436)   Other: 0.08ms
[3833.783s][info][gc,heap        ] GC(436) Eden regions: 573->0(572)
[3833.783s][info][gc,heap        ] GC(436) Survivor regions: 41->42(77)
[3833.783s][info][gc,heap        ] GC(436) Old regions: 243->148
[3833.783s][info][gc,heap        ] GC(436) Humongous regions: 33->33
[3833.783s][info][gc,metaspace   ] GC(436) Metaspace: 29930K(30400K)->29930K(30400K) NonClass: 24522K(24768K)->24522K(24768K) Class: 5408K(5632K)->5408K(5632K)
[3833.783s][info][gc             ] GC(436) Pause Young (Mixed) (G1 Evacuation Pause) 7100M->1770M(8192M) 156.115ms
[3833.783s][info][gc,cpu         ] GC(436) User=1.23s Sys=0.00s Real=0.15s
......[3839.630s][info][gc,start       ] GC(437) Pause Young (Mixed) (G1 Evacuation Pause)
[3839.630s][info][gc,task        ] GC(437) Using 8 workers of 8 for evacuation
[3839.782s][info][gc,phases      ] GC(437)   Pre Evacuate Collection Set: 0.25ms
[3839.782s][info][gc,phases      ] GC(437)   Merge Heap Roots: 0.67ms
[3839.782s][info][gc,phases      ] GC(437)   Evacuate Collection Set: 150.16ms
[3839.782s][info][gc,phases      ] GC(437)   Post Evacuate Collection Set: 1.03ms
[3839.783s][info][gc,phases      ] GC(437)   Other: 0.08ms
[3839.783s][info][gc,heap        ] GC(437) Eden regions: 572->0(571)
[3839.783s][info][gc,heap        ] GC(437) Survivor regions: 42->43(77)
[3839.783s][info][gc,heap        ] GC(437) Old regions: 148->143
[3839.783s][info][gc,heap        ] GC(437) Humongous regions: 33->33
[3839.783s][info][gc,metaspace   ] GC(437) Metaspace: 29930K(30400K)->29930K(30400K) NonClass: 24522K(24768K)->24522K(24768K) Class: 5408K(5632K)->5408K(5632K)
[3839.783s][info][gc             ] GC(437) Pause Young (Mixed) (G1 Evacuation Pause) 6346M->1733M(8192M) 152.319ms
[3839.783s][info][gc,cpu         ] GC(437) User=1.21s Sys=0.00s Real=0.15s
......[3845.653s][info][gc,start       ] GC(438) Pause Young (Normal) (G1 Evacuation Pause)
[3845.653s][info][gc,task        ] GC(438) Using 8 workers of 8 for evacuation
[3845.805s][info][gc,phases      ] GC(438)   Pre Evacuate Collection Set: 0.25ms
[3845.805s][info][gc,phases      ] GC(438)   Merge Heap Roots: 0.54ms
[3845.805s][info][gc,phases      ] GC(438)   Evacuate Collection Set: 149.97ms
[3845.805s][info][gc,phases      ] GC(438)   Post Evacuate Collection Set: 1.00ms
[3845.805s][info][gc,phases      ] GC(438)   Other: 0.08ms
[3845.805s][info][gc,heap        ] GC(438) Eden regions: 571->0(571)
[3845.805s][info][gc,heap        ] GC(438) Survivor regions: 43->43(77)
[3845.805s][info][gc,heap        ] GC(438) Old regions: 143->150
[3845.805s][info][gc,heap        ] GC(438) Humongous regions: 33->33
[3845.805s][info][gc,metaspace   ] GC(438) Metaspace: 29930K(30400K)->29930K(30400K) NonClass: 24522K(24768K)->24522K(24768K) Class: 5408K(5632K)->5408K(5632K)
[3845.805s][info][gc             ] GC(438) Pause Young (Normal) (G1 Evacuation Pause) 6301M->1794M(8192M) 151.962ms
[3845.805s][info][gc,cpu         ] GC(438) User=1.20s Sys=0.00s Real=0.16s
......[3851.668s][info][gc,start       ] GC(439) Pause Young (Normal) (G1 Evacuation Pause)
[3851.668s][info][gc,task        ] GC(439) Using 8 workers of 8 for evacuation
[3851.819s][info][gc,phases      ] GC(439)   Pre Evacuate Collection Set: 0.21ms
[3851.819s][info][gc,phases      ] GC(439)   Merge Heap Roots: 0.49ms
[3851.819s][info][gc,phases      ] GC(439)   Evacuate Collection Set: 149.36ms
[3851.819s][info][gc,phases      ] GC(439)   Post Evacuate Collection Set: 0.98ms
[3851.819s][info][gc,phases      ] GC(439)   Other: 0.09ms
[3851.819s][info][gc,heap        ] GC(439) Eden regions: 571->0(570)
[3851.819s][info][gc,heap        ] GC(439) Survivor regions: 43->44(77)
[3851.819s][info][gc,heap        ] GC(439) Old regions: 150->157
[3851.819s][info][gc,heap        ] GC(439) Humongous regions: 33->33
[3851.819s][info][gc,metaspace   ] GC(439) Metaspace: 29930K(30400K)->29930K(30400K) NonClass: 24522K(24768K)->24522K(24768K) Class: 5408K(5632K)->5408K(5632K)
[3851.819s][info][gc             ] GC(439) Pause Young (Normal) (G1 Evacuation Pause) 6362M->1855M(8192M) 151.284ms
[3851.819s][info][gc,cpu         ] GC(439) User=1.20s Sys=0.00s Real=0.15s
......[3857.608s][info][gc,start       ] GC(440) Pause Young (Normal) (G1 Evacuation Pause)
[3857.608s][info][gc,task        ] GC(440) Using 8 workers of 8 for evacuation
[3857.755s][info][gc,phases      ] GC(440)   Pre Evacuate Collection Set: 0.26ms
[3857.755s][info][gc,phases      ] GC(440)   Merge Heap Roots: 0.51ms
[3857.755s][info][gc,phases      ] GC(440)   Evacuate Collection Set: 145.28ms
[3857.755s][info][gc,phases      ] GC(440)   Post Evacuate Collection Set: 1.00ms
[3857.755s][info][gc,phases      ] GC(440)   Other: 0.07ms
[3857.755s][info][gc,heap        ] GC(440) Eden regions: 570->0(571)
[3857.755s][info][gc,heap        ] GC(440) Survivor regions: 44->43(77)
[3857.755s][info][gc,heap        ] GC(440) Old regions: 157->164
[3857.755s][info][gc,heap        ] GC(440) Humongous regions: 33->33
[3857.755s][info][gc,metaspace   ] GC(440) Metaspace: 29930K(30400K)->29930K(30400K) NonClass: 24522K(24768K)->24522K(24768K) Class: 5408K(5632K)->5408K(5632K)
[3857.755s][info][gc             ] GC(440) Pause Young (Normal) (G1 Evacuation Pause) 6415M->1903M(8192M) 147.244ms
[3857.755s][info][gc,cpu         ] GC(440) User=1.16s Sys=0.00s Real=0.15s
......[3863.621s][info][gc,start       ] GC(441) Pause Young (Normal) (G1 Evacuation Pause)
[3863.621s][info][gc,task        ] GC(441) Using 8 workers of 8 for evacuation
[3863.769s][info][gc,phases      ] GC(441)   Pre Evacuate Collection Set: 0.25ms
[3863.769s][info][gc,phases      ] GC(441)   Merge Heap Roots: 0.56ms
[3863.769s][info][gc,phases      ] GC(441)   Evacuate Collection Set: 146.63ms
[3863.769s][info][gc,phases      ] GC(441)   Post Evacuate Collection Set: 1.00ms
[3863.769s][info][gc,phases      ] GC(441)   Other: 0.07ms
[3863.769s][info][gc,heap        ] GC(441) Eden regions: 571->0(571)
[3863.769s][info][gc,heap        ] GC(441) Survivor regions: 43->43(77)
[3863.769s][info][gc,heap        ] GC(441) Old regions: 164->171
[3863.769s][info][gc,heap        ] GC(441) Humongous regions: 33->33
[3863.769s][info][gc,metaspace   ] GC(441) Metaspace: 29930K(30400K)->29930K(30400K) NonClass: 24522K(24768K)->24522K(24768K) Class: 5408K(5632K)->5408K(5632K)
[3863.769s][info][gc             ] GC(441) Pause Young (Normal) (G1 Evacuation Pause) 6471M->1959M(8192M) 148.630ms
[3863.769s][info][gc,cpu         ] GC(441) User=1.18s Sys=0.00s Real=0.15s
......[3869.620s][info][gc,start       ] GC(442) Pause Young (Normal) (G1 Evacuation Pause)
[3869.620s][info][gc,task        ] GC(442) Using 8 workers of 8 for evacuation
[3869.765s][info][gc,phases      ] GC(442)   Pre Evacuate Collection Set: 0.24ms
[3869.765s][info][gc,phases      ] GC(442)   Merge Heap Roots: 0.49ms
[3869.765s][info][gc,phases      ] GC(442)   Evacuate Collection Set: 143.08ms
[3869.765s][info][gc,phases      ] GC(442)   Post Evacuate Collection Set: 0.99ms
[3869.765s][info][gc,phases      ] GC(442)   Other: 0.06ms
[3869.765s][info][gc,heap        ] GC(442) Eden regions: 571->0(573)
[3869.765s][info][gc,heap        ] GC(442) Survivor regions: 43->41(77)
[3869.765s][info][gc,heap        ] GC(442) Old regions: 171->178
[3869.765s][info][gc,heap        ] GC(442) Humongous regions: 33->33
[3869.765s][info][gc,metaspace   ] GC(442) Metaspace: 29930K(30400K)->29930K(30400K) NonClass: 24522K(24768K)->24522K(24768K) Class: 5408K(5632K)->5408K(5632K)
[3869.765s][info][gc             ] GC(442) Pause Young (Normal) (G1 Evacuation Pause) 6527M->2003M(8192M) 144.993ms
[3869.765s][info][gc,cpu         ] GC(442) User=1.15s Sys=0.00s Real=0.15s
......[3875.607s][info][gc,start       ] GC(443) Pause Young (Normal) (G1 Evacuation Pause)
[3875.607s][info][gc,task        ] GC(443) Using 8 workers of 8 for evacuation
[3875.758s][info][gc,phases      ] GC(443)   Pre Evacuate Collection Set: 0.24ms
[3875.758s][info][gc,phases      ] GC(443)   Merge Heap Roots: 0.56ms
[3875.758s][info][gc,phases      ] GC(443)   Evacuate Collection Set: 148.59ms
[3875.758s][info][gc,phases      ] GC(443)   Post Evacuate Collection Set: 1.02ms
[3875.758s][info][gc,phases      ] GC(443)   Other: 0.07ms
[3875.758s][info][gc,heap        ] GC(443) Eden regions: 573->0(571)
[3875.758s][info][gc,heap        ] GC(443) Survivor regions: 41->43(77)
[3875.758s][info][gc,heap        ] GC(443) Old regions: 178->185
[3875.758s][info][gc,heap        ] GC(443) Humongous regions: 33->33
[3875.758s][info][gc,metaspace   ] GC(443) Metaspace: 29930K(30400K)->29930K(30400K) NonClass: 24522K(24768K)->24522K(24768K) Class: 5408K(5632K)->5408K(5632K)
[3875.758s][info][gc             ] GC(443) Pause Young (Normal) (G1 Evacuation Pause) 6587M->2075M(8192M) 150.611ms
[3875.758s][info][gc,cpu         ] GC(443) User=1.19s Sys=0.00s Real=0.15s
......[3881.611s][info][gc,start       ] GC(444) Pause Young (Normal) (G1 Evacuation Pause)
[3881.611s][info][gc,task        ] GC(444) Using 8 workers of 8 for evacuation
[3881.766s][info][gc,phases      ] GC(444)   Pre Evacuate Collection Set: 0.26ms
[3881.766s][info][gc,phases      ] GC(444)   Merge Heap Roots: 0.53ms
[3881.766s][info][gc,phases      ] GC(444)   Evacuate Collection Set: 153.08ms
[3881.766s][info][gc,phases      ] GC(444)   Post Evacuate Collection Set: 1.04ms
[3881.766s][info][gc,phases      ] GC(444)   Other: 0.06ms
[3881.766s][info][gc,heap        ] GC(444) Eden regions: 571->0(570)
[3881.766s][info][gc,heap        ] GC(444) Survivor regions: 43->44(77)
[3881.766s][info][gc,heap        ] GC(444) Old regions: 185->193
[3881.766s][info][gc,heap        ] GC(444) Humongous regions: 33->33
[3881.766s][info][gc,metaspace   ] GC(444) Metaspace: 29930K(30400K)->29930K(30400K) NonClass: 24522K(24768K)->24522K(24768K) Class: 5408K(5632K)->5408K(5632K)
[3881.766s][info][gc             ] GC(444) Pause Young (Normal) (G1 Evacuation Pause) 6643M->2136M(8192M) 155.100ms
[3881.766s][info][gc,cpu         ] GC(444) User=1.23s Sys=0.00s Real=0.16s
......[3887.578s][info][gc,start       ] GC(445) Pause Young (Normal) (G1 Evacuation Pause)
[3887.578s][info][gc,task        ] GC(445) Using 8 workers of 8 for evacuation
[3887.726s][info][gc,phases      ] GC(445)   Pre Evacuate Collection Set: 0.27ms
[3887.726s][info][gc,phases      ] GC(445)   Merge Heap Roots: 0.64ms
[3887.726s][info][gc,phases      ] GC(445)   Evacuate Collection Set: 145.96ms
[3887.726s][info][gc,phases      ] GC(445)   Post Evacuate Collection Set: 1.01ms
[3887.726s][info][gc,phases      ] GC(445)   Other: 0.07ms
[3887.726s][info][gc,heap        ] GC(445) Eden regions: 570->0(572)
[3887.726s][info][gc,heap        ] GC(445) Survivor regions: 44->42(77)
[3887.726s][info][gc,heap        ] GC(445) Old regions: 193->200
[3887.726s][info][gc,heap        ] GC(445) Humongous regions: 33->33
[3887.726s][info][gc,metaspace   ] GC(445) Metaspace: 29930K(30400K)->29930K(30400K) NonClass: 24522K(24768K)->24522K(24768K) Class: 5408K(5632K)->5408K(5632K)
[3887.726s][info][gc             ] GC(445) Pause Young (Normal) (G1 Evacuation Pause) 6696M->2180M(8192M) 148.079ms
[3887.726s][info][gc,cpu         ] GC(445) User=1.17s Sys=0.00s Real=0.15s
.... (rIR:aIR:PR = 6394:6393:6393) (tPR = 95276) [OK] 
  3891s: Performance info:
         Transaction,    Success,    Partial,     Failed,   Receipts, AvgBarcode, 
             Overall,     383769,          0,          0,     364550,      59.47, 
         Response times:
             Request,    Success,    Partial,     Failed,   SkipFail,     Probes,    Samples,      min,      p50,      p90,      p95,      p99,      max, 
       TotalPurchase,     364550,          0,          0,          0,     358264,     393859,      300,     4300,     8000,    11100,    68000,   345000,
     InStorePurchase,     191864,          0,          0,          0,     188835,     206997,      400,     4300,     8000,    11200,    68000,   345000,
      OnlinePurchase,     134301,          0,          0,          0,     131991,     145290,      300,     4200,     8000,    11100,    67000,   344000,
        InstPurchase,      38385,          0,          0,          0,      37438,      41572,      500,     4300,     8100,    11100,    66000,   345000,
          AssocOfCat,        386,          0,          0,          0,        316,        404,    28000,    38000,    54500,    84000,   183700,   214000,
      AssocOfProduct,       3847,          0,          0,          0,       3594,       4193,     1000,     4700,     8700,    11730,    57000,   171000,
      BusinessReport,        957,          0,          0,          0,        811,        997,    29000,    40000,    58000,    71000,   190240,   225000,
          CustBuyBeh,       3830,          0,          0,          0,       3567,       4144,      200,     4700,     7600,     9975,    80000,   291000,
       ProductReturn,      10199,          0,          0,          0,       9640,      10928,      200,     4500,     8100,    10700,    67000,   195000,

  3891s: (46%)   IR =   6537 .[3893.513s][info][gc,start       ] GC(446) Pause Young (Normal) (G1 Evacuation Pause)
[3893.513s][info][gc,task        ] GC(446) Using 8 workers of 8 for evacuation
[3893.660s][info][gc,phases      ] GC(446)   Pre Evacuate Collection Set: 0.24ms
[3893.660s][info][gc,phases      ] GC(446)   Merge Heap Roots: 0.54ms
[3893.660s][info][gc,phases      ] GC(446)   Evacuate Collection Set: 145.78ms
[3893.660s][info][gc,phases      ] GC(446)   Post Evacuate Collection Set: 1.00ms
[3893.660s][info][gc,phases      ] GC(446)   Other: 0.08ms
[3893.661s][info][gc,heap        ] GC(446) Eden regions: 572->0(571)
[3893.661s][info][gc,heap        ] GC(446) Survivor regions: 42->43(77)
[3893.661s][info][gc,heap        ] GC(446) Old regions: 200->207
[3893.661s][info][gc,heap        ] GC(446) Humongous regions: 33->33
[3893.661s][info][gc,metaspace   ] GC(446) Metaspace: 29930K(30400K)->29930K(30400K) NonClass: 24522K(24768K)->24522K(24768K) Class: 5408K(5632K)->5408K(5632K)
[3893.661s][info][gc             ] GC(446) Pause Young (Normal) (G1 Evacuation Pause) 6756M->2242M(8192M) 147.771ms
[3893.661s][info][gc,cpu         ] GC(446) User=1.17s Sys=0.00s Real=0.15s
.....|.[3899.413s][info][gc,start       ] GC(447) Pause Young (Normal) (G1 Evacuation Pause)
[3899.413s][info][gc,task        ] GC(447) Using 8 workers of 8 for evacuation
[3899.562s][info][gc,phases      ] GC(447)   Pre Evacuate Collection Set: 0.25ms
[3899.562s][info][gc,phases      ] GC(447)   Merge Heap Roots: 0.65ms
[3899.562s][info][gc,phases      ] GC(447)   Evacuate Collection Set: 146.09ms
[3899.562s][info][gc,phases      ] GC(447)   Post Evacuate Collection Set: 1.10ms
[3899.562s][info][gc,phases      ] GC(447)   Other: 0.06ms
[3899.562s][info][gc,heap        ] GC(447) Eden regions: 571->0(571)
[3899.562s][info][gc,heap        ] GC(447) Survivor regions: 43->43(77)
[3899.562s][info][gc,heap        ] GC(447) Old regions: 207->214
[3899.562s][info][gc,heap        ] GC(447) Humongous regions: 33->33
[3899.562s][info][gc,metaspace   ] GC(447) Metaspace: 29930K(30400K)->29930K(30400K) NonClass: 24522K(24768K)->24522K(24768K) Class: 5408K(5632K)->5408K(5632K)
[3899.562s][info][gc             ] GC(447) Pause Young (Normal) (G1 Evacuation Pause) 6810M->2296M(8192M) 148.306ms
[3899.562s][info][gc,cpu         ] GC(447) User=1.17s Sys=0.00s Real=0.15s
......[3905.282s][info][gc,start       ] GC(448) Pause Young (Normal) (G1 Evacuation Pause)
[3905.283s][info][gc,task        ] GC(448) Using 8 workers of 8 for evacuation
[3905.434s][info][gc,phases      ] GC(448)   Pre Evacuate Collection Set: 0.32ms
[3905.434s][info][gc,phases      ] GC(448)   Merge Heap Roots: 0.59ms
[3905.434s][info][gc,phases      ] GC(448)   Evacuate Collection Set: 149.31ms
[3905.434s][info][gc,phases      ] GC(448)   Post Evacuate Collection Set: 1.05ms
[3905.434s][info][gc,phases      ] GC(448)   Other: 0.07ms
[3905.434s][info][gc,heap        ] GC(448) Eden regions: 571->0(570)
[3905.434s][info][gc,heap        ] GC(448) Survivor regions: 43->44(77)
[3905.434s][info][gc,heap        ] GC(448) Old regions: 214->220
[3905.434s][info][gc,heap        ] GC(448) Humongous regions: 33->33
[3905.434s][info][gc,metaspace   ] GC(448) Metaspace: 29930K(30400K)->29930K(30400K) NonClass: 24522K(24768K)->24522K(24768K) Class: 5408K(5632K)->5408K(5632K)
[3905.434s][info][gc             ] GC(448) Pause Young (Normal) (G1 Evacuation Pause) 6864M->2359M(8192M) 151.490ms
[3905.434s][info][gc,cpu         ] GC(448) User=1.20s Sys=0.00s Real=0.15s
......[3911.082s][info][gc,start       ] GC(449) Pause Young (Normal) (G1 Evacuation Pause)
[3911.082s][info][gc,task        ] GC(449) Using 8 workers of 8 for evacuation
[3911.230s][info][gc,phases      ] GC(449)   Pre Evacuate Collection Set: 0.27ms
[3911.230s][info][gc,phases      ] GC(449)   Merge Heap Roots: 0.54ms
[3911.230s][info][gc,phases      ] GC(449)   Evacuate Collection Set: 145.91ms
[3911.230s][info][gc,phases      ] GC(449)   Post Evacuate Collection Set: 0.99ms
[3911.230s][info][gc,phases      ] GC(449)   Other: 0.07ms
[3911.230s][info][gc,heap        ] GC(449) Eden regions: 570->0(571)
[3911.230s][info][gc,heap        ] GC(449) Survivor regions: 44->43(77)
[3911.230s][info][gc,heap        ] GC(449) Old regions: 220->227
[3911.230s][info][gc,heap        ] GC(449) Humongous regions: 33->33
[3911.230s][info][gc,metaspace   ] GC(449) Metaspace: 29930K(30400K)->29930K(30400K) NonClass: 24522K(24768K)->24522K(24768K) Class: 5408K(5632K)->5408K(5632K)
[3911.230s][info][gc             ] GC(449) Pause Young (Normal) (G1 Evacuation Pause) 6919M->2407M(8192M) 147.906ms
[3911.230s][info][gc,cpu         ] GC(449) User=1.18s Sys=0.00s Real=0.15s
......[3917.030s][info][gc,start       ] GC(450) Pause Young (Normal) (G1 Evacuation Pause)
[3917.030s][info][gc,task        ] GC(450) Using 8 workers of 8 for evacuation
[3917.177s][info][gc,phases      ] GC(450)   Pre Evacuate Collection Set: 0.27ms
[3917.177s][info][gc,phases      ] GC(450)   Merge Heap Roots: 0.59ms
[3917.177s][info][gc,phases      ] GC(450)   Evacuate Collection Set: 144.99ms
[3917.177s][info][gc,phases      ] GC(450)   Post Evacuate Collection Set: 1.00ms
[3917.177s][info][gc,phases      ] GC(450)   Other: 0.08ms
[3917.177s][info][gc,heap        ] GC(450) Eden regions: 571->0(572)
[3917.177s][info][gc,heap        ] GC(450) Survivor regions: 43->42(77)
[3917.177s][info][gc,heap        ] GC(450) Old regions: 227->234
[3917.177s][info][gc,heap        ] GC(450) Humongous regions: 33->33
[3917.177s][info][gc,metaspace   ] GC(450) Metaspace: 29930K(30400K)->29930K(30400K) NonClass: 24522K(24768K)->24522K(24768K) Class: 5408K(5632K)->5408K(5632K)
[3917.178s][info][gc             ] GC(450) Pause Young (Normal) (G1 Evacuation Pause) 6975M->2459M(8192M) 147.077ms
[3917.178s][info][gc,cpu         ] GC(450) User=1.16s Sys=0.00s Real=0.15s
......[3922.881s][info][gc,start       ] GC(451) Pause Young (Normal) (G1 Evacuation Pause)
[3922.881s][info][gc,task        ] GC(451) Using 8 workers of 8 for evacuation
[3923.028s][info][gc,phases      ] GC(451)   Pre Evacuate Collection Set: 0.25ms
[3923.028s][info][gc,phases      ] GC(451)   Merge Heap Roots: 0.50ms
[3923.028s][info][gc,phases      ] GC(451)   Evacuate Collection Set: 144.72ms
[3923.028s][info][gc,phases      ] GC(451)   Post Evacuate Collection Set: 1.00ms
[3923.028s][info][gc,phases      ] GC(451)   Other: 0.07ms
[3923.028s][info][gc,heap        ] GC(451) Eden regions: 572->0(571)
[3923.028s][info][gc,heap        ] GC(451) Survivor regions: 42->43(77)
[3923.028s][info][gc,heap        ] GC(451) Old regions: 234->241
[3923.028s][info][gc,heap        ] GC(451) Humongous regions: 33->33
[3923.028s][info][gc,metaspace   ] GC(451) Metaspace: 29930K(30400K)->29930K(30400K) NonClass: 24522K(24768K)->24522K(24768K) Class: 5408K(5632K)->5408K(5632K)
[3923.028s][info][gc             ] GC(451) Pause Young (Normal) (G1 Evacuation Pause) 7035M->2517M(8192M) 146.671ms
[3923.028s][info][gc,cpu         ] GC(451) User=1.16s Sys=0.00s Real=0.15s
......[3928.732s][info][gc,start       ] GC(452) Pause Young (Normal) (G1 Evacuation Pause)
[3928.732s][info][gc,task        ] GC(452) Using 8 workers of 8 for evacuation
[3928.879s][info][gc,phases      ] GC(452)   Pre Evacuate Collection Set: 0.24ms
[3928.879s][info][gc,phases      ] GC(452)   Merge Heap Roots: 0.54ms
[3928.879s][info][gc,phases      ] GC(452)   Evacuate Collection Set: 145.29ms
[3928.879s][info][gc,phases      ] GC(452)   Post Evacuate Collection Set: 1.03ms
[3928.879s][info][gc,phases      ] GC(452)   Other: 0.06ms
[3928.879s][info][gc,heap        ] GC(452) Eden regions: 571->0(572)
[3928.879s][info][gc,heap        ] GC(452) Survivor regions: 43->42(77)
[3928.879s][info][gc,heap        ] GC(452) Old regions: 241->248
[3928.879s][info][gc,heap        ] GC(452) Humongous regions: 33->33
[3928.879s][info][gc,metaspace   ] GC(452) Metaspace: 29930K(30400K)->29930K(30400K) NonClass: 24522K(24768K)->24522K(24768K) Class: 5408K(5632K)->5408K(5632K)
[3928.879s][info][gc             ] GC(452) Pause Young (Normal) (G1 Evacuation Pause) 7085M->2571M(8192M) 147.310ms
[3928.879s][info][gc,cpu         ] GC(452) User=1.16s Sys=0.00s Real=0.15s
.....[3934.630s][info][gc,start       ] GC(453) Pause Young (Normal) (G1 Evacuation Pause)
[3934.630s][info][gc,task        ] GC(453) Using 8 workers of 8 for evacuation
[3934.779s][info][gc,phases      ] GC(453)   Pre Evacuate Collection Set: 0.26ms
[3934.779s][info][gc,phases      ] GC(453)   Merge Heap Roots: 0.56ms
[3934.779s][info][gc,phases      ] GC(453)   Evacuate Collection Set: 146.62ms
[3934.779s][info][gc,phases      ] GC(453)   Post Evacuate Collection Set: 1.03ms
[3934.779s][info][gc,phases      ] GC(453)   Other: 0.06ms
[3934.779s][info][gc,heap        ] GC(453) Eden regions: 572->0(571)
[3934.779s][info][gc,heap        ] GC(453) Survivor regions: 42->43(77)
[3934.779s][info][gc,heap        ] GC(453) Old regions: 248->255
[3934.779s][info][gc,heap        ] GC(453) Humongous regions: 33->33
[3934.779s][info][gc,metaspace   ] GC(453) Metaspace: 29930K(30400K)->29930K(30400K) NonClass: 24522K(24768K)->24522K(24768K) Class: 5408K(5632K)->5408K(5632K)
[3934.779s][info][gc             ] GC(453) Pause Young (Normal) (G1 Evacuation Pause) 7147M->2631M(8192M) 148.662ms
[3934.779s][info][gc,cpu         ] GC(453) User=1.18s Sys=0.00s Real=0.15s
......[3940.522s][info][gc,start       ] GC(454) Pause Young (Normal) (G1 Evacuation Pause)
[3940.522s][info][gc,task        ] GC(454) Using 8 workers of 8 for evacuation
[3940.668s][info][gc,phases      ] GC(454)   Pre Evacuate Collection Set: 0.26ms
[3940.668s][info][gc,phases      ] GC(454)   Merge Heap Roots: 0.54ms
[3940.668s][info][gc,phases      ] GC(454)   Evacuate Collection Set: 144.54ms
[3940.668s][info][gc,phases      ] GC(454)   Post Evacuate Collection Set: 1.02ms
[3940.668s][info][gc,phases      ] GC(454)   Other: 0.09ms
[3940.668s][info][gc,heap        ] GC(454) Eden regions: 571->0(573)
[3940.668s][info][gc,heap        ] GC(454) Survivor regions: 43->41(77)
[3940.668s][info][gc,heap        ] GC(454) Old regions: 255->262
[3940.668s][info][gc,heap        ] GC(454) Humongous regions: 33->33
[3940.668s][info][gc,metaspace   ] GC(454) Metaspace: 29930K(30400K)->29930K(30400K) NonClass: 24522K(24768K)->24522K(24768K) Class: 5408K(5632K)->5408K(5632K)
[3940.668s][info][gc             ] GC(454) Pause Young (Normal) (G1 Evacuation Pause) 7199M->2673M(8192M) 146.590ms
[3940.668s][info][gc,cpu         ] GC(454) User=1.16s Sys=0.00s Real=0.15s
......[3946.316s][info][gc,start       ] GC(455) Pause Young (Normal) (G1 Evacuation Pause)
[3946.316s][info][gc,task        ] GC(455) Using 8 workers of 8 for evacuation
[3946.466s][info][gc,phases      ] GC(455)   Pre Evacuate Collection Set: 0.25ms
[3946.466s][info][gc,phases      ] GC(455)   Merge Heap Roots: 0.49ms
[3946.466s][info][gc,phases      ] GC(455)   Evacuate Collection Set: 148.08ms
[3946.466s][info][gc,phases      ] GC(455)   Post Evacuate Collection Set: 1.02ms
[3946.466s][info][gc,phases      ] GC(455)   Other: 0.07ms
[3946.466s][info][gc,heap        ] GC(455) Eden regions: 573->0(570)
[3946.466s][info][gc,heap        ] GC(455) Survivor regions: 41->44(77)
[3946.466s][info][gc,heap        ] GC(455) Old regions: 262->270
[3946.466s][info][gc,heap        ] GC(455) Humongous regions: 33->33
[3946.466s][info][gc,metaspace   ] GC(455) Metaspace: 29930K(30400K)->29930K(30400K) NonClass: 24522K(24768K)->24522K(24768K) Class: 5408K(5632K)->5408K(5632K)
[3946.467s][info][gc             ] GC(455) Pause Young (Normal) (G1 Evacuation Pause) 7257M->2752M(8192M) 150.085ms
[3946.467s][info][gc,cpu         ] GC(455) User=1.19s Sys=0.00s Real=0.15s
......[3952.176s][info][gc,start       ] GC(456) Pause Young (Normal) (G1 Evacuation Pause)
[3952.176s][info][gc,task        ] GC(456) Using 8 workers of 8 for evacuation
[3952.329s][info][gc,phases      ] GC(456)   Pre Evacuate Collection Set: 0.27ms
[3952.329s][info][gc,phases      ] GC(456)   Merge Heap Roots: 0.54ms
[3952.329s][info][gc,phases      ] GC(456)   Evacuate Collection Set: 151.14ms
[3952.329s][info][gc,phases      ] GC(456)   Post Evacuate Collection Set: 1.02ms
[3952.329s][info][gc,phases      ] GC(456)   Other: 0.06ms
[3952.329s][info][gc,heap        ] GC(456) Eden regions: 570->0(571)
[3952.329s][info][gc,heap        ] GC(456) Survivor regions: 44->43(77)
[3952.329s][info][gc,heap        ] GC(456) Old regions: 270->277
[3952.329s][info][gc,heap        ] GC(456) Humongous regions: 33->33
[3952.329s][info][gc,metaspace   ] GC(456) Metaspace: 29930K(30400K)->29930K(30400K) NonClass: 24522K(24768K)->24522K(24768K) Class: 5408K(5632K)->5408K(5632K)
[3952.329s][info][gc             ] GC(456) Pause Young (Normal) (G1 Evacuation Pause) 7312M->2807M(8192M) 153.178ms
[3952.329s][info][gc,cpu         ] GC(456) User=1.20s Sys=0.00s Real=0.15s
...... (rIR:aIR:PR = 6537:6538:6538) (tPR = 97065) [OK] 
  3957s: Performance info:
         Transaction,    Success,    Partial,     Failed,   Receipts, AvgBarcode, 
             Overall,     393128,          0,          0,     373450,      59.48, 
         Response times:
             Request,    Success,    Partial,     Failed,   SkipFail,     Probes,    Samples,      min,      p50,      p90,      p95,      p99,      max, 
       TotalPurchase,     373450,          0,          0,          0,     359568,     398993,      300,     4300,     7800,     9600,    50000,   242000,
     InStorePurchase,     196632,          0,          0,          0,     189016,     209311,      300,     4300,     7800,     9500,    49000,   242000,
      OnlinePurchase,     137551,          0,          0,          0,     132287,     146868,      300,     4300,     7800,     9600,    51000,   241000,
        InstPurchase,      39267,          0,          0,          0,      38265,      42814,      500,     4400,     7900,    10100,    49000,   242000,
          AssocOfCat,        396,          0,          0,          0,        330,        451,    19000,    38000,    52000,    56000,   151400,   209000,
      AssocOfProduct,       3922,          0,          0,          0,       3666,       4313,      700,     4700,     8100,    10000,    61000,   165000,
      BusinessReport,        977,          0,          0,          0,        868,       1076,    28000,    42000,    58000,    76000,   149460,   222000,
          CustBuyBeh,       3945,          0,          0,          0,       3665,       4306,      200,     3900,     7830,    10500,    48000,   165000,
       ProductReturn,      10438,          0,          0,          0,      10003,      11392,      200,     3600,     7600,     9535,    44000,   204000,

  3957s: (47%)   IR =   6679 [3958.090s][info][gc,start       ] GC(457) Pause Young (Normal) (G1 Evacuation Pause)
[3958.090s][info][gc,task        ] GC(457) Using 8 workers of 8 for evacuation
[3958.240s][info][gc,phases      ] GC(457)   Pre Evacuate Collection Set: 0.28ms
[3958.240s][info][gc,phases      ] GC(457)   Merge Heap Roots: 0.62ms
[3958.240s][info][gc,phases      ] GC(457)   Evacuate Collection Set: 148.25ms
[3958.240s][info][gc,phases      ] GC(457)   Post Evacuate Collection Set: 1.01ms
[3958.240s][info][gc,phases      ] GC(457)   Other: 0.06ms
[3958.240s][info][gc,heap        ] GC(457) Eden regions: 571->0(567)
[3958.240s][info][gc,heap        ] GC(457) Survivor regions: 43->44(77)
[3958.240s][info][gc,heap        ] GC(457) Old regions: 277->284
[3958.240s][info][gc,heap        ] GC(457) Humongous regions: 33->33
[3958.240s][info][gc,metaspace   ] GC(457) Metaspace: 29930K(30400K)->29930K(30400K) NonClass: 24522K(24768K)->24522K(24768K) Class: 5408K(5632K)->5408K(5632K)
[3958.240s][info][gc             ] GC(457) Pause Young (Normal) (G1 Evacuation Pause) 7375M->2866M(8192M) 150.379ms
[3958.240s][info][gc,cpu         ] GC(457) User=1.20s Sys=0.00s Real=0.15s
.....|[3963.763s][info][gc,start       ] GC(458) Pause Young (Normal) (G1 Evacuation Pause)
[3963.763s][info][gc,task        ] GC(458) Using 8 workers of 8 for evacuation
[3963.912s][info][gc,phases      ] GC(458)   Pre Evacuate Collection Set: 0.27ms
[3963.912s][info][gc,phases      ] GC(458)   Merge Heap Roots: 0.55ms
[3963.912s][info][gc,phases      ] GC(458)   Evacuate Collection Set: 146.63ms
[3963.912s][info][gc,phases      ] GC(458)   Post Evacuate Collection Set: 1.02ms
[3963.912s][info][gc,phases      ] GC(458)   Other: 0.10ms
[3963.912s][info][gc,heap        ] GC(458) Eden regions: 567->0(562)
[3963.912s][info][gc,heap        ] GC(458) Survivor regions: 44->43(77)
[3963.912s][info][gc,heap        ] GC(458) Old regions: 284->291
[3963.912s][info][gc,heap        ] GC(458) Humongous regions: 33->33
[3963.912s][info][gc,metaspace   ] GC(458) Metaspace: 29930K(30400K)->29930K(30400K) NonClass: 24522K(24768K)->24522K(24768K) Class: 5408K(5632K)->5408K(5632K)
[3963.912s][info][gc             ] GC(458) Pause Young (Normal) (G1 Evacuation Pause) 7402M->2916M(8192M) 148.718ms
[3963.912s][info][gc,cpu         ] GC(458) User=1.18s Sys=0.00s Real=0.15s
......[3969.397s][info][gc,start       ] GC(459) Pause Young (Normal) (G1 Evacuation Pause)
[3969.397s][info][gc,task        ] GC(459) Using 8 workers of 8 for evacuation
[3969.543s][info][gc,phases      ] GC(459)   Pre Evacuate Collection Set: 0.26ms
[3969.543s][info][gc,phases      ] GC(459)   Merge Heap Roots: 0.52ms
[3969.543s][info][gc,phases      ] GC(459)   Evacuate Collection Set: 143.51ms
[3969.543s][info][gc,phases      ] GC(459)   Post Evacuate Collection Set: 0.99ms
[3969.543s][info][gc,phases      ] GC(459)   Other: 0.06ms
[3969.543s][info][gc,heap        ] GC(459) Eden regions: 562->0(557)
[3969.543s][info][gc,heap        ] GC(459) Survivor regions: 43->42(76)
[3969.543s][info][gc,heap        ] GC(459) Old regions: 291->298
[3969.543s][info][gc,heap        ] GC(459) Humongous regions: 33->33
[3969.543s][info][gc,metaspace   ] GC(459) Metaspace: 29930K(30400K)->29930K(30400K) NonClass: 24522K(24768K)->24522K(24768K) Class: 5408K(5632K)->5408K(5632K)
[3969.543s][info][gc             ] GC(459) Pause Young (Normal) (G1 Evacuation Pause) 7412M->2966M(8192M) 145.482ms
[3969.543s][info][gc,cpu         ] GC(459) User=1.15s Sys=0.00s Real=0.14s
......[3975.024s][info][gc,start       ] GC(460) Pause Young (Normal) (G1 Evacuation Pause)
[3975.024s][info][gc,task        ] GC(460) Using 8 workers of 8 for evacuation
[3975.172s][info][gc,phases      ] GC(460)   Pre Evacuate Collection Set: 0.27ms
[3975.172s][info][gc,phases      ] GC(460)   Merge Heap Roots: 0.60ms
[3975.172s][info][gc,phases      ] GC(460)   Evacuate Collection Set: 146.09ms
[3975.172s][info][gc,phases      ] GC(460)   Post Evacuate Collection Set: 0.97ms
[3975.172s][info][gc,phases      ] GC(460)   Other: 0.06ms
[3975.172s][info][gc,heap        ] GC(460) Eden regions: 557->0(548)
[3975.172s][info][gc,heap        ] GC(460) Survivor regions: 42->43(75)
[3975.172s][info][gc,heap        ] GC(460) Old regions: 298->305
[3975.172s][info][gc,heap        ] GC(460) Humongous regions: 33->33
[3975.172s][info][gc,metaspace   ] GC(460) Metaspace: 29930K(30400K)->29930K(30400K) NonClass: 24522K(24768K)->24522K(24768K) Class: 5408K(5632K)->5408K(5632K)
[3975.172s][info][gc             ] GC(460) Pause Young (Normal) (G1 Evacuation Pause) 7422M->3030M(8192M) 148.115ms
[3975.172s][info][gc,cpu         ] GC(460) User=1.17s Sys=0.00s Real=0.15s
.....[3980.513s][info][gc,start       ] GC(461) Pause Young (Normal) (G1 Evacuation Pause)
[3980.513s][info][gc,task        ] GC(461) Using 8 workers of 8 for evacuation
[3980.659s][info][gc,phases      ] GC(461)   Pre Evacuate Collection Set: 0.27ms
[3980.659s][info][gc,phases      ] GC(461)   Merge Heap Roots: 0.63ms
[3980.659s][info][gc,phases      ] GC(461)   Evacuate Collection Set: 143.53ms
[3980.659s][info][gc,phases      ] GC(461)   Post Evacuate Collection Set: 1.01ms
[3980.659s][info][gc,phases      ] GC(461)   Other: 0.08ms
[3980.659s][info][gc,heap        ] GC(461) Eden regions: 548->0(545)
[3980.659s][info][gc,heap        ] GC(461) Survivor regions: 43->41(74)
[3980.659s][info][gc,heap        ] GC(461) Old regions: 305->312
[3980.659s][info][gc,heap        ] GC(461) Humongous regions: 33->33
[3980.659s][info][gc,metaspace   ] GC(461) Metaspace: 29930K(30400K)->29930K(30400K) NonClass: 24522K(24768K)->24522K(24768K) Class: 5408K(5632K)->5408K(5632K)
[3980.659s][info][gc             ] GC(461) Pause Young (Normal) (G1 Evacuation Pause) 7414M->3071M(8192M) 145.657ms
[3980.659s][info][gc,cpu         ] GC(461) User=1.15s Sys=0.00s Real=0.15s
......[3985.962s][info][gc,start       ] GC(462) Pause Young (Concurrent Start) (G1 Evacuation Pause)
[3985.962s][info][gc,task        ] GC(462) Using 8 workers of 8 for evacuation
[3986.110s][info][gc,phases      ] GC(462)   Pre Evacuate Collection Set: 0.31ms
[3986.110s][info][gc,phases      ] GC(462)   Merge Heap Roots: 0.50ms
[3986.110s][info][gc,phases      ] GC(462)   Evacuate Collection Set: 145.72ms
[3986.110s][info][gc,phases      ] GC(462)   Post Evacuate Collection Set: 0.98ms
[3986.110s][info][gc,phases      ] GC(462)   Other: 0.08ms
[3986.110s][info][gc,heap        ] GC(462) Eden regions: 545->0(537)
[3986.110s][info][gc,heap        ] GC(462) Survivor regions: 41->41(74)
[3986.110s][info][gc,heap        ] GC(462) Old regions: 312->320
[3986.110s][info][gc,heap        ] GC(462) Humongous regions: 33->33
[3986.110s][info][gc,metaspace   ] GC(462) Metaspace: 29930K(30400K)->29930K(30400K) NonClass: 24522K(24768K)->24522K(24768K) Class: 5408K(5632K)->5408K(5632K)
[3986.110s][info][gc             ] GC(462) Pause Young (Concurrent Start) (G1 Evacuation Pause) 7431M->3135M(8192M) 147.735ms
[3986.110s][info][gc             ] GC(463) Concurrent Mark Cycle
[3986.110s][info][gc,marking     ] GC(463) Concurrent Scan Root Regions
[3986.110s][info][gc,cpu         ] GC(462) User=1.17s Sys=0.00s Real=0.15s
[3986.395s][info][gc,marking     ] GC(463) Concurrent Scan Root Regions 284.780ms
[3986.395s][info][gc,marking     ] GC(463) Concurrent Mark
[3986.395s][info][gc,marking     ] GC(463) Concurrent Mark From Roots
[3986.395s][info][gc,task        ] GC(463) Using 2 workers of 2 for marking
.[3987.170s][info][gc,marking     ] GC(463) Concurrent Mark From Roots 775.072ms
[3987.170s][info][gc,marking     ] GC(463) Concurrent Preclean
[3987.170s][info][gc,marking     ] GC(463) Concurrent Preclean 0.149ms
[3987.170s][info][gc,start       ] GC(463) Pause Remark
[3987.172s][info][gc             ] GC(463) Pause Remark 4120M->3480M(8192M) 1.838ms
[3987.172s][info][gc,cpu         ] GC(463) User=0.01s Sys=0.00s Real=0.00s
[3987.172s][info][gc,marking     ] GC(463) Concurrent Mark 777.298ms
[3987.172s][info][gc,marking     ] GC(463) Concurrent Rebuild Remembered Sets and Scrub Regions
[3987.570s][info][gc,marking     ] GC(463) Concurrent Rebuild Remembered Sets and Scrub Regions 397.948ms
[3987.570s][info][gc,start       ] GC(463) Pause Cleanup
[3987.571s][info][gc             ] GC(463) Pause Cleanup 3783M->3783M(8192M) 0.300ms
[3987.571s][info][gc,cpu         ] GC(463) User=0.00s Sys=0.00s Real=0.00s
[3987.571s][info][gc,marking     ] GC(463) Concurrent Clear Claimed Marks
[3987.571s][info][gc,marking     ] GC(463) Concurrent Clear Claimed Marks 0.048ms
[3987.571s][info][gc,marking     ] GC(463) Concurrent Cleanup for Next Mark
[3987.580s][info][gc,marking     ] GC(463) Concurrent Cleanup for Next Mark 8.930ms
[3987.580s][info][gc             ] GC(463) Concurrent Mark Cycle 1469.720ms
....[3991.353s][info][gc,start       ] GC(464) Pause Young (Prepare Mixed) (G1 Evacuation Pause)
[3991.353s][info][gc,task        ] GC(464) Using 8 workers of 8 for evacuation
[3991.502s][info][gc,phases      ] GC(464)   Pre Evacuate Collection Set: 0.27ms
[3991.502s][info][gc,phases      ] GC(464)   Merge Heap Roots: 0.66ms
[3991.502s][info][gc,phases      ] GC(464)   Evacuate Collection Set: 147.19ms
[3991.502s][info][gc,phases      ] GC(464)   Post Evacuate Collection Set: 1.07ms
[3991.502s][info][gc,phases      ] GC(464)   Other: 0.09ms
[3991.502s][info][gc,heap        ] GC(464) Eden regions: 537->0(572)
[3991.502s][info][gc,heap        ] GC(464) Survivor regions: 41->42(73)
[3991.502s][info][gc,heap        ] GC(464) Old regions: 240->247
[3991.502s][info][gc,heap        ] GC(464) Humongous regions: 33->33
[3991.502s][info][gc,metaspace   ] GC(464) Metaspace: 29930K(30400K)->29930K(30400K) NonClass: 24522K(24768K)->24522K(24768K) Class: 5408K(5632K)->5408K(5632K)
[3991.502s][info][gc             ] GC(464) Pause Young (Prepare Mixed) (G1 Evacuation Pause) 6791M->2562M(8192M) 149.417ms
[3991.502s][info][gc,cpu         ] GC(464) User=1.18s Sys=0.00s Real=0.15s
......[3997.023s][info][gc,start       ] GC(465) Pause Young (Mixed) (G1 Evacuation Pause)
[3997.023s][info][gc,task        ] GC(465) Using 8 workers of 8 for evacuation
[3997.182s][info][gc,phases      ] GC(465)   Pre Evacuate Collection Set: 0.28ms
[3997.182s][info][gc,phases      ] GC(465)   Merge Heap Roots: 0.91ms
[3997.182s][info][gc,phases      ] GC(465)   Evacuate Collection Set: 156.15ms
[3997.182s][info][gc,phases      ] GC(465)   Post Evacuate Collection Set: 1.24ms
[3997.182s][info][gc,phases      ] GC(465)   Other: 0.08ms
[3997.182s][info][gc,heap        ] GC(465) Eden regions: 572->0(571)
[3997.182s][info][gc,heap        ] GC(465) Survivor regions: 42->43(77)
[3997.182s][info][gc,heap        ] GC(465) Old regions: 247->153
[3997.182s][info][gc,heap        ] GC(465) Humongous regions: 33->33
[3997.182s][info][gc,metaspace   ] GC(465) Metaspace: 29930K(30400K)->29930K(30400K) NonClass: 24522K(24768K)->24522K(24768K) Class: 5408K(5632K)->5408K(5632K)
[3997.182s][info][gc             ] GC(465) Pause Young (Mixed) (G1 Evacuation Pause) 7138M->1810M(8192M) 158.813ms
[3997.182s][info][gc,cpu         ] GC(465) User=1.26s Sys=0.00s Real=0.16s
.....[4002.864s][info][gc,start       ] GC(466) Pause Young (Mixed) (G1 Evacuation Pause)
[4002.864s][info][gc,task        ] GC(466) Using 8 workers of 8 for evacuation
[4003.017s][info][gc,phases      ] GC(466)   Pre Evacuate Collection Set: 0.31ms
[4003.017s][info][gc,phases      ] GC(466)   Merge Heap Roots: 0.80ms
[4003.017s][info][gc,phases      ] GC(466)   Evacuate Collection Set: 150.05ms
[4003.017s][info][gc,phases      ] GC(466)   Post Evacuate Collection Set: 1.07ms
[4003.017s][info][gc,phases      ] GC(466)   Other: 0.08ms
[4003.017s][info][gc,heap        ] GC(466) Eden regions: 571->0(571)
[4003.017s][info][gc,heap        ] GC(466) Survivor regions: 43->43(77)
[4003.017s][info][gc,heap        ] GC(466) Old regions: 153->143
[4003.017s][info][gc,heap        ] GC(466) Humongous regions: 33->33
[4003.017s][info][gc,metaspace   ] GC(466) Metaspace: 29930K(30400K)->29930K(30400K) NonClass: 24522K(24768K)->24522K(24768K) Class: 5408K(5632K)->5408K(5632K)
[4003.017s][info][gc             ] GC(466) Pause Young (Mixed) (G1 Evacuation Pause) 6378M->1729M(8192M) 152.446ms
[4003.017s][info][gc,cpu         ] GC(466) User=1.21s Sys=0.00s Real=0.16s
......[4008.538s][info][gc,start       ] GC(467) Pause Young (Normal) (G1 Evacuation Pause)
[4008.538s][info][gc,task        ] GC(467) Using 8 workers of 8 for evacuation
[4008.687s][info][gc,phases      ] GC(467)   Pre Evacuate Collection Set: 0.25ms
[4008.687s][info][gc,phases      ] GC(467)   Merge Heap Roots: 0.52ms
[4008.687s][info][gc,phases      ] GC(467)   Evacuate Collection Set: 146.80ms
[4008.687s][info][gc,phases      ] GC(467)   Post Evacuate Collection Set: 1.03ms
[4008.687s][info][gc,phases      ] GC(467)   Other: 0.08ms
[4008.687s][info][gc,heap        ] GC(467) Eden regions: 571->0(570)
[4008.687s][info][gc,heap        ] GC(467) Survivor regions: 43->44(77)
[4008.687s][info][gc,heap        ] GC(467) Old regions: 143->150
[4008.687s][info][gc,heap        ] GC(467) Humongous regions: 33->33
[4008.687s][info][gc,metaspace   ] GC(467) Metaspace: 29930K(30400K)->29930K(30400K) NonClass: 24522K(24768K)->24522K(24768K) Class: 5408K(5632K)->5408K(5632K)
[4008.687s][info][gc             ] GC(467) Pause Young (Normal) (G1 Evacuation Pause) 6297M->1794M(8192M) 148.825ms
[4008.687s][info][gc,cpu         ] GC(467) User=1.18s Sys=0.00s Real=0.15s
......[4014.292s][info][gc,start       ] GC(468) Pause Young (Normal) (G1 Evacuation Pause)
[4014.292s][info][gc,task        ] GC(468) Using 8 workers of 8 for evacuation
[4014.444s][info][gc,phases      ] GC(468)   Pre Evacuate Collection Set: 0.28ms
[4014.444s][info][gc,phases      ] GC(468)   Merge Heap Roots: 0.54ms
[4014.444s][info][gc,phases      ] GC(468)   Evacuate Collection Set: 149.60ms
[4014.444s][info][gc,phases      ] GC(468)   Post Evacuate Collection Set: 1.00ms
[4014.444s][info][gc,phases      ] GC(468)   Other: 0.06ms
[4014.444s][info][gc,heap        ] GC(468) Eden regions: 570->0(571)
[4014.444s][info][gc,heap        ] GC(468) Survivor regions: 44->43(77)
[4014.444s][info][gc,heap        ] GC(468) Old regions: 150->157
[4014.444s][info][gc,heap        ] GC(468) Humongous regions: 33->33
[4014.444s][info][gc,metaspace   ] GC(468) Metaspace: 29930K(30400K)->29930K(30400K) NonClass: 24522K(24768K)->24522K(24768K) Class: 5408K(5632K)->5408K(5632K)
[4014.444s][info][gc             ] GC(468) Pause Young (Normal) (G1 Evacuation Pause) 6354M->1848M(8192M) 151.625ms
[4014.444s][info][gc,cpu         ] GC(468) User=1.20s Sys=0.01s Real=0.15s
......[4020.039s][info][gc,start       ] GC(469) Pause Young (Normal) (G1 Evacuation Pause)
[4020.039s][info][gc,task        ] GC(469) Using 8 workers of 8 for evacuation
[4020.190s][info][gc,phases      ] GC(469)   Pre Evacuate Collection Set: 0.29ms
[4020.190s][info][gc,phases      ] GC(469)   Merge Heap Roots: 0.56ms
[4020.190s][info][gc,phases      ] GC(469)   Evacuate Collection Set: 149.46ms
[4020.190s][info][gc,phases      ] GC(469)   Post Evacuate Collection Set: 1.03ms
[4020.190s][info][gc,phases      ] GC(469)   Other: 0.07ms
[4020.190s][info][gc,heap        ] GC(469) Eden regions: 571->0(571)
[4020.190s][info][gc,heap        ] GC(469) Survivor regions: 43->43(77)
[4020.190s][info][gc,heap        ] GC(469) Old regions: 157->164
[4020.190s][info][gc,heap        ] GC(469) Humongous regions: 33->33
[4020.190s][info][gc,metaspace   ] GC(469) Metaspace: 29930K(30400K)->29930K(30400K) NonClass: 24522K(24768K)->24522K(24768K) Class: 5408K(5632K)->5408K(5632K)
[4020.190s][info][gc             ] GC(469) Pause Young (Normal) (G1 Evacuation Pause) 6416M->1904M(8192M) 151.565ms
[4020.190s][info][gc,cpu         ] GC(469) User=1.20s Sys=0.00s Real=0.15s
... (rIR:aIR:PR = 6679:6678:6678) (tPR = 99574) [OK] 
  4022s: Performance info:
         Transaction,    Success,    Partial,     Failed,   Receipts, AvgBarcode, 
             Overall,     401758,          0,          0,     381675,      59.47, 
         Response times:
             Request,    Success,    Partial,     Failed,   SkipFail,     Probes,    Samples,      min,      p50,      p90,      p95,      p99,      max, 
       TotalPurchase,     381675,          0,          0,          0,     362114,     393354,      300,     4600,     8600,    14400,    71000,   474000,
     InStorePurchase,     200751,          0,          0,          0,     190651,     206932,      400,     4600,     8600,    14500,    71000,   474000,
      OnlinePurchase,     140681,          0,          0,          0,     133462,     144771,      300,     4500,     8700,    14200,    70000,   473000,
        InstPurchase,      40243,          0,          0,          0,      38001,      41651,      400,     4600,     8400,    14300,    69480,   474000,
          AssocOfCat,        400,          0,          0,          0,        321,        415,    25000,    38000,    65400,    93400,   161800,   209000,
      AssocOfProduct,       4012,          0,          0,          0,       3762,       4239,      400,     4500,     8400,    19000,    72600,   165000,
      BusinessReport,       1002,          0,          0,          0,        867,       1073,    27000,    44000,    69000,    96600,   195260,   268000,
          CustBuyBeh,       4017,          0,          0,          0,       3801,       4376,      200,     4200,     8200,    11700,    67000,   161000,
       ProductReturn,      10652,          0,          0,          0,      10130,      11345,      200,     4500,     8300,    12300,    69000,   302000,

  4022s: (48%)   IR =   6821 ..[4025.696s][info][gc,start       ] GC(470) Pause Young (Normal) (G1 Evacuation Pause)
[4025.696s][info][gc,task        ] GC(470) Using 8 workers of 8 for evacuation
[4025.843s][info][gc,phases      ] GC(470)   Pre Evacuate Collection Set: 0.28ms
[4025.843s][info][gc,phases      ] GC(470)   Merge Heap Roots: 0.53ms
[4025.843s][info][gc,phases      ] GC(470)   Evacuate Collection Set: 145.35ms
[4025.843s][info][gc,phases      ] GC(470)   Post Evacuate Collection Set: 1.01ms
[4025.844s][info][gc,phases      ] GC(470)   Other: 0.10ms
[4025.844s][info][gc,heap        ] GC(470) Eden regions: 571->0(572)
[4025.844s][info][gc,heap        ] GC(470) Survivor regions: 43->42(77)
[4025.844s][info][gc,heap        ] GC(470) Old regions: 164->171
[4025.844s][info][gc,heap        ] GC(470) Humongous regions: 33->33
[4025.844s][info][gc,metaspace   ] GC(470) Metaspace: 29930K(30400K)->29930K(30400K) NonClass: 24522K(24768K)->24522K(24768K) Class: 5408K(5632K)->5408K(5632K)
[4025.844s][info][gc             ] GC(470) Pause Young (Normal) (G1 Evacuation Pause) 6472M->1951M(8192M) 147.407ms
[4025.844s][info][gc,cpu         ] GC(470) User=1.17s Sys=0.00s Real=0.14s
.....|.[4031.232s][info][gc,start       ] GC(471) Pause Young (Normal) (G1 Evacuation Pause)
[4031.232s][info][gc,task        ] GC(471) Using 8 workers of 8 for evacuation
[4031.386s][info][gc,phases      ] GC(471)   Pre Evacuate Collection Set: 0.28ms
[4031.386s][info][gc,phases      ] GC(471)   Merge Heap Roots: 0.50ms
[4031.386s][info][gc,phases      ] GC(471)   Evacuate Collection Set: 151.44ms
[4031.386s][info][gc,phases      ] GC(471)   Post Evacuate Collection Set: 1.04ms
[4031.386s][info][gc,phases      ] GC(471)   Other: 0.07ms
[4031.386s][info][gc,heap        ] GC(471) Eden regions: 572->0(570)
[4031.386s][info][gc,heap        ] GC(471) Survivor regions: 42->44(77)
[4031.386s][info][gc,heap        ] GC(471) Old regions: 171->178
[4031.386s][info][gc,heap        ] GC(471) Humongous regions: 33->33
[4031.386s][info][gc,metaspace   ] GC(471) Metaspace: 29930K(30400K)->29930K(30400K) NonClass: 24522K(24768K)->24522K(24768K) Class: 5408K(5632K)->5408K(5632K)
[4031.386s][info][gc             ] GC(471) Pause Young (Normal) (G1 Evacuation Pause) 6527M->2027M(8192M) 153.456ms
[4031.386s][info][gc,cpu         ] GC(471) User=1.22s Sys=0.00s Real=0.16s
.....[4036.870s][info][gc,start       ] GC(472) Pause Young (Normal) (G1 Evacuation Pause)
[4036.870s][info][gc,task        ] GC(472) Using 8 workers of 8 for evacuation
[4037.021s][info][gc,phases      ] GC(472)   Pre Evacuate Collection Set: 0.27ms
[4037.021s][info][gc,phases      ] GC(472)   Merge Heap Roots: 0.54ms
[4037.021s][info][gc,phases      ] GC(472)   Evacuate Collection Set: 149.29ms
[4037.021s][info][gc,phases      ] GC(472)   Post Evacuate Collection Set: 1.04ms
[4037.021s][info][gc,phases      ] GC(472)   Other: 0.07ms
[4037.021s][info][gc,heap        ] GC(472) Eden regions: 570->0(571)
[4037.021s][info][gc,heap        ] GC(472) Survivor regions: 44->43(77)
[4037.021s][info][gc,heap        ] GC(472) Old regions: 178->185
[4037.021s][info][gc,heap        ] GC(472) Humongous regions: 33->33
[4037.021s][info][gc,metaspace   ] GC(472) Metaspace: 29930K(30400K)->29930K(30400K) NonClass: 24522K(24768K)->24522K(24768K) Class: 5408K(5632K)->5408K(5632K)
[4037.021s][info][gc             ] GC(472) Pause Young (Normal) (G1 Evacuation Pause) 6587M->2075M(8192M) 151.319ms
[4037.021s][info][gc,cpu         ] GC(472) User=1.20s Sys=0.00s Real=0.15s
......[4042.447s][info][gc,start       ] GC(473) Pause Young (Normal) (G1 Evacuation Pause)
[4042.447s][info][gc,task        ] GC(473) Using 8 workers of 8 for evacuation
[4042.593s][info][gc,phases      ] GC(473)   Pre Evacuate Collection Set: 0.25ms
[4042.593s][info][gc,phases      ] GC(473)   Merge Heap Roots: 0.59ms
[4042.593s][info][gc,phases      ] GC(473)   Evacuate Collection Set: 143.23ms
[4042.593s][info][gc,phases      ] GC(473)   Post Evacuate Collection Set: 1.02ms
[4042.593s][info][gc,phases      ] GC(473)   Other: 0.07ms
[4042.593s][info][gc,heap        ] GC(473) Eden regions: 571->0(572)
[4042.593s][info][gc,heap        ] GC(473) Survivor regions: 43->42(77)
[4042.593s][info][gc,heap        ] GC(473) Old regions: 185->192
[4042.593s][info][gc,heap        ] GC(473) Humongous regions: 33->33
[4042.593s][info][gc,metaspace   ] GC(473) Metaspace: 29930K(30400K)->29930K(30400K) NonClass: 24522K(24768K)->24522K(24768K) Class: 5408K(5632K)->5408K(5632K)
[4042.593s][info][gc             ] GC(473) Pause Young (Normal) (G1 Evacuation Pause) 6643M->2119M(8192M) 145.299ms
[4042.593s][info][gc,cpu         ] GC(473) User=1.15s Sys=0.00s Real=0.14s
.....[4048.103s][info][gc,start       ] GC(474) Pause Young (Normal) (G1 Evacuation Pause)
[4048.103s][info][gc,task        ] GC(474) Using 8 workers of 8 for evacuation
[4048.255s][info][gc,phases      ] GC(474)   Pre Evacuate Collection Set: 0.25ms
[4048.255s][info][gc,phases      ] GC(474)   Merge Heap Roots: 0.50ms
[4048.255s][info][gc,phases      ] GC(474)   Evacuate Collection Set: 149.77ms
[4048.255s][info][gc,phases      ] GC(474)   Post Evacuate Collection Set: 0.99ms
[4048.255s][info][gc,phases      ] GC(474)   Other: 0.07ms
[4048.255s][info][gc,heap        ] GC(474) Eden regions: 572->0(570)
[4048.255s][info][gc,heap        ] GC(474) Survivor regions: 42->44(77)
[4048.255s][info][gc,heap        ] GC(474) Old regions: 192->199
[4048.255s][info][gc,heap        ] GC(474) Humongous regions: 33->33
[4048.255s][info][gc,metaspace   ] GC(474) Metaspace: 29930K(30400K)->29930K(30400K) NonClass: 24522K(24768K)->24522K(24768K) Class: 5408K(5632K)->5408K(5632K)
[4048.255s][info][gc             ] GC(474) Pause Young (Normal) (G1 Evacuation Pause) 6695M->2191M(8192M) 151.705ms
[4048.255s][info][gc,cpu         ] GC(474) User=1.20s Sys=0.00s Real=0.16s
......[4053.700s][info][gc,start       ] GC(475) Pause Young (Normal) (G1 Evacuation Pause)
[4053.700s][info][gc,task        ] GC(475) Using 8 workers of 8 for evacuation
[4053.847s][info][gc,phases      ] GC(475)   Pre Evacuate Collection Set: 0.27ms
[4053.847s][info][gc,phases      ] GC(475)   Merge Heap Roots: 0.51ms
[4053.847s][info][gc,phases      ] GC(475)   Evacuate Collection Set: 144.81ms
[4053.847s][info][gc,phases      ] GC(475)   Post Evacuate Collection Set: 1.02ms
[4053.847s][info][gc,phases      ] GC(475)   Other: 0.06ms
[4053.847s][info][gc,heap        ] GC(475) Eden regions: 570->0(571)
[4053.847s][info][gc,heap        ] GC(475) Survivor regions: 44->43(77)
[4053.847s][info][gc,heap        ] GC(475) Old regions: 199->206
[4053.847s][info][gc,heap        ] GC(475) Humongous regions: 33->33
[4053.847s][info][gc,metaspace   ] GC(475) Metaspace: 29930K(30400K)->29930K(30400K) NonClass: 24522K(24768K)->24522K(24768K) Class: 5408K(5632K)->5408K(5632K)
[4053.847s][info][gc             ] GC(475) Pause Young (Normal) (G1 Evacuation Pause) 6751M->2241M(8192M) 146.802ms
[4053.847s][info][gc,cpu         ] GC(475) User=1.16s Sys=0.00s Real=0.15s
......[4059.351s][info][gc,start       ] GC(476) Pause Young (Normal) (G1 Evacuation Pause)
[4059.351s][info][gc,task        ] GC(476) Using 8 workers of 8 for evacuation
[4059.501s][info][gc,phases      ] GC(476)   Pre Evacuate Collection Set: 0.25ms
[4059.501s][info][gc,phases      ] GC(476)   Merge Heap Roots: 0.58ms
[4059.501s][info][gc,phases      ] GC(476)   Evacuate Collection Set: 147.65ms
[4059.501s][info][gc,phases      ] GC(476)   Post Evacuate Collection Set: 1.01ms
[4059.501s][info][gc,phases      ] GC(476)   Other: 0.06ms
[4059.501s][info][gc,heap        ] GC(476) Eden regions: 571->0(571)
[4059.501s][info][gc,heap        ] GC(476) Survivor regions: 43->43(77)
[4059.501s][info][gc,heap        ] GC(476) Old regions: 206->213
[4059.501s][info][gc,heap        ] GC(476) Humongous regions: 33->33
[4059.501s][info][gc,metaspace   ] GC(476) Metaspace: 29930K(30400K)->29930K(30400K) NonClass: 24522K(24768K)->24522K(24768K) Class: 5408K(5632K)->5408K(5632K)
[4059.501s][info][gc             ] GC(476) Pause Young (Normal) (G1 Evacuation Pause) 6809M->2295M(8192M) 149.686ms
[4059.501s][info][gc,cpu         ] GC(476) User=1.18s Sys=0.00s Real=0.15s
.....[4064.905s][info][gc,start       ] GC(477) Pause Young (Normal) (G1 Evacuation Pause)
[4064.905s][info][gc,task        ] GC(477) Using 8 workers of 8 for evacuation
[4065.055s][info][gc,phases      ] GC(477)   Pre Evacuate Collection Set: 0.25ms
[4065.055s][info][gc,phases      ] GC(477)   Merge Heap Roots: 0.51ms
[4065.055s][info][gc,phases      ] GC(477)   Evacuate Collection Set: 147.66ms
[4065.055s][info][gc,phases      ] GC(477)   Post Evacuate Collection Set: 1.04ms
[4065.055s][info][gc,phases      ] GC(477)   Other: 0.06ms
[4065.055s][info][gc,heap        ] GC(477) Eden regions: 571->0(572)
[4065.055s][info][gc,heap        ] GC(477) Survivor regions: 43->42(77)
[4065.055s][info][gc,heap        ] GC(477) Old regions: 213->220
[4065.055s][info][gc,heap        ] GC(477) Humongous regions: 33->33
[4065.055s][info][gc,metaspace   ] GC(477) Metaspace: 29930K(30400K)->29930K(30400K) NonClass: 24522K(24768K)->24522K(24768K) Class: 5408K(5632K)->5408K(5632K)
[4065.055s][info][gc             ] GC(477) Pause Young (Normal) (G1 Evacuation Pause) 6863M->2347M(8192M) 149.664ms
[4065.055s][info][gc,cpu         ] GC(477) User=1.18s Sys=0.00s Real=0.15s
......[4070.561s][info][gc,start       ] GC(478) Pause Young (Normal) (G1 Evacuation Pause)
[4070.561s][info][gc,task        ] GC(478) Using 8 workers of 8 for evacuation
[4070.707s][info][gc,phases      ] GC(478)   Pre Evacuate Collection Set: 0.26ms
[4070.707s][info][gc,phases      ] GC(478)   Merge Heap Roots: 0.53ms
[4070.707s][info][gc,phases      ] GC(478)   Evacuate Collection Set: 144.31ms
[4070.707s][info][gc,phases      ] GC(478)   Post Evacuate Collection Set: 1.05ms
[4070.707s][info][gc,phases      ] GC(478)   Other: 0.08ms
[4070.707s][info][gc,heap        ] GC(478) Eden regions: 572->0(572)
[4070.707s][info][gc,heap        ] GC(478) Survivor regions: 42->42(77)
[4070.707s][info][gc,heap        ] GC(478) Old regions: 220->227
[4070.707s][info][gc,heap        ] GC(478) Humongous regions: 33->33
[4070.707s][info][gc,metaspace   ] GC(478) Metaspace: 29930K(30400K)->29930K(30400K) NonClass: 24522K(24768K)->24522K(24768K) Class: 5408K(5632K)->5408K(5632K)
[4070.707s][info][gc             ] GC(478) Pause Young (Normal) (G1 Evacuation Pause) 6923M->2403M(8192M) 146.370ms
[4070.707s][info][gc,cpu         ] GC(478) User=1.15s Sys=0.01s Real=0.15s
.....[4076.273s][info][gc,start       ] GC(479) Pause Young (Normal) (G1 Evacuation Pause)
[4076.273s][info][gc,task        ] GC(479) Using 8 workers of 8 for evacuation
[4076.422s][info][gc,phases      ] GC(479)   Pre Evacuate Collection Set: 0.24ms
[4076.422s][info][gc,phases      ] GC(479)   Merge Heap Roots: 0.54ms
[4076.422s][info][gc,phases      ] GC(479)   Evacuate Collection Set: 147.53ms
[4076.422s][info][gc,phases      ] GC(479)   Post Evacuate Collection Set: 0.99ms
[4076.422s][info][gc,phases      ] GC(479)   Other: 0.06ms
[4076.422s][info][gc,heap        ] GC(479) Eden regions: 572->0(570)
[4076.422s][info][gc,heap        ] GC(479) Survivor regions: 42->44(77)
[4076.422s][info][gc,heap        ] GC(479) Old regions: 227->234
[4076.422s][info][gc,heap        ] GC(479) Humongous regions: 33->33
[4076.422s][info][gc,metaspace   ] GC(479) Metaspace: 29930K(30400K)->29930K(30400K) NonClass: 24522K(24768K)->24522K(24768K) Class: 5408K(5632K)->5408K(5632K)
[4076.422s][info][gc             ] GC(479) Pause Young (Normal) (G1 Evacuation Pause) 6979M->2471M(8192M) 149.508ms
[4076.422s][info][gc,cpu         ] GC(479) User=1.19s Sys=0.00s Real=0.15s
......[4081.864s][info][gc,start       ] GC(480) Pause Young (Normal) (G1 Evacuation Pause)
[4081.864s][info][gc,task        ] GC(480) Using 8 workers of 8 for evacuation
[4082.015s][info][gc,phases      ] GC(480)   Pre Evacuate Collection Set: 0.27ms
[4082.015s][info][gc,phases      ] GC(480)   Merge Heap Roots: 0.53ms
[4082.015s][info][gc,phases      ] GC(480)   Evacuate Collection Set: 149.24ms
[4082.015s][info][gc,phases      ] GC(480)   Post Evacuate Collection Set: 1.01ms
[4082.015s][info][gc,phases      ] GC(480)   Other: 0.09ms
[4082.015s][info][gc,heap        ] GC(480) Eden regions: 570->0(571)
[4082.015s][info][gc,heap        ] GC(480) Survivor regions: 44->43(77)
[4082.015s][info][gc,heap        ] GC(480) Old regions: 234->242
[4082.015s][info][gc,heap        ] GC(480) Humongous regions: 33->33
[4082.015s][info][gc,metaspace   ] GC(480) Metaspace: 29930K(30400K)->29930K(30400K) NonClass: 24522K(24768K)->24522K(24768K) Class: 5408K(5632K)->5408K(5632K)
[4082.015s][info][gc             ] GC(480) Pause Young (Normal) (G1 Evacuation Pause) 7031M->2524M(8192M) 151.300ms
[4082.015s][info][gc,cpu         ] GC(480) User=1.20s Sys=0.00s Real=0.16s
......[4087.438s][info][gc,start       ] GC(481) Pause Young (Normal) (G1 Evacuation Pause)
[4087.438s][info][gc,task        ] GC(481) Using 8 workers of 8 for evacuation
[4087.586s][info][gc,phases      ] GC(481)   Pre Evacuate Collection Set: 0.25ms
[4087.586s][info][gc,phases      ] GC(481)   Merge Heap Roots: 0.56ms
[4087.586s][info][gc,phases      ] GC(481)   Evacuate Collection Set: 146.31ms
[4087.586s][info][gc,phases      ] GC(481)   Post Evacuate Collection Set: 1.03ms
[4087.586s][info][gc,phases      ] GC(481)   Other: 0.06ms
[4087.587s][info][gc,heap        ] GC(481) Eden regions: 571->0(572)
[4087.587s][info][gc,heap        ] GC(481) Survivor regions: 43->42(77)
[4087.587s][info][gc,heap        ] GC(481) Old regions: 242->249
[4087.587s][info][gc,heap        ] GC(481) Humongous regions: 33->33
[4087.587s][info][gc,metaspace   ] GC(481) Metaspace: 29930K(30400K)->29930K(30400K) NonClass: 24522K(24768K)->24522K(24768K) Class: 5408K(5632K)->5408K(5632K)
[4087.587s][info][gc             ] GC(481) Pause Young (Normal) (G1 Evacuation Pause) 7092M->2570M(8192M) 148.337ms
[4087.587s][info][gc,cpu         ] GC(481) User=1.18s Sys=0.00s Real=0.15s
... (rIR:aIR:PR = 6821:6823:6823) (tPR = 101257) [OK] 
  4090s: Performance info:
         Transaction,    Success,    Partial,     Failed,   Receipts, AvgBarcode, 
             Overall,     411519,          0,          0,     390891,      59.48, 
         Response times:
             Request,    Success,    Partial,     Failed,   SkipFail,     Probes,    Samples,      min,      p50,      p90,      p95,      p99,      max, 
       TotalPurchase,     390891,          0,          0,          0,     361298,     404015,      300,     4700,     8600,    11800,    64000,   309000,
     InStorePurchase,     205791,          0,          0,          0,     190549,     212921,      300,     4700,     8500,    11700,    64000,   309000,
      OnlinePurchase,     143998,          0,          0,          0,     132927,     148444,      400,     4700,     8600,    11700,    63000,   308000,
        InstPurchase,      41102,          0,          0,          0,      37822,      42650,      400,     4900,     8700,    12500,    63000,   307000,
          AssocOfCat,        415,          0,          0,          0,        332,        440,    28000,    38000,    54900,    70850,   127590,   152000,
      AssocOfProduct,       4129,          0,          0,          0,       3861,       4511,      600,     4200,     8700,    11400,    52880,   169000,
      BusinessReport,       1031,          0,          0,          0,        930,       1178,    30000,    43000,    60000,    71100,   165560,   290000,
          CustBuyBeh,       4107,          0,          0,          0,       3849,       4537,      300,     4700,     8600,    11110,    68000,   160000,
       ProductReturn,      10946,          0,          0,          0,       9315,      10707,      200,     4000,     8500,    11000,    51000,   169000,

  4090s: (49%)   IR =   6963 ..[4093.049s][info][gc,start       ] GC(482) Pause Young (Normal) (G1 Evacuation Pause)
[4093.049s][info][gc,task        ] GC(482) Using 8 workers of 8 for evacuation
[4093.197s][info][gc,phases      ] GC(482)   Pre Evacuate Collection Set: 0.24ms
[4093.197s][info][gc,phases      ] GC(482)   Merge Heap Roots: 0.53ms
[4093.197s][info][gc,phases      ] GC(482)   Evacuate Collection Set: 146.59ms
[4093.197s][info][gc,phases      ] GC(482)   Post Evacuate Collection Set: 0.99ms
[4093.197s][info][gc,phases      ] GC(482)   Other: 0.06ms
[4093.197s][info][gc,heap        ] GC(482) Eden regions: 572->0(571)
[4093.197s][info][gc,heap        ] GC(482) Survivor regions: 42->43(77)
[4093.197s][info][gc,heap        ] GC(482) Old regions: 249->256
[4093.197s][info][gc,heap        ] GC(482) Humongous regions: 33->33
[4093.197s][info][gc,metaspace   ] GC(482) Metaspace: 29930K(30400K)->29930K(30400K) NonClass: 24522K(24768K)->24522K(24768K) Class: 5408K(5632K)->5408K(5632K)
[4093.197s][info][gc             ] GC(482) Pause Young (Normal) (G1 Evacuation Pause) 7146M->2638M(8192M) 148.562ms
[4093.197s][info][gc,cpu         ] GC(482) User=1.18s Sys=0.00s Real=0.15s
.....[4098.505s][info][gc,start       ] GC(483) Pause Young (Normal) (G1 Evacuation Pause)
[4098.505s][info][gc,task        ] GC(483) Using 8 workers of 8 for evacuation
[4098.656s][info][gc,phases      ] GC(483)   Pre Evacuate Collection Set: 0.25ms
[4098.656s][info][gc,phases      ] GC(483)   Merge Heap Roots: 0.54ms
[4098.656s][info][gc,phases      ] GC(483)   Evacuate Collection Set: 149.01ms
[4098.656s][info][gc,phases      ] GC(483)   Post Evacuate Collection Set: 1.02ms
[4098.656s][info][gc,phases      ] GC(483)   Other: 0.07ms
[4098.656s][info][gc,heap        ] GC(483) Eden regions: 571->0(571)
[4098.656s][info][gc,heap        ] GC(483) Survivor regions: 43->43(77)
[4098.656s][info][gc,heap        ] GC(483) Old regions: 256->263
[4098.656s][info][gc,heap        ] GC(483) Humongous regions: 33->33
[4098.656s][info][gc,metaspace   ] GC(483) Metaspace: 29930K(30400K)->29930K(30400K) NonClass: 24522K(24768K)->24522K(24768K) Class: 5408K(5632K)->5408K(5632K)
[4098.656s][info][gc             ] GC(483) Pause Young (Normal) (G1 Evacuation Pause) 7206M->2694M(8192M) 151.026ms
[4098.656s][info][gc,cpu         ] GC(483) User=1.20s Sys=0.00s Real=0.15s
....|..[4104.043s][info][gc,start       ] GC(484) Pause Young (Normal) (G1 Evacuation Pause)
[4104.043s][info][gc,task        ] GC(484) Using 8 workers of 8 for evacuation
[4104.193s][info][gc,phases      ] GC(484)   Pre Evacuate Collection Set: 0.25ms
[4104.193s][info][gc,phases      ] GC(484)   Merge Heap Roots: 0.51ms
[4104.193s][info][gc,phases      ] GC(484)   Evacuate Collection Set: 148.05ms
[4104.193s][info][gc,phases      ] GC(484)   Post Evacuate Collection Set: 1.03ms
[4104.193s][info][gc,phases      ] GC(484)   Other: 0.06ms
[4104.193s][info][gc,heap        ] GC(484) Eden regions: 571->0(571)
[4104.193s][info][gc,heap        ] GC(484) Survivor regions: 43->43(77)
[4104.193s][info][gc,heap        ] GC(484) Old regions: 263->270
[4104.193s][info][gc,heap        ] GC(484) Humongous regions: 33->33
[4104.193s][info][gc,metaspace   ] GC(484) Metaspace: 29930K(30400K)->29930K(30400K) NonClass: 24522K(24768K)->24522K(24768K) Class: 5408K(5632K)->5408K(5632K)
[4104.193s][info][gc             ] GC(484) Pause Young (Normal) (G1 Evacuation Pause) 7262M->2748M(8192M) 150.026ms
[4104.193s][info][gc,cpu         ] GC(484) User=1.19s Sys=0.00s Real=0.15s
.....[4109.459s][info][gc,start       ] GC(485) Pause Young (Normal) (G1 Evacuation Pause)
[4109.459s][info][gc,task        ] GC(485) Using 8 workers of 8 for evacuation
[4109.605s][info][gc,phases      ] GC(485)   Pre Evacuate Collection Set: 0.27ms
[4109.605s][info][gc,phases      ] GC(485)   Merge Heap Roots: 0.51ms
[4109.605s][info][gc,phases      ] GC(485)   Evacuate Collection Set: 144.74ms
[4109.605s][info][gc,phases      ] GC(485)   Post Evacuate Collection Set: 1.03ms
[4109.605s][info][gc,phases      ] GC(485)   Other: 0.06ms
[4109.605s][info][gc,heap        ] GC(485) Eden regions: 571->0(572)
[4109.605s][info][gc,heap        ] GC(485) Survivor regions: 43->42(77)
[4109.605s][info][gc,heap        ] GC(485) Old regions: 270->277
[4109.605s][info][gc,heap        ] GC(485) Humongous regions: 33->33
[4109.605s][info][gc,metaspace   ] GC(485) Metaspace: 29930K(30400K)->29930K(30400K) NonClass: 24522K(24768K)->24522K(24768K) Class: 5408K(5632K)->5408K(5632K)
[4109.605s][info][gc             ] GC(485) Pause Young (Normal) (G1 Evacuation Pause) 7316M->2800M(8192M) 146.757ms
[4109.605s][info][gc,cpu         ] GC(485) User=1.16s Sys=0.00s Real=0.15s
......[4115.032s][info][gc,start       ] GC(486) Pause Young (Normal) (G1 Evacuation Pause)
[4115.032s][info][gc,task        ] GC(486) Using 8 workers of 8 for evacuation
[4115.180s][info][gc,phases      ] GC(486)   Pre Evacuate Collection Set: 0.25ms
[4115.180s][info][gc,phases      ] GC(486)   Merge Heap Roots: 0.51ms
[4115.180s][info][gc,phases      ] GC(486)   Evacuate Collection Set: 145.72ms
[4115.180s][info][gc,phases      ] GC(486)   Post Evacuate Collection Set: 1.01ms
[4115.180s][info][gc,phases      ] GC(486)   Other: 0.06ms
[4115.180s][info][gc,heap        ] GC(486) Eden regions: 572->0(569)
[4115.180s][info][gc,heap        ] GC(486) Survivor regions: 42->43(77)
[4115.180s][info][gc,heap        ] GC(486) Old regions: 277->284
[4115.180s][info][gc,heap        ] GC(486) Humongous regions: 33->33
[4115.180s][info][gc,metaspace   ] GC(486) Metaspace: 29930K(30400K)->29930K(30400K) NonClass: 24522K(24768K)->24522K(24768K) Class: 5408K(5632K)->5408K(5632K)
[4115.180s][info][gc             ] GC(486) Pause Young (Normal) (G1 Evacuation Pause) 7376M->2863M(8192M) 147.692ms
[4115.180s][info][gc,cpu         ] GC(486) User=1.17s Sys=0.00s Real=0.15s
.....[4120.521s][info][gc,start       ] GC(487) Pause Young (Normal) (G1 Evacuation Pause)
[4120.521s][info][gc,task        ] GC(487) Using 8 workers of 8 for evacuation
[4120.669s][info][gc,phases      ] GC(487)   Pre Evacuate Collection Set: 0.26ms
[4120.669s][info][gc,phases      ] GC(487)   Merge Heap Roots: 0.57ms
[4120.669s][info][gc,phases      ] GC(487)   Evacuate Collection Set: 145.42ms
[4120.669s][info][gc,phases      ] GC(487)   Post Evacuate Collection Set: 1.04ms
[4120.669s][info][gc,phases      ] GC(487)   Other: 0.07ms
[4120.669s][info][gc,heap        ] GC(487) Eden regions: 569->0(564)
[4120.669s][info][gc,heap        ] GC(487) Survivor regions: 43->42(77)
[4120.669s][info][gc,heap        ] GC(487) Old regions: 284->291
[4120.669s][info][gc,heap        ] GC(487) Humongous regions: 33->33
[4120.669s][info][gc,metaspace   ] GC(487) Metaspace: 29930K(30400K)->29930K(30400K) NonClass: 24522K(24768K)->24522K(24768K) Class: 5408K(5632K)->5408K(5632K)
[4120.669s][info][gc             ] GC(487) Pause Young (Normal) (G1 Evacuation Pause) 7415M->2915M(8192M) 147.500ms
[4120.669s][info][gc,cpu         ] GC(487) User=1.17s Sys=0.00s Real=0.15s
......[4125.897s][info][gc,start       ] GC(488) Pause Young (Normal) (G1 Evacuation Pause)
[4125.897s][info][gc,task        ] GC(488) Using 8 workers of 8 for evacuation
[4126.044s][info][gc,phases      ] GC(488)   Pre Evacuate Collection Set: 0.26ms
[4126.044s][info][gc,phases      ] GC(488)   Merge Heap Roots: 0.51ms
[4126.044s][info][gc,phases      ] GC(488)   Evacuate Collection Set: 144.88ms
[4126.044s][info][gc,phases      ] GC(488)   Post Evacuate Collection Set: 0.99ms
[4126.044s][info][gc,phases      ] GC(488)   Other: 0.06ms
[4126.044s][info][gc,heap        ] GC(488) Eden regions: 564->0(557)
[4126.044s][info][gc,heap        ] GC(488) Survivor regions: 42->42(76)
[4126.044s][info][gc,heap        ] GC(488) Old regions: 291->298
[4126.044s][info][gc,heap        ] GC(488) Humongous regions: 33->33
[4126.044s][info][gc,metaspace   ] GC(488) Metaspace: 29930K(30400K)->29930K(30400K) NonClass: 24522K(24768K)->24522K(24768K) Class: 5408K(5632K)->5408K(5632K)
[4126.044s][info][gc             ] GC(488) Pause Young (Normal) (G1 Evacuation Pause) 7427M->2971M(8192M) 146.831ms
[4126.044s][info][gc,cpu         ] GC(488) User=1.16s Sys=0.00s Real=0.14s
.....[4131.251s][info][gc,start       ] GC(489) Pause Young (Normal) (G1 Evacuation Pause)
[4131.251s][info][gc,task        ] GC(489) Using 8 workers of 8 for evacuation
[4131.398s][info][gc,phases      ] GC(489)   Pre Evacuate Collection Set: 0.25ms
[4131.398s][info][gc,phases      ] GC(489)   Merge Heap Roots: 0.58ms
[4131.398s][info][gc,phases      ] GC(489)   Evacuate Collection Set: 145.48ms
[4131.398s][info][gc,phases      ] GC(489)   Post Evacuate Collection Set: 0.99ms
[4131.398s][info][gc,phases      ] GC(489)   Other: 0.07ms
[4131.398s][info][gc,heap        ] GC(489) Eden regions: 557->0(549)
[4131.398s][info][gc,heap        ] GC(489) Survivor regions: 42->42(75)
[4131.398s][info][gc,heap        ] GC(489) Old regions: 298->306
[4131.398s][info][gc,heap        ] GC(489) Humongous regions: 33->33
[4131.398s][info][gc,metaspace   ] GC(489) Metaspace: 29930K(30400K)->29930K(30400K) NonClass: 24522K(24768K)->24522K(24768K) Class: 5408K(5632K)->5408K(5632K)
[4131.398s][info][gc             ] GC(489) Pause Young (Normal) (G1 Evacuation Pause) 7427M->3028M(8192M) 147.490ms
[4131.398s][info][gc,cpu         ] GC(489) User=1.16s Sys=0.00s Real=0.15s
.....[4136.603s][info][gc,start       ] GC(490) Pause Young (Normal) (G1 Evacuation Pause)
[4136.603s][info][gc,task        ] GC(490) Using 8 workers of 8 for evacuation
[4136.749s][info][gc,phases      ] GC(490)   Pre Evacuate Collection Set: 0.26ms
[4136.749s][info][gc,phases      ] GC(490)   Merge Heap Roots: 0.51ms
[4136.749s][info][gc,phases      ] GC(490)   Evacuate Collection Set: 143.69ms
[4136.749s][info][gc,phases      ] GC(490)   Post Evacuate Collection Set: 0.97ms
[4136.749s][info][gc,phases      ] GC(490)   Other: 0.07ms
[4136.749s][info][gc,heap        ] GC(490) Eden regions: 549->0(542)
[4136.749s][info][gc,heap        ] GC(490) Survivor regions: 42->42(74)
[4136.749s][info][gc,heap        ] GC(490) Old regions: 306->313
[4136.749s][info][gc,heap        ] GC(490) Humongous regions: 33->33
[4136.749s][info][gc,metaspace   ] GC(490) Metaspace: 29930K(30400K)->29930K(30400K) NonClass: 24522K(24768K)->24522K(24768K) Class: 5408K(5632K)->5408K(5632K)
[4136.749s][info][gc             ] GC(490) Pause Young (Normal) (G1 Evacuation Pause) 7420M->3083M(8192M) 145.626ms
[4136.749s][info][gc,cpu         ] GC(490) User=1.16s Sys=0.00s Real=0.15s
......[4141.832s][info][gc,start       ] GC(491) Pause Young (Concurrent Start) (G1 Evacuation Pause)
[4141.832s][info][gc,task        ] GC(491) Using 8 workers of 8 for evacuation
[4141.981s][info][gc,phases      ] GC(491)   Pre Evacuate Collection Set: 0.29ms
[4141.981s][info][gc,phases      ] GC(491)   Merge Heap Roots: 0.51ms
[4141.981s][info][gc,phases      ] GC(491)   Evacuate Collection Set: 146.56ms
[4141.981s][info][gc,phases      ] GC(491)   Post Evacuate Collection Set: 1.00ms
[4141.981s][info][gc,phases      ] GC(491)   Other: 0.12ms
[4141.981s][info][gc,heap        ] GC(491) Eden regions: 542->0(535)
[4141.981s][info][gc,heap        ] GC(491) Survivor regions: 42->42(73)
[4141.981s][info][gc,heap        ] GC(491) Old regions: 313->320
[4141.981s][info][gc,heap        ] GC(491) Humongous regions: 33->33
[4141.981s][info][gc,metaspace   ] GC(491) Metaspace: 29930K(30400K)->29930K(30400K) NonClass: 24522K(24768K)->24522K(24768K) Class: 5408K(5632K)->5408K(5632K)
[4141.981s][info][gc             ] GC(491) Pause Young (Concurrent Start) (G1 Evacuation Pause) 7419M->3146M(8192M) 148.620ms
[4141.981s][info][gc,cpu         ] GC(491) User=1.18s Sys=0.00s Real=0.15s
[4141.981s][info][gc             ] GC(492) Concurrent Mark Cycle
[4141.981s][info][gc,marking     ] GC(492) Concurrent Scan Root Regions
[4142.320s][info][gc,marking     ] GC(492) Concurrent Scan Root Regions 338.390ms
[4142.320s][info][gc,marking     ] GC(492) Concurrent Mark
[4142.320s][info][gc,marking     ] GC(492) Concurrent Mark From Roots
[4142.320s][info][gc,task        ] GC(492) Using 2 workers of 2 for marking
.[4143.245s][info][gc,marking     ] GC(492) Concurrent Mark From Roots 924.944ms
[4143.245s][info][gc,marking     ] GC(492) Concurrent Preclean
[4143.245s][info][gc,marking     ] GC(492) Concurrent Preclean 0.088ms
[4143.245s][info][gc,start       ] GC(492) Pause Remark
[4143.246s][info][gc             ] GC(492) Pause Remark 4314M->3634M(8192M) 1.618ms
[4143.246s][info][gc,cpu         ] GC(492) User=0.00s Sys=0.00s Real=0.00s
[4143.247s][info][gc,marking     ] GC(492) Concurrent Mark 926.909ms
[4143.247s][info][gc,marking     ] GC(492) Concurrent Rebuild Remembered Sets and Scrub Regions
[4143.752s][info][gc,marking     ] GC(492) Concurrent Rebuild Remembered Sets and Scrub Regions 505.291ms
[4143.752s][info][gc,start       ] GC(492) Pause Cleanup
[4143.752s][info][gc             ] GC(492) Pause Cleanup 4102M->4102M(8192M) 0.274ms
[4143.752s][info][gc,cpu         ] GC(492) User=0.00s Sys=0.00s Real=0.00s
[4143.752s][info][gc,marking     ] GC(492) Concurrent Clear Claimed Marks
[4143.752s][info][gc,marking     ] GC(492) Concurrent Clear Claimed Marks 0.045ms
[4143.752s][info][gc,marking     ] GC(492) Concurrent Cleanup for Next Mark
.[4143.763s][info][gc,marking     ] GC(492) Concurrent Cleanup for Next Mark 10.589ms
[4143.763s][info][gc             ] GC(492) Concurrent Mark Cycle 1781.999ms
...[4146.909s][info][gc,start       ] GC(493) Pause Young (Prepare Mixed) (G1 Evacuation Pause)
[4146.909s][info][gc,task        ] GC(493) Using 8 workers of 8 for evacuation
[4147.055s][info][gc,phases      ] GC(493)   Pre Evacuate Collection Set: 0.29ms
[4147.055s][info][gc,phases      ] GC(493)   Merge Heap Roots: 0.64ms
[4147.055s][info][gc,phases      ] GC(493)   Evacuate Collection Set: 144.02ms
[4147.055s][info][gc,phases      ] GC(493)   Post Evacuate Collection Set: 1.09ms
[4147.055s][info][gc,phases      ] GC(493)   Other: 0.06ms
[4147.055s][info][gc,heap        ] GC(493) Eden regions: 535->0(573)
[4147.055s][info][gc,heap        ] GC(493) Survivor regions: 42->41(73)
[4147.055s][info][gc,heap        ] GC(493) Old regions: 235->243
[4147.055s][info][gc,heap        ] GC(493) Humongous regions: 33->33
[4147.055s][info][gc,metaspace   ] GC(493) Metaspace: 29930K(30400K)->29930K(30400K) NonClass: 24522K(24768K)->24522K(24768K) Class: 5408K(5632K)->5408K(5632K)
[4147.055s][info][gc             ] GC(493) Pause Young (Prepare Mixed) (G1 Evacuation Pause) 6746M->2518M(8192M) 146.241ms
[4147.056s][info][gc,cpu         ] GC(493) User=1.16s Sys=0.00s Real=0.15s
.....[4152.496s][info][gc,start       ] GC(494) Pause Young (Mixed) (G1 Evacuation Pause)
[4152.496s][info][gc,task        ] GC(494) Using 8 workers of 8 for evacuation
[4152.651s][info][gc,phases      ] GC(494)   Pre Evacuate Collection Set: 0.30ms
[4152.651s][info][gc,phases      ] GC(494)   Merge Heap Roots: 0.98ms
[4152.651s][info][gc,phases      ] GC(494)   Evacuate Collection Set: 152.27ms
[4152.651s][info][gc,phases      ] GC(494)   Post Evacuate Collection Set: 1.19ms
[4152.651s][info][gc,phases      ] GC(494)   Other: 0.08ms
[4152.651s][info][gc,heap        ] GC(494) Eden regions: 573->0(572)
[4152.651s][info][gc,heap        ] GC(494) Survivor regions: 41->42(77)
[4152.651s][info][gc,heap        ] GC(494) Old regions: 243->149
[4152.651s][info][gc,heap        ] GC(494) Humongous regions: 33->33
[4152.651s][info][gc,metaspace   ] GC(494) Metaspace: 29930K(30400K)->29930K(30400K) NonClass: 24522K(24768K)->24522K(24768K) Class: 5408K(5632K)->5408K(5632K)
[4152.651s][info][gc             ] GC(494) Pause Young (Mixed) (G1 Evacuation Pause) 7102M->1770M(8192M) 154.942ms
[4152.651s][info][gc,cpu         ] GC(494) User=1.22s Sys=0.00s Real=0.15s
......[4158.004s][info][gc,start       ] GC(495) Pause Young (Mixed) (G1 Evacuation Pause)
[4158.004s][info][gc,task        ] GC(495) Using 8 workers of 8 for evacuation
[4158.157s][info][gc,phases      ] GC(495)   Pre Evacuate Collection Set: 0.24ms
[4158.157s][info][gc,phases      ] GC(495)   Merge Heap Roots: 0.68ms
[4158.157s][info][gc,phases      ] GC(495)   Evacuate Collection Set: 150.80ms
[4158.157s][info][gc,phases      ] GC(495)   Post Evacuate Collection Set: 1.05ms
[4158.157s][info][gc,phases      ] GC(495)   Other: 0.07ms
[4158.157s][info][gc,heap        ] GC(495) Eden regions: 572->0(571)
[4158.157s][info][gc,heap        ] GC(495) Survivor regions: 42->43(77)
[4158.157s][info][gc,heap        ] GC(495) Old regions: 149->143
[4158.157s][info][gc,heap        ] GC(495) Humongous regions: 33->33
[4158.157s][info][gc,metaspace   ] GC(495) Metaspace: 29930K(30400K)->29930K(30400K) NonClass: 24522K(24768K)->24522K(24768K) Class: 5408K(5632K)->5408K(5632K)
[4158.157s][info][gc             ] GC(495) Pause Young (Mixed) (G1 Evacuation Pause) 6346M->1735M(8192M) 152.981ms
[4158.157s][info][gc,cpu         ] GC(495) User=1.22s Sys=0.00s Real=0.16s
.... (rIR:aIR:PR = 6963:6972:6972) (tPR = 103583) [OK] 
  4161s: Performance info:
         Transaction,    Success,    Partial,     Failed,   Receipts, AvgBarcode, 
             Overall,     419009,          0,          0,     398064,      59.48, 
         Response times:
             Request,    Success,    Partial,     Failed,   SkipFail,     Probes,    Samples,      min,      p50,      p90,      p95,      p99,      max, 
       TotalPurchase,     398063,          0,          0,          0,     360442,     429391,      300,     4800,     8900,    12200,    61000,   537000,
     InStorePurchase,     209530,          0,          0,          0,     188812,     224485,      300,     4700,     8900,    12200,    60000,   536000,
      OnlinePurchase,     146755,          0,          0,          0,     133193,     158613,      300,     4800,     8900,    12200,    62000,   537000,
        InstPurchase,      41778,          0,          0,          0,      38437,      46293,      500,     4800,     8900,    12230,    60000,   291000,
          AssocOfCat,        419,          0,          0,          0,        330,        463,    25000,    39000,    54000,    67800,   193000,   205000,
      AssocOfProduct,       4186,          0,          0,          0,       3920,       4920,      800,     5200,     9100,    12000,    67000,   169000,
      BusinessReport,       1041,          0,          0,          0,        905,       1203,    30000,    45000,    63000,    74000,   147000,   287000,
          CustBuyBeh,       4190,          0,          0,          0,       3946,       4897,      200,     4300,     8900,    11600,    52000,   160000,
       ProductReturn,      11093,          0,          0,          0,       9355,      11440,      200,     4200,     8800,    12000,    55000,   162000,

  4161s: (50%)   IR =   7105 .[4163.457s][info][gc,start       ] GC(496) Pause Young (Normal) (G1 Evacuation Pause)
[4163.457s][info][gc,task        ] GC(496) Using 8 workers of 8 for evacuation
[4163.604s][info][gc,phases      ] GC(496)   Pre Evacuate Collection Set: 0.30ms
[4163.604s][info][gc,phases      ] GC(496)   Merge Heap Roots: 0.57ms
[4163.604s][info][gc,phases      ] GC(496)   Evacuate Collection Set: 144.95ms
[4163.604s][info][gc,phases      ] GC(496)   Post Evacuate Collection Set: 1.01ms
[4163.604s][info][gc,phases      ] GC(496)   Other: 0.08ms
[4163.604s][info][gc,heap        ] GC(496) Eden regions: 571->0(572)
[4163.604s][info][gc,heap        ] GC(496) Survivor regions: 43->42(77)
[4163.604s][info][gc,heap        ] GC(496) Old regions: 143->151
[4163.604s][info][gc,heap        ] GC(496) Humongous regions: 33->33
[4163.604s][info][gc,metaspace   ] GC(496) Metaspace: 29930K(30400K)->29930K(30400K) NonClass: 24522K(24768K)->24522K(24768K) Class: 5408K(5632K)->5408K(5632K)
[4163.604s][info][gc             ] GC(496) Pause Young (Normal) (G1 Evacuation Pause) 6303M->1786M(8192M) 147.054ms
[4163.604s][info][gc,cpu         ] GC(496) User=1.16s Sys=0.00s Real=0.14s
.....[4168.857s][info][gc,start       ] GC(497) Pause Young (Normal) (G1 Evacuation Pause)
[4168.858s][info][gc,task        ] GC(497) Using 8 workers of 8 for evacuation
[4169.006s][info][gc,phases      ] GC(497)   Pre Evacuate Collection Set: 0.24ms
[4169.006s][info][gc,phases      ] GC(497)   Merge Heap Roots: 0.49ms
[4169.006s][info][gc,phases      ] GC(497)   Evacuate Collection Set: 146.67ms
[4169.006s][info][gc,phases      ] GC(497)   Post Evacuate Collection Set: 0.99ms
[4169.006s][info][gc,phases      ] GC(497)   Other: 0.08ms
[4169.006s][info][gc,heap        ] GC(497) Eden regions: 572->0(572)
[4169.006s][info][gc,heap        ] GC(497) Survivor regions: 42->42(77)
[4169.006s][info][gc,heap        ] GC(497) Old regions: 151->158
[4169.006s][info][gc,heap        ] GC(497) Humongous regions: 33->33
[4169.006s][info][gc,metaspace   ] GC(497) Metaspace: 29930K(30400K)->29930K(30400K) NonClass: 24522K(24768K)->24522K(24768K) Class: 5408K(5632K)->5408K(5632K)
[4169.006s][info][gc             ] GC(497) Pause Young (Normal) (G1 Evacuation Pause) 6362M->1842M(8192M) 148.618ms
[4169.006s][info][gc,cpu         ] GC(497) User=1.18s Sys=0.00s Real=0.15s
....|..[4174.229s][info][gc,start       ] GC(498) Pause Young (Normal) (G1 Evacuation Pause)
[4174.229s][info][gc,task        ] GC(498) Using 8 workers of 8 for evacuation
[4174.381s][info][gc,phases      ] GC(498)   Pre Evacuate Collection Set: 0.24ms
[4174.381s][info][gc,phases      ] GC(498)   Merge Heap Roots: 0.54ms
[4174.381s][info][gc,phases      ] GC(498)   Evacuate Collection Set: 150.49ms
[4174.381s][info][gc,phases      ] GC(498)   Post Evacuate Collection Set: 1.04ms
[4174.381s][info][gc,phases      ] GC(498)   Other: 0.06ms
[4174.381s][info][gc,heap        ] GC(498) Eden regions: 572->0(570)
[4174.381s][info][gc,heap        ] GC(498) Survivor regions: 42->44(77)
[4174.381s][info][gc,heap        ] GC(498) Old regions: 158->165
[4174.381s][info][gc,heap        ] GC(498) Humongous regions: 33->33
[4174.381s][info][gc,metaspace   ] GC(498) Metaspace: 29932K(30400K)->29932K(30400K) NonClass: 24524K(24768K)->24524K(24768K) Class: 5408K(5632K)->5408K(5632K)
[4174.381s][info][gc             ] GC(498) Pause Young (Normal) (G1 Evacuation Pause) 6418M->1915M(8192M) 152.507ms
[4174.381s][info][gc,cpu         ] GC(498) User=1.20s Sys=0.00s Real=0.15s
.....[4179.630s][info][gc,start       ] GC(499) Pause Young (Normal) (G1 Evacuation Pause)
[4179.630s][info][gc,task        ] GC(499) Using 8 workers of 8 for evacuation
[4179.779s][info][gc,phases      ] GC(499)   Pre Evacuate Collection Set: 0.24ms
[4179.779s][info][gc,phases      ] GC(499)   Merge Heap Roots: 0.51ms
[4179.779s][info][gc,phases      ] GC(499)   Evacuate Collection Set: 147.74ms
[4179.779s][info][gc,phases      ] GC(499)   Post Evacuate Collection Set: 1.00ms
[4179.779s][info][gc,phases      ] GC(499)   Other: 0.06ms
[4179.779s][info][gc,heap        ] GC(499) Eden regions: 570->0(571)
[4179.779s][info][gc,heap        ] GC(499) Survivor regions: 44->43(77)
[4179.779s][info][gc,heap        ] GC(499) Old regions: 165->172
[4179.779s][info][gc,heap        ] GC(499) Humongous regions: 33->33
[4179.779s][info][gc,metaspace   ] GC(499) Metaspace: 29932K(30400K)->29932K(30400K) NonClass: 24524K(24768K)->24524K(24768K) Class: 5408K(5632K)->5408K(5632K)
[4179.779s][info][gc             ] GC(499) Pause Young (Normal) (G1 Evacuation Pause) 6475M->1969M(8192M) 149.679ms
[4179.779s][info][gc,cpu         ] GC(499) User=1.18s Sys=0.00s Real=0.15s
.....[4184.984s][info][gc,start       ] GC(500) Pause Young (Normal) (G1 Evacuation Pause)
[4184.984s][info][gc,task        ] GC(500) Using 8 workers of 8 for evacuation
[4185.131s][info][gc,phases      ] GC(500)   Pre Evacuate Collection Set: 0.25ms
[4185.131s][info][gc,phases      ] GC(500)   Merge Heap Roots: 0.56ms
[4185.131s][info][gc,phases      ] GC(500)   Evacuate Collection Set: 144.99ms
[4185.131s][info][gc,phases      ] GC(500)   Post Evacuate Collection Set: 1.01ms
[4185.131s][info][gc,phases      ] GC(500)   Other: 0.06ms
[4185.131s][info][gc,heap        ] GC(500) Eden regions: 571->0(571)
[4185.131s][info][gc,heap        ] GC(500) Survivor regions: 43->43(77)
[4185.131s][info][gc,heap        ] GC(500) Old regions: 172->179
[4185.131s][info][gc,heap        ] GC(500) Humongous regions: 33->33
[4185.131s][info][gc,metaspace   ] GC(500) Metaspace: 29932K(30400K)->29932K(30400K) NonClass: 24524K(24768K)->24524K(24768K) Class: 5408K(5632K)->5408K(5632K)
[4185.131s][info][gc             ] GC(500) Pause Young (Normal) (G1 Evacuation Pause) 6537M->2023M(8192M) 147.012ms
[4185.131s][info][gc,cpu         ] GC(500) User=1.16s Sys=0.00s Real=0.15s
......[4190.433s][info][gc,start       ] GC(501) Pause Young (Normal) (G1 Evacuation Pause)
[4190.433s][info][gc,task        ] GC(501) Using 8 workers of 8 for evacuation
[4190.581s][info][gc,phases      ] GC(501)   Pre Evacuate Collection Set: 0.27ms
[4190.581s][info][gc,phases      ] GC(501)   Merge Heap Roots: 0.54ms
[4190.581s][info][gc,phases      ] GC(501)   Evacuate Collection Set: 146.02ms
[4190.581s][info][gc,phases      ] GC(501)   Post Evacuate Collection Set: 1.03ms
[4190.581s][info][gc,phases      ] GC(501)   Other: 0.07ms
[4190.581s][info][gc,heap        ] GC(501) Eden regions: 571->0(571)
[4190.581s][info][gc,heap        ] GC(501) Survivor regions: 43->43(77)
[4190.581s][info][gc,heap        ] GC(501) Old regions: 179->186
[4190.581s][info][gc,heap        ] GC(501) Humongous regions: 33->33
[4190.581s][info][gc,metaspace   ] GC(501) Metaspace: 29932K(30400K)->29932K(30400K) NonClass: 24524K(24768K)->24524K(24768K) Class: 5408K(5632K)->5408K(5632K)
[4190.581s][info][gc             ] GC(501) Pause Young (Normal) (G1 Evacuation Pause) 6591M->2079M(8192M) 148.049ms
[4190.581s][info][gc,cpu         ] GC(501) User=1.17s Sys=0.00s Real=0.15s
.....[4195.814s][info][gc,start       ] GC(502) Pause Young (Normal) (G1 Evacuation Pause)
[4195.814s][info][gc,task        ] GC(502) Using 8 workers of 8 for evacuation
[4195.970s][info][gc,phases      ] GC(502)   Pre Evacuate Collection Set: 0.25ms
[4195.970s][info][gc,phases      ] GC(502)   Merge Heap Roots: 0.52ms
[4195.970s][info][gc,phases      ] GC(502)   Evacuate Collection Set: 154.49ms
[4195.970s][info][gc,phases      ] GC(502)   Post Evacuate Collection Set: 1.02ms
[4195.970s][info][gc,phases      ] GC(502)   Other: 0.06ms
[4195.970s][info][gc,heap        ] GC(502) Eden regions: 571->0(569)
[4195.970s][info][gc,heap        ] GC(502) Survivor regions: 43->45(77)
[4195.970s][info][gc,heap        ] GC(502) Old regions: 186->193
[4195.970s][info][gc,heap        ] GC(502) Humongous regions: 33->33
[4195.970s][info][gc,metaspace   ] GC(502) Metaspace: 29932K(30400K)->29932K(30400K) NonClass: 24524K(24768K)->24524K(24768K) Class: 5408K(5632K)->5408K(5632K)
[4195.970s][info][gc             ] GC(502) Pause Young (Normal) (G1 Evacuation Pause) 6647M->2149M(8192M) 156.474ms
[4195.970s][info][gc,cpu         ] GC(502) User=1.24s Sys=0.00s Real=0.16s
......[4201.162s][info][gc,start       ] GC(503) Pause Young (Normal) (G1 Evacuation Pause)
[4201.162s][info][gc,task        ] GC(503) Using 8 workers of 8 for evacuation
[4201.311s][info][gc,phases      ] GC(503)   Pre Evacuate Collection Set: 0.25ms
[4201.311s][info][gc,phases      ] GC(503)   Merge Heap Roots: 0.49ms
[4201.311s][info][gc,phases      ] GC(503)   Evacuate Collection Set: 147.18ms
[4201.311s][info][gc,phases      ] GC(503)   Post Evacuate Collection Set: 1.01ms
[4201.311s][info][gc,phases      ] GC(503)   Other: 0.06ms
[4201.311s][info][gc,heap        ] GC(503) Eden regions: 569->0(571)
[4201.311s][info][gc,heap        ] GC(503) Survivor regions: 45->43(77)
[4201.311s][info][gc,heap        ] GC(503) Old regions: 193->200
[4201.311s][info][gc,heap        ] GC(503) Humongous regions: 33->33
[4201.311s][info][gc,metaspace   ] GC(503) Metaspace: 29932K(30400K)->29932K(30400K) NonClass: 24524K(24768K)->24524K(24768K) Class: 5408K(5632K)->5408K(5632K)
[4201.311s][info][gc             ] GC(503) Pause Young (Normal) (G1 Evacuation Pause) 6701M->2191M(8192M) 149.123ms
[4201.311s][info][gc,cpu         ] GC(503) User=1.19s Sys=0.00s Real=0.15s
.....[4206.537s][info][gc,start       ] GC(504) Pause Young (Normal) (G1 Evacuation Pause)
[4206.537s][info][gc,task        ] GC(504) Using 8 workers of 8 for evacuation
[4206.686s][info][gc,phases      ] GC(504)   Pre Evacuate Collection Set: 0.28ms
[4206.686s][info][gc,phases      ] GC(504)   Merge Heap Roots: 0.55ms
[4206.686s][info][gc,phases      ] GC(504)   Evacuate Collection Set: 147.30ms
[4206.686s][info][gc,phases      ] GC(504)   Post Evacuate Collection Set: 1.01ms
[4206.686s][info][gc,phases      ] GC(504)   Other: 0.08ms
[4206.686s][info][gc,heap        ] GC(504) Eden regions: 571->0(571)
[4206.686s][info][gc,heap        ] GC(504) Survivor regions: 43->43(77)
[4206.686s][info][gc,heap        ] GC(504) Old regions: 200->207
[4206.686s][info][gc,heap        ] GC(504) Humongous regions: 33->33
[4206.686s][info][gc,metaspace   ] GC(504) Metaspace: 29932K(30400K)->29932K(30400K) NonClass: 24524K(24768K)->24524K(24768K) Class: 5408K(5632K)->5408K(5632K)
[4206.686s][info][gc             ] GC(504) Pause Young (Normal) (G1 Evacuation Pause) 6759M->2247M(8192M) 149.372ms
[4206.686s][info][gc,cpu         ] GC(504) User=1.19s Sys=0.00s Real=0.15s
.....[4211.935s][info][gc,start       ] GC(505) Pause Young (Normal) (G1 Evacuation Pause)
[4211.935s][info][gc,task        ] GC(505) Using 8 workers of 8 for evacuation
[4212.086s][info][gc,phases      ] GC(505)   Pre Evacuate Collection Set: 0.25ms
[4212.086s][info][gc,phases      ] GC(505)   Merge Heap Roots: 0.54ms
[4212.086s][info][gc,phases      ] GC(505)   Evacuate Collection Set: 149.23ms
[4212.086s][info][gc,phases      ] GC(505)   Post Evacuate Collection Set: 1.04ms
[4212.086s][info][gc,phases      ] GC(505)   Other: 0.06ms
[4212.086s][info][gc,heap        ] GC(505) Eden regions: 571->0(571)
[4212.086s][info][gc,heap        ] GC(505) Survivor regions: 43->43(77)
[4212.086s][info][gc,heap        ] GC(505) Old regions: 207->214
[4212.086s][info][gc,heap        ] GC(505) Humongous regions: 33->33
[4212.086s][info][gc,metaspace   ] GC(505) Metaspace: 29932K(30400K)->29932K(30400K) NonClass: 24524K(24768K)->24524K(24768K) Class: 5408K(5632K)->5408K(5632K)
[4212.086s][info][gc             ] GC(505) Pause Young (Normal) (G1 Evacuation Pause) 6815M->2307M(8192M) 151.259ms
[4212.086s][info][gc,cpu         ] GC(505) User=1.20s Sys=0.00s Real=0.15s
......[4217.333s][info][gc,start       ] GC(506) Pause Young (Normal) (G1 Evacuation Pause)
[4217.333s][info][gc,task        ] GC(506) Using 8 workers of 8 for evacuation
[4217.481s][info][gc,phases      ] GC(506)   Pre Evacuate Collection Set: 0.25ms
[4217.481s][info][gc,phases      ] GC(506)   Merge Heap Roots: 0.54ms
[4217.481s][info][gc,phases      ] GC(506)   Evacuate Collection Set: 146.10ms
[4217.481s][info][gc,phases      ] GC(506)   Post Evacuate Collection Set: 1.05ms
[4217.481s][info][gc,phases      ] GC(506)   Other: 0.07ms
[4217.481s][info][gc,heap        ] GC(506) Eden regions: 571->0(571)
[4217.481s][info][gc,heap        ] GC(506) Survivor regions: 43->43(77)
[4217.481s][info][gc,heap        ] GC(506) Old regions: 214->221
[4217.481s][info][gc,heap        ] GC(506) Humongous regions: 33->33
[4217.481s][info][gc,metaspace   ] GC(506) Metaspace: 29932K(30400K)->29932K(30400K) NonClass: 24524K(24768K)->24524K(24768K) Class: 5408K(5632K)->5408K(5632K)
[4217.481s][info][gc             ] GC(506) Pause Young (Normal) (G1 Evacuation Pause) 6875M->2363M(8192M) 148.144ms
[4217.481s][info][gc,cpu         ] GC(506) User=1.17s Sys=0.00s Real=0.15s
.....[4222.806s][info][gc,start       ] GC(507) Pause Young (Normal) (G1 Evacuation Pause)
[4222.807s][info][gc,task        ] GC(507) Using 8 workers of 8 for evacuation
[4222.954s][info][gc,phases      ] GC(507)   Pre Evacuate Collection Set: 0.28ms
[4222.954s][info][gc,phases      ] GC(507)   Merge Heap Roots: 0.50ms
[4222.954s][info][gc,phases      ] GC(507)   Evacuate Collection Set: 145.43ms
[4222.954s][info][gc,phases      ] GC(507)   Post Evacuate Collection Set: 1.03ms
[4222.954s][info][gc,phases      ] GC(507)   Other: 0.09ms
[4222.954s][info][gc,heap        ] GC(507) Eden regions: 571->0(572)
[4222.954s][info][gc,heap        ] GC(507) Survivor regions: 43->42(77)
[4222.954s][info][gc,heap        ] GC(507) Old regions: 221->228
[4222.954s][info][gc,heap        ] GC(507) Humongous regions: 33->33
[4222.954s][info][gc,metaspace   ] GC(507) Metaspace: 29932K(30400K)->29932K(30400K) NonClass: 24524K(24768K)->24524K(24768K) Class: 5408K(5632K)->5408K(5632K)
[4222.954s][info][gc             ] GC(507) Pause Young (Normal) (G1 Evacuation Pause) 6931M->2407M(8192M) 147.459ms
[4222.954s][info][gc,cpu         ] GC(507) User=1.17s Sys=0.00s Real=0.14s
......[4228.197s][info][gc,start       ] GC(508) Pause Young (Normal) (G1 Evacuation Pause)
[4228.197s][info][gc,task        ] GC(508) Using 8 workers of 8 for evacuation
[4228.344s][info][gc,phases      ] GC(508)   Pre Evacuate Collection Set: 0.23ms
[4228.344s][info][gc,phases      ] GC(508)   Merge Heap Roots: 0.50ms
[4228.344s][info][gc,phases      ] GC(508)   Evacuate Collection Set: 145.58ms
[4228.344s][info][gc,phases      ] GC(508)   Post Evacuate Collection Set: 1.01ms
[4228.344s][info][gc,phases      ] GC(508)   Other: 0.06ms
[4228.344s][info][gc,heap        ] GC(508) Eden regions: 572->0(571)
[4228.344s][info][gc,heap        ] GC(508) Survivor regions: 42->43(77)
[4228.344s][info][gc,heap        ] GC(508) Old regions: 228->235
[4228.344s][info][gc,heap        ] GC(508) Humongous regions: 33->33
[4228.344s][info][gc,metaspace   ] GC(508) Metaspace: 29932K(30400K)->29932K(30400K) NonClass: 24524K(24768K)->24524K(24768K) Class: 5408K(5632K)->5408K(5632K)
[4228.344s][info][gc             ] GC(508) Pause Young (Normal) (G1 Evacuation Pause) 6983M->2471M(8192M) 147.521ms
[4228.344s][info][gc,cpu         ] GC(508) User=1.17s Sys=0.00s Real=0.15s
.... (rIR:aIR:PR = 7105:7091:7091) (tPR = 105706) [OK] 
  4232s: Performance info:
         Transaction,    Success,    Partial,     Failed,   Receipts, AvgBarcode, 
             Overall,     426505,          0,          0,     405195,      59.48, 
         Response times:
             Request,    Success,    Partial,     Failed,   SkipFail,     Probes,    Samples,      min,      p50,      p90,      p95,      p99,      max, 
       TotalPurchase,     405195,          0,          0,          0,     360713,     423612,      300,     4900,     9100,    13100,    70000,   314000,
     InStorePurchase,     212997,          0,          0,          0,     190051,     222703,      300,     4800,     9100,    13000,    70000,   314000,
      OnlinePurchase,     149455,          0,          0,          0,     132567,     155588,      300,     4800,     9100,    13100,    70000,   314000,
        InstPurchase,      42743,          0,          0,          0,      38095,      45321,      500,     5200,     9300,    13100,    64000,   287000,
          AssocOfCat,        428,          0,          0,          0,        349,        508,    28000,    40000,    55000,    63000,    94910,   106000,
      AssocOfProduct,       4271,          0,          0,          0,       3981,       4925,      700,     5200,     9000,    13170,    78480,   174000,
      BusinessReport,       1068,          0,          0,          0,        940,       1213,    26000,    45000,    63000,    78000,   202860,   234000,
          CustBuyBeh,       4271,          0,          0,          0,       3950,       4839,      300,     5300,     8900,    13200,    75000,   192000,
       ProductReturn,      11274,          0,          0,          0,       9678,      11752,      200,     4800,     8900,    12200,    77000,   292000,

  4232s: (51%)   IR =   7247 .[4233.605s][info][gc,start       ] GC(509) Pause Young (Normal) (G1 Evacuation Pause)
[4233.605s][info][gc,task        ] GC(509) Using 8 workers of 8 for evacuation
[4233.754s][info][gc,phases      ] GC(509)   Pre Evacuate Collection Set: 0.22ms
[4233.754s][info][gc,phases      ] GC(509)   Merge Heap Roots: 0.52ms
[4233.754s][info][gc,phases      ] GC(509)   Evacuate Collection Set: 147.25ms
[4233.754s][info][gc,phases      ] GC(509)   Post Evacuate Collection Set: 1.02ms
[4233.754s][info][gc,phases      ] GC(509)   Other: 0.06ms
[4233.754s][info][gc,heap        ] GC(509) Eden regions: 571->0(571)
[4233.754s][info][gc,heap        ] GC(509) Survivor regions: 43->43(77)
[4233.754s][info][gc,heap        ] GC(509) Old regions: 235->242
[4233.754s][info][gc,heap        ] GC(509) Humongous regions: 33->33
[4233.754s][info][gc,metaspace   ] GC(509) Metaspace: 29935K(30400K)->29935K(30400K) NonClass: 24527K(24768K)->24527K(24768K) Class: 5408K(5632K)->5408K(5632K)
[4233.754s][info][gc             ] GC(509) Pause Young (Normal) (G1 Evacuation Pause) 7039M->2527M(8192M) 149.202ms
[4233.754s][info][gc,cpu         ] GC(509) User=1.18s Sys=0.00s Real=0.14s
.....[4238.875s][info][gc,start       ] GC(510) Pause Young (Normal) (G1 Evacuation Pause)
[4238.875s][info][gc,task        ] GC(510) Using 8 workers of 8 for evacuation
[4239.025s][info][gc,phases      ] GC(510)   Pre Evacuate Collection Set: 0.28ms
[4239.025s][info][gc,phases      ] GC(510)   Merge Heap Roots: 0.63ms
[4239.025s][info][gc,phases      ] GC(510)   Evacuate Collection Set: 148.03ms
[4239.025s][info][gc,phases      ] GC(510)   Post Evacuate Collection Set: 1.01ms
[4239.025s][info][gc,phases      ] GC(510)   Other: 0.07ms
[4239.025s][info][gc,heap        ] GC(510) Eden regions: 571->0(571)
[4239.025s][info][gc,heap        ] GC(510) Survivor regions: 43->43(77)
[4239.025s][info][gc,heap        ] GC(510) Old regions: 242->249
[4239.025s][info][gc,heap        ] GC(510) Humongous regions: 33->33
[4239.025s][info][gc,metaspace   ] GC(510) Metaspace: 29935K(30400K)->29935K(30400K) NonClass: 24527K(24768K)->24527K(24768K) Class: 5408K(5632K)->5408K(5632K)
[4239.025s][info][gc             ] GC(510) Pause Young (Normal) (G1 Evacuation Pause) 7095M->2587M(8192M) 150.159ms
[4239.025s][info][gc,cpu         ] GC(510) User=1.19s Sys=0.00s Real=0.15s
...|..[4244.071s][info][gc,start       ] GC(511) Pause Young (Normal) (G1 Evacuation Pause)
[4244.071s][info][gc,task        ] GC(511) Using 8 workers of 8 for evacuation
[4244.219s][info][gc,phases      ] GC(511)   Pre Evacuate Collection Set: 0.24ms
[4244.219s][info][gc,phases      ] GC(511)   Merge Heap Roots: 0.50ms
[4244.219s][info][gc,phases      ] GC(511)   Evacuate Collection Set: 146.57ms
[4244.219s][info][gc,phases      ] GC(511)   Post Evacuate Collection Set: 1.02ms
[4244.219s][info][gc,phases      ] GC(511)   Other: 0.06ms
[4244.219s][info][gc,heap        ] GC(511) Eden regions: 571->0(571)
[4244.219s][info][gc,heap        ] GC(511) Survivor regions: 43->43(77)
[4244.219s][info][gc,heap        ] GC(511) Old regions: 249->256
[4244.219s][info][gc,heap        ] GC(511) Humongous regions: 33->33
[4244.219s][info][gc,metaspace   ] GC(511) Metaspace: 29935K(30400K)->29935K(30400K) NonClass: 24527K(24768K)->24527K(24768K) Class: 5408K(5632K)->5408K(5632K)
[4244.219s][info][gc             ] GC(511) Pause Young (Normal) (G1 Evacuation Pause) 7155M->2643M(8192M) 148.536ms
[4244.219s][info][gc,cpu         ] GC(511) User=1.17s Sys=0.00s Real=0.15s
......[4249.441s][info][gc,start       ] GC(512) Pause Young (Normal) (G1 Evacuation Pause)
[4249.441s][info][gc,task        ] GC(512) Using 8 workers of 8 for evacuation
[4249.587s][info][gc,phases      ] GC(512)   Pre Evacuate Collection Set: 0.25ms
[4249.587s][info][gc,phases      ] GC(512)   Merge Heap Roots: 0.55ms
[4249.587s][info][gc,phases      ] GC(512)   Evacuate Collection Set: 143.98ms
[4249.587s][info][gc,phases      ] GC(512)   Post Evacuate Collection Set: 1.02ms
[4249.587s][info][gc,phases      ] GC(512)   Other: 0.07ms
[4249.587s][info][gc,heap        ] GC(512) Eden regions: 571->0(572)
[4249.587s][info][gc,heap        ] GC(512) Survivor regions: 43->42(77)
[4249.587s][info][gc,heap        ] GC(512) Old regions: 256->263
[4249.587s][info][gc,heap        ] GC(512) Humongous regions: 33->33
[4249.587s][info][gc,metaspace   ] GC(512) Metaspace: 29935K(30400K)->29935K(30400K) NonClass: 24527K(24768K)->24527K(24768K) Class: 5408K(5632K)->5408K(5632K)
[4249.587s][info][gc             ] GC(512) Pause Young (Normal) (G1 Evacuation Pause) 7211M->2687M(8192M) 145.987ms
[4249.587s][info][gc,cpu         ] GC(512) User=1.15s Sys=0.00s Real=0.15s
.....[4254.768s][info][gc,start       ] GC(513) Pause Young (Normal) (G1 Evacuation Pause)
[4254.768s][info][gc,task        ] GC(513) Using 8 workers of 8 for evacuation
[4254.918s][info][gc,phases      ] GC(513)   Pre Evacuate Collection Set: 0.26ms
[4254.918s][info][gc,phases      ] GC(513)   Merge Heap Roots: 0.53ms
[4254.918s][info][gc,phases      ] GC(513)   Evacuate Collection Set: 147.40ms
[4254.918s][info][gc,phases      ] GC(513)   Post Evacuate Collection Set: 1.03ms
[4254.918s][info][gc,phases      ] GC(513)   Other: 0.08ms
[4254.918s][info][gc,heap        ] GC(513) Eden regions: 572->0(571)
[4254.918s][info][gc,heap        ] GC(513) Survivor regions: 42->43(77)
[4254.918s][info][gc,heap        ] GC(513) Old regions: 263->270
[4254.918s][info][gc,heap        ] GC(513) Humongous regions: 33->33
[4254.918s][info][gc,metaspace   ] GC(513) Metaspace: 29935K(30400K)->29935K(30400K) NonClass: 24527K(24768K)->24527K(24768K) Class: 5408K(5632K)->5408K(5632K)
[4254.918s][info][gc             ] GC(513) Pause Young (Normal) (G1 Evacuation Pause) 7263M->2755M(8192M) 149.444ms
[4254.918s][info][gc,cpu         ] GC(513) User=1.18s Sys=0.00s Real=0.15s
.....[4260.058s][info][gc,start       ] GC(514) Pause Young (Normal) (G1 Evacuation Pause)
[4260.058s][info][gc,task        ] GC(514) Using 8 workers of 8 for evacuation
[4260.206s][info][gc,phases      ] GC(514)   Pre Evacuate Collection Set: 0.31ms
[4260.206s][info][gc,phases      ] GC(514)   Merge Heap Roots: 0.63ms
[4260.206s][info][gc,phases      ] GC(514)   Evacuate Collection Set: 146.01ms
[4260.206s][info][gc,phases      ] GC(514)   Post Evacuate Collection Set: 1.05ms
[4260.206s][info][gc,phases      ] GC(514)   Other: 0.07ms
[4260.206s][info][gc,heap        ] GC(514) Eden regions: 571->0(571)
[4260.206s][info][gc,heap        ] GC(514) Survivor regions: 43->43(77)
[4260.206s][info][gc,heap        ] GC(514) Old regions: 270->277
[4260.206s][info][gc,heap        ] GC(514) Humongous regions: 33->33
[4260.206s][info][gc,metaspace   ] GC(514) Metaspace: 29935K(30400K)->29935K(30400K) NonClass: 24527K(24768K)->24527K(24768K) Class: 5408K(5632K)->5408K(5632K)
[4260.206s][info][gc             ] GC(514) Pause Young (Normal) (G1 Evacuation Pause) 7323M->2807M(8192M) 148.204ms
[4260.206s][info][gc,cpu         ] GC(514) User=1.18s Sys=0.00s Real=0.15s
......[4265.306s][info][gc,start       ] GC(515) Pause Young (Normal) (G1 Evacuation Pause)
[4265.306s][info][gc,task        ] GC(515) Using 8 workers of 8 for evacuation
[4265.456s][info][gc,phases      ] GC(515)   Pre Evacuate Collection Set: 0.27ms
[4265.456s][info][gc,phases      ] GC(515)   Merge Heap Roots: 0.59ms
[4265.456s][info][gc,phases      ] GC(515)   Evacuate Collection Set: 147.32ms
[4265.456s][info][gc,phases      ] GC(515)   Post Evacuate Collection Set: 1.04ms
[4265.456s][info][gc,phases      ] GC(515)   Other: 0.07ms
[4265.456s][info][gc,heap        ] GC(515) Eden regions: 571->0(571)
[4265.456s][info][gc,heap        ] GC(515) Survivor regions: 43->42(77)
[4265.456s][info][gc,heap        ] GC(515) Old regions: 277->284
[4265.456s][info][gc,heap        ] GC(515) Humongous regions: 33->33
[4265.456s][info][gc,metaspace   ] GC(515) Metaspace: 29935K(30400K)->29935K(30400K) NonClass: 24527K(24768K)->24527K(24768K) Class: 5408K(5632K)->5408K(5632K)
[4265.456s][info][gc             ] GC(515) Pause Young (Normal) (G1 Evacuation Pause) 7375M->2859M(8192M) 149.429ms
[4265.456s][info][gc,cpu         ] GC(515) User=1.18s Sys=0.00s Real=0.15s
.....[4270.504s][info][gc,start       ] GC(516) Pause Young (Normal) (G1 Evacuation Pause)
[4270.504s][info][gc,task        ] GC(516) Using 8 workers of 8 for evacuation
[4270.652s][info][gc,phases      ] GC(516)   Pre Evacuate Collection Set: 0.24ms
[4270.652s][info][gc,phases      ] GC(516)   Merge Heap Roots: 0.51ms
[4270.652s][info][gc,phases      ] GC(516)   Evacuate Collection Set: 146.66ms
[4270.652s][info][gc,phases      ] GC(516)   Post Evacuate Collection Set: 1.00ms
[4270.652s][info][gc,phases      ] GC(516)   Other: 0.06ms
[4270.652s][info][gc,heap        ] GC(516) Eden regions: 571->0(562)
[4270.652s][info][gc,heap        ] GC(516) Survivor regions: 42->43(77)
[4270.652s][info][gc,heap        ] GC(516) Old regions: 284->291
[4270.652s][info][gc,heap        ] GC(516) Humongous regions: 33->33
[4270.652s][info][gc,metaspace   ] GC(516) Metaspace: 29935K(30400K)->29935K(30400K) NonClass: 24527K(24768K)->24527K(24768K) Class: 5408K(5632K)->5408K(5632K)
[4270.652s][info][gc             ] GC(516) Pause Young (Normal) (G1 Evacuation Pause) 7427M->2919M(8192M) 148.588ms
[4270.652s][info][gc,cpu         ] GC(516) User=1.17s Sys=0.00s Real=0.15s
.....[4275.753s][info][gc,start       ] GC(517) Pause Young (Normal) (G1 Evacuation Pause)
[4275.753s][info][gc,task        ] GC(517) Using 8 workers of 8 for evacuation
[4275.901s][info][gc,phases      ] GC(517)   Pre Evacuate Collection Set: 0.29ms
[4275.901s][info][gc,phases      ] GC(517)   Merge Heap Roots: 0.57ms
[4275.901s][info][gc,phases      ] GC(517)   Evacuate Collection Set: 146.17ms
[4275.901s][info][gc,phases      ] GC(517)   Post Evacuate Collection Set: 0.99ms
[4275.901s][info][gc,phases      ] GC(517)   Other: 0.07ms
[4275.901s][info][gc,heap        ] GC(517) Eden regions: 562->0(554)
[4275.901s][info][gc,heap        ] GC(517) Survivor regions: 43->43(76)
[4275.901s][info][gc,heap        ] GC(517) Old regions: 291->299
[4275.901s][info][gc,heap        ] GC(517) Humongous regions: 33->33
[4275.901s][info][gc,metaspace   ] GC(517) Metaspace: 29935K(30400K)->29935K(30400K) NonClass: 24527K(24768K)->24527K(24768K) Class: 5408K(5632K)->5408K(5632K)
[4275.901s][info][gc             ] GC(517) Pause Young (Normal) (G1 Evacuation Pause) 7415M->2976M(8192M) 148.220ms
[4275.901s][info][gc,cpu         ] GC(517) User=1.18s Sys=0.00s Real=0.15s
.....[4280.864s][info][gc,start       ] GC(518) Pause Young (Normal) (G1 Evacuation Pause)
[4280.864s][info][gc,task        ] GC(518) Using 8 workers of 8 for evacuation
[4281.013s][info][gc,phases      ] GC(518)   Pre Evacuate Collection Set: 0.24ms
[4281.013s][info][gc,phases      ] GC(518)   Merge Heap Roots: 0.55ms
[4281.013s][info][gc,phases      ] GC(518)   Evacuate Collection Set: 147.76ms
[4281.013s][info][gc,phases      ] GC(518)   Post Evacuate Collection Set: 0.98ms
[4281.013s][info][gc,phases      ] GC(518)   Other: 0.06ms
[4281.013s][info][gc,heap        ] GC(518) Eden regions: 554->0(547)
[4281.013s][info][gc,heap        ] GC(518) Survivor regions: 43->43(75)
[4281.013s][info][gc,heap        ] GC(518) Old regions: 299->306
[4281.013s][info][gc,heap        ] GC(518) Humongous regions: 33->33
[4281.013s][info][gc,metaspace   ] GC(518) Metaspace: 29935K(30400K)->29935K(30400K) NonClass: 24527K(24768K)->24527K(24768K) Class: 5408K(5632K)->5408K(5632K)
[4281.013s][info][gc             ] GC(518) Pause Young (Normal) (G1 Evacuation Pause) 7408M->3039M(8192M) 149.727ms
[4281.014s][info][gc,cpu         ] GC(518) User=1.18s Sys=0.00s Real=0.15s
.....[4285.833s][info][gc,start       ] GC(519) Pause Young (Normal) (G1 Evacuation Pause)
[4285.833s][info][gc,task        ] GC(519) Using 8 workers of 8 for evacuation
[4285.981s][info][gc,phases      ] GC(519)   Pre Evacuate Collection Set: 0.28ms
[4285.981s][info][gc,phases      ] GC(519)   Merge Heap Roots: 0.56ms
[4285.981s][info][gc,phases      ] GC(519)   Evacuate Collection Set: 146.86ms
[4285.981s][info][gc,phases      ] GC(519)   Post Evacuate Collection Set: 1.02ms
[4285.981s][info][gc,phases      ] GC(519)   Other: 0.08ms
[4285.981s][info][gc,heap        ] GC(519) Eden regions: 547->0(540)
[4285.981s][info][gc,heap        ] GC(519) Survivor regions: 43->43(74)
[4285.981s][info][gc,heap        ] GC(519) Old regions: 306->313
[4285.981s][info][gc,heap        ] GC(519) Humongous regions: 33->33
[4285.981s][info][gc,metaspace   ] GC(519) Metaspace: 29935K(30400K)->29935K(30400K) NonClass: 24527K(24768K)->24527K(24768K) Class: 5408K(5632K)->5408K(5632K)
[4285.981s][info][gc             ] GC(519) Pause Young (Normal) (G1 Evacuation Pause) 7415M->3091M(8192M) 148.930ms
[4285.982s][info][gc,cpu         ] GC(519) User=1.18s Sys=0.00s Real=0.15s
.....[4290.884s][info][gc,start       ] GC(520) Pause Young (Concurrent Start) (G1 Evacuation Pause)
[4290.884s][info][gc,task        ] GC(520) Using 8 workers of 8 for evacuation
[4291.032s][info][gc,phases      ] GC(520)   Pre Evacuate Collection Set: 0.32ms
[4291.032s][info][gc,phases      ] GC(520)   Merge Heap Roots: 0.56ms
[4291.032s][info][gc,phases      ] GC(520)   Evacuate Collection Set: 145.92ms
[4291.032s][info][gc,phases      ] GC(520)   Post Evacuate Collection Set: 0.98ms
[4291.032s][info][gc,phases      ] GC(520)   Other: 0.11ms
[4291.032s][info][gc,heap        ] GC(520) Eden regions: 540->0(537)
[4291.032s][info][gc,heap        ] GC(520) Survivor regions: 43->41(73)
[4291.032s][info][gc,heap        ] GC(520) Old regions: 313->320
[4291.032s][info][gc,heap        ] GC(520) Humongous regions: 33->33
[4291.032s][info][gc,metaspace   ] GC(520) Metaspace: 29935K(30400K)->29935K(30400K) NonClass: 24527K(24768K)->24527K(24768K) Class: 5408K(5632K)->5408K(5632K)
[4291.032s][info][gc             ] GC(520) Pause Young (Concurrent Start) (G1 Evacuation Pause) 7411M->3135M(8192M) 148.048ms
[4291.032s][info][gc             ] GC(521) Concurrent Mark Cycle
[4291.032s][info][gc,marking     ] GC(521) Concurrent Scan Root Regions
[4291.032s][info][gc,cpu         ] GC(520) User=1.17s Sys=0.01s Real=0.15s
.[4291.346s][info][gc,marking     ] GC(521) Concurrent Scan Root Regions 313.549ms
[4291.346s][info][gc,marking     ] GC(521) Concurrent Mark
[4291.346s][info][gc,marking     ] GC(521) Concurrent Mark From Roots
[4291.346s][info][gc,task        ] GC(521) Using 2 workers of 2 for marking
[4292.215s][info][gc,marking     ] GC(521) Concurrent Mark From Roots 869.306ms
[4292.215s][info][gc,marking     ] GC(521) Concurrent Preclean
[4292.215s][info][gc,marking     ] GC(521) Concurrent Preclean 0.113ms
[4292.215s][info][gc,start       ] GC(521) Pause Remark
[4292.217s][info][gc             ] GC(521) Pause Remark 4275M->3635M(8192M) 1.772ms
[4292.217s][info][gc,cpu         ] GC(521) User=0.01s Sys=0.00s Real=0.00s
[4292.217s][info][gc,marking     ] GC(521) Concurrent Mark 871.507ms
[4292.217s][info][gc,marking     ] GC(521) Concurrent Rebuild Remembered Sets and Scrub Regions
.[4292.693s][info][gc,marking     ] GC(521) Concurrent Rebuild Remembered Sets and Scrub Regions 475.726ms
[4292.693s][info][gc,start       ] GC(521) Pause Cleanup
[4292.693s][info][gc             ] GC(521) Pause Cleanup 4063M->4063M(8192M) 0.254ms
[4292.694s][info][gc,cpu         ] GC(521) User=0.00s Sys=0.00s Real=0.00s
[4292.694s][info][gc,marking     ] GC(521) Concurrent Clear Claimed Marks
[4292.694s][info][gc,marking     ] GC(521) Concurrent Clear Claimed Marks 0.043ms
[4292.694s][info][gc,marking     ] GC(521) Concurrent Cleanup for Next Mark
[4292.701s][info][gc,marking     ] GC(521) Concurrent Cleanup for Next Mark 7.064ms
[4292.701s][info][gc             ] GC(521) Concurrent Mark Cycle 1668.522ms
...[4295.813s][info][gc,start       ] GC(522) Pause Young (Prepare Mixed) (G1 Evacuation Pause)
[4295.813s][info][gc,task        ] GC(522) Using 8 workers of 8 for evacuation
[4295.958s][info][gc,phases      ] GC(522)   Pre Evacuate Collection Set: 0.27ms
[4295.958s][info][gc,phases      ] GC(522)   Merge Heap Roots: 0.64ms
[4295.958s][info][gc,phases      ] GC(522)   Evacuate Collection Set: 143.07ms
[4295.958s][info][gc,phases      ] GC(522)   Post Evacuate Collection Set: 1.11ms
[4295.958s][info][gc,phases      ] GC(522)   Other: 0.08ms
[4295.958s][info][gc,heap        ] GC(522) Eden regions: 537->0(573)
[4295.958s][info][gc,heap        ] GC(522) Survivor regions: 41->41(73)
[4295.958s][info][gc,heap        ] GC(522) Old regions: 240->248
[4295.958s][info][gc,heap        ] GC(522) Humongous regions: 33->33
[4295.958s][info][gc,metaspace   ] GC(522) Metaspace: 29937K(30400K)->29937K(30400K) NonClass: 24529K(24768K)->24529K(24768K) Class: 5408K(5632K)->5408K(5632K)
[4295.958s][info][gc             ] GC(522) Pause Young (Prepare Mixed) (G1 Evacuation Pause) 6791M->2558M(8192M) 145.309ms
[4295.958s][info][gc,cpu         ] GC(522) User=1.15s Sys=0.00s Real=0.15s
.....[4301.162s][info][gc,start       ] GC(523) Pause Young (Mixed) (G1 Evacuation Pause)
[4301.163s][info][gc,task        ] GC(523) Using 8 workers of 8 for evacuation
[4301.325s][info][gc,phases      ] GC(523)   Pre Evacuate Collection Set: 0.27ms
[4301.325s][info][gc,phases      ] GC(523)   Merge Heap Roots: 0.82ms
[4301.325s][info][gc,phases      ] GC(523)   Evacuate Collection Set: 159.67ms
[4301.325s][info][gc,phases      ] GC(523)   Post Evacuate Collection Set: 1.35ms
[4301.325s][info][gc,phases      ] GC(523)   Other: 0.08ms
[4301.325s][info][gc,heap        ] GC(523) Eden regions: 573->0(571)
[4301.325s][info][gc,heap        ] GC(523) Survivor regions: 41->43(77)
[4301.325s][info][gc,heap        ] GC(523) Old regions: 248->153
[4301.325s][info][gc,heap        ] GC(523) Humongous regions: 33->33
[4301.325s][info][gc,metaspace   ] GC(523) Metaspace: 29937K(30400K)->29937K(30400K) NonClass: 24529K(24768K)->24529K(24768K) Class: 5408K(5632K)->5408K(5632K)
[4301.325s][info][gc             ] GC(523) Pause Young (Mixed) (G1 Evacuation Pause) 7142M->1818M(8192M) 162.346ms
[4301.325s][info][gc,cpu         ] GC(523) User=1.29s Sys=0.00s Real=0.17s
. (rIR:aIR:PR = 7247:7232:7232) (tPR = 107215) [OK] 
  4301s: Performance info:
         Transaction,    Success,    Partial,     Failed,   Receipts, AvgBarcode, 
             Overall,     434491,          0,          0,     412778,      59.47, 
         Response times:
             Request,    Success,    Partial,     Failed,   SkipFail,     Probes,    Samples,      min,      p50,      p90,      p95,      p99,      max, 
       TotalPurchase,     412757,          0,          0,          0,     358843,     414970,      300,     5200,    10300,    23000,    85000,   410000,
     InStorePurchase,     217750,          0,          0,          0,     188552,     217891,      400,     5100,    10300,    24000,    84000,   410000,
      OnlinePurchase,     151619,          0,          0,          0,     132640,     153376,      300,     5200,    10300,    23000,    85000,   410000,
        InstPurchase,      43388,          0,          0,          0,      37651,      43703,      400,     5100,    10000,    22000,    90000,   408000,
          AssocOfCat,        433,          0,          0,          0,        351,        496,    27000,    41000,    63000,    78150,   173390,   219000,
      AssocOfProduct,       4348,          0,          0,          0,       4056,       4860,      400,     5100,    10190,    22000,    88000,   309000,
      BusinessReport,       1084,          0,          0,          0,        954,       1216,    30000,    46000,    67000,    86450,   189830,   498000,
          CustBuyBeh,       4355,          0,          0,          0,       4066,       4969,      300,     5300,    11000,    26500,    85300,   307000,
       ProductReturn,      11493,          0,          0,          0,       9805,      11725,      200,     5200,    10500,    23000,   101000,   407000,

  4301s: (52%)   IR =   7389 ....[4306.410s][info][gc,start       ] GC(524) Pause Young (Mixed) (G1 Evacuation Pause)
[4306.410s][info][gc,task        ] GC(524) Using 8 workers of 8 for evacuation
[4306.566s][info][gc,phases      ] GC(524)   Pre Evacuate Collection Set: 0.26ms
[4306.566s][info][gc,phases      ] GC(524)   Merge Heap Roots: 0.83ms
[4306.566s][info][gc,phases      ] GC(524)   Evacuate Collection Set: 153.93ms
[4306.566s][info][gc,phases      ] GC(524)   Post Evacuate Collection Set: 1.11ms
[4306.566s][info][gc,phases      ] GC(524)   Other: 0.07ms
[4306.566s][info][gc,heap        ] GC(524) Eden regions: 571->0(571)
[4306.566s][info][gc,heap        ] GC(524) Survivor regions: 43->43(77)
[4306.566s][info][gc,heap        ] GC(524) Old regions: 153->143
[4306.566s][info][gc,heap        ] GC(524) Humongous regions: 33->33
[4306.566s][info][gc,metaspace   ] GC(524) Metaspace: 29937K(30400K)->29937K(30400K) NonClass: 24529K(24768K)->24529K(24768K) Class: 5408K(5632K)->5408K(5632K)
[4306.566s][info][gc             ] GC(524) Pause Young (Mixed) (G1 Evacuation Pause) 6386M->1735M(8192M) 156.334ms
[4306.566s][info][gc,cpu         ] GC(524) User=1.23s Sys=0.00s Real=0.16s
....|.[4311.552s][info][gc,start       ] GC(525) Pause Young (Normal) (G1 Evacuation Pause)
[4311.553s][info][gc,task        ] GC(525) Using 8 workers of 8 for evacuation
[4311.699s][info][gc,phases      ] GC(525)   Pre Evacuate Collection Set: 0.25ms
[4311.699s][info][gc,phases      ] GC(525)   Merge Heap Roots: 0.50ms
[4311.699s][info][gc,phases      ] GC(525)   Evacuate Collection Set: 144.88ms
[4311.699s][info][gc,phases      ] GC(525)   Post Evacuate Collection Set: 1.00ms
[4311.699s][info][gc,phases      ] GC(525)   Other: 0.06ms
[4311.699s][info][gc,heap        ] GC(525) Eden regions: 571->0(572)
[4311.699s][info][gc,heap        ] GC(525) Survivor regions: 43->42(77)
[4311.699s][info][gc,heap        ] GC(525) Old regions: 143->151
[4311.699s][info][gc,heap        ] GC(525) Humongous regions: 33->33
[4311.699s][info][gc,metaspace   ] GC(525) Metaspace: 29937K(30400K)->29937K(30400K) NonClass: 24529K(24768K)->24529K(24768K) Class: 5408K(5632K)->5408K(5632K)
[4311.699s][info][gc             ] GC(525) Pause Young (Normal) (G1 Evacuation Pause) 6303M->1786M(8192M) 146.823ms
[4311.699s][info][gc,cpu         ] GC(525) User=1.16s Sys=0.00s Real=0.15s
......[4316.710s][info][gc,start       ] GC(526) Pause Young (Normal) (G1 Evacuation Pause)
[4316.710s][info][gc,task        ] GC(526) Using 8 workers of 8 for evacuation
[4316.862s][info][gc,phases      ] GC(526)   Pre Evacuate Collection Set: 0.25ms
[4316.862s][info][gc,phases      ] GC(526)   Merge Heap Roots: 0.53ms
[4316.862s][info][gc,phases      ] GC(526)   Evacuate Collection Set: 149.85ms
[4316.862s][info][gc,phases      ] GC(526)   Post Evacuate Collection Set: 1.01ms
[4316.862s][info][gc,phases      ] GC(526)   Other: 0.07ms
[4316.862s][info][gc,heap        ] GC(526) Eden regions: 572->0(571)
[4316.862s][info][gc,heap        ] GC(526) Survivor regions: 42->43(77)
[4316.862s][info][gc,heap        ] GC(526) Old regions: 151->158
[4316.862s][info][gc,heap        ] GC(526) Humongous regions: 33->33
[4316.862s][info][gc,metaspace   ] GC(526) Metaspace: 29937K(30400K)->29937K(30400K) NonClass: 24529K(24768K)->24529K(24768K) Class: 5408K(5632K)->5408K(5632K)
[4316.862s][info][gc             ] GC(526) Pause Young (Normal) (G1 Evacuation Pause) 6362M->1850M(8192M) 151.825ms
[4316.862s][info][gc,cpu         ] GC(526) User=1.20s Sys=0.00s Real=0.15s
.....[4321.948s][info][gc,start       ] GC(527) Pause Young (Normal) (G1 Evacuation Pause)
[4321.948s][info][gc,task        ] GC(527) Using 8 workers of 8 for evacuation
[4322.097s][info][gc,phases      ] GC(527)   Pre Evacuate Collection Set: 0.24ms
[4322.097s][info][gc,phases      ] GC(527)   Merge Heap Roots: 0.50ms
[4322.098s][info][gc,phases      ] GC(527)   Evacuate Collection Set: 148.05ms
[4322.098s][info][gc,phases      ] GC(527)   Post Evacuate Collection Set: 1.02ms
[4322.098s][info][gc,phases      ] GC(527)   Other: 0.08ms
[4322.098s][info][gc,heap        ] GC(527) Eden regions: 571->0(571)
[4322.098s][info][gc,heap        ] GC(527) Survivor regions: 43->43(77)
[4322.098s][info][gc,heap        ] GC(527) Old regions: 158->165
[4322.098s][info][gc,heap        ] GC(527) Humongous regions: 33->33
[4322.098s][info][gc,metaspace   ] GC(527) Metaspace: 29937K(30400K)->29937K(30400K) NonClass: 24529K(24768K)->24529K(24768K) Class: 5408K(5632K)->5408K(5632K)
[4322.098s][info][gc             ] GC(527) Pause Young (Normal) (G1 Evacuation Pause) 6418M->1908M(8192M) 150.013ms
[4322.098s][info][gc,cpu         ] GC(527) User=1.18s Sys=0.00s Real=0.15s
.....[4327.077s][info][gc,start       ] GC(528) Pause Young (Normal) (G1 Evacuation Pause)
[4327.077s][info][gc,task        ] GC(528) Using 8 workers of 8 for evacuation
[4327.228s][info][gc,phases      ] GC(528)   Pre Evacuate Collection Set: 0.27ms
[4327.228s][info][gc,phases      ] GC(528)   Merge Heap Roots: 0.51ms
[4327.228s][info][gc,phases      ] GC(528)   Evacuate Collection Set: 148.99ms
[4327.228s][info][gc,phases      ] GC(528)   Post Evacuate Collection Set: 0.99ms
[4327.228s][info][gc,phases      ] GC(528)   Other: 0.07ms
[4327.228s][info][gc,heap        ] GC(528) Eden regions: 571->0(571)
[4327.228s][info][gc,heap        ] GC(528) Survivor regions: 43->43(77)
[4327.228s][info][gc,heap        ] GC(528) Old regions: 165->172
[4327.228s][info][gc,heap        ] GC(528) Humongous regions: 33->33
[4327.228s][info][gc,metaspace   ] GC(528) Metaspace: 29937K(30400K)->29937K(30400K) NonClass: 24529K(24768K)->24529K(24768K) Class: 5408K(5632K)->5408K(5632K)
[4327.228s][info][gc             ] GC(528) Pause Young (Normal) (G1 Evacuation Pause) 6476M->1967M(8192M) 150.956ms
[4327.228s][info][gc,cpu         ] GC(528) User=1.20s Sys=0.00s Real=0.15s
.....[4332.292s][info][gc,start       ] GC(529) Pause Young (Normal) (G1 Evacuation Pause)
[4332.292s][info][gc,task        ] GC(529) Using 8 workers of 8 for evacuation
[4332.444s][info][gc,phases      ] GC(529)   Pre Evacuate Collection Set: 0.24ms
[4332.444s][info][gc,phases      ] GC(529)   Merge Heap Roots: 0.54ms
[4332.444s][info][gc,phases      ] GC(529)   Evacuate Collection Set: 149.80ms
[4332.444s][info][gc,phases      ] GC(529)   Post Evacuate Collection Set: 1.01ms
[4332.444s][info][gc,phases      ] GC(529)   Other: 0.06ms
[4332.444s][info][gc,heap        ] GC(529) Eden regions: 571->0(570)
[4332.444s][info][gc,heap        ] GC(529) Survivor regions: 43->44(77)
[4332.444s][info][gc,heap        ] GC(529) Old regions: 172->179
[4332.444s][info][gc,heap        ] GC(529) Humongous regions: 33->33
[4332.444s][info][gc,metaspace   ] GC(529) Metaspace: 29937K(30400K)->29937K(30400K) NonClass: 24529K(24768K)->24529K(24768K) Class: 5408K(5632K)->5408K(5632K)
[4332.444s][info][gc             ] GC(529) Pause Young (Normal) (G1 Evacuation Pause) 6535M->2028M(8192M) 151.791ms
[4332.444s][info][gc,cpu         ] GC(529) User=1.20s Sys=0.00s Real=0.15s
.....[4337.434s][info][gc,start       ] GC(530) Pause Young (Normal) (G1 Evacuation Pause)
[4337.434s][info][gc,task        ] GC(530) Using 8 workers of 8 for evacuation
[4337.583s][info][gc,phases      ] GC(530)   Pre Evacuate Collection Set: 0.27ms
[4337.583s][info][gc,phases      ] GC(530)   Merge Heap Roots: 0.54ms
[4337.583s][info][gc,phases      ] GC(530)   Evacuate Collection Set: 146.67ms
[4337.583s][info][gc,phases      ] GC(530)   Post Evacuate Collection Set: 1.04ms
[4337.583s][info][gc,phases      ] GC(530)   Other: 0.07ms
[4337.583s][info][gc,heap        ] GC(530) Eden regions: 570->0(571)
[4337.583s][info][gc,heap        ] GC(530) Survivor regions: 44->43(77)
[4337.583s][info][gc,heap        ] GC(530) Old regions: 179->186
[4337.583s][info][gc,heap        ] GC(530) Humongous regions: 33->33
[4337.583s][info][gc,metaspace   ] GC(530) Metaspace: 29937K(30400K)->29937K(30400K) NonClass: 24529K(24768K)->24529K(24768K) Class: 5408K(5632K)->5408K(5632K)
[4337.583s][info][gc             ] GC(530) Pause Young (Normal) (G1 Evacuation Pause) 6588M->2080M(8192M) 148.734ms
[4337.583s][info][gc,cpu         ] GC(530) User=1.18s Sys=0.00s Real=0.15s
.....[4342.567s][info][gc,start       ] GC(531) Pause Young (Normal) (G1 Evacuation Pause)
[4342.567s][info][gc,task        ] GC(531) Using 8 workers of 8 for evacuation
[4342.714s][info][gc,phases      ] GC(531)   Pre Evacuate Collection Set: 0.25ms
[4342.714s][info][gc,phases      ] GC(531)   Merge Heap Roots: 0.58ms
[4342.714s][info][gc,phases      ] GC(531)   Evacuate Collection Set: 144.59ms
[4342.714s][info][gc,phases      ] GC(531)   Post Evacuate Collection Set: 1.02ms
[4342.714s][info][gc,phases      ] GC(531)   Other: 0.07ms
[4342.714s][info][gc,heap        ] GC(531) Eden regions: 571->0(573)
[4342.714s][info][gc,heap        ] GC(531) Survivor regions: 43->41(77)
[4342.714s][info][gc,heap        ] GC(531) Old regions: 186->193
[4342.714s][info][gc,heap        ] GC(531) Humongous regions: 33->33
[4342.714s][info][gc,metaspace   ] GC(531) Metaspace: 29937K(30400K)->29937K(30400K) NonClass: 24529K(24768K)->24529K(24768K) Class: 5408K(5632K)->5408K(5632K)
[4342.714s][info][gc             ] GC(531) Pause Young (Normal) (G1 Evacuation Pause) 6648M->2121M(8192M) 146.627ms
[4342.714s][info][gc,cpu         ] GC(531) User=1.16s Sys=0.00s Real=0.14s
......[4347.818s][info][gc,start       ] GC(532) Pause Young (Normal) (G1 Evacuation Pause)
[4347.818s][info][gc,task        ] GC(532) Using 8 workers of 8 for evacuation
[4347.966s][info][gc,phases      ] GC(532)   Pre Evacuate Collection Set: 0.27ms
[4347.966s][info][gc,phases      ] GC(532)   Merge Heap Roots: 0.52ms
[4347.966s][info][gc,phases      ] GC(532)   Evacuate Collection Set: 145.76ms
[4347.966s][info][gc,phases      ] GC(532)   Post Evacuate Collection Set: 1.03ms
[4347.966s][info][gc,phases      ] GC(532)   Other: 0.08ms
[4347.966s][info][gc,heap        ] GC(532) Eden regions: 573->0(572)
[4347.966s][info][gc,heap        ] GC(532) Survivor regions: 41->42(77)
[4347.966s][info][gc,heap        ] GC(532) Old regions: 193->200
[4347.966s][info][gc,heap        ] GC(532) Humongous regions: 33->33
[4347.966s][info][gc,metaspace   ] GC(532) Metaspace: 29937K(30400K)->29937K(30400K) NonClass: 24529K(24768K)->24529K(24768K) Class: 5408K(5632K)->5408K(5632K)
[4347.966s][info][gc             ] GC(532) Pause Young (Normal) (G1 Evacuation Pause) 6705M->2181M(8192M) 147.793ms
[4347.966s][info][gc,cpu         ] GC(532) User=1.17s Sys=0.00s Real=0.15s
.....[4353.027s][info][gc,start       ] GC(533) Pause Young (Normal) (G1 Evacuation Pause)
[4353.027s][info][gc,task        ] GC(533) Using 8 workers of 8 for evacuation
[4353.174s][info][gc,phases      ] GC(533)   Pre Evacuate Collection Set: 0.23ms
[4353.174s][info][gc,phases      ] GC(533)   Merge Heap Roots: 0.53ms
[4353.174s][info][gc,phases      ] GC(533)   Evacuate Collection Set: 145.18ms
[4353.174s][info][gc,phases      ] GC(533)   Post Evacuate Collection Set: 1.02ms
[4353.174s][info][gc,phases      ] GC(533)   Other: 0.07ms
[4353.174s][info][gc,heap        ] GC(533) Eden regions: 572->0(571)
[4353.174s][info][gc,heap        ] GC(533) Survivor regions: 42->43(77)
[4353.174s][info][gc,heap        ] GC(533) Old regions: 200->207
[4353.174s][info][gc,heap        ] GC(533) Humongous regions: 33->33
[4353.174s][info][gc,metaspace   ] GC(533) Metaspace: 29937K(30400K)->29937K(30400K) NonClass: 24529K(24768K)->24529K(24768K) Class: 5408K(5632K)->5408K(5632K)
[4353.174s][info][gc             ] GC(533) Pause Young (Normal) (G1 Evacuation Pause) 6757M->2245M(8192M) 147.165ms
[4353.174s][info][gc,cpu         ] GC(533) User=1.16s Sys=0.01s Real=0.15s
.....[4358.183s][info][gc,start       ] GC(534) Pause Young (Normal) (G1 Evacuation Pause)
[4358.183s][info][gc,task        ] GC(534) Using 8 workers of 8 for evacuation
[4358.340s][info][gc,phases      ] GC(534)   Pre Evacuate Collection Set: 0.26ms
[4358.340s][info][gc,phases      ] GC(534)   Merge Heap Roots: 0.54ms
[4358.340s][info][gc,phases      ] GC(534)   Evacuate Collection Set: 154.60ms
[4358.340s][info][gc,phases      ] GC(534)   Post Evacuate Collection Set: 1.01ms
[4358.340s][info][gc,phases      ] GC(534)   Other: 0.06ms
[4358.340s][info][gc,heap        ] GC(534) Eden regions: 571->0(570)
[4358.340s][info][gc,heap        ] GC(534) Survivor regions: 43->44(77)
[4358.340s][info][gc,heap        ] GC(534) Old regions: 207->215
[4358.340s][info][gc,heap        ] GC(534) Humongous regions: 33->33
[4358.340s][info][gc,metaspace   ] GC(534) Metaspace: 29937K(30400K)->29937K(30400K) NonClass: 24529K(24768K)->24529K(24768K) Class: 5408K(5632K)->5408K(5632K)
[4358.340s][info][gc             ] GC(534) Pause Young (Normal) (G1 Evacuation Pause) 6813M->2316M(8192M) 156.604ms
[4358.340s][info][gc,cpu         ] GC(534) User=1.24s Sys=0.00s Real=0.16s
.....[4363.383s][info][gc,start       ] GC(535) Pause Young (Normal) (G1 Evacuation Pause)
[4363.383s][info][gc,task        ] GC(535) Using 8 workers of 8 for evacuation
[4363.532s][info][gc,phases      ] GC(535)   Pre Evacuate Collection Set: 0.28ms
[4363.532s][info][gc,phases      ] GC(535)   Merge Heap Roots: 0.60ms
[4363.532s][info][gc,phases      ] GC(535)   Evacuate Collection Set: 146.99ms
[4363.532s][info][gc,phases      ] GC(535)   Post Evacuate Collection Set: 1.02ms
[4363.532s][info][gc,phases      ] GC(535)   Other: 0.06ms
[4363.532s][info][gc,heap        ] GC(535) Eden regions: 570->0(572)
[4363.532s][info][gc,heap        ] GC(535) Survivor regions: 44->42(77)
[4363.532s][info][gc,heap        ] GC(535) Old regions: 215->222
[4363.532s][info][gc,heap        ] GC(535) Humongous regions: 33->33
[4363.532s][info][gc,metaspace   ] GC(535) Metaspace: 29937K(30400K)->29937K(30400K) NonClass: 24529K(24768K)->24529K(24768K) Class: 5408K(5632K)->5408K(5632K)
[4363.532s][info][gc             ] GC(535) Pause Young (Normal) (G1 Evacuation Pause) 6876M->2356M(8192M) 149.067ms
[4363.532s][info][gc,cpu         ] GC(535) User=1.18s Sys=0.00s Real=0.15s
.....[4368.636s][info][gc,start       ] GC(536) Pause Young (Normal) (G1 Evacuation Pause)
[4368.636s][info][gc,task        ] GC(536) Using 8 workers of 8 for evacuation
[4368.787s][info][gc,phases      ] GC(536)   Pre Evacuate Collection Set: 0.25ms
[4368.787s][info][gc,phases      ] GC(536)   Merge Heap Roots: 0.54ms
[4368.787s][info][gc,phases      ] GC(536)   Evacuate Collection Set: 148.35ms
[4368.787s][info][gc,phases      ] GC(536)   Post Evacuate Collection Set: 1.02ms
[4368.787s][info][gc,phases      ] GC(536)   Other: 0.06ms
[4368.787s][info][gc,heap        ] GC(536) Eden regions: 572->0(571)
[4368.787s][info][gc,heap        ] GC(536) Survivor regions: 42->43(77)
[4368.787s][info][gc,heap        ] GC(536) Old regions: 222->228
[4368.787s][info][gc,heap        ] GC(536) Humongous regions: 33->33
[4368.787s][info][gc,metaspace   ] GC(536) Metaspace: 29937K(30400K)->29937K(30400K) NonClass: 24529K(24768K)->24529K(24768K) Class: 5408K(5632K)->5408K(5632K)
[4368.787s][info][gc             ] GC(536) Pause Young (Normal) (G1 Evacuation Pause) 6932M->2419M(8192M) 150.351ms
[4368.787s][info][gc,cpu         ] GC(536) User=1.19s Sys=0.00s Real=0.15s
.. (rIR:aIR:PR = 7389:7395:7395) (tPR = 110204) [OK] 
  4369s: Performance info:
         Transaction,    Success,    Partial,     Failed,   Receipts, AvgBarcode, 
             Overall,     445322,          0,          0,     423100,      59.47, 
         Response times:
             Request,    Success,    Partial,     Failed,   SkipFail,     Probes,    Samples,      min,      p50,      p90,      p95,      p99,      max, 
       TotalPurchase,     423106,          0,          0,          0,     361169,     412219,      400,     5100,    10100,    19200,    72000,   451000,
     InStorePurchase,     222938,          0,          0,          0,     189743,     216255,      400,     5000,    10100,    19200,    73000,   449000,
      OnlinePurchase,     155698,          0,          0,          0,     132773,     151462,      400,     5200,    10100,    19200,    72000,   448000,
        InstPurchase,      44470,          0,          0,          0,      38653,      44502,      400,     5200,    10000,    18885,    73000,   451000,
          AssocOfCat,        445,          0,          0,          0,        378,        534,    29000,    44000,    64000,    87750,   206000,   215000,
      AssocOfProduct,       4446,          0,          0,          0,       4086,       4839,      900,     6200,    10700,    27000,    81000,   230000,
      BusinessReport,       1109,          0,          0,          0,        979,       1230,    29000,    49000,    66000,    84000,   159690,   325000,
          CustBuyBeh,       4453,          0,          0,          0,       4118,       4935,      300,     5800,    10300,    22000,    76640,   167000,
       ProductReturn,      11788,          0,          0,          0,      10205,      11939,      200,     5400,    10600,    21000,    72000,   285000,

  4369s: (53%)   IR =   7531 ...[4373.728s][info][gc,start       ] GC(537) Pause Young (Normal) (G1 Evacuation Pause)
[4373.728s][info][gc,task        ] GC(537) Using 8 workers of 8 for evacuation
[4373.879s][info][gc,phases      ] GC(537)   Pre Evacuate Collection Set: 0.24ms
[4373.879s][info][gc,phases      ] GC(537)   Merge Heap Roots: 0.51ms
[4373.879s][info][gc,phases      ] GC(537)   Evacuate Collection Set: 149.22ms
[4373.879s][info][gc,phases      ] GC(537)   Post Evacuate Collection Set: 1.06ms
[4373.879s][info][gc,phases      ] GC(537)   Other: 0.06ms
[4373.879s][info][gc,heap        ] GC(537) Eden regions: 571->0(571)
[4373.879s][info][gc,heap        ] GC(537) Survivor regions: 43->43(77)
[4373.879s][info][gc,heap        ] GC(537) Old regions: 228->235
[4373.879s][info][gc,heap        ] GC(537) Humongous regions: 33->33
[4373.879s][info][gc,metaspace   ] GC(537) Metaspace: 29937K(30400K)->29937K(30400K) NonClass: 24529K(24768K)->24529K(24768K) Class: 5408K(5632K)->5408K(5632K)
[4373.879s][info][gc             ] GC(537) Pause Young (Normal) (G1 Evacuation Pause) 6987M->2475M(8192M) 151.217ms
[4373.879s][info][gc,cpu         ] GC(537) User=1.20s Sys=0.00s Real=0.15s
....|.[4378.785s][info][gc,start       ] GC(538) Pause Young (Normal) (G1 Evacuation Pause)
[4378.785s][info][gc,task        ] GC(538) Using 8 workers of 8 for evacuation
[4378.935s][info][gc,phases      ] GC(538)   Pre Evacuate Collection Set: 0.24ms
[4378.935s][info][gc,phases      ] GC(538)   Merge Heap Roots: 0.53ms
[4378.935s][info][gc,phases      ] GC(538)   Evacuate Collection Set: 148.31ms
[4378.935s][info][gc,phases      ] GC(538)   Post Evacuate Collection Set: 1.04ms
[4378.935s][info][gc,phases      ] GC(538)   Other: 0.07ms
[4378.935s][info][gc,heap        ] GC(538) Eden regions: 571->0(570)
[4378.935s][info][gc,heap        ] GC(538) Survivor regions: 43->44(77)
[4378.935s][info][gc,heap        ] GC(538) Old regions: 235->242
[4378.935s][info][gc,heap        ] GC(538) Humongous regions: 33->33
[4378.935s][info][gc,metaspace   ] GC(538) Metaspace: 29937K(30400K)->29937K(30400K) NonClass: 24529K(24768K)->24529K(24768K) Class: 5408K(5632K)->5408K(5632K)
[4378.935s][info][gc             ] GC(538) Pause Young (Normal) (G1 Evacuation Pause) 7043M->2535M(8192M) 150.320ms
[4378.935s][info][gc,cpu         ] GC(538) User=1.19s Sys=0.00s Real=0.15s
.....[4383.898s][info][gc,start       ] GC(539) Pause Young (Normal) (G1 Evacuation Pause)
[4383.898s][info][gc,task        ] GC(539) Using 8 workers of 8 for evacuation
[4384.049s][info][gc,phases      ] GC(539)   Pre Evacuate Collection Set: 0.28ms
[4384.049s][info][gc,phases      ] GC(539)   Merge Heap Roots: 0.54ms
[4384.049s][info][gc,phases      ] GC(539)   Evacuate Collection Set: 149.13ms
[4384.049s][info][gc,phases      ] GC(539)   Post Evacuate Collection Set: 1.03ms
[4384.049s][info][gc,phases      ] GC(539)   Other: 0.09ms
[4384.049s][info][gc,heap        ] GC(539) Eden regions: 570->0(571)
[4384.049s][info][gc,heap        ] GC(539) Survivor regions: 44->43(77)
[4384.049s][info][gc,heap        ] GC(539) Old regions: 242->250
[4384.049s][info][gc,heap        ] GC(539) Humongous regions: 33->33
[4384.049s][info][gc,metaspace   ] GC(539) Metaspace: 29937K(30400K)->29937K(30400K) NonClass: 24529K(24768K)->24529K(24768K) Class: 5408K(5632K)->5408K(5632K)
[4384.049s][info][gc             ] GC(539) Pause Young (Normal) (G1 Evacuation Pause) 7095M->2588M(8192M) 151.189ms
[4384.049s][info][gc,cpu         ] GC(539) User=1.20s Sys=0.00s Real=0.15s
.....[4388.988s][info][gc,start       ] GC(540) Pause Young (Normal) (G1 Evacuation Pause)
[4388.988s][info][gc,task        ] GC(540) Using 8 workers of 8 for evacuation
[4389.136s][info][gc,phases      ] GC(540)   Pre Evacuate Collection Set: 0.27ms
[4389.136s][info][gc,phases      ] GC(540)   Merge Heap Roots: 0.60ms
[4389.136s][info][gc,phases      ] GC(540)   Evacuate Collection Set: 145.92ms
[4389.136s][info][gc,phases      ] GC(540)   Post Evacuate Collection Set: 1.04ms
[4389.136s][info][gc,phases      ] GC(540)   Other: 0.07ms
[4389.136s][info][gc,heap        ] GC(540) Eden regions: 571->0(572)
[4389.136s][info][gc,heap        ] GC(540) Survivor regions: 43->42(77)
[4389.136s][info][gc,heap        ] GC(540) Old regions: 250->257
[4389.136s][info][gc,heap        ] GC(540) Humongous regions: 33->33
[4389.136s][info][gc,metaspace   ] GC(540) Metaspace: 29937K(30400K)->29937K(30400K) NonClass: 24529K(24768K)->24529K(24768K) Class: 5408K(5632K)->5408K(5632K)
[4389.136s][info][gc             ] GC(540) Pause Young (Normal) (G1 Evacuation Pause) 7156M->2634M(8192M) 148.026ms
[4389.136s][info][gc,cpu         ] GC(540) User=1.17s Sys=0.00s Real=0.15s
.....[4394.038s][info][gc,start       ] GC(541) Pause Young (Normal) (G1 Evacuation Pause)
[4394.039s][info][gc,task        ] GC(541) Using 8 workers of 8 for evacuation
[4394.189s][info][gc,phases      ] GC(541)   Pre Evacuate Collection Set: 0.27ms
[4394.189s][info][gc,phases      ] GC(541)   Merge Heap Roots: 0.52ms
[4394.189s][info][gc,phases      ] GC(541)   Evacuate Collection Set: 148.18ms
[4394.189s][info][gc,phases      ] GC(541)   Post Evacuate Collection Set: 1.00ms
[4394.189s][info][gc,phases      ] GC(541)   Other: 0.06ms
[4394.189s][info][gc,heap        ] GC(541) Eden regions: 572->0(571)
[4394.189s][info][gc,heap        ] GC(541) Survivor regions: 42->43(77)
[4394.189s][info][gc,heap        ] GC(541) Old regions: 257->264
[4394.189s][info][gc,heap        ] GC(541) Humongous regions: 33->33
[4394.189s][info][gc,metaspace   ] GC(541) Metaspace: 29937K(30400K)->29937K(30400K) NonClass: 24529K(24768K)->24529K(24768K) Class: 5408K(5632K)->5408K(5632K)
[4394.189s][info][gc             ] GC(541) Pause Young (Normal) (G1 Evacuation Pause) 7210M->2699M(8192M) 150.181ms
[4394.189s][info][gc,cpu         ] GC(541) User=1.18s Sys=0.00s Real=0.15s
.....[4399.112s][info][gc,start       ] GC(542) Pause Young (Normal) (G1 Evacuation Pause)
[4399.112s][info][gc,task        ] GC(542) Using 8 workers of 8 for evacuation
[4399.260s][info][gc,phases      ] GC(542)   Pre Evacuate Collection Set: 0.25ms
[4399.260s][info][gc,phases      ] GC(542)   Merge Heap Roots: 0.51ms
[4399.260s][info][gc,phases      ] GC(542)   Evacuate Collection Set: 146.30ms
[4399.260s][info][gc,phases      ] GC(542)   Post Evacuate Collection Set: 1.01ms
[4399.260s][info][gc,phases      ] GC(542)   Other: 0.06ms
[4399.260s][info][gc,heap        ] GC(542) Eden regions: 571->0(572)
[4399.260s][info][gc,heap        ] GC(542) Survivor regions: 43->42(77)
[4399.260s][info][gc,heap        ] GC(542) Old regions: 264->271
[4399.260s][info][gc,heap        ] GC(542) Humongous regions: 33->33
[4399.260s][info][gc,metaspace   ] GC(542) Metaspace: 29937K(30400K)->29937K(30400K) NonClass: 24529K(24768K)->24529K(24768K) Class: 5408K(5632K)->5408K(5632K)
[4399.260s][info][gc             ] GC(542) Pause Young (Normal) (G1 Evacuation Pause) 7267M->2751M(8192M) 148.259ms
[4399.260s][info][gc,cpu         ] GC(542) User=1.17s Sys=0.00s Real=0.15s
.....[4404.161s][info][gc,start       ] GC(543) Pause Young (Normal) (G1 Evacuation Pause)
[4404.161s][info][gc,task        ] GC(543) Using 8 workers of 8 for evacuation
[4404.310s][info][gc,phases      ] GC(543)   Pre Evacuate Collection Set: 0.25ms
[4404.310s][info][gc,phases      ] GC(543)   Merge Heap Roots: 0.53ms
[4404.310s][info][gc,phases      ] GC(543)   Evacuate Collection Set: 146.90ms
[4404.310s][info][gc,phases      ] GC(543)   Post Evacuate Collection Set: 1.02ms
[4404.310s][info][gc,phases      ] GC(543)   Other: 0.06ms
[4404.310s][info][gc,heap        ] GC(543) Eden regions: 572->0(570)
[4404.310s][info][gc,heap        ] GC(543) Survivor regions: 42->44(77)
[4404.310s][info][gc,heap        ] GC(543) Old regions: 271->278
[4404.310s][info][gc,heap        ] GC(543) Humongous regions: 33->33
[4404.310s][info][gc,metaspace   ] GC(543) Metaspace: 29937K(30400K)->29937K(30400K) NonClass: 24529K(24768K)->24529K(24768K) Class: 5408K(5632K)->5408K(5632K)
[4404.310s][info][gc             ] GC(543) Pause Young (Normal) (G1 Evacuation Pause) 7327M->2819M(8192M) 148.880ms
[4404.310s][info][gc,cpu         ] GC(543) User=1.18s Sys=0.00s Real=0.15s
.....[4409.289s][info][gc,start       ] GC(544) Pause Young (Normal) (G1 Evacuation Pause)
[4409.289s][info][gc,task        ] GC(544) Using 8 workers of 8 for evacuation
[4409.440s][info][gc,phases      ] GC(544)   Pre Evacuate Collection Set: 0.25ms
[4409.440s][info][gc,phases      ] GC(544)   Merge Heap Roots: 0.58ms
[4409.440s][info][gc,phases      ] GC(544)   Evacuate Collection Set: 149.37ms
[4409.440s][info][gc,phases      ] GC(544)   Post Evacuate Collection Set: 1.08ms
[4409.440s][info][gc,phases      ] GC(544)   Other: 0.07ms
[4409.440s][info][gc,heap        ] GC(544) Eden regions: 570->0(568)
[4409.440s][info][gc,heap        ] GC(544) Survivor regions: 44->43(77)
[4409.440s][info][gc,heap        ] GC(544) Old regions: 278->285
[4409.440s][info][gc,heap        ] GC(544) Humongous regions: 33->33
[4409.440s][info][gc,metaspace   ] GC(544) Metaspace: 29937K(30400K)->29937K(30400K) NonClass: 24529K(24768K)->24529K(24768K) Class: 5408K(5632K)->5408K(5632K)
[4409.440s][info][gc             ] GC(544) Pause Young (Normal) (G1 Evacuation Pause) 7379M->2872M(8192M) 151.501ms
[4409.441s][info][gc,cpu         ] GC(544) User=1.20s Sys=0.00s Real=0.15s
.....[4414.259s][info][gc,start       ] GC(545) Pause Young (Normal) (G1 Evacuation Pause)
[4414.259s][info][gc,task        ] GC(545) Using 8 workers of 8 for evacuation
[4414.409s][info][gc,phases      ] GC(545)   Pre Evacuate Collection Set: 0.29ms
[4414.409s][info][gc,phases      ] GC(545)   Merge Heap Roots: 0.66ms
[4414.409s][info][gc,phases      ] GC(545)   Evacuate Collection Set: 147.29ms
[4414.409s][info][gc,phases      ] GC(545)   Post Evacuate Collection Set: 1.00ms
[4414.409s][info][gc,phases      ] GC(545)   Other: 0.07ms
[4414.409s][info][gc,heap        ] GC(545) Eden regions: 568->0(561)
[4414.409s][info][gc,heap        ] GC(545) Survivor regions: 43->43(77)
[4414.409s][info][gc,heap        ] GC(545) Old regions: 285->292
[4414.409s][info][gc,heap        ] GC(545) Humongous regions: 33->33
[4414.409s][info][gc,metaspace   ] GC(545) Metaspace: 29937K(30400K)->29937K(30400K) NonClass: 24529K(24768K)->24529K(24768K) Class: 5408K(5632K)->5408K(5632K)
[4414.409s][info][gc             ] GC(545) Pause Young (Normal) (G1 Evacuation Pause) 7416M->2925M(8192M) 149.446ms
[4414.409s][info][gc,cpu         ] GC(545) User=1.18s Sys=0.00s Real=0.15s
.....[4419.270s][info][gc,start       ] GC(546) Pause Young (Normal) (G1 Evacuation Pause)
[4419.270s][info][gc,task        ] GC(546) Using 8 workers of 8 for evacuation
[4419.422s][info][gc,phases      ] GC(546)   Pre Evacuate Collection Set: 0.25ms
[4419.422s][info][gc,phases      ] GC(546)   Merge Heap Roots: 0.55ms
[4419.422s][info][gc,phases      ] GC(546)   Evacuate Collection Set: 150.09ms
[4419.422s][info][gc,phases      ] GC(546)   Post Evacuate Collection Set: 1.00ms
[4419.422s][info][gc,phases      ] GC(546)   Other: 0.07ms
[4419.422s][info][gc,heap        ] GC(546) Eden regions: 561->0(553)
[4419.422s][info][gc,heap        ] GC(546) Survivor regions: 43->43(76)
[4419.422s][info][gc,heap        ] GC(546) Old regions: 292->300
[4419.423s][info][gc,heap        ] GC(546) Humongous regions: 33->33
[4419.423s][info][gc,metaspace   ] GC(546) Metaspace: 29937K(30400K)->29937K(30400K) NonClass: 24529K(24768K)->24529K(24768K) Class: 5408K(5632K)->5408K(5632K)
[4419.423s][info][gc             ] GC(546) Pause Young (Normal) (G1 Evacuation Pause) 7413M->2988M(8192M) 152.089ms
[4419.423s][info][gc,cpu         ] GC(546) User=1.20s Sys=0.00s Real=0.15s
.....[4424.148s][info][gc,start       ] GC(547) Pause Young (Normal) (G1 Evacuation Pause)
[4424.148s][info][gc,task        ] GC(547) Using 8 workers of 8 for evacuation
[4424.303s][info][gc,phases      ] GC(547)   Pre Evacuate Collection Set: 0.26ms
[4424.303s][info][gc,phases      ] GC(547)   Merge Heap Roots: 0.54ms
[4424.303s][info][gc,phases      ] GC(547)   Evacuate Collection Set: 152.80ms
[4424.303s][info][gc,phases      ] GC(547)   Post Evacuate Collection Set: 1.00ms
[4424.303s][info][gc,phases      ] GC(547)   Other: 0.07ms
[4424.303s][info][gc,heap        ] GC(547) Eden regions: 553->0(544)
[4424.303s][info][gc,heap        ] GC(547) Survivor regions: 43->44(75)
[4424.303s][info][gc,heap        ] GC(547) Old regions: 300->307
[4424.303s][info][gc,heap        ] GC(547) Humongous regions: 33->33
[4424.303s][info][gc,metaspace   ] GC(547) Metaspace: 29938K(30400K)->29938K(30400K) NonClass: 24529K(24768K)->24529K(24768K) Class: 5408K(5632K)->5408K(5632K)
[4424.303s][info][gc             ] GC(547) Pause Young (Normal) (G1 Evacuation Pause) 7412M->3052M(8192M) 154.806ms
[4424.303s][info][gc,cpu         ] GC(547) User=1.23s Sys=0.00s Real=0.15s
.....[4429.024s][info][gc,start       ] GC(548) Pause Young (Normal) (G1 Evacuation Pause)
[4429.024s][info][gc,task        ] GC(548) Using 8 workers of 8 for evacuation
[4429.171s][info][gc,phases      ] GC(548)   Pre Evacuate Collection Set: 0.26ms
[4429.171s][info][gc,phases      ] GC(548)   Merge Heap Roots: 0.54ms
[4429.171s][info][gc,phases      ] GC(548)   Evacuate Collection Set: 145.01ms
[4429.171s][info][gc,phases      ] GC(548)   Post Evacuate Collection Set: 1.01ms
[4429.171s][info][gc,phases      ] GC(548)   Other: 0.06ms
[4429.171s][info][gc,heap        ] GC(548) Eden regions: 544->0(541)
[4429.171s][info][gc,heap        ] GC(548) Survivor regions: 44->42(74)
[4429.171s][info][gc,heap        ] GC(548) Old regions: 307->314
[4429.171s][info][gc,heap        ] GC(548) Humongous regions: 33->33
[4429.171s][info][gc,metaspace   ] GC(548) Metaspace: 29938K(30400K)->29938K(30400K) NonClass: 24529K(24768K)->24529K(24768K) Class: 5408K(5632K)->5408K(5632K)
[4429.171s][info][gc             ] GC(548) Pause Young (Normal) (G1 Evacuation Pause) 7404M->3094M(8192M) 147.023ms
[4429.171s][info][gc,cpu         ] GC(548) User=1.16s Sys=0.00s Real=0.15s
.....[4433.829s][info][gc,start       ] GC(549) Pause Young (Concurrent Start) (G1 Evacuation Pause)
[4433.829s][info][gc,task        ] GC(549) Using 8 workers of 8 for evacuation
[4433.977s][info][gc,phases      ] GC(549)   Pre Evacuate Collection Set: 0.29ms
[4433.977s][info][gc,phases      ] GC(549)   Merge Heap Roots: 0.52ms
[4433.977s][info][gc,phases      ] GC(549)   Evacuate Collection Set: 145.48ms
[4433.977s][info][gc,phases      ] GC(549)   Post Evacuate Collection Set: 0.95ms
[4433.977s][info][gc,phases      ] GC(549)   Other: 0.09ms
[4433.977s][info][gc,heap        ] GC(549) Eden regions: 541->0(535)
[4433.977s][info][gc,heap        ] GC(549) Survivor regions: 42->41(73)
[4433.977s][info][gc,heap        ] GC(549) Old regions: 314->322
[4433.977s][info][gc,heap        ] GC(549) Humongous regions: 33->33
[4433.977s][info][gc,metaspace   ] GC(549) Metaspace: 29938K(30400K)->29938K(30400K) NonClass: 24529K(24768K)->24529K(24768K) Class: 5408K(5632K)->5408K(5632K)
[4433.977s][info][gc             ] GC(549) Pause Young (Concurrent Start) (G1 Evacuation Pause) 7422M->3148M(8192M) 147.459ms
[4433.977s][info][gc             ] GC(550) Concurrent Mark Cycle
[4433.977s][info][gc,marking     ] GC(550) Concurrent Scan Root Regions
[4433.977s][info][gc,cpu         ] GC(549) User=1.17s Sys=0.00s Real=0.15s
[4434.281s][info][gc,marking     ] GC(550) Concurrent Scan Root Regions 304.796ms
[4434.281s][info][gc,marking     ] GC(550) Concurrent Mark
[4434.281s][info][gc,marking     ] GC(550) Concurrent Mark From Roots
[4434.281s][info][gc,task        ] GC(550) Using 2 workers of 2 for marking
.[4435.373s][info][gc,marking     ] GC(550) Concurrent Mark From Roots 1091.159ms
[4435.373s][info][gc,marking     ] GC(550) Concurrent Preclean
[4435.373s][info][gc,marking     ] GC(550) Concurrent Preclean 0.113ms
[4435.373s][info][gc,start       ] GC(550) Pause Remark
[4435.375s][info][gc             ] GC(550) Pause Remark 4578M->3938M(8192M) 1.575ms
[4435.375s][info][gc,cpu         ] GC(550) User=0.00s Sys=0.00s Real=0.01s
[4435.375s][info][gc,marking     ] GC(550) Concurrent Mark 1093.206ms
[4435.375s][info][gc,marking     ] GC(550) Concurrent Rebuild Remembered Sets and Scrub Regions
.[4435.793s][info][gc,marking     ] GC(550) Concurrent Rebuild Remembered Sets and Scrub Regions 417.988ms
[4435.793s][info][gc,start       ] GC(550) Pause Cleanup
[4435.793s][info][gc             ] GC(550) Pause Cleanup 4284M->4284M(8192M) 0.299ms
[4435.793s][info][gc,cpu         ] GC(550) User=0.00s Sys=0.00s Real=0.00s
[4435.793s][info][gc,marking     ] GC(550) Concurrent Clear Claimed Marks
[4435.793s][info][gc,marking     ] GC(550) Concurrent Clear Claimed Marks 0.052ms
[4435.793s][info][gc,marking     ] GC(550) Concurrent Cleanup for Next Mark
[4435.804s][info][gc,marking     ] GC(550) Concurrent Cleanup for Next Mark 10.487ms
[4435.804s][info][gc             ] GC(550) Concurrent Mark Cycle 1827.246ms
.. (rIR:aIR:PR = 7531:7560:7560) (tPR = 111970) [OK] 
  4437s: Performance info:
         Transaction,    Success,    Partial,     Failed,   Receipts, AvgBarcode, 
             Overall,     457754,          0,          0,     434920,      59.47, 
         Response times:
             Request,    Success,    Partial,     Failed,   SkipFail,     Probes,    Samples,      min,      p50,      p90,      p95,      p99,      max, 
       TotalPurchase,     434920,          0,          0,          0,     363994,     408005,      300,     5300,    11000,    31000,    87000,   720000,
     InStorePurchase,     229714,          0,          0,          0,     191216,     214037,      300,     5300,    11000,    29000,    87000,   720000,
      OnlinePurchase,     159579,          0,          0,          0,     134250,     150182,      400,     5400,    11200,    34000,    87000,   720000,
        InstPurchase,      45627,          0,          0,          0,      38528,      43786,      500,     5200,    10900,    26000,    85000,   700000,
          AssocOfCat,        455,          0,          0,          0,        376,        519,    30000,    42000,    58000,    92000,   168000,   210000,
      AssocOfProduct,       4569,          0,          0,          0,       4233,       4923,      600,     5100,    10500,    32000,    88760,   720000,
      BusinessReport,       1140,          0,          0,          0,       1000,       1217,    30000,    49000,    71000,   106400,   200740,   223000,
          CustBuyBeh,       4555,          0,          0,          0,       4187,       4927,      200,     5000,    10520,    24000,    92000,   329000,
       ProductReturn,      12115,          0,          0,          0,      10402,      11940,      300,     5400,    10400,    36000,    90590,   399000,

  4437s: (54%)   IR =   7673 [4438.499s][info][gc,start       ] GC(551) Pause Young (Prepare Mixed) (G1 Evacuation Pause)
[4438.499s][info][gc,task        ] GC(551) Using 8 workers of 8 for evacuation
[4438.646s][info][gc,phases      ] GC(551)   Pre Evacuate Collection Set: 0.25ms
[4438.646s][info][gc,phases      ] GC(551)   Merge Heap Roots: 0.66ms
[4438.646s][info][gc,phases      ] GC(551)   Evacuate Collection Set: 144.68ms
[4438.646s][info][gc,phases      ] GC(551)   Post Evacuate Collection Set: 1.08ms
[4438.646s][info][gc,phases      ] GC(551)   Other: 0.07ms
[4438.646s][info][gc,heap        ] GC(551) Eden regions: 535->0(573)
[4438.646s][info][gc,heap        ] GC(551) Survivor regions: 41->41(72)
[4438.646s][info][gc,heap        ] GC(551) Old regions: 242->249
[4438.646s][info][gc,heap        ] GC(551) Humongous regions: 33->33
[4438.646s][info][gc,metaspace   ] GC(551) Metaspace: 29938K(30400K)->29938K(30400K) NonClass: 24529K(24768K)->24529K(24768K) Class: 5408K(5632K)->5408K(5632K)
[4438.646s][info][gc             ] GC(551) Pause Young (Prepare Mixed) (G1 Evacuation Pause) 6788M->2568M(8192M) 146.880ms
[4438.646s][info][gc,cpu         ] GC(551) User=1.17s Sys=0.00s Real=0.15s
.....[4443.488s][info][gc,start       ] GC(552) Pause Young (Mixed) (G1 Evacuation Pause)
[4443.488s][info][gc,task        ] GC(552) Using 8 workers of 8 for evacuation
[4443.644s][info][gc,phases      ] GC(552)   Pre Evacuate Collection Set: 0.30ms
[4443.644s][info][gc,phases      ] GC(552)   Merge Heap Roots: 0.86ms
[4443.644s][info][gc,phases      ] GC(552)   Evacuate Collection Set: 153.21ms
[4443.644s][info][gc,phases      ] GC(552)   Post Evacuate Collection Set: 1.24ms
[4443.644s][info][gc,phases      ] GC(552)   Other: 0.10ms
[4443.644s][info][gc,heap        ] GC(552) Eden regions: 573->0(572)
[4443.644s][info][gc,heap        ] GC(552) Survivor regions: 41->42(77)
[4443.644s][info][gc,heap        ] GC(552) Old regions: 249->155
[4443.644s][info][gc,heap        ] GC(552) Humongous regions: 33->33
[4443.644s][info][gc,metaspace   ] GC(552) Metaspace: 29938K(30400K)->29938K(30400K) NonClass: 24529K(24768K)->24529K(24768K) Class: 5408K(5632K)->5408K(5632K)
[4443.644s][info][gc             ] GC(552) Pause Young (Mixed) (G1 Evacuation Pause) 7152M->1822M(8192M) 155.840ms
[4443.644s][info][gc,cpu         ] GC(552) User=1.24s Sys=0.00s Real=0.15s
.....[4448.525s][info][gc,start       ] GC(553) Pause Young (Mixed) (G1 Evacuation Pause)
[4448.525s][info][gc,task        ] GC(553) Using 8 workers of 8 for evacuation
[4448.678s][info][gc,phases      ] GC(553)   Pre Evacuate Collection Set: 0.29ms
[4448.678s][info][gc,phases      ] GC(553)   Merge Heap Roots: 0.74ms
[4448.678s][info][gc,phases      ] GC(553)   Evacuate Collection Set: 150.58ms
[4448.678s][info][gc,phases      ] GC(553)   Post Evacuate Collection Set: 1.04ms
[4448.678s][info][gc,phases      ] GC(553)   Other: 0.07ms
[4448.678s][info][gc,heap        ] GC(553) Eden regions: 572->0(572)
[4448.678s][info][gc,heap        ] GC(553) Survivor regions: 42->42(77)
[4448.678s][info][gc,heap        ] GC(553) Old regions: 155->144
[4448.678s][info][gc,heap        ] GC(553) Humongous regions: 33->33
[4448.678s][info][gc,metaspace   ] GC(553) Metaspace: 29938K(30400K)->29938K(30400K) NonClass: 24529K(24768K)->24529K(24768K) Class: 5408K(5632K)->5408K(5632K)
[4448.678s][info][gc             ] GC(553) Pause Young (Mixed) (G1 Evacuation Pause) 6398M->1734M(8192M) 152.862ms
[4448.678s][info][gc,cpu         ] GC(553) User=1.21s Sys=0.00s Real=0.15s
.....[4453.476s][info][gc,start       ] GC(554) Pause Young (Normal) (G1 Evacuation Pause)
[4453.476s][info][gc,task        ] GC(554) Using 8 workers of 8 for evacuation
[4453.628s][info][gc,phases      ] GC(554)   Pre Evacuate Collection Set: 0.22ms
[4453.628s][info][gc,phases      ] GC(554)   Merge Heap Roots: 0.51ms
[4453.628s][info][gc,phases      ] GC(554)   Evacuate Collection Set: 150.63ms
[4453.628s][info][gc,phases      ] GC(554)   Post Evacuate Collection Set: 1.03ms
[4453.628s][info][gc,phases      ] GC(554)   Other: 0.06ms
[4453.628s][info][gc,heap        ] GC(554) Eden regions: 572->0(571)
[4453.628s][info][gc,heap        ] GC(554) Survivor regions: 42->43(77)
[4453.628s][info][gc,heap        ] GC(554) Old regions: 144->151
[4453.628s][info][gc,heap        ] GC(554) Humongous regions: 33->33
[4453.628s][info][gc,metaspace   ] GC(554) Metaspace: 29938K(30400K)->29938K(30400K) NonClass: 24529K(24768K)->24529K(24768K) Class: 5408K(5632K)->5408K(5632K)
[4453.629s][info][gc             ] GC(554) Pause Young (Normal) (G1 Evacuation Pause) 6310M->1798M(8192M) 152.585ms
[4453.629s][info][gc,cpu         ] GC(554) User=1.21s Sys=0.00s Real=0.15s
.....[4458.555s][info][gc,start       ] GC(555) Pause Young (Normal) (G1 Evacuation Pause)
[4458.555s][info][gc,task        ] GC(555) Using 8 workers of 8 for evacuation
[4458.706s][info][gc,phases      ] GC(555)   Pre Evacuate Collection Set: 0.26ms
[4458.706s][info][gc,phases      ] GC(555)   Merge Heap Roots: 0.52ms
[4458.706s][info][gc,phases      ] GC(555)   Evacuate Collection Set: 149.17ms
[4458.706s][info][gc,phases      ] GC(555)   Post Evacuate Collection Set: 1.01ms
[4458.706s][info][gc,phases      ] GC(555)   Other: 0.07ms
[4458.706s][info][gc,heap        ] GC(555) Eden regions: 571->0(571)
[4458.706s][info][gc,heap        ] GC(555) Survivor regions: 43->43(77)
[4458.706s][info][gc,heap        ] GC(555) Old regions: 151->158
[4458.706s][info][gc,heap        ] GC(555) Humongous regions: 33->33
[4458.706s][info][gc,metaspace   ] GC(555) Metaspace: 29938K(30400K)->29938K(30400K) NonClass: 24529K(24768K)->24529K(24768K) Class: 5408K(5632K)->5408K(5632K)
[4458.706s][info][gc             ] GC(555) Pause Young (Normal) (G1 Evacuation Pause) 6366M->1855M(8192M) 151.156ms
[4458.706s][info][gc,cpu         ] GC(555) User=1.20s Sys=0.00s Real=0.15s
...|..[4463.351s][info][gc,start       ] GC(556) Pause Young (Normal) (G1 Evacuation Pause)
[4463.351s][info][gc,task        ] GC(556) Using 8 workers of 8 for evacuation
[4463.506s][info][gc,phases      ] GC(556)   Pre Evacuate Collection Set: 0.24ms
[4463.506s][info][gc,phases      ] GC(556)   Merge Heap Roots: 0.51ms
[4463.506s][info][gc,phases      ] GC(556)   Evacuate Collection Set: 153.60ms
[4463.506s][info][gc,phases      ] GC(556)   Post Evacuate Collection Set: 1.07ms
[4463.506s][info][gc,phases      ] GC(556)   Other: 0.06ms
[4463.506s][info][gc,heap        ] GC(556) Eden regions: 571->0(570)
[4463.506s][info][gc,heap        ] GC(556) Survivor regions: 43->44(77)
[4463.506s][info][gc,heap        ] GC(556) Old regions: 158->165
[4463.506s][info][gc,heap        ] GC(556) Humongous regions: 33->33
[4463.506s][info][gc,metaspace   ] GC(556) Metaspace: 29938K(30400K)->29938K(30400K) NonClass: 24529K(24768K)->24529K(24768K) Class: 5408K(5632K)->5408K(5632K)
[4463.506s][info][gc             ] GC(556) Pause Young (Normal) (G1 Evacuation Pause) 6423M->1923M(8192M) 155.625ms
[4463.506s][info][gc,cpu         ] GC(556) User=1.23s Sys=0.00s Real=0.16s
.....[4468.405s][info][gc,start       ] GC(557) Pause Young (Normal) (G1 Evacuation Pause)
[4468.405s][info][gc,task        ] GC(557) Using 8 workers of 8 for evacuation
[4468.557s][info][gc,phases      ] GC(557)   Pre Evacuate Collection Set: 0.27ms
[4468.557s][info][gc,phases      ] GC(557)   Merge Heap Roots: 0.63ms
[4468.557s][info][gc,phases      ] GC(557)   Evacuate Collection Set: 150.26ms
[4468.557s][info][gc,phases      ] GC(557)   Post Evacuate Collection Set: 1.01ms
[4468.557s][info][gc,phases      ] GC(557)   Other: 0.08ms
[4468.557s][info][gc,heap        ] GC(557) Eden regions: 570->0(570)
[4468.557s][info][gc,heap        ] GC(557) Survivor regions: 44->44(77)
[4468.557s][info][gc,heap        ] GC(557) Old regions: 165->173
[4468.557s][info][gc,heap        ] GC(557) Humongous regions: 33->33
[4468.557s][info][gc,metaspace   ] GC(557) Metaspace: 29938K(30400K)->29938K(30400K) NonClass: 24529K(24768K)->24529K(24768K) Class: 5408K(5632K)->5408K(5632K)
[4468.557s][info][gc             ] GC(557) Pause Young (Normal) (G1 Evacuation Pause) 6483M->1983M(8192M) 152.382ms
[4468.557s][info][gc,cpu         ] GC(557) User=1.21s Sys=0.00s Real=0.15s
.....[4473.402s][info][gc,start       ] GC(558) Pause Young (Normal) (G1 Evacuation Pause)
[4473.402s][info][gc,task        ] GC(558) Using 8 workers of 8 for evacuation
[4473.548s][info][gc,phases      ] GC(558)   Pre Evacuate Collection Set: 0.23ms
[4473.548s][info][gc,phases      ] GC(558)   Merge Heap Roots: 0.54ms
[4473.548s][info][gc,phases      ] GC(558)   Evacuate Collection Set: 144.37ms
[4473.548s][info][gc,phases      ] GC(558)   Post Evacuate Collection Set: 1.02ms
[4473.548s][info][gc,phases      ] GC(558)   Other: 0.07ms
[4473.548s][info][gc,heap        ] GC(558) Eden regions: 570->0(572)
[4473.548s][info][gc,heap        ] GC(558) Survivor regions: 44->42(77)
[4473.548s][info][gc,heap        ] GC(558) Old regions: 173->180
[4473.548s][info][gc,heap        ] GC(558) Humongous regions: 33->33
[4473.548s][info][gc,metaspace   ] GC(558) Metaspace: 29938K(30400K)->29938K(30400K) NonClass: 24529K(24768K)->24529K(24768K) Class: 5408K(5632K)->5408K(5632K)
[4473.548s][info][gc             ] GC(558) Pause Young (Normal) (G1 Evacuation Pause) 6543M->2023M(8192M) 146.360ms
[4473.548s][info][gc,cpu         ] GC(558) User=1.16s Sys=0.00s Real=0.15s
.....[4478.346s][info][gc,start       ] GC(559) Pause Young (Normal) (G1 Evacuation Pause)
[4478.346s][info][gc,task        ] GC(559) Using 8 workers of 8 for evacuation
[4478.498s][info][gc,phases      ] GC(559)   Pre Evacuate Collection Set: 0.28ms
[4478.498s][info][gc,phases      ] GC(559)   Merge Heap Roots: 0.51ms
[4478.498s][info][gc,phases      ] GC(559)   Evacuate Collection Set: 149.20ms
[4478.498s][info][gc,phases      ] GC(559)   Post Evacuate Collection Set: 1.00ms
[4478.498s][info][gc,phases      ] GC(559)   Other: 0.08ms
[4478.498s][info][gc,heap        ] GC(559) Eden regions: 572->0(570)
[4478.498s][info][gc,heap        ] GC(559) Survivor regions: 42->44(77)
[4478.498s][info][gc,heap        ] GC(559) Old regions: 180->187
[4478.498s][info][gc,heap        ] GC(559) Humongous regions: 33->33
[4478.498s][info][gc,metaspace   ] GC(559) Metaspace: 29938K(30400K)->29938K(30400K) NonClass: 24529K(24768K)->24529K(24768K) Class: 5408K(5632K)->5408K(5632K)
[4478.498s][info][gc             ] GC(559) Pause Young (Normal) (G1 Evacuation Pause) 6599M->2091M(8192M) 151.223ms
[4478.498s][info][gc,cpu         ] GC(559) User=1.20s Sys=0.00s Real=0.15s
.....[4483.263s][info][gc,start       ] GC(560) Pause Young (Normal) (G1 Evacuation Pause)
[4483.263s][info][gc,task        ] GC(560) Using 8 workers of 8 for evacuation
[4483.412s][info][gc,phases      ] GC(560)   Pre Evacuate Collection Set: 0.25ms
[4483.412s][info][gc,phases      ] GC(560)   Merge Heap Roots: 0.51ms
[4483.412s][info][gc,phases      ] GC(560)   Evacuate Collection Set: 147.00ms
[4483.412s][info][gc,phases      ] GC(560)   Post Evacuate Collection Set: 1.03ms
[4483.412s][info][gc,phases      ] GC(560)   Other: 0.06ms
[4483.412s][info][gc,heap        ] GC(560) Eden regions: 570->0(571)
[4483.412s][info][gc,heap        ] GC(560) Survivor regions: 44->43(77)
[4483.412s][info][gc,heap        ] GC(560) Old regions: 187->194
[4483.412s][info][gc,heap        ] GC(560) Humongous regions: 33->33
[4483.412s][info][gc,metaspace   ] GC(560) Metaspace: 29938K(30400K)->29938K(30400K) NonClass: 24529K(24768K)->24529K(24768K) Class: 5408K(5632K)->5408K(5632K)
[4483.412s][info][gc             ] GC(560) Pause Young (Normal) (G1 Evacuation Pause) 6651M->2140M(8192M) 148.996ms
[4483.412s][info][gc,cpu         ] GC(560) User=1.18s Sys=0.00s Real=0.15s
.....[4488.215s][info][gc,start       ] GC(561) Pause Young (Normal) (G1 Evacuation Pause)
[4488.215s][info][gc,task        ] GC(561) Using 8 workers of 8 for evacuation
[4488.365s][info][gc,phases      ] GC(561)   Pre Evacuate Collection Set: 0.26ms
[4488.365s][info][gc,phases      ] GC(561)   Merge Heap Roots: 0.60ms
[4488.365s][info][gc,phases      ] GC(561)   Evacuate Collection Set: 147.38ms
[4488.365s][info][gc,phases      ] GC(561)   Post Evacuate Collection Set: 1.01ms
[4488.365s][info][gc,phases      ] GC(561)   Other: 0.07ms
[4488.365s][info][gc,heap        ] GC(561) Eden regions: 571->0(571)
[4488.365s][info][gc,heap        ] GC(561) Survivor regions: 43->43(77)
[4488.365s][info][gc,heap        ] GC(561) Old regions: 194->201
[4488.365s][info][gc,heap        ] GC(561) Humongous regions: 33->33
[4488.365s][info][gc,metaspace   ] GC(561) Metaspace: 29938K(30400K)->29938K(30400K) NonClass: 24529K(24768K)->24529K(24768K) Class: 5408K(5632K)->5408K(5632K)
[4488.365s][info][gc             ] GC(561) Pause Young (Normal) (G1 Evacuation Pause) 6708M->2196M(8192M) 149.455ms
[4488.365s][info][gc,cpu         ] GC(561) User=1.18s Sys=0.00s Real=0.15s
.....[4493.210s][info][gc,start       ] GC(562) Pause Young (Normal) (G1 Evacuation Pause)
[4493.210s][info][gc,task        ] GC(562) Using 8 workers of 8 for evacuation
[4493.363s][info][gc,phases      ] GC(562)   Pre Evacuate Collection Set: 0.25ms
[4493.363s][info][gc,phases      ] GC(562)   Merge Heap Roots: 0.50ms
[4493.363s][info][gc,phases      ] GC(562)   Evacuate Collection Set: 150.38ms
[4493.363s][info][gc,phases      ] GC(562)   Post Evacuate Collection Set: 1.00ms
[4493.363s][info][gc,phases      ] GC(562)   Other: 0.06ms
[4493.363s][info][gc,heap        ] GC(562) Eden regions: 571->0(570)
[4493.363s][info][gc,heap        ] GC(562) Survivor regions: 43->44(77)
[4493.363s][info][gc,heap        ] GC(562) Old regions: 201->208
[4493.363s][info][gc,heap        ] GC(562) Humongous regions: 33->33
[4493.363s][info][gc,metaspace   ] GC(562) Metaspace: 29938K(30400K)->29938K(30400K) NonClass: 24529K(24768K)->24529K(24768K) Class: 5408K(5632K)->5408K(5632K)
[4493.363s][info][gc             ] GC(562) Pause Young (Normal) (G1 Evacuation Pause) 6764M->2263M(8192M) 152.317ms
[4493.363s][info][gc,cpu         ] GC(562) User=1.21s Sys=0.00s Real=0.15s
.....[4498.127s][info][gc,start       ] GC(563) Pause Young (Normal) (G1 Evacuation Pause)
[4498.127s][info][gc,task        ] GC(563) Using 8 workers of 8 for evacuation
[4498.276s][info][gc,phases      ] GC(563)   Pre Evacuate Collection Set: 0.25ms
[4498.276s][info][gc,phases      ] GC(563)   Merge Heap Roots: 0.52ms
[4498.276s][info][gc,phases      ] GC(563)   Evacuate Collection Set: 147.04ms
[4498.276s][info][gc,phases      ] GC(563)   Post Evacuate Collection Set: 1.04ms
[4498.276s][info][gc,phases      ] GC(563)   Other: 0.08ms
[4498.276s][info][gc,heap        ] GC(563) Eden regions: 570->0(571)
[4498.276s][info][gc,heap        ] GC(563) Survivor regions: 44->43(77)
[4498.276s][info][gc,heap        ] GC(563) Old regions: 208->216
[4498.276s][info][gc,heap        ] GC(563) Humongous regions: 33->33
[4498.277s][info][gc,metaspace   ] GC(563) Metaspace: 29938K(30400K)->29938K(30400K) NonClass: 24529K(24768K)->24529K(24768K) Class: 5408K(5632K)->5408K(5632K)
[4498.277s][info][gc             ] GC(563) Pause Young (Normal) (G1 Evacuation Pause) 6823M->2312M(8192M) 149.089ms
[4498.277s][info][gc,cpu         ] GC(563) User=1.18s Sys=0.00s Real=0.15s
.....[4503.144s][info][gc,start       ] GC(564) Pause Young (Normal) (G1 Evacuation Pause)
[4503.144s][info][gc,task        ] GC(564) Using 8 workers of 8 for evacuation
[4503.297s][info][gc,phases      ] GC(564)   Pre Evacuate Collection Set: 0.24ms
[4503.297s][info][gc,phases      ] GC(564)   Merge Heap Roots: 0.49ms
[4503.297s][info][gc,phases      ] GC(564)   Evacuate Collection Set: 150.96ms
[4503.297s][info][gc,phases      ] GC(564)   Post Evacuate Collection Set: 0.99ms
[4503.297s][info][gc,phases      ] GC(564)   Other: 0.08ms
[4503.297s][info][gc,heap        ] GC(564) Eden regions: 571->0(570)
[4503.297s][info][gc,heap        ] GC(564) Survivor regions: 43->44(77)
[4503.297s][info][gc,heap        ] GC(564) Old regions: 216->223
[4503.297s][info][gc,heap        ] GC(564) Humongous regions: 33->33
[4503.297s][info][gc,metaspace   ] GC(564) Metaspace: 29938K(30400K)->29938K(30400K) NonClass: 24529K(24768K)->24529K(24768K) Class: 5408K(5632K)->5408K(5632K)
[4503.297s][info][gc             ] GC(564) Pause Young (Normal) (G1 Evacuation Pause) 6880M->2380M(8192M) 152.911ms
[4503.297s][info][gc,cpu         ] GC(564) User=1.21s Sys=0.00s Real=0.16s
.....[4508.140s][info][gc,start       ] GC(565) Pause Young (Normal) (G1 Evacuation Pause)
[4508.140s][info][gc,task        ] GC(565) Using 8 workers of 8 for evacuation
[4508.290s][info][gc,phases      ] GC(565)   Pre Evacuate Collection Set: 0.25ms
[4508.290s][info][gc,phases      ] GC(565)   Merge Heap Roots: 0.51ms
[4508.290s][info][gc,phases      ] GC(565)   Evacuate Collection Set: 148.24ms
[4508.290s][info][gc,phases      ] GC(565)   Post Evacuate Collection Set: 1.01ms
[4508.290s][info][gc,phases      ] GC(565)   Other: 0.06ms
[4508.290s][info][gc,heap        ] GC(565) Eden regions: 570->0(571)
[4508.290s][info][gc,heap        ] GC(565) Survivor regions: 44->43(77)
[4508.290s][info][gc,heap        ] GC(565) Old regions: 223->230
[4508.290s][info][gc,heap        ] GC(565) Humongous regions: 33->33
[4508.290s][info][gc,metaspace   ] GC(565) Metaspace: 29938K(30400K)->29938K(30400K) NonClass: 24529K(24768K)->24529K(24768K) Class: 5408K(5632K)->5408K(5632K)
[4508.290s][info][gc             ] GC(565) Pause Young (Normal) (G1 Evacuation Pause) 6940M->2430M(8192M) 150.208ms
[4508.290s][info][gc,cpu         ] GC(565) User=1.19s Sys=0.00s Real=0.15s
.....[4513.110s][info][gc,start       ] GC(566) Pause Young (Normal) (G1 Evacuation Pause)
[4513.110s][info][gc,task        ] GC(566) Using 8 workers of 8 for evacuation
[4513.259s][info][gc,phases      ] GC(566)   Pre Evacuate Collection Set: 0.25ms
[4513.259s][info][gc,phases      ] GC(566)   Merge Heap Roots: 0.54ms
[4513.259s][info][gc,phases      ] GC(566)   Evacuate Collection Set: 146.97ms
[4513.259s][info][gc,phases      ] GC(566)   Post Evacuate Collection Set: 1.00ms
[4513.259s][info][gc,phases      ] GC(566)   Other: 0.06ms
[4513.259s][info][gc,heap        ] GC(566) Eden regions: 571->0(571)
[4513.259s][info][gc,heap        ] GC(566) Survivor regions: 43->43(77)
[4513.259s][info][gc,heap        ] GC(566) Old regions: 230->237
[4513.259s][info][gc,heap        ] GC(566) Humongous regions: 33->33
[4513.259s][info][gc,metaspace   ] GC(566) Metaspace: 29938K(30400K)->29938K(30400K) NonClass: 24529K(24768K)->24529K(24768K) Class: 5408K(5632K)->5408K(5632K)
[4513.259s][info][gc             ] GC(566) Pause Young (Normal) (G1 Evacuation Pause) 6998M->2483M(8192M) 148.953ms
[4513.259s][info][gc,cpu         ] GC(566) User=1.18s Sys=0.00s Real=0.15s
.....[4518.125s][info][gc,start       ] GC(567) Pause Young (Normal) (G1 Evacuation Pause)
[4518.125s][info][gc,task        ] GC(567) Using 8 workers of 8 for evacuation
[4518.276s][info][gc,phases      ] GC(567)   Pre Evacuate Collection Set: 0.27ms
[4518.276s][info][gc,phases      ] GC(567)   Merge Heap Roots: 0.53ms
[4518.276s][info][gc,phases      ] GC(567)   Evacuate Collection Set: 148.69ms
[4518.276s][info][gc,phases      ] GC(567)   Post Evacuate Collection Set: 1.01ms
[4518.276s][info][gc,phases      ] GC(567)   Other: 0.06ms
[4518.276s][info][gc,heap        ] GC(567) Eden regions: 571->0(570)
[4518.276s][info][gc,heap        ] GC(567) Survivor regions: 43->44(77)
[4518.276s][info][gc,heap        ] GC(567) Old regions: 237->244
[4518.276s][info][gc,heap        ] GC(567) Humongous regions: 33->33
[4518.276s][info][gc,metaspace   ] GC(567) Metaspace: 29938K(30400K)->29938K(30400K) NonClass: 24529K(24768K)->24529K(24768K) Class: 5408K(5632K)->5408K(5632K)
[4518.276s][info][gc             ] GC(567) Pause Young (Normal) (G1 Evacuation Pause) 7051M->2548M(8192M) 150.693ms
[4518.276s][info][gc,cpu         ] GC(567) User=1.20s Sys=0.00s Real=0.15s
... (rIR:aIR:PR = 7673:7699:7699) (tPR = 115293) [OK] 
  4520s: Performance info:
         Transaction,    Success,    Partial,     Failed,   Receipts, AvgBarcode, 
             Overall,     462191,          0,          0,     439137,      59.48, 
         Response times:
             Request,    Success,    Partial,     Failed,   SkipFail,     Probes,    Samples,      min,      p50,      p90,      p95,      p99,      max, 
       TotalPurchase,     439137,          0,          0,          0,     358438,     501780,      300,     5400,    10600,    16200,    67000,   391000,
     InStorePurchase,     230872,          0,          0,          0,     188828,     263681,      300,     5300,    10600,    16200,    66000,   391000,
      OnlinePurchase,     162423,          0,          0,          0,     131778,     184959,      300,     5400,    10600,    15800,    67000,   391000,
        InstPurchase,      45842,          0,          0,          0,      37832,      53140,      500,     5700,    10900,    19800,    78000,   380000,
          AssocOfCat,        464,          0,          0,          0,        375,        621,    28000,    43000,    59000,    67000,   107000,   197000,
      AssocOfProduct,       4612,          0,          0,          0,       4319,       6301,      800,     5600,    10500,    18900,    67000,   391000,
      BusinessReport,       1154,          0,          0,          0,       1025,       1538,    30000,    49000,    72000,   101050,   196000,   239000,
          CustBuyBeh,       4618,          0,          0,          0,       4323,       6419,      300,     4800,    10600,    17300,    62000,   379000,
       ProductReturn,      12206,          0,          0,          0,       9405,      13423,      200,     5500,    10700,    17700,    81000,   356000,

  4520s: (55%)   IR =   7815 ..[4523.119s][info][gc,start       ] GC(568) Pause Young (Normal) (G1 Evacuation Pause)
[4523.119s][info][gc,task        ] GC(568) Using 8 workers of 8 for evacuation
[4523.269s][info][gc,phases      ] GC(568)   Pre Evacuate Collection Set: 0.25ms
[4523.269s][info][gc,phases      ] GC(568)   Merge Heap Roots: 0.55ms
[4523.269s][info][gc,phases      ] GC(568)   Evacuate Collection Set: 148.50ms
[4523.269s][info][gc,phases      ] GC(568)   Post Evacuate Collection Set: 1.05ms
[4523.269s][info][gc,phases      ] GC(568)   Other: 0.06ms
[4523.269s][info][gc,heap        ] GC(568) Eden regions: 570->0(571)
[4523.269s][info][gc,heap        ] GC(568) Survivor regions: 44->43(77)
[4523.269s][info][gc,heap        ] GC(568) Old regions: 244->251
[4523.269s][info][gc,heap        ] GC(568) Humongous regions: 33->33
[4523.269s][info][gc,metaspace   ] GC(568) Metaspace: 29938K(30400K)->29938K(30400K) NonClass: 24529K(24768K)->24529K(24768K) Class: 5408K(5632K)->5408K(5632K)
[4523.269s][info][gc             ] GC(568) Pause Young (Normal) (G1 Evacuation Pause) 7108M->2598M(8192M) 150.549ms
[4523.269s][info][gc,cpu         ] GC(568) User=1.19s Sys=0.00s Real=0.15s
.....[4527.988s][info][gc,start       ] GC(569) Pause Young (Normal) (G1 Evacuation Pause)
[4527.988s][info][gc,task        ] GC(569) Using 8 workers of 8 for evacuation
[4528.141s][info][gc,phases      ] GC(569)   Pre Evacuate Collection Set: 0.25ms
[4528.142s][info][gc,phases      ] GC(569)   Merge Heap Roots: 0.50ms
[4528.142s][info][gc,phases      ] GC(569)   Evacuate Collection Set: 151.21ms
[4528.142s][info][gc,phases      ] GC(569)   Post Evacuate Collection Set: 1.01ms
[4528.142s][info][gc,phases      ] GC(569)   Other: 0.07ms
[4528.142s][info][gc,heap        ] GC(569) Eden regions: 571->0(570)
[4528.142s][info][gc,heap        ] GC(569) Survivor regions: 43->44(77)
[4528.142s][info][gc,heap        ] GC(569) Old regions: 251->258
[4528.142s][info][gc,heap        ] GC(569) Humongous regions: 33->33
[4528.142s][info][gc,metaspace   ] GC(569) Metaspace: 29938K(30400K)->29938K(30400K) NonClass: 24529K(24768K)->24529K(24768K) Class: 5408K(5632K)->5408K(5632K)
[4528.142s][info][gc             ] GC(569) Pause Young (Normal) (G1 Evacuation Pause) 7166M->2658M(8192M) 153.179ms
[4528.142s][info][gc,cpu         ] GC(569) User=1.20s Sys=0.01s Real=0.15s
....[4532.827s][info][gc,start       ] GC(570) Pause Young (Normal) (G1 Evacuation Pause)
[4532.827s][info][gc,task        ] GC(570) Using 8 workers of 8 for evacuation
[4532.984s][info][gc,phases      ] GC(570)   Pre Evacuate Collection Set: 0.25ms
[4532.984s][info][gc,phases      ] GC(570)   Merge Heap Roots: 0.53ms
[4532.984s][info][gc,phases      ] GC(570)   Evacuate Collection Set: 154.44ms
[4532.984s][info][gc,phases      ] GC(570)   Post Evacuate Collection Set: 1.00ms
[4532.984s][info][gc,phases      ] GC(570)   Other: 0.07ms
[4532.984s][info][gc,heap        ] GC(570) Eden regions: 570->0(570)
[4532.984s][info][gc,heap        ] GC(570) Survivor regions: 44->44(77)
[4532.984s][info][gc,heap        ] GC(570) Old regions: 258->265
[4532.984s][info][gc,heap        ] GC(570) Humongous regions: 33->33
[4532.984s][info][gc,metaspace   ] GC(570) Metaspace: 29938K(30400K)->29938K(30400K) NonClass: 24529K(24768K)->24529K(24768K) Class: 5408K(5632K)->5408K(5632K)
[4532.984s][info][gc             ] GC(570) Pause Young (Normal) (G1 Evacuation Pause) 7218M->2719M(8192M) 156.437ms
[4532.984s][info][gc,cpu         ] GC(570) User=1.24s Sys=0.00s Real=0.15s
...|..[4537.732s][info][gc,start       ] GC(571) Pause Young (Normal) (G1 Evacuation Pause)
[4537.732s][info][gc,task        ] GC(571) Using 8 workers of 8 for evacuation
[4537.885s][info][gc,phases      ] GC(571)   Pre Evacuate Collection Set: 0.29ms
[4537.885s][info][gc,phases      ] GC(571)   Merge Heap Roots: 0.52ms
[4537.885s][info][gc,phases      ] GC(571)   Evacuate Collection Set: 151.34ms
[4537.885s][info][gc,phases      ] GC(571)   Post Evacuate Collection Set: 1.01ms
[4537.885s][info][gc,phases      ] GC(571)   Other: 0.06ms
[4537.885s][info][gc,heap        ] GC(571) Eden regions: 570->0(570)
[4537.885s][info][gc,heap        ] GC(571) Survivor regions: 44->44(77)
[4537.885s][info][gc,heap        ] GC(571) Old regions: 265->272
[4537.885s][info][gc,heap        ] GC(571) Humongous regions: 33->33
[4537.885s][info][gc,metaspace   ] GC(571) Metaspace: 29938K(30400K)->29938K(30400K) NonClass: 24529K(24768K)->24529K(24768K) Class: 5408K(5632K)->5408K(5632K)
[4537.885s][info][gc             ] GC(571) Pause Young (Normal) (G1 Evacuation Pause) 7279M->2777M(8192M) 153.351ms
[4537.885s][info][gc,cpu         ] GC(571) User=1.22s Sys=0.00s Real=0.16s
.....[4542.625s][info][gc,start       ] GC(572) Pause Young (Normal) (G1 Evacuation Pause)
[4542.625s][info][gc,task        ] GC(572) Using 8 workers of 8 for evacuation
[4542.778s][info][gc,phases      ] GC(572)   Pre Evacuate Collection Set: 0.28ms
[4542.778s][info][gc,phases      ] GC(572)   Merge Heap Roots: 0.50ms
[4542.778s][info][gc,phases      ] GC(572)   Evacuate Collection Set: 150.91ms
[4542.778s][info][gc,phases      ] GC(572)   Post Evacuate Collection Set: 1.00ms
[4542.778s][info][gc,phases      ] GC(572)   Other: 0.06ms
[4542.778s][info][gc,heap        ] GC(572) Eden regions: 570->0(571)
[4542.778s][info][gc,heap        ] GC(572) Survivor regions: 44->43(77)
[4542.778s][info][gc,heap        ] GC(572) Old regions: 272->279
[4542.778s][info][gc,heap        ] GC(572) Humongous regions: 33->33
[4542.778s][info][gc,metaspace   ] GC(572) Metaspace: 29938K(30400K)->29938K(30400K) NonClass: 24529K(24768K)->24529K(24768K) Class: 5408K(5632K)->5408K(5632K)
[4542.778s][info][gc             ] GC(572) Pause Young (Normal) (G1 Evacuation Pause) 7337M->2824M(8192M) 152.907ms
[4542.778s][info][gc,cpu         ] GC(572) User=1.21s Sys=0.00s Real=0.15s
.....[4547.626s][info][gc,start       ] GC(573) Pause Young (Normal) (G1 Evacuation Pause)
[4547.626s][info][gc,task        ] GC(573) Using 8 workers of 8 for evacuation
[4547.777s][info][gc,phases      ] GC(573)   Pre Evacuate Collection Set: 0.28ms
[4547.777s][info][gc,phases      ] GC(573)   Merge Heap Roots: 0.56ms
[4547.777s][info][gc,phases      ] GC(573)   Evacuate Collection Set: 148.89ms
[4547.777s][info][gc,phases      ] GC(573)   Post Evacuate Collection Set: 1.01ms
[4547.777s][info][gc,phases      ] GC(573)   Other: 0.07ms
[4547.777s][info][gc,heap        ] GC(573) Eden regions: 571->0(567)
[4547.777s][info][gc,heap        ] GC(573) Survivor regions: 43->43(77)
[4547.777s][info][gc,heap        ] GC(573) Old regions: 279->286
[4547.777s][info][gc,heap        ] GC(573) Humongous regions: 33->33
[4547.777s][info][gc,metaspace   ] GC(573) Metaspace: 29938K(30400K)->29938K(30400K) NonClass: 24529K(24768K)->24529K(24768K) Class: 5408K(5632K)->5408K(5632K)
[4547.777s][info][gc             ] GC(573) Pause Young (Normal) (G1 Evacuation Pause) 7392M->2876M(8192M) 150.951ms
[4547.777s][info][gc,cpu         ] GC(573) User=1.20s Sys=0.00s Real=0.15s
.....[4552.475s][info][gc,start       ] GC(574) Pause Young (Normal) (G1 Evacuation Pause)
[4552.475s][info][gc,task        ] GC(574) Using 8 workers of 8 for evacuation
[4552.622s][info][gc,phases      ] GC(574)   Pre Evacuate Collection Set: 0.30ms
[4552.622s][info][gc,phases      ] GC(574)   Merge Heap Roots: 0.57ms
[4552.622s][info][gc,phases      ] GC(574)   Evacuate Collection Set: 144.47ms
[4552.622s][info][gc,phases      ] GC(574)   Post Evacuate Collection Set: 0.99ms
[4552.622s][info][gc,phases      ] GC(574)   Other: 0.07ms
[4552.622s][info][gc,heap        ] GC(574) Eden regions: 567->0(562)
[4552.622s][info][gc,heap        ] GC(574) Survivor regions: 43->42(77)
[4552.622s][info][gc,heap        ] GC(574) Old regions: 286->293
[4552.622s][info][gc,heap        ] GC(574) Humongous regions: 33->33
[4552.622s][info][gc,metaspace   ] GC(574) Metaspace: 29938K(30400K)->29938K(30400K) NonClass: 24529K(24768K)->24529K(24768K) Class: 5408K(5632K)->5408K(5632K)
[4552.622s][info][gc             ] GC(574) Pause Young (Normal) (G1 Evacuation Pause) 7412M->2929M(8192M) 146.537ms
[4552.622s][info][gc,cpu         ] GC(574) User=1.16s Sys=0.00s Real=0.14s
.....[4557.322s][info][gc,start       ] GC(575) Pause Young (Normal) (G1 Evacuation Pause)
[4557.322s][info][gc,task        ] GC(575) Using 8 workers of 8 for evacuation
[4557.472s][info][gc,phases      ] GC(575)   Pre Evacuate Collection Set: 0.25ms
[4557.472s][info][gc,phases      ] GC(575)   Merge Heap Roots: 0.53ms
[4557.472s][info][gc,phases      ] GC(575)   Evacuate Collection Set: 147.60ms
[4557.472s][info][gc,phases      ] GC(575)   Post Evacuate Collection Set: 0.99ms
[4557.472s][info][gc,phases      ] GC(575)   Other: 0.06ms
[4557.472s][info][gc,heap        ] GC(575) Eden regions: 562->0(553)
[4557.472s][info][gc,heap        ] GC(575) Survivor regions: 42->43(76)
[4557.472s][info][gc,heap        ] GC(575) Old regions: 293->300
[4557.472s][info][gc,heap        ] GC(575) Humongous regions: 33->33
[4557.472s][info][gc,metaspace   ] GC(575) Metaspace: 29938K(30400K)->29938K(30400K) NonClass: 24529K(24768K)->24529K(24768K) Class: 5408K(5632K)->5408K(5632K)
[4557.472s][info][gc             ] GC(575) Pause Young (Normal) (G1 Evacuation Pause) 7425M->2991M(8192M) 149.556ms
[4557.472s][info][gc,cpu         ] GC(575) User=1.18s Sys=0.00s Real=0.15s
....[4561.957s][info][gc,start       ] GC(576) Pause Young (Normal) (G1 Evacuation Pause)
[4561.957s][info][gc,task        ] GC(576) Using 8 workers of 8 for evacuation
[4562.108s][info][gc,phases      ] GC(576)   Pre Evacuate Collection Set: 0.25ms
[4562.108s][info][gc,phases      ] GC(576)   Merge Heap Roots: 0.51ms
[4562.108s][info][gc,phases      ] GC(576)   Evacuate Collection Set: 148.51ms
[4562.108s][info][gc,phases      ] GC(576)   Post Evacuate Collection Set: 0.99ms
[4562.108s][info][gc,phases      ] GC(576)   Other: 0.08ms
[4562.108s][info][gc,heap        ] GC(576) Eden regions: 553->0(545)
[4562.108s][info][gc,heap        ] GC(576) Survivor regions: 43->43(75)
[4562.108s][info][gc,heap        ] GC(576) Old regions: 300->308
[4562.108s][info][gc,heap        ] GC(576) Humongous regions: 33->33
[4562.108s][info][gc,metaspace   ] GC(576) Metaspace: 29938K(30400K)->29938K(30400K) NonClass: 24529K(24768K)->24529K(24768K) Class: 5408K(5632K)->5408K(5632K)
[4562.108s][info][gc             ] GC(576) Pause Young (Normal) (G1 Evacuation Pause) 7415M->3053M(8192M) 150.478ms
[4562.108s][info][gc,cpu         ] GC(576) User=1.19s Sys=0.00s Real=0.15s
.....[4566.707s][info][gc,start       ] GC(577) Pause Young (Concurrent Start) (G1 Evacuation Pause)
[4566.707s][info][gc,task        ] GC(577) Using 8 workers of 8 for evacuation
[4566.855s][info][gc,phases      ] GC(577)   Pre Evacuate Collection Set: 0.29ms
[4566.855s][info][gc,phases      ] GC(577)   Merge Heap Roots: 0.51ms
[4566.855s][info][gc,phases      ] GC(577)   Evacuate Collection Set: 145.93ms
[4566.855s][info][gc,phases      ] GC(577)   Post Evacuate Collection Set: 1.00ms
[4566.855s][info][gc,phases      ] GC(577)   Other: 0.09ms
[4566.855s][info][gc,heap        ] GC(577) Eden regions: 545->0(540)
[4566.855s][info][gc,heap        ] GC(577) Survivor regions: 43->42(74)
[4566.855s][info][gc,heap        ] GC(577) Old regions: 308->315
[4566.855s][info][gc,heap        ] GC(577) Humongous regions: 33->33
[4566.855s][info][gc,metaspace   ] GC(577) Metaspace: 29938K(30400K)->29938K(30400K) NonClass: 24529K(24768K)->24529K(24768K) Class: 5408K(5632K)->5408K(5632K)
[4566.855s][info][gc             ] GC(577) Pause Young (Concurrent Start) (G1 Evacuation Pause) 7413M->3107M(8192M) 147.944ms
[4566.855s][info][gc             ] GC(578) Concurrent Mark Cycle
[4566.855s][info][gc,marking     ] GC(578) Concurrent Scan Root Regions
[4566.855s][info][gc,cpu         ] GC(577) User=1.17s Sys=0.00s Real=0.15s
.[4567.118s][info][gc,marking     ] GC(578) Concurrent Scan Root Regions 263.040ms
[4567.118s][info][gc,marking     ] GC(578) Concurrent Mark
[4567.118s][info][gc,marking     ] GC(578) Concurrent Mark From Roots
[4567.118s][info][gc,task        ] GC(578) Using 2 workers of 2 for marking
.[4568.143s][info][gc,marking     ] GC(578) Concurrent Mark From Roots 1025.233ms
[4568.143s][info][gc,marking     ] GC(578) Concurrent Preclean
[4568.144s][info][gc,marking     ] GC(578) Concurrent Preclean 0.133ms
[4568.144s][info][gc,start       ] GC(578) Pause Remark
[4568.145s][info][gc             ] GC(578) Pause Remark 4464M->3832M(8192M) 1.383ms
[4568.145s][info][gc,cpu         ] GC(578) User=0.01s Sys=0.00s Real=0.01s
[4568.145s][info][gc,marking     ] GC(578) Concurrent Mark 1027.024ms
[4568.145s][info][gc,marking     ] GC(578) Concurrent Rebuild Remembered Sets and Scrub Regions
[4568.610s][info][gc,marking     ] GC(578) Concurrent Rebuild Remembered Sets and Scrub Regions 465.138ms
[4568.611s][info][gc,start       ] GC(578) Pause Cleanup
[4568.611s][info][gc             ] GC(578) Pause Cleanup 4270M->4270M(8192M) 0.261ms
[4568.611s][info][gc,cpu         ] GC(578) User=0.00s Sys=0.00s Real=0.00s
[4568.611s][info][gc,marking     ] GC(578) Concurrent Clear Claimed Marks
[4568.611s][info][gc,marking     ] GC(578) Concurrent Clear Claimed Marks 0.041ms
[4568.611s][info][gc,marking     ] GC(578) Concurrent Cleanup for Next Mark
[4568.617s][info][gc,marking     ] GC(578) Concurrent Cleanup for Next Mark 6.542ms
[4568.617s][info][gc             ] GC(578) Concurrent Mark Cycle 1762.370ms
...[4571.359s][info][gc,start       ] GC(579) Pause Young (Prepare Mixed) (G1 Evacuation Pause)
[4571.360s][info][gc,task        ] GC(579) Using 8 workers of 8 for evacuation
[4571.509s][info][gc,phases      ] GC(579)   Pre Evacuate Collection Set: 0.24ms
[4571.509s][info][gc,phases      ] GC(579)   Merge Heap Roots: 0.66ms
[4571.509s][info][gc,phases      ] GC(579)   Evacuate Collection Set: 147.23ms
[4571.509s][info][gc,phases      ] GC(579)   Post Evacuate Collection Set: 1.09ms
[4571.509s][info][gc,phases      ] GC(579)   Other: 0.07ms
[4571.509s][info][gc,heap        ] GC(579) Eden regions: 540->0(571)
[4571.509s][info][gc,heap        ] GC(579) Survivor regions: 42->43(73)
[4571.509s][info][gc,heap        ] GC(579) Old regions: 236->244
[4571.509s][info][gc,heap        ] GC(579) Humongous regions: 33->33
[4571.509s][info][gc,metaspace   ] GC(579) Metaspace: 29938K(30400K)->29938K(30400K) NonClass: 24529K(24768K)->24529K(24768K) Class: 5408K(5632K)->5408K(5632K)
[4571.509s][info][gc             ] GC(579) Pause Young (Prepare Mixed) (G1 Evacuation Pause) 6795M->2539M(8192M) 149.439ms
[4571.509s][info][gc,cpu         ] GC(579) User=1.19s Sys=0.00s Real=0.15s
.....[4576.249s][info][gc,start       ] GC(580) Pause Young (Mixed) (G1 Evacuation Pause)
[4576.249s][info][gc,task        ] GC(580) Using 8 workers of 8 for evacuation
[4576.414s][info][gc,phases      ] GC(580)   Pre Evacuate Collection Set: 0.27ms
[4576.414s][info][gc,phases      ] GC(580)   Merge Heap Roots: 0.95ms
[4576.414s][info][gc,phases      ] GC(580)   Evacuate Collection Set: 162.31ms
[4576.414s][info][gc,phases      ] GC(580)   Post Evacuate Collection Set: 1.25ms
[4576.414s][info][gc,phases      ] GC(580)   Other: 0.07ms
[4576.414s][info][gc,heap        ] GC(580) Eden regions: 571->0(569)
[4576.414s][info][gc,heap        ] GC(580) Survivor regions: 43->45(77)
[4576.414s][info][gc,heap        ] GC(580) Old regions: 244->150
[4576.414s][info][gc,heap        ] GC(580) Humongous regions: 33->33
[4576.414s][info][gc,metaspace   ] GC(580) Metaspace: 29938K(30400K)->29938K(30400K) NonClass: 24529K(24768K)->24529K(24768K) Class: 5408K(5632K)->5408K(5632K)
[4576.414s][info][gc             ] GC(580) Pause Young (Mixed) (G1 Evacuation Pause) 7107M->1804M(8192M) 164.982ms
[4576.414s][info][gc,cpu         ] GC(580) User=1.31s Sys=0.00s Real=0.16s
....[4581.114s][info][gc,start       ] GC(581) Pause Young (Mixed) (G1 Evacuation Pause)
[4581.114s][info][gc,task        ] GC(581) Using 8 workers of 8 for evacuation
[4581.271s][info][gc,phases      ] GC(581)   Pre Evacuate Collection Set: 0.25ms
[4581.271s][info][gc,phases      ] GC(581)   Merge Heap Roots: 0.67ms
[4581.271s][info][gc,phases      ] GC(581)   Evacuate Collection Set: 154.75ms
[4581.271s][info][gc,phases      ] GC(581)   Post Evacuate Collection Set: 1.05ms
[4581.271s][info][gc,phases      ] GC(581)   Other: 0.07ms
[4581.271s][info][gc,heap        ] GC(581) Eden regions: 569->0(571)
[4581.271s][info][gc,heap        ] GC(581) Survivor regions: 45->43(77)
[4581.271s][info][gc,heap        ] GC(581) Old regions: 150->143
[4581.271s][info][gc,heap        ] GC(581) Humongous regions: 33->33
[4581.271s][info][gc,metaspace   ] GC(581) Metaspace: 29938K(30400K)->29938K(30400K) NonClass: 24529K(24768K)->24529K(24768K) Class: 5408K(5632K)->5408K(5632K)
[4581.271s][info][gc             ] GC(581) Pause Young (Mixed) (G1 Evacuation Pause) 6356M->1737M(8192M) 156.911ms
[4581.271s][info][gc,cpu         ] GC(581) User=1.24s Sys=0.00s Real=0.16s
.....[4586.009s][info][gc,start       ] GC(582) Pause Young (Normal) (G1 Evacuation Pause)
[4586.009s][info][gc,task        ] GC(582) Using 8 workers of 8 for evacuation
[4586.158s][info][gc,phases      ] GC(582)   Pre Evacuate Collection Set: 0.26ms
[4586.158s][info][gc,phases      ] GC(582)   Merge Heap Roots: 0.56ms
[4586.158s][info][gc,phases      ] GC(582)   Evacuate Collection Set: 147.68ms
[4586.158s][info][gc,phases      ] GC(582)   Post Evacuate Collection Set: 1.05ms
[4586.158s][info][gc,phases      ] GC(582)   Other: 0.07ms
[4586.158s][info][gc,heap        ] GC(582) Eden regions: 571->0(571)
[4586.158s][info][gc,heap        ] GC(582) Survivor regions: 43->43(77)
[4586.158s][info][gc,heap        ] GC(582) Old regions: 143->150
[4586.158s][info][gc,heap        ] GC(582) Humongous regions: 33->33
[4586.158s][info][gc,metaspace   ] GC(582) Metaspace: 29938K(30400K)->29938K(30400K) NonClass: 24529K(24768K)->24529K(24768K) Class: 5408K(5632K)->5408K(5632K)
[4586.159s][info][gc             ] GC(582) Pause Young (Normal) (G1 Evacuation Pause) 6305M->1791M(8192M) 149.769ms
[4586.159s][info][gc,cpu         ] GC(582) User=1.18s Sys=0.00s Real=0.15s
.....[4590.961s][info][gc,start       ] GC(583) Pause Young (Normal) (G1 Evacuation Pause)
[4590.961s][info][gc,task        ] GC(583) Using 8 workers of 8 for evacuation
[4591.113s][info][gc,phases      ] GC(583)   Pre Evacuate Collection Set: 0.28ms
[4591.113s][info][gc,phases      ] GC(583)   Merge Heap Roots: 0.51ms
[4591.113s][info][gc,phases      ] GC(583)   Evacuate Collection Set: 149.68ms
[4591.113s][info][gc,phases      ] GC(583)   Post Evacuate Collection Set: 1.00ms
[4591.113s][info][gc,phases      ] GC(583)   Other: 0.07ms
[4591.113s][info][gc,heap        ] GC(583) Eden regions: 571->0(571)
[4591.113s][info][gc,heap        ] GC(583) Survivor regions: 43->43(77)
[4591.113s][info][gc,heap        ] GC(583) Old regions: 150->157
[4591.113s][info][gc,heap        ] GC(583) Humongous regions: 33->33
[4591.113s][info][gc,metaspace   ] GC(583) Metaspace: 29938K(30400K)->29938K(30400K) NonClass: 24529K(24768K)->24529K(24768K) Class: 5408K(5632K)->5408K(5632K)
[4591.113s][info][gc             ] GC(583) Pause Young (Normal) (G1 Evacuation Pause) 6359M->1846M(8192M) 151.668ms
[4591.113s][info][gc,cpu         ] GC(583) User=1.20s Sys=0.00s Real=0.15s
..... (rIR:aIR:PR = 7815:7821:7821) (tPR = 115700) [OK] 
  4595s: Performance info:
         Transaction,    Success,    Partial,     Failed,   Receipts, AvgBarcode, 
             Overall,     471532,          0,          0,     448031,      59.47, 
         Response times:
             Request,    Success,    Partial,     Failed,   SkipFail,     Probes,    Samples,      min,      p50,      p90,      p95,      p99,      max, 
       TotalPurchase,     448031,          0,          0,          0,     359735,     448474,      400,     5600,    13000,    41000,   102000,   980000,
     InStorePurchase,     235808,          0,          0,          0,     189230,     235585,      400,     5700,    13000,    42000,   102000,   960000,
      OnlinePurchase,     165026,          0,          0,          0,     132984,     165767,      400,     5700,    13100,    41000,   101320,   980000,
        InstPurchase,      47197,          0,          0,          0,      37521,      47122,      400,     5400,    12700,    39000,   104000,   980000,
          AssocOfCat,        473,          0,          0,          0,        384,        566,    24000,    45000,    71300,   117000,   199000,   228000,
      AssocOfProduct,       4722,          0,          0,          0,       4345,       5663,      600,     5900,    12900,    48000,   106720,   345000,
      BusinessReport,       1171,          0,          0,          0,       1004,       1428,    29000,    51000,    77000,   111550,   209420,   245000,
          CustBuyBeh,       4707,          0,          0,          0,       4432,       5756,      200,     5700,    13200,    38000,   106430,   303000,
       ProductReturn,      12428,          0,          0,          0,       9523,      12142,      200,     5500,    13100,    37000,    90000,   406000,

  4595s: (56%)   IR =   7958 [4595.790s][info][gc,start       ] GC(584) Pause Young (Normal) (G1 Evacuation Pause)
[4595.791s][info][gc,task        ] GC(584) Using 8 workers of 8 for evacuation
[4595.942s][info][gc,phases      ] GC(584)   Pre Evacuate Collection Set: 0.28ms
[4595.942s][info][gc,phases      ] GC(584)   Merge Heap Roots: 0.63ms
[4595.942s][info][gc,phases      ] GC(584)   Evacuate Collection Set: 149.34ms
[4595.942s][info][gc,phases      ] GC(584)   Post Evacuate Collection Set: 0.97ms
[4595.942s][info][gc,phases      ] GC(584)   Other: 0.06ms
[4595.942s][info][gc,heap        ] GC(584) Eden regions: 571->0(571)
[4595.942s][info][gc,heap        ] GC(584) Survivor regions: 43->43(77)
[4595.942s][info][gc,heap        ] GC(584) Old regions: 157->164
[4595.942s][info][gc,heap        ] GC(584) Humongous regions: 33->33
[4595.942s][info][gc,metaspace   ] GC(584) Metaspace: 29938K(30400K)->29938K(30400K) NonClass: 24529K(24768K)->24529K(24768K) Class: 5408K(5632K)->5408K(5632K)
[4595.942s][info][gc             ] GC(584) Pause Young (Normal) (G1 Evacuation Pause) 6414M->1906M(8192M) 151.438ms
[4595.942s][info][gc,cpu         ] GC(584) User=1.20s Sys=0.00s Real=0.15s
.....[4600.607s][info][gc,start       ] GC(585) Pause Young (Normal) (G1 Evacuation Pause)
[4600.607s][info][gc,task        ] GC(585) Using 8 workers of 8 for evacuation
[4600.757s][info][gc,phases      ] GC(585)   Pre Evacuate Collection Set: 0.27ms
[4600.757s][info][gc,phases      ] GC(585)   Merge Heap Roots: 0.58ms
[4600.757s][info][gc,phases      ] GC(585)   Evacuate Collection Set: 147.24ms
[4600.757s][info][gc,phases      ] GC(585)   Post Evacuate Collection Set: 1.03ms
[4600.757s][info][gc,phases      ] GC(585)   Other: 0.06ms
[4600.757s][info][gc,heap        ] GC(585) Eden regions: 571->0(571)
[4600.757s][info][gc,heap        ] GC(585) Survivor regions: 43->43(77)
[4600.757s][info][gc,heap        ] GC(585) Old regions: 164->171
[4600.757s][info][gc,heap        ] GC(585) Humongous regions: 33->33
[4600.757s][info][gc,metaspace   ] GC(585) Metaspace: 29938K(30400K)->29938K(30400K) NonClass: 24529K(24768K)->24529K(24768K) Class: 5408K(5632K)->5408K(5632K)
[4600.757s][info][gc             ] GC(585) Pause Young (Normal) (G1 Evacuation Pause) 6474M->1963M(8192M) 149.311ms
[4600.757s][info][gc,cpu         ] GC(585) User=1.18s Sys=0.01s Real=0.15s
..|..[4605.399s][info][gc,start       ] GC(586) Pause Young (Normal) (G1 Evacuation Pause)
[4605.399s][info][gc,task        ] GC(586) Using 8 workers of 8 for evacuation
[4605.549s][info][gc,phases      ] GC(586)   Pre Evacuate Collection Set: 0.25ms
[4605.549s][info][gc,phases      ] GC(586)   Merge Heap Roots: 0.53ms
[4605.549s][info][gc,phases      ] GC(586)   Evacuate Collection Set: 147.56ms
[4605.549s][info][gc,phases      ] GC(586)   Post Evacuate Collection Set: 1.01ms
[4605.549s][info][gc,phases      ] GC(586)   Other: 0.06ms
[4605.549s][info][gc,heap        ] GC(586) Eden regions: 571->0(570)
[4605.549s][info][gc,heap        ] GC(586) Survivor regions: 43->44(77)
[4605.549s][info][gc,heap        ] GC(586) Old regions: 171->179
[4605.549s][info][gc,heap        ] GC(586) Humongous regions: 33->33
[4605.549s][info][gc,metaspace   ] GC(586) Metaspace: 29938K(30400K)->29938K(30400K) NonClass: 24529K(24768K)->24529K(24768K) Class: 5408K(5632K)->5408K(5632K)
[4605.549s][info][gc             ] GC(586) Pause Young (Normal) (G1 Evacuation Pause) 6531M->2027M(8192M) 149.543ms
[4605.549s][info][gc,cpu         ] GC(586) User=1.18s Sys=0.00s Real=0.15s
.....[4610.211s][info][gc,start       ] GC(587) Pause Young (Normal) (G1 Evacuation Pause)
[4610.211s][info][gc,task        ] GC(587) Using 8 workers of 8 for evacuation
[4610.360s][info][gc,phases      ] GC(587)   Pre Evacuate Collection Set: 0.27ms
[4610.360s][info][gc,phases      ] GC(587)   Merge Heap Roots: 0.51ms
[4610.360s][info][gc,phases      ] GC(587)   Evacuate Collection Set: 147.78ms
[4610.360s][info][gc,phases      ] GC(587)   Post Evacuate Collection Set: 1.00ms
[4610.360s][info][gc,phases      ] GC(587)   Other: 0.07ms
[4610.360s][info][gc,heap        ] GC(587) Eden regions: 570->0(570)
[4610.360s][info][gc,heap        ] GC(587) Survivor regions: 44->44(77)
[4610.360s][info][gc,heap        ] GC(587) Old regions: 179->186
[4610.360s][info][gc,heap        ] GC(587) Humongous regions: 33->33
[4610.360s][info][gc,metaspace   ] GC(587) Metaspace: 29938K(30400K)->29938K(30400K) NonClass: 24529K(24768K)->24529K(24768K) Class: 5408K(5632K)->5408K(5632K)
[4610.360s][info][gc             ] GC(587) Pause Young (Normal) (G1 Evacuation Pause) 6587M->2083M(8192M) 149.749ms
[4610.360s][info][gc,cpu         ] GC(587) User=1.19s Sys=0.00s Real=0.15s
.....[4614.963s][info][gc,start       ] GC(588) Pause Young (Normal) (G1 Evacuation Pause)
[4614.963s][info][gc,task        ] GC(588) Using 8 workers of 8 for evacuation
[4615.117s][info][gc,phases      ] GC(588)   Pre Evacuate Collection Set: 0.24ms
[4615.117s][info][gc,phases      ] GC(588)   Merge Heap Roots: 0.51ms
[4615.117s][info][gc,phases      ] GC(588)   Evacuate Collection Set: 152.16ms
[4615.117s][info][gc,phases      ] GC(588)   Post Evacuate Collection Set: 1.02ms
[4615.117s][info][gc,phases      ] GC(588)   Other: 0.06ms
[4615.117s][info][gc,heap        ] GC(588) Eden regions: 570->0(571)
[4615.117s][info][gc,heap        ] GC(588) Survivor regions: 44->43(77)
[4615.117s][info][gc,heap        ] GC(588) Old regions: 186->193
[4615.117s][info][gc,heap        ] GC(588) Humongous regions: 33->33
[4615.117s][info][gc,metaspace   ] GC(588) Metaspace: 29938K(30400K)->29938K(30400K) NonClass: 24529K(24768K)->24529K(24768K) Class: 5408K(5632K)->5408K(5632K)
[4615.117s][info][gc             ] GC(588) Pause Young (Normal) (G1 Evacuation Pause) 6643M->2137M(8192M) 154.134ms
[4615.117s][info][gc,cpu         ] GC(588) User=1.22s Sys=0.00s Real=0.16s
.....[4619.788s][info][gc,start       ] GC(589) Pause Young (Normal) (G1 Evacuation Pause)
[4619.788s][info][gc,task        ] GC(589) Using 8 workers of 8 for evacuation
[4619.942s][info][gc,phases      ] GC(589)   Pre Evacuate Collection Set: 0.24ms
[4619.942s][info][gc,phases      ] GC(589)   Merge Heap Roots: 0.50ms
[4619.942s][info][gc,phases      ] GC(589)   Evacuate Collection Set: 151.70ms
[4619.942s][info][gc,phases      ] GC(589)   Post Evacuate Collection Set: 1.03ms
[4619.942s][info][gc,phases      ] GC(589)   Other: 0.06ms
[4619.942s][info][gc,heap        ] GC(589) Eden regions: 571->0(570)
[4619.942s][info][gc,heap        ] GC(589) Survivor regions: 43->44(77)
[4619.942s][info][gc,heap        ] GC(589) Old regions: 193->200
[4619.942s][info][gc,heap        ] GC(589) Humongous regions: 33->33
[4619.942s][info][gc,metaspace   ] GC(589) Metaspace: 29938K(30400K)->29938K(30400K) NonClass: 24529K(24768K)->24529K(24768K) Class: 5408K(5632K)->5408K(5632K)
[4619.942s][info][gc             ] GC(589) Pause Young (Normal) (G1 Evacuation Pause) 6705M->2196M(8192M) 153.663ms
[4619.942s][info][gc,cpu         ] GC(589) User=1.22s Sys=0.00s Real=0.15s
....[4624.523s][info][gc,start       ] GC(590) Pause Young (Normal) (G1 Evacuation Pause)
[4624.523s][info][gc,task        ] GC(590) Using 8 workers of 8 for evacuation
[4624.669s][info][gc,phases      ] GC(590)   Pre Evacuate Collection Set: 0.26ms
[4624.669s][info][gc,phases      ] GC(590)   Merge Heap Roots: 0.49ms
[4624.669s][info][gc,phases      ] GC(590)   Evacuate Collection Set: 144.14ms
[4624.669s][info][gc,phases      ] GC(590)   Post Evacuate Collection Set: 1.00ms
[4624.669s][info][gc,phases      ] GC(590)   Other: 0.08ms
[4624.669s][info][gc,heap        ] GC(590) Eden regions: 570->0(572)
[4624.669s][info][gc,heap        ] GC(590) Survivor regions: 44->42(77)
[4624.669s][info][gc,heap        ] GC(590) Old regions: 200->207
[4624.669s][info][gc,heap        ] GC(590) Humongous regions: 33->33
[4624.669s][info][gc,metaspace   ] GC(590) Metaspace: 29938K(30400K)->29938K(30400K) NonClass: 24529K(24768K)->24529K(24768K) Class: 5408K(5632K)->5408K(5632K)
[4624.669s][info][gc             ] GC(590) Pause Young (Normal) (G1 Evacuation Pause) 6756M->2237M(8192M) 146.099ms
[4624.669s][info][gc,cpu         ] GC(590) User=1.16s Sys=0.00s Real=0.15s
.....[4629.404s][info][gc,start       ] GC(591) Pause Young (Normal) (G1 Evacuation Pause)
[4629.404s][info][gc,task        ] GC(591) Using 8 workers of 8 for evacuation
[4629.552s][info][gc,phases      ] GC(591)   Pre Evacuate Collection Set: 0.29ms
[4629.552s][info][gc,phases      ] GC(591)   Merge Heap Roots: 0.57ms
[4629.552s][info][gc,phases      ] GC(591)   Evacuate Collection Set: 145.81ms
[4629.552s][info][gc,phases      ] GC(591)   Post Evacuate Collection Set: 1.01ms
[4629.552s][info][gc,phases      ] GC(591)   Other: 0.06ms
[4629.552s][info][gc,heap        ] GC(591) Eden regions: 572->0(572)
[4629.552s][info][gc,heap        ] GC(591) Survivor regions: 42->42(77)
[4629.552s][info][gc,heap        ] GC(591) Old regions: 207->214
[4629.552s][info][gc,heap        ] GC(591) Humongous regions: 33->33
[4629.552s][info][gc,metaspace   ] GC(591) Metaspace: 29938K(30400K)->29938K(30400K) NonClass: 24529K(24768K)->24529K(24768K) Class: 5408K(5632K)->5408K(5632K)
[4629.552s][info][gc             ] GC(591) Pause Young (Normal) (G1 Evacuation Pause) 6813M->2297M(8192M) 147.891ms
[4629.552s][info][gc,cpu         ] GC(591) User=1.17s Sys=0.00s Real=0.15s
.....[4634.182s][info][gc,start       ] GC(592) Pause Young (Normal) (G1 Evacuation Pause)
[4634.183s][info][gc,task        ] GC(592) Using 8 workers of 8 for evacuation
[4634.337s][info][gc,phases      ] GC(592)   Pre Evacuate Collection Set: 0.25ms
[4634.337s][info][gc,phases      ] GC(592)   Merge Heap Roots: 0.60ms
[4634.337s][info][gc,phases      ] GC(592)   Evacuate Collection Set: 152.33ms
[4634.337s][info][gc,phases      ] GC(592)   Post Evacuate Collection Set: 1.01ms
[4634.337s][info][gc,phases      ] GC(592)   Other: 0.07ms
[4634.337s][info][gc,heap        ] GC(592) Eden regions: 572->0(571)
[4634.337s][info][gc,heap        ] GC(592) Survivor regions: 42->43(77)
[4634.337s][info][gc,heap        ] GC(592) Old regions: 214->221
[4634.337s][info][gc,heap        ] GC(592) Humongous regions: 33->33
[4634.337s][info][gc,metaspace   ] GC(592) Metaspace: 29938K(30400K)->29938K(30400K) NonClass: 24529K(24768K)->24529K(24768K) Class: 5408K(5632K)->5408K(5632K)
[4634.337s][info][gc             ] GC(592) Pause Young (Normal) (G1 Evacuation Pause) 6873M->2363M(8192M) 154.383ms
[4634.337s][info][gc,cpu         ] GC(592) User=1.22s Sys=0.01s Real=0.16s
.....[4638.999s][info][gc,start       ] GC(593) Pause Young (Normal) (G1 Evacuation Pause)
[4638.999s][info][gc,task        ] GC(593) Using 8 workers of 8 for evacuation
[4639.152s][info][gc,phases      ] GC(593)   Pre Evacuate Collection Set: 0.24ms
[4639.152s][info][gc,phases      ] GC(593)   Merge Heap Roots: 0.50ms
[4639.152s][info][gc,phases      ] GC(593)   Evacuate Collection Set: 150.97ms
[4639.152s][info][gc,phases      ] GC(593)   Post Evacuate Collection Set: 1.04ms
[4639.152s][info][gc,phases      ] GC(593)   Other: 0.06ms
[4639.152s][info][gc,heap        ] GC(593) Eden regions: 571->0(570)
[4639.152s][info][gc,heap        ] GC(593) Survivor regions: 43->44(77)
[4639.152s][info][gc,heap        ] GC(593) Old regions: 221->229
[4639.152s][info][gc,heap        ] GC(593) Humongous regions: 33->33
[4639.152s][info][gc,metaspace   ] GC(593) Metaspace: 29938K(30400K)->29938K(30400K) NonClass: 24529K(24768K)->24529K(24768K) Class: 5408K(5632K)->5408K(5632K)
[4639.152s][info][gc             ] GC(593) Pause Young (Normal) (G1 Evacuation Pause) 6931M->2424M(8192M) 152.947ms
[4639.152s][info][gc,cpu         ] GC(593) User=1.21s Sys=0.00s Real=0.15s
.....[4643.862s][info][gc,start       ] GC(594) Pause Young (Normal) (G1 Evacuation Pause)
[4643.862s][info][gc,task        ] GC(594) Using 8 workers of 8 for evacuation
[4644.015s][info][gc,phases      ] GC(594)   Pre Evacuate Collection Set: 0.24ms
[4644.015s][info][gc,phases      ] GC(594)   Merge Heap Roots: 0.52ms
[4644.015s][info][gc,phases      ] GC(594)   Evacuate Collection Set: 151.54ms
[4644.015s][info][gc,phases      ] GC(594)   Post Evacuate Collection Set: 0.99ms
[4644.015s][info][gc,phases      ] GC(594)   Other: 0.06ms
[4644.015s][info][gc,heap        ] GC(594) Eden regions: 570->0(570)
[4644.015s][info][gc,heap        ] GC(594) Survivor regions: 44->44(77)
[4644.015s][info][gc,heap        ] GC(594) Old regions: 229->236
[4644.015s][info][gc,heap        ] GC(594) Humongous regions: 33->33
[4644.015s][info][gc,metaspace   ] GC(594) Metaspace: 29938K(30400K)->29938K(30400K) NonClass: 24529K(24768K)->24529K(24768K) Class: 5408K(5632K)->5408K(5632K)
[4644.015s][info][gc             ] GC(594) Pause Young (Normal) (G1 Evacuation Pause) 6984M->2487M(8192M) 153.472ms
[4644.015s][info][gc,cpu         ] GC(594) User=1.21s Sys=0.00s Real=0.16s
.....[4648.707s][info][gc,start       ] GC(595) Pause Young (Normal) (G1 Evacuation Pause)
[4648.707s][info][gc,task        ] GC(595) Using 8 workers of 8 for evacuation
[4648.856s][info][gc,phases      ] GC(595)   Pre Evacuate Collection Set: 0.29ms
[4648.856s][info][gc,phases      ] GC(595)   Merge Heap Roots: 0.65ms
[4648.856s][info][gc,phases      ] GC(595)   Evacuate Collection Set: 147.22ms
[4648.856s][info][gc,phases      ] GC(595)   Post Evacuate Collection Set: 0.98ms
[4648.856s][info][gc,phases      ] GC(595)   Other: 0.07ms
[4648.856s][info][gc,heap        ] GC(595) Eden regions: 570->0(571)
[4648.856s][info][gc,heap        ] GC(595) Survivor regions: 44->43(77)
[4648.856s][info][gc,heap        ] GC(595) Old regions: 236->243
[4648.856s][info][gc,heap        ] GC(595) Humongous regions: 33->33
[4648.856s][info][gc,metaspace   ] GC(595) Metaspace: 29938K(30400K)->29938K(30400K) NonClass: 24529K(24768K)->24529K(24768K) Class: 5408K(5632K)->5408K(5632K)
[4648.856s][info][gc             ] GC(595) Pause Young (Normal) (G1 Evacuation Pause) 7047M->2538M(8192M) 149.359ms
[4648.856s][info][gc,cpu         ] GC(595) User=1.18s Sys=0.00s Real=0.15s
....[4653.542s][info][gc,start       ] GC(596) Pause Young (Normal) (G1 Evacuation Pause)
[4653.542s][info][gc,task        ] GC(596) Using 8 workers of 8 for evacuation
[4653.688s][info][gc,phases      ] GC(596)   Pre Evacuate Collection Set: 0.26ms
[4653.688s][info][gc,phases      ] GC(596)   Merge Heap Roots: 0.55ms
[4653.688s][info][gc,phases      ] GC(596)   Evacuate Collection Set: 144.65ms
[4653.688s][info][gc,phases      ] GC(596)   Post Evacuate Collection Set: 1.01ms
[4653.688s][info][gc,phases      ] GC(596)   Other: 0.08ms
[4653.688s][info][gc,heap        ] GC(596) Eden regions: 571->0(572)
[4653.688s][info][gc,heap        ] GC(596) Survivor regions: 43->42(77)
[4653.688s][info][gc,heap        ] GC(596) Old regions: 243->250
[4653.688s][info][gc,heap        ] GC(596) Humongous regions: 33->33
[4653.688s][info][gc,metaspace   ] GC(596) Metaspace: 29938K(30400K)->29938K(30400K) NonClass: 24529K(24768K)->24529K(24768K) Class: 5408K(5632K)->5408K(5632K)
[4653.688s][info][gc             ] GC(596) Pause Young (Normal) (G1 Evacuation Pause) 7106M->2587M(8192M) 146.675ms
[4653.688s][info][gc,cpu         ] GC(596) User=1.16s Sys=0.00s Real=0.15s
.....[4658.353s][info][gc,start       ] GC(597) Pause Young (Normal) (G1 Evacuation Pause)
[4658.353s][info][gc,task        ] GC(597) Using 8 workers of 8 for evacuation
[4658.505s][info][gc,phases      ] GC(597)   Pre Evacuate Collection Set: 0.25ms
[4658.505s][info][gc,phases      ] GC(597)   Merge Heap Roots: 0.51ms
[4658.505s][info][gc,phases      ] GC(597)   Evacuate Collection Set: 150.07ms
[4658.505s][info][gc,phases      ] GC(597)   Post Evacuate Collection Set: 1.00ms
[4658.505s][info][gc,phases      ] GC(597)   Other: 0.06ms
[4658.505s][info][gc,heap        ] GC(597) Eden regions: 572->0(570)
[4658.505s][info][gc,heap        ] GC(597) Survivor regions: 42->44(77)
[4658.505s][info][gc,heap        ] GC(597) Old regions: 250->257
[4658.505s][info][gc,heap        ] GC(597) Humongous regions: 33->33
[4658.505s][info][gc,metaspace   ] GC(597) Metaspace: 29938K(30400K)->29938K(30400K) NonClass: 24529K(24768K)->24529K(24768K) Class: 5408K(5632K)->5408K(5632K)
[4658.505s][info][gc             ] GC(597) Pause Young (Normal) (G1 Evacuation Pause) 7163M->2659M(8192M) 152.023ms
[4658.505s][info][gc,cpu         ] GC(597) User=1.21s Sys=0.00s Real=0.16s
..... (rIR:aIR:PR = 7958:7969:7969) (tPR = 118967) [OK] 
  4662s: Performance info:
         Transaction,    Success,    Partial,     Failed,   Receipts, AvgBarcode, 
             Overall,     480516,          0,          0,     456445,      59.47, 
         Response times:
             Request,    Success,    Partial,     Failed,   SkipFail,     Probes,    Samples,      min,      p50,      p90,      p95,      p99,      max, 
       TotalPurchase,     456443,          0,          0,          0,     359959,     405959,      400,     5400,    11600,    22000,    83000,   434000,
     InStorePurchase,     239970,          0,          0,          0,     189660,     213424,      400,     5400,    11600,    25000,    83000,   434000,
      OnlinePurchase,     168700,          0,          0,          0,     131978,     148870,      400,     5500,    11700,    21000,    84000,   433000,
        InstPurchase,      47773,          0,          0,          0,      38321,      43665,      400,     5400,    11300,    21000,    82000,   346000,
          AssocOfCat,        478,          0,          0,          0,        404,        534,    30000,    46000,    67000,    83750,   149950,   220000,
      AssocOfProduct,       4796,          0,          0,          0,       4432,       5245,      800,     6300,    11900,    22000,    87000,   183000,
      BusinessReport,       1198,          0,          0,          0,       1056,       1330,    29000,    52000,    73000,   101000,   208690,   228000,
          CustBuyBeh,       4804,          0,          0,          0,       4513,       5343,      300,     5200,    11300,    19400,    87560,   216000,
       ProductReturn,      12770,          0,          0,          0,       9850,      11437,      200,     4800,    11300,    20000,    75620,   433000,

  4662s: (57%)   IR =   8100 [4663.125s][info][gc,start       ] GC(598) Pause Young (Normal) (G1 Evacuation Pause)
[4663.125s][info][gc,task        ] GC(598) Using 8 workers of 8 for evacuation
[4663.278s][info][gc,phases      ] GC(598)   Pre Evacuate Collection Set: 0.28ms
[4663.278s][info][gc,phases      ] GC(598)   Merge Heap Roots: 0.56ms
[4663.278s][info][gc,phases      ] GC(598)   Evacuate Collection Set: 151.69ms
[4663.278s][info][gc,phases      ] GC(598)   Post Evacuate Collection Set: 1.05ms
[4663.278s][info][gc,phases      ] GC(598)   Other: 0.07ms
[4663.278s][info][gc,heap        ] GC(598) Eden regions: 570->0(570)
[4663.279s][info][gc,heap        ] GC(598) Survivor regions: 44->44(77)
[4663.279s][info][gc,heap        ] GC(598) Old regions: 257->264
[4663.279s][info][gc,heap        ] GC(598) Humongous regions: 33->33
[4663.279s][info][gc,metaspace   ] GC(598) Metaspace: 29938K(30400K)->29938K(30400K) NonClass: 24529K(24768K)->24529K(24768K) Class: 5408K(5632K)->5408K(5632K)
[4663.279s][info][gc             ] GC(598) Pause Young (Normal) (G1 Evacuation Pause) 7219M->2715M(8192M) 153.778ms
[4663.279s][info][gc,cpu         ] GC(598) User=1.22s Sys=0.00s Real=0.15s
.....[4667.859s][info][gc,start       ] GC(599) Pause Young (Normal) (G1 Evacuation Pause)
[4667.859s][info][gc,task        ] GC(599) Using 8 workers of 8 for evacuation
[4668.013s][info][gc,phases      ] GC(599)   Pre Evacuate Collection Set: 0.27ms
[4668.013s][info][gc,phases      ] GC(599)   Merge Heap Roots: 0.49ms
[4668.013s][info][gc,phases      ] GC(599)   Evacuate Collection Set: 152.08ms
[4668.013s][info][gc,phases      ] GC(599)   Post Evacuate Collection Set: 0.99ms
[4668.013s][info][gc,phases      ] GC(599)   Other: 0.07ms
[4668.013s][info][gc,heap        ] GC(599) Eden regions: 570->0(569)
[4668.013s][info][gc,heap        ] GC(599) Survivor regions: 44->45(77)
[4668.013s][info][gc,heap        ] GC(599) Old regions: 264->271
[4668.013s][info][gc,heap        ] GC(599) Humongous regions: 33->33
[4668.013s][info][gc,metaspace   ] GC(599) Metaspace: 29938K(30400K)->29938K(30400K) NonClass: 24529K(24768K)->24529K(24768K) Class: 5408K(5632K)->5408K(5632K)
[4668.013s][info][gc             ] GC(599) Pause Young (Normal) (G1 Evacuation Pause) 7275M->2779M(8192M) 154.033ms
[4668.013s][info][gc,cpu         ] GC(599) User=1.22s Sys=0.00s Real=0.15s
..|..[4672.538s][info][gc,start       ] GC(600) Pause Young (Normal) (G1 Evacuation Pause)
[4672.538s][info][gc,task        ] GC(600) Using 8 workers of 8 for evacuation
[4672.685s][info][gc,phases      ] GC(600)   Pre Evacuate Collection Set: 0.25ms
[4672.685s][info][gc,phases      ] GC(600)   Merge Heap Roots: 0.50ms
[4672.685s][info][gc,phases      ] GC(600)   Evacuate Collection Set: 144.61ms
[4672.685s][info][gc,phases      ] GC(600)   Post Evacuate Collection Set: 1.00ms
[4672.685s][info][gc,phases      ] GC(600)   Other: 0.06ms
[4672.685s][info][gc,heap        ] GC(600) Eden regions: 569->0(573)
[4672.685s][info][gc,heap        ] GC(600) Survivor regions: 45->41(77)
[4672.685s][info][gc,heap        ] GC(600) Old regions: 271->279
[4672.685s][info][gc,heap        ] GC(600) Humongous regions: 33->33
[4672.685s][info][gc,metaspace   ] GC(600) Metaspace: 29938K(30400K)->29938K(30400K) NonClass: 24529K(24768K)->24529K(24768K) Class: 5408K(5632K)->5408K(5632K)
[4672.685s][info][gc             ] GC(600) Pause Young (Normal) (G1 Evacuation Pause) 7331M->2804M(8192M) 146.568ms
[4672.685s][info][gc,cpu         ] GC(600) User=1.16s Sys=0.00s Real=0.15s
.....[4677.347s][info][gc,start       ] GC(601) Pause Young (Normal) (G1 Evacuation Pause)
[4677.347s][info][gc,task        ] GC(601) Using 8 workers of 8 for evacuation
[4677.499s][info][gc,phases      ] GC(601)   Pre Evacuate Collection Set: 0.24ms
[4677.499s][info][gc,phases      ] GC(601)   Merge Heap Roots: 0.57ms
[4677.499s][info][gc,phases      ] GC(601)   Evacuate Collection Set: 149.95ms
[4677.499s][info][gc,phases      ] GC(601)   Post Evacuate Collection Set: 1.04ms
[4677.499s][info][gc,phases      ] GC(601)   Other: 0.07ms
[4677.499s][info][gc,heap        ] GC(601) Eden regions: 573->0(565)
[4677.499s][info][gc,heap        ] GC(601) Survivor regions: 41->44(77)
[4677.499s][info][gc,heap        ] GC(601) Old regions: 279->286
[4677.499s][info][gc,heap        ] GC(601) Humongous regions: 33->33
[4677.499s][info][gc,metaspace   ] GC(601) Metaspace: 29938K(30400K)->29938K(30400K) NonClass: 24529K(24768K)->24529K(24768K) Class: 5408K(5632K)->5408K(5632K)
[4677.499s][info][gc             ] GC(601) Pause Young (Normal) (G1 Evacuation Pause) 7388M->2883M(8192M) 151.986ms
[4677.499s][info][gc,cpu         ] GC(601) User=1.20s Sys=0.00s Real=0.15s
.....[4681.939s][info][gc,start       ] GC(602) Pause Young (Normal) (G1 Evacuation Pause)
[4681.939s][info][gc,task        ] GC(602) Using 8 workers of 8 for evacuation
[4682.087s][info][gc,phases      ] GC(602)   Pre Evacuate Collection Set: 0.26ms
[4682.087s][info][gc,phases      ] GC(602)   Merge Heap Roots: 0.50ms
[4682.087s][info][gc,phases      ] GC(602)   Evacuate Collection Set: 146.08ms
[4682.087s][info][gc,phases      ] GC(602)   Post Evacuate Collection Set: 1.00ms
[4682.087s][info][gc,phases      ] GC(602)   Other: 0.08ms
[4682.087s][info][gc,heap        ] GC(602) Eden regions: 565->0(562)
[4682.087s][info][gc,heap        ] GC(602) Survivor regions: 44->42(77)
[4682.087s][info][gc,heap        ] GC(602) Old regions: 286->293
[4682.087s][info][gc,heap        ] GC(602) Humongous regions: 33->33
[4682.087s][info][gc,metaspace   ] GC(602) Metaspace: 29938K(30400K)->29938K(30400K) NonClass: 24529K(24768K)->24529K(24768K) Class: 5408K(5632K)->5408K(5632K)
[4682.087s][info][gc             ] GC(602) Pause Young (Normal) (G1 Evacuation Pause) 7403M->2927M(8192M) 148.076ms
[4682.088s][info][gc,cpu         ] GC(602) User=1.18s Sys=0.00s Real=0.15s
....[4686.606s][info][gc,start       ] GC(603) Pause Young (Normal) (G1 Evacuation Pause)
[4686.606s][info][gc,task        ] GC(603) Using 8 workers of 8 for evacuation
[4686.756s][info][gc,phases      ] GC(603)   Pre Evacuate Collection Set: 0.27ms
[4686.756s][info][gc,phases      ] GC(603)   Merge Heap Roots: 0.55ms
[4686.756s][info][gc,phases      ] GC(603)   Evacuate Collection Set: 148.54ms
[4686.756s][info][gc,phases      ] GC(603)   Post Evacuate Collection Set: 0.99ms
[4686.756s][info][gc,phases      ] GC(603)   Other: 0.06ms
[4686.756s][info][gc,heap        ] GC(603) Eden regions: 562->0(553)
[4686.756s][info][gc,heap        ] GC(603) Survivor regions: 42->43(76)
[4686.756s][info][gc,heap        ] GC(603) Old regions: 293->300
[4686.756s][info][gc,heap        ] GC(603) Humongous regions: 33->33
[4686.756s][info][gc,metaspace   ] GC(603) Metaspace: 29938K(30400K)->29938K(30400K) NonClass: 24529K(24768K)->24529K(24768K) Class: 5408K(5632K)->5408K(5632K)
[4686.756s][info][gc             ] GC(603) Pause Young (Normal) (G1 Evacuation Pause) 7423M->2992M(8192M) 150.542ms
[4686.756s][info][gc,cpu         ] GC(603) User=1.19s Sys=0.00s Real=0.15s
.....[4691.180s][info][gc,start       ] GC(604) Pause Young (Normal) (G1 Evacuation Pause)
[4691.180s][info][gc,task        ] GC(604) Using 8 workers of 8 for evacuation
[4691.329s][info][gc,phases      ] GC(604)   Pre Evacuate Collection Set: 0.25ms
[4691.329s][info][gc,phases      ] GC(604)   Merge Heap Roots: 0.51ms
[4691.329s][info][gc,phases      ] GC(604)   Evacuate Collection Set: 146.94ms
[4691.329s][info][gc,phases      ] GC(604)   Post Evacuate Collection Set: 0.98ms
[4691.329s][info][gc,phases      ] GC(604)   Other: 0.06ms
[4691.329s][info][gc,heap        ] GC(604) Eden regions: 553->0(546)
[4691.329s][info][gc,heap        ] GC(604) Survivor regions: 43->43(75)
[4691.329s][info][gc,heap        ] GC(604) Old regions: 300->307
[4691.329s][info][gc,heap        ] GC(604) Humongous regions: 33->33
[4691.329s][info][gc,metaspace   ] GC(604) Metaspace: 29938K(30400K)->29938K(30400K) NonClass: 24529K(24768K)->24529K(24768K) Class: 5408K(5632K)->5408K(5632K)
[4691.329s][info][gc             ] GC(604) Pause Young (Normal) (G1 Evacuation Pause) 7416M->3044M(8192M) 148.889ms
[4691.329s][info][gc,cpu         ] GC(604) User=1.18s Sys=0.00s Real=0.15s
....[4695.732s][info][gc,start       ] GC(605) Pause Young (Concurrent Start) (G1 Evacuation Pause)
[4695.732s][info][gc,task        ] GC(605) Using 8 workers of 8 for evacuation
[4695.879s][info][gc,phases      ] GC(605)   Pre Evacuate Collection Set: 0.31ms
[4695.879s][info][gc,phases      ] GC(605)   Merge Heap Roots: 0.49ms
[4695.879s][info][gc,phases      ] GC(605)   Evacuate Collection Set: 145.36ms
[4695.879s][info][gc,phases      ] GC(605)   Post Evacuate Collection Set: 1.00ms
[4695.879s][info][gc,phases      ] GC(605)   Other: 0.10ms
[4695.879s][info][gc,heap        ] GC(605) Eden regions: 546->0(542)
[4695.879s][info][gc,heap        ] GC(605) Survivor regions: 43->41(74)
[4695.879s][info][gc,heap        ] GC(605) Old regions: 307->315
[4695.879s][info][gc,heap        ] GC(605) Humongous regions: 33->33
[4695.879s][info][gc,metaspace   ] GC(605) Metaspace: 29938K(30400K)->29938K(30400K) NonClass: 24529K(24768K)->24529K(24768K) Class: 5408K(5632K)->5408K(5632K)
[4695.879s][info][gc             ] GC(605) Pause Young (Concurrent Start) (G1 Evacuation Pause) 7412M->3092M(8192M) 147.394ms
[4695.879s][info][gc             ] GC(606) Concurrent Mark Cycle
[4695.879s][info][gc,marking     ] GC(606) Concurrent Scan Root Regions
[4695.879s][info][gc,cpu         ] GC(605) User=1.17s Sys=0.00s Real=0.15s
.[4696.159s][info][gc,marking     ] GC(606) Concurrent Scan Root Regions 279.610ms
[4696.159s][info][gc,marking     ] GC(606) Concurrent Mark
[4696.159s][info][gc,marking     ] GC(606) Concurrent Mark From Roots
[4696.159s][info][gc,task        ] GC(606) Using 2 workers of 2 for marking
.[4697.384s][info][gc,marking     ] GC(606) Concurrent Mark From Roots 1225.487ms
[4697.384s][info][gc,marking     ] GC(606) Concurrent Preclean
[4697.384s][info][gc,marking     ] GC(606) Concurrent Preclean 0.087ms
[4697.385s][info][gc,start       ] GC(606) Pause Remark
[4697.386s][info][gc             ] GC(606) Pause Remark 4756M->4188M(8192M) 1.485ms
[4697.386s][info][gc,cpu         ] GC(606) User=0.01s Sys=0.00s Real=0.00s
[4697.386s][info][gc,marking     ] GC(606) Concurrent Mark 1227.332ms
[4697.386s][info][gc,marking     ] GC(606) Concurrent Rebuild Remembered Sets and Scrub Regions
.[4697.918s][info][gc,marking     ] GC(606) Concurrent Rebuild Remembered Sets and Scrub Regions 531.430ms
[4697.918s][info][gc,start       ] GC(606) Pause Cleanup
[4697.918s][info][gc             ] GC(606) Pause Cleanup 4701M->4701M(8192M) 0.263ms
[4697.918s][info][gc,cpu         ] GC(606) User=0.00s Sys=0.00s Real=0.00s
[4697.918s][info][gc,marking     ] GC(606) Concurrent Clear Claimed Marks
[4697.918s][info][gc,marking     ] GC(606) Concurrent Clear Claimed Marks 0.045ms
[4697.918s][info][gc,marking     ] GC(606) Concurrent Cleanup for Next Mark
[4697.927s][info][gc,marking     ] GC(606) Concurrent Cleanup for Next Mark 9.390ms
[4697.928s][info][gc             ] GC(606) Concurrent Mark Cycle 2048.497ms
..[4700.238s][info][gc,start       ] GC(607) Pause Young (Prepare Mixed) (G1 Evacuation Pause)
[4700.238s][info][gc,task        ] GC(607) Using 8 workers of 8 for evacuation
[4700.388s][info][gc,phases      ] GC(607)   Pre Evacuate Collection Set: 0.27ms
[4700.388s][info][gc,phases      ] GC(607)   Merge Heap Roots: 0.66ms
[4700.388s][info][gc,phases      ] GC(607)   Evacuate Collection Set: 147.19ms
[4700.388s][info][gc,phases      ] GC(607)   Post Evacuate Collection Set: 1.14ms
[4700.388s][info][gc,phases      ] GC(607)   Other: 0.07ms
[4700.388s][info][gc,heap        ] GC(607) Eden regions: 542->0(573)
[4700.388s][info][gc,heap        ] GC(607) Survivor regions: 41->41(73)
[4700.388s][info][gc,heap        ] GC(607) Old regions: 244->251
[4700.388s][info][gc,heap        ] GC(607) Humongous regions: 33->33
[4700.388s][info][gc,metaspace   ] GC(607) Metaspace: 29938K(30400K)->29938K(30400K) NonClass: 24529K(24768K)->24529K(24768K) Class: 5408K(5632K)->5408K(5632K)
[4700.388s][info][gc             ] GC(607) Pause Young (Prepare Mixed) (G1 Evacuation Pause) 6860M->2584M(8192M) 149.485ms
[4700.388s][info][gc,cpu         ] GC(607) User=1.18s Sys=0.00s Real=0.15s
.....[4704.989s][info][gc,start       ] GC(608) Pause Young (Mixed) (G1 Evacuation Pause)
[4704.989s][info][gc,task        ] GC(608) Using 8 workers of 8 for evacuation
[4705.143s][info][gc,phases      ] GC(608)   Pre Evacuate Collection Set: 0.30ms
[4705.143s][info][gc,phases      ] GC(608)   Merge Heap Roots: 0.93ms
[4705.143s][info][gc,phases      ] GC(608)   Evacuate Collection Set: 151.49ms
[4705.143s][info][gc,phases      ] GC(608)   Post Evacuate Collection Set: 1.27ms
[4705.143s][info][gc,phases      ] GC(608)   Other: 0.08ms
[4705.143s][info][gc,heap        ] GC(608) Eden regions: 573->0(571)
[4705.143s][info][gc,heap        ] GC(608) Survivor regions: 41->43(77)
[4705.143s][info][gc,heap        ] GC(608) Old regions: 251->156
[4705.143s][info][gc,heap        ] GC(608) Humongous regions: 33->33
[4705.143s][info][gc,metaspace   ] GC(608) Metaspace: 29938K(30400K)->29938K(30400K) NonClass: 24529K(24768K)->24529K(24768K) Class: 5408K(5632K)->5408K(5632K)
[4705.143s][info][gc             ] GC(608) Pause Young (Mixed) (G1 Evacuation Pause) 7168M->1838M(8192M) 154.211ms
[4705.144s][info][gc,cpu         ] GC(608) User=1.22s Sys=0.00s Real=0.15s
....[4709.761s][info][gc,start       ] GC(609) Pause Young (Mixed) (G1 Evacuation Pause)
[4709.761s][info][gc,task        ] GC(609) Using 8 workers of 8 for evacuation
[4709.925s][info][gc,phases      ] GC(609)   Pre Evacuate Collection Set: 0.25ms
[4709.925s][info][gc,phases      ] GC(609)   Merge Heap Roots: 0.84ms
[4709.925s][info][gc,phases      ] GC(609)   Evacuate Collection Set: 161.97ms
[4709.925s][info][gc,phases      ] GC(609)   Post Evacuate Collection Set: 1.09ms
[4709.925s][info][gc,phases      ] GC(609)   Other: 0.07ms
[4709.925s][info][gc,heap        ] GC(609) Eden regions: 571->0(570)
[4709.925s][info][gc,heap        ] GC(609) Survivor regions: 43->44(77)
[4709.925s][info][gc,heap        ] GC(609) Old regions: 156->143
[4709.925s][info][gc,heap        ] GC(609) Humongous regions: 33->33
[4709.925s][info][gc,metaspace   ] GC(609) Metaspace: 29938K(30400K)->29938K(30400K) NonClass: 24529K(24768K)->24529K(24768K) Class: 5408K(5632K)->5408K(5632K)
[4709.925s][info][gc             ] GC(609) Pause Young (Mixed) (G1 Evacuation Pause) 6406M->1739M(8192M) 164.345ms
[4709.925s][info][gc,cpu         ] GC(609) User=1.30s Sys=0.00s Real=0.17s
.....[4714.464s][info][gc,start       ] GC(610) Pause Young (Normal) (G1 Evacuation Pause)
[4714.464s][info][gc,task        ] GC(610) Using 8 workers of 8 for evacuation
[4714.611s][info][gc,phases      ] GC(610)   Pre Evacuate Collection Set: 0.29ms
[4714.611s][info][gc,phases      ] GC(610)   Merge Heap Roots: 0.54ms
[4714.611s][info][gc,phases      ] GC(610)   Evacuate Collection Set: 145.14ms
[4714.611s][info][gc,phases      ] GC(610)   Post Evacuate Collection Set: 1.07ms
[4714.611s][info][gc,phases      ] GC(610)   Other: 0.07ms
[4714.611s][info][gc,heap        ] GC(610) Eden regions: 570->0(572)
[4714.611s][info][gc,heap        ] GC(610) Survivor regions: 44->42(77)
[4714.611s][info][gc,heap        ] GC(610) Old regions: 143->150
[4714.611s][info][gc,heap        ] GC(610) Humongous regions: 33->33
[4714.611s][info][gc,metaspace   ] GC(610) Metaspace: 29938K(30400K)->29938K(30400K) NonClass: 24529K(24768K)->24529K(24768K) Class: 5408K(5632K)->5408K(5632K)
[4714.611s][info][gc             ] GC(610) Pause Young (Normal) (G1 Evacuation Pause) 6299M->1781M(8192M) 147.248ms
[4714.611s][info][gc,cpu         ] GC(610) User=1.16s Sys=0.00s Real=0.15s
.....[4719.250s][info][gc,start       ] GC(611) Pause Young (Normal) (G1 Evacuation Pause)
[4719.250s][info][gc,task        ] GC(611) Using 8 workers of 8 for evacuation
[4719.398s][info][gc,phases      ] GC(611)   Pre Evacuate Collection Set: 0.27ms
[4719.398s][info][gc,phases      ] GC(611)   Merge Heap Roots: 0.50ms
[4719.398s][info][gc,phases      ] GC(611)   Evacuate Collection Set: 146.53ms
[4719.398s][info][gc,phases      ] GC(611)   Post Evacuate Collection Set: 0.99ms
[4719.398s][info][gc,phases      ] GC(611)   Other: 0.06ms
[4719.398s][info][gc,heap        ] GC(611) Eden regions: 572->0(571)
[4719.398s][info][gc,heap        ] GC(611) Survivor regions: 42->43(77)
[4719.398s][info][gc,heap        ] GC(611) Old regions: 150->157
[4719.398s][info][gc,heap        ] GC(611) Humongous regions: 33->33
[4719.398s][info][gc,metaspace   ] GC(611) Metaspace: 29938K(30400K)->29938K(30400K) NonClass: 24529K(24768K)->24529K(24768K) Class: 5408K(5632K)->5408K(5632K)
[4719.398s][info][gc             ] GC(611) Pause Young (Normal) (G1 Evacuation Pause) 6357M->1848M(8192M) 148.490ms
[4719.398s][info][gc,cpu         ] GC(611) User=1.18s Sys=0.00s Real=0.15s
....[4723.931s][info][gc,start       ] GC(612) Pause Young (Normal) (G1 Evacuation Pause)
[4723.931s][info][gc,task        ] GC(612) Using 8 workers of 8 for evacuation
[4724.082s][info][gc,phases      ] GC(612)   Pre Evacuate Collection Set: 0.25ms
[4724.082s][info][gc,phases      ] GC(612)   Merge Heap Roots: 0.52ms
[4724.082s][info][gc,phases      ] GC(612)   Evacuate Collection Set: 149.27ms
[4724.082s][info][gc,phases      ] GC(612)   Post Evacuate Collection Set: 1.00ms
[4724.082s][info][gc,phases      ] GC(612)   Other: 0.07ms
[4724.082s][info][gc,heap        ] GC(612) Eden regions: 571->0(571)
[4724.082s][info][gc,heap        ] GC(612) Survivor regions: 43->43(77)
[4724.082s][info][gc,heap        ] GC(612) Old regions: 157->164
[4724.082s][info][gc,heap        ] GC(612) Humongous regions: 33->33
[4724.082s][info][gc,metaspace   ] GC(612) Metaspace: 29938K(30400K)->29938K(30400K) NonClass: 24529K(24768K)->24529K(24768K) Class: 5408K(5632K)->5408K(5632K)
[4724.082s][info][gc             ] GC(612) Pause Young (Normal) (G1 Evacuation Pause) 6416M->1904M(8192M) 151.250ms
[4724.082s][info][gc,cpu         ] GC(612) User=1.20s Sys=0.00s Real=0.15s
.....[4728.645s][info][gc,start       ] GC(613) Pause Young (Normal) (G1 Evacuation Pause)
[4728.645s][info][gc,task        ] GC(613) Using 8 workers of 8 for evacuation
[4728.792s][info][gc,phases      ] GC(613)   Pre Evacuate Collection Set: 0.25ms
[4728.792s][info][gc,phases      ] GC(613)   Merge Heap Roots: 0.51ms
[4728.792s][info][gc,phases      ] GC(613)   Evacuate Collection Set: 145.70ms
[4728.792s][info][gc,phases      ] GC(613)   Post Evacuate Collection Set: 0.99ms
[4728.792s][info][gc,phases      ] GC(613)   Other: 0.06ms
[4728.792s][info][gc,heap        ] GC(613) Eden regions: 571->0(571)
[4728.792s][info][gc,heap        ] GC(613) Survivor regions: 43->43(77)
[4728.792s][info][gc,heap        ] GC(613) Old regions: 164->171
[4728.792s][info][gc,heap        ] GC(613) Humongous regions: 33->33
[4728.792s][info][gc,metaspace   ] GC(613) Metaspace: 29938K(30400K)->29938K(30400K) NonClass: 24529K(24768K)->24529K(24768K) Class: 5408K(5632K)->5408K(5632K)
[4728.792s][info][gc             ] GC(613) Pause Young (Normal) (G1 Evacuation Pause) 6472M->1963M(8192M) 147.626ms
[4728.792s][info][gc,cpu         ] GC(613) User=1.17s Sys=0.01s Real=0.14s
.. (rIR:aIR:PR = 8100:8088:8088) (tPR = 120748) [OK] 
  4730s: Performance info:
         Transaction,    Success,    Partial,     Failed,   Receipts, AvgBarcode, 
             Overall,     487706,          0,          0,     463200,      59.47, 
         Response times:
             Request,    Success,    Partial,     Failed,   SkipFail,     Probes,    Samples,      min,      p50,      p90,      p95,      p99,      max, 
       TotalPurchase,     463217,          0,          0,          0,     360268,     405463,      300,     5600,    13000,    33000,    81000,   620000,
     InStorePurchase,     243843,          0,          0,          0,     189550,     212844,      400,     5500,    13000,    32000,    81000,   620000,
      OnlinePurchase,     170749,          0,          0,          0,     132817,     149536,      300,     5700,    13000,    33000,    82000,   620000,
        InstPurchase,      48625,          0,          0,          0,      37901,      43083,      400,     5500,    12900,    36000,    82000,   595000,
          AssocOfCat,        484,          0,          0,          0,        396,        515,    26000,    44000,    68000,    91000,   198520,   240000,
      AssocOfProduct,       4839,          0,          0,          0,       3369,       4007,      700,     5700,    13200,    42000,    80000,   243000,
      BusinessReport,       1218,          0,          0,          0,       1087,       1358,    32000,    51000,    75100,    93100,   180330,   263000,
          CustBuyBeh,       4969,          0,          0,          0,       3368,       3959,      300,     5500,    12800,    26000,    74000,   288000,
       ProductReturn,      13021,          0,          0,          0,      10042,      11571,      300,     5500,    13100,    37000,    97000,   460000,

  4730s: (58%)   IR =   8242 ...[4733.350s][info][gc,start       ] GC(614) Pause Young (Normal) (G1 Evacuation Pause)
[4733.350s][info][gc,task        ] GC(614) Using 8 workers of 8 for evacuation
[4733.501s][info][gc,phases      ] GC(614)   Pre Evacuate Collection Set: 0.26ms
[4733.501s][info][gc,phases      ] GC(614)   Merge Heap Roots: 0.60ms
[4733.501s][info][gc,phases      ] GC(614)   Evacuate Collection Set: 149.85ms
[4733.501s][info][gc,phases      ] GC(614)   Post Evacuate Collection Set: 1.04ms
[4733.501s][info][gc,phases      ] GC(614)   Other: 0.07ms
[4733.501s][info][gc,heap        ] GC(614) Eden regions: 571->0(571)
[4733.501s][info][gc,heap        ] GC(614) Survivor regions: 43->43(77)
[4733.501s][info][gc,heap        ] GC(614) Old regions: 171->178
[4733.501s][info][gc,heap        ] GC(614) Humongous regions: 33->33
[4733.501s][info][gc,metaspace   ] GC(614) Metaspace: 29938K(30400K)->29938K(30400K) NonClass: 24529K(24768K)->24529K(24768K) Class: 5408K(5632K)->5408K(5632K)
[4733.501s][info][gc             ] GC(614) Pause Young (Normal) (G1 Evacuation Pause) 6531M->2019M(8192M) 151.973ms
[4733.502s][info][gc,cpu         ] GC(614) User=1.20s Sys=0.00s Real=0.15s
...|.[4737.965s][info][gc,start       ] GC(615) Pause Young (Normal) (G1 Evacuation Pause)
[4737.965s][info][gc,task        ] GC(615) Using 8 workers of 8 for evacuation
[4738.118s][info][gc,phases      ] GC(615)   Pre Evacuate Collection Set: 0.27ms
[4738.118s][info][gc,phases      ] GC(615)   Merge Heap Roots: 0.49ms
[4738.118s][info][gc,phases      ] GC(615)   Evacuate Collection Set: 150.68ms
[4738.118s][info][gc,phases      ] GC(615)   Post Evacuate Collection Set: 1.05ms
[4738.118s][info][gc,phases      ] GC(615)   Other: 0.06ms
[4738.118s][info][gc,heap        ] GC(615) Eden regions: 571->0(570)
[4738.118s][info][gc,heap        ] GC(615) Survivor regions: 43->44(77)
[4738.118s][info][gc,heap        ] GC(615) Old regions: 178->185
[4738.118s][info][gc,heap        ] GC(615) Humongous regions: 33->33
[4738.118s][info][gc,metaspace   ] GC(615) Metaspace: 29938K(30400K)->29938K(30400K) NonClass: 24529K(24768K)->24529K(24768K) Class: 5408K(5632K)->5408K(5632K)
[4738.118s][info][gc             ] GC(615) Pause Young (Normal) (G1 Evacuation Pause) 6587M->2079M(8192M) 152.683ms
[4738.118s][info][gc,cpu         ] GC(615) User=1.21s Sys=0.00s Real=0.15s
.....[4742.624s][info][gc,start       ] GC(616) Pause Young (Normal) (G1 Evacuation Pause)
[4742.624s][info][gc,task        ] GC(616) Using 8 workers of 8 for evacuation
[4742.771s][info][gc,phases      ] GC(616)   Pre Evacuate Collection Set: 0.24ms
[4742.771s][info][gc,phases      ] GC(616)   Merge Heap Roots: 0.52ms
[4742.771s][info][gc,phases      ] GC(616)   Evacuate Collection Set: 144.91ms
[4742.771s][info][gc,phases      ] GC(616)   Post Evacuate Collection Set: 1.01ms
[4742.771s][info][gc,phases      ] GC(616)   Other: 0.10ms
[4742.771s][info][gc,heap        ] GC(616) Eden regions: 570->0(572)
[4742.771s][info][gc,heap        ] GC(616) Survivor regions: 44->42(77)
[4742.771s][info][gc,heap        ] GC(616) Old regions: 185->193
[4742.771s][info][gc,heap        ] GC(616) Humongous regions: 33->33
[4742.771s][info][gc,metaspace   ] GC(616) Metaspace: 29938K(30400K)->29938K(30400K) NonClass: 24529K(24768K)->24529K(24768K) Class: 5408K(5632K)->5408K(5632K)
[4742.771s][info][gc             ] GC(616) Pause Young (Normal) (G1 Evacuation Pause) 6639M->2120M(8192M) 146.929ms
[4742.771s][info][gc,cpu         ] GC(616) User=1.16s Sys=0.01s Real=0.15s
.....[4747.250s][info][gc,start       ] GC(617) Pause Young (Normal) (G1 Evacuation Pause)
[4747.250s][info][gc,task        ] GC(617) Using 8 workers of 8 for evacuation
[4747.400s][info][gc,phases      ] GC(617)   Pre Evacuate Collection Set: 0.24ms
[4747.400s][info][gc,phases      ] GC(617)   Merge Heap Roots: 0.56ms
[4747.400s][info][gc,phases      ] GC(617)   Evacuate Collection Set: 148.43ms
[4747.400s][info][gc,phases      ] GC(617)   Post Evacuate Collection Set: 1.01ms
[4747.400s][info][gc,phases      ] GC(617)   Other: 0.06ms
[4747.400s][info][gc,heap        ] GC(617) Eden regions: 572->0(572)
[4747.400s][info][gc,heap        ] GC(617) Survivor regions: 42->42(77)
[4747.400s][info][gc,heap        ] GC(617) Old regions: 193->200
[4747.400s][info][gc,heap        ] GC(617) Humongous regions: 33->33
[4747.400s][info][gc,metaspace   ] GC(617) Metaspace: 29938K(30400K)->29938K(30400K) NonClass: 24529K(24768K)->24529K(24768K) Class: 5408K(5632K)->5408K(5632K)
[4747.400s][info][gc             ] GC(617) Pause Young (Normal) (G1 Evacuation Pause) 6696M->2180M(8192M) 150.431ms
[4747.400s][info][gc,cpu         ] GC(617) User=1.19s Sys=0.00s Real=0.15s
....[4751.788s][info][gc,start       ] GC(618) Pause Young (Normal) (G1 Evacuation Pause)
[4751.788s][info][gc,task        ] GC(618) Using 8 workers of 8 for evacuation
[4751.938s][info][gc,phases      ] GC(618)   Pre Evacuate Collection Set: 0.25ms
[4751.938s][info][gc,phases      ] GC(618)   Merge Heap Roots: 0.61ms
[4751.938s][info][gc,phases      ] GC(618)   Evacuate Collection Set: 148.15ms
[4751.938s][info][gc,phases      ] GC(618)   Post Evacuate Collection Set: 1.01ms
[4751.938s][info][gc,phases      ] GC(618)   Other: 0.06ms
[4751.938s][info][gc,heap        ] GC(618) Eden regions: 572->0(570)
[4751.938s][info][gc,heap        ] GC(618) Survivor regions: 42->44(77)
[4751.938s][info][gc,heap        ] GC(618) Old regions: 200->206
[4751.938s][info][gc,heap        ] GC(618) Humongous regions: 33->33
[4751.938s][info][gc,metaspace   ] GC(618) Metaspace: 29938K(30400K)->29938K(30400K) NonClass: 24529K(24768K)->24529K(24768K) Class: 5408K(5632K)->5408K(5632K)
[4751.938s][info][gc             ] GC(618) Pause Young (Normal) (G1 Evacuation Pause) 6756M->2247M(8192M) 150.218ms
[4751.938s][info][gc,cpu         ] GC(618) User=1.19s Sys=0.00s Real=0.15s
.....[4756.322s][info][gc,start       ] GC(619) Pause Young (Normal) (G1 Evacuation Pause)
[4756.322s][info][gc,task        ] GC(619) Using 8 workers of 8 for evacuation
[4756.474s][info][gc,phases      ] GC(619)   Pre Evacuate Collection Set: 0.25ms
[4756.474s][info][gc,phases      ] GC(619)   Merge Heap Roots: 0.61ms
[4756.474s][info][gc,phases      ] GC(619)   Evacuate Collection Set: 150.36ms
[4756.474s][info][gc,phases      ] GC(619)   Post Evacuate Collection Set: 1.04ms
[4756.474s][info][gc,phases      ] GC(619)   Other: 0.06ms
[4756.474s][info][gc,heap        ] GC(619) Eden regions: 570->0(570)
[4756.474s][info][gc,heap        ] GC(619) Survivor regions: 44->44(77)
[4756.474s][info][gc,heap        ] GC(619) Old regions: 206->213
[4756.474s][info][gc,heap        ] GC(619) Humongous regions: 33->33
[4756.474s][info][gc,metaspace   ] GC(619) Metaspace: 29938K(30400K)->29938K(30400K) NonClass: 24529K(24768K)->24529K(24768K) Class: 5408K(5632K)->5408K(5632K)
[4756.475s][info][gc             ] GC(619) Pause Young (Normal) (G1 Evacuation Pause) 6807M->2303M(8192M) 152.489ms
[4756.475s][info][gc,cpu         ] GC(619) User=1.20s Sys=0.00s Real=0.16s
....[4761.057s][info][gc,start       ] GC(620) Pause Young (Normal) (G1 Evacuation Pause)
[4761.058s][info][gc,task        ] GC(620) Using 8 workers of 8 for evacuation
[4761.206s][info][gc,phases      ] GC(620)   Pre Evacuate Collection Set: 0.26ms
[4761.206s][info][gc,phases      ] GC(620)   Merge Heap Roots: 0.50ms
[4761.206s][info][gc,phases      ] GC(620)   Evacuate Collection Set: 146.68ms
[4761.206s][info][gc,phases      ] GC(620)   Post Evacuate Collection Set: 1.01ms
[4761.206s][info][gc,phases      ] GC(620)   Other: 0.07ms
[4761.206s][info][gc,heap        ] GC(620) Eden regions: 570->0(571)
[4761.206s][info][gc,heap        ] GC(620) Survivor regions: 44->43(77)
[4761.206s][info][gc,heap        ] GC(620) Old regions: 213->220
[4761.206s][info][gc,heap        ] GC(620) Humongous regions: 33->33
[4761.206s][info][gc,metaspace   ] GC(620) Metaspace: 29938K(30400K)->29938K(30400K) NonClass: 24529K(24768K)->24529K(24768K) Class: 5408K(5632K)->5408K(5632K)
[4761.206s][info][gc             ] GC(620) Pause Young (Normal) (G1 Evacuation Pause) 6863M->2351M(8192M) 148.643ms
[4761.206s][info][gc,cpu         ] GC(620) User=1.18s Sys=0.00s Real=0.15s
.....[4765.811s][info][gc,start       ] GC(621) Pause Young (Normal) (G1 Evacuation Pause)
[4765.811s][info][gc,task        ] GC(621) Using 8 workers of 8 for evacuation
[4765.960s][info][gc,phases      ] GC(621)   Pre Evacuate Collection Set: 0.27ms
[4765.960s][info][gc,phases      ] GC(621)   Merge Heap Roots: 0.59ms
[4765.960s][info][gc,phases      ] GC(621)   Evacuate Collection Set: 147.36ms
[4765.960s][info][gc,phases      ] GC(621)   Post Evacuate Collection Set: 1.05ms
[4765.960s][info][gc,phases      ] GC(621)   Other: 0.07ms
[4765.960s][info][gc,heap        ] GC(621) Eden regions: 571->0(571)
[4765.960s][info][gc,heap        ] GC(621) Survivor regions: 43->43(77)
[4765.960s][info][gc,heap        ] GC(621) Old regions: 220->227
[4765.960s][info][gc,heap        ] GC(621) Humongous regions: 33->33
[4765.960s][info][gc,metaspace   ] GC(621) Metaspace: 29938K(30400K)->29938K(30400K) NonClass: 24529K(24768K)->24529K(24768K) Class: 5408K(5632K)->5408K(5632K)
[4765.960s][info][gc             ] GC(621) Pause Young (Normal) (G1 Evacuation Pause) 6919M->2407M(8192M) 149.471ms
[4765.960s][info][gc,cpu         ] GC(621) User=1.18s Sys=0.00s Real=0.15s
.....[4770.478s][info][gc,start       ] GC(622) Pause Young (Normal) (G1 Evacuation Pause)
[4770.478s][info][gc,task        ] GC(622) Using 8 workers of 8 for evacuation
[4770.628s][info][gc,phases      ] GC(622)   Pre Evacuate Collection Set: 0.26ms
[4770.628s][info][gc,phases      ] GC(622)   Merge Heap Roots: 0.55ms
[4770.628s][info][gc,phases      ] GC(622)   Evacuate Collection Set: 148.24ms
[4770.628s][info][gc,phases      ] GC(622)   Post Evacuate Collection Set: 1.01ms
[4770.628s][info][gc,phases      ] GC(622)   Other: 0.07ms
[4770.628s][info][gc,heap        ] GC(622) Eden regions: 571->0(572)
[4770.628s][info][gc,heap        ] GC(622) Survivor regions: 43->42(77)
[4770.628s][info][gc,heap        ] GC(622) Old regions: 227->235
[4770.628s][info][gc,heap        ] GC(622) Humongous regions: 33->33
[4770.628s][info][gc,metaspace   ] GC(622) Metaspace: 29938K(30400K)->29938K(30400K) NonClass: 24529K(24768K)->24529K(24768K) Class: 5408K(5632K)->5408K(5632K)
[4770.628s][info][gc             ] GC(622) Pause Young (Normal) (G1 Evacuation Pause) 6975M->2462M(8192M) 150.259ms
[4770.628s][info][gc,cpu         ] GC(622) User=1.19s Sys=0.00s Real=0.15s
....[4775.213s][info][gc,start       ] GC(623) Pause Young (Normal) (G1 Evacuation Pause)
[4775.213s][info][gc,task        ] GC(623) Using 8 workers of 8 for evacuation
[4775.362s][info][gc,phases      ] GC(623)   Pre Evacuate Collection Set: 0.28ms
[4775.362s][info][gc,phases      ] GC(623)   Merge Heap Roots: 0.54ms
[4775.362s][info][gc,phases      ] GC(623)   Evacuate Collection Set: 147.11ms
[4775.362s][info][gc,phases      ] GC(623)   Post Evacuate Collection Set: 1.01ms
[4775.362s][info][gc,phases      ] GC(623)   Other: 0.07ms
[4775.362s][info][gc,heap        ] GC(623) Eden regions: 572->0(571)
[4775.362s][info][gc,heap        ] GC(623) Survivor regions: 42->43(77)
[4775.362s][info][gc,heap        ] GC(623) Old regions: 235->242
[4775.362s][info][gc,heap        ] GC(623) Humongous regions: 33->33
[4775.362s][info][gc,metaspace   ] GC(623) Metaspace: 29938K(30400K)->29938K(30400K) NonClass: 24529K(24768K)->24529K(24768K) Class: 5408K(5632K)->5408K(5632K)
[4775.362s][info][gc             ] GC(623) Pause Young (Normal) (G1 Evacuation Pause) 7038M->2528M(8192M) 149.152ms
[4775.362s][info][gc,cpu         ] GC(623) User=1.18s Sys=0.00s Real=0.15s
.....[4779.826s][info][gc,start       ] GC(624) Pause Young (Normal) (G1 Evacuation Pause)
[4779.826s][info][gc,task        ] GC(624) Using 8 workers of 8 for evacuation
[4779.976s][info][gc,phases      ] GC(624)   Pre Evacuate Collection Set: 0.25ms
[4779.976s][info][gc,phases      ] GC(624)   Merge Heap Roots: 0.59ms
[4779.976s][info][gc,phases      ] GC(624)   Evacuate Collection Set: 148.02ms
[4779.976s][info][gc,phases      ] GC(624)   Post Evacuate Collection Set: 1.03ms
[4779.976s][info][gc,phases      ] GC(624)   Other: 0.06ms
[4779.976s][info][gc,heap        ] GC(624) Eden regions: 571->0(571)
[4779.976s][info][gc,heap        ] GC(624) Survivor regions: 43->43(77)
[4779.976s][info][gc,heap        ] GC(624) Old regions: 242->249
[4779.976s][info][gc,heap        ] GC(624) Humongous regions: 33->33
[4779.976s][info][gc,metaspace   ] GC(624) Metaspace: 29938K(30400K)->29938K(30400K) NonClass: 24529K(24768K)->24529K(24768K) Class: 5408K(5632K)->5408K(5632K)
[4779.976s][info][gc             ] GC(624) Pause Young (Normal) (G1 Evacuation Pause) 7096M->2580M(8192M) 150.098ms
[4779.976s][info][gc,cpu         ] GC(624) User=1.19s Sys=0.00s Real=0.15s
.....[4784.518s][info][gc,start       ] GC(625) Pause Young (Normal) (G1 Evacuation Pause)
[4784.518s][info][gc,task        ] GC(625) Using 8 workers of 8 for evacuation
[4784.665s][info][gc,phases      ] GC(625)   Pre Evacuate Collection Set: 0.28ms
[4784.665s][info][gc,phases      ] GC(625)   Merge Heap Roots: 0.52ms
[4784.665s][info][gc,phases      ] GC(625)   Evacuate Collection Set: 144.90ms
[4784.665s][info][gc,phases      ] GC(625)   Post Evacuate Collection Set: 1.00ms
[4784.665s][info][gc,phases      ] GC(625)   Other: 0.06ms
[4784.665s][info][gc,heap        ] GC(625) Eden regions: 571->0(573)
[4784.665s][info][gc,heap        ] GC(625) Survivor regions: 43->41(77)
[4784.665s][info][gc,heap        ] GC(625) Old regions: 249->256
[4784.665s][info][gc,heap        ] GC(625) Humongous regions: 33->33
[4784.665s][info][gc,metaspace   ] GC(625) Metaspace: 29938K(30400K)->29938K(30400K) NonClass: 24529K(24768K)->24529K(24768K) Class: 5408K(5632K)->5408K(5632K)
[4784.665s][info][gc             ] GC(625) Pause Young (Normal) (G1 Evacuation Pause) 7148M->2624M(8192M) 146.895ms
[4784.665s][info][gc,cpu         ] GC(625) User=1.16s Sys=0.00s Real=0.15s
....[4789.184s][info][gc,start       ] GC(626) Pause Young (Normal) (G1 Evacuation Pause)
[4789.184s][info][gc,task        ] GC(626) Using 8 workers of 8 for evacuation
[4789.333s][info][gc,phases      ] GC(626)   Pre Evacuate Collection Set: 0.26ms
[4789.333s][info][gc,phases      ] GC(626)   Merge Heap Roots: 0.54ms
[4789.333s][info][gc,phases      ] GC(626)   Evacuate Collection Set: 147.12ms
[4789.333s][info][gc,phases      ] GC(626)   Post Evacuate Collection Set: 1.01ms
[4789.334s][info][gc,phases      ] GC(626)   Other: 0.07ms
[4789.334s][info][gc,heap        ] GC(626) Eden regions: 573->0(572)
[4789.334s][info][gc,heap        ] GC(626) Survivor regions: 41->42(77)
[4789.334s][info][gc,heap        ] GC(626) Old regions: 256->263
[4789.334s][info][gc,heap        ] GC(626) Humongous regions: 33->33
[4789.334s][info][gc,metaspace   ] GC(626) Metaspace: 29938K(30400K)->29938K(30400K) NonClass: 24529K(24768K)->24529K(24768K) Class: 5408K(5632K)->5408K(5632K)
[4789.334s][info][gc             ] GC(626) Pause Young (Normal) (G1 Evacuation Pause) 7208M->2691M(8192M) 149.150ms
[4789.334s][info][gc,cpu         ] GC(626) User=1.18s Sys=0.00s Real=0.15s
.....[4793.813s][info][gc,start       ] GC(627) Pause Young (Normal) (G1 Evacuation Pause)
[4793.813s][info][gc,task        ] GC(627) Using 8 workers of 8 for evacuation
[4793.965s][info][gc,phases      ] GC(627)   Pre Evacuate Collection Set: 0.25ms
[4793.965s][info][gc,phases      ] GC(627)   Merge Heap Roots: 0.54ms
[4793.965s][info][gc,phases      ] GC(627)   Evacuate Collection Set: 149.64ms
[4793.965s][info][gc,phases      ] GC(627)   Post Evacuate Collection Set: 1.02ms
[4793.965s][info][gc,phases      ] GC(627)   Other: 0.06ms
[4793.965s][info][gc,heap        ] GC(627) Eden regions: 572->0(571)
[4793.965s][info][gc,heap        ] GC(627) Survivor regions: 42->43(77)
[4793.965s][info][gc,heap        ] GC(627) Old regions: 263->270
[4793.965s][info][gc,heap        ] GC(627) Humongous regions: 33->33
[4793.965s][info][gc,metaspace   ] GC(627) Metaspace: 29938K(30400K)->29938K(30400K) NonClass: 24529K(24768K)->24529K(24768K) Class: 5408K(5632K)->5408K(5632K)
[4793.965s][info][gc             ] GC(627) Pause Young (Normal) (G1 Evacuation Pause) 7267M->2750M(8192M) 151.645ms
[4793.965s][info][gc,cpu         ] GC(627) User=1.20s Sys=0.00s Real=0.16s
... (rIR:aIR:PR = 8242:8232:8231) (tPR = 122566) [OK] 
  4796s: Performance info:
         Transaction,    Success,    Partial,     Failed,   Receipts, AvgBarcode, 
             Overall,     495622,          0,          0,     470872,      59.48, 
         Response times:
             Request,    Success,    Partial,     Failed,   SkipFail,     Probes,    Samples,      min,      p50,      p90,      p95,      p99,      max, 
       TotalPurchase,     470879,          0,          0,          0,     358884,     397514,      300,     5800,    12700,    29000,    82000,   413000,
     InStorePurchase,     247298,          0,          0,          0,     189161,     209012,      300,     5700,    12600,    30000,    80000,   409000,
      OnlinePurchase,     174089,          0,          0,          0,     132084,     146497,      300,     5900,    12800,    30000,    85000,   413000,
        InstPurchase,      49492,          0,          0,          0,      37639,      42005,      500,     5700,    12400,    26000,    79000,   409000,
          AssocOfCat,        496,          0,          0,          0,        399,        542,    29000,    47000,    74700,    95400,   202570,   215000,
      AssocOfProduct,       4970,          0,          0,          0,       3496,       4049,     1000,     6000,    11500,    40500,    91000,   178000,
      BusinessReport,       1239,          0,          0,          0,       1097,       1313,    33000,    53000,    74600,    92000,   149580,   218000,
          CustBuyBeh,       4966,          0,          0,          0,       3496,       4044,      300,     4000,    12200,    18175,    66000,   262000,
       ProductReturn,      13118,          0,          0,          0,      10232,      11573,      200,     5300,    12500,    32000,    84000,   245000,

  4796s: (59%)   IR =   8384 .[4798.451s][info][gc,start       ] GC(628) Pause Young (Normal) (G1 Evacuation Pause)
[4798.451s][info][gc,task        ] GC(628) Using 8 workers of 8 for evacuation
[4798.601s][info][gc,phases      ] GC(628)   Pre Evacuate Collection Set: 0.28ms
[4798.601s][info][gc,phases      ] GC(628)   Merge Heap Roots: 0.54ms
[4798.601s][info][gc,phases      ] GC(628)   Evacuate Collection Set: 148.04ms
[4798.601s][info][gc,phases      ] GC(628)   Post Evacuate Collection Set: 1.03ms
[4798.601s][info][gc,phases      ] GC(628)   Other: 0.07ms
[4798.601s][info][gc,heap        ] GC(628) Eden regions: 571->0(571)
[4798.601s][info][gc,heap        ] GC(628) Survivor regions: 43->43(77)
[4798.601s][info][gc,heap        ] GC(628) Old regions: 270->277
[4798.601s][info][gc,heap        ] GC(628) Humongous regions: 33->33
[4798.601s][info][gc,metaspace   ] GC(628) Metaspace: 29938K(30400K)->29938K(30400K) NonClass: 24529K(24768K)->24529K(24768K) Class: 5408K(5632K)->5408K(5632K)
[4798.601s][info][gc             ] GC(628) Pause Young (Normal) (G1 Evacuation Pause) 7318M->2811M(8192M) 150.087ms
[4798.601s][info][gc,cpu         ] GC(628) User=1.19s Sys=0.00s Real=0.15s
....|.[4802.938s][info][gc,start       ] GC(629) Pause Young (Normal) (G1 Evacuation Pause)
[4802.938s][info][gc,task        ] GC(629) Using 8 workers of 8 for evacuation
[4803.090s][info][gc,phases      ] GC(629)   Pre Evacuate Collection Set: 0.24ms
[4803.090s][info][gc,phases      ] GC(629)   Merge Heap Roots: 0.52ms
[4803.090s][info][gc,phases      ] GC(629)   Evacuate Collection Set: 150.78ms
[4803.090s][info][gc,phases      ] GC(629)   Post Evacuate Collection Set: 0.99ms
[4803.090s][info][gc,phases      ] GC(629)   Other: 0.06ms
[4803.090s][info][gc,heap        ] GC(629) Eden regions: 571->0(568)
[4803.090s][info][gc,heap        ] GC(629) Survivor regions: 43->43(77)
[4803.090s][info][gc,heap        ] GC(629) Old regions: 277->285
[4803.090s][info][gc,heap        ] GC(629) Humongous regions: 33->33
[4803.090s][info][gc,metaspace   ] GC(629) Metaspace: 29938K(30400K)->29938K(30400K) NonClass: 24529K(24768K)->24529K(24768K) Class: 5408K(5632K)->5408K(5632K)
[4803.090s][info][gc             ] GC(629) Pause Young (Normal) (G1 Evacuation Pause) 7379M->2868M(8192M) 152.738ms
[4803.090s][info][gc,cpu         ] GC(629) User=1.21s Sys=0.00s Real=0.15s
....[4807.529s][info][gc,start       ] GC(630) Pause Young (Normal) (G1 Evacuation Pause)
[4807.529s][info][gc,task        ] GC(630) Using 8 workers of 8 for evacuation
[4807.681s][info][gc,phases      ] GC(630)   Pre Evacuate Collection Set: 0.26ms
[4807.681s][info][gc,phases      ] GC(630)   Merge Heap Roots: 0.59ms
[4807.681s][info][gc,phases      ] GC(630)   Evacuate Collection Set: 149.76ms
[4807.681s][info][gc,phases      ] GC(630)   Post Evacuate Collection Set: 1.03ms
[4807.681s][info][gc,phases      ] GC(630)   Other: 0.06ms
[4807.681s][info][gc,heap        ] GC(630) Eden regions: 568->0(563)
[4807.681s][info][gc,heap        ] GC(630) Survivor regions: 43->42(77)
[4807.681s][info][gc,heap        ] GC(630) Old regions: 285->292
[4807.681s][info][gc,heap        ] GC(630) Humongous regions: 33->33
[4807.681s][info][gc,metaspace   ] GC(630) Metaspace: 29938K(30400K)->29938K(30400K) NonClass: 24529K(24768K)->24529K(24768K) Class: 5408K(5632K)->5408K(5632K)
[4807.681s][info][gc             ] GC(630) Pause Young (Normal) (G1 Evacuation Pause) 7412M->2918M(8192M) 151.837ms
[4807.681s][info][gc,cpu         ] GC(630) User=1.20s Sys=0.00s Real=0.15s
.....[4812.084s][info][gc,start       ] GC(631) Pause Young (Normal) (G1 Evacuation Pause)
[4812.084s][info][gc,task        ] GC(631) Using 8 workers of 8 for evacuation
[4812.243s][info][gc,phases      ] GC(631)   Pre Evacuate Collection Set: 0.24ms
[4812.243s][info][gc,phases      ] GC(631)   Merge Heap Roots: 0.50ms
[4812.243s][info][gc,phases      ] GC(631)   Evacuate Collection Set: 157.49ms
[4812.243s][info][gc,phases      ] GC(631)   Post Evacuate Collection Set: 0.98ms
[4812.243s][info][gc,phases      ] GC(631)   Other: 0.07ms
[4812.243s][info][gc,heap        ] GC(631) Eden regions: 563->0(552)
[4812.243s][info][gc,heap        ] GC(631) Survivor regions: 42->44(76)
[4812.243s][info][gc,heap        ] GC(631) Old regions: 292->299
[4812.243s][info][gc,heap        ] GC(631) Humongous regions: 33->33
[4812.243s][info][gc,metaspace   ] GC(631) Metaspace: 29938K(30400K)->29938K(30400K) NonClass: 24529K(24768K)->24529K(24768K) Class: 5408K(5632K)->5408K(5632K)
[4812.243s][info][gc             ] GC(631) Pause Young (Normal) (G1 Evacuation Pause) 7422M->2991M(8192M) 159.430ms
[4812.243s][info][gc,cpu         ] GC(631) User=1.26s Sys=0.00s Real=0.16s
....[4816.403s][info][gc,start       ] GC(632) Pause Young (Normal) (G1 Evacuation Pause)
[4816.403s][info][gc,task        ] GC(632) Using 8 workers of 8 for evacuation
[4816.553s][info][gc,phases      ] GC(632)   Pre Evacuate Collection Set: 0.26ms
[4816.553s][info][gc,phases      ] GC(632)   Merge Heap Roots: 0.52ms
[4816.553s][info][gc,phases      ] GC(632)   Evacuate Collection Set: 148.36ms
[4816.553s][info][gc,phases      ] GC(632)   Post Evacuate Collection Set: 1.03ms
[4816.554s][info][gc,phases      ] GC(632)   Other: 0.07ms
[4816.554s][info][gc,heap        ] GC(632) Eden regions: 552->0(547)
[4816.554s][info][gc,heap        ] GC(632) Survivor regions: 44->43(75)
[4816.554s][info][gc,heap        ] GC(632) Old regions: 299->306
[4816.554s][info][gc,heap        ] GC(632) Humongous regions: 33->33
[4816.554s][info][gc,metaspace   ] GC(632) Metaspace: 29938K(30400K)->29938K(30400K) NonClass: 24529K(24768K)->24529K(24768K) Class: 5408K(5632K)->5408K(5632K)
[4816.554s][info][gc             ] GC(632) Pause Young (Normal) (G1 Evacuation Pause) 7407M->3037M(8192M) 150.374ms
[4816.554s][info][gc,cpu         ] GC(632) User=1.19s Sys=0.00s Real=0.15s
.....[4820.831s][info][gc,start       ] GC(633) Pause Young (Concurrent Start) (G1 Evacuation Pause)
[4820.831s][info][gc,task        ] GC(633) Using 8 workers of 8 for evacuation
[4820.981s][info][gc,phases      ] GC(633)   Pre Evacuate Collection Set: 0.30ms
[4820.981s][info][gc,phases      ] GC(633)   Merge Heap Roots: 0.49ms
[4820.981s][info][gc,phases      ] GC(633)   Evacuate Collection Set: 147.57ms
[4820.981s][info][gc,phases      ] GC(633)   Post Evacuate Collection Set: 0.97ms
[4820.981s][info][gc,phases      ] GC(633)   Other: 0.10ms
[4820.981s][info][gc,heap        ] GC(633) Eden regions: 547->0(539)
[4820.981s][info][gc,heap        ] GC(633) Survivor regions: 43->43(74)
[4820.981s][info][gc,heap        ] GC(633) Old regions: 306->314
[4820.981s][info][gc,heap        ] GC(633) Humongous regions: 33->33
[4820.981s][info][gc,metaspace   ] GC(633) Metaspace: 29938K(30400K)->29938K(30400K) NonClass: 24529K(24768K)->24529K(24768K) Class: 5408K(5632K)->5408K(5632K)
[4820.981s][info][gc             ] GC(633) Pause Young (Concurrent Start) (G1 Evacuation Pause) 7413M->3099M(8192M) 149.562ms
[4820.981s][info][gc             ] GC(634) Concurrent Mark Cycle
[4820.981s][info][gc,marking     ] GC(634) Concurrent Scan Root Regions
[4820.981s][info][gc,cpu         ] GC(633) User=1.19s Sys=0.00s Real=0.15s
[4821.427s][info][gc,marking     ] GC(634) Concurrent Scan Root Regions 446.046ms
[4821.427s][info][gc,marking     ] GC(634) Concurrent Mark
[4821.427s][info][gc,marking     ] GC(634) Concurrent Mark From Roots
[4821.427s][info][gc,task        ] GC(634) Using 2 workers of 2 for marking
.[4822.445s][info][gc,marking     ] GC(634) Concurrent Mark From Roots 1018.541ms
[4822.445s][info][gc,marking     ] GC(634) Concurrent Preclean
[4822.446s][info][gc,marking     ] GC(634) Concurrent Preclean 0.112ms
[4822.446s][info][gc,start       ] GC(634) Pause Remark
[4822.448s][info][gc             ] GC(634) Pause Remark 4659M->4059M(8192M) 1.900ms
[4822.448s][info][gc,cpu         ] GC(634) User=0.01s Sys=0.00s Real=0.00s
[4822.448s][info][gc,marking     ] GC(634) Concurrent Mark 1021.026ms
[4822.448s][info][gc,marking     ] GC(634) Concurrent Rebuild Remembered Sets and Scrub Regions
.[4823.074s][info][gc,marking     ] GC(634) Concurrent Rebuild Remembered Sets and Scrub Regions 626.135ms
[4823.074s][info][gc,start       ] GC(634) Pause Cleanup
[4823.074s][info][gc             ] GC(634) Pause Cleanup 4851M->4851M(8192M) 0.281ms
[4823.074s][info][gc,cpu         ] GC(634) User=0.00s Sys=0.00s Real=0.01s
[4823.075s][info][gc,marking     ] GC(634) Concurrent Clear Claimed Marks
[4823.075s][info][gc,marking     ] GC(634) Concurrent Clear Claimed Marks 0.049ms
[4823.075s][info][gc,marking     ] GC(634) Concurrent Cleanup for Next Mark
[4823.082s][info][gc,marking     ] GC(634) Concurrent Cleanup for Next Mark 7.482ms
[4823.082s][info][gc             ] GC(634) Concurrent Mark Cycle 2101.479ms
..[4825.080s][info][gc,start       ] GC(635) Pause Young (Prepare Mixed) (G1 Evacuation Pause)
[4825.080s][info][gc,task        ] GC(635) Using 8 workers of 8 for evacuation
[4825.236s][info][gc,phases      ] GC(635)   Pre Evacuate Collection Set: 0.24ms
[4825.236s][info][gc,phases      ] GC(635)   Merge Heap Roots: 0.65ms
[4825.236s][info][gc,phases      ] GC(635)   Evacuate Collection Set: 153.18ms
[4825.236s][info][gc,phases      ] GC(635)   Post Evacuate Collection Set: 1.09ms
[4825.236s][info][gc,phases      ] GC(635)   Other: 0.08ms
[4825.236s][info][gc,heap        ] GC(635) Eden regions: 539->0(570)
[4825.236s][info][gc,heap        ] GC(635) Survivor regions: 43->44(73)
[4825.236s][info][gc,heap        ] GC(635) Old regions: 239->246
[4825.236s][info][gc,heap        ] GC(635) Humongous regions: 33->33
[4825.236s][info][gc,metaspace   ] GC(635) Metaspace: 29938K(30400K)->29938K(30400K) NonClass: 24529K(24768K)->24529K(24768K) Class: 5408K(5632K)->5408K(5632K)
[4825.236s][info][gc             ] GC(635) Pause Young (Prepare Mixed) (G1 Evacuation Pause) 6811M->2570M(8192M) 155.370ms
[4825.236s][info][gc,cpu         ] GC(635) User=1.22s Sys=0.00s Real=0.16s
....[4829.573s][info][gc,start       ] GC(636) Pause Young (Mixed) (G1 Evacuation Pause)
[4829.574s][info][gc,task        ] GC(636) Using 8 workers of 8 for evacuation
[4829.732s][info][gc,phases      ] GC(636)   Pre Evacuate Collection Set: 0.27ms
[4829.732s][info][gc,phases      ] GC(636)   Merge Heap Roots: 0.88ms
[4829.732s][info][gc,phases      ] GC(636)   Evacuate Collection Set: 155.82ms
[4829.732s][info][gc,phases      ] GC(636)   Post Evacuate Collection Set: 1.26ms
[4829.732s][info][gc,phases      ] GC(636)   Other: 0.07ms
[4829.732s][info][gc,heap        ] GC(636) Eden regions: 570->0(571)
[4829.732s][info][gc,heap        ] GC(636) Survivor regions: 44->43(77)
[4829.732s][info][gc,heap        ] GC(636) Old regions: 246->152
[4829.732s][info][gc,heap        ] GC(636) Humongous regions: 33->33
[4829.732s][info][gc,metaspace   ] GC(636) Metaspace: 29938K(30400K)->29938K(30400K) NonClass: 24529K(24768K)->24529K(24768K) Class: 5408K(5632K)->5408K(5632K)
[4829.732s][info][gc             ] GC(636) Pause Young (Mixed) (G1 Evacuation Pause) 7130M->1808M(8192M) 158.437ms
[4829.732s][info][gc,cpu         ] GC(636) User=1.26s Sys=0.01s Real=0.16s
.....[4834.048s][info][gc,start       ] GC(637) Pause Young (Mixed) (G1 Evacuation Pause)
[4834.048s][info][gc,task        ] GC(637) Using 8 workers of 8 for evacuation
[4834.204s][info][gc,phases      ] GC(637)   Pre Evacuate Collection Set: 0.27ms
[4834.204s][info][gc,phases      ] GC(637)   Merge Heap Roots: 0.93ms
[4834.204s][info][gc,phases      ] GC(637)   Evacuate Collection Set: 153.22ms
[4834.204s][info][gc,phases      ] GC(637)   Post Evacuate Collection Set: 1.03ms
[4834.204s][info][gc,phases      ] GC(637)   Other: 0.08ms
[4834.204s][info][gc,heap        ] GC(637) Eden regions: 571->0(571)
[4834.204s][info][gc,heap        ] GC(637) Survivor regions: 43->43(77)
[4834.204s][info][gc,heap        ] GC(637) Old regions: 152->143
[4834.204s][info][gc,heap        ] GC(637) Humongous regions: 33->33
[4834.204s][info][gc,metaspace   ] GC(637) Metaspace: 29938K(30400K)->29938K(30400K) NonClass: 24529K(24768K)->24529K(24768K) Class: 5408K(5632K)->5408K(5632K)
[4834.204s][info][gc             ] GC(637) Pause Young (Mixed) (G1 Evacuation Pause) 6376M->1735M(8192M) 155.674ms
[4834.204s][info][gc,cpu         ] GC(637) User=1.23s Sys=0.00s Real=0.15s
....[4838.628s][info][gc,start       ] GC(638) Pause Young (Normal) (G1 Evacuation Pause)
[4838.628s][info][gc,task        ] GC(638) Using 8 workers of 8 for evacuation
[4838.779s][info][gc,phases      ] GC(638)   Pre Evacuate Collection Set: 0.25ms
[4838.779s][info][gc,phases      ] GC(638)   Merge Heap Roots: 0.54ms
[4838.779s][info][gc,phases      ] GC(638)   Evacuate Collection Set: 149.70ms
[4838.779s][info][gc,phases      ] GC(638)   Post Evacuate Collection Set: 1.01ms
[4838.779s][info][gc,phases      ] GC(638)   Other: 0.08ms
[4838.779s][info][gc,heap        ] GC(638) Eden regions: 571->0(570)
[4838.779s][info][gc,heap        ] GC(638) Survivor regions: 43->44(77)
[4838.779s][info][gc,heap        ] GC(638) Old regions: 143->150
[4838.779s][info][gc,heap        ] GC(638) Humongous regions: 33->33
[4838.779s][info][gc,metaspace   ] GC(638) Metaspace: 29938K(30400K)->29938K(30400K) NonClass: 24529K(24768K)->24529K(24768K) Class: 5408K(5632K)->5408K(5632K)
[4838.779s][info][gc             ] GC(638) Pause Young (Normal) (G1 Evacuation Pause) 6303M->1799M(8192M) 151.722ms
[4838.779s][info][gc,cpu         ] GC(638) User=1.20s Sys=0.00s Real=0.15s
.....[4843.139s][info][gc,start       ] GC(639) Pause Young (Normal) (G1 Evacuation Pause)
[4843.139s][info][gc,task        ] GC(639) Using 8 workers of 8 for evacuation
[4843.299s][info][gc,phases      ] GC(639)   Pre Evacuate Collection Set: 0.23ms
[4843.299s][info][gc,phases      ] GC(639)   Merge Heap Roots: 0.49ms
[4843.299s][info][gc,phases      ] GC(639)   Evacuate Collection Set: 157.89ms
[4843.299s][info][gc,phases      ] GC(639)   Post Evacuate Collection Set: 0.99ms
[4843.299s][info][gc,phases      ] GC(639)   Other: 0.06ms
[4843.299s][info][gc,heap        ] GC(639) Eden regions: 570->0(570)
[4843.299s][info][gc,heap        ] GC(639) Survivor regions: 44->44(77)
[4843.299s][info][gc,heap        ] GC(639) Old regions: 150->158
[4843.299s][info][gc,heap        ] GC(639) Humongous regions: 33->33
[4843.299s][info][gc,metaspace   ] GC(639) Metaspace: 29938K(30400K)->29938K(30400K) NonClass: 24529K(24768K)->24529K(24768K) Class: 5408K(5632K)->5408K(5632K)
[4843.299s][info][gc             ] GC(639) Pause Young (Normal) (G1 Evacuation Pause) 6359M->1860M(8192M) 159.789ms
[4843.299s][info][gc,cpu         ] GC(639) User=1.26s Sys=0.01s Real=0.16s
....[4847.705s][info][gc,start       ] GC(640) Pause Young (Normal) (G1 Evacuation Pause)
[4847.705s][info][gc,task        ] GC(640) Using 8 workers of 8 for evacuation
[4847.852s][info][gc,phases      ] GC(640)   Pre Evacuate Collection Set: 0.27ms
[4847.852s][info][gc,phases      ] GC(640)   Merge Heap Roots: 0.54ms
[4847.852s][info][gc,phases      ] GC(640)   Evacuate Collection Set: 144.90ms
[4847.852s][info][gc,phases      ] GC(640)   Post Evacuate Collection Set: 1.01ms
[4847.852s][info][gc,phases      ] GC(640)   Other: 0.06ms
[4847.852s][info][gc,heap        ] GC(640) Eden regions: 570->0(572)
[4847.852s][info][gc,heap        ] GC(640) Survivor regions: 44->42(77)
[4847.852s][info][gc,heap        ] GC(640) Old regions: 158->165
[4847.852s][info][gc,heap        ] GC(640) Humongous regions: 33->33
[4847.852s][info][gc,metaspace   ] GC(640) Metaspace: 29938K(30400K)->29938K(30400K) NonClass: 24529K(24768K)->24529K(24768K) Class: 5408K(5632K)->5408K(5632K)
[4847.852s][info][gc             ] GC(640) Pause Young (Normal) (G1 Evacuation Pause) 6420M->1899M(8192M) 146.926ms
[4847.852s][info][gc,cpu         ] GC(640) User=1.16s Sys=0.00s Real=0.14s
.....[4852.279s][info][gc,start       ] GC(641) Pause Young (Normal) (G1 Evacuation Pause)
[4852.279s][info][gc,task        ] GC(641) Using 8 workers of 8 for evacuation
[4852.431s][info][gc,phases      ] GC(641)   Pre Evacuate Collection Set: 0.27ms
[4852.431s][info][gc,phases      ] GC(641)   Merge Heap Roots: 0.52ms
[4852.431s][info][gc,phases      ] GC(641)   Evacuate Collection Set: 149.95ms
[4852.431s][info][gc,phases      ] GC(641)   Post Evacuate Collection Set: 0.99ms
[4852.431s][info][gc,phases      ] GC(641)   Other: 0.06ms
[4852.431s][info][gc,heap        ] GC(641) Eden regions: 572->0(570)
[4852.431s][info][gc,heap        ] GC(641) Survivor regions: 42->44(77)
[4852.431s][info][gc,heap        ] GC(641) Old regions: 165->172
[4852.431s][info][gc,heap        ] GC(641) Humongous regions: 33->33
[4852.431s][info][gc,metaspace   ] GC(641) Metaspace: 29938K(30400K)->29938K(30400K) NonClass: 24529K(24768K)->24529K(24768K) Class: 5408K(5632K)->5408K(5632K)
[4852.431s][info][gc             ] GC(641) Pause Young (Normal) (G1 Evacuation Pause) 6475M->1972M(8192M) 151.918ms
[4852.431s][info][gc,cpu         ] GC(641) User=1.20s Sys=0.00s Real=0.15s
.....[4856.891s][info][gc,start       ] GC(642) Pause Young (Normal) (G1 Evacuation Pause)
[4856.891s][info][gc,task        ] GC(642) Using 8 workers of 8 for evacuation
[4857.038s][info][gc,phases      ] GC(642)   Pre Evacuate Collection Set: 0.25ms
[4857.038s][info][gc,phases      ] GC(642)   Merge Heap Roots: 0.49ms
[4857.038s][info][gc,phases      ] GC(642)   Evacuate Collection Set: 145.15ms
[4857.038s][info][gc,phases      ] GC(642)   Post Evacuate Collection Set: 1.02ms
[4857.038s][info][gc,phases      ] GC(642)   Other: 0.06ms
[4857.038s][info][gc,heap        ] GC(642) Eden regions: 570->0(572)
[4857.038s][info][gc,heap        ] GC(642) Survivor regions: 44->42(77)
[4857.038s][info][gc,heap        ] GC(642) Old regions: 172->179
[4857.038s][info][gc,heap        ] GC(642) Humongous regions: 33->33
[4857.038s][info][gc,metaspace   ] GC(642) Metaspace: 29938K(30400K)->29938K(30400K) NonClass: 24529K(24768K)->24529K(24768K) Class: 5408K(5632K)->5408K(5632K)
[4857.038s][info][gc             ] GC(642) Pause Young (Normal) (G1 Evacuation Pause) 6532M->2016M(8192M) 147.121ms
[4857.038s][info][gc,cpu         ] GC(642) User=1.16s Sys=0.00s Real=0.15s
....[4861.476s][info][gc,start       ] GC(643) Pause Young (Normal) (G1 Evacuation Pause)
[4861.476s][info][gc,task        ] GC(643) Using 8 workers of 8 for evacuation
[4861.622s][info][gc,phases      ] GC(643)   Pre Evacuate Collection Set: 0.26ms
[4861.622s][info][gc,phases      ] GC(643)   Merge Heap Roots: 0.53ms
[4861.622s][info][gc,phases      ] GC(643)   Evacuate Collection Set: 143.72ms
[4861.622s][info][gc,phases      ] GC(643)   Post Evacuate Collection Set: 1.03ms
[4861.622s][info][gc,phases      ] GC(643)   Other: 0.07ms
[4861.622s][info][gc,heap        ] GC(643) Eden regions: 572->0(573)
[4861.622s][info][gc,heap        ] GC(643) Survivor regions: 42->41(77)
[4861.622s][info][gc,heap        ] GC(643) Old regions: 179->186
[4861.622s][info][gc,heap        ] GC(643) Humongous regions: 33->33
[4861.622s][info][gc,metaspace   ] GC(643) Metaspace: 29938K(30400K)->29938K(30400K) NonClass: 24529K(24768K)->24529K(24768K) Class: 5408K(5632K)->5408K(5632K)
[4861.622s][info][gc             ] GC(643) Pause Young (Normal) (G1 Evacuation Pause) 6592M->2062M(8192M) 145.745ms
[4861.622s][info][gc,cpu         ] GC(643) User=1.15s Sys=0.00s Real=0.14s
. (rIR:aIR:PR = 8384:8413:8413) (tPR = 124448) [OK] 
  4861s: Performance info:
         Transaction,    Success,    Partial,     Failed,   Receipts, AvgBarcode, 
             Overall,     507007,          0,          0,     481888,      59.48, 
         Response times:
             Request,    Success,    Partial,     Failed,   SkipFail,     Probes,    Samples,      min,      p50,      p90,      p95,      p99,      max, 
       TotalPurchase,     481888,          0,          0,          0,     361524,     394459,      300,     5800,    15500,    51000,   107000,  1100000,
     InStorePurchase,     254172,          0,          0,          0,     189597,     206907,      300,     5900,    15400,    49000,   107000,  1100000,
      OnlinePurchase,     176984,          0,          0,          0,     133416,     145298,      300,     5900,    15400,    53000,   107000,  1100000,
        InstPurchase,      50732,          0,          0,          0,      38511,      42254,      400,     5700,    15700,    55000,   107000,  1100000,
          AssocOfCat,        508,          0,          0,          0,        405,        515,    31000,    46000,    79600,   150600,   213360,   266000,
      AssocOfProduct,       5017,          0,          0,          0,       3584,       4135,      700,     6300,    16140,    48000,   110280,   441000,
      BusinessReport,       1270,          0,          0,          0,       1129,       1397,    30000,    53000,    80000,   120000,   217020,   356000,
          CustBuyBeh,       5091,          0,          0,          0,       3602,       4112,      300,     5900,    15700,    54350,   114000,   316000,
       ProductReturn,      13233,          0,          0,          0,       9302,      10414,      300,     6300,    16200,    51000,   105000,   440000,

  4861s: (60%)   IR =   8526 ....[4866.085s][info][gc,start       ] GC(644) Pause Young (Normal) (G1 Evacuation Pause)
[4866.085s][info][gc,task        ] GC(644) Using 8 workers of 8 for evacuation
[4866.242s][info][gc,phases      ] GC(644)   Pre Evacuate Collection Set: 0.24ms
[4866.242s][info][gc,phases      ] GC(644)   Merge Heap Roots: 0.50ms
[4866.242s][info][gc,phases      ] GC(644)   Evacuate Collection Set: 155.41ms
[4866.242s][info][gc,phases      ] GC(644)   Post Evacuate Collection Set: 1.01ms
[4866.242s][info][gc,phases      ] GC(644)   Other: 0.10ms
[4866.242s][info][gc,heap        ] GC(644) Eden regions: 573->0(569)
[4866.242s][info][gc,heap        ] GC(644) Survivor regions: 41->45(77)
[4866.242s][info][gc,heap        ] GC(644) Old regions: 186->193
[4866.242s][info][gc,heap        ] GC(644) Humongous regions: 33->33
[4866.242s][info][gc,metaspace   ] GC(644) Metaspace: 29938K(30400K)->29938K(30400K) NonClass: 24529K(24768K)->24529K(24768K) Class: 5408K(5632K)->5408K(5632K)
[4866.242s][info][gc             ] GC(644) Pause Young (Normal) (G1 Evacuation Pause) 6646M->2149M(8192M) 157.395ms
[4866.242s][info][gc,cpu         ] GC(644) User=1.25s Sys=0.00s Real=0.15s
....[4870.583s][info][gc,start       ] GC(645) Pause Young (Normal) (G1 Evacuation Pause)
[4870.583s][info][gc,task        ] GC(645) Using 8 workers of 8 for evacuation
[4870.736s][info][gc,phases      ] GC(645)   Pre Evacuate Collection Set: 0.24ms
[4870.736s][info][gc,phases      ] GC(645)   Merge Heap Roots: 0.50ms
[4870.736s][info][gc,phases      ] GC(645)   Evacuate Collection Set: 151.09ms
[4870.736s][info][gc,phases      ] GC(645)   Post Evacuate Collection Set: 1.00ms
[4870.736s][info][gc,phases      ] GC(645)   Other: 0.07ms
[4870.736s][info][gc,heap        ] GC(645) Eden regions: 569->0(570)
[4870.736s][info][gc,heap        ] GC(645) Survivor regions: 45->44(77)
[4870.736s][info][gc,heap        ] GC(645) Old regions: 193->200
[4870.736s][info][gc,heap        ] GC(645) Humongous regions: 33->33
[4870.736s][info][gc,metaspace   ] GC(645) Metaspace: 29938K(30400K)->29938K(30400K) NonClass: 24529K(24768K)->24529K(24768K) Class: 5408K(5632K)->5408K(5632K)
[4870.736s][info][gc             ] GC(645) Pause Young (Normal) (G1 Evacuation Pause) 6701M->2196M(8192M) 153.030ms
[4870.736s][info][gc,cpu         ] GC(645) User=1.22s Sys=0.00s Real=0.16s
.....[4875.154s][info][gc,start       ] GC(646) Pause Young (Normal) (G1 Evacuation Pause)
[4875.154s][info][gc,task        ] GC(646) Using 8 workers of 8 for evacuation
[4875.306s][info][gc,phases      ] GC(646)   Pre Evacuate Collection Set: 0.26ms
[4875.306s][info][gc,phases      ] GC(646)   Merge Heap Roots: 0.52ms
[4875.306s][info][gc,phases      ] GC(646)   Evacuate Collection Set: 150.24ms
[4875.306s][info][gc,phases      ] GC(646)   Post Evacuate Collection Set: 0.99ms
[4875.306s][info][gc,phases      ] GC(646)   Other: 0.06ms
[4875.306s][info][gc,heap        ] GC(646) Eden regions: 570->0(570)
[4875.306s][info][gc,heap        ] GC(646) Survivor regions: 44->44(77)
[4875.306s][info][gc,heap        ] GC(646) Old regions: 200->207
[4875.306s][info][gc,heap        ] GC(646) Humongous regions: 33->33
[4875.306s][info][gc,metaspace   ] GC(646) Metaspace: 29938K(30400K)->29938K(30400K) NonClass: 24529K(24768K)->24529K(24768K) Class: 5408K(5632K)->5408K(5632K)
[4875.306s][info][gc             ] GC(646) Pause Young (Normal) (G1 Evacuation Pause) 6756M->2255M(8192M) 152.202ms
[4875.306s][info][gc,cpu         ] GC(646) User=1.20s Sys=0.00s Real=0.16s
....[4879.582s][info][gc,start       ] GC(647) Pause Young (Normal) (G1 Evacuation Pause)
[4879.582s][info][gc,task        ] GC(647) Using 8 workers of 8 for evacuation
[4879.735s][info][gc,phases      ] GC(647)   Pre Evacuate Collection Set: 0.26ms
[4879.735s][info][gc,phases      ] GC(647)   Merge Heap Roots: 0.60ms
[4879.735s][info][gc,phases      ] GC(647)   Evacuate Collection Set: 150.86ms
[4879.735s][info][gc,phases      ] GC(647)   Post Evacuate Collection Set: 1.01ms
[4879.735s][info][gc,phases      ] GC(647)   Other: 0.06ms
[4879.735s][info][gc,heap        ] GC(647) Eden regions: 570->0(571)
[4879.735s][info][gc,heap        ] GC(647) Survivor regions: 44->43(77)
[4879.735s][info][gc,heap        ] GC(647) Old regions: 207->215
[4879.735s][info][gc,heap        ] GC(647) Humongous regions: 33->33
[4879.735s][info][gc,metaspace   ] GC(647) Metaspace: 29938K(30400K)->29938K(30400K) NonClass: 24529K(24768K)->24529K(24768K) Class: 5408K(5632K)->5408K(5632K)
[4879.735s][info][gc             ] GC(647) Pause Young (Normal) (G1 Evacuation Pause) 6815M->2304M(8192M) 152.934ms
[4879.735s][info][gc,cpu         ] GC(647) User=1.21s Sys=0.00s Real=0.16s
..|...[4884.032s][info][gc,start       ] GC(648) Pause Young (Normal) (G1 Evacuation Pause)
[4884.032s][info][gc,task        ] GC(648) Using 8 workers of 8 for evacuation
[4884.181s][info][gc,phases      ] GC(648)   Pre Evacuate Collection Set: 0.24ms
[4884.181s][info][gc,phases      ] GC(648)   Merge Heap Roots: 0.49ms
[4884.181s][info][gc,phases      ] GC(648)   Evacuate Collection Set: 147.75ms
[4884.181s][info][gc,phases      ] GC(648)   Post Evacuate Collection Set: 1.03ms
[4884.181s][info][gc,phases      ] GC(648)   Other: 0.06ms
[4884.181s][info][gc,heap        ] GC(648) Eden regions: 571->0(570)
[4884.181s][info][gc,heap        ] GC(648) Survivor regions: 43->44(77)
[4884.181s][info][gc,heap        ] GC(648) Old regions: 215->222
[4884.181s][info][gc,heap        ] GC(648) Humongous regions: 33->33
[4884.181s][info][gc,metaspace   ] GC(648) Metaspace: 29938K(30400K)->29938K(30400K) NonClass: 24529K(24768K)->24529K(24768K) Class: 5408K(5632K)->5408K(5632K)
[4884.181s][info][gc             ] GC(648) Pause Young (Normal) (G1 Evacuation Pause) 6872M->2370M(8192M) 149.712ms
[4884.181s][info][gc,cpu         ] GC(648) User=1.19s Sys=0.00s Real=0.15s
....[4888.507s][info][gc,start       ] GC(649) Pause Young (Normal) (G1 Evacuation Pause)
[4888.507s][info][gc,task        ] GC(649) Using 8 workers of 8 for evacuation
[4888.658s][info][gc,phases      ] GC(649)   Pre Evacuate Collection Set: 0.25ms
[4888.658s][info][gc,phases      ] GC(649)   Merge Heap Roots: 0.54ms
[4888.658s][info][gc,phases      ] GC(649)   Evacuate Collection Set: 149.08ms
[4888.658s][info][gc,phases      ] GC(649)   Post Evacuate Collection Set: 1.01ms
[4888.658s][info][gc,phases      ] GC(649)   Other: 0.07ms
[4888.658s][info][gc,heap        ] GC(649) Eden regions: 570->0(571)
[4888.658s][info][gc,heap        ] GC(649) Survivor regions: 44->43(77)
[4888.658s][info][gc,heap        ] GC(649) Old regions: 222->229
[4888.658s][info][gc,heap        ] GC(649) Humongous regions: 33->33
[4888.658s][info][gc,metaspace   ] GC(649) Metaspace: 29938K(30400K)->29938K(30400K) NonClass: 24529K(24768K)->24529K(24768K) Class: 5408K(5632K)->5408K(5632K)
[4888.658s][info][gc             ] GC(649) Pause Young (Normal) (G1 Evacuation Pause) 6930M->2423M(8192M) 151.085ms
[4888.658s][info][gc,cpu         ] GC(649) User=1.19s Sys=0.00s Real=0.15s
....[4892.956s][info][gc,start       ] GC(650) Pause Young (Normal) (G1 Evacuation Pause)
[4892.956s][info][gc,task        ] GC(650) Using 8 workers of 8 for evacuation
[4893.107s][info][gc,phases      ] GC(650)   Pre Evacuate Collection Set: 0.24ms
[4893.107s][info][gc,phases      ] GC(650)   Merge Heap Roots: 0.49ms
[4893.107s][info][gc,phases      ] GC(650)   Evacuate Collection Set: 148.31ms
[4893.107s][info][gc,phases      ] GC(650)   Post Evacuate Collection Set: 1.01ms
[4893.107s][info][gc,phases      ] GC(650)   Other: 0.06ms
[4893.107s][info][gc,heap        ] GC(650) Eden regions: 571->0(570)
[4893.107s][info][gc,heap        ] GC(650) Survivor regions: 43->44(77)
[4893.107s][info][gc,heap        ] GC(650) Old regions: 229->236
[4893.107s][info][gc,heap        ] GC(650) Humongous regions: 33->33
[4893.107s][info][gc,metaspace   ] GC(650) Metaspace: 29938K(30400K)->29938K(30400K) NonClass: 24529K(24768K)->24529K(24768K) Class: 5408K(5632K)->5408K(5632K)
[4893.107s][info][gc             ] GC(650) Pause Young (Normal) (G1 Evacuation Pause) 6991M->2483M(8192M) 150.232ms
[4893.107s][info][gc,cpu         ] GC(650) User=1.19s Sys=0.00s Real=0.15s
.....[4897.542s][info][gc,start       ] GC(651) Pause Young (Normal) (G1 Evacuation Pause)
[4897.542s][info][gc,task        ] GC(651) Using 8 workers of 8 for evacuation
[4897.690s][info][gc,phases      ] GC(651)   Pre Evacuate Collection Set: 0.26ms
[4897.690s][info][gc,phases      ] GC(651)   Merge Heap Roots: 0.53ms
[4897.690s][info][gc,phases      ] GC(651)   Evacuate Collection Set: 146.64ms
[4897.690s][info][gc,phases      ] GC(651)   Post Evacuate Collection Set: 1.03ms
[4897.690s][info][gc,phases      ] GC(651)   Other: 0.08ms
[4897.690s][info][gc,heap        ] GC(651) Eden regions: 570->0(571)
[4897.690s][info][gc,heap        ] GC(651) Survivor regions: 44->43(77)
[4897.690s][info][gc,heap        ] GC(651) Old regions: 236->243
[4897.690s][info][gc,heap        ] GC(651) Humongous regions: 33->33
[4897.690s][info][gc,metaspace   ] GC(651) Metaspace: 29938K(30400K)->29938K(30400K) NonClass: 24529K(24768K)->24529K(24768K) Class: 5408K(5632K)->5408K(5632K)
[4897.691s][info][gc             ] GC(651) Pause Young (Normal) (G1 Evacuation Pause) 7043M->2530M(8192M) 148.685ms
[4897.691s][info][gc,cpu         ] GC(651) User=1.17s Sys=0.00s Real=0.15s
.....[4902.119s][info][gc,start       ] GC(652) Pause Young (Normal) (G1 Evacuation Pause)
[4902.119s][info][gc,task        ] GC(652) Using 8 workers of 8 for evacuation
[4902.273s][info][gc,phases      ] GC(652)   Pre Evacuate Collection Set: 0.24ms
[4902.273s][info][gc,phases      ] GC(652)   Merge Heap Roots: 0.50ms
[4902.273s][info][gc,phases      ] GC(652)   Evacuate Collection Set: 152.08ms
[4902.273s][info][gc,phases      ] GC(652)   Post Evacuate Collection Set: 1.02ms
[4902.273s][info][gc,phases      ] GC(652)   Other: 0.07ms
[4902.273s][info][gc,heap        ] GC(652) Eden regions: 571->0(570)
[4902.273s][info][gc,heap        ] GC(652) Survivor regions: 43->44(77)
[4902.273s][info][gc,heap        ] GC(652) Old regions: 243->250
[4902.273s][info][gc,heap        ] GC(652) Humongous regions: 33->33
[4902.273s][info][gc,metaspace   ] GC(652) Metaspace: 29938K(30400K)->29938K(30400K) NonClass: 24529K(24768K)->24529K(24768K) Class: 5408K(5632K)->5408K(5632K)
[4902.273s][info][gc             ] GC(652) Pause Young (Normal) (G1 Evacuation Pause) 7098M->2598M(8192M) 154.043ms
[4902.273s][info][gc,cpu         ] GC(652) User=1.22s Sys=0.00s Real=0.15s
....[4906.421s][info][gc,start       ] GC(653) Pause Young (Normal) (G1 Evacuation Pause)
[4906.421s][info][gc,task        ] GC(653) Using 8 workers of 8 for evacuation
[4906.568s][info][gc,phases      ] GC(653)   Pre Evacuate Collection Set: 0.27ms
[4906.568s][info][gc,phases      ] GC(653)   Merge Heap Roots: 0.59ms
[4906.568s][info][gc,phases      ] GC(653)   Evacuate Collection Set: 145.50ms
[4906.568s][info][gc,phases      ] GC(653)   Post Evacuate Collection Set: 1.04ms
[4906.568s][info][gc,phases      ] GC(653)   Other: 0.06ms
[4906.568s][info][gc,heap        ] GC(653) Eden regions: 570->0(572)
[4906.568s][info][gc,heap        ] GC(653) Survivor regions: 44->42(77)
[4906.568s][info][gc,heap        ] GC(653) Old regions: 250->257
[4906.568s][info][gc,heap        ] GC(653) Humongous regions: 33->33
[4906.568s][info][gc,metaspace   ] GC(653) Metaspace: 29938K(30400K)->29938K(30400K) NonClass: 24529K(24768K)->24529K(24768K) Class: 5408K(5632K)->5408K(5632K)
[4906.568s][info][gc             ] GC(653) Pause Young (Normal) (G1 Evacuation Pause) 7158M->2634M(8192M) 147.598ms
[4906.568s][info][gc,cpu         ] GC(653) User=1.17s Sys=0.00s Real=0.15s
....[4910.929s][info][gc,start       ] GC(654) Pause Young (Normal) (G1 Evacuation Pause)
[4910.930s][info][gc,task        ] GC(654) Using 8 workers of 8 for evacuation
[4911.081s][info][gc,phases      ] GC(654)   Pre Evacuate Collection Set: 0.25ms
[4911.081s][info][gc,phases      ] GC(654)   Merge Heap Roots: 0.52ms
[4911.081s][info][gc,phases      ] GC(654)   Evacuate Collection Set: 149.31ms
[4911.081s][info][gc,phases      ] GC(654)   Post Evacuate Collection Set: 1.00ms
[4911.081s][info][gc,phases      ] GC(654)   Other: 0.06ms
[4911.081s][info][gc,heap        ] GC(654) Eden regions: 572->0(571)
[4911.081s][info][gc,heap        ] GC(654) Survivor regions: 42->43(77)
[4911.081s][info][gc,heap        ] GC(654) Old regions: 257->264
[4911.081s][info][gc,heap        ] GC(654) Humongous regions: 33->33
[4911.081s][info][gc,metaspace   ] GC(654) Metaspace: 29938K(30400K)->29938K(30400K) NonClass: 24529K(24768K)->24529K(24768K) Class: 5408K(5632K)->5408K(5632K)
[4911.081s][info][gc             ] GC(654) Pause Young (Normal) (G1 Evacuation Pause) 7210M->2699M(8192M) 151.280ms
[4911.081s][info][gc,cpu         ] GC(654) User=1.20s Sys=0.00s Real=0.15s
.....[4915.498s][info][gc,start       ] GC(655) Pause Young (Normal) (G1 Evacuation Pause)
[4915.498s][info][gc,task        ] GC(655) Using 8 workers of 8 for evacuation
[4915.647s][info][gc,phases      ] GC(655)   Pre Evacuate Collection Set: 0.27ms
[4915.647s][info][gc,phases      ] GC(655)   Merge Heap Roots: 0.51ms
[4915.647s][info][gc,phases      ] GC(655)   Evacuate Collection Set: 146.74ms
[4915.647s][info][gc,phases      ] GC(655)   Post Evacuate Collection Set: 1.02ms
[4915.647s][info][gc,phases      ] GC(655)   Other: 0.06ms
[4915.647s][info][gc,heap        ] GC(655) Eden regions: 571->0(571)
[4915.647s][info][gc,heap        ] GC(655) Survivor regions: 43->43(77)
[4915.647s][info][gc,heap        ] GC(655) Old regions: 264->271
[4915.647s][info][gc,heap        ] GC(655) Humongous regions: 33->33
[4915.647s][info][gc,metaspace   ] GC(655) Metaspace: 29938K(30400K)->29938K(30400K) NonClass: 24529K(24768K)->24529K(24768K) Class: 5408K(5632K)->5408K(5632K)
[4915.647s][info][gc             ] GC(655) Pause Young (Normal) (G1 Evacuation Pause) 7267M->2755M(8192M) 148.734ms
[4915.647s][info][gc,cpu         ] GC(655) User=1.18s Sys=0.00s Real=0.15s
....[4920.028s][info][gc,start       ] GC(656) Pause Young (Normal) (G1 Evacuation Pause)
[4920.028s][info][gc,task        ] GC(656) Using 8 workers of 8 for evacuation
[4920.180s][info][gc,phases      ] GC(656)   Pre Evacuate Collection Set: 0.24ms
[4920.180s][info][gc,phases      ] GC(656)   Merge Heap Roots: 0.54ms
[4920.180s][info][gc,phases      ] GC(656)   Evacuate Collection Set: 150.28ms
[4920.180s][info][gc,phases      ] GC(656)   Post Evacuate Collection Set: 1.01ms
[4920.180s][info][gc,phases      ] GC(656)   Other: 0.06ms
[4920.180s][info][gc,heap        ] GC(656) Eden regions: 571->0(570)
[4920.180s][info][gc,heap        ] GC(656) Survivor regions: 43->44(77)
[4920.180s][info][gc,heap        ] GC(656) Old regions: 271->278
[4920.180s][info][gc,heap        ] GC(656) Humongous regions: 33->33
[4920.180s][info][gc,metaspace   ] GC(656) Metaspace: 29938K(30400K)->29938K(30400K) NonClass: 24529K(24768K)->24529K(24768K) Class: 5408K(5632K)->5408K(5632K)
[4920.180s][info][gc             ] GC(656) Pause Young (Normal) (G1 Evacuation Pause) 7323M->2823M(8192M) 152.303ms
[4920.180s][info][gc,cpu         ] GC(656) User=1.20s Sys=0.00s Real=0.15s
.....[4924.433s][info][gc,start       ] GC(657) Pause Young (Normal) (G1 Evacuation Pause)
[4924.433s][info][gc,task        ] GC(657) Using 8 workers of 8 for evacuation
[4924.584s][info][gc,phases      ] GC(657)   Pre Evacuate Collection Set: 0.28ms
[4924.584s][info][gc,phases      ] GC(657)   Merge Heap Roots: 0.56ms
[4924.584s][info][gc,phases      ] GC(657)   Evacuate Collection Set: 149.07ms
[4924.584s][info][gc,phases      ] GC(657)   Post Evacuate Collection Set: 1.01ms
[4924.584s][info][gc,phases      ] GC(657)   Other: 0.06ms
[4924.584s][info][gc,heap        ] GC(657) Eden regions: 570->0(570)
[4924.584s][info][gc,heap        ] GC(657) Survivor regions: 44->42(77)
[4924.584s][info][gc,heap        ] GC(657) Old regions: 278->285
[4924.584s][info][gc,heap        ] GC(657) Humongous regions: 33->33
[4924.584s][info][gc,metaspace   ] GC(657) Metaspace: 29938K(30400K)->29938K(30400K) NonClass: 24529K(24768K)->24529K(24768K) Class: 5408K(5632K)->5408K(5632K)
[4924.584s][info][gc             ] GC(657) Pause Young (Normal) (G1 Evacuation Pause) 7383M->2867M(8192M) 151.106ms
[4924.584s][info][gc,cpu         ] GC(657) User=1.19s Sys=0.00s Real=0.15s
....[4928.967s][info][gc,start       ] GC(658) Pause Young (Normal) (G1 Evacuation Pause)
[4928.967s][info][gc,task        ] GC(658) Using 8 workers of 8 for evacuation
[4929.118s][info][gc,phases      ] GC(658)   Pre Evacuate Collection Set: 0.26ms
[4929.118s][info][gc,phases      ] GC(658)   Merge Heap Roots: 0.51ms
[4929.118s][info][gc,phases      ] GC(658)   Evacuate Collection Set: 149.43ms
[4929.118s][info][gc,phases      ] GC(658)   Post Evacuate Collection Set: 1.00ms
[4929.118s][info][gc,phases      ] GC(658)   Other: 0.07ms
[4929.118s][info][gc,heap        ] GC(658) Eden regions: 570->0(559)
[4929.118s][info][gc,heap        ] GC(658) Survivor regions: 42->44(77)
[4929.118s][info][gc,heap        ] GC(658) Old regions: 285->292
[4929.118s][info][gc,heap        ] GC(658) Humongous regions: 33->33
[4929.118s][info][gc,metaspace   ] GC(658) Metaspace: 29938K(30400K)->29938K(30400K) NonClass: 24529K(24768K)->24529K(24768K) Class: 5408K(5632K)->5408K(5632K)
[4929.118s][info][gc             ] GC(658) Pause Young (Normal) (G1 Evacuation Pause) 7427M->2939M(8192M) 151.398ms
[4929.119s][info][gc,cpu         ] GC(658) User=1.19s Sys=0.01s Real=0.15s
.....[4933.280s][info][gc,start       ] GC(659) Pause Young (Normal) (G1 Evacuation Pause)
[4933.280s][info][gc,task        ] GC(659) Using 8 workers of 8 for evacuation
[4933.432s][info][gc,phases      ] GC(659)   Pre Evacuate Collection Set: 0.27ms
[4933.432s][info][gc,phases      ] GC(659)   Merge Heap Roots: 0.55ms
[4933.432s][info][gc,phases      ] GC(659)   Evacuate Collection Set: 150.74ms
[4933.432s][info][gc,phases      ] GC(659)   Post Evacuate Collection Set: 1.03ms
[4933.432s][info][gc,phases      ] GC(659)   Other: 0.08ms
[4933.433s][info][gc,heap        ] GC(659) Eden regions: 559->0(553)
[4933.433s][info][gc,heap        ] GC(659) Survivor regions: 44->43(76)
[4933.433s][info][gc,heap        ] GC(659) Old regions: 292->300
[4933.433s][info][gc,heap        ] GC(659) Humongous regions: 33->33
[4933.433s][info][gc,metaspace   ] GC(659) Metaspace: 29938K(30400K)->29938K(30400K) NonClass: 24529K(24768K)->24529K(24768K) Class: 5408K(5632K)->5408K(5632K)
[4933.433s][info][gc             ] GC(659) Pause Young (Normal) (G1 Evacuation Pause) 7411M->2984M(8192M) 152.794ms
[4933.433s][info][gc,cpu         ] GC(659) User=1.21s Sys=0.00s Real=0.15s
....[4937.640s][info][gc,start       ] GC(660) Pause Young (Normal) (G1 Evacuation Pause)
[4937.640s][info][gc,task        ] GC(660) Using 8 workers of 8 for evacuation
[4937.789s][info][gc,phases      ] GC(660)   Pre Evacuate Collection Set: 0.28ms
[4937.789s][info][gc,phases      ] GC(660)   Merge Heap Roots: 0.54ms
[4937.789s][info][gc,phases      ] GC(660)   Evacuate Collection Set: 147.31ms
[4937.789s][info][gc,phases      ] GC(660)   Post Evacuate Collection Set: 0.97ms
[4937.789s][info][gc,phases      ] GC(660)   Other: 0.07ms
[4937.789s][info][gc,heap        ] GC(660) Eden regions: 553->0(546)
[4937.789s][info][gc,heap        ] GC(660) Survivor regions: 43->43(75)
[4937.789s][info][gc,heap        ] GC(660) Old regions: 300->307
[4937.789s][info][gc,heap        ] GC(660) Humongous regions: 33->33
[4937.789s][info][gc,metaspace   ] GC(660) Metaspace: 29938K(30400K)->29938K(30400K) NonClass: 24529K(24768K)->24529K(24768K) Class: 5408K(5632K)->5408K(5632K)
[4937.789s][info][gc             ] GC(660) Pause Young (Normal) (G1 Evacuation Pause) 7408M->3044M(8192M) 149.309ms
[4937.789s][info][gc,cpu         ] GC(660) User=1.18s Sys=0.00s Real=0.15s
.... (rIR:aIR:PR = 8526:8535:8535) (tPR = 126287) [OK] 
  4941s: Performance info:
         Transaction,    Success,    Partial,     Failed,   Receipts, AvgBarcode, 
             Overall,     514019,          0,          0,     488401,      59.47, 
         Response times:
             Request,    Success,    Partial,     Failed,   SkipFail,     Probes,    Samples,      min,      p50,      p90,      p95,      p99,      max, 
       TotalPurchase,     488420,          0,          0,          0,     359382,     476376,      300,     5900,    14400,    39000,    94000,   475000,
     InStorePurchase,     258207,          0,          0,          0,     189233,     250502,      400,     5900,    14500,    40000,    94000,   475000,
      OnlinePurchase,     178966,          0,          0,          0,     132285,     175174,      300,     5800,    14400,    39000,    93000,   475000,
        InstPurchase,      51247,          0,          0,          0,      37864,      50700,      400,     6100,    14500,    39000,    95000,   474000,
          AssocOfCat,        517,          0,          0,          0,        439,        685,    31000,    48000,    75400,    98400,   199420,   211000,
      AssocOfProduct,       5148,          0,          0,          0,       3708,       5224,      800,     5700,    13750,    46000,    89750,   195000,
      BusinessReport,       1284,          0,          0,          0,       1131,       1657,    30000,    54000,    79000,   119100,   208000,   347000,
          CustBuyBeh,       5121,          0,          0,          0,       3629,       5163,      600,     6300,    15600,    51000,    97360,   207000,
       ProductReturn,      13566,          0,          0,          0,       9540,      12927,      200,     6300,    15300,    43000,    99000,   334000,

  4941s: (61%)   IR =   8668 [4942.052s][info][gc,start       ] GC(661) Pause Young (Concurrent Start) (G1 Evacuation Pause)
[4942.052s][info][gc,task        ] GC(661) Using 8 workers of 8 for evacuation
[4942.200s][info][gc,phases      ] GC(661)   Pre Evacuate Collection Set: 0.32ms
[4942.200s][info][gc,phases      ] GC(661)   Merge Heap Roots: 0.54ms
[4942.200s][info][gc,phases      ] GC(661)   Evacuate Collection Set: 145.98ms
[4942.200s][info][gc,phases      ] GC(661)   Post Evacuate Collection Set: 0.97ms
[4942.200s][info][gc,phases      ] GC(661)   Other: 0.11ms
[4942.200s][info][gc,heap        ] GC(661) Eden regions: 546->0(542)
[4942.200s][info][gc,heap        ] GC(661) Survivor regions: 43->41(74)
[4942.200s][info][gc,heap        ] GC(661) Old regions: 307->315
[4942.200s][info][gc,heap        ] GC(661) Humongous regions: 33->33
[4942.200s][info][gc,metaspace   ] GC(661) Metaspace: 29938K(30400K)->29938K(30400K) NonClass: 24529K(24768K)->24529K(24768K) Class: 5408K(5632K)->5408K(5632K)
[4942.200s][info][gc             ] GC(661) Pause Young (Concurrent Start) (G1 Evacuation Pause) 7412M->3088M(8192M) 148.042ms
[4942.200s][info][gc             ] GC(662) Concurrent Mark Cycle
[4942.200s][info][gc,marking     ] GC(662) Concurrent Scan Root Regions
[4942.200s][info][gc,cpu         ] GC(661) User=1.17s Sys=0.00s Real=0.15s
.[4942.482s][info][gc,marking     ] GC(662) Concurrent Scan Root Regions 281.870ms
[4942.482s][info][gc,marking     ] GC(662) Concurrent Mark
[4942.482s][info][gc,marking     ] GC(662) Concurrent Mark From Roots
[4942.482s][info][gc,task        ] GC(662) Using 2 workers of 2 for marking
.[4943.931s][info][gc,marking     ] GC(662) Concurrent Mark From Roots 1448.596ms
[4943.931s][info][gc,marking     ] GC(662) Concurrent Preclean
[4943.931s][info][gc,marking     ] GC(662) Concurrent Preclean 0.101ms
[4943.931s][info][gc,start       ] GC(662) Pause Remark
[4943.933s][info][gc             ] GC(662) Pause Remark 5016M->4384M(8192M) 1.676ms
[4943.933s][info][gc,cpu         ] GC(662) User=0.01s Sys=0.00s Real=0.00s
[4943.933s][info][gc,marking     ] GC(662) Concurrent Mark 1450.662ms
[4943.933s][info][gc,marking     ] GC(662) Concurrent Rebuild Remembered Sets and Scrub Regions
.[4944.453s][info][gc,marking     ] GC(662) Concurrent Rebuild Remembered Sets and Scrub Regions 520.309ms
[4944.453s][info][gc,start       ] GC(662) Pause Cleanup
[4944.454s][info][gc             ] GC(662) Pause Cleanup 4908M->4908M(8192M) 0.273ms
[4944.454s][info][gc,cpu         ] GC(662) User=0.00s Sys=0.00s Real=0.00s
[4944.454s][info][gc,marking     ] GC(662) Concurrent Clear Claimed Marks
[4944.454s][info][gc,marking     ] GC(662) Concurrent Clear Claimed Marks 0.046ms
[4944.454s][info][gc,marking     ] GC(662) Concurrent Cleanup for Next Mark
[4944.464s][info][gc,marking     ] GC(662) Concurrent Cleanup for Next Mark 10.280ms
[4944.464s][info][gc             ] GC(662) Concurrent Mark Cycle 2263.830ms
.[4946.241s][info][gc,start       ] GC(663) Pause Young (Prepare Mixed) (G1 Evacuation Pause)
[4946.241s][info][gc,task        ] GC(663) Using 8 workers of 8 for evacuation
[4946.388s][info][gc,phases      ] GC(663)   Pre Evacuate Collection Set: 0.25ms
[4946.388s][info][gc,phases      ] GC(663)   Merge Heap Roots: 0.66ms
[4946.388s][info][gc,phases      ] GC(663)   Evacuate Collection Set: 144.92ms
[4946.388s][info][gc,phases      ] GC(663)   Post Evacuate Collection Set: 1.10ms
[4946.388s][info][gc,phases      ] GC(663)   Other: 0.06ms
[4946.388s][info][gc,heap        ] GC(663) Eden regions: 542->0(572)
[4946.388s][info][gc,heap        ] GC(663) Survivor regions: 41->42(73)
[4946.388s][info][gc,heap        ] GC(663) Old regions: 236->243
[4946.388s][info][gc,heap        ] GC(663) Humongous regions: 33->33
[4946.388s][info][gc,metaspace   ] GC(663) Metaspace: 29938K(30400K)->29938K(30400K) NonClass: 24529K(24768K)->24529K(24768K) Class: 5408K(5632K)->5408K(5632K)
[4946.388s][info][gc             ] GC(663) Pause Young (Prepare Mixed) (G1 Evacuation Pause) 6792M->2524M(8192M) 147.131ms
[4946.388s][info][gc,cpu         ] GC(663) User=1.17s Sys=0.00s Real=0.15s
.....[4950.650s][info][gc,start       ] GC(664) Pause Young (Mixed) (G1 Evacuation Pause)
[4950.650s][info][gc,task        ] GC(664) Using 8 workers of 8 for evacuation
[4950.808s][info][gc,phases      ] GC(664)   Pre Evacuate Collection Set: 0.27ms
[4950.808s][info][gc,phases      ] GC(664)   Merge Heap Roots: 0.87ms
[4950.808s][info][gc,phases      ] GC(664)   Evacuate Collection Set: 155.20ms
[4950.808s][info][gc,phases      ] GC(664)   Post Evacuate Collection Set: 1.22ms
[4950.808s][info][gc,phases      ] GC(664)   Other: 0.07ms
[4950.808s][info][gc,heap        ] GC(664) Eden regions: 572->0(571)
[4950.808s][info][gc,heap        ] GC(664) Survivor regions: 42->43(77)
[4950.808s][info][gc,heap        ] GC(664) Old regions: 243->149
[4950.808s][info][gc,heap        ] GC(664) Humongous regions: 33->33
[4950.808s][info][gc,metaspace   ] GC(664) Metaspace: 29938K(30400K)->29938K(30400K) NonClass: 24529K(24768K)->24529K(24768K) Class: 5408K(5632K)->5408K(5632K)
[4950.808s][info][gc             ] GC(664) Pause Young (Mixed) (G1 Evacuation Pause) 7100M->1778M(8192M) 157.773ms
[4950.808s][info][gc,cpu         ] GC(664) User=1.25s Sys=0.01s Real=0.16s
...|.[4955.127s][info][gc,start       ] GC(665) Pause Young (Mixed) (G1 Evacuation Pause)
[4955.128s][info][gc,task        ] GC(665) Using 8 workers of 8 for evacuation
[4955.280s][info][gc,phases      ] GC(665)   Pre Evacuate Collection Set: 0.26ms
[4955.280s][info][gc,phases      ] GC(665)   Merge Heap Roots: 0.67ms
[4955.280s][info][gc,phases      ] GC(665)   Evacuate Collection Set: 150.06ms
[4955.280s][info][gc,phases      ] GC(665)   Post Evacuate Collection Set: 1.02ms
[4955.280s][info][gc,phases      ] GC(665)   Other: 0.07ms
[4955.280s][info][gc,heap        ] GC(665) Eden regions: 571->0(571)
[4955.280s][info][gc,heap        ] GC(665) Survivor regions: 43->43(77)
[4955.280s][info][gc,heap        ] GC(665) Old regions: 149->143
[4955.280s][info][gc,heap        ] GC(665) Humongous regions: 33->33
[4955.280s][info][gc,metaspace   ] GC(665) Metaspace: 29938K(30400K)->29938K(30400K) NonClass: 24529K(24768K)->24529K(24768K) Class: 5408K(5632K)->5408K(5632K)
[4955.280s][info][gc             ] GC(665) Pause Young (Mixed) (G1 Evacuation Pause) 6346M->1735M(8192M) 152.217ms
[4955.280s][info][gc,cpu         ] GC(665) User=1.20s Sys=0.00s Real=0.15s
.....[4959.560s][info][gc,start       ] GC(666) Pause Young (Normal) (G1 Evacuation Pause)
[4959.560s][info][gc,task        ] GC(666) Using 8 workers of 8 for evacuation
[4959.709s][info][gc,phases      ] GC(666)   Pre Evacuate Collection Set: 0.26ms
[4959.709s][info][gc,phases      ] GC(666)   Merge Heap Roots: 0.50ms
[4959.709s][info][gc,phases      ] GC(666)   Evacuate Collection Set: 147.32ms
[4959.709s][info][gc,phases      ] GC(666)   Post Evacuate Collection Set: 1.01ms
[4959.709s][info][gc,phases      ] GC(666)   Other: 0.07ms
[4959.709s][info][gc,heap        ] GC(666) Eden regions: 571->0(571)
[4959.709s][info][gc,heap        ] GC(666) Survivor regions: 43->43(77)
[4959.709s][info][gc,heap        ] GC(666) Old regions: 143->151
[4959.709s][info][gc,heap        ] GC(666) Humongous regions: 33->33
[4959.709s][info][gc,metaspace   ] GC(666) Metaspace: 29938K(30400K)->29938K(30400K) NonClass: 24529K(24768K)->24529K(24768K) Class: 5408K(5632K)->5408K(5632K)
[4959.709s][info][gc             ] GC(666) Pause Young (Normal) (G1 Evacuation Pause) 6303M->1796M(8192M) 149.298ms
[4959.710s][info][gc,cpu         ] GC(666) User=1.19s Sys=0.00s Real=0.15s
....[4963.905s][info][gc,start       ] GC(667) Pause Young (Normal) (G1 Evacuation Pause)
[4963.906s][info][gc,task        ] GC(667) Using 8 workers of 8 for evacuation
[4964.054s][info][gc,phases      ] GC(667)   Pre Evacuate Collection Set: 0.24ms
[4964.054s][info][gc,phases      ] GC(667)   Merge Heap Roots: 0.50ms
[4964.054s][info][gc,phases      ] GC(667)   Evacuate Collection Set: 146.75ms
[4964.054s][info][gc,phases      ] GC(667)   Post Evacuate Collection Set: 1.01ms
[4964.054s][info][gc,phases      ] GC(667)   Other: 0.06ms
[4964.054s][info][gc,heap        ] GC(667) Eden regions: 571->0(571)
[4964.054s][info][gc,heap        ] GC(667) Survivor regions: 43->43(77)
[4964.054s][info][gc,heap        ] GC(667) Old regions: 151->158
[4964.054s][info][gc,heap        ] GC(667) Humongous regions: 33->33
[4964.054s][info][gc,metaspace   ] GC(667) Metaspace: 29938K(30400K)->29938K(30400K) NonClass: 24529K(24768K)->24529K(24768K) Class: 5408K(5632K)->5408K(5632K)
[4964.054s][info][gc             ] GC(667) Pause Young (Normal) (G1 Evacuation Pause) 6364M->1850M(8192M) 148.711ms
[4964.054s][info][gc,cpu         ] GC(667) User=1.18s Sys=0.00s Real=0.14s
....[4968.357s][info][gc,start       ] GC(668) Pause Young (Normal) (G1 Evacuation Pause)
[4968.357s][info][gc,task        ] GC(668) Using 8 workers of 8 for evacuation
[4968.507s][info][gc,phases      ] GC(668)   Pre Evacuate Collection Set: 0.24ms
[4968.507s][info][gc,phases      ] GC(668)   Merge Heap Roots: 0.53ms
[4968.507s][info][gc,phases      ] GC(668)   Evacuate Collection Set: 147.89ms
[4968.507s][info][gc,phases      ] GC(668)   Post Evacuate Collection Set: 1.00ms
[4968.507s][info][gc,phases      ] GC(668)   Other: 0.06ms
[4968.507s][info][gc,heap        ] GC(668) Eden regions: 571->0(570)
[4968.507s][info][gc,heap        ] GC(668) Survivor regions: 43->44(77)
[4968.507s][info][gc,heap        ] GC(668) Old regions: 158->165
[4968.507s][info][gc,heap        ] GC(668) Humongous regions: 33->33
[4968.507s][info][gc,metaspace   ] GC(668) Metaspace: 29938K(30400K)->29938K(30400K) NonClass: 24529K(24768K)->24529K(24768K) Class: 5408K(5632K)->5408K(5632K)
[4968.507s][info][gc             ] GC(668) Pause Young (Normal) (G1 Evacuation Pause) 6418M->1916M(8192M) 149.860ms
[4968.507s][info][gc,cpu         ] GC(668) User=1.19s Sys=0.00s Real=0.15s
.....[4972.805s][info][gc,start       ] GC(669) Pause Young (Normal) (G1 Evacuation Pause)
[4972.805s][info][gc,task        ] GC(669) Using 8 workers of 8 for evacuation
[4972.956s][info][gc,phases      ] GC(669)   Pre Evacuate Collection Set: 0.27ms
[4972.956s][info][gc,phases      ] GC(669)   Merge Heap Roots: 0.57ms
[4972.956s][info][gc,phases      ] GC(669)   Evacuate Collection Set: 148.95ms
[4972.956s][info][gc,phases      ] GC(669)   Post Evacuate Collection Set: 1.00ms
[4972.956s][info][gc,phases      ] GC(669)   Other: 0.06ms
[4972.956s][info][gc,heap        ] GC(669) Eden regions: 570->0(571)
[4972.956s][info][gc,heap        ] GC(669) Survivor regions: 44->43(77)
[4972.956s][info][gc,heap        ] GC(669) Old regions: 165->172
[4972.956s][info][gc,heap        ] GC(669) Humongous regions: 33->33
[4972.956s][info][gc,metaspace   ] GC(669) Metaspace: 29938K(30400K)->29938K(30400K) NonClass: 24529K(24768K)->24529K(24768K) Class: 5408K(5632K)->5408K(5632K)
[4972.956s][info][gc             ] GC(669) Pause Young (Normal) (G1 Evacuation Pause) 6476M->1968M(8192M) 150.981ms
[4972.956s][info][gc,cpu         ] GC(669) User=1.20s Sys=0.00s Real=0.15s
....[4977.136s][info][gc,start       ] GC(670) Pause Young (Normal) (G1 Evacuation Pause)
[4977.136s][info][gc,task        ] GC(670) Using 8 workers of 8 for evacuation
[4977.286s][info][gc,phases      ] GC(670)   Pre Evacuate Collection Set: 0.25ms
[4977.286s][info][gc,phases      ] GC(670)   Merge Heap Roots: 0.50ms
[4977.286s][info][gc,phases      ] GC(670)   Evacuate Collection Set: 148.43ms
[4977.286s][info][gc,phases      ] GC(670)   Post Evacuate Collection Set: 1.02ms
[4977.286s][info][gc,phases      ] GC(670)   Other: 0.07ms
[4977.286s][info][gc,heap        ] GC(670) Eden regions: 571->0(571)
[4977.286s][info][gc,heap        ] GC(670) Survivor regions: 43->43(77)
[4977.286s][info][gc,heap        ] GC(670) Old regions: 172->179
[4977.286s][info][gc,heap        ] GC(670) Humongous regions: 33->33
[4977.286s][info][gc,metaspace   ] GC(670) Metaspace: 29938K(30400K)->29938K(30400K) NonClass: 24529K(24768K)->24529K(24768K) Class: 5408K(5632K)->5408K(5632K)
[4977.286s][info][gc             ] GC(670) Pause Young (Normal) (G1 Evacuation Pause) 6536M->2025M(8192M) 150.393ms
[4977.286s][info][gc,cpu         ] GC(670) User=1.19s Sys=0.00s Real=0.15s
.....[4981.671s][info][gc,start       ] GC(671) Pause Young (Normal) (G1 Evacuation Pause)
[4981.672s][info][gc,task        ] GC(671) Using 8 workers of 8 for evacuation
[4981.821s][info][gc,phases      ] GC(671)   Pre Evacuate Collection Set: 0.25ms
[4981.821s][info][gc,phases      ] GC(671)   Merge Heap Roots: 0.59ms
[4981.821s][info][gc,phases      ] GC(671)   Evacuate Collection Set: 147.28ms
[4981.821s][info][gc,phases      ] GC(671)   Post Evacuate Collection Set: 1.00ms
[4981.821s][info][gc,phases      ] GC(671)   Other: 0.09ms
[4981.821s][info][gc,heap        ] GC(671) Eden regions: 571->0(571)
[4981.821s][info][gc,heap        ] GC(671) Survivor regions: 43->43(77)
[4981.821s][info][gc,heap        ] GC(671) Old regions: 179->186
[4981.821s][info][gc,heap        ] GC(671) Humongous regions: 33->33
[4981.821s][info][gc,metaspace   ] GC(671) Metaspace: 29938K(30400K)->29938K(30400K) NonClass: 24529K(24768K)->24529K(24768K) Class: 5408K(5632K)->5408K(5632K)
[4981.821s][info][gc             ] GC(671) Pause Young (Normal) (G1 Evacuation Pause) 6593M->2083M(8192M) 149.344ms
[4981.821s][info][gc,cpu         ] GC(671) User=1.18s Sys=0.00s Real=0.15s
....[4986.039s][info][gc,start       ] GC(672) Pause Young (Normal) (G1 Evacuation Pause)
[4986.039s][info][gc,task        ] GC(672) Using 8 workers of 8 for evacuation
[4986.188s][info][gc,phases      ] GC(672)   Pre Evacuate Collection Set: 0.28ms
[4986.188s][info][gc,phases      ] GC(672)   Merge Heap Roots: 0.50ms
[4986.188s][info][gc,phases      ] GC(672)   Evacuate Collection Set: 147.14ms
[4986.188s][info][gc,phases      ] GC(672)   Post Evacuate Collection Set: 1.00ms
[4986.188s][info][gc,phases      ] GC(672)   Other: 0.07ms
[4986.188s][info][gc,heap        ] GC(672) Eden regions: 571->0(570)
[4986.188s][info][gc,heap        ] GC(672) Survivor regions: 43->44(77)
[4986.188s][info][gc,heap        ] GC(672) Old regions: 186->193
[4986.188s][info][gc,heap        ] GC(672) Humongous regions: 33->33
[4986.188s][info][gc,metaspace   ] GC(672) Metaspace: 29938K(30400K)->29938K(30400K) NonClass: 24529K(24768K)->24529K(24768K) Class: 5408K(5632K)->5408K(5632K)
[4986.188s][info][gc             ] GC(672) Pause Young (Normal) (G1 Evacuation Pause) 6651M->2141M(8192M) 149.114ms
[4986.188s][info][gc,cpu         ] GC(672) User=1.18s Sys=0.00s Real=0.15s
....[4990.393s][info][gc,start       ] GC(673) Pause Young (Normal) (G1 Evacuation Pause)
[4990.393s][info][gc,task        ] GC(673) Using 8 workers of 8 for evacuation
[4990.549s][info][gc,phases      ] GC(673)   Pre Evacuate Collection Set: 0.24ms
[4990.549s][info][gc,phases      ] GC(673)   Merge Heap Roots: 0.52ms
[4990.549s][info][gc,phases      ] GC(673)   Evacuate Collection Set: 154.09ms
[4990.549s][info][gc,phases      ] GC(673)   Post Evacuate Collection Set: 1.01ms
[4990.549s][info][gc,phases      ] GC(673)   Other: 0.07ms
[4990.549s][info][gc,heap        ] GC(673) Eden regions: 570->0(570)
[4990.549s][info][gc,heap        ] GC(673) Survivor regions: 44->44(77)
[4990.549s][info][gc,heap        ] GC(673) Old regions: 193->200
[4990.549s][info][gc,heap        ] GC(673) Humongous regions: 33->33
[4990.549s][info][gc,metaspace   ] GC(673) Metaspace: 29938K(30400K)->29938K(30400K) NonClass: 24529K(24768K)->24529K(24768K) Class: 5408K(5632K)->5408K(5632K)
[4990.549s][info][gc             ] GC(673) Pause Young (Normal) (G1 Evacuation Pause) 6701M->2203M(8192M) 156.091ms
[4990.549s][info][gc,cpu         ] GC(673) User=1.24s Sys=0.00s Real=0.16s
.....[4994.832s][info][gc,start       ] GC(674) Pause Young (Normal) (G1 Evacuation Pause)
[4994.832s][info][gc,task        ] GC(674) Using 8 workers of 8 for evacuation
[4994.982s][info][gc,phases      ] GC(674)   Pre Evacuate Collection Set: 0.26ms
[4994.982s][info][gc,phases      ] GC(674)   Merge Heap Roots: 0.53ms
[4994.982s][info][gc,phases      ] GC(674)   Evacuate Collection Set: 147.47ms
[4994.982s][info][gc,phases      ] GC(674)   Post Evacuate Collection Set: 1.03ms
[4994.982s][info][gc,phases      ] GC(674)   Other: 0.06ms
[4994.982s][info][gc,heap        ] GC(674) Eden regions: 570->0(571)
[4994.982s][info][gc,heap        ] GC(674) Survivor regions: 44->43(77)
[4994.982s][info][gc,heap        ] GC(674) Old regions: 200->207
[4994.982s][info][gc,heap        ] GC(674) Humongous regions: 33->33
[4994.982s][info][gc,metaspace   ] GC(674) Metaspace: 29938K(30400K)->29938K(30400K) NonClass: 24529K(24768K)->24529K(24768K) Class: 5408K(5632K)->5408K(5632K)
[4994.982s][info][gc             ] GC(674) Pause Young (Normal) (G1 Evacuation Pause) 6763M->2247M(8192M) 149.482ms
[4994.982s][info][gc,cpu         ] GC(674) User=1.18s Sys=0.00s Real=0.15s
....[4999.225s][info][gc,start       ] GC(675) Pause Young (Normal) (G1 Evacuation Pause)
[4999.225s][info][gc,task        ] GC(675) Using 8 workers of 8 for evacuation
[4999.379s][info][gc,phases      ] GC(675)   Pre Evacuate Collection Set: 0.23ms
[4999.379s][info][gc,phases      ] GC(675)   Merge Heap Roots: 0.57ms
[4999.379s][info][gc,phases      ] GC(675)   Evacuate Collection Set: 152.69ms
[4999.379s][info][gc,phases      ] GC(675)   Post Evacuate Collection Set: 1.01ms
[4999.379s][info][gc,phases      ] GC(675)   Other: 0.06ms
[4999.379s][info][gc,heap        ] GC(675) Eden regions: 571->0(569)
[4999.379s][info][gc,heap        ] GC(675) Survivor regions: 43->45(77)
[4999.379s][info][gc,heap        ] GC(675) Old regions: 207->214
[4999.379s][info][gc,heap        ] GC(675) Humongous regions: 33->33
[4999.379s][info][gc,metaspace   ] GC(675) Metaspace: 29938K(30400K)->29938K(30400K) NonClass: 24529K(24768K)->24529K(24768K) Class: 5408K(5632K)->5408K(5632K)
[4999.379s][info][gc             ] GC(675) Pause Young (Normal) (G1 Evacuation Pause) 6815M->2319M(8192M) 154.710ms
[4999.380s][info][gc,cpu         ] GC(675) User=1.22s Sys=0.00s Real=0.15s
....[5003.535s][info][gc,start       ] GC(676) Pause Young (Normal) (G1 Evacuation Pause)
[5003.535s][info][gc,task        ] GC(676) Using 8 workers of 8 for evacuation
[5003.686s][info][gc,phases      ] GC(676)   Pre Evacuate Collection Set: 0.24ms
[5003.686s][info][gc,phases      ] GC(676)   Merge Heap Roots: 0.56ms
[5003.686s][info][gc,phases      ] GC(676)   Evacuate Collection Set: 148.59ms
[5003.686s][info][gc,phases      ] GC(676)   Post Evacuate Collection Set: 1.04ms
[5003.686s][info][gc,phases      ] GC(676)   Other: 0.06ms
[5003.686s][info][gc,heap        ] GC(676) Eden regions: 569->0(571)
[5003.686s][info][gc,heap        ] GC(676) Survivor regions: 45->43(77)
[5003.686s][info][gc,heap        ] GC(676) Old regions: 214->222
[5003.686s][info][gc,heap        ] GC(676) Humongous regions: 33->33
[5003.686s][info][gc,metaspace   ] GC(676) Metaspace: 29938K(30400K)->29938K(30400K) NonClass: 24529K(24768K)->24529K(24768K) Class: 5408K(5632K)->5408K(5632K)
[5003.686s][info][gc             ] GC(676) Pause Young (Normal) (G1 Evacuation Pause) 6871M->2360M(8192M) 150.632ms
[5003.686s][info][gc,cpu         ] GC(676) User=1.19s Sys=0.00s Real=0.15s
.....[5007.892s][info][gc,start       ] GC(677) Pause Young (Normal) (G1 Evacuation Pause)
[5007.892s][info][gc,task        ] GC(677) Using 8 workers of 8 for evacuation
[5008.043s][info][gc,phases      ] GC(677)   Pre Evacuate Collection Set: 0.28ms
[5008.043s][info][gc,phases      ] GC(677)   Merge Heap Roots: 0.57ms
[5008.043s][info][gc,phases      ] GC(677)   Evacuate Collection Set: 149.56ms
[5008.043s][info][gc,phases      ] GC(677)   Post Evacuate Collection Set: 0.99ms
[5008.043s][info][gc,phases      ] GC(677)   Other: 0.08ms
[5008.043s][info][gc,heap        ] GC(677) Eden regions: 571->0(570)
[5008.043s][info][gc,heap        ] GC(677) Survivor regions: 43->44(77)
[5008.043s][info][gc,heap        ] GC(677) Old regions: 222->228
[5008.043s][info][gc,heap        ] GC(677) Humongous regions: 33->33
[5008.043s][info][gc,metaspace   ] GC(677) Metaspace: 29938K(30400K)->29938K(30400K) NonClass: 24529K(24768K)->24529K(24768K) Class: 5408K(5632K)->5408K(5632K)
[5008.043s][info][gc             ] GC(677) Pause Young (Normal) (G1 Evacuation Pause) 6928M->2427M(8192M) 151.614ms
[5008.043s][info][gc,cpu         ] GC(677) User=1.20s Sys=0.00s Real=0.15s
....[5012.282s][info][gc,start       ] GC(678) Pause Young (Normal) (G1 Evacuation Pause)
[5012.282s][info][gc,task        ] GC(678) Using 8 workers of 8 for evacuation
[5012.432s][info][gc,phases      ] GC(678)   Pre Evacuate Collection Set: 0.25ms
[5012.433s][info][gc,phases      ] GC(678)   Merge Heap Roots: 0.57ms
[5012.433s][info][gc,phases      ] GC(678)   Evacuate Collection Set: 148.47ms
[5012.433s][info][gc,phases      ] GC(678)   Post Evacuate Collection Set: 1.02ms
[5012.433s][info][gc,phases      ] GC(678)   Other: 0.06ms
[5012.433s][info][gc,heap        ] GC(678) Eden regions: 570->0(571)
[5012.433s][info][gc,heap        ] GC(678) Survivor regions: 44->43(77)
[5012.433s][info][gc,heap        ] GC(678) Old regions: 228->235
[5012.433s][info][gc,heap        ] GC(678) Humongous regions: 33->33
[5012.433s][info][gc,metaspace   ] GC(678) Metaspace: 29938K(30400K)->29938K(30400K) NonClass: 24529K(24768K)->24529K(24768K) Class: 5408K(5632K)->5408K(5632K)
[5012.433s][info][gc             ] GC(678) Pause Young (Normal) (G1 Evacuation Pause) 6987M->2475M(8192M) 150.504ms
[5012.433s][info][gc,cpu         ] GC(678) User=1.19s Sys=0.00s Real=0.15s
.. (rIR:aIR:PR = 8668:8719:8719) (tPR = 129514) [OK] 
  5013s: Performance info:
         Transaction,    Success,    Partial,     Failed,   Receipts, AvgBarcode, 
             Overall,     525686,          0,          0,     499644,      59.48, 
         Response times:
             Request,    Success,    Partial,     Failed,   SkipFail,     Probes,    Samples,      min,      p50,      p90,      p95,      p99,      max, 
       TotalPurchase,     499618,          0,          0,          0,     360637,     436725,      400,     6100,    17400,    42000,    97000,   690000,
     InStorePurchase,     263464,          0,          0,          0,     189562,     229186,      400,     6100,    17100,    41000,    96000,   690000,
      OnlinePurchase,     184054,          0,          0,          0,     133129,     161237,      400,     6300,    17800,    42000,    99000,   680000,
        InstPurchase,      52100,          0,          0,          0,      37946,      46302,      400,     6000,    17500,    44000,    98000,   522000,
          AssocOfCat,        521,          0,          0,          0,        449,        608,    30000,    50000,    81000,    97100,   165460,   209000,
      AssocOfProduct,       5234,          0,          0,          0,       3740,       4776,      700,     6700,    21000,    50000,   111000,   173000,
      BusinessReport,       1309,          0,          0,          0,       1143,       1499,    33000,    56000,    94000,   127000,   211000,   350000,
          CustBuyBeh,       5197,          0,          0,          0,       3722,       4692,      200,     6400,    15800,    41000,    98000,   172000,
       ProductReturn,      13843,          0,          0,          0,       9741,      12078,      200,     5800,    16700,    39000,    92000,   357000,

  5013s: (62%)   IR =   8810 ..[5016.537s][info][gc,start       ] GC(679) Pause Young (Normal) (G1 Evacuation Pause)
[5016.538s][info][gc,task        ] GC(679) Using 8 workers of 8 for evacuation
[5016.690s][info][gc,phases      ] GC(679)   Pre Evacuate Collection Set: 0.27ms
[5016.690s][info][gc,phases      ] GC(679)   Merge Heap Roots: 0.51ms
[5016.690s][info][gc,phases      ] GC(679)   Evacuate Collection Set: 150.42ms
[5016.690s][info][gc,phases      ] GC(679)   Post Evacuate Collection Set: 1.03ms
[5016.690s][info][gc,phases      ] GC(679)   Other: 0.06ms
[5016.690s][info][gc,heap        ] GC(679) Eden regions: 571->0(572)
[5016.690s][info][gc,heap        ] GC(679) Survivor regions: 43->42(77)
[5016.690s][info][gc,heap        ] GC(679) Old regions: 235->243
[5016.690s][info][gc,heap        ] GC(679) Humongous regions: 33->33
[5016.690s][info][gc,metaspace   ] GC(679) Metaspace: 29938K(30400K)->29938K(30400K) NonClass: 24529K(24768K)->24529K(24768K) Class: 5408K(5632K)->5408K(5632K)
[5016.690s][info][gc             ] GC(679) Pause Young (Normal) (G1 Evacuation Pause) 7043M->2526M(8192M) 152.442ms
[5016.690s][info][gc,cpu         ] GC(679) User=1.21s Sys=0.01s Real=0.15s
.....[5020.857s][info][gc,start       ] GC(680) Pause Young (Normal) (G1 Evacuation Pause)
[5020.857s][info][gc,task        ] GC(680) Using 8 workers of 8 for evacuation
[5021.009s][info][gc,phases      ] GC(680)   Pre Evacuate Collection Set: 0.24ms
[5021.009s][info][gc,phases      ] GC(680)   Merge Heap Roots: 0.57ms
[5021.009s][info][gc,phases      ] GC(680)   Evacuate Collection Set: 149.38ms
[5021.009s][info][gc,phases      ] GC(680)   Post Evacuate Collection Set: 1.08ms
[5021.009s][info][gc,phases      ] GC(680)   Other: 0.06ms
[5021.009s][info][gc,heap        ] GC(680) Eden regions: 572->0(571)
[5021.009s][info][gc,heap        ] GC(680) Survivor regions: 42->43(77)
[5021.009s][info][gc,heap        ] GC(680) Old regions: 243->250
[5021.009s][info][gc,heap        ] GC(680) Humongous regions: 33->33
[5021.009s][info][gc,metaspace   ] GC(680) Metaspace: 29938K(30400K)->29938K(30400K) NonClass: 24529K(24768K)->24529K(24768K) Class: 5408K(5632K)->5408K(5632K)
[5021.009s][info][gc             ] GC(680) Pause Young (Normal) (G1 Evacuation Pause) 7102M->2590M(8192M) 151.457ms
[5021.009s][info][gc,cpu         ] GC(680) User=1.18s Sys=0.01s Real=0.15s
....[5025.209s][info][gc,start       ] GC(681) Pause Young (Normal) (G1 Evacuation Pause)
[5025.209s][info][gc,task        ] GC(681) Using 8 workers of 8 for evacuation
[5025.367s][info][gc,phases      ] GC(681)   Pre Evacuate Collection Set: 0.26ms
[5025.367s][info][gc,phases      ] GC(681)   Merge Heap Roots: 0.62ms
[5025.367s][info][gc,phases      ] GC(681)   Evacuate Collection Set: 155.43ms
[5025.367s][info][gc,phases      ] GC(681)   Post Evacuate Collection Set: 1.03ms
[5025.367s][info][gc,phases      ] GC(681)   Other: 0.06ms
[5025.367s][info][gc,heap        ] GC(681) Eden regions: 571->0(570)
[5025.367s][info][gc,heap        ] GC(681) Survivor regions: 43->44(77)
[5025.367s][info][gc,heap        ] GC(681) Old regions: 250->257
[5025.367s][info][gc,heap        ] GC(681) Humongous regions: 33->33
[5025.367s][info][gc,metaspace   ] GC(681) Metaspace: 29938K(30400K)->29938K(30400K) NonClass: 24529K(24768K)->24529K(24768K) Class: 5408K(5632K)->5408K(5632K)
[5025.367s][info][gc             ] GC(681) Pause Young (Normal) (G1 Evacuation Pause) 7158M->2653M(8192M) 157.532ms
[5025.367s][info][gc,cpu         ] GC(681) User=1.24s Sys=0.00s Real=0.16s
...|.[5029.572s][info][gc,start       ] GC(682) Pause Young (Normal) (G1 Evacuation Pause)
[5029.572s][info][gc,task        ] GC(682) Using 8 workers of 8 for evacuation
[5029.723s][info][gc,phases      ] GC(682)   Pre Evacuate Collection Set: 0.27ms
[5029.723s][info][gc,phases      ] GC(682)   Merge Heap Roots: 0.52ms
[5029.723s][info][gc,phases      ] GC(682)   Evacuate Collection Set: 148.89ms
[5029.723s][info][gc,phases      ] GC(682)   Post Evacuate Collection Set: 1.01ms
[5029.723s][info][gc,phases      ] GC(682)   Other: 0.07ms
[5029.723s][info][gc,heap        ] GC(682) Eden regions: 570->0(570)
[5029.723s][info][gc,heap        ] GC(682) Survivor regions: 44->44(77)
[5029.723s][info][gc,heap        ] GC(682) Old regions: 257->264
[5029.723s][info][gc,heap        ] GC(682) Humongous regions: 33->33
[5029.723s][info][gc,metaspace   ] GC(682) Metaspace: 29938K(30400K)->29938K(30400K) NonClass: 24529K(24768K)->24529K(24768K) Class: 5408K(5632K)->5408K(5632K)
[5029.723s][info][gc             ] GC(682) Pause Young (Normal) (G1 Evacuation Pause) 7213M->2710M(8192M) 150.893ms
[5029.723s][info][gc,cpu         ] GC(682) User=1.19s Sys=0.00s Real=0.15s
.....[5033.861s][info][gc,start       ] GC(683) Pause Young (Normal) (G1 Evacuation Pause)
[5033.861s][info][gc,task        ] GC(683) Using 8 workers of 8 for evacuation
[5034.014s][info][gc,phases      ] GC(683)   Pre Evacuate Collection Set: 0.24ms
[5034.014s][info][gc,phases      ] GC(683)   Merge Heap Roots: 0.55ms
[5034.014s][info][gc,phases      ] GC(683)   Evacuate Collection Set: 151.29ms
[5034.014s][info][gc,phases      ] GC(683)   Post Evacuate Collection Set: 1.00ms
[5034.014s][info][gc,phases      ] GC(683)   Other: 0.06ms
[5034.014s][info][gc,heap        ] GC(683) Eden regions: 570->0(570)
[5034.014s][info][gc,heap        ] GC(683) Survivor regions: 44->44(77)
[5034.014s][info][gc,heap        ] GC(683) Old regions: 264->271
[5034.014s][info][gc,heap        ] GC(683) Humongous regions: 33->33
[5034.014s][info][gc,metaspace   ] GC(683) Metaspace: 29938K(30400K)->29938K(30400K) NonClass: 24529K(24768K)->24529K(24768K) Class: 5408K(5632K)->5408K(5632K)
[5034.014s][info][gc             ] GC(683) Pause Young (Normal) (G1 Evacuation Pause) 7270M->2765M(8192M) 153.267ms
[5034.014s][info][gc,cpu         ] GC(683) User=1.21s Sys=0.00s Real=0.15s
....[5038.216s][info][gc,start       ] GC(684) Pause Young (Normal) (G1 Evacuation Pause)
[5038.216s][info][gc,task        ] GC(684) Using 8 workers of 8 for evacuation
[5038.368s][info][gc,phases      ] GC(684)   Pre Evacuate Collection Set: 0.27ms
[5038.368s][info][gc,phases      ] GC(684)   Merge Heap Roots: 0.53ms
[5038.368s][info][gc,phases      ] GC(684)   Evacuate Collection Set: 150.62ms
[5038.368s][info][gc,phases      ] GC(684)   Post Evacuate Collection Set: 0.97ms
[5038.368s][info][gc,phases      ] GC(684)   Other: 0.07ms
[5038.368s][info][gc,heap        ] GC(684) Eden regions: 570->0(570)
[5038.368s][info][gc,heap        ] GC(684) Survivor regions: 44->44(77)
[5038.368s][info][gc,heap        ] GC(684) Old regions: 271->279
[5038.368s][info][gc,heap        ] GC(684) Humongous regions: 33->33
[5038.368s][info][gc,metaspace   ] GC(684) Metaspace: 29938K(30400K)->29938K(30400K) NonClass: 24529K(24768K)->24529K(24768K) Class: 5408K(5632K)->5408K(5632K)
[5038.368s][info][gc             ] GC(684) Pause Young (Normal) (G1 Evacuation Pause) 7325M->2828M(8192M) 152.590ms
[5038.368s][info][gc,cpu         ] GC(684) User=1.21s Sys=0.00s Real=0.15s
....[5042.479s][info][gc,start       ] GC(685) Pause Young (Normal) (G1 Evacuation Pause)
[5042.479s][info][gc,task        ] GC(685) Using 8 workers of 8 for evacuation
[5042.631s][info][gc,phases      ] GC(685)   Pre Evacuate Collection Set: 0.24ms
[5042.631s][info][gc,phases      ] GC(685)   Merge Heap Roots: 0.54ms
[5042.631s][info][gc,phases      ] GC(685)   Evacuate Collection Set: 150.13ms
[5042.631s][info][gc,phases      ] GC(685)   Post Evacuate Collection Set: 1.00ms
[5042.631s][info][gc,phases      ] GC(685)   Other: 0.08ms
[5042.631s][info][gc,heap        ] GC(685) Eden regions: 570->0(567)
[5042.631s][info][gc,heap        ] GC(685) Survivor regions: 44->43(77)
[5042.631s][info][gc,heap        ] GC(685) Old regions: 279->286
[5042.631s][info][gc,heap        ] GC(685) Humongous regions: 33->33
[5042.631s][info][gc,metaspace   ] GC(685) Metaspace: 29938K(30400K)->29938K(30400K) NonClass: 24529K(24768K)->24529K(24768K) Class: 5408K(5632K)->5408K(5632K)
[5042.631s][info][gc             ] GC(685) Pause Young (Normal) (G1 Evacuation Pause) 7388M->2876M(8192M) 152.122ms
[5042.631s][info][gc,cpu         ] GC(685) User=1.20s Sys=0.00s Real=0.15s
.....[5046.888s][info][gc,start       ] GC(686) Pause Young (Normal) (G1 Evacuation Pause)
[5046.888s][info][gc,task        ] GC(686) Using 8 workers of 8 for evacuation
[5047.038s][info][gc,phases      ] GC(686)   Pre Evacuate Collection Set: 0.26ms
[5047.038s][info][gc,phases      ] GC(686)   Merge Heap Roots: 0.59ms
[5047.038s][info][gc,phases      ] GC(686)   Evacuate Collection Set: 148.44ms
[5047.038s][info][gc,phases      ] GC(686)   Post Evacuate Collection Set: 1.00ms
[5047.038s][info][gc,phases      ] GC(686)   Other: 0.07ms
[5047.038s][info][gc,heap        ] GC(686) Eden regions: 567->0(560)
[5047.038s][info][gc,heap        ] GC(686) Survivor regions: 43->43(77)
[5047.038s][info][gc,heap        ] GC(686) Old regions: 286->293
[5047.038s][info][gc,heap        ] GC(686) Humongous regions: 33->33
[5047.038s][info][gc,metaspace   ] GC(686) Metaspace: 29938K(30400K)->29938K(30400K) NonClass: 24529K(24768K)->24529K(24768K) Class: 5408K(5632K)->5408K(5632K)
[5047.038s][info][gc             ] GC(686) Pause Young (Normal) (G1 Evacuation Pause) 7412M->2935M(8192M) 150.511ms
[5047.038s][info][gc,cpu         ] GC(686) User=1.19s Sys=0.00s Real=0.15s
....[5051.143s][info][gc,start       ] GC(687) Pause Young (Normal) (G1 Evacuation Pause)
[5051.143s][info][gc,task        ] GC(687) Using 8 workers of 8 for evacuation
[5051.292s][info][gc,phases      ] GC(687)   Pre Evacuate Collection Set: 0.25ms
[5051.292s][info][gc,phases      ] GC(687)   Merge Heap Roots: 0.53ms
[5051.292s][info][gc,phases      ] GC(687)   Evacuate Collection Set: 146.54ms
[5051.292s][info][gc,phases      ] GC(687)   Post Evacuate Collection Set: 0.98ms
[5051.292s][info][gc,phases      ] GC(687)   Other: 0.07ms
[5051.292s][info][gc,heap        ] GC(687) Eden regions: 560->0(553)
[5051.292s][info][gc,heap        ] GC(687) Survivor regions: 43->43(76)
[5051.292s][info][gc,heap        ] GC(687) Old regions: 293->300
[5051.292s][info][gc,heap        ] GC(687) Humongous regions: 33->33
[5051.292s][info][gc,metaspace   ] GC(687) Metaspace: 29938K(30400K)->29938K(30400K) NonClass: 24529K(24768K)->24529K(24768K) Class: 5408K(5632K)->5408K(5632K)
[5051.292s][info][gc             ] GC(687) Pause Young (Normal) (G1 Evacuation Pause) 7415M->2987M(8192M) 148.501ms
[5051.292s][info][gc,cpu         ] GC(687) User=1.18s Sys=0.00s Real=0.15s
....[5055.406s][info][gc,start       ] GC(688) Pause Young (Normal) (G1 Evacuation Pause)
[5055.406s][info][gc,task        ] GC(688) Using 8 workers of 8 for evacuation
[5055.556s][info][gc,phases      ] GC(688)   Pre Evacuate Collection Set: 0.25ms
[5055.556s][info][gc,phases      ] GC(688)   Merge Heap Roots: 0.54ms
[5055.556s][info][gc,phases      ] GC(688)   Evacuate Collection Set: 147.74ms
[5055.556s][info][gc,phases      ] GC(688)   Post Evacuate Collection Set: 0.98ms
[5055.556s][info][gc,phases      ] GC(688)   Other: 0.06ms
[5055.556s][info][gc,heap        ] GC(688) Eden regions: 553->0(548)
[5055.556s][info][gc,heap        ] GC(688) Survivor regions: 43->42(75)
[5055.556s][info][gc,heap        ] GC(688) Old regions: 300->307
[5055.556s][info][gc,heap        ] GC(688) Humongous regions: 33->33
[5055.556s][info][gc,metaspace   ] GC(688) Metaspace: 29938K(30400K)->29938K(30400K) NonClass: 24529K(24768K)->24529K(24768K) Class: 5408K(5632K)->5408K(5632K)
[5055.556s][info][gc             ] GC(688) Pause Young (Normal) (G1 Evacuation Pause) 7411M->3043M(8192M) 149.702ms
[5055.556s][info][gc,cpu         ] GC(688) User=1.19s Sys=0.00s Real=0.15s
....[5059.439s][info][gc,start       ] GC(689) Pause Young (Concurrent Start) (G1 Evacuation Pause)
[5059.439s][info][gc,task        ] GC(689) Using 8 workers of 8 for evacuation
[5059.583s][info][gc,phases      ] GC(689)   Pre Evacuate Collection Set: 0.29ms
[5059.583s][info][gc,phases      ] GC(689)   Merge Heap Roots: 0.53ms
[5059.584s][info][gc,phases      ] GC(689)   Evacuate Collection Set: 142.66ms
[5059.584s][info][gc,phases      ] GC(689)   Post Evacuate Collection Set: 1.00ms
[5059.584s][info][gc,phases      ] GC(689)   Other: 0.11ms
[5059.584s][info][gc,heap        ] GC(689) Eden regions: 548->0(542)
[5059.584s][info][gc,heap        ] GC(689) Survivor regions: 42->41(74)
[5059.584s][info][gc,heap        ] GC(689) Old regions: 307->315
[5059.584s][info][gc,heap        ] GC(689) Humongous regions: 33->33
[5059.584s][info][gc,metaspace   ] GC(689) Metaspace: 29938K(30400K)->29938K(30400K) NonClass: 24529K(24768K)->24529K(24768K) Class: 5408K(5632K)->5408K(5632K)
[5059.584s][info][gc             ] GC(689) Pause Young (Concurrent Start) (G1 Evacuation Pause) 7427M->3088M(8192M) 144.731ms
[5059.584s][info][gc             ] GC(690) Concurrent Mark Cycle
[5059.584s][info][gc,marking     ] GC(690) Concurrent Scan Root Regions
[5059.584s][info][gc,cpu         ] GC(689) User=1.14s Sys=0.00s Real=0.14s
.[5059.907s][info][gc,marking     ] GC(690) Concurrent Scan Root Regions 323.851ms
[5059.908s][info][gc,marking     ] GC(690) Concurrent Mark
[5059.908s][info][gc,marking     ] GC(690) Concurrent Mark From Roots
[5059.908s][info][gc,task        ] GC(690) Using 2 workers of 2 for marking
.[5060.971s][info][gc,marking     ] GC(690) Concurrent Mark From Roots 1063.135ms
[5060.971s][info][gc,marking     ] GC(690) Concurrent Preclean
[5060.971s][info][gc,marking     ] GC(690) Concurrent Preclean 0.097ms
[5060.971s][info][gc,start       ] GC(690) Pause Remark
[5060.972s][info][gc             ] GC(690) Pause Remark 4608M->4016M(8192M) 1.414ms
[5060.972s][info][gc,cpu         ] GC(690) User=0.01s Sys=0.00s Real=0.00s
[5060.972s][info][gc,marking     ] GC(690) Concurrent Mark 1064.940ms
[5060.972s][info][gc,marking     ] GC(690) Concurrent Rebuild Remembered Sets and Scrub Regions
[5061.429s][info][gc,marking     ] GC(690) Concurrent Rebuild Remembered Sets and Scrub Regions 456.449ms
[5061.429s][info][gc,start       ] GC(690) Pause Cleanup
[5061.429s][info][gc             ] GC(690) Pause Cleanup 4453M->4453M(8192M) 0.271ms
[5061.429s][info][gc,cpu         ] GC(690) User=0.00s Sys=0.00s Real=0.00s
[5061.429s][info][gc,marking     ] GC(690) Concurrent Clear Claimed Marks
[5061.429s][info][gc,marking     ] GC(690) Concurrent Clear Claimed Marks 0.052ms
[5061.430s][info][gc,marking     ] GC(690) Concurrent Cleanup for Next Mark
[5061.448s][info][gc,marking     ] GC(690) Concurrent Cleanup for Next Mark 18.945ms
[5061.449s][info][gc             ] GC(690) Concurrent Mark Cycle 1864.908ms
..[5063.685s][info][gc,start       ] GC(691) Pause Young (Prepare Mixed) (G1 Evacuation Pause)
[5063.686s][info][gc,task        ] GC(691) Using 8 workers of 8 for evacuation
[5063.832s][info][gc,phases      ] GC(691)   Pre Evacuate Collection Set: 0.27ms
[5063.832s][info][gc,phases      ] GC(691)   Merge Heap Roots: 0.67ms
[5063.832s][info][gc,phases      ] GC(691)   Evacuate Collection Set: 143.90ms
[5063.832s][info][gc,phases      ] GC(691)   Post Evacuate Collection Set: 1.09ms
[5063.832s][info][gc,phases      ] GC(691)   Other: 0.07ms
[5063.832s][info][gc,heap        ] GC(691) Eden regions: 542->0(572)
[5063.832s][info][gc,heap        ] GC(691) Survivor regions: 41->42(73)
[5063.832s][info][gc,heap        ] GC(691) Old regions: 241->248
[5063.832s][info][gc,heap        ] GC(691) Humongous regions: 33->33
[5063.832s][info][gc,metaspace   ] GC(691) Metaspace: 29938K(30400K)->29938K(30400K) NonClass: 24529K(24768K)->24529K(24768K) Class: 5408K(5632K)->5408K(5632K)
[5063.832s][info][gc             ] GC(691) Pause Young (Prepare Mixed) (G1 Evacuation Pause) 6832M->2560M(8192M) 146.164ms
[5063.832s][info][gc,cpu         ] GC(691) User=1.15s Sys=0.00s Real=0.14s
.....[5068.113s][info][gc,start       ] GC(692) Pause Young (Mixed) (G1 Evacuation Pause)
[5068.113s][info][gc,task        ] GC(692) Using 8 workers of 8 for evacuation
[5068.270s][info][gc,phases      ] GC(692)   Pre Evacuate Collection Set: 0.28ms
[5068.270s][info][gc,phases      ] GC(692)   Merge Heap Roots: 0.83ms
[5068.270s][info][gc,phases      ] GC(692)   Evacuate Collection Set: 154.46ms
[5068.270s][info][gc,phases      ] GC(692)   Post Evacuate Collection Set: 1.20ms
[5068.270s][info][gc,phases      ] GC(692)   Other: 0.07ms
[5068.270s][info][gc,heap        ] GC(692) Eden regions: 572->0(571)
[5068.270s][info][gc,heap        ] GC(692) Survivor regions: 42->43(77)
[5068.270s][info][gc,heap        ] GC(692) Old regions: 248->153
[5068.270s][info][gc,heap        ] GC(692) Humongous regions: 33->33
[5068.270s][info][gc,metaspace   ] GC(692) Metaspace: 29938K(30400K)->29938K(30400K) NonClass: 24529K(24768K)->24529K(24768K) Class: 5408K(5632K)->5408K(5632K)
[5068.270s][info][gc             ] GC(692) Pause Young (Mixed) (G1 Evacuation Pause) 7136M->1816M(8192M) 156.983ms
[5068.270s][info][gc,cpu         ] GC(692) User=1.24s Sys=0.00s Real=0.16s
....[5072.396s][info][gc,start       ] GC(693) Pause Young (Mixed) (G1 Evacuation Pause)
[5072.396s][info][gc,task        ] GC(693) Using 8 workers of 8 for evacuation
[5072.552s][info][gc,phases      ] GC(693)   Pre Evacuate Collection Set: 0.28ms
[5072.552s][info][gc,phases      ] GC(693)   Merge Heap Roots: 0.75ms
[5072.552s][info][gc,phases      ] GC(693)   Evacuate Collection Set: 153.16ms
[5072.552s][info][gc,phases      ] GC(693)   Post Evacuate Collection Set: 1.02ms
[5072.552s][info][gc,phases      ] GC(693)   Other: 0.07ms
[5072.552s][info][gc,heap        ] GC(693) Eden regions: 571->0(571)
[5072.552s][info][gc,heap        ] GC(693) Survivor regions: 43->43(77)
[5072.552s][info][gc,heap        ] GC(693) Old regions: 153->142
[5072.552s][info][gc,heap        ] GC(693) Humongous regions: 33->33
[5072.552s][info][gc,metaspace   ] GC(693) Metaspace: 29938K(30400K)->29938K(30400K) NonClass: 24529K(24768K)->24529K(24768K) Class: 5408K(5632K)->5408K(5632K)
[5072.552s][info][gc             ] GC(693) Pause Young (Mixed) (G1 Evacuation Pause) 6384M->1725M(8192M) 155.401ms
[5072.552s][info][gc,cpu         ] GC(693) User=1.23s Sys=0.00s Real=0.15s
....[5076.751s][info][gc,start       ] GC(694) Pause Young (Normal) (G1 Evacuation Pause)
[5076.751s][info][gc,task        ] GC(694) Using 8 workers of 8 for evacuation
[5076.904s][info][gc,phases      ] GC(694)   Pre Evacuate Collection Set: 0.25ms
[5076.904s][info][gc,phases      ] GC(694)   Merge Heap Roots: 0.49ms
[5076.904s][info][gc,phases      ] GC(694)   Evacuate Collection Set: 151.50ms
[5076.904s][info][gc,phases      ] GC(694)   Post Evacuate Collection Set: 1.01ms
[5076.904s][info][gc,phases      ] GC(694)   Other: 0.06ms
[5076.904s][info][gc,heap        ] GC(694) Eden regions: 571->0(570)
[5076.904s][info][gc,heap        ] GC(694) Survivor regions: 43->44(77)
[5076.904s][info][gc,heap        ] GC(694) Old regions: 142->149
[5076.904s][info][gc,heap        ] GC(694) Humongous regions: 33->33
[5076.904s][info][gc,metaspace   ] GC(694) Metaspace: 29938K(30400K)->29938K(30400K) NonClass: 24529K(24768K)->24529K(24768K) Class: 5408K(5632K)->5408K(5632K)
[5076.904s][info][gc             ] GC(694) Pause Young (Normal) (G1 Evacuation Pause) 6293M->1789M(8192M) 153.444ms
[5076.904s][info][gc,cpu         ] GC(694) User=1.21s Sys=0.00s Real=0.16s
.....[5081.042s][info][gc,start       ] GC(695) Pause Young (Normal) (G1 Evacuation Pause)
[5081.042s][info][gc,task        ] GC(695) Using 8 workers of 8 for evacuation
[5081.192s][info][gc,phases      ] GC(695)   Pre Evacuate Collection Set: 0.24ms
[5081.192s][info][gc,phases      ] GC(695)   Merge Heap Roots: 0.60ms
[5081.192s][info][gc,phases      ] GC(695)   Evacuate Collection Set: 147.42ms
[5081.192s][info][gc,phases      ] GC(695)   Post Evacuate Collection Set: 1.02ms
[5081.192s][info][gc,phases      ] GC(695)   Other: 0.07ms
[5081.192s][info][gc,heap        ] GC(695) Eden regions: 570->0(572)
[5081.192s][info][gc,heap        ] GC(695) Survivor regions: 44->42(77)
[5081.192s][info][gc,heap        ] GC(695) Old regions: 149->156
[5081.192s][info][gc,heap        ] GC(695) Humongous regions: 33->33
[5081.192s][info][gc,metaspace   ] GC(695) Metaspace: 29938K(30400K)->29938K(30400K) NonClass: 24529K(24768K)->24529K(24768K) Class: 5408K(5632K)->5408K(5632K)
[5081.192s][info][gc             ] GC(695) Pause Young (Normal) (G1 Evacuation Pause) 6349M->1834M(8192M) 149.465ms
[5081.192s][info][gc,cpu         ] GC(695) User=1.18s Sys=0.00s Real=0.15s
....[5085.253s][info][gc,start       ] GC(696) Pause Young (Normal) (G1 Evacuation Pause)
[5085.253s][info][gc,task        ] GC(696) Using 8 workers of 8 for evacuation
[5085.404s][info][gc,phases      ] GC(696)   Pre Evacuate Collection Set: 0.28ms
[5085.404s][info][gc,phases      ] GC(696)   Merge Heap Roots: 0.55ms
[5085.404s][info][gc,phases      ] GC(696)   Evacuate Collection Set: 149.62ms
[5085.404s][info][gc,phases      ] GC(696)   Post Evacuate Collection Set: 1.02ms
[5085.404s][info][gc,phases      ] GC(696)   Other: 0.08ms
[5085.404s][info][gc,heap        ] GC(696) Eden regions: 572->0(571)
[5085.404s][info][gc,heap        ] GC(696) Survivor regions: 42->43(77)
[5085.404s][info][gc,heap        ] GC(696) Old regions: 156->164
[5085.404s][info][gc,heap        ] GC(696) Humongous regions: 33->33
[5085.404s][info][gc,metaspace   ] GC(696) Metaspace: 29938K(30400K)->29938K(30400K) NonClass: 24529K(24768K)->24529K(24768K) Class: 5408K(5632K)->5408K(5632K)
[5085.404s][info][gc             ] GC(696) Pause Young (Normal) (G1 Evacuation Pause) 6410M->1900M(8192M) 151.672ms
[5085.404s][info][gc,cpu         ] GC(696) User=1.20s Sys=0.00s Real=0.15s
... (rIR:aIR:PR = 8810:8856:8857) (tPR = 131253) [OK] 
  5087s: Performance info:
         Transaction,    Success,    Partial,     Failed,   Receipts, AvgBarcode, 
             Overall,     532239,          0,          0,     505697,      59.48, 
         Response times:
             Request,    Success,    Partial,     Failed,   SkipFail,     Probes,    Samples,      min,      p50,      p90,      p95,      p99,      max, 
       TotalPurchase,     505690,          0,          0,          0,     358427,     446205,      300,     6200,    17300,    45000,    89000,   504000,
     InStorePurchase,     265977,          0,          0,          0,     188633,     234823,      300,     6100,    17200,    43000,    88000,   504000,
      OnlinePurchase,     186809,          0,          0,          0,     132059,     164153,      300,     6300,    17160,    46000,    89000,   503000,
        InstPurchase,      52904,          0,          0,          0,      37735,      47229,      400,     6400,    18100,    48000,    93000,   380000,
          AssocOfCat,        528,          0,          0,          0,        427,        657,    31000,    51000,    75000,    95300,   162240,   208000,
      AssocOfProduct,       5260,          0,          0,          0,       3847,       5067,      900,     5900,    18320,    46000,    95000,   384000,
      BusinessReport,       1318,          0,          0,          0,       1190,       1643,    34000,    57000,    94600,   140000,   213000,   388000,
          CustBuyBeh,       5329,          0,          0,          0,       3841,       4983,      300,     6700,    18400,    40000,    86000,   382000,
       ProductReturn,      14073,          0,          0,          0,       9986,      12719,      200,     5700,    16300,    46000,    89000,   363000,

  5087s: (63%)   IR =   8952 .[5089.551s][info][gc,start       ] GC(697) Pause Young (Normal) (G1 Evacuation Pause)
[5089.551s][info][gc,task        ] GC(697) Using 8 workers of 8 for evacuation
[5089.701s][info][gc,phases      ] GC(697)   Pre Evacuate Collection Set: 0.24ms
[5089.701s][info][gc,phases      ] GC(697)   Merge Heap Roots: 0.50ms
[5089.701s][info][gc,phases      ] GC(697)   Evacuate Collection Set: 148.13ms
[5089.701s][info][gc,phases      ] GC(697)   Post Evacuate Collection Set: 1.03ms
[5089.701s][info][gc,phases      ] GC(697)   Other: 0.06ms
[5089.701s][info][gc,heap        ] GC(697) Eden regions: 571->0(571)
[5089.701s][info][gc,heap        ] GC(697) Survivor regions: 43->43(77)
[5089.701s][info][gc,heap        ] GC(697) Old regions: 164->171
[5089.701s][info][gc,heap        ] GC(697) Humongous regions: 33->33
[5089.701s][info][gc,metaspace   ] GC(697) Metaspace: 29938K(30400K)->29938K(30400K) NonClass: 24529K(24768K)->24529K(24768K) Class: 5408K(5632K)->5408K(5632K)
[5089.701s][info][gc             ] GC(697) Pause Young (Normal) (G1 Evacuation Pause) 6468M->1956M(8192M) 150.105ms
[5089.701s][info][gc,cpu         ] GC(697) User=1.19s Sys=0.00s Real=0.15s
...|.[5093.960s][info][gc,start       ] GC(698) Pause Young (Normal) (G1 Evacuation Pause)
[5093.960s][info][gc,task        ] GC(698) Using 8 workers of 8 for evacuation
[5094.111s][info][gc,phases      ] GC(698)   Pre Evacuate Collection Set: 0.25ms
[5094.111s][info][gc,phases      ] GC(698)   Merge Heap Roots: 0.53ms
[5094.111s][info][gc,phases      ] GC(698)   Evacuate Collection Set: 148.88ms
[5094.111s][info][gc,phases      ] GC(698)   Post Evacuate Collection Set: 1.02ms
[5094.111s][info][gc,phases      ] GC(698)   Other: 0.07ms
[5094.111s][info][gc,heap        ] GC(698) Eden regions: 571->0(571)
[5094.111s][info][gc,heap        ] GC(698) Survivor regions: 43->43(77)
[5094.111s][info][gc,heap        ] GC(698) Old regions: 171->178
[5094.111s][info][gc,heap        ] GC(698) Humongous regions: 33->33
[5094.111s][info][gc,metaspace   ] GC(698) Metaspace: 29938K(30400K)->29938K(30400K) NonClass: 24529K(24768K)->24529K(24768K) Class: 5408K(5632K)->5408K(5632K)
[5094.111s][info][gc             ] GC(698) Pause Young (Normal) (G1 Evacuation Pause) 6524M->2012M(8192M) 150.893ms
[5094.111s][info][gc,cpu         ] GC(698) User=1.19s Sys=0.00s Real=0.15s
.....[5098.273s][info][gc,start       ] GC(699) Pause Young (Normal) (G1 Evacuation Pause)
[5098.273s][info][gc,task        ] GC(699) Using 8 workers of 8 for evacuation
[5098.427s][info][gc,phases      ] GC(699)   Pre Evacuate Collection Set: 0.26ms
[5098.427s][info][gc,phases      ] GC(699)   Merge Heap Roots: 0.49ms
[5098.427s][info][gc,phases      ] GC(699)   Evacuate Collection Set: 152.61ms
[5098.427s][info][gc,phases      ] GC(699)   Post Evacuate Collection Set: 1.01ms
[5098.427s][info][gc,phases      ] GC(699)   Other: 0.06ms
[5098.427s][info][gc,heap        ] GC(699) Eden regions: 571->0(570)
[5098.427s][info][gc,heap        ] GC(699) Survivor regions: 43->44(77)
[5098.427s][info][gc,heap        ] GC(699) Old regions: 178->185
[5098.427s][info][gc,heap        ] GC(699) Humongous regions: 33->33
[5098.427s][info][gc,metaspace   ] GC(699) Metaspace: 29938K(30400K)->29938K(30400K) NonClass: 24529K(24768K)->24529K(24768K) Class: 5408K(5632K)->5408K(5632K)
[5098.427s][info][gc             ] GC(699) Pause Young (Normal) (G1 Evacuation Pause) 6580M->2075M(8192M) 154.548ms
[5098.427s][info][gc,cpu         ] GC(699) User=1.23s Sys=0.00s Real=0.16s
....[5102.672s][info][gc,start       ] GC(700) Pause Young (Normal) (G1 Evacuation Pause)
[5102.672s][info][gc,task        ] GC(700) Using 8 workers of 8 for evacuation
[5102.819s][info][gc,phases      ] GC(700)   Pre Evacuate Collection Set: 0.25ms
[5102.819s][info][gc,phases      ] GC(700)   Merge Heap Roots: 0.56ms
[5102.819s][info][gc,phases      ] GC(700)   Evacuate Collection Set: 145.08ms
[5102.819s][info][gc,phases      ] GC(700)   Post Evacuate Collection Set: 1.00ms
[5102.819s][info][gc,phases      ] GC(700)   Other: 0.06ms
[5102.819s][info][gc,heap        ] GC(700) Eden regions: 570->0(572)
[5102.819s][info][gc,heap        ] GC(700) Survivor regions: 44->42(77)
[5102.819s][info][gc,heap        ] GC(700) Old regions: 185->192
[5102.819s][info][gc,heap        ] GC(700) Humongous regions: 33->33
[5102.819s][info][gc,metaspace   ] GC(700) Metaspace: 29938K(30400K)->29938K(30400K) NonClass: 24529K(24768K)->24529K(24768K) Class: 5408K(5632K)->5408K(5632K)
[5102.819s][info][gc             ] GC(700) Pause Young (Normal) (G1 Evacuation Pause) 6635M->2115M(8192M) 147.081ms
[5102.819s][info][gc,cpu         ] GC(700) User=1.17s Sys=0.00s Real=0.15s
....[5106.887s][info][gc,start       ] GC(701) Pause Young (Normal) (G1 Evacuation Pause)
[5106.887s][info][gc,task        ] GC(701) Using 8 workers of 8 for evacuation
[5107.035s][info][gc,phases      ] GC(701)   Pre Evacuate Collection Set: 0.26ms
[5107.035s][info][gc,phases      ] GC(701)   Merge Heap Roots: 0.60ms
[5107.035s][info][gc,phases      ] GC(701)   Evacuate Collection Set: 145.54ms
[5107.035s][info][gc,phases      ] GC(701)   Post Evacuate Collection Set: 1.01ms
[5107.035s][info][gc,phases      ] GC(701)   Other: 0.07ms
[5107.035s][info][gc,heap        ] GC(701) Eden regions: 572->0(571)
[5107.035s][info][gc,heap        ] GC(701) Survivor regions: 42->43(77)
[5107.035s][info][gc,heap        ] GC(701) Old regions: 192->199
[5107.035s][info][gc,heap        ] GC(701) Humongous regions: 33->33
[5107.035s][info][gc,metaspace   ] GC(701) Metaspace: 29938K(30400K)->29938K(30400K) NonClass: 24529K(24768K)->24529K(24768K) Class: 5408K(5632K)->5408K(5632K)
[5107.035s][info][gc             ] GC(701) Pause Young (Normal) (G1 Evacuation Pause) 6691M->2178M(8192M) 147.622ms
[5107.035s][info][gc,cpu         ] GC(701) User=1.17s Sys=0.00s Real=0.15s
.....[5111.162s][info][gc,start       ] GC(702) Pause Young (Normal) (G1 Evacuation Pause)
[5111.162s][info][gc,task        ] GC(702) Using 8 workers of 8 for evacuation
[5111.316s][info][gc,phases      ] GC(702)   Pre Evacuate Collection Set: 0.26ms
[5111.316s][info][gc,phases      ] GC(702)   Merge Heap Roots: 0.54ms
[5111.316s][info][gc,phases      ] GC(702)   Evacuate Collection Set: 151.70ms
[5111.316s][info][gc,phases      ] GC(702)   Post Evacuate Collection Set: 0.99ms
[5111.316s][info][gc,phases      ] GC(702)   Other: 0.09ms
[5111.316s][info][gc,heap        ] GC(702) Eden regions: 571->0(570)
[5111.316s][info][gc,heap        ] GC(702) Survivor regions: 43->44(77)
[5111.316s][info][gc,heap        ] GC(702) Old regions: 199->206
[5111.316s][info][gc,heap        ] GC(702) Humongous regions: 33->33
[5111.316s][info][gc,metaspace   ] GC(702) Metaspace: 29938K(30400K)->29938K(30400K) NonClass: 24529K(24768K)->24529K(24768K) Class: 5408K(5632K)->5408K(5632K)
[5111.316s][info][gc             ] GC(702) Pause Young (Normal) (G1 Evacuation Pause) 6746M->2244M(8192M) 153.712ms
[5111.316s][info][gc,cpu         ] GC(702) User=1.22s Sys=0.00s Real=0.16s
....[5115.462s][info][gc,start       ] GC(703) Pause Young (Normal) (G1 Evacuation Pause)
[5115.462s][info][gc,task        ] GC(703) Using 8 workers of 8 for evacuation
[5115.612s][info][gc,phases      ] GC(703)   Pre Evacuate Collection Set: 0.25ms
[5115.612s][info][gc,phases      ] GC(703)   Merge Heap Roots: 0.58ms
[5115.612s][info][gc,phases      ] GC(703)   Evacuate Collection Set: 148.17ms
[5115.612s][info][gc,phases      ] GC(703)   Post Evacuate Collection Set: 1.01ms
[5115.612s][info][gc,phases      ] GC(703)   Other: 0.06ms
[5115.612s][info][gc,heap        ] GC(703) Eden regions: 570->0(570)
[5115.612s][info][gc,heap        ] GC(703) Survivor regions: 44->44(77)
[5115.612s][info][gc,heap        ] GC(703) Old regions: 206->213
[5115.612s][info][gc,heap        ] GC(703) Humongous regions: 33->33
[5115.612s][info][gc,metaspace   ] GC(703) Metaspace: 29938K(30400K)->29938K(30400K) NonClass: 24529K(24768K)->24529K(24768K) Class: 5408K(5632K)->5408K(5632K)
[5115.612s][info][gc             ] GC(703) Pause Young (Normal) (G1 Evacuation Pause) 6804M->2299M(8192M) 150.197ms
[5115.612s][info][gc,cpu         ] GC(703) User=1.19s Sys=0.00s Real=0.15s
....[5119.891s][info][gc,start       ] GC(704) Pause Young (Normal) (G1 Evacuation Pause)
[5119.891s][info][gc,task        ] GC(704) Using 8 workers of 8 for evacuation
[5120.039s][info][gc,phases      ] GC(704)   Pre Evacuate Collection Set: 0.24ms
[5120.039s][info][gc,phases      ] GC(704)   Merge Heap Roots: 0.49ms
[5120.039s][info][gc,phases      ] GC(704)   Evacuate Collection Set: 145.28ms
[5120.039s][info][gc,phases      ] GC(704)   Post Evacuate Collection Set: 1.01ms
[5120.039s][info][gc,phases      ] GC(704)   Other: 0.07ms
[5120.039s][info][gc,heap        ] GC(704) Eden regions: 570->0(573)
[5120.039s][info][gc,heap        ] GC(704) Survivor regions: 44->41(77)
[5120.039s][info][gc,heap        ] GC(704) Old regions: 213->220
[5120.039s][info][gc,heap        ] GC(704) Humongous regions: 33->33
[5120.039s][info][gc,metaspace   ] GC(704) Metaspace: 29938K(30400K)->29938K(30400K) NonClass: 24529K(24768K)->24529K(24768K) Class: 5408K(5632K)->5408K(5632K)
[5120.039s][info][gc             ] GC(704) Pause Young (Normal) (G1 Evacuation Pause) 6859M->2336M(8192M) 147.225ms
[5120.039s][info][gc,cpu         ] GC(704) User=1.16s Sys=0.00s Real=0.15s
....[5124.131s][info][gc,start       ] GC(705) Pause Young (Normal) (G1 Evacuation Pause)
[5124.131s][info][gc,task        ] GC(705) Using 8 workers of 8 for evacuation
[5124.279s][info][gc,phases      ] GC(705)   Pre Evacuate Collection Set: 0.28ms
[5124.279s][info][gc,phases      ] GC(705)   Merge Heap Roots: 0.61ms
[5124.279s][info][gc,phases      ] GC(705)   Evacuate Collection Set: 145.75ms
[5124.279s][info][gc,phases      ] GC(705)   Post Evacuate Collection Set: 1.00ms
[5124.279s][info][gc,phases      ] GC(705)   Other: 0.07ms
[5124.279s][info][gc,heap        ] GC(705) Eden regions: 573->0(572)
[5124.279s][info][gc,heap        ] GC(705) Survivor regions: 41->42(77)
[5124.279s][info][gc,heap        ] GC(705) Old regions: 220->227
[5124.279s][info][gc,heap        ] GC(705) Humongous regions: 33->33
[5124.279s][info][gc,metaspace   ] GC(705) Metaspace: 29938K(30400K)->29938K(30400K) NonClass: 24529K(24768K)->24529K(24768K) Class: 5408K(5632K)->5408K(5632K)
[5124.279s][info][gc             ] GC(705) Pause Young (Normal) (G1 Evacuation Pause) 6920M->2402M(8192M) 147.880ms
[5124.279s][info][gc,cpu         ] GC(705) User=1.17s Sys=0.00s Real=0.15s
.....[5128.374s][info][gc,start       ] GC(706) Pause Young (Normal) (G1 Evacuation Pause)
[5128.374s][info][gc,task        ] GC(706) Using 8 workers of 8 for evacuation
[5128.528s][info][gc,phases      ] GC(706)   Pre Evacuate Collection Set: 0.29ms
[5128.528s][info][gc,phases      ] GC(706)   Merge Heap Roots: 0.67ms
[5128.528s][info][gc,phases      ] GC(706)   Evacuate Collection Set: 151.67ms
[5128.528s][info][gc,phases      ] GC(706)   Post Evacuate Collection Set: 1.02ms
[5128.528s][info][gc,phases      ] GC(706)   Other: 0.08ms
[5128.528s][info][gc,heap        ] GC(706) Eden regions: 572->0(571)
[5128.528s][info][gc,heap        ] GC(706) Survivor regions: 42->43(77)
[5128.528s][info][gc,heap        ] GC(706) Old regions: 227->234
[5128.528s][info][gc,heap        ] GC(706) Humongous regions: 33->33
[5128.528s][info][gc,metaspace   ] GC(706) Metaspace: 29938K(30400K)->29938K(30400K) NonClass: 24529K(24768K)->24529K(24768K) Class: 5408K(5632K)->5408K(5632K)
[5128.528s][info][gc             ] GC(706) Pause Young (Normal) (G1 Evacuation Pause) 6978M->2464M(8192M) 153.852ms
[5128.528s][info][gc,cpu         ] GC(706) User=1.22s Sys=0.00s Real=0.16s
....[5132.706s][info][gc,start       ] GC(707) Pause Young (Normal) (G1 Evacuation Pause)
[5132.706s][info][gc,task        ] GC(707) Using 8 workers of 8 for evacuation
[5132.855s][info][gc,phases      ] GC(707)   Pre Evacuate Collection Set: 0.27ms
[5132.855s][info][gc,phases      ] GC(707)   Merge Heap Roots: 0.54ms
[5132.855s][info][gc,phases      ] GC(707)   Evacuate Collection Set: 146.77ms
[5132.855s][info][gc,phases      ] GC(707)   Post Evacuate Collection Set: 1.02ms
[5132.855s][info][gc,phases      ] GC(707)   Other: 0.07ms
[5132.855s][info][gc,heap        ] GC(707) Eden regions: 571->0(572)
[5132.855s][info][gc,heap        ] GC(707) Survivor regions: 43->42(77)
[5132.855s][info][gc,heap        ] GC(707) Old regions: 234->241
[5132.855s][info][gc,heap        ] GC(707) Humongous regions: 33->33
[5132.855s][info][gc,metaspace   ] GC(707) Metaspace: 29938K(30400K)->29938K(30400K) NonClass: 24529K(24768K)->24529K(24768K) Class: 5408K(5632K)->5408K(5632K)
[5132.855s][info][gc             ] GC(707) Pause Young (Normal) (G1 Evacuation Pause) 7032M->2512M(8192M) 148.799ms
[5132.855s][info][gc,cpu         ] GC(707) User=1.18s Sys=0.00s Real=0.15s
....[5136.963s][info][gc,start       ] GC(708) Pause Young (Normal) (G1 Evacuation Pause)
[5136.963s][info][gc,task        ] GC(708) Using 8 workers of 8 for evacuation
[5137.118s][info][gc,phases      ] GC(708)   Pre Evacuate Collection Set: 0.27ms
[5137.118s][info][gc,phases      ] GC(708)   Merge Heap Roots: 0.54ms
[5137.118s][info][gc,phases      ] GC(708)   Evacuate Collection Set: 153.48ms
[5137.118s][info][gc,phases      ] GC(708)   Post Evacuate Collection Set: 0.99ms
[5137.118s][info][gc,phases      ] GC(708)   Other: 0.07ms
[5137.118s][info][gc,heap        ] GC(708) Eden regions: 572->0(570)
[5137.118s][info][gc,heap        ] GC(708) Survivor regions: 42->44(77)
[5137.119s][info][gc,heap        ] GC(708) Old regions: 241->248
[5137.119s][info][gc,heap        ] GC(708) Humongous regions: 33->33
[5137.119s][info][gc,metaspace   ] GC(708) Metaspace: 29938K(30400K)->29938K(30400K) NonClass: 24529K(24768K)->24529K(24768K) Class: 5408K(5632K)->5408K(5632K)
[5137.119s][info][gc             ] GC(708) Pause Young (Normal) (G1 Evacuation Pause) 7088M->2583M(8192M) 155.503ms
[5137.119s][info][gc,cpu         ] GC(708) User=1.23s Sys=0.00s Real=0.16s
....[5141.247s][info][gc,start       ] GC(709) Pause Young (Normal) (G1 Evacuation Pause)
[5141.247s][info][gc,task        ] GC(709) Using 8 workers of 8 for evacuation
[5141.401s][info][gc,phases      ] GC(709)   Pre Evacuate Collection Set: 0.24ms
[5141.401s][info][gc,phases      ] GC(709)   Merge Heap Roots: 0.53ms
[5141.401s][info][gc,phases      ] GC(709)   Evacuate Collection Set: 152.34ms
[5141.401s][info][gc,phases      ] GC(709)   Post Evacuate Collection Set: 1.04ms
[5141.401s][info][gc,phases      ] GC(709)   Other: 0.06ms
[5141.401s][info][gc,heap        ] GC(709) Eden regions: 570->0(570)
[5141.401s][info][gc,heap        ] GC(709) Survivor regions: 44->44(77)
[5141.401s][info][gc,heap        ] GC(709) Old regions: 248->256
[5141.401s][info][gc,heap        ] GC(709) Humongous regions: 33->33
[5141.401s][info][gc,metaspace   ] GC(709) Metaspace: 29938K(30400K)->29938K(30400K) NonClass: 24529K(24768K)->24529K(24768K) Class: 5408K(5632K)->5408K(5632K)
[5141.401s][info][gc             ] GC(709) Pause Young (Normal) (G1 Evacuation Pause) 7143M->2643M(8192M) 154.368ms
[5141.401s][info][gc,cpu         ] GC(709) User=1.23s Sys=0.00s Real=0.15s
.....[5145.503s][info][gc,start       ] GC(710) Pause Young (Normal) (G1 Evacuation Pause)
[5145.503s][info][gc,task        ] GC(710) Using 8 workers of 8 for evacuation
[5145.655s][info][gc,phases      ] GC(710)   Pre Evacuate Collection Set: 0.27ms
[5145.655s][info][gc,phases      ] GC(710)   Merge Heap Roots: 0.50ms
[5145.655s][info][gc,phases      ] GC(710)   Evacuate Collection Set: 149.94ms
[5145.655s][info][gc,phases      ] GC(710)   Post Evacuate Collection Set: 1.04ms
[5145.655s][info][gc,phases      ] GC(710)   Other: 0.06ms
[5145.655s][info][gc,heap        ] GC(710) Eden regions: 570->0(571)
[5145.655s][info][gc,heap        ] GC(710) Survivor regions: 44->43(77)
[5145.655s][info][gc,heap        ] GC(710) Old regions: 256->263
[5145.655s][info][gc,heap        ] GC(710) Humongous regions: 33->33
[5145.655s][info][gc,metaspace   ] GC(710) Metaspace: 29938K(30400K)->29938K(30400K) NonClass: 24529K(24768K)->24529K(24768K) Class: 5408K(5632K)->5408K(5632K)
[5145.655s][info][gc             ] GC(710) Pause Young (Normal) (G1 Evacuation Pause) 7203M->2698M(8192M) 151.926ms
[5145.655s][info][gc,cpu         ] GC(710) User=1.21s Sys=0.00s Real=0.16s
....[5149.737s][info][gc,start       ] GC(711) Pause Young (Normal) (G1 Evacuation Pause)
[5149.737s][info][gc,task        ] GC(711) Using 8 workers of 8 for evacuation
[5149.888s][info][gc,phases      ] GC(711)   Pre Evacuate Collection Set: 0.25ms
[5149.888s][info][gc,phases      ] GC(711)   Merge Heap Roots: 0.53ms
[5149.888s][info][gc,phases      ] GC(711)   Evacuate Collection Set: 148.89ms
[5149.888s][info][gc,phases      ] GC(711)   Post Evacuate Collection Set: 1.06ms
[5149.888s][info][gc,phases      ] GC(711)   Other: 0.06ms
[5149.888s][info][gc,heap        ] GC(711) Eden regions: 571->0(570)
[5149.888s][info][gc,heap        ] GC(711) Survivor regions: 43->44(77)
[5149.888s][info][gc,heap        ] GC(711) Old regions: 263->270
[5149.888s][info][gc,heap        ] GC(711) Humongous regions: 33->33
[5149.888s][info][gc,metaspace   ] GC(711) Metaspace: 29938K(30400K)->29938K(30400K) NonClass: 24529K(24768K)->24529K(24768K) Class: 5408K(5632K)->5408K(5632K)
[5149.888s][info][gc             ] GC(711) Pause Young (Normal) (G1 Evacuation Pause) 7266M->2759M(8192M) 150.925ms
[5149.888s][info][gc,cpu         ] GC(711) User=1.19s Sys=0.00s Real=0.15s
... (rIR:aIR:PR = 8952:8903:8904) (tPR = 132392) [OK] 
  5152s: Performance info:
         Transaction,    Success,    Partial,     Failed,   Receipts, AvgBarcode, 
             Overall,     537812,          0,          0,     510797,      59.48, 
         Response times:
             Request,    Success,    Partial,     Failed,   SkipFail,     Probes,    Samples,      min,      p50,      p90,      p95,      p99,      max, 
       TotalPurchase,     510789,          0,          0,          0,     360966,     387984,      300,     6200,    17800,    54000,   109000,   610000,
     InStorePurchase,     267871,          0,          0,          0,     189764,     203685,      300,     6300,    18000,    55000,   110000,   459000,
      OnlinePurchase,     188684,          0,          0,          0,     132719,     142454,      300,     6100,    17700,    54000,   109000,   610000,
        InstPurchase,      54234,          0,          0,          0,      38483,      41845,      400,     6200,    17200,    49000,   105000,   458000,
          AssocOfCat,        541,          0,          0,          0,        459,        580,    24000,    49000,    73000,   118800,   180570,   222000,
      AssocOfProduct,       5388,          0,          0,          0,       3949,       4507,      600,     6100,    17000,    49600,   100920,   253000,
      BusinessReport,       1359,          0,          0,          0,       1185,       1414,    29000,    57000,    95000,   129250,   201000,   229000,
          CustBuyBeh,       5385,          0,          0,          0,       3852,       4421,      300,     6200,    18200,    61900,   108000,   199000,
       ProductReturn,      14287,          0,          0,          0,      10179,      11272,      200,     5400,    16600,    53000,    99000,   399000,

  5152s: (64%)   IR =   9094 .[5153.996s][info][gc,start       ] GC(712) Pause Young (Normal) (G1 Evacuation Pause)
[5153.997s][info][gc,task        ] GC(712) Using 8 workers of 8 for evacuation
[5154.152s][info][gc,phases      ] GC(712)   Pre Evacuate Collection Set: 0.24ms
[5154.152s][info][gc,phases      ] GC(712)   Merge Heap Roots: 0.50ms
[5154.152s][info][gc,phases      ] GC(712)   Evacuate Collection Set: 153.88ms
[5154.152s][info][gc,phases      ] GC(712)   Post Evacuate Collection Set: 1.07ms
[5154.152s][info][gc,phases      ] GC(712)   Other: 0.06ms
[5154.152s][info][gc,heap        ] GC(712) Eden regions: 570->0(570)
[5154.152s][info][gc,heap        ] GC(712) Survivor regions: 44->44(77)
[5154.152s][info][gc,heap        ] GC(712) Old regions: 270->277
[5154.152s][info][gc,heap        ] GC(712) Humongous regions: 33->33
[5154.152s][info][gc,metaspace   ] GC(712) Metaspace: 29938K(30400K)->29938K(30400K) NonClass: 24529K(24768K)->24529K(24768K) Class: 5408K(5632K)->5408K(5632K)
[5154.152s][info][gc             ] GC(712) Pause Young (Normal) (G1 Evacuation Pause) 7319M->2819M(8192M) 155.880ms
[5154.152s][info][gc,cpu         ] GC(712) User=1.23s Sys=0.00s Real=0.15s
....[5158.139s][info][gc,start       ] GC(713) Pause Young (Normal) (G1 Evacuation Pause)
[5158.139s][info][gc,task        ] GC(713) Using 8 workers of 8 for evacuation
[5158.289s][info][gc,phases      ] GC(713)   Pre Evacuate Collection Set: 0.28ms
[5158.289s][info][gc,phases      ] GC(713)   Merge Heap Roots: 0.51ms
[5158.289s][info][gc,phases      ] GC(713)   Evacuate Collection Set: 147.73ms
[5158.289s][info][gc,phases      ] GC(713)   Post Evacuate Collection Set: 1.01ms
[5158.289s][info][gc,phases      ] GC(713)   Other: 0.06ms
[5158.289s][info][gc,heap        ] GC(713) Eden regions: 570->0(569)
[5158.289s][info][gc,heap        ] GC(713) Survivor regions: 44->43(77)
[5158.289s][info][gc,heap        ] GC(713) Old regions: 277->284
[5158.289s][info][gc,heap        ] GC(713) Humongous regions: 33->33
[5158.289s][info][gc,metaspace   ] GC(713) Metaspace: 29938K(30400K)->29938K(30400K) NonClass: 24529K(24768K)->24529K(24768K) Class: 5408K(5632K)->5408K(5632K)
[5158.289s][info][gc             ] GC(713) Pause Young (Normal) (G1 Evacuation Pause) 7379M->2867M(8192M) 149.721ms
[5158.289s][info][gc,cpu         ] GC(713) User=1.19s Sys=0.00s Real=0.15s
....[5162.371s][info][gc,start       ] GC(714) Pause Young (Normal) (G1 Evacuation Pause)
[5162.371s][info][gc,task        ] GC(714) Using 8 workers of 8 for evacuation
[5162.526s][info][gc,phases      ] GC(714)   Pre Evacuate Collection Set: 0.25ms
[5162.526s][info][gc,phases      ] GC(714)   Merge Heap Roots: 0.54ms
[5162.526s][info][gc,phases      ] GC(714)   Evacuate Collection Set: 152.57ms
[5162.526s][info][gc,phases      ] GC(714)   Post Evacuate Collection Set: 1.03ms
[5162.526s][info][gc,phases      ] GC(714)   Other: 0.08ms
[5162.526s][info][gc,heap        ] GC(714) Eden regions: 569->0(560)
[5162.526s][info][gc,heap        ] GC(714) Survivor regions: 43->44(77)
[5162.526s][info][gc,heap        ] GC(714) Old regions: 284->291
[5162.526s][info][gc,heap        ] GC(714) Humongous regions: 33->33
[5162.526s][info][gc,metaspace   ] GC(714) Metaspace: 29938K(30400K)->29938K(30400K) NonClass: 24529K(24768K)->24529K(24768K) Class: 5408K(5632K)->5408K(5632K)
[5162.526s][info][gc             ] GC(714) Pause Young (Normal) (G1 Evacuation Pause) 7419M->2927M(8192M) 154.612ms
[5162.526s][info][gc,cpu         ] GC(714) User=1.23s Sys=0.00s Real=0.16s
...|.[5166.448s][info][gc,start       ] GC(715) Pause Young (Normal) (G1 Evacuation Pause)
[5166.448s][info][gc,task        ] GC(715) Using 8 workers of 8 for evacuation
[5166.600s][info][gc,phases      ] GC(715)   Pre Evacuate Collection Set: 0.24ms
[5166.600s][info][gc,phases      ] GC(715)   Merge Heap Roots: 0.50ms
[5166.600s][info][gc,phases      ] GC(715)   Evacuate Collection Set: 149.68ms
[5166.600s][info][gc,phases      ] GC(715)   Post Evacuate Collection Set: 1.02ms
[5166.600s][info][gc,phases      ] GC(715)   Other: 0.07ms
[5166.600s][info][gc,heap        ] GC(715) Eden regions: 560->0(554)
[5166.600s][info][gc,heap        ] GC(715) Survivor regions: 44->43(76)
[5166.600s][info][gc,heap        ] GC(715) Old regions: 291->299
[5166.600s][info][gc,heap        ] GC(715) Humongous regions: 33->33
[5166.600s][info][gc,metaspace   ] GC(715) Metaspace: 29938K(30400K)->29938K(30400K) NonClass: 24529K(24768K)->24529K(24768K) Class: 5408K(5632K)->5408K(5632K)
[5166.600s][info][gc             ] GC(715) Pause Young (Normal) (G1 Evacuation Pause) 7407M->2976M(8192M) 151.645ms
[5166.600s][info][gc,cpu         ] GC(715) User=1.20s Sys=0.00s Real=0.15s
....[5170.587s][info][gc,start       ] GC(716) Pause Young (Normal) (G1 Evacuation Pause)
[5170.587s][info][gc,task        ] GC(716) Using 8 workers of 8 for evacuation
[5170.738s][info][gc,phases      ] GC(716)   Pre Evacuate Collection Set: 0.25ms
[5170.738s][info][gc,phases      ] GC(716)   Merge Heap Roots: 0.54ms
[5170.738s][info][gc,phases      ] GC(716)   Evacuate Collection Set: 149.13ms
[5170.738s][info][gc,phases      ] GC(716)   Post Evacuate Collection Set: 0.98ms
[5170.738s][info][gc,phases      ] GC(716)   Other: 0.06ms
[5170.738s][info][gc,heap        ] GC(716) Eden regions: 554->0(549)
[5170.738s][info][gc,heap        ] GC(716) Survivor regions: 43->42(75)
[5170.738s][info][gc,heap        ] GC(716) Old regions: 299->306
[5170.738s][info][gc,heap        ] GC(716) Humongous regions: 33->33
[5170.738s][info][gc,metaspace   ] GC(716) Metaspace: 29938K(30400K)->29938K(30400K) NonClass: 24529K(24768K)->24529K(24768K) Class: 5408K(5632K)->5408K(5632K)
[5170.738s][info][gc             ] GC(716) Pause Young (Normal) (G1 Evacuation Pause) 7408M->3031M(8192M) 151.096ms
[5170.738s][info][gc,cpu         ] GC(716) User=1.20s Sys=0.00s Real=0.15s
....[5174.602s][info][gc,start       ] GC(717) Pause Young (Concurrent Start) (G1 Evacuation Pause)
[5174.602s][info][gc,task        ] GC(717) Using 8 workers of 8 for evacuation
[5174.751s][info][gc,phases      ] GC(717)   Pre Evacuate Collection Set: 0.30ms
[5174.751s][info][gc,phases      ] GC(717)   Merge Heap Roots: 0.50ms
[5174.751s][info][gc,phases      ] GC(717)   Evacuate Collection Set: 146.43ms
[5174.751s][info][gc,phases      ] GC(717)   Post Evacuate Collection Set: 0.98ms
[5174.751s][info][gc,phases      ] GC(717)   Other: 0.11ms
[5174.751s][info][gc,heap        ] GC(717) Eden regions: 549->0(540)
[5174.751s][info][gc,heap        ] GC(717) Survivor regions: 42->43(74)
[5174.751s][info][gc,heap        ] GC(717) Old regions: 306->313
[5174.751s][info][gc,heap        ] GC(717) Humongous regions: 33->33
[5174.751s][info][gc,metaspace   ] GC(717) Metaspace: 29938K(30400K)->29938K(30400K) NonClass: 24529K(24768K)->24529K(24768K) Class: 5408K(5632K)->5408K(5632K)
[5174.751s][info][gc             ] GC(717) Pause Young (Concurrent Start) (G1 Evacuation Pause) 7423M->3091M(8192M) 148.461ms
[5174.751s][info][gc,cpu         ] GC(717) User=1.18s Sys=0.00s Real=0.15s
[5174.751s][info][gc             ] GC(718) Concurrent Mark Cycle
[5174.751s][info][gc,marking     ] GC(718) Concurrent Scan Root Regions
.[5175.092s][info][gc,marking     ] GC(718) Concurrent Scan Root Regions 340.750ms
[5175.092s][info][gc,marking     ] GC(718) Concurrent Mark
[5175.092s][info][gc,marking     ] GC(718) Concurrent Mark From Roots
[5175.092s][info][gc,task        ] GC(718) Using 2 workers of 2 for marking
.[5176.536s][info][gc,marking     ] GC(718) Concurrent Mark From Roots 1443.908ms
[5176.536s][info][gc,marking     ] GC(718) Concurrent Preclean
[5176.536s][info][gc,marking     ] GC(718) Concurrent Preclean 0.106ms
[5176.536s][info][gc,start       ] GC(718) Pause Remark
[5176.537s][info][gc             ] GC(718) Pause Remark 5139M->4563M(8192M) 1.431ms
[5176.537s][info][gc,cpu         ] GC(718) User=0.01s Sys=0.00s Real=0.00s
[5176.538s][info][gc,marking     ] GC(718) Concurrent Mark 1445.734ms
[5176.538s][info][gc,marking     ] GC(718) Concurrent Rebuild Remembered Sets and Scrub Regions
.[5177.064s][info][gc,marking     ] GC(718) Concurrent Rebuild Remembered Sets and Scrub Regions 526.711ms
[5177.064s][info][gc,start       ] GC(718) Pause Cleanup
[5177.065s][info][gc             ] GC(718) Pause Cleanup 5155M->5155M(8192M) 0.287ms
[5177.065s][info][gc,cpu         ] GC(718) User=0.00s Sys=0.00s Real=0.00s
[5177.065s][info][gc,marking     ] GC(718) Concurrent Clear Claimed Marks
[5177.065s][info][gc,marking     ] GC(718) Concurrent Clear Claimed Marks 0.049ms
[5177.065s][info][gc,marking     ] GC(718) Concurrent Cleanup for Next Mark
[5177.077s][info][gc,marking     ] GC(718) Concurrent Cleanup for Next Mark 11.822ms
[5177.077s][info][gc             ] GC(718) Concurrent Mark Cycle 2325.762ms
.[5178.569s][info][gc,start       ] GC(719) Pause Young (Prepare Mixed) (G1 Evacuation Pause)
[5178.569s][info][gc,task        ] GC(719) Using 8 workers of 8 for evacuation
[5178.717s][info][gc,phases      ] GC(719)   Pre Evacuate Collection Set: 0.25ms
[5178.717s][info][gc,phases      ] GC(719)   Merge Heap Roots: 0.68ms
[5178.717s][info][gc,phases      ] GC(719)   Evacuate Collection Set: 145.52ms
[5178.717s][info][gc,phases      ] GC(719)   Post Evacuate Collection Set: 1.08ms
[5178.717s][info][gc,phases      ] GC(719)   Other: 0.07ms
[5178.717s][info][gc,heap        ] GC(719) Eden regions: 540->0(572)
[5178.717s][info][gc,heap        ] GC(719) Survivor regions: 43->42(73)
[5178.717s][info][gc,heap        ] GC(719) Old regions: 241->249
[5178.717s][info][gc,heap        ] GC(719) Humongous regions: 33->33
[5178.717s][info][gc,metaspace   ] GC(719) Metaspace: 29938K(30400K)->29938K(30400K) NonClass: 24529K(24768K)->24529K(24768K) Class: 5408K(5632K)->5408K(5632K)
[5178.717s][info][gc             ] GC(719) Pause Young (Prepare Mixed) (G1 Evacuation Pause) 6835M->2568M(8192M) 147.728ms
[5178.717s][info][gc,cpu         ] GC(719) User=1.17s Sys=0.00s Real=0.15s
....[5182.749s][info][gc,start       ] GC(720) Pause Young (Mixed) (G1 Evacuation Pause)
[5182.749s][info][gc,task        ] GC(720) Using 8 workers of 8 for evacuation
[5182.907s][info][gc,phases      ] GC(720)   Pre Evacuate Collection Set: 0.30ms
[5182.907s][info][gc,phases      ] GC(720)   Merge Heap Roots: 0.88ms
[5182.907s][info][gc,phases      ] GC(720)   Evacuate Collection Set: 155.21ms
[5182.907s][info][gc,phases      ] GC(720)   Post Evacuate Collection Set: 1.29ms
[5182.907s][info][gc,phases      ] GC(720)   Other: 0.08ms
[5182.907s][info][gc,heap        ] GC(720) Eden regions: 572->0(572)
[5182.907s][info][gc,heap        ] GC(720) Survivor regions: 42->42(77)
[5182.907s][info][gc,heap        ] GC(720) Old regions: 249->154
[5182.907s][info][gc,heap        ] GC(720) Humongous regions: 33->33
[5182.907s][info][gc,metaspace   ] GC(720) Metaspace: 29938K(30400K)->29938K(30400K) NonClass: 24529K(24768K)->24529K(24768K) Class: 5408K(5632K)->5408K(5632K)
[5182.907s][info][gc             ] GC(720) Pause Young (Mixed) (G1 Evacuation Pause) 7144M->1815M(8192M) 157.900ms
[5182.907s][info][gc,cpu         ] GC(720) User=1.25s Sys=0.00s Real=0.16s
.....[5187.087s][info][gc,start       ] GC(721) Pause Young (Mixed) (G1 Evacuation Pause)
[5187.087s][info][gc,task        ] GC(721) Using 8 workers of 8 for evacuation
[5187.246s][info][gc,phases      ] GC(721)   Pre Evacuate Collection Set: 0.25ms
[5187.246s][info][gc,phases      ] GC(721)   Merge Heap Roots: 0.74ms
[5187.246s][info][gc,phases      ] GC(721)   Evacuate Collection Set: 156.49ms
[5187.246s][info][gc,phases      ] GC(721)   Post Evacuate Collection Set: 1.04ms
[5187.246s][info][gc,phases      ] GC(721)   Other: 0.07ms
[5187.246s][info][gc,heap        ] GC(721) Eden regions: 572->0(571)
[5187.246s][info][gc,heap        ] GC(721) Survivor regions: 42->43(77)
[5187.246s][info][gc,heap        ] GC(721) Old regions: 154->143
[5187.246s][info][gc,heap        ] GC(721) Humongous regions: 33->33
[5187.246s][info][gc,metaspace   ] GC(721) Metaspace: 29938K(30400K)->29938K(30400K) NonClass: 24529K(24768K)->24529K(24768K) Class: 5408K(5632K)->5408K(5632K)
[5187.246s][info][gc             ] GC(721) Pause Young (Mixed) (G1 Evacuation Pause) 6391M->1737M(8192M) 158.723ms
[5187.246s][info][gc,cpu         ] GC(721) User=1.26s Sys=0.00s Real=0.16s
....[5191.301s][info][gc,start       ] GC(722) Pause Young (Normal) (G1 Evacuation Pause)
[5191.301s][info][gc,task        ] GC(722) Using 8 workers of 8 for evacuation
[5191.463s][info][gc,phases      ] GC(722)   Pre Evacuate Collection Set: 0.24ms
[5191.463s][info][gc,phases      ] GC(722)   Merge Heap Roots: 0.57ms
[5191.463s][info][gc,phases      ] GC(722)   Evacuate Collection Set: 159.72ms
[5191.463s][info][gc,phases      ] GC(722)   Post Evacuate Collection Set: 0.98ms
[5191.463s][info][gc,phases      ] GC(722)   Other: 0.06ms
[5191.463s][info][gc,heap        ] GC(722) Eden regions: 571->0(569)
[5191.463s][info][gc,heap        ] GC(722) Survivor regions: 43->45(77)
[5191.463s][info][gc,heap        ] GC(722) Old regions: 143->151
[5191.463s][info][gc,heap        ] GC(722) Humongous regions: 33->33
[5191.463s][info][gc,metaspace   ] GC(722) Metaspace: 29938K(30400K)->29938K(30400K) NonClass: 24529K(24768K)->24529K(24768K) Class: 5408K(5632K)->5408K(5632K)
[5191.463s][info][gc             ] GC(722) Pause Young (Normal) (G1 Evacuation Pause) 6305M->1812M(8192M) 161.694ms
[5191.463s][info][gc,cpu         ] GC(722) User=1.28s Sys=0.00s Real=0.16s
....[5195.398s][info][gc,start       ] GC(723) Pause Young (Normal) (G1 Evacuation Pause)
[5195.398s][info][gc,task        ] GC(723) Using 8 workers of 8 for evacuation
[5195.553s][info][gc,phases      ] GC(723)   Pre Evacuate Collection Set: 0.25ms
[5195.553s][info][gc,phases      ] GC(723)   Merge Heap Roots: 0.58ms
[5195.553s][info][gc,phases      ] GC(723)   Evacuate Collection Set: 153.21ms
[5195.553s][info][gc,phases      ] GC(723)   Post Evacuate Collection Set: 1.03ms
[5195.553s][info][gc,phases      ] GC(723)   Other: 0.07ms
[5195.553s][info][gc,heap        ] GC(723) Eden regions: 569->0(570)
[5195.553s][info][gc,heap        ] GC(723) Survivor regions: 45->44(77)
[5195.553s][info][gc,heap        ] GC(723) Old regions: 151->157
[5195.553s][info][gc,heap        ] GC(723) Humongous regions: 33->33
[5195.553s][info][gc,metaspace   ] GC(723) Metaspace: 29938K(30400K)->29938K(30400K) NonClass: 24529K(24768K)->24529K(24768K) Class: 5408K(5632K)->5408K(5632K)
[5195.553s][info][gc             ] GC(723) Pause Young (Normal) (G1 Evacuation Pause) 6364M->1859M(8192M) 155.266ms
[5195.553s][info][gc,cpu         ] GC(723) User=1.23s Sys=0.00s Real=0.15s
....[5199.704s][info][gc,start       ] GC(724) Pause Young (Normal) (G1 Evacuation Pause)
[5199.704s][info][gc,task        ] GC(724) Using 8 workers of 8 for evacuation
[5199.855s][info][gc,phases      ] GC(724)   Pre Evacuate Collection Set: 0.24ms
[5199.855s][info][gc,phases      ] GC(724)   Merge Heap Roots: 0.59ms
[5199.855s][info][gc,phases      ] GC(724)   Evacuate Collection Set: 148.61ms
[5199.855s][info][gc,phases      ] GC(724)   Post Evacuate Collection Set: 0.98ms
[5199.855s][info][gc,phases      ] GC(724)   Other: 0.06ms
[5199.855s][info][gc,heap        ] GC(724) Eden regions: 570->0(571)
[5199.855s][info][gc,heap        ] GC(724) Survivor regions: 44->43(77)
[5199.855s][info][gc,heap        ] GC(724) Old regions: 157->164
[5199.855s][info][gc,heap        ] GC(724) Humongous regions: 33->33
[5199.855s][info][gc,metaspace   ] GC(724) Metaspace: 29938K(30400K)->29938K(30400K) NonClass: 24529K(24768K)->24529K(24768K) Class: 5408K(5632K)->5408K(5632K)
[5199.855s][info][gc             ] GC(724) Pause Young (Normal) (G1 Evacuation Pause) 6419M->1905M(8192M) 150.622ms
[5199.855s][info][gc,cpu         ] GC(724) User=1.19s Sys=0.00s Real=0.16s
....[5203.811s][info][gc,start       ] GC(725) Pause Young (Normal) (G1 Evacuation Pause)
[5203.811s][info][gc,task        ] GC(725) Using 8 workers of 8 for evacuation
[5203.960s][info][gc,phases      ] GC(725)   Pre Evacuate Collection Set: 0.25ms
[5203.960s][info][gc,phases      ] GC(725)   Merge Heap Roots: 0.50ms
[5203.960s][info][gc,phases      ] GC(725)   Evacuate Collection Set: 147.71ms
[5203.960s][info][gc,phases      ] GC(725)   Post Evacuate Collection Set: 0.99ms
[5203.960s][info][gc,phases      ] GC(725)   Other: 0.08ms
[5203.960s][info][gc,heap        ] GC(725) Eden regions: 571->0(571)
[5203.960s][info][gc,heap        ] GC(725) Survivor regions: 43->43(77)
[5203.960s][info][gc,heap        ] GC(725) Old regions: 164->172
[5203.960s][info][gc,heap        ] GC(725) Humongous regions: 33->33
[5203.960s][info][gc,metaspace   ] GC(725) Metaspace: 29938K(30400K)->29938K(30400K) NonClass: 24529K(24768K)->24529K(24768K) Class: 5408K(5632K)->5408K(5632K)
[5203.960s][info][gc             ] GC(725) Pause Young (Normal) (G1 Evacuation Pause) 6473M->1960M(8192M) 149.660ms
[5203.960s][info][gc,cpu         ] GC(725) User=1.19s Sys=0.00s Real=0.15s
.....[5208.038s][info][gc,start       ] GC(726) Pause Young (Normal) (G1 Evacuation Pause)
[5208.038s][info][gc,task        ] GC(726) Using 8 workers of 8 for evacuation
[5208.194s][info][gc,phases      ] GC(726)   Pre Evacuate Collection Set: 0.24ms
[5208.194s][info][gc,phases      ] GC(726)   Merge Heap Roots: 0.50ms
[5208.194s][info][gc,phases      ] GC(726)   Evacuate Collection Set: 153.81ms
[5208.194s][info][gc,phases      ] GC(726)   Post Evacuate Collection Set: 1.02ms
[5208.194s][info][gc,phases      ] GC(726)   Other: 0.06ms
[5208.194s][info][gc,heap        ] GC(726) Eden regions: 571->0(570)
[5208.194s][info][gc,heap        ] GC(726) Survivor regions: 43->44(77)
[5208.194s][info][gc,heap        ] GC(726) Old regions: 172->179
[5208.194s][info][gc,heap        ] GC(726) Humongous regions: 33->33
[5208.194s][info][gc,metaspace   ] GC(726) Metaspace: 29938K(30400K)->29938K(30400K) NonClass: 24529K(24768K)->24529K(24768K) Class: 5408K(5632K)->5408K(5632K)
[5208.194s][info][gc             ] GC(726) Pause Young (Normal) (G1 Evacuation Pause) 6528M->2028M(8192M) 155.769ms
[5208.194s][info][gc,cpu         ] GC(726) User=1.24s Sys=0.00s Real=0.15s
....[5212.196s][info][gc,start       ] GC(727) Pause Young (Normal) (G1 Evacuation Pause)
[5212.196s][info][gc,task        ] GC(727) Using 8 workers of 8 for evacuation
[5212.349s][info][gc,phases      ] GC(727)   Pre Evacuate Collection Set: 0.25ms
[5212.349s][info][gc,phases      ] GC(727)   Merge Heap Roots: 0.50ms
[5212.349s][info][gc,phases      ] GC(727)   Evacuate Collection Set: 150.87ms
[5212.349s][info][gc,phases      ] GC(727)   Post Evacuate Collection Set: 1.01ms
[5212.349s][info][gc,phases      ] GC(727)   Other: 0.06ms
[5212.349s][info][gc,heap        ] GC(727) Eden regions: 570->0(570)
[5212.349s][info][gc,heap        ] GC(727) Survivor regions: 44->44(77)
[5212.349s][info][gc,heap        ] GC(727) Old regions: 179->186
[5212.349s][info][gc,heap        ] GC(727) Humongous regions: 33->33
[5212.349s][info][gc,metaspace   ] GC(727) Metaspace: 29938K(30400K)->29938K(30400K) NonClass: 24529K(24768K)->24529K(24768K) Class: 5408K(5632K)->5408K(5632K)
[5212.349s][info][gc             ] GC(727) Pause Young (Normal) (G1 Evacuation Pause) 6588M->2082M(8192M) 152.837ms
[5212.349s][info][gc,cpu         ] GC(727) User=1.22s Sys=0.00s Real=0.15s
....[5216.267s][info][gc,start       ] GC(728) Pause Young (Normal) (G1 Evacuation Pause)
[5216.267s][info][gc,task        ] GC(728) Using 8 workers of 8 for evacuation
[5216.417s][info][gc,phases      ] GC(728)   Pre Evacuate Collection Set: 0.27ms
[5216.417s][info][gc,phases      ] GC(728)   Merge Heap Roots: 0.52ms
[5216.417s][info][gc,phases      ] GC(728)   Evacuate Collection Set: 148.12ms
[5216.417s][info][gc,phases      ] GC(728)   Post Evacuate Collection Set: 1.05ms
[5216.417s][info][gc,phases      ] GC(728)   Other: 0.07ms
[5216.417s][info][gc,heap        ] GC(728) Eden regions: 570->0(571)
[5216.417s][info][gc,heap        ] GC(728) Survivor regions: 44->43(77)
[5216.417s][info][gc,heap        ] GC(728) Old regions: 186->193
[5216.417s][info][gc,heap        ] GC(728) Humongous regions: 33->33
[5216.417s][info][gc,metaspace   ] GC(728) Metaspace: 29938K(30400K)->29938K(30400K) NonClass: 24529K(24768K)->24529K(24768K) Class: 5408K(5632K)->5408K(5632K)
[5216.417s][info][gc             ] GC(728) Pause Young (Normal) (G1 Evacuation Pause) 6642M->2130M(8192M) 150.166ms
[5216.417s][info][gc,cpu         ] GC(728) User=1.19s Sys=0.00s Real=0.15s
....[5220.482s][info][gc,start       ] GC(729) Pause Young (Normal) (G1 Evacuation Pause)
[5220.482s][info][gc,task        ] GC(729) Using 8 workers of 8 for evacuation
[5220.630s][info][gc,phases      ] GC(729)   Pre Evacuate Collection Set: 0.25ms
[5220.630s][info][gc,phases      ] GC(729)   Merge Heap Roots: 0.52ms
[5220.630s][info][gc,phases      ] GC(729)   Evacuate Collection Set: 146.45ms
[5220.630s][info][gc,phases      ] GC(729)   Post Evacuate Collection Set: 1.03ms
[5220.630s][info][gc,phases      ] GC(729)   Other: 0.06ms
[5220.630s][info][gc,heap        ] GC(729) Eden regions: 571->0(571)
[5220.630s][info][gc,heap        ] GC(729) Survivor regions: 43->43(77)
[5220.630s][info][gc,heap        ] GC(729) Old regions: 193->200
[5220.630s][info][gc,heap        ] GC(729) Humongous regions: 33->33
[5220.630s][info][gc,metaspace   ] GC(729) Metaspace: 29938K(30400K)->29938K(30400K) NonClass: 24529K(24768K)->24529K(24768K) Class: 5408K(5632K)->5408K(5632K)
[5220.630s][info][gc             ] GC(729) Pause Young (Normal) (G1 Evacuation Pause) 6698M->2191M(8192M) 148.430ms
[5220.630s][info][gc,cpu         ] GC(729) User=1.17s Sys=0.00s Real=0.15s
....[5224.592s][info][gc,start       ] GC(730) Pause Young (Normal) (G1 Evacuation Pause)
[5224.592s][info][gc,task        ] GC(730) Using 8 workers of 8 for evacuation
[5224.743s][info][gc,phases      ] GC(730)   Pre Evacuate Collection Set: 0.23ms
[5224.743s][info][gc,phases      ] GC(730)   Merge Heap Roots: 0.50ms
[5224.743s][info][gc,phases      ] GC(730)   Evacuate Collection Set: 148.53ms
[5224.743s][info][gc,phases      ] GC(730)   Post Evacuate Collection Set: 1.01ms
[5224.743s][info][gc,phases      ] GC(730)   Other: 0.06ms
[5224.743s][info][gc,heap        ] GC(730) Eden regions: 571->0(571)
[5224.743s][info][gc,heap        ] GC(730) Survivor regions: 43->43(77)
[5224.743s][info][gc,heap        ] GC(730) Old regions: 200->207
[5224.743s][info][gc,heap        ] GC(730) Humongous regions: 33->33
[5224.743s][info][gc,metaspace   ] GC(730) Metaspace: 29938K(30400K)->29938K(30400K) NonClass: 24529K(24768K)->24529K(24768K) Class: 5408K(5632K)->5408K(5632K)
[5224.743s][info][gc             ] GC(730) Pause Young (Normal) (G1 Evacuation Pause) 6759M->2246M(8192M) 150.462ms
[5224.743s][info][gc,cpu         ] GC(730) User=1.19s Sys=0.00s Real=0.15s
. (rIR:aIR:PR = 9094:9167:9164) (tPR = 135345) [OK] 
  5225s: Performance info:
         Transaction,    Success,    Partial,     Failed,   Receipts, AvgBarcode, 
             Overall,     553941,          0,          0,     526328,      59.47, 
         Response times:
             Request,    Success,    Partial,     Failed,   SkipFail,     Probes,    Samples,      min,      p50,      p90,      p95,      p99,      max, 
       TotalPurchase,     526492,          0,          0,          0,     358202,     435418,      300,     6400,    22000,    58000,   137000,  1100000,
     InStorePurchase,     278421,          0,          0,          0,     188335,     228678,      400,     6500,    23000,    58000,   137000,  1100000,
      OnlinePurchase,     193122,          0,          0,          0,     132021,     160451,      300,     6300,    22000,    56000,   134000,  1100000,
        InstPurchase,      54949,          0,          0,          0,      37846,      46289,      400,     6600,    23000,    60000,   145000,  1100000,
          AssocOfCat,        548,          0,          0,          0,        445,        619,    29000,    53000,    81000,   119000,   219800,   275000,
      AssocOfProduct,       5536,          0,          0,          0,       3984,       5111,     1000,     6600,    27800,    61000,   135000,   242000,
      BusinessReport,       1376,          0,          0,          0,       1192,       1589,    28000,    58000,    89000,   134000,   224100,   319000,
          CustBuyBeh,       5501,          0,          0,          0,       3941,       5029,      200,     4900,    18200,    43000,   127400,   401000,
       ProductReturn,      14652,          0,          0,          0,       9227,      11559,      600,     6500,    23000,    62000,   140000,   423000,

  5225s: (65%)   IR =   9236 ...[5228.809s][info][gc,start       ] GC(731) Pause Young (Normal) (G1 Evacuation Pause)
[5228.810s][info][gc,task        ] GC(731) Using 8 workers of 8 for evacuation
[5228.964s][info][gc,phases      ] GC(731)   Pre Evacuate Collection Set: 0.25ms
[5228.964s][info][gc,phases      ] GC(731)   Merge Heap Roots: 0.54ms
[5228.964s][info][gc,phases      ] GC(731)   Evacuate Collection Set: 152.30ms
[5228.964s][info][gc,phases      ] GC(731)   Post Evacuate Collection Set: 1.06ms
[5228.964s][info][gc,phases      ] GC(731)   Other: 0.06ms
[5228.964s][info][gc,heap        ] GC(731) Eden regions: 571->0(571)
[5228.964s][info][gc,heap        ] GC(731) Survivor regions: 43->43(77)
[5228.964s][info][gc,heap        ] GC(731) Old regions: 207->214
[5228.964s][info][gc,heap        ] GC(731) Humongous regions: 33->33
[5228.964s][info][gc,metaspace   ] GC(731) Metaspace: 29938K(30400K)->29938K(30400K) NonClass: 24529K(24768K)->24529K(24768K) Class: 5408K(5632K)->5408K(5632K)
[5228.964s][info][gc             ] GC(731) Pause Young (Normal) (G1 Evacuation Pause) 6814M->2305M(8192M) 154.347ms
[5228.964s][info][gc,cpu         ] GC(731) User=1.22s Sys=0.00s Real=0.15s
....[5233.014s][info][gc,start       ] GC(732) Pause Young (Normal) (G1 Evacuation Pause)
[5233.014s][info][gc,task        ] GC(732) Using 8 workers of 8 for evacuation
[5233.170s][info][gc,phases      ] GC(732)   Pre Evacuate Collection Set: 0.26ms
[5233.170s][info][gc,phases      ] GC(732)   Merge Heap Roots: 0.58ms
[5233.170s][info][gc,phases      ] GC(732)   Evacuate Collection Set: 154.06ms
[5233.170s][info][gc,phases      ] GC(732)   Post Evacuate Collection Set: 0.99ms
[5233.170s][info][gc,phases      ] GC(732)   Other: 0.06ms
[5233.170s][info][gc,heap        ] GC(732) Eden regions: 571->0(571)
[5233.170s][info][gc,heap        ] GC(732) Survivor regions: 43->43(77)
[5233.170s][info][gc,heap        ] GC(732) Old regions: 214->222
[5233.170s][info][gc,heap        ] GC(732) Humongous regions: 33->33
[5233.170s][info][gc,metaspace   ] GC(732) Metaspace: 29938K(30400K)->29938K(30400K) NonClass: 24529K(24768K)->24529K(24768K) Class: 5408K(5632K)->5408K(5632K)
[5233.170s][info][gc             ] GC(732) Pause Young (Normal) (G1 Evacuation Pause) 6873M->2360M(8192M) 156.084ms
[5233.170s][info][gc,cpu         ] GC(732) User=1.24s Sys=0.00s Real=0.16s
....|.[5237.175s][info][gc,start       ] GC(733) Pause Young (Normal) (G1 Evacuation Pause)
[5237.175s][info][gc,task        ] GC(733) Using 8 workers of 8 for evacuation
[5237.328s][info][gc,phases      ] GC(733)   Pre Evacuate Collection Set: 0.25ms
[5237.328s][info][gc,phases      ] GC(733)   Merge Heap Roots: 0.52ms
[5237.328s][info][gc,phases      ] GC(733)   Evacuate Collection Set: 150.49ms
[5237.328s][info][gc,phases      ] GC(733)   Post Evacuate Collection Set: 1.02ms
[5237.328s][info][gc,phases      ] GC(733)   Other: 0.08ms
[5237.328s][info][gc,heap        ] GC(733) Eden regions: 571->0(571)
[5237.328s][info][gc,heap        ] GC(733) Survivor regions: 43->43(77)
[5237.328s][info][gc,heap        ] GC(733) Old regions: 222->228
[5237.328s][info][gc,heap        ] GC(733) Humongous regions: 33->33
[5237.328s][info][gc,metaspace   ] GC(733) Metaspace: 29938K(30400K)->29938K(30400K) NonClass: 24529K(24768K)->24529K(24768K) Class: 5408K(5632K)->5408K(5632K)
[5237.328s][info][gc             ] GC(733) Pause Young (Normal) (G1 Evacuation Pause) 6928M->2418M(8192M) 152.479ms
[5237.328s][info][gc,cpu         ] GC(733) User=1.21s Sys=0.00s Real=0.15s
....[5241.287s][info][gc,start       ] GC(734) Pause Young (Normal) (G1 Evacuation Pause)
[5241.287s][info][gc,task        ] GC(734) Using 8 workers of 8 for evacuation
[5241.442s][info][gc,phases      ] GC(734)   Pre Evacuate Collection Set: 0.25ms
[5241.442s][info][gc,phases      ] GC(734)   Merge Heap Roots: 0.51ms
[5241.442s][info][gc,phases      ] GC(734)   Evacuate Collection Set: 153.17ms
[5241.442s][info][gc,phases      ] GC(734)   Post Evacuate Collection Set: 1.03ms
[5241.442s][info][gc,phases      ] GC(734)   Other: 0.07ms
[5241.442s][info][gc,heap        ] GC(734) Eden regions: 571->0(570)
[5241.442s][info][gc,heap        ] GC(734) Survivor regions: 43->44(77)
[5241.442s][info][gc,heap        ] GC(734) Old regions: 228->235
[5241.442s][info][gc,heap        ] GC(734) Humongous regions: 33->33
[5241.442s][info][gc,metaspace   ] GC(734) Metaspace: 29938K(30400K)->29938K(30400K) NonClass: 24529K(24768K)->24529K(24768K) Class: 5408K(5632K)->5408K(5632K)
[5241.442s][info][gc             ] GC(734) Pause Young (Normal) (G1 Evacuation Pause) 6986M->2481M(8192M) 155.169ms
[5241.442s][info][gc,cpu         ] GC(734) User=1.23s Sys=0.00s Real=0.15s
....[5245.458s][info][gc,start       ] GC(735) Pause Young (Normal) (G1 Evacuation Pause)
[5245.458s][info][gc,task        ] GC(735) Using 8 workers of 8 for evacuation
[5245.605s][info][gc,phases      ] GC(735)   Pre Evacuate Collection Set: 0.25ms
[5245.605s][info][gc,phases      ] GC(735)   Merge Heap Roots: 0.51ms
[5245.605s][info][gc,phases      ] GC(735)   Evacuate Collection Set: 144.25ms
[5245.605s][info][gc,phases      ] GC(735)   Post Evacuate Collection Set: 1.03ms
[5245.605s][info][gc,phases      ] GC(735)   Other: 0.06ms
[5245.605s][info][gc,heap        ] GC(735) Eden regions: 570->0(573)
[5245.605s][info][gc,heap        ] GC(735) Survivor regions: 44->41(77)
[5245.605s][info][gc,heap        ] GC(735) Old regions: 235->242
[5245.605s][info][gc,heap        ] GC(735) Humongous regions: 33->33
[5245.605s][info][gc,metaspace   ] GC(735) Metaspace: 29938K(30400K)->29938K(30400K) NonClass: 24529K(24768K)->24529K(24768K) Class: 5408K(5632K)->5408K(5632K)
[5245.605s][info][gc             ] GC(735) Pause Young (Normal) (G1 Evacuation Pause) 7041M->2515M(8192M) 146.236ms
[5245.605s][info][gc,cpu         ] GC(735) User=1.16s Sys=0.01s Real=0.15s
....[5249.481s][info][gc,start       ] GC(736) Pause Young (Normal) (G1 Evacuation Pause)
[5249.481s][info][gc,task        ] GC(736) Using 8 workers of 8 for evacuation
[5249.630s][info][gc,phases      ] GC(736)   Pre Evacuate Collection Set: 0.26ms
[5249.630s][info][gc,phases      ] GC(736)   Merge Heap Roots: 0.60ms
[5249.630s][info][gc,phases      ] GC(736)   Evacuate Collection Set: 146.70ms
[5249.630s][info][gc,phases      ] GC(736)   Post Evacuate Collection Set: 1.00ms
[5249.630s][info][gc,phases      ] GC(736)   Other: 0.06ms
[5249.630s][info][gc,heap        ] GC(736) Eden regions: 573->0(571)
[5249.630s][info][gc,heap        ] GC(736) Survivor regions: 41->43(77)
[5249.630s][info][gc,heap        ] GC(736) Old regions: 242->249
[5249.630s][info][gc,heap        ] GC(736) Humongous regions: 33->33
[5249.630s][info][gc,metaspace   ] GC(736) Metaspace: 29938K(30400K)->29938K(30400K) NonClass: 24529K(24768K)->24529K(24768K) Class: 5408K(5632K)->5408K(5632K)
[5249.630s][info][gc             ] GC(736) Pause Young (Normal) (G1 Evacuation Pause) 7099M->2586M(8192M) 148.760ms
[5249.630s][info][gc,cpu         ] GC(736) User=1.18s Sys=0.00s Real=0.15s
....[5253.669s][info][gc,start       ] GC(737) Pause Young (Normal) (G1 Evacuation Pause)
[5253.669s][info][gc,task        ] GC(737) Using 8 workers of 8 for evacuation
[5253.816s][info][gc,phases      ] GC(737)   Pre Evacuate Collection Set: 0.25ms
[5253.816s][info][gc,phases      ] GC(737)   Merge Heap Roots: 0.50ms
[5253.816s][info][gc,phases      ] GC(737)   Evacuate Collection Set: 145.40ms
[5253.816s][info][gc,phases      ] GC(737)   Post Evacuate Collection Set: 1.04ms
[5253.816s][info][gc,phases      ] GC(737)   Other: 0.07ms
[5253.816s][info][gc,heap        ] GC(737) Eden regions: 571->0(573)
[5253.816s][info][gc,heap        ] GC(737) Survivor regions: 43->41(77)
[5253.816s][info][gc,heap        ] GC(737) Old regions: 249->256
[5253.816s][info][gc,heap        ] GC(737) Humongous regions: 33->33
[5253.816s][info][gc,metaspace   ] GC(737) Metaspace: 29938K(30400K)->29938K(30400K) NonClass: 24529K(24768K)->24529K(24768K) Class: 5408K(5632K)->5408K(5632K)
[5253.816s][info][gc             ] GC(737) Pause Young (Normal) (G1 Evacuation Pause) 7154M->2625M(8192M) 147.402ms
[5253.816s][info][gc,cpu         ] GC(737) User=1.16s Sys=0.00s Real=0.15s
....[5257.875s][info][gc,start       ] GC(738) Pause Young (Normal) (G1 Evacuation Pause)
[5257.875s][info][gc,task        ] GC(738) Using 8 workers of 8 for evacuation
[5258.025s][info][gc,phases      ] GC(738)   Pre Evacuate Collection Set: 0.28ms
[5258.025s][info][gc,phases      ] GC(738)   Merge Heap Roots: 0.60ms
[5258.025s][info][gc,phases      ] GC(738)   Evacuate Collection Set: 147.83ms
[5258.025s][info][gc,phases      ] GC(738)   Post Evacuate Collection Set: 1.04ms
[5258.025s][info][gc,phases      ] GC(738)   Other: 0.06ms
[5258.025s][info][gc,heap        ] GC(738) Eden regions: 573->0(572)
[5258.025s][info][gc,heap        ] GC(738) Survivor regions: 41->42(77)
[5258.025s][info][gc,heap        ] GC(738) Old regions: 256->263
[5258.025s][info][gc,heap        ] GC(738) Humongous regions: 33->33
[5258.025s][info][gc,metaspace   ] GC(738) Metaspace: 29938K(30400K)->29938K(30400K) NonClass: 24529K(24768K)->24529K(24768K) Class: 5408K(5632K)->5408K(5632K)
[5258.025s][info][gc             ] GC(738) Pause Young (Normal) (G1 Evacuation Pause) 7209M->2689M(8192M) 149.944ms
[5258.025s][info][gc,cpu         ] GC(738) User=1.18s Sys=0.00s Real=0.15s
....[5261.959s][info][gc,start       ] GC(739) Pause Young (Normal) (G1 Evacuation Pause)
[5261.959s][info][gc,task        ] GC(739) Using 8 workers of 8 for evacuation
[5262.116s][info][gc,phases      ] GC(739)   Pre Evacuate Collection Set: 0.26ms
[5262.116s][info][gc,phases      ] GC(739)   Merge Heap Roots: 0.50ms
[5262.116s][info][gc,phases      ] GC(739)   Evacuate Collection Set: 154.76ms
[5262.116s][info][gc,phases      ] GC(739)   Post Evacuate Collection Set: 1.03ms
[5262.116s][info][gc,phases      ] GC(739)   Other: 0.06ms
[5262.116s][info][gc,heap        ] GC(739) Eden regions: 572->0(570)
[5262.116s][info][gc,heap        ] GC(739) Survivor regions: 42->44(77)
[5262.116s][info][gc,heap        ] GC(739) Old regions: 263->270
[5262.116s][info][gc,heap        ] GC(739) Humongous regions: 33->33
[5262.116s][info][gc,metaspace   ] GC(739) Metaspace: 29938K(30400K)->29938K(30400K) NonClass: 24529K(24768K)->24529K(24768K) Class: 5408K(5632K)->5408K(5632K)
[5262.116s][info][gc             ] GC(739) Pause Young (Normal) (G1 Evacuation Pause) 7265M->2763M(8192M) 156.749ms
[5262.116s][info][gc,cpu         ] GC(739) User=1.25s Sys=0.00s Real=0.16s
....[5265.994s][info][gc,start       ] GC(740) Pause Young (Normal) (G1 Evacuation Pause)
[5265.994s][info][gc,task        ] GC(740) Using 8 workers of 8 for evacuation
[5266.145s][info][gc,phases      ] GC(740)   Pre Evacuate Collection Set: 0.24ms
[5266.145s][info][gc,phases      ] GC(740)   Merge Heap Roots: 0.58ms
[5266.145s][info][gc,phases      ] GC(740)   Evacuate Collection Set: 149.00ms
[5266.145s][info][gc,phases      ] GC(740)   Post Evacuate Collection Set: 1.05ms
[5266.145s][info][gc,phases      ] GC(740)   Other: 0.07ms
[5266.145s][info][gc,heap        ] GC(740) Eden regions: 570->0(571)
[5266.145s][info][gc,heap        ] GC(740) Survivor regions: 44->43(77)
[5266.145s][info][gc,heap        ] GC(740) Old regions: 270->277
[5266.145s][info][gc,heap        ] GC(740) Humongous regions: 33->33
[5266.145s][info][gc,metaspace   ] GC(740) Metaspace: 29938K(30400K)->29938K(30400K) NonClass: 24529K(24768K)->24529K(24768K) Class: 5408K(5632K)->5408K(5632K)
[5266.145s][info][gc             ] GC(740) Pause Young (Normal) (G1 Evacuation Pause) 7323M->2811M(8192M) 151.089ms
[5266.145s][info][gc,cpu         ] GC(740) User=1.19s Sys=0.00s Real=0.16s
.....[5270.204s][info][gc,start       ] GC(741) Pause Young (Normal) (G1 Evacuation Pause)
[5270.204s][info][gc,task        ] GC(741) Using 8 workers of 8 for evacuation
[5270.357s][info][gc,phases      ] GC(741)   Pre Evacuate Collection Set: 0.25ms
[5270.357s][info][gc,phases      ] GC(741)   Merge Heap Roots: 0.51ms
[5270.357s][info][gc,phases      ] GC(741)   Evacuate Collection Set: 151.27ms
[5270.357s][info][gc,phases      ] GC(741)   Post Evacuate Collection Set: 1.03ms
[5270.357s][info][gc,phases      ] GC(741)   Other: 0.06ms
[5270.357s][info][gc,heap        ] GC(741) Eden regions: 571->0(566)
[5270.357s][info][gc,heap        ] GC(741) Survivor regions: 43->44(77)
[5270.357s][info][gc,heap        ] GC(741) Old regions: 277->285
[5270.357s][info][gc,heap        ] GC(741) Humongous regions: 33->33
[5270.357s][info][gc,metaspace   ] GC(741) Metaspace: 29938K(30400K)->29938K(30400K) NonClass: 24529K(24768K)->24529K(24768K) Class: 5408K(5632K)->5408K(5632K)
[5270.357s][info][gc             ] GC(741) Pause Young (Normal) (G1 Evacuation Pause) 7379M->2872M(8192M) 153.248ms
[5270.357s][info][gc,cpu         ] GC(741) User=1.21s Sys=0.00s Real=0.16s
....[5274.261s][info][gc,start       ] GC(742) Pause Young (Normal) (G1 Evacuation Pause)
[5274.261s][info][gc,task        ] GC(742) Using 8 workers of 8 for evacuation
[5274.414s][info][gc,phases      ] GC(742)   Pre Evacuate Collection Set: 0.25ms
[5274.414s][info][gc,phases      ] GC(742)   Merge Heap Roots: 0.51ms
[5274.414s][info][gc,phases      ] GC(742)   Evacuate Collection Set: 150.47ms
[5274.414s][info][gc,phases      ] GC(742)   Post Evacuate Collection Set: 1.01ms
[5274.414s][info][gc,phases      ] GC(742)   Other: 0.06ms
[5274.414s][info][gc,heap        ] GC(742) Eden regions: 566->0(559)
[5274.414s][info][gc,heap        ] GC(742) Survivor regions: 44->44(77)
[5274.414s][info][gc,heap        ] GC(742) Old regions: 285->292
[5274.414s][info][gc,heap        ] GC(742) Humongous regions: 33->33
[5274.414s][info][gc,metaspace   ] GC(742) Metaspace: 29938K(30400K)->29938K(30400K) NonClass: 24529K(24768K)->24529K(24768K) Class: 5408K(5632K)->5408K(5632K)
[5274.414s][info][gc             ] GC(742) Pause Young (Normal) (G1 Evacuation Pause) 7400M->2928M(8192M) 152.440ms
[5274.414s][info][gc,cpu         ] GC(742) User=1.21s Sys=0.00s Real=0.15s
....[5278.378s][info][gc,start       ] GC(743) Pause Young (Normal) (G1 Evacuation Pause)
[5278.378s][info][gc,task        ] GC(743) Using 8 workers of 8 for evacuation
[5278.530s][info][gc,phases      ] GC(743)   Pre Evacuate Collection Set: 0.28ms
[5278.530s][info][gc,phases      ] GC(743)   Merge Heap Roots: 0.56ms
[5278.530s][info][gc,phases      ] GC(743)   Evacuate Collection Set: 150.07ms
[5278.530s][info][gc,phases      ] GC(743)   Post Evacuate Collection Set: 1.02ms
[5278.530s][info][gc,phases      ] GC(743)   Other: 0.06ms
[5278.530s][info][gc,heap        ] GC(743) Eden regions: 559->0(552)
[5278.530s][info][gc,heap        ] GC(743) Survivor regions: 44->44(76)
[5278.530s][info][gc,heap        ] GC(743) Old regions: 292->299
[5278.530s][info][gc,heap        ] GC(743) Humongous regions: 33->33
[5278.530s][info][gc,metaspace   ] GC(743) Metaspace: 29938K(30400K)->29938K(30400K) NonClass: 24529K(24768K)->24529K(24768K) Class: 5408K(5632K)->5408K(5632K)
[5278.530s][info][gc             ] GC(743) Pause Young (Normal) (G1 Evacuation Pause) 7400M->2990M(8192M) 152.134ms
[5278.530s][info][gc,cpu         ] GC(743) User=1.20s Sys=0.00s Real=0.15s
....[5282.413s][info][gc,start       ] GC(744) Pause Young (Normal) (G1 Evacuation Pause)
[5282.413s][info][gc,task        ] GC(744) Using 8 workers of 8 for evacuation
[5282.563s][info][gc,phases      ] GC(744)   Pre Evacuate Collection Set: 0.25ms
[5282.563s][info][gc,phases      ] GC(744)   Merge Heap Roots: 0.54ms
[5282.563s][info][gc,phases      ] GC(744)   Evacuate Collection Set: 147.62ms
[5282.563s][info][gc,phases      ] GC(744)   Post Evacuate Collection Set: 0.99ms
[5282.563s][info][gc,phases      ] GC(744)   Other: 0.08ms
[5282.563s][info][gc,heap        ] GC(744) Eden regions: 552->0(549)
[5282.563s][info][gc,heap        ] GC(744) Survivor regions: 44->42(75)
[5282.563s][info][gc,heap        ] GC(744) Old regions: 299->306
[5282.563s][info][gc,heap        ] GC(744) Humongous regions: 33->33
[5282.563s][info][gc,metaspace   ] GC(744) Metaspace: 29938K(30400K)->29938K(30400K) NonClass: 24529K(24768K)->24529K(24768K) Class: 5408K(5632K)->5408K(5632K)
[5282.563s][info][gc             ] GC(744) Pause Young (Normal) (G1 Evacuation Pause) 7406M->3032M(8192M) 149.610ms
[5282.563s][info][gc,cpu         ] GC(744) User=1.19s Sys=0.00s Real=0.15s
....[5286.376s][info][gc,start       ] GC(745) Pause Young (Concurrent Start) (G1 Evacuation Pause)
[5286.376s][info][gc,task        ] GC(745) Using 8 workers of 8 for evacuation
[5286.536s][info][gc,phases      ] GC(745)   Pre Evacuate Collection Set: 0.30ms
[5286.536s][info][gc,phases      ] GC(745)   Merge Heap Roots: 0.52ms
[5286.536s][info][gc,phases      ] GC(745)   Evacuate Collection Set: 157.60ms
[5286.536s][info][gc,phases      ] GC(745)   Post Evacuate Collection Set: 0.98ms
[5286.536s][info][gc,phases      ] GC(745)   Other: 0.10ms
[5286.536s][info][gc,heap        ] GC(745) Eden regions: 549->0(537)
[5286.536s][info][gc,heap        ] GC(745) Survivor regions: 42->44(74)
[5286.536s][info][gc,heap        ] GC(745) Old regions: 306->314
[5286.536s][info][gc,heap        ] GC(745) Humongous regions: 33->33
[5286.536s][info][gc,metaspace   ] GC(745) Metaspace: 29938K(30400K)->29938K(30400K) NonClass: 24529K(24768K)->24529K(24768K) Class: 5408K(5632K)->5408K(5632K)
[5286.536s][info][gc             ] GC(745) Pause Young (Concurrent Start) (G1 Evacuation Pause) 7424M->3108M(8192M) 159.637ms
[5286.536s][info][gc             ] GC(746) Concurrent Mark Cycle
[5286.536s][info][gc,marking     ] GC(746) Concurrent Scan Root Regions
[5286.536s][info][gc,cpu         ] GC(745) User=1.26s Sys=0.00s Real=0.16s
[5286.934s][info][gc,marking     ] GC(746) Concurrent Scan Root Regions 397.900ms
[5286.934s][info][gc,marking     ] GC(746) Concurrent Mark
[5286.934s][info][gc,marking     ] GC(746) Concurrent Mark From Roots
[5286.934s][info][gc,task        ] GC(746) Using 2 workers of 2 for marking
..[5288.289s][info][gc,marking     ] GC(746) Concurrent Mark From Roots 1355.009ms
[5288.289s][info][gc,marking     ] GC(746) Concurrent Preclean
[5288.289s][info][gc,marking     ] GC(746) Concurrent Preclean 0.103ms
[5288.289s][info][gc,start       ] GC(746) Pause Remark
[5288.291s][info][gc             ] GC(746) Pause Remark 5060M->4452M(8192M) 1.741ms
[5288.291s][info][gc,cpu         ] GC(746) User=0.01s Sys=0.00s Real=0.00s
[5288.291s][info][gc,marking     ] GC(746) Concurrent Mark 1357.160ms
[5288.291s][info][gc,marking     ] GC(746) Concurrent Rebuild Remembered Sets and Scrub Regions
[5289.007s][info][gc,marking     ] GC(746) Concurrent Rebuild Remembered Sets and Scrub Regions 716.481ms
[5289.008s][info][gc,start       ] GC(746) Pause Cleanup
[5289.008s][info][gc             ] GC(746) Pause Cleanup 5360M->5360M(8192M) 0.234ms
[5289.008s][info][gc,cpu         ] GC(746) User=0.00s Sys=0.00s Real=0.00s
[5289.008s][info][gc,marking     ] GC(746) Concurrent Clear Claimed Marks
[5289.008s][info][gc,marking     ] GC(746) Concurrent Clear Claimed Marks 0.047ms
[5289.008s][info][gc,marking     ] GC(746) Concurrent Cleanup for Next Mark
[5289.020s][info][gc,marking     ] GC(746) Concurrent Cleanup for Next Mark 11.964ms
[5289.020s][info][gc             ] GC(746) Concurrent Mark Cycle 2484.269ms
..[5290.292s][info][gc,start       ] GC(747) Pause Young (Prepare Mixed) (G1 Evacuation Pause)
[5290.293s][info][gc,task        ] GC(747) Using 8 workers of 8 for evacuation
[5290.441s][info][gc,phases      ] GC(747)   Pre Evacuate Collection Set: 0.29ms
[5290.441s][info][gc,phases      ] GC(747)   Merge Heap Roots: 0.68ms
[5290.441s][info][gc,phases      ] GC(747)   Evacuate Collection Set: 146.03ms
[5290.441s][info][gc,phases      ] GC(747)   Post Evacuate Collection Set: 1.09ms
[5290.441s][info][gc,phases      ] GC(747)   Other: 0.07ms
[5290.441s][info][gc,heap        ] GC(747) Eden regions: 537->0(572)
[5290.441s][info][gc,heap        ] GC(747) Survivor regions: 44->42(73)
[5290.441s][info][gc,heap        ] GC(747) Old regions: 238->245
[5290.441s][info][gc,heap        ] GC(747) Humongous regions: 33->33
[5290.441s][info][gc,metaspace   ] GC(747) Metaspace: 29939K(30400K)->29939K(30400K) NonClass: 24531K(24768K)->24531K(24768K) Class: 5408K(5632K)->5408K(5632K)
[5290.441s][info][gc             ] GC(747) Pause Young (Prepare Mixed) (G1 Evacuation Pause) 6796M->2540M(8192M) 148.292ms
[5290.441s][info][gc,cpu         ] GC(747) User=1.17s Sys=0.00s Real=0.15s
....[5294.494s][info][gc,start       ] GC(748) Pause Young (Mixed) (G1 Evacuation Pause)
[5294.494s][info][gc,task        ] GC(748) Using 8 workers of 8 for evacuation
[5294.650s][info][gc,phases      ] GC(748)   Pre Evacuate Collection Set: 0.28ms
[5294.650s][info][gc,phases      ] GC(748)   Merge Heap Roots: 0.91ms
[5294.650s][info][gc,phases      ] GC(748)   Evacuate Collection Set: 153.42ms
[5294.650s][info][gc,phases      ] GC(748)   Post Evacuate Collection Set: 1.26ms
[5294.650s][info][gc,phases      ] GC(748)   Other: 0.07ms
[5294.650s][info][gc,heap        ] GC(748) Eden regions: 572->0(572)
[5294.650s][info][gc,heap        ] GC(748) Survivor regions: 42->42(77)
[5294.650s][info][gc,heap        ] GC(748) Old regions: 245->151
[5294.650s][info][gc,heap        ] GC(748) Humongous regions: 33->33
[5294.650s][info][gc,metaspace   ] GC(748) Metaspace: 29939K(30400K)->29939K(30400K) NonClass: 24531K(24768K)->24531K(24768K) Class: 5408K(5632K)->5408K(5632K)
[5294.650s][info][gc             ] GC(748) Pause Young (Mixed) (G1 Evacuation Pause) 7116M->1794M(8192M) 156.082ms
[5294.650s][info][gc,cpu         ] GC(748) User=1.24s Sys=0.00s Real=0.16s
.. (rIR:aIR:PR = 9236:9267:9264) (tPR = 136710) [OK] 
  5296s: Performance info:
         Transaction,    Success,    Partial,     Failed,   Receipts, AvgBarcode, 
             Overall,     556138,          0,          0,     528682,      59.47, 
         Response times:
             Request,    Success,    Partial,     Failed,   SkipFail,     Probes,    Samples,      min,      p50,      p90,      p95,      p99,      max, 
       TotalPurchase,     528759,          0,          0,          0,     358488,     428895,      300,     6500,    30000,    68000,   138000,  1500000,
     InStorePurchase,     278878,          0,          0,          0,     189028,     225905,      300,     6500,    29000,    66000,   137000,  1500000,
      OnlinePurchase,     193885,          0,          0,          0,     132146,     158013,      300,     6500,    31000,    69000,   138000,  1500000,
        InstPurchase,      55996,          0,          0,          0,      37314,      44977,      500,     6800,    33000,    71000,   139000,  1300000,
          AssocOfCat,        555,          0,          0,          0,        470,        682,    28000,    51000,   100400,   139550,   216000,   542000,
      AssocOfProduct,       5554,          0,          0,          0,       4119,       5251,      600,     6300,    38000,    73000,   135480,   246000,
      BusinessReport,       1378,          0,          0,          0,       1266,       1616,    31000,    57000,   102000,   147000,   229660,   301000,
          CustBuyBeh,       5578,          0,          0,          0,       4012,       5011,      300,     6400,    34000,    65000,   137880,   341000,
       ProductReturn,      14451,          0,          0,          0,       9351,      11570,      200,     6600,    30000,    62000,   137000,  1300000,

  5296s: (66%)   IR =   9379 ..[5298.627s][info][gc,start       ] GC(749) Pause Young (Mixed) (G1 Evacuation Pause)
[5298.628s][info][gc,task        ] GC(749) Using 8 workers of 8 for evacuation
[5298.779s][info][gc,phases      ] GC(749)   Pre Evacuate Collection Set: 0.25ms
[5298.779s][info][gc,phases      ] GC(749)   Merge Heap Roots: 0.70ms
[5298.779s][info][gc,phases      ] GC(749)   Evacuate Collection Set: 149.60ms
[5298.779s][info][gc,phases      ] GC(749)   Post Evacuate Collection Set: 1.04ms
[5298.779s][info][gc,phases      ] GC(749)   Other: 0.07ms
[5298.779s][info][gc,heap        ] GC(749) Eden regions: 572->0(572)
[5298.779s][info][gc,heap        ] GC(749) Survivor regions: 42->42(77)
[5298.779s][info][gc,heap        ] GC(749) Old regions: 151->144
[5298.779s][info][gc,heap        ] GC(749) Humongous regions: 33->33
[5298.779s][info][gc,metaspace   ] GC(749) Metaspace: 29939K(30400K)->29939K(30400K) NonClass: 24531K(24768K)->24531K(24768K) Class: 5408K(5632K)->5408K(5632K)
[5298.779s][info][gc             ] GC(749) Pause Young (Mixed) (G1 Evacuation Pause) 6370M->1736M(8192M) 151.789ms
[5298.779s][info][gc,cpu         ] GC(749) User=1.20s Sys=0.00s Real=0.15s
....[5302.774s][info][gc,start       ] GC(750) Pause Young (Normal) (G1 Evacuation Pause)
[5302.774s][info][gc,task        ] GC(750) Using 8 workers of 8 for evacuation
[5302.925s][info][gc,phases      ] GC(750)   Pre Evacuate Collection Set: 0.23ms
[5302.925s][info][gc,phases      ] GC(750)   Merge Heap Roots: 0.51ms
[5302.925s][info][gc,phases      ] GC(750)   Evacuate Collection Set: 148.44ms
[5302.925s][info][gc,phases      ] GC(750)   Post Evacuate Collection Set: 1.11ms
[5302.925s][info][gc,phases      ] GC(750)   Other: 0.07ms
[5302.925s][info][gc,heap        ] GC(750) Eden regions: 572->0(570)
[5302.925s][info][gc,heap        ] GC(750) Survivor regions: 42->44(77)
[5302.925s][info][gc,heap        ] GC(750) Old regions: 144->151
[5302.925s][info][gc,heap        ] GC(750) Humongous regions: 33->33
[5302.925s][info][gc,metaspace   ] GC(750) Metaspace: 29939K(30400K)->29939K(30400K) NonClass: 24531K(24768K)->24531K(24768K) Class: 5408K(5632K)->5408K(5632K)
[5302.925s][info][gc             ] GC(750) Pause Young (Normal) (G1 Evacuation Pause) 6312M->1805M(8192M) 150.503ms
[5302.925s][info][gc,cpu         ] GC(750) User=1.19s Sys=0.00s Real=0.16s
....[5306.820s][info][gc,start       ] GC(751) Pause Young (Normal) (G1 Evacuation Pause)
[5306.820s][info][gc,task        ] GC(751) Using 8 workers of 8 for evacuation
[5306.970s][info][gc,phases      ] GC(751)   Pre Evacuate Collection Set: 0.27ms
[5306.970s][info][gc,phases      ] GC(751)   Merge Heap Roots: 0.54ms
[5306.970s][info][gc,phases      ] GC(751)   Evacuate Collection Set: 147.65ms
[5306.970s][info][gc,phases      ] GC(751)   Post Evacuate Collection Set: 1.03ms
[5306.970s][info][gc,phases      ] GC(751)   Other: 0.07ms
[5306.970s][info][gc,heap        ] GC(751) Eden regions: 570->0(572)
[5306.970s][info][gc,heap        ] GC(751) Survivor regions: 44->42(77)
[5306.970s][info][gc,heap        ] GC(751) Old regions: 151->158
[5306.970s][info][gc,heap        ] GC(751) Humongous regions: 33->33
[5306.970s][info][gc,metaspace   ] GC(751) Metaspace: 29939K(30400K)->29939K(30400K) NonClass: 24531K(24768K)->24531K(24768K) Class: 5408K(5632K)->5408K(5632K)
[5306.970s][info][gc             ] GC(751) Pause Young (Normal) (G1 Evacuation Pause) 6365M->1846M(8192M) 149.689ms
[5306.970s][info][gc,cpu         ] GC(751) User=1.17s Sys=0.00s Real=0.15s
...|.[5310.908s][info][gc,start       ] GC(752) Pause Young (Normal) (G1 Evacuation Pause)
[5310.908s][info][gc,task        ] GC(752) Using 8 workers of 8 for evacuation
[5311.059s][info][gc,phases      ] GC(752)   Pre Evacuate Collection Set: 0.26ms
[5311.059s][info][gc,phases      ] GC(752)   Merge Heap Roots: 0.58ms
[5311.059s][info][gc,phases      ] GC(752)   Evacuate Collection Set: 149.29ms
[5311.059s][info][gc,phases      ] GC(752)   Post Evacuate Collection Set: 0.99ms
[5311.059s][info][gc,phases      ] GC(752)   Other: 0.06ms
[5311.059s][info][gc,heap        ] GC(752) Eden regions: 572->0(571)
[5311.059s][info][gc,heap        ] GC(752) Survivor regions: 42->43(77)
[5311.059s][info][gc,heap        ] GC(752) Old regions: 158->165
[5311.059s][info][gc,heap        ] GC(752) Humongous regions: 33->33
[5311.059s][info][gc,metaspace   ] GC(752) Metaspace: 29939K(30400K)->29939K(30400K) NonClass: 24531K(24768K)->24531K(24768K) Class: 5408K(5632K)->5408K(5632K)
[5311.059s][info][gc             ] GC(752) Pause Young (Normal) (G1 Evacuation Pause) 6422M->1915M(8192M) 151.325ms
[5311.059s][info][gc,cpu         ] GC(752) User=1.19s Sys=0.00s Real=0.15s
....[5315.039s][info][gc,start       ] GC(753) Pause Young (Normal) (G1 Evacuation Pause)
[5315.039s][info][gc,task        ] GC(753) Using 8 workers of 8 for evacuation
[5315.193s][info][gc,phases      ] GC(753)   Pre Evacuate Collection Set: 0.25ms
[5315.193s][info][gc,phases      ] GC(753)   Merge Heap Roots: 0.53ms
[5315.193s][info][gc,phases      ] GC(753)   Evacuate Collection Set: 152.04ms
[5315.193s][info][gc,phases      ] GC(753)   Post Evacuate Collection Set: 1.00ms
[5315.193s][info][gc,phases      ] GC(753)   Other: 0.06ms
[5315.193s][info][gc,heap        ] GC(753) Eden regions: 571->0(570)
[5315.193s][info][gc,heap        ] GC(753) Survivor regions: 43->44(77)
[5315.193s][info][gc,heap        ] GC(753) Old regions: 165->172
[5315.193s][info][gc,heap        ] GC(753) Humongous regions: 33->33
[5315.193s][info][gc,metaspace   ] GC(753) Metaspace: 29939K(30400K)->29939K(30400K) NonClass: 24531K(24768K)->24531K(24768K) Class: 5408K(5632K)->5408K(5632K)
[5315.193s][info][gc             ] GC(753) Pause Young (Normal) (G1 Evacuation Pause) 6483M->1977M(8192M) 154.024ms
[5315.193s][info][gc,cpu         ] GC(753) User=1.22s Sys=0.00s Real=0.15s
....[5319.159s][info][gc,start       ] GC(754) Pause Young (Normal) (G1 Evacuation Pause)
[5319.159s][info][gc,task        ] GC(754) Using 8 workers of 8 for evacuation
[5319.314s][info][gc,phases      ] GC(754)   Pre Evacuate Collection Set: 0.26ms
[5319.314s][info][gc,phases      ] GC(754)   Merge Heap Roots: 0.50ms
[5319.314s][info][gc,phases      ] GC(754)   Evacuate Collection Set: 153.27ms
[5319.314s][info][gc,phases      ] GC(754)   Post Evacuate Collection Set: 1.01ms
[5319.314s][info][gc,phases      ] GC(754)   Other: 0.06ms
[5319.314s][info][gc,heap        ] GC(754) Eden regions: 570->0(570)
[5319.314s][info][gc,heap        ] GC(754) Survivor regions: 44->44(77)
[5319.314s][info][gc,heap        ] GC(754) Old regions: 172->179
[5319.314s][info][gc,heap        ] GC(754) Humongous regions: 33->33
[5319.314s][info][gc,metaspace   ] GC(754) Metaspace: 29939K(30400K)->29939K(30400K) NonClass: 24531K(24768K)->24531K(24768K) Class: 5408K(5632K)->5408K(5632K)
[5319.314s][info][gc             ] GC(754) Pause Young (Normal) (G1 Evacuation Pause) 6537M->2035M(8192M) 155.231ms
[5319.314s][info][gc,cpu         ] GC(754) User=1.23s Sys=0.00s Real=0.15s
....[5323.243s][info][gc,start       ] GC(755) Pause Young (Normal) (G1 Evacuation Pause)
[5323.243s][info][gc,task        ] GC(755) Using 8 workers of 8 for evacuation
[5323.394s][info][gc,phases      ] GC(755)   Pre Evacuate Collection Set: 0.25ms
[5323.394s][info][gc,phases      ] GC(755)   Merge Heap Roots: 0.69ms
[5323.394s][info][gc,phases      ] GC(755)   Evacuate Collection Set: 149.18ms
[5323.394s][info][gc,phases      ] GC(755)   Post Evacuate Collection Set: 0.97ms
[5323.395s][info][gc,phases      ] GC(755)   Other: 0.07ms
[5323.395s][info][gc,heap        ] GC(755) Eden regions: 570->0(571)
[5323.395s][info][gc,heap        ] GC(755) Survivor regions: 44->43(77)
[5323.395s][info][gc,heap        ] GC(755) Old regions: 179->186
[5323.395s][info][gc,heap        ] GC(755) Humongous regions: 33->33
[5323.395s][info][gc,metaspace   ] GC(755) Metaspace: 29939K(30400K)->29939K(30400K) NonClass: 24531K(24768K)->24531K(24768K) Class: 5408K(5632K)->5408K(5632K)
[5323.395s][info][gc             ] GC(755) Pause Young (Normal) (G1 Evacuation Pause) 6595M->2079M(8192M) 151.327ms
[5323.395s][info][gc,cpu         ] GC(755) User=1.19s Sys=0.01s Real=0.16s
....[5327.268s][info][gc,start       ] GC(756) Pause Young (Normal) (G1 Evacuation Pause)
[5327.268s][info][gc,task        ] GC(756) Using 8 workers of 8 for evacuation
[5327.426s][info][gc,phases      ] GC(756)   Pre Evacuate Collection Set: 0.25ms
[5327.426s][info][gc,phases      ] GC(756)   Merge Heap Roots: 0.57ms
[5327.426s][info][gc,phases      ] GC(756)   Evacuate Collection Set: 156.63ms
[5327.426s][info][gc,phases      ] GC(756)   Post Evacuate Collection Set: 1.00ms
[5327.426s][info][gc,phases      ] GC(756)   Other: 0.08ms
[5327.426s][info][gc,heap        ] GC(756) Eden regions: 571->0(569)
[5327.426s][info][gc,heap        ] GC(756) Survivor regions: 43->45(77)
[5327.426s][info][gc,heap        ] GC(756) Old regions: 186->193
[5327.426s][info][gc,heap        ] GC(756) Humongous regions: 33->33
[5327.426s][info][gc,metaspace   ] GC(756) Metaspace: 29939K(30400K)->29939K(30400K) NonClass: 24531K(24768K)->24531K(24768K) Class: 5408K(5632K)->5408K(5632K)
[5327.426s][info][gc             ] GC(756) Pause Young (Normal) (G1 Evacuation Pause) 6647M->2151M(8192M) 158.687ms
[5327.427s][info][gc,cpu         ] GC(756) User=1.25s Sys=0.00s Real=0.16s
....[5331.380s][info][gc,start       ] GC(757) Pause Young (Normal) (G1 Evacuation Pause)
[5331.380s][info][gc,task        ] GC(757) Using 8 workers of 8 for evacuation
[5331.538s][info][gc,phases      ] GC(757)   Pre Evacuate Collection Set: 0.26ms
[5331.538s][info][gc,phases      ] GC(757)   Merge Heap Roots: 0.49ms
[5331.538s][info][gc,phases      ] GC(757)   Evacuate Collection Set: 155.80ms
[5331.538s][info][gc,phases      ] GC(757)   Post Evacuate Collection Set: 1.02ms
[5331.538s][info][gc,phases      ] GC(757)   Other: 0.07ms
[5331.538s][info][gc,heap        ] GC(757) Eden regions: 569->0(569)
[5331.538s][info][gc,heap        ] GC(757) Survivor regions: 45->45(77)
[5331.538s][info][gc,heap        ] GC(757) Old regions: 193->200
[5331.538s][info][gc,heap        ] GC(757) Humongous regions: 33->33
[5331.538s][info][gc,metaspace   ] GC(757) Metaspace: 29939K(30400K)->29939K(30400K) NonClass: 24531K(24768K)->24531K(24768K) Class: 5408K(5632K)->5408K(5632K)
[5331.538s][info][gc             ] GC(757) Pause Young (Normal) (G1 Evacuation Pause) 6703M->2211M(8192M) 157.780ms
[5331.538s][info][gc,cpu         ] GC(757) User=1.25s Sys=0.00s Real=0.16s
....[5335.399s][info][gc,start       ] GC(758) Pause Young (Normal) (G1 Evacuation Pause)
[5335.399s][info][gc,task        ] GC(758) Using 8 workers of 8 for evacuation
[5335.548s][info][gc,phases      ] GC(758)   Pre Evacuate Collection Set: 0.24ms
[5335.549s][info][gc,phases      ] GC(758)   Merge Heap Roots: 0.50ms
[5335.549s][info][gc,phases      ] GC(758)   Evacuate Collection Set: 147.73ms
[5335.549s][info][gc,phases      ] GC(758)   Post Evacuate Collection Set: 1.02ms
[5335.549s][info][gc,phases      ] GC(758)   Other: 0.06ms
[5335.549s][info][gc,heap        ] GC(758) Eden regions: 569->0(571)
[5335.549s][info][gc,heap        ] GC(758) Survivor regions: 45->43(77)
[5335.549s][info][gc,heap        ] GC(758) Old regions: 200->208
[5335.549s][info][gc,heap        ] GC(758) Humongous regions: 33->33
[5335.549s][info][gc,metaspace   ] GC(758) Metaspace: 29939K(30400K)->29939K(30400K) NonClass: 24531K(24768K)->24531K(24768K) Class: 5408K(5632K)->5408K(5632K)
[5335.549s][info][gc             ] GC(758) Pause Young (Normal) (G1 Evacuation Pause) 6763M->2252M(8192M) 149.665ms
[5335.549s][info][gc,cpu         ] GC(758) User=1.18s Sys=0.00s Real=0.15s
....[5339.470s][info][gc,start       ] GC(759) Pause Young (Normal) (G1 Evacuation Pause)
[5339.470s][info][gc,task        ] GC(759) Using 8 workers of 8 for evacuation
[5339.615s][info][gc,phases      ] GC(759)   Pre Evacuate Collection Set: 0.25ms
[5339.615s][info][gc,phases      ] GC(759)   Merge Heap Roots: 0.53ms
[5339.615s][info][gc,phases      ] GC(759)   Evacuate Collection Set: 143.15ms
[5339.615s][info][gc,phases      ] GC(759)   Post Evacuate Collection Set: 0.98ms
[5339.615s][info][gc,phases      ] GC(759)   Other: 0.06ms
[5339.615s][info][gc,heap        ] GC(759) Eden regions: 571->0(573)
[5339.615s][info][gc,heap        ] GC(759) Survivor regions: 43->41(77)
[5339.615s][info][gc,heap        ] GC(759) Old regions: 208->215
[5339.615s][info][gc,heap        ] GC(759) Humongous regions: 33->33
[5339.615s][info][gc,metaspace   ] GC(759) Metaspace: 29939K(30400K)->29939K(30400K) NonClass: 24531K(24768K)->24531K(24768K) Class: 5408K(5632K)->5408K(5632K)
[5339.615s][info][gc             ] GC(759) Pause Young (Normal) (G1 Evacuation Pause) 6820M->2292M(8192M) 145.115ms
[5339.616s][info][gc,cpu         ] GC(759) User=1.15s Sys=0.01s Real=0.15s
.....[5343.670s][info][gc,start       ] GC(760) Pause Young (Normal) (G1 Evacuation Pause)
[5343.670s][info][gc,task        ] GC(760) Using 8 workers of 8 for evacuation
[5343.826s][info][gc,phases      ] GC(760)   Pre Evacuate Collection Set: 0.25ms
[5343.826s][info][gc,phases      ] GC(760)   Merge Heap Roots: 0.53ms
[5343.826s][info][gc,phases      ] GC(760)   Evacuate Collection Set: 154.39ms
[5343.826s][info][gc,phases      ] GC(760)   Post Evacuate Collection Set: 0.98ms
[5343.826s][info][gc,phases      ] GC(760)   Other: 0.08ms
[5343.826s][info][gc,heap        ] GC(760) Eden regions: 573->0(569)
[5343.826s][info][gc,heap        ] GC(760) Survivor regions: 41->45(77)
[5343.826s][info][gc,heap        ] GC(760) Old regions: 215->222
[5343.826s][info][gc,heap        ] GC(760) Humongous regions: 33->33
[5343.826s][info][gc,metaspace   ] GC(760) Metaspace: 29939K(30400K)->29939K(30400K) NonClass: 24531K(24768K)->24531K(24768K) Class: 5408K(5632K)->5408K(5632K)
[5343.826s][info][gc             ] GC(760) Pause Young (Normal) (G1 Evacuation Pause) 6876M->2376M(8192M) 156.348ms
[5343.826s][info][gc,cpu         ] GC(760) User=1.23s Sys=0.00s Real=0.16s
....[5347.909s][info][gc,start       ] GC(761) Pause Young (Normal) (G1 Evacuation Pause)
[5347.909s][info][gc,task        ] GC(761) Using 8 workers of 8 for evacuation
[5348.060s][info][gc,phases      ] GC(761)   Pre Evacuate Collection Set: 0.25ms
[5348.060s][info][gc,phases      ] GC(761)   Merge Heap Roots: 0.55ms
[5348.060s][info][gc,phases      ] GC(761)   Evacuate Collection Set: 148.59ms
[5348.060s][info][gc,phases      ] GC(761)   Post Evacuate Collection Set: 1.02ms
[5348.060s][info][gc,phases      ] GC(761)   Other: 0.07ms
[5348.060s][info][gc,heap        ] GC(761) Eden regions: 569->0(571)
[5348.060s][info][gc,heap        ] GC(761) Survivor regions: 45->43(77)
[5348.060s][info][gc,heap        ] GC(761) Old regions: 222->229
[5348.060s][info][gc,heap        ] GC(761) Humongous regions: 33->33
[5348.060s][info][gc,metaspace   ] GC(761) Metaspace: 29939K(30400K)->29939K(30400K) NonClass: 24531K(24768K)->24531K(24768K) Class: 5408K(5632K)->5408K(5632K)
[5348.060s][info][gc             ] GC(761) Pause Young (Normal) (G1 Evacuation Pause) 6928M->2419M(8192M) 150.607ms
[5348.060s][info][gc,cpu         ] GC(761) User=1.20s Sys=0.00s Real=0.15s
....[5351.946s][info][gc,start       ] GC(762) Pause Young (Normal) (G1 Evacuation Pause)
[5351.946s][info][gc,task        ] GC(762) Using 8 workers of 8 for evacuation
[5352.096s][info][gc,phases      ] GC(762)   Pre Evacuate Collection Set: 0.26ms
[5352.096s][info][gc,phases      ] GC(762)   Merge Heap Roots: 0.50ms
[5352.096s][info][gc,phases      ] GC(762)   Evacuate Collection Set: 147.72ms
[5352.096s][info][gc,phases      ] GC(762)   Post Evacuate Collection Set: 0.99ms
[5352.096s][info][gc,phases      ] GC(762)   Other: 0.06ms
[5352.096s][info][gc,heap        ] GC(762) Eden regions: 571->0(570)
[5352.096s][info][gc,heap        ] GC(762) Survivor regions: 43->44(77)
[5352.096s][info][gc,heap        ] GC(762) Old regions: 229->236
[5352.096s][info][gc,heap        ] GC(762) Humongous regions: 33->33
[5352.096s][info][gc,metaspace   ] GC(762) Metaspace: 29939K(30400K)->29939K(30400K) NonClass: 24531K(24768K)->24531K(24768K) Class: 5408K(5632K)->5408K(5632K)
[5352.096s][info][gc             ] GC(762) Pause Young (Normal) (G1 Evacuation Pause) 6987M->2484M(8192M) 149.669ms
[5352.096s][info][gc,cpu         ] GC(762) User=1.18s Sys=0.00s Real=0.15s
....[5356.035s][info][gc,start       ] GC(763) Pause Young (Normal) (G1 Evacuation Pause)
[5356.035s][info][gc,task        ] GC(763) Using 8 workers of 8 for evacuation
[5356.186s][info][gc,phases      ] GC(763)   Pre Evacuate Collection Set: 0.26ms
[5356.186s][info][gc,phases      ] GC(763)   Merge Heap Roots: 0.49ms
[5356.186s][info][gc,phases      ] GC(763)   Evacuate Collection Set: 148.79ms
[5356.186s][info][gc,phases      ] GC(763)   Post Evacuate Collection Set: 1.02ms
[5356.186s][info][gc,phases      ] GC(763)   Other: 0.06ms
[5356.186s][info][gc,heap        ] GC(763) Eden regions: 570->0(570)
[5356.186s][info][gc,heap        ] GC(763) Survivor regions: 44->44(77)
[5356.186s][info][gc,heap        ] GC(763) Old regions: 236->243
[5356.186s][info][gc,heap        ] GC(763) Humongous regions: 33->33
[5356.186s][info][gc,metaspace   ] GC(763) Metaspace: 29939K(30400K)->29939K(30400K) NonClass: 24531K(24768K)->24531K(24768K) Class: 5408K(5632K)->5408K(5632K)
[5356.186s][info][gc             ] GC(763) Pause Young (Normal) (G1 Evacuation Pause) 7044M->2539M(8192M) 150.748ms
[5356.186s][info][gc,cpu         ] GC(763) User=1.19s Sys=0.00s Real=0.15s
....[5360.176s][info][gc,start       ] GC(764) Pause Young (Normal) (G1 Evacuation Pause)
[5360.176s][info][gc,task        ] GC(764) Using 8 workers of 8 for evacuation
[5360.326s][info][gc,phases      ] GC(764)   Pre Evacuate Collection Set: 0.24ms
[5360.326s][info][gc,phases      ] GC(764)   Merge Heap Roots: 0.54ms
[5360.326s][info][gc,phases      ] GC(764)   Evacuate Collection Set: 148.53ms
[5360.326s][info][gc,phases      ] GC(764)   Post Evacuate Collection Set: 1.02ms
[5360.326s][info][gc,phases      ] GC(764)   Other: 0.07ms
[5360.326s][info][gc,heap        ] GC(764) Eden regions: 570->0(570)
[5360.327s][info][gc,heap        ] GC(764) Survivor regions: 44->44(77)
[5360.327s][info][gc,heap        ] GC(764) Old regions: 243->250
[5360.327s][info][gc,heap        ] GC(764) Humongous regions: 33->33
[5360.327s][info][gc,metaspace   ] GC(764) Metaspace: 29939K(30400K)->29939K(30400K) NonClass: 24531K(24768K)->24531K(24768K) Class: 5408K(5632K)->5408K(5632K)
[5360.327s][info][gc             ] GC(764) Pause Young (Normal) (G1 Evacuation Pause) 7099M->2596M(8192M) 150.534ms
[5360.327s][info][gc,cpu         ] GC(764) User=1.20s Sys=0.00s Real=0.15s
....[5364.229s][info][gc,start       ] GC(765) Pause Young (Normal) (G1 Evacuation Pause)
[5364.229s][info][gc,task        ] GC(765) Using 8 workers of 8 for evacuation
[5364.380s][info][gc,phases      ] GC(765)   Pre Evacuate Collection Set: 0.26ms
[5364.380s][info][gc,phases      ] GC(765)   Merge Heap Roots: 0.56ms
[5364.380s][info][gc,phases      ] GC(765)   Evacuate Collection Set: 149.11ms
[5364.380s][info][gc,phases      ] GC(765)   Post Evacuate Collection Set: 1.01ms
[5364.380s][info][gc,phases      ] GC(765)   Other: 0.06ms
[5364.380s][info][gc,heap        ] GC(765) Eden regions: 570->0(570)
[5364.380s][info][gc,heap        ] GC(765) Survivor regions: 44->44(77)
[5364.380s][info][gc,heap        ] GC(765) Old regions: 250->257
[5364.380s][info][gc,heap        ] GC(765) Humongous regions: 33->33
[5364.380s][info][gc,metaspace   ] GC(765) Metaspace: 29939K(30400K)->29939K(30400K) NonClass: 24531K(24768K)->24531K(24768K) Class: 5408K(5632K)->5408K(5632K)
[5364.380s][info][gc             ] GC(765) Pause Young (Normal) (G1 Evacuation Pause) 7156M->2653M(8192M) 151.116ms
[5364.380s][info][gc,cpu         ] GC(765) User=1.20s Sys=0.00s Real=0.15s
....[5368.331s][info][gc,start       ] GC(766) Pause Young (Normal) (G1 Evacuation Pause)
[5368.331s][info][gc,task        ] GC(766) Using 8 workers of 8 for evacuation
[5368.481s][info][gc,phases      ] GC(766)   Pre Evacuate Collection Set: 0.25ms
[5368.481s][info][gc,phases      ] GC(766)   Merge Heap Roots: 0.53ms
[5368.481s][info][gc,phases      ] GC(766)   Evacuate Collection Set: 147.56ms
[5368.481s][info][gc,phases      ] GC(766)   Post Evacuate Collection Set: 1.00ms
[5368.481s][info][gc,phases      ] GC(766)   Other: 0.06ms
[5368.481s][info][gc,heap        ] GC(766) Eden regions: 570->0(570)
[5368.481s][info][gc,heap        ] GC(766) Survivor regions: 44->44(77)
[5368.481s][info][gc,heap        ] GC(766) Old regions: 257->264
[5368.481s][info][gc,heap        ] GC(766) Humongous regions: 33->33
[5368.481s][info][gc,metaspace   ] GC(766) Metaspace: 29939K(30400K)->29939K(30400K) NonClass: 24531K(24768K)->24531K(24768K) Class: 5408K(5632K)->5408K(5632K)
[5368.481s][info][gc             ] GC(766) Pause Young (Normal) (G1 Evacuation Pause) 7213M->2715M(8192M) 149.542ms
[5368.481s][info][gc,cpu         ] GC(766) User=1.18s Sys=0.00s Real=0.15s
.. (rIR:aIR:PR = 9379:9336:9336) (tPR = 138434) [OK] 
  5369s: Performance info:
         Transaction,    Success,    Partial,     Failed,   Receipts, AvgBarcode, 
             Overall,     563217,          0,          0,     534943,      59.48, 
         Response times:
             Request,    Success,    Partial,     Failed,   SkipFail,     Probes,    Samples,      min,      p50,      p90,      p95,      p99,      max, 
       TotalPurchase,     534943,          0,          0,          0,     357881,     441876,      300,     6400,    19600,    60000,   123000,   523000,
     InStorePurchase,     280751,          0,          0,          0,     188359,     232503,      300,     6400,    19700,    62000,   127000,   523000,
      OnlinePurchase,     197982,          0,          0,          0,     131566,     162097,      400,     6300,    19400,    56000,   119000,   523000,
        InstPurchase,      56210,          0,          0,          0,      37956,      47276,      500,     6600,    19700,    62000,   126000,   451000,
          AssocOfCat,        565,          0,          0,          0,        472,        701,    27000,    51000,    76800,   113000,   189820,   231000,
      AssocOfProduct,       5646,          0,          0,          0,       4124,       5330,      800,     6900,    22000,    65000,   121690,   446000,
      BusinessReport,       1412,          0,          0,          0,       1262,       1741,    30000,    58000,    89000,   153000,   224000,   495000,
          CustBuyBeh,       5668,          0,          0,          0,       4115,       5360,      300,     6600,    22000,    68000,   120390,   431000,
       ProductReturn,      14983,          0,          0,          0,       9679,      12145,      200,     6100,    18500,    53000,   113540,   446000,

  5369s: (67%)   IR =   9521 ..[5372.327s][info][gc,start       ] GC(767) Pause Young (Normal) (G1 Evacuation Pause)
[5372.327s][info][gc,task        ] GC(767) Using 8 workers of 8 for evacuation
[5372.482s][info][gc,phases      ] GC(767)   Pre Evacuate Collection Set: 0.24ms
[5372.482s][info][gc,phases      ] GC(767)   Merge Heap Roots: 0.52ms
[5372.482s][info][gc,phases      ] GC(767)   Evacuate Collection Set: 152.86ms
[5372.482s][info][gc,phases      ] GC(767)   Post Evacuate Collection Set: 1.01ms
[5372.482s][info][gc,phases      ] GC(767)   Other: 0.06ms
[5372.482s][info][gc,heap        ] GC(767) Eden regions: 570->0(570)
[5372.482s][info][gc,heap        ] GC(767) Survivor regions: 44->44(77)
[5372.482s][info][gc,heap        ] GC(767) Old regions: 264->272
[5372.482s][info][gc,heap        ] GC(767) Humongous regions: 33->33
[5372.482s][info][gc,metaspace   ] GC(767) Metaspace: 29939K(30400K)->29939K(30400K) NonClass: 24531K(24768K)->24531K(24768K) Class: 5408K(5632K)->5408K(5632K)
[5372.482s][info][gc             ] GC(767) Pause Young (Normal) (G1 Evacuation Pause) 7275M->2774M(8192M) 154.827ms
[5372.482s][info][gc,cpu         ] GC(767) User=1.22s Sys=0.00s Real=0.15s
..|..[5376.392s][info][gc,start       ] GC(768) Pause Young (Normal) (G1 Evacuation Pause)
[5376.392s][info][gc,task        ] GC(768) Using 8 workers of 8 for evacuation
[5376.548s][info][gc,phases      ] GC(768)   Pre Evacuate Collection Set: 0.24ms
[5376.548s][info][gc,phases      ] GC(768)   Merge Heap Roots: 0.51ms
[5376.548s][info][gc,phases      ] GC(768)   Evacuate Collection Set: 154.05ms
[5376.548s][info][gc,phases      ] GC(768)   Post Evacuate Collection Set: 0.99ms
[5376.548s][info][gc,phases      ] GC(768)   Other: 0.07ms
[5376.548s][info][gc,heap        ] GC(768) Eden regions: 570->0(570)
[5376.548s][info][gc,heap        ] GC(768) Survivor regions: 44->44(77)
[5376.548s][info][gc,heap        ] GC(768) Old regions: 272->279
[5376.548s][info][gc,heap        ] GC(768) Humongous regions: 33->33
[5376.548s][info][gc,metaspace   ] GC(768) Metaspace: 29939K(30400K)->29939K(30400K) NonClass: 24531K(24768K)->24531K(24768K) Class: 5408K(5632K)->5408K(5632K)
[5376.548s][info][gc             ] GC(768) Pause Young (Normal) (G1 Evacuation Pause) 7334M->2828M(8192M) 156.003ms
[5376.548s][info][gc,cpu         ] GC(768) User=1.24s Sys=0.00s Real=0.16s
....[5380.306s][info][gc,start       ] GC(769) Pause Young (Normal) (G1 Evacuation Pause)
[5380.306s][info][gc,task        ] GC(769) Using 8 workers of 8 for evacuation
[5380.455s][info][gc,phases      ] GC(769)   Pre Evacuate Collection Set: 0.25ms
[5380.455s][info][gc,phases      ] GC(769)   Merge Heap Roots: 0.51ms
[5380.455s][info][gc,phases      ] GC(769)   Evacuate Collection Set: 147.22ms
[5380.455s][info][gc,phases      ] GC(769)   Post Evacuate Collection Set: 1.00ms
[5380.455s][info][gc,phases      ] GC(769)   Other: 0.06ms
[5380.455s][info][gc,heap        ] GC(769) Eden regions: 570->0(565)
[5380.455s][info][gc,heap        ] GC(769) Survivor regions: 44->44(77)
[5380.455s][info][gc,heap        ] GC(769) Old regions: 279->286
[5380.455s][info][gc,heap        ] GC(769) Humongous regions: 33->33
[5380.455s][info][gc,metaspace   ] GC(769) Metaspace: 29939K(30400K)->29939K(30400K) NonClass: 24531K(24768K)->24531K(24768K) Class: 5408K(5632K)->5408K(5632K)
[5380.455s][info][gc             ] GC(769) Pause Young (Normal) (G1 Evacuation Pause) 7388M->2887M(8192M) 149.195ms
[5380.455s][info][gc,cpu         ] GC(769) User=1.18s Sys=0.00s Real=0.15s
....[5384.290s][info][gc,start       ] GC(770) Pause Young (Normal) (G1 Evacuation Pause)
[5384.290s][info][gc,task        ] GC(770) Using 8 workers of 8 for evacuation
[5384.443s][info][gc,phases      ] GC(770)   Pre Evacuate Collection Set: 0.26ms
[5384.443s][info][gc,phases      ] GC(770)   Merge Heap Roots: 0.56ms
[5384.443s][info][gc,phases      ] GC(770)   Evacuate Collection Set: 151.57ms
[5384.443s][info][gc,phases      ] GC(770)   Post Evacuate Collection Set: 1.00ms
[5384.443s][info][gc,phases      ] GC(770)   Other: 0.06ms
[5384.443s][info][gc,heap        ] GC(770) Eden regions: 565->0(558)
[5384.443s][info][gc,heap        ] GC(770) Survivor regions: 44->44(77)
[5384.443s][info][gc,heap        ] GC(770) Old regions: 286->293
[5384.443s][info][gc,heap        ] GC(770) Humongous regions: 33->33
[5384.443s][info][gc,metaspace   ] GC(770) Metaspace: 29939K(30400K)->29939K(30400K) NonClass: 24531K(24768K)->24531K(24768K) Class: 5408K(5632K)->5408K(5632K)
[5384.443s][info][gc             ] GC(770) Pause Young (Normal) (G1 Evacuation Pause) 7407M->2947M(8192M) 153.589ms
[5384.443s][info][gc,cpu         ] GC(770) User=1.22s Sys=0.00s Real=0.15s
....[5388.281s][info][gc,start       ] GC(771) Pause Young (Normal) (G1 Evacuation Pause)
[5388.281s][info][gc,task        ] GC(771) Using 8 workers of 8 for evacuation
[5388.432s][info][gc,phases      ] GC(771)   Pre Evacuate Collection Set: 0.24ms
[5388.432s][info][gc,phases      ] GC(771)   Merge Heap Roots: 0.50ms
[5388.432s][info][gc,phases      ] GC(771)   Evacuate Collection Set: 149.42ms
[5388.432s][info][gc,phases      ] GC(771)   Post Evacuate Collection Set: 1.00ms
[5388.432s][info][gc,phases      ] GC(771)   Other: 0.06ms
[5388.432s][info][gc,heap        ] GC(771) Eden regions: 558->0(552)
[5388.432s][info][gc,heap        ] GC(771) Survivor regions: 44->43(76)
[5388.432s][info][gc,heap        ] GC(771) Old regions: 293->301
[5388.432s][info][gc,heap        ] GC(771) Humongous regions: 33->33
[5388.432s][info][gc,metaspace   ] GC(771) Metaspace: 29939K(30400K)->29939K(30400K) NonClass: 24531K(24768K)->24531K(24768K) Class: 5408K(5632K)->5408K(5632K)
[5388.432s][info][gc             ] GC(771) Pause Young (Normal) (G1 Evacuation Pause) 7411M->2996M(8192M) 151.372ms
[5388.433s][info][gc,cpu         ] GC(771) User=1.20s Sys=0.00s Real=0.15s
....[5392.106s][info][gc,start       ] GC(772) Pause Young (Normal) (G1 Evacuation Pause)
[5392.106s][info][gc,task        ] GC(772) Using 8 workers of 8 for evacuation
[5392.260s][info][gc,phases      ] GC(772)   Pre Evacuate Collection Set: 0.23ms
[5392.260s][info][gc,phases      ] GC(772)   Merge Heap Roots: 0.50ms
[5392.260s][info][gc,phases      ] GC(772)   Evacuate Collection Set: 151.88ms
[5392.260s][info][gc,phases      ] GC(772)   Post Evacuate Collection Set: 1.00ms
[5392.260s][info][gc,phases      ] GC(772)   Other: 0.06ms
[5392.260s][info][gc,heap        ] GC(772) Eden regions: 552->0(543)
[5392.260s][info][gc,heap        ] GC(772) Survivor regions: 43->44(75)
[5392.260s][info][gc,heap        ] GC(772) Old regions: 301->308
[5392.260s][info][gc,heap        ] GC(772) Humongous regions: 33->33
[5392.260s][info][gc,metaspace   ] GC(772) Metaspace: 29939K(30400K)->29939K(30400K) NonClass: 24531K(24768K)->24531K(24768K) Class: 5408K(5632K)->5408K(5632K)
[5392.260s][info][gc             ] GC(772) Pause Young (Normal) (G1 Evacuation Pause) 7412M->3060M(8192M) 153.794ms
[5392.260s][info][gc,cpu         ] GC(772) User=1.22s Sys=0.00s Real=0.15s
....[5395.964s][info][gc,start       ] GC(773) Pause Young (Concurrent Start) (G1 Evacuation Pause)
[5395.964s][info][gc,task        ] GC(773) Using 8 workers of 8 for evacuation
[5396.112s][info][gc,phases      ] GC(773)   Pre Evacuate Collection Set: 0.27ms
[5396.112s][info][gc,phases      ] GC(773)   Merge Heap Roots: 0.49ms
[5396.112s][info][gc,phases      ] GC(773)   Evacuate Collection Set: 145.96ms
[5396.112s][info][gc,phases      ] GC(773)   Post Evacuate Collection Set: 0.97ms
[5396.112s][info][gc,phases      ] GC(773)   Other: 0.09ms
[5396.112s][info][gc,heap        ] GC(773) Eden regions: 543->0(538)
[5396.112s][info][gc,heap        ] GC(773) Survivor regions: 44->43(74)
[5396.112s][info][gc,heap        ] GC(773) Old regions: 308->315
[5396.112s][info][gc,heap        ] GC(773) Humongous regions: 33->33
[5396.112s][info][gc,metaspace   ] GC(773) Metaspace: 29939K(30400K)->29939K(30400K) NonClass: 24531K(24768K)->24531K(24768K) Class: 5408K(5632K)->5408K(5632K)
[5396.112s][info][gc             ] GC(773) Pause Young (Concurrent Start) (G1 Evacuation Pause) 7404M->3111M(8192M) 147.924ms
[5396.112s][info][gc             ] GC(774) Concurrent Mark Cycle
[5396.112s][info][gc,marking     ] GC(774) Concurrent Scan Root Regions
[5396.112s][info][gc,cpu         ] GC(773) User=1.17s Sys=0.01s Real=0.15s
[5396.434s][info][gc,marking     ] GC(774) Concurrent Scan Root Regions 321.981ms
[5396.434s][info][gc,marking     ] GC(774) Concurrent Mark
[5396.434s][info][gc,marking     ] GC(774) Concurrent Mark From Roots
[5396.434s][info][gc,task        ] GC(774) Using 2 workers of 2 for marking
..[5397.834s][info][gc,marking     ] GC(774) Concurrent Mark From Roots 1399.530ms
[5397.834s][info][gc,marking     ] GC(774) Concurrent Preclean
[5397.834s][info][gc,marking     ] GC(774) Concurrent Preclean 0.105ms
[5397.834s][info][gc,start       ] GC(774) Pause Remark
[5397.836s][info][gc             ] GC(774) Pause Remark 5076M->4532M(8192M) 1.693ms
[5397.836s][info][gc,cpu         ] GC(774) User=0.01s Sys=0.00s Real=0.01s
[5397.836s][info][gc,marking     ] GC(774) Concurrent Mark 1401.618ms
[5397.836s][info][gc,marking     ] GC(774) Concurrent Rebuild Remembered Sets and Scrub Regions
[5398.663s][info][gc,marking     ] GC(774) Concurrent Rebuild Remembered Sets and Scrub Regions 827.407ms
[5398.663s][info][gc,start       ] GC(774) Pause Cleanup
[5398.664s][info][gc             ] GC(774) Pause Cleanup 5583M->5583M(8192M) 0.272ms
[5398.664s][info][gc,cpu         ] GC(774) User=0.00s Sys=0.00s Real=0.00s
[5398.664s][info][gc,marking     ] GC(774) Concurrent Clear Claimed Marks
[5398.664s][info][gc,marking     ] GC(774) Concurrent Clear Claimed Marks 0.045ms
[5398.664s][info][gc,marking     ] GC(774) Concurrent Cleanup for Next Mark
[5398.674s][info][gc,marking     ] GC(774) Concurrent Cleanup for Next Mark 10.353ms
[5398.674s][info][gc             ] GC(774) Concurrent Mark Cycle 2562.136ms
.[5399.635s][info][gc,start       ] GC(775) Pause Young (Prepare Mixed) (G1 Evacuation Pause)
[5399.635s][info][gc,task        ] GC(775) Using 8 workers of 8 for evacuation
[5399.783s][info][gc,phases      ] GC(775)   Pre Evacuate Collection Set: 0.26ms
[5399.783s][info][gc,phases      ] GC(775)   Merge Heap Roots: 0.65ms
[5399.783s][info][gc,phases      ] GC(775)   Evacuate Collection Set: 146.14ms
[5399.783s][info][gc,phases      ] GC(775)   Post Evacuate Collection Set: 1.09ms
[5399.783s][info][gc,phases      ] GC(775)   Other: 0.06ms
[5399.783s][info][gc,heap        ] GC(775) Eden regions: 538->0(572)
[5399.783s][info][gc,heap        ] GC(775) Survivor regions: 43->42(73)
[5399.783s][info][gc,heap        ] GC(775) Old regions: 247->255
[5399.783s][info][gc,heap        ] GC(775) Humongous regions: 33->33
[5399.783s][info][gc,metaspace   ] GC(775) Metaspace: 29939K(30400K)->29939K(30400K) NonClass: 24531K(24768K)->24531K(24768K) Class: 5408K(5632K)->5408K(5632K)
[5399.783s][info][gc             ] GC(775) Pause Young (Prepare Mixed) (G1 Evacuation Pause) 6871M->2620M(8192M) 148.341ms
[5399.783s][info][gc,cpu         ] GC(775) User=1.18s Sys=0.00s Real=0.14s
....[5403.663s][info][gc,start       ] GC(776) Pause Young (Mixed) (G1 Evacuation Pause)
[5403.663s][info][gc,task        ] GC(776) Using 8 workers of 8 for evacuation
[5403.819s][info][gc,phases      ] GC(776)   Pre Evacuate Collection Set: 0.30ms
[5403.819s][info][gc,phases      ] GC(776)   Merge Heap Roots: 0.84ms
[5403.819s][info][gc,phases      ] GC(776)   Evacuate Collection Set: 153.37ms
[5403.819s][info][gc,phases      ] GC(776)   Post Evacuate Collection Set: 1.24ms
[5403.819s][info][gc,phases      ] GC(776)   Other: 0.10ms
[5403.819s][info][gc,heap        ] GC(776) Eden regions: 572->0(572)
[5403.819s][info][gc,heap        ] GC(776) Survivor regions: 42->42(77)
[5403.819s][info][gc,heap        ] GC(776) Old regions: 255->161
[5403.819s][info][gc,heap        ] GC(776) Humongous regions: 33->33
[5403.819s][info][gc,metaspace   ] GC(776) Metaspace: 29939K(30400K)->29939K(30400K) NonClass: 24531K(24768K)->24531K(24768K) Class: 5408K(5632K)->5408K(5632K)
[5403.819s][info][gc             ] GC(776) Pause Young (Mixed) (G1 Evacuation Pause) 7196M->1868M(8192M) 155.981ms
[5403.819s][info][gc,cpu         ] GC(776) User=1.23s Sys=0.00s Real=0.16s
....[5407.804s][info][gc,start       ] GC(777) Pause Young (Mixed) (G1 Evacuation Pause)
[5407.804s][info][gc,task        ] GC(777) Using 8 workers of 8 for evacuation
[5407.967s][info][gc,phases      ] GC(777)   Pre Evacuate Collection Set: 0.27ms
[5407.967s][info][gc,phases      ] GC(777)   Merge Heap Roots: 1.03ms
[5407.967s][info][gc,phases      ] GC(777)   Evacuate Collection Set: 159.35ms
[5407.967s][info][gc,phases      ] GC(777)   Post Evacuate Collection Set: 1.08ms
[5407.967s][info][gc,phases      ] GC(777)   Other: 0.80ms
[5407.967s][info][gc,heap        ] GC(777) Eden regions: 572->0(570)
[5407.967s][info][gc,heap        ] GC(777) Survivor regions: 42->44(77)
[5407.967s][info][gc,heap        ] GC(777) Old regions: 161->144
[5407.967s][info][gc,heap        ] GC(777) Humongous regions: 33->33
[5407.967s][info][gc,metaspace   ] GC(777) Metaspace: 29939K(30400K)->29939K(30400K) NonClass: 24531K(24768K)->24531K(24768K) Class: 5408K(5632K)->5408K(5632K)
[5407.967s][info][gc             ] GC(777) Pause Young (Mixed) (G1 Evacuation Pause) 6444M->1746M(8192M) 162.667ms
[5407.967s][info][gc,cpu         ] GC(777) User=1.28s Sys=0.01s Real=0.16s
....[5411.719s][info][gc,start       ] GC(778) Pause Young (Normal) (G1 Evacuation Pause)
[5411.719s][info][gc,task        ] GC(778) Using 8 workers of 8 for evacuation
[5411.869s][info][gc,phases      ] GC(778)   Pre Evacuate Collection Set: 0.25ms
[5411.869s][info][gc,phases      ] GC(778)   Merge Heap Roots: 0.49ms
[5411.869s][info][gc,phases      ] GC(778)   Evacuate Collection Set: 148.25ms
[5411.869s][info][gc,phases      ] GC(778)   Post Evacuate Collection Set: 1.05ms
[5411.869s][info][gc,phases      ] GC(778)   Other: 0.06ms
[5411.869s][info][gc,heap        ] GC(778) Eden regions: 570->0(571)
[5411.869s][info][gc,heap        ] GC(778) Survivor regions: 44->43(77)
[5411.869s][info][gc,heap        ] GC(778) Old regions: 144->151
[5411.869s][info][gc,heap        ] GC(778) Humongous regions: 33->33
[5411.869s][info][gc,metaspace   ] GC(778) Metaspace: 29939K(30400K)->29939K(30400K) NonClass: 24531K(24768K)->24531K(24768K) Class: 5408K(5632K)->5408K(5632K)
[5411.869s][info][gc             ] GC(778) Pause Young (Normal) (G1 Evacuation Pause) 6306M->1799M(8192M) 150.231ms
[5411.869s][info][gc,cpu         ] GC(778) User=1.19s Sys=0.00s Real=0.15s
....[5415.661s][info][gc,start       ] GC(779) Pause Young (Normal) (G1 Evacuation Pause)
[5415.661s][info][gc,task        ] GC(779) Using 8 workers of 8 for evacuation
[5415.808s][info][gc,phases      ] GC(779)   Pre Evacuate Collection Set: 0.26ms
[5415.808s][info][gc,phases      ] GC(779)   Merge Heap Roots: 0.52ms
[5415.808s][info][gc,phases      ] GC(779)   Evacuate Collection Set: 145.18ms
[5415.808s][info][gc,phases      ] GC(779)   Post Evacuate Collection Set: 1.00ms
[5415.808s][info][gc,phases      ] GC(779)   Other: 0.07ms
[5415.808s][info][gc,heap        ] GC(779) Eden regions: 571->0(572)
[5415.808s][info][gc,heap        ] GC(779) Survivor regions: 43->42(77)
[5415.808s][info][gc,heap        ] GC(779) Old regions: 151->158
[5415.808s][info][gc,heap        ] GC(779) Humongous regions: 33->33
[5415.808s][info][gc,metaspace   ] GC(779) Metaspace: 29939K(30400K)->29939K(30400K) NonClass: 24531K(24768K)->24531K(24768K) Class: 5408K(5632K)->5408K(5632K)
[5415.808s][info][gc             ] GC(779) Pause Young (Normal) (G1 Evacuation Pause) 6367M->1844M(8192M) 147.176ms
[5415.808s][info][gc,cpu         ] GC(779) User=1.16s Sys=0.00s Real=0.15s
....[5419.728s][info][gc,start       ] GC(780) Pause Young (Normal) (G1 Evacuation Pause)
[5419.728s][info][gc,task        ] GC(780) Using 8 workers of 8 for evacuation
[5419.878s][info][gc,phases      ] GC(780)   Pre Evacuate Collection Set: 0.24ms
[5419.878s][info][gc,phases      ] GC(780)   Merge Heap Roots: 0.53ms
[5419.878s][info][gc,phases      ] GC(780)   Evacuate Collection Set: 148.47ms
[5419.878s][info][gc,phases      ] GC(780)   Post Evacuate Collection Set: 1.01ms
[5419.878s][info][gc,phases      ] GC(780)   Other: 0.08ms
[5419.878s][info][gc,heap        ] GC(780) Eden regions: 572->0(570)
[5419.878s][info][gc,heap        ] GC(780) Survivor regions: 42->44(77)
[5419.878s][info][gc,heap        ] GC(780) Old regions: 158->165
[5419.878s][info][gc,heap        ] GC(780) Humongous regions: 33->33
[5419.878s][info][gc,metaspace   ] GC(780) Metaspace: 29939K(30400K)->29939K(30400K) NonClass: 24531K(24768K)->24531K(24768K) Class: 5408K(5632K)->5408K(5632K)
[5419.878s][info][gc             ] GC(780) Pause Young (Normal) (G1 Evacuation Pause) 6420M->1919M(8192M) 150.459ms
[5419.878s][info][gc,cpu         ] GC(780) User=1.19s Sys=0.00s Real=0.15s
....[5423.638s][info][gc,start       ] GC(781) Pause Young (Normal) (G1 Evacuation Pause)
[5423.638s][info][gc,task        ] GC(781) Using 8 workers of 8 for evacuation
[5423.786s][info][gc,phases      ] GC(781)   Pre Evacuate Collection Set: 0.27ms
[5423.786s][info][gc,phases      ] GC(781)   Merge Heap Roots: 0.50ms
[5423.786s][info][gc,phases      ] GC(781)   Evacuate Collection Set: 146.34ms
[5423.786s][info][gc,phases      ] GC(781)   Post Evacuate Collection Set: 1.00ms
[5423.786s][info][gc,phases      ] GC(781)   Other: 0.06ms
[5423.786s][info][gc,heap        ] GC(781) Eden regions: 570->0(571)
[5423.786s][info][gc,heap        ] GC(781) Survivor regions: 44->43(77)
[5423.786s][info][gc,heap        ] GC(781) Old regions: 165->172
[5423.786s][info][gc,heap        ] GC(781) Humongous regions: 33->33
[5423.786s][info][gc,metaspace   ] GC(781) Metaspace: 29939K(30400K)->29939K(30400K) NonClass: 24531K(24768K)->24531K(24768K) Class: 5408K(5632K)->5408K(5632K)
[5423.786s][info][gc             ] GC(781) Pause Young (Normal) (G1 Evacuation Pause) 6479M->1971M(8192M) 148.331ms
[5423.786s][info][gc,cpu         ] GC(781) User=1.18s Sys=0.00s Real=0.15s
....[5427.702s][info][gc,start       ] GC(782) Pause Young (Normal) (G1 Evacuation Pause)
[5427.702s][info][gc,task        ] GC(782) Using 8 workers of 8 for evacuation
[5427.848s][info][gc,phases      ] GC(782)   Pre Evacuate Collection Set: 0.28ms
[5427.848s][info][gc,phases      ] GC(782)   Merge Heap Roots: 0.53ms
[5427.848s][info][gc,phases      ] GC(782)   Evacuate Collection Set: 144.70ms
[5427.848s][info][gc,phases      ] GC(782)   Post Evacuate Collection Set: 1.01ms
[5427.848s][info][gc,phases      ] GC(782)   Other: 0.06ms
[5427.848s][info][gc,heap        ] GC(782) Eden regions: 571->0(572)
[5427.848s][info][gc,heap        ] GC(782) Survivor regions: 43->42(77)
[5427.848s][info][gc,heap        ] GC(782) Old regions: 172->180
[5427.848s][info][gc,heap        ] GC(782) Humongous regions: 33->33
[5427.848s][info][gc,metaspace   ] GC(782) Metaspace: 29939K(30400K)->29939K(30400K) NonClass: 24531K(24768K)->24531K(24768K) Class: 5408K(5632K)->5408K(5632K)
[5427.848s][info][gc             ] GC(782) Pause Young (Normal) (G1 Evacuation Pause) 6539M->2016M(8192M) 146.720ms
[5427.849s][info][gc,cpu         ] GC(782) User=1.16s Sys=0.00s Real=0.15s
....[5431.622s][info][gc,start       ] GC(783) Pause Young (Normal) (G1 Evacuation Pause)
[5431.622s][info][gc,task        ] GC(783) Using 8 workers of 8 for evacuation
[5431.771s][info][gc,phases      ] GC(783)   Pre Evacuate Collection Set: 0.23ms
[5431.771s][info][gc,phases      ] GC(783)   Merge Heap Roots: 0.50ms
[5431.771s][info][gc,phases      ] GC(783)   Evacuate Collection Set: 146.84ms
[5431.771s][info][gc,phases      ] GC(783)   Post Evacuate Collection Set: 1.02ms
[5431.771s][info][gc,phases      ] GC(783)   Other: 0.07ms
[5431.771s][info][gc,heap        ] GC(783) Eden regions: 572->0(571)
[5431.771s][info][gc,heap        ] GC(783) Survivor regions: 42->43(77)
[5431.771s][info][gc,heap        ] GC(783) Old regions: 180->187
[5431.771s][info][gc,heap        ] GC(783) Humongous regions: 33->33
[5431.771s][info][gc,metaspace   ] GC(783) Metaspace: 29939K(30400K)->29939K(30400K) NonClass: 24531K(24768K)->24531K(24768K) Class: 5408K(5632K)->5408K(5632K)
[5431.771s][info][gc             ] GC(783) Pause Young (Normal) (G1 Evacuation Pause) 6592M->2088M(8192M) 148.774ms
[5431.771s][info][gc,cpu         ] GC(783) User=1.18s Sys=0.00s Real=0.15s
... (rIR:aIR:PR = 9521:9590:9589) (tPR = 141584) [OK] 
  5433s: Performance info:
         Transaction,    Success,    Partial,     Failed,   Receipts, AvgBarcode, 
             Overall,     577509,          0,          0,     548692,      59.47, 
         Response times:
             Request,    Success,    Partial,     Failed,   SkipFail,     Probes,    Samples,      min,      p50,      p90,      p95,      p99,      max, 
       TotalPurchase,     548731,          0,          0,          0,     355557,     386407,      300,     7100,    37000,    62000,   153000,  1700000,
     InStorePurchase,     289311,          0,          0,          0,     186453,     202741,      300,     7100,    37000,    63000,   152000,  1700000,
      OnlinePurchase,     201136,          0,          0,          0,     131186,     142417,      300,     7000,    38000,    61000,   145820,  1700000,
        InstPurchase,      58284,          0,          0,          0,      37918,      41249,      400,     7300,    35000,    61000,   166000,  1700000,
          AssocOfCat,        572,          0,          0,          0,        498,        662,    32000,    55000,    97000,   122850,   207000,   246000,
      AssocOfProduct,       5753,          0,          0,          0,       4237,       4753,      800,     8400,    39000,    66000,   162000,   449000,
      BusinessReport,       1436,          0,          0,          0,       1274,       1502,    31000,    61000,   107000,   152000,   295550,   428000,
          CustBuyBeh,       5765,          0,          0,          0,       4266,       4792,      300,     6800,    35000,    61000,   160070,   840000,
       ProductReturn,      15306,          0,          0,          0,       9854,      10866,      200,     7200,    38000,    68000,   159330,   830000,

  5433s: (68%)   IR =   9663 .[5435.688s][info][gc,start       ] GC(784) Pause Young (Normal) (G1 Evacuation Pause)
[5435.688s][info][gc,task        ] GC(784) Using 8 workers of 8 for evacuation
[5435.837s][info][gc,phases      ] GC(784)   Pre Evacuate Collection Set: 0.27ms
[5435.837s][info][gc,phases      ] GC(784)   Merge Heap Roots: 0.52ms
[5435.837s][info][gc,phases      ] GC(784)   Evacuate Collection Set: 147.14ms
[5435.837s][info][gc,phases      ] GC(784)   Post Evacuate Collection Set: 1.06ms
[5435.837s][info][gc,phases      ] GC(784)   Other: 0.06ms
[5435.837s][info][gc,heap        ] GC(784) Eden regions: 571->0(571)
[5435.837s][info][gc,heap        ] GC(784) Survivor regions: 43->43(77)
[5435.837s][info][gc,heap        ] GC(784) Old regions: 187->194
[5435.837s][info][gc,heap        ] GC(784) Humongous regions: 33->33
[5435.837s][info][gc,metaspace   ] GC(784) Metaspace: 29939K(30400K)->29939K(30400K) NonClass: 24531K(24768K)->24531K(24768K) Class: 5408K(5632K)->5408K(5632K)
[5435.837s][info][gc             ] GC(784) Pause Young (Normal) (G1 Evacuation Pause) 6656M->2142M(8192M) 149.175ms
[5435.837s][info][gc,cpu         ] GC(784) User=1.18s Sys=0.00s Real=0.15s
....[5439.760s][info][gc,start       ] GC(785) Pause Young (Normal) (G1 Evacuation Pause)
[5439.760s][info][gc,task        ] GC(785) Using 8 workers of 8 for evacuation
[5439.915s][info][gc,phases      ] GC(785)   Pre Evacuate Collection Set: 0.23ms
[5439.915s][info][gc,phases      ] GC(785)   Merge Heap Roots: 0.50ms
[5439.915s][info][gc,phases      ] GC(785)   Evacuate Collection Set: 153.57ms
[5439.915s][info][gc,phases      ] GC(785)   Post Evacuate Collection Set: 1.02ms
[5439.915s][info][gc,phases      ] GC(785)   Other: 0.06ms
[5439.915s][info][gc,heap        ] GC(785) Eden regions: 571->0(569)
[5439.915s][info][gc,heap        ] GC(785) Survivor regions: 43->45(77)
[5439.915s][info][gc,heap        ] GC(785) Old regions: 194->201
[5439.915s][info][gc,heap        ] GC(785) Humongous regions: 33->33
[5439.915s][info][gc,metaspace   ] GC(785) Metaspace: 29939K(30400K)->29939K(30400K) NonClass: 24531K(24768K)->24531K(24768K) Class: 5408K(5632K)->5408K(5632K)
[5439.915s][info][gc             ] GC(785) Pause Young (Normal) (G1 Evacuation Pause) 6710M->2215M(8192M) 155.515ms
[5439.915s][info][gc,cpu         ] GC(785) User=1.23s Sys=0.00s Real=0.16s
....[5443.795s][info][gc,start       ] GC(786) Pause Young (Normal) (G1 Evacuation Pause)
[5443.795s][info][gc,task        ] GC(786) Using 8 workers of 8 for evacuation
[5443.948s][info][gc,phases      ] GC(786)   Pre Evacuate Collection Set: 0.28ms
[5443.948s][info][gc,phases      ] GC(786)   Merge Heap Roots: 0.54ms
[5443.948s][info][gc,phases      ] GC(786)   Evacuate Collection Set: 150.73ms
[5443.948s][info][gc,phases      ] GC(786)   Post Evacuate Collection Set: 1.02ms
[5443.948s][info][gc,phases      ] GC(786)   Other: 0.06ms
[5443.948s][info][gc,heap        ] GC(786) Eden regions: 569->0(570)
[5443.948s][info][gc,heap        ] GC(786) Survivor regions: 45->44(77)
[5443.948s][info][gc,heap        ] GC(786) Old regions: 201->208
[5443.948s][info][gc,heap        ] GC(786) Humongous regions: 33->33
[5443.948s][info][gc,metaspace   ] GC(786) Metaspace: 29939K(30400K)->29939K(30400K) NonClass: 24531K(24768K)->24531K(24768K) Class: 5408K(5632K)->5408K(5632K)
[5443.948s][info][gc             ] GC(786) Pause Young (Normal) (G1 Evacuation Pause) 6767M->2263M(8192M) 152.766ms
[5443.948s][info][gc,cpu         ] GC(786) User=1.21s Sys=0.00s Real=0.15s
....[5447.764s][info][gc,start       ] GC(787) Pause Young (Normal) (G1 Evacuation Pause)
[5447.764s][info][gc,task        ] GC(787) Using 8 workers of 8 for evacuation
[5447.912s][info][gc,phases      ] GC(787)   Pre Evacuate Collection Set: 0.23ms
[5447.912s][info][gc,phases      ] GC(787)   Merge Heap Roots: 0.52ms
[5447.912s][info][gc,phases      ] GC(787)   Evacuate Collection Set: 145.33ms
[5447.912s][info][gc,phases      ] GC(787)   Post Evacuate Collection Set: 0.99ms
[5447.912s][info][gc,phases      ] GC(787)   Other: 0.06ms
[5447.912s][info][gc,heap        ] GC(787) Eden regions: 570->0(571)
[5447.912s][info][gc,heap        ] GC(787) Survivor regions: 44->43(77)
[5447.912s][info][gc,heap        ] GC(787) Old regions: 208->215
[5447.912s][info][gc,heap        ] GC(787) Humongous regions: 33->33
[5447.912s][info][gc,metaspace   ] GC(787) Metaspace: 29939K(30400K)->29939K(30400K) NonClass: 24531K(24768K)->24531K(24768K) Class: 5408K(5632K)->5408K(5632K)
[5447.912s][info][gc             ] GC(787) Pause Young (Normal) (G1 Evacuation Pause) 6823M->2311M(8192M) 147.280ms
[5447.912s][info][gc,cpu         ] GC(787) User=1.17s Sys=0.00s Real=0.15s
....[5451.686s][info][gc,start       ] GC(788) Pause Young (Normal) (G1 Evacuation Pause)
[5451.686s][info][gc,task        ] GC(788) Using 8 workers of 8 for evacuation
[5451.833s][info][gc,phases      ] GC(788)   Pre Evacuate Collection Set: 0.26ms
[5451.833s][info][gc,phases      ] GC(788)   Merge Heap Roots: 0.61ms
[5451.833s][info][gc,phases      ] GC(788)   Evacuate Collection Set: 145.62ms
[5451.833s][info][gc,phases      ] GC(788)   Post Evacuate Collection Set: 1.03ms
[5451.833s][info][gc,phases      ] GC(788)   Other: 0.08ms
[5451.833s][info][gc,heap        ] GC(788) Eden regions: 571->0(572)
[5451.833s][info][gc,heap        ] GC(788) Survivor regions: 43->42(77)
[5451.833s][info][gc,heap        ] GC(788) Old regions: 215->222
[5451.833s][info][gc,heap        ] GC(788) Humongous regions: 33->33
[5451.833s][info][gc,metaspace   ] GC(788) Metaspace: 29939K(30400K)->29939K(30400K) NonClass: 24531K(24768K)->24531K(24768K) Class: 5408K(5632K)->5408K(5632K)
[5451.833s][info][gc             ] GC(788) Pause Young (Normal) (G1 Evacuation Pause) 6879M->2360M(8192M) 147.747ms
[5451.833s][info][gc,cpu         ] GC(788) User=1.17s Sys=0.00s Real=0.14s
..|..[5455.672s][info][gc,start       ] GC(789) Pause Young (Normal) (G1 Evacuation Pause)
[5455.672s][info][gc,task        ] GC(789) Using 8 workers of 8 for evacuation
[5455.822s][info][gc,phases      ] GC(789)   Pre Evacuate Collection Set: 0.26ms
[5455.822s][info][gc,phases      ] GC(789)   Merge Heap Roots: 0.48ms
[5455.822s][info][gc,phases      ] GC(789)   Evacuate Collection Set: 147.78ms
[5455.822s][info][gc,phases      ] GC(789)   Post Evacuate Collection Set: 0.99ms
[5455.822s][info][gc,phases      ] GC(789)   Other: 0.06ms
[5455.822s][info][gc,heap        ] GC(789) Eden regions: 572->0(571)
[5455.822s][info][gc,heap        ] GC(789) Survivor regions: 42->43(77)
[5455.822s][info][gc,heap        ] GC(789) Old regions: 222->229
[5455.822s][info][gc,heap        ] GC(789) Humongous regions: 33->33
[5455.822s][info][gc,metaspace   ] GC(789) Metaspace: 29939K(30400K)->29939K(30400K) NonClass: 24531K(24768K)->24531K(24768K) Class: 5408K(5632K)->5408K(5632K)
[5455.822s][info][gc             ] GC(789) Pause Young (Normal) (G1 Evacuation Pause) 6936M->2423M(8192M) 149.708ms
[5455.822s][info][gc,cpu         ] GC(789) User=1.18s Sys=0.00s Real=0.15s
....[5459.767s][info][gc,start       ] GC(790) Pause Young (Normal) (G1 Evacuation Pause)
[5459.767s][info][gc,task        ] GC(790) Using 8 workers of 8 for evacuation
[5459.915s][info][gc,phases      ] GC(790)   Pre Evacuate Collection Set: 0.24ms
[5459.915s][info][gc,phases      ] GC(790)   Merge Heap Roots: 0.53ms
[5459.915s][info][gc,phases      ] GC(790)   Evacuate Collection Set: 146.77ms
[5459.915s][info][gc,phases      ] GC(790)   Post Evacuate Collection Set: 1.01ms
[5459.915s][info][gc,phases      ] GC(790)   Other: 0.07ms
[5459.915s][info][gc,heap        ] GC(790) Eden regions: 571->0(571)
[5459.915s][info][gc,heap        ] GC(790) Survivor regions: 43->43(77)
[5459.915s][info][gc,heap        ] GC(790) Old regions: 229->236
[5459.915s][info][gc,heap        ] GC(790) Humongous regions: 33->33
[5459.915s][info][gc,metaspace   ] GC(790) Metaspace: 29939K(30400K)->29939K(30400K) NonClass: 24531K(24768K)->24531K(24768K) Class: 5408K(5632K)->5408K(5632K)
[5459.915s][info][gc             ] GC(790) Pause Young (Normal) (G1 Evacuation Pause) 6991M->2476M(8192M) 148.760ms
[5459.915s][info][gc,cpu         ] GC(790) User=1.17s Sys=0.00s Real=0.15s
....[5463.756s][info][gc,start       ] GC(791) Pause Young (Normal) (G1 Evacuation Pause)
[5463.756s][info][gc,task        ] GC(791) Using 8 workers of 8 for evacuation
[5463.905s][info][gc,phases      ] GC(791)   Pre Evacuate Collection Set: 0.26ms
[5463.905s][info][gc,phases      ] GC(791)   Merge Heap Roots: 0.54ms
[5463.905s][info][gc,phases      ] GC(791)   Evacuate Collection Set: 147.21ms
[5463.905s][info][gc,phases      ] GC(791)   Post Evacuate Collection Set: 1.01ms
[5463.905s][info][gc,phases      ] GC(791)   Other: 0.07ms
[5463.905s][info][gc,heap        ] GC(791) Eden regions: 571->0(571)
[5463.905s][info][gc,heap        ] GC(791) Survivor regions: 43->43(77)
[5463.905s][info][gc,heap        ] GC(791) Old regions: 236->243
[5463.905s][info][gc,heap        ] GC(791) Humongous regions: 33->33
[5463.906s][info][gc,metaspace   ] GC(791) Metaspace: 29939K(30400K)->29939K(30400K) NonClass: 24531K(24768K)->24531K(24768K) Class: 5408K(5632K)->5408K(5632K)
[5463.906s][info][gc             ] GC(791) Pause Young (Normal) (G1 Evacuation Pause) 7044M->2538M(8192M) 149.219ms
[5463.906s][info][gc,cpu         ] GC(791) User=1.18s Sys=0.01s Real=0.15s
....[5467.645s][info][gc,start       ] GC(792) Pause Young (Normal) (G1 Evacuation Pause)
[5467.645s][info][gc,task        ] GC(792) Using 8 workers of 8 for evacuation
[5467.794s][info][gc,phases      ] GC(792)   Pre Evacuate Collection Set: 0.24ms
[5467.795s][info][gc,phases      ] GC(792)   Merge Heap Roots: 0.51ms
[5467.795s][info][gc,phases      ] GC(792)   Evacuate Collection Set: 148.03ms
[5467.795s][info][gc,phases      ] GC(792)   Post Evacuate Collection Set: 1.02ms
[5467.795s][info][gc,phases      ] GC(792)   Other: 0.06ms
[5467.795s][info][gc,heap        ] GC(792) Eden regions: 571->0(571)
[5467.795s][info][gc,heap        ] GC(792) Survivor regions: 43->43(77)
[5467.795s][info][gc,heap        ] GC(792) Old regions: 243->250
[5467.795s][info][gc,heap        ] GC(792) Humongous regions: 33->33
[5467.795s][info][gc,metaspace   ] GC(792) Metaspace: 29939K(30400K)->29939K(30400K) NonClass: 24531K(24768K)->24531K(24768K) Class: 5408K(5632K)->5408K(5632K)
[5467.795s][info][gc             ] GC(792) Pause Young (Normal) (G1 Evacuation Pause) 7106M->2594M(8192M) 150.002ms
[5467.795s][info][gc,cpu         ] GC(792) User=1.19s Sys=0.00s Real=0.15s
....[5471.569s][info][gc,start       ] GC(793) Pause Young (Normal) (G1 Evacuation Pause)
[5471.569s][info][gc,task        ] GC(793) Using 8 workers of 8 for evacuation
[5471.717s][info][gc,phases      ] GC(793)   Pre Evacuate Collection Set: 0.23ms
[5471.717s][info][gc,phases      ] GC(793)   Merge Heap Roots: 0.54ms
[5471.717s][info][gc,phases      ] GC(793)   Evacuate Collection Set: 145.79ms
[5471.717s][info][gc,phases      ] GC(793)   Post Evacuate Collection Set: 1.03ms
[5471.717s][info][gc,phases      ] GC(793)   Other: 0.06ms
[5471.717s][info][gc,heap        ] GC(793) Eden regions: 571->0(571)
[5471.717s][info][gc,heap        ] GC(793) Survivor regions: 43->43(77)
[5471.717s][info][gc,heap        ] GC(793) Old regions: 250->257
[5471.717s][info][gc,heap        ] GC(793) Humongous regions: 33->33
[5471.717s][info][gc,metaspace   ] GC(793) Metaspace: 29939K(30400K)->29939K(30400K) NonClass: 24531K(24768K)->24531K(24768K) Class: 5408K(5632K)->5408K(5632K)
[5471.717s][info][gc             ] GC(793) Pause Young (Normal) (G1 Evacuation Pause) 7162M->2650M(8192M) 147.787ms
[5471.717s][info][gc,cpu         ] GC(793) User=1.17s Sys=0.00s Real=0.15s
....[5475.474s][info][gc,start       ] GC(794) Pause Young (Normal) (G1 Evacuation Pause)
[5475.474s][info][gc,task        ] GC(794) Using 8 workers of 8 for evacuation
[5475.619s][info][gc,phases      ] GC(794)   Pre Evacuate Collection Set: 0.23ms
[5475.620s][info][gc,phases      ] GC(794)   Merge Heap Roots: 0.49ms
[5475.620s][info][gc,phases      ] GC(794)   Evacuate Collection Set: 143.64ms
[5475.620s][info][gc,phases      ] GC(794)   Post Evacuate Collection Set: 1.02ms
[5475.620s][info][gc,phases      ] GC(794)   Other: 0.06ms
[5475.620s][info][gc,heap        ] GC(794) Eden regions: 571->0(572)
[5475.620s][info][gc,heap        ] GC(794) Survivor regions: 43->42(77)
[5475.620s][info][gc,heap        ] GC(794) Old regions: 257->264
[5475.620s][info][gc,heap        ] GC(794) Humongous regions: 33->33
[5475.620s][info][gc,metaspace   ] GC(794) Metaspace: 29939K(30400K)->29939K(30400K) NonClass: 24531K(24768K)->24531K(24768K) Class: 5408K(5632K)->5408K(5632K)
[5475.620s][info][gc             ] GC(794) Pause Young (Normal) (G1 Evacuation Pause) 7218M->2695M(8192M) 145.582ms
[5475.620s][info][gc,cpu         ] GC(794) User=1.15s Sys=0.00s Real=0.15s
....[5479.477s][info][gc,start       ] GC(795) Pause Young (Normal) (G1 Evacuation Pause)
[5479.477s][info][gc,task        ] GC(795) Using 8 workers of 8 for evacuation
[5479.629s][info][gc,phases      ] GC(795)   Pre Evacuate Collection Set: 0.23ms
[5479.629s][info][gc,phases      ] GC(795)   Merge Heap Roots: 0.53ms
[5479.629s][info][gc,phases      ] GC(795)   Evacuate Collection Set: 150.28ms
[5479.629s][info][gc,phases      ] GC(795)   Post Evacuate Collection Set: 1.02ms
[5479.629s][info][gc,phases      ] GC(795)   Other: 0.07ms
[5479.629s][info][gc,heap        ] GC(795) Eden regions: 572->0(570)
[5479.629s][info][gc,heap        ] GC(795) Survivor regions: 42->44(77)
[5479.629s][info][gc,heap        ] GC(795) Old regions: 264->271
[5479.629s][info][gc,heap        ] GC(795) Humongous regions: 33->33
[5479.629s][info][gc,metaspace   ] GC(795) Metaspace: 29939K(30400K)->29939K(30400K) NonClass: 24531K(24768K)->24531K(24768K) Class: 5408K(5632K)->5408K(5632K)
[5479.629s][info][gc             ] GC(795) Pause Young (Normal) (G1 Evacuation Pause) 7271M->2767M(8192M) 152.262ms
[5479.629s][info][gc,cpu         ] GC(795) User=1.21s Sys=0.00s Real=0.15s
....[5483.494s][info][gc,start       ] GC(796) Pause Young (Normal) (G1 Evacuation Pause)
[5483.494s][info][gc,task        ] GC(796) Using 8 workers of 8 for evacuation
[5483.643s][info][gc,phases      ] GC(796)   Pre Evacuate Collection Set: 0.23ms
[5483.643s][info][gc,phases      ] GC(796)   Merge Heap Roots: 0.54ms
[5483.643s][info][gc,phases      ] GC(796)   Evacuate Collection Set: 147.31ms
[5483.643s][info][gc,phases      ] GC(796)   Post Evacuate Collection Set: 1.02ms
[5483.643s][info][gc,phases      ] GC(796)   Other: 0.07ms
[5483.643s][info][gc,heap        ] GC(796) Eden regions: 570->0(572)
[5483.643s][info][gc,heap        ] GC(796) Survivor regions: 44->42(77)
[5483.643s][info][gc,heap        ] GC(796) Old regions: 271->279
[5483.643s][info][gc,heap        ] GC(796) Humongous regions: 33->33
[5483.643s][info][gc,metaspace   ] GC(796) Metaspace: 29939K(30400K)->29939K(30400K) NonClass: 24531K(24768K)->24531K(24768K) Class: 5408K(5632K)->5408K(5632K)
[5483.643s][info][gc             ] GC(796) Pause Young (Normal) (G1 Evacuation Pause) 7327M->2812M(8192M) 149.292ms
[5483.643s][info][gc,cpu         ] GC(796) User=1.18s Sys=0.00s Real=0.15s
....[5487.601s][info][gc,start       ] GC(797) Pause Young (Normal) (G1 Evacuation Pause)
[5487.601s][info][gc,task        ] GC(797) Using 8 workers of 8 for evacuation
[5487.749s][info][gc,phases      ] GC(797)   Pre Evacuate Collection Set: 0.23ms
[5487.749s][info][gc,phases      ] GC(797)   Merge Heap Roots: 0.54ms
[5487.749s][info][gc,phases      ] GC(797)   Evacuate Collection Set: 145.77ms
[5487.749s][info][gc,phases      ] GC(797)   Post Evacuate Collection Set: 1.37ms
[5487.749s][info][gc,phases      ] GC(797)   Other: 0.07ms
[5487.749s][info][gc,heap        ] GC(797) Eden regions: 572->0(567)
[5487.749s][info][gc,heap        ] GC(797) Survivor regions: 42->43(77)
[5487.749s][info][gc,heap        ] GC(797) Old regions: 279->286
[5487.749s][info][gc,heap        ] GC(797) Humongous regions: 33->33
[5487.749s][info][gc,metaspace   ] GC(797) Metaspace: 29939K(30400K)->29939K(30400K) NonClass: 24531K(24768K)->24531K(24768K) Class: 5408K(5632K)->5408K(5632K)
[5487.749s][info][gc             ] GC(797) Pause Young (Normal) (G1 Evacuation Pause) 7388M->2874M(8192M) 148.114ms
[5487.749s][info][gc,cpu         ] GC(797) User=1.17s Sys=0.00s Real=0.15s
....[5491.507s][info][gc,start       ] GC(798) Pause Young (Normal) (G1 Evacuation Pause)
[5491.507s][info][gc,task        ] GC(798) Using 8 workers of 8 for evacuation
[5491.652s][info][gc,phases      ] GC(798)   Pre Evacuate Collection Set: 0.25ms
[5491.652s][info][gc,phases      ] GC(798)   Merge Heap Roots: 0.50ms
[5491.652s][info][gc,phases      ] GC(798)   Evacuate Collection Set: 143.39ms
[5491.652s][info][gc,phases      ] GC(798)   Post Evacuate Collection Set: 0.99ms
[5491.652s][info][gc,phases      ] GC(798)   Other: 0.06ms
[5491.652s][info][gc,heap        ] GC(798) Eden regions: 567->0(564)
[5491.652s][info][gc,heap        ] GC(798) Survivor regions: 43->41(77)
[5491.652s][info][gc,heap        ] GC(798) Old regions: 286->293
[5491.652s][info][gc,heap        ] GC(798) Humongous regions: 33->33
[5491.652s][info][gc,metaspace   ] GC(798) Metaspace: 29939K(30400K)->29939K(30400K) NonClass: 24531K(24768K)->24531K(24768K) Class: 5408K(5632K)->5408K(5632K)
[5491.652s][info][gc             ] GC(798) Pause Young (Normal) (G1 Evacuation Pause) 7410M->2916M(8192M) 145.328ms
[5491.652s][info][gc,cpu         ] GC(798) User=1.15s Sys=0.00s Real=0.14s
....[5495.378s][info][gc,start       ] GC(799) Pause Young (Normal) (G1 Evacuation Pause)
[5495.378s][info][gc,task        ] GC(799) Using 8 workers of 8 for evacuation
[5495.532s][info][gc,phases      ] GC(799)   Pre Evacuate Collection Set: 0.25ms
[5495.532s][info][gc,phases      ] GC(799)   Merge Heap Roots: 0.52ms
[5495.532s][info][gc,phases      ] GC(799)   Evacuate Collection Set: 151.94ms
[5495.532s][info][gc,phases      ] GC(799)   Post Evacuate Collection Set: 1.01ms
[5495.532s][info][gc,phases      ] GC(799)   Other: 0.06ms
[5495.532s][info][gc,heap        ] GC(799) Eden regions: 564->0(551)
[5495.532s][info][gc,heap        ] GC(799) Survivor regions: 41->44(76)
[5495.532s][info][gc,heap        ] GC(799) Old regions: 293->300
[5495.532s][info][gc,heap        ] GC(799) Humongous regions: 33->33
[5495.532s][info][gc,metaspace   ] GC(799) Metaspace: 29939K(30400K)->29939K(30400K) NonClass: 24531K(24768K)->24531K(24768K) Class: 5408K(5632K)->5408K(5632K)
[5495.532s][info][gc             ] GC(799) Pause Young (Normal) (G1 Evacuation Pause) 7428M->3003M(8192M) 153.912ms
[5495.532s][info][gc,cpu         ] GC(799) User=1.22s Sys=0.00s Real=0.15s
....[5499.272s][info][gc,start       ] GC(800) Pause Young (Normal) (G1 Evacuation Pause)
[5499.272s][info][gc,task        ] GC(800) Using 8 workers of 8 for evacuation
[5499.425s][info][gc,phases      ] GC(800)   Pre Evacuate Collection Set: 0.27ms
[5499.425s][info][gc,phases      ] GC(800)   Merge Heap Roots: 0.53ms
[5499.425s][info][gc,phases      ] GC(800)   Evacuate Collection Set: 151.27ms
[5499.425s][info][gc,phases      ] GC(800)   Post Evacuate Collection Set: 0.99ms
[5499.425s][info][gc,phases      ] GC(800)   Other: 0.06ms
[5499.425s][info][gc,heap        ] GC(800) Eden regions: 551->0(543)
[5499.425s][info][gc,heap        ] GC(800) Survivor regions: 44->44(75)
[5499.425s][info][gc,heap        ] GC(800) Old regions: 300->308
[5499.425s][info][gc,heap        ] GC(800) Humongous regions: 33->33
[5499.425s][info][gc,metaspace   ] GC(800) Metaspace: 29939K(30400K)->29939K(30400K) NonClass: 24531K(24768K)->24531K(24768K) Class: 5408K(5632K)->5408K(5632K)
[5499.425s][info][gc             ] GC(800) Pause Young (Normal) (G1 Evacuation Pause) 7411M->3058M(8192M) 153.262ms
[5499.425s][info][gc,cpu         ] GC(800) User=1.22s Sys=0.00s Real=0.16s
...[5503.011s][info][gc,start       ] GC(801) Pause Young (Concurrent Start) (G1 Evacuation Pause)
[5503.011s][info][gc,task        ] GC(801) Using 8 workers of 8 for evacuation
[5503.162s][info][gc,phases      ] GC(801)   Pre Evacuate Collection Set: 0.30ms
[5503.163s][info][gc,phases      ] GC(801)   Merge Heap Roots: 0.51ms
[5503.163s][info][gc,phases      ] GC(801)   Evacuate Collection Set: 149.49ms
[5503.163s][info][gc,phases      ] GC(801)   Post Evacuate Collection Set: 0.98ms
[5503.163s][info][gc,phases      ] GC(801)   Other: 0.09ms
[5503.163s][info][gc,heap        ] GC(801) Eden regions: 543->0(538)
[5503.163s][info][gc,heap        ] GC(801) Survivor regions: 44->43(74)
[5503.163s][info][gc,heap        ] GC(801) Old regions: 308->315
[5503.163s][info][gc,heap        ] GC(801) Humongous regions: 33->33
[5503.163s][info][gc,metaspace   ] GC(801) Metaspace: 29939K(30400K)->29939K(30400K) NonClass: 24531K(24768K)->24531K(24768K) Class: 5408K(5632K)->5408K(5632K)
[5503.163s][info][gc             ] GC(801) Pause Young (Concurrent Start) (G1 Evacuation Pause) 7402M->3111M(8192M) 152.299ms
[5503.163s][info][gc             ] GC(802) Concurrent Mark Cycle
[5503.163s][info][gc,marking     ] GC(802) Concurrent Scan Root Regions
[5503.163s][info][gc,cpu         ] GC(801) User=1.20s Sys=0.00s Real=0.15s
.[5503.476s][info][gc,marking     ] GC(802) Concurrent Scan Root Regions 313.150ms
[5503.477s][info][gc,marking     ] GC(802) Concurrent Mark
[5503.477s][info][gc,marking     ] GC(802) Concurrent Mark From Roots
[5503.477s][info][gc,task        ] GC(802) Using 2 workers of 2 for marking
.[5504.593s][info][gc,marking     ] GC(802) Concurrent Mark From Roots 1116.712ms
[5504.593s][info][gc,marking     ] GC(802) Concurrent Preclean
[5504.594s][info][gc,marking     ] GC(802) Concurrent Preclean 0.119ms
[5504.594s][info][gc,start       ] GC(802) Pause Remark
[5504.595s][info][gc             ] GC(802) Pause Remark 4640M->4096M(8192M) 1.295ms
[5504.595s][info][gc,cpu         ] GC(802) User=0.00s Sys=0.00s Real=0.01s
[5504.595s][info][gc,marking     ] GC(802) Concurrent Mark 1118.454ms
[5504.595s][info][gc,marking     ] GC(802) Concurrent Rebuild Remembered Sets and Scrub Regions
.[5505.452s][info][gc,marking     ] GC(802) Concurrent Rebuild Remembered Sets and Scrub Regions 856.937ms
[5505.452s][info][gc,start       ] GC(802) Pause Cleanup
[5505.452s][info][gc             ] GC(802) Pause Cleanup 5233M->5233M(8192M) 0.292ms
[5505.453s][info][gc,cpu         ] GC(802) User=0.00s Sys=0.00s Real=0.00s
[5505.453s][info][gc,marking     ] GC(802) Concurrent Clear Claimed Marks
[5505.453s][info][gc,marking     ] GC(802) Concurrent Clear Claimed Marks 0.046ms
[5505.453s][info][gc,marking     ] GC(802) Concurrent Cleanup for Next Mark
[5505.463s][info][gc,marking     ] GC(802) Concurrent Cleanup for Next Mark 10.434ms
[5505.463s][info][gc             ] GC(802) Concurrent Mark Cycle 2299.805ms
.[5506.706s][info][gc,start       ] GC(803) Pause Young (Prepare Mixed) (G1 Evacuation Pause)
[5506.706s][info][gc,task        ] GC(803) Using 8 workers of 8 for evacuation
[5506.859s][info][gc,phases      ] GC(803)   Pre Evacuate Collection Set: 0.24ms
[5506.859s][info][gc,phases      ] GC(803)   Merge Heap Roots: 0.68ms
[5506.859s][info][gc,phases      ] GC(803)   Evacuate Collection Set: 151.07ms
[5506.859s][info][gc,phases      ] GC(803)   Post Evacuate Collection Set: 1.09ms
[5506.859s][info][gc,phases      ] GC(803)   Other: 0.07ms
[5506.859s][info][gc,heap        ] GC(803) Eden regions: 538->0(571)
[5506.859s][info][gc,heap        ] GC(803) Survivor regions: 43->43(73)
[5506.859s][info][gc,heap        ] GC(803) Old regions: 247->255
[5506.859s][info][gc,heap        ] GC(803) Humongous regions: 33->33
[5506.859s][info][gc,metaspace   ] GC(803) Metaspace: 29939K(30400K)->29939K(30400K) NonClass: 24531K(24768K)->24531K(24768K) Class: 5408K(5632K)->5408K(5632K)
[5506.859s][info][gc             ] GC(803) Pause Young (Prepare Mixed) (G1 Evacuation Pause) 6871M->2631M(8192M) 153.291ms
[5506.860s][info][gc,cpu         ] GC(803) User=1.21s Sys=0.01s Real=0.15s
....[5510.701s][info][gc,start       ] GC(804) Pause Young (Mixed) (G1 Evacuation Pause)
[5510.701s][info][gc,task        ] GC(804) Using 8 workers of 8 for evacuation
[5510.858s][info][gc,phases      ] GC(804)   Pre Evacuate Collection Set: 0.28ms
[5510.859s][info][gc,phases      ] GC(804)   Merge Heap Roots: 0.82ms
[5510.859s][info][gc,phases      ] GC(804)   Evacuate Collection Set: 155.28ms
[5510.859s][info][gc,phases      ] GC(804)   Post Evacuate Collection Set: 1.29ms
[5510.859s][info][gc,phases      ] GC(804)   Other: 0.08ms
[5510.859s][info][gc,heap        ] GC(804) Eden regions: 571->0(571)
[5510.859s][info][gc,heap        ] GC(804) Survivor regions: 43->43(77)
[5510.859s][info][gc,heap        ] GC(804) Old regions: 255->160
[5510.859s][info][gc,heap        ] GC(804) Humongous regions: 33->33
[5510.859s][info][gc,metaspace   ] GC(804) Metaspace: 29939K(30400K)->29939K(30400K) NonClass: 24531K(24768K)->24531K(24768K) Class: 5408K(5632K)->5408K(5632K)
[5510.859s][info][gc             ] GC(804) Pause Young (Mixed) (G1 Evacuation Pause) 7199M->1874M(8192M) 157.889ms
[5510.859s][info][gc,cpu         ] GC(804) User=1.25s Sys=0.00s Real=0.16s
... (rIR:aIR:PR = 9663:9632:9634) (tPR = 141329) [OK] 
  5513s: Performance info:
         Transaction,    Success,    Partial,     Failed,   Receipts, AvgBarcode, 
             Overall,     578459,          0,          0,     549382,      59.48, 
         Response times:
             Request,    Success,    Partial,     Failed,   SkipFail,     Probes,    Samples,      min,      p50,      p90,      p95,      p99,      max, 
       TotalPurchase,     549373,          0,          0,          0,     358065,     474971,      300,     7400,    45000,    85000,   139000,  2400000,
     InStorePurchase,     290850,          0,          0,          0,     188903,     250293,      300,     7300,    44000,    85000,   139000,  2400000,
      OnlinePurchase,     200903,          0,          0,          0,     131327,     174098,      300,     7500,    45000,    86000,   140010,  2400000,
        InstPurchase,      57620,          0,          0,          0,      37835,      50580,      400,     7700,    45000,    85950,   138190,  2400000,
          AssocOfCat,        580,          0,          0,          0,        479,        751,    31000,    56000,   125000,   163000,   207480,   242000,
      AssocOfProduct,       5799,          0,          0,          0,       4262,       5927,      600,     7400,    44000,    79000,   139000,   910000,
      BusinessReport,       1450,          0,          0,          0,       1300,       1849,    33000,    61000,   136000,   178500,   230500,   330000,
          CustBuyBeh,       5792,          0,          0,          0,       4279,       5988,      700,     6700,    48000,    90000,   142000,   730000,
       ProductReturn,      15394,          0,          0,          0,      10041,      13699,      200,     7300,    42000,    84000,   132000,  2400000,

  5513s: (69%)   IR =   9805 .[5514.762s][info][gc,start       ] GC(805) Pause Young (Mixed) (G1 Evacuation Pause)
[5514.762s][info][gc,task        ] GC(805) Using 8 workers of 8 for evacuation
[5514.922s][info][gc,phases      ] GC(805)   Pre Evacuate Collection Set: 0.25ms
[5514.922s][info][gc,phases      ] GC(805)   Merge Heap Roots: 0.79ms
[5514.922s][info][gc,phases      ] GC(805)   Evacuate Collection Set: 158.22ms
[5514.922s][info][gc,phases      ] GC(805)   Post Evacuate Collection Set: 1.05ms
[5514.922s][info][gc,phases      ] GC(805)   Other: 0.06ms
[5514.922s][info][gc,heap        ] GC(805) Eden regions: 571->0(570)
[5514.922s][info][gc,heap        ] GC(805) Survivor regions: 43->44(77)
[5514.922s][info][gc,heap        ] GC(805) Old regions: 160->144
[5514.922s][info][gc,heap        ] GC(805) Humongous regions: 33->33
[5514.922s][info][gc,metaspace   ] GC(805) Metaspace: 29939K(30400K)->29939K(30400K) NonClass: 24531K(24768K)->24531K(24768K) Class: 5408K(5632K)->5408K(5632K)
[5514.922s][info][gc             ] GC(805) Pause Young (Mixed) (G1 Evacuation Pause) 6442M->1750M(8192M) 160.496ms
[5514.922s][info][gc,cpu         ] GC(805) User=1.27s Sys=0.00s Real=0.16s
....[5518.686s][info][gc,start       ] GC(806) Pause Young (Normal) (G1 Evacuation Pause)
[5518.686s][info][gc,task        ] GC(806) Using 8 workers of 8 for evacuation
[5518.842s][info][gc,phases      ] GC(806)   Pre Evacuate Collection Set: 0.24ms
[5518.842s][info][gc,phases      ] GC(806)   Merge Heap Roots: 0.52ms
[5518.842s][info][gc,phases      ] GC(806)   Evacuate Collection Set: 154.07ms
[5518.842s][info][gc,phases      ] GC(806)   Post Evacuate Collection Set: 1.04ms
[5518.842s][info][gc,phases      ] GC(806)   Other: 0.06ms
[5518.842s][info][gc,heap        ] GC(806) Eden regions: 570->0(570)
[5518.842s][info][gc,heap        ] GC(806) Survivor regions: 44->44(77)
[5518.842s][info][gc,heap        ] GC(806) Old regions: 144->151
[5518.842s][info][gc,heap        ] GC(806) Humongous regions: 33->33
[5518.842s][info][gc,metaspace   ] GC(806) Metaspace: 29939K(30400K)->29939K(30400K) NonClass: 24531K(24768K)->24531K(24768K) Class: 5408K(5632K)->5408K(5632K)
[5518.842s][info][gc             ] GC(806) Pause Young (Normal) (G1 Evacuation Pause) 6310M->1808M(8192M) 156.056ms
[5518.842s][info][gc,cpu         ] GC(806) User=1.23s Sys=0.00s Real=0.15s
....|[5522.545s][info][gc,start       ] GC(807) Pause Young (Normal) (G1 Evacuation Pause)
[5522.545s][info][gc,task        ] GC(807) Using 8 workers of 8 for evacuation
[5522.694s][info][gc,phases      ] GC(807)   Pre Evacuate Collection Set: 0.26ms
[5522.694s][info][gc,phases      ] GC(807)   Merge Heap Roots: 0.48ms
[5522.694s][info][gc,phases      ] GC(807)   Evacuate Collection Set: 146.65ms
[5522.694s][info][gc,phases      ] GC(807)   Post Evacuate Collection Set: 1.00ms
[5522.694s][info][gc,phases      ] GC(807)   Other: 0.08ms
[5522.694s][info][gc,heap        ] GC(807) Eden regions: 570->0(572)
[5522.694s][info][gc,heap        ] GC(807) Survivor regions: 44->42(77)
[5522.694s][info][gc,heap        ] GC(807) Old regions: 151->158
[5522.694s][info][gc,heap        ] GC(807) Humongous regions: 33->33
[5522.694s][info][gc,metaspace   ] GC(807) Metaspace: 29939K(30400K)->29939K(30400K) NonClass: 24531K(24768K)->24531K(24768K) Class: 5408K(5632K)->5408K(5632K)
[5522.694s][info][gc             ] GC(807) Pause Young (Normal) (G1 Evacuation Pause) 6368M->1850M(8192M) 148.597ms
[5522.694s][info][gc,cpu         ] GC(807) User=1.17s Sys=0.00s Real=0.14s
....[5526.441s][info][gc,start       ] GC(808) Pause Young (Normal) (G1 Evacuation Pause)
[5526.441s][info][gc,task        ] GC(808) Using 8 workers of 8 for evacuation
[5526.590s][info][gc,phases      ] GC(808)   Pre Evacuate Collection Set: 0.23ms
[5526.590s][info][gc,phases      ] GC(808)   Merge Heap Roots: 0.53ms
[5526.590s][info][gc,phases      ] GC(808)   Evacuate Collection Set: 147.69ms
[5526.590s][info][gc,phases      ] GC(808)   Post Evacuate Collection Set: 1.00ms
[5526.590s][info][gc,phases      ] GC(808)   Other: 0.06ms
[5526.590s][info][gc,heap        ] GC(808) Eden regions: 572->0(571)
[5526.590s][info][gc,heap        ] GC(808) Survivor regions: 42->43(77)
[5526.590s][info][gc,heap        ] GC(808) Old regions: 158->165
[5526.590s][info][gc,heap        ] GC(808) Humongous regions: 33->33
[5526.590s][info][gc,metaspace   ] GC(808) Metaspace: 29939K(30400K)->29939K(30400K) NonClass: 24531K(24768K)->24531K(24768K) Class: 5408K(5632K)->5408K(5632K)
[5526.590s][info][gc             ] GC(808) Pause Young (Normal) (G1 Evacuation Pause) 6426M->1914M(8192M) 149.634ms
[5526.590s][info][gc,cpu         ] GC(808) User=1.18s Sys=0.00s Real=0.15s
....[5530.339s][info][gc,start       ] GC(809) Pause Young (Normal) (G1 Evacuation Pause)
[5530.339s][info][gc,task        ] GC(809) Using 8 workers of 8 for evacuation
[5530.494s][info][gc,phases      ] GC(809)   Pre Evacuate Collection Set: 0.22ms
[5530.494s][info][gc,phases      ] GC(809)   Merge Heap Roots: 0.52ms
[5530.494s][info][gc,phases      ] GC(809)   Evacuate Collection Set: 153.77ms
[5530.494s][info][gc,phases      ] GC(809)   Post Evacuate Collection Set: 0.98ms
[5530.494s][info][gc,phases      ] GC(809)   Other: 0.06ms
[5530.494s][info][gc,heap        ] GC(809) Eden regions: 571->0(570)
[5530.494s][info][gc,heap        ] GC(809) Survivor regions: 43->44(77)
[5530.494s][info][gc,heap        ] GC(809) Old regions: 165->172
[5530.494s][info][gc,heap        ] GC(809) Humongous regions: 33->33
[5530.494s][info][gc,metaspace   ] GC(809) Metaspace: 29939K(30400K)->29939K(30400K) NonClass: 24531K(24768K)->24531K(24768K) Class: 5408K(5632K)->5408K(5632K)
[5530.494s][info][gc             ] GC(809) Pause Young (Normal) (G1 Evacuation Pause) 6482M->1979M(8192M) 155.697ms
[5530.494s][info][gc,cpu         ] GC(809) User=1.23s Sys=0.00s Real=0.15s
...[5534.216s][info][gc,start       ] GC(810) Pause Young (Normal) (G1 Evacuation Pause)
[5534.216s][info][gc,task        ] GC(810) Using 8 workers of 8 for evacuation
[5534.369s][info][gc,phases      ] GC(810)   Pre Evacuate Collection Set: 0.22ms
[5534.369s][info][gc,phases      ] GC(810)   Merge Heap Roots: 0.51ms
[5534.369s][info][gc,phases      ] GC(810)   Evacuate Collection Set: 151.26ms
[5534.369s][info][gc,phases      ] GC(810)   Post Evacuate Collection Set: 1.02ms
[5534.369s][info][gc,phases      ] GC(810)   Other: 0.07ms
[5534.369s][info][gc,heap        ] GC(810) Eden regions: 570->0(570)
[5534.369s][info][gc,heap        ] GC(810) Survivor regions: 44->44(77)
[5534.369s][info][gc,heap        ] GC(810) Old regions: 172->180
[5534.369s][info][gc,heap        ] GC(810) Humongous regions: 33->33
[5534.369s][info][gc,metaspace   ] GC(810) Metaspace: 29939K(30400K)->29939K(30400K) NonClass: 24531K(24768K)->24531K(24768K) Class: 5408K(5632K)->5408K(5632K)
[5534.369s][info][gc             ] GC(810) Pause Young (Normal) (G1 Evacuation Pause) 6539M->2038M(8192M) 153.212ms
[5534.369s][info][gc,cpu         ] GC(810) User=1.21s Sys=0.00s Real=0.15s
....[5538.102s][info][gc,start       ] GC(811) Pause Young (Normal) (G1 Evacuation Pause)
[5538.102s][info][gc,task        ] GC(811) Using 8 workers of 8 for evacuation
[5538.258s][info][gc,phases      ] GC(811)   Pre Evacuate Collection Set: 0.26ms
[5538.258s][info][gc,phases      ] GC(811)   Merge Heap Roots: 0.61ms
[5538.258s][info][gc,phases      ] GC(811)   Evacuate Collection Set: 153.96ms
[5538.258s][info][gc,phases      ] GC(811)   Post Evacuate Collection Set: 1.02ms
[5538.258s][info][gc,phases      ] GC(811)   Other: 0.07ms
[5538.258s][info][gc,heap        ] GC(811) Eden regions: 570->0(569)
[5538.258s][info][gc,heap        ] GC(811) Survivor regions: 44->45(77)
[5538.258s][info][gc,heap        ] GC(811) Old regions: 180->187
[5538.258s][info][gc,heap        ] GC(811) Humongous regions: 33->33
[5538.258s][info][gc,metaspace   ] GC(811) Metaspace: 29939K(30400K)->29939K(30400K) NonClass: 24531K(24768K)->24531K(24768K) Class: 5408K(5632K)->5408K(5632K)
[5538.258s][info][gc             ] GC(811) Pause Young (Normal) (G1 Evacuation Pause) 6598M->2100M(8192M) 156.061ms
[5538.258s][info][gc,cpu         ] GC(811) User=1.23s Sys=0.00s Real=0.16s
....[5541.849s][info][gc,start       ] GC(812) Pause Young (Normal) (G1 Evacuation Pause)
[5541.849s][info][gc,task        ] GC(812) Using 8 workers of 8 for evacuation
[5542.000s][info][gc,phases      ] GC(812)   Pre Evacuate Collection Set: 0.27ms
[5542.000s][info][gc,phases      ] GC(812)   Merge Heap Roots: 0.53ms
[5542.000s][info][gc,phases      ] GC(812)   Evacuate Collection Set: 148.70ms
[5542.000s][info][gc,phases      ] GC(812)   Post Evacuate Collection Set: 0.98ms
[5542.000s][info][gc,phases      ] GC(812)   Other: 0.10ms
[5542.000s][info][gc,heap        ] GC(812) Eden regions: 569->0(570)
[5542.000s][info][gc,heap        ] GC(812) Survivor regions: 45->44(77)
[5542.000s][info][gc,heap        ] GC(812) Old regions: 187->194
[5542.000s][info][gc,heap        ] GC(812) Humongous regions: 33->33
[5542.000s][info][gc,metaspace   ] GC(812) Metaspace: 29939K(30400K)->29939K(30400K) NonClass: 24531K(24768K)->24531K(24768K) Class: 5408K(5632K)->5408K(5632K)
[5542.000s][info][gc             ] GC(812) Pause Young (Normal) (G1 Evacuation Pause) 6652M->2148M(8192M) 150.724ms
[5542.000s][info][gc,cpu         ] GC(812) User=1.19s Sys=0.00s Real=0.15s
....[5545.863s][info][gc,start       ] GC(813) Pause Young (Normal) (G1 Evacuation Pause)
[5545.863s][info][gc,task        ] GC(813) Using 8 workers of 8 for evacuation
[5546.013s][info][gc,phases      ] GC(813)   Pre Evacuate Collection Set: 0.25ms
[5546.013s][info][gc,phases      ] GC(813)   Merge Heap Roots: 0.50ms
[5546.013s][info][gc,phases      ] GC(813)   Evacuate Collection Set: 147.82ms
[5546.013s][info][gc,phases      ] GC(813)   Post Evacuate Collection Set: 1.01ms
[5546.013s][info][gc,phases      ] GC(813)   Other: 0.07ms
[5546.013s][info][gc,heap        ] GC(813) Eden regions: 570->0(570)
[5546.013s][info][gc,heap        ] GC(813) Survivor regions: 44->44(77)
[5546.013s][info][gc,heap        ] GC(813) Old regions: 194->201
[5546.013s][info][gc,heap        ] GC(813) Humongous regions: 33->33
[5546.013s][info][gc,metaspace   ] GC(813) Metaspace: 29939K(30400K)->29939K(30400K) NonClass: 24531K(24768K)->24531K(24768K) Class: 5408K(5632K)->5408K(5632K)
[5546.013s][info][gc             ] GC(813) Pause Young (Normal) (G1 Evacuation Pause) 6708M->2208M(8192M) 149.781ms
[5546.013s][info][gc,cpu         ] GC(813) User=1.18s Sys=0.00s Real=0.15s
....[5549.851s][info][gc,start       ] GC(814) Pause Young (Normal) (G1 Evacuation Pause)
[5549.851s][info][gc,task        ] GC(814) Using 8 workers of 8 for evacuation
[5550.002s][info][gc,phases      ] GC(814)   Pre Evacuate Collection Set: 0.25ms
[5550.002s][info][gc,phases      ] GC(814)   Merge Heap Roots: 0.52ms
[5550.002s][info][gc,phases      ] GC(814)   Evacuate Collection Set: 148.87ms
[5550.002s][info][gc,phases      ] GC(814)   Post Evacuate Collection Set: 1.04ms
[5550.002s][info][gc,phases      ] GC(814)   Other: 0.07ms
[5550.002s][info][gc,heap        ] GC(814) Eden regions: 570->0(570)
[5550.002s][info][gc,heap        ] GC(814) Survivor regions: 44->44(77)
[5550.002s][info][gc,heap        ] GC(814) Old regions: 201->208
[5550.002s][info][gc,heap        ] GC(814) Humongous regions: 33->33
[5550.002s][info][gc,metaspace   ] GC(814) Metaspace: 29939K(30400K)->29939K(30400K) NonClass: 24531K(24768K)->24531K(24768K) Class: 5408K(5632K)->5408K(5632K)
[5550.002s][info][gc             ] GC(814) Pause Young (Normal) (G1 Evacuation Pause) 6768M->2263M(8192M) 150.879ms
[5550.002s][info][gc,cpu         ] GC(814) User=1.20s Sys=0.00s Real=0.15s
....[5553.781s][info][gc,start       ] GC(815) Pause Young (Normal) (G1 Evacuation Pause)
[5553.781s][info][gc,task        ] GC(815) Using 8 workers of 8 for evacuation
[5553.930s][info][gc,phases      ] GC(815)   Pre Evacuate Collection Set: 0.23ms
[5553.930s][info][gc,phases      ] GC(815)   Merge Heap Roots: 0.50ms
[5553.930s][info][gc,phases      ] GC(815)   Evacuate Collection Set: 147.10ms
[5553.930s][info][gc,phases      ] GC(815)   Post Evacuate Collection Set: 1.00ms
[5553.930s][info][gc,phases      ] GC(815)   Other: 0.07ms
[5553.930s][info][gc,heap        ] GC(815) Eden regions: 570->0(571)
[5553.930s][info][gc,heap        ] GC(815) Survivor regions: 44->43(77)
[5553.930s][info][gc,heap        ] GC(815) Old regions: 208->215
[5553.930s][info][gc,heap        ] GC(815) Humongous regions: 33->33
[5553.930s][info][gc,metaspace   ] GC(815) Metaspace: 29939K(30400K)->29939K(30400K) NonClass: 24531K(24768K)->24531K(24768K) Class: 5408K(5632K)->5408K(5632K)
[5553.930s][info][gc             ] GC(815) Pause Young (Normal) (G1 Evacuation Pause) 6823M->2311M(8192M) 149.022ms
[5553.930s][info][gc,cpu         ] GC(815) User=1.18s Sys=0.00s Real=0.15s
....[5557.794s][info][gc,start       ] GC(816) Pause Young (Normal) (G1 Evacuation Pause)
[5557.794s][info][gc,task        ] GC(816) Using 8 workers of 8 for evacuation
[5557.942s][info][gc,phases      ] GC(816)   Pre Evacuate Collection Set: 0.25ms
[5557.942s][info][gc,phases      ] GC(816)   Merge Heap Roots: 0.51ms
[5557.942s][info][gc,phases      ] GC(816)   Evacuate Collection Set: 146.09ms
[5557.942s][info][gc,phases      ] GC(816)   Post Evacuate Collection Set: 0.97ms
[5557.942s][info][gc,phases      ] GC(816)   Other: 0.06ms
[5557.942s][info][gc,heap        ] GC(816) Eden regions: 571->0(571)
[5557.942s][info][gc,heap        ] GC(816) Survivor regions: 43->43(77)
[5557.942s][info][gc,heap        ] GC(816) Old regions: 215->222
[5557.942s][info][gc,heap        ] GC(816) Humongous regions: 33->33
[5557.942s][info][gc,metaspace   ] GC(816) Metaspace: 29939K(30400K)->29939K(30400K) NonClass: 24531K(24768K)->24531K(24768K) Class: 5408K(5632K)->5408K(5632K)
[5557.942s][info][gc             ] GC(816) Pause Young (Normal) (G1 Evacuation Pause) 6879M->2367M(8192M) 148.049ms
[5557.942s][info][gc,cpu         ] GC(816) User=1.17s Sys=0.00s Real=0.15s
....[5561.692s][info][gc,start       ] GC(817) Pause Young (Normal) (G1 Evacuation Pause)
[5561.692s][info][gc,task        ] GC(817) Using 8 workers of 8 for evacuation
[5561.843s][info][gc,phases      ] GC(817)   Pre Evacuate Collection Set: 0.26ms
[5561.843s][info][gc,phases      ] GC(817)   Merge Heap Roots: 0.50ms
[5561.843s][info][gc,phases      ] GC(817)   Evacuate Collection Set: 149.29ms
[5561.843s][info][gc,phases      ] GC(817)   Post Evacuate Collection Set: 1.00ms
[5561.843s][info][gc,phases      ] GC(817)   Other: 0.06ms
[5561.843s][info][gc,heap        ] GC(817) Eden regions: 571->0(570)
[5561.843s][info][gc,heap        ] GC(817) Survivor regions: 43->44(77)
[5561.843s][info][gc,heap        ] GC(817) Old regions: 222->229
[5561.843s][info][gc,heap        ] GC(817) Humongous regions: 33->33
[5561.843s][info][gc,metaspace   ] GC(817) Metaspace: 29939K(30400K)->29939K(30400K) NonClass: 24531K(24768K)->24531K(24768K) Class: 5408K(5632K)->5408K(5632K)
[5561.843s][info][gc             ] GC(817) Pause Young (Normal) (G1 Evacuation Pause) 6935M->2431M(8192M) 151.250ms
[5561.843s][info][gc,cpu         ] GC(817) User=1.19s Sys=0.00s Real=0.15s
....[5565.642s][info][gc,start       ] GC(818) Pause Young (Normal) (G1 Evacuation Pause)
[5565.642s][info][gc,task        ] GC(818) Using 8 workers of 8 for evacuation
[5565.789s][info][gc,phases      ] GC(818)   Pre Evacuate Collection Set: 0.24ms
[5565.789s][info][gc,phases      ] GC(818)   Merge Heap Roots: 0.52ms
[5565.789s][info][gc,phases      ] GC(818)   Evacuate Collection Set: 145.09ms
[5565.789s][info][gc,phases      ] GC(818)   Post Evacuate Collection Set: 1.01ms
[5565.789s][info][gc,phases      ] GC(818)   Other: 0.07ms
[5565.789s][info][gc,heap        ] GC(818) Eden regions: 570->0(573)
[5565.789s][info][gc,heap        ] GC(818) Survivor regions: 44->41(77)
[5565.789s][info][gc,heap        ] GC(818) Old regions: 229->236
[5565.789s][info][gc,heap        ] GC(818) Humongous regions: 33->33
[5565.789s][info][gc,metaspace   ] GC(818) Metaspace: 29939K(30400K)->29939K(30400K) NonClass: 24531K(24768K)->24531K(24768K) Class: 5408K(5632K)->5408K(5632K)
[5565.789s][info][gc             ] GC(818) Pause Young (Normal) (G1 Evacuation Pause) 6991M->2467M(8192M) 147.070ms
[5565.789s][info][gc,cpu         ] GC(818) User=1.17s Sys=0.00s Real=0.15s
...[5569.365s][info][gc,start       ] GC(819) Pause Young (Normal) (G1 Evacuation Pause)
[5569.365s][info][gc,task        ] GC(819) Using 8 workers of 8 for evacuation
[5569.515s][info][gc,phases      ] GC(819)   Pre Evacuate Collection Set: 0.26ms
[5569.515s][info][gc,phases      ] GC(819)   Merge Heap Roots: 0.54ms
[5569.515s][info][gc,phases      ] GC(819)   Evacuate Collection Set: 148.64ms
[5569.515s][info][gc,phases      ] GC(819)   Post Evacuate Collection Set: 1.02ms
[5569.515s][info][gc,phases      ] GC(819)   Other: 0.06ms
[5569.515s][info][gc,heap        ] GC(819) Eden regions: 573->0(570)
[5569.515s][info][gc,heap        ] GC(819) Survivor regions: 41->44(77)
[5569.515s][info][gc,heap        ] GC(819) Old regions: 236->243
[5569.515s][info][gc,heap        ] GC(819) Humongous regions: 33->33
[5569.515s][info][gc,metaspace   ] GC(819) Metaspace: 29939K(30400K)->29939K(30400K) NonClass: 24531K(24768K)->24531K(24768K) Class: 5408K(5632K)->5408K(5632K)
[5569.515s][info][gc             ] GC(819) Pause Young (Normal) (G1 Evacuation Pause) 7051M->2545M(8192M) 150.656ms
[5569.515s][info][gc,cpu         ] GC(819) User=1.20s Sys=0.00s Real=0.15s
....[5573.251s][info][gc,start       ] GC(820) Pause Young (Normal) (G1 Evacuation Pause)
[5573.251s][info][gc,task        ] GC(820) Using 8 workers of 8 for evacuation
[5573.403s][info][gc,phases      ] GC(820)   Pre Evacuate Collection Set: 0.24ms
[5573.403s][info][gc,phases      ] GC(820)   Merge Heap Roots: 0.53ms
[5573.403s][info][gc,phases      ] GC(820)   Evacuate Collection Set: 150.10ms
[5573.403s][info][gc,phases      ] GC(820)   Post Evacuate Collection Set: 0.98ms
[5573.403s][info][gc,phases      ] GC(820)   Other: 0.06ms
[5573.403s][info][gc,heap        ] GC(820) Eden regions: 570->0(570)
[5573.403s][info][gc,heap        ] GC(820) Survivor regions: 44->44(77)
[5573.403s][info][gc,heap        ] GC(820) Old regions: 243->250
[5573.403s][info][gc,heap        ] GC(820) Humongous regions: 33->33
[5573.403s][info][gc,metaspace   ] GC(820) Metaspace: 29939K(30400K)->29939K(30400K) NonClass: 24531K(24768K)->24531K(24768K) Class: 5408K(5632K)->5408K(5632K)
[5573.403s][info][gc             ] GC(820) Pause Young (Normal) (G1 Evacuation Pause) 7105M->2601M(8192M) 152.061ms
[5573.403s][info][gc,cpu         ] GC(820) User=1.21s Sys=0.00s Real=0.15s
....[5577.237s][info][gc,start       ] GC(821) Pause Young (Normal) (G1 Evacuation Pause)
[5577.237s][info][gc,task        ] GC(821) Using 8 workers of 8 for evacuation
[5577.388s][info][gc,phases      ] GC(821)   Pre Evacuate Collection Set: 0.22ms
[5577.388s][info][gc,phases      ] GC(821)   Merge Heap Roots: 0.54ms
[5577.388s][info][gc,phases      ] GC(821)   Evacuate Collection Set: 149.54ms
[5577.388s][info][gc,phases      ] GC(821)   Post Evacuate Collection Set: 1.01ms
[5577.388s][info][gc,phases      ] GC(821)   Other: 0.06ms
[5577.388s][info][gc,heap        ] GC(821) Eden regions: 570->0(570)
[5577.388s][info][gc,heap        ] GC(821) Survivor regions: 44->44(77)
[5577.388s][info][gc,heap        ] GC(821) Old regions: 250->257
[5577.388s][info][gc,heap        ] GC(821) Humongous regions: 33->33
[5577.388s][info][gc,metaspace   ] GC(821) Metaspace: 29939K(30400K)->29939K(30400K) NonClass: 24531K(24768K)->24531K(24768K) Class: 5408K(5632K)->5408K(5632K)
[5577.388s][info][gc             ] GC(821) Pause Young (Normal) (G1 Evacuation Pause) 7161M->2655M(8192M) 151.508ms
[5577.388s][info][gc,cpu         ] GC(821) User=1.20s Sys=0.00s Real=0.15s
....[5581.110s][info][gc,start       ] GC(822) Pause Young (Normal) (G1 Evacuation Pause)
[5581.110s][info][gc,task        ] GC(822) Using 8 workers of 8 for evacuation
[5581.259s][info][gc,phases      ] GC(822)   Pre Evacuate Collection Set: 0.24ms
[5581.259s][info][gc,phases      ] GC(822)   Merge Heap Roots: 0.52ms
[5581.259s][info][gc,phases      ] GC(822)   Evacuate Collection Set: 146.69ms
[5581.259s][info][gc,phases      ] GC(822)   Post Evacuate Collection Set: 0.98ms
[5581.259s][info][gc,phases      ] GC(822)   Other: 0.07ms
[5581.259s][info][gc,heap        ] GC(822) Eden regions: 570->0(571)
[5581.259s][info][gc,heap        ] GC(822) Survivor regions: 44->43(77)
[5581.259s][info][gc,heap        ] GC(822) Old regions: 257->264
[5581.259s][info][gc,heap        ] GC(822) Humongous regions: 33->33
[5581.259s][info][gc,metaspace   ] GC(822) Metaspace: 29939K(30400K)->29939K(30400K) NonClass: 24531K(24768K)->24531K(24768K) Class: 5408K(5632K)->5408K(5632K)
[5581.259s][info][gc             ] GC(822) Pause Young (Normal) (G1 Evacuation Pause) 7215M->2707M(8192M) 148.618ms
[5581.259s][info][gc,cpu         ] GC(822) User=1.18s Sys=0.00s Real=0.15s
.. (rIR:aIR:PR = 9805:9815:9811) (tPR = 146269) [OK] 
  5582s: Performance info:
         Transaction,    Success,    Partial,     Failed,   Receipts, AvgBarcode, 
             Overall,     590909,          0,          0,     561302,      59.48, 
         Response times:
             Request,    Success,    Partial,     Failed,   SkipFail,     Probes,    Samples,      min,      p50,      p90,      p95,      p99,      max, 
       TotalPurchase,     561508,          0,          0,          0,     357647,     416497,      300,     7400,    30000,    63000,   133000,   630000,
     InStorePurchase,     294399,          0,          0,          0,     188517,     219273,      300,     7300,    29000,    62000,   131000,   630000,
      OnlinePurchase,     208631,          0,          0,          0,     131848,     153711,      300,     7500,    31000,    64000,   132000,   630000,
        InstPurchase,      58478,          0,          0,          0,      37282,      43513,      400,     7000,    30600,    65000,   139860,   630000,
          AssocOfCat,        591,          0,          0,          0,        492,        669,    29000,    54000,    80000,    98000,   202300,   335000,
      AssocOfProduct,       5929,          0,          0,          0,       4337,       5291,      600,     6800,    30000,    62000,   124080,   391000,
      BusinessReport,       1479,          0,          0,          0,       1325,       1682,    32000,    64000,   112000,   151000,   217340,   243000,
          CustBuyBeh,       5875,          0,          0,          0,       4333,       5362,      300,     7600,    32000,    66000,   136000,   510000,
       ProductReturn,      15758,          0,          0,          0,      10291,      12161,      200,     7100,    30000,    63000,   125000,   556000,

  5582s: (70%)   IR =   9947 ..[5584.827s][info][gc,start       ] GC(823) Pause Young (Normal) (G1 Evacuation Pause)
[5584.827s][info][gc,task        ] GC(823) Using 8 workers of 8 for evacuation
[5584.981s][info][gc,phases      ] GC(823)   Pre Evacuate Collection Set: 0.23ms
[5584.981s][info][gc,phases      ] GC(823)   Merge Heap Roots: 0.53ms
[5584.981s][info][gc,phases      ] GC(823)   Evacuate Collection Set: 152.17ms
[5584.981s][info][gc,phases      ] GC(823)   Post Evacuate Collection Set: 1.00ms
[5584.981s][info][gc,phases      ] GC(823)   Other: 0.06ms
[5584.981s][info][gc,heap        ] GC(823) Eden regions: 571->0(569)
[5584.981s][info][gc,heap        ] GC(823) Survivor regions: 43->45(77)
[5584.981s][info][gc,heap        ] GC(823) Old regions: 264->271
[5584.981s][info][gc,heap        ] GC(823) Humongous regions: 33->33
[5584.981s][info][gc,metaspace   ] GC(823) Metaspace: 29945K(30400K)->29945K(30400K) NonClass: 24537K(24768K)->24537K(24768K) Class: 5408K(5632K)->5408K(5632K)
[5584.981s][info][gc             ] GC(823) Pause Young (Normal) (G1 Evacuation Pause) 7275M->2773M(8192M) 154.119ms
[5584.981s][info][gc,cpu         ] GC(823) User=1.22s Sys=0.00s Real=0.15s
....[5588.674s][info][gc,start       ] GC(824) Pause Young (Normal) (G1 Evacuation Pause)
[5588.674s][info][gc,task        ] GC(824) Using 8 workers of 8 for evacuation
[5588.823s][info][gc,phases      ] GC(824)   Pre Evacuate Collection Set: 0.25ms
[5588.823s][info][gc,phases      ] GC(824)   Merge Heap Roots: 0.51ms
[5588.823s][info][gc,phases      ] GC(824)   Evacuate Collection Set: 147.03ms
[5588.823s][info][gc,phases      ] GC(824)   Post Evacuate Collection Set: 1.08ms
[5588.823s][info][gc,phases      ] GC(824)   Other: 0.06ms
[5588.823s][info][gc,heap        ] GC(824) Eden regions: 569->0(572)
[5588.823s][info][gc,heap        ] GC(824) Survivor regions: 45->42(77)
[5588.823s][info][gc,heap        ] GC(824) Old regions: 271->278
[5588.823s][info][gc,heap        ] GC(824) Humongous regions: 33->33
[5588.823s][info][gc,metaspace   ] GC(824) Metaspace: 29945K(30400K)->29945K(30400K) NonClass: 24537K(24768K)->24537K(24768K) Class: 5408K(5632K)->5408K(5632K)
[5588.823s][info][gc             ] GC(824) Pause Young (Normal) (G1 Evacuation Pause) 7325M->2811M(8192M) 149.055ms
[5588.823s][info][gc,cpu         ] GC(824) User=1.18s Sys=0.00s Real=0.15s
..|.[5592.622s][info][gc,start       ] GC(825) Pause Young (Normal) (G1 Evacuation Pause)
[5592.622s][info][gc,task        ] GC(825) Using 8 workers of 8 for evacuation
[5592.770s][info][gc,phases      ] GC(825)   Pre Evacuate Collection Set: 0.26ms
[5592.770s][info][gc,phases      ] GC(825)   Merge Heap Roots: 0.50ms
[5592.770s][info][gc,phases      ] GC(825)   Evacuate Collection Set: 146.19ms
[5592.770s][info][gc,phases      ] GC(825)   Post Evacuate Collection Set: 1.02ms
[5592.770s][info][gc,phases      ] GC(825)   Other: 0.07ms
[5592.770s][info][gc,heap        ] GC(825) Eden regions: 572->0(567)
[5592.770s][info][gc,heap        ] GC(825) Survivor regions: 42->43(77)
[5592.770s][info][gc,heap        ] GC(825) Old regions: 278->286
[5592.770s][info][gc,heap        ] GC(825) Humongous regions: 33->33
[5592.770s][info][gc,metaspace   ] GC(825) Metaspace: 29945K(30400K)->29945K(30400K) NonClass: 24537K(24768K)->24537K(24768K) Class: 5408K(5632K)->5408K(5632K)
[5592.770s][info][gc             ] GC(825) Pause Young (Normal) (G1 Evacuation Pause) 7387M->2872M(8192M) 148.191ms
[5592.770s][info][gc,cpu         ] GC(825) User=1.17s Sys=0.00s Real=0.15s
....[5596.566s][info][gc,start       ] GC(826) Pause Young (Normal) (G1 Evacuation Pause)
[5596.566s][info][gc,task        ] GC(826) Using 8 workers of 8 for evacuation
[5596.714s][info][gc,phases      ] GC(826)   Pre Evacuate Collection Set: 0.23ms
[5596.714s][info][gc,phases      ] GC(826)   Merge Heap Roots: 0.58ms
[5596.714s][info][gc,phases      ] GC(826)   Evacuate Collection Set: 146.05ms
[5596.714s][info][gc,phases      ] GC(826)   Post Evacuate Collection Set: 0.99ms
[5596.714s][info][gc,phases      ] GC(826)   Other: 0.06ms
[5596.714s][info][gc,heap        ] GC(826) Eden regions: 567->0(560)
[5596.714s][info][gc,heap        ] GC(826) Survivor regions: 43->43(77)
[5596.714s][info][gc,heap        ] GC(826) Old regions: 286->293
[5596.714s][info][gc,heap        ] GC(826) Humongous regions: 33->33
[5596.714s][info][gc,metaspace   ] GC(826) Metaspace: 29945K(30400K)->29945K(30400K) NonClass: 24537K(24768K)->24537K(24768K) Class: 5408K(5632K)->5408K(5632K)
[5596.714s][info][gc             ] GC(826) Pause Young (Normal) (G1 Evacuation Pause) 7408M->2934M(8192M) 148.036ms
[5596.714s][info][gc,cpu         ] GC(826) User=1.18s Sys=0.00s Real=0.14s
....[5600.316s][info][gc,start       ] GC(827) Pause Young (Normal) (G1 Evacuation Pause)
[5600.316s][info][gc,task        ] GC(827) Using 8 workers of 8 for evacuation
[5600.466s][info][gc,phases      ] GC(827)   Pre Evacuate Collection Set: 0.24ms
[5600.466s][info][gc,phases      ] GC(827)   Merge Heap Roots: 0.50ms
[5600.466s][info][gc,phases      ] GC(827)   Evacuate Collection Set: 147.89ms
[5600.466s][info][gc,phases      ] GC(827)   Post Evacuate Collection Set: 0.98ms
[5600.466s][info][gc,phases      ] GC(827)   Other: 0.07ms
[5600.466s][info][gc,heap        ] GC(827) Eden regions: 560->0(551)
[5600.466s][info][gc,heap        ] GC(827) Survivor regions: 43->44(76)
[5600.466s][info][gc,heap        ] GC(827) Old regions: 293->300
[5600.466s][info][gc,heap        ] GC(827) Humongous regions: 33->33
[5600.466s][info][gc,metaspace   ] GC(827) Metaspace: 29945K(30400K)->29945K(30400K) NonClass: 24537K(24768K)->24537K(24768K) Class: 5408K(5632K)->5408K(5632K)
[5600.466s][info][gc             ] GC(827) Pause Young (Normal) (G1 Evacuation Pause) 7414M->2995M(8192M) 149.810ms
[5600.466s][info][gc,cpu         ] GC(827) User=1.19s Sys=0.00s Real=0.15s
....[5603.949s][info][gc,start       ] GC(828) Pause Young (Normal) (G1 Evacuation Pause)
[5603.949s][info][gc,task        ] GC(828) Using 8 workers of 8 for evacuation
[5604.096s][info][gc,phases      ] GC(828)   Pre Evacuate Collection Set: 0.24ms
[5604.096s][info][gc,phases      ] GC(828)   Merge Heap Roots: 0.52ms
[5604.096s][info][gc,phases      ] GC(828)   Evacuate Collection Set: 145.29ms
[5604.096s][info][gc,phases      ] GC(828)   Post Evacuate Collection Set: 1.00ms
[5604.096s][info][gc,phases      ] GC(828)   Other: 0.08ms
[5604.096s][info][gc,heap        ] GC(828) Eden regions: 551->0(546)
[5604.096s][info][gc,heap        ] GC(828) Survivor regions: 44->43(75)
[5604.096s][info][gc,heap        ] GC(828) Old regions: 300->307
[5604.096s][info][gc,heap        ] GC(828) Humongous regions: 33->33
[5604.096s][info][gc,metaspace   ] GC(828) Metaspace: 29945K(30400K)->29945K(30400K) NonClass: 24537K(24768K)->24537K(24768K) Class: 5408K(5632K)->5408K(5632K)
[5604.096s][info][gc             ] GC(828) Pause Young (Normal) (G1 Evacuation Pause) 7403M->3044M(8192M) 147.262ms
[5604.096s][info][gc,cpu         ] GC(828) User=1.17s Sys=0.00s Real=0.15s
...[5607.666s][info][gc,start       ] GC(829) Pause Young (Concurrent Start) (G1 Evacuation Pause)
[5607.666s][info][gc,task        ] GC(829) Using 8 workers of 8 for evacuation
[5607.812s][info][gc,phases      ] GC(829)   Pre Evacuate Collection Set: 0.31ms
[5607.812s][info][gc,phases      ] GC(829)   Merge Heap Roots: 0.56ms
[5607.812s][info][gc,phases      ] GC(829)   Evacuate Collection Set: 144.28ms
[5607.812s][info][gc,phases      ] GC(829)   Post Evacuate Collection Set: 0.96ms
[5607.812s][info][gc,phases      ] GC(829)   Other: 0.12ms
[5607.812s][info][gc,heap        ] GC(829) Eden regions: 546->0(541)
[5607.812s][info][gc,heap        ] GC(829) Survivor regions: 43->42(74)
[5607.812s][info][gc,heap        ] GC(829) Old regions: 307->314
[5607.812s][info][gc,heap        ] GC(829) Humongous regions: 33->33
[5607.812s][info][gc,metaspace   ] GC(829) Metaspace: 29945K(30400K)->29945K(30400K) NonClass: 24537K(24768K)->24537K(24768K) Class: 5408K(5632K)->5408K(5632K)
[5607.812s][info][gc             ] GC(829) Pause Young (Concurrent Start) (G1 Evacuation Pause) 7412M->3094M(8192M) 146.374ms
[5607.812s][info][gc,cpu         ] GC(829) User=1.16s Sys=0.00s Real=0.14s
[5607.812s][info][gc             ] GC(830) Concurrent Mark Cycle
[5607.812s][info][gc,marking     ] GC(830) Concurrent Scan Root Regions
.[5608.209s][info][gc,marking     ] GC(830) Concurrent Scan Root Regions 397.075ms
[5608.209s][info][gc,marking     ] GC(830) Concurrent Mark
[5608.209s][info][gc,marking     ] GC(830) Concurrent Mark From Roots
[5608.209s][info][gc,task        ] GC(830) Using 2 workers of 2 for marking
.[5609.326s][info][gc,marking     ] GC(830) Concurrent Mark From Roots 1116.193ms
[5609.326s][info][gc,marking     ] GC(830) Concurrent Preclean
[5609.326s][info][gc,marking     ] GC(830) Concurrent Preclean 0.122ms
[5609.326s][info][gc,start       ] GC(830) Pause Remark
[5609.328s][info][gc             ] GC(830) Pause Remark 4706M->4082M(8192M) 1.937ms
[5609.328s][info][gc,cpu         ] GC(830) User=0.01s Sys=0.00s Real=0.00s
[5609.328s][info][gc,marking     ] GC(830) Concurrent Mark 1118.538ms
[5609.328s][info][gc,marking     ] GC(830) Concurrent Rebuild Remembered Sets and Scrub Regions
.[5610.127s][info][gc,marking     ] GC(830) Concurrent Rebuild Remembered Sets and Scrub Regions 799.519ms
[5610.128s][info][gc,start       ] GC(830) Pause Cleanup
[5610.128s][info][gc             ] GC(830) Pause Cleanup 5098M->5098M(8192M) 0.252ms
[5610.128s][info][gc,cpu         ] GC(830) User=0.00s Sys=0.00s Real=0.00s
[5610.128s][info][gc,marking     ] GC(830) Concurrent Clear Claimed Marks
[5610.128s][info][gc,marking     ] GC(830) Concurrent Clear Claimed Marks 0.038ms
[5610.128s][info][gc,marking     ] GC(830) Concurrent Cleanup for Next Mark
[5610.138s][info][gc,marking     ] GC(830) Concurrent Cleanup for Next Mark 10.527ms
[5610.139s][info][gc             ] GC(830) Concurrent Mark Cycle 2326.326ms
.[5611.250s][info][gc,start       ] GC(831) Pause Young (Prepare Mixed) (G1 Evacuation Pause)
[5611.250s][info][gc,task        ] GC(831) Using 8 workers of 8 for evacuation
[5611.400s][info][gc,phases      ] GC(831)   Pre Evacuate Collection Set: 0.25ms
[5611.400s][info][gc,phases      ] GC(831)   Merge Heap Roots: 0.64ms
[5611.400s][info][gc,phases      ] GC(831)   Evacuate Collection Set: 148.32ms
[5611.400s][info][gc,phases      ] GC(831)   Post Evacuate Collection Set: 1.05ms
[5611.400s][info][gc,phases      ] GC(831)   Other: 0.07ms
[5611.400s][info][gc,heap        ] GC(831) Eden regions: 541->0(571)
[5611.400s][info][gc,heap        ] GC(831) Survivor regions: 42->43(73)
[5611.400s][info][gc,heap        ] GC(831) Old regions: 236->243
[5611.400s][info][gc,heap        ] GC(831) Humongous regions: 33->33
[5611.400s][info][gc,metaspace   ] GC(831) Metaspace: 29945K(30400K)->29945K(30400K) NonClass: 24537K(24768K)->24537K(24768K) Class: 5408K(5632K)->5408K(5632K)
[5611.400s][info][gc             ] GC(831) Pause Young (Prepare Mixed) (G1 Evacuation Pause) 6798M->2535M(8192M) 150.450ms
[5611.400s][info][gc,cpu         ] GC(831) User=1.19s Sys=0.00s Real=0.15s
....[5615.259s][info][gc,start       ] GC(832) Pause Young (Mixed) (G1 Evacuation Pause)
[5615.259s][info][gc,task        ] GC(832) Using 8 workers of 8 for evacuation
[5615.420s][info][gc,phases      ] GC(832)   Pre Evacuate Collection Set: 0.27ms
[5615.420s][info][gc,phases      ] GC(832)   Merge Heap Roots: 0.88ms
[5615.420s][info][gc,phases      ] GC(832)   Evacuate Collection Set: 158.45ms
[5615.420s][info][gc,phases      ] GC(832)   Post Evacuate Collection Set: 1.21ms
[5615.420s][info][gc,phases      ] GC(832)   Other: 0.08ms
[5615.420s][info][gc,heap        ] GC(832) Eden regions: 571->0(571)
[5615.420s][info][gc,heap        ] GC(832) Survivor regions: 43->43(77)
[5615.420s][info][gc,heap        ] GC(832) Old regions: 243->149
[5615.420s][info][gc,heap        ] GC(832) Humongous regions: 33->33
[5615.420s][info][gc,metaspace   ] GC(832) Metaspace: 29945K(30400K)->29945K(30400K) NonClass: 24537K(24768K)->24537K(24768K) Class: 5408K(5632K)->5408K(5632K)
[5615.420s][info][gc             ] GC(832) Pause Young (Mixed) (G1 Evacuation Pause) 7103M->1784M(8192M) 161.041ms
[5615.420s][info][gc,cpu         ] GC(832) User=1.28s Sys=0.00s Real=0.16s
....[5619.111s][info][gc,start       ] GC(833) Pause Young (Mixed) (G1 Evacuation Pause)
[5619.111s][info][gc,task        ] GC(833) Using 8 workers of 8 for evacuation
[5619.269s][info][gc,phases      ] GC(833)   Pre Evacuate Collection Set: 0.24ms
[5619.269s][info][gc,phases      ] GC(833)   Merge Heap Roots: 0.70ms
[5619.269s][info][gc,phases      ] GC(833)   Evacuate Collection Set: 155.83ms
[5619.269s][info][gc,phases      ] GC(833)   Post Evacuate Collection Set: 1.02ms
[5619.269s][info][gc,phases      ] GC(833)   Other: 0.07ms
[5619.269s][info][gc,heap        ] GC(833) Eden regions: 571->0(570)
[5619.269s][info][gc,heap        ] GC(833) Survivor regions: 43->44(77)
[5619.269s][info][gc,heap        ] GC(833) Old regions: 149->143
[5619.269s][info][gc,heap        ] GC(833) Humongous regions: 33->33
[5619.269s][info][gc,metaspace   ] GC(833) Metaspace: 29945K(30400K)->29945K(30400K) NonClass: 24537K(24768K)->24537K(24768K) Class: 5408K(5632K)->5408K(5632K)
[5619.269s][info][gc             ] GC(833) Pause Young (Mixed) (G1 Evacuation Pause) 6352M->1738M(8192M) 157.994ms
[5619.269s][info][gc,cpu         ] GC(833) User=1.26s Sys=0.00s Real=0.16s
....[5622.930s][info][gc,start       ] GC(834) Pause Young (Normal) (G1 Evacuation Pause)
[5622.930s][info][gc,task        ] GC(834) Using 8 workers of 8 for evacuation
[5623.083s][info][gc,phases      ] GC(834)   Pre Evacuate Collection Set: 0.23ms
[5623.083s][info][gc,phases      ] GC(834)   Merge Heap Roots: 0.51ms
[5623.083s][info][gc,phases      ] GC(834)   Evacuate Collection Set: 150.27ms
[5623.083s][info][gc,phases      ] GC(834)   Post Evacuate Collection Set: 1.00ms
[5623.083s][info][gc,phases      ] GC(834)   Other: 0.06ms
[5623.083s][info][gc,heap        ] GC(834) Eden regions: 570->0(570)
[5623.083s][info][gc,heap        ] GC(834) Survivor regions: 44->44(77)
[5623.083s][info][gc,heap        ] GC(834) Old regions: 143->150
[5623.083s][info][gc,heap        ] GC(834) Humongous regions: 33->33
[5623.083s][info][gc,metaspace   ] GC(834) Metaspace: 29945K(30400K)->29945K(30400K) NonClass: 24537K(24768K)->24537K(24768K) Class: 5408K(5632K)->5408K(5632K)
[5623.083s][info][gc             ] GC(834) Pause Young (Normal) (G1 Evacuation Pause) 6298M->1795M(8192M) 152.206ms
[5623.083s][info][gc,cpu         ] GC(834) User=1.21s Sys=0.00s Real=0.15s
...[5626.698s][info][gc,start       ] GC(835) Pause Young (Normal) (G1 Evacuation Pause)
[5626.698s][info][gc,task        ] GC(835) Using 8 workers of 8 for evacuation
[5626.855s][info][gc,phases      ] GC(835)   Pre Evacuate Collection Set: 0.23ms
[5626.855s][info][gc,phases      ] GC(835)   Merge Heap Roots: 0.53ms
[5626.855s][info][gc,phases      ] GC(835)   Evacuate Collection Set: 154.74ms
[5626.855s][info][gc,phases      ] GC(835)   Post Evacuate Collection Set: 1.05ms
[5626.855s][info][gc,phases      ] GC(835)   Other: 0.07ms
[5626.855s][info][gc,heap        ] GC(835) Eden regions: 570->0(569)
[5626.855s][info][gc,heap        ] GC(835) Survivor regions: 44->45(77)
[5626.855s][info][gc,heap        ] GC(835) Old regions: 150->157
[5626.855s][info][gc,heap        ] GC(835) Humongous regions: 33->33
[5626.855s][info][gc,metaspace   ] GC(835) Metaspace: 29945K(30400K)->29945K(30400K) NonClass: 24537K(24768K)->24537K(24768K) Class: 5408K(5632K)->5408K(5632K)
[5626.855s][info][gc             ] GC(835) Pause Young (Normal) (G1 Evacuation Pause) 6355M->1860M(8192M) 156.757ms
[5626.855s][info][gc,cpu         ] GC(835) User=1.25s Sys=0.00s Real=0.16s
....[5630.513s][info][gc,start       ] GC(836) Pause Young (Normal) (G1 Evacuation Pause)
[5630.513s][info][gc,task        ] GC(836) Using 8 workers of 8 for evacuation
[5630.661s][info][gc,phases      ] GC(836)   Pre Evacuate Collection Set: 0.23ms
[5630.661s][info][gc,phases      ] GC(836)   Merge Heap Roots: 0.51ms
[5630.661s][info][gc,phases      ] GC(836)   Evacuate Collection Set: 146.56ms
[5630.661s][info][gc,phases      ] GC(836)   Post Evacuate Collection Set: 1.01ms
[5630.661s][info][gc,phases      ] GC(836)   Other: 0.06ms
[5630.661s][info][gc,heap        ] GC(836) Eden regions: 569->0(571)
[5630.661s][info][gc,heap        ] GC(836) Survivor regions: 45->43(77)
[5630.661s][info][gc,heap        ] GC(836) Old regions: 157->164
[5630.661s][info][gc,heap        ] GC(836) Humongous regions: 33->33
[5630.661s][info][gc,metaspace   ] GC(836) Metaspace: 29945K(30400K)->29945K(30400K) NonClass: 24537K(24768K)->24537K(24768K) Class: 5408K(5632K)->5408K(5632K)
[5630.661s][info][gc             ] GC(836) Pause Young (Normal) (G1 Evacuation Pause) 6412M->1901M(8192M) 148.496ms
[5630.661s][info][gc,cpu         ] GC(836) User=1.17s Sys=0.00s Real=0.15s
....[5634.286s][info][gc,start       ] GC(837) Pause Young (Normal) (G1 Evacuation Pause)
[5634.286s][info][gc,task        ] GC(837) Using 8 workers of 8 for evacuation
[5634.442s][info][gc,phases      ] GC(837)   Pre Evacuate Collection Set: 0.23ms
[5634.442s][info][gc,phases      ] GC(837)   Merge Heap Roots: 0.50ms
[5634.442s][info][gc,phases      ] GC(837)   Evacuate Collection Set: 154.68ms
[5634.442s][info][gc,phases      ] GC(837)   Post Evacuate Collection Set: 0.98ms
[5634.442s][info][gc,phases      ] GC(837)   Other: 0.08ms
[5634.442s][info][gc,heap        ] GC(837) Eden regions: 571->0(570)
[5634.442s][info][gc,heap        ] GC(837) Survivor regions: 43->44(77)
[5634.442s][info][gc,heap        ] GC(837) Old regions: 164->172
[5634.442s][info][gc,heap        ] GC(837) Humongous regions: 33->33
[5634.442s][info][gc,metaspace   ] GC(837) Metaspace: 29945K(30400K)->29945K(30400K) NonClass: 24537K(24768K)->24537K(24768K) Class: 5408K(5632K)->5408K(5632K)
[5634.442s][info][gc             ] GC(837) Pause Young (Normal) (G1 Evacuation Pause) 6469M->1976M(8192M) 156.617ms
[5634.442s][info][gc,cpu         ] GC(837) User=1.24s Sys=0.00s Real=0.15s
....[5638.109s][info][gc,start       ] GC(838) Pause Young (Normal) (G1 Evacuation Pause)
[5638.109s][info][gc,task        ] GC(838) Using 8 workers of 8 for evacuation
[5638.265s][info][gc,phases      ] GC(838)   Pre Evacuate Collection Set: 0.23ms
[5638.266s][info][gc,phases      ] GC(838)   Merge Heap Roots: 0.48ms
[5638.266s][info][gc,phases      ] GC(838)   Evacuate Collection Set: 154.29ms
[5638.266s][info][gc,phases      ] GC(838)   Post Evacuate Collection Set: 1.00ms
[5638.266s][info][gc,phases      ] GC(838)   Other: 0.06ms
[5638.266s][info][gc,heap        ] GC(838) Eden regions: 570->0(569)
[5638.266s][info][gc,heap        ] GC(838) Survivor regions: 44->45(77)
[5638.266s][info][gc,heap        ] GC(838) Old regions: 172->179
[5638.266s][info][gc,heap        ] GC(838) Humongous regions: 33->33
[5638.266s][info][gc,metaspace   ] GC(838) Metaspace: 29945K(30400K)->29945K(30400K) NonClass: 24537K(24768K)->24537K(24768K) Class: 5408K(5632K)->5408K(5632K)
[5638.266s][info][gc             ] GC(838) Pause Young (Normal) (G1 Evacuation Pause) 6536M->2038M(8192M) 156.184ms
[5638.266s][info][gc,cpu         ] GC(838) User=1.23s Sys=0.00s Real=0.16s
...[5641.843s][info][gc,start       ] GC(839) Pause Young (Normal) (G1 Evacuation Pause)
[5641.843s][info][gc,task        ] GC(839) Using 8 workers of 8 for evacuation
[5641.996s][info][gc,phases      ] GC(839)   Pre Evacuate Collection Set: 0.23ms
[5641.996s][info][gc,phases      ] GC(839)   Merge Heap Roots: 0.59ms
[5641.996s][info][gc,phases      ] GC(839)   Evacuate Collection Set: 150.69ms
[5641.996s][info][gc,phases      ] GC(839)   Post Evacuate Collection Set: 1.01ms
[5641.996s][info][gc,phases      ] GC(839)   Other: 0.07ms
[5641.996s][info][gc,heap        ] GC(839) Eden regions: 569->0(570)
[5641.996s][info][gc,heap        ] GC(839) Survivor regions: 45->44(77)
[5641.996s][info][gc,heap        ] GC(839) Old regions: 179->186
[5641.996s][info][gc,heap        ] GC(839) Humongous regions: 33->33
[5641.996s][info][gc,metaspace   ] GC(839) Metaspace: 29945K(30400K)->29945K(30400K) NonClass: 24537K(24768K)->24537K(24768K) Class: 5408K(5632K)->5408K(5632K)
[5641.996s][info][gc             ] GC(839) Pause Young (Normal) (G1 Evacuation Pause) 6590M->2087M(8192M) 152.722ms
[5641.996s][info][gc,cpu         ] GC(839) User=1.20s Sys=0.00s Real=0.16s
....[5645.703s][info][gc,start       ] GC(840) Pause Young (Normal) (G1 Evacuation Pause)
[5645.703s][info][gc,task        ] GC(840) Using 8 workers of 8 for evacuation
[5645.856s][info][gc,phases      ] GC(840)   Pre Evacuate Collection Set: 0.26ms
[5645.856s][info][gc,phases      ] GC(840)   Merge Heap Roots: 0.53ms
[5645.856s][info][gc,phases      ] GC(840)   Evacuate Collection Set: 151.29ms
[5645.856s][info][gc,phases      ] GC(840)   Post Evacuate Collection Set: 1.00ms
[5645.856s][info][gc,phases      ] GC(840)   Other: 0.08ms
[5645.856s][info][gc,heap        ] GC(840) Eden regions: 570->0(570)
[5645.856s][info][gc,heap        ] GC(840) Survivor regions: 44->44(77)
[5645.856s][info][gc,heap        ] GC(840) Old regions: 186->193
[5645.856s][info][gc,heap        ] GC(840) Humongous regions: 33->33
[5645.856s][info][gc,metaspace   ] GC(840) Metaspace: 29945K(30400K)->29945K(30400K) NonClass: 24537K(24768K)->24537K(24768K) Class: 5408K(5632K)->5408K(5632K)
[5645.856s][info][gc             ] GC(840) Pause Young (Normal) (G1 Evacuation Pause) 6647M->2143M(8192M) 153.289ms
[5645.856s][info][gc,cpu         ] GC(840) User=1.22s Sys=0.00s Real=0.16s
....[5649.550s][info][gc,start       ] GC(841) Pause Young (Normal) (G1 Evacuation Pause)
[5649.550s][info][gc,task        ] GC(841) Using 8 workers of 8 for evacuation
[5649.699s][info][gc,phases      ] GC(841)   Pre Evacuate Collection Set: 0.21ms
[5649.699s][info][gc,phases      ] GC(841)   Merge Heap Roots: 0.51ms
[5649.699s][info][gc,phases      ] GC(841)   Evacuate Collection Set: 147.56ms
[5649.699s][info][gc,phases      ] GC(841)   Post Evacuate Collection Set: 1.01ms
[5649.699s][info][gc,phases      ] GC(841)   Other: 0.06ms
[5649.699s][info][gc,heap        ] GC(841) Eden regions: 570->0(571)
[5649.699s][info][gc,heap        ] GC(841) Survivor regions: 44->43(77)
[5649.699s][info][gc,heap        ] GC(841) Old regions: 193->200
[5649.699s][info][gc,heap        ] GC(841) Humongous regions: 33->33
[5649.699s][info][gc,metaspace   ] GC(841) Metaspace: 29945K(30400K)->29945K(30400K) NonClass: 24537K(24768K)->24537K(24768K) Class: 5408K(5632K)->5408K(5632K)
[5649.699s][info][gc             ] GC(841) Pause Young (Normal) (G1 Evacuation Pause) 6703M->2190M(8192M) 149.502ms
[5649.699s][info][gc,cpu         ] GC(841) User=1.19s Sys=0.00s Real=0.15s
.. (rIR:aIR:PR = 9947:9992:9986) (tPR = 149127) [OK] 
  5651s: Performance info:
         Transaction,    Success,    Partial,     Failed,   Receipts, AvgBarcode, 
             Overall,     602899,          0,          0,     573153,      59.48, 
         Response times:
             Request,    Success,    Partial,     Failed,   SkipFail,     Probes,    Samples,      min,      p50,      p90,      p95,      p99,      max, 
       TotalPurchase,     573369,          0,          0,          0,     358632,     412403,      300,     7600,    49000,    90000,   190000,  2300000,
     InStorePurchase,     301794,          0,          0,          0,     188560,     216627,      300,     7600,    50000,    91000,   190000,  2300000,
      OnlinePurchase,     212008,          0,          0,          0,     131974,     151900,      300,     7400,    49000,    90000,   190000,  2300000,
        InstPurchase,      59567,          0,          0,          0,      38098,      43876,      400,     7800,    45000,    87000,   186000,   640000,
          AssocOfCat,        604,          0,          0,          0,        495,        647,    34000,    58000,   125000,   178800,   277080,   391000,
      AssocOfProduct,       6028,          0,          0,          0,       4473,       5357,     1000,     7700,    53000,    91000,   193840,   296000,
      BusinessReport,       1509,          0,          0,          0,       1344,       1653,    32000,    67000,   121600,   178300,   269380,   353000,
          CustBuyBeh,       6037,          0,          0,          0,       4488,       5330,      300,     7500,    54900,    96000,   190380,   860000,
       ProductReturn,      15678,          0,          0,          0,       9398,      10997,      200,     6500,    50000,    90000,   188000,   538000,

  5651s: (71%)   IR =  10089 ..[5653.319s][info][gc,start       ] GC(842) Pause Young (Normal) (G1 Evacuation Pause)
[5653.319s][info][gc,task        ] GC(842) Using 8 workers of 8 for evacuation
[5653.469s][info][gc,phases      ] GC(842)   Pre Evacuate Collection Set: 0.22ms
[5653.469s][info][gc,phases      ] GC(842)   Merge Heap Roots: 0.53ms
[5653.469s][info][gc,phases      ] GC(842)   Evacuate Collection Set: 148.61ms
[5653.469s][info][gc,phases      ] GC(842)   Post Evacuate Collection Set: 1.05ms
[5653.469s][info][gc,phases      ] GC(842)   Other: 0.06ms
[5653.469s][info][gc,heap        ] GC(842) Eden regions: 571->0(571)
[5653.469s][info][gc,heap        ] GC(842) Survivor regions: 43->43(77)
[5653.469s][info][gc,heap        ] GC(842) Old regions: 200->207
[5653.469s][info][gc,heap        ] GC(842) Humongous regions: 33->33
[5653.469s][info][gc,metaspace   ] GC(842) Metaspace: 29945K(30400K)->29945K(30400K) NonClass: 24537K(24768K)->24537K(24768K) Class: 5408K(5632K)->5408K(5632K)
[5653.469s][info][gc             ] GC(842) Pause Young (Normal) (G1 Evacuation Pause) 6758M->2251M(8192M) 150.597ms
[5653.469s][info][gc,cpu         ] GC(842) User=1.19s Sys=0.00s Real=0.15s
...[5657.102s][info][gc,start       ] GC(843) Pause Young (Normal) (G1 Evacuation Pause)
[5657.102s][info][gc,task        ] GC(843) Using 8 workers of 8 for evacuation
[5657.252s][info][gc,phases      ] GC(843)   Pre Evacuate Collection Set: 0.28ms
[5657.252s][info][gc,phases      ] GC(843)   Merge Heap Roots: 0.58ms
[5657.252s][info][gc,phases      ] GC(843)   Evacuate Collection Set: 147.23ms
[5657.252s][info][gc,phases      ] GC(843)   Post Evacuate Collection Set: 1.02ms
[5657.252s][info][gc,phases      ] GC(843)   Other: 0.06ms
[5657.252s][info][gc,heap        ] GC(843) Eden regions: 571->0(571)
[5657.252s][info][gc,heap        ] GC(843) Survivor regions: 43->43(77)
[5657.252s][info][gc,heap        ] GC(843) Old regions: 207->214
[5657.252s][info][gc,heap        ] GC(843) Humongous regions: 33->33
[5657.252s][info][gc,metaspace   ] GC(843) Metaspace: 29945K(30400K)->29945K(30400K) NonClass: 24537K(24768K)->24537K(24768K) Class: 5408K(5632K)->5408K(5632K)
[5657.252s][info][gc             ] GC(843) Pause Young (Normal) (G1 Evacuation Pause) 6819M->2307M(8192M) 149.300ms
[5657.252s][info][gc,cpu         ] GC(843) User=1.18s Sys=0.01s Real=0.15s
....[5660.848s][info][gc,start       ] GC(844) Pause Young (Normal) (G1 Evacuation Pause)
[5660.848s][info][gc,task        ] GC(844) Using 8 workers of 8 for evacuation
[5660.996s][info][gc,phases      ] GC(844)   Pre Evacuate Collection Set: 0.22ms
[5660.996s][info][gc,phases      ] GC(844)   Merge Heap Roots: 0.52ms
[5660.996s][info][gc,phases      ] GC(844)   Evacuate Collection Set: 146.11ms
[5660.996s][info][gc,phases      ] GC(844)   Post Evacuate Collection Set: 1.00ms
[5660.996s][info][gc,phases      ] GC(844)   Other: 0.07ms
[5660.996s][info][gc,heap        ] GC(844) Eden regions: 571->0(571)
[5660.996s][info][gc,heap        ] GC(844) Survivor regions: 43->43(77)
[5660.996s][info][gc,heap        ] GC(844) Old regions: 214->221
[5660.996s][info][gc,heap        ] GC(844) Humongous regions: 33->33
[5660.996s][info][gc,metaspace   ] GC(844) Metaspace: 29945K(30400K)->29945K(30400K) NonClass: 24537K(24768K)->24537K(24768K) Class: 5408K(5632K)->5408K(5632K)
[5660.996s][info][gc             ] GC(844) Pause Young (Normal) (G1 Evacuation Pause) 6875M->2358M(8192M) 148.065ms
[5660.996s][info][gc,cpu         ] GC(844) User=1.17s Sys=0.00s Real=0.15s
...|.[5664.630s][info][gc,start       ] GC(845) Pause Young (Normal) (G1 Evacuation Pause)
[5664.630s][info][gc,task        ] GC(845) Using 8 workers of 8 for evacuation
[5664.779s][info][gc,phases      ] GC(845)   Pre Evacuate Collection Set: 0.23ms
[5664.779s][info][gc,phases      ] GC(845)   Merge Heap Roots: 0.52ms
[5664.779s][info][gc,phases      ] GC(845)   Evacuate Collection Set: 147.19ms
[5664.779s][info][gc,phases      ] GC(845)   Post Evacuate Collection Set: 1.01ms
[5664.779s][info][gc,phases      ] GC(845)   Other: 0.07ms
[5664.779s][info][gc,heap        ] GC(845) Eden regions: 571->0(571)
[5664.779s][info][gc,heap        ] GC(845) Survivor regions: 43->43(77)
[5664.779s][info][gc,heap        ] GC(845) Old regions: 221->228
[5664.779s][info][gc,heap        ] GC(845) Humongous regions: 33->33
[5664.779s][info][gc,metaspace   ] GC(845) Metaspace: 29945K(30400K)->29945K(30400K) NonClass: 24537K(24768K)->24537K(24768K) Class: 5408K(5632K)->5408K(5632K)
[5664.779s][info][gc             ] GC(845) Pause Young (Normal) (G1 Evacuation Pause) 6926M->2415M(8192M) 149.170ms
[5664.779s][info][gc,cpu         ] GC(845) User=1.19s Sys=0.00s Real=0.15s
....[5668.398s][info][gc,start       ] GC(846) Pause Young (Normal) (G1 Evacuation Pause)
[5668.398s][info][gc,task        ] GC(846) Using 8 workers of 8 for evacuation
[5668.544s][info][gc,phases      ] GC(846)   Pre Evacuate Collection Set: 0.24ms
[5668.544s][info][gc,phases      ] GC(846)   Merge Heap Roots: 0.49ms
[5668.544s][info][gc,phases      ] GC(846)   Evacuate Collection Set: 143.75ms
[5668.544s][info][gc,phases      ] GC(846)   Post Evacuate Collection Set: 0.99ms
[5668.544s][info][gc,phases      ] GC(846)   Other: 0.06ms
[5668.544s][info][gc,heap        ] GC(846) Eden regions: 571->0(572)
[5668.544s][info][gc,heap        ] GC(846) Survivor regions: 43->42(77)
[5668.544s][info][gc,heap        ] GC(846) Old regions: 228->235
[5668.544s][info][gc,heap        ] GC(846) Humongous regions: 33->33
[5668.544s][info][gc,metaspace   ] GC(846) Metaspace: 29945K(30400K)->29945K(30400K) NonClass: 24537K(24768K)->24537K(24768K) Class: 5408K(5632K)->5408K(5632K)
[5668.544s][info][gc             ] GC(846) Pause Young (Normal) (G1 Evacuation Pause) 6983M->2467M(8192M) 145.666ms
[5668.544s][info][gc,cpu         ] GC(846) User=1.16s Sys=0.00s Real=0.14s
...[5672.237s][info][gc,start       ] GC(847) Pause Young (Normal) (G1 Evacuation Pause)
[5672.238s][info][gc,task        ] GC(847) Using 8 workers of 8 for evacuation
[5672.386s][info][gc,phases      ] GC(847)   Pre Evacuate Collection Set: 0.24ms
[5672.386s][info][gc,phases      ] GC(847)   Merge Heap Roots: 0.51ms
[5672.386s][info][gc,phases      ] GC(847)   Evacuate Collection Set: 146.46ms
[5672.386s][info][gc,phases      ] GC(847)   Post Evacuate Collection Set: 0.98ms
[5672.386s][info][gc,phases      ] GC(847)   Other: 0.07ms
[5672.386s][info][gc,heap        ] GC(847) Eden regions: 572->0(571)
[5672.386s][info][gc,heap        ] GC(847) Survivor regions: 42->43(77)
[5672.386s][info][gc,heap        ] GC(847) Old regions: 235->242
[5672.386s][info][gc,heap        ] GC(847) Humongous regions: 33->33
[5672.386s][info][gc,metaspace   ] GC(847) Metaspace: 29945K(30400K)->29945K(30400K) NonClass: 24537K(24768K)->24537K(24768K) Class: 5408K(5632K)->5408K(5632K)
[5672.386s][info][gc             ] GC(847) Pause Young (Normal) (G1 Evacuation Pause) 7043M->2530M(8192M) 148.395ms
[5672.386s][info][gc,cpu         ] GC(847) User=1.18s Sys=0.00s Real=0.15s
....[5676.186s][info][gc,start       ] GC(848) Pause Young (Normal) (G1 Evacuation Pause)
[5676.186s][info][gc,task        ] GC(848) Using 8 workers of 8 for evacuation
[5676.334s][info][gc,phases      ] GC(848)   Pre Evacuate Collection Set: 0.23ms
[5676.334s][info][gc,phases      ] GC(848)   Merge Heap Roots: 0.50ms
[5676.334s][info][gc,phases      ] GC(848)   Evacuate Collection Set: 146.07ms
[5676.334s][info][gc,phases      ] GC(848)   Post Evacuate Collection Set: 1.03ms
[5676.334s][info][gc,phases      ] GC(848)   Other: 0.06ms
[5676.334s][info][gc,heap        ] GC(848) Eden regions: 571->0(571)
[5676.334s][info][gc,heap        ] GC(848) Survivor regions: 43->43(77)
[5676.334s][info][gc,heap        ] GC(848) Old regions: 242->249
[5676.334s][info][gc,heap        ] GC(848) Humongous regions: 33->33
[5676.334s][info][gc,metaspace   ] GC(848) Metaspace: 29945K(30400K)->29945K(30400K) NonClass: 24537K(24768K)->24537K(24768K) Class: 5408K(5632K)->5408K(5632K)
[5676.334s][info][gc             ] GC(848) Pause Young (Normal) (G1 Evacuation Pause) 7098M->2585M(8192M) 148.031ms
[5676.334s][info][gc,cpu         ] GC(848) User=1.17s Sys=0.00s Real=0.14s
....[5680.140s][info][gc,start       ] GC(849) Pause Young (Normal) (G1 Evacuation Pause)
[5680.140s][info][gc,task        ] GC(849) Using 8 workers of 8 for evacuation
[5680.293s][info][gc,phases      ] GC(849)   Pre Evacuate Collection Set: 0.22ms
[5680.293s][info][gc,phases      ] GC(849)   Merge Heap Roots: 0.57ms
[5680.293s][info][gc,phases      ] GC(849)   Evacuate Collection Set: 150.41ms
[5680.293s][info][gc,phases      ] GC(849)   Post Evacuate Collection Set: 1.01ms
[5680.293s][info][gc,phases      ] GC(849)   Other: 0.07ms
[5680.293s][info][gc,heap        ] GC(849) Eden regions: 571->0(570)
[5680.293s][info][gc,heap        ] GC(849) Survivor regions: 43->44(77)
[5680.293s][info][gc,heap        ] GC(849) Old regions: 249->256
[5680.293s][info][gc,heap        ] GC(849) Humongous regions: 33->33
[5680.293s][info][gc,metaspace   ] GC(849) Metaspace: 29945K(30400K)->29945K(30400K) NonClass: 24537K(24768K)->24537K(24768K) Class: 5408K(5632K)->5408K(5632K)
[5680.293s][info][gc             ] GC(849) Pause Young (Normal) (G1 Evacuation Pause) 7153M->2647M(8192M) 152.413ms
[5680.293s][info][gc,cpu         ] GC(849) User=1.21s Sys=0.00s Real=0.15s
....[5683.952s][info][gc,start       ] GC(850) Pause Young (Normal) (G1 Evacuation Pause)
[5683.952s][info][gc,task        ] GC(850) Using 8 workers of 8 for evacuation
[5684.096s][info][gc,phases      ] GC(850)   Pre Evacuate Collection Set: 0.24ms
[5684.096s][info][gc,phases      ] GC(850)   Merge Heap Roots: 0.49ms
[5684.096s][info][gc,phases      ] GC(850)   Evacuate Collection Set: 142.24ms
[5684.096s][info][gc,phases      ] GC(850)   Post Evacuate Collection Set: 1.02ms
[5684.096s][info][gc,phases      ] GC(850)   Other: 0.06ms
[5684.096s][info][gc,heap        ] GC(850) Eden regions: 570->0(572)
[5684.096s][info][gc,heap        ] GC(850) Survivor regions: 44->42(77)
[5684.096s][info][gc,heap        ] GC(850) Old regions: 256->264
[5684.096s][info][gc,heap        ] GC(850) Humongous regions: 33->33
[5684.096s][info][gc,metaspace   ] GC(850) Metaspace: 29945K(30400K)->29945K(30400K) NonClass: 24537K(24768K)->24537K(24768K) Class: 5408K(5632K)->5408K(5632K)
[5684.096s][info][gc             ] GC(850) Pause Young (Normal) (G1 Evacuation Pause) 7207M->2688M(8192M) 144.182ms
[5684.096s][info][gc,cpu         ] GC(850) User=1.15s Sys=0.00s Real=0.15s
....[5687.739s][info][gc,start       ] GC(851) Pause Young (Normal) (G1 Evacuation Pause)
[5687.739s][info][gc,task        ] GC(851) Using 8 workers of 8 for evacuation
[5687.890s][info][gc,phases      ] GC(851)   Pre Evacuate Collection Set: 0.25ms
[5687.890s][info][gc,phases      ] GC(851)   Merge Heap Roots: 0.52ms
[5687.890s][info][gc,phases      ] GC(851)   Evacuate Collection Set: 148.65ms
[5687.890s][info][gc,phases      ] GC(851)   Post Evacuate Collection Set: 1.00ms
[5687.890s][info][gc,phases      ] GC(851)   Other: 0.07ms
[5687.890s][info][gc,heap        ] GC(851) Eden regions: 572->0(570)
[5687.890s][info][gc,heap        ] GC(851) Survivor regions: 42->44(77)
[5687.890s][info][gc,heap        ] GC(851) Old regions: 264->271
[5687.890s][info][gc,heap        ] GC(851) Humongous regions: 33->33
[5687.890s][info][gc,metaspace   ] GC(851) Metaspace: 29945K(30400K)->29945K(30400K) NonClass: 24537K(24768K)->24537K(24768K) Class: 5408K(5632K)->5408K(5632K)
[5687.890s][info][gc             ] GC(851) Pause Young (Normal) (G1 Evacuation Pause) 7264M->2762M(8192M) 150.644ms
[5687.890s][info][gc,cpu         ] GC(851) User=1.20s Sys=0.00s Real=0.15s
....[5691.624s][info][gc,start       ] GC(852) Pause Young (Normal) (G1 Evacuation Pause)
[5691.624s][info][gc,task        ] GC(852) Using 8 workers of 8 for evacuation
[5691.775s][info][gc,phases      ] GC(852)   Pre Evacuate Collection Set: 0.23ms
[5691.775s][info][gc,phases      ] GC(852)   Merge Heap Roots: 0.49ms
[5691.776s][info][gc,phases      ] GC(852)   Evacuate Collection Set: 149.32ms
[5691.776s][info][gc,phases      ] GC(852)   Post Evacuate Collection Set: 0.99ms
[5691.776s][info][gc,phases      ] GC(852)   Other: 0.06ms
[5691.776s][info][gc,heap        ] GC(852) Eden regions: 570->0(571)
[5691.776s][info][gc,heap        ] GC(852) Survivor regions: 44->43(77)
[5691.776s][info][gc,heap        ] GC(852) Old regions: 271->278
[5691.776s][info][gc,heap        ] GC(852) Humongous regions: 33->33
[5691.776s][info][gc,metaspace   ] GC(852) Metaspace: 29945K(30400K)->29945K(30400K) NonClass: 24537K(24768K)->24537K(24768K) Class: 5408K(5632K)->5408K(5632K)
[5691.776s][info][gc             ] GC(852) Pause Young (Normal) (G1 Evacuation Pause) 7322M->2817M(8192M) 151.224ms
[5691.776s][info][gc,cpu         ] GC(852) User=1.19s Sys=0.01s Real=0.16s
....[5695.412s][info][gc,start       ] GC(853) Pause Young (Normal) (G1 Evacuation Pause)
[5695.413s][info][gc,task        ] GC(853) Using 8 workers of 8 for evacuation
[5695.558s][info][gc,phases      ] GC(853)   Pre Evacuate Collection Set: 0.27ms
[5695.558s][info][gc,phases      ] GC(853)   Merge Heap Roots: 0.58ms
[5695.558s][info][gc,phases      ] GC(853)   Evacuate Collection Set: 143.40ms
[5695.558s][info][gc,phases      ] GC(853)   Post Evacuate Collection Set: 1.00ms
[5695.558s][info][gc,phases      ] GC(853)   Other: 0.09ms
[5695.558s][info][gc,heap        ] GC(853) Eden regions: 571->0(570)
[5695.558s][info][gc,heap        ] GC(853) Survivor regions: 43->42(77)
[5695.558s][info][gc,heap        ] GC(853) Old regions: 278->285
[5695.558s][info][gc,heap        ] GC(853) Humongous regions: 33->33
[5695.558s][info][gc,metaspace   ] GC(853) Metaspace: 29945K(30400K)->29945K(30400K) NonClass: 24537K(24768K)->24537K(24768K) Class: 5408K(5632K)->5408K(5632K)
[5695.558s][info][gc             ] GC(853) Pause Young (Normal) (G1 Evacuation Pause) 7385M->2867M(8192M) 145.463ms
[5695.558s][info][gc,cpu         ] GC(853) User=1.15s Sys=0.01s Real=0.15s
...[5699.119s][info][gc,start       ] GC(854) Pause Young (Normal) (G1 Evacuation Pause)
[5699.119s][info][gc,task        ] GC(854) Using 8 workers of 8 for evacuation
[5699.273s][info][gc,phases      ] GC(854)   Pre Evacuate Collection Set: 0.22ms
[5699.273s][info][gc,phases      ] GC(854)   Merge Heap Roots: 0.51ms
[5699.273s][info][gc,phases      ] GC(854)   Evacuate Collection Set: 152.59ms
[5699.273s][info][gc,phases      ] GC(854)   Post Evacuate Collection Set: 1.02ms
[5699.273s][info][gc,phases      ] GC(854)   Other: 0.06ms
[5699.273s][info][gc,heap        ] GC(854) Eden regions: 570->0(559)
[5699.273s][info][gc,heap        ] GC(854) Survivor regions: 42->44(77)
[5699.273s][info][gc,heap        ] GC(854) Old regions: 285->292
[5699.273s][info][gc,heap        ] GC(854) Humongous regions: 33->33
[5699.273s][info][gc,metaspace   ] GC(854) Metaspace: 29945K(30400K)->29945K(30400K) NonClass: 24537K(24768K)->24537K(24768K) Class: 5408K(5632K)->5408K(5632K)
[5699.273s][info][gc             ] GC(854) Pause Young (Normal) (G1 Evacuation Pause) 7427M->2939M(8192M) 154.549ms
[5699.273s][info][gc,cpu         ] GC(854) User=1.22s Sys=0.00s Real=0.15s
....[5702.890s][info][gc,start       ] GC(855) Pause Young (Normal) (G1 Evacuation Pause)
[5702.890s][info][gc,task        ] GC(855) Using 8 workers of 8 for evacuation
[5703.040s][info][gc,phases      ] GC(855)   Pre Evacuate Collection Set: 0.26ms
[5703.040s][info][gc,phases      ] GC(855)   Merge Heap Roots: 0.59ms
[5703.040s][info][gc,phases      ] GC(855)   Evacuate Collection Set: 148.00ms
[5703.040s][info][gc,phases      ] GC(855)   Post Evacuate Collection Set: 0.98ms
[5703.040s][info][gc,phases      ] GC(855)   Other: 0.06ms
[5703.040s][info][gc,heap        ] GC(855) Eden regions: 559->0(551)
[5703.040s][info][gc,heap        ] GC(855) Survivor regions: 44->44(76)
[5703.040s][info][gc,heap        ] GC(855) Old regions: 292->300
[5703.040s][info][gc,heap        ] GC(855) Humongous regions: 33->33
[5703.040s][info][gc,metaspace   ] GC(855) Metaspace: 29945K(30400K)->29945K(30400K) NonClass: 24537K(24768K)->24537K(24768K) Class: 5408K(5632K)->5408K(5632K)
[5703.040s][info][gc             ] GC(855) Pause Young (Normal) (G1 Evacuation Pause) 7411M->2992M(8192M) 150.022ms
[5703.040s][info][gc,cpu         ] GC(855) User=1.19s Sys=0.00s Real=0.15s
....[5706.536s][info][gc,start       ] GC(856) Pause Young (Normal) (G1 Evacuation Pause)
[5706.536s][info][gc,task        ] GC(856) Using 8 workers of 8 for evacuation
[5706.681s][info][gc,phases      ] GC(856)   Pre Evacuate Collection Set: 0.23ms
[5706.681s][info][gc,phases      ] GC(856)   Merge Heap Roots: 0.52ms
[5706.681s][info][gc,phases      ] GC(856)   Evacuate Collection Set: 142.92ms
[5706.681s][info][gc,phases      ] GC(856)   Post Evacuate Collection Set: 0.99ms
[5706.681s][info][gc,phases      ] GC(856)   Other: 0.06ms
[5706.681s][info][gc,heap        ] GC(856) Eden regions: 551->0(548)
[5706.681s][info][gc,heap        ] GC(856) Survivor regions: 44->42(75)
[5706.681s][info][gc,heap        ] GC(856) Old regions: 300->307
[5706.681s][info][gc,heap        ] GC(856) Humongous regions: 33->33
[5706.681s][info][gc,metaspace   ] GC(856) Metaspace: 29945K(30400K)->29945K(30400K) NonClass: 24537K(24768K)->24537K(24768K) Class: 5408K(5632K)->5408K(5632K)
[5706.681s][info][gc             ] GC(856) Pause Young (Normal) (G1 Evacuation Pause) 7400M->3037M(8192M) 144.856ms
[5706.681s][info][gc,cpu         ] GC(856) User=1.15s Sys=0.00s Real=0.14s
...[5710.214s][info][gc,start       ] GC(857) Pause Young (Concurrent Start) (G1 Evacuation Pause)
[5710.214s][info][gc,task        ] GC(857) Using 8 workers of 8 for evacuation
[5710.368s][info][gc,phases      ] GC(857)   Pre Evacuate Collection Set: 0.28ms
[5710.368s][info][gc,phases      ] GC(857)   Merge Heap Roots: 0.50ms
[5710.368s][info][gc,phases      ] GC(857)   Evacuate Collection Set: 152.39ms
[5710.368s][info][gc,phases      ] GC(857)   Post Evacuate Collection Set: 0.99ms
[5710.368s][info][gc,phases      ] GC(857)   Other: 0.09ms
[5710.368s][info][gc,heap        ] GC(857) Eden regions: 548->0(538)
[5710.368s][info][gc,heap        ] GC(857) Survivor regions: 42->43(74)
[5710.368s][info][gc,heap        ] GC(857) Old regions: 307->315
[5710.368s][info][gc,heap        ] GC(857) Humongous regions: 33->33
[5710.368s][info][gc,metaspace   ] GC(857) Metaspace: 29945K(30400K)->29945K(30400K) NonClass: 24537K(24768K)->24537K(24768K) Class: 5408K(5632K)->5408K(5632K)
[5710.368s][info][gc             ] GC(857) Pause Young (Concurrent Start) (G1 Evacuation Pause) 7421M->3110M(8192M) 154.390ms
[5710.368s][info][gc             ] GC(858) Concurrent Mark Cycle
[5710.368s][info][gc,marking     ] GC(858) Concurrent Scan Root Regions
[5710.368s][info][gc,cpu         ] GC(857) User=1.22s Sys=0.00s Real=0.16s
.[5710.632s][info][gc,marking     ] GC(858) Concurrent Scan Root Regions 264.347ms
[5710.632s][info][gc,marking     ] GC(858) Concurrent Mark
[5710.632s][info][gc,marking     ] GC(858) Concurrent Mark From Roots
[5710.632s][info][gc,task        ] GC(858) Using 2 workers of 2 for marking
.[5711.942s][info][gc,marking     ] GC(858) Concurrent Mark From Roots 1309.342ms
[5711.942s][info][gc,marking     ] GC(858) Concurrent Preclean
[5711.942s][info][gc,marking     ] GC(858) Concurrent Preclean 0.123ms
[5711.942s][info][gc,start       ] GC(858) Pause Remark
[5711.944s][info][gc             ] GC(858) Pause Remark 4918M->4422M(8192M) 1.618ms
[5711.944s][info][gc,cpu         ] GC(858) User=0.01s Sys=0.00s Real=0.00s
[5711.944s][info][gc,marking     ] GC(858) Concurrent Mark 1311.399ms
[5711.944s][info][gc,marking     ] GC(858) Concurrent Rebuild Remembered Sets and Scrub Regions
.[5712.856s][info][gc,marking     ] GC(858) Concurrent Rebuild Remembered Sets and Scrub Regions 912.552ms
[5712.857s][info][gc,start       ] GC(858) Pause Cleanup
[5712.857s][info][gc             ] GC(858) Pause Cleanup 5571M->5571M(8192M) 0.279ms
[5712.857s][info][gc,cpu         ] GC(858) User=0.01s Sys=0.00s Real=0.00s
[5712.857s][info][gc,marking     ] GC(858) Concurrent Clear Claimed Marks
[5712.857s][info][gc,marking     ] GC(858) Concurrent Clear Claimed Marks 0.052ms
[5712.857s][info][gc,marking     ] GC(858) Concurrent Cleanup for Next Mark
[5712.868s][info][gc,marking     ] GC(858) Concurrent Cleanup for Next Mark 10.419ms
[5712.868s][info][gc             ] GC(858) Concurrent Mark Cycle 2499.662ms
.[5713.872s][info][gc,start       ] GC(859) Pause Young (Prepare Mixed) (G1 Evacuation Pause)
[5713.872s][info][gc,task        ] GC(859) Using 8 workers of 8 for evacuation
[5714.022s][info][gc,phases      ] GC(859)   Pre Evacuate Collection Set: 0.26ms
[5714.022s][info][gc,phases      ] GC(859)   Merge Heap Roots: 0.72ms
[5714.022s][info][gc,phases      ] GC(859)   Evacuate Collection Set: 147.66ms
[5714.022s][info][gc,phases      ] GC(859)   Post Evacuate Collection Set: 1.13ms
[5714.022s][info][gc,phases      ] GC(859)   Other: 0.07ms
[5714.022s][info][gc,heap        ] GC(859) Eden regions: 538->0(571)
[5714.022s][info][gc,heap        ] GC(859) Survivor regions: 43->43(73)
[5714.022s][info][gc,heap        ] GC(859) Old regions: 253->260
[5714.022s][info][gc,heap        ] GC(859) Humongous regions: 33->33
[5714.022s][info][gc,metaspace   ] GC(859) Metaspace: 29945K(30400K)->29945K(30400K) NonClass: 24537K(24768K)->24537K(24768K) Class: 5408K(5632K)->5408K(5632K)
[5714.022s][info][gc             ] GC(859) Pause Young (Prepare Mixed) (G1 Evacuation Pause) 6918M->2670M(8192M) 149.977ms
[5714.022s][info][gc,cpu         ] GC(859) User=1.19s Sys=0.00s Real=0.15s
....[5717.657s][info][gc,start       ] GC(860) Pause Young (Mixed) (G1 Evacuation Pause)
[5717.657s][info][gc,task        ] GC(860) Using 8 workers of 8 for evacuation
[5717.809s][info][gc,phases      ] GC(860)   Pre Evacuate Collection Set: 0.28ms
[5717.809s][info][gc,phases      ] GC(860)   Merge Heap Roots: 0.78ms
[5717.809s][info][gc,phases      ] GC(860)   Evacuate Collection Set: 150.32ms
[5717.809s][info][gc,phases      ] GC(860)   Post Evacuate Collection Set: 1.21ms
[5717.809s][info][gc,phases      ] GC(860)   Other: 0.07ms
[5717.809s][info][gc,heap        ] GC(860) Eden regions: 571->0(571)
[5717.809s][info][gc,heap        ] GC(860) Survivor regions: 43->43(77)
[5717.809s][info][gc,heap        ] GC(860) Old regions: 260->165
[5717.809s][info][gc,heap        ] GC(860) Humongous regions: 33->33
[5717.809s][info][gc,metaspace   ] GC(860) Metaspace: 29945K(30400K)->29945K(30400K) NonClass: 24537K(24768K)->24537K(24768K) Class: 5408K(5632K)->5408K(5632K)
[5717.809s][info][gc             ] GC(860) Pause Young (Mixed) (G1 Evacuation Pause) 7238M->1908M(8192M) 152.789ms
[5717.809s][info][gc,cpu         ] GC(860) User=1.21s Sys=0.00s Real=0.15s
....[5721.491s][info][gc,start       ] GC(861) Pause Young (Mixed) (G1 Evacuation Pause)
[5721.491s][info][gc,task        ] GC(861) Using 8 workers of 8 for evacuation
[5721.652s][info][gc,phases      ] GC(861)   Pre Evacuate Collection Set: 0.24ms
[5721.653s][info][gc,phases      ] GC(861)   Merge Heap Roots: 0.81ms
[5721.653s][info][gc,phases      ] GC(861)   Evacuate Collection Set: 159.47ms
[5721.653s][info][gc,phases      ] GC(861)   Post Evacuate Collection Set: 1.02ms
[5721.653s][info][gc,phases      ] GC(861)   Other: 0.07ms
[5721.653s][info][gc,heap        ] GC(861) Eden regions: 571->0(570)
[5721.653s][info][gc,heap        ] GC(861) Survivor regions: 43->44(77)
[5721.653s][info][gc,heap        ] GC(861) Old regions: 165->144
[5721.653s][info][gc,heap        ] GC(861) Humongous regions: 33->33
[5721.653s][info][gc,metaspace   ] GC(861) Metaspace: 29945K(30400K)->29945K(30400K) NonClass: 24537K(24768K)->24537K(24768K) Class: 5408K(5632K)->5408K(5632K)
[5721.653s][info][gc             ] GC(861) Pause Young (Mixed) (G1 Evacuation Pause) 6476M->1744M(8192M) 161.750ms
[5721.653s][info][gc,cpu         ] GC(861) User=1.28s Sys=0.00s Real=0.16s
.. (rIR:aIR:PR = 10089:9995:9994) (tPR = 146947) [OK] 
  5723s: Performance info:
         Transaction,    Success,    Partial,     Failed,   Receipts, AvgBarcode, 
             Overall,     601226,          0,          0,     570994,      59.48, 
         Response times:
             Request,    Success,    Partial,     Failed,   SkipFail,     Probes,    Samples,      min,      p50,      p90,      p95,      p99,      max, 
       TotalPurchase,     571033,          0,          0,          0,     358270,     435840,      300,     7600,    52000,    88000,   155000,  2700000,
     InStorePurchase,     301960,          0,          0,          0,     188244,     228523,      300,     7600,    52000,    88000,   159000,  2700000,
      OnlinePurchase,     207877,          0,          0,          0,     132227,     161050,      300,     7500,    52000,    87000,   152000,  2700000,
        InstPurchase,      61196,          0,          0,          0,      37799,      46267,      400,     7600,    53000,    89000,   142000,   660000,
          AssocOfCat,        610,          0,          0,          0,        476,        678,    32000,    60000,   120100,   154050,   209630,   275000,
      AssocOfProduct,       6142,          0,          0,          0,       3376,       4299,      600,     7100,    48000,    83000,   156000,  2500000,
      BusinessReport,       1518,          0,          0,          0,       1380,       1815,    35000,    66000,   122400,   164000,   229840,   553000,
          CustBuyBeh,       5974,          0,          0,          0,       3383,       4328,      300,     8000,    51000,    84000,   131710,   386000,
       ProductReturn,      16013,          0,          0,          0,       9589,      11914,      200,     6700,    51000,    84000,   144000,  2600000,

  5723s: (72%)   IR =  10231 .[5725.312s][info][gc,start       ] GC(862) Pause Young (Normal) (G1 Evacuation Pause)
[5725.312s][info][gc,task        ] GC(862) Using 8 workers of 8 for evacuation
[5725.467s][info][gc,phases      ] GC(862)   Pre Evacuate Collection Set: 0.23ms
[5725.467s][info][gc,phases      ] GC(862)   Merge Heap Roots: 0.52ms
[5725.467s][info][gc,phases      ] GC(862)   Evacuate Collection Set: 153.11ms
[5725.467s][info][gc,phases      ] GC(862)   Post Evacuate Collection Set: 1.00ms
[5725.467s][info][gc,phases      ] GC(862)   Other: 0.07ms
[5725.467s][info][gc,heap        ] GC(862) Eden regions: 570->0(570)
[5725.467s][info][gc,heap        ] GC(862) Survivor regions: 44->44(77)
[5725.467s][info][gc,heap        ] GC(862) Old regions: 144->151
[5725.467s][info][gc,heap        ] GC(862) Humongous regions: 33->33
[5725.467s][info][gc,metaspace   ] GC(862) Metaspace: 29946K(30400K)->29946K(30400K) NonClass: 24537K(24768K)->24537K(24768K) Class: 5408K(5632K)->5408K(5632K)
[5725.467s][info][gc             ] GC(862) Pause Young (Normal) (G1 Evacuation Pause) 6304M->1806M(8192M) 155.046ms
[5725.467s][info][gc,cpu         ] GC(862) User=1.22s Sys=0.00s Real=0.16s
....[5729.016s][info][gc,start       ] GC(863) Pause Young (Normal) (G1 Evacuation Pause)
[5729.016s][info][gc,task        ] GC(863) Using 8 workers of 8 for evacuation
[5729.171s][info][gc,phases      ] GC(863)   Pre Evacuate Collection Set: 0.22ms
[5729.171s][info][gc,phases      ] GC(863)   Merge Heap Roots: 0.48ms
[5729.171s][info][gc,phases      ] GC(863)   Evacuate Collection Set: 152.99ms
[5729.171s][info][gc,phases      ] GC(863)   Post Evacuate Collection Set: 1.00ms
[5729.171s][info][gc,phases      ] GC(863)   Other: 0.06ms
[5729.171s][info][gc,heap        ] GC(863) Eden regions: 570->0(570)
[5729.171s][info][gc,heap        ] GC(863) Survivor regions: 44->44(77)
[5729.171s][info][gc,heap        ] GC(863) Old regions: 151->158
[5729.171s][info][gc,heap        ] GC(863) Humongous regions: 33->33
[5729.171s][info][gc,metaspace   ] GC(863) Metaspace: 29946K(30400K)->29946K(30400K) NonClass: 24537K(24768K)->24537K(24768K) Class: 5408K(5632K)->5408K(5632K)
[5729.171s][info][gc             ] GC(863) Pause Young (Normal) (G1 Evacuation Pause) 6366M->1859M(8192M) 154.890ms
[5729.171s][info][gc,cpu         ] GC(863) User=1.22s Sys=0.00s Real=0.15s
....|[5732.767s][info][gc,start       ] GC(864) Pause Young (Normal) (G1 Evacuation Pause)
[5732.767s][info][gc,task        ] GC(864) Using 8 workers of 8 for evacuation
[5732.917s][info][gc,phases      ] GC(864)   Pre Evacuate Collection Set: 0.23ms
[5732.917s][info][gc,phases      ] GC(864)   Merge Heap Roots: 0.52ms
[5732.917s][info][gc,phases      ] GC(864)   Evacuate Collection Set: 148.63ms
[5732.917s][info][gc,phases      ] GC(864)   Post Evacuate Collection Set: 1.00ms
[5732.917s][info][gc,phases      ] GC(864)   Other: 0.06ms
[5732.917s][info][gc,heap        ] GC(864) Eden regions: 570->0(572)
[5732.917s][info][gc,heap        ] GC(864) Survivor regions: 44->42(77)
[5732.917s][info][gc,heap        ] GC(864) Old regions: 158->165
[5732.917s][info][gc,heap        ] GC(864) Humongous regions: 33->33
[5732.917s][info][gc,metaspace   ] GC(864) Metaspace: 29946K(30400K)->29946K(30400K) NonClass: 24537K(24768K)->24537K(24768K) Class: 5408K(5632K)->5408K(5632K)
[5732.917s][info][gc             ] GC(864) Pause Young (Normal) (G1 Evacuation Pause) 6419M->1902M(8192M) 150.571ms
[5732.917s][info][gc,cpu         ] GC(864) User=1.19s Sys=0.00s Real=0.15s
....[5736.599s][info][gc,start       ] GC(865) Pause Young (Normal) (G1 Evacuation Pause)
[5736.599s][info][gc,task        ] GC(865) Using 8 workers of 8 for evacuation
[5736.747s][info][gc,phases      ] GC(865)   Pre Evacuate Collection Set: 0.24ms
[5736.747s][info][gc,phases      ] GC(865)   Merge Heap Roots: 0.48ms
[5736.747s][info][gc,phases      ] GC(865)   Evacuate Collection Set: 146.64ms
[5736.747s][info][gc,phases      ] GC(865)   Post Evacuate Collection Set: 1.02ms
[5736.747s][info][gc,phases      ] GC(865)   Other: 0.06ms
[5736.747s][info][gc,heap        ] GC(865) Eden regions: 572->0(571)
[5736.747s][info][gc,heap        ] GC(865) Survivor regions: 42->43(77)
[5736.747s][info][gc,heap        ] GC(865) Old regions: 165->172
[5736.747s][info][gc,heap        ] GC(865) Humongous regions: 33->33
[5736.747s][info][gc,metaspace   ] GC(865) Metaspace: 29946K(30400K)->29946K(30400K) NonClass: 24537K(24768K)->24537K(24768K) Class: 5408K(5632K)->5408K(5632K)
[5736.747s][info][gc             ] GC(865) Pause Young (Normal) (G1 Evacuation Pause) 6478M->1963M(8192M) 148.579ms
[5736.747s][info][gc,cpu         ] GC(865) User=1.17s Sys=0.00s Real=0.15s
...[5740.384s][info][gc,start       ] GC(866) Pause Young (Normal) (G1 Evacuation Pause)
[5740.384s][info][gc,task        ] GC(866) Using 8 workers of 8 for evacuation
[5740.534s][info][gc,phases      ] GC(866)   Pre Evacuate Collection Set: 0.23ms
[5740.534s][info][gc,phases      ] GC(866)   Merge Heap Roots: 0.52ms
[5740.534s][info][gc,phases      ] GC(866)   Evacuate Collection Set: 148.22ms
[5740.534s][info][gc,phases      ] GC(866)   Post Evacuate Collection Set: 1.02ms
[5740.534s][info][gc,phases      ] GC(866)   Other: 0.07ms
[5740.534s][info][gc,heap        ] GC(866) Eden regions: 571->0(570)
[5740.534s][info][gc,heap        ] GC(866) Survivor regions: 43->44(77)
[5740.534s][info][gc,heap        ] GC(866) Old regions: 172->179
[5740.534s][info][gc,heap        ] GC(866) Humongous regions: 33->33
[5740.534s][info][gc,metaspace   ] GC(866) Metaspace: 29946K(30400K)->29946K(30400K) NonClass: 24537K(24768K)->24537K(24768K) Class: 5408K(5632K)->5408K(5632K)
[5740.534s][info][gc             ] GC(866) Pause Young (Normal) (G1 Evacuation Pause) 6531M->2028M(8192M) 150.193ms
[5740.534s][info][gc,cpu         ] GC(866) User=1.19s Sys=0.00s Real=0.15s
....[5744.122s][info][gc,start       ] GC(867) Pause Young (Normal) (G1 Evacuation Pause)
[5744.122s][info][gc,task        ] GC(867) Using 8 workers of 8 for evacuation
[5744.276s][info][gc,phases      ] GC(867)   Pre Evacuate Collection Set: 0.25ms
[5744.276s][info][gc,phases      ] GC(867)   Merge Heap Roots: 0.52ms
[5744.276s][info][gc,phases      ] GC(867)   Evacuate Collection Set: 152.12ms
[5744.276s][info][gc,phases      ] GC(867)   Post Evacuate Collection Set: 0.97ms
[5744.276s][info][gc,phases      ] GC(867)   Other: 0.06ms
[5744.276s][info][gc,heap        ] GC(867) Eden regions: 570->0(570)
[5744.276s][info][gc,heap        ] GC(867) Survivor regions: 44->44(77)
[5744.276s][info][gc,heap        ] GC(867) Old regions: 179->187
[5744.276s][info][gc,heap        ] GC(867) Humongous regions: 33->33
[5744.276s][info][gc,metaspace   ] GC(867) Metaspace: 29946K(30400K)->29946K(30400K) NonClass: 24537K(24768K)->24537K(24768K) Class: 5408K(5632K)->5408K(5632K)
[5744.276s][info][gc             ] GC(867) Pause Young (Normal) (G1 Evacuation Pause) 6588M->2094M(8192M) 154.063ms
[5744.276s][info][gc,cpu         ] GC(867) User=1.22s Sys=0.00s Real=0.16s
....[5747.849s][info][gc,start       ] GC(868) Pause Young (Normal) (G1 Evacuation Pause)
[5747.849s][info][gc,task        ] GC(868) Using 8 workers of 8 for evacuation
[5747.997s][info][gc,phases      ] GC(868)   Pre Evacuate Collection Set: 0.25ms
[5747.997s][info][gc,phases      ] GC(868)   Merge Heap Roots: 0.54ms
[5747.997s][info][gc,phases      ] GC(868)   Evacuate Collection Set: 145.97ms
[5747.997s][info][gc,phases      ] GC(868)   Post Evacuate Collection Set: 1.06ms
[5747.997s][info][gc,phases      ] GC(868)   Other: 0.07ms
[5747.997s][info][gc,heap        ] GC(868) Eden regions: 570->0(572)
[5747.997s][info][gc,heap        ] GC(868) Survivor regions: 44->42(77)
[5747.997s][info][gc,heap        ] GC(868) Old regions: 187->194
[5747.997s][info][gc,heap        ] GC(868) Humongous regions: 33->33
[5747.997s][info][gc,metaspace   ] GC(868) Metaspace: 29946K(30400K)->29946K(30400K) NonClass: 24537K(24768K)->24537K(24768K) Class: 5408K(5632K)->5408K(5632K)
[5747.997s][info][gc             ] GC(868) Pause Young (Normal) (G1 Evacuation Pause) 6654M->2135M(8192M) 148.027ms
[5747.997s][info][gc,cpu         ] GC(868) User=1.18s Sys=0.01s Real=0.15s
...[5751.556s][info][gc,start       ] GC(869) Pause Young (Normal) (G1 Evacuation Pause)
[5751.556s][info][gc,task        ] GC(869) Using 8 workers of 8 for evacuation
[5751.706s][info][gc,phases      ] GC(869)   Pre Evacuate Collection Set: 0.23ms
[5751.706s][info][gc,phases      ] GC(869)   Merge Heap Roots: 0.51ms
[5751.706s][info][gc,phases      ] GC(869)   Evacuate Collection Set: 148.95ms
[5751.706s][info][gc,phases      ] GC(869)   Post Evacuate Collection Set: 1.04ms
[5751.706s][info][gc,phases      ] GC(869)   Other: 0.06ms
[5751.706s][info][gc,heap        ] GC(869) Eden regions: 572->0(571)
[5751.706s][info][gc,heap        ] GC(869) Survivor regions: 42->43(77)
[5751.706s][info][gc,heap        ] GC(869) Old regions: 194->201
[5751.706s][info][gc,heap        ] GC(869) Humongous regions: 33->33
[5751.706s][info][gc,metaspace   ] GC(869) Metaspace: 29946K(30400K)->29946K(30400K) NonClass: 24537K(24768K)->24537K(24768K) Class: 5408K(5632K)->5408K(5632K)
[5751.707s][info][gc             ] GC(869) Pause Young (Normal) (G1 Evacuation Pause) 6711M->2200M(8192M) 150.931ms
[5751.707s][info][gc,cpu         ] GC(869) User=1.19s Sys=0.01s Real=0.15s
....[5755.360s][info][gc,start       ] GC(870) Pause Young (Normal) (G1 Evacuation Pause)
[5755.360s][info][gc,task        ] GC(870) Using 8 workers of 8 for evacuation
[5755.516s][info][gc,phases      ] GC(870)   Pre Evacuate Collection Set: 0.22ms
[5755.516s][info][gc,phases      ] GC(870)   Merge Heap Roots: 0.50ms
[5755.516s][info][gc,phases      ] GC(870)   Evacuate Collection Set: 154.04ms
[5755.516s][info][gc,phases      ] GC(870)   Post Evacuate Collection Set: 1.00ms
[5755.516s][info][gc,phases      ] GC(870)   Other: 0.07ms
[5755.516s][info][gc,heap        ] GC(870) Eden regions: 571->0(570)
[5755.516s][info][gc,heap        ] GC(870) Survivor regions: 43->44(77)
[5755.516s][info][gc,heap        ] GC(870) Old regions: 201->208
[5755.516s][info][gc,heap        ] GC(870) Humongous regions: 33->33
[5755.516s][info][gc,metaspace   ] GC(870) Metaspace: 29946K(30400K)->29946K(30400K) NonClass: 24537K(24768K)->24537K(24768K) Class: 5408K(5632K)->5408K(5632K)
[5755.516s][info][gc             ] GC(870) Pause Young (Normal) (G1 Evacuation Pause) 6768M->2267M(8192M) 155.960ms
[5755.516s][info][gc,cpu         ] GC(870) User=1.23s Sys=0.00s Real=0.16s
....[5759.259s][info][gc,start       ] GC(871) Pause Young (Normal) (G1 Evacuation Pause)
[5759.259s][info][gc,task        ] GC(871) Using 8 workers of 8 for evacuation
[5759.412s][info][gc,phases      ] GC(871)   Pre Evacuate Collection Set: 0.25ms
[5759.412s][info][gc,phases      ] GC(871)   Merge Heap Roots: 0.51ms
[5759.412s][info][gc,phases      ] GC(871)   Evacuate Collection Set: 150.95ms
[5759.412s][info][gc,phases      ] GC(871)   Post Evacuate Collection Set: 0.99ms
[5759.412s][info][gc,phases      ] GC(871)   Other: 0.08ms
[5759.412s][info][gc,heap        ] GC(871) Eden regions: 570->0(571)
[5759.412s][info][gc,heap        ] GC(871) Survivor regions: 44->43(77)
[5759.412s][info][gc,heap        ] GC(871) Old regions: 208->216
[5759.412s][info][gc,heap        ] GC(871) Humongous regions: 33->33
[5759.412s][info][gc,metaspace   ] GC(871) Metaspace: 29946K(30400K)->29946K(30400K) NonClass: 24537K(24768K)->24537K(24768K) Class: 5408K(5632K)->5408K(5632K)
[5759.412s][info][gc             ] GC(871) Pause Young (Normal) (G1 Evacuation Pause) 6827M->2319M(8192M) 152.913ms
[5759.412s][info][gc,cpu         ] GC(871) User=1.21s Sys=0.00s Real=0.15s
....[5762.998s][info][gc,start       ] GC(872) Pause Young (Normal) (G1 Evacuation Pause)
[5762.998s][info][gc,task        ] GC(872) Using 8 workers of 8 for evacuation
[5763.146s][info][gc,phases      ] GC(872)   Pre Evacuate Collection Set: 0.23ms
[5763.146s][info][gc,phases      ] GC(872)   Merge Heap Roots: 0.51ms
[5763.146s][info][gc,phases      ] GC(872)   Evacuate Collection Set: 146.33ms
[5763.146s][info][gc,phases      ] GC(872)   Post Evacuate Collection Set: 1.01ms
[5763.146s][info][gc,phases      ] GC(872)   Other: 0.06ms
[5763.146s][info][gc,heap        ] GC(872) Eden regions: 571->0(572)
[5763.146s][info][gc,heap        ] GC(872) Survivor regions: 43->42(77)
[5763.146s][info][gc,heap        ] GC(872) Old regions: 216->223
[5763.146s][info][gc,heap        ] GC(872) Humongous regions: 33->33
[5763.146s][info][gc,metaspace   ] GC(872) Metaspace: 29946K(30400K)->29946K(30400K) NonClass: 24537K(24768K)->24537K(24768K) Class: 5408K(5632K)->5408K(5632K)
[5763.146s][info][gc             ] GC(872) Pause Young (Normal) (G1 Evacuation Pause) 6887M->2368M(8192M) 148.273ms
[5763.146s][info][gc,cpu         ] GC(872) User=1.17s Sys=0.00s Real=0.15s
....[5766.728s][info][gc,start       ] GC(873) Pause Young (Normal) (G1 Evacuation Pause)
[5766.728s][info][gc,task        ] GC(873) Using 8 workers of 8 for evacuation
[5766.877s][info][gc,phases      ] GC(873)   Pre Evacuate Collection Set: 0.24ms
[5766.877s][info][gc,phases      ] GC(873)   Merge Heap Roots: 0.52ms
[5766.877s][info][gc,phases      ] GC(873)   Evacuate Collection Set: 147.64ms
[5766.877s][info][gc,phases      ] GC(873)   Post Evacuate Collection Set: 1.01ms
[5766.877s][info][gc,phases      ] GC(873)   Other: 0.06ms
[5766.877s][info][gc,heap        ] GC(873) Eden regions: 572->0(571)
[5766.877s][info][gc,heap        ] GC(873) Survivor regions: 42->43(77)
[5766.877s][info][gc,heap        ] GC(873) Old regions: 223->230
[5766.877s][info][gc,heap        ] GC(873) Humongous regions: 33->33
[5766.878s][info][gc,metaspace   ] GC(873) Metaspace: 29946K(30400K)->29946K(30400K) NonClass: 24537K(24768K)->24537K(24768K) Class: 5408K(5632K)->5408K(5632K)
[5766.878s][info][gc             ] GC(873) Pause Young (Normal) (G1 Evacuation Pause) 6944M->2428M(8192M) 149.613ms
[5766.878s][info][gc,cpu         ] GC(873) User=1.18s Sys=0.01s Real=0.15s
...[5770.651s][info][gc,start       ] GC(874) Pause Young (Normal) (G1 Evacuation Pause)
[5770.651s][info][gc,task        ] GC(874) Using 8 workers of 8 for evacuation
[5770.800s][info][gc,phases      ] GC(874)   Pre Evacuate Collection Set: 0.26ms
[5770.800s][info][gc,phases      ] GC(874)   Merge Heap Roots: 0.57ms
[5770.800s][info][gc,phases      ] GC(874)   Evacuate Collection Set: 147.05ms
[5770.800s][info][gc,phases      ] GC(874)   Post Evacuate Collection Set: 0.98ms
[5770.800s][info][gc,phases      ] GC(874)   Other: 0.07ms
[5770.800s][info][gc,heap        ] GC(874) Eden regions: 571->0(571)
[5770.800s][info][gc,heap        ] GC(874) Survivor regions: 43->43(77)
[5770.800s][info][gc,heap        ] GC(874) Old regions: 230->237
[5770.800s][info][gc,heap        ] GC(874) Humongous regions: 33->33
[5770.800s][info][gc,metaspace   ] GC(874) Metaspace: 29946K(30400K)->29946K(30400K) NonClass: 24537K(24768K)->24537K(24768K) Class: 5408K(5632K)->5408K(5632K)
[5770.800s][info][gc             ] GC(874) Pause Young (Normal) (G1 Evacuation Pause) 6996M->2488M(8192M) 149.073ms
[5770.800s][info][gc,cpu         ] GC(874) User=1.18s Sys=0.01s Real=0.15s
....[5774.365s][info][gc,start       ] GC(875) Pause Young (Normal) (G1 Evacuation Pause)
[5774.365s][info][gc,task        ] GC(875) Using 8 workers of 8 for evacuation
[5774.519s][info][gc,phases      ] GC(875)   Pre Evacuate Collection Set: 0.23ms
[5774.519s][info][gc,phases      ] GC(875)   Merge Heap Roots: 0.53ms
[5774.519s][info][gc,phases      ] GC(875)   Evacuate Collection Set: 152.44ms
[5774.519s][info][gc,phases      ] GC(875)   Post Evacuate Collection Set: 1.02ms
[5774.519s][info][gc,phases      ] GC(875)   Other: 0.06ms
[5774.519s][info][gc,heap        ] GC(875) Eden regions: 571->0(570)
[5774.519s][info][gc,heap        ] GC(875) Survivor regions: 43->44(77)
[5774.519s][info][gc,heap        ] GC(875) Old regions: 237->244
[5774.519s][info][gc,heap        ] GC(875) Humongous regions: 33->33
[5774.519s][info][gc,metaspace   ] GC(875) Metaspace: 29946K(30400K)->29946K(30400K) NonClass: 24537K(24768K)->24537K(24768K) Class: 5408K(5632K)->5408K(5632K)
[5774.519s][info][gc             ] GC(875) Pause Young (Normal) (G1 Evacuation Pause) 7056M->2552M(8192M) 154.399ms
[5774.519s][info][gc,cpu         ] GC(875) User=1.23s Sys=0.00s Real=0.15s
....[5778.120s][info][gc,start       ] GC(876) Pause Young (Normal) (G1 Evacuation Pause)
[5778.120s][info][gc,task        ] GC(876) Using 8 workers of 8 for evacuation
[5778.272s][info][gc,phases      ] GC(876)   Pre Evacuate Collection Set: 0.24ms
[5778.272s][info][gc,phases      ] GC(876)   Merge Heap Roots: 0.52ms
[5778.272s][info][gc,phases      ] GC(876)   Evacuate Collection Set: 149.45ms
[5778.272s][info][gc,phases      ] GC(876)   Post Evacuate Collection Set: 1.00ms
[5778.272s][info][gc,phases      ] GC(876)   Other: 0.06ms
[5778.272s][info][gc,heap        ] GC(876) Eden regions: 570->0(570)
[5778.272s][info][gc,heap        ] GC(876) Survivor regions: 44->44(77)
[5778.272s][info][gc,heap        ] GC(876) Old regions: 244->251
[5778.272s][info][gc,heap        ] GC(876) Humongous regions: 33->33
[5778.272s][info][gc,metaspace   ] GC(876) Metaspace: 29946K(30400K)->29946K(30400K) NonClass: 24537K(24768K)->24537K(24768K) Class: 5408K(5632K)->5408K(5632K)
[5778.272s][info][gc             ] GC(876) Pause Young (Normal) (G1 Evacuation Pause) 7112M->2607M(8192M) 151.397ms
[5778.272s][info][gc,cpu         ] GC(876) User=1.20s Sys=0.00s Real=0.15s
....[5781.882s][info][gc,start       ] GC(877) Pause Young (Normal) (G1 Evacuation Pause)
[5781.882s][info][gc,task        ] GC(877) Using 8 workers of 8 for evacuation
[5782.033s][info][gc,phases      ] GC(877)   Pre Evacuate Collection Set: 0.26ms
[5782.033s][info][gc,phases      ] GC(877)   Merge Heap Roots: 0.52ms
[5782.033s][info][gc,phases      ] GC(877)   Evacuate Collection Set: 149.27ms
[5782.033s][info][gc,phases      ] GC(877)   Post Evacuate Collection Set: 1.01ms
[5782.033s][info][gc,phases      ] GC(877)   Other: 0.06ms
[5782.033s][info][gc,heap        ] GC(877) Eden regions: 570->0(571)
[5782.033s][info][gc,heap        ] GC(877) Survivor regions: 44->43(77)
[5782.033s][info][gc,heap        ] GC(877) Old regions: 251->258
[5782.033s][info][gc,heap        ] GC(877) Humongous regions: 33->33
[5782.033s][info][gc,metaspace   ] GC(877) Metaspace: 29946K(30400K)->29946K(30400K) NonClass: 24537K(24768K)->24537K(24768K) Class: 5408K(5632K)->5408K(5632K)
[5782.033s][info][gc             ] GC(877) Pause Young (Normal) (G1 Evacuation Pause) 7167M->2659M(8192M) 151.294ms
[5782.033s][info][gc,cpu         ] GC(877) User=1.19s Sys=0.00s Real=0.15s
...[5785.752s][info][gc,start       ] GC(878) Pause Young (Normal) (G1 Evacuation Pause)
[5785.752s][info][gc,task        ] GC(878) Using 8 workers of 8 for evacuation
[5785.901s][info][gc,phases      ] GC(878)   Pre Evacuate Collection Set: 0.23ms
[5785.901s][info][gc,phases      ] GC(878)   Merge Heap Roots: 0.50ms
[5785.901s][info][gc,phases      ] GC(878)   Evacuate Collection Set: 146.57ms
[5785.901s][info][gc,phases      ] GC(878)   Post Evacuate Collection Set: 0.98ms
[5785.901s][info][gc,phases      ] GC(878)   Other: 0.06ms
[5785.901s][info][gc,heap        ] GC(878) Eden regions: 571->0(571)
[5785.901s][info][gc,heap        ] GC(878) Survivor regions: 43->43(77)
[5785.901s][info][gc,heap        ] GC(878) Old regions: 258->265
[5785.901s][info][gc,heap        ] GC(878) Humongous regions: 33->33
[5785.901s][info][gc,metaspace   ] GC(878) Metaspace: 29946K(30400K)->29946K(30400K) NonClass: 24537K(24768K)->24537K(24768K) Class: 5408K(5632K)->5408K(5632K)
[5785.901s][info][gc             ] GC(878) Pause Young (Normal) (G1 Evacuation Pause) 7227M->2715M(8192M) 148.467ms
[5785.901s][info][gc,cpu         ] GC(878) User=1.18s Sys=0.00s Real=0.15s
....[5789.500s][info][gc,start       ] GC(879) Pause Young (Normal) (G1 Evacuation Pause)
[5789.500s][info][gc,task        ] GC(879) Using 8 workers of 8 for evacuation
[5789.645s][info][gc,phases      ] GC(879)   Pre Evacuate Collection Set: 0.26ms
[5789.645s][info][gc,phases      ] GC(879)   Merge Heap Roots: 0.50ms
[5789.645s][info][gc,phases      ] GC(879)   Evacuate Collection Set: 143.11ms
[5789.645s][info][gc,phases      ] GC(879)   Post Evacuate Collection Set: 0.99ms
[5789.645s][info][gc,phases      ] GC(879)   Other: 0.08ms
[5789.645s][info][gc,heap        ] GC(879) Eden regions: 571->0(571)
[5789.645s][info][gc,heap        ] GC(879) Survivor regions: 43->43(77)
[5789.645s][info][gc,heap        ] GC(879) Old regions: 265->272
[5789.646s][info][gc,heap        ] GC(879) Humongous regions: 33->33
[5789.646s][info][gc,metaspace   ] GC(879) Metaspace: 29946K(30400K)->29946K(30400K) NonClass: 24537K(24768K)->24537K(24768K) Class: 5408K(5632K)->5408K(5632K)
[5789.646s][info][gc             ] GC(879) Pause Young (Normal) (G1 Evacuation Pause) 7283M->2767M(8192M) 145.094ms
[5789.646s][info][gc,cpu         ] GC(879) User=1.15s Sys=0.00s Real=0.15s
....[5793.243s][info][gc,start       ] GC(880) Pause Young (Normal) (G1 Evacuation Pause)
[5793.243s][info][gc,task        ] GC(880) Using 8 workers of 8 for evacuation
[5793.394s][info][gc,phases      ] GC(880)   Pre Evacuate Collection Set: 0.25ms
[5793.394s][info][gc,phases      ] GC(880)   Merge Heap Roots: 0.52ms
[5793.394s][info][gc,phases      ] GC(880)   Evacuate Collection Set: 148.48ms
[5793.394s][info][gc,phases      ] GC(880)   Post Evacuate Collection Set: 1.01ms
[5793.394s][info][gc,phases      ] GC(880)   Other: 0.06ms
[5793.394s][info][gc,heap        ] GC(880) Eden regions: 571->0(571)
[5793.394s][info][gc,heap        ] GC(880) Survivor regions: 43->43(77)
[5793.394s][info][gc,heap        ] GC(880) Old regions: 272->279
[5793.394s][info][gc,heap        ] GC(880) Humongous regions: 33->33
[5793.394s][info][gc,metaspace   ] GC(880) Metaspace: 29946K(30400K)->29946K(30400K) NonClass: 24537K(24768K)->24537K(24768K) Class: 5408K(5632K)->5408K(5632K)
[5793.394s][info][gc             ] GC(880) Pause Young (Normal) (G1 Evacuation Pause) 7335M->2821M(8192M) 150.455ms
[5793.394s][info][gc,cpu         ] GC(880) User=1.20s Sys=0.00s Real=0.15s
....[5796.958s][info][gc,start       ] GC(881) Pause Young (Normal) (G1 Evacuation Pause)
[5796.958s][info][gc,task        ] GC(881) Using 8 workers of 8 for evacuation
[5797.113s][info][gc,phases      ] GC(881)   Pre Evacuate Collection Set: 0.23ms
[5797.113s][info][gc,phases      ] GC(881)   Merge Heap Roots: 0.52ms
[5797.113s][info][gc,phases      ] GC(881)   Evacuate Collection Set: 152.42ms
[5797.113s][info][gc,phases      ] GC(881)   Post Evacuate Collection Set: 1.01ms
[5797.113s][info][gc,phases      ] GC(881)   Other: 0.06ms
[5797.113s][info][gc,heap        ] GC(881) Eden regions: 571->0(565)
[5797.113s][info][gc,heap        ] GC(881) Survivor regions: 43->44(77)
[5797.113s][info][gc,heap        ] GC(881) Old regions: 279->286
[5797.113s][info][gc,heap        ] GC(881) Humongous regions: 33->33
[5797.113s][info][gc,metaspace   ] GC(881) Metaspace: 29946K(30400K)->29946K(30400K) NonClass: 24537K(24768K)->24537K(24768K) Class: 5408K(5632K)->5408K(5632K)
[5797.113s][info][gc             ] GC(881) Pause Young (Normal) (G1 Evacuation Pause) 7389M->2889M(8192M) 154.375ms
[5797.113s][info][gc,cpu         ] GC(881) User=1.22s Sys=0.00s Real=0.15s
... (rIR:aIR:PR = 10231:10137:10133) (tPR = 150081) [OK] 
  5800s: Performance info:
         Transaction,    Success,    Partial,     Failed,   Receipts, AvgBarcode, 
             Overall,     682472,          0,          0,     647930,      59.48, 
         Response times:
             Request,    Success,    Partial,     Failed,   SkipFail,     Probes,    Samples,      min,      p50,      p90,      p95,      p99,      max, 
       TotalPurchase,     648163,          0,          0,          0,     400164,     459495,      300,     7800,    37000,    73000,   122000,   710000,
     InStorePurchase,     339889,          0,          0,          0,     211216,     242243,      300,     7800,    36000,    74000,   122000,   710000,
      OnlinePurchase,     239466,          0,          0,          0,     147081,     169168,      300,     7900,    37000,    74000,   122000,   710000,
        InstPurchase,      68808,          0,          0,          0,      41867,      48084,      400,     7600,    34500,    69000,   119000,   710000,
          AssocOfCat,        689,          0,          0,          0,        592,        787,    33000,    59000,    99200,   131400,   214120,   235000,
      AssocOfProduct,       6935,          0,          0,          0,       3908,       4702,      700,     8000,    36000,    74000,   148880,   690000,
      BusinessReport,       1711,          0,          0,          0,       1490,       1880,    33000,    67000,   106000,   146950,   219950,   456000,
          CustBuyBeh,       6942,          0,          0,          0,       3944,       4762,      300,     8600,    35000,    67000,   121000,   534000,
       ProductReturn,      18312,          0,          0,          0,      10926,      12772,      200,     7700,    34000,    70000,   122270,   581000,

  5800s: (73%)   IR =  10373 [5800.752s][info][gc,start       ] GC(882) Pause Young (Normal) (G1 Evacuation Pause)
[5800.752s][info][gc,task        ] GC(882) Using 8 workers of 8 for evacuation
[5800.900s][info][gc,phases      ] GC(882)   Pre Evacuate Collection Set: 0.25ms
[5800.900s][info][gc,phases      ] GC(882)   Merge Heap Roots: 0.52ms
[5800.900s][info][gc,phases      ] GC(882)   Evacuate Collection Set: 146.71ms
[5800.900s][info][gc,phases      ] GC(882)   Post Evacuate Collection Set: 0.99ms
[5800.900s][info][gc,phases      ] GC(882)   Other: 0.06ms
[5800.900s][info][gc,heap        ] GC(882) Eden regions: 565->0(558)
[5800.900s][info][gc,heap        ] GC(882) Survivor regions: 44->44(77)
[5800.900s][info][gc,heap        ] GC(882) Old regions: 286->293
[5800.900s][info][gc,heap        ] GC(882) Humongous regions: 33->33
[5800.900s][info][gc,metaspace   ] GC(882) Metaspace: 29946K(30400K)->29946K(30400K) NonClass: 24537K(24768K)->24537K(24768K) Class: 5408K(5632K)->5408K(5632K)
[5800.900s][info][gc             ] GC(882) Pause Young (Normal) (G1 Evacuation Pause) 7409M->2943M(8192M) 148.658ms
[5800.900s][info][gc,cpu         ] GC(882) User=1.17s Sys=0.00s Real=0.15s
....[5804.357s][info][gc,start       ] GC(883) Pause Young (Normal) (G1 Evacuation Pause)
[5804.357s][info][gc,task        ] GC(883) Using 8 workers of 8 for evacuation
[5804.511s][info][gc,phases      ] GC(883)   Pre Evacuate Collection Set: 0.23ms
[5804.511s][info][gc,phases      ] GC(883)   Merge Heap Roots: 0.51ms
[5804.511s][info][gc,phases      ] GC(883)   Evacuate Collection Set: 151.38ms
[5804.511s][info][gc,phases      ] GC(883)   Post Evacuate Collection Set: 1.02ms
[5804.511s][info][gc,phases      ] GC(883)   Other: 0.06ms
[5804.511s][info][gc,heap        ] GC(883) Eden regions: 558->0(551)
[5804.511s][info][gc,heap        ] GC(883) Survivor regions: 44->44(76)
[5804.511s][info][gc,heap        ] GC(883) Old regions: 293->300
[5804.511s][info][gc,heap        ] GC(883) Humongous regions: 33->33
[5804.511s][info][gc,metaspace   ] GC(883) Metaspace: 29946K(30400K)->29946K(30400K) NonClass: 24537K(24768K)->24537K(24768K) Class: 5408K(5632K)->5408K(5632K)
[5804.511s][info][gc             ] GC(883) Pause Young (Normal) (G1 Evacuation Pause) 7407M->2999M(8192M) 153.334ms
[5804.511s][info][gc,cpu         ] GC(883) User=1.22s Sys=0.00s Real=0.15s
..|.[5807.852s][info][gc,start       ] GC(884) Pause Young (Normal) (G1 Evacuation Pause)
[5807.852s][info][gc,task        ] GC(884) Using 8 workers of 8 for evacuation
[5807.998s][info][gc,phases      ] GC(884)   Pre Evacuate Collection Set: 0.24ms
[5807.998s][info][gc,phases      ] GC(884)   Merge Heap Roots: 0.52ms
[5807.998s][info][gc,phases      ] GC(884)   Evacuate Collection Set: 144.31ms
[5807.998s][info][gc,phases      ] GC(884)   Post Evacuate Collection Set: 0.98ms
[5807.998s][info][gc,phases      ] GC(884)   Other: 0.06ms
[5807.998s][info][gc,heap        ] GC(884) Eden regions: 551->0(549)
[5807.998s][info][gc,heap        ] GC(884) Survivor regions: 44->41(75)
[5807.998s][info][gc,heap        ] GC(884) Old regions: 300->308
[5807.998s][info][gc,heap        ] GC(884) Humongous regions: 33->33
[5807.998s][info][gc,metaspace   ] GC(884) Metaspace: 29946K(30400K)->29946K(30400K) NonClass: 24537K(24768K)->24537K(24768K) Class: 5408K(5632K)->5408K(5632K)
[5807.998s][info][gc             ] GC(884) Pause Young (Normal) (G1 Evacuation Pause) 7407M->3041M(8192M) 146.265ms
[5807.998s][info][gc,cpu         ] GC(884) User=1.15s Sys=0.00s Real=0.15s
....[5811.329s][info][gc,start       ] GC(885) Pause Young (Concurrent Start) (G1 Evacuation Pause)
[5811.329s][info][gc,task        ] GC(885) Using 8 workers of 8 for evacuation
[5811.478s][info][gc,phases      ] GC(885)   Pre Evacuate Collection Set: 0.28ms
[5811.478s][info][gc,phases      ] GC(885)   Merge Heap Roots: 0.60ms
[5811.478s][info][gc,phases      ] GC(885)   Evacuate Collection Set: 146.38ms
[5811.478s][info][gc,phases      ] GC(885)   Post Evacuate Collection Set: 0.98ms
[5811.478s][info][gc,phases      ] GC(885)   Other: 0.09ms
[5811.478s][info][gc,heap        ] GC(885) Eden regions: 549->0(538)
[5811.478s][info][gc,heap        ] GC(885) Survivor regions: 41->43(74)
[5811.478s][info][gc,heap        ] GC(885) Old regions: 308->315
[5811.478s][info][gc,heap        ] GC(885) Humongous regions: 33->33
[5811.478s][info][gc,metaspace   ] GC(885) Metaspace: 29946K(30400K)->29946K(30400K) NonClass: 24537K(24768K)->24537K(24768K) Class: 5408K(5632K)->5408K(5632K)
[5811.478s][info][gc             ] GC(885) Pause Young (Concurrent Start) (G1 Evacuation Pause) 7433M->3115M(8192M) 148.481ms
[5811.478s][info][gc             ] GC(886) Concurrent Mark Cycle
[5811.478s][info][gc,marking     ] GC(886) Concurrent Scan Root Regions
[5811.478s][info][gc,cpu         ] GC(885) User=1.17s Sys=0.00s Real=0.15s
[5811.819s][info][gc,marking     ] GC(886) Concurrent Scan Root Regions 341.114ms
[5811.819s][info][gc,marking     ] GC(886) Concurrent Mark
[5811.819s][info][gc,marking     ] GC(886) Concurrent Mark From Roots
[5811.819s][info][gc,task        ] GC(886) Using 2 workers of 2 for marking
.[5813.031s][info][gc,marking     ] GC(886) Concurrent Mark From Roots 1211.759ms
[5813.031s][info][gc,marking     ] GC(886) Concurrent Preclean
[5813.031s][info][gc,marking     ] GC(886) Concurrent Preclean 0.090ms
[5813.031s][info][gc,start       ] GC(886) Pause Remark
[5813.033s][info][gc             ] GC(886) Pause Remark 4899M->4379M(8192M) 1.617ms
[5813.033s][info][gc,cpu         ] GC(886) User=0.00s Sys=0.00s Real=0.00s
[5813.033s][info][gc,marking     ] GC(886) Concurrent Mark 1213.796ms
[5813.033s][info][gc,marking     ] GC(886) Concurrent Rebuild Remembered Sets and Scrub Regions
.[5813.723s][info][gc,marking     ] GC(886) Concurrent Rebuild Remembered Sets and Scrub Regions 690.002ms
[5813.723s][info][gc,start       ] GC(886) Pause Cleanup
[5813.723s][info][gc             ] GC(886) Pause Cleanup 5219M->5219M(8192M) 0.272ms
[5813.723s][info][gc,cpu         ] GC(886) User=0.00s Sys=0.00s Real=0.00s
[5813.723s][info][gc,marking     ] GC(886) Concurrent Clear Claimed Marks
[5813.723s][info][gc,marking     ] GC(886) Concurrent Clear Claimed Marks 0.056ms
[5813.723s][info][gc,marking     ] GC(886) Concurrent Cleanup for Next Mark
[5813.741s][info][gc,marking     ] GC(886) Concurrent Cleanup for Next Mark 17.470ms
[5813.741s][info][gc             ] GC(886) Concurrent Mark Cycle 2263.157ms
.[5814.795s][info][gc,start       ] GC(887) Pause Young (Prepare Mixed) (G1 Evacuation Pause)
[5814.795s][info][gc,task        ] GC(887) Using 8 workers of 8 for evacuation
[5814.943s][info][gc,phases      ] GC(887)   Pre Evacuate Collection Set: 0.23ms
[5814.943s][info][gc,phases      ] GC(887)   Merge Heap Roots: 0.66ms
[5814.943s][info][gc,phases      ] GC(887)   Evacuate Collection Set: 146.15ms
[5814.943s][info][gc,phases      ] GC(887)   Post Evacuate Collection Set: 1.07ms
[5814.943s][info][gc,phases      ] GC(887)   Other: 0.07ms
[5814.943s][info][gc,heap        ] GC(887) Eden regions: 538->0(572)
[5814.943s][info][gc,heap        ] GC(887) Survivor regions: 43->42(73)
[5814.943s][info][gc,heap        ] GC(887) Old regions: 250->258
[5814.943s][info][gc,heap        ] GC(887) Humongous regions: 33->33
[5814.943s][info][gc,metaspace   ] GC(887) Metaspace: 29946K(30400K)->29946K(30400K) NonClass: 24537K(24768K)->24537K(24768K) Class: 5408K(5632K)->5408K(5632K)
[5814.943s][info][gc             ] GC(887) Pause Young (Prepare Mixed) (G1 Evacuation Pause) 6899M->2643M(8192M) 148.298ms
[5814.943s][info][gc,cpu         ] GC(887) User=1.18s Sys=0.00s Real=0.14s
....[5818.434s][info][gc,start       ] GC(888) Pause Young (Mixed) (G1 Evacuation Pause)
[5818.434s][info][gc,task        ] GC(888) Using 8 workers of 8 for evacuation
[5818.595s][info][gc,phases      ] GC(888)   Pre Evacuate Collection Set: 0.25ms
[5818.595s][info][gc,phases      ] GC(888)   Merge Heap Roots: 0.77ms
[5818.595s][info][gc,phases      ] GC(888)   Evacuate Collection Set: 158.93ms
[5818.595s][info][gc,phases      ] GC(888)   Post Evacuate Collection Set: 1.23ms
[5818.595s][info][gc,phases      ] GC(888)   Other: 0.08ms
[5818.595s][info][gc,heap        ] GC(888) Eden regions: 572->0(571)
[5818.595s][info][gc,heap        ] GC(888) Survivor regions: 42->43(77)
[5818.595s][info][gc,heap        ] GC(888) Old regions: 258->163
[5818.595s][info][gc,heap        ] GC(888) Humongous regions: 33->33
[5818.595s][info][gc,metaspace   ] GC(888) Metaspace: 29946K(30400K)->29946K(30400K) NonClass: 24537K(24768K)->24537K(24768K) Class: 5408K(5632K)->5408K(5632K)
[5818.595s][info][gc             ] GC(888) Pause Young (Mixed) (G1 Evacuation Pause) 7219M->1896M(8192M) 161.415ms
[5818.595s][info][gc,cpu         ] GC(888) User=1.25s Sys=0.00s Real=0.17s
....[5822.262s][info][gc,start       ] GC(889) Pause Young (Mixed) (G1 Evacuation Pause)
[5822.262s][info][gc,task        ] GC(889) Using 8 workers of 8 for evacuation
[5822.422s][info][gc,phases      ] GC(889)   Pre Evacuate Collection Set: 0.24ms
[5822.422s][info][gc,phases      ] GC(889)   Merge Heap Roots: 0.80ms
[5822.422s][info][gc,phases      ] GC(889)   Evacuate Collection Set: 158.09ms
[5822.422s][info][gc,phases      ] GC(889)   Post Evacuate Collection Set: 1.04ms
[5822.422s][info][gc,phases      ] GC(889)   Other: 0.08ms
[5822.422s][info][gc,heap        ] GC(889) Eden regions: 571->0(571)
[5822.422s][info][gc,heap        ] GC(889) Survivor regions: 43->43(77)
[5822.422s][info][gc,heap        ] GC(889) Old regions: 163->143
[5822.422s][info][gc,heap        ] GC(889) Humongous regions: 33->33
[5822.422s][info][gc,metaspace   ] GC(889) Metaspace: 29946K(30400K)->29946K(30400K) NonClass: 24537K(24768K)->24537K(24768K) Class: 5408K(5632K)->5408K(5632K)
[5822.422s][info][gc             ] GC(889) Pause Young (Mixed) (G1 Evacuation Pause) 6464M->1738M(8192M) 160.408ms
[5822.422s][info][gc,cpu         ] GC(889) User=1.27s Sys=0.00s Real=0.16s
...[5825.824s][info][gc,start       ] GC(890) Pause Young (Normal) (G1 Evacuation Pause)
[5825.824s][info][gc,task        ] GC(890) Using 8 workers of 8 for evacuation
[5825.977s][info][gc,phases      ] GC(890)   Pre Evacuate Collection Set: 0.26ms
[5825.977s][info][gc,phases      ] GC(890)   Merge Heap Roots: 0.52ms
[5825.977s][info][gc,phases      ] GC(890)   Evacuate Collection Set: 151.23ms
[5825.977s][info][gc,phases      ] GC(890)   Post Evacuate Collection Set: 1.01ms
[5825.977s][info][gc,phases      ] GC(890)   Other: 0.06ms
[5825.977s][info][gc,heap        ] GC(890) Eden regions: 571->0(570)
[5825.977s][info][gc,heap        ] GC(890) Survivor regions: 43->44(77)
[5825.977s][info][gc,heap        ] GC(890) Old regions: 143->150
[5825.977s][info][gc,heap        ] GC(890) Humongous regions: 33->33
[5825.977s][info][gc,metaspace   ] GC(890) Metaspace: 29946K(30400K)->29946K(30400K) NonClass: 24537K(24768K)->24537K(24768K) Class: 5408K(5632K)->5408K(5632K)
[5825.977s][info][gc             ] GC(890) Pause Young (Normal) (G1 Evacuation Pause) 6306M->1803M(8192M) 153.222ms
[5825.977s][info][gc,cpu         ] GC(890) User=1.21s Sys=0.00s Real=0.16s
....[5829.442s][info][gc,start       ] GC(891) Pause Young (Normal) (G1 Evacuation Pause)
[5829.442s][info][gc,task        ] GC(891) Using 8 workers of 8 for evacuation
[5829.598s][info][gc,phases      ] GC(891)   Pre Evacuate Collection Set: 0.24ms
[5829.598s][info][gc,phases      ] GC(891)   Merge Heap Roots: 0.51ms
[5829.598s][info][gc,phases      ] GC(891)   Evacuate Collection Set: 153.41ms
[5829.598s][info][gc,phases      ] GC(891)   Post Evacuate Collection Set: 0.97ms
[5829.598s][info][gc,phases      ] GC(891)   Other: 0.06ms
[5829.598s][info][gc,heap        ] GC(891) Eden regions: 570->0(570)
[5829.598s][info][gc,heap        ] GC(891) Survivor regions: 44->44(77)
[5829.598s][info][gc,heap        ] GC(891) Old regions: 150->157
[5829.598s][info][gc,heap        ] GC(891) Humongous regions: 33->33
[5829.598s][info][gc,metaspace   ] GC(891) Metaspace: 29946K(30400K)->29946K(30400K) NonClass: 24537K(24768K)->24537K(24768K) Class: 5408K(5632K)->5408K(5632K)
[5829.598s][info][gc             ] GC(891) Pause Young (Normal) (G1 Evacuation Pause) 6363M->1859M(8192M) 155.324ms
[5829.598s][info][gc,cpu         ] GC(891) User=1.23s Sys=0.00s Real=0.16s
...[5833.081s][info][gc,start       ] GC(892) Pause Young (Normal) (G1 Evacuation Pause)
[5833.081s][info][gc,task        ] GC(892) Using 8 workers of 8 for evacuation
[5833.230s][info][gc,phases      ] GC(892)   Pre Evacuate Collection Set: 0.25ms
[5833.230s][info][gc,phases      ] GC(892)   Merge Heap Roots: 0.48ms
[5833.230s][info][gc,phases      ] GC(892)   Evacuate Collection Set: 146.93ms
[5833.230s][info][gc,phases      ] GC(892)   Post Evacuate Collection Set: 0.98ms
[5833.230s][info][gc,phases      ] GC(892)   Other: 0.07ms
[5833.230s][info][gc,heap        ] GC(892) Eden regions: 570->0(570)
[5833.230s][info][gc,heap        ] GC(892) Survivor regions: 44->44(77)
[5833.230s][info][gc,heap        ] GC(892) Old regions: 157->164
[5833.230s][info][gc,heap        ] GC(892) Humongous regions: 33->33
[5833.230s][info][gc,metaspace   ] GC(892) Metaspace: 29946K(30400K)->29946K(30400K) NonClass: 24537K(24768K)->24537K(24768K) Class: 5408K(5632K)->5408K(5632K)
[5833.230s][info][gc             ] GC(892) Pause Young (Normal) (G1 Evacuation Pause) 6419M->1911M(8192M) 148.833ms
[5833.230s][info][gc,cpu         ] GC(892) User=1.18s Sys=0.00s Real=0.15s
....[5836.731s][info][gc,start       ] GC(893) Pause Young (Normal) (G1 Evacuation Pause)
[5836.732s][info][gc,task        ] GC(893) Using 8 workers of 8 for evacuation
[5836.881s][info][gc,phases      ] GC(893)   Pre Evacuate Collection Set: 0.25ms
[5836.881s][info][gc,phases      ] GC(893)   Merge Heap Roots: 0.51ms
[5836.881s][info][gc,phases      ] GC(893)   Evacuate Collection Set: 147.94ms
[5836.881s][info][gc,phases      ] GC(893)   Post Evacuate Collection Set: 0.97ms
[5836.881s][info][gc,phases      ] GC(893)   Other: 0.07ms
[5836.881s][info][gc,heap        ] GC(893) Eden regions: 570->0(571)
[5836.881s][info][gc,heap        ] GC(893) Survivor regions: 44->43(77)
[5836.881s][info][gc,heap        ] GC(893) Old regions: 164->171
[5836.881s][info][gc,heap        ] GC(893) Humongous regions: 33->33
[5836.881s][info][gc,metaspace   ] GC(893) Metaspace: 29946K(30400K)->29946K(30400K) NonClass: 24537K(24768K)->24537K(24768K) Class: 5408K(5632K)->5408K(5632K)
[5836.881s][info][gc             ] GC(893) Pause Young (Normal) (G1 Evacuation Pause) 6471M->1959M(8192M) 149.873ms
[5836.881s][info][gc,cpu         ] GC(893) User=1.18s Sys=0.00s Real=0.15s
....[5840.595s][info][gc,start       ] GC(894) Pause Young (Normal) (G1 Evacuation Pause)
[5840.595s][info][gc,task        ] GC(894) Using 8 workers of 8 for evacuation
[5840.739s][info][gc,phases      ] GC(894)   Pre Evacuate Collection Set: 0.24ms
[5840.739s][info][gc,phases      ] GC(894)   Merge Heap Roots: 0.56ms
[5840.739s][info][gc,phases      ] GC(894)   Evacuate Collection Set: 142.86ms
[5840.739s][info][gc,phases      ] GC(894)   Post Evacuate Collection Set: 0.96ms
[5840.739s][info][gc,phases      ] GC(894)   Other: 0.07ms
[5840.739s][info][gc,heap        ] GC(894) Eden regions: 571->0(572)
[5840.739s][info][gc,heap        ] GC(894) Survivor regions: 43->42(77)
[5840.739s][info][gc,heap        ] GC(894) Old regions: 171->179
[5840.739s][info][gc,heap        ] GC(894) Humongous regions: 33->33
[5840.739s][info][gc,metaspace   ] GC(894) Metaspace: 29946K(30400K)->29946K(30400K) NonClass: 24537K(24768K)->24537K(24768K) Class: 5408K(5632K)->5408K(5632K)
[5840.739s][info][gc             ] GC(894) Pause Young (Normal) (G1 Evacuation Pause) 6527M->2014M(8192M) 144.847ms
[5840.740s][info][gc,cpu         ] GC(894) User=1.14s Sys=0.00s Real=0.14s
...[5844.172s][info][gc,start       ] GC(895) Pause Young (Normal) (G1 Evacuation Pause)
[5844.172s][info][gc,task        ] GC(895) Using 8 workers of 8 for evacuation
[5844.321s][info][gc,phases      ] GC(895)   Pre Evacuate Collection Set: 0.28ms
[5844.321s][info][gc,phases      ] GC(895)   Merge Heap Roots: 0.61ms
[5844.321s][info][gc,phases      ] GC(895)   Evacuate Collection Set: 147.35ms
[5844.321s][info][gc,phases      ] GC(895)   Post Evacuate Collection Set: 1.01ms
[5844.321s][info][gc,phases      ] GC(895)   Other: 0.08ms
[5844.321s][info][gc,heap        ] GC(895) Eden regions: 572->0(571)
[5844.321s][info][gc,heap        ] GC(895) Survivor regions: 42->43(77)
[5844.321s][info][gc,heap        ] GC(895) Old regions: 179->185
[5844.321s][info][gc,heap        ] GC(895) Humongous regions: 33->33
[5844.321s][info][gc,metaspace   ] GC(895) Metaspace: 29946K(30400K)->29946K(30400K) NonClass: 24537K(24768K)->24537K(24768K) Class: 5408K(5632K)->5408K(5632K)
[5844.321s][info][gc             ] GC(895) Pause Young (Normal) (G1 Evacuation Pause) 6590M->2075M(8192M) 149.466ms
[5844.321s][info][gc,cpu         ] GC(895) User=1.18s Sys=0.00s Real=0.15s
....[5847.970s][info][gc,start       ] GC(896) Pause Young (Normal) (G1 Evacuation Pause)
[5847.970s][info][gc,task        ] GC(896) Using 8 workers of 8 for evacuation
[5848.124s][info][gc,phases      ] GC(896)   Pre Evacuate Collection Set: 0.24ms
[5848.124s][info][gc,phases      ] GC(896)   Merge Heap Roots: 0.52ms
[5848.124s][info][gc,phases      ] GC(896)   Evacuate Collection Set: 152.34ms
[5848.124s][info][gc,phases      ] GC(896)   Post Evacuate Collection Set: 0.97ms
[5848.124s][info][gc,phases      ] GC(896)   Other: 0.07ms
[5848.124s][info][gc,heap        ] GC(896) Eden regions: 571->0(570)
[5848.124s][info][gc,heap        ] GC(896) Survivor regions: 43->44(77)
[5848.124s][info][gc,heap        ] GC(896) Old regions: 185->193
[5848.124s][info][gc,heap        ] GC(896) Humongous regions: 33->33
[5848.124s][info][gc,metaspace   ] GC(896) Metaspace: 29946K(30400K)->29946K(30400K) NonClass: 24537K(24768K)->24537K(24768K) Class: 5408K(5632K)->5408K(5632K)
[5848.124s][info][gc             ] GC(896) Pause Young (Normal) (G1 Evacuation Pause) 6643M->2142M(8192M) 154.282ms
[5848.124s][info][gc,cpu         ] GC(896) User=1.22s Sys=0.00s Real=0.15s
....[5851.600s][info][gc,start       ] GC(897) Pause Young (Normal) (G1 Evacuation Pause)
[5851.600s][info][gc,task        ] GC(897) Using 8 workers of 8 for evacuation
[5851.753s][info][gc,phases      ] GC(897)   Pre Evacuate Collection Set: 0.23ms
[5851.753s][info][gc,phases      ] GC(897)   Merge Heap Roots: 0.47ms
[5851.753s][info][gc,phases      ] GC(897)   Evacuate Collection Set: 151.22ms
[5851.753s][info][gc,phases      ] GC(897)   Post Evacuate Collection Set: 1.00ms
[5851.753s][info][gc,phases      ] GC(897)   Other: 0.06ms
[5851.753s][info][gc,heap        ] GC(897) Eden regions: 570->0(570)
[5851.753s][info][gc,heap        ] GC(897) Survivor regions: 44->44(77)
[5851.753s][info][gc,heap        ] GC(897) Old regions: 193->200
[5851.753s][info][gc,heap        ] GC(897) Humongous regions: 33->33
[5851.753s][info][gc,metaspace   ] GC(897) Metaspace: 29946K(30400K)->29946K(30400K) NonClass: 24537K(24768K)->24537K(24768K) Class: 5408K(5632K)->5408K(5632K)
[5851.753s][info][gc             ] GC(897) Pause Young (Normal) (G1 Evacuation Pause) 6702M->2200M(8192M) 153.107ms
[5851.753s][info][gc,cpu         ] GC(897) User=1.21s Sys=0.00s Real=0.15s
...[5855.289s][info][gc,start       ] GC(898) Pause Young (Normal) (G1 Evacuation Pause)
[5855.289s][info][gc,task        ] GC(898) Using 8 workers of 8 for evacuation
[5855.438s][info][gc,phases      ] GC(898)   Pre Evacuate Collection Set: 0.23ms
[5855.438s][info][gc,phases      ] GC(898)   Merge Heap Roots: 0.52ms
[5855.438s][info][gc,phases      ] GC(898)   Evacuate Collection Set: 147.04ms
[5855.438s][info][gc,phases      ] GC(898)   Post Evacuate Collection Set: 1.00ms
[5855.438s][info][gc,phases      ] GC(898)   Other: 0.06ms
[5855.438s][info][gc,heap        ] GC(898) Eden regions: 570->0(570)
[5855.438s][info][gc,heap        ] GC(898) Survivor regions: 44->44(77)
[5855.438s][info][gc,heap        ] GC(898) Old regions: 200->207
[5855.438s][info][gc,heap        ] GC(898) Humongous regions: 33->33
[5855.438s][info][gc,metaspace   ] GC(898) Metaspace: 29946K(30400K)->29946K(30400K) NonClass: 24537K(24768K)->24537K(24768K) Class: 5408K(5632K)->5408K(5632K)
[5855.438s][info][gc             ] GC(898) Pause Young (Normal) (G1 Evacuation Pause) 6760M->2251M(8192M) 148.994ms
[5855.438s][info][gc,cpu         ] GC(898) User=1.18s Sys=0.00s Real=0.15s
....[5859.056s][info][gc,start       ] GC(899) Pause Young (Normal) (G1 Evacuation Pause)
[5859.056s][info][gc,task        ] GC(899) Using 8 workers of 8 for evacuation
[5859.209s][info][gc,phases      ] GC(899)   Pre Evacuate Collection Set: 0.23ms
[5859.209s][info][gc,phases      ] GC(899)   Merge Heap Roots: 0.49ms
[5859.209s][info][gc,phases      ] GC(899)   Evacuate Collection Set: 151.10ms
[5859.209s][info][gc,phases      ] GC(899)   Post Evacuate Collection Set: 0.99ms
[5859.209s][info][gc,phases      ] GC(899)   Other: 0.06ms
[5859.209s][info][gc,heap        ] GC(899) Eden regions: 570->0(570)
[5859.209s][info][gc,heap        ] GC(899) Survivor regions: 44->44(77)
[5859.209s][info][gc,heap        ] GC(899) Old regions: 207->214
[5859.209s][info][gc,heap        ] GC(899) Humongous regions: 33->33
[5859.209s][info][gc,metaspace   ] GC(899) Metaspace: 29946K(30400K)->29946K(30400K) NonClass: 24537K(24768K)->24537K(24768K) Class: 5408K(5632K)->5408K(5632K)
[5859.209s][info][gc             ] GC(899) Pause Young (Normal) (G1 Evacuation Pause) 6811M->2308M(8192M) 152.991ms
[5859.209s][info][gc,cpu         ] GC(899) User=1.21s Sys=0.00s Real=0.15s
....[5862.690s][info][gc,start       ] GC(900) Pause Young (Normal) (G1 Evacuation Pause)
[5862.690s][info][gc,task        ] GC(900) Using 8 workers of 8 for evacuation
[5862.843s][info][gc,phases      ] GC(900)   Pre Evacuate Collection Set: 0.22ms
[5862.843s][info][gc,phases      ] GC(900)   Merge Heap Roots: 0.52ms
[5862.843s][info][gc,phases      ] GC(900)   Evacuate Collection Set: 151.49ms
[5862.843s][info][gc,phases      ] GC(900)   Post Evacuate Collection Set: 1.01ms
[5862.843s][info][gc,phases      ] GC(900)   Other: 0.07ms
[5862.843s][info][gc,heap        ] GC(900) Eden regions: 570->0(571)
[5862.843s][info][gc,heap        ] GC(900) Survivor regions: 44->43(77)
[5862.843s][info][gc,heap        ] GC(900) Old regions: 214->221
[5862.843s][info][gc,heap        ] GC(900) Humongous regions: 33->33
[5862.843s][info][gc,metaspace   ] GC(900) Metaspace: 29946K(30400K)->29946K(30400K) NonClass: 24537K(24768K)->24537K(24768K) Class: 5408K(5632K)->5408K(5632K)
[5862.844s][info][gc             ] GC(900) Pause Young (Normal) (G1 Evacuation Pause) 6868M->2362M(8192M) 153.445ms
[5862.844s][info][gc,cpu         ] GC(900) User=1.22s Sys=0.00s Real=0.15s
...[5866.364s][info][gc,start       ] GC(901) Pause Young (Normal) (G1 Evacuation Pause)
[5866.364s][info][gc,task        ] GC(901) Using 8 workers of 8 for evacuation
[5866.516s][info][gc,phases      ] GC(901)   Pre Evacuate Collection Set: 0.27ms
[5866.516s][info][gc,phases      ] GC(901)   Merge Heap Roots: 0.59ms
[5866.516s][info][gc,phases      ] GC(901)   Evacuate Collection Set: 149.61ms
[5866.516s][info][gc,phases      ] GC(901)   Post Evacuate Collection Set: 1.01ms
[5866.516s][info][gc,phases      ] GC(901)   Other: 0.06ms
[5866.516s][info][gc,heap        ] GC(901) Eden regions: 571->0(570)
[5866.516s][info][gc,heap        ] GC(901) Survivor regions: 43->44(77)
[5866.516s][info][gc,heap        ] GC(901) Old regions: 221->228
[5866.516s][info][gc,heap        ] GC(901) Humongous regions: 33->33
[5866.516s][info][gc,metaspace   ] GC(901) Metaspace: 29946K(30400K)->29946K(30400K) NonClass: 24537K(24768K)->24537K(24768K) Class: 5408K(5632K)->5408K(5632K)
[5866.516s][info][gc             ] GC(901) Pause Young (Normal) (G1 Evacuation Pause) 6930M->2420M(8192M) 151.663ms
[5866.516s][info][gc,cpu         ] GC(901) User=1.20s Sys=0.00s Real=0.16s
. (rIR:aIR:PR = 10373:10396:10394) (tPR = 153976) [OK] 
  5866s: Performance info:
         Transaction,    Success,    Partial,     Failed,   Receipts, AvgBarcode, 
             Overall,     627198,          0,          0,     595839,      59.48, 
         Response times:
             Request,    Success,    Partial,     Failed,   SkipFail,     Probes,    Samples,      min,      p50,      p90,      p95,      p99,      max, 
       TotalPurchase,     595967,          0,          0,          0,     356758,     398912,      300,     8800,    68000,   103000,   192000,  2800000,
     InStorePurchase,     312665,          0,          0,          0,     186996,     209038,      300,     8800,    67000,   104000,   193000,  2800000,
      OnlinePurchase,     219075,          0,          0,          0,     131518,     147149,      300,     8800,    69000,   103000,   191000,  2800000,
        InstPurchase,      64227,          0,          0,          0,      38244,      42725,      400,     9000,    67000,   102000,   191000,  2700000,
          AssocOfCat,        622,          0,          0,          0,        507,        662,    29000,    63000,   125400,   180850,   274480,   328000,
      AssocOfProduct,       6241,          0,          0,          0,       3626,       4216,      700,     9600,    60000,   100000,   189830,   850000,
      BusinessReport,       1573,          0,          0,          0,       1428,       1748,    33000,    72000,   154000,   203550,   282020,  2900000,
          CustBuyBeh,       6266,          0,          0,          0,       3599,       4157,      200,     9600,    65000,   103100,   194420,   597000,
       ProductReturn,      16708,          0,          0,          0,      10086,      11481,      500,     8300,    69000,   104000,   195180,  1300000,

  5866s: (74%)   IR =  10515 ...[5870.028s][info][gc,start       ] GC(902) Pause Young (Normal) (G1 Evacuation Pause)
[5870.028s][info][gc,task        ] GC(902) Using 8 workers of 8 for evacuation
[5870.180s][info][gc,phases      ] GC(902)   Pre Evacuate Collection Set: 0.24ms
[5870.180s][info][gc,phases      ] GC(902)   Merge Heap Roots: 0.55ms
[5870.180s][info][gc,phases      ] GC(902)   Evacuate Collection Set: 149.60ms
[5870.180s][info][gc,phases      ] GC(902)   Post Evacuate Collection Set: 1.06ms
[5870.180s][info][gc,phases      ] GC(902)   Other: 0.06ms
[5870.180s][info][gc,heap        ] GC(902) Eden regions: 570->0(570)
[5870.180s][info][gc,heap        ] GC(902) Survivor regions: 44->44(77)
[5870.180s][info][gc,heap        ] GC(902) Old regions: 228->235
[5870.180s][info][gc,heap        ] GC(902) Humongous regions: 33->33
[5870.180s][info][gc,metaspace   ] GC(902) Metaspace: 29946K(30400K)->29946K(30400K) NonClass: 24537K(24768K)->24537K(24768K) Class: 5408K(5632K)->5408K(5632K)
[5870.180s][info][gc             ] GC(902) Pause Young (Normal) (G1 Evacuation Pause) 6980M->2476M(8192M) 151.641ms
[5870.180s][info][gc,cpu         ] GC(902) User=1.20s Sys=0.00s Real=0.15s
...[5873.644s][info][gc,start       ] GC(903) Pause Young (Normal) (G1 Evacuation Pause)
[5873.644s][info][gc,task        ] GC(903) Using 8 workers of 8 for evacuation
[5873.793s][info][gc,phases      ] GC(903)   Pre Evacuate Collection Set: 0.27ms
[5873.793s][info][gc,phases      ] GC(903)   Merge Heap Roots: 0.59ms
[5873.793s][info][gc,phases      ] GC(903)   Evacuate Collection Set: 147.04ms
[5873.793s][info][gc,phases      ] GC(903)   Post Evacuate Collection Set: 1.00ms
[5873.793s][info][gc,phases      ] GC(903)   Other: 0.07ms
[5873.793s][info][gc,heap        ] GC(903) Eden regions: 570->0(571)
[5873.793s][info][gc,heap        ] GC(903) Survivor regions: 44->43(77)
[5873.793s][info][gc,heap        ] GC(903) Old regions: 235->242
[5873.793s][info][gc,heap        ] GC(903) Humongous regions: 33->33
[5873.793s][info][gc,metaspace   ] GC(903) Metaspace: 29946K(30400K)->29946K(30400K) NonClass: 24537K(24768K)->24537K(24768K) Class: 5408K(5632K)->5408K(5632K)
[5873.793s][info][gc             ] GC(903) Pause Young (Normal) (G1 Evacuation Pause) 7036M->2529M(8192M) 149.104ms
[5873.793s][info][gc,cpu         ] GC(903) User=1.18s Sys=0.00s Real=0.15s
....[5877.338s][info][gc,start       ] GC(904) Pause Young (Normal) (G1 Evacuation Pause)
[5877.338s][info][gc,task        ] GC(904) Using 8 workers of 8 for evacuation
[5877.497s][info][gc,phases      ] GC(904)   Pre Evacuate Collection Set: 0.25ms
[5877.497s][info][gc,phases      ] GC(904)   Merge Heap Roots: 0.53ms
[5877.497s][info][gc,phases      ] GC(904)   Evacuate Collection Set: 157.39ms
[5877.497s][info][gc,phases      ] GC(904)   Post Evacuate Collection Set: 0.99ms
[5877.497s][info][gc,phases      ] GC(904)   Other: 0.07ms
[5877.497s][info][gc,heap        ] GC(904) Eden regions: 571->0(569)
[5877.497s][info][gc,heap        ] GC(904) Survivor regions: 43->45(77)
[5877.497s][info][gc,heap        ] GC(904) Old regions: 242->250
[5877.497s][info][gc,heap        ] GC(904) Humongous regions: 33->33
[5877.497s][info][gc,metaspace   ] GC(904) Metaspace: 29946K(30400K)->29946K(30400K) NonClass: 24537K(24768K)->24537K(24768K) Class: 5408K(5632K)->5408K(5632K)
[5877.497s][info][gc             ] GC(904) Pause Young (Normal) (G1 Evacuation Pause) 7097M->2600M(8192M) 159.371ms
[5877.497s][info][gc,cpu         ] GC(904) User=1.26s Sys=0.00s Real=0.16s
...|.[5880.864s][info][gc,start       ] GC(905) Pause Young (Normal) (G1 Evacuation Pause)
[5880.864s][info][gc,task        ] GC(905) Using 8 workers of 8 for evacuation
[5881.012s][info][gc,phases      ] GC(905)   Pre Evacuate Collection Set: 0.26ms
[5881.012s][info][gc,phases      ] GC(905)   Merge Heap Roots: 0.51ms
[5881.012s][info][gc,phases      ] GC(905)   Evacuate Collection Set: 146.40ms
[5881.012s][info][gc,phases      ] GC(905)   Post Evacuate Collection Set: 1.00ms
[5881.012s][info][gc,phases      ] GC(905)   Other: 0.07ms
[5881.012s][info][gc,heap        ] GC(905) Eden regions: 569->0(571)
[5881.012s][info][gc,heap        ] GC(905) Survivor regions: 45->43(77)
[5881.012s][info][gc,heap        ] GC(905) Old regions: 250->256
[5881.012s][info][gc,heap        ] GC(905) Humongous regions: 33->33
[5881.012s][info][gc,metaspace   ] GC(905) Metaspace: 29946K(30400K)->29946K(30400K) NonClass: 24537K(24768K)->24537K(24768K) Class: 5408K(5632K)->5408K(5632K)
[5881.012s][info][gc             ] GC(905) Pause Young (Normal) (G1 Evacuation Pause) 7152M->2639M(8192M) 148.372ms
[5881.012s][info][gc,cpu         ] GC(905) User=1.18s Sys=0.00s Real=0.15s
...[5884.431s][info][gc,start       ] GC(906) Pause Young (Normal) (G1 Evacuation Pause)
[5884.431s][info][gc,task        ] GC(906) Using 8 workers of 8 for evacuation
[5884.581s][info][gc,phases      ] GC(906)   Pre Evacuate Collection Set: 0.23ms
[5884.581s][info][gc,phases      ] GC(906)   Merge Heap Roots: 0.52ms
[5884.581s][info][gc,phases      ] GC(906)   Evacuate Collection Set: 148.70ms
[5884.581s][info][gc,phases      ] GC(906)   Post Evacuate Collection Set: 0.98ms
[5884.581s][info][gc,phases      ] GC(906)   Other: 0.06ms
[5884.581s][info][gc,heap        ] GC(906) Eden regions: 571->0(571)
[5884.581s][info][gc,heap        ] GC(906) Survivor regions: 43->43(77)
[5884.581s][info][gc,heap        ] GC(906) Old regions: 256->264
[5884.581s][info][gc,heap        ] GC(906) Humongous regions: 33->33
[5884.581s][info][gc,metaspace   ] GC(906) Metaspace: 29946K(30400K)->29946K(30400K) NonClass: 24537K(24768K)->24537K(24768K) Class: 5408K(5632K)->5408K(5632K)
[5884.581s][info][gc             ] GC(906) Pause Young (Normal) (G1 Evacuation Pause) 7207M->2700M(8192M) 150.616ms
[5884.581s][info][gc,cpu         ] GC(906) User=1.20s Sys=0.00s Real=0.15s
....[5888.163s][info][gc,start       ] GC(907) Pause Young (Normal) (G1 Evacuation Pause)
[5888.163s][info][gc,task        ] GC(907) Using 8 workers of 8 for evacuation
[5888.316s][info][gc,phases      ] GC(907)   Pre Evacuate Collection Set: 0.23ms
[5888.316s][info][gc,phases      ] GC(907)   Merge Heap Roots: 0.53ms
[5888.316s][info][gc,phases      ] GC(907)   Evacuate Collection Set: 150.88ms
[5888.316s][info][gc,phases      ] GC(907)   Post Evacuate Collection Set: 1.02ms
[5888.316s][info][gc,phases      ] GC(907)   Other: 0.06ms
[5888.316s][info][gc,heap        ] GC(907) Eden regions: 571->0(570)
[5888.316s][info][gc,heap        ] GC(907) Survivor regions: 43->44(77)
[5888.316s][info][gc,heap        ] GC(907) Old regions: 264->271
[5888.316s][info][gc,heap        ] GC(907) Humongous regions: 33->33
[5888.316s][info][gc,metaspace   ] GC(907) Metaspace: 29946K(30400K)->29946K(30400K) NonClass: 24537K(24768K)->24537K(24768K) Class: 5408K(5632K)->5408K(5632K)
[5888.316s][info][gc             ] GC(907) Pause Young (Normal) (G1 Evacuation Pause) 7268M->2768M(8192M) 152.867ms
[5888.316s][info][gc,cpu         ] GC(907) User=1.21s Sys=0.00s Real=0.16s
....[5891.817s][info][gc,start       ] GC(908) Pause Young (Normal) (G1 Evacuation Pause)
[5891.817s][info][gc,task        ] GC(908) Using 8 workers of 8 for evacuation
[5891.968s][info][gc,phases      ] GC(908)   Pre Evacuate Collection Set: 0.25ms
[5891.968s][info][gc,phases      ] GC(908)   Merge Heap Roots: 0.54ms
[5891.968s][info][gc,phases      ] GC(908)   Evacuate Collection Set: 149.18ms
[5891.968s][info][gc,phases      ] GC(908)   Post Evacuate Collection Set: 1.01ms
[5891.968s][info][gc,phases      ] GC(908)   Other: 0.06ms
[5891.968s][info][gc,heap        ] GC(908) Eden regions: 570->0(570)
[5891.968s][info][gc,heap        ] GC(908) Survivor regions: 44->44(77)
[5891.968s][info][gc,heap        ] GC(908) Old regions: 271->278
[5891.968s][info][gc,heap        ] GC(908) Humongous regions: 33->33
[5891.968s][info][gc,metaspace   ] GC(908) Metaspace: 29946K(30400K)->29946K(30400K) NonClass: 24537K(24768K)->24537K(24768K) Class: 5408K(5632K)->5408K(5632K)
[5891.968s][info][gc             ] GC(908) Pause Young (Normal) (G1 Evacuation Pause) 7328M->2820M(8192M) 151.174ms
[5891.968s][info][gc,cpu         ] GC(908) User=1.20s Sys=0.00s Real=0.15s
...[5895.471s][info][gc,start       ] GC(909) Pause Young (Normal) (G1 Evacuation Pause)
[5895.471s][info][gc,task        ] GC(909) Using 8 workers of 8 for evacuation
[5895.618s][info][gc,phases      ] GC(909)   Pre Evacuate Collection Set: 0.24ms
[5895.618s][info][gc,phases      ] GC(909)   Merge Heap Roots: 0.53ms
[5895.618s][info][gc,phases      ] GC(909)   Evacuate Collection Set: 144.80ms
[5895.618s][info][gc,phases      ] GC(909)   Post Evacuate Collection Set: 1.01ms
[5895.618s][info][gc,phases      ] GC(909)   Other: 0.07ms
[5895.618s][info][gc,heap        ] GC(909) Eden regions: 570->0(570)
[5895.618s][info][gc,heap        ] GC(909) Survivor regions: 44->42(77)
[5895.618s][info][gc,heap        ] GC(909) Old regions: 278->285
[5895.618s][info][gc,heap        ] GC(909) Humongous regions: 33->33
[5895.618s][info][gc,metaspace   ] GC(909) Metaspace: 29946K(30400K)->29946K(30400K) NonClass: 24537K(24768K)->24537K(24768K) Class: 5408K(5632K)->5408K(5632K)
[5895.618s][info][gc             ] GC(909) Pause Young (Normal) (G1 Evacuation Pause) 7380M->2860M(8192M) 146.779ms
[5895.618s][info][gc,cpu         ] GC(909) User=1.16s Sys=0.00s Real=0.15s
....[5899.051s][info][gc,start       ] GC(910) Pause Young (Normal) (G1 Evacuation Pause)
[5899.051s][info][gc,task        ] GC(910) Using 8 workers of 8 for evacuation
[5899.200s][info][gc,phases      ] GC(910)   Pre Evacuate Collection Set: 0.24ms
[5899.200s][info][gc,phases      ] GC(910)   Merge Heap Roots: 0.48ms
[5899.200s][info][gc,phases      ] GC(910)   Evacuate Collection Set: 147.19ms
[5899.200s][info][gc,phases      ] GC(910)   Post Evacuate Collection Set: 1.06ms
[5899.200s][info][gc,phases      ] GC(910)   Other: 0.06ms
[5899.200s][info][gc,heap        ] GC(910) Eden regions: 570->0(561)
[5899.200s][info][gc,heap        ] GC(910) Survivor regions: 42->43(77)
[5899.200s][info][gc,heap        ] GC(910) Old regions: 285->292
[5899.200s][info][gc,heap        ] GC(910) Humongous regions: 33->33
[5899.200s][info][gc,metaspace   ] GC(910) Metaspace: 29946K(30400K)->29946K(30400K) NonClass: 24537K(24768K)->24537K(24768K) Class: 5408K(5632K)->5408K(5632K)
[5899.200s][info][gc             ] GC(910) Pause Young (Normal) (G1 Evacuation Pause) 7420M->2928M(8192M) 149.155ms
[5899.200s][info][gc,cpu         ] GC(910) User=1.18s Sys=0.00s Real=0.15s
...[5902.648s][info][gc,start       ] GC(911) Pause Young (Normal) (G1 Evacuation Pause)
[5902.648s][info][gc,task        ] GC(911) Using 8 workers of 8 for evacuation
[5902.797s][info][gc,phases      ] GC(911)   Pre Evacuate Collection Set: 0.25ms
[5902.797s][info][gc,phases      ] GC(911)   Merge Heap Roots: 0.52ms
[5902.797s][info][gc,phases      ] GC(911)   Evacuate Collection Set: 147.97ms
[5902.797s][info][gc,phases      ] GC(911)   Post Evacuate Collection Set: 1.02ms
[5902.797s][info][gc,phases      ] GC(911)   Other: 0.06ms
[5902.797s][info][gc,heap        ] GC(911) Eden regions: 561->0(554)
[5902.797s][info][gc,heap        ] GC(911) Survivor regions: 43->43(76)
[5902.797s][info][gc,heap        ] GC(911) Old regions: 292->299
[5902.797s][info][gc,heap        ] GC(911) Humongous regions: 33->33
[5902.797s][info][gc,metaspace   ] GC(911) Metaspace: 29946K(30400K)->29946K(30400K) NonClass: 24537K(24768K)->24537K(24768K) Class: 5408K(5632K)->5408K(5632K)
[5902.797s][info][gc             ] GC(911) Pause Young (Normal) (G1 Evacuation Pause) 7416M->2987M(8192M) 149.960ms
[5902.798s][info][gc,cpu         ] GC(911) User=1.19s Sys=0.00s Real=0.15s
....[5906.126s][info][gc,start       ] GC(912) Pause Young (Normal) (G1 Evacuation Pause)
[5906.126s][info][gc,task        ] GC(912) Using 8 workers of 8 for evacuation
[5906.281s][info][gc,phases      ] GC(912)   Pre Evacuate Collection Set: 0.25ms
[5906.281s][info][gc,phases      ] GC(912)   Merge Heap Roots: 0.50ms
[5906.281s][info][gc,phases      ] GC(912)   Evacuate Collection Set: 152.69ms
[5906.281s][info][gc,phases      ] GC(912)   Post Evacuate Collection Set: 0.98ms
[5906.281s][info][gc,phases      ] GC(912)   Other: 0.06ms
[5906.281s][info][gc,heap        ] GC(912) Eden regions: 554->0(544)
[5906.281s][info][gc,heap        ] GC(912) Survivor regions: 43->44(75)
[5906.281s][info][gc,heap        ] GC(912) Old regions: 299->307
[5906.281s][info][gc,heap        ] GC(912) Humongous regions: 33->33
[5906.281s][info][gc,metaspace   ] GC(912) Metaspace: 29946K(30400K)->29946K(30400K) NonClass: 24537K(24768K)->24537K(24768K) Class: 5408K(5632K)->5408K(5632K)
[5906.281s][info][gc             ] GC(912) Pause Young (Normal) (G1 Evacuation Pause) 7419M->3050M(8192M) 154.630ms
[5906.281s][info][gc,cpu         ] GC(912) User=1.23s Sys=0.00s Real=0.15s
...[5909.472s][info][gc,start       ] GC(913) Pause Young (Concurrent Start) (G1 Evacuation Pause)
[5909.472s][info][gc,task        ] GC(913) Using 8 workers of 8 for evacuation
[5909.625s][info][gc,phases      ] GC(913)   Pre Evacuate Collection Set: 0.29ms
[5909.625s][info][gc,phases      ] GC(913)   Merge Heap Roots: 0.49ms
[5909.625s][info][gc,phases      ] GC(913)   Evacuate Collection Set: 150.86ms
[5909.625s][info][gc,phases      ] GC(913)   Post Evacuate Collection Set: 0.98ms
[5909.625s][info][gc,phases      ] GC(913)   Other: 0.08ms
[5909.625s][info][gc,heap        ] GC(913) Eden regions: 544->0(537)
[5909.625s][info][gc,heap        ] GC(913) Survivor regions: 44->44(74)
[5909.625s][info][gc,heap        ] GC(913) Old regions: 307->314
[5909.625s][info][gc,heap        ] GC(913) Humongous regions: 33->33
[5909.625s][info][gc,metaspace   ] GC(913) Metaspace: 29946K(30400K)->29946K(30400K) NonClass: 24537K(24768K)->24537K(24768K) Class: 5408K(5632K)->5408K(5632K)
[5909.625s][info][gc             ] GC(913) Pause Young (Concurrent Start) (G1 Evacuation Pause) 7402M->3110M(8192M) 152.822ms
[5909.625s][info][gc             ] GC(914) Concurrent Mark Cycle
[5909.625s][info][gc,marking     ] GC(914) Concurrent Scan Root Regions
[5909.625s][info][gc,cpu         ] GC(913) User=1.21s Sys=0.00s Real=0.16s
.[5909.933s][info][gc,marking     ] GC(914) Concurrent Scan Root Regions 308.066ms
[5909.933s][info][gc,marking     ] GC(914) Concurrent Mark
[5909.933s][info][gc,marking     ] GC(914) Concurrent Mark From Roots
[5909.933s][info][gc,task        ] GC(914) Using 2 workers of 2 for marking
.[5911.230s][info][gc,marking     ] GC(914) Concurrent Mark From Roots 1296.522ms
[5911.230s][info][gc,marking     ] GC(914) Concurrent Preclean
[5911.230s][info][gc,marking     ] GC(914) Concurrent Preclean 0.075ms
[5911.230s][info][gc,start       ] GC(914) Pause Remark
[5911.231s][info][gc             ] GC(914) Pause Remark 4906M->4322M(8192M) 1.219ms
[5911.231s][info][gc,cpu         ] GC(914) User=0.01s Sys=0.00s Real=0.00s
[5911.231s][info][gc,marking     ] GC(914) Concurrent Mark 1298.369ms
[5911.231s][info][gc,marking     ] GC(914) Concurrent Rebuild Remembered Sets and Scrub Regions
.[5911.982s][info][gc,marking     ] GC(914) Concurrent Rebuild Remembered Sets and Scrub Regions 750.873ms
[5911.983s][info][gc,start       ] GC(914) Pause Cleanup
[5911.983s][info][gc             ] GC(914) Pause Cleanup 5350M->5350M(8192M) 0.277ms
[5911.983s][info][gc,cpu         ] GC(914) User=0.00s Sys=0.00s Real=0.00s
[5911.983s][info][gc,marking     ] GC(914) Concurrent Clear Claimed Marks
[5911.983s][info][gc,marking     ] GC(914) Concurrent Clear Claimed Marks 0.053ms
[5911.983s][info][gc,marking     ] GC(914) Concurrent Cleanup for Next Mark
[5911.993s][info][gc,marking     ] GC(914) Concurrent Cleanup for Next Mark 10.160ms
[5911.993s][info][gc             ] GC(914) Concurrent Mark Cycle 2368.329ms
.[5912.986s][info][gc,start       ] GC(915) Pause Young (Prepare Mixed) (G1 Evacuation Pause)
[5912.986s][info][gc,task        ] GC(915) Using 8 workers of 8 for evacuation
[5913.136s][info][gc,phases      ] GC(915)   Pre Evacuate Collection Set: 0.24ms
[5913.136s][info][gc,phases      ] GC(915)   Merge Heap Roots: 0.69ms
[5913.136s][info][gc,phases      ] GC(915)   Evacuate Collection Set: 147.08ms
[5913.136s][info][gc,phases      ] GC(915)   Post Evacuate Collection Set: 1.15ms
[5913.136s][info][gc,phases      ] GC(915)   Other: 0.07ms
[5913.136s][info][gc,heap        ] GC(915) Eden regions: 537->0(572)
[5913.136s][info][gc,heap        ] GC(915) Survivor regions: 44->42(73)
[5913.136s][info][gc,heap        ] GC(915) Old regions: 241->249
[5913.136s][info][gc,heap        ] GC(915) Humongous regions: 33->33
[5913.136s][info][gc,metaspace   ] GC(915) Metaspace: 29946K(30400K)->29946K(30400K) NonClass: 24537K(24768K)->24537K(24768K) Class: 5408K(5632K)->5408K(5632K)
[5913.136s][info][gc             ] GC(915) Pause Young (Prepare Mixed) (G1 Evacuation Pause) 6822M->2574M(8192M) 149.374ms
[5913.136s][info][gc,cpu         ] GC(915) User=1.18s Sys=0.00s Real=0.15s
...[5916.600s][info][gc,start       ] GC(916) Pause Young (Mixed) (G1 Evacuation Pause)
[5916.600s][info][gc,task        ] GC(916) Using 8 workers of 8 for evacuation
[5916.762s][info][gc,phases      ] GC(916)   Pre Evacuate Collection Set: 0.26ms
[5916.762s][info][gc,phases      ] GC(916)   Merge Heap Roots: 0.87ms
[5916.762s][info][gc,phases      ] GC(916)   Evacuate Collection Set: 160.00ms
[5916.762s][info][gc,phases      ] GC(916)   Post Evacuate Collection Set: 1.22ms
[5916.762s][info][gc,phases      ] GC(916)   Other: 0.08ms
[5916.762s][info][gc,heap        ] GC(916) Eden regions: 572->0(571)
[5916.762s][info][gc,heap        ] GC(916) Survivor regions: 42->43(77)
[5916.762s][info][gc,heap        ] GC(916) Old regions: 249->155
[5916.762s][info][gc,heap        ] GC(916) Humongous regions: 33->33
[5916.762s][info][gc,metaspace   ] GC(916) Metaspace: 29946K(30400K)->29946K(30400K) NonClass: 24537K(24768K)->24537K(24768K) Class: 5408K(5632K)->5408K(5632K)
[5916.762s][info][gc             ] GC(916) Pause Young (Mixed) (G1 Evacuation Pause) 7150M->1828M(8192M) 162.566ms
[5916.762s][info][gc,cpu         ] GC(916) User=1.29s Sys=0.00s Real=0.16s
....[5920.219s][info][gc,start       ] GC(917) Pause Young (Mixed) (G1 Evacuation Pause)
[5920.219s][info][gc,task        ] GC(917) Using 8 workers of 8 for evacuation
[5920.378s][info][gc,phases      ] GC(917)   Pre Evacuate Collection Set: 0.26ms
[5920.378s][info][gc,phases      ] GC(917)   Merge Heap Roots: 0.74ms
[5920.378s][info][gc,phases      ] GC(917)   Evacuate Collection Set: 156.56ms
[5920.378s][info][gc,phases      ] GC(917)   Post Evacuate Collection Set: 1.02ms
[5920.378s][info][gc,phases      ] GC(917)   Other: 0.07ms
[5920.378s][info][gc,heap        ] GC(917) Eden regions: 571->0(571)
[5920.378s][info][gc,heap        ] GC(917) Survivor regions: 43->43(77)
[5920.378s][info][gc,heap        ] GC(917) Old regions: 155->144
[5920.378s][info][gc,heap        ] GC(917) Humongous regions: 33->33
[5920.378s][info][gc,metaspace   ] GC(917) Metaspace: 29946K(30400K)->29946K(30400K) NonClass: 24537K(24768K)->24537K(24768K) Class: 5408K(5632K)->5408K(5632K)
[5920.378s][info][gc             ] GC(917) Pause Young (Mixed) (G1 Evacuation Pause) 6396M->1742M(8192M) 158.777ms
[5920.378s][info][gc,cpu         ] GC(917) User=1.26s Sys=0.00s Real=0.16s
...[5923.801s][info][gc,start       ] GC(918) Pause Young (Normal) (G1 Evacuation Pause)
[5923.801s][info][gc,task        ] GC(918) Using 8 workers of 8 for evacuation
[5923.954s][info][gc,phases      ] GC(918)   Pre Evacuate Collection Set: 0.22ms
[5923.954s][info][gc,phases      ] GC(918)   Merge Heap Roots: 0.52ms
[5923.954s][info][gc,phases      ] GC(918)   Evacuate Collection Set: 151.08ms
[5923.954s][info][gc,phases      ] GC(918)   Post Evacuate Collection Set: 1.01ms
[5923.954s][info][gc,phases      ] GC(918)   Other: 0.07ms
[5923.954s][info][gc,heap        ] GC(918) Eden regions: 571->0(570)
[5923.954s][info][gc,heap        ] GC(918) Survivor regions: 43->44(77)
[5923.954s][info][gc,heap        ] GC(918) Old regions: 144->151
[5923.954s][info][gc,heap        ] GC(918) Humongous regions: 33->33
[5923.954s][info][gc,metaspace   ] GC(918) Metaspace: 29946K(30400K)->29946K(30400K) NonClass: 24537K(24768K)->24537K(24768K) Class: 5408K(5632K)->5408K(5632K)
[5923.954s][info][gc             ] GC(918) Pause Young (Normal) (G1 Evacuation Pause) 6310M->1809M(8192M) 153.030ms
[5923.954s][info][gc,cpu         ] GC(918) User=1.22s Sys=0.00s Real=0.15s
....[5927.456s][info][gc,start       ] GC(919) Pause Young (Normal) (G1 Evacuation Pause)
[5927.457s][info][gc,task        ] GC(919) Using 8 workers of 8 for evacuation
[5927.613s][info][gc,phases      ] GC(919)   Pre Evacuate Collection Set: 0.26ms
[5927.613s][info][gc,phases      ] GC(919)   Merge Heap Roots: 0.51ms
[5927.613s][info][gc,phases      ] GC(919)   Evacuate Collection Set: 154.74ms
[5927.613s][info][gc,phases      ] GC(919)   Post Evacuate Collection Set: 1.03ms
[5927.613s][info][gc,phases      ] GC(919)   Other: 0.06ms
[5927.613s][info][gc,heap        ] GC(919) Eden regions: 570->0(570)
[5927.613s][info][gc,heap        ] GC(919) Survivor regions: 44->44(77)
[5927.613s][info][gc,heap        ] GC(919) Old regions: 151->159
[5927.613s][info][gc,heap        ] GC(919) Humongous regions: 33->33
[5927.613s][info][gc,metaspace   ] GC(919) Metaspace: 29946K(30400K)->29946K(30400K) NonClass: 24537K(24768K)->24537K(24768K) Class: 5408K(5632K)->5408K(5632K)
[5927.613s][info][gc             ] GC(919) Pause Young (Normal) (G1 Evacuation Pause) 6369M->1868M(8192M) 156.745ms
[5927.613s][info][gc,cpu         ] GC(919) User=1.24s Sys=0.00s Real=0.15s
....[5931.050s][info][gc,start       ] GC(920) Pause Young (Normal) (G1 Evacuation Pause)
[5931.050s][info][gc,task        ] GC(920) Using 8 workers of 8 for evacuation
[5931.205s][info][gc,phases      ] GC(920)   Pre Evacuate Collection Set: 0.22ms
[5931.205s][info][gc,phases      ] GC(920)   Merge Heap Roots: 0.51ms
[5931.205s][info][gc,phases      ] GC(920)   Evacuate Collection Set: 152.68ms
[5931.205s][info][gc,phases      ] GC(920)   Post Evacuate Collection Set: 0.98ms
[5931.205s][info][gc,phases      ] GC(920)   Other: 0.06ms
[5931.205s][info][gc,heap        ] GC(920) Eden regions: 570->0(569)
[5931.205s][info][gc,heap        ] GC(920) Survivor regions: 44->45(77)
[5931.205s][info][gc,heap        ] GC(920) Old regions: 159->166
[5931.205s][info][gc,heap        ] GC(920) Humongous regions: 33->33
[5931.205s][info][gc,metaspace   ] GC(920) Metaspace: 29946K(30400K)->29946K(30400K) NonClass: 24537K(24768K)->24537K(24768K) Class: 5408K(5632K)->5408K(5632K)
[5931.205s][info][gc             ] GC(920) Pause Young (Normal) (G1 Evacuation Pause) 6428M->1930M(8192M) 154.580ms
[5931.205s][info][gc,cpu         ] GC(920) User=1.22s Sys=0.00s Real=0.16s
...[5934.838s][info][gc,start       ] GC(921) Pause Young (Normal) (G1 Evacuation Pause)
[5934.838s][info][gc,task        ] GC(921) Using 8 workers of 8 for evacuation
[5934.985s][info][gc,phases      ] GC(921)   Pre Evacuate Collection Set: 0.24ms
[5934.985s][info][gc,phases      ] GC(921)   Merge Heap Roots: 0.64ms
[5934.985s][info][gc,phases      ] GC(921)   Evacuate Collection Set: 144.46ms
[5934.985s][info][gc,phases      ] GC(921)   Post Evacuate Collection Set: 1.00ms
[5934.985s][info][gc,phases      ] GC(921)   Other: 0.06ms
[5934.985s][info][gc,heap        ] GC(921) Eden regions: 569->0(571)
[5934.985s][info][gc,heap        ] GC(921) Survivor regions: 45->43(77)
[5934.985s][info][gc,heap        ] GC(921) Old regions: 166->173
[5934.985s][info][gc,heap        ] GC(921) Humongous regions: 33->33
[5934.985s][info][gc,metaspace   ] GC(921) Metaspace: 29946K(30400K)->29946K(30400K) NonClass: 24537K(24768K)->24537K(24768K) Class: 5408K(5632K)->5408K(5632K)
[5934.985s][info][gc             ] GC(921) Pause Young (Normal) (G1 Evacuation Pause) 6482M->1974M(8192M) 146.546ms
[5934.985s][info][gc,cpu         ] GC(921) User=1.15s Sys=0.00s Real=0.15s
....[5938.585s][info][gc,start       ] GC(922) Pause Young (Normal) (G1 Evacuation Pause)
[5938.585s][info][gc,task        ] GC(922) Using 8 workers of 8 for evacuation
[5938.731s][info][gc,phases      ] GC(922)   Pre Evacuate Collection Set: 0.24ms
[5938.731s][info][gc,phases      ] GC(922)   Merge Heap Roots: 0.47ms
[5938.731s][info][gc,phases      ] GC(922)   Evacuate Collection Set: 144.39ms
[5938.731s][info][gc,phases      ] GC(922)   Post Evacuate Collection Set: 1.01ms
[5938.731s][info][gc,phases      ] GC(922)   Other: 0.06ms
[5938.731s][info][gc,heap        ] GC(922) Eden regions: 571->0(572)
[5938.731s][info][gc,heap        ] GC(922) Survivor regions: 43->42(77)
[5938.731s][info][gc,heap        ] GC(922) Old regions: 173->180
[5938.732s][info][gc,heap        ] GC(922) Humongous regions: 33->33
[5938.732s][info][gc,metaspace   ] GC(922) Metaspace: 29946K(30400K)->29946K(30400K) NonClass: 24537K(24768K)->24537K(24768K) Class: 5408K(5632K)->5408K(5632K)
[5938.732s][info][gc             ] GC(922) Pause Young (Normal) (G1 Evacuation Pause) 6542M->2020M(8192M) 146.325ms
[5938.732s][info][gc,cpu         ] GC(922) User=1.16s Sys=0.00s Real=0.14s
.. (rIR:aIR:PR = 10515:10513:10513) (tPR = 157356) [OK] 
  5939s: Performance info:
         Transaction,    Success,    Partial,     Failed,   Receipts, AvgBarcode, 
             Overall,     632759,          0,          0,     601009,      59.47, 
         Response times:
             Request,    Success,    Partial,     Failed,   SkipFail,     Probes,    Samples,      min,      p50,      p90,      p95,      p99,      max, 
       TotalPurchase,     601047,          0,          0,          0,     355982,     442109,      300,     8700,    63000,    97000,   166000,  2300000,
     InStorePurchase,     315495,          0,          0,          0,     187753,     232953,      300,     8700,    62000,    98000,   164000,  2300000,
      OnlinePurchase,     222341,          0,          0,          0,     130604,     162073,      300,     8800,    63000,    95000,   167000,  2300000,
        InstPurchase,      63211,          0,          0,          0,      37625,      47083,      400,     8500,    63000,    96000,   166000,   920000,
          AssocOfCat,        630,          0,          0,          0,        554,        794,    31000,    59500,   120000,   173500,   309150,   567000,
      AssocOfProduct,       6255,          0,          0,          0,       3693,       4787,      700,     8600,    62000,    96000,   162000,   670000,
      BusinessReport,       1580,          0,          0,          0,       1426,       1872,    29000,    71000,   151000,   195000,   245270,   680000,
          CustBuyBeh,       6392,          0,          0,          0,       3649,       4793,      600,     7900,    66600,   103000,   170120,   790000,
       ProductReturn,      16830,          0,          0,          0,      10130,      12967,      200,     8600,    63000,    97000,   162320,   920000,

  5939s: (75%)   IR =  10657 ..[5942.110s][info][gc,start       ] GC(923) Pause Young (Normal) (G1 Evacuation Pause)
[5942.110s][info][gc,task        ] GC(923) Using 8 workers of 8 for evacuation
[5942.258s][info][gc,phases      ] GC(923)   Pre Evacuate Collection Set: 0.23ms
[5942.258s][info][gc,phases      ] GC(923)   Merge Heap Roots: 0.51ms
[5942.258s][info][gc,phases      ] GC(923)   Evacuate Collection Set: 145.75ms
[5942.258s][info][gc,phases      ] GC(923)   Post Evacuate Collection Set: 1.06ms
[5942.258s][info][gc,phases      ] GC(923)   Other: 0.08ms
[5942.258s][info][gc,heap        ] GC(923) Eden regions: 572->0(572)
[5942.258s][info][gc,heap        ] GC(923) Survivor regions: 42->42(77)
[5942.258s][info][gc,heap        ] GC(923) Old regions: 180->187
[5942.258s][info][gc,heap        ] GC(923) Humongous regions: 33->33
[5942.258s][info][gc,metaspace   ] GC(923) Metaspace: 29946K(30400K)->29946K(30400K) NonClass: 24537K(24768K)->24537K(24768K) Class: 5408K(5632K)->5408K(5632K)
[5942.258s][info][gc             ] GC(923) Pause Young (Normal) (G1 Evacuation Pause) 6596M->2082M(8192M) 147.766ms
[5942.258s][info][gc,cpu         ] GC(923) User=1.17s Sys=0.00s Real=0.15s
...[5945.880s][info][gc,start       ] GC(924) Pause Young (Normal) (G1 Evacuation Pause)
[5945.880s][info][gc,task        ] GC(924) Using 8 workers of 8 for evacuation
[5946.029s][info][gc,phases      ] GC(924)   Pre Evacuate Collection Set: 0.26ms
[5946.029s][info][gc,phases      ] GC(924)   Merge Heap Roots: 0.59ms
[5946.029s][info][gc,phases      ] GC(924)   Evacuate Collection Set: 147.34ms
[5946.029s][info][gc,phases      ] GC(924)   Post Evacuate Collection Set: 1.01ms
[5946.029s][info][gc,phases      ] GC(924)   Other: 0.06ms
[5946.029s][info][gc,heap        ] GC(924) Eden regions: 572->0(571)
[5946.029s][info][gc,heap        ] GC(924) Survivor regions: 42->43(77)
[5946.029s][info][gc,heap        ] GC(924) Old regions: 187->194
[5946.029s][info][gc,heap        ] GC(924) Humongous regions: 33->33
[5946.029s][info][gc,metaspace   ] GC(924) Metaspace: 29946K(30400K)->29946K(30400K) NonClass: 24537K(24768K)->24537K(24768K) Class: 5408K(5632K)->5408K(5632K)
[5946.029s][info][gc             ] GC(924) Pause Young (Normal) (G1 Evacuation Pause) 6658M->2144M(8192M) 149.399ms
[5946.029s][info][gc,cpu         ] GC(924) User=1.18s Sys=0.00s Real=0.15s
....[5949.458s][info][gc,start       ] GC(925) Pause Young (Normal) (G1 Evacuation Pause)
[5949.458s][info][gc,task        ] GC(925) Using 8 workers of 8 for evacuation
[5949.606s][info][gc,phases      ] GC(925)   Pre Evacuate Collection Set: 0.26ms
[5949.606s][info][gc,phases      ] GC(925)   Merge Heap Roots: 0.53ms
[5949.606s][info][gc,phases      ] GC(925)   Evacuate Collection Set: 146.10ms
[5949.606s][info][gc,phases      ] GC(925)   Post Evacuate Collection Set: 1.01ms
[5949.606s][info][gc,phases      ] GC(925)   Other: 0.06ms
[5949.606s][info][gc,heap        ] GC(925) Eden regions: 571->0(572)
[5949.606s][info][gc,heap        ] GC(925) Survivor regions: 43->42(77)
[5949.606s][info][gc,heap        ] GC(925) Old regions: 194->201
[5949.606s][info][gc,heap        ] GC(925) Humongous regions: 33->33
[5949.606s][info][gc,metaspace   ] GC(925) Metaspace: 29946K(30400K)->29946K(30400K) NonClass: 24537K(24768K)->24537K(24768K) Class: 5408K(5632K)->5408K(5632K)
[5949.606s][info][gc             ] GC(925) Pause Young (Normal) (G1 Evacuation Pause) 6712M->2193M(8192M) 148.104ms
[5949.606s][info][gc,cpu         ] GC(925) User=1.17s Sys=0.00s Real=0.15s
....[5953.107s][info][gc,start       ] GC(926) Pause Young (Normal) (G1 Evacuation Pause)
[5953.107s][info][gc,task        ] GC(926) Using 8 workers of 8 for evacuation
[5953.258s][info][gc,phases      ] GC(926)   Pre Evacuate Collection Set: 0.23ms
[5953.258s][info][gc,phases      ] GC(926)   Merge Heap Roots: 0.53ms
[5953.258s][info][gc,phases      ] GC(926)   Evacuate Collection Set: 148.85ms
[5953.258s][info][gc,phases      ] GC(926)   Post Evacuate Collection Set: 1.00ms
[5953.258s][info][gc,phases      ] GC(926)   Other: 0.06ms
[5953.258s][info][gc,heap        ] GC(926) Eden regions: 572->0(570)
[5953.258s][info][gc,heap        ] GC(926) Survivor regions: 42->44(77)
[5953.258s][info][gc,heap        ] GC(926) Old regions: 201->208
[5953.258s][info][gc,heap        ] GC(926) Humongous regions: 33->33
[5953.258s][info][gc,metaspace   ] GC(926) Metaspace: 29946K(30400K)->29946K(30400K) NonClass: 24537K(24768K)->24537K(24768K) Class: 5408K(5632K)->5408K(5632K)
[5953.258s][info][gc             ] GC(926) Pause Young (Normal) (G1 Evacuation Pause) 6769M->2267M(8192M) 150.810ms
[5953.258s][info][gc,cpu         ] GC(926) User=1.19s Sys=0.00s Real=0.15s
...[5956.587s][info][gc,start       ] GC(927) Pause Young (Normal) (G1 Evacuation Pause)
[5956.587s][info][gc,task        ] GC(927) Using 8 workers of 8 for evacuation
[5956.736s][info][gc,phases      ] GC(927)   Pre Evacuate Collection Set: 0.25ms
[5956.736s][info][gc,phases      ] GC(927)   Merge Heap Roots: 0.51ms
[5956.736s][info][gc,phases      ] GC(927)   Evacuate Collection Set: 147.21ms
[5956.736s][info][gc,phases      ] GC(927)   Post Evacuate Collection Set: 1.01ms
[5956.736s][info][gc,phases      ] GC(927)   Other: 0.07ms
[5956.736s][info][gc,heap        ] GC(927) Eden regions: 570->0(571)
[5956.736s][info][gc,heap        ] GC(927) Survivor regions: 44->43(77)
[5956.736s][info][gc,heap        ] GC(927) Old regions: 208->216
[5956.736s][info][gc,heap        ] GC(927) Humongous regions: 33->33
[5956.736s][info][gc,metaspace   ] GC(927) Metaspace: 29946K(30400K)->29946K(30400K) NonClass: 24537K(24768K)->24537K(24768K) Class: 5408K(5632K)->5408K(5632K)
[5956.736s][info][gc             ] GC(927) Pause Young (Normal) (G1 Evacuation Pause) 6827M->2318M(8192M) 149.205ms
[5956.736s][info][gc,cpu         ] GC(927) User=1.19s Sys=0.00s Real=0.15s
.|...[5960.109s][info][gc,start       ] GC(928) Pause Young (Normal) (G1 Evacuation Pause)
[5960.109s][info][gc,task        ] GC(928) Using 8 workers of 8 for evacuation
[5960.260s][info][gc,phases      ] GC(928)   Pre Evacuate Collection Set: 0.23ms
[5960.260s][info][gc,phases      ] GC(928)   Merge Heap Roots: 0.50ms
[5960.260s][info][gc,phases      ] GC(928)   Evacuate Collection Set: 149.29ms
[5960.260s][info][gc,phases      ] GC(928)   Post Evacuate Collection Set: 0.99ms
[5960.260s][info][gc,phases      ] GC(928)   Other: 0.06ms
[5960.260s][info][gc,heap        ] GC(928) Eden regions: 571->0(569)
[5960.260s][info][gc,heap        ] GC(928) Survivor regions: 43->45(77)
[5960.260s][info][gc,heap        ] GC(928) Old regions: 216->223
[5960.260s][info][gc,heap        ] GC(928) Humongous regions: 33->33
[5960.260s][info][gc,metaspace   ] GC(928) Metaspace: 29946K(30400K)->29946K(30400K) NonClass: 24537K(24768K)->24537K(24768K) Class: 5408K(5632K)->5408K(5632K)
[5960.261s][info][gc             ] GC(928) Pause Young (Normal) (G1 Evacuation Pause) 6886M->2390M(8192M) 151.214ms
[5960.261s][info][gc,cpu         ] GC(928) User=1.19s Sys=0.01s Real=0.15s
...[5963.613s][info][gc,start       ] GC(929) Pause Young (Normal) (G1 Evacuation Pause)
[5963.613s][info][gc,task        ] GC(929) Using 8 workers of 8 for evacuation
[5963.766s][info][gc,phases      ] GC(929)   Pre Evacuate Collection Set: 0.24ms
[5963.766s][info][gc,phases      ] GC(929)   Merge Heap Roots: 0.53ms
[5963.766s][info][gc,phases      ] GC(929)   Evacuate Collection Set: 151.32ms
[5963.766s][info][gc,phases      ] GC(929)   Post Evacuate Collection Set: 1.03ms
[5963.766s][info][gc,phases      ] GC(929)   Other: 0.06ms
[5963.766s][info][gc,heap        ] GC(929) Eden regions: 569->0(571)
[5963.766s][info][gc,heap        ] GC(929) Survivor regions: 45->43(77)
[5963.766s][info][gc,heap        ] GC(929) Old regions: 223->231
[5963.766s][info][gc,heap        ] GC(929) Humongous regions: 33->33
[5963.766s][info][gc,metaspace   ] GC(929) Metaspace: 29946K(30400K)->29946K(30400K) NonClass: 24537K(24768K)->24537K(24768K) Class: 5408K(5632K)->5408K(5632K)
[5963.766s][info][gc             ] GC(929) Pause Young (Normal) (G1 Evacuation Pause) 6942M->2436M(8192M) 153.312ms
[5963.766s][info][gc,cpu         ] GC(929) User=1.22s Sys=0.00s Real=0.16s
....[5967.178s][info][gc,start       ] GC(930) Pause Young (Normal) (G1 Evacuation Pause)
[5967.178s][info][gc,task        ] GC(930) Using 8 workers of 8 for evacuation
[5967.328s][info][gc,phases      ] GC(930)   Pre Evacuate Collection Set: 0.28ms
[5967.329s][info][gc,phases      ] GC(930)   Merge Heap Roots: 0.57ms
[5967.329s][info][gc,phases      ] GC(930)   Evacuate Collection Set: 148.40ms
[5967.329s][info][gc,phases      ] GC(930)   Post Evacuate Collection Set: 1.01ms
[5967.329s][info][gc,phases      ] GC(930)   Other: 0.09ms
[5967.329s][info][gc,heap        ] GC(930) Eden regions: 571->0(570)
[5967.329s][info][gc,heap        ] GC(930) Survivor regions: 43->44(77)
[5967.329s][info][gc,heap        ] GC(930) Old regions: 231->238
[5967.329s][info][gc,heap        ] GC(930) Humongous regions: 33->33
[5967.329s][info][gc,metaspace   ] GC(930) Metaspace: 29946K(30400K)->29946K(30400K) NonClass: 24537K(24768K)->24537K(24768K) Class: 5408K(5632K)->5408K(5632K)
[5967.329s][info][gc             ] GC(930) Pause Young (Normal) (G1 Evacuation Pause) 7004M->2496M(8192M) 150.479ms
[5967.329s][info][gc,cpu         ] GC(930) User=1.18s Sys=0.00s Real=0.15s
...[5970.679s][info][gc,start       ] GC(931) Pause Young (Normal) (G1 Evacuation Pause)
[5970.679s][info][gc,task        ] GC(931) Using 8 workers of 8 for evacuation
[5970.829s][info][gc,phases      ] GC(931)   Pre Evacuate Collection Set: 0.26ms
[5970.829s][info][gc,phases      ] GC(931)   Merge Heap Roots: 0.52ms
[5970.829s][info][gc,phases      ] GC(931)   Evacuate Collection Set: 148.65ms
[5970.829s][info][gc,phases      ] GC(931)   Post Evacuate Collection Set: 1.01ms
[5970.829s][info][gc,phases      ] GC(931)   Other: 0.06ms
[5970.829s][info][gc,heap        ] GC(931) Eden regions: 570->0(570)
[5970.829s][info][gc,heap        ] GC(931) Survivor regions: 44->44(77)
[5970.829s][info][gc,heap        ] GC(931) Old regions: 238->244
[5970.829s][info][gc,heap        ] GC(931) Humongous regions: 33->33
[5970.829s][info][gc,metaspace   ] GC(931) Metaspace: 29946K(30400K)->29946K(30400K) NonClass: 24537K(24768K)->24537K(24768K) Class: 5408K(5632K)->5408K(5632K)
[5970.829s][info][gc             ] GC(931) Pause Young (Normal) (G1 Evacuation Pause) 7056M->2551M(8192M) 150.637ms
[5970.829s][info][gc,cpu         ] GC(931) User=1.19s Sys=0.00s Real=0.15s
....[5974.165s][info][gc,start       ] GC(932) Pause Young (Normal) (G1 Evacuation Pause)
[5974.165s][info][gc,task        ] GC(932) Using 8 workers of 8 for evacuation
[5974.315s][info][gc,phases      ] GC(932)   Pre Evacuate Collection Set: 0.23ms
[5974.315s][info][gc,phases      ] GC(932)   Merge Heap Roots: 0.53ms
[5974.315s][info][gc,phases      ] GC(932)   Evacuate Collection Set: 148.52ms
[5974.315s][info][gc,phases      ] GC(932)   Post Evacuate Collection Set: 1.01ms
[5974.315s][info][gc,phases      ] GC(932)   Other: 0.07ms
[5974.315s][info][gc,heap        ] GC(932) Eden regions: 570->0(570)
[5974.315s][info][gc,heap        ] GC(932) Survivor regions: 44->44(77)
[5974.315s][info][gc,heap        ] GC(932) Old regions: 244->252
[5974.315s][info][gc,heap        ] GC(932) Humongous regions: 33->33
[5974.315s][info][gc,metaspace   ] GC(932) Metaspace: 29946K(30400K)->29946K(30400K) NonClass: 24537K(24768K)->24537K(24768K) Class: 5408K(5632K)->5408K(5632K)
[5974.315s][info][gc             ] GC(932) Pause Young (Normal) (G1 Evacuation Pause) 7111M->2612M(8192M) 150.498ms
[5974.315s][info][gc,cpu         ] GC(932) User=1.19s Sys=0.00s Real=0.15s
...[5977.717s][info][gc,start       ] GC(933) Pause Young (Normal) (G1 Evacuation Pause)
[5977.717s][info][gc,task        ] GC(933) Using 8 workers of 8 for evacuation
[5977.868s][info][gc,phases      ] GC(933)   Pre Evacuate Collection Set: 0.23ms
[5977.868s][info][gc,phases      ] GC(933)   Merge Heap Roots: 0.53ms
[5977.868s][info][gc,phases      ] GC(933)   Evacuate Collection Set: 148.72ms
[5977.868s][info][gc,phases      ] GC(933)   Post Evacuate Collection Set: 1.01ms
[5977.868s][info][gc,phases      ] GC(933)   Other: 0.06ms
[5977.868s][info][gc,heap        ] GC(933) Eden regions: 570->0(571)
[5977.868s][info][gc,heap        ] GC(933) Survivor regions: 44->43(77)
[5977.868s][info][gc,heap        ] GC(933) Old regions: 252->259
[5977.868s][info][gc,heap        ] GC(933) Humongous regions: 33->33
[5977.868s][info][gc,metaspace   ] GC(933) Metaspace: 29946K(30400K)->29946K(30400K) NonClass: 24537K(24768K)->24537K(24768K) Class: 5408K(5632K)->5408K(5632K)
[5977.868s][info][gc             ] GC(933) Pause Young (Normal) (G1 Evacuation Pause) 7172M->2661M(8192M) 150.682ms
[5977.868s][info][gc,cpu         ] GC(933) User=1.19s Sys=0.00s Real=0.15s
....[5981.351s][info][gc,start       ] GC(934) Pause Young (Normal) (G1 Evacuation Pause)
[5981.351s][info][gc,task        ] GC(934) Using 8 workers of 8 for evacuation
[5981.504s][info][gc,phases      ] GC(934)   Pre Evacuate Collection Set: 0.23ms
[5981.504s][info][gc,phases      ] GC(934)   Merge Heap Roots: 0.52ms
[5981.504s][info][gc,phases      ] GC(934)   Evacuate Collection Set: 150.99ms
[5981.504s][info][gc,phases      ] GC(934)   Post Evacuate Collection Set: 0.98ms
[5981.504s][info][gc,phases      ] GC(934)   Other: 0.06ms
[5981.504s][info][gc,heap        ] GC(934) Eden regions: 571->0(570)
[5981.504s][info][gc,heap        ] GC(934) Survivor regions: 43->44(77)
[5981.504s][info][gc,heap        ] GC(934) Old regions: 259->267
[5981.504s][info][gc,heap        ] GC(934) Humongous regions: 33->33
[5981.504s][info][gc,metaspace   ] GC(934) Metaspace: 29946K(30400K)->29946K(30400K) NonClass: 24537K(24768K)->24537K(24768K) Class: 5408K(5632K)->5408K(5632K)
[5981.504s][info][gc             ] GC(934) Pause Young (Normal) (G1 Evacuation Pause) 7229M->2728M(8192M) 152.926ms
[5981.504s][info][gc,cpu         ] GC(934) User=1.21s Sys=0.00s Real=0.15s
...[5984.859s][info][gc,start       ] GC(935) Pause Young (Normal) (G1 Evacuation Pause)
[5984.859s][info][gc,task        ] GC(935) Using 8 workers of 8 for evacuation
[5985.006s][info][gc,phases      ] GC(935)   Pre Evacuate Collection Set: 0.24ms
[5985.007s][info][gc,phases      ] GC(935)   Merge Heap Roots: 0.51ms
[5985.007s][info][gc,phases      ] GC(935)   Evacuate Collection Set: 145.41ms
[5985.007s][info][gc,phases      ] GC(935)   Post Evacuate Collection Set: 1.00ms
[5985.007s][info][gc,phases      ] GC(935)   Other: 0.06ms
[5985.007s][info][gc,heap        ] GC(935) Eden regions: 570->0(571)
[5985.007s][info][gc,heap        ] GC(935) Survivor regions: 44->43(77)
[5985.007s][info][gc,heap        ] GC(935) Old regions: 267->273
[5985.007s][info][gc,heap        ] GC(935) Humongous regions: 33->33
[5985.007s][info][gc,metaspace   ] GC(935) Metaspace: 29946K(30400K)->29946K(30400K) NonClass: 24537K(24768K)->24537K(24768K) Class: 5408K(5632K)->5408K(5632K)
[5985.007s][info][gc             ] GC(935) Pause Young (Normal) (G1 Evacuation Pause) 7288M->2775M(8192M) 147.352ms
[5985.007s][info][gc,cpu         ] GC(935) User=1.17s Sys=0.01s Real=0.15s
....[5988.472s][info][gc,start       ] GC(936) Pause Young (Normal) (G1 Evacuation Pause)
[5988.472s][info][gc,task        ] GC(936) Using 8 workers of 8 for evacuation
[5988.622s][info][gc,phases      ] GC(936)   Pre Evacuate Collection Set: 0.23ms
[5988.622s][info][gc,phases      ] GC(936)   Merge Heap Roots: 0.53ms
[5988.622s][info][gc,phases      ] GC(936)   Evacuate Collection Set: 148.26ms
[5988.622s][info][gc,phases      ] GC(936)   Post Evacuate Collection Set: 1.02ms
[5988.622s][info][gc,phases      ] GC(936)   Other: 0.06ms
[5988.622s][info][gc,heap        ] GC(936) Eden regions: 571->0(570)
[5988.622s][info][gc,heap        ] GC(936) Survivor regions: 43->44(77)
[5988.622s][info][gc,heap        ] GC(936) Old regions: 273->280
[5988.622s][info][gc,heap        ] GC(936) Humongous regions: 33->33
[5988.622s][info][gc,metaspace   ] GC(936) Metaspace: 29946K(30400K)->29946K(30400K) NonClass: 24537K(24768K)->24537K(24768K) Class: 5408K(5632K)->5408K(5632K)
[5988.622s][info][gc             ] GC(936) Pause Young (Normal) (G1 Evacuation Pause) 7343M->2836M(8192M) 150.232ms
[5988.622s][info][gc,cpu         ] GC(936) User=1.19s Sys=0.01s Real=0.15s
...[5991.968s][info][gc,start       ] GC(937) Pause Young (Normal) (G1 Evacuation Pause)
[5991.968s][info][gc,task        ] GC(937) Using 8 workers of 8 for evacuation
[5992.120s][info][gc,phases      ] GC(937)   Pre Evacuate Collection Set: 0.24ms
[5992.120s][info][gc,phases      ] GC(937)   Merge Heap Roots: 0.55ms
[5992.120s][info][gc,phases      ] GC(937)   Evacuate Collection Set: 150.83ms
[5992.120s][info][gc,phases      ] GC(937)   Post Evacuate Collection Set: 1.02ms
[5992.120s][info][gc,phases      ] GC(937)   Other: 0.06ms
[5992.120s][info][gc,heap        ] GC(937) Eden regions: 570->0(564)
[5992.120s][info][gc,heap        ] GC(937) Survivor regions: 44->44(77)
[5992.120s][info][gc,heap        ] GC(937) Old regions: 280->287
[5992.120s][info][gc,heap        ] GC(937) Humongous regions: 33->33
[5992.120s][info][gc,metaspace   ] GC(937) Metaspace: 29946K(30400K)->29946K(30400K) NonClass: 24537K(24768K)->24537K(24768K) Class: 5408K(5632K)->5408K(5632K)
[5992.121s][info][gc             ] GC(937) Pause Young (Normal) (G1 Evacuation Pause) 7396M->2899M(8192M) 152.849ms
[5992.121s][info][gc,cpu         ] GC(937) User=1.21s Sys=0.00s Real=0.15s
....[5995.676s][info][gc,start       ] GC(938) Pause Young (Normal) (G1 Evacuation Pause)
[5995.677s][info][gc,task        ] GC(938) Using 8 workers of 8 for evacuation
[5995.822s][info][gc,phases      ] GC(938)   Pre Evacuate Collection Set: 0.23ms
[5995.822s][info][gc,phases      ] GC(938)   Merge Heap Roots: 0.53ms
[5995.822s][info][gc,phases      ] GC(938)   Evacuate Collection Set: 143.93ms
[5995.822s][info][gc,phases      ] GC(938)   Post Evacuate Collection Set: 1.00ms
[5995.822s][info][gc,phases      ] GC(938)   Other: 0.06ms
[5995.822s][info][gc,heap        ] GC(938) Eden regions: 564->0(561)
[5995.822s][info][gc,heap        ] GC(938) Survivor regions: 44->42(76)
[5995.822s][info][gc,heap        ] GC(938) Old regions: 287->294
[5995.822s][info][gc,heap        ] GC(938) Humongous regions: 33->33
[5995.822s][info][gc,metaspace   ] GC(938) Metaspace: 29946K(30400K)->29946K(30400K) NonClass: 24537K(24768K)->24537K(24768K) Class: 5408K(5632K)->5408K(5632K)
[5995.822s][info][gc             ] GC(938) Pause Young (Normal) (G1 Evacuation Pause) 7411M->2935M(8192M) 145.902ms
[5995.822s][info][gc,cpu         ] GC(938) User=1.15s Sys=0.00s Real=0.14s
....[5999.282s][info][gc,start       ] GC(939) Pause Young (Normal) (G1 Evacuation Pause)
[5999.282s][info][gc,task        ] GC(939) Using 8 workers of 8 for evacuation
[5999.434s][info][gc,phases      ] GC(939)   Pre Evacuate Collection Set: 0.26ms
[5999.434s][info][gc,phases      ] GC(939)   Merge Heap Roots: 0.53ms
[5999.434s][info][gc,phases      ] GC(939)   Evacuate Collection Set: 150.71ms
[5999.434s][info][gc,phases      ] GC(939)   Post Evacuate Collection Set: 0.98ms
[5999.434s][info][gc,phases      ] GC(939)   Other: 0.06ms
[5999.434s][info][gc,heap        ] GC(939) Eden regions: 561->0(549)
[5999.434s][info][gc,heap        ] GC(939) Survivor regions: 42->44(76)
[5999.434s][info][gc,heap        ] GC(939) Old regions: 294->302
[5999.434s][info][gc,heap        ] GC(939) Humongous regions: 33->33
[5999.434s][info][gc,metaspace   ] GC(939) Metaspace: 29946K(30400K)->29946K(30400K) NonClass: 24537K(24768K)->24537K(24768K) Class: 5408K(5632K)->5408K(5632K)
[5999.434s][info][gc             ] GC(939) Pause Young (Normal) (G1 Evacuation Pause) 7423M->3015M(8192M) 152.672ms
[5999.434s][info][gc,cpu         ] GC(939) User=1.21s Sys=0.00s Real=0.15s
...[6002.591s][info][gc,start       ] GC(940) Pause Young (Normal) (G1 Evacuation Pause)
[6002.591s][info][gc,task        ] GC(940) Using 8 workers of 8 for evacuation
[6002.739s][info][gc,phases      ] GC(940)   Pre Evacuate Collection Set: 0.23ms
[6002.739s][info][gc,phases      ] GC(940)   Merge Heap Roots: 0.53ms
[6002.739s][info][gc,phases      ] GC(940)   Evacuate Collection Set: 145.80ms
[6002.739s][info][gc,phases      ] GC(940)   Post Evacuate Collection Set: 0.98ms
[6002.739s][info][gc,phases      ] GC(940)   Other: 0.09ms
[6002.739s][info][gc,heap        ] GC(940) Eden regions: 549->0(546)
[6002.739s][info][gc,heap        ] GC(940) Survivor regions: 44->42(75)
[6002.739s][info][gc,heap        ] GC(940) Old regions: 302->309
[6002.739s][info][gc,heap        ] GC(940) Humongous regions: 33->33
[6002.739s][info][gc,metaspace   ] GC(940) Metaspace: 29946K(30400K)->29946K(30400K) NonClass: 24537K(24768K)->24537K(24768K) Class: 5408K(5632K)->5408K(5632K)
[6002.739s][info][gc             ] GC(940) Pause Young (Normal) (G1 Evacuation Pause) 7407M->3058M(8192M) 147.759ms
[6002.739s][info][gc,cpu         ] GC(940) User=1.17s Sys=0.00s Real=0.15s
....[6006.158s][info][gc,start       ] GC(941) Pause Young (Concurrent Start) (G1 Evacuation Pause)
[6006.158s][info][gc,task        ] GC(941) Using 8 workers of 8 for evacuation
[6006.310s][info][gc,phases      ] GC(941)   Pre Evacuate Collection Set: 0.28ms
[6006.310s][info][gc,phases      ] GC(941)   Merge Heap Roots: 0.51ms
[6006.310s][info][gc,phases      ] GC(941)   Evacuate Collection Set: 150.41ms
[6006.310s][info][gc,phases      ] GC(941)   Post Evacuate Collection Set: 0.97ms
[6006.310s][info][gc,phases      ] GC(941)   Other: 0.11ms
[6006.310s][info][gc,heap        ] GC(941) Eden regions: 546->0(536)
[6006.310s][info][gc,heap        ] GC(941) Survivor regions: 42->43(74)
[6006.310s][info][gc,heap        ] GC(941) Old regions: 309->317
[6006.310s][info][gc,heap        ] GC(941) Humongous regions: 33->33
[6006.310s][info][gc,metaspace   ] GC(941) Metaspace: 29946K(30400K)->29946K(30400K) NonClass: 24537K(24768K)->24537K(24768K) Class: 5408K(5632K)->5408K(5632K)
[6006.310s][info][gc             ] GC(941) Pause Young (Concurrent Start) (G1 Evacuation Pause) 7426M->3127M(8192M) 152.400ms
[6006.310s][info][gc             ] GC(942) Concurrent Mark Cycle
[6006.310s][info][gc,marking     ] GC(942) Concurrent Scan Root Regions
[6006.310s][info][gc,cpu         ] GC(941) User=1.21s Sys=0.00s Real=0.15s
[6006.684s][info][gc,marking     ] GC(942) Concurrent Scan Root Regions 373.344ms
[6006.684s][info][gc,marking     ] GC(942) Concurrent Mark
[6006.684s][info][gc,marking     ] GC(942) Concurrent Mark From Roots
[6006.684s][info][gc,task        ] GC(942) Using 2 workers of 2 for marking
.[6007.942s][info][gc,marking     ] GC(942) Concurrent Mark From Roots 1258.458ms
[6007.942s][info][gc,marking     ] GC(942) Concurrent Preclean
[6007.942s][info][gc,marking     ] GC(942) Concurrent Preclean 0.067ms
[6007.942s][info][gc,start       ] GC(942) Pause Remark
[6007.944s][info][gc             ] GC(942) Pause Remark 4871M->4311M(8192M) 1.493ms
[6007.944s][info][gc,cpu         ] GC(942) User=0.01s Sys=0.00s Real=0.00s
[6007.944s][info][gc,marking     ] GC(942) Concurrent Mark 1260.296ms
[6007.944s][info][gc,marking     ] GC(942) Concurrent Rebuild Remembered Sets and Scrub Regions
.[6008.673s][info][gc,marking     ] GC(942) Concurrent Rebuild Remembered Sets and Scrub Regions 728.517ms
[6008.673s][info][gc,start       ] GC(942) Pause Cleanup
[6008.673s][info][gc             ] GC(942) Pause Cleanup 5228M->5228M(8192M) 0.264ms
[6008.673s][info][gc,cpu         ] GC(942) User=0.00s Sys=0.00s Real=0.00s
[6008.673s][info][gc,marking     ] GC(942) Concurrent Clear Claimed Marks
[6008.673s][info][gc,marking     ] GC(942) Concurrent Clear Claimed Marks 0.039ms
[6008.673s][info][gc,marking     ] GC(942) Concurrent Cleanup for Next Mark
[6008.683s][info][gc,marking     ] GC(942) Concurrent Cleanup for Next Mark 9.615ms
[6008.683s][info][gc             ] GC(942) Concurrent Mark Cycle 2372.502ms
.[6009.694s][info][gc,start       ] GC(943) Pause Young (Prepare Mixed) (G1 Evacuation Pause)
[6009.694s][info][gc,task        ] GC(943) Using 8 workers of 8 for evacuation
[6009.845s][info][gc,phases      ] GC(943)   Pre Evacuate Collection Set: 0.25ms
[6009.845s][info][gc,phases      ] GC(943)   Merge Heap Roots: 0.74ms
[6009.845s][info][gc,phases      ] GC(943)   Evacuate Collection Set: 149.06ms
[6009.845s][info][gc,phases      ] GC(943)   Post Evacuate Collection Set: 1.06ms
[6009.845s][info][gc,phases      ] GC(943)   Other: 0.06ms
[6009.845s][info][gc,heap        ] GC(943) Eden regions: 536->0(571)
[6009.845s][info][gc,heap        ] GC(943) Survivor regions: 43->43(73)
[6009.845s][info][gc,heap        ] GC(943) Old regions: 247->254
[6009.845s][info][gc,heap        ] GC(943) Humongous regions: 33->33
[6009.845s][info][gc,metaspace   ] GC(943) Metaspace: 29946K(30400K)->29946K(30400K) NonClass: 24537K(24768K)->24537K(24768K) Class: 5408K(5632K)->5408K(5632K)
[6009.845s][info][gc             ] GC(943) Pause Young (Prepare Mixed) (G1 Evacuation Pause) 6855M->2622M(8192M) 151.308ms
[6009.846s][info][gc,cpu         ] GC(943) User=1.20s Sys=0.00s Real=0.16s
....[6013.143s][info][gc,start       ] GC(944) Pause Young (Mixed) (G1 Evacuation Pause)
[6013.143s][info][gc,task        ] GC(944) Using 8 workers of 8 for evacuation
[6013.304s][info][gc,phases      ] GC(944)   Pre Evacuate Collection Set: 0.26ms
[6013.304s][info][gc,phases      ] GC(944)   Merge Heap Roots: 0.78ms
[6013.304s][info][gc,phases      ] GC(944)   Evacuate Collection Set: 159.08ms
[6013.304s][info][gc,phases      ] GC(944)   Post Evacuate Collection Set: 1.25ms
[6013.304s][info][gc,phases      ] GC(944)   Other: 0.07ms
[6013.304s][info][gc,heap        ] GC(944) Eden regions: 571->0(571)
[6013.304s][info][gc,heap        ] GC(944) Survivor regions: 43->43(77)
[6013.304s][info][gc,heap        ] GC(944) Old regions: 254->160
[6013.304s][info][gc,heap        ] GC(944) Humongous regions: 33->33
[6013.304s][info][gc,metaspace   ] GC(944) Metaspace: 29946K(30400K)->29946K(30400K) NonClass: 24537K(24768K)->24537K(24768K) Class: 5408K(5632K)->5408K(5632K)
[6013.304s][info][gc             ] GC(944) Pause Young (Mixed) (G1 Evacuation Pause) 7190M->1866M(8192M) 161.568ms
[6013.304s][info][gc,cpu         ] GC(944) User=1.28s Sys=0.00s Real=0.16s
...[6016.778s][info][gc,start       ] GC(945) Pause Young (Mixed) (G1 Evacuation Pause)
[6016.778s][info][gc,task        ] GC(945) Using 8 workers of 8 for evacuation
[6016.932s][info][gc,phases      ] GC(945)   Pre Evacuate Collection Set: 0.24ms
[6016.932s][info][gc,phases      ] GC(945)   Merge Heap Roots: 0.71ms
[6016.932s][info][gc,phases      ] GC(945)   Evacuate Collection Set: 152.14ms
[6016.932s][info][gc,phases      ] GC(945)   Post Evacuate Collection Set: 1.01ms
[6016.932s][info][gc,phases      ] GC(945)   Other: 0.08ms
[6016.932s][info][gc,heap        ] GC(945) Eden regions: 571->0(571)
[6016.932s][info][gc,heap        ] GC(945) Survivor regions: 43->43(77)
[6016.933s][info][gc,heap        ] GC(945) Old regions: 160->144
[6016.933s][info][gc,heap        ] GC(945) Humongous regions: 33->33
[6016.933s][info][gc,metaspace   ] GC(945) Metaspace: 29946K(30400K)->29946K(30400K) NonClass: 24537K(24768K)->24537K(24768K) Class: 5408K(5632K)->5408K(5632K)
[6016.933s][info][gc             ] GC(945) Pause Young (Mixed) (G1 Evacuation Pause) 6434M->1742M(8192M) 154.313ms
[6016.933s][info][gc,cpu         ] GC(945) User=1.21s Sys=0.00s Real=0.15s
. (rIR:aIR:PR = 10657:10696:10699) (tPR = 157865) [OK] 
  6017s: Performance info:
         Transaction,    Success,    Partial,     Failed,   Receipts, AvgBarcode, 
             Overall,     642385,          0,          0,     610088,      59.48, 
         Response times:
             Request,    Success,    Partial,     Failed,   SkipFail,     Probes,    Samples,      min,      p50,      p90,      p95,      p99,      max, 
       TotalPurchase,     609974,          0,          0,          0,     354653,     463930,      300,     9200,    73000,   112000,   182000,  2700000,
     InStorePurchase,     321715,          0,          0,          0,     186557,     243417,      300,     9200,    73000,   111000,   181000,  2700000,
      OnlinePurchase,     223045,          0,          0,          0,     130846,     171585,      300,     9200,    73000,   112000,   185000,  2700000,
        InstPurchase,      65214,          0,          0,          0,      37250,      48928,      400,     9300,    72000,   111000,   180000,  2700000,
          AssocOfCat,        640,          0,          0,          0,        555,        822,    34000,    64000,   129700,   175850,   252620,   323000,
      AssocOfProduct,       6460,          0,          0,          0,       3697,       5099,      400,     9800,    80000,   120000,   197000,  2700000,
      BusinessReport,       1595,          0,          0,          0,       1389,       1944,    37000,    72000,   148000,   204750,   248550,   563000,
          CustBuyBeh,       6344,          0,          0,          0,       3627,       5050,      500,     9800,    73000,   116000,   179000,   441000,
       ProductReturn,      17190,          0,          0,          0,       9099,      12384,      200,     9550,    69000,   111000,   179000,   860000,

  6017s: (76%)   IR =  10800 ...[6020.409s][info][gc,start       ] GC(946) Pause Young (Normal) (G1 Evacuation Pause)
[6020.409s][info][gc,task        ] GC(946) Using 8 workers of 8 for evacuation
[6020.558s][info][gc,phases      ] GC(946)   Pre Evacuate Collection Set: 0.24ms
[6020.558s][info][gc,phases      ] GC(946)   Merge Heap Roots: 0.58ms
[6020.558s][info][gc,phases      ] GC(946)   Evacuate Collection Set: 146.84ms
[6020.558s][info][gc,phases      ] GC(946)   Post Evacuate Collection Set: 1.00ms
[6020.558s][info][gc,phases      ] GC(946)   Other: 0.06ms
[6020.558s][info][gc,heap        ] GC(946) Eden regions: 571->0(571)
[6020.558s][info][gc,heap        ] GC(946) Survivor regions: 43->43(77)
[6020.558s][info][gc,heap        ] GC(946) Old regions: 144->151
[6020.558s][info][gc,heap        ] GC(946) Humongous regions: 33->33
[6020.558s][info][gc,metaspace   ] GC(946) Metaspace: 29946K(30400K)->29946K(30400K) NonClass: 24537K(24768K)->24537K(24768K) Class: 5408K(5632K)->5408K(5632K)
[6020.558s][info][gc             ] GC(946) Pause Young (Normal) (G1 Evacuation Pause) 6310M->1795M(8192M) 148.860ms
[6020.558s][info][gc,cpu         ] GC(946) User=1.18s Sys=0.00s Real=0.15s
...[6023.972s][info][gc,start       ] GC(947) Pause Young (Normal) (G1 Evacuation Pause)
[6023.972s][info][gc,task        ] GC(947) Using 8 workers of 8 for evacuation
[6024.121s][info][gc,phases      ] GC(947)   Pre Evacuate Collection Set: 0.25ms
[6024.122s][info][gc,phases      ] GC(947)   Merge Heap Roots: 0.52ms
[6024.122s][info][gc,phases      ] GC(947)   Evacuate Collection Set: 147.68ms
[6024.122s][info][gc,phases      ] GC(947)   Post Evacuate Collection Set: 1.01ms
[6024.122s][info][gc,phases      ] GC(947)   Other: 0.06ms
[6024.122s][info][gc,heap        ] GC(947) Eden regions: 571->0(571)
[6024.122s][info][gc,heap        ] GC(947) Survivor regions: 43->43(77)
[6024.122s][info][gc,heap        ] GC(947) Old regions: 151->158
[6024.122s][info][gc,heap        ] GC(947) Humongous regions: 33->33
[6024.122s][info][gc,metaspace   ] GC(947) Metaspace: 29946K(30400K)->29946K(30400K) NonClass: 24537K(24768K)->24537K(24768K) Class: 5408K(5632K)->5408K(5632K)
[6024.122s][info][gc             ] GC(947) Pause Young (Normal) (G1 Evacuation Pause) 6363M->1855M(8192M) 149.652ms
[6024.122s][info][gc,cpu         ] GC(947) User=1.18s Sys=0.01s Real=0.15s
....[6027.557s][info][gc,start       ] GC(948) Pause Young (Normal) (G1 Evacuation Pause)
[6027.557s][info][gc,task        ] GC(948) Using 8 workers of 8 for evacuation
[6027.704s][info][gc,phases      ] GC(948)   Pre Evacuate Collection Set: 0.25ms
[6027.704s][info][gc,phases      ] GC(948)   Merge Heap Roots: 0.52ms
[6027.704s][info][gc,phases      ] GC(948)   Evacuate Collection Set: 145.23ms
[6027.704s][info][gc,phases      ] GC(948)   Post Evacuate Collection Set: 1.01ms
[6027.704s][info][gc,phases      ] GC(948)   Other: 0.06ms
[6027.704s][info][gc,heap        ] GC(948) Eden regions: 571->0(571)
[6027.704s][info][gc,heap        ] GC(948) Survivor regions: 43->43(77)
[6027.704s][info][gc,heap        ] GC(948) Old regions: 158->165
[6027.704s][info][gc,heap        ] GC(948) Humongous regions: 33->33
[6027.704s][info][gc,metaspace   ] GC(948) Metaspace: 29946K(30400K)->29946K(30400K) NonClass: 24537K(24768K)->24537K(24768K) Class: 5408K(5632K)->5408K(5632K)
[6027.704s][info][gc             ] GC(948) Pause Young (Normal) (G1 Evacuation Pause) 6423M->1911M(8192M) 147.209ms
[6027.704s][info][gc,cpu         ] GC(948) User=1.17s Sys=0.00s Real=0.14s
...|[6031.016s][info][gc,start       ] GC(949) Pause Young (Normal) (G1 Evacuation Pause)
[6031.016s][info][gc,task        ] GC(949) Using 8 workers of 8 for evacuation
[6031.170s][info][gc,phases      ] GC(949)   Pre Evacuate Collection Set: 0.22ms
[6031.170s][info][gc,phases      ] GC(949)   Merge Heap Roots: 0.49ms
[6031.170s][info][gc,phases      ] GC(949)   Evacuate Collection Set: 151.61ms
[6031.170s][info][gc,phases      ] GC(949)   Post Evacuate Collection Set: 0.99ms
[6031.170s][info][gc,phases      ] GC(949)   Other: 0.06ms
[6031.170s][info][gc,heap        ] GC(949) Eden regions: 571->0(570)
[6031.170s][info][gc,heap        ] GC(949) Survivor regions: 43->44(77)
[6031.170s][info][gc,heap        ] GC(949) Old regions: 165->172
[6031.170s][info][gc,heap        ] GC(949) Humongous regions: 33->33
[6031.170s][info][gc,metaspace   ] GC(949) Metaspace: 29946K(30400K)->29946K(30400K) NonClass: 24537K(24768K)->24537K(24768K) Class: 5408K(5632K)->5408K(5632K)
[6031.170s][info][gc             ] GC(949) Pause Young (Normal) (G1 Evacuation Pause) 6479M->1976M(8192M) 153.503ms
[6031.170s][info][gc,cpu         ] GC(949) User=1.22s Sys=0.00s Real=0.15s
....[6034.552s][info][gc,start       ] GC(950) Pause Young (Normal) (G1 Evacuation Pause)
[6034.552s][info][gc,task        ] GC(950) Using 8 workers of 8 for evacuation
[6034.706s][info][gc,phases      ] GC(950)   Pre Evacuate Collection Set: 0.23ms
[6034.706s][info][gc,phases      ] GC(950)   Merge Heap Roots: 0.51ms
[6034.706s][info][gc,phases      ] GC(950)   Evacuate Collection Set: 151.61ms
[6034.706s][info][gc,phases      ] GC(950)   Post Evacuate Collection Set: 1.00ms
[6034.706s][info][gc,phases      ] GC(950)   Other: 0.07ms
[6034.706s][info][gc,heap        ] GC(950) Eden regions: 570->0(570)
[6034.706s][info][gc,heap        ] GC(950) Survivor regions: 44->44(77)
[6034.706s][info][gc,heap        ] GC(950) Old regions: 172->179
[6034.706s][info][gc,heap        ] GC(950) Humongous regions: 33->33
[6034.706s][info][gc,metaspace   ] GC(950) Metaspace: 29946K(30400K)->29946K(30400K) NonClass: 24537K(24768K)->24537K(24768K) Class: 5408K(5632K)->5408K(5632K)
[6034.706s][info][gc             ] GC(950) Pause Young (Normal) (G1 Evacuation Pause) 6536M->2032M(8192M) 153.569ms
[6034.706s][info][gc,cpu         ] GC(950) User=1.21s Sys=0.00s Real=0.16s
...[6038.221s][info][gc,start       ] GC(951) Pause Young (Normal) (G1 Evacuation Pause)
[6038.221s][info][gc,task        ] GC(951) Using 8 workers of 8 for evacuation
[6038.371s][info][gc,phases      ] GC(951)   Pre Evacuate Collection Set: 0.25ms
[6038.371s][info][gc,phases      ] GC(951)   Merge Heap Roots: 0.52ms
[6038.371s][info][gc,phases      ] GC(951)   Evacuate Collection Set: 147.83ms
[6038.371s][info][gc,phases      ] GC(951)   Post Evacuate Collection Set: 1.01ms
[6038.371s][info][gc,phases      ] GC(951)   Other: 0.06ms
[6038.371s][info][gc,heap        ] GC(951) Eden regions: 570->0(571)
[6038.371s][info][gc,heap        ] GC(951) Survivor regions: 44->43(77)
[6038.371s][info][gc,heap        ] GC(951) Old regions: 179->186
[6038.371s][info][gc,heap        ] GC(951) Humongous regions: 33->33
[6038.371s][info][gc,metaspace   ] GC(951) Metaspace: 29946K(30400K)->29946K(30400K) NonClass: 24537K(24768K)->24537K(24768K) Class: 5408K(5632K)->5408K(5632K)
[6038.371s][info][gc             ] GC(951) Pause Young (Normal) (G1 Evacuation Pause) 6592M->2077M(8192M) 149.805ms
[6038.371s][info][gc,cpu         ] GC(951) User=1.19s Sys=0.00s Real=0.15s
....[6041.746s][info][gc,start       ] GC(952) Pause Young (Normal) (G1 Evacuation Pause)
[6041.746s][info][gc,task        ] GC(952) Using 8 workers of 8 for evacuation
[6041.895s][info][gc,phases      ] GC(952)   Pre Evacuate Collection Set: 0.23ms
[6041.895s][info][gc,phases      ] GC(952)   Merge Heap Roots: 0.52ms
[6041.895s][info][gc,phases      ] GC(952)   Evacuate Collection Set: 147.65ms
[6041.895s][info][gc,phases      ] GC(952)   Post Evacuate Collection Set: 1.05ms
[6041.895s][info][gc,phases      ] GC(952)   Other: 0.06ms
[6041.895s][info][gc,heap        ] GC(952) Eden regions: 571->0(570)
[6041.895s][info][gc,heap        ] GC(952) Survivor regions: 43->44(77)
[6041.895s][info][gc,heap        ] GC(952) Old regions: 186->193
[6041.895s][info][gc,heap        ] GC(952) Humongous regions: 33->33
[6041.895s][info][gc,metaspace   ] GC(952) Metaspace: 29946K(30400K)->29946K(30400K) NonClass: 24537K(24768K)->24537K(24768K) Class: 5408K(5632K)->5408K(5632K)
[6041.895s][info][gc             ] GC(952) Pause Young (Normal) (G1 Evacuation Pause) 6645M->2143M(8192M) 149.646ms
[6041.895s][info][gc,cpu         ] GC(952) User=1.19s Sys=0.00s Real=0.15s
...[6045.191s][info][gc,start       ] GC(953) Pause Young (Normal) (G1 Evacuation Pause)
[6045.191s][info][gc,task        ] GC(953) Using 8 workers of 8 for evacuation
[6045.344s][info][gc,phases      ] GC(953)   Pre Evacuate Collection Set: 0.22ms
[6045.344s][info][gc,phases      ] GC(953)   Merge Heap Roots: 0.53ms
[6045.344s][info][gc,phases      ] GC(953)   Evacuate Collection Set: 151.89ms
[6045.344s][info][gc,phases      ] GC(953)   Post Evacuate Collection Set: 1.01ms
[6045.344s][info][gc,phases      ] GC(953)   Other: 0.06ms
[6045.344s][info][gc,heap        ] GC(953) Eden regions: 570->0(570)
[6045.344s][info][gc,heap        ] GC(953) Survivor regions: 44->44(77)
[6045.344s][info][gc,heap        ] GC(953) Old regions: 193->200
[6045.344s][info][gc,heap        ] GC(953) Humongous regions: 33->33
[6045.344s][info][gc,metaspace   ] GC(953) Metaspace: 29946K(30400K)->29946K(30400K) NonClass: 24537K(24768K)->24537K(24768K) Class: 5408K(5632K)->5408K(5632K)
[6045.344s][info][gc             ] GC(953) Pause Young (Normal) (G1 Evacuation Pause) 6703M->2198M(8192M) 153.844ms
[6045.345s][info][gc,cpu         ] GC(953) User=1.22s Sys=0.00s Real=0.16s
....[6048.672s][info][gc,start       ] GC(954) Pause Young (Normal) (G1 Evacuation Pause)
[6048.672s][info][gc,task        ] GC(954) Using 8 workers of 8 for evacuation
[6048.826s][info][gc,phases      ] GC(954)   Pre Evacuate Collection Set: 0.22ms
[6048.827s][info][gc,phases      ] GC(954)   Merge Heap Roots: 0.53ms
[6048.827s][info][gc,phases      ] GC(954)   Evacuate Collection Set: 152.95ms
[6048.827s][info][gc,phases      ] GC(954)   Post Evacuate Collection Set: 1.00ms
[6048.827s][info][gc,phases      ] GC(954)   Other: 0.06ms
[6048.827s][info][gc,heap        ] GC(954) Eden regions: 570->0(570)
[6048.827s][info][gc,heap        ] GC(954) Survivor regions: 44->44(77)
[6048.827s][info][gc,heap        ] GC(954) Old regions: 200->208
[6048.827s][info][gc,heap        ] GC(954) Humongous regions: 33->33
[6048.827s][info][gc,metaspace   ] GC(954) Metaspace: 29946K(30400K)->29946K(30400K) NonClass: 24537K(24768K)->24537K(24768K) Class: 5408K(5632K)->5408K(5632K)
[6048.827s][info][gc             ] GC(954) Pause Young (Normal) (G1 Evacuation Pause) 6758M->2256M(8192M) 154.891ms
[6048.827s][info][gc,cpu         ] GC(954) User=1.22s Sys=0.00s Real=0.16s
...[6052.341s][info][gc,start       ] GC(955) Pause Young (Normal) (G1 Evacuation Pause)
[6052.341s][info][gc,task        ] GC(955) Using 8 workers of 8 for evacuation
[6052.492s][info][gc,phases      ] GC(955)   Pre Evacuate Collection Set: 0.22ms
[6052.492s][info][gc,phases      ] GC(955)   Merge Heap Roots: 0.52ms
[6052.492s][info][gc,phases      ] GC(955)   Evacuate Collection Set: 149.05ms
[6052.492s][info][gc,phases      ] GC(955)   Post Evacuate Collection Set: 1.00ms
[6052.492s][info][gc,phases      ] GC(955)   Other: 0.06ms
[6052.492s][info][gc,heap        ] GC(955) Eden regions: 570->0(571)
[6052.492s][info][gc,heap        ] GC(955) Survivor regions: 44->43(77)
[6052.492s][info][gc,heap        ] GC(955) Old regions: 208->215
[6052.492s][info][gc,heap        ] GC(955) Humongous regions: 33->33
[6052.492s][info][gc,metaspace   ] GC(955) Metaspace: 29946K(30400K)->29946K(30400K) NonClass: 24537K(24768K)->24537K(24768K) Class: 5408K(5632K)->5408K(5632K)
[6052.492s][info][gc             ] GC(955) Pause Young (Normal) (G1 Evacuation Pause) 6816M->2310M(8192M) 150.983ms
[6052.492s][info][gc,cpu         ] GC(955) User=1.19s Sys=0.00s Real=0.15s
....[6055.909s][info][gc,start       ] GC(956) Pause Young (Normal) (G1 Evacuation Pause)
[6055.909s][info][gc,task        ] GC(956) Using 8 workers of 8 for evacuation
[6056.056s][info][gc,phases      ] GC(956)   Pre Evacuate Collection Set: 0.24ms
[6056.056s][info][gc,phases      ] GC(956)   Merge Heap Roots: 0.52ms
[6056.056s][info][gc,phases      ] GC(956)   Evacuate Collection Set: 144.44ms
[6056.056s][info][gc,phases      ] GC(956)   Post Evacuate Collection Set: 0.99ms
[6056.056s][info][gc,phases      ] GC(956)   Other: 0.06ms
[6056.056s][info][gc,heap        ] GC(956) Eden regions: 571->0(572)
[6056.056s][info][gc,heap        ] GC(956) Survivor regions: 43->42(77)
[6056.056s][info][gc,heap        ] GC(956) Old regions: 215->222
[6056.056s][info][gc,heap        ] GC(956) Humongous regions: 33->33
[6056.056s][info][gc,metaspace   ] GC(956) Metaspace: 29946K(30400K)->29946K(30400K) NonClass: 24537K(24768K)->24537K(24768K) Class: 5408K(5632K)->5408K(5632K)
[6056.056s][info][gc             ] GC(956) Pause Young (Normal) (G1 Evacuation Pause) 6878M->2359M(8192M) 146.386ms
[6056.056s][info][gc,cpu         ] GC(956) User=1.16s Sys=0.00s Real=0.15s
...[6059.414s][info][gc,start       ] GC(957) Pause Young (Normal) (G1 Evacuation Pause)
[6059.414s][info][gc,task        ] GC(957) Using 8 workers of 8 for evacuation
[6059.562s][info][gc,phases      ] GC(957)   Pre Evacuate Collection Set: 0.23ms
[6059.562s][info][gc,phases      ] GC(957)   Merge Heap Roots: 0.50ms
[6059.562s][info][gc,phases      ] GC(957)   Evacuate Collection Set: 145.89ms
[6059.562s][info][gc,phases      ] GC(957)   Post Evacuate Collection Set: 1.02ms
[6059.562s][info][gc,phases      ] GC(957)   Other: 0.06ms
[6059.562s][info][gc,heap        ] GC(957) Eden regions: 572->0(572)
[6059.562s][info][gc,heap        ] GC(957) Survivor regions: 42->42(77)
[6059.562s][info][gc,heap        ] GC(957) Old regions: 222->229
[6059.562s][info][gc,heap        ] GC(957) Humongous regions: 33->33
[6059.562s][info][gc,metaspace   ] GC(957) Metaspace: 29946K(30400K)->29946K(30400K) NonClass: 24537K(24768K)->24537K(24768K) Class: 5408K(5632K)->5408K(5632K)
[6059.562s][info][gc             ] GC(957) Pause Young (Normal) (G1 Evacuation Pause) 6935M->2418M(8192M) 147.855ms
[6059.562s][info][gc,cpu         ] GC(957) User=1.17s Sys=0.00s Real=0.15s
....[6062.965s][info][gc,start       ] GC(958) Pause Young (Normal) (G1 Evacuation Pause)
[6062.965s][info][gc,task        ] GC(958) Using 8 workers of 8 for evacuation
[6063.116s][info][gc,phases      ] GC(958)   Pre Evacuate Collection Set: 0.25ms
[6063.116s][info][gc,phases      ] GC(958)   Merge Heap Roots: 0.58ms
[6063.116s][info][gc,phases      ] GC(958)   Evacuate Collection Set: 149.02ms
[6063.116s][info][gc,phases      ] GC(958)   Post Evacuate Collection Set: 1.00ms
[6063.116s][info][gc,phases      ] GC(958)   Other: 0.08ms
[6063.116s][info][gc,heap        ] GC(958) Eden regions: 572->0(571)
[6063.116s][info][gc,heap        ] GC(958) Survivor regions: 42->43(77)
[6063.116s][info][gc,heap        ] GC(958) Old regions: 229->236
[6063.116s][info][gc,heap        ] GC(958) Humongous regions: 33->33
[6063.116s][info][gc,metaspace   ] GC(958) Metaspace: 29946K(30400K)->29946K(30400K) NonClass: 24537K(24768K)->24537K(24768K) Class: 5408K(5632K)->5408K(5632K)
[6063.116s][info][gc             ] GC(958) Pause Young (Normal) (G1 Evacuation Pause) 6994M->2481M(8192M) 151.051ms
[6063.116s][info][gc,cpu         ] GC(958) User=1.20s Sys=0.00s Real=0.15s
...[6066.492s][info][gc,start       ] GC(959) Pause Young (Normal) (G1 Evacuation Pause)
[6066.492s][info][gc,task        ] GC(959) Using 8 workers of 8 for evacuation
[6066.647s][info][gc,phases      ] GC(959)   Pre Evacuate Collection Set: 0.22ms
[6066.647s][info][gc,phases      ] GC(959)   Merge Heap Roots: 0.49ms
[6066.647s][info][gc,phases      ] GC(959)   Evacuate Collection Set: 152.59ms
[6066.647s][info][gc,phases      ] GC(959)   Post Evacuate Collection Set: 0.99ms
[6066.647s][info][gc,phases      ] GC(959)   Other: 0.07ms
[6066.647s][info][gc,heap        ] GC(959) Eden regions: 571->0(569)
[6066.647s][info][gc,heap        ] GC(959) Survivor regions: 43->45(77)
[6066.647s][info][gc,heap        ] GC(959) Old regions: 236->243
[6066.647s][info][gc,heap        ] GC(959) Humongous regions: 33->33
[6066.647s][info][gc,metaspace   ] GC(959) Metaspace: 29946K(30400K)->29946K(30400K) NonClass: 24537K(24768K)->24537K(24768K) Class: 5408K(5632K)->5408K(5632K)
[6066.647s][info][gc             ] GC(959) Pause Young (Normal) (G1 Evacuation Pause) 7049M->2548M(8192M) 154.515ms
[6066.647s][info][gc,cpu         ] GC(959) User=1.22s Sys=0.00s Real=0.16s
....[6070.000s][info][gc,start       ] GC(960) Pause Young (Normal) (G1 Evacuation Pause)
[6070.000s][info][gc,task        ] GC(960) Using 8 workers of 8 for evacuation
[6070.150s][info][gc,phases      ] GC(960)   Pre Evacuate Collection Set: 0.24ms
[6070.150s][info][gc,phases      ] GC(960)   Merge Heap Roots: 0.51ms
[6070.150s][info][gc,phases      ] GC(960)   Evacuate Collection Set: 147.74ms
[6070.150s][info][gc,phases      ] GC(960)   Post Evacuate Collection Set: 1.01ms
[6070.150s][info][gc,phases      ] GC(960)   Other: 0.07ms
[6070.150s][info][gc,heap        ] GC(960) Eden regions: 569->0(571)
[6070.150s][info][gc,heap        ] GC(960) Survivor regions: 45->43(77)
[6070.150s][info][gc,heap        ] GC(960) Old regions: 243->250
[6070.150s][info][gc,heap        ] GC(960) Humongous regions: 33->33
[6070.150s][info][gc,metaspace   ] GC(960) Metaspace: 29946K(30400K)->29946K(30400K) NonClass: 24537K(24768K)->24537K(24768K) Class: 5408K(5632K)->5408K(5632K)
[6070.150s][info][gc             ] GC(960) Pause Young (Normal) (G1 Evacuation Pause) 7100M->2589M(8192M) 149.699ms
[6070.150s][info][gc,cpu         ] GC(960) User=1.19s Sys=0.00s Real=0.15s
...[6073.631s][info][gc,start       ] GC(961) Pause Young (Normal) (G1 Evacuation Pause)
[6073.631s][info][gc,task        ] GC(961) Using 8 workers of 8 for evacuation
[6073.781s][info][gc,phases      ] GC(961)   Pre Evacuate Collection Set: 0.25ms
[6073.781s][info][gc,phases      ] GC(961)   Merge Heap Roots: 0.56ms
[6073.781s][info][gc,phases      ] GC(961)   Evacuate Collection Set: 148.37ms
[6073.781s][info][gc,phases      ] GC(961)   Post Evacuate Collection Set: 0.98ms
[6073.781s][info][gc,phases      ] GC(961)   Other: 0.06ms
[6073.781s][info][gc,heap        ] GC(961) Eden regions: 571->0(570)
[6073.781s][info][gc,heap        ] GC(961) Survivor regions: 43->44(77)
[6073.781s][info][gc,heap        ] GC(961) Old regions: 250->257
[6073.781s][info][gc,heap        ] GC(961) Humongous regions: 33->33
[6073.781s][info][gc,metaspace   ] GC(961) Metaspace: 29946K(30400K)->29946K(30400K) NonClass: 24537K(24768K)->24537K(24768K) Class: 5408K(5632K)->5408K(5632K)
[6073.781s][info][gc             ] GC(961) Pause Young (Normal) (G1 Evacuation Pause) 7157M->2659M(8192M) 150.347ms
[6073.781s][info][gc,cpu         ] GC(961) User=1.19s Sys=0.00s Real=0.15s
....[6077.108s][info][gc,start       ] GC(962) Pause Young (Normal) (G1 Evacuation Pause)
[6077.108s][info][gc,task        ] GC(962) Using 8 workers of 8 for evacuation
[6077.258s][info][gc,phases      ] GC(962)   Pre Evacuate Collection Set: 0.24ms
[6077.258s][info][gc,phases      ] GC(962)   Merge Heap Roots: 0.51ms
[6077.258s][info][gc,phases      ] GC(962)   Evacuate Collection Set: 148.10ms
[6077.258s][info][gc,phases      ] GC(962)   Post Evacuate Collection Set: 1.03ms
[6077.258s][info][gc,phases      ] GC(962)   Other: 0.07ms
[6077.258s][info][gc,heap        ] GC(962) Eden regions: 570->0(570)
[6077.258s][info][gc,heap        ] GC(962) Survivor regions: 44->44(77)
[6077.258s][info][gc,heap        ] GC(962) Old regions: 257->264
[6077.258s][info][gc,heap        ] GC(962) Humongous regions: 33->33
[6077.258s][info][gc,metaspace   ] GC(962) Metaspace: 29946K(30400K)->29946K(30400K) NonClass: 24537K(24768K)->24537K(24768K) Class: 5408K(5632K)->5408K(5632K)
[6077.258s][info][gc             ] GC(962) Pause Young (Normal) (G1 Evacuation Pause) 7219M->2715M(8192M) 150.080ms
[6077.258s][info][gc,cpu         ] GC(962) User=1.19s Sys=0.00s Real=0.15s
...[6080.602s][info][gc,start       ] GC(963) Pause Young (Normal) (G1 Evacuation Pause)
[6080.602s][info][gc,task        ] GC(963) Using 8 workers of 8 for evacuation
[6080.749s][info][gc,phases      ] GC(963)   Pre Evacuate Collection Set: 0.24ms
[6080.749s][info][gc,phases      ] GC(963)   Merge Heap Roots: 0.53ms
[6080.749s][info][gc,phases      ] GC(963)   Evacuate Collection Set: 145.98ms
[6080.749s][info][gc,phases      ] GC(963)   Post Evacuate Collection Set: 1.01ms
[6080.749s][info][gc,phases      ] GC(963)   Other: 0.06ms
[6080.749s][info][gc,heap        ] GC(963) Eden regions: 570->0(571)
[6080.749s][info][gc,heap        ] GC(963) Survivor regions: 44->43(77)
[6080.749s][info][gc,heap        ] GC(963) Old regions: 264->271
[6080.749s][info][gc,heap        ] GC(963) Humongous regions: 33->33
[6080.749s][info][gc,metaspace   ] GC(963) Metaspace: 29946K(30400K)->29946K(30400K) NonClass: 24537K(24768K)->24537K(24768K) Class: 5408K(5632K)->5408K(5632K)
[6080.749s][info][gc             ] GC(963) Pause Young (Normal) (G1 Evacuation Pause) 7275M->2763M(8192M) 147.964ms
[6080.750s][info][gc,cpu         ] GC(963) User=1.17s Sys=0.00s Real=0.15s
....[6084.141s][info][gc,start       ] GC(964) Pause Young (Normal) (G1 Evacuation Pause)
[6084.141s][info][gc,task        ] GC(964) Using 8 workers of 8 for evacuation
[6084.295s][info][gc,phases      ] GC(964)   Pre Evacuate Collection Set: 0.23ms
[6084.295s][info][gc,phases      ] GC(964)   Merge Heap Roots: 0.52ms
[6084.295s][info][gc,phases      ] GC(964)   Evacuate Collection Set: 152.38ms
[6084.295s][info][gc,phases      ] GC(964)   Post Evacuate Collection Set: 1.00ms
[6084.295s][info][gc,phases      ] GC(964)   Other: 0.06ms
[6084.295s][info][gc,heap        ] GC(964) Eden regions: 571->0(569)
[6084.295s][info][gc,heap        ] GC(964) Survivor regions: 43->45(77)
[6084.295s][info][gc,heap        ] GC(964) Old regions: 271->279
[6084.295s][info][gc,heap        ] GC(964) Humongous regions: 33->33
[6084.295s][info][gc,metaspace   ] GC(964) Metaspace: 29946K(30400K)->29946K(30400K) NonClass: 24537K(24768K)->24537K(24768K) Class: 5408K(5632K)->5408K(5632K)
[6084.295s][info][gc             ] GC(964) Pause Young (Normal) (G1 Evacuation Pause) 7331M->2832M(8192M) 154.329ms
[6084.295s][info][gc,cpu         ] GC(964) User=1.22s Sys=0.00s Real=0.16s
...[6087.600s][info][gc,start       ] GC(965) Pause Young (Normal) (G1 Evacuation Pause)
[6087.600s][info][gc,task        ] GC(965) Using 8 workers of 8 for evacuation
[6087.748s][info][gc,phases      ] GC(965)   Pre Evacuate Collection Set: 0.24ms
[6087.748s][info][gc,phases      ] GC(965)   Merge Heap Roots: 0.50ms
[6087.748s][info][gc,phases      ] GC(965)   Evacuate Collection Set: 145.83ms
[6087.748s][info][gc,phases      ] GC(965)   Post Evacuate Collection Set: 1.02ms
[6087.748s][info][gc,phases      ] GC(965)   Other: 0.07ms
[6087.748s][info][gc,heap        ] GC(965) Eden regions: 569->0(568)
[6087.748s][info][gc,heap        ] GC(965) Survivor regions: 45->43(77)
[6087.748s][info][gc,heap        ] GC(965) Old regions: 279->285
[6087.748s][info][gc,heap        ] GC(965) Humongous regions: 33->33
[6087.748s][info][gc,metaspace   ] GC(965) Metaspace: 29946K(30400K)->29946K(30400K) NonClass: 24537K(24768K)->24537K(24768K) Class: 5408K(5632K)->5408K(5632K)
[6087.748s][info][gc             ] GC(965) Pause Young (Normal) (G1 Evacuation Pause) 7384M->2871M(8192M) 147.781ms
[6087.748s][info][gc,cpu         ] GC(965) User=1.17s Sys=0.00s Real=0.15s
.... (rIR:aIR:PR = 10800:10823:10824) (tPR = 159245) [OK] 
  6090s: Performance info:
         Transaction,    Success,    Partial,     Failed,   Receipts, AvgBarcode, 
             Overall,     653747,          0,          0,     621236,      59.48, 
         Response times:
             Request,    Success,    Partial,     Failed,   SkipFail,     Probes,    Samples,      min,      p50,      p90,      p95,      p99,      max, 
       TotalPurchase,     621177,          0,          0,          0,     355943,     440584,      300,     8900,    46000,    74000,   147000,   960000,
     InStorePurchase,     328212,          0,          0,          0,     187779,     232096,      300,     9000,    47000,    76000,   149000,   960000,
      OnlinePurchase,     227545,          0,          0,          0,     131000,     162062,      400,     8700,    45000,    72000,   143000,   960000,
        InstPurchase,      65420,          0,          0,          0,      37164,      46426,      600,     9100,    46000,    73000,   147000,   740000,
          AssocOfCat,        651,          0,          0,          0,        556,        768,    28000,    64000,    99000,   132550,   206550,   670000,
      AssocOfProduct,       6570,          0,          0,          0,       3814,       4924,      600,     8400,    44000,    72000,   127750,   475000,
      BusinessReport,       1636,          0,          0,          0,       1458,       1987,    32000,    73000,   121200,   160000,   230360,   487000,
          CustBuyBeh,       6460,          0,          0,          0,       3814,       4942,      400,     9600,    49000,    79000,   159000,   720000,
       ProductReturn,      17191,          0,          0,          0,       9510,      12024,      200,     9300,    51000,    81000,   156000,   960000,

  6090s: (77%)   IR =  10942 [6091.142s][info][gc,start       ] GC(966) Pause Young (Normal) (G1 Evacuation Pause)
[6091.142s][info][gc,task        ] GC(966) Using 8 workers of 8 for evacuation
[6091.296s][info][gc,phases      ] GC(966)   Pre Evacuate Collection Set: 0.22ms
[6091.296s][info][gc,phases      ] GC(966)   Merge Heap Roots: 0.50ms
[6091.296s][info][gc,phases      ] GC(966)   Evacuate Collection Set: 152.18ms
[6091.296s][info][gc,phases      ] GC(966)   Post Evacuate Collection Set: 1.04ms
[6091.296s][info][gc,phases      ] GC(966)   Other: 0.06ms
[6091.296s][info][gc,heap        ] GC(966) Eden regions: 568->0(559)
[6091.296s][info][gc,heap        ] GC(966) Survivor regions: 43->44(77)
[6091.296s][info][gc,heap        ] GC(966) Old regions: 285->292
[6091.296s][info][gc,heap        ] GC(966) Humongous regions: 33->33
[6091.296s][info][gc,metaspace   ] GC(966) Metaspace: 29946K(30400K)->29946K(30400K) NonClass: 24537K(24768K)->24537K(24768K) Class: 5408K(5632K)->5408K(5632K)
[6091.296s][info][gc             ] GC(966) Pause Young (Normal) (G1 Evacuation Pause) 7415M->2935M(8192M) 154.149ms
[6091.296s][info][gc,cpu         ] GC(966) User=1.22s Sys=0.00s Real=0.16s
...[6094.550s][info][gc,start       ] GC(967) Pause Young (Normal) (G1 Evacuation Pause)
[6094.550s][info][gc,task        ] GC(967) Using 8 workers of 8 for evacuation
[6094.698s][info][gc,phases      ] GC(967)   Pre Evacuate Collection Set: 0.23ms
[6094.698s][info][gc,phases      ] GC(967)   Merge Heap Roots: 0.50ms
[6094.698s][info][gc,phases      ] GC(967)   Evacuate Collection Set: 146.09ms
[6094.698s][info][gc,phases      ] GC(967)   Post Evacuate Collection Set: 0.99ms
[6094.698s][info][gc,phases      ] GC(967)   Other: 0.07ms
[6094.698s][info][gc,heap        ] GC(967) Eden regions: 559->0(553)
[6094.698s][info][gc,heap        ] GC(967) Survivor regions: 44->43(76)
[6094.698s][info][gc,heap        ] GC(967) Old regions: 292->300
[6094.698s][info][gc,heap        ] GC(967) Humongous regions: 33->33
[6094.698s][info][gc,metaspace   ] GC(967) Metaspace: 29946K(30400K)->29946K(30400K) NonClass: 24537K(24768K)->24537K(24768K) Class: 5408K(5632K)->5408K(5632K)
[6094.698s][info][gc             ] GC(967) Pause Young (Normal) (G1 Evacuation Pause) 7407M->2986M(8192M) 148.008ms
[6094.698s][info][gc,cpu         ] GC(967) User=1.17s Sys=0.00s Real=0.15s
...[6097.884s][info][gc,start       ] GC(968) Pause Young (Normal) (G1 Evacuation Pause)
[6097.884s][info][gc,task        ] GC(968) Using 8 workers of 8 for evacuation
[6098.034s][info][gc,phases      ] GC(968)   Pre Evacuate Collection Set: 0.23ms
[6098.034s][info][gc,phases      ] GC(968)   Merge Heap Roots: 0.48ms
[6098.034s][info][gc,phases      ] GC(968)   Evacuate Collection Set: 148.66ms
[6098.034s][info][gc,phases      ] GC(968)   Post Evacuate Collection Set: 1.02ms
[6098.034s][info][gc,phases      ] GC(968)   Other: 0.06ms
[6098.034s][info][gc,heap        ] GC(968) Eden regions: 553->0(544)
[6098.034s][info][gc,heap        ] GC(968) Survivor regions: 43->44(75)
[6098.034s][info][gc,heap        ] GC(968) Old regions: 300->307
[6098.034s][info][gc,heap        ] GC(968) Humongous regions: 33->33
[6098.034s][info][gc,metaspace   ] GC(968) Metaspace: 29946K(30400K)->29946K(30400K) NonClass: 24537K(24768K)->24537K(24768K) Class: 5408K(5632K)->5408K(5632K)
[6098.034s][info][gc             ] GC(968) Pause Young (Normal) (G1 Evacuation Pause) 7410M->3055M(8192M) 150.572ms
[6098.034s][info][gc,cpu         ] GC(968) User=1.19s Sys=0.00s Real=0.15s
....[6101.136s][info][gc,start       ] GC(969) Pause Young (Concurrent Start) (G1 Evacuation Pause)
[6101.136s][info][gc,task        ] GC(969) Using 8 workers of 8 for evacuation
[6101.287s][info][gc,phases      ] GC(969)   Pre Evacuate Collection Set: 0.27ms
[6101.288s][info][gc,phases      ] GC(969)   Merge Heap Roots: 0.51ms
[6101.288s][info][gc,phases      ] GC(969)   Evacuate Collection Set: 149.18ms
[6101.288s][info][gc,phases      ] GC(969)   Post Evacuate Collection Set: 0.98ms
[6101.288s][info][gc,phases      ] GC(969)   Other: 0.08ms
[6101.288s][info][gc,heap        ] GC(969) Eden regions: 544->0(536)
[6101.288s][info][gc,heap        ] GC(969) Survivor regions: 44->44(74)
[6101.288s][info][gc,heap        ] GC(969) Old regions: 307->315
[6101.288s][info][gc,heap        ] GC(969) Humongous regions: 33->33
[6101.288s][info][gc,metaspace   ] GC(969) Metaspace: 29946K(30400K)->29946K(30400K) NonClass: 24537K(24768K)->24537K(24768K) Class: 5408K(5632K)->5408K(5632K)
[6101.288s][info][gc             ] GC(969) Pause Young (Concurrent Start) (G1 Evacuation Pause) 7407M->3114M(8192M) 151.149ms
[6101.288s][info][gc             ] GC(970) Concurrent Mark Cycle
[6101.288s][info][gc,marking     ] GC(970) Concurrent Scan Root Regions
[6101.288s][info][gc,cpu         ] GC(969) User=1.20s Sys=0.00s Real=0.15s
[6101.560s][info][gc,marking     ] GC(970) Concurrent Scan Root Regions 272.563ms
[6101.560s][info][gc,marking     ] GC(970) Concurrent Mark
[6101.560s][info][gc,marking     ] GC(970) Concurrent Mark From Roots
[6101.560s][info][gc,task        ] GC(970) Using 2 workers of 2 for marking
.[6102.985s][info][gc,marking     ] GC(970) Concurrent Mark From Roots 1424.687ms
[6102.985s][info][gc,marking     ] GC(970) Concurrent Preclean
[6102.985s][info][gc,marking     ] GC(970) Concurrent Preclean 0.105ms
[6102.985s][info][gc,start       ] GC(970) Pause Remark
[6102.987s][info][gc             ] GC(970) Pause Remark 5018M->4442M(8192M) 1.661ms
[6102.987s][info][gc,cpu         ] GC(970) User=0.01s Sys=0.00s Real=0.00s
[6102.987s][info][gc,marking     ] GC(970) Concurrent Mark 1426.761ms
[6102.987s][info][gc,marking     ] GC(970) Concurrent Rebuild Remembered Sets and Scrub Regions
.[6103.909s][info][gc,marking     ] GC(970) Concurrent Rebuild Remembered Sets and Scrub Regions 922.170ms
[6103.909s][info][gc,start       ] GC(970) Pause Cleanup
[6103.910s][info][gc             ] GC(970) Pause Cleanup 5570M->5570M(8192M) 0.275ms
[6103.910s][info][gc,cpu         ] GC(970) User=0.00s Sys=0.00s Real=0.00s
[6103.910s][info][gc,marking     ] GC(970) Concurrent Clear Claimed Marks
[6103.910s][info][gc,marking     ] GC(970) Concurrent Clear Claimed Marks 0.045ms
[6103.910s][info][gc,marking     ] GC(970) Concurrent Cleanup for Next Mark
[6103.921s][info][gc,marking     ] GC(970) Concurrent Cleanup for Next Mark 11.699ms
[6103.922s][info][gc             ] GC(970) Concurrent Mark Cycle 2633.944ms
.[6104.676s][info][gc,start       ] GC(971) Pause Young (Prepare Mixed) (G1 Evacuation Pause)
[6104.676s][info][gc,task        ] GC(971) Using 8 workers of 8 for evacuation
[6104.830s][info][gc,phases      ] GC(971)   Pre Evacuate Collection Set: 0.24ms
[6104.830s][info][gc,phases      ] GC(971)   Merge Heap Roots: 0.70ms
[6104.830s][info][gc,phases      ] GC(971)   Evacuate Collection Set: 151.51ms
[6104.830s][info][gc,phases      ] GC(971)   Post Evacuate Collection Set: 1.10ms
[6104.830s][info][gc,phases      ] GC(971)   Other: 0.06ms
[6104.830s][info][gc,heap        ] GC(971) Eden regions: 536->0(571)
[6104.830s][info][gc,heap        ] GC(971) Survivor regions: 44->43(73)
[6104.830s][info][gc,heap        ] GC(971) Old regions: 243->251
[6104.830s][info][gc,heap        ] GC(971) Humongous regions: 33->33
[6104.830s][info][gc,metaspace   ] GC(971) Metaspace: 29946K(30400K)->29946K(30400K) NonClass: 24537K(24768K)->24537K(24768K) Class: 5408K(5632K)->5408K(5632K)
[6104.830s][info][gc             ] GC(971) Pause Young (Prepare Mixed) (G1 Evacuation Pause) 6826M->2596M(8192M) 153.740ms
[6104.830s][info][gc,cpu         ] GC(971) User=1.21s Sys=0.00s Real=0.15s
...[6107.981s][info][gc,start       ] GC(972) Pause Young (Mixed) (G1 Evacuation Pause)
[6107.981s][info][gc,task        ] GC(972) Using 8 workers of 8 for evacuation
[6108.141s][info][gc,phases      ] GC(972)   Pre Evacuate Collection Set: 0.25ms
[6108.141s][info][gc,phases      ] GC(972)   Merge Heap Roots: 0.81ms
[6108.141s][info][gc,phases      ] GC(972)   Evacuate Collection Set: 158.21ms
[6108.141s][info][gc,phases      ] GC(972)   Post Evacuate Collection Set: 1.25ms
[6108.141s][info][gc,phases      ] GC(972)   Other: 0.07ms
[6108.141s][info][gc,heap        ] GC(972) Eden regions: 571->0(571)
[6108.141s][info][gc,heap        ] GC(972) Survivor regions: 43->43(77)
[6108.141s][info][gc,heap        ] GC(972) Old regions: 251->156
[6108.141s][info][gc,heap        ] GC(972) Humongous regions: 33->33
[6108.141s][info][gc,metaspace   ] GC(972) Metaspace: 29946K(30400K)->29946K(30400K) NonClass: 24537K(24768K)->24537K(24768K) Class: 5408K(5632K)->5408K(5632K)
[6108.141s][info][gc             ] GC(972) Pause Young (Mixed) (G1 Evacuation Pause) 7164M->1842M(8192M) 160.740ms
[6108.141s][info][gc,cpu         ] GC(972) User=1.27s Sys=0.00s Real=0.16s
...|.[6111.572s][info][gc,start       ] GC(973) Pause Young (Mixed) (G1 Evacuation Pause)
[6111.572s][info][gc,task        ] GC(973) Using 8 workers of 8 for evacuation
[6111.733s][info][gc,phases      ] GC(973)   Pre Evacuate Collection Set: 0.23ms
[6111.733s][info][gc,phases      ] GC(973)   Merge Heap Roots: 0.72ms
[6111.733s][info][gc,phases      ] GC(973)   Evacuate Collection Set: 158.55ms
[6111.733s][info][gc,phases      ] GC(973)   Post Evacuate Collection Set: 1.03ms
[6111.733s][info][gc,phases      ] GC(973)   Other: 0.07ms
[6111.733s][info][gc,heap        ] GC(973) Eden regions: 571->0(570)
[6111.733s][info][gc,heap        ] GC(973) Survivor regions: 43->44(77)
[6111.733s][info][gc,heap        ] GC(973) Old regions: 156->144
[6111.733s][info][gc,heap        ] GC(973) Humongous regions: 33->33
[6111.733s][info][gc,metaspace   ] GC(973) Metaspace: 29946K(30400K)->29946K(30400K) NonClass: 24537K(24768K)->24537K(24768K) Class: 5408K(5632K)->5408K(5632K)
[6111.733s][info][gc             ] GC(973) Pause Young (Mixed) (G1 Evacuation Pause) 6410M->1752M(8192M) 160.731ms
[6111.733s][info][gc,cpu         ] GC(973) User=1.28s Sys=0.00s Real=0.16s
...[6114.925s][info][gc,start       ] GC(974) Pause Young (Normal) (G1 Evacuation Pause)
[6114.925s][info][gc,task        ] GC(974) Using 8 workers of 8 for evacuation
[6115.081s][info][gc,phases      ] GC(974)   Pre Evacuate Collection Set: 0.26ms
[6115.081s][info][gc,phases      ] GC(974)   Merge Heap Roots: 0.60ms
[6115.081s][info][gc,phases      ] GC(974)   Evacuate Collection Set: 153.88ms
[6115.081s][info][gc,phases      ] GC(974)   Post Evacuate Collection Set: 0.99ms
[6115.081s][info][gc,phases      ] GC(974)   Other: 0.06ms
[6115.081s][info][gc,heap        ] GC(974) Eden regions: 570->0(570)
[6115.081s][info][gc,heap        ] GC(974) Survivor regions: 44->44(77)
[6115.081s][info][gc,heap        ] GC(974) Old regions: 144->151
[6115.081s][info][gc,heap        ] GC(974) Humongous regions: 33->33
[6115.081s][info][gc,metaspace   ] GC(974) Metaspace: 29946K(30400K)->29946K(30400K) NonClass: 24537K(24768K)->24537K(24768K) Class: 5408K(5632K)->5408K(5632K)
[6115.081s][info][gc             ] GC(974) Pause Young (Normal) (G1 Evacuation Pause) 6312M->1805M(8192M) 155.917ms
[6115.081s][info][gc,cpu         ] GC(974) User=1.23s Sys=0.00s Real=0.15s
....[6118.516s][info][gc,start       ] GC(975) Pause Young (Normal) (G1 Evacuation Pause)
[6118.516s][info][gc,task        ] GC(975) Using 8 workers of 8 for evacuation
[6118.666s][info][gc,phases      ] GC(975)   Pre Evacuate Collection Set: 0.22ms
[6118.666s][info][gc,phases      ] GC(975)   Merge Heap Roots: 0.52ms
[6118.666s][info][gc,phases      ] GC(975)   Evacuate Collection Set: 148.14ms
[6118.666s][info][gc,phases      ] GC(975)   Post Evacuate Collection Set: 1.01ms
[6118.666s][info][gc,phases      ] GC(975)   Other: 0.07ms
[6118.666s][info][gc,heap        ] GC(975) Eden regions: 570->0(570)
[6118.666s][info][gc,heap        ] GC(975) Survivor regions: 44->44(77)
[6118.666s][info][gc,heap        ] GC(975) Old regions: 151->158
[6118.666s][info][gc,heap        ] GC(975) Humongous regions: 33->33
[6118.666s][info][gc,metaspace   ] GC(975) Metaspace: 29946K(30400K)->29946K(30400K) NonClass: 24537K(24768K)->24537K(24768K) Class: 5408K(5632K)->5408K(5632K)
[6118.666s][info][gc             ] GC(975) Pause Young (Normal) (G1 Evacuation Pause) 6365M->1863M(8192M) 150.102ms
[6118.666s][info][gc,cpu         ] GC(975) User=1.19s Sys=0.00s Real=0.15s
...[6121.987s][info][gc,start       ] GC(976) Pause Young (Normal) (G1 Evacuation Pause)
[6121.987s][info][gc,task        ] GC(976) Using 8 workers of 8 for evacuation
[6122.141s][info][gc,phases      ] GC(976)   Pre Evacuate Collection Set: 0.25ms
[6122.141s][info][gc,phases      ] GC(976)   Merge Heap Roots: 0.50ms
[6122.141s][info][gc,phases      ] GC(976)   Evacuate Collection Set: 152.24ms
[6122.141s][info][gc,phases      ] GC(976)   Post Evacuate Collection Set: 0.97ms
[6122.141s][info][gc,phases      ] GC(976)   Other: 0.06ms
[6122.141s][info][gc,heap        ] GC(976) Eden regions: 570->0(570)
[6122.141s][info][gc,heap        ] GC(976) Survivor regions: 44->44(77)
[6122.141s][info][gc,heap        ] GC(976) Old regions: 158->166
[6122.141s][info][gc,heap        ] GC(976) Humongous regions: 33->33
[6122.141s][info][gc,metaspace   ] GC(976) Metaspace: 29946K(30400K)->29946K(30400K) NonClass: 24537K(24768K)->24537K(24768K) Class: 5408K(5632K)->5408K(5632K)
[6122.141s][info][gc             ] GC(976) Pause Young (Normal) (G1 Evacuation Pause) 6423M->1924M(8192M) 154.186ms
[6122.142s][info][gc,cpu         ] GC(976) User=1.23s Sys=0.00s Real=0.15s
....[6125.439s][info][gc,start       ] GC(977) Pause Young (Normal) (G1 Evacuation Pause)
[6125.439s][info][gc,task        ] GC(977) Using 8 workers of 8 for evacuation
[6125.590s][info][gc,phases      ] GC(977)   Pre Evacuate Collection Set: 0.24ms
[6125.590s][info][gc,phases      ] GC(977)   Merge Heap Roots: 0.52ms
[6125.590s][info][gc,phases      ] GC(977)   Evacuate Collection Set: 148.41ms
[6125.590s][info][gc,phases      ] GC(977)   Post Evacuate Collection Set: 1.01ms
[6125.590s][info][gc,phases      ] GC(977)   Other: 0.08ms
[6125.590s][info][gc,heap        ] GC(977) Eden regions: 570->0(569)
[6125.590s][info][gc,heap        ] GC(977) Survivor regions: 44->45(77)
[6125.590s][info][gc,heap        ] GC(977) Old regions: 166->172
[6125.590s][info][gc,heap        ] GC(977) Humongous regions: 33->33
[6125.590s][info][gc,metaspace   ] GC(977) Metaspace: 29946K(30400K)->29946K(30400K) NonClass: 24537K(24768K)->24537K(24768K) Class: 5408K(5632K)->5408K(5632K)
[6125.590s][info][gc             ] GC(977) Pause Young (Normal) (G1 Evacuation Pause) 6484M->1982M(8192M) 150.388ms
[6125.590s][info][gc,cpu         ] GC(977) User=1.19s Sys=0.00s Real=0.15s
...[6128.887s][info][gc,start       ] GC(978) Pause Young (Normal) (G1 Evacuation Pause)
[6128.887s][info][gc,task        ] GC(978) Using 8 workers of 8 for evacuation
[6129.038s][info][gc,phases      ] GC(978)   Pre Evacuate Collection Set: 0.26ms
[6129.038s][info][gc,phases      ] GC(978)   Merge Heap Roots: 0.58ms
[6129.038s][info][gc,phases      ] GC(978)   Evacuate Collection Set: 148.23ms
[6129.038s][info][gc,phases      ] GC(978)   Post Evacuate Collection Set: 1.01ms
[6129.038s][info][gc,phases      ] GC(978)   Other: 0.06ms
[6129.038s][info][gc,heap        ] GC(978) Eden regions: 569->0(571)
[6129.038s][info][gc,heap        ] GC(978) Survivor regions: 45->43(77)
[6129.038s][info][gc,heap        ] GC(978) Old regions: 172->179
[6129.038s][info][gc,heap        ] GC(978) Humongous regions: 33->33
[6129.038s][info][gc,metaspace   ] GC(978) Metaspace: 29946K(30400K)->29946K(30400K) NonClass: 24537K(24768K)->24537K(24768K) Class: 5408K(5632K)->5408K(5632K)
[6129.038s][info][gc             ] GC(978) Pause Young (Normal) (G1 Evacuation Pause) 6534M->2027M(8192M) 150.264ms
[6129.038s][info][gc,cpu         ] GC(978) User=1.19s Sys=0.00s Real=0.15s
....[6132.380s][info][gc,start       ] GC(979) Pause Young (Normal) (G1 Evacuation Pause)
[6132.380s][info][gc,task        ] GC(979) Using 8 workers of 8 for evacuation
[6132.530s][info][gc,phases      ] GC(979)   Pre Evacuate Collection Set: 0.25ms
[6132.530s][info][gc,phases      ] GC(979)   Merge Heap Roots: 0.51ms
[6132.530s][info][gc,phases      ] GC(979)   Evacuate Collection Set: 148.10ms
[6132.530s][info][gc,phases      ] GC(979)   Post Evacuate Collection Set: 0.99ms
[6132.530s][info][gc,phases      ] GC(979)   Other: 0.06ms
[6132.530s][info][gc,heap        ] GC(979) Eden regions: 571->0(571)
[6132.530s][info][gc,heap        ] GC(979) Survivor regions: 43->43(77)
[6132.530s][info][gc,heap        ] GC(979) Old regions: 179->186
[6132.530s][info][gc,heap        ] GC(979) Humongous regions: 33->33
[6132.530s][info][gc,metaspace   ] GC(979) Metaspace: 29946K(30400K)->29946K(30400K) NonClass: 24537K(24768K)->24537K(24768K) Class: 5408K(5632K)->5408K(5632K)
[6132.530s][info][gc             ] GC(979) Pause Young (Normal) (G1 Evacuation Pause) 6595M->2083M(8192M) 150.056ms
[6132.530s][info][gc,cpu         ] GC(979) User=1.19s Sys=0.00s Real=0.15s
...[6135.929s][info][gc,start       ] GC(980) Pause Young (Normal) (G1 Evacuation Pause)
[6135.929s][info][gc,task        ] GC(980) Using 8 workers of 8 for evacuation
[6136.078s][info][gc,phases      ] GC(980)   Pre Evacuate Collection Set: 0.24ms
[6136.078s][info][gc,phases      ] GC(980)   Merge Heap Roots: 0.50ms
[6136.078s][info][gc,phases      ] GC(980)   Evacuate Collection Set: 147.09ms
[6136.078s][info][gc,phases      ] GC(980)   Post Evacuate Collection Set: 0.99ms
[6136.078s][info][gc,phases      ] GC(980)   Other: 0.06ms
[6136.078s][info][gc,heap        ] GC(980) Eden regions: 571->0(571)
[6136.078s][info][gc,heap        ] GC(980) Survivor regions: 43->43(77)
[6136.078s][info][gc,heap        ] GC(980) Old regions: 186->194
[6136.078s][info][gc,heap        ] GC(980) Humongous regions: 33->33
[6136.078s][info][gc,metaspace   ] GC(980) Metaspace: 29946K(30400K)->29946K(30400K) NonClass: 24537K(24768K)->24537K(24768K) Class: 5408K(5632K)->5408K(5632K)
[6136.078s][info][gc             ] GC(980) Pause Young (Normal) (G1 Evacuation Pause) 6651M->2140M(8192M) 149.010ms
[6136.078s][info][gc,cpu         ] GC(980) User=1.18s Sys=0.00s Real=0.15s
....[6139.436s][info][gc,start       ] GC(981) Pause Young (Normal) (G1 Evacuation Pause)
[6139.436s][info][gc,task        ] GC(981) Using 8 workers of 8 for evacuation
[6139.586s][info][gc,phases      ] GC(981)   Pre Evacuate Collection Set: 0.22ms
[6139.586s][info][gc,phases      ] GC(981)   Merge Heap Roots: 0.51ms
[6139.586s][info][gc,phases      ] GC(981)   Evacuate Collection Set: 148.27ms
[6139.586s][info][gc,phases      ] GC(981)   Post Evacuate Collection Set: 0.98ms
[6139.586s][info][gc,phases      ] GC(981)   Other: 0.06ms
[6139.586s][info][gc,heap        ] GC(981) Eden regions: 571->0(571)
[6139.586s][info][gc,heap        ] GC(981) Survivor regions: 43->43(77)
[6139.586s][info][gc,heap        ] GC(981) Old regions: 194->201
[6139.586s][info][gc,heap        ] GC(981) Humongous regions: 33->33
[6139.586s][info][gc,metaspace   ] GC(981) Metaspace: 29946K(30400K)->29946K(30400K) NonClass: 24537K(24768K)->24537K(24768K) Class: 5408K(5632K)->5408K(5632K)
[6139.586s][info][gc             ] GC(981) Pause Young (Normal) (G1 Evacuation Pause) 6708M->2196M(8192M) 150.169ms
[6139.586s][info][gc,cpu         ] GC(981) User=1.19s Sys=0.00s Real=0.15s
...[6142.867s][info][gc,start       ] GC(982) Pause Young (Normal) (G1 Evacuation Pause)
[6142.867s][info][gc,task        ] GC(982) Using 8 workers of 8 for evacuation
[6143.015s][info][gc,phases      ] GC(982)   Pre Evacuate Collection Set: 0.24ms
[6143.015s][info][gc,phases      ] GC(982)   Merge Heap Roots: 0.52ms
[6143.015s][info][gc,phases      ] GC(982)   Evacuate Collection Set: 146.79ms
[6143.015s][info][gc,phases      ] GC(982)   Post Evacuate Collection Set: 1.01ms
[6143.015s][info][gc,phases      ] GC(982)   Other: 0.06ms
[6143.015s][info][gc,heap        ] GC(982) Eden regions: 571->0(570)
[6143.015s][info][gc,heap        ] GC(982) Survivor regions: 43->44(77)
[6143.015s][info][gc,heap        ] GC(982) Old regions: 201->207
[6143.015s][info][gc,heap        ] GC(982) Humongous regions: 33->33
[6143.015s][info][gc,metaspace   ] GC(982) Metaspace: 29946K(30400K)->29946K(30400K) NonClass: 24537K(24768K)->24537K(24768K) Class: 5408K(5632K)->5408K(5632K)
[6143.015s][info][gc             ] GC(982) Pause Young (Normal) (G1 Evacuation Pause) 6764M->2255M(8192M) 148.762ms
[6143.016s][info][gc,cpu         ] GC(982) User=1.18s Sys=0.00s Real=0.15s
....[6146.380s][info][gc,start       ] GC(983) Pause Young (Normal) (G1 Evacuation Pause)
[6146.380s][info][gc,task        ] GC(983) Using 8 workers of 8 for evacuation
[6146.533s][info][gc,phases      ] GC(983)   Pre Evacuate Collection Set: 0.23ms
[6146.533s][info][gc,phases      ] GC(983)   Merge Heap Roots: 0.52ms
[6146.533s][info][gc,phases      ] GC(983)   Evacuate Collection Set: 151.28ms
[6146.533s][info][gc,phases      ] GC(983)   Post Evacuate Collection Set: 0.99ms
[6146.533s][info][gc,phases      ] GC(983)   Other: 0.06ms
[6146.533s][info][gc,heap        ] GC(983) Eden regions: 570->0(569)
[6146.533s][info][gc,heap        ] GC(983) Survivor regions: 44->45(77)
[6146.533s][info][gc,heap        ] GC(983) Old regions: 207->215
[6146.533s][info][gc,heap        ] GC(983) Humongous regions: 33->33
[6146.533s][info][gc,metaspace   ] GC(983) Metaspace: 29946K(30400K)->29946K(30400K) NonClass: 24537K(24768K)->24537K(24768K) Class: 5408K(5632K)->5408K(5632K)
[6146.533s][info][gc             ] GC(983) Pause Young (Normal) (G1 Evacuation Pause) 6815M->2320M(8192M) 153.223ms
[6146.533s][info][gc,cpu         ] GC(983) User=1.21s Sys=0.00s Real=0.15s
...[6149.955s][info][gc,start       ] GC(984) Pause Young (Normal) (G1 Evacuation Pause)
[6149.955s][info][gc,task        ] GC(984) Using 8 workers of 8 for evacuation
[6150.108s][info][gc,phases      ] GC(984)   Pre Evacuate Collection Set: 0.23ms
[6150.108s][info][gc,phases      ] GC(984)   Merge Heap Roots: 0.51ms
[6150.108s][info][gc,phases      ] GC(984)   Evacuate Collection Set: 151.65ms
[6150.108s][info][gc,phases      ] GC(984)   Post Evacuate Collection Set: 1.01ms
[6150.108s][info][gc,phases      ] GC(984)   Other: 0.06ms
[6150.108s][info][gc,heap        ] GC(984) Eden regions: 569->0(570)
[6150.108s][info][gc,heap        ] GC(984) Survivor regions: 45->44(77)
[6150.108s][info][gc,heap        ] GC(984) Old regions: 215->222
[6150.108s][info][gc,heap        ] GC(984) Humongous regions: 33->33
[6150.108s][info][gc,metaspace   ] GC(984) Metaspace: 29946K(30400K)->29946K(30400K) NonClass: 24537K(24768K)->24537K(24768K) Class: 5408K(5632K)->5408K(5632K)
[6150.108s][info][gc             ] GC(984) Pause Young (Normal) (G1 Evacuation Pause) 6872M->2377M(8192M) 153.591ms
[6150.108s][info][gc,cpu         ] GC(984) User=1.22s Sys=0.00s Real=0.15s
....[6153.569s][info][gc,start       ] GC(985) Pause Young (Normal) (G1 Evacuation Pause)
[6153.569s][info][gc,task        ] GC(985) Using 8 workers of 8 for evacuation
[6153.716s][info][gc,phases      ] GC(985)   Pre Evacuate Collection Set: 0.23ms
[6153.716s][info][gc,phases      ] GC(985)   Merge Heap Roots: 0.53ms
[6153.716s][info][gc,phases      ] GC(985)   Evacuate Collection Set: 145.83ms
[6153.716s][info][gc,phases      ] GC(985)   Post Evacuate Collection Set: 1.00ms
[6153.716s][info][gc,phases      ] GC(985)   Other: 0.06ms
[6153.716s][info][gc,heap        ] GC(985) Eden regions: 570->0(571)
[6153.716s][info][gc,heap        ] GC(985) Survivor regions: 44->43(77)
[6153.716s][info][gc,heap        ] GC(985) Old regions: 222->229
[6153.716s][info][gc,heap        ] GC(985) Humongous regions: 33->33
[6153.716s][info][gc,metaspace   ] GC(985) Metaspace: 29946K(30400K)->29946K(30400K) NonClass: 24537K(24768K)->24537K(24768K) Class: 5408K(5632K)->5408K(5632K)
[6153.716s][info][gc             ] GC(985) Pause Young (Normal) (G1 Evacuation Pause) 6937M->2422M(8192M) 147.786ms
[6153.716s][info][gc,cpu         ] GC(985) User=1.17s Sys=0.00s Real=0.15s
...[6157.071s][info][gc,start       ] GC(986) Pause Young (Normal) (G1 Evacuation Pause)
[6157.071s][info][gc,task        ] GC(986) Using 8 workers of 8 for evacuation
[6157.223s][info][gc,phases      ] GC(986)   Pre Evacuate Collection Set: 0.25ms
[6157.223s][info][gc,phases      ] GC(986)   Merge Heap Roots: 0.60ms
[6157.223s][info][gc,phases      ] GC(986)   Evacuate Collection Set: 149.75ms
[6157.223s][info][gc,phases      ] GC(986)   Post Evacuate Collection Set: 1.02ms
[6157.223s][info][gc,phases      ] GC(986)   Other: 0.07ms
[6157.223s][info][gc,heap        ] GC(986) Eden regions: 571->0(570)
[6157.223s][info][gc,heap        ] GC(986) Survivor regions: 43->44(77)
[6157.223s][info][gc,heap        ] GC(986) Old regions: 229->236
[6157.223s][info][gc,heap        ] GC(986) Humongous regions: 33->33
[6157.223s][info][gc,metaspace   ] GC(986) Metaspace: 29946K(30400K)->29946K(30400K) NonClass: 24537K(24768K)->24537K(24768K) Class: 5408K(5632K)->5408K(5632K)
[6157.223s][info][gc             ] GC(986) Pause Young (Normal) (G1 Evacuation Pause) 6990M->2483M(8192M) 151.832ms
[6157.223s][info][gc,cpu         ] GC(986) User=1.20s Sys=0.00s Real=0.15s
....[6160.561s][info][gc,start       ] GC(987) Pause Young (Normal) (G1 Evacuation Pause)
[6160.561s][info][gc,task        ] GC(987) Using 8 workers of 8 for evacuation
[6160.708s][info][gc,phases      ] GC(987)   Pre Evacuate Collection Set: 0.22ms
[6160.708s][info][gc,phases      ] GC(987)   Merge Heap Roots: 0.52ms
[6160.708s][info][gc,phases      ] GC(987)   Evacuate Collection Set: 145.46ms
[6160.708s][info][gc,phases      ] GC(987)   Post Evacuate Collection Set: 0.98ms
[6160.708s][info][gc,phases      ] GC(987)   Other: 0.06ms
[6160.708s][info][gc,heap        ] GC(987) Eden regions: 570->0(572)
[6160.708s][info][gc,heap        ] GC(987) Survivor regions: 44->42(77)
[6160.708s][info][gc,heap        ] GC(987) Old regions: 236->243
[6160.708s][info][gc,heap        ] GC(987) Humongous regions: 33->33
[6160.708s][info][gc,metaspace   ] GC(987) Metaspace: 29946K(30400K)->29946K(30400K) NonClass: 24537K(24768K)->24537K(24768K) Class: 5408K(5632K)->5408K(5632K)
[6160.708s][info][gc             ] GC(987) Pause Young (Normal) (G1 Evacuation Pause) 7043M->2528M(8192M) 147.365ms
[6160.708s][info][gc,cpu         ] GC(987) User=1.17s Sys=0.00s Real=0.15s
...[6164.007s][info][gc,start       ] GC(988) Pause Young (Normal) (G1 Evacuation Pause)
[6164.007s][info][gc,task        ] GC(988) Using 8 workers of 8 for evacuation
[6164.158s][info][gc,phases      ] GC(988)   Pre Evacuate Collection Set: 0.25ms
[6164.158s][info][gc,phases      ] GC(988)   Merge Heap Roots: 0.48ms
[6164.158s][info][gc,phases      ] GC(988)   Evacuate Collection Set: 149.75ms
[6164.158s][info][gc,phases      ] GC(988)   Post Evacuate Collection Set: 0.99ms
[6164.158s][info][gc,phases      ] GC(988)   Other: 0.07ms
[6164.158s][info][gc,heap        ] GC(988) Eden regions: 572->0(570)
[6164.158s][info][gc,heap        ] GC(988) Survivor regions: 42->44(77)
[6164.158s][info][gc,heap        ] GC(988) Old regions: 243->250
[6164.158s][info][gc,heap        ] GC(988) Humongous regions: 33->33
[6164.158s][info][gc,metaspace   ] GC(988) Metaspace: 29946K(30400K)->29946K(30400K) NonClass: 24537K(24768K)->24537K(24768K) Class: 5408K(5632K)->5408K(5632K)
[6164.158s][info][gc             ] GC(988) Pause Young (Normal) (G1 Evacuation Pause) 7104M->2596M(8192M) 151.676ms
[6164.158s][info][gc,cpu         ] GC(988) User=1.20s Sys=0.01s Real=0.15s
....[6167.458s][info][gc,start       ] GC(989) Pause Young (Normal) (G1 Evacuation Pause)
[6167.458s][info][gc,task        ] GC(989) Using 8 workers of 8 for evacuation
[6167.615s][info][gc,phases      ] GC(989)   Pre Evacuate Collection Set: 0.22ms
[6167.615s][info][gc,phases      ] GC(989)   Merge Heap Roots: 0.50ms
[6167.615s][info][gc,phases      ] GC(989)   Evacuate Collection Set: 155.02ms
[6167.615s][info][gc,phases      ] GC(989)   Post Evacuate Collection Set: 0.98ms
[6167.615s][info][gc,phases      ] GC(989)   Other: 0.06ms
[6167.615s][info][gc,heap        ] GC(989) Eden regions: 570->0(570)
[6167.615s][info][gc,heap        ] GC(989) Survivor regions: 44->44(77)
[6167.615s][info][gc,heap        ] GC(989) Old regions: 250->257
[6167.615s][info][gc,heap        ] GC(989) Humongous regions: 33->33
[6167.615s][info][gc,metaspace   ] GC(989) Metaspace: 29946K(30400K)->29946K(30400K) NonClass: 24537K(24768K)->24537K(24768K) Class: 5408K(5632K)->5408K(5632K)
[6167.615s][info][gc             ] GC(989) Pause Young (Normal) (G1 Evacuation Pause) 7156M->2657M(8192M) 156.916ms
[6167.615s][info][gc,cpu         ] GC(989) User=1.24s Sys=0.00s Real=0.16s
... (rIR:aIR:PR = 10942:10938:10939) (tPR = 162473) [OK] 
  6170s: Performance info:
         Transaction,    Success,    Partial,     Failed,   Receipts, AvgBarcode, 
             Overall,     657283,          0,          0,     624572,      59.47, 
         Response times:
             Request,    Success,    Partial,     Failed,   SkipFail,     Probes,    Samples,      min,      p50,      p90,      p95,      p99,      max, 
       TotalPurchase,     624489,          0,          0,          0,     356879,     479268,      300,     9900,    84000,   136000,   283000,  3200000,
     InStorePurchase,     329332,          0,          0,          0,     187789,     252003,      300,     9900,    84000,   136000,   282000,  3200000,
      OnlinePurchase,     229718,          0,          0,          0,     131293,     176284,      300,     9900,    85000,   136000,   280000,  3200000,
        InstPurchase,      65439,          0,          0,          0,      37797,      50981,      500,     9900,    84000,   134000,   294000,  2100000,
          AssocOfCat,        658,          0,          0,          0,        553,        893,    34000,    67000,   168800,   245000,   363120,   408000,
      AssocOfProduct,       6554,          0,          0,          0,       3854,       5415,      800,    10500,    85000,   130400,   271680,  1500000,
      BusinessReport,       1639,          0,          0,          0,       1473,       2146,    36000,    75000,   171000,   225000,   369530,  3000000,
          CustBuyBeh,       6525,          0,          0,          0,       3914,       5463,      300,     9800,    79000,   132800,   278000,  2900000,
       ProductReturn,      17343,          0,          0,          0,       9564,      13182,      300,    10200,    85000,   135000,   284170,   890000,

  6170s: (78%)   IR =  11084 [6171.027s][info][gc,start       ] GC(990) Pause Young (Normal) (G1 Evacuation Pause)
[6171.027s][info][gc,task        ] GC(990) Using 8 workers of 8 for evacuation
[6171.181s][info][gc,phases      ] GC(990)   Pre Evacuate Collection Set: 0.26ms
[6171.181s][info][gc,phases      ] GC(990)   Merge Heap Roots: 0.57ms
[6171.181s][info][gc,phases      ] GC(990)   Evacuate Collection Set: 152.49ms
[6171.181s][info][gc,phases      ] GC(990)   Post Evacuate Collection Set: 1.08ms
[6171.181s][info][gc,phases      ] GC(990)   Other: 0.07ms
[6171.181s][info][gc,heap        ] GC(990) Eden regions: 570->0(570)
[6171.181s][info][gc,heap        ] GC(990) Survivor regions: 44->44(77)
[6171.181s][info][gc,heap        ] GC(990) Old regions: 257->264
[6171.181s][info][gc,heap        ] GC(990) Humongous regions: 33->33
[6171.181s][info][gc,metaspace   ] GC(990) Metaspace: 29946K(30400K)->29946K(30400K) NonClass: 24537K(24768K)->24537K(24768K) Class: 5408K(5632K)->5408K(5632K)
[6171.181s][info][gc             ] GC(990) Pause Young (Normal) (G1 Evacuation Pause) 7217M->2713M(8192M) 154.603ms
[6171.181s][info][gc,cpu         ] GC(990) User=1.23s Sys=0.00s Real=0.15s
....[6174.502s][info][gc,start       ] GC(991) Pause Young (Normal) (G1 Evacuation Pause)
[6174.502s][info][gc,task        ] GC(991) Using 8 workers of 8 for evacuation
[6174.652s][info][gc,phases      ] GC(991)   Pre Evacuate Collection Set: 0.23ms
[6174.652s][info][gc,phases      ] GC(991)   Merge Heap Roots: 0.50ms
[6174.652s][info][gc,phases      ] GC(991)   Evacuate Collection Set: 148.03ms
[6174.652s][info][gc,phases      ] GC(991)   Post Evacuate Collection Set: 1.03ms
[6174.652s][info][gc,phases      ] GC(991)   Other: 0.06ms
[6174.652s][info][gc,heap        ] GC(991) Eden regions: 570->0(570)
[6174.652s][info][gc,heap        ] GC(991) Survivor regions: 44->44(77)
[6174.652s][info][gc,heap        ] GC(991) Old regions: 264->271
[6174.652s][info][gc,heap        ] GC(991) Humongous regions: 33->33
[6174.652s][info][gc,metaspace   ] GC(991) Metaspace: 29946K(30400K)->29946K(30400K) NonClass: 24537K(24768K)->24537K(24768K) Class: 5408K(5632K)->5408K(5632K)
[6174.652s][info][gc             ] GC(991) Pause Young (Normal) (G1 Evacuation Pause) 7273M->2771M(8192M) 149.984ms
[6174.652s][info][gc,cpu         ] GC(991) User=1.19s Sys=0.00s Real=0.15s
...[6177.836s][info][gc,start       ] GC(992) Pause Young (Normal) (G1 Evacuation Pause)
[6177.836s][info][gc,task        ] GC(992) Using 8 workers of 8 for evacuation
[6177.985s][info][gc,phases      ] GC(992)   Pre Evacuate Collection Set: 0.24ms
[6177.985s][info][gc,phases      ] GC(992)   Merge Heap Roots: 0.53ms
[6177.985s][info][gc,phases      ] GC(992)   Evacuate Collection Set: 147.37ms
[6177.985s][info][gc,phases      ] GC(992)   Post Evacuate Collection Set: 1.00ms
[6177.985s][info][gc,phases      ] GC(992)   Other: 0.06ms
[6177.985s][info][gc,heap        ] GC(992) Eden regions: 570->0(571)
[6177.985s][info][gc,heap        ] GC(992) Survivor regions: 44->43(77)
[6177.985s][info][gc,heap        ] GC(992) Old regions: 271->278
[6177.985s][info][gc,heap        ] GC(992) Humongous regions: 33->33
[6177.985s][info][gc,metaspace   ] GC(992) Metaspace: 29946K(30400K)->29946K(30400K) NonClass: 24537K(24768K)->24537K(24768K) Class: 5408K(5632K)->5408K(5632K)
[6177.985s][info][gc             ] GC(992) Pause Young (Normal) (G1 Evacuation Pause) 7331M->2817M(8192M) 149.343ms
[6177.985s][info][gc,cpu         ] GC(992) User=1.18s Sys=0.00s Real=0.15s
...[6181.328s][info][gc,start       ] GC(993) Pause Young (Normal) (G1 Evacuation Pause)
[6181.328s][info][gc,task        ] GC(993) Using 8 workers of 8 for evacuation
[6181.481s][info][gc,phases      ] GC(993)   Pre Evacuate Collection Set: 0.24ms
[6181.481s][info][gc,phases      ] GC(993)   Merge Heap Roots: 0.54ms
[6181.481s][info][gc,phases      ] GC(993)   Evacuate Collection Set: 150.90ms
[6181.481s][info][gc,phases      ] GC(993)   Post Evacuate Collection Set: 0.99ms
[6181.481s][info][gc,phases      ] GC(993)   Other: 0.07ms
[6181.481s][info][gc,heap        ] GC(993) Eden regions: 571->0(566)
[6181.481s][info][gc,heap        ] GC(993) Survivor regions: 43->44(77)
[6181.481s][info][gc,heap        ] GC(993) Old regions: 278->285
[6181.481s][info][gc,heap        ] GC(993) Humongous regions: 33->33
[6181.481s][info][gc,metaspace   ] GC(993) Metaspace: 29946K(30400K)->29946K(30400K) NonClass: 24537K(24768K)->24537K(24768K) Class: 5408K(5632K)->5408K(5632K)
[6181.481s][info][gc             ] GC(993) Pause Young (Normal) (G1 Evacuation Pause) 7385M->2883M(8192M) 152.894ms
[6181.481s][info][gc,cpu         ] GC(993) User=1.21s Sys=0.00s Real=0.15s
....[6184.812s][info][gc,start       ] GC(994) Pause Young (Normal) (G1 Evacuation Pause)
[6184.812s][info][gc,task        ] GC(994) Using 8 workers of 8 for evacuation
[6184.969s][info][gc,phases      ] GC(994)   Pre Evacuate Collection Set: 0.23ms
[6184.969s][info][gc,phases      ] GC(994)   Merge Heap Roots: 0.49ms
[6184.969s][info][gc,phases      ] GC(994)   Evacuate Collection Set: 154.79ms
[6184.969s][info][gc,phases      ] GC(994)   Post Evacuate Collection Set: 0.98ms
[6184.969s][info][gc,phases      ] GC(994)   Other: 0.06ms
[6184.969s][info][gc,heap        ] GC(994) Eden regions: 566->0(556)
[6184.969s][info][gc,heap        ] GC(994) Survivor regions: 44->45(77)
[6184.969s][info][gc,heap        ] GC(994) Old regions: 285->293
[6184.969s][info][gc,heap        ] GC(994) Humongous regions: 33->33
[6184.969s][info][gc,metaspace   ] GC(994) Metaspace: 29946K(30400K)->29946K(30400K) NonClass: 24537K(24768K)->24537K(24768K) Class: 5408K(5632K)->5408K(5632K)
[6184.969s][info][gc             ] GC(994) Pause Young (Normal) (G1 Evacuation Pause) 7411M->2944M(8192M) 156.688ms
[6184.969s][info][gc,cpu         ] GC(994) User=1.24s Sys=0.00s Real=0.16s
.|..[6188.094s][info][gc,start       ] GC(995) Pause Young (Normal) (G1 Evacuation Pause)
[6188.094s][info][gc,task        ] GC(995) Using 8 workers of 8 for evacuation
[6188.241s][info][gc,phases      ] GC(995)   Pre Evacuate Collection Set: 0.24ms
[6188.241s][info][gc,phases      ] GC(995)   Merge Heap Roots: 0.52ms
[6188.241s][info][gc,phases      ] GC(995)   Evacuate Collection Set: 145.40ms
[6188.241s][info][gc,phases      ] GC(995)   Post Evacuate Collection Set: 1.01ms
[6188.241s][info][gc,phases      ] GC(995)   Other: 0.07ms
[6188.241s][info][gc,heap        ] GC(995) Eden regions: 556->0(553)
[6188.241s][info][gc,heap        ] GC(995) Survivor regions: 45->43(76)
[6188.241s][info][gc,heap        ] GC(995) Old regions: 293->300
[6188.241s][info][gc,heap        ] GC(995) Humongous regions: 33->33
[6188.241s][info][gc,metaspace   ] GC(995) Metaspace: 29946K(30400K)->29946K(30400K) NonClass: 24537K(24768K)->24537K(24768K) Class: 5408K(5632K)->5408K(5632K)
[6188.241s][info][gc             ] GC(995) Pause Young (Normal) (G1 Evacuation Pause) 7392M->2987M(8192M) 147.361ms
[6188.241s][info][gc,cpu         ] GC(995) User=1.17s Sys=0.00s Real=0.15s
...[6191.352s][info][gc,start       ] GC(996) Pause Young (Normal) (G1 Evacuation Pause)
[6191.352s][info][gc,task        ] GC(996) Using 8 workers of 8 for evacuation
[6191.505s][info][gc,phases      ] GC(996)   Pre Evacuate Collection Set: 0.22ms
[6191.505s][info][gc,phases      ] GC(996)   Merge Heap Roots: 0.52ms
[6191.505s][info][gc,phases      ] GC(996)   Evacuate Collection Set: 151.65ms
[6191.505s][info][gc,phases      ] GC(996)   Post Evacuate Collection Set: 0.98ms
[6191.505s][info][gc,phases      ] GC(996)   Other: 0.06ms
[6191.505s][info][gc,heap        ] GC(996) Eden regions: 553->0(544)
[6191.505s][info][gc,heap        ] GC(996) Survivor regions: 43->44(75)
[6191.505s][info][gc,heap        ] GC(996) Old regions: 300->307
[6191.505s][info][gc,heap        ] GC(996) Humongous regions: 33->33
[6191.505s][info][gc,metaspace   ] GC(996) Metaspace: 29946K(30400K)->29946K(30400K) NonClass: 24537K(24768K)->24537K(24768K) Class: 5408K(5632K)->5408K(5632K)
[6191.505s][info][gc             ] GC(996) Pause Young (Normal) (G1 Evacuation Pause) 7411M->3054M(8192M) 153.580ms
[6191.506s][info][gc,cpu         ] GC(996) User=1.22s Sys=0.00s Real=0.16s
....[6194.600s][info][gc,start       ] GC(997) Pause Young (Concurrent Start) (G1 Evacuation Pause)
[6194.600s][info][gc,task        ] GC(997) Using 8 workers of 8 for evacuation
[6194.751s][info][gc,phases      ] GC(997)   Pre Evacuate Collection Set: 0.26ms
[6194.751s][info][gc,phases      ] GC(997)   Merge Heap Roots: 0.47ms
[6194.751s][info][gc,phases      ] GC(997)   Evacuate Collection Set: 148.73ms
[6194.751s][info][gc,phases      ] GC(997)   Post Evacuate Collection Set: 0.99ms
[6194.751s][info][gc,phases      ] GC(997)   Other: 0.08ms
[6194.751s][info][gc,heap        ] GC(997) Eden regions: 544->0(539)
[6194.751s][info][gc,heap        ] GC(997) Survivor regions: 44->43(74)
[6194.751s][info][gc,heap        ] GC(997) Old regions: 307->314
[6194.751s][info][gc,heap        ] GC(997) Humongous regions: 33->33
[6194.751s][info][gc,metaspace   ] GC(997) Metaspace: 29946K(30400K)->29946K(30400K) NonClass: 24537K(24768K)->24537K(24768K) Class: 5408K(5632K)->5408K(5632K)
[6194.751s][info][gc             ] GC(997) Pause Young (Concurrent Start) (G1 Evacuation Pause) 7406M->3107M(8192M) 150.670ms
[6194.751s][info][gc             ] GC(998) Concurrent Mark Cycle
[6194.751s][info][gc,marking     ] GC(998) Concurrent Scan Root Regions
[6194.751s][info][gc,cpu         ] GC(997) User=1.19s Sys=0.00s Real=0.15s
[6195.063s][info][gc,marking     ] GC(998) Concurrent Scan Root Regions 311.926ms
[6195.063s][info][gc,marking     ] GC(998) Concurrent Mark
[6195.063s][info][gc,marking     ] GC(998) Concurrent Mark From Roots
[6195.063s][info][gc,task        ] GC(998) Using 2 workers of 2 for marking
.[6196.215s][info][gc,marking     ] GC(998) Concurrent Mark From Roots 1151.637ms
[6196.215s][info][gc,marking     ] GC(998) Concurrent Preclean
[6196.215s][info][gc,marking     ] GC(998) Concurrent Preclean 0.077ms
[6196.215s][info][gc,start       ] GC(998) Pause Remark
[6196.216s][info][gc             ] GC(998) Pause Remark 4724M->4140M(8192M) 1.349ms
[6196.216s][info][gc,cpu         ] GC(998) User=0.01s Sys=0.00s Real=0.00s
[6196.216s][info][gc,marking     ] GC(998) Concurrent Mark 1153.344ms
[6196.216s][info][gc,marking     ] GC(998) Concurrent Rebuild Remembered Sets and Scrub Regions
.[6197.003s][info][gc,marking     ] GC(998) Concurrent Rebuild Remembered Sets and Scrub Regions 786.188ms
[6197.003s][info][gc,start       ] GC(998) Pause Cleanup
[6197.003s][info][gc             ] GC(998) Pause Cleanup 5163M->5163M(8192M) 0.281ms
[6197.003s][info][gc,cpu         ] GC(998) User=0.00s Sys=0.00s Real=0.00s
[6197.003s][info][gc,marking     ] GC(998) Concurrent Clear Claimed Marks
[6197.003s][info][gc,marking     ] GC(998) Concurrent Clear Claimed Marks 0.044ms
[6197.003s][info][gc,marking     ] GC(998) Concurrent Cleanup for Next Mark
[6197.014s][info][gc,marking     ] GC(998) Concurrent Cleanup for Next Mark 10.750ms
[6197.014s][info][gc             ] GC(998) Concurrent Mark Cycle 2262.973ms
.[6198.040s][info][gc,start       ] GC(999) Pause Young (Prepare Mixed) (G1 Evacuation Pause)
[6198.040s][info][gc,task        ] GC(999) Using 8 workers of 8 for evacuation
[6198.192s][info][gc,phases      ] GC(999)   Pre Evacuate Collection Set: 0.24ms
[6198.192s][info][gc,phases      ] GC(999)   Merge Heap Roots: 0.65ms
[6198.192s][info][gc,phases      ] GC(999)   Evacuate Collection Set: 150.39ms
[6198.192s][info][gc,phases      ] GC(999)   Post Evacuate Collection Set: 1.07ms
[6198.192s][info][gc,phases      ] GC(999)   Other: 0.07ms
[6198.192s][info][gc,heap        ] GC(999) Eden regions: 539->0(571)
[6198.192s][info][gc,heap        ] GC(999) Survivor regions: 43->43(73)
[6198.192s][info][gc,heap        ] GC(999) Old regions: 241->249
[6198.192s][info][gc,heap        ] GC(999) Humongous regions: 33->33
[6198.192s][info][gc,metaspace   ] GC(999) Metaspace: 29946K(30400K)->29946K(30400K) NonClass: 24537K(24768K)->24537K(24768K) Class: 5408K(5632K)->5408K(5632K)
[6198.192s][info][gc             ] GC(999) Pause Young (Prepare Mixed) (G1 Evacuation Pause) 6835M->2583M(8192M) 152.547ms
[6198.192s][info][gc,cpu         ] GC(999) User=1.21s Sys=0.00s Real=0.15s
...[6201.208s][info][gc,start       ] GC(1000) Pause Young (Mixed) (G1 Evacuation Pause)
[6201.208s][info][gc,task        ] GC(1000) Using 8 workers of 8 for evacuation
[6201.367s][info][gc,phases      ] GC(1000)   Pre Evacuate Collection Set: 0.25ms
[6201.367s][info][gc,phases      ] GC(1000)   Merge Heap Roots: 0.86ms
[6201.367s][info][gc,phases      ] GC(1000)   Evacuate Collection Set: 156.27ms
[6201.367s][info][gc,phases      ] GC(1000)   Post Evacuate Collection Set: 1.20ms
[6201.367s][info][gc,phases      ] GC(1000)   Other: 0.08ms
[6201.367s][info][gc,heap        ] GC(1000) Eden regions: 571->0(571)
[6201.367s][info][gc,heap        ] GC(1000) Survivor regions: 43->43(77)
[6201.367s][info][gc,heap        ] GC(1000) Old regions: 249->154
[6201.367s][info][gc,heap        ] GC(1000) Humongous regions: 33->33
[6201.367s][info][gc,metaspace   ] GC(1000) Metaspace: 29946K(30400K)->29946K(30400K) NonClass: 24537K(24768K)->24537K(24768K) Class: 5408K(5632K)->5408K(5632K)
[6201.367s][info][gc             ] GC(1000) Pause Young (Mixed) (G1 Evacuation Pause) 7151M->1827M(8192M) 158.791ms
[6201.367s][info][gc,cpu         ] GC(1000) User=1.26s Sys=0.00s Real=0.16s
....[6204.632s][info][gc,start       ] GC(1001) Pause Young (Mixed) (G1 Evacuation Pause)
[6204.632s][info][gc,task        ] GC(1001) Using 8 workers of 8 for evacuation
[6204.796s][info][gc,phases      ] GC(1001)   Pre Evacuate Collection Set: 0.25ms
[6204.796s][info][gc,phases      ] GC(1001)   Merge Heap Roots: 0.76ms
[6204.796s][info][gc,phases      ] GC(1001)   Evacuate Collection Set: 161.19ms
[6204.796s][info][gc,phases      ] GC(1001)   Post Evacuate Collection Set: 1.04ms
[6204.796s][info][gc,phases      ] GC(1001)   Other: 0.07ms
[6204.796s][info][gc,heap        ] GC(1001) Eden regions: 571->0(570)
[6204.796s][info][gc,heap        ] GC(1001) Survivor regions: 43->44(77)
[6204.796s][info][gc,heap        ] GC(1001) Old regions: 154->144
[6204.796s][info][gc,heap        ] GC(1001) Humongous regions: 33->33
[6204.796s][info][gc,metaspace   ] GC(1001) Metaspace: 29946K(30400K)->29946K(30400K) NonClass: 24537K(24768K)->24537K(24768K) Class: 5408K(5632K)->5408K(5632K)
[6204.796s][info][gc             ] GC(1001) Pause Young (Mixed) (G1 Evacuation Pause) 6395M->1748M(8192M) 163.444ms
[6204.796s][info][gc,cpu         ] GC(1001) User=1.30s Sys=0.00s Real=0.17s
...[6208.097s][info][gc,start       ] GC(1002) Pause Young (Normal) (G1 Evacuation Pause)
[6208.097s][info][gc,task        ] GC(1002) Using 8 workers of 8 for evacuation
[6208.249s][info][gc,phases      ] GC(1002)   Pre Evacuate Collection Set: 0.24ms
[6208.249s][info][gc,phases      ] GC(1002)   Merge Heap Roots: 0.47ms
[6208.249s][info][gc,phases      ] GC(1002)   Evacuate Collection Set: 149.48ms
[6208.249s][info][gc,phases      ] GC(1002)   Post Evacuate Collection Set: 1.02ms
[6208.249s][info][gc,phases      ] GC(1002)   Other: 0.06ms
[6208.249s][info][gc,heap        ] GC(1002) Eden regions: 570->0(570)
[6208.249s][info][gc,heap        ] GC(1002) Survivor regions: 44->44(77)
[6208.249s][info][gc,heap        ] GC(1002) Old regions: 144->151
[6208.249s][info][gc,heap        ] GC(1002) Humongous regions: 33->33
[6208.249s][info][gc,metaspace   ] GC(1002) Metaspace: 29946K(30400K)->29946K(30400K) NonClass: 24537K(24768K)->24537K(24768K) Class: 5408K(5632K)->5408K(5632K)
[6208.249s][info][gc             ] GC(1002) Pause Young (Normal) (G1 Evacuation Pause) 6308M->1803M(8192M) 151.430ms
[6208.249s][info][gc,cpu         ] GC(1002) User=1.20s Sys=0.00s Real=0.15s
...[6211.482s][info][gc,start       ] GC(1003) Pause Young (Normal) (G1 Evacuation Pause)
[6211.482s][info][gc,task        ] GC(1003) Using 8 workers of 8 for evacuation
[6211.630s][info][gc,phases      ] GC(1003)   Pre Evacuate Collection Set: 0.23ms
[6211.630s][info][gc,phases      ] GC(1003)   Merge Heap Roots: 0.51ms
[6211.630s][info][gc,phases      ] GC(1003)   Evacuate Collection Set: 145.88ms
[6211.630s][info][gc,phases      ] GC(1003)   Post Evacuate Collection Set: 0.99ms
[6211.630s][info][gc,phases      ] GC(1003)   Other: 0.06ms
[6211.630s][info][gc,heap        ] GC(1003) Eden regions: 570->0(572)
[6211.630s][info][gc,heap        ] GC(1003) Survivor regions: 44->42(77)
[6211.630s][info][gc,heap        ] GC(1003) Old regions: 151->158
[6211.630s][info][gc,heap        ] GC(1003) Humongous regions: 33->33
[6211.630s][info][gc,metaspace   ] GC(1003) Metaspace: 29946K(30400K)->29946K(30400K) NonClass: 24537K(24768K)->24537K(24768K) Class: 5408K(5632K)->5408K(5632K)
[6211.630s][info][gc             ] GC(1003) Pause Young (Normal) (G1 Evacuation Pause) 6363M->1844M(8192M) 147.805ms
[6211.630s][info][gc,cpu         ] GC(1003) User=1.17s Sys=0.00s Real=0.15s
....[6215.060s][info][gc,start       ] GC(1004) Pause Young (Normal) (G1 Evacuation Pause)
[6215.060s][info][gc,task        ] GC(1004) Using 8 workers of 8 for evacuation
[6215.215s][info][gc,phases      ] GC(1004)   Pre Evacuate Collection Set: 0.22ms
[6215.215s][info][gc,phases      ] GC(1004)   Merge Heap Roots: 0.50ms
[6215.215s][info][gc,phases      ] GC(1004)   Evacuate Collection Set: 153.05ms
[6215.215s][info][gc,phases      ] GC(1004)   Post Evacuate Collection Set: 0.96ms
[6215.215s][info][gc,phases      ] GC(1004)   Other: 0.07ms
[6215.215s][info][gc,heap        ] GC(1004) Eden regions: 572->0(570)
[6215.215s][info][gc,heap        ] GC(1004) Survivor regions: 42->44(77)
[6215.215s][info][gc,heap        ] GC(1004) Old regions: 158->165
[6215.215s][info][gc,heap        ] GC(1004) Humongous regions: 33->33
[6215.215s][info][gc,metaspace   ] GC(1004) Metaspace: 29946K(30400K)->29946K(30400K) NonClass: 24537K(24768K)->24537K(24768K) Class: 5408K(5632K)->5408K(5632K)
[6215.215s][info][gc             ] GC(1004) Pause Young (Normal) (G1 Evacuation Pause) 6420M->1915M(8192M) 154.938ms
[6215.215s][info][gc,cpu         ] GC(1004) User=1.22s Sys=0.00s Real=0.16s
...[6218.505s][info][gc,start       ] GC(1005) Pause Young (Normal) (G1 Evacuation Pause)
[6218.505s][info][gc,task        ] GC(1005) Using 8 workers of 8 for evacuation
[6218.654s][info][gc,phases      ] GC(1005)   Pre Evacuate Collection Set: 0.23ms
[6218.654s][info][gc,phases      ] GC(1005)   Merge Heap Roots: 0.52ms
[6218.654s][info][gc,phases      ] GC(1005)   Evacuate Collection Set: 147.15ms
[6218.654s][info][gc,phases      ] GC(1005)   Post Evacuate Collection Set: 1.00ms
[6218.654s][info][gc,phases      ] GC(1005)   Other: 0.07ms
[6218.654s][info][gc,heap        ] GC(1005) Eden regions: 570->0(571)
[6218.654s][info][gc,heap        ] GC(1005) Survivor regions: 44->43(77)
[6218.654s][info][gc,heap        ] GC(1005) Old regions: 165->172
[6218.654s][info][gc,heap        ] GC(1005) Humongous regions: 33->33
[6218.654s][info][gc,metaspace   ] GC(1005) Metaspace: 29946K(30400K)->29946K(30400K) NonClass: 24537K(24768K)->24537K(24768K) Class: 5408K(5632K)->5408K(5632K)
[6218.654s][info][gc             ] GC(1005) Pause Young (Normal) (G1 Evacuation Pause) 6475M->1963M(8192M) 149.088ms
[6218.654s][info][gc,cpu         ] GC(1005) User=1.19s Sys=0.00s Real=0.14s
....[6221.876s][info][gc,start       ] GC(1006) Pause Young (Normal) (G1 Evacuation Pause)
[6221.876s][info][gc,task        ] GC(1006) Using 8 workers of 8 for evacuation
[6222.024s][info][gc,phases      ] GC(1006)   Pre Evacuate Collection Set: 0.24ms
[6222.024s][info][gc,phases      ] GC(1006)   Merge Heap Roots: 0.52ms
[6222.024s][info][gc,phases      ] GC(1006)   Evacuate Collection Set: 145.43ms
[6222.024s][info][gc,phases      ] GC(1006)   Post Evacuate Collection Set: 1.00ms
[6222.024s][info][gc,phases      ] GC(1006)   Other: 0.07ms
[6222.024s][info][gc,heap        ] GC(1006) Eden regions: 571->0(572)
[6222.024s][info][gc,heap        ] GC(1006) Survivor regions: 43->42(77)
[6222.024s][info][gc,heap        ] GC(1006) Old regions: 172->179
[6222.024s][info][gc,heap        ] GC(1006) Humongous regions: 33->33
[6222.024s][info][gc,metaspace   ] GC(1006) Metaspace: 29946K(30400K)->29946K(30400K) NonClass: 24537K(24768K)->24537K(24768K) Class: 5408K(5632K)->5408K(5632K)
[6222.024s][info][gc             ] GC(1006) Pause Young (Normal) (G1 Evacuation Pause) 6531M->2019M(8192M) 147.382ms
[6222.024s][info][gc,cpu         ] GC(1006) User=1.17s Sys=0.00s Real=0.14s
...[6225.186s][info][gc,start       ] GC(1007) Pause Young (Normal) (G1 Evacuation Pause)
[6225.186s][info][gc,task        ] GC(1007) Using 8 workers of 8 for evacuation
[6225.336s][info][gc,phases      ] GC(1007)   Pre Evacuate Collection Set: 0.24ms
[6225.337s][info][gc,phases      ] GC(1007)   Merge Heap Roots: 0.52ms
[6225.337s][info][gc,phases      ] GC(1007)   Evacuate Collection Set: 148.29ms
[6225.337s][info][gc,phases      ] GC(1007)   Post Evacuate Collection Set: 1.00ms
[6225.337s][info][gc,phases      ] GC(1007)   Other: 0.06ms
[6225.337s][info][gc,heap        ] GC(1007) Eden regions: 572->0(570)
[6225.337s][info][gc,heap        ] GC(1007) Survivor regions: 42->44(77)
[6225.337s][info][gc,heap        ] GC(1007) Old regions: 179->186
[6225.337s][info][gc,heap        ] GC(1007) Humongous regions: 33->33
[6225.337s][info][gc,metaspace   ] GC(1007) Metaspace: 29946K(30400K)->29946K(30400K) NonClass: 24537K(24768K)->24537K(24768K) Class: 5408K(5632K)->5408K(5632K)
[6225.337s][info][gc             ] GC(1007) Pause Young (Normal) (G1 Evacuation Pause) 6595M->2086M(8192M) 150.226ms
[6225.337s][info][gc,cpu         ] GC(1007) User=1.19s Sys=0.00s Real=0.15s
...[6228.495s][info][gc,start       ] GC(1008) Pause Young (Normal) (G1 Evacuation Pause)
[6228.495s][info][gc,task        ] GC(1008) Using 8 workers of 8 for evacuation
[6228.646s][info][gc,phases      ] GC(1008)   Pre Evacuate Collection Set: 0.25ms
[6228.646s][info][gc,phases      ] GC(1008)   Merge Heap Roots: 0.53ms
[6228.646s][info][gc,phases      ] GC(1008)   Evacuate Collection Set: 149.63ms
[6228.646s][info][gc,phases      ] GC(1008)   Post Evacuate Collection Set: 1.01ms
[6228.646s][info][gc,phases      ] GC(1008)   Other: 0.07ms
[6228.646s][info][gc,heap        ] GC(1008) Eden regions: 570->0(571)
[6228.646s][info][gc,heap        ] GC(1008) Survivor regions: 44->43(77)
[6228.646s][info][gc,heap        ] GC(1008) Old regions: 186->193
[6228.646s][info][gc,heap        ] GC(1008) Humongous regions: 33->33
[6228.646s][info][gc,metaspace   ] GC(1008) Metaspace: 29946K(30400K)->29946K(30400K) NonClass: 24537K(24768K)->24537K(24768K) Class: 5408K(5632K)->5408K(5632K)
[6228.647s][info][gc             ] GC(1008) Pause Young (Normal) (G1 Evacuation Pause) 6646M->2137M(8192M) 151.638ms
[6228.647s][info][gc,cpu         ] GC(1008) User=1.20s Sys=0.01s Real=0.15s
....[6231.924s][info][gc,start       ] GC(1009) Pause Young (Normal) (G1 Evacuation Pause)
[6231.924s][info][gc,task        ] GC(1009) Using 8 workers of 8 for evacuation
[6232.073s][info][gc,phases      ] GC(1009)   Pre Evacuate Collection Set: 0.22ms
[6232.073s][info][gc,phases      ] GC(1009)   Merge Heap Roots: 0.52ms
[6232.073s][info][gc,phases      ] GC(1009)   Evacuate Collection Set: 147.71ms
[6232.073s][info][gc,phases      ] GC(1009)   Post Evacuate Collection Set: 1.00ms
[6232.073s][info][gc,phases      ] GC(1009)   Other: 0.07ms
[6232.074s][info][gc,heap        ] GC(1009) Eden regions: 571->0(570)
[6232.074s][info][gc,heap        ] GC(1009) Survivor regions: 43->44(77)
[6232.074s][info][gc,heap        ] GC(1009) Old regions: 193->200
[6232.074s][info][gc,heap        ] GC(1009) Humongous regions: 33->33
[6232.074s][info][gc,metaspace   ] GC(1009) Metaspace: 29946K(30400K)->29946K(30400K) NonClass: 24537K(24768K)->24537K(24768K) Class: 5408K(5632K)->5408K(5632K)
[6232.074s][info][gc             ] GC(1009) Pause Young (Normal) (G1 Evacuation Pause) 6705M->2197M(8192M) 149.673ms
[6232.074s][info][gc,cpu         ] GC(1009) User=1.19s Sys=0.00s Real=0.15s
...[6235.331s][info][gc,start       ] GC(1010) Pause Young (Normal) (G1 Evacuation Pause)
[6235.331s][info][gc,task        ] GC(1010) Using 8 workers of 8 for evacuation
[6235.492s][info][gc,phases      ] GC(1010)   Pre Evacuate Collection Set: 0.23ms
[6235.492s][info][gc,phases      ] GC(1010)   Merge Heap Roots: 0.52ms
[6235.492s][info][gc,phases      ] GC(1010)   Evacuate Collection Set: 159.63ms
[6235.492s][info][gc,phases      ] GC(1010)   Post Evacuate Collection Set: 0.97ms
[6235.492s][info][gc,phases      ] GC(1010)   Other: 0.06ms
[6235.492s][info][gc,heap        ] GC(1010) Eden regions: 570->0(568)
[6235.492s][info][gc,heap        ] GC(1010) Survivor regions: 44->46(77)
[6235.492s][info][gc,heap        ] GC(1010) Old regions: 200->207
[6235.492s][info][gc,heap        ] GC(1010) Humongous regions: 33->33
[6235.492s][info][gc,metaspace   ] GC(1010) Metaspace: 29946K(30400K)->29946K(30400K) NonClass: 24537K(24768K)->24537K(24768K) Class: 5408K(5632K)->5408K(5632K)
[6235.492s][info][gc             ] GC(1010) Pause Young (Normal) (G1 Evacuation Pause) 6757M->2271M(8192M) 161.554ms
[6235.492s][info][gc,cpu         ] GC(1010) User=1.28s Sys=0.00s Real=0.16s
....[6238.711s][info][gc,start       ] GC(1011) Pause Young (Normal) (G1 Evacuation Pause)
[6238.711s][info][gc,task        ] GC(1011) Using 8 workers of 8 for evacuation
[6238.868s][info][gc,phases      ] GC(1011)   Pre Evacuate Collection Set: 0.23ms
[6238.868s][info][gc,phases      ] GC(1011)   Merge Heap Roots: 0.52ms
[6238.868s][info][gc,phases      ] GC(1011)   Evacuate Collection Set: 155.78ms
[6238.868s][info][gc,phases      ] GC(1011)   Post Evacuate Collection Set: 1.00ms
[6238.868s][info][gc,phases      ] GC(1011)   Other: 0.06ms
[6238.868s][info][gc,heap        ] GC(1011) Eden regions: 568->0(569)
[6238.868s][info][gc,heap        ] GC(1011) Survivor regions: 46->45(77)
[6238.868s][info][gc,heap        ] GC(1011) Old regions: 207->215
[6238.868s][info][gc,heap        ] GC(1011) Humongous regions: 33->33
[6238.868s][info][gc,metaspace   ] GC(1011) Metaspace: 29946K(30400K)->29946K(30400K) NonClass: 24537K(24768K)->24537K(24768K) Class: 5408K(5632K)->5408K(5632K)
[6238.868s][info][gc             ] GC(1011) Pause Young (Normal) (G1 Evacuation Pause) 6815M->2322M(8192M) 157.728ms
[6238.868s][info][gc,cpu         ] GC(1011) User=1.25s Sys=0.01s Real=0.16s
...[6242.169s][info][gc,start       ] GC(1012) Pause Young (Normal) (G1 Evacuation Pause)
[6242.169s][info][gc,task        ] GC(1012) Using 8 workers of 8 for evacuation
[6242.327s][info][gc,phases      ] GC(1012)   Pre Evacuate Collection Set: 0.24ms
[6242.327s][info][gc,phases      ] GC(1012)   Merge Heap Roots: 0.51ms
[6242.327s][info][gc,phases      ] GC(1012)   Evacuate Collection Set: 155.33ms
[6242.327s][info][gc,phases      ] GC(1012)   Post Evacuate Collection Set: 1.01ms
[6242.327s][info][gc,phases      ] GC(1012)   Other: 0.06ms
[6242.327s][info][gc,heap        ] GC(1012) Eden regions: 569->0(569)
[6242.327s][info][gc,heap        ] GC(1012) Survivor regions: 45->45(77)
[6242.327s][info][gc,heap        ] GC(1012) Old regions: 215->222
[6242.327s][info][gc,heap        ] GC(1012) Humongous regions: 33->33
[6242.327s][info][gc,metaspace   ] GC(1012) Metaspace: 29946K(30400K)->29946K(30400K) NonClass: 24537K(24768K)->24537K(24768K) Class: 5408K(5632K)->5408K(5632K)
[6242.327s][info][gc             ] GC(1012) Pause Young (Normal) (G1 Evacuation Pause) 6874M->2379M(8192M) 157.299ms
[6242.327s][info][gc,cpu         ] GC(1012) User=1.25s Sys=0.00s Real=0.16s
....[6245.704s][info][gc,start       ] GC(1013) Pause Young (Normal) (G1 Evacuation Pause)
[6245.704s][info][gc,task        ] GC(1013) Using 8 workers of 8 for evacuation
[6245.854s][info][gc,phases      ] GC(1013)   Pre Evacuate Collection Set: 0.24ms
[6245.854s][info][gc,phases      ] GC(1013)   Merge Heap Roots: 0.51ms
[6245.854s][info][gc,phases      ] GC(1013)   Evacuate Collection Set: 148.58ms
[6245.854s][info][gc,phases      ] GC(1013)   Post Evacuate Collection Set: 1.03ms
[6245.854s][info][gc,phases      ] GC(1013)   Other: 0.08ms
[6245.854s][info][gc,heap        ] GC(1013) Eden regions: 569->0(571)
[6245.854s][info][gc,heap        ] GC(1013) Survivor regions: 45->43(77)
[6245.854s][info][gc,heap        ] GC(1013) Old regions: 222->229
[6245.854s][info][gc,heap        ] GC(1013) Humongous regions: 33->33
[6245.854s][info][gc,metaspace   ] GC(1013) Metaspace: 29946K(30400K)->29946K(30400K) NonClass: 24537K(24768K)->24537K(24768K) Class: 5408K(5632K)->5408K(5632K)
[6245.854s][info][gc             ] GC(1013) Pause Young (Normal) (G1 Evacuation Pause) 6931M->2422M(8192M) 150.578ms
[6245.854s][info][gc,cpu         ] GC(1013) User=1.19s Sys=0.00s Real=0.15s
...[6249.157s][info][gc,start       ] GC(1014) Pause Young (Normal) (G1 Evacuation Pause)
[6249.157s][info][gc,task        ] GC(1014) Using 8 workers of 8 for evacuation
[6249.309s][info][gc,phases      ] GC(1014)   Pre Evacuate Collection Set: 0.22ms
[6249.309s][info][gc,phases      ] GC(1014)   Merge Heap Roots: 0.53ms
[6249.309s][info][gc,phases      ] GC(1014)   Evacuate Collection Set: 150.18ms
[6249.309s][info][gc,phases      ] GC(1014)   Post Evacuate Collection Set: 1.00ms
[6249.309s][info][gc,phases      ] GC(1014)   Other: 0.07ms
[6249.309s][info][gc,heap        ] GC(1014) Eden regions: 571->0(571)
[6249.309s][info][gc,heap        ] GC(1014) Survivor regions: 43->43(77)
[6249.309s][info][gc,heap        ] GC(1014) Old regions: 229->236
[6249.309s][info][gc,heap        ] GC(1014) Humongous regions: 33->33
[6249.309s][info][gc,metaspace   ] GC(1014) Metaspace: 29946K(30400K)->29946K(30400K) NonClass: 24537K(24768K)->24537K(24768K) Class: 5408K(5632K)->5408K(5632K)
[6249.309s][info][gc             ] GC(1014) Pause Young (Normal) (G1 Evacuation Pause) 6990M->2483M(8192M) 152.139ms
[6249.309s][info][gc,cpu         ] GC(1014) User=1.21s Sys=0.00s Real=0.15s
...[6252.546s][info][gc,start       ] GC(1015) Pause Young (Normal) (G1 Evacuation Pause)
[6252.546s][info][gc,task        ] GC(1015) Using 8 workers of 8 for evacuation
[6252.695s][info][gc,phases      ] GC(1015)   Pre Evacuate Collection Set: 0.23ms
[6252.695s][info][gc,phases      ] GC(1015)   Merge Heap Roots: 0.52ms
[6252.695s][info][gc,phases      ] GC(1015)   Evacuate Collection Set: 146.56ms
[6252.695s][info][gc,phases      ] GC(1015)   Post Evacuate Collection Set: 1.01ms
[6252.695s][info][gc,phases      ] GC(1015)   Other: 0.06ms
[6252.695s][info][gc,heap        ] GC(1015) Eden regions: 571->0(570)
[6252.695s][info][gc,heap        ] GC(1015) Survivor regions: 43->44(77)
[6252.695s][info][gc,heap        ] GC(1015) Old regions: 236->243
[6252.695s][info][gc,heap        ] GC(1015) Humongous regions: 33->33
[6252.695s][info][gc,metaspace   ] GC(1015) Metaspace: 29946K(30400K)->29946K(30400K) NonClass: 24537K(24768K)->24537K(24768K) Class: 5408K(5632K)->5408K(5632K)
[6252.695s][info][gc             ] GC(1015) Pause Young (Normal) (G1 Evacuation Pause) 7051M->2543M(8192M) 148.534ms
[6252.695s][info][gc,cpu         ] GC(1015) User=1.18s Sys=0.00s Real=0.15s
....[6256.051s][info][gc,start       ] GC(1016) Pause Young (Normal) (G1 Evacuation Pause)
[6256.051s][info][gc,task        ] GC(1016) Using 8 workers of 8 for evacuation
[6256.203s][info][gc,phases      ] GC(1016)   Pre Evacuate Collection Set: 0.23ms
[6256.203s][info][gc,phases      ] GC(1016)   Merge Heap Roots: 0.52ms
[6256.203s][info][gc,phases      ] GC(1016)   Evacuate Collection Set: 149.78ms
[6256.203s][info][gc,phases      ] GC(1016)   Post Evacuate Collection Set: 1.00ms
[6256.203s][info][gc,phases      ] GC(1016)   Other: 0.06ms
[6256.203s][info][gc,heap        ] GC(1016) Eden regions: 570->0(571)
[6256.203s][info][gc,heap        ] GC(1016) Survivor regions: 44->43(77)
[6256.203s][info][gc,heap        ] GC(1016) Old regions: 243->251
[6256.203s][info][gc,heap        ] GC(1016) Humongous regions: 33->33
[6256.203s][info][gc,metaspace   ] GC(1016) Metaspace: 29946K(30400K)->29946K(30400K) NonClass: 24537K(24768K)->24537K(24768K) Class: 5408K(5632K)->5408K(5632K)
[6256.203s][info][gc             ] GC(1016) Pause Young (Normal) (G1 Evacuation Pause) 7103M->2594M(8192M) 151.736ms
[6256.203s][info][gc,cpu         ] GC(1016) User=1.20s Sys=0.00s Real=0.15s
...[6259.577s][info][gc,start       ] GC(1017) Pause Young (Normal) (G1 Evacuation Pause)
[6259.577s][info][gc,task        ] GC(1017) Using 8 workers of 8 for evacuation
[6259.729s][info][gc,phases      ] GC(1017)   Pre Evacuate Collection Set: 0.21ms
[6259.729s][info][gc,phases      ] GC(1017)   Merge Heap Roots: 0.49ms
[6259.729s][info][gc,phases      ] GC(1017)   Evacuate Collection Set: 150.47ms
[6259.729s][info][gc,phases      ] GC(1017)   Post Evacuate Collection Set: 1.02ms
[6259.729s][info][gc,phases      ] GC(1017)   Other: 0.06ms
[6259.729s][info][gc,heap        ] GC(1017) Eden regions: 571->0(571)
[6259.729s][info][gc,heap        ] GC(1017) Survivor regions: 43->43(77)
[6259.729s][info][gc,heap        ] GC(1017) Old regions: 251->258
[6259.729s][info][gc,heap        ] GC(1017) Humongous regions: 33->33
[6259.729s][info][gc,metaspace   ] GC(1017) Metaspace: 29946K(30400K)->29946K(30400K) NonClass: 24537K(24768K)->24537K(24768K) Class: 5408K(5632K)->5408K(5632K)
[6259.729s][info][gc             ] GC(1017) Pause Young (Normal) (G1 Evacuation Pause) 7162M->2650M(8192M) 152.381ms
[6259.729s][info][gc,cpu         ] GC(1017) User=1.21s Sys=0.00s Real=0.15s
. (rIR:aIR:PR = 11084:11171:11194) (tPR = 166231) [OK] 
  6259s: Performance info:
         Transaction,    Success,    Partial,     Failed,   Receipts, AvgBarcode, 
             Overall,     830988,          0,          0,     789383,      59.47, 
         Response times:
             Request,    Success,    Partial,     Failed,   SkipFail,     Probes,    Samples,      min,      p50,      p90,      p95,      p99,      max, 
       TotalPurchase,     787927,          0,          0,          0,     434809,     539109,      300,    11200,    76000,   114000,   228000,  4800000,
     InStorePurchase,     415930,          0,          0,          0,     228108,     283301,      300,    11100,    76000,   113000,   222000,  4800000,
      OnlinePurchase,     289584,          0,          0,          0,     160707,     198933,      300,    11200,    75000,   116000,   240000,  4800000,
        InstPurchase,      82413,          0,          0,          0,      45994,      56875,      300,    11400,    77000,   114000,   226000,  1900000,
          AssocOfCat,        823,          0,          0,          0,        701,       1014,    34000,    70000,   148000,   203500,   280700,   425000,
      AssocOfProduct,       8216,          0,          0,          0,       4815,       6258,      700,    11850,    71000,   114000,   234410,   720000,
      BusinessReport,       2051,          0,          0,          0,       1864,       2483,    38000,    78000,   157000,   218000,   343160,   541000,
          CustBuyBeh,       8204,          0,          0,          0,       4854,       6174,      600,    10700,    77000,   113000,   224250,   730000,
       ProductReturn,      22059,          0,          0,          0,      12101,      15282,      200,    11000,    79000,   119850,   233000,  1100000,

  6259s: (79%)   IR =  11226 ...[6263.061s][info][gc,start       ] GC(1018) Pause Young (Normal) (G1 Evacuation Pause)
[6263.061s][info][gc,task        ] GC(1018) Using 8 workers of 8 for evacuation
[6263.211s][info][gc,phases      ] GC(1018)   Pre Evacuate Collection Set: 0.25ms
[6263.211s][info][gc,phases      ] GC(1018)   Merge Heap Roots: 0.54ms
[6263.211s][info][gc,phases      ] GC(1018)   Evacuate Collection Set: 148.50ms
[6263.211s][info][gc,phases      ] GC(1018)   Post Evacuate Collection Set: 1.00ms
[6263.211s][info][gc,phases      ] GC(1018)   Other: 0.06ms
[6263.211s][info][gc,heap        ] GC(1018) Eden regions: 571->0(571)
[6263.211s][info][gc,heap        ] GC(1018) Survivor regions: 43->43(77)
[6263.211s][info][gc,heap        ] GC(1018) Old regions: 258->265
[6263.211s][info][gc,heap        ] GC(1018) Humongous regions: 33->33
[6263.211s][info][gc,metaspace   ] GC(1018) Metaspace: 29946K(30400K)->29946K(30400K) NonClass: 24537K(24768K)->24537K(24768K) Class: 5408K(5632K)->5408K(5632K)
[6263.211s][info][gc             ] GC(1018) Pause Young (Normal) (G1 Evacuation Pause) 7218M->2707M(8192M) 150.520ms
[6263.212s][info][gc,cpu         ] GC(1018) User=1.19s Sys=0.00s Real=0.15s
.|..[6266.523s][info][gc,start       ] GC(1019) Pause Young (Normal) (G1 Evacuation Pause)
[6266.523s][info][gc,task        ] GC(1019) Using 8 workers of 8 for evacuation
[6266.672s][info][gc,phases      ] GC(1019)   Pre Evacuate Collection Set: 0.23ms
[6266.672s][info][gc,phases      ] GC(1019)   Merge Heap Roots: 0.52ms
[6266.672s][info][gc,phases      ] GC(1019)   Evacuate Collection Set: 146.67ms
[6266.672s][info][gc,phases      ] GC(1019)   Post Evacuate Collection Set: 1.01ms
[6266.672s][info][gc,phases      ] GC(1019)   Other: 0.07ms
[6266.672s][info][gc,heap        ] GC(1019) Eden regions: 571->0(570)
[6266.672s][info][gc,heap        ] GC(1019) Survivor regions: 43->44(77)
[6266.672s][info][gc,heap        ] GC(1019) Old regions: 265->272
[6266.672s][info][gc,heap        ] GC(1019) Humongous regions: 33->33
[6266.672s][info][gc,metaspace   ] GC(1019) Metaspace: 29946K(30400K)->29946K(30400K) NonClass: 24537K(24768K)->24537K(24768K) Class: 5408K(5632K)->5408K(5632K)
[6266.672s][info][gc             ] GC(1019) Pause Young (Normal) (G1 Evacuation Pause) 7275M->2772M(8192M) 148.631ms
[6266.672s][info][gc,cpu         ] GC(1019) User=1.18s Sys=0.00s Real=0.15s
....[6269.918s][info][gc,start       ] GC(1020) Pause Young (Normal) (G1 Evacuation Pause)
[6269.918s][info][gc,task        ] GC(1020) Using 8 workers of 8 for evacuation
[6270.067s][info][gc,phases      ] GC(1020)   Pre Evacuate Collection Set: 0.23ms
[6270.067s][info][gc,phases      ] GC(1020)   Merge Heap Roots: 0.50ms
[6270.067s][info][gc,phases      ] GC(1020)   Evacuate Collection Set: 146.83ms
[6270.067s][info][gc,phases      ] GC(1020)   Post Evacuate Collection Set: 1.04ms
[6270.067s][info][gc,phases      ] GC(1020)   Other: 0.07ms
[6270.067s][info][gc,heap        ] GC(1020) Eden regions: 570->0(572)
[6270.067s][info][gc,heap        ] GC(1020) Survivor regions: 44->42(77)
[6270.067s][info][gc,heap        ] GC(1020) Old regions: 272->279
[6270.067s][info][gc,heap        ] GC(1020) Humongous regions: 33->33
[6270.067s][info][gc,metaspace   ] GC(1020) Metaspace: 29946K(30400K)->29946K(30400K) NonClass: 24537K(24768K)->24537K(24768K) Class: 5408K(5632K)->5408K(5632K)
[6270.067s][info][gc             ] GC(1020) Pause Young (Normal) (G1 Evacuation Pause) 7332M->2817M(8192M) 148.793ms
[6270.067s][info][gc,cpu         ] GC(1020) User=1.18s Sys=0.00s Real=0.15s
...[6273.365s][info][gc,start       ] GC(1021) Pause Young (Normal) (G1 Evacuation Pause)
[6273.365s][info][gc,task        ] GC(1021) Using 8 workers of 8 for evacuation
[6273.516s][info][gc,phases      ] GC(1021)   Pre Evacuate Collection Set: 0.25ms
[6273.516s][info][gc,phases      ] GC(1021)   Merge Heap Roots: 0.49ms
[6273.516s][info][gc,phases      ] GC(1021)   Evacuate Collection Set: 148.98ms
[6273.516s][info][gc,phases      ] GC(1021)   Post Evacuate Collection Set: 0.99ms
[6273.516s][info][gc,phases      ] GC(1021)   Other: 0.06ms
[6273.516s][info][gc,heap        ] GC(1021) Eden regions: 572->0(565)
[6273.516s][info][gc,heap        ] GC(1021) Survivor regions: 42->44(77)
[6273.516s][info][gc,heap        ] GC(1021) Old regions: 279->286
[6273.516s][info][gc,heap        ] GC(1021) Humongous regions: 33->33
[6273.516s][info][gc,metaspace   ] GC(1021) Metaspace: 29946K(30400K)->29946K(30400K) NonClass: 24537K(24768K)->24537K(24768K) Class: 5408K(5632K)->5408K(5632K)
[6273.516s][info][gc             ] GC(1021) Pause Young (Normal) (G1 Evacuation Pause) 7393M->2888M(8192M) 150.937ms
[6273.516s][info][gc,cpu         ] GC(1021) User=1.20s Sys=0.00s Real=0.15s
...[6276.794s][info][gc,start       ] GC(1022) Pause Young (Normal) (G1 Evacuation Pause)
[6276.794s][info][gc,task        ] GC(1022) Using 8 workers of 8 for evacuation
[6276.944s][info][gc,phases      ] GC(1022)   Pre Evacuate Collection Set: 0.24ms
[6276.944s][info][gc,phases      ] GC(1022)   Merge Heap Roots: 0.53ms
[6276.944s][info][gc,phases      ] GC(1022)   Evacuate Collection Set: 147.71ms
[6276.944s][info][gc,phases      ] GC(1022)   Post Evacuate Collection Set: 1.02ms
[6276.944s][info][gc,phases      ] GC(1022)   Other: 0.07ms
[6276.944s][info][gc,heap        ] GC(1022) Eden regions: 565->0(560)
[6276.944s][info][gc,heap        ] GC(1022) Survivor regions: 44->43(77)
[6276.944s][info][gc,heap        ] GC(1022) Old regions: 286->293
[6276.944s][info][gc,heap        ] GC(1022) Humongous regions: 33->33
[6276.944s][info][gc,metaspace   ] GC(1022) Metaspace: 29946K(30400K)->29946K(30400K) NonClass: 24537K(24768K)->24537K(24768K) Class: 5408K(5632K)->5408K(5632K)
[6276.944s][info][gc             ] GC(1022) Pause Young (Normal) (G1 Evacuation Pause) 7408M->2939M(8192M) 149.702ms
[6276.944s][info][gc,cpu         ] GC(1022) User=1.19s Sys=0.00s Real=0.15s
....[6280.167s][info][gc,start       ] GC(1023) Pause Young (Normal) (G1 Evacuation Pause)
[6280.167s][info][gc,task        ] GC(1023) Using 8 workers of 8 for evacuation
[6280.315s][info][gc,phases      ] GC(1023)   Pre Evacuate Collection Set: 0.23ms
[6280.315s][info][gc,phases      ] GC(1023)   Merge Heap Roots: 0.52ms
[6280.315s][info][gc,phases      ] GC(1023)   Evacuate Collection Set: 146.83ms
[6280.315s][info][gc,phases      ] GC(1023)   Post Evacuate Collection Set: 0.99ms
[6280.315s][info][gc,phases      ] GC(1023)   Other: 0.07ms
[6280.315s][info][gc,heap        ] GC(1023) Eden regions: 560->0(551)
[6280.315s][info][gc,heap        ] GC(1023) Survivor regions: 43->44(76)
[6280.315s][info][gc,heap        ] GC(1023) Old regions: 293->300
[6280.315s][info][gc,heap        ] GC(1023) Humongous regions: 33->33
[6280.315s][info][gc,metaspace   ] GC(1023) Metaspace: 29946K(30400K)->29946K(30400K) NonClass: 24537K(24768K)->24537K(24768K) Class: 5408K(5632K)->5408K(5632K)
[6280.315s][info][gc             ] GC(1023) Pause Young (Normal) (G1 Evacuation Pause) 7419M->2997M(8192M) 148.759ms
[6280.315s][info][gc,cpu         ] GC(1023) User=1.17s Sys=0.00s Real=0.15s
...[6283.391s][info][gc,start       ] GC(1024) Pause Young (Normal) (G1 Evacuation Pause)
[6283.391s][info][gc,task        ] GC(1024) Using 8 workers of 8 for evacuation
[6283.543s][info][gc,phases      ] GC(1024)   Pre Evacuate Collection Set: 0.23ms
[6283.543s][info][gc,phases      ] GC(1024)   Merge Heap Roots: 0.51ms
[6283.543s][info][gc,phases      ] GC(1024)   Evacuate Collection Set: 149.94ms
[6283.543s][info][gc,phases      ] GC(1024)   Post Evacuate Collection Set: 0.99ms
[6283.543s][info][gc,phases      ] GC(1024)   Other: 0.06ms
[6283.543s][info][gc,heap        ] GC(1024) Eden regions: 551->0(543)
[6283.543s][info][gc,heap        ] GC(1024) Survivor regions: 44->44(75)
[6283.543s][info][gc,heap        ] GC(1024) Old regions: 300->308
[6283.543s][info][gc,heap        ] GC(1024) Humongous regions: 33->33
[6283.543s][info][gc,metaspace   ] GC(1024) Metaspace: 29946K(30400K)->29946K(30400K) NonClass: 24537K(24768K)->24537K(24768K) Class: 5408K(5632K)->5408K(5632K)
[6283.543s][info][gc             ] GC(1024) Pause Young (Normal) (G1 Evacuation Pause) 7405M->3062M(8192M) 151.865ms
[6283.543s][info][gc,cpu         ] GC(1024) User=1.20s Sys=0.00s Real=0.15s
...[6286.506s][info][gc,start       ] GC(1025) Pause Young (Concurrent Start) (G1 Evacuation Pause)
[6286.506s][info][gc,task        ] GC(1025) Using 8 workers of 8 for evacuation
[6286.653s][info][gc,phases      ] GC(1025)   Pre Evacuate Collection Set: 0.29ms
[6286.653s][info][gc,phases      ] GC(1025)   Merge Heap Roots: 0.52ms
[6286.653s][info][gc,phases      ] GC(1025)   Evacuate Collection Set: 145.07ms
[6286.653s][info][gc,phases      ] GC(1025)   Post Evacuate Collection Set: 0.96ms
[6286.653s][info][gc,phases      ] GC(1025)   Other: 0.09ms
[6286.653s][info][gc,heap        ] GC(1025) Eden regions: 543->0(540)
[6286.653s][info][gc,heap        ] GC(1025) Survivor regions: 44->42(74)
[6286.653s][info][gc,heap        ] GC(1025) Old regions: 308->315
[6286.653s][info][gc,heap        ] GC(1025) Humongous regions: 33->33
[6286.653s][info][gc,metaspace   ] GC(1025) Metaspace: 29946K(30400K)->29946K(30400K) NonClass: 24537K(24768K)->24537K(24768K) Class: 5408K(5632K)->5408K(5632K)
[6286.653s][info][gc             ] GC(1025) Pause Young (Concurrent Start) (G1 Evacuation Pause) 7406M->3103M(8192M) 147.060ms
[6286.653s][info][gc             ] GC(1026) Concurrent Mark Cycle
[6286.653s][info][gc,marking     ] GC(1026) Concurrent Scan Root Regions
[6286.653s][info][gc,cpu         ] GC(1025) User=1.17s Sys=0.00s Real=0.14s
[6286.935s][info][gc,marking     ] GC(1026) Concurrent Scan Root Regions 282.340ms
[6286.935s][info][gc,marking     ] GC(1026) Concurrent Mark
[6286.936s][info][gc,marking     ] GC(1026) Concurrent Mark From Roots
[6286.936s][info][gc,task        ] GC(1026) Using 2 workers of 2 for marking
..[6288.140s][info][gc,marking     ] GC(1026) Concurrent Mark From Roots 1204.128ms
[6288.140s][info][gc,marking     ] GC(1026) Concurrent Preclean
[6288.140s][info][gc,marking     ] GC(1026) Concurrent Preclean 0.078ms
[6288.140s][info][gc,start       ] GC(1026) Pause Remark
[6288.141s][info][gc             ] GC(1026) Pause Remark 4684M->4100M(8192M) 1.489ms
[6288.141s][info][gc,cpu         ] GC(1026) User=0.01s Sys=0.00s Real=0.00s
[6288.141s][info][gc,marking     ] GC(1026) Concurrent Mark 1205.990ms
[6288.141s][info][gc,marking     ] GC(1026) Concurrent Rebuild Remembered Sets and Scrub Regions
.[6288.971s][info][gc,marking     ] GC(1026) Concurrent Rebuild Remembered Sets and Scrub Regions 829.710ms
[6288.971s][info][gc,start       ] GC(1026) Pause Cleanup
[6288.972s][info][gc             ] GC(1026) Pause Cleanup 5207M->5207M(8192M) 0.248ms
[6288.972s][info][gc,cpu         ] GC(1026) User=0.00s Sys=0.00s Real=0.00s
[6288.972s][info][gc,marking     ] GC(1026) Concurrent Clear Claimed Marks
[6288.972s][info][gc,marking     ] GC(1026) Concurrent Clear Claimed Marks 0.048ms
[6288.972s][info][gc,marking     ] GC(1026) Concurrent Cleanup for Next Mark
[6288.983s][info][gc,marking     ] GC(1026) Concurrent Cleanup for Next Mark 11.452ms
[6288.983s][info][gc             ] GC(1026) Concurrent Mark Cycle 2330.196ms
.[6290.004s][info][gc,start       ] GC(1027) Pause Young (Prepare Mixed) (G1 Evacuation Pause)
[6290.004s][info][gc,task        ] GC(1027) Using 8 workers of 8 for evacuation
[6290.157s][info][gc,phases      ] GC(1027)   Pre Evacuate Collection Set: 0.22ms
[6290.157s][info][gc,phases      ] GC(1027)   Merge Heap Roots: 0.64ms
[6290.157s][info][gc,phases      ] GC(1027)   Evacuate Collection Set: 151.66ms
[6290.157s][info][gc,phases      ] GC(1027)   Post Evacuate Collection Set: 1.09ms
[6290.157s][info][gc,phases      ] GC(1027)   Other: 0.07ms
[6290.157s][info][gc,heap        ] GC(1027) Eden regions: 540->0(571)
[6290.157s][info][gc,heap        ] GC(1027) Survivor regions: 42->43(73)
[6290.157s][info][gc,heap        ] GC(1027) Old regions: 242->250
[6290.157s][info][gc,heap        ] GC(1027) Humongous regions: 33->33
[6290.157s][info][gc,metaspace   ] GC(1027) Metaspace: 29946K(30400K)->29946K(30400K) NonClass: 24537K(24768K)->24537K(24768K) Class: 5408K(5632K)->5408K(5632K)
[6290.157s][info][gc             ] GC(1027) Pause Young (Prepare Mixed) (G1 Evacuation Pause) 6839M->2591M(8192M) 153.825ms
[6290.158s][info][gc,cpu         ] GC(1027) User=1.22s Sys=0.00s Real=0.16s
...[6293.193s][info][gc,start       ] GC(1028) Pause Young (Mixed) (G1 Evacuation Pause)
[6293.193s][info][gc,task        ] GC(1028) Using 8 workers of 8 for evacuation
[6293.354s][info][gc,phases      ] GC(1028)   Pre Evacuate Collection Set: 0.26ms
[6293.354s][info][gc,phases      ] GC(1028)   Merge Heap Roots: 0.76ms
[6293.354s][info][gc,phases      ] GC(1028)   Evacuate Collection Set: 158.93ms
[6293.354s][info][gc,phases      ] GC(1028)   Post Evacuate Collection Set: 1.22ms
[6293.354s][info][gc,phases      ] GC(1028)   Other: 0.08ms
[6293.354s][info][gc,heap        ] GC(1028) Eden regions: 571->0(570)
[6293.354s][info][gc,heap        ] GC(1028) Survivor regions: 43->44(77)
[6293.354s][info][gc,heap        ] GC(1028) Old regions: 250->155
[6293.354s][info][gc,heap        ] GC(1028) Humongous regions: 33->33
[6293.354s][info][gc,metaspace   ] GC(1028) Metaspace: 29946K(30400K)->29946K(30400K) NonClass: 24537K(24768K)->24537K(24768K) Class: 5408K(5632K)->5408K(5632K)
[6293.354s][info][gc             ] GC(1028) Pause Young (Mixed) (G1 Evacuation Pause) 7159M->1843M(8192M) 161.385ms
[6293.354s][info][gc,cpu         ] GC(1028) User=1.28s Sys=0.00s Real=0.16s
...[6296.573s][info][gc,start       ] GC(1029) Pause Young (Mixed) (G1 Evacuation Pause)
[6296.573s][info][gc,task        ] GC(1029) Using 8 workers of 8 for evacuation
[6296.727s][info][gc,phases      ] GC(1029)   Pre Evacuate Collection Set: 0.24ms
[6296.727s][info][gc,phases      ] GC(1029)   Merge Heap Roots: 0.74ms
[6296.727s][info][gc,phases      ] GC(1029)   Evacuate Collection Set: 152.59ms
[6296.727s][info][gc,phases      ] GC(1029)   Post Evacuate Collection Set: 1.03ms
[6296.727s][info][gc,phases      ] GC(1029)   Other: 0.07ms
[6296.727s][info][gc,heap        ] GC(1029) Eden regions: 570->0(572)
[6296.727s][info][gc,heap        ] GC(1029) Survivor regions: 44->42(77)
[6296.727s][info][gc,heap        ] GC(1029) Old regions: 155->144
[6296.727s][info][gc,heap        ] GC(1029) Humongous regions: 33->33
[6296.727s][info][gc,metaspace   ] GC(1029) Metaspace: 29946K(30400K)->29946K(30400K) NonClass: 24537K(24768K)->24537K(24768K) Class: 5408K(5632K)->5408K(5632K)
[6296.728s][info][gc             ] GC(1029) Pause Young (Mixed) (G1 Evacuation Pause) 6403M->1738M(8192M) 154.804ms
[6296.728s][info][gc,cpu         ] GC(1029) User=1.23s Sys=0.00s Real=0.16s
...[6299.889s][info][gc,start       ] GC(1030) Pause Young (Normal) (G1 Evacuation Pause)
[6299.889s][info][gc,task        ] GC(1030) Using 8 workers of 8 for evacuation
[6300.040s][info][gc,phases      ] GC(1030)   Pre Evacuate Collection Set: 0.23ms
[6300.040s][info][gc,phases      ] GC(1030)   Merge Heap Roots: 0.51ms
[6300.040s][info][gc,phases      ] GC(1030)   Evacuate Collection Set: 148.82ms
[6300.040s][info][gc,phases      ] GC(1030)   Post Evacuate Collection Set: 1.01ms
[6300.040s][info][gc,phases      ] GC(1030)   Other: 0.06ms
[6300.040s][info][gc,heap        ] GC(1030) Eden regions: 572->0(570)
[6300.040s][info][gc,heap        ] GC(1030) Survivor regions: 42->44(77)
[6300.040s][info][gc,heap        ] GC(1030) Old regions: 144->152
[6300.040s][info][gc,heap        ] GC(1030) Humongous regions: 33->33
[6300.040s][info][gc,metaspace   ] GC(1030) Metaspace: 29946K(30400K)->29946K(30400K) NonClass: 24537K(24768K)->24537K(24768K) Class: 5408K(5632K)->5408K(5632K)
[6300.040s][info][gc             ] GC(1030) Pause Young (Normal) (G1 Evacuation Pause) 6314M->1812M(8192M) 150.767ms
[6300.040s][info][gc,cpu         ] GC(1030) User=1.19s Sys=0.00s Real=0.15s
....[6303.308s][info][gc,start       ] GC(1031) Pause Young (Normal) (G1 Evacuation Pause)
[6303.308s][info][gc,task        ] GC(1031) Using 8 workers of 8 for evacuation
[6303.465s][info][gc,phases      ] GC(1031)   Pre Evacuate Collection Set: 0.26ms
[6303.465s][info][gc,phases      ] GC(1031)   Merge Heap Roots: 0.59ms
[6303.465s][info][gc,phases      ] GC(1031)   Evacuate Collection Set: 154.92ms
[6303.465s][info][gc,phases      ] GC(1031)   Post Evacuate Collection Set: 1.00ms
[6303.465s][info][gc,phases      ] GC(1031)   Other: 0.06ms
[6303.465s][info][gc,heap        ] GC(1031) Eden regions: 570->0(569)
[6303.465s][info][gc,heap        ] GC(1031) Survivor regions: 44->45(77)
[6303.465s][info][gc,heap        ] GC(1031) Old regions: 152->159
[6303.465s][info][gc,heap        ] GC(1031) Humongous regions: 33->33
[6303.465s][info][gc,metaspace   ] GC(1031) Metaspace: 29946K(30400K)->29946K(30400K) NonClass: 24537K(24768K)->24537K(24768K) Class: 5408K(5632K)->5408K(5632K)
[6303.465s][info][gc             ] GC(1031) Pause Young (Normal) (G1 Evacuation Pause) 6372M->1874M(8192M) 156.989ms
[6303.465s][info][gc,cpu         ] GC(1031) User=1.24s Sys=0.00s Real=0.16s
...[6306.775s][info][gc,start       ] GC(1032) Pause Young (Normal) (G1 Evacuation Pause)
[6306.775s][info][gc,task        ] GC(1032) Using 8 workers of 8 for evacuation
[6306.923s][info][gc,phases      ] GC(1032)   Pre Evacuate Collection Set: 0.26ms
[6306.923s][info][gc,phases      ] GC(1032)   Merge Heap Roots: 0.53ms
[6306.923s][info][gc,phases      ] GC(1032)   Evacuate Collection Set: 146.35ms
[6306.924s][info][gc,phases      ] GC(1032)   Post Evacuate Collection Set: 0.98ms
[6306.924s][info][gc,phases      ] GC(1032)   Other: 0.08ms
[6306.924s][info][gc,heap        ] GC(1032) Eden regions: 569->0(570)
[6306.924s][info][gc,heap        ] GC(1032) Survivor regions: 45->44(77)
[6306.924s][info][gc,heap        ] GC(1032) Old regions: 159->166
[6306.924s][info][gc,heap        ] GC(1032) Humongous regions: 33->33
[6306.924s][info][gc,metaspace   ] GC(1032) Metaspace: 29946K(30400K)->29946K(30400K) NonClass: 24537K(24768K)->24537K(24768K) Class: 5408K(5632K)->5408K(5632K)
[6306.924s][info][gc             ] GC(1032) Pause Young (Normal) (G1 Evacuation Pause) 6426M->1924M(8192M) 148.331ms
[6306.924s][info][gc,cpu         ] GC(1032) User=1.18s Sys=0.00s Real=0.14s
....[6310.078s][info][gc,start       ] GC(1033) Pause Young (Normal) (G1 Evacuation Pause)
[6310.078s][info][gc,task        ] GC(1033) Using 8 workers of 8 for evacuation
[6310.229s][info][gc,phases      ] GC(1033)   Pre Evacuate Collection Set: 0.23ms
[6310.229s][info][gc,phases      ] GC(1033)   Merge Heap Roots: 0.50ms
[6310.229s][info][gc,phases      ] GC(1033)   Evacuate Collection Set: 148.98ms
[6310.229s][info][gc,phases      ] GC(1033)   Post Evacuate Collection Set: 1.06ms
[6310.229s][info][gc,phases      ] GC(1033)   Other: 0.08ms
[6310.229s][info][gc,heap        ] GC(1033) Eden regions: 570->0(570)
[6310.229s][info][gc,heap        ] GC(1033) Survivor regions: 44->44(77)
[6310.229s][info][gc,heap        ] GC(1033) Old regions: 166->173
[6310.229s][info][gc,heap        ] GC(1033) Humongous regions: 33->33
[6310.229s][info][gc,metaspace   ] GC(1033) Metaspace: 29946K(30400K)->29946K(30400K) NonClass: 24537K(24768K)->24537K(24768K) Class: 5408K(5632K)->5408K(5632K)
[6310.229s][info][gc             ] GC(1033) Pause Young (Normal) (G1 Evacuation Pause) 6484M->1981M(8192M) 150.977ms
[6310.229s][info][gc,cpu         ] GC(1033) User=1.20s Sys=0.00s Real=0.15s
...[6313.465s][info][gc,start       ] GC(1034) Pause Young (Normal) (G1 Evacuation Pause)
[6313.465s][info][gc,task        ] GC(1034) Using 8 workers of 8 for evacuation
[6313.615s][info][gc,phases      ] GC(1034)   Pre Evacuate Collection Set: 0.22ms
[6313.615s][info][gc,phases      ] GC(1034)   Merge Heap Roots: 0.51ms
[6313.615s][info][gc,phases      ] GC(1034)   Evacuate Collection Set: 148.13ms
[6313.615s][info][gc,phases      ] GC(1034)   Post Evacuate Collection Set: 1.00ms
[6313.615s][info][gc,phases      ] GC(1034)   Other: 0.06ms
[6313.615s][info][gc,heap        ] GC(1034) Eden regions: 570->0(571)
[6313.615s][info][gc,heap        ] GC(1034) Survivor regions: 44->43(77)
[6313.615s][info][gc,heap        ] GC(1034) Old regions: 173->180
[6313.615s][info][gc,heap        ] GC(1034) Humongous regions: 33->33
[6313.615s][info][gc,metaspace   ] GC(1034) Metaspace: 29946K(30400K)->29946K(30400K) NonClass: 24537K(24768K)->24537K(24768K) Class: 5408K(5632K)->5408K(5632K)
[6313.615s][info][gc             ] GC(1034) Pause Young (Normal) (G1 Evacuation Pause) 6541M->2033M(8192M) 150.066ms
[6313.615s][info][gc,cpu         ] GC(1034) User=1.19s Sys=0.00s Real=0.15s
...[6316.859s][info][gc,start       ] GC(1035) Pause Young (Normal) (G1 Evacuation Pause)
[6316.859s][info][gc,task        ] GC(1035) Using 8 workers of 8 for evacuation
[6317.013s][info][gc,phases      ] GC(1035)   Pre Evacuate Collection Set: 0.26ms
[6317.013s][info][gc,phases      ] GC(1035)   Merge Heap Roots: 0.53ms
[6317.013s][info][gc,phases      ] GC(1035)   Evacuate Collection Set: 151.61ms
[6317.013s][info][gc,phases      ] GC(1035)   Post Evacuate Collection Set: 1.05ms
[6317.013s][info][gc,phases      ] GC(1035)   Other: 0.06ms
[6317.013s][info][gc,heap        ] GC(1035) Eden regions: 571->0(570)
[6317.013s][info][gc,heap        ] GC(1035) Survivor regions: 43->44(77)
[6317.013s][info][gc,heap        ] GC(1035) Old regions: 180->187
[6317.013s][info][gc,heap        ] GC(1035) Humongous regions: 33->33
[6317.013s][info][gc,metaspace   ] GC(1035) Metaspace: 29946K(30400K)->29946K(30400K) NonClass: 24537K(24768K)->24537K(24768K) Class: 5408K(5632K)->5408K(5632K)
[6317.013s][info][gc             ] GC(1035) Pause Young (Normal) (G1 Evacuation Pause) 6601M->2093M(8192M) 153.652ms
[6317.013s][info][gc,cpu         ] GC(1035) User=1.21s Sys=0.00s Real=0.15s
....[6320.249s][info][gc,start       ] GC(1036) Pause Young (Normal) (G1 Evacuation Pause)
[6320.249s][info][gc,task        ] GC(1036) Using 8 workers of 8 for evacuation
[6320.404s][info][gc,phases      ] GC(1036)   Pre Evacuate Collection Set: 0.23ms
[6320.404s][info][gc,phases      ] GC(1036)   Merge Heap Roots: 0.51ms
[6320.404s][info][gc,phases      ] GC(1036)   Evacuate Collection Set: 152.44ms
[6320.404s][info][gc,phases      ] GC(1036)   Post Evacuate Collection Set: 1.02ms
[6320.404s][info][gc,phases      ] GC(1036)   Other: 0.06ms
[6320.404s][info][gc,heap        ] GC(1036) Eden regions: 570->0(570)
[6320.404s][info][gc,heap        ] GC(1036) Survivor regions: 44->44(77)
[6320.404s][info][gc,heap        ] GC(1036) Old regions: 187->194
[6320.404s][info][gc,heap        ] GC(1036) Humongous regions: 33->33
[6320.404s][info][gc,metaspace   ] GC(1036) Metaspace: 29946K(30400K)->29946K(30400K) NonClass: 24537K(24768K)->24537K(24768K) Class: 5408K(5632K)->5408K(5632K)
[6320.404s][info][gc             ] GC(1036) Pause Young (Normal) (G1 Evacuation Pause) 6653M->2151M(8192M) 154.400ms
[6320.404s][info][gc,cpu         ] GC(1036) User=1.23s Sys=0.00s Real=0.15s
...[6323.666s][info][gc,start       ] GC(1037) Pause Young (Normal) (G1 Evacuation Pause)
[6323.666s][info][gc,task        ] GC(1037) Using 8 workers of 8 for evacuation
[6323.821s][info][gc,phases      ] GC(1037)   Pre Evacuate Collection Set: 0.22ms
[6323.821s][info][gc,phases      ] GC(1037)   Merge Heap Roots: 0.48ms
[6323.821s][info][gc,phases      ] GC(1037)   Evacuate Collection Set: 153.56ms
[6323.821s][info][gc,phases      ] GC(1037)   Post Evacuate Collection Set: 0.97ms
[6323.821s][info][gc,phases      ] GC(1037)   Other: 0.06ms
[6323.821s][info][gc,heap        ] GC(1037) Eden regions: 570->0(570)
[6323.821s][info][gc,heap        ] GC(1037) Survivor regions: 44->44(77)
[6323.821s][info][gc,heap        ] GC(1037) Old regions: 194->202
[6323.821s][info][gc,heap        ] GC(1037) Humongous regions: 33->33
[6323.821s][info][gc,metaspace   ] GC(1037) Metaspace: 29946K(30400K)->29946K(30400K) NonClass: 24537K(24768K)->24537K(24768K) Class: 5408K(5632K)->5408K(5632K)
[6323.821s][info][gc             ] GC(1037) Pause Young (Normal) (G1 Evacuation Pause) 6711M->2214M(8192M) 155.433ms
[6323.821s][info][gc,cpu         ] GC(1037) User=1.24s Sys=0.00s Real=0.15s
. (rIR:aIR:PR = 11226:11269:11251) (tPR = 167490) [OK] 
  6324s: Performance info:
         Transaction,    Success,    Partial,     Failed,   Receipts, AvgBarcode, 
             Overall,     676637,          0,          0,     643208,      59.47, 
         Response times:
             Request,    Success,    Partial,     Failed,   SkipFail,     Probes,    Samples,      min,      p50,      p90,      p95,      p99,      max, 
       TotalPurchase,     644098,          0,          0,          0,     350611,     385356,      300,    12700,   129000,   178000,   323000,  3100000,
     InStorePurchase,     339486,          0,          0,          0,     184354,     202674,      300,    12600,   131000,   178000,   323000,  2900000,
      OnlinePurchase,     237241,          0,          0,          0,     129049,     141827,      300,    12800,   125000,   179000,   321720,  3100000,
        InstPurchase,      67371,          0,          0,          0,      37208,      40855,      400,    12600,   126000,   177000,   326000,  2900000,
          AssocOfCat,        674,          0,          0,          0,        569,        747,    32000,    73000,   209200,   246000,   401600,   464000,
      AssocOfProduct,       6763,          0,          0,          0,       3903,       4473,      400,    13500,   124000,   174300,   335820,   860000,
      BusinessReport,       1693,          0,          0,          0,       1530,       1862,    36000,    80000,   211000,   278550,   415370,  1100000,
          CustBuyBeh,       6684,          0,          0,          0,       4016,       4627,      800,    12500,   138000,   181000,   340440,   930000,
       ProductReturn,      17770,          0,          0,          0,      10050,      11122,      200,    13200,   131000,   182000,   343000,   950000,

  6324s: (80%)   IR =  11368 ..[6327.095s][info][gc,start       ] GC(1038) Pause Young (Normal) (G1 Evacuation Pause)
[6327.095s][info][gc,task        ] GC(1038) Using 8 workers of 8 for evacuation
[6327.250s][info][gc,phases      ] GC(1038)   Pre Evacuate Collection Set: 0.22ms
[6327.250s][info][gc,phases      ] GC(1038)   Merge Heap Roots: 0.50ms
[6327.250s][info][gc,phases      ] GC(1038)   Evacuate Collection Set: 152.75ms
[6327.250s][info][gc,phases      ] GC(1038)   Post Evacuate Collection Set: 1.04ms
[6327.250s][info][gc,phases      ] GC(1038)   Other: 0.07ms
[6327.250s][info][gc,heap        ] GC(1038) Eden regions: 570->0(570)
[6327.250s][info][gc,heap        ] GC(1038) Survivor regions: 44->44(77)
[6327.250s][info][gc,heap        ] GC(1038) Old regions: 202->209
[6327.250s][info][gc,heap        ] GC(1038) Humongous regions: 33->33
[6327.250s][info][gc,metaspace   ] GC(1038) Metaspace: 29946K(30400K)->29946K(30400K) NonClass: 24537K(24768K)->24537K(24768K) Class: 5408K(5632K)->5408K(5632K)
[6327.250s][info][gc             ] GC(1038) Pause Young (Normal) (G1 Evacuation Pause) 6774M->2271M(8192M) 154.715ms
[6327.250s][info][gc,cpu         ] GC(1038) User=1.23s Sys=0.00s Real=0.15s
....[6330.425s][info][gc,start       ] GC(1039) Pause Young (Normal) (G1 Evacuation Pause)
[6330.425s][info][gc,task        ] GC(1039) Using 8 workers of 8 for evacuation
[6330.584s][info][gc,phases      ] GC(1039)   Pre Evacuate Collection Set: 0.22ms
[6330.584s][info][gc,phases      ] GC(1039)   Merge Heap Roots: 0.49ms
[6330.584s][info][gc,phases      ] GC(1039)   Evacuate Collection Set: 157.05ms
[6330.584s][info][gc,phases      ] GC(1039)   Post Evacuate Collection Set: 1.03ms
[6330.584s][info][gc,phases      ] GC(1039)   Other: 0.06ms
[6330.584s][info][gc,heap        ] GC(1039) Eden regions: 570->0(568)
[6330.584s][info][gc,heap        ] GC(1039) Survivor regions: 44->46(77)
[6330.584s][info][gc,heap        ] GC(1039) Old regions: 209->216
[6330.584s][info][gc,heap        ] GC(1039) Humongous regions: 33->33
[6330.584s][info][gc,metaspace   ] GC(1039) Metaspace: 29946K(30400K)->29946K(30400K) NonClass: 24537K(24768K)->24537K(24768K) Class: 5408K(5632K)->5408K(5632K)
[6330.584s][info][gc             ] GC(1039) Pause Young (Normal) (G1 Evacuation Pause) 6831M->2341M(8192M) 158.981ms
[6330.584s][info][gc,cpu         ] GC(1039) User=1.26s Sys=0.00s Real=0.15s
.|..[6333.835s][info][gc,start       ] GC(1040) Pause Young (Normal) (G1 Evacuation Pause)
[6333.835s][info][gc,task        ] GC(1040) Using 8 workers of 8 for evacuation
[6333.992s][info][gc,phases      ] GC(1040)   Pre Evacuate Collection Set: 0.25ms
[6333.992s][info][gc,phases      ] GC(1040)   Merge Heap Roots: 0.50ms
[6333.992s][info][gc,phases      ] GC(1040)   Evacuate Collection Set: 155.14ms
[6333.992s][info][gc,phases      ] GC(1040)   Post Evacuate Collection Set: 1.00ms
[6333.992s][info][gc,phases      ] GC(1040)   Other: 0.06ms
[6333.992s][info][gc,heap        ] GC(1040) Eden regions: 568->0(569)
[6333.992s][info][gc,heap        ] GC(1040) Survivor regions: 46->45(77)
[6333.992s][info][gc,heap        ] GC(1040) Old regions: 216->223
[6333.992s][info][gc,heap        ] GC(1040) Humongous regions: 33->33
[6333.993s][info][gc,metaspace   ] GC(1040) Metaspace: 29946K(30400K)->29946K(30400K) NonClass: 24537K(24768K)->24537K(24768K) Class: 5408K(5632K)->5408K(5632K)
[6333.993s][info][gc             ] GC(1040) Pause Young (Normal) (G1 Evacuation Pause) 6885M->2393M(8192M) 157.112ms
[6333.993s][info][gc,cpu         ] GC(1040) User=1.24s Sys=0.00s Real=0.15s
...[6337.125s][info][gc,start       ] GC(1041) Pause Young (Normal) (G1 Evacuation Pause)
[6337.125s][info][gc,task        ] GC(1041) Using 8 workers of 8 for evacuation
[6337.279s][info][gc,phases      ] GC(1041)   Pre Evacuate Collection Set: 0.23ms
[6337.279s][info][gc,phases      ] GC(1041)   Merge Heap Roots: 0.53ms
[6337.279s][info][gc,phases      ] GC(1041)   Evacuate Collection Set: 151.96ms
[6337.279s][info][gc,phases      ] GC(1041)   Post Evacuate Collection Set: 1.02ms
[6337.279s][info][gc,phases      ] GC(1041)   Other: 0.07ms
[6337.279s][info][gc,heap        ] GC(1041) Eden regions: 569->0(571)
[6337.279s][info][gc,heap        ] GC(1041) Survivor regions: 45->43(77)
[6337.279s][info][gc,heap        ] GC(1041) Old regions: 223->231
[6337.279s][info][gc,heap        ] GC(1041) Humongous regions: 33->33
[6337.279s][info][gc,metaspace   ] GC(1041) Metaspace: 29946K(30400K)->29946K(30400K) NonClass: 24537K(24768K)->24537K(24768K) Class: 5408K(5632K)->5408K(5632K)
[6337.279s][info][gc             ] GC(1041) Pause Young (Normal) (G1 Evacuation Pause) 6945M->2438M(8192M) 153.938ms
[6337.279s][info][gc,cpu         ] GC(1041) User=1.22s Sys=0.00s Real=0.15s
....[6340.489s][info][gc,start       ] GC(1042) Pause Young (Normal) (G1 Evacuation Pause)
[6340.489s][info][gc,task        ] GC(1042) Using 8 workers of 8 for evacuation
[6340.640s][info][gc,phases      ] GC(1042)   Pre Evacuate Collection Set: 0.23ms
[6340.640s][info][gc,phases      ] GC(1042)   Merge Heap Roots: 0.49ms
[6340.640s][info][gc,phases      ] GC(1042)   Evacuate Collection Set: 149.52ms
[6340.640s][info][gc,phases      ] GC(1042)   Post Evacuate Collection Set: 0.99ms
[6340.640s][info][gc,phases      ] GC(1042)   Other: 0.07ms
[6340.640s][info][gc,heap        ] GC(1042) Eden regions: 571->0(571)
[6340.640s][info][gc,heap        ] GC(1042) Survivor regions: 43->43(77)
[6340.640s][info][gc,heap        ] GC(1042) Old regions: 231->238
[6340.640s][info][gc,heap        ] GC(1042) Humongous regions: 33->33
[6340.640s][info][gc,metaspace   ] GC(1042) Metaspace: 29946K(30400K)->29946K(30400K) NonClass: 24537K(24768K)->24537K(24768K) Class: 5408K(5632K)->5408K(5632K)
[6340.640s][info][gc             ] GC(1042) Pause Young (Normal) (G1 Evacuation Pause) 7006M->2495M(8192M) 151.436ms
[6340.640s][info][gc,cpu         ] GC(1042) User=1.20s Sys=0.00s Real=0.15s
...[6343.912s][info][gc,start       ] GC(1043) Pause Young (Normal) (G1 Evacuation Pause)
[6343.912s][info][gc,task        ] GC(1043) Using 8 workers of 8 for evacuation
[6344.068s][info][gc,phases      ] GC(1043)   Pre Evacuate Collection Set: 0.22ms
[6344.068s][info][gc,phases      ] GC(1043)   Merge Heap Roots: 0.52ms
[6344.068s][info][gc,phases      ] GC(1043)   Evacuate Collection Set: 154.57ms
[6344.068s][info][gc,phases      ] GC(1043)   Post Evacuate Collection Set: 1.00ms
[6344.068s][info][gc,phases      ] GC(1043)   Other: 0.06ms
[6344.068s][info][gc,heap        ] GC(1043) Eden regions: 571->0(569)
[6344.068s][info][gc,heap        ] GC(1043) Survivor regions: 43->45(77)
[6344.068s][info][gc,heap        ] GC(1043) Old regions: 238->245
[6344.068s][info][gc,heap        ] GC(1043) Humongous regions: 33->33
[6344.068s][info][gc,metaspace   ] GC(1043) Metaspace: 29946K(30400K)->29946K(30400K) NonClass: 24537K(24768K)->24537K(24768K) Class: 5408K(5632K)->5408K(5632K)
[6344.068s][info][gc             ] GC(1043) Pause Young (Normal) (G1 Evacuation Pause) 7063M->2566M(8192M) 156.516ms
[6344.068s][info][gc,cpu         ] GC(1043) User=1.25s Sys=0.00s Real=0.16s
...[6347.132s][info][gc,start       ] GC(1044) Pause Young (Normal) (G1 Evacuation Pause)
[6347.132s][info][gc,task        ] GC(1044) Using 8 workers of 8 for evacuation
[6347.289s][info][gc,phases      ] GC(1044)   Pre Evacuate Collection Set: 0.23ms
[6347.289s][info][gc,phases      ] GC(1044)   Merge Heap Roots: 0.49ms
[6347.289s][info][gc,phases      ] GC(1044)   Evacuate Collection Set: 154.92ms
[6347.289s][info][gc,phases      ] GC(1044)   Post Evacuate Collection Set: 1.02ms
[6347.289s][info][gc,phases      ] GC(1044)   Other: 0.06ms
[6347.289s][info][gc,heap        ] GC(1044) Eden regions: 569->0(569)
[6347.289s][info][gc,heap        ] GC(1044) Survivor regions: 45->45(77)
[6347.289s][info][gc,heap        ] GC(1044) Old regions: 245->252
[6347.289s][info][gc,heap        ] GC(1044) Humongous regions: 33->33
[6347.289s][info][gc,metaspace   ] GC(1044) Metaspace: 29946K(30400K)->29946K(30400K) NonClass: 24537K(24768K)->24537K(24768K) Class: 5408K(5632K)->5408K(5632K)
[6347.289s][info][gc             ] GC(1044) Pause Young (Normal) (G1 Evacuation Pause) 7118M->2627M(8192M) 156.852ms
[6347.289s][info][gc,cpu         ] GC(1044) User=1.24s Sys=0.00s Real=0.16s
....[6350.484s][info][gc,start       ] GC(1045) Pause Young (Normal) (G1 Evacuation Pause)
[6350.484s][info][gc,task        ] GC(1045) Using 8 workers of 8 for evacuation
[6350.636s][info][gc,phases      ] GC(1045)   Pre Evacuate Collection Set: 0.23ms
[6350.636s][info][gc,phases      ] GC(1045)   Merge Heap Roots: 0.52ms
[6350.636s][info][gc,phases      ] GC(1045)   Evacuate Collection Set: 150.71ms
[6350.636s][info][gc,phases      ] GC(1045)   Post Evacuate Collection Set: 1.01ms
[6350.636s][info][gc,phases      ] GC(1045)   Other: 0.07ms
[6350.636s][info][gc,heap        ] GC(1045) Eden regions: 569->0(571)
[6350.636s][info][gc,heap        ] GC(1045) Survivor regions: 45->43(77)
[6350.636s][info][gc,heap        ] GC(1045) Old regions: 252->260
[6350.636s][info][gc,heap        ] GC(1045) Humongous regions: 33->33
[6350.636s][info][gc,metaspace   ] GC(1045) Metaspace: 29946K(30400K)->29946K(30400K) NonClass: 24537K(24768K)->24537K(24768K) Class: 5408K(5632K)->5408K(5632K)
[6350.636s][info][gc             ] GC(1045) Pause Young (Normal) (G1 Evacuation Pause) 7179M->2668M(8192M) 152.670ms
[6350.636s][info][gc,cpu         ] GC(1045) User=1.20s Sys=0.00s Real=0.16s
...[6353.955s][info][gc,start       ] GC(1046) Pause Young (Normal) (G1 Evacuation Pause)
[6353.955s][info][gc,task        ] GC(1046) Using 8 workers of 8 for evacuation
[6354.111s][info][gc,phases      ] GC(1046)   Pre Evacuate Collection Set: 0.26ms
[6354.111s][info][gc,phases      ] GC(1046)   Merge Heap Roots: 0.52ms
[6354.111s][info][gc,phases      ] GC(1046)   Evacuate Collection Set: 153.69ms
[6354.111s][info][gc,phases      ] GC(1046)   Post Evacuate Collection Set: 1.00ms
[6354.111s][info][gc,phases      ] GC(1046)   Other: 0.07ms
[6354.111s][info][gc,heap        ] GC(1046) Eden regions: 571->0(569)
[6354.111s][info][gc,heap        ] GC(1046) Survivor regions: 43->45(77)
[6354.111s][info][gc,heap        ] GC(1046) Old regions: 260->267
[6354.111s][info][gc,heap        ] GC(1046) Humongous regions: 33->33
[6354.111s][info][gc,metaspace   ] GC(1046) Metaspace: 29946K(30400K)->29946K(30400K) NonClass: 24537K(24768K)->24537K(24768K) Class: 5408K(5632K)->5408K(5632K)
[6354.111s][info][gc             ] GC(1046) Pause Young (Normal) (G1 Evacuation Pause) 7236M->2738M(8192M) 155.669ms
[6354.111s][info][gc,cpu         ] GC(1046) User=1.24s Sys=0.00s Real=0.15s
....[6357.468s][info][gc,start       ] GC(1047) Pause Young (Normal) (G1 Evacuation Pause)
[6357.468s][info][gc,task        ] GC(1047) Using 8 workers of 8 for evacuation
[6357.623s][info][gc,phases      ] GC(1047)   Pre Evacuate Collection Set: 0.23ms
[6357.623s][info][gc,phases      ] GC(1047)   Merge Heap Roots: 0.50ms
[6357.623s][info][gc,phases      ] GC(1047)   Evacuate Collection Set: 152.67ms
[6357.623s][info][gc,phases      ] GC(1047)   Post Evacuate Collection Set: 1.00ms
[6357.623s][info][gc,phases      ] GC(1047)   Other: 0.06ms
[6357.623s][info][gc,heap        ] GC(1047) Eden regions: 569->0(570)
[6357.623s][info][gc,heap        ] GC(1047) Survivor regions: 45->44(77)
[6357.623s][info][gc,heap        ] GC(1047) Old regions: 267->274
[6357.623s][info][gc,heap        ] GC(1047) Humongous regions: 33->33
[6357.623s][info][gc,metaspace   ] GC(1047) Metaspace: 29946K(30400K)->29946K(30400K) NonClass: 24537K(24768K)->24537K(24768K) Class: 5408K(5632K)->5408K(5632K)
[6357.623s][info][gc             ] GC(1047) Pause Young (Normal) (G1 Evacuation Pause) 7290M->2792M(8192M) 154.597ms
[6357.623s][info][gc,cpu         ] GC(1047) User=1.23s Sys=0.00s Real=0.15s
...[6360.800s][info][gc,start       ] GC(1048) Pause Young (Normal) (G1 Evacuation Pause)
[6360.800s][info][gc,task        ] GC(1048) Using 8 workers of 8 for evacuation
[6360.953s][info][gc,phases      ] GC(1048)   Pre Evacuate Collection Set: 0.22ms
[6360.953s][info][gc,phases      ] GC(1048)   Merge Heap Roots: 0.48ms
[6360.953s][info][gc,phases      ] GC(1048)   Evacuate Collection Set: 151.43ms
[6360.953s][info][gc,phases      ] GC(1048)   Post Evacuate Collection Set: 0.99ms
[6360.953s][info][gc,phases      ] GC(1048)   Other: 0.06ms
[6360.954s][info][gc,heap        ] GC(1048) Eden regions: 570->0(570)
[6360.954s][info][gc,heap        ] GC(1048) Survivor regions: 44->44(77)
[6360.954s][info][gc,heap        ] GC(1048) Old regions: 274->281
[6360.954s][info][gc,heap        ] GC(1048) Humongous regions: 33->33
[6360.954s][info][gc,metaspace   ] GC(1048) Metaspace: 29946K(30400K)->29946K(30400K) NonClass: 24537K(24768K)->24537K(24768K) Class: 5408K(5632K)->5408K(5632K)
[6360.954s][info][gc             ] GC(1048) Pause Young (Normal) (G1 Evacuation Pause) 7352M->2844M(8192M) 153.314ms
[6360.954s][info][gc,cpu         ] GC(1048) User=1.21s Sys=0.00s Real=0.15s
...[6364.207s][info][gc,start       ] GC(1049) Pause Young (Normal) (G1 Evacuation Pause)
[6364.207s][info][gc,task        ] GC(1049) Using 8 workers of 8 for evacuation
[6364.358s][info][gc,phases      ] GC(1049)   Pre Evacuate Collection Set: 0.22ms
[6364.358s][info][gc,phases      ] GC(1049)   Merge Heap Roots: 0.50ms
[6364.358s][info][gc,phases      ] GC(1049)   Evacuate Collection Set: 149.67ms
[6364.358s][info][gc,phases      ] GC(1049)   Post Evacuate Collection Set: 0.98ms
[6364.358s][info][gc,phases      ] GC(1049)   Other: 0.07ms
[6364.358s][info][gc,heap        ] GC(1049) Eden regions: 570->0(563)
[6364.358s][info][gc,heap        ] GC(1049) Survivor regions: 44->44(77)
[6364.358s][info][gc,heap        ] GC(1049) Old regions: 281->288
[6364.358s][info][gc,heap        ] GC(1049) Humongous regions: 33->33
[6364.358s][info][gc,metaspace   ] GC(1049) Metaspace: 29946K(30400K)->29946K(30400K) NonClass: 24537K(24768K)->24537K(24768K) Class: 5408K(5632K)->5408K(5632K)
[6364.358s][info][gc             ] GC(1049) Pause Young (Normal) (G1 Evacuation Pause) 7404M->2903M(8192M) 151.574ms
[6364.358s][info][gc,cpu         ] GC(1049) User=1.20s Sys=0.00s Real=0.15s
....[6367.553s][info][gc,start       ] GC(1050) Pause Young (Normal) (G1 Evacuation Pause)
[6367.553s][info][gc,task        ] GC(1050) Using 8 workers of 8 for evacuation
[6367.700s][info][gc,phases      ] GC(1050)   Pre Evacuate Collection Set: 0.24ms
[6367.700s][info][gc,phases      ] GC(1050)   Merge Heap Roots: 0.52ms
[6367.700s][info][gc,phases      ] GC(1050)   Evacuate Collection Set: 144.80ms
[6367.700s][info][gc,phases      ] GC(1050)   Post Evacuate Collection Set: 0.99ms
[6367.700s][info][gc,phases      ] GC(1050)   Other: 0.06ms
[6367.700s][info][gc,heap        ] GC(1050) Eden regions: 563->0(560)
[6367.700s][info][gc,heap        ] GC(1050) Survivor regions: 44->42(76)
[6367.700s][info][gc,heap        ] GC(1050) Old regions: 288->295
[6367.700s][info][gc,heap        ] GC(1050) Humongous regions: 33->33
[6367.700s][info][gc,metaspace   ] GC(1050) Metaspace: 29946K(30400K)->29946K(30400K) NonClass: 24537K(24768K)->24537K(24768K) Class: 5408K(5632K)->5408K(5632K)
[6367.700s][info][gc             ] GC(1050) Pause Young (Normal) (G1 Evacuation Pause) 7407M->2944M(8192M) 146.760ms
[6367.700s][info][gc,cpu         ] GC(1050) User=1.16s Sys=0.00s Real=0.15s
...[6370.870s][info][gc,start       ] GC(1051) Pause Young (Normal) (G1 Evacuation Pause)
[6370.870s][info][gc,task        ] GC(1051) Using 8 workers of 8 for evacuation
[6371.029s][info][gc,phases      ] GC(1051)   Pre Evacuate Collection Set: 0.23ms
[6371.029s][info][gc,phases      ] GC(1051)   Merge Heap Roots: 0.50ms
[6371.029s][info][gc,phases      ] GC(1051)   Evacuate Collection Set: 157.25ms
[6371.029s][info][gc,phases      ] GC(1051)   Post Evacuate Collection Set: 0.99ms
[6371.029s][info][gc,phases      ] GC(1051)   Other: 0.06ms
[6371.029s][info][gc,heap        ] GC(1051) Eden regions: 560->0(546)
[6371.029s][info][gc,heap        ] GC(1051) Survivor regions: 42->45(76)
[6371.029s][info][gc,heap        ] GC(1051) Old regions: 295->303
[6371.029s][info][gc,heap        ] GC(1051) Humongous regions: 33->33
[6371.029s][info][gc,metaspace   ] GC(1051) Metaspace: 29946K(30400K)->29946K(30400K) NonClass: 24537K(24768K)->24537K(24768K) Class: 5408K(5632K)->5408K(5632K)
[6371.029s][info][gc             ] GC(1051) Pause Young (Normal) (G1 Evacuation Pause) 7424M->3028M(8192M) 159.150ms
[6371.029s][info][gc,cpu         ] GC(1051) User=1.27s Sys=0.00s Real=0.16s
...[6374.088s][info][gc,start       ] GC(1052) Pause Young (Concurrent Start) (G1 Evacuation Pause)
[6374.088s][info][gc,task        ] GC(1052) Using 8 workers of 8 for evacuation
[6374.243s][info][gc,phases      ] GC(1052)   Pre Evacuate Collection Set: 0.27ms
[6374.243s][info][gc,phases      ] GC(1052)   Merge Heap Roots: 0.47ms
[6374.243s][info][gc,phases      ] GC(1052)   Evacuate Collection Set: 153.70ms
[6374.243s][info][gc,phases      ] GC(1052)   Post Evacuate Collection Set: 1.00ms
[6374.243s][info][gc,phases      ] GC(1052)   Other: 0.08ms
[6374.243s][info][gc,heap        ] GC(1052) Eden regions: 546->0(541)
[6374.243s][info][gc,heap        ] GC(1052) Survivor regions: 45->44(74)
[6374.243s][info][gc,heap        ] GC(1052) Old regions: 303->310
[6374.243s][info][gc,heap        ] GC(1052) Humongous regions: 33->33
[6374.243s][info][gc,metaspace   ] GC(1052) Metaspace: 29946K(30400K)->29946K(30400K) NonClass: 24537K(24768K)->24537K(24768K) Class: 5408K(5632K)->5408K(5632K)
[6374.243s][info][gc             ] GC(1052) Pause Young (Concurrent Start) (G1 Evacuation Pause) 7396M->3079M(8192M) 155.663ms
[6374.243s][info][gc             ] GC(1053) Concurrent Mark Cycle
[6374.243s][info][gc,marking     ] GC(1053) Concurrent Scan Root Regions
[6374.243s][info][gc,cpu         ] GC(1052) User=1.24s Sys=0.00s Real=0.15s
.[6374.687s][info][gc,marking     ] GC(1053) Concurrent Scan Root Regions 443.370ms
[6374.687s][info][gc,marking     ] GC(1053) Concurrent Mark
[6374.687s][info][gc,marking     ] GC(1053) Concurrent Mark From Roots
[6374.687s][info][gc,task        ] GC(1053) Using 2 workers of 2 for marking
.[6376.228s][info][gc,marking     ] GC(1053) Concurrent Mark From Roots 1541.220ms
[6376.228s][info][gc,marking     ] GC(1053) Concurrent Preclean
[6376.228s][info][gc,marking     ] GC(1053) Concurrent Preclean 0.070ms
[6376.228s][info][gc,start       ] GC(1053) Pause Remark
[6376.230s][info][gc             ] GC(1053) Pause Remark 5359M->4799M(8192M) 1.454ms
[6376.230s][info][gc,cpu         ] GC(1053) User=0.01s Sys=0.00s Real=0.00s
[6376.230s][info][gc,marking     ] GC(1053) Concurrent Mark 1543.021ms
[6376.230s][info][gc,marking     ] GC(1053) Concurrent Rebuild Remembered Sets and Scrub Regions
.[6376.999s][info][gc,marking     ] GC(1053) Concurrent Rebuild Remembered Sets and Scrub Regions 768.980ms
[6376.999s][info][gc,start       ] GC(1053) Pause Cleanup
[6376.999s][info][gc             ] GC(1053) Pause Cleanup 5815M->5815M(8192M) 0.252ms
[6376.999s][info][gc,cpu         ] GC(1053) User=0.00s Sys=0.00s Real=0.00s
[6376.999s][info][gc,marking     ] GC(1053) Concurrent Clear Claimed Marks
[6376.999s][info][gc,marking     ] GC(1053) Concurrent Clear Claimed Marks 0.041ms
[6376.999s][info][gc,marking     ] GC(1053) Concurrent Cleanup for Next Mark
[6377.011s][info][gc,marking     ] GC(1053) Concurrent Cleanup for Next Mark 12.100ms
[6377.012s][info][gc             ] GC(1053) Concurrent Mark Cycle 2768.166ms
.[6377.691s][info][gc,start       ] GC(1054) Pause Young (Prepare Mixed) (G1 Evacuation Pause)
[6377.691s][info][gc,task        ] GC(1054) Using 8 workers of 8 for evacuation
[6377.849s][info][gc,phases      ] GC(1054)   Pre Evacuate Collection Set: 0.23ms
[6377.849s][info][gc,phases      ] GC(1054)   Merge Heap Roots: 0.64ms
[6377.849s][info][gc,phases      ] GC(1054)   Evacuate Collection Set: 156.51ms
[6377.849s][info][gc,phases      ] GC(1054)   Post Evacuate Collection Set: 1.06ms
[6377.849s][info][gc,phases      ] GC(1054)   Other: 0.06ms
[6377.849s][info][gc,heap        ] GC(1054) Eden regions: 541->0(569)
[6377.849s][info][gc,heap        ] GC(1054) Survivor regions: 44->45(74)
[6377.849s][info][gc,heap        ] GC(1054) Old regions: 240->247
[6377.849s][info][gc,heap        ] GC(1054) Humongous regions: 33->33
[6377.849s][info][gc,metaspace   ] GC(1054) Metaspace: 29946K(30400K)->29946K(30400K) NonClass: 24537K(24768K)->24537K(24768K) Class: 5408K(5632K)->5408K(5632K)
[6377.849s][info][gc             ] GC(1054) Pause Young (Prepare Mixed) (G1 Evacuation Pause) 6847M->2587M(8192M) 158.638ms
[6377.849s][info][gc,cpu         ] GC(1054) User=1.26s Sys=0.00s Real=0.16s
...[6380.744s][info][gc,start       ] GC(1055) Pause Young (Mixed) (G1 Evacuation Pause)
[6380.744s][info][gc,task        ] GC(1055) Using 8 workers of 8 for evacuation
[6380.905s][info][gc,phases      ] GC(1055)   Pre Evacuate Collection Set: 0.25ms
[6380.905s][info][gc,phases      ] GC(1055)   Merge Heap Roots: 0.83ms
[6380.906s][info][gc,phases      ] GC(1055)   Evacuate Collection Set: 159.21ms
[6380.906s][info][gc,phases      ] GC(1055)   Post Evacuate Collection Set: 1.21ms
[6380.906s][info][gc,phases      ] GC(1055)   Other: 0.09ms
[6380.906s][info][gc,heap        ] GC(1055) Eden regions: 569->0(570)
[6380.906s][info][gc,heap        ] GC(1055) Survivor regions: 45->44(77)
[6380.906s][info][gc,heap        ] GC(1055) Old regions: 247->153
[6380.906s][info][gc,heap        ] GC(1055) Humongous regions: 33->33
[6380.906s][info][gc,metaspace   ] GC(1055) Metaspace: 29946K(30400K)->29946K(30400K) NonClass: 24537K(24768K)->24537K(24768K) Class: 5408K(5632K)->5408K(5632K)
[6380.906s][info][gc             ] GC(1055) Pause Young (Mixed) (G1 Evacuation Pause) 7139M->1822M(8192M) 161.729ms
[6380.906s][info][gc,cpu         ] GC(1055) User=1.28s Sys=0.00s Real=0.17s
...[6384.117s][info][gc,start       ] GC(1056) Pause Young (Mixed) (G1 Evacuation Pause)
[6384.117s][info][gc,task        ] GC(1056) Using 8 workers of 8 for evacuation
[6384.275s][info][gc,phases      ] GC(1056)   Pre Evacuate Collection Set: 0.23ms
[6384.275s][info][gc,phases      ] GC(1056)   Merge Heap Roots: 0.71ms
[6384.275s][info][gc,phases      ] GC(1056)   Evacuate Collection Set: 156.13ms
[6384.275s][info][gc,phases      ] GC(1056)   Post Evacuate Collection Set: 1.04ms
[6384.275s][info][gc,phases      ] GC(1056)   Other: 0.07ms
[6384.275s][info][gc,heap        ] GC(1056) Eden regions: 570->0(569)
[6384.275s][info][gc,heap        ] GC(1056) Survivor regions: 44->45(77)
[6384.275s][info][gc,heap        ] GC(1056) Old regions: 153->144
[6384.275s][info][gc,heap        ] GC(1056) Humongous regions: 33->33
[6384.275s][info][gc,metaspace   ] GC(1056) Metaspace: 29946K(30400K)->29946K(30400K) NonClass: 24537K(24768K)->24537K(24768K) Class: 5408K(5632K)->5408K(5632K)
[6384.275s][info][gc             ] GC(1056) Pause Young (Mixed) (G1 Evacuation Pause) 6382M->1752M(8192M) 158.318ms
[6384.275s][info][gc,cpu         ] GC(1056) User=1.25s Sys=0.00s Real=0.16s
....[6387.439s][info][gc,start       ] GC(1057) Pause Young (Normal) (G1 Evacuation Pause)
[6387.439s][info][gc,task        ] GC(1057) Using 8 workers of 8 for evacuation
[6387.585s][info][gc,phases      ] GC(1057)   Pre Evacuate Collection Set: 0.22ms
[6387.585s][info][gc,phases      ] GC(1057)   Merge Heap Roots: 0.52ms
[6387.585s][info][gc,phases      ] GC(1057)   Evacuate Collection Set: 144.29ms
[6387.585s][info][gc,phases      ] GC(1057)   Post Evacuate Collection Set: 1.02ms
[6387.585s][info][gc,phases      ] GC(1057)   Other: 0.06ms
[6387.585s][info][gc,heap        ] GC(1057) Eden regions: 569->0(573)
[6387.585s][info][gc,heap        ] GC(1057) Survivor regions: 45->41(77)
[6387.585s][info][gc,heap        ] GC(1057) Old regions: 144->151
[6387.585s][info][gc,heap        ] GC(1057) Humongous regions: 33->33
[6387.585s][info][gc,metaspace   ] GC(1057) Metaspace: 29946K(30400K)->29946K(30400K) NonClass: 24537K(24768K)->24537K(24768K) Class: 5408K(5632K)->5408K(5632K)
[6387.585s][info][gc             ] GC(1057) Pause Young (Normal) (G1 Evacuation Pause) 6304M->1783M(8192M) 146.262ms
[6387.585s][info][gc,cpu         ] GC(1057) User=1.16s Sys=0.00s Real=0.15s
...[6390.855s][info][gc,start       ] GC(1058) Pause Young (Normal) (G1 Evacuation Pause)
[6390.855s][info][gc,task        ] GC(1058) Using 8 workers of 8 for evacuation
[6391.012s][info][gc,phases      ] GC(1058)   Pre Evacuate Collection Set: 0.23ms
[6391.012s][info][gc,phases      ] GC(1058)   Merge Heap Roots: 0.51ms
[6391.012s][info][gc,phases      ] GC(1058)   Evacuate Collection Set: 154.53ms
[6391.012s][info][gc,phases      ] GC(1058)   Post Evacuate Collection Set: 0.99ms
[6391.012s][info][gc,phases      ] GC(1058)   Other: 0.06ms
[6391.012s][info][gc,heap        ] GC(1058) Eden regions: 573->0(569)
[6391.012s][info][gc,heap        ] GC(1058) Survivor regions: 41->45(77)
[6391.012s][info][gc,heap        ] GC(1058) Old regions: 151->158
[6391.012s][info][gc,heap        ] GC(1058) Humongous regions: 33->33
[6391.012s][info][gc,metaspace   ] GC(1058) Metaspace: 29946K(30400K)->29946K(30400K) NonClass: 24537K(24768K)->24537K(24768K) Class: 5408K(5632K)->5408K(5632K)
[6391.012s][info][gc             ] GC(1058) Pause Young (Normal) (G1 Evacuation Pause) 6367M->1868M(8192M) 156.447ms
[6391.012s][info][gc,cpu         ] GC(1058) User=1.23s Sys=0.00s Real=0.15s
. (rIR:aIR:PR = 11368:11300:11292) (tPR = 167442) [OK] 
  6391s: Performance info:
         Transaction,    Success,    Partial,     Failed,   Receipts, AvgBarcode, 
             Overall,     678606,          0,          0,     644401,      59.48, 
         Response times:
             Request,    Success,    Partial,     Failed,   SkipFail,     Probes,    Samples,      min,      p50,      p90,      p95,      p99,      max, 
       TotalPurchase,     644873,          0,          0,          0,     350022,     404362,      300,    13800,   101700,   153000,   272370,  2800000,
     InStorePurchase,     339511,          0,          0,          0,     182486,     211471,      300,    13700,   105000,   162000,   279000,  2800000,
      OnlinePurchase,     236754,          0,          0,          0,     129642,     149440,      300,    13900,    98000,   146000,   264000,  2800000,
        InstPurchase,      68608,          0,          0,          0,      37894,      43451,      400,    13800,    97000,   144000,   265000,  2800000,
          AssocOfCat,        689,          0,          0,          0,        574,        753,    30000,    72000,   157200,   222000,   345420,   419000,
      AssocOfProduct,       6830,          0,          0,          0,       4149,       5022,     1100,    15300,   110000,   160000,   266770,  1100000,
      BusinessReport,       1703,          0,          0,          0,       1519,       1902,    34000,    82000,   191700,   238000,   357880,   660000,
          CustBuyBeh,       6785,          0,          0,          0,       4097,       4876,      300,    12500,    94000,   146000,   266000,   890000,
       ProductReturn,      18223,          0,          0,          0,       9187,      10745,      200,    13500,   100000,   153000,   263000,  2800000,

  6391s: (81%)   IR =  11510 ..[6394.247s][info][gc,start       ] GC(1059) Pause Young (Normal) (G1 Evacuation Pause)
[6394.248s][info][gc,task        ] GC(1059) Using 8 workers of 8 for evacuation
[6394.402s][info][gc,phases      ] GC(1059)   Pre Evacuate Collection Set: 0.26ms
[6394.402s][info][gc,phases      ] GC(1059)   Merge Heap Roots: 0.52ms
[6394.402s][info][gc,phases      ] GC(1059)   Evacuate Collection Set: 152.79ms
[6394.402s][info][gc,phases      ] GC(1059)   Post Evacuate Collection Set: 0.96ms
[6394.402s][info][gc,phases      ] GC(1059)   Other: 0.06ms
[6394.402s][info][gc,heap        ] GC(1059) Eden regions: 569->0(570)
[6394.402s][info][gc,heap        ] GC(1059) Survivor regions: 45->44(77)
[6394.402s][info][gc,heap        ] GC(1059) Old regions: 158->165
[6394.402s][info][gc,heap        ] GC(1059) Humongous regions: 33->33
[6394.402s][info][gc,metaspace   ] GC(1059) Metaspace: 29946K(30400K)->29946K(30400K) NonClass: 24537K(24768K)->24537K(24768K) Class: 5408K(5632K)->5408K(5632K)
[6394.402s][info][gc             ] GC(1059) Pause Young (Normal) (G1 Evacuation Pause) 6420M->1923M(8192M) 154.735ms
[6394.402s][info][gc,cpu         ] GC(1059) User=1.22s Sys=0.00s Real=0.15s
...[6397.483s][info][gc,start       ] GC(1060) Pause Young (Normal) (G1 Evacuation Pause)
[6397.483s][info][gc,task        ] GC(1060) Using 8 workers of 8 for evacuation
[6397.633s][info][gc,phases      ] GC(1060)   Pre Evacuate Collection Set: 0.23ms
[6397.633s][info][gc,phases      ] GC(1060)   Merge Heap Roots: 0.54ms
[6397.633s][info][gc,phases      ] GC(1060)   Evacuate Collection Set: 147.96ms
[6397.633s][info][gc,phases      ] GC(1060)   Post Evacuate Collection Set: 0.99ms
[6397.633s][info][gc,phases      ] GC(1060)   Other: 0.06ms
[6397.633s][info][gc,heap        ] GC(1060) Eden regions: 570->0(571)
[6397.633s][info][gc,heap        ] GC(1060) Survivor regions: 44->43(77)
[6397.633s][info][gc,heap        ] GC(1060) Old regions: 165->173
[6397.633s][info][gc,heap        ] GC(1060) Humongous regions: 33->33
[6397.633s][info][gc,metaspace   ] GC(1060) Metaspace: 29946K(30400K)->29946K(30400K) NonClass: 24537K(24768K)->24537K(24768K) Class: 5408K(5632K)->5408K(5632K)
[6397.633s][info][gc             ] GC(1060) Pause Young (Normal) (G1 Evacuation Pause) 6483M->1974M(8192M) 149.915ms
[6397.633s][info][gc,cpu         ] GC(1060) User=1.19s Sys=0.00s Real=0.15s
....[6400.805s][info][gc,start       ] GC(1061) Pause Young (Normal) (G1 Evacuation Pause)
[6400.805s][info][gc,task        ] GC(1061) Using 8 workers of 8 for evacuation
[6400.953s][info][gc,phases      ] GC(1061)   Pre Evacuate Collection Set: 0.25ms
[6400.953s][info][gc,phases      ] GC(1061)   Merge Heap Roots: 0.52ms
[6400.953s][info][gc,phases      ] GC(1061)   Evacuate Collection Set: 145.83ms
[6400.953s][info][gc,phases      ] GC(1061)   Post Evacuate Collection Set: 0.98ms
[6400.953s][info][gc,phases      ] GC(1061)   Other: 0.06ms
[6400.953s][info][gc,heap        ] GC(1061) Eden regions: 571->0(571)
[6400.953s][info][gc,heap        ] GC(1061) Survivor regions: 43->43(77)
[6400.953s][info][gc,heap        ] GC(1061) Old regions: 173->180
[6400.953s][info][gc,heap        ] GC(1061) Humongous regions: 33->33
[6400.953s][info][gc,metaspace   ] GC(1061) Metaspace: 29946K(30400K)->29946K(30400K) NonClass: 24537K(24768K)->24537K(24768K) Class: 5408K(5632K)->5408K(5632K)
[6400.953s][info][gc             ] GC(1061) Pause Young (Normal) (G1 Evacuation Pause) 6542M->2031M(8192M) 147.777ms
[6400.953s][info][gc,cpu         ] GC(1061) User=1.17s Sys=0.00s Real=0.14s
...[6404.150s][info][gc,start       ] GC(1062) Pause Young (Normal) (G1 Evacuation Pause)
[6404.150s][info][gc,task        ] GC(1062) Using 8 workers of 8 for evacuation
[6404.301s][info][gc,phases      ] GC(1062)   Pre Evacuate Collection Set: 0.22ms
[6404.301s][info][gc,phases      ] GC(1062)   Merge Heap Roots: 0.50ms
[6404.301s][info][gc,phases      ] GC(1062)   Evacuate Collection Set: 149.28ms
[6404.301s][info][gc,phases      ] GC(1062)   Post Evacuate Collection Set: 1.00ms
[6404.301s][info][gc,phases      ] GC(1062)   Other: 0.06ms
[6404.301s][info][gc,heap        ] GC(1062) Eden regions: 571->0(570)
[6404.301s][info][gc,heap        ] GC(1062) Survivor regions: 43->44(77)
[6404.301s][info][gc,heap        ] GC(1062) Old regions: 180->187
[6404.301s][info][gc,heap        ] GC(1062) Humongous regions: 33->33
[6404.301s][info][gc,metaspace   ] GC(1062) Metaspace: 29946K(30400K)->29946K(30400K) NonClass: 24537K(24768K)->24537K(24768K) Class: 5408K(5632K)->5408K(5632K)
[6404.301s][info][gc             ] GC(1062) Pause Young (Normal) (G1 Evacuation Pause) 6599M->2094M(8192M) 151.203ms
[6404.301s][info][gc,cpu         ] GC(1062) User=1.20s Sys=0.00s Real=0.15s
...|[6407.461s][info][gc,start       ] GC(1063) Pause Young (Normal) (G1 Evacuation Pause)
[6407.461s][info][gc,task        ] GC(1063) Using 8 workers of 8 for evacuation
[6407.611s][info][gc,phases      ] GC(1063)   Pre Evacuate Collection Set: 0.25ms
[6407.611s][info][gc,phases      ] GC(1063)   Merge Heap Roots: 0.54ms
[6407.611s][info][gc,phases      ] GC(1063)   Evacuate Collection Set: 147.79ms
[6407.611s][info][gc,phases      ] GC(1063)   Post Evacuate Collection Set: 1.01ms
[6407.611s][info][gc,phases      ] GC(1063)   Other: 0.07ms
[6407.611s][info][gc,heap        ] GC(1063) Eden regions: 570->0(571)
[6407.611s][info][gc,heap        ] GC(1063) Survivor regions: 44->43(77)
[6407.611s][info][gc,heap        ] GC(1063) Old regions: 187->194
[6407.611s][info][gc,heap        ] GC(1063) Humongous regions: 33->33
[6407.611s][info][gc,metaspace   ] GC(1063) Metaspace: 29946K(30400K)->29946K(30400K) NonClass: 24537K(24768K)->24537K(24768K) Class: 5408K(5632K)->5408K(5632K)
[6407.611s][info][gc             ] GC(1063) Pause Young (Normal) (G1 Evacuation Pause) 6654M->2147M(8192M) 149.798ms
[6407.611s][info][gc,cpu         ] GC(1063) User=1.19s Sys=0.00s Real=0.15s
....[6410.817s][info][gc,start       ] GC(1064) Pause Young (Normal) (G1 Evacuation Pause)
[6410.817s][info][gc,task        ] GC(1064) Using 8 workers of 8 for evacuation
[6410.970s][info][gc,phases      ] GC(1064)   Pre Evacuate Collection Set: 0.22ms
[6410.970s][info][gc,phases      ] GC(1064)   Merge Heap Roots: 0.52ms
[6410.970s][info][gc,phases      ] GC(1064)   Evacuate Collection Set: 150.87ms
[6410.970s][info][gc,phases      ] GC(1064)   Post Evacuate Collection Set: 0.99ms
[6410.970s][info][gc,phases      ] GC(1064)   Other: 0.06ms
[6410.970s][info][gc,heap        ] GC(1064) Eden regions: 571->0(570)
[6410.970s][info][gc,heap        ] GC(1064) Survivor regions: 43->44(77)
[6410.970s][info][gc,heap        ] GC(1064) Old regions: 194->201
[6410.970s][info][gc,heap        ] GC(1064) Humongous regions: 33->33
[6410.970s][info][gc,metaspace   ] GC(1064) Metaspace: 29946K(30400K)->29946K(30400K) NonClass: 24537K(24768K)->24537K(24768K) Class: 5408K(5632K)->5408K(5632K)
[6410.970s][info][gc             ] GC(1064) Pause Young (Normal) (G1 Evacuation Pause) 6715M->2207M(8192M) 152.780ms
[6410.970s][info][gc,cpu         ] GC(1064) User=1.21s Sys=0.00s Real=0.15s
...[6414.124s][info][gc,start       ] GC(1065) Pause Young (Normal) (G1 Evacuation Pause)
[6414.124s][info][gc,task        ] GC(1065) Using 8 workers of 8 for evacuation
[6414.277s][info][gc,phases      ] GC(1065)   Pre Evacuate Collection Set: 0.23ms
[6414.277s][info][gc,phases      ] GC(1065)   Merge Heap Roots: 0.50ms
[6414.277s][info][gc,phases      ] GC(1065)   Evacuate Collection Set: 150.99ms
[6414.277s][info][gc,phases      ] GC(1065)   Post Evacuate Collection Set: 1.06ms
[6414.277s][info][gc,phases      ] GC(1065)   Other: 0.06ms
[6414.277s][info][gc,heap        ] GC(1065) Eden regions: 570->0(570)
[6414.277s][info][gc,heap        ] GC(1065) Survivor regions: 44->44(77)
[6414.277s][info][gc,heap        ] GC(1065) Old regions: 201->209
[6414.277s][info][gc,heap        ] GC(1065) Humongous regions: 33->33
[6414.277s][info][gc,metaspace   ] GC(1065) Metaspace: 29946K(30400K)->29946K(30400K) NonClass: 24537K(24768K)->24537K(24768K) Class: 5408K(5632K)->5408K(5632K)
[6414.277s][info][gc             ] GC(1065) Pause Young (Normal) (G1 Evacuation Pause) 6767M->2268M(8192M) 152.968ms
[6414.277s][info][gc,cpu         ] GC(1065) User=1.21s Sys=0.00s Real=0.16s
...[6417.478s][info][gc,start       ] GC(1066) Pause Young (Normal) (G1 Evacuation Pause)
[6417.478s][info][gc,task        ] GC(1066) Using 8 workers of 8 for evacuation
[6417.631s][info][gc,phases      ] GC(1066)   Pre Evacuate Collection Set: 0.23ms
[6417.631s][info][gc,phases      ] GC(1066)   Merge Heap Roots: 0.51ms
[6417.631s][info][gc,phases      ] GC(1066)   Evacuate Collection Set: 150.42ms
[6417.631s][info][gc,phases      ] GC(1066)   Post Evacuate Collection Set: 0.99ms
[6417.631s][info][gc,phases      ] GC(1066)   Other: 0.07ms
[6417.631s][info][gc,heap        ] GC(1066) Eden regions: 570->0(570)
[6417.631s][info][gc,heap        ] GC(1066) Survivor regions: 44->44(77)
[6417.631s][info][gc,heap        ] GC(1066) Old regions: 209->216
[6417.631s][info][gc,heap        ] GC(1066) Humongous regions: 33->33
[6417.631s][info][gc,metaspace   ] GC(1066) Metaspace: 29946K(30400K)->29946K(30400K) NonClass: 24537K(24768K)->24537K(24768K) Class: 5408K(5632K)->5408K(5632K)
[6417.631s][info][gc             ] GC(1066) Pause Young (Normal) (G1 Evacuation Pause) 6828M->2320M(8192M) 152.353ms
[6417.631s][info][gc,cpu         ] GC(1066) User=1.21s Sys=0.00s Real=0.15s
....[6420.815s][info][gc,start       ] GC(1067) Pause Young (Normal) (G1 Evacuation Pause)
[6420.815s][info][gc,task        ] GC(1067) Using 8 workers of 8 for evacuation
[6420.965s][info][gc,phases      ] GC(1067)   Pre Evacuate Collection Set: 0.22ms
[6420.965s][info][gc,phases      ] GC(1067)   Merge Heap Roots: 0.53ms
[6420.965s][info][gc,phases      ] GC(1067)   Evacuate Collection Set: 148.35ms
[6420.965s][info][gc,phases      ] GC(1067)   Post Evacuate Collection Set: 1.02ms
[6420.965s][info][gc,phases      ] GC(1067)   Other: 0.06ms
[6420.965s][info][gc,heap        ] GC(1067) Eden regions: 570->0(571)
[6420.965s][info][gc,heap        ] GC(1067) Survivor regions: 44->43(77)
[6420.965s][info][gc,heap        ] GC(1067) Old regions: 216->223
[6420.965s][info][gc,heap        ] GC(1067) Humongous regions: 33->33
[6420.965s][info][gc,metaspace   ] GC(1067) Metaspace: 29946K(30400K)->29946K(30400K) NonClass: 24537K(24768K)->24537K(24768K) Class: 5408K(5632K)->5408K(5632K)
[6420.965s][info][gc             ] GC(1067) Pause Young (Normal) (G1 Evacuation Pause) 6880M->2372M(8192M) 150.316ms
[6420.965s][info][gc,cpu         ] GC(1067) User=1.19s Sys=0.00s Real=0.15s
...[6424.213s][info][gc,start       ] GC(1068) Pause Young (Normal) (G1 Evacuation Pause)
[6424.213s][info][gc,task        ] GC(1068) Using 8 workers of 8 for evacuation
[6424.364s][info][gc,phases      ] GC(1068)   Pre Evacuate Collection Set: 0.25ms
[6424.364s][info][gc,phases      ] GC(1068)   Merge Heap Roots: 0.53ms
[6424.364s][info][gc,phases      ] GC(1068)   Evacuate Collection Set: 149.34ms
[6424.364s][info][gc,phases      ] GC(1068)   Post Evacuate Collection Set: 0.98ms
[6424.364s][info][gc,phases      ] GC(1068)   Other: 0.06ms
[6424.364s][info][gc,heap        ] GC(1068) Eden regions: 571->0(570)
[6424.364s][info][gc,heap        ] GC(1068) Survivor regions: 43->44(77)
[6424.364s][info][gc,heap        ] GC(1068) Old regions: 223->230
[6424.364s][info][gc,heap        ] GC(1068) Humongous regions: 33->33
[6424.364s][info][gc,metaspace   ] GC(1068) Metaspace: 29946K(30400K)->29946K(30400K) NonClass: 24537K(24768K)->24537K(24768K) Class: 5408K(5632K)->5408K(5632K)
[6424.364s][info][gc             ] GC(1068) Pause Young (Normal) (G1 Evacuation Pause) 6940M->2436M(8192M) 151.290ms
[6424.364s][info][gc,cpu         ] GC(1068) User=1.20s Sys=0.00s Real=0.15s
...[6427.619s][info][gc,start       ] GC(1069) Pause Young (Normal) (G1 Evacuation Pause)
[6427.619s][info][gc,task        ] GC(1069) Using 8 workers of 8 for evacuation
[6427.766s][info][gc,phases      ] GC(1069)   Pre Evacuate Collection Set: 0.25ms
[6427.766s][info][gc,phases      ] GC(1069)   Merge Heap Roots: 0.53ms
[6427.766s][info][gc,phases      ] GC(1069)   Evacuate Collection Set: 145.09ms
[6427.766s][info][gc,phases      ] GC(1069)   Post Evacuate Collection Set: 1.00ms
[6427.766s][info][gc,phases      ] GC(1069)   Other: 0.06ms
[6427.766s][info][gc,heap        ] GC(1069) Eden regions: 570->0(572)
[6427.766s][info][gc,heap        ] GC(1069) Survivor regions: 44->42(77)
[6427.766s][info][gc,heap        ] GC(1069) Old regions: 230->237
[6427.766s][info][gc,heap        ] GC(1069) Humongous regions: 33->33
[6427.766s][info][gc,metaspace   ] GC(1069) Metaspace: 29946K(30400K)->29946K(30400K) NonClass: 24537K(24768K)->24537K(24768K) Class: 5408K(5632K)->5408K(5632K)
[6427.766s][info][gc             ] GC(1069) Pause Young (Normal) (G1 Evacuation Pause) 6996M->2478M(8192M) 147.075ms
[6427.766s][info][gc,cpu         ] GC(1069) User=1.16s Sys=0.01s Real=0.15s
....[6430.912s][info][gc,start       ] GC(1070) Pause Young (Normal) (G1 Evacuation Pause)
[6430.912s][info][gc,task        ] GC(1070) Using 8 workers of 8 for evacuation
[6431.066s][info][gc,phases      ] GC(1070)   Pre Evacuate Collection Set: 0.24ms
[6431.066s][info][gc,phases      ] GC(1070)   Merge Heap Roots: 0.53ms
[6431.066s][info][gc,phases      ] GC(1070)   Evacuate Collection Set: 152.36ms
[6431.066s][info][gc,phases      ] GC(1070)   Post Evacuate Collection Set: 0.99ms
[6431.066s][info][gc,phases      ] GC(1070)   Other: 0.06ms
[6431.066s][info][gc,heap        ] GC(1070) Eden regions: 572->0(571)
[6431.066s][info][gc,heap        ] GC(1070) Survivor regions: 42->43(77)
[6431.066s][info][gc,heap        ] GC(1070) Old regions: 237->244
[6431.066s][info][gc,heap        ] GC(1070) Humongous regions: 33->33
[6431.066s][info][gc,metaspace   ] GC(1070) Metaspace: 29946K(30400K)->29946K(30400K) NonClass: 24537K(24768K)->24537K(24768K) Class: 5408K(5632K)->5408K(5632K)
[6431.066s][info][gc             ] GC(1070) Pause Young (Normal) (G1 Evacuation Pause) 7054M->2542M(8192M) 154.309ms
[6431.066s][info][gc,cpu         ] GC(1070) User=1.22s Sys=0.00s Real=0.16s
...[6434.278s][info][gc,start       ] GC(1071) Pause Young (Normal) (G1 Evacuation Pause)
[6434.278s][info][gc,task        ] GC(1071) Using 8 workers of 8 for evacuation
[6434.429s][info][gc,phases      ] GC(1071)   Pre Evacuate Collection Set: 0.26ms
[6434.429s][info][gc,phases      ] GC(1071)   Merge Heap Roots: 0.61ms
[6434.429s][info][gc,phases      ] GC(1071)   Evacuate Collection Set: 149.12ms
[6434.429s][info][gc,phases      ] GC(1071)   Post Evacuate Collection Set: 0.99ms
[6434.429s][info][gc,phases      ] GC(1071)   Other: 0.07ms
[6434.429s][info][gc,heap        ] GC(1071) Eden regions: 571->0(570)
[6434.429s][info][gc,heap        ] GC(1071) Survivor regions: 43->44(77)
[6434.429s][info][gc,heap        ] GC(1071) Old regions: 244->251
[6434.429s][info][gc,heap        ] GC(1071) Humongous regions: 33->33
[6434.429s][info][gc,metaspace   ] GC(1071) Metaspace: 29946K(30400K)->29946K(30400K) NonClass: 24537K(24768K)->24537K(24768K) Class: 5408K(5632K)->5408K(5632K)
[6434.429s][info][gc             ] GC(1071) Pause Young (Normal) (G1 Evacuation Pause) 7110M->2607M(8192M) 151.170ms
[6434.429s][info][gc,cpu         ] GC(1071) User=1.20s Sys=0.00s Real=0.15s
...[6437.556s][info][gc,start       ] GC(1072) Pause Young (Normal) (G1 Evacuation Pause)
[6437.557s][info][gc,task        ] GC(1072) Using 8 workers of 8 for evacuation
[6437.711s][info][gc,phases      ] GC(1072)   Pre Evacuate Collection Set: 0.23ms
[6437.711s][info][gc,phases      ] GC(1072)   Merge Heap Roots: 0.48ms
[6437.711s][info][gc,phases      ] GC(1072)   Evacuate Collection Set: 152.52ms
[6437.711s][info][gc,phases      ] GC(1072)   Post Evacuate Collection Set: 1.01ms
[6437.711s][info][gc,phases      ] GC(1072)   Other: 0.06ms
[6437.711s][info][gc,heap        ] GC(1072) Eden regions: 570->0(570)
[6437.711s][info][gc,heap        ] GC(1072) Survivor regions: 44->44(77)
[6437.711s][info][gc,heap        ] GC(1072) Old regions: 251->258
[6437.711s][info][gc,heap        ] GC(1072) Humongous regions: 33->33
[6437.711s][info][gc,metaspace   ] GC(1072) Metaspace: 29946K(30400K)->29946K(30400K) NonClass: 24537K(24768K)->24537K(24768K) Class: 5408K(5632K)->5408K(5632K)
[6437.711s][info][gc             ] GC(1072) Pause Young (Normal) (G1 Evacuation Pause) 7167M->2662M(8192M) 154.439ms
[6437.711s][info][gc,cpu         ] GC(1072) User=1.23s Sys=0.00s Real=0.15s
....[6440.886s][info][gc,start       ] GC(1073) Pause Young (Normal) (G1 Evacuation Pause)
[6440.886s][info][gc,task        ] GC(1073) Using 8 workers of 8 for evacuation
[6441.038s][info][gc,phases      ] GC(1073)   Pre Evacuate Collection Set: 0.22ms
[6441.038s][info][gc,phases      ] GC(1073)   Merge Heap Roots: 0.53ms
[6441.038s][info][gc,phases      ] GC(1073)   Evacuate Collection Set: 150.06ms
[6441.038s][info][gc,phases      ] GC(1073)   Post Evacuate Collection Set: 1.02ms
[6441.038s][info][gc,phases      ] GC(1073)   Other: 0.08ms
[6441.038s][info][gc,heap        ] GC(1073) Eden regions: 570->0(570)
[6441.038s][info][gc,heap        ] GC(1073) Survivor regions: 44->44(77)
[6441.038s][info][gc,heap        ] GC(1073) Old regions: 258->265
[6441.038s][info][gc,heap        ] GC(1073) Humongous regions: 33->33
[6441.038s][info][gc,metaspace   ] GC(1073) Metaspace: 29946K(30400K)->29946K(30400K) NonClass: 24537K(24768K)->24537K(24768K) Class: 5408K(5632K)->5408K(5632K)
[6441.038s][info][gc             ] GC(1073) Pause Young (Normal) (G1 Evacuation Pause) 7222M->2715M(8192M) 152.031ms
[6441.038s][info][gc,cpu         ] GC(1073) User=1.20s Sys=0.00s Real=0.15s
...[6444.180s][info][gc,start       ] GC(1074) Pause Young (Normal) (G1 Evacuation Pause)
[6444.180s][info][gc,task        ] GC(1074) Using 8 workers of 8 for evacuation
[6444.337s][info][gc,phases      ] GC(1074)   Pre Evacuate Collection Set: 0.26ms
[6444.337s][info][gc,phases      ] GC(1074)   Merge Heap Roots: 0.53ms
[6444.337s][info][gc,phases      ] GC(1074)   Evacuate Collection Set: 155.18ms
[6444.337s][info][gc,phases      ] GC(1074)   Post Evacuate Collection Set: 1.02ms
[6444.337s][info][gc,phases      ] GC(1074)   Other: 0.06ms
[6444.337s][info][gc,heap        ] GC(1074) Eden regions: 570->0(570)
[6444.337s][info][gc,heap        ] GC(1074) Survivor regions: 44->44(77)
[6444.337s][info][gc,heap        ] GC(1074) Old regions: 265->272
[6444.337s][info][gc,heap        ] GC(1074) Humongous regions: 33->33
[6444.337s][info][gc,metaspace   ] GC(1074) Metaspace: 29946K(30400K)->29946K(30400K) NonClass: 24537K(24768K)->24537K(24768K) Class: 5408K(5632K)->5408K(5632K)
[6444.337s][info][gc             ] GC(1074) Pause Young (Normal) (G1 Evacuation Pause) 7275M->2776M(8192M) 157.199ms
[6444.337s][info][gc,cpu         ] GC(1074) User=1.25s Sys=0.00s Real=0.16s
...[6447.471s][info][gc,start       ] GC(1075) Pause Young (Normal) (G1 Evacuation Pause)
[6447.471s][info][gc,task        ] GC(1075) Using 8 workers of 8 for evacuation
[6447.619s][info][gc,phases      ] GC(1075)   Pre Evacuate Collection Set: 0.23ms
[6447.619s][info][gc,phases      ] GC(1075)   Merge Heap Roots: 0.50ms
[6447.619s][info][gc,phases      ] GC(1075)   Evacuate Collection Set: 146.43ms
[6447.619s][info][gc,phases      ] GC(1075)   Post Evacuate Collection Set: 1.02ms
[6447.619s][info][gc,phases      ] GC(1075)   Other: 0.07ms
[6447.619s][info][gc,heap        ] GC(1075) Eden regions: 570->0(571)
[6447.620s][info][gc,heap        ] GC(1075) Survivor regions: 44->43(77)
[6447.620s][info][gc,heap        ] GC(1075) Old regions: 272->279
[6447.620s][info][gc,heap        ] GC(1075) Humongous regions: 33->33
[6447.620s][info][gc,metaspace   ] GC(1075) Metaspace: 29946K(30400K)->29946K(30400K) NonClass: 24537K(24768K)->24537K(24768K) Class: 5408K(5632K)->5408K(5632K)
[6447.620s][info][gc             ] GC(1075) Pause Young (Normal) (G1 Evacuation Pause) 7336M->2827M(8192M) 148.379ms
[6447.620s][info][gc,cpu         ] GC(1075) User=1.17s Sys=0.01s Real=0.15s
...[6450.766s][info][gc,start       ] GC(1076) Pause Young (Normal) (G1 Evacuation Pause)
[6450.766s][info][gc,task        ] GC(1076) Using 8 workers of 8 for evacuation
[6450.915s][info][gc,phases      ] GC(1076)   Pre Evacuate Collection Set: 0.22ms
[6450.915s][info][gc,phases      ] GC(1076)   Merge Heap Roots: 0.48ms
[6450.915s][info][gc,phases      ] GC(1076)   Evacuate Collection Set: 147.81ms
[6450.915s][info][gc,phases      ] GC(1076)   Post Evacuate Collection Set: 1.00ms
[6450.915s][info][gc,phases      ] GC(1076)   Other: 0.06ms
[6450.915s][info][gc,heap        ] GC(1076) Eden regions: 571->0(567)
[6450.915s][info][gc,heap        ] GC(1076) Survivor regions: 43->43(77)
[6450.915s][info][gc,heap        ] GC(1076) Old regions: 279->286
[6450.915s][info][gc,heap        ] GC(1076) Humongous regions: 33->33
[6450.915s][info][gc,metaspace   ] GC(1076) Metaspace: 29946K(30400K)->29946K(30400K) NonClass: 24537K(24768K)->24537K(24768K) Class: 5408K(5632K)->5408K(5632K)
[6450.915s][info][gc             ] GC(1076) Pause Young (Normal) (G1 Evacuation Pause) 7395M->2882M(8192M) 149.733ms
[6450.915s][info][gc,cpu         ] GC(1076) User=1.18s Sys=0.00s Real=0.15s
....[6454.091s][info][gc,start       ] GC(1077) Pause Young (Normal) (G1 Evacuation Pause)
[6454.091s][info][gc,task        ] GC(1077) Using 8 workers of 8 for evacuation
[6454.238s][info][gc,phases      ] GC(1077)   Pre Evacuate Collection Set: 0.25ms
[6454.238s][info][gc,phases      ] GC(1077)   Merge Heap Roots: 0.51ms
[6454.238s][info][gc,phases      ] GC(1077)   Evacuate Collection Set: 145.01ms
[6454.238s][info][gc,phases      ] GC(1077)   Post Evacuate Collection Set: 0.98ms
[6454.238s][info][gc,phases      ] GC(1077)   Other: 0.06ms
[6454.238s][info][gc,heap        ] GC(1077) Eden regions: 567->0(560)
[6454.238s][info][gc,heap        ] GC(1077) Survivor regions: 43->43(77)
[6454.238s][info][gc,heap        ] GC(1077) Old regions: 286->293
[6454.238s][info][gc,heap        ] GC(1077) Humongous regions: 33->33
[6454.238s][info][gc,metaspace   ] GC(1077) Metaspace: 29946K(30400K)->29946K(30400K) NonClass: 24537K(24768K)->24537K(24768K) Class: 5408K(5632K)->5408K(5632K)
[6454.238s][info][gc             ] GC(1077) Pause Young (Normal) (G1 Evacuation Pause) 7418M->2939M(8192M) 146.946ms
[6454.238s][info][gc,cpu         ] GC(1077) User=1.16s Sys=0.00s Real=0.15s
...[6457.412s][info][gc,start       ] GC(1078) Pause Young (Normal) (G1 Evacuation Pause)
[6457.412s][info][gc,task        ] GC(1078) Using 8 workers of 8 for evacuation
[6457.560s][info][gc,phases      ] GC(1078)   Pre Evacuate Collection Set: 0.22ms
[6457.560s][info][gc,phases      ] GC(1078)   Merge Heap Roots: 0.53ms
[6457.560s][info][gc,phases      ] GC(1078)   Evacuate Collection Set: 146.62ms
[6457.560s][info][gc,phases      ] GC(1078)   Post Evacuate Collection Set: 1.00ms
[6457.560s][info][gc,phases      ] GC(1078)   Other: 0.06ms
[6457.560s][info][gc,heap        ] GC(1078) Eden regions: 560->0(552)
[6457.560s][info][gc,heap        ] GC(1078) Survivor regions: 43->43(76)
[6457.560s][info][gc,heap        ] GC(1078) Old regions: 293->301
[6457.560s][info][gc,heap        ] GC(1078) Humongous regions: 33->33
[6457.560s][info][gc,metaspace   ] GC(1078) Metaspace: 29946K(30400K)->29946K(30400K) NonClass: 24537K(24768K)->24537K(24768K) Class: 5408K(5632K)->5408K(5632K)
[6457.560s][info][gc             ] GC(1078) Pause Young (Normal) (G1 Evacuation Pause) 7419M->2996M(8192M) 148.562ms
[6457.560s][info][gc,cpu         ] GC(1078) User=1.18s Sys=0.00s Real=0.15s
...[6460.773s][info][gc,start       ] GC(1079) Pause Young (Normal) (G1 Evacuation Pause)
[6460.773s][info][gc,task        ] GC(1079) Using 8 workers of 8 for evacuation
[6460.923s][info][gc,phases      ] GC(1079)   Pre Evacuate Collection Set: 0.25ms
[6460.923s][info][gc,phases      ] GC(1079)   Merge Heap Roots: 0.49ms
[6460.923s][info][gc,phases      ] GC(1079)   Evacuate Collection Set: 148.13ms
[6460.923s][info][gc,phases      ] GC(1079)   Post Evacuate Collection Set: 0.97ms
[6460.923s][info][gc,phases      ] GC(1079)   Other: 0.06ms
[6460.923s][info][gc,heap        ] GC(1079) Eden regions: 552->0(545)
[6460.923s][info][gc,heap        ] GC(1079) Survivor regions: 43->43(75)
[6460.923s][info][gc,heap        ] GC(1079) Old regions: 301->308
[6460.923s][info][gc,heap        ] GC(1079) Humongous regions: 33->33
[6460.923s][info][gc,metaspace   ] GC(1079) Metaspace: 29946K(30400K)->29946K(30400K) NonClass: 24537K(24768K)->24537K(24768K) Class: 5408K(5632K)->5408K(5632K)
[6460.923s][info][gc             ] GC(1079) Pause Young (Normal) (G1 Evacuation Pause) 7412M->3055M(8192M) 150.039ms
[6460.923s][info][gc,cpu         ] GC(1079) User=1.19s Sys=0.00s Real=0.15s
...[6463.868s][info][gc,start       ] GC(1080) Pause Young (Concurrent Start) (G1 Evacuation Pause)
[6463.868s][info][gc,task        ] GC(1080) Using 8 workers of 8 for evacuation
[6464.019s][info][gc,phases      ] GC(1080)   Pre Evacuate Collection Set: 0.30ms
[6464.019s][info][gc,phases      ] GC(1080)   Merge Heap Roots: 0.58ms
[6464.019s][info][gc,phases      ] GC(1080)   Evacuate Collection Set: 148.69ms
[6464.019s][info][gc,phases      ] GC(1080)   Post Evacuate Collection Set: 0.97ms
[6464.019s][info][gc,phases      ] GC(1080)   Other: 0.11ms
[6464.019s][info][gc,heap        ] GC(1080) Eden regions: 545->0(538)
[6464.019s][info][gc,heap        ] GC(1080) Survivor regions: 43->43(74)
[6464.019s][info][gc,heap        ] GC(1080) Old regions: 308->315
[6464.019s][info][gc,heap        ] GC(1080) Humongous regions: 33->33
[6464.019s][info][gc,metaspace   ] GC(1080) Metaspace: 29946K(30400K)->29946K(30400K) NonClass: 24537K(24768K)->24537K(24768K) Class: 5408K(5632K)->5408K(5632K)
[6464.019s][info][gc             ] GC(1080) Pause Young (Concurrent Start) (G1 Evacuation Pause) 7415M->3114M(8192M) 150.808ms
[6464.019s][info][gc             ] GC(1081) Concurrent Mark Cycle
[6464.019s][info][gc,marking     ] GC(1081) Concurrent Scan Root Regions
[6464.019s][info][gc,cpu         ] GC(1080) User=1.19s Sys=0.00s Real=0.15s
.[6464.286s][info][gc,marking     ] GC(1081) Concurrent Scan Root Regions 267.389ms
[6464.286s][info][gc,marking     ] GC(1081) Concurrent Mark
[6464.286s][info][gc,marking     ] GC(1081) Concurrent Mark From Roots
[6464.286s][info][gc,task        ] GC(1081) Using 2 workers of 2 for marking
.[6465.629s][info][gc,marking     ] GC(1081) Concurrent Mark From Roots 1342.161ms
[6465.629s][info][gc,marking     ] GC(1081) Concurrent Preclean
[6465.629s][info][gc,marking     ] GC(1081) Concurrent Preclean 0.106ms
[6465.629s][info][gc,start       ] GC(1081) Pause Remark
[6465.631s][info][gc             ] GC(1081) Pause Remark 4870M->4278M(8192M) 1.730ms
[6465.631s][info][gc,cpu         ] GC(1081) User=0.01s Sys=0.00s Real=0.00s
[6465.631s][info][gc,marking     ] GC(1081) Concurrent Mark 1344.312ms
[6465.631s][info][gc,marking     ] GC(1081) Concurrent Rebuild Remembered Sets and Scrub Regions
.[6466.543s][info][gc,marking     ] GC(1081) Concurrent Rebuild Remembered Sets and Scrub Regions 912.335ms
[6466.543s][info][gc,start       ] GC(1081) Pause Cleanup
[6466.544s][info][gc             ] GC(1081) Pause Cleanup 5503M->5503M(8192M) 0.265ms
[6466.544s][info][gc,cpu         ] GC(1081) User=0.00s Sys=0.00s Real=0.00s
[6466.544s][info][gc,marking     ] GC(1081) Concurrent Clear Claimed Marks
[6466.544s][info][gc,marking     ] GC(1081) Concurrent Clear Claimed Marks 0.047ms
[6466.544s][info][gc,marking     ] GC(1081) Concurrent Cleanup for Next Mark
[6466.555s][info][gc,marking     ] GC(1081) Concurrent Cleanup for Next Mark 11.088ms
[6466.555s][info][gc             ] GC(1081) Concurrent Mark Cycle 2535.904ms
.[6467.380s][info][gc,start       ] GC(1082) Pause Young (Prepare Mixed) (G1 Evacuation Pause)
[6467.380s][info][gc,task        ] GC(1082) Using 8 workers of 8 for evacuation
[6467.531s][info][gc,phases      ] GC(1082)   Pre Evacuate Collection Set: 0.25ms
[6467.531s][info][gc,phases      ] GC(1082)   Merge Heap Roots: 0.68ms
[6467.531s][info][gc,phases      ] GC(1082)   Evacuate Collection Set: 149.01ms
[6467.531s][info][gc,phases      ] GC(1082)   Post Evacuate Collection Set: 1.11ms
[6467.531s][info][gc,phases      ] GC(1082)   Other: 0.07ms
[6467.531s][info][gc,heap        ] GC(1082) Eden regions: 538->0(570)
[6467.531s][info][gc,heap        ] GC(1082) Survivor regions: 43->44(73)
[6467.531s][info][gc,heap        ] GC(1082) Old regions: 241->249
[6467.531s][info][gc,heap        ] GC(1082) Humongous regions: 33->33
[6467.531s][info][gc,metaspace   ] GC(1082) Metaspace: 29946K(30400K)->29946K(30400K) NonClass: 24537K(24768K)->24537K(24768K) Class: 5408K(5632K)->5408K(5632K)
[6467.531s][info][gc             ] GC(1082) Pause Young (Prepare Mixed) (G1 Evacuation Pause) 6826M->2587M(8192M) 151.247ms
[6467.531s][info][gc,cpu         ] GC(1082) User=1.20s Sys=0.00s Real=0.15s
.. (rIR:aIR:PR = 11510:11434:11429) (tPR = 169413) [OK] 
  6469s: Performance info:
         Transaction,    Success,    Partial,     Failed,   Receipts, AvgBarcode, 
             Overall,     713032,          0,          0,     677037,      59.47, 
         Response times:
             Request,    Success,    Partial,     Failed,   SkipFail,     Probes,    Samples,      min,      p50,      p90,      p95,      p99,      max, 
       TotalPurchase,     677365,          0,          0,          0,     361330,     466912,      300,    13800,    98000,   159000,   332000,  3700000,
     InStorePurchase,     356599,          0,          0,          0,     189871,     245407,      300,    13800,    98000,   158000,   321920,  3700000,
      OnlinePurchase,     249482,          0,          0,          0,     132890,     171734,      300,    13800,    99000,   162000,   338000,  3700000,
        InstPurchase,      71284,          0,          0,          0,      38569,      49771,      400,    13700,    96000,   158000,   337280,  2800000,
          AssocOfCat,        718,          0,          0,          0,        594,        879,    30000,    73000,   164000,   217000,   428600,   566000,
      AssocOfProduct,       7168,          0,          0,          0,       4313,       5829,      800,    14000,   103000,   160000,   301900,  1000000,
      BusinessReport,       1780,          0,          0,          0,       1599,       2237,    35000,    80000,   177400,   236000,   514820,  1900000,
          CustBuyBeh,       7121,          0,          0,          0,       4240,       5625,      500,    13400,    97400,   160000,   302000,  1000000,
       ProductReturn,      19186,          0,          0,          0,       9573,      12564,      200,    13500,    94000,   157000,   359000,  2800000,

  6469s: (82%)   IR =  11652 .[6470.479s][info][gc,start       ] GC(1083) Pause Young (Mixed) (G1 Evacuation Pause)
[6470.479s][info][gc,task        ] GC(1083) Using 8 workers of 8 for evacuation
[6470.633s][info][gc,phases      ] GC(1083)   Pre Evacuate Collection Set: 0.26ms
[6470.633s][info][gc,phases      ] GC(1083)   Merge Heap Roots: 0.86ms
[6470.633s][info][gc,phases      ] GC(1083)   Evacuate Collection Set: 152.23ms
[6470.633s][info][gc,phases      ] GC(1083)   Post Evacuate Collection Set: 1.22ms
[6470.633s][info][gc,phases      ] GC(1083)   Other: 0.08ms
[6470.633s][info][gc,heap        ] GC(1083) Eden regions: 570->0(573)
[6470.633s][info][gc,heap        ] GC(1083) Survivor regions: 44->41(77)
[6470.633s][info][gc,heap        ] GC(1083) Old regions: 249->155
[6470.633s][info][gc,heap        ] GC(1083) Humongous regions: 33->33
[6470.633s][info][gc,metaspace   ] GC(1083) Metaspace: 29946K(30400K)->29946K(30400K) NonClass: 24537K(24768K)->24537K(24768K) Class: 5408K(5632K)->5408K(5632K)
[6470.633s][info][gc             ] GC(1083) Pause Young (Mixed) (G1 Evacuation Pause) 7147M->1815M(8192M) 154.785ms
[6470.633s][info][gc,cpu         ] GC(1083) User=1.23s Sys=0.00s Real=0.15s
...[6473.706s][info][gc,start       ] GC(1084) Pause Young (Mixed) (G1 Evacuation Pause)
[6473.706s][info][gc,task        ] GC(1084) Using 8 workers of 8 for evacuation
[6473.860s][info][gc,phases      ] GC(1084)   Pre Evacuate Collection Set: 0.22ms
[6473.860s][info][gc,phases      ] GC(1084)   Merge Heap Roots: 0.73ms
[6473.860s][info][gc,phases      ] GC(1084)   Evacuate Collection Set: 152.54ms
[6473.860s][info][gc,phases      ] GC(1084)   Post Evacuate Collection Set: 1.01ms
[6473.860s][info][gc,phases      ] GC(1084)   Other: 0.07ms
[6473.860s][info][gc,heap        ] GC(1084) Eden regions: 573->0(571)
[6473.860s][info][gc,heap        ] GC(1084) Survivor regions: 41->43(77)
[6473.860s][info][gc,heap        ] GC(1084) Old regions: 155->144
[6473.860s][info][gc,heap        ] GC(1084) Humongous regions: 33->33
[6473.860s][info][gc,metaspace   ] GC(1084) Metaspace: 29946K(30400K)->29946K(30400K) NonClass: 24537K(24768K)->24537K(24768K) Class: 5408K(5632K)->5408K(5632K)
[6473.860s][info][gc             ] GC(1084) Pause Young (Mixed) (G1 Evacuation Pause) 6399M->1740M(8192M) 154.700ms
[6473.861s][info][gc,cpu         ] GC(1084) User=1.22s Sys=0.00s Real=0.15s
...|[6477.031s][info][gc,start       ] GC(1085) Pause Young (Normal) (G1 Evacuation Pause)
[6477.031s][info][gc,task        ] GC(1085) Using 8 workers of 8 for evacuation
[6477.190s][info][gc,phases      ] GC(1085)   Pre Evacuate Collection Set: 0.22ms
[6477.190s][info][gc,phases      ] GC(1085)   Merge Heap Roots: 0.51ms
[6477.190s][info][gc,phases      ] GC(1085)   Evacuate Collection Set: 156.50ms
[6477.190s][info][gc,phases      ] GC(1085)   Post Evacuate Collection Set: 1.00ms
[6477.190s][info][gc,phases      ] GC(1085)   Other: 0.06ms
[6477.190s][info][gc,heap        ] GC(1085) Eden regions: 571->0(569)
[6477.190s][info][gc,heap        ] GC(1085) Survivor regions: 43->45(77)
[6477.190s][info][gc,heap        ] GC(1085) Old regions: 144->151
[6477.190s][info][gc,heap        ] GC(1085) Humongous regions: 33->33
[6477.190s][info][gc,metaspace   ] GC(1085) Metaspace: 29946K(30400K)->29946K(30400K) NonClass: 24537K(24768K)->24537K(24768K) Class: 5408K(5632K)->5408K(5632K)
[6477.190s][info][gc             ] GC(1085) Pause Young (Normal) (G1 Evacuation Pause) 6308M->1813M(8192M) 158.430ms
[6477.190s][info][gc,cpu         ] GC(1085) User=1.26s Sys=0.00s Real=0.16s
...[6480.274s][info][gc,start       ] GC(1086) Pause Young (Normal) (G1 Evacuation Pause)
[6480.274s][info][gc,task        ] GC(1086) Using 8 workers of 8 for evacuation
[6480.428s][info][gc,phases      ] GC(1086)   Pre Evacuate Collection Set: 0.23ms
[6480.428s][info][gc,phases      ] GC(1086)   Merge Heap Roots: 0.51ms
[6480.428s][info][gc,phases      ] GC(1086)   Evacuate Collection Set: 151.62ms
[6480.428s][info][gc,phases      ] GC(1086)   Post Evacuate Collection Set: 1.01ms
[6480.428s][info][gc,phases      ] GC(1086)   Other: 0.06ms
[6480.428s][info][gc,heap        ] GC(1086) Eden regions: 569->0(570)
[6480.428s][info][gc,heap        ] GC(1086) Survivor regions: 45->44(77)
[6480.428s][info][gc,heap        ] GC(1086) Old regions: 151->158
[6480.428s][info][gc,heap        ] GC(1086) Humongous regions: 33->33
[6480.428s][info][gc,metaspace   ] GC(1086) Metaspace: 29946K(30400K)->29946K(30400K) NonClass: 24537K(24768K)->24537K(24768K) Class: 5408K(5632K)->5408K(5632K)
[6480.428s][info][gc             ] GC(1086) Pause Young (Normal) (G1 Evacuation Pause) 6365M->1867M(8192M) 153.562ms
[6480.428s][info][gc,cpu         ] GC(1086) User=1.21s Sys=0.00s Real=0.16s
....[6483.557s][info][gc,start       ] GC(1087) Pause Young (Normal) (G1 Evacuation Pause)
[6483.557s][info][gc,task        ] GC(1087) Using 8 workers of 8 for evacuation
[6483.708s][info][gc,phases      ] GC(1087)   Pre Evacuate Collection Set: 0.23ms
[6483.708s][info][gc,phases      ] GC(1087)   Merge Heap Roots: 0.50ms
[6483.708s][info][gc,phases      ] GC(1087)   Evacuate Collection Set: 148.70ms
[6483.708s][info][gc,phases      ] GC(1087)   Post Evacuate Collection Set: 0.99ms
[6483.708s][info][gc,phases      ] GC(1087)   Other: 0.06ms
[6483.708s][info][gc,heap        ] GC(1087) Eden regions: 570->0(570)
[6483.708s][info][gc,heap        ] GC(1087) Survivor regions: 44->44(77)
[6483.708s][info][gc,heap        ] GC(1087) Old regions: 158->166
[6483.708s][info][gc,heap        ] GC(1087) Humongous regions: 33->33
[6483.708s][info][gc,metaspace   ] GC(1087) Metaspace: 29946K(30400K)->29946K(30400K) NonClass: 24537K(24768K)->24537K(24768K) Class: 5408K(5632K)->5408K(5632K)
[6483.708s][info][gc             ] GC(1087) Pause Young (Normal) (G1 Evacuation Pause) 6427M->1922M(8192M) 150.611ms
[6483.708s][info][gc,cpu         ] GC(1087) User=1.19s Sys=0.00s Real=0.15s
...[6486.871s][info][gc,start       ] GC(1088) Pause Young (Normal) (G1 Evacuation Pause)
[6486.871s][info][gc,task        ] GC(1088) Using 8 workers of 8 for evacuation
[6487.022s][info][gc,phases      ] GC(1088)   Pre Evacuate Collection Set: 0.23ms
[6487.022s][info][gc,phases      ] GC(1088)   Merge Heap Roots: 0.52ms
[6487.022s][info][gc,phases      ] GC(1088)   Evacuate Collection Set: 148.38ms
[6487.022s][info][gc,phases      ] GC(1088)   Post Evacuate Collection Set: 1.05ms
[6487.022s][info][gc,phases      ] GC(1088)   Other: 0.07ms
[6487.022s][info][gc,heap        ] GC(1088) Eden regions: 570->0(570)
[6487.022s][info][gc,heap        ] GC(1088) Survivor regions: 44->44(77)
[6487.022s][info][gc,heap        ] GC(1088) Old regions: 166->173
[6487.022s][info][gc,heap        ] GC(1088) Humongous regions: 33->33
[6487.022s][info][gc,metaspace   ] GC(1088) Metaspace: 29946K(30400K)->29946K(30400K) NonClass: 24537K(24768K)->24537K(24768K) Class: 5408K(5632K)->5408K(5632K)
[6487.022s][info][gc             ] GC(1088) Pause Young (Normal) (G1 Evacuation Pause) 6482M->1978M(8192M) 150.392ms
[6487.022s][info][gc,cpu         ] GC(1088) User=1.19s Sys=0.00s Real=0.15s
...[6490.056s][info][gc,start       ] GC(1089) Pause Young (Normal) (G1 Evacuation Pause)
[6490.056s][info][gc,task        ] GC(1089) Using 8 workers of 8 for evacuation
[6490.207s][info][gc,phases      ] GC(1089)   Pre Evacuate Collection Set: 0.23ms
[6490.207s][info][gc,phases      ] GC(1089)   Merge Heap Roots: 0.51ms
[6490.207s][info][gc,phases      ] GC(1089)   Evacuate Collection Set: 149.07ms
[6490.207s][info][gc,phases      ] GC(1089)   Post Evacuate Collection Set: 0.97ms
[6490.207s][info][gc,phases      ] GC(1089)   Other: 0.06ms
[6490.207s][info][gc,heap        ] GC(1089) Eden regions: 570->0(570)
[6490.207s][info][gc,heap        ] GC(1089) Survivor regions: 44->44(77)
[6490.207s][info][gc,heap        ] GC(1089) Old regions: 173->180
[6490.207s][info][gc,heap        ] GC(1089) Humongous regions: 33->33
[6490.207s][info][gc,metaspace   ] GC(1089) Metaspace: 29946K(30400K)->29946K(30400K) NonClass: 24537K(24768K)->24537K(24768K) Class: 5408K(5632K)->5408K(5632K)
[6490.207s][info][gc             ] GC(1089) Pause Young (Normal) (G1 Evacuation Pause) 6538M->2040M(8192M) 150.962ms
[6490.207s][info][gc,cpu         ] GC(1089) User=1.20s Sys=0.00s Real=0.15s
...[6493.306s][info][gc,start       ] GC(1090) Pause Young (Normal) (G1 Evacuation Pause)
[6493.306s][info][gc,task        ] GC(1090) Using 8 workers of 8 for evacuation
[6493.459s][info][gc,phases      ] GC(1090)   Pre Evacuate Collection Set: 0.26ms
[6493.459s][info][gc,phases      ] GC(1090)   Merge Heap Roots: 0.51ms
[6493.459s][info][gc,phases      ] GC(1090)   Evacuate Collection Set: 150.52ms
[6493.459s][info][gc,phases      ] GC(1090)   Post Evacuate Collection Set: 1.03ms
[6493.459s][info][gc,phases      ] GC(1090)   Other: 0.06ms
[6493.459s][info][gc,heap        ] GC(1090) Eden regions: 570->0(569)
[6493.459s][info][gc,heap        ] GC(1090) Survivor regions: 44->45(77)
[6493.459s][info][gc,heap        ] GC(1090) Old regions: 180->187
[6493.459s][info][gc,heap        ] GC(1090) Humongous regions: 33->33
[6493.459s][info][gc,metaspace   ] GC(1090) Metaspace: 29946K(30400K)->29946K(30400K) NonClass: 24537K(24768K)->24537K(24768K) Class: 5408K(5632K)->5408K(5632K)
[6493.459s][info][gc             ] GC(1090) Pause Young (Normal) (G1 Evacuation Pause) 6600M->2100M(8192M) 152.511ms
[6493.459s][info][gc,cpu         ] GC(1090) User=1.20s Sys=0.00s Real=0.15s
....[6496.527s][info][gc,start       ] GC(1091) Pause Young (Normal) (G1 Evacuation Pause)
[6496.527s][info][gc,task        ] GC(1091) Using 8 workers of 8 for evacuation
[6496.676s][info][gc,phases      ] GC(1091)   Pre Evacuate Collection Set: 0.25ms
[6496.676s][info][gc,phases      ] GC(1091)   Merge Heap Roots: 0.60ms
[6496.676s][info][gc,phases      ] GC(1091)   Evacuate Collection Set: 147.29ms
[6496.676s][info][gc,phases      ] GC(1091)   Post Evacuate Collection Set: 1.00ms
[6496.676s][info][gc,phases      ] GC(1091)   Other: 0.07ms
[6496.676s][info][gc,heap        ] GC(1091) Eden regions: 569->0(571)
[6496.676s][info][gc,heap        ] GC(1091) Survivor regions: 45->43(77)
[6496.676s][info][gc,heap        ] GC(1091) Old regions: 187->194
[6496.676s][info][gc,heap        ] GC(1091) Humongous regions: 33->33
[6496.676s][info][gc,metaspace   ] GC(1091) Metaspace: 29946K(30400K)->29946K(30400K) NonClass: 24537K(24768K)->24537K(24768K) Class: 5408K(5632K)->5408K(5632K)
[6496.677s][info][gc             ] GC(1091) Pause Young (Normal) (G1 Evacuation Pause) 6652M->2140M(8192M) 149.355ms
[6496.677s][info][gc,cpu         ] GC(1091) User=1.18s Sys=0.00s Real=0.15s
...[6499.773s][info][gc,start       ] GC(1092) Pause Young (Normal) (G1 Evacuation Pause)
[6499.773s][info][gc,task        ] GC(1092) Using 8 workers of 8 for evacuation
[6499.926s][info][gc,phases      ] GC(1092)   Pre Evacuate Collection Set: 0.22ms
[6499.926s][info][gc,phases      ] GC(1092)   Merge Heap Roots: 0.50ms
[6499.926s][info][gc,phases      ] GC(1092)   Evacuate Collection Set: 151.64ms
[6499.926s][info][gc,phases      ] GC(1092)   Post Evacuate Collection Set: 0.99ms
[6499.926s][info][gc,phases      ] GC(1092)   Other: 0.06ms
[6499.926s][info][gc,heap        ] GC(1092) Eden regions: 571->0(570)
[6499.926s][info][gc,heap        ] GC(1092) Survivor regions: 43->44(77)
[6499.926s][info][gc,heap        ] GC(1092) Old regions: 194->201
[6499.926s][info][gc,heap        ] GC(1092) Humongous regions: 33->33
[6499.926s][info][gc,metaspace   ] GC(1092) Metaspace: 29946K(30400K)->29946K(30400K) NonClass: 24537K(24768K)->24537K(24768K) Class: 5408K(5632K)->5408K(5632K)
[6499.926s][info][gc             ] GC(1092) Pause Young (Normal) (G1 Evacuation Pause) 6708M->2209M(8192M) 153.540ms
[6499.926s][info][gc,cpu         ] GC(1092) User=1.22s Sys=0.00s Real=0.16s
...[6503.113s][info][gc,start       ] GC(1093) Pause Young (Normal) (G1 Evacuation Pause)
[6503.113s][info][gc,task        ] GC(1093) Using 8 workers of 8 for evacuation
[6503.264s][info][gc,phases      ] GC(1093)   Pre Evacuate Collection Set: 0.23ms
[6503.264s][info][gc,phases      ] GC(1093)   Merge Heap Roots: 0.52ms
[6503.264s][info][gc,phases      ] GC(1093)   Evacuate Collection Set: 149.44ms
[6503.264s][info][gc,phases      ] GC(1093)   Post Evacuate Collection Set: 0.99ms
[6503.264s][info][gc,phases      ] GC(1093)   Other: 0.07ms
[6503.264s][info][gc,heap        ] GC(1093) Eden regions: 570->0(570)
[6503.264s][info][gc,heap        ] GC(1093) Survivor regions: 44->44(77)
[6503.264s][info][gc,heap        ] GC(1093) Old regions: 201->208
[6503.264s][info][gc,heap        ] GC(1093) Humongous regions: 33->33
[6503.264s][info][gc,metaspace   ] GC(1093) Metaspace: 29946K(30400K)->29946K(30400K) NonClass: 24537K(24768K)->24537K(24768K) Class: 5408K(5632K)->5408K(5632K)
[6503.264s][info][gc             ] GC(1093) Pause Young (Normal) (G1 Evacuation Pause) 6769M->2267M(8192M) 151.377ms
[6503.264s][info][gc,cpu         ] GC(1093) User=1.20s Sys=0.00s Real=0.15s
...[6506.404s][info][gc,start       ] GC(1094) Pause Young (Normal) (G1 Evacuation Pause)
[6506.404s][info][gc,task        ] GC(1094) Using 8 workers of 8 for evacuation
[6506.559s][info][gc,phases      ] GC(1094)   Pre Evacuate Collection Set: 0.23ms
[6506.559s][info][gc,phases      ] GC(1094)   Merge Heap Roots: 0.50ms
[6506.559s][info][gc,phases      ] GC(1094)   Evacuate Collection Set: 153.31ms
[6506.559s][info][gc,phases      ] GC(1094)   Post Evacuate Collection Set: 1.02ms
[6506.559s][info][gc,phases      ] GC(1094)   Other: 0.06ms
[6506.559s][info][gc,heap        ] GC(1094) Eden regions: 570->0(570)
[6506.559s][info][gc,heap        ] GC(1094) Survivor regions: 44->44(77)
[6506.559s][info][gc,heap        ] GC(1094) Old regions: 208->215
[6506.559s][info][gc,heap        ] GC(1094) Humongous regions: 33->33
[6506.559s][info][gc,metaspace   ] GC(1094) Metaspace: 29946K(30400K)->29946K(30400K) NonClass: 24537K(24768K)->24537K(24768K) Class: 5408K(5632K)->5408K(5632K)
[6506.559s][info][gc             ] GC(1094) Pause Young (Normal) (G1 Evacuation Pause) 6827M->2319M(8192M) 155.249ms
[6506.559s][info][gc,cpu         ] GC(1094) User=1.23s Sys=0.00s Real=0.16s
....[6509.650s][info][gc,start       ] GC(1095) Pause Young (Normal) (G1 Evacuation Pause)
[6509.650s][info][gc,task        ] GC(1095) Using 8 workers of 8 for evacuation
[6509.804s][info][gc,phases      ] GC(1095)   Pre Evacuate Collection Set: 0.23ms
[6509.804s][info][gc,phases      ] GC(1095)   Merge Heap Roots: 0.52ms
[6509.804s][info][gc,phases      ] GC(1095)   Evacuate Collection Set: 152.44ms
[6509.804s][info][gc,phases      ] GC(1095)   Post Evacuate Collection Set: 1.00ms
[6509.804s][info][gc,phases      ] GC(1095)   Other: 0.06ms
[6509.804s][info][gc,heap        ] GC(1095) Eden regions: 570->0(570)
[6509.804s][info][gc,heap        ] GC(1095) Survivor regions: 44->44(77)
[6509.804s][info][gc,heap        ] GC(1095) Old regions: 215->222
[6509.804s][info][gc,heap        ] GC(1095) Humongous regions: 33->33
[6509.804s][info][gc,metaspace   ] GC(1095) Metaspace: 29946K(30400K)->29946K(30400K) NonClass: 24537K(24768K)->24537K(24768K) Class: 5408K(5632K)->5408K(5632K)
[6509.804s][info][gc             ] GC(1095) Pause Young (Normal) (G1 Evacuation Pause) 6879M->2376M(8192M) 154.392ms
[6509.804s][info][gc,cpu         ] GC(1095) User=1.23s Sys=0.00s Real=0.15s
...[6512.841s][info][gc,start       ] GC(1096) Pause Young (Normal) (G1 Evacuation Pause)
[6512.841s][info][gc,task        ] GC(1096) Using 8 workers of 8 for evacuation
[6512.990s][info][gc,phases      ] GC(1096)   Pre Evacuate Collection Set: 0.26ms
[6512.990s][info][gc,phases      ] GC(1096)   Merge Heap Roots: 0.53ms
[6512.990s][info][gc,phases      ] GC(1096)   Evacuate Collection Set: 146.52ms
[6512.990s][info][gc,phases      ] GC(1096)   Post Evacuate Collection Set: 1.04ms
[6512.990s][info][gc,phases      ] GC(1096)   Other: 0.06ms
[6512.990s][info][gc,heap        ] GC(1096) Eden regions: 570->0(571)
[6512.990s][info][gc,heap        ] GC(1096) Survivor regions: 44->43(77)
[6512.990s][info][gc,heap        ] GC(1096) Old regions: 222->229
[6512.990s][info][gc,heap        ] GC(1096) Humongous regions: 33->33
[6512.990s][info][gc,metaspace   ] GC(1096) Metaspace: 29946K(30400K)->29946K(30400K) NonClass: 24537K(24768K)->24537K(24768K) Class: 5408K(5632K)->5408K(5632K)
[6512.990s][info][gc             ] GC(1096) Pause Young (Normal) (G1 Evacuation Pause) 6936M->2424M(8192M) 148.553ms
[6512.990s][info][gc,cpu         ] GC(1096) User=1.18s Sys=0.00s Real=0.15s
...[6516.183s][info][gc,start       ] GC(1097) Pause Young (Normal) (G1 Evacuation Pause)
[6516.183s][info][gc,task        ] GC(1097) Using 8 workers of 8 for evacuation
[6516.333s][info][gc,phases      ] GC(1097)   Pre Evacuate Collection Set: 0.25ms
[6516.333s][info][gc,phases      ] GC(1097)   Merge Heap Roots: 0.53ms
[6516.333s][info][gc,phases      ] GC(1097)   Evacuate Collection Set: 147.97ms
[6516.333s][info][gc,phases      ] GC(1097)   Post Evacuate Collection Set: 0.99ms
[6516.333s][info][gc,phases      ] GC(1097)   Other: 0.06ms
[6516.333s][info][gc,heap        ] GC(1097) Eden regions: 571->0(571)
[6516.333s][info][gc,heap        ] GC(1097) Survivor regions: 43->43(77)
[6516.333s][info][gc,heap        ] GC(1097) Old regions: 229->236
[6516.333s][info][gc,heap        ] GC(1097) Humongous regions: 33->33
[6516.333s][info][gc,metaspace   ] GC(1097) Metaspace: 29946K(30400K)->29946K(30400K) NonClass: 24537K(24768K)->24537K(24768K) Class: 5408K(5632K)->5408K(5632K)
[6516.333s][info][gc             ] GC(1097) Pause Young (Normal) (G1 Evacuation Pause) 6992M->2483M(8192M) 149.928ms
[6516.333s][info][gc,cpu         ] GC(1097) User=1.19s Sys=0.00s Real=0.15s
...[6519.511s][info][gc,start       ] GC(1098) Pause Young (Normal) (G1 Evacuation Pause)
[6519.512s][info][gc,task        ] GC(1098) Using 8 workers of 8 for evacuation
[6519.657s][info][gc,phases      ] GC(1098)   Pre Evacuate Collection Set: 0.25ms
[6519.658s][info][gc,phases      ] GC(1098)   Merge Heap Roots: 0.54ms
[6519.658s][info][gc,phases      ] GC(1098)   Evacuate Collection Set: 144.06ms
[6519.658s][info][gc,phases      ] GC(1098)   Post Evacuate Collection Set: 1.04ms
[6519.658s][info][gc,phases      ] GC(1098)   Other: 0.06ms
[6519.658s][info][gc,heap        ] GC(1098) Eden regions: 571->0(572)
[6519.658s][info][gc,heap        ] GC(1098) Survivor regions: 43->42(77)
[6519.658s][info][gc,heap        ] GC(1098) Old regions: 236->243
[6519.658s][info][gc,heap        ] GC(1098) Humongous regions: 33->33
[6519.658s][info][gc,metaspace   ] GC(1098) Metaspace: 29946K(30400K)->29946K(30400K) NonClass: 24537K(24768K)->24537K(24768K) Class: 5408K(5632K)->5408K(5632K)
[6519.658s][info][gc             ] GC(1098) Pause Young (Normal) (G1 Evacuation Pause) 7051M->2531M(8192M) 146.099ms
[6519.658s][info][gc,cpu         ] GC(1098) User=1.15s Sys=0.00s Real=0.15s
....[6522.768s][info][gc,start       ] GC(1099) Pause Young (Normal) (G1 Evacuation Pause)
[6522.768s][info][gc,task        ] GC(1099) Using 8 workers of 8 for evacuation
[6522.916s][info][gc,phases      ] GC(1099)   Pre Evacuate Collection Set: 0.24ms
[6522.916s][info][gc,phases      ] GC(1099)   Merge Heap Roots: 0.52ms
[6522.916s][info][gc,phases      ] GC(1099)   Evacuate Collection Set: 146.32ms
[6522.916s][info][gc,phases      ] GC(1099)   Post Evacuate Collection Set: 1.01ms
[6522.916s][info][gc,phases      ] GC(1099)   Other: 0.06ms
[6522.916s][info][gc,heap        ] GC(1099) Eden regions: 572->0(570)
[6522.916s][info][gc,heap        ] GC(1099) Survivor regions: 42->44(77)
[6522.916s][info][gc,heap        ] GC(1099) Old regions: 243->250
[6522.916s][info][gc,heap        ] GC(1099) Humongous regions: 33->33
[6522.916s][info][gc,metaspace   ] GC(1099) Metaspace: 29946K(30400K)->29946K(30400K) NonClass: 24537K(24768K)->24537K(24768K) Class: 5408K(5632K)->5408K(5632K)
[6522.916s][info][gc             ] GC(1099) Pause Young (Normal) (G1 Evacuation Pause) 7107M->2599M(8192M) 148.278ms
[6522.916s][info][gc,cpu         ] GC(1099) User=1.18s Sys=0.00s Real=0.15s
...[6525.991s][info][gc,start       ] GC(1100) Pause Young (Normal) (G1 Evacuation Pause)
[6525.991s][info][gc,task        ] GC(1100) Using 8 workers of 8 for evacuation
[6526.140s][info][gc,phases      ] GC(1100)   Pre Evacuate Collection Set: 0.23ms
[6526.140s][info][gc,phases      ] GC(1100)   Merge Heap Roots: 0.52ms
[6526.140s][info][gc,phases      ] GC(1100)   Evacuate Collection Set: 146.94ms
[6526.140s][info][gc,phases      ] GC(1100)   Post Evacuate Collection Set: 0.99ms
[6526.140s][info][gc,phases      ] GC(1100)   Other: 0.07ms
[6526.140s][info][gc,heap        ] GC(1100) Eden regions: 570->0(571)
[6526.140s][info][gc,heap        ] GC(1100) Survivor regions: 44->43(77)
[6526.140s][info][gc,heap        ] GC(1100) Old regions: 250->257
[6526.140s][info][gc,heap        ] GC(1100) Humongous regions: 33->33
[6526.140s][info][gc,metaspace   ] GC(1100) Metaspace: 29946K(30400K)->29946K(30400K) NonClass: 24537K(24768K)->24537K(24768K) Class: 5408K(5632K)->5408K(5632K)
[6526.140s][info][gc             ] GC(1100) Pause Young (Normal) (G1 Evacuation Pause) 7159M->2651M(8192M) 148.876ms
[6526.140s][info][gc,cpu         ] GC(1100) User=1.18s Sys=0.00s Real=0.15s
...[6529.265s][info][gc,start       ] GC(1101) Pause Young (Normal) (G1 Evacuation Pause)
[6529.265s][info][gc,task        ] GC(1101) Using 8 workers of 8 for evacuation
[6529.417s][info][gc,phases      ] GC(1101)   Pre Evacuate Collection Set: 0.23ms
[6529.417s][info][gc,phases      ] GC(1101)   Merge Heap Roots: 0.51ms
[6529.417s][info][gc,phases      ] GC(1101)   Evacuate Collection Set: 150.21ms
[6529.417s][info][gc,phases      ] GC(1101)   Post Evacuate Collection Set: 1.02ms
[6529.417s][info][gc,phases      ] GC(1101)   Other: 0.07ms
[6529.417s][info][gc,heap        ] GC(1101) Eden regions: 571->0(571)
[6529.417s][info][gc,heap        ] GC(1101) Survivor regions: 43->43(77)
[6529.417s][info][gc,heap        ] GC(1101) Old regions: 257->264
[6529.417s][info][gc,heap        ] GC(1101) Humongous regions: 33->33
[6529.417s][info][gc,metaspace   ] GC(1101) Metaspace: 29946K(30400K)->29946K(30400K) NonClass: 24537K(24768K)->24537K(24768K) Class: 5408K(5632K)->5408K(5632K)
[6529.417s][info][gc             ] GC(1101) Pause Young (Normal) (G1 Evacuation Pause) 7219M->2703M(8192M) 152.179ms
[6529.417s][info][gc,cpu         ] GC(1101) User=1.21s Sys=0.01s Real=0.15s
...[6532.587s][info][gc,start       ] GC(1102) Pause Young (Normal) (G1 Evacuation Pause)
[6532.587s][info][gc,task        ] GC(1102) Using 8 workers of 8 for evacuation
[6532.739s][info][gc,phases      ] GC(1102)   Pre Evacuate Collection Set: 0.26ms
[6532.739s][info][gc,phases      ] GC(1102)   Merge Heap Roots: 0.54ms
[6532.739s][info][gc,phases      ] GC(1102)   Evacuate Collection Set: 150.75ms
[6532.739s][info][gc,phases      ] GC(1102)   Post Evacuate Collection Set: 1.06ms
[6532.739s][info][gc,phases      ] GC(1102)   Other: 0.06ms
[6532.739s][info][gc,heap        ] GC(1102) Eden regions: 571->0(570)
[6532.739s][info][gc,heap        ] GC(1102) Survivor regions: 43->44(77)
[6532.739s][info][gc,heap        ] GC(1102) Old regions: 264->271
[6532.739s][info][gc,heap        ] GC(1102) Humongous regions: 33->33
[6532.739s][info][gc,metaspace   ] GC(1102) Metaspace: 29946K(30400K)->29946K(30400K) NonClass: 24537K(24768K)->24537K(24768K) Class: 5408K(5632K)->5408K(5632K)
[6532.739s][info][gc             ] GC(1102) Pause Young (Normal) (G1 Evacuation Pause) 7271M->2767M(8192M) 152.816ms
[6532.739s][info][gc,cpu         ] GC(1102) User=1.21s Sys=0.00s Real=0.15s
....[6535.895s][info][gc,start       ] GC(1103) Pause Young (Normal) (G1 Evacuation Pause)
[6535.895s][info][gc,task        ] GC(1103) Using 8 workers of 8 for evacuation
[6536.049s][info][gc,phases      ] GC(1103)   Pre Evacuate Collection Set: 0.23ms
[6536.049s][info][gc,phases      ] GC(1103)   Merge Heap Roots: 0.52ms
[6536.049s][info][gc,phases      ] GC(1103)   Evacuate Collection Set: 152.04ms
[6536.049s][info][gc,phases      ] GC(1103)   Post Evacuate Collection Set: 1.03ms
[6536.049s][info][gc,phases      ] GC(1103)   Other: 0.06ms
[6536.049s][info][gc,heap        ] GC(1103) Eden regions: 570->0(570)
[6536.049s][info][gc,heap        ] GC(1103) Survivor regions: 44->44(77)
[6536.049s][info][gc,heap        ] GC(1103) Old regions: 271->278
[6536.049s][info][gc,heap        ] GC(1103) Humongous regions: 33->33
[6536.049s][info][gc,metaspace   ] GC(1103) Metaspace: 29946K(30400K)->29946K(30400K) NonClass: 24537K(24768K)->24537K(24768K) Class: 5408K(5632K)->5408K(5632K)
[6536.049s][info][gc             ] GC(1103) Pause Young (Normal) (G1 Evacuation Pause) 7327M->2823M(8192M) 154.014ms
[6536.049s][info][gc,cpu         ] GC(1103) User=1.22s Sys=0.00s Real=0.15s
. (rIR:aIR:PR = 11652:11705:11686) (tPR = 171934) [OK] 
  6536s: Performance info:
         Transaction,    Success,    Partial,     Failed,   Receipts, AvgBarcode, 
             Overall,     706126,          0,          0,     670835,      59.48, 
         Response times:
             Request,    Success,    Partial,     Failed,   SkipFail,     Probes,    Samples,      min,      p50,      p90,      p95,      p99,      max, 
       TotalPurchase,     671854,          0,          0,          0,     354733,     405980,      300,    16400,    96000,   127000,   190000,  1300000,
     InStorePurchase,     355844,          0,          0,          0,     186164,     213360,      300,    16400,    96000,   126000,   188000,  1300000,
      OnlinePurchase,     245986,          0,          0,          0,     131235,     149802,      300,    16300,    96000,   127000,   197000,  1100000,
        InstPurchase,      70024,          0,          0,          0,      37334,      42818,      500,    16400,    94000,   126000,   179000,  1100000,
          AssocOfCat,        705,          0,          0,          0,        597,        781,    37000,    76000,   150000,   187500,   242000,   335000,
      AssocOfProduct,       6830,          0,          0,          0,       4205,       4999,      600,    16500,    94000,   126000,   185000,   670000,
      BusinessReport,       1762,          0,          0,          0,       1583,       1933,    38000,    85000,   166200,   205000,   267640,  1200000,
          CustBuyBeh,       7085,          0,          0,          0,       4282,       5117,      400,    15800,    91000,   124000,   174820,  1100000,
       ProductReturn,      19043,          0,          0,          0,       9466,      10999,      200,    15800,    96000,   128000,   195000,   780000,

  6536s: (83%)   IR =  11794 ..[6539.251s][info][gc,start       ] GC(1104) Pause Young (Normal) (G1 Evacuation Pause)
[6539.251s][info][gc,task        ] GC(1104) Using 8 workers of 8 for evacuation
[6539.410s][info][gc,phases      ] GC(1104)   Pre Evacuate Collection Set: 0.23ms
[6539.411s][info][gc,phases      ] GC(1104)   Merge Heap Roots: 0.51ms
[6539.411s][info][gc,phases      ] GC(1104)   Evacuate Collection Set: 157.21ms
[6539.411s][info][gc,phases      ] GC(1104)   Post Evacuate Collection Set: 0.99ms
[6539.411s][info][gc,phases      ] GC(1104)   Other: 0.06ms
[6539.411s][info][gc,heap        ] GC(1104) Eden regions: 570->0(563)
[6539.411s][info][gc,heap        ] GC(1104) Survivor regions: 44->45(77)
[6539.411s][info][gc,heap        ] GC(1104) Old regions: 278->286
[6539.411s][info][gc,heap        ] GC(1104) Humongous regions: 33->33
[6539.411s][info][gc,metaspace   ] GC(1104) Metaspace: 29946K(30400K)->29946K(30400K) NonClass: 24537K(24768K)->24537K(24768K) Class: 5408K(5632K)->5408K(5632K)
[6539.411s][info][gc             ] GC(1104) Pause Young (Normal) (G1 Evacuation Pause) 7383M->2895M(8192M) 159.140ms
[6539.411s][info][gc,cpu         ] GC(1104) User=1.26s Sys=0.00s Real=0.16s
...[6542.505s][info][gc,start       ] GC(1105) Pause Young (Normal) (G1 Evacuation Pause)
[6542.505s][info][gc,task        ] GC(1105) Using 8 workers of 8 for evacuation
[6542.650s][info][gc,phases      ] GC(1105)   Pre Evacuate Collection Set: 0.23ms
[6542.650s][info][gc,phases      ] GC(1105)   Merge Heap Roots: 0.53ms
[6542.650s][info][gc,phases      ] GC(1105)   Evacuate Collection Set: 143.20ms
[6542.650s][info][gc,phases      ] GC(1105)   Post Evacuate Collection Set: 0.99ms
[6542.650s][info][gc,phases      ] GC(1105)   Other: 0.08ms
[6542.650s][info][gc,heap        ] GC(1105) Eden regions: 563->0(562)
[6542.650s][info][gc,heap        ] GC(1105) Survivor regions: 45->42(76)
[6542.650s][info][gc,heap        ] GC(1105) Old regions: 286->293
[6542.650s][info][gc,heap        ] GC(1105) Humongous regions: 33->33
[6542.650s][info][gc,metaspace   ] GC(1105) Metaspace: 29946K(30400K)->29946K(30400K) NonClass: 24537K(24768K)->24537K(24768K) Class: 5408K(5632K)->5408K(5632K)
[6542.650s][info][gc             ] GC(1105) Pause Young (Normal) (G1 Evacuation Pause) 7399M->2926M(8192M) 145.145ms
[6542.650s][info][gc,cpu         ] GC(1105) User=1.15s Sys=0.00s Real=0.14s
...[6545.681s][info][gc,start       ] GC(1106) Pause Young (Normal) (G1 Evacuation Pause)
[6545.681s][info][gc,task        ] GC(1106) Using 8 workers of 8 for evacuation
[6545.829s][info][gc,phases      ] GC(1106)   Pre Evacuate Collection Set: 0.23ms
[6545.829s][info][gc,phases      ] GC(1106)   Merge Heap Roots: 0.51ms
[6545.829s][info][gc,phases      ] GC(1106)   Evacuate Collection Set: 146.89ms
[6545.829s][info][gc,phases      ] GC(1106)   Post Evacuate Collection Set: 1.01ms
[6545.829s][info][gc,phases      ] GC(1106)   Other: 0.07ms
[6545.829s][info][gc,heap        ] GC(1106) Eden regions: 562->0(551)
[6545.829s][info][gc,heap        ] GC(1106) Survivor regions: 42->44(76)
[6545.829s][info][gc,heap        ] GC(1106) Old regions: 293->300
[6545.829s][info][gc,heap        ] GC(1106) Humongous regions: 33->33
[6545.829s][info][gc,metaspace   ] GC(1106) Metaspace: 29946K(30400K)->29946K(30400K) NonClass: 24537K(24768K)->24537K(24768K) Class: 5408K(5632K)->5408K(5632K)
[6545.829s][info][gc             ] GC(1106) Pause Young (Normal) (G1 Evacuation Pause) 7422M->2999M(8192M) 148.852ms
[6545.829s][info][gc,cpu         ] GC(1106) User=1.18s Sys=0.00s Real=0.15s
...[6548.730s][info][gc,start       ] GC(1107) Pause Young (Normal) (G1 Evacuation Pause)
[6548.730s][info][gc,task        ] GC(1107) Using 8 workers of 8 for evacuation
[6548.883s][info][gc,phases      ] GC(1107)   Pre Evacuate Collection Set: 0.24ms
[6548.883s][info][gc,phases      ] GC(1107)   Merge Heap Roots: 0.58ms
[6548.883s][info][gc,phases      ] GC(1107)   Evacuate Collection Set: 150.38ms
[6548.883s][info][gc,phases      ] GC(1107)   Post Evacuate Collection Set: 1.02ms
[6548.883s][info][gc,phases      ] GC(1107)   Other: 0.06ms
[6548.883s][info][gc,heap        ] GC(1107) Eden regions: 551->0(543)
[6548.883s][info][gc,heap        ] GC(1107) Survivor regions: 44->44(75)
[6548.883s][info][gc,heap        ] GC(1107) Old regions: 300->308
[6548.883s][info][gc,heap        ] GC(1107) Humongous regions: 33->33
[6548.883s][info][gc,metaspace   ] GC(1107) Metaspace: 29946K(30400K)->29946K(30400K) NonClass: 24537K(24768K)->24537K(24768K) Class: 5408K(5632K)->5408K(5632K)
[6548.883s][info][gc             ] GC(1107) Pause Young (Normal) (G1 Evacuation Pause) 7407M->3063M(8192M) 152.440ms
[6548.883s][info][gc,cpu         ] GC(1107) User=1.20s Sys=0.01s Real=0.15s
...[6551.905s][info][gc,start       ] GC(1108) Pause Young (Concurrent Start) (G1 Evacuation Pause)
[6551.905s][info][gc,task        ] GC(1108) Using 8 workers of 8 for evacuation
[6552.054s][info][gc,phases      ] GC(1108)   Pre Evacuate Collection Set: 0.28ms
[6552.054s][info][gc,phases      ] GC(1108)   Merge Heap Roots: 0.50ms
[6552.054s][info][gc,phases      ] GC(1108)   Evacuate Collection Set: 147.32ms
[6552.054s][info][gc,phases      ] GC(1108)   Post Evacuate Collection Set: 0.96ms
[6552.054s][info][gc,phases      ] GC(1108)   Other: 0.10ms
[6552.054s][info][gc,heap        ] GC(1108) Eden regions: 543->0(538)
[6552.054s][info][gc,heap        ] GC(1108) Survivor regions: 44->43(74)
[6552.054s][info][gc,heap        ] GC(1108) Old regions: 308->315
[6552.054s][info][gc,heap        ] GC(1108) Humongous regions: 33->33
[6552.054s][info][gc,metaspace   ] GC(1108) Metaspace: 29946K(30400K)->29946K(30400K) NonClass: 24537K(24768K)->24537K(24768K) Class: 5408K(5632K)->5408K(5632K)
[6552.054s][info][gc             ] GC(1108) Pause Young (Concurrent Start) (G1 Evacuation Pause) 7407M->3115M(8192M) 149.279ms
[6552.054s][info][gc             ] GC(1109) Concurrent Mark Cycle
[6552.054s][info][gc,marking     ] GC(1109) Concurrent Scan Root Regions
[6552.054s][info][gc,cpu         ] GC(1108) User=1.19s Sys=0.00s Real=0.14s
.[6552.371s][info][gc,marking     ] GC(1109) Concurrent Scan Root Regions 316.483ms
[6552.371s][info][gc,marking     ] GC(1109) Concurrent Mark
[6552.371s][info][gc,marking     ] GC(1109) Concurrent Mark From Roots
[6552.371s][info][gc,task        ] GC(1109) Using 2 workers of 2 for marking
.[6553.800s][info][gc,marking     ] GC(1109) Concurrent Mark From Roots 1429.276ms
[6553.800s][info][gc,marking     ] GC(1109) Concurrent Preclean
[6553.800s][info][gc,marking     ] GC(1109) Concurrent Preclean 0.137ms
[6553.801s][info][gc,start       ] GC(1109) Pause Remark
[6553.802s][info][gc             ] GC(1109) Pause Remark 5119M->4559M(8192M) 1.721ms
[6553.802s][info][gc,cpu         ] GC(1109) User=0.00s Sys=0.01s Real=0.00s
[6553.802s][info][gc,marking     ] GC(1109) Concurrent Mark 1431.475ms
[6553.802s][info][gc,marking     ] GC(1109) Concurrent Rebuild Remembered Sets and Scrub Regions
.[6554.524s][info][gc,marking     ] GC(1109) Concurrent Rebuild Remembered Sets and Scrub Regions 721.124ms
[6554.524s][info][gc,start       ] GC(1109) Pause Cleanup
[6554.524s][info][gc             ] GC(1109) Pause Cleanup 5451M->5451M(8192M) 0.274ms
[6554.524s][info][gc,cpu         ] GC(1109) User=0.00s Sys=0.00s Real=0.00s
[6554.524s][info][gc,marking     ] GC(1109) Concurrent Clear Claimed Marks
[6554.524s][info][gc,marking     ] GC(1109) Concurrent Clear Claimed Marks 0.044ms
[6554.524s][info][gc,marking     ] GC(1109) Concurrent Cleanup for Next Mark
[6554.534s][info][gc,marking     ] GC(1109) Concurrent Cleanup for Next Mark 9.818ms
[6554.534s][info][gc             ] GC(1109) Concurrent Mark Cycle 2479.667ms
.[6555.439s][info][gc,start       ] GC(1110) Pause Young (Prepare Mixed) (G1 Evacuation Pause)
[6555.439s][info][gc,task        ] GC(1110) Using 8 workers of 8 for evacuation
[6555.593s][info][gc,phases      ] GC(1110)   Pre Evacuate Collection Set: 0.23ms
[6555.593s][info][gc,phases      ] GC(1110)   Merge Heap Roots: 0.70ms
[6555.593s][info][gc,phases      ] GC(1110)   Evacuate Collection Set: 152.45ms
[6555.593s][info][gc,phases      ] GC(1110)   Post Evacuate Collection Set: 1.09ms
[6555.593s][info][gc,phases      ] GC(1110)   Other: 0.07ms
[6555.593s][info][gc,heap        ] GC(1110) Eden regions: 538->0(570)
[6555.593s][info][gc,heap        ] GC(1110) Survivor regions: 43->44(73)
[6555.593s][info][gc,heap        ] GC(1110) Old regions: 245->253
[6555.593s][info][gc,heap        ] GC(1110) Humongous regions: 33->33
[6555.593s][info][gc,metaspace   ] GC(1110) Metaspace: 29946K(30400K)->29946K(30400K) NonClass: 24537K(24768K)->24537K(24768K) Class: 5408K(5632K)->5408K(5632K)
[6555.593s][info][gc             ] GC(1110) Pause Young (Prepare Mixed) (G1 Evacuation Pause) 6859M->2620M(8192M) 154.670ms
[6555.593s][info][gc,cpu         ] GC(1110) User=1.22s Sys=0.00s Real=0.15s
...[6558.479s][info][gc,start       ] GC(1111) Pause Young (Mixed) (G1 Evacuation Pause)
[6558.479s][info][gc,task        ] GC(1111) Using 8 workers of 8 for evacuation
[6558.637s][info][gc,phases      ] GC(1111)   Pre Evacuate Collection Set: 0.26ms
[6558.637s][info][gc,phases      ] GC(1111)   Merge Heap Roots: 0.83ms
[6558.637s][info][gc,phases      ] GC(1111)   Evacuate Collection Set: 155.36ms
[6558.637s][info][gc,phases      ] GC(1111)   Post Evacuate Collection Set: 1.26ms
[6558.637s][info][gc,phases      ] GC(1111)   Other: 0.08ms
[6558.637s][info][gc,heap        ] GC(1111) Eden regions: 570->0(572)
[6558.637s][info][gc,heap        ] GC(1111) Survivor regions: 44->42(77)
[6558.637s][info][gc,heap        ] GC(1111) Old regions: 253->158
[6558.637s][info][gc,heap        ] GC(1111) Humongous regions: 33->33
[6558.637s][info][gc,metaspace   ] GC(1111) Metaspace: 29946K(30400K)->29946K(30400K) NonClass: 24537K(24768K)->24537K(24768K) Class: 5408K(5632K)->5408K(5632K)
[6558.637s][info][gc             ] GC(1111) Pause Young (Mixed) (G1 Evacuation Pause) 7180M->1850M(8192M) 157.922ms
[6558.637s][info][gc,cpu         ] GC(1111) User=1.25s Sys=0.00s Real=0.16s
...[6561.506s][info][gc,start       ] GC(1112) Pause Young (Mixed) (G1 Evacuation Pause)
[6561.506s][info][gc,task        ] GC(1112) Using 8 workers of 8 for evacuation
[6561.660s][info][gc,phases      ] GC(1112)   Pre Evacuate Collection Set: 0.25ms
[6561.660s][info][gc,phases      ] GC(1112)   Merge Heap Roots: 0.77ms
[6561.660s][info][gc,phases      ] GC(1112)   Evacuate Collection Set: 152.28ms
[6561.660s][info][gc,phases      ] GC(1112)   Post Evacuate Collection Set: 1.01ms
[6561.660s][info][gc,phases      ] GC(1112)   Other: 0.07ms
[6561.660s][info][gc,heap        ] GC(1112) Eden regions: 572->0(572)
[6561.660s][info][gc,heap        ] GC(1112) Survivor regions: 42->42(77)
[6561.660s][info][gc,heap        ] GC(1112) Old regions: 158->144
[6561.660s][info][gc,heap        ] GC(1112) Humongous regions: 33->33
[6561.660s][info][gc,metaspace   ] GC(1112) Metaspace: 29946K(30400K)->29946K(30400K) NonClass: 24537K(24768K)->24537K(24768K) Class: 5408K(5632K)->5408K(5632K)
[6561.660s][info][gc             ] GC(1112) Pause Young (Mixed) (G1 Evacuation Pause) 6426M->1732M(8192M) 154.502ms
[6561.660s][info][gc,cpu         ] GC(1112) User=1.23s Sys=0.00s Real=0.15s
.|..[6564.605s][info][gc,start       ] GC(1113) Pause Young (Normal) (G1 Evacuation Pause)
[6564.605s][info][gc,task        ] GC(1113) Using 8 workers of 8 for evacuation
[6564.759s][info][gc,phases      ] GC(1113)   Pre Evacuate Collection Set: 0.23ms
[6564.759s][info][gc,phases      ] GC(1113)   Merge Heap Roots: 0.51ms
[6564.759s][info][gc,phases      ] GC(1113)   Evacuate Collection Set: 152.81ms
[6564.759s][info][gc,phases      ] GC(1113)   Post Evacuate Collection Set: 1.00ms
[6564.759s][info][gc,phases      ] GC(1113)   Other: 0.06ms
[6564.759s][info][gc,heap        ] GC(1113) Eden regions: 572->0(570)
[6564.759s][info][gc,heap        ] GC(1113) Survivor regions: 42->44(77)
[6564.759s][info][gc,heap        ] GC(1113) Old regions: 144->151
[6564.759s][info][gc,heap        ] GC(1113) Humongous regions: 33->33
[6564.759s][info][gc,metaspace   ] GC(1113) Metaspace: 29946K(30400K)->29946K(30400K) NonClass: 24537K(24768K)->24537K(24768K) Class: 5408K(5632K)->5408K(5632K)
[6564.759s][info][gc             ] GC(1113) Pause Young (Normal) (G1 Evacuation Pause) 6308M->1802M(8192M) 154.740ms
[6564.759s][info][gc,cpu         ] GC(1113) User=1.23s Sys=0.00s Real=0.15s
...[6567.781s][info][gc,start       ] GC(1114) Pause Young (Normal) (G1 Evacuation Pause)
[6567.781s][info][gc,task        ] GC(1114) Using 8 workers of 8 for evacuation
[6567.936s][info][gc,phases      ] GC(1114)   Pre Evacuate Collection Set: 0.22ms
[6567.936s][info][gc,phases      ] GC(1114)   Merge Heap Roots: 0.51ms
[6567.936s][info][gc,phases      ] GC(1114)   Evacuate Collection Set: 153.54ms
[6567.936s][info][gc,phases      ] GC(1114)   Post Evacuate Collection Set: 1.01ms
[6567.936s][info][gc,phases      ] GC(1114)   Other: 0.06ms
[6567.936s][info][gc,heap        ] GC(1114) Eden regions: 570->0(570)
[6567.936s][info][gc,heap        ] GC(1114) Survivor regions: 44->44(77)
[6567.936s][info][gc,heap        ] GC(1114) Old regions: 151->158
[6567.936s][info][gc,heap        ] GC(1114) Humongous regions: 33->33
[6567.936s][info][gc,metaspace   ] GC(1114) Metaspace: 29946K(30400K)->29946K(30400K) NonClass: 24537K(24768K)->24537K(24768K) Class: 5408K(5632K)->5408K(5632K)
[6567.936s][info][gc             ] GC(1114) Pause Young (Normal) (G1 Evacuation Pause) 6362M->1864M(8192M) 155.493ms
[6567.937s][info][gc,cpu         ] GC(1114) User=1.23s Sys=0.00s Real=0.16s
...[6571.004s][info][gc,start       ] GC(1115) Pause Young (Normal) (G1 Evacuation Pause)
[6571.004s][info][gc,task        ] GC(1115) Using 8 workers of 8 for evacuation
[6571.164s][info][gc,phases      ] GC(1115)   Pre Evacuate Collection Set: 0.23ms
[6571.164s][info][gc,phases      ] GC(1115)   Merge Heap Roots: 0.53ms
[6571.164s][info][gc,phases      ] GC(1115)   Evacuate Collection Set: 157.67ms
[6571.164s][info][gc,phases      ] GC(1115)   Post Evacuate Collection Set: 1.01ms
[6571.164s][info][gc,phases      ] GC(1115)   Other: 0.06ms
[6571.164s][info][gc,heap        ] GC(1115) Eden regions: 570->0(568)
[6571.164s][info][gc,heap        ] GC(1115) Survivor regions: 44->46(77)
[6571.164s][info][gc,heap        ] GC(1115) Old regions: 158->166
[6571.164s][info][gc,heap        ] GC(1115) Humongous regions: 33->33
[6571.164s][info][gc,metaspace   ] GC(1115) Metaspace: 29946K(30400K)->29946K(30400K) NonClass: 24537K(24768K)->24537K(24768K) Class: 5408K(5632K)->5408K(5632K)
[6571.164s][info][gc             ] GC(1115) Pause Young (Normal) (G1 Evacuation Pause) 6424M->1939M(8192M) 159.621ms
[6571.164s][info][gc,cpu         ] GC(1115) User=1.26s Sys=0.00s Real=0.16s
....[6574.319s][info][gc,start       ] GC(1116) Pause Young (Normal) (G1 Evacuation Pause)
[6574.319s][info][gc,task        ] GC(1116) Using 8 workers of 8 for evacuation
[6574.469s][info][gc,phases      ] GC(1116)   Pre Evacuate Collection Set: 0.22ms
[6574.469s][info][gc,phases      ] GC(1116)   Merge Heap Roots: 0.51ms
[6574.469s][info][gc,phases      ] GC(1116)   Evacuate Collection Set: 148.81ms
[6574.469s][info][gc,phases      ] GC(1116)   Post Evacuate Collection Set: 0.99ms
[6574.469s][info][gc,phases      ] GC(1116)   Other: 0.07ms
[6574.469s][info][gc,heap        ] GC(1116) Eden regions: 568->0(570)
[6574.469s][info][gc,heap        ] GC(1116) Survivor regions: 46->44(77)
[6574.469s][info][gc,heap        ] GC(1116) Old regions: 166->173
[6574.469s][info][gc,heap        ] GC(1116) Humongous regions: 33->33
[6574.469s][info][gc,metaspace   ] GC(1116) Metaspace: 29946K(30400K)->29946K(30400K) NonClass: 24537K(24768K)->24537K(24768K) Class: 5408K(5632K)->5408K(5632K)
[6574.469s][info][gc             ] GC(1116) Pause Young (Normal) (G1 Evacuation Pause) 6483M->1986M(8192M) 150.736ms
[6574.469s][info][gc,cpu         ] GC(1116) User=1.20s Sys=0.00s Real=0.15s
...[6577.527s][info][gc,start       ] GC(1117) Pause Young (Normal) (G1 Evacuation Pause)
[6577.527s][info][gc,task        ] GC(1117) Using 8 workers of 8 for evacuation
[6577.681s][info][gc,phases      ] GC(1117)   Pre Evacuate Collection Set: 0.24ms
[6577.681s][info][gc,phases      ] GC(1117)   Merge Heap Roots: 0.53ms
[6577.681s][info][gc,phases      ] GC(1117)   Evacuate Collection Set: 151.52ms
[6577.681s][info][gc,phases      ] GC(1117)   Post Evacuate Collection Set: 1.00ms
[6577.681s][info][gc,phases      ] GC(1117)   Other: 0.06ms
[6577.681s][info][gc,heap        ] GC(1117) Eden regions: 570->0(570)
[6577.681s][info][gc,heap        ] GC(1117) Survivor regions: 44->44(77)
[6577.681s][info][gc,heap        ] GC(1117) Old regions: 173->180
[6577.681s][info][gc,heap        ] GC(1117) Humongous regions: 33->33
[6577.681s][info][gc,metaspace   ] GC(1117) Metaspace: 29946K(30400K)->29946K(30400K) NonClass: 24537K(24768K)->24537K(24768K) Class: 5408K(5632K)->5408K(5632K)
[6577.681s][info][gc             ] GC(1117) Pause Young (Normal) (G1 Evacuation Pause) 6546M->2042M(8192M) 153.488ms
[6577.681s][info][gc,cpu         ] GC(1117) User=1.22s Sys=0.00s Real=0.15s
...[6580.812s][info][gc,start       ] GC(1118) Pause Young (Normal) (G1 Evacuation Pause)
[6580.812s][info][gc,task        ] GC(1118) Using 8 workers of 8 for evacuation
[6580.963s][info][gc,phases      ] GC(1118)   Pre Evacuate Collection Set: 0.22ms
[6580.963s][info][gc,phases      ] GC(1118)   Merge Heap Roots: 0.51ms
[6580.963s][info][gc,phases      ] GC(1118)   Evacuate Collection Set: 149.37ms
[6580.963s][info][gc,phases      ] GC(1118)   Post Evacuate Collection Set: 0.99ms
[6580.963s][info][gc,phases      ] GC(1118)   Other: 0.06ms
[6580.963s][info][gc,heap        ] GC(1118) Eden regions: 570->0(571)
[6580.963s][info][gc,heap        ] GC(1118) Survivor regions: 44->43(77)
[6580.963s][info][gc,heap        ] GC(1118) Old regions: 180->187
[6580.963s][info][gc,heap        ] GC(1118) Humongous regions: 33->33
[6580.963s][info][gc,metaspace   ] GC(1118) Metaspace: 29946K(30400K)->29946K(30400K) NonClass: 24537K(24768K)->24537K(24768K) Class: 5408K(5632K)->5408K(5632K)
[6580.963s][info][gc             ] GC(1118) Pause Young (Normal) (G1 Evacuation Pause) 6602M->2088M(8192M) 151.280ms
[6580.963s][info][gc,cpu         ] GC(1118) User=1.19s Sys=0.00s Real=0.15s
...[6584.149s][info][gc,start       ] GC(1119) Pause Young (Normal) (G1 Evacuation Pause)
[6584.149s][info][gc,task        ] GC(1119) Using 8 workers of 8 for evacuation
[6584.303s][info][gc,phases      ] GC(1119)   Pre Evacuate Collection Set: 0.23ms
[6584.303s][info][gc,phases      ] GC(1119)   Merge Heap Roots: 0.50ms
[6584.303s][info][gc,phases      ] GC(1119)   Evacuate Collection Set: 152.41ms
[6584.303s][info][gc,phases      ] GC(1119)   Post Evacuate Collection Set: 1.02ms
[6584.303s][info][gc,phases      ] GC(1119)   Other: 0.06ms
[6584.303s][info][gc,heap        ] GC(1119) Eden regions: 571->0(569)
[6584.303s][info][gc,heap        ] GC(1119) Survivor regions: 43->45(77)
[6584.303s][info][gc,heap        ] GC(1119) Old regions: 187->194
[6584.303s][info][gc,heap        ] GC(1119) Humongous regions: 33->33
[6584.303s][info][gc,metaspace   ] GC(1119) Metaspace: 29946K(30400K)->29946K(30400K) NonClass: 24537K(24768K)->24537K(24768K) Class: 5408K(5632K)->5408K(5632K)
[6584.303s][info][gc             ] GC(1119) Pause Young (Normal) (G1 Evacuation Pause) 6656M->2157M(8192M) 154.356ms
[6584.303s][info][gc,cpu         ] GC(1119) User=1.23s Sys=0.00s Real=0.15s
....[6587.376s][info][gc,start       ] GC(1120) Pause Young (Normal) (G1 Evacuation Pause)
[6587.376s][info][gc,task        ] GC(1120) Using 8 workers of 8 for evacuation
[6587.533s][info][gc,phases      ] GC(1120)   Pre Evacuate Collection Set: 0.23ms
[6587.533s][info][gc,phases      ] GC(1120)   Merge Heap Roots: 0.53ms
[6587.533s][info][gc,phases      ] GC(1120)   Evacuate Collection Set: 155.38ms
[6587.533s][info][gc,phases      ] GC(1120)   Post Evacuate Collection Set: 1.01ms
[6587.533s][info][gc,phases      ] GC(1120)   Other: 0.06ms
[6587.533s][info][gc,heap        ] GC(1120) Eden regions: 569->0(570)
[6587.533s][info][gc,heap        ] GC(1120) Survivor regions: 45->44(77)
[6587.533s][info][gc,heap        ] GC(1120) Old regions: 194->201
[6587.533s][info][gc,heap        ] GC(1120) Humongous regions: 33->33
[6587.533s][info][gc,metaspace   ] GC(1120) Metaspace: 29946K(30400K)->29946K(30400K) NonClass: 24537K(24768K)->24537K(24768K) Class: 5408K(5632K)->5408K(5632K)
[6587.533s][info][gc             ] GC(1120) Pause Young (Normal) (G1 Evacuation Pause) 6709M->2211M(8192M) 157.334ms
[6587.533s][info][gc,cpu         ] GC(1120) User=1.24s Sys=0.00s Real=0.15s
...[6590.608s][info][gc,start       ] GC(1121) Pause Young (Normal) (G1 Evacuation Pause)
[6590.608s][info][gc,task        ] GC(1121) Using 8 workers of 8 for evacuation
[6590.755s][info][gc,phases      ] GC(1121)   Pre Evacuate Collection Set: 0.26ms
[6590.755s][info][gc,phases      ] GC(1121)   Merge Heap Roots: 0.57ms
[6590.755s][info][gc,phases      ] GC(1121)   Evacuate Collection Set: 144.97ms
[6590.755s][info][gc,phases      ] GC(1121)   Post Evacuate Collection Set: 1.00ms
[6590.755s][info][gc,phases      ] GC(1121)   Other: 0.06ms
[6590.755s][info][gc,heap        ] GC(1121) Eden regions: 570->0(572)
[6590.755s][info][gc,heap        ] GC(1121) Survivor regions: 44->42(77)
[6590.755s][info][gc,heap        ] GC(1121) Old regions: 201->208
[6590.755s][info][gc,heap        ] GC(1121) Humongous regions: 33->33
[6590.755s][info][gc,metaspace   ] GC(1121) Metaspace: 29946K(30400K)->29946K(30400K) NonClass: 24537K(24768K)->24537K(24768K) Class: 5408K(5632K)->5408K(5632K)
[6590.755s][info][gc             ] GC(1121) Pause Young (Normal) (G1 Evacuation Pause) 6771M->2250M(8192M) 147.007ms
[6590.755s][info][gc,cpu         ] GC(1121) User=1.16s Sys=0.00s Real=0.15s
...[6593.916s][info][gc,start       ] GC(1122) Pause Young (Normal) (G1 Evacuation Pause)
[6593.916s][info][gc,task        ] GC(1122) Using 8 workers of 8 for evacuation
[6594.067s][info][gc,phases      ] GC(1122)   Pre Evacuate Collection Set: 0.22ms
[6594.067s][info][gc,phases      ] GC(1122)   Merge Heap Roots: 0.50ms
[6594.067s][info][gc,phases      ] GC(1122)   Evacuate Collection Set: 148.89ms
[6594.067s][info][gc,phases      ] GC(1122)   Post Evacuate Collection Set: 1.00ms
[6594.067s][info][gc,phases      ] GC(1122)   Other: 0.07ms
[6594.067s][info][gc,heap        ] GC(1122) Eden regions: 572->0(571)
[6594.067s][info][gc,heap        ] GC(1122) Survivor regions: 42->43(77)
[6594.067s][info][gc,heap        ] GC(1122) Old regions: 208->215
[6594.067s][info][gc,heap        ] GC(1122) Humongous regions: 33->33
[6594.067s][info][gc,metaspace   ] GC(1122) Metaspace: 29946K(30400K)->29946K(30400K) NonClass: 24537K(24768K)->24537K(24768K) Class: 5408K(5632K)->5408K(5632K)
[6594.067s][info][gc             ] GC(1122) Pause Young (Normal) (G1 Evacuation Pause) 6826M->2315M(8192M) 150.814ms
[6594.067s][info][gc,cpu         ] GC(1122) User=1.19s Sys=0.00s Real=0.15s
...[6597.216s][info][gc,start       ] GC(1123) Pause Young (Normal) (G1 Evacuation Pause)
[6597.216s][info][gc,task        ] GC(1123) Using 8 workers of 8 for evacuation
[6597.367s][info][gc,phases      ] GC(1123)   Pre Evacuate Collection Set: 0.23ms
[6597.367s][info][gc,phases      ] GC(1123)   Merge Heap Roots: 0.52ms
[6597.367s][info][gc,phases      ] GC(1123)   Evacuate Collection Set: 148.81ms
[6597.367s][info][gc,phases      ] GC(1123)   Post Evacuate Collection Set: 1.07ms
[6597.367s][info][gc,phases      ] GC(1123)   Other: 0.06ms
[6597.367s][info][gc,heap        ] GC(1123) Eden regions: 571->0(570)
[6597.367s][info][gc,heap        ] GC(1123) Survivor regions: 43->44(77)
[6597.367s][info][gc,heap        ] GC(1123) Old regions: 215->222
[6597.367s][info][gc,heap        ] GC(1123) Humongous regions: 33->33
[6597.367s][info][gc,metaspace   ] GC(1123) Metaspace: 29946K(30400K)->29946K(30400K) NonClass: 24537K(24768K)->24537K(24768K) Class: 5408K(5632K)->5408K(5632K)
[6597.367s][info][gc             ] GC(1123) Pause Young (Normal) (G1 Evacuation Pause) 6883M->2373M(8192M) 150.837ms
[6597.367s][info][gc,cpu         ] GC(1123) User=1.20s Sys=0.00s Real=0.15s
....[6600.411s][info][gc,start       ] GC(1124) Pause Young (Normal) (G1 Evacuation Pause)
[6600.411s][info][gc,task        ] GC(1124) Using 8 workers of 8 for evacuation
[6600.567s][info][gc,phases      ] GC(1124)   Pre Evacuate Collection Set: 0.26ms
[6600.567s][info][gc,phases      ] GC(1124)   Merge Heap Roots: 0.59ms
[6600.567s][info][gc,phases      ] GC(1124)   Evacuate Collection Set: 154.21ms
[6600.567s][info][gc,phases      ] GC(1124)   Post Evacuate Collection Set: 1.03ms
[6600.567s][info][gc,phases      ] GC(1124)   Other: 0.06ms
[6600.567s][info][gc,heap        ] GC(1124) Eden regions: 570->0(569)
[6600.567s][info][gc,heap        ] GC(1124) Survivor regions: 44->45(77)
[6600.567s][info][gc,heap        ] GC(1124) Old regions: 222->229
[6600.567s][info][gc,heap        ] GC(1124) Humongous regions: 33->33
[6600.567s][info][gc,metaspace   ] GC(1124) Metaspace: 29946K(30400K)->29946K(30400K) NonClass: 24537K(24768K)->24537K(24768K) Class: 5408K(5632K)->5408K(5632K)
[6600.568s][info][gc             ] GC(1124) Pause Young (Normal) (G1 Evacuation Pause) 6933M->2439M(8192M) 156.311ms
[6600.568s][info][gc,cpu         ] GC(1124) User=1.23s Sys=0.00s Real=0.16s
...[6603.614s][info][gc,start       ] GC(1125) Pause Young (Normal) (G1 Evacuation Pause)
[6603.614s][info][gc,task        ] GC(1125) Using 8 workers of 8 for evacuation
[6603.766s][info][gc,phases      ] GC(1125)   Pre Evacuate Collection Set: 0.22ms
[6603.766s][info][gc,phases      ] GC(1125)   Merge Heap Roots: 0.52ms
[6603.766s][info][gc,phases      ] GC(1125)   Evacuate Collection Set: 149.98ms
[6603.766s][info][gc,phases      ] GC(1125)   Post Evacuate Collection Set: 1.01ms
[6603.766s][info][gc,phases      ] GC(1125)   Other: 0.06ms
[6603.766s][info][gc,heap        ] GC(1125) Eden regions: 569->0(570)
[6603.766s][info][gc,heap        ] GC(1125) Survivor regions: 45->44(77)
[6603.766s][info][gc,heap        ] GC(1125) Old regions: 229->237
[6603.766s][info][gc,heap        ] GC(1125) Humongous regions: 33->33
[6603.766s][info][gc,metaspace   ] GC(1125) Metaspace: 29946K(30400K)->29946K(30400K) NonClass: 24537K(24768K)->24537K(24768K) Class: 5408K(5632K)->5408K(5632K)
[6603.766s][info][gc             ] GC(1125) Pause Young (Normal) (G1 Evacuation Pause) 6991M->2491M(8192M) 151.922ms
[6603.766s][info][gc,cpu         ] GC(1125) User=1.21s Sys=0.00s Real=0.16s
...[6606.827s][info][gc,start       ] GC(1126) Pause Young (Normal) (G1 Evacuation Pause)
[6606.827s][info][gc,task        ] GC(1126) Using 8 workers of 8 for evacuation
[6606.974s][info][gc,phases      ] GC(1126)   Pre Evacuate Collection Set: 0.24ms
[6606.974s][info][gc,phases      ] GC(1126)   Merge Heap Roots: 0.52ms
[6606.974s][info][gc,phases      ] GC(1126)   Evacuate Collection Set: 145.16ms
[6606.974s][info][gc,phases      ] GC(1126)   Post Evacuate Collection Set: 0.99ms
[6606.974s][info][gc,phases      ] GC(1126)   Other: 0.06ms
[6606.974s][info][gc,heap        ] GC(1126) Eden regions: 570->0(571)
[6606.974s][info][gc,heap        ] GC(1126) Survivor regions: 44->43(77)
[6606.974s][info][gc,heap        ] GC(1126) Old regions: 237->244
[6606.974s][info][gc,heap        ] GC(1126) Humongous regions: 33->33
[6606.974s][info][gc,metaspace   ] GC(1126) Metaspace: 29946K(30400K)->29946K(30400K) NonClass: 24537K(24768K)->24537K(24768K) Class: 5408K(5632K)->5408K(5632K)
[6606.974s][info][gc             ] GC(1126) Pause Young (Normal) (G1 Evacuation Pause) 7051M->2546M(8192M) 147.096ms
[6606.974s][info][gc,cpu         ] GC(1126) User=1.17s Sys=0.01s Real=0.14s
...[6610.050s][info][gc,start       ] GC(1127) Pause Young (Normal) (G1 Evacuation Pause)
[6610.050s][info][gc,task        ] GC(1127) Using 8 workers of 8 for evacuation
[6610.204s][info][gc,phases      ] GC(1127)   Pre Evacuate Collection Set: 0.24ms
[6610.204s][info][gc,phases      ] GC(1127)   Merge Heap Roots: 0.56ms
[6610.204s][info][gc,phases      ] GC(1127)   Evacuate Collection Set: 152.66ms
[6610.204s][info][gc,phases      ] GC(1127)   Post Evacuate Collection Set: 1.01ms
[6610.204s][info][gc,phases      ] GC(1127)   Other: 0.06ms
[6610.204s][info][gc,heap        ] GC(1127) Eden regions: 571->0(570)
[6610.204s][info][gc,heap        ] GC(1127) Survivor regions: 43->44(77)
[6610.204s][info][gc,heap        ] GC(1127) Old regions: 244->251
[6610.204s][info][gc,heap        ] GC(1127) Humongous regions: 33->33
[6610.204s][info][gc,metaspace   ] GC(1127) Metaspace: 29946K(30400K)->29946K(30400K) NonClass: 24537K(24768K)->24537K(24768K) Class: 5408K(5632K)->5408K(5632K)
[6610.204s][info][gc             ] GC(1127) Pause Young (Normal) (G1 Evacuation Pause) 7114M->2611M(8192M) 154.682ms
[6610.204s][info][gc,cpu         ] GC(1127) User=1.23s Sys=0.00s Real=0.15s
....[6613.443s][info][gc,start       ] GC(1128) Pause Young (Normal) (G1 Evacuation Pause)
[6613.443s][info][gc,task        ] GC(1128) Using 8 workers of 8 for evacuation
[6613.592s][info][gc,phases      ] GC(1128)   Pre Evacuate Collection Set: 0.23ms
[6613.592s][info][gc,phases      ] GC(1128)   Merge Heap Roots: 0.52ms
[6613.592s][info][gc,phases      ] GC(1128)   Evacuate Collection Set: 147.18ms
[6613.592s][info][gc,phases      ] GC(1128)   Post Evacuate Collection Set: 1.00ms
[6613.592s][info][gc,phases      ] GC(1128)   Other: 0.06ms
[6613.592s][info][gc,heap        ] GC(1128) Eden regions: 570->0(571)
[6613.592s][info][gc,heap        ] GC(1128) Survivor regions: 44->43(77)
[6613.592s][info][gc,heap        ] GC(1128) Old regions: 251->259
[6613.592s][info][gc,heap        ] GC(1128) Humongous regions: 33->33
[6613.592s][info][gc,metaspace   ] GC(1128) Metaspace: 29946K(30400K)->29946K(30400K) NonClass: 24537K(24768K)->24537K(24768K) Class: 5408K(5632K)->5408K(5632K)
[6613.592s][info][gc             ] GC(1128) Pause Young (Normal) (G1 Evacuation Pause) 7171M->2662M(8192M) 149.113ms
[6613.592s][info][gc,cpu         ] GC(1128) User=1.18s Sys=0.00s Real=0.15s
...[6616.646s][info][gc,start       ] GC(1129) Pause Young (Normal) (G1 Evacuation Pause)
[6616.646s][info][gc,task        ] GC(1129) Using 8 workers of 8 for evacuation
[6616.793s][info][gc,phases      ] GC(1129)   Pre Evacuate Collection Set: 0.26ms
[6616.793s][info][gc,phases      ] GC(1129)   Merge Heap Roots: 0.51ms
[6616.794s][info][gc,phases      ] GC(1129)   Evacuate Collection Set: 146.04ms
[6616.794s][info][gc,phases      ] GC(1129)   Post Evacuate Collection Set: 1.01ms
[6616.794s][info][gc,phases      ] GC(1129)   Other: 0.08ms
[6616.794s][info][gc,heap        ] GC(1129) Eden regions: 571->0(571)
[6616.794s][info][gc,heap        ] GC(1129) Survivor regions: 43->43(77)
[6616.794s][info][gc,heap        ] GC(1129) Old regions: 259->266
[6616.794s][info][gc,heap        ] GC(1129) Humongous regions: 33->33
[6616.794s][info][gc,metaspace   ] GC(1129) Metaspace: 29946K(30400K)->29946K(30400K) NonClass: 24537K(24768K)->24537K(24768K) Class: 5408K(5632K)->5408K(5632K)
[6616.794s][info][gc             ] GC(1129) Pause Young (Normal) (G1 Evacuation Pause) 7230M->2718M(8192M) 148.036ms
[6616.794s][info][gc,cpu         ] GC(1129) User=1.17s Sys=0.00s Real=0.14s
...[6619.860s][info][gc,start       ] GC(1130) Pause Young (Normal) (G1 Evacuation Pause)
[6619.860s][info][gc,task        ] GC(1130) Using 8 workers of 8 for evacuation
[6620.010s][info][gc,phases      ] GC(1130)   Pre Evacuate Collection Set: 0.22ms
[6620.010s][info][gc,phases      ] GC(1130)   Merge Heap Roots: 0.50ms
[6620.010s][info][gc,phases      ] GC(1130)   Evacuate Collection Set: 148.02ms
[6620.010s][info][gc,phases      ] GC(1130)   Post Evacuate Collection Set: 1.03ms
[6620.010s][info][gc,phases      ] GC(1130)   Other: 0.07ms
[6620.010s][info][gc,heap        ] GC(1130) Eden regions: 571->0(570)
[6620.010s][info][gc,heap        ] GC(1130) Survivor regions: 43->44(77)
[6620.010s][info][gc,heap        ] GC(1130) Old regions: 266->273
[6620.010s][info][gc,heap        ] GC(1130) Humongous regions: 33->33
[6620.010s][info][gc,metaspace   ] GC(1130) Metaspace: 29946K(30400K)->29946K(30400K) NonClass: 24537K(24768K)->24537K(24768K) Class: 5408K(5632K)->5408K(5632K)
[6620.010s][info][gc             ] GC(1130) Pause Young (Normal) (G1 Evacuation Pause) 7286M->2782M(8192M) 149.969ms
[6620.010s][info][gc,cpu         ] GC(1130) User=1.19s Sys=0.00s Real=0.15s
... (rIR:aIR:PR = 11794:11805:11827) (tPR = 174320) [OK] 
  6622s: Performance info:
         Transaction,    Success,    Partial,     Failed,   Receipts, AvgBarcode, 
             Overall,     713340,          0,          0,     677579,      59.47, 
         Response times:
             Request,    Success,    Partial,     Failed,   SkipFail,     Probes,    Samples,      min,      p50,      p90,      p95,      p99,      max, 
       TotalPurchase,     676308,          0,          0,          0,     354231,     516961,      300,    19800,   144000,   208000,   424000,  4400000,
     InStorePurchase,     356339,          0,          0,          0,     186356,     272048,      300,    19800,   143000,   209000,   431000,  4400000,
      OnlinePurchase,     248502,          0,          0,          0,     129732,     189633,      300,    19700,   145000,   205000,   396660,  3300000,
        InstPurchase,      71467,          0,          0,          0,      38143,      55280,      400,    19900,   143000,   208000,   410000,  4400000,
          AssocOfCat,        712,          0,          0,          0,        592,       1011,    35000,    79000,   207000,   290000,   518200,   920000,
      AssocOfProduct,       7046,          0,          0,          0,       4334,       6595,      900,    21000,   148000,   209000,   350000,  2000000,
      BusinessReport,       1787,          0,          0,          0,       1580,       2421,    40000,    91000,   220000,   274000,   444780,   730000,
          CustBuyBeh,       7102,          0,          0,          0,       4342,       6558,      300,    18100,   135000,   190000,   370000,  1400000,
       ProductReturn,      19063,          0,          0,          0,       9761,      14413,      300,    19100,   135000,   201000,   404000,  2600000,

  6622s: (84%)   IR =  11936 [6623.039s][info][gc,start       ] GC(1131) Pause Young (Normal) (G1 Evacuation Pause)
[6623.039s][info][gc,task        ] GC(1131) Using 8 workers of 8 for evacuation
[6623.194s][info][gc,phases      ] GC(1131)   Pre Evacuate Collection Set: 0.22ms
[6623.194s][info][gc,phases      ] GC(1131)   Merge Heap Roots: 0.51ms
[6623.194s][info][gc,phases      ] GC(1131)   Evacuate Collection Set: 153.00ms
[6623.194s][info][gc,phases      ] GC(1131)   Post Evacuate Collection Set: 1.07ms
[6623.194s][info][gc,phases      ] GC(1131)   Other: 0.06ms
[6623.194s][info][gc,heap        ] GC(1131) Eden regions: 570->0(570)
[6623.194s][info][gc,heap        ] GC(1131) Survivor regions: 44->44(77)
[6623.194s][info][gc,heap        ] GC(1131) Old regions: 273->280
[6623.194s][info][gc,heap        ] GC(1131) Humongous regions: 33->33
[6623.194s][info][gc,metaspace   ] GC(1131) Metaspace: 29946K(30400K)->29946K(30400K) NonClass: 24537K(24768K)->24537K(24768K) Class: 5408K(5632K)->5408K(5632K)
[6623.194s][info][gc             ] GC(1131) Pause Young (Normal) (G1 Evacuation Pause) 7342M->2838M(8192M) 154.998ms
[6623.194s][info][gc,cpu         ] GC(1131) User=1.22s Sys=0.00s Real=0.15s
...[6626.296s][info][gc,start       ] GC(1132) Pause Young (Normal) (G1 Evacuation Pause)
[6626.296s][info][gc,task        ] GC(1132) Using 8 workers of 8 for evacuation
[6626.450s][info][gc,phases      ] GC(1132)   Pre Evacuate Collection Set: 0.24ms
[6626.450s][info][gc,phases      ] GC(1132)   Merge Heap Roots: 0.52ms
[6626.450s][info][gc,phases      ] GC(1132)   Evacuate Collection Set: 151.66ms
[6626.450s][info][gc,phases      ] GC(1132)   Post Evacuate Collection Set: 1.00ms
[6626.450s][info][gc,phases      ] GC(1132)   Other: 0.07ms
[6626.450s][info][gc,heap        ] GC(1132) Eden regions: 570->0(564)
[6626.450s][info][gc,heap        ] GC(1132) Survivor regions: 44->44(77)
[6626.450s][info][gc,heap        ] GC(1132) Old regions: 280->287
[6626.450s][info][gc,heap        ] GC(1132) Humongous regions: 33->33
[6626.450s][info][gc,metaspace   ] GC(1132) Metaspace: 29946K(30400K)->29946K(30400K) NonClass: 24537K(24768K)->24537K(24768K) Class: 5408K(5632K)->5408K(5632K)
[6626.450s][info][gc             ] GC(1132) Pause Young (Normal) (G1 Evacuation Pause) 7398M->2895M(8192M) 153.626ms
[6626.450s][info][gc,cpu         ] GC(1132) User=1.21s Sys=0.00s Real=0.15s
...[6629.500s][info][gc,start       ] GC(1133) Pause Young (Normal) (G1 Evacuation Pause)
[6629.500s][info][gc,task        ] GC(1133) Using 8 workers of 8 for evacuation
[6629.650s][info][gc,phases      ] GC(1133)   Pre Evacuate Collection Set: 0.25ms
[6629.650s][info][gc,phases      ] GC(1133)   Merge Heap Roots: 0.52ms
[6629.650s][info][gc,phases      ] GC(1133)   Evacuate Collection Set: 148.24ms
[6629.650s][info][gc,phases      ] GC(1133)   Post Evacuate Collection Set: 1.02ms
[6629.650s][info][gc,phases      ] GC(1133)   Other: 0.06ms
[6629.650s][info][gc,heap        ] GC(1133) Eden regions: 564->0(559)
[6629.650s][info][gc,heap        ] GC(1133) Survivor regions: 44->43(76)
[6629.650s][info][gc,heap        ] GC(1133) Old regions: 287->294
[6629.650s][info][gc,heap        ] GC(1133) Humongous regions: 33->33
[6629.650s][info][gc,metaspace   ] GC(1133) Metaspace: 29946K(30400K)->29946K(30400K) NonClass: 24537K(24768K)->24537K(24768K) Class: 5408K(5632K)->5408K(5632K)
[6629.650s][info][gc             ] GC(1133) Pause Young (Normal) (G1 Evacuation Pause) 7407M->2943M(8192M) 150.246ms
[6629.650s][info][gc,cpu         ] GC(1133) User=1.19s Sys=0.00s Real=0.15s
...[6632.661s][info][gc,start       ] GC(1134) Pause Young (Normal) (G1 Evacuation Pause)
[6632.661s][info][gc,task        ] GC(1134) Using 8 workers of 8 for evacuation
[6632.807s][info][gc,phases      ] GC(1134)   Pre Evacuate Collection Set: 0.26ms
[6632.808s][info][gc,phases      ] GC(1134)   Merge Heap Roots: 0.49ms
[6632.808s][info][gc,phases      ] GC(1134)   Evacuate Collection Set: 144.79ms
[6632.808s][info][gc,phases      ] GC(1134)   Post Evacuate Collection Set: 1.00ms
[6632.808s][info][gc,phases      ] GC(1134)   Other: 0.06ms
[6632.808s][info][gc,heap        ] GC(1134) Eden regions: 559->0(551)
[6632.808s][info][gc,heap        ] GC(1134) Survivor regions: 43->43(76)
[6632.808s][info][gc,heap        ] GC(1134) Old regions: 294->302
[6632.808s][info][gc,heap        ] GC(1134) Humongous regions: 33->33
[6632.808s][info][gc,metaspace   ] GC(1134) Metaspace: 29946K(30400K)->29946K(30400K) NonClass: 24537K(24768K)->24537K(24768K) Class: 5408K(5632K)->5408K(5632K)
[6632.808s][info][gc             ] GC(1134) Pause Young (Normal) (G1 Evacuation Pause) 7415M->3003M(8192M) 146.734ms
[6632.808s][info][gc,cpu         ] GC(1134) User=1.16s Sys=0.01s Real=0.15s
...[6635.780s][info][gc,start       ] GC(1135) Pause Young (Normal) (G1 Evacuation Pause)
[6635.780s][info][gc,task        ] GC(1135) Using 8 workers of 8 for evacuation
[6635.933s][info][gc,phases      ] GC(1135)   Pre Evacuate Collection Set: 0.22ms
[6635.933s][info][gc,phases      ] GC(1135)   Merge Heap Roots: 0.59ms
[6635.933s][info][gc,phases      ] GC(1135)   Evacuate Collection Set: 150.43ms
[6635.933s][info][gc,phases      ] GC(1135)   Post Evacuate Collection Set: 0.98ms
[6635.933s][info][gc,phases      ] GC(1135)   Other: 0.80ms
[6635.933s][info][gc,heap        ] GC(1135) Eden regions: 551->0(544)
[6635.933s][info][gc,heap        ] GC(1135) Survivor regions: 43->43(75)
[6635.933s][info][gc,heap        ] GC(1135) Old regions: 302->309
[6635.933s][info][gc,heap        ] GC(1135) Humongous regions: 33->33
[6635.933s][info][gc,metaspace   ] GC(1135) Metaspace: 29946K(30400K)->29946K(30400K) NonClass: 24537K(24768K)->24537K(24768K) Class: 5408K(5632K)->5408K(5632K)
[6635.933s][info][gc             ] GC(1135) Pause Young (Normal) (G1 Evacuation Pause) 7411M->3064M(8192M) 153.157ms
[6635.933s][info][gc,cpu         ] GC(1135) User=1.21s Sys=0.00s Real=0.15s
...[6638.749s][info][gc,start       ] GC(1136) Pause Young (Concurrent Start) (G1 Evacuation Pause)
[6638.749s][info][gc,task        ] GC(1136) Using 8 workers of 8 for evacuation
[6638.900s][info][gc,phases      ] GC(1136)   Pre Evacuate Collection Set: 0.28ms
[6638.900s][info][gc,phases      ] GC(1136)   Merge Heap Roots: 0.50ms
[6638.900s][info][gc,phases      ] GC(1136)   Evacuate Collection Set: 148.87ms
[6638.900s][info][gc,phases      ] GC(1136)   Post Evacuate Collection Set: 0.95ms
[6638.900s][info][gc,phases      ] GC(1136)   Other: 0.08ms
[6638.900s][info][gc,heap        ] GC(1136) Eden regions: 544->0(537)
[6638.900s][info][gc,heap        ] GC(1136) Survivor regions: 43->43(74)
[6638.900s][info][gc,heap        ] GC(1136) Old regions: 309->316
[6638.900s][info][gc,heap        ] GC(1136) Humongous regions: 33->33
[6638.900s][info][gc,metaspace   ] GC(1136) Metaspace: 29946K(30400K)->29946K(30400K) NonClass: 24537K(24768K)->24537K(24768K) Class: 5408K(5632K)->5408K(5632K)
[6638.900s][info][gc             ] GC(1136) Pause Young (Concurrent Start) (G1 Evacuation Pause) 7416M->3123M(8192M) 150.825ms
[6638.900s][info][gc             ] GC(1137) Concurrent Mark Cycle
[6638.900s][info][gc,marking     ] GC(1137) Concurrent Scan Root Regions
[6638.900s][info][gc,cpu         ] GC(1136) User=1.19s Sys=0.00s Real=0.15s
.|[6639.192s][info][gc,marking     ] GC(1137) Concurrent Scan Root Regions 291.871ms
[6639.192s][info][gc,marking     ] GC(1137) Concurrent Mark
[6639.192s][info][gc,marking     ] GC(1137) Concurrent Mark From Roots
[6639.192s][info][gc,task        ] GC(1137) Using 2 workers of 2 for marking
.[6640.428s][info][gc,marking     ] GC(1137) Concurrent Mark From Roots 1236.857ms
[6640.429s][info][gc,marking     ] GC(1137) Concurrent Preclean
[6640.429s][info][gc,marking     ] GC(1137) Concurrent Preclean 0.085ms
[6640.429s][info][gc,start       ] GC(1137) Pause Remark
[6640.430s][info][gc             ] GC(1137) Pause Remark 4783M->4183M(8192M) 1.272ms
[6640.430s][info][gc,cpu         ] GC(1137) User=0.01s Sys=0.00s Real=0.00s
[6640.430s][info][gc,marking     ] GC(1137) Concurrent Mark 1238.525ms
[6640.430s][info][gc,marking     ] GC(1137) Concurrent Rebuild Remembered Sets and Scrub Regions
.[6641.294s][info][gc,marking     ] GC(1137) Concurrent Rebuild Remembered Sets and Scrub Regions 863.408ms
[6641.294s][info][gc,start       ] GC(1137) Pause Cleanup
[6641.294s][info][gc             ] GC(1137) Pause Cleanup 5309M->5309M(8192M) 0.268ms
[6641.294s][info][gc,cpu         ] GC(1137) User=0.00s Sys=0.00s Real=0.00s
[6641.294s][info][gc,marking     ] GC(1137) Concurrent Clear Claimed Marks
[6641.294s][info][gc,marking     ] GC(1137) Concurrent Clear Claimed Marks 0.050ms
[6641.294s][info][gc,marking     ] GC(1137) Concurrent Cleanup for Next Mark
[6641.306s][info][gc,marking     ] GC(1137) Concurrent Cleanup for Next Mark 11.960ms
[6641.306s][info][gc             ] GC(1137) Concurrent Mark Cycle 2406.575ms
.[6642.300s][info][gc,start       ] GC(1138) Pause Young (Prepare Mixed) (G1 Evacuation Pause)
[6642.300s][info][gc,task        ] GC(1138) Using 8 workers of 8 for evacuation
[6642.452s][info][gc,phases      ] GC(1138)   Pre Evacuate Collection Set: 0.21ms
[6642.452s][info][gc,phases      ] GC(1138)   Merge Heap Roots: 0.65ms
[6642.452s][info][gc,phases      ] GC(1138)   Evacuate Collection Set: 149.62ms
[6642.452s][info][gc,phases      ] GC(1138)   Post Evacuate Collection Set: 1.08ms
[6642.452s][info][gc,phases      ] GC(1138)   Other: 0.06ms
[6642.452s][info][gc,heap        ] GC(1138) Eden regions: 537->0(571)
[6642.452s][info][gc,heap        ] GC(1138) Survivor regions: 43->43(73)
[6642.452s][info][gc,heap        ] GC(1138) Old regions: 241->249
[6642.452s][info][gc,heap        ] GC(1138) Humongous regions: 33->33
[6642.452s][info][gc,metaspace   ] GC(1138) Metaspace: 29946K(30400K)->29946K(30400K) NonClass: 24537K(24768K)->24537K(24768K) Class: 5408K(5632K)->5408K(5632K)
[6642.452s][info][gc             ] GC(1138) Pause Young (Prepare Mixed) (G1 Evacuation Pause) 6819M->2586M(8192M) 151.761ms
[6642.452s][info][gc,cpu         ] GC(1138) User=1.20s Sys=0.00s Real=0.15s
...[6645.348s][info][gc,start       ] GC(1139) Pause Young (Mixed) (G1 Evacuation Pause)
[6645.348s][info][gc,task        ] GC(1139) Using 8 workers of 8 for evacuation
[6645.507s][info][gc,phases      ] GC(1139)   Pre Evacuate Collection Set: 0.25ms
[6645.507s][info][gc,phases      ] GC(1139)   Merge Heap Roots: 0.84ms
[6645.507s][info][gc,phases      ] GC(1139)   Evacuate Collection Set: 156.66ms
[6645.507s][info][gc,phases      ] GC(1139)   Post Evacuate Collection Set: 1.22ms
[6645.507s][info][gc,phases      ] GC(1139)   Other: 0.08ms
[6645.507s][info][gc,heap        ] GC(1139) Eden regions: 571->0(571)
[6645.507s][info][gc,heap        ] GC(1139) Survivor regions: 43->43(77)
[6645.507s][info][gc,heap        ] GC(1139) Old regions: 249->155
[6645.507s][info][gc,heap        ] GC(1139) Humongous regions: 33->33
[6645.507s][info][gc,metaspace   ] GC(1139) Metaspace: 29946K(30400K)->29946K(30400K) NonClass: 24537K(24768K)->24537K(24768K) Class: 5408K(5632K)->5408K(5632K)
[6645.507s][info][gc             ] GC(1139) Pause Young (Mixed) (G1 Evacuation Pause) 7154M->1833M(8192M) 159.188ms
[6645.507s][info][gc,cpu         ] GC(1139) User=1.26s Sys=0.00s Real=0.16s
...[6648.448s][info][gc,start       ] GC(1140) Pause Young (Mixed) (G1 Evacuation Pause)
[6648.448s][info][gc,task        ] GC(1140) Using 8 workers of 8 for evacuation
[6648.608s][info][gc,phases      ] GC(1140)   Pre Evacuate Collection Set: 0.26ms
[6648.608s][info][gc,phases      ] GC(1140)   Merge Heap Roots: 0.81ms
[6648.608s][info][gc,phases      ] GC(1140)   Evacuate Collection Set: 157.50ms
[6648.608s][info][gc,phases      ] GC(1140)   Post Evacuate Collection Set: 1.08ms
[6648.608s][info][gc,phases      ] GC(1140)   Other: 0.09ms
[6648.608s][info][gc,heap        ] GC(1140) Eden regions: 571->0(570)
[6648.608s][info][gc,heap        ] GC(1140) Survivor regions: 43->44(77)
[6648.608s][info][gc,heap        ] GC(1140) Old regions: 155->144
[6648.608s][info][gc,heap        ] GC(1140) Humongous regions: 33->33
[6648.608s][info][gc,metaspace   ] GC(1140) Metaspace: 29946K(30400K)->29946K(30400K) NonClass: 24537K(24768K)->24537K(24768K) Class: 5408K(5632K)->5408K(5632K)
[6648.608s][info][gc             ] GC(1140) Pause Young (Mixed) (G1 Evacuation Pause) 6401M->1749M(8192M) 159.877ms
[6648.608s][info][gc,cpu         ] GC(1140) User=1.26s Sys=0.00s Real=0.16s
...[6651.472s][info][gc,start       ] GC(1141) Pause Young (Normal) (G1 Evacuation Pause)
[6651.472s][info][gc,task        ] GC(1141) Using 8 workers of 8 for evacuation
[6651.631s][info][gc,phases      ] GC(1141)   Pre Evacuate Collection Set: 0.22ms
[6651.631s][info][gc,phases      ] GC(1141)   Merge Heap Roots: 0.54ms
[6651.631s][info][gc,phases      ] GC(1141)   Evacuate Collection Set: 156.93ms
[6651.631s][info][gc,phases      ] GC(1141)   Post Evacuate Collection Set: 1.00ms
[6651.631s][info][gc,phases      ] GC(1141)   Other: 0.08ms
[6651.631s][info][gc,heap        ] GC(1141) Eden regions: 570->0(569)
[6651.631s][info][gc,heap        ] GC(1141) Survivor regions: 44->45(77)
[6651.631s][info][gc,heap        ] GC(1141) Old regions: 144->151
[6651.631s][info][gc,heap        ] GC(1141) Humongous regions: 33->33
[6651.631s][info][gc,metaspace   ] GC(1141) Metaspace: 29946K(30400K)->29946K(30400K) NonClass: 24537K(24768K)->24537K(24768K) Class: 5408K(5632K)->5408K(5632K)
[6651.631s][info][gc             ] GC(1141) Pause Young (Normal) (G1 Evacuation Pause) 6309M->1815M(8192M) 158.895ms
[6651.631s][info][gc,cpu         ] GC(1141) User=1.26s Sys=0.00s Real=0.16s
...[6654.632s][info][gc,start       ] GC(1142) Pause Young (Normal) (G1 Evacuation Pause)
[6654.632s][info][gc,task        ] GC(1142) Using 8 workers of 8 for evacuation
[6654.781s][info][gc,phases      ] GC(1142)   Pre Evacuate Collection Set: 0.26ms
[6654.781s][info][gc,phases      ] GC(1142)   Merge Heap Roots: 0.50ms
[6654.781s][info][gc,phases      ] GC(1142)   Evacuate Collection Set: 147.00ms
[6654.781s][info][gc,phases      ] GC(1142)   Post Evacuate Collection Set: 1.01ms
[6654.781s][info][gc,phases      ] GC(1142)   Other: 0.07ms
[6654.781s][info][gc,heap        ] GC(1142) Eden regions: 569->0(571)
[6654.781s][info][gc,heap        ] GC(1142) Survivor regions: 45->43(77)
[6654.781s][info][gc,heap        ] GC(1142) Old regions: 151->159
[6654.781s][info][gc,heap        ] GC(1142) Humongous regions: 33->33
[6654.781s][info][gc,metaspace   ] GC(1142) Metaspace: 29946K(30400K)->29946K(30400K) NonClass: 24537K(24768K)->24537K(24768K) Class: 5408K(5632K)->5408K(5632K)
[6654.781s][info][gc             ] GC(1142) Pause Young (Normal) (G1 Evacuation Pause) 6367M->1858M(8192M) 148.976ms
[6654.781s][info][gc,cpu         ] GC(1142) User=1.18s Sys=0.00s Real=0.15s
...[6657.794s][info][gc,start       ] GC(1143) Pause Young (Normal) (G1 Evacuation Pause)
[6657.794s][info][gc,task        ] GC(1143) Using 8 workers of 8 for evacuation
[6657.942s][info][gc,phases      ] GC(1143)   Pre Evacuate Collection Set: 0.24ms
[6657.942s][info][gc,phases      ] GC(1143)   Merge Heap Roots: 0.58ms
[6657.942s][info][gc,phases      ] GC(1143)   Evacuate Collection Set: 146.76ms
[6657.942s][info][gc,phases      ] GC(1143)   Post Evacuate Collection Set: 1.00ms
[6657.942s][info][gc,phases      ] GC(1143)   Other: 0.08ms
[6657.943s][info][gc,heap        ] GC(1143) Eden regions: 571->0(571)
[6657.943s][info][gc,heap        ] GC(1143) Survivor regions: 43->43(77)
[6657.943s][info][gc,heap        ] GC(1143) Old regions: 159->165
[6657.943s][info][gc,heap        ] GC(1143) Humongous regions: 33->33
[6657.943s][info][gc,metaspace   ] GC(1143) Metaspace: 29946K(30400K)->29946K(30400K) NonClass: 24537K(24768K)->24537K(24768K) Class: 5408K(5632K)->5408K(5632K)
[6657.943s][info][gc             ] GC(1143) Pause Young (Normal) (G1 Evacuation Pause) 6426M->1915M(8192M) 148.810ms
[6657.943s][info][gc,cpu         ] GC(1143) User=1.18s Sys=0.00s Real=0.15s
...[6660.951s][info][gc,start       ] GC(1144) Pause Young (Normal) (G1 Evacuation Pause)
[6660.951s][info][gc,task        ] GC(1144) Using 8 workers of 8 for evacuation
[6661.106s][info][gc,phases      ] GC(1144)   Pre Evacuate Collection Set: 0.22ms
[6661.106s][info][gc,phases      ] GC(1144)   Merge Heap Roots: 0.49ms
[6661.106s][info][gc,phases      ] GC(1144)   Evacuate Collection Set: 152.89ms
[6661.106s][info][gc,phases      ] GC(1144)   Post Evacuate Collection Set: 0.98ms
[6661.106s][info][gc,phases      ] GC(1144)   Other: 0.06ms
[6661.106s][info][gc,heap        ] GC(1144) Eden regions: 571->0(570)
[6661.106s][info][gc,heap        ] GC(1144) Survivor regions: 43->44(77)
[6661.106s][info][gc,heap        ] GC(1144) Old regions: 165->173
[6661.106s][info][gc,heap        ] GC(1144) Humongous regions: 33->33
[6661.106s][info][gc,metaspace   ] GC(1144) Metaspace: 29946K(30400K)->29946K(30400K) NonClass: 24537K(24768K)->24537K(24768K) Class: 5408K(5632K)->5408K(5632K)
[6661.106s][info][gc             ] GC(1144) Pause Young (Normal) (G1 Evacuation Pause) 6483M->1980M(8192M) 154.800ms
[6661.106s][info][gc,cpu         ] GC(1144) User=1.22s Sys=0.00s Real=0.16s
...[6664.098s][info][gc,start       ] GC(1145) Pause Young (Normal) (G1 Evacuation Pause)
[6664.098s][info][gc,task        ] GC(1145) Using 8 workers of 8 for evacuation
[6664.250s][info][gc,phases      ] GC(1145)   Pre Evacuate Collection Set: 0.22ms
[6664.250s][info][gc,phases      ] GC(1145)   Merge Heap Roots: 0.47ms
[6664.250s][info][gc,phases      ] GC(1145)   Evacuate Collection Set: 150.67ms
[6664.250s][info][gc,phases      ] GC(1145)   Post Evacuate Collection Set: 1.01ms
[6664.250s][info][gc,phases      ] GC(1145)   Other: 0.07ms
[6664.250s][info][gc,heap        ] GC(1145) Eden regions: 570->0(570)
[6664.250s][info][gc,heap        ] GC(1145) Survivor regions: 44->44(77)
[6664.250s][info][gc,heap        ] GC(1145) Old regions: 173->180
[6664.250s][info][gc,heap        ] GC(1145) Humongous regions: 33->33
[6664.250s][info][gc,metaspace   ] GC(1145) Metaspace: 29946K(30400K)->29946K(30400K) NonClass: 24537K(24768K)->24537K(24768K) Class: 5408K(5632K)->5408K(5632K)
[6664.250s][info][gc             ] GC(1145) Pause Young (Normal) (G1 Evacuation Pause) 6540M->2036M(8192M) 152.570ms
[6664.250s][info][gc,cpu         ] GC(1145) User=1.21s Sys=0.00s Real=0.15s
...[6667.231s][info][gc,start       ] GC(1146) Pause Young (Normal) (G1 Evacuation Pause)
[6667.232s][info][gc,task        ] GC(1146) Using 8 workers of 8 for evacuation
[6667.390s][info][gc,phases      ] GC(1146)   Pre Evacuate Collection Set: 0.24ms
[6667.390s][info][gc,phases      ] GC(1146)   Merge Heap Roots: 0.53ms
[6667.390s][info][gc,phases      ] GC(1146)   Evacuate Collection Set: 156.70ms
[6667.390s][info][gc,phases      ] GC(1146)   Post Evacuate Collection Set: 0.98ms
[6667.390s][info][gc,phases      ] GC(1146)   Other: 0.06ms
[6667.390s][info][gc,heap        ] GC(1146) Eden regions: 570->0(569)
[6667.390s][info][gc,heap        ] GC(1146) Survivor regions: 44->45(77)
[6667.390s][info][gc,heap        ] GC(1146) Old regions: 180->187
[6667.390s][info][gc,heap        ] GC(1146) Humongous regions: 33->33
[6667.390s][info][gc,metaspace   ] GC(1146) Metaspace: 29946K(30400K)->29946K(30400K) NonClass: 24537K(24768K)->24537K(24768K) Class: 5408K(5632K)->5408K(5632K)
[6667.390s][info][gc             ] GC(1146) Pause Young (Normal) (G1 Evacuation Pause) 6596M->2102M(8192M) 158.651ms
[6667.390s][info][gc,cpu         ] GC(1146) User=1.26s Sys=0.00s Real=0.16s
...[6670.340s][info][gc,start       ] GC(1147) Pause Young (Normal) (G1 Evacuation Pause)
[6670.340s][info][gc,task        ] GC(1147) Using 8 workers of 8 for evacuation
[6670.493s][info][gc,phases      ] GC(1147)   Pre Evacuate Collection Set: 0.27ms
[6670.493s][info][gc,phases      ] GC(1147)   Merge Heap Roots: 0.58ms
[6670.493s][info][gc,phases      ] GC(1147)   Evacuate Collection Set: 151.28ms
[6670.493s][info][gc,phases      ] GC(1147)   Post Evacuate Collection Set: 0.99ms
[6670.493s][info][gc,phases      ] GC(1147)   Other: 0.06ms
[6670.493s][info][gc,heap        ] GC(1147) Eden regions: 569->0(570)
[6670.493s][info][gc,heap        ] GC(1147) Survivor regions: 45->44(77)
[6670.493s][info][gc,heap        ] GC(1147) Old regions: 187->194
[6670.493s][info][gc,heap        ] GC(1147) Humongous regions: 33->33
[6670.493s][info][gc,metaspace   ] GC(1147) Metaspace: 29946K(30400K)->29946K(30400K) NonClass: 24537K(24768K)->24537K(24768K) Class: 5408K(5632K)->5408K(5632K)
[6670.494s][info][gc             ] GC(1147) Pause Young (Normal) (G1 Evacuation Pause) 6654M->2152M(8192M) 153.332ms
[6670.494s][info][gc,cpu         ] GC(1147) User=1.21s Sys=0.00s Real=0.15s
...[6673.480s][info][gc,start       ] GC(1148) Pause Young (Normal) (G1 Evacuation Pause)
[6673.480s][info][gc,task        ] GC(1148) Using 8 workers of 8 for evacuation
[6673.631s][info][gc,phases      ] GC(1148)   Pre Evacuate Collection Set: 0.28ms
[6673.631s][info][gc,phases      ] GC(1148)   Merge Heap Roots: 0.50ms
[6673.631s][info][gc,phases      ] GC(1148)   Evacuate Collection Set: 149.33ms
[6673.631s][info][gc,phases      ] GC(1148)   Post Evacuate Collection Set: 1.00ms
[6673.631s][info][gc,phases      ] GC(1148)   Other: 0.07ms
[6673.631s][info][gc,heap        ] GC(1148) Eden regions: 570->0(570)
[6673.631s][info][gc,heap        ] GC(1148) Survivor regions: 44->44(77)
[6673.631s][info][gc,heap        ] GC(1148) Old regions: 194->201
[6673.631s][info][gc,heap        ] GC(1148) Humongous regions: 33->33
[6673.632s][info][gc,metaspace   ] GC(1148) Metaspace: 29946K(30400K)->29946K(30400K) NonClass: 24537K(24768K)->24537K(24768K) Class: 5408K(5632K)->5408K(5632K)
[6673.632s][info][gc             ] GC(1148) Pause Young (Normal) (G1 Evacuation Pause) 6712M->2209M(8192M) 151.333ms
[6673.632s][info][gc,cpu         ] GC(1148) User=1.19s Sys=0.01s Real=0.15s
....[6676.732s][info][gc,start       ] GC(1149) Pause Young (Normal) (G1 Evacuation Pause)
[6676.733s][info][gc,task        ] GC(1149) Using 8 workers of 8 for evacuation
[6676.880s][info][gc,phases      ] GC(1149)   Pre Evacuate Collection Set: 0.24ms
[6676.880s][info][gc,phases      ] GC(1149)   Merge Heap Roots: 0.52ms
[6676.880s][info][gc,phases      ] GC(1149)   Evacuate Collection Set: 145.45ms
[6676.880s][info][gc,phases      ] GC(1149)   Post Evacuate Collection Set: 1.05ms
[6676.880s][info][gc,phases      ] GC(1149)   Other: 0.07ms
[6676.880s][info][gc,heap        ] GC(1149) Eden regions: 570->0(571)
[6676.880s][info][gc,heap        ] GC(1149) Survivor regions: 44->43(77)
[6676.880s][info][gc,heap        ] GC(1149) Old regions: 201->208
[6676.880s][info][gc,heap        ] GC(1149) Humongous regions: 33->33
[6676.880s][info][gc,metaspace   ] GC(1149) Metaspace: 29946K(30400K)->29946K(30400K) NonClass: 24537K(24768K)->24537K(24768K) Class: 5408K(5632K)->5408K(5632K)
[6676.880s][info][gc             ] GC(1149) Pause Young (Normal) (G1 Evacuation Pause) 6769M->2257M(8192M) 147.462ms
[6676.880s][info][gc,cpu         ] GC(1149) User=1.17s Sys=0.00s Real=0.15s
...[6680.045s][info][gc,start       ] GC(1150) Pause Young (Normal) (G1 Evacuation Pause)
[6680.045s][info][gc,task        ] GC(1150) Using 8 workers of 8 for evacuation
[6680.194s][info][gc,phases      ] GC(1150)   Pre Evacuate Collection Set: 0.26ms
[6680.194s][info][gc,phases      ] GC(1150)   Merge Heap Roots: 0.49ms
[6680.194s][info][gc,phases      ] GC(1150)   Evacuate Collection Set: 146.58ms
[6680.194s][info][gc,phases      ] GC(1150)   Post Evacuate Collection Set: 0.98ms
[6680.194s][info][gc,phases      ] GC(1150)   Other: 0.07ms
[6680.194s][info][gc,heap        ] GC(1150) Eden regions: 571->0(571)
[6680.194s][info][gc,heap        ] GC(1150) Survivor regions: 43->43(77)
[6680.194s][info][gc,heap        ] GC(1150) Old regions: 208->215
[6680.194s][info][gc,heap        ] GC(1150) Humongous regions: 33->33
[6680.194s][info][gc,metaspace   ] GC(1150) Metaspace: 29946K(30400K)->29946K(30400K) NonClass: 24537K(24768K)->24537K(24768K) Class: 5408K(5632K)->5408K(5632K)
[6680.194s][info][gc             ] GC(1150) Pause Young (Normal) (G1 Evacuation Pause) 6825M->2315M(8192M) 148.535ms
[6680.194s][info][gc,cpu         ] GC(1150) User=1.18s Sys=0.00s Real=0.14s
...[6683.277s][info][gc,start       ] GC(1151) Pause Young (Normal) (G1 Evacuation Pause)
[6683.277s][info][gc,task        ] GC(1151) Using 8 workers of 8 for evacuation
[6683.427s][info][gc,phases      ] GC(1151)   Pre Evacuate Collection Set: 0.25ms
[6683.427s][info][gc,phases      ] GC(1151)   Merge Heap Roots: 0.51ms
[6683.427s][info][gc,phases      ] GC(1151)   Evacuate Collection Set: 147.68ms
[6683.427s][info][gc,phases      ] GC(1151)   Post Evacuate Collection Set: 0.98ms
[6683.427s][info][gc,phases      ] GC(1151)   Other: 0.06ms
[6683.427s][info][gc,heap        ] GC(1151) Eden regions: 571->0(570)
[6683.427s][info][gc,heap        ] GC(1151) Survivor regions: 43->44(77)
[6683.427s][info][gc,heap        ] GC(1151) Old regions: 215->222
[6683.427s][info][gc,heap        ] GC(1151) Humongous regions: 33->33
[6683.427s][info][gc,metaspace   ] GC(1151) Metaspace: 29946K(30400K)->29946K(30400K) NonClass: 24537K(24768K)->24537K(24768K) Class: 5408K(5632K)->5408K(5632K)
[6683.427s][info][gc             ] GC(1151) Pause Young (Normal) (G1 Evacuation Pause) 6883M->2375M(8192M) 149.613ms
[6683.427s][info][gc,cpu         ] GC(1151) User=1.18s Sys=0.00s Real=0.15s
...[6686.570s][info][gc,start       ] GC(1152) Pause Young (Normal) (G1 Evacuation Pause)
[6686.570s][info][gc,task        ] GC(1152) Using 8 workers of 8 for evacuation
[6686.720s][info][gc,phases      ] GC(1152)   Pre Evacuate Collection Set: 0.24ms
[6686.720s][info][gc,phases      ] GC(1152)   Merge Heap Roots: 0.54ms
[6686.720s][info][gc,phases      ] GC(1152)   Evacuate Collection Set: 148.18ms
[6686.720s][info][gc,phases      ] GC(1152)   Post Evacuate Collection Set: 1.02ms
[6686.720s][info][gc,phases      ] GC(1152)   Other: 0.06ms
[6686.720s][info][gc,heap        ] GC(1152) Eden regions: 570->0(570)
[6686.720s][info][gc,heap        ] GC(1152) Survivor regions: 44->44(77)
[6686.720s][info][gc,heap        ] GC(1152) Old regions: 222->229
[6686.720s][info][gc,heap        ] GC(1152) Humongous regions: 33->33
[6686.720s][info][gc,metaspace   ] GC(1152) Metaspace: 29946K(30400K)->29946K(30400K) NonClass: 24537K(24768K)->24537K(24768K) Class: 5408K(5632K)->5408K(5632K)
[6686.720s][info][gc             ] GC(1152) Pause Young (Normal) (G1 Evacuation Pause) 6935M->2431M(8192M) 150.208ms
[6686.720s][info][gc,cpu         ] GC(1152) User=1.19s Sys=0.00s Real=0.15s
....[6689.826s][info][gc,start       ] GC(1153) Pause Young (Normal) (G1 Evacuation Pause)
[6689.826s][info][gc,task        ] GC(1153) Using 8 workers of 8 for evacuation
[6689.976s][info][gc,phases      ] GC(1153)   Pre Evacuate Collection Set: 0.23ms
[6689.976s][info][gc,phases      ] GC(1153)   Merge Heap Roots: 0.51ms
[6689.976s][info][gc,phases      ] GC(1153)   Evacuate Collection Set: 147.73ms
[6689.976s][info][gc,phases      ] GC(1153)   Post Evacuate Collection Set: 1.00ms
[6689.976s][info][gc,phases      ] GC(1153)   Other: 0.06ms
[6689.976s][info][gc,heap        ] GC(1153) Eden regions: 570->0(570)
[6689.976s][info][gc,heap        ] GC(1153) Survivor regions: 44->44(77)
[6689.976s][info][gc,heap        ] GC(1153) Old regions: 229->237
[6689.976s][info][gc,heap        ] GC(1153) Humongous regions: 33->33
[6689.976s][info][gc,metaspace   ] GC(1153) Metaspace: 29946K(30400K)->29946K(30400K) NonClass: 24537K(24768K)->24537K(24768K) Class: 5408K(5632K)->5408K(5632K)
[6689.976s][info][gc             ] GC(1153) Pause Young (Normal) (G1 Evacuation Pause) 6991M->2488M(8192M) 149.653ms
[6689.976s][info][gc,cpu         ] GC(1153) User=1.18s Sys=0.00s Real=0.15s
...[6693.052s][info][gc,start       ] GC(1154) Pause Young (Normal) (G1 Evacuation Pause)
[6693.052s][info][gc,task        ] GC(1154) Using 8 workers of 8 for evacuation
[6693.205s][info][gc,phases      ] GC(1154)   Pre Evacuate Collection Set: 0.23ms
[6693.205s][info][gc,phases      ] GC(1154)   Merge Heap Roots: 0.53ms
[6693.205s][info][gc,phases      ] GC(1154)   Evacuate Collection Set: 151.88ms
[6693.205s][info][gc,phases      ] GC(1154)   Post Evacuate Collection Set: 0.98ms
[6693.205s][info][gc,phases      ] GC(1154)   Other: 0.07ms
[6693.206s][info][gc,heap        ] GC(1154) Eden regions: 570->0(570)
[6693.206s][info][gc,heap        ] GC(1154) Survivor regions: 44->44(77)
[6693.206s][info][gc,heap        ] GC(1154) Old regions: 237->243
[6693.206s][info][gc,heap        ] GC(1154) Humongous regions: 33->33
[6693.206s][info][gc,metaspace   ] GC(1154) Metaspace: 29946K(30400K)->29946K(30400K) NonClass: 24537K(24768K)->24537K(24768K) Class: 5408K(5632K)->5408K(5632K)
[6693.206s][info][gc             ] GC(1154) Pause Young (Normal) (G1 Evacuation Pause) 7048M->2543M(8192M) 153.820ms
[6693.206s][info][gc,cpu         ] GC(1154) User=1.22s Sys=0.00s Real=0.16s
...[6696.279s][info][gc,start       ] GC(1155) Pause Young (Normal) (G1 Evacuation Pause)
[6696.279s][info][gc,task        ] GC(1155) Using 8 workers of 8 for evacuation
[6696.431s][info][gc,phases      ] GC(1155)   Pre Evacuate Collection Set: 0.26ms
[6696.431s][info][gc,phases      ] GC(1155)   Merge Heap Roots: 0.58ms
[6696.431s][info][gc,phases      ] GC(1155)   Evacuate Collection Set: 149.18ms
[6696.431s][info][gc,phases      ] GC(1155)   Post Evacuate Collection Set: 1.02ms
[6696.431s][info][gc,phases      ] GC(1155)   Other: 0.07ms
[6696.431s][info][gc,heap        ] GC(1155) Eden regions: 570->0(570)
[6696.431s][info][gc,heap        ] GC(1155) Survivor regions: 44->44(77)
[6696.431s][info][gc,heap        ] GC(1155) Old regions: 243->250
[6696.431s][info][gc,heap        ] GC(1155) Humongous regions: 33->33
[6696.431s][info][gc,metaspace   ] GC(1155) Metaspace: 29946K(30400K)->29946K(30400K) NonClass: 24538K(24768K)->24538K(24768K) Class: 5408K(5632K)->5408K(5632K)
[6696.431s][info][gc             ] GC(1155) Pause Young (Normal) (G1 Evacuation Pause) 7103M->2599M(8192M) 151.242ms
[6696.431s][info][gc,cpu         ] GC(1155) User=1.19s Sys=0.01s Real=0.15s
...[6699.361s][info][gc,start       ] GC(1156) Pause Young (Normal) (G1 Evacuation Pause)
[6699.361s][info][gc,task        ] GC(1156) Using 8 workers of 8 for evacuation
[6699.515s][info][gc,phases      ] GC(1156)   Pre Evacuate Collection Set: 0.23ms
[6699.516s][info][gc,phases      ] GC(1156)   Merge Heap Roots: 0.55ms
[6699.516s][info][gc,phases      ] GC(1156)   Evacuate Collection Set: 152.96ms
[6699.516s][info][gc,phases      ] GC(1156)   Post Evacuate Collection Set: 1.02ms
[6699.516s][info][gc,phases      ] GC(1156)   Other: 0.06ms
[6699.516s][info][gc,heap        ] GC(1156) Eden regions: 570->0(570)
[6699.516s][info][gc,heap        ] GC(1156) Survivor regions: 44->44(77)
[6699.516s][info][gc,heap        ] GC(1156) Old regions: 250->257
[6699.516s][info][gc,heap        ] GC(1156) Humongous regions: 33->33
[6699.516s][info][gc,metaspace   ] GC(1156) Metaspace: 29946K(30400K)->29946K(30400K) NonClass: 24538K(24768K)->24538K(24768K) Class: 5408K(5632K)->5408K(5632K)
[6699.516s][info][gc             ] GC(1156) Pause Young (Normal) (G1 Evacuation Pause) 7159M->2659M(8192M) 154.962ms
[6699.516s][info][gc,cpu         ] GC(1156) User=1.22s Sys=0.00s Real=0.16s
. (rIR:aIR:PR = 11936:11983:11968) (tPR = 176967) [OK] 
  6699s: Performance info:
         Transaction,    Success,    Partial,     Failed,   Receipts, AvgBarcode, 
             Overall,     727559,          0,          0,     691414,      59.48, 
         Response times:
             Request,    Success,    Partial,     Failed,   SkipFail,     Probes,    Samples,      min,      p50,      p90,      p95,      p99,      max, 
       TotalPurchase,     692381,          0,          0,          0,     347111,     465551,      300,    26000,   137000,   212000,   347000,  4200000,
     InStorePurchase,     365091,          0,          0,          0,     181573,     244287,      300,    25000,   136000,   212000,   342000,  4200000,
      OnlinePurchase,     253758,          0,          0,          0,     127876,     171436,      300,    26000,   137000,   210000,   352630,  4200000,
        InstPurchase,      73532,          0,          0,          0,      37662,      49828,      500,    25000,   137000,   213000,   348710,  4200000,
          AssocOfCat,        722,          0,          0,          0,        589,        877,    37000,    89000,   219200,   289700,   403200,   498000,
      AssocOfProduct,       7242,          0,          0,          0,       4513,       6102,      700,    24000,   135700,   210850,   349000,  1800000,
      BusinessReport,       1814,          0,          0,          0,       1593,       2255,    36000,    95000,   226000,   315000,   441840,  1300000,
          CustBuyBeh,       7254,          0,          0,          0,       4472,       6067,      300,    26000,   142000,   210600,   339320,   680000,
       ProductReturn,      19083,          0,          0,          0,       9979,      13177,      200,    25000,   140000,   223100,   354440,  2500000,

  6699s: (85%)   IR =  12078 ..[6702.530s][info][gc,start       ] GC(1157) Pause Young (Normal) (G1 Evacuation Pause)
[6702.530s][info][gc,task        ] GC(1157) Using 8 workers of 8 for evacuation
[6702.682s][info][gc,phases      ] GC(1157)   Pre Evacuate Collection Set: 0.27ms
[6702.682s][info][gc,phases      ] GC(1157)   Merge Heap Roots: 0.54ms
[6702.682s][info][gc,phases      ] GC(1157)   Evacuate Collection Set: 149.70ms
[6702.682s][info][gc,phases      ] GC(1157)   Post Evacuate Collection Set: 1.01ms
[6702.682s][info][gc,phases      ] GC(1157)   Other: 0.06ms
[6702.682s][info][gc,heap        ] GC(1157) Eden regions: 570->0(571)
[6702.682s][info][gc,heap        ] GC(1157) Survivor regions: 44->43(77)
[6702.682s][info][gc,heap        ] GC(1157) Old regions: 257->265
[6702.682s][info][gc,heap        ] GC(1157) Humongous regions: 33->33
[6702.682s][info][gc,metaspace   ] GC(1157) Metaspace: 29946K(30400K)->29946K(30400K) NonClass: 24538K(24768K)->24538K(24768K) Class: 5408K(5632K)->5408K(5632K)
[6702.682s][info][gc             ] GC(1157) Pause Young (Normal) (G1 Evacuation Pause) 7219M->2708M(8192M) 151.718ms
[6702.682s][info][gc,cpu         ] GC(1157) User=1.20s Sys=0.00s Real=0.15s
...[6705.754s][info][gc,start       ] GC(1158) Pause Young (Normal) (G1 Evacuation Pause)
[6705.754s][info][gc,task        ] GC(1158) Using 8 workers of 8 for evacuation
[6705.901s][info][gc,phases      ] GC(1158)   Pre Evacuate Collection Set: 0.26ms
[6705.901s][info][gc,phases      ] GC(1158)   Merge Heap Roots: 0.51ms
[6705.901s][info][gc,phases      ] GC(1158)   Evacuate Collection Set: 144.49ms
[6705.901s][info][gc,phases      ] GC(1158)   Post Evacuate Collection Set: 1.00ms
[6705.901s][info][gc,phases      ] GC(1158)   Other: 0.06ms
[6705.901s][info][gc,heap        ] GC(1158) Eden regions: 571->0(571)
[6705.901s][info][gc,heap        ] GC(1158) Survivor regions: 43->43(77)
[6705.901s][info][gc,heap        ] GC(1158) Old regions: 265->271
[6705.901s][info][gc,heap        ] GC(1158) Humongous regions: 33->33
[6705.901s][info][gc,metaspace   ] GC(1158) Metaspace: 29946K(30400K)->29946K(30400K) NonClass: 24538K(24768K)->24538K(24768K) Class: 5408K(5632K)->5408K(5632K)
[6705.901s][info][gc             ] GC(1158) Pause Young (Normal) (G1 Evacuation Pause) 7276M->2759M(8192M) 146.453ms
[6705.901s][info][gc,cpu         ] GC(1158) User=1.16s Sys=0.00s Real=0.15s
...[6708.957s][info][gc,start       ] GC(1159) Pause Young (Normal) (G1 Evacuation Pause)
[6708.957s][info][gc,task        ] GC(1159) Using 8 workers of 8 for evacuation
[6709.110s][info][gc,phases      ] GC(1159)   Pre Evacuate Collection Set: 0.21ms
[6709.110s][info][gc,phases      ] GC(1159)   Merge Heap Roots: 0.50ms
[6709.110s][info][gc,phases      ] GC(1159)   Evacuate Collection Set: 151.08ms
[6709.110s][info][gc,phases      ] GC(1159)   Post Evacuate Collection Set: 0.99ms
[6709.110s][info][gc,phases      ] GC(1159)   Other: 0.08ms
[6709.110s][info][gc,heap        ] GC(1159) Eden regions: 571->0(569)
[6709.110s][info][gc,heap        ] GC(1159) Survivor regions: 43->45(77)
[6709.110s][info][gc,heap        ] GC(1159) Old regions: 271->278
[6709.110s][info][gc,heap        ] GC(1159) Humongous regions: 33->33
[6709.110s][info][gc,metaspace   ] GC(1159) Metaspace: 29946K(30400K)->29946K(30400K) NonClass: 24538K(24768K)->24538K(24768K) Class: 5408K(5632K)->5408K(5632K)
[6709.110s][info][gc             ] GC(1159) Pause Young (Normal) (G1 Evacuation Pause) 7327M->2831M(8192M) 153.007ms
[6709.110s][info][gc,cpu         ] GC(1159) User=1.21s Sys=0.00s Real=0.15s
...[6712.077s][info][gc,start       ] GC(1160) Pause Young (Normal) (G1 Evacuation Pause)
[6712.077s][info][gc,task        ] GC(1160) Using 8 workers of 8 for evacuation
[6712.228s][info][gc,phases      ] GC(1160)   Pre Evacuate Collection Set: 0.22ms
[6712.228s][info][gc,phases      ] GC(1160)   Merge Heap Roots: 0.58ms
[6712.228s][info][gc,phases      ] GC(1160)   Evacuate Collection Set: 148.66ms
[6712.228s][info][gc,phases      ] GC(1160)   Post Evacuate Collection Set: 0.97ms
[6712.228s][info][gc,phases      ] GC(1160)   Other: 0.81ms
[6712.228s][info][gc,heap        ] GC(1160) Eden regions: 569->0(568)
[6712.228s][info][gc,heap        ] GC(1160) Survivor regions: 45->43(77)
[6712.228s][info][gc,heap        ] GC(1160) Old regions: 278->285
[6712.228s][info][gc,heap        ] GC(1160) Humongous regions: 33->33
[6712.228s][info][gc,metaspace   ] GC(1160) Metaspace: 29946K(30400K)->29946K(30400K) NonClass: 24538K(24768K)->24538K(24768K) Class: 5408K(5632K)->5408K(5632K)
[6712.228s][info][gc             ] GC(1160) Pause Young (Normal) (G1 Evacuation Pause) 7383M->2875M(8192M) 151.367ms
[6712.228s][info][gc,cpu         ] GC(1160) User=1.19s Sys=0.00s Real=0.15s
...[6715.232s][info][gc,start       ] GC(1161) Pause Young (Normal) (G1 Evacuation Pause)
[6715.232s][info][gc,task        ] GC(1161) Using 8 workers of 8 for evacuation
[6715.387s][info][gc,phases      ] GC(1161)   Pre Evacuate Collection Set: 0.22ms
[6715.387s][info][gc,phases      ] GC(1161)   Merge Heap Roots: 0.47ms
[6715.387s][info][gc,phases      ] GC(1161)   Evacuate Collection Set: 152.59ms
[6715.387s][info][gc,phases      ] GC(1161)   Post Evacuate Collection Set: 1.01ms
[6715.387s][info][gc,phases      ] GC(1161)   Other: 0.06ms
[6715.387s][info][gc,heap        ] GC(1161) Eden regions: 568->0(558)
[6715.387s][info][gc,heap        ] GC(1161) Survivor regions: 43->44(77)
[6715.387s][info][gc,heap        ] GC(1161) Old regions: 285->293
[6715.387s][info][gc,heap        ] GC(1161) Humongous regions: 33->33
[6715.387s][info][gc,metaspace   ] GC(1161) Metaspace: 29946K(30400K)->29946K(30400K) NonClass: 24538K(24768K)->24538K(24768K) Class: 5408K(5632K)->5408K(5632K)
[6715.387s][info][gc             ] GC(1161) Pause Young (Normal) (G1 Evacuation Pause) 7419M->2939M(8192M) 154.507ms
[6715.387s][info][gc,cpu         ] GC(1161) User=1.23s Sys=0.00s Real=0.16s
...[6718.320s][info][gc,start       ] GC(1162) Pause Young (Normal) (G1 Evacuation Pause)
[6718.320s][info][gc,task        ] GC(1162) Using 8 workers of 8 for evacuation
[6718.474s][info][gc,phases      ] GC(1162)   Pre Evacuate Collection Set: 0.23ms
[6718.474s][info][gc,phases      ] GC(1162)   Merge Heap Roots: 0.50ms
[6718.474s][info][gc,phases      ] GC(1162)   Evacuate Collection Set: 152.04ms
[6718.474s][info][gc,phases      ] GC(1162)   Post Evacuate Collection Set: 0.98ms
[6718.474s][info][gc,phases      ] GC(1162)   Other: 0.06ms
[6718.474s][info][gc,heap        ] GC(1162) Eden regions: 558->0(551)
[6718.474s][info][gc,heap        ] GC(1162) Survivor regions: 44->44(76)
[6718.474s][info][gc,heap        ] GC(1162) Old regions: 293->300
[6718.474s][info][gc,heap        ] GC(1162) Humongous regions: 33->33
[6718.474s][info][gc,metaspace   ] GC(1162) Metaspace: 29946K(30400K)->29946K(30400K) NonClass: 24538K(24768K)->24538K(24768K) Class: 5408K(5632K)->5408K(5632K)
[6718.474s][info][gc             ] GC(1162) Pause Young (Normal) (G1 Evacuation Pause) 7403M->3000M(8192M) 153.955ms
[6718.474s][info][gc,cpu         ] GC(1162) User=1.22s Sys=0.00s Real=0.15s
...[6721.358s][info][gc,start       ] GC(1163) Pause Young (Normal) (G1 Evacuation Pause)
[6721.358s][info][gc,task        ] GC(1163) Using 8 workers of 8 for evacuation
[6721.511s][info][gc,phases      ] GC(1163)   Pre Evacuate Collection Set: 0.23ms
[6721.511s][info][gc,phases      ] GC(1163)   Merge Heap Roots: 0.56ms
[6721.511s][info][gc,phases      ] GC(1163)   Evacuate Collection Set: 150.82ms
[6721.511s][info][gc,phases      ] GC(1163)   Post Evacuate Collection Set: 0.96ms
[6721.511s][info][gc,phases      ] GC(1163)   Other: 0.06ms
[6721.511s][info][gc,heap        ] GC(1163) Eden regions: 551->0(544)
[6721.511s][info][gc,heap        ] GC(1163) Survivor regions: 44->44(75)
[6721.511s][info][gc,heap        ] GC(1163) Old regions: 300->307
[6721.511s][info][gc,heap        ] GC(1163) Humongous regions: 33->33
[6721.511s][info][gc,metaspace   ] GC(1163) Metaspace: 29946K(30400K)->29946K(30400K) NonClass: 24538K(24768K)->24538K(24768K) Class: 5408K(5632K)->5408K(5632K)
[6721.511s][info][gc             ] GC(1163) Pause Young (Normal) (G1 Evacuation Pause) 7408M->3055M(8192M) 152.767ms
[6721.511s][info][gc,cpu         ] GC(1163) User=1.20s Sys=0.00s Real=0.15s
.|..[6724.309s][info][gc,start       ] GC(1164) Pause Young (Concurrent Start) (G1 Evacuation Pause)
[6724.309s][info][gc,task        ] GC(1164) Using 8 workers of 8 for evacuation
[6724.458s][info][gc,phases      ] GC(1164)   Pre Evacuate Collection Set: 0.26ms
[6724.458s][info][gc,phases      ] GC(1164)   Merge Heap Roots: 0.47ms
[6724.458s][info][gc,phases      ] GC(1164)   Evacuate Collection Set: 146.98ms
[6724.458s][info][gc,phases      ] GC(1164)   Post Evacuate Collection Set: 0.96ms
[6724.458s][info][gc,phases      ] GC(1164)   Other: 0.08ms
[6724.458s][info][gc,heap        ] GC(1164) Eden regions: 544->0(538)
[6724.458s][info][gc,heap        ] GC(1164) Survivor regions: 44->43(74)
[6724.458s][info][gc,heap        ] GC(1164) Old regions: 307->315
[6724.458s][info][gc,heap        ] GC(1164) Humongous regions: 33->33
[6724.458s][info][gc,metaspace   ] GC(1164) Metaspace: 29946K(30400K)->29946K(30400K) NonClass: 24538K(24768K)->24538K(24768K) Class: 5408K(5632K)->5408K(5632K)
[6724.458s][info][gc             ] GC(1164) Pause Young (Concurrent Start) (G1 Evacuation Pause) 7407M->3111M(8192M) 148.884ms
[6724.458s][info][gc             ] GC(1165) Concurrent Mark Cycle
[6724.458s][info][gc,marking     ] GC(1165) Concurrent Scan Root Regions
[6724.458s][info][gc,cpu         ] GC(1164) User=1.18s Sys=0.00s Real=0.15s
.[6724.740s][info][gc,marking     ] GC(1165) Concurrent Scan Root Regions 282.221ms
[6724.740s][info][gc,marking     ] GC(1165) Concurrent Mark
[6724.740s][info][gc,marking     ] GC(1165) Concurrent Mark From Roots
[6724.740s][info][gc,task        ] GC(1165) Using 2 workers of 2 for marking
.[6725.990s][info][gc,marking     ] GC(1165) Concurrent Mark From Roots 1249.498ms
[6725.990s][info][gc,marking     ] GC(1165) Concurrent Preclean
[6725.990s][info][gc,marking     ] GC(1165) Concurrent Preclean 0.100ms
[6725.990s][info][gc,start       ] GC(1165) Pause Remark
[6725.991s][info][gc             ] GC(1165) Pause Remark 4815M->4183M(8192M) 1.638ms
[6725.991s][info][gc,cpu         ] GC(1165) User=0.01s Sys=0.00s Real=0.00s
[6725.992s][info][gc,marking     ] GC(1165) Concurrent Mark 1251.514ms
[6725.992s][info][gc,marking     ] GC(1165) Concurrent Rebuild Remembered Sets and Scrub Regions
.[6726.805s][info][gc,marking     ] GC(1165) Concurrent Rebuild Remembered Sets and Scrub Regions 813.842ms
[6726.806s][info][gc,start       ] GC(1165) Pause Cleanup
[6726.806s][info][gc             ] GC(1165) Pause Cleanup 5312M->5312M(8192M) 0.257ms
[6726.806s][info][gc,cpu         ] GC(1165) User=0.00s Sys=0.00s Real=0.00s
[6726.806s][info][gc,marking     ] GC(1165) Concurrent Clear Claimed Marks
[6726.806s][info][gc,marking     ] GC(1165) Concurrent Clear Claimed Marks 0.046ms
[6726.806s][info][gc,marking     ] GC(1165) Concurrent Cleanup for Next Mark
[6726.822s][info][gc,marking     ] GC(1165) Concurrent Cleanup for Next Mark 16.249ms
[6726.822s][info][gc             ] GC(1165) Concurrent Mark Cycle 2364.506ms
.[6727.779s][info][gc,start       ] GC(1166) Pause Young (Prepare Mixed) (G1 Evacuation Pause)
[6727.779s][info][gc,task        ] GC(1166) Using 8 workers of 8 for evacuation
[6727.929s][info][gc,phases      ] GC(1166)   Pre Evacuate Collection Set: 0.23ms
[6727.929s][info][gc,phases      ] GC(1166)   Merge Heap Roots: 0.65ms
[6727.929s][info][gc,phases      ] GC(1166)   Evacuate Collection Set: 148.11ms
[6727.929s][info][gc,phases      ] GC(1166)   Post Evacuate Collection Set: 1.08ms
[6727.929s][info][gc,phases      ] GC(1166)   Other: 0.06ms
[6727.929s][info][gc,heap        ] GC(1166) Eden regions: 538->0(572)
[6727.929s][info][gc,heap        ] GC(1166) Survivor regions: 43->42(73)
[6727.929s][info][gc,heap        ] GC(1166) Old regions: 236->243
[6727.929s][info][gc,heap        ] GC(1166) Humongous regions: 33->33
[6727.929s][info][gc,metaspace   ] GC(1166) Metaspace: 29946K(30400K)->29946K(30400K) NonClass: 24538K(24768K)->24538K(24768K) Class: 5408K(5632K)->5408K(5632K)
[6727.929s][info][gc             ] GC(1166) Pause Young (Prepare Mixed) (G1 Evacuation Pause) 6783M->2531M(8192M) 150.250ms
[6727.929s][info][gc,cpu         ] GC(1166) User=1.19s Sys=0.00s Real=0.15s
...[6730.807s][info][gc,start       ] GC(1167) Pause Young (Mixed) (G1 Evacuation Pause)
[6730.807s][info][gc,task        ] GC(1167) Using 8 workers of 8 for evacuation
[6730.965s][info][gc,phases      ] GC(1167)   Pre Evacuate Collection Set: 0.25ms
[6730.965s][info][gc,phases      ] GC(1167)   Merge Heap Roots: 0.89ms
[6730.965s][info][gc,phases      ] GC(1167)   Evacuate Collection Set: 156.23ms
[6730.965s][info][gc,phases      ] GC(1167)   Post Evacuate Collection Set: 1.20ms
[6730.965s][info][gc,phases      ] GC(1167)   Other: 0.08ms
[6730.965s][info][gc,heap        ] GC(1167) Eden regions: 572->0(571)
[6730.965s][info][gc,heap        ] GC(1167) Survivor regions: 42->43(77)
[6730.965s][info][gc,heap        ] GC(1167) Old regions: 243->149
[6730.965s][info][gc,heap        ] GC(1167) Humongous regions: 33->33
[6730.965s][info][gc,metaspace   ] GC(1167) Metaspace: 29946K(30400K)->29946K(30400K) NonClass: 24538K(24768K)->24538K(24768K) Class: 5408K(5632K)->5408K(5632K)
[6730.965s][info][gc             ] GC(1167) Pause Young (Mixed) (G1 Evacuation Pause) 7107M->1778M(8192M) 158.781ms
[6730.966s][info][gc,cpu         ] GC(1167) User=1.25s Sys=0.00s Real=0.16s
...[6733.929s][info][gc,start       ] GC(1168) Pause Young (Mixed) (G1 Evacuation Pause)
[6733.929s][info][gc,task        ] GC(1168) Using 8 workers of 8 for evacuation
[6734.092s][info][gc,phases      ] GC(1168)   Pre Evacuate Collection Set: 0.26ms
[6734.092s][info][gc,phases      ] GC(1168)   Merge Heap Roots: 0.72ms
[6734.092s][info][gc,phases      ] GC(1168)   Evacuate Collection Set: 161.31ms
[6734.092s][info][gc,phases      ] GC(1168)   Post Evacuate Collection Set: 1.04ms
[6734.092s][info][gc,phases      ] GC(1168)   Other: 0.07ms
[6734.092s][info][gc,heap        ] GC(1168) Eden regions: 571->0(570)
[6734.092s][info][gc,heap        ] GC(1168) Survivor regions: 43->44(77)
[6734.092s][info][gc,heap        ] GC(1168) Old regions: 149->143
[6734.092s][info][gc,heap        ] GC(1168) Humongous regions: 33->33
[6734.092s][info][gc,metaspace   ] GC(1168) Metaspace: 29948K(30400K)->29948K(30400K) NonClass: 24540K(24768K)->24540K(24768K) Class: 5408K(5632K)->5408K(5632K)
[6734.092s][info][gc             ] GC(1168) Pause Young (Mixed) (G1 Evacuation Pause) 6346M->1747M(8192M) 163.520ms
[6734.092s][info][gc,cpu         ] GC(1168) User=1.29s Sys=0.00s Real=0.16s
...[6736.972s][info][gc,start       ] GC(1169) Pause Young (Normal) (G1 Evacuation Pause)
[6736.972s][info][gc,task        ] GC(1169) Using 8 workers of 8 for evacuation
[6737.121s][info][gc,phases      ] GC(1169)   Pre Evacuate Collection Set: 0.22ms
[6737.121s][info][gc,phases      ] GC(1169)   Merge Heap Roots: 0.49ms
[6737.121s][info][gc,phases      ] GC(1169)   Evacuate Collection Set: 147.64ms
[6737.121s][info][gc,phases      ] GC(1169)   Post Evacuate Collection Set: 1.00ms
[6737.121s][info][gc,phases      ] GC(1169)   Other: 0.06ms
[6737.121s][info][gc,heap        ] GC(1169) Eden regions: 570->0(571)
[6737.121s][info][gc,heap        ] GC(1169) Survivor regions: 44->43(77)
[6737.121s][info][gc,heap        ] GC(1169) Old regions: 143->151
[6737.121s][info][gc,heap        ] GC(1169) Humongous regions: 33->33
[6737.121s][info][gc,metaspace   ] GC(1169) Metaspace: 29948K(30400K)->29948K(30400K) NonClass: 24540K(24768K)->24540K(24768K) Class: 5408K(5632K)->5408K(5632K)
[6737.121s][info][gc             ] GC(1169) Pause Young (Normal) (G1 Evacuation Pause) 6307M->1798M(8192M) 149.543ms
[6737.121s][info][gc,cpu         ] GC(1169) User=1.19s Sys=0.00s Real=0.15s
...[6739.983s][info][gc,start       ] GC(1170) Pause Young (Normal) (G1 Evacuation Pause)
[6739.983s][info][gc,task        ] GC(1170) Using 8 workers of 8 for evacuation
[6740.139s][info][gc,phases      ] GC(1170)   Pre Evacuate Collection Set: 0.21ms
[6740.139s][info][gc,phases      ] GC(1170)   Merge Heap Roots: 0.53ms
[6740.139s][info][gc,phases      ] GC(1170)   Evacuate Collection Set: 153.57ms
[6740.139s][info][gc,phases      ] GC(1170)   Post Evacuate Collection Set: 1.00ms
[6740.139s][info][gc,phases      ] GC(1170)   Other: 0.06ms
[6740.139s][info][gc,heap        ] GC(1170) Eden regions: 571->0(570)
[6740.139s][info][gc,heap        ] GC(1170) Survivor regions: 43->44(77)
[6740.139s][info][gc,heap        ] GC(1170) Old regions: 151->158
[6740.139s][info][gc,heap        ] GC(1170) Humongous regions: 33->33
[6740.139s][info][gc,metaspace   ] GC(1170) Metaspace: 29948K(30400K)->29948K(30400K) NonClass: 24540K(24768K)->24540K(24768K) Class: 5408K(5632K)->5408K(5632K)
[6740.139s][info][gc             ] GC(1170) Pause Young (Normal) (G1 Evacuation Pause) 6366M->1863M(8192M) 155.504ms
[6740.139s][info][gc,cpu         ] GC(1170) User=1.24s Sys=0.00s Real=0.16s
...[6743.203s][info][gc,start       ] GC(1171) Pause Young (Normal) (G1 Evacuation Pause)
[6743.203s][info][gc,task        ] GC(1171) Using 8 workers of 8 for evacuation
[6743.353s][info][gc,phases      ] GC(1171)   Pre Evacuate Collection Set: 0.26ms
[6743.353s][info][gc,phases      ] GC(1171)   Merge Heap Roots: 0.53ms
[6743.353s][info][gc,phases      ] GC(1171)   Evacuate Collection Set: 148.08ms
[6743.353s][info][gc,phases      ] GC(1171)   Post Evacuate Collection Set: 1.00ms
[6743.353s][info][gc,phases      ] GC(1171)   Other: 0.07ms
[6743.353s][info][gc,heap        ] GC(1171) Eden regions: 570->0(570)
[6743.353s][info][gc,heap        ] GC(1171) Survivor regions: 44->44(77)
[6743.353s][info][gc,heap        ] GC(1171) Old regions: 158->165
[6743.353s][info][gc,heap        ] GC(1171) Humongous regions: 33->33
[6743.353s][info][gc,metaspace   ] GC(1171) Metaspace: 29948K(30400K)->29948K(30400K) NonClass: 24540K(24768K)->24540K(24768K) Class: 5408K(5632K)->5408K(5632K)
[6743.353s][info][gc             ] GC(1171) Pause Young (Normal) (G1 Evacuation Pause) 6423M->1915M(8192M) 150.081ms
[6743.353s][info][gc,cpu         ] GC(1171) User=1.19s Sys=0.00s Real=0.15s
...[6746.314s][info][gc,start       ] GC(1172) Pause Young (Normal) (G1 Evacuation Pause)
[6746.314s][info][gc,task        ] GC(1172) Using 8 workers of 8 for evacuation
[6746.470s][info][gc,phases      ] GC(1172)   Pre Evacuate Collection Set: 0.23ms
[6746.470s][info][gc,phases      ] GC(1172)   Merge Heap Roots: 0.51ms
[6746.470s][info][gc,phases      ] GC(1172)   Evacuate Collection Set: 153.68ms
[6746.470s][info][gc,phases      ] GC(1172)   Post Evacuate Collection Set: 0.98ms
[6746.470s][info][gc,phases      ] GC(1172)   Other: 0.06ms
[6746.470s][info][gc,heap        ] GC(1172) Eden regions: 570->0(570)
[6746.470s][info][gc,heap        ] GC(1172) Survivor regions: 44->44(77)
[6746.470s][info][gc,heap        ] GC(1172) Old regions: 165->172
[6746.470s][info][gc,heap        ] GC(1172) Humongous regions: 33->33
[6746.470s][info][gc,metaspace   ] GC(1172) Metaspace: 29948K(30400K)->29948K(30400K) NonClass: 24540K(24768K)->24540K(24768K) Class: 5408K(5632K)->5408K(5632K)
[6746.470s][info][gc             ] GC(1172) Pause Young (Normal) (G1 Evacuation Pause) 6475M->1975M(8192M) 155.620ms
[6746.470s][info][gc,cpu         ] GC(1172) User=1.24s Sys=0.00s Real=0.15s
...[6749.414s][info][gc,start       ] GC(1173) Pause Young (Normal) (G1 Evacuation Pause)
[6749.414s][info][gc,task        ] GC(1173) Using 8 workers of 8 for evacuation
[6749.562s][info][gc,phases      ] GC(1173)   Pre Evacuate Collection Set: 0.24ms
[6749.562s][info][gc,phases      ] GC(1173)   Merge Heap Roots: 0.51ms
[6749.562s][info][gc,phases      ] GC(1173)   Evacuate Collection Set: 146.32ms
[6749.562s][info][gc,phases      ] GC(1173)   Post Evacuate Collection Set: 1.00ms
[6749.562s][info][gc,phases      ] GC(1173)   Other: 0.07ms
[6749.562s][info][gc,heap        ] GC(1173) Eden regions: 570->0(571)
[6749.562s][info][gc,heap        ] GC(1173) Survivor regions: 44->43(77)
[6749.562s][info][gc,heap        ] GC(1173) Old regions: 172->179
[6749.562s][info][gc,heap        ] GC(1173) Humongous regions: 33->33
[6749.562s][info][gc,metaspace   ] GC(1173) Metaspace: 29948K(30400K)->29948K(30400K) NonClass: 24540K(24768K)->24540K(24768K) Class: 5408K(5632K)->5408K(5632K)
[6749.562s][info][gc             ] GC(1173) Pause Young (Normal) (G1 Evacuation Pause) 6535M->2018M(8192M) 148.257ms
[6749.562s][info][gc,cpu         ] GC(1173) User=1.17s Sys=0.00s Real=0.15s
....[6752.630s][info][gc,start       ] GC(1174) Pause Young (Normal) (G1 Evacuation Pause)
[6752.630s][info][gc,task        ] GC(1174) Using 8 workers of 8 for evacuation
[6752.779s][info][gc,phases      ] GC(1174)   Pre Evacuate Collection Set: 0.24ms
[6752.779s][info][gc,phases      ] GC(1174)   Merge Heap Roots: 0.53ms
[6752.779s][info][gc,phases      ] GC(1174)   Evacuate Collection Set: 146.93ms
[6752.779s][info][gc,phases      ] GC(1174)   Post Evacuate Collection Set: 0.99ms
[6752.779s][info][gc,phases      ] GC(1174)   Other: 0.06ms
[6752.779s][info][gc,heap        ] GC(1174) Eden regions: 571->0(571)
[6752.779s][info][gc,heap        ] GC(1174) Survivor regions: 43->43(77)
[6752.779s][info][gc,heap        ] GC(1174) Old regions: 179->186
[6752.779s][info][gc,heap        ] GC(1174) Humongous regions: 33->33
[6752.779s][info][gc,metaspace   ] GC(1174) Metaspace: 29948K(30400K)->29948K(30400K) NonClass: 24540K(24768K)->24540K(24768K) Class: 5408K(5632K)->5408K(5632K)
[6752.779s][info][gc             ] GC(1174) Pause Young (Normal) (G1 Evacuation Pause) 6586M->2072M(8192M) 148.892ms
[6752.779s][info][gc,cpu         ] GC(1174) User=1.18s Sys=0.00s Real=0.15s
...[6755.733s][info][gc,start       ] GC(1175) Pause Young (Normal) (G1 Evacuation Pause)
[6755.733s][info][gc,task        ] GC(1175) Using 8 workers of 8 for evacuation
[6755.884s][info][gc,phases      ] GC(1175)   Pre Evacuate Collection Set: 0.22ms
[6755.884s][info][gc,phases      ] GC(1175)   Merge Heap Roots: 0.51ms
[6755.884s][info][gc,phases      ] GC(1175)   Evacuate Collection Set: 148.46ms
[6755.884s][info][gc,phases      ] GC(1175)   Post Evacuate Collection Set: 0.98ms
[6755.884s][info][gc,phases      ] GC(1175)   Other: 0.06ms
[6755.884s][info][gc,heap        ] GC(1175) Eden regions: 571->0(570)
[6755.884s][info][gc,heap        ] GC(1175) Survivor regions: 43->44(77)
[6755.884s][info][gc,heap        ] GC(1175) Old regions: 186->193
[6755.884s][info][gc,heap        ] GC(1175) Humongous regions: 33->33
[6755.884s][info][gc,metaspace   ] GC(1175) Metaspace: 29948K(30400K)->29948K(30400K) NonClass: 24540K(24768K)->24540K(24768K) Class: 5408K(5632K)->5408K(5632K)
[6755.884s][info][gc             ] GC(1175) Pause Young (Normal) (G1 Evacuation Pause) 6640M->2143M(8192M) 150.363ms
[6755.884s][info][gc,cpu         ] GC(1175) User=1.19s Sys=0.00s Real=0.15s
...[6758.848s][info][gc,start       ] GC(1176) Pause Young (Normal) (G1 Evacuation Pause)
[6758.848s][info][gc,task        ] GC(1176) Using 8 workers of 8 for evacuation
[6758.999s][info][gc,phases      ] GC(1176)   Pre Evacuate Collection Set: 0.23ms
[6758.999s][info][gc,phases      ] GC(1176)   Merge Heap Roots: 0.50ms
[6758.999s][info][gc,phases      ] GC(1176)   Evacuate Collection Set: 149.11ms
[6758.999s][info][gc,phases      ] GC(1176)   Post Evacuate Collection Set: 1.07ms
[6758.999s][info][gc,phases      ] GC(1176)   Other: 0.06ms
[6758.999s][info][gc,heap        ] GC(1176) Eden regions: 570->0(570)
[6758.999s][info][gc,heap        ] GC(1176) Survivor regions: 44->44(77)
[6758.999s][info][gc,heap        ] GC(1176) Old regions: 193->200
[6758.999s][info][gc,heap        ] GC(1176) Humongous regions: 33->33
[6758.999s][info][gc,metaspace   ] GC(1176) Metaspace: 29948K(30400K)->29948K(30400K) NonClass: 24540K(24768K)->24540K(24768K) Class: 5408K(5632K)->5408K(5632K)
[6758.999s][info][gc             ] GC(1176) Pause Young (Normal) (G1 Evacuation Pause) 6703M->2195M(8192M) 151.101ms
[6758.999s][info][gc,cpu         ] GC(1176) User=1.18s Sys=0.00s Real=0.15s
...[6762.040s][info][gc,start       ] GC(1177) Pause Young (Normal) (G1 Evacuation Pause)
[6762.040s][info][gc,task        ] GC(1177) Using 8 workers of 8 for evacuation
[6762.192s][info][gc,phases      ] GC(1177)   Pre Evacuate Collection Set: 0.22ms
[6762.192s][info][gc,phases      ] GC(1177)   Merge Heap Roots: 0.52ms
[6762.192s][info][gc,phases      ] GC(1177)   Evacuate Collection Set: 150.14ms
[6762.192s][info][gc,phases      ] GC(1177)   Post Evacuate Collection Set: 1.01ms
[6762.192s][info][gc,phases      ] GC(1177)   Other: 0.06ms
[6762.192s][info][gc,heap        ] GC(1177) Eden regions: 570->0(570)
[6762.192s][info][gc,heap        ] GC(1177) Survivor regions: 44->44(77)
[6762.192s][info][gc,heap        ] GC(1177) Old regions: 200->207
[6762.192s][info][gc,heap        ] GC(1177) Humongous regions: 33->33
[6762.192s][info][gc,metaspace   ] GC(1177) Metaspace: 29948K(30400K)->29948K(30400K) NonClass: 24540K(24768K)->24540K(24768K) Class: 5408K(5632K)->5408K(5632K)
[6762.192s][info][gc             ] GC(1177) Pause Young (Normal) (G1 Evacuation Pause) 6755M->2251M(8192M) 152.089ms
[6762.192s][info][gc,cpu         ] GC(1177) User=1.19s Sys=0.00s Real=0.15s
...[6765.318s][info][gc,start       ] GC(1178) Pause Young (Normal) (G1 Evacuation Pause)
[6765.318s][info][gc,task        ] GC(1178) Using 8 workers of 8 for evacuation
[6765.497s][info][gc,phases      ] GC(1178)   Pre Evacuate Collection Set: 0.24ms
[6765.497s][info][gc,phases      ] GC(1178)   Merge Heap Roots: 0.58ms
[6765.497s][info][gc,phases      ] GC(1178)   Evacuate Collection Set: 176.99ms
[6765.497s][info][gc,phases      ] GC(1178)   Post Evacuate Collection Set: 1.07ms
[6765.497s][info][gc,phases      ] GC(1178)   Other: 0.07ms
[6765.497s][info][gc,heap        ] GC(1178) Eden regions: 570->0(568)
[6765.497s][info][gc,heap        ] GC(1178) Survivor regions: 44->46(77)
[6765.497s][info][gc,heap        ] GC(1178) Old regions: 207->214
[6765.497s][info][gc,heap        ] GC(1178) Humongous regions: 33->33
[6765.497s][info][gc,metaspace   ] GC(1178) Metaspace: 29948K(30400K)->29948K(30400K) NonClass: 24540K(24768K)->24540K(24768K) Class: 5408K(5632K)->5408K(5632K)
[6765.497s][info][gc             ] GC(1178) Pause Young (Normal) (G1 Evacuation Pause) 6811M->2327M(8192M) 179.085ms
[6765.497s][info][gc,cpu         ] GC(1178) User=1.25s Sys=0.00s Real=0.18s
....[6768.680s][info][gc,start       ] GC(1179) Pause Young (Normal) (G1 Evacuation Pause)
[6768.681s][info][gc,task        ] GC(1179) Using 8 workers of 8 for evacuation
[6768.859s][info][gc,phases      ] GC(1179)   Pre Evacuate Collection Set: 0.30ms
[6768.859s][info][gc,phases      ] GC(1179)   Merge Heap Roots: 0.68ms
[6768.859s][info][gc,phases      ] GC(1179)   Evacuate Collection Set: 176.35ms
[6768.859s][info][gc,phases      ] GC(1179)   Post Evacuate Collection Set: 1.17ms
[6768.859s][info][gc,phases      ] GC(1179)   Other: 0.09ms
[6768.859s][info][gc,heap        ] GC(1179) Eden regions: 568->0(570)
[6768.859s][info][gc,heap        ] GC(1179) Survivor regions: 46->44(77)
[6768.859s][info][gc,heap        ] GC(1179) Old regions: 214->221
[6768.859s][info][gc,heap        ] GC(1179) Humongous regions: 33->33
[6768.859s][info][gc,metaspace   ] GC(1179) Metaspace: 29948K(30400K)->29948K(30400K) NonClass: 24540K(24768K)->24540K(24768K) Class: 5408K(5632K)->5408K(5632K)
[6768.859s][info][gc             ] GC(1179) Pause Young (Normal) (G1 Evacuation Pause) 6871M->2364M(8192M) 178.796ms
[6768.859s][info][gc,cpu         ] GC(1179) User=1.25s Sys=0.00s Real=0.18s
...[6772.188s][info][gc,start       ] GC(1180) Pause Young (Normal) (G1 Evacuation Pause)
[6772.188s][info][gc,task        ] GC(1180) Using 8 workers of 8 for evacuation
[6772.343s][info][gc,phases      ] GC(1180)   Pre Evacuate Collection Set: 0.22ms
[6772.343s][info][gc,phases      ] GC(1180)   Merge Heap Roots: 0.52ms
[6772.343s][info][gc,phases      ] GC(1180)   Evacuate Collection Set: 152.61ms
[6772.343s][info][gc,phases      ] GC(1180)   Post Evacuate Collection Set: 1.08ms
[6772.343s][info][gc,phases      ] GC(1180)   Other: 0.06ms
[6772.343s][info][gc,heap        ] GC(1180) Eden regions: 570->0(570)
[6772.343s][info][gc,heap        ] GC(1180) Survivor regions: 44->44(77)
[6772.343s][info][gc,heap        ] GC(1180) Old regions: 221->229
[6772.343s][info][gc,heap        ] GC(1180) Humongous regions: 33->33
[6772.343s][info][gc,metaspace   ] GC(1180) Metaspace: 29948K(30400K)->29948K(30400K) NonClass: 24540K(24768K)->24540K(24768K) Class: 5408K(5632K)->5408K(5632K)
[6772.343s][info][gc             ] GC(1180) Pause Young (Normal) (G1 Evacuation Pause) 6924M->2428M(8192M) 154.613ms
[6772.343s][info][gc,cpu         ] GC(1180) User=1.22s Sys=0.00s Real=0.15s
...[6775.189s][info][gc,start       ] GC(1181) Pause Young (Normal) (G1 Evacuation Pause)
[6775.190s][info][gc,task        ] GC(1181) Using 8 workers of 8 for evacuation
[6775.349s][info][gc,phases      ] GC(1181)   Pre Evacuate Collection Set: 0.23ms
[6775.349s][info][gc,phases      ] GC(1181)   Merge Heap Roots: 0.51ms
[6775.349s][info][gc,phases      ] GC(1181)   Evacuate Collection Set: 157.61ms
[6775.349s][info][gc,phases      ] GC(1181)   Post Evacuate Collection Set: 1.03ms
[6775.349s][info][gc,phases      ] GC(1181)   Other: 0.06ms
[6775.349s][info][gc,heap        ] GC(1181) Eden regions: 570->0(569)
[6775.349s][info][gc,heap        ] GC(1181) Survivor regions: 44->45(77)
[6775.349s][info][gc,heap        ] GC(1181) Old regions: 229->235
[6775.349s][info][gc,heap        ] GC(1181) Humongous regions: 33->33
[6775.349s][info][gc,metaspace   ] GC(1181) Metaspace: 29948K(30400K)->29948K(30400K) NonClass: 24540K(24768K)->24540K(24768K) Class: 5408K(5632K)->5408K(5632K)
[6775.349s][info][gc             ] GC(1181) Pause Young (Normal) (G1 Evacuation Pause) 6988M->2491M(8192M) 159.566ms
[6775.349s][info][gc,cpu         ] GC(1181) User=1.26s Sys=0.00s Real=0.16s
...[6778.282s][info][gc,start       ] GC(1182) Pause Young (Normal) (G1 Evacuation Pause)
[6778.282s][info][gc,task        ] GC(1182) Using 8 workers of 8 for evacuation
[6778.438s][info][gc,phases      ] GC(1182)   Pre Evacuate Collection Set: 0.23ms
[6778.438s][info][gc,phases      ] GC(1182)   Merge Heap Roots: 0.46ms
[6778.438s][info][gc,phases      ] GC(1182)   Evacuate Collection Set: 153.70ms
[6778.438s][info][gc,phases      ] GC(1182)   Post Evacuate Collection Set: 1.03ms
[6778.438s][info][gc,phases      ] GC(1182)   Other: 0.06ms
[6778.438s][info][gc,heap        ] GC(1182) Eden regions: 569->0(569)
[6778.438s][info][gc,heap        ] GC(1182) Survivor regions: 45->45(77)
[6778.438s][info][gc,heap        ] GC(1182) Old regions: 235->242
[6778.438s][info][gc,heap        ] GC(1182) Humongous regions: 33->33
[6778.438s][info][gc,metaspace   ] GC(1182) Metaspace: 29948K(30400K)->29948K(30400K) NonClass: 24540K(24768K)->24540K(24768K) Class: 5408K(5632K)->5408K(5632K)
[6778.438s][info][gc             ] GC(1182) Pause Young (Normal) (G1 Evacuation Pause) 7043M->2543M(8192M) 155.605ms
[6778.438s][info][gc,cpu         ] GC(1182) User=1.23s Sys=0.00s Real=0.16s
...[6781.300s][info][gc,start       ] GC(1183) Pause Young (Normal) (G1 Evacuation Pause)
[6781.300s][info][gc,task        ] GC(1183) Using 8 workers of 8 for evacuation
[6781.455s][info][gc,phases      ] GC(1183)   Pre Evacuate Collection Set: 0.22ms
[6781.455s][info][gc,phases      ] GC(1183)   Merge Heap Roots: 0.52ms
[6781.455s][info][gc,phases      ] GC(1183)   Evacuate Collection Set: 153.13ms
[6781.455s][info][gc,phases      ] GC(1183)   Post Evacuate Collection Set: 1.00ms
[6781.455s][info][gc,phases      ] GC(1183)   Other: 0.06ms
[6781.455s][info][gc,heap        ] GC(1183) Eden regions: 569->0(570)
[6781.455s][info][gc,heap        ] GC(1183) Survivor regions: 45->44(77)
[6781.455s][info][gc,heap        ] GC(1183) Old regions: 242->249
[6781.455s][info][gc,heap        ] GC(1183) Humongous regions: 33->33
[6781.455s][info][gc,metaspace   ] GC(1183) Metaspace: 29948K(30400K)->29948K(30400K) NonClass: 24540K(24768K)->24540K(24768K) Class: 5408K(5632K)->5408K(5632K)
[6781.455s][info][gc             ] GC(1183) Pause Young (Normal) (G1 Evacuation Pause) 7095M->2591M(8192M) 155.058ms
[6781.455s][info][gc,cpu         ] GC(1183) User=1.23s Sys=0.00s Real=0.16s
. (rIR:aIR:PR = 12078:12136:12092) (tPR = 177046) [OK] 
  6781s: Performance info:
         Transaction,    Success,    Partial,     Failed,   Receipts, AvgBarcode, 
             Overall,     726337,          0,          0,     690165,      59.48, 
         Response times:
             Request,    Success,    Partial,     Failed,   SkipFail,     Probes,    Samples,      min,      p50,      p90,      p95,      p99,      max, 
       TotalPurchase,     692659,          0,          0,          0,     318496,     492754,      300,    51000,   244000,   344000,   515000,  5800000,
     InStorePurchase,     369067,          0,          0,          0,     167841,     259593,      300,    51000,   242000,   337000,   482000,  5800000,
      OnlinePurchase,     251748,          0,          0,          0,     116816,     180527,      400,    51000,   251000,   359000,   547000,  5800000,
        InstPurchase,      71844,          0,          0,          0,      33839,      52634,      400,    52000,   237000,   336000,   495650,  5800000,
          AssocOfCat,        726,          0,          0,          0,        596,        968,    40000,   121000,   319100,   388100,   535930,   740000,
      AssocOfProduct,       7373,          0,          0,          0,       3232,       5005,      700,    48000,   251000,   333000,   554940,  5600000,
      BusinessReport,       1811,          0,          0,          0,       1559,       2501,    42000,   120000,   314000,   407800,   570920,  1500000,
          CustBuyBeh,       7341,          0,          0,          0,       3154,       4880,      500,    47000,   240000,   323000,   489000,  2000000,
       ProductReturn,      19057,          0,          0,          0,       8326,      12935,      200,    49000,   242400,   327200,   474920,  5200000,

  6781s: (86%)   IR =  12221 ..[6784.354s][info][gc,start       ] GC(1184) Pause Young (Normal) (G1 Evacuation Pause)
[6784.354s][info][gc,task        ] GC(1184) Using 8 workers of 8 for evacuation
[6784.512s][info][gc,phases      ] GC(1184)   Pre Evacuate Collection Set: 0.25ms
[6784.512s][info][gc,phases      ] GC(1184)   Merge Heap Roots: 0.54ms
[6784.512s][info][gc,phases      ] GC(1184)   Evacuate Collection Set: 156.29ms
[6784.512s][info][gc,phases      ] GC(1184)   Post Evacuate Collection Set: 1.01ms
[6784.512s][info][gc,phases      ] GC(1184)   Other: 0.06ms
[6784.512s][info][gc,heap        ] GC(1184) Eden regions: 570->0(569)
[6784.512s][info][gc,heap        ] GC(1184) Survivor regions: 44->45(77)
[6784.512s][info][gc,heap        ] GC(1184) Old regions: 249->257
[6784.512s][info][gc,heap        ] GC(1184) Humongous regions: 33->33
[6784.512s][info][gc,metaspace   ] GC(1184) Metaspace: 29948K(30400K)->29948K(30400K) NonClass: 24540K(24768K)->24540K(24768K) Class: 5408K(5632K)->5408K(5632K)
[6784.512s][info][gc             ] GC(1184) Pause Young (Normal) (G1 Evacuation Pause) 7151M->2658M(8192M) 158.297ms
[6784.512s][info][gc,cpu         ] GC(1184) User=1.26s Sys=0.00s Real=0.16s
...[6787.435s][info][gc,start       ] GC(1185) Pause Young (Normal) (G1 Evacuation Pause)
[6787.435s][info][gc,task        ] GC(1185) Using 8 workers of 8 for evacuation
[6787.583s][info][gc,phases      ] GC(1185)   Pre Evacuate Collection Set: 0.24ms
[6787.583s][info][gc,phases      ] GC(1185)   Merge Heap Roots: 0.53ms
[6787.583s][info][gc,phases      ] GC(1185)   Evacuate Collection Set: 146.01ms
[6787.583s][info][gc,phases      ] GC(1185)   Post Evacuate Collection Set: 1.01ms
[6787.583s][info][gc,phases      ] GC(1185)   Other: 0.07ms
[6787.583s][info][gc,heap        ] GC(1185) Eden regions: 569->0(571)
[6787.583s][info][gc,heap        ] GC(1185) Survivor regions: 45->43(77)
[6787.583s][info][gc,heap        ] GC(1185) Old regions: 257->264
[6787.583s][info][gc,heap        ] GC(1185) Humongous regions: 33->33
[6787.583s][info][gc,metaspace   ] GC(1185) Metaspace: 29948K(30400K)->29948K(30400K) NonClass: 24540K(24768K)->24540K(24768K) Class: 5408K(5632K)->5408K(5632K)
[6787.583s][info][gc             ] GC(1185) Pause Young (Normal) (G1 Evacuation Pause) 7210M->2702M(8192M) 147.993ms
[6787.583s][info][gc,cpu         ] GC(1185) User=1.18s Sys=0.01s Real=0.14s
...[6790.555s][info][gc,start       ] GC(1186) Pause Young (Normal) (G1 Evacuation Pause)
[6790.555s][info][gc,task        ] GC(1186) Using 8 workers of 8 for evacuation
[6790.713s][info][gc,phases      ] GC(1186)   Pre Evacuate Collection Set: 0.23ms
[6790.713s][info][gc,phases      ] GC(1186)   Merge Heap Roots: 0.50ms
[6790.713s][info][gc,phases      ] GC(1186)   Evacuate Collection Set: 155.78ms
[6790.713s][info][gc,phases      ] GC(1186)   Post Evacuate Collection Set: 1.00ms
[6790.713s][info][gc,phases      ] GC(1186)   Other: 0.06ms
[6790.713s][info][gc,heap        ] GC(1186) Eden regions: 571->0(570)
[6790.713s][info][gc,heap        ] GC(1186) Survivor regions: 43->44(77)
[6790.713s][info][gc,heap        ] GC(1186) Old regions: 264->271
[6790.713s][info][gc,heap        ] GC(1186) Humongous regions: 33->33
[6790.713s][info][gc,metaspace   ] GC(1186) Metaspace: 29948K(30400K)->29948K(30400K) NonClass: 24540K(24768K)->24540K(24768K) Class: 5408K(5632K)->5408K(5632K)
[6790.713s][info][gc             ] GC(1186) Pause Young (Normal) (G1 Evacuation Pause) 7270M->2768M(8192M) 157.691ms
[6790.713s][info][gc,cpu         ] GC(1186) User=1.25s Sys=0.00s Real=0.15s
...[6793.617s][info][gc,start       ] GC(1187) Pause Young (Normal) (G1 Evacuation Pause)
[6793.617s][info][gc,task        ] GC(1187) Using 8 workers of 8 for evacuation
[6793.771s][info][gc,phases      ] GC(1187)   Pre Evacuate Collection Set: 0.22ms
[6793.771s][info][gc,phases      ] GC(1187)   Merge Heap Roots: 0.53ms
[6793.771s][info][gc,phases      ] GC(1187)   Evacuate Collection Set: 152.10ms
[6793.771s][info][gc,phases      ] GC(1187)   Post Evacuate Collection Set: 1.01ms
[6793.771s][info][gc,phases      ] GC(1187)   Other: 0.06ms
[6793.771s][info][gc,heap        ] GC(1187) Eden regions: 570->0(570)
[6793.771s][info][gc,heap        ] GC(1187) Survivor regions: 44->44(77)
[6793.771s][info][gc,heap        ] GC(1187) Old regions: 271->278
[6793.771s][info][gc,heap        ] GC(1187) Humongous regions: 33->33
[6793.771s][info][gc,metaspace   ] GC(1187) Metaspace: 29948K(30400K)->29948K(30400K) NonClass: 24540K(24768K)->24540K(24768K) Class: 5408K(5632K)->5408K(5632K)
[6793.771s][info][gc             ] GC(1187) Pause Young (Normal) (G1 Evacuation Pause) 7328M->2820M(8192M) 154.052ms
[6793.771s][info][gc,cpu         ] GC(1187) User=1.22s Sys=0.00s Real=0.15s
...[6796.746s][info][gc,start       ] GC(1188) Pause Young (Normal) (G1 Evacuation Pause)
[6796.746s][info][gc,task        ] GC(1188) Using 8 workers of 8 for evacuation
[6796.892s][info][gc,phases      ] GC(1188)   Pre Evacuate Collection Set: 0.24ms
[6796.892s][info][gc,phases      ] GC(1188)   Merge Heap Roots: 0.50ms
[6796.892s][info][gc,phases      ] GC(1188)   Evacuate Collection Set: 144.83ms
[6796.892s][info][gc,phases      ] GC(1188)   Post Evacuate Collection Set: 1.00ms
[6796.892s][info][gc,phases      ] GC(1188)   Other: 0.06ms
[6796.892s][info][gc,heap        ] GC(1188) Eden regions: 570->0(568)
[6796.892s][info][gc,heap        ] GC(1188) Survivor regions: 44->43(77)
[6796.892s][info][gc,heap        ] GC(1188) Old regions: 278->285
[6796.892s][info][gc,heap        ] GC(1188) Humongous regions: 33->33
[6796.892s][info][gc,metaspace   ] GC(1188) Metaspace: 29948K(30400K)->29948K(30400K) NonClass: 24540K(24768K)->24540K(24768K) Class: 5408K(5632K)->5408K(5632K)
[6796.892s][info][gc             ] GC(1188) Pause Young (Normal) (G1 Evacuation Pause) 7380M->2873M(8192M) 146.771ms
[6796.893s][info][gc,cpu         ] GC(1188) User=1.16s Sys=0.00s Real=0.14s
....[6799.931s][info][gc,start       ] GC(1189) Pause Young (Normal) (G1 Evacuation Pause)
[6799.931s][info][gc,task        ] GC(1189) Using 8 workers of 8 for evacuation
[6800.082s][info][gc,phases      ] GC(1189)   Pre Evacuate Collection Set: 0.23ms
[6800.083s][info][gc,phases      ] GC(1189)   Merge Heap Roots: 0.49ms
[6800.083s][info][gc,phases      ] GC(1189)   Evacuate Collection Set: 149.76ms
[6800.083s][info][gc,phases      ] GC(1189)   Post Evacuate Collection Set: 1.01ms
[6800.083s][info][gc,phases      ] GC(1189)   Other: 0.06ms
[6800.083s][info][gc,heap        ] GC(1189) Eden regions: 568->0(561)
[6800.083s][info][gc,heap        ] GC(1189) Survivor regions: 43->43(77)
[6800.083s][info][gc,heap        ] GC(1189) Old regions: 285->292
[6800.083s][info][gc,heap        ] GC(1189) Humongous regions: 33->33
[6800.083s][info][gc,metaspace   ] GC(1189) Metaspace: 29948K(30400K)->29948K(30400K) NonClass: 24540K(24768K)->24540K(24768K) Class: 5408K(5632K)->5408K(5632K)
[6800.083s][info][gc             ] GC(1189) Pause Young (Normal) (G1 Evacuation Pause) 7417M->2931M(8192M) 151.670ms
[6800.083s][info][gc,cpu         ] GC(1189) User=1.20s Sys=0.00s Real=0.15s
...[6802.916s][info][gc,start       ] GC(1190) Pause Young (Normal) (G1 Evacuation Pause)
[6802.916s][info][gc,task        ] GC(1190) Using 8 workers of 8 for evacuation
[6803.074s][info][gc,phases      ] GC(1190)   Pre Evacuate Collection Set: 0.22ms
[6803.074s][info][gc,phases      ] GC(1190)   Merge Heap Roots: 0.52ms
[6803.074s][info][gc,phases      ] GC(1190)   Evacuate Collection Set: 155.48ms
[6803.074s][info][gc,phases      ] GC(1190)   Post Evacuate Collection Set: 0.99ms
[6803.074s][info][gc,phases      ] GC(1190)   Other: 0.07ms
[6803.074s][info][gc,heap        ] GC(1190) Eden regions: 561->0(549)
[6803.074s][info][gc,heap        ] GC(1190) Survivor regions: 43->45(76)
[6803.074s][info][gc,heap        ] GC(1190) Old regions: 292->300
[6803.074s][info][gc,heap        ] GC(1190) Humongous regions: 33->33
[6803.074s][info][gc,metaspace   ] GC(1190) Metaspace: 29948K(30400K)->29948K(30400K) NonClass: 24540K(24768K)->24540K(24768K) Class: 5408K(5632K)->5408K(5632K)
[6803.074s][info][gc             ] GC(1190) Pause Young (Normal) (G1 Evacuation Pause) 7419M->3000M(8192M) 157.398ms
[6803.074s][info][gc,cpu         ] GC(1190) User=1.24s Sys=0.01s Real=0.15s
...[6805.982s][info][gc,start       ] GC(1191) Pause Young (Normal) (G1 Evacuation Pause)
[6805.982s][info][gc,task        ] GC(1191) Using 8 workers of 8 for evacuation
[6806.138s][info][gc,phases      ] GC(1191)   Pre Evacuate Collection Set: 0.23ms
[6806.138s][info][gc,phases      ] GC(1191)   Merge Heap Roots: 0.50ms
[6806.138s][info][gc,phases      ] GC(1191)   Evacuate Collection Set: 153.99ms
[6806.138s][info][gc,phases      ] GC(1191)   Post Evacuate Collection Set: 1.00ms
[6806.138s][info][gc,phases      ] GC(1191)   Other: 0.06ms
[6806.138s][info][gc,heap        ] GC(1191) Eden regions: 549->0(544)
[6806.138s][info][gc,heap        ] GC(1191) Survivor regions: 45->44(75)
[6806.138s][info][gc,heap        ] GC(1191) Old regions: 300->307
[6806.138s][info][gc,heap        ] GC(1191) Humongous regions: 33->33
[6806.138s][info][gc,metaspace   ] GC(1191) Metaspace: 29948K(30400K)->29948K(30400K) NonClass: 24540K(24768K)->24540K(24768K) Class: 5408K(5632K)->5408K(5632K)
[6806.138s][info][gc             ] GC(1191) Pause Young (Normal) (G1 Evacuation Pause) 7392M->3056M(8192M) 155.919ms
[6806.138s][info][gc,cpu         ] GC(1191) User=1.23s Sys=0.00s Real=0.16s
...[6808.937s][info][gc,start       ] GC(1192) Pause Young (Concurrent Start) (G1 Evacuation Pause)
[6808.937s][info][gc,task        ] GC(1192) Using 8 workers of 8 for evacuation
[6809.085s][info][gc,phases      ] GC(1192)   Pre Evacuate Collection Set: 0.26ms
[6809.085s][info][gc,phases      ] GC(1192)   Merge Heap Roots: 0.45ms
[6809.085s][info][gc,phases      ] GC(1192)   Evacuate Collection Set: 145.89ms
[6809.085s][info][gc,phases      ] GC(1192)   Post Evacuate Collection Set: 0.98ms
[6809.085s][info][gc,phases      ] GC(1192)   Other: 0.07ms
[6809.085s][info][gc,heap        ] GC(1192) Eden regions: 544->0(540)
[6809.085s][info][gc,heap        ] GC(1192) Survivor regions: 44->42(74)
[6809.085s][info][gc,heap        ] GC(1192) Old regions: 307->315
[6809.085s][info][gc,heap        ] GC(1192) Humongous regions: 33->33
[6809.085s][info][gc,metaspace   ] GC(1192) Metaspace: 29948K(30400K)->29948K(30400K) NonClass: 24540K(24768K)->24540K(24768K) Class: 5408K(5632K)->5408K(5632K)
[6809.085s][info][gc             ] GC(1192) Pause Young (Concurrent Start) (G1 Evacuation Pause) 7408M->3103M(8192M) 147.792ms
[6809.085s][info][gc             ] GC(1193) Concurrent Mark Cycle
[6809.085s][info][gc,marking     ] GC(1193) Concurrent Scan Root Regions
[6809.085s][info][gc,cpu         ] GC(1192) User=1.17s Sys=0.00s Real=0.15s
[6809.343s][info][gc,marking     ] GC(1193) Concurrent Scan Root Regions 257.644ms
[6809.343s][info][gc,marking     ] GC(1193) Concurrent Mark
[6809.343s][info][gc,marking     ] GC(1193) Concurrent Mark From Roots
[6809.343s][info][gc,task        ] GC(1193) Using 2 workers of 2 for marking
.[6810.675s][info][gc,marking     ] GC(1193) Concurrent Mark From Roots 1332.504ms
[6810.675s][info][gc,marking     ] GC(1193) Concurrent Preclean
[6810.675s][info][gc,marking     ] GC(1193) Concurrent Preclean 0.074ms
[6810.676s][info][gc,start       ] GC(1193) Pause Remark
[6810.677s][info][gc             ] GC(1193) Pause Remark 4991M->4391M(8192M) 1.221ms
[6810.677s][info][gc,cpu         ] GC(1193) User=0.00s Sys=0.00s Real=0.00s
[6810.677s][info][gc,marking     ] GC(1193) Concurrent Mark 1334.093ms
[6810.677s][info][gc,marking     ] GC(1193) Concurrent Rebuild Remembered Sets and Scrub Regions
.[6811.420s][info][gc,marking     ] GC(1193) Concurrent Rebuild Remembered Sets and Scrub Regions 743.294ms
[6811.420s][info][gc,start       ] GC(1193) Pause Cleanup
[6811.421s][info][gc             ] GC(1193) Pause Cleanup 5380M->5380M(8192M) 0.277ms
[6811.421s][info][gc,cpu         ] GC(1193) User=0.00s Sys=0.00s Real=0.00s
[6811.421s][info][gc,marking     ] GC(1193) Concurrent Clear Claimed Marks
[6811.421s][info][gc,marking     ] GC(1193) Concurrent Clear Claimed Marks 0.046ms
[6811.421s][info][gc,marking     ] GC(1193) Concurrent Cleanup for Next Mark
[6811.432s][info][gc,marking     ] GC(1193) Concurrent Cleanup for Next Mark 11.262ms
[6811.432s][info][gc             ] GC(1193) Concurrent Mark Cycle 2347.056ms
. (rIR:aIR:PR = 12221:12333:11953) (tPR = 175619) [PR is under limit] 
  6811s: Performance info:
         Transaction,    Success,    Partial,     Failed,   Receipts, AvgBarcode, 
             Overall,     240531,          0,          0,     228506,      59.48, 
         Response times:
             Request,    Success,    Partial,     Failed,   SkipFail,     Probes,    Samples,      min,      p50,      p90,      p95,      p99,      max, 
       TotalPurchase,     235827,          0,          0,          0,     111495,     178520,      300,    40000,   205000,   327000,   421000,  1700000,
     InStorePurchase,     126131,          0,          0,          0,      58424,      93800,      400,    39000,   200000,   326000,   408990,  1700000,
      OnlinePurchase,      86416,          0,          0,          0,      40997,      65900,      300,    40000,   205000,   327000,   405000,  1700000,
        InstPurchase,      23280,          0,          0,          0,      12074,      18820,      400,    41000,   226000,   338000,   483790,  1100000,
          AssocOfCat,        244,          0,          0,          0,        193,        348,    43000,    96000,   247400,   375200,   613340,  1100000,
      AssocOfProduct,       2540,          0,          0,          0,       1090,       1830,      700,    36000,   180900,   316350,   542000,  1700000,
      BusinessReport,        610,          0,          0,          0,        551,        927,    38000,   112000,   267000,   384600,   610000,   960000,
          CustBuyBeh,       2509,          0,          0,          0,       1094,       1866,      600,    41000,   191000,   325650,   499000,  1100000,
       ProductReturn,       6451,          0,          0,          0,       2891,       4766,      300,    40000,   217300,   326650,   425000,  1100000,

  6811s: 
  6811s: Failed, 9 overall retries left, retrying 1 of 1
  6811s: (86%)   IR =  12221 [6812.373s][info][gc,start       ] GC(1194) Pause Young (Prepare Mixed) (G1 Evacuation Pause)
[6812.373s][info][gc,task        ] GC(1194) Using 8 workers of 8 for evacuation
[6812.529s][info][gc,phases      ] GC(1194)   Pre Evacuate Collection Set: 0.24ms
[6812.529s][info][gc,phases      ] GC(1194)   Merge Heap Roots: 0.70ms
[6812.529s][info][gc,phases      ] GC(1194)   Evacuate Collection Set: 153.50ms
[6812.529s][info][gc,phases      ] GC(1194)   Post Evacuate Collection Set: 1.07ms
[6812.529s][info][gc,phases      ] GC(1194)   Other: 0.07ms
[6812.529s][info][gc,heap        ] GC(1194) Eden regions: 540->0(570)
[6812.529s][info][gc,heap        ] GC(1194) Survivor regions: 42->44(73)
[6812.529s][info][gc,heap        ] GC(1194) Old regions: 240->247
[6812.529s][info][gc,heap        ] GC(1194) Humongous regions: 33->33
[6812.529s][info][gc,metaspace   ] GC(1194) Metaspace: 29948K(30400K)->29948K(30400K) NonClass: 24540K(24768K)->24540K(24768K) Class: 5408K(5632K)->5408K(5632K)
[6812.529s][info][gc             ] GC(1194) Pause Young (Prepare Mixed) (G1 Evacuation Pause) 6823M->2575M(8192M) 155.702ms
[6812.529s][info][gc,cpu         ] GC(1194) User=1.23s Sys=0.01s Real=0.16s
...[6815.419s][info][gc,start       ] GC(1195) Pause Young (Mixed) (G1 Evacuation Pause)
[6815.419s][info][gc,task        ] GC(1195) Using 8 workers of 8 for evacuation
[6815.584s][info][gc,phases      ] GC(1195)   Pre Evacuate Collection Set: 0.25ms
[6815.584s][info][gc,phases      ] GC(1195)   Merge Heap Roots: 0.86ms
[6815.584s][info][gc,phases      ] GC(1195)   Evacuate Collection Set: 163.27ms
[6815.584s][info][gc,phases      ] GC(1195)   Post Evacuate Collection Set: 1.16ms
[6815.584s][info][gc,phases      ] GC(1195)   Other: 0.08ms
[6815.584s][info][gc,heap        ] GC(1195) Eden regions: 570->0(570)
[6815.584s][info][gc,heap        ] GC(1195) Survivor regions: 44->44(77)
[6815.584s][info][gc,heap        ] GC(1195) Old regions: 247->153
[6815.584s][info][gc,heap        ] GC(1195) Humongous regions: 33->33
[6815.584s][info][gc,metaspace   ] GC(1195) Metaspace: 29948K(30400K)->29948K(30400K) NonClass: 24540K(24768K)->24540K(24768K) Class: 5408K(5632K)->5408K(5632K)
[6815.584s][info][gc             ] GC(1195) Pause Young (Mixed) (G1 Evacuation Pause) 7135M->1822M(8192M) 165.747ms
[6815.584s][info][gc,cpu         ] GC(1195) User=1.31s Sys=0.00s Real=0.16s
...[6818.437s][info][gc,start       ] GC(1196) Pause Young (Mixed) (G1 Evacuation Pause)
[6818.437s][info][gc,task        ] GC(1196) Using 8 workers of 8 for evacuation
[6818.603s][info][gc,phases      ] GC(1196)   Pre Evacuate Collection Set: 0.23ms
[6818.603s][info][gc,phases      ] GC(1196)   Merge Heap Roots: 0.63ms
[6818.603s][info][gc,phases      ] GC(1196)   Evacuate Collection Set: 163.41ms
[6818.603s][info][gc,phases      ] GC(1196)   Post Evacuate Collection Set: 1.01ms
[6818.603s][info][gc,phases      ] GC(1196)   Other: 0.07ms
[6818.603s][info][gc,heap        ] GC(1196) Eden regions: 570->0(568)
[6818.603s][info][gc,heap        ] GC(1196) Survivor regions: 44->46(77)
[6818.603s][info][gc,heap        ] GC(1196) Old regions: 153->144
[6818.603s][info][gc,heap        ] GC(1196) Humongous regions: 33->33
[6818.603s][info][gc,metaspace   ] GC(1196) Metaspace: 29948K(30400K)->29948K(30400K) NonClass: 24540K(24768K)->24540K(24768K) Class: 5408K(5632K)->5408K(5632K)
[6818.603s][info][gc             ] GC(1196) Pause Young (Mixed) (G1 Evacuation Pause) 6382M->1767M(8192M) 165.502ms
[6818.603s][info][gc,cpu         ] GC(1196) User=1.31s Sys=0.00s Real=0.16s
...[6821.448s][info][gc,start       ] GC(1197) Pause Young (Normal) (G1 Evacuation Pause)
[6821.448s][info][gc,task        ] GC(1197) Using 8 workers of 8 for evacuation
[6821.603s][info][gc,phases      ] GC(1197)   Pre Evacuate Collection Set: 0.21ms
[6821.603s][info][gc,phases      ] GC(1197)   Merge Heap Roots: 0.47ms
[6821.603s][info][gc,phases      ] GC(1197)   Evacuate Collection Set: 153.61ms
[6821.603s][info][gc,phases      ] GC(1197)   Post Evacuate Collection Set: 0.99ms
[6821.603s][info][gc,phases      ] GC(1197)   Other: 0.06ms
[6821.603s][info][gc,heap        ] GC(1197) Eden regions: 568->0(569)
[6821.603s][info][gc,heap        ] GC(1197) Survivor regions: 46->45(77)
[6821.603s][info][gc,heap        ] GC(1197) Old regions: 144->151
[6821.603s][info][gc,heap        ] GC(1197) Humongous regions: 33->33
[6821.603s][info][gc,metaspace   ] GC(1197) Metaspace: 29948K(30400K)->29948K(30400K) NonClass: 24540K(24768K)->24540K(24768K) Class: 5408K(5632K)->5408K(5632K)
[6821.603s][info][gc             ] GC(1197) Pause Young (Normal) (G1 Evacuation Pause) 6311M->1814M(8192M) 155.463ms
[6821.603s][info][gc,cpu         ] GC(1197) User=1.23s Sys=0.00s Real=0.15s
...[6824.538s][info][gc,start       ] GC(1198) Pause Young (Normal) (G1 Evacuation Pause)
[6824.538s][info][gc,task        ] GC(1198) Using 8 workers of 8 for evacuation
[6824.688s][info][gc,phases      ] GC(1198)   Pre Evacuate Collection Set: 0.22ms
[6824.688s][info][gc,phases      ] GC(1198)   Merge Heap Roots: 0.49ms
[6824.688s][info][gc,phases      ] GC(1198)   Evacuate Collection Set: 147.74ms
[6824.688s][info][gc,phases      ] GC(1198)   Post Evacuate Collection Set: 1.00ms
[6824.688s][info][gc,phases      ] GC(1198)   Other: 0.07ms
[6824.688s][info][gc,heap        ] GC(1198) Eden regions: 569->0(570)
[6824.688s][info][gc,heap        ] GC(1198) Survivor regions: 45->44(77)
[6824.688s][info][gc,heap        ] GC(1198) Old regions: 151->158
[6824.688s][info][gc,heap        ] GC(1198) Humongous regions: 33->33
[6824.688s][info][gc,metaspace   ] GC(1198) Metaspace: 29948K(30400K)->29948K(30400K) NonClass: 24540K(24768K)->24540K(24768K) Class: 5408K(5632K)->5408K(5632K)
[6824.688s][info][gc             ] GC(1198) Pause Young (Normal) (G1 Evacuation Pause) 6366M->1862M(8192M) 149.656ms
[6824.688s][info][gc,cpu         ] GC(1198) User=1.18s Sys=0.00s Real=0.15s
...[6827.587s][info][gc,start       ] GC(1199) Pause Young (Normal) (G1 Evacuation Pause)
[6827.587s][info][gc,task        ] GC(1199) Using 8 workers of 8 for evacuation
[6827.738s][info][gc,phases      ] GC(1199)   Pre Evacuate Collection Set: 0.23ms
[6827.738s][info][gc,phases      ] GC(1199)   Merge Heap Roots: 0.52ms
[6827.738s][info][gc,phases      ] GC(1199)   Evacuate Collection Set: 149.06ms
[6827.738s][info][gc,phases      ] GC(1199)   Post Evacuate Collection Set: 1.01ms
[6827.738s][info][gc,phases      ] GC(1199)   Other: 0.06ms
[6827.738s][info][gc,heap        ] GC(1199) Eden regions: 570->0(571)
[6827.738s][info][gc,heap        ] GC(1199) Survivor regions: 44->43(77)
[6827.738s][info][gc,heap        ] GC(1199) Old regions: 158->165
[6827.738s][info][gc,heap        ] GC(1199) Humongous regions: 33->33
[6827.738s][info][gc,metaspace   ] GC(1199) Metaspace: 29948K(30400K)->29948K(30400K) NonClass: 24540K(24768K)->24540K(24768K) Class: 5408K(5632K)->5408K(5632K)
[6827.738s][info][gc             ] GC(1199) Pause Young (Normal) (G1 Evacuation Pause) 6422M->1915M(8192M) 151.028ms
[6827.738s][info][gc,cpu         ] GC(1199) User=1.20s Sys=0.00s Real=0.15s
...[6830.686s][info][gc,start       ] GC(1200) Pause Young (Normal) (G1 Evacuation Pause)
[6830.686s][info][gc,task        ] GC(1200) Using 8 workers of 8 for evacuation
[6830.837s][info][gc,phases      ] GC(1200)   Pre Evacuate Collection Set: 0.23ms
[6830.837s][info][gc,phases      ] GC(1200)   Merge Heap Roots: 0.58ms
[6830.837s][info][gc,phases      ] GC(1200)   Evacuate Collection Set: 149.06ms
[6830.837s][info][gc,phases      ] GC(1200)   Post Evacuate Collection Set: 1.00ms
[6830.837s][info][gc,phases      ] GC(1200)   Other: 0.06ms
[6830.837s][info][gc,heap        ] GC(1200) Eden regions: 571->0(570)
[6830.837s][info][gc,heap        ] GC(1200) Survivor regions: 43->44(77)
[6830.837s][info][gc,heap        ] GC(1200) Old regions: 165->172
[6830.837s][info][gc,heap        ] GC(1200) Humongous regions: 33->33
[6830.837s][info][gc,metaspace   ] GC(1200) Metaspace: 29948K(30400K)->29948K(30400K) NonClass: 24540K(24768K)->24540K(24768K) Class: 5408K(5632K)->5408K(5632K)
[6830.837s][info][gc             ] GC(1200) Pause Young (Normal) (G1 Evacuation Pause) 6483M->1978M(8192M) 151.058ms
[6830.837s][info][gc,cpu         ] GC(1200) User=1.20s Sys=0.00s Real=0.15s
...[6833.770s][info][gc,start       ] GC(1201) Pause Young (Normal) (G1 Evacuation Pause)
[6833.770s][info][gc,task        ] GC(1201) Using 8 workers of 8 for evacuation
[6833.918s][info][gc,phases      ] GC(1201)   Pre Evacuate Collection Set: 0.26ms
[6833.918s][info][gc,phases      ] GC(1201)   Merge Heap Roots: 0.51ms
[6833.918s][info][gc,phases      ] GC(1201)   Evacuate Collection Set: 146.05ms
[6833.918s][info][gc,phases      ] GC(1201)   Post Evacuate Collection Set: 1.01ms
[6833.918s][info][gc,phases      ] GC(1201)   Other: 0.08ms
[6833.918s][info][gc,heap        ] GC(1201) Eden regions: 570->0(571)
[6833.918s][info][gc,heap        ] GC(1201) Survivor regions: 44->43(77)
[6833.918s][info][gc,heap        ] GC(1201) Old regions: 172->180
[6833.918s][info][gc,heap        ] GC(1201) Humongous regions: 33->33
[6833.918s][info][gc,metaspace   ] GC(1201) Metaspace: 29948K(30400K)->29948K(30400K) NonClass: 24540K(24768K)->24540K(24768K) Class: 5408K(5632K)->5408K(5632K)
[6833.918s][info][gc             ] GC(1201) Pause Young (Normal) (G1 Evacuation Pause) 6538M->2024M(8192M) 148.044ms
[6833.918s][info][gc,cpu         ] GC(1201) User=1.18s Sys=0.00s Real=0.15s
...[6836.936s][info][gc,start       ] GC(1202) Pause Young (Normal) (G1 Evacuation Pause)
[6836.936s][info][gc,task        ] GC(1202) Using 8 workers of 8 for evacuation
[6837.088s][info][gc,phases      ] GC(1202)   Pre Evacuate Collection Set: 0.23ms
[6837.088s][info][gc,phases      ] GC(1202)   Merge Heap Roots: 0.52ms
[6837.088s][info][gc,phases      ] GC(1202)   Evacuate Collection Set: 149.79ms
[6837.088s][info][gc,phases      ] GC(1202)   Post Evacuate Collection Set: 1.01ms
[6837.088s][info][gc,phases      ] GC(1202)   Other: 0.06ms
[6837.088s][info][gc,heap        ] GC(1202) Eden regions: 571->0(570)
[6837.088s][info][gc,heap        ] GC(1202) Survivor regions: 43->44(77)
[6837.088s][info][gc,heap        ] GC(1202) Old regions: 180->186
[6837.088s][info][gc,heap        ] GC(1202) Humongous regions: 33->33
[6837.088s][info][gc,metaspace   ] GC(1202) Metaspace: 29948K(30400K)->29948K(30400K) NonClass: 24540K(24768K)->24540K(24768K) Class: 5408K(5632K)->5408K(5632K)
[6837.088s][info][gc             ] GC(1202) Pause Young (Normal) (G1 Evacuation Pause) 6592M->2087M(8192M) 151.737ms
[6837.088s][info][gc,cpu         ] GC(1202) User=1.21s Sys=0.00s Real=0.15s
...[6840.050s][info][gc,start       ] GC(1203) Pause Young (Normal) (G1 Evacuation Pause)
[6840.050s][info][gc,task        ] GC(1203) Using 8 workers of 8 for evacuation
[6840.200s][info][gc,phases      ] GC(1203)   Pre Evacuate Collection Set: 0.24ms
[6840.200s][info][gc,phases      ] GC(1203)   Merge Heap Roots: 0.58ms
[6840.200s][info][gc,phases      ] GC(1203)   Evacuate Collection Set: 148.46ms
[6840.200s][info][gc,phases      ] GC(1203)   Post Evacuate Collection Set: 1.01ms
[6840.200s][info][gc,phases      ] GC(1203)   Other: 0.06ms
[6840.200s][info][gc,heap        ] GC(1203) Eden regions: 570->0(570)
[6840.200s][info][gc,heap        ] GC(1203) Survivor regions: 44->44(77)
[6840.200s][info][gc,heap        ] GC(1203) Old regions: 186->193
[6840.200s][info][gc,heap        ] GC(1203) Humongous regions: 33->33
[6840.200s][info][gc,metaspace   ] GC(1203) Metaspace: 29948K(30400K)->29948K(30400K) NonClass: 24540K(24768K)->24540K(24768K) Class: 5408K(5632K)->5408K(5632K)
[6840.200s][info][gc             ] GC(1203) Pause Young (Normal) (G1 Evacuation Pause) 6647M->2147M(8192M) 150.511ms
[6840.200s][info][gc,cpu         ] GC(1203) User=1.19s Sys=0.00s Real=0.15s
.|...[6843.346s][info][gc,start       ] GC(1204) Pause Young (Normal) (G1 Evacuation Pause)
[6843.346s][info][gc,task        ] GC(1204) Using 8 workers of 8 for evacuation
[6843.496s][info][gc,phases      ] GC(1204)   Pre Evacuate Collection Set: 0.23ms
[6843.496s][info][gc,phases      ] GC(1204)   Merge Heap Roots: 0.49ms
[6843.496s][info][gc,phases      ] GC(1204)   Evacuate Collection Set: 148.89ms
[6843.496s][info][gc,phases      ] GC(1204)   Post Evacuate Collection Set: 1.00ms
[6843.496s][info][gc,phases      ] GC(1204)   Other: 0.06ms
[6843.496s][info][gc,heap        ] GC(1204) Eden regions: 570->0(570)
[6843.496s][info][gc,heap        ] GC(1204) Survivor regions: 44->44(77)
[6843.496s][info][gc,heap        ] GC(1204) Old regions: 193->201
[6843.496s][info][gc,heap        ] GC(1204) Humongous regions: 33->33
[6843.496s][info][gc,metaspace   ] GC(1204) Metaspace: 29948K(30400K)->29948K(30400K) NonClass: 24540K(24768K)->24540K(24768K) Class: 5408K(5632K)->5408K(5632K)
[6843.497s][info][gc             ] GC(1204) Pause Young (Normal) (G1 Evacuation Pause) 6707M->2203M(8192M) 150.817ms
[6843.497s][info][gc,cpu         ] GC(1204) User=1.19s Sys=0.01s Real=0.15s
...[6846.520s][info][gc,start       ] GC(1205) Pause Young (Normal) (G1 Evacuation Pause)
[6846.520s][info][gc,task        ] GC(1205) Using 8 workers of 8 for evacuation
[6846.669s][info][gc,phases      ] GC(1205)   Pre Evacuate Collection Set: 0.25ms
[6846.669s][info][gc,phases      ] GC(1205)   Merge Heap Roots: 0.52ms
[6846.669s][info][gc,phases      ] GC(1205)   Evacuate Collection Set: 147.98ms
[6846.669s][info][gc,phases      ] GC(1205)   Post Evacuate Collection Set: 1.00ms
[6846.669s][info][gc,phases      ] GC(1205)   Other: 0.07ms
[6846.669s][info][gc,heap        ] GC(1205) Eden regions: 570->0(571)
[6846.669s][info][gc,heap        ] GC(1205) Survivor regions: 44->43(77)
[6846.669s][info][gc,heap        ] GC(1205) Old regions: 201->208
[6846.669s][info][gc,heap        ] GC(1205) Humongous regions: 33->33
[6846.669s][info][gc,metaspace   ] GC(1205) Metaspace: 29948K(30400K)->29948K(30400K) NonClass: 24540K(24768K)->24540K(24768K) Class: 5408K(5632K)->5408K(5632K)
[6846.670s][info][gc             ] GC(1205) Pause Young (Normal) (G1 Evacuation Pause) 6763M->2255M(8192M) 149.966ms
[6846.670s][info][gc,cpu         ] GC(1205) User=1.18s Sys=0.00s Real=0.15s
...[6849.610s][info][gc,start       ] GC(1206) Pause Young (Normal) (G1 Evacuation Pause)
[6849.610s][info][gc,task        ] GC(1206) Using 8 workers of 8 for evacuation
[6849.763s][info][gc,phases      ] GC(1206)   Pre Evacuate Collection Set: 0.22ms
[6849.763s][info][gc,phases      ] GC(1206)   Merge Heap Roots: 0.54ms
[6849.763s][info][gc,phases      ] GC(1206)   Evacuate Collection Set: 150.88ms
[6849.763s][info][gc,phases      ] GC(1206)   Post Evacuate Collection Set: 1.01ms
[6849.763s][info][gc,phases      ] GC(1206)   Other: 0.06ms
[6849.763s][info][gc,heap        ] GC(1206) Eden regions: 571->0(571)
[6849.763s][info][gc,heap        ] GC(1206) Survivor regions: 43->43(77)
[6849.763s][info][gc,heap        ] GC(1206) Old regions: 208->215
[6849.763s][info][gc,heap        ] GC(1206) Humongous regions: 33->33
[6849.763s][info][gc,metaspace   ] GC(1206) Metaspace: 29948K(30400K)->29948K(30400K) NonClass: 24540K(24768K)->24540K(24768K) Class: 5408K(5632K)->5408K(5632K)
[6849.763s][info][gc             ] GC(1206) Pause Young (Normal) (G1 Evacuation Pause) 6823M->2312M(8192M) 152.836ms
[6849.763s][info][gc,cpu         ] GC(1206) User=1.21s Sys=0.00s Real=0.15s
...[6852.783s][info][gc,start       ] GC(1207) Pause Young (Normal) (G1 Evacuation Pause)
[6852.783s][info][gc,task        ] GC(1207) Using 8 workers of 8 for evacuation
[6852.933s][info][gc,phases      ] GC(1207)   Pre Evacuate Collection Set: 0.24ms
[6852.933s][info][gc,phases      ] GC(1207)   Merge Heap Roots: 0.51ms
[6852.933s][info][gc,phases      ] GC(1207)   Evacuate Collection Set: 147.99ms
[6852.933s][info][gc,phases      ] GC(1207)   Post Evacuate Collection Set: 0.99ms
[6852.933s][info][gc,phases      ] GC(1207)   Other: 0.07ms
[6852.933s][info][gc,heap        ] GC(1207) Eden regions: 571->0(570)
[6852.933s][info][gc,heap        ] GC(1207) Survivor regions: 43->44(77)
[6852.933s][info][gc,heap        ] GC(1207) Old regions: 215->222
[6852.933s][info][gc,heap        ] GC(1207) Humongous regions: 33->33
[6852.933s][info][gc,metaspace   ] GC(1207) Metaspace: 29948K(30400K)->29948K(30400K) NonClass: 24540K(24768K)->24540K(24768K) Class: 5408K(5632K)->5408K(5632K)
[6852.933s][info][gc             ] GC(1207) Pause Young (Normal) (G1 Evacuation Pause) 6880M->2371M(8192M) 149.924ms
[6852.933s][info][gc,cpu         ] GC(1207) User=1.19s Sys=0.00s Real=0.15s
...[6855.957s][info][gc,start       ] GC(1208) Pause Young (Normal) (G1 Evacuation Pause)
[6855.957s][info][gc,task        ] GC(1208) Using 8 workers of 8 for evacuation
[6856.108s][info][gc,phases      ] GC(1208)   Pre Evacuate Collection Set: 0.23ms
[6856.108s][info][gc,phases      ] GC(1208)   Merge Heap Roots: 0.52ms
[6856.108s][info][gc,phases      ] GC(1208)   Evacuate Collection Set: 149.49ms
[6856.108s][info][gc,phases      ] GC(1208)   Post Evacuate Collection Set: 0.99ms
[6856.108s][info][gc,phases      ] GC(1208)   Other: 0.06ms
[6856.108s][info][gc,heap        ] GC(1208) Eden regions: 570->0(570)
[6856.108s][info][gc,heap        ] GC(1208) Survivor regions: 44->44(77)
[6856.108s][info][gc,heap        ] GC(1208) Old regions: 222->229
[6856.108s][info][gc,heap        ] GC(1208) Humongous regions: 33->33
[6856.108s][info][gc,metaspace   ] GC(1208) Metaspace: 29948K(30400K)->29948K(30400K) NonClass: 24540K(24768K)->24540K(24768K) Class: 5408K(5632K)->5408K(5632K)
[6856.109s][info][gc             ] GC(1208) Pause Young (Normal) (G1 Evacuation Pause) 6931M->2426M(8192M) 151.432ms
[6856.109s][info][gc,cpu         ] GC(1208) User=1.20s Sys=0.01s Real=0.15s
...[6859.120s][info][gc,start       ] GC(1209) Pause Young (Normal) (G1 Evacuation Pause)
[6859.120s][info][gc,task        ] GC(1209) Using 8 workers of 8 for evacuation
[6859.274s][info][gc,phases      ] GC(1209)   Pre Evacuate Collection Set: 0.22ms
[6859.274s][info][gc,phases      ] GC(1209)   Merge Heap Roots: 0.51ms
[6859.274s][info][gc,phases      ] GC(1209)   Evacuate Collection Set: 152.86ms
[6859.274s][info][gc,phases      ] GC(1209)   Post Evacuate Collection Set: 0.97ms
[6859.274s][info][gc,phases      ] GC(1209)   Other: 0.06ms
[6859.274s][info][gc,heap        ] GC(1209) Eden regions: 570->0(570)
[6859.274s][info][gc,heap        ] GC(1209) Survivor regions: 44->44(77)
[6859.274s][info][gc,heap        ] GC(1209) Old regions: 229->236
[6859.274s][info][gc,heap        ] GC(1209) Humongous regions: 33->33
[6859.274s][info][gc,metaspace   ] GC(1209) Metaspace: 29948K(30400K)->29948K(30400K) NonClass: 24540K(24768K)->24540K(24768K) Class: 5408K(5632K)->5408K(5632K)
[6859.274s][info][gc             ] GC(1209) Pause Young (Normal) (G1 Evacuation Pause) 6986M->2487M(8192M) 154.758ms
[6859.274s][info][gc,cpu         ] GC(1209) User=1.22s Sys=0.00s Real=0.15s
...[6862.269s][info][gc,start       ] GC(1210) Pause Young (Normal) (G1 Evacuation Pause)
[6862.269s][info][gc,task        ] GC(1210) Using 8 workers of 8 for evacuation
[6862.424s][info][gc,phases      ] GC(1210)   Pre Evacuate Collection Set: 0.26ms
[6862.424s][info][gc,phases      ] GC(1210)   Merge Heap Roots: 0.50ms
[6862.424s][info][gc,phases      ] GC(1210)   Evacuate Collection Set: 153.26ms
[6862.424s][info][gc,phases      ] GC(1210)   Post Evacuate Collection Set: 0.98ms
[6862.424s][info][gc,phases      ] GC(1210)   Other: 0.08ms
[6862.424s][info][gc,heap        ] GC(1210) Eden regions: 570->0(570)
[6862.424s][info][gc,heap        ] GC(1210) Survivor regions: 44->44(77)
[6862.424s][info][gc,heap        ] GC(1210) Old regions: 236->243
[6862.424s][info][gc,heap        ] GC(1210) Humongous regions: 33->33
[6862.424s][info][gc,metaspace   ] GC(1210) Metaspace: 29948K(30400K)->29948K(30400K) NonClass: 24540K(24768K)->24540K(24768K) Class: 5408K(5632K)->5408K(5632K)
[6862.424s][info][gc             ] GC(1210) Pause Young (Normal) (G1 Evacuation Pause) 7047M->2545M(8192M) 155.206ms
[6862.424s][info][gc,cpu         ] GC(1210) User=1.23s Sys=0.00s Real=0.15s
...[6865.400s][info][gc,start       ] GC(1211) Pause Young (Normal) (G1 Evacuation Pause)
[6865.400s][info][gc,task        ] GC(1211) Using 8 workers of 8 for evacuation
[6865.549s][info][gc,phases      ] GC(1211)   Pre Evacuate Collection Set: 0.23ms
[6865.549s][info][gc,phases      ] GC(1211)   Merge Heap Roots: 0.50ms
[6865.549s][info][gc,phases      ] GC(1211)   Evacuate Collection Set: 147.52ms
[6865.549s][info][gc,phases      ] GC(1211)   Post Evacuate Collection Set: 1.01ms
[6865.549s][info][gc,phases      ] GC(1211)   Other: 0.06ms
[6865.549s][info][gc,heap        ] GC(1211) Eden regions: 570->0(571)
[6865.549s][info][gc,heap        ] GC(1211) Survivor regions: 44->43(77)
[6865.549s][info][gc,heap        ] GC(1211) Old regions: 243->251
[6865.549s][info][gc,heap        ] GC(1211) Humongous regions: 33->33
[6865.549s][info][gc,metaspace   ] GC(1211) Metaspace: 29948K(30400K)->29948K(30400K) NonClass: 24540K(24768K)->24540K(24768K) Class: 5408K(5632K)->5408K(5632K)
[6865.549s][info][gc             ] GC(1211) Pause Young (Normal) (G1 Evacuation Pause) 7105M->2596M(8192M) 149.460ms
[6865.550s][info][gc,cpu         ] GC(1211) User=1.19s Sys=0.00s Real=0.15s
...[6868.512s][info][gc,start       ] GC(1212) Pause Young (Normal) (G1 Evacuation Pause)
[6868.512s][info][gc,task        ] GC(1212) Using 8 workers of 8 for evacuation
[6868.663s][info][gc,phases      ] GC(1212)   Pre Evacuate Collection Set: 0.24ms
[6868.663s][info][gc,phases      ] GC(1212)   Merge Heap Roots: 0.54ms
[6868.663s][info][gc,phases      ] GC(1212)   Evacuate Collection Set: 148.35ms
[6868.663s][info][gc,phases      ] GC(1212)   Post Evacuate Collection Set: 0.99ms
[6868.663s][info][gc,phases      ] GC(1212)   Other: 0.80ms
[6868.663s][info][gc,heap        ] GC(1212) Eden regions: 571->0(571)
[6868.663s][info][gc,heap        ] GC(1212) Survivor regions: 43->43(77)
[6868.663s][info][gc,heap        ] GC(1212) Old regions: 251->258
[6868.663s][info][gc,heap        ] GC(1212) Humongous regions: 33->33
[6868.663s][info][gc,metaspace   ] GC(1212) Metaspace: 29948K(30400K)->29948K(30400K) NonClass: 24540K(24768K)->24540K(24768K) Class: 5408K(5632K)->5408K(5632K)
[6868.663s][info][gc             ] GC(1212) Pause Young (Normal) (G1 Evacuation Pause) 7164M->2655M(8192M) 151.059ms
[6868.663s][info][gc,cpu         ] GC(1212) User=1.19s Sys=0.00s Real=0.15s
....[6871.796s][info][gc,start       ] GC(1213) Pause Young (Normal) (G1 Evacuation Pause)
[6871.796s][info][gc,task        ] GC(1213) Using 8 workers of 8 for evacuation
[6871.944s][info][gc,phases      ] GC(1213)   Pre Evacuate Collection Set: 0.25ms
[6871.944s][info][gc,phases      ] GC(1213)   Merge Heap Roots: 0.57ms
[6871.944s][info][gc,phases      ] GC(1213)   Evacuate Collection Set: 145.85ms
[6871.944s][info][gc,phases      ] GC(1213)   Post Evacuate Collection Set: 1.03ms
[6871.944s][info][gc,phases      ] GC(1213)   Other: 0.06ms
[6871.944s][info][gc,heap        ] GC(1213) Eden regions: 571->0(571)
[6871.944s][info][gc,heap        ] GC(1213) Survivor regions: 43->43(77)
[6871.944s][info][gc,heap        ] GC(1213) Old regions: 258->265
[6871.944s][info][gc,heap        ] GC(1213) Humongous regions: 33->33
[6871.944s][info][gc,metaspace   ] GC(1213) Metaspace: 29948K(30400K)->29948K(30400K) NonClass: 24540K(24768K)->24540K(24768K) Class: 5408K(5632K)->5408K(5632K)
[6871.944s][info][gc             ] GC(1213) Pause Young (Normal) (G1 Evacuation Pause) 7223M->2711M(8192M) 147.897ms
[6871.944s][info][gc,cpu         ] GC(1213) User=1.17s Sys=0.00s Real=0.14s
...[6874.971s][info][gc,start       ] GC(1214) Pause Young (Normal) (G1 Evacuation Pause)
[6874.971s][info][gc,task        ] GC(1214) Using 8 workers of 8 for evacuation
[6875.124s][info][gc,phases      ] GC(1214)   Pre Evacuate Collection Set: 0.26ms
[6875.124s][info][gc,phases      ] GC(1214)   Merge Heap Roots: 0.53ms
[6875.125s][info][gc,phases      ] GC(1214)   Evacuate Collection Set: 151.19ms
[6875.125s][info][gc,phases      ] GC(1214)   Post Evacuate Collection Set: 1.01ms
[6875.125s][info][gc,phases      ] GC(1214)   Other: 0.10ms
[6875.125s][info][gc,heap        ] GC(1214) Eden regions: 571->0(570)
[6875.125s][info][gc,heap        ] GC(1214) Survivor regions: 43->44(77)
[6875.125s][info][gc,heap        ] GC(1214) Old regions: 265->273
[6875.125s][info][gc,heap        ] GC(1214) Humongous regions: 33->33
[6875.125s][info][gc,metaspace   ] GC(1214) Metaspace: 29948K(30400K)->29948K(30400K) NonClass: 24540K(24768K)->24540K(24768K) Class: 5408K(5632K)->5408K(5632K)
[6875.125s][info][gc             ] GC(1214) Pause Young (Normal) (G1 Evacuation Pause) 7279M->2778M(8192M) 153.223ms
[6875.125s][info][gc,cpu         ] GC(1214) User=1.21s Sys=0.00s Real=0.16s
...[6878.040s][info][gc,start       ] GC(1215) Pause Young (Normal) (G1 Evacuation Pause)
[6878.040s][info][gc,task        ] GC(1215) Using 8 workers of 8 for evacuation
[6878.190s][info][gc,phases      ] GC(1215)   Pre Evacuate Collection Set: 0.24ms
[6878.190s][info][gc,phases      ] GC(1215)   Merge Heap Roots: 0.54ms
[6878.190s][info][gc,phases      ] GC(1215)   Evacuate Collection Set: 148.08ms
[6878.190s][info][gc,phases      ] GC(1215)   Post Evacuate Collection Set: 0.98ms
[6878.190s][info][gc,phases      ] GC(1215)   Other: 0.06ms
[6878.190s][info][gc,heap        ] GC(1215) Eden regions: 570->0(571)
[6878.190s][info][gc,heap        ] GC(1215) Survivor regions: 44->43(77)
[6878.190s][info][gc,heap        ] GC(1215) Old regions: 273->280
[6878.190s][info][gc,heap        ] GC(1215) Humongous regions: 33->33
[6878.190s][info][gc,metaspace   ] GC(1215) Metaspace: 29948K(30400K)->29948K(30400K) NonClass: 24540K(24768K)->24540K(24768K) Class: 5408K(5632K)->5408K(5632K)
[6878.190s][info][gc             ] GC(1215) Pause Young (Normal) (G1 Evacuation Pause) 7338M->2831M(8192M) 150.036ms
[6878.190s][info][gc,cpu         ] GC(1215) User=1.19s Sys=0.00s Real=0.15s
...[6881.119s][info][gc,start       ] GC(1216) Pause Young (Normal) (G1 Evacuation Pause)
[6881.119s][info][gc,task        ] GC(1216) Using 8 workers of 8 for evacuation
[6881.270s][info][gc,phases      ] GC(1216)   Pre Evacuate Collection Set: 0.23ms
[6881.270s][info][gc,phases      ] GC(1216)   Merge Heap Roots: 0.52ms
[6881.270s][info][gc,phases      ] GC(1216)   Evacuate Collection Set: 149.52ms
[6881.270s][info][gc,phases      ] GC(1216)   Post Evacuate Collection Set: 1.01ms
[6881.270s][info][gc,phases      ] GC(1216)   Other: 0.07ms
[6881.270s][info][gc,heap        ] GC(1216) Eden regions: 571->0(564)
[6881.270s][info][gc,heap        ] GC(1216) Survivor regions: 43->44(77)
[6881.270s][info][gc,heap        ] GC(1216) Old regions: 280->287
[6881.270s][info][gc,heap        ] GC(1216) Humongous regions: 33->33
[6881.270s][info][gc,metaspace   ] GC(1216) Metaspace: 29948K(30400K)->29948K(30400K) NonClass: 24540K(24768K)->24540K(24768K) Class: 5408K(5632K)->5408K(5632K)
[6881.270s][info][gc             ] GC(1216) Pause Young (Normal) (G1 Evacuation Pause) 7399M->2891M(8192M) 151.479ms
[6881.270s][info][gc,cpu         ] GC(1216) User=1.20s Sys=0.00s Real=0.15s
...[6884.162s][info][gc,start       ] GC(1217) Pause Young (Normal) (G1 Evacuation Pause)
[6884.163s][info][gc,task        ] GC(1217) Using 8 workers of 8 for evacuation
[6884.314s][info][gc,phases      ] GC(1217)   Pre Evacuate Collection Set: 0.24ms
[6884.314s][info][gc,phases      ] GC(1217)   Merge Heap Roots: 0.52ms
[6884.314s][info][gc,phases      ] GC(1217)   Evacuate Collection Set: 149.33ms
[6884.314s][info][gc,phases      ] GC(1217)   Post Evacuate Collection Set: 1.01ms
[6884.314s][info][gc,phases      ] GC(1217)   Other: 0.06ms
[6884.314s][info][gc,heap        ] GC(1217) Eden regions: 564->0(557)
[6884.314s][info][gc,heap        ] GC(1217) Survivor regions: 44->44(76)
[6884.314s][info][gc,heap        ] GC(1217) Old regions: 287->294
[6884.314s][info][gc,heap        ] GC(1217) Humongous regions: 33->33
[6884.314s][info][gc,metaspace   ] GC(1217) Metaspace: 29948K(30400K)->29948K(30400K) NonClass: 24540K(24768K)->24540K(24768K) Class: 5408K(5632K)->5408K(5632K)
[6884.314s][info][gc             ] GC(1217) Pause Young (Normal) (G1 Evacuation Pause) 7403M->2949M(8192M) 151.317ms
[6884.314s][info][gc,cpu         ] GC(1217) User=1.20s Sys=0.00s Real=0.15s
...[6887.164s][info][gc,start       ] GC(1218) Pause Young (Normal) (G1 Evacuation Pause)
[6887.164s][info][gc,task        ] GC(1218) Using 8 workers of 8 for evacuation
[6887.320s][info][gc,phases      ] GC(1218)   Pre Evacuate Collection Set: 0.22ms
[6887.321s][info][gc,phases      ] GC(1218)   Merge Heap Roots: 0.52ms
[6887.321s][info][gc,phases      ] GC(1218)   Evacuate Collection Set: 154.46ms
[6887.321s][info][gc,phases      ] GC(1218)   Post Evacuate Collection Set: 1.02ms
[6887.321s][info][gc,phases      ] GC(1218)   Other: 0.07ms
[6887.321s][info][gc,heap        ] GC(1218) Eden regions: 557->0(549)
[6887.321s][info][gc,heap        ] GC(1218) Survivor regions: 44->44(76)
[6887.321s][info][gc,heap        ] GC(1218) Old regions: 294->302
[6887.321s][info][gc,heap        ] GC(1218) Humongous regions: 33->33
[6887.321s][info][gc,metaspace   ] GC(1218) Metaspace: 29948K(30400K)->29948K(30400K) NonClass: 24540K(24768K)->24540K(24768K) Class: 5408K(5632K)->5408K(5632K)
[6887.321s][info][gc             ] GC(1218) Pause Young (Normal) (G1 Evacuation Pause) 7405M->3008M(8192M) 156.423ms
[6887.321s][info][gc,cpu         ] GC(1218) User=1.23s Sys=0.00s Real=0.16s
...[6890.200s][info][gc,start       ] GC(1219) Pause Young (Normal) (G1 Evacuation Pause)
[6890.200s][info][gc,task        ] GC(1219) Using 8 workers of 8 for evacuation
[6890.358s][info][gc,phases      ] GC(1219)   Pre Evacuate Collection Set: 0.22ms
[6890.358s][info][gc,phases      ] GC(1219)   Merge Heap Roots: 0.52ms
[6890.358s][info][gc,phases      ] GC(1219)   Evacuate Collection Set: 156.83ms
[6890.358s][info][gc,phases      ] GC(1219)   Post Evacuate Collection Set: 1.01ms
[6890.358s][info][gc,phases      ] GC(1219)   Other: 0.06ms
[6890.358s][info][gc,heap        ] GC(1219) Eden regions: 549->0(542)
[6890.358s][info][gc,heap        ] GC(1219) Survivor regions: 44->44(75)
[6890.358s][info][gc,heap        ] GC(1219) Old regions: 302->309
[6890.358s][info][gc,heap        ] GC(1219) Humongous regions: 33->33
[6890.358s][info][gc,metaspace   ] GC(1219) Metaspace: 29948K(30400K)->29948K(30400K) NonClass: 24540K(24768K)->24540K(24768K) Class: 5408K(5632K)->5408K(5632K)
[6890.358s][info][gc             ] GC(1219) Pause Young (Normal) (G1 Evacuation Pause) 7400M->3068M(8192M) 158.779ms
[6890.358s][info][gc,cpu         ] GC(1219) User=1.26s Sys=0.00s Real=0.16s
...[6893.218s][info][gc,start       ] GC(1220) Pause Young (Concurrent Start) (G1 Evacuation Pause)
[6893.218s][info][gc,task        ] GC(1220) Using 8 workers of 8 for evacuation
[6893.372s][info][gc,phases      ] GC(1220)   Pre Evacuate Collection Set: 0.29ms
[6893.372s][info][gc,phases      ] GC(1220)   Merge Heap Roots: 0.51ms
[6893.372s][info][gc,phases      ] GC(1220)   Evacuate Collection Set: 152.57ms
[6893.372s][info][gc,phases      ] GC(1220)   Post Evacuate Collection Set: 0.98ms
[6893.372s][info][gc,phases      ] GC(1220)   Other: 0.12ms
[6893.372s][info][gc,heap        ] GC(1220) Eden regions: 542->0(535)
[6893.372s][info][gc,heap        ] GC(1220) Survivor regions: 44->44(74)
[6893.372s][info][gc,heap        ] GC(1220) Old regions: 309->316
[6893.372s][info][gc,heap        ] GC(1220) Humongous regions: 33->33
[6893.372s][info][gc,metaspace   ] GC(1220) Metaspace: 29948K(30400K)->29948K(30400K) NonClass: 24540K(24768K)->24540K(24768K) Class: 5408K(5632K)->5408K(5632K)
[6893.372s][info][gc             ] GC(1220) Pause Young (Concurrent Start) (G1 Evacuation Pause) 7404M->3130M(8192M) 154.612ms
[6893.372s][info][gc             ] GC(1221) Concurrent Mark Cycle
[6893.372s][info][gc,marking     ] GC(1221) Concurrent Scan Root Regions
[6893.372s][info][gc,cpu         ] GC(1220) User=1.23s Sys=0.00s Real=0.15s
.[6893.755s][info][gc,marking     ] GC(1221) Concurrent Scan Root Regions 382.576ms
[6893.755s][info][gc,marking     ] GC(1221) Concurrent Mark
[6893.755s][info][gc,marking     ] GC(1221) Concurrent Mark From Roots
[6893.755s][info][gc,task        ] GC(1221) Using 2 workers of 2 for marking
.[6895.138s][info][gc,marking     ] GC(1221) Concurrent Mark From Roots 1383.304ms
[6895.138s][info][gc,marking     ] GC(1221) Concurrent Preclean
[6895.138s][info][gc,marking     ] GC(1221) Concurrent Preclean 0.072ms
[6895.138s][info][gc,start       ] GC(1221) Pause Remark
[6895.140s][info][gc             ] GC(1221) Pause Remark 5194M->4570M(8192M) 1.827ms
[6895.140s][info][gc,cpu         ] GC(1221) User=0.01s Sys=0.00s Real=0.00s
[6895.140s][info][gc,marking     ] GC(1221) Concurrent Mark 1385.604ms
[6895.140s][info][gc,marking     ] GC(1221) Concurrent Rebuild Remembered Sets and Scrub Regions
.[6895.932s][info][gc,marking     ] GC(1221) Concurrent Rebuild Remembered Sets and Scrub Regions 791.248ms
[6895.932s][info][gc,start       ] GC(1221) Pause Cleanup
[6895.932s][info][gc             ] GC(1221) Pause Cleanup 5642M->5642M(8192M) 0.251ms
[6895.932s][info][gc,cpu         ] GC(1221) User=0.00s Sys=0.00s Real=0.00s
[6895.932s][info][gc,marking     ] GC(1221) Concurrent Clear Claimed Marks
[6895.932s][info][gc,marking     ] GC(1221) Concurrent Clear Claimed Marks 0.039ms
[6895.932s][info][gc,marking     ] GC(1221) Concurrent Cleanup for Next Mark
[6895.943s][info][gc,marking     ] GC(1221) Concurrent Cleanup for Next Mark 10.919ms
[6895.943s][info][gc             ] GC(1221) Concurrent Mark Cycle 2571.049ms
.[6896.741s][info][gc,start       ] GC(1222) Pause Young (Prepare Mixed) (G1 Evacuation Pause)
[6896.741s][info][gc,task        ] GC(1222) Using 8 workers of 8 for evacuation
[6896.897s][info][gc,phases      ] GC(1222)   Pre Evacuate Collection Set: 0.24ms
[6896.897s][info][gc,phases      ] GC(1222)   Merge Heap Roots: 0.76ms
[6896.897s][info][gc,phases      ] GC(1222)   Evacuate Collection Set: 154.39ms
[6896.898s][info][gc,phases      ] GC(1222)   Post Evacuate Collection Set: 1.09ms
[6896.898s][info][gc,phases      ] GC(1222)   Other: 0.07ms
[6896.898s][info][gc,heap        ] GC(1222) Eden regions: 535->0(570)
[6896.898s][info][gc,heap        ] GC(1222) Survivor regions: 44->44(73)
[6896.898s][info][gc,heap        ] GC(1222) Old regions: 238->246
[6896.898s][info][gc,heap        ] GC(1222) Humongous regions: 33->33
[6896.898s][info][gc,metaspace   ] GC(1222) Metaspace: 29948K(30400K)->29948K(30400K) NonClass: 24540K(24768K)->24540K(24768K) Class: 5408K(5632K)->5408K(5632K)
[6896.898s][info][gc             ] GC(1222) Pause Young (Prepare Mixed) (G1 Evacuation Pause) 6786M->2567M(8192M) 156.673ms
[6896.898s][info][gc,cpu         ] GC(1222) User=1.24s Sys=0.00s Real=0.16s
..[6899.679s][info][gc,start       ] GC(1223) Pause Young (Mixed) (G1 Evacuation Pause)
[6899.679s][info][gc,task        ] GC(1223) Using 8 workers of 8 for evacuation
[6899.836s][info][gc,phases      ] GC(1223)   Pre Evacuate Collection Set: 0.25ms
[6899.837s][info][gc,phases      ] GC(1223)   Merge Heap Roots: 0.86ms
[6899.837s][info][gc,phases      ] GC(1223)   Evacuate Collection Set: 154.83ms
[6899.837s][info][gc,phases      ] GC(1223)   Post Evacuate Collection Set: 1.22ms
[6899.837s][info][gc,phases      ] GC(1223)   Other: 0.07ms
[6899.837s][info][gc,heap        ] GC(1223) Eden regions: 570->0(572)
[6899.837s][info][gc,heap        ] GC(1223) Survivor regions: 44->42(77)
[6899.837s][info][gc,heap        ] GC(1223) Old regions: 246->152
[6899.837s][info][gc,heap        ] GC(1223) Humongous regions: 33->33
[6899.837s][info][gc,metaspace   ] GC(1223) Metaspace: 29948K(30400K)->29948K(30400K) NonClass: 24540K(24768K)->24540K(24768K) Class: 5408K(5632K)->5408K(5632K)
[6899.837s][info][gc             ] GC(1223) Pause Young (Mixed) (G1 Evacuation Pause) 7127M->1796M(8192M) 157.394ms
[6899.837s][info][gc,cpu         ] GC(1223) User=1.24s Sys=0.00s Real=0.16s
...[6902.748s][info][gc,start       ] GC(1224) Pause Young (Mixed) (G1 Evacuation Pause)
[6902.748s][info][gc,task        ] GC(1224) Using 8 workers of 8 for evacuation
[6902.906s][info][gc,phases      ] GC(1224)   Pre Evacuate Collection Set: 0.24ms
[6902.906s][info][gc,phases      ] GC(1224)   Merge Heap Roots: 0.61ms
[6902.906s][info][gc,phases      ] GC(1224)   Evacuate Collection Set: 156.28ms
[6902.906s][info][gc,phases      ] GC(1224)   Post Evacuate Collection Set: 1.01ms
[6902.906s][info][gc,phases      ] GC(1224)   Other: 0.08ms
[6902.906s][info][gc,heap        ] GC(1224) Eden regions: 572->0(570)
[6902.906s][info][gc,heap        ] GC(1224) Survivor regions: 42->44(77)
[6902.906s][info][gc,heap        ] GC(1224) Old regions: 152->144
[6902.906s][info][gc,heap        ] GC(1224) Humongous regions: 33->33
[6902.906s][info][gc,metaspace   ] GC(1224) Metaspace: 29948K(30400K)->29948K(30400K) NonClass: 24540K(24768K)->24540K(24768K) Class: 5408K(5632K)->5408K(5632K)
[6902.906s][info][gc             ] GC(1224) Pause Young (Mixed) (G1 Evacuation Pause) 6372M->1748M(8192M) 158.345ms
[6902.906s][info][gc,cpu         ] GC(1224) User=1.26s Sys=0.00s Real=0.16s
... (rIR:aIR:PR = 12221:12165:12116) (tPR = 180584) [OK] 
  6905s: Performance info:
         Transaction,    Success,    Partial,     Failed,   Receipts, AvgBarcode, 
             Overall,     783972,          0,          0,     744578,      59.47, 
         Response times:
             Request,    Success,    Partial,     Failed,   SkipFail,     Probes,    Samples,      min,      p50,      p90,      p95,      p99,      max, 
       TotalPurchase,     747626,          0,          0,          0,     366915,     562522,      300,    41000,   194000,   255000,   351000,  5100000,
     InStorePurchase,     391338,          0,          0,          0,     193128,     295583,      300,    41000,   193000,   252000,   341000,  5100000,
      OnlinePurchase,     276652,          0,          0,          0,     134708,     207759,      300,    42000,   195000,   260000,   367000,  5100000,
        InstPurchase,      79636,          0,          0,          0,      39079,      59180,      400,    40000,   193900,   247000,   342000,  4600000,
          AssocOfCat,        787,          0,          0,          0,        625,       1076,    35000,   102000,   249300,   308150,   390070,   537000,
      AssocOfProduct,       8175,          0,          0,          0,       3590,       5722,      800,    43000,   198000,   259000,   385540,  2000000,
      BusinessReport,       1980,          0,          0,          0,       1728,       2804,    39000,   112000,   281000,   342500,   469750,   960000,
          CustBuyBeh,       7981,          0,          0,          0,       3645,       5811,      300,    41000,   193000,   253000,   351880,  2200000,
       ProductReturn,      20587,          0,          0,          0,       9889,      15070,      300,    41000,   192000,   254000,   340290,  4600000,

  6905s: (87%)   IR =  12363 [6905.820s][info][gc,start       ] GC(1225) Pause Young (Normal) (G1 Evacuation Pause)
[6905.820s][info][gc,task        ] GC(1225) Using 8 workers of 8 for evacuation
[6905.977s][info][gc,phases      ] GC(1225)   Pre Evacuate Collection Set: 0.23ms
[6905.977s][info][gc,phases      ] GC(1225)   Merge Heap Roots: 0.58ms
[6905.977s][info][gc,phases      ] GC(1225)   Evacuate Collection Set: 154.73ms
[6905.977s][info][gc,phases      ] GC(1225)   Post Evacuate Collection Set: 0.97ms
[6905.977s][info][gc,phases      ] GC(1225)   Other: 0.07ms
[6905.977s][info][gc,heap        ] GC(1225) Eden regions: 570->0(569)
[6905.977s][info][gc,heap        ] GC(1225) Survivor regions: 44->45(77)
[6905.977s][info][gc,heap        ] GC(1225) Old regions: 144->151
[6905.977s][info][gc,heap        ] GC(1225) Humongous regions: 33->33
[6905.977s][info][gc,metaspace   ] GC(1225) Metaspace: 29948K(30400K)->29948K(30400K) NonClass: 24540K(24768K)->24540K(24768K) Class: 5408K(5632K)->5408K(5632K)
[6905.977s][info][gc             ] GC(1225) Pause Young (Normal) (G1 Evacuation Pause) 6308M->1814M(8192M) 156.724ms
[6905.977s][info][gc,cpu         ] GC(1225) User=1.24s Sys=0.00s Real=0.16s
...[6908.836s][info][gc,start       ] GC(1226) Pause Young (Normal) (G1 Evacuation Pause)
[6908.836s][info][gc,task        ] GC(1226) Using 8 workers of 8 for evacuation
[6908.989s][info][gc,phases      ] GC(1226)   Pre Evacuate Collection Set: 0.22ms
[6908.990s][info][gc,phases      ] GC(1226)   Merge Heap Roots: 0.51ms
[6908.990s][info][gc,phases      ] GC(1226)   Evacuate Collection Set: 151.54ms
[6908.990s][info][gc,phases      ] GC(1226)   Post Evacuate Collection Set: 1.04ms
[6908.990s][info][gc,phases      ] GC(1226)   Other: 0.06ms
[6908.990s][info][gc,heap        ] GC(1226) Eden regions: 569->0(570)
[6908.990s][info][gc,heap        ] GC(1226) Survivor regions: 45->44(77)
[6908.990s][info][gc,heap        ] GC(1226) Old regions: 151->158
[6908.990s][info][gc,heap        ] GC(1226) Humongous regions: 33->33
[6908.990s][info][gc,metaspace   ] GC(1226) Metaspace: 29948K(30400K)->29948K(30400K) NonClass: 24540K(24768K)->24540K(24768K) Class: 5408K(5632K)->5408K(5632K)
[6908.990s][info][gc             ] GC(1226) Pause Young (Normal) (G1 Evacuation Pause) 6366M->1862M(8192M) 154.244ms
[6908.990s][info][gc,cpu         ] GC(1226) User=1.21s Sys=0.01s Real=0.15s
...[6911.903s][info][gc,start       ] GC(1227) Pause Young (Normal) (G1 Evacuation Pause)
[6911.903s][info][gc,task        ] GC(1227) Using 8 workers of 8 for evacuation
[6912.060s][info][gc,phases      ] GC(1227)   Pre Evacuate Collection Set: 0.22ms
[6912.061s][info][gc,phases      ] GC(1227)   Merge Heap Roots: 0.50ms
[6912.061s][info][gc,phases      ] GC(1227)   Evacuate Collection Set: 155.75ms
[6912.061s][info][gc,phases      ] GC(1227)   Post Evacuate Collection Set: 1.01ms
[6912.061s][info][gc,phases      ] GC(1227)   Other: 0.06ms
[6912.061s][info][gc,heap        ] GC(1227) Eden regions: 570->0(570)
[6912.061s][info][gc,heap        ] GC(1227) Survivor regions: 44->44(77)
[6912.061s][info][gc,heap        ] GC(1227) Old regions: 158->166
[6912.061s][info][gc,heap        ] GC(1227) Humongous regions: 33->33
[6912.061s][info][gc,metaspace   ] GC(1227) Metaspace: 29948K(30400K)->29948K(30400K) NonClass: 24540K(24768K)->24540K(24768K) Class: 5408K(5632K)->5408K(5632K)
[6912.061s][info][gc             ] GC(1227) Pause Young (Normal) (G1 Evacuation Pause) 6422M->1922M(8192M) 157.661ms
[6912.061s][info][gc,cpu         ] GC(1227) User=1.25s Sys=0.01s Real=0.16s
...[6914.896s][info][gc,start       ] GC(1228) Pause Young (Normal) (G1 Evacuation Pause)
[6914.896s][info][gc,task        ] GC(1228) Using 8 workers of 8 for evacuation
[6915.049s][info][gc,phases      ] GC(1228)   Pre Evacuate Collection Set: 0.23ms
[6915.049s][info][gc,phases      ] GC(1228)   Merge Heap Roots: 0.50ms
[6915.049s][info][gc,phases      ] GC(1228)   Evacuate Collection Set: 151.21ms
[6915.049s][info][gc,phases      ] GC(1228)   Post Evacuate Collection Set: 1.00ms
[6915.049s][info][gc,phases      ] GC(1228)   Other: 0.06ms
[6915.049s][info][gc,heap        ] GC(1228) Eden regions: 570->0(571)
[6915.049s][info][gc,heap        ] GC(1228) Survivor regions: 44->43(77)
[6915.049s][info][gc,heap        ] GC(1228) Old regions: 166->173
[6915.049s][info][gc,heap        ] GC(1228) Humongous regions: 33->33
[6915.049s][info][gc,metaspace   ] GC(1228) Metaspace: 29948K(30400K)->29948K(30400K) NonClass: 24540K(24768K)->24540K(24768K) Class: 5408K(5632K)->5408K(5632K)
[6915.050s][info][gc             ] GC(1228) Pause Young (Normal) (G1 Evacuation Pause) 6482M->1975M(8192M) 153.147ms
[6915.050s][info][gc,cpu         ] GC(1228) User=1.22s Sys=0.00s Real=0.15s
...[6917.971s][info][gc,start       ] GC(1229) Pause Young (Normal) (G1 Evacuation Pause)
[6917.971s][info][gc,task        ] GC(1229) Using 8 workers of 8 for evacuation
[6918.125s][info][gc,phases      ] GC(1229)   Pre Evacuate Collection Set: 0.23ms
[6918.125s][info][gc,phases      ] GC(1229)   Merge Heap Roots: 0.49ms
[6918.125s][info][gc,phases      ] GC(1229)   Evacuate Collection Set: 152.44ms
[6918.125s][info][gc,phases      ] GC(1229)   Post Evacuate Collection Set: 1.01ms
[6918.125s][info][gc,phases      ] GC(1229)   Other: 0.06ms
[6918.125s][info][gc,heap        ] GC(1229) Eden regions: 571->0(569)
[6918.125s][info][gc,heap        ] GC(1229) Survivor regions: 43->45(77)
[6918.125s][info][gc,heap        ] GC(1229) Old regions: 173->180
[6918.125s][info][gc,heap        ] GC(1229) Humongous regions: 33->33
[6918.125s][info][gc,metaspace   ] GC(1229) Metaspace: 29948K(30400K)->29948K(30400K) NonClass: 24540K(24768K)->24540K(24768K) Class: 5408K(5632K)->5408K(5632K)
[6918.125s][info][gc             ] GC(1229) Pause Young (Normal) (G1 Evacuation Pause) 6543M->2044M(8192M) 154.371ms
[6918.125s][info][gc,cpu         ] GC(1229) User=1.23s Sys=0.00s Real=0.16s
...[6921.011s][info][gc,start       ] GC(1230) Pause Young (Normal) (G1 Evacuation Pause)
[6921.011s][info][gc,task        ] GC(1230) Using 8 workers of 8 for evacuation
[6921.165s][info][gc,phases      ] GC(1230)   Pre Evacuate Collection Set: 0.21ms
[6921.165s][info][gc,phases      ] GC(1230)   Merge Heap Roots: 0.48ms
[6921.165s][info][gc,phases      ] GC(1230)   Evacuate Collection Set: 152.64ms
[6921.165s][info][gc,phases      ] GC(1230)   Post Evacuate Collection Set: 0.97ms
[6921.165s][info][gc,phases      ] GC(1230)   Other: 0.06ms
[6921.165s][info][gc,heap        ] GC(1230) Eden regions: 569->0(570)
[6921.165s][info][gc,heap        ] GC(1230) Survivor regions: 45->44(77)
[6921.165s][info][gc,heap        ] GC(1230) Old regions: 180->187
[6921.165s][info][gc,heap        ] GC(1230) Humongous regions: 33->33
[6921.165s][info][gc,metaspace   ] GC(1230) Metaspace: 29948K(30400K)->29948K(30400K) NonClass: 24540K(24768K)->24540K(24768K) Class: 5408K(5632K)->5408K(5632K)
[6921.165s][info][gc             ] GC(1230) Pause Young (Normal) (G1 Evacuation Pause) 6596M->2092M(8192M) 154.507ms
[6921.165s][info][gc,cpu         ] GC(1230) User=1.22s Sys=0.00s Real=0.16s
...[6924.113s][info][gc,start       ] GC(1231) Pause Young (Normal) (G1 Evacuation Pause)
[6924.113s][info][gc,task        ] GC(1231) Using 8 workers of 8 for evacuation
[6924.269s][info][gc,phases      ] GC(1231)   Pre Evacuate Collection Set: 0.21ms
[6924.269s][info][gc,phases      ] GC(1231)   Merge Heap Roots: 0.52ms
[6924.269s][info][gc,phases      ] GC(1231)   Evacuate Collection Set: 153.79ms
[6924.269s][info][gc,phases      ] GC(1231)   Post Evacuate Collection Set: 0.98ms
[6924.269s][info][gc,phases      ] GC(1231)   Other: 0.07ms
[6924.269s][info][gc,heap        ] GC(1231) Eden regions: 570->0(569)
[6924.269s][info][gc,heap        ] GC(1231) Survivor regions: 44->45(77)
[6924.269s][info][gc,heap        ] GC(1231) Old regions: 187->194
[6924.269s][info][gc,heap        ] GC(1231) Humongous regions: 33->33
[6924.269s][info][gc,metaspace   ] GC(1231) Metaspace: 29948K(30400K)->29948K(30400K) NonClass: 24540K(24768K)->24540K(24768K) Class: 5408K(5632K)->5408K(5632K)
[6924.269s][info][gc             ] GC(1231) Pause Young (Normal) (G1 Evacuation Pause) 6652M->2159M(8192M) 156.483ms
[6924.269s][info][gc,cpu         ] GC(1231) User=1.24s Sys=0.00s Real=0.16s
...[6927.259s][info][gc,start       ] GC(1232) Pause Young (Normal) (G1 Evacuation Pause)
[6927.260s][info][gc,task        ] GC(1232) Using 8 workers of 8 for evacuation
[6927.417s][info][gc,phases      ] GC(1232)   Pre Evacuate Collection Set: 0.23ms
[6927.418s][info][gc,phases      ] GC(1232)   Merge Heap Roots: 0.48ms
[6927.418s][info][gc,phases      ] GC(1232)   Evacuate Collection Set: 156.21ms
[6927.418s][info][gc,phases      ] GC(1232)   Post Evacuate Collection Set: 1.00ms
[6927.418s][info][gc,phases      ] GC(1232)   Other: 0.06ms
[6927.418s][info][gc,heap        ] GC(1232) Eden regions: 569->0(569)
[6927.418s][info][gc,heap        ] GC(1232) Survivor regions: 45->45(77)
[6927.418s][info][gc,heap        ] GC(1232) Old regions: 194->202
[6927.418s][info][gc,heap        ] GC(1232) Humongous regions: 33->33
[6927.418s][info][gc,metaspace   ] GC(1232) Metaspace: 29948K(30400K)->29948K(30400K) NonClass: 24540K(24768K)->24540K(24768K) Class: 5408K(5632K)->5408K(5632K)
[6927.418s][info][gc             ] GC(1232) Pause Young (Normal) (G1 Evacuation Pause) 6711M->2222M(8192M) 158.119ms
[6927.418s][info][gc,cpu         ] GC(1232) User=1.25s Sys=0.00s Real=0.16s
...[6930.373s][info][gc,start       ] GC(1233) Pause Young (Normal) (G1 Evacuation Pause)
[6930.373s][info][gc,task        ] GC(1233) Using 8 workers of 8 for evacuation
[6930.525s][info][gc,phases      ] GC(1233)   Pre Evacuate Collection Set: 0.23ms
[6930.525s][info][gc,phases      ] GC(1233)   Merge Heap Roots: 0.52ms
[6930.525s][info][gc,phases      ] GC(1233)   Evacuate Collection Set: 149.92ms
[6930.525s][info][gc,phases      ] GC(1233)   Post Evacuate Collection Set: 1.01ms
[6930.525s][info][gc,phases      ] GC(1233)   Other: 0.06ms
[6930.525s][info][gc,heap        ] GC(1233) Eden regions: 569->0(570)
[6930.525s][info][gc,heap        ] GC(1233) Survivor regions: 45->44(77)
[6930.525s][info][gc,heap        ] GC(1233) Old regions: 202->209
[6930.525s][info][gc,heap        ] GC(1233) Humongous regions: 33->33
[6930.525s][info][gc,metaspace   ] GC(1233) Metaspace: 29948K(30400K)->29948K(30400K) NonClass: 24540K(24768K)->24540K(24768K) Class: 5408K(5632K)->5408K(5632K)
[6930.525s][info][gc             ] GC(1233) Pause Young (Normal) (G1 Evacuation Pause) 6774M->2274M(8192M) 151.876ms
[6930.525s][info][gc,cpu         ] GC(1233) User=1.20s Sys=0.01s Real=0.16s
...|.[6933.636s][info][gc,start       ] GC(1234) Pause Young (Normal) (G1 Evacuation Pause)
[6933.636s][info][gc,task        ] GC(1234) Using 8 workers of 8 for evacuation
[6933.787s][info][gc,phases      ] GC(1234)   Pre Evacuate Collection Set: 0.22ms
[6933.787s][info][gc,phases      ] GC(1234)   Merge Heap Roots: 0.52ms
[6933.787s][info][gc,phases      ] GC(1234)   Evacuate Collection Set: 149.15ms
[6933.787s][info][gc,phases      ] GC(1234)   Post Evacuate Collection Set: 1.01ms
[6933.787s][info][gc,phases      ] GC(1234)   Other: 0.06ms
[6933.787s][info][gc,heap        ] GC(1234) Eden regions: 570->0(571)
[6933.787s][info][gc,heap        ] GC(1234) Survivor regions: 44->43(77)
[6933.787s][info][gc,heap        ] GC(1234) Old regions: 209->216
[6933.787s][info][gc,heap        ] GC(1234) Humongous regions: 33->33
[6933.787s][info][gc,metaspace   ] GC(1234) Metaspace: 29948K(30400K)->29948K(30400K) NonClass: 24540K(24768K)->24540K(24768K) Class: 5408K(5632K)->5408K(5632K)
[6933.787s][info][gc             ] GC(1234) Pause Young (Normal) (G1 Evacuation Pause) 6834M->2319M(8192M) 151.111ms
[6933.787s][info][gc,cpu         ] GC(1234) User=1.20s Sys=0.00s Real=0.15s
...[6936.776s][info][gc,start       ] GC(1235) Pause Young (Normal) (G1 Evacuation Pause)
[6936.776s][info][gc,task        ] GC(1235) Using 8 workers of 8 for evacuation
[6936.932s][info][gc,phases      ] GC(1235)   Pre Evacuate Collection Set: 0.22ms
[6936.932s][info][gc,phases      ] GC(1235)   Merge Heap Roots: 0.51ms
[6936.932s][info][gc,phases      ] GC(1235)   Evacuate Collection Set: 153.72ms
[6936.932s][info][gc,phases      ] GC(1235)   Post Evacuate Collection Set: 0.99ms
[6936.932s][info][gc,phases      ] GC(1235)   Other: 0.07ms
[6936.932s][info][gc,heap        ] GC(1235) Eden regions: 571->0(570)
[6936.932s][info][gc,heap        ] GC(1235) Survivor regions: 43->44(77)
[6936.932s][info][gc,heap        ] GC(1235) Old regions: 216->224
[6936.932s][info][gc,heap        ] GC(1235) Humongous regions: 33->33
[6936.932s][info][gc,metaspace   ] GC(1235) Metaspace: 29948K(30400K)->29948K(30400K) NonClass: 24540K(24768K)->24540K(24768K) Class: 5408K(5632K)->5408K(5632K)
[6936.932s][info][gc             ] GC(1235) Pause Young (Normal) (G1 Evacuation Pause) 6887M->2390M(8192M) 155.644ms
[6936.932s][info][gc,cpu         ] GC(1235) User=1.23s Sys=0.00s Real=0.15s
...[6939.866s][info][gc,start       ] GC(1236) Pause Young (Normal) (G1 Evacuation Pause)
[6939.866s][info][gc,task        ] GC(1236) Using 8 workers of 8 for evacuation
[6940.019s][info][gc,phases      ] GC(1236)   Pre Evacuate Collection Set: 0.24ms
[6940.019s][info][gc,phases      ] GC(1236)   Merge Heap Roots: 0.54ms
[6940.019s][info][gc,phases      ] GC(1236)   Evacuate Collection Set: 151.04ms
[6940.019s][info][gc,phases      ] GC(1236)   Post Evacuate Collection Set: 1.02ms
[6940.019s][info][gc,phases      ] GC(1236)   Other: 0.08ms
[6940.019s][info][gc,heap        ] GC(1236) Eden regions: 570->0(570)
[6940.019s][info][gc,heap        ] GC(1236) Survivor regions: 44->44(77)
[6940.019s][info][gc,heap        ] GC(1236) Old regions: 224->231
[6940.019s][info][gc,heap        ] GC(1236) Humongous regions: 33->33
[6940.019s][info][gc,metaspace   ] GC(1236) Metaspace: 29948K(30400K)->29948K(30400K) NonClass: 24540K(24768K)->24540K(24768K) Class: 5408K(5632K)->5408K(5632K)
[6940.019s][info][gc             ] GC(1236) Pause Young (Normal) (G1 Evacuation Pause) 6950M->2446M(8192M) 153.039ms
[6940.019s][info][gc,cpu         ] GC(1236) User=1.21s Sys=0.01s Real=0.15s
...[6943.034s][info][gc,start       ] GC(1237) Pause Young (Normal) (G1 Evacuation Pause)
[6943.034s][info][gc,task        ] GC(1237) Using 8 workers of 8 for evacuation
[6943.189s][info][gc,phases      ] GC(1237)   Pre Evacuate Collection Set: 0.22ms
[6943.189s][info][gc,phases      ] GC(1237)   Merge Heap Roots: 0.50ms
[6943.189s][info][gc,phases      ] GC(1237)   Evacuate Collection Set: 153.06ms
[6943.189s][info][gc,phases      ] GC(1237)   Post Evacuate Collection Set: 0.99ms
[6943.189s][info][gc,phases      ] GC(1237)   Other: 0.06ms
[6943.189s][info][gc,heap        ] GC(1237) Eden regions: 570->0(570)
[6943.189s][info][gc,heap        ] GC(1237) Survivor regions: 44->44(77)
[6943.189s][info][gc,heap        ] GC(1237) Old regions: 231->238
[6943.189s][info][gc,heap        ] GC(1237) Humongous regions: 33->33
[6943.189s][info][gc,metaspace   ] GC(1237) Metaspace: 29948K(30400K)->29948K(30400K) NonClass: 24540K(24768K)->24540K(24768K) Class: 5408K(5632K)->5408K(5632K)
[6943.189s][info][gc             ] GC(1237) Pause Young (Normal) (G1 Evacuation Pause) 7006M->2504M(8192M) 154.950ms
[6943.189s][info][gc,cpu         ] GC(1237) User=1.22s Sys=0.00s Real=0.16s
...[6946.038s][info][gc,start       ] GC(1238) Pause Young (Normal) (G1 Evacuation Pause)
[6946.038s][info][gc,task        ] GC(1238) Using 8 workers of 8 for evacuation
[6946.189s][info][gc,phases      ] GC(1238)   Pre Evacuate Collection Set: 0.22ms
[6946.189s][info][gc,phases      ] GC(1238)   Merge Heap Roots: 0.48ms
[6946.189s][info][gc,phases      ] GC(1238)   Evacuate Collection Set: 149.84ms
[6946.189s][info][gc,phases      ] GC(1238)   Post Evacuate Collection Set: 0.98ms
[6946.189s][info][gc,phases      ] GC(1238)   Other: 0.06ms
[6946.189s][info][gc,heap        ] GC(1238) Eden regions: 570->0(570)
[6946.189s][info][gc,heap        ] GC(1238) Survivor regions: 44->44(77)
[6946.189s][info][gc,heap        ] GC(1238) Old regions: 238->245
[6946.189s][info][gc,heap        ] GC(1238) Humongous regions: 33->33
[6946.189s][info][gc,metaspace   ] GC(1238) Metaspace: 29948K(30400K)->29948K(30400K) NonClass: 24540K(24768K)->24540K(24768K) Class: 5408K(5632K)->5408K(5632K)
[6946.189s][info][gc             ] GC(1238) Pause Young (Normal) (G1 Evacuation Pause) 7064M->2558M(8192M) 151.715ms
[6946.189s][info][gc,cpu         ] GC(1238) User=1.20s Sys=0.01s Real=0.15s
...[6949.161s][info][gc,start       ] GC(1239) Pause Young (Normal) (G1 Evacuation Pause)
[6949.161s][info][gc,task        ] GC(1239) Using 8 workers of 8 for evacuation
[6949.313s][info][gc,phases      ] GC(1239)   Pre Evacuate Collection Set: 0.23ms
[6949.313s][info][gc,phases      ] GC(1239)   Merge Heap Roots: 0.53ms
[6949.313s][info][gc,phases      ] GC(1239)   Evacuate Collection Set: 150.23ms
[6949.313s][info][gc,phases      ] GC(1239)   Post Evacuate Collection Set: 0.98ms
[6949.313s][info][gc,phases      ] GC(1239)   Other: 0.06ms
[6949.313s][info][gc,heap        ] GC(1239) Eden regions: 570->0(570)
[6949.313s][info][gc,heap        ] GC(1239) Survivor regions: 44->44(77)
[6949.313s][info][gc,heap        ] GC(1239) Old regions: 245->252
[6949.313s][info][gc,heap        ] GC(1239) Humongous regions: 33->33
[6949.313s][info][gc,metaspace   ] GC(1239) Metaspace: 29948K(30400K)->29948K(30400K) NonClass: 24540K(24768K)->24540K(24768K) Class: 5408K(5632K)->5408K(5632K)
[6949.313s][info][gc             ] GC(1239) Pause Young (Normal) (G1 Evacuation Pause) 7118M->2615M(8192M) 152.183ms
[6949.313s][info][gc,cpu         ] GC(1239) User=1.20s Sys=0.00s Real=0.15s
...[6952.204s][info][gc,start       ] GC(1240) Pause Young (Normal) (G1 Evacuation Pause)
[6952.204s][info][gc,task        ] GC(1240) Using 8 workers of 8 for evacuation
[6952.356s][info][gc,phases      ] GC(1240)   Pre Evacuate Collection Set: 0.22ms
[6952.356s][info][gc,phases      ] GC(1240)   Merge Heap Roots: 0.49ms
[6952.356s][info][gc,phases      ] GC(1240)   Evacuate Collection Set: 150.84ms
[6952.356s][info][gc,phases      ] GC(1240)   Post Evacuate Collection Set: 1.01ms
[6952.356s][info][gc,phases      ] GC(1240)   Other: 0.07ms
[6952.356s][info][gc,heap        ] GC(1240) Eden regions: 570->0(570)
[6952.356s][info][gc,heap        ] GC(1240) Survivor regions: 44->44(77)
[6952.356s][info][gc,heap        ] GC(1240) Old regions: 252->260
[6952.356s][info][gc,heap        ] GC(1240) Humongous regions: 33->33
[6952.356s][info][gc,metaspace   ] GC(1240) Metaspace: 29948K(30400K)->29948K(30400K) NonClass: 24540K(24768K)->24540K(24768K) Class: 5408K(5632K)->5408K(5632K)
[6952.356s][info][gc             ] GC(1240) Pause Young (Normal) (G1 Evacuation Pause) 7175M->2678M(8192M) 152.763ms
[6952.356s][info][gc,cpu         ] GC(1240) User=1.21s Sys=0.00s Real=0.16s
...[6955.296s][info][gc,start       ] GC(1241) Pause Young (Normal) (G1 Evacuation Pause)
[6955.296s][info][gc,task        ] GC(1241) Using 8 workers of 8 for evacuation
[6955.453s][info][gc,phases      ] GC(1241)   Pre Evacuate Collection Set: 0.23ms
[6955.453s][info][gc,phases      ] GC(1241)   Merge Heap Roots: 0.53ms
[6955.453s][info][gc,phases      ] GC(1241)   Evacuate Collection Set: 155.66ms
[6955.453s][info][gc,phases      ] GC(1241)   Post Evacuate Collection Set: 1.01ms
[6955.453s][info][gc,phases      ] GC(1241)   Other: 0.07ms
[6955.453s][info][gc,heap        ] GC(1241) Eden regions: 570->0(569)
[6955.453s][info][gc,heap        ] GC(1241) Survivor regions: 44->45(77)
[6955.453s][info][gc,heap        ] GC(1241) Old regions: 260->267
[6955.453s][info][gc,heap        ] GC(1241) Humongous regions: 33->33
[6955.453s][info][gc,metaspace   ] GC(1241) Metaspace: 29948K(30400K)->29948K(30400K) NonClass: 24540K(24768K)->24540K(24768K) Class: 5408K(5632K)->5408K(5632K)
[6955.453s][info][gc             ] GC(1241) Pause Young (Normal) (G1 Evacuation Pause) 7238M->2739M(8192M) 157.612ms
[6955.453s][info][gc,cpu         ] GC(1241) User=1.25s Sys=0.00s Real=0.15s
...[6958.338s][info][gc,start       ] GC(1242) Pause Young (Normal) (G1 Evacuation Pause)
[6958.338s][info][gc,task        ] GC(1242) Using 8 workers of 8 for evacuation
[6958.493s][info][gc,phases      ] GC(1242)   Pre Evacuate Collection Set: 0.22ms
[6958.493s][info][gc,phases      ] GC(1242)   Merge Heap Roots: 0.52ms
[6958.493s][info][gc,phases      ] GC(1242)   Evacuate Collection Set: 153.46ms
[6958.493s][info][gc,phases      ] GC(1242)   Post Evacuate Collection Set: 1.00ms
[6958.493s][info][gc,phases      ] GC(1242)   Other: 0.06ms
[6958.493s][info][gc,heap        ] GC(1242) Eden regions: 569->0(570)
[6958.493s][info][gc,heap        ] GC(1242) Survivor regions: 45->44(77)
[6958.493s][info][gc,heap        ] GC(1242) Old regions: 267->274
[6958.493s][info][gc,heap        ] GC(1242) Humongous regions: 33->33
[6958.493s][info][gc,metaspace   ] GC(1242) Metaspace: 29948K(30400K)->29948K(30400K) NonClass: 24540K(24768K)->24540K(24768K) Class: 5408K(5632K)->5408K(5632K)
[6958.493s][info][gc             ] GC(1242) Pause Young (Normal) (G1 Evacuation Pause) 7291M->2789M(8192M) 155.406ms
[6958.493s][info][gc,cpu         ] GC(1242) User=1.22s Sys=0.01s Real=0.15s
...[6961.428s][info][gc,start       ] GC(1243) Pause Young (Normal) (G1 Evacuation Pause)
[6961.428s][info][gc,task        ] GC(1243) Using 8 workers of 8 for evacuation
[6961.579s][info][gc,phases      ] GC(1243)   Pre Evacuate Collection Set: 0.22ms
[6961.579s][info][gc,phases      ] GC(1243)   Merge Heap Roots: 0.52ms
[6961.579s][info][gc,phases      ] GC(1243)   Evacuate Collection Set: 149.04ms
[6961.579s][info][gc,phases      ] GC(1243)   Post Evacuate Collection Set: 0.99ms
[6961.579s][info][gc,phases      ] GC(1243)   Other: 0.07ms
[6961.579s][info][gc,heap        ] GC(1243) Eden regions: 570->0(571)
[6961.579s][info][gc,heap        ] GC(1243) Survivor regions: 44->43(77)
[6961.579s][info][gc,heap        ] GC(1243) Old regions: 274->281
[6961.579s][info][gc,heap        ] GC(1243) Humongous regions: 33->33
[6961.579s][info][gc,metaspace   ] GC(1243) Metaspace: 29948K(30400K)->29948K(30400K) NonClass: 24540K(24768K)->24540K(24768K) Class: 5408K(5632K)->5408K(5632K)
[6961.579s][info][gc             ] GC(1243) Pause Young (Normal) (G1 Evacuation Pause) 7349M->2843M(8192M) 150.971ms
[6961.579s][info][gc,cpu         ] GC(1243) User=1.20s Sys=0.00s Real=0.15s
...[6964.429s][info][gc,start       ] GC(1244) Pause Young (Normal) (G1 Evacuation Pause)
[6964.429s][info][gc,task        ] GC(1244) Using 8 workers of 8 for evacuation
[6964.586s][info][gc,phases      ] GC(1244)   Pre Evacuate Collection Set: 0.20ms
[6964.586s][info][gc,phases      ] GC(1244)   Merge Heap Roots: 0.48ms
[6964.586s][info][gc,phases      ] GC(1244)   Evacuate Collection Set: 155.09ms
[6964.586s][info][gc,phases      ] GC(1244)   Post Evacuate Collection Set: 1.00ms
[6964.586s][info][gc,phases      ] GC(1244)   Other: 0.08ms
[6964.586s][info][gc,heap        ] GC(1244) Eden regions: 571->0(561)
[6964.586s][info][gc,heap        ] GC(1244) Survivor regions: 43->45(77)
[6964.586s][info][gc,heap        ] GC(1244) Old regions: 281->288
[6964.586s][info][gc,heap        ] GC(1244) Humongous regions: 33->33
[6964.586s][info][gc,metaspace   ] GC(1244) Metaspace: 29948K(30400K)->29948K(30400K) NonClass: 24540K(24768K)->24540K(24768K) Class: 5408K(5632K)->5408K(5632K)
[6964.586s][info][gc             ] GC(1244) Pause Young (Normal) (G1 Evacuation Pause) 7411M->2911M(8192M) 156.995ms
[6964.586s][info][gc,cpu         ] GC(1244) User=1.24s Sys=0.00s Real=0.16s
...[6967.391s][info][gc,start       ] GC(1245) Pause Young (Normal) (G1 Evacuation Pause)
[6967.392s][info][gc,task        ] GC(1245) Using 8 workers of 8 for evacuation
[6967.544s][info][gc,phases      ] GC(1245)   Pre Evacuate Collection Set: 0.23ms
[6967.545s][info][gc,phases      ] GC(1245)   Merge Heap Roots: 0.52ms
[6967.545s][info][gc,phases      ] GC(1245)   Evacuate Collection Set: 151.17ms
[6967.545s][info][gc,phases      ] GC(1245)   Post Evacuate Collection Set: 0.99ms
[6967.545s][info][gc,phases      ] GC(1245)   Other: 0.06ms
[6967.545s][info][gc,heap        ] GC(1245) Eden regions: 561->0(553)
[6967.545s][info][gc,heap        ] GC(1245) Survivor regions: 45->45(76)
[6967.545s][info][gc,heap        ] GC(1245) Old regions: 288->296
[6967.545s][info][gc,heap        ] GC(1245) Humongous regions: 33->33
[6967.545s][info][gc,metaspace   ] GC(1245) Metaspace: 29948K(30400K)->29948K(30400K) NonClass: 24540K(24768K)->24540K(24768K) Class: 5408K(5632K)->5408K(5632K)
[6967.545s][info][gc             ] GC(1245) Pause Young (Normal) (G1 Evacuation Pause) 7399M->2968M(8192M) 153.094ms
[6967.545s][info][gc,cpu         ] GC(1245) User=1.21s Sys=0.00s Real=0.16s
...[6970.411s][info][gc,start       ] GC(1246) Pause Young (Normal) (G1 Evacuation Pause)
[6970.411s][info][gc,task        ] GC(1246) Using 8 workers of 8 for evacuation
[6970.562s][info][gc,phases      ] GC(1246)   Pre Evacuate Collection Set: 0.24ms
[6970.562s][info][gc,phases      ] GC(1246)   Merge Heap Roots: 0.53ms
[6970.562s][info][gc,phases      ] GC(1246)   Evacuate Collection Set: 149.48ms
[6970.562s][info][gc,phases      ] GC(1246)   Post Evacuate Collection Set: 0.99ms
[6970.562s][info][gc,phases      ] GC(1246)   Other: 0.06ms
[6970.562s][info][gc,heap        ] GC(1246) Eden regions: 553->0(550)
[6970.562s][info][gc,heap        ] GC(1246) Survivor regions: 45->43(75)
[6970.562s][info][gc,heap        ] GC(1246) Old regions: 296->303
[6970.562s][info][gc,heap        ] GC(1246) Humongous regions: 33->33
[6970.562s][info][gc,metaspace   ] GC(1246) Metaspace: 29948K(30400K)->29948K(30400K) NonClass: 24540K(24768K)->24540K(24768K) Class: 5408K(5632K)->5408K(5632K)
[6970.562s][info][gc             ] GC(1246) Pause Young (Normal) (G1 Evacuation Pause) 7392M->3016M(8192M) 151.435ms
[6970.562s][info][gc,cpu         ] GC(1246) User=1.20s Sys=0.00s Real=0.15s
...[6973.493s][info][gc,start       ] GC(1247) Pause Young (Concurrent Start) (G1 Evacuation Pause)
[6973.493s][info][gc,task        ] GC(1247) Using 8 workers of 8 for evacuation
[6973.643s][info][gc,phases      ] GC(1247)   Pre Evacuate Collection Set: 0.26ms
[6973.643s][info][gc,phases      ] GC(1247)   Merge Heap Roots: 0.51ms
[6973.643s][info][gc,phases      ] GC(1247)   Evacuate Collection Set: 148.42ms
[6973.643s][info][gc,phases      ] GC(1247)   Post Evacuate Collection Set: 0.97ms
[6973.643s][info][gc,phases      ] GC(1247)   Other: 0.08ms
[6973.643s][info][gc,heap        ] GC(1247) Eden regions: 550->0(540)
[6973.643s][info][gc,heap        ] GC(1247) Survivor regions: 43->44(75)
[6973.643s][info][gc,heap        ] GC(1247) Old regions: 303->311
[6973.643s][info][gc,heap        ] GC(1247) Humongous regions: 33->33
[6973.643s][info][gc,metaspace   ] GC(1247) Metaspace: 29948K(30400K)->29948K(30400K) NonClass: 24540K(24768K)->24540K(24768K) Class: 5408K(5632K)->5408K(5632K)
[6973.643s][info][gc             ] GC(1247) Pause Young (Concurrent Start) (G1 Evacuation Pause) 7416M->3082M(8192M) 150.363ms
[6973.643s][info][gc             ] GC(1248) Concurrent Mark Cycle
[6973.643s][info][gc,marking     ] GC(1248) Concurrent Scan Root Regions
[6973.643s][info][gc,cpu         ] GC(1247) User=1.19s Sys=0.00s Real=0.15s
.[6973.949s][info][gc,marking     ] GC(1248) Concurrent Scan Root Regions 305.191ms
[6973.949s][info][gc,marking     ] GC(1248) Concurrent Mark
[6973.949s][info][gc,marking     ] GC(1248) Concurrent Mark From Roots
[6973.949s][info][gc,task        ] GC(1248) Using 2 workers of 2 for marking
.[6975.198s][info][gc,marking     ] GC(1248) Concurrent Mark From Roots 1249.407ms
[6975.198s][info][gc,marking     ] GC(1248) Concurrent Preclean
[6975.198s][info][gc,marking     ] GC(1248) Concurrent Preclean 0.075ms
[6975.198s][info][gc,start       ] GC(1248) Pause Remark
[6975.199s][info][gc             ] GC(1248) Pause Remark 4774M->4206M(8192M) 1.154ms
[6975.199s][info][gc,cpu         ] GC(1248) User=0.00s Sys=0.00s Real=0.00s
[6975.200s][info][gc,marking     ] GC(1248) Concurrent Mark 1250.915ms
[6975.200s][info][gc,marking     ] GC(1248) Concurrent Rebuild Remembered Sets and Scrub Regions
.[6976.049s][info][gc,marking     ] GC(1248) Concurrent Rebuild Remembered Sets and Scrub Regions 849.410ms
[6976.049s][info][gc,start       ] GC(1248) Pause Cleanup
[6976.049s][info][gc             ] GC(1248) Pause Cleanup 5278M->5278M(8192M) 0.265ms
[6976.049s][info][gc,cpu         ] GC(1248) User=0.00s Sys=0.00s Real=0.00s
[6976.051s][info][gc,marking     ] GC(1248) Concurrent Clear Claimed Marks
[6976.051s][info][gc,marking     ] GC(1248) Concurrent Clear Claimed Marks 0.078ms
[6976.051s][info][gc,marking     ] GC(1248) Concurrent Cleanup for Next Mark
[6976.069s][info][gc,marking     ] GC(1248) Concurrent Cleanup for Next Mark 17.767ms
[6976.069s][info][gc             ] GC(1248) Concurrent Mark Cycle 2426.013ms
.[6977.053s][info][gc,start       ] GC(1249) Pause Young (Prepare Mixed) (G1 Evacuation Pause)
[6977.053s][info][gc,task        ] GC(1249) Using 8 workers of 8 for evacuation
[6977.206s][info][gc,phases      ] GC(1249)   Pre Evacuate Collection Set: 0.24ms
[6977.206s][info][gc,phases      ] GC(1249)   Merge Heap Roots: 0.62ms
[6977.206s][info][gc,phases      ] GC(1249)   Evacuate Collection Set: 150.71ms
[6977.206s][info][gc,phases      ] GC(1249)   Post Evacuate Collection Set: 1.08ms
[6977.206s][info][gc,phases      ] GC(1249)   Other: 0.07ms
[6977.206s][info][gc,heap        ] GC(1249) Eden regions: 540->0(570)
[6977.206s][info][gc,heap        ] GC(1249) Survivor regions: 44->44(73)
[6977.206s][info][gc,heap        ] GC(1249) Old regions: 240->247
[6977.206s][info][gc,heap        ] GC(1249) Humongous regions: 33->33
[6977.206s][info][gc,metaspace   ] GC(1249) Metaspace: 29948K(30400K)->29948K(30400K) NonClass: 24540K(24768K)->24540K(24768K) Class: 5408K(5632K)->5408K(5632K)
[6977.206s][info][gc             ] GC(1249) Pause Young (Prepare Mixed) (G1 Evacuation Pause) 6834M->2579M(8192M) 152.866ms
[6977.206s][info][gc,cpu         ] GC(1249) User=1.21s Sys=0.00s Real=0.16s
...[6980.086s][info][gc,start       ] GC(1250) Pause Young (Mixed) (G1 Evacuation Pause)
[6980.086s][info][gc,task        ] GC(1250) Using 8 workers of 8 for evacuation
[6980.249s][info][gc,phases      ] GC(1250)   Pre Evacuate Collection Set: 0.25ms
[6980.249s][info][gc,phases      ] GC(1250)   Merge Heap Roots: 0.82ms
[6980.249s][info][gc,phases      ] GC(1250)   Evacuate Collection Set: 161.16ms
[6980.249s][info][gc,phases      ] GC(1250)   Post Evacuate Collection Set: 1.20ms
[6980.249s][info][gc,phases      ] GC(1250)   Other: 0.08ms
[6980.249s][info][gc,heap        ] GC(1250) Eden regions: 570->0(571)
[6980.249s][info][gc,heap        ] GC(1250) Survivor regions: 44->43(77)
[6980.249s][info][gc,heap        ] GC(1250) Old regions: 247->153
[6980.249s][info][gc,heap        ] GC(1250) Humongous regions: 33->33
[6980.249s][info][gc,metaspace   ] GC(1250) Metaspace: 29948K(30400K)->29948K(30400K) NonClass: 24540K(24768K)->24540K(24768K) Class: 5408K(5632K)->5408K(5632K)
[6980.249s][info][gc             ] GC(1250) Pause Young (Mixed) (G1 Evacuation Pause) 7139M->1814M(8192M) 163.640ms
[6980.249s][info][gc,cpu         ] GC(1250) User=1.30s Sys=0.00s Real=0.16s
...[6983.091s][info][gc,start       ] GC(1251) Pause Young (Mixed) (G1 Evacuation Pause)
[6983.092s][info][gc,task        ] GC(1251) Using 8 workers of 8 for evacuation
[6983.250s][info][gc,phases      ] GC(1251)   Pre Evacuate Collection Set: 0.23ms
[6983.250s][info][gc,phases      ] GC(1251)   Merge Heap Roots: 0.67ms
[6983.250s][info][gc,phases      ] GC(1251)   Evacuate Collection Set: 156.56ms
[6983.250s][info][gc,phases      ] GC(1251)   Post Evacuate Collection Set: 1.01ms
[6983.250s][info][gc,phases      ] GC(1251)   Other: 0.07ms
[6983.250s][info][gc,heap        ] GC(1251) Eden regions: 571->0(570)
[6983.250s][info][gc,heap        ] GC(1251) Survivor regions: 43->44(77)
[6983.250s][info][gc,heap        ] GC(1251) Old regions: 153->145
[6983.250s][info][gc,heap        ] GC(1251) Humongous regions: 33->33
[6983.250s][info][gc,metaspace   ] GC(1251) Metaspace: 29948K(30400K)->29948K(30400K) NonClass: 24540K(24768K)->24540K(24768K) Class: 5408K(5632K)->5408K(5632K)
[6983.250s][info][gc             ] GC(1251) Pause Young (Mixed) (G1 Evacuation Pause) 6382M->1759M(8192M) 158.663ms
[6983.250s][info][gc,cpu         ] GC(1251) User=1.26s Sys=0.00s Real=0.16s
...[6986.166s][info][gc,start       ] GC(1252) Pause Young (Normal) (G1 Evacuation Pause)
[6986.166s][info][gc,task        ] GC(1252) Using 8 workers of 8 for evacuation
[6986.317s][info][gc,phases      ] GC(1252)   Pre Evacuate Collection Set: 0.22ms
[6986.317s][info][gc,phases      ] GC(1252)   Merge Heap Roots: 0.50ms
[6986.317s][info][gc,phases      ] GC(1252)   Evacuate Collection Set: 148.67ms
[6986.317s][info][gc,phases      ] GC(1252)   Post Evacuate Collection Set: 1.00ms
[6986.317s][info][gc,phases      ] GC(1252)   Other: 0.07ms
[6986.317s][info][gc,heap        ] GC(1252) Eden regions: 570->0(570)
[6986.317s][info][gc,heap        ] GC(1252) Survivor regions: 44->44(77)
[6986.317s][info][gc,heap        ] GC(1252) Old regions: 145->152
[6986.317s][info][gc,heap        ] GC(1252) Humongous regions: 33->33
[6986.317s][info][gc,metaspace   ] GC(1252) Metaspace: 29948K(30400K)->29948K(30400K) NonClass: 24540K(24768K)->24540K(24768K) Class: 5408K(5632K)->5408K(5632K)
[6986.317s][info][gc             ] GC(1252) Pause Young (Normal) (G1 Evacuation Pause) 6319M->1815M(8192M) 150.575ms
[6986.317s][info][gc,cpu         ] GC(1252) User=1.19s Sys=0.00s Real=0.15s
...[6989.190s][info][gc,start       ] GC(1253) Pause Young (Normal) (G1 Evacuation Pause)
[6989.190s][info][gc,task        ] GC(1253) Using 8 workers of 8 for evacuation
[6989.347s][info][gc,phases      ] GC(1253)   Pre Evacuate Collection Set: 0.21ms
[6989.347s][info][gc,phases      ] GC(1253)   Merge Heap Roots: 0.54ms
[6989.347s][info][gc,phases      ] GC(1253)   Evacuate Collection Set: 155.16ms
[6989.347s][info][gc,phases      ] GC(1253)   Post Evacuate Collection Set: 0.97ms
[6989.347s][info][gc,phases      ] GC(1253)   Other: 0.06ms
[6989.347s][info][gc,heap        ] GC(1253) Eden regions: 570->0(570)
[6989.347s][info][gc,heap        ] GC(1253) Survivor regions: 44->44(77)
[6989.347s][info][gc,heap        ] GC(1253) Old regions: 152->160
[6989.347s][info][gc,heap        ] GC(1253) Humongous regions: 33->33
[6989.347s][info][gc,metaspace   ] GC(1253) Metaspace: 29948K(30400K)->29948K(30400K) NonClass: 24540K(24768K)->24540K(24768K) Class: 5408K(5632K)->5408K(5632K)
[6989.347s][info][gc             ] GC(1253) Pause Young (Normal) (G1 Evacuation Pause) 6375M->1876M(8192M) 157.073ms
[6989.347s][info][gc,cpu         ] GC(1253) User=1.25s Sys=0.00s Real=0.16s
...[6992.206s][info][gc,start       ] GC(1254) Pause Young (Normal) (G1 Evacuation Pause)
[6992.206s][info][gc,task        ] GC(1254) Using 8 workers of 8 for evacuation
[6992.358s][info][gc,phases      ] GC(1254)   Pre Evacuate Collection Set: 0.22ms
[6992.358s][info][gc,phases      ] GC(1254)   Merge Heap Roots: 0.51ms
[6992.358s][info][gc,phases      ] GC(1254)   Evacuate Collection Set: 150.53ms
[6992.358s][info][gc,phases      ] GC(1254)   Post Evacuate Collection Set: 0.98ms
[6992.358s][info][gc,phases      ] GC(1254)   Other: 0.06ms
[6992.358s][info][gc,heap        ] GC(1254) Eden regions: 570->0(570)
[6992.358s][info][gc,heap        ] GC(1254) Survivor regions: 44->44(77)
[6992.358s][info][gc,heap        ] GC(1254) Old regions: 160->166
[6992.358s][info][gc,heap        ] GC(1254) Humongous regions: 33->33
[6992.358s][info][gc,metaspace   ] GC(1254) Metaspace: 29948K(30400K)->29948K(30400K) NonClass: 24540K(24768K)->24540K(24768K) Class: 5408K(5632K)->5408K(5632K)
[6992.358s][info][gc             ] GC(1254) Pause Young (Normal) (G1 Evacuation Pause) 6436M->1927M(8192M) 152.426ms
[6992.358s][info][gc,cpu         ] GC(1254) User=1.21s Sys=0.00s Real=0.15s
. (rIR:aIR:PR = 12363:12324:12283) (tPR = 184107) [OK] 
  6992s: Performance info:
         Transaction,    Success,    Partial,     Failed,   Receipts, AvgBarcode, 
             Overall,     738581,          0,          0,     702102,      59.48, 
         Response times:
             Request,    Success,    Partial,     Failed,   SkipFail,     Probes,    Samples,      min,      p50,      p90,      p95,      p99,      max, 
       TotalPurchase,     704423,          0,          0,          0,     332305,     528891,      300,    54000,   212000,   276000,   399000,  6800000,
     InStorePurchase,     368572,          0,          0,          0,     174365,     277810,      300,    54000,   211000,   277000,   403000,  6800000,
      OnlinePurchase,     262331,          0,          0,          0,     121710,     193851,      400,    55000,   213000,   276000,   397000,  6800000,
        InstPurchase,      73520,          0,          0,          0,      36230,      57230,      400,    54000,   211000,   276000,   385000,  6800000,
          AssocOfCat,        741,          0,          0,          0,        579,       1017,    45000,   113000,   278200,   336300,   451000,   920000,
      AssocOfProduct,       7444,          0,          0,          0,       3363,       5573,      800,    56000,   215600,   275000,   368000,  4900000,
      BusinessReport,       1851,          0,          0,          0,       1617,       2668,    46000,   118000,   283100,   342000,   439000,  2100000,
          CustBuyBeh,       7454,          0,          0,          0,       3383,       5437,      800,    51000,   215000,   278000,   367620,  2700000,
       ProductReturn,      19133,          0,          0,          0,       9025,      14390,      300,    54000,   218000,   282450,   397090,  2700000,

  6992s: (88%)   IR =  12505 ..[6995.248s][info][gc,start       ] GC(1255) Pause Young (Normal) (G1 Evacuation Pause)
[6995.248s][info][gc,task        ] GC(1255) Using 8 workers of 8 for evacuation
[6995.410s][info][gc,phases      ] GC(1255)   Pre Evacuate Collection Set: 0.25ms
[6995.410s][info][gc,phases      ] GC(1255)   Merge Heap Roots: 0.52ms
[6995.410s][info][gc,phases      ] GC(1255)   Evacuate Collection Set: 159.32ms
[6995.410s][info][gc,phases      ] GC(1255)   Post Evacuate Collection Set: 1.04ms
[6995.410s][info][gc,phases      ] GC(1255)   Other: 0.06ms
[6995.410s][info][gc,heap        ] GC(1255) Eden regions: 570->0(568)
[6995.410s][info][gc,heap        ] GC(1255) Survivor regions: 44->46(77)
[6995.410s][info][gc,heap        ] GC(1255) Old regions: 166->173
[6995.410s][info][gc,heap        ] GC(1255) Humongous regions: 33->33
[6995.410s][info][gc,metaspace   ] GC(1255) Metaspace: 29948K(30400K)->29948K(30400K) NonClass: 24540K(24768K)->24540K(24768K) Class: 5408K(5632K)->5408K(5632K)
[6995.410s][info][gc             ] GC(1255) Pause Young (Normal) (G1 Evacuation Pause) 6487M->2003M(8192M) 161.342ms
[6995.410s][info][gc,cpu         ] GC(1255) User=1.28s Sys=0.00s Real=0.16s
...[6998.334s][info][gc,start       ] GC(1256) Pause Young (Normal) (G1 Evacuation Pause)
[6998.334s][info][gc,task        ] GC(1256) Using 8 workers of 8 for evacuation
[6998.487s][info][gc,phases      ] GC(1256)   Pre Evacuate Collection Set: 0.23ms
[6998.487s][info][gc,phases      ] GC(1256)   Merge Heap Roots: 0.51ms
[6998.487s][info][gc,phases      ] GC(1256)   Evacuate Collection Set: 150.68ms
[6998.487s][info][gc,phases      ] GC(1256)   Post Evacuate Collection Set: 0.98ms
[6998.487s][info][gc,phases      ] GC(1256)   Other: 0.07ms
[6998.487s][info][gc,heap        ] GC(1256) Eden regions: 568->0(570)
[6998.487s][info][gc,heap        ] GC(1256) Survivor regions: 46->44(77)
[6998.487s][info][gc,heap        ] GC(1256) Old regions: 173->181
[6998.487s][info][gc,heap        ] GC(1256) Humongous regions: 33->33
[6998.487s][info][gc,metaspace   ] GC(1256) Metaspace: 29948K(30400K)->29948K(30400K) NonClass: 24540K(24768K)->24540K(24768K) Class: 5408K(5632K)->5408K(5632K)
[6998.487s][info][gc             ] GC(1256) Pause Young (Normal) (G1 Evacuation Pause) 6547M->2044M(8192M) 152.616ms
[6998.487s][info][gc,cpu         ] GC(1256) User=1.20s Sys=0.00s Real=0.16s
...[7001.380s][info][gc,start       ] GC(1257) Pause Young (Normal) (G1 Evacuation Pause)
[7001.380s][info][gc,task        ] GC(1257) Using 8 workers of 8 for evacuation
[7001.533s][info][gc,phases      ] GC(1257)   Pre Evacuate Collection Set: 0.24ms
[7001.533s][info][gc,phases      ] GC(1257)   Merge Heap Roots: 0.50ms
[7001.533s][info][gc,phases      ] GC(1257)   Evacuate Collection Set: 150.77ms
[7001.533s][info][gc,phases      ] GC(1257)   Post Evacuate Collection Set: 0.99ms
[7001.533s][info][gc,phases      ] GC(1257)   Other: 0.07ms
[7001.533s][info][gc,heap        ] GC(1257) Eden regions: 570->0(570)
[7001.533s][info][gc,heap        ] GC(1257) Survivor regions: 44->44(77)
[7001.533s][info][gc,heap        ] GC(1257) Old regions: 181->188
[7001.533s][info][gc,heap        ] GC(1257) Humongous regions: 33->33
[7001.533s][info][gc,metaspace   ] GC(1257) Metaspace: 29948K(30400K)->29948K(30400K) NonClass: 24540K(24768K)->24540K(24768K) Class: 5408K(5632K)->5408K(5632K)
[7001.533s][info][gc             ] GC(1257) Pause Young (Normal) (G1 Evacuation Pause) 6604M->2100M(8192M) 152.697ms
[7001.533s][info][gc,cpu         ] GC(1257) User=1.21s Sys=0.00s Real=0.15s
...|[7004.422s][info][gc,start       ] GC(1258) Pause Young (Normal) (G1 Evacuation Pause)
[7004.422s][info][gc,task        ] GC(1258) Using 8 workers of 8 for evacuation
[7004.580s][info][gc,phases      ] GC(1258)   Pre Evacuate Collection Set: 0.21ms
[7004.580s][info][gc,phases      ] GC(1258)   Merge Heap Roots: 0.53ms
[7004.580s][info][gc,phases      ] GC(1258)   Evacuate Collection Set: 156.37ms
[7004.580s][info][gc,phases      ] GC(1258)   Post Evacuate Collection Set: 0.99ms
[7004.580s][info][gc,phases      ] GC(1258)   Other: 0.06ms
[7004.580s][info][gc,heap        ] GC(1258) Eden regions: 570->0(569)
[7004.580s][info][gc,heap        ] GC(1258) Survivor regions: 44->45(77)
[7004.580s][info][gc,heap        ] GC(1258) Old regions: 188->195
[7004.580s][info][gc,heap        ] GC(1258) Humongous regions: 33->33
[7004.580s][info][gc,metaspace   ] GC(1258) Metaspace: 29948K(30400K)->29948K(30400K) NonClass: 24540K(24768K)->24540K(24768K) Class: 5408K(5632K)->5408K(5632K)
[7004.580s][info][gc             ] GC(1258) Pause Young (Normal) (G1 Evacuation Pause) 6660M->2162M(8192M) 158.305ms
[7004.580s][info][gc,cpu         ] GC(1258) User=1.25s Sys=0.00s Real=0.16s
...[7007.450s][info][gc,start       ] GC(1259) Pause Young (Normal) (G1 Evacuation Pause)
[7007.450s][info][gc,task        ] GC(1259) Using 8 workers of 8 for evacuation
[7007.604s][info][gc,phases      ] GC(1259)   Pre Evacuate Collection Set: 0.21ms
[7007.604s][info][gc,phases      ] GC(1259)   Merge Heap Roots: 0.52ms
[7007.604s][info][gc,phases      ] GC(1259)   Evacuate Collection Set: 152.61ms
[7007.604s][info][gc,phases      ] GC(1259)   Post Evacuate Collection Set: 1.02ms
[7007.604s][info][gc,phases      ] GC(1259)   Other: 0.07ms
[7007.604s][info][gc,heap        ] GC(1259) Eden regions: 569->0(569)
[7007.604s][info][gc,heap        ] GC(1259) Survivor regions: 45->45(77)
[7007.604s][info][gc,heap        ] GC(1259) Old regions: 195->202
[7007.604s][info][gc,heap        ] GC(1259) Humongous regions: 33->33
[7007.604s][info][gc,metaspace   ] GC(1259) Metaspace: 29948K(30400K)->29948K(30400K) NonClass: 24540K(24768K)->24540K(24768K) Class: 5408K(5632K)->5408K(5632K)
[7007.604s][info][gc             ] GC(1259) Pause Young (Normal) (G1 Evacuation Pause) 6714M->2219M(8192M) 154.568ms
[7007.604s][info][gc,cpu         ] GC(1259) User=1.23s Sys=0.00s Real=0.15s
...[7010.506s][info][gc,start       ] GC(1260) Pause Young (Normal) (G1 Evacuation Pause)
[7010.506s][info][gc,task        ] GC(1260) Using 8 workers of 8 for evacuation
[7010.655s][info][gc,phases      ] GC(1260)   Pre Evacuate Collection Set: 0.22ms
[7010.655s][info][gc,phases      ] GC(1260)   Merge Heap Roots: 0.52ms
[7010.655s][info][gc,phases      ] GC(1260)   Evacuate Collection Set: 147.70ms
[7010.655s][info][gc,phases      ] GC(1260)   Post Evacuate Collection Set: 1.00ms
[7010.655s][info][gc,phases      ] GC(1260)   Other: 0.06ms
[7010.655s][info][gc,heap        ] GC(1260) Eden regions: 569->0(571)
[7010.655s][info][gc,heap        ] GC(1260) Survivor regions: 45->43(77)
[7010.655s][info][gc,heap        ] GC(1260) Old regions: 202->209
[7010.655s][info][gc,heap        ] GC(1260) Humongous regions: 33->33
[7010.655s][info][gc,metaspace   ] GC(1260) Metaspace: 29948K(30400K)->29948K(30400K) NonClass: 24540K(24768K)->24540K(24768K) Class: 5408K(5632K)->5408K(5632K)
[7010.655s][info][gc             ] GC(1260) Pause Young (Normal) (G1 Evacuation Pause) 6771M->2262M(8192M) 149.643ms
[7010.656s][info][gc,cpu         ] GC(1260) User=1.19s Sys=0.00s Real=0.15s
...[7013.585s][info][gc,start       ] GC(1261) Pause Young (Normal) (G1 Evacuation Pause)
[7013.585s][info][gc,task        ] GC(1261) Using 8 workers of 8 for evacuation
[7013.731s][info][gc,phases      ] GC(1261)   Pre Evacuate Collection Set: 0.23ms
[7013.731s][info][gc,phases      ] GC(1261)   Merge Heap Roots: 0.51ms
[7013.731s][info][gc,phases      ] GC(1261)   Evacuate Collection Set: 144.13ms
[7013.731s][info][gc,phases      ] GC(1261)   Post Evacuate Collection Set: 1.00ms
[7013.731s][info][gc,phases      ] GC(1261)   Other: 0.06ms
[7013.731s][info][gc,heap        ] GC(1261) Eden regions: 571->0(572)
[7013.731s][info][gc,heap        ] GC(1261) Survivor regions: 43->42(77)
[7013.731s][info][gc,heap        ] GC(1261) Old regions: 209->216
[7013.731s][info][gc,heap        ] GC(1261) Humongous regions: 33->33
[7013.731s][info][gc,metaspace   ] GC(1261) Metaspace: 29948K(30400K)->29948K(30400K) NonClass: 24540K(24768K)->24540K(24768K) Class: 5408K(5632K)->5408K(5632K)
[7013.731s][info][gc             ] GC(1261) Pause Young (Normal) (G1 Evacuation Pause) 6830M->2313M(8192M) 146.072ms
[7013.731s][info][gc,cpu         ] GC(1261) User=1.16s Sys=0.00s Real=0.14s
...[7016.611s][info][gc,start       ] GC(1262) Pause Young (Normal) (G1 Evacuation Pause)
[7016.611s][info][gc,task        ] GC(1262) Using 8 workers of 8 for evacuation
[7016.766s][info][gc,phases      ] GC(1262)   Pre Evacuate Collection Set: 0.21ms
[7016.766s][info][gc,phases      ] GC(1262)   Merge Heap Roots: 0.51ms
[7016.766s][info][gc,phases      ] GC(1262)   Evacuate Collection Set: 152.83ms
[7016.766s][info][gc,phases      ] GC(1262)   Post Evacuate Collection Set: 1.23ms
[7016.766s][info][gc,phases      ] GC(1262)   Other: 0.07ms
[7016.766s][info][gc,heap        ] GC(1262) Eden regions: 572->0(569)
[7016.766s][info][gc,heap        ] GC(1262) Survivor regions: 42->45(77)
[7016.766s][info][gc,heap        ] GC(1262) Old regions: 216->223
[7016.766s][info][gc,heap        ] GC(1262) Humongous regions: 33->33
[7016.766s][info][gc,metaspace   ] GC(1262) Metaspace: 29948K(30400K)->29948K(30400K) NonClass: 24540K(24768K)->24540K(24768K) Class: 5408K(5632K)->5408K(5632K)
[7016.766s][info][gc             ] GC(1262) Pause Young (Normal) (G1 Evacuation Pause) 6889M->2390M(8192M) 154.973ms
[7016.766s][info][gc,cpu         ] GC(1262) User=1.23s Sys=0.00s Real=0.16s
...[7019.667s][info][gc,start       ] GC(1263) Pause Young (Normal) (G1 Evacuation Pause)
[7019.667s][info][gc,task        ] GC(1263) Using 8 workers of 8 for evacuation
[7019.822s][info][gc,phases      ] GC(1263)   Pre Evacuate Collection Set: 0.23ms
[7019.822s][info][gc,phases      ] GC(1263)   Merge Heap Roots: 0.49ms
[7019.822s][info][gc,phases      ] GC(1263)   Evacuate Collection Set: 152.82ms
[7019.822s][info][gc,phases      ] GC(1263)   Post Evacuate Collection Set: 0.99ms
[7019.822s][info][gc,phases      ] GC(1263)   Other: 0.06ms
[7019.822s][info][gc,heap        ] GC(1263) Eden regions: 569->0(569)
[7019.822s][info][gc,heap        ] GC(1263) Survivor regions: 45->45(77)
[7019.822s][info][gc,heap        ] GC(1263) Old regions: 223->230
[7019.822s][info][gc,heap        ] GC(1263) Humongous regions: 33->33
[7019.822s][info][gc,metaspace   ] GC(1263) Metaspace: 29948K(30400K)->29948K(30400K) NonClass: 24540K(24768K)->24540K(24768K) Class: 5408K(5632K)->5408K(5632K)
[7019.822s][info][gc             ] GC(1263) Pause Young (Normal) (G1 Evacuation Pause) 6942M->2444M(8192M) 154.722ms
[7019.822s][info][gc,cpu         ] GC(1263) User=1.22s Sys=0.01s Real=0.15s
...[7022.731s][info][gc,start       ] GC(1264) Pause Young (Normal) (G1 Evacuation Pause)
[7022.731s][info][gc,task        ] GC(1264) Using 8 workers of 8 for evacuation
[7022.882s][info][gc,phases      ] GC(1264)   Pre Evacuate Collection Set: 0.21ms
[7022.882s][info][gc,phases      ] GC(1264)   Merge Heap Roots: 0.50ms
[7022.882s][info][gc,phases      ] GC(1264)   Evacuate Collection Set: 149.33ms
[7022.882s][info][gc,phases      ] GC(1264)   Post Evacuate Collection Set: 1.01ms
[7022.882s][info][gc,phases      ] GC(1264)   Other: 0.08ms
[7022.882s][info][gc,heap        ] GC(1264) Eden regions: 569->0(570)
[7022.882s][info][gc,heap        ] GC(1264) Survivor regions: 45->44(77)
[7022.882s][info][gc,heap        ] GC(1264) Old regions: 230->237
[7022.882s][info][gc,heap        ] GC(1264) Humongous regions: 33->33
[7022.882s][info][gc,metaspace   ] GC(1264) Metaspace: 29948K(30400K)->29948K(30400K) NonClass: 24540K(24768K)->24540K(24768K) Class: 5408K(5632K)->5408K(5632K)
[7022.882s][info][gc             ] GC(1264) Pause Young (Normal) (G1 Evacuation Pause) 6996M->2499M(8192M) 151.257ms
[7022.882s][info][gc,cpu         ] GC(1264) User=1.20s Sys=0.00s Real=0.15s
...[7025.784s][info][gc,start       ] GC(1265) Pause Young (Normal) (G1 Evacuation Pause)
[7025.784s][info][gc,task        ] GC(1265) Using 8 workers of 8 for evacuation
[7025.933s][info][gc,phases      ] GC(1265)   Pre Evacuate Collection Set: 0.22ms
[7025.933s][info][gc,phases      ] GC(1265)   Merge Heap Roots: 0.51ms
[7025.933s][info][gc,phases      ] GC(1265)   Evacuate Collection Set: 146.81ms
[7025.933s][info][gc,phases      ] GC(1265)   Post Evacuate Collection Set: 0.99ms
[7025.933s][info][gc,phases      ] GC(1265)   Other: 0.06ms
[7025.933s][info][gc,heap        ] GC(1265) Eden regions: 570->0(572)
[7025.933s][info][gc,heap        ] GC(1265) Survivor regions: 44->42(77)
[7025.933s][info][gc,heap        ] GC(1265) Old regions: 237->244
[7025.933s][info][gc,heap        ] GC(1265) Humongous regions: 33->33
[7025.933s][info][gc,metaspace   ] GC(1265) Metaspace: 29948K(30400K)->29948K(30400K) NonClass: 24540K(24768K)->24540K(24768K) Class: 5408K(5632K)->5408K(5632K)
[7025.933s][info][gc             ] GC(1265) Pause Young (Normal) (G1 Evacuation Pause) 7059M->2539M(8192M) 148.732ms
[7025.933s][info][gc,cpu         ] GC(1265) User=1.18s Sys=0.00s Real=0.15s
...[7028.783s][info][gc,start       ] GC(1266) Pause Young (Normal) (G1 Evacuation Pause)
[7028.783s][info][gc,task        ] GC(1266) Using 8 workers of 8 for evacuation
[7028.937s][info][gc,phases      ] GC(1266)   Pre Evacuate Collection Set: 0.23ms
[7028.937s][info][gc,phases      ] GC(1266)   Merge Heap Roots: 0.51ms
[7028.937s][info][gc,phases      ] GC(1266)   Evacuate Collection Set: 152.21ms
[7028.937s][info][gc,phases      ] GC(1266)   Post Evacuate Collection Set: 1.00ms
[7028.937s][info][gc,phases      ] GC(1266)   Other: 0.06ms
[7028.937s][info][gc,heap        ] GC(1266) Eden regions: 572->0(569)
[7028.937s][info][gc,heap        ] GC(1266) Survivor regions: 42->45(77)
[7028.937s][info][gc,heap        ] GC(1266) Old regions: 244->251
[7028.937s][info][gc,heap        ] GC(1266) Humongous regions: 33->33
[7028.937s][info][gc,metaspace   ] GC(1266) Metaspace: 29948K(30400K)->29948K(30400K) NonClass: 24540K(24768K)->24540K(24768K) Class: 5408K(5632K)->5408K(5632K)
[7028.937s][info][gc             ] GC(1266) Pause Young (Normal) (G1 Evacuation Pause) 7115M->2615M(8192M) 154.126ms
[7028.937s][info][gc,cpu         ] GC(1266) User=1.22s Sys=0.00s Real=0.16s
...[7031.848s][info][gc,start       ] GC(1267) Pause Young (Normal) (G1 Evacuation Pause)
[7031.848s][info][gc,task        ] GC(1267) Using 8 workers of 8 for evacuation
[7031.998s][info][gc,phases      ] GC(1267)   Pre Evacuate Collection Set: 0.20ms
[7031.998s][info][gc,phases      ] GC(1267)   Merge Heap Roots: 0.47ms
[7031.998s][info][gc,phases      ] GC(1267)   Evacuate Collection Set: 148.42ms
[7031.998s][info][gc,phases      ] GC(1267)   Post Evacuate Collection Set: 0.96ms
[7031.998s][info][gc,phases      ] GC(1267)   Other: 0.06ms
[7031.998s][info][gc,heap        ] GC(1267) Eden regions: 569->0(570)
[7031.998s][info][gc,heap        ] GC(1267) Survivor regions: 45->44(77)
[7031.998s][info][gc,heap        ] GC(1267) Old regions: 251->259
[7031.998s][info][gc,heap        ] GC(1267) Humongous regions: 33->33
[7031.998s][info][gc,metaspace   ] GC(1267) Metaspace: 29948K(30400K)->29948K(30400K) NonClass: 24540K(24768K)->24540K(24768K) Class: 5408K(5632K)->5408K(5632K)
[7031.998s][info][gc             ] GC(1267) Pause Young (Normal) (G1 Evacuation Pause) 7167M->2664M(8192M) 150.242ms
[7031.998s][info][gc,cpu         ] GC(1267) User=1.20s Sys=0.00s Real=0.15s
...[7034.861s][info][gc,start       ] GC(1268) Pause Young (Normal) (G1 Evacuation Pause)
[7034.861s][info][gc,task        ] GC(1268) Using 8 workers of 8 for evacuation
[7035.018s][info][gc,phases      ] GC(1268)   Pre Evacuate Collection Set: 0.20ms
[7035.018s][info][gc,phases      ] GC(1268)   Merge Heap Roots: 0.48ms
[7035.018s][info][gc,phases      ] GC(1268)   Evacuate Collection Set: 155.32ms
[7035.018s][info][gc,phases      ] GC(1268)   Post Evacuate Collection Set: 1.00ms
[7035.018s][info][gc,phases      ] GC(1268)   Other: 0.06ms
[7035.018s][info][gc,heap        ] GC(1268) Eden regions: 570->0(569)
[7035.018s][info][gc,heap        ] GC(1268) Survivor regions: 44->45(77)
[7035.018s][info][gc,heap        ] GC(1268) Old regions: 259->266
[7035.018s][info][gc,heap        ] GC(1268) Humongous regions: 33->33
[7035.018s][info][gc,metaspace   ] GC(1268) Metaspace: 29948K(30400K)->29948K(30400K) NonClass: 24540K(24768K)->24540K(24768K) Class: 5408K(5632K)->5408K(5632K)
[7035.018s][info][gc             ] GC(1268) Pause Young (Normal) (G1 Evacuation Pause) 7224M->2734M(8192M) 157.222ms
[7035.018s][info][gc,cpu         ] GC(1268) User=1.24s Sys=0.00s Real=0.16s
...[7037.947s][info][gc,start       ] GC(1269) Pause Young (Normal) (G1 Evacuation Pause)
[7037.947s][info][gc,task        ] GC(1269) Using 8 workers of 8 for evacuation
[7038.098s][info][gc,phases      ] GC(1269)   Pre Evacuate Collection Set: 0.21ms
[7038.098s][info][gc,phases      ] GC(1269)   Merge Heap Roots: 0.53ms
[7038.098s][info][gc,phases      ] GC(1269)   Evacuate Collection Set: 148.81ms
[7038.098s][info][gc,phases      ] GC(1269)   Post Evacuate Collection Set: 0.98ms
[7038.098s][info][gc,phases      ] GC(1269)   Other: 0.06ms
[7038.098s][info][gc,heap        ] GC(1269) Eden regions: 569->0(570)
[7038.098s][info][gc,heap        ] GC(1269) Survivor regions: 45->44(77)
[7038.098s][info][gc,heap        ] GC(1269) Old regions: 266->273
[7038.098s][info][gc,heap        ] GC(1269) Humongous regions: 33->33
[7038.098s][info][gc,metaspace   ] GC(1269) Metaspace: 29948K(30400K)->29948K(30400K) NonClass: 24540K(24768K)->24540K(24768K) Class: 5408K(5632K)->5408K(5632K)
[7038.098s][info][gc             ] GC(1269) Pause Young (Normal) (G1 Evacuation Pause) 7286M->2776M(8192M) 150.715ms
[7038.098s][info][gc,cpu         ] GC(1269) User=1.19s Sys=0.00s Real=0.15s
...[7041.047s][info][gc,start       ] GC(1270) Pause Young (Normal) (G1 Evacuation Pause)
[7041.047s][info][gc,task        ] GC(1270) Using 8 workers of 8 for evacuation
[7041.204s][info][gc,phases      ] GC(1270)   Pre Evacuate Collection Set: 0.22ms
[7041.204s][info][gc,phases      ] GC(1270)   Merge Heap Roots: 0.50ms
[7041.204s][info][gc,phases      ] GC(1270)   Evacuate Collection Set: 155.40ms
[7041.204s][info][gc,phases      ] GC(1270)   Post Evacuate Collection Set: 0.98ms
[7041.204s][info][gc,phases      ] GC(1270)   Other: 0.06ms
[7041.204s][info][gc,heap        ] GC(1270) Eden regions: 570->0(567)
[7041.204s][info][gc,heap        ] GC(1270) Survivor regions: 44->46(77)
[7041.204s][info][gc,heap        ] GC(1270) Old regions: 273->280
[7041.204s][info][gc,heap        ] GC(1270) Humongous regions: 33->33
[7041.204s][info][gc,metaspace   ] GC(1270) Metaspace: 29948K(30400K)->29948K(30400K) NonClass: 24540K(24768K)->24540K(24768K) Class: 5408K(5632K)->5408K(5632K)
[7041.204s][info][gc             ] GC(1270) Pause Young (Normal) (G1 Evacuation Pause) 7336M->2854M(8192M) 157.308ms
[7041.204s][info][gc,cpu         ] GC(1270) User=1.25s Sys=0.01s Real=0.16s
...[7044.066s][info][gc,start       ] GC(1271) Pause Young (Normal) (G1 Evacuation Pause)
[7044.066s][info][gc,task        ] GC(1271) Using 8 workers of 8 for evacuation
[7044.218s][info][gc,phases      ] GC(1271)   Pre Evacuate Collection Set: 0.21ms
[7044.218s][info][gc,phases      ] GC(1271)   Merge Heap Roots: 0.49ms
[7044.218s][info][gc,phases      ] GC(1271)   Evacuate Collection Set: 150.05ms
[7044.218s][info][gc,phases      ] GC(1271)   Post Evacuate Collection Set: 0.98ms
[7044.218s][info][gc,phases      ] GC(1271)   Other: 0.07ms
[7044.218s][info][gc,heap        ] GC(1271) Eden regions: 567->0(564)
[7044.218s][info][gc,heap        ] GC(1271) Survivor regions: 46->44(77)
[7044.218s][info][gc,heap        ] GC(1271) Old regions: 280->287
[7044.218s][info][gc,heap        ] GC(1271) Humongous regions: 33->33
[7044.218s][info][gc,metaspace   ] GC(1271) Metaspace: 29948K(30400K)->29948K(30400K) NonClass: 24540K(24768K)->24540K(24768K) Class: 5408K(5632K)->5408K(5632K)
[7044.218s][info][gc             ] GC(1271) Pause Young (Normal) (G1 Evacuation Pause) 7390M->2892M(8192M) 151.925ms
[7044.218s][info][gc,cpu         ] GC(1271) User=1.20s Sys=0.00s Real=0.15s
...[7047.067s][info][gc,start       ] GC(1272) Pause Young (Normal) (G1 Evacuation Pause)
[7047.067s][info][gc,task        ] GC(1272) Using 8 workers of 8 for evacuation
[7047.223s][info][gc,phases      ] GC(1272)   Pre Evacuate Collection Set: 0.21ms
[7047.223s][info][gc,phases      ] GC(1272)   Merge Heap Roots: 0.50ms
[7047.223s][info][gc,phases      ] GC(1272)   Evacuate Collection Set: 153.75ms
[7047.223s][info][gc,phases      ] GC(1272)   Post Evacuate Collection Set: 0.96ms
[7047.223s][info][gc,phases      ] GC(1272)   Other: 0.07ms
[7047.223s][info][gc,heap        ] GC(1272) Eden regions: 564->0(555)
[7047.223s][info][gc,heap        ] GC(1272) Survivor regions: 44->45(76)
[7047.223s][info][gc,heap        ] GC(1272) Old regions: 287->294
[7047.223s][info][gc,heap        ] GC(1272) Humongous regions: 33->33
[7047.223s][info][gc,metaspace   ] GC(1272) Metaspace: 29948K(30400K)->29948K(30400K) NonClass: 24540K(24768K)->24540K(24768K) Class: 5408K(5632K)->5408K(5632K)
[7047.223s][info][gc             ] GC(1272) Pause Young (Normal) (G1 Evacuation Pause) 7404M->2958M(8192M) 155.622ms
[7047.223s][info][gc,cpu         ] GC(1272) User=1.23s Sys=0.00s Real=0.15s
...[7050.118s][info][gc,start       ] GC(1273) Pause Young (Normal) (G1 Evacuation Pause)
[7050.118s][info][gc,task        ] GC(1273) Using 8 workers of 8 for evacuation
[7050.267s][info][gc,phases      ] GC(1273)   Pre Evacuate Collection Set: 0.21ms
[7050.267s][info][gc,phases      ] GC(1273)   Merge Heap Roots: 0.52ms
[7050.267s][info][gc,phases      ] GC(1273)   Evacuate Collection Set: 147.03ms
[7050.267s][info][gc,phases      ] GC(1273)   Post Evacuate Collection Set: 0.97ms
[7050.267s][info][gc,phases      ] GC(1273)   Other: 0.06ms
[7050.267s][info][gc,heap        ] GC(1273) Eden regions: 555->0(554)
[7050.267s][info][gc,heap        ] GC(1273) Survivor regions: 45->42(75)
[7050.267s][info][gc,heap        ] GC(1273) Old regions: 294->301
[7050.267s][info][gc,heap        ] GC(1273) Humongous regions: 33->33
[7050.267s][info][gc,metaspace   ] GC(1273) Metaspace: 29948K(30400K)->29948K(30400K) NonClass: 24540K(24768K)->24540K(24768K) Class: 5408K(5632K)->5408K(5632K)
[7050.267s][info][gc             ] GC(1273) Pause Young (Normal) (G1 Evacuation Pause) 7398M->2995M(8192M) 148.961ms
[7050.267s][info][gc,cpu         ] GC(1273) User=1.18s Sys=0.00s Real=0.15s
...[7053.088s][info][gc,start       ] GC(1274) Pause Young (Normal) (G1 Evacuation Pause)
[7053.088s][info][gc,task        ] GC(1274) Using 8 workers of 8 for evacuation
[7053.235s][info][gc,phases      ] GC(1274)   Pre Evacuate Collection Set: 0.21ms
[7053.235s][info][gc,phases      ] GC(1274)   Merge Heap Roots: 0.51ms
[7053.235s][info][gc,phases      ] GC(1274)   Evacuate Collection Set: 144.65ms
[7053.235s][info][gc,phases      ] GC(1274)   Post Evacuate Collection Set: 0.96ms
[7053.235s][info][gc,phases      ] GC(1274)   Other: 0.07ms
[7053.235s][info][gc,heap        ] GC(1274) Eden regions: 554->0(548)
[7053.235s][info][gc,heap        ] GC(1274) Survivor regions: 42->41(75)
[7053.235s][info][gc,heap        ] GC(1274) Old regions: 301->309
[7053.235s][info][gc,heap        ] GC(1274) Humongous regions: 33->33
[7053.235s][info][gc,metaspace   ] GC(1274) Metaspace: 29948K(30400K)->29948K(30400K) NonClass: 24540K(24768K)->24540K(24768K) Class: 5408K(5632K)->5408K(5632K)
[7053.235s][info][gc             ] GC(1274) Pause Young (Normal) (G1 Evacuation Pause) 7427M->3047M(8192M) 146.536ms
[7053.235s][info][gc,cpu         ] GC(1274) User=1.16s Sys=0.00s Real=0.15s
...[7055.995s][info][gc,start       ] GC(1275) Pause Young (Concurrent Start) (G1 Evacuation Pause)
[7055.995s][info][gc,task        ] GC(1275) Using 8 workers of 8 for evacuation
[7056.143s][info][gc,phases      ] GC(1275)   Pre Evacuate Collection Set: 0.26ms
[7056.143s][info][gc,phases      ] GC(1275)   Merge Heap Roots: 0.51ms
[7056.143s][info][gc,phases      ] GC(1275)   Evacuate Collection Set: 146.52ms
[7056.143s][info][gc,phases      ] GC(1275)   Post Evacuate Collection Set: 0.95ms
[7056.143s][info][gc,phases      ] GC(1275)   Other: 0.07ms
[7056.143s][info][gc,heap        ] GC(1275) Eden regions: 548->0(537)
[7056.143s][info][gc,heap        ] GC(1275) Survivor regions: 41->43(74)
[7056.143s][info][gc,heap        ] GC(1275) Old regions: 309->316
[7056.143s][info][gc,heap        ] GC(1275) Humongous regions: 33->33
[7056.143s][info][gc,metaspace   ] GC(1275) Metaspace: 29948K(30400K)->29948K(30400K) NonClass: 24540K(24768K)->24540K(24768K) Class: 5408K(5632K)->5408K(5632K)
[7056.143s][info][gc             ] GC(1275) Pause Young (Concurrent Start) (G1 Evacuation Pause) 7431M->3115M(8192M) 148.441ms
[7056.143s][info][gc             ] GC(1276) Concurrent Mark Cycle
[7056.143s][info][gc,marking     ] GC(1276) Concurrent Scan Root Regions
[7056.143s][info][gc,cpu         ] GC(1275) User=1.17s Sys=0.00s Real=0.14s
.[7056.475s][info][gc,marking     ] GC(1276) Concurrent Scan Root Regions 332.148ms
[7056.475s][info][gc,marking     ] GC(1276) Concurrent Mark
[7056.475s][info][gc,marking     ] GC(1276) Concurrent Mark From Roots
[7056.475s][info][gc,task        ] GC(1276) Using 2 workers of 2 for marking
.[7057.761s][info][gc,marking     ] GC(1276) Concurrent Mark From Roots 1285.236ms
[7057.761s][info][gc,marking     ] GC(1276) Concurrent Preclean
[7057.761s][info][gc,marking     ] GC(1276) Concurrent Preclean 0.115ms
[7057.761s][info][gc,start       ] GC(1276) Pause Remark
[7057.763s][info][gc             ] GC(1276) Pause Remark 4920M->4312M(8192M) 1.967ms
[7057.763s][info][gc,cpu         ] GC(1276) User=0.01s Sys=0.00s Real=0.00s
[7057.763s][info][gc,marking     ] GC(1276) Concurrent Mark 1287.631ms
[7057.763s][info][gc,marking     ] GC(1276) Concurrent Rebuild Remembered Sets and Scrub Regions
.[7058.354s][info][gc,marking     ] GC(1276) Concurrent Rebuild Remembered Sets and Scrub Regions 591.125ms
[7058.354s][info][gc,start       ] GC(1276) Pause Cleanup
[7058.354s][info][gc             ] GC(1276) Pause Cleanup 5035M->5035M(8192M) 0.264ms
[7058.355s][info][gc,cpu         ] GC(1276) User=0.00s Sys=0.00s Real=0.01s
[7058.355s][info][gc,marking     ] GC(1276) Concurrent Clear Claimed Marks
[7058.355s][info][gc,marking     ] GC(1276) Concurrent Clear Claimed Marks 0.041ms
[7058.355s][info][gc,marking     ] GC(1276) Concurrent Cleanup for Next Mark
[7058.366s][info][gc,marking     ] GC(1276) Concurrent Cleanup for Next Mark 10.915ms
[7058.366s][info][gc             ] GC(1276) Concurrent Mark Cycle 2222.545ms
.[7059.531s][info][gc,start       ] GC(1277) Pause Young (Prepare Mixed) (G1 Evacuation Pause)
[7059.531s][info][gc,task        ] GC(1277) Using 8 workers of 8 for evacuation
[7059.684s][info][gc,phases      ] GC(1277)   Pre Evacuate Collection Set: 0.25ms
[7059.684s][info][gc,phases      ] GC(1277)   Merge Heap Roots: 0.77ms
[7059.684s][info][gc,phases      ] GC(1277)   Evacuate Collection Set: 150.49ms
[7059.684s][info][gc,phases      ] GC(1277)   Post Evacuate Collection Set: 1.09ms
[7059.684s][info][gc,phases      ] GC(1277)   Other: 0.07ms
[7059.684s][info][gc,heap        ] GC(1277) Eden regions: 537->0(571)
[7059.684s][info][gc,heap        ] GC(1277) Survivor regions: 43->43(73)
[7059.684s][info][gc,heap        ] GC(1277) Old regions: 240->247
[7059.684s][info][gc,heap        ] GC(1277) Humongous regions: 33->33
[7059.684s][info][gc,metaspace   ] GC(1277) Metaspace: 29948K(30400K)->29948K(30400K) NonClass: 24540K(24768K)->24540K(24768K) Class: 5408K(5632K)->5408K(5632K)
[7059.684s][info][gc             ] GC(1277) Pause Young (Prepare Mixed) (G1 Evacuation Pause) 6803M->2567M(8192M) 152.804ms
[7059.684s][info][gc,cpu         ] GC(1277) User=1.21s Sys=0.00s Real=0.15s
...[7062.584s][info][gc,start       ] GC(1278) Pause Young (Mixed) (G1 Evacuation Pause)
[7062.584s][info][gc,task        ] GC(1278) Using 8 workers of 8 for evacuation
[7062.742s][info][gc,phases      ] GC(1278)   Pre Evacuate Collection Set: 0.26ms
[7062.742s][info][gc,phases      ] GC(1278)   Merge Heap Roots: 0.82ms
[7062.742s][info][gc,phases      ] GC(1278)   Evacuate Collection Set: 155.56ms
[7062.742s][info][gc,phases      ] GC(1278)   Post Evacuate Collection Set: 1.20ms
[7062.742s][info][gc,phases      ] GC(1278)   Other: 0.07ms
[7062.742s][info][gc,heap        ] GC(1278) Eden regions: 571->0(572)
[7062.742s][info][gc,heap        ] GC(1278) Survivor regions: 43->42(77)
[7062.742s][info][gc,heap        ] GC(1278) Old regions: 247->153
[7062.742s][info][gc,heap        ] GC(1278) Humongous regions: 33->33
[7062.742s][info][gc,metaspace   ] GC(1278) Metaspace: 29948K(30400K)->29948K(30400K) NonClass: 24540K(24768K)->24540K(24768K) Class: 5408K(5632K)->5408K(5632K)
[7062.742s][info][gc             ] GC(1278) Pause Young (Mixed) (G1 Evacuation Pause) 7135M->1808M(8192M) 158.061ms
[7062.742s][info][gc,cpu         ] GC(1278) User=1.25s Sys=0.00s Real=0.16s
... (rIR:aIR:PR = 12505:12573:12386) (tPR = 183333) [OK] 
  7065s: Performance info:
         Transaction,    Success,    Partial,     Failed,   Receipts, AvgBarcode, 
             Overall,     759406,          0,          0,     721367,      59.47, 
         Response times:
             Request,    Success,    Partial,     Failed,   SkipFail,     Probes,    Samples,      min,      p50,      p90,      p95,      p99,      max, 
       TotalPurchase,     732303,          0,          0,          0,     302525,     434651,      400,   119000,   302000,   371000,   544000,  6700000,
     InStorePurchase,     386994,          0,          0,          0,     157229,     228005,      400,   119000,   301000,   368000,   540000,  6700000,
      OnlinePurchase,     268715,          0,          0,          0,     111021,     160590,      400,   121000,   300000,   373000,   553090,  6700000,
        InstPurchase,      76594,          0,          0,          0,      34275,      46056,      600,   118000,   310000,   377000,   534000,  5400000,
          AssocOfCat,        767,          0,          0,          0,        584,        852,    49000,   186500,   374700,   434400,   565880,  3200000,
      AssocOfProduct,       7616,          0,          0,          0,       3265,       4632,     1300,   116000,   303000,   360350,   522000,  3900000,
      BusinessReport,       1914,          0,          0,          0,       1599,       2271,    60000,   189000,   380000,   451400,   565960,  5400000,
          CustBuyBeh,       7702,          0,          0,          0,       3288,       4679,     1100,   116000,   293000,   354000,   598000,  3200000,
       ProductReturn,      20537,          0,          0,          0,       9126,      12116,      400,   120000,   309000,   399150,   544000,  3900000,

  7065s: (89%)   IR =  12647 [7065.654s][info][gc,start       ] GC(1279) Pause Young (Mixed) (G1 Evacuation Pause)
[7065.654s][info][gc,task        ] GC(1279) Using 8 workers of 8 for evacuation
[7065.814s][info][gc,phases      ] GC(1279)   Pre Evacuate Collection Set: 0.23ms
[7065.814s][info][gc,phases      ] GC(1279)   Merge Heap Roots: 0.73ms
[7065.814s][info][gc,phases      ] GC(1279)   Evacuate Collection Set: 157.69ms
[7065.814s][info][gc,phases      ] GC(1279)   Post Evacuate Collection Set: 1.05ms
[7065.814s][info][gc,phases      ] GC(1279)   Other: 0.08ms
[7065.814s][info][gc,heap        ] GC(1279) Eden regions: 572->0(570)
[7065.814s][info][gc,heap        ] GC(1279) Survivor regions: 42->44(77)
[7065.814s][info][gc,heap        ] GC(1279) Old regions: 153->144
[7065.814s][info][gc,heap        ] GC(1279) Humongous regions: 33->33
[7065.814s][info][gc,metaspace   ] GC(1279) Metaspace: 29948K(30400K)->29948K(30400K) NonClass: 24540K(24768K)->24540K(24768K) Class: 5408K(5632K)->5408K(5632K)
[7065.814s][info][gc             ] GC(1279) Pause Young (Mixed) (G1 Evacuation Pause) 6384M->1750M(8192M) 159.922ms
[7065.814s][info][gc,cpu         ] GC(1279) User=1.27s Sys=0.00s Real=0.16s
...[7068.704s][info][gc,start       ] GC(1280) Pause Young (Normal) (G1 Evacuation Pause)
[7068.704s][info][gc,task        ] GC(1280) Using 8 workers of 8 for evacuation
[7068.859s][info][gc,phases      ] GC(1280)   Pre Evacuate Collection Set: 0.22ms
[7068.859s][info][gc,phases      ] GC(1280)   Merge Heap Roots: 0.52ms
[7068.859s][info][gc,phases      ] GC(1280)   Evacuate Collection Set: 153.20ms
[7068.859s][info][gc,phases      ] GC(1280)   Post Evacuate Collection Set: 1.00ms
[7068.859s][info][gc,phases      ] GC(1280)   Other: 0.06ms
[7068.859s][info][gc,heap        ] GC(1280) Eden regions: 570->0(569)
[7068.859s][info][gc,heap        ] GC(1280) Survivor regions: 44->45(77)
[7068.859s][info][gc,heap        ] GC(1280) Old regions: 144->151
[7068.859s][info][gc,heap        ] GC(1280) Humongous regions: 33->33
[7068.859s][info][gc,metaspace   ] GC(1280) Metaspace: 29948K(30400K)->29948K(30400K) NonClass: 24540K(24768K)->24540K(24768K) Class: 5408K(5632K)->5408K(5632K)
[7068.859s][info][gc             ] GC(1280) Pause Young (Normal) (G1 Evacuation Pause) 6310M->1810M(8192M) 155.132ms
[7068.859s][info][gc,cpu         ] GC(1280) User=1.23s Sys=0.00s Real=0.16s
...[7071.758s][info][gc,start       ] GC(1281) Pause Young (Normal) (G1 Evacuation Pause)
[7071.758s][info][gc,task        ] GC(1281) Using 8 workers of 8 for evacuation
[7071.908s][info][gc,phases      ] GC(1281)   Pre Evacuate Collection Set: 0.21ms
[7071.908s][info][gc,phases      ] GC(1281)   Merge Heap Roots: 0.48ms
[7071.908s][info][gc,phases      ] GC(1281)   Evacuate Collection Set: 148.15ms
[7071.908s][info][gc,phases      ] GC(1281)   Post Evacuate Collection Set: 0.99ms
[7071.908s][info][gc,phases      ] GC(1281)   Other: 0.06ms
[7071.908s][info][gc,heap        ] GC(1281) Eden regions: 569->0(570)
[7071.908s][info][gc,heap        ] GC(1281) Survivor regions: 45->44(77)
[7071.908s][info][gc,heap        ] GC(1281) Old regions: 151->158
[7071.908s][info][gc,heap        ] GC(1281) Humongous regions: 33->33
[7071.908s][info][gc,metaspace   ] GC(1281) Metaspace: 29948K(30400K)->29948K(30400K) NonClass: 24540K(24768K)->24540K(24768K) Class: 5408K(5632K)->5408K(5632K)
[7071.908s][info][gc             ] GC(1281) Pause Young (Normal) (G1 Evacuation Pause) 6362M->1866M(8192M) 150.033ms
[7071.908s][info][gc,cpu         ] GC(1281) User=1.19s Sys=0.00s Real=0.15s
...[7074.809s][info][gc,start       ] GC(1282) Pause Young (Normal) (G1 Evacuation Pause)
[7074.809s][info][gc,task        ] GC(1282) Using 8 workers of 8 for evacuation
[7074.965s][info][gc,phases      ] GC(1282)   Pre Evacuate Collection Set: 0.21ms
[7074.965s][info][gc,phases      ] GC(1282)   Merge Heap Roots: 0.50ms
[7074.965s][info][gc,phases      ] GC(1282)   Evacuate Collection Set: 154.60ms
[7074.965s][info][gc,phases      ] GC(1282)   Post Evacuate Collection Set: 0.98ms
[7074.965s][info][gc,phases      ] GC(1282)   Other: 0.06ms
[7074.965s][info][gc,heap        ] GC(1282) Eden regions: 570->0(569)
[7074.965s][info][gc,heap        ] GC(1282) Survivor regions: 44->45(77)
[7074.965s][info][gc,heap        ] GC(1282) Old regions: 158->166
[7074.965s][info][gc,heap        ] GC(1282) Humongous regions: 33->33
[7074.965s][info][gc,metaspace   ] GC(1282) Metaspace: 29948K(30400K)->29948K(30400K) NonClass: 24540K(24768K)->24540K(24768K) Class: 5408K(5632K)->5408K(5632K)
[7074.965s][info][gc             ] GC(1282) Pause Young (Normal) (G1 Evacuation Pause) 6426M->1930M(8192M) 156.480ms
[7074.965s][info][gc,cpu         ] GC(1282) User=1.24s Sys=0.00s Real=0.16s
...[7077.828s][info][gc,start       ] GC(1283) Pause Young (Normal) (G1 Evacuation Pause)
[7077.828s][info][gc,task        ] GC(1283) Using 8 workers of 8 for evacuation
[7077.978s][info][gc,phases      ] GC(1283)   Pre Evacuate Collection Set: 0.23ms
[7077.978s][info][gc,phases      ] GC(1283)   Merge Heap Roots: 0.50ms
[7077.978s][info][gc,phases      ] GC(1283)   Evacuate Collection Set: 148.20ms
[7077.978s][info][gc,phases      ] GC(1283)   Post Evacuate Collection Set: 0.98ms
[7077.978s][info][gc,phases      ] GC(1283)   Other: 0.09ms
[7077.978s][info][gc,heap        ] GC(1283) Eden regions: 569->0(570)
[7077.978s][info][gc,heap        ] GC(1283) Survivor regions: 45->44(77)
[7077.978s][info][gc,heap        ] GC(1283) Old regions: 166->173
[7077.978s][info][gc,heap        ] GC(1283) Humongous regions: 33->33
[7077.979s][info][gc,metaspace   ] GC(1283) Metaspace: 29948K(30400K)->29948K(30400K) NonClass: 24540K(24768K)->24540K(24768K) Class: 5408K(5632K)->5408K(5632K)
[7077.979s][info][gc             ] GC(1283) Pause Young (Normal) (G1 Evacuation Pause) 6482M->1980M(8192M) 150.139ms
[7077.979s][info][gc,cpu         ] GC(1283) User=1.19s Sys=0.00s Real=0.15s
...[7080.936s][info][gc,start       ] GC(1284) Pause Young (Normal) (G1 Evacuation Pause)
[7080.936s][info][gc,task        ] GC(1284) Using 8 workers of 8 for evacuation
[7081.099s][info][gc,phases      ] GC(1284)   Pre Evacuate Collection Set: 0.21ms
[7081.099s][info][gc,phases      ] GC(1284)   Merge Heap Roots: 0.52ms
[7081.099s][info][gc,phases      ] GC(1284)   Evacuate Collection Set: 161.38ms
[7081.099s][info][gc,phases      ] GC(1284)   Post Evacuate Collection Set: 0.98ms
[7081.099s][info][gc,phases      ] GC(1284)   Other: 0.06ms
[7081.099s][info][gc,heap        ] GC(1284) Eden regions: 570->0(567)
[7081.099s][info][gc,heap        ] GC(1284) Survivor regions: 44->47(77)
[7081.099s][info][gc,heap        ] GC(1284) Old regions: 173->180
[7081.099s][info][gc,heap        ] GC(1284) Humongous regions: 33->33
[7081.099s][info][gc,metaspace   ] GC(1284) Metaspace: 29948K(30400K)->29948K(30400K) NonClass: 24540K(24768K)->24540K(24768K) Class: 5408K(5632K)->5408K(5632K)
[7081.099s][info][gc             ] GC(1284) Pause Young (Normal) (G1 Evacuation Pause) 6540M->2067M(8192M) 163.298ms
[7081.099s][info][gc,cpu         ] GC(1284) User=1.30s Sys=0.00s Real=0.16s
...[7084.040s][info][gc,start       ] GC(1285) Pause Young (Normal) (G1 Evacuation Pause)
[7084.041s][info][gc,task        ] GC(1285) Using 8 workers of 8 for evacuation
[7084.188s][info][gc,phases      ] GC(1285)   Pre Evacuate Collection Set: 0.23ms
[7084.188s][info][gc,phases      ] GC(1285)   Merge Heap Roots: 0.50ms
[7084.188s][info][gc,phases      ] GC(1285)   Evacuate Collection Set: 145.80ms
[7084.188s][info][gc,phases      ] GC(1285)   Post Evacuate Collection Set: 0.98ms
[7084.188s][info][gc,phases      ] GC(1285)   Other: 0.06ms
[7084.188s][info][gc,heap        ] GC(1285) Eden regions: 567->0(571)
[7084.188s][info][gc,heap        ] GC(1285) Survivor regions: 47->43(77)
[7084.188s][info][gc,heap        ] GC(1285) Old regions: 180->187
[7084.188s][info][gc,heap        ] GC(1285) Humongous regions: 33->33
[7084.188s][info][gc,metaspace   ] GC(1285) Metaspace: 29948K(30400K)->29948K(30400K) NonClass: 24540K(24768K)->24540K(24768K) Class: 5408K(5632K)->5408K(5632K)
[7084.188s][info][gc             ] GC(1285) Pause Young (Normal) (G1 Evacuation Pause) 6603M->2091M(8192M) 147.690ms
[7084.188s][info][gc,cpu         ] GC(1285) User=1.17s Sys=0.00s Real=0.15s
...[7087.079s][info][gc,start       ] GC(1286) Pause Young (Normal) (G1 Evacuation Pause)
[7087.079s][info][gc,task        ] GC(1286) Using 8 workers of 8 for evacuation
[7087.233s][info][gc,phases      ] GC(1286)   Pre Evacuate Collection Set: 0.23ms
[7087.233s][info][gc,phases      ] GC(1286)   Merge Heap Roots: 0.52ms
[7087.233s][info][gc,phases      ] GC(1286)   Evacuate Collection Set: 152.55ms
[7087.233s][info][gc,phases      ] GC(1286)   Post Evacuate Collection Set: 1.00ms
[7087.233s][info][gc,phases      ] GC(1286)   Other: 0.06ms
[7087.233s][info][gc,heap        ] GC(1286) Eden regions: 571->0(570)
[7087.233s][info][gc,heap        ] GC(1286) Survivor regions: 43->44(77)
[7087.233s][info][gc,heap        ] GC(1286) Old regions: 187->195
[7087.233s][info][gc,heap        ] GC(1286) Humongous regions: 33->33
[7087.233s][info][gc,metaspace   ] GC(1286) Metaspace: 29948K(30400K)->29948K(30400K) NonClass: 24540K(24768K)->24540K(24768K) Class: 5408K(5632K)->5408K(5632K)
[7087.233s][info][gc             ] GC(1286) Pause Young (Normal) (G1 Evacuation Pause) 6659M->2154M(8192M) 154.498ms
[7087.234s][info][gc,cpu         ] GC(1286) User=1.23s Sys=0.00s Real=0.15s
...[7090.126s][info][gc,start       ] GC(1287) Pause Young (Normal) (G1 Evacuation Pause)
[7090.126s][info][gc,task        ] GC(1287) Using 8 workers of 8 for evacuation
[7090.282s][info][gc,phases      ] GC(1287)   Pre Evacuate Collection Set: 0.22ms
[7090.282s][info][gc,phases      ] GC(1287)   Merge Heap Roots: 0.52ms
[7090.282s][info][gc,phases      ] GC(1287)   Evacuate Collection Set: 154.22ms
[7090.282s][info][gc,phases      ] GC(1287)   Post Evacuate Collection Set: 0.97ms
[7090.282s][info][gc,phases      ] GC(1287)   Other: 0.06ms
[7090.282s][info][gc,heap        ] GC(1287) Eden regions: 570->0(569)
[7090.282s][info][gc,heap        ] GC(1287) Survivor regions: 44->45(77)
[7090.282s][info][gc,heap        ] GC(1287) Old regions: 195->201
[7090.282s][info][gc,heap        ] GC(1287) Humongous regions: 33->33
[7090.282s][info][gc,metaspace   ] GC(1287) Metaspace: 29948K(30400K)->29948K(30400K) NonClass: 24540K(24768K)->24540K(24768K) Class: 5408K(5632K)->5408K(5632K)
[7090.282s][info][gc             ] GC(1287) Pause Young (Normal) (G1 Evacuation Pause) 6714M->2219M(8192M) 156.128ms
[7090.282s][info][gc,cpu         ] GC(1287) User=1.23s Sys=0.00s Real=0.15s
...[7093.055s][info][gc,start       ] GC(1288) Pause Young (Normal) (G1 Evacuation Pause)
[7093.055s][info][gc,task        ] GC(1288) Using 8 workers of 8 for evacuation
[7093.202s][info][gc,phases      ] GC(1288)   Pre Evacuate Collection Set: 0.21ms
[7093.202s][info][gc,phases      ] GC(1288)   Merge Heap Roots: 0.48ms
[7093.202s][info][gc,phases      ] GC(1288)   Evacuate Collection Set: 145.50ms
[7093.202s][info][gc,phases      ] GC(1288)   Post Evacuate Collection Set: 1.00ms
[7093.202s][info][gc,phases      ] GC(1288)   Other: 0.06ms
[7093.202s][info][gc,heap        ] GC(1288) Eden regions: 569->0(571)
[7093.202s][info][gc,heap        ] GC(1288) Survivor regions: 45->43(77)
[7093.202s][info][gc,heap        ] GC(1288) Old regions: 201->208
[7093.202s][info][gc,heap        ] GC(1288) Humongous regions: 33->33
[7093.202s][info][gc,metaspace   ] GC(1288) Metaspace: 29948K(30400K)->29948K(30400K) NonClass: 24540K(24768K)->24540K(24768K) Class: 5408K(5632K)->5408K(5632K)
[7093.202s][info][gc             ] GC(1288) Pause Young (Normal) (G1 Evacuation Pause) 6771M->2259M(8192M) 147.377ms
[7093.202s][info][gc,cpu         ] GC(1288) User=1.17s Sys=0.00s Real=0.14s
...|[7096.053s][info][gc,start       ] GC(1289) Pause Young (Normal) (G1 Evacuation Pause)
[7096.053s][info][gc,task        ] GC(1289) Using 8 workers of 8 for evacuation
[7096.218s][info][gc,phases      ] GC(1289)   Pre Evacuate Collection Set: 0.22ms
[7096.218s][info][gc,phases      ] GC(1289)   Merge Heap Roots: 0.47ms
[7096.218s][info][gc,phases      ] GC(1289)   Evacuate Collection Set: 163.74ms
[7096.218s][info][gc,phases      ] GC(1289)   Post Evacuate Collection Set: 1.00ms
[7096.218s][info][gc,phases      ] GC(1289)   Other: 0.06ms
[7096.218s][info][gc,heap        ] GC(1289) Eden regions: 571->0(566)
[7096.218s][info][gc,heap        ] GC(1289) Survivor regions: 43->48(77)
[7096.218s][info][gc,heap        ] GC(1289) Old regions: 208->216
[7096.218s][info][gc,heap        ] GC(1289) Humongous regions: 33->33
[7096.218s][info][gc,metaspace   ] GC(1289) Metaspace: 29948K(30400K)->29948K(30400K) NonClass: 24540K(24768K)->24540K(24768K) Class: 5408K(5632K)->5408K(5632K)
[7096.218s][info][gc             ] GC(1289) Pause Young (Normal) (G1 Evacuation Pause) 6827M->2358M(8192M) 165.620ms
[7096.218s][info][gc,cpu         ] GC(1289) User=1.32s Sys=0.00s Real=0.17s
...[7099.021s][info][gc,start       ] GC(1290) Pause Young (Normal) (G1 Evacuation Pause)
[7099.021s][info][gc,task        ] GC(1290) Using 8 workers of 8 for evacuation
[7099.176s][info][gc,phases      ] GC(1290)   Pre Evacuate Collection Set: 0.22ms
[7099.176s][info][gc,phases      ] GC(1290)   Merge Heap Roots: 0.51ms
[7099.176s][info][gc,phases      ] GC(1290)   Evacuate Collection Set: 153.23ms
[7099.176s][info][gc,phases      ] GC(1290)   Post Evacuate Collection Set: 1.00ms
[7099.176s][info][gc,phases      ] GC(1290)   Other: 0.06ms
[7099.176s][info][gc,heap        ] GC(1290) Eden regions: 566->0(570)
[7099.176s][info][gc,heap        ] GC(1290) Survivor regions: 48->44(77)
[7099.176s][info][gc,heap        ] GC(1290) Old regions: 216->223
[7099.176s][info][gc,heap        ] GC(1290) Humongous regions: 33->33
[7099.176s][info][gc,metaspace   ] GC(1290) Metaspace: 29948K(30400K)->29948K(30400K) NonClass: 24540K(24768K)->24540K(24768K) Class: 5408K(5632K)->5408K(5632K)
[7099.176s][info][gc             ] GC(1290) Pause Young (Normal) (G1 Evacuation Pause) 6886M->2382M(8192M) 155.150ms
[7099.176s][info][gc,cpu         ] GC(1290) User=1.24s Sys=0.00s Real=0.16s
...[7102.109s][info][gc,start       ] GC(1291) Pause Young (Normal) (G1 Evacuation Pause)
[7102.109s][info][gc,task        ] GC(1291) Using 8 workers of 8 for evacuation
[7102.260s][info][gc,phases      ] GC(1291)   Pre Evacuate Collection Set: 0.23ms
[7102.260s][info][gc,phases      ] GC(1291)   Merge Heap Roots: 0.50ms
[7102.260s][info][gc,phases      ] GC(1291)   Evacuate Collection Set: 148.83ms
[7102.260s][info][gc,phases      ] GC(1291)   Post Evacuate Collection Set: 0.97ms
[7102.260s][info][gc,phases      ] GC(1291)   Other: 0.07ms
[7102.260s][info][gc,heap        ] GC(1291) Eden regions: 570->0(571)
[7102.260s][info][gc,heap        ] GC(1291) Survivor regions: 44->43(77)
[7102.260s][info][gc,heap        ] GC(1291) Old regions: 223->230
[7102.260s][info][gc,heap        ] GC(1291) Humongous regions: 33->33
[7102.260s][info][gc,metaspace   ] GC(1291) Metaspace: 29948K(30400K)->29948K(30400K) NonClass: 24540K(24768K)->24540K(24768K) Class: 5408K(5632K)->5408K(5632K)
[7102.260s][info][gc             ] GC(1291) Pause Young (Normal) (G1 Evacuation Pause) 6942M->2432M(8192M) 150.746ms
[7102.260s][info][gc,cpu         ] GC(1291) User=1.20s Sys=0.00s Real=0.15s
...[7105.190s][info][gc,start       ] GC(1292) Pause Young (Normal) (G1 Evacuation Pause)
[7105.190s][info][gc,task        ] GC(1292) Using 8 workers of 8 for evacuation
[7105.341s][info][gc,phases      ] GC(1292)   Pre Evacuate Collection Set: 0.20ms
[7105.341s][info][gc,phases      ] GC(1292)   Merge Heap Roots: 0.48ms
[7105.341s][info][gc,phases      ] GC(1292)   Evacuate Collection Set: 149.30ms
[7105.341s][info][gc,phases      ] GC(1292)   Post Evacuate Collection Set: 0.98ms
[7105.341s][info][gc,phases      ] GC(1292)   Other: 0.06ms
[7105.341s][info][gc,heap        ] GC(1292) Eden regions: 571->0(571)
[7105.341s][info][gc,heap        ] GC(1292) Survivor regions: 43->43(77)
[7105.341s][info][gc,heap        ] GC(1292) Old regions: 230->237
[7105.341s][info][gc,heap        ] GC(1292) Humongous regions: 33->33
[7105.341s][info][gc,metaspace   ] GC(1292) Metaspace: 29948K(30400K)->29948K(30400K) NonClass: 24540K(24768K)->24540K(24768K) Class: 5408K(5632K)->5408K(5632K)
[7105.341s][info][gc             ] GC(1292) Pause Young (Normal) (G1 Evacuation Pause) 7000M->2491M(8192M) 151.143ms
[7105.341s][info][gc,cpu         ] GC(1292) User=1.20s Sys=0.00s Real=0.15s
...[7108.261s][info][gc,start       ] GC(1293) Pause Young (Normal) (G1 Evacuation Pause)
[7108.261s][info][gc,task        ] GC(1293) Using 8 workers of 8 for evacuation
[7108.409s][info][gc,phases      ] GC(1293)   Pre Evacuate Collection Set: 0.23ms
[7108.409s][info][gc,phases      ] GC(1293)   Merge Heap Roots: 0.48ms
[7108.409s][info][gc,phases      ] GC(1293)   Evacuate Collection Set: 146.10ms
[7108.409s][info][gc,phases      ] GC(1293)   Post Evacuate Collection Set: 0.99ms
[7108.409s][info][gc,phases      ] GC(1293)   Other: 0.06ms
[7108.409s][info][gc,heap        ] GC(1293) Eden regions: 571->0(570)
[7108.409s][info][gc,heap        ] GC(1293) Survivor regions: 43->44(77)
[7108.409s][info][gc,heap        ] GC(1293) Old regions: 237->244
[7108.409s][info][gc,heap        ] GC(1293) Humongous regions: 33->33
[7108.409s][info][gc,metaspace   ] GC(1293) Metaspace: 29948K(30400K)->29948K(30400K) NonClass: 24540K(24768K)->24540K(24768K) Class: 5408K(5632K)->5408K(5632K)
[7108.409s][info][gc             ] GC(1293) Pause Young (Normal) (G1 Evacuation Pause) 7059M->2550M(8192M) 147.994ms
[7108.409s][info][gc,cpu         ] GC(1293) User=1.17s Sys=0.00s Real=0.15s
...[7111.256s][info][gc,start       ] GC(1294) Pause Young (Normal) (G1 Evacuation Pause)
[7111.256s][info][gc,task        ] GC(1294) Using 8 workers of 8 for evacuation
[7111.409s][info][gc,phases      ] GC(1294)   Pre Evacuate Collection Set: 0.22ms
[7111.410s][info][gc,phases      ] GC(1294)   Merge Heap Roots: 0.51ms
[7111.410s][info][gc,phases      ] GC(1294)   Evacuate Collection Set: 151.31ms
[7111.410s][info][gc,phases      ] GC(1294)   Post Evacuate Collection Set: 0.99ms
[7111.410s][info][gc,phases      ] GC(1294)   Other: 0.06ms
[7111.410s][info][gc,heap        ] GC(1294) Eden regions: 570->0(570)
[7111.410s][info][gc,heap        ] GC(1294) Survivor regions: 44->44(77)
[7111.410s][info][gc,heap        ] GC(1294) Old regions: 244->251
[7111.410s][info][gc,heap        ] GC(1294) Humongous regions: 33->33
[7111.410s][info][gc,metaspace   ] GC(1294) Metaspace: 29948K(30400K)->29948K(30400K) NonClass: 24540K(24768K)->24540K(24768K) Class: 5408K(5632K)->5408K(5632K)
[7111.410s][info][gc             ] GC(1294) Pause Young (Normal) (G1 Evacuation Pause) 7110M->2604M(8192M) 153.240ms
[7111.410s][info][gc,cpu         ] GC(1294) User=1.21s Sys=0.01s Real=0.15s
...[7114.208s][info][gc,start       ] GC(1295) Pause Young (Normal) (G1 Evacuation Pause)
[7114.208s][info][gc,task        ] GC(1295) Using 8 workers of 8 for evacuation
[7114.364s][info][gc,phases      ] GC(1295)   Pre Evacuate Collection Set: 0.22ms
[7114.364s][info][gc,phases      ] GC(1295)   Merge Heap Roots: 0.51ms
[7114.364s][info][gc,phases      ] GC(1295)   Evacuate Collection Set: 154.45ms
[7114.364s][info][gc,phases      ] GC(1295)   Post Evacuate Collection Set: 0.97ms
[7114.364s][info][gc,phases      ] GC(1295)   Other: 0.06ms
[7114.364s][info][gc,heap        ] GC(1295) Eden regions: 570->0(569)
[7114.364s][info][gc,heap        ] GC(1295) Survivor regions: 44->45(77)
[7114.364s][info][gc,heap        ] GC(1295) Old regions: 251->258
[7114.364s][info][gc,heap        ] GC(1295) Humongous regions: 33->33
[7114.364s][info][gc,metaspace   ] GC(1295) Metaspace: 29948K(30400K)->29948K(30400K) NonClass: 24540K(24768K)->24540K(24768K) Class: 5408K(5632K)->5408K(5632K)
[7114.364s][info][gc             ] GC(1295) Pause Young (Normal) (G1 Evacuation Pause) 7164M->2667M(8192M) 156.338ms
[7114.364s][info][gc,cpu         ] GC(1295) User=1.23s Sys=0.01s Real=0.15s
...[7117.302s][info][gc,start       ] GC(1296) Pause Young (Normal) (G1 Evacuation Pause)
[7117.302s][info][gc,task        ] GC(1296) Using 8 workers of 8 for evacuation
[7117.451s][info][gc,phases      ] GC(1296)   Pre Evacuate Collection Set: 0.23ms
[7117.451s][info][gc,phases      ] GC(1296)   Merge Heap Roots: 0.52ms
[7117.451s][info][gc,phases      ] GC(1296)   Evacuate Collection Set: 147.06ms
[7117.451s][info][gc,phases      ] GC(1296)   Post Evacuate Collection Set: 0.97ms
[7117.451s][info][gc,phases      ] GC(1296)   Other: 0.06ms
[7117.451s][info][gc,heap        ] GC(1296) Eden regions: 569->0(571)
[7117.451s][info][gc,heap        ] GC(1296) Survivor regions: 45->43(77)
[7117.451s][info][gc,heap        ] GC(1296) Old regions: 258->265
[7117.451s][info][gc,heap        ] GC(1296) Humongous regions: 33->33
[7117.451s][info][gc,metaspace   ] GC(1296) Metaspace: 29948K(30400K)->29948K(30400K) NonClass: 24540K(24768K)->24540K(24768K) Class: 5408K(5632K)->5408K(5632K)
[7117.451s][info][gc             ] GC(1296) Pause Young (Normal) (G1 Evacuation Pause) 7219M->2711M(8192M) 148.988ms
[7117.451s][info][gc,cpu         ] GC(1296) User=1.19s Sys=0.00s Real=0.15s
...[7120.304s][info][gc,start       ] GC(1297) Pause Young (Normal) (G1 Evacuation Pause)
[7120.304s][info][gc,task        ] GC(1297) Using 8 workers of 8 for evacuation
[7120.455s][info][gc,phases      ] GC(1297)   Pre Evacuate Collection Set: 0.24ms
[7120.455s][info][gc,phases      ] GC(1297)   Merge Heap Roots: 0.50ms
[7120.455s][info][gc,phases      ] GC(1297)   Evacuate Collection Set: 149.38ms
[7120.455s][info][gc,phases      ] GC(1297)   Post Evacuate Collection Set: 0.98ms
[7120.455s][info][gc,phases      ] GC(1297)   Other: 0.06ms
[7120.455s][info][gc,heap        ] GC(1297) Eden regions: 571->0(570)
[7120.455s][info][gc,heap        ] GC(1297) Survivor regions: 43->44(77)
[7120.455s][info][gc,heap        ] GC(1297) Old regions: 265->272
[7120.455s][info][gc,heap        ] GC(1297) Humongous regions: 33->33
[7120.455s][info][gc,metaspace   ] GC(1297) Metaspace: 29948K(30400K)->29948K(30400K) NonClass: 24540K(24768K)->24540K(24768K) Class: 5408K(5632K)->5408K(5632K)
[7120.455s][info][gc             ] GC(1297) Pause Young (Normal) (G1 Evacuation Pause) 7279M->2775M(8192M) 151.293ms
[7120.456s][info][gc,cpu         ] GC(1297) User=1.19s Sys=0.01s Real=0.16s
...[7123.351s][info][gc,start       ] GC(1298) Pause Young (Normal) (G1 Evacuation Pause)
[7123.351s][info][gc,task        ] GC(1298) Using 8 workers of 8 for evacuation
[7123.502s][info][gc,phases      ] GC(1298)   Pre Evacuate Collection Set: 0.21ms
[7123.502s][info][gc,phases      ] GC(1298)   Merge Heap Roots: 0.52ms
[7123.502s][info][gc,phases      ] GC(1298)   Evacuate Collection Set: 148.67ms
[7123.502s][info][gc,phases      ] GC(1298)   Post Evacuate Collection Set: 1.02ms
[7123.502s][info][gc,phases      ] GC(1298)   Other: 0.07ms
[7123.502s][info][gc,heap        ] GC(1298) Eden regions: 570->0(570)
[7123.502s][info][gc,heap        ] GC(1298) Survivor regions: 44->44(77)
[7123.502s][info][gc,heap        ] GC(1298) Old regions: 272->279
[7123.502s][info][gc,heap        ] GC(1298) Humongous regions: 33->33
[7123.502s][info][gc,metaspace   ] GC(1298) Metaspace: 29948K(30400K)->29948K(30400K) NonClass: 24540K(24768K)->24540K(24768K) Class: 5408K(5632K)->5408K(5632K)
[7123.502s][info][gc             ] GC(1298) Pause Young (Normal) (G1 Evacuation Pause) 7335M->2832M(8192M) 150.617ms
[7123.502s][info][gc,cpu         ] GC(1298) User=1.20s Sys=0.00s Real=0.15s
...[7126.432s][info][gc,start       ] GC(1299) Pause Young (Normal) (G1 Evacuation Pause)
[7126.432s][info][gc,task        ] GC(1299) Using 8 workers of 8 for evacuation
[7126.582s][info][gc,phases      ] GC(1299)   Pre Evacuate Collection Set: 0.22ms
[7126.582s][info][gc,phases      ] GC(1299)   Merge Heap Roots: 0.53ms
[7126.582s][info][gc,phases      ] GC(1299)   Evacuate Collection Set: 147.91ms
[7126.582s][info][gc,phases      ] GC(1299)   Post Evacuate Collection Set: 0.99ms
[7126.582s][info][gc,phases      ] GC(1299)   Other: 0.06ms
[7126.582s][info][gc,heap        ] GC(1299) Eden regions: 570->0(567)
[7126.582s][info][gc,heap        ] GC(1299) Survivor regions: 44->43(77)
[7126.582s][info][gc,heap        ] GC(1299) Old regions: 279->286
[7126.582s][info][gc,heap        ] GC(1299) Humongous regions: 33->33
[7126.582s][info][gc,metaspace   ] GC(1299) Metaspace: 29948K(30400K)->29948K(30400K) NonClass: 24540K(24768K)->24540K(24768K) Class: 5408K(5632K)->5408K(5632K)
[7126.582s][info][gc             ] GC(1299) Pause Young (Normal) (G1 Evacuation Pause) 7392M->2883M(8192M) 149.848ms
[7126.582s][info][gc,cpu         ] GC(1299) User=1.19s Sys=0.00s Real=0.15s
...[7129.439s][info][gc,start       ] GC(1300) Pause Young (Normal) (G1 Evacuation Pause)
[7129.439s][info][gc,task        ] GC(1300) Using 8 workers of 8 for evacuation
[7129.590s][info][gc,phases      ] GC(1300)   Pre Evacuate Collection Set: 0.23ms
[7129.590s][info][gc,phases      ] GC(1300)   Merge Heap Roots: 0.52ms
[7129.590s][info][gc,phases      ] GC(1300)   Evacuate Collection Set: 149.60ms
[7129.590s][info][gc,phases      ] GC(1300)   Post Evacuate Collection Set: 1.01ms
[7129.590s][info][gc,phases      ] GC(1300)   Other: 0.07ms
[7129.590s][info][gc,heap        ] GC(1300) Eden regions: 567->0(557)
[7129.590s][info][gc,heap        ] GC(1300) Survivor regions: 43->44(77)
[7129.590s][info][gc,heap        ] GC(1300) Old regions: 286->294
[7129.590s][info][gc,heap        ] GC(1300) Humongous regions: 33->33
[7129.590s][info][gc,metaspace   ] GC(1300) Metaspace: 29948K(30400K)->29948K(30400K) NonClass: 24540K(24768K)->24540K(24768K) Class: 5408K(5632K)->5408K(5632K)
[7129.590s][info][gc             ] GC(1300) Pause Young (Normal) (G1 Evacuation Pause) 7419M->2944M(8192M) 151.550ms
[7129.590s][info][gc,cpu         ] GC(1300) User=1.20s Sys=0.00s Real=0.15s
...[7132.356s][info][gc,start       ] GC(1301) Pause Young (Normal) (G1 Evacuation Pause)
[7132.356s][info][gc,task        ] GC(1301) Using 8 workers of 8 for evacuation
[7132.513s][info][gc,phases      ] GC(1301)   Pre Evacuate Collection Set: 0.22ms
[7132.513s][info][gc,phases      ] GC(1301)   Merge Heap Roots: 0.50ms
[7132.513s][info][gc,phases      ] GC(1301)   Evacuate Collection Set: 155.20ms
[7132.513s][info][gc,phases      ] GC(1301)   Post Evacuate Collection Set: 0.96ms
[7132.513s][info][gc,phases      ] GC(1301)   Other: 0.07ms
[7132.513s][info][gc,heap        ] GC(1301) Eden regions: 557->0(548)
[7132.513s][info][gc,heap        ] GC(1301) Survivor regions: 44->45(76)
[7132.513s][info][gc,heap        ] GC(1301) Old regions: 294->301
[7132.513s][info][gc,heap        ] GC(1301) Humongous regions: 33->33
[7132.513s][info][gc,metaspace   ] GC(1301) Metaspace: 29948K(30400K)->29948K(30400K) NonClass: 24540K(24768K)->24540K(24768K) Class: 5408K(5632K)->5408K(5632K)
[7132.513s][info][gc             ] GC(1301) Pause Young (Normal) (G1 Evacuation Pause) 7400M->3011M(8192M) 157.094ms
[7132.513s][info][gc,cpu         ] GC(1301) User=1.25s Sys=0.00s Real=0.15s
...[7135.249s][info][gc,start       ] GC(1302) Pause Young (Normal) (G1 Evacuation Pause)
[7135.249s][info][gc,task        ] GC(1302) Using 8 workers of 8 for evacuation
[7135.400s][info][gc,phases      ] GC(1302)   Pre Evacuate Collection Set: 0.21ms
[7135.400s][info][gc,phases      ] GC(1302)   Merge Heap Roots: 0.47ms
[7135.400s][info][gc,phases      ] GC(1302)   Evacuate Collection Set: 149.05ms
[7135.400s][info][gc,phases      ] GC(1302)   Post Evacuate Collection Set: 0.93ms
[7135.400s][info][gc,phases      ] GC(1302)   Other: 0.06ms
[7135.400s][info][gc,heap        ] GC(1302) Eden regions: 548->0(543)
[7135.400s][info][gc,heap        ] GC(1302) Survivor regions: 45->44(75)
[7135.400s][info][gc,heap        ] GC(1302) Old regions: 301->308
[7135.400s][info][gc,heap        ] GC(1302) Humongous regions: 33->33
[7135.400s][info][gc,metaspace   ] GC(1302) Metaspace: 29948K(30400K)->29948K(30400K) NonClass: 24540K(24768K)->24540K(24768K) Class: 5408K(5632K)->5408K(5632K)
[7135.400s][info][gc             ] GC(1302) Pause Young (Normal) (G1 Evacuation Pause) 7395M->3060M(8192M) 150.848ms
[7135.400s][info][gc,cpu         ] GC(1302) User=1.19s Sys=0.00s Real=0.15s
...[7138.177s][info][gc,start       ] GC(1303) Pause Young (Concurrent Start) (G1 Evacuation Pause)
[7138.177s][info][gc,task        ] GC(1303) Using 8 workers of 8 for evacuation
[7138.329s][info][gc,phases      ] GC(1303)   Pre Evacuate Collection Set: 0.28ms
[7138.329s][info][gc,phases      ] GC(1303)   Merge Heap Roots: 0.50ms
[7138.329s][info][gc,phases      ] GC(1303)   Evacuate Collection Set: 149.59ms
[7138.329s][info][gc,phases      ] GC(1303)   Post Evacuate Collection Set: 0.93ms
[7138.329s][info][gc,phases      ] GC(1303)   Other: 0.08ms
[7138.329s][info][gc,heap        ] GC(1303) Eden regions: 543->0(538)
[7138.329s][info][gc,heap        ] GC(1303) Survivor regions: 44->43(74)
[7138.329s][info][gc,heap        ] GC(1303) Old regions: 308->315
[7138.329s][info][gc,heap        ] GC(1303) Humongous regions: 33->33
[7138.329s][info][gc,metaspace   ] GC(1303) Metaspace: 29948K(30400K)->29948K(30400K) NonClass: 24540K(24768K)->24540K(24768K) Class: 5408K(5632K)->5408K(5632K)
[7138.329s][info][gc             ] GC(1303) Pause Young (Concurrent Start) (G1 Evacuation Pause) 7404M->3111M(8192M) 151.507ms
[7138.329s][info][gc             ] GC(1304) Concurrent Mark Cycle
[7138.329s][info][gc,marking     ] GC(1304) Concurrent Scan Root Regions
[7138.329s][info][gc,cpu         ] GC(1303) User=1.20s Sys=0.00s Real=0.15s
.[7138.746s][info][gc,marking     ] GC(1304) Concurrent Scan Root Regions 417.512ms
[7138.746s][info][gc,marking     ] GC(1304) Concurrent Mark
[7138.746s][info][gc,marking     ] GC(1304) Concurrent Mark From Roots
[7138.746s][info][gc,task        ] GC(1304) Using 2 workers of 2 for marking
.[7140.143s][info][gc,marking     ] GC(1304) Concurrent Mark From Roots 1396.769ms
[7140.143s][info][gc,marking     ] GC(1304) Concurrent Preclean
[7140.143s][info][gc,marking     ] GC(1304) Concurrent Preclean 0.067ms
[7140.143s][info][gc,start       ] GC(1304) Pause Remark
[7140.145s][info][gc             ] GC(1304) Pause Remark 5207M->4575M(8192M) 1.619ms
[7140.145s][info][gc,cpu         ] GC(1304) User=0.01s Sys=0.00s Real=0.01s
[7140.145s][info][gc,marking     ] GC(1304) Concurrent Mark 1398.750ms
[7140.145s][info][gc,marking     ] GC(1304) Concurrent Rebuild Remembered Sets and Scrub Regions
.[7140.989s][info][gc,marking     ] GC(1304) Concurrent Rebuild Remembered Sets and Scrub Regions 843.820ms
[7140.989s][info][gc,start       ] GC(1304) Pause Cleanup
[7140.989s][info][gc             ] GC(1304) Pause Cleanup 5690M->5690M(8192M) 0.280ms
[7140.990s][info][gc,cpu         ] GC(1304) User=0.00s Sys=0.00s Real=0.00s
[7140.990s][info][gc,marking     ] GC(1304) Concurrent Clear Claimed Marks
[7140.990s][info][gc,marking     ] GC(1304) Concurrent Clear Claimed Marks 0.043ms
[7140.990s][info][gc,marking     ] GC(1304) Concurrent Cleanup for Next Mark
[7141.000s][info][gc,marking     ] GC(1304) Concurrent Cleanup for Next Mark 9.955ms
[7141.000s][info][gc             ] GC(1304) Concurrent Mark Cycle 2670.838ms
.[7141.734s][info][gc,start       ] GC(1305) Pause Young (Prepare Mixed) (G1 Evacuation Pause)
[7141.734s][info][gc,task        ] GC(1305) Using 8 workers of 8 for evacuation
[7141.888s][info][gc,phases      ] GC(1305)   Pre Evacuate Collection Set: 0.24ms
[7141.888s][info][gc,phases      ] GC(1305)   Merge Heap Roots: 0.67ms
[7141.888s][info][gc,phases      ] GC(1305)   Evacuate Collection Set: 151.41ms
[7141.888s][info][gc,phases      ] GC(1305)   Post Evacuate Collection Set: 1.06ms
[7141.888s][info][gc,phases      ] GC(1305)   Other: 0.07ms
[7141.888s][info][gc,heap        ] GC(1305) Eden regions: 538->0(571)
[7141.888s][info][gc,heap        ] GC(1305) Survivor regions: 43->43(73)
[7141.888s][info][gc,heap        ] GC(1305) Old regions: 236->244
[7141.888s][info][gc,heap        ] GC(1305) Humongous regions: 33->33
[7141.888s][info][gc,metaspace   ] GC(1305) Metaspace: 29948K(30400K)->29948K(30400K) NonClass: 24540K(24768K)->24540K(24768K) Class: 5408K(5632K)->5408K(5632K)
[7141.888s][info][gc             ] GC(1305) Pause Young (Prepare Mixed) (G1 Evacuation Pause) 6783M->2546M(8192M) 153.580ms
[7141.888s][info][gc,cpu         ] GC(1305) User=1.22s Sys=0.00s Real=0.16s
...[7144.798s][info][gc,start       ] GC(1306) Pause Young (Mixed) (G1 Evacuation Pause)
[7144.798s][info][gc,task        ] GC(1306) Using 8 workers of 8 for evacuation
[7144.958s][info][gc,phases      ] GC(1306)   Pre Evacuate Collection Set: 0.24ms
[7144.958s][info][gc,phases      ] GC(1306)   Merge Heap Roots: 0.86ms
[7144.958s][info][gc,phases      ] GC(1306)   Evacuate Collection Set: 157.45ms
[7144.958s][info][gc,phases      ] GC(1306)   Post Evacuate Collection Set: 1.18ms
[7144.958s][info][gc,phases      ] GC(1306)   Other: 0.09ms
[7144.958s][info][gc,heap        ] GC(1306) Eden regions: 571->0(571)
[7144.958s][info][gc,heap        ] GC(1306) Survivor regions: 43->43(77)
[7144.958s][info][gc,heap        ] GC(1306) Old regions: 244->150
[7144.958s][info][gc,heap        ] GC(1306) Humongous regions: 33->33
[7144.958s][info][gc,metaspace   ] GC(1306) Metaspace: 29948K(30400K)->29948K(30400K) NonClass: 24540K(24768K)->24540K(24768K) Class: 5408K(5632K)->5408K(5632K)
[7144.958s][info][gc             ] GC(1306) Pause Young (Mixed) (G1 Evacuation Pause) 7114M->1792M(8192M) 159.946ms
[7144.958s][info][gc,cpu         ] GC(1306) User=1.27s Sys=0.00s Real=0.16s
...[7147.858s][info][gc,start       ] GC(1307) Pause Young (Mixed) (G1 Evacuation Pause)
[7147.858s][info][gc,task        ] GC(1307) Using 8 workers of 8 for evacuation
[7148.022s][info][gc,phases      ] GC(1307)   Pre Evacuate Collection Set: 0.22ms
[7148.022s][info][gc,phases      ] GC(1307)   Merge Heap Roots: 0.64ms
[7148.022s][info][gc,phases      ] GC(1307)   Evacuate Collection Set: 161.77ms
[7148.022s][info][gc,phases      ] GC(1307)   Post Evacuate Collection Set: 1.00ms
[7148.022s][info][gc,phases      ] GC(1307)   Other: 0.06ms
[7148.022s][info][gc,heap        ] GC(1307) Eden regions: 571->0(569)
[7148.022s][info][gc,heap        ] GC(1307) Survivor regions: 43->45(77)
[7148.022s][info][gc,heap        ] GC(1307) Old regions: 150->145
[7148.022s][info][gc,heap        ] GC(1307) Humongous regions: 33->33
[7148.022s][info][gc,metaspace   ] GC(1307) Metaspace: 29948K(30400K)->29948K(30400K) NonClass: 24540K(24768K)->24540K(24768K) Class: 5408K(5632K)->5408K(5632K)
[7148.022s][info][gc             ] GC(1307) Pause Young (Mixed) (G1 Evacuation Pause) 6360M->1764M(8192M) 163.842ms
[7148.022s][info][gc,cpu         ] GC(1307) User=1.30s Sys=0.00s Real=0.16s
...[7150.937s][info][gc,start       ] GC(1308) Pause Young (Normal) (G1 Evacuation Pause)
[7150.937s][info][gc,task        ] GC(1308) Using 8 workers of 8 for evacuation
[7151.097s][info][gc,phases      ] GC(1308)   Pre Evacuate Collection Set: 0.22ms
[7151.097s][info][gc,phases      ] GC(1308)   Merge Heap Roots: 0.48ms
[7151.097s][info][gc,phases      ] GC(1308)   Evacuate Collection Set: 158.57ms
[7151.097s][info][gc,phases      ] GC(1308)   Post Evacuate Collection Set: 0.99ms
[7151.097s][info][gc,phases      ] GC(1308)   Other: 0.06ms
[7151.097s][info][gc,heap        ] GC(1308) Eden regions: 569->0(569)
[7151.097s][info][gc,heap        ] GC(1308) Survivor regions: 45->45(77)
[7151.097s][info][gc,heap        ] GC(1308) Old regions: 145->152
[7151.097s][info][gc,heap        ] GC(1308) Humongous regions: 33->33
[7151.097s][info][gc,metaspace   ] GC(1308) Metaspace: 29948K(30400K)->29948K(30400K) NonClass: 24540K(24768K)->24540K(24768K) Class: 5408K(5632K)->5408K(5632K)
[7151.097s][info][gc             ] GC(1308) Pause Young (Normal) (G1 Evacuation Pause) 6316M->1826M(8192M) 160.461ms
[7151.097s][info][gc,cpu         ] GC(1308) User=1.28s Sys=0.00s Real=0.16s
...[7154.039s][info][gc,start       ] GC(1309) Pause Young (Normal) (G1 Evacuation Pause)
[7154.039s][info][gc,task        ] GC(1309) Using 8 workers of 8 for evacuation
[7154.201s][info][gc,phases      ] GC(1309)   Pre Evacuate Collection Set: 0.22ms
[7154.201s][info][gc,phases      ] GC(1309)   Merge Heap Roots: 0.48ms
[7154.201s][info][gc,phases      ] GC(1309)   Evacuate Collection Set: 159.51ms
[7154.201s][info][gc,phases      ] GC(1309)   Post Evacuate Collection Set: 0.96ms
[7154.201s][info][gc,phases      ] GC(1309)   Other: 0.06ms
[7154.201s][info][gc,heap        ] GC(1309) Eden regions: 569->0(568)
[7154.201s][info][gc,heap        ] GC(1309) Survivor regions: 45->46(77)
[7154.201s][info][gc,heap        ] GC(1309) Old regions: 152->160
[7154.201s][info][gc,heap        ] GC(1309) Humongous regions: 33->33
[7154.201s][info][gc,metaspace   ] GC(1309) Metaspace: 29948K(30400K)->29948K(30400K) NonClass: 24540K(24768K)->24540K(24768K) Class: 5408K(5632K)->5408K(5632K)
[7154.201s][info][gc             ] GC(1309) Pause Young (Normal) (G1 Evacuation Pause) 6378M->1892M(8192M) 161.360ms
[7154.201s][info][gc,cpu         ] GC(1309) User=1.28s Sys=0.00s Real=0.16s
...[7157.128s][info][gc,start       ] GC(1310) Pause Young (Normal) (G1 Evacuation Pause)
[7157.128s][info][gc,task        ] GC(1310) Using 8 workers of 8 for evacuation
[7157.283s][info][gc,phases      ] GC(1310)   Pre Evacuate Collection Set: 0.22ms
[7157.283s][info][gc,phases      ] GC(1310)   Merge Heap Roots: 0.51ms
[7157.283s][info][gc,phases      ] GC(1310)   Evacuate Collection Set: 153.35ms
[7157.283s][info][gc,phases      ] GC(1310)   Post Evacuate Collection Set: 1.01ms
[7157.283s][info][gc,phases      ] GC(1310)   Other: 0.06ms
[7157.283s][info][gc,heap        ] GC(1310) Eden regions: 568->0(570)
[7157.283s][info][gc,heap        ] GC(1310) Survivor regions: 46->44(77)
[7157.283s][info][gc,heap        ] GC(1310) Old regions: 160->167
[7157.283s][info][gc,heap        ] GC(1310) Humongous regions: 33->33
[7157.283s][info][gc,metaspace   ] GC(1310) Metaspace: 29948K(30400K)->29948K(30400K) NonClass: 24540K(24768K)->24540K(24768K) Class: 5408K(5632K)->5408K(5632K)
[7157.283s][info][gc             ] GC(1310) Pause Young (Normal) (G1 Evacuation Pause) 6436M->1928M(8192M) 155.320ms
[7157.283s][info][gc,cpu         ] GC(1310) User=1.23s Sys=0.00s Real=0.15s
...[7160.099s][info][gc,start       ] GC(1311) Pause Young (Normal) (G1 Evacuation Pause)
[7160.099s][info][gc,task        ] GC(1311) Using 8 workers of 8 for evacuation
[7160.254s][info][gc,phases      ] GC(1311)   Pre Evacuate Collection Set: 0.21ms
[7160.254s][info][gc,phases      ] GC(1311)   Merge Heap Roots: 0.52ms
[7160.254s][info][gc,phases      ] GC(1311)   Evacuate Collection Set: 152.77ms
[7160.254s][info][gc,phases      ] GC(1311)   Post Evacuate Collection Set: 1.01ms
[7160.254s][info][gc,phases      ] GC(1311)   Other: 0.06ms
[7160.254s][info][gc,heap        ] GC(1311) Eden regions: 570->0(570)
[7160.254s][info][gc,heap        ] GC(1311) Survivor regions: 44->44(77)
[7160.254s][info][gc,heap        ] GC(1311) Old regions: 167->174
[7160.254s][info][gc,heap        ] GC(1311) Humongous regions: 33->33
[7160.254s][info][gc,metaspace   ] GC(1311) Metaspace: 29948K(30400K)->29948K(30400K) NonClass: 24540K(24768K)->24540K(24768K) Class: 5408K(5632K)->5408K(5632K)
[7160.254s][info][gc             ] GC(1311) Pause Young (Normal) (G1 Evacuation Pause) 6488M->1988M(8192M) 154.719ms
[7160.254s][info][gc,cpu         ] GC(1311) User=1.22s Sys=0.00s Real=0.15s
...[7163.210s][info][gc,start       ] GC(1312) Pause Young (Normal) (G1 Evacuation Pause)
[7163.210s][info][gc,task        ] GC(1312) Using 8 workers of 8 for evacuation
[7163.366s][info][gc,phases      ] GC(1312)   Pre Evacuate Collection Set: 0.23ms
[7163.366s][info][gc,phases      ] GC(1312)   Merge Heap Roots: 0.49ms
[7163.366s][info][gc,phases      ] GC(1312)   Evacuate Collection Set: 153.43ms
[7163.366s][info][gc,phases      ] GC(1312)   Post Evacuate Collection Set: 1.00ms
[7163.366s][info][gc,phases      ] GC(1312)   Other: 0.06ms
[7163.366s][info][gc,heap        ] GC(1312) Eden regions: 570->0(569)
[7163.366s][info][gc,heap        ] GC(1312) Survivor regions: 44->45(77)
[7163.366s][info][gc,heap        ] GC(1312) Old regions: 174->181
[7163.366s][info][gc,heap        ] GC(1312) Humongous regions: 33->33
[7163.366s][info][gc,metaspace   ] GC(1312) Metaspace: 29948K(30400K)->29948K(30400K) NonClass: 24540K(24768K)->24540K(24768K) Class: 5408K(5632K)->5408K(5632K)
[7163.366s][info][gc             ] GC(1312) Pause Young (Normal) (G1 Evacuation Pause) 6548M->2048M(8192M) 155.339ms
[7163.366s][info][gc,cpu         ] GC(1312) User=1.23s Sys=0.00s Real=0.16s
...[7166.151s][info][gc,start       ] GC(1313) Pause Young (Normal) (G1 Evacuation Pause)
[7166.152s][info][gc,task        ] GC(1313) Using 8 workers of 8 for evacuation
[7166.310s][info][gc,phases      ] GC(1313)   Pre Evacuate Collection Set: 0.20ms
[7166.310s][info][gc,phases      ] GC(1313)   Merge Heap Roots: 0.49ms
[7166.310s][info][gc,phases      ] GC(1313)   Evacuate Collection Set: 156.54ms
[7166.310s][info][gc,phases      ] GC(1313)   Post Evacuate Collection Set: 1.00ms
[7166.310s][info][gc,phases      ] GC(1313)   Other: 0.06ms
[7166.310s][info][gc,heap        ] GC(1313) Eden regions: 569->0(569)
[7166.310s][info][gc,heap        ] GC(1313) Survivor regions: 45->45(77)
[7166.310s][info][gc,heap        ] GC(1313) Old regions: 181->188
[7166.310s][info][gc,heap        ] GC(1313) Humongous regions: 33->33
[7166.310s][info][gc,metaspace   ] GC(1313) Metaspace: 29948K(30400K)->29948K(30400K) NonClass: 24540K(24768K)->24540K(24768K) Class: 5408K(5632K)->5408K(5632K)
[7166.310s][info][gc             ] GC(1313) Pause Young (Normal) (G1 Evacuation Pause) 6600M->2112M(8192M) 158.422ms
[7166.310s][info][gc,cpu         ] GC(1313) User=1.26s Sys=0.00s Real=0.16s
...[7169.171s][info][gc,start       ] GC(1314) Pause Young (Normal) (G1 Evacuation Pause)
[7169.171s][info][gc,task        ] GC(1314) Using 8 workers of 8 for evacuation
[7169.333s][info][gc,phases      ] GC(1314)   Pre Evacuate Collection Set: 0.21ms
[7169.333s][info][gc,phases      ] GC(1314)   Merge Heap Roots: 0.50ms
[7169.333s][info][gc,phases      ] GC(1314)   Evacuate Collection Set: 160.58ms
[7169.333s][info][gc,phases      ] GC(1314)   Post Evacuate Collection Set: 0.97ms
[7169.333s][info][gc,phases      ] GC(1314)   Other: 0.06ms
[7169.333s][info][gc,heap        ] GC(1314) Eden regions: 569->0(567)
[7169.333s][info][gc,heap        ] GC(1314) Survivor regions: 45->47(77)
[7169.333s][info][gc,heap        ] GC(1314) Old regions: 188->195
[7169.333s][info][gc,heap        ] GC(1314) Humongous regions: 33->33
[7169.333s][info][gc,metaspace   ] GC(1314) Metaspace: 29948K(30400K)->29948K(30400K) NonClass: 24540K(24768K)->24540K(24768K) Class: 5408K(5632K)->5408K(5632K)
[7169.333s][info][gc             ] GC(1314) Pause Young (Normal) (G1 Evacuation Pause) 6664M->2178M(8192M) 162.460ms
[7169.333s][info][gc,cpu         ] GC(1314) User=1.28s Sys=0.00s Real=0.16s
...[7172.348s][info][gc,start       ] GC(1315) Pause Young (Normal) (G1 Evacuation Pause)
[7172.348s][info][gc,task        ] GC(1315) Using 8 workers of 8 for evacuation
[7172.507s][info][gc,phases      ] GC(1315)   Pre Evacuate Collection Set: 0.22ms
[7172.507s][info][gc,phases      ] GC(1315)   Merge Heap Roots: 0.50ms
[7172.507s][info][gc,phases      ] GC(1315)   Evacuate Collection Set: 156.67ms
[7172.507s][info][gc,phases      ] GC(1315)   Post Evacuate Collection Set: 0.99ms
[7172.507s][info][gc,phases      ] GC(1315)   Other: 0.07ms
[7172.507s][info][gc,heap        ] GC(1315) Eden regions: 567->0(569)
[7172.507s][info][gc,heap        ] GC(1315) Survivor regions: 47->45(77)
[7172.507s][info][gc,heap        ] GC(1315) Old regions: 195->203
[7172.507s][info][gc,heap        ] GC(1315) Humongous regions: 33->33
[7172.507s][info][gc,metaspace   ] GC(1315) Metaspace: 29948K(30400K)->29948K(30400K) NonClass: 24540K(24768K)->24540K(24768K) Class: 5408K(5632K)->5408K(5632K)
[7172.507s][info][gc             ] GC(1315) Pause Young (Normal) (G1 Evacuation Pause) 6714M->2224M(8192M) 158.578ms
[7172.507s][info][gc,cpu         ] GC(1315) User=1.26s Sys=0.00s Real=0.16s
...[7175.481s][info][gc,start       ] GC(1316) Pause Young (Normal) (G1 Evacuation Pause)
[7175.481s][info][gc,task        ] GC(1316) Using 8 workers of 8 for evacuation
[7175.642s][info][gc,phases      ] GC(1316)   Pre Evacuate Collection Set: 0.21ms
[7175.643s][info][gc,phases      ] GC(1316)   Merge Heap Roots: 0.51ms
[7175.643s][info][gc,phases      ] GC(1316)   Evacuate Collection Set: 159.42ms
[7175.643s][info][gc,phases      ] GC(1316)   Post Evacuate Collection Set: 1.00ms
[7175.643s][info][gc,phases      ] GC(1316)   Other: 0.07ms
[7175.643s][info][gc,heap        ] GC(1316) Eden regions: 569->0(568)
[7175.643s][info][gc,heap        ] GC(1316) Survivor regions: 45->46(77)
[7175.643s][info][gc,heap        ] GC(1316) Old regions: 203->210
[7175.643s][info][gc,heap        ] GC(1316) Humongous regions: 33->33
[7175.643s][info][gc,metaspace   ] GC(1316) Metaspace: 29948K(30400K)->29948K(30400K) NonClass: 24540K(24768K)->24540K(24768K) Class: 5408K(5632K)->5408K(5632K)
[7175.643s][info][gc             ] GC(1316) Pause Young (Normal) (G1 Evacuation Pause) 6776M->2295M(8192M) 162.149ms
[7175.643s][info][gc,cpu         ] GC(1316) User=1.28s Sys=0.00s Real=0.16s
...[7178.403s][info][gc,start       ] GC(1317) Pause Young (Normal) (G1 Evacuation Pause)
[7178.403s][info][gc,task        ] GC(1317) Using 8 workers of 8 for evacuation
[7178.567s][info][gc,phases      ] GC(1317)   Pre Evacuate Collection Set: 0.22ms
[7178.567s][info][gc,phases      ] GC(1317)   Merge Heap Roots: 0.54ms
[7178.567s][info][gc,phases      ] GC(1317)   Evacuate Collection Set: 161.95ms
[7178.567s][info][gc,phases      ] GC(1317)   Post Evacuate Collection Set: 1.01ms
[7178.567s][info][gc,phases      ] GC(1317)   Other: 0.07ms
[7178.567s][info][gc,heap        ] GC(1317) Eden regions: 568->0(566)
[7178.567s][info][gc,heap        ] GC(1317) Survivor regions: 46->48(77)
[7178.567s][info][gc,heap        ] GC(1317) Old regions: 210->217
[7178.567s][info][gc,heap        ] GC(1317) Humongous regions: 33->33
[7178.567s][info][gc,metaspace   ] GC(1317) Metaspace: 29948K(30400K)->29948K(30400K) NonClass: 24540K(24768K)->24540K(24768K) Class: 5408K(5632K)->5408K(5632K)
[7178.567s][info][gc             ] GC(1317) Pause Young (Normal) (G1 Evacuation Pause) 6839M->2363M(8192M) 163.908ms
[7178.567s][info][gc,cpu         ] GC(1317) User=1.30s Sys=0.00s Real=0.17s
...[7181.504s][info][gc,start       ] GC(1318) Pause Young (Normal) (G1 Evacuation Pause)
[7181.504s][info][gc,task        ] GC(1318) Using 8 workers of 8 for evacuation
[7181.661s][info][gc,phases      ] GC(1318)   Pre Evacuate Collection Set: 0.21ms
[7181.661s][info][gc,phases      ] GC(1318)   Merge Heap Roots: 0.48ms
[7181.661s][info][gc,phases      ] GC(1318)   Evacuate Collection Set: 154.64ms
[7181.661s][info][gc,phases      ] GC(1318)   Post Evacuate Collection Set: 1.01ms
[7181.661s][info][gc,phases      ] GC(1318)   Other: 0.06ms
[7181.661s][info][gc,heap        ] GC(1318) Eden regions: 566->0(568)
[7181.661s][info][gc,heap        ] GC(1318) Survivor regions: 48->46(77)
[7181.661s][info][gc,heap        ] GC(1318) Old regions: 217->224
[7181.661s][info][gc,heap        ] GC(1318) Humongous regions: 33->33
[7181.661s][info][gc,metaspace   ] GC(1318) Metaspace: 29948K(30400K)->29948K(30400K) NonClass: 24540K(24768K)->24540K(24768K) Class: 5408K(5632K)->5408K(5632K)
[7181.661s][info][gc             ] GC(1318) Pause Young (Normal) (G1 Evacuation Pause) 6891M->2403M(8192M) 156.534ms
[7181.661s][info][gc,cpu         ] GC(1318) User=1.24s Sys=0.00s Real=0.16s
...[7184.421s][info][gc,start       ] GC(1319) Pause Young (Normal) (G1 Evacuation Pause)
[7184.421s][info][gc,task        ] GC(1319) Using 8 workers of 8 for evacuation
[7184.572s][info][gc,phases      ] GC(1319)   Pre Evacuate Collection Set: 0.22ms
[7184.572s][info][gc,phases      ] GC(1319)   Merge Heap Roots: 0.53ms
[7184.572s][info][gc,phases      ] GC(1319)   Evacuate Collection Set: 149.82ms
[7184.572s][info][gc,phases      ] GC(1319)   Post Evacuate Collection Set: 0.98ms
[7184.572s][info][gc,phases      ] GC(1319)   Other: 0.06ms
[7184.572s][info][gc,heap        ] GC(1319) Eden regions: 568->0(571)
[7184.572s][info][gc,heap        ] GC(1319) Survivor regions: 46->43(77)
[7184.572s][info][gc,heap        ] GC(1319) Old regions: 224->231
[7184.572s][info][gc,heap        ] GC(1319) Humongous regions: 33->33
[7184.572s][info][gc,metaspace   ] GC(1319) Metaspace: 29948K(30400K)->29948K(30400K) NonClass: 24540K(24768K)->24540K(24768K) Class: 5408K(5632K)->5408K(5632K)
[7184.573s][info][gc             ] GC(1319) Pause Young (Normal) (G1 Evacuation Pause) 6947M->2437M(8192M) 151.752ms
[7184.573s][info][gc,cpu         ] GC(1319) User=1.20s Sys=0.00s Real=0.15s
.. (rIR:aIR:PR = 12647:12534:12444) (tPR = 184896) [PR is under limit] 
  7185s: Performance info:
         Transaction,    Success,    Partial,     Failed,   Receipts, AvgBarcode, 
             Overall,    1121464,          0,          0,    1064713,      59.47, 
         Response times:
             Request,    Success,    Partial,     Failed,   SkipFail,     Probes,    Samples,      min,      p50,      p90,      p95,      p99,      max, 
       TotalPurchase,    1072433,          0,          0,          0,     335715,     725849,      500,   277000,   593000,   700000,   970000, 17000000,
     InStorePurchase,     563711,          0,          0,          0,     172518,     381792,      500,   274000,   588000,   720000,   970000, 17000000,
      OnlinePurchase,     394586,          0,          0,          0,     122914,     266993,      600,   277000,   593000,   680000,   970000, 17000000,
        InstPurchase,     114136,          0,          0,          0,      40283,      77064,      500,   288000,   620000,   740000,   940000, 14000000,
          AssocOfCat,       1141,          0,          0,          0,        763,       1488,    64000,   349000,   640000,   760000,   951100,  5000000,
      AssocOfProduct,      11328,          0,          0,          0,       4140,       8058,     1700,   274000,   585000,   790000,  1400000,  9500000,
      BusinessReport,       2843,          0,          0,          0,       1815,       3731,    72000,   354000,   650000,   780000,   980000,  3100000,
          CustBuyBeh,      11378,          0,          0,          0,       4061,       7884,     1900,   279000,   554000,   660000,   920000,  3800000,
       ProductReturn,      30487,          0,          0,          0,      11634,      20860,     1200,   282000,   593000,   680000,   940000,  9400000,

  7185s: 
  7185s: Failed, 8 overall retries left, retrying 1 of 1
  7185s: (89%)   IR =  12647 .[7187.588s][info][gc,start       ] GC(1320) Pause Young (Normal) (G1 Evacuation Pause)
[7187.588s][info][gc,task        ] GC(1320) Using 8 workers of 8 for evacuation
[7187.755s][info][gc,phases      ] GC(1320)   Pre Evacuate Collection Set: 0.21ms
[7187.755s][info][gc,phases      ] GC(1320)   Merge Heap Roots: 0.47ms
[7187.755s][info][gc,phases      ] GC(1320)   Evacuate Collection Set: 165.53ms
[7187.755s][info][gc,phases      ] GC(1320)   Post Evacuate Collection Set: 1.00ms
[7187.755s][info][gc,phases      ] GC(1320)   Other: 0.07ms
[7187.755s][info][gc,heap        ] GC(1320) Eden regions: 571->0(567)
[7187.755s][info][gc,heap        ] GC(1320) Survivor regions: 43->47(77)
[7187.755s][info][gc,heap        ] GC(1320) Old regions: 231->238
[7187.755s][info][gc,heap        ] GC(1320) Humongous regions: 33->33
[7187.755s][info][gc,metaspace   ] GC(1320) Metaspace: 29948K(30400K)->29948K(30400K) NonClass: 24540K(24768K)->24540K(24768K) Class: 5408K(5632K)->5408K(5632K)
[7187.755s][info][gc             ] GC(1320) Pause Young (Normal) (G1 Evacuation Pause) 7005M->2531M(8192M) 167.431ms
[7187.755s][info][gc,cpu         ] GC(1320) User=1.33s Sys=0.00s Real=0.17s
...[7190.645s][info][gc,start       ] GC(1321) Pause Young (Normal) (G1 Evacuation Pause)
[7190.645s][info][gc,task        ] GC(1321) Using 8 workers of 8 for evacuation
[7190.801s][info][gc,phases      ] GC(1321)   Pre Evacuate Collection Set: 0.21ms
[7190.801s][info][gc,phases      ] GC(1321)   Merge Heap Roots: 0.51ms
[7190.801s][info][gc,phases      ] GC(1321)   Evacuate Collection Set: 153.69ms
[7190.801s][info][gc,phases      ] GC(1321)   Post Evacuate Collection Set: 1.05ms
[7190.801s][info][gc,phases      ] GC(1321)   Other: 0.06ms
[7190.801s][info][gc,heap        ] GC(1321) Eden regions: 567->0(570)
[7190.801s][info][gc,heap        ] GC(1321) Survivor regions: 47->44(77)
[7190.801s][info][gc,heap        ] GC(1321) Old regions: 238->246
[7190.801s][info][gc,heap        ] GC(1321) Humongous regions: 33->33
[7190.801s][info][gc,metaspace   ] GC(1321) Metaspace: 29948K(30400K)->29948K(30400K) NonClass: 24540K(24768K)->24540K(24768K) Class: 5408K(5632K)->5408K(5632K)
[7190.801s][info][gc             ] GC(1321) Pause Young (Normal) (G1 Evacuation Pause) 7067M->2566M(8192M) 155.662ms
[7190.801s][info][gc,cpu         ] GC(1321) User=1.24s Sys=0.00s Real=0.15s
...[7193.750s][info][gc,start       ] GC(1322) Pause Young (Normal) (G1 Evacuation Pause)
[7193.750s][info][gc,task        ] GC(1322) Using 8 workers of 8 for evacuation
[7193.902s][info][gc,phases      ] GC(1322)   Pre Evacuate Collection Set: 0.21ms
[7193.902s][info][gc,phases      ] GC(1322)   Merge Heap Roots: 0.50ms
[7193.902s][info][gc,phases      ] GC(1322)   Evacuate Collection Set: 150.76ms
[7193.902s][info][gc,phases      ] GC(1322)   Post Evacuate Collection Set: 0.98ms
[7193.902s][info][gc,phases      ] GC(1322)   Other: 0.06ms
[7193.902s][info][gc,heap        ] GC(1322) Eden regions: 570->0(571)
[7193.902s][info][gc,heap        ] GC(1322) Survivor regions: 44->43(77)
[7193.902s][info][gc,heap        ] GC(1322) Old regions: 246->253
[7193.902s][info][gc,heap        ] GC(1322) Humongous regions: 33->33
[7193.902s][info][gc,metaspace   ] GC(1322) Metaspace: 29948K(30400K)->29948K(30400K) NonClass: 24540K(24768K)->24540K(24768K) Class: 5408K(5632K)->5408K(5632K)
[7193.902s][info][gc             ] GC(1322) Pause Young (Normal) (G1 Evacuation Pause) 7126M->2615M(8192M) 152.644ms
[7193.902s][info][gc,cpu         ] GC(1322) User=1.21s Sys=0.00s Real=0.15s
...[7196.713s][info][gc,start       ] GC(1323) Pause Young (Normal) (G1 Evacuation Pause)
[7196.713s][info][gc,task        ] GC(1323) Using 8 workers of 8 for evacuation
[7196.866s][info][gc,phases      ] GC(1323)   Pre Evacuate Collection Set: 0.22ms
[7196.866s][info][gc,phases      ] GC(1323)   Merge Heap Roots: 0.48ms
[7196.866s][info][gc,phases      ] GC(1323)   Evacuate Collection Set: 151.29ms
[7196.866s][info][gc,phases      ] GC(1323)   Post Evacuate Collection Set: 0.99ms
[7196.866s][info][gc,phases      ] GC(1323)   Other: 0.06ms
[7196.866s][info][gc,heap        ] GC(1323) Eden regions: 571->0(569)
[7196.866s][info][gc,heap        ] GC(1323) Survivor regions: 43->45(77)
[7196.866s][info][gc,heap        ] GC(1323) Old regions: 253->260
[7196.866s][info][gc,heap        ] GC(1323) Humongous regions: 33->33
[7196.866s][info][gc,metaspace   ] GC(1323) Metaspace: 29948K(30400K)->29948K(30400K) NonClass: 24540K(24768K)->24540K(24768K) Class: 5408K(5632K)->5408K(5632K)
[7196.866s][info][gc             ] GC(1323) Pause Young (Normal) (G1 Evacuation Pause) 7183M->2687M(8192M) 153.190ms
[7196.866s][info][gc,cpu         ] GC(1323) User=1.21s Sys=0.00s Real=0.16s
...[7199.732s][info][gc,start       ] GC(1324) Pause Young (Normal) (G1 Evacuation Pause)
[7199.732s][info][gc,task        ] GC(1324) Using 8 workers of 8 for evacuation
[7199.887s][info][gc,phases      ] GC(1324)   Pre Evacuate Collection Set: 0.22ms
[7199.887s][info][gc,phases      ] GC(1324)   Merge Heap Roots: 0.47ms
[7199.887s][info][gc,phases      ] GC(1324)   Evacuate Collection Set: 153.06ms
[7199.887s][info][gc,phases      ] GC(1324)   Post Evacuate Collection Set: 0.96ms
[7199.887s][info][gc,phases      ] GC(1324)   Other: 0.06ms
[7199.887s][info][gc,heap        ] GC(1324) Eden regions: 569->0(569)
[7199.887s][info][gc,heap        ] GC(1324) Survivor regions: 45->45(77)
[7199.887s][info][gc,heap        ] GC(1324) Old regions: 260->267
[7199.887s][info][gc,heap        ] GC(1324) Humongous regions: 33->33
[7199.887s][info][gc,metaspace   ] GC(1324) Metaspace: 29948K(30400K)->29948K(30400K) NonClass: 24540K(24768K)->24540K(24768K) Class: 5408K(5632K)->5408K(5632K)
[7199.887s][info][gc             ] GC(1324) Pause Young (Normal) (G1 Evacuation Pause) 7239M->2742M(8192M) 154.894ms
[7199.887s][info][gc,cpu         ] GC(1324) User=1.22s Sys=0.00s Real=0.16s
...[7202.820s][info][gc,start       ] GC(1325) Pause Young (Normal) (G1 Evacuation Pause)
[7202.820s][info][gc,task        ] GC(1325) Using 8 workers of 8 for evacuation
[7202.978s][info][gc,phases      ] GC(1325)   Pre Evacuate Collection Set: 0.22ms
[7202.978s][info][gc,phases      ] GC(1325)   Merge Heap Roots: 0.50ms
[7202.978s][info][gc,phases      ] GC(1325)   Evacuate Collection Set: 155.88ms
[7202.978s][info][gc,phases      ] GC(1325)   Post Evacuate Collection Set: 0.99ms
[7202.978s][info][gc,phases      ] GC(1325)   Other: 0.07ms
[7202.978s][info][gc,heap        ] GC(1325) Eden regions: 569->0(570)
[7202.978s][info][gc,heap        ] GC(1325) Survivor regions: 45->44(77)
[7202.978s][info][gc,heap        ] GC(1325) Old regions: 267->274
[7202.978s][info][gc,heap        ] GC(1325) Humongous regions: 33->33
[7202.978s][info][gc,metaspace   ] GC(1325) Metaspace: 29948K(30400K)->29948K(30400K) NonClass: 24540K(24768K)->24540K(24768K) Class: 5408K(5632K)->5408K(5632K)
[7202.978s][info][gc             ] GC(1325) Pause Young (Normal) (G1 Evacuation Pause) 7294M->2792M(8192M) 157.801ms
[7202.978s][info][gc,cpu         ] GC(1325) User=1.26s Sys=0.00s Real=0.16s
...[7205.852s][info][gc,start       ] GC(1326) Pause Young (Normal) (G1 Evacuation Pause)
[7205.852s][info][gc,task        ] GC(1326) Using 8 workers of 8 for evacuation
[7206.023s][info][gc,phases      ] GC(1326)   Pre Evacuate Collection Set: 0.21ms
[7206.023s][info][gc,phases      ] GC(1326)   Merge Heap Roots: 0.51ms
[7206.023s][info][gc,phases      ] GC(1326)   Evacuate Collection Set: 169.40ms
[7206.023s][info][gc,phases      ] GC(1326)   Post Evacuate Collection Set: 0.99ms
[7206.023s][info][gc,phases      ] GC(1326)   Other: 0.06ms
[7206.023s][info][gc,heap        ] GC(1326) Eden regions: 570->0(558)
[7206.023s][info][gc,heap        ] GC(1326) Survivor regions: 44->50(77)
[7206.023s][info][gc,heap        ] GC(1326) Old regions: 274->281
[7206.023s][info][gc,heap        ] GC(1326) Humongous regions: 33->33
[7206.023s][info][gc,metaspace   ] GC(1326) Metaspace: 29948K(30400K)->29948K(30400K) NonClass: 24540K(24768K)->24540K(24768K) Class: 5408K(5632K)->5408K(5632K)
[7206.023s][info][gc             ] GC(1326) Pause Young (Normal) (G1 Evacuation Pause) 7352M->2894M(8192M) 171.310ms
[7206.023s][info][gc,cpu         ] GC(1326) User=1.36s Sys=0.01s Real=0.17s
...[7208.865s][info][gc,start       ] GC(1327) Pause Young (Normal) (G1 Evacuation Pause)
[7208.865s][info][gc,task        ] GC(1327) Using 8 workers of 8 for evacuation
[7209.016s][info][gc,phases      ] GC(1327)   Pre Evacuate Collection Set: 0.23ms
[7209.016s][info][gc,phases      ] GC(1327)   Merge Heap Roots: 0.53ms
[7209.016s][info][gc,phases      ] GC(1327)   Evacuate Collection Set: 148.57ms
[7209.016s][info][gc,phases      ] GC(1327)   Post Evacuate Collection Set: 0.98ms
[7209.016s][info][gc,phases      ] GC(1327)   Other: 0.08ms
[7209.016s][info][gc,heap        ] GC(1327) Eden regions: 558->0(565)
[7209.016s][info][gc,heap        ] GC(1327) Survivor regions: 50->43(76)
[7209.016s][info][gc,heap        ] GC(1327) Old regions: 281->288
[7209.016s][info][gc,heap        ] GC(1327) Humongous regions: 33->33
[7209.016s][info][gc,metaspace   ] GC(1327) Metaspace: 29948K(30400K)->29948K(30400K) NonClass: 24540K(24768K)->24540K(24768K) Class: 5408K(5632K)->5408K(5632K)
[7209.016s][info][gc             ] GC(1327) Pause Young (Normal) (G1 Evacuation Pause) 7358M->2895M(8192M) 150.542ms
[7209.016s][info][gc,cpu         ] GC(1327) User=1.19s Sys=0.00s Real=0.15s
...[7211.826s][info][gc,start       ] GC(1328) Pause Young (Normal) (G1 Evacuation Pause)
[7211.826s][info][gc,task        ] GC(1328) Using 8 workers of 8 for evacuation
[7211.982s][info][gc,phases      ] GC(1328)   Pre Evacuate Collection Set: 0.24ms
[7211.982s][info][gc,phases      ] GC(1328)   Merge Heap Roots: 0.53ms
[7211.982s][info][gc,phases      ] GC(1328)   Evacuate Collection Set: 154.10ms
[7211.982s][info][gc,phases      ] GC(1328)   Post Evacuate Collection Set: 0.97ms
[7211.982s][info][gc,phases      ] GC(1328)   Other: 0.06ms
[7211.982s][info][gc,heap        ] GC(1328) Eden regions: 565->0(555)
[7211.982s][info][gc,heap        ] GC(1328) Survivor regions: 43->44(76)
[7211.982s][info][gc,heap        ] GC(1328) Old regions: 288->296
[7211.982s][info][gc,heap        ] GC(1328) Humongous regions: 33->33
[7211.982s][info][gc,metaspace   ] GC(1328) Metaspace: 29948K(30400K)->29948K(30400K) NonClass: 24540K(24768K)->24540K(24768K) Class: 5408K(5632K)->5408K(5632K)
[7211.982s][info][gc             ] GC(1328) Pause Young (Normal) (G1 Evacuation Pause) 7415M->2968M(8192M) 156.022ms
[7211.982s][info][gc,cpu         ] GC(1328) User=1.24s Sys=0.00s Real=0.15s
...[7214.815s][info][gc,start       ] GC(1329) Pause Young (Normal) (G1 Evacuation Pause)
[7214.815s][info][gc,task        ] GC(1329) Using 8 workers of 8 for evacuation
[7214.963s][info][gc,phases      ] GC(1329)   Pre Evacuate Collection Set: 0.23ms
[7214.963s][info][gc,phases      ] GC(1329)   Merge Heap Roots: 0.50ms
[7214.963s][info][gc,phases      ] GC(1329)   Evacuate Collection Set: 145.75ms
[7214.963s][info][gc,phases      ] GC(1329)   Post Evacuate Collection Set: 0.96ms
[7214.963s][info][gc,phases      ] GC(1329)   Other: 0.06ms
[7214.963s][info][gc,heap        ] GC(1329) Eden regions: 555->0(552)
[7214.963s][info][gc,heap        ] GC(1329) Survivor regions: 44->42(75)
[7214.963s][info][gc,heap        ] GC(1329) Old regions: 296->303
[7214.963s][info][gc,heap        ] GC(1329) Humongous regions: 33->33
[7214.963s][info][gc,metaspace   ] GC(1329) Metaspace: 29948K(30400K)->29948K(30400K) NonClass: 24540K(24768K)->24540K(24768K) Class: 5408K(5632K)->5408K(5632K)
[7214.963s][info][gc             ] GC(1329) Pause Young (Normal) (G1 Evacuation Pause) 7408M->3007M(8192M) 147.631ms
[7214.963s][info][gc,cpu         ] GC(1329) User=1.17s Sys=0.00s Real=0.14s
...[7217.856s][info][gc,start       ] GC(1330) Pause Young (Concurrent Start) (G1 Evacuation Pause)
[7217.856s][info][gc,task        ] GC(1330) Using 8 workers of 8 for evacuation
[7218.011s][info][gc,phases      ] GC(1330)   Pre Evacuate Collection Set: 0.25ms
[7218.011s][info][gc,phases      ] GC(1330)   Merge Heap Roots: 0.50ms
[7218.011s][info][gc,phases      ] GC(1330)   Evacuate Collection Set: 153.19ms
[7218.011s][info][gc,phases      ] GC(1330)   Post Evacuate Collection Set: 0.95ms
[7218.011s][info][gc,phases      ] GC(1330)   Other: 0.08ms
[7218.011s][info][gc,heap        ] GC(1330) Eden regions: 552->0(540)
[7218.011s][info][gc,heap        ] GC(1330) Survivor regions: 42->44(75)
[7218.011s][info][gc,heap        ] GC(1330) Old regions: 303->311
[7218.011s][info][gc,heap        ] GC(1330) Humongous regions: 33->33
[7218.011s][info][gc,metaspace   ] GC(1330) Metaspace: 29948K(30400K)->29948K(30400K) NonClass: 24540K(24768K)->24540K(24768K) Class: 5408K(5632K)->5408K(5632K)
[7218.011s][info][gc             ] GC(1330) Pause Young (Concurrent Start) (G1 Evacuation Pause) 7423M->3084M(8192M) 155.118ms
[7218.011s][info][gc             ] GC(1331) Concurrent Mark Cycle
[7218.011s][info][gc,marking     ] GC(1331) Concurrent Scan Root Regions
[7218.011s][info][gc,cpu         ] GC(1330) User=1.23s Sys=0.00s Real=0.15s
.[7218.362s][info][gc,marking     ] GC(1331) Concurrent Scan Root Regions 350.694ms
[7218.362s][info][gc,marking     ] GC(1331) Concurrent Mark
[7218.362s][info][gc,marking     ] GC(1331) Concurrent Mark From Roots
[7218.362s][info][gc,task        ] GC(1331) Using 2 workers of 2 for marking
.[7219.755s][info][gc,marking     ] GC(1331) Concurrent Mark From Roots 1393.042ms
[7219.755s][info][gc,marking     ] GC(1331) Concurrent Preclean
[7219.755s][info][gc,marking     ] GC(1331) Concurrent Preclean 0.084ms
[7219.755s][info][gc,start       ] GC(1331) Pause Remark
[7219.757s][info][gc             ] GC(1331) Pause Remark 5025M->4449M(8192M) 1.559ms
[7219.757s][info][gc,cpu         ] GC(1331) User=0.01s Sys=0.00s Real=0.00s
[7219.757s][info][gc,marking     ] GC(1331) Concurrent Mark 1394.935ms
[7219.757s][info][gc,marking     ] GC(1331) Concurrent Rebuild Remembered Sets and Scrub Regions
.[7220.600s][info][gc,marking     ] GC(1331) Concurrent Rebuild Remembered Sets and Scrub Regions 843.290ms
[7220.601s][info][gc,start       ] GC(1331) Pause Cleanup
[7220.601s][info][gc             ] GC(1331) Pause Cleanup 5565M->5565M(8192M) 0.277ms
[7220.601s][info][gc,cpu         ] GC(1331) User=0.00s Sys=0.00s Real=0.00s
[7220.601s][info][gc,marking     ] GC(1331) Concurrent Clear Claimed Marks
[7220.601s][info][gc,marking     ] GC(1331) Concurrent Clear Claimed Marks 0.046ms
[7220.601s][info][gc,marking     ] GC(1331) Concurrent Cleanup for Next Mark
[7220.611s][info][gc,marking     ] GC(1331) Concurrent Cleanup for Next Mark 9.866ms
[7220.611s][info][gc             ] GC(1331) Concurrent Mark Cycle 2599.542ms
.[7221.442s][info][gc,start       ] GC(1332) Pause Young (Prepare Mixed) (G1 Evacuation Pause)
[7221.442s][info][gc,task        ] GC(1332) Using 8 workers of 8 for evacuation
[7221.594s][info][gc,phases      ] GC(1332)   Pre Evacuate Collection Set: 0.22ms
[7221.594s][info][gc,phases      ] GC(1332)   Merge Heap Roots: 0.75ms
[7221.594s][info][gc,phases      ] GC(1332)   Evacuate Collection Set: 149.31ms
[7221.594s][info][gc,phases      ] GC(1332)   Post Evacuate Collection Set: 1.09ms
[7221.594s][info][gc,phases      ] GC(1332)   Other: 0.07ms
[7221.594s][info][gc,heap        ] GC(1332) Eden regions: 540->0(570)
[7221.594s][info][gc,heap        ] GC(1332) Survivor regions: 44->44(73)
[7221.594s][info][gc,heap        ] GC(1332) Old regions: 239->246
[7221.594s][info][gc,heap        ] GC(1332) Humongous regions: 33->33
[7221.594s][info][gc,metaspace   ] GC(1332) Metaspace: 29948K(30400K)->29948K(30400K) NonClass: 24540K(24768K)->24540K(24768K) Class: 5408K(5632K)->5408K(5632K)
[7221.594s][info][gc             ] GC(1332) Pause Young (Prepare Mixed) (G1 Evacuation Pause) 6828M->2571M(8192M) 151.581ms
[7221.594s][info][gc,cpu         ] GC(1332) User=1.19s Sys=0.00s Real=0.15s
...[7224.533s][info][gc,start       ] GC(1333) Pause Young (Mixed) (G1 Evacuation Pause)
[7224.533s][info][gc,task        ] GC(1333) Using 8 workers of 8 for evacuation
[7224.690s][info][gc,phases      ] GC(1333)   Pre Evacuate Collection Set: 0.25ms
[7224.690s][info][gc,phases      ] GC(1333)   Merge Heap Roots: 0.88ms
[7224.690s][info][gc,phases      ] GC(1333)   Evacuate Collection Set: 154.60ms
[7224.691s][info][gc,phases      ] GC(1333)   Post Evacuate Collection Set: 1.20ms
[7224.691s][info][gc,phases      ] GC(1333)   Other: 0.09ms
[7224.691s][info][gc,heap        ] GC(1333) Eden regions: 570->0(572)
[7224.691s][info][gc,heap        ] GC(1333) Survivor regions: 44->42(77)
[7224.691s][info][gc,heap        ] GC(1333) Old regions: 246->152
[7224.691s][info][gc,heap        ] GC(1333) Humongous regions: 33->33
[7224.691s][info][gc,metaspace   ] GC(1333) Metaspace: 29948K(30400K)->29948K(30400K) NonClass: 24540K(24768K)->24540K(24768K) Class: 5408K(5632K)->5408K(5632K)
[7224.691s][info][gc             ] GC(1333) Pause Young (Mixed) (G1 Evacuation Pause) 7131M->1801M(8192M) 157.172ms
[7224.691s][info][gc,cpu         ] GC(1333) User=1.24s Sys=0.00s Real=0.16s
...[7227.591s][info][gc,start       ] GC(1334) Pause Young (Mixed) (G1 Evacuation Pause)
[7227.591s][info][gc,task        ] GC(1334) Using 8 workers of 8 for evacuation
[7227.754s][info][gc,phases      ] GC(1334)   Pre Evacuate Collection Set: 0.22ms
[7227.754s][info][gc,phases      ] GC(1334)   Merge Heap Roots: 0.63ms
[7227.754s][info][gc,phases      ] GC(1334)   Evacuate Collection Set: 160.27ms
[7227.754s][info][gc,phases      ] GC(1334)   Post Evacuate Collection Set: 1.06ms
[7227.754s][info][gc,phases      ] GC(1334)   Other: 0.08ms
[7227.754s][info][gc,heap        ] GC(1334) Eden regions: 572->0(569)
[7227.754s][info][gc,heap        ] GC(1334) Survivor regions: 42->45(77)
[7227.754s][info][gc,heap        ] GC(1334) Old regions: 152->145
[7227.754s][info][gc,heap        ] GC(1334) Humongous regions: 33->33
[7227.754s][info][gc,metaspace   ] GC(1334) Metaspace: 29948K(30400K)->29948K(30400K) NonClass: 24540K(24768K)->24540K(24768K) Class: 5408K(5632K)->5408K(5632K)
[7227.754s][info][gc             ] GC(1334) Pause Young (Mixed) (G1 Evacuation Pause) 6377M->1766M(8192M) 162.396ms
[7227.754s][info][gc,cpu         ] GC(1334) User=1.29s Sys=0.00s Real=0.16s
...[7230.649s][info][gc,start       ] GC(1335) Pause Young (Normal) (G1 Evacuation Pause)
[7230.649s][info][gc,task        ] GC(1335) Using 8 workers of 8 for evacuation
[7230.803s][info][gc,phases      ] GC(1335)   Pre Evacuate Collection Set: 0.23ms
[7230.803s][info][gc,phases      ] GC(1335)   Merge Heap Roots: 0.51ms
[7230.803s][info][gc,phases      ] GC(1335)   Evacuate Collection Set: 151.77ms
[7230.803s][info][gc,phases      ] GC(1335)   Post Evacuate Collection Set: 1.00ms
[7230.803s][info][gc,phases      ] GC(1335)   Other: 0.06ms
[7230.803s][info][gc,heap        ] GC(1335) Eden regions: 569->0(570)
[7230.803s][info][gc,heap        ] GC(1335) Survivor regions: 45->44(77)
[7230.803s][info][gc,heap        ] GC(1335) Old regions: 145->152
[7230.803s][info][gc,heap        ] GC(1335) Humongous regions: 33->33
[7230.803s][info][gc,metaspace   ] GC(1335) Metaspace: 29948K(30400K)->29948K(30400K) NonClass: 24540K(24768K)->24540K(24768K) Class: 5408K(5632K)->5408K(5632K)
[7230.803s][info][gc             ] GC(1335) Pause Young (Normal) (G1 Evacuation Pause) 6318M->1811M(8192M) 153.714ms
[7230.803s][info][gc,cpu         ] GC(1335) User=1.22s Sys=0.00s Real=0.15s
...[7233.665s][info][gc,start       ] GC(1336) Pause Young (Normal) (G1 Evacuation Pause)
[7233.665s][info][gc,task        ] GC(1336) Using 8 workers of 8 for evacuation
[7233.819s][info][gc,phases      ] GC(1336)   Pre Evacuate Collection Set: 0.22ms
[7233.819s][info][gc,phases      ] GC(1336)   Merge Heap Roots: 0.51ms
[7233.819s][info][gc,phases      ] GC(1336)   Evacuate Collection Set: 152.12ms
[7233.819s][info][gc,phases      ] GC(1336)   Post Evacuate Collection Set: 0.99ms
[7233.819s][info][gc,phases      ] GC(1336)   Other: 0.08ms
[7233.819s][info][gc,heap        ] GC(1336) Eden regions: 570->0(570)
[7233.819s][info][gc,heap        ] GC(1336) Survivor regions: 44->44(77)
[7233.819s][info][gc,heap        ] GC(1336) Old regions: 152->159
[7233.819s][info][gc,heap        ] GC(1336) Humongous regions: 33->33
[7233.819s][info][gc,metaspace   ] GC(1336) Metaspace: 29948K(30400K)->29948K(30400K) NonClass: 24540K(24768K)->24540K(24768K) Class: 5408K(5632K)->5408K(5632K)
[7233.819s][info][gc             ] GC(1336) Pause Young (Normal) (G1 Evacuation Pause) 6371M->1871M(8192M) 154.050ms
[7233.819s][info][gc,cpu         ] GC(1336) User=1.22s Sys=0.00s Real=0.15s
...[7236.614s][info][gc,start       ] GC(1337) Pause Young (Normal) (G1 Evacuation Pause)
[7236.614s][info][gc,task        ] GC(1337) Using 8 workers of 8 for evacuation
[7236.765s][info][gc,phases      ] GC(1337)   Pre Evacuate Collection Set: 0.22ms
[7236.765s][info][gc,phases      ] GC(1337)   Merge Heap Roots: 0.51ms
[7236.765s][info][gc,phases      ] GC(1337)   Evacuate Collection Set: 148.71ms
[7236.765s][info][gc,phases      ] GC(1337)   Post Evacuate Collection Set: 0.98ms
[7236.765s][info][gc,phases      ] GC(1337)   Other: 0.06ms
[7236.765s][info][gc,heap        ] GC(1337) Eden regions: 570->0(570)
[7236.765s][info][gc,heap        ] GC(1337) Survivor regions: 44->44(77)
[7236.765s][info][gc,heap        ] GC(1337) Old regions: 159->166
[7236.765s][info][gc,heap        ] GC(1337) Humongous regions: 33->33
[7236.765s][info][gc,metaspace   ] GC(1337) Metaspace: 29948K(30400K)->29948K(30400K) NonClass: 24540K(24768K)->24540K(24768K) Class: 5408K(5632K)->5408K(5632K)
[7236.765s][info][gc             ] GC(1337) Pause Young (Normal) (G1 Evacuation Pause) 6431M->1926M(8192M) 150.608ms
[7236.765s][info][gc,cpu         ] GC(1337) User=1.19s Sys=0.00s Real=0.16s
...[7239.632s][info][gc,start       ] GC(1338) Pause Young (Normal) (G1 Evacuation Pause)
[7239.632s][info][gc,task        ] GC(1338) Using 8 workers of 8 for evacuation
[7239.791s][info][gc,phases      ] GC(1338)   Pre Evacuate Collection Set: 0.23ms
[7239.791s][info][gc,phases      ] GC(1338)   Merge Heap Roots: 0.52ms
[7239.791s][info][gc,phases      ] GC(1338)   Evacuate Collection Set: 156.93ms
[7239.791s][info][gc,phases      ] GC(1338)   Post Evacuate Collection Set: 1.00ms
[7239.791s][info][gc,phases      ] GC(1338)   Other: 0.06ms
[7239.791s][info][gc,heap        ] GC(1338) Eden regions: 570->0(568)
[7239.791s][info][gc,heap        ] GC(1338) Survivor regions: 44->46(77)
[7239.791s][info][gc,heap        ] GC(1338) Old regions: 166->173
[7239.791s][info][gc,heap        ] GC(1338) Humongous regions: 33->33
[7239.791s][info][gc,metaspace   ] GC(1338) Metaspace: 29948K(30400K)->29948K(30400K) NonClass: 24540K(24768K)->24540K(24768K) Class: 5408K(5632K)->5408K(5632K)
[7239.791s][info][gc             ] GC(1338) Pause Young (Normal) (G1 Evacuation Pause) 6486M->1997M(8192M) 158.878ms
[7239.791s][info][gc,cpu         ] GC(1338) User=1.26s Sys=0.00s Real=0.16s
...[7242.661s][info][gc,start       ] GC(1339) Pause Young (Normal) (G1 Evacuation Pause)
[7242.661s][info][gc,task        ] GC(1339) Using 8 workers of 8 for evacuation
[7242.811s][info][gc,phases      ] GC(1339)   Pre Evacuate Collection Set: 0.23ms
[7242.811s][info][gc,phases      ] GC(1339)   Merge Heap Roots: 0.52ms
[7242.811s][info][gc,phases      ] GC(1339)   Evacuate Collection Set: 148.18ms
[7242.811s][info][gc,phases      ] GC(1339)   Post Evacuate Collection Set: 0.98ms
[7242.811s][info][gc,phases      ] GC(1339)   Other: 0.07ms
[7242.811s][info][gc,heap        ] GC(1339) Eden regions: 568->0(571)
[7242.811s][info][gc,heap        ] GC(1339) Survivor regions: 46->43(77)
[7242.811s][info][gc,heap        ] GC(1339) Old regions: 173->180
[7242.811s][info][gc,heap        ] GC(1339) Humongous regions: 33->33
[7242.811s][info][gc,metaspace   ] GC(1339) Metaspace: 29948K(30400K)->29948K(30400K) NonClass: 24540K(24768K)->24540K(24768K) Class: 5408K(5632K)->5408K(5632K)
[7242.811s][info][gc             ] GC(1339) Pause Young (Normal) (G1 Evacuation Pause) 6541M->2031M(8192M) 150.106ms
[7242.811s][info][gc,cpu         ] GC(1339) User=1.19s Sys=0.00s Real=0.15s
...[7245.749s][info][gc,start       ] GC(1340) Pause Young (Normal) (G1 Evacuation Pause)
[7245.749s][info][gc,task        ] GC(1340) Using 8 workers of 8 for evacuation
[7245.903s][info][gc,phases      ] GC(1340)   Pre Evacuate Collection Set: 0.20ms
[7245.903s][info][gc,phases      ] GC(1340)   Merge Heap Roots: 0.51ms
[7245.903s][info][gc,phases      ] GC(1340)   Evacuate Collection Set: 151.70ms
[7245.903s][info][gc,phases      ] GC(1340)   Post Evacuate Collection Set: 0.98ms
[7245.903s][info][gc,phases      ] GC(1340)   Other: 0.06ms
[7245.903s][info][gc,heap        ] GC(1340) Eden regions: 571->0(571)
[7245.903s][info][gc,heap        ] GC(1340) Survivor regions: 43->43(77)
[7245.903s][info][gc,heap        ] GC(1340) Old regions: 180->188
[7245.903s][info][gc,heap        ] GC(1340) Humongous regions: 33->33
[7245.903s][info][gc,metaspace   ] GC(1340) Metaspace: 29948K(30400K)->29948K(30400K) NonClass: 24540K(24768K)->24540K(24768K) Class: 5408K(5632K)->5408K(5632K)
[7245.903s][info][gc             ] GC(1340) Pause Young (Normal) (G1 Evacuation Pause) 6599M->2095M(8192M) 153.600ms
[7245.903s][info][gc,cpu         ] GC(1340) User=1.21s Sys=0.00s Real=0.15s
...[7248.780s][info][gc,start       ] GC(1341) Pause Young (Normal) (G1 Evacuation Pause)
[7248.780s][info][gc,task        ] GC(1341) Using 8 workers of 8 for evacuation
[7248.935s][info][gc,phases      ] GC(1341)   Pre Evacuate Collection Set: 0.21ms
[7248.936s][info][gc,phases      ] GC(1341)   Merge Heap Roots: 0.51ms
[7248.936s][info][gc,phases      ] GC(1341)   Evacuate Collection Set: 153.91ms
[7248.936s][info][gc,phases      ] GC(1341)   Post Evacuate Collection Set: 0.99ms
[7248.936s][info][gc,phases      ] GC(1341)   Other: 0.06ms
[7248.936s][info][gc,heap        ] GC(1341) Eden regions: 571->0(570)
[7248.936s][info][gc,heap        ] GC(1341) Survivor regions: 43->44(77)
[7248.936s][info][gc,heap        ] GC(1341) Old regions: 188->195
[7248.936s][info][gc,heap        ] GC(1341) Humongous regions: 33->33
[7248.936s][info][gc,metaspace   ] GC(1341) Metaspace: 29948K(30400K)->29948K(30400K) NonClass: 24540K(24768K)->24540K(24768K) Class: 5408K(5632K)->5408K(5632K)
[7248.936s][info][gc             ] GC(1341) Pause Young (Normal) (G1 Evacuation Pause) 6663M->2162M(8192M) 155.821ms
[7248.936s][info][gc,cpu         ] GC(1341) User=1.24s Sys=0.00s Real=0.16s
...[7251.809s][info][gc,start       ] GC(1342) Pause Young (Normal) (G1 Evacuation Pause)
[7251.809s][info][gc,task        ] GC(1342) Using 8 workers of 8 for evacuation
[7251.960s][info][gc,phases      ] GC(1342)   Pre Evacuate Collection Set: 0.22ms
[7251.960s][info][gc,phases      ] GC(1342)   Merge Heap Roots: 0.52ms
[7251.960s][info][gc,phases      ] GC(1342)   Evacuate Collection Set: 148.92ms
[7251.960s][info][gc,phases      ] GC(1342)   Post Evacuate Collection Set: 1.00ms
[7251.960s][info][gc,phases      ] GC(1342)   Other: 0.06ms
[7251.960s][info][gc,heap        ] GC(1342) Eden regions: 570->0(570)
[7251.960s][info][gc,heap        ] GC(1342) Survivor regions: 44->44(77)
[7251.960s][info][gc,heap        ] GC(1342) Old regions: 195->202
[7251.960s][info][gc,heap        ] GC(1342) Humongous regions: 33->33
[7251.960s][info][gc,metaspace   ] GC(1342) Metaspace: 29948K(30400K)->29948K(30400K) NonClass: 24540K(24768K)->24540K(24768K) Class: 5408K(5632K)->5408K(5632K)
[7251.960s][info][gc             ] GC(1342) Pause Young (Normal) (G1 Evacuation Pause) 6722M->2219M(8192M) 150.856ms
[7251.960s][info][gc,cpu         ] GC(1342) User=1.20s Sys=0.00s Real=0.15s
...[7254.879s][info][gc,start       ] GC(1343) Pause Young (Normal) (G1 Evacuation Pause)
[7254.879s][info][gc,task        ] GC(1343) Using 8 workers of 8 for evacuation
[7255.033s][info][gc,phases      ] GC(1343)   Pre Evacuate Collection Set: 0.22ms
[7255.033s][info][gc,phases      ] GC(1343)   Merge Heap Roots: 0.47ms
[7255.033s][info][gc,phases      ] GC(1343)   Evacuate Collection Set: 151.76ms
[7255.033s][info][gc,phases      ] GC(1343)   Post Evacuate Collection Set: 0.99ms
[7255.033s][info][gc,phases      ] GC(1343)   Other: 0.06ms
[7255.033s][info][gc,heap        ] GC(1343) Eden regions: 570->0(570)
[7255.033s][info][gc,heap        ] GC(1343) Survivor regions: 44->44(77)
[7255.033s][info][gc,heap        ] GC(1343) Old regions: 202->209
[7255.033s][info][gc,heap        ] GC(1343) Humongous regions: 33->33
[7255.033s][info][gc,metaspace   ] GC(1343) Metaspace: 29948K(30400K)->29948K(30400K) NonClass: 24540K(24768K)->24540K(24768K) Class: 5408K(5632K)->5408K(5632K)
[7255.033s][info][gc             ] GC(1343) Pause Young (Normal) (G1 Evacuation Pause) 6779M->2275M(8192M) 153.632ms
[7255.033s][info][gc,cpu         ] GC(1343) User=1.22s Sys=0.00s Real=0.15s
...[7257.857s][info][gc,start       ] GC(1344) Pause Young (Normal) (G1 Evacuation Pause)
[7257.857s][info][gc,task        ] GC(1344) Using 8 workers of 8 for evacuation
[7258.007s][info][gc,phases      ] GC(1344)   Pre Evacuate Collection Set: 0.22ms
[7258.007s][info][gc,phases      ] GC(1344)   Merge Heap Roots: 0.52ms
[7258.007s][info][gc,phases      ] GC(1344)   Evacuate Collection Set: 148.06ms
[7258.007s][info][gc,phases      ] GC(1344)   Post Evacuate Collection Set: 1.01ms
[7258.007s][info][gc,phases      ] GC(1344)   Other: 0.06ms
[7258.007s][info][gc,heap        ] GC(1344) Eden regions: 570->0(571)
[7258.007s][info][gc,heap        ] GC(1344) Survivor regions: 44->43(77)
[7258.007s][info][gc,heap        ] GC(1344) Old regions: 209->217
[7258.007s][info][gc,heap        ] GC(1344) Humongous regions: 33->33
[7258.007s][info][gc,metaspace   ] GC(1344) Metaspace: 29948K(30400K)->29948K(30400K) NonClass: 24540K(24768K)->24540K(24768K) Class: 5408K(5632K)->5408K(5632K)
[7258.007s][info][gc             ] GC(1344) Pause Young (Normal) (G1 Evacuation Pause) 6835M->2327M(8192M) 149.997ms
[7258.007s][info][gc,cpu         ] GC(1344) User=1.19s Sys=0.01s Real=0.15s
...[7260.936s][info][gc,start       ] GC(1345) Pause Young (Normal) (G1 Evacuation Pause)
[7260.936s][info][gc,task        ] GC(1345) Using 8 workers of 8 for evacuation
[7261.089s][info][gc,phases      ] GC(1345)   Pre Evacuate Collection Set: 0.20ms
[7261.089s][info][gc,phases      ] GC(1345)   Merge Heap Roots: 0.47ms
[7261.089s][info][gc,phases      ] GC(1345)   Evacuate Collection Set: 150.89ms
[7261.089s][info][gc,phases      ] GC(1345)   Post Evacuate Collection Set: 1.01ms
[7261.089s][info][gc,phases      ] GC(1345)   Other: 0.06ms
[7261.089s][info][gc,heap        ] GC(1345) Eden regions: 571->0(571)
[7261.089s][info][gc,heap        ] GC(1345) Survivor regions: 43->43(77)
[7261.089s][info][gc,heap        ] GC(1345) Old regions: 217->224
[7261.089s][info][gc,heap        ] GC(1345) Humongous regions: 33->33
[7261.089s][info][gc,metaspace   ] GC(1345) Metaspace: 29948K(30400K)->29948K(30400K) NonClass: 24540K(24768K)->24540K(24768K) Class: 5408K(5632K)->5408K(5632K)
[7261.089s][info][gc             ] GC(1345) Pause Young (Normal) (G1 Evacuation Pause) 6895M->2382M(8192M) 152.768ms
[7261.089s][info][gc,cpu         ] GC(1345) User=1.21s Sys=0.00s Real=0.15s
...[7263.991s][info][gc,start       ] GC(1346) Pause Young (Normal) (G1 Evacuation Pause)
[7263.991s][info][gc,task        ] GC(1346) Using 8 workers of 8 for evacuation
[7264.142s][info][gc,phases      ] GC(1346)   Pre Evacuate Collection Set: 0.21ms
[7264.142s][info][gc,phases      ] GC(1346)   Merge Heap Roots: 0.50ms
[7264.142s][info][gc,phases      ] GC(1346)   Evacuate Collection Set: 149.03ms
[7264.142s][info][gc,phases      ] GC(1346)   Post Evacuate Collection Set: 1.00ms
[7264.142s][info][gc,phases      ] GC(1346)   Other: 0.07ms
[7264.142s][info][gc,heap        ] GC(1346) Eden regions: 571->0(571)
[7264.142s][info][gc,heap        ] GC(1346) Survivor regions: 43->43(77)
[7264.142s][info][gc,heap        ] GC(1346) Old regions: 224->231
[7264.142s][info][gc,heap        ] GC(1346) Humongous regions: 33->33
[7264.142s][info][gc,metaspace   ] GC(1346) Metaspace: 29948K(30400K)->29948K(30400K) NonClass: 24540K(24768K)->24540K(24768K) Class: 5408K(5632K)->5408K(5632K)
[7264.142s][info][gc             ] GC(1346) Pause Young (Normal) (G1 Evacuation Pause) 6950M->2441M(8192M) 150.949ms
[7264.142s][info][gc,cpu         ] GC(1346) User=1.20s Sys=0.00s Real=0.15s
.|..[7266.901s][info][gc,start       ] GC(1347) Pause Young (Normal) (G1 Evacuation Pause)
[7266.901s][info][gc,task        ] GC(1347) Using 8 workers of 8 for evacuation
[7267.058s][info][gc,phases      ] GC(1347)   Pre Evacuate Collection Set: 0.21ms
[7267.058s][info][gc,phases      ] GC(1347)   Merge Heap Roots: 0.52ms
[7267.058s][info][gc,phases      ] GC(1347)   Evacuate Collection Set: 154.70ms
[7267.058s][info][gc,phases      ] GC(1347)   Post Evacuate Collection Set: 1.00ms
[7267.058s][info][gc,phases      ] GC(1347)   Other: 0.07ms
[7267.058s][info][gc,heap        ] GC(1347) Eden regions: 571->0(569)
[7267.058s][info][gc,heap        ] GC(1347) Survivor regions: 43->45(77)
[7267.058s][info][gc,heap        ] GC(1347) Old regions: 231->238
[7267.058s][info][gc,heap        ] GC(1347) Humongous regions: 33->33
[7267.058s][info][gc,metaspace   ] GC(1347) Metaspace: 29948K(30400K)->29948K(30400K) NonClass: 24540K(24768K)->24540K(24768K) Class: 5408K(5632K)->5408K(5632K)
[7267.058s][info][gc             ] GC(1347) Pause Young (Normal) (G1 Evacuation Pause) 7009M->2511M(8192M) 156.643ms
[7267.058s][info][gc,cpu         ] GC(1347) User=1.25s Sys=0.00s Real=0.16s
...[7270.024s][info][gc,start       ] GC(1348) Pause Young (Normal) (G1 Evacuation Pause)
[7270.024s][info][gc,task        ] GC(1348) Using 8 workers of 8 for evacuation
[7270.179s][info][gc,phases      ] GC(1348)   Pre Evacuate Collection Set: 0.23ms
[7270.179s][info][gc,phases      ] GC(1348)   Merge Heap Roots: 0.52ms
[7270.179s][info][gc,phases      ] GC(1348)   Evacuate Collection Set: 153.23ms
[7270.179s][info][gc,phases      ] GC(1348)   Post Evacuate Collection Set: 0.99ms
[7270.179s][info][gc,phases      ] GC(1348)   Other: 0.07ms
[7270.179s][info][gc,heap        ] GC(1348) Eden regions: 569->0(569)
[7270.179s][info][gc,heap        ] GC(1348) Survivor regions: 45->45(77)
[7270.179s][info][gc,heap        ] GC(1348) Old regions: 238->246
[7270.179s][info][gc,heap        ] GC(1348) Humongous regions: 33->33
[7270.179s][info][gc,metaspace   ] GC(1348) Metaspace: 29948K(30400K)->29948K(30400K) NonClass: 24540K(24768K)->24540K(24768K) Class: 5408K(5632K)->5408K(5632K)
[7270.179s][info][gc             ] GC(1348) Pause Young (Normal) (G1 Evacuation Pause) 7063M->2572M(8192M) 155.171ms
[7270.179s][info][gc,cpu         ] GC(1348) User=1.23s Sys=0.00s Real=0.16s
...[7272.967s][info][gc,start       ] GC(1349) Pause Young (Normal) (G1 Evacuation Pause)
[7272.967s][info][gc,task        ] GC(1349) Using 8 workers of 8 for evacuation
[7273.125s][info][gc,phases      ] GC(1349)   Pre Evacuate Collection Set: 0.23ms
[7273.125s][info][gc,phases      ] GC(1349)   Merge Heap Roots: 0.50ms
[7273.125s][info][gc,phases      ] GC(1349)   Evacuate Collection Set: 156.15ms
[7273.125s][info][gc,phases      ] GC(1349)   Post Evacuate Collection Set: 0.99ms
[7273.125s][info][gc,phases      ] GC(1349)   Other: 0.06ms
[7273.125s][info][gc,heap        ] GC(1349) Eden regions: 569->0(569)
[7273.125s][info][gc,heap        ] GC(1349) Survivor regions: 45->45(77)
[7273.125s][info][gc,heap        ] GC(1349) Old regions: 246->253
[7273.125s][info][gc,heap        ] GC(1349) Humongous regions: 33->33
[7273.125s][info][gc,metaspace   ] GC(1349) Metaspace: 29948K(30400K)->29948K(30400K) NonClass: 24540K(24768K)->24540K(24768K) Class: 5408K(5632K)->5408K(5632K)
[7273.126s][info][gc             ] GC(1349) Pause Young (Normal) (G1 Evacuation Pause) 7124M->2628M(8192M) 158.069ms
[7273.126s][info][gc,cpu         ] GC(1349) User=1.25s Sys=0.01s Real=0.16s
...[7275.922s][info][gc,start       ] GC(1350) Pause Young (Normal) (G1 Evacuation Pause)
[7275.922s][info][gc,task        ] GC(1350) Using 8 workers of 8 for evacuation
[7276.074s][info][gc,phases      ] GC(1350)   Pre Evacuate Collection Set: 0.22ms
[7276.074s][info][gc,phases      ] GC(1350)   Merge Heap Roots: 0.53ms
[7276.074s][info][gc,phases      ] GC(1350)   Evacuate Collection Set: 150.09ms
[7276.074s][info][gc,phases      ] GC(1350)   Post Evacuate Collection Set: 1.01ms
[7276.074s][info][gc,phases      ] GC(1350)   Other: 0.07ms
[7276.074s][info][gc,heap        ] GC(1350) Eden regions: 569->0(570)
[7276.074s][info][gc,heap        ] GC(1350) Survivor regions: 45->44(77)
[7276.074s][info][gc,heap        ] GC(1350) Old regions: 253->260
[7276.074s][info][gc,heap        ] GC(1350) Humongous regions: 33->33
[7276.074s][info][gc,metaspace   ] GC(1350) Metaspace: 29948K(30400K)->29948K(30400K) NonClass: 24540K(24768K)->24540K(24768K) Class: 5408K(5632K)->5408K(5632K)
[7276.074s][info][gc             ] GC(1350) Pause Young (Normal) (G1 Evacuation Pause) 7180M->2680M(8192M) 152.065ms
[7276.074s][info][gc,cpu         ] GC(1350) User=1.20s Sys=0.00s Real=0.16s
...[7278.898s][info][gc,start       ] GC(1351) Pause Young (Normal) (G1 Evacuation Pause)
[7278.898s][info][gc,task        ] GC(1351) Using 8 workers of 8 for evacuation
[7279.053s][info][gc,phases      ] GC(1351)   Pre Evacuate Collection Set: 0.23ms
[7279.053s][info][gc,phases      ] GC(1351)   Merge Heap Roots: 0.52ms
[7279.053s][info][gc,phases      ] GC(1351)   Evacuate Collection Set: 152.41ms
[7279.053s][info][gc,phases      ] GC(1351)   Post Evacuate Collection Set: 1.01ms
[7279.053s][info][gc,phases      ] GC(1351)   Other: 0.07ms
[7279.053s][info][gc,heap        ] GC(1351) Eden regions: 570->0(570)
[7279.053s][info][gc,heap        ] GC(1351) Survivor regions: 44->44(77)
[7279.053s][info][gc,heap        ] GC(1351) Old regions: 260->267
[7279.053s][info][gc,heap        ] GC(1351) Humongous regions: 33->33
[7279.053s][info][gc,metaspace   ] GC(1351) Metaspace: 29948K(30400K)->29948K(30400K) NonClass: 24540K(24768K)->24540K(24768K) Class: 5408K(5632K)->5408K(5632K)
[7279.053s][info][gc             ] GC(1351) Pause Young (Normal) (G1 Evacuation Pause) 7240M->2733M(8192M) 154.366ms
[7279.053s][info][gc,cpu         ] GC(1351) User=1.22s Sys=0.00s Real=0.15s
...[7281.938s][info][gc,start       ] GC(1352) Pause Young (Normal) (G1 Evacuation Pause)
[7281.938s][info][gc,task        ] GC(1352) Using 8 workers of 8 for evacuation
[7282.098s][info][gc,phases      ] GC(1352)   Pre Evacuate Collection Set: 0.21ms
[7282.098s][info][gc,phases      ] GC(1352)   Merge Heap Roots: 0.53ms
[7282.098s][info][gc,phases      ] GC(1352)   Evacuate Collection Set: 158.49ms
[7282.098s][info][gc,phases      ] GC(1352)   Post Evacuate Collection Set: 1.00ms
[7282.098s][info][gc,phases      ] GC(1352)   Other: 0.06ms
[7282.098s][info][gc,heap        ] GC(1352) Eden regions: 570->0(568)
[7282.098s][info][gc,heap        ] GC(1352) Survivor regions: 44->46(77)
[7282.098s][info][gc,heap        ] GC(1352) Old regions: 267->274
[7282.098s][info][gc,heap        ] GC(1352) Humongous regions: 33->33
[7282.099s][info][gc,metaspace   ] GC(1352) Metaspace: 29948K(30400K)->29948K(30400K) NonClass: 24540K(24768K)->24540K(24768K) Class: 5408K(5632K)->5408K(5632K)
[7282.099s][info][gc             ] GC(1352) Pause Young (Normal) (G1 Evacuation Pause) 7293M->2807M(8192M) 160.453ms
[7282.099s][info][gc,cpu         ] GC(1352) User=1.27s Sys=0.00s Real=0.16s
...[7285.041s][info][gc,start       ] GC(1353) Pause Young (Normal) (G1 Evacuation Pause)
[7285.041s][info][gc,task        ] GC(1353) Using 8 workers of 8 for evacuation
[7285.200s][info][gc,phases      ] GC(1353)   Pre Evacuate Collection Set: 0.23ms
[7285.200s][info][gc,phases      ] GC(1353)   Merge Heap Roots: 0.58ms
[7285.200s][info][gc,phases      ] GC(1353)   Evacuate Collection Set: 157.78ms
[7285.200s][info][gc,phases      ] GC(1353)   Post Evacuate Collection Set: 0.96ms
[7285.200s][info][gc,phases      ] GC(1353)   Other: 0.06ms
[7285.200s][info][gc,heap        ] GC(1353) Eden regions: 568->0(563)
[7285.200s][info][gc,heap        ] GC(1353) Survivor regions: 46->47(77)
[7285.200s][info][gc,heap        ] GC(1353) Old regions: 274->282
[7285.200s][info][gc,heap        ] GC(1353) Humongous regions: 33->33
[7285.200s][info][gc,metaspace   ] GC(1353) Metaspace: 29948K(30400K)->29948K(30400K) NonClass: 24540K(24768K)->24540K(24768K) Class: 5408K(5632K)->5408K(5632K)
[7285.200s][info][gc             ] GC(1353) Pause Young (Normal) (G1 Evacuation Pause) 7351M->2875M(8192M) 159.742ms
[7285.200s][info][gc,cpu         ] GC(1353) User=1.27s Sys=0.00s Real=0.16s
...[7288.013s][info][gc,start       ] GC(1354) Pause Young (Normal) (G1 Evacuation Pause)
[7288.013s][info][gc,task        ] GC(1354) Using 8 workers of 8 for evacuation
[7288.170s][info][gc,phases      ] GC(1354)   Pre Evacuate Collection Set: 0.21ms
[7288.171s][info][gc,phases      ] GC(1354)   Merge Heap Roots: 0.48ms
[7288.171s][info][gc,phases      ] GC(1354)   Evacuate Collection Set: 155.98ms
[7288.171s][info][gc,phases      ] GC(1354)   Post Evacuate Collection Set: 0.98ms
[7288.171s][info][gc,phases      ] GC(1354)   Other: 0.06ms
[7288.171s][info][gc,heap        ] GC(1354) Eden regions: 563->0(560)
[7288.171s][info][gc,heap        ] GC(1354) Survivor regions: 47->45(77)
[7288.171s][info][gc,heap        ] GC(1354) Old regions: 282->289
[7288.171s][info][gc,heap        ] GC(1354) Humongous regions: 33->33
[7288.171s][info][gc,metaspace   ] GC(1354) Metaspace: 29948K(30400K)->29948K(30400K) NonClass: 24540K(24768K)->24540K(24768K) Class: 5408K(5632K)->5408K(5632K)
[7288.171s][info][gc             ] GC(1354) Pause Young (Normal) (G1 Evacuation Pause) 7379M->2919M(8192M) 157.856ms
[7288.171s][info][gc,cpu         ] GC(1354) User=1.25s Sys=0.00s Real=0.16s
...[7291.001s][info][gc,start       ] GC(1355) Pause Young (Normal) (G1 Evacuation Pause)
[7291.001s][info][gc,task        ] GC(1355) Using 8 workers of 8 for evacuation
[7291.161s][info][gc,phases      ] GC(1355)   Pre Evacuate Collection Set: 0.22ms
[7291.161s][info][gc,phases      ] GC(1355)   Merge Heap Roots: 0.51ms
[7291.161s][info][gc,phases      ] GC(1355)   Evacuate Collection Set: 158.31ms
[7291.161s][info][gc,phases      ] GC(1355)   Post Evacuate Collection Set: 0.99ms
[7291.161s][info][gc,phases      ] GC(1355)   Other: 0.06ms
[7291.161s][info][gc,heap        ] GC(1355) Eden regions: 560->0(550)
[7291.161s][info][gc,heap        ] GC(1355) Survivor regions: 45->46(76)
[7291.161s][info][gc,heap        ] GC(1355) Old regions: 289->297
[7291.161s][info][gc,heap        ] GC(1355) Humongous regions: 33->33
[7291.161s][info][gc,metaspace   ] GC(1355) Metaspace: 29948K(30400K)->29948K(30400K) NonClass: 24540K(24768K)->24540K(24768K) Class: 5408K(5632K)->5408K(5632K)
[7291.161s][info][gc             ] GC(1355) Pause Young (Normal) (G1 Evacuation Pause) 7399M->2990M(8192M) 160.225ms
[7291.161s][info][gc,cpu         ] GC(1355) User=1.27s Sys=0.00s Real=0.16s
...[7293.947s][info][gc,start       ] GC(1356) Pause Young (Normal) (G1 Evacuation Pause)
[7293.948s][info][gc,task        ] GC(1356) Using 8 workers of 8 for evacuation
[7294.106s][info][gc,phases      ] GC(1356)   Pre Evacuate Collection Set: 0.23ms
[7294.106s][info][gc,phases      ] GC(1356)   Merge Heap Roots: 0.53ms
[7294.106s][info][gc,phases      ] GC(1356)   Evacuate Collection Set: 156.73ms
[7294.106s][info][gc,phases      ] GC(1356)   Post Evacuate Collection Set: 1.00ms
[7294.106s][info][gc,phases      ] GC(1356)   Other: 0.07ms
[7294.106s][info][gc,heap        ] GC(1356) Eden regions: 550->0(545)
[7294.106s][info][gc,heap        ] GC(1356) Survivor regions: 46->45(75)
[7294.106s][info][gc,heap        ] GC(1356) Old regions: 297->304
[7294.106s][info][gc,heap        ] GC(1356) Humongous regions: 33->33
[7294.106s][info][gc,metaspace   ] GC(1356) Metaspace: 29948K(30400K)->29948K(30400K) NonClass: 24540K(24768K)->24540K(24768K) Class: 5408K(5632K)->5408K(5632K)
[7294.106s][info][gc             ] GC(1356) Pause Young (Normal) (G1 Evacuation Pause) 7390M->3041M(8192M) 158.670ms
[7294.106s][info][gc,cpu         ] GC(1356) User=1.26s Sys=0.00s Real=0.16s
...[7296.932s][info][gc,start       ] GC(1357) Pause Young (Concurrent Start) (G1 Evacuation Pause)
[7296.932s][info][gc,task        ] GC(1357) Using 8 workers of 8 for evacuation
[7297.089s][info][gc,phases      ] GC(1357)   Pre Evacuate Collection Set: 0.26ms
[7297.089s][info][gc,phases      ] GC(1357)   Merge Heap Roots: 0.48ms
[7297.089s][info][gc,phases      ] GC(1357)   Evacuate Collection Set: 155.53ms
[7297.089s][info][gc,phases      ] GC(1357)   Post Evacuate Collection Set: 0.95ms
[7297.089s][info][gc,phases      ] GC(1357)   Other: 0.07ms
[7297.089s][info][gc,heap        ] GC(1357) Eden regions: 545->0(539)
[7297.089s][info][gc,heap        ] GC(1357) Survivor regions: 45->44(74)
[7297.089s][info][gc,heap        ] GC(1357) Old regions: 304->312
[7297.089s][info][gc,heap        ] GC(1357) Humongous regions: 33->33
[7297.089s][info][gc,metaspace   ] GC(1357) Metaspace: 29948K(30400K)->29948K(30400K) NonClass: 24540K(24768K)->24540K(24768K) Class: 5408K(5632K)->5408K(5632K)
[7297.089s][info][gc             ] GC(1357) Pause Young (Concurrent Start) (G1 Evacuation Pause) 7401M->3095M(8192M) 157.436ms
[7297.089s][info][gc             ] GC(1358) Concurrent Mark Cycle
[7297.089s][info][gc,marking     ] GC(1358) Concurrent Scan Root Regions
[7297.089s][info][gc,cpu         ] GC(1357) User=1.25s Sys=0.00s Real=0.16s
.[7297.471s][info][gc,marking     ] GC(1358) Concurrent Scan Root Regions 381.649ms
[7297.471s][info][gc,marking     ] GC(1358) Concurrent Mark
[7297.471s][info][gc,marking     ] GC(1358) Concurrent Mark From Roots
[7297.471s][info][gc,task        ] GC(1358) Using 2 workers of 2 for marking
.[7298.719s][info][gc,marking     ] GC(1358) Concurrent Mark From Roots 1248.288ms
[7298.719s][info][gc,marking     ] GC(1358) Concurrent Preclean
[7298.719s][info][gc,marking     ] GC(1358) Concurrent Preclean 0.041ms
[7298.720s][info][gc,start       ] GC(1358) Pause Remark
[7298.721s][info][gc             ] GC(1358) Pause Remark 5008M->4432M(8192M) 1.534ms
[7298.721s][info][gc,cpu         ] GC(1358) User=0.01s Sys=0.00s Real=0.00s
[7298.721s][info][gc,marking     ] GC(1358) Concurrent Mark 1250.148ms
[7298.721s][info][gc,marking     ] GC(1358) Concurrent Rebuild Remembered Sets and Scrub Regions
.[7299.511s][info][gc,marking     ] GC(1358) Concurrent Rebuild Remembered Sets and Scrub Regions 790.082ms
[7299.511s][info][gc,start       ] GC(1358) Pause Cleanup
[7299.512s][info][gc             ] GC(1358) Pause Cleanup 5471M->5471M(8192M) 0.258ms
[7299.512s][info][gc,cpu         ] GC(1358) User=0.00s Sys=0.00s Real=0.00s
[7299.512s][info][gc,marking     ] GC(1358) Concurrent Clear Claimed Marks
[7299.512s][info][gc,marking     ] GC(1358) Concurrent Clear Claimed Marks 0.040ms
[7299.512s][info][gc,marking     ] GC(1358) Concurrent Cleanup for Next Mark
[7299.525s][info][gc,marking     ] GC(1358) Concurrent Cleanup for Next Mark 12.774ms
[7299.525s][info][gc             ] GC(1358) Concurrent Mark Cycle 2435.327ms
.[7300.441s][info][gc,start       ] GC(1359) Pause Young (Prepare Mixed) (G1 Evacuation Pause)
[7300.441s][info][gc,task        ] GC(1359) Using 8 workers of 8 for evacuation
[7300.588s][info][gc,phases      ] GC(1359)   Pre Evacuate Collection Set: 0.24ms
[7300.588s][info][gc,phases      ] GC(1359)   Merge Heap Roots: 0.69ms
[7300.588s][info][gc,phases      ] GC(1359)   Evacuate Collection Set: 144.01ms
[7300.588s][info][gc,phases      ] GC(1359)   Post Evacuate Collection Set: 1.06ms
[7300.588s][info][gc,phases      ] GC(1359)   Other: 0.07ms
[7300.588s][info][gc,heap        ] GC(1359) Eden regions: 539->0(571)
[7300.588s][info][gc,heap        ] GC(1359) Survivor regions: 44->43(73)
[7300.588s][info][gc,heap        ] GC(1359) Old regions: 240->247
[7300.588s][info][gc,heap        ] GC(1359) Humongous regions: 33->33
[7300.588s][info][gc,metaspace   ] GC(1359) Metaspace: 29948K(30400K)->29948K(30400K) NonClass: 24540K(24768K)->24540K(24768K) Class: 5408K(5632K)->5408K(5632K)
[7300.588s][info][gc             ] GC(1359) Pause Young (Prepare Mixed) (G1 Evacuation Pause) 6831M->2566M(8192M) 146.202ms
[7300.588s][info][gc,cpu         ] GC(1359) User=1.15s Sys=0.00s Real=0.15s
...[7303.477s][info][gc,start       ] GC(1360) Pause Young (Mixed) (G1 Evacuation Pause)
[7303.477s][info][gc,task        ] GC(1360) Using 8 workers of 8 for evacuation
[7303.634s][info][gc,phases      ] GC(1360)   Pre Evacuate Collection Set: 0.25ms
[7303.634s][info][gc,phases      ] GC(1360)   Merge Heap Roots: 0.81ms
[7303.634s][info][gc,phases      ] GC(1360)   Evacuate Collection Set: 154.60ms
[7303.634s][info][gc,phases      ] GC(1360)   Post Evacuate Collection Set: 1.21ms
[7303.634s][info][gc,phases      ] GC(1360)   Other: 0.07ms
[7303.634s][info][gc,heap        ] GC(1360) Eden regions: 571->0(571)
[7303.634s][info][gc,heap        ] GC(1360) Survivor regions: 43->43(77)
[7303.634s][info][gc,heap        ] GC(1360) Old regions: 247->153
[7303.634s][info][gc,heap        ] GC(1360) Humongous regions: 33->33
[7303.634s][info][gc,metaspace   ] GC(1360) Metaspace: 29948K(30400K)->29948K(30400K) NonClass: 24540K(24768K)->24540K(24768K) Class: 5408K(5632K)->5408K(5632K)
[7303.634s][info][gc             ] GC(1360) Pause Young (Mixed) (G1 Evacuation Pause) 7134M->1815M(8192M) 157.106ms
[7303.635s][info][gc,cpu         ] GC(1360) User=1.25s Sys=0.01s Real=0.16s
...[7306.627s][info][gc,start       ] GC(1361) Pause Young (Mixed) (G1 Evacuation Pause)
[7306.627s][info][gc,task        ] GC(1361) Using 8 workers of 8 for evacuation
[7306.785s][info][gc,phases      ] GC(1361)   Pre Evacuate Collection Set: 0.22ms
[7306.785s][info][gc,phases      ] GC(1361)   Merge Heap Roots: 0.71ms
[7306.785s][info][gc,phases      ] GC(1361)   Evacuate Collection Set: 156.53ms
[7306.785s][info][gc,phases      ] GC(1361)   Post Evacuate Collection Set: 0.99ms
[7306.785s][info][gc,phases      ] GC(1361)   Other: 0.06ms
[7306.785s][info][gc,heap        ] GC(1361) Eden regions: 571->0(570)
[7306.785s][info][gc,heap        ] GC(1361) Survivor regions: 43->44(77)
[7306.785s][info][gc,heap        ] GC(1361) Old regions: 153->144
[7306.785s][info][gc,heap        ] GC(1361) Humongous regions: 33->33
[7306.785s][info][gc,metaspace   ] GC(1361) Metaspace: 29948K(30400K)->29948K(30400K) NonClass: 24540K(24768K)->24540K(24768K) Class: 5408K(5632K)->5408K(5632K)
[7306.785s][info][gc             ] GC(1361) Pause Young (Mixed) (G1 Evacuation Pause) 6383M->1751M(8192M) 158.657ms
[7306.785s][info][gc,cpu         ] GC(1361) User=1.26s Sys=0.00s Real=0.16s
...[7309.639s][info][gc,start       ] GC(1362) Pause Young (Normal) (G1 Evacuation Pause)
[7309.639s][info][gc,task        ] GC(1362) Using 8 workers of 8 for evacuation
[7309.796s][info][gc,phases      ] GC(1362)   Pre Evacuate Collection Set: 0.22ms
[7309.796s][info][gc,phases      ] GC(1362)   Merge Heap Roots: 0.52ms
[7309.796s][info][gc,phases      ] GC(1362)   Evacuate Collection Set: 155.27ms
[7309.796s][info][gc,phases      ] GC(1362)   Post Evacuate Collection Set: 0.99ms
[7309.796s][info][gc,phases      ] GC(1362)   Other: 0.07ms
[7309.796s][info][gc,heap        ] GC(1362) Eden regions: 570->0(569)
[7309.796s][info][gc,heap        ] GC(1362) Survivor regions: 44->45(77)
[7309.796s][info][gc,heap        ] GC(1362) Old regions: 144->151
[7309.796s][info][gc,heap        ] GC(1362) Humongous regions: 33->33
[7309.796s][info][gc,metaspace   ] GC(1362) Metaspace: 29948K(30400K)->29948K(30400K) NonClass: 24540K(24768K)->24540K(24768K) Class: 5408K(5632K)->5408K(5632K)
[7309.796s][info][gc             ] GC(1362) Pause Young (Normal) (G1 Evacuation Pause) 6311M->1815M(8192M) 157.193ms
[7309.796s][info][gc,cpu         ] GC(1362) User=1.24s Sys=0.00s Real=0.16s
...[7312.680s][info][gc,start       ] GC(1363) Pause Young (Normal) (G1 Evacuation Pause)
[7312.680s][info][gc,task        ] GC(1363) Using 8 workers of 8 for evacuation
[7312.830s][info][gc,phases      ] GC(1363)   Pre Evacuate Collection Set: 0.21ms
[7312.830s][info][gc,phases      ] GC(1363)   Merge Heap Roots: 0.50ms
[7312.830s][info][gc,phases      ] GC(1363)   Evacuate Collection Set: 148.23ms
[7312.830s][info][gc,phases      ] GC(1363)   Post Evacuate Collection Set: 0.96ms
[7312.830s][info][gc,phases      ] GC(1363)   Other: 0.06ms
[7312.830s][info][gc,heap        ] GC(1363) Eden regions: 569->0(570)
[7312.830s][info][gc,heap        ] GC(1363) Survivor regions: 45->44(77)
[7312.830s][info][gc,heap        ] GC(1363) Old regions: 151->158
[7312.830s][info][gc,heap        ] GC(1363) Humongous regions: 33->33
[7312.830s][info][gc,metaspace   ] GC(1363) Metaspace: 29948K(30400K)->29948K(30400K) NonClass: 24540K(24768K)->24540K(24768K) Class: 5408K(5632K)->5408K(5632K)
[7312.830s][info][gc             ] GC(1363) Pause Young (Normal) (G1 Evacuation Pause) 6367M->1863M(8192M) 150.095ms
[7312.830s][info][gc,cpu         ] GC(1363) User=1.19s Sys=0.01s Real=0.15s
...[7315.723s][info][gc,start       ] GC(1364) Pause Young (Normal) (G1 Evacuation Pause)
[7315.723s][info][gc,task        ] GC(1364) Using 8 workers of 8 for evacuation
[7315.872s][info][gc,phases      ] GC(1364)   Pre Evacuate Collection Set: 0.21ms
[7315.872s][info][gc,phases      ] GC(1364)   Merge Heap Roots: 0.52ms
[7315.872s][info][gc,phases      ] GC(1364)   Evacuate Collection Set: 147.97ms
[7315.872s][info][gc,phases      ] GC(1364)   Post Evacuate Collection Set: 0.98ms
[7315.872s][info][gc,phases      ] GC(1364)   Other: 0.06ms
[7315.872s][info][gc,heap        ] GC(1364) Eden regions: 570->0(570)
[7315.872s][info][gc,heap        ] GC(1364) Survivor regions: 44->44(77)
[7315.872s][info][gc,heap        ] GC(1364) Old regions: 158->166
[7315.872s][info][gc,heap        ] GC(1364) Humongous regions: 33->33
[7315.873s][info][gc,metaspace   ] GC(1364) Metaspace: 29948K(30400K)->29948K(30400K) NonClass: 24540K(24768K)->24540K(24768K) Class: 5408K(5632K)->5408K(5632K)
[7315.873s][info][gc             ] GC(1364) Pause Young (Normal) (G1 Evacuation Pause) 6423M->1924M(8192M) 149.904ms
[7315.873s][info][gc,cpu         ] GC(1364) User=1.19s Sys=0.01s Real=0.15s
...[7318.802s][info][gc,start       ] GC(1365) Pause Young (Normal) (G1 Evacuation Pause)
[7318.802s][info][gc,task        ] GC(1365) Using 8 workers of 8 for evacuation
[7318.962s][info][gc,phases      ] GC(1365)   Pre Evacuate Collection Set: 0.21ms
[7318.962s][info][gc,phases      ] GC(1365)   Merge Heap Roots: 0.47ms
[7318.962s][info][gc,phases      ] GC(1365)   Evacuate Collection Set: 157.89ms
[7318.962s][info][gc,phases      ] GC(1365)   Post Evacuate Collection Set: 1.00ms
[7318.962s][info][gc,phases      ] GC(1365)   Other: 0.06ms
[7318.962s][info][gc,heap        ] GC(1365) Eden regions: 570->0(568)
[7318.962s][info][gc,heap        ] GC(1365) Survivor regions: 44->46(77)
[7318.962s][info][gc,heap        ] GC(1365) Old regions: 166->173
[7318.962s][info][gc,heap        ] GC(1365) Humongous regions: 33->33
[7318.962s][info][gc,metaspace   ] GC(1365) Metaspace: 29948K(30400K)->29948K(30400K) NonClass: 24540K(24768K)->24540K(24768K) Class: 5408K(5632K)->5408K(5632K)
[7318.962s][info][gc             ] GC(1365) Pause Young (Normal) (G1 Evacuation Pause) 6484M->2000M(8192M) 159.760ms
[7318.962s][info][gc,cpu         ] GC(1365) User=1.27s Sys=0.00s Real=0.16s
...[7321.879s][info][gc,start       ] GC(1366) Pause Young (Normal) (G1 Evacuation Pause)
[7321.879s][info][gc,task        ] GC(1366) Using 8 workers of 8 for evacuation
[7322.032s][info][gc,phases      ] GC(1366)   Pre Evacuate Collection Set: 0.21ms
[7322.032s][info][gc,phases      ] GC(1366)   Merge Heap Roots: 0.49ms
[7322.032s][info][gc,phases      ] GC(1366)   Evacuate Collection Set: 150.78ms
[7322.032s][info][gc,phases      ] GC(1366)   Post Evacuate Collection Set: 1.01ms
[7322.032s][info][gc,phases      ] GC(1366)   Other: 0.06ms
[7322.032s][info][gc,heap        ] GC(1366) Eden regions: 568->0(570)
[7322.032s][info][gc,heap        ] GC(1366) Survivor regions: 46->44(77)
[7322.032s][info][gc,heap        ] GC(1366) Old regions: 173->181
[7322.032s][info][gc,heap        ] GC(1366) Humongous regions: 33->33
[7322.032s][info][gc,metaspace   ] GC(1366) Metaspace: 29948K(30400K)->29948K(30400K) NonClass: 24540K(24768K)->24540K(24768K) Class: 5408K(5632K)->5408K(5632K)
[7322.032s][info][gc             ] GC(1366) Pause Young (Normal) (G1 Evacuation Pause) 6544M->2043M(8192M) 152.672ms
[7322.032s][info][gc,cpu         ] GC(1366) User=1.21s Sys=0.00s Real=0.15s
...[7324.901s][info][gc,start       ] GC(1367) Pause Young (Normal) (G1 Evacuation Pause)
[7324.901s][info][gc,task        ] GC(1367) Using 8 workers of 8 for evacuation
[7325.058s][info][gc,phases      ] GC(1367)   Pre Evacuate Collection Set: 0.20ms
[7325.058s][info][gc,phases      ] GC(1367)   Merge Heap Roots: 0.47ms
[7325.058s][info][gc,phases      ] GC(1367)   Evacuate Collection Set: 155.44ms
[7325.058s][info][gc,phases      ] GC(1367)   Post Evacuate Collection Set: 0.99ms
[7325.058s][info][gc,phases      ] GC(1367)   Other: 0.09ms
[7325.058s][info][gc,heap        ] GC(1367) Eden regions: 570->0(569)
[7325.058s][info][gc,heap        ] GC(1367) Survivor regions: 44->45(77)
[7325.058s][info][gc,heap        ] GC(1367) Old regions: 181->188
[7325.058s][info][gc,heap        ] GC(1367) Humongous regions: 33->33
[7325.058s][info][gc,metaspace   ] GC(1367) Metaspace: 29948K(30400K)->29948K(30400K) NonClass: 24540K(24768K)->24540K(24768K) Class: 5408K(5632K)->5408K(5632K)
[7325.058s][info][gc             ] GC(1367) Pause Young (Normal) (G1 Evacuation Pause) 6603M->2108M(8192M) 157.329ms
[7325.058s][info][gc,cpu         ] GC(1367) User=1.25s Sys=0.00s Real=0.16s
... (rIR:aIR:PR = 12647:12633:12529) (tPR = 187319) [OK] 
  7327s: Performance info:
         Transaction,    Success,    Partial,     Failed,   Receipts, AvgBarcode, 
             Overall,     790503,          0,          0,     751172,      59.47, 
         Response times:
             Request,    Success,    Partial,     Failed,   SkipFail,     Probes,    Samples,      min,      p50,      p90,      p95,      p99,      max, 
       TotalPurchase,     757174,          0,          0,          0,     197536,     850373,      600,   384000,   640000,   720000,   970000, 30000000,
     InStorePurchase,     395925,          0,          0,          0,     102283,     446683,      700,   381000,   650000,   720000,  1100000, 27000000,
      OnlinePurchase,     281485,          0,          0,          0,      71802,     313747,      600,   384000,   640000,   720000,   910000, 30000000,
        InstPurchase,      79764,          0,          0,          0,      23451,      89943,     1500,   404000,   670000,   740000,   950000, 30000000,
          AssocOfCat,        796,          0,          0,          0,        515,       1802,    76000,   442500,   700000,   818500,  1797000,  6800000,
      AssocOfProduct,       7925,          0,          0,          0,       2462,       9417,     3800,   372000,   640000,   730000,  1300000, 30000000,
      BusinessReport,       1985,          0,          0,          0,       1085,       4385,    63000,   443000,   690000,   770000,  1214000, 30000000,
          CustBuyBeh,       7934,          0,          0,          0,       2315,       9195,     2300,   380000,   660000,   740000,  1100000,  9600000,
       ProductReturn,      21219,          0,          0,          0,       7342,      24298,     4000,   380000,   640000,   730000,  1200000, 24000000,

  7327s: (90%)   IR =  12789 [7327.767s][info][gc,start       ] GC(1368) Pause Young (Normal) (G1 Evacuation Pause)
[7327.767s][info][gc,task        ] GC(1368) Using 8 workers of 8 for evacuation
[7327.924s][info][gc,phases      ] GC(1368)   Pre Evacuate Collection Set: 0.21ms
[7327.924s][info][gc,phases      ] GC(1368)   Merge Heap Roots: 0.50ms
[7327.924s][info][gc,phases      ] GC(1368)   Evacuate Collection Set: 155.38ms
[7327.924s][info][gc,phases      ] GC(1368)   Post Evacuate Collection Set: 1.00ms
[7327.924s][info][gc,phases      ] GC(1368)   Other: 0.07ms
[7327.924s][info][gc,heap        ] GC(1368) Eden regions: 569->0(569)
[7327.924s][info][gc,heap        ] GC(1368) Survivor regions: 45->45(77)
[7327.924s][info][gc,heap        ] GC(1368) Old regions: 188->195
[7327.924s][info][gc,heap        ] GC(1368) Humongous regions: 33->33
[7327.924s][info][gc,metaspace   ] GC(1368) Metaspace: 29948K(30400K)->29948K(30400K) NonClass: 24540K(24768K)->24540K(24768K) Class: 5408K(5632K)->5408K(5632K)
[7327.924s][info][gc             ] GC(1368) Pause Young (Normal) (G1 Evacuation Pause) 6660M->2166M(8192M) 157.281ms
[7327.924s][info][gc,cpu         ] GC(1368) User=1.25s Sys=0.00s Real=0.15s
...[7330.593s][info][gc,start       ] GC(1369) Pause Young (Normal) (G1 Evacuation Pause)
[7330.593s][info][gc,task        ] GC(1369) Using 8 workers of 8 for evacuation
[7330.752s][info][gc,phases      ] GC(1369)   Pre Evacuate Collection Set: 0.23ms
[7330.752s][info][gc,phases      ] GC(1369)   Merge Heap Roots: 0.51ms
[7330.752s][info][gc,phases      ] GC(1369)   Evacuate Collection Set: 156.45ms
[7330.752s][info][gc,phases      ] GC(1369)   Post Evacuate Collection Set: 1.04ms
[7330.752s][info][gc,phases      ] GC(1369)   Other: 0.06ms
[7330.752s][info][gc,heap        ] GC(1369) Eden regions: 569->0(567)
[7330.752s][info][gc,heap        ] GC(1369) Survivor regions: 45->47(77)
[7330.752s][info][gc,heap        ] GC(1369) Old regions: 195->201
[7330.752s][info][gc,heap        ] GC(1369) Humongous regions: 33->33
[7330.752s][info][gc,metaspace   ] GC(1369) Metaspace: 29948K(30400K)->29948K(30400K) NonClass: 24540K(24768K)->24540K(24768K) Class: 5408K(5632K)->5408K(5632K)
[7330.752s][info][gc             ] GC(1369) Pause Young (Normal) (G1 Evacuation Pause) 6718M->2229M(8192M) 158.438ms
[7330.752s][info][gc,cpu         ] GC(1369) User=1.26s Sys=0.00s Real=0.16s
...[7333.691s][info][gc,start       ] GC(1370) Pause Young (Normal) (G1 Evacuation Pause)
[7333.691s][info][gc,task        ] GC(1370) Using 8 workers of 8 for evacuation
[7333.845s][info][gc,phases      ] GC(1370)   Pre Evacuate Collection Set: 0.22ms
[7333.845s][info][gc,phases      ] GC(1370)   Merge Heap Roots: 0.53ms
[7333.845s][info][gc,phases      ] GC(1370)   Evacuate Collection Set: 152.57ms
[7333.846s][info][gc,phases      ] GC(1370)   Post Evacuate Collection Set: 1.00ms
[7333.846s][info][gc,phases      ] GC(1370)   Other: 0.06ms
[7333.846s][info][gc,heap        ] GC(1370) Eden regions: 567->0(569)
[7333.846s][info][gc,heap        ] GC(1370) Survivor regions: 47->45(77)
[7333.846s][info][gc,heap        ] GC(1370) Old regions: 201->209
[7333.846s][info][gc,heap        ] GC(1370) Humongous regions: 33->33
[7333.846s][info][gc,metaspace   ] GC(1370) Metaspace: 29948K(30400K)->29948K(30400K) NonClass: 24540K(24768K)->24540K(24768K) Class: 5408K(5632K)->5408K(5632K)
[7333.846s][info][gc             ] GC(1370) Pause Young (Normal) (G1 Evacuation Pause) 6765M->2276M(8192M) 154.518ms
[7333.846s][info][gc,cpu         ] GC(1370) User=1.23s Sys=0.00s Real=0.16s
...[7336.772s][info][gc,start       ] GC(1371) Pause Young (Normal) (G1 Evacuation Pause)
[7336.772s][info][gc,task        ] GC(1371) Using 8 workers of 8 for evacuation
[7336.929s][info][gc,phases      ] GC(1371)   Pre Evacuate Collection Set: 0.21ms
[7336.929s][info][gc,phases      ] GC(1371)   Merge Heap Roots: 0.52ms
[7336.929s][info][gc,phases      ] GC(1371)   Evacuate Collection Set: 154.27ms
[7336.929s][info][gc,phases      ] GC(1371)   Post Evacuate Collection Set: 0.99ms
[7336.929s][info][gc,phases      ] GC(1371)   Other: 0.06ms
[7336.929s][info][gc,heap        ] GC(1371) Eden regions: 569->0(571)
[7336.929s][info][gc,heap        ] GC(1371) Survivor regions: 45->43(77)
[7336.929s][info][gc,heap        ] GC(1371) Old regions: 209->216
[7336.929s][info][gc,heap        ] GC(1371) Humongous regions: 33->33
[7336.929s][info][gc,metaspace   ] GC(1371) Metaspace: 29948K(30400K)->29948K(30400K) NonClass: 24540K(24768K)->24540K(24768K) Class: 5408K(5632K)->5408K(5632K)
[7336.929s][info][gc             ] GC(1371) Pause Young (Normal) (G1 Evacuation Pause) 6828M->2321M(8192M) 156.192ms
[7336.929s][info][gc,cpu         ] GC(1371) User=1.23s Sys=0.00s Real=0.16s
...[7339.886s][info][gc,start       ] GC(1372) Pause Young (Normal) (G1 Evacuation Pause)
[7339.886s][info][gc,task        ] GC(1372) Using 8 workers of 8 for evacuation
[7340.038s][info][gc,phases      ] GC(1372)   Pre Evacuate Collection Set: 0.21ms
[7340.038s][info][gc,phases      ] GC(1372)   Merge Heap Roots: 0.49ms
[7340.038s][info][gc,phases      ] GC(1372)   Evacuate Collection Set: 149.97ms
[7340.038s][info][gc,phases      ] GC(1372)   Post Evacuate Collection Set: 0.99ms
[7340.038s][info][gc,phases      ] GC(1372)   Other: 0.06ms
[7340.038s][info][gc,heap        ] GC(1372) Eden regions: 571->0(570)
[7340.038s][info][gc,heap        ] GC(1372) Survivor regions: 43->44(77)
[7340.038s][info][gc,heap        ] GC(1372) Old regions: 216->223
[7340.038s][info][gc,heap        ] GC(1372) Humongous regions: 33->33
[7340.038s][info][gc,metaspace   ] GC(1372) Metaspace: 29948K(30400K)->29948K(30400K) NonClass: 24540K(24768K)->24540K(24768K) Class: 5408K(5632K)->5408K(5632K)
[7340.038s][info][gc             ] GC(1372) Pause Young (Normal) (G1 Evacuation Pause) 6889M->2380M(8192M) 151.863ms
[7340.038s][info][gc,cpu         ] GC(1372) User=1.20s Sys=0.00s Real=0.15s
...[7342.862s][info][gc,start       ] GC(1373) Pause Young (Normal) (G1 Evacuation Pause)
[7342.862s][info][gc,task        ] GC(1373) Using 8 workers of 8 for evacuation
[7343.025s][info][gc,phases      ] GC(1373)   Pre Evacuate Collection Set: 0.21ms
[7343.025s][info][gc,phases      ] GC(1373)   Merge Heap Roots: 0.48ms
[7343.025s][info][gc,phases      ] GC(1373)   Evacuate Collection Set: 161.00ms
[7343.025s][info][gc,phases      ] GC(1373)   Post Evacuate Collection Set: 0.96ms
[7343.025s][info][gc,phases      ] GC(1373)   Other: 0.07ms
[7343.025s][info][gc,heap        ] GC(1373) Eden regions: 570->0(567)
[7343.025s][info][gc,heap        ] GC(1373) Survivor regions: 44->47(77)
[7343.025s][info][gc,heap        ] GC(1373) Old regions: 223->230
[7343.025s][info][gc,heap        ] GC(1373) Humongous regions: 33->33
[7343.025s][info][gc,metaspace   ] GC(1373) Metaspace: 29948K(30400K)->29948K(30400K) NonClass: 24540K(24768K)->24540K(24768K) Class: 5408K(5632K)->5408K(5632K)
[7343.025s][info][gc             ] GC(1373) Pause Young (Normal) (G1 Evacuation Pause) 6940M->2463M(8192M) 162.855ms
[7343.025s][info][gc,cpu         ] GC(1373) User=1.29s Sys=0.00s Real=0.17s
...[7345.964s][info][gc,start       ] GC(1374) Pause Young (Normal) (G1 Evacuation Pause)
[7345.964s][info][gc,task        ] GC(1374) Using 8 workers of 8 for evacuation
[7346.116s][info][gc,phases      ] GC(1374)   Pre Evacuate Collection Set: 0.21ms
[7346.116s][info][gc,phases      ] GC(1374)   Merge Heap Roots: 0.52ms
[7346.116s][info][gc,phases      ] GC(1374)   Evacuate Collection Set: 149.72ms
[7346.116s][info][gc,phases      ] GC(1374)   Post Evacuate Collection Set: 1.00ms
[7346.116s][info][gc,phases      ] GC(1374)   Other: 0.06ms
[7346.116s][info][gc,heap        ] GC(1374) Eden regions: 567->0(570)
[7346.116s][info][gc,heap        ] GC(1374) Survivor regions: 47->44(77)
[7346.116s][info][gc,heap        ] GC(1374) Old regions: 230->237
[7346.116s][info][gc,heap        ] GC(1374) Humongous regions: 33->33
[7346.116s][info][gc,metaspace   ] GC(1374) Metaspace: 29948K(30400K)->29948K(30400K) NonClass: 24540K(24768K)->24540K(24768K) Class: 5408K(5632K)->5408K(5632K)
[7346.116s][info][gc             ] GC(1374) Pause Young (Normal) (G1 Evacuation Pause) 6999M->2491M(8192M) 151.654ms
[7346.116s][info][gc,cpu         ] GC(1374) User=1.21s Sys=0.00s Real=0.16s
...[7348.912s][info][gc,start       ] GC(1375) Pause Young (Normal) (G1 Evacuation Pause)
[7348.913s][info][gc,task        ] GC(1375) Using 8 workers of 8 for evacuation
[7349.070s][info][gc,phases      ] GC(1375)   Pre Evacuate Collection Set: 0.21ms
[7349.070s][info][gc,phases      ] GC(1375)   Merge Heap Roots: 0.48ms
[7349.070s][info][gc,phases      ] GC(1375)   Evacuate Collection Set: 155.80ms
[7349.070s][info][gc,phases      ] GC(1375)   Post Evacuate Collection Set: 1.01ms
[7349.070s][info][gc,phases      ] GC(1375)   Other: 0.06ms
[7349.070s][info][gc,heap        ] GC(1375) Eden regions: 570->0(570)
[7349.070s][info][gc,heap        ] GC(1375) Survivor regions: 44->44(77)
[7349.070s][info][gc,heap        ] GC(1375) Old regions: 237->244
[7349.070s][info][gc,heap        ] GC(1375) Humongous regions: 33->33
[7349.070s][info][gc,metaspace   ] GC(1375) Metaspace: 29948K(30400K)->29948K(30400K) NonClass: 24540K(24768K)->24540K(24768K) Class: 5408K(5632K)->5408K(5632K)
[7349.070s][info][gc             ] GC(1375) Pause Young (Normal) (G1 Evacuation Pause) 7051M->2552M(8192M) 157.691ms
[7349.070s][info][gc,cpu         ] GC(1375) User=1.25s Sys=0.00s Real=0.16s
...[7352.020s][info][gc,start       ] GC(1376) Pause Young (Normal) (G1 Evacuation Pause)
[7352.020s][info][gc,task        ] GC(1376) Using 8 workers of 8 for evacuation
[7352.170s][info][gc,phases      ] GC(1376)   Pre Evacuate Collection Set: 0.21ms
[7352.170s][info][gc,phases      ] GC(1376)   Merge Heap Roots: 0.50ms
[7352.170s][info][gc,phases      ] GC(1376)   Evacuate Collection Set: 148.58ms
[7352.170s][info][gc,phases      ] GC(1376)   Post Evacuate Collection Set: 0.98ms
[7352.170s][info][gc,phases      ] GC(1376)   Other: 0.06ms
[7352.170s][info][gc,heap        ] GC(1376) Eden regions: 570->0(570)
[7352.170s][info][gc,heap        ] GC(1376) Survivor regions: 44->44(77)
[7352.170s][info][gc,heap        ] GC(1376) Old regions: 244->251
[7352.170s][info][gc,heap        ] GC(1376) Humongous regions: 33->33
[7352.170s][info][gc,metaspace   ] GC(1376) Metaspace: 29948K(30400K)->29948K(30400K) NonClass: 24540K(24768K)->24540K(24768K) Class: 5408K(5632K)->5408K(5632K)
[7352.170s][info][gc             ] GC(1376) Pause Young (Normal) (G1 Evacuation Pause) 7112M->2607M(8192M) 150.471ms
[7352.170s][info][gc,cpu         ] GC(1376) User=1.20s Sys=0.00s Real=0.15s
...[7355.078s][info][gc,start       ] GC(1377) Pause Young (Normal) (G1 Evacuation Pause)
[7355.078s][info][gc,task        ] GC(1377) Using 8 workers of 8 for evacuation
[7355.232s][info][gc,phases      ] GC(1377)   Pre Evacuate Collection Set: 0.21ms
[7355.232s][info][gc,phases      ] GC(1377)   Merge Heap Roots: 0.52ms
[7355.232s][info][gc,phases      ] GC(1377)   Evacuate Collection Set: 152.50ms
[7355.232s][info][gc,phases      ] GC(1377)   Post Evacuate Collection Set: 0.98ms
[7355.232s][info][gc,phases      ] GC(1377)   Other: 0.07ms
[7355.232s][info][gc,heap        ] GC(1377) Eden regions: 570->0(570)
[7355.232s][info][gc,heap        ] GC(1377) Survivor regions: 44->44(77)
[7355.232s][info][gc,heap        ] GC(1377) Old regions: 251->258
[7355.232s][info][gc,heap        ] GC(1377) Humongous regions: 33->33
[7355.232s][info][gc,metaspace   ] GC(1377) Metaspace: 29948K(30400K)->29948K(30400K) NonClass: 24540K(24768K)->24540K(24768K) Class: 5408K(5632K)->5408K(5632K)
[7355.232s][info][gc             ] GC(1377) Pause Young (Normal) (G1 Evacuation Pause) 7167M->2663M(8192M) 154.412ms
[7355.232s][info][gc,cpu         ] GC(1377) User=1.22s Sys=0.00s Real=0.15s
...|[7358.031s][info][gc,start       ] GC(1378) Pause Young (Normal) (G1 Evacuation Pause)
[7358.031s][info][gc,task        ] GC(1378) Using 8 workers of 8 for evacuation
[7358.189s][info][gc,phases      ] GC(1378)   Pre Evacuate Collection Set: 0.22ms
[7358.189s][info][gc,phases      ] GC(1378)   Merge Heap Roots: 0.52ms
[7358.189s][info][gc,phases      ] GC(1378)   Evacuate Collection Set: 156.14ms
[7358.189s][info][gc,phases      ] GC(1378)   Post Evacuate Collection Set: 0.98ms
[7358.189s][info][gc,phases      ] GC(1378)   Other: 0.06ms
[7358.189s][info][gc,heap        ] GC(1378) Eden regions: 570->0(569)
[7358.189s][info][gc,heap        ] GC(1378) Survivor regions: 44->45(77)
[7358.189s][info][gc,heap        ] GC(1378) Old regions: 258->265
[7358.189s][info][gc,heap        ] GC(1378) Humongous regions: 33->33
[7358.189s][info][gc,metaspace   ] GC(1378) Metaspace: 29948K(30400K)->29948K(30400K) NonClass: 24540K(24768K)->24540K(24768K) Class: 5408K(5632K)->5408K(5632K)
[7358.189s][info][gc             ] GC(1378) Pause Young (Normal) (G1 Evacuation Pause) 7223M->2726M(8192M) 158.056ms
[7358.189s][info][gc,cpu         ] GC(1378) User=1.26s Sys=0.00s Real=0.16s
...[7361.067s][info][gc,start       ] GC(1379) Pause Young (Normal) (G1 Evacuation Pause)
[7361.067s][info][gc,task        ] GC(1379) Using 8 workers of 8 for evacuation
[7361.225s][info][gc,phases      ] GC(1379)   Pre Evacuate Collection Set: 0.21ms
[7361.225s][info][gc,phases      ] GC(1379)   Merge Heap Roots: 0.53ms
[7361.225s][info][gc,phases      ] GC(1379)   Evacuate Collection Set: 156.04ms
[7361.225s][info][gc,phases      ] GC(1379)   Post Evacuate Collection Set: 1.00ms
[7361.225s][info][gc,phases      ] GC(1379)   Other: 0.06ms
[7361.225s][info][gc,heap        ] GC(1379) Eden regions: 569->0(568)
[7361.225s][info][gc,heap        ] GC(1379) Survivor regions: 45->46(77)
[7361.225s][info][gc,heap        ] GC(1379) Old regions: 265->272
[7361.225s][info][gc,heap        ] GC(1379) Humongous regions: 33->33
[7361.225s][info][gc,metaspace   ] GC(1379) Metaspace: 29948K(30400K)->29948K(30400K) NonClass: 24540K(24768K)->24540K(24768K) Class: 5408K(5632K)->5408K(5632K)
[7361.225s][info][gc             ] GC(1379) Pause Young (Normal) (G1 Evacuation Pause) 7278M->2789M(8192M) 157.957ms
[7361.225s][info][gc,cpu         ] GC(1379) User=1.25s Sys=0.00s Real=0.16s
...[7364.155s][info][gc,start       ] GC(1380) Pause Young (Normal) (G1 Evacuation Pause)
[7364.155s][info][gc,task        ] GC(1380) Using 8 workers of 8 for evacuation
[7364.314s][info][gc,phases      ] GC(1380)   Pre Evacuate Collection Set: 0.21ms
[7364.314s][info][gc,phases      ] GC(1380)   Merge Heap Roots: 0.52ms
[7364.314s][info][gc,phases      ] GC(1380)   Evacuate Collection Set: 157.73ms
[7364.314s][info][gc,phases      ] GC(1380)   Post Evacuate Collection Set: 0.98ms
[7364.314s][info][gc,phases      ] GC(1380)   Other: 0.07ms
[7364.314s][info][gc,heap        ] GC(1380) Eden regions: 568->0(568)
[7364.314s][info][gc,heap        ] GC(1380) Survivor regions: 46->46(77)
[7364.314s][info][gc,heap        ] GC(1380) Old regions: 272->279
[7364.314s][info][gc,heap        ] GC(1380) Humongous regions: 33->33
[7364.314s][info][gc,metaspace   ] GC(1380) Metaspace: 29948K(30400K)->29948K(30400K) NonClass: 24540K(24768K)->24540K(24768K) Class: 5408K(5632K)->5408K(5632K)
[7364.314s][info][gc             ] GC(1380) Pause Young (Normal) (G1 Evacuation Pause) 7333M->2847M(8192M) 159.657ms
[7364.314s][info][gc,cpu         ] GC(1380) User=1.27s Sys=0.00s Real=0.15s
...[7367.293s][info][gc,start       ] GC(1381) Pause Young (Normal) (G1 Evacuation Pause)
[7367.293s][info][gc,task        ] GC(1381) Using 8 workers of 8 for evacuation
[7367.446s][info][gc,phases      ] GC(1381)   Pre Evacuate Collection Set: 0.22ms
[7367.446s][info][gc,phases      ] GC(1381)   Merge Heap Roots: 0.52ms
[7367.446s][info][gc,phases      ] GC(1381)   Evacuate Collection Set: 150.56ms
[7367.446s][info][gc,phases      ] GC(1381)   Post Evacuate Collection Set: 1.01ms
[7367.446s][info][gc,phases      ] GC(1381)   Other: 0.06ms
[7367.446s][info][gc,heap        ] GC(1381) Eden regions: 568->0(566)
[7367.446s][info][gc,heap        ] GC(1381) Survivor regions: 46->43(77)
[7367.446s][info][gc,heap        ] GC(1381) Old regions: 279->287
[7367.446s][info][gc,heap        ] GC(1381) Humongous regions: 33->33
[7367.446s][info][gc,metaspace   ] GC(1381) Metaspace: 29948K(30400K)->29948K(30400K) NonClass: 24540K(24768K)->24540K(24768K) Class: 5408K(5632K)->5408K(5632K)
[7367.446s][info][gc             ] GC(1381) Pause Young (Normal) (G1 Evacuation Pause) 7391M->2886M(8192M) 152.500ms
[7367.446s][info][gc,cpu         ] GC(1381) User=1.21s Sys=0.00s Real=0.16s
...[7370.223s][info][gc,start       ] GC(1382) Pause Young (Normal) (G1 Evacuation Pause)
[7370.223s][info][gc,task        ] GC(1382) Using 8 workers of 8 for evacuation
[7370.378s][info][gc,phases      ] GC(1382)   Pre Evacuate Collection Set: 0.20ms
[7370.379s][info][gc,phases      ] GC(1382)   Merge Heap Roots: 0.49ms
[7370.379s][info][gc,phases      ] GC(1382)   Evacuate Collection Set: 153.24ms
[7370.379s][info][gc,phases      ] GC(1382)   Post Evacuate Collection Set: 0.99ms
[7370.379s][info][gc,phases      ] GC(1382)   Other: 0.08ms
[7370.379s][info][gc,heap        ] GC(1382) Eden regions: 566->0(557)
[7370.379s][info][gc,heap        ] GC(1382) Survivor regions: 43->44(77)
[7370.379s][info][gc,heap        ] GC(1382) Old regions: 287->294
[7370.379s][info][gc,heap        ] GC(1382) Humongous regions: 33->33
[7370.379s][info][gc,metaspace   ] GC(1382) Metaspace: 29948K(30400K)->29948K(30400K) NonClass: 24540K(24768K)->24540K(24768K) Class: 5408K(5632K)->5408K(5632K)
[7370.379s][info][gc             ] GC(1382) Pause Young (Normal) (G1 Evacuation Pause) 7414M->2951M(8192M) 155.155ms
[7370.379s][info][gc,cpu         ] GC(1382) User=1.23s Sys=0.00s Real=0.16s
...[7373.235s][info][gc,start       ] GC(1383) Pause Young (Normal) (G1 Evacuation Pause)
[7373.235s][info][gc,task        ] GC(1383) Using 8 workers of 8 for evacuation
[7373.399s][info][gc,phases      ] GC(1383)   Pre Evacuate Collection Set: 0.21ms
[7373.399s][info][gc,phases      ] GC(1383)   Merge Heap Roots: 0.49ms
[7373.399s][info][gc,phases      ] GC(1383)   Evacuate Collection Set: 162.52ms
[7373.399s][info][gc,phases      ] GC(1383)   Post Evacuate Collection Set: 0.98ms
[7373.399s][info][gc,phases      ] GC(1383)   Other: 0.06ms
[7373.399s][info][gc,heap        ] GC(1383) Eden regions: 557->0(544)
[7373.399s][info][gc,heap        ] GC(1383) Survivor regions: 44->47(76)
[7373.399s][info][gc,heap        ] GC(1383) Old regions: 294->301
[7373.399s][info][gc,heap        ] GC(1383) Humongous regions: 33->33
[7373.399s][info][gc,metaspace   ] GC(1383) Metaspace: 29948K(30400K)->29948K(30400K) NonClass: 24540K(24768K)->24540K(24768K) Class: 5408K(5632K)->5408K(5632K)
[7373.399s][info][gc             ] GC(1383) Pause Young (Normal) (G1 Evacuation Pause) 7407M->3034M(8192M) 164.403ms
[7373.399s][info][gc,cpu         ] GC(1383) User=1.30s Sys=0.00s Real=0.16s
...[7376.144s][info][gc,start       ] GC(1384) Pause Young (Normal) (G1 Evacuation Pause)
[7376.144s][info][gc,task        ] GC(1384) Using 8 workers of 8 for evacuation
[7376.298s][info][gc,phases      ] GC(1384)   Pre Evacuate Collection Set: 0.21ms
[7376.298s][info][gc,phases      ] GC(1384)   Merge Heap Roots: 0.49ms
[7376.298s][info][gc,phases      ] GC(1384)   Evacuate Collection Set: 152.25ms
[7376.298s][info][gc,phases      ] GC(1384)   Post Evacuate Collection Set: 0.97ms
[7376.298s][info][gc,phases      ] GC(1384)   Other: 0.06ms
[7376.298s][info][gc,heap        ] GC(1384) Eden regions: 544->0(542)
[7376.298s][info][gc,heap        ] GC(1384) Survivor regions: 47->44(74)
[7376.298s][info][gc,heap        ] GC(1384) Old regions: 301->309
[7376.298s][info][gc,heap        ] GC(1384) Humongous regions: 33->33
[7376.298s][info][gc,metaspace   ] GC(1384) Metaspace: 29948K(30400K)->29948K(30400K) NonClass: 24540K(24768K)->24540K(24768K) Class: 5408K(5632K)->5408K(5632K)
[7376.298s][info][gc             ] GC(1384) Pause Young (Normal) (G1 Evacuation Pause) 7386M->3070M(8192M) 154.128ms
[7376.298s][info][gc,cpu         ] GC(1384) User=1.22s Sys=0.00s Real=0.16s
...[7378.988s][info][gc,start       ] GC(1385) Pause Young (Concurrent Start) (G1 Evacuation Pause)
[7378.988s][info][gc,task        ] GC(1385) Using 8 workers of 8 for evacuation
[7379.146s][info][gc,phases      ] GC(1385)   Pre Evacuate Collection Set: 0.25ms
[7379.146s][info][gc,phases      ] GC(1385)   Merge Heap Roots: 0.50ms
[7379.146s][info][gc,phases      ] GC(1385)   Evacuate Collection Set: 156.70ms
[7379.146s][info][gc,phases      ] GC(1385)   Post Evacuate Collection Set: 0.94ms
[7379.146s][info][gc,phases      ] GC(1385)   Other: 0.08ms
[7379.147s][info][gc,heap        ] GC(1385) Eden regions: 542->0(533)
[7379.147s][info][gc,heap        ] GC(1385) Survivor regions: 44->45(74)
[7379.147s][info][gc,heap        ] GC(1385) Old regions: 309->316
[7379.147s][info][gc,heap        ] GC(1385) Humongous regions: 33->33
[7379.147s][info][gc,metaspace   ] GC(1385) Metaspace: 29948K(30400K)->29948K(30400K) NonClass: 24540K(24768K)->24540K(24768K) Class: 5408K(5632K)->5408K(5632K)
[7379.147s][info][gc             ] GC(1385) Pause Young (Concurrent Start) (G1 Evacuation Pause) 7406M->3132M(8192M) 158.606ms
[7379.147s][info][gc             ] GC(1386) Concurrent Mark Cycle
[7379.147s][info][gc,marking     ] GC(1386) Concurrent Scan Root Regions
[7379.147s][info][gc,cpu         ] GC(1385) User=1.25s Sys=0.00s Real=0.16s
[7379.411s][info][gc,marking     ] GC(1386) Concurrent Scan Root Regions 264.326ms
[7379.411s][info][gc,marking     ] GC(1386) Concurrent Mark
[7379.411s][info][gc,marking     ] GC(1386) Concurrent Mark From Roots
[7379.411s][info][gc,task        ] GC(1386) Using 2 workers of 2 for marking
..[7380.729s][info][gc,marking     ] GC(1386) Concurrent Mark From Roots 1317.682ms
[7380.729s][info][gc,marking     ] GC(1386) Concurrent Preclean
[7380.729s][info][gc,marking     ] GC(1386) Concurrent Preclean 0.084ms
[7380.729s][info][gc,start       ] GC(1386) Pause Remark
[7380.730s][info][gc             ] GC(1386) Pause Remark 4842M->4322M(8192M) 1.236ms
[7380.730s][info][gc,cpu         ] GC(1386) User=0.01s Sys=0.00s Real=0.00s
[7380.730s][info][gc,marking     ] GC(1386) Concurrent Mark 1319.308ms
[7380.730s][info][gc,marking     ] GC(1386) Concurrent Rebuild Remembered Sets and Scrub Regions
[7381.480s][info][gc,marking     ] GC(1386) Concurrent Rebuild Remembered Sets and Scrub Regions 749.561ms
[7381.480s][info][gc,start       ] GC(1386) Pause Cleanup
[7381.480s][info][gc             ] GC(1386) Pause Cleanup 5384M->5384M(8192M) 0.263ms
[7381.480s][info][gc,cpu         ] GC(1386) User=0.00s Sys=0.00s Real=0.00s
[7381.483s][info][gc,marking     ] GC(1386) Concurrent Clear Claimed Marks
[7381.484s][info][gc,marking     ] GC(1386) Concurrent Clear Claimed Marks 0.082ms
[7381.484s][info][gc,marking     ] GC(1386) Concurrent Cleanup for Next Mark
[7381.495s][info][gc,marking     ] GC(1386) Concurrent Cleanup for Next Mark 11.232ms
[7381.495s][info][gc             ] GC(1386) Concurrent Mark Cycle 2348.274ms
.[7382.434s][info][gc,start       ] GC(1387) Pause Young (Prepare Mixed) (G1 Evacuation Pause)
[7382.434s][info][gc,task        ] GC(1387) Using 8 workers of 8 for evacuation
[7382.585s][info][gc,phases      ] GC(1387)   Pre Evacuate Collection Set: 0.23ms
[7382.585s][info][gc,phases      ] GC(1387)   Merge Heap Roots: 0.66ms
[7382.585s][info][gc,phases      ] GC(1387)   Evacuate Collection Set: 149.57ms
[7382.585s][info][gc,phases      ] GC(1387)   Post Evacuate Collection Set: 1.08ms
[7382.585s][info][gc,phases      ] GC(1387)   Other: 0.07ms
[7382.585s][info][gc,heap        ] GC(1387) Eden regions: 533->0(570)
[7382.585s][info][gc,heap        ] GC(1387) Survivor regions: 45->44(73)
[7382.585s][info][gc,heap        ] GC(1387) Old regions: 251->258
[7382.585s][info][gc,heap        ] GC(1387) Humongous regions: 33->33
[7382.585s][info][gc,metaspace   ] GC(1387) Metaspace: 29948K(30400K)->29948K(30400K) NonClass: 24540K(24768K)->24540K(24768K) Class: 5408K(5632K)->5408K(5632K)
[7382.585s][info][gc             ] GC(1387) Pause Young (Prepare Mixed) (G1 Evacuation Pause) 6876M->2667M(8192M) 151.729ms
[7382.585s][info][gc,cpu         ] GC(1387) User=1.20s Sys=0.00s Real=0.16s
...[7385.525s][info][gc,start       ] GC(1388) Pause Young (Mixed) (G1 Evacuation Pause)
[7385.525s][info][gc,task        ] GC(1388) Using 8 workers of 8 for evacuation
[7385.683s][info][gc,phases      ] GC(1388)   Pre Evacuate Collection Set: 0.25ms
[7385.683s][info][gc,phases      ] GC(1388)   Merge Heap Roots: 0.78ms
[7385.683s][info][gc,phases      ] GC(1388)   Evacuate Collection Set: 155.91ms
[7385.683s][info][gc,phases      ] GC(1388)   Post Evacuate Collection Set: 1.20ms
[7385.683s][info][gc,phases      ] GC(1388)   Other: 0.08ms
[7385.683s][info][gc,heap        ] GC(1388) Eden regions: 570->0(571)
[7385.683s][info][gc,heap        ] GC(1388) Survivor regions: 44->43(77)
[7385.683s][info][gc,heap        ] GC(1388) Old regions: 258->164
[7385.683s][info][gc,heap        ] GC(1388) Humongous regions: 33->33
[7385.683s][info][gc,metaspace   ] GC(1388) Metaspace: 29948K(30400K)->29948K(30400K) NonClass: 24540K(24768K)->24540K(24768K) Class: 5408K(5632K)->5408K(5632K)
[7385.683s][info][gc             ] GC(1388) Pause Young (Mixed) (G1 Evacuation Pause) 7227M->1902M(8192M) 158.359ms
[7385.684s][info][gc,cpu         ] GC(1388) User=1.25s Sys=0.00s Real=0.15s
...[7388.616s][info][gc,start       ] GC(1389) Pause Young (Mixed) (G1 Evacuation Pause)
[7388.616s][info][gc,task        ] GC(1389) Using 8 workers of 8 for evacuation
[7388.771s][info][gc,phases      ] GC(1389)   Pre Evacuate Collection Set: 0.24ms
[7388.771s][info][gc,phases      ] GC(1389)   Merge Heap Roots: 0.80ms
[7388.771s][info][gc,phases      ] GC(1389)   Evacuate Collection Set: 153.33ms
[7388.771s][info][gc,phases      ] GC(1389)   Post Evacuate Collection Set: 1.03ms
[7388.771s][info][gc,phases      ] GC(1389)   Other: 0.07ms
[7388.771s][info][gc,heap        ] GC(1389) Eden regions: 571->0(572)
[7388.771s][info][gc,heap        ] GC(1389) Survivor regions: 43->42(77)
[7388.771s][info][gc,heap        ] GC(1389) Old regions: 164->144
[7388.771s][info][gc,heap        ] GC(1389) Humongous regions: 33->33
[7388.771s][info][gc,metaspace   ] GC(1389) Metaspace: 29948K(30400K)->29948K(30400K) NonClass: 24540K(24768K)->24540K(24768K) Class: 5408K(5632K)->5408K(5632K)
[7388.771s][info][gc             ] GC(1389) Pause Young (Mixed) (G1 Evacuation Pause) 6470M->1737M(8192M) 155.599ms
[7388.771s][info][gc,cpu         ] GC(1389) User=1.23s Sys=0.00s Real=0.15s
...[7391.703s][info][gc,start       ] GC(1390) Pause Young (Normal) (G1 Evacuation Pause)
[7391.703s][info][gc,task        ] GC(1390) Using 8 workers of 8 for evacuation
[7391.858s][info][gc,phases      ] GC(1390)   Pre Evacuate Collection Set: 0.24ms
[7391.858s][info][gc,phases      ] GC(1390)   Merge Heap Roots: 0.57ms
[7391.858s][info][gc,phases      ] GC(1390)   Evacuate Collection Set: 152.49ms
[7391.858s][info][gc,phases      ] GC(1390)   Post Evacuate Collection Set: 1.00ms
[7391.858s][info][gc,phases      ] GC(1390)   Other: 0.83ms
[7391.858s][info][gc,heap        ] GC(1390) Eden regions: 572->0(570)
[7391.858s][info][gc,heap        ] GC(1390) Survivor regions: 42->44(77)
[7391.858s][info][gc,heap        ] GC(1390) Old regions: 144->151
[7391.858s][info][gc,heap        ] GC(1390) Humongous regions: 33->33
[7391.858s][info][gc,metaspace   ] GC(1390) Metaspace: 29948K(30400K)->29948K(30400K) NonClass: 24540K(24768K)->24540K(24768K) Class: 5408K(5632K)->5408K(5632K)
[7391.858s][info][gc             ] GC(1390) Pause Young (Normal) (G1 Evacuation Pause) 6313M->1807M(8192M) 155.260ms
[7391.858s][info][gc,cpu         ] GC(1390) User=1.22s Sys=0.00s Real=0.16s
...[7394.786s][info][gc,start       ] GC(1391) Pause Young (Normal) (G1 Evacuation Pause)
[7394.786s][info][gc,task        ] GC(1391) Using 8 workers of 8 for evacuation
[7394.938s][info][gc,phases      ] GC(1391)   Pre Evacuate Collection Set: 0.21ms
[7394.938s][info][gc,phases      ] GC(1391)   Merge Heap Roots: 0.50ms
[7394.938s][info][gc,phases      ] GC(1391)   Evacuate Collection Set: 150.25ms
[7394.938s][info][gc,phases      ] GC(1391)   Post Evacuate Collection Set: 1.00ms
[7394.938s][info][gc,phases      ] GC(1391)   Other: 0.06ms
[7394.938s][info][gc,heap        ] GC(1391) Eden regions: 570->0(571)
[7394.938s][info][gc,heap        ] GC(1391) Survivor regions: 44->43(77)
[7394.938s][info][gc,heap        ] GC(1391) Old regions: 151->158
[7394.938s][info][gc,heap        ] GC(1391) Humongous regions: 33->33
[7394.938s][info][gc,metaspace   ] GC(1391) Metaspace: 29948K(30400K)->29948K(30400K) NonClass: 24540K(24768K)->24540K(24768K) Class: 5408K(5632K)->5408K(5632K)
[7394.938s][info][gc             ] GC(1391) Pause Young (Normal) (G1 Evacuation Pause) 6367M->1855M(8192M) 152.151ms
[7394.938s][info][gc,cpu         ] GC(1391) User=1.20s Sys=0.00s Real=0.15s
...[7397.796s][info][gc,start       ] GC(1392) Pause Young (Normal) (G1 Evacuation Pause)
[7397.796s][info][gc,task        ] GC(1392) Using 8 workers of 8 for evacuation
[7397.955s][info][gc,phases      ] GC(1392)   Pre Evacuate Collection Set: 0.21ms
[7397.955s][info][gc,phases      ] GC(1392)   Merge Heap Roots: 0.51ms
[7397.955s][info][gc,phases      ] GC(1392)   Evacuate Collection Set: 157.59ms
[7397.955s][info][gc,phases      ] GC(1392)   Post Evacuate Collection Set: 0.97ms
[7397.955s][info][gc,phases      ] GC(1392)   Other: 0.06ms
[7397.955s][info][gc,heap        ] GC(1392) Eden regions: 571->0(569)
[7397.955s][info][gc,heap        ] GC(1392) Survivor regions: 43->45(77)
[7397.955s][info][gc,heap        ] GC(1392) Old regions: 158->166
[7397.955s][info][gc,heap        ] GC(1392) Humongous regions: 33->33
[7397.955s][info][gc,metaspace   ] GC(1392) Metaspace: 29948K(30400K)->29948K(30400K) NonClass: 24540K(24768K)->24540K(24768K) Class: 5408K(5632K)->5408K(5632K)
[7397.955s][info][gc             ] GC(1392) Pause Young (Normal) (G1 Evacuation Pause) 6423M->1931M(8192M) 159.466ms
[7397.955s][info][gc,cpu         ] GC(1392) User=1.26s Sys=0.00s Real=0.16s
...[7400.601s][info][gc,start       ] GC(1393) Pause Young (Normal) (G1 Evacuation Pause)
[7400.601s][info][gc,task        ] GC(1393) Using 8 workers of 8 for evacuation
[7400.759s][info][gc,phases      ] GC(1393)   Pre Evacuate Collection Set: 0.21ms
[7400.759s][info][gc,phases      ] GC(1393)   Merge Heap Roots: 0.51ms
[7400.759s][info][gc,phases      ] GC(1393)   Evacuate Collection Set: 156.16ms
[7400.759s][info][gc,phases      ] GC(1393)   Post Evacuate Collection Set: 0.95ms
[7400.759s][info][gc,phases      ] GC(1393)   Other: 0.06ms
[7400.759s][info][gc,heap        ] GC(1393) Eden regions: 569->0(568)
[7400.759s][info][gc,heap        ] GC(1393) Survivor regions: 45->46(77)
[7400.759s][info][gc,heap        ] GC(1393) Old regions: 166->173
[7400.759s][info][gc,heap        ] GC(1393) Humongous regions: 33->33
[7400.759s][info][gc,metaspace   ] GC(1393) Metaspace: 29948K(30400K)->29948K(30400K) NonClass: 24540K(24768K)->24540K(24768K) Class: 5408K(5632K)->5408K(5632K)
[7400.759s][info][gc             ] GC(1393) Pause Young (Normal) (G1 Evacuation Pause) 6483M->1996M(8192M) 158.026ms
[7400.759s][info][gc,cpu         ] GC(1393) User=1.26s Sys=0.00s Real=0.16s
...[7403.620s][info][gc,start       ] GC(1394) Pause Young (Normal) (G1 Evacuation Pause)
[7403.620s][info][gc,task        ] GC(1394) Using 8 workers of 8 for evacuation
[7403.776s][info][gc,phases      ] GC(1394)   Pre Evacuate Collection Set: 0.22ms
[7403.776s][info][gc,phases      ] GC(1394)   Merge Heap Roots: 0.48ms
[7403.776s][info][gc,phases      ] GC(1394)   Evacuate Collection Set: 154.17ms
[7403.776s][info][gc,phases      ] GC(1394)   Post Evacuate Collection Set: 0.97ms
[7403.776s][info][gc,phases      ] GC(1394)   Other: 0.06ms
[7403.776s][info][gc,heap        ] GC(1394) Eden regions: 568->0(570)
[7403.776s][info][gc,heap        ] GC(1394) Survivor regions: 46->44(77)
[7403.776s][info][gc,heap        ] GC(1394) Old regions: 173->180
[7403.776s][info][gc,heap        ] GC(1394) Humongous regions: 33->33
[7403.776s][info][gc,metaspace   ] GC(1394) Metaspace: 29948K(30400K)->29948K(30400K) NonClass: 24540K(24768K)->24540K(24768K) Class: 5408K(5632K)->5408K(5632K)
[7403.776s][info][gc             ] GC(1394) Pause Young (Normal) (G1 Evacuation Pause) 6540M->2036M(8192M) 156.032ms
[7403.776s][info][gc,cpu         ] GC(1394) User=1.24s Sys=0.00s Real=0.16s
...[7406.695s][info][gc,start       ] GC(1395) Pause Young (Normal) (G1 Evacuation Pause)
[7406.695s][info][gc,task        ] GC(1395) Using 8 workers of 8 for evacuation
[7406.860s][info][gc,phases      ] GC(1395)   Pre Evacuate Collection Set: 0.19ms
[7406.860s][info][gc,phases      ] GC(1395)   Merge Heap Roots: 0.48ms
[7406.860s][info][gc,phases      ] GC(1395)   Evacuate Collection Set: 163.49ms
[7406.860s][info][gc,phases      ] GC(1395)   Post Evacuate Collection Set: 0.97ms
[7406.860s][info][gc,phases      ] GC(1395)   Other: 0.06ms
[7406.860s][info][gc,heap        ] GC(1395) Eden regions: 570->0(567)
[7406.860s][info][gc,heap        ] GC(1395) Survivor regions: 44->47(77)
[7406.860s][info][gc,heap        ] GC(1395) Old regions: 180->187
[7406.860s][info][gc,heap        ] GC(1395) Humongous regions: 33->33
[7406.860s][info][gc,metaspace   ] GC(1395) Metaspace: 29948K(30400K)->29948K(30400K) NonClass: 24540K(24768K)->24540K(24768K) Class: 5408K(5632K)->5408K(5632K)
[7406.860s][info][gc             ] GC(1395) Pause Young (Normal) (G1 Evacuation Pause) 6596M->2118M(8192M) 165.325ms
[7406.860s][info][gc,cpu         ] GC(1395) User=1.31s Sys=0.00s Real=0.16s
...[7409.799s][info][gc,start       ] GC(1396) Pause Young (Normal) (G1 Evacuation Pause)
[7409.799s][info][gc,task        ] GC(1396) Using 8 workers of 8 for evacuation
[7409.950s][info][gc,phases      ] GC(1396)   Pre Evacuate Collection Set: 0.25ms
[7409.950s][info][gc,phases      ] GC(1396)   Merge Heap Roots: 0.58ms
[7409.950s][info][gc,phases      ] GC(1396)   Evacuate Collection Set: 149.57ms
[7409.950s][info][gc,phases      ] GC(1396)   Post Evacuate Collection Set: 0.97ms
[7409.950s][info][gc,phases      ] GC(1396)   Other: 0.06ms
[7409.950s][info][gc,heap        ] GC(1396) Eden regions: 567->0(571)
[7409.950s][info][gc,heap        ] GC(1396) Survivor regions: 47->43(77)
[7409.950s][info][gc,heap        ] GC(1396) Old regions: 187->195
[7409.950s][info][gc,heap        ] GC(1396) Humongous regions: 33->33
[7409.950s][info][gc,metaspace   ] GC(1396) Metaspace: 29948K(30400K)->29948K(30400K) NonClass: 24540K(24768K)->24540K(24768K) Class: 5408K(5632K)->5408K(5632K)
[7409.950s][info][gc             ] GC(1396) Pause Young (Normal) (G1 Evacuation Pause) 6654M->2151M(8192M) 151.563ms
[7409.950s][info][gc,cpu         ] GC(1396) User=1.20s Sys=0.00s Real=0.15s
...[7412.903s][info][gc,start       ] GC(1397) Pause Young (Normal) (G1 Evacuation Pause)
[7412.903s][info][gc,task        ] GC(1397) Using 8 workers of 8 for evacuation
[7413.053s][info][gc,phases      ] GC(1397)   Pre Evacuate Collection Set: 0.24ms
[7413.053s][info][gc,phases      ] GC(1397)   Merge Heap Roots: 0.51ms
[7413.053s][info][gc,phases      ] GC(1397)   Evacuate Collection Set: 147.56ms
[7413.053s][info][gc,phases      ] GC(1397)   Post Evacuate Collection Set: 0.98ms
[7413.053s][info][gc,phases      ] GC(1397)   Other: 0.07ms
[7413.053s][info][gc,heap        ] GC(1397) Eden regions: 571->0(570)
[7413.053s][info][gc,heap        ] GC(1397) Survivor regions: 43->44(77)
[7413.053s][info][gc,heap        ] GC(1397) Old regions: 195->202
[7413.053s][info][gc,heap        ] GC(1397) Humongous regions: 33->33
[7413.053s][info][gc,metaspace   ] GC(1397) Metaspace: 29948K(30400K)->29948K(30400K) NonClass: 24540K(24768K)->24540K(24768K) Class: 5408K(5632K)->5408K(5632K)
[7413.053s][info][gc             ] GC(1397) Pause Young (Normal) (G1 Evacuation Pause) 6719M->2215M(8192M) 149.490ms
[7413.053s][info][gc,cpu         ] GC(1397) User=1.18s Sys=0.00s Real=0.15s
...[7415.977s][info][gc,start       ] GC(1398) Pause Young (Normal) (G1 Evacuation Pause)
[7415.977s][info][gc,task        ] GC(1398) Using 8 workers of 8 for evacuation
[7416.128s][info][gc,phases      ] GC(1398)   Pre Evacuate Collection Set: 0.23ms
[7416.128s][info][gc,phases      ] GC(1398)   Merge Heap Roots: 0.51ms
[7416.128s][info][gc,phases      ] GC(1398)   Evacuate Collection Set: 148.97ms
[7416.128s][info][gc,phases      ] GC(1398)   Post Evacuate Collection Set: 0.99ms
[7416.128s][info][gc,phases      ] GC(1398)   Other: 0.08ms
[7416.128s][info][gc,heap        ] GC(1398) Eden regions: 570->0(570)
[7416.128s][info][gc,heap        ] GC(1398) Survivor regions: 44->44(77)
[7416.128s][info][gc,heap        ] GC(1398) Old regions: 202->209
[7416.128s][info][gc,heap        ] GC(1398) Humongous regions: 33->33
[7416.128s][info][gc,metaspace   ] GC(1398) Metaspace: 29948K(30400K)->29948K(30400K) NonClass: 24540K(24768K)->24540K(24768K) Class: 5408K(5632K)->5408K(5632K)
[7416.128s][info][gc             ] GC(1398) Pause Young (Normal) (G1 Evacuation Pause) 6775M->2274M(8192M) 150.898ms
[7416.128s][info][gc,cpu         ] GC(1398) User=1.20s Sys=0.00s Real=0.15s
....[7419.191s][info][gc,start       ] GC(1399) Pause Young (Normal) (G1 Evacuation Pause)
[7419.191s][info][gc,task        ] GC(1399) Using 8 workers of 8 for evacuation
[7419.344s][info][gc,phases      ] GC(1399)   Pre Evacuate Collection Set: 0.22ms
[7419.345s][info][gc,phases      ] GC(1399)   Merge Heap Roots: 0.55ms
[7419.345s][info][gc,phases      ] GC(1399)   Evacuate Collection Set: 151.78ms
[7419.345s][info][gc,phases      ] GC(1399)   Post Evacuate Collection Set: 0.98ms
[7419.345s][info][gc,phases      ] GC(1399)   Other: 0.06ms
[7419.345s][info][gc,heap        ] GC(1399) Eden regions: 570->0(570)
[7419.345s][info][gc,heap        ] GC(1399) Survivor regions: 44->44(77)
[7419.345s][info][gc,heap        ] GC(1399) Old regions: 209->217
[7419.345s][info][gc,heap        ] GC(1399) Humongous regions: 33->33
[7419.345s][info][gc,metaspace   ] GC(1399) Metaspace: 29948K(30400K)->29948K(30400K) NonClass: 24540K(24768K)->24540K(24768K) Class: 5408K(5632K)->5408K(5632K)
[7419.345s][info][gc             ] GC(1399) Pause Young (Normal) (G1 Evacuation Pause) 6834M->2330M(8192M) 153.720ms
[7419.345s][info][gc,cpu         ] GC(1399) User=1.22s Sys=0.00s Real=0.16s
...[7422.146s][info][gc,start       ] GC(1400) Pause Young (Normal) (G1 Evacuation Pause)
[7422.146s][info][gc,task        ] GC(1400) Using 8 workers of 8 for evacuation
[7422.297s][info][gc,phases      ] GC(1400)   Pre Evacuate Collection Set: 0.22ms
[7422.297s][info][gc,phases      ] GC(1400)   Merge Heap Roots: 0.50ms
[7422.297s][info][gc,phases      ] GC(1400)   Evacuate Collection Set: 149.49ms
[7422.297s][info][gc,phases      ] GC(1400)   Post Evacuate Collection Set: 1.00ms
[7422.297s][info][gc,phases      ] GC(1400)   Other: 0.06ms
[7422.297s][info][gc,heap        ] GC(1400) Eden regions: 570->0(570)
[7422.297s][info][gc,heap        ] GC(1400) Survivor regions: 44->44(77)
[7422.297s][info][gc,heap        ] GC(1400) Old regions: 217->224
[7422.297s][info][gc,heap        ] GC(1400) Humongous regions: 33->33
[7422.297s][info][gc,metaspace   ] GC(1400) Metaspace: 29948K(30400K)->29948K(30400K) NonClass: 24540K(24768K)->24540K(24768K) Class: 5408K(5632K)->5408K(5632K)
[7422.297s][info][gc             ] GC(1400) Pause Young (Normal) (G1 Evacuation Pause) 6890M->2395M(8192M) 151.398ms
[7422.297s][info][gc,cpu         ] GC(1400) User=1.20s Sys=0.00s Real=0.15s
..[7425.059s][info][gc,start       ] GC(1401) Pause Young (Normal) (G1 Evacuation Pause)
[7425.059s][info][gc,task        ] GC(1401) Using 8 workers of 8 for evacuation
[7425.225s][info][gc,phases      ] GC(1401)   Pre Evacuate Collection Set: 0.22ms
[7425.225s][info][gc,phases      ] GC(1401)   Merge Heap Roots: 0.52ms
[7425.225s][info][gc,phases      ] GC(1401)   Evacuate Collection Set: 163.60ms
[7425.225s][info][gc,phases      ] GC(1401)   Post Evacuate Collection Set: 1.01ms
[7425.225s][info][gc,phases      ] GC(1401)   Other: 0.07ms
[7425.225s][info][gc,heap        ] GC(1401) Eden regions: 570->0(566)
[7425.225s][info][gc,heap        ] GC(1401) Survivor regions: 44->48(77)
[7425.225s][info][gc,heap        ] GC(1401) Old regions: 224->231
[7425.225s][info][gc,heap        ] GC(1401) Humongous regions: 33->33
[7425.225s][info][gc,metaspace   ] GC(1401) Metaspace: 29948K(30400K)->29948K(30400K) NonClass: 24540K(24768K)->24540K(24768K) Class: 5408K(5632K)->5408K(5632K)
[7425.225s][info][gc             ] GC(1401) Pause Young (Normal) (G1 Evacuation Pause) 6955M->2479M(8192M) 165.541ms
[7425.225s][info][gc,cpu         ] GC(1401) User=1.31s Sys=0.00s Real=0.17s
...[7427.944s][info][gc,start       ] GC(1402) Pause Young (Normal) (G1 Evacuation Pause)
[7427.944s][info][gc,task        ] GC(1402) Using 8 workers of 8 for evacuation
[7428.096s][info][gc,phases      ] GC(1402)   Pre Evacuate Collection Set: 0.21ms
[7428.096s][info][gc,phases      ] GC(1402)   Merge Heap Roots: 0.49ms
[7428.096s][info][gc,phases      ] GC(1402)   Evacuate Collection Set: 150.36ms
[7428.096s][info][gc,phases      ] GC(1402)   Post Evacuate Collection Set: 0.98ms
[7428.096s][info][gc,phases      ] GC(1402)   Other: 0.06ms
[7428.096s][info][gc,heap        ] GC(1402) Eden regions: 566->0(570)
[7428.096s][info][gc,heap        ] GC(1402) Survivor regions: 48->44(77)
[7428.096s][info][gc,heap        ] GC(1402) Old regions: 231->238
[7428.096s][info][gc,heap        ] GC(1402) Humongous regions: 33->33
[7428.096s][info][gc,metaspace   ] GC(1402) Metaspace: 29948K(30400K)->29948K(30400K) NonClass: 24540K(24768K)->24540K(24768K) Class: 5408K(5632K)->5408K(5632K)
[7428.096s][info][gc             ] GC(1402) Pause Young (Normal) (G1 Evacuation Pause) 7007M->2497M(8192M) 152.222ms
[7428.096s][info][gc,cpu         ] GC(1402) User=1.20s Sys=0.00s Real=0.16s
...[7430.937s][info][gc,start       ] GC(1403) Pause Young (Normal) (G1 Evacuation Pause)
[7430.937s][info][gc,task        ] GC(1403) Using 8 workers of 8 for evacuation
[7431.094s][info][gc,phases      ] GC(1403)   Pre Evacuate Collection Set: 0.22ms
[7431.094s][info][gc,phases      ] GC(1403)   Merge Heap Roots: 0.49ms
[7431.094s][info][gc,phases      ] GC(1403)   Evacuate Collection Set: 154.91ms
[7431.094s][info][gc,phases      ] GC(1403)   Post Evacuate Collection Set: 0.99ms
[7431.094s][info][gc,phases      ] GC(1403)   Other: 0.06ms
[7431.094s][info][gc,heap        ] GC(1403) Eden regions: 570->0(569)
[7431.094s][info][gc,heap        ] GC(1403) Survivor regions: 44->45(77)
[7431.094s][info][gc,heap        ] GC(1403) Old regions: 238->245
[7431.094s][info][gc,heap        ] GC(1403) Humongous regions: 33->33
[7431.094s][info][gc,metaspace   ] GC(1403) Metaspace: 29948K(30400K)->29948K(30400K) NonClass: 24540K(24768K)->24540K(24768K) Class: 5408K(5632K)->5408K(5632K)
[7431.094s][info][gc             ] GC(1403) Pause Young (Normal) (G1 Evacuation Pause) 7057M->2565M(8192M) 156.798ms
[7431.094s][info][gc,cpu         ] GC(1403) User=1.24s Sys=0.00s Real=0.15s
...[7433.849s][info][gc,start       ] GC(1404) Pause Young (Normal) (G1 Evacuation Pause)
[7433.849s][info][gc,task        ] GC(1404) Using 8 workers of 8 for evacuation
[7434.005s][info][gc,phases      ] GC(1404)   Pre Evacuate Collection Set: 0.22ms
[7434.005s][info][gc,phases      ] GC(1404)   Merge Heap Roots: 0.50ms
[7434.005s][info][gc,phases      ] GC(1404)   Evacuate Collection Set: 154.39ms
[7434.005s][info][gc,phases      ] GC(1404)   Post Evacuate Collection Set: 0.95ms
[7434.005s][info][gc,phases      ] GC(1404)   Other: 0.06ms
[7434.005s][info][gc,heap        ] GC(1404) Eden regions: 569->0(569)
[7434.005s][info][gc,heap        ] GC(1404) Survivor regions: 45->45(77)
[7434.005s][info][gc,heap        ] GC(1404) Old regions: 245->252
[7434.005s][info][gc,heap        ] GC(1404) Humongous regions: 33->33
[7434.005s][info][gc,metaspace   ] GC(1404) Metaspace: 29948K(30400K)->29948K(30400K) NonClass: 24540K(24768K)->24540K(24768K) Class: 5408K(5632K)->5408K(5632K)
[7434.005s][info][gc             ] GC(1404) Pause Young (Normal) (G1 Evacuation Pause) 7117M->2623M(8192M) 156.258ms
[7434.005s][info][gc,cpu         ] GC(1404) User=1.24s Sys=0.00s Real=0.16s
...[7436.870s][info][gc,start       ] GC(1405) Pause Young (Normal) (G1 Evacuation Pause)
[7436.870s][info][gc,task        ] GC(1405) Using 8 workers of 8 for evacuation
[7437.020s][info][gc,phases      ] GC(1405)   Pre Evacuate Collection Set: 0.22ms
[7437.020s][info][gc,phases      ] GC(1405)   Merge Heap Roots: 0.48ms
[7437.020s][info][gc,phases      ] GC(1405)   Evacuate Collection Set: 148.16ms
[7437.020s][info][gc,phases      ] GC(1405)   Post Evacuate Collection Set: 0.98ms
[7437.020s][info][gc,phases      ] GC(1405)   Other: 0.06ms
[7437.020s][info][gc,heap        ] GC(1405) Eden regions: 569->0(571)
[7437.020s][info][gc,heap        ] GC(1405) Survivor regions: 45->43(77)
[7437.020s][info][gc,heap        ] GC(1405) Old regions: 252->259
[7437.020s][info][gc,heap        ] GC(1405) Humongous regions: 33->33
[7437.020s][info][gc,metaspace   ] GC(1405) Metaspace: 29948K(30400K)->29948K(30400K) NonClass: 24540K(24768K)->24540K(24768K) Class: 5408K(5632K)->5408K(5632K)
[7437.020s][info][gc             ] GC(1405) Pause Young (Normal) (G1 Evacuation Pause) 7175M->2666M(8192M) 150.039ms
[7437.021s][info][gc,cpu         ] GC(1405) User=1.18s Sys=0.00s Real=0.15s
...[7439.991s][info][gc,start       ] GC(1406) Pause Young (Normal) (G1 Evacuation Pause)
[7439.991s][info][gc,task        ] GC(1406) Using 8 workers of 8 for evacuation
[7440.139s][info][gc,phases      ] GC(1406)   Pre Evacuate Collection Set: 0.22ms
[7440.139s][info][gc,phases      ] GC(1406)   Merge Heap Roots: 0.52ms
[7440.139s][info][gc,phases      ] GC(1406)   Evacuate Collection Set: 146.52ms
[7440.139s][info][gc,phases      ] GC(1406)   Post Evacuate Collection Set: 0.97ms
[7440.139s][info][gc,phases      ] GC(1406)   Other: 0.06ms
[7440.139s][info][gc,heap        ] GC(1406) Eden regions: 571->0(571)
[7440.139s][info][gc,heap        ] GC(1406) Survivor regions: 43->43(77)
[7440.139s][info][gc,heap        ] GC(1406) Old regions: 259->266
[7440.139s][info][gc,heap        ] GC(1406) Humongous regions: 33->33
[7440.139s][info][gc,metaspace   ] GC(1406) Metaspace: 29948K(30400K)->29948K(30400K) NonClass: 24540K(24768K)->24540K(24768K) Class: 5408K(5632K)->5408K(5632K)
[7440.139s][info][gc             ] GC(1406) Pause Young (Normal) (G1 Evacuation Pause) 7234M->2723M(8192M) 148.416ms
[7440.139s][info][gc,cpu         ] GC(1406) User=1.18s Sys=0.00s Real=0.15s
...[7443.119s][info][gc,start       ] GC(1407) Pause Young (Normal) (G1 Evacuation Pause)
[7443.119s][info][gc,task        ] GC(1407) Using 8 workers of 8 for evacuation
[7443.273s][info][gc,phases      ] GC(1407)   Pre Evacuate Collection Set: 0.21ms
[7443.273s][info][gc,phases      ] GC(1407)   Merge Heap Roots: 0.49ms
[7443.273s][info][gc,phases      ] GC(1407)   Evacuate Collection Set: 152.64ms
[7443.273s][info][gc,phases      ] GC(1407)   Post Evacuate Collection Set: 1.01ms
[7443.273s][info][gc,phases      ] GC(1407)   Other: 0.07ms
[7443.273s][info][gc,heap        ] GC(1407) Eden regions: 571->0(569)
[7443.273s][info][gc,heap        ] GC(1407) Survivor regions: 43->45(77)
[7443.273s][info][gc,heap        ] GC(1407) Old regions: 266->274
[7443.273s][info][gc,heap        ] GC(1407) Humongous regions: 33->33
[7443.273s][info][gc,metaspace   ] GC(1407) Metaspace: 29948K(30400K)->29948K(30400K) NonClass: 24540K(24768K)->24540K(24768K) Class: 5408K(5632K)->5408K(5632K)
[7443.273s][info][gc             ] GC(1407) Pause Young (Normal) (G1 Evacuation Pause) 7291M->2796M(8192M) 154.562ms
[7443.273s][info][gc,cpu         ] GC(1407) User=1.23s Sys=0.01s Real=0.15s
...[7446.230s][info][gc,start       ] GC(1408) Pause Young (Normal) (G1 Evacuation Pause)
[7446.230s][info][gc,task        ] GC(1408) Using 8 workers of 8 for evacuation
[7446.386s][info][gc,phases      ] GC(1408)   Pre Evacuate Collection Set: 0.20ms
[7446.386s][info][gc,phases      ] GC(1408)   Merge Heap Roots: 0.48ms
[7446.386s][info][gc,phases      ] GC(1408)   Evacuate Collection Set: 154.49ms
[7446.386s][info][gc,phases      ] GC(1408)   Post Evacuate Collection Set: 0.98ms
[7446.386s][info][gc,phases      ] GC(1408)   Other: 0.06ms
[7446.386s][info][gc,heap        ] GC(1408) Eden regions: 569->0(570)
[7446.386s][info][gc,heap        ] GC(1408) Survivor regions: 45->44(77)
[7446.386s][info][gc,heap        ] GC(1408) Old regions: 274->281
[7446.386s][info][gc,heap        ] GC(1408) Humongous regions: 33->33
[7446.386s][info][gc,metaspace   ] GC(1408) Metaspace: 29948K(30400K)->29948K(30400K) NonClass: 24540K(24768K)->24540K(24768K) Class: 5408K(5632K)->5408K(5632K)
[7446.386s][info][gc             ] GC(1408) Pause Young (Normal) (G1 Evacuation Pause) 7348M->2851M(8192M) 156.346ms
[7446.386s][info][gc,cpu         ] GC(1408) User=1.24s Sys=0.00s Real=0.16s
... (rIR:aIR:PR = 12789:12776:12449) (tPR = 186750) [PR is under limit] 
  7448s: Performance info:
         Transaction,    Success,    Partial,     Failed,   Receipts, AvgBarcode, 
             Overall,    1131241,          0,          0,    1075198,      59.47, 
         Response times:
             Request,    Success,    Partial,     Failed,   SkipFail,     Probes,    Samples,      min,      p50,      p90,      p95,      p99,      max, 
       TotalPurchase,    1103331,          0,          0,          0,     259526,     739199,      500,   342000,   790000,  1100000,  2100000, 31000000,
     InStorePurchase,     576356,          0,          0,          0,     132558,     387606,      600,   337000,   760000,  1100000,  2100000, 31000000,
      OnlinePurchase,     412277,          0,          0,          0,      93410,     272006,      500,   345000,   830000,  1100000,  1600000, 31000000,
        InstPurchase,     114698,          0,          0,          0,      33558,      79587,     2000,   360000,   880000,  1100000,  3300000, 31000000,
          AssocOfCat,       1167,          0,          0,          0,        736,       1590,    60000,   380000,   850000,  1300000,  2018000,  6300000,
      AssocOfProduct,      11728,          0,          0,          0,       3343,       8034,     2600,   358000,   790000,   910000,  2000000, 31000000,
      BusinessReport,       2920,          0,          0,          0,       1294,       3835,    79000,   417000,   784000,   860000,  1264000, 15000000,
          CustBuyBeh,      11629,          0,          0,          0,       3416,       8099,     7200,   362000,   850000,   940000,  1300000, 13000000,
       ProductReturn,      30226,          0,          0,          0,      10998,      21573,     3300,   346000,   800000,  1200000,  2500000, 16000000,

  7448s: 
  7448s: Failed, 7 overall retries left, retrying 1 of 1
  7448s: (90%)   IR =  12789 [7449.306s][info][gc,start       ] GC(1409) Pause Young (Normal) (G1 Evacuation Pause)
[7449.306s][info][gc,task        ] GC(1409) Using 8 workers of 8 for evacuation
[7449.460s][info][gc,phases      ] GC(1409)   Pre Evacuate Collection Set: 0.21ms
[7449.460s][info][gc,phases      ] GC(1409)   Merge Heap Roots: 0.50ms
[7449.460s][info][gc,phases      ] GC(1409)   Evacuate Collection Set: 151.43ms
[7449.460s][info][gc,phases      ] GC(1409)   Post Evacuate Collection Set: 1.04ms
[7449.460s][info][gc,phases      ] GC(1409)   Other: 0.06ms
[7449.460s][info][gc,heap        ] GC(1409) Eden regions: 570->0(562)
[7449.460s][info][gc,heap        ] GC(1409) Survivor regions: 44->44(77)
[7449.460s][info][gc,heap        ] GC(1409) Old regions: 281->289
[7449.460s][info][gc,heap        ] GC(1409) Humongous regions: 33->33
[7449.460s][info][gc,metaspace   ] GC(1409) Metaspace: 29948K(30400K)->29948K(30400K) NonClass: 24540K(24768K)->24540K(24768K) Class: 5408K(5632K)->5408K(5632K)
[7449.460s][info][gc             ] GC(1409) Pause Young (Normal) (G1 Evacuation Pause) 7411M->2907M(8192M) 153.380ms
[7449.460s][info][gc,cpu         ] GC(1409) User=1.22s Sys=0.00s Real=0.15s
...[7452.342s][info][gc,start       ] GC(1410) Pause Young (Normal) (G1 Evacuation Pause)
[7452.342s][info][gc,task        ] GC(1410) Using 8 workers of 8 for evacuation
[7452.494s][info][gc,phases      ] GC(1410)   Pre Evacuate Collection Set: 0.21ms
[7452.494s][info][gc,phases      ] GC(1410)   Merge Heap Roots: 0.51ms
[7452.494s][info][gc,phases      ] GC(1410)   Evacuate Collection Set: 150.55ms
[7452.494s][info][gc,phases      ] GC(1410)   Post Evacuate Collection Set: 0.99ms
[7452.494s][info][gc,phases      ] GC(1410)   Other: 0.06ms
[7452.494s][info][gc,heap        ] GC(1410) Eden regions: 562->0(555)
[7452.494s][info][gc,heap        ] GC(1410) Survivor regions: 44->44(76)
[7452.494s][info][gc,heap        ] GC(1410) Old regions: 289->296
[7452.494s][info][gc,heap        ] GC(1410) Humongous regions: 33->33
[7452.494s][info][gc,metaspace   ] GC(1410) Metaspace: 29948K(30400K)->29948K(30400K) NonClass: 24540K(24768K)->24540K(24768K) Class: 5408K(5632K)->5408K(5632K)
[7452.494s][info][gc             ] GC(1410) Pause Young (Normal) (G1 Evacuation Pause) 7403M->2962M(8192M) 152.481ms
[7452.494s][info][gc,cpu         ] GC(1410) User=1.21s Sys=0.00s Real=0.15s
...[7455.271s][info][gc,start       ] GC(1411) Pause Young (Normal) (G1 Evacuation Pause)
[7455.271s][info][gc,task        ] GC(1411) Using 8 workers of 8 for evacuation
[7455.433s][info][gc,phases      ] GC(1411)   Pre Evacuate Collection Set: 0.21ms
[7455.433s][info][gc,phases      ] GC(1411)   Merge Heap Roots: 0.48ms
[7455.433s][info][gc,phases      ] GC(1411)   Evacuate Collection Set: 160.51ms
[7455.433s][info][gc,phases      ] GC(1411)   Post Evacuate Collection Set: 0.97ms
[7455.433s][info][gc,phases      ] GC(1411)   Other: 0.06ms
[7455.433s][info][gc,heap        ] GC(1411) Eden regions: 555->0(542)
[7455.433s][info][gc,heap        ] GC(1411) Survivor regions: 44->47(75)
[7455.433s][info][gc,heap        ] GC(1411) Old regions: 296->303
[7455.433s][info][gc,heap        ] GC(1411) Humongous regions: 33->33
[7455.433s][info][gc,metaspace   ] GC(1411) Metaspace: 29948K(30400K)->29948K(30400K) NonClass: 24540K(24768K)->24540K(24768K) Class: 5408K(5632K)->5408K(5632K)
[7455.433s][info][gc             ] GC(1411) Pause Young (Normal) (G1 Evacuation Pause) 7402M->3048M(8192M) 162.362ms
[7455.433s][info][gc,cpu         ] GC(1411) User=1.29s Sys=0.00s Real=0.16s
...[7458.141s][info][gc,start       ] GC(1412) Pause Young (Normal) (G1 Evacuation Pause)
[7458.141s][info][gc,task        ] GC(1412) Using 8 workers of 8 for evacuation
[7458.290s][info][gc,phases      ] GC(1412)   Pre Evacuate Collection Set: 0.22ms
[7458.290s][info][gc,phases      ] GC(1412)   Merge Heap Roots: 0.50ms
[7458.290s][info][gc,phases      ] GC(1412)   Evacuate Collection Set: 146.86ms
[7458.290s][info][gc,phases      ] GC(1412)   Post Evacuate Collection Set: 0.95ms
[7458.290s][info][gc,phases      ] GC(1412)   Other: 0.06ms
[7458.290s][info][gc,heap        ] GC(1412) Eden regions: 542->0(543)
[7458.290s][info][gc,heap        ] GC(1412) Survivor regions: 47->43(74)
[7458.290s][info][gc,heap        ] GC(1412) Old regions: 303->310
[7458.290s][info][gc,heap        ] GC(1412) Humongous regions: 33->33
[7458.290s][info][gc,metaspace   ] GC(1412) Metaspace: 29948K(30400K)->29948K(30400K) NonClass: 24540K(24768K)->24540K(24768K) Class: 5408K(5632K)->5408K(5632K)
[7458.290s][info][gc             ] GC(1412) Pause Young (Normal) (G1 Evacuation Pause) 7384M->3070M(8192M) 148.741ms
[7458.290s][info][gc,cpu         ] GC(1412) User=1.18s Sys=0.00s Real=0.15s
..|.[7460.986s][info][gc,start       ] GC(1413) Pause Young (Concurrent Start) (G1 Evacuation Pause)
[7460.986s][info][gc,task        ] GC(1413) Using 8 workers of 8 for evacuation
[7461.136s][info][gc,phases      ] GC(1413)   Pre Evacuate Collection Set: 0.26ms
[7461.136s][info][gc,phases      ] GC(1413)   Merge Heap Roots: 0.48ms
[7461.136s][info][gc,phases      ] GC(1413)   Evacuate Collection Set: 148.25ms
[7461.136s][info][gc,phases      ] GC(1413)   Post Evacuate Collection Set: 0.92ms
[7461.136s][info][gc,phases      ] GC(1413)   Other: 0.08ms
[7461.136s][info][gc,heap        ] GC(1413) Eden regions: 543->0(533)
[7461.136s][info][gc,heap        ] GC(1413) Survivor regions: 43->44(74)
[7461.136s][info][gc,heap        ] GC(1413) Old regions: 310->318
[7461.136s][info][gc,heap        ] GC(1413) Humongous regions: 33->33
[7461.136s][info][gc,metaspace   ] GC(1413) Metaspace: 29948K(30400K)->29948K(30400K) NonClass: 24540K(24768K)->24540K(24768K) Class: 5408K(5632K)->5408K(5632K)
[7461.136s][info][gc             ] GC(1413) Pause Young (Concurrent Start) (G1 Evacuation Pause) 7414M->3138M(8192M) 150.108ms
[7461.136s][info][gc             ] GC(1414) Concurrent Mark Cycle
[7461.136s][info][gc,marking     ] GC(1414) Concurrent Scan Root Regions
[7461.136s][info][gc,cpu         ] GC(1413) User=1.19s Sys=0.00s Real=0.15s
[7461.420s][info][gc,marking     ] GC(1414) Concurrent Scan Root Regions 284.519ms
[7461.420s][info][gc,marking     ] GC(1414) Concurrent Mark
[7461.420s][info][gc,marking     ] GC(1414) Concurrent Mark From Roots
[7461.420s][info][gc,task        ] GC(1414) Using 2 workers of 2 for marking
.[7462.557s][info][gc,marking     ] GC(1414) Concurrent Mark From Roots 1136.468ms
[7462.557s][info][gc,marking     ] GC(1414) Concurrent Preclean
[7462.557s][info][gc,marking     ] GC(1414) Concurrent Preclean 0.065ms
[7462.557s][info][gc,start       ] GC(1414) Pause Remark
[7462.559s][info][gc             ] GC(1414) Pause Remark 4694M->4166M(8192M) 1.829ms
[7462.559s][info][gc,cpu         ] GC(1414) User=0.02s Sys=0.00s Real=0.00s
[7462.559s][info][gc,marking     ] GC(1414) Concurrent Mark 1138.684ms
[7462.559s][info][gc,marking     ] GC(1414) Concurrent Rebuild Remembered Sets and Scrub Regions
.[7463.452s][info][gc,marking     ] GC(1414) Concurrent Rebuild Remembered Sets and Scrub Regions 893.185ms
[7463.452s][info][gc,start       ] GC(1414) Pause Cleanup
[7463.453s][info][gc             ] GC(1414) Pause Cleanup 5402M->5402M(8192M) 0.261ms
[7463.453s][info][gc,cpu         ] GC(1414) User=0.00s Sys=0.00s Real=0.00s
[7463.453s][info][gc,marking     ] GC(1414) Concurrent Clear Claimed Marks
[7463.453s][info][gc,marking     ] GC(1414) Concurrent Clear Claimed Marks 0.039ms
[7463.453s][info][gc,marking     ] GC(1414) Concurrent Cleanup for Next Mark
[7463.464s][info][gc,marking     ] GC(1414) Concurrent Cleanup for Next Mark 10.792ms
[7463.464s][info][gc             ] GC(1414) Concurrent Mark Cycle 2327.847ms
.[7464.435s][info][gc,start       ] GC(1415) Pause Young (Prepare Mixed) (G1 Evacuation Pause)
[7464.435s][info][gc,task        ] GC(1415) Using 8 workers of 8 for evacuation
[7464.599s][info][gc,phases      ] GC(1415)   Pre Evacuate Collection Set: 0.23ms
[7464.599s][info][gc,phases      ] GC(1415)   Merge Heap Roots: 0.67ms
[7464.599s][info][gc,phases      ] GC(1415)   Evacuate Collection Set: 161.63ms
[7464.599s][info][gc,phases      ] GC(1415)   Post Evacuate Collection Set: 1.05ms
[7464.599s][info][gc,phases      ] GC(1415)   Other: 0.07ms
[7464.599s][info][gc,heap        ] GC(1415) Eden regions: 533->0(567)
[7464.599s][info][gc,heap        ] GC(1415) Survivor regions: 44->47(73)
[7464.599s][info][gc,heap        ] GC(1415) Old regions: 252->259
[7464.599s][info][gc,heap        ] GC(1415) Humongous regions: 33->33
[7464.599s][info][gc,metaspace   ] GC(1415) Metaspace: 29948K(30400K)->29948K(30400K) NonClass: 24540K(24768K)->24540K(24768K) Class: 5408K(5632K)->5408K(5632K)
[7464.599s][info][gc             ] GC(1415) Pause Young (Prepare Mixed) (G1 Evacuation Pause) 6874M->2692M(8192M) 163.804ms
[7464.599s][info][gc,cpu         ] GC(1415) User=1.30s Sys=0.00s Real=0.16s
...[7467.490s][info][gc,start       ] GC(1416) Pause Young (Mixed) (G1 Evacuation Pause)
[7467.490s][info][gc,task        ] GC(1416) Using 8 workers of 8 for evacuation
[7467.651s][info][gc,phases      ] GC(1416)   Pre Evacuate Collection Set: 0.25ms
[7467.651s][info][gc,phases      ] GC(1416)   Merge Heap Roots: 0.74ms
[7467.651s][info][gc,phases      ] GC(1416)   Evacuate Collection Set: 158.82ms
[7467.651s][info][gc,phases      ] GC(1416)   Post Evacuate Collection Set: 1.21ms
[7467.651s][info][gc,phases      ] GC(1416)   Other: 0.08ms
[7467.651s][info][gc,heap        ] GC(1416) Eden regions: 567->0(570)
[7467.651s][info][gc,heap        ] GC(1416) Survivor regions: 47->44(77)
[7467.651s][info][gc,heap        ] GC(1416) Old regions: 259->164
[7467.651s][info][gc,heap        ] GC(1416) Humongous regions: 33->33
[7467.651s][info][gc,metaspace   ] GC(1416) Metaspace: 29948K(30400K)->29948K(30400K) NonClass: 24540K(24768K)->24540K(24768K) Class: 5408K(5632K)->5408K(5632K)
[7467.651s][info][gc             ] GC(1416) Pause Young (Mixed) (G1 Evacuation Pause) 7228M->1914M(8192M) 161.251ms
[7467.651s][info][gc,cpu         ] GC(1416) User=1.28s Sys=0.00s Real=0.16s
...[7470.415s][info][gc,start       ] GC(1417) Pause Young (Mixed) (G1 Evacuation Pause)
[7470.416s][info][gc,task        ] GC(1417) Using 8 workers of 8 for evacuation
[7470.584s][info][gc,phases      ] GC(1417)   Pre Evacuate Collection Set: 0.23ms
[7470.584s][info][gc,phases      ] GC(1417)   Merge Heap Roots: 0.83ms
[7470.584s][info][gc,phases      ] GC(1417)   Evacuate Collection Set: 165.86ms
[7470.584s][info][gc,phases      ] GC(1417)   Post Evacuate Collection Set: 1.02ms
[7470.584s][info][gc,phases      ] GC(1417)   Other: 0.07ms
[7470.584s][info][gc,heap        ] GC(1417) Eden regions: 570->0(568)
[7470.584s][info][gc,heap        ] GC(1417) Survivor regions: 44->46(77)
[7470.584s][info][gc,heap        ] GC(1417) Old regions: 164->144
[7470.584s][info][gc,heap        ] GC(1417) Humongous regions: 33->33
[7470.584s][info][gc,metaspace   ] GC(1417) Metaspace: 29948K(30400K)->29948K(30400K) NonClass: 24540K(24768K)->24540K(24768K) Class: 5408K(5632K)->5408K(5632K)
[7470.584s][info][gc             ] GC(1417) Pause Young (Mixed) (G1 Evacuation Pause) 6474M->1766M(8192M) 168.136ms
[7470.584s][info][gc,cpu         ] GC(1417) User=1.34s Sys=0.00s Real=0.16s
...[7473.363s][info][gc,start       ] GC(1418) Pause Young (Normal) (G1 Evacuation Pause)
[7473.363s][info][gc,task        ] GC(1418) Using 8 workers of 8 for evacuation
[7473.516s][info][gc,phases      ] GC(1418)   Pre Evacuate Collection Set: 0.22ms
[7473.516s][info][gc,phases      ] GC(1418)   Merge Heap Roots: 0.51ms
[7473.516s][info][gc,phases      ] GC(1418)   Evacuate Collection Set: 151.11ms
[7473.516s][info][gc,phases      ] GC(1418)   Post Evacuate Collection Set: 0.98ms
[7473.516s][info][gc,phases      ] GC(1418)   Other: 0.07ms
[7473.516s][info][gc,heap        ] GC(1418) Eden regions: 568->0(570)
[7473.516s][info][gc,heap        ] GC(1418) Survivor regions: 46->44(77)
[7473.516s][info][gc,heap        ] GC(1418) Old regions: 144->151
[7473.516s][info][gc,heap        ] GC(1418) Humongous regions: 33->33
[7473.516s][info][gc,metaspace   ] GC(1418) Metaspace: 29948K(30400K)->29948K(30400K) NonClass: 24540K(24768K)->24540K(24768K) Class: 5408K(5632K)->5408K(5632K)
[7473.516s][info][gc             ] GC(1418) Pause Young (Normal) (G1 Evacuation Pause) 6310M->1804M(8192M) 153.021ms
[7473.516s][info][gc,cpu         ] GC(1418) User=1.22s Sys=0.00s Real=0.16s
...[7476.409s][info][gc,start       ] GC(1419) Pause Young (Normal) (G1 Evacuation Pause)
[7476.409s][info][gc,task        ] GC(1419) Using 8 workers of 8 for evacuation
[7476.570s][info][gc,phases      ] GC(1419)   Pre Evacuate Collection Set: 0.22ms
[7476.570s][info][gc,phases      ] GC(1419)   Merge Heap Roots: 0.49ms
[7476.570s][info][gc,phases      ] GC(1419)   Evacuate Collection Set: 158.79ms
[7476.570s][info][gc,phases      ] GC(1419)   Post Evacuate Collection Set: 0.99ms
[7476.570s][info][gc,phases      ] GC(1419)   Other: 0.07ms
[7476.570s][info][gc,heap        ] GC(1419) Eden regions: 570->0(568)
[7476.570s][info][gc,heap        ] GC(1419) Survivor regions: 44->46(77)
[7476.570s][info][gc,heap        ] GC(1419) Old regions: 151->158
[7476.570s][info][gc,heap        ] GC(1419) Humongous regions: 33->33
[7476.570s][info][gc,metaspace   ] GC(1419) Metaspace: 29948K(30400K)->29948K(30400K) NonClass: 24540K(24768K)->24540K(24768K) Class: 5408K(5632K)->5408K(5632K)
[7476.570s][info][gc             ] GC(1419) Pause Young (Normal) (G1 Evacuation Pause) 6364M->1879M(8192M) 160.678ms
[7476.570s][info][gc,cpu         ] GC(1419) User=1.27s Sys=0.00s Real=0.16s
...[7479.331s][info][gc,start       ] GC(1420) Pause Young (Normal) (G1 Evacuation Pause)
[7479.331s][info][gc,task        ] GC(1420) Using 8 workers of 8 for evacuation
[7479.486s][info][gc,phases      ] GC(1420)   Pre Evacuate Collection Set: 0.22ms
[7479.486s][info][gc,phases      ] GC(1420)   Merge Heap Roots: 0.50ms
[7479.486s][info][gc,phases      ] GC(1420)   Evacuate Collection Set: 154.04ms
[7479.486s][info][gc,phases      ] GC(1420)   Post Evacuate Collection Set: 0.99ms
[7479.486s][info][gc,phases      ] GC(1420)   Other: 0.07ms
[7479.486s][info][gc,heap        ] GC(1420) Eden regions: 568->0(570)
[7479.486s][info][gc,heap        ] GC(1420) Survivor regions: 46->44(77)
[7479.486s][info][gc,heap        ] GC(1420) Old regions: 158->165
[7479.486s][info][gc,heap        ] GC(1420) Humongous regions: 33->33
[7479.486s][info][gc,metaspace   ] GC(1420) Metaspace: 29948K(30400K)->29948K(30400K) NonClass: 24540K(24768K)->24540K(24768K) Class: 5408K(5632K)->5408K(5632K)
[7479.487s][info][gc             ] GC(1420) Pause Young (Normal) (G1 Evacuation Pause) 6423M->1919M(8192M) 155.957ms
[7479.487s][info][gc,cpu         ] GC(1420) User=1.23s Sys=0.00s Real=0.16s
...[7482.339s][info][gc,start       ] GC(1421) Pause Young (Normal) (G1 Evacuation Pause)
[7482.339s][info][gc,task        ] GC(1421) Using 8 workers of 8 for evacuation
[7482.495s][info][gc,phases      ] GC(1421)   Pre Evacuate Collection Set: 0.21ms
[7482.495s][info][gc,phases      ] GC(1421)   Merge Heap Roots: 0.47ms
[7482.495s][info][gc,phases      ] GC(1421)   Evacuate Collection Set: 153.45ms
[7482.495s][info][gc,phases      ] GC(1421)   Post Evacuate Collection Set: 1.00ms
[7482.495s][info][gc,phases      ] GC(1421)   Other: 0.07ms
[7482.495s][info][gc,heap        ] GC(1421) Eden regions: 570->0(569)
[7482.495s][info][gc,heap        ] GC(1421) Survivor regions: 44->45(77)
[7482.495s][info][gc,heap        ] GC(1421) Old regions: 165->172
[7482.495s][info][gc,heap        ] GC(1421) Humongous regions: 33->33
[7482.495s][info][gc,metaspace   ] GC(1421) Metaspace: 29948K(30400K)->29948K(30400K) NonClass: 24540K(24768K)->24540K(24768K) Class: 5408K(5632K)->5408K(5632K)
[7482.495s][info][gc             ] GC(1421) Pause Young (Normal) (G1 Evacuation Pause) 6479M->1983M(8192M) 155.324ms
[7482.495s][info][gc,cpu         ] GC(1421) User=1.23s Sys=0.00s Real=0.16s
...[7485.416s][info][gc,start       ] GC(1422) Pause Young (Normal) (G1 Evacuation Pause)
[7485.417s][info][gc,task        ] GC(1422) Using 8 workers of 8 for evacuation
[7485.565s][info][gc,phases      ] GC(1422)   Pre Evacuate Collection Set: 0.22ms
[7485.566s][info][gc,phases      ] GC(1422)   Merge Heap Roots: 0.52ms
[7485.566s][info][gc,phases      ] GC(1422)   Evacuate Collection Set: 147.12ms
[7485.566s][info][gc,phases      ] GC(1422)   Post Evacuate Collection Set: 1.04ms
[7485.566s][info][gc,phases      ] GC(1422)   Other: 0.06ms
[7485.566s][info][gc,heap        ] GC(1422) Eden regions: 569->0(571)
[7485.566s][info][gc,heap        ] GC(1422) Survivor regions: 45->43(77)
[7485.566s][info][gc,heap        ] GC(1422) Old regions: 172->180
[7485.566s][info][gc,heap        ] GC(1422) Humongous regions: 33->33
[7485.566s][info][gc,metaspace   ] GC(1422) Metaspace: 29948K(30400K)->29948K(30400K) NonClass: 24540K(24768K)->24540K(24768K) Class: 5408K(5632K)->5408K(5632K)
[7485.566s][info][gc             ] GC(1422) Pause Young (Normal) (G1 Evacuation Pause) 6535M->2026M(8192M) 149.110ms
[7485.566s][info][gc,cpu         ] GC(1422) User=1.18s Sys=0.01s Real=0.15s
...[7488.471s][info][gc,start       ] GC(1423) Pause Young (Normal) (G1 Evacuation Pause)
[7488.471s][info][gc,task        ] GC(1423) Using 8 workers of 8 for evacuation
[7488.621s][info][gc,phases      ] GC(1423)   Pre Evacuate Collection Set: 0.22ms
[7488.621s][info][gc,phases      ] GC(1423)   Merge Heap Roots: 0.49ms
[7488.621s][info][gc,phases      ] GC(1423)   Evacuate Collection Set: 147.87ms
[7488.621s][info][gc,phases      ] GC(1423)   Post Evacuate Collection Set: 0.97ms
[7488.621s][info][gc,phases      ] GC(1423)   Other: 0.06ms
[7488.621s][info][gc,heap        ] GC(1423) Eden regions: 571->0(571)
[7488.621s][info][gc,heap        ] GC(1423) Survivor regions: 43->43(77)
[7488.621s][info][gc,heap        ] GC(1423) Old regions: 180->187
[7488.621s][info][gc,heap        ] GC(1423) Humongous regions: 33->33
[7488.621s][info][gc,metaspace   ] GC(1423) Metaspace: 29948K(30400K)->29948K(30400K) NonClass: 24540K(24768K)->24540K(24768K) Class: 5408K(5632K)->5408K(5632K)
[7488.621s][info][gc             ] GC(1423) Pause Young (Normal) (G1 Evacuation Pause) 6594M->2086M(8192M) 149.741ms
[7488.621s][info][gc,cpu         ] GC(1423) User=1.19s Sys=0.00s Real=0.15s
...[7491.455s][info][gc,start       ] GC(1424) Pause Young (Normal) (G1 Evacuation Pause)
[7491.456s][info][gc,task        ] GC(1424) Using 8 workers of 8 for evacuation
[7491.617s][info][gc,phases      ] GC(1424)   Pre Evacuate Collection Set: 0.21ms
[7491.617s][info][gc,phases      ] GC(1424)   Merge Heap Roots: 0.50ms
[7491.617s][info][gc,phases      ] GC(1424)   Evacuate Collection Set: 159.77ms
[7491.617s][info][gc,phases      ] GC(1424)   Post Evacuate Collection Set: 0.98ms
[7491.617s][info][gc,phases      ] GC(1424)   Other: 0.06ms
[7491.617s][info][gc,heap        ] GC(1424) Eden regions: 571->0(567)
[7491.617s][info][gc,heap        ] GC(1424) Survivor regions: 43->47(77)
[7491.617s][info][gc,heap        ] GC(1424) Old regions: 187->194
[7491.617s][info][gc,heap        ] GC(1424) Humongous regions: 33->33
[7491.617s][info][gc,metaspace   ] GC(1424) Metaspace: 29948K(30400K)->29948K(30400K) NonClass: 24540K(24768K)->24540K(24768K) Class: 5408K(5632K)->5408K(5632K)
[7491.617s][info][gc             ] GC(1424) Pause Young (Normal) (G1 Evacuation Pause) 6654M->2174M(8192M) 161.648ms
[7491.617s][info][gc,cpu         ] GC(1424) User=1.28s Sys=0.00s Real=0.16s
...[7494.336s][info][gc,start       ] GC(1425) Pause Young (Normal) (G1 Evacuation Pause)
[7494.336s][info][gc,task        ] GC(1425) Using 8 workers of 8 for evacuation
[7494.493s][info][gc,phases      ] GC(1425)   Pre Evacuate Collection Set: 0.22ms
[7494.493s][info][gc,phases      ] GC(1425)   Merge Heap Roots: 0.50ms
[7494.493s][info][gc,phases      ] GC(1425)   Evacuate Collection Set: 155.20ms
[7494.493s][info][gc,phases      ] GC(1425)   Post Evacuate Collection Set: 1.00ms
[7494.493s][info][gc,phases      ] GC(1425)   Other: 0.07ms
[7494.493s][info][gc,heap        ] GC(1425) Eden regions: 567->0(567)
[7494.493s][info][gc,heap        ] GC(1425) Survivor regions: 47->47(77)
[7494.493s][info][gc,heap        ] GC(1425) Old regions: 194->201
[7494.493s][info][gc,heap        ] GC(1425) Humongous regions: 33->33
[7494.493s][info][gc,metaspace   ] GC(1425) Metaspace: 29948K(30400K)->29948K(30400K) NonClass: 24540K(24768K)->24540K(24768K) Class: 5408K(5632K)->5408K(5632K)
[7494.493s][info][gc             ] GC(1425) Pause Young (Normal) (G1 Evacuation Pause) 6710M->2224M(8192M) 157.109ms
[7494.493s][info][gc,cpu         ] GC(1425) User=1.25s Sys=0.00s Real=0.15s
...[7497.361s][info][gc,start       ] GC(1426) Pause Young (Normal) (G1 Evacuation Pause)
[7497.361s][info][gc,task        ] GC(1426) Using 8 workers of 8 for evacuation
[7497.524s][info][gc,phases      ] GC(1426)   Pre Evacuate Collection Set: 0.20ms
[7497.524s][info][gc,phases      ] GC(1426)   Merge Heap Roots: 0.52ms
[7497.524s][info][gc,phases      ] GC(1426)   Evacuate Collection Set: 161.10ms
[7497.524s][info][gc,phases      ] GC(1426)   Post Evacuate Collection Set: 0.99ms
[7497.524s][info][gc,phases      ] GC(1426)   Other: 0.07ms
[7497.524s][info][gc,heap        ] GC(1426) Eden regions: 567->0(566)
[7497.524s][info][gc,heap        ] GC(1426) Survivor regions: 47->48(77)
[7497.524s][info][gc,heap        ] GC(1426) Old regions: 201->208
[7497.524s][info][gc,heap        ] GC(1426) Humongous regions: 33->33
[7497.524s][info][gc,metaspace   ] GC(1426) Metaspace: 29948K(30400K)->29948K(30400K) NonClass: 24540K(24768K)->24540K(24768K) Class: 5408K(5632K)->5408K(5632K)
[7497.524s][info][gc             ] GC(1426) Pause Young (Normal) (G1 Evacuation Pause) 6760M->2290M(8192M) 163.033ms
[7497.524s][info][gc,cpu         ] GC(1426) User=1.29s Sys=0.00s Real=0.16s
...[7500.424s][info][gc,start       ] GC(1427) Pause Young (Normal) (G1 Evacuation Pause)
[7500.424s][info][gc,task        ] GC(1427) Using 8 workers of 8 for evacuation
[7500.575s][info][gc,phases      ] GC(1427)   Pre Evacuate Collection Set: 0.21ms
[7500.575s][info][gc,phases      ] GC(1427)   Merge Heap Roots: 0.52ms
[7500.575s][info][gc,phases      ] GC(1427)   Evacuate Collection Set: 149.66ms
[7500.575s][info][gc,phases      ] GC(1427)   Post Evacuate Collection Set: 0.97ms
[7500.576s][info][gc,phases      ] GC(1427)   Other: 0.08ms
[7500.576s][info][gc,heap        ] GC(1427) Eden regions: 566->0(570)
[7500.576s][info][gc,heap        ] GC(1427) Survivor regions: 48->44(77)
[7500.576s][info][gc,heap        ] GC(1427) Old regions: 208->215
[7500.576s][info][gc,heap        ] GC(1427) Humongous regions: 33->33
[7500.576s][info][gc,metaspace   ] GC(1427) Metaspace: 29948K(30400K)->29948K(30400K) NonClass: 24540K(24768K)->24540K(24768K) Class: 5408K(5632K)->5408K(5632K)
[7500.576s][info][gc             ] GC(1427) Pause Young (Normal) (G1 Evacuation Pause) 6818M->2323M(8192M) 151.569ms
[7500.576s][info][gc,cpu         ] GC(1427) User=1.20s Sys=0.00s Real=0.16s
...[7503.422s][info][gc,start       ] GC(1428) Pause Young (Normal) (G1 Evacuation Pause)
[7503.422s][info][gc,task        ] GC(1428) Using 8 workers of 8 for evacuation
[7503.573s][info][gc,phases      ] GC(1428)   Pre Evacuate Collection Set: 0.22ms
[7503.573s][info][gc,phases      ] GC(1428)   Merge Heap Roots: 0.47ms
[7503.573s][info][gc,phases      ] GC(1428)   Evacuate Collection Set: 148.95ms
[7503.573s][info][gc,phases      ] GC(1428)   Post Evacuate Collection Set: 1.03ms
[7503.573s][info][gc,phases      ] GC(1428)   Other: 0.08ms
[7503.573s][info][gc,heap        ] GC(1428) Eden regions: 570->0(570)
[7503.573s][info][gc,heap        ] GC(1428) Survivor regions: 44->44(77)
[7503.573s][info][gc,heap        ] GC(1428) Old regions: 215->223
[7503.573s][info][gc,heap        ] GC(1428) Humongous regions: 33->33
[7503.573s][info][gc,metaspace   ] GC(1428) Metaspace: 29948K(30400K)->29948K(30400K) NonClass: 24540K(24768K)->24540K(24768K) Class: 5408K(5632K)->5408K(5632K)
[7503.573s][info][gc             ] GC(1428) Pause Young (Normal) (G1 Evacuation Pause) 6883M->2376M(8192M) 150.893ms
[7503.573s][info][gc,cpu         ] GC(1428) User=1.20s Sys=0.00s Real=0.15s
...[7506.412s][info][gc,start       ] GC(1429) Pause Young (Normal) (G1 Evacuation Pause)
[7506.412s][info][gc,task        ] GC(1429) Using 8 workers of 8 for evacuation
[7506.570s][info][gc,phases      ] GC(1429)   Pre Evacuate Collection Set: 0.21ms
[7506.570s][info][gc,phases      ] GC(1429)   Merge Heap Roots: 0.47ms
[7506.570s][info][gc,phases      ] GC(1429)   Evacuate Collection Set: 156.08ms
[7506.570s][info][gc,phases      ] GC(1429)   Post Evacuate Collection Set: 0.96ms
[7506.570s][info][gc,phases      ] GC(1429)   Other: 0.06ms
[7506.570s][info][gc,heap        ] GC(1429) Eden regions: 570->0(569)
[7506.570s][info][gc,heap        ] GC(1429) Survivor regions: 44->45(77)
[7506.570s][info][gc,heap        ] GC(1429) Old regions: 223->230
[7506.570s][info][gc,heap        ] GC(1429) Humongous regions: 33->33
[7506.570s][info][gc,metaspace   ] GC(1429) Metaspace: 29948K(30400K)->29948K(30400K) NonClass: 24540K(24768K)->24540K(24768K) Class: 5408K(5632K)->5408K(5632K)
[7506.570s][info][gc             ] GC(1429) Pause Young (Normal) (G1 Evacuation Pause) 6936M->2447M(8192M) 157.932ms
[7506.570s][info][gc,cpu         ] GC(1429) User=1.25s Sys=0.00s Real=0.16s
...[7509.459s][info][gc,start       ] GC(1430) Pause Young (Normal) (G1 Evacuation Pause)
[7509.460s][info][gc,task        ] GC(1430) Using 8 workers of 8 for evacuation
[7509.613s][info][gc,phases      ] GC(1430)   Pre Evacuate Collection Set: 0.23ms
[7509.613s][info][gc,phases      ] GC(1430)   Merge Heap Roots: 0.52ms
[7509.613s][info][gc,phases      ] GC(1430)   Evacuate Collection Set: 151.45ms
[7509.613s][info][gc,phases      ] GC(1430)   Post Evacuate Collection Set: 0.98ms
[7509.613s][info][gc,phases      ] GC(1430)   Other: 0.07ms
[7509.613s][info][gc,heap        ] GC(1430) Eden regions: 569->0(570)
[7509.613s][info][gc,heap        ] GC(1430) Survivor regions: 45->44(77)
[7509.613s][info][gc,heap        ] GC(1430) Old regions: 230->237
[7509.613s][info][gc,heap        ] GC(1430) Humongous regions: 33->33
[7509.613s][info][gc,metaspace   ] GC(1430) Metaspace: 29948K(30400K)->29948K(30400K) NonClass: 24540K(24768K)->24540K(24768K) Class: 5408K(5632K)->5408K(5632K)
[7509.613s][info][gc             ] GC(1430) Pause Young (Normal) (G1 Evacuation Pause) 6999M->2494M(8192M) 153.370ms
[7509.613s][info][gc,cpu         ] GC(1430) User=1.21s Sys=0.00s Real=0.15s
...[7512.531s][info][gc,start       ] GC(1431) Pause Young (Normal) (G1 Evacuation Pause)
[7512.531s][info][gc,task        ] GC(1431) Using 8 workers of 8 for evacuation
[7512.689s][info][gc,phases      ] GC(1431)   Pre Evacuate Collection Set: 0.20ms
[7512.689s][info][gc,phases      ] GC(1431)   Merge Heap Roots: 0.48ms
[7512.689s][info][gc,phases      ] GC(1431)   Evacuate Collection Set: 156.24ms
[7512.689s][info][gc,phases      ] GC(1431)   Post Evacuate Collection Set: 0.98ms
[7512.689s][info][gc,phases      ] GC(1431)   Other: 0.06ms
[7512.689s][info][gc,heap        ] GC(1431) Eden regions: 570->0(569)
[7512.689s][info][gc,heap        ] GC(1431) Survivor regions: 44->45(77)
[7512.689s][info][gc,heap        ] GC(1431) Old regions: 237->245
[7512.689s][info][gc,heap        ] GC(1431) Humongous regions: 33->33
[7512.689s][info][gc,metaspace   ] GC(1431) Metaspace: 29948K(30400K)->29948K(30400K) NonClass: 24540K(24768K)->24540K(24768K) Class: 5408K(5632K)->5408K(5632K)
[7512.689s][info][gc             ] GC(1431) Pause Young (Normal) (G1 Evacuation Pause) 7054M->2564M(8192M) 158.098ms
[7512.689s][info][gc,cpu         ] GC(1431) User=1.25s Sys=0.00s Real=0.16s
...[7515.616s][info][gc,start       ] GC(1432) Pause Young (Normal) (G1 Evacuation Pause)
[7515.616s][info][gc,task        ] GC(1432) Using 8 workers of 8 for evacuation
[7515.771s][info][gc,phases      ] GC(1432)   Pre Evacuate Collection Set: 0.23ms
[7515.771s][info][gc,phases      ] GC(1432)   Merge Heap Roots: 0.49ms
[7515.771s][info][gc,phases      ] GC(1432)   Evacuate Collection Set: 152.83ms
[7515.771s][info][gc,phases      ] GC(1432)   Post Evacuate Collection Set: 0.97ms
[7515.771s][info][gc,phases      ] GC(1432)   Other: 0.06ms
[7515.771s][info][gc,heap        ] GC(1432) Eden regions: 569->0(570)
[7515.771s][info][gc,heap        ] GC(1432) Survivor regions: 45->44(77)
[7515.771s][info][gc,heap        ] GC(1432) Old regions: 245->252
[7515.771s][info][gc,heap        ] GC(1432) Humongous regions: 33->33
[7515.771s][info][gc,metaspace   ] GC(1432) Metaspace: 29948K(30400K)->29948K(30400K) NonClass: 24540K(24768K)->24540K(24768K) Class: 5408K(5632K)->5408K(5632K)
[7515.771s][info][gc             ] GC(1432) Pause Young (Normal) (G1 Evacuation Pause) 7116M->2618M(8192M) 154.739ms
[7515.771s][info][gc,cpu         ] GC(1432) User=1.22s Sys=0.00s Real=0.15s
...[7518.673s][info][gc,start       ] GC(1433) Pause Young (Normal) (G1 Evacuation Pause)
[7518.673s][info][gc,task        ] GC(1433) Using 8 workers of 8 for evacuation
[7518.823s][info][gc,phases      ] GC(1433)   Pre Evacuate Collection Set: 0.23ms
[7518.823s][info][gc,phases      ] GC(1433)   Merge Heap Roots: 0.50ms
[7518.823s][info][gc,phases      ] GC(1433)   Evacuate Collection Set: 148.87ms
[7518.823s][info][gc,phases      ] GC(1433)   Post Evacuate Collection Set: 0.98ms
[7518.823s][info][gc,phases      ] GC(1433)   Other: 0.06ms
[7518.823s][info][gc,heap        ] GC(1433) Eden regions: 570->0(570)
[7518.823s][info][gc,heap        ] GC(1433) Survivor regions: 44->44(77)
[7518.823s][info][gc,heap        ] GC(1433) Old regions: 252->259
[7518.823s][info][gc,heap        ] GC(1433) Humongous regions: 33->33
[7518.823s][info][gc,metaspace   ] GC(1433) Metaspace: 29948K(30400K)->29948K(30400K) NonClass: 24540K(24768K)->24540K(24768K) Class: 5408K(5632K)->5408K(5632K)
[7518.823s][info][gc             ] GC(1433) Pause Young (Normal) (G1 Evacuation Pause) 7178M->2675M(8192M) 150.774ms
[7518.823s][info][gc,cpu         ] GC(1433) User=1.19s Sys=0.01s Real=0.15s
...[7521.687s][info][gc,start       ] GC(1434) Pause Young (Normal) (G1 Evacuation Pause)
[7521.687s][info][gc,task        ] GC(1434) Using 8 workers of 8 for evacuation
[7521.842s][info][gc,phases      ] GC(1434)   Pre Evacuate Collection Set: 0.20ms
[7521.842s][info][gc,phases      ] GC(1434)   Merge Heap Roots: 0.50ms
[7521.842s][info][gc,phases      ] GC(1434)   Evacuate Collection Set: 153.71ms
[7521.842s][info][gc,phases      ] GC(1434)   Post Evacuate Collection Set: 1.02ms
[7521.842s][info][gc,phases      ] GC(1434)   Other: 0.06ms
[7521.842s][info][gc,heap        ] GC(1434) Eden regions: 570->0(570)
[7521.842s][info][gc,heap        ] GC(1434) Survivor regions: 44->44(77)
[7521.842s][info][gc,heap        ] GC(1434) Old regions: 259->266
[7521.842s][info][gc,heap        ] GC(1434) Humongous regions: 33->33
[7521.842s][info][gc,metaspace   ] GC(1434) Metaspace: 29948K(30400K)->29948K(30400K) NonClass: 24540K(24768K)->24540K(24768K) Class: 5408K(5632K)->5408K(5632K)
[7521.842s][info][gc             ] GC(1434) Pause Young (Normal) (G1 Evacuation Pause) 7235M->2730M(8192M) 155.619ms
[7521.842s][info][gc,cpu         ] GC(1434) User=1.24s Sys=0.00s Real=0.15s
...[7524.759s][info][gc,start       ] GC(1435) Pause Young (Normal) (G1 Evacuation Pause)
[7524.759s][info][gc,task        ] GC(1435) Using 8 workers of 8 for evacuation
[7524.909s][info][gc,phases      ] GC(1435)   Pre Evacuate Collection Set: 0.20ms
[7524.909s][info][gc,phases      ] GC(1435)   Merge Heap Roots: 0.50ms
[7524.909s][info][gc,phases      ] GC(1435)   Evacuate Collection Set: 148.29ms
[7524.909s][info][gc,phases      ] GC(1435)   Post Evacuate Collection Set: 0.97ms
[7524.909s][info][gc,phases      ] GC(1435)   Other: 0.06ms
[7524.909s][info][gc,heap        ] GC(1435) Eden regions: 570->0(571)
[7524.909s][info][gc,heap        ] GC(1435) Survivor regions: 44->43(77)
[7524.909s][info][gc,heap        ] GC(1435) Old regions: 266->273
[7524.909s][info][gc,heap        ] GC(1435) Humongous regions: 33->33
[7524.909s][info][gc,metaspace   ] GC(1435) Metaspace: 29948K(30400K)->29948K(30400K) NonClass: 24540K(24768K)->24540K(24768K) Class: 5408K(5632K)->5408K(5632K)
[7524.909s][info][gc             ] GC(1435) Pause Young (Normal) (G1 Evacuation Pause) 7290M->2779M(8192M) 150.159ms
[7524.909s][info][gc,cpu         ] GC(1435) User=1.19s Sys=0.00s Real=0.15s
...[7527.702s][info][gc,start       ] GC(1436) Pause Young (Normal) (G1 Evacuation Pause)
[7527.702s][info][gc,task        ] GC(1436) Using 8 workers of 8 for evacuation
[7527.855s][info][gc,phases      ] GC(1436)   Pre Evacuate Collection Set: 0.22ms
[7527.856s][info][gc,phases      ] GC(1436)   Merge Heap Roots: 0.52ms
[7527.856s][info][gc,phases      ] GC(1436)   Evacuate Collection Set: 151.14ms
[7527.856s][info][gc,phases      ] GC(1436)   Post Evacuate Collection Set: 0.99ms
[7527.856s][info][gc,phases      ] GC(1436)   Other: 0.06ms
[7527.856s][info][gc,heap        ] GC(1436) Eden regions: 571->0(571)
[7527.856s][info][gc,heap        ] GC(1436) Survivor regions: 43->43(77)
[7527.856s][info][gc,heap        ] GC(1436) Old regions: 273->281
[7527.856s][info][gc,heap        ] GC(1436) Humongous regions: 33->33
[7527.856s][info][gc,metaspace   ] GC(1436) Metaspace: 29948K(30400K)->29948K(30400K) NonClass: 24540K(24768K)->24540K(24768K) Class: 5408K(5632K)->5408K(5632K)
[7527.856s][info][gc             ] GC(1436) Pause Young (Normal) (G1 Evacuation Pause) 7347M->2839M(8192M) 153.822ms
[7527.856s][info][gc,cpu         ] GC(1436) User=1.21s Sys=0.00s Real=0.16s
...[7530.774s][info][gc,start       ] GC(1437) Pause Young (Normal) (G1 Evacuation Pause)
[7530.774s][info][gc,task        ] GC(1437) Using 8 workers of 8 for evacuation
[7530.927s][info][gc,phases      ] GC(1437)   Pre Evacuate Collection Set: 0.24ms
[7530.927s][info][gc,phases      ] GC(1437)   Merge Heap Roots: 0.53ms
[7530.927s][info][gc,phases      ] GC(1437)   Evacuate Collection Set: 151.19ms
[7530.927s][info][gc,phases      ] GC(1437)   Post Evacuate Collection Set: 0.94ms
[7530.927s][info][gc,phases      ] GC(1437)   Other: 0.06ms
[7530.927s][info][gc,heap        ] GC(1437) Eden regions: 571->0(563)
[7530.927s][info][gc,heap        ] GC(1437) Survivor regions: 43->44(77)
[7530.927s][info][gc,heap        ] GC(1437) Old regions: 281->288
[7530.927s][info][gc,heap        ] GC(1437) Humongous regions: 33->33
[7530.927s][info][gc,metaspace   ] GC(1437) Metaspace: 29948K(30400K)->29948K(30400K) NonClass: 24540K(24768K)->24540K(24768K) Class: 5408K(5632K)->5408K(5632K)
[7530.927s][info][gc             ] GC(1437) Pause Young (Normal) (G1 Evacuation Pause) 7407M->2899M(8192M) 153.084ms
[7530.927s][info][gc,cpu         ] GC(1437) User=1.21s Sys=0.00s Real=0.16s
...[7533.704s][info][gc,start       ] GC(1438) Pause Young (Normal) (G1 Evacuation Pause)
[7533.704s][info][gc,task        ] GC(1438) Using 8 workers of 8 for evacuation
[7533.858s][info][gc,phases      ] GC(1438)   Pre Evacuate Collection Set: 0.21ms
[7533.858s][info][gc,phases      ] GC(1438)   Merge Heap Roots: 0.49ms
[7533.858s][info][gc,phases      ] GC(1438)   Evacuate Collection Set: 152.38ms
[7533.858s][info][gc,phases      ] GC(1438)   Post Evacuate Collection Set: 0.97ms
[7533.858s][info][gc,phases      ] GC(1438)   Other: 0.06ms
[7533.858s][info][gc,heap        ] GC(1438) Eden regions: 563->0(556)
[7533.858s][info][gc,heap        ] GC(1438) Survivor regions: 44->44(76)
[7533.858s][info][gc,heap        ] GC(1438) Old regions: 288->295
[7533.858s][info][gc,heap        ] GC(1438) Humongous regions: 33->33
[7533.858s][info][gc,metaspace   ] GC(1438) Metaspace: 29948K(30400K)->29948K(30400K) NonClass: 24540K(24768K)->24540K(24768K) Class: 5408K(5632K)->5408K(5632K)
[7533.858s][info][gc             ] GC(1438) Pause Young (Normal) (G1 Evacuation Pause) 7403M->2956M(8192M) 154.239ms
[7533.858s][info][gc,cpu         ] GC(1438) User=1.22s Sys=0.00s Real=0.16s
...[7536.648s][info][gc,start       ] GC(1439) Pause Young (Normal) (G1 Evacuation Pause)
[7536.648s][info][gc,task        ] GC(1439) Using 8 workers of 8 for evacuation
[7536.803s][info][gc,phases      ] GC(1439)   Pre Evacuate Collection Set: 0.21ms
[7536.803s][info][gc,phases      ] GC(1439)   Merge Heap Roots: 0.50ms
[7536.803s][info][gc,phases      ] GC(1439)   Evacuate Collection Set: 153.28ms
[7536.803s][info][gc,phases      ] GC(1439)   Post Evacuate Collection Set: 0.97ms
[7536.803s][info][gc,phases      ] GC(1439)   Other: 0.06ms
[7536.803s][info][gc,heap        ] GC(1439) Eden regions: 556->0(546)
[7536.803s][info][gc,heap        ] GC(1439) Survivor regions: 44->45(75)
[7536.803s][info][gc,heap        ] GC(1439) Old regions: 295->303
[7536.803s][info][gc,heap        ] GC(1439) Humongous regions: 33->33
[7536.803s][info][gc,metaspace   ] GC(1439) Metaspace: 29948K(30400K)->29948K(30400K) NonClass: 24540K(24768K)->24540K(24768K) Class: 5408K(5632K)->5408K(5632K)
[7536.803s][info][gc             ] GC(1439) Pause Young (Normal) (G1 Evacuation Pause) 7404M->3026M(8192M) 155.151ms
[7536.803s][info][gc,cpu         ] GC(1439) User=1.23s Sys=0.00s Real=0.15s
...[7539.502s][info][gc,start       ] GC(1440) Pause Young (Normal) (G1 Evacuation Pause)
[7539.502s][info][gc,task        ] GC(1440) Using 8 workers of 8 for evacuation
[7539.651s][info][gc,phases      ] GC(1440)   Pre Evacuate Collection Set: 0.22ms
[7539.651s][info][gc,phases      ] GC(1440)   Merge Heap Roots: 0.49ms
[7539.651s][info][gc,phases      ] GC(1440)   Evacuate Collection Set: 147.41ms
[7539.651s][info][gc,phases      ] GC(1440)   Post Evacuate Collection Set: 0.96ms
[7539.651s][info][gc,phases      ] GC(1440)   Other: 0.07ms
[7539.651s][info][gc,heap        ] GC(1440) Eden regions: 546->0(543)
[7539.651s][info][gc,heap        ] GC(1440) Survivor regions: 45->43(74)
[7539.651s][info][gc,heap        ] GC(1440) Old regions: 303->310
[7539.651s][info][gc,heap        ] GC(1440) Humongous regions: 33->33
[7539.651s][info][gc,metaspace   ] GC(1440) Metaspace: 29948K(30400K)->29948K(30400K) NonClass: 24540K(24768K)->24540K(24768K) Class: 5408K(5632K)->5408K(5632K)
[7539.652s][info][gc             ] GC(1440) Pause Young (Normal) (G1 Evacuation Pause) 7394M->3074M(8192M) 149.310ms
[7539.652s][info][gc,cpu         ] GC(1440) User=1.18s Sys=0.00s Real=0.15s
...[7542.355s][info][gc,start       ] GC(1441) Pause Young (Concurrent Start) (G1 Evacuation Pause)
[7542.355s][info][gc,task        ] GC(1441) Using 8 workers of 8 for evacuation
[7542.501s][info][gc,phases      ] GC(1441)   Pre Evacuate Collection Set: 0.26ms
[7542.501s][info][gc,phases      ] GC(1441)   Merge Heap Roots: 0.50ms
[7542.501s][info][gc,phases      ] GC(1441)   Evacuate Collection Set: 144.34ms
[7542.501s][info][gc,phases      ] GC(1441)   Post Evacuate Collection Set: 0.96ms
[7542.501s][info][gc,phases      ] GC(1441)   Other: 0.07ms
[7542.501s][info][gc,heap        ] GC(1441) Eden regions: 543->0(538)
[7542.501s][info][gc,heap        ] GC(1441) Survivor regions: 43->42(74)
[7542.501s][info][gc,heap        ] GC(1441) Old regions: 310->317
[7542.501s][info][gc,heap        ] GC(1441) Humongous regions: 33->33
[7542.501s][info][gc,metaspace   ] GC(1441) Metaspace: 29948K(30400K)->29948K(30400K) NonClass: 24540K(24768K)->24540K(24768K) Class: 5408K(5632K)->5408K(5632K)
[7542.501s][info][gc             ] GC(1441) Pause Young (Concurrent Start) (G1 Evacuation Pause) 7418M->3119M(8192M) 146.261ms
[7542.501s][info][gc             ] GC(1442) Concurrent Mark Cycle
[7542.501s][info][gc,marking     ] GC(1442) Concurrent Scan Root Regions
[7542.501s][info][gc,cpu         ] GC(1441) User=1.16s Sys=0.00s Real=0.14s
.[7543.013s][info][gc,marking     ] GC(1442) Concurrent Scan Root Regions 511.455ms
[7543.013s][info][gc,marking     ] GC(1442) Concurrent Mark
[7543.013s][info][gc,marking     ] GC(1442) Concurrent Mark From Roots
[7543.013s][info][gc,task        ] GC(1442) Using 2 workers of 2 for marking
.[7544.384s][info][gc,marking     ] GC(1442) Concurrent Mark From Roots 1371.598ms
[7544.384s][info][gc,marking     ] GC(1442) Concurrent Preclean
[7544.384s][info][gc,marking     ] GC(1442) Concurrent Preclean 0.043ms
[7544.385s][info][gc,start       ] GC(1442) Pause Remark
[7544.386s][info][gc             ] GC(1442) Pause Remark 5267M->4651M(8192M) 1.741ms
[7544.386s][info][gc,cpu         ] GC(1442) User=0.01s Sys=0.00s Real=0.00s
[7544.386s][info][gc,marking     ] GC(1442) Concurrent Mark 1373.690ms
[7544.386s][info][gc,marking     ] GC(1442) Concurrent Rebuild Remembered Sets and Scrub Regions
.[7544.986s][info][gc,marking     ] GC(1442) Concurrent Rebuild Remembered Sets and Scrub Regions 599.318ms
[7544.986s][info][gc,start       ] GC(1442) Pause Cleanup
[7544.986s][info][gc             ] GC(1442) Pause Cleanup 5411M->5411M(8192M) 0.256ms
[7544.986s][info][gc,cpu         ] GC(1442) User=0.00s Sys=0.00s Real=0.00s
[7544.986s][info][gc,marking     ] GC(1442) Concurrent Clear Claimed Marks
[7544.986s][info][gc,marking     ] GC(1442) Concurrent Clear Claimed Marks 0.044ms
[7544.986s][info][gc,marking     ] GC(1442) Concurrent Cleanup for Next Mark
[7544.998s][info][gc,marking     ] GC(1442) Concurrent Cleanup for Next Mark 11.438ms
[7544.998s][info][gc             ] GC(1442) Concurrent Mark Cycle 2496.619ms
[7545.819s][info][gc,start       ] GC(1443) Pause Young (Prepare Mixed) (G1 Evacuation Pause)
[7545.819s][info][gc,task        ] GC(1443) Using 8 workers of 8 for evacuation
[7545.967s][info][gc,phases      ] GC(1443)   Pre Evacuate Collection Set: 0.24ms
[7545.967s][info][gc,phases      ] GC(1443)   Merge Heap Roots: 0.66ms
[7545.967s][info][gc,phases      ] GC(1443)   Evacuate Collection Set: 146.25ms
[7545.967s][info][gc,phases      ] GC(1443)   Post Evacuate Collection Set: 1.03ms
[7545.967s][info][gc,phases      ] GC(1443)   Other: 0.06ms
[7545.967s][info][gc,heap        ] GC(1443) Eden regions: 538->0(571)
[7545.967s][info][gc,heap        ] GC(1443) Survivor regions: 42->43(73)
[7545.967s][info][gc,heap        ] GC(1443) Old regions: 240->248
[7545.967s][info][gc,heap        ] GC(1443) Humongous regions: 33->33
[7545.967s][info][gc,metaspace   ] GC(1443) Metaspace: 29948K(30400K)->29948K(30400K) NonClass: 24540K(24768K)->24540K(24768K) Class: 5408K(5632K)->5408K(5632K)
[7545.967s][info][gc             ] GC(1443) Pause Young (Prepare Mixed) (G1 Evacuation Pause) 6807M->2572M(8192M) 148.368ms
[7545.967s][info][gc,cpu         ] GC(1443) User=1.17s Sys=0.00s Real=0.15s
...[7548.927s][info][gc,start       ] GC(1444) Pause Young (Mixed) (G1 Evacuation Pause)
[7548.927s][info][gc,task        ] GC(1444) Using 8 workers of 8 for evacuation
[7549.089s][info][gc,phases      ] GC(1444)   Pre Evacuate Collection Set: 0.23ms
[7549.089s][info][gc,phases      ] GC(1444)   Merge Heap Roots: 0.85ms
[7549.089s][info][gc,phases      ] GC(1444)   Evacuate Collection Set: 159.50ms
[7549.089s][info][gc,phases      ] GC(1444)   Post Evacuate Collection Set: 1.23ms
[7549.089s][info][gc,phases      ] GC(1444)   Other: 0.08ms
[7549.089s][info][gc,heap        ] GC(1444) Eden regions: 571->0(570)
[7549.089s][info][gc,heap        ] GC(1444) Survivor regions: 43->44(77)
[7549.089s][info][gc,heap        ] GC(1444) Old regions: 248->154
[7549.089s][info][gc,heap        ] GC(1444) Humongous regions: 33->33
[7549.089s][info][gc,metaspace   ] GC(1444) Metaspace: 29948K(30400K)->29948K(30400K) NonClass: 24540K(24768K)->24540K(24768K) Class: 5408K(5632K)->5408K(5632K)
[7549.089s][info][gc             ] GC(1444) Pause Young (Mixed) (G1 Evacuation Pause) 7140M->1826M(8192M) 162.029ms
[7549.089s][info][gc,cpu         ] GC(1444) User=1.28s Sys=0.00s Real=0.16s
.. (rIR:aIR:PR = 12789:12760:12510) (tPR = 186704) [PR is under limit] 
  7550s: Performance info:
         Transaction,    Success,    Partial,     Failed,   Receipts, AvgBarcode, 
             Overall,    1131796,          0,          0,    1075002,      59.47, 
         Response times:
             Request,    Success,    Partial,     Failed,   SkipFail,     Probes,    Samples,      min,      p50,      p90,      p95,      p99,      max, 
       TotalPurchase,    1096557,          0,          0,          0,     159763,     615579,     1800,   476000,   810000,   960000,  1600000, 41000000,
     InStorePurchase,     576421,          0,          0,          0,      81839,     322709,     3400,   471000,   800000,   930000,  1400000, 41000000,
      OnlinePurchase,     404713,          0,          0,          0,      57150,     226774,     2600,   471000,   810000,   960000,  1700000, 41000000,
        InstPurchase,     115423,          0,          0,          0,      20774,      66096,     1800,   516000,   870000,  1200000,  2400000, 38000000,
          AssocOfCat,       1161,          0,          0,          0,        631,       1272,    61000,   457000,   847000,  1100000,  1600000, 12000000,
      AssocOfProduct,      11554,          0,          0,          0,       2132,       6784,    16100,   501000,   810000,   900000,  1200000,  8000000,
      BusinessReport,       2893,          0,          0,          0,        856,       3194,    78000,   549500,   780000,   840000,  1100000,  3700000,
          CustBuyBeh,      11416,          0,          0,          0,       2174,       6895,     5900,   487000,   790000,   900000,  1200000, 16000000,
       ProductReturn,      30866,          0,          0,          0,      10814,      18001,     8400,   469000,   770000,   930000,  1700000, 27000000,

  7550s: 
  7550s: Failing in a row, point 1 of 3
  7550s: (91%)   IR =  12931 .[7552.035s][info][gc,start       ] GC(1445) Pause Young (Mixed) (G1 Evacuation Pause)
[7552.035s][info][gc,task        ] GC(1445) Using 8 workers of 8 for evacuation
[7552.193s][info][gc,phases      ] GC(1445)   Pre Evacuate Collection Set: 0.23ms
[7552.193s][info][gc,phases      ] GC(1445)   Merge Heap Roots: 0.71ms
[7552.193s][info][gc,phases      ] GC(1445)   Evacuate Collection Set: 155.37ms
[7552.193s][info][gc,phases      ] GC(1445)   Post Evacuate Collection Set: 1.02ms
[7552.193s][info][gc,phases      ] GC(1445)   Other: 0.07ms
[7552.193s][info][gc,heap        ] GC(1445) Eden regions: 570->0(571)
[7552.193s][info][gc,heap        ] GC(1445) Survivor regions: 44->43(77)
[7552.193s][info][gc,heap        ] GC(1445) Old regions: 154->144
[7552.193s][info][gc,heap        ] GC(1445) Humongous regions: 33->33
[7552.193s][info][gc,metaspace   ] GC(1445) Metaspace: 29949K(30400K)->29949K(30400K) NonClass: 24540K(24768K)->24540K(24768K) Class: 5408K(5632K)->5408K(5632K)
[7552.193s][info][gc             ] GC(1445) Pause Young (Mixed) (G1 Evacuation Pause) 6386M->1744M(8192M) 157.537ms
[7552.193s][info][gc,cpu         ] GC(1445) User=1.25s Sys=0.00s Real=0.15s
...[7555.071s][info][gc,start       ] GC(1446) Pause Young (Normal) (G1 Evacuation Pause)
[7555.071s][info][gc,task        ] GC(1446) Using 8 workers of 8 for evacuation
[7555.220s][info][gc,phases      ] GC(1446)   Pre Evacuate Collection Set: 0.22ms
[7555.220s][info][gc,phases      ] GC(1446)   Merge Heap Roots: 0.47ms
[7555.220s][info][gc,phases      ] GC(1446)   Evacuate Collection Set: 147.13ms
[7555.220s][info][gc,phases      ] GC(1446)   Post Evacuate Collection Set: 1.07ms
[7555.220s][info][gc,phases      ] GC(1446)   Other: 0.06ms
[7555.220s][info][gc,heap        ] GC(1446) Eden regions: 571->0(571)
[7555.220s][info][gc,heap        ] GC(1446) Survivor regions: 43->43(77)
[7555.220s][info][gc,heap        ] GC(1446) Old regions: 144->152
[7555.220s][info][gc,heap        ] GC(1446) Humongous regions: 33->33
[7555.220s][info][gc,metaspace   ] GC(1446) Metaspace: 29949K(30400K)->29949K(30400K) NonClass: 24540K(24768K)->24540K(24768K) Class: 5408K(5632K)->5408K(5632K)
[7555.220s][info][gc             ] GC(1446) Pause Young (Normal) (G1 Evacuation Pause) 6312M->1805M(8192M) 149.077ms
[7555.220s][info][gc,cpu         ] GC(1446) User=1.18s Sys=0.00s Real=0.15s
...[7558.146s][info][gc,start       ] GC(1447) Pause Young (Normal) (G1 Evacuation Pause)
[7558.147s][info][gc,task        ] GC(1447) Using 8 workers of 8 for evacuation
[7558.299s][info][gc,phases      ] GC(1447)   Pre Evacuate Collection Set: 0.22ms
[7558.300s][info][gc,phases      ] GC(1447)   Merge Heap Roots: 0.49ms
[7558.300s][info][gc,phases      ] GC(1447)   Evacuate Collection Set: 150.67ms
[7558.300s][info][gc,phases      ] GC(1447)   Post Evacuate Collection Set: 1.00ms
[7558.300s][info][gc,phases      ] GC(1447)   Other: 0.06ms
[7558.300s][info][gc,heap        ] GC(1447) Eden regions: 571->0(571)
[7558.300s][info][gc,heap        ] GC(1447) Survivor regions: 43->43(77)
[7558.300s][info][gc,heap        ] GC(1447) Old regions: 152->159
[7558.300s][info][gc,heap        ] GC(1447) Humongous regions: 33->33
[7558.300s][info][gc,metaspace   ] GC(1447) Metaspace: 29949K(30400K)->29949K(30400K) NonClass: 24540K(24768K)->24540K(24768K) Class: 5408K(5632K)->5408K(5632K)
[7558.300s][info][gc             ] GC(1447) Pause Young (Normal) (G1 Evacuation Pause) 6373M->1863M(8192M) 153.382ms
[7558.300s][info][gc,cpu         ] GC(1447) User=1.21s Sys=0.00s Real=0.15s
...[7561.167s][info][gc,start       ] GC(1448) Pause Young (Normal) (G1 Evacuation Pause)
[7561.167s][info][gc,task        ] GC(1448) Using 8 workers of 8 for evacuation
[7561.319s][info][gc,phases      ] GC(1448)   Pre Evacuate Collection Set: 0.21ms
[7561.319s][info][gc,phases      ] GC(1448)   Merge Heap Roots: 0.48ms
[7561.319s][info][gc,phases      ] GC(1448)   Evacuate Collection Set: 149.84ms
[7561.319s][info][gc,phases      ] GC(1448)   Post Evacuate Collection Set: 1.00ms
[7561.319s][info][gc,phases      ] GC(1448)   Other: 0.06ms
[7561.319s][info][gc,heap        ] GC(1448) Eden regions: 571->0(571)
[7561.319s][info][gc,heap        ] GC(1448) Survivor regions: 43->43(77)
[7561.319s][info][gc,heap        ] GC(1448) Old regions: 159->166
[7561.319s][info][gc,heap        ] GC(1448) Humongous regions: 33->33
[7561.319s][info][gc,metaspace   ] GC(1448) Metaspace: 29949K(30400K)->29949K(30400K) NonClass: 24540K(24768K)->24540K(24768K) Class: 5408K(5632K)->5408K(5632K)
[7561.319s][info][gc             ] GC(1448) Pause Young (Normal) (G1 Evacuation Pause) 6431M->1919M(8192M) 151.751ms
[7561.319s][info][gc,cpu         ] GC(1448) User=1.20s Sys=0.00s Real=0.15s
...[7564.180s][info][gc,start       ] GC(1449) Pause Young (Normal) (G1 Evacuation Pause)
[7564.180s][info][gc,task        ] GC(1449) Using 8 workers of 8 for evacuation
[7564.337s][info][gc,phases      ] GC(1449)   Pre Evacuate Collection Set: 0.20ms
[7564.337s][info][gc,phases      ] GC(1449)   Merge Heap Roots: 0.51ms
[7564.337s][info][gc,phases      ] GC(1449)   Evacuate Collection Set: 154.73ms
[7564.337s][info][gc,phases      ] GC(1449)   Post Evacuate Collection Set: 0.99ms
[7564.337s][info][gc,phases      ] GC(1449)   Other: 0.07ms
[7564.337s][info][gc,heap        ] GC(1449) Eden regions: 571->0(570)
[7564.337s][info][gc,heap        ] GC(1449) Survivor regions: 43->44(77)
[7564.337s][info][gc,heap        ] GC(1449) Old regions: 166->173
[7564.337s][info][gc,heap        ] GC(1449) Humongous regions: 33->33
[7564.337s][info][gc,metaspace   ] GC(1449) Metaspace: 29949K(30400K)->29949K(30400K) NonClass: 24540K(24768K)->24540K(24768K) Class: 5408K(5632K)->5408K(5632K)
[7564.337s][info][gc             ] GC(1449) Pause Young (Normal) (G1 Evacuation Pause) 6487M->1987M(8192M) 156.636ms
[7564.337s][info][gc,cpu         ] GC(1449) User=1.24s Sys=0.00s Real=0.16s
...[7567.239s][info][gc,start       ] GC(1450) Pause Young (Normal) (G1 Evacuation Pause)
[7567.239s][info][gc,task        ] GC(1450) Using 8 workers of 8 for evacuation
[7567.389s][info][gc,phases      ] GC(1450)   Pre Evacuate Collection Set: 0.23ms
[7567.389s][info][gc,phases      ] GC(1450)   Merge Heap Roots: 0.52ms
[7567.389s][info][gc,phases      ] GC(1450)   Evacuate Collection Set: 147.80ms
[7567.389s][info][gc,phases      ] GC(1450)   Post Evacuate Collection Set: 0.99ms
[7567.389s][info][gc,phases      ] GC(1450)   Other: 0.06ms
[7567.389s][info][gc,heap        ] GC(1450) Eden regions: 570->0(571)
[7567.389s][info][gc,heap        ] GC(1450) Survivor regions: 44->43(77)
[7567.389s][info][gc,heap        ] GC(1450) Old regions: 173->181
[7567.389s][info][gc,heap        ] GC(1450) Humongous regions: 33->33
[7567.389s][info][gc,metaspace   ] GC(1450) Metaspace: 29949K(30400K)->29949K(30400K) NonClass: 24540K(24768K)->24540K(24768K) Class: 5408K(5632K)->5408K(5632K)
[7567.389s][info][gc             ] GC(1450) Pause Young (Normal) (G1 Evacuation Pause) 6547M->2040M(8192M) 149.734ms
[7567.389s][info][gc,cpu         ] GC(1450) User=1.19s Sys=0.00s Real=0.15s
...[7570.105s][info][gc,start       ] GC(1451) Pause Young (Normal) (G1 Evacuation Pause)
[7570.105s][info][gc,task        ] GC(1451) Using 8 workers of 8 for evacuation
[7570.268s][info][gc,phases      ] GC(1451)   Pre Evacuate Collection Set: 0.22ms
[7570.268s][info][gc,phases      ] GC(1451)   Merge Heap Roots: 0.52ms
[7570.268s][info][gc,phases      ] GC(1451)   Evacuate Collection Set: 161.26ms
[7570.268s][info][gc,phases      ] GC(1451)   Post Evacuate Collection Set: 0.99ms
[7570.268s][info][gc,phases      ] GC(1451)   Other: 0.07ms
[7570.268s][info][gc,heap        ] GC(1451) Eden regions: 571->0(568)
[7570.268s][info][gc,heap        ] GC(1451) Survivor regions: 43->46(77)
[7570.268s][info][gc,heap        ] GC(1451) Old regions: 181->188
[7570.268s][info][gc,heap        ] GC(1451) Humongous regions: 33->33
[7570.268s][info][gc,metaspace   ] GC(1451) Metaspace: 29949K(30400K)->29949K(30400K) NonClass: 24540K(24768K)->24540K(24768K) Class: 5408K(5632K)->5408K(5632K)
[7570.268s][info][gc             ] GC(1451) Pause Young (Normal) (G1 Evacuation Pause) 6608M->2118M(8192M) 163.199ms
[7570.268s][info][gc,cpu         ] GC(1451) User=1.29s Sys=0.00s Real=0.16s
...[7573.027s][info][gc,start       ] GC(1452) Pause Young (Normal) (G1 Evacuation Pause)
[7573.027s][info][gc,task        ] GC(1452) Using 8 workers of 8 for evacuation
[7573.184s][info][gc,phases      ] GC(1452)   Pre Evacuate Collection Set: 0.20ms
[7573.184s][info][gc,phases      ] GC(1452)   Merge Heap Roots: 0.47ms
[7573.184s][info][gc,phases      ] GC(1452)   Evacuate Collection Set: 155.23ms
[7573.184s][info][gc,phases      ] GC(1452)   Post Evacuate Collection Set: 0.98ms
[7573.184s][info][gc,phases      ] GC(1452)   Other: 0.06ms
[7573.184s][info][gc,heap        ] GC(1452) Eden regions: 568->0(568)
[7573.184s][info][gc,heap        ] GC(1452) Survivor regions: 46->46(77)
[7573.184s][info][gc,heap        ] GC(1452) Old regions: 188->194
[7573.184s][info][gc,heap        ] GC(1452) Humongous regions: 33->33
[7573.184s][info][gc,metaspace   ] GC(1452) Metaspace: 29949K(30400K)->29949K(30400K) NonClass: 24540K(24768K)->24540K(24768K) Class: 5408K(5632K)->5408K(5632K)
[7573.184s][info][gc             ] GC(1452) Pause Young (Normal) (G1 Evacuation Pause) 6662M->2171M(8192M) 157.065ms
[7573.184s][info][gc,cpu         ] GC(1452) User=1.25s Sys=0.00s Real=0.15s
...[7576.147s][info][gc,start       ] GC(1453) Pause Young (Normal) (G1 Evacuation Pause)
[7576.147s][info][gc,task        ] GC(1453) Using 8 workers of 8 for evacuation
[7576.302s][info][gc,phases      ] GC(1453)   Pre Evacuate Collection Set: 0.21ms
[7576.302s][info][gc,phases      ] GC(1453)   Merge Heap Roots: 0.47ms
[7576.302s][info][gc,phases      ] GC(1453)   Evacuate Collection Set: 153.23ms
[7576.302s][info][gc,phases      ] GC(1453)   Post Evacuate Collection Set: 0.98ms
[7576.302s][info][gc,phases      ] GC(1453)   Other: 0.06ms
[7576.302s][info][gc,heap        ] GC(1453) Eden regions: 568->0(570)
[7576.302s][info][gc,heap        ] GC(1453) Survivor regions: 46->44(77)
[7576.302s][info][gc,heap        ] GC(1453) Old regions: 194->202
[7576.302s][info][gc,heap        ] GC(1453) Humongous regions: 33->33
[7576.302s][info][gc,metaspace   ] GC(1453) Metaspace: 29949K(30400K)->29949K(30400K) NonClass: 24540K(24768K)->24540K(24768K) Class: 5408K(5632K)->5408K(5632K)
[7576.302s][info][gc             ] GC(1453) Pause Young (Normal) (G1 Evacuation Pause) 6715M->2213M(8192M) 155.084ms
[7576.302s][info][gc,cpu         ] GC(1453) User=1.23s Sys=0.00s Real=0.15s
...[7579.177s][info][gc,start       ] GC(1454) Pause Young (Normal) (G1 Evacuation Pause)
[7579.177s][info][gc,task        ] GC(1454) Using 8 workers of 8 for evacuation
[7579.343s][info][gc,phases      ] GC(1454)   Pre Evacuate Collection Set: 0.21ms
[7579.343s][info][gc,phases      ] GC(1454)   Merge Heap Roots: 0.47ms
[7579.343s][info][gc,phases      ] GC(1454)   Evacuate Collection Set: 164.70ms
[7579.343s][info][gc,phases      ] GC(1454)   Post Evacuate Collection Set: 0.96ms
[7579.343s][info][gc,phases      ] GC(1454)   Other: 0.07ms
[7579.343s][info][gc,heap        ] GC(1454) Eden regions: 570->0(566)
[7579.343s][info][gc,heap        ] GC(1454) Survivor regions: 44->48(77)
[7579.343s][info][gc,heap        ] GC(1454) Old regions: 202->209
[7579.343s][info][gc,heap        ] GC(1454) Humongous regions: 33->33
[7579.343s][info][gc,metaspace   ] GC(1454) Metaspace: 29949K(30400K)->29949K(30400K) NonClass: 24540K(24768K)->24540K(24768K) Class: 5408K(5632K)->5408K(5632K)
[7579.343s][info][gc             ] GC(1454) Pause Young (Normal) (G1 Evacuation Pause) 6773M->2306M(8192M) 166.538ms
[7579.343s][info][gc,cpu         ] GC(1454) User=1.32s Sys=0.00s Real=0.16s
.. (rIR:aIR:PR = 12931:13065:12752) (tPR = 190732) [IR is over limit] [PR is under limit] 
  7580s: Performance info:
         Transaction,    Success,    Partial,     Failed,   Receipts, AvgBarcode, 
             Overall,     256284,          0,          0,     243507,      59.47, 
         Response times:
             Request,    Success,    Partial,     Failed,   SkipFail,     Probes,    Samples,      min,      p50,      p90,      p95,      p99,      max, 
       TotalPurchase,     249553,          0,          0,          0,      25560,     178160,   115000,   720000,  1800000,  2300000,  3300000, 37000000,
     InStorePurchase,     130372,          0,          0,          0,      13466,      93466,   115000,   690000,  1800000,  2300000,  3300000, 37000000,
      OnlinePurchase,      92319,          0,          0,          0,       9223,      65768,   115000,   750000,  1800000,  2300000,  3400000, 37000000,
        InstPurchase,      26862,          0,          0,          0,       2871,      18926,   116000,   720000,  1700000,  2000000,  2300000, 21000000,
          AssocOfCat,        260,          0,          0,          0,        110,        348,   192000,   770000,  2200000,  4510000,  7865000,  9400000,
      AssocOfProduct,       2550,          0,          0,          0,        472,       2067,   116000,   790000,  2820000,  3400000,  3800000,  4000000,
      BusinessReport,        647,          0,          0,          0,        238,        959,   134000,   820000,  1900000,  2300000,  2500000,  6000000,
          CustBuyBeh,       2601,          0,          0,          0,        479,       1995,   208000,   780000,  2500000,  3100000,  3800000,  3900000,
       ProductReturn,       6957,          0,          0,          0,        989,       4603,   196000,   750000,  3600000,  3900000,  4600000, 19000000,

  7580s: 
  7580s: Failing in a row, point 2 of 3
  7580s: (92%)   IR =  13073 .[7582.185s][info][gc,start       ] GC(1455) Pause Young (Normal) (G1 Evacuation Pause)
[7582.185s][info][gc,task        ] GC(1455) Using 8 workers of 8 for evacuation
[7582.339s][info][gc,phases      ] GC(1455)   Pre Evacuate Collection Set: 0.21ms
[7582.339s][info][gc,phases      ] GC(1455)   Merge Heap Roots: 0.52ms
[7582.339s][info][gc,phases      ] GC(1455)   Evacuate Collection Set: 151.68ms
[7582.339s][info][gc,phases      ] GC(1455)   Post Evacuate Collection Set: 1.00ms
[7582.339s][info][gc,phases      ] GC(1455)   Other: 0.06ms
[7582.339s][info][gc,heap        ] GC(1455) Eden regions: 566->0(570)
[7582.339s][info][gc,heap        ] GC(1455) Survivor regions: 48->44(77)
[7582.339s][info][gc,heap        ] GC(1455) Old regions: 209->216
[7582.339s][info][gc,heap        ] GC(1455) Humongous regions: 33->33
[7582.339s][info][gc,metaspace   ] GC(1455) Metaspace: 29949K(30400K)->29949K(30400K) NonClass: 24540K(24768K)->24540K(24768K) Class: 5408K(5632K)->5408K(5632K)
[7582.339s][info][gc             ] GC(1455) Pause Young (Normal) (G1 Evacuation Pause) 6834M->2326M(8192M) 153.621ms
[7582.339s][info][gc,cpu         ] GC(1455) User=1.22s Sys=0.00s Real=0.15s
...[7585.136s][info][gc,start       ] GC(1456) Pause Young (Normal) (G1 Evacuation Pause)
[7585.136s][info][gc,task        ] GC(1456) Using 8 workers of 8 for evacuation
[7585.288s][info][gc,phases      ] GC(1456)   Pre Evacuate Collection Set: 0.22ms
[7585.288s][info][gc,phases      ] GC(1456)   Merge Heap Roots: 0.52ms
[7585.288s][info][gc,phases      ] GC(1456)   Evacuate Collection Set: 150.41ms
[7585.288s][info][gc,phases      ] GC(1456)   Post Evacuate Collection Set: 1.00ms
[7585.288s][info][gc,phases      ] GC(1456)   Other: 0.06ms
[7585.288s][info][gc,heap        ] GC(1456) Eden regions: 570->0(570)
[7585.288s][info][gc,heap        ] GC(1456) Survivor regions: 44->44(77)
[7585.288s][info][gc,heap        ] GC(1456) Old regions: 216->223
[7585.288s][info][gc,heap        ] GC(1456) Humongous regions: 33->33
[7585.288s][info][gc,metaspace   ] GC(1456) Metaspace: 29949K(30400K)->29949K(30400K) NonClass: 24540K(24768K)->24540K(24768K) Class: 5408K(5632K)->5408K(5632K)
[7585.288s][info][gc             ] GC(1456) Pause Young (Normal) (G1 Evacuation Pause) 6886M->2383M(8192M) 152.332ms
[7585.288s][info][gc,cpu         ] GC(1456) User=1.21s Sys=0.00s Real=0.15s
...[7588.072s][info][gc,start       ] GC(1457) Pause Young (Normal) (G1 Evacuation Pause)
[7588.072s][info][gc,task        ] GC(1457) Using 8 workers of 8 for evacuation
[7588.229s][info][gc,phases      ] GC(1457)   Pre Evacuate Collection Set: 0.21ms
[7588.229s][info][gc,phases      ] GC(1457)   Merge Heap Roots: 0.51ms
[7588.229s][info][gc,phases      ] GC(1457)   Evacuate Collection Set: 155.50ms
[7588.229s][info][gc,phases      ] GC(1457)   Post Evacuate Collection Set: 1.00ms
[7588.229s][info][gc,phases      ] GC(1457)   Other: 0.07ms
[7588.229s][info][gc,heap        ] GC(1457) Eden regions: 570->0(569)
[7588.229s][info][gc,heap        ] GC(1457) Survivor regions: 44->45(77)
[7588.229s][info][gc,heap        ] GC(1457) Old regions: 223->230
[7588.229s][info][gc,heap        ] GC(1457) Humongous regions: 33->33
[7588.229s][info][gc,metaspace   ] GC(1457) Metaspace: 29949K(30400K)->29949K(30400K) NonClass: 24540K(24768K)->24540K(24768K) Class: 5408K(5632K)->5408K(5632K)
[7588.229s][info][gc             ] GC(1457) Pause Young (Normal) (G1 Evacuation Pause) 6943M->2448M(8192M) 157.424ms
[7588.229s][info][gc,cpu         ] GC(1457) User=1.25s Sys=0.00s Real=0.16s
...[7591.098s][info][gc,start       ] GC(1458) Pause Young (Normal) (G1 Evacuation Pause)
[7591.098s][info][gc,task        ] GC(1458) Using 8 workers of 8 for evacuation
[7591.262s][info][gc,phases      ] GC(1458)   Pre Evacuate Collection Set: 0.22ms
[7591.262s][info][gc,phases      ] GC(1458)   Merge Heap Roots: 0.51ms
[7591.262s][info][gc,phases      ] GC(1458)   Evacuate Collection Set: 161.70ms
[7591.262s][info][gc,phases      ] GC(1458)   Post Evacuate Collection Set: 0.97ms
[7591.262s][info][gc,phases      ] GC(1458)   Other: 0.06ms
[7591.262s][info][gc,heap        ] GC(1458) Eden regions: 569->0(567)
[7591.262s][info][gc,heap        ] GC(1458) Survivor regions: 45->47(77)
[7591.262s][info][gc,heap        ] GC(1458) Old regions: 230->237
[7591.262s][info][gc,heap        ] GC(1458) Humongous regions: 33->33
[7591.262s][info][gc,metaspace   ] GC(1458) Metaspace: 29949K(30400K)->29949K(30400K) NonClass: 24540K(24768K)->24540K(24768K) Class: 5408K(5632K)->5408K(5632K)
[7591.262s][info][gc             ] GC(1458) Pause Young (Normal) (G1 Evacuation Pause) 7000M->2519M(8192M) 163.584ms
[7591.262s][info][gc,cpu         ] GC(1458) User=1.29s Sys=0.01s Real=0.16s
.|..[7594.082s][info][gc,start       ] GC(1459) Pause Young (Normal) (G1 Evacuation Pause)
[7594.082s][info][gc,task        ] GC(1459) Using 8 workers of 8 for evacuation
[7594.233s][info][gc,phases      ] GC(1459)   Pre Evacuate Collection Set: 0.20ms
[7594.233s][info][gc,phases      ] GC(1459)   Merge Heap Roots: 0.51ms
[7594.233s][info][gc,phases      ] GC(1459)   Evacuate Collection Set: 149.56ms
[7594.233s][info][gc,phases      ] GC(1459)   Post Evacuate Collection Set: 0.97ms
[7594.233s][info][gc,phases      ] GC(1459)   Other: 0.06ms
[7594.233s][info][gc,heap        ] GC(1459) Eden regions: 567->0(571)
[7594.233s][info][gc,heap        ] GC(1459) Survivor regions: 47->43(77)
[7594.233s][info][gc,heap        ] GC(1459) Old regions: 237->244
[7594.233s][info][gc,heap        ] GC(1459) Humongous regions: 33->33
[7594.233s][info][gc,metaspace   ] GC(1459) Metaspace: 29949K(30400K)->29949K(30400K) NonClass: 24541K(24768K)->24541K(24768K) Class: 5408K(5632K)->5408K(5632K)
[7594.234s][info][gc             ] GC(1459) Pause Young (Normal) (G1 Evacuation Pause) 7055M->2545M(8192M) 151.447ms
[7594.234s][info][gc,cpu         ] GC(1459) User=1.20s Sys=0.00s Real=0.15s
...[7596.986s][info][gc,start       ] GC(1460) Pause Young (Normal) (G1 Evacuation Pause)
[7596.986s][info][gc,task        ] GC(1460) Using 8 workers of 8 for evacuation
[7597.148s][info][gc,phases      ] GC(1460)   Pre Evacuate Collection Set: 0.22ms
[7597.148s][info][gc,phases      ] GC(1460)   Merge Heap Roots: 0.50ms
[7597.148s][info][gc,phases      ] GC(1460)   Evacuate Collection Set: 160.11ms
[7597.148s][info][gc,phases      ] GC(1460)   Post Evacuate Collection Set: 0.97ms
[7597.148s][info][gc,phases      ] GC(1460)   Other: 0.06ms
[7597.148s][info][gc,heap        ] GC(1460) Eden regions: 571->0(567)
[7597.148s][info][gc,heap        ] GC(1460) Survivor regions: 43->47(77)
[7597.148s][info][gc,heap        ] GC(1460) Old regions: 244->251
[7597.148s][info][gc,heap        ] GC(1460) Humongous regions: 33->33
[7597.148s][info][gc,metaspace   ] GC(1460) Metaspace: 29949K(30400K)->29949K(30400K) NonClass: 24541K(24768K)->24541K(24768K) Class: 5408K(5632K)->5408K(5632K)
[7597.148s][info][gc             ] GC(1460) Pause Young (Normal) (G1 Evacuation Pause) 7113M->2631M(8192M) 162.003ms
[7597.148s][info][gc,cpu         ] GC(1460) User=1.29s Sys=0.00s Real=0.16s
...[7600.005s][info][gc,start       ] GC(1461) Pause Young (Normal) (G1 Evacuation Pause)
[7600.005s][info][gc,task        ] GC(1461) Using 8 workers of 8 for evacuation
[7600.173s][info][gc,phases      ] GC(1461)   Pre Evacuate Collection Set: 0.21ms
[7600.173s][info][gc,phases      ] GC(1461)   Merge Heap Roots: 0.49ms
[7600.173s][info][gc,phases      ] GC(1461)   Evacuate Collection Set: 165.65ms
[7600.173s][info][gc,phases      ] GC(1461)   Post Evacuate Collection Set: 0.99ms
[7600.173s][info][gc,phases      ] GC(1461)   Other: 0.08ms
[7600.173s][info][gc,heap        ] GC(1461) Eden regions: 567->0(566)
[7600.173s][info][gc,heap        ] GC(1461) Survivor regions: 47->48(77)
[7600.173s][info][gc,heap        ] GC(1461) Old regions: 251->259
[7600.173s][info][gc,heap        ] GC(1461) Humongous regions: 33->33
[7600.173s][info][gc,metaspace   ] GC(1461) Metaspace: 29949K(30400K)->29949K(30400K) NonClass: 24541K(24768K)->24541K(24768K) Class: 5408K(5632K)->5408K(5632K)
[7600.173s][info][gc             ] GC(1461) Pause Young (Normal) (G1 Evacuation Pause) 7167M->2696M(8192M) 167.542ms
[7600.173s][info][gc,cpu         ] GC(1461) User=1.33s Sys=0.00s Real=0.16s
...[7603.049s][info][gc,start       ] GC(1462) Pause Young (Normal) (G1 Evacuation Pause)
[7603.049s][info][gc,task        ] GC(1462) Using 8 workers of 8 for evacuation
[7603.203s][info][gc,phases      ] GC(1462)   Pre Evacuate Collection Set: 0.23ms
[7603.203s][info][gc,phases      ] GC(1462)   Merge Heap Roots: 0.50ms
[7603.203s][info][gc,phases      ] GC(1462)   Evacuate Collection Set: 152.07ms
[7603.203s][info][gc,phases      ] GC(1462)   Post Evacuate Collection Set: 0.96ms
[7603.203s][info][gc,phases      ] GC(1462)   Other: 0.06ms
[7603.203s][info][gc,heap        ] GC(1462) Eden regions: 566->0(571)
[7603.203s][info][gc,heap        ] GC(1462) Survivor regions: 48->43(77)
[7603.203s][info][gc,heap        ] GC(1462) Old regions: 259->266
[7603.203s][info][gc,heap        ] GC(1462) Humongous regions: 33->33
[7603.203s][info][gc,metaspace   ] GC(1462) Metaspace: 29949K(30400K)->29949K(30400K) NonClass: 24541K(24768K)->24541K(24768K) Class: 5408K(5632K)->5408K(5632K)
[7603.203s][info][gc             ] GC(1462) Pause Young (Normal) (G1 Evacuation Pause) 7224M->2720M(8192M) 153.959ms
[7603.203s][info][gc,cpu         ] GC(1462) User=1.22s Sys=0.00s Real=0.15s
...[7606.207s][info][gc,start       ] GC(1463) Pause Young (Normal) (G1 Evacuation Pause)
[7606.207s][info][gc,task        ] GC(1463) Using 8 workers of 8 for evacuation
[7606.365s][info][gc,phases      ] GC(1463)   Pre Evacuate Collection Set: 0.21ms
[7606.365s][info][gc,phases      ] GC(1463)   Merge Heap Roots: 0.50ms
[7606.365s][info][gc,phases      ] GC(1463)   Evacuate Collection Set: 155.73ms
[7606.365s][info][gc,phases      ] GC(1463)   Post Evacuate Collection Set: 1.00ms
[7606.365s][info][gc,phases      ] GC(1463)   Other: 0.07ms
[7606.365s][info][gc,heap        ] GC(1463) Eden regions: 571->0(569)
[7606.365s][info][gc,heap        ] GC(1463) Survivor regions: 43->45(77)
[7606.365s][info][gc,heap        ] GC(1463) Old regions: 266->273
[7606.365s][info][gc,heap        ] GC(1463) Humongous regions: 33->33
[7606.365s][info][gc,metaspace   ] GC(1463) Metaspace: 29949K(30400K)->29949K(30400K) NonClass: 24541K(24768K)->24541K(24768K) Class: 5408K(5632K)->5408K(5632K)
[7606.365s][info][gc             ] GC(1463) Pause Young (Normal) (G1 Evacuation Pause) 7288M->2791M(8192M) 157.638ms
[7606.365s][info][gc,cpu         ] GC(1463) User=1.25s Sys=0.00s Real=0.16s
...[7609.203s][info][gc,start       ] GC(1464) Pause Young (Normal) (G1 Evacuation Pause)
[7609.203s][info][gc,task        ] GC(1464) Using 8 workers of 8 for evacuation
[7609.361s][info][gc,phases      ] GC(1464)   Pre Evacuate Collection Set: 0.21ms
[7609.361s][info][gc,phases      ] GC(1464)   Merge Heap Roots: 0.49ms
[7609.361s][info][gc,phases      ] GC(1464)   Evacuate Collection Set: 155.89ms
[7609.361s][info][gc,phases      ] GC(1464)   Post Evacuate Collection Set: 1.00ms
[7609.361s][info][gc,phases      ] GC(1464)   Other: 0.06ms
[7609.361s][info][gc,heap        ] GC(1464) Eden regions: 569->0(568)
[7609.361s][info][gc,heap        ] GC(1464) Survivor regions: 45->45(77)
[7609.361s][info][gc,heap        ] GC(1464) Old regions: 273->281
[7609.361s][info][gc,heap        ] GC(1464) Humongous regions: 33->33
[7609.361s][info][gc,metaspace   ] GC(1464) Metaspace: 29949K(30400K)->29949K(30400K) NonClass: 24541K(24768K)->24541K(24768K) Class: 5408K(5632K)->5408K(5632K)
[7609.361s][info][gc             ] GC(1464) Pause Young (Normal) (G1 Evacuation Pause) 7343M->2850M(8192M) 157.790ms
[7609.361s][info][gc,cpu         ] GC(1464) User=1.25s Sys=0.00s Real=0.16s
...[7612.142s][info][gc,start       ] GC(1465) Pause Young (Normal) (G1 Evacuation Pause)
[7612.142s][info][gc,task        ] GC(1465) Using 8 workers of 8 for evacuation
[7612.299s][info][gc,phases      ] GC(1465)   Pre Evacuate Collection Set: 0.22ms
[7612.299s][info][gc,phases      ] GC(1465)   Merge Heap Roots: 0.50ms
[7612.299s][info][gc,phases      ] GC(1465)   Evacuate Collection Set: 155.50ms
[7612.299s][info][gc,phases      ] GC(1465)   Post Evacuate Collection Set: 0.97ms
[7612.299s][info][gc,phases      ] GC(1465)   Other: 0.06ms
[7612.299s][info][gc,heap        ] GC(1465) Eden regions: 568->0(562)
[7612.299s][info][gc,heap        ] GC(1465) Survivor regions: 45->45(77)
[7612.299s][info][gc,heap        ] GC(1465) Old regions: 281->287
[7612.299s][info][gc,heap        ] GC(1465) Humongous regions: 33->33
[7612.299s][info][gc,metaspace   ] GC(1465) Metaspace: 29949K(30400K)->29949K(30400K) NonClass: 24541K(24768K)->24541K(24768K) Class: 5408K(5632K)->5408K(5632K)
[7612.299s][info][gc             ] GC(1465) Pause Young (Normal) (G1 Evacuation Pause) 7394M->2903M(8192M) 157.366ms
[7612.299s][info][gc,cpu         ] GC(1465) User=1.24s Sys=0.00s Real=0.16s
...[7615.228s][info][gc,start       ] GC(1466) Pause Young (Normal) (G1 Evacuation Pause)
[7615.228s][info][gc,task        ] GC(1466) Using 8 workers of 8 for evacuation
[7615.382s][info][gc,phases      ] GC(1466)   Pre Evacuate Collection Set: 0.20ms
[7615.382s][info][gc,phases      ] GC(1466)   Merge Heap Roots: 0.47ms
[7615.382s][info][gc,phases      ] GC(1466)   Evacuate Collection Set: 152.36ms
[7615.382s][info][gc,phases      ] GC(1466)   Post Evacuate Collection Set: 0.95ms
[7615.382s][info][gc,phases      ] GC(1466)   Other: 0.06ms
[7615.382s][info][gc,heap        ] GC(1466) Eden regions: 562->0(556)
[7615.382s][info][gc,heap        ] GC(1466) Survivor regions: 45->44(76)
[7615.382s][info][gc,heap        ] GC(1466) Old regions: 287->295
[7615.382s][info][gc,heap        ] GC(1466) Humongous regions: 33->33
[7615.382s][info][gc,metaspace   ] GC(1466) Metaspace: 29949K(30400K)->29949K(30400K) NonClass: 24541K(24768K)->24541K(24768K) Class: 5408K(5632K)->5408K(5632K)
[7615.382s][info][gc             ] GC(1466) Pause Young (Normal) (G1 Evacuation Pause) 7399M->2952M(8192M) 154.188ms
[7615.382s][info][gc,cpu         ] GC(1466) User=1.22s Sys=0.00s Real=0.15s
...[7618.140s][info][gc,start       ] GC(1467) Pause Young (Normal) (G1 Evacuation Pause)
[7618.140s][info][gc,task        ] GC(1467) Using 8 workers of 8 for evacuation
[7618.297s][info][gc,phases      ] GC(1467)   Pre Evacuate Collection Set: 0.21ms
[7618.297s][info][gc,phases      ] GC(1467)   Merge Heap Roots: 0.48ms
[7618.297s][info][gc,phases      ] GC(1467)   Evacuate Collection Set: 155.92ms
[7618.297s][info][gc,phases      ] GC(1467)   Post Evacuate Collection Set: 0.95ms
[7618.297s][info][gc,phases      ] GC(1467)   Other: 0.07ms
[7618.297s][info][gc,heap        ] GC(1467) Eden regions: 556->0(549)
[7618.297s][info][gc,heap        ] GC(1467) Survivor regions: 44->44(75)
[7618.297s][info][gc,heap        ] GC(1467) Old regions: 295->302
[7618.297s][info][gc,heap        ] GC(1467) Humongous regions: 33->33
[7618.297s][info][gc,metaspace   ] GC(1467) Metaspace: 29949K(30400K)->29949K(30400K) NonClass: 24541K(24768K)->24541K(24768K) Class: 5408K(5632K)->5408K(5632K)
[7618.297s][info][gc             ] GC(1467) Pause Young (Normal) (G1 Evacuation Pause) 7400M->3015M(8192M) 157.774ms
[7618.297s][info][gc,cpu         ] GC(1467) User=1.25s Sys=0.00s Real=0.16s
...[7620.988s][info][gc,start       ] GC(1468) Pause Young (Normal) (G1 Evacuation Pause)
[7620.988s][info][gc,task        ] GC(1468) Using 8 workers of 8 for evacuation
[7621.141s][info][gc,phases      ] GC(1468)   Pre Evacuate Collection Set: 0.22ms
[7621.141s][info][gc,phases      ] GC(1468)   Merge Heap Roots: 0.47ms
[7621.141s][info][gc,phases      ] GC(1468)   Evacuate Collection Set: 151.48ms
[7621.141s][info][gc,phases      ] GC(1468)   Post Evacuate Collection Set: 0.97ms
[7621.141s][info][gc,phases      ] GC(1468)   Other: 0.06ms
[7621.141s][info][gc,heap        ] GC(1468) Eden regions: 549->0(540)
[7621.141s][info][gc,heap        ] GC(1468) Survivor regions: 44->45(75)
[7621.141s][info][gc,heap        ] GC(1468) Old regions: 302->309
[7621.141s][info][gc,heap        ] GC(1468) Humongous regions: 33->33
[7621.141s][info][gc,metaspace   ] GC(1468) Metaspace: 29949K(30400K)->29949K(30400K) NonClass: 24541K(24768K)->24541K(24768K) Class: 5408K(5632K)->5408K(5632K)
[7621.141s][info][gc             ] GC(1468) Pause Young (Normal) (G1 Evacuation Pause) 7407M->3083M(8192M) 153.334ms
[7621.141s][info][gc,cpu         ] GC(1468) User=1.22s Sys=0.00s Real=0.15s
...[7623.950s][info][gc,start       ] GC(1469) Pause Young (Concurrent Start) (G1 Evacuation Pause)
[7623.950s][info][gc,task        ] GC(1469) Using 8 workers of 8 for evacuation
[7624.097s][info][gc,phases      ] GC(1469)   Pre Evacuate Collection Set: 0.26ms
[7624.097s][info][gc,phases      ] GC(1469)   Merge Heap Roots: 0.45ms
[7624.097s][info][gc,phases      ] GC(1469)   Evacuate Collection Set: 145.40ms
[7624.097s][info][gc,phases      ] GC(1469)   Post Evacuate Collection Set: 0.98ms
[7624.097s][info][gc,phases      ] GC(1469)   Other: 0.07ms
[7624.097s][info][gc,heap        ] GC(1469) Eden regions: 540->0(538)
[7624.097s][info][gc,heap        ] GC(1469) Survivor regions: 45->42(74)
[7624.097s][info][gc,heap        ] GC(1469) Old regions: 309->317
[7624.097s][info][gc,heap        ] GC(1469) Humongous regions: 33->33
[7624.097s][info][gc,metaspace   ] GC(1469) Metaspace: 29949K(30400K)->29949K(30400K) NonClass: 24541K(24768K)->24541K(24768K) Class: 5408K(5632K)->5408K(5632K)
[7624.097s][info][gc             ] GC(1469) Pause Young (Concurrent Start) (G1 Evacuation Pause) 7403M->3116M(8192M) 147.299ms
[7624.097s][info][gc             ] GC(1470) Concurrent Mark Cycle
[7624.097s][info][gc,marking     ] GC(1470) Concurrent Scan Root Regions
[7624.097s][info][gc,cpu         ] GC(1469) User=1.17s Sys=0.00s Real=0.15s
[7624.430s][info][gc,marking     ] GC(1470) Concurrent Scan Root Regions 332.404ms
[7624.430s][info][gc,marking     ] GC(1470) Concurrent Mark
[7624.430s][info][gc,marking     ] GC(1470) Concurrent Mark From Roots
[7624.430s][info][gc,task        ] GC(1470) Using 2 workers of 2 for marking
..[7625.850s][info][gc,marking     ] GC(1470) Concurrent Mark From Roots 1420.532ms
[7625.851s][info][gc,marking     ] GC(1470) Concurrent Preclean
[7625.851s][info][gc,marking     ] GC(1470) Concurrent Preclean 0.096ms
[7625.851s][info][gc,start       ] GC(1470) Pause Remark
[7625.853s][info][gc             ] GC(1470) Pause Remark 5132M->4564M(8192M) 1.926ms
[7625.853s][info][gc,cpu         ] GC(1470) User=0.02s Sys=0.00s Real=0.00s
[7625.853s][info][gc,marking     ] GC(1470) Concurrent Mark 1422.851ms
[7625.853s][info][gc,marking     ] GC(1470) Concurrent Rebuild Remembered Sets and Scrub Regions
.[7626.580s][info][gc,marking     ] GC(1470) Concurrent Rebuild Remembered Sets and Scrub Regions 727.718ms
[7626.581s][info][gc,start       ] GC(1470) Pause Cleanup
[7626.581s][info][gc             ] GC(1470) Pause Cleanup 5564M->5564M(8192M) 0.272ms
[7626.581s][info][gc,cpu         ] GC(1470) User=0.00s Sys=0.00s Real=0.00s
[7626.581s][info][gc,marking     ] GC(1470) Concurrent Clear Claimed Marks
[7626.581s][info][gc,marking     ] GC(1470) Concurrent Clear Claimed Marks 0.048ms
[7626.581s][info][gc,marking     ] GC(1470) Concurrent Cleanup for Next Mark
[7626.591s][info][gc,marking     ] GC(1470) Concurrent Cleanup for Next Mark 9.774ms
[7626.591s][info][gc             ] GC(1470) Concurrent Mark Cycle 2493.622ms
[7627.390s][info][gc,start       ] GC(1471) Pause Young (Prepare Mixed) (G1 Evacuation Pause)
[7627.390s][info][gc,task        ] GC(1471) Using 8 workers of 8 for evacuation
[7627.540s][info][gc,phases      ] GC(1471)   Pre Evacuate Collection Set: 0.21ms
[7627.540s][info][gc,phases      ] GC(1471)   Merge Heap Roots: 0.62ms
[7627.540s][info][gc,phases      ] GC(1471)   Evacuate Collection Set: 148.08ms
[7627.540s][info][gc,phases      ] GC(1471)   Post Evacuate Collection Set: 1.04ms
[7627.540s][info][gc,phases      ] GC(1471)   Other: 0.06ms
[7627.540s][info][gc,heap        ] GC(1471) Eden regions: 538->0(571)
[7627.540s][info][gc,heap        ] GC(1471) Survivor regions: 42->43(73)
[7627.540s][info][gc,heap        ] GC(1471) Old regions: 246->254
[7627.540s][info][gc,heap        ] GC(1471) Humongous regions: 33->33
[7627.540s][info][gc,metaspace   ] GC(1471) Metaspace: 29949K(30400K)->29949K(30400K) NonClass: 24541K(24768K)->24541K(24768K) Class: 5408K(5632K)->5408K(5632K)
[7627.540s][info][gc             ] GC(1471) Pause Young (Prepare Mixed) (G1 Evacuation Pause) 6852M->2619M(8192M) 150.154ms
[7627.540s][info][gc,cpu         ] GC(1471) User=1.19s Sys=0.00s Real=0.15s
...[7630.425s][info][gc,start       ] GC(1472) Pause Young (Mixed) (G1 Evacuation Pause)
[7630.425s][info][gc,task        ] GC(1472) Using 8 workers of 8 for evacuation
[7630.584s][info][gc,phases      ] GC(1472)   Pre Evacuate Collection Set: 0.25ms
[7630.584s][info][gc,phases      ] GC(1472)   Merge Heap Roots: 0.76ms
[7630.584s][info][gc,phases      ] GC(1472)   Evacuate Collection Set: 156.11ms
[7630.584s][info][gc,phases      ] GC(1472)   Post Evacuate Collection Set: 1.23ms
[7630.584s][info][gc,phases      ] GC(1472)   Other: 0.08ms
[7630.584s][info][gc,heap        ] GC(1472) Eden regions: 571->0(571)
[7630.584s][info][gc,heap        ] GC(1472) Survivor regions: 43->43(77)
[7630.584s][info][gc,heap        ] GC(1472) Old regions: 254->159
[7630.584s][info][gc,heap        ] GC(1472) Humongous regions: 33->33
[7630.584s][info][gc,metaspace   ] GC(1472) Metaspace: 29949K(30400K)->29949K(30400K) NonClass: 24541K(24768K)->24541K(24768K) Class: 5408K(5632K)->5408K(5632K)
[7630.584s][info][gc             ] GC(1472) Pause Young (Mixed) (G1 Evacuation Pause) 7187M->1860M(8192M) 158.568ms
[7630.584s][info][gc,cpu         ] GC(1472) User=1.26s Sys=0.00s Real=0.15s
...[7633.337s][info][gc,start       ] GC(1473) Pause Young (Mixed) (G1 Evacuation Pause)
[7633.337s][info][gc,task        ] GC(1473) Using 8 workers of 8 for evacuation
[7633.502s][info][gc,phases      ] GC(1473)   Pre Evacuate Collection Set: 0.21ms
[7633.502s][info][gc,phases      ] GC(1473)   Merge Heap Roots: 0.74ms
[7633.502s][info][gc,phases      ] GC(1473)   Evacuate Collection Set: 162.92ms
[7633.502s][info][gc,phases      ] GC(1473)   Post Evacuate Collection Set: 1.02ms
[7633.502s][info][gc,phases      ] GC(1473)   Other: 0.07ms
[7633.502s][info][gc,heap        ] GC(1473) Eden regions: 571->0(569)
[7633.502s][info][gc,heap        ] GC(1473) Survivor regions: 43->45(77)
[7633.502s][info][gc,heap        ] GC(1473) Old regions: 159->144
[7633.502s][info][gc,heap        ] GC(1473) Humongous regions: 33->33
[7633.502s][info][gc,metaspace   ] GC(1473) Metaspace: 29949K(30400K)->29949K(30400K) NonClass: 24541K(24768K)->24541K(24768K) Class: 5408K(5632K)->5408K(5632K)
[7633.502s][info][gc             ] GC(1473) Pause Young (Mixed) (G1 Evacuation Pause) 6428M->1759M(8192M) 165.093ms
[7633.502s][info][gc,cpu         ] GC(1473) User=1.31s Sys=0.00s Real=0.16s
...[7636.376s][info][gc,start       ] GC(1474) Pause Young (Normal) (G1 Evacuation Pause)
[7636.377s][info][gc,task        ] GC(1474) Using 8 workers of 8 for evacuation
[7636.535s][info][gc,phases      ] GC(1474)   Pre Evacuate Collection Set: 0.22ms
[7636.535s][info][gc,phases      ] GC(1474)   Merge Heap Roots: 0.50ms
[7636.535s][info][gc,phases      ] GC(1474)   Evacuate Collection Set: 156.56ms
[7636.535s][info][gc,phases      ] GC(1474)   Post Evacuate Collection Set: 0.98ms
[7636.535s][info][gc,phases      ] GC(1474)   Other: 0.06ms
[7636.535s][info][gc,heap        ] GC(1474) Eden regions: 569->0(569)
[7636.535s][info][gc,heap        ] GC(1474) Survivor regions: 45->45(77)
[7636.535s][info][gc,heap        ] GC(1474) Old regions: 144->151
[7636.535s][info][gc,heap        ] GC(1474) Humongous regions: 33->33
[7636.535s][info][gc,metaspace   ] GC(1474) Metaspace: 29949K(30400K)->29949K(30400K) NonClass: 24541K(24768K)->24541K(24768K) Class: 5408K(5632K)->5408K(5632K)
[7636.535s][info][gc             ] GC(1474) Pause Young (Normal) (G1 Evacuation Pause) 6311M->1818M(8192M) 158.458ms
[7636.535s][info][gc,cpu         ] GC(1474) User=1.26s Sys=0.00s Real=0.16s
...[7639.382s][info][gc,start       ] GC(1475) Pause Young (Normal) (G1 Evacuation Pause)
[7639.382s][info][gc,task        ] GC(1475) Using 8 workers of 8 for evacuation
[7639.537s][info][gc,phases      ] GC(1475)   Pre Evacuate Collection Set: 0.22ms
[7639.537s][info][gc,phases      ] GC(1475)   Merge Heap Roots: 0.49ms
[7639.537s][info][gc,phases      ] GC(1475)   Evacuate Collection Set: 153.13ms
[7639.537s][info][gc,phases      ] GC(1475)   Post Evacuate Collection Set: 1.02ms
[7639.537s][info][gc,phases      ] GC(1475)   Other: 0.06ms
[7639.537s][info][gc,heap        ] GC(1475) Eden regions: 569->0(570)
[7639.537s][info][gc,heap        ] GC(1475) Survivor regions: 45->44(77)
[7639.537s][info][gc,heap        ] GC(1475) Old regions: 151->159
[7639.537s][info][gc,heap        ] GC(1475) Humongous regions: 33->33
[7639.537s][info][gc,metaspace   ] GC(1475) Metaspace: 29949K(30400K)->29949K(30400K) NonClass: 24541K(24768K)->24541K(24768K) Class: 5408K(5632K)->5408K(5632K)
[7639.537s][info][gc             ] GC(1475) Pause Young (Normal) (G1 Evacuation Pause) 6370M->1870M(8192M) 155.045ms
[7639.537s][info][gc,cpu         ] GC(1475) User=1.23s Sys=0.00s Real=0.16s
...[7642.390s][info][gc,start       ] GC(1476) Pause Young (Normal) (G1 Evacuation Pause)
[7642.390s][info][gc,task        ] GC(1476) Using 8 workers of 8 for evacuation
[7642.538s][info][gc,phases      ] GC(1476)   Pre Evacuate Collection Set: 0.22ms
[7642.538s][info][gc,phases      ] GC(1476)   Merge Heap Roots: 0.51ms
[7642.538s][info][gc,phases      ] GC(1476)   Evacuate Collection Set: 146.43ms
[7642.538s][info][gc,phases      ] GC(1476)   Post Evacuate Collection Set: 0.98ms
[7642.538s][info][gc,phases      ] GC(1476)   Other: 0.07ms
[7642.538s][info][gc,heap        ] GC(1476) Eden regions: 570->0(571)
[7642.538s][info][gc,heap        ] GC(1476) Survivor regions: 44->43(77)
[7642.538s][info][gc,heap        ] GC(1476) Old regions: 159->166
[7642.538s][info][gc,heap        ] GC(1476) Humongous regions: 33->33
[7642.538s][info][gc,metaspace   ] GC(1476) Metaspace: 29949K(30400K)->29949K(30400K) NonClass: 24541K(24768K)->24541K(24768K) Class: 5408K(5632K)->5408K(5632K)
[7642.538s][info][gc             ] GC(1476) Pause Young (Normal) (G1 Evacuation Pause) 6430M->1915M(8192M) 148.329ms
[7642.538s][info][gc,cpu         ] GC(1476) User=1.18s Sys=0.00s Real=0.15s
...[7645.328s][info][gc,start       ] GC(1477) Pause Young (Normal) (G1 Evacuation Pause)
[7645.328s][info][gc,task        ] GC(1477) Using 8 workers of 8 for evacuation
[7645.492s][info][gc,phases      ] GC(1477)   Pre Evacuate Collection Set: 0.20ms
[7645.492s][info][gc,phases      ] GC(1477)   Merge Heap Roots: 0.48ms
[7645.492s][info][gc,phases      ] GC(1477)   Evacuate Collection Set: 162.38ms
[7645.492s][info][gc,phases      ] GC(1477)   Post Evacuate Collection Set: 1.00ms
[7645.492s][info][gc,phases      ] GC(1477)   Other: 0.06ms
[7645.492s][info][gc,heap        ] GC(1477) Eden regions: 571->0(566)
[7645.492s][info][gc,heap        ] GC(1477) Survivor regions: 43->48(77)
[7645.492s][info][gc,heap        ] GC(1477) Old regions: 166->173
[7645.492s][info][gc,heap        ] GC(1477) Humongous regions: 33->33
[7645.492s][info][gc,metaspace   ] GC(1477) Metaspace: 29949K(30400K)->29949K(30400K) NonClass: 24541K(24768K)->24541K(24768K) Class: 5408K(5632K)->5408K(5632K)
[7645.492s][info][gc             ] GC(1477) Pause Young (Normal) (G1 Evacuation Pause) 6483M->2012M(8192M) 164.278ms
[7645.492s][info][gc,cpu         ] GC(1477) User=1.30s Sys=0.00s Real=0.16s
...[7648.312s][info][gc,start       ] GC(1478) Pause Young (Normal) (G1 Evacuation Pause)
[7648.312s][info][gc,task        ] GC(1478) Using 8 workers of 8 for evacuation
[7648.465s][info][gc,phases      ] GC(1478)   Pre Evacuate Collection Set: 0.21ms
[7648.465s][info][gc,phases      ] GC(1478)   Merge Heap Roots: 0.50ms
[7648.465s][info][gc,phases      ] GC(1478)   Evacuate Collection Set: 151.16ms
[7648.465s][info][gc,phases      ] GC(1478)   Post Evacuate Collection Set: 0.99ms
[7648.465s][info][gc,phases      ] GC(1478)   Other: 0.06ms
[7648.465s][info][gc,heap        ] GC(1478) Eden regions: 566->0(569)
[7648.465s][info][gc,heap        ] GC(1478) Survivor regions: 48->45(77)
[7648.465s][info][gc,heap        ] GC(1478) Old regions: 173->180
[7648.465s][info][gc,heap        ] GC(1478) Humongous regions: 33->33
[7648.465s][info][gc,metaspace   ] GC(1478) Metaspace: 29949K(30400K)->29949K(30400K) NonClass: 24541K(24768K)->24541K(24768K) Class: 5408K(5632K)->5408K(5632K)
[7648.466s][info][gc             ] GC(1478) Pause Young (Normal) (G1 Evacuation Pause) 6540M->2045M(8192M) 153.063ms
[7648.466s][info][gc,cpu         ] GC(1478) User=1.21s Sys=0.01s Real=0.16s
...[7651.338s][info][gc,start       ] GC(1479) Pause Young (Normal) (G1 Evacuation Pause)
[7651.338s][info][gc,task        ] GC(1479) Using 8 workers of 8 for evacuation
[7651.488s][info][gc,phases      ] GC(1479)   Pre Evacuate Collection Set: 0.21ms
[7651.488s][info][gc,phases      ] GC(1479)   Merge Heap Roots: 0.50ms
[7651.488s][info][gc,phases      ] GC(1479)   Evacuate Collection Set: 148.55ms
[7651.488s][info][gc,phases      ] GC(1479)   Post Evacuate Collection Set: 0.99ms
[7651.488s][info][gc,phases      ] GC(1479)   Other: 0.06ms
[7651.488s][info][gc,heap        ] GC(1479) Eden regions: 569->0(570)
[7651.488s][info][gc,heap        ] GC(1479) Survivor regions: 45->44(77)
[7651.488s][info][gc,heap        ] GC(1479) Old regions: 180->188
[7651.488s][info][gc,heap        ] GC(1479) Humongous regions: 33->33
[7651.488s][info][gc,metaspace   ] GC(1479) Metaspace: 29949K(30400K)->29949K(30400K) NonClass: 24541K(24768K)->24541K(24768K) Class: 5408K(5632K)->5408K(5632K)
[7651.488s][info][gc             ] GC(1479) Pause Young (Normal) (G1 Evacuation Pause) 6597M->2096M(8192M) 150.443ms
[7651.488s][info][gc,cpu         ] GC(1479) User=1.20s Sys=0.00s Real=0.15s
...[7654.372s][info][gc,start       ] GC(1480) Pause Young (Normal) (G1 Evacuation Pause)
[7654.372s][info][gc,task        ] GC(1480) Using 8 workers of 8 for evacuation
[7654.532s][info][gc,phases      ] GC(1480)   Pre Evacuate Collection Set: 0.22ms
[7654.532s][info][gc,phases      ] GC(1480)   Merge Heap Roots: 0.50ms
[7654.532s][info][gc,phases      ] GC(1480)   Evacuate Collection Set: 158.22ms
[7654.532s][info][gc,phases      ] GC(1480)   Post Evacuate Collection Set: 0.98ms
[7654.532s][info][gc,phases      ] GC(1480)   Other: 0.06ms
[7654.532s][info][gc,heap        ] GC(1480) Eden regions: 570->0(568)
[7654.532s][info][gc,heap        ] GC(1480) Survivor regions: 44->46(77)
[7654.532s][info][gc,heap        ] GC(1480) Old regions: 188->195
[7654.532s][info][gc,heap        ] GC(1480) Humongous regions: 33->33
[7654.532s][info][gc,metaspace   ] GC(1480) Metaspace: 29949K(30400K)->29949K(30400K) NonClass: 24541K(24768K)->24541K(24768K) Class: 5408K(5632K)->5408K(5632K)
[7654.532s][info][gc             ] GC(1480) Pause Young (Normal) (G1 Evacuation Pause) 6656M->2171M(8192M) 160.121ms
[7654.532s][info][gc,cpu         ] GC(1480) User=1.27s Sys=0.00s Real=0.16s
...[7657.308s][info][gc,start       ] GC(1481) Pause Young (Normal) (G1 Evacuation Pause)
[7657.308s][info][gc,task        ] GC(1481) Using 8 workers of 8 for evacuation
[7657.460s][info][gc,phases      ] GC(1481)   Pre Evacuate Collection Set: 0.20ms
[7657.460s][info][gc,phases      ] GC(1481)   Merge Heap Roots: 0.50ms
[7657.460s][info][gc,phases      ] GC(1481)   Evacuate Collection Set: 149.88ms
[7657.460s][info][gc,phases      ] GC(1481)   Post Evacuate Collection Set: 0.99ms
[7657.460s][info][gc,phases      ] GC(1481)   Other: 0.06ms
[7657.460s][info][gc,heap        ] GC(1481) Eden regions: 568->0(570)
[7657.460s][info][gc,heap        ] GC(1481) Survivor regions: 46->44(77)
[7657.460s][info][gc,heap        ] GC(1481) Old regions: 195->202
[7657.460s][info][gc,heap        ] GC(1481) Humongous regions: 33->33
[7657.460s][info][gc,metaspace   ] GC(1481) Metaspace: 29949K(30400K)->29949K(30400K) NonClass: 24541K(24768K)->24541K(24768K) Class: 5408K(5632K)->5408K(5632K)
[7657.460s][info][gc             ] GC(1481) Pause Young (Normal) (G1 Evacuation Pause) 6715M->2211M(8192M) 151.758ms
[7657.460s][info][gc,cpu         ] GC(1481) User=1.20s Sys=0.00s Real=0.15s
...[7660.470s][info][gc,start       ] GC(1482) Pause Young (Normal) (G1 Evacuation Pause)
[7660.470s][info][gc,task        ] GC(1482) Using 8 workers of 8 for evacuation
[7660.620s][info][gc,phases      ] GC(1482)   Pre Evacuate Collection Set: 0.22ms
[7660.620s][info][gc,phases      ] GC(1482)   Merge Heap Roots: 0.50ms
[7660.620s][info][gc,phases      ] GC(1482)   Evacuate Collection Set: 147.49ms
[7660.620s][info][gc,phases      ] GC(1482)   Post Evacuate Collection Set: 1.00ms
[7660.620s][info][gc,phases      ] GC(1482)   Other: 0.07ms
[7660.620s][info][gc,heap        ] GC(1482) Eden regions: 570->0(571)
[7660.620s][info][gc,heap        ] GC(1482) Survivor regions: 44->43(77)
[7660.620s][info][gc,heap        ] GC(1482) Old regions: 202->209
[7660.620s][info][gc,heap        ] GC(1482) Humongous regions: 33->33
[7660.620s][info][gc,metaspace   ] GC(1482) Metaspace: 29949K(30400K)->29949K(30400K) NonClass: 24541K(24768K)->24541K(24768K) Class: 5408K(5632K)->5408K(5632K)
[7660.620s][info][gc             ] GC(1482) Pause Young (Normal) (G1 Evacuation Pause) 6771M->2259M(8192M) 149.413ms
[7660.620s][info][gc,cpu         ] GC(1482) User=1.19s Sys=0.00s Real=0.15s
...[7663.459s][info][gc,start       ] GC(1483) Pause Young (Normal) (G1 Evacuation Pause)
[7663.459s][info][gc,task        ] GC(1483) Using 8 workers of 8 for evacuation
[7663.622s][info][gc,phases      ] GC(1483)   Pre Evacuate Collection Set: 0.22ms
[7663.623s][info][gc,phases      ] GC(1483)   Merge Heap Roots: 0.48ms
[7663.623s][info][gc,phases      ] GC(1483)   Evacuate Collection Set: 161.40ms
[7663.623s][info][gc,phases      ] GC(1483)   Post Evacuate Collection Set: 0.99ms
[7663.623s][info][gc,phases      ] GC(1483)   Other: 0.06ms
[7663.623s][info][gc,heap        ] GC(1483) Eden regions: 571->0(568)
[7663.623s][info][gc,heap        ] GC(1483) Survivor regions: 43->46(77)
[7663.623s][info][gc,heap        ] GC(1483) Old regions: 209->216
[7663.623s][info][gc,heap        ] GC(1483) Humongous regions: 33->33
[7663.623s][info][gc,metaspace   ] GC(1483) Metaspace: 29949K(30400K)->29949K(30400K) NonClass: 24541K(24768K)->24541K(24768K) Class: 5408K(5632K)->5408K(5632K)
[7663.623s][info][gc             ] GC(1483) Pause Young (Normal) (G1 Evacuation Pause) 6827M->2347M(8192M) 164.036ms
[7663.623s][info][gc,cpu         ] GC(1483) User=1.29s Sys=0.00s Real=0.16s
...[7666.350s][info][gc,start       ] GC(1484) Pause Young (Normal) (G1 Evacuation Pause)
[7666.350s][info][gc,task        ] GC(1484) Using 8 workers of 8 for evacuation
[7666.504s][info][gc,phases      ] GC(1484)   Pre Evacuate Collection Set: 0.20ms
[7666.504s][info][gc,phases      ] GC(1484)   Merge Heap Roots: 0.51ms
[7666.504s][info][gc,phases      ] GC(1484)   Evacuate Collection Set: 152.87ms
[7666.504s][info][gc,phases      ] GC(1484)   Post Evacuate Collection Set: 1.01ms
[7666.504s][info][gc,phases      ] GC(1484)   Other: 0.06ms
[7666.504s][info][gc,heap        ] GC(1484) Eden regions: 568->0(570)
[7666.504s][info][gc,heap        ] GC(1484) Survivor regions: 46->44(77)
[7666.504s][info][gc,heap        ] GC(1484) Old regions: 216->223
[7666.504s][info][gc,heap        ] GC(1484) Humongous regions: 33->33
[7666.504s][info][gc,metaspace   ] GC(1484) Metaspace: 29949K(30400K)->29949K(30400K) NonClass: 24541K(24768K)->24541K(24768K) Class: 5408K(5632K)->5408K(5632K)
[7666.504s][info][gc             ] GC(1484) Pause Young (Normal) (G1 Evacuation Pause) 6891M->2384M(8192M) 154.786ms
[7666.504s][info][gc,cpu         ] GC(1484) User=1.22s Sys=0.00s Real=0.15s
...[7669.481s][info][gc,start       ] GC(1485) Pause Young (Normal) (G1 Evacuation Pause)
[7669.482s][info][gc,task        ] GC(1485) Using 8 workers of 8 for evacuation
[7669.632s][info][gc,phases      ] GC(1485)   Pre Evacuate Collection Set: 0.23ms
[7669.632s][info][gc,phases      ] GC(1485)   Merge Heap Roots: 0.52ms
[7669.632s][info][gc,phases      ] GC(1485)   Evacuate Collection Set: 148.75ms
[7669.632s][info][gc,phases      ] GC(1485)   Post Evacuate Collection Set: 0.99ms
[7669.632s][info][gc,phases      ] GC(1485)   Other: 0.06ms
[7669.632s][info][gc,heap        ] GC(1485) Eden regions: 570->0(570)
[7669.632s][info][gc,heap        ] GC(1485) Survivor regions: 44->44(77)
[7669.632s][info][gc,heap        ] GC(1485) Old regions: 223->230
[7669.632s][info][gc,heap        ] GC(1485) Humongous regions: 33->33
[7669.632s][info][gc,metaspace   ] GC(1485) Metaspace: 29949K(30400K)->29949K(30400K) NonClass: 24541K(24768K)->24541K(24768K) Class: 5408K(5632K)->5408K(5632K)
[7669.632s][info][gc             ] GC(1485) Pause Young (Normal) (G1 Evacuation Pause) 6944M->2438M(8192M) 150.681ms
[7669.632s][info][gc,cpu         ] GC(1485) User=1.19s Sys=0.00s Real=0.15s
...[7672.553s][info][gc,start       ] GC(1486) Pause Young (Normal) (G1 Evacuation Pause)
[7672.553s][info][gc,task        ] GC(1486) Using 8 workers of 8 for evacuation
[7672.704s][info][gc,phases      ] GC(1486)   Pre Evacuate Collection Set: 0.21ms
[7672.705s][info][gc,phases      ] GC(1486)   Merge Heap Roots: 0.53ms
[7672.705s][info][gc,phases      ] GC(1486)   Evacuate Collection Set: 149.72ms
[7672.705s][info][gc,phases      ] GC(1486)   Post Evacuate Collection Set: 0.99ms
[7672.705s][info][gc,phases      ] GC(1486)   Other: 0.06ms
[7672.705s][info][gc,heap        ] GC(1486) Eden regions: 570->0(571)
[7672.705s][info][gc,heap        ] GC(1486) Survivor regions: 44->43(77)
[7672.705s][info][gc,heap        ] GC(1486) Old regions: 230->238
[7672.705s][info][gc,heap        ] GC(1486) Humongous regions: 33->33
[7672.705s][info][gc,metaspace   ] GC(1486) Metaspace: 29949K(30400K)->29949K(30400K) NonClass: 24541K(24768K)->24541K(24768K) Class: 5408K(5632K)->5408K(5632K)
[7672.705s][info][gc             ] GC(1486) Pause Young (Normal) (G1 Evacuation Pause) 6998M->2495M(8192M) 151.641ms
[7672.705s][info][gc,cpu         ] GC(1486) User=1.20s Sys=0.01s Real=0.16s
...[7675.653s][info][gc,start       ] GC(1487) Pause Young (Normal) (G1 Evacuation Pause)
[7675.653s][info][gc,task        ] GC(1487) Using 8 workers of 8 for evacuation
[7675.807s][info][gc,phases      ] GC(1487)   Pre Evacuate Collection Set: 0.20ms
[7675.807s][info][gc,phases      ] GC(1487)   Merge Heap Roots: 0.52ms
[7675.807s][info][gc,phases      ] GC(1487)   Evacuate Collection Set: 152.04ms
[7675.807s][info][gc,phases      ] GC(1487)   Post Evacuate Collection Set: 1.00ms
[7675.807s][info][gc,phases      ] GC(1487)   Other: 0.06ms
[7675.807s][info][gc,heap        ] GC(1487) Eden regions: 571->0(571)
[7675.807s][info][gc,heap        ] GC(1487) Survivor regions: 43->43(77)
[7675.807s][info][gc,heap        ] GC(1487) Old regions: 238->245
[7675.807s][info][gc,heap        ] GC(1487) Humongous regions: 33->33
[7675.807s][info][gc,metaspace   ] GC(1487) Metaspace: 29949K(30400K)->29949K(30400K) NonClass: 24541K(24768K)->24541K(24768K) Class: 5408K(5632K)->5408K(5632K)
[7675.807s][info][gc             ] GC(1487) Pause Young (Normal) (G1 Evacuation Pause) 7063M->2554M(8192M) 153.958ms
[7675.807s][info][gc,cpu         ] GC(1487) User=1.22s Sys=0.00s Real=0.16s
...[7678.647s][info][gc,start       ] GC(1488) Pause Young (Normal) (G1 Evacuation Pause)
[7678.647s][info][gc,task        ] GC(1488) Using 8 workers of 8 for evacuation
[7678.807s][info][gc,phases      ] GC(1488)   Pre Evacuate Collection Set: 0.21ms
[7678.808s][info][gc,phases      ] GC(1488)   Merge Heap Roots: 0.52ms
[7678.808s][info][gc,phases      ] GC(1488)   Evacuate Collection Set: 158.65ms
[7678.808s][info][gc,phases      ] GC(1488)   Post Evacuate Collection Set: 0.99ms
[7678.808s][info][gc,phases      ] GC(1488)   Other: 0.06ms
[7678.808s][info][gc,heap        ] GC(1488) Eden regions: 571->0(568)
[7678.808s][info][gc,heap        ] GC(1488) Survivor regions: 43->46(77)
[7678.808s][info][gc,heap        ] GC(1488) Old regions: 245->253
[7678.808s][info][gc,heap        ] GC(1488) Humongous regions: 33->33
[7678.808s][info][gc,metaspace   ] GC(1488) Metaspace: 29949K(30400K)->29949K(30400K) NonClass: 24541K(24768K)->24541K(24768K) Class: 5408K(5632K)->5408K(5632K)
[7678.808s][info][gc             ] GC(1488) Pause Young (Normal) (G1 Evacuation Pause) 7122M->2640M(8192M) 161.311ms
[7678.808s][info][gc,cpu         ] GC(1488) User=1.28s Sys=0.00s Real=0.16s
...[7681.623s][info][gc,start       ] GC(1489) Pause Young (Normal) (G1 Evacuation Pause)
[7681.623s][info][gc,task        ] GC(1489) Using 8 workers of 8 for evacuation
[7681.778s][info][gc,phases      ] GC(1489)   Pre Evacuate Collection Set: 0.22ms
[7681.778s][info][gc,phases      ] GC(1489)   Merge Heap Roots: 0.53ms
[7681.778s][info][gc,phases      ] GC(1489)   Evacuate Collection Set: 153.91ms
[7681.778s][info][gc,phases      ] GC(1489)   Post Evacuate Collection Set: 0.98ms
[7681.778s][info][gc,phases      ] GC(1489)   Other: 0.06ms
[7681.778s][info][gc,heap        ] GC(1489) Eden regions: 568->0(569)
[7681.778s][info][gc,heap        ] GC(1489) Survivor regions: 46->45(77)
[7681.778s][info][gc,heap        ] GC(1489) Old regions: 253->260
[7681.778s][info][gc,heap        ] GC(1489) Humongous regions: 33->33
[7681.778s][info][gc,metaspace   ] GC(1489) Metaspace: 29949K(30400K)->29949K(30400K) NonClass: 24541K(24768K)->24541K(24768K) Class: 5408K(5632K)->5408K(5632K)
[7681.778s][info][gc             ] GC(1489) Pause Young (Normal) (G1 Evacuation Pause) 7184M->2687M(8192M) 155.848ms
[7681.779s][info][gc,cpu         ] GC(1489) User=1.23s Sys=0.00s Real=0.16s
. (rIR:aIR:PR = 13073:13097:12593) (tPR = 188327) [PR is under limit] 
  7681s: Performance info:
         Transaction,    Success,    Partial,     Failed,   Receipts, AvgBarcode, 
             Overall,    1137637,          0,          0,    1081567,      59.47, 
         Response times:
             Request,    Success,    Partial,     Failed,   SkipFail,     Probes,    Samples,      min,      p50,      p90,      p95,      p99,      max, 
       TotalPurchase,    1124829,          0,          0,          0,     106529,     616947,    45000,   820000,  2100000,  4300000, 13000000, 57000000,
     InStorePurchase,     591811,          0,          0,          0,      54537,     324624,    56000,   820000,  2100000,  4300000, 11000000, 57000000,
      OnlinePurchase,     416920,          0,          0,          0,      38506,     227086,    58000,   820000,  1900000,  4800000, 16000000, 57000000,
        InstPurchase,     116098,          0,          0,          0,      13486,      65237,    45000,   860000,  2100000,  3300000, 15000000, 55000000,
          AssocOfCat,       1184,          0,          0,          0,        401,       1305,   126000,   840000,  1900000,  2400000,  5688000, 57000000,
      AssocOfProduct,      11903,          0,          0,          0,       2060,       7181,    48000,   750000,  1800000,  2000000,  2500000, 57000000,
      BusinessReport,       2966,          0,          0,          0,        931,       3231,   121000,   820000,  1900000,  2700000,  6500000, 57000000,
          CustBuyBeh,      11784,          0,          0,          0,       2042,       7189,    46000,   770000,  1800000,  2300000,  6000000, 57000000,
       ProductReturn,      30532,          0,          0,          0,       5169,      16707,    49000,   800000,  2800000,  6000000,  8900000, 57000000,

  7681s: 
  7681s: Failing in a row, point 3 of 3
  7681s: (93%)   IR =  13215 ..[7684.630s][info][gc,start       ] GC(1490) Pause Young (Normal) (G1 Evacuation Pause)
[7684.630s][info][gc,task        ] GC(1490) Using 8 workers of 8 for evacuation
[7684.785s][info][gc,phases      ] GC(1490)   Pre Evacuate Collection Set: 0.21ms
[7684.785s][info][gc,phases      ] GC(1490)   Merge Heap Roots: 0.52ms
[7684.785s][info][gc,phases      ] GC(1490)   Evacuate Collection Set: 153.78ms
[7684.785s][info][gc,phases      ] GC(1490)   Post Evacuate Collection Set: 0.99ms
[7684.785s][info][gc,phases      ] GC(1490)   Other: 0.08ms
[7684.785s][info][gc,heap        ] GC(1490) Eden regions: 569->0(569)
[7684.785s][info][gc,heap        ] GC(1490) Survivor regions: 45->45(77)
[7684.785s][info][gc,heap        ] GC(1490) Old regions: 260->267
[7684.785s][info][gc,heap        ] GC(1490) Humongous regions: 33->33
[7684.785s][info][gc,metaspace   ] GC(1490) Metaspace: 29949K(30400K)->29949K(30400K) NonClass: 24541K(24768K)->24541K(24768K) Class: 5408K(5632K)->5408K(5632K)
[7684.785s][info][gc             ] GC(1490) Pause Young (Normal) (G1 Evacuation Pause) 7239M->2740M(8192M) 155.717ms
[7684.786s][info][gc,cpu         ] GC(1490) User=1.23s Sys=0.00s Real=0.16s
...[7687.712s][info][gc,start       ] GC(1491) Pause Young (Normal) (G1 Evacuation Pause)
[7687.712s][info][gc,task        ] GC(1491) Using 8 workers of 8 for evacuation
[7687.867s][info][gc,phases      ] GC(1491)   Pre Evacuate Collection Set: 0.21ms
[7687.867s][info][gc,phases      ] GC(1491)   Merge Heap Roots: 0.52ms
[7687.867s][info][gc,phases      ] GC(1491)   Evacuate Collection Set: 153.29ms
[7687.867s][info][gc,phases      ] GC(1491)   Post Evacuate Collection Set: 1.03ms
[7687.867s][info][gc,phases      ] GC(1491)   Other: 0.07ms
[7687.867s][info][gc,heap        ] GC(1491) Eden regions: 569->0(570)
[7687.867s][info][gc,heap        ] GC(1491) Survivor regions: 45->44(77)
[7687.867s][info][gc,heap        ] GC(1491) Old regions: 267->274
[7687.867s][info][gc,heap        ] GC(1491) Humongous regions: 33->33
[7687.867s][info][gc,metaspace   ] GC(1491) Metaspace: 29949K(30400K)->29949K(30400K) NonClass: 24541K(24768K)->24541K(24768K) Class: 5408K(5632K)->5408K(5632K)
[7687.867s][info][gc             ] GC(1491) Pause Young (Normal) (G1 Evacuation Pause) 7292M->2793M(8192M) 155.240ms
[7687.867s][info][gc,cpu         ] GC(1491) User=1.23s Sys=0.00s Real=0.16s
...[7690.788s][info][gc,start       ] GC(1492) Pause Young (Normal) (G1 Evacuation Pause)
[7690.789s][info][gc,task        ] GC(1492) Using 8 workers of 8 for evacuation
[7690.941s][info][gc,phases      ] GC(1492)   Pre Evacuate Collection Set: 0.23ms
[7690.941s][info][gc,phases      ] GC(1492)   Merge Heap Roots: 0.52ms
[7690.941s][info][gc,phases      ] GC(1492)   Evacuate Collection Set: 150.43ms
[7690.941s][info][gc,phases      ] GC(1492)   Post Evacuate Collection Set: 0.99ms
[7690.941s][info][gc,phases      ] GC(1492)   Other: 0.06ms
[7690.941s][info][gc,heap        ] GC(1492) Eden regions: 570->0(571)
[7690.941s][info][gc,heap        ] GC(1492) Survivor regions: 44->43(77)
[7690.941s][info][gc,heap        ] GC(1492) Old regions: 274->282
[7690.941s][info][gc,heap        ] GC(1492) Humongous regions: 33->33
[7690.941s][info][gc,metaspace   ] GC(1492) Metaspace: 29949K(30400K)->29949K(30400K) NonClass: 24541K(24768K)->24541K(24768K) Class: 5408K(5632K)->5408K(5632K)
[7690.941s][info][gc             ] GC(1492) Pause Young (Normal) (G1 Evacuation Pause) 7353M->2844M(8192M) 152.351ms
[7690.941s][info][gc,cpu         ] GC(1492) User=1.21s Sys=0.00s Real=0.15s
...[7693.960s][info][gc,start       ] GC(1493) Pause Young (Normal) (G1 Evacuation Pause)
[7693.960s][info][gc,task        ] GC(1493) Using 8 workers of 8 for evacuation
[7694.110s][info][gc,phases      ] GC(1493)   Pre Evacuate Collection Set: 0.22ms
[7694.110s][info][gc,phases      ] GC(1493)   Merge Heap Roots: 0.47ms
[7694.110s][info][gc,phases      ] GC(1493)   Evacuate Collection Set: 148.16ms
[7694.110s][info][gc,phases      ] GC(1493)   Post Evacuate Collection Set: 1.02ms
[7694.110s][info][gc,phases      ] GC(1493)   Other: 0.07ms
[7694.110s][info][gc,heap        ] GC(1493) Eden regions: 571->0(564)
[7694.110s][info][gc,heap        ] GC(1493) Survivor regions: 43->43(77)
[7694.110s][info][gc,heap        ] GC(1493) Old regions: 282->289
[7694.110s][info][gc,heap        ] GC(1493) Humongous regions: 33->33
[7694.110s][info][gc,metaspace   ] GC(1493) Metaspace: 29949K(30400K)->29949K(30400K) NonClass: 24541K(24768K)->24541K(24768K) Class: 5408K(5632K)->5408K(5632K)
[7694.110s][info][gc             ] GC(1493) Pause Young (Normal) (G1 Evacuation Pause) 7412M->2904M(8192M) 150.090ms
[7694.110s][info][gc,cpu         ] GC(1493) User=1.18s Sys=0.00s Real=0.15s
...[7696.915s][info][gc,start       ] GC(1494) Pause Young (Normal) (G1 Evacuation Pause)
[7696.915s][info][gc,task        ] GC(1494) Using 8 workers of 8 for evacuation
[7697.076s][info][gc,phases      ] GC(1494)   Pre Evacuate Collection Set: 0.22ms
[7697.076s][info][gc,phases      ] GC(1494)   Merge Heap Roots: 0.53ms
[7697.076s][info][gc,phases      ] GC(1494)   Evacuate Collection Set: 158.29ms
[7697.076s][info][gc,phases      ] GC(1494)   Post Evacuate Collection Set: 1.03ms
[7697.076s][info][gc,phases      ] GC(1494)   Other: 0.06ms
[7697.076s][info][gc,heap        ] GC(1494) Eden regions: 564->0(552)
[7697.076s][info][gc,heap        ] GC(1494) Survivor regions: 43->45(76)
[7697.076s][info][gc,heap        ] GC(1494) Old regions: 289->297
[7697.076s][info][gc,heap        ] GC(1494) Humongous regions: 33->33
[7697.076s][info][gc,metaspace   ] GC(1494) Metaspace: 29949K(30400K)->29949K(30400K) NonClass: 24541K(24768K)->24541K(24768K) Class: 5408K(5632K)->5408K(5632K)
[7697.076s][info][gc             ] GC(1494) Pause Young (Normal) (G1 Evacuation Pause) 7416M->2980M(8192M) 160.267ms
[7697.076s][info][gc,cpu         ] GC(1494) User=1.27s Sys=0.00s Real=0.16s
...[7699.817s][info][gc,start       ] GC(1495) Pause Young (Normal) (G1 Evacuation Pause)
[7699.817s][info][gc,task        ] GC(1495) Using 8 workers of 8 for evacuation
[7699.979s][info][gc,phases      ] GC(1495)   Pre Evacuate Collection Set: 0.23ms
[7699.979s][info][gc,phases      ] GC(1495)   Merge Heap Roots: 0.50ms
[7699.979s][info][gc,phases      ] GC(1495)   Evacuate Collection Set: 160.24ms
[7699.979s][info][gc,phases      ] GC(1495)   Post Evacuate Collection Set: 0.99ms
[7699.979s][info][gc,phases      ] GC(1495)   Other: 0.06ms
[7699.979s][info][gc,heap        ] GC(1495) Eden regions: 552->0(541)
[7699.979s][info][gc,heap        ] GC(1495) Survivor regions: 45->47(75)
[7699.979s][info][gc,heap        ] GC(1495) Old regions: 297->304
[7699.979s][info][gc,heap        ] GC(1495) Humongous regions: 33->33
[7699.979s][info][gc,metaspace   ] GC(1495) Metaspace: 29949K(30400K)->29949K(30400K) NonClass: 24541K(24768K)->24541K(24768K) Class: 5408K(5632K)->5408K(5632K)
[7699.979s][info][gc             ] GC(1495) Pause Young (Normal) (G1 Evacuation Pause) 7396M->3050M(8192M) 162.149ms
[7699.979s][info][gc,cpu         ] GC(1495) User=1.29s Sys=0.00s Real=0.16s
...[7702.837s][info][gc,start       ] GC(1496) Pause Young (Concurrent Start) (G1 Evacuation Pause)
[7702.837s][info][gc,task        ] GC(1496) Using 8 workers of 8 for evacuation
[7702.991s][info][gc,phases      ] GC(1496)   Pre Evacuate Collection Set: 0.27ms
[7702.991s][info][gc,phases      ] GC(1496)   Merge Heap Roots: 0.53ms
[7702.991s][info][gc,phases      ] GC(1496)   Evacuate Collection Set: 152.53ms
[7702.991s][info][gc,phases      ] GC(1496)   Post Evacuate Collection Set: 0.95ms
[7702.991s][info][gc,phases      ] GC(1496)   Other: 0.07ms
[7702.991s][info][gc,heap        ] GC(1496) Eden regions: 541->0(541)
[7702.991s][info][gc,heap        ] GC(1496) Survivor regions: 47->43(74)
[7702.991s][info][gc,heap        ] GC(1496) Old regions: 304->312
[7702.992s][info][gc,heap        ] GC(1496) Humongous regions: 33->33
[7702.992s][info][gc,metaspace   ] GC(1496) Metaspace: 29949K(30400K)->29949K(30400K) NonClass: 24541K(24768K)->24541K(24768K) Class: 5408K(5632K)->5408K(5632K)
[7702.992s][info][gc             ] GC(1496) Pause Young (Concurrent Start) (G1 Evacuation Pause) 7378M->3088M(8192M) 154.504ms
[7702.992s][info][gc             ] GC(1497) Concurrent Mark Cycle
[7702.992s][info][gc,marking     ] GC(1497) Concurrent Scan Root Regions
[7702.992s][info][gc,cpu         ] GC(1496) User=1.22s Sys=0.00s Real=0.15s
.[7703.301s][info][gc,marking     ] GC(1497) Concurrent Scan Root Regions 309.162ms
[7703.301s][info][gc,marking     ] GC(1497) Concurrent Mark
[7703.301s][info][gc,marking     ] GC(1497) Concurrent Mark From Roots
[7703.301s][info][gc,task        ] GC(1497) Using 2 workers of 2 for marking
.[7704.436s][info][gc,marking     ] GC(1497) Concurrent Mark From Roots 1135.164ms
[7704.436s][info][gc,marking     ] GC(1497) Concurrent Preclean
[7704.436s][info][gc,marking     ] GC(1497) Concurrent Preclean 0.077ms
[7704.436s][info][gc,start       ] GC(1497) Pause Remark
[7704.438s][info][gc             ] GC(1497) Pause Remark 4688M->4128M(8192M) 1.723ms
[7704.438s][info][gc,cpu         ] GC(1497) User=0.01s Sys=0.00s Real=0.00s
[7704.438s][info][gc,marking     ] GC(1497) Concurrent Mark 1137.297ms
[7704.438s][info][gc,marking     ] GC(1497) Concurrent Rebuild Remembered Sets and Scrub Regions
.[7705.236s][info][gc,marking     ] GC(1497) Concurrent Rebuild Remembered Sets and Scrub Regions 797.459ms
[7705.236s][info][gc,start       ] GC(1497) Pause Cleanup
[7705.236s][info][gc             ] GC(1497) Pause Cleanup 5196M->5196M(8192M) 0.270ms
[7705.236s][info][gc,cpu         ] GC(1497) User=0.00s Sys=0.00s Real=0.00s
[7705.236s][info][gc,marking     ] GC(1497) Concurrent Clear Claimed Marks
[7705.236s][info][gc,marking     ] GC(1497) Concurrent Clear Claimed Marks 0.046ms
[7705.236s][info][gc,marking     ] GC(1497) Concurrent Cleanup for Next Mark
[7705.247s][info][gc,marking     ] GC(1497) Concurrent Cleanup for Next Mark 10.615ms
[7705.247s][info][gc             ] GC(1497) Concurrent Mark Cycle 2255.281ms
.[7706.345s][info][gc,start       ] GC(1498) Pause Young (Prepare Mixed) (G1 Evacuation Pause)
[7706.345s][info][gc,task        ] GC(1498) Using 8 workers of 8 for evacuation
[7706.495s][info][gc,phases      ] GC(1498)   Pre Evacuate Collection Set: 0.23ms
[7706.495s][info][gc,phases      ] GC(1498)   Merge Heap Roots: 0.65ms
[7706.495s][info][gc,phases      ] GC(1498)   Evacuate Collection Set: 148.16ms
[7706.495s][info][gc,phases      ] GC(1498)   Post Evacuate Collection Set: 1.05ms
[7706.495s][info][gc,phases      ] GC(1498)   Other: 0.07ms
[7706.495s][info][gc,heap        ] GC(1498) Eden regions: 541->0(573)
[7706.495s][info][gc,heap        ] GC(1498) Survivor regions: 43->41(73)
[7706.495s][info][gc,heap        ] GC(1498) Old regions: 242->250
[7706.495s][info][gc,heap        ] GC(1498) Humongous regions: 33->33
[7706.495s][info][gc,metaspace   ] GC(1498) Metaspace: 29949K(30400K)->29949K(30400K) NonClass: 24541K(24768K)->24541K(24768K) Class: 5408K(5632K)->5408K(5632K)
[7706.495s][info][gc             ] GC(1498) Pause Young (Prepare Mixed) (G1 Evacuation Pause) 6856M->2575M(8192M) 150.292ms
[7706.495s][info][gc,cpu         ] GC(1498) User=1.19s Sys=0.00s Real=0.15s
...[7709.472s][info][gc,start       ] GC(1499) Pause Young (Mixed) (G1 Evacuation Pause)
[7709.473s][info][gc,task        ] GC(1499) Using 8 workers of 8 for evacuation
[7709.628s][info][gc,phases      ] GC(1499)   Pre Evacuate Collection Set: 0.25ms
[7709.628s][info][gc,phases      ] GC(1499)   Merge Heap Roots: 0.81ms
[7709.628s][info][gc,phases      ] GC(1499)   Evacuate Collection Set: 153.21ms
[7709.628s][info][gc,phases      ] GC(1499)   Post Evacuate Collection Set: 1.23ms
[7709.628s][info][gc,phases      ] GC(1499)   Other: 0.08ms
[7709.628s][info][gc,heap        ] GC(1499) Eden regions: 573->0(572)
[7709.628s][info][gc,heap        ] GC(1499) Survivor regions: 41->42(77)
[7709.628s][info][gc,heap        ] GC(1499) Old regions: 250->155
[7709.628s][info][gc,heap        ] GC(1499) Humongous regions: 33->33
[7709.628s][info][gc,metaspace   ] GC(1499) Metaspace: 29949K(30400K)->29949K(30400K) NonClass: 24541K(24768K)->24541K(24768K) Class: 5408K(5632K)->5408K(5632K)
[7709.628s][info][gc             ] GC(1499) Pause Young (Mixed) (G1 Evacuation Pause) 7159M->1823M(8192M) 155.717ms
[7709.628s][info][gc,cpu         ] GC(1499) User=1.23s Sys=0.00s Real=0.16s
... (rIR:aIR:PR = 13215:13247:12012) (tPR = 175941) [PR is under limit] 
  7712s: Performance info:
         Transaction,    Success,    Partial,     Failed,   Receipts, AvgBarcode, 
             Overall,     240965,          0,          0,     227647,      59.47, 
         Response times:
             Request,    Success,    Partial,     Failed,   SkipFail,     Probes,    Samples,      min,      p50,      p90,      p95,      p99,      max, 
       TotalPurchase,     252210,          0,          0,          0,      14353,     180256,    71000,   850000,  1200000,  1400000,  1700000, 28000000,
     InStorePurchase,     131083,          0,          0,          0,       7369,      94743,    72000,   860000,  1300000,  1400000,  1700000, 28000000,
      OnlinePurchase,      94663,          0,          0,          0,       5180,      66433,    71000,   860000,  1200000,  1300000,  1500000, 28000000,
        InstPurchase,      26464,          0,          0,          0,       1804,      19080,    74000,   760000,  1200000,  1500000,  2300000, 17000000,
          AssocOfCat,        263,          0,          0,          0,         85,        357,   228000,   740000,  1200000,  1400000,  1600000,  1700000,
      AssocOfProduct,       2631,          0,          0,          0,        505,       2120,   115000,   730000,  1200000,  1400000,  8395000, 35000000,
      BusinessReport,        675,          0,          0,          0,        284,       1034,   206000,   800000,  1300000,  1500000,  1900000, 35000000,
          CustBuyBeh,       2696,          0,          0,          0,        512,       2090,   129000,   720000,  1200000,  1400000,  1700000, 35000000,
       ProductReturn,       7256,          0,          0,          0,       1396,       4902,    98000,   725000,  1200000,  1600000,  1900000, 35000000,

  7712s: Ending RT curve measurement because max-jOPS reached (too many failed points in a row)
  7712s: max-jOPS is presumably 12647
  7712s: 
  7712s: Settling (term) [7712.258s][info][gc,start       ] GC(1500) Pause Full (System.gc())
[7712.258s][info][gc,task        ] GC(1500) Using 8 workers of 8 for full compaction
[7712.259s][info][gc,phases,start] GC(1500) Phase 1: Mark live objects
[7712.275s][info][gc,phases      ] GC(1500) Phase 1: Mark live objects 16.481ms
[7712.275s][info][gc,phases,start] GC(1500) Phase 2: Prepare compaction
[7712.281s][info][gc,phases      ] GC(1500) Phase 2: Prepare compaction 6.122ms
[7712.281s][info][gc,phases,start] GC(1500) Phase 3: Adjust pointers
[7712.294s][info][gc,phases      ] GC(1500) Phase 3: Adjust pointers 12.332ms
[7712.294s][info][gc,phases,start] GC(1500) Phase 4: Compact heap
[7712.300s][info][gc,phases      ] GC(1500) Phase 4: Compact heap 6.187ms
[7712.300s][info][gc,phases,start] GC(1500) Phase 5: Reset Metadata
[7712.304s][info][gc,phases      ] GC(1500) Phase 5: Reset Metadata 3.978ms
[7712.312s][info][gc,heap        ] GC(1500) Eden regions: 519->0(614)
[7712.312s][info][gc,heap        ] GC(1500) Survivor regions: 42->0(77)
[7712.312s][info][gc,heap        ] GC(1500) Old regions: 155->14
[7712.312s][info][gc,heap        ] GC(1500) Humongous regions: 33->33
[7712.312s][info][gc,metaspace   ] GC(1500) Metaspace: 29952K(30400K)->29952K(30400K) NonClass: 24543K(24768K)->24543K(24768K) Class: 5408K(5632K)->5408K(5632K)
[7712.312s][info][gc             ] GC(1500) Pause Full (System.gc()) 5967M->333M(8192M) 53.416ms
[7712.312s][info][gc,cpu         ] GC(1500) User=0.36s Sys=0.00s Real=0.05s
(init) ... OK
  7717s: 
  7717s: Running for validation
  7717s: (load =  0%) ...|.......... (rIR:aIR:PR = 0:0:0) (tPR = 0) [OK] 
  7730s: (load = 10%) ....|...[7738.511s][info][gc,start       ] GC(1501) Pause Young (Normal) (G1 Evacuation Pause)
[7738.511s][info][gc,task        ] GC(1501) Using 8 workers of 8 for evacuation
[7739.248s][info][gc,mmu         ] GC(1501) MMU target violated: 201.0ms (200.0ms/201.0ms)
[7739.248s][info][gc,phases      ] GC(1501)   Pre Evacuate Collection Set: 0.25ms
[7739.248s][info][gc,phases      ] GC(1501)   Merge Heap Roots: 1.00ms
[7739.248s][info][gc,phases      ] GC(1501)   Evacuate Collection Set: 733.84ms
[7739.248s][info][gc,phases      ] GC(1501)   Post Evacuate Collection Set: 1.28ms
[7739.248s][info][gc,phases      ] GC(1501)   Other: 0.10ms
[7739.248s][info][gc,heap        ] GC(1501) Eden regions: 614->0(238)
[7739.248s][info][gc,heap        ] GC(1501) Survivor regions: 0->77(77)
[7739.248s][info][gc,heap        ] GC(1501) Old regions: 14->88
[7739.248s][info][gc,heap        ] GC(1501) Humongous regions: 86->81
[7739.248s][info][gc,metaspace   ] GC(1501) Metaspace: 29956K(30400K)->29956K(30400K) NonClass: 24548K(24768K)->24548K(24768K) Class: 5408K(5632K)->5408K(5632K)
[7739.248s][info][gc             ] GC(1501) Pause Young (Normal) (G1 Evacuation Pause) 5669M->1921M(8192M) 736.575ms
[7739.248s][info][gc,cpu         ] GC(1501) User=5.85s Sys=0.01s Real=0.74s
....... (rIR:aIR:PR = 1265:1266:1266) (tPR = 18608) [OK] 
  7745s: (load = 20%) ..[7748.083s][info][gc,start       ] GC(1502) Pause Young (Normal) (G1 Evacuation Pause)
[7748.083s][info][gc,task        ] GC(1502) Using 8 workers of 8 for evacuation
[7748.426s][info][gc,mmu         ] GC(1502) MMU target violated: 201.0ms (200.0ms/201.0ms)
[7748.426s][info][gc,phases      ] GC(1502)   Pre Evacuate Collection Set: 0.22ms
[7748.426s][info][gc,phases      ] GC(1502)   Merge Heap Roots: 0.64ms
[7748.426s][info][gc,phases      ] GC(1502)   Evacuate Collection Set: 341.00ms
[7748.426s][info][gc,phases      ] GC(1502)   Post Evacuate Collection Set: 0.77ms
[7748.426s][info][gc,phases      ] GC(1502)   Other: 0.09ms
[7748.426s][info][gc,heap        ] GC(1502) Eden regions: 243->0(198)
[7748.426s][info][gc,heap        ] GC(1502) Survivor regions: 77->17(40)
[7748.426s][info][gc,heap        ] GC(1502) Old regions: 88->167
[7748.426s][info][gc,heap        ] GC(1502) Humongous regions: 81->81
[7748.426s][info][gc,metaspace   ] GC(1502) Metaspace: 29956K(30400K)->29956K(30400K) NonClass: 24548K(24768K)->24548K(24768K) Class: 5408K(5632K)->5408K(5632K)
[7748.426s][info][gc             ] GC(1502) Pause Young (Normal) (G1 Evacuation Pause) 3865M->2069M(8192M) 342.817ms
[7748.426s][info][gc,cpu         ] GC(1502) User=2.72s Sys=0.00s Real=0.35s
....|..[7754.008s][info][gc,start       ] GC(1503) Pause Young (Normal) (G1 Evacuation Pause)
[7754.008s][info][gc,task        ] GC(1503) Using 8 workers of 8 for evacuation
[7754.090s][info][gc,phases      ] GC(1503)   Pre Evacuate Collection Set: 0.19ms
[7754.090s][info][gc,phases      ] GC(1503)   Merge Heap Roots: 0.39ms
[7754.090s][info][gc,phases      ] GC(1503)   Evacuate Collection Set: 81.49ms
[7754.090s][info][gc,phases      ] GC(1503)   Post Evacuate Collection Set: 0.66ms
[7754.090s][info][gc,phases      ] GC(1503)   Other: 0.07ms
[7754.090s][info][gc,heap        ] GC(1503) Eden regions: 218->0(189)
[7754.091s][info][gc,heap        ] GC(1503) Survivor regions: 17->27(30)
[7754.091s][info][gc,heap        ] GC(1503) Old regions: 167->167
[7754.091s][info][gc,heap        ] GC(1503) Humongous regions: 81->81
[7754.091s][info][gc,metaspace   ] GC(1503) Metaspace: 29957K(30400K)->29957K(30400K) NonClass: 24548K(24768K)->24548K(24768K) Class: 5408K(5632K)->5408K(5632K)
[7754.091s][info][gc             ] GC(1503) Pause Young (Normal) (G1 Evacuation Pause) 3813M->2149M(8192M) 82.930ms
[7754.091s][info][gc,cpu         ] GC(1503) User=0.66s Sys=0.00s Real=0.08s
.....[7759.383s][info][gc,start       ] GC(1504) Pause Young (Normal) (G1 Evacuation Pause)
[7759.383s][info][gc,task        ] GC(1504) Using 8 workers of 8 for evacuation
[7759.486s][info][gc,phases      ] GC(1504)   Pre Evacuate Collection Set: 0.25ms
[7759.486s][info][gc,phases      ] GC(1504)   Merge Heap Roots: 0.50ms
[7759.486s][info][gc,phases      ] GC(1504)   Evacuate Collection Set: 101.87ms
[7759.486s][info][gc,phases      ] GC(1504)   Post Evacuate Collection Set: 0.59ms
[7759.486s][info][gc,phases      ] GC(1504)   Other: 0.07ms
[7759.486s][info][gc,heap        ] GC(1504) Eden regions: 203->0(218)
[7759.486s][info][gc,heap        ] GC(1504) Survivor regions: 27->26(29)
[7759.486s][info][gc,heap        ] GC(1504) Old regions: 167->176
[7759.486s][info][gc,heap        ] GC(1504) Humongous regions: 81->81
[7759.486s][info][gc,metaspace   ] GC(1504) Metaspace: 29957K(30400K)->29957K(30400K) NonClass: 24548K(24768K)->24548K(24768K) Class: 5408K(5632K)->5408K(5632K)
[7759.486s][info][gc             ] GC(1504) Pause Young (Normal) (G1 Evacuation Pause) 3773M->2212M(8192M) 103.425ms
[7759.486s][info][gc,cpu         ] GC(1504) User=0.81s Sys=0.00s Real=0.11s
... (rIR:aIR:PR = 2529:2522:2522) (tPR = 37133) [OK] 
  7761s: (load = 30%) ...[7764.571s][info][gc,start       ] GC(1505) Pause Young (Normal) (G1 Evacuation Pause)
[7764.571s][info][gc,task        ] GC(1505) Using 8 workers of 8 for evacuation
[7764.669s][info][gc,phases      ] GC(1505)   Pre Evacuate Collection Set: 0.24ms
[7764.669s][info][gc,phases      ] GC(1505)   Merge Heap Roots: 0.37ms
[7764.669s][info][gc,phases      ] GC(1505)   Evacuate Collection Set: 96.73ms
[7764.669s][info][gc,phases      ] GC(1505)   Post Evacuate Collection Set: 0.59ms
[7764.669s][info][gc,phases      ] GC(1505)   Other: 0.06ms
[7764.669s][info][gc,heap        ] GC(1505) Eden regions: 247->0(302)
[7764.669s][info][gc,heap        ] GC(1505) Survivor regions: 26->26(35)
[7764.669s][info][gc,heap        ] GC(1505) Old regions: 176->184
[7764.669s][info][gc,heap        ] GC(1505) Humongous regions: 81->81
[7764.669s][info][gc,metaspace   ] GC(1505) Metaspace: 29957K(30400K)->29957K(30400K) NonClass: 24548K(24768K)->24548K(24768K) Class: 5408K(5632K)->5408K(5632K)
[7764.669s][info][gc             ] GC(1505) Pause Young (Normal) (G1 Evacuation Pause) 4188M->2281M(8192M) 98.115ms
[7764.669s][info][gc,cpu         ] GC(1505) User=0.78s Sys=0.00s Real=0.10s
.|....[7770.335s][info][gc,start       ] GC(1506) Pause Young (Normal) (G1 Evacuation Pause)
[7770.335s][info][gc,task        ] GC(1506) Using 8 workers of 8 for evacuation
[7770.441s][info][gc,phases      ] GC(1506)   Pre Evacuate Collection Set: 0.22ms
[7770.441s][info][gc,phases      ] GC(1506)   Merge Heap Roots: 0.38ms
[7770.441s][info][gc,phases      ] GC(1506)   Evacuate Collection Set: 104.41ms
[7770.441s][info][gc,phases      ] GC(1506)   Post Evacuate Collection Set: 0.66ms
[7770.441s][info][gc,phases      ] GC(1506)   Other: 0.06ms
[7770.441s][info][gc,heap        ] GC(1506) Eden regions: 323->0(375)
[7770.441s][info][gc,heap        ] GC(1506) Survivor regions: 26->30(44)
[7770.441s][info][gc,heap        ] GC(1506) Old regions: 184->191
[7770.441s][info][gc,heap        ] GC(1506) Humongous regions: 81->81
[7770.441s][info][gc,metaspace   ] GC(1506) Metaspace: 29957K(30400K)->29957K(30400K) NonClass: 24548K(24768K)->24548K(24768K) Class: 5408K(5632K)->5408K(5632K)
[7770.441s][info][gc             ] GC(1506) Pause Young (Normal) (G1 Evacuation Pause) 4865M->2365M(8192M) 105.865ms
[7770.441s][info][gc,cpu         ] GC(1506) User=0.83s Sys=0.00s Real=0.10s
...... (rIR:aIR:PR = 3794:3793:3793) (tPR = 56556) [OK] 
  7775s: (load = 40%) .[7776.868s][info][gc,start       ] GC(1507) Pause Young (Normal) (G1 Evacuation Pause)
[7776.868s][info][gc,task        ] GC(1507) Using 8 workers of 8 for evacuation
[7776.988s][info][gc,phases      ] GC(1507)   Pre Evacuate Collection Set: 0.23ms
[7776.988s][info][gc,phases      ] GC(1507)   Merge Heap Roots: 0.41ms
[7776.988s][info][gc,phases      ] GC(1507)   Evacuate Collection Set: 118.37ms
[7776.988s][info][gc,phases      ] GC(1507)   Post Evacuate Collection Set: 0.73ms
[7776.988s][info][gc,phases      ] GC(1507)   Other: 0.06ms
[7776.988s][info][gc,heap        ] GC(1507) Eden regions: 387->0(399)
[7776.988s][info][gc,heap        ] GC(1507) Survivor regions: 30->34(53)
[7776.988s][info][gc,heap        ] GC(1507) Old regions: 191->198
[7776.988s][info][gc,heap        ] GC(1507) Humongous regions: 81->81
[7776.988s][info][gc,metaspace   ] GC(1507) Metaspace: 29957K(30400K)->29957K(30400K) NonClass: 24548K(24768K)->24548K(24768K) Class: 5408K(5632K)->5408K(5632K)
[7776.988s][info][gc             ] GC(1507) Pause Young (Normal) (G1 Evacuation Pause) 5461M->2454M(8192M) 119.955ms
[7776.988s][info][gc,cpu         ] GC(1507) User=0.95s Sys=0.01s Real=0.12s
...|..[7782.331s][info][gc,start       ] GC(1508) Pause Young (Normal) (G1 Evacuation Pause)
[7782.331s][info][gc,task        ] GC(1508) Using 8 workers of 8 for evacuation
[7782.458s][info][gc,phases      ] GC(1508)   Pre Evacuate Collection Set: 0.24ms
[7782.458s][info][gc,phases      ] GC(1508)   Merge Heap Roots: 0.52ms
[7782.458s][info][gc,phases      ] GC(1508)   Evacuate Collection Set: 125.20ms
[7782.458s][info][gc,phases      ] GC(1508)   Post Evacuate Collection Set: 0.84ms
[7782.458s][info][gc,phases      ] GC(1508)   Other: 0.06ms
[7782.458s][info][gc,heap        ] GC(1508) Eden regions: 407->0(444)
[7782.458s][info][gc,heap        ] GC(1508) Survivor regions: 34->36(56)
[7782.458s][info][gc,heap        ] GC(1508) Old regions: 198->205
[7782.458s][info][gc,heap        ] GC(1508) Humongous regions: 81->81
[7782.458s][info][gc,metaspace   ] GC(1508) Metaspace: 29957K(30400K)->29957K(30400K) NonClass: 24548K(24768K)->24548K(24768K) Class: 5408K(5632K)->5408K(5632K)
[7782.458s][info][gc             ] GC(1508) Pause Young (Normal) (G1 Evacuation Pause) 5710M->2526M(8192M) 126.983ms
[7782.458s][info][gc,cpu         ] GC(1508) User=1.00s Sys=0.00s Real=0.13s
......[7788.421s][info][gc,start       ] GC(1509) Pause Young (Normal) (G1 Evacuation Pause)
[7788.421s][info][gc,task        ] GC(1509) Using 8 workers of 8 for evacuation
[7788.555s][info][gc,phases      ] GC(1509)   Pre Evacuate Collection Set: 0.24ms
[7788.555s][info][gc,phases      ] GC(1509)   Merge Heap Roots: 0.46ms
[7788.555s][info][gc,phases      ] GC(1509)   Evacuate Collection Set: 132.31ms
[7788.555s][info][gc,phases      ] GC(1509)   Post Evacuate Collection Set: 0.84ms
[7788.555s][info][gc,phases      ] GC(1509)   Other: 0.07ms
[7788.555s][info][gc,heap        ] GC(1509) Eden regions: 448->0(502)
[7788.555s][info][gc,heap        ] GC(1509) Survivor regions: 36->37(61)
[7788.555s][info][gc,heap        ] GC(1509) Old regions: 205->212
[7788.555s][info][gc,heap        ] GC(1509) Humongous regions: 81->81
[7788.555s][info][gc,metaspace   ] GC(1509) Metaspace: 29957K(30400K)->29957K(30400K) NonClass: 24548K(24768K)->24548K(24768K) Class: 5408K(5632K)->5408K(5632K)
[7788.555s][info][gc             ] GC(1509) Pause Young (Normal) (G1 Evacuation Pause) 6110M->2596M(8192M) 134.049ms
[7788.555s][info][gc,cpu         ] GC(1509) User=1.06s Sys=0.00s Real=0.14s
.. (rIR:aIR:PR = 5059:5052:5052) (tPR = 77137) [OK] 
  7789s: (load = 50%) ....|[7794.043s][info][gc,start       ] GC(1510) Pause Young (Normal) (G1 Evacuation Pause)
[7794.043s][info][gc,task        ] GC(1510) Using 8 workers of 8 for evacuation
[7794.183s][info][gc,phases      ] GC(1510)   Pre Evacuate Collection Set: 0.22ms
[7794.183s][info][gc,phases      ] GC(1510)   Merge Heap Roots: 0.49ms
[7794.183s][info][gc,phases      ] GC(1510)   Evacuate Collection Set: 138.72ms
[7794.183s][info][gc,phases      ] GC(1510)   Post Evacuate Collection Set: 0.89ms
[7794.183s][info][gc,phases      ] GC(1510)   Other: 0.06ms
[7794.183s][info][gc,heap        ] GC(1510) Eden regions: 502->0(515)
[7794.183s][info][gc,heap        ] GC(1510) Survivor regions: 37->41(68)
[7794.183s][info][gc,heap        ] GC(1510) Old regions: 212->219
[7794.183s][info][gc,heap        ] GC(1510) Humongous regions: 81->81
[7794.183s][info][gc,metaspace   ] GC(1510) Metaspace: 29957K(30400K)->29957K(30400K) NonClass: 24548K(24768K)->24548K(24768K) Class: 5408K(5632K)->5408K(5632K)
[7794.183s][info][gc             ] GC(1510) Pause Young (Normal) (G1 Evacuation Pause) 6612M->2679M(8192M) 140.503ms
[7794.183s][info][gc,cpu         ] GC(1510) User=1.12s Sys=0.00s Real=0.14s
.....[7799.560s][info][gc,start       ] GC(1511) Pause Young (Normal) (G1 Evacuation Pause)
[7799.560s][info][gc,task        ] GC(1511) Using 8 workers of 8 for evacuation
[7799.702s][info][gc,phases      ] GC(1511)   Pre Evacuate Collection Set: 0.24ms
[7799.702s][info][gc,phases      ] GC(1511)   Merge Heap Roots: 0.52ms
[7799.702s][info][gc,phases      ] GC(1511)   Evacuate Collection Set: 140.13ms
[7799.702s][info][gc,phases      ] GC(1511)   Post Evacuate Collection Set: 0.97ms
[7799.702s][info][gc,phases      ] GC(1511)   Other: 0.06ms
[7799.702s][info][gc,heap        ] GC(1511) Eden regions: 515->0(574)
[7799.702s][info][gc,heap        ] GC(1511) Survivor regions: 41->40(70)
[7799.702s][info][gc,heap        ] GC(1511) Old regions: 219->226
[7799.702s][info][gc,heap        ] GC(1511) Humongous regions: 81->81
[7799.702s][info][gc,metaspace   ] GC(1511) Metaspace: 29957K(30400K)->29957K(30400K) NonClass: 24548K(24768K)->24548K(24768K) Class: 5408K(5632K)->5408K(5632K)
[7799.702s][info][gc             ] GC(1511) Pause Young (Normal) (G1 Evacuation Pause) 6799M->2733M(8192M) 142.055ms
[7799.702s][info][gc,cpu         ] GC(1511) User=1.13s Sys=0.00s Real=0.14s
..... (rIR:aIR:PR = 6324:6324:6324) (tPR = 93815) [OK] 
  7803s: (load = 60%) .[7805.472s][info][gc,start       ] GC(1512) Pause Young (Normal) (G1 Evacuation Pause)
[7805.472s][info][gc,task        ] GC(1512) Using 8 workers of 8 for evacuation
[7805.623s][info][gc,phases      ] GC(1512)   Pre Evacuate Collection Set: 0.22ms
[7805.623s][info][gc,phases      ] GC(1512)   Merge Heap Roots: 0.47ms
[7805.623s][info][gc,phases      ] GC(1512)   Evacuate Collection Set: 149.27ms
[7805.623s][info][gc,phases      ] GC(1512)   Post Evacuate Collection Set: 1.07ms
[7805.623s][info][gc,phases      ] GC(1512)   Other: 0.06ms
[7805.623s][info][gc,heap        ] GC(1512) Eden regions: 574->0(515)
[7805.623s][info][gc,heap        ] GC(1512) Survivor regions: 40->49(77)
[7805.623s][info][gc,heap        ] GC(1512) Old regions: 226->226
[7805.623s][info][gc,heap        ] GC(1512) Humongous regions: 81->81
[7805.623s][info][gc,metaspace   ] GC(1512) Metaspace: 29957K(30400K)->29957K(30400K) NonClass: 24548K(24768K)->24548K(24768K) Class: 5408K(5632K)->5408K(5632K)
[7805.623s][info][gc             ] GC(1512) Pause Young (Normal) (G1 Evacuation Pause) 7325M->2801M(8192M) 151.215ms
[7805.623s][info][gc,cpu         ] GC(1512) User=1.20s Sys=0.00s Real=0.15s
...|..[7810.072s][info][gc,start       ] GC(1513) Pause Young (Normal) (G1 Evacuation Pause)
[7810.072s][info][gc,task        ] GC(1513) Using 8 workers of 8 for evacuation
[7810.232s][info][gc,phases      ] GC(1513)   Pre Evacuate Collection Set: 0.25ms
[7810.232s][info][gc,phases      ] GC(1513)   Merge Heap Roots: 0.54ms
[7810.232s][info][gc,phases      ] GC(1513)   Evacuate Collection Set: 157.75ms
[7810.232s][info][gc,phases      ] GC(1513)   Post Evacuate Collection Set: 0.93ms
[7810.232s][info][gc,phases      ] GC(1513)   Other: 0.06ms
[7810.232s][info][gc,heap        ] GC(1513) Eden regions: 509->0(568)
[7810.232s][info][gc,heap        ] GC(1513) Survivor regions: 49->43(70)
[7810.232s][info][gc,heap        ] GC(1513) Old regions: 226->237
[7810.232s][info][gc,heap        ] GC(1513) Humongous regions: 81->81
[7810.232s][info][gc,metaspace   ] GC(1513) Metaspace: 29957K(30400K)->29957K(30400K) NonClass: 24548K(24768K)->24548K(24768K) Class: 5408K(5632K)->5408K(5632K)
[7810.232s][info][gc             ] GC(1513) Pause Young (Normal) (G1 Evacuation Pause) 6873M->2835M(8192M) 159.669ms
[7810.232s][info][gc,cpu         ] GC(1513) User=1.27s Sys=0.00s Real=0.16s
.....[7815.111s][info][gc,start       ] GC(1514) Pause Young (Normal) (G1 Evacuation Pause)
[7815.111s][info][gc,task        ] GC(1514) Using 8 workers of 8 for evacuation
[7815.257s][info][gc,phases      ] GC(1514)   Pre Evacuate Collection Set: 0.25ms
[7815.258s][info][gc,phases      ] GC(1514)   Merge Heap Roots: 0.48ms
[7815.258s][info][gc,phases      ] GC(1514)   Evacuate Collection Set: 144.98ms
[7815.258s][info][gc,phases      ] GC(1514)   Post Evacuate Collection Set: 1.06ms
[7815.258s][info][gc,phases      ] GC(1514)   Other: 0.07ms
[7815.258s][info][gc,heap        ] GC(1514) Eden regions: 568->0(564)
[7815.258s][info][gc,heap        ] GC(1514) Survivor regions: 43->41(77)
[7815.258s][info][gc,heap        ] GC(1514) Old regions: 237->245
[7815.258s][info][gc,heap        ] GC(1514) Humongous regions: 81->81
[7815.258s][info][gc,metaspace   ] GC(1514) Metaspace: 29957K(30400K)->29957K(30400K) NonClass: 24548K(24768K)->24548K(24768K) Class: 5408K(5632K)->5408K(5632K)
[7815.258s][info][gc             ] GC(1514) Pause Young (Normal) (G1 Evacuation Pause) 7379M->2888M(8192M) 147.008ms
[7815.258s][info][gc,cpu         ] GC(1514) User=1.17s Sys=0.01s Real=0.15s
... (rIR:aIR:PR = 7588:7618:7620) (tPR = 113008) [OK] 
  7817s: (load = 70%) ..[7819.902s][info][gc,start       ] GC(1515) Pause Young (Normal) (G1 Evacuation Pause)
[7819.902s][info][gc,task        ] GC(1515) Using 8 workers of 8 for evacuation
[7820.053s][info][gc,phases      ] GC(1515)   Pre Evacuate Collection Set: 0.24ms
[7820.053s][info][gc,phases      ] GC(1515)   Merge Heap Roots: 0.50ms
[7820.053s][info][gc,phases      ] GC(1515)   Evacuate Collection Set: 149.32ms
[7820.053s][info][gc,phases      ] GC(1515)   Post Evacuate Collection Set: 1.07ms
[7820.053s][info][gc,phases      ] GC(1515)   Other: 0.06ms
[7820.053s][info][gc,heap        ] GC(1515) Eden regions: 564->0(554)
[7820.053s][info][gc,heap        ] GC(1515) Survivor regions: 41->43(76)
[7820.053s][info][gc,heap        ] GC(1515) Old regions: 245->251
[7820.053s][info][gc,heap        ] GC(1515) Humongous regions: 81->81
[7820.053s][info][gc,metaspace   ] GC(1515) Metaspace: 29957K(30400K)->29957K(30400K) NonClass: 24548K(24768K)->24548K(24768K) Class: 5408K(5632K)->5408K(5632K)
[7820.053s][info][gc             ] GC(1515) Pause Young (Normal) (G1 Evacuation Pause) 7400M->2953M(8192M) 151.308ms
[7820.053s][info][gc,cpu         ] GC(1515) User=1.20s Sys=0.00s Real=0.15s
...|.[7824.148s][info][gc,start       ] GC(1516) Pause Young (Normal) (G1 Evacuation Pause)
[7824.148s][info][gc,task        ] GC(1516) Using 8 workers of 8 for evacuation
[7824.299s][info][gc,phases      ] GC(1516)   Pre Evacuate Collection Set: 0.22ms
[7824.299s][info][gc,phases      ] GC(1516)   Merge Heap Roots: 0.48ms
[7824.299s][info][gc,phases      ] GC(1516)   Evacuate Collection Set: 149.57ms
[7824.299s][info][gc,phases      ] GC(1516)   Post Evacuate Collection Set: 0.98ms
[7824.299s][info][gc,phases      ] GC(1516)   Other: 0.06ms
[7824.299s][info][gc,heap        ] GC(1516) Eden regions: 554->0(546)
[7824.299s][info][gc,heap        ] GC(1516) Survivor regions: 43->43(75)
[7824.299s][info][gc,heap        ] GC(1516) Old regions: 251->259
[7824.299s][info][gc,heap        ] GC(1516) Humongous regions: 81->81
[7824.299s][info][gc,metaspace   ] GC(1516) Metaspace: 29957K(30400K)->29957K(30400K) NonClass: 24548K(24768K)->24548K(24768K) Class: 5408K(5632K)->5408K(5632K)
[7824.299s][info][gc             ] GC(1516) Pause Young (Normal) (G1 Evacuation Pause) 7385M->3011M(8192M) 151.438ms
[7824.299s][info][gc,cpu         ] GC(1516) User=1.20s Sys=0.00s Real=0.15s
....[7828.346s][info][gc,start       ] GC(1517) Pause Young (Concurrent Start) (G1 Evacuation Pause)
[7828.346s][info][gc,task        ] GC(1517) Using 8 workers of 8 for evacuation
[7828.499s][info][gc,phases      ] GC(1517)   Pre Evacuate Collection Set: 0.27ms
[7828.499s][info][gc,phases      ] GC(1517)   Merge Heap Roots: 0.46ms
[7828.499s][info][gc,phases      ] GC(1517)   Evacuate Collection Set: 151.32ms
[7828.499s][info][gc,phases      ] GC(1517)   Post Evacuate Collection Set: 1.00ms
[7828.499s][info][gc,phases      ] GC(1517)   Other: 0.10ms
[7828.499s][info][gc,heap        ] GC(1517) Eden regions: 546->0(539)
[7828.499s][info][gc,heap        ] GC(1517) Survivor regions: 43->43(74)
[7828.499s][info][gc,heap        ] GC(1517) Old regions: 259->266
[7828.499s][info][gc,heap        ] GC(1517) Humongous regions: 81->81
[7828.499s][info][gc,metaspace   ] GC(1517) Metaspace: 29957K(30400K)->29957K(30400K) NonClass: 24548K(24768K)->24548K(24768K) Class: 5408K(5632K)->5408K(5632K)
[7828.499s][info][gc             ] GC(1517) Pause Young (Concurrent Start) (G1 Evacuation Pause) 7379M->3070M(8192M) 153.306ms
[7828.499s][info][gc             ] GC(1518) Concurrent Mark Cycle
[7828.499s][info][gc,marking     ] GC(1518) Concurrent Scan Root Regions
[7828.499s][info][gc,cpu         ] GC(1517) User=1.22s Sys=0.00s Real=0.15s
.[7828.872s][info][gc,marking     ] GC(1518) Concurrent Scan Root Regions 372.770ms
[7828.872s][info][gc,marking     ] GC(1518) Concurrent Mark
[7828.872s][info][gc,marking     ] GC(1518) Concurrent Mark From Roots
[7828.872s][info][gc,task        ] GC(1518) Using 2 workers of 2 for marking
.[7829.901s][info][gc,marking     ] GC(1518) Concurrent Mark From Roots 1028.567ms
[7829.901s][info][gc,marking     ] GC(1518) Concurrent Preclean
[7829.901s][info][gc,marking     ] GC(1518) Concurrent Preclean 0.143ms
[7829.901s][info][gc,start       ] GC(1518) Pause Remark
