Done; will start GCs... 
[31.632s][info][gc,metaspace] GC(7) Metaspace: 90906K(113984K)->90906K(113984K) NonClass: 36362K(38016K)->36362K(38016K) Class: 54544K(75968K)->54544K(75968K)
[31.632s][info][gc          ] GC(7) Pause Full (System.gc()) 837M->782M(6144M) 564.521ms
[32.119s][info][gc,metaspace] GC(8) Metaspace: 90906K(113984K)->90906K(113984K) NonClass: 36362K(38016K)->36362K(38016K) Class: 54544K(75968K)->54544K(75968K)
[32.119s][info][gc          ] GC(8) Pause Full (System.gc()) 782M->782M(6144M) 486.877ms
[32.599s][info][gc,metaspace] GC(9) Metaspace: 90906K(113984K)->90906K(113984K) NonClass: 36362K(38016K)->36362K(38016K) Class: 54544K(75968K)->54544K(75968K)
[32.599s][info][gc          ] GC(9) Pause Full (System.gc()) 782M->782M(6144M) 480.415ms
[33.129s][info][gc,metaspace] GC(10) Metaspace: 90906K(113984K)->90906K(113984K) NonClass: 36362K(38016K)->36362K(38016K) Class: 54544K(75968K)->54544K(75968K)
[33.129s][info][gc          ] GC(10) Pause Full (System.gc()) 782M->782M(6144M) 529.733ms
[33.618s][info][gc,metaspace] GC(11) Metaspace: 90906K(113984K)->90906K(113984K) NonClass: 36362K(38016K)->36362K(38016K) Class: 54544K(75968K)->54544K(75968K)
[33.618s][info][gc          ] GC(11) Pause Full (System.gc()) 782M->782M(6144M) 488.514ms
[34.141s][info][gc,metaspace] GC(12) Metaspace: 90906K(113984K)->90906K(113984K) NonClass: 36362K(38016K)->36362K(38016K) Class: 54544K(75968K)->54544K(75968K)
[34.142s][info][gc          ] GC(12) Pause Full (System.gc()) 782M->782M(6144M) 523.400ms
[34.627s][info][gc,metaspace] GC(13) Metaspace: 90906K(113984K)->90906K(113984K) NonClass: 36362K(38016K)->36362K(38016K) Class: 54544K(75968K)->54544K(75968K)
[34.627s][info][gc          ] GC(13) Pause Full (System.gc()) 782M->782M(6144M) 484.948ms
[35.142s][info][gc,metaspace] GC(14) Metaspace: 90906K(113984K)->90906K(113984K) NonClass: 36362K(38016K)->36362K(38016K) Class: 54544K(75968K)->54544K(75968K)
[35.142s][info][gc          ] GC(14) Pause Full (System.gc()) 782M->782M(6144M) 514.843ms
[35.623s][info][gc,metaspace] GC(15) Metaspace: 90906K(113984K)->90906K(113984K) NonClass: 36362K(38016K)->36362K(38016K) Class: 54544K(75968K)->54544K(75968K)
[35.624s][info][gc          ] GC(15) Pause Full (System.gc()) 782M->782M(6144M) 481.858ms
[36.105s][info][gc,metaspace] GC(16) Metaspace: 90906K(113984K)->90906K(113984K) NonClass: 36362K(38016K)->36362K(38016K) Class: 54544K(75968K)->54544K(75968K)
[36.105s][info][gc          ] GC(16) Pause Full (System.gc()) 782M->782M(6144M) 481.607ms
[36.616s][info][gc,metaspace] GC(17) Metaspace: 90906K(113984K)->90906K(113984K) NonClass: 36362K(38016K)->36362K(38016K) Class: 54544K(75968K)->54544K(75968K)
[36.616s][info][gc          ] GC(17) Pause Full (System.gc()) 782M->782M(6144M) 506.050ms
[37.109s][info][gc,metaspace] GC(18) Metaspace: 90906K(113984K)->90906K(113984K) NonClass: 36362K(38016K)->36362K(38016K) Class: 54544K(75968K)->54544K(75968K)
[37.109s][info][gc          ] GC(18) Pause Full (System.gc()) 782M->782M(6144M) 493.357ms
[37.588s][info][gc,metaspace] GC(19) Metaspace: 90906K(113984K)->90906K(113984K) NonClass: 36362K(38016K)->36362K(38016K) Class: 54544K(75968K)->54544K(75968K)
[37.588s][info][gc          ] GC(19) Pause Full (System.gc()) 782M->782M(6144M) 479.234ms
[38.063s][info][gc,metaspace] GC(20) Metaspace: 90906K(113984K)->90906K(113984K) NonClass: 36362K(38016K)->36362K(38016K) Class: 54544K(75968K)->54544K(75968K)
[38.063s][info][gc          ] GC(20) Pause Full (System.gc()) 782M->782M(6144M) 472.073ms
[38.571s][info][gc,metaspace] GC(21) Metaspace: 90906K(113984K)->90906K(113984K) NonClass: 36362K(38016K)->36362K(38016K) Class: 54544K(75968K)->54544K(75968K)
[38.571s][info][gc          ] GC(21) Pause Full (System.gc()) 782M->782M(6144M) 508.062ms
[39.059s][info][gc,metaspace] GC(22) Metaspace: 90906K(113984K)->90906K(113984K) NonClass: 36362K(38016K)->36362K(38016K) Class: 54544K(75968K)->54544K(75968K)
[39.059s][info][gc          ] GC(22) Pause Full (System.gc()) 782M->782M(6144M) 488.623ms
[39.557s][info][gc,metaspace] GC(23) Metaspace: 90906K(113984K)->90906K(113984K) NonClass: 36362K(38016K)->36362K(38016K) Class: 54544K(75968K)->54544K(75968K)
[39.557s][info][gc          ] GC(23) Pause Full (System.gc()) 782M->782M(6144M) 497.301ms
[40.036s][info][gc,metaspace] GC(24) Metaspace: 90906K(113984K)->90906K(113984K) NonClass: 36362K(38016K)->36362K(38016K) Class: 54544K(75968K)->54544K(75968K)
[40.036s][info][gc          ] GC(24) Pause Full (System.gc()) 782M->782M(6144M) 478.781ms
[40.517s][info][gc,metaspace] GC(25) Metaspace: 90906K(113984K)->90906K(113984K) NonClass: 36362K(38016K)->36362K(38016K) Class: 54544K(75968K)->54544K(75968K)
[40.517s][info][gc          ] GC(25) Pause Full (System.gc()) 782M->782M(6144M) 480.781ms
[41.016s][info][gc,metaspace] GC(26) Metaspace: 90906K(113984K)->90906K(113984K) NonClass: 36362K(38016K)->36362K(38016K) Class: 54544K(75968K)->54544K(75968K)
[41.016s][info][gc          ] GC(26) Pause Full (System.gc()) 782M->782M(6144M) 498.955ms
[41.521s][info][gc,metaspace] GC(27) Metaspace: 90906K(113984K)->90906K(113984K) NonClass: 36362K(38016K)->36362K(38016K) Class: 54544K(75968K)->54544K(75968K)
[41.521s][info][gc          ] GC(27) Pause Full (System.gc()) 782M->782M(6144M) 505.247ms
[42.040s][info][gc,metaspace] GC(28) Metaspace: 90906K(113984K)->90906K(113984K) NonClass: 36362K(38016K)->36362K(38016K) Class: 54544K(75968K)->54544K(75968K)
[42.040s][info][gc          ] GC(28) Pause Full (System.gc()) 782M->782M(6144M) 514.586ms
[42.529s][info][gc,metaspace] GC(29) Metaspace: 90906K(113984K)->90906K(113984K) NonClass: 36362K(38016K)->36362K(38016K) Class: 54544K(75968K)->54544K(75968K)
[42.529s][info][gc          ] GC(29) Pause Full (System.gc()) 782M->782M(6144M) 488.958ms
[43.035s][info][gc,metaspace] GC(30) Metaspace: 90906K(113984K)->90906K(113984K) NonClass: 36362K(38016K)->36362K(38016K) Class: 54544K(75968K)->54544K(75968K)
[43.035s][info][gc          ] GC(30) Pause Full (System.gc()) 782M->782M(6144M) 505.532ms
[43.521s][info][gc,metaspace] GC(31) Metaspace: 90906K(113984K)->90906K(113984K) NonClass: 36362K(38016K)->36362K(38016K) Class: 54544K(75968K)->54544K(75968K)
[43.521s][info][gc          ] GC(31) Pause Full (System.gc()) 782M->782M(6144M) 486.004ms
[44.002s][info][gc,metaspace] GC(32) Metaspace: 90906K(113984K)->90906K(113984K) NonClass: 36362K(38016K)->36362K(38016K) Class: 54544K(75968K)->54544K(75968K)
[44.002s][info][gc          ] GC(32) Pause Full (System.gc()) 782M->782M(6144M) 480.996ms
[44.492s][info][gc,metaspace] GC(33) Metaspace: 90906K(113984K)->90906K(113984K) NonClass: 36362K(38016K)->36362K(38016K) Class: 54544K(75968K)->54544K(75968K)
[44.492s][info][gc          ] GC(33) Pause Full (System.gc()) 782M->782M(6144M) 489.937ms
[44.985s][info][gc,metaspace] GC(34) Metaspace: 90906K(113984K)->90906K(113984K) NonClass: 36362K(38016K)->36362K(38016K) Class: 54544K(75968K)->54544K(75968K)
[44.985s][info][gc          ] GC(34) Pause Full (System.gc()) 782M->782M(6144M) 492.850ms
[45.500s][info][gc,metaspace] GC(35) Metaspace: 90906K(113984K)->90906K(113984K) NonClass: 36362K(38016K)->36362K(38016K) Class: 54544K(75968K)->54544K(75968K)
[45.500s][info][gc          ] GC(35) Pause Full (System.gc()) 782M->782M(6144M) 514.695ms
[46.023s][info][gc,metaspace] GC(36) Metaspace: 90906K(113984K)->90906K(113984K) NonClass: 36362K(38016K)->36362K(38016K) Class: 54544K(75968K)->54544K(75968K)
[46.024s][info][gc          ] GC(36) Pause Full (System.gc()) 782M->782M(6144M) 523.889ms
[46.524s][info][gc,metaspace] GC(37) Metaspace: 90906K(113984K)->90906K(113984K) NonClass: 36362K(38016K)->36362K(38016K) Class: 54544K(75968K)->54544K(75968K)
[46.524s][info][gc          ] GC(37) Pause Full (System.gc()) 782M->782M(6144M) 499.994ms
[47.019s][info][gc,metaspace] GC(38) Metaspace: 90906K(113984K)->90906K(113984K) NonClass: 36362K(38016K)->36362K(38016K) Class: 54544K(75968K)->54544K(75968K)
[47.019s][info][gc          ] GC(38) Pause Full (System.gc()) 782M->782M(6144M) 490.719ms
[47.517s][info][gc,metaspace] GC(39) Metaspace: 90906K(113984K)->90906K(113984K) NonClass: 36362K(38016K)->36362K(38016K) Class: 54544K(75968K)->54544K(75968K)
[47.517s][info][gc          ] GC(39) Pause Full (System.gc()) 782M->782M(6144M) 498.093ms
[48.007s][info][gc,metaspace] GC(40) Metaspace: 90906K(113984K)->90906K(113984K) NonClass: 36362K(38016K)->36362K(38016K) Class: 54544K(75968K)->54544K(75968K)
[48.008s][info][gc          ] GC(40) Pause Full (System.gc()) 782M->782M(6144M) 490.557ms
[48.523s][info][gc,metaspace] GC(41) Metaspace: 90906K(113984K)->90906K(113984K) NonClass: 36362K(38016K)->36362K(38016K) Class: 54544K(75968K)->54544K(75968K)
[48.523s][info][gc          ] GC(41) Pause Full (System.gc()) 782M->782M(6144M) 515.137ms
[49.005s][info][gc,metaspace] GC(42) Metaspace: 90906K(113984K)->90906K(113984K) NonClass: 36362K(38016K)->36362K(38016K) Class: 54544K(75968K)->54544K(75968K)
[49.005s][info][gc          ] GC(42) Pause Full (System.gc()) 782M->782M(6144M) 482.569ms
[49.499s][info][gc,metaspace] GC(43) Metaspace: 90906K(113984K)->90906K(113984K) NonClass: 36362K(38016K)->36362K(38016K) Class: 54544K(75968K)->54544K(75968K)
[49.499s][info][gc          ] GC(43) Pause Full (System.gc()) 782M->782M(6144M) 493.073ms
[49.983s][info][gc,metaspace] GC(44) Metaspace: 90906K(113984K)->90906K(113984K) NonClass: 36362K(38016K)->36362K(38016K) Class: 54544K(75968K)->54544K(75968K)
[49.983s][info][gc          ] GC(44) Pause Full (System.gc()) 782M->782M(6144M) 483.911ms
[50.496s][info][gc,metaspace] GC(45) Metaspace: 90906K(113984K)->90906K(113984K) NonClass: 36362K(38016K)->36362K(38016K) Class: 54544K(75968K)->54544K(75968K)
[50.496s][info][gc          ] GC(45) Pause Full (System.gc()) 782M->782M(6144M) 513.259ms
[50.989s][info][gc,metaspace] GC(46) Metaspace: 90906K(113984K)->90906K(113984K) NonClass: 36362K(38016K)->36362K(38016K) Class: 54544K(75968K)->54544K(75968K)
[50.989s][info][gc          ] GC(46) Pause Full (System.gc()) 782M->782M(6144M) 492.657ms
[51.534s][info][gc,metaspace] GC(47) Metaspace: 90906K(113984K)->90906K(113984K) NonClass: 36362K(38016K)->36362K(38016K) Class: 54544K(75968K)->54544K(75968K)
[51.534s][info][gc          ] GC(47) Pause Full (System.gc()) 782M->782M(6144M) 544.915ms
[52.081s][info][gc,metaspace] GC(48) Metaspace: 90906K(113984K)->90906K(113984K) NonClass: 36362K(38016K)->36362K(38016K) Class: 54544K(75968K)->54544K(75968K)
[52.081s][info][gc          ] GC(48) Pause Full (System.gc()) 782M->782M(6144M) 542.650ms
[52.570s][info][gc,metaspace] GC(49) Metaspace: 90906K(113984K)->90906K(113984K) NonClass: 36362K(38016K)->36362K(38016K) Class: 54544K(75968K)->54544K(75968K)
[52.570s][info][gc          ] GC(49) Pause Full (System.gc()) 782M->782M(6144M) 489.208ms
[53.063s][info][gc,metaspace] GC(50) Metaspace: 90906K(113984K)->90906K(113984K) NonClass: 36362K(38016K)->36362K(38016K) Class: 54544K(75968K)->54544K(75968K)
[53.063s][info][gc          ] GC(50) Pause Full (System.gc()) 782M->782M(6144M) 492.480ms
[53.562s][info][gc,metaspace] GC(51) Metaspace: 90906K(113984K)->90906K(113984K) NonClass: 36362K(38016K)->36362K(38016K) Class: 54544K(75968K)->54544K(75968K)
[53.562s][info][gc          ] GC(51) Pause Full (System.gc()) 782M->782M(6144M) 499.122ms
[54.059s][info][gc,metaspace] GC(52) Metaspace: 90906K(113984K)->90906K(113984K) NonClass: 36362K(38016K)->36362K(38016K) Class: 54544K(75968K)->54544K(75968K)
[54.059s][info][gc          ] GC(52) Pause Full (System.gc()) 782M->782M(6144M) 497.477ms
[54.553s][info][gc,metaspace] GC(53) Metaspace: 90906K(113984K)->90906K(113984K) NonClass: 36362K(38016K)->36362K(38016K) Class: 54544K(75968K)->54544K(75968K)
[54.553s][info][gc          ] GC(53) Pause Full (System.gc()) 782M->782M(6144M) 493.760ms
[55.050s][info][gc,metaspace] GC(54) Metaspace: 90906K(113984K)->90906K(113984K) NonClass: 36362K(38016K)->36362K(38016K) Class: 54544K(75968K)->54544K(75968K)
[55.050s][info][gc          ] GC(54) Pause Full (System.gc()) 782M->782M(6144M) 496.895ms
[55.548s][info][gc,metaspace] GC(55) Metaspace: 90906K(113984K)->90906K(113984K) NonClass: 36362K(38016K)->36362K(38016K) Class: 54544K(75968K)->54544K(75968K)
[55.548s][info][gc          ] GC(55) Pause Full (System.gc()) 782M->782M(6144M) 497.193ms
[56.034s][info][gc,metaspace] GC(56) Metaspace: 90906K(113984K)->90906K(113984K) NonClass: 36362K(38016K)->36362K(38016K) Class: 54544K(75968K)->54544K(75968K)
[56.035s][info][gc          ] GC(56) Pause Full (System.gc()) 782M->782M(6144M) 486.804ms
[56.537s][info][gc,metaspace] GC(57) Metaspace: 90906K(113984K)->90906K(113984K) NonClass: 36362K(38016K)->36362K(38016K) Class: 54544K(75968K)->54544K(75968K)
[56.537s][info][gc          ] GC(57) Pause Full (System.gc()) 782M->782M(6144M) 502.269ms
[57.047s][info][gc,metaspace] GC(58) Metaspace: 90906K(113984K)->90906K(113984K) NonClass: 36362K(38016K)->36362K(38016K) Class: 54544K(75968K)->54544K(75968K)
[57.047s][info][gc          ] GC(58) Pause Full (System.gc()) 782M->782M(6144M) 506.062ms
[57.536s][info][gc,metaspace] GC(59) Metaspace: 90906K(113984K)->90906K(113984K) NonClass: 36362K(38016K)->36362K(38016K) Class: 54544K(75968K)->54544K(75968K)
[57.536s][info][gc          ] GC(59) Pause Full (System.gc()) 782M->782M(6144M) 488.994ms
[58.028s][info][gc,metaspace] GC(60) Metaspace: 90906K(113984K)->90906K(113984K) NonClass: 36362K(38016K)->36362K(38016K) Class: 54544K(75968K)->54544K(75968K)
[58.028s][info][gc          ] GC(60) Pause Full (System.gc()) 782M->782M(6144M) 491.684ms
[58.522s][info][gc,metaspace] GC(61) Metaspace: 90906K(113984K)->90906K(113984K) NonClass: 36362K(38016K)->36362K(38016K) Class: 54544K(75968K)->54544K(75968K)
[58.522s][info][gc          ] GC(61) Pause Full (System.gc()) 782M->782M(6144M) 493.320ms
[59.018s][info][gc,metaspace] GC(62) Metaspace: 90906K(113984K)->90906K(113984K) NonClass: 36362K(38016K)->36362K(38016K) Class: 54544K(75968K)->54544K(75968K)
[59.018s][info][gc          ] GC(62) Pause Full (System.gc()) 782M->782M(6144M) 496.270ms
[59.528s][info][gc,metaspace] GC(63) Metaspace: 90906K(113984K)->90906K(113984K) NonClass: 36362K(38016K)->36362K(38016K) Class: 54544K(75968K)->54544K(75968K)
[59.528s][info][gc          ] GC(63) Pause Full (System.gc()) 782M->782M(6144M) 510.192ms
[60.013s][info][gc,metaspace] GC(64) Metaspace: 90906K(113984K)->90906K(113984K) NonClass: 36362K(38016K)->36362K(38016K) Class: 54544K(75968K)->54544K(75968K)
[60.013s][info][gc          ] GC(64) Pause Full (System.gc()) 782M->782M(6144M) 484.239ms
[60.520s][info][gc,metaspace] GC(65) Metaspace: 90906K(113984K)->90906K(113984K) NonClass: 36362K(38016K)->36362K(38016K) Class: 54544K(75968K)->54544K(75968K)
[60.520s][info][gc          ] GC(65) Pause Full (System.gc()) 782M->782M(6144M) 506.906ms
[60.994s][info][gc,metaspace] GC(66) Metaspace: 90906K(113984K)->90906K(113984K) NonClass: 36362K(38016K)->36362K(38016K) Class: 54544K(75968K)->54544K(75968K)
[60.994s][info][gc          ] GC(66) Pause Full (System.gc()) 782M->782M(6144M) 474.081ms
[61.501s][info][gc,metaspace] GC(67) Metaspace: 90906K(113984K)->90906K(113984K) NonClass: 36362K(38016K)->36362K(38016K) Class: 54544K(75968K)->54544K(75968K)
[61.502s][info][gc          ] GC(67) Pause Full (System.gc()) 782M->782M(6144M) 507.676ms
[61.990s][info][gc,metaspace] GC(68) Metaspace: 90906K(113984K)->90906K(113984K) NonClass: 36362K(38016K)->36362K(38016K) Class: 54544K(75968K)->54544K(75968K)
[61.990s][info][gc          ] GC(68) Pause Full (System.gc()) 782M->782M(6144M) 488.636ms
[62.500s][info][gc,metaspace] GC(69) Metaspace: 90906K(113984K)->90906K(113984K) NonClass: 36362K(38016K)->36362K(38016K) Class: 54544K(75968K)->54544K(75968K)
[62.500s][info][gc          ] GC(69) Pause Full (System.gc()) 782M->782M(6144M) 510.150ms
[63.007s][info][gc,metaspace] GC(70) Metaspace: 90906K(113984K)->90906K(113984K) NonClass: 36362K(38016K)->36362K(38016K) Class: 54544K(75968K)->54544K(75968K)
[63.007s][info][gc          ] GC(70) Pause Full (System.gc()) 782M->782M(6144M) 506.108ms
[63.504s][info][gc,metaspace] GC(71) Metaspace: 90906K(113984K)->90906K(113984K) NonClass: 36362K(38016K)->36362K(38016K) Class: 54544K(75968K)->54544K(75968K)
[63.504s][info][gc          ] GC(71) Pause Full (System.gc()) 782M->782M(6144M) 497.221ms
[63.993s][info][gc,metaspace] GC(72) Metaspace: 90906K(113984K)->90906K(113984K) NonClass: 36362K(38016K)->36362K(38016K) Class: 54544K(75968K)->54544K(75968K)
[63.993s][info][gc          ] GC(72) Pause Full (System.gc()) 782M->782M(6144M) 489.147ms
[64.504s][info][gc,metaspace] GC(73) Metaspace: 90906K(113984K)->90906K(113984K) NonClass: 36362K(38016K)->36362K(38016K) Class: 54544K(75968K)->54544K(75968K)
[64.504s][info][gc          ] GC(73) Pause Full (System.gc()) 782M->782M(6144M) 510.449ms
[64.990s][info][gc,metaspace] GC(74) Metaspace: 90906K(113984K)->90906K(113984K) NonClass: 36362K(38016K)->36362K(38016K) Class: 54544K(75968K)->54544K(75968K)
[64.990s][info][gc          ] GC(74) Pause Full (System.gc()) 782M->782M(6144M) 486.476ms
[65.499s][info][gc,metaspace] GC(75) Metaspace: 90906K(113984K)->90906K(113984K) NonClass: 36362K(38016K)->36362K(38016K) Class: 54544K(75968K)->54544K(75968K)
[65.499s][info][gc          ] GC(75) Pause Full (System.gc()) 784M->782M(6144M) 508.427ms
[65.991s][info][gc,metaspace] GC(76) Metaspace: 90906K(113984K)->90906K(113984K) NonClass: 36362K(38016K)->36362K(38016K) Class: 54544K(75968K)->54544K(75968K)
[65.991s][info][gc          ] GC(76) Pause Full (System.gc()) 782M->782M(6144M) 492.399ms
[66.529s][info][gc,metaspace] GC(77) Metaspace: 90906K(113984K)->90906K(113984K) NonClass: 36362K(38016K)->36362K(38016K) Class: 54544K(75968K)->54544K(75968K)
[66.529s][info][gc          ] GC(77) Pause Full (System.gc()) 782M->782M(6144M) 537.287ms
[67.034s][info][gc,metaspace] GC(78) Metaspace: 90906K(113984K)->90906K(113984K) NonClass: 36362K(38016K)->36362K(38016K) Class: 54544K(75968K)->54544K(75968K)
[67.034s][info][gc          ] GC(78) Pause Full (System.gc()) 782M->782M(6144M) 504.689ms
[67.541s][info][gc,metaspace] GC(79) Metaspace: 90906K(113984K)->90906K(113984K) NonClass: 36362K(38016K)->36362K(38016K) Class: 54544K(75968K)->54544K(75968K)
[67.541s][info][gc          ] GC(79) Pause Full (System.gc()) 782M->782M(6144M) 503.100ms
[67.999s][info][gc,metaspace] GC(80) Metaspace: 90906K(113984K)->90906K(113984K) NonClass: 36362K(38016K)->36362K(38016K) Class: 54544K(75968K)->54544K(75968K)
[67.999s][info][gc          ] GC(80) Pause Full (System.gc()) 782M->782M(6144M) 457.543ms
[68.500s][info][gc,metaspace] GC(81) Metaspace: 90906K(113984K)->90906K(113984K) NonClass: 36362K(38016K)->36362K(38016K) Class: 54544K(75968K)->54544K(75968K)
[68.500s][info][gc          ] GC(81) Pause Full (System.gc()) 782M->782M(6144M) 501.014ms
[68.996s][info][gc,metaspace] GC(82) Metaspace: 90906K(113984K)->90906K(113984K) NonClass: 36362K(38016K)->36362K(38016K) Class: 54544K(75968K)->54544K(75968K)
[68.996s][info][gc          ] GC(82) Pause Full (System.gc()) 782M->782M(6144M) 496.408ms
[69.506s][info][gc,metaspace] GC(83) Metaspace: 90906K(113984K)->90906K(113984K) NonClass: 36362K(38016K)->36362K(38016K) Class: 54544K(75968K)->54544K(75968K)
[69.506s][info][gc          ] GC(83) Pause Full (System.gc()) 782M->782M(6144M) 509.122ms
[69.985s][info][gc,metaspace] GC(84) Metaspace: 90906K(113984K)->90906K(113984K) NonClass: 36362K(38016K)->36362K(38016K) Class: 54544K(75968K)->54544K(75968K)
[69.985s][info][gc          ] GC(84) Pause Full (System.gc()) 782M->782M(6144M) 479.314ms
[70.543s][info][gc,metaspace] GC(85) Metaspace: 90906K(113984K)->90906K(113984K) NonClass: 36362K(38016K)->36362K(38016K) Class: 54544K(75968K)->54544K(75968K)
[70.543s][info][gc          ] GC(85) Pause Full (System.gc()) 782M->782M(6144M) 557.843ms
[71.066s][info][gc,metaspace] GC(86) Metaspace: 90906K(113984K)->90906K(113984K) NonClass: 36362K(38016K)->36362K(38016K) Class: 54544K(75968K)->54544K(75968K)
[71.066s][info][gc          ] GC(86) Pause Full (System.gc()) 782M->782M(6144M) 523.343ms
[71.552s][info][gc,metaspace] GC(87) Metaspace: 90906K(113984K)->90906K(113984K) NonClass: 36362K(38016K)->36362K(38016K) Class: 54544K(75968K)->54544K(75968K)
[71.552s][info][gc          ] GC(87) Pause Full (System.gc()) 782M->782M(6144M) 485.646ms
[72.047s][info][gc,metaspace] GC(88) Metaspace: 90906K(113984K)->90906K(113984K) NonClass: 36362K(38016K)->36362K(38016K) Class: 54544K(75968K)->54544K(75968K)
[72.047s][info][gc          ] GC(88) Pause Full (System.gc()) 782M->782M(6144M) 494.784ms
[72.546s][info][gc,metaspace] GC(89) Metaspace: 90906K(113984K)->90906K(113984K) NonClass: 36362K(38016K)->36362K(38016K) Class: 54544K(75968K)->54544K(75968K)
[72.546s][info][gc          ] GC(89) Pause Full (System.gc()) 782M->782M(6144M) 494.745ms
[73.032s][info][gc,metaspace] GC(90) Metaspace: 90906K(113984K)->90906K(113984K) NonClass: 36362K(38016K)->36362K(38016K) Class: 54544K(75968K)->54544K(75968K)
[73.032s][info][gc          ] GC(90) Pause Full (System.gc()) 782M->782M(6144M) 486.104ms
[73.547s][info][gc,metaspace] GC(91) Metaspace: 90906K(113984K)->90906K(113984K) NonClass: 36362K(38016K)->36362K(38016K) Class: 54544K(75968K)->54544K(75968K)
[73.547s][info][gc          ] GC(91) Pause Full (System.gc()) 782M->782M(6144M) 514.323ms
[74.069s][info][gc,metaspace] GC(92) Metaspace: 90906K(113984K)->90906K(113984K) NonClass: 36362K(38016K)->36362K(38016K) Class: 54544K(75968K)->54544K(75968K)
[74.069s][info][gc          ] GC(92) Pause Full (System.gc()) 782M->782M(6144M) 522.784ms
[74.560s][info][gc,metaspace] GC(93) Metaspace: 90906K(113984K)->90906K(113984K) NonClass: 36362K(38016K)->36362K(38016K) Class: 54544K(75968K)->54544K(75968K)
[74.560s][info][gc          ] GC(93) Pause Full (System.gc()) 782M->782M(6144M) 490.278ms
[75.051s][info][gc,metaspace] GC(94) Metaspace: 90906K(113984K)->90906K(113984K) NonClass: 36362K(38016K)->36362K(38016K) Class: 54544K(75968K)->54544K(75968K)
[75.051s][info][gc          ] GC(94) Pause Full (System.gc()) 782M->782M(6144M) 490.784ms
[75.581s][info][gc,metaspace] GC(95) Metaspace: 90906K(113984K)->90906K(113984K) NonClass: 36362K(38016K)->36362K(38016K) Class: 54544K(75968K)->54544K(75968K)
[75.581s][info][gc          ] GC(95) Pause Full (System.gc()) 782M->782M(6144M) 530.099ms
[76.074s][info][gc,metaspace] GC(96) Metaspace: 90906K(113984K)->90906K(113984K) NonClass: 36362K(38016K)->36362K(38016K) Class: 54544K(75968K)->54544K(75968K)
[76.074s][info][gc          ] GC(96) Pause Full (System.gc()) 782M->782M(6144M) 493.329ms
[76.572s][info][gc,metaspace] GC(97) Metaspace: 90906K(113984K)->90906K(113984K) NonClass: 36362K(38016K)->36362K(38016K) Class: 54544K(75968K)->54544K(75968K)
[76.573s][info][gc          ] GC(97) Pause Full (System.gc()) 782M->782M(6144M) 498.140ms
[77.040s][info][gc,metaspace] GC(98) Metaspace: 90906K(113984K)->90906K(113984K) NonClass: 36362K(38016K)->36362K(38016K) Class: 54544K(75968K)->54544K(75968K)
[77.040s][info][gc          ] GC(98) Pause Full (System.gc()) 782M->782M(6144M) 467.080ms
[77.538s][info][gc,metaspace] GC(99) Metaspace: 90906K(113984K)->90906K(113984K) NonClass: 36362K(38016K)->36362K(38016K) Class: 54544K(75968K)->54544K(75968K)
[77.538s][info][gc          ] GC(99) Pause Full (System.gc()) 782M->782M(6144M) 498.010ms
[78.062s][info][gc,metaspace] GC(100) Metaspace: 90906K(113984K)->90906K(113984K) NonClass: 36362K(38016K)->36362K(38016K) Class: 54544K(75968K)->54544K(75968K)
[78.062s][info][gc          ] GC(100) Pause Full (System.gc()) 782M->782M(6144M) 520.155ms
[78.545s][info][gc,metaspace] GC(101) Metaspace: 90906K(113984K)->90906K(113984K) NonClass: 36362K(38016K)->36362K(38016K) Class: 54544K(75968K)->54544K(75968K)
[78.545s][info][gc          ] GC(101) Pause Full (System.gc()) 782M->782M(6144M) 482.718ms
[79.033s][info][gc,metaspace] GC(102) Metaspace: 90906K(113984K)->90906K(113984K) NonClass: 36362K(38016K)->36362K(38016K) Class: 54544K(75968K)->54544K(75968K)
[79.034s][info][gc          ] GC(102) Pause Full (System.gc()) 782M->782M(6144M) 488.494ms
[79.523s][info][gc,metaspace] GC(103) Metaspace: 90906K(113984K)->90906K(113984K) NonClass: 36362K(38016K)->36362K(38016K) Class: 54544K(75968K)->54544K(75968K)
[79.523s][info][gc          ] GC(103) Pause Full (System.gc()) 782M->782M(6144M) 489.059ms
[80.007s][info][gc,metaspace] GC(104) Metaspace: 90906K(113984K)->90906K(113984K) NonClass: 36362K(38016K)->36362K(38016K) Class: 54544K(75968K)->54544K(75968K)
[80.007s][info][gc          ] GC(104) Pause Full (System.gc()) 782M->782M(6144M) 483.898ms
[80.512s][info][gc,metaspace] GC(105) Metaspace: 90906K(113984K)->90906K(113984K) NonClass: 36362K(38016K)->36362K(38016K) Class: 54544K(75968K)->54544K(75968K)
[80.512s][info][gc          ] GC(105) Pause Full (System.gc()) 782M->782M(6144M) 505.685ms
[81.001s][info][gc,metaspace] GC(106) Metaspace: 90906K(113984K)->90906K(113984K) NonClass: 36362K(38016K)->36362K(38016K) Class: 54544K(75968K)->54544K(75968K)
[81.001s][info][gc          ] GC(106) Pause Full (System.gc()) 782M->782M(6144M) 488.182ms
After GCs... 
