Done; will start GCs... 
[68.797s][info][gc,metaspace] GC(11) Metaspace: 61769K(68800K)->61769K(68800K) NonClass: 50874K(53888K)->50874K(53888K) Class: 10895K(14912K)->10895K(14912K)
[68.798s][info][gc          ] GC(11) Pause Full (System.gc()) 1408M->1303M(6144M) 600.086ms
[69.371s][info][gc,metaspace] GC(12) Metaspace: 61769K(68800K)->61769K(68800K) NonClass: 50874K(53888K)->50874K(53888K) Class: 10895K(14912K)->10895K(14912K)
[69.371s][info][gc          ] GC(12) Pause Full (System.gc()) 1303M->1303M(6144M) 573.168ms
[69.965s][info][gc,metaspace] GC(13) Metaspace: 61769K(68800K)->61769K(68800K) NonClass: 50874K(53888K)->50874K(53888K) Class: 10895K(14912K)->10895K(14912K)
[69.965s][info][gc          ] GC(13) Pause Full (System.gc()) 1303M->1303M(6144M) 593.600ms
[70.565s][info][gc,metaspace] GC(14) Metaspace: 61770K(68800K)->61770K(68800K) NonClass: 50875K(53888K)->50875K(53888K) Class: 10895K(14912K)->10895K(14912K)
[70.565s][info][gc          ] GC(14) Pause Full (System.gc()) 1303M->1303M(6144M) 600.152ms
[71.152s][info][gc,metaspace] GC(15) Metaspace: 61770K(68800K)->61770K(68800K) NonClass: 50875K(53888K)->50875K(53888K) Class: 10895K(14912K)->10895K(14912K)
[71.152s][info][gc          ] GC(15) Pause Full (System.gc()) 1303M->1303M(6144M) 586.699ms
[71.749s][info][gc,metaspace] GC(16) Metaspace: 61770K(68800K)->61770K(68800K) NonClass: 50875K(53888K)->50875K(53888K) Class: 10895K(14912K)->10895K(14912K)
[71.749s][info][gc          ] GC(16) Pause Full (System.gc()) 1303M->1303M(6144M) 595.447ms
[72.356s][info][gc,metaspace] GC(17) Metaspace: 61770K(68800K)->61770K(68800K) NonClass: 50875K(53888K)->50875K(53888K) Class: 10895K(14912K)->10895K(14912K)
[72.356s][info][gc          ] GC(17) Pause Full (System.gc()) 1303M->1303M(6144M) 606.302ms
[72.935s][info][gc,metaspace] GC(18) Metaspace: 61770K(68800K)->61770K(68800K) NonClass: 50875K(53888K)->50875K(53888K) Class: 10895K(14912K)->10895K(14912K)
[72.935s][info][gc          ] GC(18) Pause Full (System.gc()) 1303M->1303M(6144M) 579.417ms
[73.538s][info][gc,metaspace] GC(19) Metaspace: 61770K(68800K)->61770K(68800K) NonClass: 50875K(53888K)->50875K(53888K) Class: 10895K(14912K)->10895K(14912K)
[73.538s][info][gc          ] GC(19) Pause Full (System.gc()) 1303M->1303M(6144M) 602.165ms
[74.112s][info][gc,metaspace] GC(20) Metaspace: 61770K(68800K)->61770K(68800K) NonClass: 50875K(53888K)->50875K(53888K) Class: 10895K(14912K)->10895K(14912K)
[74.112s][info][gc          ] GC(20) Pause Full (System.gc()) 1303M->1303M(6144M) 569.268ms
[74.685s][info][gc,metaspace] GC(21) Metaspace: 61770K(68800K)->61770K(68800K) NonClass: 50875K(53888K)->50875K(53888K) Class: 10895K(14912K)->10895K(14912K)
[74.685s][info][gc          ] GC(21) Pause Full (System.gc()) 1303M->1303M(6144M) 573.385ms
[75.255s][info][gc,metaspace] GC(22) Metaspace: 61770K(68800K)->61770K(68800K) NonClass: 50875K(53888K)->50875K(53888K) Class: 10895K(14912K)->10895K(14912K)
[75.255s][info][gc          ] GC(22) Pause Full (System.gc()) 1303M->1303M(6144M) 569.049ms
[75.803s][info][gc,metaspace] GC(23) Metaspace: 61770K(68800K)->61770K(68800K) NonClass: 50875K(53888K)->50875K(53888K) Class: 10895K(14912K)->10895K(14912K)
[75.803s][info][gc          ] GC(23) Pause Full (System.gc()) 1303M->1303M(6144M) 548.009ms
[76.412s][info][gc,metaspace] GC(24) Metaspace: 61770K(68800K)->61770K(68800K) NonClass: 50875K(53888K)->50875K(53888K) Class: 10895K(14912K)->10895K(14912K)
[76.412s][info][gc          ] GC(24) Pause Full (System.gc()) 1303M->1303M(6144M) 609.447ms
[76.971s][info][gc,metaspace] GC(25) Metaspace: 61770K(68800K)->61770K(68800K) NonClass: 50875K(53888K)->50875K(53888K) Class: 10895K(14912K)->10895K(14912K)
[76.971s][info][gc          ] GC(25) Pause Full (System.gc()) 1303M->1303M(6144M) 558.500ms
[77.565s][info][gc,metaspace] GC(26) Metaspace: 61770K(68800K)->61770K(68800K) NonClass: 50875K(53888K)->50875K(53888K) Class: 10895K(14912K)->10895K(14912K)
[77.565s][info][gc          ] GC(26) Pause Full (System.gc()) 1303M->1303M(6144M) 593.577ms
[78.158s][info][gc,metaspace] GC(27) Metaspace: 61770K(68800K)->61770K(68800K) NonClass: 50875K(53888K)->50875K(53888K) Class: 10895K(14912K)->10895K(14912K)
[78.158s][info][gc          ] GC(27) Pause Full (System.gc()) 1303M->1303M(6144M) 593.250ms
[78.741s][info][gc,metaspace] GC(28) Metaspace: 61770K(68800K)->61770K(68800K) NonClass: 50875K(53888K)->50875K(53888K) Class: 10895K(14912K)->10895K(14912K)
[78.741s][info][gc          ] GC(28) Pause Full (System.gc()) 1303M->1303M(6144M) 582.436ms
[79.348s][info][gc,metaspace] GC(29) Metaspace: 61770K(68800K)->61770K(68800K) NonClass: 50875K(53888K)->50875K(53888K) Class: 10895K(14912K)->10895K(14912K)
[79.348s][info][gc          ] GC(29) Pause Full (System.gc()) 1303M->1303M(6144M) 602.464ms
[79.906s][info][gc,metaspace] GC(30) Metaspace: 61770K(68800K)->61770K(68800K) NonClass: 50875K(53888K)->50875K(53888K) Class: 10895K(14912K)->10895K(14912K)
[79.906s][info][gc          ] GC(30) Pause Full (System.gc()) 1303M->1303M(6144M) 558.427ms
[80.497s][info][gc,metaspace] GC(31) Metaspace: 61770K(68800K)->61770K(68800K) NonClass: 50875K(53888K)->50875K(53888K) Class: 10895K(14912K)->10895K(14912K)
[80.497s][info][gc          ] GC(31) Pause Full (System.gc()) 1303M->1303M(6144M) 591.013ms
[81.079s][info][gc,metaspace] GC(32) Metaspace: 61770K(68800K)->61770K(68800K) NonClass: 50875K(53888K)->50875K(53888K) Class: 10895K(14912K)->10895K(14912K)
[81.079s][info][gc          ] GC(32) Pause Full (System.gc()) 1303M->1303M(6144M) 581.859ms
[81.652s][info][gc,metaspace] GC(33) Metaspace: 61770K(68800K)->61770K(68800K) NonClass: 50875K(53888K)->50875K(53888K) Class: 10895K(14912K)->10895K(14912K)
[81.652s][info][gc          ] GC(33) Pause Full (System.gc()) 1303M->1303M(6144M) 572.442ms
[82.233s][info][gc,metaspace] GC(34) Metaspace: 61770K(68800K)->61770K(68800K) NonClass: 50875K(53888K)->50875K(53888K) Class: 10895K(14912K)->10895K(14912K)
[82.233s][info][gc          ] GC(34) Pause Full (System.gc()) 1303M->1303M(6144M) 580.908ms
[82.799s][info][gc,metaspace] GC(35) Metaspace: 61770K(68800K)->61770K(68800K) NonClass: 50875K(53888K)->50875K(53888K) Class: 10895K(14912K)->10895K(14912K)
[82.799s][info][gc          ] GC(35) Pause Full (System.gc()) 1303M->1303M(6144M) 566.025ms
[83.423s][info][gc,metaspace] GC(36) Metaspace: 61770K(68800K)->61770K(68800K) NonClass: 50875K(53888K)->50875K(53888K) Class: 10895K(14912K)->10895K(14912K)
[83.423s][info][gc          ] GC(36) Pause Full (System.gc()) 1303M->1303M(6144M) 624.060ms
[84.024s][info][gc,metaspace] GC(37) Metaspace: 61770K(68800K)->61770K(68800K) NonClass: 50875K(53888K)->50875K(53888K) Class: 10895K(14912K)->10895K(14912K)
[84.024s][info][gc          ] GC(37) Pause Full (System.gc()) 1303M->1303M(6144M) 600.191ms
[84.652s][info][gc,metaspace] GC(38) Metaspace: 61770K(68800K)->61770K(68800K) NonClass: 50875K(53888K)->50875K(53888K) Class: 10895K(14912K)->10895K(14912K)
[84.652s][info][gc          ] GC(38) Pause Full (System.gc()) 1303M->1303M(6144M) 628.100ms
[85.221s][info][gc,metaspace] GC(39) Metaspace: 61770K(68800K)->61770K(68800K) NonClass: 50875K(53888K)->50875K(53888K) Class: 10895K(14912K)->10895K(14912K)
[85.221s][info][gc          ] GC(39) Pause Full (System.gc()) 1303M->1303M(6144M) 568.747ms
[85.797s][info][gc,metaspace] GC(40) Metaspace: 61770K(68800K)->61770K(68800K) NonClass: 50875K(53888K)->50875K(53888K) Class: 10895K(14912K)->10895K(14912K)
[85.797s][info][gc          ] GC(40) Pause Full (System.gc()) 1303M->1303M(6144M) 576.297ms
[86.407s][info][gc,metaspace] GC(41) Metaspace: 61770K(68800K)->61770K(68800K) NonClass: 50875K(53888K)->50875K(53888K) Class: 10895K(14912K)->10895K(14912K)
[86.407s][info][gc          ] GC(41) Pause Full (System.gc()) 1303M->1303M(6144M) 609.749ms
[86.996s][info][gc,metaspace] GC(42) Metaspace: 61770K(68800K)->61770K(68800K) NonClass: 50875K(53888K)->50875K(53888K) Class: 10895K(14912K)->10895K(14912K)
[86.996s][info][gc          ] GC(42) Pause Full (System.gc()) 1303M->1303M(6144M) 588.721ms
[87.608s][info][gc,metaspace] GC(43) Metaspace: 61770K(68800K)->61770K(68800K) NonClass: 50875K(53888K)->50875K(53888K) Class: 10895K(14912K)->10895K(14912K)
[87.609s][info][gc          ] GC(43) Pause Full (System.gc()) 1303M->1303M(6144M) 612.235ms
[88.185s][info][gc,metaspace] GC(44) Metaspace: 61770K(68800K)->61770K(68800K) NonClass: 50875K(53888K)->50875K(53888K) Class: 10895K(14912K)->10895K(14912K)
[88.185s][info][gc          ] GC(44) Pause Full (System.gc()) 1303M->1303M(6144M) 576.415ms
[88.785s][info][gc,metaspace] GC(45) Metaspace: 61770K(68800K)->61770K(68800K) NonClass: 50875K(53888K)->50875K(53888K) Class: 10895K(14912K)->10895K(14912K)
[88.785s][info][gc          ] GC(45) Pause Full (System.gc()) 1303M->1303M(6144M) 599.968ms
[89.396s][info][gc,metaspace] GC(46) Metaspace: 61770K(68800K)->61770K(68800K) NonClass: 50875K(53888K)->50875K(53888K) Class: 10895K(14912K)->10895K(14912K)
[89.396s][info][gc          ] GC(46) Pause Full (System.gc()) 1303M->1303M(6144M) 610.848ms
[89.994s][info][gc,metaspace] GC(47) Metaspace: 61770K(68800K)->61770K(68800K) NonClass: 50875K(53888K)->50875K(53888K) Class: 10895K(14912K)->10895K(14912K)
[89.994s][info][gc          ] GC(47) Pause Full (System.gc()) 1303M->1303M(6144M) 593.774ms
[90.581s][info][gc,metaspace] GC(48) Metaspace: 61770K(68800K)->61770K(68800K) NonClass: 50875K(53888K)->50875K(53888K) Class: 10895K(14912K)->10895K(14912K)
[90.581s][info][gc          ] GC(48) Pause Full (System.gc()) 1303M->1303M(6144M) 586.141ms
[91.164s][info][gc,metaspace] GC(49) Metaspace: 61770K(68800K)->61770K(68800K) NonClass: 50875K(53888K)->50875K(53888K) Class: 10895K(14912K)->10895K(14912K)
[91.164s][info][gc          ] GC(49) Pause Full (System.gc()) 1303M->1303M(6144M) 583.531ms
[91.753s][info][gc,metaspace] GC(50) Metaspace: 61770K(68800K)->61770K(68800K) NonClass: 50875K(53888K)->50875K(53888K) Class: 10895K(14912K)->10895K(14912K)
[91.753s][info][gc          ] GC(50) Pause Full (System.gc()) 1303M->1303M(6144M) 588.311ms
[92.358s][info][gc,metaspace] GC(51) Metaspace: 61770K(68800K)->61770K(68800K) NonClass: 50875K(53888K)->50875K(53888K) Class: 10895K(14912K)->10895K(14912K)
[92.358s][info][gc          ] GC(51) Pause Full (System.gc()) 1303M->1303M(6144M) 604.799ms
[92.938s][info][gc,metaspace] GC(52) Metaspace: 61770K(68800K)->61770K(68800K) NonClass: 50875K(53888K)->50875K(53888K) Class: 10895K(14912K)->10895K(14912K)
[92.938s][info][gc          ] GC(52) Pause Full (System.gc()) 1303M->1303M(6144M) 579.734ms
[93.543s][info][gc,metaspace] GC(53) Metaspace: 61770K(68800K)->61770K(68800K) NonClass: 50875K(53888K)->50875K(53888K) Class: 10895K(14912K)->10895K(14912K)
[93.543s][info][gc          ] GC(53) Pause Full (System.gc()) 1303M->1303M(6144M) 605.422ms
[94.116s][info][gc,metaspace] GC(54) Metaspace: 61770K(68800K)->61770K(68800K) NonClass: 50875K(53888K)->50875K(53888K) Class: 10895K(14912K)->10895K(14912K)
[94.116s][info][gc          ] GC(54) Pause Full (System.gc()) 1303M->1303M(6144M) 572.839ms
[94.694s][info][gc,metaspace] GC(55) Metaspace: 61770K(68800K)->61770K(68800K) NonClass: 50875K(53888K)->50875K(53888K) Class: 10895K(14912K)->10895K(14912K)
[94.694s][info][gc          ] GC(55) Pause Full (System.gc()) 1303M->1303M(6144M) 577.230ms
[95.267s][info][gc,metaspace] GC(56) Metaspace: 61770K(68800K)->61770K(68800K) NonClass: 50875K(53888K)->50875K(53888K) Class: 10895K(14912K)->10895K(14912K)
[95.267s][info][gc          ] GC(56) Pause Full (System.gc()) 1303M->1303M(6144M) 568.696ms
[95.818s][info][gc,metaspace] GC(57) Metaspace: 61770K(68800K)->61770K(68800K) NonClass: 50875K(53888K)->50875K(53888K) Class: 10895K(14912K)->10895K(14912K)
[95.818s][info][gc          ] GC(57) Pause Full (System.gc()) 1303M->1303M(6144M) 550.715ms
[96.427s][info][gc,metaspace] GC(58) Metaspace: 61770K(68800K)->61770K(68800K) NonClass: 50875K(53888K)->50875K(53888K) Class: 10895K(14912K)->10895K(14912K)
[96.427s][info][gc          ] GC(58) Pause Full (System.gc()) 1303M->1303M(6144M) 609.373ms
[97.050s][info][gc,metaspace] GC(59) Metaspace: 61770K(68800K)->61770K(68800K) NonClass: 50875K(53888K)->50875K(53888K) Class: 10895K(14912K)->10895K(14912K)
[97.050s][info][gc          ] GC(59) Pause Full (System.gc()) 1303M->1303M(6144M) 623.134ms
[97.659s][info][gc,metaspace] GC(60) Metaspace: 61770K(68800K)->61770K(68800K) NonClass: 50875K(53888K)->50875K(53888K) Class: 10895K(14912K)->10895K(14912K)
[97.659s][info][gc          ] GC(60) Pause Full (System.gc()) 1303M->1303M(6144M) 608.889ms
[98.258s][info][gc,metaspace] GC(61) Metaspace: 61770K(68800K)->61770K(68800K) NonClass: 50875K(53888K)->50875K(53888K) Class: 10895K(14912K)->10895K(14912K)
[98.258s][info][gc          ] GC(61) Pause Full (System.gc()) 1303M->1303M(6144M) 598.849ms
[98.816s][info][gc,metaspace] GC(62) Metaspace: 61770K(68800K)->61770K(68800K) NonClass: 50875K(53888K)->50875K(53888K) Class: 10895K(14912K)->10895K(14912K)
[98.816s][info][gc          ] GC(62) Pause Full (System.gc()) 1303M->1303M(6144M) 557.232ms
[99.439s][info][gc,metaspace] GC(63) Metaspace: 61770K(68800K)->61770K(68800K) NonClass: 50875K(53888K)->50875K(53888K) Class: 10895K(14912K)->10895K(14912K)
[99.439s][info][gc          ] GC(63) Pause Full (System.gc()) 1303M->1303M(6144M) 623.172ms
[100.009s][info][gc,metaspace] GC(64) Metaspace: 61770K(68800K)->61770K(68800K) NonClass: 50875K(53888K)->50875K(53888K) Class: 10895K(14912K)->10895K(14912K)
[100.009s][info][gc          ] GC(64) Pause Full (System.gc()) 1303M->1303M(6144M) 569.886ms
[100.601s][info][gc,metaspace] GC(65) Metaspace: 61770K(68800K)->61770K(68800K) NonClass: 50875K(53888K)->50875K(53888K) Class: 10895K(14912K)->10895K(14912K)
[100.601s][info][gc          ] GC(65) Pause Full (System.gc()) 1303M->1303M(6144M) 591.205ms
[101.200s][info][gc,metaspace] GC(66) Metaspace: 61770K(68800K)->61770K(68800K) NonClass: 50875K(53888K)->50875K(53888K) Class: 10895K(14912K)->10895K(14912K)
[101.200s][info][gc          ] GC(66) Pause Full (System.gc()) 1303M->1303M(6144M) 599.036ms
[101.782s][info][gc,metaspace] GC(67) Metaspace: 61770K(68800K)->61770K(68800K) NonClass: 50875K(53888K)->50875K(53888K) Class: 10895K(14912K)->10895K(14912K)
[101.782s][info][gc          ] GC(67) Pause Full (System.gc()) 1303M->1303M(6144M) 582.236ms
[102.406s][info][gc,metaspace] GC(68) Metaspace: 61770K(68800K)->61770K(68800K) NonClass: 50875K(53888K)->50875K(53888K) Class: 10895K(14912K)->10895K(14912K)
[102.406s][info][gc          ] GC(68) Pause Full (System.gc()) 1303M->1303M(6144M) 623.947ms
[102.992s][info][gc,metaspace] GC(69) Metaspace: 61770K(68800K)->61770K(68800K) NonClass: 50875K(53888K)->50875K(53888K) Class: 10895K(14912K)->10895K(14912K)
[102.992s][info][gc          ] GC(69) Pause Full (System.gc()) 1303M->1303M(6144M) 586.030ms
[103.598s][info][gc,metaspace] GC(70) Metaspace: 61770K(68800K)->61770K(68800K) NonClass: 50875K(53888K)->50875K(53888K) Class: 10895K(14912K)->10895K(14912K)
[103.598s][info][gc          ] GC(70) Pause Full (System.gc()) 1303M->1303M(6144M) 605.203ms
[104.168s][info][gc,metaspace] GC(71) Metaspace: 61770K(68800K)->61770K(68800K) NonClass: 50875K(53888K)->50875K(53888K) Class: 10895K(14912K)->10895K(14912K)
[104.168s][info][gc          ] GC(71) Pause Full (System.gc()) 1303M->1303M(6144M) 570.362ms
[104.763s][info][gc,metaspace] GC(72) Metaspace: 61770K(68800K)->61770K(68800K) NonClass: 50875K(53888K)->50875K(53888K) Class: 10895K(14912K)->10895K(14912K)
[104.763s][info][gc          ] GC(72) Pause Full (System.gc()) 1303M->1303M(6144M) 594.652ms
[105.378s][info][gc,metaspace] GC(73) Metaspace: 61770K(68800K)->61770K(68800K) NonClass: 50875K(53888K)->50875K(53888K) Class: 10895K(14912K)->10895K(14912K)
[105.378s][info][gc          ] GC(73) Pause Full (System.gc()) 1303M->1303M(6144M) 614.391ms
[105.956s][info][gc,metaspace] GC(74) Metaspace: 61770K(68800K)->61770K(68800K) NonClass: 50875K(53888K)->50875K(53888K) Class: 10895K(14912K)->10895K(14912K)
[105.956s][info][gc          ] GC(74) Pause Full (System.gc()) 1303M->1303M(6144M) 577.942ms
[106.558s][info][gc,metaspace] GC(75) Metaspace: 61770K(68800K)->61770K(68800K) NonClass: 50875K(53888K)->50875K(53888K) Class: 10895K(14912K)->10895K(14912K)
[106.558s][info][gc          ] GC(75) Pause Full (System.gc()) 1303M->1303M(6144M) 601.978ms
[107.146s][info][gc,metaspace] GC(76) Metaspace: 61770K(68800K)->61770K(68800K) NonClass: 50875K(53888K)->50875K(53888K) Class: 10895K(14912K)->10895K(14912K)
[107.146s][info][gc          ] GC(76) Pause Full (System.gc()) 1303M->1303M(6144M) 588.297ms
[107.719s][info][gc,metaspace] GC(77) Metaspace: 61770K(68800K)->61770K(68800K) NonClass: 50875K(53888K)->50875K(53888K) Class: 10895K(14912K)->10895K(14912K)
[107.719s][info][gc          ] GC(77) Pause Full (System.gc()) 1303M->1303M(6144M) 572.220ms
[108.319s][info][gc,metaspace] GC(78) Metaspace: 61770K(68800K)->61770K(68800K) NonClass: 50875K(53888K)->50875K(53888K) Class: 10895K(14912K)->10895K(14912K)
[108.319s][info][gc          ] GC(78) Pause Full (System.gc()) 1303M->1303M(6144M) 599.664ms
[108.910s][info][gc,metaspace] GC(79) Metaspace: 61770K(68800K)->61770K(68800K) NonClass: 50875K(53888K)->50875K(53888K) Class: 10895K(14912K)->10895K(14912K)
[108.910s][info][gc          ] GC(79) Pause Full (System.gc()) 1303M->1303M(6144M) 591.397ms
[109.522s][info][gc,metaspace] GC(80) Metaspace: 61770K(68800K)->61770K(68800K) NonClass: 50875K(53888K)->50875K(53888K) Class: 10895K(14912K)->10895K(14912K)
[109.522s][info][gc          ] GC(80) Pause Full (System.gc()) 1303M->1303M(6144M) 612.115ms
[110.091s][info][gc,metaspace] GC(81) Metaspace: 61770K(68800K)->61770K(68800K) NonClass: 50875K(53888K)->50875K(53888K) Class: 10895K(14912K)->10895K(14912K)
[110.091s][info][gc          ] GC(81) Pause Full (System.gc()) 1303M->1303M(6144M) 568.486ms
[110.667s][info][gc,metaspace] GC(82) Metaspace: 61770K(68800K)->61770K(68800K) NonClass: 50875K(53888K)->50875K(53888K) Class: 10895K(14912K)->10895K(14912K)
[110.667s][info][gc          ] GC(82) Pause Full (System.gc()) 1303M->1303M(6144M) 575.469ms
[111.240s][info][gc,metaspace] GC(83) Metaspace: 61770K(68800K)->61770K(68800K) NonClass: 50875K(53888K)->50875K(53888K) Class: 10895K(14912K)->10895K(14912K)
[111.240s][info][gc          ] GC(83) Pause Full (System.gc()) 1303M->1303M(6144M) 569.176ms
[111.791s][info][gc,metaspace] GC(84) Metaspace: 61770K(68800K)->61770K(68800K) NonClass: 50875K(53888K)->50875K(53888K) Class: 10895K(14912K)->10895K(14912K)
[111.791s][info][gc          ] GC(84) Pause Full (System.gc()) 1303M->1303M(6144M) 550.887ms
[112.418s][info][gc,metaspace] GC(85) Metaspace: 61770K(68800K)->61770K(68800K) NonClass: 50875K(53888K)->50875K(53888K) Class: 10895K(14912K)->10895K(14912K)
[112.418s][info][gc          ] GC(85) Pause Full (System.gc()) 1303M->1303M(6144M) 626.895ms
[113.000s][info][gc,metaspace] GC(86) Metaspace: 61770K(68800K)->61770K(68800K) NonClass: 50875K(53888K)->50875K(53888K) Class: 10895K(14912K)->10895K(14912K)
[113.000s][info][gc          ] GC(86) Pause Full (System.gc()) 1303M->1303M(6144M) 581.021ms
[113.587s][info][gc,metaspace] GC(87) Metaspace: 61770K(68800K)->61770K(68800K) NonClass: 50875K(53888K)->50875K(53888K) Class: 10895K(14912K)->10895K(14912K)
[113.587s][info][gc          ] GC(87) Pause Full (System.gc()) 1303M->1303M(6144M) 587.759ms
[114.149s][info][gc,metaspace] GC(88) Metaspace: 61770K(68800K)->61770K(68800K) NonClass: 50875K(53888K)->50875K(53888K) Class: 10895K(14912K)->10895K(14912K)
[114.149s][info][gc          ] GC(88) Pause Full (System.gc()) 1303M->1303M(6144M) 561.622ms
[114.735s][info][gc,metaspace] GC(89) Metaspace: 61770K(68800K)->61770K(68800K) NonClass: 50875K(53888K)->50875K(53888K) Class: 10895K(14912K)->10895K(14912K)
[114.735s][info][gc          ] GC(89) Pause Full (System.gc()) 1303M->1303M(6144M) 585.933ms
[115.318s][info][gc,metaspace] GC(90) Metaspace: 61770K(68800K)->61770K(68800K) NonClass: 50875K(53888K)->50875K(53888K) Class: 10895K(14912K)->10895K(14912K)
[115.318s][info][gc          ] GC(90) Pause Full (System.gc()) 1303M->1303M(6144M) 582.575ms
[115.905s][info][gc,metaspace] GC(91) Metaspace: 61770K(68800K)->61770K(68800K) NonClass: 50875K(53888K)->50875K(53888K) Class: 10895K(14912K)->10895K(14912K)
[115.905s][info][gc          ] GC(91) Pause Full (System.gc()) 1303M->1303M(6144M) 586.951ms
[116.517s][info][gc,metaspace] GC(92) Metaspace: 61770K(68800K)->61770K(68800K) NonClass: 50875K(53888K)->50875K(53888K) Class: 10895K(14912K)->10895K(14912K)
[116.517s][info][gc          ] GC(92) Pause Full (System.gc()) 1303M->1303M(6144M) 606.953ms
[117.040s][info][gc,metaspace] GC(93) Metaspace: 61770K(68800K)->61770K(68800K) NonClass: 50875K(53888K)->50875K(53888K) Class: 10895K(14912K)->10895K(14912K)
[117.040s][info][gc          ] GC(93) Pause Full (System.gc()) 1303M->1303M(6144M) 523.400ms
[117.618s][info][gc,metaspace] GC(94) Metaspace: 61770K(68800K)->61770K(68800K) NonClass: 50875K(53888K)->50875K(53888K) Class: 10895K(14912K)->10895K(14912K)
[117.618s][info][gc          ] GC(94) Pause Full (System.gc()) 1303M->1303M(6144M) 577.313ms
[118.140s][info][gc,metaspace] GC(95) Metaspace: 61770K(68800K)->61770K(68800K) NonClass: 50875K(53888K)->50875K(53888K) Class: 10895K(14912K)->10895K(14912K)
[118.140s][info][gc          ] GC(95) Pause Full (System.gc()) 1303M->1303M(6144M) 522.056ms
[118.688s][info][gc,metaspace] GC(96) Metaspace: 61770K(68800K)->61770K(68800K) NonClass: 50875K(53888K)->50875K(53888K) Class: 10895K(14912K)->10895K(14912K)
[118.688s][info][gc          ] GC(96) Pause Full (System.gc()) 1303M->1303M(6144M) 547.836ms
[119.210s][info][gc,metaspace] GC(97) Metaspace: 61770K(68800K)->61770K(68800K) NonClass: 50875K(53888K)->50875K(53888K) Class: 10895K(14912K)->10895K(14912K)
[119.210s][info][gc          ] GC(97) Pause Full (System.gc()) 1303M->1303M(6144M) 521.691ms
[119.751s][info][gc,metaspace] GC(98) Metaspace: 61770K(68800K)->61770K(68800K) NonClass: 50875K(53888K)->50875K(53888K) Class: 10895K(14912K)->10895K(14912K)
[119.751s][info][gc          ] GC(98) Pause Full (System.gc()) 1303M->1303M(6144M) 541.478ms
[120.304s][info][gc,metaspace] GC(99) Metaspace: 61770K(68800K)->61770K(68800K) NonClass: 50875K(53888K)->50875K(53888K) Class: 10895K(14912K)->10895K(14912K)
[120.304s][info][gc          ] GC(99) Pause Full (System.gc()) 1303M->1303M(6144M) 552.623ms
[120.811s][info][gc,metaspace] GC(100) Metaspace: 61770K(68800K)->61770K(68800K) NonClass: 50875K(53888K)->50875K(53888K) Class: 10895K(14912K)->10895K(14912K)
[120.811s][info][gc          ] GC(100) Pause Full (System.gc()) 1303M->1303M(6144M) 506.803ms
[121.358s][info][gc,metaspace] GC(101) Metaspace: 61770K(68800K)->61770K(68800K) NonClass: 50875K(53888K)->50875K(53888K) Class: 10895K(14912K)->10895K(14912K)
[121.358s][info][gc          ] GC(101) Pause Full (System.gc()) 1303M->1303M(6144M) 546.785ms
[121.902s][info][gc,metaspace] GC(102) Metaspace: 61770K(68800K)->61770K(68800K) NonClass: 50875K(53888K)->50875K(53888K) Class: 10895K(14912K)->10895K(14912K)
[121.902s][info][gc          ] GC(102) Pause Full (System.gc()) 1303M->1303M(6144M) 544.096ms
[122.460s][info][gc,metaspace] GC(103) Metaspace: 61770K(68800K)->61770K(68800K) NonClass: 50875K(53888K)->50875K(53888K) Class: 10895K(14912K)->10895K(14912K)
[122.460s][info][gc          ] GC(103) Pause Full (System.gc()) 1303M->1303M(6144M) 558.104ms
[122.978s][info][gc,metaspace] GC(104) Metaspace: 61770K(68800K)->61770K(68800K) NonClass: 50875K(53888K)->50875K(53888K) Class: 10895K(14912K)->10895K(14912K)
[122.978s][info][gc          ] GC(104) Pause Full (System.gc()) 1305M->1303M(6144M) 517.185ms
[123.516s][info][gc,metaspace] GC(105) Metaspace: 61770K(68800K)->61770K(68800K) NonClass: 50875K(53888K)->50875K(53888K) Class: 10895K(14912K)->10895K(14912K)
[123.516s][info][gc          ] GC(105) Pause Full (System.gc()) 1303M->1303M(6144M) 538.502ms
[124.030s][info][gc,metaspace] GC(106) Metaspace: 61770K(68800K)->61770K(68800K) NonClass: 50875K(53888K)->50875K(53888K) Class: 10895K(14912K)->10895K(14912K)
[124.030s][info][gc          ] GC(106) Pause Full (System.gc()) 1303M->1303M(6144M) 513.347ms
[124.579s][info][gc,metaspace] GC(107) Metaspace: 61770K(68800K)->61770K(68800K) NonClass: 50875K(53888K)->50875K(53888K) Class: 10895K(14912K)->10895K(14912K)
[124.580s][info][gc          ] GC(107) Pause Full (System.gc()) 1303M->1303M(6144M) 549.748ms
[125.111s][info][gc,metaspace] GC(108) Metaspace: 61770K(68800K)->61770K(68800K) NonClass: 50875K(53888K)->50875K(53888K) Class: 10895K(14912K)->10895K(14912K)
[125.112s][info][gc          ] GC(108) Pause Full (System.gc()) 1303M->1303M(6144M) 531.913ms
[125.656s][info][gc,metaspace] GC(109) Metaspace: 61770K(68800K)->61770K(68800K) NonClass: 50875K(53888K)->50875K(53888K) Class: 10895K(14912K)->10895K(14912K)
[125.656s][info][gc          ] GC(109) Pause Full (System.gc()) 1303M->1303M(6144M) 544.719ms
[126.184s][info][gc,metaspace] GC(110) Metaspace: 61770K(68800K)->61770K(68800K) NonClass: 50875K(53888K)->50875K(53888K) Class: 10895K(14912K)->10895K(14912K)
[126.184s][info][gc          ] GC(110) Pause Full (System.gc()) 1303M->1303M(6144M) 527.498ms
After GCs... 
