[0.002s][info][metaspace]  - commit_granule_bytes: 65536.
[0.002s][info][metaspace]  - commit_granule_words: 8192.
[0.002s][info][metaspace]  - virtual_space_node_default_size: 8388608.
[0.002s][info][metaspace]  - enlarge_chunks_in_place: 1.
[0.002s][info][metaspace]  - use_allocation_guard: 0.
[0.003s][info][gc,init  ] CardTable entry size: 512
[0.003s][info][gc       ] Using G1
[0.007s][info][gc,init  ] Version: 23-internal-adhoc.thomas.source (release)
[0.007s][info][gc,init  ] CPUs: 8 total, 8 available
[0.007s][info][gc,init  ] Memory: 15662M
[0.007s][info][gc,init  ] Large Page Support: Disabled
[0.007s][info][gc,init  ] NUMA Support: Disabled
[0.007s][info][gc,init  ] Compressed Oops: Enabled (Zero based)
[0.007s][info][gc,init  ] Heap Region Size: 8M
[0.007s][info][gc,init  ] Heap Min Capacity: 8G
[0.007s][info][gc,init  ] Heap Initial Capacity: 8G
[0.007s][info][gc,init  ] Heap Max Capacity: 12G
[0.007s][info][gc,init  ] Pre-touch: Disabled
[0.007s][info][gc,init  ] Parallel Workers: 8
[0.007s][info][gc,init  ] Concurrent Workers: 2
[0.007s][info][gc,init  ] Concurrent Refinement Workers: 8
[0.007s][info][gc,init  ] Periodic GC: Disabled
[0.007s][info][metaspace] Reserving compressed class space anywhere
[0.007s][info][gc,metaspace] CDS archive(s) not mapped
[0.007s][info][gc,metaspace] Compressed class space mapped at: 0x00007f616b000000-0x00007f61ab000000, reserved size: 1073741824
[0.007s][info][gc,metaspace] UseCompressedClassPointers 1, UseCompactObjectHeaders 1, Use2c0 0narrow klass pointer bits 26, max shift 6
[0.007s][info][gc,metaspace] Narrow klass base: 0x00007f616b000000, Narrow klass shift: 6, Narrow klass range: 0x40000000

SPECjbb2015 Java Business Benchmark
 (c) Standard Performance Evaluation Corporation, 2015

Preparing to launch All-in-one SPECjbb2015.

Reading property file: /shared/projects/openjdk/benchmarks/test-hyperaligning-lilliput/SPECjbb2015_1.00-jdk16+/jdk-26bit-staggered-klass-OFF-24-05-15_074717/./config/specjbb2015.props

     0s: Enumerating plugins...
     0s:    Connectivity:
     0s:             HTTP_Grizzly: Grizzly HTTP server, JDK HTTP client
     0s:              NIO_Grizzly: Grizzly NIO server, Grizzly NIO client
     0s:               HTTP_Jetty: Jetty HTTP server, JDK HTTP client
     0s:    Snapshot:
     0s:                 InMemory: Stores snapshots in heap memory
     0s:    Data Writers:
     0s:                     Demo: Send all frame to listener
     0s:                   InFile: Writing Data into file
     0s:                   Silent: Drop all frames
     0s: 
     0s: Kit validation is skipped.
     0s: Tests are skipped.
     0s: 
     0s: [0.913s][info][metaspace   ] Arena @0x00007f61e8472ba0 (non-class arena): commit failure (requested size: 11)
[0.913s][info][metaspace   ] ChkMgr @0x00007f61e8467ad0 (non-class-space): failed to commit 11 words on chunk @0x00007f61e8bbcf30, f, base 0x00007f6161280000, top 0x00007f6161280000, level lv05.
[0.913s][info][metaspace   ] Arena @0x00007f61e8472ba0 (non-class arena): failed to allocate new chunk for requested word size 11.
[0.913s][info][metaspace   ] Arena @0x00007f61e8472ba0 (non-class arena): allocation failed, returned null.
[0.913s][info][metaspace   ] Arena @0x00007f61e8472ba0 (non-class arena): commit failure (requested size: 11)
[0.913s][info][metaspace   ] ChkMgr @0x00007f61e8467ad0 (non-class-space): failed to commit 11 words on chunk @0x00007f61e8bbcf30, f, base 0x00007f6161280000, top 0x00007f6161280000, level lv05.
[0.913s][info][metaspace   ] Arena @0x00007f61e8472ba0 (non-class arena): failed to allocate new chunk for requested word size 11.
[0.913s][info][metaspace   ] Arena @0x00007f61e8472ba0 (non-class arena): allocation failed, returned null.
[0.913s][info][metaspace   ] Arena @0x00007f61e8472ba0 (non-class arena): commit failure (requested size: 11)
[0.913s][info][metaspace   ] ChkMgr @0x00007f61e8467ad0 (non-class-space): failed to commit 11 words on chunk @0x00007f61e8bbcf30, f, base 0x00007f6161280000, top 0x00007f6161280000, level lv05.
[0.913s][info][metaspace   ] Arena @0x00007f61e8472ba0 (non-class arena): failed to allocate new chunk for requested word size 11.
[0.913s][info][metaspace   ] Arena @0x00007f61e8472ba0 (non-class arena): allocation failed, returned null.
[0.913s][info][gc,start    ] GC(0) Pause Young (Concurrent Start) (Metadata GC Threshold)
[0.913s][info][gc,task     ] GC(0) Using 8 workers of 8 for evacuation
[0.918s][info][gc,phases   ] GC(0)   Pre Evacuate Collection Set: 0.20ms
[0.918s][info][gc,phases   ] GC(0)   Merge Heap Roots: 0.10ms
[0.918s][info][gc,phases   ] GC(0)   Evacuate Collection Set: 4.11ms
[0.918s][info][gc,phases   ] GC(0)   Post Evacuate Collection Set: 0.44ms
[0.918s][info][gc,phases   ] GC(0)   Other: 0.60ms
[0.918s][info][gc,heap     ] GC(0) Eden regions: 32->0(50)
[0.918s][info][gc,heap     ] GC(0) Survivor regions: 0->1(7)
[0.918s][info][gc,heap     ] GC(0) Old regions: 0->0
[0.918s][info][gc,heap     ] GC(0) Humongous regions: 0->0
[0.918s][info][gc,metaspace] GC(0) Metaspace: 21272K(21504K)->21272K(21504K) NonClass: 18567K(18688K)->18567K(18688K) Class: 2704K(2816K)->2704K(2816K)
[0.918s][info][gc          ] GC(0) Pause Young (Concurrent Start) (Metadata GC Threshold) 252M->4M(8192M) 5.569ms
[0.918s][info][gc          ] GC(1) Concurrent Mark Cycle
[0.918s][info][gc,cpu      ] GC(0) User=0.02s Sys=0.02s Real=0.00s
[0.918s][info][gc,marking  ] GC(1) Concurrent Scan Root Regions
[0.918s][info][metaspace   ] CLMS @0x00007f61e8472b70 : GC threshold increased: 22020096->22347776.
[0.921s][info][gc,marking  ] GC(1) Concurrent Scan Root Regions 2.303ms
[0.921s][info][gc,marking  ] GC(1) Concurrent Mark
[0.921s][info][gc,marking  ] GC(1) Concurrent Mark From Roots
[0.921s][info][gc,task     ] GC(1) Using 2 workers of 2 for marking
[0.921s][info][gc,marking  ] GC(1) Concurrent Mark From Roots 0.509ms
[0.921s][info][gc,marking  ] GC(1) Concurrent Preclean
[0.921s][info][gc,marking  ] GC(1) Concurrent Preclean 0.005ms
[0.921s][info][gc,start    ] GC(1) Pause Remark
[0.922s][info][gc          ] GC(1) Pause Remark 12M->12M(8192M) 0.737ms
[0.922s][info][gc,cpu      ] GC(1) User=0.00s Sys=0.00s Real=0.00s
[0.922s][info][gc,marking  ] GC(1) Concurrent Mark 1.393ms
[0.922s][info][gc,marking  ] GC(1) Concurrent Rebuild Remembered Sets and Scrub Regions
[0.922s][info][gc,marking  ] GC(1) Concurrent Rebuild Remembered Sets and Scrub Regions 0.062ms
[0.922s][info][gc,start    ] GC(1) Pause Cleanup
[0.922s][info][gc          ] GC(1) Pause Cleanup 12M->12M(8192M) 0.020ms
[0.922s][info][gc,cpu      ] GC(1) User=0.00s Sys=0.00s Real=0.00s
[0.922s][info][gc,marking  ] GC(1) Concurrent Clear Claimed Marks
[0.922s][info][gc,marking  ] GC(1) Concurrent Clear Claimed Marks 0.014ms
[0.922s][info][gc,marking  ] GC(1) Concurrent Cleanup for Next Mark
[0.933s][info][gc,marking  ] GC(1) Concurrent Cleanup for Next Mark 11.194ms
[0.933s][info][gc          ] GC(1) Concurrent Mark Cycle 15.179ms
Ladies and gentlemen, this is your Controller speaking.
     1s: We are delighted in having you for benchmark run today.
     1s: 
     1s: Binary log file is ./specjbb2015-C-20240515-00001.data.gz
     1s: 
     1s: Performing handshake with all agents ...
     1s: 
     1s:  Agent Group1.TxInjector.CompositeTxInjector has attached to Controller
     1s:  Agent Group1.Backend.CompositeBackend has attached to Controller
     1s: 
     1s: All agents have connected.
     1s: 
     1s: Attached agents info:

Group "Group1"
    TxInjectors:
        CompositeTxInjector, includes { Driver } @ [local in-Java link]
    Backends:
        CompositeBackend, includes { SM(2),SP(2) } @ [local in-Java link]

     1s: Initializing... (init[1.400s][info][gc,start    ] GC(2) Pause Young (Normal) (G1 Evacuation Pause)
[1.400s][info][gc,task     ] GC(2) Using 8 workers of 8 for evacuation
[1.476s][info][gc,phases   ] GC(2)   Pre Evacuate Collection Set: 0.16ms
[1.476s][info][gc,phases   ] GC(2)   Merge Heap Roots: 0.03ms
[1.476s][info][gc,phases   ] GC(2)   Evacuate Collection Set: 75.17ms
[1.476s][info][gc,phases   ] GC(2)   Post Evacuate Collection Set: 0.74ms
[1.476s][info][gc,phases   ] GC(2)   Other: 0.06ms
[1.476s][info][gc,heap     ] GC(2) Eden regions: 50->0(44)
[1.476s][info][gc,heap     ] GC(2) Survivor regions: 1->7(7)
[1.476s][info][gc,heap     ] GC(2) Old regions: 0->14
[1.476s][info][gc,heap     ] GC(2) Humongous regions: 3->3
[1.476s][info][gc,metaspace] GC(2) Metaspace: 23712K(24064K)->23712K(24064K) NonClass: 20749K(20928K)->20749K(20928K) Class: 2963K(3136K)->2963K(3136K)
[1.476s][info][gc          ] GC(2) Pause Young (Normal) (G1 Evacuation Pause) 428M->187M(8192M) 76.289ms
[1.476s][info][gc,cpu      ] GC(2) User=0.44s Sys=0.15s Real=0.08s
[1.644s][info][gc,start    ] GC(3) Pause Young (Normal) (G1 Evacuation Pause)
[1.644s][info][gc,task     ] GC(3) Using 8 workers of 8 for evacuation
[1.777s][info][gc,phases   ] GC(3)   Pre Evacuate Collection Set: 0.17ms
[1.777s][info][gc,phases   ] GC(3)   Merge Heap Roots: 0.21ms
[1.777s][info][gc,phases   ] GC(3)   Evacuate Collection Set: 132.26ms
[1.777s][info][gc,phases   ] GC(3)   Post Evacuate Collection Set: 0.48ms
[1.777s][info][gc,phases   ] GC(3)   Other: 0.05ms
[1.777s][info][gc,heap     ] GC(3) Eden regions: 44->0(44)
[1.777s][info][gc,heap     ] GC(3) Survivor regions: 7->7(7)
[1.777s][info][gc,heap     ] GC(3) Old regions: 14->50
[1.777s][info][gc,heap     ] GC(3) Humongous regions: 3->3
[1.777s][info][gc,metaspace] GC(3) Metaspace: 23714K(24064K)->23714K(24064K) NonClass: 20751K(20928K)->20751K(20928K) Class: 2963K(3136K)->2963K(3136K)
[1.777s][info][gc          ] GC(3) Pause Young (Normal) (G1 Evacuation Pause) 539M->480M(8192M) 133.322ms
[1.777s][info][gc,cpu      ] GC(3) User=1.00s Sys=0.05s Real=0.13s
[1.939s][info][gc,start    ] GC(4) Pause Young (Normal) (G1 Evacuation Pause)
[1.939s][info][gc,task     ] GC(4) Using 8 workers of 8 for evacuation
[2.073s][info][gc,phases   ] GC(4)   Pre Evacuate Collection Set: 0.19ms
[2.073s][info][gc,phases   ] GC(4)   Merge Heap Roots: 0.18ms
[2.073s][info][gc,phases   ] GC(4)   Evacuate Collection Set: 132.96ms
[2.073s][info][gc,phases   ] GC(4)   Post Evacuate Collection Set: 0.25ms
[2.073s][info][gc,phases   ] GC(4)   Other: 0.05ms
[2.073s][info][gc,heap     ] GC(4) Eden regions: 44->0(44)
[2.073s][info][gc,heap     ] GC(4) Survivor regions: 7->7(7)
[2.073s][info][gc,heap     ] GC(4) Old regions: 50->88
[2.073s][info][gc,heap     ] GC(4) Humongous regions: 3->3
[2.073s][info][gc,metaspace] GC(4) Metaspace: 23736K(24128K)->23736K(24128K) NonClass: 20773K(20992K)->20773K(20992K) Class: 2963K(3136K)->2963K(3136K)
[2.073s][info][gc          ] GC(4) Pause Young (Normal) (G1 Evacuation Pause) 832M->784M(8192M) 133.763ms
[2.073s][info][gc,cpu      ] GC(4) User=1.01s Sys=0.03s Real=0.14s
[2.457s][info][gc,start    ] GC(5) Pause Young (Normal) (G1 Evacuation Pause)
[2.457s][info][gc,task     ] GC(5) Using 8 workers of 8 for evacuation
[2.565s][info][gc,phases   ] GC(5)   Pre Evacuate Collection Set: 0.18ms
[2.565s][info][gc,phases   ] GC(5)   Merge Heap Roots: 0.08ms
[2.565s][info][gc,phases   ] GC(5)   Evacuate Collection Set: 106.99ms
[2.565s][info][gc,phases   ] GC(5)   Post Evacuate Collection Set: 0.33ms
[2.565s][info][gc,phases   ] GC(5)   Other: 0.06ms
[2.565s][info][gc,heap     ] GC(5) Eden regions: 44->0(44)
[2.565s][info][gc,heap     ] GC(5) Survivor regions: 7->7(7)
[2.565s][info][gc,heap     ] GC(5) Old regions: 88->112
[2.565s][info][gc,heap     ] GC(5) Humongous regions: 3->3
[2.565s][info][gc,metaspace] GC(5) Metaspace: 23803K(24128K)->23803K(24128K) NonClass: 20837K(20992K)->20837K(20992K) Class: 2966K(3136K)->2966K(3136K)
[2.565s][info][gc          ] GC(5) Pause Young (Normal) (G1 Evacuation Pause) 1136M->972M(8192M) 107.814ms
[2.565s][info][gc,cpu      ] GC(5) User=0.83s Sys=0.03s Real=0.11s
) OK
     2s: 
     2s: Check whether properties are compliant
     2s: (validation=PASSED) Property settings are COMPLIANT.
     2s: 
     2s: Searching for high-bound for max-jOPS possible for this system
     2s: Searching from base IR = 100
     2s:       rampup IR =      0 [reconfig (term) [2.829s][info][gc,start    ] GC(6) Pause Full (System.gc())
[2.829s][info][gc,task     ] GC(6) Using 8 workers of 8 for full compaction
[2.829s][info][gc,phases,start] GC(6) Phase 1: Mark live objects
[2.844s][info][gc,phases      ] GC(6) Phase 1: Mark live objects 14.704ms
[2.844s][info][gc,phases,start] GC(6) Phase 2: Prepare compaction
[2.851s][info][gc,phases      ] GC(6) Phase 2: Prepare compaction 6.978ms
[2.851s][info][gc,phases,start] GC(6) Phase 3: Adjust pointers
[2.862s][info][gc,phases      ] GC(6) Phase 3: Adjust pointers 10.346ms
[2.862s][info][gc,phases,start] GC(6) Phase 4: Compact heap
[2.872s][info][gc,phases      ] GC(6) Phase 4: Compact heap 10.540ms
[2.872s][info][gc,phases,start] GC(6) Phase 5: Reset Metadata
[2.875s][info][gc,phases      ] GC(6) Phase 5: Reset Metadata 2.379ms
[2.883s][info][gc,heap        ] GC(6) Eden regions: 18->0(51)
[2.883s][info][gc,heap        ] GC(6) Survivor regions: 7->0(7)
[2.883s][info][gc,heap        ] GC(6) Old regions: 112->12
[2.883s][info][gc,heap        ] GC(6) Humongous regions: 3->3
[2.883s][info][gc,metaspace   ] GC(6) Metaspace: 24055K(24448K)->24055K(24448K) NonClass: 21059K(21312K)->21059K(21312K) Class: 2996K(3136K)->2996K(3136K)
[2.883s][info][gc             ] GC(6) Pause Full (System.gc()) 1110M->89M(8192M) 53.557ms
[2.883s][info][gc,cpu         ] GC(6) User=0.35s Sys=0.00s Real=0.06s
(init[3.201s][info][gc,start       ] GC(7) Pause Young (Normal) (G1 Evacuation Pause)
[3.201s][info][gc,task        ] GC(7) Using 8 workers of 8 for evacuation
[3.304s][info][gc,phases      ] GC(7)   Pre Evacuate Collection Set: 0.17ms
[3.304s][info][gc,phases      ] GC(7)   Merge Heap Roots: 0.03ms
[3.304s][info][gc,phases      ] GC(7)   Evacuate Collection Set: 101.80ms
[3.304s][info][gc,phases      ] GC(7)   Post Evacuate Collection Set: 1.19ms
[3.304s][info][gc,phases      ] GC(7)   Other: 0.05ms
[3.304s][info][gc,heap        ] GC(7) Eden regions: 51->0(52)
[3.304s][info][gc,heap        ] GC(7) Survivor regions: 0->7(7)
[3.304s][info][gc,heap        ] GC(7) Old regions: 12->46
[3.304s][info][gc,heap        ] GC(7) Humongous regions: 3->3
[3.304s][info][gc,metaspace   ] GC(7) Metaspace: 24060K(24448K)->24060K(24448K) NonClass: 21063K(21312K)->21063K(21312K) Class: 2996K(3136K)->2996K(3136K)
[3.304s][info][gc             ] GC(7) Pause Young (Normal) (G1 Evacuation Pause) 497M->413M(9584M) 103.363ms
[3.304s][info][gc,cpu         ] GC(7) User=0.81s Sys=0.00s Real=0.10s
[3.446s][info][gc,start       ] GC(8) Pause Young (Normal) (G1 Evacuation Pause)
[3.446s][info][gc,task        ] GC(8) Using 8 workers of 8 for evacuation
[3.582s][info][gc,phases      ] GC(8)   Pre Evacuate Collection Set: 0.19ms
[3.582s][info][gc,phases      ] GC(8)   Merge Heap Roots: 0.23ms
[3.582s][info][gc,phases      ] GC(8)   Evacuate Collection Set: 135.89ms
[3.582s][info][gc,phases      ] GC(8)   Post Evacuate Collection Set: 0.27ms
[3.582s][info][gc,phases      ] GC(8)   Other: 0.06ms
[3.582s][info][gc,heap        ] GC(8) Eden regions: 52->0(51)
[3.582s][info][gc,heap        ] GC(8) Survivor regions: 7->8(8)
[3.582s][info][gc,heap        ] GC(8) Old regions: 46->87
[3.582s][info][gc,heap        ] GC(8) Humongous regions: 3->3
[3.582s][info][gc,metaspace   ] GC(8) Metaspace: 24070K(24448K)->24070K(24448K) NonClass: 21074K(21312K)->21074K(21312K) Class: 2996K(3136K)->2996K(3136K)
[3.582s][info][gc             ] GC(8) Pause Young (Normal) (G1 Evacuation Pause) 829M->749M(9584M) 136.785ms
[3.582s][info][gc,cpu         ] GC(8) User=1.07s Sys=0.01s Real=0.14s
[3.901s][info][gc,start       ] GC(9) Pause Young (Normal) (G1 Evacuation Pause)
[3.901s][info][gc,task        ] GC(9) Using 8 workers of 8 for evacuation
[4.000s][info][gc,phases      ] GC(9)   Pre Evacuate Collection Set: 0.19ms
[4.000s][info][gc,phases      ] GC(9)   Merge Heap Roots: 0.15ms
[4.000s][info][gc,phases      ] GC(9)   Evacuate Collection Set: 98.34ms
[4.000s][info][gc,phases      ] GC(9)   Post Evacuate Collection Set: 0.30ms
[4.000s][info][gc,phases      ] GC(9)   Other: 0.05ms
[4.000s][info][gc,heap        ] GC(9) Eden regions: 51->0(51)
[4.000s][info][gc,heap        ] GC(9) Survivor regions: 8->8(8)
[4.000s][info][gc,heap        ] GC(9) Old regions: 87->110
[4.000s][info][gc,heap        ] GC(9) Humongous regions: 3->3
[4.000s][info][gc,metaspace   ] GC(9) Metaspace: 24071K(24448K)->24071K(24448K) NonClass: 21075K(21312K)->21075K(21312K) Class: 2996K(3136K)->2996K(3136K)
[4.000s][info][gc             ] GC(9) Pause Young (Normal) (G1 Evacuation Pause) 1157M->937M(9584M) 99.184ms
[4.000s][info][gc,cpu         ] GC(9) User=0.77s Sys=0.01s Real=0.09s
) ] ... (rIR:aIR:PR = 0:0:0) (tPR = 0) [OK] 
     6s:       rampup IR =     10 ... (rIR:aIR:PR = 10:9:9) (tPR = 968) [OK] 
    10s:       rampup IR =     20 ... (rIR:aIR:PR = 20:19:19) (tPR = 1549) [OK] 
    13s:       rampup IR =     30 .... (rIR:aIR:PR = 30:32:32) (tPR = 2460) [OK] 
    17s:       rampup IR =     40 .... (rIR:aIR:PR = 40:40:40) (tPR = 2949) [OK] 
    21s:       rampup IR =     50 .... (rIR:aIR:PR = 50:54:53) (tPR = 3574) [OK] 
    25s:       rampup IR =     60 ..[27.270s][info][gc,start       ] GC(10) Pause Young (Normal) (G1 Evacuation Pause)
[27.270s][info][gc,task        ] GC(10) Using 8 workers of 8 for evacuation
[27.329s][info][gc,phases      ] GC(10)   Pre Evacuate Collection Set: 0.24ms
[27.329s][info][gc,phases      ] GC(10)   Merge Heap Roots: 0.26ms
[27.329s][info][gc,phases      ] GC(10)   Evacuate Collection Set: 57.90ms
[27.329s][info][gc,phases      ] GC(10)   Post Evacuate Collection Set: 0.40ms
[27.329s][info][gc,phases      ] GC(10)   Other: 0.05ms
[27.329s][info][gc,heap        ] GC(10) Eden regions: 51->0(51)
[27.329s][info][gc,heap        ] GC(10) Survivor regions: 8->8(8)
[27.329s][info][gc,heap        ] GC(10) Old regions: 110->120
[27.329s][info][gc,heap        ] GC(10) Humongous regions: 3->3
[27.329s][info][gc,metaspace   ] GC(10) Metaspace: 25961K(26304K)->25961K(26304K) NonClass: 22850K(23040K)->22850K(23040K) Class: 3111K(3264K)->3111K(3264K)
[27.329s][info][gc             ] GC(10) Pause Young (Normal) (G1 Evacuation Pause) 1345M->1013M(9584M) 58.990ms
[27.329s][info][gc,cpu         ] GC(10) User=0.45s Sys=0.00s Real=0.06s
.. (rIR:aIR:PR = 60:61:60) (tPR = 3909) [OK] 
    29s:       rampup IR =     70 .... (rIR:aIR:PR = 70:73:71) (tPR = 4092) [OK] 
    33s:       rampup IR =     80 .... (rIR:aIR:PR = 80:81:79) (tPR = 4381) [OK] 
    37s:       rampup IR =     90 .... (rIR:aIR:PR = 90:95:93) (tPR = 4563) [OK] 
    41s:       rampup IR =    100 .... (rIR:aIR:PR = 100:98:95) (tPR = 4403) [OK] 
    45s:    snapshot, IR =    100 ....|[50.236s][info][gc,start       ] GC(11) Pause Young (Normal) (G1 Evacuation Pause)
[50.237s][info][gc,task        ] GC(11) Using 8 workers of 8 for evacuation
[50.274s][info][gc,phases      ] GC(11)   Pre Evacuate Collection Set: 0.25ms
[50.274s][info][gc,phases      ] GC(11)   Merge Heap Roots: 0.18ms
[50.274s][info][gc,phases      ] GC(11)   Evacuate Collection Set: 36.22ms
[50.274s][info][gc,phases      ] GC(11)   Post Evacuate Collection Set: 0.37ms
[50.274s][info][gc,phases      ] GC(11)   Other: 0.06ms
[50.274s][info][gc,heap        ] GC(11) Eden regions: 51->0(55)
[50.274s][info][gc,heap        ] GC(11) Survivor regions: 8->4(8)
[50.274s][info][gc,heap        ] GC(11) Old regions: 120->128
[50.274s][info][gc,heap        ] GC(11) Humongous regions: 3->3
[50.274s][info][gc,metaspace   ] GC(11) Metaspace: 26121K(26496K)->26121K(26496K) NonClass: 23007K(23232K)->23007K(23232K) Class: 3114K(3264K)->3114K(3264K)
[50.274s][info][gc             ] GC(11) Pause Young (Normal) (G1 Evacuation Pause) 1421M->1046M(9584M) 37.195ms
[50.274s][info][gc,cpu         ] GC(11) User=0.28s Sys=0.01s Real=0.04s
......................[72.117s][info][gc,start       ] GC(12) Pause Young (Normal) (G1 Evacuation Pause)
[72.117s][info][gc,task        ] GC(12) Using 8 workers of 8 for evacuation
[72.139s][info][gc,phases      ] GC(12)   Pre Evacuate Collection Set: 0.26ms
[72.139s][info][gc,phases      ] GC(12)   Merge Heap Roots: 0.17ms
[72.139s][info][gc,phases      ] GC(12)   Evacuate Collection Set: 20.58ms
[72.139s][info][gc,phases      ] GC(12)   Post Evacuate Collection Set: 0.35ms
[72.139s][info][gc,phases      ] GC(12)   Other: 0.06ms
[72.139s][info][gc,heap        ] GC(12) Eden regions: 55->0(52)
[72.139s][info][gc,heap        ] GC(12) Survivor regions: 4->7(8)
[72.139s][info][gc,heap        ] GC(12) Old regions: 128->128
[72.139s][info][gc,heap        ] GC(12) Humongous regions: 3->3
[72.139s][info][gc,metaspace   ] GC(12) Metaspace: 28090K(28480K)->28090K(28480K) NonClass: 24764K(24960K)->24764K(24960K) Class: 3326K(3520K)->3326K(3520K)
[72.139s][info][gc             ] GC(12) Pause Young (Normal) (G1 Evacuation Pause) 1486M->1067M(9584M) 21.568ms
[72.139s][info][gc,cpu         ] GC(12) User=0.16s Sys=0.00s Real=0.02s
........ (rIR:aIR:PR = 100:100:98) (tPR = 3167) [OK] 
    79s: Performing snapshot: (quiescence.....) (stop TxI) (stop BE) (saving... 103377 Kb) (term) [86.188s][info][gc,start       ] GC(13) Pause Full (System.gc())
[86.188s][info][gc,task        ] GC(13) Using 8 workers of 8 for full compaction
[86.188s][info][gc,phases,start] GC(13) Phase 1: Mark live objects
[86.203s][info][gc,phases      ] GC(13) Phase 1: Mark live objects 15.670ms
[86.204s][info][gc,phases,start] GC(13) Phase 2: Prepare compaction
[86.208s][info][gc,phases      ] GC(13) Phase 2: Prepare compaction 4.427ms
[86.208s][info][gc,phases,start] GC(13) Phase 3: Adjust pointers
[86.217s][info][gc,phases      ] GC(13) Phase 3: Adjust pointers 8.633ms
[86.217s][info][gc,phases,start] GC(13) Phase 4: Compact heap
[86.221s][info][gc,phases      ] GC(13) Phase 4: Compact heap 4.283ms
[86.221s][info][gc,phases,start] GC(13) Phase 5: Reset Metadata
[86.225s][info][gc,phases      ] GC(13) Phase 5: Reset Metadata 3.675ms
[86.241s][info][gc,heap        ] GC(13) Eden regions: 43->0(51)
[86.241s][info][gc,heap        ] GC(13) Survivor regions: 7->0(8)
[86.241s][info][gc,heap        ] GC(13) Old regions: 128->12
[86.241s][info][gc,heap        ] GC(13) Humongous regions: 77->18
[86.241s][info][gc,metaspace   ] GC(13) Metaspace: 28264K(28672K)->28264K(28672K) NonClass: 24931K(25152K)->24931K(25152K) Class: 3332K(3520K)->3332K(3520K)
[86.241s][info][gc             ] GC(13) Pause Full (System.gc()) 1997M->211M(8192M) 53.475ms
[86.241s][info][gc,cpu         ] GC(13) User=0.29s Sys=0.04s Real=0.06s
(init[86.751s][info][gc,start       ] GC(14) Pause Young (Normal) (G1 Evacuation Pause)
[86.751s][info][gc,task        ] GC(14) Using 8 workers of 8 for evacuation
[86.831s][info][gc,phases      ] GC(14)   Pre Evacuate Collection Set: 0.16ms
[86.831s][info][gc,phases      ] GC(14)   Merge Heap Roots: 0.15ms
[86.831s][info][gc,phases      ] GC(14)   Evacuate Collection Set: 79.46ms
[86.831s][info][gc,phases      ] GC(14)   Post Evacuate Collection Set: 0.25ms
[86.831s][info][gc,phases      ] GC(14)   Other: 0.05ms
[86.831s][info][gc,heap        ] GC(14) Eden regions: 51->0(44)
[86.831s][info][gc,heap        ] GC(14) Survivor regions: 0->7(7)
[86.831s][info][gc,heap        ] GC(14) Old regions: 12->20
[86.831s][info][gc,heap        ] GC(14) Humongous regions: 24->24
[86.831s][info][gc,metaspace   ] GC(14) Metaspace: 28353K(28864K)->28353K(28864K) NonClass: 25012K(25280K)->25012K(25280K) Class: 3340K(3584K)->3340K(3584K)
[86.831s][info][gc             ] GC(14) Pause Young (Normal) (G1 Evacuation Pause) 667M->377M(8192M) 80.196ms
[86.831s][info][gc,cpu         ] GC(14) User=0.62s Sys=0.01s Real=0.08s
[87.033s][info][gc,start       ] GC(15) Pause Young (Normal) (G1 Evacuation Pause)
[87.033s][info][gc,task        ] GC(15) Using 8 workers of 8 for evacuation
[87.151s][info][gc,phases      ] GC(15)   Pre Evacuate Collection Set: 0.19ms
[87.151s][info][gc,phases      ] GC(15)   Merge Heap Roots: 0.23ms
[87.151s][info][gc,phases      ] GC(15)   Evacuate Collection Set: 116.59ms
[87.151s][info][gc,phases      ] GC(15)   Post Evacuate Collection Set: 0.75ms
[87.151s][info][gc,phases      ] GC(15)   Other: 0.05ms
[87.151s][info][gc,heap        ] GC(15) Eden regions: 44->0(52)
[87.151s][info][gc,heap        ] GC(15) Survivor regions: 7->7(7)
[87.151s][info][gc,heap        ] GC(15) Old regions: 20->42
[87.151s][info][gc,heap        ] GC(15) Humongous regions: 28->28
[87.151s][info][gc,metaspace   ] GC(15) Metaspace: 28357K(28864K)->28357K(28864K) NonClass: 25016K(25280K)->25016K(25280K) Class: 3340K(3584K)->3340K(3584K)
[87.151s][info][gc             ] GC(15) Pause Young (Normal) (G1 Evacuation Pause) 761M->585M(9464M) 117.948ms
[87.151s][info][gc,cpu         ] GC(15) User=0.93s Sys=0.00s Real=0.12s
[87.454s][info][gc,start       ] GC(16) Pause Young (Normal) (G1 Evacuation Pause)
[87.454s][info][gc,task        ] GC(16) Using 8 workers of 8 for evacuation
[87.564s][info][gc,phases      ] GC(16)   Pre Evacuate Collection Set: 0.22ms
[87.564s][info][gc,phases      ] GC(16)   Merge Heap Roots: 0.17ms
[87.564s][info][gc,phases      ] GC(16)   Evacuate Collection Set: 108.92ms
[87.564s][info][gc,phases      ] GC(16)   Post Evacuate Collection Set: 0.26ms
[87.564s][info][gc,phases      ] GC(16)   Other: 0.05ms
[87.564s][info][gc,heap        ] GC(16) Eden regions: 52->0(51)
[87.564s][info][gc,heap        ] GC(16) Survivor regions: 7->8(8)
[87.564s][info][gc,heap        ] GC(16) Old regions: 42->61
[87.564s][info][gc,heap        ] GC(16) Humongous regions: 28->28
[87.564s][info][gc,metaspace   ] GC(16) Metaspace: 28374K(28864K)->28374K(28864K) NonClass: 25031K(25280K)->25031K(25280K) Class: 3343K(3584K)->3343K(3584K)
[87.564s][info][gc             ] GC(16) Pause Young (Normal) (G1 Evacuation Pause) 1001M->743M(9464M) 109.743ms
[87.564s][info][gc,cpu         ] GC(16) User=0.86s Sys=0.01s Real=0.11s
[87.963s][info][gc,start       ] GC(17) Pause Young (Normal) (G1 Evacuation Pause)
[87.963s][info][gc,task        ] GC(17) Using 8 workers of 8 for evacuation
[88.082s][info][gc,phases      ] GC(17)   Pre Evacuate Collection Set: 0.23ms
[88.082s][info][gc,phases      ] GC(17)   Merge Heap Roots: 0.32ms
[88.082s][info][gc,phases      ] GC(17)   Evacuate Collection Set: 117.51ms
[88.082s][info][gc,phases      ] GC(17)   Post Evacuate Collection Set: 0.39ms
[88.082s][info][gc,phases      ] GC(17)   Other: 0.05ms
[88.082s][info][gc,heap        ] GC(17) Eden regions: 51->0(51)
[88.082s][info][gc,heap        ] GC(17) Survivor regions: 8->8(8)
[88.082s][info][gc,heap        ] GC(17) Old regions: 61->91
[88.082s][info][gc,heap        ] GC(17) Humongous regions: 35->35
[88.082s][info][gc,metaspace   ] GC(17) Metaspace: 28381K(28864K)->28381K(28864K) NonClass: 25037K(25280K)->25037K(25280K) Class: 3344K(3584K)->3344K(3584K)
[88.082s][info][gc             ] GC(17) Pause Young (Normal) (G1 Evacuation Pause) 1207M->1042M(9464M) 118.613ms
[88.082s][info][gc,cpu         ] GC(17) User=0.94s Sys=0.01s Real=0.12s
) ...
    90s:       rampup IR =      0 ... (rIR:aIR:PR = 0:0:0) (tPR = 0) [OK] 
    93s:       rampup IR =     10 .[95.630s][info][gc,start       ] GC(18) Pause Young (Normal) (G1 Evacuation Pause)
[95.630s][info][gc,task        ] GC(18) Using 8 workers of 8 for evacuation
[95.764s][info][gc,phases      ] GC(18)   Pre Evacuate Collection Set: 0.23ms
[95.764s][info][gc,phases      ] GC(18)   Merge Heap Roots: 0.21ms
[95.764s][info][gc,phases      ] GC(18)   Evacuate Collection Set: 132.90ms
[95.764s][info][gc,phases      ] GC(18)   Post Evacuate Collection Set: 0.28ms
[95.764s][info][gc,phases      ] GC(18)   Other: 0.05ms
[95.764s][info][gc,heap        ] GC(18) Eden regions: 51->0(51)
[95.764s][info][gc,heap        ] GC(18) Survivor regions: 8->8(8)
[95.764s][info][gc,heap        ] GC(18) Old regions: 91->134
[95.764s][info][gc,heap        ] GC(18) Humongous regions: 35->35
[95.764s][info][gc,metaspace   ] GC(18) Metaspace: 28416K(28864K)->28416K(28864K) NonClass: 25071K(25280K)->25071K(25280K) Class: 3344K(3584K)->3344K(3584K)
[95.764s][info][gc             ] GC(18) Pause Young (Normal) (G1 Evacuation Pause) 1450M->1383M(9464M) 133.806ms
[95.764s][info][gc,cpu         ] GC(18) User=1.04s Sys=0.01s Real=0.14s
.. (rIR:aIR:PR = 10:10:10) (tPR = 164) [OK] 
    96s:       rampup IR =     20 ... (rIR:aIR:PR = 20:16:16) (tPR = 579) [OK] 
    99s:       rampup IR =     30 .... (rIR:aIR:PR = 30:32:32) (tPR = 655) [OK] 
   103s:       rampup IR =     40 .... (rIR:aIR:PR = 40:40:40) (tPR = 846) [OK] 
   107s:       rampup IR =     50 .... (rIR:aIR:PR = 50:53:52) (tPR = 1146) [OK] 
   111s:       rampup IR =     60 .... (rIR:aIR:PR = 60:61:58) (tPR = 1477) [OK] 
   115s:       rampup IR =     70 .... (rIR:aIR:PR = 70:71:69) (tPR = 1889) [OK] 
   119s:       rampup IR =     80 .... (rIR:aIR:PR = 80:78:76) (tPR = 1682) [OK] 
   123s:       rampup IR =     90 .... (rIR:aIR:PR = 90:98:96) (tPR = 2173) [OK] 
   127s:       rampup IR =    100 .... (rIR:aIR:PR = 100:102:99) (tPR = 2146) [OK] 
   131s:       trying IR =    200 .... (rIR:aIR:PR = 200:196:192) (tPR = 3874) [OK] 
   135s:       trying IR =    220 .... (rIR:aIR:PR = 220:217:213) (tPR = 4045) [OK] 
   139s:       trying IR =    244 .[141.278s][info][gc,start       ] GC(19) Pause Young (Normal) (G1 Evacuation Pause)
[141.278s][info][gc,task        ] GC(19) Using 8 workers of 8 for evacuation
[141.321s][info][gc,phases      ] GC(19)   Pre Evacuate Collection Set: 0.27ms
[141.321s][info][gc,phases      ] GC(19)   Merge Heap Roots: 0.49ms
[141.321s][info][gc,phases      ] GC(19)   Evacuate Collection Set: 42.33ms
[141.321s][info][gc,phases      ] GC(19)   Post Evacuate Collection Set: 0.45ms
[141.321s][info][gc,phases      ] GC(19)   Other: 0.06ms
[141.321s][info][gc,heap        ] GC(19) Eden regions: 51->0(54)
[141.321s][info][gc,heap        ] GC(19) Survivor regions: 8->5(8)
[141.321s][info][gc,heap        ] GC(19) Old regions: 134->143
[141.321s][info][gc,heap        ] GC(19) Humongous regions: 35->35
[141.321s][info][gc,metaspace   ] GC(19) Metaspace: 28582K(29056K)->28582K(29056K) NonClass: 25237K(25472K)->25237K(25472K) Class: 3345K(3584K)->3345K(3584K)
[141.321s][info][gc             ] GC(19) Pause Young (Normal) (G1 Evacuation Pause) 1791M->1435M(9464M) 43.721ms
[141.321s][info][gc,cpu         ] GC(19) User=0.34s Sys=0.00s Real=0.05s
... (rIR:aIR:PR = 244:246:241) (tPR = 5122) [OK] 
   143s:       trying IR =    273 .... (rIR:aIR:PR = 273:274:268) (tPR = 5359) [OK] 
   147s:       trying IR =    307 .... (rIR:aIR:PR = 307:309:303) (tPR = 5890) [OK] 
   152s:       trying IR =    349 [152.324s][info][gc,start       ] GC(20) Pause Young (Normal) (G1 Evacuation Pause)
[152.324s][info][gc,task        ] GC(20) Using 8 workers of 8 for evacuation
[152.358s][info][gc,phases      ] GC(20)   Pre Evacuate Collection Set: 0.24ms
[152.358s][info][gc,phases      ] GC(20)   Merge Heap Roots: 0.40ms
[152.358s][info][gc,phases      ] GC(20)   Evacuate Collection Set: 33.60ms
[152.358s][info][gc,phases      ] GC(20)   Post Evacuate Collection Set: 0.33ms
[152.358s][info][gc,phases      ] GC(20)   Other: 0.05ms
[152.358s][info][gc,heap        ] GC(20) Eden regions: 54->0(70)
[152.358s][info][gc,heap        ] GC(20) Survivor regions: 5->4(8)
[152.358s][info][gc,heap        ] GC(20) Old regions: 143->149
[152.358s][info][gc,heap        ] GC(20) Humongous regions: 35->35
[152.358s][info][gc,metaspace   ] GC(20) Metaspace: 28649K(29120K)->28649K(29120K) NonClass: 25304K(25536K)->25304K(25536K) Class: 3345K(3584K)->3345K(3584K)
[152.358s][info][gc             ] GC(20) Pause Young (Normal) (G1 Evacuation Pause) 1867M->1470M(9464M) 34.765ms
[152.358s][info][gc,cpu         ] GC(20) User=0.27s Sys=0.00s Real=0.03s
.... (rIR:aIR:PR = 349:354:345) (tPR = 6723) [OK] 
   156s:       trying IR =    399 ..... (rIR:aIR:PR = 399:397:389) (tPR = 7595) [OK] 
   161s:       trying IR =    458 [162.137s][info][gc,start       ] GC(21) Pause Young (Normal) (G1 Evacuation Pause)
[162.137s][info][gc,task        ] GC(21) Using 8 workers of 8 for evacuation
[162.171s][info][gc,phases      ] GC(21)   Pre Evacuate Collection Set: 0.28ms
[162.171s][info][gc,phases      ] GC(21)   Merge Heap Roots: 0.35ms
[162.171s][info][gc,phases      ] GC(21)   Evacuate Collection Set: 33.31ms
[162.171s][info][gc,phases      ] GC(21)   Post Evacuate Collection Set: 0.43ms
[162.171s][info][gc,phases      ] GC(21)   Other: 0.06ms
[162.171s][info][gc,heap        ] GC(21) Eden regions: 75->0(183)
[162.171s][info][gc,heap        ] GC(21) Survivor regions: 4->9(10)
[162.171s][info][gc,heap        ] GC(21) Old regions: 149->149
[162.171s][info][gc,heap        ] GC(21) Humongous regions: 35->35
[162.171s][info][gc,metaspace   ] GC(21) Metaspace: 28711K(29248K)->28711K(29248K) NonClass: 25363K(25664K)->25363K(25664K) Class: 3348K(3584K)->3348K(3584K)
[162.171s][info][gc             ] GC(21) Pause Young (Normal) (G1 Evacuation Pause) 2070M->1503M(9464M) 34.577ms
[162.171s][info][gc,cpu         ] GC(21) User=0.25s Sys=0.02s Real=0.04s
.... (rIR:aIR:PR = 458:455:445) (tPR = 7654) [OK] 
   165s:       trying IR =    530 ..... (rIR:aIR:PR = 530:528:517) (tPR = 9652) [OK] 
   170s:       trying IR =    616 ..... (rIR:aIR:PR = 616:630:617) (tPR = 10926) [OK] 
   175s:       trying IR =    719 ..[177.634s][info][gc,start       ] GC(22) Pause Young (Normal) (G1 Evacuation Pause)
[177.634s][info][gc,task        ] GC(22) Using 8 workers of 8 for evacuation
[177.693s][info][gc,phases      ] GC(22)   Pre Evacuate Collection Set: 0.26ms
[177.693s][info][gc,phases      ] GC(22)   Merge Heap Roots: 0.37ms
[177.693s][info][gc,phases      ] GC(22)   Evacuate Collection Set: 57.46ms
[177.693s][info][gc,phases      ] GC(22)   Post Evacuate Collection Set: 0.56ms
[177.693s][info][gc,phases      ] GC(22)   Other: 0.07ms
[177.693s][info][gc,heap        ] GC(22) Eden regions: 184->0(226)
[177.693s][info][gc,heap        ] GC(22) Survivor regions: 9->18(25)
[177.693s][info][gc,heap        ] GC(22) Old regions: 149->149
[177.693s][info][gc,heap        ] GC(22) Humongous regions: 35->35
[177.693s][info][gc,metaspace   ] GC(22) Metaspace: 28774K(29248K)->28774K(29248K) NonClass: 25425K(25664K)->25425K(25664K) Class: 3349K(3584K)->3349K(3584K)
[177.693s][info][gc             ] GC(22) Pause Young (Normal) (G1 Evacuation Pause) 2975M->1579M(9464M) 58.841ms
[177.693s][info][gc,cpu         ] GC(22) User=0.47s Sys=0.00s Real=0.06s
.... (rIR:aIR:PR = 719:716:699) (tPR = 11962) [OK] 
   181s:       trying IR =    843 ...... (rIR:aIR:PR = 843:838:822) (tPR = 14615) [OK] 
   187s:       trying IR =    992 ...[190.243s][info][gc,start       ] GC(23) Pause Young (Normal) (G1 Evacuation Pause)
[190.243s][info][gc,task        ] GC(23) Using 8 workers of 8 for evacuation
[190.332s][info][gc,phases      ] GC(23)   Pre Evacuate Collection Set: 0.28ms
[190.332s][info][gc,phases      ] GC(23)   Merge Heap Roots: 0.36ms
[190.332s][info][gc,phases      ] GC(23)   Evacuate Collection Set: 88.05ms
[190.332s][info][gc,phases      ] GC(23)   Post Evacuate Collection Set: 0.60ms
[190.332s][info][gc,phases      ] GC(23)   Other: 0.07ms
[190.332s][info][gc,heap        ] GC(23) Eden regions: 223->0(210)
[190.332s][info][gc,heap        ] GC(23) Survivor regions: 18->24(31)
[190.332s][info][gc,heap        ] GC(23) Old regions: 149->151
[190.332s][info][gc,heap        ] GC(23) Humongous regions: 35->35
[190.332s][info][gc,metaspace   ] GC(23) Metaspace: 28824K(29312K)->28824K(29312K) NonClass: 25473K(25728K)->25473K(25728K) Class: 3350K(3584K)->3350K(3584K)
[190.332s][info][gc             ] GC(23) Pause Young (Normal) (G1 Evacuation Pause) 3363M->1645M(9464M) 89.473ms
[190.332s][info][gc,cpu         ] GC(23) User=0.68s Sys=0.03s Real=0.09s
. (rIR:aIR:PR = 992:1002:979) (tPR = 17236) [OK] 
   191s:       trying IR =   1170 .... (rIR:aIR:PR = 1170:1160:1148) (tPR = 19537) [OK] 
   195s:       trying IR =   1384 ...[198.826s][info][gc,start       ] GC(24) Pause Young (Normal) (G1 Evacuation Pause)
[198.826s][info][gc,task        ] GC(24) Using 8 workers of 8 for evacuation
[198.925s][info][gc,phases      ] GC(24)   Pre Evacuate Collection Set: 0.25ms
[198.925s][info][gc,phases      ] GC(24)   Merge Heap Roots: 0.31ms
[198.925s][info][gc,phases      ] GC(24)   Evacuate Collection Set: 97.62ms
[198.925s][info][gc,phases      ] GC(24)   Post Evacuate Collection Set: 0.58ms
[198.925s][info][gc,phases      ] GC(24)   Other: 0.06ms
[198.925s][info][gc,heap        ] GC(24) Eden regions: 221->0(246)
[198.925s][info][gc,heap        ] GC(24) Survivor regions: 24->23(31)
[198.925s][info][gc,heap        ] GC(24) Old regions: 151->161
[198.925s][info][gc,heap        ] GC(24) Humongous regions: 35->35
[198.925s][info][gc,metaspace   ] GC(24) Metaspace: 28955K(29440K)->28955K(29440K) NonClass: 25589K(25856K)->25589K(25856K) Class: 3366K(3584K)->3366K(3584K)
[198.925s][info][gc             ] GC(24) Pause Young (Normal) (G1 Evacuation Pause) 3413M->1714M(9464M) 98.973ms
[198.925s][info][gc,cpu         ] GC(24) User=0.78s Sys=0.00s Real=0.10s
. (rIR:aIR:PR = 1384:1384:1371) (tPR = 24739) [OK] 
   199s:       trying IR =   1641 .... (rIR:aIR:PR = 1641:1633:1633) (tPR = 28341) [OK] 
   203s:       trying IR =   1949 ...[206.296s][info][gc,start       ] GC(25) Pause Young (Normal) (G1 Evacuation Pause)
[206.296s][info][gc,task        ] GC(25) Using 8 workers of 8 for evacuation
[206.399s][info][gc,phases      ] GC(25)   Pre Evacuate Collection Set: 0.25ms
[206.399s][info][gc,phases      ] GC(25)   Merge Heap Roots: 0.31ms
[206.399s][info][gc,phases      ] GC(25)   Evacuate Collection Set: 101.94ms
[206.399s][info][gc,phases      ] GC(25)   Post Evacuate Collection Set: 0.65ms
[206.399s][info][gc,phases      ] GC(25)   Other: 0.07ms
[206.399s][info][gc,heap        ] GC(25) Eden regions: 274->0(293)
[206.399s][info][gc,heap        ] GC(25) Survivor regions: 23->25(38)
[206.399s][info][gc,heap        ] GC(25) Old regions: 161->169
[206.399s][info][gc,heap        ] GC(25) Humongous regions: 35->35
[206.399s][info][gc,metaspace   ] GC(25) Metaspace: 28986K(29440K)->28986K(29440K) NonClass: 25619K(25856K)->25619K(25856K) Class: 3366K(3584K)->3366K(3584K)
[206.399s][info][gc             ] GC(25) Pause Young (Normal) (G1 Evacuation Pause) 3906M->1803M(9464M) 103.347ms
[206.399s][info][gc,cpu         ] GC(25) User=0.79s Sys=0.02s Real=0.10s
. (rIR:aIR:PR = 1949:1948:1948) (tPR = 32452) [OK] 
   207s:       trying IR =   2319 .... (rIR:aIR:PR = 2319:2326:2326) (tPR = 36855) [OK] 
   211s:       trying IR =   2762 .[213.068s][info][gc,start       ] GC(26) Pause Young (Normal) (G1 Evacuation Pause)
[213.068s][info][gc,task        ] GC(26) Using 8 workers of 8 for evacuation
[213.184s][info][gc,phases      ] GC(26)   Pre Evacuate Collection Set: 0.23ms
[213.184s][info][gc,phases      ] GC(26)   Merge Heap Roots: 0.32ms
[213.184s][info][gc,phases      ] GC(26)   Evacuate Collection Set: 114.55ms
[213.184s][info][gc,phases      ] GC(26)   Post Evacuate Collection Set: 0.73ms
[213.184s][info][gc,phases      ] GC(26)   Other: 0.07ms
[213.184s][info][gc,heap        ] GC(26) Eden regions: 303->0(341)
[213.184s][info][gc,heap        ] GC(26) Survivor regions: 25->28(41)
[213.184s][info][gc,heap        ] GC(26) Old regions: 169->177
[213.184s][info][gc,heap        ] GC(26) Humongous regions: 35->35
[213.184s][info][gc,metaspace   ] GC(26) Metaspace: 29100K(29632K)->29100K(29632K) NonClass: 25728K(25984K)->25728K(25984K) Class: 3372K(3648K)->3372K(3648K)
[213.184s][info][gc             ] GC(26) Pause Young (Normal) (G1 Evacuation Pause) 4227M->1890M(9464M) 116.051ms
[213.184s][info][gc,cpu         ] GC(26) User=0.87s Sys=0.05s Real=0.12s
... (rIR:aIR:PR = 2762:2751:2751) (tPR = 42712) [OK] 
   215s:       trying IR =   3295 .... (rIR:aIR:PR = 3295:3341:3341) (tPR = 51302) [OK] 
   219s:       trying IR =   3934 [219.650s][info][gc,start       ] GC(27) Pause Young (Normal) (G1 Evacuation Pause)
[219.650s][info][gc,task        ] GC(27) Using 8 workers of 8 for evacuation
[219.777s][info][gc,phases      ] GC(27)   Pre Evacuate Collection Set: 0.26ms
[219.777s][info][gc,phases      ] GC(27)   Merge Heap Roots: 0.34ms
[219.777s][info][gc,phases      ] GC(27)   Evacuate Collection Set: 125.34ms
[219.777s][info][gc,phases      ] GC(27)   Post Evacuate Collection Set: 0.92ms
[219.777s][info][gc,phases      ] GC(27)   Other: 0.07ms
[219.777s][info][gc,heap        ] GC(27) Eden regions: 346->0(365)
[219.777s][info][gc,heap        ] GC(27) Survivor regions: 28->32(47)
[219.777s][info][gc,heap        ] GC(27) Old regions: 177->186
[219.777s][info][gc,heap        ] GC(27) Humongous regions: 35->35
[219.777s][info][gc,metaspace   ] GC(27) Metaspace: 29504K(30016K)->29504K(30016K) NonClass: 26117K(26368K)->26117K(26368K) Class: 3387K(3648K)->3387K(3648K)
[219.777s][info][gc             ] GC(27) Pause Young (Normal) (G1 Evacuation Pause) 4658M->1993M(9464M) 127.062ms
[219.777s][info][gc,cpu         ] GC(27) User=0.96s Sys=0.06s Real=0.13s
.... (rIR:aIR:PR = 3934:3937:3937) (tPR = 60119) [OK] 
   223s:       trying IR =   4701 .[225.180s][info][gc,start       ] GC(28) Pause Young (Normal) (G1 Evacuation Pause)
[225.180s][info][gc,task        ] GC(28) Using 8 workers of 8 for evacuation
[225.308s][info][gc,phases      ] GC(28)   Pre Evacuate Collection Set: 0.27ms
[225.308s][info][gc,phases      ] GC(28)   Merge Heap Roots: 0.37ms
[225.308s][info][gc,phases      ] GC(28)   Evacuate Collection Set: 126.86ms
[225.308s][info][gc,phases      ] GC(28)   Post Evacuate Collection Set: 0.82ms
[225.308s][info][gc,phases      ] GC(28)   Other: 0.06ms
[225.308s][info][gc,heap        ] GC(28) Eden regions: 355->0(373)
[225.308s][info][gc,heap        ] GC(28) Survivor regions: 32->33(49)
[225.308s][info][gc,heap        ] GC(28) Old regions: 186->195
[225.308s][info][gc,heap        ] GC(28) Humongous regions: 35->35
[225.308s][info][gc,metaspace   ] GC(28) Metaspace: 29543K(30016K)->29543K(30016K) NonClass: 26151K(26368K)->26151K(26368K) Class: 3392K(3648K)->3392K(3648K)
[225.309s][info][gc             ] GC(28) Pause Young (Normal) (G1 Evacuation Pause) 4833M->2064M(9464M) 128.498ms
[225.309s][info][gc,cpu         ] GC(28) User=1.00s Sys=0.02s Real=0.13s
.... (rIR:aIR:PR = 4701:4702:4702) (tPR = 71860) [OK] 
   228s:       trying IR =   5621 .[229.910s][info][gc,start       ] GC(29) Pause Young (Normal) (G1 Evacuation Pause)
[229.910s][info][gc,task        ] GC(29) Using 8 workers of 8 for evacuation
[230.045s][info][gc,phases      ] GC(29)   Pre Evacuate Collection Set: 0.25ms
[230.045s][info][gc,phases      ] GC(29)   Merge Heap Roots: 0.38ms
[230.045s][info][gc,phases      ] GC(29)   Evacuate Collection Set: 133.40ms
[230.045s][info][gc,phases      ] GC(29)   Post Evacuate Collection Set: 0.81ms
[230.045s][info][gc,phases      ] GC(29)   Other: 0.06ms
[230.045s][info][gc,heap        ] GC(29) Eden regions: 369->0(401)
[230.045s][info][gc,heap        ] GC(29) Survivor regions: 33->36(51)
[230.045s][info][gc,heap        ] GC(29) Old regions: 195->203
[230.045s][info][gc,heap        ] GC(29) Humongous regions: 35->35
[230.045s][info][gc,metaspace   ] GC(29) Metaspace: 29560K(30080K)->29560K(30080K) NonClass: 26168K(26432K)->26168K(26432K) Class: 3392K(3648K)->3392K(3648K)
[230.045s][info][gc             ] GC(29) Pause Young (Normal) (G1 Evacuation Pause) 5016M->2159M(9464M) 135.014ms
[230.045s][info][gc,cpu         ] GC(29) User=1.03s Sys=0.03s Real=0.14s
... (rIR:aIR:PR = 5621:5668:5669) (tPR = 82721) [OK] 
   232s:       trying IR =   6725 .[234.245s][info][gc,start       ] GC(30) Pause Young (Normal) (G1 Evacuation Pause)
[234.245s][info][gc,task        ] GC(30) Using 8 workers of 8 for evacuation
[234.385s][info][gc,phases      ] GC(30)   Pre Evacuate Collection Set: 0.27ms
[234.385s][info][gc,phases      ] GC(30)   Merge Heap Roots: 0.37ms
[234.385s][info][gc,phases      ] GC(30)   Evacuate Collection Set: 138.37ms
[234.385s][info][gc,phases      ] GC(30)   Post Evacuate Collection Set: 0.84ms
[234.385s][info][gc,phases      ] GC(30)   Other: 0.07ms
[234.385s][info][gc,heap        ] GC(30) Eden regions: 400->0(423)
[234.385s][info][gc,heap        ] GC(30) Survivor regions: 36->35(55)
[234.385s][info][gc,heap        ] GC(30) Old regions: 203->212
[234.385s][info][gc,heap        ] GC(30) Humongous regions: 35->35
[234.385s][info][gc,metaspace   ] GC(30) Metaspace: 29595K(30080K)->29595K(30080K) NonClass: 26203K(26432K)->26203K(26432K) Class: 3392K(3648K)->3392K(3648K)
[234.385s][info][gc             ] GC(30) Pause Young (Normal) (G1 Evacuation Pause) 5359M->2227M(9464M) 140.046ms
[234.385s][info][gc,cpu         ] GC(30) User=1.05s Sys=0.06s Real=0.14s
.... (rIR:aIR:PR = 6725:6665:6665) (tPR = 98996) [OK] 
   237s:       trying IR =   8050 [238.310s][info][gc,start       ] GC(31) Pause Young (Normal) (G1 Evacuation Pause)
[238.310s][info][gc,task        ] GC(31) Using 8 workers of 8 for evacuation
[238.458s][info][gc,phases      ] GC(31)   Pre Evacuate Collection Set: 0.25ms
[238.458s][info][gc,phases      ] GC(31)   Merge Heap Roots: 0.36ms
[238.458s][info][gc,phases      ] GC(31)   Evacuate Collection Set: 146.11ms
[238.458s][info][gc,phases      ] GC(31)   Post Evacuate Collection Set: 0.93ms
[238.458s][info][gc,phases      ] GC(31)   Other: 0.07ms
[238.458s][info][gc,heap        ] GC(31) Eden regions: 421->0(437)
[238.458s][info][gc,heap        ] GC(31) Survivor regions: 35->38(57)
[238.458s][info][gc,heap        ] GC(31) Old regions: 212->221
[238.458s][info][gc,heap        ] GC(31) Humongous regions: 35->35
[238.458s][info][gc,metaspace   ] GC(31) Metaspace: 29606K(30144K)->29606K(30144K) NonClass: 26214K(26496K)->26214K(26496K) Class: 3392K(3648K)->3392K(3648K)
[238.458s][info][gc             ] GC(31) Pause Young (Normal) (G1 Evacuation Pause) 5595M->2317M(9464M) 147.863ms
[238.458s][info][gc,cpu         ] GC(31) User=1.13s Sys=0.04s Real=0.15s
....[241.859s][info][gc,start       ] GC(32) Pause Young (Normal) (G1 Evacuation Pause)
[241.859s][info][gc,task        ] GC(32) Using 8 workers of 8 for evacuation
[242.002s][info][gc,phases      ] GC(32)   Pre Evacuate Collection Set: 0.26ms
[242.002s][info][gc,phases      ] GC(32)   Merge Heap Roots: 0.38ms
[242.002s][info][gc,phases      ] GC(32)   Evacuate Collection Set: 141.27ms
[242.002s][info][gc,phases      ] GC(32)   Post Evacuate Collection Set: 0.87ms
[242.002s][info][gc,phases      ] GC(32)   Other: 0.06ms
[242.002s][info][gc,heap        ] GC(32) Eden regions: 435->0(460)
[242.002s][info][gc,heap        ] GC(32) Survivor regions: 38->38(60)
[242.002s][info][gc,heap        ] GC(32) Old regions: 221->229
[242.002s][info][gc,heap        ] GC(32) Humongous regions: 35->35
[242.002s][info][gc,metaspace   ] GC(32) Metaspace: 29607K(30144K)->29607K(30144K) NonClass: 26215K(26496K)->26215K(26496K) Class: 3392K(3648K)->3392K(3648K)
[242.002s][info][gc             ] GC(32) Pause Young (Normal) (G1 Evacuation Pause) 5797M->2383M(9464M) 142.963ms
[242.002s][info][gc,cpu         ] GC(32) User=1.09s Sys=0.04s Real=0.15s
... (rIR:aIR:PR = 8050:8395:8394) (tPR = 124704) [OK] 
   244s:       trying IR =   9640 [245.400s][info][gc,start       ] GC(33) Pause Young (Normal) (G1 Evacuation Pause)
[245.400s][info][gc,task        ] GC(33) Using 8 workers of 8 for evacuation
[245.547s][info][gc,phases      ] GC(33)   Pre Evacuate Collection Set: 0.25ms
[245.547s][info][gc,phases      ] GC(33)   Merge Heap Roots: 0.38ms
[245.547s][info][gc,phases      ] GC(33)   Evacuate Collection Set: 144.93ms
[245.547s][info][gc,phases      ] GC(33)   Post Evacuate Collection Set: 0.89ms
[245.547s][info][gc,phases      ] GC(33)   Other: 0.06ms
[245.547s][info][gc,heap        ] GC(33) Eden regions: 459->0(490)
[245.547s][info][gc,heap        ] GC(33) Survivor regions: 38->39(63)
[245.547s][info][gc,heap        ] GC(33) Old regions: 229->237
[245.547s][info][gc,heap        ] GC(33) Humongous regions: 35->35
[245.547s][info][gc,metaspace   ] GC(33) Metaspace: 29640K(30144K)->29640K(30144K) NonClass: 26247K(26496K)->26247K(26496K) Class: 3392K(3648K)->3392K(3648K)
[245.547s][info][gc             ] GC(33) Pause Young (Normal) (G1 Evacuation Pause) 6055M->2451M(9464M) 146.642ms
[245.547s][info][gc,cpu         ] GC(33) User=1.11s Sys=0.05s Real=0.15s
....[248.902s][info][gc,start       ] GC(34) Pause Young (Normal) (G1 Evacuation Pause)
[248.902s][info][gc,task        ] GC(34) Using 8 workers of 8 for evacuation
[249.056s][info][gc,phases      ] GC(34)   Pre Evacuate Collection Set: 0.25ms
[249.056s][info][gc,phases      ] GC(34)   Merge Heap Roots: 0.41ms
[249.056s][info][gc,phases      ] GC(34)   Evacuate Collection Set: 152.87ms
[249.056s][info][gc,phases      ] GC(34)   Post Evacuate Collection Set: 0.95ms
[249.057s][info][gc,phases      ] GC(34)   Other: 0.07ms
[249.057s][info][gc,heap        ] GC(34) Eden regions: 488->0(526)
[249.057s][info][gc,heap        ] GC(34) Survivor regions: 39->41(66)
[249.057s][info][gc,heap        ] GC(34) Old regions: 237->244
[249.057s][info][gc,heap        ] GC(34) Humongous regions: 35->35
[249.057s][info][gc,metaspace   ] GC(34) Metaspace: 29645K(30144K)->29645K(30144K) NonClass: 26252K(26496K)->26252K(26496K) Class: 3392K(3648K)->3392K(3648K)
[249.057s][info][gc             ] GC(34) Pause Young (Normal) (G1 Evacuation Pause) 6355M->2527M(9464M) 154.681ms
[249.057s][info][gc,cpu         ] GC(34) User=1.18s Sys=0.04s Real=0.15s
. (rIR:aIR:PR = 9640:9753:9712) (tPR = 148252) [OK] 
   249s:       trying IR =  11548 ..[252.118s][info][gc,start       ] GC(35) Pause Young (Normal) (G1 Evacuation Pause)
[252.118s][info][gc,task        ] GC(35) Using 8 workers of 8 for evacuation
[252.284s][info][gc,phases      ] GC(35)   Pre Evacuate Collection Set: 0.26ms
[252.284s][info][gc,phases      ] GC(35)   Merge Heap Roots: 0.46ms
[252.284s][info][gc,phases      ] GC(35)   Evacuate Collection Set: 164.74ms
[252.284s][info][gc,phases      ] GC(35)   Post Evacuate Collection Set: 0.90ms
[252.284s][info][gc,phases      ] GC(35)   Other: 0.07ms
[252.284s][info][gc,heap        ] GC(35) Eden regions: 522->0(507)
[252.284s][info][gc,heap        ] GC(35) Survivor regions: 41->42(71)
[252.284s][info][gc,heap        ] GC(35) Old regions: 244->252
[252.284s][info][gc,heap        ] GC(35) Humongous regions: 35->35
[252.284s][info][gc,metaspace   ] GC(35) Metaspace: 29649K(30144K)->29649K(30144K) NonClass: 26256K(26496K)->26256K(26496K) Class: 3392K(3648K)->3392K(3648K)
[252.284s][info][gc             ] GC(35) Pause Young (Normal) (G1 Evacuation Pause) 6703M->2599M(9464M) 166.565ms
[252.284s][info][gc,cpu         ] GC(35) User=1.21s Sys=0.08s Real=0.17s
...[255.165s][info][gc,start       ] GC(36) Pause Young (Normal) (G1 Evacuation Pause)
[255.165s][info][gc,task        ] GC(36) Using 8 workers of 8 for evacuation
[255.320s][info][gc,phases      ] GC(36)   Pre Evacuate Collection Set: 0.24ms
[255.321s][info][gc,phases      ] GC(36)   Merge Heap Roots: 0.42ms
[255.321s][info][gc,phases      ] GC(36)   Evacuate Collection Set: 153.73ms
[255.321s][info][gc,phases      ] GC(36)   Post Evacuate Collection Set: 0.95ms
[255.321s][info][gc,phases      ] GC(36)   Other: 0.07ms
[255.321s][info][gc,heap        ] GC(36) Eden regions: 506->0(552)
[255.321s][info][gc,heap        ] GC(36) Survivor regions: 42->43(69)
[255.321s][info][gc,heap        ] GC(36) Old regions: 252->259
[255.321s][info][gc,heap        ] GC(36) Humongous regions: 35->35
[255.321s][info][gc,metaspace   ] GC(36) Metaspace: 29649K(30144K)->29649K(30144K) NonClass: 26256K(26496K)->26256K(26496K) Class: 3392K(3648K)->3392K(3648K)
[255.321s][info][gc             ] GC(36) Pause Young (Normal) (G1 Evacuation Pause) 6647M->2667M(9464M) 155.555ms
[255.321s][info][gc,cpu         ] GC(36) User=1.22s Sys=0.01s Real=0.15s
...[258.324s][info][gc,start       ] GC(37) Pause Young (Normal) (G1 Evacuation Pause)
[258.324s][info][gc,task        ] GC(37) Using 8 workers of 8 for evacuation
[258.490s][info][gc,phases      ] GC(37)   Pre Evacuate Collection Set: 0.24ms
[258.490s][info][gc,phases      ] GC(37)   Merge Heap Roots: 0.42ms
[258.490s][info][gc,phases      ] GC(37)   Evacuate Collection Set: 164.19ms
[258.490s][info][gc,phases      ] GC(37)   Post Evacuate Collection Set: 0.97ms
[258.490s][info][gc,phases      ] GC(37)   Other: 0.09ms
[258.490s][info][gc,heap        ] GC(37) Eden regions: 545->0(556)
[258.490s][info][gc,heap        ] GC(37) Survivor regions: 43->42(74)
[258.490s][info][gc,heap        ] GC(37) Old regions: 259->267
[258.490s][info][gc,heap        ] GC(37) Humongous regions: 35->35
[258.490s][info][gc,metaspace   ] GC(37) Metaspace: 29650K(30144K)->29650K(30144K) NonClass: 26257K(26496K)->26257K(26496K) Class: 3392K(3648K)->3392K(3648K)
[258.490s][info][gc             ] GC(37) Pause Young (Normal) (G1 Evacuation Pause) 7027M->2719M(9464M) 166.036ms
[258.490s][info][gc,cpu         ] GC(37) User=1.20s Sys=0.07s Real=0.16s
. (rIR:aIR:PR = 11548:11351:11249) (tPR = 167493) [OK] 
   258s:       trying IR =  13837 ..[261.316s][info][gc,start       ] GC(38) Pause Young (Normal) (G1 Evacuation Pause)
[261.316s][info][gc,task        ] GC(38) Using 8 workers of 8 for evacuation
[261.473s][info][gc,phases      ] GC(38)   Pre Evacuate Collection Set: 0.24ms
[261.473s][info][gc,phases      ] GC(38)   Merge Heap Roots: 0.42ms
[261.473s][info][gc,phases      ] GC(38)   Evacuate Collection Set: 155.89ms
[261.473s][info][gc,phases      ] GC(38)   Post Evacuate Collection Set: 1.03ms
[261.473s][info][gc,phases      ] GC(38)   Other: 0.07ms
[261.473s][info][gc,heap        ] GC(38) Eden regions: 554->0(601)
[261.473s][info][gc,heap        ] GC(38) Survivor regions: 42->44(75)
[261.473s][info][gc,heap        ] GC(38) Old regions: 267->274
[261.473s][info][gc,heap        ] GC(38) Humongous regions: 35->35
[261.473s][info][gc,metaspace   ] GC(38) Metaspace: 29659K(30208K)->29659K(30208K) NonClass: 26267K(26560K)->26267K(26560K) Class: 3392K(3648K)->3392K(3648K)
[261.474s][info][gc             ] GC(38) Pause Young (Normal) (G1 Evacuation Pause) 7151M->2787M(9464M) 157.789ms
[261.474s][info][gc,cpu         ] GC(38) User=1.20s Sys=0.03s Real=0.16s
...[264.571s][info][gc,start       ] GC(39) Pause Young (Normal) (G1 Evacuation Pause)
[264.571s][info][gc,task        ] GC(39) Using 8 workers of 8 for evacuation
[264.752s][info][gc,phases      ] GC(39)   Pre Evacuate Collection Set: 0.27ms
[264.753s][info][gc,phases      ] GC(39)   Merge Heap Roots: 0.45ms
[264.753s][info][gc,phases      ] GC(39)   Evacuate Collection Set: 179.30ms
[264.753s][info][gc,phases      ] GC(39)   Post Evacuate Collection Set: 1.09ms
[264.753s][info][gc,phases      ] GC(39)   Other: 0.07ms
[264.753s][info][gc,heap        ] GC(39) Eden regions: 598->0(557)
[264.753s][info][gc,heap        ] GC(39) Survivor regions: 44->45(81)
[264.753s][info][gc,heap        ] GC(39) Old regions: 274->281
[264.753s][info][gc,heap        ] GC(39) Humongous regions: 35->35
[264.753s][info][gc,metaspace   ] GC(39) Metaspace: 29662K(30208K)->29662K(30208K) NonClass: 26269K(26560K)->26269K(26560K) Class: 3392K(3648K)->3392K(3648K)
[264.753s][info][gc             ] GC(39) Pause Young (Normal) (G1 Evacuation Pause) 7571M->2854M(9464M) 181.304ms
[264.753s][info][gc,cpu         ] GC(39) User=1.25s Sys=0.11s Real=0.18s
...[267.601s][info][gc,start       ] GC(40) Pause Young (Normal) (G1 Evacuation Pause)
[267.601s][info][gc,task        ] GC(40) Using 8 workers of 8 for evacuation
[267.760s][info][gc,phases      ] GC(40)   Pre Evacuate Collection Set: 0.26ms
[267.760s][info][gc,phases      ] GC(40)   Merge Heap Roots: 0.47ms
[267.760s][info][gc,phases      ] GC(40)   Evacuate Collection Set: 156.66ms
[267.760s][info][gc,phases      ] GC(40)   Post Evacuate Collection Set: 1.02ms
[267.760s][info][gc,phases      ] GC(40)   Other: 0.89ms
[267.760s][info][gc,heap        ] GC(40) Eden regions: 557->0(578)
[267.760s][info][gc,heap        ] GC(40) Survivor regions: 45->45(76)
[267.760s][info][gc,heap        ] GC(40) Old regions: 281->288
[267.760s][info][gc,heap        ] GC(40) Humongous regions: 35->35
[267.760s][info][gc,metaspace   ] GC(40) Metaspace: 29666K(30208K)->29666K(30208K) NonClass: 26273K(26560K)->26273K(26560K) Class: 3392K(3648K)->3392K(3648K)
[267.760s][info][gc             ] GC(40) Pause Young (Normal) (G1 Evacuation Pause) 7310M->2911M(9464M) 159.414ms
[267.760s][info][gc,cpu         ] GC(40) User=1.23s Sys=0.01s Real=0.15s
...[270.732s][info][gc,start       ] GC(41) Pause Young (Normal) (G1 Evacuation Pause)
[270.732s][info][gc,task        ] GC(41) Using 8 workers of 8 for evacuation
[270.892s][info][gc,phases      ] GC(41)   Pre Evacuate Collection Set: 0.24ms
[270.892s][info][gc,phases      ] GC(41)   Merge Heap Roots: 0.43ms
[270.892s][info][gc,phases      ] GC(41)   Evacuate Collection Set: 158.21ms
[270.892s][info][gc,phases      ] GC(41)   Post Evacuate Collection Set: 1.03ms
[270.892s][info][gc,phases      ] GC(41)   Other: 0.06ms
[270.892s][info][gc,heap        ] GC(41) Eden regions: 576->0(648)
[270.892s][info][gc,heap        ] GC(41) Survivor regions: 45->44(78)
[270.892s][info][gc,heap        ] GC(41) Old regions: 288->295
[270.892s][info][gc,heap        ] GC(41) Humongous regions: 35->35
[270.892s][info][gc,metaspace   ] GC(41) Metaspace: 29666K(30208K)->29666K(30208K) NonClass: 26273K(26560K)->26273K(26560K) Class: 3392K(3648K)->3392K(3648K)
[270.892s][info][gc             ] GC(41) Pause Young (Normal) (G1 Evacuation Pause) 7519M->2959M(9464M) 160.105ms
[270.892s][info][gc,cpu         ] GC(41) User=1.22s Sys=0.03s Real=0.16s
....[274.137s][info][gc,start       ] GC(42) Pause Young (Normal) (G1 Evacuation Pause)
[274.137s][info][gc,task        ] GC(42) Using 8 workers of 8 for evacuation
[274.322s][info][gc,phases      ] GC(42)   Pre Evacuate Collection Set: 0.24ms
[274.322s][info][gc,phases      ] GC(42)   Merge Heap Roots: 0.46ms
[274.322s][info][gc,phases      ] GC(42)   Evacuate Collection Set: 183.08ms
[274.322s][info][gc,phases      ] GC(42)   Post Evacuate Collection Set: 1.11ms
[274.322s][info][gc,phases      ] GC(42)   Other: 0.07ms
[274.322s][info][gc,heap        ] GC(42) Eden regions: 642->0(578)
[274.322s][info][gc,heap        ] GC(42) Survivor regions: 44->51(86)
[274.322s][info][gc,heap        ] GC(42) Old regions: 295->295
[274.322s][info][gc,heap        ] GC(42) Humongous regions: 35->35
[274.322s][info][gc,metaspace   ] GC(42) Metaspace: 29668K(30208K)->29668K(30208K) NonClass: 26275K(26560K)->26275K(26560K) Class: 3392K(3648K)->3392K(3648K)
[274.322s][info][gc             ] GC(42) Pause Young (Normal) (G1 Evacuation Pause) 8095M->3019M(9464M) 185.104ms
[274.322s][info][gc,cpu         ] GC(42) User=1.29s Sys=0.11s Real=0.19s
...[277.261s][info][gc,start       ] GC(43) Pause Young (Normal) (G1 Evacuation Pause)
[277.261s][info][gc,task        ] GC(43) Using 8 workers of 8 for evacuation
[277.431s][info][gc,phases      ] GC(43)   Pre Evacuate Collection Set: 0.24ms
[277.431s][info][gc,phases      ] GC(43)   Merge Heap Roots: 0.45ms
[277.431s][info][gc,phases      ] GC(43)   Evacuate Collection Set: 167.55ms
[277.431s][info][gc,phases      ] GC(43)   Post Evacuate Collection Set: 0.99ms
[277.431s][info][gc,phases      ] GC(43)   Other: 0.07ms
[277.431s][info][gc,heap        ] GC(43) Eden regions: 570->0(599)
[277.431s][info][gc,heap        ] GC(43) Survivor regions: 51->46(78)
[277.431s][info][gc,heap        ] GC(43) Old regions: 295->305
[277.431s][info][gc,heap        ] GC(43) Humongous regions: 35->35
[277.431s][info][gc,metaspace   ] GC(43) Metaspace: 29671K(30208K)->29671K(30208K) NonClass: 26278K(26560K)->26278K(26560K) Class: 3392K(3648K)->3392K(3648K)
[277.431s][info][gc             ] GC(43) Pause Young (Normal) (G1 Evacuation Pause) 7579M->3050M(9464M) 169.429ms
[277.431s][info][gc,cpu         ] GC(43) User=1.31s Sys=0.02s Real=0.17s
...[280.554s][info][gc,start       ] GC(44) Pause Young (Normal) (G1 Evacuation Pause)
[280.554s][info][gc,task        ] GC(44) Using 8 workers of 8 for evacuation
[280.722s][info][gc,phases      ] GC(44)   Pre Evacuate Collection Set: 0.25ms
[280.722s][info][gc,phases      ] GC(44)   Merge Heap Roots: 0.46ms
[280.722s][info][gc,phases      ] GC(44)   Evacuate Collection Set: 166.14ms
[280.722s][info][gc,phases      ] GC(44)   Post Evacuate Collection Set: 1.04ms
[280.722s][info][gc,phases      ] GC(44)   Other: 0.06ms
[280.722s][info][gc,heap        ] GC(44) Eden regions: 600->0(602)
[280.722s][info][gc,heap        ] GC(44) Survivor regions: 46->47(81)
[280.722s][info][gc,heap        ] GC(44) Old regions: 305->312
[280.722s][info][gc,heap        ] GC(44) Humongous regions: 35->35
[280.722s][info][gc,metaspace   ] GC(44) Metaspace: 29675K(30208K)->29675K(30208K) NonClass: 26283K(26560K)->26283K(26560K) Class: 3392K(3648K)->3392K(3648K)
[280.722s][info][gc             ] GC(44) Pause Young (Normal) (G1 Evacuation Pause) 7850M->3118M(9464M) 168.075ms
[280.722s][info][gc,cpu         ] GC(44) User=1.30s Sys=0.02s Real=0.17s
...[283.753s][info][gc,start       ] GC(45) Pause Young (Normal) (G1 Evacuation Pause)
[283.753s][info][gc,task        ] GC(45) Using 8 workers of 8 for evacuation
[283.917s][info][gc,phases      ] GC(45)   Pre Evacuate Collection Set: 0.24ms
[283.917s][info][gc,phases      ] GC(45)   Merge Heap Roots: 0.46ms
[283.917s][info][gc,phases      ] GC(45)   Evacuate Collection Set: 162.04ms
[283.917s][info][gc,phases      ] GC(45)   Post Evacuate Collection Set: 1.10ms
[283.917s][info][gc,phases      ] GC(45)   Other: 0.06ms
[283.917s][info][gc,heap        ] GC(45) Eden regions: 603->0(663)
[283.917s][info][gc,heap        ] GC(45) Survivor regions: 47->46(82)
[283.917s][info][gc,heap        ] GC(45) Old regions: 312->319
[283.917s][info][gc,heap        ] GC(45) Humongous regions: 35->35
[283.917s][info][gc,metaspace   ] GC(45) Metaspace: 29676K(30208K)->29676K(30208K) NonClass: 26283K(26560K)->26283K(26560K) Class: 3392K(3648K)->3392K(3648K)
[283.917s][info][gc             ] GC(45) Pause Young (Normal) (G1 Evacuation Pause) 7942M->3167M(9464M) 164.042ms
[283.917s][info][gc,cpu         ] GC(45) User=1.28s Sys=0.02s Real=0.16s
....[287.305s][info][gc,start       ] GC(46) Pause Young (Normal) (G1 Evacuation Pause)
[287.305s][info][gc,task        ] GC(46) Using 8 workers of 8 for evacuation
[287.483s][info][gc,phases      ] GC(46)   Pre Evacuate Collection Set: 0.26ms
[287.483s][info][gc,phases      ] GC(46)   Merge Heap Roots: 0.52ms
[287.483s][info][gc,phases      ] GC(46)   Evacuate Collection Set: 176.54ms
[287.483s][info][gc,phases      ] GC(46)   Post Evacuate Collection Set: 1.11ms
[287.483s][info][gc,phases      ] GC(46)   Other: 0.07ms
[287.483s][info][gc,heap        ] GC(46) Eden regions: 663->0(557)
[287.483s][info][gc,heap        ] GC(46) Survivor regions: 46->53(89)
[287.483s][info][gc,heap        ] GC(46) Old regions: 319->319
[287.483s][info][gc,heap        ] GC(46) Humongous regions: 35->35
[287.483s][info][gc,metaspace   ] GC(46) Metaspace: 29680K(30208K)->29680K(30208K) NonClass: 26287K(26560K)->26287K(26560K) Class: 3392K(3648K)->3392K(3648K)
[287.483s][info][gc             ] GC(46) Pause Young (Normal) (G1 Evacuation Pause) 8471M->3223M(9464M) 178.634ms
[287.483s][info][gc,cpu         ] GC(46) User=1.32s Sys=0.05s Real=0.18s
.. (rIR:aIR:PR = 13837:13761:12725) (tPR = 184122) [PR is under limit] 
   288s: Re-initializing (term) [289.082s][info][gc,start       ] GC(47) Pause Full (System.gc())
[289.082s][info][gc,task        ] GC(47) Using 8 workers of 8 for full compaction
[289.082s][info][gc,phases,start] GC(47) Phase 1: Mark live objects
[289.100s][info][gc,phases      ] GC(47) Phase 1: Mark live objects 17.518ms
[289.100s][info][gc,phases,start] GC(47) Phase 2: Prepare compaction
[289.106s][info][gc,phases      ] GC(47) Phase 2: Prepare compaction 6.081ms
[289.106s][info][gc,phases,start] GC(47) Phase 3: Adjust pointers
[289.117s][info][gc,phases      ] GC(47) Phase 3: Adjust pointers 11.114ms
[289.117s][info][gc,phases,start] GC(47) Phase 4: Compact heap
[289.123s][info][gc,phases      ] GC(47) Phase 4: Compact heap 5.911ms
[289.123s][info][gc,phases,start] GC(47) Phase 5: Reset Metadata
[289.127s][info][gc,phases      ] GC(47) Phase 5: Reset Metadata 3.664ms
[289.143s][info][gc,heap        ] GC(47) Eden regions: 295->0(614)
[289.143s][info][gc,heap        ] GC(47) Survivor regions: 53->0(89)
[289.143s][info][gc,heap        ] GC(47) Old regions: 319->12
[289.143s][info][gc,heap        ] GC(47) Humongous regions: 35->18
[289.143s][info][gc,metaspace   ] GC(47) Metaspace: 29687K(30208K)->29687K(30208K) NonClass: 26294K(26560K)->26294K(26560K) Class: 3392K(3648K)->3392K(3648K)
[289.143s][info][gc             ] GC(47) Pause Full (System.gc()) 5580M->212M(8192M) 61.164ms
[289.143s][info][gc,cpu         ] GC(47) User=0.36s Sys=0.04s Real=0.06s
(init) ... OK
   293s: Searching from base IR = 11548
   293s:       rampup IR =      0 ... (rIR:aIR:PR = 0:0:0) (tPR = 0) [OK] 
   296s:       rampup IR =   1155 .... (rIR:aIR:PR = 1155:1143:1118) (tPR = 23954) [OK] 
   300s:       rampup IR =   2310 .... (rIR:aIR:PR = 2310:2278:2229) (tPR = 42650) [OK] 
   304s:       rampup IR =   3464 .[306.033s][info][gc,start       ] GC(48) Pause Young (Normal) (G1 Evacuation Pause)
[306.033s][info][gc,task        ] GC(48) Using 8 workers of 8 for evacuation
[306.500s][info][gc,mmu         ] GC(48) MMU target violated: 201.0ms (200.0ms/201.0ms)
[306.500s][info][gc,phases      ] GC(48)   Pre Evacuate Collection Set: 0.23ms
[306.500s][info][gc,phases      ] GC(48)   Merge Heap Roots: 0.42ms
[306.500s][info][gc,phases      ] GC(48)   Evacuate Collection Set: 465.58ms
[306.500s][info][gc,phases      ] GC(48)   Post Evacuate Collection Set: 1.16ms
[306.500s][info][gc,phases      ] GC(48)   Other: 0.10ms
[306.500s][info][gc,heap        ] GC(48) Eden regions: 614->0(440)
[306.500s][info][gc,heap        ] GC(48) Survivor regions: 0->77(77)
[306.500s][info][gc,heap        ] GC(48) Old regions: 12->49
[306.501s][info][gc,heap        ] GC(48) Humongous regions: 35->34
[306.501s][info][gc,metaspace   ] GC(48) Metaspace: 29710K(30208K)->29710K(30208K) NonClass: 26316K(26560K)->26316K(26560K) Class: 3393K(3648K)->3393K(3648K)
[306.501s][info][gc             ] GC(48) Pause Young (Normal) (G1 Evacuation Pause) 5260M->1252M(8192M) 467.616ms
[306.501s][info][gc,cpu         ] GC(48) User=3.65s Sys=0.06s Real=0.46s
.... (rIR:aIR:PR = 3464:3429:3360) (tPR = 58829) [OK] 
   309s:       rampup IR =   4619 ..[311.606s][info][gc,start       ] GC(49) Pause Young (Normal) (G1 Evacuation Pause)
[311.606s][info][gc,task        ] GC(49) Using 8 workers of 8 for evacuation
[311.906s][info][gc,mmu         ] GC(49) MMU target violated: 201.0ms (200.0ms/201.0ms)
[311.906s][info][gc,phases      ] GC(49)   Pre Evacuate Collection Set: 0.25ms
[311.906s][info][gc,phases      ] GC(49)   Merge Heap Roots: 0.33ms
[311.906s][info][gc,phases      ] GC(49)   Evacuate Collection Set: 299.04ms
[311.906s][info][gc,phases      ] GC(49)   Post Evacuate Collection Set: 0.75ms
[311.906s][info][gc,phases      ] GC(49)   Other: 0.09ms
[311.906s][info][gc,heap        ] GC(49) Eden regions: 455->0(384)
[311.906s][info][gc,heap        ] GC(49) Survivor regions: 77->23(67)
[311.906s][info][gc,heap        ] GC(49) Old regions: 49->120
[311.906s][info][gc,heap        ] GC(49) Humongous regions: 34->34
[311.906s][info][gc,metaspace   ] GC(49) Metaspace: 29711K(30208K)->29711K(30208K) NonClass: 26318K(26560K)->26318K(26560K) Class: 3393K(3648K)->3393K(3648K)
[311.906s][info][gc             ] GC(49) Pause Young (Normal) (G1 Evacuation Pause) 4892M->1388M(8192M) 300.552ms
[311.906s][info][gc,cpu         ] GC(49) User=2.39s Sys=0.00s Real=0.30s
.. (rIR:aIR:PR = 4619:4658:4658) (tPR = 78513) [OK] 
   313s:       rampup IR =   5774 .[315.306s][info][gc,start       ] GC(50) Pause Young (Normal) (G1 Evacuation Pause)
[315.306s][info][gc,task        ] GC(50) Using 8 workers of 8 for evacuation
[315.424s][info][gc,phases      ] GC(50)   Pre Evacuate Collection Set: 0.25ms
[315.424s][info][gc,phases      ] GC(50)   Merge Heap Roots: 0.30ms
[315.424s][info][gc,phases      ] GC(50)   Evacuate Collection Set: 116.53ms
[315.424s][info][gc,phases      ] GC(50)   Post Evacuate Collection Set: 0.80ms
[315.424s][info][gc,phases      ] GC(50)   Other: 0.05ms
[315.424s][info][gc,heap        ] GC(50) Eden regions: 397->0(210)
[315.424s][info][gc,heap        ] GC(50) Survivor regions: 23->39(53)
[315.424s][info][gc,heap        ] GC(50) Old regions: 120->120
[315.424s][info][gc,heap        ] GC(50) Humongous regions: 34->34
[315.424s][info][gc,metaspace   ] GC(50) Metaspace: 29715K(30208K)->29715K(30208K) NonClass: 26321K(26560K)->26321K(26560K) Class: 3393K(3648K)->3393K(3648K)
[315.424s][info][gc             ] GC(50) Pause Young (Normal) (G1 Evacuation Pause) 4564M->1512M(8192M) 118.048ms
[315.424s][info][gc,cpu         ] GC(50) User=0.93s Sys=0.01s Real=0.12s
... (rIR:aIR:PR = 5774:5849:5849) (tPR = 96080) [OK] 
   317s:       rampup IR =   6929 [317.736s][info][gc,start       ] GC(51) Pause Young (Normal) (G1 Evacuation Pause)
[317.736s][info][gc,task        ] GC(51) Using 8 workers of 8 for evacuation
[317.859s][info][gc,phases      ] GC(51)   Pre Evacuate Collection Set: 0.24ms
[317.859s][info][gc,phases      ] GC(51)   Merge Heap Roots: 0.34ms
[317.859s][info][gc,phases      ] GC(51)   Evacuate Collection Set: 121.74ms
[317.859s][info][gc,phases      ] GC(51)   Post Evacuate Collection Set: 0.68ms
[317.859s][info][gc,phases      ] GC(51)   Other: 0.05ms
[317.859s][info][gc,heap        ] GC(51) Eden regions: 256->0(497)
[317.859s][info][gc,heap        ] GC(51) Survivor regions: 39->16(37)
[317.859s][info][gc,heap        ] GC(51) Old regions: 120->149
[317.859s][info][gc,heap        ] GC(51) Humongous regions: 34->34
[317.859s][info][gc,metaspace   ] GC(51) Metaspace: 29719K(30208K)->29719K(30208K) NonClass: 26326K(26560K)->26326K(26560K) Class: 3393K(3648K)->3393K(3648K)
[317.859s][info][gc             ] GC(51) Pause Young (Normal) (G1 Evacuation Pause) 3560M->1560M(8192M) 123.182ms
[317.859s][info][gc,cpu         ] GC(51) User=0.97s Sys=0.00s Real=0.12s
.... (rIR:aIR:PR = 6929:6876:6875) (tPR = 103128) [OK] 
   321s:       rampup IR =   8084 [322.212s][info][gc,start       ] GC(52) Pause Young (Normal) (G1 Evacuation Pause)
[322.212s][info][gc,task        ] GC(52) Using 8 workers of 8 for evacuation
[322.328s][info][gc,phases      ] GC(52)   Pre Evacuate Collection Set: 0.26ms
[322.328s][info][gc,phases      ] GC(52)   Merge Heap Roots: 0.51ms
[322.328s][info][gc,phases      ] GC(52)   Evacuate Collection Set: 113.75ms
[322.328s][info][gc,phases      ] GC(52)   Post Evacuate Collection Set: 1.00ms
[322.328s][info][gc,phases      ] GC(52)   Other: 0.07ms
[322.328s][info][gc,heap        ] GC(52) Eden regions: 505->0(390)
[322.328s][info][gc,heap        ] GC(52) Survivor regions: 16->37(66)
[322.328s][info][gc,heap        ] GC(52) Old regions: 149->149
[322.328s][info][gc,heap        ] GC(52) Humongous regions: 34->34
[322.328s][info][gc,metaspace   ] GC(52) Metaspace: 29720K(30208K)->29720K(30208K) NonClass: 26326K(26560K)->26326K(26560K) Class: 3393K(3648K)->3393K(3648K)
[322.328s][info][gc             ] GC(52) Pause Young (Normal) (G1 Evacuation Pause) 5600M->1724M(8192M) 115.732ms
[322.328s][info][gc,cpu         ] GC(52) User=0.91s Sys=0.00s Real=0.11s
...[325.385s][info][gc,start       ] GC(53) Pause Young (Normal) (G1 Evacuation Pause)
[325.385s][info][gc,task        ] GC(53) Using 8 workers of 8 for evacuation
[325.524s][info][gc,phases      ] GC(53)   Pre Evacuate Collection Set: 0.23ms
[325.524s][info][gc,phases      ] GC(53)   Merge Heap Roots: 0.37ms
[325.524s][info][gc,phases      ] GC(53)   Evacuate Collection Set: 137.11ms
[325.524s][info][gc,phases      ] GC(53)   Post Evacuate Collection Set: 0.78ms
[325.524s][info][gc,phases      ] GC(53)   Other: 0.06ms
[325.524s][info][gc,heap        ] GC(53) Eden regions: 393->0(421)
[325.524s][info][gc,heap        ] GC(53) Survivor regions: 37->40(54)
[325.524s][info][gc,heap        ] GC(53) Old regions: 149->155
[325.524s][info][gc,heap        ] GC(53) Humongous regions: 34->34
[325.524s][info][gc,metaspace   ] GC(53) Metaspace: 29720K(30208K)->29720K(30208K) NonClass: 26326K(26560K)->26326K(26560K) Class: 3393K(3648K)->3393K(3648K)
[325.524s][info][gc             ] GC(53) Pause Young (Normal) (G1 Evacuation Pause) 4868M->1800M(8192M) 138.681ms
[325.524s][info][gc,cpu         ] GC(53) User=1.10s Sys=0.00s Real=0.14s
.... (rIR:aIR:PR = 8084:8044:8044) (tPR = 121059) [OK] 
   328s:       rampup IR =   9238 [328.847s][info][gc,start       ] GC(54) Pause Young (Normal) (G1 Evacuation Pause)
[328.847s][info][gc,task        ] GC(54) Using 8 workers of 8 for evacuation
[328.993s][info][gc,phases      ] GC(54)   Pre Evacuate Collection Set: 0.25ms
[328.993s][info][gc,phases      ] GC(54)   Merge Heap Roots: 0.37ms
[328.993s][info][gc,phases      ] GC(54)   Evacuate Collection Set: 143.83ms
[328.993s][info][gc,phases      ] GC(54)   Post Evacuate Collection Set: 0.94ms
[328.993s][info][gc,phases      ] GC(54)   Other: 0.06ms
[328.993s][info][gc,heap        ] GC(54) Eden regions: 421->0(487)
[328.993s][info][gc,heap        ] GC(54) Survivor regions: 40->37(58)
[328.993s][info][gc,heap        ] GC(54) Old regions: 155->166
[328.993s][info][gc,heap        ] GC(54) Humongous regions: 34->34
[328.993s][info][gc,metaspace   ] GC(54) Metaspace: 29720K(30208K)->29720K(30208K) NonClass: 26326K(26560K)->26326K(26560K) Class: 3393K(3648K)->3393K(3648K)
[328.993s][info][gc             ] GC(54) Pause Young (Normal) (G1 Evacuation Pause) 5168M->1864M(8192M) 145.578ms
[328.993s][info][gc,cpu         ] GC(54) User=1.15s Sys=0.00s Real=0.15s
...[332.374s][info][gc,start       ] GC(55) Pause Young (Normal) (G1 Evacuation Pause)
[332.374s][info][gc,task        ] GC(55) Using 8 workers of 8 for evacuation
[332.523s][info][gc,phases      ] GC(55)   Pre Evacuate Collection Set: 0.26ms
[332.523s][info][gc,phases      ] GC(55)   Merge Heap Roots: 0.44ms
[332.523s][info][gc,phases      ] GC(55)   Evacuate Collection Set: 147.27ms
[332.523s][info][gc,phases      ] GC(55)   Post Evacuate Collection Set: 0.96ms
[332.523s][info][gc,phases      ] GC(55)   Other: 0.07ms
[332.523s][info][gc,heap        ] GC(55) Eden regions: 486->0(478)
[332.523s][info][gc,heap        ] GC(55) Survivor regions: 37->40(66)
[332.523s][info][gc,heap        ] GC(55) Old regions: 166->174
[332.523s][info][gc,heap        ] GC(55) Humongous regions: 34->34
[332.523s][info][gc,metaspace   ] GC(55) Metaspace: 29722K(30208K)->29722K(30208K) NonClass: 26328K(26560K)->26328K(26560K) Class: 3393K(3648K)->3393K(3648K)
[332.523s][info][gc             ] GC(55) Pause Young (Normal) (G1 Evacuation Pause) 5752M->1955M(8192M) 149.133ms
[332.523s][info][gc,cpu         ] GC(55) User=1.18s Sys=0.00s Real=0.15s
.... (rIR:aIR:PR = 9238:9118:9115) (tPR = 136687) [OK] 
   335s:       rampup IR =  10393 [335.808s][info][gc,start       ] GC(56) Pause Young (Normal) (G1 Evacuation Pause)
[335.809s][info][gc,task        ] GC(56) Using 8 workers of 8 for evacuation
[335.953s][info][gc,phases      ] GC(56)   Pre Evacuate Collection Set: 0.24ms
[335.953s][info][gc,phases      ] GC(56)   Merge Heap Roots: 0.41ms
[335.953s][info][gc,phases      ] GC(56)   Evacuate Collection Set: 143.03ms
[335.953s][info][gc,phases      ] GC(56)   Post Evacuate Collection Set: 1.00ms
[335.953s][info][gc,phases      ] GC(56)   Other: 0.06ms
[335.953s][info][gc,heap        ] GC(56) Eden regions: 478->0(538)
[335.953s][info][gc,heap        ] GC(56) Survivor regions: 40->40(65)
[335.953s][info][gc,heap        ] GC(56) Old regions: 174->182
[335.953s][info][gc,heap        ] GC(56) Humongous regions: 34->34
[335.953s][info][gc,metaspace   ] GC(56) Metaspace: 29724K(30208K)->29724K(30208K) NonClass: 26330K(26560K)->26330K(26560K) Class: 3393K(3648K)->3393K(3648K)
[335.953s][info][gc             ] GC(56) Pause Young (Normal) (G1 Evacuation Pause) 5779M->2013M(8192M) 144.874ms
[335.953s][info][gc,cpu         ] GC(56) User=1.14s Sys=0.00s Real=0.15s
...[339.251s][info][gc,start       ] GC(57) Pause Young (Normal) (G1 Evacuation Pause)
[339.251s][info][gc,task        ] GC(57) Using 8 workers of 8 for evacuation
[339.400s][info][gc,phases      ] GC(57)   Pre Evacuate Collection Set: 0.25ms
[339.400s][info][gc,phases      ] GC(57)   Merge Heap Roots: 0.42ms
[339.400s][info][gc,phases      ] GC(57)   Evacuate Collection Set: 147.04ms
[339.400s][info][gc,phases      ] GC(57)   Post Evacuate Collection Set: 1.04ms
[339.400s][info][gc,phases      ] GC(57)   Other: 0.06ms
[339.400s][info][gc,heap        ] GC(57) Eden regions: 536->0(555)
[339.400s][info][gc,heap        ] GC(57) Survivor regions: 40->42(72)
[339.400s][info][gc,heap        ] GC(57) Old regions: 182->190
[339.400s][info][gc,heap        ] GC(57) Humongous regions: 34->34
[339.400s][info][gc,metaspace   ] GC(57) Metaspace: 29724K(30208K)->29724K(30208K) NonClass: 26330K(26560K)->26330K(26560K) Class: 3393K(3648K)->3393K(3648K)
[339.400s][info][gc             ] GC(57) Pause Young (Normal) (G1 Evacuation Pause) 6301M->2095M(8192M) 148.929ms
[339.400s][info][gc,cpu         ] GC(57) User=1.18s Sys=0.00s Real=0.14s
. (rIR:aIR:PR = 10393:10373:10256) (tPR = 158487) [OK] 
   339s:       rampup IR =  11548 ...[342.637s][info][gc,start       ] GC(58) Pause Young (Normal) (G1 Evacuation Pause)
[342.637s][info][gc,task        ] GC(58) Using 8 workers of 8 for evacuation
[342.792s][info][gc,phases      ] GC(58)   Pre Evacuate Collection Set: 0.26ms
[342.792s][info][gc,phases      ] GC(58)   Merge Heap Roots: 0.52ms
[342.792s][info][gc,phases      ] GC(58)   Evacuate Collection Set: 152.36ms
[342.792s][info][gc,phases      ] GC(58)   Post Evacuate Collection Set: 1.06ms
[342.792s][info][gc,phases      ] GC(58)   Other: 0.06ms
[342.792s][info][gc,heap        ] GC(58) Eden regions: 552->0(562)
[342.792s][info][gc,heap        ] GC(58) Survivor regions: 42->44(75)
[342.792s][info][gc,heap        ] GC(58) Old regions: 190->197
[342.792s][info][gc,heap        ] GC(58) Humongous regions: 34->34
[342.792s][info][gc,metaspace   ] GC(58) Metaspace: 29724K(30208K)->29724K(30208K) NonClass: 26330K(26560K)->26330K(26560K) Class: 3393K(3648K)->3393K(3648K)
[342.792s][info][gc             ] GC(58) Pause Young (Normal) (G1 Evacuation Pause) 6511M->2164M(8192M) 154.417ms
[342.792s][info][gc,cpu         ] GC(58) User=1.22s Sys=0.00s Real=0.16s
. (rIR:aIR:PR = 11548:11622:11424) (tPR = 161855) [OK] 
   343s:    snapshot, IR =  11548 ..[345.906s][info][gc,start       ] GC(59) Pause Young (Normal) (G1 Evacuation Pause)
[345.906s][info][gc,task        ] GC(59) Using 8 workers of 8 for evacuation
[346.065s][info][gc,phases      ] GC(59)   Pre Evacuate Collection Set: 0.23ms
[346.065s][info][gc,phases      ] GC(59)   Merge Heap Roots: 0.49ms
[346.065s][info][gc,phases      ] GC(59)   Evacuate Collection Set: 156.84ms
[346.065s][info][gc,phases      ] GC(59)   Post Evacuate Collection Set: 1.08ms
[346.065s][info][gc,phases      ] GC(59)   Other: 0.06ms
[346.065s][info][gc,heap        ] GC(59) Eden regions: 558->0(570)
[346.065s][info][gc,heap        ] GC(59) Survivor regions: 44->44(76)
[346.065s][info][gc,heap        ] GC(59) Old regions: 197->204
[346.065s][info][gc,heap        ] GC(59) Humongous regions: 34->34
[346.065s][info][gc,metaspace   ] GC(59) Metaspace: 29728K(30272K)->29728K(30272K) NonClass: 26335K(26624K)->26335K(26624K) Class: 3393K(3648K)->3393K(3648K)
[346.065s][info][gc             ] GC(59) Pause Young (Normal) (G1 Evacuation Pause) 6628M->2221M(8192M) 158.826ms
[346.065s][info][gc,cpu         ] GC(59) User=1.26s Sys=0.00s Real=0.16s
..|.[349.225s][info][gc,start       ] GC(60) Pause Young (Normal) (G1 Evacuation Pause)
[349.225s][info][gc,task        ] GC(60) Using 8 workers of 8 for evacuation
[349.389s][info][gc,phases      ] GC(60)   Pre Evacuate Collection Set: 0.23ms
[349.389s][info][gc,phases      ] GC(60)   Merge Heap Roots: 0.48ms
[349.389s][info][gc,phases      ] GC(60)   Evacuate Collection Set: 161.87ms
[349.389s][info][gc,phases      ] GC(60)   Post Evacuate Collection Set: 1.04ms
[349.389s][info][gc,phases      ] GC(60)   Other: 0.06ms
[349.389s][info][gc,heap        ] GC(60) Eden regions: 570->0(568)
[349.389s][info][gc,heap        ] GC(60) Survivor regions: 44->46(77)
[349.389s][info][gc,heap        ] GC(60) Old regions: 204->211
[349.389s][info][gc,heap        ] GC(60) Humongous regions: 34->34
[349.389s][info][gc,metaspace   ] GC(60) Metaspace: 29729K(30272K)->29729K(30272K) NonClass: 26336K(26624K)->26336K(26624K) Class: 3393K(3648K)->3393K(3648K)
[349.389s][info][gc             ] GC(60) Pause Young (Normal) (G1 Evacuation Pause) 6781M->2292M(8192M) 163.828ms
[349.389s][info][gc,cpu         ] GC(60) User=1.30s Sys=0.00s Real=0.16s
....[352.647s][info][gc,start       ] GC(61) Pause Young (Normal) (G1 Evacuation Pause)
[352.647s][info][gc,task        ] GC(61) Using 8 workers of 8 for evacuation
[352.800s][info][gc,phases      ] GC(61)   Pre Evacuate Collection Set: 0.26ms
[352.800s][info][gc,phases      ] GC(61)   Merge Heap Roots: 0.45ms
[352.800s][info][gc,phases      ] GC(61)   Evacuate Collection Set: 150.29ms
[352.800s][info][gc,phases      ] GC(61)   Post Evacuate Collection Set: 1.00ms
[352.800s][info][gc,phases      ] GC(61)   Other: 0.06ms
[352.800s][info][gc,heap        ] GC(61) Eden regions: 568->0(572)
[352.800s][info][gc,heap        ] GC(61) Survivor regions: 46->42(77)
[352.800s][info][gc,heap        ] GC(61) Old regions: 211->218
[352.800s][info][gc,heap        ] GC(61) Humongous regions: 34->34
[352.800s][info][gc,metaspace   ] GC(61) Metaspace: 29740K(30272K)->29740K(30272K) NonClass: 26346K(26624K)->26346K(26624K) Class: 3393K(3648K)->3393K(3648K)
[352.800s][info][gc             ] GC(61) Pause Young (Normal) (G1 Evacuation Pause) 6836M->2321M(8192M) 152.187ms
[352.800s][info][gc,cpu         ] GC(61) User=1.21s Sys=0.00s Real=0.15s
...[356.132s][info][gc,start       ] GC(62) Pause Young (Normal) (G1 Evacuation Pause)
[356.133s][info][gc,task        ] GC(62) Using 8 workers of 8 for evacuation
[356.289s][info][gc,phases      ] GC(62)   Pre Evacuate Collection Set: 0.24ms
[356.289s][info][gc,phases      ] GC(62)   Merge Heap Roots: 0.45ms
[356.289s][info][gc,phases      ] GC(62)   Evacuate Collection Set: 154.79ms
[356.289s][info][gc,phases      ] GC(62)   Post Evacuate Collection Set: 1.02ms
[356.289s][info][gc,phases      ] GC(62)   Other: 0.06ms
[356.289s][info][gc,heap        ] GC(62) Eden regions: 572->0(570)
[356.289s][info][gc,heap        ] GC(62) Survivor regions: 42->44(77)
[356.289s][info][gc,heap        ] GC(62) Old regions: 218->226
[356.289s][info][gc,heap        ] GC(62) Humongous regions: 34->34
[356.289s][info][gc,metaspace   ] GC(62) Metaspace: 29740K(30272K)->29740K(30272K) NonClass: 26346K(26624K)->26346K(26624K) Class: 3393K(3648K)->3393K(3648K)
[356.289s][info][gc             ] GC(62) Pause Young (Normal) (G1 Evacuation Pause) 6897M->2393M(8192M) 156.710ms
[356.289s][info][gc,cpu         ] GC(62) User=1.25s Sys=0.00s Real=0.15s
...[359.551s][info][gc,start       ] GC(63) Pause Young (Normal) (G1 Evacuation Pause)
[359.551s][info][gc,task        ] GC(63) Using 8 workers of 8 for evacuation
[359.701s][info][gc,phases      ] GC(63)   Pre Evacuate Collection Set: 0.24ms
[359.701s][info][gc,phases      ] GC(63)   Merge Heap Roots: 0.45ms
[359.701s][info][gc,phases      ] GC(63)   Evacuate Collection Set: 148.42ms
[359.701s][info][gc,phases      ] GC(63)   Post Evacuate Collection Set: 1.05ms
[359.701s][info][gc,phases      ] GC(63)   Other: 0.06ms
[359.701s][info][gc,heap        ] GC(63) Eden regions: 570->0(572)
[359.701s][info][gc,heap        ] GC(63) Survivor regions: 44->42(77)
[359.701s][info][gc,heap        ] GC(63) Old regions: 226->233
[359.701s][info][gc,heap        ] GC(63) Humongous regions: 34->34
[359.701s][info][gc,metaspace   ] GC(63) Metaspace: 29741K(30272K)->29741K(30272K) NonClass: 26347K(26624K)->26347K(26624K) Class: 3393K(3648K)->3393K(3648K)
[359.701s][info][gc             ] GC(63) Pause Young (Normal) (G1 Evacuation Pause) 6953M->2437M(8192M) 150.344ms
[359.701s][info][gc,cpu         ] GC(63) User=1.19s Sys=0.00s Real=0.16s
....[363.033s][info][gc,start       ] GC(64) Pause Young (Normal) (G1 Evacuation Pause)
[363.033s][info][gc,task        ] GC(64) Using 8 workers of 8 for evacuation
[363.193s][info][gc,phases      ] GC(64)   Pre Evacuate Collection Set: 0.26ms
[363.193s][info][gc,phases      ] GC(64)   Merge Heap Roots: 0.52ms
[363.193s][info][gc,phases      ] GC(64)   Evacuate Collection Set: 158.26ms
[363.193s][info][gc,phases      ] GC(64)   Post Evacuate Collection Set: 1.04ms
[363.193s][info][gc,phases      ] GC(64)   Other: 0.07ms
[363.193s][info][gc,heap        ] GC(64) Eden regions: 572->0(569)
[363.193s][info][gc,heap        ] GC(64) Survivor regions: 42->45(77)
[363.193s][info][gc,heap        ] GC(64) Old regions: 233->240
[363.193s][info][gc,heap        ] GC(64) Humongous regions: 34->34
[363.193s][info][gc,metaspace   ] GC(64) Metaspace: 29744K(30272K)->29744K(30272K) NonClass: 26350K(26624K)->26350K(26624K) Class: 3393K(3648K)->3393K(3648K)
[363.193s][info][gc             ] GC(64) Pause Young (Normal) (G1 Evacuation Pause) 7013M->2513M(8192M) 160.287ms
[363.193s][info][gc,cpu         ] GC(64) User=1.27s Sys=0.00s Real=0.16s
...[366.416s][info][gc,start       ] GC(65) Pause Young (Normal) (G1 Evacuation Pause)
[366.416s][info][gc,task        ] GC(65) Using 8 workers of 8 for evacuation
[366.575s][info][gc,phases      ] GC(65)   Pre Evacuate Collection Set: 0.24ms
[366.575s][info][gc,phases      ] GC(65)   Merge Heap Roots: 0.46ms
[366.575s][info][gc,phases      ] GC(65)   Evacuate Collection Set: 157.91ms
[366.575s][info][gc,phases      ] GC(65)   Post Evacuate Collection Set: 1.04ms
[366.575s][info][gc,phases      ] GC(65)   Other: 0.06ms
[366.575s][info][gc,heap        ] GC(65) Eden regions: 569->0(569)
[366.575s][info][gc,heap        ] GC(65) Survivor regions: 45->45(77)
[366.575s][info][gc,heap        ] GC(65) Old regions: 240->247
[366.575s][info][gc,heap        ] GC(65) Humongous regions: 34->34
[366.575s][info][gc,metaspace   ] GC(65) Metaspace: 29744K(30272K)->29744K(30272K) NonClass: 26350K(26624K)->26350K(26624K) Class: 3393K(3648K)->3393K(3648K)
[366.575s][info][gc             ] GC(65) Pause Young (Normal) (G1 Evacuation Pause) 7065M->2572M(8192M) 159.853ms
[366.576s][info][gc,cpu         ] GC(65) User=1.27s Sys=0.00s Real=0.16s
....[369.827s][info][gc,start       ] GC(66) Pause Young (Normal) (G1 Evacuation Pause)
[369.827s][info][gc,task        ] GC(66) Using 8 workers of 8 for evacuation
[369.982s][info][gc,phases      ] GC(66)   Pre Evacuate Collection Set: 0.25ms
[369.982s][info][gc,phases      ] GC(66)   Merge Heap Roots: 0.49ms
[369.982s][info][gc,phases      ] GC(66)   Evacuate Collection Set: 152.68ms
[369.982s][info][gc,phases      ] GC(66)   Post Evacuate Collection Set: 0.99ms
[369.982s][info][gc,phases      ] GC(66)   Other: 0.06ms
[369.982s][info][gc,heap        ] GC(66) Eden regions: 569->0(571)
[369.982s][info][gc,heap        ] GC(66) Survivor regions: 45->43(77)
[369.982s][info][gc,heap        ] GC(66) Old regions: 247->254
[369.982s][info][gc,heap        ] GC(66) Humongous regions: 34->34
[369.982s][info][gc,metaspace   ] GC(66) Metaspace: 29744K(30272K)->29744K(30272K) NonClass: 26350K(26624K)->26350K(26624K) Class: 3393K(3648K)->3393K(3648K)
[369.982s][info][gc             ] GC(66) Pause Young (Normal) (G1 Evacuation Pause) 7124M->2615M(8192M) 154.605ms
[369.982s][info][gc,cpu         ] GC(66) User=1.23s Sys=0.00s Real=0.16s
...[373.103s][info][gc,start       ] GC(67) Pause Young (Normal) (G1 Evacuation Pause)
[373.103s][info][gc,task        ] GC(67) Using 8 workers of 8 for evacuation
[373.260s][info][gc,phases      ] GC(67)   Pre Evacuate Collection Set: 0.24ms
[373.260s][info][gc,phases      ] GC(67)   Merge Heap Roots: 0.49ms
[373.260s][info][gc,phases      ] GC(67)   Evacuate Collection Set: 155.37ms
[373.260s][info][gc,phases      ] GC(67)   Post Evacuate Collection Set: 0.99ms
[373.260s][info][gc,phases      ] GC(67)   Other: 0.06ms
[373.260s][info][gc,heap        ] GC(67) Eden regions: 571->0(570)
[373.260s][info][gc,heap        ] GC(67) Survivor regions: 43->44(77)
[373.260s][info][gc,heap        ] GC(67) Old regions: 254->261
[373.260s][info][gc,heap        ] GC(67) Humongous regions: 34->34
[373.260s][info][gc,metaspace   ] GC(67) Metaspace: 29744K(30272K)->29744K(30272K) NonClass: 26350K(26624K)->26350K(26624K) Class: 3393K(3648K)->3393K(3648K)
[373.260s][info][gc             ] GC(67) Pause Young (Normal) (G1 Evacuation Pause) 7183M->2680M(8192M) 157.291ms
[373.260s][info][gc,cpu         ] GC(67) User=1.24s Sys=0.00s Real=0.15s
...[376.423s][info][gc,start       ] GC(68) Pause Young (Normal) (G1 Evacuation Pause)
[376.423s][info][gc,task        ] GC(68) Using 8 workers of 8 for evacuation
[376.579s][info][gc,phases      ] GC(68)   Pre Evacuate Collection Set: 0.25ms
[376.579s][info][gc,phases      ] GC(68)   Merge Heap Roots: 0.47ms
[376.579s][info][gc,phases      ] GC(68)   Evacuate Collection Set: 154.96ms
[376.579s][info][gc,phases      ] GC(68)   Post Evacuate Collection Set: 1.02ms
[376.579s][info][gc,phases      ] GC(68)   Other: 0.06ms
[376.579s][info][gc,heap        ] GC(68) Eden regions: 570->0(570)
[376.579s][info][gc,heap        ] GC(68) Survivor regions: 44->44(77)
[376.579s][info][gc,heap        ] GC(68) Old regions: 261->268
[376.579s][info][gc,heap        ] GC(68) Humongous regions: 34->34
[376.579s][info][gc,metaspace   ] GC(68) Metaspace: 29748K(30272K)->29748K(30272K) NonClass: 26354K(26624K)->26354K(26624K) Class: 3393K(3648K)->3393K(3648K)
[376.579s][info][gc             ] GC(68) Pause Young (Normal) (G1 Evacuation Pause) 7240M->2736M(8192M) 156.902ms
[376.579s][info][gc,cpu         ] GC(68) User=1.25s Sys=0.00s Real=0.15s
.. (rIR:aIR:PR = 11548:11534:11545) (tPR = 174031) [OK] 
   377s: Performing snapshot: (quiescence.....) (stop TxI) (stop BE) (saving... [387.326s][info][gc,start       ] GC(69) Pause Young (Concurrent Start) (G1 Humongous Allocation)
[387.326s][info][gc,task        ] GC(69) Using 8 workers of 8 for evacuation
[387.583s][info][gc,mmu         ] GC(69) MMU target violated: 201.0ms (200.0ms/201.0ms)
[387.583s][info][gc,phases      ] GC(69)   Pre Evacuate Collection Set: 0.26ms
[387.583s][info][gc,phases      ] GC(69)   Merge Heap Roots: 1.45ms
[387.583s][info][gc,phases      ] GC(69)   Evacuate Collection Set: 254.35ms
[387.583s][info][gc,phases      ] GC(69)   Post Evacuate Collection Set: 0.99ms
[387.583s][info][gc,phases      ] GC(69)   Other: 0.14ms
[387.583s][info][gc,heap        ] GC(69) Eden regions: 276->0(168)
[387.583s][info][gc,heap        ] GC(69) Survivor regions: 44->54(65)
[387.583s][info][gc,heap        ] GC(69) Old regions: 268->279
[387.583s][info][gc,heap        ] GC(69) Humongous regions: 179->90
[387.583s][info][gc,metaspace   ] GC(69) Metaspace: 29752K(30272K)->29752K(30272K) NonClass: 26358K(26624K)->26358K(26624K) Class: 3393K(3648K)->3393K(3648K)
[387.583s][info][gc             ] GC(69) Pause Young (Concurrent Start) (G1 Humongous Allocation) 6101M->3352M(8192M) 257.305ms
[387.584s][info][gc             ] GC(70) Concurrent Undo Cycle
[387.584s][info][gc,cpu         ] GC(69) User=2.04s Sys=0.00s Real=0.26s
[387.584s][info][gc,marking     ] GC(70) Concurrent Clear Claimed Marks
[387.584s][info][gc,marking     ] GC(70) Concurrent Clear Claimed Marks 0.046ms
[387.584s][info][gc,marking     ] GC(70) Concurrent Cleanup for Next Mark
[387.584s][info][gc,marking     ] GC(70) Concurrent Cleanup for Next Mark 0.217ms
[387.584s][info][gc             ] GC(70) Concurrent Undo Cycle 0.317ms
225495 Kb) (term) [387.615s][info][gc,start       ] GC(71) Pause Full (System.gc())
[387.615s][info][gc,task        ] GC(71) Using 8 workers of 8 for full compaction
[387.615s][info][gc,phases,start] GC(71) Phase 1: Mark live objects
[387.633s][info][gc,phases      ] GC(71) Phase 1: Mark live objects 18.045ms
[387.633s][info][gc,phases,start] GC(71) Phase 2: Prepare compaction
[387.638s][info][gc,phases      ] GC(71) Phase 2: Prepare compaction 4.564ms
[387.638s][info][gc,phases,start] GC(71) Phase 3: Adjust pointers
[387.647s][info][gc,phases      ] GC(71) Phase 3: Adjust pointers 9.665ms
[387.647s][info][gc,phases,start] GC(71) Phase 4: Compact heap
[387.652s][info][gc,phases      ] GC(71) Phase 4: Compact heap 4.415ms
[387.652s][info][gc,phases,start] GC(71) Phase 5: Reset Metadata
[387.655s][info][gc,phases      ] GC(71) Phase 5: Reset Metadata 3.377ms
[387.665s][info][gc,heap        ] GC(71) Eden regions: 1->0(614)
[387.665s][info][gc,heap        ] GC(71) Survivor regions: 54->0(65)
[387.665s][info][gc,heap        ] GC(71) Old regions: 279->12
[387.665s][info][gc,heap        ] GC(71) Humongous regions: 106->33
[387.665s][info][gc,metaspace   ] GC(71) Metaspace: 29752K(30272K)->29752K(30272K) NonClass: 26358K(26624K)->26358K(26624K) Class: 3393K(3648K)->3393K(3648K)
[387.665s][info][gc             ] GC(71) Pause Full (System.gc()) 3484M->333M(8192M) 49.865ms
[387.665s][info][gc,cpu         ] GC(71) User=0.32s Sys=0.00s Real=0.05s
(init) ...
   392s:       rampup IR =      0 ... (rIR:aIR:PR = 0:0:0) (tPR = 0) [OK] 
   395s:       rampup IR =   1155 .... (rIR:aIR:PR = 1155:1161:1161) (tPR = 18793) [OK] 
   399s:       rampup IR =   2310 .[402.163s][info][gc,start       ] GC(72) Pause Young (Normal) (G1 Evacuation Pause)
[402.163s][info][gc,task        ] GC(72) Using 8 workers of 8 for evacuation
[402.904s][info][gc,mmu         ] GC(72) MMU target violated: 201.0ms (200.0ms/201.0ms)
[402.904s][info][gc,phases      ] GC(72)   Pre Evacuate Collection Set: 0.24ms
[402.904s][info][gc,phases      ] GC(72)   Merge Heap Roots: 0.79ms
[402.904s][info][gc,phases      ] GC(72)   Evacuate Collection Set: 738.41ms
[402.904s][info][gc,phases      ] GC(72)   Post Evacuate Collection Set: 1.38ms
[402.904s][info][gc,phases      ] GC(72)   Other: 0.09ms
[402.904s][info][gc,heap        ] GC(72) Eden regions: 614->0(199)
[402.904s][info][gc,heap        ] GC(72) Survivor regions: 0->77(77)
[402.904s][info][gc,heap        ] GC(72) Old regions: 12->88
[402.904s][info][gc,heap        ] GC(72) Humongous regions: 86->81
[402.904s][info][gc,metaspace   ] GC(72) Metaspace: 29816K(30336K)->29816K(30336K) NonClass: 26419K(26688K)->26419K(26688K) Class: 3396K(3648K)->3396K(3648K)
[402.904s][info][gc             ] GC(72) Pause Young (Normal) (G1 Evacuation Pause) 5669M->1941M(8192M) 741.021ms
[402.904s][info][gc,cpu         ] GC(72) User=5.86s Sys=0.00s Real=0.74s
.... (rIR:aIR:PR = 2310:2310:2310) (tPR = 34671) [OK] 
   405s:       rampup IR =   3464 .[407.285s][info][gc,start       ] GC(73) Pause Young (Normal) (G1 Evacuation Pause)
[407.285s][info][gc,task        ] GC(73) Using 8 workers of 8 for evacuation
[407.631s][info][gc,mmu         ] GC(73) MMU target violated: 201.0ms (200.0ms/201.0ms)
[407.631s][info][gc,phases      ] GC(73)   Pre Evacuate Collection Set: 0.25ms
[407.631s][info][gc,phases      ] GC(73)   Merge Heap Roots: 0.74ms
[407.631s][info][gc,phases      ] GC(73)   Evacuate Collection Set: 343.68ms
[407.631s][info][gc,phases      ] GC(73)   Post Evacuate Collection Set: 0.58ms
[407.631s][info][gc,phases      ] GC(73)   Other: 0.10ms
[407.631s][info][gc,heap        ] GC(73) Eden regions: 205->0(174)
[407.631s][info][gc,heap        ] GC(73) Survivor regions: 77->14(36)
[407.631s][info][gc,heap        ] GC(73) Old regions: 88->167
[407.631s][info][gc,heap        ] GC(73) Humongous regions: 81->81
[407.631s][info][gc,metaspace   ] GC(73) Metaspace: 29820K(30336K)->29820K(30336K) NonClass: 26423K(26688K)->26423K(26688K) Class: 3396K(3648K)->3396K(3648K)
[407.631s][info][gc             ] GC(73) Pause Young (Normal) (G1 Evacuation Pause) 3581M->2065M(8192M) 345.453ms
[407.631s][info][gc,cpu         ] GC(73) User=2.70s Sys=0.00s Real=0.35s
... (rIR:aIR:PR = 3464:3475:3475) (tPR = 53521) [OK] 
   409s:       rampup IR =   4619 .[411.088s][info][gc,start       ] GC(74) Pause Young (Normal) (G1 Evacuation Pause)
[411.088s][info][gc,task        ] GC(74) Using 8 workers of 8 for evacuation
[411.167s][info][gc,phases      ] GC(74)   Pre Evacuate Collection Set: 0.21ms
[411.167s][info][gc,phases      ] GC(74)   Merge Heap Roots: 0.39ms
[411.167s][info][gc,phases      ] GC(74)   Evacuate Collection Set: 76.81ms
[411.167s][info][gc,phases      ] GC(74)   Post Evacuate Collection Set: 0.73ms
[411.167s][info][gc,phases      ] GC(74)   Other: 0.06ms
[411.167s][info][gc,heap        ] GC(74) Eden regions: 211->0(171)
[411.167s][info][gc,heap        ] GC(74) Survivor regions: 14->24(29)
[411.167s][info][gc,heap        ] GC(74) Old regions: 167->167
[411.167s][info][gc,heap        ] GC(74) Humongous regions: 81->81
[411.167s][info][gc,metaspace   ] GC(74) Metaspace: 29830K(30336K)->29830K(30336K) NonClass: 26433K(26688K)->26433K(26688K) Class: 3396K(3648K)->3396K(3648K)
[411.167s][info][gc             ] GC(74) Pause Young (Normal) (G1 Evacuation Pause) 3753M->2145M(8192M) 78.321ms
[411.167s][info][gc,cpu         ] GC(74) User=0.62s Sys=0.00s Real=0.08s
... (rIR:aIR:PR = 4619:4630:4630) (tPR = 68741) [OK] 
   413s:       rampup IR =   5774 [414.001s][info][gc,start       ] GC(75) Pause Young (Normal) (G1 Evacuation Pause)
[414.001s][info][gc,task        ] GC(75) Using 8 workers of 8 for evacuation
[414.102s][info][gc,phases      ] GC(75)   Pre Evacuate Collection Set: 0.24ms
[414.102s][info][gc,phases      ] GC(75)   Merge Heap Roots: 0.44ms
[414.102s][info][gc,phases      ] GC(75)   Evacuate Collection Set: 100.13ms
[414.102s][info][gc,phases      ] GC(75)   Post Evacuate Collection Set: 0.62ms
[414.102s][info][gc,phases      ] GC(75)   Other: 0.05ms
[414.102s][info][gc,heap        ] GC(75) Eden regions: 199->0(191)
[414.102s][info][gc,heap        ] GC(75) Survivor regions: 24->26(28)
[414.102s][info][gc,heap        ] GC(75) Old regions: 167->176
[414.102s][info][gc,heap        ] GC(75) Humongous regions: 81->81
[414.102s][info][gc,metaspace   ] GC(75) Metaspace: 29830K(30336K)->29830K(30336K) NonClass: 26433K(26688K)->26433K(26688K) Class: 3396K(3648K)->3396K(3648K)
[414.102s][info][gc             ] GC(75) Pause Young (Normal) (G1 Evacuation Pause) 3737M->2233M(8192M) 101.612ms
[414.102s][info][gc,cpu         ] GC(75) User=0.81s Sys=0.00s Real=0.11s
..[416.593s][info][gc,start       ] GC(76) Pause Young (Normal) (G1 Evacuation Pause)
[416.593s][info][gc,task        ] GC(76) Using 8 workers of 8 for evacuation
[416.691s][info][gc,phases      ] GC(76)   Pre Evacuate Collection Set: 0.26ms
[416.691s][info][gc,phases      ] GC(76)   Merge Heap Roots: 0.43ms
[416.691s][info][gc,phases      ] GC(76)   Evacuate Collection Set: 96.73ms
[416.691s][info][gc,phases      ] GC(76)   Post Evacuate Collection Set: 0.62ms
[416.691s][info][gc,phases      ] GC(76)   Other: 0.05ms
[416.691s][info][gc,heap        ] GC(76) Eden regions: 218->0(233)
[416.691s][info][gc,heap        ] GC(76) Survivor regions: 26->25(31)
[416.691s][info][gc,heap        ] GC(76) Old regions: 176->185
[416.691s][info][gc,heap        ] GC(76) Humongous regions: 81->81
[416.691s][info][gc,metaspace   ] GC(76) Metaspace: 29830K(30336K)->29830K(30336K) NonClass: 26433K(26688K)->26433K(26688K) Class: 3396K(3648K)->3396K(3648K)
[416.691s][info][gc             ] GC(76) Pause Young (Normal) (G1 Evacuation Pause) 3977M->2299M(8192M) 98.243ms
[416.691s][info][gc,cpu         ] GC(76) User=0.78s Sys=0.00s Real=0.10s
.. (rIR:aIR:PR = 5774:5792:5792) (tPR = 85455) [OK] 
   417s:       rampup IR =   6929 .[419.648s][info][gc,start       ] GC(77) Pause Young (Normal) (G1 Evacuation Pause)
[419.648s][info][gc,task        ] GC(77) Using 8 workers of 8 for evacuation
[419.752s][info][gc,phases      ] GC(77)   Pre Evacuate Collection Set: 0.26ms
[419.752s][info][gc,phases      ] GC(77)   Merge Heap Roots: 0.38ms
[419.752s][info][gc,phases      ] GC(77)   Evacuate Collection Set: 101.90ms
[419.752s][info][gc,phases      ] GC(77)   Post Evacuate Collection Set: 0.76ms
[419.752s][info][gc,phases      ] GC(77)   Other: 0.06ms
[419.752s][info][gc,heap        ] GC(77) Eden regions: 285->0(311)
[419.752s][info][gc,heap        ] GC(77) Survivor regions: 25->29(39)
[419.752s][info][gc,heap        ] GC(77) Old regions: 185->192
[419.752s][info][gc,heap        ] GC(77) Humongous regions: 81->81
[419.752s][info][gc,metaspace   ] GC(77) Metaspace: 29840K(30400K)->29840K(30400K) NonClass: 26444K(26752K)->26444K(26752K) Class: 3396K(3648K)->3396K(3648K)
[419.752s][info][gc             ] GC(77) Pause Young (Normal) (G1 Evacuation Pause) 4579M->2386M(8192M) 103.476ms
[419.752s][info][gc,cpu         ] GC(77) User=0.82s Sys=0.00s Real=0.11s
... (rIR:aIR:PR = 6929:6951:6954) (tPR = 102480) [OK] 
   421s:       rampup IR =   8084 [422.909s][info][gc,start       ] GC(78) Pause Young (Normal) (G1 Evacuation Pause)
[422.909s][info][gc,task        ] GC(78) Using 8 workers of 8 for evacuation
[423.024s][info][gc,phases      ] GC(78)   Pre Evacuate Collection Set: 0.26ms
[423.024s][info][gc,phases      ] GC(78)   Merge Heap Roots: 0.46ms
[423.024s][info][gc,phases      ] GC(78)   Evacuate Collection Set: 113.80ms
[423.024s][info][gc,phases      ] GC(78)   Post Evacuate Collection Set: 0.80ms
[423.024s][info][gc,phases      ] GC(78)   Other: 0.07ms
[423.024s][info][gc,heap        ] GC(78) Eden regions: 342->0(347)
[423.024s][info][gc,heap        ] GC(78) Survivor regions: 29->33(47)
[423.024s][info][gc,heap        ] GC(78) Old regions: 192->198
[423.024s][info][gc,heap        ] GC(78) Humongous regions: 81->81
[423.024s][info][gc,metaspace   ] GC(78) Metaspace: 29840K(30400K)->29840K(30400K) NonClass: 26444K(26752K)->26444K(26752K) Class: 3396K(3648K)->3396K(3648K)
[423.024s][info][gc             ] GC(78) Pause Young (Normal) (G1 Evacuation Pause) 5122M->2465M(8192M) 115.516ms
[423.024s][info][gc,cpu         ] GC(78) User=0.91s Sys=0.00s Real=0.12s
....[426.101s][info][gc,start       ] GC(79) Pause Young (Normal) (G1 Evacuation Pause)
[426.101s][info][gc,task        ] GC(79) Using 8 workers of 8 for evacuation
[426.226s][info][gc,phases      ] GC(79)   Pre Evacuate Collection Set: 0.24ms
[426.226s][info][gc,phases      ] GC(79)   Merge Heap Roots: 0.44ms
[426.226s][info][gc,phases      ] GC(79)   Evacuate Collection Set: 123.94ms
[426.226s][info][gc,phases      ] GC(79)   Post Evacuate Collection Set: 0.83ms
[426.226s][info][gc,phases      ] GC(79)   Other: 0.06ms
[426.226s][info][gc,heap        ] GC(79) Eden regions: 370->0(393)
[426.226s][info][gc,heap        ] GC(79) Survivor regions: 33->35(51)
[426.226s][info][gc,heap        ] GC(79) Old regions: 198->206
[426.226s][info][gc,heap        ] GC(79) Humongous regions: 81->81
[426.226s][info][gc,metaspace   ] GC(79) Metaspace: 29840K(30400K)->29840K(30400K) NonClass: 26444K(26752K)->26444K(26752K) Class: 3396K(3648K)->3396K(3648K)
[426.226s][info][gc             ] GC(79) Pause Young (Normal) (G1 Evacuation Pause) 5425M->2538M(8192M) 125.665ms
[426.226s][info][gc,cpu         ] GC(79) User=0.99s Sys=0.01s Real=0.13s
.. (rIR:aIR:PR = 8084:8113:8205) (tPR = 123041) [OK] 
   427s:       rampup IR =   9238 .[429.388s][info][gc,start       ] GC(80) Pause Young (Normal) (G1 Evacuation Pause)
[429.388s][info][gc,task        ] GC(80) Using 8 workers of 8 for evacuation
[429.518s][info][gc,phases      ] GC(80)   Pre Evacuate Collection Set: 0.25ms
[429.518s][info][gc,phases      ] GC(80)   Merge Heap Roots: 0.45ms
[429.518s][info][gc,phases      ] GC(80)   Evacuate Collection Set: 128.74ms
[429.518s][info][gc,phases      ] GC(80)   Post Evacuate Collection Set: 0.85ms
[429.518s][info][gc,phases      ] GC(80)   Other: 0.06ms
[429.518s][info][gc,heap        ] GC(80) Eden regions: 406->0(444)
[429.518s][info][gc,heap        ] GC(80) Survivor regions: 35->36(56)
[429.518s][info][gc,heap        ] GC(80) Old regions: 206->213
[429.518s][info][gc,heap        ] GC(80) Humongous regions: 81->81
[429.518s][info][gc,metaspace   ] GC(80) Metaspace: 29841K(30400K)->29841K(30400K) NonClass: 26445K(26752K)->26445K(26752K) Class: 3396K(3648K)->3396K(3648K)
[429.518s][info][gc             ] GC(80) Pause Young (Normal) (G1 Evacuation Pause) 5786M->2609M(8192M) 130.481ms
[429.518s][info][gc,cpu         ] GC(80) User=1.03s Sys=0.00s Real=0.13s
... (rIR:aIR:PR = 9238:9155:9099) (tPR = 131512) [OK] 
   431s:       rampup IR =  10393 [432.793s][info][gc,start       ] GC(81) Pause Young (Normal) (G1 Evacuation Pause)
[432.793s][info][gc,task        ] GC(81) Using 8 workers of 8 for evacuation
[432.934s][info][gc,phases      ] GC(81)   Pre Evacuate Collection Set: 0.24ms
[432.934s][info][gc,phases      ] GC(81)   Merge Heap Roots: 0.46ms
[432.934s][info][gc,phases      ] GC(81)   Evacuate Collection Set: 138.47ms
[432.934s][info][gc,phases      ] GC(81)   Post Evacuate Collection Set: 0.96ms
[432.934s][info][gc,phases      ] GC(81)   Other: 0.07ms
[432.934s][info][gc,heap        ] GC(81) Eden regions: 452->0(473)
[432.934s][info][gc,heap        ] GC(81) Survivor regions: 36->38(61)
[432.934s][info][gc,heap        ] GC(81) Old regions: 213->221
[432.934s][info][gc,heap        ] GC(81) Humongous regions: 81->81
[432.934s][info][gc,metaspace   ] GC(81) Metaspace: 29843K(30400K)->29843K(30400K) NonClass: 26447K(26752K)->26447K(26752K) Class: 3396K(3648K)->3396K(3648K)
[432.934s][info][gc             ] GC(81) Pause Young (Normal) (G1 Evacuation Pause) 6225M->2689M(8192M) 140.326ms
[432.934s][info][gc,cpu         ] GC(81) User=1.11s Sys=0.00s Real=0.14s
...[436.024s][info][gc,start       ] GC(82) Pause Young (Normal) (G1 Evacuation Pause)
[436.024s][info][gc,task        ] GC(82) Using 8 workers of 8 for evacuation
[436.174s][info][gc,phases      ] GC(82)   Pre Evacuate Collection Set: 0.25ms
[436.174s][info][gc,phases      ] GC(82)   Merge Heap Roots: 0.47ms
[436.174s][info][gc,phases      ] GC(82)   Evacuate Collection Set: 148.13ms
[436.174s][info][gc,phases      ] GC(82)   Post Evacuate Collection Set: 0.94ms
[436.174s][info][gc,phases      ] GC(82)   Other: 0.06ms
[436.174s][info][gc,heap        ] GC(82) Eden regions: 479->0(468)
[436.174s][info][gc,heap        ] GC(82) Survivor regions: 38->42(65)
[436.174s][info][gc,heap        ] GC(82) Old regions: 221->228
[436.174s][info][gc,heap        ] GC(82) Humongous regions: 81->81
[436.174s][info][gc,metaspace   ] GC(82) Metaspace: 29843K(30400K)->29843K(30400K) NonClass: 26447K(26752K)->26447K(26752K) Class: 3396K(3648K)->3396K(3648K)
[436.174s][info][gc             ] GC(82) Pause Young (Normal) (G1 Evacuation Pause) 6521M->2774M(8192M) 150.009ms
[436.174s][info][gc,cpu         ] GC(82) User=1.18s Sys=0.01s Real=0.15s
....[439.195s][info][gc,start       ] GC(83) Pause Young (Normal) (G1 Evacuation Pause)
[439.195s][info][gc,task        ] GC(83) Using 8 workers of 8 for evacuation
[439.349s][info][gc,phases      ] GC(83)   Pre Evacuate Collection Set: 0.24ms
[439.349s][info][gc,phases      ] GC(83)   Merge Heap Roots: 0.47ms
[439.349s][info][gc,phases      ] GC(83)   Evacuate Collection Set: 151.74ms
[439.349s][info][gc,phases      ] GC(83)   Post Evacuate Collection Set: 0.88ms
[439.349s][info][gc,phases      ] GC(83)   Other: 0.08ms
[439.349s][info][gc,heap        ] GC(83) Eden regions: 473->0(508)
[439.349s][info][gc,heap        ] GC(83) Survivor regions: 42->42(65)
[439.349s][info][gc,heap        ] GC(83) Old regions: 228->236
[439.349s][info][gc,heap        ] GC(83) Humongous regions: 81->81
[439.349s][info][gc,metaspace   ] GC(83) Metaspace: 29843K(30400K)->29843K(30400K) NonClass: 26447K(26752K)->26447K(26752K) Class: 3396K(3648K)->3396K(3648K)
[439.349s][info][gc             ] GC(83) Pause Young (Normal) (G1 Evacuation Pause) 6558M->2842M(8192M) 153.550ms
[439.349s][info][gc,cpu         ] GC(83) User=1.22s Sys=0.00s Real=0.15s
 (rIR:aIR:PR = 10393:10290:10315) (tPR = 155786) [OK] 
   439s:       rampup IR =  11548 ...[442.377s][info][gc,start       ] GC(84) Pause Young (Normal) (G1 Evacuation Pause)
[442.377s][info][gc,task        ] GC(84) Using 8 workers of 8 for evacuation
[442.529s][info][gc,phases      ] GC(84)   Pre Evacuate Collection Set: 0.26ms
[442.529s][info][gc,phases      ] GC(84)   Merge Heap Roots: 0.48ms
[442.529s][info][gc,phases      ] GC(84)   Evacuate Collection Set: 149.88ms
[442.529s][info][gc,phases      ] GC(84)   Post Evacuate Collection Set: 0.96ms
[442.529s][info][gc,phases      ] GC(84)   Other: 0.06ms
[442.529s][info][gc,heap        ] GC(84) Eden regions: 511->0(555)
[442.529s][info][gc,heap        ] GC(84) Survivor regions: 42->42(70)
[442.529s][info][gc,heap        ] GC(84) Old regions: 236->243
[442.529s][info][gc,heap        ] GC(84) Humongous regions: 81->81
[442.529s][info][gc,metaspace   ] GC(84) Metaspace: 29850K(30400K)->29850K(30400K) NonClass: 26454K(26752K)->26454K(26752K) Class: 3396K(3648K)->3396K(3648K)
[442.529s][info][gc             ] GC(84) Pause Young (Normal) (G1 Evacuation Pause) 6930M->2901M(8192M) 151.788ms
[442.529s][info][gc,cpu         ] GC(84) User=1.20s Sys=0.00s Real=0.15s
. (rIR:aIR:PR = 11548:11525:11344) (tPR = 167175) [OK] 
   443s:       trying IR =  11648 ..[445.710s][info][gc,start       ] GC(85) Pause Young (Normal) (G1 Evacuation Pause)
[445.710s][info][gc,task        ] GC(85) Using 8 workers of 8 for evacuation
[445.866s][info][gc,phases      ] GC(85)   Pre Evacuate Collection Set: 0.23ms
[445.866s][info][gc,phases      ] GC(85)   Merge Heap Roots: 0.50ms
[445.866s][info][gc,phases      ] GC(85)   Evacuate Collection Set: 153.80ms
[445.866s][info][gc,phases      ] GC(85)   Post Evacuate Collection Set: 1.13ms
[445.866s][info][gc,phases      ] GC(85)   Other: 0.06ms
[445.866s][info][gc,heap        ] GC(85) Eden regions: 555->0(555)
[445.866s][info][gc,heap        ] GC(85) Survivor regions: 42->43(75)
[445.866s][info][gc,heap        ] GC(85) Old regions: 243->250
[445.866s][info][gc,heap        ] GC(85) Humongous regions: 81->81
[445.866s][info][gc,metaspace   ] GC(85) Metaspace: 29850K(30400K)->29850K(30400K) NonClass: 26454K(26752K)->26454K(26752K) Class: 3396K(3648K)->3396K(3648K)
[445.866s][info][gc             ] GC(85) Pause Young (Normal) (G1 Evacuation Pause) 7341M->2960M(8192M) 155.834ms
[445.866s][info][gc,cpu         ] GC(85) User=1.24s Sys=0.00s Real=0.16s
.. (rIR:aIR:PR = 11648:11652:11769) (tPR = 181937) [OK] 
   447s:       trying IR =  11668 .[448.965s][info][gc,start       ] GC(86) Pause Young (Normal) (G1 Evacuation Pause)
[448.965s][info][gc,task        ] GC(86) Using 8 workers of 8 for evacuation
[449.124s][info][gc,phases      ] GC(86)   Pre Evacuate Collection Set: 0.27ms
[449.124s][info][gc,phases      ] GC(86)   Merge Heap Roots: 0.50ms
[449.124s][info][gc,phases      ] GC(86)   Evacuate Collection Set: 157.63ms
[449.124s][info][gc,phases      ] GC(86)   Post Evacuate Collection Set: 1.17ms
[449.124s][info][gc,phases      ] GC(86)   Other: 0.06ms
[449.124s][info][gc,heap        ] GC(86) Eden regions: 555->0(546)
[449.124s][info][gc,heap        ] GC(86) Survivor regions: 43->44(75)
[449.124s][info][gc,heap        ] GC(86) Old regions: 250->257
[449.124s][info][gc,heap        ] GC(86) Humongous regions: 81->81
[449.124s][info][gc,metaspace   ] GC(86) Metaspace: 29850K(30400K)->29850K(30400K) NonClass: 26454K(26752K)->26454K(26752K) Class: 3396K(3648K)->3396K(3648K)
[449.124s][info][gc             ] GC(86) Pause Young (Normal) (G1 Evacuation Pause) 7400M->3026M(8192M) 159.781ms
[449.124s][info][gc,cpu         ] GC(86) User=1.27s Sys=0.00s Real=0.16s
...[452.211s][info][gc,start       ] GC(87) Pause Young (Normal) (G1 Evacuation Pause)
[452.211s][info][gc,task        ] GC(87) Using 8 workers of 8 for evacuation
[452.362s][info][gc,phases      ] GC(87)   Pre Evacuate Collection Set: 0.27ms
[452.362s][info][gc,phases      ] GC(87)   Merge Heap Roots: 0.49ms
[452.362s][info][gc,phases      ] GC(87)   Evacuate Collection Set: 149.43ms
[452.362s][info][gc,phases      ] GC(87)   Post Evacuate Collection Set: 1.02ms
[452.362s][info][gc,phases      ] GC(87)   Other: 0.06ms
[452.362s][info][gc,heap        ] GC(87) Eden regions: 546->0(543)
[452.362s][info][gc,heap        ] GC(87) Survivor regions: 44->42(74)
[452.362s][info][gc,heap        ] GC(87) Old regions: 257->264
[452.362s][info][gc,heap        ] GC(87) Humongous regions: 81->81
[452.362s][info][gc,metaspace   ] GC(87) Metaspace: 29850K(30400K)->29850K(30400K) NonClass: 26454K(26752K)->26454K(26752K) Class: 3396K(3648K)->3396K(3648K)
[452.362s][info][gc             ] GC(87) Pause Young (Normal) (G1 Evacuation Pause) 7394M->3069M(8192M) 151.418ms
[452.362s][info][gc,cpu         ] GC(87) User=1.20s Sys=0.00s Real=0.15s
. (rIR:aIR:PR = 11668:11545:11232) (tPR = 168801) [OK] 
   452s:       trying IR =  11692 ...[455.509s][info][gc,start       ] GC(88) Pause Young (Normal) (G1 Evacuation Pause)
[455.509s][info][gc,task        ] GC(88) Using 8 workers of 8 for evacuation
[455.662s][info][gc,phases      ] GC(88)   Pre Evacuate Collection Set: 0.25ms
[455.662s][info][gc,phases      ] GC(88)   Merge Heap Roots: 0.56ms
[455.662s][info][gc,phases      ] GC(88)   Evacuate Collection Set: 151.68ms
[455.662s][info][gc,phases      ] GC(88)   Post Evacuate Collection Set: 1.00ms
[455.662s][info][gc,phases      ] GC(88)   Other: 0.06ms
[455.662s][info][gc,heap        ] GC(88) Eden regions: 543->0(534)
[455.662s][info][gc,heap        ] GC(88) Survivor regions: 42->43(74)
[455.662s][info][gc,heap        ] GC(88) Old regions: 264->271
[455.662s][info][gc,heap        ] GC(88) Humongous regions: 81->81
[455.662s][info][gc,metaspace   ] GC(88) Metaspace: 29852K(30400K)->29852K(30400K) NonClass: 26456K(26752K)->26456K(26752K) Class: 3396K(3648K)->3396K(3648K)
[455.662s][info][gc             ] GC(88) Pause Young (Normal) (G1 Evacuation Pause) 7413M->3133M(8192M) 153.683ms
[455.662s][info][gc,cpu         ] GC(88) User=1.22s Sys=0.00s Real=0.16s
.. (rIR:aIR:PR = 11692:11606:11575) (tPR = 171823) [OK] 
   457s:       trying IR =  11721 .[458.654s][info][gc,start       ] GC(89) Pause Young (Normal) (G1 Evacuation Pause)
[458.654s][info][gc,task        ] GC(89) Using 8 workers of 8 for evacuation
[458.818s][info][gc,phases      ] GC(89)   Pre Evacuate Collection Set: 0.24ms
[458.818s][info][gc,phases      ] GC(89)   Merge Heap Roots: 0.59ms
[458.818s][info][gc,phases      ] GC(89)   Evacuate Collection Set: 161.44ms
[458.818s][info][gc,phases      ] GC(89)   Post Evacuate Collection Set: 1.10ms
[458.818s][info][gc,phases      ] GC(89)   Other: 0.06ms
[458.818s][info][gc,heap        ] GC(89) Eden regions: 534->0(524)
[458.818s][info][gc,heap        ] GC(89) Survivor regions: 43->44(73)
[458.818s][info][gc,heap        ] GC(89) Old regions: 271->279
[458.818s][info][gc,heap        ] GC(89) Humongous regions: 81->81
[458.818s][info][gc,metaspace   ] GC(89) Metaspace: 29852K(30400K)->29852K(30400K) NonClass: 26456K(26752K)->26456K(26752K) Class: 3396K(3648K)->3396K(3648K)
[458.818s][info][gc             ] GC(89) Pause Young (Normal) (G1 Evacuation Pause) 7405M->3202M(8192M) 163.571ms
[458.818s][info][gc,cpu         ] GC(89) User=1.29s Sys=0.00s Real=0.16s
...[461.733s][info][gc,start       ] GC(90) Pause Young (Normal) (G1 Evacuation Pause)
[461.733s][info][gc,task        ] GC(90) Using 8 workers of 8 for evacuation
[461.889s][info][gc,phases      ] GC(90)   Pre Evacuate Collection Set: 0.26ms
[461.889s][info][gc,phases      ] GC(90)   Merge Heap Roots: 0.52ms
[461.889s][info][gc,phases      ] GC(90)   Evacuate Collection Set: 153.55ms
[461.889s][info][gc,phases      ] GC(90)   Post Evacuate Collection Set: 0.98ms
[461.889s][info][gc,phases      ] GC(90)   Other: 0.06ms
[461.889s][info][gc,heap        ] GC(90) Eden regions: 524->0(518)
[461.889s][info][gc,heap        ] GC(90) Survivor regions: 44->43(71)
[461.889s][info][gc,heap        ] GC(90) Old regions: 279->287
[461.889s][info][gc,heap        ] GC(90) Humongous regions: 81->81
[461.889s][info][gc,metaspace   ] GC(90) Metaspace: 29852K(30400K)->29852K(30400K) NonClass: 26456K(26752K)->26456K(26752K) Class: 3396K(3648K)->3396K(3648K)
[461.889s][info][gc             ] GC(90) Pause Young (Normal) (G1 Evacuation Pause) 7394M->3257M(8192M) 155.503ms
[461.889s][info][gc,cpu         ] GC(90) User=1.24s Sys=0.00s Real=0.15s
. (rIR:aIR:PR = 11721:11819:11427) (tPR = 178960) [OK] 
   462s:       trying IR =  11755 ..[464.743s][info][gc,start       ] GC(91) Pause Young (Normal) (G1 Evacuation Pause)
[464.743s][info][gc,task        ] GC(91) Using 8 workers of 8 for evacuation
[464.900s][info][gc,phases      ] GC(91)   Pre Evacuate Collection Set: 0.22ms
[464.900s][info][gc,phases      ] GC(91)   Merge Heap Roots: 0.51ms
[464.900s][info][gc,phases      ] GC(91)   Evacuate Collection Set: 155.03ms
[464.900s][info][gc,phases      ] GC(91)   Post Evacuate Collection Set: 0.95ms
[464.900s][info][gc,phases      ] GC(91)   Other: 0.06ms
[464.900s][info][gc,heap        ] GC(91) Eden regions: 518->0(509)
[464.900s][info][gc,heap        ] GC(91) Survivor regions: 43->44(71)
[464.900s][info][gc,heap        ] GC(91) Old regions: 287->294
[464.900s][info][gc,heap        ] GC(91) Humongous regions: 81->81
[464.900s][info][gc,metaspace   ] GC(91) Metaspace: 29855K(30400K)->29855K(30400K) NonClass: 26459K(26752K)->26459K(26752K) Class: 3396K(3648K)->3396K(3648K)
[464.900s][info][gc             ] GC(91) Pause Young (Normal) (G1 Evacuation Pause) 7401M->3321M(8192M) 156.912ms
[464.900s][info][gc,cpu         ] GC(91) User=1.24s Sys=0.00s Real=0.15s
...[467.756s][info][gc,start       ] GC(92) Pause Young (Normal) (G1 Evacuation Pause)
[467.756s][info][gc,task        ] GC(92) Using 8 workers of 8 for evacuation
[467.910s][info][gc,phases      ] GC(92)   Pre Evacuate Collection Set: 0.23ms
[467.910s][info][gc,phases      ] GC(92)   Merge Heap Roots: 0.50ms
[467.910s][info][gc,phases      ] GC(92)   Evacuate Collection Set: 151.88ms
[467.910s][info][gc,phases      ] GC(92)   Post Evacuate Collection Set: 0.99ms
[467.910s][info][gc,phases      ] GC(92)   Other: 0.06ms
[467.910s][info][gc,heap        ] GC(92) Eden regions: 509->0(505)
[467.910s][info][gc,heap        ] GC(92) Survivor regions: 44->42(70)
[467.910s][info][gc,heap        ] GC(92) Old regions: 294->302
[467.910s][info][gc,heap        ] GC(92) Humongous regions: 81->81
[467.910s][info][gc,metaspace   ] GC(92) Metaspace: 29856K(30400K)->29856K(30400K) NonClass: 26460K(26752K)->26460K(26752K) Class: 3396K(3648K)->3396K(3648K)
[467.910s][info][gc             ] GC(92) Pause Young (Normal) (G1 Evacuation Pause) 7393M->3370M(8192M) 153.787ms
[467.910s][info][gc,cpu         ] GC(92) User=1.22s Sys=0.00s Real=0.15s
. (rIR:aIR:PR = 11755:11618:11382) (tPR = 170385) [OK] 
   468s:       trying IR =  11797 ..[470.805s][info][gc,start       ] GC(93) Pause Young (Normal) (G1 Evacuation Pause)
[470.805s][info][gc,task        ] GC(93) Using 8 workers of 8 for evacuation
[470.957s][info][gc,phases      ] GC(93)   Pre Evacuate Collection Set: 0.25ms
[470.957s][info][gc,phases      ] GC(93)   Merge Heap Roots: 0.49ms
[470.957s][info][gc,phases      ] GC(93)   Evacuate Collection Set: 150.06ms
[470.957s][info][gc,phases      ] GC(93)   Post Evacuate Collection Set: 1.03ms
[470.957s][info][gc,phases      ] GC(93)   Other: 0.07ms
[470.957s][info][gc,heap        ] GC(93) Eden regions: 505->0(497)
[470.957s][info][gc,heap        ] GC(93) Survivor regions: 42->42(69)
[470.957s][info][gc,heap        ] GC(93) Old regions: 302->310
[470.957s][info][gc,heap        ] GC(93) Humongous regions: 81->81
[470.957s][info][gc,metaspace   ] GC(93) Metaspace: 29856K(30400K)->29856K(30400K) NonClass: 26460K(26752K)->26460K(26752K) Class: 3396K(3648K)->3396K(3648K)
[470.957s][info][gc             ] GC(93) Pause Young (Normal) (G1 Evacuation Pause) 7410M->3432M(8192M) 152.021ms
[470.957s][info][gc,cpu         ] GC(93) User=1.20s Sys=0.00s Real=0.15s
...[473.788s][info][gc,start       ] GC(94) Pause Young (Normal) (G1 Evacuation Pause)
[473.788s][info][gc,task        ] GC(94) Using 8 workers of 8 for evacuation
[473.945s][info][gc,phases      ] GC(94)   Pre Evacuate Collection Set: 0.25ms
[473.945s][info][gc,phases      ] GC(94)   Merge Heap Roots: 0.63ms
[473.945s][info][gc,phases      ] GC(94)   Evacuate Collection Set: 154.81ms
[473.945s][info][gc,phases      ] GC(94)   Post Evacuate Collection Set: 0.96ms
[473.945s][info][gc,phases      ] GC(94)   Other: 0.07ms
[473.945s][info][gc,heap        ] GC(94) Eden regions: 497->0(491)
[473.945s][info][gc,heap        ] GC(94) Survivor regions: 42->41(68)
[473.945s][info][gc,heap        ] GC(94) Old regions: 310->318
[473.945s][info][gc,heap        ] GC(94) Humongous regions: 81->81
[473.945s][info][gc,metaspace   ] GC(94) Metaspace: 29856K(30400K)->29856K(30400K) NonClass: 26460K(26752K)->26460K(26752K) Class: 3396K(3648K)->3396K(3648K)
[473.945s][info][gc             ] GC(94) Pause Young (Normal) (G1 Evacuation Pause) 7408M->3486M(8192M) 156.851ms
[473.945s][info][gc,cpu         ] GC(94) User=1.24s Sys=0.00s Real=0.16s
. (rIR:aIR:PR = 11797:11443:11236) (tPR = 163676) [OK] 
   474s:       trying IR =  11847 ..[476.695s][info][gc,start       ] GC(95) Pause Young (Normal) (G1 Evacuation Pause)
[476.695s][info][gc,task        ] GC(95) Using 8 workers of 8 for evacuation
[476.849s][info][gc,phases      ] GC(95)   Pre Evacuate Collection Set: 0.24ms
[476.849s][info][gc,phases      ] GC(95)   Merge Heap Roots: 0.54ms
[476.849s][info][gc,phases      ] GC(95)   Evacuate Collection Set: 151.70ms
[476.849s][info][gc,phases      ] GC(95)   Post Evacuate Collection Set: 0.98ms
[476.849s][info][gc,phases      ] GC(95)   Other: 0.06ms
[476.849s][info][gc,heap        ] GC(95) Eden regions: 491->0(480)
[476.849s][info][gc,heap        ] GC(95) Survivor regions: 41->43(67)
[476.849s][info][gc,heap        ] GC(95) Old regions: 318->325
[476.849s][info][gc,heap        ] GC(95) Humongous regions: 81->81
[476.849s][info][gc,metaspace   ] GC(95) Metaspace: 29856K(30400K)->29856K(30400K) NonClass: 26460K(26752K)->26460K(26752K) Class: 3396K(3648K)->3396K(3648K)
[476.849s][info][gc             ] GC(95) Pause Young (Normal) (G1 Evacuation Pause) 7414M->3561M(8192M) 153.655ms
[476.849s][info][gc,cpu         ] GC(95) User=1.22s Sys=0.00s Real=0.15s
.. (rIR:aIR:PR = 11847:12058:12085) (tPR = 173037) [OK] 
   478s:       trying IR =  11906 .[479.481s][info][gc,start       ] GC(96) Pause Young (Normal) (G1 Evacuation Pause)
[479.481s][info][gc,task        ] GC(96) Using 8 workers of 8 for evacuation
[479.635s][info][gc,phases      ] GC(96)   Pre Evacuate Collection Set: 0.26ms
[479.635s][info][gc,phases      ] GC(96)   Merge Heap Roots: 0.53ms
[479.635s][info][gc,phases      ] GC(96)   Evacuate Collection Set: 151.94ms
[479.635s][info][gc,phases      ] GC(96)   Post Evacuate Collection Set: 1.07ms
[479.635s][info][gc,phases      ] GC(96)   Other: 0.06ms
[479.635s][info][gc,heap        ] GC(96) Eden regions: 480->0(474)
[479.635s][info][gc,heap        ] GC(96) Survivor regions: 43->42(66)
[479.635s][info][gc,heap        ] GC(96) Old regions: 325->333
[479.635s][info][gc,heap        ] GC(96) Humongous regions: 81->81
[479.635s][info][gc,metaspace   ] GC(96) Metaspace: 29856K(30400K)->29856K(30400K) NonClass: 26460K(26752K)->26460K(26752K) Class: 3396K(3648K)->3396K(3648K)
[479.635s][info][gc             ] GC(96) Pause Young (Normal) (G1 Evacuation Pause) 7401M->3618M(8192M) 154.004ms
[479.635s][info][gc,cpu         ] GC(96) User=1.22s Sys=0.00s Real=0.15s
..[482.232s][info][gc,start       ] GC(97) Pause Young (Normal) (G1 Evacuation Pause)
[482.232s][info][gc,task        ] GC(97) Using 8 workers of 8 for evacuation
[482.384s][info][gc,phases      ] GC(97)   Pre Evacuate Collection Set: 0.25ms
[482.384s][info][gc,phases      ] GC(97)   Merge Heap Roots: 0.53ms
[482.384s][info][gc,phases      ] GC(97)   Evacuate Collection Set: 149.82ms
[482.384s][info][gc,phases      ] GC(97)   Post Evacuate Collection Set: 1.00ms
[482.384s][info][gc,phases      ] GC(97)   Other: 0.06ms
[482.384s][info][gc,heap        ] GC(97) Eden regions: 474->0(468)
[482.384s][info][gc,heap        ] GC(97) Survivor regions: 42->41(65)
[482.384s][info][gc,heap        ] GC(97) Old regions: 333->341
[482.384s][info][gc,heap        ] GC(97) Humongous regions: 81->81
[482.384s][info][gc,metaspace   ] GC(97) Metaspace: 29856K(30400K)->29856K(30400K) NonClass: 26460K(26752K)->26460K(26752K) Class: 3396K(3648K)->3396K(3648K)
[482.384s][info][gc             ] GC(97) Pause Young (Normal) (G1 Evacuation Pause) 7410M->3677M(8192M) 151.791ms
[482.384s][info][gc,cpu         ] GC(97) User=1.21s Sys=0.00s Real=0.15s
...[484.962s][info][gc,start       ] GC(98) Pause Young (Normal) (G1 Evacuation Pause)
[484.962s][info][gc,task        ] GC(98) Using 8 workers of 8 for evacuation
[485.111s][info][gc,phases      ] GC(98)   Pre Evacuate Collection Set: 0.26ms
[485.111s][info][gc,phases      ] GC(98)   Merge Heap Roots: 0.51ms
[485.111s][info][gc,phases      ] GC(98)   Evacuate Collection Set: 146.69ms
[485.111s][info][gc,phases      ] GC(98)   Post Evacuate Collection Set: 0.92ms
[485.111s][info][gc,phases      ] GC(98)   Other: 0.06ms
[485.111s][info][gc,heap        ] GC(98) Eden regions: 468->0(460)
[485.111s][info][gc,heap        ] GC(98) Survivor regions: 41->41(64)
[485.111s][info][gc,heap        ] GC(98) Old regions: 341->349
[485.111s][info][gc,heap        ] GC(98) Humongous regions: 81->81
[485.111s][info][gc,metaspace   ] GC(98) Metaspace: 29856K(30400K)->29856K(30400K) NonClass: 26460K(26752K)->26460K(26752K) Class: 3396K(3648K)->3396K(3648K)
[485.111s][info][gc             ] GC(98) Pause Young (Normal) (G1 Evacuation Pause) 7421M->3737M(8192M) 148.571ms
[485.111s][info][gc,cpu         ] GC(98) User=1.18s Sys=0.00s Real=0.15s
. (rIR:aIR:PR = 11906:11716:11606) (tPR = 176076) [OK] 
   485s:       trying IR =  11978 ..[487.656s][info][gc,start       ] GC(99) Pause Young (Normal) (G1 Evacuation Pause)
[487.656s][info][gc,task        ] GC(99) Using 8 workers of 8 for evacuation
[487.808s][info][gc,phases      ] GC(99)   Pre Evacuate Collection Set: 0.22ms
[487.808s][info][gc,phases      ] GC(99)   Merge Heap Roots: 0.50ms
[487.808s][info][gc,phases      ] GC(99)   Evacuate Collection Set: 150.47ms
[487.808s][info][gc,phases      ] GC(99)   Post Evacuate Collection Set: 0.92ms
[487.808s][info][gc,phases      ] GC(99)   Other: 0.06ms
[487.808s][info][gc,heap        ] GC(99) Eden regions: 460->0(454)
[487.808s][info][gc,heap        ] GC(99) Survivor regions: 41->40(63)
[487.808s][info][gc,heap        ] GC(99) Old regions: 349->357
[487.808s][info][gc,heap        ] GC(99) Humongous regions: 81->81
[487.808s][info][gc,metaspace   ] GC(99) Metaspace: 29856K(30400K)->29856K(30400K) NonClass: 26460K(26752K)->26460K(26752K) Class: 3396K(3648K)->3396K(3648K)
[487.808s][info][gc             ] GC(99) Pause Young (Normal) (G1 Evacuation Pause) 7417M->3797M(8192M) 152.277ms
[487.808s][info][gc,cpu         ] GC(99) User=1.20s Sys=0.00s Real=0.15s
.. (rIR:aIR:PR = 11978:11948:11984) (tPR = 177720) [OK] 
   489s:       trying IR =  12064 [490.333s][info][gc,start       ] GC(100) Pause Young (Normal) (G1 Evacuation Pause)
[490.333s][info][gc,task        ] GC(100) Using 8 workers of 8 for evacuation
[490.480s][info][gc,phases      ] GC(100)   Pre Evacuate Collection Set: 0.23ms
[490.480s][info][gc,phases      ] GC(100)   Merge Heap Roots: 0.49ms
[490.480s][info][gc,phases      ] GC(100)   Evacuate Collection Set: 145.09ms
[490.480s][info][gc,phases      ] GC(100)   Post Evacuate Collection Set: 1.01ms
[490.480s][info][gc,phases      ] GC(100)   Other: 0.06ms
[490.480s][info][gc,heap        ] GC(100) Eden regions: 454->0(445)
[490.480s][info][gc,heap        ] GC(100) Survivor regions: 40->40(62)
[490.480s][info][gc,heap        ] GC(100) Old regions: 357->366
[490.480s][info][gc,heap        ] GC(100) Humongous regions: 81->81
[490.480s][info][gc,metaspace   ] GC(100) Metaspace: 29857K(30400K)->29857K(30400K) NonClass: 26461K(26752K)->26461K(26752K) Class: 3396K(3648K)->3396K(3648K)
[490.480s][info][gc             ] GC(100) Pause Young (Normal) (G1 Evacuation Pause) 7429M->3862M(8192M) 147.033ms
[490.480s][info][gc,cpu         ] GC(100) User=1.16s Sys=0.00s Real=0.14s
...[492.949s][info][gc,start       ] GC(101) Pause Young (Normal) (G1 Evacuation Pause)
[492.949s][info][gc,task        ] GC(101) Using 8 workers of 8 for evacuation
[493.098s][info][gc,phases      ] GC(101)   Pre Evacuate Collection Set: 0.22ms
[493.098s][info][gc,phases      ] GC(101)   Merge Heap Roots: 0.49ms
[493.098s][info][gc,phases      ] GC(101)   Evacuate Collection Set: 147.51ms
[493.098s][info][gc,phases      ] GC(101)   Post Evacuate Collection Set: 0.90ms
[493.098s][info][gc,phases      ] GC(101)   Other: 0.06ms
[493.098s][info][gc,heap        ] GC(101) Eden regions: 445->0(435)
[493.098s][info][gc,heap        ] GC(101) Survivor regions: 40->41(61)
[493.098s][info][gc,heap        ] GC(101) Old regions: 366->374
[493.098s][info][gc,heap        ] GC(101) Humongous regions: 81->81
[493.098s][info][gc,metaspace   ] GC(101) Metaspace: 29858K(30400K)->29858K(30400K) NonClass: 26461K(26752K)->26461K(26752K) Class: 3396K(3648K)->3396K(3648K)
[493.098s][info][gc             ] GC(101) Pause Young (Normal) (G1 Evacuation Pause) 7422M->3930M(8192M) 149.297ms
[493.098s][info][gc,cpu         ] GC(101) User=1.18s Sys=0.00s Real=0.15s
..[495.400s][info][gc,start       ] GC(102) Pause Young (Normal) (G1 Evacuation Pause)
[495.400s][info][gc,task        ] GC(102) Using 8 workers of 8 for evacuation
[495.546s][info][gc,phases      ] GC(102)   Pre Evacuate Collection Set: 0.24ms
[495.546s][info][gc,phases      ] GC(102)   Merge Heap Roots: 0.50ms
[495.546s][info][gc,phases      ] GC(102)   Evacuate Collection Set: 143.98ms
[495.546s][info][gc,phases      ] GC(102)   Post Evacuate Collection Set: 0.89ms
[495.546s][info][gc,phases      ] GC(102)   Other: 0.06ms
[495.546s][info][gc,heap        ] GC(102) Eden regions: 435->0(429)
[495.546s][info][gc,heap        ] GC(102) Survivor regions: 41->40(60)
[495.546s][info][gc,heap        ] GC(102) Old regions: 374->382
[495.546s][info][gc,heap        ] GC(102) Humongous regions: 81->81
[495.546s][info][gc,metaspace   ] GC(102) Metaspace: 29859K(30400K)->29859K(30400K) NonClass: 26463K(26752K)->26463K(26752K) Class: 3396K(3648K)->3396K(3648K)
[495.546s][info][gc             ] GC(102) Pause Young (Normal) (G1 Evacuation Pause) 7410M->3991M(8192M) 145.806ms
[495.546s][info][gc,cpu         ] GC(102) User=1.16s Sys=0.00s Real=0.15s
. (rIR:aIR:PR = 12064:12118:11893) (tPR = 180142) [OK] 
   495s:       trying IR =  12167 ..[497.961s][info][gc,start       ] GC(103) Pause Young (Concurrent Start) (G1 Evacuation Pause)
[497.961s][info][gc,task        ] GC(103) Using 8 workers of 8 for evacuation
[498.107s][info][gc,phases      ] GC(103)   Pre Evacuate Collection Set: 0.28ms
[498.107s][info][gc,phases      ] GC(103)   Merge Heap Roots: 0.49ms
[498.107s][info][gc,phases      ] GC(103)   Evacuate Collection Set: 144.11ms
[498.107s][info][gc,phases      ] GC(103)   Post Evacuate Collection Set: 0.91ms
[498.107s][info][gc,phases      ] GC(103)   Other: 0.10ms
[498.107s][info][gc,heap        ] GC(103) Eden regions: 429->0(421)
[498.107s][info][gc,heap        ] GC(103) Survivor regions: 40->40(59)
[498.107s][info][gc,heap        ] GC(103) Old regions: 382->390
[498.107s][info][gc,heap        ] GC(103) Humongous regions: 81->81
[498.107s][info][gc,metaspace   ] GC(103) Metaspace: 29859K(30400K)->29859K(30400K) NonClass: 26463K(26752K)->26463K(26752K) Class: 3396K(3648K)->3396K(3648K)
[498.107s][info][gc             ] GC(103) Pause Young (Concurrent Start) (G1 Evacuation Pause) 7423M->4061M(8192M) 146.016ms
[498.107s][info][gc             ] GC(104) Concurrent Mark Cycle
[498.107s][info][gc,marking     ] GC(104) Concurrent Scan Root Regions
[498.107s][info][gc,cpu         ] GC(103) User=1.15s Sys=0.00s Real=0.14s
[498.421s][info][gc,marking     ] GC(104) Concurrent Scan Root Regions 313.353ms
[498.421s][info][gc,marking     ] GC(104) Concurrent Mark
[498.421s][info][gc,marking     ] GC(104) Concurrent Mark From Roots
[498.421s][info][gc,task        ] GC(104) Using 2 workers of 2 for marking
..[499.844s][info][gc,marking     ] GC(104) Concurrent Mark From Roots 1423.450ms
[499.844s][info][gc,marking     ] GC(104) Concurrent Preclean
[499.845s][info][gc,marking     ] GC(104) Concurrent Preclean 0.393ms
[499.845s][info][gc,start       ] GC(104) Pause Remark
[499.848s][info][gc             ] GC(104) Pause Remark 5929M->4569M(8192M) 3.432ms
[499.848s][info][gc,cpu         ] GC(104) User=0.02s Sys=0.00s Real=0.00s
[499.848s][info][gc,marking     ] GC(104) Concurrent Mark 1427.578ms
[499.848s][info][gc,marking     ] GC(104) Concurrent Rebuild Remembered Sets and Scrub Regions
.[500.656s][info][gc,marking     ] GC(104) Concurrent Rebuild Remembered Sets and Scrub Regions 807.869ms
[500.657s][info][gc,start       ] GC(104) Pause Cleanup
[500.657s][info][gc             ] GC(104) Pause Cleanup 5603M->5603M(8192M) 0.285ms
[500.657s][info][gc,cpu         ] GC(104) User=0.00s Sys=0.00s Real=0.00s
[500.657s][info][gc,marking     ] GC(104) Concurrent Clear Claimed Marks
[500.657s][info][gc,marking     ] GC(104) Concurrent Clear Claimed Marks 0.049ms
[500.657s][info][gc,marking     ] GC(104) Concurrent Cleanup for Next Mark
[500.668s][info][gc,marking     ] GC(104) Concurrent Cleanup for Next Mark 11.302ms
[500.668s][info][gc             ] GC(104) Concurrent Mark Cycle 2560.828ms
[500.960s][info][gc,start       ] GC(105) Pause Young (Prepare Mixed) (G1 Evacuation Pause)
[500.960s][info][gc,task        ] GC(105) Using 8 workers of 8 for evacuation
[501.109s][info][gc,phases      ] GC(105)   Pre Evacuate Collection Set: 0.23ms
[501.109s][info][gc,phases      ] GC(105)   Merge Heap Roots: 0.70ms
[501.109s][info][gc,phases      ] GC(105)   Evacuate Collection Set: 147.12ms
[501.109s][info][gc,phases      ] GC(105)   Post Evacuate Collection Set: 0.99ms
[501.109s][info][gc,phases      ] GC(105)   Other: 0.06ms
[501.109s][info][gc,heap        ] GC(105) Eden regions: 421->0(574)
[501.109s][info][gc,heap        ] GC(105) Survivor regions: 40->40(58)
[501.109s][info][gc,heap        ] GC(105) Old regions: 268->277
[501.109s][info][gc,heap        ] GC(105) Humongous regions: 33->33
[501.109s][info][gc,metaspace   ] GC(105) Metaspace: 29859K(30400K)->29859K(30400K) NonClass: 26463K(26752K)->26463K(26752K) Class: 3396K(3648K)->3396K(3648K)
[501.109s][info][gc             ] GC(105) Pause Young (Prepare Mixed) (G1 Evacuation Pause) 6069M->2771M(8192M) 149.238ms
[501.109s][info][gc,cpu         ] GC(105) User=1.18s Sys=0.01s Real=0.15s
...[504.051s][info][gc,start       ] GC(106) Pause Young (Mixed) (G1 Evacuation Pause)
[504.051s][info][gc,task        ] GC(106) Using 8 workers of 8 for evacuation
[504.203s][info][gc,phases      ] GC(106)   Pre Evacuate Collection Set: 0.25ms
[504.203s][info][gc,phases      ] GC(106)   Merge Heap Roots: 0.60ms
[504.203s][info][gc,phases      ] GC(106)   Evacuate Collection Set: 148.82ms
[504.203s][info][gc,phases      ] GC(106)   Merge Optional Heap Roots: 0.02ms
[504.203s][info][gc,phases      ] GC(106)   Evacuate Optional Collection Set: 0.04ms
[504.203s][info][gc,phases      ] GC(106)   Post Evacuate Collection Set: 1.35ms
[504.203s][info][gc,phases      ] GC(106)   Other: 0.08ms
[504.203s][info][gc,heap        ] GC(106) Eden regions: 574->0(566)
[504.203s][info][gc,heap        ] GC(106) Survivor regions: 40->48(77)
[504.203s][info][gc,heap        ] GC(106) Old regions: 277->251
[504.203s][info][gc,heap        ] GC(106) Humongous regions: 33->33
[504.203s][info][gc,metaspace   ] GC(106) Metaspace: 29861K(30400K)->29861K(30400K) NonClass: 26464K(26752K)->26464K(26752K) Class: 3396K(3648K)->3396K(3648K)
[504.203s][info][gc             ] GC(106) Pause Young (Mixed) (G1 Evacuation Pause) 7363M->2629M(8192M) 151.321ms
[504.203s][info][gc,cpu         ] GC(106) User=1.20s Sys=0.00s Real=0.15s
...[506.952s][info][gc,start       ] GC(107) Pause Young (Mixed) (G1 Evacuation Pause)
[506.952s][info][gc,task        ] GC(107) Using 8 workers of 8 for evacuation
[507.122s][info][gc,phases      ] GC(107)   Pre Evacuate Collection Set: 0.25ms
[507.122s][info][gc,phases      ] GC(107)   Merge Heap Roots: 0.65ms
[507.122s][info][gc,phases      ] GC(107)   Evacuate Collection Set: 167.75ms
[507.122s][info][gc,phases      ] GC(107)   Post Evacuate Collection Set: 1.22ms
[507.122s][info][gc,phases      ] GC(107)   Other: 0.08ms
[507.122s][info][gc,heap        ] GC(107) Eden regions: 552->0(569)
[507.122s][info][gc,heap        ] GC(107) Survivor regions: 48->45(75)
[507.122s][info][gc,heap        ] GC(107) Old regions: 251->241
[507.122s][info][gc,heap        ] GC(107) Humongous regions: 33->33
[507.122s][info][gc,metaspace   ] GC(107) Metaspace: 29861K(30400K)->29861K(30400K) NonClass: 26464K(26752K)->26464K(26752K) Class: 3396K(3648K)->3396K(3648K)
[507.122s][info][gc             ] GC(107) Pause Young (Mixed) (G1 Evacuation Pause) 7045M->2531M(8192M) 170.078ms
[507.122s][info][gc,cpu         ] GC(107) User=1.35s Sys=0.00s Real=0.17s
.. (rIR:aIR:PR = 12167:11961:11737) (tPR = 179448) [OK] 
   508s:       trying IR =  12291 .[510.080s][info][gc,start       ] GC(108) Pause Young (Mixed) (G1 Evacuation Pause)
[510.080s][info][gc,task        ] GC(108) Using 8 workers of 8 for evacuation
[510.248s][info][gc,phases      ] GC(108)   Pre Evacuate Collection Set: 0.23ms
[510.248s][info][gc,phases      ] GC(108)   Merge Heap Roots: 0.63ms
[510.248s][info][gc,phases      ] GC(108)   Evacuate Collection Set: 163.61ms
[510.248s][info][gc,phases      ] GC(108)   Merge Optional Heap Roots: 0.08ms
[510.248s][info][gc,phases      ] GC(108)   Evacuate Optional Collection Set: 1.54ms
[510.248s][info][gc,phases      ] GC(108)   Post Evacuate Collection Set: 1.23ms
[510.248s][info][gc,phases      ] GC(108)   Other: 0.08ms
[510.248s][info][gc,heap        ] GC(108) Eden regions: 569->0(130)
[510.248s][info][gc,heap        ] GC(108) Survivor regions: 45->44(77)
[510.248s][info][gc,heap        ] GC(108) Old regions: 241->213
[510.248s][info][gc,heap        ] GC(108) Humongous regions: 33->33
[510.248s][info][gc,metaspace   ] GC(108) Metaspace: 29861K(30400K)->29861K(30400K) NonClass: 26464K(26752K)->26464K(26752K) Class: 3396K(3648K)->3396K(3648K)
[510.248s][info][gc             ] GC(108) Pause Young (Mixed) (G1 Evacuation Pause) 7083M->2297M(8192M) 167.528ms
[510.248s][info][gc,cpu         ] GC(108) User=1.32s Sys=0.00s Real=0.17s
.[511.194s][info][gc,start       ] GC(109) Pause Young (Mixed) (G1 Evacuation Pause)
[511.194s][info][gc,task        ] GC(109) Using 8 workers of 8 for evacuation
[511.335s][info][gc,phases      ] GC(109)   Pre Evacuate Collection Set: 0.22ms
[511.335s][info][gc,phases      ] GC(109)   Merge Heap Roots: 0.58ms
[511.335s][info][gc,phases      ] GC(109)   Evacuate Collection Set: 139.30ms
[511.335s][info][gc,phases      ] GC(109)   Post Evacuate Collection Set: 0.71ms
[511.335s][info][gc,phases      ] GC(109)   Other: 0.08ms
[511.335s][info][gc,heap        ] GC(109) Eden regions: 181->0(599)
[511.335s][info][gc,heap        ] GC(109) Survivor regions: 44->15(29)
[511.335s][info][gc,heap        ] GC(109) Old regions: 213->228
[511.335s][info][gc,heap        ] GC(109) Humongous regions: 33->33
[511.335s][info][gc,metaspace   ] GC(109) Metaspace: 29861K(30400K)->29861K(30400K) NonClass: 26464K(26752K)->26464K(26752K) Class: 3396K(3648K)->3396K(3648K)
[511.335s][info][gc             ] GC(109) Pause Young (Mixed) (G1 Evacuation Pause) 3745M->2192M(8192M) 141.020ms
[511.335s][info][gc,cpu         ] GC(109) User=1.11s Sys=0.00s Real=0.14s
...[514.380s][info][gc,start       ] GC(110) Pause Young (Mixed) (G1 Evacuation Pause)
[514.380s][info][gc,task        ] GC(110) Using 8 workers of 8 for evacuation
[514.516s][info][gc,phases      ] GC(110)   Pre Evacuate Collection Set: 0.25ms
[514.516s][info][gc,phases      ] GC(110)   Merge Heap Roots: 0.77ms
[514.516s][info][gc,phases      ] GC(110)   Evacuate Collection Set: 130.08ms
[514.516s][info][gc,phases      ] GC(110)   Merge Optional Heap Roots: 0.11ms
[514.516s][info][gc,phases      ] GC(110)   Evacuate Optional Collection Set: 2.94ms
[514.516s][info][gc,phases      ] GC(110)   Post Evacuate Collection Set: 1.21ms
[514.516s][info][gc,phases      ] GC(110)   Other: 0.08ms
[514.516s][info][gc,heap        ] GC(110) Eden regions: 599->0(577)
[514.516s][info][gc,heap        ] GC(110) Survivor regions: 15->37(77)
[514.516s][info][gc,heap        ] GC(110) Old regions: 228->191
[514.516s][info][gc,heap        ] GC(110) Humongous regions: 33->33
[514.516s][info][gc,metaspace   ] GC(110) Metaspace: 29861K(30400K)->29861K(30400K) NonClass: 26464K(26752K)->26464K(26752K) Class: 3396K(3648K)->3396K(3648K)
[514.516s][info][gc             ] GC(110) Pause Young (Mixed) (G1 Evacuation Pause) 6984M->2072M(8192M) 135.563ms
[514.516s][info][gc,cpu         ] GC(110) User=1.08s Sys=0.00s Real=0.14s
. (rIR:aIR:PR = 12291:12298:12212) (tPR = 180111) [OK] 
   514s:       trying IR =  12440 ..[517.590s][info][gc,start       ] GC(111) Pause Young (Mixed) (G1 Evacuation Pause)
[517.590s][info][gc,task        ] GC(111) Using 8 workers of 8 for evacuation
[517.739s][info][gc,phases      ] GC(111)   Pre Evacuate Collection Set: 0.26ms
[517.739s][info][gc,phases      ] GC(111)   Merge Heap Roots: 0.53ms
[517.739s][info][gc,phases      ] GC(111)   Evacuate Collection Set: 146.98ms
[517.739s][info][gc,phases      ] GC(111)   Post Evacuate Collection Set: 1.08ms
[517.739s][info][gc,phases      ] GC(111)   Other: 0.06ms
[517.739s][info][gc,heap        ] GC(111) Eden regions: 577->0(567)
[517.739s][info][gc,heap        ] GC(111) Survivor regions: 37->47(77)
[517.739s][info][gc,heap        ] GC(111) Old regions: 191->188
[517.739s][info][gc,heap        ] GC(111) Humongous regions: 33->33
[517.739s][info][gc,metaspace   ] GC(111) Metaspace: 29861K(30400K)->29861K(30400K) NonClass: 26464K(26752K)->26464K(26752K) Class: 3396K(3648K)->3396K(3648K)
[517.739s][info][gc             ] GC(111) Pause Young (Mixed) (G1 Evacuation Pause) 6688M->2122M(8192M) 149.040ms
[517.739s][info][gc,cpu         ] GC(111) User=1.18s Sys=0.01s Real=0.15s
...[520.695s][info][gc,start       ] GC(112) Pause Young (Normal) (G1 Evacuation Pause)
[520.695s][info][gc,task        ] GC(112) Using 8 workers of 8 for evacuation
[520.856s][info][gc,phases      ] GC(112)   Pre Evacuate Collection Set: 0.26ms
[520.856s][info][gc,phases      ] GC(112)   Merge Heap Roots: 0.55ms
[520.856s][info][gc,phases      ] GC(112)   Evacuate Collection Set: 159.50ms
[520.856s][info][gc,phases      ] GC(112)   Post Evacuate Collection Set: 1.02ms
[520.856s][info][gc,phases      ] GC(112)   Other: 0.06ms
[520.856s][info][gc,heap        ] GC(112) Eden regions: 567->0(570)
[520.856s][info][gc,heap        ] GC(112) Survivor regions: 47->44(77)
[520.856s][info][gc,heap        ] GC(112) Old regions: 188->196
[520.856s][info][gc,heap        ] GC(112) Humongous regions: 33->33
[520.856s][info][gc,metaspace   ] GC(112) Metaspace: 29861K(30400K)->29861K(30400K) NonClass: 26464K(26752K)->26464K(26752K) Class: 3396K(3648K)->3396K(3648K)
[520.856s][info][gc             ] GC(112) Pause Young (Normal) (G1 Evacuation Pause) 6658M->2164M(8192M) 161.518ms
[520.856s][info][gc,cpu         ] GC(112) User=1.28s Sys=0.00s Real=0.16s
.. (rIR:aIR:PR = 12440:12445:12430) (tPR = 179790) [OK] 
   521s:       trying IR =  12618 ..[523.945s][info][gc,start       ] GC(113) Pause Young (Normal) (G1 Evacuation Pause)
[523.945s][info][gc,task        ] GC(113) Using 8 workers of 8 for evacuation
[524.104s][info][gc,phases      ] GC(113)   Pre Evacuate Collection Set: 0.25ms
[524.104s][info][gc,phases      ] GC(113)   Merge Heap Roots: 0.52ms
[524.104s][info][gc,phases      ] GC(113)   Evacuate Collection Set: 157.24ms
[524.104s][info][gc,phases      ] GC(113)   Post Evacuate Collection Set: 1.08ms
[524.104s][info][gc,phases      ] GC(113)   Other: 0.07ms
[524.104s][info][gc,heap        ] GC(113) Eden regions: 570->0(570)
[524.104s][info][gc,heap        ] GC(113) Survivor regions: 44->44(77)
[524.104s][info][gc,heap        ] GC(113) Old regions: 196->203
[524.104s][info][gc,heap        ] GC(113) Humongous regions: 33->33
[524.104s][info][gc,metaspace   ] GC(113) Metaspace: 29862K(30400K)->29862K(30400K) NonClass: 26466K(26752K)->26466K(26752K) Class: 3396K(3648K)->3396K(3648K)
[524.104s][info][gc             ] GC(113) Pause Young (Normal) (G1 Evacuation Pause) 6724M->2228M(8192M) 159.299ms
[524.104s][info][gc,cpu         ] GC(113) User=1.26s Sys=0.00s Real=0.16s
...[527.042s][info][gc,start       ] GC(114) Pause Young (Normal) (G1 Evacuation Pause)
[527.042s][info][gc,task        ] GC(114) Using 8 workers of 8 for evacuation
[527.197s][info][gc,phases      ] GC(114)   Pre Evacuate Collection Set: 0.24ms
[527.197s][info][gc,phases      ] GC(114)   Merge Heap Roots: 0.54ms
[527.197s][info][gc,phases      ] GC(114)   Evacuate Collection Set: 152.95ms
[527.197s][info][gc,phases      ] GC(114)   Post Evacuate Collection Set: 1.06ms
[527.197s][info][gc,phases      ] GC(114)   Other: 0.07ms
[527.197s][info][gc,heap        ] GC(114) Eden regions: 570->0(570)
[527.197s][info][gc,heap        ] GC(114) Survivor regions: 44->44(77)
[527.197s][info][gc,heap        ] GC(114) Old regions: 203->210
[527.197s][info][gc,heap        ] GC(114) Humongous regions: 33->33
[527.197s][info][gc,metaspace   ] GC(114) Metaspace: 29862K(30400K)->29862K(30400K) NonClass: 26466K(26752K)->26466K(26752K) Class: 3396K(3648K)->3396K(3648K)
[527.197s][info][gc             ] GC(114) Pause Young (Normal) (G1 Evacuation Pause) 6788M->2280M(8192M) 154.987ms
[527.197s][info][gc,cpu         ] GC(114) User=1.23s Sys=0.00s Real=0.15s
. (rIR:aIR:PR = 12618:12374:12198) (tPR = 181018) [OK] 
   527s:       trying IR =  12832 ..[530.189s][info][gc,start       ] GC(115) Pause Young (Normal) (G1 Evacuation Pause)
[530.189s][info][gc,task        ] GC(115) Using 8 workers of 8 for evacuation
[530.354s][info][gc,phases      ] GC(115)   Pre Evacuate Collection Set: 0.23ms
[530.354s][info][gc,phases      ] GC(115)   Merge Heap Roots: 0.51ms
[530.354s][info][gc,phases      ] GC(115)   Evacuate Collection Set: 162.76ms
[530.354s][info][gc,phases      ] GC(115)   Post Evacuate Collection Set: 1.11ms
[530.354s][info][gc,phases      ] GC(115)   Other: 0.06ms
[530.354s][info][gc,heap        ] GC(115) Eden regions: 570->0(568)
[530.354s][info][gc,heap        ] GC(115) Survivor regions: 44->46(77)
[530.354s][info][gc,heap        ] GC(115) Old regions: 210->217
[530.354s][info][gc,heap        ] GC(115) Humongous regions: 33->33
[530.354s][info][gc,metaspace   ] GC(115) Metaspace: 29862K(30400K)->29862K(30400K) NonClass: 26466K(26752K)->26466K(26752K) Class: 3396K(3648K)->3396K(3648K)
[530.354s][info][gc             ] GC(115) Pause Young (Normal) (G1 Evacuation Pause) 6840M->2356M(8192M) 164.807ms
[530.354s][info][gc,cpu         ] GC(115) User=1.31s Sys=0.00s Real=0.17s
...[533.254s][info][gc,start       ] GC(116) Pause Young (Normal) (G1 Evacuation Pause)
[533.254s][info][gc,task        ] GC(116) Using 8 workers of 8 for evacuation
[533.414s][info][gc,phases      ] GC(116)   Pre Evacuate Collection Set: 0.27ms
[533.414s][info][gc,phases      ] GC(116)   Merge Heap Roots: 0.52ms
[533.414s][info][gc,phases      ] GC(116)   Evacuate Collection Set: 158.00ms
[533.414s][info][gc,phases      ] GC(116)   Post Evacuate Collection Set: 1.10ms
[533.414s][info][gc,phases      ] GC(116)   Other: 0.06ms
[533.414s][info][gc,heap        ] GC(116) Eden regions: 568->0(569)
[533.414s][info][gc,heap        ] GC(116) Survivor regions: 46->45(77)
[533.414s][info][gc,heap        ] GC(116) Old regions: 217->224
[533.414s][info][gc,heap        ] GC(116) Humongous regions: 33->33
[533.414s][info][gc,metaspace   ] GC(116) Metaspace: 29862K(30400K)->29862K(30400K) NonClass: 26466K(26752K)->26466K(26752K) Class: 3396K(3648K)->3396K(3648K)
[533.414s][info][gc             ] GC(116) Pause Young (Normal) (G1 Evacuation Pause) 6900M->2400M(8192M) 160.100ms
[533.414s][info][gc,cpu         ] GC(116) User=1.26s Sys=0.00s Real=0.16s
. (rIR:aIR:PR = 12832:12535:12289) (tPR = 175915) [OK] 
   533s:       trying IR =  13089 ..[536.364s][info][gc,start       ] GC(117) Pause Young (Normal) (G1 Evacuation Pause)
[536.364s][info][gc,task        ] GC(117) Using 8 workers of 8 for evacuation
[536.517s][info][gc,phases      ] GC(117)   Pre Evacuate Collection Set: 0.23ms
[536.517s][info][gc,phases      ] GC(117)   Merge Heap Roots: 0.52ms
[536.517s][info][gc,phases      ] GC(117)   Evacuate Collection Set: 150.83ms
[536.517s][info][gc,phases      ] GC(117)   Post Evacuate Collection Set: 1.15ms
[536.517s][info][gc,phases      ] GC(117)   Other: 0.07ms
[536.517s][info][gc,heap        ] GC(117) Eden regions: 569->0(570)
[536.517s][info][gc,heap        ] GC(117) Survivor regions: 45->44(77)
[536.517s][info][gc,heap        ] GC(117) Old regions: 224->231
[536.517s][info][gc,heap        ] GC(117) Humongous regions: 33->33
[536.517s][info][gc,metaspace   ] GC(117) Metaspace: 29866K(30400K)->29866K(30400K) NonClass: 26470K(26752K)->26470K(26752K) Class: 3396K(3648K)->3396K(3648K)
[536.517s][info][gc             ] GC(117) Pause Young (Normal) (G1 Evacuation Pause) 6952M->2448M(8192M) 152.929ms
[536.517s][info][gc,cpu         ] GC(117) User=1.21s Sys=0.00s Real=0.15s
...[539.433s][info][gc,start       ] GC(118) Pause Young (Normal) (G1 Evacuation Pause)
[539.433s][info][gc,task        ] GC(118) Using 8 workers of 8 for evacuation
[539.590s][info][gc,phases      ] GC(118)   Pre Evacuate Collection Set: 0.24ms
[539.590s][info][gc,phases      ] GC(118)   Merge Heap Roots: 0.53ms
[539.590s][info][gc,phases      ] GC(118)   Evacuate Collection Set: 154.93ms
[539.590s][info][gc,phases      ] GC(118)   Post Evacuate Collection Set: 1.09ms
[539.590s][info][gc,phases      ] GC(118)   Other: 0.07ms
[539.590s][info][gc,heap        ] GC(118) Eden regions: 570->0(571)
[539.590s][info][gc,heap        ] GC(118) Survivor regions: 44->43(77)
[539.590s][info][gc,heap        ] GC(118) Old regions: 231->238
[539.590s][info][gc,heap        ] GC(118) Humongous regions: 33->33
[539.590s][info][gc,metaspace   ] GC(118) Metaspace: 29866K(30400K)->29866K(30400K) NonClass: 26470K(26752K)->26470K(26752K) Class: 3396K(3648K)->3396K(3648K)
[539.590s][info][gc             ] GC(118) Pause Young (Normal) (G1 Evacuation Pause) 7008M->2496M(8192M) 156.998ms
[539.590s][info][gc,cpu         ] GC(118) User=1.24s Sys=0.00s Real=0.15s
.. (rIR:aIR:PR = 13089:13299:12491) (tPR = 185302) [OK] 
   540s:       trying IR =  13397 .[542.495s][info][gc,start       ] GC(119) Pause Young (Normal) (G1 Evacuation Pause)
[542.495s][info][gc,task        ] GC(119) Using 8 workers of 8 for evacuation
[542.650s][info][gc,phases      ] GC(119)   Pre Evacuate Collection Set: 0.26ms
[542.650s][info][gc,phases      ] GC(119)   Merge Heap Roots: 0.52ms
[542.650s][info][gc,phases      ] GC(119)   Evacuate Collection Set: 153.30ms
[542.650s][info][gc,phases      ] GC(119)   Post Evacuate Collection Set: 1.09ms
[542.650s][info][gc,phases      ] GC(119)   Other: 0.08ms
[542.650s][info][gc,heap        ] GC(119) Eden regions: 571->0(571)
[542.650s][info][gc,heap        ] GC(119) Survivor regions: 43->43(77)
[542.650s][info][gc,heap        ] GC(119) Old regions: 238->246
[542.650s][info][gc,heap        ] GC(119) Humongous regions: 33->33
[542.650s][info][gc,metaspace   ] GC(119) Metaspace: 29866K(30400K)->29866K(30400K) NonClass: 26470K(26752K)->26470K(26752K) Class: 3396K(3648K)->3396K(3648K)
[542.650s][info][gc             ] GC(119) Pause Young (Normal) (G1 Evacuation Pause) 7064M->2557M(8192M) 155.369ms
[542.650s][info][gc,cpu         ] GC(119) User=1.23s Sys=0.00s Real=0.15s
...[545.642s][info][gc,start       ] GC(120) Pause Young (Normal) (G1 Evacuation Pause)
[545.642s][info][gc,task        ] GC(120) Using 8 workers of 8 for evacuation
[545.811s][info][gc,phases      ] GC(120)   Pre Evacuate Collection Set: 0.24ms
[545.811s][info][gc,phases      ] GC(120)   Merge Heap Roots: 0.55ms
[545.811s][info][gc,phases      ] GC(120)   Evacuate Collection Set: 166.35ms
[545.811s][info][gc,phases      ] GC(120)   Post Evacuate Collection Set: 1.04ms
[545.811s][info][gc,phases      ] GC(120)   Other: 0.06ms
[545.811s][info][gc,heap        ] GC(120) Eden regions: 571->0(568)
[545.811s][info][gc,heap        ] GC(120) Survivor regions: 43->46(77)
[545.811s][info][gc,heap        ] GC(120) Old regions: 246->253
[545.811s][info][gc,heap        ] GC(120) Humongous regions: 33->33
[545.811s][info][gc,metaspace   ] GC(120) Metaspace: 29866K(30400K)->29866K(30400K) NonClass: 26470K(26752K)->26470K(26752K) Class: 3396K(3648K)->3396K(3648K)
[545.811s][info][gc             ] GC(120) Pause Young (Normal) (G1 Evacuation Pause) 7125M->2636M(8192M) 168.380ms
[545.811s][info][gc,cpu         ] GC(120) User=1.34s Sys=0.00s Real=0.17s
...[548.757s][info][gc,start       ] GC(121) Pause Young (Normal) (G1 Evacuation Pause)
[548.757s][info][gc,task        ] GC(121) Using 8 workers of 8 for evacuation
[548.913s][info][gc,phases      ] GC(121)   Pre Evacuate Collection Set: 0.24ms
[548.913s][info][gc,phases      ] GC(121)   Merge Heap Roots: 0.54ms
[548.913s][info][gc,phases      ] GC(121)   Evacuate Collection Set: 153.38ms
[548.913s][info][gc,phases      ] GC(121)   Post Evacuate Collection Set: 1.08ms
[548.913s][info][gc,phases      ] GC(121)   Other: 0.06ms
[548.913s][info][gc,heap        ] GC(121) Eden regions: 568->0(571)
[548.913s][info][gc,heap        ] GC(121) Survivor regions: 46->43(77)
[548.913s][info][gc,heap        ] GC(121) Old regions: 253->260
[548.913s][info][gc,heap        ] GC(121) Humongous regions: 33->33
[548.913s][info][gc,metaspace   ] GC(121) Metaspace: 29866K(30400K)->29866K(30400K) NonClass: 26470K(26752K)->26470K(26752K) Class: 3396K(3648K)->3396K(3648K)
[548.913s][info][gc             ] GC(121) Pause Young (Normal) (G1 Evacuation Pause) 7180M->2676M(8192M) 155.430ms
[548.913s][info][gc,cpu         ] GC(121) User=1.23s Sys=0.00s Real=0.16s
...[551.822s][info][gc,start       ] GC(122) Pause Young (Normal) (G1 Evacuation Pause)
[551.822s][info][gc,task        ] GC(122) Using 8 workers of 8 for evacuation
[551.982s][info][gc,phases      ] GC(122)   Pre Evacuate Collection Set: 0.23ms
[551.982s][info][gc,phases      ] GC(122)   Merge Heap Roots: 0.57ms
[551.982s][info][gc,phases      ] GC(122)   Evacuate Collection Set: 158.07ms
[551.982s][info][gc,phases      ] GC(122)   Post Evacuate Collection Set: 1.05ms
[551.982s][info][gc,phases      ] GC(122)   Other: 0.06ms
[551.982s][info][gc,heap        ] GC(122) Eden regions: 571->0(569)
[551.982s][info][gc,heap        ] GC(122) Survivor regions: 43->45(77)
[551.982s][info][gc,heap        ] GC(122) Old regions: 260->267
[551.982s][info][gc,heap        ] GC(122) Humongous regions: 33->33
[551.982s][info][gc,metaspace   ] GC(122) Metaspace: 29866K(30400K)->29866K(30400K) NonClass: 26470K(26752K)->26470K(26752K) Class: 3396K(3648K)->3396K(3648K)
[551.982s][info][gc             ] GC(122) Pause Young (Normal) (G1 Evacuation Pause) 7244M->2748M(8192M) 160.118ms
[551.982s][info][gc,cpu         ] GC(122) User=1.27s Sys=0.01s Real=0.16s
...[554.888s][info][gc,start       ] GC(123) Pause Young (Normal) (G1 Evacuation Pause)
[554.888s][info][gc,task        ] GC(123) Using 8 workers of 8 for evacuation
[555.049s][info][gc,phases      ] GC(123)   Pre Evacuate Collection Set: 0.22ms
[555.049s][info][gc,phases      ] GC(123)   Merge Heap Roots: 0.53ms
[555.049s][info][gc,phases      ] GC(123)   Evacuate Collection Set: 158.52ms
[555.049s][info][gc,phases      ] GC(123)   Post Evacuate Collection Set: 1.03ms
[555.049s][info][gc,phases      ] GC(123)   Other: 0.06ms
[555.049s][info][gc,heap        ] GC(123) Eden regions: 569->0(569)
[555.049s][info][gc,heap        ] GC(123) Survivor regions: 45->45(77)
[555.049s][info][gc,heap        ] GC(123) Old regions: 267->274
[555.049s][info][gc,heap        ] GC(123) Humongous regions: 33->33
[555.049s][info][gc,metaspace   ] GC(123) Metaspace: 29867K(30400K)->29867K(30400K) NonClass: 26470K(26752K)->26470K(26752K) Class: 3396K(3648K)->3396K(3648K)
[555.049s][info][gc             ] GC(123) Pause Young (Normal) (G1 Evacuation Pause) 7300M->2804M(8192M) 160.518ms
[555.049s][info][gc,cpu         ] GC(123) User=1.27s Sys=0.00s Real=0.16s
...[557.917s][info][gc,start       ] GC(124) Pause Young (Normal) (G1 Evacuation Pause)
[557.917s][info][gc,task        ] GC(124) Using 8 workers of 8 for evacuation
[558.082s][info][gc,phases      ] GC(124)   Pre Evacuate Collection Set: 0.24ms
[558.082s][info][gc,phases      ] GC(124)   Merge Heap Roots: 0.57ms
[558.082s][info][gc,phases      ] GC(124)   Evacuate Collection Set: 162.99ms
[558.082s][info][gc,phases      ] GC(124)   Post Evacuate Collection Set: 1.06ms
[558.082s][info][gc,phases      ] GC(124)   Other: 0.07ms
[558.082s][info][gc,heap        ] GC(124) Eden regions: 569->0(570)
[558.082s][info][gc,heap        ] GC(124) Survivor regions: 45->44(77)
[558.082s][info][gc,heap        ] GC(124) Old regions: 274->281
[558.082s][info][gc,heap        ] GC(124) Humongous regions: 33->33
[558.082s][info][gc,metaspace   ] GC(124) Metaspace: 29867K(30400K)->29867K(30400K) NonClass: 26470K(26752K)->26470K(26752K) Class: 3396K(3648K)->3396K(3648K)
[558.082s][info][gc             ] GC(124) Pause Young (Normal) (G1 Evacuation Pause) 7356M->2852M(8192M) 165.067ms
[558.082s][info][gc,cpu         ] GC(124) User=1.30s Sys=0.00s Real=0.17s
...[561.006s][info][gc,start       ] GC(125) Pause Young (Normal) (G1 Evacuation Pause)
[561.006s][info][gc,task        ] GC(125) Using 8 workers of 8 for evacuation
[561.174s][info][gc,phases      ] GC(125)   Pre Evacuate Collection Set: 0.22ms
[561.174s][info][gc,phases      ] GC(125)   Merge Heap Roots: 0.53ms
[561.174s][info][gc,phases      ] GC(125)   Evacuate Collection Set: 165.65ms
[561.174s][info][gc,phases      ] GC(125)   Post Evacuate Collection Set: 1.03ms
[561.174s][info][gc,phases      ] GC(125)   Other: 0.06ms
[561.174s][info][gc,heap        ] GC(125) Eden regions: 570->0(557)
[561.174s][info][gc,heap        ] GC(125) Survivor regions: 44->47(77)
[561.174s][info][gc,heap        ] GC(125) Old regions: 281->288
[561.174s][info][gc,heap        ] GC(125) Humongous regions: 33->33
[561.174s][info][gc,metaspace   ] GC(125) Metaspace: 29867K(30400K)->29867K(30400K) NonClass: 26470K(26752K)->26470K(26752K) Class: 3396K(3648K)->3396K(3648K)
[561.174s][info][gc             ] GC(125) Pause Young (Normal) (G1 Evacuation Pause) 7412M->2932M(8192M) 167.620ms
[561.174s][info][gc,cpu         ] GC(125) User=1.33s Sys=0.00s Real=0.17s
...[564.036s][info][gc,start       ] GC(126) Pause Young (Normal) (G1 Evacuation Pause)
[564.036s][info][gc,task        ] GC(126) Using 8 workers of 8 for evacuation
[564.213s][info][gc,phases      ] GC(126)   Pre Evacuate Collection Set: 0.23ms
[564.213s][info][gc,phases      ] GC(126)   Merge Heap Roots: 0.56ms
[564.213s][info][gc,phases      ] GC(126)   Evacuate Collection Set: 174.72ms
[564.213s][info][gc,phases      ] GC(126)   Post Evacuate Collection Set: 1.00ms
[564.213s][info][gc,phases      ] GC(126)   Other: 0.06ms
[564.213s][info][gc,heap        ] GC(126) Eden regions: 557->0(545)
[564.213s][info][gc,heap        ] GC(126) Survivor regions: 47->49(76)
[564.213s][info][gc,heap        ] GC(126) Old regions: 288->296
[564.213s][info][gc,heap        ] GC(126) Humongous regions: 33->33
[564.213s][info][gc,metaspace   ] GC(126) Metaspace: 29867K(30400K)->29867K(30400K) NonClass: 26470K(26752K)->26470K(26752K) Class: 3396K(3648K)->3396K(3648K)
[564.213s][info][gc             ] GC(126) Pause Young (Normal) (G1 Evacuation Pause) 7388M->3005M(8192M) 176.698ms
[564.213s][info][gc,cpu         ] GC(126) User=1.40s Sys=0.00s Real=0.18s
...[567.022s][info][gc,start       ] GC(127) Pause Young (Normal) (G1 Evacuation Pause)
[567.022s][info][gc,task        ] GC(127) Using 8 workers of 8 for evacuation
[567.184s][info][gc,phases      ] GC(127)   Pre Evacuate Collection Set: 0.22ms
[567.184s][info][gc,phases      ] GC(127)   Merge Heap Roots: 0.54ms
[567.184s][info][gc,phases      ] GC(127)   Evacuate Collection Set: 160.09ms
[567.184s][info][gc,phases      ] GC(127)   Post Evacuate Collection Set: 1.02ms
[567.184s][info][gc,phases      ] GC(127)   Other: 0.06ms
[567.184s][info][gc,heap        ] GC(127) Eden regions: 545->0(545)
[567.184s][info][gc,heap        ] GC(127) Survivor regions: 49->45(75)
[567.184s][info][gc,heap        ] GC(127) Old regions: 296->304
[567.184s][info][gc,heap        ] GC(127) Humongous regions: 33->33
[567.184s][info][gc,metaspace   ] GC(127) Metaspace: 29867K(30400K)->29867K(30400K) NonClass: 26470K(26752K)->26470K(26752K) Class: 3396K(3648K)->3396K(3648K)
[567.184s][info][gc             ] GC(127) Pause Young (Normal) (G1 Evacuation Pause) 7365M->3037M(8192M) 162.088ms
[567.184s][info][gc,cpu         ] GC(127) User=1.29s Sys=0.00s Real=0.16s
...[570.012s][info][gc,start       ] GC(128) Pause Young (Normal) (G1 Evacuation Pause)
[570.012s][info][gc,task        ] GC(128) Using 8 workers of 8 for evacuation
[570.172s][info][gc,phases      ] GC(128)   Pre Evacuate Collection Set: 0.23ms
[570.172s][info][gc,phases      ] GC(128)   Merge Heap Roots: 0.51ms
[570.172s][info][gc,phases      ] GC(128)   Evacuate Collection Set: 158.76ms
[570.172s][info][gc,phases      ] GC(128)   Post Evacuate Collection Set: 1.01ms
[570.172s][info][gc,phases      ] GC(128)   Other: 0.06ms
[570.172s][info][gc,heap        ] GC(128) Eden regions: 545->0(540)
[570.172s][info][gc,heap        ] GC(128) Survivor regions: 45->44(74)
[570.172s][info][gc,heap        ] GC(128) Old regions: 304->311
[570.172s][info][gc,heap        ] GC(128) Humongous regions: 33->33
[570.172s][info][gc,metaspace   ] GC(128) Metaspace: 29867K(30400K)->29867K(30400K) NonClass: 26471K(26752K)->26471K(26752K) Class: 3396K(3648K)->3396K(3648K)
[570.172s][info][gc             ] GC(128) Pause Young (Normal) (G1 Evacuation Pause) 7397M->3089M(8192M) 160.711ms
[570.172s][info][gc,cpu         ] GC(128) User=1.28s Sys=0.00s Real=0.16s
.. (rIR:aIR:PR = 13397:13281:12731) (tPR = 188257) [PR is under limit] 
   571s: Re-initializing (term) [571.368s][info][gc,start       ] GC(129) Pause Full (System.gc())
[571.368s][info][gc,task        ] GC(129) Using 8 workers of 8 for full compaction
[571.368s][info][gc,phases,start] GC(129) Phase 1: Mark live objects
[571.386s][info][gc,phases      ] GC(129) Phase 1: Mark live objects 18.190ms
[571.386s][info][gc,phases,start] GC(129) Phase 2: Prepare compaction
[571.392s][info][gc,phases      ] GC(129) Phase 2: Prepare compaction 6.376ms
[571.392s][info][gc,phases,start] GC(129) Phase 3: Adjust pointers
[571.404s][info][gc,phases      ] GC(129) Phase 3: Adjust pointers 11.546ms
[571.404s][info][gc,phases,start] GC(129) Phase 4: Compact heap
[571.410s][info][gc,phases      ] GC(129) Phase 4: Compact heap 6.263ms
[571.410s][info][gc,phases,start] GC(129) Phase 5: Reset Metadata
[571.413s][info][gc,phases      ] GC(129) Phase 5: Reset Metadata 3.265ms
[571.422s][info][gc,heap        ] GC(129) Eden regions: 244->0(614)
[571.422s][info][gc,heap        ] GC(129) Survivor regions: 44->0(74)
[571.422s][info][gc,heap        ] GC(129) Old regions: 311->12
[571.422s][info][gc,heap        ] GC(129) Humongous regions: 33->33
[571.422s][info][gc,metaspace   ] GC(129) Metaspace: 29871K(30400K)->29871K(30400K) NonClass: 26475K(26752K)->26475K(26752K) Class: 3396K(3648K)->3396K(3648K)
[571.422s][info][gc             ] GC(129) Pause Full (System.gc()) 5033M->332M(8192M) 54.646ms
[571.422s][info][gc,cpu         ] GC(129) User=0.36s Sys=0.01s Real=0.06s
(init) ... OK
   576s: Searching from base IR = 13089
   576s:       rampup IR =      0 ... (rIR:aIR:PR = 0:0:0) (tPR = 0) [OK] 
   579s:       rampup IR =   1309 .... (rIR:aIR:PR = 1309:1321:1321) (tPR = 18527) [OK] 
   583s:       rampup IR =   2618 .[585.719s][info][gc,start       ] GC(130) Pause Young (Normal) (G1 Evacuation Pause)
[585.719s][info][gc,task        ] GC(130) Using 8 workers of 8 for evacuation
[586.453s][info][gc,mmu         ] GC(130) MMU target violated: 201.0ms (200.0ms/201.0ms)
[586.453s][info][gc,phases      ] GC(130)   Pre Evacuate Collection Set: 0.22ms
[586.453s][info][gc,phases      ] GC(130)   Merge Heap Roots: 0.86ms
[586.453s][info][gc,phases      ] GC(130)   Evacuate Collection Set: 731.38ms
[586.453s][info][gc,phases      ] GC(130)   Post Evacuate Collection Set: 1.35ms
[586.453s][info][gc,phases      ] GC(130)   Other: 0.10ms
[586.453s][info][gc,heap        ] GC(130) Eden regions: 614->0(227)
[586.453s][info][gc,heap        ] GC(130) Survivor regions: 0->77(77)
[586.453s][info][gc,heap        ] GC(130) Old regions: 12->86
[586.453s][info][gc,heap        ] GC(130) Humongous regions: 86->81
[586.453s][info][gc,metaspace   ] GC(130) Metaspace: 29893K(30400K)->29893K(30400K) NonClass: 26496K(26752K)->26496K(26752K) Class: 3397K(3648K)->3397K(3648K)
[586.453s][info][gc             ] GC(130) Pause Young (Normal) (G1 Evacuation Pause) 5668M->1924M(8192M) 734.032ms
[586.453s][info][gc,cpu         ] GC(130) User=5.83s Sys=0.00s Real=0.74s
..... (rIR:aIR:PR = 2618:2612:2612) (tPR = 38651) [OK] 
   590s:       rampup IR =   3927 [591.092s][info][gc,start       ] GC(131) Pause Young (Normal) (G1 Evacuation Pause)
[591.092s][info][gc,task        ] GC(131) Using 8 workers of 8 for evacuation
[591.431s][info][gc,mmu         ] GC(131) MMU target violated: 201.0ms (200.0ms/201.0ms)
[591.431s][info][gc,phases      ] GC(131)   Pre Evacuate Collection Set: 0.27ms
[591.431s][info][gc,phases      ] GC(131)   Merge Heap Roots: 0.70ms
[591.431s][info][gc,phases      ] GC(131)   Evacuate Collection Set: 337.08ms
[591.431s][info][gc,phases      ] GC(131)   Post Evacuate Collection Set: 0.72ms
[591.431s][info][gc,phases      ] GC(131)   Other: 0.09ms
[591.431s][info][gc,heap        ] GC(131) Eden regions: 226->0(197)
[591.431s][info][gc,heap        ] GC(131) Survivor regions: 77->16(38)
[591.431s][info][gc,heap        ] GC(131) Old regions: 86->165
[591.431s][info][gc,heap        ] GC(131) Humongous regions: 81->81
[591.431s][info][gc,metaspace   ] GC(131) Metaspace: 29894K(30400K)->29894K(30400K) NonClass: 26497K(26752K)->26497K(26752K) Class: 3397K(3648K)->3397K(3648K)
[591.431s][info][gc             ] GC(131) Pause Young (Normal) (G1 Evacuation Pause) 3732M->2068M(8192M) 338.961ms
[591.431s][info][gc,cpu         ] GC(131) User=2.68s Sys=0.00s Real=0.34s
....[594.889s][info][gc,start       ] GC(132) Pause Young (Normal) (G1 Evacuation Pause)
[594.889s][info][gc,task        ] GC(132) Using 8 workers of 8 for evacuation
[594.970s][info][gc,phases      ] GC(132)   Pre Evacuate Collection Set: 0.25ms
[594.970s][info][gc,phases      ] GC(132)   Merge Heap Roots: 0.42ms
[594.970s][info][gc,phases      ] GC(132)   Evacuate Collection Set: 79.30ms
[594.970s][info][gc,phases      ] GC(132)   Post Evacuate Collection Set: 0.63ms
[594.970s][info][gc,phases      ] GC(132)   Other: 0.06ms
[594.970s][info][gc,heap        ] GC(132) Eden regions: 217->0(191)
[594.970s][info][gc,heap        ] GC(132) Survivor regions: 16->26(30)
[594.970s][info][gc,heap        ] GC(132) Old regions: 165->165
[594.970s][info][gc,heap        ] GC(132) Humongous regions: 81->81
[594.970s][info][gc,metaspace   ] GC(132) Metaspace: 29894K(30400K)->29894K(30400K) NonClass: 26497K(26752K)->26497K(26752K) Class: 3397K(3648K)->3397K(3648K)
[594.970s][info][gc             ] GC(132) Pause Young (Normal) (G1 Evacuation Pause) 3804M->2144M(8192M) 80.786ms
[594.970s][info][gc,cpu         ] GC(132) User=0.64s Sys=0.00s Real=0.08s
.. (rIR:aIR:PR = 3927:4027:4027) (tPR = 60583) [OK] 
   596s:       rampup IR =   5236 .[597.944s][info][gc,start       ] GC(133) Pause Young (Normal) (G1 Evacuation Pause)
[597.944s][info][gc,task        ] GC(133) Using 8 workers of 8 for evacuation
[598.044s][info][gc,phases      ] GC(133)   Pre Evacuate Collection Set: 0.24ms
[598.044s][info][gc,phases      ] GC(133)   Merge Heap Roots: 0.44ms
[598.044s][info][gc,phases      ] GC(133)   Evacuate Collection Set: 98.41ms
[598.044s][info][gc,phases      ] GC(133)   Post Evacuate Collection Set: 0.67ms
[598.044s][info][gc,phases      ] GC(133)   Other: 0.05ms
[598.044s][info][gc,heap        ] GC(133) Eden regions: 205->0(223)
[598.044s][info][gc,heap        ] GC(133) Survivor regions: 26->25(29)
[598.044s][info][gc,heap        ] GC(133) Old regions: 165->174
[598.044s][info][gc,heap        ] GC(133) Humongous regions: 81->81
[598.044s][info][gc,metaspace   ] GC(133) Metaspace: 29895K(30400K)->29895K(30400K) NonClass: 26498K(26752K)->26498K(26752K) Class: 3397K(3648K)->3397K(3648K)
[598.044s][info][gc             ] GC(133) Pause Young (Normal) (G1 Evacuation Pause) 3784M->2208M(8192M) 99.950ms
[598.044s][info][gc,cpu         ] GC(133) User=0.79s Sys=0.00s Real=0.10s
... (rIR:aIR:PR = 5236:5249:5249) (tPR = 78636) [OK] 
   600s:       rampup IR =   6545 [601.039s][info][gc,start       ] GC(134) Pause Young (Normal) (G1 Evacuation Pause)
[601.039s][info][gc,task        ] GC(134) Using 8 workers of 8 for evacuation
[601.138s][info][gc,phases      ] GC(134)   Pre Evacuate Collection Set: 0.24ms
[601.138s][info][gc,phases      ] GC(134)   Merge Heap Roots: 0.36ms
[601.138s][info][gc,phases      ] GC(134)   Evacuate Collection Set: 98.33ms
[601.139s][info][gc,phases      ] GC(134)   Post Evacuate Collection Set: 0.71ms
[601.139s][info][gc,phases      ] GC(134)   Other: 0.05ms
[601.139s][info][gc,heap        ] GC(134) Eden regions: 248->0(282)
[601.139s][info][gc,heap        ] GC(134) Survivor regions: 25->26(35)
[601.139s][info][gc,heap        ] GC(134) Old regions: 174->182
[601.139s][info][gc,heap        ] GC(134) Humongous regions: 81->81
[601.139s][info][gc,metaspace   ] GC(134) Metaspace: 29895K(30400K)->29895K(30400K) NonClass: 26498K(26752K)->26498K(26752K) Class: 3397K(3648K)->3397K(3648K)
[601.139s][info][gc             ] GC(134) Pause Young (Normal) (G1 Evacuation Pause) 4192M->2280M(8192M) 99.816ms
[601.139s][info][gc,cpu         ] GC(134) User=0.78s Sys=0.00s Real=0.10s
...[604.316s][info][gc,start       ] GC(135) Pause Young (Normal) (G1 Evacuation Pause)
[604.316s][info][gc,task        ] GC(135) Using 8 workers of 8 for evacuation
[604.441s][info][gc,phases      ] GC(135)   Pre Evacuate Collection Set: 0.24ms
[604.441s][info][gc,phases      ] GC(135)   Merge Heap Roots: 0.45ms
[604.441s][info][gc,phases      ] GC(135)   Evacuate Collection Set: 122.95ms
[604.441s][info][gc,phases      ] GC(135)   Post Evacuate Collection Set: 0.69ms
[604.441s][info][gc,phases      ] GC(135)   Other: 0.06ms
[604.441s][info][gc,heap        ] GC(135) Eden regions: 308->0(309)
[604.441s][info][gc,heap        ] GC(135) Survivor regions: 26->31(42)
[604.441s][info][gc,heap        ] GC(135) Old regions: 182->189
[604.441s][info][gc,heap        ] GC(135) Humongous regions: 81->81
[604.441s][info][gc,metaspace   ] GC(135) Metaspace: 29896K(30400K)->29896K(30400K) NonClass: 26499K(26752K)->26499K(26752K) Class: 3397K(3648K)->3397K(3648K)
[604.441s][info][gc             ] GC(135) Pause Young (Normal) (G1 Evacuation Pause) 4744M->2375M(8192M) 124.532ms
[604.441s][info][gc,cpu         ] GC(135) User=0.86s Sys=0.00s Real=0.12s
. (rIR:aIR:PR = 6545:6391:6390) (tPR = 94101) [OK] 
   604s:       rampup IR =   7853 ..[607.277s][info][gc,start       ] GC(136) Pause Young (Normal) (G1 Evacuation Pause)
[607.277s][info][gc,task        ] GC(136) Using 8 workers of 8 for evacuation
[607.404s][info][gc,phases      ] GC(136)   Pre Evacuate Collection Set: 0.26ms
[607.404s][info][gc,phases      ] GC(136)   Merge Heap Roots: 0.47ms
[607.404s][info][gc,phases      ] GC(136)   Evacuate Collection Set: 124.99ms
[607.404s][info][gc,phases      ] GC(136)   Post Evacuate Collection Set: 0.90ms
[607.404s][info][gc,phases      ] GC(136)   Other: 0.07ms
[607.404s][info][gc,heap        ] GC(136) Eden regions: 322->0(365)
[607.404s][info][gc,heap        ] GC(136) Survivor regions: 31->32(45)
[607.404s][info][gc,heap        ] GC(136) Old regions: 189->196
[607.404s][info][gc,heap        ] GC(136) Humongous regions: 81->81
[607.404s][info][gc,metaspace   ] GC(136) Metaspace: 29898K(30400K)->29898K(30400K) NonClass: 26501K(26752K)->26501K(26752K) Class: 3397K(3648K)->3397K(3648K)
[607.404s][info][gc             ] GC(136) Pause Young (Normal) (G1 Evacuation Pause) 4951M->2444M(8192M) 126.894ms
[607.404s][info][gc,cpu         ] GC(136) User=0.90s Sys=0.00s Real=0.13s
.. (rIR:aIR:PR = 7853:7839:7839) (tPR = 114588) [OK] 
   608s:       rampup IR =   9162 .[610.246s][info][gc,start       ] GC(137) Pause Young (Normal) (G1 Evacuation Pause)
[610.246s][info][gc,task        ] GC(137) Using 8 workers of 8 for evacuation
[610.374s][info][gc,phases      ] GC(137)   Pre Evacuate Collection Set: 0.24ms
[610.374s][info][gc,phases      ] GC(137)   Merge Heap Roots: 0.46ms
[610.374s][info][gc,phases      ] GC(137)   Evacuate Collection Set: 126.72ms
[610.374s][info][gc,phases      ] GC(137)   Post Evacuate Collection Set: 0.85ms
[610.374s][info][gc,phases      ] GC(137)   Other: 0.06ms
[610.374s][info][gc,heap        ] GC(137) Eden regions: 375->0(398)
[610.374s][info][gc,heap        ] GC(137) Survivor regions: 32->35(51)
[610.374s][info][gc,heap        ] GC(137) Old regions: 196->204
[610.374s][info][gc,heap        ] GC(137) Humongous regions: 81->81
[610.374s][info][gc,metaspace   ] GC(137) Metaspace: 29899K(30400K)->29899K(30400K) NonClass: 26502K(26752K)->26502K(26752K) Class: 3397K(3648K)->3397K(3648K)
[610.374s][info][gc             ] GC(137) Pause Young (Normal) (G1 Evacuation Pause) 5444M->2528M(8192M) 128.444ms
[610.374s][info][gc,cpu         ] GC(137) User=1.01s Sys=0.00s Real=0.13s
... (rIR:aIR:PR = 9162:9057:9057) (tPR = 134277) [OK] 
   612s:       rampup IR =  10471 [613.298s][info][gc,start       ] GC(138) Pause Young (Normal) (G1 Evacuation Pause)
[613.298s][info][gc,task        ] GC(138) Using 8 workers of 8 for evacuation
[613.428s][info][gc,phases      ] GC(138)   Pre Evacuate Collection Set: 0.25ms
[613.428s][info][gc,phases      ] GC(138)   Merge Heap Roots: 0.42ms
[613.428s][info][gc,phases      ] GC(138)   Evacuate Collection Set: 128.08ms
[613.428s][info][gc,phases      ] GC(138)   Post Evacuate Collection Set: 0.92ms
[613.428s][info][gc,phases      ] GC(138)   Other: 0.06ms
[613.428s][info][gc,heap        ] GC(138) Eden regions: 402->0(452)
[613.428s][info][gc,heap        ] GC(138) Survivor regions: 35->36(55)
[613.428s][info][gc,heap        ] GC(138) Old regions: 204->212
[613.428s][info][gc,heap        ] GC(138) Humongous regions: 81->81
[613.428s][info][gc,metaspace   ] GC(138) Metaspace: 29899K(30400K)->29899K(30400K) NonClass: 26502K(26752K)->26502K(26752K) Class: 3397K(3648K)->3397K(3648K)
[613.428s][info][gc             ] GC(138) Pause Young (Normal) (G1 Evacuation Pause) 5744M->2599M(8192M) 129.851ms
[613.428s][info][gc,cpu         ] GC(138) User=1.03s Sys=0.00s Real=0.13s
...[616.301s][info][gc,start       ] GC(139) Pause Young (Normal) (G1 Evacuation Pause)
[616.301s][info][gc,task        ] GC(139) Using 8 workers of 8 for evacuation
[616.441s][info][gc,phases      ] GC(139)   Pre Evacuate Collection Set: 0.23ms
[616.441s][info][gc,phases      ] GC(139)   Merge Heap Roots: 0.44ms
[616.441s][info][gc,phases      ] GC(139)   Evacuate Collection Set: 138.52ms
[616.441s][info][gc,phases      ] GC(139)   Post Evacuate Collection Set: 0.88ms
[616.441s][info][gc,phases      ] GC(139)   Other: 0.06ms
[616.441s][info][gc,heap        ] GC(139) Eden regions: 453->0(474)
[616.441s][info][gc,heap        ] GC(139) Survivor regions: 36->39(62)
[616.441s][info][gc,heap        ] GC(139) Old regions: 212->219
[616.441s][info][gc,heap        ] GC(139) Humongous regions: 81->81
[616.441s][info][gc,metaspace   ] GC(139) Metaspace: 29899K(30400K)->29899K(30400K) NonClass: 26502K(26752K)->26502K(26752K) Class: 3397K(3648K)->3397K(3648K)
[616.441s][info][gc             ] GC(139) Pause Young (Normal) (G1 Evacuation Pause) 6223M->2683M(8192M) 140.251ms
[616.441s][info][gc,cpu         ] GC(139) User=1.10s Sys=0.01s Real=0.14s
.. (rIR:aIR:PR = 10471:10515:10511) (tPR = 152237) [OK] 
   617s:       rampup IR =  11780 .[619.271s][info][gc,start       ] GC(140) Pause Young (Normal) (G1 Evacuation Pause)
[619.271s][info][gc,task        ] GC(140) Using 8 workers of 8 for evacuation
[619.414s][info][gc,phases      ] GC(140)   Pre Evacuate Collection Set: 0.28ms
[619.414s][info][gc,phases      ] GC(140)   Merge Heap Roots: 0.52ms
[619.414s][info][gc,phases      ] GC(140)   Evacuate Collection Set: 141.68ms
[619.414s][info][gc,phases      ] GC(140)   Post Evacuate Collection Set: 0.90ms
[619.414s][info][gc,phases      ] GC(140)   Other: 0.06ms
[619.414s][info][gc,heap        ] GC(140) Eden regions: 473->0(520)
[619.414s][info][gc,heap        ] GC(140) Survivor regions: 39->40(64)
[619.414s][info][gc,heap        ] GC(140) Old regions: 219->227
[619.414s][info][gc,heap        ] GC(140) Humongous regions: 81->81
[619.414s][info][gc,metaspace   ] GC(140) Metaspace: 29899K(30400K)->29899K(30400K) NonClass: 26502K(26752K)->26502K(26752K) Class: 3397K(3648K)->3397K(3648K)
[619.414s][info][gc             ] GC(140) Pause Young (Normal) (G1 Evacuation Pause) 6467M->2751M(8192M) 143.603ms
[619.414s][info][gc,cpu         ] GC(140) User=1.13s Sys=0.00s Real=0.15s
...[622.345s][info][gc,start       ] GC(141) Pause Young (Normal) (G1 Evacuation Pause)
[622.345s][info][gc,task        ] GC(141) Using 8 workers of 8 for evacuation
[622.510s][info][gc,phases      ] GC(141)   Pre Evacuate Collection Set: 0.23ms
[622.510s][info][gc,phases      ] GC(141)   Merge Heap Roots: 0.56ms
[622.510s][info][gc,phases      ] GC(141)   Evacuate Collection Set: 162.99ms
[622.510s][info][gc,phases      ] GC(141)   Post Evacuate Collection Set: 0.97ms
[622.510s][info][gc,phases      ] GC(141)   Other: 0.06ms
[622.510s][info][gc,heap        ] GC(141) Eden regions: 516->0(515)
[622.510s][info][gc,heap        ] GC(141) Survivor regions: 40->41(70)
[622.510s][info][gc,heap        ] GC(141) Old regions: 227->234
[622.510s][info][gc,heap        ] GC(141) Humongous regions: 81->81
[622.510s][info][gc,metaspace   ] GC(141) Metaspace: 29899K(30400K)->29899K(30400K) NonClass: 26502K(26752K)->26502K(26752K) Class: 3397K(3648K)->3397K(3648K)
[622.510s][info][gc             ] GC(141) Pause Young (Normal) (G1 Evacuation Pause) 6879M->2813M(8192M) 164.949ms
[622.510s][info][gc,cpu         ] GC(141) User=1.15s Sys=0.00s Real=0.16s
....[625.568s][info][gc,start       ] GC(142) Pause Young (Normal) (G1 Evacuation Pause)
[625.568s][info][gc,task        ] GC(142) Using 8 workers of 8 for evacuation
[625.733s][info][gc,phases      ] GC(142)   Pre Evacuate Collection Set: 0.25ms
[625.733s][info][gc,phases      ] GC(142)   Merge Heap Roots: 0.56ms
[625.733s][info][gc,phases      ] GC(142)   Evacuate Collection Set: 162.78ms
[625.733s][info][gc,phases      ] GC(142)   Post Evacuate Collection Set: 0.99ms
[625.733s][info][gc,phases      ] GC(142)   Other: 0.06ms
[625.733s][info][gc,heap        ] GC(142) Eden regions: 515->0(534)
[625.733s][info][gc,heap        ] GC(142) Survivor regions: 41->41(70)
[625.733s][info][gc,heap        ] GC(142) Old regions: 234->241
[625.733s][info][gc,heap        ] GC(142) Humongous regions: 81->81
[625.733s][info][gc,metaspace   ] GC(142) Metaspace: 29899K(30400K)->29899K(30400K) NonClass: 26502K(26752K)->26502K(26752K) Class: 3397K(3648K)->3397K(3648K)
[625.733s][info][gc             ] GC(142) Pause Young (Normal) (G1 Evacuation Pause) 6933M->2875M(8192M) 164.764ms
[625.733s][info][gc,cpu         ] GC(142) User=1.19s Sys=0.01s Real=0.17s
...[628.715s][info][gc,start       ] GC(143) Pause Young (Normal) (G1 Evacuation Pause)
[628.715s][info][gc,task        ] GC(143) Using 8 workers of 8 for evacuation
[628.877s][info][gc,phases      ] GC(143)   Pre Evacuate Collection Set: 0.24ms
[628.878s][info][gc,phases      ] GC(143)   Merge Heap Roots: 0.53ms
[628.878s][info][gc,phases      ] GC(143)   Evacuate Collection Set: 160.91ms
[628.878s][info][gc,phases      ] GC(143)   Post Evacuate Collection Set: 0.96ms
[628.878s][info][gc,phases      ] GC(143)   Other: 0.08ms
[628.878s][info][gc,heap        ] GC(143) Eden regions: 530->0(532)
[628.878s][info][gc,heap        ] GC(143) Survivor regions: 41->43(72)
[628.878s][info][gc,heap        ] GC(143) Old regions: 241->249
[628.878s][info][gc,heap        ] GC(143) Humongous regions: 81->81
[628.878s][info][gc,metaspace   ] GC(143) Metaspace: 29899K(30400K)->29899K(30400K) NonClass: 26502K(26752K)->26502K(26752K) Class: 3397K(3648K)->3397K(3648K)
[628.878s][info][gc             ] GC(143) Pause Young (Normal) (G1 Evacuation Pause) 7115M->2952M(8192M) 162.864ms
[628.878s][info][gc,cpu         ] GC(143) User=1.21s Sys=0.01s Real=0.16s
...[631.932s][info][gc,start       ] GC(144) Pause Young (Normal) (G1 Evacuation Pause)
[631.932s][info][gc,task        ] GC(144) Using 8 workers of 8 for evacuation
[632.105s][info][gc,phases      ] GC(144)   Pre Evacuate Collection Set: 0.24ms
[632.105s][info][gc,phases      ] GC(144)   Merge Heap Roots: 0.54ms
[632.105s][info][gc,phases      ] GC(144)   Evacuate Collection Set: 171.64ms
[632.105s][info][gc,phases      ] GC(144)   Post Evacuate Collection Set: 0.97ms
[632.105s][info][gc,phases      ] GC(144)   Other: 0.06ms
[632.105s][info][gc,heap        ] GC(144) Eden regions: 529->0(519)
[632.105s][info][gc,heap        ] GC(144) Survivor regions: 43->44(72)
[632.105s][info][gc,heap        ] GC(144) Old regions: 249->256
[632.105s][info][gc,heap        ] GC(144) Humongous regions: 81->81
[632.105s][info][gc,metaspace   ] GC(144) Metaspace: 29899K(30400K)->29899K(30400K) NonClass: 26502K(26752K)->26502K(26752K) Class: 3397K(3648K)->3397K(3648K)
[632.105s][info][gc             ] GC(144) Pause Young (Normal) (G1 Evacuation Pause) 7184M->3013M(8192M) 173.569ms
[632.105s][info][gc,cpu         ] GC(144) User=1.21s Sys=0.00s Real=0.17s
. (rIR:aIR:PR = 11780:11674:11333) (tPR = 168586) [OK] 
   632s:       rampup IR =  13089 ..[634.939s][info][gc,start       ] GC(145) Pause Young (Normal) (G1 Evacuation Pause)
[634.939s][info][gc,task        ] GC(145) Using 8 workers of 8 for evacuation
[635.111s][info][gc,phases      ] GC(145)   Pre Evacuate Collection Set: 0.23ms
[635.111s][info][gc,phases      ] GC(145)   Merge Heap Roots: 0.56ms
[635.111s][info][gc,phases      ] GC(145)   Evacuate Collection Set: 169.51ms
[635.111s][info][gc,phases      ] GC(145)   Post Evacuate Collection Set: 1.05ms
[635.111s][info][gc,phases      ] GC(145)   Other: 0.06ms
[635.111s][info][gc,heap        ] GC(145) Eden regions: 517->0(543)
[635.111s][info][gc,heap        ] GC(145) Survivor regions: 44->42(71)
[635.111s][info][gc,heap        ] GC(145) Old regions: 256->264
[635.111s][info][gc,heap        ] GC(145) Humongous regions: 81->81
[635.111s][info][gc,metaspace   ] GC(145) Metaspace: 29899K(30400K)->29899K(30400K) NonClass: 26502K(26752K)->26502K(26752K) Class: 3397K(3648K)->3397K(3648K)
[635.111s][info][gc             ] GC(145) Pause Young (Normal) (G1 Evacuation Pause) 7149M->3064M(8192M) 171.536ms
[635.111s][info][gc,cpu         ] GC(145) User=1.19s Sys=0.00s Real=0.18s
...[638.236s][info][gc,start       ] GC(146) Pause Young (Normal) (G1 Evacuation Pause)
[638.236s][info][gc,task        ] GC(146) Using 8 workers of 8 for evacuation
[638.413s][info][gc,phases      ] GC(146)   Pre Evacuate Collection Set: 0.24ms
[638.413s][info][gc,phases      ] GC(146)   Merge Heap Roots: 0.56ms
[638.413s][info][gc,phases      ] GC(146)   Evacuate Collection Set: 175.79ms
[638.413s][info][gc,phases      ] GC(146)   Post Evacuate Collection Set: 1.02ms
[638.413s][info][gc,phases      ] GC(146)   Other: 0.06ms
[638.413s][info][gc,heap        ] GC(146) Eden regions: 543->0(524)
[638.413s][info][gc,heap        ] GC(146) Survivor regions: 42->44(74)
[638.413s][info][gc,heap        ] GC(146) Old regions: 264->271
[638.413s][info][gc,heap        ] GC(146) Humongous regions: 81->81
[638.413s][info][gc,metaspace   ] GC(146) Metaspace: 29899K(30400K)->29899K(30400K) NonClass: 26502K(26752K)->26502K(26752K) Class: 3397K(3648K)->3397K(3648K)
[638.413s][info][gc             ] GC(146) Pause Young (Normal) (G1 Evacuation Pause) 7408M->3140M(8192M) 177.805ms
[638.413s][info][gc,cpu         ] GC(146) User=1.23s Sys=0.00s Real=0.18s
...[641.434s][info][gc,start       ] GC(147) Pause Young (Normal) (G1 Evacuation Pause)
[641.434s][info][gc,task        ] GC(147) Using 8 workers of 8 for evacuation
[641.608s][info][gc,phases      ] GC(147)   Pre Evacuate Collection Set: 0.23ms
[641.608s][info][gc,phases      ] GC(147)   Merge Heap Roots: 0.59ms
[641.608s][info][gc,phases      ] GC(147)   Evacuate Collection Set: 172.48ms
[641.608s][info][gc,phases      ] GC(147)   Post Evacuate Collection Set: 1.11ms
[641.608s][info][gc,phases      ] GC(147)   Other: 0.07ms
[641.608s][info][gc,heap        ] GC(147) Eden regions: 527->0(528)
[641.608s][info][gc,heap        ] GC(147) Survivor regions: 44->42(72)
[641.608s][info][gc,heap        ] GC(147) Old regions: 271->279
[641.608s][info][gc,heap        ] GC(147) Humongous regions: 81->81
[641.608s][info][gc,metaspace   ] GC(147) Metaspace: 29899K(30400K)->29899K(30400K) NonClass: 26502K(26752K)->26502K(26752K) Class: 3397K(3648K)->3397K(3648K)
[641.608s][info][gc             ] GC(147) Pause Young (Normal) (G1 Evacuation Pause) 7356M->3185M(8192M) 174.647ms
[641.608s][info][gc,cpu         ] GC(147) User=1.21s Sys=0.01s Real=0.17s
...[644.390s][info][gc,start       ] GC(148) Pause Young (Normal) (G1 Evacuation Pause)
[644.390s][info][gc,task        ] GC(148) Using 8 workers of 8 for evacuation
[644.557s][info][gc,phases      ] GC(148)   Pre Evacuate Collection Set: 0.27ms
[644.557s][info][gc,phases      ] GC(148)   Merge Heap Roots: 0.57ms
[644.557s][info][gc,phases      ] GC(148)   Evacuate Collection Set: 165.53ms
[644.557s][info][gc,phases      ] GC(148)   Post Evacuate Collection Set: 1.02ms
[644.557s][info][gc,phases      ] GC(148)   Other: 0.06ms
[644.557s][info][gc,heap        ] GC(148) Eden regions: 528->0(521)
[644.557s][info][gc,heap        ] GC(148) Survivor regions: 42->42(72)
[644.557s][info][gc,heap        ] GC(148) Old regions: 279->286
[644.557s][info][gc,heap        ] GC(148) Humongous regions: 81->81
[644.557s][info][gc,metaspace   ] GC(148) Metaspace: 29899K(30400K)->29899K(30400K) NonClass: 26502K(26752K)->26502K(26752K) Class: 3397K(3648K)->3397K(3648K)
[644.557s][info][gc             ] GC(148) Pause Young (Normal) (G1 Evacuation Pause) 7409M->3238M(8192M) 167.569ms
[644.557s][info][gc,cpu         ] GC(148) User=1.16s Sys=0.00s Real=0.17s
...[647.501s][info][gc,start       ] GC(149) Pause Young (Normal) (G1 Evacuation Pause)
[647.501s][info][gc,task        ] GC(149) Using 8 workers of 8 for evacuation
[647.679s][info][gc,phases      ] GC(149)   Pre Evacuate Collection Set: 0.25ms
[647.679s][info][gc,phases      ] GC(149)   Merge Heap Roots: 0.55ms
[647.679s][info][gc,phases      ] GC(149)   Evacuate Collection Set: 176.00ms
[647.679s][info][gc,phases      ] GC(149)   Post Evacuate Collection Set: 1.00ms
[647.679s][info][gc,phases      ] GC(149)   Other: 0.06ms
[647.679s][info][gc,heap        ] GC(149) Eden regions: 521->0(508)
[647.679s][info][gc,heap        ] GC(149) Survivor regions: 42->45(71)
[647.679s][info][gc,heap        ] GC(149) Old regions: 286->293
[647.679s][info][gc,heap        ] GC(149) Humongous regions: 81->81
[647.679s][info][gc,metaspace   ] GC(149) Metaspace: 29899K(30400K)->29899K(30400K) NonClass: 26502K(26752K)->26502K(26752K) Class: 3397K(3648K)->3397K(3648K)
[647.679s][info][gc             ] GC(149) Pause Young (Normal) (G1 Evacuation Pause) 7406M->3318M(8192M) 177.991ms
[647.679s][info][gc,cpu         ] GC(149) User=1.24s Sys=0.00s Real=0.17s
...[650.567s][info][gc,start       ] GC(150) Pause Young (Normal) (G1 Evacuation Pause)
[650.567s][info][gc,task        ] GC(150) Using 8 workers of 8 for evacuation
[650.736s][info][gc,phases      ] GC(150)   Pre Evacuate Collection Set: 0.25ms
[650.736s][info][gc,phases      ] GC(150)   Merge Heap Roots: 0.56ms
[650.736s][info][gc,phases      ] GC(150)   Evacuate Collection Set: 166.71ms
[650.736s][info][gc,phases      ] GC(150)   Post Evacuate Collection Set: 0.97ms
[650.736s][info][gc,phases      ] GC(150)   Other: 0.06ms
[650.736s][info][gc,heap        ] GC(150) Eden regions: 508->0(508)
[650.736s][info][gc,heap        ] GC(150) Survivor regions: 45->41(70)
[650.736s][info][gc,heap        ] GC(150) Old regions: 293->301
[650.736s][info][gc,heap        ] GC(150) Humongous regions: 81->81
[650.736s][info][gc,metaspace   ] GC(150) Metaspace: 29899K(30400K)->29899K(30400K) NonClass: 26502K(26752K)->26502K(26752K) Class: 3397K(3648K)->3397K(3648K)
[650.736s][info][gc             ] GC(150) Pause Young (Normal) (G1 Evacuation Pause) 7382M->3355M(8192M) 168.682ms
[650.736s][info][gc,cpu         ] GC(150) User=1.17s Sys=0.00s Real=0.17s
....[653.810s][info][gc,start       ] GC(151) Pause Young (Normal) (G1 Evacuation Pause)
[653.810s][info][gc,task        ] GC(151) Using 8 workers of 8 for evacuation
[653.986s][info][gc,phases      ] GC(151)   Pre Evacuate Collection Set: 0.22ms
[653.986s][info][gc,phases      ] GC(151)   Merge Heap Roots: 0.54ms
[653.986s][info][gc,phases      ] GC(151)   Evacuate Collection Set: 174.51ms
[653.986s][info][gc,phases      ] GC(151)   Post Evacuate Collection Set: 1.03ms
[653.986s][info][gc,phases      ] GC(151)   Other: 0.06ms
[653.986s][info][gc,heap        ] GC(151) Eden regions: 508->0(496)
[653.986s][info][gc,heap        ] GC(151) Survivor regions: 41->43(69)
[653.986s][info][gc,heap        ] GC(151) Old regions: 301->309
[653.986s][info][gc,heap        ] GC(151) Humongous regions: 81->81
[653.986s][info][gc,metaspace   ] GC(151) Metaspace: 29899K(30400K)->29899K(30400K) NonClass: 26502K(26752K)->26502K(26752K) Class: 3397K(3648K)->3397K(3648K)
[653.986s][info][gc             ] GC(151) Pause Young (Normal) (G1 Evacuation Pause) 7419M->3429M(8192M) 176.490ms
[653.986s][info][gc,cpu         ] GC(151) User=1.23s Sys=0.00s Real=0.18s
...[656.784s][info][gc,start       ] GC(152) Pause Young (Normal) (G1 Evacuation Pause)
[656.784s][info][gc,task        ] GC(152) Using 8 workers of 8 for evacuation
[656.943s][info][gc,phases      ] GC(152)   Pre Evacuate Collection Set: 0.23ms
[656.943s][info][gc,phases      ] GC(152)   Merge Heap Roots: 0.53ms
[656.943s][info][gc,phases      ] GC(152)   Evacuate Collection Set: 157.66ms
[656.943s][info][gc,phases      ] GC(152)   Post Evacuate Collection Set: 0.91ms
[656.943s][info][gc,phases      ] GC(152)   Other: 0.07ms
[656.943s][info][gc,heap        ] GC(152) Eden regions: 496->0(488)
[656.943s][info][gc,heap        ] GC(152) Survivor regions: 43->43(68)
[656.943s][info][gc,heap        ] GC(152) Old regions: 309->317
[656.943s][info][gc,heap        ] GC(152) Humongous regions: 81->81
[656.943s][info][gc,metaspace   ] GC(152) Metaspace: 29899K(30400K)->29899K(30400K) NonClass: 26502K(26752K)->26502K(26752K) Class: 3397K(3648K)->3397K(3648K)
[656.943s][info][gc             ] GC(152) Pause Young (Normal) (G1 Evacuation Pause) 7397M->3495M(8192M) 159.527ms
[656.943s][info][gc,cpu         ] GC(152) User=1.24s Sys=0.00s Real=0.16s
..[659.448s][info][gc,start       ] GC(153) Pause Young (Normal) (G1 Evacuation Pause)
[659.448s][info][gc,task        ] GC(153) Using 8 workers of 8 for evacuation
[659.603s][info][gc,phases      ] GC(153)   Pre Evacuate Collection Set: 0.23ms
[659.603s][info][gc,phases      ] GC(153)   Merge Heap Roots: 0.52ms
[659.603s][info][gc,phases      ] GC(153)   Evacuate Collection Set: 153.65ms
[659.603s][info][gc,phases      ] GC(153)   Post Evacuate Collection Set: 0.92ms
[659.603s][info][gc,phases      ] GC(153)   Other: 0.07ms
[659.603s][info][gc,heap        ] GC(153) Eden regions: 488->0(483)
[659.603s][info][gc,heap        ] GC(153) Survivor regions: 43->42(67)
[659.603s][info][gc,heap        ] GC(153) Old regions: 317->324
[659.603s][info][gc,heap        ] GC(153) Humongous regions: 81->81
[659.603s][info][gc,metaspace   ] GC(153) Metaspace: 29900K(30400K)->29900K(30400K) NonClass: 26502K(26752K)->26502K(26752K) Class: 3397K(3648K)->3397K(3648K)
[659.603s][info][gc             ] GC(153) Pause Young (Normal) (G1 Evacuation Pause) 7399M->3542M(8192M) 155.507ms
[659.603s][info][gc,cpu         ] GC(153) User=1.23s Sys=0.00s Real=0.16s
...[662.071s][info][gc,start       ] GC(154) Pause Young (Normal) (G1 Evacuation Pause)
[662.071s][info][gc,task        ] GC(154) Using 8 workers of 8 for evacuation
[662.222s][info][gc,phases      ] GC(154)   Pre Evacuate Collection Set: 0.25ms
[662.222s][info][gc,phases      ] GC(154)   Merge Heap Roots: 0.51ms
[662.222s][info][gc,phases      ] GC(154)   Evacuate Collection Set: 148.68ms
[662.222s][info][gc,phases      ] GC(154)   Post Evacuate Collection Set: 0.94ms
[662.222s][info][gc,phases      ] GC(154)   Other: 0.07ms
[662.222s][info][gc,heap        ] GC(154) Eden regions: 483->0(477)
[662.222s][info][gc,heap        ] GC(154) Survivor regions: 42->41(66)
[662.222s][info][gc,heap        ] GC(154) Old regions: 324->332
[662.222s][info][gc,heap        ] GC(154) Humongous regions: 81->81
[662.222s][info][gc,metaspace   ] GC(154) Metaspace: 29900K(30400K)->29900K(30400K) NonClass: 26502K(26752K)->26502K(26752K) Class: 3397K(3648K)->3397K(3648K)
[662.222s][info][gc             ] GC(154) Pause Young (Normal) (G1 Evacuation Pause) 7406M->3601M(8192M) 150.599ms
[662.222s][info][gc,cpu         ] GC(154) User=1.19s Sys=0.00s Real=0.15s
. (rIR:aIR:PR = 13089:13230:11727) (tPR = 175009) [PR is under limit] 
   662s: Re-initializing (term) [662.852s][info][gc,start       ] GC(155) Pause Full (System.gc())
[662.852s][info][gc,task        ] GC(155) Using 8 workers of 8 for full compaction
[662.852s][info][gc,phases,start] GC(155) Phase 1: Mark live objects
[662.869s][info][gc,phases      ] GC(155) Phase 1: Mark live objects 16.241ms
[662.869s][info][gc,phases,start] GC(155) Phase 2: Prepare compaction
[662.874s][info][gc,phases      ] GC(155) Phase 2: Prepare compaction 5.136ms
[662.874s][info][gc,phases,start] GC(155) Phase 3: Adjust pointers
[662.884s][info][gc,phases      ] GC(155) Phase 3: Adjust pointers 9.747ms
[662.884s][info][gc,phases,start] GC(155) Phase 4: Compact heap
[662.889s][info][gc,phases      ] GC(155) Phase 4: Compact heap 5.095ms
[662.889s][info][gc,phases,start] GC(155) Phase 5: Reset Metadata
[662.892s][info][gc,phases      ] GC(155) Phase 5: Reset Metadata 3.623ms
[662.901s][info][gc,heap        ] GC(155) Eden regions: 123->0(614)
[662.901s][info][gc,heap        ] GC(155) Survivor regions: 41->0(66)
[662.901s][info][gc,heap        ] GC(155) Old regions: 332->13
[662.901s][info][gc,heap        ] GC(155) Humongous regions: 81->33
[662.901s][info][gc,metaspace   ] GC(155) Metaspace: 29900K(30400K)->29900K(30400K) NonClass: 26502K(26752K)->26502K(26752K) Class: 3397K(3648K)->3397K(3648K)
[662.901s][info][gc             ] GC(155) Pause Full (System.gc()) 4581M->333M(8192M) 49.009ms
[662.901s][info][gc,cpu         ] GC(155) User=0.33s Sys=0.00s Real=0.05s
(init) ... OK
   668s: high-bound for max-jOPS is measured to be 13837
   668s: 
   668s: Restarting (term) [668.389s][info][gc,start       ] GC(156) Pause Full (System.gc())
[668.389s][info][gc,task        ] GC(156) Using 8 workers of 8 for full compaction
[668.389s][info][gc,phases,start] GC(156) Phase 1: Mark live objects
[668.405s][info][gc,phases      ] GC(156) Phase 1: Mark live objects 16.326ms
[668.405s][info][gc,phases,start] GC(156) Phase 2: Prepare compaction
[668.411s][info][gc,phases      ] GC(156) Phase 2: Prepare compaction 5.274ms
[668.411s][info][gc,phases,start] GC(156) Phase 3: Adjust pointers
[668.421s][info][gc,phases      ] GC(156) Phase 3: Adjust pointers 10.420ms
[668.421s][info][gc,phases,start] GC(156) Phase 4: Compact heap
[668.426s][info][gc,phases      ] GC(156) Phase 4: Compact heap 5.149ms
[668.426s][info][gc,phases,start] GC(156) Phase 5: Reset Metadata
[668.429s][info][gc,phases      ] GC(156) Phase 5: Reset Metadata 3.153ms
[668.438s][info][gc,heap        ] GC(156) Eden regions: 457->0(614)
[668.438s][info][gc,heap        ] GC(156) Survivor regions: 0->0(66)
[668.438s][info][gc,heap        ] GC(156) Old regions: 13->12
[668.438s][info][gc,heap        ] GC(156) Humongous regions: 86->33
[668.438s][info][gc,metaspace   ] GC(156) Metaspace: 29912K(30400K)->29912K(30400K) NonClass: 26515K(26752K)->26515K(26752K) Class: 3397K(3648K)->3397K(3648K)
[668.438s][info][gc             ] GC(156) Pause Full (System.gc()) 4408M->332M(8192M) 49.414ms
[668.438s][info][gc,cpu         ] GC(156) User=0.32s Sys=0.00s Real=0.05s
(init) ... OK
   673s: 
   673s: Warmup for building throughput-responsetime curve
   673s: (10%)   IR =   1384 ......[680.405s][info][gc,start       ] GC(157) Pause Young (Normal) (G1 Evacuation Pause)
[680.405s][info][gc,task        ] GC(157) Using 8 workers of 8 for evacuation
[681.145s][info][gc,mmu         ] GC(157) MMU target violated: 201.0ms (200.0ms/201.0ms)
[681.145s][info][gc,phases      ] GC(157)   Pre Evacuate Collection Set: 0.26ms
[681.145s][info][gc,phases      ] GC(157)   Merge Heap Roots: 0.98ms
[681.145s][info][gc,phases      ] GC(157)   Evacuate Collection Set: 736.78ms
[681.145s][info][gc,phases      ] GC(157)   Post Evacuate Collection Set: 1.39ms
[681.145s][info][gc,phases      ] GC(157)   Other: 0.11ms
[681.145s][info][gc,heap        ] GC(157) Eden regions: 614->0(227)
[681.145s][info][gc,heap        ] GC(157) Survivor regions: 0->77(77)
[681.145s][info][gc,heap        ] GC(157) Old regions: 12->86
[681.145s][info][gc,heap        ] GC(157) Humongous regions: 86->81
[681.145s][info][gc,metaspace   ] GC(157) Metaspace: 29921K(30400K)->29921K(30400K) NonClass: 26524K(26752K)->26524K(26752K) Class: 3397K(3648K)->3397K(3648K)
[681.145s][info][gc             ] GC(157) Pause Young (Normal) (G1 Evacuation Pause) 5668M->1920M(8192M) 739.614ms
[681.145s][info][gc,cpu         ] GC(157) User=5.87s Sys=0.00s Real=0.74s
..........[690.701s][info][gc,start       ] GC(158) Pause Young (Normal) (G1 Evacuation Pause)
[690.701s][info][gc,task        ] GC(158) Using 8 workers of 8 for evacuation
[691.053s][info][gc,mmu         ] GC(158) MMU target violated: 201.0ms (200.0ms/201.0ms)
[691.053s][info][gc,phases      ] GC(158)   Pre Evacuate Collection Set: 0.27ms
[691.053s][info][gc,phases      ] GC(158)   Merge Heap Roots: 0.83ms
[691.053s][info][gc,phases      ] GC(158)   Evacuate Collection Set: 349.98ms
[691.053s][info][gc,phases      ] GC(158)   Post Evacuate Collection Set: 0.70ms
[691.053s][info][gc,phases      ] GC(158)   Other: 0.09ms
[691.053s][info][gc,heap        ] GC(158) Eden regions: 220->0(194)
[691.053s][info][gc,heap        ] GC(158) Survivor regions: 77->16(38)
[691.053s][info][gc,heap        ] GC(158) Old regions: 86->165
[691.053s][info][gc,heap        ] GC(158) Humongous regions: 81->81
[691.053s][info][gc,metaspace   ] GC(158) Metaspace: 29921K(30400K)->29921K(30400K) NonClass: 26524K(26752K)->26524K(26752K) Class: 3397K(3648K)->3397K(3648K)
[691.053s][info][gc             ] GC(158) Pause Young (Normal) (G1 Evacuation Pause) 3680M->2064M(8192M) 351.971ms
[691.053s][info][gc,cpu         ] GC(158) User=2.80s Sys=0.00s Real=0.35s
..........[701.012s][info][gc,start       ] GC(159) Pause Young (Normal) (G1 Evacuation Pause)
[701.012s][info][gc,task        ] GC(159) Using 8 workers of 8 for evacuation
[701.090s][info][gc,phases      ] GC(159)   Pre Evacuate Collection Set: 0.25ms
[701.090s][info][gc,phases      ] GC(159)   Merge Heap Roots: 0.48ms
[701.090s][info][gc,phases      ] GC(159)   Evacuate Collection Set: 76.99ms
[701.090s][info][gc,phases      ] GC(159)   Post Evacuate Collection Set: 0.70ms
[701.090s][info][gc,phases      ] GC(159)   Other: 0.06ms
[701.090s][info][gc,heap        ] GC(159) Eden regions: 214->0(192)
[701.090s][info][gc,heap        ] GC(159) Survivor regions: 16->25(29)
[701.090s][info][gc,heap        ] GC(159) Old regions: 165->165
[701.090s][info][gc,heap        ] GC(159) Humongous regions: 81->81
[701.090s][info][gc,metaspace   ] GC(159) Metaspace: 29921K(30400K)->29921K(30400K) NonClass: 26524K(26752K)->26524K(26752K) Class: 3397K(3648K)->3397K(3648K)
[701.091s][info][gc             ] GC(159) Pause Young (Normal) (G1 Evacuation Pause) 3776M->2132M(8192M) 78.613ms
[701.091s][info][gc,cpu         ] GC(159) User=0.62s Sys=0.00s Real=0.07s
..........[711.017s][info][gc,start       ] GC(160) Pause Young (Normal) (G1 Evacuation Pause)
[711.017s][info][gc,task        ] GC(160) Using 8 workers of 8 for evacuation
[711.116s][info][gc,phases      ] GC(160)   Pre Evacuate Collection Set: 0.23ms
[711.116s][info][gc,phases      ] GC(160)   Merge Heap Roots: 0.45ms
[711.116s][info][gc,phases      ] GC(160)   Evacuate Collection Set: 97.86ms
[711.116s][info][gc,phases      ] GC(160)   Post Evacuate Collection Set: 0.65ms
[711.116s][info][gc,phases      ] GC(160)   Other: 0.06ms
[711.116s][info][gc,heap        ] GC(160) Eden regions: 205->0(219)
[711.116s][info][gc,heap        ] GC(160) Survivor regions: 25->25(29)
[711.116s][info][gc,heap        ] GC(160) Old regions: 165->174
[711.116s][info][gc,heap        ] GC(160) Humongous regions: 81->81
[711.116s][info][gc,metaspace   ] GC(160) Metaspace: 29921K(30400K)->29921K(30400K) NonClass: 26524K(26752K)->26524K(26752K) Class: 3397K(3648K)->3397K(3648K)
[711.116s][info][gc             ] GC(160) Pause Young (Normal) (G1 Evacuation Pause) 3772M->2207M(8192M) 99.376ms
[711.116s][info][gc,cpu         ] GC(160) User=0.79s Sys=0.00s Real=0.10s
............[722.822s][info][gc,start       ] GC(161) Pause Young (Normal) (G1 Evacuation Pause)
[722.822s][info][gc,task        ] GC(161) Using 8 workers of 8 for evacuation
[722.921s][info][gc,phases      ] GC(161)   Pre Evacuate Collection Set: 0.24ms
[722.921s][info][gc,phases      ] GC(161)   Merge Heap Roots: 0.51ms
[722.921s][info][gc,phases      ] GC(161)   Evacuate Collection Set: 97.56ms
[722.921s][info][gc,phases      ] GC(161)   Post Evacuate Collection Set: 0.65ms
[722.921s][info][gc,phases      ] GC(161)   Other: 0.07ms
[722.921s][info][gc,heap        ] GC(161) Eden regions: 238->0(275)
[722.921s][info][gc,heap        ] GC(161) Survivor regions: 25->26(33)
[722.921s][info][gc,heap        ] GC(161) Old regions: 174->182
[722.921s][info][gc,heap        ] GC(161) Humongous regions: 81->81
[722.921s][info][gc,metaspace   ] GC(161) Metaspace: 29921K(30400K)->29921K(30400K) NonClass: 26524K(26752K)->26524K(26752K) Class: 3397K(3648K)->3397K(3648K)
[722.921s][info][gc             ] GC(161) Pause Young (Normal) (G1 Evacuation Pause) 4111M->2280M(8192M) 99.150ms
[722.921s][info][gc,cpu         ] GC(161) User=0.78s Sys=0.00s Real=0.10s
...............[737.640s][info][gc,start       ] GC(162) Pause Young (Normal) (G1 Evacuation Pause)
[737.640s][info][gc,task        ] GC(162) Using 8 workers of 8 for evacuation
[737.747s][info][gc,phases      ] GC(162)   Pre Evacuate Collection Set: 0.22ms
[737.747s][info][gc,phases      ] GC(162)   Merge Heap Roots: 0.53ms
[737.747s][info][gc,phases      ] GC(162)   Evacuate Collection Set: 105.47ms
[737.747s][info][gc,phases      ] GC(162)   Post Evacuate Collection Set: 0.70ms
[737.747s][info][gc,phases      ] GC(162)   Other: 0.06ms
[737.748s][info][gc,heap        ] GC(162) Eden regions: 300->0(342)
[737.748s][info][gc,heap        ] GC(162) Survivor regions: 26->29(41)
[737.748s][info][gc,heap        ] GC(162) Old regions: 182->189
[737.748s][info][gc,heap        ] GC(162) Humongous regions: 81->81
[737.748s][info][gc,metaspace   ] GC(162) Metaspace: 29921K(30400K)->29921K(30400K) NonClass: 26524K(26752K)->26524K(26752K) Class: 3397K(3648K)->3397K(3648K)
[737.748s][info][gc             ] GC(162) Pause Young (Normal) (G1 Evacuation Pause) 4680M->2359M(8192M) 107.113ms
[737.748s][info][gc,cpu         ] GC(162) User=0.85s Sys=0.00s Real=0.11s
.................[755.014s][info][gc,start       ] GC(163) Pause Young (Normal) (G1 Evacuation Pause)
[755.014s][info][gc,task        ] GC(163) Using 8 workers of 8 for evacuation
[755.131s][info][gc,phases      ] GC(163)   Pre Evacuate Collection Set: 0.27ms
[755.131s][info][gc,phases      ] GC(163)   Merge Heap Roots: 0.59ms
[755.131s][info][gc,phases      ] GC(163)   Evacuate Collection Set: 114.82ms
[755.131s][info][gc,phases      ] GC(163)   Post Evacuate Collection Set: 0.75ms
[755.131s][info][gc,phases      ] GC(163)   Other: 0.07ms
[755.131s][info][gc,heap        ] GC(163) Eden regions: 352->0(387)
[755.131s][info][gc,heap        ] GC(163) Survivor regions: 29->32(48)
[755.131s][info][gc,heap        ] GC(163) Old regions: 189->196
[755.131s][info][gc,heap        ] GC(163) Humongous regions: 81->81
[755.131s][info][gc,metaspace   ] GC(163) Metaspace: 29921K(30400K)->29921K(30400K) NonClass: 26524K(26752K)->26524K(26752K) Class: 3397K(3648K)->3397K(3648K)
[755.131s][info][gc             ] GC(163) Pause Young (Normal) (G1 Evacuation Pause) 5175M->2439M(8192M) 116.665ms
[755.131s][info][gc,cpu         ] GC(163) User=0.92s Sys=0.00s Real=0.12s
....................[774.325s][info][gc,start       ] GC(164) Pause Young (Normal) (G1 Evacuation Pause)
[774.325s][info][gc,task        ] GC(164) Using 8 workers of 8 for evacuation
[774.451s][info][gc,phases      ] GC(164)   Pre Evacuate Collection Set: 0.23ms
[774.451s][info][gc,phases      ] GC(164)   Merge Heap Roots: 0.56ms
[774.451s][info][gc,phases      ] GC(164)   Evacuate Collection Set: 124.05ms
[774.451s][info][gc,phases      ] GC(164)   Post Evacuate Collection Set: 0.82ms
[774.451s][info][gc,phases      ] GC(164)   Other: 0.06ms
[774.451s][info][gc,heap        ] GC(164) Eden regions: 388->0(429)
[774.451s][info][gc,heap        ] GC(164) Survivor regions: 32->34(53)
[774.451s][info][gc,heap        ] GC(164) Old regions: 196->204
[774.451s][info][gc,heap        ] GC(164) Humongous regions: 81->81
[774.451s][info][gc,metaspace   ] GC(164) Metaspace: 29921K(30400K)->29921K(30400K) NonClass: 26524K(26752K)->26524K(26752K) Class: 3397K(3648K)->3397K(3648K)
[774.451s][info][gc             ] GC(164) Pause Young (Normal) (G1 Evacuation Pause) 5543M->2517M(8192M) 125.861ms
[774.451s][info][gc,cpu         ] GC(164) User=0.99s Sys=0.00s Real=0.13s
.....................[795.392s][info][gc,start       ] GC(165) Pause Young (Normal) (G1 Evacuation Pause)
[795.392s][info][gc,task        ] GC(165) Using 8 workers of 8 for evacuation
[795.525s][info][gc,phases      ] GC(165)   Pre Evacuate Collection Set: 0.23ms
[795.525s][info][gc,phases      ] GC(165)   Merge Heap Roots: 0.56ms
[795.525s][info][gc,phases      ] GC(165)   Evacuate Collection Set: 130.59ms
[795.525s][info][gc,phases      ] GC(165)   Post Evacuate Collection Set: 0.90ms
[795.525s][info][gc,phases      ] GC(165)   Other: 0.06ms
[795.525s][info][gc,heap        ] GC(165) Eden regions: 427->0(474)
[795.525s][info][gc,heap        ] GC(165) Survivor regions: 34->36(58)
[795.525s][info][gc,heap        ] GC(165) Old regions: 204->211
[795.525s][info][gc,heap        ] GC(165) Humongous regions: 81->81
[795.525s][info][gc,metaspace   ] GC(165) Metaspace: 29927K(30400K)->29927K(30400K) NonClass: 26530K(26752K)->26530K(26752K) Class: 3397K(3648K)->3397K(3648K)
[795.525s][info][gc             ] GC(165) Pause Young (Normal) (G1 Evacuation Pause) 5933M->2587M(8192M) 132.479ms
[795.525s][info][gc,cpu         ] GC(165) User=1.05s Sys=0.01s Real=0.13s
.......................[818.655s][info][gc,start       ] GC(166) Pause Young (Normal) (G1 Evacuation Pause)
[818.655s][info][gc,task        ] GC(166) Using 8 workers of 8 for evacuation
[818.795s][info][gc,phases      ] GC(166)   Pre Evacuate Collection Set: 0.24ms
[818.795s][info][gc,phases      ] GC(166)   Merge Heap Roots: 0.62ms
[818.795s][info][gc,phases      ] GC(166)   Evacuate Collection Set: 137.55ms
[818.795s][info][gc,phases      ] GC(166)   Post Evacuate Collection Set: 0.91ms
[818.795s][info][gc,phases      ] GC(166)   Other: 0.06ms
[818.795s][info][gc,heap        ] GC(166) Eden regions: 470->0(512)
[818.795s][info][gc,heap        ] GC(166) Survivor regions: 36->38(64)
[818.795s][info][gc,heap        ] GC(166) Old regions: 211->218
[818.795s][info][gc,heap        ] GC(166) Humongous regions: 81->81
[818.795s][info][gc,metaspace   ] GC(166) Metaspace: 29927K(30400K)->29927K(30400K) NonClass: 26530K(26752K)->26530K(26752K) Class: 3397K(3648K)->3397K(3648K)
[818.795s][info][gc             ] GC(166) Pause Young (Normal) (G1 Evacuation Pause) 6347M->2662M(8192M) 139.496ms
[818.795s][info][gc,cpu         ] GC(166) User=1.10s Sys=0.00s Real=0.14s
.........................[843.851s][info][gc,start       ] GC(167) Pause Young (Normal) (G1 Evacuation Pause)
[843.851s][info][gc,task        ] GC(167) Using 8 workers of 8 for evacuation
[843.993s][info][gc,phases      ] GC(167)   Pre Evacuate Collection Set: 0.24ms
[843.993s][info][gc,phases      ] GC(167)   Merge Heap Roots: 0.64ms
[843.993s][info][gc,phases      ] GC(167)   Evacuate Collection Set: 140.08ms
[843.993s][info][gc,phases      ] GC(167)   Post Evacuate Collection Set: 0.98ms
[843.993s][info][gc,phases      ] GC(167)   Other: 0.08ms
[843.993s][info][gc,heap        ] GC(167) Eden regions: 507->0(560)
[843.993s][info][gc,heap        ] GC(167) Survivor regions: 38->39(69)
[843.993s][info][gc,heap        ] GC(167) Old regions: 218->225
[843.993s][info][gc,heap        ] GC(167) Humongous regions: 81->81
[843.993s][info][gc,metaspace   ] GC(167) Metaspace: 29928K(30400K)->29928K(30400K) NonClass: 26531K(26752K)->26531K(26752K) Class: 3397K(3648K)->3397K(3648K)
[843.993s][info][gc             ] GC(167) Pause Young (Normal) (G1 Evacuation Pause) 6718M->2727M(8192M) 142.164ms
[843.993s][info][gc,cpu         ] GC(167) User=1.13s Sys=0.00s Real=0.14s
........... (rIR:aIR:PR = 1384:1384:1384) (tPR = 20471) [OK] 
   854s: 
   854s: Building throughput-responsetime curve
   854s: ( 0%)   IR =      0 ...|............................................................ (rIR:aIR:PR = 0:0:0) (tPR = 0) [OK] 
   917s: Performance info:
         Transaction,    Success,    Partial,     Failed,   Receipts, AvgBarcode, 
         Response times:
             Request,    Success,    Partial,     Failed,   SkipFail,     Probes,    Samples,      min,      p50,      p90,      p95,      p99,      max, 

   917s: ( 1%)   IR =    138 .....|............................................................ (rIR:aIR:PR = 138:138:138) (tPR = 2089) [OK] 
   982s: Performance info:
         Transaction,    Success,    Partial,     Failed,   Receipts, AvgBarcode, 
             Overall,       8286,          0,          0,       7870,      59.48, 
         Response times:
             Request,    Success,    Partial,     Failed,   SkipFail,     Probes,    Samples,      min,      p50,      p90,      p95,      p99,      max, 
       TotalPurchase,       7870,          0,          0,          0,       7314,       8511,      300,      400,      500,      600,      700,     1000,
     InStorePurchase,       4141,          0,          0,          0,       3908,       4515,      300,      400,      500,      500,      700,     1000,
      OnlinePurchase,       2898,          0,          0,          0,       2702,       3112,      300,      400,      500,      600,      700,      900,
        InstPurchase,        831,          0,          0,          0,        704,        884,      400,      500,      600,      600,      800,     1000,
          AssocOfCat,          9,          0,          0,          0,          7,          8,    24000,    24500,    27000,    27000,    27000,    27000,
      AssocOfProduct,         81,          0,          0,          0,         77,         88,      400,      600,      700,      700,      800,      800,
      BusinessReport,         23,          0,          0,          0,         20,         22,    24000,    29000,    34400,    36700,    37000,    37000,
          CustBuyBeh,         83,          0,          0,          0,         79,         88,      200,      200,      300,      300,      600,      600,
       ProductReturn,        220,          0,          0,          0,        167,        235,      200,      300,      300,      300,      400,      500,

   982s: ( 2%)   IR =    277 .....|.............................................[1033.301s][info][gc,start       ] GC(168) Pause Young (Normal) (G1 Evacuation Pause)
[1033.301s][info][gc,task        ] GC(168) Using 8 workers of 8 for evacuation
[1033.449s][info][gc,phases      ] GC(168)   Pre Evacuate Collection Set: 0.26ms
[1033.449s][info][gc,phases      ] GC(168)   Merge Heap Roots: 0.70ms
[1033.449s][info][gc,phases      ] GC(168)   Evacuate Collection Set: 145.37ms
[1033.449s][info][gc,phases      ] GC(168)   Post Evacuate Collection Set: 1.05ms
[1033.449s][info][gc,phases      ] GC(168)   Other: 0.08ms
[1033.449s][info][gc,heap        ] GC(168) Eden regions: 552->0(573)
[1033.449s][info][gc,heap        ] GC(168) Survivor regions: 39->41(74)
[1033.449s][info][gc,heap        ] GC(168) Old regions: 225->232
[1033.449s][info][gc,heap        ] GC(168) Humongous regions: 81->81
[1033.449s][info][gc,metaspace   ] GC(168) Metaspace: 29937K(30400K)->29937K(30400K) NonClass: 26540K(26752K)->26540K(26752K) Class: 3397K(3648K)->3397K(3648K)
[1033.449s][info][gc             ] GC(168) Pause Young (Normal) (G1 Evacuation Pause) 7143M->2797M(8192M) 147.587ms
[1033.449s][info][gc,cpu         ] GC(168) User=1.17s Sys=0.00s Real=0.14s
............... (rIR:aIR:PR = 277:277:277) (tPR = 4116) [OK] 
  1047s: Performance info:
         Transaction,    Success,    Partial,     Failed,   Receipts, AvgBarcode, 
             Overall,      16652,          0,          0,      15820,      59.49, 
         Response times:
             Request,    Success,    Partial,     Failed,   SkipFail,     Probes,    Samples,      min,      p50,      p90,      p95,      p99,      max, 
       TotalPurchase,      15820,          0,          0,          0,      14895,      16891,      300,      500,      700,      700,      900,     2100,
     InStorePurchase,       8332,          0,          0,          0,       7890,       8834,      300,      500,      600,      700,      900,     2000,
      OnlinePurchase,       5826,          0,          0,          0,       5486,       6195,      300,      500,      700,      800,      900,     2100,
        InstPurchase,       1662,          0,          0,          0,       1519,       1862,      400,      500,      800,      800,     1000,     2000,
          AssocOfCat,         17,          0,          0,          0,         14,         17,    19400,    24000,    26600,    29000,    29000,    29000,
      AssocOfProduct,        164,          0,          0,          0,        119,        170,      500,      700,      800,      800,     1000,     1000,
      BusinessReport,         42,          0,          0,          0,         40,         44,    19700,    26500,    31000,    31750,    45000,    45000,
          CustBuyBeh,        166,          0,          0,          0,        126,        194,      200,      300,      500,      600,      825,     1300,
       ProductReturn,        443,          0,          0,          0,        371,        492,      200,      300,      500,      600,      707,      900,

  1047s: ( 3%)   IR =    415 ....|............................................................ (rIR:aIR:PR = 415:415:415) (tPR = 6061) [OK] 
  1111s: Performance info:
         Transaction,    Success,    Partial,     Failed,   Receipts, AvgBarcode, 
             Overall,      24926,          0,          0,      23683,      59.50, 
         Response times:
             Request,    Success,    Partial,     Failed,   SkipFail,     Probes,    Samples,      min,      p50,      p90,      p95,      p99,      max, 
       TotalPurchase,      23683,          0,          0,          0,      22449,      24875,      300,      600,      800,      900,     1100,     1500,
     InStorePurchase,      12463,          0,          0,          0,      11879,      13076,      300,      500,      800,      900,     1000,     1400,
      OnlinePurchase,       8722,          0,          0,          0,       8328,       9260,      300,      600,      800,      900,     1100,     1500,
        InstPurchase,       2498,          0,          0,          0,       2242,       2539,      400,      600,      800,      900,     1100,     1500,
          AssocOfCat,         26,          0,          0,          0,         25,         26,    22000,    24000,    27300,    29950,    31000,    31000,
      AssocOfProduct,        248,          0,          0,          0,        194,        268,      500,      800,     1000,     1100,     1231,     1300,
      BusinessReport,         61,          0,          0,          0,         57,         66,    22000,    25000,    29000,    29650,    39000,    39000,
          CustBuyBeh,        251,          0,          0,          0,        203,        271,      200,      500,      700,      800,     1000,     1100,
       ProductReturn,        657,          0,          0,          0,        540,        670,      200,      300,      600,      700,      800,      900,

  1111s: ( 4%)   IR =    553 ....|............[1127.543s][info][gc,start       ] GC(169) Pause Young (Normal) (G1 Evacuation Pause)
[1127.543s][info][gc,task        ] GC(169) Using 8 workers of 8 for evacuation
[1127.692s][info][gc,phases      ] GC(169)   Pre Evacuate Collection Set: 0.26ms
[1127.693s][info][gc,phases      ] GC(169)   Merge Heap Roots: 0.70ms
[1127.693s][info][gc,phases      ] GC(169)   Evacuate Collection Set: 147.39ms
[1127.693s][info][gc,phases      ] GC(169)   Post Evacuate Collection Set: 1.06ms
[1127.693s][info][gc,phases      ] GC(169)   Other: 0.07ms
[1127.693s][info][gc,heap        ] GC(169) Eden regions: 573->0(569)
[1127.693s][info][gc,heap        ] GC(169) Survivor regions: 41->42(77)
[1127.693s][info][gc,heap        ] GC(169) Old regions: 232->238
[1127.693s][info][gc,heap        ] GC(169) Humongous regions: 81->81
[1127.693s][info][gc,metaspace   ] GC(169) Metaspace: 29940K(30400K)->29940K(30400K) NonClass: 26543K(26752K)->26543K(26752K) Class: 3397K(3648K)->3397K(3648K)
[1127.693s][info][gc             ] GC(169) Pause Young (Normal) (G1 Evacuation Pause) 7381M->2856M(8192M) 149.615ms
[1127.693s][info][gc,cpu         ] GC(169) User=1.19s Sys=0.00s Real=0.15s
................................................ (rIR:aIR:PR = 553:552:552) (tPR = 8111) [OK] 
  1175s: Performance info:
         Transaction,    Success,    Partial,     Failed,   Receipts, AvgBarcode, 
             Overall,      33158,          0,          0,      31501,      59.49, 
         Response times:
             Request,    Success,    Partial,     Failed,   SkipFail,     Probes,    Samples,      min,      p50,      p90,      p95,      p99,      max, 
       TotalPurchase,      31501,          0,          0,          0,      30043,      32934,      300,      600,     1000,     1100,     1300,   153000,
     InStorePurchase,      16586,          0,          0,          0,      15916,      17367,      300,      600,      900,     1000,     1300,   153000,
      OnlinePurchase,      11602,          0,          0,          0,      11113,      12192,      300,      700,     1000,     1100,     1300,     2700,
        InstPurchase,       3313,          0,          0,          0,       3014,       3375,      400,      600,      900,     1000,     1300,   152000,
          AssocOfCat,         32,          0,          0,          0,         32,         34,    18200,    24000,    26000,    30250,    34000,    34000,
      AssocOfProduct,        328,          0,          0,          0,        258,        362,      500,      900,     1100,     1200,     1400,   152000,
      BusinessReport,         83,          0,          0,          0,         82,         87,    18800,    26000,    30000,    31000,    33000,    33000,
          CustBuyBeh,        330,          0,          0,          0,        274,        381,      200,      400,      800,      900,     1118,     2600,
       ProductReturn,        884,          0,          0,          0,        759,        916,      200,      700,      900,     1000,     1200,     2400,

  1175s: ( 5%)   IR =    692 .......|..........[1193.280s][info][gc,start       ] GC(170) Pause Young (Normal) (G1 Evacuation Pause)
[1193.280s][info][gc,task        ] GC(170) Using 8 workers of 8 for evacuation
[1193.431s][info][gc,phases      ] GC(170)   Pre Evacuate Collection Set: 0.26ms
[1193.431s][info][gc,phases      ] GC(170)   Merge Heap Roots: 0.64ms
[1193.431s][info][gc,phases      ] GC(170)   Evacuate Collection Set: 148.15ms
[1193.431s][info][gc,phases      ] GC(170)   Post Evacuate Collection Set: 1.14ms
[1193.431s][info][gc,phases      ] GC(170)   Other: 0.08ms
[1193.431s][info][gc,heap        ] GC(170) Eden regions: 569->0(560)
[1193.431s][info][gc,heap        ] GC(170) Survivor regions: 42->43(77)
[1193.431s][info][gc,heap        ] GC(170) Old regions: 238->245
[1193.431s][info][gc,heap        ] GC(170) Humongous regions: 81->81
[1193.431s][info][gc,metaspace   ] GC(170) Metaspace: 29942K(30400K)->29942K(30400K) NonClass: 26544K(26752K)->26544K(26752K) Class: 3397K(3648K)->3397K(3648K)
[1193.431s][info][gc             ] GC(170) Pause Young (Normal) (G1 Evacuation Pause) 7408M->2914M(8192M) 150.393ms
[1193.431s][info][gc,cpu         ] GC(170) User=1.19s Sys=0.00s Real=0.15s
.................................................. (rIR:aIR:PR = 692:692:692) (tPR = 10267) [OK] 
  1242s: Performance info:
         Transaction,    Success,    Partial,     Failed,   Receipts, AvgBarcode, 
             Overall,      41557,          0,          0,      39477,      59.49, 
         Response times:
             Request,    Success,    Partial,     Failed,   SkipFail,     Probes,    Samples,      min,      p50,      p90,      p95,      p99,      max, 
       TotalPurchase,      39477,          0,          0,          0,      37805,      43200,      300,      700,     1100,     1200,     1500,   152000,
     InStorePurchase,      20763,          0,          0,          0,      20091,      22788,      300,      700,     1100,     1200,     1500,   152000,
      OnlinePurchase,      14558,          0,          0,          0,      13881,      15912,      300,      800,     1100,     1200,     1500,   152000,
        InstPurchase,       4156,          0,          0,          0,       3833,       4500,      400,      800,     1200,     1300,     1600,   152000,
          AssocOfCat,         43,          0,          0,          0,         40,         46,    21000,    25000,    28000,    31600,    34000,    34000,
      AssocOfProduct,        415,          0,          0,          0,        335,        464,      500,     1100,     1400,     1475,     1700,   153000,
      BusinessReport,        104,          0,          0,          0,        102,        115,    19600,    28000,    32000,    32000,    34840,    35000,
          CustBuyBeh,        416,          0,          0,          0,        351,        502,      200,      500,      900,     1000,     1200,     4700,
       ProductReturn,       1102,          0,          0,          0,        958,       1203,      200,      700,     1000,     1200,     1396,     4600,

  1242s: ( 6%)   IR =    830 ....|[1247.455s][info][gc,start       ] GC(171) Pause Young (Normal) (G1 Evacuation Pause)
[1247.455s][info][gc,task        ] GC(171) Using 8 workers of 8 for evacuation
[1247.608s][info][gc,phases      ] GC(171)   Pre Evacuate Collection Set: 0.26ms
[1247.608s][info][gc,phases      ] GC(171)   Merge Heap Roots: 0.68ms
[1247.608s][info][gc,phases      ] GC(171)   Evacuate Collection Set: 150.99ms
[1247.608s][info][gc,phases      ] GC(171)   Post Evacuate Collection Set: 1.08ms
[1247.608s][info][gc,phases      ] GC(171)   Other: 0.07ms
[1247.608s][info][gc,heap        ] GC(171) Eden regions: 560->0(555)
[1247.608s][info][gc,heap        ] GC(171) Survivor regions: 43->42(76)
[1247.608s][info][gc,heap        ] GC(171) Old regions: 245->252
[1247.608s][info][gc,heap        ] GC(171) Humongous regions: 81->81
[1247.608s][info][gc,metaspace   ] GC(171) Metaspace: 29942K(30400K)->29942K(30400K) NonClass: 26545K(26752K)->26545K(26752K) Class: 3397K(3648K)->3397K(3648K)
[1247.608s][info][gc             ] GC(171) Pause Young (Normal) (G1 Evacuation Pause) 7394M->2966M(8192M) 153.212ms
[1247.608s][info][gc,cpu         ] GC(171) User=1.21s Sys=0.00s Real=0.15s
..............................................[1293.261s][info][gc,start       ] GC(172) Pause Young (Normal) (G1 Evacuation Pause)
[1293.261s][info][gc,task        ] GC(172) Using 8 workers of 8 for evacuation
[1293.413s][info][gc,phases      ] GC(172)   Pre Evacuate Collection Set: 0.30ms
[1293.413s][info][gc,phases      ] GC(172)   Merge Heap Roots: 0.73ms
[1293.413s][info][gc,phases      ] GC(172)   Evacuate Collection Set: 149.74ms
[1293.413s][info][gc,phases      ] GC(172)   Post Evacuate Collection Set: 1.10ms
[1293.413s][info][gc,phases      ] GC(172)   Other: 0.08ms
[1293.413s][info][gc,heap        ] GC(172) Eden regions: 555->0(548)
[1293.413s][info][gc,heap        ] GC(172) Survivor regions: 42->42(75)
[1293.413s][info][gc,heap        ] GC(172) Old regions: 252->259
[1293.413s][info][gc,heap        ] GC(172) Humongous regions: 81->81
[1293.413s][info][gc,metaspace   ] GC(172) Metaspace: 29942K(30400K)->29942K(30400K) NonClass: 26545K(26752K)->26545K(26752K) Class: 3397K(3648K)->3397K(3648K)
[1293.414s][info][gc             ] GC(172) Pause Young (Normal) (G1 Evacuation Pause) 7406M->3023M(8192M) 152.088ms
[1293.414s][info][gc,cpu         ] GC(172) User=1.20s Sys=0.00s Real=0.15s
.............. (rIR:aIR:PR = 830:830:830) (tPR = 12308) [OK] 
  1306s: Performance info:
         Transaction,    Success,    Partial,     Failed,   Receipts, AvgBarcode, 
             Overall,      49866,          0,          0,      47373,      59.49, 
         Response times:
             Request,    Success,    Partial,     Failed,   SkipFail,     Probes,    Samples,      min,      p50,      p90,      p95,      p99,      max, 
       TotalPurchase,      47373,          0,          0,          0,      45509,      49773,      300,      800,     1300,     1400,     1700,   163000,
     InStorePurchase,      24909,          0,          0,          0,      24176,      26363,      300,      800,     1200,     1300,     1700,   160000,
      OnlinePurchase,      17471,          0,          0,          0,      16688,      18202,      300,      900,     1300,     1400,     1800,   160000,
        InstPurchase,       4993,          0,          0,          0,       4645,       5208,      300,     1000,     1400,     1500,     1700,   163000,
          AssocOfCat,         51,          0,          0,          0,         50,         52,    21000,    25000,    28000,    28350,    30000,    30000,
      AssocOfProduct,        497,          0,          0,          0,        409,        515,      500,     1100,     1500,     1600,     2252,     4500,
      BusinessReport,        125,          0,          0,          0,         88,        125,    19500,    28000,    32000,    33000,    36480,    37000,
          CustBuyBeh,        500,          0,          0,          0,        400,        507,      200,      500,     1100,     1300,     1968,     9000,
       ProductReturn,       1320,          0,          0,          0,       1154,       1353,      200,      500,     1000,     1200,     1600,     8700,

  1306s: ( 7%)   IR =    969 ....|......................[1333.546s][info][gc,start       ] GC(173) Pause Young (Normal) (G1 Evacuation Pause)
[1333.547s][info][gc,task        ] GC(173) Using 8 workers of 8 for evacuation
[1333.698s][info][gc,phases      ] GC(173)   Pre Evacuate Collection Set: 0.28ms
[1333.698s][info][gc,phases      ] GC(173)   Merge Heap Roots: 0.70ms
[1333.698s][info][gc,phases      ] GC(173)   Evacuate Collection Set: 149.71ms
[1333.698s][info][gc,phases      ] GC(173)   Post Evacuate Collection Set: 1.05ms
[1333.698s][info][gc,phases      ] GC(173)   Other: 0.11ms
[1333.698s][info][gc,heap        ] GC(173) Eden regions: 548->0(543)
[1333.698s][info][gc,heap        ] GC(173) Survivor regions: 42->41(74)
[1333.698s][info][gc,heap        ] GC(173) Old regions: 259->266
[1333.698s][info][gc,heap        ] GC(173) Humongous regions: 81->81
[1333.698s][info][gc,metaspace   ] GC(173) Metaspace: 29946K(30400K)->29946K(30400K) NonClass: 26548K(26752K)->26548K(26752K) Class: 3397K(3648K)->3397K(3648K)
[1333.698s][info][gc             ] GC(173) Pause Young (Normal) (G1 Evacuation Pause) 7407M->3074M(8192M) 151.975ms
[1333.699s][info][gc,cpu         ] GC(173) User=1.20s Sys=0.00s Real=0.15s
...................................... (rIR:aIR:PR = 969:969:969) (tPR = 14440) [OK] 
  1370s: Performance info:
         Transaction,    Success,    Partial,     Failed,   Receipts, AvgBarcode, 
             Overall,      58215,          0,          0,      55300,      59.49, 
         Response times:
             Request,    Success,    Partial,     Failed,   SkipFail,     Probes,    Samples,      min,      p50,      p90,      p95,      p99,      max, 
       TotalPurchase,      55300,          0,          0,          0,      53487,      58284,      300,      900,     1400,     1500,     1800,   159000,
     InStorePurchase,      29108,          0,          0,          0,      28254,      30568,      300,      900,     1400,     1500,     1800,   156000,
      OnlinePurchase,      20368,          0,          0,          0,      19677,      21457,      300,      900,     1400,     1600,     1900,   159000,
        InstPurchase,       5824,          0,          0,          0,       5556,       6259,      400,     1000,     1500,     1600,     1800,   156000,
          AssocOfCat,         59,          0,          0,          0,         53,         61,    18600,    25000,    28000,    28900,    31000,    31000,
      AssocOfProduct,        581,          0,          0,          0,        486,        638,      600,     1300,     1700,     1800,     2000,     5900,
      BusinessReport,        144,          0,          0,          0,        106,        154,    18900,    28000,    32000,    33250,    43850,    51000,
          CustBuyBeh,        583,          0,          0,          0,        462,        582,      200,      900,     1300,     1400,     1817,     5700,
       ProductReturn,       1548,          0,          0,          0,       1334,       1528,      200,      300,     1000,     1200,     1600,     5000,

  1370s: ( 8%)   IR =   1107 .[1371.764s][info][gc,start       ] GC(174) Pause Young (Normal) (G1 Evacuation Pause)
[1371.764s][info][gc,task        ] GC(174) Using 8 workers of 8 for evacuation
[1371.914s][info][gc,phases      ] GC(174)   Pre Evacuate Collection Set: 0.29ms
[1371.914s][info][gc,phases      ] GC(174)   Merge Heap Roots: 0.65ms
[1371.914s][info][gc,phases      ] GC(174)   Evacuate Collection Set: 148.28ms
[1371.914s][info][gc,phases      ] GC(174)   Post Evacuate Collection Set: 1.03ms
[1371.914s][info][gc,phases      ] GC(174)   Other: 0.07ms
[1371.914s][info][gc,heap        ] GC(174) Eden regions: 543->0(534)
[1371.914s][info][gc,heap        ] GC(174) Survivor regions: 41->42(73)
[1371.914s][info][gc,heap        ] GC(174) Old regions: 266->273
[1371.914s][info][gc,heap        ] GC(174) Humongous regions: 81->81
[1371.914s][info][gc,metaspace   ] GC(174) Metaspace: 29947K(30400K)->29947K(30400K) NonClass: 26550K(26752K)->26550K(26752K) Class: 3397K(3648K)->3397K(3648K)
[1371.914s][info][gc             ] GC(174) Pause Young (Normal) (G1 Evacuation Pause) 7418M->3135M(8192M) 150.441ms
[1371.914s][info][gc,cpu         ] GC(174) User=1.18s Sys=0.00s Real=0.15s
...|.............................[1404.639s][info][gc,start       ] GC(175) Pause Young (Normal) (G1 Evacuation Pause)
[1404.639s][info][gc,task        ] GC(175) Using 8 workers of 8 for evacuation
[1404.790s][info][gc,phases      ] GC(175)   Pre Evacuate Collection Set: 0.25ms
[1404.790s][info][gc,phases      ] GC(175)   Merge Heap Roots: 0.70ms
[1404.790s][info][gc,phases      ] GC(175)   Evacuate Collection Set: 149.24ms
[1404.790s][info][gc,phases      ] GC(175)   Post Evacuate Collection Set: 1.06ms
[1404.790s][info][gc,phases      ] GC(175)   Other: 0.09ms
[1404.790s][info][gc,heap        ] GC(175) Eden regions: 534->0(529)
[1404.790s][info][gc,heap        ] GC(175) Survivor regions: 42->41(72)
[1404.790s][info][gc,heap        ] GC(175) Old regions: 273->280
[1404.790s][info][gc,heap        ] GC(175) Humongous regions: 81->81
[1404.790s][info][gc,metaspace   ] GC(175) Metaspace: 29947K(30400K)->29947K(30400K) NonClass: 26550K(26752K)->26550K(26752K) Class: 3397K(3648K)->3397K(3648K)
[1404.790s][info][gc             ] GC(175) Pause Young (Normal) (G1 Evacuation Pause) 7407M->3188M(8192M) 151.474ms
[1404.790s][info][gc,cpu         ] GC(175) User=1.20s Sys=0.00s Real=0.15s
............................... (rIR:aIR:PR = 1107:1106:1106) (tPR = 16336) [OK] 
  1434s: Performance info:
         Transaction,    Success,    Partial,     Failed,   Receipts, AvgBarcode, 
             Overall,      66464,          0,          0,      63140,      59.47, 
         Response times:
             Request,    Success,    Partial,     Failed,   SkipFail,     Probes,    Samples,      min,      p50,      p90,      p95,      p99,      max, 
       TotalPurchase,      63140,          0,          0,          0,      60970,      66504,      300,     1000,     1500,     1700,     2000,   161000,
     InStorePurchase,      33231,          0,          0,          0,      32178,      34950,      300,     1000,     1500,     1700,     2000,   154000,
      OnlinePurchase,      23257,          0,          0,          0,      22497,      24527,      300,     1000,     1500,     1700,     2100,   161000,
        InstPurchase,       6652,          0,          0,          0,       6295,       7027,      400,     1200,     1700,     1800,     2172,   154000,
          AssocOfCat,         66,          0,          0,          0,         64,         69,    19000,    25000,    29000,    31000,    34000,    34000,
      AssocOfProduct,        660,          0,          0,          0,        540,        702,      600,     1300,     1800,     1900,     2200,     9300,
      BusinessReport,        169,          0,          0,          0,        127,        179,    19700,    28000,    33000,    35000,    40200,    45000,
          CustBuyBeh,        662,          0,          0,          0,        545,        705,      200,      600,     1300,     1400,     1894,    11700,
       ProductReturn,       1767,          0,          0,          0,       1592,       1863,      200,      600,     1300,     1400,     2000,   153000,

  1434s: ( 9%)   IR =   1245 ..[1436.873s][info][gc,start       ] GC(176) Pause Young (Normal) (G1 Evacuation Pause)
[1436.873s][info][gc,task        ] GC(176) Using 8 workers of 8 for evacuation
[1437.023s][info][gc,phases      ] GC(176)   Pre Evacuate Collection Set: 0.30ms
[1437.023s][info][gc,phases      ] GC(176)   Merge Heap Roots: 0.66ms
[1437.023s][info][gc,phases      ] GC(176)   Evacuate Collection Set: 147.88ms
[1437.023s][info][gc,phases      ] GC(176)   Post Evacuate Collection Set: 1.06ms
[1437.023s][info][gc,phases      ] GC(176)   Other: 0.07ms
[1437.023s][info][gc,heap        ] GC(176) Eden regions: 529->0(521)
[1437.023s][info][gc,heap        ] GC(176) Survivor regions: 41->41(72)
[1437.023s][info][gc,heap        ] GC(176) Old regions: 280->288
[1437.023s][info][gc,heap        ] GC(176) Humongous regions: 81->81
[1437.023s][info][gc,metaspace   ] GC(176) Metaspace: 29951K(30400K)->29951K(30400K) NonClass: 26554K(26752K)->26554K(26752K) Class: 3397K(3648K)->3397K(3648K)
[1437.023s][info][gc             ] GC(176) Pause Young (Normal) (G1 Evacuation Pause) 7420M->3247M(8192M) 150.087ms
[1437.023s][info][gc,cpu         ] GC(176) User=1.19s Sys=0.00s Real=0.15s
.....|.......................[1465.352s][info][gc,start       ] GC(177) Pause Young (Normal) (G1 Evacuation Pause)
[1465.352s][info][gc,task        ] GC(177) Using 8 workers of 8 for evacuation
[1465.500s][info][gc,phases      ] GC(177)   Pre Evacuate Collection Set: 0.28ms
[1465.500s][info][gc,phases      ] GC(177)   Merge Heap Roots: 0.67ms
[1465.500s][info][gc,phases      ] GC(177)   Evacuate Collection Set: 145.88ms
[1465.500s][info][gc,phases      ] GC(177)   Post Evacuate Collection Set: 1.01ms
[1465.500s][info][gc,phases      ] GC(177)   Other: 0.07ms
[1465.500s][info][gc,heap        ] GC(177) Eden regions: 521->0(515)
[1465.500s][info][gc,heap        ] GC(177) Survivor regions: 41->40(71)
[1465.500s][info][gc,heap        ] GC(177) Old regions: 288->296
[1465.500s][info][gc,heap        ] GC(177) Humongous regions: 81->81
[1465.500s][info][gc,metaspace   ] GC(177) Metaspace: 29951K(30400K)->29951K(30400K) NonClass: 26554K(26752K)->26554K(26752K) Class: 3397K(3648K)->3397K(3648K)
[1465.500s][info][gc             ] GC(177) Pause Young (Normal) (G1 Evacuation Pause) 7415M->3301M(8192M) 148.022ms
[1465.500s][info][gc,cpu         ] GC(177) User=1.17s Sys=0.00s Real=0.14s
............................[1493.709s][info][gc,start       ] GC(178) Pause Young (Normal) (G1 Evacuation Pause)
[1493.709s][info][gc,task        ] GC(178) Using 8 workers of 8 for evacuation
[1493.857s][info][gc,phases      ] GC(178)   Pre Evacuate Collection Set: 0.27ms
[1493.857s][info][gc,phases      ] GC(178)   Merge Heap Roots: 0.66ms
[1493.857s][info][gc,phases      ] GC(178)   Evacuate Collection Set: 146.74ms
[1493.857s][info][gc,phases      ] GC(178)   Post Evacuate Collection Set: 0.98ms
[1493.857s][info][gc,phases      ] GC(178)   Other: 0.07ms
[1493.857s][info][gc,heap        ] GC(178) Eden regions: 515->0(506)
[1493.857s][info][gc,heap        ] GC(178) Survivor regions: 40->41(70)
[1493.857s][info][gc,heap        ] GC(178) Old regions: 296->303
[1493.857s][info][gc,heap        ] GC(178) Humongous regions: 81->81
[1493.857s][info][gc,metaspace   ] GC(178) Metaspace: 29951K(30400K)->29951K(30400K) NonClass: 26554K(26752K)->26554K(26752K) Class: 3397K(3648K)->3397K(3648K)
[1493.857s][info][gc             ] GC(178) Pause Young (Normal) (G1 Evacuation Pause) 7421M->3365M(8192M) 148.859ms
[1493.857s][info][gc,cpu         ] GC(178) User=1.18s Sys=0.00s Real=0.15s
......... (rIR:aIR:PR = 1245:1245:1245) (tPR = 18616) [OK] 
  1501s: Performance info:
         Transaction,    Success,    Partial,     Failed,   Receipts, AvgBarcode, 
             Overall,      74756,          0,          0,      71021,      59.48, 
         Response times:
             Request,    Success,    Partial,     Failed,   SkipFail,     Probes,    Samples,      min,      p50,      p90,      p95,      p99,      max, 
       TotalPurchase,      71019,          0,          0,          0,      68972,      78806,      300,     1100,     1700,     1900,     2400,   157000,
     InStorePurchase,      37358,          0,          0,          0,      36611,      41676,      300,     1000,     1700,     1800,     2300,   157000,
      OnlinePurchase,      26172,          0,          0,          0,      25248,      28861,      300,     1100,     1700,     1900,     2400,   157000,
        InstPurchase,       7489,          0,          0,          0,       7113,       8269,      400,     1300,     1800,     2000,     2500,   157000,
          AssocOfCat,         75,          0,          0,          0,         75,         83,    18600,    26000,    28600,    30000,    41000,    41000,
      AssocOfProduct,        750,          0,          0,          0,        655,        836,      600,     1500,     2000,     2200,     4638,     7100,
      BusinessReport,        186,          0,          0,          0,        145,        239,    19900,    30000,    34000,    37000,   108000,   184000,
          CustBuyBeh,        745,          0,          0,          0,        635,        834,      300,     1200,     1700,     1800,     4685,   154000,
       ProductReturn,       1981,          0,          0,          0,       1805,       2197,      200,     1000,     1600,     1800,     2300,   151000,

  1501s: (10%)   IR =   1384 ....|.............[1519.395s][info][gc,start       ] GC(179) Pause Young (Normal) (G1 Evacuation Pause)
[1519.395s][info][gc,task        ] GC(179) Using 8 workers of 8 for evacuation
[1519.544s][info][gc,phases      ] GC(179)   Pre Evacuate Collection Set: 0.25ms
[1519.544s][info][gc,phases      ] GC(179)   Merge Heap Roots: 0.76ms
[1519.544s][info][gc,phases      ] GC(179)   Evacuate Collection Set: 146.62ms
[1519.544s][info][gc,phases      ] GC(179)   Post Evacuate Collection Set: 1.03ms
[1519.544s][info][gc,phases      ] GC(179)   Other: 0.08ms
[1519.544s][info][gc,heap        ] GC(179) Eden regions: 506->0(500)
[1519.544s][info][gc,heap        ] GC(179) Survivor regions: 41->40(69)
[1519.544s][info][gc,heap        ] GC(179) Old regions: 303->311
[1519.544s][info][gc,heap        ] GC(179) Humongous regions: 81->81
[1519.544s][info][gc,metaspace   ] GC(179) Metaspace: 29951K(30400K)->29951K(30400K) NonClass: 26554K(26752K)->26554K(26752K) Class: 3397K(3648K)->3397K(3648K)
[1519.544s][info][gc             ] GC(179) Pause Young (Normal) (G1 Evacuation Pause) 7413M->3417M(8192M) 148.856ms
[1519.544s][info][gc,cpu         ] GC(179) User=1.18s Sys=0.00s Real=0.15s
.........................[1544.119s][info][gc,start       ] GC(180) Pause Young (Normal) (G1 Evacuation Pause)
[1544.119s][info][gc,task        ] GC(180) Using 8 workers of 8 for evacuation
[1544.266s][info][gc,phases      ] GC(180)   Pre Evacuate Collection Set: 0.27ms
[1544.266s][info][gc,phases      ] GC(180)   Merge Heap Roots: 0.58ms
[1544.266s][info][gc,phases      ] GC(180)   Evacuate Collection Set: 144.99ms
[1544.266s][info][gc,phases      ] GC(180)   Post Evacuate Collection Set: 0.99ms
[1544.266s][info][gc,phases      ] GC(180)   Other: 0.07ms
[1544.266s][info][gc,heap        ] GC(180) Eden regions: 500->0(493)
[1544.266s][info][gc,heap        ] GC(180) Survivor regions: 40->40(68)
[1544.266s][info][gc,heap        ] GC(180) Old regions: 311->318
[1544.266s][info][gc,heap        ] GC(180) Humongous regions: 81->81
[1544.266s][info][gc,metaspace   ] GC(180) Metaspace: 29951K(30400K)->29951K(30400K) NonClass: 26554K(26752K)->26554K(26752K) Class: 3397K(3648K)->3397K(3648K)
[1544.266s][info][gc             ] GC(180) Pause Young (Normal) (G1 Evacuation Pause) 7417M->3484M(8192M) 147.046ms
[1544.266s][info][gc,cpu         ] GC(180) User=1.17s Sys=0.00s Real=0.15s
...................... (rIR:aIR:PR = 1384:1384:1384) (tPR = 20522) [OK] 
  1565s: Performance info:
         Transaction,    Success,    Partial,     Failed,   Receipts, AvgBarcode, 
             Overall,      83106,          0,          0,      78964,      59.46, 
         Response times:
             Request,    Success,    Partial,     Failed,   SkipFail,     Probes,    Samples,      min,      p50,      p90,      p95,      p99,      max, 
       TotalPurchase,      78964,          0,          0,          0,      76411,      82786,      300,     1200,     1800,     2000,     2500,   157000,
     InStorePurchase,      41550,          0,          0,          0,      40296,      43377,      400,     1100,     1800,     2000,     2500,   152000,
      OnlinePurchase,      29112,          0,          0,          0,      28219,      30659,      300,     1100,     1800,     2000,     2500,   157000,
        InstPurchase,       8302,          0,          0,          0,       7896,       8750,      400,     1300,     1900,     2100,     2800,   154000,
          AssocOfCat,         85,          0,          0,          0,         84,         88,    18800,    26000,    28000,    30000,    37000,    37000,
      AssocOfProduct,        832,          0,          0,          0,        717,        886,      500,     1300,     1900,     2100,     2526,    10200,
      BusinessReport,        205,          0,          0,          0,        142,        207,    23000,    30000,    35000,    38600,    47760,    55000,
          CustBuyBeh,        831,          0,          0,          0,        708,        872,      300,     1000,     1600,     1800,     2743,   152000,
       ProductReturn,       2189,          0,          0,          0,       1996,       2320,      200,      700,     1500,     1700,     2279,     9200,

  1565s: (11%)   IR =   1522 ..[1568.137s][info][gc,start       ] GC(181) Pause Young (Normal) (G1 Evacuation Pause)
[1568.137s][info][gc,task        ] GC(181) Using 8 workers of 8 for evacuation
[1568.285s][info][gc,phases      ] GC(181)   Pre Evacuate Collection Set: 0.28ms
[1568.285s][info][gc,phases      ] GC(181)   Merge Heap Roots: 0.62ms
[1568.285s][info][gc,phases      ] GC(181)   Evacuate Collection Set: 145.90ms
[1568.285s][info][gc,phases      ] GC(181)   Post Evacuate Collection Set: 0.99ms
[1568.285s][info][gc,phases      ] GC(181)   Other: 0.08ms
[1568.285s][info][gc,heap        ] GC(181) Eden regions: 493->0(485)
[1568.285s][info][gc,heap        ] GC(181) Survivor regions: 40->40(67)
[1568.285s][info][gc,heap        ] GC(181) Old regions: 318->326
[1568.285s][info][gc,heap        ] GC(181) Humongous regions: 81->81
[1568.285s][info][gc,metaspace   ] GC(181) Metaspace: 29952K(30400K)->29952K(30400K) NonClass: 26555K(26752K)->26555K(26752K) Class: 3397K(3648K)->3397K(3648K)
[1568.285s][info][gc             ] GC(181) Pause Young (Normal) (G1 Evacuation Pause) 7428M->3540M(8192M) 147.987ms
[1568.285s][info][gc,cpu         ] GC(181) User=1.17s Sys=0.00s Real=0.15s
.....|................[1589.789s][info][gc,start       ] GC(182) Pause Young (Normal) (G1 Evacuation Pause)
[1589.789s][info][gc,task        ] GC(182) Using 8 workers of 8 for evacuation
[1589.937s][info][gc,phases      ] GC(182)   Pre Evacuate Collection Set: 0.24ms
[1589.937s][info][gc,phases      ] GC(182)   Merge Heap Roots: 0.65ms
[1589.937s][info][gc,phases      ] GC(182)   Evacuate Collection Set: 145.94ms
[1589.937s][info][gc,phases      ] GC(182)   Post Evacuate Collection Set: 0.97ms
[1589.937s][info][gc,phases      ] GC(182)   Other: 0.06ms
[1589.937s][info][gc,heap        ] GC(182) Eden regions: 485->0(477)
[1589.937s][info][gc,heap        ] GC(182) Survivor regions: 40->40(66)
[1589.937s][info][gc,heap        ] GC(182) Old regions: 326->334
[1589.937s][info][gc,heap        ] GC(182) Humongous regions: 81->81
[1589.937s][info][gc,metaspace   ] GC(182) Metaspace: 29952K(30400K)->29952K(30400K) NonClass: 26555K(26752K)->26555K(26752K) Class: 3397K(3648K)->3397K(3648K)
[1589.937s][info][gc             ] GC(182) Pause Young (Normal) (G1 Evacuation Pause) 7420M->3601M(8192M) 147.993ms
[1589.937s][info][gc,cpu         ] GC(182) User=1.17s Sys=0.00s Real=0.15s
......................[1611.209s][info][gc,start       ] GC(183) Pause Young (Normal) (G1 Evacuation Pause)
[1611.209s][info][gc,task        ] GC(183) Using 8 workers of 8 for evacuation
[1611.356s][info][gc,phases      ] GC(183)   Pre Evacuate Collection Set: 0.28ms
[1611.356s][info][gc,phases      ] GC(183)   Merge Heap Roots: 0.77ms
[1611.356s][info][gc,phases      ] GC(183)   Evacuate Collection Set: 144.96ms
[1611.356s][info][gc,phases      ] GC(183)   Post Evacuate Collection Set: 0.94ms
[1611.356s][info][gc,phases      ] GC(183)   Other: 0.07ms
[1611.356s][info][gc,heap        ] GC(183) Eden regions: 477->0(472)
[1611.356s][info][gc,heap        ] GC(183) Survivor regions: 40->39(65)
[1611.356s][info][gc,heap        ] GC(183) Old regions: 334->341
[1611.356s][info][gc,heap        ] GC(183) Humongous regions: 81->81
[1611.356s][info][gc,metaspace   ] GC(183) Metaspace: 29952K(30400K)->29952K(30400K) NonClass: 26555K(26752K)->26555K(26752K) Class: 3397K(3648K)->3397K(3648K)
[1611.356s][info][gc             ] GC(183) Pause Young (Normal) (G1 Evacuation Pause) 7417M->3658M(8192M) 147.137ms
[1611.356s][info][gc,cpu         ] GC(183) User=1.16s Sys=0.00s Real=0.15s
.....................[1632.238s][info][gc,start       ] GC(184) Pause Young (Normal) (G1 Evacuation Pause)
[1632.238s][info][gc,task        ] GC(184) Using 8 workers of 8 for evacuation
[1632.382s][info][gc,phases      ] GC(184)   Pre Evacuate Collection Set: 0.23ms
[1632.382s][info][gc,phases      ] GC(184)   Merge Heap Roots: 0.65ms
[1632.382s][info][gc,phases      ] GC(184)   Evacuate Collection Set: 141.44ms
[1632.382s][info][gc,phases      ] GC(184)   Post Evacuate Collection Set: 0.94ms
[1632.382s][info][gc,phases      ] GC(184)   Other: 0.07ms
[1632.382s][info][gc,heap        ] GC(184) Eden regions: 472->0(464)
[1632.382s][info][gc,heap        ] GC(184) Survivor regions: 39->39(64)
[1632.382s][info][gc,heap        ] GC(184) Old regions: 341->349
[1632.382s][info][gc,heap        ] GC(184) Humongous regions: 81->81
[1632.382s][info][gc,metaspace   ] GC(184) Metaspace: 29952K(30400K)->29952K(30400K) NonClass: 26555K(26752K)->26555K(26752K) Class: 3397K(3648K)->3397K(3648K)
[1632.382s][info][gc             ] GC(184) Pause Young (Normal) (G1 Evacuation Pause) 7434M->3716M(8192M) 143.454ms
[1632.382s][info][gc,cpu         ] GC(184) User=1.14s Sys=0.00s Real=0.15s
. (rIR:aIR:PR = 1522:1522:1522) (tPR = 22693) [OK] 
  1632s: Performance info:
         Transaction,    Success,    Partial,     Failed,   Receipts, AvgBarcode, 
             Overall,      91414,          0,          0,      86843,      59.48, 
         Response times:
             Request,    Success,    Partial,     Failed,   SkipFail,     Probes,    Samples,      min,      p50,      p90,      p95,      p99,      max, 
       TotalPurchase,      86843,          0,          0,          0,      84170,      95383,      300,     1200,     2000,     2200,     3100,   158000,
     InStorePurchase,      45680,          0,          0,          0,      44438,      50173,      300,     1300,     2000,     2200,     3200,   151000,
      OnlinePurchase,      32005,          0,          0,          0,      31000,      35076,      400,     1200,     2000,     2200,     3200,   158000,
        InstPurchase,       9158,          0,          0,          0,       8732,      10134,      400,     1200,     1900,     2100,     2700,   158000,
          AssocOfCat,         90,          0,          0,          0,         89,        101,    18100,    25000,    29800,    31900,   179120,   182000,
      AssocOfProduct,        910,          0,          0,          0,        792,       1020,      900,     1900,     2400,     2600,    12085,   151000,
      BusinessReport,        232,          0,          0,          0,        175,        275,    21000,    30000,    34000,    37000,    81120,   196000,
          CustBuyBeh,        912,          0,          0,          0,        798,       1015,      300,     1300,     1900,     2100,     2784,    11600,
       ProductReturn,       2427,          0,          0,          0,       2303,       2790,      200,     1300,     1900,     2100,     5298,    14800,

  1632s: (12%)   IR =   1660 ......|............[1651.296s][info][gc,start       ] GC(185) Pause Young (Normal) (G1 Evacuation Pause)
[1651.296s][info][gc,task        ] GC(185) Using 8 workers of 8 for evacuation
[1651.438s][info][gc,phases      ] GC(185)   Pre Evacuate Collection Set: 0.26ms
[1651.438s][info][gc,phases      ] GC(185)   Merge Heap Roots: 0.57ms
[1651.438s][info][gc,phases      ] GC(185)   Evacuate Collection Set: 140.29ms
[1651.438s][info][gc,phases      ] GC(185)   Post Evacuate Collection Set: 0.96ms
[1651.438s][info][gc,phases      ] GC(185)   Other: 0.06ms
[1651.438s][info][gc,heap        ] GC(185) Eden regions: 464->0(456)
[1651.438s][info][gc,heap        ] GC(185) Survivor regions: 39->39(63)
[1651.438s][info][gc,heap        ] GC(185) Old regions: 349->357
[1651.438s][info][gc,heap        ] GC(185) Humongous regions: 81->81
[1651.438s][info][gc,metaspace   ] GC(185) Metaspace: 29956K(30400K)->29956K(30400K) NonClass: 26559K(26752K)->26559K(26752K) Class: 3397K(3648K)->3397K(3648K)
[1651.438s][info][gc             ] GC(185) Pause Young (Normal) (G1 Evacuation Pause) 7428M->3781M(8192M) 142.262ms
[1651.438s][info][gc,cpu         ] GC(185) User=1.13s Sys=0.00s Real=0.14s
..................[1669.889s][info][gc,start       ] GC(186) Pause Young (Normal) (G1 Evacuation Pause)
[1669.889s][info][gc,task        ] GC(186) Using 8 workers of 8 for evacuation
[1670.033s][info][gc,phases      ] GC(186)   Pre Evacuate Collection Set: 0.22ms
[1670.033s][info][gc,phases      ] GC(186)   Merge Heap Roots: 0.59ms
[1670.033s][info][gc,phases      ] GC(186)   Evacuate Collection Set: 141.86ms
[1670.033s][info][gc,phases      ] GC(186)   Post Evacuate Collection Set: 0.91ms
[1670.033s][info][gc,phases      ] GC(186)   Other: 0.07ms
[1670.033s][info][gc,heap        ] GC(186) Eden regions: 456->0(449)
[1670.033s][info][gc,heap        ] GC(186) Survivor regions: 39->39(62)
[1670.033s][info][gc,heap        ] GC(186) Old regions: 357->364
[1670.033s][info][gc,heap        ] GC(186) Humongous regions: 81->81
[1670.033s][info][gc,metaspace   ] GC(186) Metaspace: 29956K(30400K)->29956K(30400K) NonClass: 26559K(26752K)->26559K(26752K) Class: 3397K(3648K)->3397K(3648K)
[1670.033s][info][gc             ] GC(186) Pause Young (Normal) (G1 Evacuation Pause) 7429M->3840M(8192M) 143.775ms
[1670.033s][info][gc,cpu         ] GC(186) User=1.14s Sys=0.00s Real=0.15s
...................[1688.305s][info][gc,start       ] GC(187) Pause Young (Normal) (G1 Evacuation Pause)
[1688.305s][info][gc,task        ] GC(187) Using 8 workers of 8 for evacuation
[1688.445s][info][gc,phases      ] GC(187)   Pre Evacuate Collection Set: 0.24ms
[1688.446s][info][gc,phases      ] GC(187)   Merge Heap Roots: 0.65ms
[1688.446s][info][gc,phases      ] GC(187)   Evacuate Collection Set: 138.99ms
[1688.446s][info][gc,phases      ] GC(187)   Post Evacuate Collection Set: 0.90ms
[1688.446s][info][gc,phases      ] GC(187)   Other: 0.06ms
[1688.446s][info][gc,heap        ] GC(187) Eden regions: 449->0(440)
[1688.446s][info][gc,heap        ] GC(187) Survivor regions: 39->39(61)
[1688.446s][info][gc,heap        ] GC(187) Old regions: 364->373
[1688.446s][info][gc,heap        ] GC(187) Humongous regions: 81->81
[1688.446s][info][gc,metaspace   ] GC(187) Metaspace: 29956K(30400K)->29956K(30400K) NonClass: 26559K(26752K)->26559K(26752K) Class: 3397K(3648K)->3397K(3648K)
[1688.446s][info][gc             ] GC(187) Pause Young (Normal) (G1 Evacuation Pause) 7432M->3905M(8192M) 140.985ms
[1688.446s][info][gc,cpu         ] GC(187) User=1.11s Sys=0.00s Real=0.14s
........... (rIR:aIR:PR = 1660:1660:1660) (tPR = 24692) [OK] 
  1698s: Performance info:
         Transaction,    Success,    Partial,     Failed,   Receipts, AvgBarcode, 
             Overall,      99736,          0,          0,      94755,      59.48, 
         Response times:
             Request,    Success,    Partial,     Failed,   SkipFail,     Probes,    Samples,      min,      p50,      p90,      p95,      p99,      max, 
       TotalPurchase,      94755,          0,          0,          0,      92210,     103039,      300,     1300,     2100,     2300,     3000,   150000,
     InStorePurchase,      49865,          0,          0,          0,      48652,      54096,      300,     1300,     2100,     2300,     3000,   150000,
      OnlinePurchase,      34918,          0,          0,          0,      34048,      38042,      400,     1400,     2100,     2300,     3000,   148000,
        InstPurchase,       9972,          0,          0,          0,       9510,      10901,      500,     1100,     2100,     2300,     2900,   149000,
          AssocOfCat,        100,          0,          0,          0,         97,        108,    19200,    26000,    32000,    34550,   162660,   174000,
      AssocOfProduct,        995,          0,          0,          0,        883,       1104,      500,     1900,     2500,     2700,     8040,   147000,
      BusinessReport,        251,          0,          0,          0,        193,        267,    19900,    30000,    35200,    39000,    48320,    54000,
          CustBuyBeh,        995,          0,          0,          0,        868,       1088,      300,     1500,     2100,     2300,     6587,   148000,
       ProductReturn,       2639,          0,          0,          0,       2418,       2849,      200,     1200,     2000,     2200,     2800,    12400,

  1698s: (13%)   IR =   1799 ......|[1705.794s][info][gc,start       ] GC(188) Pause Young (Normal) (G1 Evacuation Pause)
[1705.794s][info][gc,task        ] GC(188) Using 8 workers of 8 for evacuation
[1705.934s][info][gc,phases      ] GC(188)   Pre Evacuate Collection Set: 0.25ms
[1705.934s][info][gc,phases      ] GC(188)   Merge Heap Roots: 0.66ms
[1705.934s][info][gc,phases      ] GC(188)   Evacuate Collection Set: 137.44ms
[1705.934s][info][gc,phases      ] GC(188)   Post Evacuate Collection Set: 0.93ms
[1705.934s][info][gc,phases      ] GC(188)   Other: 0.07ms
[1705.934s][info][gc,heap        ] GC(188) Eden regions: 440->0(436)
[1705.934s][info][gc,heap        ] GC(188) Survivor regions: 39->37(60)
[1705.934s][info][gc,heap        ] GC(188) Old regions: 373->381
[1705.934s][info][gc,heap        ] GC(188) Humongous regions: 81->81
[1705.934s][info][gc,metaspace   ] GC(188) Metaspace: 29959K(30464K)->29959K(30464K) NonClass: 26562K(26816K)->26562K(26816K) Class: 3397K(3648K)->3397K(3648K)
[1705.934s][info][gc             ] GC(188) Pause Young (Normal) (G1 Evacuation Pause) 7425M->3957M(8192M) 139.485ms
[1705.934s][info][gc,cpu         ] GC(188) User=1.10s Sys=0.00s Real=0.14s
.................[1722.258s][info][gc,start       ] GC(189) Pause Young (Concurrent Start) (G1 Evacuation Pause)
[1722.258s][info][gc,task        ] GC(189) Using 8 workers of 8 for evacuation
[1722.401s][info][gc,phases      ] GC(189)   Pre Evacuate Collection Set: 0.29ms
[1722.401s][info][gc,phases      ] GC(189)   Merge Heap Roots: 0.57ms
[1722.401s][info][gc,phases      ] GC(189)   Evacuate Collection Set: 140.37ms
[1722.401s][info][gc,phases      ] GC(189)   Post Evacuate Collection Set: 0.87ms
[1722.401s][info][gc,phases      ] GC(189)   Other: 0.09ms
[1722.401s][info][gc,heap        ] GC(189) Eden regions: 436->0(424)
[1722.401s][info][gc,heap        ] GC(189) Survivor regions: 37->39(60)
[1722.401s][info][gc,heap        ] GC(189) Old regions: 381->389
[1722.401s][info][gc,heap        ] GC(189) Humongous regions: 81->81
[1722.401s][info][gc,metaspace   ] GC(189) Metaspace: 29959K(30464K)->29959K(30464K) NonClass: 26562K(26816K)->26562K(26816K) Class: 3397K(3648K)->3397K(3648K)
[1722.401s][info][gc             ] GC(189) Pause Young (Concurrent Start) (G1 Evacuation Pause) 7445M->4034M(8192M) 142.319ms
[1722.401s][info][gc             ] GC(190) Concurrent Mark Cycle
[1722.401s][info][gc,marking     ] GC(190) Concurrent Scan Root Regions
[1722.401s][info][gc,cpu         ] GC(189) User=1.13s Sys=0.00s Real=0.14s
[1722.563s][info][gc,marking     ] GC(190) Concurrent Scan Root Regions 161.868ms
[1722.563s][info][gc,marking     ] GC(190) Concurrent Mark
[1722.563s][info][gc,marking     ] GC(190) Concurrent Mark From Roots
[1722.563s][info][gc,task        ] GC(190) Using 2 workers of 2 for marking
[1723.055s][info][gc,marking     ] GC(190) Concurrent Mark From Roots 492.773ms
[1723.055s][info][gc,marking     ] GC(190) Concurrent Preclean
[1723.055s][info][gc,marking     ] GC(190) Concurrent Preclean 0.100ms
[1723.056s][info][gc,start       ] GC(190) Pause Remark
[1723.057s][info][gc             ] GC(190) Pause Remark 4216M->3184M(8192M) 1.716ms
[1723.057s][info][gc,cpu         ] GC(190) User=0.01s Sys=0.01s Real=0.00s
[1723.057s][info][gc,marking     ] GC(190) Concurrent Mark 494.820ms
[1723.057s][info][gc,marking     ] GC(190) Concurrent Rebuild Remembered Sets and Scrub Regions
.[1723.384s][info][gc,marking     ] GC(190) Concurrent Rebuild Remembered Sets and Scrub Regions 326.896ms
[1723.384s][info][gc,start       ] GC(190) Pause Cleanup
[1723.385s][info][gc             ] GC(190) Pause Cleanup 3248M->3248M(8192M) 0.279ms
[1723.385s][info][gc,cpu         ] GC(190) User=0.00s Sys=0.00s Real=0.00s
[1723.385s][info][gc,marking     ] GC(190) Concurrent Clear Claimed Marks
[1723.385s][info][gc,marking     ] GC(190) Concurrent Clear Claimed Marks 0.053ms
[1723.385s][info][gc,marking     ] GC(190) Concurrent Cleanup for Next Mark
[1723.393s][info][gc,marking     ] GC(190) Concurrent Cleanup for Next Mark 7.807ms
[1723.393s][info][gc             ] GC(190) Concurrent Mark Cycle 992.101ms
...............[1738.324s][info][gc,start       ] GC(191) Pause Young (Prepare Mixed) (G1 Evacuation Pause)
[1738.324s][info][gc,task        ] GC(191) Using 8 workers of 8 for evacuation
[1738.463s][info][gc,phases      ] GC(191)   Pre Evacuate Collection Set: 0.24ms
[1738.463s][info][gc,phases      ] GC(191)   Merge Heap Roots: 0.68ms
[1738.463s][info][gc,phases      ] GC(191)   Evacuate Collection Set: 136.60ms
[1738.463s][info][gc,phases      ] GC(191)   Post Evacuate Collection Set: 1.06ms
[1738.463s][info][gc,phases      ] GC(191)   Other: 0.07ms
[1738.463s][info][gc,heap        ] GC(191) Eden regions: 424->0(549)
[1738.463s][info][gc,heap        ] GC(191) Survivor regions: 39->37(58)
[1738.463s][info][gc,heap        ] GC(191) Old regions: 308->316
[1738.463s][info][gc,heap        ] GC(191) Humongous regions: 33->33
[1738.463s][info][gc,metaspace   ] GC(191) Metaspace: 29959K(30464K)->29959K(30464K) NonClass: 26562K(26816K)->26562K(26816K) Class: 3397K(3648K)->3397K(3648K)
[1738.463s][info][gc             ] GC(191) Pause Young (Prepare Mixed) (G1 Evacuation Pause) 6394M->3052M(8192M) 138.766ms
[1738.463s][info][gc,cpu         ] GC(191) User=1.10s Sys=0.01s Real=0.14s
.....................[1759.202s][info][gc,start       ] GC(192) Pause Young (Mixed) (G1 Evacuation Pause)
[1759.202s][info][gc,task        ] GC(192) Using 8 workers of 8 for evacuation
[1759.355s][info][gc,phases      ] GC(192)   Pre Evacuate Collection Set: 0.30ms
[1759.355s][info][gc,phases      ] GC(192)   Merge Heap Roots: 0.85ms
[1759.355s][info][gc,phases      ] GC(192)   Evacuate Collection Set: 149.63ms
[1759.355s][info][gc,phases      ] GC(192)   Post Evacuate Collection Set: 1.60ms
[1759.355s][info][gc,phases      ] GC(192)   Other: 0.08ms
[1759.355s][info][gc,heap        ] GC(192) Eden regions: 549->0(568)
[1759.355s][info][gc,heap        ] GC(192) Survivor regions: 37->46(74)
[1759.355s][info][gc,heap        ] GC(192) Old regions: 316->214
[1759.355s][info][gc,heap        ] GC(192) Humongous regions: 33->33
[1759.355s][info][gc,metaspace   ] GC(192) Metaspace: 29959K(30464K)->29959K(30464K) NonClass: 26562K(26816K)->26562K(26816K) Class: 3397K(3648K)->3397K(3648K)
[1759.355s][info][gc             ] GC(192) Pause Young (Mixed) (G1 Evacuation Pause) 7444M->2327M(8192M) 152.633ms
[1759.355s][info][gc,cpu         ] GC(192) User=1.21s Sys=0.00s Real=0.15s
...... (rIR:aIR:PR = 1799:1799:1799) (tPR = 26592) [OK] 
  1764s: Performance info:
         Transaction,    Success,    Partial,     Failed,   Receipts, AvgBarcode, 
             Overall,     107984,          0,          0,     102580,      59.47, 
         Response times:
             Request,    Success,    Partial,     Failed,   SkipFail,     Probes,    Samples,      min,      p50,      p90,      p95,      p99,      max, 
       TotalPurchase,     102580,          0,          0,          0,      99859,     111473,      300,     1400,     2300,     2500,     3600,   161000,
     InStorePurchase,      53985,          0,          0,          0,      52828,      58796,      300,     1400,     2300,     2500,     3500,   161000,
      OnlinePurchase,      37779,          0,          0,          0,      36658,      40916,      300,     1400,     2300,     2600,     3600,   161000,
        InstPurchase,      10816,          0,          0,          0,      10373,      11761,      400,     1500,     2400,     2600,     3800,   156000,
          AssocOfCat,        108,          0,          0,          0,        101,        117,    18800,    27000,    32000,    35000,    44460,    45000,
      AssocOfProduct,       1078,          0,          0,          0,        921,       1142,      600,     1800,     2600,     2800,     3757,   147000,
      BusinessReport,        269,          0,          0,          0,        191,        245,    21000,    31000,    37000,    47000,   152000,   183000,
          CustBuyBeh,       1080,          0,          0,          0,        953,       1185,      300,     1300,     2100,     2300,     5514,    25000,
       ProductReturn,       2869,          0,          0,          0,       2631,       3115,      200,     1600,     2400,     2600,     3700,   158000,

  1764s: (14%)   IR =   1937 ....|..........[1779.534s][info][gc,start       ] GC(193) Pause Young (Mixed) (G1 Evacuation Pause)
[1779.534s][info][gc,task        ] GC(193) Using 8 workers of 8 for evacuation
[1779.697s][info][gc,phases      ] GC(193)   Pre Evacuate Collection Set: 0.26ms
[1779.697s][info][gc,phases      ] GC(193)   Merge Heap Roots: 0.83ms
[1779.697s][info][gc,phases      ] GC(193)   Evacuate Collection Set: 159.52ms
[1779.697s][info][gc,phases      ] GC(193)   Merge Optional Heap Roots: 0.07ms
[1779.697s][info][gc,phases      ] GC(193)   Evacuate Optional Collection Set: 0.86ms
[1779.697s][info][gc,phases      ] GC(193)   Post Evacuate Collection Set: 1.36ms
[1779.697s][info][gc,phases      ] GC(193)   Other: 0.08ms
[1779.697s][info][gc,heap        ] GC(193) Eden regions: 568->0(554)
[1779.697s][info][gc,heap        ] GC(193) Survivor regions: 46->48(77)
[1779.697s][info][gc,heap        ] GC(193) Old regions: 214->187
[1779.697s][info][gc,heap        ] GC(193) Humongous regions: 33->33
[1779.697s][info][gc,metaspace   ] GC(193) Metaspace: 29959K(30464K)->29959K(30464K) NonClass: 26562K(26816K)->26562K(26816K) Class: 3397K(3648K)->3397K(3648K)
[1779.697s][info][gc             ] GC(193) Pause Young (Mixed) (G1 Evacuation Pause) 6871M->2127M(8192M) 163.107ms
[1779.697s][info][gc,cpu         ] GC(193) User=1.29s Sys=0.00s Real=0.16s
...................[1798.953s][info][gc,start       ] GC(194) Pause Young (Mixed) (G1 Evacuation Pause)
[1798.953s][info][gc,task        ] GC(194) Using 8 workers of 8 for evacuation
[1799.123s][info][gc,phases      ] GC(194)   Pre Evacuate Collection Set: 0.28ms
[1799.123s][info][gc,phases      ] GC(194)   Merge Heap Roots: 0.96ms
[1799.123s][info][gc,phases      ] GC(194)   Evacuate Collection Set: 167.62ms
[1799.123s][info][gc,phases      ] GC(194)   Post Evacuate Collection Set: 1.27ms
[1799.123s][info][gc,phases      ] GC(194)   Other: 0.09ms
[1799.123s][info][gc,heap        ] GC(194) Eden regions: 557->0(571)
[1799.123s][info][gc,heap        ] GC(194) Survivor regions: 48->43(76)
[1799.123s][info][gc,heap        ] GC(194) Old regions: 187->175
[1799.123s][info][gc,heap        ] GC(194) Humongous regions: 33->33
[1799.123s][info][gc,metaspace   ] GC(194) Metaspace: 29959K(30464K)->29959K(30464K) NonClass: 26562K(26816K)->26562K(26816K) Class: 3397K(3648K)->3397K(3648K)
[1799.123s][info][gc             ] GC(194) Pause Young (Mixed) (G1 Evacuation Pause) 6583M->1985M(8192M) 170.368ms
[1799.123s][info][gc,cpu         ] GC(194) User=1.35s Sys=0.00s Real=0.17s
....................[1819.081s][info][gc,start       ] GC(195) Pause Young (Mixed) (G1 Evacuation Pause)
[1819.081s][info][gc,task        ] GC(195) Using 8 workers of 8 for evacuation
[1819.243s][info][gc,phases      ] GC(195)   Pre Evacuate Collection Set: 0.29ms
[1819.243s][info][gc,phases      ] GC(195)   Merge Heap Roots: 0.99ms
[1819.243s][info][gc,phases      ] GC(195)   Evacuate Collection Set: 157.90ms
[1819.243s][info][gc,phases      ] GC(195)   Merge Optional Heap Roots: 0.08ms
[1819.243s][info][gc,phases      ] GC(195)   Evacuate Optional Collection Set: 1.84ms
[1819.243s][info][gc,phases      ] GC(195)   Post Evacuate Collection Set: 1.23ms
[1819.243s][info][gc,phases      ] GC(195)   Other: 0.08ms
[1819.243s][info][gc,heap        ] GC(195) Eden regions: 571->0(571)
[1819.243s][info][gc,heap        ] GC(195) Survivor regions: 43->43(77)
[1819.243s][info][gc,heap        ] GC(195) Old regions: 175->153
[1819.243s][info][gc,heap        ] GC(195) Humongous regions: 33->33
[1819.243s][info][gc,metaspace   ] GC(195) Metaspace: 29959K(30464K)->29959K(30464K) NonClass: 26562K(26816K)->26562K(26816K) Class: 3397K(3648K)->3397K(3648K)
[1819.243s][info][gc             ] GC(195) Pause Young (Mixed) (G1 Evacuation Pause) 6553M->1813M(8192M) 162.541ms
[1819.243s][info][gc,cpu         ] GC(195) User=1.29s Sys=0.00s Real=0.17s
........... (rIR:aIR:PR = 1937:1938:1938) (tPR = 28998) [OK] 
  1829s: Performance info:
         Transaction,    Success,    Partial,     Failed,   Receipts, AvgBarcode, 
             Overall,     116522,          0,          0,     110706,      59.48, 
         Response times:
             Request,    Success,    Partial,     Failed,   SkipFail,     Probes,    Samples,      min,      p50,      p90,      p95,      p99,      max, 
       TotalPurchase,     110706,          0,          0,          0,     107392,     116245,      300,     1500,     2400,     2600,     3500,   174000,
     InStorePurchase,      58264,          0,          0,          0,      56623,      61035,      400,     1500,     2300,     2600,     3600,   174000,
      OnlinePurchase,      40797,          0,          0,          0,      39622,      42866,      300,     1500,     2400,     2600,     3400,   174000,
        InstPurchase,      11645,          0,          0,          0,      11147,      12344,      500,     1600,     2400,     2700,     3755,   173000,
          AssocOfCat,        117,          0,          0,          0,        112,        125,    18800,    27000,    34000,    36000,    38000,    38000,
      AssocOfProduct,       1165,          0,          0,          0,       1037,       1245,      600,     2000,     2700,     2900,     4300,   173000,
      BusinessReport,        292,          0,          0,          0,        227,        302,    21000,    30000,    36000,    41850,    47000,   211000,
          CustBuyBeh,       1160,          0,          0,          0,       1023,       1234,      200,     1000,     2000,     2300,     3000,   166000,
       ProductReturn,       3082,          0,          0,          0,       2865,       3259,      200,     1200,     2100,     2400,     3100,   166000,

  1829s: (15%)   IR =   2076 ......|...[1838.558s][info][gc,start       ] GC(196) Pause Young (Mixed) (G1 Evacuation Pause)
[1838.558s][info][gc,task        ] GC(196) Using 8 workers of 8 for evacuation
[1838.713s][info][gc,phases      ] GC(196)   Pre Evacuate Collection Set: 0.30ms
[1838.714s][info][gc,phases      ] GC(196)   Merge Heap Roots: 0.79ms
[1838.714s][info][gc,phases      ] GC(196)   Evacuate Collection Set: 153.52ms
[1838.714s][info][gc,phases      ] GC(196)   Post Evacuate Collection Set: 1.05ms
[1838.714s][info][gc,phases      ] GC(196)   Other: 0.07ms
[1838.714s][info][gc,heap        ] GC(196) Eden regions: 571->0(572)
[1838.714s][info][gc,heap        ] GC(196) Survivor regions: 43->42(77)
[1838.714s][info][gc,heap        ] GC(196) Old regions: 153->158
[1838.714s][info][gc,heap        ] GC(196) Humongous regions: 33->33
[1838.714s][info][gc,metaspace   ] GC(196) Metaspace: 29963K(30528K)->29963K(30528K) NonClass: 26566K(26880K)->26566K(26880K) Class: 3397K(3648K)->3397K(3648K)
[1838.714s][info][gc             ] GC(196) Pause Young (Mixed) (G1 Evacuation Pause) 6381M->1849M(8192M) 155.852ms
[1838.714s][info][gc,cpu         ] GC(196) User=1.23s Sys=0.00s Real=0.16s
..................[1857.227s][info][gc,start       ] GC(197) Pause Young (Normal) (G1 Evacuation Pause)
[1857.227s][info][gc,task        ] GC(197) Using 8 workers of 8 for evacuation
[1857.379s][info][gc,phases      ] GC(197)   Pre Evacuate Collection Set: 0.26ms
[1857.379s][info][gc,phases      ] GC(197)   Merge Heap Roots: 0.69ms
[1857.379s][info][gc,phases      ] GC(197)   Evacuate Collection Set: 149.65ms
[1857.379s][info][gc,phases      ] GC(197)   Post Evacuate Collection Set: 1.04ms
[1857.379s][info][gc,phases      ] GC(197)   Other: 0.07ms
[1857.379s][info][gc,heap        ] GC(197) Eden regions: 572->0(571)
[1857.379s][info][gc,heap        ] GC(197) Survivor regions: 42->43(77)
[1857.379s][info][gc,heap        ] GC(197) Old regions: 158->165
[1857.379s][info][gc,heap        ] GC(197) Humongous regions: 33->33
[1857.379s][info][gc,metaspace   ] GC(197) Metaspace: 29966K(30528K)->29966K(30528K) NonClass: 26569K(26880K)->26569K(26880K) Class: 3397K(3648K)->3397K(3648K)
[1857.379s][info][gc             ] GC(197) Pause Young (Normal) (G1 Evacuation Pause) 6425M->1910M(8192M) 151.843ms
[1857.379s][info][gc,cpu         ] GC(197) User=1.21s Sys=0.00s Real=0.15s
...................[1875.933s][info][gc,start       ] GC(198) Pause Young (Normal) (G1 Evacuation Pause)
[1875.933s][info][gc,task        ] GC(198) Using 8 workers of 8 for evacuation
[1876.084s][info][gc,phases      ] GC(198)   Pre Evacuate Collection Set: 0.27ms
[1876.084s][info][gc,phases      ] GC(198)   Merge Heap Roots: 0.69ms
[1876.084s][info][gc,phases      ] GC(198)   Evacuate Collection Set: 148.62ms
[1876.084s][info][gc,phases      ] GC(198)   Post Evacuate Collection Set: 1.16ms
[1876.084s][info][gc,phases      ] GC(198)   Other: 0.07ms
[1876.084s][info][gc,heap        ] GC(198) Eden regions: 571->0(571)
[1876.084s][info][gc,heap        ] GC(198) Survivor regions: 43->43(77)
[1876.084s][info][gc,heap        ] GC(198) Old regions: 165->172
[1876.084s][info][gc,heap        ] GC(198) Humongous regions: 33->33
[1876.084s][info][gc,metaspace   ] GC(198) Metaspace: 29968K(30528K)->29968K(30528K) NonClass: 26571K(26880K)->26571K(26880K) Class: 3397K(3648K)->3397K(3648K)
[1876.084s][info][gc             ] GC(198) Pause Young (Normal) (G1 Evacuation Pause) 6478M->1962M(8192M) 150.934ms
[1876.084s][info][gc,cpu         ] GC(198) User=1.19s Sys=0.01s Real=0.15s
...................[1894.689s][info][gc,start       ] GC(199) Pause Young (Normal) (G1 Evacuation Pause)
[1894.689s][info][gc,task        ] GC(199) Using 8 workers of 8 for evacuation
[1894.842s][info][gc,phases      ] GC(199)   Pre Evacuate Collection Set: 0.25ms
[1894.842s][info][gc,phases      ] GC(199)   Merge Heap Roots: 0.65ms
[1894.842s][info][gc,phases      ] GC(199)   Evacuate Collection Set: 150.17ms
[1894.842s][info][gc,phases      ] GC(199)   Post Evacuate Collection Set: 1.06ms
[1894.842s][info][gc,phases      ] GC(199)   Other: 0.07ms
[1894.842s][info][gc,heap        ] GC(199) Eden regions: 571->0(571)
[1894.842s][info][gc,heap        ] GC(199) Survivor regions: 43->43(77)
[1894.842s][info][gc,heap        ] GC(199) Old regions: 172->178
[1894.842s][info][gc,heap        ] GC(199) Humongous regions: 33->33
[1894.842s][info][gc,metaspace   ] GC(199) Metaspace: 29972K(30528K)->29972K(30528K) NonClass: 26575K(26880K)->26575K(26880K) Class: 3397K(3648K)->3397K(3648K)
[1894.842s][info][gc             ] GC(199) Pause Young (Normal) (G1 Evacuation Pause) 6530M->2015M(8192M) 152.357ms
[1894.842s][info][gc,cpu         ] GC(199) User=1.20s Sys=0.01s Real=0.16s
. (rIR:aIR:PR = 2076:2076:2076) (tPR = 30507) [OK] 
  1895s: Performance info:
         Transaction,    Success,    Partial,     Failed,   Receipts, AvgBarcode, 
             Overall,     124876,          0,          0,     118599,      59.47, 
         Response times:
             Request,    Success,    Partial,     Failed,   SkipFail,     Probes,    Samples,      min,      p50,      p90,      p95,      p99,      max, 
       TotalPurchase,     118569,          0,          0,          0,     115206,     128510,      300,     1600,     2500,     2700,     4200,   163000,
     InStorePurchase,      62399,          0,          0,          0,      60729,      67467,      400,     1600,     2500,     2700,     4300,   162000,
      OnlinePurchase,      43690,          0,          0,          0,      42581,      47602,      300,     1500,     2500,     2700,     4200,   163000,
        InstPurchase,      12480,          0,          0,          0,      11896,      13441,      500,     1700,     2600,     2800,     4458,   159000,
          AssocOfCat,        124,          0,          0,          0,         86,        128,    23000,    28000,    31100,    32550,    43550,    45000,
      AssocOfProduct,       1252,          0,          0,          0,       1096,       1372,      600,     2200,     2900,     3200,    11043,    18600,
      BusinessReport,        315,          0,          0,          0,        241,        342,    21000,    32000,    37000,    43850,    65980,   195000,
          CustBuyBeh,       1256,          0,          0,          0,       1119,       1345,      200,     1500,     2300,     2600,     6040,    28000,
       ProductReturn,       3309,          0,          0,          0,       3040,       3560,      200,     1500,     2400,     2600,     5795,   159000,

  1895s: (16%)   IR =   2214 ....|............[1912.171s][info][gc,start       ] GC(200) Pause Young (Normal) (G1 Evacuation Pause)
[1912.171s][info][gc,task        ] GC(200) Using 8 workers of 8 for evacuation
[1912.325s][info][gc,phases      ] GC(200)   Pre Evacuate Collection Set: 0.26ms
[1912.325s][info][gc,phases      ] GC(200)   Merge Heap Roots: 0.57ms
[1912.325s][info][gc,phases      ] GC(200)   Evacuate Collection Set: 151.20ms
[1912.325s][info][gc,phases      ] GC(200)   Post Evacuate Collection Set: 1.04ms
[1912.325s][info][gc,phases      ] GC(200)   Other: 0.07ms
[1912.325s][info][gc,heap        ] GC(200) Eden regions: 571->0(571)
[1912.325s][info][gc,heap        ] GC(200) Survivor regions: 43->43(77)
[1912.325s][info][gc,heap        ] GC(200) Old regions: 178->185
[1912.325s][info][gc,heap        ] GC(200) Humongous regions: 33->33
[1912.325s][info][gc,metaspace   ] GC(200) Metaspace: 29974K(30528K)->29974K(30528K) NonClass: 26577K(26880K)->26577K(26880K) Class: 3397K(3648K)->3397K(3648K)
[1912.325s][info][gc             ] GC(200) Pause Young (Normal) (G1 Evacuation Pause) 6583M->2074M(8192M) 153.273ms
[1912.325s][info][gc,cpu         ] GC(200) User=1.21s Sys=0.00s Real=0.15s
..................[1929.820s][info][gc,start       ] GC(201) Pause Young (Normal) (G1 Evacuation Pause)
[1929.820s][info][gc,task        ] GC(201) Using 8 workers of 8 for evacuation
[1929.969s][info][gc,phases      ] GC(201)   Pre Evacuate Collection Set: 0.25ms
[1929.969s][info][gc,phases      ] GC(201)   Merge Heap Roots: 0.59ms
[1929.969s][info][gc,phases      ] GC(201)   Evacuate Collection Set: 146.93ms
[1929.969s][info][gc,phases      ] GC(201)   Post Evacuate Collection Set: 1.06ms
[1929.969s][info][gc,phases      ] GC(201)   Other: 0.07ms
[1929.969s][info][gc,heap        ] GC(201) Eden regions: 571->0(571)
[1929.969s][info][gc,heap        ] GC(201) Survivor regions: 43->43(77)
[1929.969s][info][gc,heap        ] GC(201) Old regions: 185->192
[1929.969s][info][gc,heap        ] GC(201) Humongous regions: 33->33
[1929.969s][info][gc,metaspace   ] GC(201) Metaspace: 29974K(30528K)->29974K(30528K) NonClass: 26577K(26880K)->26577K(26880K) Class: 3397K(3648K)->3397K(3648K)
[1929.969s][info][gc             ] GC(201) Pause Young (Normal) (G1 Evacuation Pause) 6642M->2127M(8192M) 149.081ms
[1929.969s][info][gc,cpu         ] GC(201) User=1.18s Sys=0.00s Real=0.15s
.................[1947.318s][info][gc,start       ] GC(202) Pause Young (Normal) (G1 Evacuation Pause)
[1947.318s][info][gc,task        ] GC(202) Using 8 workers of 8 for evacuation
[1947.468s][info][gc,phases      ] GC(202)   Pre Evacuate Collection Set: 0.25ms
[1947.469s][info][gc,phases      ] GC(202)   Merge Heap Roots: 0.65ms
[1947.469s][info][gc,phases      ] GC(202)   Evacuate Collection Set: 147.92ms
[1947.469s][info][gc,phases      ] GC(202)   Post Evacuate Collection Set: 1.05ms
[1947.469s][info][gc,phases      ] GC(202)   Other: 0.07ms
[1947.469s][info][gc,heap        ] GC(202) Eden regions: 571->0(572)
[1947.469s][info][gc,heap        ] GC(202) Survivor regions: 43->42(77)
[1947.469s][info][gc,heap        ] GC(202) Old regions: 192->199
[1947.469s][info][gc,heap        ] GC(202) Humongous regions: 33->33
[1947.469s][info][gc,metaspace   ] GC(202) Metaspace: 29974K(30528K)->29974K(30528K) NonClass: 26577K(26880K)->26577K(26880K) Class: 3397K(3648K)->3397K(3648K)
[1947.469s][info][gc             ] GC(202) Pause Young (Normal) (G1 Evacuation Pause) 6695M->2176M(8192M) 150.797ms
[1947.469s][info][gc,cpu         ] GC(202) User=1.19s Sys=0.01s Real=0.15s
............. (rIR:aIR:PR = 2214:2214:2214) (tPR = 32850) [OK] 
  1959s: Performance info:
         Transaction,    Success,    Partial,     Failed,   Receipts, AvgBarcode, 
             Overall,     132975,          0,          0,     126332,      59.48, 
         Response times:
             Request,    Success,    Partial,     Failed,   SkipFail,     Probes,    Samples,      min,      p50,      p90,      p95,      p99,      max, 
       TotalPurchase,     126332,          0,          0,          0,     122977,     132857,      300,     1600,     2600,     2900,     3800,   160000,
     InStorePurchase,      66544,          0,          0,          0,      64803,      69751,      300,     1600,     2600,     2900,     3800,   160000,
      OnlinePurchase,      46518,          0,          0,          0,      45351,      49049,      300,     1700,     2700,     2900,     3800,   157000,
        InstPurchase,      13270,          0,          0,          0,      12823,      14057,      400,     1600,     2700,     2900,     3700,   157000,
          AssocOfCat,        132,          0,          0,          0,        101,        143,    20000,    28000,    32000,    34000,    44800,    47000,
      AssocOfProduct,       1329,          0,          0,          0,       1176,       1387,      600,     1800,     2820,     3100,     4872,    30000,
      BusinessReport,        331,          0,          0,          0,        257,        368,    21000,    31500,    37000,    41550,    47620,   194000,
          CustBuyBeh,       1333,          0,          0,          0,       1183,       1388,      300,     1400,     2300,     2600,     3411,   157000,
       ProductReturn,       3517,          0,          0,          0,       3236,       3648,      200,     1400,     2500,     2700,     3451,   157000,

  1959s: (17%)   IR =   2352 ....|.[1964.596s][info][gc,start       ] GC(203) Pause Young (Normal) (G1 Evacuation Pause)
[1964.596s][info][gc,task        ] GC(203) Using 8 workers of 8 for evacuation
[1964.748s][info][gc,phases      ] GC(203)   Pre Evacuate Collection Set: 0.24ms
[1964.748s][info][gc,phases      ] GC(203)   Merge Heap Roots: 0.64ms
[1964.748s][info][gc,phases      ] GC(203)   Evacuate Collection Set: 149.98ms
[1964.748s][info][gc,phases      ] GC(203)   Post Evacuate Collection Set: 1.06ms
[1964.748s][info][gc,phases      ] GC(203)   Other: 0.06ms
[1964.748s][info][gc,heap        ] GC(203) Eden regions: 572->0(571)
[1964.748s][info][gc,heap        ] GC(203) Survivor regions: 42->43(77)
[1964.748s][info][gc,heap        ] GC(203) Old regions: 199->206
[1964.748s][info][gc,heap        ] GC(203) Humongous regions: 33->33
[1964.748s][info][gc,metaspace   ] GC(203) Metaspace: 29975K(30528K)->29975K(30528K) NonClass: 26578K(26880K)->26578K(26880K) Class: 3397K(3648K)->3397K(3648K)
[1964.748s][info][gc             ] GC(203) Pause Young (Normal) (G1 Evacuation Pause) 6752M->2234M(8192M) 152.117ms
[1964.748s][info][gc,cpu         ] GC(203) User=1.21s Sys=0.00s Real=0.15s
................[1981.052s][info][gc,start       ] GC(204) Pause Young (Normal) (G1 Evacuation Pause)
[1981.052s][info][gc,task        ] GC(204) Using 8 workers of 8 for evacuation
[1981.204s][info][gc,phases      ] GC(204)   Pre Evacuate Collection Set: 0.24ms
[1981.204s][info][gc,phases      ] GC(204)   Merge Heap Roots: 0.60ms
[1981.204s][info][gc,phases      ] GC(204)   Evacuate Collection Set: 150.26ms
[1981.204s][info][gc,phases      ] GC(204)   Post Evacuate Collection Set: 1.07ms
[1981.204s][info][gc,phases      ] GC(204)   Other: 0.07ms
[1981.204s][info][gc,heap        ] GC(204) Eden regions: 571->0(571)
[1981.204s][info][gc,heap        ] GC(204) Survivor regions: 43->43(77)
[1981.204s][info][gc,heap        ] GC(204) Old regions: 206->212
[1981.204s][info][gc,heap        ] GC(204) Humongous regions: 33->33
[1981.204s][info][gc,metaspace   ] GC(204) Metaspace: 29975K(30528K)->29975K(30528K) NonClass: 26578K(26880K)->26578K(26880K) Class: 3397K(3648K)->3397K(3648K)
[1981.204s][info][gc             ] GC(204) Pause Young (Normal) (G1 Evacuation Pause) 6802M->2287M(8192M) 152.370ms
[1981.204s][info][gc,cpu         ] GC(204) User=1.20s Sys=0.00s Real=0.15s
.................[1997.610s][info][gc,start       ] GC(205) Pause Young (Normal) (G1 Evacuation Pause)
[1997.610s][info][gc,task        ] GC(205) Using 8 workers of 8 for evacuation
[1997.762s][info][gc,phases      ] GC(205)   Pre Evacuate Collection Set: 0.25ms
[1997.762s][info][gc,phases      ] GC(205)   Merge Heap Roots: 0.60ms
[1997.762s][info][gc,phases      ] GC(205)   Evacuate Collection Set: 150.15ms
[1997.762s][info][gc,phases      ] GC(205)   Post Evacuate Collection Set: 1.04ms
[1997.762s][info][gc,phases      ] GC(205)   Other: 0.06ms
[1997.762s][info][gc,heap        ] GC(205) Eden regions: 571->0(571)
[1997.762s][info][gc,heap        ] GC(205) Survivor regions: 43->43(77)
[1997.762s][info][gc,heap        ] GC(205) Old regions: 212->219
[1997.762s][info][gc,heap        ] GC(205) Humongous regions: 33->33
[1997.762s][info][gc,metaspace   ] GC(205) Metaspace: 29975K(30528K)->29975K(30528K) NonClass: 26578K(26880K)->26578K(26880K) Class: 3397K(3648K)->3397K(3648K)
[1997.762s][info][gc             ] GC(205) Pause Young (Normal) (G1 Evacuation Pause) 6855M->2343M(8192M) 152.227ms
[1997.762s][info][gc,cpu         ] GC(205) User=1.20s Sys=0.00s Real=0.16s
................[2014.159s][info][gc,start       ] GC(206) Pause Young (Normal) (G1 Evacuation Pause)
[2014.159s][info][gc,task        ] GC(206) Using 8 workers of 8 for evacuation
[2014.313s][info][gc,phases      ] GC(206)   Pre Evacuate Collection Set: 0.25ms
[2014.313s][info][gc,phases      ] GC(206)   Merge Heap Roots: 0.70ms
[2014.313s][info][gc,phases      ] GC(206)   Evacuate Collection Set: 152.28ms
[2014.313s][info][gc,phases      ] GC(206)   Post Evacuate Collection Set: 1.05ms
[2014.313s][info][gc,phases      ] GC(206)   Other: 0.06ms
[2014.313s][info][gc,heap        ] GC(206) Eden regions: 571->0(571)
[2014.313s][info][gc,heap        ] GC(206) Survivor regions: 43->43(77)
[2014.313s][info][gc,heap        ] GC(206) Old regions: 219->226
[2014.313s][info][gc,heap        ] GC(206) Humongous regions: 33->33
[2014.313s][info][gc,metaspace   ] GC(206) Metaspace: 29975K(30528K)->29975K(30528K) NonClass: 26578K(26880K)->26578K(26880K) Class: 3397K(3648K)->3397K(3648K)
[2014.313s][info][gc             ] GC(206) Pause Young (Normal) (G1 Evacuation Pause) 6911M->2396M(8192M) 154.472ms
[2014.313s][info][gc,cpu         ] GC(206) User=1.22s Sys=0.00s Real=0.16s
.......... (rIR:aIR:PR = 2352:2352:2352) (tPR = 34667) [OK] 
  2023s: Performance info:
         Transaction,    Success,    Partial,     Failed,   Receipts, AvgBarcode, 
             Overall,     141172,          0,          0,     134113,      59.48, 
         Response times:
             Request,    Success,    Partial,     Failed,   SkipFail,     Probes,    Samples,      min,      p50,      p90,      p95,      p99,      max, 
       TotalPurchase,     134113,          0,          0,          0,     130994,     141454,      300,     1700,     2800,     3100,     5100,   163000,
     InStorePurchase,      70556,          0,          0,          0,      68992,      74230,      300,     1700,     2800,     3100,     4800,   160000,
      OnlinePurchase,      49431,          0,          0,          0,      48446,      52353,      300,     1800,     2900,     3100,     5346,   163000,
        InstPurchase,      14126,          0,          0,          0,      13556,      14871,      400,     1500,     2800,     3100,     5428,   159000,
          AssocOfCat,        141,          0,          0,          0,        107,        154,    19000,    28000,    34000,    35500,    44850,    52000,
      AssocOfProduct,       1415,          0,          0,          0,       1280,       1503,      400,     2300,     3100,     3300,     4100,   158000,
      BusinessReport,        355,          0,          0,          0,        283,        395,    22000,    31000,    38000,    41000,   185440,   206000,
          CustBuyBeh,       1407,          0,          0,          0,       1265,       1464,      200,     1500,     2550,     2900,     3935,    31000,
       ProductReturn,       3741,          0,          0,          0,       3456,       3948,      200,     1800,     2800,     3100,    11010,   156000,

  2023s: (18%)   IR =   2491 ....|..[2030.197s][info][gc,start       ] GC(207) Pause Young (Normal) (G1 Evacuation Pause)
[2030.197s][info][gc,task        ] GC(207) Using 8 workers of 8 for evacuation
[2030.347s][info][gc,phases      ] GC(207)   Pre Evacuate Collection Set: 0.24ms
[2030.347s][info][gc,phases      ] GC(207)   Merge Heap Roots: 0.59ms
[2030.347s][info][gc,phases      ] GC(207)   Evacuate Collection Set: 148.61ms
[2030.347s][info][gc,phases      ] GC(207)   Post Evacuate Collection Set: 1.06ms
[2030.347s][info][gc,phases      ] GC(207)   Other: 0.07ms
[2030.347s][info][gc,heap        ] GC(207) Eden regions: 571->0(572)
[2030.348s][info][gc,heap        ] GC(207) Survivor regions: 43->42(77)
[2030.348s][info][gc,heap        ] GC(207) Old regions: 226->233
[2030.348s][info][gc,heap        ] GC(207) Humongous regions: 33->33
[2030.348s][info][gc,metaspace   ] GC(207) Metaspace: 29975K(30528K)->29975K(30528K) NonClass: 26578K(26880K)->26578K(26880K) Class: 3397K(3648K)->3397K(3648K)
[2030.348s][info][gc             ] GC(207) Pause Young (Normal) (G1 Evacuation Pause) 6964M->2446M(8192M) 150.685ms
[2030.348s][info][gc,cpu         ] GC(207) User=1.19s Sys=0.00s Real=0.15s
................[2045.749s][info][gc,start       ] GC(208) Pause Young (Normal) (G1 Evacuation Pause)
[2045.749s][info][gc,task        ] GC(208) Using 8 workers of 8 for evacuation
[2045.900s][info][gc,phases      ] GC(208)   Pre Evacuate Collection Set: 0.24ms
[2045.900s][info][gc,phases      ] GC(208)   Merge Heap Roots: 0.59ms
[2045.900s][info][gc,phases      ] GC(208)   Evacuate Collection Set: 148.39ms
[2045.900s][info][gc,phases      ] GC(208)   Post Evacuate Collection Set: 1.02ms
[2045.900s][info][gc,phases      ] GC(208)   Other: 0.07ms
[2045.900s][info][gc,heap        ] GC(208) Eden regions: 572->0(572)
[2045.900s][info][gc,heap        ] GC(208) Survivor regions: 42->42(77)
[2045.900s][info][gc,heap        ] GC(208) Old regions: 233->240
[2045.900s][info][gc,heap        ] GC(208) Humongous regions: 33->33
[2045.900s][info][gc,metaspace   ] GC(208) Metaspace: 29975K(30528K)->29975K(30528K) NonClass: 26578K(26880K)->26578K(26880K) Class: 3397K(3648K)->3397K(3648K)
[2045.900s][info][gc             ] GC(208) Pause Young (Normal) (G1 Evacuation Pause) 7022M->2502M(8192M) 150.446ms
[2045.900s][info][gc,cpu         ] GC(208) User=1.19s Sys=0.00s Real=0.15s
...............[2061.362s][info][gc,start       ] GC(209) Pause Young (Normal) (G1 Evacuation Pause)
[2061.362s][info][gc,task        ] GC(209) Using 8 workers of 8 for evacuation
[2061.515s][info][gc,phases      ] GC(209)   Pre Evacuate Collection Set: 0.27ms
[2061.515s][info][gc,phases      ] GC(209)   Merge Heap Roots: 0.63ms
[2061.515s][info][gc,phases      ] GC(209)   Evacuate Collection Set: 150.89ms
[2061.515s][info][gc,phases      ] GC(209)   Post Evacuate Collection Set: 1.08ms
[2061.515s][info][gc,phases      ] GC(209)   Other: 0.06ms
[2061.515s][info][gc,heap        ] GC(209) Eden regions: 572->0(571)
[2061.515s][info][gc,heap        ] GC(209) Survivor regions: 42->43(77)
[2061.515s][info][gc,heap        ] GC(209) Old regions: 240->247
[2061.515s][info][gc,heap        ] GC(209) Humongous regions: 33->33
[2061.515s][info][gc,metaspace   ] GC(209) Metaspace: 29975K(30528K)->29975K(30528K) NonClass: 26578K(26880K)->26578K(26880K) Class: 3397K(3648K)->3397K(3648K)
[2061.515s][info][gc             ] GC(209) Pause Young (Normal) (G1 Evacuation Pause) 7078M->2561M(8192M) 153.054ms
[2061.515s][info][gc,cpu         ] GC(209) User=1.21s Sys=0.00s Real=0.15s
................[2076.897s][info][gc,start       ] GC(210) Pause Young (Normal) (G1 Evacuation Pause)
[2076.897s][info][gc,task        ] GC(210) Using 8 workers of 8 for evacuation
[2077.048s][info][gc,phases      ] GC(210)   Pre Evacuate Collection Set: 0.26ms
[2077.048s][info][gc,phases      ] GC(210)   Merge Heap Roots: 0.59ms
[2077.048s][info][gc,phases      ] GC(210)   Evacuate Collection Set: 148.60ms
[2077.048s][info][gc,phases      ] GC(210)   Post Evacuate Collection Set: 1.07ms
[2077.048s][info][gc,phases      ] GC(210)   Other: 0.08ms
[2077.048s][info][gc,heap        ] GC(210) Eden regions: 571->0(571)
[2077.048s][info][gc,heap        ] GC(210) Survivor regions: 43->43(77)
[2077.048s][info][gc,heap        ] GC(210) Old regions: 247->253
[2077.048s][info][gc,heap        ] GC(210) Humongous regions: 33->33
[2077.048s][info][gc,metaspace   ] GC(210) Metaspace: 29975K(30528K)->29975K(30528K) NonClass: 26578K(26880K)->26578K(26880K) Class: 3397K(3648K)->3397K(3648K)
[2077.048s][info][gc             ] GC(210) Pause Young (Normal) (G1 Evacuation Pause) 7129M->2619M(8192M) 150.721ms
[2077.048s][info][gc,cpu         ] GC(210) User=1.19s Sys=0.00s Real=0.15s
........... (rIR:aIR:PR = 2491:2489:2489) (tPR = 36871) [OK] 
  2087s: Performance info:
         Transaction,    Success,    Partial,     Failed,   Receipts, AvgBarcode, 
             Overall,     149434,          0,          0,     141965,      59.48, 
         Response times:
             Request,    Success,    Partial,     Failed,   SkipFail,     Probes,    Samples,      min,      p50,      p90,      p95,      p99,      max, 
       TotalPurchase,     141965,          0,          0,          0,     138747,     149626,      300,     1800,     2900,     3200,     4400,   166000,
     InStorePurchase,      74708,          0,          0,          0,      73316,      78848,      400,     1800,     2900,     3200,     4400,   166000,
      OnlinePurchase,      52304,          0,          0,          0,      50975,      54960,      300,     1800,     3000,     3200,     4300,   158000,
        InstPurchase,      14953,          0,          0,          0,      14456,      15818,      500,     1800,     2900,     3300,     4600,   154000,
          AssocOfCat,        151,          0,          0,          0,         98,        135,    19900,    28000,    34000,    37000,    45640,    46000,
      AssocOfProduct,       1494,          0,          0,          0,       1355,       1611,      500,     2400,     3300,     3500,     6700,   154000,
      BusinessReport,        373,          0,          0,          0,        304,        406,    21000,    32000,    39000,    41000,    50000,   195000,
          CustBuyBeh,       1493,          0,          0,          0,       1301,       1521,      200,      400,     1700,     2200,     3178,    10800,
       ProductReturn,       3958,          0,          0,          0,       3723,       4264,      200,     1700,     2800,     3100,     5235,   157000,

  2087s: (19%)   IR =   2629 ....|[2092.327s][info][gc,start       ] GC(211) Pause Young (Normal) (G1 Evacuation Pause)
[2092.327s][info][gc,task        ] GC(211) Using 8 workers of 8 for evacuation
[2092.478s][info][gc,phases      ] GC(211)   Pre Evacuate Collection Set: 0.27ms
[2092.478s][info][gc,phases      ] GC(211)   Merge Heap Roots: 0.65ms
[2092.478s][info][gc,phases      ] GC(211)   Evacuate Collection Set: 148.91ms
[2092.478s][info][gc,phases      ] GC(211)   Post Evacuate Collection Set: 1.07ms
[2092.478s][info][gc,phases      ] GC(211)   Other: 0.06ms
[2092.478s][info][gc,heap        ] GC(211) Eden regions: 571->0(572)
[2092.478s][info][gc,heap        ] GC(211) Survivor regions: 43->42(77)
[2092.478s][info][gc,heap        ] GC(211) Old regions: 253->260
[2092.478s][info][gc,heap        ] GC(211) Humongous regions: 33->33
[2092.478s][info][gc,metaspace   ] GC(211) Metaspace: 29975K(30528K)->29975K(30528K) NonClass: 26578K(26880K)->26578K(26880K) Class: 3397K(3648K)->3397K(3648K)
[2092.478s][info][gc             ] GC(211) Pause Young (Normal) (G1 Evacuation Pause) 7187M->2664M(8192M) 151.096ms
[2092.478s][info][gc,cpu         ] GC(211) User=1.19s Sys=0.00s Real=0.15s
...............[2107.117s][info][gc,start       ] GC(212) Pause Young (Normal) (G1 Evacuation Pause)
[2107.117s][info][gc,task        ] GC(212) Using 8 workers of 8 for evacuation
[2107.267s][info][gc,phases      ] GC(212)   Pre Evacuate Collection Set: 0.25ms
[2107.267s][info][gc,phases      ] GC(212)   Merge Heap Roots: 0.68ms
[2107.267s][info][gc,phases      ] GC(212)   Evacuate Collection Set: 148.24ms
[2107.267s][info][gc,phases      ] GC(212)   Post Evacuate Collection Set: 1.05ms
[2107.267s][info][gc,phases      ] GC(212)   Other: 0.07ms
[2107.267s][info][gc,heap        ] GC(212) Eden regions: 572->0(572)
[2107.267s][info][gc,heap        ] GC(212) Survivor regions: 42->42(77)
[2107.267s][info][gc,heap        ] GC(212) Old regions: 260->267
[2107.268s][info][gc,heap        ] GC(212) Humongous regions: 33->33
[2107.268s][info][gc,metaspace   ] GC(212) Metaspace: 29975K(30528K)->29975K(30528K) NonClass: 26578K(26880K)->26578K(26880K) Class: 3397K(3648K)->3397K(3648K)
[2107.268s][info][gc             ] GC(212) Pause Young (Normal) (G1 Evacuation Pause) 7240M->2719M(8192M) 150.421ms
[2107.268s][info][gc,cpu         ] GC(212) User=1.19s Sys=0.00s Real=0.15s
...............[2121.807s][info][gc,start       ] GC(213) Pause Young (Normal) (G1 Evacuation Pause)
[2121.807s][info][gc,task        ] GC(213) Using 8 workers of 8 for evacuation
[2121.957s][info][gc,phases      ] GC(213)   Pre Evacuate Collection Set: 0.28ms
[2121.957s][info][gc,phases      ] GC(213)   Merge Heap Roots: 0.66ms
[2121.957s][info][gc,phases      ] GC(213)   Evacuate Collection Set: 147.93ms
[2121.957s][info][gc,phases      ] GC(213)   Post Evacuate Collection Set: 1.06ms
[2121.957s][info][gc,phases      ] GC(213)   Other: 0.07ms
[2121.957s][info][gc,heap        ] GC(213) Eden regions: 572->0(572)
[2121.957s][info][gc,heap        ] GC(213) Survivor regions: 42->42(77)
[2121.957s][info][gc,heap        ] GC(213) Old regions: 267->274
[2121.957s][info][gc,heap        ] GC(213) Humongous regions: 33->33
[2121.957s][info][gc,metaspace   ] GC(213) Metaspace: 29975K(30528K)->29975K(30528K) NonClass: 26578K(26880K)->26578K(26880K) Class: 3397K(3648K)->3397K(3648K)
[2121.957s][info][gc             ] GC(213) Pause Young (Normal) (G1 Evacuation Pause) 7295M->2774M(8192M) 150.140ms
[2121.957s][info][gc,cpu         ] GC(213) User=1.18s Sys=0.00s Real=0.15s
..............[2136.558s][info][gc,start       ] GC(214) Pause Young (Normal) (G1 Evacuation Pause)
[2136.558s][info][gc,task        ] GC(214) Using 8 workers of 8 for evacuation
[2136.711s][info][gc,phases      ] GC(214)   Pre Evacuate Collection Set: 0.31ms
[2136.711s][info][gc,phases      ] GC(214)   Merge Heap Roots: 0.73ms
[2136.711s][info][gc,phases      ] GC(214)   Evacuate Collection Set: 150.74ms
[2136.711s][info][gc,phases      ] GC(214)   Post Evacuate Collection Set: 1.09ms
[2136.711s][info][gc,phases      ] GC(214)   Other: 0.08ms
[2136.711s][info][gc,heap        ] GC(214) Eden regions: 572->0(571)
[2136.711s][info][gc,heap        ] GC(214) Survivor regions: 42->43(77)
[2136.711s][info][gc,heap        ] GC(214) Old regions: 274->280
[2136.711s][info][gc,heap        ] GC(214) Humongous regions: 33->33
[2136.711s][info][gc,metaspace   ] GC(214) Metaspace: 29975K(30528K)->29975K(30528K) NonClass: 26578K(26880K)->26578K(26880K) Class: 3397K(3648K)->3397K(3648K)
[2136.711s][info][gc             ] GC(214) Pause Young (Normal) (G1 Evacuation Pause) 7350M->2835M(8192M) 153.126ms
[2136.711s][info][gc,cpu         ] GC(214) User=1.22s Sys=0.00s Real=0.16s
...............[2151.259s][info][gc,start       ] GC(215) Pause Young (Normal) (G1 Evacuation Pause)
[2151.259s][info][gc,task        ] GC(215) Using 8 workers of 8 for evacuation
[2151.411s][info][gc,phases      ] GC(215)   Pre Evacuate Collection Set: 0.29ms
[2151.411s][info][gc,phases      ] GC(215)   Merge Heap Roots: 0.73ms
[2151.411s][info][gc,phases      ] GC(215)   Evacuate Collection Set: 150.09ms
[2151.411s][info][gc,phases      ] GC(215)   Post Evacuate Collection Set: 1.09ms
[2151.411s][info][gc,phases      ] GC(215)   Other: 0.07ms
[2151.411s][info][gc,heap        ] GC(215) Eden regions: 571->0(568)
[2151.411s][info][gc,heap        ] GC(215) Survivor regions: 43->42(77)
[2151.411s][info][gc,heap        ] GC(215) Old regions: 280->287
[2151.411s][info][gc,heap        ] GC(215) Humongous regions: 33->33
[2151.411s][info][gc,metaspace   ] GC(215) Metaspace: 29975K(30528K)->29975K(30528K) NonClass: 26578K(26880K)->26578K(26880K) Class: 3397K(3648K)->3397K(3648K)
[2151.411s][info][gc             ] GC(215) Pause Young (Normal) (G1 Evacuation Pause) 7403M->2883M(8192M) 152.424ms
[2151.411s][info][gc,cpu         ] GC(215) User=1.21s Sys=0.00s Real=0.16s
. (rIR:aIR:PR = 2629:2629:2629) (tPR = 38850) [OK] 
  2151s: Performance info:
         Transaction,    Success,    Partial,     Failed,   Receipts, AvgBarcode, 
             Overall,     158047,          0,          0,     150129,      59.48, 
         Response times:
             Request,    Success,    Partial,     Failed,   SkipFail,     Probes,    Samples,      min,      p50,      p90,      p95,      p99,      max, 
       TotalPurchase,     150129,          0,          0,          0,     146123,     157741,      300,     1900,     3100,     3400,     8600,   157000,
     InStorePurchase,      79031,          0,          0,          0,      77237,      83408,      300,     1900,     3100,     3400,     9000,   157000,
      OnlinePurchase,      55292,          0,          0,          0,      53621,      57713,      300,     1900,     3100,     3500,     8300,   157000,
        InstPurchase,      15806,          0,          0,          0,      15265,      16620,      500,     1700,     3100,     3400,     6758,   157000,
          AssocOfCat,        158,          0,          0,          0,        119,        164,    18800,    29000,    35000,    38500,    48000,    48000,
      AssocOfProduct,       1579,          0,          0,          0,       1420,       1655,      500,     2500,     3500,     4000,    18388,   157000,
      BusinessReport,        398,          0,          0,          0,        334,        425,    23000,    33000,    40000,    48700,    78000,   208000,
          CustBuyBeh,       1580,          0,          0,          0,       1397,       1602,      200,     2000,     3100,     3400,    17182,   154000,
       ProductReturn,       4203,          0,          0,          0,       3967,       4432,      200,     1700,     2900,     3300,     7100,   154000,

  2151s: (20%)   IR =   2767 .......|......[2165.205s][info][gc,start       ] GC(216) Pause Young (Normal) (G1 Evacuation Pause)
[2165.205s][info][gc,task        ] GC(216) Using 8 workers of 8 for evacuation
[2165.355s][info][gc,phases      ] GC(216)   Pre Evacuate Collection Set: 0.27ms
[2165.355s][info][gc,phases      ] GC(216)   Merge Heap Roots: 0.67ms
[2165.355s][info][gc,phases      ] GC(216)   Evacuate Collection Set: 148.58ms
[2165.355s][info][gc,phases      ] GC(216)   Post Evacuate Collection Set: 1.08ms
[2165.355s][info][gc,phases      ] GC(216)   Other: 0.08ms
[2165.355s][info][gc,heap        ] GC(216) Eden regions: 568->0(561)
[2165.356s][info][gc,heap        ] GC(216) Survivor regions: 42->42(77)
[2165.356s][info][gc,heap        ] GC(216) Old regions: 287->294
[2165.356s][info][gc,heap        ] GC(216) Humongous regions: 33->33
[2165.356s][info][gc,metaspace   ] GC(216) Metaspace: 29975K(30528K)->29975K(30528K) NonClass: 26578K(26880K)->26578K(26880K) Class: 3397K(3648K)->3397K(3648K)
[2165.356s][info][gc             ] GC(216) Pause Young (Normal) (G1 Evacuation Pause) 7427M->2938M(8192M) 150.811ms
[2165.356s][info][gc,cpu         ] GC(216) User=1.19s Sys=0.00s Real=0.15s
..............[2178.970s][info][gc,start       ] GC(217) Pause Young (Normal) (G1 Evacuation Pause)
[2178.970s][info][gc,task        ] GC(217) Using 8 workers of 8 for evacuation
[2179.120s][info][gc,phases      ] GC(217)   Pre Evacuate Collection Set: 0.25ms
[2179.120s][info][gc,phases      ] GC(217)   Merge Heap Roots: 0.65ms
[2179.120s][info][gc,phases      ] GC(217)   Evacuate Collection Set: 147.37ms
[2179.120s][info][gc,phases      ] GC(217)   Post Evacuate Collection Set: 1.08ms
[2179.120s][info][gc,phases      ] GC(217)   Other: 0.06ms
[2179.120s][info][gc,heap        ] GC(217) Eden regions: 561->0(554)
[2179.120s][info][gc,heap        ] GC(217) Survivor regions: 42->42(76)
[2179.120s][info][gc,heap        ] GC(217) Old regions: 294->301
[2179.120s][info][gc,heap        ] GC(217) Humongous regions: 33->33
[2179.120s][info][gc,metaspace   ] GC(217) Metaspace: 29975K(30528K)->29975K(30528K) NonClass: 26578K(26880K)->26578K(26880K) Class: 3397K(3648K)->3397K(3648K)
[2179.120s][info][gc             ] GC(217) Pause Young (Normal) (G1 Evacuation Pause) 7426M->2995M(8192M) 149.542ms
[2179.120s][info][gc,cpu         ] GC(217) User=1.18s Sys=0.00s Real=0.15s
.............[2192.492s][info][gc,start       ] GC(218) Pause Young (Normal) (G1 Evacuation Pause)
[2192.492s][info][gc,task        ] GC(218) Using 8 workers of 8 for evacuation
[2192.644s][info][gc,phases      ] GC(218)   Pre Evacuate Collection Set: 0.28ms
[2192.644s][info][gc,phases      ] GC(218)   Merge Heap Roots: 0.63ms
[2192.644s][info][gc,phases      ] GC(218)   Evacuate Collection Set: 149.96ms
[2192.644s][info][gc,phases      ] GC(218)   Post Evacuate Collection Set: 1.04ms
[2192.644s][info][gc,phases      ] GC(218)   Other: 0.06ms
[2192.644s][info][gc,heap        ] GC(218) Eden regions: 554->0(546)
[2192.644s][info][gc,heap        ] GC(218) Survivor regions: 42->42(75)
[2192.644s][info][gc,heap        ] GC(218) Old regions: 301->309
[2192.644s][info][gc,heap        ] GC(218) Humongous regions: 33->33
[2192.644s][info][gc,metaspace   ] GC(218) Metaspace: 29975K(30528K)->29975K(30528K) NonClass: 26578K(26880K)->26578K(26880K) Class: 3397K(3648K)->3397K(3648K)
[2192.644s][info][gc             ] GC(218) Pause Young (Normal) (G1 Evacuation Pause) 7427M->3054M(8192M) 152.094ms
[2192.644s][info][gc,cpu         ] GC(218) User=1.20s Sys=0.00s Real=0.15s
..............[2205.957s][info][gc,start       ] GC(219) Pause Young (Normal) (G1 Evacuation Pause)
[2205.957s][info][gc,task        ] GC(219) Using 8 workers of 8 for evacuation
[2206.108s][info][gc,phases      ] GC(219)   Pre Evacuate Collection Set: 0.25ms
[2206.108s][info][gc,phases      ] GC(219)   Merge Heap Roots: 0.57ms
[2206.108s][info][gc,phases      ] GC(219)   Evacuate Collection Set: 149.29ms
[2206.108s][info][gc,phases      ] GC(219)   Post Evacuate Collection Set: 1.04ms
[2206.108s][info][gc,phases      ] GC(219)   Other: 0.06ms
[2206.108s][info][gc,heap        ] GC(219) Eden regions: 546->0(537)
[2206.108s][info][gc,heap        ] GC(219) Survivor regions: 42->43(74)
[2206.108s][info][gc,heap        ] GC(219) Old regions: 309->316
[2206.108s][info][gc,heap        ] GC(219) Humongous regions: 33->33
[2206.108s][info][gc,metaspace   ] GC(219) Metaspace: 29975K(30528K)->29975K(30528K) NonClass: 26578K(26880K)->26578K(26880K) Class: 3397K(3648K)->3397K(3648K)
[2206.108s][info][gc             ] GC(219) Pause Young (Normal) (G1 Evacuation Pause) 7422M->3115M(8192M) 151.345ms
[2206.108s][info][gc,cpu         ] GC(219) User=1.19s Sys=0.00s Real=0.15s
............. (rIR:aIR:PR = 2767:2767:2767) (tPR = 41472) [OK] 
  2218s: Performance info:
         Transaction,    Success,    Partial,     Failed,   Receipts, AvgBarcode, 
             Overall,     166123,          0,          0,     157823,      59.47, 
         Response times:
             Request,    Success,    Partial,     Failed,   SkipFail,     Probes,    Samples,      min,      p50,      p90,      p95,      p99,      max, 
       TotalPurchase,     157823,          0,          0,          0,     154228,     173706,      300,     2000,     3200,     3500,     6000,   162000,
     InStorePurchase,      83118,          0,          0,          0,      81326,      91467,      400,     2000,     3200,     3500,     6100,   158000,
      OnlinePurchase,      58111,          0,          0,          0,      56869,      64023,      300,     1900,     3200,     3500,     5800,   162000,
        InstPurchase,      16594,          0,          0,          0,      16033,      18216,      400,     2000,     3300,     3600,     6383,   158000,
          AssocOfCat,        166,          0,          0,          0,        123,        191,    19800,    29000,    35000,    40800,   183800,   193000,
      AssocOfProduct,       1658,          0,          0,          0,       1494,       1825,      500,     2100,     3400,     3700,     5000,   157000,
      BusinessReport,        410,          0,          0,          0,        330,        453,    21000,    33000,    40000,    45000,    54920,   197000,
          CustBuyBeh,       1661,          0,          0,          0,       1549,       1928,      200,     1800,     3100,     3400,     4600,    28000,
       ProductReturn,       4405,          0,          0,          0,       4128,       4818,      200,     2100,     3200,     3500,     5662,   161000,

  2218s: (21%)   IR =   2906 [2219.120s][info][gc,start       ] GC(220) Pause Young (Normal) (G1 Evacuation Pause)
[2219.120s][info][gc,task        ] GC(220) Using 8 workers of 8 for evacuation
[2219.270s][info][gc,phases      ] GC(220)   Pre Evacuate Collection Set: 0.24ms
[2219.270s][info][gc,phases      ] GC(220)   Merge Heap Roots: 0.70ms
[2219.270s][info][gc,phases      ] GC(220)   Evacuate Collection Set: 148.03ms
[2219.270s][info][gc,phases      ] GC(220)   Post Evacuate Collection Set: 1.02ms
[2219.270s][info][gc,phases      ] GC(220)   Other: 0.06ms
[2219.270s][info][gc,heap        ] GC(220) Eden regions: 537->0(532)
[2219.270s][info][gc,heap        ] GC(220) Survivor regions: 43->42(73)
[2219.270s][info][gc,heap        ] GC(220) Old regions: 316->323
[2219.270s][info][gc,heap        ] GC(220) Humongous regions: 33->33
[2219.270s][info][gc,metaspace   ] GC(220) Metaspace: 29975K(30528K)->29975K(30528K) NonClass: 26578K(26880K)->26578K(26880K) Class: 3397K(3648K)->3397K(3648K)
[2219.270s][info][gc             ] GC(220) Pause Young (Normal) (G1 Evacuation Pause) 7411M->3165M(8192M) 150.187ms
[2219.270s][info][gc,cpu         ] GC(220) User=1.19s Sys=0.00s Real=0.15s
.....|.......[2231.498s][info][gc,start       ] GC(221) Pause Young (Normal) (G1 Evacuation Pause)
[2231.498s][info][gc,task        ] GC(221) Using 8 workers of 8 for evacuation
[2231.646s][info][gc,phases      ] GC(221)   Pre Evacuate Collection Set: 0.29ms
[2231.646s][info][gc,phases      ] GC(221)   Merge Heap Roots: 0.67ms
[2231.646s][info][gc,phases      ] GC(221)   Evacuate Collection Set: 146.19ms
[2231.646s][info][gc,phases      ] GC(221)   Post Evacuate Collection Set: 1.03ms
[2231.646s][info][gc,phases      ] GC(221)   Other: 0.08ms
[2231.646s][info][gc,heap        ] GC(221) Eden regions: 532->0(526)
[2231.646s][info][gc,heap        ] GC(221) Survivor regions: 42->41(72)
[2231.646s][info][gc,heap        ] GC(221) Old regions: 323->331
[2231.646s][info][gc,heap        ] GC(221) Humongous regions: 33->33
[2231.646s][info][gc,metaspace   ] GC(221) Metaspace: 29975K(30528K)->29975K(30528K) NonClass: 26578K(26880K)->26578K(26880K) Class: 3397K(3648K)->3397K(3648K)
[2231.646s][info][gc             ] GC(221) Pause Young (Normal) (G1 Evacuation Pause) 7421M->3221M(8192M) 148.392ms
[2231.646s][info][gc,cpu         ] GC(221) User=1.17s Sys=0.01s Real=0.15s
............[2243.757s][info][gc,start       ] GC(222) Pause Young (Normal) (G1 Evacuation Pause)
[2243.757s][info][gc,task        ] GC(222) Using 8 workers of 8 for evacuation
[2243.907s][info][gc,phases      ] GC(222)   Pre Evacuate Collection Set: 0.25ms
[2243.907s][info][gc,phases      ] GC(222)   Merge Heap Roots: 0.67ms
[2243.907s][info][gc,phases      ] GC(222)   Evacuate Collection Set: 148.12ms
[2243.907s][info][gc,phases      ] GC(222)   Post Evacuate Collection Set: 1.00ms
[2243.907s][info][gc,phases      ] GC(222)   Other: 0.07ms
[2243.907s][info][gc,heap        ] GC(222) Eden regions: 526->0(519)
[2243.907s][info][gc,heap        ] GC(222) Survivor regions: 41->41(71)
[2243.907s][info][gc,heap        ] GC(222) Old regions: 331->338
[2243.907s][info][gc,heap        ] GC(222) Humongous regions: 33->33
[2243.907s][info][gc,metaspace   ] GC(222) Metaspace: 29978K(30528K)->29978K(30528K) NonClass: 26581K(26880K)->26581K(26880K) Class: 3397K(3648K)->3397K(3648K)
[2243.907s][info][gc             ] GC(222) Pause Young (Normal) (G1 Evacuation Pause) 7429M->3279M(8192M) 150.254ms
[2243.907s][info][gc,cpu         ] GC(222) User=1.19s Sys=0.00s Real=0.15s
.............[2255.974s][info][gc,start       ] GC(223) Pause Young (Normal) (G1 Evacuation Pause)
[2255.974s][info][gc,task        ] GC(223) Using 8 workers of 8 for evacuation
[2256.121s][info][gc,phases      ] GC(223)   Pre Evacuate Collection Set: 0.24ms
[2256.121s][info][gc,phases      ] GC(223)   Merge Heap Roots: 0.71ms
[2256.121s][info][gc,phases      ] GC(223)   Evacuate Collection Set: 144.75ms
[2256.121s][info][gc,phases      ] GC(223)   Post Evacuate Collection Set: 1.01ms
[2256.121s][info][gc,phases      ] GC(223)   Other: 0.08ms
[2256.121s][info][gc,heap        ] GC(223) Eden regions: 519->0(512)
[2256.121s][info][gc,heap        ] GC(223) Survivor regions: 41->41(70)
[2256.121s][info][gc,heap        ] GC(223) Old regions: 338->345
[2256.121s][info][gc,heap        ] GC(223) Humongous regions: 33->33
[2256.121s][info][gc,metaspace   ] GC(223) Metaspace: 29978K(30528K)->29978K(30528K) NonClass: 26581K(26880K)->26581K(26880K) Class: 3397K(3648K)->3397K(3648K)
[2256.121s][info][gc             ] GC(223) Pause Young (Normal) (G1 Evacuation Pause) 7431M->3339M(8192M) 146.915ms
[2256.121s][info][gc,cpu         ] GC(223) User=1.17s Sys=0.00s Real=0.15s
...........[2267.750s][info][gc,start       ] GC(224) Pause Young (Normal) (G1 Evacuation Pause)
[2267.750s][info][gc,task        ] GC(224) Using 8 workers of 8 for evacuation
[2267.900s][info][gc,phases      ] GC(224)   Pre Evacuate Collection Set: 0.27ms
[2267.900s][info][gc,phases      ] GC(224)   Merge Heap Roots: 0.64ms
[2267.900s][info][gc,phases      ] GC(224)   Evacuate Collection Set: 148.44ms
[2267.900s][info][gc,phases      ] GC(224)   Post Evacuate Collection Set: 1.02ms
[2267.900s][info][gc,phases      ] GC(224)   Other: 0.06ms
[2267.900s][info][gc,heap        ] GC(224) Eden regions: 512->0(504)
[2267.900s][info][gc,heap        ] GC(224) Survivor regions: 41->41(70)
[2267.900s][info][gc,heap        ] GC(224) Old regions: 345->353
[2267.900s][info][gc,heap        ] GC(224) Humongous regions: 33->33
[2267.901s][info][gc,metaspace   ] GC(224) Metaspace: 29978K(30528K)->29978K(30528K) NonClass: 26581K(26880K)->26581K(26880K) Class: 3397K(3648K)->3397K(3648K)
[2267.901s][info][gc             ] GC(224) Pause Young (Normal) (G1 Evacuation Pause) 7435M->3401M(8192M) 150.573ms
[2267.901s][info][gc,cpu         ] GC(224) User=1.19s Sys=0.00s Real=0.15s
............[2279.609s][info][gc,start       ] GC(225) Pause Young (Normal) (G1 Evacuation Pause)
[2279.610s][info][gc,task        ] GC(225) Using 8 workers of 8 for evacuation
[2279.760s][info][gc,phases      ] GC(225)   Pre Evacuate Collection Set: 0.24ms
[2279.761s][info][gc,phases      ] GC(225)   Merge Heap Roots: 0.67ms
[2279.761s][info][gc,phases      ] GC(225)   Evacuate Collection Set: 148.98ms
[2279.761s][info][gc,phases      ] GC(225)   Post Evacuate Collection Set: 0.99ms
[2279.761s][info][gc,phases      ] GC(225)   Other: 0.07ms
[2279.761s][info][gc,heap        ] GC(225) Eden regions: 504->0(495)
[2279.761s][info][gc,heap        ] GC(225) Survivor regions: 41->42(69)
[2279.761s][info][gc,heap        ] GC(225) Old regions: 353->360
[2279.761s][info][gc,heap        ] GC(225) Humongous regions: 33->33
[2279.761s][info][gc,metaspace   ] GC(225) Metaspace: 29978K(30528K)->29978K(30528K) NonClass: 26581K(26880K)->26581K(26880K) Class: 3397K(3648K)->3397K(3648K)
[2279.761s][info][gc             ] GC(225) Pause Young (Normal) (G1 Evacuation Pause) 7433M->3463M(8192M) 151.077ms
[2279.761s][info][gc,cpu         ] GC(225) User=1.20s Sys=0.00s Real=0.15s
..... (rIR:aIR:PR = 2906:2905:2905) (tPR = 43448) [OK] 
  2283s: Performance info:
         Transaction,    Success,    Partial,     Failed,   Receipts, AvgBarcode, 
             Overall,     174668,          0,          0,     165943,      59.47, 
         Response times:
             Request,    Success,    Partial,     Failed,   SkipFail,     Probes,    Samples,      min,      p50,      p90,      p95,      p99,      max, 
       TotalPurchase,     165943,          0,          0,          0,     161608,     176957,      300,     2000,     3400,     3700,     9500,   164000,
     InStorePurchase,      87277,          0,          0,          0,      85024,      92881,      300,     2000,     3300,     3700,     9000,   164000,
      OnlinePurchase,      61189,          0,          0,          0,      59740,      65399,      300,     2100,     3400,     3800,    10300,   161000,
        InstPurchase,      17477,          0,          0,          0,      16844,      18677,      400,     2000,     3400,     3800,     8800,   156000,
          AssocOfCat,        174,          0,          0,          0,        123,        178,    23000,    29000,    34000,    37000,    40890,    48000,
      AssocOfProduct,       1742,          0,          0,          0,       1571,       1851,      600,     2600,     3700,     4000,    10644,   152000,
      BusinessReport,        438,          0,          0,          0,        348,        472,    22000,    33000,    41000,    49350,   182890,   201000,
          CustBuyBeh,       1747,          0,          0,          0,       1561,       1873,      200,     2000,     3300,     3600,     7756,   152000,
       ProductReturn,       4624,          0,          0,          0,       4317,       4914,      200,     2000,     3300,     3700,     8670,   156000,

  2283s: (22%)   IR =   3044 ......[2290.751s][info][gc,start       ] GC(226) Pause Young (Normal) (G1 Evacuation Pause)
[2290.751s][info][gc,task        ] GC(226) Using 8 workers of 8 for evacuation
[2290.900s][info][gc,phases      ] GC(226)   Pre Evacuate Collection Set: 0.25ms
[2290.900s][info][gc,phases      ] GC(226)   Merge Heap Roots: 0.59ms
[2290.900s][info][gc,phases      ] GC(226)   Evacuate Collection Set: 147.09ms
[2290.900s][info][gc,phases      ] GC(226)   Post Evacuate Collection Set: 0.99ms
[2290.900s][info][gc,phases      ] GC(226)   Other: 0.06ms
[2290.900s][info][gc,heap        ] GC(226) Eden regions: 495->0(491)
[2290.900s][info][gc,heap        ] GC(226) Survivor regions: 42->40(68)
[2290.900s][info][gc,heap        ] GC(226) Old regions: 360->368
[2290.900s][info][gc,heap        ] GC(226) Humongous regions: 33->33
[2290.900s][info][gc,metaspace   ] GC(226) Metaspace: 29978K(30528K)->29978K(30528K) NonClass: 26581K(26880K)->26581K(26880K) Class: 3397K(3648K)->3397K(3648K)
[2290.900s][info][gc             ] GC(226) Pause Young (Normal) (G1 Evacuation Pause) 7423M->3513M(8192M) 149.109ms
[2290.900s][info][gc,cpu         ] GC(226) User=1.19s Sys=0.00s Real=0.14s
..|.........[2301.840s][info][gc,start       ] GC(227) Pause Young (Normal) (G1 Evacuation Pause)
[2301.840s][info][gc,task        ] GC(227) Using 8 workers of 8 for evacuation
[2301.985s][info][gc,phases      ] GC(227)   Pre Evacuate Collection Set: 0.27ms
[2301.985s][info][gc,phases      ] GC(227)   Merge Heap Roots: 0.63ms
[2301.985s][info][gc,phases      ] GC(227)   Evacuate Collection Set: 142.87ms
[2301.985s][info][gc,phases      ] GC(227)   Post Evacuate Collection Set: 0.99ms
[2301.985s][info][gc,phases      ] GC(227)   Other: 0.07ms
[2301.985s][info][gc,heap        ] GC(227) Eden regions: 491->0(485)
[2301.985s][info][gc,heap        ] GC(227) Survivor regions: 40->39(67)
[2301.985s][info][gc,heap        ] GC(227) Old regions: 368->376
[2301.985s][info][gc,heap        ] GC(227) Humongous regions: 33->33
[2301.985s][info][gc,metaspace   ] GC(227) Metaspace: 29978K(30528K)->29978K(30528K) NonClass: 26581K(26880K)->26581K(26880K) Class: 3397K(3648K)->3397K(3648K)
[2301.985s][info][gc             ] GC(227) Pause Young (Normal) (G1 Evacuation Pause) 7441M->3566M(8192M) 144.981ms
[2301.985s][info][gc,cpu         ] GC(227) User=1.15s Sys=0.00s Real=0.15s
...........[2312.550s][info][gc,start       ] GC(228) Pause Young (Normal) (G1 Evacuation Pause)
[2312.550s][info][gc,task        ] GC(228) Using 8 workers of 8 for evacuation
[2312.697s][info][gc,phases      ] GC(228)   Pre Evacuate Collection Set: 0.27ms
[2312.697s][info][gc,phases      ] GC(228)   Merge Heap Roots: 0.60ms
[2312.697s][info][gc,phases      ] GC(228)   Evacuate Collection Set: 145.22ms
[2312.697s][info][gc,phases      ] GC(228)   Post Evacuate Collection Set: 0.98ms
[2312.697s][info][gc,phases      ] GC(228)   Other: 0.07ms
[2312.697s][info][gc,heap        ] GC(228) Eden regions: 485->0(476)
[2312.697s][info][gc,heap        ] GC(228) Survivor regions: 39->40(66)
[2312.697s][info][gc,heap        ] GC(228) Old regions: 376->383
[2312.697s][info][gc,heap        ] GC(228) Humongous regions: 33->33
[2312.697s][info][gc,metaspace   ] GC(228) Metaspace: 29978K(30528K)->29978K(30528K) NonClass: 26581K(26880K)->26581K(26880K) Class: 3397K(3648K)->3397K(3648K)
[2312.697s][info][gc             ] GC(228) Pause Young (Normal) (G1 Evacuation Pause) 7446M->3630M(8192M) 147.265ms
[2312.697s][info][gc,cpu         ] GC(228) User=1.17s Sys=0.00s Real=0.15s
...........[2323.220s][info][gc,start       ] GC(229) Pause Young (Normal) (G1 Evacuation Pause)
[2323.220s][info][gc,task        ] GC(229) Using 8 workers of 8 for evacuation
[2323.363s][info][gc,phases      ] GC(229)   Pre Evacuate Collection Set: 0.26ms
[2323.363s][info][gc,phases      ] GC(229)   Merge Heap Roots: 0.68ms
[2323.363s][info][gc,phases      ] GC(229)   Evacuate Collection Set: 141.51ms
[2323.363s][info][gc,phases      ] GC(229)   Post Evacuate Collection Set: 0.93ms
[2323.363s][info][gc,phases      ] GC(229)   Other: 0.08ms
[2323.363s][info][gc,heap        ] GC(229) Eden regions: 476->0(468)
[2323.363s][info][gc,heap        ] GC(229) Survivor regions: 40->40(65)
[2323.363s][info][gc,heap        ] GC(229) Old regions: 383->391
[2323.363s][info][gc,heap        ] GC(229) Humongous regions: 33->33
[2323.363s][info][gc,metaspace   ] GC(229) Metaspace: 29978K(30528K)->29978K(30528K) NonClass: 26581K(26880K)->26581K(26880K) Class: 3397K(3648K)->3397K(3648K)
[2323.363s][info][gc             ] GC(229) Pause Young (Normal) (G1 Evacuation Pause) 7438M->3693M(8192M) 143.599ms
[2323.363s][info][gc,cpu         ] GC(229) User=1.14s Sys=0.00s Real=0.15s
..........[2333.504s][info][gc,start       ] GC(230) Pause Young (Normal) (G1 Evacuation Pause)
[2333.505s][info][gc,task        ] GC(230) Using 8 workers of 8 for evacuation
[2333.646s][info][gc,phases      ] GC(230)   Pre Evacuate Collection Set: 0.24ms
[2333.646s][info][gc,phases      ] GC(230)   Merge Heap Roots: 0.59ms
[2333.646s][info][gc,phases      ] GC(230)   Evacuate Collection Set: 139.81ms
[2333.646s][info][gc,phases      ] GC(230)   Post Evacuate Collection Set: 0.96ms
[2333.646s][info][gc,phases      ] GC(230)   Other: 0.06ms
[2333.646s][info][gc,heap        ] GC(230) Eden regions: 468->0(462)
[2333.646s][info][gc,heap        ] GC(230) Survivor regions: 40->39(64)
[2333.646s][info][gc,heap        ] GC(230) Old regions: 391->399
[2333.646s][info][gc,heap        ] GC(230) Humongous regions: 33->33
[2333.646s][info][gc,metaspace   ] GC(230) Metaspace: 29978K(30528K)->29978K(30528K) NonClass: 26581K(26880K)->26581K(26880K) Class: 3397K(3648K)->3397K(3648K)
[2333.646s][info][gc             ] GC(230) Pause Young (Normal) (G1 Evacuation Pause) 7437M->3748M(8192M) 141.806ms
[2333.646s][info][gc,cpu         ] GC(230) User=1.12s Sys=0.00s Real=0.14s
..........[2343.766s][info][gc,start       ] GC(231) Pause Young (Normal) (G1 Evacuation Pause)
[2343.767s][info][gc,task        ] GC(231) Using 8 workers of 8 for evacuation
[2343.909s][info][gc,phases      ] GC(231)   Pre Evacuate Collection Set: 0.25ms
[2343.909s][info][gc,phases      ] GC(231)   Merge Heap Roots: 0.63ms
[2343.909s][info][gc,phases      ] GC(231)   Evacuate Collection Set: 140.23ms
[2343.909s][info][gc,phases      ] GC(231)   Post Evacuate Collection Set: 0.94ms
[2343.909s][info][gc,phases      ] GC(231)   Other: 0.07ms
[2343.909s][info][gc,heap        ] GC(231) Eden regions: 462->0(454)
[2343.909s][info][gc,heap        ] GC(231) Survivor regions: 39->39(63)
[2343.909s][info][gc,heap        ] GC(231) Old regions: 399->407
[2343.909s][info][gc,heap        ] GC(231) Humongous regions: 33->33
[2343.909s][info][gc,metaspace   ] GC(231) Metaspace: 29978K(30528K)->29978K(30528K) NonClass: 26581K(26880K)->26581K(26880K) Class: 3397K(3648K)->3397K(3648K)
[2343.909s][info][gc             ] GC(231) Pause Young (Normal) (G1 Evacuation Pause) 7444M->3812M(8192M) 142.270ms
[2343.909s][info][gc,cpu         ] GC(231) User=1.13s Sys=0.00s Real=0.14s
......... (rIR:aIR:PR = 3044:3043:3043) (tPR = 45275) [OK] 
  2351s: Performance info:
         Transaction,    Success,    Partial,     Failed,   Receipts, AvgBarcode, 
             Overall,     182746,          0,          0,     173603,      59.48, 
         Response times:
             Request,    Success,    Partial,     Failed,   SkipFail,     Probes,    Samples,      min,      p50,      p90,      p95,      p99,      max, 
       TotalPurchase,     173603,          0,          0,          0,     169504,     193636,      400,     2100,     3500,     3900,    13000,   157000,
     InStorePurchase,      91409,          0,          0,          0,      89761,     102582,      400,     2100,     3500,     3900,    12400,   156000,
      OnlinePurchase,      63924,          0,          0,          0,      62181,      70760,      400,     2100,     3500,     4000,    13700,   157000,
        InstPurchase,      18270,          0,          0,          0,      17562,      20294,      500,     2200,     3600,     4000,    13315,   152000,
          AssocOfCat,        183,          0,          0,          0,        133,        205,    23000,    30000,    36000,    39000,    54820,    66000,
      AssocOfProduct,       1829,          0,          0,          0,       1631,       2035,      700,     2400,     3700,     4100,     6500,   150000,
      BusinessReport,        454,          0,          0,          0,        353,        532,    24000,    33000,    39000,    44350,    71700,   199000,
          CustBuyBeh,       1824,          0,          0,          0,       1658,       2060,      300,     2400,     3500,     3900,    23390,   150000,
       ProductReturn,       4852,          0,          0,          0,       4505,       5364,      200,     2200,     3400,     3800,    17535,   153000,

  2351s: (23%)   IR =   3183 .[2353.791s][info][gc,start       ] GC(232) Pause Young (Normal) (G1 Evacuation Pause)
[2353.791s][info][gc,task        ] GC(232) Using 8 workers of 8 for evacuation
[2353.931s][info][gc,phases      ] GC(232)   Pre Evacuate Collection Set: 0.27ms
[2353.931s][info][gc,phases      ] GC(232)   Merge Heap Roots: 0.62ms
[2353.931s][info][gc,phases      ] GC(232)   Evacuate Collection Set: 138.18ms
[2353.931s][info][gc,phases      ] GC(232)   Post Evacuate Collection Set: 0.94ms
[2353.931s][info][gc,phases      ] GC(232)   Other: 0.06ms
[2353.931s][info][gc,heap        ] GC(232) Eden regions: 454->0(446)
[2353.931s][info][gc,heap        ] GC(232) Survivor regions: 39->39(62)
[2353.931s][info][gc,heap        ] GC(232) Old regions: 407->415
[2353.931s][info][gc,heap        ] GC(232) Humongous regions: 33->33
[2353.931s][info][gc,metaspace   ] GC(232) Metaspace: 29979K(30528K)->29979K(30528K) NonClass: 26582K(26880K)->26582K(26880K) Class: 3397K(3648K)->3397K(3648K)
[2353.931s][info][gc             ] GC(232) Pause Young (Normal) (G1 Evacuation Pause) 7444M->3873M(8192M) 140.255ms
[2353.931s][info][gc,cpu         ] GC(232) User=1.10s Sys=0.00s Real=0.15s
....|......[2363.311s][info][gc,start       ] GC(233) Pause Young (Normal) (G1 Evacuation Pause)
[2363.311s][info][gc,task        ] GC(233) Using 8 workers of 8 for evacuation
[2363.449s][info][gc,phases      ] GC(233)   Pre Evacuate Collection Set: 0.24ms
[2363.449s][info][gc,phases      ] GC(233)   Merge Heap Roots: 0.61ms
[2363.449s][info][gc,phases      ] GC(233)   Evacuate Collection Set: 135.95ms
[2363.449s][info][gc,phases      ] GC(233)   Post Evacuate Collection Set: 0.93ms
[2363.449s][info][gc,phases      ] GC(233)   Other: 0.06ms
[2363.449s][info][gc,heap        ] GC(233) Eden regions: 446->0(440)
[2363.449s][info][gc,heap        ] GC(233) Survivor regions: 39->38(61)
[2363.449s][info][gc,heap        ] GC(233) Old regions: 415->423
[2363.449s][info][gc,heap        ] GC(233) Humongous regions: 33->33
[2363.449s][info][gc,metaspace   ] GC(233) Metaspace: 29979K(30528K)->29979K(30528K) NonClass: 26582K(26880K)->26582K(26880K) Class: 3397K(3648K)->3397K(3648K)
[2363.449s][info][gc             ] GC(233) Pause Young (Normal) (G1 Evacuation Pause) 7441M->3933M(8192M) 137.930ms
[2363.449s][info][gc,cpu         ] GC(233) User=1.09s Sys=0.00s Real=0.14s
.........[2372.685s][info][gc,start       ] GC(234) Pause Young (Normal) (G1 Evacuation Pause)
[2372.685s][info][gc,task        ] GC(234) Using 8 workers of 8 for evacuation
[2372.823s][info][gc,phases      ] GC(234)   Pre Evacuate Collection Set: 0.26ms
[2372.823s][info][gc,phases      ] GC(234)   Merge Heap Roots: 0.65ms
[2372.823s][info][gc,phases      ] GC(234)   Evacuate Collection Set: 136.00ms
[2372.823s][info][gc,phases      ] GC(234)   Post Evacuate Collection Set: 0.90ms
[2372.823s][info][gc,phases      ] GC(234)   Other: 0.07ms
[2372.823s][info][gc,heap        ] GC(234) Eden regions: 440->0(434)
[2372.823s][info][gc,heap        ] GC(234) Survivor regions: 38->37(60)
[2372.823s][info][gc,heap        ] GC(234) Old regions: 423->431
[2372.823s][info][gc,heap        ] GC(234) Humongous regions: 33->33
[2372.823s][info][gc,metaspace   ] GC(234) Metaspace: 29979K(30528K)->29979K(30528K) NonClass: 26582K(26880K)->26582K(26880K) Class: 3397K(3648K)->3397K(3648K)
[2372.823s][info][gc             ] GC(234) Pause Young (Normal) (G1 Evacuation Pause) 7453M->3989M(8192M) 138.029ms
[2372.823s][info][gc,cpu         ] GC(234) User=1.09s Sys=0.00s Real=0.14s
.........[2381.880s][info][gc,start       ] GC(235) Pause Young (Concurrent Start) (G1 Evacuation Pause)
[2381.880s][info][gc,task        ] GC(235) Using 8 workers of 8 for evacuation
[2382.017s][info][gc,phases      ] GC(235)   Pre Evacuate Collection Set: 0.27ms
[2382.017s][info][gc,phases      ] GC(235)   Merge Heap Roots: 0.56ms
[2382.017s][info][gc,phases      ] GC(235)   Evacuate Collection Set: 135.09ms
[2382.017s][info][gc,phases      ] GC(235)   Post Evacuate Collection Set: 0.88ms
[2382.017s][info][gc,phases      ] GC(235)   Other: 0.10ms
[2382.017s][info][gc,heap        ] GC(235) Eden regions: 434->0(426)
[2382.017s][info][gc,heap        ] GC(235) Survivor regions: 37->37(59)
[2382.017s][info][gc,heap        ] GC(235) Old regions: 431->439
[2382.017s][info][gc,heap        ] GC(235) Humongous regions: 33->33
[2382.017s][info][gc,metaspace   ] GC(235) Metaspace: 29979K(30528K)->29979K(30528K) NonClass: 26582K(26880K)->26582K(26880K) Class: 3397K(3648K)->3397K(3648K)
[2382.017s][info][gc             ] GC(235) Pause Young (Concurrent Start) (G1 Evacuation Pause) 7461M->4053M(8192M) 137.024ms
[2382.017s][info][gc             ] GC(236) Concurrent Mark Cycle
[2382.017s][info][gc,marking     ] GC(236) Concurrent Scan Root Regions
[2382.017s][info][gc,cpu         ] GC(235) User=1.09s Sys=0.00s Real=0.14s
.[2382.181s][info][gc,marking     ] GC(236) Concurrent Scan Root Regions 163.831ms
[2382.181s][info][gc,marking     ] GC(236) Concurrent Mark
[2382.181s][info][gc,marking     ] GC(236) Concurrent Mark From Roots
[2382.181s][info][gc,task        ] GC(236) Using 2 workers of 2 for marking
[2382.755s][info][gc,marking     ] GC(236) Concurrent Mark From Roots 574.094ms
[2382.755s][info][gc,marking     ] GC(236) Concurrent Preclean
[2382.755s][info][gc,marking     ] GC(236) Concurrent Preclean 0.128ms
[2382.755s][info][gc,start       ] GC(236) Pause Remark
[2382.758s][info][gc             ] GC(236) Pause Remark 4394M->3394M(8192M) 2.459ms
[2382.758s][info][gc,cpu         ] GC(236) User=0.02s Sys=0.00s Real=0.00s
[2382.758s][info][gc,marking     ] GC(236) Concurrent Mark 576.980ms
[2382.758s][info][gc,marking     ] GC(236) Concurrent Rebuild Remembered Sets and Scrub Regions
.[2383.137s][info][gc,marking     ] GC(236) Concurrent Rebuild Remembered Sets and Scrub Regions 378.791ms
[2383.137s][info][gc,start       ] GC(236) Pause Cleanup
[2383.137s][info][gc             ] GC(236) Pause Cleanup 3533M->3533M(8192M) 0.296ms
[2383.137s][info][gc,cpu         ] GC(236) User=0.00s Sys=0.00s Real=0.00s
[2383.137s][info][gc,marking     ] GC(236) Concurrent Clear Claimed Marks
[2383.137s][info][gc,marking     ] GC(236) Concurrent Clear Claimed Marks 0.050ms
[2383.137s][info][gc,marking     ] GC(236) Concurrent Cleanup for Next Mark
[2383.147s][info][gc,marking     ] GC(236) Concurrent Cleanup for Next Mark 9.622ms
[2383.147s][info][gc             ] GC(236) Concurrent Mark Cycle 1129.979ms
.......[2390.894s][info][gc,start       ] GC(237) Pause Young (Prepare Mixed) (G1 Evacuation Pause)
[2390.894s][info][gc,task        ] GC(237) Using 8 workers of 8 for evacuation
[2391.032s][info][gc,phases      ] GC(237)   Pre Evacuate Collection Set: 0.25ms
[2391.032s][info][gc,phases      ] GC(237)   Merge Heap Roots: 0.70ms
[2391.032s][info][gc,phases      ] GC(237)   Evacuate Collection Set: 135.52ms
[2391.032s][info][gc,phases      ] GC(237)   Post Evacuate Collection Set: 1.01ms
[2391.032s][info][gc,phases      ] GC(237)   Other: 0.07ms
[2391.032s][info][gc,heap        ] GC(237) Eden regions: 426->0(543)
[2391.032s][info][gc,heap        ] GC(237) Survivor regions: 37->37(58)
[2391.032s][info][gc,heap        ] GC(237) Old regions: 314->322
[2391.032s][info][gc,heap        ] GC(237) Humongous regions: 33->33
[2391.032s][info][gc,metaspace   ] GC(237) Metaspace: 29979K(30528K)->29979K(30528K) NonClass: 26582K(26880K)->26582K(26880K) Class: 3397K(3648K)->3397K(3648K)
[2391.032s][info][gc             ] GC(237) Pause Young (Prepare Mixed) (G1 Evacuation Pause) 6461M->3117M(8192M) 137.681ms
[2391.032s][info][gc,cpu         ] GC(237) User=1.09s Sys=0.00s Real=0.14s
............[2402.559s][info][gc,start       ] GC(238) Pause Young (Mixed) (G1 Evacuation Pause)
[2402.559s][info][gc,task        ] GC(238) Using 8 workers of 8 for evacuation
[2402.706s][info][gc,phases      ] GC(238)   Pre Evacuate Collection Set: 0.28ms
[2402.706s][info][gc,phases      ] GC(238)   Merge Heap Roots: 0.81ms
[2402.706s][info][gc,phases      ] GC(238)   Evacuate Collection Set: 144.05ms
[2402.706s][info][gc,phases      ] GC(238)   Post Evacuate Collection Set: 1.30ms
[2402.706s][info][gc,phases      ] GC(238)   Other: 0.08ms
[2402.706s][info][gc,heap        ] GC(238) Eden regions: 543->0(568)
[2402.706s][info][gc,heap        ] GC(238) Survivor regions: 37->46(73)
[2402.706s][info][gc,heap        ] GC(238) Old regions: 322->220
[2402.706s][info][gc,heap        ] GC(238) Humongous regions: 33->33
[2402.706s][info][gc,metaspace   ] GC(238) Metaspace: 29979K(30528K)->29979K(30528K) NonClass: 26582K(26880K)->26582K(26880K) Class: 3397K(3648K)->3397K(3648K)
[2402.706s][info][gc             ] GC(238) Pause Young (Mixed) (G1 Evacuation Pause) 7461M->2372M(8192M) 146.685ms
[2402.706s][info][gc,cpu         ] GC(238) User=1.16s Sys=0.00s Real=0.15s
............[2414.654s][info][gc,start       ] GC(239) Pause Young (Mixed) (G1 Evacuation Pause)
[2414.654s][info][gc,task        ] GC(239) Using 8 workers of 8 for evacuation
[2414.818s][info][gc,phases      ] GC(239)   Pre Evacuate Collection Set: 0.27ms
[2414.818s][info][gc,phases      ] GC(239)   Merge Heap Roots: 0.99ms
[2414.818s][info][gc,phases      ] GC(239)   Evacuate Collection Set: 159.23ms
[2414.818s][info][gc,phases      ] GC(239)   Merge Optional Heap Roots: 0.12ms
[2414.818s][info][gc,phases      ] GC(239)   Evacuate Optional Collection Set: 1.80ms
[2414.818s][info][gc,phases      ] GC(239)   Post Evacuate Collection Set: 1.31ms
[2414.818s][info][gc,phases      ] GC(239)   Other: 0.09ms
[2414.818s][info][gc,heap        ] GC(239) Eden regions: 568->0(567)
[2414.818s][info][gc,heap        ] GC(239) Survivor regions: 46->47(77)
[2414.818s][info][gc,heap        ] GC(239) Old regions: 220->179
[2414.818s][info][gc,heap        ] GC(239) Humongous regions: 33->33
[2414.818s][info][gc,metaspace   ] GC(239) Metaspace: 29979K(30528K)->29979K(30528K) NonClass: 26582K(26880K)->26582K(26880K) Class: 3397K(3648K)->3397K(3648K)
[2414.818s][info][gc             ] GC(239) Pause Young (Mixed) (G1 Evacuation Pause) 6916M->2059M(8192M) 163.941ms
[2414.818s][info][gc,cpu         ] GC(239) User=1.29s Sys=0.00s Real=0.16s
... (rIR:aIR:PR = 3183:3184:3184) (tPR = 47378) [OK] 
  2416s: Performance info:
         Transaction,    Success,    Partial,     Failed,   Receipts, AvgBarcode, 
             Overall,     191143,          0,          0,     181586,      59.47, 
         Response times:
             Request,    Success,    Partial,     Failed,   SkipFail,     Probes,    Samples,      min,      p50,      p90,      p95,      p99,      max, 
       TotalPurchase,     181586,          0,          0,          0,     177294,     193295,      300,     2200,     3700,     4200,    13300,   169000,
     InStorePurchase,      95618,          0,          0,          0,      93490,     101696,      300,     2200,     3700,     4200,    12600,   169000,
      OnlinePurchase,      66851,          0,          0,          0,      65454,      71452,      400,     2200,     3800,     4200,    14647,   168000,
        InstPurchase,      19117,          0,          0,          0,      18350,      20147,      500,     2300,     3800,     4300,    13152,   168000,
          AssocOfCat,        190,          0,          0,          0,        133,        185,    19400,    30000,    37000,    41000,   178240,   192000,
      AssocOfProduct,       1912,          0,          0,          0,       1688,       1970,      700,     2900,     4100,     4600,    18300,   153000,
      BusinessReport,        479,          0,          0,          0,        400,        527,    24000,    34000,    41000,    46600,    58440,    64000,
          CustBuyBeh,       1913,          0,          0,          0,       1715,       2017,      500,     2400,     3700,     4300,    16000,    22000,
       ProductReturn,       5063,          0,          0,          0,       4795,       5493,      200,     2100,     3600,     4100,    15112,   168000,

  2416s: (24%)   IR =   3321 ....|.....[2426.263s][info][gc,start       ] GC(240) Pause Young (Mixed) (G1 Evacuation Pause)
[2426.263s][info][gc,task        ] GC(240) Using 8 workers of 8 for evacuation
[2426.434s][info][gc,phases      ] GC(240)   Pre Evacuate Collection Set: 0.29ms
[2426.434s][info][gc,phases      ] GC(240)   Merge Heap Roots: 1.20ms
[2426.434s][info][gc,phases      ] GC(240)   Evacuate Collection Set: 165.38ms
[2426.434s][info][gc,phases      ] GC(240)   Merge Optional Heap Roots: 0.14ms
[2426.434s][info][gc,phases      ] GC(240)   Evacuate Optional Collection Set: 2.75ms
[2426.434s][info][gc,phases      ] GC(240)   Post Evacuate Collection Set: 1.32ms
[2426.434s][info][gc,phases      ] GC(240)   Other: 0.08ms
[2426.434s][info][gc,heap        ] GC(240) Eden regions: 567->0(571)
[2426.434s][info][gc,heap        ] GC(240) Survivor regions: 47->43(77)
[2426.434s][info][gc,heap        ] GC(240) Old regions: 179->159
[2426.434s][info][gc,heap        ] GC(240) Humongous regions: 33->33
[2426.434s][info][gc,metaspace   ] GC(240) Metaspace: 29979K(30528K)->29979K(30528K) NonClass: 26582K(26880K)->26582K(26880K) Class: 3397K(3648K)->3397K(3648K)
[2426.434s][info][gc             ] GC(240) Pause Young (Mixed) (G1 Evacuation Pause) 6595M->1861M(8192M) 171.306ms
[2426.434s][info][gc,cpu         ] GC(240) User=1.35s Sys=0.00s Real=0.17s
...........[2438.001s][info][gc,start       ] GC(241) Pause Young (Mixed) (G1 Evacuation Pause)
[2438.001s][info][gc,task        ] GC(241) Using 8 workers of 8 for evacuation
[2438.160s][info][gc,phases      ] GC(241)   Pre Evacuate Collection Set: 0.24ms
[2438.160s][info][gc,phases      ] GC(241)   Merge Heap Roots: 0.83ms
[2438.160s][info][gc,phases      ] GC(241)   Evacuate Collection Set: 156.74ms
[2438.160s][info][gc,phases      ] GC(241)   Post Evacuate Collection Set: 1.14ms
[2438.160s][info][gc,phases      ] GC(241)   Other: 0.07ms
[2438.160s][info][gc,heap        ] GC(241) Eden regions: 571->0(571)
[2438.160s][info][gc,heap        ] GC(241) Survivor regions: 43->43(77)
[2438.160s][info][gc,heap        ] GC(241) Old regions: 159->152
[2438.160s][info][gc,heap        ] GC(241) Humongous regions: 33->33
[2438.160s][info][gc,metaspace   ] GC(241) Metaspace: 29979K(30528K)->29979K(30528K) NonClass: 26582K(26880K)->26582K(26880K) Class: 3397K(3648K)->3397K(3648K)
[2438.160s][info][gc             ] GC(241) Pause Young (Mixed) (G1 Evacuation Pause) 6429M->1801M(8192M) 159.166ms
[2438.160s][info][gc,cpu         ] GC(241) User=1.26s Sys=0.00s Real=0.15s
............[2449.544s][info][gc,start       ] GC(242) Pause Young (Normal) (G1 Evacuation Pause)
[2449.544s][info][gc,task        ] GC(242) Using 8 workers of 8 for evacuation
[2449.693s][info][gc,phases      ] GC(242)   Pre Evacuate Collection Set: 0.26ms
[2449.693s][info][gc,phases      ] GC(242)   Merge Heap Roots: 0.63ms
[2449.693s][info][gc,phases      ] GC(242)   Evacuate Collection Set: 147.06ms
[2449.693s][info][gc,phases      ] GC(242)   Post Evacuate Collection Set: 1.05ms
[2449.693s][info][gc,phases      ] GC(242)   Other: 0.06ms
[2449.693s][info][gc,heap        ] GC(242) Eden regions: 571->0(572)
[2449.693s][info][gc,heap        ] GC(242) Survivor regions: 43->42(77)
[2449.693s][info][gc,heap        ] GC(242) Old regions: 152->158
[2449.693s][info][gc,heap        ] GC(242) Humongous regions: 33->33
[2449.693s][info][gc,metaspace   ] GC(242) Metaspace: 29979K(30528K)->29979K(30528K) NonClass: 26582K(26880K)->26582K(26880K) Class: 3397K(3648K)->3397K(3648K)
[2449.693s][info][gc             ] GC(242) Pause Young (Normal) (G1 Evacuation Pause) 6369M->1851M(8192M) 149.198ms
[2449.694s][info][gc,cpu         ] GC(242) User=1.18s Sys=0.00s Real=0.15s
............[2461.259s][info][gc,start       ] GC(243) Pause Young (Normal) (G1 Evacuation Pause)
[2461.259s][info][gc,task        ] GC(243) Using 8 workers of 8 for evacuation
[2461.411s][info][gc,phases      ] GC(243)   Pre Evacuate Collection Set: 0.26ms
[2461.411s][info][gc,phases      ] GC(243)   Merge Heap Roots: 0.61ms
[2461.411s][info][gc,phases      ] GC(243)   Evacuate Collection Set: 149.46ms
[2461.411s][info][gc,phases      ] GC(243)   Post Evacuate Collection Set: 1.06ms
[2461.411s][info][gc,phases      ] GC(243)   Other: 0.08ms
[2461.411s][info][gc,heap        ] GC(243) Eden regions: 572->0(571)
[2461.411s][info][gc,heap        ] GC(243) Survivor regions: 42->43(77)
[2461.411s][info][gc,heap        ] GC(243) Old regions: 158->165
[2461.411s][info][gc,heap        ] GC(243) Humongous regions: 33->33
[2461.411s][info][gc,metaspace   ] GC(243) Metaspace: 29979K(30528K)->29979K(30528K) NonClass: 26582K(26880K)->26582K(26880K) Class: 3397K(3648K)->3397K(3648K)
[2461.411s][info][gc             ] GC(243) Pause Young (Normal) (G1 Evacuation Pause) 6427M->1914M(8192M) 151.627ms
[2461.411s][info][gc,cpu         ] GC(243) User=1.20s Sys=0.00s Real=0.16s
...........[2472.816s][info][gc,start       ] GC(244) Pause Young (Normal) (G1 Evacuation Pause)
[2472.816s][info][gc,task        ] GC(244) Using 8 workers of 8 for evacuation
[2472.969s][info][gc,phases      ] GC(244)   Pre Evacuate Collection Set: 0.25ms
[2472.969s][info][gc,phases      ] GC(244)   Merge Heap Roots: 0.64ms
[2472.969s][info][gc,phases      ] GC(244)   Evacuate Collection Set: 151.14ms
[2472.969s][info][gc,phases      ] GC(244)   Post Evacuate Collection Set: 1.07ms
[2472.969s][info][gc,phases      ] GC(244)   Other: 0.07ms
[2472.969s][info][gc,heap        ] GC(244) Eden regions: 571->0(571)
[2472.969s][info][gc,heap        ] GC(244) Survivor regions: 43->43(77)
[2472.969s][info][gc,heap        ] GC(244) Old regions: 165->172
[2472.969s][info][gc,heap        ] GC(244) Humongous regions: 33->33
[2472.969s][info][gc,metaspace   ] GC(244) Metaspace: 29979K(30528K)->29979K(30528K) NonClass: 26582K(26880K)->26582K(26880K) Class: 3397K(3648K)->3397K(3648K)
[2472.969s][info][gc             ] GC(244) Pause Young (Normal) (G1 Evacuation Pause) 6482M->1966M(8192M) 153.319ms
[2472.969s][info][gc,cpu         ] GC(244) User=1.21s Sys=0.00s Real=0.15s
......... (rIR:aIR:PR = 3321:3320:3320) (tPR = 49489) [OK] 
  2481s: Performance info:
         Transaction,    Success,    Partial,     Failed,   Receipts, AvgBarcode, 
             Overall,     199459,          0,          0,     189479,      59.48, 
         Response times:
             Request,    Success,    Partial,     Failed,   SkipFail,     Probes,    Samples,      min,      p50,      p90,      p95,      p99,      max, 
       TotalPurchase,     189480,          0,          0,          0,     185027,     199304,      300,     2300,     3800,     4300,    16200,   181000,
     InStorePurchase,      99690,          0,          0,          0,      97614,     105072,      400,     2300,     3800,     4300,    17700,   181000,
      OnlinePurchase,      69830,          0,          0,          0,      68282,      73413,      300,     2300,     3800,     4200,    14986,   181000,
        InstPurchase,      19960,          0,          0,          0,      19131,      20819,      500,     2300,     3900,     4300,    11800,   181000,
          AssocOfCat,        201,          0,          0,          0,        134,        190,    19700,    30000,    35000,    38450,    67090,    68000,
      AssocOfProduct,       2003,          0,          0,          0,       1784,       2049,      400,     2700,     4100,     4600,    22000,   181000,
      BusinessReport,        500,          0,          0,          0,        414,        527,    21000,    34000,    43200,    49000,    59160,   203000,
          CustBuyBeh,       1988,          0,          0,          0,       1785,       2084,      300,     2100,     3500,     4000,    11930,   159000,
       ProductReturn,       5289,          0,          0,          0,       4936,       5575,      200,     2300,     3800,     4200,    22000,   181000,

  2481s: (25%)   IR =   3459 ...[2484.394s][info][gc,start       ] GC(245) Pause Young (Normal) (G1 Evacuation Pause)
[2484.394s][info][gc,task        ] GC(245) Using 8 workers of 8 for evacuation
[2484.545s][info][gc,phases      ] GC(245)   Pre Evacuate Collection Set: 0.27ms
[2484.545s][info][gc,phases      ] GC(245)   Merge Heap Roots: 0.73ms
[2484.545s][info][gc,phases      ] GC(245)   Evacuate Collection Set: 148.61ms
[2484.545s][info][gc,phases      ] GC(245)   Post Evacuate Collection Set: 1.06ms
[2484.545s][info][gc,phases      ] GC(245)   Other: 0.07ms
[2484.545s][info][gc,heap        ] GC(245) Eden regions: 571->0(571)
[2484.545s][info][gc,heap        ] GC(245) Survivor regions: 43->43(77)
[2484.545s][info][gc,heap        ] GC(245) Old regions: 172->179
[2484.545s][info][gc,heap        ] GC(245) Humongous regions: 33->33
[2484.545s][info][gc,metaspace   ] GC(245) Metaspace: 29979K(30528K)->29979K(30528K) NonClass: 26582K(26880K)->26582K(26880K) Class: 3397K(3648K)->3397K(3648K)
[2484.545s][info][gc             ] GC(245) Pause Young (Normal) (G1 Evacuation Pause) 6534M->2019M(8192M) 150.887ms
[2484.545s][info][gc,cpu         ] GC(245) User=1.20s Sys=0.00s Real=0.15s
.|..........[2495.488s][info][gc,start       ] GC(246) Pause Young (Normal) (G1 Evacuation Pause)
[2495.488s][info][gc,task        ] GC(246) Using 8 workers of 8 for evacuation
[2495.639s][info][gc,phases      ] GC(246)   Pre Evacuate Collection Set: 0.27ms
[2495.639s][info][gc,phases      ] GC(246)   Merge Heap Roots: 0.63ms
[2495.639s][info][gc,phases      ] GC(246)   Evacuate Collection Set: 149.42ms
[2495.639s][info][gc,phases      ] GC(246)   Post Evacuate Collection Set: 1.03ms
[2495.639s][info][gc,phases      ] GC(246)   Other: 0.07ms
[2495.639s][info][gc,heap        ] GC(246) Eden regions: 571->0(571)
[2495.639s][info][gc,heap        ] GC(246) Survivor regions: 43->43(77)
[2495.639s][info][gc,heap        ] GC(246) Old regions: 179->186
[2495.639s][info][gc,heap        ] GC(246) Humongous regions: 33->33
[2495.639s][info][gc,metaspace   ] GC(246) Metaspace: 29979K(30528K)->29979K(30528K) NonClass: 26582K(26880K)->26582K(26880K) Class: 3397K(3648K)->3397K(3648K)
[2495.639s][info][gc             ] GC(246) Pause Young (Normal) (G1 Evacuation Pause) 6587M->2076M(8192M) 151.548ms
[2495.639s][info][gc,cpu         ] GC(246) User=1.20s Sys=0.00s Real=0.15s
...........[2506.725s][info][gc,start       ] GC(247) Pause Young (Normal) (G1 Evacuation Pause)
[2506.725s][info][gc,task        ] GC(247) Using 8 workers of 8 for evacuation
[2506.875s][info][gc,phases      ] GC(247)   Pre Evacuate Collection Set: 0.25ms
[2506.875s][info][gc,phases      ] GC(247)   Merge Heap Roots: 0.63ms
[2506.875s][info][gc,phases      ] GC(247)   Evacuate Collection Set: 148.41ms
[2506.875s][info][gc,phases      ] GC(247)   Post Evacuate Collection Set: 1.07ms
[2506.875s][info][gc,phases      ] GC(247)   Other: 0.07ms
[2506.875s][info][gc,heap        ] GC(247) Eden regions: 571->0(571)
[2506.875s][info][gc,heap        ] GC(247) Survivor regions: 43->43(77)
[2506.875s][info][gc,heap        ] GC(247) Old regions: 186->193
[2506.875s][info][gc,heap        ] GC(247) Humongous regions: 33->33
[2506.875s][info][gc,metaspace   ] GC(247) Metaspace: 29979K(30528K)->29979K(30528K) NonClass: 26582K(26880K)->26582K(26880K) Class: 3397K(3648K)->3397K(3648K)
[2506.875s][info][gc             ] GC(247) Pause Young (Normal) (G1 Evacuation Pause) 6644M->2139M(8192M) 150.551ms
[2506.875s][info][gc,cpu         ] GC(247) User=1.19s Sys=0.00s Real=0.15s
...........[2517.903s][info][gc,start       ] GC(248) Pause Young (Normal) (G1 Evacuation Pause)
[2517.903s][info][gc,task        ] GC(248) Using 8 workers of 8 for evacuation
[2518.054s][info][gc,phases      ] GC(248)   Pre Evacuate Collection Set: 0.24ms
[2518.054s][info][gc,phases      ] GC(248)   Merge Heap Roots: 0.60ms
[2518.054s][info][gc,phases      ] GC(248)   Evacuate Collection Set: 148.71ms
[2518.054s][info][gc,phases      ] GC(248)   Post Evacuate Collection Set: 1.08ms
[2518.054s][info][gc,phases      ] GC(248)   Other: 0.06ms
[2518.054s][info][gc,heap        ] GC(248) Eden regions: 571->0(571)
[2518.054s][info][gc,heap        ] GC(248) Survivor regions: 43->43(77)
[2518.054s][info][gc,heap        ] GC(248) Old regions: 193->200
[2518.054s][info][gc,heap        ] GC(248) Humongous regions: 33->33
[2518.054s][info][gc,metaspace   ] GC(248) Metaspace: 29979K(30528K)->29979K(30528K) NonClass: 26582K(26880K)->26582K(26880K) Class: 3397K(3648K)->3397K(3648K)
[2518.054s][info][gc             ] GC(248) Pause Young (Normal) (G1 Evacuation Pause) 6707M->2194M(8192M) 150.834ms
[2518.054s][info][gc,cpu         ] GC(248) User=1.19s Sys=0.00s Real=0.15s
...........[2529.178s][info][gc,start       ] GC(249) Pause Young (Normal) (G1 Evacuation Pause)
[2529.178s][info][gc,task        ] GC(249) Using 8 workers of 8 for evacuation
[2529.330s][info][gc,phases      ] GC(249)   Pre Evacuate Collection Set: 0.30ms
[2529.330s][info][gc,phases      ] GC(249)   Merge Heap Roots: 0.68ms
[2529.330s][info][gc,phases      ] GC(249)   Evacuate Collection Set: 149.63ms
[2529.330s][info][gc,phases      ] GC(249)   Post Evacuate Collection Set: 1.10ms
[2529.330s][info][gc,phases      ] GC(249)   Other: 0.07ms
[2529.330s][info][gc,heap        ] GC(249) Eden regions: 571->0(571)
[2529.330s][info][gc,heap        ] GC(249) Survivor regions: 43->43(77)
[2529.330s][info][gc,heap        ] GC(249) Old regions: 200->207
[2529.330s][info][gc,heap        ] GC(249) Humongous regions: 33->33
[2529.330s][info][gc,metaspace   ] GC(249) Metaspace: 29979K(30528K)->29979K(30528K) NonClass: 26582K(26880K)->26582K(26880K) Class: 3397K(3648K)->3397K(3648K)
[2529.330s][info][gc             ] GC(249) Pause Young (Normal) (G1 Evacuation Pause) 6762M->2246M(8192M) 151.934ms
[2529.330s][info][gc,cpu         ] GC(249) User=1.20s Sys=0.00s Real=0.15s
...........[2540.319s][info][gc,start       ] GC(250) Pause Young (Normal) (G1 Evacuation Pause)
[2540.319s][info][gc,task        ] GC(250) Using 8 workers of 8 for evacuation
[2540.469s][info][gc,phases      ] GC(250)   Pre Evacuate Collection Set: 0.30ms
[2540.469s][info][gc,phases      ] GC(250)   Merge Heap Roots: 0.66ms
[2540.469s][info][gc,phases      ] GC(250)   Evacuate Collection Set: 148.56ms
[2540.469s][info][gc,phases      ] GC(250)   Post Evacuate Collection Set: 1.09ms
[2540.469s][info][gc,phases      ] GC(250)   Other: 0.08ms
[2540.469s][info][gc,heap        ] GC(250) Eden regions: 571->0(572)
[2540.469s][info][gc,heap        ] GC(250) Survivor regions: 43->42(77)
[2540.469s][info][gc,heap        ] GC(250) Old regions: 207->214
[2540.469s][info][gc,heap        ] GC(250) Humongous regions: 33->33
[2540.469s][info][gc,metaspace   ] GC(250) Metaspace: 29979K(30528K)->29979K(30528K) NonClass: 26582K(26880K)->26582K(26880K) Class: 3397K(3648K)->3397K(3648K)
[2540.469s][info][gc             ] GC(250) Pause Young (Normal) (G1 Evacuation Pause) 6814M->2296M(8192M) 150.807ms
[2540.469s][info][gc,cpu         ] GC(250) User=1.20s Sys=0.00s Real=0.15s
...... (rIR:aIR:PR = 3459:3457:3457) (tPR = 51444) [OK] 
  2545s: Performance info:
         Transaction,    Success,    Partial,     Failed,   Receipts, AvgBarcode, 
             Overall,     208351,          0,          0,     197893,      59.47, 
         Response times:
             Request,    Success,    Partial,     Failed,   SkipFail,     Probes,    Samples,      min,      p50,      p90,      p95,      p99,      max, 
       TotalPurchase,     197893,          0,          0,          0,     193485,     208279,      300,     2300,     3900,     4400,    14600,   160000,
     InStorePurchase,     104132,          0,          0,          0,     101991,     109424,      400,     2300,     3900,     4400,    14100,   158000,
      OnlinePurchase,      72911,          0,          0,          0,      71263,      76810,      300,     2300,     4000,     4400,    15300,   160000,
        InstPurchase,      20850,          0,          0,          0,      20231,      22045,      400,     2300,     4000,     4400,    14954,   158000,
          AssocOfCat,        207,          0,          0,          0,        169,        239,    22000,    31000,    37000,    47000,   142200,   187000,
      AssocOfProduct,       2084,          0,          0,          0,       1936,       2224,      500,     2800,     4100,     4400,    20125,   157000,
      BusinessReport,        525,          0,          0,          0,        435,        546,    24000,    34000,    43000,    49000,    86240,   203000,
          CustBuyBeh,       2103,          0,          0,          0,       1933,       2220,      200,     2100,     3700,     4100,    10369,    39000,
       ProductReturn,       5539,          0,          0,          0,       5175,       5792,      200,     2200,     3800,     4300,    14628,   158000,

  2545s: (26%)   IR =   3598 ....|.[2551.273s][info][gc,start       ] GC(251) Pause Young (Normal) (G1 Evacuation Pause)
[2551.273s][info][gc,task        ] GC(251) Using 8 workers of 8 for evacuation
[2551.426s][info][gc,phases      ] GC(251)   Pre Evacuate Collection Set: 0.24ms
[2551.426s][info][gc,phases      ] GC(251)   Merge Heap Roots: 0.68ms
[2551.426s][info][gc,phases      ] GC(251)   Evacuate Collection Set: 151.41ms
[2551.426s][info][gc,phases      ] GC(251)   Post Evacuate Collection Set: 1.06ms
[2551.426s][info][gc,phases      ] GC(251)   Other: 0.06ms
[2551.426s][info][gc,heap        ] GC(251) Eden regions: 572->0(571)
[2551.426s][info][gc,heap        ] GC(251) Survivor regions: 42->43(77)
[2551.426s][info][gc,heap        ] GC(251) Old regions: 214->221
[2551.426s][info][gc,heap        ] GC(251) Humongous regions: 33->33
[2551.426s][info][gc,metaspace   ] GC(251) Metaspace: 29979K(30528K)->29979K(30528K) NonClass: 26582K(26880K)->26582K(26880K) Class: 3397K(3648K)->3397K(3648K)
[2551.426s][info][gc             ] GC(251) Pause Young (Normal) (G1 Evacuation Pause) 6872M->2360M(8192M) 153.590ms
[2551.426s][info][gc,cpu         ] GC(251) User=1.22s Sys=0.00s Real=0.15s
...........[2562.092s][info][gc,start       ] GC(252) Pause Young (Normal) (G1 Evacuation Pause)
[2562.092s][info][gc,task        ] GC(252) Using 8 workers of 8 for evacuation
[2562.244s][info][gc,phases      ] GC(252)   Pre Evacuate Collection Set: 0.23ms
[2562.244s][info][gc,phases      ] GC(252)   Merge Heap Roots: 0.61ms
[2562.244s][info][gc,phases      ] GC(252)   Evacuate Collection Set: 149.84ms
[2562.244s][info][gc,phases      ] GC(252)   Post Evacuate Collection Set: 1.04ms
[2562.244s][info][gc,phases      ] GC(252)   Other: 0.06ms
[2562.244s][info][gc,heap        ] GC(252) Eden regions: 571->0(572)
[2562.244s][info][gc,heap        ] GC(252) Survivor regions: 43->42(77)
[2562.244s][info][gc,heap        ] GC(252) Old regions: 221->228
[2562.244s][info][gc,heap        ] GC(252) Humongous regions: 33->33
[2562.244s][info][gc,metaspace   ] GC(252) Metaspace: 29979K(30528K)->29979K(30528K) NonClass: 26582K(26880K)->26582K(26880K) Class: 3397K(3648K)->3397K(3648K)
[2562.244s][info][gc             ] GC(252) Pause Young (Normal) (G1 Evacuation Pause) 6928M->2410M(8192M) 151.921ms
[2562.244s][info][gc,cpu         ] GC(252) User=1.21s Sys=0.00s Real=0.15s
...........[2572.768s][info][gc,start       ] GC(253) Pause Young (Normal) (G1 Evacuation Pause)
[2572.768s][info][gc,task        ] GC(253) Using 8 workers of 8 for evacuation
[2572.918s][info][gc,phases      ] GC(253)   Pre Evacuate Collection Set: 0.25ms
[2572.918s][info][gc,phases      ] GC(253)   Merge Heap Roots: 0.68ms
[2572.918s][info][gc,phases      ] GC(253)   Evacuate Collection Set: 148.19ms
[2572.918s][info][gc,phases      ] GC(253)   Post Evacuate Collection Set: 1.07ms
[2572.918s][info][gc,phases      ] GC(253)   Other: 0.07ms
[2572.918s][info][gc,heap        ] GC(253) Eden regions: 572->0(572)
[2572.918s][info][gc,heap        ] GC(253) Survivor regions: 42->42(77)
[2572.918s][info][gc,heap        ] GC(253) Old regions: 228->235
[2572.918s][info][gc,heap        ] GC(253) Humongous regions: 33->33
[2572.918s][info][gc,metaspace   ] GC(253) Metaspace: 29979K(30528K)->29979K(30528K) NonClass: 26582K(26880K)->26582K(26880K) Class: 3397K(3648K)->3397K(3648K)
[2572.918s][info][gc             ] GC(253) Pause Young (Normal) (G1 Evacuation Pause) 6986M->2464M(8192M) 150.390ms
[2572.918s][info][gc,cpu         ] GC(253) User=1.19s Sys=0.00s Real=0.15s
...........[2583.600s][info][gc,start       ] GC(254) Pause Young (Normal) (G1 Evacuation Pause)
[2583.600s][info][gc,task        ] GC(254) Using 8 workers of 8 for evacuation
[2583.754s][info][gc,phases      ] GC(254)   Pre Evacuate Collection Set: 0.27ms
[2583.754s][info][gc,phases      ] GC(254)   Merge Heap Roots: 0.66ms
[2583.754s][info][gc,phases      ] GC(254)   Evacuate Collection Set: 151.91ms
[2583.754s][info][gc,phases      ] GC(254)   Post Evacuate Collection Set: 1.06ms
[2583.754s][info][gc,phases      ] GC(254)   Other: 0.08ms
[2583.754s][info][gc,heap        ] GC(254) Eden regions: 572->0(571)
[2583.754s][info][gc,heap        ] GC(254) Survivor regions: 42->43(77)
[2583.754s][info][gc,heap        ] GC(254) Old regions: 235->242
[2583.754s][info][gc,heap        ] GC(254) Humongous regions: 33->33
[2583.754s][info][gc,metaspace   ] GC(254) Metaspace: 29979K(30528K)->29979K(30528K) NonClass: 26582K(26880K)->26582K(26880K) Class: 3397K(3648K)->3397K(3648K)
[2583.754s][info][gc             ] GC(254) Pause Young (Normal) (G1 Evacuation Pause) 7040M->2528M(8192M) 154.120ms
[2583.754s][info][gc,cpu         ] GC(254) User=1.22s Sys=0.00s Real=0.16s
..........[2594.336s][info][gc,start       ] GC(255) Pause Young (Normal) (G1 Evacuation Pause)
[2594.336s][info][gc,task        ] GC(255) Using 8 workers of 8 for evacuation
[2594.485s][info][gc,phases      ] GC(255)   Pre Evacuate Collection Set: 0.27ms
[2594.485s][info][gc,phases      ] GC(255)   Merge Heap Roots: 0.67ms
[2594.485s][info][gc,phases      ] GC(255)   Evacuate Collection Set: 146.94ms
[2594.485s][info][gc,phases      ] GC(255)   Post Evacuate Collection Set: 1.08ms
[2594.485s][info][gc,phases      ] GC(255)   Other: 0.08ms
[2594.485s][info][gc,heap        ] GC(255) Eden regions: 571->0(572)
[2594.485s][info][gc,heap        ] GC(255) Survivor regions: 43->42(77)
[2594.485s][info][gc,heap        ] GC(255) Old regions: 242->249
[2594.485s][info][gc,heap        ] GC(255) Humongous regions: 33->33
[2594.485s][info][gc,metaspace   ] GC(255) Metaspace: 29979K(30528K)->29979K(30528K) NonClass: 26582K(26880K)->26582K(26880K) Class: 3397K(3648K)->3397K(3648K)
[2594.485s][info][gc             ] GC(255) Pause Young (Normal) (G1 Evacuation Pause) 7096M->2570M(8192M) 149.174ms
[2594.485s][info][gc,cpu         ] GC(255) User=1.18s Sys=0.01s Real=0.15s
...........[2605.190s][info][gc,start       ] GC(256) Pause Young (Normal) (G1 Evacuation Pause)
[2605.190s][info][gc,task        ] GC(256) Using 8 workers of 8 for evacuation
[2605.343s][info][gc,phases      ] GC(256)   Pre Evacuate Collection Set: 0.26ms
[2605.343s][info][gc,phases      ] GC(256)   Merge Heap Roots: 0.58ms
[2605.343s][info][gc,phases      ] GC(256)   Evacuate Collection Set: 150.44ms
[2605.343s][info][gc,phases      ] GC(256)   Post Evacuate Collection Set: 1.05ms
[2605.343s][info][gc,phases      ] GC(256)   Other: 0.07ms
[2605.343s][info][gc,heap        ] GC(256) Eden regions: 572->0(571)
[2605.343s][info][gc,heap        ] GC(256) Survivor regions: 42->43(77)
[2605.343s][info][gc,heap        ] GC(256) Old regions: 249->256
[2605.343s][info][gc,heap        ] GC(256) Humongous regions: 33->33
[2605.343s][info][gc,metaspace   ] GC(256) Metaspace: 29979K(30528K)->29979K(30528K) NonClass: 26582K(26880K)->26582K(26880K) Class: 3397K(3648K)->3397K(3648K)
[2605.343s][info][gc             ] GC(256) Pause Young (Normal) (G1 Evacuation Pause) 7146M->2633M(8192M) 152.541ms
[2605.343s][info][gc,cpu         ] GC(256) User=1.21s Sys=0.00s Real=0.16s
..... (rIR:aIR:PR = 3598:3597:3597) (tPR = 53593) [OK] 
  2609s: Performance info:
         Transaction,    Success,    Partial,     Failed,   Receipts, AvgBarcode, 
             Overall,     215956,          0,          0,     205163,      59.47, 
         Response times:
             Request,    Success,    Partial,     Failed,   SkipFail,     Probes,    Samples,      min,      p50,      p90,      p95,      p99,      max, 
       TotalPurchase,     205163,          0,          0,          0,     200878,     216022,      300,     2400,     4100,     4700,    18000,   160000,
     InStorePurchase,     107945,          0,          0,          0,     105777,     113467,      400,     2400,     4100,     4600,    17900,   160000,
      OnlinePurchase,      75619,          0,          0,          0,      74172,      79781,      300,     2500,     4200,     4700,    18900,   160000,
        InstPurchase,      21599,          0,          0,          0,      20929,      22774,      400,     2600,     4200,     4800,    17300,   160000,
          AssocOfCat,        220,          0,          0,          0,        164,        235,    23000,    32000,    42000,    48000,    80000,   181000,
      AssocOfProduct,       2153,          0,          0,          0,       1925,       2207,      400,     1900,     4200,     4700,     8600,   159000,
      BusinessReport,        535,          0,          0,          0,        435,        565,    24000,    35000,    45000,    49700,    59340,   185000,
          CustBuyBeh,       2156,          0,          0,          0,       1968,       2261,      200,     1700,     3700,     4400,    15400,   161000,
       ProductReturn,       5729,          0,          0,          0,       5396,       6027,      200,     2300,     4000,     4460,    19800,   159000,

  2609s: (27%)   IR =   3736 ......|[2615.746s][info][gc,start       ] GC(257) Pause Young (Normal) (G1 Evacuation Pause)
[2615.746s][info][gc,task        ] GC(257) Using 8 workers of 8 for evacuation
[2615.896s][info][gc,phases      ] GC(257)   Pre Evacuate Collection Set: 0.25ms
[2615.896s][info][gc,phases      ] GC(257)   Merge Heap Roots: 0.65ms
[2615.896s][info][gc,phases      ] GC(257)   Evacuate Collection Set: 148.56ms
[2615.896s][info][gc,phases      ] GC(257)   Post Evacuate Collection Set: 1.12ms
[2615.896s][info][gc,phases      ] GC(257)   Other: 0.07ms
[2615.896s][info][gc,heap        ] GC(257) Eden regions: 571->0(571)
[2615.896s][info][gc,heap        ] GC(257) Survivor regions: 43->43(77)
[2615.896s][info][gc,heap        ] GC(257) Old regions: 256->262
[2615.896s][info][gc,heap        ] GC(257) Humongous regions: 33->33
[2615.896s][info][gc,metaspace   ] GC(257) Metaspace: 29979K(30528K)->29979K(30528K) NonClass: 26582K(26880K)->26582K(26880K) Class: 3397K(3648K)->3397K(3648K)
[2615.896s][info][gc             ] GC(257) Pause Young (Normal) (G1 Evacuation Pause) 7201M->2690M(8192M) 150.784ms
[2615.896s][info][gc,cpu         ] GC(257) User=1.20s Sys=0.00s Real=0.15s
..........[2626.034s][info][gc,start       ] GC(258) Pause Young (Normal) (G1 Evacuation Pause)
[2626.034s][info][gc,task        ] GC(258) Using 8 workers of 8 for evacuation
[2626.185s][info][gc,phases      ] GC(258)   Pre Evacuate Collection Set: 0.26ms
[2626.185s][info][gc,phases      ] GC(258)   Merge Heap Roots: 0.61ms
[2626.185s][info][gc,phases      ] GC(258)   Evacuate Collection Set: 149.25ms
[2626.185s][info][gc,phases      ] GC(258)   Post Evacuate Collection Set: 1.07ms
[2626.185s][info][gc,phases      ] GC(258)   Other: 0.07ms
[2626.185s][info][gc,heap        ] GC(258) Eden regions: 571->0(572)
[2626.185s][info][gc,heap        ] GC(258) Survivor regions: 43->42(77)
[2626.185s][info][gc,heap        ] GC(258) Old regions: 262->269
[2626.185s][info][gc,heap        ] GC(258) Humongous regions: 33->33
[2626.185s][info][gc,metaspace   ] GC(258) Metaspace: 29979K(30528K)->29979K(30528K) NonClass: 26582K(26880K)->26582K(26880K) Class: 3397K(3648K)->3397K(3648K)
[2626.185s][info][gc             ] GC(258) Pause Young (Normal) (G1 Evacuation Pause) 7258M->2738M(8192M) 151.384ms
[2626.185s][info][gc,cpu         ] GC(258) User=1.19s Sys=0.00s Real=0.15s
..........[2636.507s][info][gc,start       ] GC(259) Pause Young (Normal) (G1 Evacuation Pause)
[2636.507s][info][gc,task        ] GC(259) Using 8 workers of 8 for evacuation
[2636.660s][info][gc,phases      ] GC(259)   Pre Evacuate Collection Set: 0.24ms
[2636.660s][info][gc,phases      ] GC(259)   Merge Heap Roots: 0.67ms
[2636.660s][info][gc,phases      ] GC(259)   Evacuate Collection Set: 151.01ms
[2636.660s][info][gc,phases      ] GC(259)   Post Evacuate Collection Set: 1.09ms
[2636.660s][info][gc,phases      ] GC(259)   Other: 0.07ms
[2636.660s][info][gc,heap        ] GC(259) Eden regions: 572->0(571)
[2636.660s][info][gc,heap        ] GC(259) Survivor regions: 42->43(77)
[2636.660s][info][gc,heap        ] GC(259) Old regions: 269->276
[2636.660s][info][gc,heap        ] GC(259) Humongous regions: 33->33
[2636.660s][info][gc,metaspace   ] GC(259) Metaspace: 29979K(30528K)->29979K(30528K) NonClass: 26582K(26880K)->26582K(26880K) Class: 3397K(3648K)->3397K(3648K)
[2636.660s][info][gc             ] GC(259) Pause Young (Normal) (G1 Evacuation Pause) 7314M->2801M(8192M) 153.203ms
[2636.660s][info][gc,cpu         ] GC(259) User=1.21s Sys=0.00s Real=0.15s
...........[2646.782s][info][gc,start       ] GC(260) Pause Young (Normal) (G1 Evacuation Pause)
[2646.782s][info][gc,task        ] GC(260) Using 8 workers of 8 for evacuation
[2646.932s][info][gc,phases      ] GC(260)   Pre Evacuate Collection Set: 0.25ms
[2646.932s][info][gc,phases      ] GC(260)   Merge Heap Roots: 0.62ms
[2646.932s][info][gc,phases      ] GC(260)   Evacuate Collection Set: 148.24ms
[2646.932s][info][gc,phases      ] GC(260)   Post Evacuate Collection Set: 1.04ms
[2646.932s][info][gc,phases      ] GC(260)   Other: 0.08ms
[2646.932s][info][gc,heap        ] GC(260) Eden regions: 571->0(570)
[2646.932s][info][gc,heap        ] GC(260) Survivor regions: 43->43(77)
[2646.932s][info][gc,heap        ] GC(260) Old regions: 276->283
[2646.932s][info][gc,heap        ] GC(260) Humongous regions: 33->33
[2646.932s][info][gc,metaspace   ] GC(260) Metaspace: 29979K(30528K)->29979K(30528K) NonClass: 26582K(26880K)->26582K(26880K) Class: 3397K(3648K)->3397K(3648K)
[2646.932s][info][gc             ] GC(260) Pause Young (Normal) (G1 Evacuation Pause) 7369M->2851M(8192M) 150.379ms
[2646.932s][info][gc,cpu         ] GC(260) User=1.20s Sys=0.00s Real=0.15s
..........[2657.200s][info][gc,start       ] GC(261) Pause Young (Normal) (G1 Evacuation Pause)
[2657.200s][info][gc,task        ] GC(261) Using 8 workers of 8 for evacuation
[2657.356s][info][gc,phases      ] GC(261)   Pre Evacuate Collection Set: 0.28ms
[2657.356s][info][gc,phases      ] GC(261)   Merge Heap Roots: 0.74ms
[2657.356s][info][gc,phases      ] GC(261)   Evacuate Collection Set: 153.34ms
[2657.356s][info][gc,phases      ] GC(261)   Post Evacuate Collection Set: 1.11ms
[2657.356s][info][gc,phases      ] GC(261)   Other: 0.07ms
[2657.356s][info][gc,heap        ] GC(261) Eden regions: 570->0(563)
[2657.356s][info][gc,heap        ] GC(261) Survivor regions: 43->43(77)
[2657.356s][info][gc,heap        ] GC(261) Old regions: 283->290
[2657.356s][info][gc,heap        ] GC(261) Humongous regions: 33->33
[2657.356s][info][gc,metaspace   ] GC(261) Metaspace: 29979K(30528K)->29979K(30528K) NonClass: 26582K(26880K)->26582K(26880K) Class: 3397K(3648K)->3397K(3648K)
[2657.356s][info][gc             ] GC(261) Pause Young (Normal) (G1 Evacuation Pause) 7411M->2910M(8192M) 155.678ms
[2657.356s][info][gc,cpu         ] GC(261) User=1.23s Sys=0.00s Real=0.16s
..........[2667.379s][info][gc,start       ] GC(262) Pause Young (Normal) (G1 Evacuation Pause)
[2667.379s][info][gc,task        ] GC(262) Using 8 workers of 8 for evacuation
[2667.530s][info][gc,phases      ] GC(262)   Pre Evacuate Collection Set: 0.25ms
[2667.530s][info][gc,phases      ] GC(262)   Merge Heap Roots: 0.70ms
[2667.530s][info][gc,phases      ] GC(262)   Evacuate Collection Set: 148.51ms
[2667.530s][info][gc,phases      ] GC(262)   Post Evacuate Collection Set: 1.10ms
[2667.530s][info][gc,phases      ] GC(262)   Other: 0.07ms
[2667.530s][info][gc,heap        ] GC(262) Eden regions: 563->0(557)
[2667.530s][info][gc,heap        ] GC(262) Survivor regions: 43->43(76)
[2667.530s][info][gc,heap        ] GC(262) Old regions: 290->296
[2667.530s][info][gc,heap        ] GC(262) Humongous regions: 33->33
[2667.530s][info][gc,metaspace   ] GC(262) Metaspace: 29979K(30528K)->29979K(30528K) NonClass: 26582K(26880K)->26582K(26880K) Class: 3397K(3648K)->3397K(3648K)
[2667.530s][info][gc             ] GC(262) Pause Young (Normal) (G1 Evacuation Pause) 7414M->2959M(8192M) 150.748ms
[2667.530s][info][gc,cpu         ] GC(262) User=1.20s Sys=0.00s Real=0.15s
......... (rIR:aIR:PR = 3736:3734:3734) (tPR = 55473) [OK] 
  2675s: Performance info:
         Transaction,    Success,    Partial,     Failed,   Receipts, AvgBarcode, 
             Overall,     224446,          0,          0,     213226,      59.48, 
         Response times:
             Request,    Success,    Partial,     Failed,   SkipFail,     Probes,    Samples,      min,      p50,      p90,      p95,      p99,      max, 
       TotalPurchase,     213227,          0,          0,          0,     208340,     231412,      300,     2500,     4300,     4800,    19500,   162000,
     InStorePurchase,     112267,          0,          0,          0,     109766,     121642,      300,     2500,     4300,     4800,    19500,   162000,
      OnlinePurchase,      78521,          0,          0,          0,      76768,      85180,      400,     2600,     4300,     4900,    19800,   162000,
        InstPurchase,      22439,          0,          0,          0,      21806,      24590,      400,     2400,     4300,     4800,    17927,   161000,
          AssocOfCat,        226,          0,          0,          0,        159,        227,    23000,    32000,    39000,    45000,    52880,   113000,
      AssocOfProduct,       2242,          0,          0,          0,       2055,       2487,      600,     2100,     4300,     4800,    14000,   107000,
      BusinessReport,        563,          0,          0,          0,        467,        601,    22000,    35000,    46000,    53000,    76900,   218000,
          CustBuyBeh,       2249,          0,          0,          0,       2096,       2519,      200,     2400,     4200,     4700,    16400,   106000,
       ProductReturn,       5940,          0,          0,          0,       5597,       6441,      200,     1800,     3900,     4400,     9290,   161000,

  2675s: (28%)   IR =   3874 .[2677.411s][info][gc,start       ] GC(263) Pause Young (Normal) (G1 Evacuation Pause)
[2677.411s][info][gc,task        ] GC(263) Using 8 workers of 8 for evacuation
[2677.561s][info][gc,phases      ] GC(263)   Pre Evacuate Collection Set: 0.23ms
[2677.562s][info][gc,phases      ] GC(263)   Merge Heap Roots: 0.61ms
[2677.562s][info][gc,phases      ] GC(263)   Evacuate Collection Set: 148.38ms
[2677.562s][info][gc,phases      ] GC(263)   Post Evacuate Collection Set: 1.09ms
[2677.562s][info][gc,phases      ] GC(263)   Other: 0.06ms
[2677.562s][info][gc,heap        ] GC(263) Eden regions: 557->0(551)
[2677.562s][info][gc,heap        ] GC(263) Survivor regions: 43->42(75)
[2677.562s][info][gc,heap        ] GC(263) Old regions: 296->304
[2677.562s][info][gc,heap        ] GC(263) Humongous regions: 33->33
[2677.562s][info][gc,metaspace   ] GC(263) Metaspace: 29979K(30528K)->29979K(30528K) NonClass: 26582K(26880K)->26582K(26880K) Class: 3397K(3648K)->3397K(3648K)
[2677.562s][info][gc             ] GC(263) Pause Young (Normal) (G1 Evacuation Pause) 7415M->3013M(8192M) 150.503ms
[2677.562s][info][gc,cpu         ] GC(263) User=1.19s Sys=0.00s Real=0.15s
....|......[2687.079s][info][gc,start       ] GC(264) Pause Young (Normal) (G1 Evacuation Pause)
[2687.079s][info][gc,task        ] GC(264) Using 8 workers of 8 for evacuation
[2687.229s][info][gc,phases      ] GC(264)   Pre Evacuate Collection Set: 0.26ms
[2687.229s][info][gc,phases      ] GC(264)   Merge Heap Roots: 0.62ms
[2687.229s][info][gc,phases      ] GC(264)   Evacuate Collection Set: 147.93ms
[2687.229s][info][gc,phases      ] GC(264)   Post Evacuate Collection Set: 1.05ms
[2687.229s][info][gc,phases      ] GC(264)   Other: 0.07ms
[2687.229s][info][gc,heap        ] GC(264) Eden regions: 551->0(544)
[2687.229s][info][gc,heap        ] GC(264) Survivor regions: 42->42(75)
[2687.229s][info][gc,heap        ] GC(264) Old regions: 304->311
[2687.229s][info][gc,heap        ] GC(264) Humongous regions: 33->33
[2687.229s][info][gc,metaspace   ] GC(264) Metaspace: 29979K(30528K)->29979K(30528K) NonClass: 26582K(26880K)->26582K(26880K) Class: 3397K(3648K)->3397K(3648K)
[2687.229s][info][gc             ] GC(264) Pause Young (Normal) (G1 Evacuation Pause) 7421M->3071M(8192M) 150.060ms
[2687.229s][info][gc,cpu         ] GC(264) User=1.19s Sys=0.00s Real=0.15s
.........[2696.548s][info][gc,start       ] GC(265) Pause Young (Normal) (G1 Evacuation Pause)
[2696.548s][info][gc,task        ] GC(265) Using 8 workers of 8 for evacuation
[2696.697s][info][gc,phases      ] GC(265)   Pre Evacuate Collection Set: 0.24ms
[2696.697s][info][gc,phases      ] GC(265)   Merge Heap Roots: 0.57ms
[2696.697s][info][gc,phases      ] GC(265)   Evacuate Collection Set: 146.83ms
[2696.697s][info][gc,phases      ] GC(265)   Post Evacuate Collection Set: 1.03ms
[2696.697s][info][gc,phases      ] GC(265)   Other: 0.06ms
[2696.697s][info][gc,heap        ] GC(265) Eden regions: 544->0(539)
[2696.697s][info][gc,heap        ] GC(265) Survivor regions: 42->41(74)
[2696.697s][info][gc,heap        ] GC(265) Old regions: 311->318
[2696.697s][info][gc,heap        ] GC(265) Humongous regions: 33->33
[2696.697s][info][gc,metaspace   ] GC(265) Metaspace: 29979K(30528K)->29979K(30528K) NonClass: 26582K(26880K)->26582K(26880K) Class: 3397K(3648K)->3397K(3648K)
[2696.697s][info][gc             ] GC(265) Pause Young (Normal) (G1 Evacuation Pause) 7423M->3119M(8192M) 148.875ms
[2696.697s][info][gc,cpu         ] GC(265) User=1.18s Sys=0.00s Real=0.15s
..........[2705.987s][info][gc,start       ] GC(266) Pause Young (Normal) (G1 Evacuation Pause)
[2705.987s][info][gc,task        ] GC(266) Using 8 workers of 8 for evacuation
[2706.136s][info][gc,phases      ] GC(266)   Pre Evacuate Collection Set: 0.24ms
[2706.136s][info][gc,phases      ] GC(266)   Merge Heap Roots: 0.61ms
[2706.136s][info][gc,phases      ] GC(266)   Evacuate Collection Set: 146.70ms
[2706.136s][info][gc,phases      ] GC(266)   Post Evacuate Collection Set: 1.07ms
[2706.136s][info][gc,phases      ] GC(266)   Other: 0.07ms
[2706.136s][info][gc,heap        ] GC(266) Eden regions: 539->0(532)
[2706.136s][info][gc,heap        ] GC(266) Survivor regions: 41->41(73)
[2706.136s][info][gc,heap        ] GC(266) Old regions: 318->325
[2706.136s][info][gc,heap        ] GC(266) Humongous regions: 33->33
[2706.136s][info][gc,metaspace   ] GC(266) Metaspace: 29981K(30528K)->29981K(30528K) NonClass: 26584K(26880K)->26584K(26880K) Class: 3397K(3648K)->3397K(3648K)
[2706.136s][info][gc             ] GC(266) Pause Young (Normal) (G1 Evacuation Pause) 7431M->3175M(8192M) 148.812ms
[2706.136s][info][gc,cpu         ] GC(266) User=1.17s Sys=0.00s Real=0.15s
.........[2715.375s][info][gc,start       ] GC(267) Pause Young (Concurrent Start) (G1 Evacuation Pause)
[2715.375s][info][gc,task        ] GC(267) Using 8 workers of 8 for evacuation
[2715.522s][info][gc,phases      ] GC(267)   Pre Evacuate Collection Set: 0.32ms
[2715.522s][info][gc,phases      ] GC(267)   Merge Heap Roots: 0.59ms
[2715.522s][info][gc,phases      ] GC(267)   Evacuate Collection Set: 145.49ms
[2715.522s][info][gc,phases      ] GC(267)   Post Evacuate Collection Set: 1.05ms
[2715.522s][info][gc,phases      ] GC(267)   Other: 0.08ms
[2715.522s][info][gc,heap        ] GC(267) Eden regions: 532->0(527)
[2715.522s][info][gc,heap        ] GC(267) Survivor regions: 41->40(72)
[2715.522s][info][gc,heap        ] GC(267) Old regions: 325->332
[2715.522s][info][gc,heap        ] GC(267) Humongous regions: 33->33
[2715.522s][info][gc,metaspace   ] GC(267) Metaspace: 29981K(30528K)->29981K(30528K) NonClass: 26584K(26880K)->26584K(26880K) Class: 3397K(3648K)->3397K(3648K)
[2715.522s][info][gc             ] GC(267) Pause Young (Concurrent Start) (G1 Evacuation Pause) 7431M->3222M(8192M) 147.651ms
[2715.522s][info][gc             ] GC(268) Concurrent Mark Cycle
[2715.522s][info][gc,marking     ] GC(268) Concurrent Scan Root Regions
[2715.522s][info][gc,cpu         ] GC(267) User=1.16s Sys=0.00s Real=0.15s
[2715.724s][info][gc,marking     ] GC(268) Concurrent Scan Root Regions 201.369ms
[2715.724s][info][gc,marking     ] GC(268) Concurrent Mark
[2715.724s][info][gc,marking     ] GC(268) Concurrent Mark From Roots
[2715.724s][info][gc,task        ] GC(268) Using 2 workers of 2 for marking
.[2716.275s][info][gc,marking     ] GC(268) Concurrent Mark From Roots 551.209ms
[2716.275s][info][gc,marking     ] GC(268) Concurrent Preclean
[2716.275s][info][gc,marking     ] GC(268) Concurrent Preclean 0.131ms
[2716.275s][info][gc,start       ] GC(268) Pause Remark
[2716.277s][info][gc             ] GC(268) Pause Remark 3646M->3030M(8192M) 1.911ms
[2716.277s][info][gc,cpu         ] GC(268) User=0.01s Sys=0.00s Real=0.00s
[2716.277s][info][gc,marking     ] GC(268) Concurrent Mark 553.575ms
[2716.277s][info][gc,marking     ] GC(268) Concurrent Rebuild Remembered Sets and Scrub Regions
[2716.668s][info][gc,marking     ] GC(268) Concurrent Rebuild Remembered Sets and Scrub Regions 390.513ms
[2716.668s][info][gc,start       ] GC(268) Pause Cleanup
[2716.668s][info][gc             ] GC(268) Pause Cleanup 3222M->3222M(8192M) 0.283ms
[2716.668s][info][gc,cpu         ] GC(268) User=0.00s Sys=0.00s Real=0.00s
[2716.668s][info][gc,marking     ] GC(268) Concurrent Clear Claimed Marks
[2716.668s][info][gc,marking     ] GC(268) Concurrent Clear Claimed Marks 0.049ms
[2716.668s][info][gc,marking     ] GC(268) Concurrent Cleanup for Next Mark
[2716.677s][info][gc,marking     ] GC(268) Concurrent Cleanup for Next Mark 8.216ms
[2716.677s][info][gc             ] GC(268) Concurrent Mark Cycle 1154.426ms
........[2724.540s][info][gc,start       ] GC(269) Pause Young (Prepare Mixed) (G1 Evacuation Pause)
[2724.540s][info][gc,task        ] GC(269) Using 8 workers of 8 for evacuation
[2724.688s][info][gc,phases      ] GC(269)   Pre Evacuate Collection Set: 0.24ms
[2724.688s][info][gc,phases      ] GC(269)   Merge Heap Roots: 0.76ms
[2724.688s][info][gc,phases      ] GC(269)   Evacuate Collection Set: 145.96ms
[2724.688s][info][gc,phases      ] GC(269)   Post Evacuate Collection Set: 1.13ms
[2724.688s][info][gc,phases      ] GC(269)   Other: 0.07ms
[2724.688s][info][gc,heap        ] GC(269) Eden regions: 527->0(574)
[2724.688s][info][gc,heap        ] GC(269) Survivor regions: 40->40(71)
[2724.688s][info][gc,heap        ] GC(269) Old regions: 255->263
[2724.688s][info][gc,heap        ] GC(269) Humongous regions: 33->33
[2724.688s][info][gc,metaspace   ] GC(269) Metaspace: 29981K(30528K)->29981K(30528K) NonClass: 26584K(26880K)->26584K(26880K) Class: 3397K(3648K)->3397K(3648K)
[2724.688s][info][gc             ] GC(269) Pause Young (Prepare Mixed) (G1 Evacuation Pause) 6822M->2669M(8192M) 148.281ms
[2724.688s][info][gc,cpu         ] GC(269) User=1.17s Sys=0.00s Real=0.15s
..........[2734.648s][info][gc,start       ] GC(270) Pause Young (Mixed) (G1 Evacuation Pause)
[2734.648s][info][gc,task        ] GC(270) Using 8 workers of 8 for evacuation
[2734.802s][info][gc,phases      ] GC(270)   Pre Evacuate Collection Set: 0.29ms
[2734.802s][info][gc,phases      ] GC(270)   Merge Heap Roots: 0.84ms
[2734.802s][info][gc,phases      ] GC(270)   Evacuate Collection Set: 151.67ms
[2734.802s][info][gc,phases      ] GC(270)   Post Evacuate Collection Set: 1.34ms
[2734.802s][info][gc,phases      ] GC(270)   Other: 0.08ms
[2734.802s][info][gc,heap        ] GC(270) Eden regions: 574->0(572)
[2734.802s][info][gc,heap        ] GC(270) Survivor regions: 40->42(77)
[2734.802s][info][gc,heap        ] GC(270) Old regions: 263->168
[2734.802s][info][gc,heap        ] GC(270) Humongous regions: 33->33
[2734.802s][info][gc,metaspace   ] GC(270) Metaspace: 29985K(30528K)->29985K(30528K) NonClass: 26588K(26880K)->26588K(26880K) Class: 3397K(3648K)->3397K(3648K)
[2734.802s][info][gc             ] GC(270) Pause Young (Mixed) (G1 Evacuation Pause) 7261M->1921M(8192M) 154.349ms
[2734.802s][info][gc,cpu         ] GC(270) User=1.21s Sys=0.00s Real=0.16s
....... (rIR:aIR:PR = 3874:3873:3873) (tPR = 57327) [OK] 
  2740s: Performance info:
         Transaction,    Success,    Partial,     Failed,   Receipts, AvgBarcode, 
             Overall,     232734,          0,          0,     221104,      59.47, 
         Response times:
             Request,    Success,    Partial,     Failed,   SkipFail,     Probes,    Samples,      min,      p50,      p90,      p95,      p99,      max, 
       TotalPurchase,     221106,          0,          0,          0,     216533,     235890,      300,     2600,     4500,     5100,    23000,   268000,
     InStorePurchase,     116345,          0,          0,          0,     114550,     124479,      400,     2500,     4400,     5100,    24000,   267000,
      OnlinePurchase,      81487,          0,          0,          0,      79630,      86693,      300,     2700,     4500,     5100,    23000,   268000,
        InstPurchase,      23274,          0,          0,          0,      22353,      24718,      500,     2500,     4500,     5200,    18000,   268000,
          AssocOfCat,        231,          0,          0,          0,        169,        254,    21000,    31000,    39000,    46250,    58250,   311000,
      AssocOfProduct,       2324,          0,          0,          0,       2142,       2495,     1000,     3500,     4900,     5700,    31040,   154000,
      BusinessReport,        584,          0,          0,          0,        480,        600,    25000,    35000,    47000,    55000,    91960,   184000,
          CustBuyBeh,       2329,          0,          0,          0,       2126,       2430,      300,     2400,     4100,     4900,    23000,   158000,
       ProductReturn,       6162,          0,          0,          0,       5894,       6621,      200,     2200,     4200,     4900,    19100,   158000,

  2740s: (29%)   IR =   4013 ...[2744.440s][info][gc,start       ] GC(271) Pause Young (Mixed) (G1 Evacuation Pause)
[2744.440s][info][gc,task        ] GC(271) Using 8 workers of 8 for evacuation
[2744.602s][info][gc,phases      ] GC(271)   Pre Evacuate Collection Set: 0.28ms
[2744.602s][info][gc,phases      ] GC(271)   Merge Heap Roots: 1.08ms
[2744.602s][info][gc,phases      ] GC(271)   Evacuate Collection Set: 159.43ms
[2744.602s][info][gc,phases      ] GC(271)   Post Evacuate Collection Set: 1.11ms
[2744.602s][info][gc,phases      ] GC(271)   Other: 0.07ms
[2744.602s][info][gc,heap        ] GC(271) Eden regions: 572->0(572)
[2744.602s][info][gc,heap        ] GC(271) Survivor regions: 42->42(77)
[2744.602s][info][gc,heap        ] GC(271) Old regions: 168->140
[2744.602s][info][gc,heap        ] GC(271) Humongous regions: 33->33
[2744.602s][info][gc,metaspace   ] GC(271) Metaspace: 29985K(30528K)->29985K(30528K) NonClass: 26588K(26880K)->26588K(26880K) Class: 3397K(3648K)->3397K(3648K)
[2744.602s][info][gc             ] GC(271) Pause Young (Mixed) (G1 Evacuation Pause) 6497M->1705M(8192M) 162.104ms
[2744.602s][info][gc,cpu         ] GC(271) User=1.29s Sys=0.00s Real=0.17s
.|.........[2754.120s][info][gc,start       ] GC(272) Pause Young (Normal) (G1 Evacuation Pause)
[2754.120s][info][gc,task        ] GC(272) Using 8 workers of 8 for evacuation
[2754.274s][info][gc,phases      ] GC(272)   Pre Evacuate Collection Set: 0.25ms
[2754.274s][info][gc,phases      ] GC(272)   Merge Heap Roots: 0.62ms
[2754.274s][info][gc,phases      ] GC(272)   Evacuate Collection Set: 151.08ms
[2754.274s][info][gc,phases      ] GC(272)   Post Evacuate Collection Set: 1.06ms
[2754.274s][info][gc,phases      ] GC(272)   Other: 0.08ms
[2754.274s][info][gc,heap        ] GC(272) Eden regions: 572->0(572)
[2754.274s][info][gc,heap        ] GC(272) Survivor regions: 42->42(77)
[2754.274s][info][gc,heap        ] GC(272) Old regions: 140->147
[2754.274s][info][gc,heap        ] GC(272) Humongous regions: 33->33
[2754.274s][info][gc,metaspace   ] GC(272) Metaspace: 29985K(30528K)->29985K(30528K) NonClass: 26588K(26880K)->26588K(26880K) Class: 3397K(3648K)->3397K(3648K)
[2754.274s][info][gc             ] GC(272) Pause Young (Normal) (G1 Evacuation Pause) 6281M->1760M(8192M) 153.213ms
[2754.274s][info][gc,cpu         ] GC(272) User=1.21s Sys=0.00s Real=0.16s
.........[2763.775s][info][gc,start       ] GC(273) Pause Young (Normal) (G1 Evacuation Pause)
[2763.775s][info][gc,task        ] GC(273) Using 8 workers of 8 for evacuation
[2763.932s][info][gc,phases      ] GC(273)   Pre Evacuate Collection Set: 0.28ms
[2763.933s][info][gc,phases      ] GC(273)   Merge Heap Roots: 0.67ms
[2763.933s][info][gc,phases      ] GC(273)   Evacuate Collection Set: 154.56ms
[2763.933s][info][gc,phases      ] GC(273)   Post Evacuate Collection Set: 1.06ms
[2763.933s][info][gc,phases      ] GC(273)   Other: 0.08ms
[2763.933s][info][gc,heap        ] GC(273) Eden regions: 572->0(570)
[2763.933s][info][gc,heap        ] GC(273) Survivor regions: 42->44(77)
[2763.933s][info][gc,heap        ] GC(273) Old regions: 147->154
[2763.933s][info][gc,heap        ] GC(273) Humongous regions: 33->33
[2763.933s][info][gc,metaspace   ] GC(273) Metaspace: 29985K(30528K)->29985K(30528K) NonClass: 26588K(26880K)->26588K(26880K) Class: 3397K(3648K)->3397K(3648K)
[2763.933s][info][gc             ] GC(273) Pause Young (Normal) (G1 Evacuation Pause) 6336M->1829M(8192M) 157.531ms
[2763.933s][info][gc,cpu         ] GC(273) User=1.24s Sys=0.00s Real=0.16s
..........[2773.374s][info][gc,start       ] GC(274) Pause Young (Normal) (G1 Evacuation Pause)
[2773.374s][info][gc,task        ] GC(274) Using 8 workers of 8 for evacuation
[2773.528s][info][gc,phases      ] GC(274)   Pre Evacuate Collection Set: 0.24ms
[2773.528s][info][gc,phases      ] GC(274)   Merge Heap Roots: 0.57ms
[2773.528s][info][gc,phases      ] GC(274)   Evacuate Collection Set: 152.13ms
[2773.528s][info][gc,phases      ] GC(274)   Post Evacuate Collection Set: 1.07ms
[2773.528s][info][gc,phases      ] GC(274)   Other: 0.06ms
[2773.528s][info][gc,heap        ] GC(274) Eden regions: 570->0(571)
[2773.528s][info][gc,heap        ] GC(274) Survivor regions: 44->43(77)
[2773.528s][info][gc,heap        ] GC(274) Old regions: 154->161
[2773.528s][info][gc,heap        ] GC(274) Humongous regions: 33->33
[2773.528s][info][gc,metaspace   ] GC(274) Metaspace: 29985K(30528K)->29985K(30528K) NonClass: 26588K(26880K)->26588K(26880K) Class: 3397K(3648K)->3397K(3648K)
[2773.528s][info][gc             ] GC(274) Pause Young (Normal) (G1 Evacuation Pause) 6389M->1879M(8192M) 154.198ms
[2773.529s][info][gc,cpu         ] GC(274) User=1.22s Sys=0.00s Real=0.15s
..........[2783.046s][info][gc,start       ] GC(275) Pause Young (Normal) (G1 Evacuation Pause)
[2783.046s][info][gc,task        ] GC(275) Using 8 workers of 8 for evacuation
[2783.197s][info][gc,phases      ] GC(275)   Pre Evacuate Collection Set: 0.28ms
[2783.197s][info][gc,phases      ] GC(275)   Merge Heap Roots: 0.62ms
[2783.197s][info][gc,phases      ] GC(275)   Evacuate Collection Set: 148.75ms
[2783.197s][info][gc,phases      ] GC(275)   Post Evacuate Collection Set: 1.06ms
[2783.197s][info][gc,phases      ] GC(275)   Other: 0.08ms
[2783.197s][info][gc,heap        ] GC(275) Eden regions: 571->0(572)
[2783.197s][info][gc,heap        ] GC(275) Survivor regions: 43->42(77)
[2783.197s][info][gc,heap        ] GC(275) Old regions: 161->168
[2783.197s][info][gc,heap        ] GC(275) Humongous regions: 33->33
[2783.197s][info][gc,metaspace   ] GC(275) Metaspace: 29985K(30528K)->29985K(30528K) NonClass: 26588K(26880K)->26588K(26880K) Class: 3397K(3648K)->3397K(3648K)
[2783.197s][info][gc             ] GC(275) Pause Young (Normal) (G1 Evacuation Pause) 6447M->1929M(8192M) 150.921ms
[2783.197s][info][gc,cpu         ] GC(275) User=1.19s Sys=0.00s Real=0.15s
.........[2792.817s][info][gc,start       ] GC(276) Pause Young (Normal) (G1 Evacuation Pause)
[2792.817s][info][gc,task        ] GC(276) Using 8 workers of 8 for evacuation
[2792.969s][info][gc,phases      ] GC(276)   Pre Evacuate Collection Set: 0.23ms
[2792.969s][info][gc,phases      ] GC(276)   Merge Heap Roots: 0.66ms
[2792.969s][info][gc,phases      ] GC(276)   Evacuate Collection Set: 149.93ms
[2792.969s][info][gc,phases      ] GC(276)   Post Evacuate Collection Set: 1.08ms
[2792.969s][info][gc,phases      ] GC(276)   Other: 0.06ms
[2792.969s][info][gc,heap        ] GC(276) Eden regions: 572->0(571)
[2792.969s][info][gc,heap        ] GC(276) Survivor regions: 42->43(77)
[2792.969s][info][gc,heap        ] GC(276) Old regions: 168->175
[2792.969s][info][gc,heap        ] GC(276) Humongous regions: 33->33
[2792.969s][info][gc,metaspace   ] GC(276) Metaspace: 29985K(30528K)->29985K(30528K) NonClass: 26588K(26880K)->26588K(26880K) Class: 3397K(3648K)->3397K(3648K)
[2792.969s][info][gc             ] GC(276) Pause Young (Normal) (G1 Evacuation Pause) 6505M->1987M(8192M) 152.082ms
[2792.969s][info][gc,cpu         ] GC(276) User=1.21s Sys=0.00s Real=0.15s
..........[2802.329s][info][gc,start       ] GC(277) Pause Young (Normal) (G1 Evacuation Pause)
[2802.329s][info][gc,task        ] GC(277) Using 8 workers of 8 for evacuation
[2802.479s][info][gc,phases      ] GC(277)   Pre Evacuate Collection Set: 0.26ms
[2802.479s][info][gc,phases      ] GC(277)   Merge Heap Roots: 0.58ms
[2802.479s][info][gc,phases      ] GC(277)   Evacuate Collection Set: 148.30ms
[2802.479s][info][gc,phases      ] GC(277)   Post Evacuate Collection Set: 1.06ms
[2802.479s][info][gc,phases      ] GC(277)   Other: 0.06ms
[2802.479s][info][gc,heap        ] GC(277) Eden regions: 571->0(571)
[2802.479s][info][gc,heap        ] GC(277) Survivor regions: 43->43(77)
[2802.479s][info][gc,heap        ] GC(277) Old regions: 175->182
[2802.479s][info][gc,heap        ] GC(277) Humongous regions: 33->33
[2802.479s][info][gc,metaspace   ] GC(277) Metaspace: 29985K(30528K)->29985K(30528K) NonClass: 26588K(26880K)->26588K(26880K) Class: 3397K(3648K)->3397K(3648K)
[2802.479s][info][gc             ] GC(277) Pause Young (Normal) (G1 Evacuation Pause) 6555M->2043M(8192M) 150.408ms
[2802.479s][info][gc,cpu         ] GC(277) User=1.19s Sys=0.00s Real=0.15s
... (rIR:aIR:PR = 4013:4011:4011) (tPR = 59483) [OK] 
  2804s: Performance info:
         Transaction,    Success,    Partial,     Failed,   Receipts, AvgBarcode, 
             Overall,     241222,          0,          0,     229139,      59.48, 
         Response times:
             Request,    Success,    Partial,     Failed,   SkipFail,     Probes,    Samples,      min,      p50,      p90,      p95,      p99,      max, 
       TotalPurchase,     229140,          0,          0,          0,     223982,     240654,      400,     2700,     4600,     5200,    21000,   172000,
     InStorePurchase,     120595,          0,          0,          0,     118303,     126770,      400,     2700,     4600,     5200,    21000,   170000,
      OnlinePurchase,      84416,          0,          0,          0,      82242,      88300,      400,     2700,     4600,     5200,    22000,   172000,
        InstPurchase,      24129,          0,          0,          0,      23437,      25584,      500,     2800,     4600,     5200,    22000,   167000,
          AssocOfCat,        242,          0,          0,          0,        187,        247,    26000,    33000,    42200,    47000,   115880,   210000,
      AssocOfProduct,       2411,          0,          0,          0,       2242,       2618,      600,     2800,     4500,     5200,    26860,   164000,
      BusinessReport,        608,          0,          0,          0,        514,        654,    26000,    36000,    48000,    52250,   102350,   209000,
          CustBuyBeh,       2405,          0,          0,          0,       2210,       2547,      300,     2900,     4600,     5500,    23000,   161000,
       ProductReturn,       6416,          0,          0,          0,       6033,       6676,      200,     2400,     4400,     5000,    16423,   164000,

  2804s: (30%)   IR =   4151 ....|..[2811.797s][info][gc,start       ] GC(278) Pause Young (Normal) (G1 Evacuation Pause)
[2811.797s][info][gc,task        ] GC(278) Using 8 workers of 8 for evacuation
[2811.947s][info][gc,phases      ] GC(278)   Pre Evacuate Collection Set: 0.27ms
[2811.947s][info][gc,phases      ] GC(278)   Merge Heap Roots: 0.58ms
[2811.947s][info][gc,phases      ] GC(278)   Evacuate Collection Set: 147.93ms
[2811.947s][info][gc,phases      ] GC(278)   Post Evacuate Collection Set: 1.11ms
[2811.947s][info][gc,phases      ] GC(278)   Other: 0.07ms
[2811.947s][info][gc,heap        ] GC(278) Eden regions: 571->0(571)
[2811.947s][info][gc,heap        ] GC(278) Survivor regions: 43->43(77)
[2811.947s][info][gc,heap        ] GC(278) Old regions: 182->189
[2811.947s][info][gc,heap        ] GC(278) Humongous regions: 33->33
[2811.947s][info][gc,metaspace   ] GC(278) Metaspace: 29985K(30528K)->29985K(30528K) NonClass: 26588K(26880K)->26588K(26880K) Class: 3397K(3648K)->3397K(3648K)
[2811.947s][info][gc             ] GC(278) Pause Young (Normal) (G1 Evacuation Pause) 6611M->2102M(8192M) 150.075ms
[2811.947s][info][gc,cpu         ] GC(278) User=1.19s Sys=0.00s Real=0.15s
..........[2821.105s][info][gc,start       ] GC(279) Pause Young (Normal) (G1 Evacuation Pause)
[2821.105s][info][gc,task        ] GC(279) Using 8 workers of 8 for evacuation
[2821.255s][info][gc,phases      ] GC(279)   Pre Evacuate Collection Set: 0.27ms
[2821.256s][info][gc,phases      ] GC(279)   Merge Heap Roots: 0.66ms
[2821.256s][info][gc,phases      ] GC(279)   Evacuate Collection Set: 148.34ms
[2821.256s][info][gc,phases      ] GC(279)   Post Evacuate Collection Set: 1.11ms
[2821.256s][info][gc,phases      ] GC(279)   Other: 0.08ms
[2821.256s][info][gc,heap        ] GC(279) Eden regions: 571->0(571)
[2821.256s][info][gc,heap        ] GC(279) Survivor regions: 43->43(77)
[2821.256s][info][gc,heap        ] GC(279) Old regions: 189->196
[2821.256s][info][gc,heap        ] GC(279) Humongous regions: 33->33
[2821.256s][info][gc,metaspace   ] GC(279) Metaspace: 29985K(30528K)->29985K(30528K) NonClass: 26588K(26880K)->26588K(26880K) Class: 3397K(3648K)->3397K(3648K)
[2821.256s][info][gc             ] GC(279) Pause Young (Normal) (G1 Evacuation Pause) 6670M->2159M(8192M) 150.608ms
[2821.256s][info][gc,cpu         ] GC(279) User=1.19s Sys=0.01s Real=0.15s
.........[2830.412s][info][gc,start       ] GC(280) Pause Young (Normal) (G1 Evacuation Pause)
[2830.412s][info][gc,task        ] GC(280) Using 8 workers of 8 for evacuation
[2830.562s][info][gc,phases      ] GC(280)   Pre Evacuate Collection Set: 0.27ms
[2830.563s][info][gc,phases      ] GC(280)   Merge Heap Roots: 0.67ms
[2830.563s][info][gc,phases      ] GC(280)   Evacuate Collection Set: 148.58ms
[2830.563s][info][gc,phases      ] GC(280)   Post Evacuate Collection Set: 1.06ms
[2830.563s][info][gc,phases      ] GC(280)   Other: 0.07ms
[2830.563s][info][gc,heap        ] GC(280) Eden regions: 571->0(572)
[2830.563s][info][gc,heap        ] GC(280) Survivor regions: 43->42(77)
[2830.563s][info][gc,heap        ] GC(280) Old regions: 196->203
[2830.563s][info][gc,heap        ] GC(280) Humongous regions: 33->33
[2830.563s][info][gc,metaspace   ] GC(280) Metaspace: 29985K(30528K)->29985K(30528K) NonClass: 26588K(26880K)->26588K(26880K) Class: 3397K(3648K)->3397K(3648K)
[2830.563s][info][gc             ] GC(280) Pause Young (Normal) (G1 Evacuation Pause) 6727M->2203M(8192M) 150.784ms
[2830.563s][info][gc,cpu         ] GC(280) User=1.19s Sys=0.00s Real=0.15s
.........[2839.782s][info][gc,start       ] GC(281) Pause Young (Normal) (G1 Evacuation Pause)
[2839.782s][info][gc,task        ] GC(281) Using 8 workers of 8 for evacuation
[2839.933s][info][gc,phases      ] GC(281)   Pre Evacuate Collection Set: 0.27ms
[2839.933s][info][gc,phases      ] GC(281)   Merge Heap Roots: 0.60ms
[2839.933s][info][gc,phases      ] GC(281)   Evacuate Collection Set: 148.94ms
[2839.933s][info][gc,phases      ] GC(281)   Post Evacuate Collection Set: 1.08ms
[2839.933s][info][gc,phases      ] GC(281)   Other: 0.07ms
[2839.933s][info][gc,heap        ] GC(281) Eden regions: 572->0(572)
[2839.933s][info][gc,heap        ] GC(281) Survivor regions: 42->42(77)
[2839.933s][info][gc,heap        ] GC(281) Old regions: 203->210
[2839.933s][info][gc,heap        ] GC(281) Humongous regions: 33->33
[2839.933s][info][gc,metaspace   ] GC(281) Metaspace: 29985K(30528K)->29985K(30528K) NonClass: 26588K(26880K)->26588K(26880K) Class: 3397K(3648K)->3397K(3648K)
[2839.933s][info][gc             ] GC(281) Pause Young (Normal) (G1 Evacuation Pause) 6779M->2261M(8192M) 151.093ms
[2839.933s][info][gc,cpu         ] GC(281) User=1.20s Sys=0.01s Real=0.15s
..........[2849.048s][info][gc,start       ] GC(282) Pause Young (Normal) (G1 Evacuation Pause)
[2849.049s][info][gc,task        ] GC(282) Using 8 workers of 8 for evacuation
[2849.203s][info][gc,phases      ] GC(282)   Pre Evacuate Collection Set: 0.24ms
[2849.203s][info][gc,phases      ] GC(282)   Merge Heap Roots: 0.74ms
[2849.203s][info][gc,phases      ] GC(282)   Evacuate Collection Set: 152.01ms
[2849.203s][info][gc,phases      ] GC(282)   Post Evacuate Collection Set: 1.07ms
[2849.203s][info][gc,phases      ] GC(282)   Other: 0.06ms
[2849.203s][info][gc,heap        ] GC(282) Eden regions: 572->0(571)
[2849.203s][info][gc,heap        ] GC(282) Survivor regions: 42->43(77)
[2849.203s][info][gc,heap        ] GC(282) Old regions: 210->217
[2849.203s][info][gc,heap        ] GC(282) Humongous regions: 33->33
[2849.203s][info][gc,metaspace   ] GC(282) Metaspace: 29985K(30528K)->29985K(30528K) NonClass: 26588K(26880K)->26588K(26880K) Class: 3397K(3648K)->3397K(3648K)
[2849.203s][info][gc             ] GC(282) Pause Young (Normal) (G1 Evacuation Pause) 6837M->2321M(8192M) 154.265ms
[2849.203s][info][gc,cpu         ] GC(282) User=1.22s Sys=0.00s Real=0.16s
.........[2858.362s][info][gc,start       ] GC(283) Pause Young (Normal) (G1 Evacuation Pause)
[2858.362s][info][gc,task        ] GC(283) Using 8 workers of 8 for evacuation
[2858.514s][info][gc,phases      ] GC(283)   Pre Evacuate Collection Set: 0.26ms
[2858.514s][info][gc,phases      ] GC(283)   Merge Heap Roots: 0.70ms
[2858.514s][info][gc,phases      ] GC(283)   Evacuate Collection Set: 149.43ms
[2858.514s][info][gc,phases      ] GC(283)   Post Evacuate Collection Set: 1.06ms
[2858.514s][info][gc,phases      ] GC(283)   Other: 0.07ms
[2858.514s][info][gc,heap        ] GC(283) Eden regions: 571->0(572)
[2858.514s][info][gc,heap        ] GC(283) Survivor regions: 43->42(77)
[2858.514s][info][gc,heap        ] GC(283) Old regions: 217->223
[2858.514s][info][gc,heap        ] GC(283) Humongous regions: 33->33
[2858.514s][info][gc,metaspace   ] GC(283) Metaspace: 29985K(30528K)->29985K(30528K) NonClass: 26588K(26880K)->26588K(26880K) Class: 3397K(3648K)->3397K(3648K)
[2858.514s][info][gc             ] GC(283) Pause Young (Normal) (G1 Evacuation Pause) 6889M->2367M(8192M) 151.655ms
[2858.514s][info][gc,cpu         ] GC(283) User=1.20s Sys=0.00s Real=0.15s
.........[2867.652s][info][gc,start       ] GC(284) Pause Young (Normal) (G1 Evacuation Pause)
[2867.652s][info][gc,task        ] GC(284) Using 8 workers of 8 for evacuation
[2867.802s][info][gc,phases      ] GC(284)   Pre Evacuate Collection Set: 0.24ms
[2867.802s][info][gc,phases      ] GC(284)   Merge Heap Roots: 0.61ms
[2867.802s][info][gc,phases      ] GC(284)   Evacuate Collection Set: 148.01ms
[2867.802s][info][gc,phases      ] GC(284)   Post Evacuate Collection Set: 1.09ms
[2867.802s][info][gc,phases      ] GC(284)   Other: 0.06ms
[2867.802s][info][gc,heap        ] GC(284) Eden regions: 572->0(571)
[2867.802s][info][gc,heap        ] GC(284) Survivor regions: 42->43(77)
[2867.802s][info][gc,heap        ] GC(284) Old regions: 223->230
[2867.802s][info][gc,heap        ] GC(284) Humongous regions: 33->33
[2867.802s][info][gc,metaspace   ] GC(284) Metaspace: 29985K(30528K)->29985K(30528K) NonClass: 26588K(26880K)->26588K(26880K) Class: 3397K(3648K)->3397K(3648K)
[2867.802s][info][gc             ] GC(284) Pause Young (Normal) (G1 Evacuation Pause) 6943M->2430M(8192M) 150.136ms
[2867.802s][info][gc,cpu         ] GC(284) User=1.18s Sys=0.00s Real=0.15s
.. (rIR:aIR:PR = 4151:4147:4147) (tPR = 61931) [OK] 
  2868s: Performance info:
         Transaction,    Success,    Partial,     Failed,   Receipts, AvgBarcode, 
             Overall,     248942,          0,          0,     236497,      59.47, 
         Response times:
             Request,    Success,    Partial,     Failed,   SkipFail,     Probes,    Samples,      min,      p50,      p90,      p95,      p99,      max, 
       TotalPurchase,     236497,          0,          0,          0,     231575,     248227,      400,     2800,     4700,     5400,    24000,   216000,
     InStorePurchase,     124577,          0,          0,          0,     122395,     130650,      400,     2800,     4700,     5300,    24000,   216000,
      OnlinePurchase,      87022,          0,          0,          0,      85288,      91810,      400,     2700,     4800,     5400,    24000,   216000,
        InstPurchase,      24898,          0,          0,          0,      23892,      25767,      500,     2900,     4800,     5500,    24000,   198000,
          AssocOfCat,        250,          0,          0,          0,        186,        242,    21000,    33000,    43700,    49850,    61710,    64000,
      AssocOfProduct,       2487,          0,          0,          0,       2272,       2612,      500,     2500,     4900,     5500,    13248,   158000,
      BusinessReport,        622,          0,          0,          0,        522,        656,    19800,    37000,    49300,    55000,    77430,    95000,
          CustBuyBeh,       2487,          0,          0,          0,       2303,       2649,      300,     2600,     4600,     5200,    18700,   158000,
       ProductReturn,       6599,          0,          0,          0,       6264,       6958,      200,     2500,     4600,     5200,    22000,   214000,

  2868s: (31%)   IR =   4289 ......|.[2876.820s][info][gc,start       ] GC(285) Pause Young (Normal) (G1 Evacuation Pause)
[2876.821s][info][gc,task        ] GC(285) Using 8 workers of 8 for evacuation
[2876.972s][info][gc,phases      ] GC(285)   Pre Evacuate Collection Set: 0.27ms
[2876.972s][info][gc,phases      ] GC(285)   Merge Heap Roots: 0.61ms
[2876.972s][info][gc,phases      ] GC(285)   Evacuate Collection Set: 149.73ms
[2876.972s][info][gc,phases      ] GC(285)   Post Evacuate Collection Set: 1.12ms
[2876.972s][info][gc,phases      ] GC(285)   Other: 0.08ms
[2876.972s][info][gc,heap        ] GC(285) Eden regions: 571->0(571)
[2876.972s][info][gc,heap        ] GC(285) Survivor regions: 43->43(77)
[2876.972s][info][gc,heap        ] GC(285) Old regions: 230->237
[2876.972s][info][gc,heap        ] GC(285) Humongous regions: 33->33
[2876.972s][info][gc,metaspace   ] GC(285) Metaspace: 29985K(30528K)->29985K(30528K) NonClass: 26588K(26880K)->26588K(26880K) Class: 3397K(3648K)->3397K(3648K)
[2876.972s][info][gc             ] GC(285) Pause Young (Normal) (G1 Evacuation Pause) 6998M->2489M(8192M) 151.942ms
[2876.972s][info][gc,cpu         ] GC(285) User=1.20s Sys=0.01s Real=0.16s
.........[2885.811s][info][gc,start       ] GC(286) Pause Young (Normal) (G1 Evacuation Pause)
[2885.811s][info][gc,task        ] GC(286) Using 8 workers of 8 for evacuation
[2885.962s][info][gc,phases      ] GC(286)   Pre Evacuate Collection Set: 0.28ms
[2885.962s][info][gc,phases      ] GC(286)   Merge Heap Roots: 0.65ms
[2885.962s][info][gc,phases      ] GC(286)   Evacuate Collection Set: 148.82ms
[2885.962s][info][gc,phases      ] GC(286)   Post Evacuate Collection Set: 1.09ms
[2885.962s][info][gc,phases      ] GC(286)   Other: 0.08ms
[2885.962s][info][gc,heap        ] GC(286) Eden regions: 571->0(571)
[2885.962s][info][gc,heap        ] GC(286) Survivor regions: 43->43(77)
[2885.962s][info][gc,heap        ] GC(286) Old regions: 237->244
[2885.962s][info][gc,heap        ] GC(286) Humongous regions: 33->33
[2885.962s][info][gc,metaspace   ] GC(286) Metaspace: 29986K(30528K)->29986K(30528K) NonClass: 26589K(26880K)->26589K(26880K) Class: 3397K(3648K)->3397K(3648K)
[2885.962s][info][gc             ] GC(286) Pause Young (Normal) (G1 Evacuation Pause) 7057M->2542M(8192M) 151.046ms
[2885.962s][info][gc,cpu         ] GC(286) User=1.19s Sys=0.00s Real=0.15s
.........[2894.864s][info][gc,start       ] GC(287) Pause Young (Normal) (G1 Evacuation Pause)
[2894.864s][info][gc,task        ] GC(287) Using 8 workers of 8 for evacuation
[2895.019s][info][gc,phases      ] GC(287)   Pre Evacuate Collection Set: 0.27ms
[2895.019s][info][gc,phases      ] GC(287)   Merge Heap Roots: 0.61ms
[2895.019s][info][gc,phases      ] GC(287)   Evacuate Collection Set: 153.17ms
[2895.019s][info][gc,phases      ] GC(287)   Post Evacuate Collection Set: 1.13ms
[2895.019s][info][gc,phases      ] GC(287)   Other: 0.06ms
[2895.019s][info][gc,heap        ] GC(287) Eden regions: 571->0(571)
[2895.019s][info][gc,heap        ] GC(287) Survivor regions: 43->43(77)
[2895.019s][info][gc,heap        ] GC(287) Old regions: 244->251
[2895.019s][info][gc,heap        ] GC(287) Humongous regions: 33->33
[2895.019s][info][gc,metaspace   ] GC(287) Metaspace: 29986K(30528K)->29986K(30528K) NonClass: 26589K(26880K)->26589K(26880K) Class: 3397K(3648K)->3397K(3648K)
[2895.019s][info][gc             ] GC(287) Pause Young (Normal) (G1 Evacuation Pause) 7110M->2597M(8192M) 155.375ms
[2895.019s][info][gc,cpu         ] GC(287) User=1.22s Sys=0.00s Real=0.15s
.........[2903.887s][info][gc,start       ] GC(288) Pause Young (Normal) (G1 Evacuation Pause)
[2903.887s][info][gc,task        ] GC(288) Using 8 workers of 8 for evacuation
[2904.041s][info][gc,phases      ] GC(288)   Pre Evacuate Collection Set: 0.29ms
[2904.041s][info][gc,phases      ] GC(288)   Merge Heap Roots: 0.79ms
[2904.041s][info][gc,phases      ] GC(288)   Evacuate Collection Set: 151.86ms
[2904.041s][info][gc,phases      ] GC(288)   Post Evacuate Collection Set: 1.07ms
[2904.041s][info][gc,phases      ] GC(288)   Other: 0.08ms
[2904.041s][info][gc,heap        ] GC(288) Eden regions: 571->0(571)
[2904.041s][info][gc,heap        ] GC(288) Survivor regions: 43->43(77)
[2904.041s][info][gc,heap        ] GC(288) Old regions: 251->257
[2904.041s][info][gc,heap        ] GC(288) Humongous regions: 33->33
[2904.041s][info][gc,metaspace   ] GC(288) Metaspace: 29986K(30528K)->29986K(30528K) NonClass: 26589K(26880K)->26589K(26880K) Class: 3397K(3648K)->3397K(3648K)
[2904.041s][info][gc             ] GC(288) Pause Young (Normal) (G1 Evacuation Pause) 7165M->2651M(8192M) 154.236ms
[2904.041s][info][gc,cpu         ] GC(288) User=1.23s Sys=0.00s Real=0.16s
.........[2912.939s][info][gc,start       ] GC(289) Pause Young (Normal) (G1 Evacuation Pause)
[2912.939s][info][gc,task        ] GC(289) Using 8 workers of 8 for evacuation
[2913.091s][info][gc,phases      ] GC(289)   Pre Evacuate Collection Set: 0.25ms
[2913.091s][info][gc,phases      ] GC(289)   Merge Heap Roots: 0.60ms
[2913.091s][info][gc,phases      ] GC(289)   Evacuate Collection Set: 149.57ms
[2913.091s][info][gc,phases      ] GC(289)   Post Evacuate Collection Set: 1.05ms
[2913.091s][info][gc,phases      ] GC(289)   Other: 0.07ms
[2913.091s][info][gc,heap        ] GC(289) Eden regions: 571->0(572)
[2913.091s][info][gc,heap        ] GC(289) Survivor regions: 43->42(77)
[2913.091s][info][gc,heap        ] GC(289) Old regions: 257->264
[2913.091s][info][gc,heap        ] GC(289) Humongous regions: 33->33
[2913.091s][info][gc,metaspace   ] GC(289) Metaspace: 29986K(30528K)->29986K(30528K) NonClass: 26589K(26880K)->26589K(26880K) Class: 3397K(3648K)->3397K(3648K)
[2913.091s][info][gc             ] GC(289) Pause Young (Normal) (G1 Evacuation Pause) 7219M->2699M(8192M) 151.662ms
[2913.091s][info][gc,cpu         ] GC(289) User=1.21s Sys=0.00s Real=0.15s
.........[2921.912s][info][gc,start       ] GC(290) Pause Young (Normal) (G1 Evacuation Pause)
[2921.912s][info][gc,task        ] GC(290) Using 8 workers of 8 for evacuation
[2922.068s][info][gc,phases      ] GC(290)   Pre Evacuate Collection Set: 0.23ms
[2922.068s][info][gc,phases      ] GC(290)   Merge Heap Roots: 0.68ms
[2922.068s][info][gc,phases      ] GC(290)   Evacuate Collection Set: 153.10ms
[2922.068s][info][gc,phases      ] GC(290)   Post Evacuate Collection Set: 1.04ms
[2922.068s][info][gc,phases      ] GC(290)   Other: 0.07ms
[2922.068s][info][gc,heap        ] GC(290) Eden regions: 572->0(571)
[2922.068s][info][gc,heap        ] GC(290) Survivor regions: 42->43(77)
[2922.068s][info][gc,heap        ] GC(290) Old regions: 264->271
[2922.068s][info][gc,heap        ] GC(290) Humongous regions: 33->33
[2922.068s][info][gc,metaspace   ] GC(290) Metaspace: 29986K(30528K)->29986K(30528K) NonClass: 26589K(26880K)->26589K(26880K) Class: 3397K(3648K)->3397K(3648K)
[2922.068s][info][gc             ] GC(290) Pause Young (Normal) (G1 Evacuation Pause) 7275M->2762M(8192M) 155.255ms
[2922.068s][info][gc,cpu         ] GC(290) User=1.23s Sys=0.00s Real=0.15s
.........[2930.944s][info][gc,start       ] GC(291) Pause Young (Normal) (G1 Evacuation Pause)
[2930.944s][info][gc,task        ] GC(291) Using 8 workers of 8 for evacuation
[2931.095s][info][gc,phases      ] GC(291)   Pre Evacuate Collection Set: 0.22ms
[2931.095s][info][gc,phases      ] GC(291)   Merge Heap Roots: 0.60ms
[2931.095s][info][gc,phases      ] GC(291)   Evacuate Collection Set: 148.85ms
[2931.095s][info][gc,phases      ] GC(291)   Post Evacuate Collection Set: 1.12ms
[2931.095s][info][gc,phases      ] GC(291)   Other: 0.09ms
[2931.095s][info][gc,heap        ] GC(291) Eden regions: 571->0(572)
[2931.095s][info][gc,heap        ] GC(291) Survivor regions: 43->42(77)
[2931.095s][info][gc,heap        ] GC(291) Old regions: 271->278
[2931.095s][info][gc,heap        ] GC(291) Humongous regions: 33->33
[2931.095s][info][gc,metaspace   ] GC(291) Metaspace: 29986K(30528K)->29986K(30528K) NonClass: 26589K(26880K)->26589K(26880K) Class: 3397K(3648K)->3397K(3648K)
[2931.095s][info][gc             ] GC(291) Pause Young (Normal) (G1 Evacuation Pause) 7330M->2808M(8192M) 151.018ms
[2931.095s][info][gc,cpu         ] GC(291) User=1.20s Sys=0.00s Real=0.15s
..... (rIR:aIR:PR = 4289:4289:4289) (tPR = 64055) [OK] 
  2934s: Performance info:
         Transaction,    Success,    Partial,     Failed,   Receipts, AvgBarcode, 
             Overall,     257489,          0,          0,     244625,      59.48, 
         Response times:
             Request,    Success,    Partial,     Failed,   SkipFail,     Probes,    Samples,      min,      p50,      p90,      p95,      p99,      max, 
       TotalPurchase,     244625,          0,          0,          0,     239083,     264022,      300,     2800,     4900,     5500,    25000,   230000,
     InStorePurchase,     128681,          0,          0,          0,     126041,     139010,      400,     2800,     4800,     5500,    27000,   230000,
      OnlinePurchase,      90203,          0,          0,          0,      88285,      97377,      300,     2800,     4900,     5500,    22000,   230000,
        InstPurchase,      25741,          0,          0,          0,      24757,      27635,      500,     2800,     4900,     5600,    26000,   230000,
          AssocOfCat,        258,          0,          0,          0,        215,        309,    22000,    33000,    41000,    47000,   176700,   223000,
      AssocOfProduct,       2574,          0,          0,          0,       2382,       2761,      600,     3400,     5500,     6200,    24000,   165000,
      BusinessReport,        641,          0,          0,          0,        531,        677,    26000,    36000,    50000,    56000,    97000,   213000,
          CustBuyBeh,       2570,          0,          0,          0,       2367,       2783,      300,     3100,     4800,     5400,    32320,   158000,
       ProductReturn,       6822,          0,          0,          0,       6408,       7324,      200,     2800,     4800,     5400,    27750,   160000,

  2934s: (32%)   IR =   4428 ....[2939.792s][info][gc,start       ] GC(292) Pause Young (Normal) (G1 Evacuation Pause)
[2939.792s][info][gc,task        ] GC(292) Using 8 workers of 8 for evacuation
[2939.949s][info][gc,phases      ] GC(292)   Pre Evacuate Collection Set: 0.24ms
[2939.949s][info][gc,phases      ] GC(292)   Merge Heap Roots: 0.59ms
[2939.949s][info][gc,phases      ] GC(292)   Evacuate Collection Set: 154.62ms
[2939.949s][info][gc,phases      ] GC(292)   Post Evacuate Collection Set: 1.07ms
[2939.949s][info][gc,phases      ] GC(292)   Other: 0.06ms
[2939.949s][info][gc,heap        ] GC(292) Eden regions: 572->0(566)
[2939.949s][info][gc,heap        ] GC(292) Survivor regions: 42->44(77)
[2939.949s][info][gc,heap        ] GC(292) Old regions: 278->285
[2939.949s][info][gc,heap        ] GC(292) Humongous regions: 33->33
[2939.949s][info][gc,metaspace   ] GC(292) Metaspace: 29986K(30528K)->29986K(30528K) NonClass: 26589K(26880K)->26589K(26880K) Class: 3397K(3648K)->3397K(3648K)
[2939.949s][info][gc             ] GC(292) Pause Young (Normal) (G1 Evacuation Pause) 7384M->2875M(8192M) 156.726ms
[2939.949s][info][gc,cpu         ] GC(292) User=1.25s Sys=0.00s Real=0.15s
...|......[2948.506s][info][gc,start       ] GC(293) Pause Young (Normal) (G1 Evacuation Pause)
[2948.506s][info][gc,task        ] GC(293) Using 8 workers of 8 for evacuation
[2948.656s][info][gc,phases      ] GC(293)   Pre Evacuate Collection Set: 0.26ms
[2948.656s][info][gc,phases      ] GC(293)   Merge Heap Roots: 0.59ms
[2948.656s][info][gc,phases      ] GC(293)   Evacuate Collection Set: 147.44ms
[2948.656s][info][gc,phases      ] GC(293)   Post Evacuate Collection Set: 1.06ms
[2948.656s][info][gc,phases      ] GC(293)   Other: 0.08ms
[2948.656s][info][gc,heap        ] GC(293) Eden regions: 566->0(563)
[2948.656s][info][gc,heap        ] GC(293) Survivor regions: 44->42(77)
[2948.656s][info][gc,heap        ] GC(293) Old regions: 285->292
[2948.656s][info][gc,heap        ] GC(293) Humongous regions: 33->33
[2948.656s][info][gc,metaspace   ] GC(293) Metaspace: 29986K(30528K)->29986K(30528K) NonClass: 26589K(26880K)->26589K(26880K) Class: 3397K(3648K)->3397K(3648K)
[2948.656s][info][gc             ] GC(293) Pause Young (Normal) (G1 Evacuation Pause) 7403M->2919M(8192M) 149.582ms
[2948.656s][info][gc,cpu         ] GC(293) User=1.18s Sys=0.00s Real=0.15s
........[2957.071s][info][gc,start       ] GC(294) Pause Young (Normal) (G1 Evacuation Pause)
[2957.071s][info][gc,task        ] GC(294) Using 8 workers of 8 for evacuation
[2957.225s][info][gc,phases      ] GC(294)   Pre Evacuate Collection Set: 0.24ms
[2957.225s][info][gc,phases      ] GC(294)   Merge Heap Roots: 0.62ms
[2957.225s][info][gc,phases      ] GC(294)   Evacuate Collection Set: 152.10ms
[2957.225s][info][gc,phases      ] GC(294)   Post Evacuate Collection Set: 1.08ms
[2957.225s][info][gc,phases      ] GC(294)   Other: 0.06ms
[2957.225s][info][gc,heap        ] GC(294) Eden regions: 563->0(554)
[2957.225s][info][gc,heap        ] GC(294) Survivor regions: 42->43(76)
[2957.225s][info][gc,heap        ] GC(294) Old regions: 292->299
[2957.225s][info][gc,heap        ] GC(294) Humongous regions: 33->33
[2957.225s][info][gc,metaspace   ] GC(294) Metaspace: 29986K(30528K)->29986K(30528K) NonClass: 26589K(26880K)->26589K(26880K) Class: 3397K(3648K)->3397K(3648K)
[2957.225s][info][gc             ] GC(294) Pause Young (Normal) (G1 Evacuation Pause) 7423M->2981M(8192M) 154.245ms
[2957.225s][info][gc,cpu         ] GC(294) User=1.22s Sys=0.00s Real=0.15s
.........[2965.560s][info][gc,start       ] GC(295) Pause Young (Normal) (G1 Evacuation Pause)
[2965.560s][info][gc,task        ] GC(295) Using 8 workers of 8 for evacuation
[2965.710s][info][gc,phases      ] GC(295)   Pre Evacuate Collection Set: 0.24ms
[2965.710s][info][gc,phases      ] GC(295)   Merge Heap Roots: 0.65ms
[2965.710s][info][gc,phases      ] GC(295)   Evacuate Collection Set: 147.72ms
[2965.710s][info][gc,phases      ] GC(295)   Post Evacuate Collection Set: 1.07ms
[2965.710s][info][gc,phases      ] GC(295)   Other: 0.07ms
[2965.710s][info][gc,heap        ] GC(295) Eden regions: 554->0(549)
[2965.710s][info][gc,heap        ] GC(295) Survivor regions: 43->42(75)
[2965.710s][info][gc,heap        ] GC(295) Old regions: 299->306
[2965.710s][info][gc,heap        ] GC(295) Humongous regions: 33->33
[2965.710s][info][gc,metaspace   ] GC(295) Metaspace: 29986K(30528K)->29986K(30528K) NonClass: 26589K(26880K)->26589K(26880K) Class: 3397K(3648K)->3397K(3648K)
[2965.710s][info][gc             ] GC(295) Pause Young (Normal) (G1 Evacuation Pause) 7413M->3031M(8192M) 149.874ms
[2965.710s][info][gc,cpu         ] GC(295) User=1.19s Sys=0.00s Real=0.15s
........[2973.964s][info][gc,start       ] GC(296) Pause Young (Normal) (G1 Evacuation Pause)
[2973.964s][info][gc,task        ] GC(296) Using 8 workers of 8 for evacuation
[2974.115s][info][gc,phases      ] GC(296)   Pre Evacuate Collection Set: 0.27ms
[2974.115s][info][gc,phases      ] GC(296)   Merge Heap Roots: 0.67ms
[2974.115s][info][gc,phases      ] GC(296)   Evacuate Collection Set: 148.89ms
[2974.115s][info][gc,phases      ] GC(296)   Post Evacuate Collection Set: 1.07ms
[2974.115s][info][gc,phases      ] GC(296)   Other: 0.06ms
[2974.115s][info][gc,heap        ] GC(296) Eden regions: 549->0(540)
[2974.115s][info][gc,heap        ] GC(296) Survivor regions: 42->43(74)
[2974.115s][info][gc,heap        ] GC(296) Old regions: 306->313
[2974.115s][info][gc,heap        ] GC(296) Humongous regions: 33->33
[2974.115s][info][gc,metaspace   ] GC(296) Metaspace: 29986K(30528K)->29986K(30528K) NonClass: 26589K(26880K)->26589K(26880K) Class: 3397K(3648K)->3397K(3648K)
[2974.115s][info][gc             ] GC(296) Pause Young (Normal) (G1 Evacuation Pause) 7423M->3095M(8192M) 151.101ms
[2974.115s][info][gc,cpu         ] GC(296) User=1.19s Sys=0.00s Real=0.15s
........[2982.247s][info][gc,start       ] GC(297) Pause Young (Normal) (G1 Evacuation Pause)
[2982.247s][info][gc,task        ] GC(297) Using 8 workers of 8 for evacuation
[2982.399s][info][gc,phases      ] GC(297)   Pre Evacuate Collection Set: 0.25ms
[2982.399s][info][gc,phases      ] GC(297)   Merge Heap Roots: 0.62ms
[2982.399s][info][gc,phases      ] GC(297)   Evacuate Collection Set: 149.92ms
[2982.399s][info][gc,phases      ] GC(297)   Post Evacuate Collection Set: 1.05ms
[2982.399s][info][gc,phases      ] GC(297)   Other: 0.07ms
[2982.399s][info][gc,heap        ] GC(297) Eden regions: 540->0(532)
[2982.399s][info][gc,heap        ] GC(297) Survivor regions: 43->43(73)
[2982.399s][info][gc,heap        ] GC(297) Old regions: 313->321
[2982.399s][info][gc,heap        ] GC(297) Humongous regions: 33->33
[2982.399s][info][gc,metaspace   ] GC(297) Metaspace: 29986K(30528K)->29986K(30528K) NonClass: 26589K(26880K)->26589K(26880K) Class: 3397K(3648K)->3397K(3648K)
[2982.399s][info][gc             ] GC(297) Pause Young (Normal) (G1 Evacuation Pause) 7415M->3154M(8192M) 152.048ms
[2982.399s][info][gc,cpu         ] GC(297) User=1.20s Sys=0.00s Real=0.15s
.........[2990.411s][info][gc,start       ] GC(298) Pause Young (Normal) (G1 Evacuation Pause)
[2990.411s][info][gc,task        ] GC(298) Using 8 workers of 8 for evacuation
[2990.562s][info][gc,phases      ] GC(298)   Pre Evacuate Collection Set: 0.26ms
[2990.562s][info][gc,phases      ] GC(298)   Merge Heap Roots: 0.67ms
[2990.562s][info][gc,phases      ] GC(298)   Evacuate Collection Set: 149.42ms
[2990.562s][info][gc,phases      ] GC(298)   Post Evacuate Collection Set: 1.03ms
[2990.562s][info][gc,phases      ] GC(298)   Other: 0.07ms
[2990.562s][info][gc,heap        ] GC(298) Eden regions: 532->0(527)
[2990.562s][info][gc,heap        ] GC(298) Survivor regions: 43->42(72)
[2990.562s][info][gc,heap        ] GC(298) Old regions: 321->328
[2990.562s][info][gc,heap        ] GC(298) Humongous regions: 33->33
[2990.562s][info][gc,metaspace   ] GC(298) Metaspace: 29986K(30528K)->29986K(30528K) NonClass: 26589K(26880K)->26589K(26880K) Class: 3397K(3648K)->3397K(3648K)
[2990.562s][info][gc             ] GC(298) Pause Young (Normal) (G1 Evacuation Pause) 7410M->3210M(8192M) 151.583ms
[2990.562s][info][gc,cpu         ] GC(298) User=1.20s Sys=0.00s Real=0.16s
.......[2998.383s][info][gc,start       ] GC(299) Pause Young (Normal) (G1 Evacuation Pause)
[2998.383s][info][gc,task        ] GC(299) Using 8 workers of 8 for evacuation
[2998.535s][info][gc,phases      ] GC(299)   Pre Evacuate Collection Set: 0.26ms
[2998.535s][info][gc,phases      ] GC(299)   Merge Heap Roots: 0.73ms
[2998.535s][info][gc,phases      ] GC(299)   Evacuate Collection Set: 150.05ms
[2998.535s][info][gc,phases      ] GC(299)   Post Evacuate Collection Set: 0.98ms
[2998.535s][info][gc,phases      ] GC(299)   Other: 0.52ms
[2998.535s][info][gc,heap        ] GC(299) Eden regions: 527->0(519)
[2998.535s][info][gc,heap        ] GC(299) Survivor regions: 42->42(72)
[2998.535s][info][gc,heap        ] GC(299) Old regions: 328->336
[2998.535s][info][gc,heap        ] GC(299) Humongous regions: 33->33
[2998.535s][info][gc,metaspace   ] GC(299) Metaspace: 29986K(30528K)->29986K(30528K) NonClass: 26589K(26880K)->26589K(26880K) Class: 3397K(3648K)->3397K(3648K)
[2998.535s][info][gc             ] GC(299) Pause Young (Normal) (G1 Evacuation Pause) 7426M->3266M(8192M) 152.671ms
[2998.535s][info][gc,cpu         ] GC(299) User=1.21s Sys=0.01s Real=0.15s
..... (rIR:aIR:PR = 4428:4426:4426) (tPR = 65802) [OK] 
  3002s: Performance info:
         Transaction,    Success,    Partial,     Failed,   Receipts, AvgBarcode, 
             Overall,     267242,          0,          0,     253897,      59.47, 
         Response times:
             Request,    Success,    Partial,     Failed,   SkipFail,     Probes,    Samples,      min,      p50,      p90,      p95,      p99,      max, 
       TotalPurchase,     253897,          0,          0,          0,     248663,     279437,      300,     2900,     5100,     5800,    24000,   230000,
     InStorePurchase,     133609,          0,          0,          0,     131174,     147201,      400,     2800,     5000,     5800,    22000,   230000,
      OnlinePurchase,      93539,          0,          0,          0,      91517,     102810,      300,     3000,     5100,     5800,    25000,   230000,
        InstPurchase,      26749,          0,          0,          0,      25972,      29426,      500,     2900,     5100,     5800,    21000,   174000,
          AssocOfCat,        266,          0,          0,          0,        202,        290,    22000,    33000,    42900,    48000,    59630,    71000,
      AssocOfProduct,       2665,          0,          0,          0,       2453,       2926,      400,     3200,     5300,     5965,    30730,   164000,
      BusinessReport,        668,          0,          0,          0,        536,        686,    28000,    37000,    49000,    56000,   191390,   216000,
          CustBuyBeh,       2665,          0,          0,          0,       2436,       2948,      200,     2500,     4600,     5300,    25510,   161000,
       ProductReturn,       7081,          0,          0,          0,       6692,       7780,      200,     2800,     4800,     5400,    21190,   161000,

  3002s: (33%)   IR =   4566 ...[3006.248s][info][gc,start       ] GC(300) Pause Young (Concurrent Start) (G1 Evacuation Pause)
[3006.248s][info][gc,task        ] GC(300) Using 8 workers of 8 for evacuation
[3006.396s][info][gc,phases      ] GC(300)   Pre Evacuate Collection Set: 0.31ms
[3006.396s][info][gc,phases      ] GC(300)   Merge Heap Roots: 0.56ms
[3006.396s][info][gc,phases      ] GC(300)   Evacuate Collection Set: 146.27ms
[3006.396s][info][gc,phases      ] GC(300)   Post Evacuate Collection Set: 1.06ms
[3006.396s][info][gc,phases      ] GC(300)   Other: 0.12ms
[3006.396s][info][gc,heap        ] GC(300) Eden regions: 519->0(514)
[3006.396s][info][gc,heap        ] GC(300) Survivor regions: 42->41(71)
[3006.396s][info][gc,heap        ] GC(300) Old regions: 336->343
[3006.396s][info][gc,heap        ] GC(300) Humongous regions: 33->33
[3006.396s][info][gc,metaspace   ] GC(300) Metaspace: 29986K(30528K)->29986K(30528K) NonClass: 26589K(26880K)->26589K(26880K) Class: 3397K(3648K)->3397K(3648K)
[3006.396s][info][gc             ] GC(300) Pause Young (Concurrent Start) (G1 Evacuation Pause) 7418M->3323M(8192M) 148.452ms
[3006.396s][info][gc             ] GC(301) Concurrent Mark Cycle
[3006.396s][info][gc,marking     ] GC(301) Concurrent Scan Root Regions
[3006.396s][info][gc,cpu         ] GC(300) User=1.18s Sys=0.00s Real=0.15s
.[3006.637s][info][gc,marking     ] GC(301) Concurrent Scan Root Regions 240.591ms
[3006.637s][info][gc,marking     ] GC(301) Concurrent Mark
[3006.637s][info][gc,marking     ] GC(301) Concurrent Mark From Roots
[3006.637s][info][gc,task        ] GC(301) Using 2 workers of 2 for marking
[3007.480s][info][gc,marking     ] GC(301) Concurrent Mark From Roots 842.880ms
[3007.480s][info][gc,marking     ] GC(301) Concurrent Preclean
[3007.480s][info][gc,marking     ] GC(301) Concurrent Preclean 0.156ms
[3007.480s][info][gc,start       ] GC(301) Pause Remark
[3007.482s][info][gc             ] GC(301) Pause Remark 4012M->3308M(8192M) 2.462ms
[3007.482s][info][gc,cpu         ] GC(301) User=0.02s Sys=0.00s Real=0.01s
[3007.483s][info][gc,marking     ] GC(301) Concurrent Mark 845.802ms
[3007.483s][info][gc,marking     ] GC(301) Concurrent Rebuild Remembered Sets and Scrub Regions
.[3007.941s][info][gc,marking     ] GC(301) Concurrent Rebuild Remembered Sets and Scrub Regions 458.849ms
[3007.942s][info][gc,start       ] GC(301) Pause Cleanup
[3007.942s][info][gc             ] GC(301) Pause Cleanup 3571M->3571M(8192M) 0.297ms
[3007.942s][info][gc,cpu         ] GC(301) User=0.00s Sys=0.00s Real=0.00s
[3007.942s][info][gc,marking     ] GC(301) Concurrent Clear Claimed Marks
[3007.942s][info][gc,marking     ] GC(301) Concurrent Clear Claimed Marks 0.046ms
[3007.942s][info][gc,marking     ] GC(301) Concurrent Cleanup for Next Mark
[3007.952s][info][gc,marking     ] GC(301) Concurrent Cleanup for Next Mark 9.526ms
[3007.952s][info][gc             ] GC(301) Concurrent Mark Cycle 1555.529ms
.|.....[3013.908s][info][gc,start       ] GC(302) Pause Young (Prepare Mixed) (G1 Evacuation Pause)
[3013.908s][info][gc,task        ] GC(302) Using 8 workers of 8 for evacuation
[3014.057s][info][gc,phases      ] GC(302)   Pre Evacuate Collection Set: 0.25ms
[3014.057s][info][gc,phases      ] GC(302)   Merge Heap Roots: 0.73ms
[3014.057s][info][gc,phases      ] GC(302)   Evacuate Collection Set: 146.50ms
[3014.057s][info][gc,phases      ] GC(302)   Post Evacuate Collection Set: 1.09ms
[3014.057s][info][gc,phases      ] GC(302)   Other: 0.08ms
[3014.057s][info][gc,heap        ] GC(302) Eden regions: 514->0(573)
[3014.057s][info][gc,heap        ] GC(302) Survivor regions: 41->41(70)
[3014.057s][info][gc,heap        ] GC(302) Old regions: 255->263
[3014.057s][info][gc,heap        ] GC(302) Humongous regions: 33->33
[3014.057s][info][gc,metaspace   ] GC(302) Metaspace: 29986K(30528K)->29986K(30528K) NonClass: 26589K(26880K)->26589K(26880K) Class: 3397K(3648K)->3397K(3648K)
[3014.057s][info][gc             ] GC(302) Pause Young (Prepare Mixed) (G1 Evacuation Pause) 6731M->2678M(8192M) 148.780ms
[3014.057s][info][gc,cpu         ] GC(302) User=1.17s Sys=0.00s Real=0.15s
........[3022.398s][info][gc,start       ] GC(303) Pause Young (Mixed) (G1 Evacuation Pause)
[3022.399s][info][gc,task        ] GC(303) Using 8 workers of 8 for evacuation
[3022.554s][info][gc,phases      ] GC(303)   Pre Evacuate Collection Set: 0.31ms
[3022.554s][info][gc,phases      ] GC(303)   Merge Heap Roots: 0.89ms
[3022.554s][info][gc,phases      ] GC(303)   Evacuate Collection Set: 152.67ms
[3022.554s][info][gc,phases      ] GC(303)   Post Evacuate Collection Set: 1.37ms
[3022.554s][info][gc,phases      ] GC(303)   Other: 0.08ms
[3022.554s][info][gc,heap        ] GC(303) Eden regions: 573->0(572)
[3022.554s][info][gc,heap        ] GC(303) Survivor regions: 41->42(77)
[3022.554s][info][gc,heap        ] GC(303) Old regions: 263->168
[3022.554s][info][gc,heap        ] GC(303) Humongous regions: 33->33
[3022.554s][info][gc,metaspace   ] GC(303) Metaspace: 29986K(30528K)->29986K(30528K) NonClass: 26589K(26880K)->26589K(26880K) Class: 3397K(3648K)->3397K(3648K)
[3022.554s][info][gc             ] GC(303) Pause Young (Mixed) (G1 Evacuation Pause) 7262M->1922M(8192M) 155.470ms
[3022.554s][info][gc,cpu         ] GC(303) User=1.23s Sys=0.00s Real=0.16s
.........[3030.850s][info][gc,start       ] GC(304) Pause Young (Mixed) (G1 Evacuation Pause)
[3030.850s][info][gc,task        ] GC(304) Using 8 workers of 8 for evacuation
[3031.010s][info][gc,phases      ] GC(304)   Pre Evacuate Collection Set: 0.29ms
[3031.010s][info][gc,phases      ] GC(304)   Merge Heap Roots: 1.03ms
[3031.010s][info][gc,phases      ] GC(304)   Evacuate Collection Set: 157.27ms
[3031.010s][info][gc,phases      ] GC(304)   Post Evacuate Collection Set: 1.18ms
[3031.010s][info][gc,phases      ] GC(304)   Other: 0.08ms
[3031.010s][info][gc,heap        ] GC(304) Eden regions: 572->0(571)
[3031.010s][info][gc,heap        ] GC(304) Survivor regions: 42->43(77)
[3031.010s][info][gc,heap        ] GC(304) Old regions: 168->142
[3031.010s][info][gc,heap        ] GC(304) Humongous regions: 33->33
[3031.010s][info][gc,metaspace   ] GC(304) Metaspace: 29986K(30528K)->29986K(30528K) NonClass: 26589K(26880K)->26589K(26880K) Class: 3397K(3648K)->3397K(3648K)
[3031.010s][info][gc             ] GC(304) Pause Young (Mixed) (G1 Evacuation Pause) 6498M->1721M(8192M) 159.987ms
[3031.010s][info][gc,cpu         ] GC(304) User=1.27s Sys=0.00s Real=0.16s
........[3039.345s][info][gc,start       ] GC(305) Pause Young (Normal) (G1 Evacuation Pause)
[3039.345s][info][gc,task        ] GC(305) Using 8 workers of 8 for evacuation
[3039.495s][info][gc,phases      ] GC(305)   Pre Evacuate Collection Set: 0.25ms
[3039.495s][info][gc,phases      ] GC(305)   Merge Heap Roots: 0.66ms
[3039.495s][info][gc,phases      ] GC(305)   Evacuate Collection Set: 147.12ms
[3039.495s][info][gc,phases      ] GC(305)   Post Evacuate Collection Set: 1.08ms
[3039.495s][info][gc,phases      ] GC(305)   Other: 0.06ms
[3039.495s][info][gc,heap        ] GC(305) Eden regions: 571->0(572)
[3039.495s][info][gc,heap        ] GC(305) Survivor regions: 43->42(77)
[3039.495s][info][gc,heap        ] GC(305) Old regions: 142->149
[3039.495s][info][gc,heap        ] GC(305) Humongous regions: 33->33
[3039.495s][info][gc,metaspace   ] GC(305) Metaspace: 29986K(30528K)->29986K(30528K) NonClass: 26589K(26880K)->26589K(26880K) Class: 3397K(3648K)->3397K(3648K)
[3039.495s][info][gc             ] GC(305) Pause Young (Normal) (G1 Evacuation Pause) 6289M->1775M(8192M) 149.319ms
[3039.495s][info][gc,cpu         ] GC(305) User=1.18s Sys=0.00s Real=0.15s
.........[3047.822s][info][gc,start       ] GC(306) Pause Young (Normal) (G1 Evacuation Pause)
[3047.822s][info][gc,task        ] GC(306) Using 8 workers of 8 for evacuation
[3047.978s][info][gc,phases      ] GC(306)   Pre Evacuate Collection Set: 0.29ms
[3047.978s][info][gc,phases      ] GC(306)   Merge Heap Roots: 0.69ms
[3047.978s][info][gc,phases      ] GC(306)   Evacuate Collection Set: 153.54ms
[3047.978s][info][gc,phases      ] GC(306)   Post Evacuate Collection Set: 1.11ms
[3047.978s][info][gc,phases      ] GC(306)   Other: 0.06ms
[3047.978s][info][gc,heap        ] GC(306) Eden regions: 572->0(570)
[3047.978s][info][gc,heap        ] GC(306) Survivor regions: 42->44(77)
[3047.978s][info][gc,heap        ] GC(306) Old regions: 149->156
[3047.978s][info][gc,heap        ] GC(306) Humongous regions: 33->33
[3047.978s][info][gc,metaspace   ] GC(306) Metaspace: 29986K(30528K)->29986K(30528K) NonClass: 26589K(26880K)->26589K(26880K) Class: 3397K(3648K)->3397K(3648K)
[3047.978s][info][gc             ] GC(306) Pause Young (Normal) (G1 Evacuation Pause) 6351M->1841M(8192M) 155.815ms
[3047.978s][info][gc,cpu         ] GC(306) User=1.24s Sys=0.00s Real=0.15s
........[3056.213s][info][gc,start       ] GC(307) Pause Young (Normal) (G1 Evacuation Pause)
[3056.214s][info][gc,task        ] GC(307) Using 8 workers of 8 for evacuation
[3056.365s][info][gc,phases      ] GC(307)   Pre Evacuate Collection Set: 0.26ms
[3056.365s][info][gc,phases      ] GC(307)   Merge Heap Roots: 0.67ms
[3056.365s][info][gc,phases      ] GC(307)   Evacuate Collection Set: 149.86ms
[3056.365s][info][gc,phases      ] GC(307)   Post Evacuate Collection Set: 1.04ms
[3056.365s][info][gc,phases      ] GC(307)   Other: 0.07ms
[3056.365s][info][gc,heap        ] GC(307) Eden regions: 570->0(571)
[3056.365s][info][gc,heap        ] GC(307) Survivor regions: 44->43(77)
[3056.365s][info][gc,heap        ] GC(307) Old regions: 156->163
[3056.365s][info][gc,heap        ] GC(307) Humongous regions: 33->33
[3056.366s][info][gc,metaspace   ] GC(307) Metaspace: 29986K(30528K)->29986K(30528K) NonClass: 26589K(26880K)->26589K(26880K) Class: 3397K(3648K)->3397K(3648K)
[3056.366s][info][gc             ] GC(307) Pause Young (Normal) (G1 Evacuation Pause) 6401M->1893M(8192M) 152.024ms
[3056.366s][info][gc,cpu         ] GC(307) User=1.20s Sys=0.00s Real=0.15s
.........[3064.779s][info][gc,start       ] GC(308) Pause Young (Normal) (G1 Evacuation Pause)
[3064.779s][info][gc,task        ] GC(308) Using 8 workers of 8 for evacuation
[3064.929s][info][gc,phases      ] GC(308)   Pre Evacuate Collection Set: 0.27ms
[3064.929s][info][gc,phases      ] GC(308)   Merge Heap Roots: 0.58ms
[3064.929s][info][gc,phases      ] GC(308)   Evacuate Collection Set: 147.48ms
[3064.929s][info][gc,phases      ] GC(308)   Post Evacuate Collection Set: 1.09ms
[3064.929s][info][gc,phases      ] GC(308)   Other: 0.07ms
[3064.929s][info][gc,heap        ] GC(308) Eden regions: 571->0(572)
[3064.929s][info][gc,heap        ] GC(308) Survivor regions: 43->42(77)
[3064.929s][info][gc,heap        ] GC(308) Old regions: 163->170
[3064.929s][info][gc,heap        ] GC(308) Humongous regions: 33->33
[3064.929s][info][gc,metaspace   ] GC(308) Metaspace: 29986K(30528K)->29986K(30528K) NonClass: 26589K(26880K)->26589K(26880K) Class: 3397K(3648K)->3397K(3648K)
[3064.929s][info][gc             ] GC(308) Pause Young (Normal) (G1 Evacuation Pause) 6461M->1943M(8192M) 149.620ms
[3064.929s][info][gc,cpu         ] GC(308) User=1.18s Sys=0.00s Real=0.15s
.... (rIR:aIR:PR = 4566:4567:4567) (tPR = 67899) [OK] 
  3068s: Performance info:
         Transaction,    Success,    Partial,     Failed,   Receipts, AvgBarcode, 
             Overall,     274130,          0,          0,     260370,      59.47, 
         Response times:
             Request,    Success,    Partial,     Failed,   SkipFail,     Probes,    Samples,      min,      p50,      p90,      p95,      p99,      max, 
       TotalPurchase,     260370,          0,          0,          0,     255489,     282216,      300,     3000,     5200,     6100,    34000,   227000,
     InStorePurchase,     137048,          0,          0,          0,     134751,     148742,      300,     3100,     5300,     6200,    34000,   227000,
      OnlinePurchase,      95953,          0,          0,          0,      94062,     103478,      400,     2900,     5200,     6100,    33000,   227000,
        InstPurchase,      27369,          0,          0,          0,      26676,      29996,      500,     2900,     5200,     6000,    37030,   227000,
          AssocOfCat,        274,          0,          0,          0,        206,        278,    26000,    34000,    47100,    53150,   101420,   103000,
      AssocOfProduct,       2766,          0,          0,          0,       2549,       2995,      500,     3100,     5200,     6100,    47000,   166000,
      BusinessReport,        682,          0,          0,          0,        571,        744,    25000,    37000,    51000,    57000,   118350,   221000,
          CustBuyBeh,       2739,          0,          0,          0,       2543,       3006,      700,     3400,     5200,     6100,    37930,   159000,
       ProductReturn,       7299,          0,          0,          0,       7005,       8014,      200,     1700,     4800,     5700,    21000,   227000,

  3068s: (34%)   IR =   4705 ....[3073.143s][info][gc,start       ] GC(309) Pause Young (Normal) (G1 Evacuation Pause)
[3073.143s][info][gc,task        ] GC(309) Using 8 workers of 8 for evacuation
[3073.295s][info][gc,phases      ] GC(309)   Pre Evacuate Collection Set: 0.26ms
[3073.295s][info][gc,phases      ] GC(309)   Merge Heap Roots: 0.65ms
[3073.295s][info][gc,phases      ] GC(309)   Evacuate Collection Set: 149.98ms
[3073.295s][info][gc,phases      ] GC(309)   Post Evacuate Collection Set: 1.12ms
[3073.295s][info][gc,phases      ] GC(309)   Other: 0.06ms
[3073.295s][info][gc,heap        ] GC(309) Eden regions: 572->0(571)
[3073.295s][info][gc,heap        ] GC(309) Survivor regions: 42->43(77)
[3073.295s][info][gc,heap        ] GC(309) Old regions: 170->177
[3073.295s][info][gc,heap        ] GC(309) Humongous regions: 33->33
[3073.295s][info][gc,metaspace   ] GC(309) Metaspace: 29986K(30528K)->29986K(30528K) NonClass: 26589K(26880K)->26589K(26880K) Class: 3397K(3648K)->3397K(3648K)
[3073.295s][info][gc             ] GC(309) Pause Young (Normal) (G1 Evacuation Pause) 6519M->2005M(8192M) 152.205ms
[3073.295s][info][gc,cpu         ] GC(309) User=1.20s Sys=0.01s Real=0.15s
.|.......[3081.350s][info][gc,start       ] GC(310) Pause Young (Normal) (G1 Evacuation Pause)
[3081.350s][info][gc,task        ] GC(310) Using 8 workers of 8 for evacuation
[3081.501s][info][gc,phases      ] GC(310)   Pre Evacuate Collection Set: 0.24ms
[3081.501s][info][gc,phases      ] GC(310)   Merge Heap Roots: 0.63ms
[3081.501s][info][gc,phases      ] GC(310)   Evacuate Collection Set: 148.75ms
[3081.501s][info][gc,phases      ] GC(310)   Post Evacuate Collection Set: 1.07ms
[3081.501s][info][gc,phases      ] GC(310)   Other: 0.06ms
[3081.501s][info][gc,heap        ] GC(310) Eden regions: 571->0(573)
[3081.501s][info][gc,heap        ] GC(310) Survivor regions: 43->41(77)
[3081.501s][info][gc,heap        ] GC(310) Old regions: 177->184
[3081.501s][info][gc,heap        ] GC(310) Humongous regions: 33->33
[3081.501s][info][gc,metaspace   ] GC(310) Metaspace: 29986K(30528K)->29986K(30528K) NonClass: 26589K(26880K)->26589K(26880K) Class: 3397K(3648K)->3397K(3648K)
[3081.501s][info][gc             ] GC(310) Pause Young (Normal) (G1 Evacuation Pause) 6573M->2045M(8192M) 150.890ms
[3081.501s][info][gc,cpu         ] GC(310) User=1.20s Sys=0.00s Real=0.16s
........[3089.616s][info][gc,start       ] GC(311) Pause Young (Normal) (G1 Evacuation Pause)
[3089.617s][info][gc,task        ] GC(311) Using 8 workers of 8 for evacuation
[3089.770s][info][gc,phases      ] GC(311)   Pre Evacuate Collection Set: 0.26ms
[3089.770s][info][gc,phases      ] GC(311)   Merge Heap Roots: 0.61ms
[3089.770s][info][gc,phases      ] GC(311)   Evacuate Collection Set: 150.98ms
[3089.770s][info][gc,phases      ] GC(311)   Post Evacuate Collection Set: 1.08ms
[3089.770s][info][gc,phases      ] GC(311)   Other: 0.08ms
[3089.770s][info][gc,heap        ] GC(311) Eden regions: 573->0(571)
[3089.770s][info][gc,heap        ] GC(311) Survivor regions: 41->43(77)
[3089.770s][info][gc,heap        ] GC(311) Old regions: 184->191
[3089.770s][info][gc,heap        ] GC(311) Humongous regions: 33->33
[3089.770s][info][gc,metaspace   ] GC(311) Metaspace: 29986K(30528K)->29986K(30528K) NonClass: 26589K(26880K)->26589K(26880K) Class: 3397K(3648K)->3397K(3648K)
[3089.770s][info][gc             ] GC(311) Pause Young (Normal) (G1 Evacuation Pause) 6629M->2117M(8192M) 153.899ms
[3089.770s][info][gc,cpu         ] GC(311) User=1.21s Sys=0.00s Real=0.15s
.........[3097.886s][info][gc,start       ] GC(312) Pause Young (Normal) (G1 Evacuation Pause)
[3097.886s][info][gc,task        ] GC(312) Using 8 workers of 8 for evacuation
[3098.037s][info][gc,phases      ] GC(312)   Pre Evacuate Collection Set: 0.26ms
[3098.037s][info][gc,phases      ] GC(312)   Merge Heap Roots: 0.63ms
[3098.037s][info][gc,phases      ] GC(312)   Evacuate Collection Set: 149.07ms
[3098.037s][info][gc,phases      ] GC(312)   Post Evacuate Collection Set: 1.12ms
[3098.037s][info][gc,phases      ] GC(312)   Other: 0.06ms
[3098.037s][info][gc,heap        ] GC(312) Eden regions: 571->0(571)
[3098.037s][info][gc,heap        ] GC(312) Survivor regions: 43->43(77)
[3098.037s][info][gc,heap        ] GC(312) Old regions: 191->198
[3098.037s][info][gc,heap        ] GC(312) Humongous regions: 33->33
[3098.037s][info][gc,metaspace   ] GC(312) Metaspace: 29986K(30528K)->29986K(30528K) NonClass: 26589K(26880K)->26589K(26880K) Class: 3397K(3648K)->3397K(3648K)
[3098.037s][info][gc             ] GC(312) Pause Young (Normal) (G1 Evacuation Pause) 6685M->2173M(8192M) 151.279ms
[3098.037s][info][gc,cpu         ] GC(312) User=1.19s Sys=0.00s Real=0.15s
........[3106.072s][info][gc,start       ] GC(313) Pause Young (Normal) (G1 Evacuation Pause)
[3106.072s][info][gc,task        ] GC(313) Using 8 workers of 8 for evacuation
[3106.224s][info][gc,phases      ] GC(313)   Pre Evacuate Collection Set: 0.24ms
[3106.224s][info][gc,phases      ] GC(313)   Merge Heap Roots: 0.63ms
[3106.224s][info][gc,phases      ] GC(313)   Evacuate Collection Set: 149.45ms
[3106.224s][info][gc,phases      ] GC(313)   Post Evacuate Collection Set: 1.06ms
[3106.224s][info][gc,phases      ] GC(313)   Other: 0.07ms
[3106.224s][info][gc,heap        ] GC(313) Eden regions: 571->0(571)
[3106.224s][info][gc,heap        ] GC(313) Survivor regions: 43->43(77)
[3106.224s][info][gc,heap        ] GC(313) Old regions: 198->204
[3106.224s][info][gc,heap        ] GC(313) Humongous regions: 33->33
[3106.224s][info][gc,metaspace   ] GC(313) Metaspace: 29986K(30528K)->29986K(30528K) NonClass: 26589K(26880K)->26589K(26880K) Class: 3397K(3648K)->3397K(3648K)
[3106.224s][info][gc             ] GC(313) Pause Young (Normal) (G1 Evacuation Pause) 6741M->2223M(8192M) 151.593ms
[3106.224s][info][gc,cpu         ] GC(313) User=1.20s Sys=0.00s Real=0.15s
........[3114.241s][info][gc,start       ] GC(314) Pause Young (Normal) (G1 Evacuation Pause)
[3114.241s][info][gc,task        ] GC(314) Using 8 workers of 8 for evacuation
[3114.394s][info][gc,phases      ] GC(314)   Pre Evacuate Collection Set: 0.25ms
[3114.394s][info][gc,phases      ] GC(314)   Merge Heap Roots: 0.68ms
[3114.394s][info][gc,phases      ] GC(314)   Evacuate Collection Set: 151.51ms
[3114.394s][info][gc,phases      ] GC(314)   Post Evacuate Collection Set: 1.08ms
[3114.394s][info][gc,phases      ] GC(314)   Other: 0.06ms
[3114.394s][info][gc,heap        ] GC(314) Eden regions: 571->0(571)
[3114.394s][info][gc,heap        ] GC(314) Survivor regions: 43->43(77)
[3114.394s][info][gc,heap        ] GC(314) Old regions: 204->211
[3114.394s][info][gc,heap        ] GC(314) Humongous regions: 33->33
[3114.394s][info][gc,metaspace   ] GC(314) Metaspace: 29986K(30528K)->29986K(30528K) NonClass: 26589K(26880K)->26589K(26880K) Class: 3397K(3648K)->3397K(3648K)
[3114.394s][info][gc             ] GC(314) Pause Young (Normal) (G1 Evacuation Pause) 6791M->2283M(8192M) 153.733ms
[3114.394s][info][gc,cpu         ] GC(314) User=1.21s Sys=0.00s Real=0.15s
........[3122.547s][info][gc,start       ] GC(315) Pause Young (Normal) (G1 Evacuation Pause)
[3122.547s][info][gc,task        ] GC(315) Using 8 workers of 8 for evacuation
[3122.697s][info][gc,phases      ] GC(315)   Pre Evacuate Collection Set: 0.26ms
[3122.697s][info][gc,phases      ] GC(315)   Merge Heap Roots: 0.67ms
[3122.697s][info][gc,phases      ] GC(315)   Evacuate Collection Set: 147.93ms
[3122.697s][info][gc,phases      ] GC(315)   Post Evacuate Collection Set: 1.10ms
[3122.697s][info][gc,phases      ] GC(315)   Other: 0.09ms
[3122.697s][info][gc,heap        ] GC(315) Eden regions: 571->0(571)
[3122.697s][info][gc,heap        ] GC(315) Survivor regions: 43->43(77)
[3122.697s][info][gc,heap        ] GC(315) Old regions: 211->218
[3122.697s][info][gc,heap        ] GC(315) Humongous regions: 33->33
[3122.697s][info][gc,metaspace   ] GC(315) Metaspace: 29986K(30528K)->29986K(30528K) NonClass: 26589K(26880K)->26589K(26880K) Class: 3397K(3648K)->3397K(3648K)
[3122.697s][info][gc             ] GC(315) Pause Young (Normal) (G1 Evacuation Pause) 6851M->2339M(8192M) 150.184ms
[3122.697s][info][gc,cpu         ] GC(315) User=1.19s Sys=0.00s Real=0.15s
........[3130.732s][info][gc,start       ] GC(316) Pause Young (Normal) (G1 Evacuation Pause)
[3130.732s][info][gc,task        ] GC(316) Using 8 workers of 8 for evacuation
[3130.882s][info][gc,phases      ] GC(316)   Pre Evacuate Collection Set: 0.26ms
[3130.882s][info][gc,phases      ] GC(316)   Merge Heap Roots: 0.60ms
[3130.882s][info][gc,phases      ] GC(316)   Evacuate Collection Set: 148.70ms
[3130.882s][info][gc,phases      ] GC(316)   Post Evacuate Collection Set: 1.09ms
[3130.882s][info][gc,phases      ] GC(316)   Other: 0.06ms
[3130.882s][info][gc,heap        ] GC(316) Eden regions: 571->0(571)
[3130.882s][info][gc,heap        ] GC(316) Survivor regions: 43->43(77)
[3130.882s][info][gc,heap        ] GC(316) Old regions: 218->225
[3130.882s][info][gc,heap        ] GC(316) Humongous regions: 33->33
[3130.882s][info][gc,metaspace   ] GC(316) Metaspace: 29986K(30528K)->29986K(30528K) NonClass: 26589K(26880K)->26589K(26880K) Class: 3397K(3648K)->3397K(3648K)
[3130.882s][info][gc             ] GC(316) Pause Young (Normal) (G1 Evacuation Pause) 6907M->2390M(8192M) 150.855ms
[3130.882s][info][gc,cpu         ] GC(316) User=1.20s Sys=0.00s Real=0.15s
.... (rIR:aIR:PR = 4705:4703:4703) (tPR = 69705) [OK] 
  3133s: Performance info:
         Transaction,    Success,    Partial,     Failed,   Receipts, AvgBarcode, 
             Overall,     283274,          0,          0,     269087,      59.47, 
         Response times:
             Request,    Success,    Partial,     Failed,   SkipFail,     Probes,    Samples,      min,      p50,      p90,      p95,      p99,      max, 
       TotalPurchase,     269087,          0,          0,          0,     263936,     287816,      300,     3100,     5300,     6100,    22000,   209000,
     InStorePurchase,     141624,          0,          0,          0,     139149,     151466,      300,     3000,     5300,     6000,    23000,   208000,
      OnlinePurchase,      99166,          0,          0,          0,      97401,     106170,      300,     3000,     5300,     6100,    19400,   209000,
        InstPurchase,      28297,          0,          0,          0,      27386,      30180,      500,     3300,     5400,     6200,    26000,   209000,
          AssocOfCat,        289,          0,          0,          0,        220,        279,    23000,    33000,    43000,    50000,   111600,   196000,
      AssocOfProduct,       2838,          0,          0,          0,       2638,       3046,      600,     3500,     5500,     6265,    25530,   164000,
      BusinessReport,        711,          0,          0,          0,        581,        750,    27000,    37000,    50000,    56000,    80000,   189000,
          CustBuyBeh,       2827,          0,          0,          0,       2646,       3078,      300,     3200,     5300,     6100,    19894,   158000,
       ProductReturn,       7521,          0,          0,          0,       7129,       8037,      200,     2500,     5000,     5700,    18000,   207000,

  3133s: (35%)   IR =   4843 ....[3138.815s][info][gc,start       ] GC(317) Pause Young (Normal) (G1 Evacuation Pause)
[3138.815s][info][gc,task        ] GC(317) Using 8 workers of 8 for evacuation
[3138.966s][info][gc,phases      ] GC(317)   Pre Evacuate Collection Set: 0.27ms
[3138.966s][info][gc,phases      ] GC(317)   Merge Heap Roots: 0.62ms
[3138.966s][info][gc,phases      ] GC(317)   Evacuate Collection Set: 149.40ms
[3138.966s][info][gc,phases      ] GC(317)   Post Evacuate Collection Set: 1.06ms
[3138.966s][info][gc,phases      ] GC(317)   Other: 0.07ms
[3138.966s][info][gc,heap        ] GC(317) Eden regions: 571->0(571)
[3138.966s][info][gc,heap        ] GC(317) Survivor regions: 43->43(77)
[3138.966s][info][gc,heap        ] GC(317) Old regions: 225->232
[3138.966s][info][gc,heap        ] GC(317) Humongous regions: 33->33
[3138.966s][info][gc,metaspace   ] GC(317) Metaspace: 29986K(30528K)->29986K(30528K) NonClass: 26589K(26880K)->26589K(26880K) Class: 3397K(3648K)->3397K(3648K)
[3138.966s][info][gc             ] GC(317) Pause Young (Normal) (G1 Evacuation Pause) 6958M->2447M(8192M) 151.561ms
[3138.966s][info][gc,cpu         ] GC(317) User=1.20s Sys=0.00s Real=0.15s
....|....[3146.776s][info][gc,start       ] GC(318) Pause Young (Normal) (G1 Evacuation Pause)
[3146.776s][info][gc,task        ] GC(318) Using 8 workers of 8 for evacuation
[3146.931s][info][gc,phases      ] GC(318)   Pre Evacuate Collection Set: 0.29ms
[3146.931s][info][gc,phases      ] GC(318)   Merge Heap Roots: 0.64ms
[3146.931s][info][gc,phases      ] GC(318)   Evacuate Collection Set: 152.09ms
[3146.931s][info][gc,phases      ] GC(318)   Post Evacuate Collection Set: 1.11ms
[3146.931s][info][gc,phases      ] GC(318)   Other: 0.07ms
[3146.931s][info][gc,heap        ] GC(318) Eden regions: 571->0(571)
[3146.931s][info][gc,heap        ] GC(318) Survivor regions: 43->43(77)
[3146.931s][info][gc,heap        ] GC(318) Old regions: 232->239
[3146.931s][info][gc,heap        ] GC(318) Humongous regions: 33->33
[3146.931s][info][gc,metaspace   ] GC(318) Metaspace: 29986K(30528K)->29986K(30528K) NonClass: 26589K(26880K)->26589K(26880K) Class: 3397K(3648K)->3397K(3648K)
[3146.931s][info][gc             ] GC(318) Pause Young (Normal) (G1 Evacuation Pause) 7015M->2507M(8192M) 154.336ms
[3146.931s][info][gc,cpu         ] GC(318) User=1.22s Sys=0.00s Real=0.15s
........[3154.806s][info][gc,start       ] GC(319) Pause Young (Normal) (G1 Evacuation Pause)
[3154.806s][info][gc,task        ] GC(319) Using 8 workers of 8 for evacuation
[3154.957s][info][gc,phases      ] GC(319)   Pre Evacuate Collection Set: 0.27ms
[3154.958s][info][gc,phases      ] GC(319)   Merge Heap Roots: 0.65ms
[3154.958s][info][gc,phases      ] GC(319)   Evacuate Collection Set: 149.52ms
[3154.958s][info][gc,phases      ] GC(319)   Post Evacuate Collection Set: 1.08ms
[3154.958s][info][gc,phases      ] GC(319)   Other: 0.07ms
[3154.958s][info][gc,heap        ] GC(319) Eden regions: 571->0(571)
[3154.958s][info][gc,heap        ] GC(319) Survivor regions: 43->43(77)
[3154.958s][info][gc,heap        ] GC(319) Old regions: 239->246
[3154.958s][info][gc,heap        ] GC(319) Humongous regions: 33->33
[3154.958s][info][gc,metaspace   ] GC(319) Metaspace: 29986K(30528K)->29986K(30528K) NonClass: 26589K(26880K)->26589K(26880K) Class: 3397K(3648K)->3397K(3648K)
[3154.958s][info][gc             ] GC(319) Pause Young (Normal) (G1 Evacuation Pause) 7075M->2559M(8192M) 151.718ms
[3154.958s][info][gc,cpu         ] GC(319) User=1.20s Sys=0.00s Real=0.15s
........[3162.728s][info][gc,start       ] GC(320) Pause Young (Normal) (G1 Evacuation Pause)
[3162.728s][info][gc,task        ] GC(320) Using 8 workers of 8 for evacuation
[3162.879s][info][gc,phases      ] GC(320)   Pre Evacuate Collection Set: 0.27ms
[3162.879s][info][gc,phases      ] GC(320)   Merge Heap Roots: 0.70ms
[3162.879s][info][gc,phases      ] GC(320)   Evacuate Collection Set: 149.07ms
[3162.879s][info][gc,phases      ] GC(320)   Post Evacuate Collection Set: 1.13ms
[3162.879s][info][gc,phases      ] GC(320)   Other: 0.07ms
[3162.879s][info][gc,heap        ] GC(320) Eden regions: 571->0(571)
[3162.879s][info][gc,heap        ] GC(320) Survivor regions: 43->43(77)
[3162.879s][info][gc,heap        ] GC(320) Old regions: 246->253
[3162.879s][info][gc,heap        ] GC(320) Humongous regions: 33->33
[3162.879s][info][gc,metaspace   ] GC(320) Metaspace: 29986K(30528K)->29986K(30528K) NonClass: 26589K(26880K)->26589K(26880K) Class: 3397K(3648K)->3397K(3648K)
[3162.879s][info][gc             ] GC(320) Pause Young (Normal) (G1 Evacuation Pause) 7127M->2615M(8192M) 151.374ms
[3162.879s][info][gc,cpu         ] GC(320) User=1.19s Sys=0.00s Real=0.15s
........[3170.691s][info][gc,start       ] GC(321) Pause Young (Normal) (G1 Evacuation Pause)
[3170.691s][info][gc,task        ] GC(321) Using 8 workers of 8 for evacuation
[3170.841s][info][gc,phases      ] GC(321)   Pre Evacuate Collection Set: 0.27ms
[3170.841s][info][gc,phases      ] GC(321)   Merge Heap Roots: 0.69ms
[3170.841s][info][gc,phases      ] GC(321)   Evacuate Collection Set: 148.48ms
[3170.841s][info][gc,phases      ] GC(321)   Post Evacuate Collection Set: 1.08ms
[3170.841s][info][gc,phases      ] GC(321)   Other: 0.07ms
[3170.841s][info][gc,heap        ] GC(321) Eden regions: 571->0(572)
[3170.841s][info][gc,heap        ] GC(321) Survivor regions: 43->42(77)
[3170.841s][info][gc,heap        ] GC(321) Old regions: 253->260
[3170.841s][info][gc,heap        ] GC(321) Humongous regions: 33->33
[3170.841s][info][gc,metaspace   ] GC(321) Metaspace: 29986K(30528K)->29986K(30528K) NonClass: 26589K(26880K)->26589K(26880K) Class: 3397K(3648K)->3397K(3648K)
[3170.841s][info][gc             ] GC(321) Pause Young (Normal) (G1 Evacuation Pause) 7183M->2666M(8192M) 150.723ms
[3170.841s][info][gc,cpu         ] GC(321) User=1.19s Sys=0.00s Real=0.16s
........[3178.773s][info][gc,start       ] GC(322) Pause Young (Normal) (G1 Evacuation Pause)
[3178.773s][info][gc,task        ] GC(322) Using 8 workers of 8 for evacuation
[3178.926s][info][gc,phases      ] GC(322)   Pre Evacuate Collection Set: 0.28ms
[3178.926s][info][gc,phases      ] GC(322)   Merge Heap Roots: 0.77ms
[3178.926s][info][gc,phases      ] GC(322)   Evacuate Collection Set: 151.29ms
[3178.926s][info][gc,phases      ] GC(322)   Post Evacuate Collection Set: 1.08ms
[3178.926s][info][gc,phases      ] GC(322)   Other: 0.08ms
[3178.926s][info][gc,heap        ] GC(322) Eden regions: 572->0(571)
[3178.926s][info][gc,heap        ] GC(322) Survivor regions: 42->43(77)
[3178.926s][info][gc,heap        ] GC(322) Old regions: 260->267
[3178.926s][info][gc,heap        ] GC(322) Humongous regions: 33->33
[3178.926s][info][gc,metaspace   ] GC(322) Metaspace: 29986K(30528K)->29986K(30528K) NonClass: 26589K(26880K)->26589K(26880K) Class: 3397K(3648K)->3397K(3648K)
[3178.926s][info][gc             ] GC(322) Pause Young (Normal) (G1 Evacuation Pause) 7242M->2725M(8192M) 153.639ms
[3178.926s][info][gc,cpu         ] GC(322) User=1.22s Sys=0.00s Real=0.15s
........[3186.657s][info][gc,start       ] GC(323) Pause Young (Normal) (G1 Evacuation Pause)
[3186.657s][info][gc,task        ] GC(323) Using 8 workers of 8 for evacuation
[3186.807s][info][gc,phases      ] GC(323)   Pre Evacuate Collection Set: 0.27ms
[3186.807s][info][gc,phases      ] GC(323)   Merge Heap Roots: 0.63ms
[3186.807s][info][gc,phases      ] GC(323)   Evacuate Collection Set: 148.26ms
[3186.807s][info][gc,phases      ] GC(323)   Post Evacuate Collection Set: 1.07ms
[3186.807s][info][gc,phases      ] GC(323)   Other: 0.08ms
[3186.807s][info][gc,heap        ] GC(323) Eden regions: 571->0(571)
[3186.807s][info][gc,heap        ] GC(323) Survivor regions: 43->43(77)
[3186.807s][info][gc,heap        ] GC(323) Old regions: 267->274
[3186.807s][info][gc,heap        ] GC(323) Humongous regions: 33->33
[3186.807s][info][gc,metaspace   ] GC(323) Metaspace: 29986K(30528K)->29986K(30528K) NonClass: 26589K(26880K)->26589K(26880K) Class: 3397K(3648K)->3397K(3648K)
[3186.807s][info][gc             ] GC(323) Pause Young (Normal) (G1 Evacuation Pause) 7293M->2785M(8192M) 150.445ms
[3186.807s][info][gc,cpu         ] GC(323) User=1.18s Sys=0.00s Real=0.15s
........[3194.721s][info][gc,start       ] GC(324) Pause Young (Normal) (G1 Evacuation Pause)
[3194.721s][info][gc,task        ] GC(324) Using 8 workers of 8 for evacuation
[3194.876s][info][gc,phases      ] GC(324)   Pre Evacuate Collection Set: 0.25ms
[3194.876s][info][gc,phases      ] GC(324)   Merge Heap Roots: 0.65ms
[3194.876s][info][gc,phases      ] GC(324)   Evacuate Collection Set: 152.93ms
[3194.876s][info][gc,phases      ] GC(324)   Post Evacuate Collection Set: 1.08ms
[3194.876s][info][gc,phases      ] GC(324)   Other: 0.06ms
[3194.876s][info][gc,heap        ] GC(324) Eden regions: 571->0(571)
[3194.876s][info][gc,heap        ] GC(324) Survivor regions: 43->43(77)
[3194.876s][info][gc,heap        ] GC(324) Old regions: 274->281
[3194.876s][info][gc,heap        ] GC(324) Humongous regions: 33->33
[3194.876s][info][gc,metaspace   ] GC(324) Metaspace: 29986K(30528K)->29986K(30528K) NonClass: 26589K(26880K)->26589K(26880K) Class: 3397K(3648K)->3397K(3648K)
[3194.876s][info][gc             ] GC(324) Pause Young (Normal) (G1 Evacuation Pause) 7353M->2839M(8192M) 155.104ms
[3194.876s][info][gc,cpu         ] GC(324) User=1.24s Sys=0.00s Real=0.15s
........ (rIR:aIR:PR = 4843:4844:4844) (tPR = 71986) [OK] 
  3201s: Performance info:
         Transaction,    Success,    Partial,     Failed,   Receipts, AvgBarcode, 
             Overall,     290767,          0,          0,     276268,      59.47, 
         Response times:
             Request,    Success,    Partial,     Failed,   SkipFail,     Probes,    Samples,      min,      p50,      p90,      p95,      p99,      max, 
       TotalPurchase,     276268,          0,          0,          0,     270316,     309010,      400,     3100,     5500,     6300,    30000,   269000,
     InStorePurchase,     145382,          0,          0,          0,     142369,     162529,      400,     3200,     5500,     6300,    29000,   268000,
      OnlinePurchase,     101774,          0,          0,          0,      99648,     113926,      400,     3000,     5500,     6300,    30000,   268000,
        InstPurchase,      29112,          0,          0,          0,      28299,      32555,      500,     3200,     5500,     6400,    31000,   269000,
          AssocOfCat,        287,          0,          0,          0,        236,        352,    21000,    33000,    44700,    49000,    70290,   193000,
      AssocOfProduct,       2902,          0,          0,          0,       2706,       3294,      400,     3500,     5700,     6500,    36050,   163000,
      BusinessReport,        726,          0,          0,          0,        626,        807,    20000,    38000,    52200,    59600,   102680,   225000,
          CustBuyBeh,       2888,          0,          0,          0,       2669,       3244,      200,     2700,     5400,     6000,    31550,   162000,
       ProductReturn,       7696,          0,          0,          0,       7334,       8645,      200,     3500,     5500,     6400,    38000,   159000,

  3201s: (36%)   IR =   4981 [3202.610s][info][gc,start       ] GC(325) Pause Young (Normal) (G1 Evacuation Pause)
[3202.610s][info][gc,task        ] GC(325) Using 8 workers of 8 for evacuation
[3202.760s][info][gc,phases      ] GC(325)   Pre Evacuate Collection Set: 0.26ms
[3202.760s][info][gc,phases      ] GC(325)   Merge Heap Roots: 0.64ms
[3202.760s][info][gc,phases      ] GC(325)   Evacuate Collection Set: 148.63ms
[3202.760s][info][gc,phases      ] GC(325)   Post Evacuate Collection Set: 1.09ms
[3202.760s][info][gc,phases      ] GC(325)   Other: 0.06ms
[3202.760s][info][gc,heap        ] GC(325) Eden regions: 571->0(565)
[3202.760s][info][gc,heap        ] GC(325) Survivor regions: 43->43(77)
[3202.760s][info][gc,heap        ] GC(325) Old regions: 281->288
[3202.760s][info][gc,heap        ] GC(325) Humongous regions: 33->33
[3202.760s][info][gc,metaspace   ] GC(325) Metaspace: 29986K(30528K)->29986K(30528K) NonClass: 26589K(26880K)->26589K(26880K) Class: 3397K(3648K)->3397K(3648K)
[3202.760s][info][gc             ] GC(325) Pause Young (Normal) (G1 Evacuation Pause) 7407M->2894M(8192M) 150.819ms
[3202.760s][info][gc,cpu         ] GC(325) User=1.20s Sys=0.00s Real=0.15s
.....|...[3210.351s][info][gc,start       ] GC(326) Pause Young (Normal) (G1 Evacuation Pause)
[3210.351s][info][gc,task        ] GC(326) Using 8 workers of 8 for evacuation
[3210.502s][info][gc,phases      ] GC(326)   Pre Evacuate Collection Set: 0.30ms
[3210.502s][info][gc,phases      ] GC(326)   Merge Heap Roots: 0.72ms
[3210.502s][info][gc,phases      ] GC(326)   Evacuate Collection Set: 149.60ms
[3210.502s][info][gc,phases      ] GC(326)   Post Evacuate Collection Set: 1.10ms
[3210.502s][info][gc,phases      ] GC(326)   Other: 0.07ms
[3210.502s][info][gc,heap        ] GC(326) Eden regions: 565->0(560)
[3210.502s][info][gc,heap        ] GC(326) Survivor regions: 43->42(76)
[3210.502s][info][gc,heap        ] GC(326) Old regions: 288->295
[3210.502s][info][gc,heap        ] GC(326) Humongous regions: 33->33
[3210.502s][info][gc,metaspace   ] GC(326) Metaspace: 29986K(30528K)->29986K(30528K) NonClass: 26589K(26880K)->26589K(26880K) Class: 3397K(3648K)->3397K(3648K)
[3210.502s][info][gc             ] GC(326) Pause Young (Normal) (G1 Evacuation Pause) 7414M->2946M(8192M) 151.914ms
[3210.502s][info][gc,cpu         ] GC(326) User=1.21s Sys=0.00s Real=0.16s
.......[3217.973s][info][gc,start       ] GC(327) Pause Young (Normal) (G1 Evacuation Pause)
[3217.973s][info][gc,task        ] GC(327) Using 8 workers of 8 for evacuation
[3218.125s][info][gc,phases      ] GC(327)   Pre Evacuate Collection Set: 0.24ms
[3218.125s][info][gc,phases      ] GC(327)   Merge Heap Roots: 0.60ms
[3218.125s][info][gc,phases      ] GC(327)   Evacuate Collection Set: 149.33ms
[3218.125s][info][gc,phases      ] GC(327)   Post Evacuate Collection Set: 1.10ms
[3218.125s][info][gc,phases      ] GC(327)   Other: 0.06ms
[3218.125s][info][gc,heap        ] GC(327) Eden regions: 560->0(551)
[3218.125s][info][gc,heap        ] GC(327) Survivor regions: 42->43(76)
[3218.125s][info][gc,heap        ] GC(327) Old regions: 295->302
[3218.125s][info][gc,heap        ] GC(327) Humongous regions: 33->33
[3218.125s][info][gc,metaspace   ] GC(327) Metaspace: 29986K(30528K)->29986K(30528K) NonClass: 26589K(26880K)->26589K(26880K) Class: 3397K(3648K)->3397K(3648K)
[3218.125s][info][gc             ] GC(327) Pause Young (Normal) (G1 Evacuation Pause) 7426M->3007M(8192M) 151.455ms
[3218.125s][info][gc,cpu         ] GC(327) User=1.20s Sys=0.00s Real=0.15s
........[3225.373s][info][gc,start       ] GC(328) Pause Young (Normal) (G1 Evacuation Pause)
[3225.373s][info][gc,task        ] GC(328) Using 8 workers of 8 for evacuation
[3225.522s][info][gc,phases      ] GC(328)   Pre Evacuate Collection Set: 0.27ms
[3225.522s][info][gc,phases      ] GC(328)   Merge Heap Roots: 0.70ms
[3225.522s][info][gc,phases      ] GC(328)   Evacuate Collection Set: 147.15ms
[3225.522s][info][gc,phases      ] GC(328)   Post Evacuate Collection Set: 1.04ms
[3225.522s][info][gc,phases      ] GC(328)   Other: 0.07ms
[3225.522s][info][gc,heap        ] GC(328) Eden regions: 551->0(545)
[3225.522s][info][gc,heap        ] GC(328) Survivor regions: 43->42(75)
[3225.522s][info][gc,heap        ] GC(328) Old regions: 302->310
[3225.522s][info][gc,heap        ] GC(328) Humongous regions: 33->33
[3225.522s][info][gc,metaspace   ] GC(328) Metaspace: 29986K(30528K)->29986K(30528K) NonClass: 26589K(26880K)->26589K(26880K) Class: 3397K(3648K)->3397K(3648K)
[3225.522s][info][gc             ] GC(328) Pause Young (Normal) (G1 Evacuation Pause) 7415M->3061M(8192M) 149.347ms
[3225.522s][info][gc,cpu         ] GC(328) User=1.19s Sys=0.00s Real=0.15s
.......[3232.780s][info][gc,start       ] GC(329) Pause Young (Normal) (G1 Evacuation Pause)
[3232.780s][info][gc,task        ] GC(329) Using 8 workers of 8 for evacuation
[3232.933s][info][gc,phases      ] GC(329)   Pre Evacuate Collection Set: 0.27ms
[3232.933s][info][gc,phases      ] GC(329)   Merge Heap Roots: 0.67ms
[3232.933s][info][gc,phases      ] GC(329)   Evacuate Collection Set: 150.82ms
[3232.933s][info][gc,phases      ] GC(329)   Post Evacuate Collection Set: 1.05ms
[3232.933s][info][gc,phases      ] GC(329)   Other: 0.07ms
[3232.933s][info][gc,heap        ] GC(329) Eden regions: 545->0(538)
[3232.933s][info][gc,heap        ] GC(329) Survivor regions: 42->42(74)
[3232.933s][info][gc,heap        ] GC(329) Old regions: 310->317
[3232.933s][info][gc,heap        ] GC(329) Humongous regions: 33->33
[3232.933s][info][gc,metaspace   ] GC(329) Metaspace: 29986K(30528K)->29986K(30528K) NonClass: 26589K(26880K)->26589K(26880K) Class: 3397K(3648K)->3397K(3648K)
[3232.933s][info][gc             ] GC(329) Pause Young (Normal) (G1 Evacuation Pause) 7421M->3123M(8192M) 153.036ms
[3232.933s][info][gc,cpu         ] GC(329) User=1.21s Sys=0.00s Real=0.16s
........[3240.185s][info][gc,start       ] GC(330) Pause Young (Normal) (G1 Evacuation Pause)
[3240.185s][info][gc,task        ] GC(330) Using 8 workers of 8 for evacuation
[3240.338s][info][gc,phases      ] GC(330)   Pre Evacuate Collection Set: 0.24ms
[3240.338s][info][gc,phases      ] GC(330)   Merge Heap Roots: 0.59ms
[3240.338s][info][gc,phases      ] GC(330)   Evacuate Collection Set: 151.53ms
[3240.338s][info][gc,phases      ] GC(330)   Post Evacuate Collection Set: 1.01ms
[3240.338s][info][gc,phases      ] GC(330)   Other: 0.07ms
[3240.338s][info][gc,heap        ] GC(330) Eden regions: 538->0(531)
[3240.338s][info][gc,heap        ] GC(330) Survivor regions: 42->42(73)
[3240.338s][info][gc,heap        ] GC(330) Old regions: 317->324
[3240.338s][info][gc,heap        ] GC(330) Humongous regions: 33->33
[3240.338s][info][gc,metaspace   ] GC(330) Metaspace: 29986K(30528K)->29986K(30528K) NonClass: 26589K(26880K)->26589K(26880K) Class: 3397K(3648K)->3397K(3648K)
[3240.338s][info][gc             ] GC(330) Pause Young (Normal) (G1 Evacuation Pause) 7427M->3175M(8192M) 153.568ms
[3240.338s][info][gc,cpu         ] GC(330) User=1.21s Sys=0.00s Real=0.15s
.......[3247.367s][info][gc,start       ] GC(331) Pause Young (Concurrent Start) (G1 Evacuation Pause)
[3247.367s][info][gc,task        ] GC(331) Using 8 workers of 8 for evacuation
[3247.514s][info][gc,phases      ] GC(331)   Pre Evacuate Collection Set: 0.33ms
[3247.514s][info][gc,phases      ] GC(331)   Merge Heap Roots: 0.62ms
[3247.514s][info][gc,phases      ] GC(331)   Evacuate Collection Set: 145.65ms
[3247.514s][info][gc,phases      ] GC(331)   Post Evacuate Collection Set: 1.01ms
[3247.514s][info][gc,phases      ] GC(331)   Other: 0.09ms
[3247.514s][info][gc,heap        ] GC(331) Eden regions: 531->0(525)
[3247.514s][info][gc,heap        ] GC(331) Survivor regions: 42->41(72)
[3247.514s][info][gc,heap        ] GC(331) Old regions: 324->332
[3247.514s][info][gc,heap        ] GC(331) Humongous regions: 33->33
[3247.514s][info][gc,metaspace   ] GC(331) Metaspace: 29986K(30528K)->29986K(30528K) NonClass: 26589K(26880K)->26589K(26880K) Class: 3397K(3648K)->3397K(3648K)
[3247.514s][info][gc             ] GC(331) Pause Young (Concurrent Start) (G1 Evacuation Pause) 7423M->3226M(8192M) 147.836ms
[3247.514s][info][gc             ] GC(332) Concurrent Mark Cycle
[3247.514s][info][gc,marking     ] GC(332) Concurrent Scan Root Regions
[3247.514s][info][gc,cpu         ] GC(331) User=1.17s Sys=0.00s Real=0.15s
[3247.725s][info][gc,marking     ] GC(332) Concurrent Scan Root Regions 210.764ms
[3247.725s][info][gc,marking     ] GC(332) Concurrent Mark
[3247.725s][info][gc,marking     ] GC(332) Concurrent Mark From Roots
[3247.725s][info][gc,task        ] GC(332) Using 2 workers of 2 for marking
.[3248.368s][info][gc,marking     ] GC(332) Concurrent Mark From Roots 642.645ms
[3248.368s][info][gc,marking     ] GC(332) Concurrent Preclean
[3248.368s][info][gc,marking     ] GC(332) Concurrent Preclean 0.130ms
[3248.368s][info][gc,start       ] GC(332) Pause Remark
[3248.370s][info][gc             ] GC(332) Pause Remark 3850M->3178M(8192M) 1.955ms
[3248.370s][info][gc,cpu         ] GC(332) User=0.02s Sys=0.00s Real=0.00s
[3248.370s][info][gc,marking     ] GC(332) Concurrent Mark 645.025ms
[3248.370s][info][gc,marking     ] GC(332) Concurrent Rebuild Remembered Sets and Scrub Regions
[3248.799s][info][gc,marking     ] GC(332) Concurrent Rebuild Remembered Sets and Scrub Regions 429.060ms
[3248.800s][info][gc,start       ] GC(332) Pause Cleanup
[3248.800s][info][gc             ] GC(332) Pause Cleanup 3431M->3431M(8192M) 0.285ms
[3248.800s][info][gc,cpu         ] GC(332) User=0.00s Sys=0.00s Real=0.00s
[3248.800s][info][gc,marking     ] GC(332) Concurrent Clear Claimed Marks
[3248.800s][info][gc,marking     ] GC(332) Concurrent Clear Claimed Marks 0.052ms
[3248.800s][info][gc,marking     ] GC(332) Concurrent Cleanup for Next Mark
[3248.817s][info][gc,marking     ] GC(332) Concurrent Cleanup for Next Mark 17.002ms
[3248.817s][info][gc             ] GC(332) Concurrent Mark Cycle 1302.611ms
......[3254.504s][info][gc,start       ] GC(333) Pause Young (Prepare Mixed) (G1 Evacuation Pause)
[3254.504s][info][gc,task        ] GC(333) Using 8 workers of 8 for evacuation
[3254.650s][info][gc,phases      ] GC(333)   Pre Evacuate Collection Set: 0.24ms
[3254.650s][info][gc,phases      ] GC(333)   Merge Heap Roots: 0.74ms
[3254.650s][info][gc,phases      ] GC(333)   Evacuate Collection Set: 143.96ms
[3254.650s][info][gc,phases      ] GC(333)   Post Evacuate Collection Set: 1.13ms
[3254.650s][info][gc,phases      ] GC(333)   Other: 0.06ms
[3254.650s][info][gc,heap        ] GC(333) Eden regions: 525->0(573)
[3254.650s][info][gc,heap        ] GC(333) Survivor regions: 41->41(71)
[3254.650s][info][gc,heap        ] GC(333) Old regions: 248->255
[3254.650s][info][gc,heap        ] GC(333) Humongous regions: 33->33
[3254.650s][info][gc,metaspace   ] GC(333) Metaspace: 29986K(30528K)->29986K(30528K) NonClass: 26589K(26880K)->26589K(26880K) Class: 3397K(3648K)->3397K(3648K)
[3254.650s][info][gc             ] GC(333) Pause Young (Prepare Mixed) (G1 Evacuation Pause) 6754M->2615M(8192M) 146.276ms
[3254.650s][info][gc,cpu         ] GC(333) User=1.15s Sys=0.00s Real=0.14s
........[3262.243s][info][gc,start       ] GC(334) Pause Young (Mixed) (G1 Evacuation Pause)
[3262.243s][info][gc,task        ] GC(334) Using 8 workers of 8 for evacuation
[3262.400s][info][gc,phases      ] GC(334)   Pre Evacuate Collection Set: 0.29ms
[3262.400s][info][gc,phases      ] GC(334)   Merge Heap Roots: 0.91ms
[3262.400s][info][gc,phases      ] GC(334)   Evacuate Collection Set: 154.94ms
[3262.400s][info][gc,phases      ] GC(334)   Post Evacuate Collection Set: 1.33ms
[3262.400s][info][gc,phases      ] GC(334)   Other: 0.07ms
[3262.400s][info][gc,heap        ] GC(334) Eden regions: 573->0(566)
[3262.400s][info][gc,heap        ] GC(334) Survivor regions: 41->48(77)
[3262.400s][info][gc,heap        ] GC(334) Old regions: 255->154
[3262.400s][info][gc,heap        ] GC(334) Humongous regions: 33->33
[3262.400s][info][gc,metaspace   ] GC(334) Metaspace: 29986K(30528K)->29986K(30528K) NonClass: 26589K(26880K)->26589K(26880K) Class: 3397K(3648K)->3397K(3648K)
[3262.400s][info][gc             ] GC(334) Pause Young (Mixed) (G1 Evacuation Pause) 7199M->1866M(8192M) 157.678ms
[3262.400s][info][gc,cpu         ] GC(334) User=1.24s Sys=0.00s Real=0.15s
..... (rIR:aIR:PR = 4981:4979:4979) (tPR = 74150) [OK] 
  3267s: Performance info:
         Transaction,    Success,    Partial,     Failed,   Receipts, AvgBarcode, 
             Overall,     299193,          0,          0,     284253,      59.47, 
         Response times:
             Request,    Success,    Partial,     Failed,   SkipFail,     Probes,    Samples,      min,      p50,      p90,      p95,      p99,      max, 
       TotalPurchase,     284252,          0,          0,          0,     278798,     304105,      300,     3200,     5700,     6700,    31000,   212000,
     InStorePurchase,     149582,          0,          0,          0,     147136,     160378,      300,     3200,     5700,     6700,    30000,   211000,
      OnlinePurchase,     104785,          0,          0,          0,     102809,     111709,      300,     3300,     5700,     6700,    32000,   212000,
        InstPurchase,      29885,          0,          0,          0,      28853,      32018,      500,     3300,     5800,     6700,    31000,   172000,
          AssocOfCat,        300,          0,          0,          0,        239,        336,    23000,    35000,    44000,    51150,    94000,   110000,
      AssocOfProduct,       2988,          0,          0,          0,       2783,       3224,      400,     3200,     6000,     6800,    21750,   157000,
      BusinessReport,        739,          0,          0,          0,        638,        795,    26000,    38000,    52000,    58000,    91120,   217000,
          CustBuyBeh,       2983,          0,          0,          0,       2704,       3145,      200,     2900,     5400,     6300,    34000,   160000,
       ProductReturn,       7930,          0,          0,          0,       7527,       8449,      200,     3300,     5700,     6700,    33000,   164000,

  3267s: (37%)   IR =   5120 ..[3269.983s][info][gc,start       ] GC(335) Pause Young (Mixed) (G1 Evacuation Pause)
[3269.983s][info][gc,task        ] GC(335) Using 8 workers of 8 for evacuation
[3270.158s][info][gc,phases      ] GC(335)   Pre Evacuate Collection Set: 0.26ms
[3270.158s][info][gc,phases      ] GC(335)   Merge Heap Roots: 1.22ms
[3270.159s][info][gc,phases      ] GC(335)   Evacuate Collection Set: 172.76ms
[3270.159s][info][gc,phases      ] GC(335)   Post Evacuate Collection Set: 1.15ms
[3270.159s][info][gc,phases      ] GC(335)   Other: 0.07ms
[3270.159s][info][gc,heap        ] GC(335) Eden regions: 566->0(571)
[3270.159s][info][gc,heap        ] GC(335) Survivor regions: 48->43(77)
[3270.159s][info][gc,heap        ] GC(335) Old regions: 154->139
[3270.159s][info][gc,heap        ] GC(335) Humongous regions: 33->33
[3270.159s][info][gc,metaspace   ] GC(335) Metaspace: 29986K(30528K)->29986K(30528K) NonClass: 26589K(26880K)->26589K(26880K) Class: 3397K(3648K)->3397K(3648K)
[3270.159s][info][gc             ] GC(335) Pause Young (Mixed) (G1 Evacuation Pause) 6394M->1702M(8192M) 175.627ms
[3270.159s][info][gc,cpu         ] GC(335) User=1.40s Sys=0.00s Real=0.17s
....|....[3277.531s][info][gc,start       ] GC(336) Pause Young (Normal) (G1 Evacuation Pause)
[3277.531s][info][gc,task        ] GC(336) Using 8 workers of 8 for evacuation
[3277.681s][info][gc,phases      ] GC(336)   Pre Evacuate Collection Set: 0.26ms
[3277.681s][info][gc,phases      ] GC(336)   Merge Heap Roots: 0.56ms
[3277.681s][info][gc,phases      ] GC(336)   Evacuate Collection Set: 147.84ms
[3277.681s][info][gc,phases      ] GC(336)   Post Evacuate Collection Set: 1.06ms
[3277.681s][info][gc,phases      ] GC(336)   Other: 0.06ms
[3277.681s][info][gc,heap        ] GC(336) Eden regions: 571->0(571)
[3277.681s][info][gc,heap        ] GC(336) Survivor regions: 43->43(77)
[3277.681s][info][gc,heap        ] GC(336) Old regions: 139->146
[3277.681s][info][gc,heap        ] GC(336) Humongous regions: 33->33
[3277.681s][info][gc,metaspace   ] GC(336) Metaspace: 29986K(30528K)->29986K(30528K) NonClass: 26589K(26880K)->26589K(26880K) Class: 3397K(3648K)->3397K(3648K)
[3277.681s][info][gc             ] GC(336) Pause Young (Normal) (G1 Evacuation Pause) 6270M->1757M(8192M) 149.923ms
[3277.681s][info][gc,cpu         ] GC(336) User=1.18s Sys=0.00s Real=0.15s
.......[3285.049s][info][gc,start       ] GC(337) Pause Young (Normal) (G1 Evacuation Pause)
[3285.049s][info][gc,task        ] GC(337) Using 8 workers of 8 for evacuation
[3285.200s][info][gc,phases      ] GC(337)   Pre Evacuate Collection Set: 0.29ms
[3285.200s][info][gc,phases      ] GC(337)   Merge Heap Roots: 0.68ms
[3285.200s][info][gc,phases      ] GC(337)   Evacuate Collection Set: 148.49ms
[3285.200s][info][gc,phases      ] GC(337)   Post Evacuate Collection Set: 1.08ms
[3285.200s][info][gc,phases      ] GC(337)   Other: 0.07ms
[3285.200s][info][gc,heap        ] GC(337) Eden regions: 571->0(571)
[3285.200s][info][gc,heap        ] GC(337) Survivor regions: 43->43(77)
[3285.200s][info][gc,heap        ] GC(337) Old regions: 146->153
[3285.200s][info][gc,heap        ] GC(337) Humongous regions: 33->33
[3285.200s][info][gc,metaspace   ] GC(337) Metaspace: 29986K(30528K)->29986K(30528K) NonClass: 26589K(26880K)->26589K(26880K) Class: 3397K(3648K)->3397K(3648K)
[3285.200s][info][gc             ] GC(337) Pause Young (Normal) (G1 Evacuation Pause) 6325M->1815M(8192M) 150.746ms
[3285.200s][info][gc,cpu         ] GC(337) User=1.19s Sys=0.00s Real=0.15s
........[3292.591s][info][gc,start       ] GC(338) Pause Young (Normal) (G1 Evacuation Pause)
[3292.591s][info][gc,task        ] GC(338) Using 8 workers of 8 for evacuation
[3292.744s][info][gc,phases      ] GC(338)   Pre Evacuate Collection Set: 0.23ms
[3292.744s][info][gc,phases      ] GC(338)   Merge Heap Roots: 0.59ms
[3292.744s][info][gc,phases      ] GC(338)   Evacuate Collection Set: 150.16ms
[3292.744s][info][gc,phases      ] GC(338)   Post Evacuate Collection Set: 1.04ms
[3292.744s][info][gc,phases      ] GC(338)   Other: 0.06ms
[3292.744s][info][gc,heap        ] GC(338) Eden regions: 571->0(571)
[3292.744s][info][gc,heap        ] GC(338) Survivor regions: 43->43(77)
[3292.744s][info][gc,heap        ] GC(338) Old regions: 153->161
[3292.744s][info][gc,heap        ] GC(338) Humongous regions: 33->33
[3292.744s][info][gc,metaspace   ] GC(338) Metaspace: 29986K(30528K)->29986K(30528K) NonClass: 26589K(26880K)->26589K(26880K) Class: 3397K(3648K)->3397K(3648K)
[3292.744s][info][gc             ] GC(338) Pause Young (Normal) (G1 Evacuation Pause) 6383M->1874M(8192M) 152.226ms
[3292.744s][info][gc,cpu         ] GC(338) User=1.21s Sys=0.00s Real=0.15s
.......[3300.193s][info][gc,start       ] GC(339) Pause Young (Normal) (G1 Evacuation Pause)
[3300.193s][info][gc,task        ] GC(339) Using 8 workers of 8 for evacuation
[3300.349s][info][gc,phases      ] GC(339)   Pre Evacuate Collection Set: 0.26ms
[3300.349s][info][gc,phases      ] GC(339)   Merge Heap Roots: 0.61ms
[3300.349s][info][gc,phases      ] GC(339)   Evacuate Collection Set: 153.84ms
[3300.349s][info][gc,phases      ] GC(339)   Post Evacuate Collection Set: 1.05ms
[3300.349s][info][gc,phases      ] GC(339)   Other: 0.07ms
[3300.349s][info][gc,heap        ] GC(339) Eden regions: 571->0(570)
[3300.349s][info][gc,heap        ] GC(339) Survivor regions: 43->44(77)
[3300.349s][info][gc,heap        ] GC(339) Old regions: 161->168
[3300.349s][info][gc,heap        ] GC(339) Humongous regions: 33->33
[3300.349s][info][gc,metaspace   ] GC(339) Metaspace: 29986K(30528K)->29986K(30528K) NonClass: 26589K(26880K)->26589K(26880K) Class: 3397K(3648K)->3397K(3648K)
[3300.350s][info][gc             ] GC(339) Pause Young (Normal) (G1 Evacuation Pause) 6442M->1937M(8192M) 156.709ms
[3300.350s][info][gc,cpu         ] GC(339) User=1.24s Sys=0.00s Real=0.15s
........[3307.721s][info][gc,start       ] GC(340) Pause Young (Normal) (G1 Evacuation Pause)
[3307.721s][info][gc,task        ] GC(340) Using 8 workers of 8 for evacuation
[3307.874s][info][gc,phases      ] GC(340)   Pre Evacuate Collection Set: 0.26ms
[3307.874s][info][gc,phases      ] GC(340)   Merge Heap Roots: 0.64ms
[3307.874s][info][gc,phases      ] GC(340)   Evacuate Collection Set: 151.15ms
[3307.874s][info][gc,phases      ] GC(340)   Post Evacuate Collection Set: 1.04ms
[3307.874s][info][gc,phases      ] GC(340)   Other: 0.06ms
[3307.874s][info][gc,heap        ] GC(340) Eden regions: 570->0(571)
[3307.874s][info][gc,heap        ] GC(340) Survivor regions: 44->43(77)
[3307.874s][info][gc,heap        ] GC(340) Old regions: 168->175
[3307.874s][info][gc,heap        ] GC(340) Humongous regions: 33->33
[3307.874s][info][gc,metaspace   ] GC(340) Metaspace: 29986K(30528K)->29986K(30528K) NonClass: 26589K(26880K)->26589K(26880K) Class: 3397K(3648K)->3397K(3648K)
[3307.874s][info][gc             ] GC(340) Pause Young (Normal) (G1 Evacuation Pause) 6497M->1989M(8192M) 153.307ms
[3307.874s][info][gc,cpu         ] GC(340) User=1.21s Sys=0.00s Real=0.15s
.......[3315.228s][info][gc,start       ] GC(341) Pause Young (Normal) (G1 Evacuation Pause)
[3315.228s][info][gc,task        ] GC(341) Using 8 workers of 8 for evacuation
[3315.378s][info][gc,phases      ] GC(341)   Pre Evacuate Collection Set: 0.25ms
[3315.379s][info][gc,phases      ] GC(341)   Merge Heap Roots: 0.57ms
[3315.379s][info][gc,phases      ] GC(341)   Evacuate Collection Set: 148.43ms
[3315.379s][info][gc,phases      ] GC(341)   Post Evacuate Collection Set: 1.05ms
[3315.379s][info][gc,phases      ] GC(341)   Other: 0.06ms
[3315.379s][info][gc,heap        ] GC(341) Eden regions: 571->0(570)
[3315.379s][info][gc,heap        ] GC(341) Survivor regions: 43->44(77)
[3315.379s][info][gc,heap        ] GC(341) Old regions: 175->182
[3315.379s][info][gc,heap        ] GC(341) Humongous regions: 33->33
[3315.379s][info][gc,metaspace   ] GC(341) Metaspace: 29986K(30528K)->29986K(30528K) NonClass: 26589K(26880K)->26589K(26880K) Class: 3397K(3648K)->3397K(3648K)
[3315.379s][info][gc             ] GC(341) Pause Young (Normal) (G1 Evacuation Pause) 6557M->2050M(8192M) 151.251ms
[3315.379s][info][gc,cpu         ] GC(341) User=1.19s Sys=0.00s Real=0.15s
........[3322.772s][info][gc,start       ] GC(342) Pause Young (Normal) (G1 Evacuation Pause)
[3322.772s][info][gc,task        ] GC(342) Using 8 workers of 8 for evacuation
[3322.922s][info][gc,phases      ] GC(342)   Pre Evacuate Collection Set: 0.28ms
[3322.922s][info][gc,phases      ] GC(342)   Merge Heap Roots: 0.69ms
[3322.922s][info][gc,phases      ] GC(342)   Evacuate Collection Set: 148.47ms
[3322.922s][info][gc,phases      ] GC(342)   Post Evacuate Collection Set: 1.09ms
[3322.922s][info][gc,phases      ] GC(342)   Other: 0.06ms
[3322.922s][info][gc,heap        ] GC(342) Eden regions: 570->0(571)
[3322.922s][info][gc,heap        ] GC(342) Survivor regions: 44->43(77)
[3322.922s][info][gc,heap        ] GC(342) Old regions: 182->189
[3322.922s][info][gc,heap        ] GC(342) Humongous regions: 33->33
[3322.922s][info][gc,metaspace   ] GC(342) Metaspace: 29986K(30528K)->29986K(30528K) NonClass: 26589K(26880K)->26589K(26880K) Class: 3397K(3648K)->3397K(3648K)
[3322.922s][info][gc             ] GC(342) Pause Young (Normal) (G1 Evacuation Pause) 6610M->2099M(8192M) 150.731ms
[3322.922s][info][gc,cpu         ] GC(342) User=1.19s Sys=0.00s Real=0.15s
.......[3330.372s][info][gc,start       ] GC(343) Pause Young (Normal) (G1 Evacuation Pause)
[3330.372s][info][gc,task        ] GC(343) Using 8 workers of 8 for evacuation
[3330.521s][info][gc,phases      ] GC(343)   Pre Evacuate Collection Set: 0.27ms
[3330.521s][info][gc,phases      ] GC(343)   Merge Heap Roots: 0.65ms
[3330.521s][info][gc,phases      ] GC(343)   Evacuate Collection Set: 147.34ms
[3330.521s][info][gc,phases      ] GC(343)   Post Evacuate Collection Set: 1.06ms
[3330.521s][info][gc,phases      ] GC(343)   Other: 0.10ms
[3330.521s][info][gc,heap        ] GC(343) Eden regions: 571->0(572)
[3330.521s][info][gc,heap        ] GC(343) Survivor regions: 43->42(77)
[3330.521s][info][gc,heap        ] GC(343) Old regions: 189->196
[3330.521s][info][gc,heap        ] GC(343) Humongous regions: 33->33
[3330.521s][info][gc,metaspace   ] GC(343) Metaspace: 29986K(30528K)->29986K(30528K) NonClass: 26589K(26880K)->26589K(26880K) Class: 3397K(3648K)->3397K(3648K)
[3330.521s][info][gc             ] GC(343) Pause Young (Normal) (G1 Evacuation Pause) 6667M->2150M(8192M) 149.573ms
[3330.522s][info][gc,cpu         ] GC(343) User=1.18s Sys=0.00s Real=0.15s
.... (rIR:aIR:PR = 5120:5120:5120) (tPR = 76211) [OK] 
  3333s: Performance info:
         Transaction,    Success,    Partial,     Failed,   Receipts, AvgBarcode, 
             Overall,     308817,          0,          0,     293364,      59.48, 
         Response times:
             Request,    Success,    Partial,     Failed,   SkipFail,     Probes,    Samples,      min,      p50,      p90,      p95,      p99,      max, 
       TotalPurchase,     293364,          0,          0,          0,     287862,     317886,      300,     3400,     5900,     7100,    44000,   294000,
     InStorePurchase,     154357,          0,          0,          0,     151520,     167043,      300,     3300,     5900,     7100,    44000,   294000,
      OnlinePurchase,     108115,          0,          0,          0,     106212,     117300,      300,     3400,     6000,     7200,    45000,   246000,
        InstPurchase,      30892,          0,          0,          0,      30130,      33543,      500,     3400,     6000,     7200,    44000,   162000,
          AssocOfCat,        309,          0,          0,          0,        231,        332,    24000,    34000,    47000,    58400,    99010,   184000,
      AssocOfProduct,       3082,          0,          0,          0,       2893,       3446,      500,     2700,     5800,     6800,    40530,   163000,
      BusinessReport,        773,          0,          0,          0,        652,        798,    25000,    38000,    54000,    63000,    96000,   229000,
          CustBuyBeh,       3089,          0,          0,          0,       2819,       3291,      200,     1500,     5400,     6500,    36160,   161000,
       ProductReturn,       8200,          0,          0,          0,       7754,       8785,      200,     3200,     5800,     6900,    43000,   162000,

  3333s: (38%)   IR =   5258 ....[3337.772s][info][gc,start       ] GC(344) Pause Young (Normal) (G1 Evacuation Pause)
[3337.773s][info][gc,task        ] GC(344) Using 8 workers of 8 for evacuation
[3337.926s][info][gc,phases      ] GC(344)   Pre Evacuate Collection Set: 0.26ms
[3337.926s][info][gc,phases      ] GC(344)   Merge Heap Roots: 0.64ms
[3337.926s][info][gc,phases      ] GC(344)   Evacuate Collection Set: 151.46ms
[3337.926s][info][gc,phases      ] GC(344)   Post Evacuate Collection Set: 1.14ms
[3337.926s][info][gc,phases      ] GC(344)   Other: 0.07ms
[3337.926s][info][gc,heap        ] GC(344) Eden regions: 572->0(570)
[3337.926s][info][gc,heap        ] GC(344) Survivor regions: 42->44(77)
[3337.926s][info][gc,heap        ] GC(344) Old regions: 196->203
[3337.926s][info][gc,heap        ] GC(344) Humongous regions: 33->33
[3337.926s][info][gc,metaspace   ] GC(344) Metaspace: 29986K(30528K)->29986K(30528K) NonClass: 26589K(26880K)->26589K(26880K) Class: 3397K(3648K)->3397K(3648K)
[3337.926s][info][gc             ] GC(344) Pause Young (Normal) (G1 Evacuation Pause) 6726M->2218M(8192M) 153.713ms
[3337.926s][info][gc,cpu         ] GC(344) User=1.22s Sys=0.00s Real=0.15s
.|......[3345.138s][info][gc,start       ] GC(345) Pause Young (Normal) (G1 Evacuation Pause)
[3345.138s][info][gc,task        ] GC(345) Using 8 workers of 8 for evacuation
[3345.294s][info][gc,phases      ] GC(345)   Pre Evacuate Collection Set: 0.25ms
[3345.294s][info][gc,phases      ] GC(345)   Merge Heap Roots: 0.63ms
[3345.294s][info][gc,phases      ] GC(345)   Evacuate Collection Set: 153.24ms
[3345.294s][info][gc,phases      ] GC(345)   Post Evacuate Collection Set: 1.11ms
[3345.294s][info][gc,phases      ] GC(345)   Other: 0.06ms
[3345.294s][info][gc,heap        ] GC(345) Eden regions: 570->0(571)
[3345.294s][info][gc,heap        ] GC(345) Survivor regions: 44->43(77)
[3345.294s][info][gc,heap        ] GC(345) Old regions: 203->210
[3345.294s][info][gc,heap        ] GC(345) Humongous regions: 33->33
[3345.294s][info][gc,metaspace   ] GC(345) Metaspace: 29986K(30528K)->29986K(30528K) NonClass: 26589K(26880K)->26589K(26880K) Class: 3397K(3648K)->3397K(3648K)
[3345.294s][info][gc             ] GC(345) Pause Young (Normal) (G1 Evacuation Pause) 6778M->2274M(8192M) 155.424ms
[3345.294s][info][gc,cpu         ] GC(345) User=1.23s Sys=0.00s Real=0.16s
.......[3352.447s][info][gc,start       ] GC(346) Pause Young (Normal) (G1 Evacuation Pause)
[3352.447s][info][gc,task        ] GC(346) Using 8 workers of 8 for evacuation
[3352.599s][info][gc,phases      ] GC(346)   Pre Evacuate Collection Set: 0.26ms
[3352.599s][info][gc,phases      ] GC(346)   Merge Heap Roots: 0.69ms
[3352.599s][info][gc,phases      ] GC(346)   Evacuate Collection Set: 149.58ms
[3352.599s][info][gc,phases      ] GC(346)   Post Evacuate Collection Set: 1.07ms
[3352.599s][info][gc,phases      ] GC(346)   Other: 0.06ms
[3352.599s][info][gc,heap        ] GC(346) Eden regions: 571->0(571)
[3352.599s][info][gc,heap        ] GC(346) Survivor regions: 43->43(77)
[3352.599s][info][gc,heap        ] GC(346) Old regions: 210->217
[3352.599s][info][gc,heap        ] GC(346) Humongous regions: 33->33
[3352.599s][info][gc,metaspace   ] GC(346) Metaspace: 29986K(30528K)->29986K(30528K) NonClass: 26589K(26880K)->26589K(26880K) Class: 3397K(3648K)->3397K(3648K)
[3352.599s][info][gc             ] GC(346) Pause Young (Normal) (G1 Evacuation Pause) 6842M->2327M(8192M) 151.792ms
[3352.599s][info][gc,cpu         ] GC(346) User=1.20s Sys=0.00s Real=0.15s
........[3359.826s][info][gc,start       ] GC(347) Pause Young (Normal) (G1 Evacuation Pause)
[3359.826s][info][gc,task        ] GC(347) Using 8 workers of 8 for evacuation
[3359.979s][info][gc,phases      ] GC(347)   Pre Evacuate Collection Set: 0.27ms
[3359.979s][info][gc,phases      ] GC(347)   Merge Heap Roots: 0.74ms
[3359.979s][info][gc,phases      ] GC(347)   Evacuate Collection Set: 150.83ms
[3359.979s][info][gc,phases      ] GC(347)   Post Evacuate Collection Set: 1.07ms
[3359.979s][info][gc,phases      ] GC(347)   Other: 0.07ms
[3359.979s][info][gc,heap        ] GC(347) Eden regions: 571->0(571)
[3359.979s][info][gc,heap        ] GC(347) Survivor regions: 43->43(77)
[3359.979s][info][gc,heap        ] GC(347) Old regions: 217->224
[3359.979s][info][gc,heap        ] GC(347) Humongous regions: 33->33
[3359.979s][info][gc,metaspace   ] GC(347) Metaspace: 29986K(30528K)->29986K(30528K) NonClass: 26589K(26880K)->26589K(26880K) Class: 3397K(3648K)->3397K(3648K)
[3359.979s][info][gc             ] GC(347) Pause Young (Normal) (G1 Evacuation Pause) 6895M->2383M(8192M) 153.094ms
[3359.979s][info][gc,cpu         ] GC(347) User=1.21s Sys=0.00s Real=0.15s
.......[3367.111s][info][gc,start       ] GC(348) Pause Young (Normal) (G1 Evacuation Pause)
[3367.111s][info][gc,task        ] GC(348) Using 8 workers of 8 for evacuation
[3367.266s][info][gc,phases      ] GC(348)   Pre Evacuate Collection Set: 0.26ms
[3367.266s][info][gc,phases      ] GC(348)   Merge Heap Roots: 0.63ms
[3367.266s][info][gc,phases      ] GC(348)   Evacuate Collection Set: 153.23ms
[3367.266s][info][gc,phases      ] GC(348)   Post Evacuate Collection Set: 1.05ms
[3367.266s][info][gc,phases      ] GC(348)   Other: 0.08ms
[3367.266s][info][gc,heap        ] GC(348) Eden regions: 571->0(570)
[3367.266s][info][gc,heap        ] GC(348) Survivor regions: 43->44(77)
[3367.266s][info][gc,heap        ] GC(348) Old regions: 224->231
[3367.266s][info][gc,heap        ] GC(348) Humongous regions: 33->33
[3367.266s][info][gc,metaspace   ] GC(348) Metaspace: 29986K(30528K)->29986K(30528K) NonClass: 26589K(26880K)->26589K(26880K) Class: 3397K(3648K)->3397K(3648K)
[3367.266s][info][gc             ] GC(348) Pause Young (Normal) (G1 Evacuation Pause) 6951M->2446M(8192M) 155.383ms
[3367.266s][info][gc,cpu         ] GC(348) User=1.23s Sys=0.00s Real=0.15s
.......[3374.437s][info][gc,start       ] GC(349) Pause Young (Normal) (G1 Evacuation Pause)
[3374.437s][info][gc,task        ] GC(349) Using 8 workers of 8 for evacuation
[3374.588s][info][gc,phases      ] GC(349)   Pre Evacuate Collection Set: 0.24ms
[3374.588s][info][gc,phases      ] GC(349)   Merge Heap Roots: 0.57ms
[3374.588s][info][gc,phases      ] GC(349)   Evacuate Collection Set: 149.50ms
[3374.588s][info][gc,phases      ] GC(349)   Post Evacuate Collection Set: 1.05ms
[3374.588s][info][gc,phases      ] GC(349)   Other: 0.06ms
[3374.588s][info][gc,heap        ] GC(349) Eden regions: 570->0(571)
[3374.588s][info][gc,heap        ] GC(349) Survivor regions: 44->43(77)
[3374.588s][info][gc,heap        ] GC(349) Old regions: 231->238
[3374.588s][info][gc,heap        ] GC(349) Humongous regions: 33->33
[3374.588s][info][gc,metaspace   ] GC(349) Metaspace: 29986K(30528K)->29986K(30528K) NonClass: 26589K(26880K)->26589K(26880K) Class: 3397K(3648K)->3397K(3648K)
[3374.588s][info][gc             ] GC(349) Pause Young (Normal) (G1 Evacuation Pause) 7006M->2494M(8192M) 151.570ms
[3374.588s][info][gc,cpu         ] GC(349) User=1.20s Sys=0.00s Real=0.15s
........[3381.852s][info][gc,start       ] GC(350) Pause Young (Normal) (G1 Evacuation Pause)
[3381.852s][info][gc,task        ] GC(350) Using 8 workers of 8 for evacuation
[3382.005s][info][gc,phases      ] GC(350)   Pre Evacuate Collection Set: 0.24ms
[3382.005s][info][gc,phases      ] GC(350)   Merge Heap Roots: 0.74ms
[3382.005s][info][gc,phases      ] GC(350)   Evacuate Collection Set: 151.01ms
[3382.005s][info][gc,phases      ] GC(350)   Post Evacuate Collection Set: 1.07ms
[3382.005s][info][gc,phases      ] GC(350)   Other: 0.08ms
[3382.005s][info][gc,heap        ] GC(350) Eden regions: 571->0(571)
[3382.005s][info][gc,heap        ] GC(350) Survivor regions: 43->43(77)
[3382.005s][info][gc,heap        ] GC(350) Old regions: 238->245
[3382.005s][info][gc,heap        ] GC(350) Humongous regions: 33->33
[3382.005s][info][gc,metaspace   ] GC(350) Metaspace: 29986K(30528K)->29986K(30528K) NonClass: 26589K(26880K)->26589K(26880K) Class: 3397K(3648K)->3397K(3648K)
[3382.005s][info][gc             ] GC(350) Pause Young (Normal) (G1 Evacuation Pause) 7062M->2549M(8192M) 153.301ms
[3382.005s][info][gc,cpu         ] GC(350) User=1.22s Sys=0.01s Real=0.15s
.......[3389.216s][info][gc,start       ] GC(351) Pause Young (Normal) (G1 Evacuation Pause)
[3389.216s][info][gc,task        ] GC(351) Using 8 workers of 8 for evacuation
[3389.367s][info][gc,phases      ] GC(351)   Pre Evacuate Collection Set: 0.25ms
[3389.367s][info][gc,phases      ] GC(351)   Merge Heap Roots: 0.57ms
[3389.367s][info][gc,phases      ] GC(351)   Evacuate Collection Set: 148.90ms
[3389.367s][info][gc,phases      ] GC(351)   Post Evacuate Collection Set: 1.07ms
[3389.367s][info][gc,phases      ] GC(351)   Other: 0.06ms
[3389.367s][info][gc,heap        ] GC(351) Eden regions: 571->0(571)
[3389.367s][info][gc,heap        ] GC(351) Survivor regions: 43->43(77)
[3389.367s][info][gc,heap        ] GC(351) Old regions: 245->252
[3389.367s][info][gc,heap        ] GC(351) Humongous regions: 33->33
[3389.367s][info][gc,metaspace   ] GC(351) Metaspace: 29986K(30528K)->29986K(30528K) NonClass: 26589K(26880K)->26589K(26880K) Class: 3397K(3648K)->3397K(3648K)
[3389.367s][info][gc             ] GC(351) Pause Young (Normal) (G1 Evacuation Pause) 7117M->2606M(8192M) 150.989ms
[3389.367s][info][gc,cpu         ] GC(351) User=1.20s Sys=0.00s Real=0.15s
.......[3396.559s][info][gc,start       ] GC(352) Pause Young (Normal) (G1 Evacuation Pause)
[3396.559s][info][gc,task        ] GC(352) Using 8 workers of 8 for evacuation
[3396.710s][info][gc,phases      ] GC(352)   Pre Evacuate Collection Set: 0.27ms
[3396.710s][info][gc,phases      ] GC(352)   Merge Heap Roots: 0.62ms
[3396.710s][info][gc,phases      ] GC(352)   Evacuate Collection Set: 149.26ms
[3396.710s][info][gc,phases      ] GC(352)   Post Evacuate Collection Set: 1.08ms
[3396.710s][info][gc,phases      ] GC(352)   Other: 0.07ms
[3396.710s][info][gc,heap        ] GC(352) Eden regions: 571->0(571)
[3396.710s][info][gc,heap        ] GC(352) Survivor regions: 43->43(77)
[3396.710s][info][gc,heap        ] GC(352) Old regions: 252->259
[3396.710s][info][gc,heap        ] GC(352) Humongous regions: 33->33
[3396.710s][info][gc,metaspace   ] GC(352) Metaspace: 29986K(30528K)->29986K(30528K) NonClass: 26589K(26880K)->26589K(26880K) Class: 3397K(3648K)->3397K(3648K)
[3396.710s][info][gc             ] GC(352) Pause Young (Normal) (G1 Evacuation Pause) 7174M->2658M(8192M) 151.450ms
[3396.710s][info][gc,cpu         ] GC(352) User=1.20s Sys=0.00s Real=0.15s
... (rIR:aIR:PR = 5258:5257:5257) (tPR = 77862) [OK] 
  3398s: Performance info:
         Transaction,    Success,    Partial,     Failed,   Receipts, AvgBarcode, 
             Overall,     316163,          0,          0,     300368,      59.47, 
         Response times:
             Request,    Success,    Partial,     Failed,   SkipFail,     Probes,    Samples,      min,      p50,      p90,      p95,      p99,      max, 
       TotalPurchase,     300368,          0,          0,          0,     294188,     320608,      400,     3400,     6100,     7100,    36000,   232000,
     InStorePurchase,     158088,          0,          0,          0,     155123,     168900,      400,     3400,     6000,     7100,    36000,   232000,
      OnlinePurchase,     110634,          0,          0,          0,     108556,     118179,      400,     3400,     6100,     7200,    36000,   232000,
        InstPurchase,      31646,          0,          0,          0,      30509,      33529,      500,     3600,     6100,     7050,    38000,   232000,
          AssocOfCat,        313,          0,          0,          0,        236,        339,    26000,    35000,    50000,    59000,   123200,   216000,
      AssocOfProduct,       3156,          0,          0,          0,       2944,       3429,      700,     3900,     6200,     7300,    41700,   162000,
      BusinessReport,        796,          0,          0,          0,        670,        824,    28000,    39000,    53000,    59000,   108500,   215000,
          CustBuyBeh,       3159,          0,          0,          0,       2940,       3402,      300,     3000,     5700,     7100,    44000,   158000,
       ProductReturn,       8371,          0,          0,          0,       7995,       9029,      200,     3400,     6000,     7000,    38000,   163000,

  3398s: (39%)   IR =   5396 ....|.[3403.799s][info][gc,start       ] GC(353) Pause Young (Normal) (G1 Evacuation Pause)
[3403.799s][info][gc,task        ] GC(353) Using 8 workers of 8 for evacuation
[3403.952s][info][gc,phases      ] GC(353)   Pre Evacuate Collection Set: 0.27ms
[3403.952s][info][gc,phases      ] GC(353)   Merge Heap Roots: 0.65ms
[3403.952s][info][gc,phases      ] GC(353)   Evacuate Collection Set: 150.97ms
[3403.952s][info][gc,phases      ] GC(353)   Post Evacuate Collection Set: 1.12ms
[3403.952s][info][gc,phases      ] GC(353)   Other: 0.07ms
[3403.952s][info][gc,heap        ] GC(353) Eden regions: 571->0(571)
[3403.952s][info][gc,heap        ] GC(353) Survivor regions: 43->43(77)
[3403.952s][info][gc,heap        ] GC(353) Old regions: 259->266
[3403.952s][info][gc,heap        ] GC(353) Humongous regions: 33->33
[3403.952s][info][gc,metaspace   ] GC(353) Metaspace: 29986K(30528K)->29986K(30528K) NonClass: 26589K(26880K)->26589K(26880K) Class: 3397K(3648K)->3397K(3648K)
[3403.952s][info][gc             ] GC(353) Pause Young (Normal) (G1 Evacuation Pause) 7226M->2714M(8192M) 153.212ms
[3403.952s][info][gc,cpu         ] GC(353) User=1.22s Sys=0.00s Real=0.16s
.......[3410.840s][info][gc,start       ] GC(354) Pause Young (Normal) (G1 Evacuation Pause)
[3410.840s][info][gc,task        ] GC(354) Using 8 workers of 8 for evacuation
[3410.990s][info][gc,phases      ] GC(354)   Pre Evacuate Collection Set: 0.27ms
[3410.990s][info][gc,phases      ] GC(354)   Merge Heap Roots: 0.61ms
[3410.990s][info][gc,phases      ] GC(354)   Evacuate Collection Set: 148.04ms
[3410.990s][info][gc,phases      ] GC(354)   Post Evacuate Collection Set: 1.17ms
[3410.990s][info][gc,phases      ] GC(354)   Other: 0.06ms
[3410.990s][info][gc,heap        ] GC(354) Eden regions: 571->0(571)
[3410.990s][info][gc,heap        ] GC(354) Survivor regions: 43->43(77)
[3410.990s][info][gc,heap        ] GC(354) Old regions: 266->273
[3410.990s][info][gc,heap        ] GC(354) Humongous regions: 33->33
[3410.990s][info][gc,metaspace   ] GC(354) Metaspace: 29986K(30528K)->29986K(30528K) NonClass: 26589K(26880K)->26589K(26880K) Class: 3397K(3648K)->3397K(3648K)
[3410.990s][info][gc             ] GC(354) Pause Young (Normal) (G1 Evacuation Pause) 7282M->2771M(8192M) 150.292ms
[3410.990s][info][gc,cpu         ] GC(354) User=1.19s Sys=0.00s Real=0.15s
.......[3418.061s][info][gc,start       ] GC(355) Pause Young (Normal) (G1 Evacuation Pause)
[3418.061s][info][gc,task        ] GC(355) Using 8 workers of 8 for evacuation
[3418.216s][info][gc,phases      ] GC(355)   Pre Evacuate Collection Set: 0.22ms
[3418.216s][info][gc,phases      ] GC(355)   Merge Heap Roots: 0.60ms
[3418.216s][info][gc,phases      ] GC(355)   Evacuate Collection Set: 152.61ms
[3418.216s][info][gc,phases      ] GC(355)   Post Evacuate Collection Set: 1.06ms
[3418.216s][info][gc,phases      ] GC(355)   Other: 0.06ms
[3418.216s][info][gc,heap        ] GC(355) Eden regions: 571->0(570)
[3418.216s][info][gc,heap        ] GC(355) Survivor regions: 43->44(77)
[3418.216s][info][gc,heap        ] GC(355) Old regions: 273->280
[3418.216s][info][gc,heap        ] GC(355) Humongous regions: 33->33
[3418.216s][info][gc,metaspace   ] GC(355) Metaspace: 29986K(30528K)->29986K(30528K) NonClass: 26589K(26880K)->26589K(26880K) Class: 3397K(3648K)->3397K(3648K)
[3418.216s][info][gc             ] GC(355) Pause Young (Normal) (G1 Evacuation Pause) 7339M->2837M(8192M) 154.708ms
[3418.216s][info][gc,cpu         ] GC(355) User=1.22s Sys=0.00s Real=0.15s
.......[3425.225s][info][gc,start       ] GC(356) Pause Young (Normal) (G1 Evacuation Pause)
[3425.225s][info][gc,task        ] GC(356) Using 8 workers of 8 for evacuation
[3425.379s][info][gc,phases      ] GC(356)   Pre Evacuate Collection Set: 0.23ms
[3425.379s][info][gc,phases      ] GC(356)   Merge Heap Roots: 0.59ms
[3425.379s][info][gc,phases      ] GC(356)   Evacuate Collection Set: 151.87ms
[3425.379s][info][gc,phases      ] GC(356)   Post Evacuate Collection Set: 1.08ms
[3425.379s][info][gc,phases      ] GC(356)   Other: 0.07ms
[3425.379s][info][gc,heap        ] GC(356) Eden regions: 570->0(566)
[3425.379s][info][gc,heap        ] GC(356) Survivor regions: 44->43(77)
[3425.379s][info][gc,heap        ] GC(356) Old regions: 280->287
[3425.379s][info][gc,heap        ] GC(356) Humongous regions: 33->33
[3425.379s][info][gc,metaspace   ] GC(356) Metaspace: 29986K(30528K)->29986K(30528K) NonClass: 26589K(26880K)->26589K(26880K) Class: 3397K(3648K)->3397K(3648K)
[3425.379s][info][gc             ] GC(356) Pause Young (Normal) (G1 Evacuation Pause) 7397M->2885M(8192M) 153.971ms
[3425.379s][info][gc,cpu         ] GC(356) User=1.21s Sys=0.01s Real=0.15s
.......[3432.233s][info][gc,start       ] GC(357) Pause Young (Normal) (G1 Evacuation Pause)
[3432.233s][info][gc,task        ] GC(357) Using 8 workers of 8 for evacuation
[3432.388s][info][gc,phases      ] GC(357)   Pre Evacuate Collection Set: 0.27ms
[3432.388s][info][gc,phases      ] GC(357)   Merge Heap Roots: 0.62ms
[3432.388s][info][gc,phases      ] GC(357)   Evacuate Collection Set: 152.75ms
[3432.388s][info][gc,phases      ] GC(357)   Post Evacuate Collection Set: 1.05ms
[3432.388s][info][gc,phases      ] GC(357)   Other: 0.06ms
[3432.388s][info][gc,heap        ] GC(357) Eden regions: 566->0(559)
[3432.388s][info][gc,heap        ] GC(357) Survivor regions: 43->43(77)
[3432.388s][info][gc,heap        ] GC(357) Old regions: 287->294
[3432.388s][info][gc,heap        ] GC(357) Humongous regions: 33->33
[3432.388s][info][gc,metaspace   ] GC(357) Metaspace: 29986K(30528K)->29986K(30528K) NonClass: 26589K(26880K)->26589K(26880K) Class: 3397K(3648K)->3397K(3648K)
[3432.388s][info][gc             ] GC(357) Pause Young (Normal) (G1 Evacuation Pause) 7413M->2943M(8192M) 154.892ms
[3432.388s][info][gc,cpu         ] GC(357) User=1.23s Sys=0.00s Real=0.15s
.......[3439.327s][info][gc,start       ] GC(358) Pause Young (Normal) (G1 Evacuation Pause)
[3439.327s][info][gc,task        ] GC(358) Using 8 workers of 8 for evacuation
[3439.479s][info][gc,phases      ] GC(358)   Pre Evacuate Collection Set: 0.29ms
[3439.479s][info][gc,phases      ] GC(358)   Merge Heap Roots: 0.72ms
[3439.479s][info][gc,phases      ] GC(358)   Evacuate Collection Set: 149.35ms
[3439.479s][info][gc,phases      ] GC(358)   Post Evacuate Collection Set: 1.10ms
[3439.479s][info][gc,phases      ] GC(358)   Other: 0.06ms
[3439.479s][info][gc,heap        ] GC(358) Eden regions: 559->0(552)
[3439.479s][info][gc,heap        ] GC(358) Survivor regions: 43->43(76)
[3439.479s][info][gc,heap        ] GC(358) Old regions: 294->301
[3439.479s][info][gc,heap        ] GC(358) Humongous regions: 33->33
[3439.479s][info][gc,metaspace   ] GC(358) Metaspace: 29986K(30528K)->29986K(30528K) NonClass: 26589K(26880K)->26589K(26880K) Class: 3397K(3648K)->3397K(3648K)
[3439.479s][info][gc             ] GC(358) Pause Young (Normal) (G1 Evacuation Pause) 7415M->2997M(8192M) 151.672ms
[3439.479s][info][gc,cpu         ] GC(358) User=1.20s Sys=0.00s Real=0.15s
.......[3446.209s][info][gc,start       ] GC(359) Pause Young (Normal) (G1 Evacuation Pause)
[3446.209s][info][gc,task        ] GC(359) Using 8 workers of 8 for evacuation
[3446.361s][info][gc,phases      ] GC(359)   Pre Evacuate Collection Set: 0.25ms
[3446.361s][info][gc,phases      ] GC(359)   Merge Heap Roots: 0.66ms
[3446.361s][info][gc,phases      ] GC(359)   Evacuate Collection Set: 149.91ms
[3446.361s][info][gc,phases      ] GC(359)   Post Evacuate Collection Set: 1.04ms
[3446.361s][info][gc,phases      ] GC(359)   Other: 0.06ms
[3446.361s][info][gc,heap        ] GC(359) Eden regions: 552->0(545)
[3446.361s][info][gc,heap        ] GC(359) Survivor regions: 43->43(75)
[3446.361s][info][gc,heap        ] GC(359) Old regions: 301->308
[3446.361s][info][gc,heap        ] GC(359) Humongous regions: 33->33
[3446.361s][info][gc,metaspace   ] GC(359) Metaspace: 29986K(30528K)->29986K(30528K) NonClass: 26589K(26880K)->26589K(26880K) Class: 3397K(3648K)->3397K(3648K)
[3446.361s][info][gc             ] GC(359) Pause Young (Normal) (G1 Evacuation Pause) 7413M->3055M(8192M) 152.040ms
[3446.361s][info][gc,cpu         ] GC(359) User=1.20s Sys=0.00s Real=0.16s
.......[3453.091s][info][gc,start       ] GC(360) Pause Young (Normal) (G1 Evacuation Pause)
[3453.091s][info][gc,task        ] GC(360) Using 8 workers of 8 for evacuation
[3453.240s][info][gc,phases      ] GC(360)   Pre Evacuate Collection Set: 0.25ms
[3453.240s][info][gc,phases      ] GC(360)   Merge Heap Roots: 0.58ms
[3453.240s][info][gc,phases      ] GC(360)   Evacuate Collection Set: 147.02ms
[3453.240s][info][gc,phases      ] GC(360)   Post Evacuate Collection Set: 1.05ms
[3453.240s][info][gc,phases      ] GC(360)   Other: 0.06ms
[3453.240s][info][gc,heap        ] GC(360) Eden regions: 545->0(537)
[3453.240s][info][gc,heap        ] GC(360) Survivor regions: 43->43(74)
[3453.240s][info][gc,heap        ] GC(360) Old regions: 308->316
[3453.240s][info][gc,heap        ] GC(360) Humongous regions: 33->33
[3453.240s][info][gc,metaspace   ] GC(360) Metaspace: 29986K(30528K)->29986K(30528K) NonClass: 26589K(26880K)->26589K(26880K) Class: 3397K(3648K)->3397K(3648K)
[3453.240s][info][gc             ] GC(360) Pause Young (Normal) (G1 Evacuation Pause) 7415M->3118M(8192M) 149.107ms
[3453.240s][info][gc,cpu         ] GC(360) User=1.18s Sys=0.00s Real=0.15s
.......[3459.886s][info][gc,start       ] GC(361) Pause Young (Concurrent Start) (G1 Evacuation Pause)
[3459.886s][info][gc,task        ] GC(361) Using 8 workers of 8 for evacuation
[3460.037s][info][gc,phases      ] GC(361)   Pre Evacuate Collection Set: 0.31ms
[3460.037s][info][gc,phases      ] GC(361)   Merge Heap Roots: 0.71ms
[3460.037s][info][gc,phases      ] GC(361)   Evacuate Collection Set: 148.81ms
[3460.037s][info][gc,phases      ] GC(361)   Post Evacuate Collection Set: 1.06ms
[3460.037s][info][gc,phases      ] GC(361)   Other: 0.12ms
[3460.037s][info][gc,heap        ] GC(361) Eden regions: 537->0(532)
[3460.037s][info][gc,heap        ] GC(361) Survivor regions: 43->42(73)
[3460.037s][info][gc,heap        ] GC(361) Old regions: 316->323
[3460.037s][info][gc,heap        ] GC(361) Humongous regions: 33->33
[3460.037s][info][gc,metaspace   ] GC(361) Metaspace: 29986K(30528K)->29986K(30528K) NonClass: 26589K(26880K)->26589K(26880K) Class: 3397K(3648K)->3397K(3648K)
[3460.037s][info][gc             ] GC(361) Pause Young (Concurrent Start) (G1 Evacuation Pause) 7414M->3171M(8192M) 151.142ms
[3460.037s][info][gc             ] GC(362) Concurrent Mark Cycle
[3460.037s][info][gc,marking     ] GC(362) Concurrent Scan Root Regions
[3460.037s][info][gc,cpu         ] GC(361) User=1.20s Sys=0.00s Real=0.15s
[3460.308s][info][gc,marking     ] GC(362) Concurrent Scan Root Regions 271.127ms
[3460.308s][info][gc,marking     ] GC(362) Concurrent Mark
[3460.308s][info][gc,marking     ] GC(362) Concurrent Mark From Roots
[3460.308s][info][gc,task        ] GC(362) Using 2 workers of 2 for marking
.[3460.940s][info][gc,marking     ] GC(362) Concurrent Mark From Roots 631.423ms
[3460.940s][info][gc,marking     ] GC(362) Concurrent Preclean
[3460.940s][info][gc,marking     ] GC(362) Concurrent Preclean 0.104ms
[3460.940s][info][gc,start       ] GC(362) Pause Remark
[3460.942s][info][gc             ] GC(362) Pause Remark 3872M->3240M(8192M) 2.484ms
[3460.942s][info][gc,cpu         ] GC(362) User=0.02s Sys=0.00s Real=0.01s
[3460.942s][info][gc,marking     ] GC(362) Concurrent Mark 634.292ms
[3460.942s][info][gc,marking     ] GC(362) Concurrent Rebuild Remembered Sets and Scrub Regions
[3461.373s][info][gc,marking     ] GC(362) Concurrent Rebuild Remembered Sets and Scrub Regions 430.169ms
[3461.373s][info][gc,start       ] GC(362) Pause Cleanup
[3461.373s][info][gc             ] GC(362) Pause Cleanup 3563M->3563M(8192M) 0.298ms
[3461.373s][info][gc,cpu         ] GC(362) User=0.00s Sys=0.00s Real=0.00s
[3461.373s][info][gc,marking     ] GC(362) Concurrent Clear Claimed Marks
[3461.373s][info][gc,marking     ] GC(362) Concurrent Clear Claimed Marks 0.049ms
[3461.373s][info][gc,marking     ] GC(362) Concurrent Cleanup for Next Mark
[3461.381s][info][gc,marking     ] GC(362) Concurrent Cleanup for Next Mark 8.079ms
[3461.381s][info][gc             ] GC(362) Concurrent Mark Cycle 1344.511ms
.. (rIR:aIR:PR = 5396:5396:5396) (tPR = 80782) [OK] 
  3462s: Performance info:
         Transaction,    Success,    Partial,     Failed,   Receipts, AvgBarcode, 
             Overall,     323922,          0,          0,     307713,      59.47, 
         Response times:
             Request,    Success,    Partial,     Failed,   SkipFail,     Probes,    Samples,      min,      p50,      p90,      p95,      p99,      max, 
       TotalPurchase,     307713,          0,          0,          0,     302386,     323149,      300,     3500,     6400,     7900,    48000,   373000,
     InStorePurchase,     161899,          0,          0,          0,     159246,     169741,      300,     3500,     6300,     7800,    48000,   370000,
      OnlinePurchase,     113440,          0,          0,          0,     111638,     119279,      300,     3600,     6400,     8000,    48000,   373000,
        InstPurchase,      32374,          0,          0,          0,      31502,      34129,      400,     3400,     6400,     7900,    47000,   366000,
          AssocOfCat,        323,          0,          0,          0,        246,        319,    25000,    35000,    49000,    61000,   126000,   196000,
      AssocOfProduct,       3240,          0,          0,          0,       3025,       3432,      500,     2600,     6200,     7400,    49000,   366000,
      BusinessReport,        817,          0,          0,          0,        695,        844,    28000,    39000,    56500,    63000,   171100,   230000,
          CustBuyBeh,       3240,          0,          0,          0,       3020,       3436,      500,     3800,     6300,     7700,    55890,   251000,
       ProductReturn,       8589,          0,          0,          0,       8143,       8964,      200,     3300,     6000,     7500,    49000,   372000,

  3462s: (40%)   IR =   5535 ...[3466.351s][info][gc,start       ] GC(363) Pause Young (Prepare Mixed) (G1 Evacuation Pause)
[3466.351s][info][gc,task        ] GC(363) Using 8 workers of 8 for evacuation
[3466.499s][info][gc,phases      ] GC(363)   Pre Evacuate Collection Set: 0.27ms
[3466.499s][info][gc,phases      ] GC(363)   Merge Heap Roots: 0.91ms
[3466.499s][info][gc,phases      ] GC(363)   Evacuate Collection Set: 145.61ms
[3466.499s][info][gc,phases      ] GC(363)   Post Evacuate Collection Set: 1.16ms
[3466.499s][info][gc,phases      ] GC(363)   Other: 0.07ms
[3466.499s][info][gc,heap        ] GC(363) Eden regions: 532->0(573)
[3466.499s][info][gc,heap        ] GC(363) Survivor regions: 42->41(72)
[3466.499s][info][gc,heap        ] GC(363) Old regions: 244->252
[3466.499s][info][gc,heap        ] GC(363) Humongous regions: 33->33
[3466.499s][info][gc,metaspace   ] GC(363) Metaspace: 29987K(30528K)->29987K(30528K) NonClass: 26590K(26880K)->26590K(26880K) Class: 3397K(3648K)->3397K(3648K)
[3466.499s][info][gc             ] GC(363) Pause Young (Prepare Mixed) (G1 Evacuation Pause) 6795M->2587M(8192M) 148.165ms
[3466.499s][info][gc,cpu         ] GC(363) User=1.17s Sys=0.00s Real=0.14s
.|......[3473.327s][info][gc,start       ] GC(364) Pause Young (Mixed) (G1 Evacuation Pause)
[3473.327s][info][gc,task        ] GC(364) Using 8 workers of 8 for evacuation
[3473.482s][info][gc,phases      ] GC(364)   Pre Evacuate Collection Set: 0.27ms
[3473.482s][info][gc,phases      ] GC(364)   Merge Heap Roots: 0.90ms
[3473.482s][info][gc,phases      ] GC(364)   Evacuate Collection Set: 152.69ms
[3473.482s][info][gc,phases      ] GC(364)   Post Evacuate Collection Set: 1.38ms
[3473.482s][info][gc,phases      ] GC(364)   Other: 0.08ms
[3473.482s][info][gc,heap        ] GC(364) Eden regions: 573->0(573)
[3473.482s][info][gc,heap        ] GC(364) Survivor regions: 41->41(77)
[3473.482s][info][gc,heap        ] GC(364) Old regions: 252->157
[3473.482s][info][gc,heap        ] GC(364) Humongous regions: 33->33
[3473.482s][info][gc,metaspace   ] GC(364) Metaspace: 29987K(30528K)->29987K(30528K) NonClass: 26590K(26880K)->26590K(26880K) Class: 3397K(3648K)->3397K(3648K)
[3473.482s][info][gc             ] GC(364) Pause Young (Mixed) (G1 Evacuation Pause) 7171M->1833M(8192M) 155.481ms
[3473.482s][info][gc,cpu         ] GC(364) User=1.22s Sys=0.00s Real=0.16s
.......[3480.324s][info][gc,start       ] GC(365) Pause Young (Mixed) (G1 Evacuation Pause)
[3480.324s][info][gc,task        ] GC(365) Using 8 workers of 8 for evacuation
[3480.489s][info][gc,phases      ] GC(365)   Pre Evacuate Collection Set: 0.25ms
[3480.490s][info][gc,phases      ] GC(365)   Merge Heap Roots: 0.99ms
[3480.490s][info][gc,phases      ] GC(365)   Evacuate Collection Set: 162.86ms
[3480.490s][info][gc,phases      ] GC(365)   Post Evacuate Collection Set: 1.13ms
[3480.490s][info][gc,phases      ] GC(365)   Other: 0.06ms
[3480.490s][info][gc,heap        ] GC(365) Eden regions: 573->0(572)
[3480.490s][info][gc,heap        ] GC(365) Survivor regions: 41->42(77)
[3480.490s][info][gc,heap        ] GC(365) Old regions: 157->142
[3480.490s][info][gc,heap        ] GC(365) Humongous regions: 33->33
[3480.490s][info][gc,metaspace   ] GC(365) Metaspace: 29987K(30528K)->29987K(30528K) NonClass: 26590K(26880K)->26590K(26880K) Class: 3397K(3648K)->3397K(3648K)
[3480.490s][info][gc             ] GC(365) Pause Young (Mixed) (G1 Evacuation Pause) 6417M->1718M(8192M) 165.444ms
[3480.490s][info][gc,cpu         ] GC(365) User=1.31s Sys=0.00s Real=0.16s
.......[3487.355s][info][gc,start       ] GC(366) Pause Young (Normal) (G1 Evacuation Pause)
[3487.355s][info][gc,task        ] GC(366) Using 8 workers of 8 for evacuation
[3487.505s][info][gc,phases      ] GC(366)   Pre Evacuate Collection Set: 0.24ms
[3487.505s][info][gc,phases      ] GC(366)   Merge Heap Roots: 0.70ms
[3487.505s][info][gc,phases      ] GC(366)   Evacuate Collection Set: 148.00ms
[3487.505s][info][gc,phases      ] GC(366)   Post Evacuate Collection Set: 1.05ms
[3487.505s][info][gc,phases      ] GC(366)   Other: 0.08ms
[3487.505s][info][gc,heap        ] GC(366) Eden regions: 572->0(571)
[3487.505s][info][gc,heap        ] GC(366) Survivor regions: 42->43(77)
[3487.505s][info][gc,heap        ] GC(366) Old regions: 142->149
[3487.505s][info][gc,heap        ] GC(366) Humongous regions: 33->33
[3487.505s][info][gc,metaspace   ] GC(366) Metaspace: 29987K(30528K)->29987K(30528K) NonClass: 26590K(26880K)->26590K(26880K) Class: 3397K(3648K)->3397K(3648K)
[3487.505s][info][gc             ] GC(366) Pause Young (Normal) (G1 Evacuation Pause) 6294M->1777M(8192M) 150.195ms
[3487.505s][info][gc,cpu         ] GC(366) User=1.19s Sys=0.00s Real=0.15s
.......[3494.317s][info][gc,start       ] GC(367) Pause Young (Normal) (G1 Evacuation Pause)
[3494.317s][info][gc,task        ] GC(367) Using 8 workers of 8 for evacuation
[3494.471s][info][gc,phases      ] GC(367)   Pre Evacuate Collection Set: 0.25ms
[3494.471s][info][gc,phases      ] GC(367)   Merge Heap Roots: 0.59ms
[3494.471s][info][gc,phases      ] GC(367)   Evacuate Collection Set: 152.33ms
[3494.471s][info][gc,phases      ] GC(367)   Post Evacuate Collection Set: 1.07ms
[3494.471s][info][gc,phases      ] GC(367)   Other: 0.08ms
[3494.471s][info][gc,heap        ] GC(367) Eden regions: 571->0(571)
[3494.471s][info][gc,heap        ] GC(367) Survivor regions: 43->43(77)
[3494.471s][info][gc,heap        ] GC(367) Old regions: 149->156
[3494.471s][info][gc,heap        ] GC(367) Humongous regions: 33->33
[3494.471s][info][gc,metaspace   ] GC(367) Metaspace: 29987K(30528K)->29987K(30528K) NonClass: 26590K(26880K)->26590K(26880K) Class: 3397K(3648K)->3397K(3648K)
[3494.471s][info][gc             ] GC(367) Pause Young (Normal) (G1 Evacuation Pause) 6345M->1837M(8192M) 154.448ms
[3494.471s][info][gc,cpu         ] GC(367) User=1.22s Sys=0.00s Real=0.16s
.......[3501.299s][info][gc,start       ] GC(368) Pause Young (Normal) (G1 Evacuation Pause)
[3501.299s][info][gc,task        ] GC(368) Using 8 workers of 8 for evacuation
[3501.451s][info][gc,phases      ] GC(368)   Pre Evacuate Collection Set: 0.24ms
[3501.451s][info][gc,phases      ] GC(368)   Merge Heap Roots: 0.59ms
[3501.451s][info][gc,phases      ] GC(368)   Evacuate Collection Set: 149.68ms
[3501.451s][info][gc,phases      ] GC(368)   Post Evacuate Collection Set: 1.05ms
[3501.451s][info][gc,phases      ] GC(368)   Other: 0.06ms
[3501.451s][info][gc,heap        ] GC(368) Eden regions: 571->0(571)
[3501.451s][info][gc,heap        ] GC(368) Survivor regions: 43->43(77)
[3501.451s][info][gc,heap        ] GC(368) Old regions: 156->163
[3501.451s][info][gc,heap        ] GC(368) Humongous regions: 33->33
[3501.451s][info][gc,metaspace   ] GC(368) Metaspace: 29987K(30528K)->29987K(30528K) NonClass: 26590K(26880K)->26590K(26880K) Class: 3397K(3648K)->3397K(3648K)
[3501.451s][info][gc             ] GC(368) Pause Young (Normal) (G1 Evacuation Pause) 6405M->1890M(8192M) 151.761ms
[3501.451s][info][gc,cpu         ] GC(368) User=1.20s Sys=0.00s Real=0.16s
.......[3508.237s][info][gc,start       ] GC(369) Pause Young (Normal) (G1 Evacuation Pause)
[3508.237s][info][gc,task        ] GC(369) Using 8 workers of 8 for evacuation
[3508.392s][info][gc,phases      ] GC(369)   Pre Evacuate Collection Set: 0.23ms
[3508.392s][info][gc,phases      ] GC(369)   Merge Heap Roots: 0.74ms
[3508.392s][info][gc,phases      ] GC(369)   Evacuate Collection Set: 152.83ms
[3508.392s][info][gc,phases      ] GC(369)   Post Evacuate Collection Set: 1.08ms
[3508.392s][info][gc,phases      ] GC(369)   Other: 0.06ms
[3508.392s][info][gc,heap        ] GC(369) Eden regions: 571->0(571)
[3508.392s][info][gc,heap        ] GC(369) Survivor regions: 43->43(77)
[3508.392s][info][gc,heap        ] GC(369) Old regions: 163->170
[3508.392s][info][gc,heap        ] GC(369) Humongous regions: 33->33
[3508.392s][info][gc,metaspace   ] GC(369) Metaspace: 29987K(30528K)->29987K(30528K) NonClass: 26590K(26880K)->26590K(26880K) Class: 3397K(3648K)->3397K(3648K)
[3508.392s][info][gc             ] GC(369) Pause Young (Normal) (G1 Evacuation Pause) 6458M->1951M(8192M) 155.073ms
[3508.392s][info][gc,cpu         ] GC(369) User=1.23s Sys=0.00s Real=0.16s
.......[3515.243s][info][gc,start       ] GC(370) Pause Young (Normal) (G1 Evacuation Pause)
[3515.243s][info][gc,task        ] GC(370) Using 8 workers of 8 for evacuation
[3515.396s][info][gc,phases      ] GC(370)   Pre Evacuate Collection Set: 0.25ms
[3515.396s][info][gc,phases      ] GC(370)   Merge Heap Roots: 0.57ms
[3515.396s][info][gc,phases      ] GC(370)   Evacuate Collection Set: 150.78ms
[3515.396s][info][gc,phases      ] GC(370)   Post Evacuate Collection Set: 1.04ms
[3515.396s][info][gc,phases      ] GC(370)   Other: 0.06ms
[3515.396s][info][gc,heap        ] GC(370) Eden regions: 571->0(571)
[3515.396s][info][gc,heap        ] GC(370) Survivor regions: 43->43(77)
[3515.396s][info][gc,heap        ] GC(370) Old regions: 170->177
[3515.396s][info][gc,heap        ] GC(370) Humongous regions: 33->33
[3515.396s][info][gc,metaspace   ] GC(370) Metaspace: 29987K(30528K)->29987K(30528K) NonClass: 26590K(26880K)->26590K(26880K) Class: 3397K(3648K)->3397K(3648K)
[3515.396s][info][gc             ] GC(370) Pause Young (Normal) (G1 Evacuation Pause) 6519M->2006M(8192M) 152.841ms
[3515.396s][info][gc,cpu         ] GC(370) User=1.21s Sys=0.00s Real=0.15s
.......[3522.206s][info][gc,start       ] GC(371) Pause Young (Normal) (G1 Evacuation Pause)
[3522.206s][info][gc,task        ] GC(371) Using 8 workers of 8 for evacuation
[3522.358s][info][gc,phases      ] GC(371)   Pre Evacuate Collection Set: 0.25ms
[3522.358s][info][gc,phases      ] GC(371)   Merge Heap Roots: 0.59ms
[3522.358s][info][gc,phases      ] GC(371)   Evacuate Collection Set: 150.31ms
[3522.358s][info][gc,phases      ] GC(371)   Post Evacuate Collection Set: 1.05ms
[3522.358s][info][gc,phases      ] GC(371)   Other: 0.07ms
[3522.358s][info][gc,heap        ] GC(371) Eden regions: 571->0(571)
[3522.358s][info][gc,heap        ] GC(371) Survivor regions: 43->43(77)
[3522.358s][info][gc,heap        ] GC(371) Old regions: 177->184
[3522.358s][info][gc,heap        ] GC(371) Humongous regions: 33->33
[3522.358s][info][gc,metaspace   ] GC(371) Metaspace: 29987K(30528K)->29987K(30528K) NonClass: 26590K(26880K)->26590K(26880K) Class: 3397K(3648K)->3397K(3648K)
[3522.358s][info][gc             ] GC(371) Pause Young (Normal) (G1 Evacuation Pause) 6574M->2057M(8192M) 152.404ms
[3522.358s][info][gc,cpu         ] GC(371) User=1.21s Sys=0.00s Real=0.15s
..... (rIR:aIR:PR = 5535:5534:5534) (tPR = 82356) [OK] 
  3526s: Performance info:
         Transaction,    Success,    Partial,     Failed,   Receipts, AvgBarcode, 
             Overall,     332194,          0,          0,     315533,      59.48, 
         Response times:
             Request,    Success,    Partial,     Failed,   SkipFail,     Probes,    Samples,      min,      p50,      p90,      p95,      p99,      max, 
       TotalPurchase,     315533,          0,          0,          0,     310305,     331590,      300,     3600,     6500,     7900,    40000,   227000,
     InStorePurchase,     166025,          0,          0,          0,     163516,     174258,      300,     3600,     6500,     7900,    40000,   227000,
      OnlinePurchase,     116319,          0,          0,          0,     114499,     122421,      300,     3600,     6500,     7900,    39000,   227000,
        InstPurchase,      33189,          0,          0,          0,      32290,      34911,      500,     3700,     6500,     7900,    40000,   227000,
          AssocOfCat,        330,          0,          0,          0,        266,        343,    24000,    35000,    50000,    55000,    75560,   205000,
      AssocOfProduct,       3329,          0,          0,          0,       3084,       3456,      700,     4100,     6600,     7800,    46000,   164000,
      BusinessReport,        834,          0,          0,          0,        714,        879,    25000,    40000,    57000,    68000,   151600,   226000,
          CustBuyBeh,       3325,          0,          0,          0,       3049,       3425,      200,     3400,     6600,     7900,    32000,   161000,
       ProductReturn,       8843,          0,          0,          0,       8320,       9188,      200,     3700,     6500,     7800,    36110,   165000,

  3526s: (41%)   IR =   5673 ..[3529.110s][info][gc,start       ] GC(372) Pause Young (Normal) (G1 Evacuation Pause)
[3529.110s][info][gc,task        ] GC(372) Using 8 workers of 8 for evacuation
[3529.264s][info][gc,phases      ] GC(372)   Pre Evacuate Collection Set: 0.23ms
[3529.264s][info][gc,phases      ] GC(372)   Merge Heap Roots: 0.61ms
[3529.264s][info][gc,phases      ] GC(372)   Evacuate Collection Set: 152.44ms
[3529.264s][info][gc,phases      ] GC(372)   Post Evacuate Collection Set: 1.10ms
[3529.264s][info][gc,phases      ] GC(372)   Other: 0.06ms
[3529.264s][info][gc,heap        ] GC(372) Eden regions: 571->0(571)
[3529.264s][info][gc,heap        ] GC(372) Survivor regions: 43->43(77)
[3529.264s][info][gc,heap        ] GC(372) Old regions: 184->191
[3529.264s][info][gc,heap        ] GC(372) Humongous regions: 33->33
[3529.264s][info][gc,metaspace   ] GC(372) Metaspace: 29987K(30528K)->29987K(30528K) NonClass: 26590K(26880K)->26590K(26880K) Class: 3397K(3648K)->3397K(3648K)
[3529.264s][info][gc             ] GC(372) Pause Young (Normal) (G1 Evacuation Pause) 6625M->2113M(8192M) 154.589ms
[3529.264s][info][gc,cpu         ] GC(372) User=1.23s Sys=0.00s Real=0.16s
...|....[3535.998s][info][gc,start       ] GC(373) Pause Young (Normal) (G1 Evacuation Pause)
[3535.998s][info][gc,task        ] GC(373) Using 8 workers of 8 for evacuation
[3536.151s][info][gc,phases      ] GC(373)   Pre Evacuate Collection Set: 0.24ms
[3536.151s][info][gc,phases      ] GC(373)   Merge Heap Roots: 0.72ms
[3536.151s][info][gc,phases      ] GC(373)   Evacuate Collection Set: 150.65ms
[3536.151s][info][gc,phases      ] GC(373)   Post Evacuate Collection Set: 1.07ms
[3536.151s][info][gc,phases      ] GC(373)   Other: 0.06ms
[3536.151s][info][gc,heap        ] GC(373) Eden regions: 571->0(571)
[3536.151s][info][gc,heap        ] GC(373) Survivor regions: 43->43(77)
[3536.151s][info][gc,heap        ] GC(373) Old regions: 191->197
[3536.151s][info][gc,heap        ] GC(373) Humongous regions: 33->33
[3536.151s][info][gc,metaspace   ] GC(373) Metaspace: 29988K(30528K)->29988K(30528K) NonClass: 26591K(26880K)->26591K(26880K) Class: 3397K(3648K)->3397K(3648K)
[3536.151s][info][gc             ] GC(373) Pause Young (Normal) (G1 Evacuation Pause) 6681M->2167M(8192M) 152.863ms
[3536.151s][info][gc,cpu         ] GC(373) User=1.21s Sys=0.00s Real=0.15s
......[3542.783s][info][gc,start       ] GC(374) Pause Young (Normal) (G1 Evacuation Pause)
[3542.783s][info][gc,task        ] GC(374) Using 8 workers of 8 for evacuation
[3542.933s][info][gc,phases      ] GC(374)   Pre Evacuate Collection Set: 0.26ms
[3542.933s][info][gc,phases      ] GC(374)   Merge Heap Roots: 0.61ms
[3542.933s][info][gc,phases      ] GC(374)   Evacuate Collection Set: 148.45ms
[3542.933s][info][gc,phases      ] GC(374)   Post Evacuate Collection Set: 1.09ms
[3542.933s][info][gc,phases      ] GC(374)   Other: 0.07ms
[3542.933s][info][gc,heap        ] GC(374) Eden regions: 571->0(571)
[3542.933s][info][gc,heap        ] GC(374) Survivor regions: 43->43(77)
[3542.933s][info][gc,heap        ] GC(374) Old regions: 197->204
[3542.933s][info][gc,heap        ] GC(374) Humongous regions: 33->33
[3542.933s][info][gc,metaspace   ] GC(374) Metaspace: 29988K(30528K)->29988K(30528K) NonClass: 26591K(26880K)->26591K(26880K) Class: 3397K(3648K)->3397K(3648K)
[3542.933s][info][gc             ] GC(374) Pause Young (Normal) (G1 Evacuation Pause) 6735M->2223M(8192M) 150.616ms
[3542.933s][info][gc,cpu         ] GC(374) User=1.19s Sys=0.00s Real=0.15s
.......[3549.544s][info][gc,start       ] GC(375) Pause Young (Normal) (G1 Evacuation Pause)
[3549.544s][info][gc,task        ] GC(375) Using 8 workers of 8 for evacuation
[3549.696s][info][gc,phases      ] GC(375)   Pre Evacuate Collection Set: 0.26ms
[3549.696s][info][gc,phases      ] GC(375)   Merge Heap Roots: 0.59ms
[3549.696s][info][gc,phases      ] GC(375)   Evacuate Collection Set: 149.26ms
[3549.696s][info][gc,phases      ] GC(375)   Post Evacuate Collection Set: 1.07ms
[3549.696s][info][gc,phases      ] GC(375)   Other: 0.07ms
[3549.696s][info][gc,heap        ] GC(375) Eden regions: 571->0(571)
[3549.696s][info][gc,heap        ] GC(375) Survivor regions: 43->43(77)
[3549.696s][info][gc,heap        ] GC(375) Old regions: 204->211
[3549.696s][info][gc,heap        ] GC(375) Humongous regions: 33->33
[3549.696s][info][gc,metaspace   ] GC(375) Metaspace: 29988K(30528K)->29988K(30528K) NonClass: 26591K(26880K)->26591K(26880K) Class: 3397K(3648K)->3397K(3648K)
[3549.696s][info][gc             ] GC(375) Pause Young (Normal) (G1 Evacuation Pause) 6791M->2278M(8192M) 151.375ms
[3549.696s][info][gc,cpu         ] GC(375) User=1.20s Sys=0.00s Real=0.15s
.......[3556.367s][info][gc,start       ] GC(376) Pause Young (Normal) (G1 Evacuation Pause)
[3556.367s][info][gc,task        ] GC(376) Using 8 workers of 8 for evacuation
[3556.518s][info][gc,phases      ] GC(376)   Pre Evacuate Collection Set: 0.25ms
[3556.518s][info][gc,phases      ] GC(376)   Merge Heap Roots: 0.63ms
[3556.518s][info][gc,phases      ] GC(376)   Evacuate Collection Set: 149.57ms
[3556.518s][info][gc,phases      ] GC(376)   Post Evacuate Collection Set: 1.07ms
[3556.518s][info][gc,phases      ] GC(376)   Other: 0.06ms
[3556.518s][info][gc,heap        ] GC(376) Eden regions: 571->0(572)
[3556.518s][info][gc,heap        ] GC(376) Survivor regions: 43->42(77)
[3556.518s][info][gc,heap        ] GC(376) Old regions: 211->218
[3556.518s][info][gc,heap        ] GC(376) Humongous regions: 33->33
[3556.518s][info][gc,metaspace   ] GC(376) Metaspace: 29988K(30528K)->29988K(30528K) NonClass: 26591K(26880K)->26591K(26880K) Class: 3397K(3648K)->3397K(3648K)
[3556.518s][info][gc             ] GC(376) Pause Young (Normal) (G1 Evacuation Pause) 6846M->2331M(8192M) 151.725ms
[3556.518s][info][gc,cpu         ] GC(376) User=1.21s Sys=0.00s Real=0.15s
.......[3563.184s][info][gc,start       ] GC(377) Pause Young (Normal) (G1 Evacuation Pause)
[3563.184s][info][gc,task        ] GC(377) Using 8 workers of 8 for evacuation
[3563.339s][info][gc,phases      ] GC(377)   Pre Evacuate Collection Set: 0.28ms
[3563.339s][info][gc,phases      ] GC(377)   Merge Heap Roots: 0.77ms
[3563.339s][info][gc,phases      ] GC(377)   Evacuate Collection Set: 153.03ms
[3563.339s][info][gc,phases      ] GC(377)   Post Evacuate Collection Set: 1.07ms
[3563.339s][info][gc,phases      ] GC(377)   Other: 0.07ms
[3563.339s][info][gc,heap        ] GC(377) Eden regions: 572->0(570)
[3563.339s][info][gc,heap        ] GC(377) Survivor regions: 42->44(77)
[3563.339s][info][gc,heap        ] GC(377) Old regions: 218->225
[3563.339s][info][gc,heap        ] GC(377) Humongous regions: 33->33
[3563.339s][info][gc,metaspace   ] GC(377) Metaspace: 29988K(30528K)->29988K(30528K) NonClass: 26591K(26880K)->26591K(26880K) Class: 3397K(3648K)->3397K(3648K)
[3563.339s][info][gc             ] GC(377) Pause Young (Normal) (G1 Evacuation Pause) 6907M->2399M(8192M) 155.340ms
[3563.339s][info][gc,cpu         ] GC(377) User=1.23s Sys=0.00s Real=0.15s
......[3569.950s][info][gc,start       ] GC(378) Pause Young (Normal) (G1 Evacuation Pause)
[3569.950s][info][gc,task        ] GC(378) Using 8 workers of 8 for evacuation
[3570.104s][info][gc,phases      ] GC(378)   Pre Evacuate Collection Set: 0.27ms
[3570.104s][info][gc,phases      ] GC(378)   Merge Heap Roots: 0.61ms
[3570.104s][info][gc,phases      ] GC(378)   Evacuate Collection Set: 152.06ms
[3570.104s][info][gc,phases      ] GC(378)   Post Evacuate Collection Set: 1.09ms
[3570.104s][info][gc,phases      ] GC(378)   Other: 0.06ms
[3570.104s][info][gc,heap        ] GC(378) Eden regions: 570->0(571)
[3570.104s][info][gc,heap        ] GC(378) Survivor regions: 44->43(77)
[3570.104s][info][gc,heap        ] GC(378) Old regions: 225->232
[3570.104s][info][gc,heap        ] GC(378) Humongous regions: 33->33
[3570.104s][info][gc,metaspace   ] GC(378) Metaspace: 29988K(30528K)->29988K(30528K) NonClass: 26591K(26880K)->26591K(26880K) Class: 3397K(3648K)->3397K(3648K)
[3570.104s][info][gc             ] GC(378) Pause Young (Normal) (G1 Evacuation Pause) 6959M->2451M(8192M) 154.227ms
[3570.104s][info][gc,cpu         ] GC(378) User=1.22s Sys=0.00s Real=0.16s
.......[3576.773s][info][gc,start       ] GC(379) Pause Young (Normal) (G1 Evacuation Pause)
[3576.773s][info][gc,task        ] GC(379) Using 8 workers of 8 for evacuation
[3576.926s][info][gc,phases      ] GC(379)   Pre Evacuate Collection Set: 0.24ms
[3576.926s][info][gc,phases      ] GC(379)   Merge Heap Roots: 0.58ms
[3576.926s][info][gc,phases      ] GC(379)   Evacuate Collection Set: 151.46ms
[3576.926s][info][gc,phases      ] GC(379)   Post Evacuate Collection Set: 1.07ms
[3576.926s][info][gc,phases      ] GC(379)   Other: 0.07ms
[3576.926s][info][gc,heap        ] GC(379) Eden regions: 571->0(571)
[3576.926s][info][gc,heap        ] GC(379) Survivor regions: 43->43(77)
[3576.926s][info][gc,heap        ] GC(379) Old regions: 232->239
[3576.926s][info][gc,heap        ] GC(379) Humongous regions: 33->33
[3576.926s][info][gc,metaspace   ] GC(379) Metaspace: 29988K(30528K)->29988K(30528K) NonClass: 26591K(26880K)->26591K(26880K) Class: 3397K(3648K)->3397K(3648K)
[3576.926s][info][gc             ] GC(379) Pause Young (Normal) (G1 Evacuation Pause) 7019M->2503M(8192M) 153.564ms
[3576.926s][info][gc,cpu         ] GC(379) User=1.22s Sys=0.00s Real=0.15s
.......[3583.572s][info][gc,start       ] GC(380) Pause Young (Normal) (G1 Evacuation Pause)
[3583.572s][info][gc,task        ] GC(380) Using 8 workers of 8 for evacuation
[3583.725s][info][gc,phases      ] GC(380)   Pre Evacuate Collection Set: 0.27ms
[3583.725s][info][gc,phases      ] GC(380)   Merge Heap Roots: 0.68ms
[3583.725s][info][gc,phases      ] GC(380)   Evacuate Collection Set: 150.75ms
[3583.725s][info][gc,phases      ] GC(380)   Post Evacuate Collection Set: 1.08ms
[3583.725s][info][gc,phases      ] GC(380)   Other: 0.07ms
[3583.725s][info][gc,heap        ] GC(380) Eden regions: 571->0(571)
[3583.725s][info][gc,heap        ] GC(380) Survivor regions: 43->43(77)
[3583.725s][info][gc,heap        ] GC(380) Old regions: 239->246
[3583.725s][info][gc,heap        ] GC(380) Humongous regions: 33->33
[3583.725s][info][gc,metaspace   ] GC(380) Metaspace: 29988K(30528K)->29988K(30528K) NonClass: 26591K(26880K)->26591K(26880K) Class: 3397K(3648K)->3397K(3648K)
[3583.725s][info][gc             ] GC(380) Pause Young (Normal) (G1 Evacuation Pause) 7071M->2562M(8192M) 152.966ms
[3583.725s][info][gc,cpu         ] GC(380) User=1.21s Sys=0.00s Real=0.15s
.......[3590.356s][info][gc,start       ] GC(381) Pause Young (Normal) (G1 Evacuation Pause)
[3590.356s][info][gc,task        ] GC(381) Using 8 workers of 8 for evacuation
[3590.508s][info][gc,phases      ] GC(381)   Pre Evacuate Collection Set: 0.25ms
[3590.508s][info][gc,phases      ] GC(381)   Merge Heap Roots: 0.67ms
[3590.508s][info][gc,phases      ] GC(381)   Evacuate Collection Set: 150.08ms
[3590.508s][info][gc,phases      ] GC(381)   Post Evacuate Collection Set: 1.05ms
[3590.508s][info][gc,phases      ] GC(381)   Other: 0.07ms
[3590.508s][info][gc,heap        ] GC(381) Eden regions: 571->0(571)
[3590.508s][info][gc,heap        ] GC(381) Survivor regions: 43->43(77)
[3590.508s][info][gc,heap        ] GC(381) Old regions: 246->253
[3590.508s][info][gc,heap        ] GC(381) Humongous regions: 33->33
[3590.508s][info][gc,metaspace   ] GC(381) Metaspace: 29988K(30528K)->29988K(30528K) NonClass: 26591K(26880K)->26591K(26880K) Class: 3397K(3648K)->3397K(3648K)
[3590.508s][info][gc             ] GC(381) Pause Young (Normal) (G1 Evacuation Pause) 7130M->2615M(8192M) 152.253ms
[3590.508s][info][gc,cpu         ] GC(381) User=1.20s Sys=0.00s Real=0.15s
.. (rIR:aIR:PR = 5673:5673:5673) (tPR = 84532) [OK] 
  3591s: Performance info:
         Transaction,    Success,    Partial,     Failed,   Receipts, AvgBarcode, 
             Overall,     341334,          0,          0,     324285,      59.47, 
         Response times:
             Request,    Success,    Partial,     Failed,   SkipFail,     Probes,    Samples,      min,      p50,      p90,      p95,      p99,      max, 
       TotalPurchase,     324285,          0,          0,          0,     317762,     345535,      300,     3700,     6600,     8000,    45000,   169000,
     InStorePurchase,     170678,          0,          0,          0,     167853,     182195,      400,     3700,     6600,     8000,    45000,   165000,
      OnlinePurchase,     119495,          0,          0,          0,     116706,     126931,      300,     3700,     6600,     7900,    44000,   165000,
        InstPurchase,      34112,          0,          0,          0,      33203,      36409,      500,     3700,     6700,     8100,    43900,   169000,
          AssocOfCat,        340,          0,          0,          0,        257,        354,    24000,    36000,    48500,    53500,   119200,   212000,
      AssocOfProduct,       3405,          0,          0,          0,       3127,       3611,      700,     4300,     7200,     9000,    45000,   164000,
      BusinessReport,        853,          0,          0,          0,        747,        886,    27000,    39000,    54300,    66000,   162510,   213000,
          CustBuyBeh,       3420,          0,          0,          0,       3200,       3677,      200,     3400,     6600,     7800,    39220,   163000,
       ProductReturn,       9031,          0,          0,          0,       8576,       9654,      200,     3900,     6700,     8000,    46000,   165000,

  3591s: (42%)   IR =   5812 ....[3597.056s][info][gc,start       ] GC(382) Pause Young (Normal) (G1 Evacuation Pause)
[3597.056s][info][gc,task        ] GC(382) Using 8 workers of 8 for evacuation
[3597.211s][info][gc,phases      ] GC(382)   Pre Evacuate Collection Set: 0.25ms
[3597.211s][info][gc,phases      ] GC(382)   Merge Heap Roots: 0.63ms
[3597.211s][info][gc,phases      ] GC(382)   Evacuate Collection Set: 153.08ms
[3597.211s][info][gc,phases      ] GC(382)   Post Evacuate Collection Set: 1.05ms
[3597.211s][info][gc,phases      ] GC(382)   Other: 0.06ms
[3597.211s][info][gc,heap        ] GC(382) Eden regions: 571->0(571)
[3597.211s][info][gc,heap        ] GC(382) Survivor regions: 43->43(77)
[3597.211s][info][gc,heap        ] GC(382) Old regions: 253->261
[3597.211s][info][gc,heap        ] GC(382) Humongous regions: 33->33
[3597.211s][info][gc,metaspace   ] GC(382) Metaspace: 29988K(30528K)->29988K(30528K) NonClass: 26591K(26880K)->26591K(26880K) Class: 3397K(3648K)->3397K(3648K)
[3597.211s][info][gc             ] GC(382) Pause Young (Normal) (G1 Evacuation Pause) 7183M->2673M(8192M) 155.201ms
[3597.211s][info][gc,cpu         ] GC(382) User=1.23s Sys=0.00s Real=0.16s
....|...[3603.697s][info][gc,start       ] GC(383) Pause Young (Normal) (G1 Evacuation Pause)
[3603.697s][info][gc,task        ] GC(383) Using 8 workers of 8 for evacuation
[3603.848s][info][gc,phases      ] GC(383)   Pre Evacuate Collection Set: 0.24ms
[3603.848s][info][gc,phases      ] GC(383)   Merge Heap Roots: 0.61ms
[3603.848s][info][gc,phases      ] GC(383)   Evacuate Collection Set: 148.44ms
[3603.848s][info][gc,phases      ] GC(383)   Post Evacuate Collection Set: 1.07ms
[3603.848s][info][gc,phases      ] GC(383)   Other: 0.06ms
[3603.848s][info][gc,heap        ] GC(383) Eden regions: 571->0(571)
[3603.848s][info][gc,heap        ] GC(383) Survivor regions: 43->43(77)
[3603.848s][info][gc,heap        ] GC(383) Old regions: 261->267
[3603.848s][info][gc,heap        ] GC(383) Humongous regions: 33->33
[3603.848s][info][gc,metaspace   ] GC(383) Metaspace: 29988K(30528K)->29988K(30528K) NonClass: 26591K(26880K)->26591K(26880K) Class: 3397K(3648K)->3397K(3648K)
[3603.848s][info][gc             ] GC(383) Pause Young (Normal) (G1 Evacuation Pause) 7241M->2727M(8192M) 150.576ms
[3603.848s][info][gc,cpu         ] GC(383) User=1.19s Sys=0.00s Real=0.15s
.......[3610.386s][info][gc,start       ] GC(384) Pause Young (Normal) (G1 Evacuation Pause)
[3610.386s][info][gc,task        ] GC(384) Using 8 workers of 8 for evacuation
[3610.538s][info][gc,phases      ] GC(384)   Pre Evacuate Collection Set: 0.26ms
[3610.538s][info][gc,phases      ] GC(384)   Merge Heap Roots: 0.67ms
[3610.538s][info][gc,phases      ] GC(384)   Evacuate Collection Set: 149.31ms
[3610.538s][info][gc,phases      ] GC(384)   Post Evacuate Collection Set: 1.08ms
[3610.538s][info][gc,phases      ] GC(384)   Other: 0.08ms
[3610.538s][info][gc,heap        ] GC(384) Eden regions: 571->0(571)
[3610.538s][info][gc,heap        ] GC(384) Survivor regions: 43->43(77)
[3610.538s][info][gc,heap        ] GC(384) Old regions: 267->274
[3610.538s][info][gc,heap        ] GC(384) Humongous regions: 33->33
[3610.538s][info][gc,metaspace   ] GC(384) Metaspace: 29988K(30528K)->29988K(30528K) NonClass: 26591K(26880K)->26591K(26880K) Class: 3397K(3648K)->3397K(3648K)
[3610.538s][info][gc             ] GC(384) Pause Young (Normal) (G1 Evacuation Pause) 7295M->2783M(8192M) 151.549ms
[3610.538s][info][gc,cpu         ] GC(384) User=1.20s Sys=0.00s Real=0.15s
......[3616.976s][info][gc,start       ] GC(385) Pause Young (Normal) (G1 Evacuation Pause)
[3616.976s][info][gc,task        ] GC(385) Using 8 workers of 8 for evacuation
[3617.129s][info][gc,phases      ] GC(385)   Pre Evacuate Collection Set: 0.25ms
[3617.129s][info][gc,phases      ] GC(385)   Merge Heap Roots: 0.63ms
[3617.129s][info][gc,phases      ] GC(385)   Evacuate Collection Set: 150.80ms
[3617.129s][info][gc,phases      ] GC(385)   Post Evacuate Collection Set: 1.05ms
[3617.129s][info][gc,phases      ] GC(385)   Other: 0.07ms
[3617.129s][info][gc,heap        ] GC(385) Eden regions: 571->0(571)
[3617.129s][info][gc,heap        ] GC(385) Survivor regions: 43->43(77)
[3617.129s][info][gc,heap        ] GC(385) Old regions: 274->281
[3617.129s][info][gc,heap        ] GC(385) Humongous regions: 33->33
[3617.129s][info][gc,metaspace   ] GC(385) Metaspace: 29988K(30528K)->29988K(30528K) NonClass: 26591K(26880K)->26591K(26880K) Class: 3397K(3648K)->3397K(3648K)
[3617.129s][info][gc             ] GC(385) Pause Young (Normal) (G1 Evacuation Pause) 7351M->2843M(8192M) 152.962ms
[3617.129s][info][gc,cpu         ] GC(385) User=1.21s Sys=0.00s Real=0.15s
.......[3623.637s][info][gc,start       ] GC(386) Pause Young (Normal) (G1 Evacuation Pause)
[3623.637s][info][gc,task        ] GC(386) Using 8 workers of 8 for evacuation
[3623.787s][info][gc,phases      ] GC(386)   Pre Evacuate Collection Set: 0.23ms
[3623.787s][info][gc,phases      ] GC(386)   Merge Heap Roots: 0.60ms
[3623.787s][info][gc,phases      ] GC(386)   Evacuate Collection Set: 147.40ms
[3623.787s][info][gc,phases      ] GC(386)   Post Evacuate Collection Set: 1.06ms
[3623.787s][info][gc,phases      ] GC(386)   Other: 0.07ms
[3623.787s][info][gc,heap        ] GC(386) Eden regions: 571->0(565)
[3623.787s][info][gc,heap        ] GC(386) Survivor regions: 43->43(77)
[3623.787s][info][gc,heap        ] GC(386) Old regions: 281->288
[3623.787s][info][gc,heap        ] GC(386) Humongous regions: 33->33
[3623.787s][info][gc,metaspace   ] GC(386) Metaspace: 29988K(30528K)->29988K(30528K) NonClass: 26591K(26880K)->26591K(26880K) Class: 3397K(3648K)->3397K(3648K)
[3623.787s][info][gc             ] GC(386) Pause Young (Normal) (G1 Evacuation Pause) 7411M->2895M(8192M) 149.495ms
[3623.787s][info][gc,cpu         ] GC(386) User=1.18s Sys=0.00s Real=0.15s
.......[3630.254s][info][gc,start       ] GC(387) Pause Young (Normal) (G1 Evacuation Pause)
[3630.254s][info][gc,task        ] GC(387) Using 8 workers of 8 for evacuation
[3630.404s][info][gc,phases      ] GC(387)   Pre Evacuate Collection Set: 0.24ms
[3630.404s][info][gc,phases      ] GC(387)   Merge Heap Roots: 0.57ms
[3630.404s][info][gc,phases      ] GC(387)   Evacuate Collection Set: 148.12ms
[3630.404s][info][gc,phases      ] GC(387)   Post Evacuate Collection Set: 1.05ms
[3630.404s][info][gc,phases      ] GC(387)   Other: 0.06ms
[3630.404s][info][gc,heap        ] GC(387) Eden regions: 565->0(558)
[3630.404s][info][gc,heap        ] GC(387) Survivor regions: 43->43(76)
[3630.404s][info][gc,heap        ] GC(387) Old regions: 288->295
[3630.404s][info][gc,heap        ] GC(387) Humongous regions: 33->33
[3630.404s][info][gc,metaspace   ] GC(387) Metaspace: 29988K(30528K)->29988K(30528K) NonClass: 26591K(26880K)->26591K(26880K) Class: 3397K(3648K)->3397K(3648K)
[3630.404s][info][gc             ] GC(387) Pause Young (Normal) (G1 Evacuation Pause) 7415M->2955M(8192M) 150.177ms
[3630.404s][info][gc,cpu         ] GC(387) User=1.19s Sys=0.00s Real=0.15s
......[3636.774s][info][gc,start       ] GC(388) Pause Young (Normal) (G1 Evacuation Pause)
[3636.774s][info][gc,task        ] GC(388) Using 8 workers of 8 for evacuation
[3636.925s][info][gc,phases      ] GC(388)   Pre Evacuate Collection Set: 0.25ms
[3636.925s][info][gc,phases      ] GC(388)   Merge Heap Roots: 0.64ms
[3636.925s][info][gc,phases      ] GC(388)   Evacuate Collection Set: 148.97ms
[3636.925s][info][gc,phases      ] GC(388)   Post Evacuate Collection Set: 1.06ms
[3636.925s][info][gc,phases      ] GC(388)   Other: 0.06ms
[3636.925s][info][gc,heap        ] GC(388) Eden regions: 558->0(552)
[3636.925s][info][gc,heap        ] GC(388) Survivor regions: 43->42(76)
[3636.925s][info][gc,heap        ] GC(388) Old regions: 295->303
[3636.925s][info][gc,heap        ] GC(388) Humongous regions: 33->33
[3636.925s][info][gc,metaspace   ] GC(388) Metaspace: 29988K(30528K)->29988K(30528K) NonClass: 26591K(26880K)->26591K(26880K) Class: 3397K(3648K)->3397K(3648K)
[3636.925s][info][gc             ] GC(388) Pause Young (Normal) (G1 Evacuation Pause) 7419M->3005M(8192M) 151.111ms
[3636.925s][info][gc,cpu         ] GC(388) User=1.20s Sys=0.00s Real=0.15s
......[3643.169s][info][gc,start       ] GC(389) Pause Young (Normal) (G1 Evacuation Pause)
[3643.169s][info][gc,task        ] GC(389) Using 8 workers of 8 for evacuation
[3643.323s][info][gc,phases      ] GC(389)   Pre Evacuate Collection Set: 0.24ms
[3643.323s][info][gc,phases      ] GC(389)   Merge Heap Roots: 0.73ms
[3643.323s][info][gc,phases      ] GC(389)   Evacuate Collection Set: 151.67ms
[3643.323s][info][gc,phases      ] GC(389)   Post Evacuate Collection Set: 1.03ms
[3643.323s][info][gc,phases      ] GC(389)   Other: 0.06ms
[3643.323s][info][gc,heap        ] GC(389) Eden regions: 552->0(543)
[3643.323s][info][gc,heap        ] GC(389) Survivor regions: 42->43(75)
[3643.323s][info][gc,heap        ] GC(389) Old regions: 303->310
[3643.323s][info][gc,heap        ] GC(389) Humongous regions: 33->33
[3643.323s][info][gc,metaspace   ] GC(389) Metaspace: 29988K(30528K)->29988K(30528K) NonClass: 26591K(26880K)->26591K(26880K) Class: 3397K(3648K)->3397K(3648K)
[3643.323s][info][gc             ] GC(389) Pause Young (Normal) (G1 Evacuation Pause) 7421M->3069M(8192M) 153.850ms
[3643.323s][info][gc,cpu         ] GC(389) User=1.22s Sys=0.00s Real=0.16s
.......[3649.470s][info][gc,start       ] GC(390) Pause Young (Normal) (G1 Evacuation Pause)
[3649.470s][info][gc,task        ] GC(390) Using 8 workers of 8 for evacuation
[3649.617s][info][gc,phases      ] GC(390)   Pre Evacuate Collection Set: 0.25ms
[3649.617s][info][gc,phases      ] GC(390)   Merge Heap Roots: 0.60ms
[3649.617s][info][gc,phases      ] GC(390)   Evacuate Collection Set: 145.38ms
[3649.617s][info][gc,phases      ] GC(390)   Post Evacuate Collection Set: 1.09ms
[3649.617s][info][gc,phases      ] GC(390)   Other: 0.06ms
[3649.617s][info][gc,heap        ] GC(390) Eden regions: 543->0(539)
[3649.617s][info][gc,heap        ] GC(390) Survivor regions: 43->41(74)
[3649.617s][info][gc,heap        ] GC(390) Old regions: 310->318
[3649.617s][info][gc,heap        ] GC(390) Humongous regions: 33->33
[3649.617s][info][gc,metaspace   ] GC(390) Metaspace: 29988K(30528K)->29988K(30528K) NonClass: 26591K(26880K)->26591K(26880K) Class: 3397K(3648K)->3397K(3648K)
[3649.617s][info][gc             ] GC(390) Pause Young (Normal) (G1 Evacuation Pause) 7413M->3117M(8192M) 147.506ms
[3649.617s][info][gc,cpu         ] GC(390) User=1.17s Sys=0.00s Real=0.15s
......[3655.682s][info][gc,start       ] GC(391) Pause Young (Concurrent Start) (G1 Evacuation Pause)
[3655.683s][info][gc,task        ] GC(391) Using 8 workers of 8 for evacuation
[3655.830s][info][gc,phases      ] GC(391)   Pre Evacuate Collection Set: 0.29ms
[3655.830s][info][gc,phases      ] GC(391)   Merge Heap Roots: 0.58ms
[3655.830s][info][gc,phases      ] GC(391)   Evacuate Collection Set: 145.35ms
[3655.830s][info][gc,phases      ] GC(391)   Post Evacuate Collection Set: 1.00ms
[3655.830s][info][gc,phases      ] GC(391)   Other: 0.09ms
[3655.830s][info][gc,heap        ] GC(391) Eden regions: 539->0(530)
[3655.830s][info][gc,heap        ] GC(391) Survivor regions: 41->42(73)
[3655.830s][info][gc,heap        ] GC(391) Old regions: 318->325
[3655.830s][info][gc,heap        ] GC(391) Humongous regions: 33->33
[3655.830s][info][gc,metaspace   ] GC(391) Metaspace: 29988K(30528K)->29988K(30528K) NonClass: 26591K(26880K)->26591K(26880K) Class: 3397K(3648K)->3397K(3648K)
[3655.830s][info][gc             ] GC(391) Pause Young (Concurrent Start) (G1 Evacuation Pause) 7429M->3179M(8192M) 147.464ms
[3655.830s][info][gc             ] GC(392) Concurrent Mark Cycle
[3655.830s][info][gc,marking     ] GC(392) Concurrent Scan Root Regions
[3655.830s][info][gc,cpu         ] GC(391) User=1.17s Sys=0.00s Real=0.14s
[3656.088s][info][gc,marking     ] GC(392) Concurrent Scan Root Regions 258.397ms
[3656.088s][info][gc,marking     ] GC(392) Concurrent Mark
[3656.088s][info][gc,marking     ] GC(392) Concurrent Mark From Roots
[3656.088s][info][gc,task        ] GC(392) Using 2 workers of 2 for marking
.[3656.678s][info][gc,marking     ] GC(392) Concurrent Mark From Roots 589.213ms
[3656.678s][info][gc,marking     ] GC(392) Concurrent Preclean
[3656.678s][info][gc,marking     ] GC(392) Concurrent Preclean 0.155ms
[3656.678s][info][gc,start       ] GC(392) Pause Remark
[3656.680s][info][gc             ] GC(392) Pause Remark 3815M->3263M(8192M) 1.998ms
[3656.680s][info][gc,cpu         ] GC(392) User=0.01s Sys=0.00s Real=0.00s
[3656.680s][info][gc,marking     ] GC(392) Concurrent Mark 591.679ms
[3656.680s][info][gc,marking     ] GC(392) Concurrent Rebuild Remembered Sets and Scrub Regions
[3657.080s][info][gc,marking     ] GC(392) Concurrent Rebuild Remembered Sets and Scrub Regions 400.187ms
[3657.080s][info][gc,start       ] GC(392) Pause Cleanup
[3657.081s][info][gc             ] GC(392) Pause Cleanup 3512M->3512M(8192M) 0.319ms
[3657.081s][info][gc,cpu         ] GC(392) User=0.00s Sys=0.00s Real=0.01s
[3657.081s][info][gc,marking     ] GC(392) Concurrent Clear Claimed Marks
[3657.081s][info][gc,marking     ] GC(392) Concurrent Clear Claimed Marks 0.046ms
[3657.081s][info][gc,marking     ] GC(392) Concurrent Cleanup for Next Mark
[3657.091s][info][gc,marking     ] GC(392) Concurrent Cleanup for Next Mark 9.603ms
[3657.091s][info][gc             ] GC(392) Concurrent Mark Cycle 1260.680ms
.... (rIR:aIR:PR = 5812:5811:5811) (tPR = 86289) [OK] 
  3660s: Performance info:
         Transaction,    Success,    Partial,     Failed,   Receipts, AvgBarcode, 
             Overall,     349339,          0,          0,     331874,      59.48, 
         Response times:
             Request,    Success,    Partial,     Failed,   SkipFail,     Probes,    Samples,      min,      p50,      p90,      p95,      p99,      max, 
       TotalPurchase,     331874,          0,          0,          0,     325032,     370570,      300,     3800,     6800,     8400,    43000,   306000,
     InStorePurchase,     174658,          0,          0,          0,     171466,     195267,      300,     3800,     6800,     8400,    44000,   303000,
      OnlinePurchase,     122250,          0,          0,          0,     119689,     136520,      300,     3700,     6800,     8300,    43790,   306000,
        InstPurchase,      34966,          0,          0,          0,      33877,      38783,      400,     3700,     7000,     8500,    42000,   267000,
          AssocOfCat,        350,          0,          0,          0,        277,        397,    27000,    36000,    50000,    58300,   139180,   205000,
      AssocOfProduct,       3484,          0,          0,          0,       3227,       3917,      400,     3600,     7300,     8800,    36640,   162000,
      BusinessReport,        872,          0,          0,          0,        755,        969,    28000,    40000,    56000,    65000,   128800,   218000,
          CustBuyBeh,       3478,          0,          0,          0,       3217,       3857,      200,     3000,     6500,     8000,    37420,   162000,
       ProductReturn,       9281,          0,          0,          0,       8800,      10345,      200,     3300,     6800,     8200,    36000,   162000,

  3660s: (43%)   IR =   5950 .[3661.842s][info][gc,start       ] GC(393) Pause Young (Prepare Mixed) (G1 Evacuation Pause)
[3661.842s][info][gc,task        ] GC(393) Using 8 workers of 8 for evacuation
[3661.994s][info][gc,phases      ] GC(393)   Pre Evacuate Collection Set: 0.26ms
[3661.994s][info][gc,phases      ] GC(393)   Merge Heap Roots: 0.78ms
[3661.994s][info][gc,phases      ] GC(393)   Evacuate Collection Set: 149.41ms
[3661.994s][info][gc,phases      ] GC(393)   Post Evacuate Collection Set: 1.14ms
[3661.994s][info][gc,phases      ] GC(393)   Other: 0.07ms
[3661.994s][info][gc,heap        ] GC(393) Eden regions: 530->0(572)
[3661.994s][info][gc,heap        ] GC(393) Survivor regions: 42->42(72)
[3661.994s][info][gc,heap        ] GC(393) Old regions: 256->263
[3661.994s][info][gc,heap        ] GC(393) Humongous regions: 33->33
[3661.994s][info][gc,metaspace   ] GC(393) Metaspace: 29988K(30528K)->29988K(30528K) NonClass: 26591K(26880K)->26591K(26880K) Class: 3397K(3648K)->3397K(3648K)
[3661.994s][info][gc             ] GC(393) Pause Young (Prepare Mixed) (G1 Evacuation Pause) 6867M->2690M(8192M) 151.801ms
[3661.994s][info][gc,cpu         ] GC(393) User=1.19s Sys=0.00s Real=0.15s
....|..[3668.350s][info][gc,start       ] GC(394) Pause Young (Mixed) (G1 Evacuation Pause)
[3668.350s][info][gc,task        ] GC(394) Using 8 workers of 8 for evacuation
[3668.505s][info][gc,phases      ] GC(394)   Pre Evacuate Collection Set: 0.26ms
[3668.505s][info][gc,phases      ] GC(394)   Merge Heap Roots: 1.03ms
[3668.505s][info][gc,phases      ] GC(394)   Evacuate Collection Set: 151.63ms
[3668.505s][info][gc,phases      ] GC(394)   Post Evacuate Collection Set: 1.40ms
[3668.505s][info][gc,phases      ] GC(394)   Other: 0.08ms
[3668.505s][info][gc,heap        ] GC(394) Eden regions: 572->0(572)
[3668.505s][info][gc,heap        ] GC(394) Survivor regions: 42->42(77)
[3668.505s][info][gc,heap        ] GC(394) Old regions: 263->168
[3668.505s][info][gc,heap        ] GC(394) Humongous regions: 33->33
[3668.505s][info][gc,metaspace   ] GC(394) Metaspace: 29988K(30528K)->29988K(30528K) NonClass: 26591K(26880K)->26591K(26880K) Class: 3397K(3648K)->3397K(3648K)
[3668.505s][info][gc             ] GC(394) Pause Young (Mixed) (G1 Evacuation Pause) 7266M->1922M(8192M) 154.565ms
[3668.505s][info][gc,cpu         ] GC(394) User=1.22s Sys=0.00s Real=0.16s
.......[3674.875s][info][gc,start       ] GC(395) Pause Young (Mixed) (G1 Evacuation Pause)
[3674.875s][info][gc,task        ] GC(395) Using 8 workers of 8 for evacuation
[3675.037s][info][gc,phases      ] GC(395)   Pre Evacuate Collection Set: 0.26ms
[3675.037s][info][gc,phases      ] GC(395)   Merge Heap Roots: 0.99ms
[3675.037s][info][gc,phases      ] GC(395)   Evacuate Collection Set: 159.70ms
[3675.037s][info][gc,phases      ] GC(395)   Post Evacuate Collection Set: 1.16ms
[3675.037s][info][gc,phases      ] GC(395)   Other: 0.07ms
[3675.037s][info][gc,heap        ] GC(395) Eden regions: 572->0(572)
[3675.037s][info][gc,heap        ] GC(395) Survivor regions: 42->42(77)
[3675.037s][info][gc,heap        ] GC(395) Old regions: 168->141
[3675.037s][info][gc,heap        ] GC(395) Humongous regions: 33->33
[3675.037s][info][gc,metaspace   ] GC(395) Metaspace: 29988K(30528K)->29988K(30528K) NonClass: 26591K(26880K)->26591K(26880K) Class: 3397K(3648K)->3397K(3648K)
[3675.037s][info][gc             ] GC(395) Pause Young (Mixed) (G1 Evacuation Pause) 6498M->1713M(8192M) 162.308ms
[3675.037s][info][gc,cpu         ] GC(395) User=1.28s Sys=0.00s Real=0.16s
......[3681.364s][info][gc,start       ] GC(396) Pause Young (Normal) (G1 Evacuation Pause)
[3681.364s][info][gc,task        ] GC(396) Using 8 workers of 8 for evacuation
[3681.514s][info][gc,phases      ] GC(396)   Pre Evacuate Collection Set: 0.26ms
[3681.514s][info][gc,phases      ] GC(396)   Merge Heap Roots: 0.68ms
[3681.514s][info][gc,phases      ] GC(396)   Evacuate Collection Set: 147.97ms
[3681.514s][info][gc,phases      ] GC(396)   Post Evacuate Collection Set: 1.06ms
[3681.514s][info][gc,phases      ] GC(396)   Other: 0.07ms
[3681.514s][info][gc,heap        ] GC(396) Eden regions: 572->0(572)
[3681.514s][info][gc,heap        ] GC(396) Survivor regions: 42->42(77)
[3681.514s][info][gc,heap        ] GC(396) Old regions: 141->148
[3681.514s][info][gc,heap        ] GC(396) Humongous regions: 33->33
[3681.514s][info][gc,metaspace   ] GC(396) Metaspace: 29988K(30528K)->29988K(30528K) NonClass: 26591K(26880K)->26591K(26880K) Class: 3397K(3648K)->3397K(3648K)
[3681.514s][info][gc             ] GC(396) Pause Young (Normal) (G1 Evacuation Pause) 6289M->1768M(8192M) 150.179ms
[3681.514s][info][gc,cpu         ] GC(396) User=1.18s Sys=0.00s Real=0.15s
.......[3687.859s][info][gc,start       ] GC(397) Pause Young (Normal) (G1 Evacuation Pause)
[3687.859s][info][gc,task        ] GC(397) Using 8 workers of 8 for evacuation
[3688.013s][info][gc,phases      ] GC(397)   Pre Evacuate Collection Set: 0.27ms
[3688.013s][info][gc,phases      ] GC(397)   Merge Heap Roots: 0.63ms
[3688.013s][info][gc,phases      ] GC(397)   Evacuate Collection Set: 152.31ms
[3688.013s][info][gc,phases      ] GC(397)   Post Evacuate Collection Set: 1.06ms
[3688.013s][info][gc,phases      ] GC(397)   Other: 0.06ms
[3688.013s][info][gc,heap        ] GC(397) Eden regions: 572->0(571)
[3688.013s][info][gc,heap        ] GC(397) Survivor regions: 42->43(77)
[3688.013s][info][gc,heap        ] GC(397) Old regions: 148->155
[3688.013s][info][gc,heap        ] GC(397) Humongous regions: 33->33
[3688.013s][info][gc,metaspace   ] GC(397) Metaspace: 29988K(30528K)->29988K(30528K) NonClass: 26591K(26880K)->26591K(26880K) Class: 3397K(3648K)->3397K(3648K)
[3688.013s][info][gc             ] GC(397) Pause Young (Normal) (G1 Evacuation Pause) 6344M->1833M(8192M) 154.472ms
[3688.013s][info][gc,cpu         ] GC(397) User=1.23s Sys=0.00s Real=0.16s
......[3694.330s][info][gc,start       ] GC(398) Pause Young (Normal) (G1 Evacuation Pause)
[3694.330s][info][gc,task        ] GC(398) Using 8 workers of 8 for evacuation
[3694.481s][info][gc,phases      ] GC(398)   Pre Evacuate Collection Set: 0.24ms
[3694.481s][info][gc,phases      ] GC(398)   Merge Heap Roots: 0.64ms
[3694.481s][info][gc,phases      ] GC(398)   Evacuate Collection Set: 149.53ms
[3694.481s][info][gc,phases      ] GC(398)   Post Evacuate Collection Set: 1.09ms
[3694.481s][info][gc,phases      ] GC(398)   Other: 0.08ms
[3694.481s][info][gc,heap        ] GC(398) Eden regions: 571->0(571)
[3694.481s][info][gc,heap        ] GC(398) Survivor regions: 43->43(77)
[3694.481s][info][gc,heap        ] GC(398) Old regions: 155->162
[3694.481s][info][gc,heap        ] GC(398) Humongous regions: 33->33
[3694.481s][info][gc,metaspace   ] GC(398) Metaspace: 29988K(30528K)->29988K(30528K) NonClass: 26591K(26880K)->26591K(26880K) Class: 3397K(3648K)->3397K(3648K)
[3694.481s][info][gc             ] GC(398) Pause Young (Normal) (G1 Evacuation Pause) 6401M->1886M(8192M) 151.732ms
[3694.481s][info][gc,cpu         ] GC(398) User=1.19s Sys=0.00s Real=0.16s
.......[3700.832s][info][gc,start       ] GC(399) Pause Young (Normal) (G1 Evacuation Pause)
[3700.833s][info][gc,task        ] GC(399) Using 8 workers of 8 for evacuation
[3700.983s][info][gc,phases      ] GC(399)   Pre Evacuate Collection Set: 0.27ms
[3700.983s][info][gc,phases      ] GC(399)   Merge Heap Roots: 0.61ms
[3700.983s][info][gc,phases      ] GC(399)   Evacuate Collection Set: 148.29ms
[3700.983s][info][gc,phases      ] GC(399)   Post Evacuate Collection Set: 1.07ms
[3700.983s][info][gc,phases      ] GC(399)   Other: 0.07ms
[3700.983s][info][gc,heap        ] GC(399) Eden regions: 571->0(571)
[3700.983s][info][gc,heap        ] GC(399) Survivor regions: 43->43(77)
[3700.983s][info][gc,heap        ] GC(399) Old regions: 162->169
[3700.983s][info][gc,heap        ] GC(399) Humongous regions: 33->33
[3700.983s][info][gc,metaspace   ] GC(399) Metaspace: 29988K(30528K)->29988K(30528K) NonClass: 26591K(26880K)->26591K(26880K) Class: 3397K(3648K)->3397K(3648K)
[3700.983s][info][gc             ] GC(399) Pause Young (Normal) (G1 Evacuation Pause) 6454M->1943M(8192M) 150.439ms
[3700.983s][info][gc,cpu         ] GC(399) User=1.19s Sys=0.00s Real=0.15s
......[3707.373s][info][gc,start       ] GC(400) Pause Young (Normal) (G1 Evacuation Pause)
[3707.373s][info][gc,task        ] GC(400) Using 8 workers of 8 for evacuation
[3707.522s][info][gc,phases      ] GC(400)   Pre Evacuate Collection Set: 0.26ms
[3707.522s][info][gc,phases      ] GC(400)   Merge Heap Roots: 0.59ms
[3707.522s][info][gc,phases      ] GC(400)   Evacuate Collection Set: 147.37ms
[3707.522s][info][gc,phases      ] GC(400)   Post Evacuate Collection Set: 1.07ms
[3707.522s][info][gc,phases      ] GC(400)   Other: 0.06ms
[3707.522s][info][gc,heap        ] GC(400) Eden regions: 571->0(572)
[3707.522s][info][gc,heap        ] GC(400) Survivor regions: 43->42(77)
[3707.522s][info][gc,heap        ] GC(400) Old regions: 169->176
[3707.522s][info][gc,heap        ] GC(400) Humongous regions: 33->33
[3707.522s][info][gc,metaspace   ] GC(400) Metaspace: 29988K(30528K)->29988K(30528K) NonClass: 26591K(26880K)->26591K(26880K) Class: 3397K(3648K)->3397K(3648K)
[3707.522s][info][gc             ] GC(400) Pause Young (Normal) (G1 Evacuation Pause) 6511M->1994M(8192M) 149.491ms
[3707.522s][info][gc,cpu         ] GC(400) User=1.18s Sys=0.00s Real=0.15s
.......[3713.788s][info][gc,start       ] GC(401) Pause Young (Normal) (G1 Evacuation Pause)
[3713.788s][info][gc,task        ] GC(401) Using 8 workers of 8 for evacuation
[3713.938s][info][gc,phases      ] GC(401)   Pre Evacuate Collection Set: 0.27ms
[3713.938s][info][gc,phases      ] GC(401)   Merge Heap Roots: 0.62ms
[3713.938s][info][gc,phases      ] GC(401)   Evacuate Collection Set: 148.01ms
[3713.938s][info][gc,phases      ] GC(401)   Post Evacuate Collection Set: 1.07ms
[3713.938s][info][gc,phases      ] GC(401)   Other: 0.06ms
[3713.938s][info][gc,heap        ] GC(401) Eden regions: 572->0(572)
[3713.938s][info][gc,heap        ] GC(401) Survivor regions: 42->42(77)
[3713.938s][info][gc,heap        ] GC(401) Old regions: 176->183
[3713.938s][info][gc,heap        ] GC(401) Humongous regions: 33->33
[3713.938s][info][gc,metaspace   ] GC(401) Metaspace: 29988K(30528K)->29988K(30528K) NonClass: 26591K(26880K)->26591K(26880K) Class: 3397K(3648K)->3397K(3648K)
[3713.938s][info][gc             ] GC(401) Pause Young (Normal) (G1 Evacuation Pause) 6570M->2050M(8192M) 150.175ms
[3713.938s][info][gc,cpu         ] GC(401) User=1.19s Sys=0.00s Real=0.15s
......[3720.304s][info][gc,start       ] GC(402) Pause Young (Normal) (G1 Evacuation Pause)
[3720.304s][info][gc,task        ] GC(402) Using 8 workers of 8 for evacuation
[3720.455s][info][gc,phases      ] GC(402)   Pre Evacuate Collection Set: 0.24ms
[3720.455s][info][gc,phases      ] GC(402)   Merge Heap Roots: 0.59ms
[3720.455s][info][gc,phases      ] GC(402)   Evacuate Collection Set: 148.43ms
[3720.455s][info][gc,phases      ] GC(402)   Post Evacuate Collection Set: 1.07ms
[3720.455s][info][gc,phases      ] GC(402)   Other: 0.07ms
[3720.455s][info][gc,heap        ] GC(402) Eden regions: 572->0(571)
[3720.455s][info][gc,heap        ] GC(402) Survivor regions: 42->43(77)
[3720.455s][info][gc,heap        ] GC(402) Old regions: 183->190
[3720.455s][info][gc,heap        ] GC(402) Humongous regions: 33->33
[3720.455s][info][gc,metaspace   ] GC(402) Metaspace: 29988K(30528K)->29988K(30528K) NonClass: 26591K(26880K)->26591K(26880K) Class: 3397K(3648K)->3397K(3648K)
[3720.455s][info][gc             ] GC(402) Pause Young (Normal) (G1 Evacuation Pause) 6626M->2110M(8192M) 150.509ms
[3720.455s][info][gc,cpu         ] GC(402) User=1.19s Sys=0.00s Real=0.15s
...... (rIR:aIR:PR = 5950:5949:5949) (tPR = 88547) [OK] 
  3725s: Performance info:
         Transaction,    Success,    Partial,     Failed,   Receipts, AvgBarcode, 
             Overall,     357806,          0,          0,     339902,      59.48, 
         Response times:
             Request,    Success,    Partial,     Failed,   SkipFail,     Probes,    Samples,      min,      p50,      p90,      p95,      p99,      max, 
       TotalPurchase,     339902,          0,          0,          0,     333237,     362560,      300,     3900,     7100,     9100,    54000,   270000,
     InStorePurchase,     178851,          0,          0,          0,     175958,     191298,      400,     3800,     7000,     8900,    53000,   270000,
      OnlinePurchase,     125247,          0,          0,          0,     122452,     132930,      300,     3900,     7100,     9100,    54000,   270000,
        InstPurchase,      35804,          0,          0,          0,      34827,      38332,      400,     4300,     7400,     9735,    54000,   270000,
          AssocOfCat,        355,          0,          0,          0,        274,        391,    25000,    37000,    51000,    72000,   135960,   197000,
      AssocOfProduct,       3574,          0,          0,          0,       3274,       3765,      600,     4700,     7600,    10100,    53340,   269000,
      BusinessReport,        901,          0,          0,          0,        756,        917,    23000,    40000,    57200,    67100,   126740,   222000,
          CustBuyBeh,       3578,          0,          0,          0,       3329,       3869,      200,     4000,     7300,     9650,    52000,   269000,
       ProductReturn,       9496,          0,          0,          0,       9035,      10020,      300,     4000,     7200,     9500,    53000,   163000,

  3725s: (44%)   IR =   6088 .[3726.767s][info][gc,start       ] GC(403) Pause Young (Normal) (G1 Evacuation Pause)
[3726.767s][info][gc,task        ] GC(403) Using 8 workers of 8 for evacuation
[3726.919s][info][gc,phases      ] GC(403)   Pre Evacuate Collection Set: 0.24ms
[3726.919s][info][gc,phases      ] GC(403)   Merge Heap Roots: 0.66ms
[3726.919s][info][gc,phases      ] GC(403)   Evacuate Collection Set: 150.05ms
[3726.919s][info][gc,phases      ] GC(403)   Post Evacuate Collection Set: 1.05ms
[3726.919s][info][gc,phases      ] GC(403)   Other: 0.06ms
[3726.919s][info][gc,heap        ] GC(403) Eden regions: 571->0(571)
[3726.919s][info][gc,heap        ] GC(403) Survivor regions: 43->43(77)
[3726.919s][info][gc,heap        ] GC(403) Old regions: 190->197
[3726.919s][info][gc,heap        ] GC(403) Humongous regions: 33->33
[3726.919s][info][gc,metaspace   ] GC(403) Metaspace: 29988K(30528K)->29988K(30528K) NonClass: 26591K(26880K)->26591K(26880K) Class: 3397K(3648K)->3397K(3648K)
[3726.919s][info][gc             ] GC(403) Pause Young (Normal) (G1 Evacuation Pause) 6678M->2166M(8192M) 152.202ms
[3726.919s][info][gc,cpu         ] GC(403) User=1.21s Sys=0.00s Real=0.15s
....|..[3733.069s][info][gc,start       ] GC(404) Pause Young (Normal) (G1 Evacuation Pause)
[3733.069s][info][gc,task        ] GC(404) Using 8 workers of 8 for evacuation
[3733.224s][info][gc,phases      ] GC(404)   Pre Evacuate Collection Set: 0.24ms
[3733.224s][info][gc,phases      ] GC(404)   Merge Heap Roots: 0.60ms
[3733.224s][info][gc,phases      ] GC(404)   Evacuate Collection Set: 153.01ms
[3733.224s][info][gc,phases      ] GC(404)   Post Evacuate Collection Set: 1.08ms
[3733.224s][info][gc,phases      ] GC(404)   Other: 0.06ms
[3733.224s][info][gc,heap        ] GC(404) Eden regions: 571->0(571)
[3733.224s][info][gc,heap        ] GC(404) Survivor regions: 43->43(77)
[3733.224s][info][gc,heap        ] GC(404) Old regions: 197->204
[3733.224s][info][gc,heap        ] GC(404) Humongous regions: 33->33
[3733.224s][info][gc,metaspace   ] GC(404) Metaspace: 29988K(30528K)->29988K(30528K) NonClass: 26591K(26880K)->26591K(26880K) Class: 3397K(3648K)->3397K(3648K)
[3733.224s][info][gc             ] GC(404) Pause Young (Normal) (G1 Evacuation Pause) 6734M->2227M(8192M) 155.124ms
[3733.224s][info][gc,cpu         ] GC(404) User=1.23s Sys=0.00s Real=0.16s
......[3739.446s][info][gc,start       ] GC(405) Pause Young (Normal) (G1 Evacuation Pause)
[3739.446s][info][gc,task        ] GC(405) Using 8 workers of 8 for evacuation
[3739.599s][info][gc,phases      ] GC(405)   Pre Evacuate Collection Set: 0.29ms
[3739.599s][info][gc,phases      ] GC(405)   Merge Heap Roots: 0.70ms
[3739.599s][info][gc,phases      ] GC(405)   Evacuate Collection Set: 150.60ms
[3739.599s][info][gc,phases      ] GC(405)   Post Evacuate Collection Set: 1.07ms
[3739.599s][info][gc,phases      ] GC(405)   Other: 0.06ms
[3739.599s][info][gc,heap        ] GC(405) Eden regions: 571->0(571)
[3739.599s][info][gc,heap        ] GC(405) Survivor regions: 43->43(77)
[3739.599s][info][gc,heap        ] GC(405) Old regions: 204->211
[3739.599s][info][gc,heap        ] GC(405) Humongous regions: 33->33
[3739.599s][info][gc,metaspace   ] GC(405) Metaspace: 29988K(30528K)->29988K(30528K) NonClass: 26591K(26880K)->26591K(26880K) Class: 3397K(3648K)->3397K(3648K)
[3739.599s][info][gc             ] GC(405) Pause Young (Normal) (G1 Evacuation Pause) 6795M->2283M(8192M) 152.863ms
[3739.599s][info][gc,cpu         ] GC(405) User=1.21s Sys=0.00s Real=0.15s
.......[3745.789s][info][gc,start       ] GC(406) Pause Young (Normal) (G1 Evacuation Pause)
[3745.789s][info][gc,task        ] GC(406) Using 8 workers of 8 for evacuation
[3745.940s][info][gc,phases      ] GC(406)   Pre Evacuate Collection Set: 0.26ms
[3745.940s][info][gc,phases      ] GC(406)   Merge Heap Roots: 0.60ms
[3745.940s][info][gc,phases      ] GC(406)   Evacuate Collection Set: 148.96ms
[3745.940s][info][gc,phases      ] GC(406)   Post Evacuate Collection Set: 1.09ms
[3745.940s][info][gc,phases      ] GC(406)   Other: 0.07ms
[3745.940s][info][gc,heap        ] GC(406) Eden regions: 571->0(572)
[3745.940s][info][gc,heap        ] GC(406) Survivor regions: 43->42(77)
[3745.940s][info][gc,heap        ] GC(406) Old regions: 211->218
[3745.940s][info][gc,heap        ] GC(406) Humongous regions: 33->33
[3745.940s][info][gc,metaspace   ] GC(406) Metaspace: 29988K(30528K)->29988K(30528K) NonClass: 26591K(26880K)->26591K(26880K) Class: 3397K(3648K)->3397K(3648K)
[3745.940s][info][gc             ] GC(406) Pause Young (Normal) (G1 Evacuation Pause) 6851M->2331M(8192M) 151.104ms
[3745.940s][info][gc,cpu         ] GC(406) User=1.20s Sys=0.00s Real=0.15s
......[3752.111s][info][gc,start       ] GC(407) Pause Young (Normal) (G1 Evacuation Pause)
[3752.111s][info][gc,task        ] GC(407) Using 8 workers of 8 for evacuation
[3752.266s][info][gc,phases      ] GC(407)   Pre Evacuate Collection Set: 0.27ms
[3752.266s][info][gc,phases      ] GC(407)   Merge Heap Roots: 0.65ms
[3752.266s][info][gc,phases      ] GC(407)   Evacuate Collection Set: 152.17ms
[3752.266s][info][gc,phases      ] GC(407)   Post Evacuate Collection Set: 1.09ms
[3752.266s][info][gc,phases      ] GC(407)   Other: 0.07ms
[3752.266s][info][gc,heap        ] GC(407) Eden regions: 572->0(571)
[3752.266s][info][gc,heap        ] GC(407) Survivor regions: 42->43(77)
[3752.266s][info][gc,heap        ] GC(407) Old regions: 218->225
[3752.266s][info][gc,heap        ] GC(407) Humongous regions: 33->33
[3752.266s][info][gc,metaspace   ] GC(407) Metaspace: 29988K(30528K)->29988K(30528K) NonClass: 26591K(26880K)->26591K(26880K) Class: 3397K(3648K)->3397K(3648K)
[3752.266s][info][gc             ] GC(407) Pause Young (Normal) (G1 Evacuation Pause) 6907M->2390M(8192M) 154.380ms
[3752.266s][info][gc,cpu         ] GC(407) User=1.22s Sys=0.00s Real=0.15s
......[3758.491s][info][gc,start       ] GC(408) Pause Young (Normal) (G1 Evacuation Pause)
[3758.491s][info][gc,task        ] GC(408) Using 8 workers of 8 for evacuation
[3758.643s][info][gc,phases      ] GC(408)   Pre Evacuate Collection Set: 0.28ms
[3758.643s][info][gc,phases      ] GC(408)   Merge Heap Roots: 0.72ms
[3758.643s][info][gc,phases      ] GC(408)   Evacuate Collection Set: 150.42ms
[3758.643s][info][gc,phases      ] GC(408)   Post Evacuate Collection Set: 1.07ms
[3758.643s][info][gc,phases      ] GC(408)   Other: 0.07ms
[3758.643s][info][gc,heap        ] GC(408) Eden regions: 571->0(572)
[3758.643s][info][gc,heap        ] GC(408) Survivor regions: 43->42(77)
[3758.643s][info][gc,heap        ] GC(408) Old regions: 225->232
[3758.643s][info][gc,heap        ] GC(408) Humongous regions: 33->33
[3758.643s][info][gc,metaspace   ] GC(408) Metaspace: 29988K(30528K)->29988K(30528K) NonClass: 26591K(26880K)->26591K(26880K) Class: 3397K(3648K)->3397K(3648K)
[3758.643s][info][gc             ] GC(408) Pause Young (Normal) (G1 Evacuation Pause) 6958M->2441M(8192M) 152.709ms
[3758.643s][info][gc,cpu         ] GC(408) User=1.21s Sys=0.01s Real=0.16s
.......[3764.813s][info][gc,start       ] GC(409) Pause Young (Normal) (G1 Evacuation Pause)
[3764.813s][info][gc,task        ] GC(409) Using 8 workers of 8 for evacuation
[3764.966s][info][gc,phases      ] GC(409)   Pre Evacuate Collection Set: 0.24ms
[3764.966s][info][gc,phases      ] GC(409)   Merge Heap Roots: 0.57ms
[3764.966s][info][gc,phases      ] GC(409)   Evacuate Collection Set: 151.23ms
[3764.966s][info][gc,phases      ] GC(409)   Post Evacuate Collection Set: 1.09ms
[3764.966s][info][gc,phases      ] GC(409)   Other: 0.06ms
[3764.966s][info][gc,heap        ] GC(409) Eden regions: 572->0(571)
[3764.966s][info][gc,heap        ] GC(409) Survivor regions: 42->43(77)
[3764.966s][info][gc,heap        ] GC(409) Old regions: 232->239
[3764.966s][info][gc,heap        ] GC(409) Humongous regions: 33->33
[3764.966s][info][gc,metaspace   ] GC(409) Metaspace: 29988K(30528K)->29988K(30528K) NonClass: 26591K(26880K)->26591K(26880K) Class: 3397K(3648K)->3397K(3648K)
[3764.966s][info][gc             ] GC(409) Pause Young (Normal) (G1 Evacuation Pause) 7017M->2501M(8192M) 153.339ms
[3764.966s][info][gc,cpu         ] GC(409) User=1.21s Sys=0.00s Real=0.15s
......[3771.135s][info][gc,start       ] GC(410) Pause Young (Normal) (G1 Evacuation Pause)
[3771.135s][info][gc,task        ] GC(410) Using 8 workers of 8 for evacuation
[3771.289s][info][gc,phases      ] GC(410)   Pre Evacuate Collection Set: 0.22ms
[3771.289s][info][gc,phases      ] GC(410)   Merge Heap Roots: 0.58ms
[3771.289s][info][gc,phases      ] GC(410)   Evacuate Collection Set: 151.62ms
[3771.289s][info][gc,phases      ] GC(410)   Post Evacuate Collection Set: 1.09ms
[3771.289s][info][gc,phases      ] GC(410)   Other: 0.06ms
[3771.289s][info][gc,heap        ] GC(410) Eden regions: 571->0(571)
[3771.289s][info][gc,heap        ] GC(410) Survivor regions: 43->43(77)
[3771.289s][info][gc,heap        ] GC(410) Old regions: 239->246
[3771.289s][info][gc,heap        ] GC(410) Humongous regions: 33->33
[3771.289s][info][gc,metaspace   ] GC(410) Metaspace: 29988K(30528K)->29988K(30528K) NonClass: 26591K(26880K)->26591K(26880K) Class: 3397K(3648K)->3397K(3648K)
[3771.289s][info][gc             ] GC(410) Pause Young (Normal) (G1 Evacuation Pause) 7069M->2559M(8192M) 153.735ms
[3771.289s][info][gc,cpu         ] GC(410) User=1.22s Sys=0.00s Real=0.15s
......[3777.483s][info][gc,start       ] GC(411) Pause Young (Normal) (G1 Evacuation Pause)
[3777.483s][info][gc,task        ] GC(411) Using 8 workers of 8 for evacuation
[3777.633s][info][gc,phases      ] GC(411)   Pre Evacuate Collection Set: 0.23ms
[3777.633s][info][gc,phases      ] GC(411)   Merge Heap Roots: 0.58ms
[3777.633s][info][gc,phases      ] GC(411)   Evacuate Collection Set: 148.17ms
[3777.633s][info][gc,phases      ] GC(411)   Post Evacuate Collection Set: 1.09ms
[3777.633s][info][gc,phases      ] GC(411)   Other: 0.06ms
[3777.633s][info][gc,heap        ] GC(411) Eden regions: 571->0(571)
[3777.633s][info][gc,heap        ] GC(411) Survivor regions: 43->43(77)
[3777.633s][info][gc,heap        ] GC(411) Old regions: 246->253
[3777.633s][info][gc,heap        ] GC(411) Humongous regions: 33->33
[3777.633s][info][gc,metaspace   ] GC(411) Metaspace: 29988K(30528K)->29988K(30528K) NonClass: 26591K(26880K)->26591K(26880K) Class: 3397K(3648K)->3397K(3648K)
[3777.633s][info][gc             ] GC(411) Pause Young (Normal) (G1 Evacuation Pause) 7127M->2617M(8192M) 150.250ms
[3777.633s][info][gc,cpu         ] GC(411) User=1.19s Sys=0.00s Real=0.15s
.......[3783.839s][info][gc,start       ] GC(412) Pause Young (Normal) (G1 Evacuation Pause)
[3783.839s][info][gc,task        ] GC(412) Using 8 workers of 8 for evacuation
[3783.992s][info][gc,phases      ] GC(412)   Pre Evacuate Collection Set: 0.25ms
[3783.992s][info][gc,phases      ] GC(412)   Merge Heap Roots: 0.62ms
[3783.992s][info][gc,phases      ] GC(412)   Evacuate Collection Set: 151.13ms
[3783.992s][info][gc,phases      ] GC(412)   Post Evacuate Collection Set: 1.08ms
[3783.992s][info][gc,phases      ] GC(412)   Other: 0.07ms
[3783.992s][info][gc,heap        ] GC(412) Eden regions: 571->0(571)
[3783.992s][info][gc,heap        ] GC(412) Survivor regions: 43->43(77)
[3783.992s][info][gc,heap        ] GC(412) Old regions: 253->260
[3783.992s][info][gc,heap        ] GC(412) Humongous regions: 33->33
[3783.992s][info][gc,metaspace   ] GC(412) Metaspace: 29988K(30528K)->29988K(30528K) NonClass: 26591K(26880K)->26591K(26880K) Class: 3397K(3648K)->3397K(3648K)
[3783.992s][info][gc             ] GC(412) Pause Young (Normal) (G1 Evacuation Pause) 7185M->2673M(8192M) 153.275ms
[3783.992s][info][gc,cpu         ] GC(412) User=1.22s Sys=0.00s Real=0.16s
......[3790.197s][info][gc,start       ] GC(413) Pause Young (Normal) (G1 Evacuation Pause)
[3790.197s][info][gc,task        ] GC(413) Using 8 workers of 8 for evacuation
[3790.350s][info][gc,phases      ] GC(413)   Pre Evacuate Collection Set: 0.25ms
[3790.350s][info][gc,phases      ] GC(413)   Merge Heap Roots: 0.66ms
[3790.350s][info][gc,phases      ] GC(413)   Evacuate Collection Set: 150.97ms
[3790.350s][info][gc,phases      ] GC(413)   Post Evacuate Collection Set: 1.07ms
[3790.350s][info][gc,phases      ] GC(413)   Other: 0.07ms
[3790.350s][info][gc,heap        ] GC(413) Eden regions: 571->0(571)
[3790.350s][info][gc,heap        ] GC(413) Survivor regions: 43->43(77)
[3790.350s][info][gc,heap        ] GC(413) Old regions: 260->267
[3790.350s][info][gc,heap        ] GC(413) Humongous regions: 33->33
[3790.350s][info][gc,metaspace   ] GC(413) Metaspace: 29988K(30528K)->29988K(30528K) NonClass: 26591K(26880K)->26591K(26880K) Class: 3397K(3648K)->3397K(3648K)
[3790.350s][info][gc             ] GC(413) Pause Young (Normal) (G1 Evacuation Pause) 7241M->2726M(8192M) 153.151ms
[3790.350s][info][gc,cpu         ] GC(413) User=1.22s Sys=0.01s Real=0.15s
. (rIR:aIR:PR = 6088:6086:6086) (tPR = 89715) [OK] 
  3790s: Performance info:
         Transaction,    Success,    Partial,     Failed,   Receipts, AvgBarcode, 
             Overall,     365446,          0,          0,     347169,      59.47, 
         Response times:
             Request,    Success,    Partial,     Failed,   SkipFail,     Probes,    Samples,      min,      p50,      p90,      p95,      p99,      max, 
       TotalPurchase,     347169,          0,          0,          0,     339990,     371416,      300,     4000,     7300,     9200,    59000,   272000,
     InStorePurchase,     182709,          0,          0,          0,     179053,     195336,      400,     3900,     7300,     9100,    60000,   272000,
      OnlinePurchase,     127927,          0,          0,          0,     125194,     136860,      300,     4000,     7300,     9200,    57000,   272000,
        InstPurchase,      36533,          0,          0,          0,      35743,      39220,      500,     4000,     7300,     9300,    56000,   272000,
          AssocOfCat,        362,          0,          0,          0,        295,        393,    26000,    37000,    51000,    57000,    87100,   136000,
      AssocOfProduct,       3651,          0,          0,          0,       3368,       3820,     1000,     4600,     7500,     9200,    62000,   163000,
      BusinessReport,        916,          0,          0,          0,        793,        988,    26000,    40000,    58000,    66000,   200220,   219000,
          CustBuyBeh,       3654,          0,          0,          0,       3425,       3883,      200,     3800,     7500,     9380,    46000,   164000,
       ProductReturn,       9694,          0,          0,          0,       9355,      10511,      200,     4200,     7400,     9300,    64000,   164000,

  3790s: (45%)   IR =   6227 ....|.[3796.437s][info][gc,start       ] GC(414) Pause Young (Normal) (G1 Evacuation Pause)
[3796.437s][info][gc,task        ] GC(414) Using 8 workers of 8 for evacuation
[3796.588s][info][gc,phases      ] GC(414)   Pre Evacuate Collection Set: 0.25ms
[3796.588s][info][gc,phases      ] GC(414)   Merge Heap Roots: 0.68ms
[3796.588s][info][gc,phases      ] GC(414)   Evacuate Collection Set: 148.69ms
[3796.588s][info][gc,phases      ] GC(414)   Post Evacuate Collection Set: 1.05ms
[3796.588s][info][gc,phases      ] GC(414)   Other: 0.06ms
[3796.588s][info][gc,heap        ] GC(414) Eden regions: 571->0(572)
[3796.588s][info][gc,heap        ] GC(414) Survivor regions: 43->42(77)
[3796.588s][info][gc,heap        ] GC(414) Old regions: 267->274
[3796.588s][info][gc,heap        ] GC(414) Humongous regions: 33->33
[3796.588s][info][gc,metaspace   ] GC(414) Metaspace: 29988K(30528K)->29988K(30528K) NonClass: 26591K(26880K)->26591K(26880K) Class: 3397K(3648K)->3397K(3648K)
[3796.588s][info][gc             ] GC(414) Pause Young (Normal) (G1 Evacuation Pause) 7294M->2779M(8192M) 150.874ms
[3796.588s][info][gc,cpu         ] GC(414) User=1.19s Sys=0.00s Real=0.15s
......[3802.597s][info][gc,start       ] GC(415) Pause Young (Normal) (G1 Evacuation Pause)
[3802.597s][info][gc,task        ] GC(415) Using 8 workers of 8 for evacuation
[3802.750s][info][gc,phases      ] GC(415)   Pre Evacuate Collection Set: 0.27ms
[3802.750s][info][gc,phases      ] GC(415)   Merge Heap Roots: 0.60ms
[3802.750s][info][gc,phases      ] GC(415)   Evacuate Collection Set: 150.90ms
[3802.750s][info][gc,phases      ] GC(415)   Post Evacuate Collection Set: 1.12ms
[3802.750s][info][gc,phases      ] GC(415)   Other: 0.07ms
[3802.750s][info][gc,heap        ] GC(415) Eden regions: 572->0(571)
[3802.750s][info][gc,heap        ] GC(415) Survivor regions: 42->43(77)
[3802.750s][info][gc,heap        ] GC(415) Old regions: 274->281
[3802.750s][info][gc,heap        ] GC(415) Humongous regions: 33->33
[3802.750s][info][gc,metaspace   ] GC(415) Metaspace: 29988K(30528K)->29988K(30528K) NonClass: 26591K(26880K)->26591K(26880K) Class: 3397K(3648K)->3397K(3648K)
[3802.750s][info][gc             ] GC(415) Pause Young (Normal) (G1 Evacuation Pause) 7355M->2843M(8192M) 153.109ms
[3802.750s][info][gc,cpu         ] GC(415) User=1.21s Sys=0.00s Real=0.15s
.......[3808.824s][info][gc,start       ] GC(416) Pause Young (Normal) (G1 Evacuation Pause)
[3808.825s][info][gc,task        ] GC(416) Using 8 workers of 8 for evacuation
[3808.979s][info][gc,phases      ] GC(416)   Pre Evacuate Collection Set: 0.27ms
[3808.979s][info][gc,phases      ] GC(416)   Merge Heap Roots: 0.75ms
[3808.979s][info][gc,phases      ] GC(416)   Evacuate Collection Set: 152.46ms
[3808.979s][info][gc,phases      ] GC(416)   Post Evacuate Collection Set: 1.08ms
[3808.979s][info][gc,phases      ] GC(416)   Other: 0.07ms
[3808.979s][info][gc,heap        ] GC(416) Eden regions: 571->0(565)
[3808.979s][info][gc,heap        ] GC(416) Survivor regions: 43->43(77)
[3808.979s][info][gc,heap        ] GC(416) Old regions: 281->288
[3808.979s][info][gc,heap        ] GC(416) Humongous regions: 33->33
[3808.979s][info][gc,metaspace   ] GC(416) Metaspace: 29988K(30528K)->29988K(30528K) NonClass: 26591K(26880K)->26591K(26880K) Class: 3397K(3648K)->3397K(3648K)
[3808.979s][info][gc             ] GC(416) Pause Young (Normal) (G1 Evacuation Pause) 7411M->2899M(8192M) 154.762ms
[3808.979s][info][gc,cpu         ] GC(416) User=1.23s Sys=0.00s Real=0.15s
......[3814.987s][info][gc,start       ] GC(417) Pause Young (Normal) (G1 Evacuation Pause)
[3814.987s][info][gc,task        ] GC(417) Using 8 workers of 8 for evacuation
[3815.137s][info][gc,phases      ] GC(417)   Pre Evacuate Collection Set: 0.28ms
[3815.137s][info][gc,phases      ] GC(417)   Merge Heap Roots: 0.65ms
[3815.138s][info][gc,phases      ] GC(417)   Evacuate Collection Set: 148.64ms
[3815.138s][info][gc,phases      ] GC(417)   Post Evacuate Collection Set: 1.07ms
[3815.138s][info][gc,phases      ] GC(417)   Other: 0.08ms
[3815.138s][info][gc,heap        ] GC(417) Eden regions: 565->0(558)
[3815.138s][info][gc,heap        ] GC(417) Survivor regions: 43->43(76)
[3815.138s][info][gc,heap        ] GC(417) Old regions: 288->295
[3815.138s][info][gc,heap        ] GC(417) Humongous regions: 33->33
[3815.138s][info][gc,metaspace   ] GC(417) Metaspace: 29988K(30528K)->29988K(30528K) NonClass: 26591K(26880K)->26591K(26880K) Class: 3397K(3648K)->3397K(3648K)
[3815.138s][info][gc             ] GC(417) Pause Young (Normal) (G1 Evacuation Pause) 7419M->2951M(8192M) 150.853ms
[3815.138s][info][gc,cpu         ] GC(417) User=1.20s Sys=0.00s Real=0.15s
......[3820.961s][info][gc,start       ] GC(418) Pause Young (Normal) (G1 Evacuation Pause)
[3820.961s][info][gc,task        ] GC(418) Using 8 workers of 8 for evacuation
[3821.112s][info][gc,phases      ] GC(418)   Pre Evacuate Collection Set: 0.26ms
[3821.112s][info][gc,phases      ] GC(418)   Merge Heap Roots: 0.57ms
[3821.112s][info][gc,phases      ] GC(418)   Evacuate Collection Set: 149.71ms
[3821.112s][info][gc,phases      ] GC(418)   Post Evacuate Collection Set: 1.06ms
[3821.112s][info][gc,phases      ] GC(418)   Other: 0.06ms
[3821.112s][info][gc,heap        ] GC(418) Eden regions: 558->0(550)
[3821.113s][info][gc,heap        ] GC(418) Survivor regions: 43->43(76)
[3821.113s][info][gc,heap        ] GC(418) Old regions: 295->303
[3821.113s][info][gc,heap        ] GC(418) Humongous regions: 33->33
[3821.113s][info][gc,metaspace   ] GC(418) Metaspace: 29988K(30528K)->29988K(30528K) NonClass: 26591K(26880K)->26591K(26880K) Class: 3397K(3648K)->3397K(3648K)
[3821.113s][info][gc             ] GC(418) Pause Young (Normal) (G1 Evacuation Pause) 7415M->3009M(8192M) 151.824ms
[3821.113s][info][gc,cpu         ] GC(418) User=1.20s Sys=0.00s Real=0.15s
......[3827.021s][info][gc,start       ] GC(419) Pause Young (Normal) (G1 Evacuation Pause)
[3827.021s][info][gc,task        ] GC(419) Using 8 workers of 8 for evacuation
[3827.171s][info][gc,phases      ] GC(419)   Pre Evacuate Collection Set: 0.23ms
[3827.171s][info][gc,phases      ] GC(419)   Merge Heap Roots: 0.57ms
[3827.171s][info][gc,phases      ] GC(419)   Evacuate Collection Set: 148.29ms
[3827.172s][info][gc,phases      ] GC(419)   Post Evacuate Collection Set: 1.05ms
[3827.172s][info][gc,phases      ] GC(419)   Other: 0.06ms
[3827.172s][info][gc,heap        ] GC(419) Eden regions: 550->0(543)
[3827.172s][info][gc,heap        ] GC(419) Survivor regions: 43->43(75)
[3827.172s][info][gc,heap        ] GC(419) Old regions: 303->310
[3827.172s][info][gc,heap        ] GC(419) Humongous regions: 33->33
[3827.172s][info][gc,metaspace   ] GC(419) Metaspace: 29988K(30528K)->29988K(30528K) NonClass: 26591K(26880K)->26591K(26880K) Class: 3397K(3648K)->3397K(3648K)
[3827.172s][info][gc             ] GC(419) Pause Young (Normal) (G1 Evacuation Pause) 7409M->3070M(8192M) 150.342ms
[3827.172s][info][gc,cpu         ] GC(419) User=1.20s Sys=0.00s Real=0.15s
......[3832.896s][info][gc,start       ] GC(420) Pause Young (Normal) (G1 Evacuation Pause)
[3832.896s][info][gc,task        ] GC(420) Using 8 workers of 8 for evacuation
[3833.051s][info][gc,phases      ] GC(420)   Pre Evacuate Collection Set: 0.25ms
[3833.051s][info][gc,phases      ] GC(420)   Merge Heap Roots: 0.71ms
[3833.051s][info][gc,phases      ] GC(420)   Evacuate Collection Set: 152.53ms
[3833.051s][info][gc,phases      ] GC(420)   Post Evacuate Collection Set: 1.07ms
[3833.051s][info][gc,phases      ] GC(420)   Other: 0.06ms
[3833.051s][info][gc,heap        ] GC(420) Eden regions: 543->0(537)
[3833.051s][info][gc,heap        ] GC(420) Survivor regions: 43->42(74)
[3833.051s][info][gc,heap        ] GC(420) Old regions: 310->318
[3833.051s][info][gc,heap        ] GC(420) Humongous regions: 33->33
[3833.051s][info][gc,metaspace   ] GC(420) Metaspace: 29988K(30528K)->29988K(30528K) NonClass: 26591K(26880K)->26591K(26880K) Class: 3397K(3648K)->3397K(3648K)
[3833.051s][info][gc             ] GC(420) Pause Young (Normal) (G1 Evacuation Pause) 7414M->3126M(8192M) 154.764ms
[3833.051s][info][gc,cpu         ] GC(420) User=1.23s Sys=0.00s Real=0.16s
.....[3838.675s][info][gc,start       ] GC(421) Pause Young (Concurrent Start) (G1 Evacuation Pause)
[3838.675s][info][gc,task        ] GC(421) Using 8 workers of 8 for evacuation
[3838.825s][info][gc,phases      ] GC(421)   Pre Evacuate Collection Set: 0.32ms
[3838.825s][info][gc,phases      ] GC(421)   Merge Heap Roots: 0.58ms
[3838.825s][info][gc,phases      ] GC(421)   Evacuate Collection Set: 147.92ms
[3838.825s][info][gc,phases      ] GC(421)   Post Evacuate Collection Set: 1.05ms
[3838.825s][info][gc,phases      ] GC(421)   Other: 0.09ms
[3838.825s][info][gc,heap        ] GC(421) Eden regions: 537->0(532)
[3838.825s][info][gc,heap        ] GC(421) Survivor regions: 42->41(73)
[3838.825s][info][gc,heap        ] GC(421) Old regions: 318->325
[3838.825s][info][gc,heap        ] GC(421) Humongous regions: 33->33
[3838.825s][info][gc,metaspace   ] GC(421) Metaspace: 29988K(30528K)->29988K(30528K) NonClass: 26591K(26880K)->26591K(26880K) Class: 3397K(3648K)->3397K(3648K)
[3838.825s][info][gc             ] GC(421) Pause Young (Concurrent Start) (G1 Evacuation Pause) 7422M->3179M(8192M) 150.094ms
[3838.825s][info][gc             ] GC(422) Concurrent Mark Cycle
[3838.825s][info][gc,marking     ] GC(422) Concurrent Scan Root Regions
[3838.825s][info][gc,cpu         ] GC(421) User=1.19s Sys=0.00s Real=0.15s
.[3839.111s][info][gc,marking     ] GC(422) Concurrent Scan Root Regions 285.257ms
[3839.111s][info][gc,marking     ] GC(422) Concurrent Mark
[3839.111s][info][gc,marking     ] GC(422) Concurrent Mark From Roots
[3839.111s][info][gc,task        ] GC(422) Using 2 workers of 2 for marking
.[3839.847s][info][gc,marking     ] GC(422) Concurrent Mark From Roots 736.584ms
[3839.847s][info][gc,marking     ] GC(422) Concurrent Preclean
[3839.848s][info][gc,marking     ] GC(422) Concurrent Preclean 0.112ms
[3839.848s][info][gc,start       ] GC(422) Pause Remark
[3839.850s][info][gc             ] GC(422) Pause Remark 4045M->3461M(8192M) 2.482ms
[3839.850s][info][gc,cpu         ] GC(422) User=0.02s Sys=0.00s Real=0.00s
[3839.850s][info][gc,marking     ] GC(422) Concurrent Mark 739.439ms
[3839.850s][info][gc,marking     ] GC(422) Concurrent Rebuild Remembered Sets and Scrub Regions
[3840.260s][info][gc,marking     ] GC(422) Concurrent Rebuild Remembered Sets and Scrub Regions 409.458ms
[3840.260s][info][gc,start       ] GC(422) Pause Cleanup
[3840.260s][info][gc             ] GC(422) Pause Cleanup 3764M->3764M(8192M) 0.312ms
[3840.260s][info][gc,cpu         ] GC(422) User=0.00s Sys=0.00s Real=0.00s
[3840.260s][info][gc,marking     ] GC(422) Concurrent Clear Claimed Marks
[3840.260s][info][gc,marking     ] GC(422) Concurrent Clear Claimed Marks 0.048ms
[3840.260s][info][gc,marking     ] GC(422) Concurrent Cleanup for Next Mark
[3840.267s][info][gc,marking     ] GC(422) Concurrent Cleanup for Next Mark 7.056ms
[3840.267s][info][gc             ] GC(422) Concurrent Mark Cycle 1441.982ms
....[3844.470s][info][gc,start       ] GC(423) Pause Young (Prepare Mixed) (G1 Evacuation Pause)
[3844.470s][info][gc,task        ] GC(423) Using 8 workers of 8 for evacuation
[3844.625s][info][gc,phases      ] GC(423)   Pre Evacuate Collection Set: 0.24ms
[3844.625s][info][gc,phases      ] GC(423)   Merge Heap Roots: 0.79ms
[3844.625s][info][gc,phases      ] GC(423)   Evacuate Collection Set: 152.48ms
[3844.625s][info][gc,phases      ] GC(423)   Post Evacuate Collection Set: 1.14ms
[3844.625s][info][gc,phases      ] GC(423)   Other: 0.07ms
[3844.625s][info][gc,heap        ] GC(423) Eden regions: 532->0(571)
[3844.625s][info][gc,heap        ] GC(423) Survivor regions: 41->43(72)
[3844.625s][info][gc,heap        ] GC(423) Old regions: 252->260
[3844.625s][info][gc,heap        ] GC(423) Humongous regions: 33->33
[3844.625s][info][gc,metaspace   ] GC(423) Metaspace: 29988K(30528K)->29988K(30528K) NonClass: 26591K(26880K)->26591K(26880K) Class: 3397K(3648K)->3397K(3648K)
[3844.625s][info][gc             ] GC(423) Pause Young (Prepare Mixed) (G1 Evacuation Pause) 6851M->2669M(8192M) 154.853ms
[3844.625s][info][gc,cpu         ] GC(423) User=1.23s Sys=0.00s Real=0.16s
......[3850.714s][info][gc,start       ] GC(424) Pause Young (Mixed) (G1 Evacuation Pause)
[3850.714s][info][gc,task        ] GC(424) Using 8 workers of 8 for evacuation
[3850.870s][info][gc,phases      ] GC(424)   Pre Evacuate Collection Set: 0.28ms
[3850.870s][info][gc,phases      ] GC(424)   Merge Heap Roots: 0.87ms
[3850.870s][info][gc,phases      ] GC(424)   Evacuate Collection Set: 153.45ms
[3850.870s][info][gc,phases      ] GC(424)   Post Evacuate Collection Set: 1.31ms
[3850.870s][info][gc,phases      ] GC(424)   Other: 0.08ms
[3850.870s][info][gc,heap        ] GC(424) Eden regions: 571->0(572)
[3850.870s][info][gc,heap        ] GC(424) Survivor regions: 43->42(77)
[3850.870s][info][gc,heap        ] GC(424) Old regions: 260->165
[3850.870s][info][gc,heap        ] GC(424) Humongous regions: 33->33
[3850.870s][info][gc,metaspace   ] GC(424) Metaspace: 29988K(30528K)->29988K(30528K) NonClass: 26591K(26880K)->26591K(26880K) Class: 3397K(3648K)->3397K(3648K)
[3850.870s][info][gc             ] GC(424) Pause Young (Mixed) (G1 Evacuation Pause) 7237M->1904M(8192M) 156.127ms
[3850.870s][info][gc,cpu         ] GC(424) User=1.23s Sys=0.00s Real=0.15s
..... (rIR:aIR:PR = 6227:6228:6228) (tPR = 92207) [OK] 
  3854s: Performance info:
         Transaction,    Success,    Partial,     Failed,   Receipts, AvgBarcode, 
             Overall,     374591,          0,          0,     355857,      59.48, 
         Response times:
             Request,    Success,    Partial,     Failed,   SkipFail,     Probes,    Samples,      min,      p50,      p90,      p95,      p99,      max, 
       TotalPurchase,     355857,          0,          0,          0,     348347,     373436,      300,     4100,     7700,    10300,    62000,   316000,
     InStorePurchase,     187266,          0,          0,          0,     183770,     196701,      300,     4100,     7600,    10300,    62000,   316000,
      OnlinePurchase,     131116,          0,          0,          0,     128194,     137299,      300,     4000,     7700,    10300,    63000,   315000,
        InstPurchase,      37475,          0,          0,          0,      36383,      39436,      400,     4300,     7700,    10200,    62000,   316000,
          AssocOfCat,        372,          0,          0,          0,        297,        383,    28000,    37000,    52000,    59800,   111160,   196000,
      AssocOfProduct,       3748,          0,          0,          0,       3498,       3941,      400,     4000,     7500,     9490,    67000,   164000,
      BusinessReport,        935,          0,          0,          0,        816,        972,    27000,    40000,    60000,    75000,   186890,   219000,
          CustBuyBeh,       3753,          0,          0,          0,       3581,       4089,      300,     3900,     7600,    10000,    55000,   164000,
       ProductReturn,       9926,          0,          0,          0,       9521,      10438,      200,     3800,     7500,     9700,    58000,   164000,

  3854s: (46%)   IR =   6365 .[3856.874s][info][gc,start       ] GC(425) Pause Young (Mixed) (G1 Evacuation Pause)
[3856.874s][info][gc,task        ] GC(425) Using 8 workers of 8 for evacuation
[3857.040s][info][gc,phases      ] GC(425)   Pre Evacuate Collection Set: 0.30ms
[3857.040s][info][gc,phases      ] GC(425)   Merge Heap Roots: 1.02ms
[3857.040s][info][gc,phases      ] GC(425)   Evacuate Collection Set: 162.89ms
[3857.040s][info][gc,phases      ] GC(425)   Post Evacuate Collection Set: 1.14ms
[3857.040s][info][gc,phases      ] GC(425)   Other: 0.79ms
[3857.040s][info][gc,heap        ] GC(425) Eden regions: 572->0(570)
[3857.040s][info][gc,heap        ] GC(425) Survivor regions: 42->44(77)
[3857.040s][info][gc,heap        ] GC(425) Old regions: 165->142
[3857.040s][info][gc,heap        ] GC(425) Humongous regions: 33->33
[3857.040s][info][gc,metaspace   ] GC(425) Metaspace: 29988K(30528K)->29988K(30528K) NonClass: 26591K(26880K)->26591K(26880K) Class: 3397K(3648K)->3397K(3648K)
[3857.040s][info][gc             ] GC(425) Pause Young (Mixed) (G1 Evacuation Pause) 6480M->1734M(8192M) 166.272ms
[3857.041s][info][gc,cpu         ] GC(425) User=1.31s Sys=0.00s Real=0.16s
....|..[3862.882s][info][gc,start       ] GC(426) Pause Young (Normal) (G1 Evacuation Pause)
[3862.882s][info][gc,task        ] GC(426) Using 8 workers of 8 for evacuation
[3863.035s][info][gc,phases      ] GC(426)   Pre Evacuate Collection Set: 0.25ms
[3863.035s][info][gc,phases      ] GC(426)   Merge Heap Roots: 0.71ms
[3863.035s][info][gc,phases      ] GC(426)   Evacuate Collection Set: 150.76ms
[3863.035s][info][gc,phases      ] GC(426)   Post Evacuate Collection Set: 1.02ms
[3863.035s][info][gc,phases      ] GC(426)   Other: 0.06ms
[3863.035s][info][gc,heap        ] GC(426) Eden regions: 570->0(571)
[3863.035s][info][gc,heap        ] GC(426) Survivor regions: 44->43(77)
[3863.035s][info][gc,heap        ] GC(426) Old regions: 142->149
[3863.035s][info][gc,heap        ] GC(426) Humongous regions: 33->33
[3863.035s][info][gc,metaspace   ] GC(426) Metaspace: 29988K(30528K)->29988K(30528K) NonClass: 26591K(26880K)->26591K(26880K) Class: 3397K(3648K)->3397K(3648K)
[3863.035s][info][gc             ] GC(426) Pause Young (Normal) (G1 Evacuation Pause) 6294M->1780M(8192M) 152.952ms
[3863.035s][info][gc,cpu         ] GC(426) User=1.21s Sys=0.00s Real=0.15s
......[3869.002s][info][gc,start       ] GC(427) Pause Young (Normal) (G1 Evacuation Pause)
[3869.002s][info][gc,task        ] GC(427) Using 8 workers of 8 for evacuation
[3869.154s][info][gc,phases      ] GC(427)   Pre Evacuate Collection Set: 0.26ms
[3869.154s][info][gc,phases      ] GC(427)   Merge Heap Roots: 0.58ms
[3869.154s][info][gc,phases      ] GC(427)   Evacuate Collection Set: 150.03ms
[3869.154s][info][gc,phases      ] GC(427)   Post Evacuate Collection Set: 1.06ms
[3869.154s][info][gc,phases      ] GC(427)   Other: 0.08ms
[3869.154s][info][gc,heap        ] GC(427) Eden regions: 571->0(571)
[3869.154s][info][gc,heap        ] GC(427) Survivor regions: 43->43(77)
[3869.154s][info][gc,heap        ] GC(427) Old regions: 149->156
[3869.154s][info][gc,heap        ] GC(427) Humongous regions: 33->33
[3869.154s][info][gc,metaspace   ] GC(427) Metaspace: 29988K(30528K)->29988K(30528K) NonClass: 26591K(26880K)->26591K(26880K) Class: 3397K(3648K)->3397K(3648K)
[3869.154s][info][gc             ] GC(427) Pause Young (Normal) (G1 Evacuation Pause) 6348M->1837M(8192M) 152.140ms
[3869.154s][info][gc,cpu         ] GC(427) User=1.21s Sys=0.00s Real=0.15s
......[3875.071s][info][gc,start       ] GC(428) Pause Young (Normal) (G1 Evacuation Pause)
[3875.071s][info][gc,task        ] GC(428) Using 8 workers of 8 for evacuation
[3875.224s][info][gc,phases      ] GC(428)   Pre Evacuate Collection Set: 0.29ms
[3875.224s][info][gc,phases      ] GC(428)   Merge Heap Roots: 0.71ms
[3875.224s][info][gc,phases      ] GC(428)   Evacuate Collection Set: 151.66ms
[3875.224s][info][gc,phases      ] GC(428)   Post Evacuate Collection Set: 1.08ms
[3875.224s][info][gc,phases      ] GC(428)   Other: 0.08ms
[3875.224s][info][gc,heap        ] GC(428) Eden regions: 571->0(571)
[3875.224s][info][gc,heap        ] GC(428) Survivor regions: 43->43(77)
[3875.224s][info][gc,heap        ] GC(428) Old regions: 156->163
[3875.224s][info][gc,heap        ] GC(428) Humongous regions: 33->33
[3875.224s][info][gc,metaspace   ] GC(428) Metaspace: 29988K(30528K)->29988K(30528K) NonClass: 26591K(26880K)->26591K(26880K) Class: 3397K(3648K)->3397K(3648K)
[3875.224s][info][gc             ] GC(428) Pause Young (Normal) (G1 Evacuation Pause) 6405M->1891M(8192M) 153.953ms
[3875.225s][info][gc,cpu         ] GC(428) User=1.22s Sys=0.00s Real=0.16s
......[3881.150s][info][gc,start       ] GC(429) Pause Young (Normal) (G1 Evacuation Pause)
[3881.150s][info][gc,task        ] GC(429) Using 8 workers of 8 for evacuation
[3881.304s][info][gc,phases      ] GC(429)   Pre Evacuate Collection Set: 0.27ms
[3881.304s][info][gc,phases      ] GC(429)   Merge Heap Roots: 0.62ms
[3881.304s][info][gc,phases      ] GC(429)   Evacuate Collection Set: 151.95ms
[3881.304s][info][gc,phases      ] GC(429)   Post Evacuate Collection Set: 1.04ms
[3881.304s][info][gc,phases      ] GC(429)   Other: 0.07ms
[3881.304s][info][gc,heap        ] GC(429) Eden regions: 571->0(571)
[3881.304s][info][gc,heap        ] GC(429) Survivor regions: 43->43(77)
[3881.304s][info][gc,heap        ] GC(429) Old regions: 163->170
[3881.304s][info][gc,heap        ] GC(429) Humongous regions: 33->33
[3881.304s][info][gc,metaspace   ] GC(429) Metaspace: 29988K(30528K)->29988K(30528K) NonClass: 26591K(26880K)->26591K(26880K) Class: 3397K(3648K)->3397K(3648K)
[3881.304s][info][gc             ] GC(429) Pause Young (Normal) (G1 Evacuation Pause) 6459M->1950M(8192M) 154.083ms
[3881.304s][info][gc,cpu         ] GC(429) User=1.22s Sys=0.00s Real=0.16s
......[3887.201s][info][gc,start       ] GC(430) Pause Young (Normal) (G1 Evacuation Pause)
[3887.201s][info][gc,task        ] GC(430) Using 8 workers of 8 for evacuation
[3887.355s][info][gc,phases      ] GC(430)   Pre Evacuate Collection Set: 0.27ms
[3887.355s][info][gc,phases      ] GC(430)   Merge Heap Roots: 0.72ms
[3887.355s][info][gc,phases      ] GC(430)   Evacuate Collection Set: 152.00ms
[3887.355s][info][gc,phases      ] GC(430)   Post Evacuate Collection Set: 1.06ms
[3887.355s][info][gc,phases      ] GC(430)   Other: 0.06ms
[3887.355s][info][gc,heap        ] GC(430) Eden regions: 571->0(571)
[3887.355s][info][gc,heap        ] GC(430) Survivor regions: 43->43(77)
[3887.355s][info][gc,heap        ] GC(430) Old regions: 170->177
[3887.355s][info][gc,heap        ] GC(430) Humongous regions: 33->33
[3887.355s][info][gc,metaspace   ] GC(430) Metaspace: 29988K(30528K)->29988K(30528K) NonClass: 26591K(26880K)->26591K(26880K) Class: 3397K(3648K)->3397K(3648K)
[3887.355s][info][gc             ] GC(430) Pause Young (Normal) (G1 Evacuation Pause) 6518M->2009M(8192M) 154.296ms
[3887.355s][info][gc,cpu         ] GC(430) User=1.22s Sys=0.00s Real=0.15s
......[3893.225s][info][gc,start       ] GC(431) Pause Young (Normal) (G1 Evacuation Pause)
[3893.225s][info][gc,task        ] GC(431) Using 8 workers of 8 for evacuation
[3893.380s][info][gc,phases      ] GC(431)   Pre Evacuate Collection Set: 0.25ms
[3893.380s][info][gc,phases      ] GC(431)   Merge Heap Roots: 0.63ms
[3893.380s][info][gc,phases      ] GC(431)   Evacuate Collection Set: 152.82ms
[3893.380s][info][gc,phases      ] GC(431)   Post Evacuate Collection Set: 1.08ms
[3893.380s][info][gc,phases      ] GC(431)   Other: 0.06ms
[3893.380s][info][gc,heap        ] GC(431) Eden regions: 571->0(570)
[3893.380s][info][gc,heap        ] GC(431) Survivor regions: 43->44(77)
[3893.380s][info][gc,heap        ] GC(431) Old regions: 177->184
[3893.380s][info][gc,heap        ] GC(431) Humongous regions: 33->33
[3893.380s][info][gc,metaspace   ] GC(431) Metaspace: 29988K(30528K)->29988K(30528K) NonClass: 26591K(26880K)->26591K(26880K) Class: 3397K(3648K)->3397K(3648K)
[3893.380s][info][gc             ] GC(431) Pause Young (Normal) (G1 Evacuation Pause) 6577M->2070M(8192M) 154.976ms
[3893.380s][info][gc,cpu         ] GC(431) User=1.23s Sys=0.00s Real=0.15s
......[3899.308s][info][gc,start       ] GC(432) Pause Young (Normal) (G1 Evacuation Pause)
[3899.308s][info][gc,task        ] GC(432) Using 8 workers of 8 for evacuation
[3899.458s][info][gc,phases      ] GC(432)   Pre Evacuate Collection Set: 0.27ms
[3899.458s][info][gc,phases      ] GC(432)   Merge Heap Roots: 0.64ms
[3899.458s][info][gc,phases      ] GC(432)   Evacuate Collection Set: 148.51ms
[3899.458s][info][gc,phases      ] GC(432)   Post Evacuate Collection Set: 1.11ms
[3899.458s][info][gc,phases      ] GC(432)   Other: 0.07ms
[3899.458s][info][gc,heap        ] GC(432) Eden regions: 570->0(572)
[3899.458s][info][gc,heap        ] GC(432) Survivor regions: 44->42(77)
[3899.458s][info][gc,heap        ] GC(432) Old regions: 184->191
[3899.458s][info][gc,heap        ] GC(432) Humongous regions: 33->33
[3899.458s][info][gc,metaspace   ] GC(432) Metaspace: 29988K(30528K)->29988K(30528K) NonClass: 26591K(26880K)->26591K(26880K) Class: 3397K(3648K)->3397K(3648K)
[3899.458s][info][gc             ] GC(432) Pause Young (Normal) (G1 Evacuation Pause) 6630M->2115M(8192M) 150.725ms
[3899.458s][info][gc,cpu         ] GC(432) User=1.19s Sys=0.00s Real=0.15s
......[3905.364s][info][gc,start       ] GC(433) Pause Young (Normal) (G1 Evacuation Pause)
[3905.364s][info][gc,task        ] GC(433) Using 8 workers of 8 for evacuation
[3905.515s][info][gc,phases      ] GC(433)   Pre Evacuate Collection Set: 0.24ms
[3905.515s][info][gc,phases      ] GC(433)   Merge Heap Roots: 0.62ms
[3905.515s][info][gc,phases      ] GC(433)   Evacuate Collection Set: 148.51ms
[3905.515s][info][gc,phases      ] GC(433)   Post Evacuate Collection Set: 1.10ms
[3905.515s][info][gc,phases      ] GC(433)   Other: 0.07ms
[3905.515s][info][gc,heap        ] GC(433) Eden regions: 572->0(571)
[3905.515s][info][gc,heap        ] GC(433) Survivor regions: 42->43(77)
[3905.515s][info][gc,heap        ] GC(433) Old regions: 191->198
[3905.515s][info][gc,heap        ] GC(433) Humongous regions: 33->33
[3905.515s][info][gc,metaspace   ] GC(433) Metaspace: 29988K(30528K)->29988K(30528K) NonClass: 26591K(26880K)->26591K(26880K) Class: 3397K(3648K)->3397K(3648K)
[3905.515s][info][gc             ] GC(433) Pause Young (Normal) (G1 Evacuation Pause) 6691M->2174M(8192M) 150.666ms
[3905.515s][info][gc,cpu         ] GC(433) User=1.19s Sys=0.00s Real=0.15s
......[3911.441s][info][gc,start       ] GC(434) Pause Young (Normal) (G1 Evacuation Pause)
[3911.441s][info][gc,task        ] GC(434) Using 8 workers of 8 for evacuation
[3911.594s][info][gc,phases      ] GC(434)   Pre Evacuate Collection Set: 0.28ms
[3911.594s][info][gc,phases      ] GC(434)   Merge Heap Roots: 0.60ms
[3911.594s][info][gc,phases      ] GC(434)   Evacuate Collection Set: 150.36ms
[3911.594s][info][gc,phases      ] GC(434)   Post Evacuate Collection Set: 1.06ms
[3911.594s][info][gc,phases      ] GC(434)   Other: 0.07ms
[3911.594s][info][gc,heap        ] GC(434) Eden regions: 571->0(571)
[3911.594s][info][gc,heap        ] GC(434) Survivor regions: 43->43(77)
[3911.594s][info][gc,heap        ] GC(434) Old regions: 198->205
[3911.594s][info][gc,heap        ] GC(434) Humongous regions: 33->33
[3911.594s][info][gc,metaspace   ] GC(434) Metaspace: 29988K(30528K)->29988K(30528K) NonClass: 26591K(26880K)->26591K(26880K) Class: 3397K(3648K)->3397K(3648K)
[3911.594s][info][gc             ] GC(434) Pause Young (Normal) (G1 Evacuation Pause) 6742M->2231M(8192M) 152.502ms
[3911.594s][info][gc,cpu         ] GC(434) User=1.21s Sys=0.00s Real=0.15s
......[3917.479s][info][gc,start       ] GC(435) Pause Young (Normal) (G1 Evacuation Pause)
[3917.479s][info][gc,task        ] GC(435) Using 8 workers of 8 for evacuation
[3917.628s][info][gc,phases      ] GC(435)   Pre Evacuate Collection Set: 0.24ms
[3917.628s][info][gc,phases      ] GC(435)   Merge Heap Roots: 0.59ms
[3917.628s][info][gc,phases      ] GC(435)   Evacuate Collection Set: 147.53ms
[3917.628s][info][gc,phases      ] GC(435)   Post Evacuate Collection Set: 1.08ms
[3917.628s][info][gc,phases      ] GC(435)   Other: 0.06ms
[3917.628s][info][gc,heap        ] GC(435) Eden regions: 571->0(571)
[3917.628s][info][gc,heap        ] GC(435) Survivor regions: 43->43(77)
[3917.628s][info][gc,heap        ] GC(435) Old regions: 205->212
[3917.629s][info][gc,heap        ] GC(435) Humongous regions: 33->33
[3917.629s][info][gc,metaspace   ] GC(435) Metaspace: 29988K(30528K)->29988K(30528K) NonClass: 26591K(26880K)->26591K(26880K) Class: 3397K(3648K)->3397K(3648K)
[3917.629s][info][gc             ] GC(435) Pause Young (Normal) (G1 Evacuation Pause) 6799M->2291M(8192M) 149.632ms
[3917.629s][info][gc,cpu         ] GC(435) User=1.18s Sys=0.00s Real=0.15s
.... (rIR:aIR:PR = 6365:6369:6369) (tPR = 94630) [OK] 
  3920s: Performance info:
         Transaction,    Success,    Partial,     Failed,   Receipts, AvgBarcode, 
             Overall,     385890,          0,          0,     366596,      59.48, 
         Response times:
             Request,    Success,    Partial,     Failed,   SkipFail,     Probes,    Samples,      min,      p50,      p90,      p95,      p99,      max, 
       TotalPurchase,     366596,          0,          0,          0,     359419,     390263,      400,     4200,     8000,    12300,    80000,   292000,
     InStorePurchase,     192990,          0,          0,          0,     189307,     205229,      400,     4200,     8000,    12350,    80000,   292000,
      OnlinePurchase,     135032,          0,          0,          0,     132470,     143815,      400,     4200,     8000,    12200,    79000,   269000,
        InstPurchase,      38574,          0,          0,          0,      37642,      41219,      500,     4100,     7900,    12800,    79000,   269000,
          AssocOfCat,        385,          0,          0,          0,        289,        382,    27000,    37000,    56000,    79700,   192020,   210000,
      AssocOfProduct,       3853,          0,          0,          0,       3593,       4104,      600,     4200,     8000,    10800,    72950,   167000,
      BusinessReport,        974,          0,          0,          0,        831,       1025,    29000,    41000,    59000,    72700,   139740,   215000,
          CustBuyBeh,       3855,          0,          0,          0,       3641,       4237,      200,     3600,     7600,    11520,    72000,   172000,
       ProductReturn,      10228,          0,          0,          0,       9683,      10828,      200,     4300,     7800,    11500,    81000,   205000,

  3920s: (47%)   IR =   6503 ..[3923.477s][info][gc,start       ] GC(436) Pause Young (Normal) (G1 Evacuation Pause)
[3923.478s][info][gc,task        ] GC(436) Using 8 workers of 8 for evacuation
[3923.633s][info][gc,phases      ] GC(436)   Pre Evacuate Collection Set: 0.25ms
[3923.633s][info][gc,phases      ] GC(436)   Merge Heap Roots: 0.60ms
[3923.633s][info][gc,phases      ] GC(436)   Evacuate Collection Set: 153.35ms
[3923.633s][info][gc,phases      ] GC(436)   Post Evacuate Collection Set: 1.13ms
[3923.633s][info][gc,phases      ] GC(436)   Other: 0.06ms
[3923.633s][info][gc,heap        ] GC(436) Eden regions: 571->0(571)
[3923.633s][info][gc,heap        ] GC(436) Survivor regions: 43->43(77)
[3923.633s][info][gc,heap        ] GC(436) Old regions: 212->219
[3923.633s][info][gc,heap        ] GC(436) Humongous regions: 33->33
[3923.633s][info][gc,metaspace   ] GC(436) Metaspace: 29988K(30528K)->29988K(30528K) NonClass: 26591K(26880K)->26591K(26880K) Class: 3397K(3648K)->3397K(3648K)
[3923.633s][info][gc             ] GC(436) Pause Young (Normal) (G1 Evacuation Pause) 6859M->2347M(8192M) 155.549ms
[3923.633s][info][gc,cpu         ] GC(436) User=1.23s Sys=0.00s Real=0.16s
....|..[3929.416s][info][gc,start       ] GC(437) Pause Young (Normal) (G1 Evacuation Pause)
[3929.416s][info][gc,task        ] GC(437) Using 8 workers of 8 for evacuation
[3929.566s][info][gc,phases      ] GC(437)   Pre Evacuate Collection Set: 0.28ms
[3929.566s][info][gc,phases      ] GC(437)   Merge Heap Roots: 0.66ms
[3929.566s][info][gc,phases      ] GC(437)   Evacuate Collection Set: 148.51ms
[3929.566s][info][gc,phases      ] GC(437)   Post Evacuate Collection Set: 1.16ms
[3929.566s][info][gc,phases      ] GC(437)   Other: 0.07ms
[3929.566s][info][gc,heap        ] GC(437) Eden regions: 571->0(572)
[3929.566s][info][gc,heap        ] GC(437) Survivor regions: 43->42(77)
[3929.566s][info][gc,heap        ] GC(437) Old regions: 219->227
[3929.566s][info][gc,heap        ] GC(437) Humongous regions: 33->33
[3929.566s][info][gc,metaspace   ] GC(437) Metaspace: 29988K(30528K)->29988K(30528K) NonClass: 26591K(26880K)->26591K(26880K) Class: 3397K(3648K)->3397K(3648K)
[3929.566s][info][gc             ] GC(437) Pause Young (Normal) (G1 Evacuation Pause) 6915M->2397M(8192M) 150.839ms
[3929.566s][info][gc,cpu         ] GC(437) User=1.20s Sys=0.00s Real=0.15s
......[3935.393s][info][gc,start       ] GC(438) Pause Young (Normal) (G1 Evacuation Pause)
[3935.393s][info][gc,task        ] GC(438) Using 8 workers of 8 for evacuation
[3935.546s][info][gc,phases      ] GC(438)   Pre Evacuate Collection Set: 0.26ms
[3935.546s][info][gc,phases      ] GC(438)   Merge Heap Roots: 0.59ms
[3935.546s][info][gc,phases      ] GC(438)   Evacuate Collection Set: 150.55ms
[3935.546s][info][gc,phases      ] GC(438)   Post Evacuate Collection Set: 1.07ms
[3935.546s][info][gc,phases      ] GC(438)   Other: 0.07ms
[3935.546s][info][gc,heap        ] GC(438) Eden regions: 572->0(570)
[3935.546s][info][gc,heap        ] GC(438) Survivor regions: 42->44(77)
[3935.546s][info][gc,heap        ] GC(438) Old regions: 227->234
[3935.546s][info][gc,heap        ] GC(438) Humongous regions: 33->33
[3935.546s][info][gc,metaspace   ] GC(438) Metaspace: 29988K(30528K)->29988K(30528K) NonClass: 26591K(26880K)->26591K(26880K) Class: 3397K(3648K)->3397K(3648K)
[3935.546s][info][gc             ] GC(438) Pause Young (Normal) (G1 Evacuation Pause) 6973M->2465M(8192M) 152.668ms
[3935.546s][info][gc,cpu         ] GC(438) User=1.21s Sys=0.00s Real=0.15s
......[3941.270s][info][gc,start       ] GC(439) Pause Young (Normal) (G1 Evacuation Pause)
[3941.270s][info][gc,task        ] GC(439) Using 8 workers of 8 for evacuation
[3941.428s][info][gc,phases      ] GC(439)   Pre Evacuate Collection Set: 0.24ms
[3941.428s][info][gc,phases      ] GC(439)   Merge Heap Roots: 0.58ms
[3941.428s][info][gc,phases      ] GC(439)   Evacuate Collection Set: 155.58ms
[3941.428s][info][gc,phases      ] GC(439)   Post Evacuate Collection Set: 1.06ms
[3941.428s][info][gc,phases      ] GC(439)   Other: 0.06ms
[3941.428s][info][gc,heap        ] GC(439) Eden regions: 570->0(570)
[3941.428s][info][gc,heap        ] GC(439) Survivor regions: 44->44(77)
[3941.428s][info][gc,heap        ] GC(439) Old regions: 234->241
[3941.428s][info][gc,heap        ] GC(439) Humongous regions: 33->33
[3941.428s][info][gc,metaspace   ] GC(439) Metaspace: 29988K(30528K)->29988K(30528K) NonClass: 26591K(26880K)->26591K(26880K) Class: 3397K(3648K)->3397K(3648K)
[3941.428s][info][gc             ] GC(439) Pause Young (Normal) (G1 Evacuation Pause) 7025M->2526M(8192M) 157.664ms
[3941.428s][info][gc,cpu         ] GC(439) User=1.25s Sys=0.00s Real=0.16s
......[3947.197s][info][gc,start       ] GC(440) Pause Young (Normal) (G1 Evacuation Pause)
[3947.197s][info][gc,task        ] GC(440) Using 8 workers of 8 for evacuation
[3947.351s][info][gc,phases      ] GC(440)   Pre Evacuate Collection Set: 0.27ms
[3947.351s][info][gc,phases      ] GC(440)   Merge Heap Roots: 0.70ms
[3947.351s][info][gc,phases      ] GC(440)   Evacuate Collection Set: 151.23ms
[3947.351s][info][gc,phases      ] GC(440)   Post Evacuate Collection Set: 1.08ms
[3947.351s][info][gc,phases      ] GC(440)   Other: 0.07ms
[3947.351s][info][gc,heap        ] GC(440) Eden regions: 570->0(571)
[3947.351s][info][gc,heap        ] GC(440) Survivor regions: 44->43(77)
[3947.351s][info][gc,heap        ] GC(440) Old regions: 241->248
[3947.351s][info][gc,heap        ] GC(440) Humongous regions: 33->33
[3947.351s][info][gc,metaspace   ] GC(440) Metaspace: 29988K(30528K)->29988K(30528K) NonClass: 26591K(26880K)->26591K(26880K) Class: 3397K(3648K)->3397K(3648K)
[3947.351s][info][gc             ] GC(440) Pause Young (Normal) (G1 Evacuation Pause) 7086M->2574M(8192M) 153.483ms
[3947.351s][info][gc,cpu         ] GC(440) User=1.22s Sys=0.00s Real=0.16s
......[3953.158s][info][gc,start       ] GC(441) Pause Young (Normal) (G1 Evacuation Pause)
[3953.158s][info][gc,task        ] GC(441) Using 8 workers of 8 for evacuation
[3953.310s][info][gc,phases      ] GC(441)   Pre Evacuate Collection Set: 0.25ms
[3953.310s][info][gc,phases      ] GC(441)   Merge Heap Roots: 0.59ms
[3953.310s][info][gc,phases      ] GC(441)   Evacuate Collection Set: 150.41ms
[3953.310s][info][gc,phases      ] GC(441)   Post Evacuate Collection Set: 1.07ms
[3953.310s][info][gc,phases      ] GC(441)   Other: 0.06ms
[3953.310s][info][gc,heap        ] GC(441) Eden regions: 571->0(571)
[3953.310s][info][gc,heap        ] GC(441) Survivor regions: 43->43(77)
[3953.310s][info][gc,heap        ] GC(441) Old regions: 248->255
[3953.310s][info][gc,heap        ] GC(441) Humongous regions: 33->33
[3953.310s][info][gc,metaspace   ] GC(441) Metaspace: 29988K(30528K)->29988K(30528K) NonClass: 26591K(26880K)->26591K(26880K) Class: 3397K(3648K)->3397K(3648K)
[3953.310s][info][gc             ] GC(441) Pause Young (Normal) (G1 Evacuation Pause) 7142M->2625M(8192M) 152.508ms
[3953.310s][info][gc,cpu         ] GC(441) User=1.21s Sys=0.00s Real=0.15s
......[3959.042s][info][gc,start       ] GC(442) Pause Young (Normal) (G1 Evacuation Pause)
[3959.042s][info][gc,task        ] GC(442) Using 8 workers of 8 for evacuation
[3959.199s][info][gc,phases      ] GC(442)   Pre Evacuate Collection Set: 0.24ms
[3959.199s][info][gc,phases      ] GC(442)   Merge Heap Roots: 0.59ms
[3959.199s][info][gc,phases      ] GC(442)   Evacuate Collection Set: 154.35ms
[3959.199s][info][gc,phases      ] GC(442)   Post Evacuate Collection Set: 1.06ms
[3959.199s][info][gc,phases      ] GC(442)   Other: 0.06ms
[3959.199s][info][gc,heap        ] GC(442) Eden regions: 571->0(570)
[3959.199s][info][gc,heap        ] GC(442) Survivor regions: 43->44(77)
[3959.199s][info][gc,heap        ] GC(442) Old regions: 255->262
[3959.199s][info][gc,heap        ] GC(442) Humongous regions: 33->33
[3959.199s][info][gc,metaspace   ] GC(442) Metaspace: 29988K(30528K)->29988K(30528K) NonClass: 26591K(26880K)->26591K(26880K) Class: 3397K(3648K)->3397K(3648K)
[3959.199s][info][gc             ] GC(442) Pause Young (Normal) (G1 Evacuation Pause) 7193M->2689M(8192M) 156.459ms
[3959.199s][info][gc,cpu         ] GC(442) User=1.24s Sys=0.00s Real=0.15s
......[3965.042s][info][gc,start       ] GC(443) Pause Young (Normal) (G1 Evacuation Pause)
[3965.042s][info][gc,task        ] GC(443) Using 8 workers of 8 for evacuation
[3965.195s][info][gc,phases      ] GC(443)   Pre Evacuate Collection Set: 0.30ms
[3965.195s][info][gc,phases      ] GC(443)   Merge Heap Roots: 0.73ms
[3965.195s][info][gc,phases      ] GC(443)   Evacuate Collection Set: 151.07ms
[3965.195s][info][gc,phases      ] GC(443)   Post Evacuate Collection Set: 1.11ms
[3965.195s][info][gc,phases      ] GC(443)   Other: 0.07ms
[3965.195s][info][gc,heap        ] GC(443) Eden regions: 570->0(571)
[3965.195s][info][gc,heap        ] GC(443) Survivor regions: 44->43(77)
[3965.195s][info][gc,heap        ] GC(443) Old regions: 262->269
[3965.195s][info][gc,heap        ] GC(443) Humongous regions: 33->33
[3965.195s][info][gc,metaspace   ] GC(443) Metaspace: 29988K(30528K)->29988K(30528K) NonClass: 26591K(26880K)->26591K(26880K) Class: 3397K(3648K)->3397K(3648K)
[3965.195s][info][gc             ] GC(443) Pause Young (Normal) (G1 Evacuation Pause) 7249M->2737M(8192M) 153.406ms
[3965.195s][info][gc,cpu         ] GC(443) User=1.22s Sys=0.00s Real=0.15s
......[3970.920s][info][gc,start       ] GC(444) Pause Young (Normal) (G1 Evacuation Pause)
[3970.920s][info][gc,task        ] GC(444) Using 8 workers of 8 for evacuation
[3971.072s][info][gc,phases      ] GC(444)   Pre Evacuate Collection Set: 0.26ms
[3971.072s][info][gc,phases      ] GC(444)   Merge Heap Roots: 0.58ms
[3971.072s][info][gc,phases      ] GC(444)   Evacuate Collection Set: 150.50ms
[3971.072s][info][gc,phases      ] GC(444)   Post Evacuate Collection Set: 1.10ms
[3971.072s][info][gc,phases      ] GC(444)   Other: 0.07ms
[3971.072s][info][gc,heap        ] GC(444) Eden regions: 571->0(571)
[3971.072s][info][gc,heap        ] GC(444) Survivor regions: 43->43(77)
[3971.072s][info][gc,heap        ] GC(444) Old regions: 269->275
[3971.072s][info][gc,heap        ] GC(444) Humongous regions: 33->33
[3971.072s][info][gc,metaspace   ] GC(444) Metaspace: 29988K(30528K)->29988K(30528K) NonClass: 26591K(26880K)->26591K(26880K) Class: 3397K(3648K)->3397K(3648K)
[3971.072s][info][gc             ] GC(444) Pause Young (Normal) (G1 Evacuation Pause) 7305M->2795M(8192M) 152.642ms
[3971.072s][info][gc,cpu         ] GC(444) User=1.21s Sys=0.00s Real=0.16s
......[3976.858s][info][gc,start       ] GC(445) Pause Young (Normal) (G1 Evacuation Pause)
[3976.858s][info][gc,task        ] GC(445) Using 8 workers of 8 for evacuation
[3977.010s][info][gc,phases      ] GC(445)   Pre Evacuate Collection Set: 0.24ms
[3977.010s][info][gc,phases      ] GC(445)   Merge Heap Roots: 0.59ms
[3977.010s][info][gc,phases      ] GC(445)   Evacuate Collection Set: 149.82ms
[3977.010s][info][gc,phases      ] GC(445)   Post Evacuate Collection Set: 1.06ms
[3977.010s][info][gc,phases      ] GC(445)   Other: 0.07ms
[3977.010s][info][gc,heap        ] GC(445) Eden regions: 571->0(572)
[3977.010s][info][gc,heap        ] GC(445) Survivor regions: 43->42(77)
[3977.010s][info][gc,heap        ] GC(445) Old regions: 275->283
[3977.010s][info][gc,heap        ] GC(445) Humongous regions: 33->33
[3977.010s][info][gc,metaspace   ] GC(445) Metaspace: 29988K(30528K)->29988K(30528K) NonClass: 26591K(26880K)->26591K(26880K) Class: 3397K(3648K)->3397K(3648K)
[3977.010s][info][gc             ] GC(445) Pause Young (Normal) (G1 Evacuation Pause) 7363M->2845M(8192M) 151.926ms
[3977.010s][info][gc,cpu         ] GC(445) User=1.20s Sys=0.00s Real=0.15s
......[3982.854s][info][gc,start       ] GC(446) Pause Young (Normal) (G1 Evacuation Pause)
[3982.854s][info][gc,task        ] GC(446) Using 8 workers of 8 for evacuation
[3983.008s][info][gc,phases      ] GC(446)   Pre Evacuate Collection Set: 0.25ms
[3983.008s][info][gc,phases      ] GC(446)   Merge Heap Roots: 0.70ms
[3983.008s][info][gc,phases      ] GC(446)   Evacuate Collection Set: 151.94ms
[3983.008s][info][gc,phases      ] GC(446)   Post Evacuate Collection Set: 1.06ms
[3983.008s][info][gc,phases      ] GC(446)   Other: 0.06ms
[3983.008s][info][gc,heap        ] GC(446) Eden regions: 572->0(563)
[3983.008s][info][gc,heap        ] GC(446) Survivor regions: 42->43(77)
[3983.008s][info][gc,heap        ] GC(446) Old regions: 283->290
[3983.008s][info][gc,heap        ] GC(446) Humongous regions: 33->33
[3983.008s][info][gc,metaspace   ] GC(446) Metaspace: 29988K(30528K)->29988K(30528K) NonClass: 26591K(26880K)->26591K(26880K) Class: 3397K(3648K)->3397K(3648K)
[3983.008s][info][gc             ] GC(446) Pause Young (Normal) (G1 Evacuation Pause) 7421M->2909M(8192M) 154.144ms
[3983.008s][info][gc,cpu         ] GC(446) User=1.22s Sys=0.00s Real=0.15s
.... (rIR:aIR:PR = 6503:6502:6502) (tPR = 96037) [OK] 
  3986s: Performance info:
         Transaction,    Success,    Partial,     Failed,   Receipts, AvgBarcode, 
             Overall,     390287,          0,          0,     370768,      59.47, 
         Response times:
             Request,    Success,    Partial,     Failed,   SkipFail,     Probes,    Samples,      min,      p50,      p90,      p95,      p99,      max, 
       TotalPurchase,     370767,          0,          0,          0,     360926,     397426,      300,     4300,     8000,    11000,    62000,   350000,
     InStorePurchase,     195150,          0,          0,          0,     189895,     208912,      400,     4200,     8000,    10900,    61000,   349000,
      OnlinePurchase,     136584,          0,          0,          0,     132984,     146171,      300,     4300,     8000,    11100,    63000,   350000,
        InstPurchase,      39033,          0,          0,          0,      38047,      42343,      400,     4400,     8100,    11300,    60000,   322000,
          AssocOfCat,        389,          0,          0,          0,        294,        380,    28000,    38000,    57000,    75000,   201520,   221000,
      AssocOfProduct,       3902,          0,          0,          0,       3683,       4335,      700,     5100,     8300,    10900,    66000,   157000,
      BusinessReport,        977,          0,          0,          0,        879,       1097,    31000,    42000,    60000,    74200,   188120,   257000,
          CustBuyBeh,       3901,          0,          0,          0,       3647,       4295,      200,     2400,     7700,    10200,    45000,   319000,
       ProductReturn,      10351,          0,          0,          0,       9945,      11164,      200,     4900,     8000,    11400,    70000,   186000,

  3986s: (48%)   IR =   6642 .[3988.694s][info][gc,start       ] GC(447) Pause Young (Normal) (G1 Evacuation Pause)
[3988.694s][info][gc,task        ] GC(447) Using 8 workers of 8 for evacuation
[3988.846s][info][gc,phases      ] GC(447)   Pre Evacuate Collection Set: 0.25ms
[3988.846s][info][gc,phases      ] GC(447)   Merge Heap Roots: 0.67ms
[3988.846s][info][gc,phases      ] GC(447)   Evacuate Collection Set: 149.49ms
[3988.846s][info][gc,phases      ] GC(447)   Post Evacuate Collection Set: 1.13ms
[3988.846s][info][gc,phases      ] GC(447)   Other: 0.06ms
[3988.846s][info][gc,heap        ] GC(447) Eden regions: 563->0(556)
[3988.846s][info][gc,heap        ] GC(447) Survivor regions: 43->43(76)
[3988.846s][info][gc,heap        ] GC(447) Old regions: 290->297
[3988.846s][info][gc,heap        ] GC(447) Humongous regions: 33->33
[3988.846s][info][gc,metaspace   ] GC(447) Metaspace: 29988K(30528K)->29988K(30528K) NonClass: 26591K(26880K)->26591K(26880K) Class: 3397K(3648K)->3397K(3648K)
[3988.846s][info][gc             ] GC(447) Pause Young (Normal) (G1 Evacuation Pause) 7413M->2961M(8192M) 151.734ms
[3988.846s][info][gc,cpu         ] GC(447) User=1.20s Sys=0.00s Real=0.15s
.....|.[3994.349s][info][gc,start       ] GC(448) Pause Young (Normal) (G1 Evacuation Pause)
[3994.349s][info][gc,task        ] GC(448) Using 8 workers of 8 for evacuation
[3994.499s][info][gc,phases      ] GC(448)   Pre Evacuate Collection Set: 0.25ms
[3994.499s][info][gc,phases      ] GC(448)   Merge Heap Roots: 0.68ms
[3994.499s][info][gc,phases      ] GC(448)   Evacuate Collection Set: 147.34ms
[3994.499s][info][gc,phases      ] GC(448)   Post Evacuate Collection Set: 1.08ms
[3994.499s][info][gc,phases      ] GC(448)   Other: 0.07ms
[3994.499s][info][gc,heap        ] GC(448) Eden regions: 556->0(551)
[3994.499s][info][gc,heap        ] GC(448) Survivor regions: 43->42(75)
[3994.499s][info][gc,heap        ] GC(448) Old regions: 297->304
[3994.499s][info][gc,heap        ] GC(448) Humongous regions: 33->33
[3994.499s][info][gc,metaspace   ] GC(448) Metaspace: 29988K(30528K)->29988K(30528K) NonClass: 26591K(26880K)->26591K(26880K) Class: 3397K(3648K)->3397K(3648K)
[3994.499s][info][gc             ] GC(448) Pause Young (Normal) (G1 Evacuation Pause) 7409M->3011M(8192M) 149.553ms
[3994.499s][info][gc,cpu         ] GC(448) User=1.18s Sys=0.00s Real=0.15s
......[3999.970s][info][gc,start       ] GC(449) Pause Young (Normal) (G1 Evacuation Pause)
[3999.970s][info][gc,task        ] GC(449) Using 8 workers of 8 for evacuation
[4000.127s][info][gc,phases      ] GC(449)   Pre Evacuate Collection Set: 0.24ms
[4000.127s][info][gc,phases      ] GC(449)   Merge Heap Roots: 0.60ms
[4000.127s][info][gc,phases      ] GC(449)   Evacuate Collection Set: 155.51ms
[4000.127s][info][gc,phases      ] GC(449)   Post Evacuate Collection Set: 1.04ms
[4000.127s][info][gc,phases      ] GC(449)   Other: 0.07ms
[4000.127s][info][gc,heap        ] GC(449) Eden regions: 551->0(542)
[4000.127s][info][gc,heap        ] GC(449) Survivor regions: 42->43(75)
[4000.127s][info][gc,heap        ] GC(449) Old regions: 304->311
[4000.127s][info][gc,heap        ] GC(449) Humongous regions: 33->33
[4000.127s][info][gc,metaspace   ] GC(449) Metaspace: 29988K(30528K)->29988K(30528K) NonClass: 26591K(26880K)->26591K(26880K) Class: 3397K(3648K)->3397K(3648K)
[4000.127s][info][gc             ] GC(449) Pause Young (Normal) (G1 Evacuation Pause) 7419M->3079M(8192M) 157.597ms
[4000.128s][info][gc,cpu         ] GC(449) User=1.25s Sys=0.00s Real=0.16s
.....[4005.471s][info][gc,start       ] GC(450) Pause Young (Concurrent Start) (G1 Evacuation Pause)
[4005.471s][info][gc,task        ] GC(450) Using 8 workers of 8 for evacuation
[4005.618s][info][gc,phases      ] GC(450)   Pre Evacuate Collection Set: 0.30ms
[4005.618s][info][gc,phases      ] GC(450)   Merge Heap Roots: 0.57ms
[4005.618s][info][gc,phases      ] GC(450)   Evacuate Collection Set: 145.67ms
[4005.618s][info][gc,phases      ] GC(450)   Post Evacuate Collection Set: 1.07ms
[4005.618s][info][gc,phases      ] GC(450)   Other: 0.08ms
[4005.618s][info][gc,heap        ] GC(450) Eden regions: 542->0(536)
[4005.618s][info][gc,heap        ] GC(450) Survivor regions: 43->42(74)
[4005.618s][info][gc,heap        ] GC(450) Old regions: 311->319
[4005.618s][info][gc,heap        ] GC(450) Humongous regions: 33->33
[4005.618s][info][gc,metaspace   ] GC(450) Metaspace: 29988K(30528K)->29988K(30528K) NonClass: 26591K(26880K)->26591K(26880K) Class: 3397K(3648K)->3397K(3648K)
[4005.618s][info][gc             ] GC(450) Pause Young (Concurrent Start) (G1 Evacuation Pause) 7415M->3130M(8192M) 147.832ms
[4005.619s][info][gc             ] GC(451) Concurrent Mark Cycle
[4005.619s][info][gc,marking     ] GC(451) Concurrent Scan Root Regions
[4005.619s][info][gc,cpu         ] GC(450) User=1.17s Sys=0.00s Real=0.15s
.[4005.937s][info][gc,marking     ] GC(451) Concurrent Scan Root Regions 318.670ms
[4005.937s][info][gc,marking     ] GC(451) Concurrent Mark
[4005.937s][info][gc,marking     ] GC(451) Concurrent Mark From Roots
[4005.937s][info][gc,task        ] GC(451) Using 2 workers of 2 for marking
[4006.716s][info][gc,marking     ] GC(451) Concurrent Mark From Roots 778.684ms
[4006.716s][info][gc,marking     ] GC(451) Concurrent Preclean
[4006.716s][info][gc,marking     ] GC(451) Concurrent Preclean 0.195ms
[4006.716s][info][gc,start       ] GC(451) Pause Remark
[4006.719s][info][gc             ] GC(451) Pause Remark 4146M->3594M(8192M) 2.241ms
[4006.719s][info][gc,cpu         ] GC(451) User=0.01s Sys=0.00s Real=0.00s
[4006.719s][info][gc,marking     ] GC(451) Concurrent Mark 781.459ms
[4006.719s][info][gc,marking     ] GC(451) Concurrent Rebuild Remembered Sets and Scrub Regions
.[4007.154s][info][gc,marking     ] GC(451) Concurrent Rebuild Remembered Sets and Scrub Regions 435.641ms
[4007.155s][info][gc,start       ] GC(451) Pause Cleanup
[4007.155s][info][gc             ] GC(451) Pause Cleanup 3910M->3910M(8192M) 0.279ms
[4007.155s][info][gc,cpu         ] GC(451) User=0.00s Sys=0.00s Real=0.00s
[4007.155s][info][gc,marking     ] GC(451) Concurrent Clear Claimed Marks
[4007.155s][info][gc,marking     ] GC(451) Concurrent Clear Claimed Marks 0.045ms
[4007.155s][info][gc,marking     ] GC(451) Concurrent Cleanup for Next Mark
[4007.165s][info][gc,marking     ] GC(451) Concurrent Cleanup for Next Mark 9.652ms
[4007.165s][info][gc             ] GC(451) Concurrent Mark Cycle 1546.177ms
....[4010.916s][info][gc,start       ] GC(452) Pause Young (Prepare Mixed) (G1 Evacuation Pause)
[4010.916s][info][gc,task        ] GC(452) Using 8 workers of 8 for evacuation
[4011.069s][info][gc,phases      ] GC(452)   Pre Evacuate Collection Set: 0.25ms
[4011.069s][info][gc,phases      ] GC(452)   Merge Heap Roots: 0.82ms
[4011.069s][info][gc,phases      ] GC(452)   Evacuate Collection Set: 150.24ms
[4011.069s][info][gc,phases      ] GC(452)   Post Evacuate Collection Set: 1.14ms
[4011.069s][info][gc,phases      ] GC(452)   Other: 0.06ms
[4011.069s][info][gc,heap        ] GC(452) Eden regions: 536->0(572)
[4011.069s][info][gc,heap        ] GC(452) Survivor regions: 42->42(73)
[4011.069s][info][gc,heap        ] GC(452) Old regions: 250->257
[4011.069s][info][gc,heap        ] GC(452) Humongous regions: 33->33
[4011.069s][info][gc,metaspace   ] GC(452) Metaspace: 29988K(30528K)->29988K(30528K) NonClass: 26591K(26880K)->26591K(26880K) Class: 3397K(3648K)->3397K(3648K)
[4011.069s][info][gc             ] GC(452) Pause Young (Prepare Mixed) (G1 Evacuation Pause) 6866M->2638M(8192M) 152.624ms
[4011.069s][info][gc,cpu         ] GC(452) User=1.21s Sys=0.00s Real=0.15s
.....[4016.666s][info][gc,start       ] GC(453) Pause Young (Mixed) (G1 Evacuation Pause)
[4016.666s][info][gc,task        ] GC(453) Using 8 workers of 8 for evacuation
[4016.820s][info][gc,phases      ] GC(453)   Pre Evacuate Collection Set: 0.27ms
[4016.820s][info][gc,phases      ] GC(453)   Merge Heap Roots: 0.91ms
[4016.820s][info][gc,phases      ] GC(453)   Evacuate Collection Set: 151.54ms
[4016.820s][info][gc,phases      ] GC(453)   Post Evacuate Collection Set: 1.28ms
[4016.820s][info][gc,phases      ] GC(453)   Other: 0.08ms
[4016.820s][info][gc,heap        ] GC(453) Eden regions: 572->0(572)
[4016.820s][info][gc,heap        ] GC(453) Survivor regions: 42->42(77)
[4016.821s][info][gc,heap        ] GC(453) Old regions: 257->162
[4016.821s][info][gc,heap        ] GC(453) Humongous regions: 33->33
[4016.821s][info][gc,metaspace   ] GC(453) Metaspace: 29988K(30528K)->29988K(30528K) NonClass: 26591K(26880K)->26591K(26880K) Class: 3397K(3648K)->3397K(3648K)
[4016.821s][info][gc             ] GC(453) Pause Young (Mixed) (G1 Evacuation Pause) 7214M->1878M(8192M) 154.242ms
[4016.821s][info][gc,cpu         ] GC(453) User=1.22s Sys=0.00s Real=0.15s
......[4022.548s][info][gc,start       ] GC(454) Pause Young (Mixed) (G1 Evacuation Pause)
[4022.548s][info][gc,task        ] GC(454) Using 8 workers of 8 for evacuation
[4022.708s][info][gc,phases      ] GC(454)   Pre Evacuate Collection Set: 0.28ms
[4022.708s][info][gc,phases      ] GC(454)   Merge Heap Roots: 0.90ms
[4022.708s][info][gc,phases      ] GC(454)   Evacuate Collection Set: 157.85ms
[4022.708s][info][gc,phases      ] GC(454)   Post Evacuate Collection Set: 1.17ms
[4022.708s][info][gc,phases      ] GC(454)   Other: 0.09ms
[4022.708s][info][gc,heap        ] GC(454) Eden regions: 572->0(571)
[4022.708s][info][gc,heap        ] GC(454) Survivor regions: 42->43(77)
[4022.708s][info][gc,heap        ] GC(454) Old regions: 162->142
[4022.708s][info][gc,heap        ] GC(454) Humongous regions: 33->33
[4022.708s][info][gc,metaspace   ] GC(454) Metaspace: 29988K(30528K)->29988K(30528K) NonClass: 26591K(26880K)->26591K(26880K) Class: 3397K(3648K)->3397K(3648K)
[4022.708s][info][gc             ] GC(454) Pause Young (Mixed) (G1 Evacuation Pause) 6454M->1721M(8192M) 160.438ms
[4022.709s][info][gc,cpu         ] GC(454) User=1.27s Sys=0.00s Real=0.16s
......[4028.319s][info][gc,start       ] GC(455) Pause Young (Normal) (G1 Evacuation Pause)
[4028.319s][info][gc,task        ] GC(455) Using 8 workers of 8 for evacuation
[4028.472s][info][gc,phases      ] GC(455)   Pre Evacuate Collection Set: 0.25ms
[4028.472s][info][gc,phases      ] GC(455)   Merge Heap Roots: 0.62ms
[4028.472s][info][gc,phases      ] GC(455)   Evacuate Collection Set: 150.92ms
[4028.472s][info][gc,phases      ] GC(455)   Post Evacuate Collection Set: 1.08ms
[4028.472s][info][gc,phases      ] GC(455)   Other: 0.07ms
[4028.472s][info][gc,heap        ] GC(455) Eden regions: 571->0(571)
[4028.472s][info][gc,heap        ] GC(455) Survivor regions: 43->43(77)
[4028.472s][info][gc,heap        ] GC(455) Old regions: 142->149
[4028.472s][info][gc,heap        ] GC(455) Humongous regions: 33->33
[4028.472s][info][gc,metaspace   ] GC(455) Metaspace: 29988K(30528K)->29988K(30528K) NonClass: 26591K(26880K)->26591K(26880K) Class: 3397K(3648K)->3397K(3648K)
[4028.472s][info][gc             ] GC(455) Pause Young (Normal) (G1 Evacuation Pause) 6289M->1781M(8192M) 153.087ms
[4028.472s][info][gc,cpu         ] GC(455) User=1.22s Sys=0.00s Real=0.16s
......[4034.175s][info][gc,start       ] GC(456) Pause Young (Normal) (G1 Evacuation Pause)
[4034.175s][info][gc,task        ] GC(456) Using 8 workers of 8 for evacuation
[4034.328s][info][gc,phases      ] GC(456)   Pre Evacuate Collection Set: 0.26ms
[4034.328s][info][gc,phases      ] GC(456)   Merge Heap Roots: 0.60ms
[4034.328s][info][gc,phases      ] GC(456)   Evacuate Collection Set: 150.22ms
[4034.328s][info][gc,phases      ] GC(456)   Post Evacuate Collection Set: 1.06ms
[4034.328s][info][gc,phases      ] GC(456)   Other: 0.07ms
[4034.328s][info][gc,heap        ] GC(456) Eden regions: 571->0(571)
[4034.328s][info][gc,heap        ] GC(456) Survivor regions: 43->43(77)
[4034.328s][info][gc,heap        ] GC(456) Old regions: 149->156
[4034.328s][info][gc,heap        ] GC(456) Humongous regions: 33->33
[4034.328s][info][gc,metaspace   ] GC(456) Metaspace: 29988K(30528K)->29988K(30528K) NonClass: 26591K(26880K)->26591K(26880K) Class: 3397K(3648K)->3397K(3648K)
[4034.328s][info][gc             ] GC(456) Pause Young (Normal) (G1 Evacuation Pause) 6349M->1837M(8192M) 152.327ms
[4034.328s][info][gc,cpu         ] GC(456) User=1.21s Sys=0.00s Real=0.15s
......[4039.972s][info][gc,start       ] GC(457) Pause Young (Normal) (G1 Evacuation Pause)
[4039.972s][info][gc,task        ] GC(457) Using 8 workers of 8 for evacuation
[4040.125s][info][gc,phases      ] GC(457)   Pre Evacuate Collection Set: 0.27ms
[4040.125s][info][gc,phases      ] GC(457)   Merge Heap Roots: 0.60ms
[4040.125s][info][gc,phases      ] GC(457)   Evacuate Collection Set: 150.54ms
[4040.125s][info][gc,phases      ] GC(457)   Post Evacuate Collection Set: 1.11ms
[4040.125s][info][gc,phases      ] GC(457)   Other: 0.06ms
[4040.125s][info][gc,heap        ] GC(457) Eden regions: 571->0(571)
[4040.125s][info][gc,heap        ] GC(457) Survivor regions: 43->43(77)
[4040.125s][info][gc,heap        ] GC(457) Old regions: 156->163
[4040.125s][info][gc,heap        ] GC(457) Humongous regions: 33->33
[4040.125s][info][gc,metaspace   ] GC(457) Metaspace: 29988K(30528K)->29988K(30528K) NonClass: 26591K(26880K)->26591K(26880K) Class: 3397K(3648K)->3397K(3648K)
[4040.125s][info][gc             ] GC(457) Pause Young (Normal) (G1 Evacuation Pause) 6405M->1889M(8192M) 152.724ms
[4040.125s][info][gc,cpu         ] GC(457) User=1.21s Sys=0.00s Real=0.15s
.....[4045.767s][info][gc,start       ] GC(458) Pause Young (Normal) (G1 Evacuation Pause)
[4045.767s][info][gc,task        ] GC(458) Using 8 workers of 8 for evacuation
[4045.922s][info][gc,phases      ] GC(458)   Pre Evacuate Collection Set: 0.27ms
[4045.922s][info][gc,phases      ] GC(458)   Merge Heap Roots: 0.65ms
[4045.922s][info][gc,phases      ] GC(458)   Evacuate Collection Set: 152.31ms
[4045.922s][info][gc,phases      ] GC(458)   Post Evacuate Collection Set: 1.07ms
[4045.922s][info][gc,phases      ] GC(458)   Other: 0.08ms
[4045.922s][info][gc,heap        ] GC(458) Eden regions: 571->0(571)
[4045.922s][info][gc,heap        ] GC(458) Survivor regions: 43->43(77)
[4045.922s][info][gc,heap        ] GC(458) Old regions: 163->170
[4045.922s][info][gc,heap        ] GC(458) Humongous regions: 33->33
[4045.922s][info][gc,metaspace   ] GC(458) Metaspace: 29988K(30528K)->29988K(30528K) NonClass: 26591K(26880K)->26591K(26880K) Class: 3397K(3648K)->3397K(3648K)
[4045.922s][info][gc             ] GC(458) Pause Young (Normal) (G1 Evacuation Pause) 6457M->1945M(8192M) 154.515ms
[4045.922s][info][gc,cpu         ] GC(458) User=1.22s Sys=0.01s Real=0.16s
......[4051.567s][info][gc,start       ] GC(459) Pause Young (Normal) (G1 Evacuation Pause)
[4051.567s][info][gc,task        ] GC(459) Using 8 workers of 8 for evacuation
[4051.720s][info][gc,phases      ] GC(459)   Pre Evacuate Collection Set: 0.25ms
[4051.720s][info][gc,phases      ] GC(459)   Merge Heap Roots: 0.57ms
[4051.720s][info][gc,phases      ] GC(459)   Evacuate Collection Set: 150.85ms
[4051.720s][info][gc,phases      ] GC(459)   Post Evacuate Collection Set: 1.07ms
[4051.720s][info][gc,phases      ] GC(459)   Other: 0.06ms
[4051.720s][info][gc,heap        ] GC(459) Eden regions: 571->0(571)
[4051.720s][info][gc,heap        ] GC(459) Survivor regions: 43->43(77)
[4051.720s][info][gc,heap        ] GC(459) Old regions: 170->177
[4051.720s][info][gc,heap        ] GC(459) Humongous regions: 33->33
[4051.720s][info][gc,metaspace   ] GC(459) Metaspace: 29988K(30528K)->29988K(30528K) NonClass: 26591K(26880K)->26591K(26880K) Class: 3397K(3648K)->3397K(3648K)
[4051.720s][info][gc             ] GC(459) Pause Young (Normal) (G1 Evacuation Pause) 6513M->2001M(8192M) 152.930ms
[4051.720s][info][gc,cpu         ] GC(459) User=1.21s Sys=0.01s Real=0.15s
.. (rIR:aIR:PR = 6642:6649:6649) (tPR = 99150) [OK] 
  4052s: Performance info:
         Transaction,    Success,    Partial,     Failed,   Receipts, AvgBarcode, 
             Overall,     399468,          0,          0,     379495,      59.47, 
         Response times:
             Request,    Success,    Partial,     Failed,   SkipFail,     Probes,    Samples,      min,      p50,      p90,      p95,      p99,      max, 
       TotalPurchase,     379496,          0,          0,          0,     358884,     396483,      300,     4500,     8500,    13700,    77000,   345000,
     InStorePurchase,     199616,          0,          0,          0,     188445,     208077,      300,     4400,     8400,    13300,    77000,   345000,
      OnlinePurchase,     139943,          0,          0,          0,     132706,     146626,      300,     4500,     8600,    14300,    76000,   345000,
        InstPurchase,      39937,          0,          0,          0,      37733,      41780,      400,     4500,     8600,    13500,    77000,   344000,
          AssocOfCat,        397,          0,          0,          0,        327,        430,    26000,    38000,    59000,    79000,   174900,   216000,
      AssocOfProduct,       3991,          0,          0,          0,       3747,       4336,      300,     4600,     8400,    13400,    86630,   346000,
      BusinessReport,        999,          0,          0,          0,        864,       1079,    24000,    43000,    63000,    72000,   157400,   231000,
          CustBuyBeh,       3994,          0,          0,          0,       3684,       4276,      200,     3600,     8200,    11700,    64460,   233000,
       ProductReturn,      10594,          0,          0,          0,      10049,      11450,      200,     4300,     8700,    13600,    69000,   343000,

  4052s: (49%)   IR =   6780 ....|[4057.344s][info][gc,start       ] GC(460) Pause Young (Normal) (G1 Evacuation Pause)
[4057.344s][info][gc,task        ] GC(460) Using 8 workers of 8 for evacuation
[4057.497s][info][gc,phases      ] GC(460)   Pre Evacuate Collection Set: 0.27ms
[4057.497s][info][gc,phases      ] GC(460)   Merge Heap Roots: 0.66ms
[4057.497s][info][gc,phases      ] GC(460)   Evacuate Collection Set: 151.23ms
[4057.497s][info][gc,phases      ] GC(460)   Post Evacuate Collection Set: 1.15ms
[4057.497s][info][gc,phases      ] GC(460)   Other: 0.08ms
[4057.497s][info][gc,heap        ] GC(460) Eden regions: 571->0(572)
[4057.497s][info][gc,heap        ] GC(460) Survivor regions: 43->42(77)
[4057.497s][info][gc,heap        ] GC(460) Old regions: 177->184
[4057.497s][info][gc,heap        ] GC(460) Humongous regions: 33->33
[4057.497s][info][gc,metaspace   ] GC(460) Metaspace: 29988K(30528K)->29988K(30528K) NonClass: 26591K(26880K)->26591K(26880K) Class: 3397K(3648K)->3397K(3648K)
[4057.497s][info][gc             ] GC(460) Pause Young (Normal) (G1 Evacuation Pause) 6569M->2053M(8192M) 153.532ms
[4057.497s][info][gc,cpu         ] GC(460) User=1.21s Sys=0.00s Real=0.15s
......[4063.038s][info][gc,start       ] GC(461) Pause Young (Normal) (G1 Evacuation Pause)
[4063.038s][info][gc,task        ] GC(461) Using 8 workers of 8 for evacuation
[4063.194s][info][gc,phases      ] GC(461)   Pre Evacuate Collection Set: 0.25ms
[4063.194s][info][gc,phases      ] GC(461)   Merge Heap Roots: 0.62ms
[4063.194s][info][gc,phases      ] GC(461)   Evacuate Collection Set: 153.33ms
[4063.194s][info][gc,phases      ] GC(461)   Post Evacuate Collection Set: 1.09ms
[4063.194s][info][gc,phases      ] GC(461)   Other: 0.06ms
[4063.194s][info][gc,heap        ] GC(461) Eden regions: 572->0(571)
[4063.194s][info][gc,heap        ] GC(461) Survivor regions: 42->43(77)
[4063.194s][info][gc,heap        ] GC(461) Old regions: 184->191
[4063.194s][info][gc,heap        ] GC(461) Humongous regions: 33->33
[4063.194s][info][gc,metaspace   ] GC(461) Metaspace: 29988K(30528K)->29988K(30528K) NonClass: 26591K(26880K)->26591K(26880K) Class: 3397K(3648K)->3397K(3648K)
[4063.194s][info][gc             ] GC(461) Pause Young (Normal) (G1 Evacuation Pause) 6629M->2117M(8192M) 155.484ms
[4063.194s][info][gc,cpu         ] GC(461) User=1.22s Sys=0.00s Real=0.16s
.....[4068.702s][info][gc,start       ] GC(462) Pause Young (Normal) (G1 Evacuation Pause)
[4068.702s][info][gc,task        ] GC(462) Using 8 workers of 8 for evacuation
[4068.854s][info][gc,phases      ] GC(462)   Pre Evacuate Collection Set: 0.24ms
[4068.854s][info][gc,phases      ] GC(462)   Merge Heap Roots: 0.60ms
[4068.854s][info][gc,phases      ] GC(462)   Evacuate Collection Set: 149.90ms
[4068.854s][info][gc,phases      ] GC(462)   Post Evacuate Collection Set: 1.09ms
[4068.854s][info][gc,phases      ] GC(462)   Other: 0.06ms
[4068.854s][info][gc,heap        ] GC(462) Eden regions: 571->0(571)
[4068.854s][info][gc,heap        ] GC(462) Survivor regions: 43->43(77)
[4068.854s][info][gc,heap        ] GC(462) Old regions: 191->198
[4068.854s][info][gc,heap        ] GC(462) Humongous regions: 33->33
[4068.854s][info][gc,metaspace   ] GC(462) Metaspace: 29988K(30528K)->29988K(30528K) NonClass: 26591K(26880K)->26591K(26880K) Class: 3397K(3648K)->3397K(3648K)
[4068.854s][info][gc             ] GC(462) Pause Young (Normal) (G1 Evacuation Pause) 6685M->2177M(8192M) 152.021ms
[4068.854s][info][gc,cpu         ] GC(462) User=1.21s Sys=0.00s Real=0.15s
......[4074.400s][info][gc,start       ] GC(463) Pause Young (Normal) (G1 Evacuation Pause)
[4074.400s][info][gc,task        ] GC(463) Using 8 workers of 8 for evacuation
[4074.552s][info][gc,phases      ] GC(463)   Pre Evacuate Collection Set: 0.28ms
[4074.552s][info][gc,phases      ] GC(463)   Merge Heap Roots: 0.62ms
[4074.552s][info][gc,phases      ] GC(463)   Evacuate Collection Set: 149.41ms
[4074.552s][info][gc,phases      ] GC(463)   Post Evacuate Collection Set: 1.09ms
[4074.552s][info][gc,phases      ] GC(463)   Other: 0.06ms
[4074.552s][info][gc,heap        ] GC(463) Eden regions: 571->0(571)
[4074.552s][info][gc,heap        ] GC(463) Survivor regions: 43->43(77)
[4074.552s][info][gc,heap        ] GC(463) Old regions: 198->205
[4074.552s][info][gc,heap        ] GC(463) Humongous regions: 33->33
[4074.552s][info][gc,metaspace   ] GC(463) Metaspace: 29988K(30528K)->29988K(30528K) NonClass: 26591K(26880K)->26591K(26880K) Class: 3397K(3648K)->3397K(3648K)
[4074.552s][info][gc             ] GC(463) Pause Young (Normal) (G1 Evacuation Pause) 6745M->2227M(8192M) 151.603ms
[4074.552s][info][gc,cpu         ] GC(463) User=1.20s Sys=0.00s Real=0.16s
......[4080.041s][info][gc,start       ] GC(464) Pause Young (Normal) (G1 Evacuation Pause)
[4080.041s][info][gc,task        ] GC(464) Using 8 workers of 8 for evacuation
[4080.192s][info][gc,phases      ] GC(464)   Pre Evacuate Collection Set: 0.25ms
[4080.192s][info][gc,phases      ] GC(464)   Merge Heap Roots: 0.60ms
[4080.192s][info][gc,phases      ] GC(464)   Evacuate Collection Set: 149.64ms
[4080.192s][info][gc,phases      ] GC(464)   Post Evacuate Collection Set: 1.05ms
[4080.192s][info][gc,phases      ] GC(464)   Other: 0.06ms
[4080.192s][info][gc,heap        ] GC(464) Eden regions: 571->0(571)
[4080.192s][info][gc,heap        ] GC(464) Survivor regions: 43->43(77)
[4080.192s][info][gc,heap        ] GC(464) Old regions: 205->212
[4080.192s][info][gc,heap        ] GC(464) Humongous regions: 33->33
[4080.192s][info][gc,metaspace   ] GC(464) Metaspace: 29988K(30528K)->29988K(30528K) NonClass: 26591K(26880K)->26591K(26880K) Class: 3397K(3648K)->3397K(3648K)
[4080.192s][info][gc             ] GC(464) Pause Young (Normal) (G1 Evacuation Pause) 6795M->2285M(8192M) 151.746ms
[4080.192s][info][gc,cpu         ] GC(464) User=1.20s Sys=0.00s Real=0.16s
.....[4085.736s][info][gc,start       ] GC(465) Pause Young (Normal) (G1 Evacuation Pause)
[4085.736s][info][gc,task        ] GC(465) Using 8 workers of 8 for evacuation
[4085.888s][info][gc,phases      ] GC(465)   Pre Evacuate Collection Set: 0.28ms
[4085.888s][info][gc,phases      ] GC(465)   Merge Heap Roots: 0.61ms
[4085.888s][info][gc,phases      ] GC(465)   Evacuate Collection Set: 149.71ms
[4085.888s][info][gc,phases      ] GC(465)   Post Evacuate Collection Set: 1.05ms
[4085.888s][info][gc,phases      ] GC(465)   Other: 0.06ms
[4085.888s][info][gc,heap        ] GC(465) Eden regions: 571->0(571)
[4085.888s][info][gc,heap        ] GC(465) Survivor regions: 43->43(77)
[4085.888s][info][gc,heap        ] GC(465) Old regions: 212->219
[4085.888s][info][gc,heap        ] GC(465) Humongous regions: 33->33
[4085.888s][info][gc,metaspace   ] GC(465) Metaspace: 29988K(30528K)->29988K(30528K) NonClass: 26591K(26880K)->26591K(26880K) Class: 3397K(3648K)->3397K(3648K)
[4085.888s][info][gc             ] GC(465) Pause Young (Normal) (G1 Evacuation Pause) 6853M->2342M(8192M) 151.854ms
[4085.888s][info][gc,cpu         ] GC(465) User=1.20s Sys=0.00s Real=0.15s
......[4091.433s][info][gc,start       ] GC(466) Pause Young (Normal) (G1 Evacuation Pause)
[4091.433s][info][gc,task        ] GC(466) Using 8 workers of 8 for evacuation
[4091.584s][info][gc,phases      ] GC(466)   Pre Evacuate Collection Set: 0.25ms
[4091.584s][info][gc,phases      ] GC(466)   Merge Heap Roots: 0.62ms
[4091.584s][info][gc,phases      ] GC(466)   Evacuate Collection Set: 148.74ms
[4091.584s][info][gc,phases      ] GC(466)   Post Evacuate Collection Set: 1.06ms
[4091.584s][info][gc,phases      ] GC(466)   Other: 0.07ms
[4091.584s][info][gc,heap        ] GC(466) Eden regions: 571->0(571)
[4091.584s][info][gc,heap        ] GC(466) Survivor regions: 43->43(77)
[4091.584s][info][gc,heap        ] GC(466) Old regions: 219->226
[4091.584s][info][gc,heap        ] GC(466) Humongous regions: 33->33
[4091.584s][info][gc,metaspace   ] GC(466) Metaspace: 29988K(30528K)->29988K(30528K) NonClass: 26591K(26880K)->26591K(26880K) Class: 3397K(3648K)->3397K(3648K)
[4091.584s][info][gc             ] GC(466) Pause Young (Normal) (G1 Evacuation Pause) 6910M->2403M(8192M) 150.861ms
[4091.584s][info][gc,cpu         ] GC(466) User=1.20s Sys=0.00s Real=0.15s
......[4097.119s][info][gc,start       ] GC(467) Pause Young (Normal) (G1 Evacuation Pause)
[4097.119s][info][gc,task        ] GC(467) Using 8 workers of 8 for evacuation
[4097.272s][info][gc,phases      ] GC(467)   Pre Evacuate Collection Set: 0.30ms
[4097.272s][info][gc,phases      ] GC(467)   Merge Heap Roots: 0.72ms
[4097.272s][info][gc,phases      ] GC(467)   Evacuate Collection Set: 151.43ms
[4097.272s][info][gc,phases      ] GC(467)   Post Evacuate Collection Set: 1.09ms
[4097.272s][info][gc,phases      ] GC(467)   Other: 0.08ms
[4097.272s][info][gc,heap        ] GC(467) Eden regions: 571->0(571)
[4097.272s][info][gc,heap        ] GC(467) Survivor regions: 43->43(77)
[4097.272s][info][gc,heap        ] GC(467) Old regions: 226->233
[4097.272s][info][gc,heap        ] GC(467) Humongous regions: 33->33
[4097.272s][info][gc,metaspace   ] GC(467) Metaspace: 29988K(30528K)->29988K(30528K) NonClass: 26591K(26880K)->26591K(26880K) Class: 3397K(3648K)->3397K(3648K)
[4097.272s][info][gc             ] GC(467) Pause Young (Normal) (G1 Evacuation Pause) 6971M->2455M(8192M) 153.746ms
[4097.272s][info][gc,cpu         ] GC(467) User=1.21s Sys=0.00s Real=0.16s
.....[4102.836s][info][gc,start       ] GC(468) Pause Young (Normal) (G1 Evacuation Pause)
[4102.836s][info][gc,task        ] GC(468) Using 8 workers of 8 for evacuation
[4102.989s][info][gc,phases      ] GC(468)   Pre Evacuate Collection Set: 0.26ms
[4102.989s][info][gc,phases      ] GC(468)   Merge Heap Roots: 0.63ms
[4102.989s][info][gc,phases      ] GC(468)   Evacuate Collection Set: 150.37ms
[4102.989s][info][gc,phases      ] GC(468)   Post Evacuate Collection Set: 1.07ms
[4102.989s][info][gc,phases      ] GC(468)   Other: 0.06ms
[4102.989s][info][gc,heap        ] GC(468) Eden regions: 571->0(572)
[4102.989s][info][gc,heap        ] GC(468) Survivor regions: 43->42(77)
[4102.989s][info][gc,heap        ] GC(468) Old regions: 233->240
[4102.989s][info][gc,heap        ] GC(468) Humongous regions: 33->33
[4102.989s][info][gc,metaspace   ] GC(468) Metaspace: 29988K(30528K)->29988K(30528K) NonClass: 26591K(26880K)->26591K(26880K) Class: 3397K(3648K)->3397K(3648K)
[4102.989s][info][gc             ] GC(468) Pause Young (Normal) (G1 Evacuation Pause) 7023M->2507M(8192M) 152.518ms
[4102.989s][info][gc,cpu         ] GC(468) User=1.21s Sys=0.00s Real=0.15s
......[4108.540s][info][gc,start       ] GC(469) Pause Young (Normal) (G1 Evacuation Pause)
[4108.540s][info][gc,task        ] GC(469) Using 8 workers of 8 for evacuation
[4108.692s][info][gc,phases      ] GC(469)   Pre Evacuate Collection Set: 0.24ms
[4108.692s][info][gc,phases      ] GC(469)   Merge Heap Roots: 0.61ms
[4108.692s][info][gc,phases      ] GC(469)   Evacuate Collection Set: 150.05ms
[4108.692s][info][gc,phases      ] GC(469)   Post Evacuate Collection Set: 1.08ms
[4108.692s][info][gc,phases      ] GC(469)   Other: 0.06ms
[4108.692s][info][gc,heap        ] GC(469) Eden regions: 572->0(572)
[4108.692s][info][gc,heap        ] GC(469) Survivor regions: 42->42(77)
[4108.692s][info][gc,heap        ] GC(469) Old regions: 240->247
[4108.692s][info][gc,heap        ] GC(469) Humongous regions: 33->33
[4108.692s][info][gc,metaspace   ] GC(469) Metaspace: 29988K(30528K)->29988K(30528K) NonClass: 26591K(26880K)->26591K(26880K) Class: 3397K(3648K)->3397K(3648K)
[4108.692s][info][gc             ] GC(469) Pause Young (Normal) (G1 Evacuation Pause) 7083M->2563M(8192M) 152.162ms
[4108.692s][info][gc,cpu         ] GC(469) User=1.20s Sys=0.00s Real=0.16s
......[4114.240s][info][gc,start       ] GC(470) Pause Young (Normal) (G1 Evacuation Pause)
[4114.240s][info][gc,task        ] GC(470) Using 8 workers of 8 for evacuation
[4114.392s][info][gc,phases      ] GC(470)   Pre Evacuate Collection Set: 0.25ms
[4114.392s][info][gc,phases      ] GC(470)   Merge Heap Roots: 0.62ms
[4114.392s][info][gc,phases      ] GC(470)   Evacuate Collection Set: 150.57ms
[4114.392s][info][gc,phases      ] GC(470)   Post Evacuate Collection Set: 1.07ms
[4114.392s][info][gc,phases      ] GC(470)   Other: 0.06ms
[4114.392s][info][gc,heap        ] GC(470) Eden regions: 572->0(571)
[4114.392s][info][gc,heap        ] GC(470) Survivor regions: 42->43(77)
[4114.392s][info][gc,heap        ] GC(470) Old regions: 247->254
[4114.392s][info][gc,heap        ] GC(470) Humongous regions: 33->33
[4114.392s][info][gc,metaspace   ] GC(470) Metaspace: 29988K(30528K)->29988K(30528K) NonClass: 26591K(26880K)->26591K(26880K) Class: 3397K(3648K)->3397K(3648K)
[4114.393s][info][gc             ] GC(470) Pause Young (Normal) (G1 Evacuation Pause) 7139M->2623M(8192M) 152.721ms
[4114.393s][info][gc,cpu         ] GC(470) User=1.21s Sys=0.00s Real=0.16s
... (rIR:aIR:PR = 6780:6782:6782) (tPR = 100920) [OK] 
  4116s: Performance info:
         Transaction,    Success,    Partial,     Failed,   Receipts, AvgBarcode, 
             Overall,     407102,          0,          0,     386774,      59.47, 
         Response times:
             Request,    Success,    Partial,     Failed,   SkipFail,     Probes,    Samples,      min,      p50,      p90,      p95,      p99,      max, 
       TotalPurchase,     386777,          0,          0,          0,     360728,     385765,      300,     4600,     8500,    11800,    56000,   331000,
     InStorePurchase,     203482,          0,          0,          0,     189238,     201846,      300,     4600,     8500,    11800,    56000,   331000,
      OnlinePurchase,     142605,          0,          0,          0,     133222,     142635,      300,     4700,     8500,    11800,    57000,   331000,
        InstPurchase,      40690,          0,          0,          0,      38268,      41284,      500,     4500,     8500,    11800,    55000,   182000,
          AssocOfCat,        407,          0,          0,          0,        323,        417,    24000,    38000,    52000,    59100,   146580,   194000,
      AssocOfProduct,       4062,          0,          0,          0,       3782,       4265,      600,     4800,     9100,    12700,    50000,   162000,
      BusinessReport,       1015,          0,          0,          0,        897,       1080,    29000,    43000,    62000,    74950,   117520,   234000,
          CustBuyBeh,       4070,          0,          0,          0,       3791,       4319,      300,     4400,     8500,    12100,    59800,   235000,
       ProductReturn,      10793,          0,          0,          0,      10247,      11147,      200,     4500,     8300,    11300,    56000,   247000,

  4116s: (50%)   IR =   6918 ..[4119.817s][info][gc,start       ] GC(471) Pause Young (Normal) (G1 Evacuation Pause)
[4119.817s][info][gc,task        ] GC(471) Using 8 workers of 8 for evacuation
[4119.974s][info][gc,phases      ] GC(471)   Pre Evacuate Collection Set: 0.24ms
[4119.974s][info][gc,phases      ] GC(471)   Merge Heap Roots: 0.60ms
[4119.974s][info][gc,phases      ] GC(471)   Evacuate Collection Set: 154.73ms
[4119.974s][info][gc,phases      ] GC(471)   Post Evacuate Collection Set: 1.09ms
[4119.974s][info][gc,phases      ] GC(471)   Other: 0.06ms
[4119.974s][info][gc,heap        ] GC(471) Eden regions: 571->0(570)
[4119.974s][info][gc,heap        ] GC(471) Survivor regions: 43->44(77)
[4119.974s][info][gc,heap        ] GC(471) Old regions: 254->262
[4119.974s][info][gc,heap        ] GC(471) Humongous regions: 33->33
[4119.974s][info][gc,metaspace   ] GC(471) Metaspace: 29988K(30528K)->29988K(30528K) NonClass: 26591K(26880K)->26591K(26880K) Class: 3397K(3648K)->3397K(3648K)
[4119.974s][info][gc             ] GC(471) Pause Young (Normal) (G1 Evacuation Pause) 7191M->2689M(8192M) 156.822ms
[4119.974s][info][gc,cpu         ] GC(471) User=1.24s Sys=0.00s Real=0.16s
...|...[4125.418s][info][gc,start       ] GC(472) Pause Young (Normal) (G1 Evacuation Pause)
[4125.418s][info][gc,task        ] GC(472) Using 8 workers of 8 for evacuation
[4125.569s][info][gc,phases      ] GC(472)   Pre Evacuate Collection Set: 0.26ms
[4125.569s][info][gc,phases      ] GC(472)   Merge Heap Roots: 0.64ms
[4125.569s][info][gc,phases      ] GC(472)   Evacuate Collection Set: 149.59ms
[4125.569s][info][gc,phases      ] GC(472)   Post Evacuate Collection Set: 1.06ms
[4125.569s][info][gc,phases      ] GC(472)   Other: 0.06ms
[4125.569s][info][gc,heap        ] GC(472) Eden regions: 570->0(572)
[4125.569s][info][gc,heap        ] GC(472) Survivor regions: 44->42(77)
[4125.569s][info][gc,heap        ] GC(472) Old regions: 262->269
[4125.569s][info][gc,heap        ] GC(472) Humongous regions: 33->33
[4125.569s][info][gc,metaspace   ] GC(472) Metaspace: 29988K(30528K)->29988K(30528K) NonClass: 26591K(26880K)->26591K(26880K) Class: 3397K(3648K)->3397K(3648K)
[4125.569s][info][gc             ] GC(472) Pause Young (Normal) (G1 Evacuation Pause) 7249M->2735M(8192M) 151.769ms
[4125.569s][info][gc,cpu         ] GC(472) User=1.20s Sys=0.00s Real=0.15s
.....[4130.975s][info][gc,start       ] GC(473) Pause Young (Normal) (G1 Evacuation Pause)
[4130.975s][info][gc,task        ] GC(473) Using 8 workers of 8 for evacuation
[4131.127s][info][gc,phases      ] GC(473)   Pre Evacuate Collection Set: 0.26ms
[4131.127s][info][gc,phases      ] GC(473)   Merge Heap Roots: 0.65ms
[4131.127s][info][gc,phases      ] GC(473)   Evacuate Collection Set: 150.01ms
[4131.127s][info][gc,phases      ] GC(473)   Post Evacuate Collection Set: 1.06ms
[4131.127s][info][gc,phases      ] GC(473)   Other: 0.06ms
[4131.127s][info][gc,heap        ] GC(473) Eden regions: 572->0(571)
[4131.127s][info][gc,heap        ] GC(473) Survivor regions: 42->43(77)
[4131.127s][info][gc,heap        ] GC(473) Old regions: 269->276
[4131.127s][info][gc,heap        ] GC(473) Humongous regions: 33->33
[4131.127s][info][gc,metaspace   ] GC(473) Metaspace: 29988K(30528K)->29988K(30528K) NonClass: 26591K(26880K)->26591K(26880K) Class: 3397K(3648K)->3397K(3648K)
[4131.127s][info][gc             ] GC(473) Pause Young (Normal) (G1 Evacuation Pause) 7311M->2798M(8192M) 152.160ms
[4131.127s][info][gc,cpu         ] GC(473) User=1.20s Sys=0.00s Real=0.15s
......[4136.517s][info][gc,start       ] GC(474) Pause Young (Normal) (G1 Evacuation Pause)
[4136.517s][info][gc,task        ] GC(474) Using 8 workers of 8 for evacuation
[4136.672s][info][gc,phases      ] GC(474)   Pre Evacuate Collection Set: 0.24ms
[4136.672s][info][gc,phases      ] GC(474)   Merge Heap Roots: 0.63ms
[4136.672s][info][gc,phases      ] GC(474)   Evacuate Collection Set: 152.63ms
[4136.672s][info][gc,phases      ] GC(474)   Post Evacuate Collection Set: 1.06ms
[4136.672s][info][gc,phases      ] GC(474)   Other: 0.06ms
[4136.672s][info][gc,heap        ] GC(474) Eden regions: 571->0(570)
[4136.672s][info][gc,heap        ] GC(474) Survivor regions: 43->43(77)
[4136.672s][info][gc,heap        ] GC(474) Old regions: 276->283
[4136.672s][info][gc,heap        ] GC(474) Humongous regions: 33->33
[4136.672s][info][gc,metaspace   ] GC(474) Metaspace: 29988K(30528K)->29988K(30528K) NonClass: 26591K(26880K)->26591K(26880K) Class: 3397K(3648K)->3397K(3648K)
[4136.672s][info][gc             ] GC(474) Pause Young (Normal) (G1 Evacuation Pause) 7366M->2851M(8192M) 154.756ms
[4136.672s][info][gc,cpu         ] GC(474) User=1.22s Sys=0.00s Real=0.16s
......[4142.173s][info][gc,start       ] GC(475) Pause Young (Normal) (G1 Evacuation Pause)
[4142.173s][info][gc,task        ] GC(475) Using 8 workers of 8 for evacuation
[4142.327s][info][gc,phases      ] GC(475)   Pre Evacuate Collection Set: 0.26ms
[4142.327s][info][gc,phases      ] GC(475)   Merge Heap Roots: 0.68ms
[4142.327s][info][gc,phases      ] GC(475)   Evacuate Collection Set: 151.67ms
[4142.327s][info][gc,phases      ] GC(475)   Post Evacuate Collection Set: 1.10ms
[4142.327s][info][gc,phases      ] GC(475)   Other: 0.08ms
[4142.327s][info][gc,heap        ] GC(475) Eden regions: 570->0(563)
[4142.327s][info][gc,heap        ] GC(475) Survivor regions: 43->43(77)
[4142.327s][info][gc,heap        ] GC(475) Old regions: 283->290
[4142.327s][info][gc,heap        ] GC(475) Humongous regions: 33->33
[4142.327s][info][gc,metaspace   ] GC(475) Metaspace: 29988K(30528K)->29988K(30528K) NonClass: 26591K(26880K)->26591K(26880K) Class: 3397K(3648K)->3397K(3648K)
[4142.327s][info][gc             ] GC(475) Pause Young (Normal) (G1 Evacuation Pause) 7411M->2913M(8192M) 153.917ms
[4142.327s][info][gc,cpu         ] GC(475) User=1.22s Sys=0.00s Real=0.15s
.....[4147.596s][info][gc,start       ] GC(476) Pause Young (Normal) (G1 Evacuation Pause)
[4147.596s][info][gc,task        ] GC(476) Using 8 workers of 8 for evacuation
[4147.753s][info][gc,phases      ] GC(476)   Pre Evacuate Collection Set: 0.26ms
[4147.753s][info][gc,phases      ] GC(476)   Merge Heap Roots: 0.60ms
[4147.753s][info][gc,phases      ] GC(476)   Evacuate Collection Set: 155.19ms
[4147.753s][info][gc,phases      ] GC(476)   Post Evacuate Collection Set: 1.06ms
[4147.753s][info][gc,phases      ] GC(476)   Other: 0.07ms
[4147.753s][info][gc,heap        ] GC(476) Eden regions: 563->0(556)
[4147.753s][info][gc,heap        ] GC(476) Survivor regions: 43->43(76)
[4147.753s][info][gc,heap        ] GC(476) Old regions: 290->297
[4147.753s][info][gc,heap        ] GC(476) Humongous regions: 33->33
[4147.753s][info][gc,metaspace   ] GC(476) Metaspace: 29988K(30528K)->29988K(30528K) NonClass: 26591K(26880K)->26591K(26880K) Class: 3397K(3648K)->3397K(3648K)
[4147.753s][info][gc             ] GC(476) Pause Young (Normal) (G1 Evacuation Pause) 7417M->2971M(8192M) 157.328ms
[4147.753s][info][gc,cpu         ] GC(476) User=1.25s Sys=0.00s Real=0.16s
.....[4153.039s][info][gc,start       ] GC(477) Pause Young (Normal) (G1 Evacuation Pause)
[4153.039s][info][gc,task        ] GC(477) Using 8 workers of 8 for evacuation
[4153.192s][info][gc,phases      ] GC(477)   Pre Evacuate Collection Set: 0.25ms
[4153.192s][info][gc,phases      ] GC(477)   Merge Heap Roots: 0.68ms
[4153.192s][info][gc,phases      ] GC(477)   Evacuate Collection Set: 150.09ms
[4153.192s][info][gc,phases      ] GC(477)   Post Evacuate Collection Set: 1.06ms
[4153.192s][info][gc,phases      ] GC(477)   Other: 0.07ms
[4153.192s][info][gc,heap        ] GC(477) Eden regions: 556->0(550)
[4153.192s][info][gc,heap        ] GC(477) Survivor regions: 43->42(75)
[4153.192s][info][gc,heap        ] GC(477) Old regions: 297->305
[4153.192s][info][gc,heap        ] GC(477) Humongous regions: 33->33
[4153.192s][info][gc,metaspace   ] GC(477) Metaspace: 29988K(30528K)->29988K(30528K) NonClass: 26591K(26880K)->26591K(26880K) Class: 3397K(3648K)->3397K(3648K)
[4153.192s][info][gc             ] GC(477) Pause Young (Normal) (G1 Evacuation Pause) 7419M->3022M(8192M) 152.311ms
[4153.192s][info][gc,cpu         ] GC(477) User=1.21s Sys=0.00s Real=0.16s
......[4158.368s][info][gc,start       ] GC(478) Pause Young (Normal) (G1 Evacuation Pause)
[4158.368s][info][gc,task        ] GC(478) Using 8 workers of 8 for evacuation
[4158.518s][info][gc,phases      ] GC(478)   Pre Evacuate Collection Set: 0.29ms
[4158.518s][info][gc,phases      ] GC(478)   Merge Heap Roots: 0.64ms
[4158.518s][info][gc,phases      ] GC(478)   Evacuate Collection Set: 148.54ms
[4158.518s][info][gc,phases      ] GC(478)   Post Evacuate Collection Set: 1.04ms
[4158.518s][info][gc,phases      ] GC(478)   Other: 0.06ms
[4158.518s][info][gc,heap        ] GC(478) Eden regions: 550->0(543)
[4158.518s][info][gc,heap        ] GC(478) Survivor regions: 42->42(74)
[4158.518s][info][gc,heap        ] GC(478) Old regions: 305->312
[4158.518s][info][gc,heap        ] GC(478) Humongous regions: 33->33
[4158.518s][info][gc,metaspace   ] GC(478) Metaspace: 29988K(30528K)->29988K(30528K) NonClass: 26591K(26880K)->26591K(26880K) Class: 3397K(3648K)->3397K(3648K)
[4158.518s][info][gc             ] GC(478) Pause Young (Normal) (G1 Evacuation Pause) 7422M->3078M(8192M) 150.710ms
[4158.518s][info][gc,cpu         ] GC(478) User=1.20s Sys=0.00s Real=0.15s
.....[4163.622s][info][gc,start       ] GC(479) Pause Young (Concurrent Start) (G1 Evacuation Pause)
[4163.622s][info][gc,task        ] GC(479) Using 8 workers of 8 for evacuation
[4163.776s][info][gc,phases      ] GC(479)   Pre Evacuate Collection Set: 0.32ms
[4163.776s][info][gc,phases      ] GC(479)   Merge Heap Roots: 0.65ms
[4163.776s][info][gc,phases      ] GC(479)   Evacuate Collection Set: 151.19ms
[4163.776s][info][gc,phases      ] GC(479)   Post Evacuate Collection Set: 1.07ms
[4163.776s][info][gc,phases      ] GC(479)   Other: 0.09ms
[4163.776s][info][gc,heap        ] GC(479) Eden regions: 543->0(534)
[4163.776s][info][gc,heap        ] GC(479) Survivor regions: 42->43(74)
[4163.776s][info][gc,heap        ] GC(479) Old regions: 312->319
[4163.776s][info][gc,heap        ] GC(479) Humongous regions: 33->33
[4163.776s][info][gc,metaspace   ] GC(479) Metaspace: 29988K(30528K)->29988K(30528K) NonClass: 26591K(26880K)->26591K(26880K) Class: 3397K(3648K)->3397K(3648K)
[4163.776s][info][gc             ] GC(479) Pause Young (Concurrent Start) (G1 Evacuation Pause) 7422M->3142M(8192M) 153.480ms
[4163.776s][info][gc             ] GC(480) Concurrent Mark Cycle
[4163.776s][info][gc,marking     ] GC(480) Concurrent Scan Root Regions
[4163.776s][info][gc,cpu         ] GC(479) User=1.21s Sys=0.00s Real=0.15s
[4164.039s][info][gc,marking     ] GC(480) Concurrent Scan Root Regions 263.618ms
[4164.039s][info][gc,marking     ] GC(480) Concurrent Mark
[4164.039s][info][gc,marking     ] GC(480) Concurrent Mark From Roots
[4164.039s][info][gc,task        ] GC(480) Using 2 workers of 2 for marking
.[4164.717s][info][gc,marking     ] GC(480) Concurrent Mark From Roots 677.895ms
[4164.717s][info][gc,marking     ] GC(480) Concurrent Preclean
[4164.718s][info][gc,marking     ] GC(480) Concurrent Preclean 0.122ms
[4164.718s][info][gc,start       ] GC(480) Pause Remark
[4164.720s][info][gc             ] GC(480) Pause Remark 3950M->3430M(8192M) 2.202ms
[4164.720s][info][gc,cpu         ] GC(480) User=0.02s Sys=0.00s Real=0.00s
[4164.720s][info][gc,marking     ] GC(480) Concurrent Mark 680.516ms
[4164.720s][info][gc,marking     ] GC(480) Concurrent Rebuild Remembered Sets and Scrub Regions
.[4165.209s][info][gc,marking     ] GC(480) Concurrent Rebuild Remembered Sets and Scrub Regions 489.406ms
[4165.210s][info][gc,start       ] GC(480) Pause Cleanup
[4165.210s][info][gc             ] GC(480) Pause Cleanup 3822M->3822M(8192M) 0.273ms
[4165.210s][info][gc,cpu         ] GC(480) User=0.00s Sys=0.00s Real=0.00s
[4165.210s][info][gc,marking     ] GC(480) Concurrent Clear Claimed Marks
[4165.210s][info][gc,marking     ] GC(480) Concurrent Clear Claimed Marks 0.048ms
[4165.210s][info][gc,marking     ] GC(480) Concurrent Cleanup for Next Mark
[4165.220s][info][gc,marking     ] GC(480) Concurrent Cleanup for Next Mark 9.573ms
[4165.220s][info][gc             ] GC(480) Concurrent Mark Cycle 1443.832ms
...[4168.948s][info][gc,start       ] GC(481) Pause Young (Prepare Mixed) (G1 Evacuation Pause)
[4168.948s][info][gc,task        ] GC(481) Using 8 workers of 8 for evacuation
[4169.101s][info][gc,phases      ] GC(481)   Pre Evacuate Collection Set: 0.30ms
[4169.101s][info][gc,phases      ] GC(481)   Merge Heap Roots: 0.96ms
[4169.101s][info][gc,phases      ] GC(481)   Evacuate Collection Set: 150.02ms
[4169.101s][info][gc,phases      ] GC(481)   Post Evacuate Collection Set: 1.17ms
[4169.101s][info][gc,phases      ] GC(481)   Other: 0.07ms
[4169.101s][info][gc,heap        ] GC(481) Eden regions: 534->0(572)
[4169.101s][info][gc,heap        ] GC(481) Survivor regions: 43->42(73)
[4169.101s][info][gc,heap        ] GC(481) Old regions: 254->262
[4169.101s][info][gc,heap        ] GC(481) Humongous regions: 33->33
[4169.101s][info][gc,metaspace   ] GC(481) Metaspace: 29988K(30528K)->29988K(30528K) NonClass: 26591K(26880K)->26591K(26880K) Class: 3397K(3648K)->3397K(3648K)
[4169.101s][info][gc             ] GC(481) Pause Young (Prepare Mixed) (G1 Evacuation Pause) 6894M->2673M(8192M) 152.648ms
[4169.101s][info][gc,cpu         ] GC(481) User=1.20s Sys=0.00s Real=0.16s
......[4174.506s][info][gc,start       ] GC(482) Pause Young (Mixed) (G1 Evacuation Pause)
[4174.506s][info][gc,task        ] GC(482) Using 8 workers of 8 for evacuation
[4174.664s][info][gc,phases      ] GC(482)   Pre Evacuate Collection Set: 0.30ms
[4174.664s][info][gc,phases      ] GC(482)   Merge Heap Roots: 0.87ms
[4174.664s][info][gc,phases      ] GC(482)   Evacuate Collection Set: 155.03ms
[4174.664s][info][gc,phases      ] GC(482)   Post Evacuate Collection Set: 1.37ms
[4174.664s][info][gc,phases      ] GC(482)   Other: 0.08ms
[4174.664s][info][gc,heap        ] GC(482) Eden regions: 572->0(571)
[4174.664s][info][gc,heap        ] GC(482) Survivor regions: 42->43(77)
[4174.664s][info][gc,heap        ] GC(482) Old regions: 262->167
[4174.664s][info][gc,heap        ] GC(482) Humongous regions: 33->33
[4174.664s][info][gc,metaspace   ] GC(482) Metaspace: 29988K(30528K)->29988K(30528K) NonClass: 26591K(26880K)->26591K(26880K) Class: 3397K(3648K)->3397K(3648K)
[4174.664s][info][gc             ] GC(482) Pause Young (Mixed) (G1 Evacuation Pause) 7249M->1921M(8192M) 157.808ms
[4174.664s][info][gc,cpu         ] GC(482) User=1.25s Sys=0.00s Real=0.16s
.....[4180.072s][info][gc,start       ] GC(483) Pause Young (Mixed) (G1 Evacuation Pause)
[4180.072s][info][gc,task        ] GC(483) Using 8 workers of 8 for evacuation
[4180.245s][info][gc,phases      ] GC(483)   Pre Evacuate Collection Set: 0.28ms
[4180.245s][info][gc,phases      ] GC(483)   Merge Heap Roots: 1.24ms
[4180.245s][info][gc,phases      ] GC(483)   Evacuate Collection Set: 170.90ms
[4180.245s][info][gc,phases      ] GC(483)   Post Evacuate Collection Set: 1.14ms
[4180.245s][info][gc,phases      ] GC(483)   Other: 0.07ms
[4180.245s][info][gc,heap        ] GC(483) Eden regions: 571->0(571)
[4180.245s][info][gc,heap        ] GC(483) Survivor regions: 43->43(77)
[4180.245s][info][gc,heap        ] GC(483) Old regions: 167->143
[4180.245s][info][gc,heap        ] GC(483) Humongous regions: 33->33
[4180.245s][info][gc,metaspace   ] GC(483) Metaspace: 29988K(30528K)->29988K(30528K) NonClass: 26591K(26880K)->26591K(26880K) Class: 3397K(3648K)->3397K(3648K)
[4180.245s][info][gc             ] GC(483) Pause Young (Mixed) (G1 Evacuation Pause) 6489M->1733M(8192M) 173.747ms
[4180.245s][info][gc,cpu         ] GC(483) User=1.37s Sys=0.00s Real=0.17s
... (rIR:aIR:PR = 6918:6926:6926) (tPR = 102982) [OK] 
  4182s: Performance info:
         Transaction,    Success,    Partial,     Failed,   Receipts, AvgBarcode, 
             Overall,     416386,          0,          0,     395636,      59.47, 
         Response times:
             Request,    Success,    Partial,     Failed,   SkipFail,     Probes,    Samples,      min,      p50,      p90,      p95,      p99,      max, 
       TotalPurchase,     395638,          0,          0,          0,     360377,     392322,      300,     4700,     8900,    14100,    64000,   392000,
     InStorePurchase,     208741,          0,          0,          0,     190083,     206686,      300,     4800,     8900,    14400,    64000,   392000,
      OnlinePurchase,     145247,          0,          0,          0,     132226,     143882,      300,     4600,     8900,    13700,    64000,   319000,
        InstPurchase,      41650,          0,          0,          0,      38068,      41754,      500,     4800,     8800,    14000,    63000,   390000,
          AssocOfCat,        414,          0,          0,          0,        359,        507,    22000,    40000,    65200,   101600,   202120,   222000,
      AssocOfProduct,       4159,          0,          0,          0,       3871,       4356,      700,     5400,     9900,    16015,    61000,   294000,
      BusinessReport,       1046,          0,          0,          0,        900,       1081,    27000,    46000,    68000,    91600,   205720,   262000,
          CustBuyBeh,       4154,          0,          0,          0,       3912,       4481,      200,     3700,     8800,    14190,    62180,   315000,
       ProductReturn,      10977,          0,          0,          0,       9411,      10580,      200,     4500,     9000,    13700,    66190,   292000,

  4182s: (51%)   IR =   7057 ...[4185.646s][info][gc,start       ] GC(484) Pause Young (Normal) (G1 Evacuation Pause)
[4185.646s][info][gc,task        ] GC(484) Using 8 workers of 8 for evacuation
[4185.807s][info][gc,phases      ] GC(484)   Pre Evacuate Collection Set: 0.26ms
[4185.807s][info][gc,phases      ] GC(484)   Merge Heap Roots: 0.65ms
[4185.807s][info][gc,phases      ] GC(484)   Evacuate Collection Set: 158.76ms
[4185.807s][info][gc,phases      ] GC(484)   Post Evacuate Collection Set: 1.07ms
[4185.807s][info][gc,phases      ] GC(484)   Other: 0.07ms
[4185.807s][info][gc,heap        ] GC(484) Eden regions: 571->0(570)
[4185.807s][info][gc,heap        ] GC(484) Survivor regions: 43->44(77)
[4185.807s][info][gc,heap        ] GC(484) Old regions: 143->150
[4185.807s][info][gc,heap        ] GC(484) Humongous regions: 33->33
[4185.807s][info][gc,metaspace   ] GC(484) Metaspace: 29988K(30528K)->29988K(30528K) NonClass: 26591K(26880K)->26591K(26880K) Class: 3397K(3648K)->3397K(3648K)
[4185.807s][info][gc             ] GC(484) Pause Young (Normal) (G1 Evacuation Pause) 6301M->1796M(8192M) 160.949ms
[4185.807s][info][gc,cpu         ] GC(484) User=1.27s Sys=0.01s Real=0.16s
..|...[4191.068s][info][gc,start       ] GC(485) Pause Young (Normal) (G1 Evacuation Pause)
[4191.068s][info][gc,task        ] GC(485) Using 8 workers of 8 for evacuation
[4191.226s][info][gc,phases      ] GC(485)   Pre Evacuate Collection Set: 0.26ms
[4191.226s][info][gc,phases      ] GC(485)   Merge Heap Roots: 0.68ms
[4191.226s][info][gc,phases      ] GC(485)   Evacuate Collection Set: 156.13ms
[4191.226s][info][gc,phases      ] GC(485)   Post Evacuate Collection Set: 1.14ms
[4191.226s][info][gc,phases      ] GC(485)   Other: 0.07ms
[4191.226s][info][gc,heap        ] GC(485) Eden regions: 570->0(570)
[4191.226s][info][gc,heap        ] GC(485) Survivor regions: 44->44(77)
[4191.226s][info][gc,heap        ] GC(485) Old regions: 150->157
[4191.226s][info][gc,heap        ] GC(485) Humongous regions: 33->33
[4191.226s][info][gc,metaspace   ] GC(485) Metaspace: 29988K(30528K)->29988K(30528K) NonClass: 26591K(26880K)->26591K(26880K) Class: 3397K(3648K)->3397K(3648K)
[4191.226s][info][gc             ] GC(485) Pause Young (Normal) (G1 Evacuation Pause) 6356M->1853M(8192M) 158.404ms
[4191.226s][info][gc,cpu         ] GC(485) User=1.26s Sys=0.01s Real=0.16s
......[4196.552s][info][gc,start       ] GC(486) Pause Young (Normal) (G1 Evacuation Pause)
[4196.552s][info][gc,task        ] GC(486) Using 8 workers of 8 for evacuation
[4196.704s][info][gc,phases      ] GC(486)   Pre Evacuate Collection Set: 0.24ms
[4196.704s][info][gc,phases      ] GC(486)   Merge Heap Roots: 0.65ms
[4196.704s][info][gc,phases      ] GC(486)   Evacuate Collection Set: 149.94ms
[4196.704s][info][gc,phases      ] GC(486)   Post Evacuate Collection Set: 1.05ms
[4196.704s][info][gc,phases      ] GC(486)   Other: 0.06ms
[4196.704s][info][gc,heap        ] GC(486) Eden regions: 570->0(571)
[4196.704s][info][gc,heap        ] GC(486) Survivor regions: 44->43(77)
[4196.704s][info][gc,heap        ] GC(486) Old regions: 157->164
[4196.704s][info][gc,heap        ] GC(486) Humongous regions: 33->33
[4196.704s][info][gc,metaspace   ] GC(486) Metaspace: 29988K(30528K)->29988K(30528K) NonClass: 26591K(26880K)->26591K(26880K) Class: 3397K(3648K)->3397K(3648K)
[4196.704s][info][gc             ] GC(486) Pause Young (Normal) (G1 Evacuation Pause) 6413M->1903M(8192M) 152.077ms
[4196.704s][info][gc,cpu         ] GC(486) User=1.20s Sys=0.00s Real=0.15s
.....[4201.985s][info][gc,start       ] GC(487) Pause Young (Normal) (G1 Evacuation Pause)
[4201.985s][info][gc,task        ] GC(487) Using 8 workers of 8 for evacuation
[4202.144s][info][gc,phases      ] GC(487)   Pre Evacuate Collection Set: 0.29ms
[4202.144s][info][gc,phases      ] GC(487)   Merge Heap Roots: 0.77ms
[4202.144s][info][gc,phases      ] GC(487)   Evacuate Collection Set: 157.01ms
[4202.144s][info][gc,phases      ] GC(487)   Post Evacuate Collection Set: 1.06ms
[4202.144s][info][gc,phases      ] GC(487)   Other: 0.08ms
[4202.144s][info][gc,heap        ] GC(487) Eden regions: 571->0(570)
[4202.144s][info][gc,heap        ] GC(487) Survivor regions: 43->44(77)
[4202.144s][info][gc,heap        ] GC(487) Old regions: 164->171
[4202.144s][info][gc,heap        ] GC(487) Humongous regions: 33->33
[4202.144s][info][gc,metaspace   ] GC(487) Metaspace: 29988K(30528K)->29988K(30528K) NonClass: 26591K(26880K)->26591K(26880K) Class: 3397K(3648K)->3397K(3648K)
[4202.144s][info][gc             ] GC(487) Pause Young (Normal) (G1 Evacuation Pause) 6471M->1967M(8192M) 159.355ms
[4202.144s][info][gc,cpu         ] GC(487) User=1.26s Sys=0.01s Real=0.16s
......[4207.408s][info][gc,start       ] GC(488) Pause Young (Normal) (G1 Evacuation Pause)
[4207.408s][info][gc,task        ] GC(488) Using 8 workers of 8 for evacuation
[4207.566s][info][gc,phases      ] GC(488)   Pre Evacuate Collection Set: 0.28ms
[4207.566s][info][gc,phases      ] GC(488)   Merge Heap Roots: 0.65ms
[4207.566s][info][gc,phases      ] GC(488)   Evacuate Collection Set: 155.95ms
[4207.566s][info][gc,phases      ] GC(488)   Post Evacuate Collection Set: 1.08ms
[4207.566s][info][gc,phases      ] GC(488)   Other: 0.07ms
[4207.566s][info][gc,heap        ] GC(488) Eden regions: 570->0(571)
[4207.566s][info][gc,heap        ] GC(488) Survivor regions: 44->43(77)
[4207.566s][info][gc,heap        ] GC(488) Old regions: 171->178
[4207.566s][info][gc,heap        ] GC(488) Humongous regions: 33->33
[4207.566s][info][gc,metaspace   ] GC(488) Metaspace: 29988K(30528K)->29988K(30528K) NonClass: 26591K(26880K)->26591K(26880K) Class: 3397K(3648K)->3397K(3648K)
[4207.566s][info][gc             ] GC(488) Pause Young (Normal) (G1 Evacuation Pause) 6527M->2015M(8192M) 158.161ms
[4207.566s][info][gc,cpu         ] GC(488) User=1.26s Sys=0.00s Real=0.16s
.....[4212.846s][info][gc,start       ] GC(489) Pause Young (Normal) (G1 Evacuation Pause)
[4212.846s][info][gc,task        ] GC(489) Using 8 workers of 8 for evacuation
[4212.996s][info][gc,phases      ] GC(489)   Pre Evacuate Collection Set: 0.27ms
[4212.996s][info][gc,phases      ] GC(489)   Merge Heap Roots: 0.67ms
[4212.996s][info][gc,phases      ] GC(489)   Evacuate Collection Set: 147.95ms
[4212.996s][info][gc,phases      ] GC(489)   Post Evacuate Collection Set: 1.06ms
[4212.996s][info][gc,phases      ] GC(489)   Other: 0.07ms
[4212.996s][info][gc,heap        ] GC(489) Eden regions: 571->0(572)
[4212.996s][info][gc,heap        ] GC(489) Survivor regions: 43->42(77)
[4212.996s][info][gc,heap        ] GC(489) Old regions: 178->185
[4212.996s][info][gc,heap        ] GC(489) Humongous regions: 33->33
[4212.996s][info][gc,metaspace   ] GC(489) Metaspace: 29988K(30528K)->29988K(30528K) NonClass: 26591K(26880K)->26591K(26880K) Class: 3397K(3648K)->3397K(3648K)
[4212.996s][info][gc             ] GC(489) Pause Young (Normal) (G1 Evacuation Pause) 6583M->2067M(8192M) 150.143ms
[4212.996s][info][gc,cpu         ] GC(489) User=1.19s Sys=0.00s Real=0.15s
......[4218.388s][info][gc,start       ] GC(490) Pause Young (Normal) (G1 Evacuation Pause)
[4218.388s][info][gc,task        ] GC(490) Using 8 workers of 8 for evacuation
[4218.541s][info][gc,phases      ] GC(490)   Pre Evacuate Collection Set: 0.25ms
[4218.541s][info][gc,phases      ] GC(490)   Merge Heap Roots: 0.60ms
[4218.541s][info][gc,phases      ] GC(490)   Evacuate Collection Set: 150.69ms
[4218.541s][info][gc,phases      ] GC(490)   Post Evacuate Collection Set: 1.08ms
[4218.541s][info][gc,phases      ] GC(490)   Other: 0.06ms
[4218.541s][info][gc,heap        ] GC(490) Eden regions: 572->0(571)
[4218.541s][info][gc,heap        ] GC(490) Survivor regions: 42->43(77)
[4218.541s][info][gc,heap        ] GC(490) Old regions: 185->192
[4218.541s][info][gc,heap        ] GC(490) Humongous regions: 33->33
[4218.541s][info][gc,metaspace   ] GC(490) Metaspace: 29988K(30528K)->29988K(30528K) NonClass: 26591K(26880K)->26591K(26880K) Class: 3397K(3648K)->3397K(3648K)
[4218.541s][info][gc             ] GC(490) Pause Young (Normal) (G1 Evacuation Pause) 6643M->2129M(8192M) 152.803ms
[4218.541s][info][gc,cpu         ] GC(490) User=1.21s Sys=0.00s Real=0.15s
.....[4223.824s][info][gc,start       ] GC(491) Pause Young (Normal) (G1 Evacuation Pause)
[4223.824s][info][gc,task        ] GC(491) Using 8 workers of 8 for evacuation
[4223.979s][info][gc,phases      ] GC(491)   Pre Evacuate Collection Set: 0.24ms
[4223.979s][info][gc,phases      ] GC(491)   Merge Heap Roots: 0.60ms
[4223.979s][info][gc,phases      ] GC(491)   Evacuate Collection Set: 153.02ms
[4223.979s][info][gc,phases      ] GC(491)   Post Evacuate Collection Set: 1.08ms
[4223.979s][info][gc,phases      ] GC(491)   Other: 0.06ms
[4223.979s][info][gc,heap        ] GC(491) Eden regions: 571->0(571)
[4223.979s][info][gc,heap        ] GC(491) Survivor regions: 43->43(77)
[4223.979s][info][gc,heap        ] GC(491) Old regions: 192->199
[4223.979s][info][gc,heap        ] GC(491) Humongous regions: 33->33
[4223.979s][info][gc,metaspace   ] GC(491) Metaspace: 29988K(30528K)->29988K(30528K) NonClass: 26591K(26880K)->26591K(26880K) Class: 3397K(3648K)->3397K(3648K)
[4223.979s][info][gc             ] GC(491) Pause Young (Normal) (G1 Evacuation Pause) 6697M->2183M(8192M) 155.162ms
[4223.979s][info][gc,cpu         ] GC(491) User=1.23s Sys=0.00s Real=0.15s
.....[4229.288s][info][gc,start       ] GC(492) Pause Young (Normal) (G1 Evacuation Pause)
[4229.288s][info][gc,task        ] GC(492) Using 8 workers of 8 for evacuation
[4229.442s][info][gc,phases      ] GC(492)   Pre Evacuate Collection Set: 0.25ms
[4229.442s][info][gc,phases      ] GC(492)   Merge Heap Roots: 0.66ms
[4229.442s][info][gc,phases      ] GC(492)   Evacuate Collection Set: 151.80ms
[4229.442s][info][gc,phases      ] GC(492)   Post Evacuate Collection Set: 1.06ms
[4229.442s][info][gc,phases      ] GC(492)   Other: 0.06ms
[4229.442s][info][gc,heap        ] GC(492) Eden regions: 571->0(571)
[4229.442s][info][gc,heap        ] GC(492) Survivor regions: 43->43(77)
[4229.442s][info][gc,heap        ] GC(492) Old regions: 199->206
[4229.442s][info][gc,heap        ] GC(492) Humongous regions: 33->33
[4229.442s][info][gc,metaspace   ] GC(492) Metaspace: 29988K(30528K)->29988K(30528K) NonClass: 26591K(26880K)->26591K(26880K) Class: 3397K(3648K)->3397K(3648K)
[4229.442s][info][gc             ] GC(492) Pause Young (Normal) (G1 Evacuation Pause) 6751M->2237M(8192M) 153.965ms
[4229.442s][info][gc,cpu         ] GC(492) User=1.22s Sys=0.00s Real=0.16s
......[4234.728s][info][gc,start       ] GC(493) Pause Young (Normal) (G1 Evacuation Pause)
[4234.728s][info][gc,task        ] GC(493) Using 8 workers of 8 for evacuation
[4234.885s][info][gc,phases      ] GC(493)   Pre Evacuate Collection Set: 0.28ms
[4234.885s][info][gc,phases      ] GC(493)   Merge Heap Roots: 0.62ms
[4234.885s][info][gc,phases      ] GC(493)   Evacuate Collection Set: 154.12ms
[4234.885s][info][gc,phases      ] GC(493)   Post Evacuate Collection Set: 1.08ms
[4234.885s][info][gc,phases      ] GC(493)   Other: 0.07ms
[4234.885s][info][gc,heap        ] GC(493) Eden regions: 571->0(571)
[4234.885s][info][gc,heap        ] GC(493) Survivor regions: 43->43(77)
[4234.885s][info][gc,heap        ] GC(493) Old regions: 206->213
[4234.885s][info][gc,heap        ] GC(493) Humongous regions: 33->33
[4234.885s][info][gc,metaspace   ] GC(493) Metaspace: 29988K(30528K)->29988K(30528K) NonClass: 26591K(26880K)->26591K(26880K) Class: 3397K(3648K)->3397K(3648K)
[4234.885s][info][gc             ] GC(493) Pause Young (Normal) (G1 Evacuation Pause) 6805M->2297M(8192M) 156.304ms
[4234.885s][info][gc,cpu         ] GC(493) User=1.24s Sys=0.00s Real=0.16s
.....[4240.150s][info][gc,start       ] GC(494) Pause Young (Normal) (G1 Evacuation Pause)
[4240.150s][info][gc,task        ] GC(494) Using 8 workers of 8 for evacuation
[4240.305s][info][gc,phases      ] GC(494)   Pre Evacuate Collection Set: 0.25ms
[4240.305s][info][gc,phases      ] GC(494)   Merge Heap Roots: 0.67ms
[4240.305s][info][gc,phases      ] GC(494)   Evacuate Collection Set: 153.37ms
[4240.305s][info][gc,phases      ] GC(494)   Post Evacuate Collection Set: 1.11ms
[4240.305s][info][gc,phases      ] GC(494)   Other: 0.07ms
[4240.305s][info][gc,heap        ] GC(494) Eden regions: 571->0(570)
[4240.305s][info][gc,heap        ] GC(494) Survivor regions: 43->44(77)
[4240.305s][info][gc,heap        ] GC(494) Old regions: 213->220
[4240.305s][info][gc,heap        ] GC(494) Humongous regions: 33->33
[4240.305s][info][gc,metaspace   ] GC(494) Metaspace: 29988K(30528K)->29988K(30528K) NonClass: 26591K(26880K)->26591K(26880K) Class: 3397K(3648K)->3397K(3648K)
[4240.305s][info][gc             ] GC(494) Pause Young (Normal) (G1 Evacuation Pause) 6865M->2359M(8192M) 155.601ms
[4240.305s][info][gc,cpu         ] GC(494) User=1.23s Sys=0.00s Real=0.16s
......[4245.692s][info][gc,start       ] GC(495) Pause Young (Normal) (G1 Evacuation Pause)
[4245.692s][info][gc,task        ] GC(495) Using 8 workers of 8 for evacuation
[4245.844s][info][gc,phases      ] GC(495)   Pre Evacuate Collection Set: 0.25ms
[4245.844s][info][gc,phases      ] GC(495)   Merge Heap Roots: 0.61ms
[4245.844s][info][gc,phases      ] GC(495)   Evacuate Collection Set: 149.90ms
[4245.844s][info][gc,phases      ] GC(495)   Post Evacuate Collection Set: 1.05ms
[4245.844s][info][gc,phases      ] GC(495)   Other: 0.07ms
[4245.844s][info][gc,heap        ] GC(495) Eden regions: 570->0(571)
[4245.844s][info][gc,heap        ] GC(495) Survivor regions: 44->43(77)
[4245.844s][info][gc,heap        ] GC(495) Old regions: 220->227
[4245.844s][info][gc,heap        ] GC(495) Humongous regions: 33->33
[4245.844s][info][gc,metaspace   ] GC(495) Metaspace: 29988K(30528K)->29988K(30528K) NonClass: 26591K(26880K)->26591K(26880K) Class: 3397K(3648K)->3397K(3648K)
[4245.844s][info][gc             ] GC(495) Pause Young (Normal) (G1 Evacuation Pause) 6919M->2411M(8192M) 152.003ms
[4245.844s][info][gc,cpu         ] GC(495) User=1.20s Sys=0.00s Real=0.15s
.. (rIR:aIR:PR = 7057:7071:7072) (tPR = 104739) [OK] 
  4247s: Performance info:
         Transaction,    Success,    Partial,     Failed,   Receipts, AvgBarcode, 
             Overall,     425136,          0,          0,     403839,      59.47, 
         Response times:
             Request,    Success,    Partial,     Failed,   SkipFail,     Probes,    Samples,      min,      p50,      p90,      p95,      p99,      max, 
       TotalPurchase,     403820,          0,          0,          0,     360685,     390743,      300,     4800,     9200,    17300,    77000,   373000,
     InStorePurchase,     212839,          0,          0,          0,     190179,     205973,      300,     4800,     9200,    16700,    77000,   373000,
      OnlinePurchase,     148589,          0,          0,          0,     132664,     143576,      300,     4900,     9200,    18000,    77000,   372000,
        InstPurchase,      42392,          0,          0,          0,      37842,      41194,      400,     4700,     9300,    17825,    76000,   366000,
          AssocOfCat,        424,          0,          0,          0,        333,        429,    30000,    40000,    60000,    80500,   210000,   223000,
      AssocOfProduct,       4252,          0,          0,          0,       3973,       4488,      400,     4200,     9200,    16255,    76110,   293000,
      BusinessReport,       1068,          0,          0,          0,        956,       1175,    30000,    47000,    65400,    83200,   212240,   231000,
          CustBuyBeh,       4229,          0,          0,          0,       3947,       4465,      300,     4300,     8800,    19910,    74000,   174000,
       ProductReturn,      11311,          0,          0,          0,       9632,      10762,      200,     4700,     8800,    14300,    84000,   373000,

  4247s: (52%)   IR =   7195 ...[4251.074s][info][gc,start       ] GC(496) Pause Young (Normal) (G1 Evacuation Pause)
[4251.074s][info][gc,task        ] GC(496) Using 8 workers of 8 for evacuation
[4251.228s][info][gc,phases      ] GC(496)   Pre Evacuate Collection Set: 0.25ms
[4251.228s][info][gc,phases      ] GC(496)   Merge Heap Roots: 0.58ms
[4251.228s][info][gc,phases      ] GC(496)   Evacuate Collection Set: 152.56ms
[4251.228s][info][gc,phases      ] GC(496)   Post Evacuate Collection Set: 1.06ms
[4251.228s][info][gc,phases      ] GC(496)   Other: 0.07ms
[4251.228s][info][gc,heap        ] GC(496) Eden regions: 571->0(570)
[4251.228s][info][gc,heap        ] GC(496) Survivor regions: 43->44(77)
[4251.228s][info][gc,heap        ] GC(496) Old regions: 227->234
[4251.228s][info][gc,heap        ] GC(496) Humongous regions: 33->33
[4251.228s][info][gc,metaspace   ] GC(496) Metaspace: 29992K(30528K)->29992K(30528K) NonClass: 26595K(26880K)->26595K(26880K) Class: 3397K(3648K)->3397K(3648K)
[4251.228s][info][gc             ] GC(496) Pause Young (Normal) (G1 Evacuation Pause) 6979M->2470M(8192M) 154.656ms
[4251.228s][info][gc,cpu         ] GC(496) User=1.23s Sys=0.00s Real=0.15s
...|..[4256.388s][info][gc,start       ] GC(497) Pause Young (Normal) (G1 Evacuation Pause)
[4256.388s][info][gc,task        ] GC(497) Using 8 workers of 8 for evacuation
[4256.540s][info][gc,phases      ] GC(497)   Pre Evacuate Collection Set: 0.29ms
[4256.540s][info][gc,phases      ] GC(497)   Merge Heap Roots: 0.71ms
[4256.540s][info][gc,phases      ] GC(497)   Evacuate Collection Set: 149.28ms
[4256.540s][info][gc,phases      ] GC(497)   Post Evacuate Collection Set: 1.20ms
[4256.540s][info][gc,phases      ] GC(497)   Other: 0.07ms
[4256.540s][info][gc,heap        ] GC(497) Eden regions: 570->0(571)
[4256.540s][info][gc,heap        ] GC(497) Survivor regions: 44->43(77)
[4256.540s][info][gc,heap        ] GC(497) Old regions: 234->241
[4256.540s][info][gc,heap        ] GC(497) Humongous regions: 33->33
[4256.540s][info][gc,metaspace   ] GC(497) Metaspace: 29992K(30528K)->29992K(30528K) NonClass: 26595K(26880K)->26595K(26880K) Class: 3397K(3648K)->3397K(3648K)
[4256.540s][info][gc             ] GC(497) Pause Young (Normal) (G1 Evacuation Pause) 7030M->2519M(8192M) 151.693ms
[4256.540s][info][gc,cpu         ] GC(497) User=1.20s Sys=0.00s Real=0.15s
......[4261.747s][info][gc,start       ] GC(498) Pause Young (Normal) (G1 Evacuation Pause)
[4261.747s][info][gc,task        ] GC(498) Using 8 workers of 8 for evacuation
[4261.898s][info][gc,phases      ] GC(498)   Pre Evacuate Collection Set: 0.25ms
[4261.898s][info][gc,phases      ] GC(498)   Merge Heap Roots: 0.58ms
[4261.898s][info][gc,phases      ] GC(498)   Evacuate Collection Set: 149.13ms
[4261.898s][info][gc,phases      ] GC(498)   Post Evacuate Collection Set: 1.07ms
[4261.898s][info][gc,phases      ] GC(498)   Other: 0.07ms
[4261.898s][info][gc,heap        ] GC(498) Eden regions: 571->0(570)
[4261.898s][info][gc,heap        ] GC(498) Survivor regions: 43->44(77)
[4261.898s][info][gc,heap        ] GC(498) Old regions: 241->248
[4261.898s][info][gc,heap        ] GC(498) Humongous regions: 33->33
[4261.898s][info][gc,metaspace   ] GC(498) Metaspace: 29992K(30528K)->29992K(30528K) NonClass: 26595K(26880K)->26595K(26880K) Class: 3397K(3648K)->3397K(3648K)
[4261.898s][info][gc             ] GC(498) Pause Young (Normal) (G1 Evacuation Pause) 7087M->2583M(8192M) 151.227ms
[4261.898s][info][gc,cpu         ] GC(498) User=1.19s Sys=0.00s Real=0.15s
.....[4267.129s][info][gc,start       ] GC(499) Pause Young (Normal) (G1 Evacuation Pause)
[4267.129s][info][gc,task        ] GC(499) Using 8 workers of 8 for evacuation
[4267.285s][info][gc,phases      ] GC(499)   Pre Evacuate Collection Set: 0.25ms
[4267.285s][info][gc,phases      ] GC(499)   Merge Heap Roots: 0.63ms
[4267.285s][info][gc,phases      ] GC(499)   Evacuate Collection Set: 153.30ms
[4267.285s][info][gc,phases      ] GC(499)   Post Evacuate Collection Set: 1.08ms
[4267.285s][info][gc,phases      ] GC(499)   Other: 0.07ms
[4267.285s][info][gc,heap        ] GC(499) Eden regions: 570->0(570)
[4267.285s][info][gc,heap        ] GC(499) Survivor regions: 44->44(77)
[4267.285s][info][gc,heap        ] GC(499) Old regions: 248->255
[4267.285s][info][gc,heap        ] GC(499) Humongous regions: 33->33
[4267.285s][info][gc,metaspace   ] GC(499) Metaspace: 29992K(30528K)->29992K(30528K) NonClass: 26595K(26880K)->26595K(26880K) Class: 3397K(3648K)->3397K(3648K)
[4267.285s][info][gc             ] GC(499) Pause Young (Normal) (G1 Evacuation Pause) 7143M->2638M(8192M) 155.459ms
[4267.285s][info][gc,cpu         ] GC(499) User=1.23s Sys=0.01s Real=0.16s
.....[4272.488s][info][gc,start       ] GC(500) Pause Young (Normal) (G1 Evacuation Pause)
[4272.488s][info][gc,task        ] GC(500) Using 8 workers of 8 for evacuation
[4272.641s][info][gc,phases      ] GC(500)   Pre Evacuate Collection Set: 0.27ms
[4272.641s][info][gc,phases      ] GC(500)   Merge Heap Roots: 0.57ms
[4272.641s][info][gc,phases      ] GC(500)   Evacuate Collection Set: 150.90ms
[4272.641s][info][gc,phases      ] GC(500)   Post Evacuate Collection Set: 1.12ms
[4272.641s][info][gc,phases      ] GC(500)   Other: 0.07ms
[4272.641s][info][gc,heap        ] GC(500) Eden regions: 570->0(571)
[4272.641s][info][gc,heap        ] GC(500) Survivor regions: 44->43(77)
[4272.641s][info][gc,heap        ] GC(500) Old regions: 255->262
[4272.641s][info][gc,heap        ] GC(500) Humongous regions: 33->33
[4272.641s][info][gc,metaspace   ] GC(500) Metaspace: 29992K(30528K)->29992K(30528K) NonClass: 26595K(26880K)->26595K(26880K) Class: 3397K(3648K)->3397K(3648K)
[4272.641s][info][gc             ] GC(500) Pause Young (Normal) (G1 Evacuation Pause) 7198M->2691M(8192M) 153.065ms
[4272.641s][info][gc,cpu         ] GC(500) User=1.21s Sys=0.00s Real=0.16s
......[4277.827s][info][gc,start       ] GC(501) Pause Young (Normal) (G1 Evacuation Pause)
[4277.827s][info][gc,task        ] GC(501) Using 8 workers of 8 for evacuation
[4277.980s][info][gc,phases      ] GC(501)   Pre Evacuate Collection Set: 0.26ms
[4277.980s][info][gc,phases      ] GC(501)   Merge Heap Roots: 0.65ms
[4277.980s][info][gc,phases      ] GC(501)   Evacuate Collection Set: 150.46ms
[4277.980s][info][gc,phases      ] GC(501)   Post Evacuate Collection Set: 1.09ms
[4277.980s][info][gc,phases      ] GC(501)   Other: 0.06ms
[4277.980s][info][gc,heap        ] GC(501) Eden regions: 571->0(572)
[4277.980s][info][gc,heap        ] GC(501) Survivor regions: 43->42(77)
[4277.980s][info][gc,heap        ] GC(501) Old regions: 262->269
[4277.980s][info][gc,heap        ] GC(501) Humongous regions: 33->33
[4277.980s][info][gc,metaspace   ] GC(501) Metaspace: 29992K(30528K)->29992K(30528K) NonClass: 26595K(26880K)->26595K(26880K) Class: 3397K(3648K)->3397K(3648K)
[4277.980s][info][gc             ] GC(501) Pause Young (Normal) (G1 Evacuation Pause) 7259M->2739M(8192M) 152.643ms
[4277.980s][info][gc,cpu         ] GC(501) User=1.21s Sys=0.00s Real=0.15s
.....[4283.165s][info][gc,start       ] GC(502) Pause Young (Normal) (G1 Evacuation Pause)
[4283.165s][info][gc,task        ] GC(502) Using 8 workers of 8 for evacuation
[4283.318s][info][gc,phases      ] GC(502)   Pre Evacuate Collection Set: 0.25ms
[4283.318s][info][gc,phases      ] GC(502)   Merge Heap Roots: 0.63ms
[4283.318s][info][gc,phases      ] GC(502)   Evacuate Collection Set: 151.16ms
[4283.318s][info][gc,phases      ] GC(502)   Post Evacuate Collection Set: 1.08ms
[4283.318s][info][gc,phases      ] GC(502)   Other: 0.07ms
[4283.318s][info][gc,heap        ] GC(502) Eden regions: 572->0(571)
[4283.318s][info][gc,heap        ] GC(502) Survivor regions: 42->43(77)
[4283.318s][info][gc,heap        ] GC(502) Old regions: 269->276
[4283.318s][info][gc,heap        ] GC(502) Humongous regions: 33->33
[4283.318s][info][gc,metaspace   ] GC(502) Metaspace: 29992K(30528K)->29992K(30528K) NonClass: 26595K(26880K)->26595K(26880K) Class: 3397K(3648K)->3397K(3648K)
[4283.318s][info][gc             ] GC(502) Pause Young (Normal) (G1 Evacuation Pause) 7315M->2803M(8192M) 153.322ms
[4283.318s][info][gc,cpu         ] GC(502) User=1.22s Sys=0.01s Real=0.15s
.....[4288.546s][info][gc,start       ] GC(503) Pause Young (Normal) (G1 Evacuation Pause)
[4288.546s][info][gc,task        ] GC(503) Using 8 workers of 8 for evacuation
[4288.695s][info][gc,phases      ] GC(503)   Pre Evacuate Collection Set: 0.25ms
[4288.695s][info][gc,phases      ] GC(503)   Merge Heap Roots: 0.59ms
[4288.695s][info][gc,phases      ] GC(503)   Evacuate Collection Set: 147.61ms
[4288.695s][info][gc,phases      ] GC(503)   Post Evacuate Collection Set: 1.08ms
[4288.695s][info][gc,phases      ] GC(503)   Other: 0.07ms
[4288.695s][info][gc,heap        ] GC(503) Eden regions: 571->0(570)
[4288.695s][info][gc,heap        ] GC(503) Survivor regions: 43->43(77)
[4288.695s][info][gc,heap        ] GC(503) Old regions: 276->283
[4288.695s][info][gc,heap        ] GC(503) Humongous regions: 33->33
[4288.695s][info][gc,metaspace   ] GC(503) Metaspace: 29992K(30528K)->29992K(30528K) NonClass: 26595K(26880K)->26595K(26880K) Class: 3397K(3648K)->3397K(3648K)
[4288.695s][info][gc             ] GC(503) Pause Young (Normal) (G1 Evacuation Pause) 7371M->2855M(8192M) 149.753ms
[4288.695s][info][gc,cpu         ] GC(503) User=1.18s Sys=0.00s Real=0.15s
......[4293.879s][info][gc,start       ] GC(504) Pause Young (Normal) (G1 Evacuation Pause)
[4293.879s][info][gc,task        ] GC(504) Using 8 workers of 8 for evacuation
[4294.034s][info][gc,phases      ] GC(504)   Pre Evacuate Collection Set: 0.26ms
[4294.034s][info][gc,phases      ] GC(504)   Merge Heap Roots: 0.57ms
[4294.034s][info][gc,phases      ] GC(504)   Evacuate Collection Set: 153.48ms
[4294.034s][info][gc,phases      ] GC(504)   Post Evacuate Collection Set: 1.08ms
[4294.034s][info][gc,phases      ] GC(504)   Other: 0.06ms
[4294.034s][info][gc,heap        ] GC(504) Eden regions: 570->0(561)
[4294.034s][info][gc,heap        ] GC(504) Survivor regions: 43->44(77)
[4294.034s][info][gc,heap        ] GC(504) Old regions: 283->290
[4294.034s][info][gc,heap        ] GC(504) Humongous regions: 33->33
[4294.034s][info][gc,metaspace   ] GC(504) Metaspace: 29992K(30528K)->29992K(30528K) NonClass: 26595K(26880K)->26595K(26880K) Class: 3397K(3648K)->3397K(3648K)
[4294.034s][info][gc             ] GC(504) Pause Young (Normal) (G1 Evacuation Pause) 7415M->2919M(8192M) 155.592ms
[4294.034s][info][gc,cpu         ] GC(504) User=1.24s Sys=0.00s Real=0.16s
.....[4299.102s][info][gc,start       ] GC(505) Pause Young (Normal) (G1 Evacuation Pause)
[4299.102s][info][gc,task        ] GC(505) Using 8 workers of 8 for evacuation
[4299.256s][info][gc,phases      ] GC(505)   Pre Evacuate Collection Set: 0.27ms
[4299.256s][info][gc,phases      ] GC(505)   Merge Heap Roots: 0.59ms
[4299.256s][info][gc,phases      ] GC(505)   Evacuate Collection Set: 152.33ms
[4299.256s][info][gc,phases      ] GC(505)   Post Evacuate Collection Set: 1.04ms
[4299.256s][info][gc,phases      ] GC(505)   Other: 0.06ms
[4299.256s][info][gc,heap        ] GC(505) Eden regions: 561->0(555)
[4299.256s][info][gc,heap        ] GC(505) Survivor regions: 44->43(76)
[4299.256s][info][gc,heap        ] GC(505) Old regions: 290->298
[4299.256s][info][gc,heap        ] GC(505) Humongous regions: 33->33
[4299.256s][info][gc,metaspace   ] GC(505) Metaspace: 29992K(30528K)->29992K(30528K) NonClass: 26595K(26880K)->26595K(26880K) Class: 3397K(3648K)->3397K(3648K)
[4299.257s][info][gc             ] GC(505) Pause Young (Normal) (G1 Evacuation Pause) 7407M->2974M(8192M) 154.424ms
[4299.257s][info][gc,cpu         ] GC(505) User=1.22s Sys=0.00s Real=0.15s
.....[4304.347s][info][gc,start       ] GC(506) Pause Young (Normal) (G1 Evacuation Pause)
[4304.347s][info][gc,task        ] GC(506) Using 8 workers of 8 for evacuation
[4304.497s][info][gc,phases      ] GC(506)   Pre Evacuate Collection Set: 0.28ms
[4304.497s][info][gc,phases      ] GC(506)   Merge Heap Roots: 0.67ms
[4304.497s][info][gc,phases      ] GC(506)   Evacuate Collection Set: 147.28ms
[4304.497s][info][gc,phases      ] GC(506)   Post Evacuate Collection Set: 1.03ms
[4304.497s][info][gc,phases      ] GC(506)   Other: 0.07ms
[4304.497s][info][gc,heap        ] GC(506) Eden regions: 555->0(548)
[4304.497s][info][gc,heap        ] GC(506) Survivor regions: 43->43(75)
[4304.497s][info][gc,heap        ] GC(506) Old regions: 298->305
[4304.497s][info][gc,heap        ] GC(506) Humongous regions: 33->33
[4304.497s][info][gc,metaspace   ] GC(506) Metaspace: 29992K(30528K)->29992K(30528K) NonClass: 26595K(26880K)->26595K(26880K) Class: 3397K(3648K)->3397K(3648K)
[4304.497s][info][gc             ] GC(506) Pause Young (Normal) (G1 Evacuation Pause) 7414M->3030M(8192M) 149.463ms
[4304.497s][info][gc,cpu         ] GC(506) User=1.18s Sys=0.01s Real=0.15s
.....[4309.498s][info][gc,start       ] GC(507) Pause Young (Normal) (G1 Evacuation Pause)
[4309.498s][info][gc,task        ] GC(507) Using 8 workers of 8 for evacuation
[4309.649s][info][gc,phases      ] GC(507)   Pre Evacuate Collection Set: 0.24ms
[4309.649s][info][gc,phases      ] GC(507)   Merge Heap Roots: 0.65ms
[4309.649s][info][gc,phases      ] GC(507)   Evacuate Collection Set: 148.98ms
[4309.649s][info][gc,phases      ] GC(507)   Post Evacuate Collection Set: 1.04ms
[4309.649s][info][gc,phases      ] GC(507)   Other: 0.06ms
[4309.649s][info][gc,heap        ] GC(507) Eden regions: 548->0(543)
[4309.649s][info][gc,heap        ] GC(507) Survivor regions: 43->42(74)
[4309.649s][info][gc,heap        ] GC(507) Old regions: 305->312
[4309.649s][info][gc,heap        ] GC(507) Humongous regions: 33->33
[4309.649s][info][gc,metaspace   ] GC(507) Metaspace: 29992K(30528K)->29992K(30528K) NonClass: 26595K(26880K)->26595K(26880K) Class: 3397K(3648K)->3397K(3648K)
[4309.649s][info][gc             ] GC(507) Pause Young (Normal) (G1 Evacuation Pause) 7414M->3083M(8192M) 151.114ms
[4309.649s][info][gc,cpu         ] GC(507) User=1.19s Sys=0.00s Real=0.15s
..... (rIR:aIR:PR = 7195:7208:7207) (tPR = 106427) [OK] 
  4313s: Performance info:
         Transaction,    Success,    Partial,     Failed,   Receipts, AvgBarcode, 
             Overall,     433781,          0,          0,     412185,      59.47, 
         Response times:
             Request,    Success,    Partial,     Failed,   SkipFail,     Probes,    Samples,      min,      p50,      p90,      p95,      p99,      max, 
       TotalPurchase,     412194,          0,          0,          0,     360715,     401187,      300,     5000,     9500,    14300,    76000,   440000,
     InStorePurchase,     217153,          0,          0,          0,     189253,     210179,      300,     5000,     9500,    14500,    76000,   440000,
      OnlinePurchase,     151690,          0,          0,          0,     132902,     147712,      400,     5000,     9500,    14000,    75000,   439000,
        InstPurchase,      43351,          0,          0,          0,      38560,      43296,      500,     5100,     9600,    14400,    75000,   273000,
          AssocOfCat,        433,          0,          0,          0,        351,        463,    27000,    40000,    58000,    65800,   135800,   209000,
      AssocOfProduct,       4323,          0,          0,          0,       4076,       4842,      900,     4500,     9300,    13985,    66570,   209000,
      BusinessReport,       1081,          0,          0,          0,        943,       1174,    29000,    48000,    66000,    79250,   150750,   357000,
          CustBuyBeh,       4338,          0,          0,          0,       4089,       4736,      200,     4900,     9200,    12015,    74000,   282000,
       ProductReturn,      11450,          0,          0,          0,       9827,      11105,      200,     5100,     9200,    14170,    76000,   435000,

  4313s: (53%)   IR =   7334 [4314.588s][info][gc,start       ] GC(508) Pause Young (Concurrent Start) (G1 Evacuation Pause)
[4314.588s][info][gc,task        ] GC(508) Using 8 workers of 8 for evacuation
[4314.737s][info][gc,phases      ] GC(508)   Pre Evacuate Collection Set: 0.30ms
[4314.737s][info][gc,phases      ] GC(508)   Merge Heap Roots: 0.72ms
[4314.737s][info][gc,phases      ] GC(508)   Evacuate Collection Set: 146.33ms
[4314.737s][info][gc,phases      ] GC(508)   Post Evacuate Collection Set: 1.02ms
[4314.737s][info][gc,phases      ] GC(508)   Other: 0.13ms
[4314.737s][info][gc,heap        ] GC(508) Eden regions: 543->0(537)
[4314.737s][info][gc,heap        ] GC(508) Survivor regions: 42->41(74)
[4314.737s][info][gc,heap        ] GC(508) Old regions: 312->320
[4314.737s][info][gc,heap        ] GC(508) Humongous regions: 33->33
[4314.737s][info][gc,metaspace   ] GC(508) Metaspace: 29992K(30528K)->29992K(30528K) NonClass: 26595K(26880K)->26595K(26880K) Class: 3397K(3648K)->3397K(3648K)
[4314.737s][info][gc             ] GC(508) Pause Young (Concurrent Start) (G1 Evacuation Pause) 7427M->3131M(8192M) 148.636ms
[4314.737s][info][gc             ] GC(509) Concurrent Mark Cycle
[4314.737s][info][gc,marking     ] GC(509) Concurrent Scan Root Regions
[4314.737s][info][gc,cpu         ] GC(508) User=1.18s Sys=0.00s Real=0.15s
.[4315.005s][info][gc,marking     ] GC(509) Concurrent Scan Root Regions 267.754ms
[4315.005s][info][gc,marking     ] GC(509) Concurrent Mark
[4315.005s][info][gc,marking     ] GC(509) Concurrent Mark From Roots
[4315.005s][info][gc,task        ] GC(509) Using 2 workers of 2 for marking
.[4315.809s][info][gc,marking     ] GC(509) Concurrent Mark From Roots 803.905ms
[4315.809s][info][gc,marking     ] GC(509) Concurrent Preclean
[4315.809s][info][gc,marking     ] GC(509) Concurrent Preclean 0.159ms
[4315.809s][info][gc,start       ] GC(509) Pause Remark
[4315.812s][info][gc             ] GC(509) Pause Remark 4148M->3660M(8192M) 2.411ms
[4315.812s][info][gc,cpu         ] GC(509) User=0.02s Sys=0.00s Real=0.01s
[4315.812s][info][gc,marking     ] GC(509) Concurrent Mark 806.790ms
[4315.812s][info][gc,marking     ] GC(509) Concurrent Rebuild Remembered Sets and Scrub Regions
[4316.337s][info][gc,marking     ] GC(509) Concurrent Rebuild Remembered Sets and Scrub Regions 525.726ms
[4316.338s][info][gc,start       ] GC(509) Pause Cleanup
[4316.338s][info][gc             ] GC(509) Pause Cleanup 4156M->4156M(8192M) 0.280ms
[4316.338s][info][gc,cpu         ] GC(509) User=0.00s Sys=0.00s Real=0.00s
[4316.338s][info][gc,marking     ] GC(509) Concurrent Clear Claimed Marks
[4316.338s][info][gc,marking     ] GC(509) Concurrent Clear Claimed Marks 0.047ms
[4316.338s][info][gc,marking     ] GC(509) Concurrent Cleanup for Next Mark
[4316.347s][info][gc,marking     ] GC(509) Concurrent Cleanup for Next Mark 9.193ms
[4316.347s][info][gc             ] GC(509) Concurrent Mark Cycle 1610.246ms
...[4319.556s][info][gc,start       ] GC(510) Pause Young (Prepare Mixed) (G1 Evacuation Pause)
[4319.556s][info][gc,task        ] GC(510) Using 8 workers of 8 for evacuation
[4319.707s][info][gc,phases      ] GC(510)   Pre Evacuate Collection Set: 0.26ms
[4319.707s][info][gc,phases      ] GC(510)   Merge Heap Roots: 0.76ms
[4319.707s][info][gc,phases      ] GC(510)   Evacuate Collection Set: 148.54ms
[4319.707s][info][gc,phases      ] GC(510)   Post Evacuate Collection Set: 1.16ms
[4319.707s][info][gc,phases      ] GC(510)   Other: 0.08ms
[4319.707s][info][gc,heap        ] GC(510) Eden regions: 537->0(571)
[4319.707s][info][gc,heap        ] GC(510) Survivor regions: 41->43(73)
[4319.707s][info][gc,heap        ] GC(510) Old regions: 259->267
[4319.707s][info][gc,heap        ] GC(510) Humongous regions: 33->33
[4319.707s][info][gc,metaspace   ] GC(510) Metaspace: 29992K(30528K)->29992K(30528K) NonClass: 26595K(26880K)->26595K(26880K) Class: 3397K(3648K)->3397K(3648K)
[4319.707s][info][gc             ] GC(510) Pause Young (Prepare Mixed) (G1 Evacuation Pause) 6939M->2721M(8192M) 150.930ms
[4319.707s][info][gc,cpu         ] GC(510) User=1.20s Sys=0.00s Real=0.15s
......|[4324.873s][info][gc,start       ] GC(511) Pause Young (Mixed) (G1 Evacuation Pause)
[4324.873s][info][gc,task        ] GC(511) Using 8 workers of 8 for evacuation
[4325.030s][info][gc,phases      ] GC(511)   Pre Evacuate Collection Set: 0.31ms
[4325.030s][info][gc,phases      ] GC(511)   Merge Heap Roots: 0.77ms
[4325.030s][info][gc,phases      ] GC(511)   Evacuate Collection Set: 154.82ms
[4325.030s][info][gc,phases      ] GC(511)   Post Evacuate Collection Set: 1.32ms
[4325.030s][info][gc,phases      ] GC(511)   Other: 0.07ms
[4325.030s][info][gc,heap        ] GC(511) Eden regions: 571->0(571)
[4325.030s][info][gc,heap        ] GC(511) Survivor regions: 43->43(77)
[4325.030s][info][gc,heap        ] GC(511) Old regions: 267->171
[4325.030s][info][gc,heap        ] GC(511) Humongous regions: 33->33
[4325.030s][info][gc,metaspace   ] GC(511) Metaspace: 29992K(30528K)->29992K(30528K) NonClass: 26595K(26880K)->26595K(26880K) Class: 3397K(3648K)->3397K(3648K)
[4325.030s][info][gc             ] GC(511) Pause Young (Mixed) (G1 Evacuation Pause) 7289M->1962M(8192M) 157.409ms
[4325.030s][info][gc,cpu         ] GC(511) User=1.25s Sys=0.00s Real=0.15s
.....[4330.179s][info][gc,start       ] GC(512) Pause Young (Mixed) (G1 Evacuation Pause)
[4330.179s][info][gc,task        ] GC(512) Using 8 workers of 8 for evacuation
[4330.342s][info][gc,phases      ] GC(512)   Pre Evacuate Collection Set: 0.26ms
[4330.342s][info][gc,phases      ] GC(512)   Merge Heap Roots: 0.97ms
[4330.342s][info][gc,phases      ] GC(512)   Evacuate Collection Set: 161.24ms
[4330.342s][info][gc,phases      ] GC(512)   Post Evacuate Collection Set: 1.17ms
[4330.343s][info][gc,phases      ] GC(512)   Other: 0.07ms
[4330.343s][info][gc,heap        ] GC(512) Eden regions: 571->0(570)
[4330.343s][info][gc,heap        ] GC(512) Survivor regions: 43->44(77)
[4330.343s][info][gc,heap        ] GC(512) Old regions: 171->142
[4330.343s][info][gc,heap        ] GC(512) Humongous regions: 33->33
[4330.343s][info][gc,metaspace   ] GC(512) Metaspace: 29992K(30528K)->29992K(30528K) NonClass: 26595K(26880K)->26595K(26880K) Class: 3397K(3648K)->3397K(3648K)
[4330.343s][info][gc             ] GC(512) Pause Young (Mixed) (G1 Evacuation Pause) 6530M->1732M(8192M) 163.844ms
[4330.343s][info][gc,cpu         ] GC(512) User=1.30s Sys=0.00s Real=0.17s
.....[4335.425s][info][gc,start       ] GC(513) Pause Young (Normal) (G1 Evacuation Pause)
[4335.425s][info][gc,task        ] GC(513) Using 8 workers of 8 for evacuation
[4335.578s][info][gc,phases      ] GC(513)   Pre Evacuate Collection Set: 0.23ms
[4335.578s][info][gc,phases      ] GC(513)   Merge Heap Roots: 0.62ms
[4335.578s][info][gc,phases      ] GC(513)   Evacuate Collection Set: 151.11ms
[4335.578s][info][gc,phases      ] GC(513)   Post Evacuate Collection Set: 1.08ms
[4335.578s][info][gc,phases      ] GC(513)   Other: 0.07ms
[4335.578s][info][gc,heap        ] GC(513) Eden regions: 570->0(572)
[4335.578s][info][gc,heap        ] GC(513) Survivor regions: 44->42(77)
[4335.578s][info][gc,heap        ] GC(513) Old regions: 142->149
[4335.579s][info][gc,heap        ] GC(513) Humongous regions: 33->33
[4335.579s][info][gc,metaspace   ] GC(513) Metaspace: 29992K(30528K)->29992K(30528K) NonClass: 26595K(26880K)->26595K(26880K) Class: 3397K(3648K)->3397K(3648K)
[4335.579s][info][gc             ] GC(513) Pause Young (Normal) (G1 Evacuation Pause) 6292M->1776M(8192M) 153.235ms
[4335.579s][info][gc,cpu         ] GC(513) User=1.21s Sys=0.00s Real=0.15s
.....[4340.703s][info][gc,start       ] GC(514) Pause Young (Normal) (G1 Evacuation Pause)
[4340.703s][info][gc,task        ] GC(514) Using 8 workers of 8 for evacuation
[4340.853s][info][gc,phases      ] GC(514)   Pre Evacuate Collection Set: 0.27ms
[4340.853s][info][gc,phases      ] GC(514)   Merge Heap Roots: 0.57ms
[4340.853s][info][gc,phases      ] GC(514)   Evacuate Collection Set: 147.52ms
[4340.853s][info][gc,phases      ] GC(514)   Post Evacuate Collection Set: 1.10ms
[4340.853s][info][gc,phases      ] GC(514)   Other: 0.06ms
[4340.853s][info][gc,heap        ] GC(514) Eden regions: 572->0(571)
[4340.853s][info][gc,heap        ] GC(514) Survivor regions: 42->43(77)
[4340.853s][info][gc,heap        ] GC(514) Old regions: 149->156
[4340.853s][info][gc,heap        ] GC(514) Humongous regions: 33->33
[4340.853s][info][gc,metaspace   ] GC(514) Metaspace: 29992K(30528K)->29992K(30528K) NonClass: 26595K(26880K)->26595K(26880K) Class: 3397K(3648K)->3397K(3648K)
[4340.853s][info][gc             ] GC(514) Pause Young (Normal) (G1 Evacuation Pause) 6352M->1841M(8192M) 149.648ms
[4340.853s][info][gc,cpu         ] GC(514) User=1.18s Sys=0.00s Real=0.15s
......[4345.968s][info][gc,start       ] GC(515) Pause Young (Normal) (G1 Evacuation Pause)
[4345.968s][info][gc,task        ] GC(515) Using 8 workers of 8 for evacuation
[4346.122s][info][gc,phases      ] GC(515)   Pre Evacuate Collection Set: 0.26ms
[4346.122s][info][gc,phases      ] GC(515)   Merge Heap Roots: 0.66ms
[4346.122s][info][gc,phases      ] GC(515)   Evacuate Collection Set: 151.80ms
[4346.122s][info][gc,phases      ] GC(515)   Post Evacuate Collection Set: 1.06ms
[4346.122s][info][gc,phases      ] GC(515)   Other: 0.06ms
[4346.122s][info][gc,heap        ] GC(515) Eden regions: 571->0(571)
[4346.122s][info][gc,heap        ] GC(515) Survivor regions: 43->43(77)
[4346.122s][info][gc,heap        ] GC(515) Old regions: 156->163
[4346.122s][info][gc,heap        ] GC(515) Humongous regions: 33->33
[4346.122s][info][gc,metaspace   ] GC(515) Metaspace: 29992K(30528K)->29992K(30528K) NonClass: 26595K(26880K)->26595K(26880K) Class: 3397K(3648K)->3397K(3648K)
[4346.122s][info][gc             ] GC(515) Pause Young (Normal) (G1 Evacuation Pause) 6409M->1893M(8192M) 153.983ms
[4346.122s][info][gc,cpu         ] GC(515) User=1.22s Sys=0.00s Real=0.16s
.....[4351.249s][info][gc,start       ] GC(516) Pause Young (Normal) (G1 Evacuation Pause)
[4351.249s][info][gc,task        ] GC(516) Using 8 workers of 8 for evacuation
[4351.404s][info][gc,phases      ] GC(516)   Pre Evacuate Collection Set: 0.27ms
[4351.404s][info][gc,phases      ] GC(516)   Merge Heap Roots: 0.60ms
[4351.404s][info][gc,phases      ] GC(516)   Evacuate Collection Set: 153.10ms
[4351.404s][info][gc,phases      ] GC(516)   Post Evacuate Collection Set: 1.07ms
[4351.404s][info][gc,phases      ] GC(516)   Other: 0.07ms
[4351.404s][info][gc,heap        ] GC(516) Eden regions: 571->0(570)
[4351.404s][info][gc,heap        ] GC(516) Survivor regions: 43->44(77)
[4351.404s][info][gc,heap        ] GC(516) Old regions: 163->170
[4351.404s][info][gc,heap        ] GC(516) Humongous regions: 33->33
[4351.404s][info][gc,metaspace   ] GC(516) Metaspace: 29992K(30528K)->29992K(30528K) NonClass: 26595K(26880K)->26595K(26880K) Class: 3397K(3648K)->3397K(3648K)
[4351.404s][info][gc             ] GC(516) Pause Young (Normal) (G1 Evacuation Pause) 6461M->1959M(8192M) 155.243ms
[4351.405s][info][gc,cpu         ] GC(516) User=1.23s Sys=0.00s Real=0.16s
.....[4356.470s][info][gc,start       ] GC(517) Pause Young (Normal) (G1 Evacuation Pause)
[4356.470s][info][gc,task        ] GC(517) Using 8 workers of 8 for evacuation
[4356.621s][info][gc,phases      ] GC(517)   Pre Evacuate Collection Set: 0.24ms
[4356.621s][info][gc,phases      ] GC(517)   Merge Heap Roots: 0.61ms
[4356.621s][info][gc,phases      ] GC(517)   Evacuate Collection Set: 148.99ms
[4356.621s][info][gc,phases      ] GC(517)   Post Evacuate Collection Set: 1.06ms
[4356.621s][info][gc,phases      ] GC(517)   Other: 0.06ms
[4356.621s][info][gc,heap        ] GC(517) Eden regions: 570->0(572)
[4356.621s][info][gc,heap        ] GC(517) Survivor regions: 44->42(77)
[4356.621s][info][gc,heap        ] GC(517) Old regions: 170->177
[4356.621s][info][gc,heap        ] GC(517) Humongous regions: 33->33
[4356.621s][info][gc,metaspace   ] GC(517) Metaspace: 29992K(30528K)->29992K(30528K) NonClass: 26595K(26880K)->26595K(26880K) Class: 3397K(3648K)->3397K(3648K)
[4356.621s][info][gc             ] GC(517) Pause Young (Normal) (G1 Evacuation Pause) 6519M->1999M(8192M) 151.087ms
[4356.621s][info][gc,cpu         ] GC(517) User=1.20s Sys=0.00s Real=0.16s
.....[4361.761s][info][gc,start       ] GC(518) Pause Young (Normal) (G1 Evacuation Pause)
[4361.761s][info][gc,task        ] GC(518) Using 8 workers of 8 for evacuation
[4361.914s][info][gc,phases      ] GC(518)   Pre Evacuate Collection Set: 0.24ms
[4361.914s][info][gc,phases      ] GC(518)   Merge Heap Roots: 0.70ms
[4361.914s][info][gc,phases      ] GC(518)   Evacuate Collection Set: 150.32ms
[4361.914s][info][gc,phases      ] GC(518)   Post Evacuate Collection Set: 1.08ms
[4361.914s][info][gc,phases      ] GC(518)   Other: 0.07ms
[4361.914s][info][gc,heap        ] GC(518) Eden regions: 572->0(571)
[4361.914s][info][gc,heap        ] GC(518) Survivor regions: 42->43(77)
[4361.914s][info][gc,heap        ] GC(518) Old regions: 177->184
[4361.914s][info][gc,heap        ] GC(518) Humongous regions: 33->33
[4361.914s][info][gc,metaspace   ] GC(518) Metaspace: 29992K(30528K)->29992K(30528K) NonClass: 26595K(26880K)->26595K(26880K) Class: 3397K(3648K)->3397K(3648K)
[4361.914s][info][gc             ] GC(518) Pause Young (Normal) (G1 Evacuation Pause) 6575M->2067M(8192M) 152.544ms
[4361.914s][info][gc,cpu         ] GC(518) User=1.20s Sys=0.00s Real=0.15s
......[4366.981s][info][gc,start       ] GC(519) Pause Young (Normal) (G1 Evacuation Pause)
[4366.981s][info][gc,task        ] GC(519) Using 8 workers of 8 for evacuation
[4367.132s][info][gc,phases      ] GC(519)   Pre Evacuate Collection Set: 0.28ms
[4367.132s][info][gc,phases      ] GC(519)   Merge Heap Roots: 0.64ms
[4367.132s][info][gc,phases      ] GC(519)   Evacuate Collection Set: 148.81ms
[4367.132s][info][gc,phases      ] GC(519)   Post Evacuate Collection Set: 1.09ms
[4367.132s][info][gc,phases      ] GC(519)   Other: 0.08ms
[4367.132s][info][gc,heap        ] GC(519) Eden regions: 571->0(571)
[4367.132s][info][gc,heap        ] GC(519) Survivor regions: 43->43(77)
[4367.132s][info][gc,heap        ] GC(519) Old regions: 184->191
[4367.132s][info][gc,heap        ] GC(519) Humongous regions: 33->33
[4367.132s][info][gc,metaspace   ] GC(519) Metaspace: 29992K(30528K)->29992K(30528K) NonClass: 26595K(26880K)->26595K(26880K) Class: 3397K(3648K)->3397K(3648K)
[4367.132s][info][gc             ] GC(519) Pause Young (Normal) (G1 Evacuation Pause) 6635M->2119M(8192M) 151.060ms
[4367.132s][info][gc,cpu         ] GC(519) User=1.20s Sys=0.00s Real=0.15s
.....[4372.274s][info][gc,start       ] GC(520) Pause Young (Normal) (G1 Evacuation Pause)
[4372.274s][info][gc,task        ] GC(520) Using 8 workers of 8 for evacuation
[4372.435s][info][gc,phases      ] GC(520)   Pre Evacuate Collection Set: 0.24ms
[4372.435s][info][gc,phases      ] GC(520)   Merge Heap Roots: 0.57ms
[4372.435s][info][gc,phases      ] GC(520)   Evacuate Collection Set: 158.89ms
[4372.435s][info][gc,phases      ] GC(520)   Post Evacuate Collection Set: 1.10ms
[4372.435s][info][gc,phases      ] GC(520)   Other: 0.06ms
[4372.435s][info][gc,heap        ] GC(520) Eden regions: 571->0(569)
[4372.435s][info][gc,heap        ] GC(520) Survivor regions: 43->45(77)
[4372.435s][info][gc,heap        ] GC(520) Old regions: 191->199
[4372.435s][info][gc,heap        ] GC(520) Humongous regions: 33->33
[4372.435s][info][gc,metaspace   ] GC(520) Metaspace: 29992K(30528K)->29992K(30528K) NonClass: 26595K(26880K)->26595K(26880K) Class: 3397K(3648K)->3397K(3648K)
[4372.435s][info][gc             ] GC(520) Pause Young (Normal) (G1 Evacuation Pause) 6687M->2194M(8192M) 160.984ms
[4372.435s][info][gc,cpu         ] GC(520) User=1.27s Sys=0.00s Real=0.16s
.....[4377.477s][info][gc,start       ] GC(521) Pause Young (Normal) (G1 Evacuation Pause)
[4377.477s][info][gc,task        ] GC(521) Using 8 workers of 8 for evacuation
[4377.627s][info][gc,phases      ] GC(521)   Pre Evacuate Collection Set: 0.24ms
[4377.627s][info][gc,phases      ] GC(521)   Merge Heap Roots: 0.62ms
[4377.627s][info][gc,phases      ] GC(521)   Evacuate Collection Set: 148.22ms
[4377.627s][info][gc,phases      ] GC(521)   Post Evacuate Collection Set: 1.07ms
[4377.627s][info][gc,phases      ] GC(521)   Other: 0.07ms
[4377.627s][info][gc,heap        ] GC(521) Eden regions: 569->0(571)
[4377.627s][info][gc,heap        ] GC(521) Survivor regions: 45->43(77)
[4377.627s][info][gc,heap        ] GC(521) Old regions: 199->206
[4377.627s][info][gc,heap        ] GC(521) Humongous regions: 33->33
[4377.627s][info][gc,metaspace   ] GC(521) Metaspace: 29992K(30528K)->29992K(30528K) NonClass: 26595K(26880K)->26595K(26880K) Class: 3397K(3648K)->3397K(3648K)
[4377.627s][info][gc             ] GC(521) Pause Young (Normal) (G1 Evacuation Pause) 6746M->2234M(8192M) 150.351ms
[4377.628s][info][gc,cpu         ] GC(521) User=1.20s Sys=0.00s Real=0.15s
.....[4382.707s][info][gc,start       ] GC(522) Pause Young (Normal) (G1 Evacuation Pause)
[4382.707s][info][gc,task        ] GC(522) Using 8 workers of 8 for evacuation
[4382.869s][info][gc,phases      ] GC(522)   Pre Evacuate Collection Set: 0.28ms
[4382.869s][info][gc,phases      ] GC(522)   Merge Heap Roots: 0.60ms
[4382.869s][info][gc,phases      ] GC(522)   Evacuate Collection Set: 160.20ms
[4382.869s][info][gc,phases      ] GC(522)   Post Evacuate Collection Set: 1.07ms
[4382.869s][info][gc,phases      ] GC(522)   Other: 0.08ms
[4382.869s][info][gc,heap        ] GC(522) Eden regions: 571->0(569)
[4382.869s][info][gc,heap        ] GC(522) Survivor regions: 43->45(77)
[4382.869s][info][gc,heap        ] GC(522) Old regions: 206->213
[4382.869s][info][gc,heap        ] GC(522) Humongous regions: 33->33
[4382.869s][info][gc,metaspace   ] GC(522) Metaspace: 29992K(30528K)->29992K(30528K) NonClass: 26595K(26880K)->26595K(26880K) Class: 3397K(3648K)->3397K(3648K)
[4382.869s][info][gc             ] GC(522) Pause Young (Normal) (G1 Evacuation Pause) 6802M->2307M(8192M) 162.361ms
[4382.870s][info][gc,cpu         ] GC(522) User=1.29s Sys=0.00s Real=0.16s
... (rIR:aIR:PR = 7334:7333:7333) (tPR = 109845) [OK] 
  4384s: Performance info:
         Transaction,    Success,    Partial,     Failed,   Receipts, AvgBarcode, 
             Overall,     440962,          0,          0,     418935,      59.48, 
         Response times:
             Request,    Success,    Partial,     Failed,   SkipFail,     Probes,    Samples,      min,      p50,      p90,      p95,      p99,      max, 
       TotalPurchase,     418969,          0,          0,          0,     359940,     428892,      300,     5000,    10000,    17900,    74000,   670000,
     InStorePurchase,     219686,          0,          0,          0,     189811,     225644,      300,     4900,    10000,    17900,    74000,   670000,
      OnlinePurchase,     155362,          0,          0,          0,     132231,     157598,      300,     5000,     9900,    17700,    75000,   670000,
        InstPurchase,      43921,          0,          0,          0,      37898,      45650,      500,     5200,    10200,    17400,    74000,   670000,
          AssocOfCat,        438,          0,          0,          0,        353,        510,    28000,    43000,    63000,    85900,   204450,   231000,
      AssocOfProduct,       4401,          0,          0,          0,       4127,       5193,      800,     5500,    10600,    19800,    72000,   340000,
      BusinessReport,       1104,          0,          0,          0,        981,       1305,    32000,    46000,    67000,    79000,   158940,   237000,
          CustBuyBeh,       4415,          0,          0,          0,       4182,       5244,      300,     4200,     9600,    13875,    58000,   283000,
       ProductReturn,      11674,          0,          0,          0,      10072,      12236,      200,     4800,     9500,    19330,    79000,   340000,

  4384s: (54%)   IR =   7472 ..[4387.855s][info][gc,start       ] GC(523) Pause Young (Normal) (G1 Evacuation Pause)
[4387.855s][info][gc,task        ] GC(523) Using 8 workers of 8 for evacuation
[4388.006s][info][gc,phases      ] GC(523)   Pre Evacuate Collection Set: 0.25ms
[4388.006s][info][gc,phases      ] GC(523)   Merge Heap Roots: 0.58ms
[4388.006s][info][gc,phases      ] GC(523)   Evacuate Collection Set: 148.98ms
[4388.006s][info][gc,phases      ] GC(523)   Post Evacuate Collection Set: 1.08ms
[4388.006s][info][gc,phases      ] GC(523)   Other: 0.06ms
[4388.006s][info][gc,heap        ] GC(523) Eden regions: 569->0(571)
[4388.006s][info][gc,heap        ] GC(523) Survivor regions: 45->43(77)
[4388.006s][info][gc,heap        ] GC(523) Old regions: 213->220
[4388.006s][info][gc,heap        ] GC(523) Humongous regions: 33->33
[4388.006s][info][gc,metaspace   ] GC(523) Metaspace: 29992K(30528K)->29992K(30528K) NonClass: 26595K(26880K)->26595K(26880K) Class: 3397K(3648K)->3397K(3648K)
[4388.006s][info][gc             ] GC(523) Pause Young (Normal) (G1 Evacuation Pause) 6859M->2353M(8192M) 151.072ms
[4388.006s][info][gc,cpu         ] GC(523) User=1.20s Sys=0.00s Real=0.15s
......[4393.091s][info][gc,start       ] GC(524) Pause Young (Normal) (G1 Evacuation Pause)
[4393.091s][info][gc,task        ] GC(524) Using 8 workers of 8 for evacuation
[4393.245s][info][gc,phases      ] GC(524)   Pre Evacuate Collection Set: 0.25ms
[4393.245s][info][gc,phases      ] GC(524)   Merge Heap Roots: 0.63ms
[4393.245s][info][gc,phases      ] GC(524)   Evacuate Collection Set: 151.08ms
[4393.245s][info][gc,phases      ] GC(524)   Post Evacuate Collection Set: 1.11ms
[4393.245s][info][gc,phases      ] GC(524)   Other: 0.06ms
[4393.245s][info][gc,heap        ] GC(524) Eden regions: 571->0(571)
[4393.245s][info][gc,heap        ] GC(524) Survivor regions: 43->43(77)
[4393.245s][info][gc,heap        ] GC(524) Old regions: 220->227
[4393.245s][info][gc,heap        ] GC(524) Humongous regions: 33->33
[4393.245s][info][gc,metaspace   ] GC(524) Metaspace: 29992K(30528K)->29992K(30528K) NonClass: 26595K(26880K)->26595K(26880K) Class: 3397K(3648K)->3397K(3648K)
[4393.245s][info][gc             ] GC(524) Pause Young (Normal) (G1 Evacuation Pause) 6921M->2409M(8192M) 153.281ms
[4393.245s][info][gc,cpu         ] GC(524) User=1.22s Sys=0.00s Real=0.15s
.|....[4398.211s][info][gc,start       ] GC(525) Pause Young (Normal) (G1 Evacuation Pause)
[4398.211s][info][gc,task        ] GC(525) Using 8 workers of 8 for evacuation
[4398.365s][info][gc,phases      ] GC(525)   Pre Evacuate Collection Set: 0.24ms
[4398.365s][info][gc,phases      ] GC(525)   Merge Heap Roots: 0.59ms
[4398.365s][info][gc,phases      ] GC(525)   Evacuate Collection Set: 151.45ms
[4398.365s][info][gc,phases      ] GC(525)   Post Evacuate Collection Set: 1.08ms
[4398.365s][info][gc,phases      ] GC(525)   Other: 0.07ms
[4398.365s][info][gc,heap        ] GC(525) Eden regions: 571->0(571)
[4398.365s][info][gc,heap        ] GC(525) Survivor regions: 43->43(77)
[4398.365s][info][gc,heap        ] GC(525) Old regions: 227->234
[4398.365s][info][gc,heap        ] GC(525) Humongous regions: 33->33
[4398.365s][info][gc,metaspace   ] GC(525) Metaspace: 29992K(30528K)->29992K(30528K) NonClass: 26595K(26880K)->26595K(26880K) Class: 3397K(3648K)->3397K(3648K)
[4398.365s][info][gc             ] GC(525) Pause Young (Normal) (G1 Evacuation Pause) 6977M->2465M(8192M) 153.566ms
[4398.365s][info][gc,cpu         ] GC(525) User=1.22s Sys=0.00s Real=0.15s
.....[4403.421s][info][gc,start       ] GC(526) Pause Young (Normal) (G1 Evacuation Pause)
[4403.421s][info][gc,task        ] GC(526) Using 8 workers of 8 for evacuation
[4403.573s][info][gc,phases      ] GC(526)   Pre Evacuate Collection Set: 0.24ms
[4403.573s][info][gc,phases      ] GC(526)   Merge Heap Roots: 0.65ms
[4403.573s][info][gc,phases      ] GC(526)   Evacuate Collection Set: 149.81ms
[4403.573s][info][gc,phases      ] GC(526)   Post Evacuate Collection Set: 1.05ms
[4403.573s][info][gc,phases      ] GC(526)   Other: 0.06ms
[4403.573s][info][gc,heap        ] GC(526) Eden regions: 571->0(571)
[4403.573s][info][gc,heap        ] GC(526) Survivor regions: 43->43(77)
[4403.573s][info][gc,heap        ] GC(526) Old regions: 234->241
[4403.573s][info][gc,heap        ] GC(526) Humongous regions: 33->33
[4403.573s][info][gc,metaspace   ] GC(526) Metaspace: 29992K(30528K)->29992K(30528K) NonClass: 26595K(26880K)->26595K(26880K) Class: 3397K(3648K)->3397K(3648K)
[4403.573s][info][gc             ] GC(526) Pause Young (Normal) (G1 Evacuation Pause) 7033M->2523M(8192M) 151.959ms
[4403.573s][info][gc,cpu         ] GC(526) User=1.21s Sys=0.00s Real=0.15s
.....[4408.612s][info][gc,start       ] GC(527) Pause Young (Normal) (G1 Evacuation Pause)
[4408.613s][info][gc,task        ] GC(527) Using 8 workers of 8 for evacuation
[4408.770s][info][gc,phases      ] GC(527)   Pre Evacuate Collection Set: 0.27ms
[4408.770s][info][gc,phases      ] GC(527)   Merge Heap Roots: 0.69ms
[4408.770s][info][gc,phases      ] GC(527)   Evacuate Collection Set: 154.93ms
[4408.770s][info][gc,phases      ] GC(527)   Post Evacuate Collection Set: 1.08ms
[4408.770s][info][gc,phases      ] GC(527)   Other: 0.07ms
[4408.770s][info][gc,heap        ] GC(527) Eden regions: 571->0(571)
[4408.770s][info][gc,heap        ] GC(527) Survivor regions: 43->43(77)
[4408.770s][info][gc,heap        ] GC(527) Old regions: 241->248
[4408.770s][info][gc,heap        ] GC(527) Humongous regions: 33->33
[4408.770s][info][gc,metaspace   ] GC(527) Metaspace: 29992K(30528K)->29992K(30528K) NonClass: 26595K(26880K)->26595K(26880K) Class: 3397K(3648K)->3397K(3648K)
[4408.770s][info][gc             ] GC(527) Pause Young (Normal) (G1 Evacuation Pause) 7091M->2579M(8192M) 157.184ms
[4408.770s][info][gc,cpu         ] GC(527) User=1.25s Sys=0.00s Real=0.15s
.....[4413.732s][info][gc,start       ] GC(528) Pause Young (Normal) (G1 Evacuation Pause)
[4413.732s][info][gc,task        ] GC(528) Using 8 workers of 8 for evacuation
[4413.882s][info][gc,phases      ] GC(528)   Pre Evacuate Collection Set: 0.24ms
[4413.882s][info][gc,phases      ] GC(528)   Merge Heap Roots: 0.58ms
[4413.882s][info][gc,phases      ] GC(528)   Evacuate Collection Set: 148.36ms
[4413.882s][info][gc,phases      ] GC(528)   Post Evacuate Collection Set: 1.08ms
[4413.882s][info][gc,phases      ] GC(528)   Other: 0.06ms
[4413.882s][info][gc,heap        ] GC(528) Eden regions: 571->0(571)
[4413.882s][info][gc,heap        ] GC(528) Survivor regions: 43->43(77)
[4413.882s][info][gc,heap        ] GC(528) Old regions: 248->255
[4413.882s][info][gc,heap        ] GC(528) Humongous regions: 33->33
[4413.882s][info][gc,metaspace   ] GC(528) Metaspace: 29992K(30528K)->29992K(30528K) NonClass: 26595K(26880K)->26595K(26880K) Class: 3397K(3648K)->3397K(3648K)
[4413.882s][info][gc             ] GC(528) Pause Young (Normal) (G1 Evacuation Pause) 7147M->2635M(8192M) 150.466ms
[4413.882s][info][gc,cpu         ] GC(528) User=1.20s Sys=0.00s Real=0.15s
.....[4418.945s][info][gc,start       ] GC(529) Pause Young (Normal) (G1 Evacuation Pause)
[4418.945s][info][gc,task        ] GC(529) Using 8 workers of 8 for evacuation
[4419.097s][info][gc,phases      ] GC(529)   Pre Evacuate Collection Set: 0.25ms
[4419.097s][info][gc,phases      ] GC(529)   Merge Heap Roots: 0.59ms
[4419.097s][info][gc,phases      ] GC(529)   Evacuate Collection Set: 150.30ms
[4419.097s][info][gc,phases      ] GC(529)   Post Evacuate Collection Set: 1.10ms
[4419.097s][info][gc,phases      ] GC(529)   Other: 0.06ms
[4419.097s][info][gc,heap        ] GC(529) Eden regions: 571->0(572)
[4419.097s][info][gc,heap        ] GC(529) Survivor regions: 43->42(77)
[4419.097s][info][gc,heap        ] GC(529) Old regions: 255->262
[4419.097s][info][gc,heap        ] GC(529) Humongous regions: 33->33
[4419.097s][info][gc,metaspace   ] GC(529) Metaspace: 29992K(30528K)->29992K(30528K) NonClass: 26595K(26880K)->26595K(26880K) Class: 3397K(3648K)->3397K(3648K)
[4419.097s][info][gc             ] GC(529) Pause Young (Normal) (G1 Evacuation Pause) 7203M->2683M(8192M) 152.428ms
[4419.097s][info][gc,cpu         ] GC(529) User=1.21s Sys=0.00s Real=0.15s
......[4424.182s][info][gc,start       ] GC(530) Pause Young (Normal) (G1 Evacuation Pause)
[4424.182s][info][gc,task        ] GC(530) Using 8 workers of 8 for evacuation
[4424.335s][info][gc,phases      ] GC(530)   Pre Evacuate Collection Set: 0.25ms
[4424.335s][info][gc,phases      ] GC(530)   Merge Heap Roots: 0.63ms
[4424.335s][info][gc,phases      ] GC(530)   Evacuate Collection Set: 151.05ms
[4424.335s][info][gc,phases      ] GC(530)   Post Evacuate Collection Set: 1.09ms
[4424.335s][info][gc,phases      ] GC(530)   Other: 0.07ms
[4424.335s][info][gc,heap        ] GC(530) Eden regions: 572->0(571)
[4424.335s][info][gc,heap        ] GC(530) Survivor regions: 42->43(77)
[4424.335s][info][gc,heap        ] GC(530) Old regions: 262->269
[4424.335s][info][gc,heap        ] GC(530) Humongous regions: 33->33
[4424.335s][info][gc,metaspace   ] GC(530) Metaspace: 29992K(30528K)->29992K(30528K) NonClass: 26595K(26880K)->26595K(26880K) Class: 3397K(3648K)->3397K(3648K)
[4424.335s][info][gc             ] GC(530) Pause Young (Normal) (G1 Evacuation Pause) 7259M->2743M(8192M) 153.225ms
[4424.335s][info][gc,cpu         ] GC(530) User=1.21s Sys=0.00s Real=0.15s
.....[4429.358s][info][gc,start       ] GC(531) Pause Young (Normal) (G1 Evacuation Pause)
[4429.358s][info][gc,task        ] GC(531) Using 8 workers of 8 for evacuation
[4429.509s][info][gc,phases      ] GC(531)   Pre Evacuate Collection Set: 0.26ms
[4429.509s][info][gc,phases      ] GC(531)   Merge Heap Roots: 0.67ms
[4429.509s][info][gc,phases      ] GC(531)   Evacuate Collection Set: 148.29ms
[4429.509s][info][gc,phases      ] GC(531)   Post Evacuate Collection Set: 1.07ms
[4429.509s][info][gc,phases      ] GC(531)   Other: 0.51ms
[4429.509s][info][gc,heap        ] GC(531) Eden regions: 571->0(572)
[4429.509s][info][gc,heap        ] GC(531) Survivor regions: 43->42(77)
[4429.509s][info][gc,heap        ] GC(531) Old regions: 269->276
[4429.509s][info][gc,heap        ] GC(531) Humongous regions: 33->33
[4429.509s][info][gc,metaspace   ] GC(531) Metaspace: 29992K(30528K)->29992K(30528K) NonClass: 26595K(26880K)->26595K(26880K) Class: 3397K(3648K)->3397K(3648K)
[4429.509s][info][gc             ] GC(531) Pause Young (Normal) (G1 Evacuation Pause) 7311M->2795M(8192M) 150.932ms
[4429.509s][info][gc,cpu         ] GC(531) User=1.19s Sys=0.00s Real=0.15s
.....[4434.593s][info][gc,start       ] GC(532) Pause Young (Normal) (G1 Evacuation Pause)
[4434.593s][info][gc,task        ] GC(532) Using 8 workers of 8 for evacuation
[4434.746s][info][gc,phases      ] GC(532)   Pre Evacuate Collection Set: 0.27ms
[4434.746s][info][gc,phases      ] GC(532)   Merge Heap Roots: 0.63ms
[4434.746s][info][gc,phases      ] GC(532)   Evacuate Collection Set: 151.27ms
[4434.746s][info][gc,phases      ] GC(532)   Post Evacuate Collection Set: 1.09ms
[4434.746s][info][gc,phases      ] GC(532)   Other: 0.06ms
[4434.746s][info][gc,heap        ] GC(532) Eden regions: 572->0(572)
[4434.746s][info][gc,heap        ] GC(532) Survivor regions: 42->42(77)
[4434.746s][info][gc,heap        ] GC(532) Old regions: 276->283
[4434.746s][info][gc,heap        ] GC(532) Humongous regions: 33->33
[4434.746s][info][gc,metaspace   ] GC(532) Metaspace: 29992K(30528K)->29992K(30528K) NonClass: 26595K(26880K)->26595K(26880K) Class: 3397K(3648K)->3397K(3648K)
[4434.747s][info][gc             ] GC(532) Pause Young (Normal) (G1 Evacuation Pause) 7371M->2851M(8192M) 153.457ms
[4434.747s][info][gc,cpu         ] GC(532) User=1.21s Sys=0.00s Real=0.15s
.....[4439.746s][info][gc,start       ] GC(533) Pause Young (Normal) (G1 Evacuation Pause)
[4439.746s][info][gc,task        ] GC(533) Using 8 workers of 8 for evacuation
[4439.897s][info][gc,phases      ] GC(533)   Pre Evacuate Collection Set: 0.26ms
[4439.897s][info][gc,phases      ] GC(533)   Merge Heap Roots: 0.66ms
[4439.897s][info][gc,phases      ] GC(533)   Evacuate Collection Set: 148.91ms
[4439.897s][info][gc,phases      ] GC(533)   Post Evacuate Collection Set: 1.08ms
[4439.897s][info][gc,phases      ] GC(533)   Other: 0.06ms
[4439.897s][info][gc,heap        ] GC(533) Eden regions: 572->0(563)
[4439.897s][info][gc,heap        ] GC(533) Survivor regions: 42->43(77)
[4439.897s][info][gc,heap        ] GC(533) Old regions: 283->290
[4439.897s][info][gc,heap        ] GC(533) Humongous regions: 33->33
[4439.897s][info][gc,metaspace   ] GC(533) Metaspace: 29992K(30528K)->29992K(30528K) NonClass: 26595K(26880K)->26595K(26880K) Class: 3397K(3648K)->3397K(3648K)
[4439.897s][info][gc             ] GC(533) Pause Young (Normal) (G1 Evacuation Pause) 7427M->2910M(8192M) 151.131ms
[4439.897s][info][gc,cpu         ] GC(533) User=1.19s Sys=0.00s Real=0.15s
.....[4444.795s][info][gc,start       ] GC(534) Pause Young (Normal) (G1 Evacuation Pause)
[4444.795s][info][gc,task        ] GC(534) Using 8 workers of 8 for evacuation
[4444.949s][info][gc,phases      ] GC(534)   Pre Evacuate Collection Set: 0.28ms
[4444.949s][info][gc,phases      ] GC(534)   Merge Heap Roots: 0.69ms
[4444.949s][info][gc,phases      ] GC(534)   Evacuate Collection Set: 151.49ms
[4444.949s][info][gc,phases      ] GC(534)   Post Evacuate Collection Set: 1.11ms
[4444.949s][info][gc,phases      ] GC(534)   Other: 0.08ms
[4444.949s][info][gc,heap        ] GC(534) Eden regions: 563->0(555)
[4444.949s][info][gc,heap        ] GC(534) Survivor regions: 43->43(76)
[4444.949s][info][gc,heap        ] GC(534) Old regions: 290->298
[4444.949s][info][gc,heap        ] GC(534) Humongous regions: 33->33
[4444.949s][info][gc,metaspace   ] GC(534) Metaspace: 29992K(30528K)->29992K(30528K) NonClass: 26595K(26880K)->26595K(26880K) Class: 3397K(3648K)->3397K(3648K)
[4444.949s][info][gc             ] GC(534) Pause Young (Normal) (G1 Evacuation Pause) 7414M->2974M(8192M) 153.808ms
[4444.949s][info][gc,cpu         ] GC(534) User=1.21s Sys=0.00s Real=0.15s
.....[4449.837s][info][gc,start       ] GC(535) Pause Young (Normal) (G1 Evacuation Pause)
[4449.837s][info][gc,task        ] GC(535) Using 8 workers of 8 for evacuation
[4449.992s][info][gc,phases      ] GC(535)   Pre Evacuate Collection Set: 0.24ms
[4449.992s][info][gc,phases      ] GC(535)   Merge Heap Roots: 0.60ms
[4449.992s][info][gc,phases      ] GC(535)   Evacuate Collection Set: 152.53ms
[4449.992s][info][gc,phases      ] GC(535)   Post Evacuate Collection Set: 1.09ms
[4449.992s][info][gc,phases      ] GC(535)   Other: 0.06ms
[4449.992s][info][gc,heap        ] GC(535) Eden regions: 555->0(548)
[4449.992s][info][gc,heap        ] GC(535) Survivor regions: 43->43(75)
[4449.992s][info][gc,heap        ] GC(535) Old regions: 298->305
[4449.992s][info][gc,heap        ] GC(535) Humongous regions: 33->33
[4449.992s][info][gc,metaspace   ] GC(535) Metaspace: 29992K(30528K)->29992K(30528K) NonClass: 26595K(26880K)->26595K(26880K) Class: 3397K(3648K)->3397K(3648K)
[4449.992s][info][gc             ] GC(535) Pause Young (Normal) (G1 Evacuation Pause) 7414M->3031M(8192M) 154.672ms
[4449.992s][info][gc,cpu         ] GC(535) User=1.23s Sys=0.00s Real=0.16s
..... (rIR:aIR:PR = 7472:7447:7448) (tPR = 110760) [OK] 
  4454s: Performance info:
         Transaction,    Success,    Partial,     Failed,   Receipts, AvgBarcode, 
             Overall,     447581,          0,          0,     425099,      59.48, 
         Response times:
             Request,    Success,    Partial,     Failed,   SkipFail,     Probes,    Samples,      min,      p50,      p90,      p95,      p99,      max, 
       TotalPurchase,     425051,          0,          0,          0,     360473,     417710,      300,     5200,    10300,    18300,    76000,   411000,
     InStorePurchase,     223743,          0,          0,          0,     189945,     219989,      300,     5300,    10300,    18450,    76000,   411000,
      OnlinePurchase,     156414,          0,          0,          0,     132633,     153357,      300,     5200,    10300,    18000,    75000,   411000,
        InstPurchase,      44894,          0,          0,          0,      37895,      44364,      400,     5200,    10300,    18600,    75000,   373000,
          AssocOfCat,        451,          0,          0,          0,        357,        489,    28000,    40000,    57000,    66500,   125800,   297000,
      AssocOfProduct,       4501,          0,          0,          0,       4206,       5120,      400,     5400,     9990,    14195,    78160,   163000,
      BusinessReport,       1124,          0,          0,          0,        963,       1258,    29000,    48000,    71000,    88050,   198280,   230000,
          CustBuyBeh,       4482,          0,          0,          0,       4215,       5112,      200,     5200,    10100,    16870,    72870,   162000,
       ProductReturn,      11905,          0,          0,          0,      10236,      12003,      200,     4700,     9900,    16300,    70000,   311000,

  4454s: (55%)   IR =   7610 [4454.839s][info][gc,start       ] GC(536) Pause Young (Normal) (G1 Evacuation Pause)
[4454.839s][info][gc,task        ] GC(536) Using 8 workers of 8 for evacuation
[4454.989s][info][gc,phases      ] GC(536)   Pre Evacuate Collection Set: 0.25ms
[4454.989s][info][gc,phases      ] GC(536)   Merge Heap Roots: 0.65ms
[4454.989s][info][gc,phases      ] GC(536)   Evacuate Collection Set: 148.46ms
[4454.989s][info][gc,phases      ] GC(536)   Post Evacuate Collection Set: 1.07ms
[4454.989s][info][gc,phases      ] GC(536)   Other: 0.06ms
[4454.989s][info][gc,heap        ] GC(536) Eden regions: 548->0(544)
[4454.989s][info][gc,heap        ] GC(536) Survivor regions: 43->41(74)
[4454.989s][info][gc,heap        ] GC(536) Old regions: 305->313
[4454.989s][info][gc,heap        ] GC(536) Humongous regions: 33->33
[4454.989s][info][gc,metaspace   ] GC(536) Metaspace: 29992K(30528K)->29992K(30528K) NonClass: 26595K(26880K)->26595K(26880K) Class: 3397K(3648K)->3397K(3648K)
[4454.989s][info][gc             ] GC(536) Pause Young (Normal) (G1 Evacuation Pause) 7415M->3077M(8192M) 150.629ms
[4454.989s][info][gc,cpu         ] GC(536) User=1.19s Sys=0.00s Real=0.15s
.....[4459.732s][info][gc,start       ] GC(537) Pause Young (Concurrent Start) (G1 Evacuation Pause)
[4459.732s][info][gc,task        ] GC(537) Using 8 workers of 8 for evacuation
[4459.882s][info][gc,phases      ] GC(537)   Pre Evacuate Collection Set: 0.29ms
[4459.882s][info][gc,phases      ] GC(537)   Merge Heap Roots: 0.58ms
[4459.882s][info][gc,phases      ] GC(537)   Evacuate Collection Set: 148.25ms
[4459.882s][info][gc,phases      ] GC(537)   Post Evacuate Collection Set: 1.08ms
[4459.882s][info][gc,phases      ] GC(537)   Other: 0.10ms
[4459.882s][info][gc,heap        ] GC(537) Eden regions: 544->0(535)
[4459.882s][info][gc,heap        ] GC(537) Survivor regions: 41->42(74)
[4459.882s][info][gc,heap        ] GC(537) Old regions: 313->320
[4459.882s][info][gc,heap        ] GC(537) Humongous regions: 33->33
[4459.882s][info][gc,metaspace   ] GC(537) Metaspace: 29992K(30528K)->29992K(30528K) NonClass: 26595K(26880K)->26595K(26880K) Class: 3397K(3648K)->3397K(3648K)
[4459.882s][info][gc             ] GC(537) Pause Young (Concurrent Start) (G1 Evacuation Pause) 7429M->3143M(8192M) 150.452ms
[4459.882s][info][gc             ] GC(538) Concurrent Mark Cycle
[4459.882s][info][gc,marking     ] GC(538) Concurrent Scan Root Regions
[4459.882s][info][gc,cpu         ] GC(537) User=1.19s Sys=0.01s Real=0.15s
[4460.144s][info][gc,marking     ] GC(538) Concurrent Scan Root Regions 261.642ms
[4460.144s][info][gc,marking     ] GC(538) Concurrent Mark
[4460.144s][info][gc,marking     ] GC(538) Concurrent Mark From Roots
[4460.144s][info][gc,task        ] GC(538) Using 2 workers of 2 for marking
..[4461.251s][info][gc,marking     ] GC(538) Concurrent Mark From Roots 1106.876ms
[4461.251s][info][gc,marking     ] GC(538) Concurrent Preclean
[4461.251s][info][gc,marking     ] GC(538) Concurrent Preclean 0.124ms
[4461.251s][info][gc,start       ] GC(538) Pause Remark
[4461.254s][info][gc             ] GC(538) Pause Remark 4556M->4004M(8192M) 2.857ms
[4461.254s][info][gc,cpu         ] GC(538) User=0.02s Sys=0.00s Real=0.00s
[4461.254s][info][gc,marking     ] GC(538) Concurrent Mark 1110.176ms
[4461.254s][info][gc,marking     ] GC(538) Concurrent Rebuild Remembered Sets and Scrub Regions
[4461.706s][info][gc,marking     ] GC(538) Concurrent Rebuild Remembered Sets and Scrub Regions 451.886ms
[4461.706s][info][gc,start       ] GC(538) Pause Cleanup
[4461.706s][info][gc             ] GC(538) Pause Cleanup 4399M->4399M(8192M) 0.254ms
[4461.706s][info][gc,cpu         ] GC(538) User=0.00s Sys=0.00s Real=0.00s
[4461.706s][info][gc,marking     ] GC(538) Concurrent Clear Claimed Marks
[4461.707s][info][gc,marking     ] GC(538) Concurrent Clear Claimed Marks 0.043ms
[4461.707s][info][gc,marking     ] GC(538) Concurrent Cleanup for Next Mark
[4461.716s][info][gc,marking     ] GC(538) Concurrent Cleanup for Next Mark 9.320ms
[4461.716s][info][gc             ] GC(538) Concurrent Mark Cycle 1833.674ms
..|.[4464.467s][info][gc,start       ] GC(539) Pause Young (Prepare Mixed) (G1 Evacuation Pause)
[4464.467s][info][gc,task        ] GC(539) Using 8 workers of 8 for evacuation
[4464.620s][info][gc,phases      ] GC(539)   Pre Evacuate Collection Set: 0.28ms
[4464.620s][info][gc,phases      ] GC(539)   Merge Heap Roots: 0.81ms
[4464.620s][info][gc,phases      ] GC(539)   Evacuate Collection Set: 150.79ms
[4464.620s][info][gc,phases      ] GC(539)   Post Evacuate Collection Set: 1.17ms
[4464.620s][info][gc,phases      ] GC(539)   Other: 0.07ms
[4464.620s][info][gc,heap        ] GC(539) Eden regions: 535->0(572)
[4464.620s][info][gc,heap        ] GC(539) Survivor regions: 42->42(73)
[4464.621s][info][gc,heap        ] GC(539) Old regions: 251->258
[4464.621s][info][gc,heap        ] GC(539) Humongous regions: 33->33
[4464.621s][info][gc,metaspace   ] GC(539) Metaspace: 29992K(30528K)->29992K(30528K) NonClass: 26595K(26880K)->26595K(26880K) Class: 3397K(3648K)->3397K(3648K)
[4464.621s][info][gc             ] GC(539) Pause Young (Prepare Mixed) (G1 Evacuation Pause) 6871M->2651M(8192M) 153.242ms
[4464.621s][info][gc,cpu         ] GC(539) User=1.21s Sys=0.00s Real=0.15s
.....[4469.504s][info][gc,start       ] GC(540) Pause Young (Mixed) (G1 Evacuation Pause)
[4469.504s][info][gc,task        ] GC(540) Using 8 workers of 8 for evacuation
[4469.663s][info][gc,phases      ] GC(540)   Pre Evacuate Collection Set: 0.27ms
[4469.663s][info][gc,phases      ] GC(540)   Merge Heap Roots: 0.88ms
[4469.663s][info][gc,phases      ] GC(540)   Evacuate Collection Set: 156.12ms
[4469.663s][info][gc,phases      ] GC(540)   Post Evacuate Collection Set: 1.41ms
[4469.663s][info][gc,phases      ] GC(540)   Other: 0.08ms
[4469.663s][info][gc,heap        ] GC(540) Eden regions: 572->0(572)
[4469.663s][info][gc,heap        ] GC(540) Survivor regions: 42->42(77)
[4469.663s][info][gc,heap        ] GC(540) Old regions: 258->164
[4469.663s][info][gc,heap        ] GC(540) Humongous regions: 33->33
[4469.663s][info][gc,metaspace   ] GC(540) Metaspace: 29992K(30528K)->29992K(30528K) NonClass: 26595K(26880K)->26595K(26880K) Class: 3397K(3648K)->3397K(3648K)
[4469.663s][info][gc             ] GC(540) Pause Young (Mixed) (G1 Evacuation Pause) 7227M->1894M(8192M) 158.906ms
[4469.663s][info][gc,cpu         ] GC(540) User=1.25s Sys=0.00s Real=0.16s
.....[4474.547s][info][gc,start       ] GC(541) Pause Young (Mixed) (G1 Evacuation Pause)
[4474.547s][info][gc,task        ] GC(541) Using 8 workers of 8 for evacuation
[4474.712s][info][gc,phases      ] GC(541)   Pre Evacuate Collection Set: 0.27ms
[4474.712s][info][gc,phases      ] GC(541)   Merge Heap Roots: 1.03ms
[4474.712s][info][gc,phases      ] GC(541)   Evacuate Collection Set: 161.62ms
[4474.712s][info][gc,phases      ] GC(541)   Post Evacuate Collection Set: 1.13ms
[4474.712s][info][gc,phases      ] GC(541)   Other: 0.07ms
[4474.712s][info][gc,heap        ] GC(541) Eden regions: 572->0(571)
[4474.712s][info][gc,heap        ] GC(541) Survivor regions: 42->43(77)
[4474.712s][info][gc,heap        ] GC(541) Old regions: 164->142
[4474.712s][info][gc,heap        ] GC(541) Humongous regions: 33->33
[4474.712s][info][gc,metaspace   ] GC(541) Metaspace: 29992K(30528K)->29992K(30528K) NonClass: 26595K(26880K)->26595K(26880K) Class: 3397K(3648K)->3397K(3648K)
[4474.712s][info][gc             ] GC(541) Pause Young (Mixed) (G1 Evacuation Pause) 6470M->1724M(8192M) 164.243ms
[4474.712s][info][gc,cpu         ] GC(541) User=1.30s Sys=0.00s Real=0.17s
.....[4479.573s][info][gc,start       ] GC(542) Pause Young (Normal) (G1 Evacuation Pause)
[4479.573s][info][gc,task        ] GC(542) Using 8 workers of 8 for evacuation
[4479.727s][info][gc,phases      ] GC(542)   Pre Evacuate Collection Set: 0.27ms
[4479.727s][info][gc,phases      ] GC(542)   Merge Heap Roots: 0.59ms
[4479.727s][info][gc,phases      ] GC(542)   Evacuate Collection Set: 151.22ms
[4479.727s][info][gc,phases      ] GC(542)   Post Evacuate Collection Set: 1.08ms
[4479.727s][info][gc,phases      ] GC(542)   Other: 0.07ms
[4479.727s][info][gc,heap        ] GC(542) Eden regions: 571->0(571)
[4479.727s][info][gc,heap        ] GC(542) Survivor regions: 43->43(77)
[4479.727s][info][gc,heap        ] GC(542) Old regions: 142->149
[4479.727s][info][gc,heap        ] GC(542) Humongous regions: 33->33
[4479.727s][info][gc,metaspace   ] GC(542) Metaspace: 29992K(30528K)->29992K(30528K) NonClass: 26595K(26880K)->26595K(26880K) Class: 3397K(3648K)->3397K(3648K)
[4479.727s][info][gc             ] GC(542) Pause Young (Normal) (G1 Evacuation Pause) 6292M->1780M(8192M) 153.356ms
[4479.727s][info][gc,cpu         ] GC(542) User=1.22s Sys=0.00s Real=0.15s
.....[4484.670s][info][gc,start       ] GC(543) Pause Young (Normal) (G1 Evacuation Pause)
[4484.670s][info][gc,task        ] GC(543) Using 8 workers of 8 for evacuation
[4484.823s][info][gc,phases      ] GC(543)   Pre Evacuate Collection Set: 0.25ms
[4484.823s][info][gc,phases      ] GC(543)   Merge Heap Roots: 0.59ms
[4484.823s][info][gc,phases      ] GC(543)   Evacuate Collection Set: 151.22ms
[4484.823s][info][gc,phases      ] GC(543)   Post Evacuate Collection Set: 1.05ms
[4484.823s][info][gc,phases      ] GC(543)   Other: 0.07ms
[4484.823s][info][gc,heap        ] GC(543) Eden regions: 571->0(571)
[4484.823s][info][gc,heap        ] GC(543) Survivor regions: 43->43(77)
[4484.823s][info][gc,heap        ] GC(543) Old regions: 149->156
[4484.823s][info][gc,heap        ] GC(543) Humongous regions: 33->33
[4484.823s][info][gc,metaspace   ] GC(543) Metaspace: 29992K(30528K)->29992K(30528K) NonClass: 26595K(26880K)->26595K(26880K) Class: 3397K(3648K)->3397K(3648K)
[4484.823s][info][gc             ] GC(543) Pause Young (Normal) (G1 Evacuation Pause) 6348M->1841M(8192M) 153.312ms
[4484.823s][info][gc,cpu         ] GC(543) User=1.22s Sys=0.00s Real=0.16s
.....[4489.690s][info][gc,start       ] GC(544) Pause Young (Normal) (G1 Evacuation Pause)
[4489.690s][info][gc,task        ] GC(544) Using 8 workers of 8 for evacuation
[4489.845s][info][gc,phases      ] GC(544)   Pre Evacuate Collection Set: 0.24ms
[4489.845s][info][gc,phases      ] GC(544)   Merge Heap Roots: 0.57ms
[4489.845s][info][gc,phases      ] GC(544)   Evacuate Collection Set: 152.90ms
[4489.845s][info][gc,phases      ] GC(544)   Post Evacuate Collection Set: 1.07ms
[4489.845s][info][gc,phases      ] GC(544)   Other: 0.06ms
[4489.845s][info][gc,heap        ] GC(544) Eden regions: 571->0(571)
[4489.845s][info][gc,heap        ] GC(544) Survivor regions: 43->43(77)
[4489.845s][info][gc,heap        ] GC(544) Old regions: 156->163
[4489.845s][info][gc,heap        ] GC(544) Humongous regions: 33->33
[4489.845s][info][gc,metaspace   ] GC(544) Metaspace: 29992K(30528K)->29992K(30528K) NonClass: 26595K(26880K)->26595K(26880K) Class: 3397K(3648K)->3397K(3648K)
[4489.845s][info][gc             ] GC(544) Pause Young (Normal) (G1 Evacuation Pause) 6409M->1890M(8192M) 154.977ms
[4489.845s][info][gc,cpu         ] GC(544) User=1.23s Sys=0.01s Real=0.16s
.....[4494.767s][info][gc,start       ] GC(545) Pause Young (Normal) (G1 Evacuation Pause)
[4494.767s][info][gc,task        ] GC(545) Using 8 workers of 8 for evacuation
[4494.919s][info][gc,phases      ] GC(545)   Pre Evacuate Collection Set: 0.25ms
[4494.919s][info][gc,phases      ] GC(545)   Merge Heap Roots: 0.62ms
[4494.919s][info][gc,phases      ] GC(545)   Evacuate Collection Set: 150.22ms
[4494.919s][info][gc,phases      ] GC(545)   Post Evacuate Collection Set: 1.10ms
[4494.919s][info][gc,phases      ] GC(545)   Other: 0.06ms
[4494.919s][info][gc,heap        ] GC(545) Eden regions: 571->0(571)
[4494.919s][info][gc,heap        ] GC(545) Survivor regions: 43->43(77)
[4494.919s][info][gc,heap        ] GC(545) Old regions: 163->170
[4494.919s][info][gc,heap        ] GC(545) Humongous regions: 33->33
[4494.919s][info][gc,metaspace   ] GC(545) Metaspace: 29992K(30528K)->29992K(30528K) NonClass: 26595K(26880K)->26595K(26880K) Class: 3397K(3648K)->3397K(3648K)
[4494.919s][info][gc             ] GC(545) Pause Young (Normal) (G1 Evacuation Pause) 6458M->1953M(8192M) 152.377ms
[4494.919s][info][gc,cpu         ] GC(545) User=1.20s Sys=0.01s Real=0.15s
.....[4499.861s][info][gc,start       ] GC(546) Pause Young (Normal) (G1 Evacuation Pause)
[4499.861s][info][gc,task        ] GC(546) Using 8 workers of 8 for evacuation
[4500.013s][info][gc,phases      ] GC(546)   Pre Evacuate Collection Set: 0.24ms
[4500.013s][info][gc,phases      ] GC(546)   Merge Heap Roots: 0.58ms
[4500.013s][info][gc,phases      ] GC(546)   Evacuate Collection Set: 149.93ms
[4500.013s][info][gc,phases      ] GC(546)   Post Evacuate Collection Set: 1.10ms
[4500.013s][info][gc,phases      ] GC(546)   Other: 0.07ms
[4500.013s][info][gc,heap        ] GC(546) Eden regions: 571->0(571)
[4500.013s][info][gc,heap        ] GC(546) Survivor regions: 43->43(77)
[4500.013s][info][gc,heap        ] GC(546) Old regions: 170->177
[4500.013s][info][gc,heap        ] GC(546) Humongous regions: 33->33
[4500.013s][info][gc,metaspace   ] GC(546) Metaspace: 29992K(30528K)->29992K(30528K) NonClass: 26595K(26880K)->26595K(26880K) Class: 3397K(3648K)->3397K(3648K)
[4500.013s][info][gc             ] GC(546) Pause Young (Normal) (G1 Evacuation Pause) 6521M->2003M(8192M) 152.054ms
[4500.013s][info][gc,cpu         ] GC(546) User=1.21s Sys=0.00s Real=0.15s
.....[4504.942s][info][gc,start       ] GC(547) Pause Young (Normal) (G1 Evacuation Pause)
[4504.942s][info][gc,task        ] GC(547) Using 8 workers of 8 for evacuation
[4505.096s][info][gc,phases      ] GC(547)   Pre Evacuate Collection Set: 0.25ms
[4505.096s][info][gc,phases      ] GC(547)   Merge Heap Roots: 0.57ms
[4505.096s][info][gc,phases      ] GC(547)   Evacuate Collection Set: 151.80ms
[4505.096s][info][gc,phases      ] GC(547)   Post Evacuate Collection Set: 1.09ms
[4505.096s][info][gc,phases      ] GC(547)   Other: 0.06ms
[4505.096s][info][gc,heap        ] GC(547) Eden regions: 571->0(570)
[4505.096s][info][gc,heap        ] GC(547) Survivor regions: 43->44(77)
[4505.096s][info][gc,heap        ] GC(547) Old regions: 177->184
[4505.096s][info][gc,heap        ] GC(547) Humongous regions: 33->33
[4505.096s][info][gc,metaspace   ] GC(547) Metaspace: 29992K(30528K)->29992K(30528K) NonClass: 26595K(26880K)->26595K(26880K) Class: 3397K(3648K)->3397K(3648K)
[4505.096s][info][gc             ] GC(547) Pause Young (Normal) (G1 Evacuation Pause) 6571M->2067M(8192M) 153.924ms
[4505.096s][info][gc,cpu         ] GC(547) User=1.22s Sys=0.00s Real=0.15s
.....[4509.960s][info][gc,start       ] GC(548) Pause Young (Normal) (G1 Evacuation Pause)
[4509.960s][info][gc,task        ] GC(548) Using 8 workers of 8 for evacuation
[4510.118s][info][gc,phases      ] GC(548)   Pre Evacuate Collection Set: 0.25ms
[4510.118s][info][gc,phases      ] GC(548)   Merge Heap Roots: 0.63ms
[4510.118s][info][gc,phases      ] GC(548)   Evacuate Collection Set: 156.12ms
[4510.118s][info][gc,phases      ] GC(548)   Post Evacuate Collection Set: 1.09ms
[4510.118s][info][gc,phases      ] GC(548)   Other: 0.07ms
[4510.118s][info][gc,heap        ] GC(548) Eden regions: 570->0(570)
[4510.118s][info][gc,heap        ] GC(548) Survivor regions: 44->44(77)
[4510.118s][info][gc,heap        ] GC(548) Old regions: 184->191
[4510.118s][info][gc,heap        ] GC(548) Humongous regions: 33->33
[4510.118s][info][gc,metaspace   ] GC(548) Metaspace: 29992K(30528K)->29992K(30528K) NonClass: 26595K(26880K)->26595K(26880K) Class: 3397K(3648K)->3397K(3648K)
[4510.118s][info][gc             ] GC(548) Pause Young (Normal) (G1 Evacuation Pause) 6627M->2123M(8192M) 158.298ms
[4510.118s][info][gc,cpu         ] GC(548) User=1.25s Sys=0.00s Real=0.16s
.....[4515.086s][info][gc,start       ] GC(549) Pause Young (Normal) (G1 Evacuation Pause)
[4515.086s][info][gc,task        ] GC(549) Using 8 workers of 8 for evacuation
[4515.240s][info][gc,phases      ] GC(549)   Pre Evacuate Collection Set: 0.25ms
[4515.240s][info][gc,phases      ] GC(549)   Merge Heap Roots: 0.61ms
[4515.240s][info][gc,phases      ] GC(549)   Evacuate Collection Set: 152.40ms
[4515.240s][info][gc,phases      ] GC(549)   Post Evacuate Collection Set: 1.09ms
[4515.240s][info][gc,phases      ] GC(549)   Other: 0.06ms
[4515.240s][info][gc,heap        ] GC(549) Eden regions: 570->0(571)
[4515.240s][info][gc,heap        ] GC(549) Survivor regions: 44->43(77)
[4515.240s][info][gc,heap        ] GC(549) Old regions: 191->198
[4515.240s][info][gc,heap        ] GC(549) Humongous regions: 33->33
[4515.240s][info][gc,metaspace   ] GC(549) Metaspace: 29992K(30528K)->29992K(30528K) NonClass: 26595K(26880K)->26595K(26880K) Class: 3397K(3648K)->3397K(3648K)
[4515.240s][info][gc             ] GC(549) Pause Young (Normal) (G1 Evacuation Pause) 6683M->2178M(8192M) 154.562ms
[4515.240s][info][gc,cpu         ] GC(549) User=1.23s Sys=0.00s Real=0.15s
.....[4520.195s][info][gc,start       ] GC(550) Pause Young (Normal) (G1 Evacuation Pause)
[4520.195s][info][gc,task        ] GC(550) Using 8 workers of 8 for evacuation
[4520.351s][info][gc,phases      ] GC(550)   Pre Evacuate Collection Set: 0.25ms
[4520.351s][info][gc,phases      ] GC(550)   Merge Heap Roots: 0.69ms
[4520.351s][info][gc,phases      ] GC(550)   Evacuate Collection Set: 153.76ms
[4520.351s][info][gc,phases      ] GC(550)   Post Evacuate Collection Set: 1.07ms
[4520.351s][info][gc,phases      ] GC(550)   Other: 0.08ms
[4520.351s][info][gc,heap        ] GC(550) Eden regions: 571->0(570)
[4520.351s][info][gc,heap        ] GC(550) Survivor regions: 43->44(77)
[4520.351s][info][gc,heap        ] GC(550) Old regions: 198->205
[4520.351s][info][gc,heap        ] GC(550) Humongous regions: 33->33
[4520.351s][info][gc,metaspace   ] GC(550) Metaspace: 29992K(30528K)->29992K(30528K) NonClass: 26595K(26880K)->26595K(26880K) Class: 3397K(3648K)->3397K(3648K)
[4520.351s][info][gc             ] GC(550) Pause Young (Normal) (G1 Evacuation Pause) 6746M->2239M(8192M) 156.001ms
[4520.351s][info][gc,cpu         ] GC(550) User=1.23s Sys=0.01s Real=0.16s
.... (rIR:aIR:PR = 7610:7614:7614) (tPR = 113506) [OK] 
  4523s: Performance info:
         Transaction,    Success,    Partial,     Failed,   Receipts, AvgBarcode, 
             Overall,     458045,          0,          0,     435101,      59.47, 
         Response times:
             Request,    Success,    Partial,     Failed,   SkipFail,     Probes,    Samples,      min,      p50,      p90,      p95,      p99,      max, 
       TotalPurchase,     435101,          0,          0,          0,     358428,     415257,      300,     5400,    11500,    31000,    93000,   600000,
     InStorePurchase,     228796,          0,          0,          0,     188718,     218142,      300,     5400,    11500,    32000,    93000,   600000,
      OnlinePurchase,     160927,          0,          0,          0,     132181,     153440,      300,     5300,    11400,    28000,    93000,   600000,
        InstPurchase,      45378,          0,          0,          0,      37529,      43675,      500,     5600,    11500,    28200,    91000,   400000,
          AssocOfCat,        456,          0,          0,          0,        366,        496,    24000,    44000,    66000,    98150,   197120,   215000,
      AssocOfProduct,       4588,          0,          0,          0,       4257,       5193,      700,     5800,    11000,    22000,    96000,   399000,
      BusinessReport,       1151,          0,          0,          0,        987,       1267,    28000,    51000,    76000,    91000,   209640,   221000,
          CustBuyBeh,       4580,          0,          0,          0,       4266,       5205,      200,     4900,    11100,    29700,    96760,   399000,
       ProductReturn,      12169,          0,          0,          0,       9349,      11107,      200,     4800,    11200,    29000,    87920,   210000,

  4523s: (56%)   IR =   7749 .[4525.226s][info][gc,start       ] GC(551) Pause Young (Normal) (G1 Evacuation Pause)
[4525.226s][info][gc,task        ] GC(551) Using 8 workers of 8 for evacuation
[4525.383s][info][gc,phases      ] GC(551)   Pre Evacuate Collection Set: 0.30ms
[4525.383s][info][gc,phases      ] GC(551)   Merge Heap Roots: 0.73ms
[4525.383s][info][gc,phases      ] GC(551)   Evacuate Collection Set: 154.30ms
[4525.383s][info][gc,phases      ] GC(551)   Post Evacuate Collection Set: 1.13ms
[4525.383s][info][gc,phases      ] GC(551)   Other: 0.06ms
[4525.383s][info][gc,heap        ] GC(551) Eden regions: 570->0(570)
[4525.383s][info][gc,heap        ] GC(551) Survivor regions: 44->44(77)
[4525.383s][info][gc,heap        ] GC(551) Old regions: 205->213
[4525.383s][info][gc,heap        ] GC(551) Humongous regions: 33->33
[4525.383s][info][gc,metaspace   ] GC(551) Metaspace: 29992K(30528K)->29992K(30528K) NonClass: 26595K(26880K)->26595K(26880K) Class: 3397K(3648K)->3397K(3648K)
[4525.383s][info][gc             ] GC(551) Pause Young (Normal) (G1 Evacuation Pause) 6799M->2297M(8192M) 156.678ms
[4525.383s][info][gc,cpu         ] GC(551) User=1.24s Sys=0.00s Real=0.16s
....|.[4530.125s][info][gc,start       ] GC(552) Pause Young (Normal) (G1 Evacuation Pause)
[4530.125s][info][gc,task        ] GC(552) Using 8 workers of 8 for evacuation
[4530.277s][info][gc,phases      ] GC(552)   Pre Evacuate Collection Set: 0.24ms
[4530.277s][info][gc,phases      ] GC(552)   Merge Heap Roots: 0.58ms
[4530.277s][info][gc,phases      ] GC(552)   Evacuate Collection Set: 149.91ms
[4530.277s][info][gc,phases      ] GC(552)   Post Evacuate Collection Set: 1.15ms
[4530.277s][info][gc,phases      ] GC(552)   Other: 0.07ms
[4530.277s][info][gc,heap        ] GC(552) Eden regions: 570->0(571)
[4530.277s][info][gc,heap        ] GC(552) Survivor regions: 44->43(77)
[4530.277s][info][gc,heap        ] GC(552) Old regions: 213->220
[4530.277s][info][gc,heap        ] GC(552) Humongous regions: 33->33
[4530.277s][info][gc,metaspace   ] GC(552) Metaspace: 29992K(30528K)->29992K(30528K) NonClass: 26595K(26880K)->26595K(26880K) Class: 3397K(3648K)->3397K(3648K)
[4530.277s][info][gc             ] GC(552) Pause Young (Normal) (G1 Evacuation Pause) 6857M->2345M(8192M) 152.094ms
[4530.277s][info][gc,cpu         ] GC(552) User=1.21s Sys=0.00s Real=0.15s
.....[4535.141s][info][gc,start       ] GC(553) Pause Young (Normal) (G1 Evacuation Pause)
[4535.141s][info][gc,task        ] GC(553) Using 8 workers of 8 for evacuation
[4535.293s][info][gc,phases      ] GC(553)   Pre Evacuate Collection Set: 0.26ms
[4535.293s][info][gc,phases      ] GC(553)   Merge Heap Roots: 0.62ms
[4535.293s][info][gc,phases      ] GC(553)   Evacuate Collection Set: 149.29ms
[4535.293s][info][gc,phases      ] GC(553)   Post Evacuate Collection Set: 1.07ms
[4535.293s][info][gc,phases      ] GC(553)   Other: 0.07ms
[4535.293s][info][gc,heap        ] GC(553) Eden regions: 571->0(571)
[4535.293s][info][gc,heap        ] GC(553) Survivor regions: 43->43(77)
[4535.293s][info][gc,heap        ] GC(553) Old regions: 220->226
[4535.293s][info][gc,heap        ] GC(553) Humongous regions: 33->33
[4535.293s][info][gc,metaspace   ] GC(553) Metaspace: 29992K(30528K)->29992K(30528K) NonClass: 26595K(26880K)->26595K(26880K) Class: 3397K(3648K)->3397K(3648K)
[4535.293s][info][gc             ] GC(553) Pause Young (Normal) (G1 Evacuation Pause) 6913M->2403M(8192M) 151.443ms
[4535.293s][info][gc,cpu         ] GC(553) User=1.19s Sys=0.00s Real=0.15s
.....[4540.158s][info][gc,start       ] GC(554) Pause Young (Normal) (G1 Evacuation Pause)
[4540.158s][info][gc,task        ] GC(554) Using 8 workers of 8 for evacuation
[4540.311s][info][gc,phases      ] GC(554)   Pre Evacuate Collection Set: 0.26ms
[4540.311s][info][gc,phases      ] GC(554)   Merge Heap Roots: 0.62ms
[4540.311s][info][gc,phases      ] GC(554)   Evacuate Collection Set: 151.20ms
[4540.311s][info][gc,phases      ] GC(554)   Post Evacuate Collection Set: 1.10ms
[4540.311s][info][gc,phases      ] GC(554)   Other: 0.06ms
[4540.311s][info][gc,heap        ] GC(554) Eden regions: 571->0(571)
[4540.311s][info][gc,heap        ] GC(554) Survivor regions: 43->43(77)
[4540.311s][info][gc,heap        ] GC(554) Old regions: 226->233
[4540.311s][info][gc,heap        ] GC(554) Humongous regions: 33->33
[4540.311s][info][gc,metaspace   ] GC(554) Metaspace: 29992K(30528K)->29992K(30528K) NonClass: 26595K(26880K)->26595K(26880K) Class: 3397K(3648K)->3397K(3648K)
[4540.311s][info][gc             ] GC(554) Pause Young (Normal) (G1 Evacuation Pause) 6971M->2459M(8192M) 153.379ms
[4540.311s][info][gc,cpu         ] GC(554) User=1.21s Sys=0.00s Real=0.16s
.....[4545.210s][info][gc,start       ] GC(555) Pause Young (Normal) (G1 Evacuation Pause)
[4545.210s][info][gc,task        ] GC(555) Using 8 workers of 8 for evacuation
[4545.364s][info][gc,phases      ] GC(555)   Pre Evacuate Collection Set: 0.24ms
[4545.364s][info][gc,phases      ] GC(555)   Merge Heap Roots: 0.65ms
[4545.364s][info][gc,phases      ] GC(555)   Evacuate Collection Set: 152.29ms
[4545.364s][info][gc,phases      ] GC(555)   Post Evacuate Collection Set: 1.09ms
[4545.364s][info][gc,phases      ] GC(555)   Other: 0.06ms
[4545.364s][info][gc,heap        ] GC(555) Eden regions: 571->0(571)
[4545.364s][info][gc,heap        ] GC(555) Survivor regions: 43->43(77)
[4545.364s][info][gc,heap        ] GC(555) Old regions: 233->241
[4545.364s][info][gc,heap        ] GC(555) Humongous regions: 33->33
[4545.364s][info][gc,metaspace   ] GC(555) Metaspace: 29992K(30528K)->29992K(30528K) NonClass: 26595K(26880K)->26595K(26880K) Class: 3397K(3648K)->3397K(3648K)
[4545.364s][info][gc             ] GC(555) Pause Young (Normal) (G1 Evacuation Pause) 7027M->2517M(8192M) 154.480ms
[4545.364s][info][gc,cpu         ] GC(555) User=1.23s Sys=0.00s Real=0.16s
.....[4550.124s][info][gc,start       ] GC(556) Pause Young (Normal) (G1 Evacuation Pause)
[4550.124s][info][gc,task        ] GC(556) Using 8 workers of 8 for evacuation
[4550.275s][info][gc,phases      ] GC(556)   Pre Evacuate Collection Set: 0.24ms
[4550.275s][info][gc,phases      ] GC(556)   Merge Heap Roots: 0.58ms
[4550.275s][info][gc,phases      ] GC(556)   Evacuate Collection Set: 148.32ms
[4550.275s][info][gc,phases      ] GC(556)   Post Evacuate Collection Set: 1.08ms
[4550.275s][info][gc,phases      ] GC(556)   Other: 0.06ms
[4550.275s][info][gc,heap        ] GC(556) Eden regions: 571->0(571)
[4550.275s][info][gc,heap        ] GC(556) Survivor regions: 43->43(77)
[4550.275s][info][gc,heap        ] GC(556) Old regions: 241->248
[4550.275s][info][gc,heap        ] GC(556) Humongous regions: 33->33
[4550.275s][info][gc,metaspace   ] GC(556) Metaspace: 29992K(30528K)->29992K(30528K) NonClass: 26595K(26880K)->26595K(26880K) Class: 3397K(3648K)->3397K(3648K)
[4550.275s][info][gc             ] GC(556) Pause Young (Normal) (G1 Evacuation Pause) 7085M->2570M(8192M) 150.417ms
[4550.275s][info][gc,cpu         ] GC(556) User=1.19s Sys=0.00s Real=0.15s
.....[4555.023s][info][gc,start       ] GC(557) Pause Young (Normal) (G1 Evacuation Pause)
[4555.023s][info][gc,task        ] GC(557) Using 8 workers of 8 for evacuation
[4555.177s][info][gc,phases      ] GC(557)   Pre Evacuate Collection Set: 0.26ms
[4555.177s][info][gc,phases      ] GC(557)   Merge Heap Roots: 0.57ms
[4555.177s][info][gc,phases      ] GC(557)   Evacuate Collection Set: 151.89ms
[4555.177s][info][gc,phases      ] GC(557)   Post Evacuate Collection Set: 1.05ms
[4555.177s][info][gc,phases      ] GC(557)   Other: 0.06ms
[4555.177s][info][gc,heap        ] GC(557) Eden regions: 571->0(571)
[4555.177s][info][gc,heap        ] GC(557) Survivor regions: 43->43(77)
[4555.177s][info][gc,heap        ] GC(557) Old regions: 248->255
[4555.177s][info][gc,heap        ] GC(557) Humongous regions: 33->33
[4555.177s][info][gc,metaspace   ] GC(557) Metaspace: 29992K(30528K)->29992K(30528K) NonClass: 26595K(26880K)->26595K(26880K) Class: 3397K(3648K)->3397K(3648K)
[4555.177s][info][gc             ] GC(557) Pause Young (Normal) (G1 Evacuation Pause) 7138M->2634M(8192M) 153.968ms
[4555.177s][info][gc,cpu         ] GC(557) User=1.22s Sys=0.00s Real=0.15s
.....[4559.980s][info][gc,start       ] GC(558) Pause Young (Normal) (G1 Evacuation Pause)
[4559.980s][info][gc,task        ] GC(558) Using 8 workers of 8 for evacuation
[4560.135s][info][gc,phases      ] GC(558)   Pre Evacuate Collection Set: 0.24ms
[4560.135s][info][gc,phases      ] GC(558)   Merge Heap Roots: 0.61ms
[4560.135s][info][gc,phases      ] GC(558)   Evacuate Collection Set: 152.51ms
[4560.135s][info][gc,phases      ] GC(558)   Post Evacuate Collection Set: 1.10ms
[4560.135s][info][gc,phases      ] GC(558)   Other: 0.06ms
[4560.135s][info][gc,heap        ] GC(558) Eden regions: 571->0(570)
[4560.135s][info][gc,heap        ] GC(558) Survivor regions: 43->44(77)
[4560.135s][info][gc,heap        ] GC(558) Old regions: 255->262
[4560.135s][info][gc,heap        ] GC(558) Humongous regions: 33->33
[4560.135s][info][gc,metaspace   ] GC(558) Metaspace: 29992K(30528K)->29992K(30528K) NonClass: 26595K(26880K)->26595K(26880K) Class: 3397K(3648K)->3397K(3648K)
[4560.135s][info][gc             ] GC(558) Pause Young (Normal) (G1 Evacuation Pause) 7202M->2694M(8192M) 154.648ms
[4560.135s][info][gc,cpu         ] GC(558) User=1.23s Sys=0.00s Real=0.16s
.....[4564.958s][info][gc,start       ] GC(559) Pause Young (Normal) (G1 Evacuation Pause)
[4564.958s][info][gc,task        ] GC(559) Using 8 workers of 8 for evacuation
[4565.109s][info][gc,phases      ] GC(559)   Pre Evacuate Collection Set: 0.25ms
[4565.109s][info][gc,phases      ] GC(559)   Merge Heap Roots: 0.57ms
[4565.109s][info][gc,phases      ] GC(559)   Evacuate Collection Set: 148.48ms
[4565.109s][info][gc,phases      ] GC(559)   Post Evacuate Collection Set: 1.07ms
[4565.109s][info][gc,phases      ] GC(559)   Other: 0.07ms
[4565.109s][info][gc,heap        ] GC(559) Eden regions: 570->0(571)
[4565.109s][info][gc,heap        ] GC(559) Survivor regions: 44->43(77)
[4565.109s][info][gc,heap        ] GC(559) Old regions: 262->269
[4565.109s][info][gc,heap        ] GC(559) Humongous regions: 33->33
[4565.109s][info][gc,metaspace   ] GC(559) Metaspace: 29992K(30528K)->29992K(30528K) NonClass: 26595K(26880K)->26595K(26880K) Class: 3397K(3648K)->3397K(3648K)
[4565.109s][info][gc             ] GC(559) Pause Young (Normal) (G1 Evacuation Pause) 7254M->2746M(8192M) 150.586ms
[4565.109s][info][gc,cpu         ] GC(559) User=1.19s Sys=0.00s Real=0.15s
.....[4570.052s][info][gc,start       ] GC(560) Pause Young (Normal) (G1 Evacuation Pause)
[4570.052s][info][gc,task        ] GC(560) Using 8 workers of 8 for evacuation
[4570.204s][info][gc,phases      ] GC(560)   Pre Evacuate Collection Set: 0.25ms
[4570.204s][info][gc,phases      ] GC(560)   Merge Heap Roots: 0.62ms
[4570.204s][info][gc,phases      ] GC(560)   Evacuate Collection Set: 149.93ms
[4570.204s][info][gc,phases      ] GC(560)   Post Evacuate Collection Set: 1.07ms
[4570.204s][info][gc,phases      ] GC(560)   Other: 0.06ms
[4570.204s][info][gc,heap        ] GC(560) Eden regions: 571->0(571)
[4570.204s][info][gc,heap        ] GC(560) Survivor regions: 43->43(77)
[4570.204s][info][gc,heap        ] GC(560) Old regions: 269->276
[4570.204s][info][gc,heap        ] GC(560) Humongous regions: 33->33
[4570.204s][info][gc,metaspace   ] GC(560) Metaspace: 29992K(30528K)->29992K(30528K) NonClass: 26595K(26880K)->26595K(26880K) Class: 3397K(3648K)->3397K(3648K)
[4570.205s][info][gc             ] GC(560) Pause Young (Normal) (G1 Evacuation Pause) 7314M->2803M(8192M) 152.064ms
[4570.205s][info][gc,cpu         ] GC(560) User=1.21s Sys=0.00s Real=0.15s
.....[4575.000s][info][gc,start       ] GC(561) Pause Young (Normal) (G1 Evacuation Pause)
[4575.000s][info][gc,task        ] GC(561) Using 8 workers of 8 for evacuation
[4575.152s][info][gc,phases      ] GC(561)   Pre Evacuate Collection Set: 0.25ms
[4575.152s][info][gc,phases      ] GC(561)   Merge Heap Roots: 0.71ms
[4575.152s][info][gc,phases      ] GC(561)   Evacuate Collection Set: 150.43ms
[4575.152s][info][gc,phases      ] GC(561)   Post Evacuate Collection Set: 1.10ms
[4575.152s][info][gc,phases      ] GC(561)   Other: 0.06ms
[4575.152s][info][gc,heap        ] GC(561) Eden regions: 571->0(570)
[4575.152s][info][gc,heap        ] GC(561) Survivor regions: 43->43(77)
[4575.152s][info][gc,heap        ] GC(561) Old regions: 276->283
[4575.152s][info][gc,heap        ] GC(561) Humongous regions: 33->33
[4575.152s][info][gc,metaspace   ] GC(561) Metaspace: 29992K(30528K)->29992K(30528K) NonClass: 26595K(26880K)->26595K(26880K) Class: 3397K(3648K)->3397K(3648K)
[4575.152s][info][gc             ] GC(561) Pause Young (Normal) (G1 Evacuation Pause) 7371M->2855M(8192M) 152.691ms
[4575.152s][info][gc,cpu         ] GC(561) User=1.21s Sys=0.00s Real=0.16s
.....[4579.976s][info][gc,start       ] GC(562) Pause Young (Normal) (G1 Evacuation Pause)
[4579.976s][info][gc,task        ] GC(562) Using 8 workers of 8 for evacuation
[4580.130s][info][gc,phases      ] GC(562)   Pre Evacuate Collection Set: 0.24ms
[4580.130s][info][gc,phases      ] GC(562)   Merge Heap Roots: 0.62ms
[4580.130s][info][gc,phases      ] GC(562)   Evacuate Collection Set: 152.16ms
[4580.130s][info][gc,phases      ] GC(562)   Post Evacuate Collection Set: 1.12ms
[4580.130s][info][gc,phases      ] GC(562)   Other: 0.07ms
[4580.130s][info][gc,heap        ] GC(562) Eden regions: 570->0(564)
[4580.130s][info][gc,heap        ] GC(562) Survivor regions: 43->42(77)
[4580.130s][info][gc,heap        ] GC(562) Old regions: 283->291
[4580.130s][info][gc,heap        ] GC(562) Humongous regions: 33->33
[4580.130s][info][gc,metaspace   ] GC(562) Metaspace: 29992K(30528K)->29992K(30528K) NonClass: 26595K(26880K)->26595K(26880K) Class: 3397K(3648K)->3397K(3648K)
[4580.130s][info][gc             ] GC(562) Pause Young (Normal) (G1 Evacuation Pause) 7415M->2911M(8192M) 154.333ms
[4580.130s][info][gc,cpu         ] GC(562) User=1.22s Sys=0.00s Real=0.15s
.....[4584.896s][info][gc,start       ] GC(563) Pause Young (Normal) (G1 Evacuation Pause)
[4584.896s][info][gc,task        ] GC(563) Using 8 workers of 8 for evacuation
[4585.054s][info][gc,phases      ] GC(563)   Pre Evacuate Collection Set: 0.25ms
[4585.054s][info][gc,phases      ] GC(563)   Merge Heap Roots: 0.65ms
[4585.054s][info][gc,phases      ] GC(563)   Evacuate Collection Set: 156.18ms
[4585.054s][info][gc,phases      ] GC(563)   Post Evacuate Collection Set: 1.08ms
[4585.054s][info][gc,phases      ] GC(563)   Other: 0.06ms
[4585.054s][info][gc,heap        ] GC(563) Eden regions: 564->0(553)
[4585.054s][info][gc,heap        ] GC(563) Survivor regions: 42->44(76)
[4585.054s][info][gc,heap        ] GC(563) Old regions: 291->298
[4585.054s][info][gc,heap        ] GC(563) Humongous regions: 33->33
[4585.054s][info][gc,metaspace   ] GC(563) Metaspace: 29992K(30528K)->29992K(30528K) NonClass: 26595K(26880K)->26595K(26880K) Class: 3397K(3648K)->3397K(3648K)
[4585.054s][info][gc             ] GC(563) Pause Young (Normal) (G1 Evacuation Pause) 7423M->2979M(8192M) 158.363ms
[4585.054s][info][gc,cpu         ] GC(563) User=1.26s Sys=0.00s Real=0.16s
.... (rIR:aIR:PR = 7749:7749:7748) (tPR = 115180) [OK] 
  4588s: Performance info:
         Transaction,    Success,    Partial,     Failed,   Receipts, AvgBarcode, 
             Overall,     465102,          0,          0,     441825,      59.47, 
         Response times:
             Request,    Success,    Partial,     Failed,   SkipFail,     Probes,    Samples,      min,      p50,      p90,      p95,      p99,      max, 
       TotalPurchase,     441858,          0,          0,          0,     361454,     392931,      300,     5400,    11100,    24000,    69000,   331000,
     InStorePurchase,     231796,          0,          0,          0,     190270,     206394,      400,     5400,    11100,    25000,    71000,   330000,
      OnlinePurchase,     163279,          0,          0,          0,     132769,     144360,      300,     5400,    11100,    24000,    68000,   331000,
        InstPurchase,      46783,          0,          0,          0,      38415,      42177,      500,     5500,    11400,    23000,    68000,   219000,
          AssocOfCat,        464,          0,          0,          0,        385,        538,    29000,    45000,    64000,   102050,   197660,   214000,
      AssocOfProduct,       4672,          0,          0,          0,       4386,       4982,      700,     6700,    11900,    27000,    78000,   320000,
      BusinessReport,       1162,          0,          0,          0,       1024,       1238,    30000,    50000,    71000,    92050,   187220,   227000,
          CustBuyBeh,       4635,          0,          0,          0,       4314,       4934,      200,     4100,    11100,    19550,    60000,   177000,
       ProductReturn,      12350,          0,          0,          0,       9554,      10764,      300,     5800,    11200,    25000,    71000,   172000,

  4588s: (57%)   IR =   7887 .[4589.673s][info][gc,start       ] GC(564) Pause Young (Normal) (G1 Evacuation Pause)
[4589.673s][info][gc,task        ] GC(564) Using 8 workers of 8 for evacuation
[4589.826s][info][gc,phases      ] GC(564)   Pre Evacuate Collection Set: 0.23ms
[4589.826s][info][gc,phases      ] GC(564)   Merge Heap Roots: 0.57ms
[4589.826s][info][gc,phases      ] GC(564)   Evacuate Collection Set: 150.80ms
[4589.826s][info][gc,phases      ] GC(564)   Post Evacuate Collection Set: 1.05ms
[4589.826s][info][gc,phases      ] GC(564)   Other: 0.06ms
[4589.826s][info][gc,heap        ] GC(564) Eden regions: 553->0(548)
[4589.826s][info][gc,heap        ] GC(564) Survivor regions: 44->43(75)
[4589.826s][info][gc,heap        ] GC(564) Old regions: 298->305
[4589.826s][info][gc,heap        ] GC(564) Humongous regions: 33->33
[4589.826s][info][gc,metaspace   ] GC(564) Metaspace: 29992K(30528K)->29992K(30528K) NonClass: 26595K(26880K)->26595K(26880K) Class: 3397K(3648K)->3397K(3648K)
[4589.826s][info][gc             ] GC(564) Pause Young (Normal) (G1 Evacuation Pause) 7403M->3030M(8192M) 152.838ms
[4589.826s][info][gc,cpu         ] GC(564) User=1.21s Sys=0.00s Real=0.15s
....|[4594.314s][info][gc,start       ] GC(565) Pause Young (Normal) (G1 Evacuation Pause)
[4594.314s][info][gc,task        ] GC(565) Using 8 workers of 8 for evacuation
[4594.464s][info][gc,phases      ] GC(565)   Pre Evacuate Collection Set: 0.25ms
[4594.464s][info][gc,phases      ] GC(565)   Merge Heap Roots: 0.61ms
[4594.464s][info][gc,phases      ] GC(565)   Evacuate Collection Set: 148.35ms
[4594.464s][info][gc,phases      ] GC(565)   Post Evacuate Collection Set: 1.06ms
[4594.464s][info][gc,phases      ] GC(565)   Other: 0.06ms
[4594.464s][info][gc,heap        ] GC(565) Eden regions: 548->0(542)
[4594.464s][info][gc,heap        ] GC(565) Survivor regions: 43->42(74)
[4594.464s][info][gc,heap        ] GC(565) Old regions: 305->313
[4594.464s][info][gc,heap        ] GC(565) Humongous regions: 33->33
[4594.464s][info][gc,metaspace   ] GC(565) Metaspace: 29992K(30528K)->29992K(30528K) NonClass: 26595K(26880K)->26595K(26880K) Class: 3397K(3648K)->3397K(3648K)
[4594.464s][info][gc             ] GC(565) Pause Young (Normal) (G1 Evacuation Pause) 7414M->3086M(8192M) 150.476ms
[4594.464s][info][gc,cpu         ] GC(565) User=1.19s Sys=0.00s Real=0.15s
.....[4599.012s][info][gc,start       ] GC(566) Pause Young (Concurrent Start) (G1 Evacuation Pause)
[4599.012s][info][gc,task        ] GC(566) Using 8 workers of 8 for evacuation
[4599.167s][info][gc,phases      ] GC(566)   Pre Evacuate Collection Set: 0.29ms
[4599.167s][info][gc,phases      ] GC(566)   Merge Heap Roots: 0.62ms
[4599.167s][info][gc,phases      ] GC(566)   Evacuate Collection Set: 152.52ms
[4599.167s][info][gc,phases      ] GC(566)   Post Evacuate Collection Set: 1.06ms
[4599.167s][info][gc,phases      ] GC(566)   Other: 0.09ms
[4599.167s][info][gc,heap        ] GC(566) Eden regions: 542->0(535)
[4599.167s][info][gc,heap        ] GC(566) Survivor regions: 42->42(73)
[4599.167s][info][gc,heap        ] GC(566) Old regions: 313->320
[4599.167s][info][gc,heap        ] GC(566) Humongous regions: 33->33
[4599.167s][info][gc,metaspace   ] GC(566) Metaspace: 29992K(30528K)->29992K(30528K) NonClass: 26595K(26880K)->26595K(26880K) Class: 3397K(3648K)->3397K(3648K)
[4599.167s][info][gc             ] GC(566) Pause Young (Concurrent Start) (G1 Evacuation Pause) 7422M->3146M(8192M) 154.717ms
[4599.167s][info][gc             ] GC(567) Concurrent Mark Cycle
[4599.167s][info][gc,marking     ] GC(567) Concurrent Scan Root Regions
[4599.167s][info][gc,cpu         ] GC(566) User=1.23s Sys=0.00s Real=0.15s
[4599.486s][info][gc,marking     ] GC(567) Concurrent Scan Root Regions 319.215ms
[4599.486s][info][gc,marking     ] GC(567) Concurrent Mark
[4599.486s][info][gc,marking     ] GC(567) Concurrent Mark From Roots
[4599.486s][info][gc,task        ] GC(567) Using 2 workers of 2 for marking
.[4600.452s][info][gc,marking     ] GC(567) Concurrent Mark From Roots 965.933ms
[4600.452s][info][gc,marking     ] GC(567) Concurrent Preclean
[4600.452s][info][gc,marking     ] GC(567) Concurrent Preclean 0.153ms
[4600.452s][info][gc,start       ] GC(567) Pause Remark
[4600.455s][info][gc             ] GC(567) Pause Remark 4486M->4014M(8192M) 2.729ms
[4600.455s][info][gc,cpu         ] GC(567) User=0.02s Sys=0.00s Real=0.00s
[4600.456s][info][gc,marking     ] GC(567) Concurrent Mark 969.610ms
[4600.456s][info][gc,marking     ] GC(567) Concurrent Rebuild Remembered Sets and Scrub Regions
.[4600.936s][info][gc,marking     ] GC(567) Concurrent Rebuild Remembered Sets and Scrub Regions 480.193ms
[4600.936s][info][gc,start       ] GC(567) Pause Cleanup
[4600.936s][info][gc             ] GC(567) Pause Cleanup 4463M->4463M(8192M) 0.287ms
[4600.936s][info][gc,cpu         ] GC(567) User=0.00s Sys=0.00s Real=0.00s
[4600.936s][info][gc,marking     ] GC(567) Concurrent Clear Claimed Marks
[4600.936s][info][gc,marking     ] GC(567) Concurrent Clear Claimed Marks 0.050ms
[4600.936s][info][gc,marking     ] GC(567) Concurrent Cleanup for Next Mark
[4600.948s][info][gc,marking     ] GC(567) Concurrent Cleanup for Next Mark 11.663ms
[4600.948s][info][gc             ] GC(567) Concurrent Mark Cycle 1781.425ms
...[4603.610s][info][gc,start       ] GC(568) Pause Young (Prepare Mixed) (G1 Evacuation Pause)
[4603.610s][info][gc,task        ] GC(568) Using 8 workers of 8 for evacuation
[4603.757s][info][gc,phases      ] GC(568)   Pre Evacuate Collection Set: 0.25ms
[4603.757s][info][gc,phases      ] GC(568)   Merge Heap Roots: 0.77ms
[4603.757s][info][gc,phases      ] GC(568)   Evacuate Collection Set: 145.53ms
[4603.757s][info][gc,phases      ] GC(568)   Post Evacuate Collection Set: 1.11ms
[4603.757s][info][gc,phases      ] GC(568)   Other: 0.06ms
[4603.757s][info][gc,heap        ] GC(568) Eden regions: 535->0(573)
[4603.757s][info][gc,heap        ] GC(568) Survivor regions: 42->41(73)
[4603.757s][info][gc,heap        ] GC(568) Old regions: 261->269
[4603.757s][info][gc,heap        ] GC(568) Humongous regions: 33->33
[4603.757s][info][gc,metaspace   ] GC(568) Metaspace: 29992K(30528K)->29992K(30528K) NonClass: 26595K(26880K)->26595K(26880K) Class: 3397K(3648K)->3397K(3648K)
[4603.757s][info][gc             ] GC(568) Pause Young (Prepare Mixed) (G1 Evacuation Pause) 6954M->2726M(8192M) 147.869ms
[4603.757s][info][gc,cpu         ] GC(568) User=1.17s Sys=0.00s Real=0.15s
.....[4608.640s][info][gc,start       ] GC(569) Pause Young (Mixed) (G1 Evacuation Pause)
[4608.640s][info][gc,task        ] GC(569) Using 8 workers of 8 for evacuation
[4608.797s][info][gc,phases      ] GC(569)   Pre Evacuate Collection Set: 0.26ms
[4608.797s][info][gc,phases      ] GC(569)   Merge Heap Roots: 0.76ms
[4608.797s][info][gc,phases      ] GC(569)   Evacuate Collection Set: 154.03ms
[4608.797s][info][gc,phases      ] GC(569)   Post Evacuate Collection Set: 1.33ms
[4608.797s][info][gc,phases      ] GC(569)   Other: 0.08ms
[4608.797s][info][gc,heap        ] GC(569) Eden regions: 573->0(572)
[4608.797s][info][gc,heap        ] GC(569) Survivor regions: 41->42(77)
[4608.797s][info][gc,heap        ] GC(569) Old regions: 269->174
[4608.797s][info][gc,heap        ] GC(569) Humongous regions: 33->33
[4608.797s][info][gc,metaspace   ] GC(569) Metaspace: 29992K(30528K)->29992K(30528K) NonClass: 26595K(26880K)->26595K(26880K) Class: 3397K(3648K)->3397K(3648K)
[4608.797s][info][gc             ] GC(569) Pause Young (Mixed) (G1 Evacuation Pause) 7310M->1973M(8192M) 156.586ms
[4608.797s][info][gc,cpu         ] GC(569) User=1.24s Sys=0.00s Real=0.16s
....[4613.505s][info][gc,start       ] GC(570) Pause Young (Mixed) (G1 Evacuation Pause)
[4613.506s][info][gc,task        ] GC(570) Using 8 workers of 8 for evacuation
[4613.668s][info][gc,phases      ] GC(570)   Pre Evacuate Collection Set: 0.26ms
[4613.668s][info][gc,phases      ] GC(570)   Merge Heap Roots: 1.16ms
[4613.668s][info][gc,phases      ] GC(570)   Evacuate Collection Set: 160.16ms
[4613.668s][info][gc,phases      ] GC(570)   Post Evacuate Collection Set: 1.16ms
[4613.668s][info][gc,phases      ] GC(570)   Other: 0.08ms
[4613.668s][info][gc,heap        ] GC(570) Eden regions: 572->0(571)
[4613.668s][info][gc,heap        ] GC(570) Survivor regions: 42->43(77)
[4613.668s][info][gc,heap        ] GC(570) Old regions: 174->142
[4613.668s][info][gc,heap        ] GC(570) Humongous regions: 33->33
[4613.668s][info][gc,metaspace   ] GC(570) Metaspace: 29992K(30528K)->29992K(30528K) NonClass: 26595K(26880K)->26595K(26880K) Class: 3397K(3648K)->3397K(3648K)
[4613.668s][info][gc             ] GC(570) Pause Young (Mixed) (G1 Evacuation Pause) 6549M->1722M(8192M) 162.964ms
[4613.668s][info][gc,cpu         ] GC(570) User=1.28s Sys=0.00s Real=0.16s
.....[4618.357s][info][gc,start       ] GC(571) Pause Young (Normal) (G1 Evacuation Pause)
[4618.357s][info][gc,task        ] GC(571) Using 8 workers of 8 for evacuation
[4618.511s][info][gc,phases      ] GC(571)   Pre Evacuate Collection Set: 0.25ms
[4618.511s][info][gc,phases      ] GC(571)   Merge Heap Roots: 0.59ms
[4618.511s][info][gc,phases      ] GC(571)   Evacuate Collection Set: 152.59ms
[4618.511s][info][gc,phases      ] GC(571)   Post Evacuate Collection Set: 1.08ms
[4618.511s][info][gc,phases      ] GC(571)   Other: 0.06ms
[4618.511s][info][gc,heap        ] GC(571) Eden regions: 571->0(571)
[4618.511s][info][gc,heap        ] GC(571) Survivor regions: 43->43(77)
[4618.511s][info][gc,heap        ] GC(571) Old regions: 142->149
[4618.511s][info][gc,heap        ] GC(571) Humongous regions: 33->33
[4618.511s][info][gc,metaspace   ] GC(571) Metaspace: 29992K(30528K)->29992K(30528K) NonClass: 26595K(26880K)->26595K(26880K) Class: 3397K(3648K)->3397K(3648K)
[4618.511s][info][gc             ] GC(571) Pause Young (Normal) (G1 Evacuation Pause) 6290M->1779M(8192M) 154.715ms
[4618.511s][info][gc,cpu         ] GC(571) User=1.22s Sys=0.00s Real=0.16s
.....[4623.259s][info][gc,start       ] GC(572) Pause Young (Normal) (G1 Evacuation Pause)
[4623.259s][info][gc,task        ] GC(572) Using 8 workers of 8 for evacuation
[4623.415s][info][gc,phases      ] GC(572)   Pre Evacuate Collection Set: 0.25ms
[4623.415s][info][gc,phases      ] GC(572)   Merge Heap Roots: 0.58ms
[4623.415s][info][gc,phases      ] GC(572)   Evacuate Collection Set: 154.15ms
[4623.415s][info][gc,phases      ] GC(572)   Post Evacuate Collection Set: 1.07ms
[4623.415s][info][gc,phases      ] GC(572)   Other: 0.06ms
[4623.415s][info][gc,heap        ] GC(572) Eden regions: 571->0(571)
[4623.415s][info][gc,heap        ] GC(572) Survivor regions: 43->43(77)
[4623.415s][info][gc,heap        ] GC(572) Old regions: 149->156
[4623.415s][info][gc,heap        ] GC(572) Humongous regions: 33->33
[4623.415s][info][gc,metaspace   ] GC(572) Metaspace: 29992K(30528K)->29992K(30528K) NonClass: 26595K(26880K)->26595K(26880K) Class: 3397K(3648K)->3397K(3648K)
[4623.416s][info][gc             ] GC(572) Pause Young (Normal) (G1 Evacuation Pause) 6347M->1841M(8192M) 156.225ms
[4623.416s][info][gc,cpu         ] GC(572) User=1.23s Sys=0.00s Real=0.16s
.....[4628.095s][info][gc,start       ] GC(573) Pause Young (Normal) (G1 Evacuation Pause)
[4628.095s][info][gc,task        ] GC(573) Using 8 workers of 8 for evacuation
[4628.249s][info][gc,phases      ] GC(573)   Pre Evacuate Collection Set: 0.24ms
[4628.249s][info][gc,phases      ] GC(573)   Merge Heap Roots: 0.61ms
[4628.249s][info][gc,phases      ] GC(573)   Evacuate Collection Set: 151.70ms
[4628.249s][info][gc,phases      ] GC(573)   Post Evacuate Collection Set: 1.07ms
[4628.249s][info][gc,phases      ] GC(573)   Other: 0.06ms
[4628.249s][info][gc,heap        ] GC(573) Eden regions: 571->0(571)
[4628.249s][info][gc,heap        ] GC(573) Survivor regions: 43->43(77)
[4628.249s][info][gc,heap        ] GC(573) Old regions: 156->163
[4628.249s][info][gc,heap        ] GC(573) Humongous regions: 33->33
[4628.249s][info][gc,metaspace   ] GC(573) Metaspace: 29992K(30528K)->29992K(30528K) NonClass: 26595K(26880K)->26595K(26880K) Class: 3397K(3648K)->3397K(3648K)
[4628.249s][info][gc             ] GC(573) Pause Young (Normal) (G1 Evacuation Pause) 6409M->1897M(8192M) 153.822ms
[4628.249s][info][gc,cpu         ] GC(573) User=1.22s Sys=0.00s Real=0.15s
.....[4632.990s][info][gc,start       ] GC(574) Pause Young (Normal) (G1 Evacuation Pause)
[4632.990s][info][gc,task        ] GC(574) Using 8 workers of 8 for evacuation
[4633.142s][info][gc,phases      ] GC(574)   Pre Evacuate Collection Set: 0.24ms
[4633.142s][info][gc,phases      ] GC(574)   Merge Heap Roots: 0.60ms
[4633.142s][info][gc,phases      ] GC(574)   Evacuate Collection Set: 149.64ms
[4633.142s][info][gc,phases      ] GC(574)   Post Evacuate Collection Set: 1.07ms
[4633.142s][info][gc,phases      ] GC(574)   Other: 0.06ms
[4633.142s][info][gc,heap        ] GC(574) Eden regions: 571->0(571)
[4633.142s][info][gc,heap        ] GC(574) Survivor regions: 43->43(77)
[4633.142s][info][gc,heap        ] GC(574) Old regions: 163->170
[4633.142s][info][gc,heap        ] GC(574) Humongous regions: 33->33
[4633.142s][info][gc,metaspace   ] GC(574) Metaspace: 29992K(30528K)->29992K(30528K) NonClass: 26595K(26880K)->26595K(26880K) Class: 3397K(3648K)->3397K(3648K)
[4633.142s][info][gc             ] GC(574) Pause Young (Normal) (G1 Evacuation Pause) 6465M->1954M(8192M) 151.751ms
[4633.142s][info][gc,cpu         ] GC(574) User=1.20s Sys=0.00s Real=0.16s
.....[4637.902s][info][gc,start       ] GC(575) Pause Young (Normal) (G1 Evacuation Pause)
[4637.902s][info][gc,task        ] GC(575) Using 8 workers of 8 for evacuation
[4638.055s][info][gc,phases      ] GC(575)   Pre Evacuate Collection Set: 0.24ms
[4638.055s][info][gc,phases      ] GC(575)   Merge Heap Roots: 0.62ms
[4638.055s][info][gc,phases      ] GC(575)   Evacuate Collection Set: 150.89ms
[4638.055s][info][gc,phases      ] GC(575)   Post Evacuate Collection Set: 1.08ms
[4638.055s][info][gc,phases      ] GC(575)   Other: 0.06ms
[4638.055s][info][gc,heap        ] GC(575) Eden regions: 571->0(572)
[4638.055s][info][gc,heap        ] GC(575) Survivor regions: 43->42(77)
[4638.055s][info][gc,heap        ] GC(575) Old regions: 170->177
[4638.055s][info][gc,heap        ] GC(575) Humongous regions: 33->33
[4638.055s][info][gc,metaspace   ] GC(575) Metaspace: 29992K(30528K)->29992K(30528K) NonClass: 26595K(26880K)->26595K(26880K) Class: 3397K(3648K)->3397K(3648K)
[4638.055s][info][gc             ] GC(575) Pause Young (Normal) (G1 Evacuation Pause) 6522M->2001M(8192M) 153.049ms
[4638.055s][info][gc,cpu         ] GC(575) User=1.21s Sys=0.00s Real=0.15s
.....[4642.856s][info][gc,start       ] GC(576) Pause Young (Normal) (G1 Evacuation Pause)
[4642.856s][info][gc,task        ] GC(576) Using 8 workers of 8 for evacuation
[4643.009s][info][gc,phases      ] GC(576)   Pre Evacuate Collection Set: 0.27ms
[4643.009s][info][gc,phases      ] GC(576)   Merge Heap Roots: 0.69ms
[4643.009s][info][gc,phases      ] GC(576)   Evacuate Collection Set: 150.65ms
[4643.009s][info][gc,phases      ] GC(576)   Post Evacuate Collection Set: 1.07ms
[4643.009s][info][gc,phases      ] GC(576)   Other: 0.07ms
[4643.009s][info][gc,heap        ] GC(576) Eden regions: 572->0(571)
[4643.009s][info][gc,heap        ] GC(576) Survivor regions: 42->43(77)
[4643.009s][info][gc,heap        ] GC(576) Old regions: 177->184
[4643.009s][info][gc,heap        ] GC(576) Humongous regions: 33->33
[4643.009s][info][gc,metaspace   ] GC(576) Metaspace: 29992K(30528K)->29992K(30528K) NonClass: 26595K(26880K)->26595K(26880K) Class: 3397K(3648K)->3397K(3648K)
[4643.009s][info][gc             ] GC(576) Pause Young (Normal) (G1 Evacuation Pause) 6577M->2061M(8192M) 152.897ms
[4643.009s][info][gc,cpu         ] GC(576) User=1.21s Sys=0.00s Real=0.15s
....[4647.688s][info][gc,start       ] GC(577) Pause Young (Normal) (G1 Evacuation Pause)
[4647.688s][info][gc,task        ] GC(577) Using 8 workers of 8 for evacuation
[4647.843s][info][gc,phases      ] GC(577)   Pre Evacuate Collection Set: 0.26ms
[4647.843s][info][gc,phases      ] GC(577)   Merge Heap Roots: 0.58ms
[4647.843s][info][gc,phases      ] GC(577)   Evacuate Collection Set: 152.29ms
[4647.843s][info][gc,phases      ] GC(577)   Post Evacuate Collection Set: 1.07ms
[4647.843s][info][gc,phases      ] GC(577)   Other: 0.07ms
[4647.843s][info][gc,heap        ] GC(577) Eden regions: 571->0(571)
[4647.843s][info][gc,heap        ] GC(577) Survivor regions: 43->43(77)
[4647.843s][info][gc,heap        ] GC(577) Old regions: 184->191
[4647.843s][info][gc,heap        ] GC(577) Humongous regions: 33->33
[4647.843s][info][gc,metaspace   ] GC(577) Metaspace: 29992K(30528K)->29992K(30528K) NonClass: 26595K(26880K)->26595K(26880K) Class: 3397K(3648K)->3397K(3648K)
[4647.843s][info][gc             ] GC(577) Pause Young (Normal) (G1 Evacuation Pause) 6629M->2122M(8192M) 154.408ms
[4647.843s][info][gc,cpu         ] GC(577) User=1.22s Sys=0.00s Real=0.16s
.....[4652.631s][info][gc,start       ] GC(578) Pause Young (Normal) (G1 Evacuation Pause)
[4652.632s][info][gc,task        ] GC(578) Using 8 workers of 8 for evacuation
[4652.784s][info][gc,phases      ] GC(578)   Pre Evacuate Collection Set: 0.26ms
[4652.784s][info][gc,phases      ] GC(578)   Merge Heap Roots: 0.56ms
[4652.784s][info][gc,phases      ] GC(578)   Evacuate Collection Set: 150.08ms
[4652.784s][info][gc,phases      ] GC(578)   Post Evacuate Collection Set: 1.07ms
[4652.784s][info][gc,phases      ] GC(578)   Other: 0.06ms
[4652.784s][info][gc,heap        ] GC(578) Eden regions: 571->0(571)
[4652.784s][info][gc,heap        ] GC(578) Survivor regions: 43->43(77)
[4652.784s][info][gc,heap        ] GC(578) Old regions: 191->198
[4652.784s][info][gc,heap        ] GC(578) Humongous regions: 33->33
[4652.784s][info][gc,metaspace   ] GC(578) Metaspace: 29992K(30528K)->29992K(30528K) NonClass: 26595K(26880K)->26595K(26880K) Class: 3397K(3648K)->3397K(3648K)
[4652.784s][info][gc             ] GC(578) Pause Young (Normal) (G1 Evacuation Pause) 6690M->2178M(8192M) 152.181ms
[4652.784s][info][gc,cpu         ] GC(578) User=1.20s Sys=0.00s Real=0.15s
.. (rIR:aIR:PR = 7887:7874:7874) (tPR = 117224) [OK] 
  4653s: Performance info:
         Transaction,    Success,    Partial,     Failed,   Receipts, AvgBarcode, 
             Overall,     474861,          0,          0,     451091,      59.47, 
         Response times:
             Request,    Success,    Partial,     Failed,   SkipFail,     Probes,    Samples,      min,      p50,      p90,      p95,      p99,      max, 
       TotalPurchase,     451083,          0,          0,          0,     359988,     391526,      300,     5500,    12000,    28000,    81000,   390000,
     InStorePurchase,     237034,          0,          0,          0,     189383,     205607,      300,     5500,    12000,    28000,    81000,   390000,
      OnlinePurchase,     166759,          0,          0,          0,     132614,     144046,      300,     5400,    11900,    28000,    80000,   390000,
        InstPurchase,      47290,          0,          0,          0,      37991,      41873,      500,     5500,    12300,    26000,    84000,   279000,
          AssocOfCat,        478,          0,          0,          0,        387,        509,    29000,    44000,    66000,    99000,   161900,   215000,
      AssocOfProduct,       4763,          0,          0,          0,       4443,       5044,      700,     5800,    12700,    28000,    74000,   168000,
      BusinessReport,       1189,          0,          0,          0,       1060,       1299,    30000,    52000,    76000,   105000,   207000,   273000,
          CustBuyBeh,       4767,          0,          0,          0,       4422,       5051,      300,     5400,    11200,    23000,    82000,   172000,
       ProductReturn,      12546,          0,          0,          0,       9665,      10761,      200,     5100,    11880,    31000,    81000,   396000,

  4653s: (58%)   IR =   8025 ...[4657.444s][info][gc,start       ] GC(579) Pause Young (Normal) (G1 Evacuation Pause)
[4657.444s][info][gc,task        ] GC(579) Using 8 workers of 8 for evacuation
[4657.597s][info][gc,phases      ] GC(579)   Pre Evacuate Collection Set: 0.24ms
[4657.597s][info][gc,phases      ] GC(579)   Merge Heap Roots: 0.63ms
[4657.597s][info][gc,phases      ] GC(579)   Evacuate Collection Set: 150.84ms
[4657.597s][info][gc,phases      ] GC(579)   Post Evacuate Collection Set: 1.12ms
[4657.597s][info][gc,phases      ] GC(579)   Other: 0.06ms
[4657.597s][info][gc,heap        ] GC(579) Eden regions: 571->0(571)
[4657.597s][info][gc,heap        ] GC(579) Survivor regions: 43->43(77)
[4657.597s][info][gc,heap        ] GC(579) Old regions: 198->205
[4657.597s][info][gc,heap        ] GC(579) Humongous regions: 33->33
[4657.597s][info][gc,metaspace   ] GC(579) Metaspace: 29992K(30528K)->29992K(30528K) NonClass: 26595K(26880K)->26595K(26880K) Class: 3397K(3648K)->3397K(3648K)
[4657.597s][info][gc             ] GC(579) Pause Young (Normal) (G1 Evacuation Pause) 6746M->2235M(8192M) 153.031ms
[4657.597s][info][gc,cpu         ] GC(579) User=1.21s Sys=0.00s Real=0.15s
..|...[4662.335s][info][gc,start       ] GC(580) Pause Young (Normal) (G1 Evacuation Pause)
[4662.335s][info][gc,task        ] GC(580) Using 8 workers of 8 for evacuation
[4662.487s][info][gc,phases      ] GC(580)   Pre Evacuate Collection Set: 0.29ms
[4662.487s][info][gc,phases      ] GC(580)   Merge Heap Roots: 0.71ms
[4662.487s][info][gc,phases      ] GC(580)   Evacuate Collection Set: 149.22ms
[4662.487s][info][gc,phases      ] GC(580)   Post Evacuate Collection Set: 1.07ms
[4662.487s][info][gc,phases      ] GC(580)   Other: 0.06ms
[4662.487s][info][gc,heap        ] GC(580) Eden regions: 571->0(571)
[4662.487s][info][gc,heap        ] GC(580) Survivor regions: 43->43(77)
[4662.487s][info][gc,heap        ] GC(580) Old regions: 205->212
[4662.487s][info][gc,heap        ] GC(580) Humongous regions: 33->33
[4662.487s][info][gc,metaspace   ] GC(580) Metaspace: 29992K(30528K)->29992K(30528K) NonClass: 26595K(26880K)->26595K(26880K) Class: 3397K(3648K)->3397K(3648K)
[4662.487s][info][gc             ] GC(580) Pause Young (Normal) (G1 Evacuation Pause) 6803M->2287M(8192M) 151.489ms
[4662.487s][info][gc,cpu         ] GC(580) User=1.20s Sys=0.00s Real=0.15s
.....[4667.245s][info][gc,start       ] GC(581) Pause Young (Normal) (G1 Evacuation Pause)
[4667.245s][info][gc,task        ] GC(581) Using 8 workers of 8 for evacuation
[4667.402s][info][gc,phases      ] GC(581)   Pre Evacuate Collection Set: 0.23ms
[4667.402s][info][gc,phases      ] GC(581)   Merge Heap Roots: 0.63ms
[4667.402s][info][gc,phases      ] GC(581)   Evacuate Collection Set: 154.70ms
[4667.402s][info][gc,phases      ] GC(581)   Post Evacuate Collection Set: 1.10ms
[4667.402s][info][gc,phases      ] GC(581)   Other: 0.06ms
[4667.402s][info][gc,heap        ] GC(581) Eden regions: 571->0(571)
[4667.402s][info][gc,heap        ] GC(581) Survivor regions: 43->43(77)
[4667.402s][info][gc,heap        ] GC(581) Old regions: 212->219
[4667.402s][info][gc,heap        ] GC(581) Humongous regions: 33->33
[4667.402s][info][gc,metaspace   ] GC(581) Metaspace: 29992K(30528K)->29992K(30528K) NonClass: 26595K(26880K)->26595K(26880K) Class: 3397K(3648K)->3397K(3648K)
[4667.402s][info][gc             ] GC(581) Pause Young (Normal) (G1 Evacuation Pause) 6855M->2347M(8192M) 156.860ms
[4667.402s][info][gc,cpu         ] GC(581) User=1.24s Sys=0.00s Real=0.16s
.....[4672.108s][info][gc,start       ] GC(582) Pause Young (Normal) (G1 Evacuation Pause)
[4672.108s][info][gc,task        ] GC(582) Using 8 workers of 8 for evacuation
[4672.266s][info][gc,phases      ] GC(582)   Pre Evacuate Collection Set: 0.24ms
[4672.266s][info][gc,phases      ] GC(582)   Merge Heap Roots: 0.57ms
[4672.266s][info][gc,phases      ] GC(582)   Evacuate Collection Set: 155.51ms
[4672.266s][info][gc,phases      ] GC(582)   Post Evacuate Collection Set: 1.10ms
[4672.266s][info][gc,phases      ] GC(582)   Other: 0.06ms
[4672.266s][info][gc,heap        ] GC(582) Eden regions: 571->0(570)
[4672.266s][info][gc,heap        ] GC(582) Survivor regions: 43->44(77)
[4672.266s][info][gc,heap        ] GC(582) Old regions: 219->227
[4672.266s][info][gc,heap        ] GC(582) Humongous regions: 33->33
[4672.266s][info][gc,metaspace   ] GC(582) Metaspace: 29992K(30528K)->29992K(30528K) NonClass: 26595K(26880K)->26595K(26880K) Class: 3397K(3648K)->3397K(3648K)
[4672.266s][info][gc             ] GC(582) Pause Young (Normal) (G1 Evacuation Pause) 6915M->2409M(8192M) 157.610ms
[4672.266s][info][gc,cpu         ] GC(582) User=1.25s Sys=0.00s Real=0.16s
....[4676.851s][info][gc,start       ] GC(583) Pause Young (Normal) (G1 Evacuation Pause)
[4676.851s][info][gc,task        ] GC(583) Using 8 workers of 8 for evacuation
[4677.006s][info][gc,phases      ] GC(583)   Pre Evacuate Collection Set: 0.24ms
[4677.006s][info][gc,phases      ] GC(583)   Merge Heap Roots: 0.61ms
[4677.006s][info][gc,phases      ] GC(583)   Evacuate Collection Set: 153.62ms
[4677.006s][info][gc,phases      ] GC(583)   Post Evacuate Collection Set: 1.15ms
[4677.006s][info][gc,phases      ] GC(583)   Other: 0.07ms
[4677.006s][info][gc,heap        ] GC(583) Eden regions: 570->0(570)
[4677.006s][info][gc,heap        ] GC(583) Survivor regions: 44->44(77)
[4677.006s][info][gc,heap        ] GC(583) Old regions: 227->234
[4677.006s][info][gc,heap        ] GC(583) Humongous regions: 33->33
[4677.006s][info][gc,metaspace   ] GC(583) Metaspace: 29992K(30528K)->29992K(30528K) NonClass: 26595K(26880K)->26595K(26880K) Class: 3397K(3648K)->3397K(3648K)
[4677.006s][info][gc             ] GC(583) Pause Young (Normal) (G1 Evacuation Pause) 6969M->2466M(8192M) 155.825ms
[4677.007s][info][gc,cpu         ] GC(583) User=1.23s Sys=0.00s Real=0.16s
.....[4681.686s][info][gc,start       ] GC(584) Pause Young (Normal) (G1 Evacuation Pause)
[4681.686s][info][gc,task        ] GC(584) Using 8 workers of 8 for evacuation
[4681.840s][info][gc,phases      ] GC(584)   Pre Evacuate Collection Set: 0.24ms
[4681.840s][info][gc,phases      ] GC(584)   Merge Heap Roots: 0.64ms
[4681.840s][info][gc,phases      ] GC(584)   Evacuate Collection Set: 151.78ms
[4681.840s][info][gc,phases      ] GC(584)   Post Evacuate Collection Set: 1.09ms
[4681.840s][info][gc,phases      ] GC(584)   Other: 0.08ms
[4681.840s][info][gc,heap        ] GC(584) Eden regions: 570->0(571)
[4681.840s][info][gc,heap        ] GC(584) Survivor regions: 44->43(77)
[4681.840s][info][gc,heap        ] GC(584) Old regions: 234->241
[4681.840s][info][gc,heap        ] GC(584) Humongous regions: 33->33
[4681.840s][info][gc,metaspace   ] GC(584) Metaspace: 29992K(30528K)->29992K(30528K) NonClass: 26595K(26880K)->26595K(26880K) Class: 3397K(3648K)->3397K(3648K)
[4681.840s][info][gc             ] GC(584) Pause Young (Normal) (G1 Evacuation Pause) 7026M->2518M(8192M) 153.982ms
[4681.840s][info][gc,cpu         ] GC(584) User=1.22s Sys=0.00s Real=0.15s
.....[4686.483s][info][gc,start       ] GC(585) Pause Young (Normal) (G1 Evacuation Pause)
[4686.483s][info][gc,task        ] GC(585) Using 8 workers of 8 for evacuation
[4686.632s][info][gc,phases      ] GC(585)   Pre Evacuate Collection Set: 0.24ms
[4686.632s][info][gc,phases      ] GC(585)   Merge Heap Roots: 0.57ms
[4686.632s][info][gc,phases      ] GC(585)   Evacuate Collection Set: 147.61ms
[4686.632s][info][gc,phases      ] GC(585)   Post Evacuate Collection Set: 1.06ms
[4686.632s][info][gc,phases      ] GC(585)   Other: 0.06ms
[4686.632s][info][gc,heap        ] GC(585) Eden regions: 571->0(571)
[4686.632s][info][gc,heap        ] GC(585) Survivor regions: 43->43(77)
[4686.632s][info][gc,heap        ] GC(585) Old regions: 241->248
[4686.632s][info][gc,heap        ] GC(585) Humongous regions: 33->33
[4686.632s][info][gc,metaspace   ] GC(585) Metaspace: 29992K(30528K)->29992K(30528K) NonClass: 26595K(26880K)->26595K(26880K) Class: 3397K(3648K)->3397K(3648K)
[4686.632s][info][gc             ] GC(585) Pause Young (Normal) (G1 Evacuation Pause) 7086M->2578M(8192M) 149.687ms
[4686.632s][info][gc,cpu         ] GC(585) User=1.18s Sys=0.00s Real=0.15s
.....[4691.379s][info][gc,start       ] GC(586) Pause Young (Normal) (G1 Evacuation Pause)
[4691.379s][info][gc,task        ] GC(586) Using 8 workers of 8 for evacuation
[4691.533s][info][gc,phases      ] GC(586)   Pre Evacuate Collection Set: 0.26ms
[4691.533s][info][gc,phases      ] GC(586)   Merge Heap Roots: 0.62ms
[4691.533s][info][gc,phases      ] GC(586)   Evacuate Collection Set: 152.11ms
[4691.533s][info][gc,phases      ] GC(586)   Post Evacuate Collection Set: 1.06ms
[4691.533s][info][gc,phases      ] GC(586)   Other: 0.06ms
[4691.533s][info][gc,heap        ] GC(586) Eden regions: 571->0(570)
[4691.533s][info][gc,heap        ] GC(586) Survivor regions: 43->44(77)
[4691.533s][info][gc,heap        ] GC(586) Old regions: 248->255
[4691.533s][info][gc,heap        ] GC(586) Humongous regions: 33->33
[4691.533s][info][gc,metaspace   ] GC(586) Metaspace: 29992K(30528K)->29992K(30528K) NonClass: 26595K(26880K)->26595K(26880K) Class: 3397K(3648K)->3397K(3648K)
[4691.533s][info][gc             ] GC(586) Pause Young (Normal) (G1 Evacuation Pause) 7146M->2639M(8192M) 154.250ms
[4691.533s][info][gc,cpu         ] GC(586) User=1.22s Sys=0.01s Real=0.16s
.....[4696.174s][info][gc,start       ] GC(587) Pause Young (Normal) (G1 Evacuation Pause)
[4696.175s][info][gc,task        ] GC(587) Using 8 workers of 8 for evacuation
[4696.326s][info][gc,phases      ] GC(587)   Pre Evacuate Collection Set: 0.26ms
[4696.326s][info][gc,phases      ] GC(587)   Merge Heap Roots: 0.62ms
[4696.326s][info][gc,phases      ] GC(587)   Evacuate Collection Set: 149.70ms
[4696.326s][info][gc,phases      ] GC(587)   Post Evacuate Collection Set: 1.08ms
[4696.326s][info][gc,phases      ] GC(587)   Other: 0.06ms
[4696.326s][info][gc,heap        ] GC(587) Eden regions: 570->0(571)
[4696.326s][info][gc,heap        ] GC(587) Survivor regions: 44->43(77)
[4696.326s][info][gc,heap        ] GC(587) Old regions: 255->262
[4696.326s][info][gc,heap        ] GC(587) Humongous regions: 33->33
[4696.326s][info][gc,metaspace   ] GC(587) Metaspace: 29992K(30528K)->29992K(30528K) NonClass: 26595K(26880K)->26595K(26880K) Class: 3397K(3648K)->3397K(3648K)
[4696.326s][info][gc             ] GC(587) Pause Young (Normal) (G1 Evacuation Pause) 7199M->2690M(8192M) 151.866ms
[4696.326s][info][gc,cpu         ] GC(587) User=1.21s Sys=0.00s Real=0.15s
....[4700.968s][info][gc,start       ] GC(588) Pause Young (Normal) (G1 Evacuation Pause)
[4700.968s][info][gc,task        ] GC(588) Using 8 workers of 8 for evacuation
[4701.120s][info][gc,phases      ] GC(588)   Pre Evacuate Collection Set: 0.25ms
[4701.120s][info][gc,phases      ] GC(588)   Merge Heap Roots: 0.67ms
[4701.120s][info][gc,phases      ] GC(588)   Evacuate Collection Set: 150.29ms
[4701.120s][info][gc,phases      ] GC(588)   Post Evacuate Collection Set: 1.07ms
[4701.120s][info][gc,phases      ] GC(588)   Other: 0.06ms
[4701.120s][info][gc,heap        ] GC(588) Eden regions: 571->0(571)
[4701.120s][info][gc,heap        ] GC(588) Survivor regions: 43->43(77)
[4701.120s][info][gc,heap        ] GC(588) Old regions: 262->269
[4701.120s][info][gc,heap        ] GC(588) Humongous regions: 33->33
[4701.120s][info][gc,metaspace   ] GC(588) Metaspace: 29992K(30528K)->29992K(30528K) NonClass: 26595K(26880K)->26595K(26880K) Class: 3397K(3648K)->3397K(3648K)
[4701.120s][info][gc             ] GC(588) Pause Young (Normal) (G1 Evacuation Pause) 7258M->2743M(8192M) 152.474ms
[4701.120s][info][gc,cpu         ] GC(588) User=1.20s Sys=0.01s Real=0.15s
.....[4705.666s][info][gc,start       ] GC(589) Pause Young (Normal) (G1 Evacuation Pause)
[4705.666s][info][gc,task        ] GC(589) Using 8 workers of 8 for evacuation
[4705.819s][info][gc,phases      ] GC(589)   Pre Evacuate Collection Set: 0.25ms
[4705.819s][info][gc,phases      ] GC(589)   Merge Heap Roots: 0.60ms
[4705.819s][info][gc,phases      ] GC(589)   Evacuate Collection Set: 150.74ms
[4705.819s][info][gc,phases      ] GC(589)   Post Evacuate Collection Set: 1.07ms
[4705.819s][info][gc,phases      ] GC(589)   Other: 0.07ms
[4705.819s][info][gc,heap        ] GC(589) Eden regions: 571->0(572)
[4705.819s][info][gc,heap        ] GC(589) Survivor regions: 43->42(77)
[4705.819s][info][gc,heap        ] GC(589) Old regions: 269->276
[4705.819s][info][gc,heap        ] GC(589) Humongous regions: 33->33
[4705.819s][info][gc,metaspace   ] GC(589) Metaspace: 29992K(30528K)->29992K(30528K) NonClass: 26595K(26880K)->26595K(26880K) Class: 3397K(3648K)->3397K(3648K)
[4705.819s][info][gc             ] GC(589) Pause Young (Normal) (G1 Evacuation Pause) 7311M->2795M(8192M) 152.860ms
[4705.819s][info][gc,cpu         ] GC(589) User=1.20s Sys=0.01s Real=0.15s
.....[4710.505s][info][gc,start       ] GC(590) Pause Young (Normal) (G1 Evacuation Pause)
[4710.505s][info][gc,task        ] GC(590) Using 8 workers of 8 for evacuation
[4710.657s][info][gc,phases      ] GC(590)   Pre Evacuate Collection Set: 0.24ms
[4710.657s][info][gc,phases      ] GC(590)   Merge Heap Roots: 0.59ms
[4710.657s][info][gc,phases      ] GC(590)   Evacuate Collection Set: 150.62ms
[4710.657s][info][gc,phases      ] GC(590)   Post Evacuate Collection Set: 1.08ms
[4710.657s][info][gc,phases      ] GC(590)   Other: 0.06ms
[4710.657s][info][gc,heap        ] GC(590) Eden regions: 572->0(569)
[4710.657s][info][gc,heap        ] GC(590) Survivor regions: 42->43(77)
[4710.657s][info][gc,heap        ] GC(590) Old regions: 276->284
[4710.657s][info][gc,heap        ] GC(590) Humongous regions: 33->33
[4710.657s][info][gc,metaspace   ] GC(590) Metaspace: 29992K(30528K)->29992K(30528K) NonClass: 26595K(26880K)->26595K(26880K) Class: 3397K(3648K)->3397K(3648K)
[4710.657s][info][gc             ] GC(590) Pause Young (Normal) (G1 Evacuation Pause) 7371M->2857M(8192M) 152.732ms
[4710.657s][info][gc,cpu         ] GC(590) User=1.21s Sys=0.00s Real=0.15s
.....[4715.284s][info][gc,start       ] GC(591) Pause Young (Normal) (G1 Evacuation Pause)
[4715.284s][info][gc,task        ] GC(591) Using 8 workers of 8 for evacuation
[4715.437s][info][gc,phases      ] GC(591)   Pre Evacuate Collection Set: 0.26ms
[4715.437s][info][gc,phases      ] GC(591)   Merge Heap Roots: 0.61ms
[4715.437s][info][gc,phases      ] GC(591)   Evacuate Collection Set: 151.55ms
[4715.437s][info][gc,phases      ] GC(591)   Post Evacuate Collection Set: 1.08ms
[4715.437s][info][gc,phases      ] GC(591)   Other: 0.06ms
[4715.437s][info][gc,heap        ] GC(591) Eden regions: 569->0(563)
[4715.437s][info][gc,heap        ] GC(591) Survivor regions: 43->43(77)
[4715.437s][info][gc,heap        ] GC(591) Old regions: 284->290
[4715.437s][info][gc,heap        ] GC(591) Humongous regions: 33->33
[4715.437s][info][gc,metaspace   ] GC(591) Metaspace: 29992K(30528K)->29992K(30528K) NonClass: 26595K(26880K)->26595K(26880K) Class: 3397K(3648K)->3397K(3648K)
[4715.437s][info][gc             ] GC(591) Pause Young (Normal) (G1 Evacuation Pause) 7409M->2915M(8192M) 153.704ms
[4715.437s][info][gc,cpu         ] GC(591) User=1.22s Sys=0.01s Real=0.15s
.... (rIR:aIR:PR = 8025:8008:8008) (tPR = 118817) [OK] 
  4719s: Performance info:
         Transaction,    Success,    Partial,     Failed,   Receipts, AvgBarcode, 
             Overall,     481865,          0,          0,     457638,      59.47, 
         Response times:
             Request,    Success,    Partial,     Failed,   SkipFail,     Probes,    Samples,      min,      p50,      p90,      p95,      p99,      max, 
       TotalPurchase,     457638,          0,          0,          0,     360416,     392193,      300,     5400,    11800,    34000,    89000,   437000,
     InStorePurchase,     240238,          0,          0,          0,     190117,     206912,      300,     5300,    11800,    33000,    89000,   437000,
      OnlinePurchase,     169172,          0,          0,          0,     132736,     144068,      400,     5600,    11900,    35000,    90000,   437000,
        InstPurchase,      48228,          0,          0,          0,      37563,      41213,      500,     5600,    12000,    34000,    89000,   435000,
          AssocOfCat,        481,          0,          0,          0,        417,        564,    30000,    43000,    64500,   103000,   167000,   223000,
      AssocOfProduct,       4852,          0,          0,          0,       3351,       3858,      700,     5800,    11910,    23000,    77000,   398000,
      BusinessReport,       1205,          0,          0,          0,       1080,       1290,    31000,    52000,    78000,   115450,   194450,   223000,
          CustBuyBeh,       4793,          0,          0,          0,       3393,       3896,      600,     6100,    12230,    38000,    83030,   189000,
       ProductReturn,      12896,          0,          0,          0,       9931,      11050,      200,     5300,    11900,    31450,    88490,   310000,

  4719s: (59%)   IR =   8164 [4720.079s][info][gc,start       ] GC(592) Pause Young (Normal) (G1 Evacuation Pause)
[4720.079s][info][gc,task        ] GC(592) Using 8 workers of 8 for evacuation
[4720.233s][info][gc,phases      ] GC(592)   Pre Evacuate Collection Set: 0.25ms
[4720.233s][info][gc,phases      ] GC(592)   Merge Heap Roots: 0.61ms
[4720.233s][info][gc,phases      ] GC(592)   Evacuate Collection Set: 152.57ms
[4720.233s][info][gc,phases      ] GC(592)   Post Evacuate Collection Set: 1.13ms
[4720.233s][info][gc,phases      ] GC(592)   Other: 0.06ms
[4720.234s][info][gc,heap        ] GC(592) Eden regions: 563->0(556)
[4720.234s][info][gc,heap        ] GC(592) Survivor regions: 43->43(76)
[4720.234s][info][gc,heap        ] GC(592) Old regions: 290->297
[4720.234s][info][gc,heap        ] GC(592) Humongous regions: 33->33
[4720.234s][info][gc,metaspace   ] GC(592) Metaspace: 29992K(30528K)->29992K(30528K) NonClass: 26595K(26880K)->26595K(26880K) Class: 3397K(3648K)->3397K(3648K)
[4720.234s][info][gc             ] GC(592) Pause Young (Normal) (G1 Evacuation Pause) 7419M->2971M(8192M) 154.768ms
[4720.234s][info][gc,cpu         ] GC(592) User=1.23s Sys=0.00s Real=0.16s
.....[4724.665s][info][gc,start       ] GC(593) Pause Young (Normal) (G1 Evacuation Pause)
[4724.665s][info][gc,task        ] GC(593) Using 8 workers of 8 for evacuation
[4724.821s][info][gc,phases      ] GC(593)   Pre Evacuate Collection Set: 0.26ms
[4724.821s][info][gc,phases      ] GC(593)   Merge Heap Roots: 0.60ms
[4724.821s][info][gc,phases      ] GC(593)   Evacuate Collection Set: 153.73ms
[4724.821s][info][gc,phases      ] GC(593)   Post Evacuate Collection Set: 1.10ms
[4724.821s][info][gc,phases      ] GC(593)   Other: 0.06ms
[4724.821s][info][gc,heap        ] GC(593) Eden regions: 556->0(548)
[4724.821s][info][gc,heap        ] GC(593) Survivor regions: 43->43(75)
[4724.821s][info][gc,heap        ] GC(593) Old regions: 297->305
[4724.821s][info][gc,heap        ] GC(593) Humongous regions: 33->33
[4724.821s][info][gc,metaspace   ] GC(593) Metaspace: 29992K(30528K)->29992K(30528K) NonClass: 26595K(26880K)->26595K(26880K) Class: 3397K(3648K)->3397K(3648K)
[4724.821s][info][gc             ] GC(593) Pause Young (Normal) (G1 Evacuation Pause) 7419M->3030M(8192M) 155.903ms
[4724.821s][info][gc,cpu         ] GC(593) User=1.24s Sys=0.00s Real=0.16s
....[4729.125s][info][gc,start       ] GC(594) Pause Young (Normal) (G1 Evacuation Pause)
[4729.125s][info][gc,task        ] GC(594) Using 8 workers of 8 for evacuation
[4729.277s][info][gc,phases      ] GC(594)   Pre Evacuate Collection Set: 0.28ms
[4729.277s][info][gc,phases      ] GC(594)   Merge Heap Roots: 0.57ms
[4729.277s][info][gc,phases      ] GC(594)   Evacuate Collection Set: 149.74ms
[4729.277s][info][gc,phases      ] GC(594)   Post Evacuate Collection Set: 1.06ms
[4729.277s][info][gc,phases      ] GC(594)   Other: 0.06ms
[4729.277s][info][gc,heap        ] GC(594) Eden regions: 548->0(541)
[4729.277s][info][gc,heap        ] GC(594) Survivor regions: 43->43(74)
[4729.277s][info][gc,heap        ] GC(594) Old regions: 305->312
[4729.277s][info][gc,heap        ] GC(594) Humongous regions: 33->33
[4729.277s][info][gc,metaspace   ] GC(594) Metaspace: 29992K(30528K)->29992K(30528K) NonClass: 26595K(26880K)->26595K(26880K) Class: 3397K(3648K)->3397K(3648K)
[4729.277s][info][gc             ] GC(594) Pause Young (Normal) (G1 Evacuation Pause) 7414M->3083M(8192M) 151.839ms
[4729.277s][info][gc,cpu         ] GC(594) User=1.20s Sys=0.00s Real=0.15s
.....[4733.600s][info][gc,start       ] GC(595) Pause Young (Concurrent Start) (G1 Evacuation Pause)
[4733.600s][info][gc,task        ] GC(595) Using 8 workers of 8 for evacuation
[4733.750s][info][gc,phases      ] GC(595)   Pre Evacuate Collection Set: 0.31ms
[4733.750s][info][gc,phases      ] GC(595)   Merge Heap Roots: 0.61ms
[4733.750s][info][gc,phases      ] GC(595)   Evacuate Collection Set: 147.64ms
[4733.750s][info][gc,phases      ] GC(595)   Post Evacuate Collection Set: 1.03ms
[4733.750s][info][gc,phases      ] GC(595)   Other: 0.09ms
[4733.750s][info][gc,heap        ] GC(595) Eden regions: 541->0(538)
[4733.750s][info][gc,heap        ] GC(595) Survivor regions: 43->41(73)
[4733.750s][info][gc,heap        ] GC(595) Old regions: 312->319
[4733.750s][info][gc,heap        ] GC(595) Humongous regions: 33->33
[4733.750s][info][gc,metaspace   ] GC(595) Metaspace: 29992K(30528K)->29992K(30528K) NonClass: 26595K(26880K)->26595K(26880K) Class: 3397K(3648K)->3397K(3648K)
[4733.750s][info][gc             ] GC(595) Pause Young (Concurrent Start) (G1 Evacuation Pause) 7411M->3129M(8192M) 149.815ms
[4733.750s][info][gc             ] GC(596) Concurrent Mark Cycle
[4733.750s][info][gc,marking     ] GC(596) Concurrent Scan Root Regions
[4733.750s][info][gc,cpu         ] GC(595) User=1.18s Sys=0.00s Real=0.15s
[4734.087s][info][gc,marking     ] GC(596) Concurrent Scan Root Regions 337.376ms
[4734.087s][info][gc,marking     ] GC(596) Concurrent Mark
[4734.087s][info][gc,marking     ] GC(596) Concurrent Mark From Roots
[4734.087s][info][gc,task        ] GC(596) Using 2 workers of 2 for marking
..[4735.334s][info][gc,marking     ] GC(596) Concurrent Mark From Roots 1246.520ms
[4735.334s][info][gc,marking     ] GC(596) Concurrent Preclean
[4735.334s][info][gc,marking     ] GC(596) Concurrent Preclean 0.119ms
[4735.334s][info][gc,start       ] GC(596) Pause Remark
[4735.337s][info][gc             ] GC(596) Pause Remark 4837M->4269M(8192M) 3.028ms
[4735.337s][info][gc,cpu         ] GC(596) User=0.02s Sys=0.00s Real=0.00s
[4735.338s][info][gc,marking     ] GC(596) Concurrent Mark 1250.422ms
[4735.338s][info][gc,marking     ] GC(596) Concurrent Rebuild Remembered Sets and Scrub Regions
[4735.802s][info][gc,marking     ] GC(596) Concurrent Rebuild Remembered Sets and Scrub Regions 464.493ms
[4735.802s][info][gc,start       ] GC(596) Pause Cleanup
[4735.803s][info][gc             ] GC(596) Pause Cleanup 4709M->4709M(8192M) 0.299ms
[4735.803s][info][gc,cpu         ] GC(596) User=0.00s Sys=0.00s Real=0.00s
[4735.803s][info][gc,marking     ] GC(596) Concurrent Clear Claimed Marks
[4735.803s][info][gc,marking     ] GC(596) Concurrent Clear Claimed Marks 0.054ms
[4735.803s][info][gc,marking     ] GC(596) Concurrent Cleanup for Next Mark
[4735.812s][info][gc,marking     ] GC(596) Concurrent Cleanup for Next Mark 9.500ms
[4735.812s][info][gc             ] GC(596) Concurrent Mark Cycle 2062.621ms
..[4737.992s][info][gc,start       ] GC(597) Pause Young (Prepare Mixed) (G1 Evacuation Pause)
[4737.992s][info][gc,task        ] GC(597) Using 8 workers of 8 for evacuation
[4738.142s][info][gc,phases      ] GC(597)   Pre Evacuate Collection Set: 0.28ms
[4738.142s][info][gc,phases      ] GC(597)   Merge Heap Roots: 0.79ms
[4738.142s][info][gc,phases      ] GC(597)   Evacuate Collection Set: 147.37ms
[4738.142s][info][gc,phases      ] GC(597)   Post Evacuate Collection Set: 1.14ms
[4738.142s][info][gc,phases      ] GC(597)   Other: 0.07ms
[4738.142s][info][gc,heap        ] GC(597) Eden regions: 538->0(572)
[4738.142s][info][gc,heap        ] GC(597) Survivor regions: 41->42(73)
[4738.142s][info][gc,heap        ] GC(597) Old regions: 248->256
[4738.142s][info][gc,heap        ] GC(597) Humongous regions: 33->33
[4738.142s][info][gc,metaspace   ] GC(597) Metaspace: 29992K(30528K)->29992K(30528K) NonClass: 26595K(26880K)->26595K(26880K) Class: 3397K(3648K)->3397K(3648K)
[4738.142s][info][gc             ] GC(597) Pause Young (Prepare Mixed) (G1 Evacuation Pause) 6865M->2627M(8192M) 149.774ms
[4738.142s][info][gc,cpu         ] GC(597) User=1.18s Sys=0.00s Real=0.15s
.....[4742.802s][info][gc,start       ] GC(598) Pause Young (Mixed) (G1 Evacuation Pause)
[4742.802s][info][gc,task        ] GC(598) Using 8 workers of 8 for evacuation
[4742.961s][info][gc,phases      ] GC(598)   Pre Evacuate Collection Set: 0.31ms
[4742.961s][info][gc,phases      ] GC(598)   Merge Heap Roots: 0.85ms
[4742.961s][info][gc,phases      ] GC(598)   Evacuate Collection Set: 156.28ms
[4742.961s][info][gc,phases      ] GC(598)   Post Evacuate Collection Set: 1.37ms
[4742.961s][info][gc,phases      ] GC(598)   Other: 0.09ms
[4742.961s][info][gc,heap        ] GC(598) Eden regions: 572->0(571)
[4742.961s][info][gc,heap        ] GC(598) Survivor regions: 42->43(77)
[4742.961s][info][gc,heap        ] GC(598) Old regions: 256->161
[4742.961s][info][gc,heap        ] GC(598) Humongous regions: 33->33
[4742.961s][info][gc,metaspace   ] GC(598) Metaspace: 29992K(30528K)->29992K(30528K) NonClass: 26595K(26880K)->26595K(26880K) Class: 3397K(3648K)->3397K(3648K)
[4742.961s][info][gc             ] GC(598) Pause Young (Mixed) (G1 Evacuation Pause) 7203M->1874M(8192M) 159.027ms
[4742.961s][info][gc,cpu         ] GC(598) User=1.25s Sys=0.00s Real=0.16s
.|....[4747.502s][info][gc,start       ] GC(599) Pause Young (Mixed) (G1 Evacuation Pause)
[4747.502s][info][gc,task        ] GC(599) Using 8 workers of 8 for evacuation
[4747.662s][info][gc,phases      ] GC(599)   Pre Evacuate Collection Set: 0.25ms
[4747.662s][info][gc,phases      ] GC(599)   Merge Heap Roots: 0.83ms
[4747.662s][info][gc,phases      ] GC(599)   Evacuate Collection Set: 158.60ms
[4747.662s][info][gc,phases      ] GC(599)   Post Evacuate Collection Set: 1.11ms
[4747.662s][info][gc,phases      ] GC(599)   Other: 0.07ms
[4747.662s][info][gc,heap        ] GC(599) Eden regions: 571->0(571)
[4747.662s][info][gc,heap        ] GC(599) Survivor regions: 43->43(77)
[4747.662s][info][gc,heap        ] GC(599) Old regions: 161->142
[4747.662s][info][gc,heap        ] GC(599) Humongous regions: 33->33
[4747.663s][info][gc,metaspace   ] GC(599) Metaspace: 29992K(30528K)->29992K(30528K) NonClass: 26595K(26880K)->26595K(26880K) Class: 3397K(3648K)->3397K(3648K)
[4747.663s][info][gc             ] GC(599) Pause Young (Mixed) (G1 Evacuation Pause) 6442M->1722M(8192M) 161.004ms
[4747.663s][info][gc,cpu         ] GC(599) User=1.27s Sys=0.00s Real=0.16s
.....[4752.306s][info][gc,start       ] GC(600) Pause Young (Normal) (G1 Evacuation Pause)
[4752.306s][info][gc,task        ] GC(600) Using 8 workers of 8 for evacuation
[4752.466s][info][gc,phases      ] GC(600)   Pre Evacuate Collection Set: 0.24ms
[4752.466s][info][gc,phases      ] GC(600)   Merge Heap Roots: 0.61ms
[4752.466s][info][gc,phases      ] GC(600)   Evacuate Collection Set: 157.84ms
[4752.466s][info][gc,phases      ] GC(600)   Post Evacuate Collection Set: 1.05ms
[4752.466s][info][gc,phases      ] GC(600)   Other: 0.08ms
[4752.466s][info][gc,heap        ] GC(600) Eden regions: 571->0(570)
[4752.466s][info][gc,heap        ] GC(600) Survivor regions: 43->44(77)
[4752.466s][info][gc,heap        ] GC(600) Old regions: 142->149
[4752.466s][info][gc,heap        ] GC(600) Humongous regions: 33->33
[4752.466s][info][gc,metaspace   ] GC(600) Metaspace: 29992K(30528K)->29992K(30528K) NonClass: 26595K(26880K)->26595K(26880K) Class: 3397K(3648K)->3397K(3648K)
[4752.466s][info][gc             ] GC(600) Pause Young (Normal) (G1 Evacuation Pause) 6290M->1789M(8192M) 159.956ms
[4752.466s][info][gc,cpu         ] GC(600) User=1.27s Sys=0.00s Real=0.16s
....[4756.947s][info][gc,start       ] GC(601) Pause Young (Normal) (G1 Evacuation Pause)
[4756.947s][info][gc,task        ] GC(601) Using 8 workers of 8 for evacuation
[4757.099s][info][gc,phases      ] GC(601)   Pre Evacuate Collection Set: 0.27ms
[4757.099s][info][gc,phases      ] GC(601)   Merge Heap Roots: 0.59ms
[4757.099s][info][gc,phases      ] GC(601)   Evacuate Collection Set: 150.01ms
[4757.099s][info][gc,phases      ] GC(601)   Post Evacuate Collection Set: 1.08ms
[4757.099s][info][gc,phases      ] GC(601)   Other: 0.06ms
[4757.099s][info][gc,heap        ] GC(601) Eden regions: 570->0(571)
[4757.099s][info][gc,heap        ] GC(601) Survivor regions: 44->43(77)
[4757.099s][info][gc,heap        ] GC(601) Old regions: 149->156
[4757.099s][info][gc,heap        ] GC(601) Humongous regions: 33->33
[4757.099s][info][gc,metaspace   ] GC(601) Metaspace: 29992K(30528K)->29992K(30528K) NonClass: 26595K(26880K)->26595K(26880K) Class: 3397K(3648K)->3397K(3648K)
[4757.099s][info][gc             ] GC(601) Pause Young (Normal) (G1 Evacuation Pause) 6349M->1838M(8192M) 152.157ms
[4757.099s][info][gc,cpu         ] GC(601) User=1.20s Sys=0.00s Real=0.15s
.....[4761.657s][info][gc,start       ] GC(602) Pause Young (Normal) (G1 Evacuation Pause)
[4761.657s][info][gc,task        ] GC(602) Using 8 workers of 8 for evacuation
[4761.809s][info][gc,phases      ] GC(602)   Pre Evacuate Collection Set: 0.22ms
[4761.809s][info][gc,phases      ] GC(602)   Merge Heap Roots: 0.70ms
[4761.809s][info][gc,phases      ] GC(602)   Evacuate Collection Set: 149.88ms
[4761.809s][info][gc,phases      ] GC(602)   Post Evacuate Collection Set: 1.09ms
[4761.809s][info][gc,phases      ] GC(602)   Other: 0.06ms
[4761.809s][info][gc,heap        ] GC(602) Eden regions: 571->0(571)
[4761.809s][info][gc,heap        ] GC(602) Survivor regions: 43->43(77)
[4761.809s][info][gc,heap        ] GC(602) Old regions: 156->163
[4761.809s][info][gc,heap        ] GC(602) Humongous regions: 33->33
[4761.809s][info][gc,metaspace   ] GC(602) Metaspace: 29993K(30528K)->29993K(30528K) NonClass: 26596K(26880K)->26596K(26880K) Class: 3397K(3648K)->3397K(3648K)
[4761.809s][info][gc             ] GC(602) Pause Young (Normal) (G1 Evacuation Pause) 6406M->1893M(8192M) 152.079ms
[4761.809s][info][gc,cpu         ] GC(602) User=1.20s Sys=0.00s Real=0.15s
.....[4766.356s][info][gc,start       ] GC(603) Pause Young (Normal) (G1 Evacuation Pause)
[4766.356s][info][gc,task        ] GC(603) Using 8 workers of 8 for evacuation
[4766.511s][info][gc,phases      ] GC(603)   Pre Evacuate Collection Set: 0.24ms
[4766.511s][info][gc,phases      ] GC(603)   Merge Heap Roots: 0.59ms
[4766.511s][info][gc,phases      ] GC(603)   Evacuate Collection Set: 153.07ms
[4766.511s][info][gc,phases      ] GC(603)   Post Evacuate Collection Set: 1.06ms
[4766.511s][info][gc,phases      ] GC(603)   Other: 0.06ms
[4766.511s][info][gc,heap        ] GC(603) Eden regions: 571->0(571)
[4766.511s][info][gc,heap        ] GC(603) Survivor regions: 43->43(77)
[4766.511s][info][gc,heap        ] GC(603) Old regions: 163->170
[4766.511s][info][gc,heap        ] GC(603) Humongous regions: 33->33
[4766.511s][info][gc,metaspace   ] GC(603) Metaspace: 29993K(30528K)->29993K(30528K) NonClass: 26596K(26880K)->26596K(26880K) Class: 3397K(3648K)->3397K(3648K)
[4766.511s][info][gc             ] GC(603) Pause Young (Normal) (G1 Evacuation Pause) 6461M->1953M(8192M) 155.157ms
[4766.511s][info][gc,cpu         ] GC(603) User=1.23s Sys=0.00s Real=0.16s
....[4770.978s][info][gc,start       ] GC(604) Pause Young (Normal) (G1 Evacuation Pause)
[4770.978s][info][gc,task        ] GC(604) Using 8 workers of 8 for evacuation
[4771.140s][info][gc,phases      ] GC(604)   Pre Evacuate Collection Set: 0.26ms
[4771.140s][info][gc,phases      ] GC(604)   Merge Heap Roots: 0.61ms
[4771.140s][info][gc,phases      ] GC(604)   Evacuate Collection Set: 159.77ms
[4771.140s][info][gc,phases      ] GC(604)   Post Evacuate Collection Set: 1.07ms
[4771.140s][info][gc,phases      ] GC(604)   Other: 0.06ms
[4771.140s][info][gc,heap        ] GC(604) Eden regions: 571->0(569)
[4771.140s][info][gc,heap        ] GC(604) Survivor regions: 43->45(77)
[4771.140s][info][gc,heap        ] GC(604) Old regions: 170->177
[4771.140s][info][gc,heap        ] GC(604) Humongous regions: 33->33
[4771.140s][info][gc,metaspace   ] GC(604) Metaspace: 29993K(30528K)->29993K(30528K) NonClass: 26596K(26880K)->26596K(26880K) Class: 3397K(3648K)->3397K(3648K)
[4771.140s][info][gc             ] GC(604) Pause Young (Normal) (G1 Evacuation Pause) 6521M->2025M(8192M) 161.909ms
[4771.140s][info][gc,cpu         ] GC(604) User=1.28s Sys=0.00s Real=0.16s
.....[4775.593s][info][gc,start       ] GC(605) Pause Young (Normal) (G1 Evacuation Pause)
[4775.593s][info][gc,task        ] GC(605) Using 8 workers of 8 for evacuation
[4775.750s][info][gc,phases      ] GC(605)   Pre Evacuate Collection Set: 0.23ms
[4775.750s][info][gc,phases      ] GC(605)   Merge Heap Roots: 0.66ms
[4775.750s][info][gc,phases      ] GC(605)   Evacuate Collection Set: 154.09ms
[4775.750s][info][gc,phases      ] GC(605)   Post Evacuate Collection Set: 1.08ms
[4775.750s][info][gc,phases      ] GC(605)   Other: 0.07ms
[4775.750s][info][gc,heap        ] GC(605) Eden regions: 569->0(571)
[4775.750s][info][gc,heap        ] GC(605) Survivor regions: 45->43(77)
[4775.750s][info][gc,heap        ] GC(605) Old regions: 177->184
[4775.750s][info][gc,heap        ] GC(605) Humongous regions: 33->33
[4775.750s][info][gc,metaspace   ] GC(605) Metaspace: 29993K(30528K)->29993K(30528K) NonClass: 26596K(26880K)->26596K(26880K) Class: 3397K(3648K)->3397K(3648K)
[4775.750s][info][gc             ] GC(605) Pause Young (Normal) (G1 Evacuation Pause) 6577M->2066M(8192M) 156.251ms
[4775.750s][info][gc,cpu         ] GC(605) User=1.24s Sys=0.00s Real=0.15s
....[4780.248s][info][gc,start       ] GC(606) Pause Young (Normal) (G1 Evacuation Pause)
[4780.248s][info][gc,task        ] GC(606) Using 8 workers of 8 for evacuation
[4780.402s][info][gc,phases      ] GC(606)   Pre Evacuate Collection Set: 0.25ms
[4780.402s][info][gc,phases      ] GC(606)   Merge Heap Roots: 0.61ms
[4780.402s][info][gc,phases      ] GC(606)   Evacuate Collection Set: 151.70ms
[4780.402s][info][gc,phases      ] GC(606)   Post Evacuate Collection Set: 1.09ms
[4780.402s][info][gc,phases      ] GC(606)   Other: 0.07ms
[4780.402s][info][gc,heap        ] GC(606) Eden regions: 571->0(571)
[4780.402s][info][gc,heap        ] GC(606) Survivor regions: 43->43(77)
[4780.402s][info][gc,heap        ] GC(606) Old regions: 184->191
[4780.402s][info][gc,heap        ] GC(606) Humongous regions: 33->33
[4780.402s][info][gc,metaspace   ] GC(606) Metaspace: 29993K(30528K)->29993K(30528K) NonClass: 26596K(26880K)->26596K(26880K) Class: 3397K(3648K)->3397K(3648K)
[4780.402s][info][gc             ] GC(606) Pause Young (Normal) (G1 Evacuation Pause) 6634M->2122M(8192M) 153.851ms
[4780.402s][info][gc,cpu         ] GC(606) User=1.21s Sys=0.00s Real=0.16s
.....[4785.006s][info][gc,start       ] GC(607) Pause Young (Normal) (G1 Evacuation Pause)
[4785.006s][info][gc,task        ] GC(607) Using 8 workers of 8 for evacuation
[4785.162s][info][gc,phases      ] GC(607)   Pre Evacuate Collection Set: 0.25ms
[4785.162s][info][gc,phases      ] GC(607)   Merge Heap Roots: 0.61ms
[4785.162s][info][gc,phases      ] GC(607)   Evacuate Collection Set: 154.45ms
[4785.162s][info][gc,phases      ] GC(607)   Post Evacuate Collection Set: 1.06ms
[4785.162s][info][gc,phases      ] GC(607)   Other: 0.06ms
[4785.162s][info][gc,heap        ] GC(607) Eden regions: 571->0(571)
[4785.162s][info][gc,heap        ] GC(607) Survivor regions: 43->43(77)
[4785.162s][info][gc,heap        ] GC(607) Old regions: 191->198
[4785.162s][info][gc,heap        ] GC(607) Humongous regions: 33->33
[4785.162s][info][gc,metaspace   ] GC(607) Metaspace: 29993K(30528K)->29993K(30528K) NonClass: 26596K(26880K)->26596K(26880K) Class: 3397K(3648K)->3397K(3648K)
[4785.162s][info][gc             ] GC(607) Pause Young (Normal) (G1 Evacuation Pause) 6690M->2177M(8192M) 156.557ms
[4785.162s][info][gc,cpu         ] GC(607) User=1.24s Sys=0.00s Real=0.16s
.....[4789.800s][info][gc,start       ] GC(608) Pause Young (Normal) (G1 Evacuation Pause)
[4789.800s][info][gc,task        ] GC(608) Using 8 workers of 8 for evacuation
[4789.957s][info][gc,phases      ] GC(608)   Pre Evacuate Collection Set: 0.27ms
[4789.957s][info][gc,phases      ] GC(608)   Merge Heap Roots: 0.70ms
[4789.957s][info][gc,phases      ] GC(608)   Evacuate Collection Set: 155.10ms
[4789.957s][info][gc,phases      ] GC(608)   Post Evacuate Collection Set: 1.13ms
[4789.957s][info][gc,phases      ] GC(608)   Other: 0.06ms
[4789.957s][info][gc,heap        ] GC(608) Eden regions: 571->0(570)
[4789.957s][info][gc,heap        ] GC(608) Survivor regions: 43->44(77)
[4789.957s][info][gc,heap        ] GC(608) Old regions: 198->205
[4789.957s][info][gc,heap        ] GC(608) Humongous regions: 33->33
[4789.957s][info][gc,metaspace   ] GC(608) Metaspace: 29993K(30528K)->29993K(30528K) NonClass: 26596K(26880K)->26596K(26880K) Class: 3397K(3648K)->3397K(3648K)
[4789.957s][info][gc             ] GC(608) Pause Young (Normal) (G1 Evacuation Pause) 6745M->2238M(8192M) 157.391ms
[4789.957s][info][gc,cpu         ] GC(608) User=1.24s Sys=0.00s Real=0.16s
.....[4794.517s][info][gc,start       ] GC(609) Pause Young (Normal) (G1 Evacuation Pause)
[4794.517s][info][gc,task        ] GC(609) Using 8 workers of 8 for evacuation
[4794.670s][info][gc,phases      ] GC(609)   Pre Evacuate Collection Set: 0.25ms
[4794.670s][info][gc,phases      ] GC(609)   Merge Heap Roots: 0.58ms
[4794.670s][info][gc,phases      ] GC(609)   Evacuate Collection Set: 151.21ms
[4794.670s][info][gc,phases      ] GC(609)   Post Evacuate Collection Set: 1.09ms
[4794.670s][info][gc,phases      ] GC(609)   Other: 0.06ms
[4794.670s][info][gc,heap        ] GC(609) Eden regions: 570->0(571)
[4794.670s][info][gc,heap        ] GC(609) Survivor regions: 44->43(77)
[4794.670s][info][gc,heap        ] GC(609) Old regions: 205->212
[4794.670s][info][gc,heap        ] GC(609) Humongous regions: 33->33
[4794.670s][info][gc,metaspace   ] GC(609) Metaspace: 29993K(30528K)->29993K(30528K) NonClass: 26596K(26880K)->26596K(26880K) Class: 3397K(3648K)->3397K(3648K)
[4794.670s][info][gc             ] GC(609) Pause Young (Normal) (G1 Evacuation Pause) 6798M->2291M(8192M) 153.314ms
[4794.670s][info][gc,cpu         ] GC(609) User=1.22s Sys=0.00s Real=0.15s
....[4799.267s][info][gc,start       ] GC(610) Pause Young (Normal) (G1 Evacuation Pause)
[4799.267s][info][gc,task        ] GC(610) Using 8 workers of 8 for evacuation
[4799.425s][info][gc,phases      ] GC(610)   Pre Evacuate Collection Set: 0.27ms
[4799.425s][info][gc,phases      ] GC(610)   Merge Heap Roots: 0.63ms
[4799.425s][info][gc,phases      ] GC(610)   Evacuate Collection Set: 156.19ms
[4799.425s][info][gc,phases      ] GC(610)   Post Evacuate Collection Set: 1.09ms
[4799.425s][info][gc,phases      ] GC(610)   Other: 0.08ms
[4799.425s][info][gc,heap        ] GC(610) Eden regions: 571->0(570)
[4799.425s][info][gc,heap        ] GC(610) Survivor regions: 43->44(77)
[4799.425s][info][gc,heap        ] GC(610) Old regions: 212->219
[4799.425s][info][gc,heap        ] GC(610) Humongous regions: 33->33
[4799.425s][info][gc,metaspace   ] GC(610) Metaspace: 29993K(30528K)->29993K(30528K) NonClass: 26596K(26880K)->26596K(26880K) Class: 3397K(3648K)->3397K(3648K)
[4799.425s][info][gc             ] GC(610) Pause Young (Normal) (G1 Evacuation Pause) 6859M->2351M(8192M) 158.415ms
[4799.425s][info][gc,cpu         ] GC(610) User=1.25s Sys=0.00s Real=0.16s
..... (rIR:aIR:PR = 8164:8214:8214) (tPR = 121530) [OK] 
  4803s: Performance info:
         Transaction,    Success,    Partial,     Failed,   Receipts, AvgBarcode, 
             Overall,     493995,          0,          0,     469452,      59.47, 
         Response times:
             Request,    Success,    Partial,     Failed,   SkipFail,     Probes,    Samples,      min,      p50,      p90,      p95,      p99,      max, 
       TotalPurchase,     469471,          0,          0,          0,     360864,     510294,      300,     5600,    13800,    42000,   105000,  1300000,
     InStorePurchase,     247874,          0,          0,          0,     188825,     266934,      300,     5600,    14000,    43000,   113000,  1300000,
      OnlinePurchase,     172115,          0,          0,          0,     133455,     188327,      300,     5500,    13600,    41000,    98000,  1300000,
        InstPurchase,      49482,          0,          0,          0,      38584,      55033,      500,     5800,    13900,    42000,   100660,   670000,
          AssocOfCat,        489,          0,          0,          0,        409,        650,    29000,    48000,    82000,   118000,   206980,   412000,
      AssocOfProduct,       4911,          0,          0,          0,       3458,       5111,      400,     7200,    15200,    39000,    94880,   400000,
      BusinessReport,       1227,          0,          0,          0,       1076,       1660,    30000,    53000,    87900,   139000,   230170,   315000,
          CustBuyBeh,       4896,          0,          0,          0,       3431,       5055,      100,     5600,    14100,    45200,    94000,   209000,
       ProductReturn,      12987,          0,          0,          0,      10204,      14861,      200,     5700,    13400,    43000,   102000,   431000,

  4803s: (60%)   IR =   8302 [4804.041s][info][gc,start       ] GC(611) Pause Young (Normal) (G1 Evacuation Pause)
[4804.041s][info][gc,task        ] GC(611) Using 8 workers of 8 for evacuation
[4804.198s][info][gc,phases      ] GC(611)   Pre Evacuate Collection Set: 0.27ms
[4804.198s][info][gc,phases      ] GC(611)   Merge Heap Roots: 0.73ms
[4804.198s][info][gc,phases      ] GC(611)   Evacuate Collection Set: 154.47ms
[4804.198s][info][gc,phases      ] GC(611)   Post Evacuate Collection Set: 1.13ms
[4804.198s][info][gc,phases      ] GC(611)   Other: 0.07ms
[4804.198s][info][gc,heap        ] GC(611) Eden regions: 570->0(571)
[4804.198s][info][gc,heap        ] GC(611) Survivor regions: 44->43(77)
[4804.198s][info][gc,heap        ] GC(611) Old regions: 219->226
[4804.198s][info][gc,heap        ] GC(611) Humongous regions: 33->33
[4804.198s][info][gc,metaspace   ] GC(611) Metaspace: 29993K(30528K)->29993K(30528K) NonClass: 26596K(26880K)->26596K(26880K) Class: 3397K(3648K)->3397K(3648K)
[4804.198s][info][gc             ] GC(611) Pause Young (Normal) (G1 Evacuation Pause) 6911M->2403M(8192M) 156.828ms
[4804.198s][info][gc,cpu         ] GC(611) User=1.24s Sys=0.00s Real=0.15s
.....[4808.735s][info][gc,start       ] GC(612) Pause Young (Normal) (G1 Evacuation Pause)
[4808.735s][info][gc,task        ] GC(612) Using 8 workers of 8 for evacuation
[4808.887s][info][gc,phases      ] GC(612)   Pre Evacuate Collection Set: 0.26ms
[4808.887s][info][gc,phases      ] GC(612)   Merge Heap Roots: 0.70ms
[4808.887s][info][gc,phases      ] GC(612)   Evacuate Collection Set: 150.07ms
[4808.887s][info][gc,phases      ] GC(612)   Post Evacuate Collection Set: 1.15ms
[4808.887s][info][gc,phases      ] GC(612)   Other: 0.08ms
[4808.887s][info][gc,heap        ] GC(612) Eden regions: 571->0(571)
[4808.887s][info][gc,heap        ] GC(612) Survivor regions: 43->43(77)
[4808.887s][info][gc,heap        ] GC(612) Old regions: 226->234
[4808.887s][info][gc,heap        ] GC(612) Humongous regions: 33->33
[4808.887s][info][gc,metaspace   ] GC(612) Metaspace: 29993K(30528K)->29993K(30528K) NonClass: 26596K(26880K)->26596K(26880K) Class: 3397K(3648K)->3397K(3648K)
[4808.887s][info][gc             ] GC(612) Pause Young (Normal) (G1 Evacuation Pause) 6971M->2461M(8192M) 152.399ms
[4808.887s][info][gc,cpu         ] GC(612) User=1.21s Sys=0.00s Real=0.15s
....[4813.531s][info][gc,start       ] GC(613) Pause Young (Normal) (G1 Evacuation Pause)
[4813.531s][info][gc,task        ] GC(613) Using 8 workers of 8 for evacuation
[4813.682s][info][gc,phases      ] GC(613)   Pre Evacuate Collection Set: 0.25ms
[4813.682s][info][gc,phases      ] GC(613)   Merge Heap Roots: 0.61ms
[4813.682s][info][gc,phases      ] GC(613)   Evacuate Collection Set: 149.59ms
[4813.682s][info][gc,phases      ] GC(613)   Post Evacuate Collection Set: 1.09ms
[4813.682s][info][gc,phases      ] GC(613)   Other: 0.06ms
[4813.682s][info][gc,heap        ] GC(613) Eden regions: 571->0(571)
[4813.682s][info][gc,heap        ] GC(613) Survivor regions: 43->43(77)
[4813.682s][info][gc,heap        ] GC(613) Old regions: 234->241
[4813.682s][info][gc,heap        ] GC(613) Humongous regions: 33->33
[4813.682s][info][gc,metaspace   ] GC(613) Metaspace: 29993K(30528K)->29993K(30528K) NonClass: 26596K(26880K)->26596K(26880K) Class: 3397K(3648K)->3397K(3648K)
[4813.682s][info][gc             ] GC(613) Pause Young (Normal) (G1 Evacuation Pause) 7029M->2514M(8192M) 151.739ms
[4813.683s][info][gc,cpu         ] GC(613) User=1.20s Sys=0.00s Real=0.15s
.....[4818.160s][info][gc,start       ] GC(614) Pause Young (Normal) (G1 Evacuation Pause)
[4818.160s][info][gc,task        ] GC(614) Using 8 workers of 8 for evacuation
[4818.319s][info][gc,phases      ] GC(614)   Pre Evacuate Collection Set: 0.24ms
[4818.319s][info][gc,phases      ] GC(614)   Merge Heap Roots: 0.65ms
[4818.319s][info][gc,phases      ] GC(614)   Evacuate Collection Set: 157.15ms
[4818.319s][info][gc,phases      ] GC(614)   Post Evacuate Collection Set: 1.10ms
[4818.319s][info][gc,phases      ] GC(614)   Other: 0.06ms
[4818.319s][info][gc,heap        ] GC(614) Eden regions: 571->0(570)
[4818.319s][info][gc,heap        ] GC(614) Survivor regions: 43->44(77)
[4818.319s][info][gc,heap        ] GC(614) Old regions: 241->248
[4818.319s][info][gc,heap        ] GC(614) Humongous regions: 33->33
[4818.319s][info][gc,metaspace   ] GC(614) Metaspace: 29993K(30528K)->29993K(30528K) NonClass: 26596K(26880K)->26596K(26880K) Class: 3397K(3648K)->3397K(3648K)
[4818.319s][info][gc             ] GC(614) Pause Young (Normal) (G1 Evacuation Pause) 7082M->2582M(8192M) 159.334ms
[4818.319s][info][gc,cpu         ] GC(614) User=1.26s Sys=0.00s Real=0.16s
.....[4822.838s][info][gc,start       ] GC(615) Pause Young (Normal) (G1 Evacuation Pause)
[4822.838s][info][gc,task        ] GC(615) Using 8 workers of 8 for evacuation
[4822.992s][info][gc,phases      ] GC(615)   Pre Evacuate Collection Set: 0.26ms
[4822.992s][info][gc,phases      ] GC(615)   Merge Heap Roots: 0.59ms
[4822.992s][info][gc,phases      ] GC(615)   Evacuate Collection Set: 151.63ms
[4822.992s][info][gc,phases      ] GC(615)   Post Evacuate Collection Set: 1.08ms
[4822.992s][info][gc,phases      ] GC(615)   Other: 0.06ms
[4822.992s][info][gc,heap        ] GC(615) Eden regions: 570->0(571)
[4822.992s][info][gc,heap        ] GC(615) Survivor regions: 44->43(77)
[4822.992s][info][gc,heap        ] GC(615) Old regions: 248->256
[4822.992s][info][gc,heap        ] GC(615) Humongous regions: 33->33
[4822.992s][info][gc,metaspace   ] GC(615) Metaspace: 29993K(30528K)->29993K(30528K) NonClass: 26596K(26880K)->26596K(26880K) Class: 3397K(3648K)->3397K(3648K)
[4822.992s][info][gc             ] GC(615) Pause Young (Normal) (G1 Evacuation Pause) 7142M->2634M(8192M) 153.760ms
[4822.992s][info][gc,cpu         ] GC(615) User=1.22s Sys=0.00s Real=0.16s
....[4827.440s][info][gc,start       ] GC(616) Pause Young (Normal) (G1 Evacuation Pause)
[4827.440s][info][gc,task        ] GC(616) Using 8 workers of 8 for evacuation
[4827.589s][info][gc,phases      ] GC(616)   Pre Evacuate Collection Set: 0.27ms
[4827.589s][info][gc,phases      ] GC(616)   Merge Heap Roots: 0.59ms
[4827.589s][info][gc,phases      ] GC(616)   Evacuate Collection Set: 147.89ms
[4827.589s][info][gc,phases      ] GC(616)   Post Evacuate Collection Set: 1.05ms
[4827.589s][info][gc,phases      ] GC(616)   Other: 0.07ms
[4827.590s][info][gc,heap        ] GC(616) Eden regions: 571->0(572)
[4827.590s][info][gc,heap        ] GC(616) Survivor regions: 43->42(77)
[4827.590s][info][gc,heap        ] GC(616) Old regions: 256->263
[4827.590s][info][gc,heap        ] GC(616) Humongous regions: 33->33
[4827.590s][info][gc,metaspace   ] GC(616) Metaspace: 29993K(30528K)->29993K(30528K) NonClass: 26596K(26880K)->26596K(26880K) Class: 3397K(3648K)->3397K(3648K)
[4827.590s][info][gc             ] GC(616) Pause Young (Normal) (G1 Evacuation Pause) 7202M->2682M(8192M) 149.981ms
[4827.590s][info][gc,cpu         ] GC(616) User=1.19s Sys=0.00s Real=0.15s
....|.[4832.053s][info][gc,start       ] GC(617) Pause Young (Normal) (G1 Evacuation Pause)
[4832.053s][info][gc,task        ] GC(617) Using 8 workers of 8 for evacuation
[4832.210s][info][gc,phases      ] GC(617)   Pre Evacuate Collection Set: 0.24ms
[4832.210s][info][gc,phases      ] GC(617)   Merge Heap Roots: 0.62ms
[4832.210s][info][gc,phases      ] GC(617)   Evacuate Collection Set: 155.77ms
[4832.210s][info][gc,phases      ] GC(617)   Post Evacuate Collection Set: 1.09ms
[4832.210s][info][gc,phases      ] GC(617)   Other: 0.07ms
[4832.210s][info][gc,heap        ] GC(617) Eden regions: 572->0(571)
[4832.210s][info][gc,heap        ] GC(617) Survivor regions: 42->43(77)
[4832.210s][info][gc,heap        ] GC(617) Old regions: 263->270
[4832.210s][info][gc,heap        ] GC(617) Humongous regions: 33->33
[4832.210s][info][gc,metaspace   ] GC(617) Metaspace: 29993K(30528K)->29993K(30528K) NonClass: 26596K(26880K)->26596K(26880K) Class: 3397K(3648K)->3397K(3648K)
[4832.210s][info][gc             ] GC(617) Pause Young (Normal) (G1 Evacuation Pause) 7258M->2751M(8192M) 157.908ms
[4832.210s][info][gc,cpu         ] GC(617) User=1.25s Sys=0.00s Real=0.15s
....[4836.692s][info][gc,start       ] GC(618) Pause Young (Normal) (G1 Evacuation Pause)
[4836.692s][info][gc,task        ] GC(618) Using 8 workers of 8 for evacuation
[4836.844s][info][gc,phases      ] GC(618)   Pre Evacuate Collection Set: 0.26ms
[4836.844s][info][gc,phases      ] GC(618)   Merge Heap Roots: 0.63ms
[4836.844s][info][gc,phases      ] GC(618)   Evacuate Collection Set: 149.41ms
[4836.844s][info][gc,phases      ] GC(618)   Post Evacuate Collection Set: 1.09ms
[4836.844s][info][gc,phases      ] GC(618)   Other: 0.07ms
[4836.844s][info][gc,heap        ] GC(618) Eden regions: 571->0(571)
[4836.844s][info][gc,heap        ] GC(618) Survivor regions: 43->43(77)
[4836.844s][info][gc,heap        ] GC(618) Old regions: 270->277
[4836.844s][info][gc,heap        ] GC(618) Humongous regions: 33->33
[4836.844s][info][gc,metaspace   ] GC(618) Metaspace: 29993K(30528K)->29993K(30528K) NonClass: 26596K(26880K)->26596K(26880K) Class: 3397K(3648K)->3397K(3648K)
[4836.844s][info][gc             ] GC(618) Pause Young (Normal) (G1 Evacuation Pause) 7319M->2803M(8192M) 151.580ms
[4836.844s][info][gc,cpu         ] GC(618) User=1.20s Sys=0.00s Real=0.15s
.....[4841.365s][info][gc,start       ] GC(619) Pause Young (Normal) (G1 Evacuation Pause)
[4841.365s][info][gc,task        ] GC(619) Using 8 workers of 8 for evacuation
[4841.518s][info][gc,phases      ] GC(619)   Pre Evacuate Collection Set: 0.25ms
[4841.518s][info][gc,phases      ] GC(619)   Merge Heap Roots: 0.59ms
[4841.518s][info][gc,phases      ] GC(619)   Evacuate Collection Set: 151.08ms
[4841.518s][info][gc,phases      ] GC(619)   Post Evacuate Collection Set: 1.07ms
[4841.518s][info][gc,phases      ] GC(619)   Other: 0.08ms
[4841.518s][info][gc,heap        ] GC(619) Eden regions: 571->0(569)
[4841.518s][info][gc,heap        ] GC(619) Survivor regions: 43->43(77)
[4841.518s][info][gc,heap        ] GC(619) Old regions: 277->284
[4841.518s][info][gc,heap        ] GC(619) Humongous regions: 33->33
[4841.518s][info][gc,metaspace   ] GC(619) Metaspace: 29993K(30528K)->29993K(30528K) NonClass: 26596K(26880K)->26596K(26880K) Class: 3397K(3648K)->3397K(3648K)
[4841.518s][info][gc             ] GC(619) Pause Young (Normal) (G1 Evacuation Pause) 7371M->2861M(8192M) 153.196ms
[4841.518s][info][gc,cpu         ] GC(619) User=1.21s Sys=0.00s Real=0.15s
.....[4846.017s][info][gc,start       ] GC(620) Pause Young (Normal) (G1 Evacuation Pause)
[4846.017s][info][gc,task        ] GC(620) Using 8 workers of 8 for evacuation
[4846.169s][info][gc,phases      ] GC(620)   Pre Evacuate Collection Set: 0.24ms
[4846.169s][info][gc,phases      ] GC(620)   Merge Heap Roots: 0.63ms
[4846.169s][info][gc,phases      ] GC(620)   Evacuate Collection Set: 150.19ms
[4846.169s][info][gc,phases      ] GC(620)   Post Evacuate Collection Set: 1.07ms
[4846.169s][info][gc,phases      ] GC(620)   Other: 0.06ms
[4846.169s][info][gc,heap        ] GC(620) Eden regions: 569->0(562)
[4846.169s][info][gc,heap        ] GC(620) Survivor regions: 43->43(77)
[4846.169s][info][gc,heap        ] GC(620) Old regions: 284->291
[4846.169s][info][gc,heap        ] GC(620) Humongous regions: 33->33
[4846.169s][info][gc,metaspace   ] GC(620) Metaspace: 29993K(30528K)->29993K(30528K) NonClass: 26596K(26880K)->26596K(26880K) Class: 3397K(3648K)->3397K(3648K)
[4846.169s][info][gc             ] GC(620) Pause Young (Normal) (G1 Evacuation Pause) 7413M->2922M(8192M) 152.319ms
[4846.169s][info][gc,cpu         ] GC(620) User=1.21s Sys=0.00s Real=0.15s
....[4850.526s][info][gc,start       ] GC(621) Pause Young (Normal) (G1 Evacuation Pause)
[4850.526s][info][gc,task        ] GC(621) Using 8 workers of 8 for evacuation
[4850.677s][info][gc,phases      ] GC(621)   Pre Evacuate Collection Set: 0.26ms
[4850.677s][info][gc,phases      ] GC(621)   Merge Heap Roots: 0.70ms
[4850.677s][info][gc,phases      ] GC(621)   Evacuate Collection Set: 148.70ms
[4850.677s][info][gc,phases      ] GC(621)   Post Evacuate Collection Set: 1.08ms
[4850.677s][info][gc,phases      ] GC(621)   Other: 0.07ms
[4850.677s][info][gc,heap        ] GC(621) Eden regions: 562->0(555)
[4850.677s][info][gc,heap        ] GC(621) Survivor regions: 43->43(76)
[4850.677s][info][gc,heap        ] GC(621) Old regions: 291->298
[4850.677s][info][gc,heap        ] GC(621) Humongous regions: 33->33
[4850.677s][info][gc,metaspace   ] GC(621) Metaspace: 29993K(30528K)->29993K(30528K) NonClass: 26596K(26880K)->26596K(26880K) Class: 3397K(3648K)->3397K(3648K)
[4850.677s][info][gc             ] GC(621) Pause Young (Normal) (G1 Evacuation Pause) 7418M->2979M(8192M) 150.940ms
[4850.677s][info][gc,cpu         ] GC(621) User=1.20s Sys=0.00s Real=0.15s
.....[4855.097s][info][gc,start       ] GC(622) Pause Young (Normal) (G1 Evacuation Pause)
[4855.097s][info][gc,task        ] GC(622) Using 8 workers of 8 for evacuation
[4855.251s][info][gc,phases      ] GC(622)   Pre Evacuate Collection Set: 0.24ms
[4855.251s][info][gc,phases      ] GC(622)   Merge Heap Roots: 0.67ms
[4855.251s][info][gc,phases      ] GC(622)   Evacuate Collection Set: 152.65ms
[4855.251s][info][gc,phases      ] GC(622)   Post Evacuate Collection Set: 1.08ms
[4855.251s][info][gc,phases      ] GC(622)   Other: 0.06ms
[4855.251s][info][gc,heap        ] GC(622) Eden regions: 555->0(547)
[4855.251s][info][gc,heap        ] GC(622) Survivor regions: 43->43(75)
[4855.251s][info][gc,heap        ] GC(622) Old regions: 298->306
[4855.251s][info][gc,heap        ] GC(622) Humongous regions: 33->33
[4855.251s][info][gc,metaspace   ] GC(622) Metaspace: 29993K(30528K)->29993K(30528K) NonClass: 26596K(26880K)->26596K(26880K) Class: 3397K(3648K)->3397K(3648K)
[4855.251s][info][gc             ] GC(622) Pause Young (Normal) (G1 Evacuation Pause) 7419M->3038M(8192M) 154.847ms
[4855.251s][info][gc,cpu         ] GC(622) User=1.22s Sys=0.00s Real=0.16s
....[4859.530s][info][gc,start       ] GC(623) Pause Young (Concurrent Start) (G1 Evacuation Pause)
[4859.530s][info][gc,task        ] GC(623) Using 8 workers of 8 for evacuation
[4859.680s][info][gc,phases      ] GC(623)   Pre Evacuate Collection Set: 0.29ms
[4859.681s][info][gc,phases      ] GC(623)   Merge Heap Roots: 0.63ms
[4859.681s][info][gc,phases      ] GC(623)   Evacuate Collection Set: 148.72ms
[4859.681s][info][gc,phases      ] GC(623)   Post Evacuate Collection Set: 1.04ms
[4859.681s][info][gc,phases      ] GC(623)   Other: 0.11ms
[4859.681s][info][gc,heap        ] GC(623) Eden regions: 547->0(542)
[4859.681s][info][gc,heap        ] GC(623) Survivor regions: 43->42(74)
[4859.681s][info][gc,heap        ] GC(623) Old regions: 306->313
[4859.681s][info][gc,heap        ] GC(623) Humongous regions: 33->33
[4859.681s][info][gc,metaspace   ] GC(623) Metaspace: 29993K(30528K)->29993K(30528K) NonClass: 26596K(26880K)->26596K(26880K) Class: 3397K(3648K)->3397K(3648K)
[4859.681s][info][gc             ] GC(623) Pause Young (Concurrent Start) (G1 Evacuation Pause) 7414M->3086M(8192M) 150.920ms
[4859.681s][info][gc             ] GC(624) Concurrent Mark Cycle
[4859.681s][info][gc,marking     ] GC(624) Concurrent Scan Root Regions
[4859.681s][info][gc,cpu         ] GC(623) User=1.20s Sys=0.00s Real=0.15s
.[4860.000s][info][gc,marking     ] GC(624) Concurrent Scan Root Regions 319.816ms
[4860.000s][info][gc,marking     ] GC(624) Concurrent Mark
[4860.001s][info][gc,marking     ] GC(624) Concurrent Mark From Roots
[4860.001s][info][gc,task        ] GC(624) Using 2 workers of 2 for marking
.[4861.235s][info][gc,marking     ] GC(624) Concurrent Mark From Roots 1234.150ms
[4861.235s][info][gc,marking     ] GC(624) Concurrent Preclean
[4861.235s][info][gc,marking     ] GC(624) Concurrent Preclean 0.092ms
[4861.235s][info][gc,start       ] GC(624) Pause Remark
[4861.238s][info][gc             ] GC(624) Pause Remark 4804M->4316M(8192M) 3.099ms
[4861.238s][info][gc,cpu         ] GC(624) User=0.02s Sys=0.00s Real=0.00s
[4861.238s][info][gc,marking     ] GC(624) Concurrent Mark 1237.664ms
[4861.238s][info][gc,marking     ] GC(624) Concurrent Rebuild Remembered Sets and Scrub Regions
[4861.750s][info][gc,marking     ] GC(624) Concurrent Rebuild Remembered Sets and Scrub Regions 511.503ms
[4861.750s][info][gc,start       ] GC(624) Pause Cleanup
[4861.750s][info][gc             ] GC(624) Pause Cleanup 4831M->4831M(8192M) 0.285ms
[4861.750s][info][gc,cpu         ] GC(624) User=0.00s Sys=0.00s Real=0.00s
[4861.750s][info][gc,marking     ] GC(624) Concurrent Clear Claimed Marks
[4861.750s][info][gc,marking     ] GC(624) Concurrent Clear Claimed Marks 0.046ms
[4861.750s][info][gc,marking     ] GC(624) Concurrent Cleanup for Next Mark
[4861.760s][info][gc,marking     ] GC(624) Concurrent Cleanup for Next Mark 10.192ms
[4861.761s][info][gc             ] GC(624) Concurrent Mark Cycle 2079.923ms
..[4863.829s][info][gc,start       ] GC(625) Pause Young (Prepare Mixed) (G1 Evacuation Pause)
[4863.829s][info][gc,task        ] GC(625) Using 8 workers of 8 for evacuation
[4863.984s][info][gc,phases      ] GC(625)   Pre Evacuate Collection Set: 0.27ms
[4863.984s][info][gc,phases      ] GC(625)   Merge Heap Roots: 0.81ms
[4863.984s][info][gc,phases      ] GC(625)   Evacuate Collection Set: 151.85ms
[4863.984s][info][gc,phases      ] GC(625)   Post Evacuate Collection Set: 1.14ms
[4863.984s][info][gc,phases      ] GC(625)   Other: 0.07ms
[4863.984s][info][gc,heap        ] GC(625) Eden regions: 542->0(571)
[4863.984s][info][gc,heap        ] GC(625) Survivor regions: 42->43(73)
[4863.984s][info][gc,heap        ] GC(625) Old regions: 252->260
[4863.984s][info][gc,heap        ] GC(625) Humongous regions: 33->33
[4863.984s][info][gc,metaspace   ] GC(625) Metaspace: 29993K(30528K)->29993K(30528K) NonClass: 26596K(26880K)->26596K(26880K) Class: 3397K(3648K)->3397K(3648K)
[4863.984s][info][gc             ] GC(625) Pause Young (Prepare Mixed) (G1 Evacuation Pause) 6934M->2666M(8192M) 154.288ms
[4863.984s][info][gc,cpu         ] GC(625) User=1.23s Sys=0.00s Real=0.16s
.....[4868.501s][info][gc,start       ] GC(626) Pause Young (Mixed) (G1 Evacuation Pause)
[4868.501s][info][gc,task        ] GC(626) Using 8 workers of 8 for evacuation
[4868.663s][info][gc,phases      ] GC(626)   Pre Evacuate Collection Set: 0.28ms
[4868.663s][info][gc,phases      ] GC(626)   Merge Heap Roots: 0.87ms
[4868.663s][info][gc,phases      ] GC(626)   Evacuate Collection Set: 159.48ms
[4868.663s][info][gc,phases      ] GC(626)   Post Evacuate Collection Set: 1.30ms
[4868.663s][info][gc,phases      ] GC(626)   Other: 0.07ms
[4868.663s][info][gc,heap        ] GC(626) Eden regions: 571->0(571)
[4868.663s][info][gc,heap        ] GC(626) Survivor regions: 43->43(77)
[4868.663s][info][gc,heap        ] GC(626) Old regions: 260->165
[4868.663s][info][gc,heap        ] GC(626) Humongous regions: 33->33
[4868.663s][info][gc,metaspace   ] GC(626) Metaspace: 29993K(30528K)->29993K(30528K) NonClass: 26596K(26880K)->26596K(26880K) Class: 3397K(3648K)->3397K(3648K)
[4868.663s][info][gc             ] GC(626) Pause Young (Mixed) (G1 Evacuation Pause) 7234M->1910M(8192M) 162.143ms
[4868.663s][info][gc,cpu         ] GC(626) User=1.28s Sys=0.00s Real=0.16s
.....[4873.209s][info][gc,start       ] GC(627) Pause Young (Mixed) (G1 Evacuation Pause)
[4873.209s][info][gc,task        ] GC(627) Using 8 workers of 8 for evacuation
[4873.382s][info][gc,phases      ] GC(627)   Pre Evacuate Collection Set: 0.25ms
[4873.382s][info][gc,phases      ] GC(627)   Merge Heap Roots: 1.01ms
[4873.382s][info][gc,phases      ] GC(627)   Evacuate Collection Set: 170.26ms
[4873.382s][info][gc,phases      ] GC(627)   Post Evacuate Collection Set: 1.13ms
[4873.382s][info][gc,phases      ] GC(627)   Other: 0.07ms
[4873.382s][info][gc,heap        ] GC(627) Eden regions: 571->0(570)
[4873.382s][info][gc,heap        ] GC(627) Survivor regions: 43->44(77)
[4873.382s][info][gc,heap        ] GC(627) Old regions: 165->142
[4873.382s][info][gc,heap        ] GC(627) Humongous regions: 33->33
[4873.382s][info][gc,metaspace   ] GC(627) Metaspace: 29993K(30528K)->29993K(30528K) NonClass: 26596K(26880K)->26596K(26880K) Class: 3397K(3648K)->3397K(3648K)
[4873.382s][info][gc             ] GC(627) Pause Young (Mixed) (G1 Evacuation Pause) 6478M->1729M(8192M) 172.849ms
[4873.382s][info][gc,cpu         ] GC(627) User=1.37s Sys=0.00s Real=0.18s
....[4877.855s][info][gc,start       ] GC(628) Pause Young (Normal) (G1 Evacuation Pause)
[4877.855s][info][gc,task        ] GC(628) Using 8 workers of 8 for evacuation
[4878.011s][info][gc,phases      ] GC(628)   Pre Evacuate Collection Set: 0.24ms
[4878.011s][info][gc,phases      ] GC(628)   Merge Heap Roots: 0.59ms
[4878.011s][info][gc,phases      ] GC(628)   Evacuate Collection Set: 154.22ms
[4878.011s][info][gc,phases      ] GC(628)   Post Evacuate Collection Set: 1.04ms
[4878.011s][info][gc,phases      ] GC(628)   Other: 0.07ms
[4878.011s][info][gc,heap        ] GC(628) Eden regions: 570->0(571)
[4878.011s][info][gc,heap        ] GC(628) Survivor regions: 44->43(77)
[4878.011s][info][gc,heap        ] GC(628) Old regions: 142->149
[4878.011s][info][gc,heap        ] GC(628) Humongous regions: 33->33
[4878.011s][info][gc,metaspace   ] GC(628) Metaspace: 29993K(30528K)->29993K(30528K) NonClass: 26596K(26880K)->26596K(26880K) Class: 3397K(3648K)->3397K(3648K)
[4878.011s][info][gc             ] GC(628) Pause Young (Normal) (G1 Evacuation Pause) 6289M->1783M(8192M) 156.280ms
[4878.011s][info][gc,cpu         ] GC(628) User=1.23s Sys=0.00s Real=0.16s
.....[4882.575s][info][gc,start       ] GC(629) Pause Young (Normal) (G1 Evacuation Pause)
[4882.575s][info][gc,task        ] GC(629) Using 8 workers of 8 for evacuation
[4882.728s][info][gc,phases      ] GC(629)   Pre Evacuate Collection Set: 0.25ms
[4882.728s][info][gc,phases      ] GC(629)   Merge Heap Roots: 0.61ms
[4882.728s][info][gc,phases      ] GC(629)   Evacuate Collection Set: 151.29ms
[4882.728s][info][gc,phases      ] GC(629)   Post Evacuate Collection Set: 1.05ms
[4882.728s][info][gc,phases      ] GC(629)   Other: 0.06ms
[4882.728s][info][gc,heap        ] GC(629) Eden regions: 571->0(571)
[4882.728s][info][gc,heap        ] GC(629) Survivor regions: 43->43(77)
[4882.728s][info][gc,heap        ] GC(629) Old regions: 149->156
[4882.728s][info][gc,heap        ] GC(629) Humongous regions: 33->33
[4882.728s][info][gc,metaspace   ] GC(629) Metaspace: 29993K(30528K)->29993K(30528K) NonClass: 26596K(26880K)->26596K(26880K) Class: 3397K(3648K)->3397K(3648K)
[4882.728s][info][gc             ] GC(629) Pause Young (Normal) (G1 Evacuation Pause) 6351M->1834M(8192M) 153.403ms
[4882.728s][info][gc,cpu         ] GC(629) User=1.21s Sys=0.00s Real=0.15s
.....[4887.029s][info][gc,start       ] GC(630) Pause Young (Normal) (G1 Evacuation Pause)
[4887.029s][info][gc,task        ] GC(630) Using 8 workers of 8 for evacuation
[4887.183s][info][gc,phases      ] GC(630)   Pre Evacuate Collection Set: 0.27ms
[4887.183s][info][gc,phases      ] GC(630)   Merge Heap Roots: 0.59ms
[4887.183s][info][gc,phases      ] GC(630)   Evacuate Collection Set: 151.65ms
[4887.183s][info][gc,phases      ] GC(630)   Post Evacuate Collection Set: 1.07ms
[4887.183s][info][gc,phases      ] GC(630)   Other: 0.07ms
[4887.183s][info][gc,heap        ] GC(630) Eden regions: 571->0(571)
[4887.183s][info][gc,heap        ] GC(630) Survivor regions: 43->43(77)
[4887.183s][info][gc,heap        ] GC(630) Old regions: 156->163
[4887.183s][info][gc,heap        ] GC(630) Humongous regions: 33->33
[4887.183s][info][gc,metaspace   ] GC(630) Metaspace: 29993K(30528K)->29993K(30528K) NonClass: 26596K(26880K)->26596K(26880K) Class: 3397K(3648K)->3397K(3648K)
[4887.183s][info][gc             ] GC(630) Pause Young (Normal) (G1 Evacuation Pause) 6402M->1895M(8192M) 153.764ms
[4887.183s][info][gc,cpu         ] GC(630) User=1.22s Sys=0.00s Real=0.16s
.... (rIR:aIR:PR = 8302:8317:8317) (tPR = 123560) [OK] 
  4890s: Performance info:
         Transaction,    Success,    Partial,     Failed,   Receipts, AvgBarcode, 
             Overall,     501800,          0,          0,     476827,      59.47, 
         Response times:
             Request,    Success,    Partial,     Failed,   SkipFail,     Probes,    Samples,      min,      p50,      p90,      p95,      p99,      max, 
       TotalPurchase,     476827,          0,          0,          0,     359983,     528464,      300,     5800,    14600,    45000,   109000,  1100000,
     InStorePurchase,     251105,          0,          0,          0,     189522,     277921,      300,     5800,    14700,    46000,   107000,  1100000,
      OnlinePurchase,     175839,          0,          0,          0,     132541,     194638,      300,     5800,    14500,    44000,   110000,  1100000,
        InstPurchase,      49883,          0,          0,          0,      37920,      55905,      400,     6000,    14500,    43000,   116000,  1100000,
          AssocOfCat,        505,          0,          0,          0,        418,        711,    30000,    47000,    77800,   110000,   202000,   214000,
      AssocOfProduct,       5007,          0,          0,          0,       3557,       5475,      600,     6300,    14600,    37000,    96240,   398000,
      BusinessReport,       1252,          0,          0,          0,       1106,       1784,    31000,    52000,    80500,   125000,   202450,   252000,
          CustBuyBeh,       5006,          0,          0,          0,       3486,       5506,      200,     5000,    13000,    35000,   103930,   288000,
       ProductReturn,      13203,          0,          0,          0,       9178,      13747,      200,     6100,    14500,    44000,   116000,   516000,

  4890s: (61%)   IR =   8441 [4891.776s][info][gc,start       ] GC(631) Pause Young (Normal) (G1 Evacuation Pause)
[4891.776s][info][gc,task        ] GC(631) Using 8 workers of 8 for evacuation
[4891.936s][info][gc,phases      ] GC(631)   Pre Evacuate Collection Set: 0.23ms
[4891.936s][info][gc,phases      ] GC(631)   Merge Heap Roots: 0.67ms
[4891.936s][info][gc,phases      ] GC(631)   Evacuate Collection Set: 157.58ms
[4891.936s][info][gc,phases      ] GC(631)   Post Evacuate Collection Set: 1.08ms
[4891.936s][info][gc,phases      ] GC(631)   Other: 0.07ms
[4891.936s][info][gc,heap        ] GC(631) Eden regions: 571->0(571)
[4891.936s][info][gc,heap        ] GC(631) Survivor regions: 43->43(77)
[4891.936s][info][gc,heap        ] GC(631) Old regions: 163->170
[4891.936s][info][gc,heap        ] GC(631) Humongous regions: 33->33
[4891.936s][info][gc,metaspace   ] GC(631) Metaspace: 29993K(30528K)->29993K(30528K) NonClass: 26596K(26880K)->26596K(26880K) Class: 3397K(3648K)->3397K(3648K)
[4891.936s][info][gc             ] GC(631) Pause Young (Normal) (G1 Evacuation Pause) 6463M->1954M(8192M) 159.762ms
[4891.936s][info][gc,cpu         ] GC(631) User=1.27s Sys=0.00s Real=0.16s
.....[4896.256s][info][gc,start       ] GC(632) Pause Young (Normal) (G1 Evacuation Pause)
[4896.256s][info][gc,task        ] GC(632) Using 8 workers of 8 for evacuation
[4896.409s][info][gc,phases      ] GC(632)   Pre Evacuate Collection Set: 0.27ms
[4896.409s][info][gc,phases      ] GC(632)   Merge Heap Roots: 0.60ms
[4896.409s][info][gc,phases      ] GC(632)   Evacuate Collection Set: 151.01ms
[4896.409s][info][gc,phases      ] GC(632)   Post Evacuate Collection Set: 1.09ms
[4896.409s][info][gc,phases      ] GC(632)   Other: 0.07ms
[4896.409s][info][gc,heap        ] GC(632) Eden regions: 571->0(571)
[4896.409s][info][gc,heap        ] GC(632) Survivor regions: 43->43(77)
[4896.409s][info][gc,heap        ] GC(632) Old regions: 170->177
[4896.409s][info][gc,heap        ] GC(632) Humongous regions: 33->33
[4896.409s][info][gc,metaspace   ] GC(632) Metaspace: 29993K(30528K)->29993K(30528K) NonClass: 26596K(26880K)->26596K(26880K) Class: 3397K(3648K)->3397K(3648K)
[4896.409s][info][gc             ] GC(632) Pause Young (Normal) (G1 Evacuation Pause) 6522M->2011M(8192M) 153.187ms
[4896.409s][info][gc,cpu         ] GC(632) User=1.21s Sys=0.00s Real=0.15s
....[4900.852s][info][gc,start       ] GC(633) Pause Young (Normal) (G1 Evacuation Pause)
[4900.852s][info][gc,task        ] GC(633) Using 8 workers of 8 for evacuation
[4901.013s][info][gc,phases      ] GC(633)   Pre Evacuate Collection Set: 0.27ms
[4901.013s][info][gc,phases      ] GC(633)   Merge Heap Roots: 0.69ms
[4901.013s][info][gc,phases      ] GC(633)   Evacuate Collection Set: 159.06ms
[4901.013s][info][gc,phases      ] GC(633)   Post Evacuate Collection Set: 1.05ms
[4901.013s][info][gc,phases      ] GC(633)   Other: 0.06ms
[4901.013s][info][gc,heap        ] GC(633) Eden regions: 571->0(569)
[4901.013s][info][gc,heap        ] GC(633) Survivor regions: 43->45(77)
[4901.013s][info][gc,heap        ] GC(633) Old regions: 177->184
[4901.013s][info][gc,heap        ] GC(633) Humongous regions: 33->33
[4901.013s][info][gc,metaspace   ] GC(633) Metaspace: 29993K(30528K)->29993K(30528K) NonClass: 26596K(26880K)->26596K(26880K) Class: 3397K(3648K)->3397K(3648K)
[4901.013s][info][gc             ] GC(633) Pause Young (Normal) (G1 Evacuation Pause) 6579M->2079M(8192M) 161.267ms
[4901.013s][info][gc,cpu         ] GC(633) User=1.28s Sys=0.00s Real=0.16s
..|...[4905.355s][info][gc,start       ] GC(634) Pause Young (Normal) (G1 Evacuation Pause)
[4905.355s][info][gc,task        ] GC(634) Using 8 workers of 8 for evacuation
[4905.510s][info][gc,phases      ] GC(634)   Pre Evacuate Collection Set: 0.28ms
[4905.510s][info][gc,phases      ] GC(634)   Merge Heap Roots: 0.61ms
[4905.510s][info][gc,phases      ] GC(634)   Evacuate Collection Set: 152.98ms
[4905.510s][info][gc,phases      ] GC(634)   Post Evacuate Collection Set: 1.09ms
[4905.510s][info][gc,phases      ] GC(634)   Other: 0.06ms
[4905.510s][info][gc,heap        ] GC(634) Eden regions: 569->0(571)
[4905.510s][info][gc,heap        ] GC(634) Survivor regions: 45->43(77)
[4905.510s][info][gc,heap        ] GC(634) Old regions: 184->191
[4905.510s][info][gc,heap        ] GC(634) Humongous regions: 33->33
[4905.510s][info][gc,metaspace   ] GC(634) Metaspace: 29993K(30528K)->29993K(30528K) NonClass: 26596K(26880K)->26596K(26880K) Class: 3397K(3648K)->3397K(3648K)
[4905.510s][info][gc             ] GC(634) Pause Young (Normal) (G1 Evacuation Pause) 6631M->2119M(8192M) 155.142ms
[4905.510s][info][gc,cpu         ] GC(634) User=1.22s Sys=0.01s Real=0.15s
....[4909.947s][info][gc,start       ] GC(635) Pause Young (Normal) (G1 Evacuation Pause)
[4909.947s][info][gc,task        ] GC(635) Using 8 workers of 8 for evacuation
[4910.100s][info][gc,phases      ] GC(635)   Pre Evacuate Collection Set: 0.30ms
[4910.100s][info][gc,phases      ] GC(635)   Merge Heap Roots: 0.71ms
[4910.100s][info][gc,phases      ] GC(635)   Evacuate Collection Set: 150.92ms
[4910.100s][info][gc,phases      ] GC(635)   Post Evacuate Collection Set: 1.11ms
[4910.100s][info][gc,phases      ] GC(635)   Other: 0.06ms
[4910.100s][info][gc,heap        ] GC(635) Eden regions: 571->0(571)
[4910.100s][info][gc,heap        ] GC(635) Survivor regions: 43->43(77)
[4910.100s][info][gc,heap        ] GC(635) Old regions: 191->199
[4910.100s][info][gc,heap        ] GC(635) Humongous regions: 33->33
[4910.100s][info][gc,metaspace   ] GC(635) Metaspace: 29993K(30528K)->29993K(30528K) NonClass: 26596K(26880K)->26596K(26880K) Class: 3397K(3648K)->3397K(3648K)
[4910.100s][info][gc             ] GC(635) Pause Young (Normal) (G1 Evacuation Pause) 6687M->2181M(8192M) 153.218ms
[4910.100s][info][gc,cpu         ] GC(635) User=1.21s Sys=0.00s Real=0.15s
.....[4914.582s][info][gc,start       ] GC(636) Pause Young (Normal) (G1 Evacuation Pause)
[4914.582s][info][gc,task        ] GC(636) Using 8 workers of 8 for evacuation
[4914.736s][info][gc,phases      ] GC(636)   Pre Evacuate Collection Set: 0.27ms
[4914.736s][info][gc,phases      ] GC(636)   Merge Heap Roots: 0.58ms
[4914.736s][info][gc,phases      ] GC(636)   Evacuate Collection Set: 151.93ms
[4914.736s][info][gc,phases      ] GC(636)   Post Evacuate Collection Set: 1.06ms
[4914.736s][info][gc,phases      ] GC(636)   Other: 0.07ms
[4914.736s][info][gc,heap        ] GC(636) Eden regions: 571->0(571)
[4914.736s][info][gc,heap        ] GC(636) Survivor regions: 43->43(77)
[4914.736s][info][gc,heap        ] GC(636) Old regions: 199->206
[4914.736s][info][gc,heap        ] GC(636) Humongous regions: 33->33
[4914.736s][info][gc,metaspace   ] GC(636) Metaspace: 29993K(30528K)->29993K(30528K) NonClass: 26596K(26880K)->26596K(26880K) Class: 3397K(3648K)->3397K(3648K)
[4914.736s][info][gc             ] GC(636) Pause Young (Normal) (G1 Evacuation Pause) 6749M->2234M(8192M) 154.075ms
[4914.736s][info][gc,cpu         ] GC(636) User=1.22s Sys=0.00s Real=0.15s
....[4919.062s][info][gc,start       ] GC(637) Pause Young (Normal) (G1 Evacuation Pause)
[4919.062s][info][gc,task        ] GC(637) Using 8 workers of 8 for evacuation
[4919.215s][info][gc,phases      ] GC(637)   Pre Evacuate Collection Set: 0.25ms
[4919.215s][info][gc,phases      ] GC(637)   Merge Heap Roots: 0.61ms
[4919.215s][info][gc,phases      ] GC(637)   Evacuate Collection Set: 151.13ms
[4919.215s][info][gc,phases      ] GC(637)   Post Evacuate Collection Set: 1.08ms
[4919.215s][info][gc,phases      ] GC(637)   Other: 0.07ms
[4919.215s][info][gc,heap        ] GC(637) Eden regions: 571->0(571)
[4919.215s][info][gc,heap        ] GC(637) Survivor regions: 43->43(77)
[4919.215s][info][gc,heap        ] GC(637) Old regions: 206->213
[4919.215s][info][gc,heap        ] GC(637) Humongous regions: 33->33
[4919.215s][info][gc,metaspace   ] GC(637) Metaspace: 29993K(30528K)->29993K(30528K) NonClass: 26596K(26880K)->26596K(26880K) Class: 3397K(3648K)->3397K(3648K)
[4919.215s][info][gc             ] GC(637) Pause Young (Normal) (G1 Evacuation Pause) 6802M->2297M(8192M) 153.257ms
[4919.215s][info][gc,cpu         ] GC(637) User=1.22s Sys=0.00s Real=0.15s
.....[4923.647s][info][gc,start       ] GC(638) Pause Young (Normal) (G1 Evacuation Pause)
[4923.647s][info][gc,task        ] GC(638) Using 8 workers of 8 for evacuation
[4923.804s][info][gc,phases      ] GC(638)   Pre Evacuate Collection Set: 0.24ms
[4923.804s][info][gc,phases      ] GC(638)   Merge Heap Roots: 0.60ms
[4923.804s][info][gc,phases      ] GC(638)   Evacuate Collection Set: 154.98ms
[4923.804s][info][gc,phases      ] GC(638)   Post Evacuate Collection Set: 1.07ms
[4923.804s][info][gc,phases      ] GC(638)   Other: 0.09ms
[4923.804s][info][gc,heap        ] GC(638) Eden regions: 571->0(571)
[4923.804s][info][gc,heap        ] GC(638) Survivor regions: 43->43(77)
[4923.804s][info][gc,heap        ] GC(638) Old regions: 213->220
[4923.804s][info][gc,heap        ] GC(638) Humongous regions: 33->33
[4923.804s][info][gc,metaspace   ] GC(638) Metaspace: 29993K(30528K)->29993K(30528K) NonClass: 26596K(26880K)->26596K(26880K) Class: 3397K(3648K)->3397K(3648K)
[4923.804s][info][gc             ] GC(638) Pause Young (Normal) (G1 Evacuation Pause) 6865M->2353M(8192M) 157.116ms
[4923.804s][info][gc,cpu         ] GC(638) User=1.24s Sys=0.00s Real=0.16s
....[4928.224s][info][gc,start       ] GC(639) Pause Young (Normal) (G1 Evacuation Pause)
[4928.224s][info][gc,task        ] GC(639) Using 8 workers of 8 for evacuation
[4928.382s][info][gc,phases      ] GC(639)   Pre Evacuate Collection Set: 0.25ms
[4928.382s][info][gc,phases      ] GC(639)   Merge Heap Roots: 0.62ms
[4928.382s][info][gc,phases      ] GC(639)   Evacuate Collection Set: 156.32ms
[4928.382s][info][gc,phases      ] GC(639)   Post Evacuate Collection Set: 1.10ms
[4928.382s][info][gc,phases      ] GC(639)   Other: 0.07ms
[4928.382s][info][gc,heap        ] GC(639) Eden regions: 571->0(571)
[4928.382s][info][gc,heap        ] GC(639) Survivor regions: 43->43(77)
[4928.382s][info][gc,heap        ] GC(639) Old regions: 220->227
[4928.382s][info][gc,heap        ] GC(639) Humongous regions: 33->33
[4928.382s][info][gc,metaspace   ] GC(639) Metaspace: 29993K(30528K)->29993K(30528K) NonClass: 26596K(26880K)->26596K(26880K) Class: 3397K(3648K)->3397K(3648K)
[4928.382s][info][gc             ] GC(639) Pause Young (Normal) (G1 Evacuation Pause) 6921M->2410M(8192M) 158.485ms
[4928.383s][info][gc,cpu         ] GC(639) User=1.26s Sys=0.00s Real=0.16s
.....[4932.748s][info][gc,start       ] GC(640) Pause Young (Normal) (G1 Evacuation Pause)
[4932.748s][info][gc,task        ] GC(640) Using 8 workers of 8 for evacuation
[4932.905s][info][gc,phases      ] GC(640)   Pre Evacuate Collection Set: 0.27ms
[4932.905s][info][gc,phases      ] GC(640)   Merge Heap Roots: 0.59ms
[4932.905s][info][gc,phases      ] GC(640)   Evacuate Collection Set: 155.45ms
[4932.905s][info][gc,phases      ] GC(640)   Post Evacuate Collection Set: 1.09ms
[4932.905s][info][gc,phases      ] GC(640)   Other: 0.06ms
[4932.905s][info][gc,heap        ] GC(640) Eden regions: 571->0(569)
[4932.905s][info][gc,heap        ] GC(640) Survivor regions: 43->45(77)
[4932.905s][info][gc,heap        ] GC(640) Old regions: 227->234
[4932.905s][info][gc,heap        ] GC(640) Humongous regions: 33->33
[4932.905s][info][gc,metaspace   ] GC(640) Metaspace: 29993K(30528K)->29993K(30528K) NonClass: 26596K(26880K)->26596K(26880K) Class: 3397K(3648K)->3397K(3648K)
[4932.905s][info][gc             ] GC(640) Pause Young (Normal) (G1 Evacuation Pause) 6978M->2478M(8192M) 157.600ms
[4932.905s][info][gc,cpu         ] GC(640) User=1.24s Sys=0.00s Real=0.16s
....[4937.383s][info][gc,start       ] GC(641) Pause Young (Normal) (G1 Evacuation Pause)
[4937.383s][info][gc,task        ] GC(641) Using 8 workers of 8 for evacuation
[4937.539s][info][gc,phases      ] GC(641)   Pre Evacuate Collection Set: 0.26ms
[4937.539s][info][gc,phases      ] GC(641)   Merge Heap Roots: 0.60ms
[4937.539s][info][gc,phases      ] GC(641)   Evacuate Collection Set: 153.22ms
[4937.539s][info][gc,phases      ] GC(641)   Post Evacuate Collection Set: 1.08ms
[4937.539s][info][gc,phases      ] GC(641)   Other: 0.06ms
[4937.539s][info][gc,heap        ] GC(641) Eden regions: 569->0(571)
[4937.539s][info][gc,heap        ] GC(641) Survivor regions: 45->43(77)
[4937.539s][info][gc,heap        ] GC(641) Old regions: 234->241
[4937.539s][info][gc,heap        ] GC(641) Humongous regions: 33->33
[4937.539s][info][gc,metaspace   ] GC(641) Metaspace: 29993K(30528K)->29993K(30528K) NonClass: 26596K(26880K)->26596K(26880K) Class: 3397K(3648K)->3397K(3648K)
[4937.539s][info][gc             ] GC(641) Pause Young (Normal) (G1 Evacuation Pause) 7030M->2519M(8192M) 155.372ms
[4937.539s][info][gc,cpu         ] GC(641) User=1.23s Sys=0.00s Real=0.15s
.....[4941.947s][info][gc,start       ] GC(642) Pause Young (Normal) (G1 Evacuation Pause)
[4941.947s][info][gc,task        ] GC(642) Using 8 workers of 8 for evacuation
[4942.107s][info][gc,phases      ] GC(642)   Pre Evacuate Collection Set: 0.26ms
[4942.107s][info][gc,phases      ] GC(642)   Merge Heap Roots: 0.75ms
[4942.107s][info][gc,phases      ] GC(642)   Evacuate Collection Set: 157.72ms
[4942.107s][info][gc,phases      ] GC(642)   Post Evacuate Collection Set: 1.09ms
[4942.107s][info][gc,phases      ] GC(642)   Other: 0.06ms
[4942.107s][info][gc,heap        ] GC(642) Eden regions: 571->0(570)
[4942.107s][info][gc,heap        ] GC(642) Survivor regions: 43->44(77)
[4942.107s][info][gc,heap        ] GC(642) Old regions: 241->248
[4942.107s][info][gc,heap        ] GC(642) Humongous regions: 33->33
[4942.107s][info][gc,metaspace   ] GC(642) Metaspace: 29993K(30528K)->29993K(30528K) NonClass: 26596K(26880K)->26596K(26880K) Class: 3397K(3648K)->3397K(3648K)
[4942.107s][info][gc             ] GC(642) Pause Young (Normal) (G1 Evacuation Pause) 7087M->2587M(8192M) 159.996ms
[4942.107s][info][gc,cpu         ] GC(642) User=1.27s Sys=0.00s Real=0.16s
....[4946.432s][info][gc,start       ] GC(643) Pause Young (Normal) (G1 Evacuation Pause)
[4946.432s][info][gc,task        ] GC(643) Using 8 workers of 8 for evacuation
[4946.586s][info][gc,phases      ] GC(643)   Pre Evacuate Collection Set: 0.25ms
[4946.586s][info][gc,phases      ] GC(643)   Merge Heap Roots: 0.64ms
[4946.586s][info][gc,phases      ] GC(643)   Evacuate Collection Set: 151.90ms
[4946.586s][info][gc,phases      ] GC(643)   Post Evacuate Collection Set: 1.08ms
[4946.586s][info][gc,phases      ] GC(643)   Other: 0.06ms
[4946.586s][info][gc,heap        ] GC(643) Eden regions: 570->0(571)
[4946.586s][info][gc,heap        ] GC(643) Survivor regions: 44->43(77)
[4946.586s][info][gc,heap        ] GC(643) Old regions: 248->256
[4946.586s][info][gc,heap        ] GC(643) Humongous regions: 33->33
[4946.586s][info][gc,metaspace   ] GC(643) Metaspace: 29993K(30528K)->29993K(30528K) NonClass: 26596K(26880K)->26596K(26880K) Class: 3397K(3648K)->3397K(3648K)
[4946.586s][info][gc             ] GC(643) Pause Young (Normal) (G1 Evacuation Pause) 7147M->2633M(8192M) 154.073ms
[4946.586s][info][gc,cpu         ] GC(643) User=1.22s Sys=0.00s Real=0.15s
.....[4950.994s][info][gc,start       ] GC(644) Pause Young (Normal) (G1 Evacuation Pause)
[4950.994s][info][gc,task        ] GC(644) Using 8 workers of 8 for evacuation
[4951.150s][info][gc,phases      ] GC(644)   Pre Evacuate Collection Set: 0.26ms
[4951.150s][info][gc,phases      ] GC(644)   Merge Heap Roots: 0.61ms
[4951.150s][info][gc,phases      ] GC(644)   Evacuate Collection Set: 154.01ms
[4951.150s][info][gc,phases      ] GC(644)   Post Evacuate Collection Set: 1.05ms
[4951.150s][info][gc,phases      ] GC(644)   Other: 0.07ms
[4951.150s][info][gc,heap        ] GC(644) Eden regions: 571->0(571)
[4951.150s][info][gc,heap        ] GC(644) Survivor regions: 43->43(77)
[4951.150s][info][gc,heap        ] GC(644) Old regions: 256->263
[4951.150s][info][gc,heap        ] GC(644) Humongous regions: 33->33
[4951.150s][info][gc,metaspace   ] GC(644) Metaspace: 29993K(30528K)->29993K(30528K) NonClass: 26596K(26880K)->26596K(26880K) Class: 3397K(3648K)->3397K(3648K)
[4951.150s][info][gc             ] GC(644) Pause Young (Normal) (G1 Evacuation Pause) 7201M->2694M(8192M) 156.116ms
[4951.150s][info][gc,cpu         ] GC(644) User=1.24s Sys=0.00s Real=0.15s
.....[4955.628s][info][gc,start       ] GC(645) Pause Young (Normal) (G1 Evacuation Pause)
[4955.628s][info][gc,task        ] GC(645) Using 8 workers of 8 for evacuation
[4955.781s][info][gc,phases      ] GC(645)   Pre Evacuate Collection Set: 0.26ms
[4955.781s][info][gc,phases      ] GC(645)   Merge Heap Roots: 0.64ms
[4955.781s][info][gc,phases      ] GC(645)   Evacuate Collection Set: 150.09ms
[4955.781s][info][gc,phases      ] GC(645)   Post Evacuate Collection Set: 1.06ms
[4955.781s][info][gc,phases      ] GC(645)   Other: 0.08ms
[4955.781s][info][gc,heap        ] GC(645) Eden regions: 571->0(571)
[4955.781s][info][gc,heap        ] GC(645) Survivor regions: 43->43(77)
[4955.781s][info][gc,heap        ] GC(645) Old regions: 263->270
[4955.781s][info][gc,heap        ] GC(645) Humongous regions: 33->33
[4955.781s][info][gc,metaspace   ] GC(645) Metaspace: 29993K(30528K)->29993K(30528K) NonClass: 26596K(26880K)->26596K(26880K) Class: 3397K(3648K)->3397K(3648K)
[4955.781s][info][gc             ] GC(645) Pause Young (Normal) (G1 Evacuation Pause) 7262M->2750M(8192M) 152.251ms
[4955.781s][info][gc,cpu         ] GC(645) User=1.20s Sys=0.00s Real=0.16s
....[4960.143s][info][gc,start       ] GC(646) Pause Young (Normal) (G1 Evacuation Pause)
[4960.143s][info][gc,task        ] GC(646) Using 8 workers of 8 for evacuation
[4960.298s][info][gc,phases      ] GC(646)   Pre Evacuate Collection Set: 0.28ms
[4960.298s][info][gc,phases      ] GC(646)   Merge Heap Roots: 0.62ms
[4960.298s][info][gc,phases      ] GC(646)   Evacuate Collection Set: 152.65ms
[4960.298s][info][gc,phases      ] GC(646)   Post Evacuate Collection Set: 1.09ms
[4960.298s][info][gc,phases      ] GC(646)   Other: 0.06ms
[4960.298s][info][gc,heap        ] GC(646) Eden regions: 571->0(571)
[4960.298s][info][gc,heap        ] GC(646) Survivor regions: 43->43(77)
[4960.298s][info][gc,heap        ] GC(646) Old regions: 270->277
[4960.298s][info][gc,heap        ] GC(646) Humongous regions: 33->33
[4960.298s][info][gc,metaspace   ] GC(646) Metaspace: 29993K(30528K)->29993K(30528K) NonClass: 26596K(26880K)->26596K(26880K) Class: 3397K(3648K)->3397K(3648K)
[4960.298s][info][gc             ] GC(646) Pause Young (Normal) (G1 Evacuation Pause) 7318M->2802M(8192M) 154.846ms
[4960.298s][info][gc,cpu         ] GC(646) User=1.22s Sys=0.01s Real=0.15s
... (rIR:aIR:PR = 8441:8472:8472) (tPR = 124736) [OK] 
  4962s: Performance info:
         Transaction,    Success,    Partial,     Failed,   Receipts, AvgBarcode, 
             Overall,     512105,          0,          0,     486586,      59.47, 
         Response times:
             Request,    Success,    Partial,     Failed,   SkipFail,     Probes,    Samples,      min,      p50,      p90,      p95,      p99,      max, 
       TotalPurchase,     486586,          0,          0,          0,     360086,     428769,      300,     5600,    13900,    39000,    93000,   397000,
     InStorePurchase,     257821,          0,          0,          0,     189174,     225258,      400,     5500,    13900,    38000,    90000,   396000,
      OnlinePurchase,     177449,          0,          0,          0,     133047,     157921,      300,     5600,    13900,    40000,    95000,   377000,
        InstPurchase,      51316,          0,          0,          0,      37865,      45590,      500,     5700,    14100,    40000,    98000,   397000,
          AssocOfCat,        510,          0,          0,          0,        414,        593,    28000,    47000,    70600,   112600,   176200,   218000,
      AssocOfProduct,       5117,          0,          0,          0,       3698,       4662,      700,     6400,    13400,    44000,   101370,   174000,
      BusinessReport,       1276,          0,          0,          0,       1149,       1522,    31000,    54000,    81000,   126850,   216080,   263000,
          CustBuyBeh,       5128,          0,          0,          0,       3624,       4542,      200,     6000,    13670,    36000,    97000,   301000,
       ProductReturn,      13487,          0,          0,          0,       9478,      11668,      300,     5500,    13900,    41000,   101000,   374000,

  4962s: (62%)   IR =   8579 .[4964.614s][info][gc,start       ] GC(647) Pause Young (Normal) (G1 Evacuation Pause)
[4964.614s][info][gc,task        ] GC(647) Using 8 workers of 8 for evacuation
[4964.767s][info][gc,phases      ] GC(647)   Pre Evacuate Collection Set: 0.30ms
[4964.767s][info][gc,phases      ] GC(647)   Merge Heap Roots: 0.79ms
[4964.767s][info][gc,phases      ] GC(647)   Evacuate Collection Set: 150.47ms
[4964.767s][info][gc,phases      ] GC(647)   Post Evacuate Collection Set: 1.06ms
[4964.767s][info][gc,phases      ] GC(647)   Other: 0.07ms
[4964.767s][info][gc,heap        ] GC(647) Eden regions: 571->0(569)
[4964.767s][info][gc,heap        ] GC(647) Survivor regions: 43->43(77)
[4964.767s][info][gc,heap        ] GC(647) Old regions: 277->284
[4964.767s][info][gc,heap        ] GC(647) Humongous regions: 33->33
[4964.767s][info][gc,metaspace   ] GC(647) Metaspace: 29993K(30528K)->29993K(30528K) NonClass: 26596K(26880K)->26596K(26880K) Class: 3397K(3648K)->3397K(3648K)
[4964.767s][info][gc             ] GC(647) Pause Young (Normal) (G1 Evacuation Pause) 7370M->2862M(8192M) 152.825ms
[4964.767s][info][gc,cpu         ] GC(647) User=1.21s Sys=0.00s Real=0.15s
....|.[4969.134s][info][gc,start       ] GC(648) Pause Young (Normal) (G1 Evacuation Pause)
[4969.134s][info][gc,task        ] GC(648) Using 8 workers of 8 for evacuation
[4969.287s][info][gc,phases      ] GC(648)   Pre Evacuate Collection Set: 0.28ms
[4969.287s][info][gc,phases      ] GC(648)   Merge Heap Roots: 0.59ms
[4969.287s][info][gc,phases      ] GC(648)   Evacuate Collection Set: 151.13ms
[4969.287s][info][gc,phases      ] GC(648)   Post Evacuate Collection Set: 1.07ms
[4969.287s][info][gc,phases      ] GC(648)   Other: 0.06ms
[4969.287s][info][gc,heap        ] GC(648) Eden regions: 569->0(562)
[4969.287s][info][gc,heap        ] GC(648) Survivor regions: 43->43(77)
[4969.287s][info][gc,heap        ] GC(648) Old regions: 284->291
[4969.287s][info][gc,heap        ] GC(648) Humongous regions: 33->33
[4969.287s][info][gc,metaspace   ] GC(648) Metaspace: 29993K(30528K)->29993K(30528K) NonClass: 26596K(26880K)->26596K(26880K) Class: 3397K(3648K)->3397K(3648K)
[4969.288s][info][gc             ] GC(648) Pause Young (Normal) (G1 Evacuation Pause) 7414M->2923M(8192M) 153.259ms
[4969.288s][info][gc,cpu         ] GC(648) User=1.22s Sys=0.01s Real=0.15s
....[4973.624s][info][gc,start       ] GC(649) Pause Young (Normal) (G1 Evacuation Pause)
[4973.624s][info][gc,task        ] GC(649) Using 8 workers of 8 for evacuation
[4973.780s][info][gc,phases      ] GC(649)   Pre Evacuate Collection Set: 0.25ms
[4973.780s][info][gc,phases      ] GC(649)   Merge Heap Roots: 0.65ms
[4973.780s][info][gc,phases      ] GC(649)   Evacuate Collection Set: 153.09ms
[4973.780s][info][gc,phases      ] GC(649)   Post Evacuate Collection Set: 1.08ms
[4973.780s][info][gc,phases      ] GC(649)   Other: 0.06ms
[4973.780s][info][gc,heap        ] GC(649) Eden regions: 562->0(553)
[4973.780s][info][gc,heap        ] GC(649) Survivor regions: 43->44(76)
[4973.780s][info][gc,heap        ] GC(649) Old regions: 291->298
[4973.780s][info][gc,heap        ] GC(649) Humongous regions: 33->33
[4973.780s][info][gc,metaspace   ] GC(649) Metaspace: 29993K(30528K)->29993K(30528K) NonClass: 26596K(26880K)->26596K(26880K) Class: 3397K(3648K)->3397K(3648K)
[4973.780s][info][gc             ] GC(649) Pause Young (Normal) (G1 Evacuation Pause) 7419M->2983M(8192M) 155.249ms
[4973.780s][info][gc,cpu         ] GC(649) User=1.23s Sys=0.00s Real=0.15s
.....[4977.944s][info][gc,start       ] GC(650) Pause Young (Normal) (G1 Evacuation Pause)
[4977.944s][info][gc,task        ] GC(650) Using 8 workers of 8 for evacuation
[4978.101s][info][gc,phases      ] GC(650)   Pre Evacuate Collection Set: 0.24ms
[4978.101s][info][gc,phases      ] GC(650)   Merge Heap Roots: 0.60ms
[4978.101s][info][gc,phases      ] GC(650)   Evacuate Collection Set: 155.16ms
[4978.101s][info][gc,phases      ] GC(650)   Post Evacuate Collection Set: 1.06ms
[4978.101s][info][gc,phases      ] GC(650)   Other: 0.07ms
[4978.101s][info][gc,heap        ] GC(650) Eden regions: 553->0(547)
[4978.101s][info][gc,heap        ] GC(650) Survivor regions: 44->43(75)
[4978.101s][info][gc,heap        ] GC(650) Old regions: 298->306
[4978.101s][info][gc,heap        ] GC(650) Humongous regions: 33->33
[4978.101s][info][gc,metaspace   ] GC(650) Metaspace: 29993K(30528K)->29993K(30528K) NonClass: 26596K(26880K)->26596K(26880K) Class: 3397K(3648K)->3397K(3648K)
[4978.101s][info][gc             ] GC(650) Pause Young (Normal) (G1 Evacuation Pause) 7407M->3039M(8192M) 157.272ms
[4978.101s][info][gc,cpu         ] GC(650) User=1.25s Sys=0.00s Real=0.16s
....[4982.303s][info][gc,start       ] GC(651) Pause Young (Concurrent Start) (G1 Evacuation Pause)
[4982.303s][info][gc,task        ] GC(651) Using 8 workers of 8 for evacuation
[4982.462s][info][gc,phases      ] GC(651)   Pre Evacuate Collection Set: 0.29ms
[4982.462s][info][gc,phases      ] GC(651)   Merge Heap Roots: 0.65ms
[4982.462s][info][gc,phases      ] GC(651)   Evacuate Collection Set: 157.03ms
[4982.462s][info][gc,phases      ] GC(651)   Post Evacuate Collection Set: 1.05ms
[4982.462s][info][gc,phases      ] GC(651)   Other: 0.11ms
[4982.462s][info][gc,heap        ] GC(651) Eden regions: 547->0(538)
[4982.462s][info][gc,heap        ] GC(651) Survivor regions: 43->44(74)
[4982.462s][info][gc,heap        ] GC(651) Old regions: 306->313
[4982.462s][info][gc,heap        ] GC(651) Humongous regions: 33->33
[4982.462s][info][gc,metaspace   ] GC(651) Metaspace: 29993K(30528K)->29993K(30528K) NonClass: 26596K(26880K)->26596K(26880K) Class: 3397K(3648K)->3397K(3648K)
[4982.462s][info][gc             ] GC(651) Pause Young (Concurrent Start) (G1 Evacuation Pause) 7415M->3106M(8192M) 159.293ms
[4982.462s][info][gc             ] GC(652) Concurrent Mark Cycle
[4982.462s][info][gc,marking     ] GC(652) Concurrent Scan Root Regions
[4982.462s][info][gc,cpu         ] GC(651) User=1.26s Sys=0.00s Real=0.16s
[4982.740s][info][gc,marking     ] GC(652) Concurrent Scan Root Regions 277.755ms
[4982.740s][info][gc,marking     ] GC(652) Concurrent Mark
[4982.740s][info][gc,marking     ] GC(652) Concurrent Mark From Roots
[4982.740s][info][gc,task        ] GC(652) Using 2 workers of 2 for marking
..[4983.947s][info][gc,marking     ] GC(652) Concurrent Mark From Roots 1207.327ms
[4983.947s][info][gc,marking     ] GC(652) Concurrent Preclean
[4983.947s][info][gc,marking     ] GC(652) Concurrent Preclean 0.146ms
[4983.948s][info][gc,start       ] GC(652) Pause Remark
[4983.951s][info][gc             ] GC(652) Pause Remark 4744M->4152M(8192M) 3.241ms
[4983.951s][info][gc,cpu         ] GC(652) User=0.02s Sys=0.00s Real=0.01s
[4983.951s][info][gc,marking     ] GC(652) Concurrent Mark 1211.259ms
[4983.951s][info][gc,marking     ] GC(652) Concurrent Rebuild Remembered Sets and Scrub Regions
[4984.605s][info][gc,marking     ] GC(652) Concurrent Rebuild Remembered Sets and Scrub Regions 653.890ms
[4984.605s][info][gc,start       ] GC(652) Pause Cleanup
[4984.606s][info][gc             ] GC(652) Pause Cleanup 4927M->4927M(8192M) 0.288ms
[4984.606s][info][gc,cpu         ] GC(652) User=0.00s Sys=0.00s Real=0.00s
[4984.606s][info][gc,marking     ] GC(652) Concurrent Clear Claimed Marks
[4984.606s][info][gc,marking     ] GC(652) Concurrent Clear Claimed Marks 0.042ms
[4984.606s][info][gc,marking     ] GC(652) Concurrent Cleanup for Next Mark
[4984.615s][info][gc,marking     ] GC(652) Concurrent Cleanup for Next Mark 9.240ms
[4984.615s][info][gc             ] GC(652) Concurrent Mark Cycle 2152.876ms
..[4986.418s][info][gc,start       ] GC(653) Pause Young (Prepare Mixed) (G1 Evacuation Pause)
[4986.418s][info][gc,task        ] GC(653) Using 8 workers of 8 for evacuation
[4986.568s][info][gc,phases      ] GC(653)   Pre Evacuate Collection Set: 0.24ms
[4986.568s][info][gc,phases      ] GC(653)   Merge Heap Roots: 0.77ms
[4986.568s][info][gc,phases      ] GC(653)   Evacuate Collection Set: 148.60ms
[4986.568s][info][gc,phases      ] GC(653)   Post Evacuate Collection Set: 1.13ms
[4986.568s][info][gc,phases      ] GC(653)   Other: 0.07ms
[4986.568s][info][gc,heap        ] GC(653) Eden regions: 538->0(572)
[4986.568s][info][gc,heap        ] GC(653) Survivor regions: 44->42(73)
[4986.568s][info][gc,heap        ] GC(653) Old regions: 239->247
[4986.568s][info][gc,heap        ] GC(653) Humongous regions: 33->33
[4986.568s][info][gc,metaspace   ] GC(653) Metaspace: 29993K(30528K)->29993K(30528K) NonClass: 26596K(26880K)->26596K(26880K) Class: 3397K(3648K)->3397K(3648K)
[4986.568s][info][gc             ] GC(653) Pause Young (Prepare Mixed) (G1 Evacuation Pause) 6818M->2554M(8192M) 150.935ms
[4986.569s][info][gc,cpu         ] GC(653) User=1.20s Sys=0.00s Real=0.15s
.....[4990.994s][info][gc,start       ] GC(654) Pause Young (Mixed) (G1 Evacuation Pause)
[4990.994s][info][gc,task        ] GC(654) Using 8 workers of 8 for evacuation
[4991.153s][info][gc,phases      ] GC(654)   Pre Evacuate Collection Set: 0.28ms
[4991.153s][info][gc,phases      ] GC(654)   Merge Heap Roots: 0.88ms
[4991.154s][info][gc,phases      ] GC(654)   Evacuate Collection Set: 157.09ms
[4991.154s][info][gc,phases      ] GC(654)   Post Evacuate Collection Set: 1.27ms
[4991.154s][info][gc,phases      ] GC(654)   Other: 0.08ms
[4991.154s][info][gc,heap        ] GC(654) Eden regions: 572->0(571)
[4991.154s][info][gc,heap        ] GC(654) Survivor regions: 42->43(77)
[4991.154s][info][gc,heap        ] GC(654) Old regions: 247->152
[4991.154s][info][gc,heap        ] GC(654) Humongous regions: 33->33
[4991.154s][info][gc,metaspace   ] GC(654) Metaspace: 29993K(30528K)->29993K(30528K) NonClass: 26596K(26880K)->26596K(26880K) Class: 3397K(3648K)->3397K(3648K)
[4991.154s][info][gc             ] GC(654) Pause Young (Mixed) (G1 Evacuation Pause) 7130M->1805M(8192M) 159.725ms
[4991.154s][info][gc,cpu         ] GC(654) User=1.27s Sys=0.00s Real=0.16s
....[4995.410s][info][gc,start       ] GC(655) Pause Young (Mixed) (G1 Evacuation Pause)
[4995.410s][info][gc,task        ] GC(655) Using 8 workers of 8 for evacuation
[4995.568s][info][gc,phases      ] GC(655)   Pre Evacuate Collection Set: 0.24ms
[4995.568s][info][gc,phases      ] GC(655)   Merge Heap Roots: 0.77ms
[4995.568s][info][gc,phases      ] GC(655)   Evacuate Collection Set: 155.52ms
[4995.568s][info][gc,phases      ] GC(655)   Post Evacuate Collection Set: 1.11ms
[4995.568s][info][gc,phases      ] GC(655)   Other: 0.07ms
[4995.568s][info][gc,heap        ] GC(655) Eden regions: 571->0(572)
[4995.568s][info][gc,heap        ] GC(655) Survivor regions: 43->42(77)
[4995.568s][info][gc,heap        ] GC(655) Old regions: 152->142
[4995.568s][info][gc,heap        ] GC(655) Humongous regions: 33->33
[4995.568s][info][gc,metaspace   ] GC(655) Metaspace: 29993K(30528K)->29993K(30528K) NonClass: 26596K(26880K)->26596K(26880K) Class: 3397K(3648K)->3397K(3648K)
[4995.568s][info][gc             ] GC(655) Pause Young (Mixed) (G1 Evacuation Pause) 6373M->1718M(8192M) 157.822ms
[4995.568s][info][gc,cpu         ] GC(655) User=1.25s Sys=0.00s Real=0.16s
.....[4999.948s][info][gc,start       ] GC(656) Pause Young (Normal) (G1 Evacuation Pause)
[4999.948s][info][gc,task        ] GC(656) Using 8 workers of 8 for evacuation
[5000.103s][info][gc,phases      ] GC(656)   Pre Evacuate Collection Set: 0.23ms
[5000.103s][info][gc,phases      ] GC(656)   Merge Heap Roots: 0.57ms
[5000.103s][info][gc,phases      ] GC(656)   Evacuate Collection Set: 152.68ms
[5000.103s][info][gc,phases      ] GC(656)   Post Evacuate Collection Set: 1.05ms
[5000.103s][info][gc,phases      ] GC(656)   Other: 0.06ms
[5000.103s][info][gc,heap        ] GC(656) Eden regions: 572->0(571)
[5000.103s][info][gc,heap        ] GC(656) Survivor regions: 42->43(77)
[5000.103s][info][gc,heap        ] GC(656) Old regions: 142->149
[5000.103s][info][gc,heap        ] GC(656) Humongous regions: 33->33
[5000.103s][info][gc,metaspace   ] GC(656) Metaspace: 29993K(30528K)->29993K(30528K) NonClass: 26596K(26880K)->26596K(26880K) Class: 3397K(3648K)->3397K(3648K)
[5000.103s][info][gc             ] GC(656) Pause Young (Normal) (G1 Evacuation Pause) 6294M->1784M(8192M) 154.716ms
[5000.103s][info][gc,cpu         ] GC(656) User=1.23s Sys=0.00s Real=0.16s
....[5004.549s][info][gc,start       ] GC(657) Pause Young (Normal) (G1 Evacuation Pause)
[5004.549s][info][gc,task        ] GC(657) Using 8 workers of 8 for evacuation
[5004.702s][info][gc,phases      ] GC(657)   Pre Evacuate Collection Set: 0.26ms
[5004.702s][info][gc,phases      ] GC(657)   Merge Heap Roots: 0.60ms
[5004.702s][info][gc,phases      ] GC(657)   Evacuate Collection Set: 150.59ms
[5004.702s][info][gc,phases      ] GC(657)   Post Evacuate Collection Set: 1.10ms
[5004.702s][info][gc,phases      ] GC(657)   Other: 0.08ms
[5004.702s][info][gc,heap        ] GC(657) Eden regions: 571->0(572)
[5004.702s][info][gc,heap        ] GC(657) Survivor regions: 43->42(77)
[5004.702s][info][gc,heap        ] GC(657) Old regions: 149->156
[5004.702s][info][gc,heap        ] GC(657) Humongous regions: 33->33
[5004.702s][info][gc,metaspace   ] GC(657) Metaspace: 29995K(30528K)->29995K(30528K) NonClass: 26598K(26880K)->26598K(26880K) Class: 3397K(3648K)->3397K(3648K)
[5004.702s][info][gc             ] GC(657) Pause Young (Normal) (G1 Evacuation Pause) 6352M->1834M(8192M) 152.763ms
[5004.702s][info][gc,cpu         ] GC(657) User=1.21s Sys=0.00s Real=0.16s
.....[5009.087s][info][gc,start       ] GC(658) Pause Young (Normal) (G1 Evacuation Pause)
[5009.087s][info][gc,task        ] GC(658) Using 8 workers of 8 for evacuation
[5009.238s][info][gc,phases      ] GC(658)   Pre Evacuate Collection Set: 0.26ms
[5009.238s][info][gc,phases      ] GC(658)   Merge Heap Roots: 0.60ms
[5009.238s][info][gc,phases      ] GC(658)   Evacuate Collection Set: 149.49ms
[5009.238s][info][gc,phases      ] GC(658)   Post Evacuate Collection Set: 1.07ms
[5009.238s][info][gc,phases      ] GC(658)   Other: 0.06ms
[5009.238s][info][gc,heap        ] GC(658) Eden regions: 572->0(571)
[5009.238s][info][gc,heap        ] GC(658) Survivor regions: 42->43(77)
[5009.238s][info][gc,heap        ] GC(658) Old regions: 156->163
[5009.238s][info][gc,heap        ] GC(658) Humongous regions: 33->33
[5009.238s][info][gc,metaspace   ] GC(658) Metaspace: 29995K(30528K)->29995K(30528K) NonClass: 26598K(26880K)->26598K(26880K) Class: 3397K(3648K)->3397K(3648K)
[5009.238s][info][gc             ] GC(658) Pause Young (Normal) (G1 Evacuation Pause) 6410M->1898M(8192M) 151.602ms
[5009.238s][info][gc,cpu         ] GC(658) User=1.20s Sys=0.00s Real=0.15s
....[5013.595s][info][gc,start       ] GC(659) Pause Young (Normal) (G1 Evacuation Pause)
[5013.595s][info][gc,task        ] GC(659) Using 8 workers of 8 for evacuation
[5013.750s][info][gc,phases      ] GC(659)   Pre Evacuate Collection Set: 0.25ms
[5013.750s][info][gc,phases      ] GC(659)   Merge Heap Roots: 0.70ms
[5013.750s][info][gc,phases      ] GC(659)   Evacuate Collection Set: 153.27ms
[5013.750s][info][gc,phases      ] GC(659)   Post Evacuate Collection Set: 1.09ms
[5013.750s][info][gc,phases      ] GC(659)   Other: 0.07ms
[5013.750s][info][gc,heap        ] GC(659) Eden regions: 571->0(571)
[5013.750s][info][gc,heap        ] GC(659) Survivor regions: 43->43(77)
[5013.750s][info][gc,heap        ] GC(659) Old regions: 163->170
[5013.750s][info][gc,heap        ] GC(659) Humongous regions: 33->33
[5013.750s][info][gc,metaspace   ] GC(659) Metaspace: 29995K(30528K)->29995K(30528K) NonClass: 26598K(26880K)->26598K(26880K) Class: 3397K(3648K)->3397K(3648K)
[5013.750s][info][gc             ] GC(659) Pause Young (Normal) (G1 Evacuation Pause) 6466M->1954M(8192M) 155.501ms
[5013.750s][info][gc,cpu         ] GC(659) User=1.23s Sys=0.00s Real=0.15s
.....[5018.029s][info][gc,start       ] GC(660) Pause Young (Normal) (G1 Evacuation Pause)
[5018.029s][info][gc,task        ] GC(660) Using 8 workers of 8 for evacuation
[5018.189s][info][gc,phases      ] GC(660)   Pre Evacuate Collection Set: 0.27ms
[5018.189s][info][gc,phases      ] GC(660)   Merge Heap Roots: 0.65ms
[5018.189s][info][gc,phases      ] GC(660)   Evacuate Collection Set: 157.47ms
[5018.189s][info][gc,phases      ] GC(660)   Post Evacuate Collection Set: 1.09ms
[5018.189s][info][gc,phases      ] GC(660)   Other: 0.06ms
[5018.189s][info][gc,heap        ] GC(660) Eden regions: 571->0(570)
[5018.189s][info][gc,heap        ] GC(660) Survivor regions: 43->44(77)
[5018.189s][info][gc,heap        ] GC(660) Old regions: 170->177
[5018.189s][info][gc,heap        ] GC(660) Humongous regions: 33->33
[5018.189s][info][gc,metaspace   ] GC(660) Metaspace: 29995K(30528K)->29995K(30528K) NonClass: 26598K(26880K)->26598K(26880K) Class: 3397K(3648K)->3397K(3648K)
[5018.189s][info][gc             ] GC(660) Pause Young (Normal) (G1 Evacuation Pause) 6522M->2015M(8192M) 159.683ms
[5018.189s][info][gc,cpu         ] GC(660) User=1.27s Sys=0.00s Real=0.16s
....[5022.506s][info][gc,start       ] GC(661) Pause Young (Normal) (G1 Evacuation Pause)
[5022.506s][info][gc,task        ] GC(661) Using 8 workers of 8 for evacuation
[5022.661s][info][gc,phases      ] GC(661)   Pre Evacuate Collection Set: 0.26ms
[5022.661s][info][gc,phases      ] GC(661)   Merge Heap Roots: 0.60ms
[5022.661s][info][gc,phases      ] GC(661)   Evacuate Collection Set: 152.24ms
[5022.661s][info][gc,phases      ] GC(661)   Post Evacuate Collection Set: 1.08ms
[5022.661s][info][gc,phases      ] GC(661)   Other: 0.06ms
[5022.661s][info][gc,heap        ] GC(661) Eden regions: 570->0(571)
[5022.661s][info][gc,heap        ] GC(661) Survivor regions: 44->43(77)
[5022.661s][info][gc,heap        ] GC(661) Old regions: 177->184
[5022.661s][info][gc,heap        ] GC(661) Humongous regions: 33->33
[5022.661s][info][gc,metaspace   ] GC(661) Metaspace: 29995K(30528K)->29995K(30528K) NonClass: 26598K(26880K)->26598K(26880K) Class: 3397K(3648K)->3397K(3648K)
[5022.661s][info][gc             ] GC(661) Pause Young (Normal) (G1 Evacuation Pause) 6575M->2067M(8192M) 154.365ms
[5022.661s][info][gc,cpu         ] GC(661) User=1.23s Sys=0.00s Real=0.15s
.....[5027.004s][info][gc,start       ] GC(662) Pause Young (Normal) (G1 Evacuation Pause)
[5027.004s][info][gc,task        ] GC(662) Using 8 workers of 8 for evacuation
[5027.157s][info][gc,phases      ] GC(662)   Pre Evacuate Collection Set: 0.23ms
[5027.157s][info][gc,phases      ] GC(662)   Merge Heap Roots: 0.58ms
[5027.157s][info][gc,phases      ] GC(662)   Evacuate Collection Set: 151.07ms
[5027.157s][info][gc,phases      ] GC(662)   Post Evacuate Collection Set: 1.05ms
[5027.157s][info][gc,phases      ] GC(662)   Other: 0.06ms
[5027.157s][info][gc,heap        ] GC(662) Eden regions: 571->0(571)
[5027.157s][info][gc,heap        ] GC(662) Survivor regions: 43->43(77)
[5027.157s][info][gc,heap        ] GC(662) Old regions: 184->192
[5027.157s][info][gc,heap        ] GC(662) Humongous regions: 33->33
[5027.157s][info][gc,metaspace   ] GC(662) Metaspace: 29995K(30528K)->29995K(30528K) NonClass: 26598K(26880K)->26598K(26880K) Class: 3397K(3648K)->3397K(3648K)
[5027.157s][info][gc             ] GC(662) Pause Young (Normal) (G1 Evacuation Pause) 6635M->2125M(8192M) 153.132ms
[5027.157s][info][gc,cpu         ] GC(662) User=1.21s Sys=0.00s Real=0.15s
. (rIR:aIR:PR = 8579:8566:8567) (tPR = 126713) [OK] 
  5027s: Performance info:
         Transaction,    Success,    Partial,     Failed,   Receipts, AvgBarcode, 
             Overall,     515312,          0,          0,     489368,      59.48, 
         Response times:
             Request,    Success,    Partial,     Failed,   SkipFail,     Probes,    Samples,      min,      p50,      p90,      p95,      p99,      max, 
       TotalPurchase,     489335,          0,          0,          0,     356794,     391727,      300,     5800,    17700,    56000,   114000,  1800000,
     InStorePurchase,     258749,          0,          0,          0,     187623,     205760,      300,     5900,    17900,    57000,   114000,  1800000,
      OnlinePurchase,     178920,          0,          0,          0,     131239,     144053,      300,     5800,    17500,    54000,   104000,  1800000,
        InstPurchase,      51666,          0,          0,          0,      37932,      41914,      400,     5600,    17000,    55000,   103000,  1500000,
          AssocOfCat,        516,          0,          0,          0,        424,        551,    30000,    48000,    73000,    98800,   234760,   428000,
      AssocOfProduct,       5244,          0,          0,          0,       3687,       4211,      600,     6400,    17600,    52000,   117000,   234000,
      BusinessReport,       1289,          0,          0,          0,       1146,       1374,    29000,    54000,    83500,   125250,   221250,   318000,
          CustBuyBeh,       5207,          0,          0,          0,       3680,       4244,      200,     6100,    18200,    60750,   117650,   354000,
       ProductReturn,      13667,          0,          0,          0,       9595,      10711,      200,     6300,    18800,    53000,   141000,  1500000,

  5027s: (63%)   IR =   8717 ...[5031.420s][info][gc,start       ] GC(663) Pause Young (Normal) (G1 Evacuation Pause)
[5031.420s][info][gc,task        ] GC(663) Using 8 workers of 8 for evacuation
[5031.579s][info][gc,phases      ] GC(663)   Pre Evacuate Collection Set: 0.25ms
[5031.579s][info][gc,phases      ] GC(663)   Merge Heap Roots: 0.63ms
[5031.579s][info][gc,phases      ] GC(663)   Evacuate Collection Set: 157.02ms
[5031.579s][info][gc,phases      ] GC(663)   Post Evacuate Collection Set: 1.07ms
[5031.579s][info][gc,phases      ] GC(663)   Other: 0.06ms
[5031.579s][info][gc,heap        ] GC(663) Eden regions: 571->0(571)
[5031.579s][info][gc,heap        ] GC(663) Survivor regions: 43->43(77)
[5031.579s][info][gc,heap        ] GC(663) Old regions: 192->199
[5031.579s][info][gc,heap        ] GC(663) Humongous regions: 33->33
[5031.579s][info][gc,metaspace   ] GC(663) Metaspace: 29995K(30528K)->29995K(30528K) NonClass: 26598K(26880K)->26598K(26880K) Class: 3397K(3648K)->3397K(3648K)
[5031.579s][info][gc             ] GC(663) Pause Young (Normal) (G1 Evacuation Pause) 6693M->2183M(8192M) 159.157ms
[5031.579s][info][gc,cpu         ] GC(663) User=1.26s Sys=0.00s Real=0.16s
....[5035.839s][info][gc,start       ] GC(664) Pause Young (Normal) (G1 Evacuation Pause)
[5035.839s][info][gc,task        ] GC(664) Using 8 workers of 8 for evacuation
[5035.992s][info][gc,phases      ] GC(664)   Pre Evacuate Collection Set: 0.27ms
[5035.992s][info][gc,phases      ] GC(664)   Merge Heap Roots: 0.59ms
[5035.992s][info][gc,phases      ] GC(664)   Evacuate Collection Set: 151.24ms
[5035.992s][info][gc,phases      ] GC(664)   Post Evacuate Collection Set: 1.14ms
[5035.992s][info][gc,phases      ] GC(664)   Other: 0.06ms
[5035.992s][info][gc,heap        ] GC(664) Eden regions: 571->0(571)
[5035.992s][info][gc,heap        ] GC(664) Survivor regions: 43->43(77)
[5035.992s][info][gc,heap        ] GC(664) Old regions: 199->206
[5035.992s][info][gc,heap        ] GC(664) Humongous regions: 33->33
[5035.992s][info][gc,metaspace   ] GC(664) Metaspace: 29995K(30528K)->29995K(30528K) NonClass: 26598K(26880K)->26598K(26880K) Class: 3397K(3648K)->3397K(3648K)
[5035.992s][info][gc             ] GC(664) Pause Young (Normal) (G1 Evacuation Pause) 6751M->2237M(8192M) 153.435ms
[5035.992s][info][gc,cpu         ] GC(664) User=1.21s Sys=0.01s Real=0.16s
....|.[5040.369s][info][gc,start       ] GC(665) Pause Young (Normal) (G1 Evacuation Pause)
[5040.369s][info][gc,task        ] GC(665) Using 8 workers of 8 for evacuation
[5040.522s][info][gc,phases      ] GC(665)   Pre Evacuate Collection Set: 0.23ms
[5040.522s][info][gc,phases      ] GC(665)   Merge Heap Roots: 0.61ms
[5040.522s][info][gc,phases      ] GC(665)   Evacuate Collection Set: 150.80ms
[5040.522s][info][gc,phases      ] GC(665)   Post Evacuate Collection Set: 1.05ms
[5040.522s][info][gc,phases      ] GC(665)   Other: 0.08ms
[5040.522s][info][gc,heap        ] GC(665) Eden regions: 571->0(571)
[5040.522s][info][gc,heap        ] GC(665) Survivor regions: 43->43(77)
[5040.522s][info][gc,heap        ] GC(665) Old regions: 206->213
[5040.522s][info][gc,heap        ] GC(665) Humongous regions: 33->33
[5040.522s][info][gc,metaspace   ] GC(665) Metaspace: 29995K(30528K)->29995K(30528K) NonClass: 26598K(26880K)->26598K(26880K) Class: 3397K(3648K)->3397K(3648K)
[5040.522s][info][gc             ] GC(665) Pause Young (Normal) (G1 Evacuation Pause) 6805M->2294M(8192M) 152.890ms
[5040.522s][info][gc,cpu         ] GC(665) User=1.21s Sys=0.00s Real=0.16s
....[5044.804s][info][gc,start       ] GC(666) Pause Young (Normal) (G1 Evacuation Pause)
[5044.804s][info][gc,task        ] GC(666) Using 8 workers of 8 for evacuation
[5044.957s][info][gc,phases      ] GC(666)   Pre Evacuate Collection Set: 0.25ms
[5044.957s][info][gc,phases      ] GC(666)   Merge Heap Roots: 0.61ms
[5044.957s][info][gc,phases      ] GC(666)   Evacuate Collection Set: 150.77ms
[5044.957s][info][gc,phases      ] GC(666)   Post Evacuate Collection Set: 1.05ms
[5044.957s][info][gc,phases      ] GC(666)   Other: 0.08ms
[5044.957s][info][gc,heap        ] GC(666) Eden regions: 571->0(571)
[5044.957s][info][gc,heap        ] GC(666) Survivor regions: 43->43(77)
[5044.957s][info][gc,heap        ] GC(666) Old regions: 213->220
[5044.957s][info][gc,heap        ] GC(666) Humongous regions: 33->33
[5044.957s][info][gc,metaspace   ] GC(666) Metaspace: 29995K(30528K)->29995K(30528K) NonClass: 26598K(26880K)->26598K(26880K) Class: 3397K(3648K)->3397K(3648K)
[5044.957s][info][gc             ] GC(666) Pause Young (Normal) (G1 Evacuation Pause) 6862M->2351M(8192M) 152.905ms
[5044.957s][info][gc,cpu         ] GC(666) User=1.21s Sys=0.00s Real=0.15s
.....[5049.235s][info][gc,start       ] GC(667) Pause Young (Normal) (G1 Evacuation Pause)
[5049.235s][info][gc,task        ] GC(667) Using 8 workers of 8 for evacuation
[5049.389s][info][gc,phases      ] GC(667)   Pre Evacuate Collection Set: 0.24ms
[5049.389s][info][gc,phases      ] GC(667)   Merge Heap Roots: 0.62ms
[5049.389s][info][gc,phases      ] GC(667)   Evacuate Collection Set: 151.91ms
[5049.389s][info][gc,phases      ] GC(667)   Post Evacuate Collection Set: 1.11ms
[5049.389s][info][gc,phases      ] GC(667)   Other: 0.06ms
[5049.389s][info][gc,heap        ] GC(667) Eden regions: 571->0(570)
[5049.389s][info][gc,heap        ] GC(667) Survivor regions: 43->44(77)
[5049.389s][info][gc,heap        ] GC(667) Old regions: 220->227
[5049.389s][info][gc,heap        ] GC(667) Humongous regions: 33->33
[5049.389s][info][gc,metaspace   ] GC(667) Metaspace: 29995K(30528K)->29995K(30528K) NonClass: 26598K(26880K)->26598K(26880K) Class: 3397K(3648K)->3397K(3648K)
[5049.389s][info][gc             ] GC(667) Pause Young (Normal) (G1 Evacuation Pause) 6919M->2411M(8192M) 154.069ms
[5049.389s][info][gc,cpu         ] GC(667) User=1.22s Sys=0.00s Real=0.15s
....[5053.619s][info][gc,start       ] GC(668) Pause Young (Normal) (G1 Evacuation Pause)
[5053.619s][info][gc,task        ] GC(668) Using 8 workers of 8 for evacuation
[5053.774s][info][gc,phases      ] GC(668)   Pre Evacuate Collection Set: 0.25ms
[5053.774s][info][gc,phases      ] GC(668)   Merge Heap Roots: 0.67ms
[5053.774s][info][gc,phases      ] GC(668)   Evacuate Collection Set: 152.72ms
[5053.774s][info][gc,phases      ] GC(668)   Post Evacuate Collection Set: 1.07ms
[5053.774s][info][gc,phases      ] GC(668)   Other: 0.06ms
[5053.774s][info][gc,heap        ] GC(668) Eden regions: 570->0(570)
[5053.774s][info][gc,heap        ] GC(668) Survivor regions: 44->44(77)
[5053.774s][info][gc,heap        ] GC(668) Old regions: 227->234
[5053.774s][info][gc,heap        ] GC(668) Humongous regions: 33->33
[5053.774s][info][gc,metaspace   ] GC(668) Metaspace: 29995K(30528K)->29995K(30528K) NonClass: 26598K(26880K)->26598K(26880K) Class: 3397K(3648K)->3397K(3648K)
[5053.774s][info][gc             ] GC(668) Pause Young (Normal) (G1 Evacuation Pause) 6971M->2469M(8192M) 154.917ms
[5053.774s][info][gc,cpu         ] GC(668) User=1.22s Sys=0.00s Real=0.16s
.....[5058.164s][info][gc,start       ] GC(669) Pause Young (Normal) (G1 Evacuation Pause)
[5058.164s][info][gc,task        ] GC(669) Using 8 workers of 8 for evacuation
[5058.318s][info][gc,phases      ] GC(669)   Pre Evacuate Collection Set: 0.25ms
[5058.319s][info][gc,phases      ] GC(669)   Merge Heap Roots: 0.69ms
[5058.319s][info][gc,phases      ] GC(669)   Evacuate Collection Set: 152.59ms
[5058.319s][info][gc,phases      ] GC(669)   Post Evacuate Collection Set: 1.09ms
[5058.319s][info][gc,phases      ] GC(669)   Other: 0.07ms
[5058.319s][info][gc,heap        ] GC(669) Eden regions: 570->0(571)
[5058.319s][info][gc,heap        ] GC(669) Survivor regions: 44->43(77)
[5058.319s][info][gc,heap        ] GC(669) Old regions: 234->241
[5058.319s][info][gc,heap        ] GC(669) Humongous regions: 33->33
[5058.319s][info][gc,metaspace   ] GC(669) Metaspace: 29995K(30528K)->29995K(30528K) NonClass: 26598K(26880K)->26598K(26880K) Class: 3397K(3648K)->3397K(3648K)
[5058.319s][info][gc             ] GC(669) Pause Young (Normal) (G1 Evacuation Pause) 7029M->2522M(8192M) 154.847ms
[5058.319s][info][gc,cpu         ] GC(669) User=1.23s Sys=0.00s Real=0.15s
....[5062.534s][info][gc,start       ] GC(670) Pause Young (Normal) (G1 Evacuation Pause)
[5062.534s][info][gc,task        ] GC(670) Using 8 workers of 8 for evacuation
[5062.689s][info][gc,phases      ] GC(670)   Pre Evacuate Collection Set: 0.26ms
[5062.689s][info][gc,phases      ] GC(670)   Merge Heap Roots: 0.63ms
[5062.689s][info][gc,phases      ] GC(670)   Evacuate Collection Set: 152.81ms
[5062.689s][info][gc,phases      ] GC(670)   Post Evacuate Collection Set: 1.06ms
[5062.689s][info][gc,phases      ] GC(670)   Other: 0.07ms
[5062.689s][info][gc,heap        ] GC(670) Eden regions: 571->0(571)
[5062.689s][info][gc,heap        ] GC(670) Survivor regions: 43->43(77)
[5062.689s][info][gc,heap        ] GC(670) Old regions: 241->248
[5062.689s][info][gc,heap        ] GC(670) Humongous regions: 33->33
[5062.689s][info][gc,metaspace   ] GC(670) Metaspace: 29995K(30528K)->29995K(30528K) NonClass: 26598K(26880K)->26598K(26880K) Class: 3397K(3648K)->3397K(3648K)
[5062.689s][info][gc             ] GC(670) Pause Young (Normal) (G1 Evacuation Pause) 7090M->2579M(8192M) 154.957ms
[5062.689s][info][gc,cpu         ] GC(670) User=1.23s Sys=0.00s Real=0.15s
....[5066.950s][info][gc,start       ] GC(671) Pause Young (Normal) (G1 Evacuation Pause)
[5066.950s][info][gc,task        ] GC(671) Using 8 workers of 8 for evacuation
[5067.102s][info][gc,phases      ] GC(671)   Pre Evacuate Collection Set: 0.28ms
[5067.102s][info][gc,phases      ] GC(671)   Merge Heap Roots: 0.63ms
[5067.102s][info][gc,phases      ] GC(671)   Evacuate Collection Set: 149.57ms
[5067.102s][info][gc,phases      ] GC(671)   Post Evacuate Collection Set: 1.10ms
[5067.102s][info][gc,phases      ] GC(671)   Other: 0.06ms
[5067.102s][info][gc,heap        ] GC(671) Eden regions: 571->0(571)
[5067.102s][info][gc,heap        ] GC(671) Survivor regions: 43->43(77)
[5067.102s][info][gc,heap        ] GC(671) Old regions: 248->255
[5067.102s][info][gc,heap        ] GC(671) Humongous regions: 33->33
[5067.102s][info][gc,metaspace   ] GC(671) Metaspace: 29995K(30528K)->29995K(30528K) NonClass: 26598K(26880K)->26598K(26880K) Class: 3397K(3648K)->3397K(3648K)
[5067.102s][info][gc             ] GC(671) Pause Young (Normal) (G1 Evacuation Pause) 7147M->2635M(8192M) 151.791ms
[5067.102s][info][gc,cpu         ] GC(671) User=1.20s Sys=0.00s Real=0.16s
.....[5071.341s][info][gc,start       ] GC(672) Pause Young (Normal) (G1 Evacuation Pause)
[5071.341s][info][gc,task        ] GC(672) Using 8 workers of 8 for evacuation
[5071.491s][info][gc,phases      ] GC(672)   Pre Evacuate Collection Set: 0.25ms
[5071.491s][info][gc,phases      ] GC(672)   Merge Heap Roots: 0.67ms
[5071.491s][info][gc,phases      ] GC(672)   Evacuate Collection Set: 147.86ms
[5071.491s][info][gc,phases      ] GC(672)   Post Evacuate Collection Set: 1.11ms
[5071.491s][info][gc,phases      ] GC(672)   Other: 0.06ms
[5071.491s][info][gc,heap        ] GC(672) Eden regions: 571->0(571)
[5071.491s][info][gc,heap        ] GC(672) Survivor regions: 43->43(77)
[5071.491s][info][gc,heap        ] GC(672) Old regions: 255->262
[5071.491s][info][gc,heap        ] GC(672) Humongous regions: 33->33
[5071.491s][info][gc,metaspace   ] GC(672) Metaspace: 29995K(30528K)->29995K(30528K) NonClass: 26598K(26880K)->26598K(26880K) Class: 3397K(3648K)->3397K(3648K)
[5071.491s][info][gc             ] GC(672) Pause Young (Normal) (G1 Evacuation Pause) 7203M->2690M(8192M) 150.085ms
[5071.491s][info][gc,cpu         ] GC(672) User=1.19s Sys=0.00s Real=0.15s
....[5075.824s][info][gc,start       ] GC(673) Pause Young (Normal) (G1 Evacuation Pause)
[5075.824s][info][gc,task        ] GC(673) Using 8 workers of 8 for evacuation
[5075.980s][info][gc,phases      ] GC(673)   Pre Evacuate Collection Set: 0.24ms
[5075.980s][info][gc,phases      ] GC(673)   Merge Heap Roots: 0.59ms
[5075.980s][info][gc,phases      ] GC(673)   Evacuate Collection Set: 154.08ms
[5075.980s][info][gc,phases      ] GC(673)   Post Evacuate Collection Set: 1.07ms
[5075.980s][info][gc,phases      ] GC(673)   Other: 0.06ms
[5075.980s][info][gc,heap        ] GC(673) Eden regions: 571->0(571)
[5075.980s][info][gc,heap        ] GC(673) Survivor regions: 43->43(77)
[5075.980s][info][gc,heap        ] GC(673) Old regions: 262->269
[5075.980s][info][gc,heap        ] GC(673) Humongous regions: 33->33
[5075.980s][info][gc,metaspace   ] GC(673) Metaspace: 29995K(30528K)->29995K(30528K) NonClass: 26598K(26880K)->26598K(26880K) Class: 3397K(3648K)->3397K(3648K)
[5075.980s][info][gc             ] GC(673) Pause Young (Normal) (G1 Evacuation Pause) 7258M->2747M(8192M) 156.189ms
[5075.980s][info][gc,cpu         ] GC(673) User=1.24s Sys=0.01s Real=0.15s
.....[5080.241s][info][gc,start       ] GC(674) Pause Young (Normal) (G1 Evacuation Pause)
[5080.241s][info][gc,task        ] GC(674) Using 8 workers of 8 for evacuation
[5080.395s][info][gc,phases      ] GC(674)   Pre Evacuate Collection Set: 0.26ms
[5080.395s][info][gc,phases      ] GC(674)   Merge Heap Roots: 0.58ms
[5080.395s][info][gc,phases      ] GC(674)   Evacuate Collection Set: 151.75ms
[5080.395s][info][gc,phases      ] GC(674)   Post Evacuate Collection Set: 1.09ms
[5080.395s][info][gc,phases      ] GC(674)   Other: 0.06ms
[5080.395s][info][gc,heap        ] GC(674) Eden regions: 571->0(570)
[5080.395s][info][gc,heap        ] GC(674) Survivor regions: 43->44(77)
[5080.395s][info][gc,heap        ] GC(674) Old regions: 269->276
[5080.395s][info][gc,heap        ] GC(674) Humongous regions: 33->33
[5080.395s][info][gc,metaspace   ] GC(674) Metaspace: 29995K(30528K)->29995K(30528K) NonClass: 26598K(26880K)->26598K(26880K) Class: 3397K(3648K)->3397K(3648K)
[5080.395s][info][gc             ] GC(674) Pause Young (Normal) (G1 Evacuation Pause) 7315M->2807M(8192M) 153.862ms
[5080.395s][info][gc,cpu         ] GC(674) User=1.22s Sys=0.00s Real=0.15s
....[5084.698s][info][gc,start       ] GC(675) Pause Young (Normal) (G1 Evacuation Pause)
[5084.698s][info][gc,task        ] GC(675) Using 8 workers of 8 for evacuation
[5084.854s][info][gc,phases      ] GC(675)   Pre Evacuate Collection Set: 0.24ms
[5084.854s][info][gc,phases      ] GC(675)   Merge Heap Roots: 0.60ms
[5084.854s][info][gc,phases      ] GC(675)   Evacuate Collection Set: 153.51ms
[5084.854s][info][gc,phases      ] GC(675)   Post Evacuate Collection Set: 1.09ms
[5084.854s][info][gc,phases      ] GC(675)   Other: 0.07ms
[5084.854s][info][gc,heap        ] GC(675) Eden regions: 570->0(570)
[5084.854s][info][gc,heap        ] GC(675) Survivor regions: 44->43(77)
[5084.854s][info][gc,heap        ] GC(675) Old regions: 276->283
[5084.854s][info][gc,heap        ] GC(675) Humongous regions: 33->33
[5084.854s][info][gc,metaspace   ] GC(675) Metaspace: 29995K(30528K)->29995K(30528K) NonClass: 26598K(26880K)->26598K(26880K) Class: 3397K(3648K)->3397K(3648K)
[5084.854s][info][gc             ] GC(675) Pause Young (Normal) (G1 Evacuation Pause) 7367M->2855M(8192M) 155.654ms
[5084.854s][info][gc,cpu         ] GC(675) User=1.23s Sys=0.00s Real=0.16s
....[5088.941s][info][gc,start       ] GC(676) Pause Young (Normal) (G1 Evacuation Pause)
[5088.941s][info][gc,task        ] GC(676) Using 8 workers of 8 for evacuation
[5089.100s][info][gc,phases      ] GC(676)   Pre Evacuate Collection Set: 0.25ms
[5089.100s][info][gc,phases      ] GC(676)   Merge Heap Roots: 0.57ms
[5089.100s][info][gc,phases      ] GC(676)   Evacuate Collection Set: 157.09ms
[5089.100s][info][gc,phases      ] GC(676)   Post Evacuate Collection Set: 1.10ms
[5089.100s][info][gc,phases      ] GC(676)   Other: 0.06ms
[5089.100s][info][gc,heap        ] GC(676) Eden regions: 570->0(560)
[5089.100s][info][gc,heap        ] GC(676) Survivor regions: 43->44(77)
[5089.100s][info][gc,heap        ] GC(676) Old regions: 283->291
[5089.100s][info][gc,heap        ] GC(676) Humongous regions: 33->33
[5089.100s][info][gc,metaspace   ] GC(676) Metaspace: 29995K(30528K)->29995K(30528K) NonClass: 26598K(26880K)->26598K(26880K) Class: 3397K(3648K)->3397K(3648K)
[5089.100s][info][gc             ] GC(676) Pause Young (Normal) (G1 Evacuation Pause) 7415M->2923M(8192M) 159.221ms
[5089.100s][info][gc,cpu         ] GC(676) User=1.26s Sys=0.00s Real=0.16s
.....[5093.297s][info][gc,start       ] GC(677) Pause Young (Normal) (G1 Evacuation Pause)
[5093.297s][info][gc,task        ] GC(677) Using 8 workers of 8 for evacuation
[5093.452s][info][gc,phases      ] GC(677)   Pre Evacuate Collection Set: 0.24ms
[5093.452s][info][gc,phases      ] GC(677)   Merge Heap Roots: 0.61ms
[5093.452s][info][gc,phases      ] GC(677)   Evacuate Collection Set: 152.97ms
[5093.452s][info][gc,phases      ] GC(677)   Post Evacuate Collection Set: 1.07ms
[5093.452s][info][gc,phases      ] GC(677)   Other: 0.07ms
[5093.452s][info][gc,heap        ] GC(677) Eden regions: 560->0(555)
[5093.452s][info][gc,heap        ] GC(677) Survivor regions: 44->43(76)
[5093.452s][info][gc,heap        ] GC(677) Old regions: 291->298
[5093.452s][info][gc,heap        ] GC(677) Humongous regions: 33->33
[5093.452s][info][gc,metaspace   ] GC(677) Metaspace: 29995K(30528K)->29995K(30528K) NonClass: 26598K(26880K)->26598K(26880K) Class: 3397K(3648K)->3397K(3648K)
[5093.452s][info][gc             ] GC(677) Pause Young (Normal) (G1 Evacuation Pause) 7403M->2979M(8192M) 155.108ms
[5093.452s][info][gc,cpu         ] GC(677) User=1.23s Sys=0.00s Real=0.16s
....[5097.654s][info][gc,start       ] GC(678) Pause Young (Normal) (G1 Evacuation Pause)
[5097.654s][info][gc,task        ] GC(678) Using 8 workers of 8 for evacuation
[5097.803s][info][gc,phases      ] GC(678)   Pre Evacuate Collection Set: 0.27ms
[5097.803s][info][gc,phases      ] GC(678)   Merge Heap Roots: 0.64ms
[5097.803s][info][gc,phases      ] GC(678)   Evacuate Collection Set: 147.59ms
[5097.803s][info][gc,phases      ] GC(678)   Post Evacuate Collection Set: 1.09ms
[5097.803s][info][gc,phases      ] GC(678)   Other: 0.06ms
[5097.803s][info][gc,heap        ] GC(678) Eden regions: 555->0(549)
[5097.803s][info][gc,heap        ] GC(678) Survivor regions: 43->42(75)
[5097.803s][info][gc,heap        ] GC(678) Old regions: 298->306
[5097.803s][info][gc,heap        ] GC(678) Humongous regions: 33->33
[5097.803s][info][gc,metaspace   ] GC(678) Metaspace: 29995K(30528K)->29995K(30528K) NonClass: 26598K(26880K)->26598K(26880K) Class: 3397K(3648K)->3397K(3648K)
[5097.803s][info][gc             ] GC(678) Pause Young (Normal) (G1 Evacuation Pause) 7419M->3031M(8192M) 149.774ms
[5097.803s][info][gc,cpu         ] GC(678) User=1.18s Sys=0.00s Real=0.15s
.. (rIR:aIR:PR = 8717:8699:8698) (tPR = 129183) [OK] 
  5099s: Performance info:
         Transaction,    Success,    Partial,     Failed,   Receipts, AvgBarcode, 
             Overall,     522711,          0,          0,     496706,      59.48, 
         Response times:
             Request,    Success,    Partial,     Failed,   SkipFail,     Probes,    Samples,      min,      p50,      p90,      p95,      p99,      max, 
       TotalPurchase,     496669,          0,          0,          0,     358884,     428871,      300,     5900,    14900,    44000,   111000,   473000,
     InStorePurchase,     261265,          0,          0,          0,     189149,     225600,      300,     5800,    14800,    44000,   111000,   473000,
      OnlinePurchase,     183014,          0,          0,          0,     132041,     157892,      300,     5800,    15000,    43000,   110000,   472000,
        InstPurchase,      52390,          0,          0,          0,      37694,      45379,      500,     6300,    15500,    50000,   115000,   472000,
          AssocOfCat,        525,          0,          0,          0,        423,        604,    29000,    47000,    70500,   100500,   152950,   168000,
      AssocOfProduct,       5243,          0,          0,          0,       3680,       4609,      700,     6800,    16500,    39000,   113000,   454000,
      BusinessReport,       1323,          0,          0,          0,       1162,       1590,    31000,    55000,    81000,   114000,   218000,   251000,
          CustBuyBeh,       5263,          0,          0,          0,       3812,       4824,      300,     6800,    15950,    44000,   112000,   443000,
       ProductReturn,      13728,          0,          0,          0,       9818,      11924,      200,     5600,    14000,    39000,   115000,   470000,

  5099s: (64%)   IR =   8856 ..[5101.839s][info][gc,start       ] GC(679) Pause Young (Concurrent Start) (G1 Evacuation Pause)
[5101.839s][info][gc,task        ] GC(679) Using 8 workers of 8 for evacuation
[5101.992s][info][gc,phases      ] GC(679)   Pre Evacuate Collection Set: 0.32ms
[5101.992s][info][gc,phases      ] GC(679)   Merge Heap Roots: 0.71ms
[5101.992s][info][gc,phases      ] GC(679)   Evacuate Collection Set: 150.96ms
[5101.992s][info][gc,phases      ] GC(679)   Post Evacuate Collection Set: 1.14ms
[5101.992s][info][gc,phases      ] GC(679)   Other: 0.11ms
[5101.992s][info][gc,heap        ] GC(679) Eden regions: 549->0(540)
[5101.992s][info][gc,heap        ] GC(679) Survivor regions: 42->43(74)
[5101.992s][info][gc,heap        ] GC(679) Old regions: 306->313
[5101.992s][info][gc,heap        ] GC(679) Humongous regions: 33->33
[5101.992s][info][gc,metaspace   ] GC(679) Metaspace: 29995K(30528K)->29995K(30528K) NonClass: 26598K(26880K)->26598K(26880K) Class: 3397K(3648K)->3397K(3648K)
[5101.992s][info][gc             ] GC(679) Pause Young (Concurrent Start) (G1 Evacuation Pause) 7423M->3098M(8192M) 153.376ms
[5101.992s][info][gc,cpu         ] GC(679) User=1.21s Sys=0.00s Real=0.16s
[5101.992s][info][gc             ] GC(680) Concurrent Mark Cycle
[5101.992s][info][gc,marking     ] GC(680) Concurrent Scan Root Regions
.[5102.429s][info][gc,marking     ] GC(680) Concurrent Scan Root Regions 436.168ms
[5102.429s][info][gc,marking     ] GC(680) Concurrent Mark
[5102.429s][info][gc,marking     ] GC(680) Concurrent Mark From Roots
[5102.429s][info][gc,task        ] GC(680) Using 2 workers of 2 for marking
.[5103.472s][info][gc,marking     ] GC(680) Concurrent Mark From Roots 1043.299ms
[5103.472s][info][gc,marking     ] GC(680) Concurrent Preclean
[5103.472s][info][gc,marking     ] GC(680) Concurrent Preclean 0.121ms
[5103.472s][info][gc,start       ] GC(680) Pause Remark
[5103.475s][info][gc             ] GC(680) Pause Remark 4714M->4186M(8192M) 2.921ms
[5103.475s][info][gc,cpu         ] GC(680) User=0.02s Sys=0.00s Real=0.00s
[5103.475s][info][gc,marking     ] GC(680) Concurrent Mark 1046.685ms
[5103.475s][info][gc,marking     ] GC(680) Concurrent Rebuild Remembered Sets and Scrub Regions
[5104.006s][info][gc,marking     ] GC(680) Concurrent Rebuild Remembered Sets and Scrub Regions 531.016ms
[5104.006s][info][gc,start       ] GC(680) Pause Cleanup
[5104.007s][info][gc             ] GC(680) Pause Cleanup 4747M->4747M(8192M) 0.274ms
[5104.007s][info][gc,cpu         ] GC(680) User=0.00s Sys=0.00s Real=0.00s
[5104.007s][info][gc,marking     ] GC(680) Concurrent Clear Claimed Marks
[5104.007s][info][gc,marking     ] GC(680) Concurrent Clear Claimed Marks 0.042ms
[5104.007s][info][gc,marking     ] GC(680) Concurrent Cleanup for Next Mark
[5104.018s][info][gc,marking     ] GC(680) Concurrent Cleanup for Next Mark 11.011ms
[5104.018s][info][gc             ] GC(680) Concurrent Mark Cycle 2025.551ms
..[5105.997s][info][gc,start       ] GC(681) Pause Young (Prepare Mixed) (G1 Evacuation Pause)
[5105.997s][info][gc,task        ] GC(681) Using 8 workers of 8 for evacuation
[5106.159s][info][gc,phases      ] GC(681)   Pre Evacuate Collection Set: 0.27ms
[5106.160s][info][gc,phases      ] GC(681)   Merge Heap Roots: 0.88ms
[5106.160s][info][gc,phases      ] GC(681)   Evacuate Collection Set: 160.04ms
[5106.160s][info][gc,phases      ] GC(681)   Post Evacuate Collection Set: 1.22ms
[5106.160s][info][gc,phases      ] GC(681)   Other: 0.07ms
[5106.160s][info][gc,heap        ] GC(681) Eden regions: 540->0(569)
[5106.160s][info][gc,heap        ] GC(681) Survivor regions: 43->45(73)
[5106.160s][info][gc,heap        ] GC(681) Old regions: 247->255
[5106.160s][info][gc,heap        ] GC(681) Humongous regions: 33->33
[5106.160s][info][gc,metaspace   ] GC(681) Metaspace: 29995K(30528K)->29995K(30528K) NonClass: 26598K(26880K)->26598K(26880K) Class: 3397K(3648K)->3397K(3648K)
[5106.160s][info][gc             ] GC(681) Pause Young (Prepare Mixed) (G1 Evacuation Pause) 6890M->2641M(8192M) 162.617ms
[5106.160s][info][gc,cpu         ] GC(681) User=1.29s Sys=0.00s Real=0.16s
.....[5110.320s][info][gc,start       ] GC(682) Pause Young (Mixed) (G1 Evacuation Pause)
[5110.320s][info][gc,task        ] GC(682) Using 8 workers of 8 for evacuation
[5110.476s][info][gc,phases      ] GC(682)   Pre Evacuate Collection Set: 0.28ms
[5110.476s][info][gc,phases      ] GC(682)   Merge Heap Roots: 0.89ms
[5110.476s][info][gc,phases      ] GC(682)   Evacuate Collection Set: 153.61ms
[5110.476s][info][gc,phases      ] GC(682)   Post Evacuate Collection Set: 1.29ms
[5110.476s][info][gc,phases      ] GC(682)   Other: 0.07ms
[5110.476s][info][gc,heap        ] GC(682) Eden regions: 569->0(573)
[5110.476s][info][gc,heap        ] GC(682) Survivor regions: 45->41(77)
[5110.476s][info][gc,heap        ] GC(682) Old regions: 255->160
[5110.476s][info][gc,heap        ] GC(682) Humongous regions: 33->33
[5110.476s][info][gc,metaspace   ] GC(682) Metaspace: 29995K(30528K)->29995K(30528K) NonClass: 26598K(26880K)->26598K(26880K) Class: 3397K(3648K)->3397K(3648K)
[5110.476s][info][gc             ] GC(682) Pause Young (Mixed) (G1 Evacuation Pause) 7193M->1854M(8192M) 156.277ms
[5110.476s][info][gc,cpu         ] GC(682) User=1.23s Sys=0.00s Real=0.16s
.|...[5114.760s][info][gc,start       ] GC(683) Pause Young (Mixed) (G1 Evacuation Pause)
[5114.760s][info][gc,task        ] GC(683) Using 8 workers of 8 for evacuation
[5114.922s][info][gc,phases      ] GC(683)   Pre Evacuate Collection Set: 0.27ms
[5114.922s][info][gc,phases      ] GC(683)   Merge Heap Roots: 0.93ms
[5114.922s][info][gc,phases      ] GC(683)   Evacuate Collection Set: 160.45ms
[5114.923s][info][gc,phases      ] GC(683)   Post Evacuate Collection Set: 1.14ms
[5114.923s][info][gc,phases      ] GC(683)   Other: 0.08ms
[5114.923s][info][gc,heap        ] GC(683) Eden regions: 573->0(571)
[5114.923s][info][gc,heap        ] GC(683) Survivor regions: 41->43(77)
[5114.923s][info][gc,heap        ] GC(683) Old regions: 160->141
[5114.923s][info][gc,heap        ] GC(683) Humongous regions: 33->33
[5114.923s][info][gc,metaspace   ] GC(683) Metaspace: 29995K(30528K)->29995K(30528K) NonClass: 26598K(26880K)->26598K(26880K) Class: 3397K(3648K)->3397K(3648K)
[5114.923s][info][gc             ] GC(683) Pause Young (Mixed) (G1 Evacuation Pause) 6438M->1719M(8192M) 163.006ms
[5114.923s][info][gc,cpu         ] GC(683) User=1.30s Sys=0.00s Real=0.17s
....[5119.016s][info][gc,start       ] GC(684) Pause Young (Normal) (G1 Evacuation Pause)
[5119.016s][info][gc,task        ] GC(684) Using 8 workers of 8 for evacuation
[5119.171s][info][gc,phases      ] GC(684)   Pre Evacuate Collection Set: 0.27ms
[5119.171s][info][gc,phases      ] GC(684)   Merge Heap Roots: 0.61ms
[5119.171s][info][gc,phases      ] GC(684)   Evacuate Collection Set: 152.51ms
[5119.171s][info][gc,phases      ] GC(684)   Post Evacuate Collection Set: 1.08ms
[5119.171s][info][gc,phases      ] GC(684)   Other: 0.07ms
[5119.171s][info][gc,heap        ] GC(684) Eden regions: 571->0(571)
[5119.171s][info][gc,heap        ] GC(684) Survivor regions: 43->43(77)
[5119.171s][info][gc,heap        ] GC(684) Old regions: 141->149
[5119.171s][info][gc,heap        ] GC(684) Humongous regions: 33->33
[5119.171s][info][gc,metaspace   ] GC(684) Metaspace: 29995K(30528K)->29995K(30528K) NonClass: 26598K(26880K)->26598K(26880K) Class: 3397K(3648K)->3397K(3648K)
[5119.171s][info][gc             ] GC(684) Pause Young (Normal) (G1 Evacuation Pause) 6287M->1779M(8192M) 154.701ms
[5119.171s][info][gc,cpu         ] GC(684) User=1.23s Sys=0.00s Real=0.16s
.....[5123.392s][info][gc,start       ] GC(685) Pause Young (Normal) (G1 Evacuation Pause)
[5123.392s][info][gc,task        ] GC(685) Using 8 workers of 8 for evacuation
[5123.549s][info][gc,phases      ] GC(685)   Pre Evacuate Collection Set: 0.26ms
[5123.549s][info][gc,phases      ] GC(685)   Merge Heap Roots: 0.61ms
[5123.549s][info][gc,phases      ] GC(685)   Evacuate Collection Set: 155.83ms
[5123.549s][info][gc,phases      ] GC(685)   Post Evacuate Collection Set: 1.08ms
[5123.549s][info][gc,phases      ] GC(685)   Other: 0.07ms
[5123.549s][info][gc,heap        ] GC(685) Eden regions: 571->0(571)
[5123.549s][info][gc,heap        ] GC(685) Survivor regions: 43->43(77)
[5123.549s][info][gc,heap        ] GC(685) Old regions: 149->156
[5123.549s][info][gc,heap        ] GC(685) Humongous regions: 33->33
[5123.549s][info][gc,metaspace   ] GC(685) Metaspace: 29995K(30528K)->29995K(30528K) NonClass: 26598K(26880K)->26598K(26880K) Class: 3397K(3648K)->3397K(3648K)
[5123.550s][info][gc             ] GC(685) Pause Young (Normal) (G1 Evacuation Pause) 6347M->1841M(8192M) 157.987ms
[5123.550s][info][gc,cpu         ] GC(685) User=1.25s Sys=0.00s Real=0.15s
....[5127.728s][info][gc,start       ] GC(686) Pause Young (Normal) (G1 Evacuation Pause)
[5127.728s][info][gc,task        ] GC(686) Using 8 workers of 8 for evacuation
[5127.879s][info][gc,phases      ] GC(686)   Pre Evacuate Collection Set: 0.23ms
[5127.879s][info][gc,phases      ] GC(686)   Merge Heap Roots: 0.60ms
[5127.879s][info][gc,phases      ] GC(686)   Evacuate Collection Set: 149.42ms
[5127.879s][info][gc,phases      ] GC(686)   Post Evacuate Collection Set: 1.07ms
[5127.879s][info][gc,phases      ] GC(686)   Other: 0.06ms
[5127.879s][info][gc,heap        ] GC(686) Eden regions: 571->0(571)
[5127.879s][info][gc,heap        ] GC(686) Survivor regions: 43->43(77)
[5127.879s][info][gc,heap        ] GC(686) Old regions: 156->163
[5127.879s][info][gc,heap        ] GC(686) Humongous regions: 33->33
[5127.879s][info][gc,metaspace   ] GC(686) Metaspace: 29995K(30528K)->29995K(30528K) NonClass: 26598K(26880K)->26598K(26880K) Class: 3397K(3648K)->3397K(3648K)
[5127.879s][info][gc             ] GC(686) Pause Young (Normal) (G1 Evacuation Pause) 6409M->1895M(8192M) 151.503ms
[5127.879s][info][gc,cpu         ] GC(686) User=1.19s Sys=0.01s Real=0.15s
....[5132.069s][info][gc,start       ] GC(687) Pause Young (Normal) (G1 Evacuation Pause)
[5132.069s][info][gc,task        ] GC(687) Using 8 workers of 8 for evacuation
[5132.222s][info][gc,phases      ] GC(687)   Pre Evacuate Collection Set: 0.26ms
[5132.222s][info][gc,phases      ] GC(687)   Merge Heap Roots: 0.63ms
[5132.222s][info][gc,phases      ] GC(687)   Evacuate Collection Set: 150.76ms
[5132.222s][info][gc,phases      ] GC(687)   Post Evacuate Collection Set: 1.05ms
[5132.222s][info][gc,phases      ] GC(687)   Other: 0.06ms
[5132.222s][info][gc,heap        ] GC(687) Eden regions: 571->0(571)
[5132.222s][info][gc,heap        ] GC(687) Survivor regions: 43->43(77)
[5132.222s][info][gc,heap        ] GC(687) Old regions: 163->170
[5132.222s][info][gc,heap        ] GC(687) Humongous regions: 33->33
[5132.222s][info][gc,metaspace   ] GC(687) Metaspace: 29995K(30528K)->29995K(30528K) NonClass: 26598K(26880K)->26598K(26880K) Class: 3397K(3648K)->3397K(3648K)
[5132.222s][info][gc             ] GC(687) Pause Young (Normal) (G1 Evacuation Pause) 6463M->1949M(8192M) 152.906ms
[5132.222s][info][gc,cpu         ] GC(687) User=1.21s Sys=0.00s Real=0.16s
.....[5136.446s][info][gc,start       ] GC(688) Pause Young (Normal) (G1 Evacuation Pause)
[5136.446s][info][gc,task        ] GC(688) Using 8 workers of 8 for evacuation
[5136.599s][info][gc,phases      ] GC(688)   Pre Evacuate Collection Set: 0.25ms
[5136.599s][info][gc,phases      ] GC(688)   Merge Heap Roots: 0.63ms
[5136.599s][info][gc,phases      ] GC(688)   Evacuate Collection Set: 151.03ms
[5136.599s][info][gc,phases      ] GC(688)   Post Evacuate Collection Set: 1.06ms
[5136.599s][info][gc,phases      ] GC(688)   Other: 0.07ms
[5136.599s][info][gc,heap        ] GC(688) Eden regions: 571->0(571)
[5136.599s][info][gc,heap        ] GC(688) Survivor regions: 43->43(77)
[5136.599s][info][gc,heap        ] GC(688) Old regions: 170->177
[5136.599s][info][gc,heap        ] GC(688) Humongous regions: 33->33
[5136.599s][info][gc,metaspace   ] GC(688) Metaspace: 29995K(30528K)->29995K(30528K) NonClass: 26598K(26880K)->26598K(26880K) Class: 3397K(3648K)->3397K(3648K)
[5136.599s][info][gc             ] GC(688) Pause Young (Normal) (G1 Evacuation Pause) 6517M->2009M(8192M) 153.188ms
[5136.599s][info][gc,cpu         ] GC(688) User=1.21s Sys=0.00s Real=0.15s
....[5140.755s][info][gc,start       ] GC(689) Pause Young (Normal) (G1 Evacuation Pause)
[5140.755s][info][gc,task        ] GC(689) Using 8 workers of 8 for evacuation
[5140.907s][info][gc,phases      ] GC(689)   Pre Evacuate Collection Set: 0.26ms
[5140.907s][info][gc,phases      ] GC(689)   Merge Heap Roots: 0.62ms
[5140.907s][info][gc,phases      ] GC(689)   Evacuate Collection Set: 149.71ms
[5140.907s][info][gc,phases      ] GC(689)   Post Evacuate Collection Set: 1.07ms
[5140.907s][info][gc,phases      ] GC(689)   Other: 0.06ms
[5140.907s][info][gc,heap        ] GC(689) Eden regions: 571->0(571)
[5140.907s][info][gc,heap        ] GC(689) Survivor regions: 43->43(77)
[5140.907s][info][gc,heap        ] GC(689) Old regions: 177->184
[5140.907s][info][gc,heap        ] GC(689) Humongous regions: 33->33
[5140.907s][info][gc,metaspace   ] GC(689) Metaspace: 29995K(30528K)->29995K(30528K) NonClass: 26598K(26880K)->26598K(26880K) Class: 3397K(3648K)->3397K(3648K)
[5140.907s][info][gc             ] GC(689) Pause Young (Normal) (G1 Evacuation Pause) 6577M->2063M(8192M) 151.864ms
[5140.907s][info][gc,cpu         ] GC(689) User=1.20s Sys=0.00s Real=0.15s
....[5145.174s][info][gc,start       ] GC(690) Pause Young (Normal) (G1 Evacuation Pause)
[5145.174s][info][gc,task        ] GC(690) Using 8 workers of 8 for evacuation
[5145.327s][info][gc,phases      ] GC(690)   Pre Evacuate Collection Set: 0.27ms
[5145.327s][info][gc,phases      ] GC(690)   Merge Heap Roots: 0.59ms
[5145.327s][info][gc,phases      ] GC(690)   Evacuate Collection Set: 151.13ms
[5145.327s][info][gc,phases      ] GC(690)   Post Evacuate Collection Set: 1.08ms
[5145.327s][info][gc,phases      ] GC(690)   Other: 0.06ms
[5145.327s][info][gc,heap        ] GC(690) Eden regions: 571->0(571)
[5145.327s][info][gc,heap        ] GC(690) Survivor regions: 43->43(77)
[5145.327s][info][gc,heap        ] GC(690) Old regions: 184->191
[5145.327s][info][gc,heap        ] GC(690) Humongous regions: 33->33
[5145.327s][info][gc,metaspace   ] GC(690) Metaspace: 29995K(30528K)->29995K(30528K) NonClass: 26598K(26880K)->26598K(26880K) Class: 3397K(3648K)->3397K(3648K)
[5145.327s][info][gc             ] GC(690) Pause Young (Normal) (G1 Evacuation Pause) 6631M->2122M(8192M) 153.275ms
[5145.327s][info][gc,cpu         ] GC(690) User=1.21s Sys=0.00s Real=0.15s
.....[5149.688s][info][gc,start       ] GC(691) Pause Young (Normal) (G1 Evacuation Pause)
[5149.688s][info][gc,task        ] GC(691) Using 8 workers of 8 for evacuation
[5149.840s][info][gc,phases      ] GC(691)   Pre Evacuate Collection Set: 0.26ms
[5149.840s][info][gc,phases      ] GC(691)   Merge Heap Roots: 0.63ms
[5149.840s][info][gc,phases      ] GC(691)   Evacuate Collection Set: 149.82ms
[5149.840s][info][gc,phases      ] GC(691)   Post Evacuate Collection Set: 1.07ms
[5149.840s][info][gc,phases      ] GC(691)   Other: 0.07ms
[5149.840s][info][gc,heap        ] GC(691) Eden regions: 571->0(571)
[5149.840s][info][gc,heap        ] GC(691) Survivor regions: 43->43(77)
[5149.840s][info][gc,heap        ] GC(691) Old regions: 191->198
[5149.840s][info][gc,heap        ] GC(691) Humongous regions: 33->33
[5149.840s][info][gc,metaspace   ] GC(691) Metaspace: 29995K(30528K)->29995K(30528K) NonClass: 26598K(26880K)->26598K(26880K) Class: 3397K(3648K)->3397K(3648K)
[5149.840s][info][gc             ] GC(691) Pause Young (Normal) (G1 Evacuation Pause) 6690M->2173M(8192M) 151.971ms
[5149.840s][info][gc,cpu         ] GC(691) User=1.21s Sys=0.00s Real=0.15s
....[5154.018s][info][gc,start       ] GC(692) Pause Young (Normal) (G1 Evacuation Pause)
[5154.018s][info][gc,task        ] GC(692) Using 8 workers of 8 for evacuation
[5154.172s][info][gc,phases      ] GC(692)   Pre Evacuate Collection Set: 0.24ms
[5154.172s][info][gc,phases      ] GC(692)   Merge Heap Roots: 0.62ms
[5154.172s][info][gc,phases      ] GC(692)   Evacuate Collection Set: 152.18ms
[5154.172s][info][gc,phases      ] GC(692)   Post Evacuate Collection Set: 1.07ms
[5154.172s][info][gc,phases      ] GC(692)   Other: 0.07ms
[5154.172s][info][gc,heap        ] GC(692) Eden regions: 571->0(571)
[5154.172s][info][gc,heap        ] GC(692) Survivor regions: 43->43(77)
[5154.172s][info][gc,heap        ] GC(692) Old regions: 198->205
[5154.172s][info][gc,heap        ] GC(692) Humongous regions: 33->33
[5154.172s][info][gc,metaspace   ] GC(692) Metaspace: 29995K(30528K)->29995K(30528K) NonClass: 26598K(26880K)->26598K(26880K) Class: 3397K(3648K)->3397K(3648K)
[5154.172s][info][gc             ] GC(692) Pause Young (Normal) (G1 Evacuation Pause) 6741M->2230M(8192M) 154.325ms
[5154.173s][info][gc,cpu         ] GC(692) User=1.22s Sys=0.00s Real=0.16s
.....[5158.407s][info][gc,start       ] GC(693) Pause Young (Normal) (G1 Evacuation Pause)
[5158.407s][info][gc,task        ] GC(693) Using 8 workers of 8 for evacuation
[5158.559s][info][gc,phases      ] GC(693)   Pre Evacuate Collection Set: 0.26ms
[5158.559s][info][gc,phases      ] GC(693)   Merge Heap Roots: 0.63ms
[5158.559s][info][gc,phases      ] GC(693)   Evacuate Collection Set: 149.93ms
[5158.559s][info][gc,phases      ] GC(693)   Post Evacuate Collection Set: 1.05ms
[5158.559s][info][gc,phases      ] GC(693)   Other: 0.07ms
[5158.559s][info][gc,heap        ] GC(693) Eden regions: 571->0(571)
[5158.559s][info][gc,heap        ] GC(693) Survivor regions: 43->43(77)
[5158.559s][info][gc,heap        ] GC(693) Old regions: 205->212
[5158.559s][info][gc,heap        ] GC(693) Humongous regions: 33->33
[5158.559s][info][gc,metaspace   ] GC(693) Metaspace: 29995K(30528K)->29995K(30528K) NonClass: 26598K(26880K)->26598K(26880K) Class: 3397K(3648K)->3397K(3648K)
[5158.559s][info][gc             ] GC(693) Pause Young (Normal) (G1 Evacuation Pause) 6798M->2286M(8192M) 152.064ms
[5158.559s][info][gc,cpu         ] GC(693) User=1.20s Sys=0.00s Real=0.15s
....[5162.764s][info][gc,start       ] GC(694) Pause Young (Normal) (G1 Evacuation Pause)
[5162.764s][info][gc,task        ] GC(694) Using 8 workers of 8 for evacuation
[5162.919s][info][gc,phases      ] GC(694)   Pre Evacuate Collection Set: 0.25ms
[5162.919s][info][gc,phases      ] GC(694)   Merge Heap Roots: 0.63ms
[5162.919s][info][gc,phases      ] GC(694)   Evacuate Collection Set: 152.91ms
[5162.919s][info][gc,phases      ] GC(694)   Post Evacuate Collection Set: 1.09ms
[5162.919s][info][gc,phases      ] GC(694)   Other: 0.07ms
[5162.919s][info][gc,heap        ] GC(694) Eden regions: 571->0(571)
[5162.919s][info][gc,heap        ] GC(694) Survivor regions: 43->43(77)
[5162.919s][info][gc,heap        ] GC(694) Old regions: 212->219
[5162.919s][info][gc,heap        ] GC(694) Humongous regions: 33->33
[5162.919s][info][gc,metaspace   ] GC(694) Metaspace: 29995K(30528K)->29995K(30528K) NonClass: 26598K(26880K)->26598K(26880K) Class: 3397K(3648K)->3397K(3648K)
[5162.919s][info][gc             ] GC(694) Pause Young (Normal) (G1 Evacuation Pause) 6854M->2347M(8192M) 155.078ms
[5162.919s][info][gc,cpu         ] GC(694) User=1.23s Sys=0.01s Real=0.15s
....[5167.058s][info][gc,start       ] GC(695) Pause Young (Normal) (G1 Evacuation Pause)
[5167.058s][info][gc,task        ] GC(695) Using 8 workers of 8 for evacuation
[5167.213s][info][gc,phases      ] GC(695)   Pre Evacuate Collection Set: 0.25ms
[5167.213s][info][gc,phases      ] GC(695)   Merge Heap Roots: 0.61ms
[5167.213s][info][gc,phases      ] GC(695)   Evacuate Collection Set: 153.34ms
[5167.213s][info][gc,phases      ] GC(695)   Post Evacuate Collection Set: 1.09ms
[5167.213s][info][gc,phases      ] GC(695)   Other: 0.06ms
[5167.213s][info][gc,heap        ] GC(695) Eden regions: 571->0(571)
[5167.213s][info][gc,heap        ] GC(695) Survivor regions: 43->43(77)
[5167.213s][info][gc,heap        ] GC(695) Old regions: 219->226
[5167.213s][info][gc,heap        ] GC(695) Humongous regions: 33->33
[5167.213s][info][gc,metaspace   ] GC(695) Metaspace: 29995K(30528K)->29995K(30528K) NonClass: 26598K(26880K)->26598K(26880K) Class: 3397K(3648K)->3397K(3648K)
[5167.213s][info][gc             ] GC(695) Pause Young (Normal) (G1 Evacuation Pause) 6915M->2403M(8192M) 155.501ms
[5167.213s][info][gc,cpu         ] GC(695) User=1.23s Sys=0.00s Real=0.16s
.....[5171.432s][info][gc,start       ] GC(696) Pause Young (Normal) (G1 Evacuation Pause)
[5171.432s][info][gc,task        ] GC(696) Using 8 workers of 8 for evacuation
[5171.584s][info][gc,phases      ] GC(696)   Pre Evacuate Collection Set: 0.25ms
[5171.584s][info][gc,phases      ] GC(696)   Merge Heap Roots: 0.62ms
[5171.584s][info][gc,phases      ] GC(696)   Evacuate Collection Set: 150.47ms
[5171.584s][info][gc,phases      ] GC(696)   Post Evacuate Collection Set: 1.08ms
[5171.584s][info][gc,phases      ] GC(696)   Other: 0.06ms
[5171.584s][info][gc,heap        ] GC(696) Eden regions: 571->0(571)
[5171.584s][info][gc,heap        ] GC(696) Survivor regions: 43->43(77)
[5171.584s][info][gc,heap        ] GC(696) Old regions: 226->233
[5171.584s][info][gc,heap        ] GC(696) Humongous regions: 33->33
[5171.584s][info][gc,metaspace   ] GC(696) Metaspace: 29995K(30528K)->29995K(30528K) NonClass: 26598K(26880K)->26598K(26880K) Class: 3397K(3648K)->3397K(3648K)
[5171.584s][info][gc             ] GC(696) Pause Young (Normal) (G1 Evacuation Pause) 6971M->2459M(8192M) 152.602ms
[5171.584s][info][gc,cpu         ] GC(696) User=1.20s Sys=0.00s Real=0.15s
 (rIR:aIR:PR = 8856:8847:8848) (tPR = 131314) [OK] 
  5171s: Performance info:
         Transaction,    Success,    Partial,     Failed,   Receipts, AvgBarcode, 
             Overall,     532160,          0,          0,     505416,      59.47, 
         Response times:
             Request,    Success,    Partial,     Failed,   SkipFail,     Probes,    Samples,      min,      p50,      p90,      p95,      p99,      max, 
       TotalPurchase,     505415,          0,          0,          0,     357986,     434148,      300,     6300,    20000,    55000,   114000,   528000,
     InStorePurchase,     266458,          0,          0,          0,     188106,     227876,      300,     6200,    20000,    55000,   114000,   528000,
      OnlinePurchase,     185522,          0,          0,          0,     132375,     160382,      300,     6300,    20000,    55000,   115000,   528000,
        InstPurchase,      53435,          0,          0,          0,      37505,      45890,      500,     6600,    19700,    55000,   115000,   527000,
          AssocOfCat,        530,          0,          0,          0,        441,        635,    25000,    50000,    78000,   115400,   175200,   232000,
      AssocOfProduct,       5334,          0,          0,          0,       3852,       4823,      800,     6100,    18900,    51000,   104000,   527000,
      BusinessReport,       1328,          0,          0,          0,       1196,       1588,    25000,    56000,    93000,   129000,   215000,   236000,
          CustBuyBeh,       5345,          0,          0,          0,       3833,       4864,      300,     5400,    21000,    64000,   109700,   413000,
       ProductReturn,      14105,          0,          0,          0,       9935,      12454,      200,     6000,    19150,    56000,   115000,   523000,

  5171s: (65%)   IR =   8994 ....[5175.811s][info][gc,start       ] GC(697) Pause Young (Normal) (G1 Evacuation Pause)
[5175.811s][info][gc,task        ] GC(697) Using 8 workers of 8 for evacuation
[5175.967s][info][gc,phases      ] GC(697)   Pre Evacuate Collection Set: 0.25ms
[5175.967s][info][gc,phases      ] GC(697)   Merge Heap Roots: 0.64ms
[5175.967s][info][gc,phases      ] GC(697)   Evacuate Collection Set: 153.67ms
[5175.967s][info][gc,phases      ] GC(697)   Post Evacuate Collection Set: 1.08ms
[5175.967s][info][gc,phases      ] GC(697)   Other: 0.07ms
[5175.967s][info][gc,heap        ] GC(697) Eden regions: 571->0(571)
[5175.967s][info][gc,heap        ] GC(697) Survivor regions: 43->43(77)
[5175.967s][info][gc,heap        ] GC(697) Old regions: 233->241
[5175.967s][info][gc,heap        ] GC(697) Humongous regions: 33->33
[5175.967s][info][gc,metaspace   ] GC(697) Metaspace: 29995K(30528K)->29995K(30528K) NonClass: 26598K(26880K)->26598K(26880K) Class: 3397K(3648K)->3397K(3648K)
[5175.967s][info][gc             ] GC(697) Pause Young (Normal) (G1 Evacuation Pause) 7027M->2517M(8192M) 155.843ms
[5175.967s][info][gc,cpu         ] GC(697) User=1.23s Sys=0.00s Real=0.15s
..|..[5180.151s][info][gc,start       ] GC(698) Pause Young (Normal) (G1 Evacuation Pause)
[5180.151s][info][gc,task        ] GC(698) Using 8 workers of 8 for evacuation
[5180.304s][info][gc,phases      ] GC(698)   Pre Evacuate Collection Set: 0.25ms
[5180.304s][info][gc,phases      ] GC(698)   Merge Heap Roots: 0.63ms
[5180.304s][info][gc,phases      ] GC(698)   Evacuate Collection Set: 151.68ms
[5180.304s][info][gc,phases      ] GC(698)   Post Evacuate Collection Set: 1.14ms
[5180.304s][info][gc,phases      ] GC(698)   Other: 0.06ms
[5180.304s][info][gc,heap        ] GC(698) Eden regions: 571->0(571)
[5180.304s][info][gc,heap        ] GC(698) Survivor regions: 43->43(77)
[5180.304s][info][gc,heap        ] GC(698) Old regions: 241->247
[5180.304s][info][gc,heap        ] GC(698) Humongous regions: 33->33
[5180.304s][info][gc,metaspace   ] GC(698) Metaspace: 29995K(30528K)->29995K(30528K) NonClass: 26598K(26880K)->26598K(26880K) Class: 3397K(3648K)->3397K(3648K)
[5180.304s][info][gc             ] GC(698) Pause Young (Normal) (G1 Evacuation Pause) 7085M->2571M(8192M) 153.897ms
[5180.304s][info][gc,cpu         ] GC(698) User=1.22s Sys=0.00s Real=0.16s
....[5184.545s][info][gc,start       ] GC(699) Pause Young (Normal) (G1 Evacuation Pause)
[5184.545s][info][gc,task        ] GC(699) Using 8 workers of 8 for evacuation
[5184.702s][info][gc,phases      ] GC(699)   Pre Evacuate Collection Set: 0.27ms
[5184.702s][info][gc,phases      ] GC(699)   Merge Heap Roots: 0.65ms
[5184.702s][info][gc,phases      ] GC(699)   Evacuate Collection Set: 155.19ms
[5184.702s][info][gc,phases      ] GC(699)   Post Evacuate Collection Set: 1.09ms
[5184.702s][info][gc,phases      ] GC(699)   Other: 0.07ms
[5184.702s][info][gc,heap        ] GC(699) Eden regions: 571->0(571)
[5184.702s][info][gc,heap        ] GC(699) Survivor regions: 43->43(77)
[5184.702s][info][gc,heap        ] GC(699) Old regions: 247->254
[5184.702s][info][gc,heap        ] GC(699) Humongous regions: 33->33
[5184.702s][info][gc,metaspace   ] GC(699) Metaspace: 29995K(30528K)->29995K(30528K) NonClass: 26598K(26880K)->26598K(26880K) Class: 3397K(3648K)->3397K(3648K)
[5184.702s][info][gc             ] GC(699) Pause Young (Normal) (G1 Evacuation Pause) 7139M->2627M(8192M) 157.412ms
[5184.702s][info][gc,cpu         ] GC(699) User=1.25s Sys=0.00s Real=0.16s
.....[5188.780s][info][gc,start       ] GC(700) Pause Young (Normal) (G1 Evacuation Pause)
[5188.780s][info][gc,task        ] GC(700) Using 8 workers of 8 for evacuation
[5188.941s][info][gc,phases      ] GC(700)   Pre Evacuate Collection Set: 0.25ms
[5188.941s][info][gc,phases      ] GC(700)   Merge Heap Roots: 0.60ms
[5188.941s][info][gc,phases      ] GC(700)   Evacuate Collection Set: 159.73ms
[5188.941s][info][gc,phases      ] GC(700)   Post Evacuate Collection Set: 1.07ms
[5188.941s][info][gc,phases      ] GC(700)   Other: 0.06ms
[5188.941s][info][gc,heap        ] GC(700) Eden regions: 571->0(569)
[5188.941s][info][gc,heap        ] GC(700) Survivor regions: 43->45(77)
[5188.941s][info][gc,heap        ] GC(700) Old regions: 254->262
[5188.941s][info][gc,heap        ] GC(700) Humongous regions: 33->33
[5188.941s][info][gc,metaspace   ] GC(700) Metaspace: 29995K(30528K)->29995K(30528K) NonClass: 26598K(26880K)->26598K(26880K) Class: 3397K(3648K)->3397K(3648K)
[5188.941s][info][gc             ] GC(700) Pause Young (Normal) (G1 Evacuation Pause) 7195M->2701M(8192M) 161.848ms
[5188.942s][info][gc,cpu         ] GC(700) User=1.29s Sys=0.00s Real=0.17s
....[5193.044s][info][gc,start       ] GC(701) Pause Young (Normal) (G1 Evacuation Pause)
[5193.044s][info][gc,task        ] GC(701) Using 8 workers of 8 for evacuation
[5193.200s][info][gc,phases      ] GC(701)   Pre Evacuate Collection Set: 0.26ms
[5193.200s][info][gc,phases      ] GC(701)   Merge Heap Roots: 0.64ms
[5193.200s][info][gc,phases      ] GC(701)   Evacuate Collection Set: 153.77ms
[5193.200s][info][gc,phases      ] GC(701)   Post Evacuate Collection Set: 1.09ms
[5193.200s][info][gc,phases      ] GC(701)   Other: 0.06ms
[5193.200s][info][gc,heap        ] GC(701) Eden regions: 569->0(570)
[5193.200s][info][gc,heap        ] GC(701) Survivor regions: 45->44(77)
[5193.200s][info][gc,heap        ] GC(701) Old regions: 262->269
[5193.200s][info][gc,heap        ] GC(701) Humongous regions: 33->33
[5193.200s][info][gc,metaspace   ] GC(701) Metaspace: 29996K(30528K)->29996K(30528K) NonClass: 26598K(26880K)->26598K(26880K) Class: 3397K(3648K)->3397K(3648K)
[5193.200s][info][gc             ] GC(701) Pause Young (Normal) (G1 Evacuation Pause) 7253M->2745M(8192M) 155.962ms
[5193.200s][info][gc,cpu         ] GC(701) User=1.24s Sys=0.00s Real=0.15s
....[5197.336s][info][gc,start       ] GC(702) Pause Young (Normal) (G1 Evacuation Pause)
[5197.336s][info][gc,task        ] GC(702) Using 8 workers of 8 for evacuation
[5197.490s][info][gc,phases      ] GC(702)   Pre Evacuate Collection Set: 0.25ms
[5197.490s][info][gc,phases      ] GC(702)   Merge Heap Roots: 0.65ms
[5197.490s][info][gc,phases      ] GC(702)   Evacuate Collection Set: 151.41ms
[5197.490s][info][gc,phases      ] GC(702)   Post Evacuate Collection Set: 1.06ms
[5197.490s][info][gc,phases      ] GC(702)   Other: 0.07ms
[5197.490s][info][gc,heap        ] GC(702) Eden regions: 570->0(571)
[5197.490s][info][gc,heap        ] GC(702) Survivor regions: 44->43(77)
[5197.490s][info][gc,heap        ] GC(702) Old regions: 269->276
[5197.490s][info][gc,heap        ] GC(702) Humongous regions: 33->33
[5197.490s][info][gc,metaspace   ] GC(702) Metaspace: 29996K(30528K)->29996K(30528K) NonClass: 26598K(26880K)->26598K(26880K) Class: 3397K(3648K)->3397K(3648K)
[5197.490s][info][gc             ] GC(702) Pause Young (Normal) (G1 Evacuation Pause) 7305M->2793M(8192M) 153.581ms
[5197.490s][info][gc,cpu         ] GC(702) User=1.21s Sys=0.01s Real=0.15s
....[5201.508s][info][gc,start       ] GC(703) Pause Young (Normal) (G1 Evacuation Pause)
[5201.508s][info][gc,task        ] GC(703) Using 8 workers of 8 for evacuation
[5201.660s][info][gc,phases      ] GC(703)   Pre Evacuate Collection Set: 0.27ms
[5201.660s][info][gc,phases      ] GC(703)   Merge Heap Roots: 0.62ms
[5201.660s][info][gc,phases      ] GC(703)   Evacuate Collection Set: 149.62ms
[5201.660s][info][gc,phases      ] GC(703)   Post Evacuate Collection Set: 1.09ms
[5201.660s][info][gc,phases      ] GC(703)   Other: 0.06ms
[5201.660s][info][gc,heap        ] GC(703) Eden regions: 571->0(570)
[5201.660s][info][gc,heap        ] GC(703) Survivor regions: 43->43(77)
[5201.660s][info][gc,heap        ] GC(703) Old regions: 276->283
[5201.660s][info][gc,heap        ] GC(703) Humongous regions: 33->33
[5201.660s][info][gc,metaspace   ] GC(703) Metaspace: 29996K(30528K)->29996K(30528K) NonClass: 26598K(26880K)->26598K(26880K) Class: 3397K(3648K)->3397K(3648K)
[5201.660s][info][gc             ] GC(703) Pause Young (Normal) (G1 Evacuation Pause) 7361M->2853M(8192M) 151.780ms
[5201.660s][info][gc,cpu         ] GC(703) User=1.20s Sys=0.00s Real=0.15s
.....[5205.864s][info][gc,start       ] GC(704) Pause Young (Normal) (G1 Evacuation Pause)
[5205.864s][info][gc,task        ] GC(704) Using 8 workers of 8 for evacuation
[5206.020s][info][gc,phases      ] GC(704)   Pre Evacuate Collection Set: 0.25ms
[5206.020s][info][gc,phases      ] GC(704)   Merge Heap Roots: 0.70ms
[5206.020s][info][gc,phases      ] GC(704)   Evacuate Collection Set: 153.09ms
[5206.020s][info][gc,phases      ] GC(704)   Post Evacuate Collection Set: 1.06ms
[5206.020s][info][gc,phases      ] GC(704)   Other: 0.07ms
[5206.020s][info][gc,heap        ] GC(704) Eden regions: 570->0(563)
[5206.020s][info][gc,heap        ] GC(704) Survivor regions: 43->43(77)
[5206.020s][info][gc,heap        ] GC(704) Old regions: 283->290
[5206.020s][info][gc,heap        ] GC(704) Humongous regions: 33->33
[5206.020s][info][gc,metaspace   ] GC(704) Metaspace: 29996K(30528K)->29996K(30528K) NonClass: 26598K(26880K)->26598K(26880K) Class: 3397K(3648K)->3397K(3648K)
[5206.020s][info][gc             ] GC(704) Pause Young (Normal) (G1 Evacuation Pause) 7413M->2909M(8192M) 155.325ms
[5206.020s][info][gc,cpu         ] GC(704) User=1.23s Sys=0.00s Real=0.15s
....[5210.119s][info][gc,start       ] GC(705) Pause Young (Normal) (G1 Evacuation Pause)
[5210.119s][info][gc,task        ] GC(705) Using 8 workers of 8 for evacuation
[5210.274s][info][gc,phases      ] GC(705)   Pre Evacuate Collection Set: 0.24ms
[5210.274s][info][gc,phases      ] GC(705)   Merge Heap Roots: 0.61ms
[5210.274s][info][gc,phases      ] GC(705)   Evacuate Collection Set: 153.31ms
[5210.274s][info][gc,phases      ] GC(705)   Post Evacuate Collection Set: 1.10ms
[5210.274s][info][gc,phases      ] GC(705)   Other: 0.06ms
[5210.274s][info][gc,heap        ] GC(705) Eden regions: 563->0(556)
[5210.274s][info][gc,heap        ] GC(705) Survivor regions: 43->43(76)
[5210.274s][info][gc,heap        ] GC(705) Old regions: 290->297
[5210.274s][info][gc,heap        ] GC(705) Humongous regions: 33->33
[5210.274s][info][gc,metaspace   ] GC(705) Metaspace: 29996K(30528K)->29996K(30528K) NonClass: 26598K(26880K)->26598K(26880K) Class: 3397K(3648K)->3397K(3648K)
[5210.275s][info][gc             ] GC(705) Pause Young (Normal) (G1 Evacuation Pause) 7413M->2970M(8192M) 155.451ms
[5210.275s][info][gc,cpu         ] GC(705) User=1.24s Sys=0.00s Real=0.16s
....[5214.419s][info][gc,start       ] GC(706) Pause Young (Normal) (G1 Evacuation Pause)
[5214.419s][info][gc,task        ] GC(706) Using 8 workers of 8 for evacuation
[5214.569s][info][gc,phases      ] GC(706)   Pre Evacuate Collection Set: 0.26ms
[5214.569s][info][gc,phases      ] GC(706)   Merge Heap Roots: 0.62ms
[5214.569s][info][gc,phases      ] GC(706)   Evacuate Collection Set: 148.57ms
[5214.569s][info][gc,phases      ] GC(706)   Post Evacuate Collection Set: 1.05ms
[5214.569s][info][gc,phases      ] GC(706)   Other: 0.06ms
[5214.569s][info][gc,heap        ] GC(706) Eden regions: 556->0(551)
[5214.569s][info][gc,heap        ] GC(706) Survivor regions: 43->42(75)
[5214.569s][info][gc,heap        ] GC(706) Old regions: 297->304
[5214.569s][info][gc,heap        ] GC(706) Humongous regions: 33->33
[5214.569s][info][gc,metaspace   ] GC(706) Metaspace: 29996K(30528K)->29996K(30528K) NonClass: 26598K(26880K)->26598K(26880K) Class: 3397K(3648K)->3397K(3648K)
[5214.569s][info][gc             ] GC(706) Pause Young (Normal) (G1 Evacuation Pause) 7418M->3019M(8192M) 150.690ms
[5214.569s][info][gc,cpu         ] GC(706) User=1.20s Sys=0.00s Real=0.15s
....[5218.456s][info][gc,start       ] GC(707) Pause Young (Normal) (G1 Evacuation Pause)
[5218.456s][info][gc,task        ] GC(707) Using 8 workers of 8 for evacuation
[5218.611s][info][gc,phases      ] GC(707)   Pre Evacuate Collection Set: 0.26ms
[5218.611s][info][gc,phases      ] GC(707)   Merge Heap Roots: 0.66ms
[5218.611s][info][gc,phases      ] GC(707)   Evacuate Collection Set: 153.67ms
[5218.611s][info][gc,phases      ] GC(707)   Post Evacuate Collection Set: 1.07ms
[5218.611s][info][gc,phases      ] GC(707)   Other: 0.07ms
[5218.611s][info][gc,heap        ] GC(707) Eden regions: 551->0(541)
[5218.611s][info][gc,heap        ] GC(707) Survivor regions: 42->43(75)
[5218.611s][info][gc,heap        ] GC(707) Old regions: 304->312
[5218.611s][info][gc,heap        ] GC(707) Humongous regions: 33->33
[5218.611s][info][gc,metaspace   ] GC(707) Metaspace: 29996K(30528K)->29996K(30528K) NonClass: 26598K(26880K)->26598K(26880K) Class: 3397K(3648K)->3397K(3648K)
[5218.611s][info][gc             ] GC(707) Pause Young (Normal) (G1 Evacuation Pause) 7427M->3086M(8192M) 155.852ms
[5218.611s][info][gc,cpu         ] GC(707) User=1.24s Sys=0.00s Real=0.16s
....[5222.627s][info][gc,start       ] GC(708) Pause Young (Concurrent Start) (G1 Evacuation Pause)
[5222.627s][info][gc,task        ] GC(708) Using 8 workers of 8 for evacuation
[5222.779s][info][gc,phases      ] GC(708)   Pre Evacuate Collection Set: 0.32ms
[5222.779s][info][gc,phases      ] GC(708)   Merge Heap Roots: 0.59ms
[5222.779s][info][gc,phases      ] GC(708)   Evacuate Collection Set: 150.33ms
[5222.779s][info][gc,phases      ] GC(708)   Post Evacuate Collection Set: 1.02ms
[5222.779s][info][gc,phases      ] GC(708)   Other: 0.12ms
[5222.779s][info][gc,heap        ] GC(708) Eden regions: 541->0(532)
[5222.779s][info][gc,heap        ] GC(708) Survivor regions: 43->44(73)
[5222.779s][info][gc,heap        ] GC(708) Old regions: 312->319
[5222.779s][info][gc,heap        ] GC(708) Humongous regions: 33->33
[5222.779s][info][gc,metaspace   ] GC(708) Metaspace: 29996K(30528K)->29996K(30528K) NonClass: 26598K(26880K)->26598K(26880K) Class: 3397K(3648K)->3397K(3648K)
[5222.779s][info][gc             ] GC(708) Pause Young (Concurrent Start) (G1 Evacuation Pause) 7414M->3147M(8192M) 152.517ms
[5222.779s][info][gc             ] GC(709) Concurrent Mark Cycle
[5222.779s][info][gc,marking     ] GC(709) Concurrent Scan Root Regions
[5222.780s][info][gc,cpu         ] GC(708) User=1.21s Sys=0.00s Real=0.15s
.[5223.131s][info][gc,marking     ] GC(709) Concurrent Scan Root Regions 351.990ms
[5223.132s][info][gc,marking     ] GC(709) Concurrent Mark
[5223.132s][info][gc,marking     ] GC(709) Concurrent Mark From Roots
[5223.132s][info][gc,task        ] GC(709) Using 2 workers of 2 for marking
.[5224.429s][info][gc,marking     ] GC(709) Concurrent Mark From Roots 1297.863ms
[5224.429s][info][gc,marking     ] GC(709) Concurrent Preclean
[5224.430s][info][gc,marking     ] GC(709) Concurrent Preclean 0.112ms
[5224.430s][info][gc,start       ] GC(709) Pause Remark
[5224.433s][info][gc             ] GC(709) Pause Remark 5028M->4420M(8192M) 2.910ms
[5224.433s][info][gc,cpu         ] GC(709) User=0.02s Sys=0.00s Real=0.01s
[5224.433s][info][gc,marking     ] GC(709) Concurrent Mark 1301.205ms
[5224.433s][info][gc,marking     ] GC(709) Concurrent Rebuild Remembered Sets and Scrub Regions
.[5225.082s][info][gc,marking     ] GC(709) Concurrent Rebuild Remembered Sets and Scrub Regions 649.558ms
[5225.082s][info][gc,start       ] GC(709) Pause Cleanup
[5225.083s][info][gc             ] GC(709) Pause Cleanup 5191M->5191M(8192M) 0.280ms
[5225.083s][info][gc,cpu         ] GC(709) User=0.00s Sys=0.00s Real=0.00s
[5225.083s][info][gc,marking     ] GC(709) Concurrent Clear Claimed Marks
[5225.083s][info][gc,marking     ] GC(709) Concurrent Clear Claimed Marks 0.046ms
[5225.083s][info][gc,marking     ] GC(709) Concurrent Cleanup for Next Mark
[5225.094s][info][gc,marking     ] GC(709) Concurrent Cleanup for Next Mark 11.416ms
[5225.094s][info][gc             ] GC(709) Concurrent Mark Cycle 2314.894ms
.[5226.606s][info][gc,start       ] GC(710) Pause Young (Prepare Mixed) (G1 Evacuation Pause)
[5226.606s][info][gc,task        ] GC(710) Using 8 workers of 8 for evacuation
[5226.762s][info][gc,phases      ] GC(710)   Pre Evacuate Collection Set: 0.27ms
[5226.762s][info][gc,phases      ] GC(710)   Merge Heap Roots: 0.82ms
[5226.762s][info][gc,phases      ] GC(710)   Evacuate Collection Set: 153.55ms
[5226.762s][info][gc,phases      ] GC(710)   Post Evacuate Collection Set: 1.14ms
[5226.762s][info][gc,phases      ] GC(710)   Other: 0.07ms
[5226.762s][info][gc,heap        ] GC(710) Eden regions: 532->0(571)
[5226.762s][info][gc,heap        ] GC(710) Survivor regions: 44->43(72)
[5226.762s][info][gc,heap        ] GC(710) Old regions: 243->250
[5226.762s][info][gc,heap        ] GC(710) Humongous regions: 33->33
[5226.762s][info][gc,metaspace   ] GC(710) Metaspace: 29996K(30528K)->29996K(30528K) NonClass: 26598K(26880K)->26598K(26880K) Class: 3397K(3648K)->3397K(3648K)
[5226.762s][info][gc             ] GC(710) Pause Young (Prepare Mixed) (G1 Evacuation Pause) 6795M->2591M(8192M) 155.977ms
[5226.762s][info][gc,cpu         ] GC(710) User=1.23s Sys=0.00s Real=0.16s
.....[5231.044s][info][gc,start       ] GC(711) Pause Young (Mixed) (G1 Evacuation Pause)
[5231.044s][info][gc,task        ] GC(711) Using 8 workers of 8 for evacuation
[5231.211s][info][gc,phases      ] GC(711)   Pre Evacuate Collection Set: 0.28ms
[5231.211s][info][gc,phases      ] GC(711)   Merge Heap Roots: 1.01ms
[5231.211s][info][gc,phases      ] GC(711)   Evacuate Collection Set: 164.99ms
[5231.211s][info][gc,phases      ] GC(711)   Post Evacuate Collection Set: 1.34ms
[5231.211s][info][gc,phases      ] GC(711)   Other: 0.08ms
[5231.211s][info][gc,heap        ] GC(711) Eden regions: 571->0(570)
[5231.211s][info][gc,heap        ] GC(711) Survivor regions: 43->44(77)
[5231.211s][info][gc,heap        ] GC(711) Old regions: 250->156
[5231.211s][info][gc,heap        ] GC(711) Humongous regions: 33->33
[5231.211s][info][gc,metaspace   ] GC(711) Metaspace: 29996K(30528K)->29996K(30528K) NonClass: 26598K(26880K)->26598K(26880K) Class: 3397K(3648K)->3397K(3648K)
[5231.211s][info][gc             ] GC(711) Pause Young (Mixed) (G1 Evacuation Pause) 7159M->1842M(8192M) 167.843ms
[5231.212s][info][gc,cpu         ] GC(711) User=1.33s Sys=0.00s Real=0.17s
....[5235.252s][info][gc,start       ] GC(712) Pause Young (Mixed) (G1 Evacuation Pause)
[5235.252s][info][gc,task        ] GC(712) Using 8 workers of 8 for evacuation
[5235.421s][info][gc,phases      ] GC(712)   Pre Evacuate Collection Set: 0.27ms
[5235.421s][info][gc,phases      ] GC(712)   Merge Heap Roots: 1.05ms
[5235.421s][info][gc,phases      ] GC(712)   Evacuate Collection Set: 167.21ms
[5235.421s][info][gc,phases      ] GC(712)   Post Evacuate Collection Set: 1.11ms
[5235.421s][info][gc,phases      ] GC(712)   Other: 0.07ms
[5235.422s][info][gc,heap        ] GC(712) Eden regions: 570->0(570)
[5235.422s][info][gc,heap        ] GC(712) Survivor regions: 44->44(77)
[5235.422s][info][gc,heap        ] GC(712) Old regions: 156->142
[5235.422s][info][gc,heap        ] GC(712) Humongous regions: 33->33
[5235.422s][info][gc,metaspace   ] GC(712) Metaspace: 29996K(30528K)->29996K(30528K) NonClass: 26598K(26880K)->26598K(26880K) Class: 3397K(3648K)->3397K(3648K)
[5235.422s][info][gc             ] GC(712) Pause Young (Mixed) (G1 Evacuation Pause) 6402M->1735M(8192M) 169.846ms
[5235.422s][info][gc,cpu         ] GC(712) User=1.35s Sys=0.00s Real=0.17s
... (rIR:aIR:PR = 8994:8953:8953) (tPR = 133760) [OK] 
  5237s: Performance info:
         Transaction,    Success,    Partial,     Failed,   Receipts, AvgBarcode, 
             Overall,     538743,          0,          0,     511811,      59.47, 
         Response times:
             Request,    Success,    Partial,     Failed,   SkipFail,     Probes,    Samples,      min,      p50,      p90,      p95,      p99,      max, 
       TotalPurchase,     511801,          0,          0,          0,     356949,     399285,      300,     6500,    29000,    64000,   120000,  1900000,
     InStorePurchase,     267830,          0,          0,          0,     187729,     209881,      300,     6400,    28000,    64000,   120000,  1900000,
      OnlinePurchase,     189598,          0,          0,          0,     130931,     146447,      300,     6500,    29000,    63000,   121000,   710000,
        InstPurchase,      54373,          0,          0,          0,      38289,      42957,      400,     6400,    29000,    65000,   119000,  1700000,
          AssocOfCat,        544,          0,          0,          0,        464,        616,    28000,    51000,    97600,   133600,   215660,   567000,
      AssocOfProduct,       5399,          0,          0,          0,       3901,       4498,      800,     6800,    35000,    66050,   110010,   330000,
      BusinessReport,       1349,          0,          0,          0,       1219,       1504,    26000,    58000,   115500,   163250,   224000,  2000000,
          CustBuyBeh,       5416,          0,          0,          0,       3951,       4561,      200,     6200,    26000,    63000,   118380,   359000,
       ProductReturn,      14233,          0,          0,          0,      10216,      11661,      300,     6100,    30800,    61000,   111000,  1900000,

  5237s: (66%)   IR =   9132 .[5239.416s][info][gc,start       ] GC(713) Pause Young (Normal) (G1 Evacuation Pause)
[5239.416s][info][gc,task        ] GC(713) Using 8 workers of 8 for evacuation
[5239.572s][info][gc,phases      ] GC(713)   Pre Evacuate Collection Set: 0.28ms
[5239.572s][info][gc,phases      ] GC(713)   Merge Heap Roots: 0.67ms
[5239.572s][info][gc,phases      ] GC(713)   Evacuate Collection Set: 153.38ms
[5239.572s][info][gc,phases      ] GC(713)   Post Evacuate Collection Set: 1.07ms
[5239.572s][info][gc,phases      ] GC(713)   Other: 0.07ms
[5239.572s][info][gc,heap        ] GC(713) Eden regions: 570->0(571)
[5239.572s][info][gc,heap        ] GC(713) Survivor regions: 44->43(77)
[5239.572s][info][gc,heap        ] GC(713) Old regions: 142->150
[5239.572s][info][gc,heap        ] GC(713) Humongous regions: 33->33
[5239.572s][info][gc,metaspace   ] GC(713) Metaspace: 29996K(30528K)->29996K(30528K) NonClass: 26598K(26880K)->26598K(26880K) Class: 3397K(3648K)->3397K(3648K)
[5239.572s][info][gc             ] GC(713) Pause Young (Normal) (G1 Evacuation Pause) 6295M->1785M(8192M) 155.585ms
[5239.572s][info][gc,cpu         ] GC(713) User=1.23s Sys=0.00s Real=0.16s
....[5243.639s][info][gc,start       ] GC(714) Pause Young (Normal) (G1 Evacuation Pause)
[5243.639s][info][gc,task        ] GC(714) Using 8 workers of 8 for evacuation
[5243.794s][info][gc,phases      ] GC(714)   Pre Evacuate Collection Set: 0.28ms
[5243.794s][info][gc,phases      ] GC(714)   Merge Heap Roots: 0.60ms
[5243.794s][info][gc,phases      ] GC(714)   Evacuate Collection Set: 152.92ms
[5243.794s][info][gc,phases      ] GC(714)   Post Evacuate Collection Set: 1.11ms
[5243.794s][info][gc,phases      ] GC(714)   Other: 0.06ms
[5243.794s][info][gc,heap        ] GC(714) Eden regions: 571->0(571)
[5243.794s][info][gc,heap        ] GC(714) Survivor regions: 43->43(77)
[5243.794s][info][gc,heap        ] GC(714) Old regions: 150->157
[5243.794s][info][gc,heap        ] GC(714) Humongous regions: 33->33
[5243.794s][info][gc,metaspace   ] GC(714) Metaspace: 29996K(30528K)->29996K(30528K) NonClass: 26598K(26880K)->26598K(26880K) Class: 3397K(3648K)->3397K(3648K)
[5243.794s][info][gc             ] GC(714) Pause Young (Normal) (G1 Evacuation Pause) 6353M->1841M(8192M) 155.104ms
[5243.795s][info][gc,cpu         ] GC(714) User=1.23s Sys=0.00s Real=0.16s
...|.[5247.838s][info][gc,start       ] GC(715) Pause Young (Normal) (G1 Evacuation Pause)
[5247.838s][info][gc,task        ] GC(715) Using 8 workers of 8 for evacuation
[5247.990s][info][gc,phases      ] GC(715)   Pre Evacuate Collection Set: 0.27ms
[5247.990s][info][gc,phases      ] GC(715)   Merge Heap Roots: 0.61ms
[5247.990s][info][gc,phases      ] GC(715)   Evacuate Collection Set: 150.73ms
[5247.990s][info][gc,phases      ] GC(715)   Post Evacuate Collection Set: 1.07ms
[5247.990s][info][gc,phases      ] GC(715)   Other: 0.06ms
[5247.990s][info][gc,heap        ] GC(715) Eden regions: 571->0(570)
[5247.990s][info][gc,heap        ] GC(715) Survivor regions: 43->44(77)
[5247.990s][info][gc,heap        ] GC(715) Old regions: 157->163
[5247.990s][info][gc,heap        ] GC(715) Humongous regions: 33->33
[5247.990s][info][gc,metaspace   ] GC(715) Metaspace: 29996K(30528K)->29996K(30528K) NonClass: 26598K(26880K)->26598K(26880K) Class: 3397K(3648K)->3397K(3648K)
[5247.990s][info][gc             ] GC(715) Pause Young (Normal) (G1 Evacuation Pause) 6409M->1903M(8192M) 152.882ms
[5247.990s][info][gc,cpu         ] GC(715) User=1.21s Sys=0.00s Real=0.15s
....[5251.969s][info][gc,start       ] GC(716) Pause Young (Normal) (G1 Evacuation Pause)
[5251.969s][info][gc,task        ] GC(716) Using 8 workers of 8 for evacuation
[5252.122s][info][gc,phases      ] GC(716)   Pre Evacuate Collection Set: 0.25ms
[5252.122s][info][gc,phases      ] GC(716)   Merge Heap Roots: 0.59ms
[5252.122s][info][gc,phases      ] GC(716)   Evacuate Collection Set: 151.43ms
[5252.122s][info][gc,phases      ] GC(716)   Post Evacuate Collection Set: 1.06ms
[5252.122s][info][gc,phases      ] GC(716)   Other: 0.06ms
[5252.122s][info][gc,heap        ] GC(716) Eden regions: 570->0(572)
[5252.122s][info][gc,heap        ] GC(716) Survivor regions: 44->42(77)
[5252.122s][info][gc,heap        ] GC(716) Old regions: 163->170
[5252.122s][info][gc,heap        ] GC(716) Humongous regions: 33->33
[5252.122s][info][gc,metaspace   ] GC(716) Metaspace: 29996K(30528K)->29996K(30528K) NonClass: 26598K(26880K)->26598K(26880K) Class: 3397K(3648K)->3397K(3648K)
[5252.122s][info][gc             ] GC(716) Pause Young (Normal) (G1 Evacuation Pause) 6463M->1947M(8192M) 153.524ms
[5252.122s][info][gc,cpu         ] GC(716) User=1.22s Sys=0.00s Real=0.16s
.....[5256.207s][info][gc,start       ] GC(717) Pause Young (Normal) (G1 Evacuation Pause)
[5256.207s][info][gc,task        ] GC(717) Using 8 workers of 8 for evacuation
[5256.367s][info][gc,phases      ] GC(717)   Pre Evacuate Collection Set: 0.27ms
[5256.367s][info][gc,phases      ] GC(717)   Merge Heap Roots: 0.59ms
[5256.367s][info][gc,phases      ] GC(717)   Evacuate Collection Set: 157.66ms
[5256.367s][info][gc,phases      ] GC(717)   Post Evacuate Collection Set: 1.09ms
[5256.367s][info][gc,phases      ] GC(717)   Other: 0.06ms
[5256.367s][info][gc,heap        ] GC(717) Eden regions: 572->0(569)
[5256.367s][info][gc,heap        ] GC(717) Survivor regions: 42->45(77)
[5256.367s][info][gc,heap        ] GC(717) Old regions: 170->178
[5256.367s][info][gc,heap        ] GC(717) Humongous regions: 33->33
[5256.367s][info][gc,metaspace   ] GC(717) Metaspace: 29996K(30528K)->29996K(30528K) NonClass: 26598K(26880K)->26598K(26880K) Class: 3397K(3648K)->3397K(3648K)
[5256.367s][info][gc             ] GC(717) Pause Young (Normal) (G1 Evacuation Pause) 6523M->2025M(8192M) 159.808ms
[5256.367s][info][gc,cpu         ] GC(717) User=1.26s Sys=0.00s Real=0.16s
....[5260.397s][info][gc,start       ] GC(718) Pause Young (Normal) (G1 Evacuation Pause)
[5260.397s][info][gc,task        ] GC(718) Using 8 workers of 8 for evacuation
[5260.551s][info][gc,phases      ] GC(718)   Pre Evacuate Collection Set: 0.25ms
[5260.551s][info][gc,phases      ] GC(718)   Merge Heap Roots: 0.66ms
[5260.551s][info][gc,phases      ] GC(718)   Evacuate Collection Set: 151.56ms
[5260.551s][info][gc,phases      ] GC(718)   Post Evacuate Collection Set: 1.11ms
[5260.551s][info][gc,phases      ] GC(718)   Other: 0.06ms
[5260.551s][info][gc,heap        ] GC(718) Eden regions: 569->0(571)
[5260.551s][info][gc,heap        ] GC(718) Survivor regions: 45->43(77)
[5260.551s][info][gc,heap        ] GC(718) Old regions: 178->184
[5260.551s][info][gc,heap        ] GC(718) Humongous regions: 33->33
[5260.551s][info][gc,metaspace   ] GC(718) Metaspace: 29996K(30528K)->29996K(30528K) NonClass: 26598K(26880K)->26598K(26880K) Class: 3397K(3648K)->3397K(3648K)
[5260.551s][info][gc             ] GC(718) Pause Young (Normal) (G1 Evacuation Pause) 6577M->2063M(8192M) 153.772ms
[5260.551s][info][gc,cpu         ] GC(718) User=1.21s Sys=0.00s Real=0.15s
....[5264.606s][info][gc,start       ] GC(719) Pause Young (Normal) (G1 Evacuation Pause)
[5264.606s][info][gc,task        ] GC(719) Using 8 workers of 8 for evacuation
[5264.761s][info][gc,phases      ] GC(719)   Pre Evacuate Collection Set: 0.29ms
[5264.761s][info][gc,phases      ] GC(719)   Merge Heap Roots: 0.69ms
[5264.761s][info][gc,phases      ] GC(719)   Evacuate Collection Set: 152.77ms
[5264.761s][info][gc,phases      ] GC(719)   Post Evacuate Collection Set: 1.08ms
[5264.761s][info][gc,phases      ] GC(719)   Other: 0.06ms
[5264.761s][info][gc,heap        ] GC(719) Eden regions: 571->0(571)
[5264.761s][info][gc,heap        ] GC(719) Survivor regions: 43->43(77)
[5264.761s][info][gc,heap        ] GC(719) Old regions: 184->191
[5264.761s][info][gc,heap        ] GC(719) Humongous regions: 33->33
[5264.761s][info][gc,metaspace   ] GC(719) Metaspace: 29996K(30528K)->29996K(30528K) NonClass: 26598K(26880K)->26598K(26880K) Class: 3397K(3648K)->3397K(3648K)
[5264.761s][info][gc             ] GC(719) Pause Young (Normal) (G1 Evacuation Pause) 6631M->2119M(8192M) 155.057ms
[5264.761s][info][gc,cpu         ] GC(719) User=1.23s Sys=0.00s Real=0.16s
....[5268.938s][info][gc,start       ] GC(720) Pause Young (Normal) (G1 Evacuation Pause)
[5268.938s][info][gc,task        ] GC(720) Using 8 workers of 8 for evacuation
[5269.093s][info][gc,phases      ] GC(720)   Pre Evacuate Collection Set: 0.24ms
[5269.093s][info][gc,phases      ] GC(720)   Merge Heap Roots: 0.62ms
[5269.093s][info][gc,phases      ] GC(720)   Evacuate Collection Set: 152.62ms
[5269.093s][info][gc,phases      ] GC(720)   Post Evacuate Collection Set: 1.07ms
[5269.093s][info][gc,phases      ] GC(720)   Other: 0.07ms
[5269.093s][info][gc,heap        ] GC(720) Eden regions: 571->0(570)
[5269.093s][info][gc,heap        ] GC(720) Survivor regions: 43->44(77)
[5269.093s][info][gc,heap        ] GC(720) Old regions: 191->198
[5269.093s][info][gc,heap        ] GC(720) Humongous regions: 33->33
[5269.093s][info][gc,metaspace   ] GC(720) Metaspace: 29996K(30528K)->29996K(30528K) NonClass: 26598K(26880K)->26598K(26880K) Class: 3397K(3648K)->3397K(3648K)
[5269.093s][info][gc             ] GC(720) Pause Young (Normal) (G1 Evacuation Pause) 6687M->2181M(8192M) 154.753ms
[5269.093s][info][gc,cpu         ] GC(720) User=1.23s Sys=0.00s Real=0.16s
....[5273.068s][info][gc,start       ] GC(721) Pause Young (Normal) (G1 Evacuation Pause)
[5273.068s][info][gc,task        ] GC(721) Using 8 workers of 8 for evacuation
[5273.222s][info][gc,phases      ] GC(721)   Pre Evacuate Collection Set: 0.25ms
[5273.222s][info][gc,phases      ] GC(721)   Merge Heap Roots: 0.64ms
[5273.222s][info][gc,phases      ] GC(721)   Evacuate Collection Set: 151.41ms
[5273.222s][info][gc,phases      ] GC(721)   Post Evacuate Collection Set: 1.08ms
[5273.222s][info][gc,phases      ] GC(721)   Other: 0.06ms
[5273.222s][info][gc,heap        ] GC(721) Eden regions: 570->0(571)
[5273.222s][info][gc,heap        ] GC(721) Survivor regions: 44->43(77)
[5273.222s][info][gc,heap        ] GC(721) Old regions: 198->205
[5273.222s][info][gc,heap        ] GC(721) Humongous regions: 33->33
[5273.222s][info][gc,metaspace   ] GC(721) Metaspace: 29996K(30528K)->29996K(30528K) NonClass: 26598K(26880K)->26598K(26880K) Class: 3397K(3648K)->3397K(3648K)
[5273.222s][info][gc             ] GC(721) Pause Young (Normal) (G1 Evacuation Pause) 6741M->2229M(8192M) 153.602ms
[5273.222s][info][gc,cpu         ] GC(721) User=1.22s Sys=0.00s Real=0.16s
....[5277.144s][info][gc,start       ] GC(722) Pause Young (Normal) (G1 Evacuation Pause)
[5277.144s][info][gc,task        ] GC(722) Using 8 workers of 8 for evacuation
[5277.302s][info][gc,phases      ] GC(722)   Pre Evacuate Collection Set: 0.27ms
[5277.302s][info][gc,phases      ] GC(722)   Merge Heap Roots: 0.60ms
[5277.302s][info][gc,phases      ] GC(722)   Evacuate Collection Set: 156.07ms
[5277.302s][info][gc,phases      ] GC(722)   Post Evacuate Collection Set: 1.09ms
[5277.302s][info][gc,phases      ] GC(722)   Other: 0.06ms
[5277.302s][info][gc,heap        ] GC(722) Eden regions: 571->0(571)
[5277.302s][info][gc,heap        ] GC(722) Survivor regions: 43->43(77)
[5277.302s][info][gc,heap        ] GC(722) Old regions: 205->212
[5277.302s][info][gc,heap        ] GC(722) Humongous regions: 33->33
[5277.302s][info][gc,metaspace   ] GC(722) Metaspace: 29996K(30528K)->29996K(30528K) NonClass: 26598K(26880K)->26598K(26880K) Class: 3397K(3648K)->3397K(3648K)
[5277.302s][info][gc             ] GC(722) Pause Young (Normal) (G1 Evacuation Pause) 6797M->2290M(8192M) 158.234ms
[5277.302s][info][gc,cpu         ] GC(722) User=1.26s Sys=0.00s Real=0.16s
.....[5281.340s][info][gc,start       ] GC(723) Pause Young (Normal) (G1 Evacuation Pause)
[5281.340s][info][gc,task        ] GC(723) Using 8 workers of 8 for evacuation
[5281.489s][info][gc,phases      ] GC(723)   Pre Evacuate Collection Set: 0.24ms
[5281.489s][info][gc,phases      ] GC(723)   Merge Heap Roots: 0.57ms
[5281.489s][info][gc,phases      ] GC(723)   Evacuate Collection Set: 147.71ms
[5281.489s][info][gc,phases      ] GC(723)   Post Evacuate Collection Set: 1.06ms
[5281.489s][info][gc,phases      ] GC(723)   Other: 0.06ms
[5281.489s][info][gc,heap        ] GC(723) Eden regions: 571->0(572)
[5281.489s][info][gc,heap        ] GC(723) Survivor regions: 43->42(77)
[5281.489s][info][gc,heap        ] GC(723) Old regions: 212->219
[5281.489s][info][gc,heap        ] GC(723) Humongous regions: 33->33
[5281.489s][info][gc,metaspace   ] GC(723) Metaspace: 29996K(30528K)->29996K(30528K) NonClass: 26598K(26880K)->26598K(26880K) Class: 3397K(3648K)->3397K(3648K)
[5281.489s][info][gc             ] GC(723) Pause Young (Normal) (G1 Evacuation Pause) 6858M->2338M(8192M) 149.799ms
[5281.489s][info][gc,cpu         ] GC(723) User=1.19s Sys=0.00s Real=0.15s
....[5285.625s][info][gc,start       ] GC(724) Pause Young (Normal) (G1 Evacuation Pause)
[5285.625s][info][gc,task        ] GC(724) Using 8 workers of 8 for evacuation
[5285.782s][info][gc,phases      ] GC(724)   Pre Evacuate Collection Set: 0.28ms
[5285.783s][info][gc,phases      ] GC(724)   Merge Heap Roots: 0.62ms
[5285.783s][info][gc,phases      ] GC(724)   Evacuate Collection Set: 155.54ms
[5285.783s][info][gc,phases      ] GC(724)   Post Evacuate Collection Set: 1.08ms
[5285.783s][info][gc,phases      ] GC(724)   Other: 0.06ms
[5285.783s][info][gc,heap        ] GC(724) Eden regions: 572->0(570)
[5285.783s][info][gc,heap        ] GC(724) Survivor regions: 42->44(77)
[5285.783s][info][gc,heap        ] GC(724) Old regions: 219->226
[5285.783s][info][gc,heap        ] GC(724) Humongous regions: 33->33
[5285.783s][info][gc,metaspace   ] GC(724) Metaspace: 29996K(30528K)->29996K(30528K) NonClass: 26598K(26880K)->26598K(26880K) Class: 3397K(3648K)->3397K(3648K)
[5285.783s][info][gc             ] GC(724) Pause Young (Normal) (G1 Evacuation Pause) 6914M->2405M(8192M) 157.719ms
[5285.783s][info][gc,cpu         ] GC(724) User=1.25s Sys=0.00s Real=0.16s
....[5289.764s][info][gc,start       ] GC(725) Pause Young (Normal) (G1 Evacuation Pause)
[5289.764s][info][gc,task        ] GC(725) Using 8 workers of 8 for evacuation
[5289.920s][info][gc,phases      ] GC(725)   Pre Evacuate Collection Set: 0.25ms
[5289.920s][info][gc,phases      ] GC(725)   Merge Heap Roots: 0.59ms
[5289.920s][info][gc,phases      ] GC(725)   Evacuate Collection Set: 154.71ms
[5289.920s][info][gc,phases      ] GC(725)   Post Evacuate Collection Set: 1.08ms
[5289.920s][info][gc,phases      ] GC(725)   Other: 0.07ms
[5289.920s][info][gc,heap        ] GC(725) Eden regions: 570->0(571)
[5289.920s][info][gc,heap        ] GC(725) Survivor regions: 44->43(77)
[5289.920s][info][gc,heap        ] GC(725) Old regions: 226->233
[5289.920s][info][gc,heap        ] GC(725) Humongous regions: 33->33
[5289.921s][info][gc,metaspace   ] GC(725) Metaspace: 29996K(30528K)->29996K(30528K) NonClass: 26598K(26880K)->26598K(26880K) Class: 3397K(3648K)->3397K(3648K)
[5289.921s][info][gc             ] GC(725) Pause Young (Normal) (G1 Evacuation Pause) 6965M->2455M(8192M) 156.840ms
[5289.921s][info][gc,cpu         ] GC(725) User=1.24s Sys=0.00s Real=0.15s
....[5293.998s][info][gc,start       ] GC(726) Pause Young (Normal) (G1 Evacuation Pause)
[5293.998s][info][gc,task        ] GC(726) Using 8 workers of 8 for evacuation
[5294.151s][info][gc,phases      ] GC(726)   Pre Evacuate Collection Set: 0.27ms
[5294.151s][info][gc,phases      ] GC(726)   Merge Heap Roots: 0.60ms
[5294.151s][info][gc,phases      ] GC(726)   Evacuate Collection Set: 151.84ms
[5294.151s][info][gc,phases      ] GC(726)   Post Evacuate Collection Set: 1.07ms
[5294.151s][info][gc,phases      ] GC(726)   Other: 0.07ms
[5294.151s][info][gc,heap        ] GC(726) Eden regions: 571->0(571)
[5294.151s][info][gc,heap        ] GC(726) Survivor regions: 43->43(77)
[5294.151s][info][gc,heap        ] GC(726) Old regions: 233->240
[5294.151s][info][gc,heap        ] GC(726) Humongous regions: 33->33
[5294.151s][info][gc,metaspace   ] GC(726) Metaspace: 29996K(30528K)->29996K(30528K) NonClass: 26598K(26880K)->26598K(26880K) Class: 3397K(3648K)->3397K(3648K)
[5294.151s][info][gc             ] GC(726) Pause Young (Normal) (G1 Evacuation Pause) 7023M->2513M(8192M) 153.976ms
[5294.152s][info][gc,cpu         ] GC(726) User=1.22s Sys=0.00s Real=0.16s
....[5298.156s][info][gc,start       ] GC(727) Pause Young (Normal) (G1 Evacuation Pause)
[5298.156s][info][gc,task        ] GC(727) Using 8 workers of 8 for evacuation
[5298.313s][info][gc,phases      ] GC(727)   Pre Evacuate Collection Set: 0.25ms
[5298.313s][info][gc,phases      ] GC(727)   Merge Heap Roots: 0.59ms
[5298.313s][info][gc,phases      ] GC(727)   Evacuate Collection Set: 155.28ms
[5298.313s][info][gc,phases      ] GC(727)   Post Evacuate Collection Set: 1.12ms
[5298.313s][info][gc,phases      ] GC(727)   Other: 0.07ms
[5298.313s][info][gc,heap        ] GC(727) Eden regions: 571->0(571)
[5298.313s][info][gc,heap        ] GC(727) Survivor regions: 43->43(77)
[5298.313s][info][gc,heap        ] GC(727) Old regions: 240->247
[5298.313s][info][gc,heap        ] GC(727) Humongous regions: 33->33
[5298.313s][info][gc,metaspace   ] GC(727) Metaspace: 29996K(30528K)->29996K(30528K) NonClass: 26598K(26880K)->26598K(26880K) Class: 3397K(3648K)->3397K(3648K)
[5298.313s][info][gc             ] GC(727) Pause Young (Normal) (G1 Evacuation Pause) 7081M->2571M(8192M) 157.455ms
[5298.313s][info][gc,cpu         ] GC(727) User=1.25s Sys=0.00s Real=0.16s
.....[5302.348s][info][gc,start       ] GC(728) Pause Young (Normal) (G1 Evacuation Pause)
[5302.348s][info][gc,task        ] GC(728) Using 8 workers of 8 for evacuation
[5302.498s][info][gc,phases      ] GC(728)   Pre Evacuate Collection Set: 0.24ms
[5302.498s][info][gc,phases      ] GC(728)   Merge Heap Roots: 0.65ms
[5302.498s][info][gc,phases      ] GC(728)   Evacuate Collection Set: 147.72ms
[5302.498s][info][gc,phases      ] GC(728)   Post Evacuate Collection Set: 1.08ms
[5302.498s][info][gc,phases      ] GC(728)   Other: 0.06ms
[5302.498s][info][gc,heap        ] GC(728) Eden regions: 571->0(572)
[5302.498s][info][gc,heap        ] GC(728) Survivor regions: 43->42(77)
[5302.498s][info][gc,heap        ] GC(728) Old regions: 247->254
[5302.498s][info][gc,heap        ] GC(728) Humongous regions: 33->33
[5302.498s][info][gc,metaspace   ] GC(728) Metaspace: 29996K(30528K)->29996K(30528K) NonClass: 26598K(26880K)->26598K(26880K) Class: 3397K(3648K)->3397K(3648K)
[5302.498s][info][gc             ] GC(728) Pause Young (Normal) (G1 Evacuation Pause) 7139M->2619M(8192M) 149.886ms
[5302.498s][info][gc,cpu         ] GC(728) User=1.19s Sys=0.00s Real=0.15s
.... (rIR:aIR:PR = 9132:9220:9218) (tPR = 136135) [OK] 
  5306s: Performance info:
         Transaction,    Success,    Partial,     Failed,   Receipts, AvgBarcode, 
             Overall,     556967,          0,          0,     529410,      59.48, 
         Response times:
             Request,    Success,    Partial,     Failed,   SkipFail,     Probes,    Samples,      min,      p50,      p90,      p95,      p99,      max, 
       TotalPurchase,     529422,          0,          0,          0,     361764,     411667,      300,     6300,    18300,    51000,    97000,   464000,
     InStorePurchase,     279901,          0,          0,          0,     189463,     215605,      300,     6100,    18200,    51000,    98000,   464000,
      OnlinePurchase,     193863,          0,          0,          0,     133883,     151982,      300,     6400,    18500,    51000,    96000,   464000,
        InstPurchase,      55658,          0,          0,          0,      38418,      44080,      400,     6600,    18300,    50000,    96000,   414000,
          AssocOfCat,        554,          0,          0,          0,        473,        610,    30000,    49000,    70000,    96900,   210000,   403000,
      AssocOfProduct,       5587,          0,          0,          0,       3985,       4741,      500,     6700,    17500,    39000,    87000,   410000,
      BusinessReport,       1382,          0,          0,          0,       1242,       1582,    31000,    56000,    89700,   132000,   202530,   460000,
          CustBuyBeh,       5568,          0,          0,          0,       4047,       4863,      500,     6800,    18200,    52000,   100000,   171000,
       ProductReturn,      14528,          0,          0,          0,       9368,      10949,      200,     6600,    18800,    47000,    96000,   239000,

  5306s: (67%)   IR =   9271 [5306.539s][info][gc,start       ] GC(729) Pause Young (Normal) (G1 Evacuation Pause)
[5306.539s][info][gc,task        ] GC(729) Using 8 workers of 8 for evacuation
[5306.692s][info][gc,phases      ] GC(729)   Pre Evacuate Collection Set: 0.25ms
[5306.692s][info][gc,phases      ] GC(729)   Merge Heap Roots: 0.61ms
[5306.692s][info][gc,phases      ] GC(729)   Evacuate Collection Set: 150.56ms
[5306.692s][info][gc,phases      ] GC(729)   Post Evacuate Collection Set: 1.07ms
[5306.692s][info][gc,phases      ] GC(729)   Other: 0.06ms
[5306.692s][info][gc,heap        ] GC(729) Eden regions: 572->0(571)
[5306.692s][info][gc,heap        ] GC(729) Survivor regions: 42->43(77)
[5306.692s][info][gc,heap        ] GC(729) Old regions: 254->261
[5306.692s][info][gc,heap        ] GC(729) Humongous regions: 33->33
[5306.692s][info][gc,metaspace   ] GC(729) Metaspace: 29996K(30528K)->29996K(30528K) NonClass: 26598K(26880K)->26598K(26880K) Class: 3397K(3648K)->3397K(3648K)
[5306.692s][info][gc             ] GC(729) Pause Young (Normal) (G1 Evacuation Pause) 7195M->2679M(8192M) 152.690ms
[5306.692s][info][gc,cpu         ] GC(729) User=1.21s Sys=0.00s Real=0.16s
....[5310.837s][info][gc,start       ] GC(730) Pause Young (Normal) (G1 Evacuation Pause)
[5310.837s][info][gc,task        ] GC(730) Using 8 workers of 8 for evacuation
[5310.994s][info][gc,phases      ] GC(730)   Pre Evacuate Collection Set: 0.25ms
[5310.994s][info][gc,phases      ] GC(730)   Merge Heap Roots: 0.61ms
[5310.994s][info][gc,phases      ] GC(730)   Evacuate Collection Set: 154.96ms
[5310.994s][info][gc,phases      ] GC(730)   Post Evacuate Collection Set: 1.16ms
[5310.994s][info][gc,phases      ] GC(730)   Other: 0.06ms
[5310.994s][info][gc,heap        ] GC(730) Eden regions: 571->0(571)
[5310.994s][info][gc,heap        ] GC(730) Survivor regions: 43->43(77)
[5310.994s][info][gc,heap        ] GC(730) Old regions: 261->268
[5310.994s][info][gc,heap        ] GC(730) Humongous regions: 33->33
[5310.994s][info][gc,metaspace   ] GC(730) Metaspace: 29996K(30528K)->29996K(30528K) NonClass: 26598K(26880K)->26598K(26880K) Class: 3397K(3648K)->3397K(3648K)
[5310.994s][info][gc             ] GC(730) Pause Young (Normal) (G1 Evacuation Pause) 7247M->2739M(8192M) 157.172ms
[5310.995s][info][gc,cpu         ] GC(730) User=1.24s Sys=0.01s Real=0.16s
....|[5314.915s][info][gc,start       ] GC(731) Pause Young (Normal) (G1 Evacuation Pause)
[5314.915s][info][gc,task        ] GC(731) Using 8 workers of 8 for evacuation
[5315.069s][info][gc,phases      ] GC(731)   Pre Evacuate Collection Set: 0.24ms
[5315.069s][info][gc,phases      ] GC(731)   Merge Heap Roots: 0.67ms
[5315.069s][info][gc,phases      ] GC(731)   Evacuate Collection Set: 152.23ms
[5315.069s][info][gc,phases      ] GC(731)   Post Evacuate Collection Set: 1.07ms
[5315.069s][info][gc,phases      ] GC(731)   Other: 0.06ms
[5315.069s][info][gc,heap        ] GC(731) Eden regions: 571->0(571)
[5315.069s][info][gc,heap        ] GC(731) Survivor regions: 43->43(77)
[5315.069s][info][gc,heap        ] GC(731) Old regions: 268->275
[5315.069s][info][gc,heap        ] GC(731) Humongous regions: 33->33
[5315.069s][info][gc,metaspace   ] GC(731) Metaspace: 29996K(30528K)->29996K(30528K) NonClass: 26598K(26880K)->26598K(26880K) Class: 3397K(3648K)->3397K(3648K)
[5315.069s][info][gc             ] GC(731) Pause Young (Normal) (G1 Evacuation Pause) 7307M->2795M(8192M) 154.400ms
[5315.069s][info][gc,cpu         ] GC(731) User=1.22s Sys=0.00s Real=0.15s
....[5319.278s][info][gc,start       ] GC(732) Pause Young (Normal) (G1 Evacuation Pause)
[5319.278s][info][gc,task        ] GC(732) Using 8 workers of 8 for evacuation
[5319.435s][info][gc,phases      ] GC(732)   Pre Evacuate Collection Set: 0.26ms
[5319.435s][info][gc,phases      ] GC(732)   Merge Heap Roots: 0.75ms
[5319.435s][info][gc,phases      ] GC(732)   Evacuate Collection Set: 154.80ms
[5319.435s][info][gc,phases      ] GC(732)   Post Evacuate Collection Set: 1.10ms
[5319.435s][info][gc,phases      ] GC(732)   Other: 0.06ms
[5319.435s][info][gc,heap        ] GC(732) Eden regions: 571->0(568)
[5319.435s][info][gc,heap        ] GC(732) Survivor regions: 43->44(77)
[5319.435s][info][gc,heap        ] GC(732) Old regions: 275->283
[5319.435s][info][gc,heap        ] GC(732) Humongous regions: 33->33
[5319.435s][info][gc,metaspace   ] GC(732) Metaspace: 29996K(30528K)->29996K(30528K) NonClass: 26598K(26880K)->26598K(26880K) Class: 3397K(3648K)->3397K(3648K)
[5319.435s][info][gc             ] GC(732) Pause Young (Normal) (G1 Evacuation Pause) 7363M->2857M(8192M) 157.125ms
[5319.435s][info][gc,cpu         ] GC(732) User=1.25s Sys=0.00s Real=0.16s
....[5323.408s][info][gc,start       ] GC(733) Pause Young (Normal) (G1 Evacuation Pause)
[5323.408s][info][gc,task        ] GC(733) Using 8 workers of 8 for evacuation
[5323.562s][info][gc,phases      ] GC(733)   Pre Evacuate Collection Set: 0.22ms
[5323.562s][info][gc,phases      ] GC(733)   Merge Heap Roots: 0.69ms
[5323.562s][info][gc,phases      ] GC(733)   Evacuate Collection Set: 151.44ms
[5323.562s][info][gc,phases      ] GC(733)   Post Evacuate Collection Set: 1.08ms
[5323.562s][info][gc,phases      ] GC(733)   Other: 0.07ms
[5323.562s][info][gc,heap        ] GC(733) Eden regions: 568->0(565)
[5323.562s][info][gc,heap        ] GC(733) Survivor regions: 44->42(77)
[5323.562s][info][gc,heap        ] GC(733) Old regions: 283->290
[5323.562s][info][gc,heap        ] GC(733) Humongous regions: 33->33
[5323.562s][info][gc,metaspace   ] GC(733) Metaspace: 29996K(30528K)->29996K(30528K) NonClass: 26598K(26880K)->26598K(26880K) Class: 3397K(3648K)->3397K(3648K)
[5323.562s][info][gc             ] GC(733) Pause Young (Normal) (G1 Evacuation Pause) 7401M->2902M(8192M) 153.637ms
[5323.562s][info][gc,cpu         ] GC(733) User=1.21s Sys=0.00s Real=0.16s
....[5327.444s][info][gc,start       ] GC(734) Pause Young (Normal) (G1 Evacuation Pause)
[5327.444s][info][gc,task        ] GC(734) Using 8 workers of 8 for evacuation
[5327.608s][info][gc,phases      ] GC(734)   Pre Evacuate Collection Set: 0.26ms
[5327.608s][info][gc,phases      ] GC(734)   Merge Heap Roots: 0.66ms
[5327.608s][info][gc,phases      ] GC(734)   Evacuate Collection Set: 161.50ms
[5327.608s][info][gc,phases      ] GC(734)   Post Evacuate Collection Set: 1.08ms
[5327.608s][info][gc,phases      ] GC(734)   Other: 0.07ms
[5327.608s][info][gc,heap        ] GC(734) Eden regions: 565->0(552)
[5327.608s][info][gc,heap        ] GC(734) Survivor regions: 42->45(76)
[5327.608s][info][gc,heap        ] GC(734) Old regions: 290->297
[5327.608s][info][gc,heap        ] GC(734) Humongous regions: 33->33
[5327.608s][info][gc,metaspace   ] GC(734) Metaspace: 29996K(30528K)->29996K(30528K) NonClass: 26598K(26880K)->26598K(26880K) Class: 3397K(3648K)->3397K(3648K)
[5327.608s][info][gc             ] GC(734) Pause Young (Normal) (G1 Evacuation Pause) 7422M->2983M(8192M) 163.697ms
[5327.608s][info][gc,cpu         ] GC(734) User=1.29s Sys=0.00s Real=0.16s
....[5331.590s][info][gc,start       ] GC(735) Pause Young (Normal) (G1 Evacuation Pause)
[5331.590s][info][gc,task        ] GC(735) Using 8 workers of 8 for evacuation
[5331.743s][info][gc,phases      ] GC(735)   Pre Evacuate Collection Set: 0.24ms
[5331.743s][info][gc,phases      ] GC(735)   Merge Heap Roots: 0.62ms
[5331.743s][info][gc,phases      ] GC(735)   Evacuate Collection Set: 150.40ms
[5331.743s][info][gc,phases      ] GC(735)   Post Evacuate Collection Set: 1.09ms
[5331.743s][info][gc,phases      ] GC(735)   Other: 0.06ms
[5331.743s][info][gc,heap        ] GC(735) Eden regions: 552->0(549)
[5331.743s][info][gc,heap        ] GC(735) Survivor regions: 45->43(75)
[5331.743s][info][gc,heap        ] GC(735) Old regions: 297->304
[5331.743s][info][gc,heap        ] GC(735) Humongous regions: 33->33
[5331.743s][info][gc,metaspace   ] GC(735) Metaspace: 29996K(30528K)->29996K(30528K) NonClass: 26598K(26880K)->26598K(26880K) Class: 3397K(3648K)->3397K(3648K)
[5331.743s][info][gc             ] GC(735) Pause Young (Normal) (G1 Evacuation Pause) 7399M->3025M(8192M) 152.538ms
[5331.743s][info][gc,cpu         ] GC(735) User=1.21s Sys=0.00s Real=0.16s
....[5335.589s][info][gc,start       ] GC(736) Pause Young (Normal) (G1 Evacuation Pause)
[5335.589s][info][gc,task        ] GC(736) Using 8 workers of 8 for evacuation
[5335.743s][info][gc,phases      ] GC(736)   Pre Evacuate Collection Set: 0.24ms
[5335.743s][info][gc,phases      ] GC(736)   Merge Heap Roots: 0.59ms
[5335.743s][info][gc,phases      ] GC(736)   Evacuate Collection Set: 152.15ms
[5335.743s][info][gc,phases      ] GC(736)   Post Evacuate Collection Set: 1.05ms
[5335.743s][info][gc,phases      ] GC(736)   Other: 0.06ms
[5335.743s][info][gc,heap        ] GC(736) Eden regions: 549->0(542)
[5335.743s][info][gc,heap        ] GC(736) Survivor regions: 43->43(74)
[5335.743s][info][gc,heap        ] GC(736) Old regions: 304->311
[5335.743s][info][gc,heap        ] GC(736) Humongous regions: 33->33
[5335.743s][info][gc,metaspace   ] GC(736) Metaspace: 29996K(30528K)->29996K(30528K) NonClass: 26598K(26880K)->26598K(26880K) Class: 3397K(3648K)->3397K(3648K)
[5335.743s][info][gc             ] GC(736) Pause Young (Normal) (G1 Evacuation Pause) 7417M->3083M(8192M) 154.238ms
[5335.743s][info][gc,cpu         ] GC(736) User=1.22s Sys=0.00s Real=0.16s
....[5339.639s][info][gc,start       ] GC(737) Pause Young (Concurrent Start) (G1 Evacuation Pause)
[5339.639s][info][gc,task        ] GC(737) Using 8 workers of 8 for evacuation
[5339.791s][info][gc,phases      ] GC(737)   Pre Evacuate Collection Set: 0.33ms
[5339.791s][info][gc,phases      ] GC(737)   Merge Heap Roots: 0.66ms
[5339.791s][info][gc,phases      ] GC(737)   Evacuate Collection Set: 149.92ms
[5339.791s][info][gc,phases      ] GC(737)   Post Evacuate Collection Set: 1.02ms
[5339.791s][info][gc,phases      ] GC(737)   Other: 0.11ms
[5339.791s][info][gc,heap        ] GC(737) Eden regions: 542->0(536)
[5339.791s][info][gc,heap        ] GC(737) Survivor regions: 43->42(74)
[5339.791s][info][gc,heap        ] GC(737) Old regions: 311->319
[5339.791s][info][gc,heap        ] GC(737) Humongous regions: 33->33
[5339.791s][info][gc,metaspace   ] GC(737) Metaspace: 29996K(30528K)->29996K(30528K) NonClass: 26598K(26880K)->26598K(26880K) Class: 3397K(3648K)->3397K(3648K)
[5339.791s][info][gc             ] GC(737) Pause Young (Concurrent Start) (G1 Evacuation Pause) 7419M->3135M(8192M) 152.171ms
[5339.791s][info][gc             ] GC(738) Concurrent Mark Cycle
[5339.791s][info][gc,marking     ] GC(738) Concurrent Scan Root Regions
[5339.791s][info][gc,cpu         ] GC(737) User=1.20s Sys=0.00s Real=0.16s
.[5340.048s][info][gc,marking     ] GC(738) Concurrent Scan Root Regions 257.227ms
[5340.048s][info][gc,marking     ] GC(738) Concurrent Mark
[5340.048s][info][gc,marking     ] GC(738) Concurrent Mark From Roots
[5340.048s][info][gc,task        ] GC(738) Using 2 workers of 2 for marking
.[5341.497s][info][gc,marking     ] GC(738) Concurrent Mark From Roots 1448.505ms
[5341.497s][info][gc,marking     ] GC(738) Concurrent Preclean
[5341.497s][info][gc,marking     ] GC(738) Concurrent Preclean 0.142ms
[5341.497s][info][gc,start       ] GC(738) Pause Remark
[5341.500s][info][gc             ] GC(738) Pause Remark 5024M->4360M(8192M) 2.951ms
[5341.500s][info][gc,cpu         ] GC(738) User=0.02s Sys=0.00s Real=0.00s
[5341.500s][info][gc,marking     ] GC(738) Concurrent Mark 1451.903ms
[5341.500s][info][gc,marking     ] GC(738) Concurrent Rebuild Remembered Sets and Scrub Regions
.[5342.336s][info][gc,marking     ] GC(738) Concurrent Rebuild Remembered Sets and Scrub Regions 836.222ms
[5342.336s][info][gc,start       ] GC(738) Pause Cleanup
[5342.337s][info][gc             ] GC(738) Pause Cleanup 5468M->5468M(8192M) 0.256ms
[5342.337s][info][gc,cpu         ] GC(738) User=0.00s Sys=0.00s Real=0.00s
[5342.337s][info][gc,marking     ] GC(738) Concurrent Clear Claimed Marks
[5342.337s][info][gc,marking     ] GC(738) Concurrent Clear Claimed Marks 0.051ms
[5342.337s][info][gc,marking     ] GC(738) Concurrent Cleanup for Next Mark
[5342.353s][info][gc,marking     ] GC(738) Concurrent Cleanup for Next Mark 16.040ms
[5342.353s][info][gc             ] GC(738) Concurrent Mark Cycle 2562.103ms
.[5343.553s][info][gc,start       ] GC(739) Pause Young (Prepare Mixed) (G1 Evacuation Pause)
[5343.554s][info][gc,task        ] GC(739) Using 8 workers of 8 for evacuation
[5343.703s][info][gc,phases      ] GC(739)   Pre Evacuate Collection Set: 0.26ms
[5343.703s][info][gc,phases      ] GC(739)   Merge Heap Roots: 0.84ms
[5343.703s][info][gc,phases      ] GC(739)   Evacuate Collection Set: 147.34ms
[5343.703s][info][gc,phases      ] GC(739)   Post Evacuate Collection Set: 1.16ms
[5343.703s][info][gc,phases      ] GC(739)   Other: 0.08ms
[5343.703s][info][gc,heap        ] GC(739) Eden regions: 536->0(573)
[5343.703s][info][gc,heap        ] GC(739) Survivor regions: 42->41(73)
[5343.703s][info][gc,heap        ] GC(739) Old regions: 236->243
[5343.703s][info][gc,heap        ] GC(739) Humongous regions: 33->33
[5343.703s][info][gc,metaspace   ] GC(739) Metaspace: 29996K(30528K)->29996K(30528K) NonClass: 26598K(26880K)->26598K(26880K) Class: 3397K(3648K)->3397K(3648K)
[5343.703s][info][gc             ] GC(739) Pause Young (Prepare Mixed) (G1 Evacuation Pause) 6759M->2521M(8192M) 149.816ms
[5343.703s][info][gc,cpu         ] GC(739) User=1.18s Sys=0.00s Real=0.15s
....[5347.665s][info][gc,start       ] GC(740) Pause Young (Mixed) (G1 Evacuation Pause)
[5347.665s][info][gc,task        ] GC(740) Using 8 workers of 8 for evacuation
[5347.827s][info][gc,phases      ] GC(740)   Pre Evacuate Collection Set: 0.29ms
[5347.827s][info][gc,phases      ] GC(740)   Merge Heap Roots: 1.15ms
[5347.827s][info][gc,phases      ] GC(740)   Evacuate Collection Set: 158.83ms
[5347.827s][info][gc,phases      ] GC(740)   Post Evacuate Collection Set: 1.35ms
[5347.827s][info][gc,phases      ] GC(740)   Other: 0.08ms
[5347.827s][info][gc,heap        ] GC(740) Eden regions: 573->0(572)
[5347.827s][info][gc,heap        ] GC(740) Survivor regions: 41->42(77)
[5347.827s][info][gc,heap        ] GC(740) Old regions: 243->149
[5347.827s][info][gc,heap        ] GC(740) Humongous regions: 33->33
[5347.827s][info][gc,metaspace   ] GC(740) Metaspace: 29996K(30528K)->29996K(30528K) NonClass: 26598K(26880K)->26598K(26880K) Class: 3397K(3648K)->3397K(3648K)
[5347.827s][info][gc             ] GC(740) Pause Young (Mixed) (G1 Evacuation Pause) 7105M->1770M(8192M) 161.835ms
[5347.827s][info][gc,cpu         ] GC(740) User=1.27s Sys=0.00s Real=0.16s
....[5351.810s][info][gc,start       ] GC(741) Pause Young (Mixed) (G1 Evacuation Pause)
[5351.810s][info][gc,task        ] GC(741) Using 8 workers of 8 for evacuation
[5351.972s][info][gc,phases      ] GC(741)   Pre Evacuate Collection Set: 0.25ms
[5351.972s][info][gc,phases      ] GC(741)   Merge Heap Roots: 0.84ms
[5351.972s][info][gc,phases      ] GC(741)   Evacuate Collection Set: 159.79ms
[5351.972s][info][gc,phases      ] GC(741)   Post Evacuate Collection Set: 1.14ms
[5351.972s][info][gc,phases      ] GC(741)   Other: 0.07ms
[5351.972s][info][gc,heap        ] GC(741) Eden regions: 572->0(571)
[5351.972s][info][gc,heap        ] GC(741) Survivor regions: 42->43(77)
[5351.972s][info][gc,heap        ] GC(741) Old regions: 149->142
[5351.972s][info][gc,heap        ] GC(741) Humongous regions: 33->33
[5351.972s][info][gc,metaspace   ] GC(741) Metaspace: 29996K(30528K)->29996K(30528K) NonClass: 26598K(26880K)->26598K(26880K) Class: 3397K(3648K)->3397K(3648K)
[5351.972s][info][gc             ] GC(741) Pause Young (Mixed) (G1 Evacuation Pause) 6346M->1728M(8192M) 162.211ms
[5351.973s][info][gc,cpu         ] GC(741) User=1.28s Sys=0.00s Real=0.17s
....[5355.957s][info][gc,start       ] GC(742) Pause Young (Normal) (G1 Evacuation Pause)
[5355.957s][info][gc,task        ] GC(742) Using 8 workers of 8 for evacuation
[5356.112s][info][gc,phases      ] GC(742)   Pre Evacuate Collection Set: 0.24ms
[5356.112s][info][gc,phases      ] GC(742)   Merge Heap Roots: 0.60ms
[5356.112s][info][gc,phases      ] GC(742)   Evacuate Collection Set: 152.97ms
[5356.112s][info][gc,phases      ] GC(742)   Post Evacuate Collection Set: 1.09ms
[5356.112s][info][gc,phases      ] GC(742)   Other: 0.07ms
[5356.112s][info][gc,heap        ] GC(742) Eden regions: 571->0(571)
[5356.112s][info][gc,heap        ] GC(742) Survivor regions: 43->43(77)
[5356.112s][info][gc,heap        ] GC(742) Old regions: 142->149
[5356.112s][info][gc,heap        ] GC(742) Humongous regions: 33->33
[5356.112s][info][gc,metaspace   ] GC(742) Metaspace: 29996K(30528K)->29996K(30528K) NonClass: 26598K(26880K)->26598K(26880K) Class: 3397K(3648K)->3397K(3648K)
[5356.112s][info][gc             ] GC(742) Pause Young (Normal) (G1 Evacuation Pause) 6296M->1787M(8192M) 155.126ms
[5356.112s][info][gc,cpu         ] GC(742) User=1.22s Sys=0.00s Real=0.16s
....[5359.970s][info][gc,start       ] GC(743) Pause Young (Normal) (G1 Evacuation Pause)
[5359.970s][info][gc,task        ] GC(743) Using 8 workers of 8 for evacuation
[5360.129s][info][gc,phases      ] GC(743)   Pre Evacuate Collection Set: 0.26ms
[5360.129s][info][gc,phases      ] GC(743)   Merge Heap Roots: 0.64ms
[5360.129s][info][gc,phases      ] GC(743)   Evacuate Collection Set: 157.03ms
[5360.129s][info][gc,phases      ] GC(743)   Post Evacuate Collection Set: 1.09ms
[5360.129s][info][gc,phases      ] GC(743)   Other: 0.08ms
[5360.129s][info][gc,heap        ] GC(743) Eden regions: 571->0(570)
[5360.129s][info][gc,heap        ] GC(743) Survivor regions: 43->44(77)
[5360.129s][info][gc,heap        ] GC(743) Old regions: 149->156
[5360.129s][info][gc,heap        ] GC(743) Humongous regions: 33->33
[5360.129s][info][gc,metaspace   ] GC(743) Metaspace: 29996K(30528K)->29996K(30528K) NonClass: 26598K(26880K)->26598K(26880K) Class: 3397K(3648K)->3397K(3648K)
[5360.129s][info][gc             ] GC(743) Pause Young (Normal) (G1 Evacuation Pause) 6355M->1851M(8192M) 159.233ms
[5360.129s][info][gc,cpu         ] GC(743) User=1.26s Sys=0.00s Real=0.16s
.....[5364.243s][info][gc,start       ] GC(744) Pause Young (Normal) (G1 Evacuation Pause)
[5364.243s][info][gc,task        ] GC(744) Using 8 workers of 8 for evacuation
[5364.403s][info][gc,phases      ] GC(744)   Pre Evacuate Collection Set: 0.26ms
[5364.403s][info][gc,phases      ] GC(744)   Merge Heap Roots: 0.70ms
[5364.403s][info][gc,phases      ] GC(744)   Evacuate Collection Set: 157.38ms
[5364.403s][info][gc,phases      ] GC(744)   Post Evacuate Collection Set: 1.08ms
[5364.403s][info][gc,phases      ] GC(744)   Other: 0.07ms
[5364.403s][info][gc,heap        ] GC(744) Eden regions: 570->0(570)
[5364.403s][info][gc,heap        ] GC(744) Survivor regions: 44->44(77)
[5364.403s][info][gc,heap        ] GC(744) Old regions: 156->164
[5364.403s][info][gc,heap        ] GC(744) Humongous regions: 33->33
[5364.403s][info][gc,metaspace   ] GC(744) Metaspace: 29996K(30528K)->29996K(30528K) NonClass: 26598K(26880K)->26598K(26880K) Class: 3397K(3648K)->3397K(3648K)
[5364.403s][info][gc             ] GC(744) Pause Young (Normal) (G1 Evacuation Pause) 6411M->1906M(8192M) 159.635ms
[5364.403s][info][gc,cpu         ] GC(744) User=1.27s Sys=0.00s Real=0.16s
....[5368.480s][info][gc,start       ] GC(745) Pause Young (Normal) (G1 Evacuation Pause)
[5368.480s][info][gc,task        ] GC(745) Using 8 workers of 8 for evacuation
[5368.631s][info][gc,phases      ] GC(745)   Pre Evacuate Collection Set: 0.24ms
[5368.631s][info][gc,phases      ] GC(745)   Merge Heap Roots: 0.60ms
[5368.631s][info][gc,phases      ] GC(745)   Evacuate Collection Set: 148.82ms
[5368.631s][info][gc,phases      ] GC(745)   Post Evacuate Collection Set: 1.07ms
[5368.631s][info][gc,phases      ] GC(745)   Other: 0.07ms
[5368.631s][info][gc,heap        ] GC(745) Eden regions: 570->0(571)
[5368.631s][info][gc,heap        ] GC(745) Survivor regions: 44->43(77)
[5368.631s][info][gc,heap        ] GC(745) Old regions: 164->171
[5368.631s][info][gc,heap        ] GC(745) Humongous regions: 33->33
[5368.631s][info][gc,metaspace   ] GC(745) Metaspace: 29996K(30528K)->29996K(30528K) NonClass: 26598K(26880K)->26598K(26880K) Class: 3397K(3648K)->3397K(3648K)
[5368.631s][info][gc             ] GC(745) Pause Young (Normal) (G1 Evacuation Pause) 6466M->1954M(8192M) 150.930ms
[5368.631s][info][gc,cpu         ] GC(745) User=1.19s Sys=0.00s Real=0.16s
....[5372.671s][info][gc,start       ] GC(746) Pause Young (Normal) (G1 Evacuation Pause)
[5372.671s][info][gc,task        ] GC(746) Using 8 workers of 8 for evacuation
[5372.826s][info][gc,phases      ] GC(746)   Pre Evacuate Collection Set: 0.24ms
[5372.826s][info][gc,phases      ] GC(746)   Merge Heap Roots: 0.61ms
[5372.826s][info][gc,phases      ] GC(746)   Evacuate Collection Set: 152.58ms
[5372.826s][info][gc,phases      ] GC(746)   Post Evacuate Collection Set: 1.05ms
[5372.826s][info][gc,phases      ] GC(746)   Other: 0.06ms
[5372.826s][info][gc,heap        ] GC(746) Eden regions: 571->0(571)
[5372.826s][info][gc,heap        ] GC(746) Survivor regions: 43->43(77)
[5372.826s][info][gc,heap        ] GC(746) Old regions: 171->178
[5372.826s][info][gc,heap        ] GC(746) Humongous regions: 33->33
[5372.826s][info][gc,metaspace   ] GC(746) Metaspace: 29996K(30528K)->29996K(30528K) NonClass: 26598K(26880K)->26598K(26880K) Class: 3397K(3648K)->3397K(3648K)
[5372.826s][info][gc             ] GC(746) Pause Young (Normal) (G1 Evacuation Pause) 6522M->2011M(8192M) 154.665ms
[5372.826s][info][gc,cpu         ] GC(746) User=1.23s Sys=0.00s Real=0.15s
... (rIR:aIR:PR = 9271:9226:9224) (tPR = 137225) [OK] 
  5375s: Performance info:
         Transaction,    Success,    Partial,     Failed,   Receipts, AvgBarcode, 
             Overall,     559819,          0,          0,     531641,      59.48, 
         Response times:
             Request,    Success,    Partial,     Failed,   SkipFail,     Probes,    Samples,      min,      p50,      p90,      p95,      p99,      max, 
       TotalPurchase,     531756,          0,          0,          0,     361621,     413461,      300,     6200,    32000,    68000,   146000,  1200000,
     InStorePurchase,     279348,          0,          0,          0,     190516,     217714,      300,     6200,    32000,    67000,   146000,  1200000,
      OnlinePurchase,     197256,          0,          0,          0,     133036,     151957,      300,     6200,    31000,    69000,   146000,  1200000,
        InstPurchase,      55152,          0,          0,          0,      38069,      43790,      400,     6200,    32000,    69000,   146000,  1200000,
          AssocOfCat,        559,          0,          0,          0,        497,        668,    31000,    51000,   102100,   160750,   255720,   278000,
      AssocOfProduct,       5675,          0,          0,          0,       4093,       4911,     1000,     6400,    32000,    65000,   147000,  1200000,
      BusinessReport,       1407,          0,          0,          0,       1242,       1563,    31000,    57000,   110000,   156600,   242000,   362000,
          CustBuyBeh,       5644,          0,          0,          0,       4105,       4864,      900,     6000,    39000,    78000,   171000,  1200000,
       ProductReturn,      14915,          0,          0,          0,       9591,      11279,      200,     6800,    33000,    73000,   147200,  1200000,

  5375s: (68%)   IR =   9409 .[5376.708s][info][gc,start       ] GC(747) Pause Young (Normal) (G1 Evacuation Pause)
[5376.708s][info][gc,task        ] GC(747) Using 8 workers of 8 for evacuation
[5376.864s][info][gc,phases      ] GC(747)   Pre Evacuate Collection Set: 0.26ms
[5376.864s][info][gc,phases      ] GC(747)   Merge Heap Roots: 0.65ms
[5376.864s][info][gc,phases      ] GC(747)   Evacuate Collection Set: 153.70ms
[5376.864s][info][gc,phases      ] GC(747)   Post Evacuate Collection Set: 1.09ms
[5376.864s][info][gc,phases      ] GC(747)   Other: 0.06ms
[5376.864s][info][gc,heap        ] GC(747) Eden regions: 571->0(571)
[5376.864s][info][gc,heap        ] GC(747) Survivor regions: 43->43(77)
[5376.864s][info][gc,heap        ] GC(747) Old regions: 178->185
[5376.864s][info][gc,heap        ] GC(747) Humongous regions: 33->33
[5376.864s][info][gc,metaspace   ] GC(747) Metaspace: 29996K(30528K)->29996K(30528K) NonClass: 26598K(26880K)->26598K(26880K) Class: 3397K(3648K)->3397K(3648K)
[5376.864s][info][gc             ] GC(747) Pause Young (Normal) (G1 Evacuation Pause) 6579M->2067M(8192M) 155.891ms
[5376.864s][info][gc,cpu         ] GC(747) User=1.23s Sys=0.00s Real=0.16s
....[5380.891s][info][gc,start       ] GC(748) Pause Young (Normal) (G1 Evacuation Pause)
[5380.891s][info][gc,task        ] GC(748) Using 8 workers of 8 for evacuation
[5381.046s][info][gc,phases      ] GC(748)   Pre Evacuate Collection Set: 0.27ms
[5381.046s][info][gc,phases      ] GC(748)   Merge Heap Roots: 0.61ms
[5381.046s][info][gc,phases      ] GC(748)   Evacuate Collection Set: 152.57ms
[5381.046s][info][gc,phases      ] GC(748)   Post Evacuate Collection Set: 1.05ms
[5381.046s][info][gc,phases      ] GC(748)   Other: 0.06ms
[5381.046s][info][gc,heap        ] GC(748) Eden regions: 571->0(571)
[5381.046s][info][gc,heap        ] GC(748) Survivor regions: 43->43(77)
[5381.046s][info][gc,heap        ] GC(748) Old regions: 185->192
[5381.046s][info][gc,heap        ] GC(748) Humongous regions: 33->33
[5381.046s][info][gc,metaspace   ] GC(748) Metaspace: 29996K(30528K)->29996K(30528K) NonClass: 26598K(26880K)->26598K(26880K) Class: 3397K(3648K)->3397K(3648K)
[5381.046s][info][gc             ] GC(748) Pause Young (Normal) (G1 Evacuation Pause) 6635M->2126M(8192M) 154.706ms
[5381.046s][info][gc,cpu         ] GC(748) User=1.23s Sys=0.00s Real=0.15s
....[5384.992s][info][gc,start       ] GC(749) Pause Young (Normal) (G1 Evacuation Pause)
[5384.992s][info][gc,task        ] GC(749) Using 8 workers of 8 for evacuation
[5385.149s][info][gc,phases      ] GC(749)   Pre Evacuate Collection Set: 0.25ms
[5385.149s][info][gc,phases      ] GC(749)   Merge Heap Roots: 0.64ms
[5385.149s][info][gc,phases      ] GC(749)   Evacuate Collection Set: 154.78ms
[5385.149s][info][gc,phases      ] GC(749)   Post Evacuate Collection Set: 1.08ms
[5385.149s][info][gc,phases      ] GC(749)   Other: 0.06ms
[5385.149s][info][gc,heap        ] GC(749) Eden regions: 571->0(571)
[5385.149s][info][gc,heap        ] GC(749) Survivor regions: 43->43(77)
[5385.149s][info][gc,heap        ] GC(749) Old regions: 192->199
[5385.149s][info][gc,heap        ] GC(749) Humongous regions: 33->33
[5385.149s][info][gc,metaspace   ] GC(749) Metaspace: 29996K(30528K)->29996K(30528K) NonClass: 26598K(26880K)->26598K(26880K) Class: 3397K(3648K)->3397K(3648K)
[5385.149s][info][gc             ] GC(749) Pause Young (Normal) (G1 Evacuation Pause) 6694M->2183M(8192M) 156.956ms
[5385.149s][info][gc,cpu         ] GC(749) User=1.25s Sys=0.00s Real=0.15s
....[5389.123s][info][gc,start       ] GC(750) Pause Young (Normal) (G1 Evacuation Pause)
[5389.123s][info][gc,task        ] GC(750) Using 8 workers of 8 for evacuation
[5389.281s][info][gc,phases      ] GC(750)   Pre Evacuate Collection Set: 0.27ms
[5389.281s][info][gc,phases      ] GC(750)   Merge Heap Roots: 0.72ms
[5389.281s][info][gc,phases      ] GC(750)   Evacuate Collection Set: 155.99ms
[5389.281s][info][gc,phases      ] GC(750)   Post Evacuate Collection Set: 1.03ms
[5389.281s][info][gc,phases      ] GC(750)   Other: 0.07ms
[5389.281s][info][gc,heap        ] GC(750) Eden regions: 571->0(570)
[5389.281s][info][gc,heap        ] GC(750) Survivor regions: 43->44(77)
[5389.281s][info][gc,heap        ] GC(750) Old regions: 199->206
[5389.281s][info][gc,heap        ] GC(750) Humongous regions: 33->33
[5389.281s][info][gc,metaspace   ] GC(750) Metaspace: 29996K(30528K)->29996K(30528K) NonClass: 26598K(26880K)->26598K(26880K) Class: 3397K(3648K)->3397K(3648K)
[5389.281s][info][gc             ] GC(750) Pause Young (Normal) (G1 Evacuation Pause) 6751M->2245M(8192M) 158.951ms
[5389.282s][info][gc,cpu         ] GC(750) User=1.25s Sys=0.01s Real=0.16s
....|[5393.247s][info][gc,start       ] GC(751) Pause Young (Normal) (G1 Evacuation Pause)
[5393.247s][info][gc,task        ] GC(751) Using 8 workers of 8 for evacuation
[5393.406s][info][gc,phases      ] GC(751)   Pre Evacuate Collection Set: 0.23ms
[5393.406s][info][gc,phases      ] GC(751)   Merge Heap Roots: 0.63ms
[5393.406s][info][gc,phases      ] GC(751)   Evacuate Collection Set: 157.11ms
[5393.406s][info][gc,phases      ] GC(751)   Post Evacuate Collection Set: 1.07ms
[5393.406s][info][gc,phases      ] GC(751)   Other: 0.07ms
[5393.406s][info][gc,heap        ] GC(751) Eden regions: 570->0(569)
[5393.406s][info][gc,heap        ] GC(751) Survivor regions: 44->45(77)
[5393.406s][info][gc,heap        ] GC(751) Old regions: 206->213
[5393.406s][info][gc,heap        ] GC(751) Humongous regions: 33->33
[5393.406s][info][gc,metaspace   ] GC(751) Metaspace: 29996K(30528K)->29996K(30528K) NonClass: 26598K(26880K)->26598K(26880K) Class: 3397K(3648K)->3397K(3648K)
[5393.406s][info][gc             ] GC(751) Pause Young (Normal) (G1 Evacuation Pause) 6805M->2315M(8192M) 159.251ms
[5393.406s][info][gc,cpu         ] GC(751) User=1.26s Sys=0.00s Real=0.16s
....[5397.233s][info][gc,start       ] GC(752) Pause Young (Normal) (G1 Evacuation Pause)
[5397.233s][info][gc,task        ] GC(752) Using 8 workers of 8 for evacuation
[5397.389s][info][gc,phases      ] GC(752)   Pre Evacuate Collection Set: 0.27ms
[5397.389s][info][gc,phases      ] GC(752)   Merge Heap Roots: 0.67ms
[5397.389s][info][gc,phases      ] GC(752)   Evacuate Collection Set: 153.90ms
[5397.389s][info][gc,phases      ] GC(752)   Post Evacuate Collection Set: 1.10ms
[5397.389s][info][gc,phases      ] GC(752)   Other: 0.06ms
[5397.389s][info][gc,heap        ] GC(752) Eden regions: 569->0(570)
[5397.389s][info][gc,heap        ] GC(752) Survivor regions: 45->44(77)
[5397.389s][info][gc,heap        ] GC(752) Old regions: 213->220
[5397.389s][info][gc,heap        ] GC(752) Humongous regions: 33->33
[5397.389s][info][gc,metaspace   ] GC(752) Metaspace: 29996K(30528K)->29996K(30528K) NonClass: 26598K(26880K)->26598K(26880K) Class: 3397K(3648K)->3397K(3648K)
[5397.389s][info][gc             ] GC(752) Pause Young (Normal) (G1 Evacuation Pause) 6867M->2359M(8192M) 156.135ms
[5397.389s][info][gc,cpu         ] GC(752) User=1.23s Sys=0.00s Real=0.15s
....[5401.311s][info][gc,start       ] GC(753) Pause Young (Normal) (G1 Evacuation Pause)
[5401.311s][info][gc,task        ] GC(753) Using 8 workers of 8 for evacuation
[5401.465s][info][gc,phases      ] GC(753)   Pre Evacuate Collection Set: 0.24ms
[5401.465s][info][gc,phases      ] GC(753)   Merge Heap Roots: 0.60ms
[5401.465s][info][gc,phases      ] GC(753)   Evacuate Collection Set: 151.39ms
[5401.465s][info][gc,phases      ] GC(753)   Post Evacuate Collection Set: 1.08ms
[5401.465s][info][gc,phases      ] GC(753)   Other: 0.06ms
[5401.465s][info][gc,heap        ] GC(753) Eden regions: 570->0(571)
[5401.465s][info][gc,heap        ] GC(753) Survivor regions: 44->43(77)
[5401.465s][info][gc,heap        ] GC(753) Old regions: 220->227
[5401.465s][info][gc,heap        ] GC(753) Humongous regions: 33->33
[5401.465s][info][gc,metaspace   ] GC(753) Metaspace: 29996K(30528K)->29996K(30528K) NonClass: 26598K(26880K)->26598K(26880K) Class: 3397K(3648K)->3397K(3648K)
[5401.465s][info][gc             ] GC(753) Pause Young (Normal) (G1 Evacuation Pause) 6919M->2411M(8192M) 153.503ms
[5401.465s][info][gc,cpu         ] GC(753) User=1.21s Sys=0.00s Real=0.15s
....[5405.365s][info][gc,start       ] GC(754) Pause Young (Normal) (G1 Evacuation Pause)
[5405.365s][info][gc,task        ] GC(754) Using 8 workers of 8 for evacuation
[5405.520s][info][gc,phases      ] GC(754)   Pre Evacuate Collection Set: 0.23ms
[5405.520s][info][gc,phases      ] GC(754)   Merge Heap Roots: 0.64ms
[5405.520s][info][gc,phases      ] GC(754)   Evacuate Collection Set: 153.15ms
[5405.520s][info][gc,phases      ] GC(754)   Post Evacuate Collection Set: 1.06ms
[5405.520s][info][gc,phases      ] GC(754)   Other: 0.08ms
[5405.520s][info][gc,heap        ] GC(754) Eden regions: 571->0(571)
[5405.520s][info][gc,heap        ] GC(754) Survivor regions: 43->43(77)
[5405.520s][info][gc,heap        ] GC(754) Old regions: 227->235
[5405.520s][info][gc,heap        ] GC(754) Humongous regions: 33->33
[5405.520s][info][gc,metaspace   ] GC(754) Metaspace: 29996K(30528K)->29996K(30528K) NonClass: 26598K(26880K)->26598K(26880K) Class: 3397K(3648K)->3397K(3648K)
[5405.520s][info][gc             ] GC(754) Pause Young (Normal) (G1 Evacuation Pause) 6979M->2469M(8192M) 155.293ms
[5405.520s][info][gc,cpu         ] GC(754) User=1.22s Sys=0.00s Real=0.15s
.....[5409.556s][info][gc,start       ] GC(755) Pause Young (Normal) (G1 Evacuation Pause)
[5409.556s][info][gc,task        ] GC(755) Using 8 workers of 8 for evacuation
[5409.708s][info][gc,phases      ] GC(755)   Pre Evacuate Collection Set: 0.25ms
[5409.708s][info][gc,phases      ] GC(755)   Merge Heap Roots: 0.67ms
[5409.708s][info][gc,phases      ] GC(755)   Evacuate Collection Set: 150.14ms
[5409.708s][info][gc,phases      ] GC(755)   Post Evacuate Collection Set: 1.08ms
[5409.708s][info][gc,phases      ] GC(755)   Other: 0.07ms
[5409.708s][info][gc,heap        ] GC(755) Eden regions: 571->0(571)
[5409.708s][info][gc,heap        ] GC(755) Survivor regions: 43->43(77)
[5409.708s][info][gc,heap        ] GC(755) Old regions: 235->242
[5409.708s][info][gc,heap        ] GC(755) Humongous regions: 33->33
[5409.708s][info][gc,metaspace   ] GC(755) Metaspace: 29996K(30528K)->29996K(30528K) NonClass: 26598K(26880K)->26598K(26880K) Class: 3397K(3648K)->3397K(3648K)
[5409.708s][info][gc             ] GC(755) Pause Young (Normal) (G1 Evacuation Pause) 7037M->2523M(8192M) 152.331ms
[5409.708s][info][gc,cpu         ] GC(755) User=1.20s Sys=0.00s Real=0.15s
....[5413.691s][info][gc,start       ] GC(756) Pause Young (Normal) (G1 Evacuation Pause)
[5413.691s][info][gc,task        ] GC(756) Using 8 workers of 8 for evacuation
[5413.843s][info][gc,phases      ] GC(756)   Pre Evacuate Collection Set: 0.27ms
[5413.843s][info][gc,phases      ] GC(756)   Merge Heap Roots: 0.63ms
[5413.843s][info][gc,phases      ] GC(756)   Evacuate Collection Set: 150.07ms
[5413.843s][info][gc,phases      ] GC(756)   Post Evacuate Collection Set: 1.07ms
[5413.843s][info][gc,phases      ] GC(756)   Other: 0.06ms
[5413.843s][info][gc,heap        ] GC(756) Eden regions: 571->0(571)
[5413.843s][info][gc,heap        ] GC(756) Survivor regions: 43->43(77)
[5413.843s][info][gc,heap        ] GC(756) Old regions: 242->249
[5413.843s][info][gc,heap        ] GC(756) Humongous regions: 33->33
[5413.843s][info][gc,metaspace   ] GC(756) Metaspace: 29996K(30528K)->29996K(30528K) NonClass: 26598K(26880K)->26598K(26880K) Class: 3397K(3648K)->3397K(3648K)
[5413.843s][info][gc             ] GC(756) Pause Young (Normal) (G1 Evacuation Pause) 7091M->2581M(8192M) 152.225ms
[5413.843s][info][gc,cpu         ] GC(756) User=1.21s Sys=0.00s Real=0.15s
....[5417.816s][info][gc,start       ] GC(757) Pause Young (Normal) (G1 Evacuation Pause)
[5417.816s][info][gc,task        ] GC(757) Using 8 workers of 8 for evacuation
[5417.972s][info][gc,phases      ] GC(757)   Pre Evacuate Collection Set: 0.24ms
[5417.972s][info][gc,phases      ] GC(757)   Merge Heap Roots: 0.60ms
[5417.972s][info][gc,phases      ] GC(757)   Evacuate Collection Set: 153.85ms
[5417.972s][info][gc,phases      ] GC(757)   Post Evacuate Collection Set: 1.06ms
[5417.972s][info][gc,phases      ] GC(757)   Other: 0.07ms
[5417.972s][info][gc,heap        ] GC(757) Eden regions: 571->0(570)
[5417.972s][info][gc,heap        ] GC(757) Survivor regions: 43->44(77)
[5417.972s][info][gc,heap        ] GC(757) Old regions: 249->256
[5417.972s][info][gc,heap        ] GC(757) Humongous regions: 33->33
[5417.972s][info][gc,metaspace   ] GC(757) Metaspace: 29996K(30528K)->29996K(30528K) NonClass: 26598K(26880K)->26598K(26880K) Class: 3397K(3648K)->3397K(3648K)
[5417.972s][info][gc             ] GC(757) Pause Young (Normal) (G1 Evacuation Pause) 7149M->2647M(8192M) 155.957ms
[5417.972s][info][gc,cpu         ] GC(757) User=1.23s Sys=0.00s Real=0.16s
....[5421.915s][info][gc,start       ] GC(758) Pause Young (Normal) (G1 Evacuation Pause)
[5421.915s][info][gc,task        ] GC(758) Using 8 workers of 8 for evacuation
[5422.072s][info][gc,phases      ] GC(758)   Pre Evacuate Collection Set: 0.23ms
[5422.072s][info][gc,phases      ] GC(758)   Merge Heap Roots: 0.61ms
[5422.072s][info][gc,phases      ] GC(758)   Evacuate Collection Set: 154.88ms
[5422.072s][info][gc,phases      ] GC(758)   Post Evacuate Collection Set: 1.08ms
[5422.072s][info][gc,phases      ] GC(758)   Other: 0.09ms
[5422.072s][info][gc,heap        ] GC(758) Eden regions: 570->0(570)
[5422.072s][info][gc,heap        ] GC(758) Survivor regions: 44->44(77)
[5422.072s][info][gc,heap        ] GC(758) Old regions: 256->263
[5422.072s][info][gc,heap        ] GC(758) Humongous regions: 33->33
[5422.072s][info][gc,metaspace   ] GC(758) Metaspace: 29996K(30528K)->29996K(30528K) NonClass: 26598K(26880K)->26598K(26880K) Class: 3397K(3648K)->3397K(3648K)
[5422.072s][info][gc             ] GC(758) Pause Young (Normal) (G1 Evacuation Pause) 7207M->2703M(8192M) 157.040ms
[5422.072s][info][gc,cpu         ] GC(758) User=1.25s Sys=0.00s Real=0.16s
....[5426.073s][info][gc,start       ] GC(759) Pause Young (Normal) (G1 Evacuation Pause)
[5426.073s][info][gc,task        ] GC(759) Using 8 workers of 8 for evacuation
[5426.227s][info][gc,phases      ] GC(759)   Pre Evacuate Collection Set: 0.26ms
[5426.227s][info][gc,phases      ] GC(759)   Merge Heap Roots: 0.66ms
[5426.227s][info][gc,phases      ] GC(759)   Evacuate Collection Set: 151.77ms
[5426.227s][info][gc,phases      ] GC(759)   Post Evacuate Collection Set: 1.10ms
[5426.227s][info][gc,phases      ] GC(759)   Other: 0.06ms
[5426.227s][info][gc,heap        ] GC(759) Eden regions: 570->0(571)
[5426.227s][info][gc,heap        ] GC(759) Survivor regions: 44->43(77)
[5426.227s][info][gc,heap        ] GC(759) Old regions: 263->271
[5426.227s][info][gc,heap        ] GC(759) Humongous regions: 33->33
[5426.227s][info][gc,metaspace   ] GC(759) Metaspace: 29996K(30528K)->29996K(30528K) NonClass: 26598K(26880K)->26598K(26880K) Class: 3397K(3648K)->3397K(3648K)
[5426.227s][info][gc             ] GC(759) Pause Young (Normal) (G1 Evacuation Pause) 7263M->2758M(8192M) 153.985ms
[5426.227s][info][gc,cpu         ] GC(759) User=1.22s Sys=0.00s Real=0.15s
....[5430.202s][info][gc,start       ] GC(760) Pause Young (Normal) (G1 Evacuation Pause)
[5430.202s][info][gc,task        ] GC(760) Using 8 workers of 8 for evacuation
[5430.355s][info][gc,phases      ] GC(760)   Pre Evacuate Collection Set: 0.25ms
[5430.355s][info][gc,phases      ] GC(760)   Merge Heap Roots: 0.69ms
[5430.355s][info][gc,phases      ] GC(760)   Evacuate Collection Set: 151.76ms
[5430.355s][info][gc,phases      ] GC(760)   Post Evacuate Collection Set: 1.06ms
[5430.355s][info][gc,phases      ] GC(760)   Other: 0.06ms
[5430.355s][info][gc,heap        ] GC(760) Eden regions: 571->0(570)
[5430.355s][info][gc,heap        ] GC(760) Survivor regions: 43->44(77)
[5430.356s][info][gc,heap        ] GC(760) Old regions: 271->278
[5430.356s][info][gc,heap        ] GC(760) Humongous regions: 33->33
[5430.356s][info][gc,metaspace   ] GC(760) Metaspace: 29996K(30528K)->29996K(30528K) NonClass: 26598K(26880K)->26598K(26880K) Class: 3397K(3648K)->3397K(3648K)
[5430.356s][info][gc             ] GC(760) Pause Young (Normal) (G1 Evacuation Pause) 7326M->2819M(8192M) 153.952ms
[5430.356s][info][gc,cpu         ] GC(760) User=1.21s Sys=0.00s Real=0.15s
....[5434.294s][info][gc,start       ] GC(761) Pause Young (Normal) (G1 Evacuation Pause)
[5434.294s][info][gc,task        ] GC(761) Using 8 workers of 8 for evacuation
[5434.448s][info][gc,phases      ] GC(761)   Pre Evacuate Collection Set: 0.26ms
[5434.448s][info][gc,phases      ] GC(761)   Merge Heap Roots: 0.67ms
[5434.448s][info][gc,phases      ] GC(761)   Evacuate Collection Set: 152.27ms
[5434.448s][info][gc,phases      ] GC(761)   Post Evacuate Collection Set: 1.08ms
[5434.448s][info][gc,phases      ] GC(761)   Other: 0.07ms
[5434.448s][info][gc,heap        ] GC(761) Eden regions: 570->0(568)
[5434.448s][info][gc,heap        ] GC(761) Survivor regions: 44->43(77)
[5434.448s][info][gc,heap        ] GC(761) Old regions: 278->285
[5434.448s][info][gc,heap        ] GC(761) Humongous regions: 33->33
[5434.448s][info][gc,metaspace   ] GC(761) Metaspace: 29996K(30528K)->29996K(30528K) NonClass: 26598K(26880K)->26598K(26880K) Class: 3397K(3648K)->3397K(3648K)
[5434.448s][info][gc             ] GC(761) Pause Young (Normal) (G1 Evacuation Pause) 7379M->2867M(8192M) 154.477ms
[5434.448s][info][gc,cpu         ] GC(761) User=1.22s Sys=0.00s Real=0.15s
....[5438.405s][info][gc,start       ] GC(762) Pause Young (Normal) (G1 Evacuation Pause)
[5438.405s][info][gc,task        ] GC(762) Using 8 workers of 8 for evacuation
[5438.556s][info][gc,phases      ] GC(762)   Pre Evacuate Collection Set: 0.25ms
[5438.556s][info][gc,phases      ] GC(762)   Merge Heap Roots: 0.72ms
[5438.556s][info][gc,phases      ] GC(762)   Evacuate Collection Set: 149.69ms
[5438.556s][info][gc,phases      ] GC(762)   Post Evacuate Collection Set: 1.05ms
[5438.556s][info][gc,phases      ] GC(762)   Other: 0.06ms
[5438.556s][info][gc,heap        ] GC(762) Eden regions: 568->0(561)
[5438.556s][info][gc,heap        ] GC(762) Survivor regions: 43->43(77)
[5438.556s][info][gc,heap        ] GC(762) Old regions: 285->292
[5438.556s][info][gc,heap        ] GC(762) Humongous regions: 33->33
[5438.556s][info][gc,metaspace   ] GC(762) Metaspace: 29996K(30528K)->29996K(30528K) NonClass: 26598K(26880K)->26598K(26880K) Class: 3397K(3648K)->3397K(3648K)
[5438.556s][info][gc             ] GC(762) Pause Young (Normal) (G1 Evacuation Pause) 7411M->2927M(8192M) 151.888ms
[5438.556s][info][gc,cpu         ] GC(762) User=1.20s Sys=0.00s Real=0.15s
....[5442.414s][info][gc,start       ] GC(763) Pause Young (Normal) (G1 Evacuation Pause)
[5442.414s][info][gc,task        ] GC(763) Using 8 workers of 8 for evacuation
[5442.565s][info][gc,phases      ] GC(763)   Pre Evacuate Collection Set: 0.26ms
[5442.565s][info][gc,phases      ] GC(763)   Merge Heap Roots: 0.61ms
[5442.565s][info][gc,phases      ] GC(763)   Evacuate Collection Set: 148.66ms
[5442.565s][info][gc,phases      ] GC(763)   Post Evacuate Collection Set: 1.13ms
[5442.565s][info][gc,phases      ] GC(763)   Other: 0.06ms
[5442.565s][info][gc,heap        ] GC(763) Eden regions: 561->0(556)
[5442.565s][info][gc,heap        ] GC(763) Survivor regions: 43->42(76)
[5442.565s][info][gc,heap        ] GC(763) Old regions: 292->299
[5442.565s][info][gc,heap        ] GC(763) Humongous regions: 33->33
[5442.565s][info][gc,metaspace   ] GC(763) Metaspace: 29996K(30528K)->29996K(30528K) NonClass: 26598K(26880K)->26598K(26880K) Class: 3397K(3648K)->3397K(3648K)
[5442.565s][info][gc             ] GC(763) Pause Young (Normal) (G1 Evacuation Pause) 7415M->2974M(8192M) 150.867ms
[5442.565s][info][gc,cpu         ] GC(763) User=1.19s Sys=0.00s Real=0.15s
....[5446.492s][info][gc,start       ] GC(764) Pause Young (Normal) (G1 Evacuation Pause)
[5446.492s][info][gc,task        ] GC(764) Using 8 workers of 8 for evacuation
[5446.647s][info][gc,phases      ] GC(764)   Pre Evacuate Collection Set: 0.28ms
[5446.647s][info][gc,phases      ] GC(764)   Merge Heap Roots: 0.76ms
[5446.647s][info][gc,phases      ] GC(764)   Evacuate Collection Set: 152.57ms
[5446.647s][info][gc,phases      ] GC(764)   Post Evacuate Collection Set: 1.10ms
[5446.647s][info][gc,phases      ] GC(764)   Other: 0.07ms
[5446.647s][info][gc,heap        ] GC(764) Eden regions: 556->0(549)
[5446.647s][info][gc,heap        ] GC(764) Survivor regions: 42->42(75)
[5446.647s][info][gc,heap        ] GC(764) Old regions: 299->306
[5446.647s][info][gc,heap        ] GC(764) Humongous regions: 33->33
[5446.647s][info][gc,metaspace   ] GC(764) Metaspace: 29996K(30528K)->29996K(30528K) NonClass: 26598K(26880K)->26598K(26880K) Class: 3397K(3648K)->3397K(3648K)
[5446.647s][info][gc             ] GC(764) Pause Young (Normal) (G1 Evacuation Pause) 7422M->3035M(8192M) 154.909ms
[5446.647s][info][gc,cpu         ] GC(764) User=1.22s Sys=0.01s Real=0.15s
....[5450.484s][info][gc,start       ] GC(765) Pause Young (Concurrent Start) (G1 Evacuation Pause)
[5450.484s][info][gc,task        ] GC(765) Using 8 workers of 8 for evacuation
[5450.636s][info][gc,phases      ] GC(765)   Pre Evacuate Collection Set: 0.29ms
[5450.636s][info][gc,phases      ] GC(765)   Merge Heap Roots: 0.61ms
[5450.636s][info][gc,phases      ] GC(765)   Evacuate Collection Set: 149.25ms
[5450.636s][info][gc,phases      ] GC(765)   Post Evacuate Collection Set: 1.05ms
[5450.636s][info][gc,phases      ] GC(765)   Other: 0.11ms
[5450.636s][info][gc,heap        ] GC(765) Eden regions: 549->0(541)
[5450.636s][info][gc,heap        ] GC(765) Survivor regions: 42->42(74)
[5450.636s][info][gc,heap        ] GC(765) Old regions: 306->314
[5450.636s][info][gc,heap        ] GC(765) Humongous regions: 33->33
[5450.636s][info][gc,metaspace   ] GC(765) Metaspace: 29996K(30528K)->29996K(30528K) NonClass: 26598K(26880K)->26598K(26880K) Class: 3397K(3648K)->3397K(3648K)
[5450.636s][info][gc             ] GC(765) Pause Young (Concurrent Start) (G1 Evacuation Pause) 7427M->3089M(8192M) 151.449ms
[5450.636s][info][gc             ] GC(766) Concurrent Mark Cycle
[5450.636s][info][gc,marking     ] GC(766) Concurrent Scan Root Regions
[5450.636s][info][gc,cpu         ] GC(765) User=1.20s Sys=0.00s Real=0.15s
.[5450.948s][info][gc,marking     ] GC(766) Concurrent Scan Root Regions 312.121ms
[5450.948s][info][gc,marking     ] GC(766) Concurrent Mark
[5450.948s][info][gc,marking     ] GC(766) Concurrent Mark From Roots
[5450.948s][info][gc,task        ] GC(766) Using 2 workers of 2 for marking
.[5452.184s][info][gc,marking     ] GC(766) Concurrent Mark From Roots 1236.246ms
[5452.184s][info][gc,marking     ] GC(766) Concurrent Preclean
[5452.184s][info][gc,marking     ] GC(766) Concurrent Preclean 0.125ms
[5452.184s][info][gc,start       ] GC(766) Pause Remark
[5452.188s][info][gc             ] GC(766) Pause Remark 4805M->4237M(8192M) 3.100ms
[5452.188s][info][gc,cpu         ] GC(766) User=0.02s Sys=0.00s Real=0.00s
[5452.188s][info][gc,marking     ] GC(766) Concurrent Mark 1239.778ms
[5452.188s][info][gc,marking     ] GC(766) Concurrent Rebuild Remembered Sets and Scrub Regions
. (rIR:aIR:PR = 9409:9347:9341) (tPR = 139169) [OK] 
  5452s: Performance info:
         Transaction,    Success,    Partial,     Failed,   Receipts, AvgBarcode, 
             Overall,     563783,          0,          0,     535550,      59.47, 
         Response times:
             Request,    Success,    Partial,     Failed,   SkipFail,     Probes,    Samples,      min,      p50,      p90,      p95,      p99,      max, 
       TotalPurchase,     535925,          0,          0,          0,     358101,     465566,      300,     6400,    25000,    62000,   112000,  1800000,
     InStorePurchase,     280829,          0,          0,          0,     188420,     244604,      300,     6400,    25000,    62000,   112000,  1800000,
      OnlinePurchase,     197945,          0,          0,          0,     132400,     172332,      300,     6500,    26000,    62000,   112000,  1300000,
        InstPurchase,      57151,          0,          0,          0,      37281,      48630,      400,     6400,    28000,    64000,   113690,  1300000,
          AssocOfCat,        570,          0,          0,          0,        473,        725,    33000,    52000,    92800,   129700,   178840,   235000,
      AssocOfProduct,       5654,          0,          0,          0,       4150,       5598,      500,     7400,    30000,    61000,   119030,   362000,
      BusinessReport,       1416,          0,          0,          0,       1243,       1801,    31000,    60000,    95000,   139000,   225000,   272000,
          CustBuyBeh,       5654,          0,          0,          0,       4216,       5741,      300,     6100,    26000,    62000,   109580,   373000,
       ProductReturn,      14977,          0,          0,          0,       9701,      12952,      200,     6100,    25000,    60000,   103000,   363000,

  5452s: (69%)   IR =   9548 [5452.962s][info][gc,marking     ] GC(766) Concurrent Rebuild Remembered Sets and Scrub Regions 774.524ms
[5452.962s][info][gc,start       ] GC(766) Pause Cleanup
[5452.963s][info][gc             ] GC(766) Pause Cleanup 5217M->5217M(8192M) 0.295ms
[5452.963s][info][gc,cpu         ] GC(766) User=0.00s Sys=0.00s Real=0.00s
[5452.963s][info][gc,marking     ] GC(766) Concurrent Clear Claimed Marks
[5452.963s][info][gc,marking     ] GC(766) Concurrent Clear Claimed Marks 0.051ms
[5452.963s][info][gc,marking     ] GC(766) Concurrent Cleanup for Next Mark
[5452.974s][info][gc,marking     ] GC(766) Concurrent Cleanup for Next Mark 11.049ms
[5452.974s][info][gc             ] GC(766) Concurrent Mark Cycle 2338.296ms
.[5454.341s][info][gc,start       ] GC(767) Pause Young (Prepare Mixed) (G1 Evacuation Pause)
[5454.341s][info][gc,task        ] GC(767) Using 8 workers of 8 for evacuation
[5454.493s][info][gc,phases      ] GC(767)   Pre Evacuate Collection Set: 0.23ms
[5454.493s][info][gc,phases      ] GC(767)   Merge Heap Roots: 0.81ms
[5454.493s][info][gc,phases      ] GC(767)   Evacuate Collection Set: 149.49ms
[5454.493s][info][gc,phases      ] GC(767)   Post Evacuate Collection Set: 1.16ms
[5454.493s][info][gc,phases      ] GC(767)   Other: 0.06ms
[5454.493s][info][gc,heap        ] GC(767) Eden regions: 541->0(573)
[5454.493s][info][gc,heap        ] GC(767) Survivor regions: 42->41(73)
[5454.493s][info][gc,heap        ] GC(767) Old regions: 243->250
[5454.493s][info][gc,heap        ] GC(767) Humongous regions: 33->33
[5454.493s][info][gc,metaspace   ] GC(767) Metaspace: 29996K(30528K)->29996K(30528K) NonClass: 26598K(26880K)->26598K(26880K) Class: 3397K(3648K)->3397K(3648K)
[5454.493s][info][gc             ] GC(767) Pause Young (Prepare Mixed) (G1 Evacuation Pause) 6849M->2577M(8192M) 151.879ms
[5454.493s][info][gc,cpu         ] GC(767) User=1.20s Sys=0.00s Real=0.15s
....|[5458.400s][info][gc,start       ] GC(768) Pause Young (Mixed) (G1 Evacuation Pause)
[5458.400s][info][gc,task        ] GC(768) Using 8 workers of 8 for evacuation
[5458.559s][info][gc,phases      ] GC(768)   Pre Evacuate Collection Set: 0.27ms
[5458.559s][info][gc,phases      ] GC(768)   Merge Heap Roots: 0.89ms
[5458.559s][info][gc,phases      ] GC(768)   Evacuate Collection Set: 156.57ms
[5458.559s][info][gc,phases      ] GC(768)   Post Evacuate Collection Set: 1.37ms
[5458.559s][info][gc,phases      ] GC(768)   Other: 0.07ms
[5458.559s][info][gc,heap        ] GC(768) Eden regions: 573->0(572)
[5458.559s][info][gc,heap        ] GC(768) Survivor regions: 41->42(77)
[5458.559s][info][gc,heap        ] GC(768) Old regions: 250->155
[5458.559s][info][gc,heap        ] GC(768) Humongous regions: 33->33
[5458.559s][info][gc,metaspace   ] GC(768) Metaspace: 29996K(30528K)->29996K(30528K) NonClass: 26598K(26880K)->26598K(26880K) Class: 3397K(3648K)->3397K(3648K)
[5458.559s][info][gc             ] GC(768) Pause Young (Mixed) (G1 Evacuation Pause) 7161M->1826M(8192M) 159.322ms
[5458.559s][info][gc,cpu         ] GC(768) User=1.27s Sys=0.00s Real=0.16s
....[5462.353s][info][gc,start       ] GC(769) Pause Young (Mixed) (G1 Evacuation Pause)
[5462.353s][info][gc,task        ] GC(769) Using 8 workers of 8 for evacuation
[5462.513s][info][gc,phases      ] GC(769)   Pre Evacuate Collection Set: 0.26ms
[5462.513s][info][gc,phases      ] GC(769)   Merge Heap Roots: 0.91ms
[5462.513s][info][gc,phases      ] GC(769)   Evacuate Collection Set: 157.89ms
[5462.513s][info][gc,phases      ] GC(769)   Post Evacuate Collection Set: 1.12ms
[5462.513s][info][gc,phases      ] GC(769)   Other: 0.08ms
[5462.513s][info][gc,heap        ] GC(769) Eden regions: 572->0(571)
[5462.513s][info][gc,heap        ] GC(769) Survivor regions: 42->43(77)
[5462.513s][info][gc,heap        ] GC(769) Old regions: 155->142
[5462.513s][info][gc,heap        ] GC(769) Humongous regions: 33->33
[5462.513s][info][gc,metaspace   ] GC(769) Metaspace: 29996K(30528K)->29996K(30528K) NonClass: 26598K(26880K)->26598K(26880K) Class: 3397K(3648K)->3397K(3648K)
[5462.513s][info][gc             ] GC(769) Pause Young (Mixed) (G1 Evacuation Pause) 6402M->1721M(8192M) 160.387ms
[5462.513s][info][gc,cpu         ] GC(769) User=1.27s Sys=0.00s Real=0.16s
....[5466.320s][info][gc,start       ] GC(770) Pause Young (Normal) (G1 Evacuation Pause)
[5466.320s][info][gc,task        ] GC(770) Using 8 workers of 8 for evacuation
[5466.475s][info][gc,phases      ] GC(770)   Pre Evacuate Collection Set: 0.25ms
[5466.475s][info][gc,phases      ] GC(770)   Merge Heap Roots: 0.61ms
[5466.475s][info][gc,phases      ] GC(770)   Evacuate Collection Set: 152.88ms
[5466.475s][info][gc,phases      ] GC(770)   Post Evacuate Collection Set: 1.35ms
[5466.475s][info][gc,phases      ] GC(770)   Other: 0.07ms
[5466.475s][info][gc,heap        ] GC(770) Eden regions: 571->0(571)
[5466.475s][info][gc,heap        ] GC(770) Survivor regions: 43->43(77)
[5466.475s][info][gc,heap        ] GC(770) Old regions: 142->149
[5466.475s][info][gc,heap        ] GC(770) Humongous regions: 33->33
[5466.475s][info][gc,metaspace   ] GC(770) Metaspace: 29996K(30528K)->29996K(30528K) NonClass: 26598K(26880K)->26598K(26880K) Class: 3397K(3648K)->3397K(3648K)
[5466.475s][info][gc             ] GC(770) Pause Young (Normal) (G1 Evacuation Pause) 6289M->1777M(8192M) 155.306ms
[5466.475s][info][gc,cpu         ] GC(770) User=1.22s Sys=0.00s Real=0.16s
....[5470.331s][info][gc,start       ] GC(771) Pause Young (Normal) (G1 Evacuation Pause)
[5470.331s][info][gc,task        ] GC(771) Using 8 workers of 8 for evacuation
[5470.486s][info][gc,phases      ] GC(771)   Pre Evacuate Collection Set: 0.26ms
[5470.486s][info][gc,phases      ] GC(771)   Merge Heap Roots: 0.63ms
[5470.486s][info][gc,phases      ] GC(771)   Evacuate Collection Set: 152.76ms
[5470.486s][info][gc,phases      ] GC(771)   Post Evacuate Collection Set: 1.06ms
[5470.486s][info][gc,phases      ] GC(771)   Other: 0.06ms
[5470.486s][info][gc,heap        ] GC(771) Eden regions: 571->0(571)
[5470.486s][info][gc,heap        ] GC(771) Survivor regions: 43->43(77)
[5470.486s][info][gc,heap        ] GC(771) Old regions: 149->155
[5470.486s][info][gc,heap        ] GC(771) Humongous regions: 33->33
[5470.486s][info][gc,metaspace   ] GC(771) Metaspace: 29996K(30528K)->29996K(30528K) NonClass: 26598K(26880K)->26598K(26880K) Class: 3397K(3648K)->3397K(3648K)
[5470.486s][info][gc             ] GC(771) Pause Young (Normal) (G1 Evacuation Pause) 6345M->1831M(8192M) 154.899ms
[5470.486s][info][gc,cpu         ] GC(771) User=1.23s Sys=0.01s Real=0.15s
....[5474.386s][info][gc,start       ] GC(772) Pause Young (Normal) (G1 Evacuation Pause)
[5474.386s][info][gc,task        ] GC(772) Using 8 workers of 8 for evacuation
[5474.536s][info][gc,phases      ] GC(772)   Pre Evacuate Collection Set: 0.25ms
[5474.536s][info][gc,phases      ] GC(772)   Merge Heap Roots: 0.59ms
[5474.536s][info][gc,phases      ] GC(772)   Evacuate Collection Set: 148.39ms
[5474.536s][info][gc,phases      ] GC(772)   Post Evacuate Collection Set: 1.04ms
[5474.536s][info][gc,phases      ] GC(772)   Other: 0.06ms
[5474.536s][info][gc,heap        ] GC(772) Eden regions: 571->0(571)
[5474.536s][info][gc,heap        ] GC(772) Survivor regions: 43->43(77)
[5474.536s][info][gc,heap        ] GC(772) Old regions: 155->163
[5474.536s][info][gc,heap        ] GC(772) Humongous regions: 33->33
[5474.536s][info][gc,metaspace   ] GC(772) Metaspace: 29996K(30528K)->29996K(30528K) NonClass: 26598K(26880K)->26598K(26880K) Class: 3397K(3648K)->3397K(3648K)
[5474.536s][info][gc             ] GC(772) Pause Young (Normal) (G1 Evacuation Pause) 6399M->1889M(8192M) 150.453ms
[5474.536s][info][gc,cpu         ] GC(772) User=1.20s Sys=0.00s Real=0.15s
....[5478.417s][info][gc,start       ] GC(773) Pause Young (Normal) (G1 Evacuation Pause)
[5478.417s][info][gc,task        ] GC(773) Using 8 workers of 8 for evacuation
[5478.570s][info][gc,phases      ] GC(773)   Pre Evacuate Collection Set: 0.22ms
[5478.570s][info][gc,phases      ] GC(773)   Merge Heap Roots: 0.61ms
[5478.570s][info][gc,phases      ] GC(773)   Evacuate Collection Set: 151.17ms
[5478.570s][info][gc,phases      ] GC(773)   Post Evacuate Collection Set: 1.04ms
[5478.570s][info][gc,phases      ] GC(773)   Other: 0.06ms
[5478.570s][info][gc,heap        ] GC(773) Eden regions: 571->0(571)
[5478.570s][info][gc,heap        ] GC(773) Survivor regions: 43->43(77)
[5478.570s][info][gc,heap        ] GC(773) Old regions: 163->170
[5478.570s][info][gc,heap        ] GC(773) Humongous regions: 33->33
[5478.570s][info][gc,metaspace   ] GC(773) Metaspace: 29996K(30528K)->29996K(30528K) NonClass: 26598K(26880K)->26598K(26880K) Class: 3397K(3648K)->3397K(3648K)
[5478.570s][info][gc             ] GC(773) Pause Young (Normal) (G1 Evacuation Pause) 6457M->1946M(8192M) 153.228ms
[5478.570s][info][gc,cpu         ] GC(773) User=1.21s Sys=0.00s Real=0.15s
....[5482.363s][info][gc,start       ] GC(774) Pause Young (Normal) (G1 Evacuation Pause)
[5482.363s][info][gc,task        ] GC(774) Using 8 workers of 8 for evacuation
[5482.518s][info][gc,phases      ] GC(774)   Pre Evacuate Collection Set: 0.24ms
[5482.518s][info][gc,phases      ] GC(774)   Merge Heap Roots: 0.60ms
[5482.519s][info][gc,phases      ] GC(774)   Evacuate Collection Set: 153.45ms
[5482.519s][info][gc,phases      ] GC(774)   Post Evacuate Collection Set: 1.04ms
[5482.519s][info][gc,phases      ] GC(774)   Other: 0.07ms
[5482.519s][info][gc,heap        ] GC(774) Eden regions: 571->0(571)
[5482.519s][info][gc,heap        ] GC(774) Survivor regions: 43->43(77)
[5482.519s][info][gc,heap        ] GC(774) Old regions: 170->177
[5482.519s][info][gc,heap        ] GC(774) Humongous regions: 33->33
[5482.519s][info][gc,metaspace   ] GC(774) Metaspace: 29996K(30528K)->29996K(30528K) NonClass: 26598K(26880K)->26598K(26880K) Class: 3397K(3648K)->3397K(3648K)
[5482.519s][info][gc             ] GC(774) Pause Young (Normal) (G1 Evacuation Pause) 6514M->2007M(8192M) 155.532ms
[5482.519s][info][gc,cpu         ] GC(774) User=1.23s Sys=0.00s Real=0.15s
....[5486.504s][info][gc,start       ] GC(775) Pause Young (Normal) (G1 Evacuation Pause)
[5486.504s][info][gc,task        ] GC(775) Using 8 workers of 8 for evacuation
[5486.659s][info][gc,phases      ] GC(775)   Pre Evacuate Collection Set: 0.24ms
[5486.659s][info][gc,phases      ] GC(775)   Merge Heap Roots: 0.60ms
[5486.659s][info][gc,phases      ] GC(775)   Evacuate Collection Set: 152.64ms
[5486.659s][info][gc,phases      ] GC(775)   Post Evacuate Collection Set: 1.07ms
[5486.659s][info][gc,phases      ] GC(775)   Other: 0.06ms
[5486.659s][info][gc,heap        ] GC(775) Eden regions: 571->0(571)
[5486.659s][info][gc,heap        ] GC(775) Survivor regions: 43->43(77)
[5486.659s][info][gc,heap        ] GC(775) Old regions: 177->184
[5486.659s][info][gc,heap        ] GC(775) Humongous regions: 33->33
[5486.659s][info][gc,metaspace   ] GC(775) Metaspace: 29996K(30528K)->29996K(30528K) NonClass: 26598K(26880K)->26598K(26880K) Class: 3397K(3648K)->3397K(3648K)
[5486.659s][info][gc             ] GC(775) Pause Young (Normal) (G1 Evacuation Pause) 6575M->2062M(8192M) 154.740ms
[5486.659s][info][gc,cpu         ] GC(775) User=1.23s Sys=0.00s Real=0.15s
....[5490.497s][info][gc,start       ] GC(776) Pause Young (Normal) (G1 Evacuation Pause)
[5490.497s][info][gc,task        ] GC(776) Using 8 workers of 8 for evacuation
[5490.653s][info][gc,phases      ] GC(776)   Pre Evacuate Collection Set: 0.24ms
[5490.653s][info][gc,phases      ] GC(776)   Merge Heap Roots: 0.59ms
[5490.653s][info][gc,phases      ] GC(776)   Evacuate Collection Set: 153.93ms
[5490.653s][info][gc,phases      ] GC(776)   Post Evacuate Collection Set: 1.07ms
[5490.653s][info][gc,phases      ] GC(776)   Other: 0.06ms
[5490.653s][info][gc,heap        ] GC(776) Eden regions: 571->0(570)
[5490.653s][info][gc,heap        ] GC(776) Survivor regions: 43->44(77)
[5490.653s][info][gc,heap        ] GC(776) Old regions: 184->191
[5490.653s][info][gc,heap        ] GC(776) Humongous regions: 33->33
[5490.653s][info][gc,metaspace   ] GC(776) Metaspace: 29996K(30528K)->29996K(30528K) NonClass: 26598K(26880K)->26598K(26880K) Class: 3397K(3648K)->3397K(3648K)
[5490.653s][info][gc             ] GC(776) Pause Young (Normal) (G1 Evacuation Pause) 6630M->2131M(8192M) 156.033ms
[5490.653s][info][gc,cpu         ] GC(776) User=1.24s Sys=0.00s Real=0.16s
....[5494.492s][info][gc,start       ] GC(777) Pause Young (Normal) (G1 Evacuation Pause)
[5494.493s][info][gc,task        ] GC(777) Using 8 workers of 8 for evacuation
[5494.650s][info][gc,phases      ] GC(777)   Pre Evacuate Collection Set: 0.26ms
[5494.650s][info][gc,phases      ] GC(777)   Merge Heap Roots: 0.62ms
[5494.650s][info][gc,phases      ] GC(777)   Evacuate Collection Set: 155.17ms
[5494.650s][info][gc,phases      ] GC(777)   Post Evacuate Collection Set: 1.06ms
[5494.650s][info][gc,phases      ] GC(777)   Other: 0.07ms
[5494.650s][info][gc,heap        ] GC(777) Eden regions: 570->0(571)
[5494.650s][info][gc,heap        ] GC(777) Survivor regions: 44->43(77)
[5494.650s][info][gc,heap        ] GC(777) Old regions: 191->199
[5494.650s][info][gc,heap        ] GC(777) Humongous regions: 33->33
[5494.650s][info][gc,metaspace   ] GC(777) Metaspace: 29996K(30528K)->29996K(30528K) NonClass: 26598K(26880K)->26598K(26880K) Class: 3397K(3648K)->3397K(3648K)
[5494.650s][info][gc             ] GC(777) Pause Young (Normal) (G1 Evacuation Pause) 6691M->2181M(8192M) 157.328ms
[5494.650s][info][gc,cpu         ] GC(777) User=1.24s Sys=0.00s Real=0.15s
....[5498.531s][info][gc,start       ] GC(778) Pause Young (Normal) (G1 Evacuation Pause)
[5498.531s][info][gc,task        ] GC(778) Using 8 workers of 8 for evacuation
[5498.684s][info][gc,phases      ] GC(778)   Pre Evacuate Collection Set: 0.26ms
[5498.684s][info][gc,phases      ] GC(778)   Merge Heap Roots: 0.59ms
[5498.684s][info][gc,phases      ] GC(778)   Evacuate Collection Set: 150.70ms
[5498.684s][info][gc,phases      ] GC(778)   Post Evacuate Collection Set: 1.09ms
[5498.684s][info][gc,phases      ] GC(778)   Other: 0.06ms
[5498.684s][info][gc,heap        ] GC(778) Eden regions: 571->0(571)
[5498.684s][info][gc,heap        ] GC(778) Survivor regions: 43->43(77)
[5498.684s][info][gc,heap        ] GC(778) Old regions: 199->206
[5498.684s][info][gc,heap        ] GC(778) Humongous regions: 33->33
[5498.684s][info][gc,metaspace   ] GC(778) Metaspace: 29996K(30528K)->29996K(30528K) NonClass: 26598K(26880K)->26598K(26880K) Class: 3397K(3648K)->3397K(3648K)
[5498.684s][info][gc             ] GC(778) Pause Young (Normal) (G1 Evacuation Pause) 6749M->2233M(8192M) 152.836ms
[5498.684s][info][gc,cpu         ] GC(778) User=1.21s Sys=0.00s Real=0.15s
....[5502.498s][info][gc,start       ] GC(779) Pause Young (Normal) (G1 Evacuation Pause)
[5502.498s][info][gc,task        ] GC(779) Using 8 workers of 8 for evacuation
[5502.660s][info][gc,phases      ] GC(779)   Pre Evacuate Collection Set: 0.22ms
[5502.660s][info][gc,phases      ] GC(779)   Merge Heap Roots: 0.65ms
[5502.660s][info][gc,phases      ] GC(779)   Evacuate Collection Set: 159.44ms
[5502.660s][info][gc,phases      ] GC(779)   Post Evacuate Collection Set: 1.08ms
[5502.660s][info][gc,phases      ] GC(779)   Other: 0.06ms
[5502.660s][info][gc,heap        ] GC(779) Eden regions: 571->0(569)
[5502.660s][info][gc,heap        ] GC(779) Survivor regions: 43->45(77)
[5502.660s][info][gc,heap        ] GC(779) Old regions: 206->212
[5502.660s][info][gc,heap        ] GC(779) Humongous regions: 33->33
[5502.660s][info][gc,metaspace   ] GC(779) Metaspace: 29996K(30528K)->29996K(30528K) NonClass: 26598K(26880K)->26598K(26880K) Class: 3397K(3648K)->3397K(3648K)
[5502.660s][info][gc             ] GC(779) Pause Young (Normal) (G1 Evacuation Pause) 6801M->2307M(8192M) 161.590ms
[5502.660s][info][gc,cpu         ] GC(779) User=1.26s Sys=0.00s Real=0.16s
....[5506.636s][info][gc,start       ] GC(780) Pause Young (Normal) (G1 Evacuation Pause)
[5506.636s][info][gc,task        ] GC(780) Using 8 workers of 8 for evacuation
[5506.788s][info][gc,phases      ] GC(780)   Pre Evacuate Collection Set: 0.25ms
[5506.788s][info][gc,phases      ] GC(780)   Merge Heap Roots: 0.56ms
[5506.788s][info][gc,phases      ] GC(780)   Evacuate Collection Set: 150.33ms
[5506.788s][info][gc,phases      ] GC(780)   Post Evacuate Collection Set: 1.07ms
[5506.788s][info][gc,phases      ] GC(780)   Other: 0.06ms
[5506.788s][info][gc,heap        ] GC(780) Eden regions: 569->0(571)
[5506.788s][info][gc,heap        ] GC(780) Survivor regions: 45->43(77)
[5506.788s][info][gc,heap        ] GC(780) Old regions: 212->219
[5506.788s][info][gc,heap        ] GC(780) Humongous regions: 33->33
[5506.788s][info][gc,metaspace   ] GC(780) Metaspace: 29996K(30528K)->29996K(30528K) NonClass: 26598K(26880K)->26598K(26880K) Class: 3397K(3648K)->3397K(3648K)
[5506.788s][info][gc             ] GC(780) Pause Young (Normal) (G1 Evacuation Pause) 6859M->2347M(8192M) 152.395ms
[5506.788s][info][gc,cpu         ] GC(780) User=1.20s Sys=0.00s Real=0.15s
....[5510.682s][info][gc,start       ] GC(781) Pause Young (Normal) (G1 Evacuation Pause)
[5510.682s][info][gc,task        ] GC(781) Using 8 workers of 8 for evacuation
[5510.843s][info][gc,phases      ] GC(781)   Pre Evacuate Collection Set: 0.22ms
[5510.843s][info][gc,phases      ] GC(781)   Merge Heap Roots: 0.62ms
[5510.843s][info][gc,phases      ] GC(781)   Evacuate Collection Set: 159.07ms
[5510.843s][info][gc,phases      ] GC(781)   Post Evacuate Collection Set: 1.06ms
[5510.843s][info][gc,phases      ] GC(781)   Other: 0.06ms
[5510.843s][info][gc,heap        ] GC(781) Eden regions: 571->0(569)
[5510.843s][info][gc,heap        ] GC(781) Survivor regions: 43->45(77)
[5510.843s][info][gc,heap        ] GC(781) Old regions: 219->227
[5510.843s][info][gc,heap        ] GC(781) Humongous regions: 33->33
[5510.843s][info][gc,metaspace   ] GC(781) Metaspace: 29996K(30528K)->29996K(30528K) NonClass: 26598K(26880K)->26598K(26880K) Class: 3397K(3648K)->3397K(3648K)
[5510.843s][info][gc             ] GC(781) Pause Young (Normal) (G1 Evacuation Pause) 6915M->2417M(8192M) 161.159ms
[5510.843s][info][gc,cpu         ] GC(781) User=1.28s Sys=0.00s Real=0.16s
....[5514.648s][info][gc,start       ] GC(782) Pause Young (Normal) (G1 Evacuation Pause)
[5514.648s][info][gc,task        ] GC(782) Using 8 workers of 8 for evacuation
[5514.802s][info][gc,phases      ] GC(782)   Pre Evacuate Collection Set: 0.24ms
[5514.802s][info][gc,phases      ] GC(782)   Merge Heap Roots: 0.58ms
[5514.802s][info][gc,phases      ] GC(782)   Evacuate Collection Set: 152.25ms
[5514.802s][info][gc,phases      ] GC(782)   Post Evacuate Collection Set: 1.06ms
[5514.802s][info][gc,phases      ] GC(782)   Other: 0.07ms
[5514.802s][info][gc,heap        ] GC(782) Eden regions: 569->0(571)
[5514.802s][info][gc,heap        ] GC(782) Survivor regions: 45->43(77)
[5514.802s][info][gc,heap        ] GC(782) Old regions: 227->233
[5514.802s][info][gc,heap        ] GC(782) Humongous regions: 33->33
[5514.802s][info][gc,metaspace   ] GC(782) Metaspace: 29996K(30528K)->29996K(30528K) NonClass: 26598K(26880K)->26598K(26880K) Class: 3397K(3648K)->3397K(3648K)
[5514.802s][info][gc             ] GC(782) Pause Young (Normal) (G1 Evacuation Pause) 6969M->2459M(8192M) 154.327ms
[5514.802s][info][gc,cpu         ] GC(782) User=1.23s Sys=0.01s Real=0.16s
.... (rIR:aIR:PR = 9548:9626:9628) (tPR = 143557) [OK] 
  5517s: Performance info:
         Transaction,    Success,    Partial,     Failed,   Receipts, AvgBarcode, 
             Overall,     577973,          0,          0,     549233,      59.47, 
         Response times:
             Request,    Success,    Partial,     Failed,   SkipFail,     Probes,    Samples,      min,      p50,      p90,      p95,      p99,      max, 
       TotalPurchase,     549214,          0,          0,          0,     358749,     391797,      300,     6500,    22000,    58000,   117000,   524000,
     InStorePurchase,     288070,          0,          0,          0,     188766,     206180,      300,     6500,    22000,    57000,   116000,   524000,
      OnlinePurchase,     203685,          0,          0,          0,     131754,     143826,      300,     6600,    22000,    59000,   117000,   467000,
        InstPurchase,      57459,          0,          0,          0,      38229,      41791,      400,     6600,    23000,    60000,   118000,   523000,
          AssocOfCat,        573,          0,          0,          0,        471,        600,    32000,    52000,    86000,   136850,   214970,   229000,
      AssocOfProduct,       5742,          0,          0,          0,       4213,       4834,      800,     5600,    22000,    58000,   110000,   249000,
      BusinessReport,       1438,          0,          0,          0,       1263,       1521,    33000,    60000,    95000,   121000,   216000,   251000,
          CustBuyBeh,       5739,          0,          0,          0,       4310,       4928,      200,     6700,    19900,    50000,   111710,   402000,
       ProductReturn,      15189,          0,          0,          0,       9916,      11079,      200,     6600,    21000,    52000,   115000,   455000,

  5517s: (70%)   IR =   9686 [5518.599s][info][gc,start       ] GC(783) Pause Young (Normal) (G1 Evacuation Pause)
[5518.599s][info][gc,task        ] GC(783) Using 8 workers of 8 for evacuation
[5518.755s][info][gc,phases      ] GC(783)   Pre Evacuate Collection Set: 0.25ms
[5518.755s][info][gc,phases      ] GC(783)   Merge Heap Roots: 0.61ms
[5518.755s][info][gc,phases      ] GC(783)   Evacuate Collection Set: 153.76ms
[5518.755s][info][gc,phases      ] GC(783)   Post Evacuate Collection Set: 1.12ms
[5518.755s][info][gc,phases      ] GC(783)   Other: 0.07ms
[5518.755s][info][gc,heap        ] GC(783) Eden regions: 571->0(570)
[5518.755s][info][gc,heap        ] GC(783) Survivor regions: 43->44(77)
[5518.755s][info][gc,heap        ] GC(783) Old regions: 233->240
[5518.755s][info][gc,heap        ] GC(783) Humongous regions: 33->33
[5518.755s][info][gc,metaspace   ] GC(783) Metaspace: 29996K(30528K)->29996K(30528K) NonClass: 26598K(26880K)->26598K(26880K) Class: 3397K(3648K)->3397K(3648K)
[5518.755s][info][gc             ] GC(783) Pause Young (Normal) (G1 Evacuation Pause) 7027M->2523M(8192M) 155.947ms
[5518.755s][info][gc,cpu         ] GC(783) User=1.23s Sys=0.00s Real=0.16s
....[5522.538s][info][gc,start       ] GC(784) Pause Young (Normal) (G1 Evacuation Pause)
[5522.538s][info][gc,task        ] GC(784) Using 8 workers of 8 for evacuation
[5522.693s][info][gc,phases      ] GC(784)   Pre Evacuate Collection Set: 0.23ms
[5522.693s][info][gc,phases      ] GC(784)   Merge Heap Roots: 0.64ms
[5522.693s][info][gc,phases      ] GC(784)   Evacuate Collection Set: 153.20ms
[5522.693s][info][gc,phases      ] GC(784)   Post Evacuate Collection Set: 1.05ms
[5522.693s][info][gc,phases      ] GC(784)   Other: 0.06ms
[5522.693s][info][gc,heap        ] GC(784) Eden regions: 570->0(571)
[5522.693s][info][gc,heap        ] GC(784) Survivor regions: 44->43(77)
[5522.693s][info][gc,heap        ] GC(784) Old regions: 240->248
[5522.693s][info][gc,heap        ] GC(784) Humongous regions: 33->33
[5522.693s][info][gc,metaspace   ] GC(784) Metaspace: 29996K(30528K)->29996K(30528K) NonClass: 26598K(26880K)->26598K(26880K) Class: 3397K(3648K)->3397K(3648K)
[5522.693s][info][gc             ] GC(784) Pause Young (Normal) (G1 Evacuation Pause) 7083M->2569M(8192M) 155.310ms
[5522.693s][info][gc,cpu         ] GC(784) User=1.22s Sys=0.00s Real=0.16s
....[5526.487s][info][gc,start       ] GC(785) Pause Young (Normal) (G1 Evacuation Pause)
[5526.487s][info][gc,task        ] GC(785) Using 8 workers of 8 for evacuation
[5526.642s][info][gc,phases      ] GC(785)   Pre Evacuate Collection Set: 0.26ms
[5526.642s][info][gc,phases      ] GC(785)   Merge Heap Roots: 0.65ms
[5526.642s][info][gc,phases      ] GC(785)   Evacuate Collection Set: 152.72ms
[5526.642s][info][gc,phases      ] GC(785)   Post Evacuate Collection Set: 1.09ms
[5526.642s][info][gc,phases      ] GC(785)   Other: 0.06ms
[5526.642s][info][gc,heap        ] GC(785) Eden regions: 571->0(571)
[5526.642s][info][gc,heap        ] GC(785) Survivor regions: 43->43(77)
[5526.642s][info][gc,heap        ] GC(785) Old regions: 248->255
[5526.642s][info][gc,heap        ] GC(785) Humongous regions: 33->33
[5526.642s][info][gc,metaspace   ] GC(785) Metaspace: 29996K(30528K)->29996K(30528K) NonClass: 26598K(26880K)->26598K(26880K) Class: 3397K(3648K)->3397K(3648K)
[5526.642s][info][gc             ] GC(785) Pause Young (Normal) (G1 Evacuation Pause) 7137M->2630M(8192M) 154.905ms
[5526.642s][info][gc,cpu         ] GC(785) User=1.23s Sys=0.00s Real=0.16s
....|[5530.623s][info][gc,start       ] GC(786) Pause Young (Normal) (G1 Evacuation Pause)
[5530.623s][info][gc,task        ] GC(786) Using 8 workers of 8 for evacuation
[5530.775s][info][gc,phases      ] GC(786)   Pre Evacuate Collection Set: 0.24ms
[5530.775s][info][gc,phases      ] GC(786)   Merge Heap Roots: 0.66ms
[5530.775s][info][gc,phases      ] GC(786)   Evacuate Collection Set: 150.18ms
[5530.775s][info][gc,phases      ] GC(786)   Post Evacuate Collection Set: 1.08ms
[5530.776s][info][gc,phases      ] GC(786)   Other: 0.06ms
[5530.776s][info][gc,heap        ] GC(786) Eden regions: 571->0(571)
[5530.776s][info][gc,heap        ] GC(786) Survivor regions: 43->43(77)
[5530.776s][info][gc,heap        ] GC(786) Old regions: 255->262
[5530.776s][info][gc,heap        ] GC(786) Humongous regions: 33->33
[5530.776s][info][gc,metaspace   ] GC(786) Metaspace: 29996K(30528K)->29996K(30528K) NonClass: 26598K(26880K)->26598K(26880K) Class: 3397K(3648K)->3397K(3648K)
[5530.776s][info][gc             ] GC(786) Pause Young (Normal) (G1 Evacuation Pause) 7198M->2682M(8192M) 152.363ms
[5530.776s][info][gc,cpu         ] GC(786) User=1.21s Sys=0.00s Real=0.15s
....[5534.610s][info][gc,start       ] GC(787) Pause Young (Normal) (G1 Evacuation Pause)
[5534.610s][info][gc,task        ] GC(787) Using 8 workers of 8 for evacuation
[5534.764s][info][gc,phases      ] GC(787)   Pre Evacuate Collection Set: 0.26ms
[5534.764s][info][gc,phases      ] GC(787)   Merge Heap Roots: 0.67ms
[5534.764s][info][gc,phases      ] GC(787)   Evacuate Collection Set: 152.03ms
[5534.764s][info][gc,phases      ] GC(787)   Post Evacuate Collection Set: 1.09ms
[5534.764s][info][gc,phases      ] GC(787)   Other: 0.06ms
[5534.764s][info][gc,heap        ] GC(787) Eden regions: 571->0(571)
[5534.764s][info][gc,heap        ] GC(787) Survivor regions: 43->43(77)
[5534.764s][info][gc,heap        ] GC(787) Old regions: 262->269
[5534.764s][info][gc,heap        ] GC(787) Humongous regions: 33->33
[5534.764s][info][gc,metaspace   ] GC(787) Metaspace: 29996K(30528K)->29996K(30528K) NonClass: 26598K(26880K)->26598K(26880K) Class: 3397K(3648K)->3397K(3648K)
[5534.764s][info][gc             ] GC(787) Pause Young (Normal) (G1 Evacuation Pause) 7250M->2742M(8192M) 154.236ms
[5534.764s][info][gc,cpu         ] GC(787) User=1.21s Sys=0.00s Real=0.16s
....[5538.550s][info][gc,start       ] GC(788) Pause Young (Normal) (G1 Evacuation Pause)
[5538.550s][info][gc,task        ] GC(788) Using 8 workers of 8 for evacuation
[5538.704s][info][gc,phases      ] GC(788)   Pre Evacuate Collection Set: 0.25ms
[5538.704s][info][gc,phases      ] GC(788)   Merge Heap Roots: 0.70ms
[5538.704s][info][gc,phases      ] GC(788)   Evacuate Collection Set: 151.41ms
[5538.704s][info][gc,phases      ] GC(788)   Post Evacuate Collection Set: 1.04ms
[5538.704s][info][gc,phases      ] GC(788)   Other: 0.08ms
[5538.704s][info][gc,heap        ] GC(788) Eden regions: 571->0(571)
[5538.704s][info][gc,heap        ] GC(788) Survivor regions: 43->43(77)
[5538.704s][info][gc,heap        ] GC(788) Old regions: 269->276
[5538.704s][info][gc,heap        ] GC(788) Humongous regions: 33->33
[5538.704s][info][gc,metaspace   ] GC(788) Metaspace: 29996K(30528K)->29996K(30528K) NonClass: 26598K(26880K)->26598K(26880K) Class: 3397K(3648K)->3397K(3648K)
[5538.704s][info][gc             ] GC(788) Pause Young (Normal) (G1 Evacuation Pause) 7310M->2795M(8192M) 153.624ms
[5538.704s][info][gc,cpu         ] GC(788) User=1.21s Sys=0.01s Real=0.16s
....[5542.639s][info][gc,start       ] GC(789) Pause Young (Normal) (G1 Evacuation Pause)
[5542.640s][info][gc,task        ] GC(789) Using 8 workers of 8 for evacuation
[5542.794s][info][gc,phases      ] GC(789)   Pre Evacuate Collection Set: 0.24ms
[5542.794s][info][gc,phases      ] GC(789)   Merge Heap Roots: 0.67ms
[5542.794s][info][gc,phases      ] GC(789)   Evacuate Collection Set: 152.21ms
[5542.794s][info][gc,phases      ] GC(789)   Post Evacuate Collection Set: 1.11ms
[5542.794s][info][gc,phases      ] GC(789)   Other: 0.07ms
[5542.794s][info][gc,heap        ] GC(789) Eden regions: 571->0(570)
[5542.794s][info][gc,heap        ] GC(789) Survivor regions: 43->43(77)
[5542.794s][info][gc,heap        ] GC(789) Old regions: 276->283
[5542.794s][info][gc,heap        ] GC(789) Humongous regions: 33->33
[5542.794s][info][gc,metaspace   ] GC(789) Metaspace: 29996K(30528K)->29996K(30528K) NonClass: 26598K(26880K)->26598K(26880K) Class: 3397K(3648K)->3397K(3648K)
[5542.794s][info][gc             ] GC(789) Pause Young (Normal) (G1 Evacuation Pause) 7363M->2858M(8192M) 154.425ms
[5542.794s][info][gc,cpu         ] GC(789) User=1.22s Sys=0.01s Real=0.16s
....[5546.533s][info][gc,start       ] GC(790) Pause Young (Normal) (G1 Evacuation Pause)
[5546.533s][info][gc,task        ] GC(790) Using 8 workers of 8 for evacuation
[5546.684s][info][gc,phases      ] GC(790)   Pre Evacuate Collection Set: 0.24ms
[5546.684s][info][gc,phases      ] GC(790)   Merge Heap Roots: 0.59ms
[5546.684s][info][gc,phases      ] GC(790)   Evacuate Collection Set: 149.01ms
[5546.684s][info][gc,phases      ] GC(790)   Post Evacuate Collection Set: 1.08ms
[5546.684s][info][gc,phases      ] GC(790)   Other: 0.06ms
[5546.684s][info][gc,heap        ] GC(790) Eden regions: 570->0(563)
[5546.684s][info][gc,heap        ] GC(790) Survivor regions: 43->43(77)
[5546.684s][info][gc,heap        ] GC(790) Old regions: 283->290
[5546.684s][info][gc,heap        ] GC(790) Humongous regions: 33->33
[5546.684s][info][gc,metaspace   ] GC(790) Metaspace: 29996K(30528K)->29996K(30528K) NonClass: 26598K(26880K)->26598K(26880K) Class: 3397K(3648K)->3397K(3648K)
[5546.684s][info][gc             ] GC(790) Pause Young (Normal) (G1 Evacuation Pause) 7418M->2914M(8192M) 151.109ms
[5546.684s][info][gc,cpu         ] GC(790) User=1.19s Sys=0.00s Real=0.15s
....[5550.518s][info][gc,start       ] GC(791) Pause Young (Normal) (G1 Evacuation Pause)
[5550.518s][info][gc,task        ] GC(791) Using 8 workers of 8 for evacuation
[5550.676s][info][gc,phases      ] GC(791)   Pre Evacuate Collection Set: 0.24ms
[5550.676s][info][gc,phases      ] GC(791)   Merge Heap Roots: 0.57ms
[5550.676s][info][gc,phases      ] GC(791)   Evacuate Collection Set: 156.18ms
[5550.676s][info][gc,phases      ] GC(791)   Post Evacuate Collection Set: 1.12ms
[5550.676s][info][gc,phases      ] GC(791)   Other: 0.07ms
[5550.676s][info][gc,heap        ] GC(791) Eden regions: 563->0(553)
[5550.676s][info][gc,heap        ] GC(791) Survivor regions: 43->44(76)
[5550.676s][info][gc,heap        ] GC(791) Old regions: 290->298
[5550.676s][info][gc,heap        ] GC(791) Humongous regions: 33->33
[5550.676s][info][gc,metaspace   ] GC(791) Metaspace: 29996K(30528K)->29996K(30528K) NonClass: 26598K(26880K)->26598K(26880K) Class: 3397K(3648K)->3397K(3648K)
[5550.676s][info][gc             ] GC(791) Pause Young (Normal) (G1 Evacuation Pause) 7418M->2979M(8192M) 158.314ms
[5550.676s][info][gc,cpu         ] GC(791) User=1.25s Sys=0.00s Real=0.16s
....[5554.336s][info][gc,start       ] GC(792) Pause Young (Normal) (G1 Evacuation Pause)
[5554.336s][info][gc,task        ] GC(792) Using 8 workers of 8 for evacuation
[5554.486s][info][gc,phases      ] GC(792)   Pre Evacuate Collection Set: 0.27ms
[5554.486s][info][gc,phases      ] GC(792)   Merge Heap Roots: 0.57ms
[5554.486s][info][gc,phases      ] GC(792)   Evacuate Collection Set: 148.75ms
[5554.486s][info][gc,phases      ] GC(792)   Post Evacuate Collection Set: 1.04ms
[5554.486s][info][gc,phases      ] GC(792)   Other: 0.06ms
[5554.487s][info][gc,heap        ] GC(792) Eden regions: 553->0(548)
[5554.487s][info][gc,heap        ] GC(792) Survivor regions: 44->43(75)
[5554.487s][info][gc,heap        ] GC(792) Old regions: 298->305
[5554.487s][info][gc,heap        ] GC(792) Humongous regions: 33->33
[5554.487s][info][gc,metaspace   ] GC(792) Metaspace: 29996K(30528K)->29996K(30528K) NonClass: 26598K(26880K)->26598K(26880K) Class: 3397K(3648K)->3397K(3648K)
[5554.487s][info][gc             ] GC(792) Pause Young (Normal) (G1 Evacuation Pause) 7403M->3031M(8192M) 150.848ms
[5554.487s][info][gc,cpu         ] GC(792) User=1.19s Sys=0.00s Real=0.15s
....[5558.107s][info][gc,start       ] GC(793) Pause Young (Concurrent Start) (G1 Evacuation Pause)
[5558.107s][info][gc,task        ] GC(793) Using 8 workers of 8 for evacuation
[5558.259s][info][gc,phases      ] GC(793)   Pre Evacuate Collection Set: 0.28ms
[5558.259s][info][gc,phases      ] GC(793)   Merge Heap Roots: 0.58ms
[5558.259s][info][gc,phases      ] GC(793)   Evacuate Collection Set: 150.36ms
[5558.259s][info][gc,phases      ] GC(793)   Post Evacuate Collection Set: 1.03ms
[5558.259s][info][gc,phases      ] GC(793)   Other: 0.08ms
[5558.259s][info][gc,heap        ] GC(793) Eden regions: 548->0(540)
[5558.259s][info][gc,heap        ] GC(793) Survivor regions: 43->43(74)
[5558.259s][info][gc,heap        ] GC(793) Old regions: 305->313
[5558.259s][info][gc,heap        ] GC(793) Humongous regions: 33->33
[5558.259s][info][gc,metaspace   ] GC(793) Metaspace: 29996K(30528K)->29996K(30528K) NonClass: 26598K(26880K)->26598K(26880K) Class: 3397K(3648K)->3397K(3648K)
[5558.259s][info][gc             ] GC(793) Pause Young (Concurrent Start) (G1 Evacuation Pause) 7415M->3093M(8192M) 152.479ms
[5558.259s][info][gc             ] GC(794) Concurrent Mark Cycle
[5558.259s][info][gc,marking     ] GC(794) Concurrent Scan Root Regions
[5558.259s][info][gc,cpu         ] GC(793) User=1.21s Sys=0.00s Real=0.15s
[5558.734s][info][gc,marking     ] GC(794) Concurrent Scan Root Regions 474.825ms
[5558.734s][info][gc,marking     ] GC(794) Concurrent Mark
[5558.734s][info][gc,marking     ] GC(794) Concurrent Mark From Roots
[5558.734s][info][gc,task        ] GC(794) Using 2 workers of 2 for marking
.[5560.019s][info][gc,marking     ] GC(794) Concurrent Mark From Roots 1285.323ms
[5560.019s][info][gc,marking     ] GC(794) Concurrent Preclean
[5560.020s][info][gc,marking     ] GC(794) Concurrent Preclean 0.141ms
[5560.020s][info][gc,start       ] GC(794) Pause Remark
[5560.023s][info][gc             ] GC(794) Pause Remark 5066M->4554M(8192M) 3.508ms
[5560.023s][info][gc,cpu         ] GC(794) User=0.02s Sys=0.00s Real=0.01s
[5560.023s][info][gc,marking     ] GC(794) Concurrent Mark 1289.264ms
[5560.023s][info][gc,marking     ] GC(794) Concurrent Rebuild Remembered Sets and Scrub Regions
.[5560.816s][info][gc,marking     ] GC(794) Concurrent Rebuild Remembered Sets and Scrub Regions 792.196ms
[5560.816s][info][gc,start       ] GC(794) Pause Cleanup
[5560.816s][info][gc             ] GC(794) Pause Cleanup 5671M->5671M(8192M) 0.273ms
[5560.816s][info][gc,cpu         ] GC(794) User=0.00s Sys=0.00s Real=0.00s
[5560.816s][info][gc,marking     ] GC(794) Concurrent Clear Claimed Marks
[5560.816s][info][gc,marking     ] GC(794) Concurrent Clear Claimed Marks 0.049ms
[5560.816s][info][gc,marking     ] GC(794) Concurrent Cleanup for Next Mark
[5560.828s][info][gc,marking     ] GC(794) Concurrent Cleanup for Next Mark 11.425ms
[5560.828s][info][gc             ] GC(794) Concurrent Mark Cycle 2568.474ms
.[5561.752s][info][gc,start       ] GC(795) Pause Young (Prepare Mixed) (G1 Evacuation Pause)
[5561.752s][info][gc,task        ] GC(795) Using 8 workers of 8 for evacuation
[5561.906s][info][gc,phases      ] GC(795)   Pre Evacuate Collection Set: 0.23ms
[5561.906s][info][gc,phases      ] GC(795)   Merge Heap Roots: 0.85ms
[5561.906s][info][gc,phases      ] GC(795)   Evacuate Collection Set: 151.98ms
[5561.906s][info][gc,phases      ] GC(795)   Post Evacuate Collection Set: 1.13ms
[5561.906s][info][gc,phases      ] GC(795)   Other: 0.07ms
[5561.906s][info][gc,heap        ] GC(795) Eden regions: 540->0(572)
[5561.906s][info][gc,heap        ] GC(795) Survivor regions: 43->42(73)
[5561.906s][info][gc,heap        ] GC(795) Old regions: 249->256
[5561.906s][info][gc,heap        ] GC(795) Humongous regions: 33->33
[5561.906s][info][gc,metaspace   ] GC(795) Metaspace: 29996K(30528K)->29996K(30528K) NonClass: 26598K(26880K)->26598K(26880K) Class: 3397K(3648K)->3397K(3648K)
[5561.906s][info][gc             ] GC(795) Pause Young (Prepare Mixed) (G1 Evacuation Pause) 6901M->2631M(8192M) 154.398ms
[5561.906s][info][gc,cpu         ] GC(795) User=1.22s Sys=0.00s Real=0.15s
....[5565.778s][info][gc,start       ] GC(796) Pause Young (Mixed) (G1 Evacuation Pause)
[5565.778s][info][gc,task        ] GC(796) Using 8 workers of 8 for evacuation
[5565.942s][info][gc,phases      ] GC(796)   Pre Evacuate Collection Set: 0.27ms
[5565.942s][info][gc,phases      ] GC(796)   Merge Heap Roots: 0.93ms
[5565.942s][info][gc,phases      ] GC(796)   Evacuate Collection Set: 161.36ms
[5565.942s][info][gc,phases      ] GC(796)   Post Evacuate Collection Set: 1.40ms
[5565.942s][info][gc,phases      ] GC(796)   Other: 0.07ms
[5565.942s][info][gc,heap        ] GC(796) Eden regions: 572->0(570)
[5565.942s][info][gc,heap        ] GC(796) Survivor regions: 42->44(77)
[5565.942s][info][gc,heap        ] GC(796) Old regions: 256->161
[5565.942s][info][gc,heap        ] GC(796) Humongous regions: 33->33
[5565.943s][info][gc,metaspace   ] GC(796) Metaspace: 29996K(30528K)->29996K(30528K) NonClass: 26598K(26880K)->26598K(26880K) Class: 3397K(3648K)->3397K(3648K)
[5565.943s][info][gc             ] GC(796) Pause Young (Mixed) (G1 Evacuation Pause) 7207M->1889M(8192M) 164.177ms
[5565.943s][info][gc,cpu         ] GC(796) User=1.30s Sys=0.00s Real=0.17s
....[5569.729s][info][gc,start       ] GC(797) Pause Young (Mixed) (G1 Evacuation Pause)
[5569.729s][info][gc,task        ] GC(797) Using 8 workers of 8 for evacuation
[5569.899s][info][gc,phases      ] GC(797)   Pre Evacuate Collection Set: 0.25ms
[5569.899s][info][gc,phases      ] GC(797)   Merge Heap Roots: 0.94ms
[5569.899s][info][gc,phases      ] GC(797)   Evacuate Collection Set: 167.30ms
[5569.899s][info][gc,phases      ] GC(797)   Post Evacuate Collection Set: 1.12ms
[5569.899s][info][gc,phases      ] GC(797)   Other: 0.07ms
[5569.899s][info][gc,heap        ] GC(797) Eden regions: 570->0(570)
[5569.899s][info][gc,heap        ] GC(797) Survivor regions: 44->44(77)
[5569.899s][info][gc,heap        ] GC(797) Old regions: 161->143
[5569.899s][info][gc,heap        ] GC(797) Humongous regions: 33->33
[5569.899s][info][gc,metaspace   ] GC(797) Metaspace: 29996K(30528K)->29996K(30528K) NonClass: 26598K(26880K)->26598K(26880K) Class: 3397K(3648K)->3397K(3648K)
[5569.899s][info][gc             ] GC(797) Pause Young (Mixed) (G1 Evacuation Pause) 6449M->1740M(8192M) 169.818ms
[5569.899s][info][gc,cpu         ] GC(797) User=1.34s Sys=0.00s Real=0.17s
....[5573.721s][info][gc,start       ] GC(798) Pause Young (Normal) (G1 Evacuation Pause)
[5573.721s][info][gc,task        ] GC(798) Using 8 workers of 8 for evacuation
[5573.879s][info][gc,phases      ] GC(798)   Pre Evacuate Collection Set: 0.24ms
[5573.879s][info][gc,phases      ] GC(798)   Merge Heap Roots: 0.62ms
[5573.879s][info][gc,phases      ] GC(798)   Evacuate Collection Set: 156.20ms
[5573.879s][info][gc,phases      ] GC(798)   Post Evacuate Collection Set: 1.07ms
[5573.879s][info][gc,phases      ] GC(798)   Other: 0.08ms
[5573.879s][info][gc,heap        ] GC(798) Eden regions: 570->0(571)
[5573.879s][info][gc,heap        ] GC(798) Survivor regions: 44->43(77)
[5573.879s][info][gc,heap        ] GC(798) Old regions: 143->150
[5573.879s][info][gc,heap        ] GC(798) Humongous regions: 33->33
[5573.879s][info][gc,metaspace   ] GC(798) Metaspace: 29996K(30528K)->29996K(30528K) NonClass: 26598K(26880K)->26598K(26880K) Class: 3397K(3648K)->3397K(3648K)
[5573.879s][info][gc             ] GC(798) Pause Young (Normal) (G1 Evacuation Pause) 6300M->1795M(8192M) 158.331ms
[5573.879s][info][gc,cpu         ] GC(798) User=1.25s Sys=0.00s Real=0.16s
....[5577.739s][info][gc,start       ] GC(799) Pause Young (Normal) (G1 Evacuation Pause)
[5577.739s][info][gc,task        ] GC(799) Using 8 workers of 8 for evacuation
[5577.891s][info][gc,phases      ] GC(799)   Pre Evacuate Collection Set: 0.27ms
[5577.891s][info][gc,phases      ] GC(799)   Merge Heap Roots: 0.60ms
[5577.891s][info][gc,phases      ] GC(799)   Evacuate Collection Set: 149.49ms
[5577.891s][info][gc,phases      ] GC(799)   Post Evacuate Collection Set: 1.07ms
[5577.891s][info][gc,phases      ] GC(799)   Other: 0.06ms
[5577.891s][info][gc,heap        ] GC(799) Eden regions: 571->0(571)
[5577.891s][info][gc,heap        ] GC(799) Survivor regions: 43->43(77)
[5577.891s][info][gc,heap        ] GC(799) Old regions: 150->157
[5577.891s][info][gc,heap        ] GC(799) Humongous regions: 33->33
[5577.891s][info][gc,metaspace   ] GC(799) Metaspace: 29996K(30528K)->29996K(30528K) NonClass: 26598K(26880K)->26598K(26880K) Class: 3397K(3648K)->3397K(3648K)
[5577.891s][info][gc             ] GC(799) Pause Young (Normal) (G1 Evacuation Pause) 6363M->1847M(8192M) 151.626ms
[5577.891s][info][gc,cpu         ] GC(799) User=1.20s Sys=0.00s Real=0.16s
....[5581.815s][info][gc,start       ] GC(800) Pause Young (Normal) (G1 Evacuation Pause)
[5581.815s][info][gc,task        ] GC(800) Using 8 workers of 8 for evacuation
[5581.968s][info][gc,phases      ] GC(800)   Pre Evacuate Collection Set: 0.25ms
[5581.968s][info][gc,phases      ] GC(800)   Merge Heap Roots: 0.57ms
[5581.968s][info][gc,phases      ] GC(800)   Evacuate Collection Set: 150.94ms
[5581.968s][info][gc,phases      ] GC(800)   Post Evacuate Collection Set: 1.08ms
[5581.968s][info][gc,phases      ] GC(800)   Other: 0.06ms
[5581.968s][info][gc,heap        ] GC(800) Eden regions: 571->0(571)
[5581.968s][info][gc,heap        ] GC(800) Survivor regions: 43->43(77)
[5581.968s][info][gc,heap        ] GC(800) Old regions: 157->165
[5581.968s][info][gc,heap        ] GC(800) Humongous regions: 33->33
[5581.968s][info][gc,metaspace   ] GC(800) Metaspace: 29996K(30528K)->29996K(30528K) NonClass: 26598K(26880K)->26598K(26880K) Class: 3397K(3648K)->3397K(3648K)
[5581.968s][info][gc             ] GC(800) Pause Young (Normal) (G1 Evacuation Pause) 6415M->1906M(8192M) 153.028ms
[5581.968s][info][gc,cpu         ] GC(800) User=1.21s Sys=0.00s Real=0.15s
....[5585.825s][info][gc,start       ] GC(801) Pause Young (Normal) (G1 Evacuation Pause)
[5585.825s][info][gc,task        ] GC(801) Using 8 workers of 8 for evacuation
[5585.981s][info][gc,phases      ] GC(801)   Pre Evacuate Collection Set: 0.25ms
[5585.981s][info][gc,phases      ] GC(801)   Merge Heap Roots: 0.57ms
[5585.981s][info][gc,phases      ] GC(801)   Evacuate Collection Set: 154.47ms
[5585.981s][info][gc,phases      ] GC(801)   Post Evacuate Collection Set: 1.04ms
[5585.981s][info][gc,phases      ] GC(801)   Other: 0.08ms
[5585.981s][info][gc,heap        ] GC(801) Eden regions: 571->0(571)
[5585.981s][info][gc,heap        ] GC(801) Survivor regions: 43->43(77)
[5585.981s][info][gc,heap        ] GC(801) Old regions: 165->172
[5585.981s][info][gc,heap        ] GC(801) Humongous regions: 33->33
[5585.981s][info][gc,metaspace   ] GC(801) Metaspace: 29996K(30528K)->29996K(30528K) NonClass: 26598K(26880K)->26598K(26880K) Class: 3397K(3648K)->3397K(3648K)
[5585.981s][info][gc             ] GC(801) Pause Young (Normal) (G1 Evacuation Pause) 6474M->1969M(8192M) 156.535ms
[5585.982s][info][gc,cpu         ] GC(801) User=1.24s Sys=0.00s Real=0.16s
....[5589.738s][info][gc,start       ] GC(802) Pause Young (Normal) (G1 Evacuation Pause)
[5589.738s][info][gc,task        ] GC(802) Using 8 workers of 8 for evacuation
[5589.890s][info][gc,phases      ] GC(802)   Pre Evacuate Collection Set: 0.25ms
[5589.890s][info][gc,phases      ] GC(802)   Merge Heap Roots: 0.60ms
[5589.890s][info][gc,phases      ] GC(802)   Evacuate Collection Set: 149.08ms
[5589.890s][info][gc,phases      ] GC(802)   Post Evacuate Collection Set: 1.08ms
[5589.890s][info][gc,phases      ] GC(802)   Other: 0.06ms
[5589.890s][info][gc,heap        ] GC(802) Eden regions: 571->0(572)
[5589.890s][info][gc,heap        ] GC(802) Survivor regions: 43->42(77)
[5589.890s][info][gc,heap        ] GC(802) Old regions: 172->179
[5589.890s][info][gc,heap        ] GC(802) Humongous regions: 33->33
[5589.890s][info][gc,metaspace   ] GC(802) Metaspace: 29996K(30528K)->29996K(30528K) NonClass: 26598K(26880K)->26598K(26880K) Class: 3397K(3648K)->3397K(3648K)
[5589.890s][info][gc             ] GC(802) Pause Young (Normal) (G1 Evacuation Pause) 6537M->2017M(8192M) 151.201ms
[5589.890s][info][gc,cpu         ] GC(802) User=1.20s Sys=0.00s Real=0.15s
. (rIR:aIR:PR = 9686:9692:9685) (tPR = 143345) [OK] 
  5590s: Performance info:
         Transaction,    Success,    Partial,     Failed,   Receipts, AvgBarcode, 
             Overall,     581413,          0,          0,     552658,      59.47, 
         Response times:
             Request,    Success,    Partial,     Failed,   SkipFail,     Probes,    Samples,      min,      p50,      p90,      p95,      p99,      max, 
       TotalPurchase,     552995,          0,          0,          0,     355745,     432571,      400,     7000,    42000,    82000,   146000,  2100000,
     InStorePurchase,     292219,          0,          0,          0,     186669,     227015,      400,     7000,    42000,    82000,   145000,  2100000,
      OnlinePurchase,     202825,          0,          0,          0,     131322,     159358,      400,     7100,    42000,    84000,   148000,  2100000,
        InstPurchase,      57951,          0,          0,          0,      37754,      46198,      400,     6800,    41000,    80000,   146000,  2100000,
          AssocOfCat,        579,          0,          0,          0,        494,        701,    34000,    55000,   131000,   182400,   231900,   531000,
      AssocOfProduct,       5775,          0,          0,          0,       4219,       5389,      800,     7500,    43000,    91000,   155000,   565000,
      BusinessReport,       1456,          0,          0,          0,       1301,       1743,    33000,    61000,   113000,   159000,   232680,   620000,
          CustBuyBeh,       5841,          0,          0,          0,       4283,       5499,      300,     7400,    44000,    84000,   149000,   207000,
       ProductReturn,      15187,          0,          0,          0,      10061,      12400,      300,     7100,    47000,    87000,   153000,   425000,

  5590s: (71%)   IR =   9824 ...[5593.641s][info][gc,start       ] GC(803) Pause Young (Normal) (G1 Evacuation Pause)
[5593.641s][info][gc,task        ] GC(803) Using 8 workers of 8 for evacuation
[5593.797s][info][gc,phases      ] GC(803)   Pre Evacuate Collection Set: 0.23ms
[5593.797s][info][gc,phases      ] GC(803)   Merge Heap Roots: 0.68ms
[5593.797s][info][gc,phases      ] GC(803)   Evacuate Collection Set: 154.46ms
[5593.797s][info][gc,phases      ] GC(803)   Post Evacuate Collection Set: 1.10ms
[5593.797s][info][gc,phases      ] GC(803)   Other: 0.07ms
[5593.797s][info][gc,heap        ] GC(803) Eden regions: 572->0(569)
[5593.797s][info][gc,heap        ] GC(803) Survivor regions: 42->45(77)
[5593.797s][info][gc,heap        ] GC(803) Old regions: 179->186
[5593.797s][info][gc,heap        ] GC(803) Humongous regions: 33->33
[5593.797s][info][gc,metaspace   ] GC(803) Metaspace: 30000K(30528K)->30000K(30528K) NonClass: 26603K(26880K)->26603K(26880K) Class: 3397K(3648K)->3397K(3648K)
[5593.797s][info][gc             ] GC(803) Pause Young (Normal) (G1 Evacuation Pause) 6593M->2091M(8192M) 156.665ms
[5593.797s][info][gc,cpu         ] GC(803) User=1.24s Sys=0.00s Real=0.15s
....[5597.580s][info][gc,start       ] GC(804) Pause Young (Normal) (G1 Evacuation Pause)
[5597.580s][info][gc,task        ] GC(804) Using 8 workers of 8 for evacuation
[5597.732s][info][gc,phases      ] GC(804)   Pre Evacuate Collection Set: 0.24ms
[5597.732s][info][gc,phases      ] GC(804)   Merge Heap Roots: 0.61ms
[5597.732s][info][gc,phases      ] GC(804)   Evacuate Collection Set: 149.67ms
[5597.732s][info][gc,phases      ] GC(804)   Post Evacuate Collection Set: 1.12ms
[5597.732s][info][gc,phases      ] GC(804)   Other: 0.07ms
[5597.732s][info][gc,heap        ] GC(804) Eden regions: 569->0(573)
[5597.732s][info][gc,heap        ] GC(804) Survivor regions: 45->41(77)
[5597.732s][info][gc,heap        ] GC(804) Old regions: 186->193
[5597.732s][info][gc,heap        ] GC(804) Humongous regions: 33->33
[5597.732s][info][gc,metaspace   ] GC(804) Metaspace: 30000K(30528K)->30000K(30528K) NonClass: 26603K(26880K)->26603K(26880K) Class: 3397K(3648K)->3397K(3648K)
[5597.732s][info][gc             ] GC(804) Pause Young (Normal) (G1 Evacuation Pause) 6643M->2122M(8192M) 151.838ms
[5597.732s][info][gc,cpu         ] GC(804) User=1.20s Sys=0.00s Real=0.16s
...|.[5601.426s][info][gc,start       ] GC(805) Pause Young (Normal) (G1 Evacuation Pause)
[5601.426s][info][gc,task        ] GC(805) Using 8 workers of 8 for evacuation
[5601.580s][info][gc,phases      ] GC(805)   Pre Evacuate Collection Set: 0.25ms
[5601.580s][info][gc,phases      ] GC(805)   Merge Heap Roots: 0.63ms
[5601.580s][info][gc,phases      ] GC(805)   Evacuate Collection Set: 152.18ms
[5601.580s][info][gc,phases      ] GC(805)   Post Evacuate Collection Set: 1.08ms
[5601.580s][info][gc,phases      ] GC(805)   Other: 0.06ms
[5601.580s][info][gc,heap        ] GC(805) Eden regions: 573->0(571)
[5601.580s][info][gc,heap        ] GC(805) Survivor regions: 41->43(77)
[5601.580s][info][gc,heap        ] GC(805) Old regions: 193->200
[5601.580s][info][gc,heap        ] GC(805) Humongous regions: 33->33
[5601.580s][info][gc,metaspace   ] GC(805) Metaspace: 30000K(30528K)->30000K(30528K) NonClass: 26603K(26880K)->26603K(26880K) Class: 3397K(3648K)->3397K(3648K)
[5601.580s][info][gc             ] GC(805) Pause Young (Normal) (G1 Evacuation Pause) 6706M->2194M(8192M) 154.352ms
[5601.580s][info][gc,cpu         ] GC(805) User=1.23s Sys=0.00s Real=0.15s
....[5605.425s][info][gc,start       ] GC(806) Pause Young (Normal) (G1 Evacuation Pause)
[5605.425s][info][gc,task        ] GC(806) Using 8 workers of 8 for evacuation
[5605.575s][info][gc,phases      ] GC(806)   Pre Evacuate Collection Set: 0.23ms
[5605.575s][info][gc,phases      ] GC(806)   Merge Heap Roots: 0.57ms
[5605.575s][info][gc,phases      ] GC(806)   Evacuate Collection Set: 148.71ms
[5605.575s][info][gc,phases      ] GC(806)   Post Evacuate Collection Set: 1.10ms
[5605.575s][info][gc,phases      ] GC(806)   Other: 0.07ms
[5605.575s][info][gc,heap        ] GC(806) Eden regions: 571->0(571)
[5605.575s][info][gc,heap        ] GC(806) Survivor regions: 43->43(77)
[5605.575s][info][gc,heap        ] GC(806) Old regions: 200->207
[5605.575s][info][gc,heap        ] GC(806) Humongous regions: 33->33
[5605.575s][info][gc,metaspace   ] GC(806) Metaspace: 30000K(30528K)->30000K(30528K) NonClass: 26603K(26880K)->26603K(26880K) Class: 3397K(3648K)->3397K(3648K)
[5605.575s][info][gc             ] GC(806) Pause Young (Normal) (G1 Evacuation Pause) 6762M->2250M(8192M) 150.806ms
[5605.576s][info][gc,cpu         ] GC(806) User=1.19s Sys=0.00s Real=0.15s
....[5609.474s][info][gc,start       ] GC(807) Pause Young (Normal) (G1 Evacuation Pause)
[5609.474s][info][gc,task        ] GC(807) Using 8 workers of 8 for evacuation
[5609.631s][info][gc,phases      ] GC(807)   Pre Evacuate Collection Set: 0.26ms
[5609.631s][info][gc,phases      ] GC(807)   Merge Heap Roots: 0.64ms
[5609.631s][info][gc,phases      ] GC(807)   Evacuate Collection Set: 154.95ms
[5609.631s][info][gc,phases      ] GC(807)   Post Evacuate Collection Set: 1.13ms
[5609.631s][info][gc,phases      ] GC(807)   Other: 0.06ms
[5609.631s][info][gc,heap        ] GC(807) Eden regions: 571->0(570)
[5609.632s][info][gc,heap        ] GC(807) Survivor regions: 43->44(77)
[5609.632s][info][gc,heap        ] GC(807) Old regions: 207->214
[5609.632s][info][gc,heap        ] GC(807) Humongous regions: 33->33
[5609.632s][info][gc,metaspace   ] GC(807) Metaspace: 30000K(30528K)->30000K(30528K) NonClass: 26603K(26880K)->26603K(26880K) Class: 3397K(3648K)->3397K(3648K)
[5609.632s][info][gc             ] GC(807) Pause Young (Normal) (G1 Evacuation Pause) 6818M->2315M(8192M) 157.174ms
[5609.632s][info][gc,cpu         ] GC(807) User=1.25s Sys=0.00s Real=0.16s
....[5613.406s][info][gc,start       ] GC(808) Pause Young (Normal) (G1 Evacuation Pause)
[5613.406s][info][gc,task        ] GC(808) Using 8 workers of 8 for evacuation
[5613.560s][info][gc,phases      ] GC(808)   Pre Evacuate Collection Set: 0.25ms
[5613.560s][info][gc,phases      ] GC(808)   Merge Heap Roots: 0.62ms
[5613.560s][info][gc,phases      ] GC(808)   Evacuate Collection Set: 152.43ms
[5613.560s][info][gc,phases      ] GC(808)   Post Evacuate Collection Set: 1.08ms
[5613.560s][info][gc,phases      ] GC(808)   Other: 0.06ms
[5613.560s][info][gc,heap        ] GC(808) Eden regions: 570->0(571)
[5613.560s][info][gc,heap        ] GC(808) Survivor regions: 44->43(77)
[5613.560s][info][gc,heap        ] GC(808) Old regions: 214->222
[5613.560s][info][gc,heap        ] GC(808) Humongous regions: 33->33
[5613.560s][info][gc,metaspace   ] GC(808) Metaspace: 30000K(30528K)->30000K(30528K) NonClass: 26603K(26880K)->26603K(26880K) Class: 3397K(3648K)->3397K(3648K)
[5613.560s][info][gc             ] GC(808) Pause Young (Normal) (G1 Evacuation Pause) 6875M->2367M(8192M) 154.581ms
[5613.560s][info][gc,cpu         ] GC(808) User=1.23s Sys=0.00s Real=0.15s
....[5617.398s][info][gc,start       ] GC(809) Pause Young (Normal) (G1 Evacuation Pause)
[5617.398s][info][gc,task        ] GC(809) Using 8 workers of 8 for evacuation
[5617.550s][info][gc,phases      ] GC(809)   Pre Evacuate Collection Set: 0.25ms
[5617.550s][info][gc,phases      ] GC(809)   Merge Heap Roots: 0.64ms
[5617.550s][info][gc,phases      ] GC(809)   Evacuate Collection Set: 149.19ms
[5617.550s][info][gc,phases      ] GC(809)   Post Evacuate Collection Set: 1.07ms
[5617.550s][info][gc,phases      ] GC(809)   Other: 0.06ms
[5617.550s][info][gc,heap        ] GC(809) Eden regions: 571->0(571)
[5617.550s][info][gc,heap        ] GC(809) Survivor regions: 43->43(77)
[5617.550s][info][gc,heap        ] GC(809) Old regions: 222->229
[5617.550s][info][gc,heap        ] GC(809) Humongous regions: 33->33
[5617.550s][info][gc,metaspace   ] GC(809) Metaspace: 30000K(30528K)->30000K(30528K) NonClass: 26603K(26880K)->26603K(26880K) Class: 3397K(3648K)->3397K(3648K)
[5617.550s][info][gc             ] GC(809) Pause Young (Normal) (G1 Evacuation Pause) 6935M->2421M(8192M) 151.347ms
[5617.550s][info][gc,cpu         ] GC(809) User=1.20s Sys=0.00s Real=0.15s
...[5621.203s][info][gc,start       ] GC(810) Pause Young (Normal) (G1 Evacuation Pause)
[5621.203s][info][gc,task        ] GC(810) Using 8 workers of 8 for evacuation
[5621.356s][info][gc,phases      ] GC(810)   Pre Evacuate Collection Set: 0.22ms
[5621.356s][info][gc,phases      ] GC(810)   Merge Heap Roots: 0.57ms
[5621.356s][info][gc,phases      ] GC(810)   Evacuate Collection Set: 151.33ms
[5621.356s][info][gc,phases      ] GC(810)   Post Evacuate Collection Set: 1.02ms
[5621.356s][info][gc,phases      ] GC(810)   Other: 0.06ms
[5621.356s][info][gc,heap        ] GC(810) Eden regions: 571->0(571)
[5621.356s][info][gc,heap        ] GC(810) Survivor regions: 43->43(77)
[5621.356s][info][gc,heap        ] GC(810) Old regions: 229->236
[5621.356s][info][gc,heap        ] GC(810) Humongous regions: 33->33
[5621.356s][info][gc,metaspace   ] GC(810) Metaspace: 30000K(30528K)->30000K(30528K) NonClass: 26603K(26880K)->26603K(26880K) Class: 3397K(3648K)->3397K(3648K)
[5621.356s][info][gc             ] GC(810) Pause Young (Normal) (G1 Evacuation Pause) 6989M->2479M(8192M) 153.326ms
[5621.357s][info][gc,cpu         ] GC(810) User=1.22s Sys=0.00s Real=0.15s
....[5625.198s][info][gc,start       ] GC(811) Pause Young (Normal) (G1 Evacuation Pause)
[5625.198s][info][gc,task        ] GC(811) Using 8 workers of 8 for evacuation
[5625.352s][info][gc,phases      ] GC(811)   Pre Evacuate Collection Set: 0.27ms
[5625.352s][info][gc,phases      ] GC(811)   Merge Heap Roots: 0.58ms
[5625.352s][info][gc,phases      ] GC(811)   Evacuate Collection Set: 151.63ms
[5625.352s][info][gc,phases      ] GC(811)   Post Evacuate Collection Set: 1.08ms
[5625.352s][info][gc,phases      ] GC(811)   Other: 0.06ms
[5625.352s][info][gc,heap        ] GC(811) Eden regions: 571->0(570)
[5625.352s][info][gc,heap        ] GC(811) Survivor regions: 43->44(77)
[5625.352s][info][gc,heap        ] GC(811) Old regions: 236->243
[5625.352s][info][gc,heap        ] GC(811) Humongous regions: 33->33
[5625.352s][info][gc,metaspace   ] GC(811) Metaspace: 30000K(30528K)->30000K(30528K) NonClass: 26603K(26880K)->26603K(26880K) Class: 3397K(3648K)->3397K(3648K)
[5625.352s][info][gc             ] GC(811) Pause Young (Normal) (G1 Evacuation Pause) 7047M->2542M(8192M) 153.755ms
[5625.352s][info][gc,cpu         ] GC(811) User=1.22s Sys=0.00s Real=0.16s
....[5629.125s][info][gc,start       ] GC(812) Pause Young (Normal) (G1 Evacuation Pause)
[5629.125s][info][gc,task        ] GC(812) Using 8 workers of 8 for evacuation
[5629.280s][info][gc,phases      ] GC(812)   Pre Evacuate Collection Set: 0.24ms
[5629.280s][info][gc,phases      ] GC(812)   Merge Heap Roots: 0.65ms
[5629.280s][info][gc,phases      ] GC(812)   Evacuate Collection Set: 152.75ms
[5629.280s][info][gc,phases      ] GC(812)   Post Evacuate Collection Set: 1.06ms
[5629.280s][info][gc,phases      ] GC(812)   Other: 0.06ms
[5629.280s][info][gc,heap        ] GC(812) Eden regions: 570->0(570)
[5629.280s][info][gc,heap        ] GC(812) Survivor regions: 44->44(77)
[5629.280s][info][gc,heap        ] GC(812) Old regions: 243->250
[5629.280s][info][gc,heap        ] GC(812) Humongous regions: 33->33
[5629.280s][info][gc,metaspace   ] GC(812) Metaspace: 30000K(30528K)->30000K(30528K) NonClass: 26603K(26880K)->26603K(26880K) Class: 3397K(3648K)->3397K(3648K)
[5629.280s][info][gc             ] GC(812) Pause Young (Normal) (G1 Evacuation Pause) 7102M->2599M(8192M) 154.904ms
[5629.280s][info][gc,cpu         ] GC(812) User=1.23s Sys=0.00s Real=0.15s
....[5633.054s][info][gc,start       ] GC(813) Pause Young (Normal) (G1 Evacuation Pause)
[5633.054s][info][gc,task        ] GC(813) Using 8 workers of 8 for evacuation
[5633.205s][info][gc,phases      ] GC(813)   Pre Evacuate Collection Set: 0.22ms
[5633.205s][info][gc,phases      ] GC(813)   Merge Heap Roots: 0.59ms
[5633.205s][info][gc,phases      ] GC(813)   Evacuate Collection Set: 149.16ms
[5633.205s][info][gc,phases      ] GC(813)   Post Evacuate Collection Set: 1.07ms
[5633.205s][info][gc,phases      ] GC(813)   Other: 0.06ms
[5633.205s][info][gc,heap        ] GC(813) Eden regions: 570->0(571)
[5633.205s][info][gc,heap        ] GC(813) Survivor regions: 44->43(77)
[5633.205s][info][gc,heap        ] GC(813) Old regions: 250->258
[5633.205s][info][gc,heap        ] GC(813) Humongous regions: 33->33
[5633.205s][info][gc,metaspace   ] GC(813) Metaspace: 30000K(30528K)->30000K(30528K) NonClass: 26603K(26880K)->26603K(26880K) Class: 3397K(3648K)->3397K(3648K)
[5633.205s][info][gc             ] GC(813) Pause Young (Normal) (G1 Evacuation Pause) 7159M->2649M(8192M) 151.267ms
[5633.205s][info][gc,cpu         ] GC(813) User=1.20s Sys=0.00s Real=0.15s
....[5637.008s][info][gc,start       ] GC(814) Pause Young (Normal) (G1 Evacuation Pause)
[5637.008s][info][gc,task        ] GC(814) Using 8 workers of 8 for evacuation
[5637.162s][info][gc,phases      ] GC(814)   Pre Evacuate Collection Set: 0.22ms
[5637.162s][info][gc,phases      ] GC(814)   Merge Heap Roots: 0.57ms
[5637.162s][info][gc,phases      ] GC(814)   Evacuate Collection Set: 152.07ms
[5637.162s][info][gc,phases      ] GC(814)   Post Evacuate Collection Set: 1.10ms
[5637.162s][info][gc,phases      ] GC(814)   Other: 0.07ms
[5637.162s][info][gc,heap        ] GC(814) Eden regions: 571->0(571)
[5637.162s][info][gc,heap        ] GC(814) Survivor regions: 43->43(77)
[5637.162s][info][gc,heap        ] GC(814) Old regions: 258->265
[5637.162s][info][gc,heap        ] GC(814) Humongous regions: 33->33
[5637.162s][info][gc,metaspace   ] GC(814) Metaspace: 30000K(30528K)->30000K(30528K) NonClass: 26603K(26880K)->26603K(26880K) Class: 3397K(3648K)->3397K(3648K)
[5637.162s][info][gc             ] GC(814) Pause Young (Normal) (G1 Evacuation Pause) 7217M->2705M(8192M) 154.153ms
[5637.162s][info][gc,cpu         ] GC(814) User=1.22s Sys=0.00s Real=0.16s
....[5640.946s][info][gc,start       ] GC(815) Pause Young (Normal) (G1 Evacuation Pause)
[5640.946s][info][gc,task        ] GC(815) Using 8 workers of 8 for evacuation
[5641.105s][info][gc,phases      ] GC(815)   Pre Evacuate Collection Set: 0.24ms
[5641.105s][info][gc,phases      ] GC(815)   Merge Heap Roots: 0.62ms
[5641.105s][info][gc,phases      ] GC(815)   Evacuate Collection Set: 157.00ms
[5641.105s][info][gc,phases      ] GC(815)   Post Evacuate Collection Set: 1.06ms
[5641.105s][info][gc,phases      ] GC(815)   Other: 0.06ms
[5641.105s][info][gc,heap        ] GC(815) Eden regions: 571->0(569)
[5641.105s][info][gc,heap        ] GC(815) Survivor regions: 43->45(77)
[5641.105s][info][gc,heap        ] GC(815) Old regions: 265->272
[5641.105s][info][gc,heap        ] GC(815) Humongous regions: 33->33
[5641.105s][info][gc,metaspace   ] GC(815) Metaspace: 30000K(30528K)->30000K(30528K) NonClass: 26603K(26880K)->26603K(26880K) Class: 3397K(3648K)->3397K(3648K)
[5641.105s][info][gc             ] GC(815) Pause Young (Normal) (G1 Evacuation Pause) 7273M->2783M(8192M) 159.112ms
[5641.105s][info][gc,cpu         ] GC(815) User=1.26s Sys=0.00s Real=0.16s
....[5644.931s][info][gc,start       ] GC(816) Pause Young (Normal) (G1 Evacuation Pause)
[5644.931s][info][gc,task        ] GC(816) Using 8 workers of 8 for evacuation
[5645.083s][info][gc,phases      ] GC(816)   Pre Evacuate Collection Set: 0.24ms
[5645.083s][info][gc,phases      ] GC(816)   Merge Heap Roots: 0.67ms
[5645.083s][info][gc,phases      ] GC(816)   Evacuate Collection Set: 150.32ms
[5645.083s][info][gc,phases      ] GC(816)   Post Evacuate Collection Set: 1.06ms
[5645.083s][info][gc,phases      ] GC(816)   Other: 0.06ms
[5645.083s][info][gc,heap        ] GC(816) Eden regions: 569->0(570)
[5645.083s][info][gc,heap        ] GC(816) Survivor regions: 45->44(77)
[5645.083s][info][gc,heap        ] GC(816) Old regions: 272->279
[5645.083s][info][gc,heap        ] GC(816) Humongous regions: 33->33
[5645.083s][info][gc,metaspace   ] GC(816) Metaspace: 30000K(30528K)->30000K(30528K) NonClass: 26603K(26880K)->26603K(26880K) Class: 3397K(3648K)->3397K(3648K)
[5645.083s][info][gc             ] GC(816) Pause Young (Normal) (G1 Evacuation Pause) 7335M->2829M(8192M) 152.478ms
[5645.083s][info][gc,cpu         ] GC(816) User=1.21s Sys=0.00s Real=0.16s
....[5648.790s][info][gc,start       ] GC(817) Pause Young (Normal) (G1 Evacuation Pause)
[5648.790s][info][gc,task        ] GC(817) Using 8 workers of 8 for evacuation
[5648.945s][info][gc,phases      ] GC(817)   Pre Evacuate Collection Set: 0.26ms
[5648.945s][info][gc,phases      ] GC(817)   Merge Heap Roots: 0.61ms
[5648.945s][info][gc,phases      ] GC(817)   Evacuate Collection Set: 152.88ms
[5648.945s][info][gc,phases      ] GC(817)   Post Evacuate Collection Set: 1.16ms
[5648.945s][info][gc,phases      ] GC(817)   Other: 0.06ms
[5648.945s][info][gc,heap        ] GC(817) Eden regions: 570->0(567)
[5648.945s][info][gc,heap        ] GC(817) Survivor regions: 44->43(77)
[5648.945s][info][gc,heap        ] GC(817) Old regions: 279->286
[5648.945s][info][gc,heap        ] GC(817) Humongous regions: 33->33
[5648.945s][info][gc,metaspace   ] GC(817) Metaspace: 30001K(30528K)->30001K(30528K) NonClass: 26604K(26880K)->26604K(26880K) Class: 3397K(3648K)->3397K(3648K)
[5648.945s][info][gc             ] GC(817) Pause Young (Normal) (G1 Evacuation Pause) 7389M->2882M(8192M) 155.105ms
[5648.945s][info][gc,cpu         ] GC(817) User=1.22s Sys=0.00s Real=0.16s
....[5652.800s][info][gc,start       ] GC(818) Pause Young (Normal) (G1 Evacuation Pause)
[5652.800s][info][gc,task        ] GC(818) Using 8 workers of 8 for evacuation
[5652.953s][info][gc,phases      ] GC(818)   Pre Evacuate Collection Set: 0.25ms
[5652.953s][info][gc,phases      ] GC(818)   Merge Heap Roots: 0.66ms
[5652.953s][info][gc,phases      ] GC(818)   Evacuate Collection Set: 151.32ms
[5652.953s][info][gc,phases      ] GC(818)   Post Evacuate Collection Set: 1.15ms
[5652.953s][info][gc,phases      ] GC(818)   Other: 0.06ms
[5652.953s][info][gc,heap        ] GC(818) Eden regions: 567->0(560)
[5652.953s][info][gc,heap        ] GC(818) Survivor regions: 43->43(77)
[5652.953s][info][gc,heap        ] GC(818) Old regions: 286->293
[5652.953s][info][gc,heap        ] GC(818) Humongous regions: 33->33
[5652.953s][info][gc,metaspace   ] GC(818) Metaspace: 30001K(30528K)->30001K(30528K) NonClass: 26604K(26880K)->26604K(26880K) Class: 3397K(3648K)->3397K(3648K)
[5652.953s][info][gc             ] GC(818) Pause Young (Normal) (G1 Evacuation Pause) 7418M->2939M(8192M) 153.566ms
[5652.953s][info][gc,cpu         ] GC(818) User=1.22s Sys=0.00s Real=0.16s
....[5656.697s][info][gc,start       ] GC(819) Pause Young (Normal) (G1 Evacuation Pause)
[5656.697s][info][gc,task        ] GC(819) Using 8 workers of 8 for evacuation
[5656.846s][info][gc,phases      ] GC(819)   Pre Evacuate Collection Set: 0.28ms
[5656.846s][info][gc,phases      ] GC(819)   Merge Heap Roots: 0.66ms
[5656.846s][info][gc,phases      ] GC(819)   Evacuate Collection Set: 146.74ms
[5656.846s][info][gc,phases      ] GC(819)   Post Evacuate Collection Set: 1.03ms
[5656.846s][info][gc,phases      ] GC(819)   Other: 0.06ms
[5656.846s][info][gc,heap        ] GC(819) Eden regions: 560->0(552)
[5656.846s][info][gc,heap        ] GC(819) Survivor regions: 43->43(76)
[5656.846s][info][gc,heap        ] GC(819) Old regions: 293->301
[5656.846s][info][gc,heap        ] GC(819) Humongous regions: 33->33
[5656.846s][info][gc,metaspace   ] GC(819) Metaspace: 30001K(30528K)->30001K(30528K) NonClass: 26604K(26880K)->26604K(26880K) Class: 3397K(3648K)->3397K(3648K)
[5656.846s][info][gc             ] GC(819) Pause Young (Normal) (G1 Evacuation Pause) 7419M->2995M(8192M) 148.904ms
[5656.846s][info][gc,cpu         ] GC(819) User=1.18s Sys=0.00s Real=0.15s
...[5660.368s][info][gc,start       ] GC(820) Pause Young (Normal) (G1 Evacuation Pause)
[5660.368s][info][gc,task        ] GC(820) Using 8 workers of 8 for evacuation
[5660.522s][info][gc,phases      ] GC(820)   Pre Evacuate Collection Set: 0.22ms
[5660.522s][info][gc,phases      ] GC(820)   Merge Heap Roots: 0.62ms
[5660.522s][info][gc,phases      ] GC(820)   Evacuate Collection Set: 152.31ms
[5660.523s][info][gc,phases      ] GC(820)   Post Evacuate Collection Set: 1.01ms
[5660.523s][info][gc,phases      ] GC(820)   Other: 0.06ms
[5660.523s][info][gc,heap        ] GC(820) Eden regions: 552->0(545)
[5660.523s][info][gc,heap        ] GC(820) Survivor regions: 43->43(75)
[5660.523s][info][gc,heap        ] GC(820) Old regions: 301->308
[5660.523s][info][gc,heap        ] GC(820) Humongous regions: 33->33
[5660.523s][info][gc,metaspace   ] GC(820) Metaspace: 30001K(30528K)->30001K(30528K) NonClass: 26604K(26880K)->26604K(26880K) Class: 3397K(3648K)->3397K(3648K)
[5660.523s][info][gc             ] GC(820) Pause Young (Normal) (G1 Evacuation Pause) 7411M->3055M(8192M) 154.357ms
[5660.523s][info][gc,cpu         ] GC(820) User=1.22s Sys=0.00s Real=0.16s
. (rIR:aIR:PR = 9824:9742:9736) (tPR = 145694) [OK] 
  5660s: Performance info:
         Transaction,    Success,    Partial,     Failed,   Receipts, AvgBarcode, 
             Overall,     586528,          0,          0,     557123,      59.47, 
         Response times:
             Request,    Success,    Partial,     Failed,   SkipFail,     Probes,    Samples,      min,      p50,      p90,      p95,      p99,      max, 
       TotalPurchase,     557508,          0,          0,          0,     358494,     422852,      300,     6800,    25000,    54000,   109000,   580000,
     InStorePurchase,     291600,          0,          0,          0,     188655,     222392,      300,     6800,    25000,    55000,   108000,   579000,
      OnlinePurchase,     207115,          0,          0,          0,     132440,     156061,      300,     6700,    24000,    53000,   109000,   580000,
        InstPurchase,      58793,          0,          0,          0,      37399,      44399,      400,     7100,    25000,    56000,   111000,   513000,
          AssocOfCat,        592,          0,          0,          0,        487,        672,    31000,    53000,    87000,   128750,   207540,   227000,
      AssocOfProduct,       5913,          0,          0,          0,       4376,       5346,      800,     8200,    28000,    56000,   116530,   406000,
      BusinessReport,       1477,          0,          0,          0,       1324,       1707,    29000,    61000,    96200,   130000,   210760,   240000,
          CustBuyBeh,       5932,          0,          0,          0,       4313,       5401,      500,     6800,    23000,    55000,   107980,   451000,
       ProductReturn,      15527,          0,          0,          0,       9146,      11028,      600,     6900,    27000,    66000,   128000,   513000,

  5660s: (72%)   IR =   9963 ...[5664.150s][info][gc,start       ] GC(821) Pause Young (Concurrent Start) (G1 Evacuation Pause)
[5664.150s][info][gc,task        ] GC(821) Using 8 workers of 8 for evacuation
[5664.305s][info][gc,phases      ] GC(821)   Pre Evacuate Collection Set: 0.27ms
[5664.305s][info][gc,phases      ] GC(821)   Merge Heap Roots: 0.54ms
[5664.305s][info][gc,phases      ] GC(821)   Evacuate Collection Set: 152.50ms
[5664.305s][info][gc,phases      ] GC(821)   Post Evacuate Collection Set: 1.08ms
[5664.305s][info][gc,phases      ] GC(821)   Other: 0.10ms
[5664.305s][info][gc,heap        ] GC(821) Eden regions: 545->0(537)
[5664.305s][info][gc,heap        ] GC(821) Survivor regions: 43->43(74)
[5664.305s][info][gc,heap        ] GC(821) Old regions: 308->316
[5664.305s][info][gc,heap        ] GC(821) Humongous regions: 33->33
[5664.305s][info][gc,metaspace   ] GC(821) Metaspace: 30001K(30528K)->30001K(30528K) NonClass: 26604K(26880K)->26604K(26880K) Class: 3397K(3648K)->3397K(3648K)
[5664.305s][info][gc             ] GC(821) Pause Young (Concurrent Start) (G1 Evacuation Pause) 7415M->3121M(8192M) 154.623ms
[5664.305s][info][gc             ] GC(822) Concurrent Mark Cycle
[5664.305s][info][gc,marking     ] GC(822) Concurrent Scan Root Regions
[5664.305s][info][gc,cpu         ] GC(821) User=1.22s Sys=0.00s Real=0.16s
.[5664.777s][info][gc,marking     ] GC(822) Concurrent Scan Root Regions 472.161ms
[5664.777s][info][gc,marking     ] GC(822) Concurrent Mark
[5664.777s][info][gc,marking     ] GC(822) Concurrent Mark From Roots
[5664.777s][info][gc,task        ] GC(822) Using 2 workers of 2 for marking
.[5666.082s][info][gc,marking     ] GC(822) Concurrent Mark From Roots 1304.445ms
[5666.082s][info][gc,marking     ] GC(822) Concurrent Preclean
[5666.082s][info][gc,marking     ] GC(822) Concurrent Preclean 0.125ms
[5666.082s][info][gc,start       ] GC(822) Pause Remark
[5666.086s][info][gc             ] GC(822) Pause Remark 5234M->4682M(8192M) 3.755ms
[5666.086s][info][gc,cpu         ] GC(822) User=0.03s Sys=0.00s Real=0.00s
[5666.086s][info][gc,marking     ] GC(822) Concurrent Mark 1308.692ms
[5666.086s][info][gc,marking     ] GC(822) Concurrent Rebuild Remembered Sets and Scrub Regions
.[5666.920s][info][gc,marking     ] GC(822) Concurrent Rebuild Remembered Sets and Scrub Regions 834.168ms
[5666.920s][info][gc,start       ] GC(822) Pause Cleanup
[5666.921s][info][gc             ] GC(822) Pause Cleanup 5769M->5769M(8192M) 0.266ms
[5666.921s][info][gc,cpu         ] GC(822) User=0.00s Sys=0.00s Real=0.00s
[5666.921s][info][gc,marking     ] GC(822) Concurrent Clear Claimed Marks
[5666.921s][info][gc,marking     ] GC(822) Concurrent Clear Claimed Marks 0.043ms
[5666.921s][info][gc,marking     ] GC(822) Concurrent Cleanup for Next Mark
[5666.932s][info][gc,marking     ] GC(822) Concurrent Cleanup for Next Mark 10.838ms
[5666.932s][info][gc             ] GC(822) Concurrent Mark Cycle 2626.594ms
.[5667.817s][info][gc,start       ] GC(823) Pause Young (Prepare Mixed) (G1 Evacuation Pause)
[5667.817s][info][gc,task        ] GC(823) Using 8 workers of 8 for evacuation
[5667.966s][info][gc,phases      ] GC(823)   Pre Evacuate Collection Set: 0.28ms
[5667.966s][info][gc,phases      ] GC(823)   Merge Heap Roots: 0.90ms
[5667.966s][info][gc,phases      ] GC(823)   Evacuate Collection Set: 146.69ms
[5667.966s][info][gc,phases      ] GC(823)   Post Evacuate Collection Set: 1.15ms
[5667.966s][info][gc,phases      ] GC(823)   Other: 0.07ms
[5667.966s][info][gc,heap        ] GC(823) Eden regions: 537->0(572)
[5667.966s][info][gc,heap        ] GC(823) Survivor regions: 43->42(73)
[5667.966s][info][gc,heap        ] GC(823) Old regions: 247->255
[5667.966s][info][gc,heap        ] GC(823) Humongous regions: 33->33
[5667.966s][info][gc,metaspace   ] GC(823) Metaspace: 30005K(30528K)->30005K(30528K) NonClass: 26607K(26880K)->26607K(26880K) Class: 3397K(3648K)->3397K(3648K)
[5667.966s][info][gc             ] GC(823) Pause Young (Prepare Mixed) (G1 Evacuation Pause) 6865M->2617M(8192M) 149.256ms
[5667.966s][info][gc,cpu         ] GC(823) User=1.18s Sys=0.00s Real=0.15s
.|..[5671.684s][info][gc,start       ] GC(824) Pause Young (Mixed) (G1 Evacuation Pause)
[5671.684s][info][gc,task        ] GC(824) Using 8 workers of 8 for evacuation
[5671.847s][info][gc,phases      ] GC(824)   Pre Evacuate Collection Set: 0.29ms
[5671.847s][info][gc,phases      ] GC(824)   Merge Heap Roots: 0.88ms
[5671.847s][info][gc,phases      ] GC(824)   Evacuate Collection Set: 159.91ms
[5671.847s][info][gc,phases      ] GC(824)   Post Evacuate Collection Set: 1.36ms
[5671.847s][info][gc,phases      ] GC(824)   Other: 0.08ms
[5671.847s][info][gc,heap        ] GC(824) Eden regions: 572->0(571)
[5671.847s][info][gc,heap        ] GC(824) Survivor regions: 42->43(77)
[5671.847s][info][gc,heap        ] GC(824) Old regions: 255->160
[5671.847s][info][gc,heap        ] GC(824) Humongous regions: 33->33
[5671.847s][info][gc,metaspace   ] GC(824) Metaspace: 30005K(30528K)->30005K(30528K) NonClass: 26607K(26880K)->26607K(26880K) Class: 3397K(3648K)->3397K(3648K)
[5671.847s][info][gc             ] GC(824) Pause Young (Mixed) (G1 Evacuation Pause) 7193M->1870M(8192M) 162.680ms
[5671.847s][info][gc,cpu         ] GC(824) User=1.28s Sys=0.00s Real=0.16s
....[5675.502s][info][gc,start       ] GC(825) Pause Young (Mixed) (G1 Evacuation Pause)
[5675.502s][info][gc,task        ] GC(825) Using 8 workers of 8 for evacuation
[5675.661s][info][gc,phases      ] GC(825)   Pre Evacuate Collection Set: 0.26ms
[5675.661s][info][gc,phases      ] GC(825)   Merge Heap Roots: 0.90ms
[5675.661s][info][gc,phases      ] GC(825)   Evacuate Collection Set: 157.16ms
[5675.661s][info][gc,phases      ] GC(825)   Post Evacuate Collection Set: 1.08ms
[5675.661s][info][gc,phases      ] GC(825)   Other: 0.06ms
[5675.661s][info][gc,heap        ] GC(825) Eden regions: 571->0(572)
[5675.662s][info][gc,heap        ] GC(825) Survivor regions: 43->42(77)
[5675.662s][info][gc,heap        ] GC(825) Old regions: 160->143
[5675.662s][info][gc,heap        ] GC(825) Humongous regions: 33->33
[5675.662s][info][gc,metaspace   ] GC(825) Metaspace: 30005K(30528K)->30005K(30528K) NonClass: 26607K(26880K)->26607K(26880K) Class: 3397K(3648K)->3397K(3648K)
[5675.662s][info][gc             ] GC(825) Pause Young (Mixed) (G1 Evacuation Pause) 6438M->1725M(8192M) 159.583ms
[5675.662s][info][gc,cpu         ] GC(825) User=1.26s Sys=0.00s Real=0.16s
....[5679.402s][info][gc,start       ] GC(826) Pause Young (Normal) (G1 Evacuation Pause)
[5679.402s][info][gc,task        ] GC(826) Using 8 workers of 8 for evacuation
[5679.550s][info][gc,phases      ] GC(826)   Pre Evacuate Collection Set: 0.24ms
[5679.550s][info][gc,phases      ] GC(826)   Merge Heap Roots: 0.55ms
[5679.550s][info][gc,phases      ] GC(826)   Evacuate Collection Set: 146.40ms
[5679.550s][info][gc,phases      ] GC(826)   Post Evacuate Collection Set: 1.03ms
[5679.550s][info][gc,phases      ] GC(826)   Other: 0.06ms
[5679.550s][info][gc,heap        ] GC(826) Eden regions: 572->0(571)
[5679.550s][info][gc,heap        ] GC(826) Survivor regions: 42->43(77)
[5679.550s][info][gc,heap        ] GC(826) Old regions: 143->149
[5679.550s][info][gc,heap        ] GC(826) Humongous regions: 33->33
[5679.550s][info][gc,metaspace   ] GC(826) Metaspace: 30005K(30528K)->30005K(30528K) NonClass: 26607K(26880K)->26607K(26880K) Class: 3397K(3648K)->3397K(3648K)
[5679.550s][info][gc             ] GC(826) Pause Young (Normal) (G1 Evacuation Pause) 6301M->1783M(8192M) 148.409ms
[5679.550s][info][gc,cpu         ] GC(826) User=1.17s Sys=0.00s Real=0.14s
....[5683.356s][info][gc,start       ] GC(827) Pause Young (Normal) (G1 Evacuation Pause)
[5683.356s][info][gc,task        ] GC(827) Using 8 workers of 8 for evacuation
[5683.505s][info][gc,phases      ] GC(827)   Pre Evacuate Collection Set: 0.26ms
[5683.505s][info][gc,phases      ] GC(827)   Merge Heap Roots: 0.60ms
[5683.505s][info][gc,phases      ] GC(827)   Evacuate Collection Set: 146.77ms
[5683.505s][info][gc,phases      ] GC(827)   Post Evacuate Collection Set: 1.05ms
[5683.505s][info][gc,phases      ] GC(827)   Other: 0.07ms
[5683.505s][info][gc,heap        ] GC(827) Eden regions: 571->0(572)
[5683.505s][info][gc,heap        ] GC(827) Survivor regions: 43->42(77)
[5683.505s][info][gc,heap        ] GC(827) Old regions: 149->156
[5683.505s][info][gc,heap        ] GC(827) Humongous regions: 33->33
[5683.505s][info][gc,metaspace   ] GC(827) Metaspace: 30005K(30528K)->30005K(30528K) NonClass: 26607K(26880K)->26607K(26880K) Class: 3397K(3648K)->3397K(3648K)
[5683.505s][info][gc             ] GC(827) Pause Young (Normal) (G1 Evacuation Pause) 6351M->1834M(8192M) 148.889ms
[5683.505s][info][gc,cpu         ] GC(827) User=1.18s Sys=0.00s Real=0.15s
....[5687.242s][info][gc,start       ] GC(828) Pause Young (Normal) (G1 Evacuation Pause)
[5687.242s][info][gc,task        ] GC(828) Using 8 workers of 8 for evacuation
[5687.397s][info][gc,phases      ] GC(828)   Pre Evacuate Collection Set: 0.25ms
[5687.397s][info][gc,phases      ] GC(828)   Merge Heap Roots: 0.59ms
[5687.397s][info][gc,phases      ] GC(828)   Evacuate Collection Set: 153.13ms
[5687.397s][info][gc,phases      ] GC(828)   Post Evacuate Collection Set: 1.08ms
[5687.397s][info][gc,phases      ] GC(828)   Other: 0.07ms
[5687.397s][info][gc,heap        ] GC(828) Eden regions: 572->0(570)
[5687.397s][info][gc,heap        ] GC(828) Survivor regions: 42->44(77)
[5687.397s][info][gc,heap        ] GC(828) Old regions: 156->163
[5687.397s][info][gc,heap        ] GC(828) Humongous regions: 33->33
[5687.397s][info][gc,metaspace   ] GC(828) Metaspace: 30005K(30528K)->30005K(30528K) NonClass: 26607K(26880K)->26607K(26880K) Class: 3397K(3648K)->3397K(3648K)
[5687.397s][info][gc             ] GC(828) Pause Young (Normal) (G1 Evacuation Pause) 6410M->1907M(8192M) 155.265ms
[5687.397s][info][gc,cpu         ] GC(828) User=1.23s Sys=0.00s Real=0.15s
....[5691.082s][info][gc,start       ] GC(829) Pause Young (Normal) (G1 Evacuation Pause)
[5691.082s][info][gc,task        ] GC(829) Using 8 workers of 8 for evacuation
[5691.239s][info][gc,phases      ] GC(829)   Pre Evacuate Collection Set: 0.23ms
[5691.239s][info][gc,phases      ] GC(829)   Merge Heap Roots: 0.60ms
[5691.239s][info][gc,phases      ] GC(829)   Evacuate Collection Set: 155.82ms
[5691.239s][info][gc,phases      ] GC(829)   Post Evacuate Collection Set: 1.04ms
[5691.239s][info][gc,phases      ] GC(829)   Other: 0.06ms
[5691.240s][info][gc,heap        ] GC(829) Eden regions: 570->0(569)
[5691.240s][info][gc,heap        ] GC(829) Survivor regions: 44->45(77)
[5691.240s][info][gc,heap        ] GC(829) Old regions: 163->170
[5691.240s][info][gc,heap        ] GC(829) Humongous regions: 33->33
[5691.240s][info][gc,metaspace   ] GC(829) Metaspace: 30005K(30528K)->30005K(30528K) NonClass: 26607K(26880K)->26607K(26880K) Class: 3397K(3648K)->3397K(3648K)
[5691.240s][info][gc             ] GC(829) Pause Young (Normal) (G1 Evacuation Pause) 6467M->1971M(8192M) 157.871ms
[5691.240s][info][gc,cpu         ] GC(829) User=1.25s Sys=0.00s Real=0.15s
....[5694.964s][info][gc,start       ] GC(830) Pause Young (Normal) (G1 Evacuation Pause)
[5694.964s][info][gc,task        ] GC(830) Using 8 workers of 8 for evacuation
[5695.119s][info][gc,phases      ] GC(830)   Pre Evacuate Collection Set: 0.24ms
[5695.119s][info][gc,phases      ] GC(830)   Merge Heap Roots: 0.61ms
[5695.119s][info][gc,phases      ] GC(830)   Evacuate Collection Set: 152.90ms
[5695.119s][info][gc,phases      ] GC(830)   Post Evacuate Collection Set: 1.08ms
[5695.119s][info][gc,phases      ] GC(830)   Other: 0.06ms
[5695.119s][info][gc,heap        ] GC(830) Eden regions: 569->0(571)
[5695.119s][info][gc,heap        ] GC(830) Survivor regions: 45->43(77)
[5695.119s][info][gc,heap        ] GC(830) Old regions: 170->178
[5695.119s][info][gc,heap        ] GC(830) Humongous regions: 33->33
[5695.119s][info][gc,metaspace   ] GC(830) Metaspace: 30005K(30528K)->30005K(30528K) NonClass: 26607K(26880K)->26607K(26880K) Class: 3397K(3648K)->3397K(3648K)
[5695.119s][info][gc             ] GC(830) Pause Young (Normal) (G1 Evacuation Pause) 6523M->2015M(8192M) 155.030ms
[5695.119s][info][gc,cpu         ] GC(830) User=1.23s Sys=0.00s Real=0.15s
...[5698.776s][info][gc,start       ] GC(831) Pause Young (Normal) (G1 Evacuation Pause)
[5698.776s][info][gc,task        ] GC(831) Using 8 workers of 8 for evacuation
[5698.934s][info][gc,phases      ] GC(831)   Pre Evacuate Collection Set: 0.22ms
[5698.934s][info][gc,phases      ] GC(831)   Merge Heap Roots: 0.57ms
[5698.934s][info][gc,phases      ] GC(831)   Evacuate Collection Set: 155.85ms
[5698.934s][info][gc,phases      ] GC(831)   Post Evacuate Collection Set: 1.10ms
[5698.934s][info][gc,phases      ] GC(831)   Other: 0.08ms
[5698.934s][info][gc,heap        ] GC(831) Eden regions: 571->0(570)
[5698.934s][info][gc,heap        ] GC(831) Survivor regions: 43->44(77)
[5698.934s][info][gc,heap        ] GC(831) Old regions: 178->185
[5698.934s][info][gc,heap        ] GC(831) Humongous regions: 33->33
[5698.934s][info][gc,metaspace   ] GC(831) Metaspace: 30005K(30528K)->30005K(30528K) NonClass: 26607K(26880K)->26607K(26880K) Class: 3397K(3648K)->3397K(3648K)
[5698.934s][info][gc             ] GC(831) Pause Young (Normal) (G1 Evacuation Pause) 6583M->2075M(8192M) 157.964ms
[5698.934s][info][gc,cpu         ] GC(831) User=1.25s Sys=0.01s Real=0.16s
....[5702.655s][info][gc,start       ] GC(832) Pause Young (Normal) (G1 Evacuation Pause)
[5702.655s][info][gc,task        ] GC(832) Using 8 workers of 8 for evacuation
[5702.808s][info][gc,phases      ] GC(832)   Pre Evacuate Collection Set: 0.22ms
[5702.808s][info][gc,phases      ] GC(832)   Merge Heap Roots: 0.60ms
[5702.808s][info][gc,phases      ] GC(832)   Evacuate Collection Set: 150.91ms
[5702.808s][info][gc,phases      ] GC(832)   Post Evacuate Collection Set: 1.10ms
[5702.808s][info][gc,phases      ] GC(832)   Other: 0.08ms
[5702.808s][info][gc,heap        ] GC(832) Eden regions: 570->0(570)
[5702.808s][info][gc,heap        ] GC(832) Survivor regions: 44->44(77)
[5702.808s][info][gc,heap        ] GC(832) Old regions: 185->192
[5702.808s][info][gc,heap        ] GC(832) Humongous regions: 33->33
[5702.808s][info][gc,metaspace   ] GC(832) Metaspace: 30005K(30528K)->30005K(30528K) NonClass: 26607K(26880K)->26607K(26880K) Class: 3397K(3648K)->3397K(3648K)
[5702.808s][info][gc             ] GC(832) Pause Young (Normal) (G1 Evacuation Pause) 6635M->2133M(8192M) 153.048ms
[5702.808s][info][gc,cpu         ] GC(832) User=1.21s Sys=0.00s Real=0.15s
....[5706.388s][info][gc,start       ] GC(833) Pause Young (Normal) (G1 Evacuation Pause)
[5706.388s][info][gc,task        ] GC(833) Using 8 workers of 8 for evacuation
[5706.547s][info][gc,phases      ] GC(833)   Pre Evacuate Collection Set: 0.22ms
[5706.547s][info][gc,phases      ] GC(833)   Merge Heap Roots: 0.56ms
[5706.547s][info][gc,phases      ] GC(833)   Evacuate Collection Set: 156.50ms
[5706.547s][info][gc,phases      ] GC(833)   Post Evacuate Collection Set: 1.06ms
[5706.547s][info][gc,phases      ] GC(833)   Other: 0.07ms
[5706.547s][info][gc,heap        ] GC(833) Eden regions: 570->0(570)
[5706.547s][info][gc,heap        ] GC(833) Survivor regions: 44->44(77)
[5706.547s][info][gc,heap        ] GC(833) Old regions: 192->199
[5706.547s][info][gc,heap        ] GC(833) Humongous regions: 33->33
[5706.547s][info][gc,metaspace   ] GC(833) Metaspace: 30005K(30528K)->30005K(30528K) NonClass: 26607K(26880K)->26607K(26880K) Class: 3397K(3648K)->3397K(3648K)
[5706.547s][info][gc             ] GC(833) Pause Young (Normal) (G1 Evacuation Pause) 6693M->2193M(8192M) 158.533ms
[5706.547s][info][gc,cpu         ] GC(833) User=1.25s Sys=0.00s Real=0.16s
....[5710.233s][info][gc,start       ] GC(834) Pause Young (Normal) (G1 Evacuation Pause)
[5710.233s][info][gc,task        ] GC(834) Using 8 workers of 8 for evacuation
[5710.393s][info][gc,phases      ] GC(834)   Pre Evacuate Collection Set: 0.23ms
[5710.393s][info][gc,phases      ] GC(834)   Merge Heap Roots: 0.56ms
[5710.393s][info][gc,phases      ] GC(834)   Evacuate Collection Set: 158.06ms
[5710.393s][info][gc,phases      ] GC(834)   Post Evacuate Collection Set: 1.05ms
[5710.393s][info][gc,phases      ] GC(834)   Other: 0.06ms
[5710.393s][info][gc,heap        ] GC(834) Eden regions: 570->0(568)
[5710.393s][info][gc,heap        ] GC(834) Survivor regions: 44->46(77)
[5710.393s][info][gc,heap        ] GC(834) Old regions: 199->206
[5710.393s][info][gc,heap        ] GC(834) Humongous regions: 33->33
[5710.393s][info][gc,metaspace   ] GC(834) Metaspace: 30005K(30528K)->30005K(30528K) NonClass: 26607K(26880K)->26607K(26880K) Class: 3397K(3648K)->3397K(3648K)
[5710.393s][info][gc             ] GC(834) Pause Young (Normal) (G1 Evacuation Pause) 6753M->2263M(8192M) 160.078ms
[5710.393s][info][gc,cpu         ] GC(834) User=1.27s Sys=0.00s Real=0.16s
....[5714.132s][info][gc,start       ] GC(835) Pause Young (Normal) (G1 Evacuation Pause)
[5714.132s][info][gc,task        ] GC(835) Using 8 workers of 8 for evacuation
[5714.294s][info][gc,phases      ] GC(835)   Pre Evacuate Collection Set: 0.22ms
[5714.294s][info][gc,phases      ] GC(835)   Merge Heap Roots: 0.56ms
[5714.294s][info][gc,phases      ] GC(835)   Evacuate Collection Set: 159.77ms
[5714.294s][info][gc,phases      ] GC(835)   Post Evacuate Collection Set: 1.06ms
[5714.294s][info][gc,phases      ] GC(835)   Other: 0.06ms
[5714.294s][info][gc,heap        ] GC(835) Eden regions: 568->0(568)
[5714.294s][info][gc,heap        ] GC(835) Survivor regions: 46->46(77)
[5714.294s][info][gc,heap        ] GC(835) Old regions: 206->214
[5714.294s][info][gc,heap        ] GC(835) Humongous regions: 33->33
[5714.294s][info][gc,metaspace   ] GC(835) Metaspace: 30005K(30528K)->30005K(30528K) NonClass: 26607K(26880K)->26607K(26880K) Class: 3397K(3648K)->3397K(3648K)
[5714.294s][info][gc             ] GC(835) Pause Young (Normal) (G1 Evacuation Pause) 6807M->2325M(8192M) 161.804ms
[5714.294s][info][gc,cpu         ] GC(835) User=1.28s Sys=0.00s Real=0.16s
...[5717.933s][info][gc,start       ] GC(836) Pause Young (Normal) (G1 Evacuation Pause)
[5717.933s][info][gc,task        ] GC(836) Using 8 workers of 8 for evacuation
[5718.084s][info][gc,phases      ] GC(836)   Pre Evacuate Collection Set: 0.27ms
[5718.084s][info][gc,phases      ] GC(836)   Merge Heap Roots: 0.57ms
[5718.084s][info][gc,phases      ] GC(836)   Evacuate Collection Set: 148.84ms
[5718.084s][info][gc,phases      ] GC(836)   Post Evacuate Collection Set: 1.09ms
[5718.084s][info][gc,phases      ] GC(836)   Other: 0.06ms
[5718.084s][info][gc,heap        ] GC(836) Eden regions: 568->0(571)
[5718.084s][info][gc,heap        ] GC(836) Survivor regions: 46->43(77)
[5718.084s][info][gc,heap        ] GC(836) Old regions: 214->221
[5718.084s][info][gc,heap        ] GC(836) Humongous regions: 33->33
[5718.084s][info][gc,metaspace   ] GC(836) Metaspace: 30005K(30528K)->30005K(30528K) NonClass: 26607K(26880K)->26607K(26880K) Class: 3397K(3648K)->3397K(3648K)
[5718.084s][info][gc             ] GC(836) Pause Young (Normal) (G1 Evacuation Pause) 6869M->2359M(8192M) 150.958ms
[5718.084s][info][gc,cpu         ] GC(836) User=1.20s Sys=0.00s Real=0.15s
....[5721.924s][info][gc,start       ] GC(837) Pause Young (Normal) (G1 Evacuation Pause)
[5721.924s][info][gc,task        ] GC(837) Using 8 workers of 8 for evacuation
[5722.076s][info][gc,phases      ] GC(837)   Pre Evacuate Collection Set: 0.22ms
[5722.076s][info][gc,phases      ] GC(837)   Merge Heap Roots: 0.55ms
[5722.076s][info][gc,phases      ] GC(837)   Evacuate Collection Set: 149.81ms
[5722.076s][info][gc,phases      ] GC(837)   Post Evacuate Collection Set: 1.04ms
[5722.076s][info][gc,phases      ] GC(837)   Other: 0.06ms
[5722.076s][info][gc,heap        ] GC(837) Eden regions: 571->0(570)
[5722.076s][info][gc,heap        ] GC(837) Survivor regions: 43->44(77)
[5722.076s][info][gc,heap        ] GC(837) Old regions: 221->228
[5722.076s][info][gc,heap        ] GC(837) Humongous regions: 33->33
[5722.076s][info][gc,metaspace   ] GC(837) Metaspace: 30005K(30528K)->30005K(30528K) NonClass: 26607K(26880K)->26607K(26880K) Class: 3397K(3648K)->3397K(3648K)
[5722.076s][info][gc             ] GC(837) Pause Young (Normal) (G1 Evacuation Pause) 6927M->2421M(8192M) 151.798ms
[5722.076s][info][gc,cpu         ] GC(837) User=1.20s Sys=0.00s Real=0.15s
....[5725.903s][info][gc,start       ] GC(838) Pause Young (Normal) (G1 Evacuation Pause)
[5725.903s][info][gc,task        ] GC(838) Using 8 workers of 8 for evacuation
[5726.056s][info][gc,phases      ] GC(838)   Pre Evacuate Collection Set: 0.21ms
[5726.056s][info][gc,phases      ] GC(838)   Merge Heap Roots: 0.60ms
[5726.056s][info][gc,phases      ] GC(838)   Evacuate Collection Set: 150.63ms
[5726.056s][info][gc,phases      ] GC(838)   Post Evacuate Collection Set: 1.03ms
[5726.056s][info][gc,phases      ] GC(838)   Other: 0.06ms
[5726.056s][info][gc,heap        ] GC(838) Eden regions: 570->0(571)
[5726.056s][info][gc,heap        ] GC(838) Survivor regions: 44->43(77)
[5726.056s][info][gc,heap        ] GC(838) Old regions: 228->235
[5726.056s][info][gc,heap        ] GC(838) Humongous regions: 33->33
[5726.056s][info][gc,metaspace   ] GC(838) Metaspace: 30005K(30528K)->30005K(30528K) NonClass: 26607K(26880K)->26607K(26880K) Class: 3397K(3648K)->3397K(3648K)
[5726.056s][info][gc             ] GC(838) Pause Young (Normal) (G1 Evacuation Pause) 6981M->2469M(8192M) 152.688ms
[5726.056s][info][gc,cpu         ] GC(838) User=1.20s Sys=0.01s Real=0.15s
.... (rIR:aIR:PR = 9963:9931:9932) (tPR = 146921) [OK] 
  5729s: Performance info:
         Transaction,    Success,    Partial,     Failed,   Receipts, AvgBarcode, 
             Overall,     599678,          0,          0,     569395,      59.47, 
         Response times:
             Request,    Success,    Partial,     Failed,   SkipFail,     Probes,    Samples,      min,      p50,      p90,      p95,      p99,      max, 
       TotalPurchase,     569376,          0,          0,          0,     361319,     411675,      300,     7100,    40000,    76000,   144000,  1800000,
     InStorePurchase,     300038,          0,          0,          0,     189527,     215599,      300,     7200,    40000,    76000,   144000,  1800000,
      OnlinePurchase,     208962,          0,          0,          0,     133125,     151652,      300,     7100,    40000,    75000,   143000,  1600000,
        InstPurchase,      60376,          0,          0,          0,      38667,      44424,      400,     7100,    39000,    76000,   146000,  1400000,
          AssocOfCat,        603,          0,          0,          0,        489,        657,    30000,    54000,    91000,   134300,   212680,   299000,
      AssocOfProduct,       5986,          0,          0,          0,       4466,       5382,     1200,     6900,    50000,    86000,   144000,   299000,
      BusinessReport,       1504,          0,          0,          0,       1363,       1758,    33000,    61000,   120000,   161200,   252410,   650000,
          CustBuyBeh,       6025,          0,          0,          0,       4445,       5273,      300,     7500,    40000,    77000,   158000,   750000,
       ProductReturn,      16164,          0,          0,          0,       9382,      10975,      200,     7300,    48000,    85000,   141240,  1800000,

  5729s: (73%)   IR =  10101 [5729.835s][info][gc,start       ] GC(839) Pause Young (Normal) (G1 Evacuation Pause)
[5729.835s][info][gc,task        ] GC(839) Using 8 workers of 8 for evacuation
[5729.986s][info][gc,phases      ] GC(839)   Pre Evacuate Collection Set: 0.23ms
[5729.986s][info][gc,phases      ] GC(839)   Merge Heap Roots: 0.58ms
[5729.986s][info][gc,phases      ] GC(839)   Evacuate Collection Set: 148.43ms
[5729.986s][info][gc,phases      ] GC(839)   Post Evacuate Collection Set: 1.16ms
[5729.986s][info][gc,phases      ] GC(839)   Other: 0.08ms
[5729.986s][info][gc,heap        ] GC(839) Eden regions: 571->0(571)
[5729.986s][info][gc,heap        ] GC(839) Survivor regions: 43->43(77)
[5729.986s][info][gc,heap        ] GC(839) Old regions: 235->242
[5729.986s][info][gc,heap        ] GC(839) Humongous regions: 33->33
[5729.986s][info][gc,metaspace   ] GC(839) Metaspace: 30005K(30528K)->30005K(30528K) NonClass: 26607K(26880K)->26607K(26880K) Class: 3397K(3648K)->3397K(3648K)
[5729.986s][info][gc             ] GC(839) Pause Young (Normal) (G1 Evacuation Pause) 7037M->2529M(8192M) 150.631ms
[5729.986s][info][gc,cpu         ] GC(839) User=1.19s Sys=0.00s Real=0.15s
....[5733.706s][info][gc,start       ] GC(840) Pause Young (Normal) (G1 Evacuation Pause)
[5733.706s][info][gc,task        ] GC(840) Using 8 workers of 8 for evacuation
[5733.856s][info][gc,phases      ] GC(840)   Pre Evacuate Collection Set: 0.24ms
[5733.856s][info][gc,phases      ] GC(840)   Merge Heap Roots: 0.57ms
[5733.856s][info][gc,phases      ] GC(840)   Evacuate Collection Set: 148.40ms
[5733.856s][info][gc,phases      ] GC(840)   Post Evacuate Collection Set: 1.08ms
[5733.856s][info][gc,phases      ] GC(840)   Other: 0.06ms
[5733.856s][info][gc,heap        ] GC(840) Eden regions: 571->0(571)
[5733.856s][info][gc,heap        ] GC(840) Survivor regions: 43->43(77)
[5733.856s][info][gc,heap        ] GC(840) Old regions: 242->249
[5733.856s][info][gc,heap        ] GC(840) Humongous regions: 33->33
[5733.856s][info][gc,metaspace   ] GC(840) Metaspace: 30005K(30528K)->30005K(30528K) NonClass: 26607K(26880K)->26607K(26880K) Class: 3397K(3648K)->3397K(3648K)
[5733.856s][info][gc             ] GC(840) Pause Young (Normal) (G1 Evacuation Pause) 7097M->2585M(8192M) 150.471ms
[5733.856s][info][gc,cpu         ] GC(840) User=1.19s Sys=0.00s Real=0.15s
....[5737.565s][info][gc,start       ] GC(841) Pause Young (Normal) (G1 Evacuation Pause)
[5737.565s][info][gc,task        ] GC(841) Using 8 workers of 8 for evacuation
[5737.717s][info][gc,phases      ] GC(841)   Pre Evacuate Collection Set: 0.23ms
[5737.717s][info][gc,phases      ] GC(841)   Merge Heap Roots: 0.57ms
[5737.717s][info][gc,phases      ] GC(841)   Evacuate Collection Set: 149.68ms
[5737.717s][info][gc,phases      ] GC(841)   Post Evacuate Collection Set: 1.08ms
[5737.717s][info][gc,phases      ] GC(841)   Other: 0.06ms
[5737.717s][info][gc,heap        ] GC(841) Eden regions: 571->0(570)
[5737.717s][info][gc,heap        ] GC(841) Survivor regions: 43->44(77)
[5737.717s][info][gc,heap        ] GC(841) Old regions: 249->256
[5737.717s][info][gc,heap        ] GC(841) Humongous regions: 33->33
[5737.717s][info][gc,metaspace   ] GC(841) Metaspace: 30005K(30528K)->30005K(30528K) NonClass: 26607K(26880K)->26607K(26880K) Class: 3397K(3648K)->3397K(3648K)
[5737.717s][info][gc             ] GC(841) Pause Young (Normal) (G1 Evacuation Pause) 7153M->2647M(8192M) 151.743ms
[5737.717s][info][gc,cpu         ] GC(841) User=1.20s Sys=0.00s Real=0.15s
..|..[5741.364s][info][gc,start       ] GC(842) Pause Young (Normal) (G1 Evacuation Pause)
[5741.364s][info][gc,task        ] GC(842) Using 8 workers of 8 for evacuation
[5741.515s][info][gc,phases      ] GC(842)   Pre Evacuate Collection Set: 0.23ms
[5741.515s][info][gc,phases      ] GC(842)   Merge Heap Roots: 0.59ms
[5741.515s][info][gc,phases      ] GC(842)   Evacuate Collection Set: 148.91ms
[5741.515s][info][gc,phases      ] GC(842)   Post Evacuate Collection Set: 1.07ms
[5741.515s][info][gc,phases      ] GC(842)   Other: 0.06ms
[5741.515s][info][gc,heap        ] GC(842) Eden regions: 570->0(571)
[5741.515s][info][gc,heap        ] GC(842) Survivor regions: 44->43(77)
[5741.515s][info][gc,heap        ] GC(842) Old regions: 256->264
[5741.515s][info][gc,heap        ] GC(842) Humongous regions: 33->33
[5741.515s][info][gc,metaspace   ] GC(842) Metaspace: 30005K(30528K)->30005K(30528K) NonClass: 26607K(26880K)->26607K(26880K) Class: 3397K(3648K)->3397K(3648K)
[5741.515s][info][gc             ] GC(842) Pause Young (Normal) (G1 Evacuation Pause) 7207M->2698M(8192M) 150.992ms
[5741.515s][info][gc,cpu         ] GC(842) User=1.19s Sys=0.00s Real=0.15s
...[5745.076s][info][gc,start       ] GC(843) Pause Young (Normal) (G1 Evacuation Pause)
[5745.076s][info][gc,task        ] GC(843) Using 8 workers of 8 for evacuation
[5745.231s][info][gc,phases      ] GC(843)   Pre Evacuate Collection Set: 0.22ms
[5745.231s][info][gc,phases      ] GC(843)   Merge Heap Roots: 0.59ms
[5745.231s][info][gc,phases      ] GC(843)   Evacuate Collection Set: 153.17ms
[5745.231s][info][gc,phases      ] GC(843)   Post Evacuate Collection Set: 1.06ms
[5745.231s][info][gc,phases      ] GC(843)   Other: 0.06ms
[5745.231s][info][gc,heap        ] GC(843) Eden regions: 571->0(571)
[5745.231s][info][gc,heap        ] GC(843) Survivor regions: 43->43(77)
[5745.231s][info][gc,heap        ] GC(843) Old regions: 264->271
[5745.231s][info][gc,heap        ] GC(843) Humongous regions: 33->33
[5745.231s][info][gc,metaspace   ] GC(843) Metaspace: 30005K(30528K)->30005K(30528K) NonClass: 26607K(26880K)->26607K(26880K) Class: 3397K(3648K)->3397K(3648K)
[5745.231s][info][gc             ] GC(843) Pause Young (Normal) (G1 Evacuation Pause) 7266M->2759M(8192M) 155.233ms
[5745.231s][info][gc,cpu         ] GC(843) User=1.23s Sys=0.00s Real=0.16s
....[5748.919s][info][gc,start       ] GC(844) Pause Young (Normal) (G1 Evacuation Pause)
[5748.919s][info][gc,task        ] GC(844) Using 8 workers of 8 for evacuation
[5749.076s][info][gc,phases      ] GC(844)   Pre Evacuate Collection Set: 0.23ms
[5749.076s][info][gc,phases      ] GC(844)   Merge Heap Roots: 0.67ms
[5749.076s][info][gc,phases      ] GC(844)   Evacuate Collection Set: 154.70ms
[5749.076s][info][gc,phases      ] GC(844)   Post Evacuate Collection Set: 1.05ms
[5749.076s][info][gc,phases      ] GC(844)   Other: 0.06ms
[5749.076s][info][gc,heap        ] GC(844) Eden regions: 571->0(569)
[5749.076s][info][gc,heap        ] GC(844) Survivor regions: 43->45(77)
[5749.076s][info][gc,heap        ] GC(844) Old regions: 271->278
[5749.076s][info][gc,heap        ] GC(844) Humongous regions: 33->33
[5749.076s][info][gc,metaspace   ] GC(844) Metaspace: 30005K(30528K)->30005K(30528K) NonClass: 26607K(26880K)->26607K(26880K) Class: 3397K(3648K)->3397K(3648K)
[5749.076s][info][gc             ] GC(844) Pause Young (Normal) (G1 Evacuation Pause) 7327M->2826M(8192M) 156.850ms
[5749.076s][info][gc,cpu         ] GC(844) User=1.24s Sys=0.00s Real=0.16s
....[5752.715s][info][gc,start       ] GC(845) Pause Young (Normal) (G1 Evacuation Pause)
[5752.715s][info][gc,task        ] GC(845) Using 8 workers of 8 for evacuation
[5752.865s][info][gc,phases      ] GC(845)   Pre Evacuate Collection Set: 0.23ms
[5752.865s][info][gc,phases      ] GC(845)   Merge Heap Roots: 0.58ms
[5752.865s][info][gc,phases      ] GC(845)   Evacuate Collection Set: 148.29ms
[5752.865s][info][gc,phases      ] GC(845)   Post Evacuate Collection Set: 1.06ms
[5752.865s][info][gc,phases      ] GC(845)   Other: 0.06ms
[5752.865s][info][gc,heap        ] GC(845) Eden regions: 569->0(568)
[5752.865s][info][gc,heap        ] GC(845) Survivor regions: 45->43(77)
[5752.865s][info][gc,heap        ] GC(845) Old regions: 278->285
[5752.865s][info][gc,heap        ] GC(845) Humongous regions: 33->33
[5752.865s][info][gc,metaspace   ] GC(845) Metaspace: 30005K(30528K)->30005K(30528K) NonClass: 26607K(26880K)->26607K(26880K) Class: 3397K(3648K)->3397K(3648K)
[5752.865s][info][gc             ] GC(845) Pause Young (Normal) (G1 Evacuation Pause) 7378M->2869M(8192M) 150.359ms
[5752.865s][info][gc,cpu         ] GC(845) User=1.19s Sys=0.00s Real=0.15s
....[5756.521s][info][gc,start       ] GC(846) Pause Young (Normal) (G1 Evacuation Pause)
[5756.521s][info][gc,task        ] GC(846) Using 8 workers of 8 for evacuation
[5756.672s][info][gc,phases      ] GC(846)   Pre Evacuate Collection Set: 0.22ms
[5756.672s][info][gc,phases      ] GC(846)   Merge Heap Roots: 0.56ms
[5756.672s][info][gc,phases      ] GC(846)   Evacuate Collection Set: 149.67ms
[5756.673s][info][gc,phases      ] GC(846)   Post Evacuate Collection Set: 1.05ms
[5756.673s][info][gc,phases      ] GC(846)   Other: 0.07ms
[5756.673s][info][gc,heap        ] GC(846) Eden regions: 568->0(559)
[5756.673s][info][gc,heap        ] GC(846) Survivor regions: 43->44(77)
[5756.673s][info][gc,heap        ] GC(846) Old regions: 285->292
[5756.673s][info][gc,heap        ] GC(846) Humongous regions: 33->33
[5756.673s][info][gc,metaspace   ] GC(846) Metaspace: 30005K(30528K)->30005K(30528K) NonClass: 26607K(26880K)->26607K(26880K) Class: 3397K(3648K)->3397K(3648K)
[5756.673s][info][gc             ] GC(846) Pause Young (Normal) (G1 Evacuation Pause) 7413M->2933M(8192M) 151.690ms
[5756.673s][info][gc,cpu         ] GC(846) User=1.20s Sys=0.00s Real=0.15s
...[5760.241s][info][gc,start       ] GC(847) Pause Young (Normal) (G1 Evacuation Pause)
[5760.241s][info][gc,task        ] GC(847) Using 8 workers of 8 for evacuation
[5760.396s][info][gc,phases      ] GC(847)   Pre Evacuate Collection Set: 0.23ms
[5760.397s][info][gc,phases      ] GC(847)   Merge Heap Roots: 0.59ms
[5760.397s][info][gc,phases      ] GC(847)   Evacuate Collection Set: 153.09ms
[5760.397s][info][gc,phases      ] GC(847)   Post Evacuate Collection Set: 1.07ms
[5760.397s][info][gc,phases      ] GC(847)   Other: 0.08ms
[5760.397s][info][gc,heap        ] GC(847) Eden regions: 559->0(552)
[5760.397s][info][gc,heap        ] GC(847) Survivor regions: 44->44(76)
[5760.397s][info][gc,heap        ] GC(847) Old regions: 292->299
[5760.397s][info][gc,heap        ] GC(847) Humongous regions: 33->33
[5760.397s][info][gc,metaspace   ] GC(847) Metaspace: 30005K(30528K)->30005K(30528K) NonClass: 26607K(26880K)->26607K(26880K) Class: 3397K(3648K)->3397K(3648K)
[5760.397s][info][gc             ] GC(847) Pause Young (Normal) (G1 Evacuation Pause) 7405M->2989M(8192M) 155.235ms
[5760.397s][info][gc,cpu         ] GC(847) User=1.23s Sys=0.00s Real=0.15s
....[5763.911s][info][gc,start       ] GC(848) Pause Young (Normal) (G1 Evacuation Pause)
[5763.911s][info][gc,task        ] GC(848) Using 8 workers of 8 for evacuation
[5764.065s][info][gc,phases      ] GC(848)   Pre Evacuate Collection Set: 0.23ms
[5764.065s][info][gc,phases      ] GC(848)   Merge Heap Roots: 0.56ms
[5764.065s][info][gc,phases      ] GC(848)   Evacuate Collection Set: 152.22ms
[5764.065s][info][gc,phases      ] GC(848)   Post Evacuate Collection Set: 1.05ms
[5764.065s][info][gc,phases      ] GC(848)   Other: 0.08ms
[5764.065s][info][gc,heap        ] GC(848) Eden regions: 552->0(546)
[5764.065s][info][gc,heap        ] GC(848) Survivor regions: 44->43(75)
[5764.065s][info][gc,heap        ] GC(848) Old regions: 299->307
[5764.065s][info][gc,heap        ] GC(848) Humongous regions: 33->33
[5764.065s][info][gc,metaspace   ] GC(848) Metaspace: 30005K(30528K)->30005K(30528K) NonClass: 26607K(26880K)->26607K(26880K) Class: 3397K(3648K)->3397K(3648K)
[5764.065s][info][gc             ] GC(848) Pause Young (Normal) (G1 Evacuation Pause) 7405M->3045M(8192M) 154.272ms
[5764.065s][info][gc,cpu         ] GC(848) User=1.23s Sys=0.00s Real=0.16s
....[5767.558s][info][gc,start       ] GC(849) Pause Young (Concurrent Start) (G1 Evacuation Pause)
[5767.558s][info][gc,task        ] GC(849) Using 8 workers of 8 for evacuation
[5767.711s][info][gc,phases      ] GC(849)   Pre Evacuate Collection Set: 0.33ms
[5767.711s][info][gc,phases      ] GC(849)   Merge Heap Roots: 0.64ms
[5767.711s][info][gc,phases      ] GC(849)   Evacuate Collection Set: 150.62ms
[5767.711s][info][gc,phases      ] GC(849)   Post Evacuate Collection Set: 1.04ms
[5767.711s][info][gc,phases      ] GC(849)   Other: 0.08ms
[5767.711s][info][gc,heap        ] GC(849) Eden regions: 546->0(539)
[5767.711s][info][gc,heap        ] GC(849) Survivor regions: 43->43(74)
[5767.711s][info][gc,heap        ] GC(849) Old regions: 307->314
[5767.711s][info][gc,heap        ] GC(849) Humongous regions: 33->33
[5767.711s][info][gc,metaspace   ] GC(849) Metaspace: 30005K(30528K)->30005K(30528K) NonClass: 26607K(26880K)->26607K(26880K) Class: 3397K(3648K)->3397K(3648K)
[5767.711s][info][gc             ] GC(849) Pause Young (Concurrent Start) (G1 Evacuation Pause) 7413M->3103M(8192M) 152.828ms
[5767.711s][info][gc,cpu         ] GC(849) User=1.20s Sys=0.00s Real=0.16s
[5767.711s][info][gc             ] GC(850) Concurrent Mark Cycle
[5767.711s][info][gc,marking     ] GC(850) Concurrent Scan Root Regions
[5768.018s][info][gc,marking     ] GC(850) Concurrent Scan Root Regions 307.042ms
[5768.018s][info][gc,marking     ] GC(850) Concurrent Mark
[5768.018s][info][gc,marking     ] GC(850) Concurrent Mark From Roots
[5768.018s][info][gc,task        ] GC(850) Using 2 workers of 2 for marking
.[5769.089s][info][gc,marking     ] GC(850) Concurrent Mark From Roots 1070.654ms
[5769.089s][info][gc,marking     ] GC(850) Concurrent Preclean
[5769.089s][info][gc,marking     ] GC(850) Concurrent Preclean 0.128ms
[5769.089s][info][gc,start       ] GC(850) Pause Remark
[5769.092s][info][gc             ] GC(850) Pause Remark 4548M->3972M(8192M) 2.922ms
[5769.092s][info][gc,cpu         ] GC(850) User=0.02s Sys=0.00s Real=0.01s
[5769.092s][info][gc,marking     ] GC(850) Concurrent Mark 1074.016ms
[5769.092s][info][gc,marking     ] GC(850) Concurrent Rebuild Remembered Sets and Scrub Regions
.[5769.998s][info][gc,marking     ] GC(850) Concurrent Rebuild Remembered Sets and Scrub Regions 905.195ms
[5769.998s][info][gc,start       ] GC(850) Pause Cleanup
[5769.998s][info][gc             ] GC(850) Pause Cleanup 5247M->5247M(8192M) 0.263ms
[5769.998s][info][gc,cpu         ] GC(850) User=0.01s Sys=0.00s Real=0.00s
[5769.998s][info][gc,marking     ] GC(850) Concurrent Clear Claimed Marks
[5769.998s][info][gc,marking     ] GC(850) Concurrent Clear Claimed Marks 0.041ms
[5769.998s][info][gc,marking     ] GC(850) Concurrent Cleanup for Next Mark
[5770.009s][info][gc,marking     ] GC(850) Concurrent Cleanup for Next Mark 11.031ms
[5770.009s][info][gc             ] GC(850) Concurrent Mark Cycle 2298.040ms
.[5771.207s][info][gc,start       ] GC(851) Pause Young (Prepare Mixed) (G1 Evacuation Pause)
[5771.207s][info][gc,task        ] GC(851) Using 8 workers of 8 for evacuation
[5771.357s][info][gc,phases      ] GC(851)   Pre Evacuate Collection Set: 0.22ms
[5771.357s][info][gc,phases      ] GC(851)   Merge Heap Roots: 0.81ms
[5771.357s][info][gc,phases      ] GC(851)   Evacuate Collection Set: 147.44ms
[5771.357s][info][gc,phases      ] GC(851)   Post Evacuate Collection Set: 1.12ms
[5771.357s][info][gc,phases      ] GC(851)   Other: 0.08ms
[5771.357s][info][gc,heap        ] GC(851) Eden regions: 539->0(571)
[5771.357s][info][gc,heap        ] GC(851) Survivor regions: 43->43(73)
[5771.357s][info][gc,heap        ] GC(851) Old regions: 242->249
[5771.357s][info][gc,heap        ] GC(851) Humongous regions: 33->33
[5771.357s][info][gc,metaspace   ] GC(851) Metaspace: 30005K(30528K)->30005K(30528K) NonClass: 26607K(26880K)->26607K(26880K) Class: 3397K(3648K)->3397K(3648K)
[5771.357s][info][gc             ] GC(851) Pause Young (Prepare Mixed) (G1 Evacuation Pause) 6839M->2583M(8192M) 149.818ms
[5771.357s][info][gc,cpu         ] GC(851) User=1.18s Sys=0.00s Real=0.15s
....[5774.951s][info][gc,start       ] GC(852) Pause Young (Mixed) (G1 Evacuation Pause)
[5774.951s][info][gc,task        ] GC(852) Using 8 workers of 8 for evacuation
[5775.111s][info][gc,phases      ] GC(852)   Pre Evacuate Collection Set: 0.27ms
[5775.111s][info][gc,phases      ] GC(852)   Merge Heap Roots: 0.92ms
[5775.111s][info][gc,phases      ] GC(852)   Evacuate Collection Set: 157.75ms
[5775.111s][info][gc,phases      ] GC(852)   Post Evacuate Collection Set: 1.34ms
[5775.111s][info][gc,phases      ] GC(852)   Other: 0.07ms
[5775.111s][info][gc,heap        ] GC(852) Eden regions: 571->0(571)
[5775.111s][info][gc,heap        ] GC(852) Survivor regions: 43->43(77)
[5775.111s][info][gc,heap        ] GC(852) Old regions: 249->155
[5775.111s][info][gc,heap        ] GC(852) Humongous regions: 33->33
[5775.111s][info][gc,metaspace   ] GC(852) Metaspace: 30005K(30528K)->30005K(30528K) NonClass: 26607K(26880K)->26607K(26880K) Class: 3397K(3648K)->3397K(3648K)
[5775.111s][info][gc             ] GC(852) Pause Young (Mixed) (G1 Evacuation Pause) 7151M->1828M(8192M) 160.497ms
[5775.111s][info][gc,cpu         ] GC(852) User=1.27s Sys=0.00s Real=0.17s
....[5778.704s][info][gc,start       ] GC(853) Pause Young (Mixed) (G1 Evacuation Pause)
[5778.704s][info][gc,task        ] GC(853) Using 8 workers of 8 for evacuation
[5778.873s][info][gc,phases      ] GC(853)   Pre Evacuate Collection Set: 0.25ms
[5778.873s][info][gc,phases      ] GC(853)   Merge Heap Roots: 0.93ms
[5778.873s][info][gc,phases      ] GC(853)   Evacuate Collection Set: 165.81ms
[5778.873s][info][gc,phases      ] GC(853)   Post Evacuate Collection Set: 1.10ms
[5778.873s][info][gc,phases      ] GC(853)   Other: 0.07ms
[5778.873s][info][gc,heap        ] GC(853) Eden regions: 571->0(570)
[5778.873s][info][gc,heap        ] GC(853) Survivor regions: 43->44(77)
[5778.873s][info][gc,heap        ] GC(853) Old regions: 155->142
[5778.873s][info][gc,heap        ] GC(853) Humongous regions: 33->33
[5778.873s][info][gc,metaspace   ] GC(853) Metaspace: 30005K(30528K)->30005K(30528K) NonClass: 26607K(26880K)->26607K(26880K) Class: 3397K(3648K)->3397K(3648K)
[5778.873s][info][gc             ] GC(853) Pause Young (Mixed) (G1 Evacuation Pause) 6396M->1738M(8192M) 168.282ms
[5778.873s][info][gc,cpu         ] GC(853) User=1.34s Sys=0.00s Real=0.17s
....[5782.513s][info][gc,start       ] GC(854) Pause Young (Normal) (G1 Evacuation Pause)
[5782.513s][info][gc,task        ] GC(854) Using 8 workers of 8 for evacuation
[5782.664s][info][gc,phases      ] GC(854)   Pre Evacuate Collection Set: 0.26ms
[5782.664s][info][gc,phases      ] GC(854)   Merge Heap Roots: 0.59ms
[5782.664s][info][gc,phases      ] GC(854)   Evacuate Collection Set: 148.24ms
[5782.664s][info][gc,phases      ] GC(854)   Post Evacuate Collection Set: 1.06ms
[5782.664s][info][gc,phases      ] GC(854)   Other: 0.06ms
[5782.664s][info][gc,heap        ] GC(854) Eden regions: 570->0(571)
[5782.664s][info][gc,heap        ] GC(854) Survivor regions: 44->43(77)
[5782.664s][info][gc,heap        ] GC(854) Old regions: 142->149
[5782.664s][info][gc,heap        ] GC(854) Humongous regions: 33->33
[5782.664s][info][gc,metaspace   ] GC(854) Metaspace: 30005K(30528K)->30005K(30528K) NonClass: 26607K(26880K)->26607K(26880K) Class: 3397K(3648K)->3397K(3648K)
[5782.664s][info][gc             ] GC(854) Pause Young (Normal) (G1 Evacuation Pause) 6298M->1783M(8192M) 150.343ms
[5782.664s][info][gc,cpu         ] GC(854) User=1.19s Sys=0.00s Real=0.15s
...[5786.325s][info][gc,start       ] GC(855) Pause Young (Normal) (G1 Evacuation Pause)
[5786.325s][info][gc,task        ] GC(855) Using 8 workers of 8 for evacuation
[5786.476s][info][gc,phases      ] GC(855)   Pre Evacuate Collection Set: 0.22ms
[5786.476s][info][gc,phases      ] GC(855)   Merge Heap Roots: 0.58ms
[5786.476s][info][gc,phases      ] GC(855)   Evacuate Collection Set: 148.41ms
[5786.476s][info][gc,phases      ] GC(855)   Post Evacuate Collection Set: 1.04ms
[5786.476s][info][gc,phases      ] GC(855)   Other: 0.06ms
[5786.476s][info][gc,heap        ] GC(855) Eden regions: 571->0(571)
[5786.476s][info][gc,heap        ] GC(855) Survivor regions: 43->43(77)
[5786.476s][info][gc,heap        ] GC(855) Old regions: 149->157
[5786.476s][info][gc,heap        ] GC(855) Humongous regions: 33->33
[5786.476s][info][gc,metaspace   ] GC(855) Metaspace: 30005K(30528K)->30005K(30528K) NonClass: 26607K(26880K)->26607K(26880K) Class: 3397K(3648K)->3397K(3648K)
[5786.476s][info][gc             ] GC(855) Pause Young (Normal) (G1 Evacuation Pause) 6351M->1845M(8192M) 150.462ms
[5786.476s][info][gc,cpu         ] GC(855) User=1.19s Sys=0.00s Real=0.15s
....[5790.094s][info][gc,start       ] GC(856) Pause Young (Normal) (G1 Evacuation Pause)
[5790.094s][info][gc,task        ] GC(856) Using 8 workers of 8 for evacuation
[5790.250s][info][gc,phases      ] GC(856)   Pre Evacuate Collection Set: 0.25ms
[5790.250s][info][gc,phases      ] GC(856)   Merge Heap Roots: 0.57ms
[5790.250s][info][gc,phases      ] GC(856)   Evacuate Collection Set: 153.80ms
[5790.250s][info][gc,phases      ] GC(856)   Post Evacuate Collection Set: 1.05ms
[5790.250s][info][gc,phases      ] GC(856)   Other: 0.07ms
[5790.250s][info][gc,heap        ] GC(856) Eden regions: 571->0(570)
[5790.250s][info][gc,heap        ] GC(856) Survivor regions: 43->44(77)
[5790.250s][info][gc,heap        ] GC(856) Old regions: 157->164
[5790.250s][info][gc,heap        ] GC(856) Humongous regions: 33->33
[5790.250s][info][gc,metaspace   ] GC(856) Metaspace: 30005K(30528K)->30005K(30528K) NonClass: 26607K(26880K)->26607K(26880K) Class: 3397K(3648K)->3397K(3648K)
[5790.250s][info][gc             ] GC(856) Pause Young (Normal) (G1 Evacuation Pause) 6413M->1907M(8192M) 155.873ms
[5790.250s][info][gc,cpu         ] GC(856) User=1.23s Sys=0.00s Real=0.15s
....[5793.850s][info][gc,start       ] GC(857) Pause Young (Normal) (G1 Evacuation Pause)
[5793.850s][info][gc,task        ] GC(857) Using 8 workers of 8 for evacuation
[5794.003s][info][gc,phases      ] GC(857)   Pre Evacuate Collection Set: 0.25ms
[5794.003s][info][gc,phases      ] GC(857)   Merge Heap Roots: 0.58ms
[5794.003s][info][gc,phases      ] GC(857)   Evacuate Collection Set: 151.05ms
[5794.003s][info][gc,phases      ] GC(857)   Post Evacuate Collection Set: 1.06ms
[5794.003s][info][gc,phases      ] GC(857)   Other: 0.07ms
[5794.003s][info][gc,heap        ] GC(857) Eden regions: 570->0(570)
[5794.003s][info][gc,heap        ] GC(857) Survivor regions: 44->44(77)
[5794.003s][info][gc,heap        ] GC(857) Old regions: 164->171
[5794.003s][info][gc,heap        ] GC(857) Humongous regions: 33->33
[5794.003s][info][gc,metaspace   ] GC(857) Metaspace: 30005K(30528K)->30005K(30528K) NonClass: 26607K(26880K)->26607K(26880K) Class: 3397K(3648K)->3397K(3648K)
[5794.003s][info][gc             ] GC(857) Pause Young (Normal) (G1 Evacuation Pause) 6467M->1963M(8192M) 153.146ms
[5794.003s][info][gc,cpu         ] GC(857) User=1.21s Sys=0.00s Real=0.16s
....[5797.649s][info][gc,start       ] GC(858) Pause Young (Normal) (G1 Evacuation Pause)
[5797.649s][info][gc,task        ] GC(858) Using 8 workers of 8 for evacuation
[5797.806s][info][gc,phases      ] GC(858)   Pre Evacuate Collection Set: 0.25ms
[5797.806s][info][gc,phases      ] GC(858)   Merge Heap Roots: 0.58ms
[5797.806s][info][gc,phases      ] GC(858)   Evacuate Collection Set: 155.20ms
[5797.806s][info][gc,phases      ] GC(858)   Post Evacuate Collection Set: 1.07ms
[5797.806s][info][gc,phases      ] GC(858)   Other: 0.06ms
[5797.806s][info][gc,heap        ] GC(858) Eden regions: 570->0(570)
[5797.806s][info][gc,heap        ] GC(858) Survivor regions: 44->44(77)
[5797.806s][info][gc,heap        ] GC(858) Old regions: 171->178
[5797.806s][info][gc,heap        ] GC(858) Humongous regions: 33->33
[5797.806s][info][gc,metaspace   ] GC(858) Metaspace: 30005K(30528K)->30005K(30528K) NonClass: 26607K(26880K)->26607K(26880K) Class: 3397K(3648K)->3397K(3648K)
[5797.806s][info][gc             ] GC(858) Pause Young (Normal) (G1 Evacuation Pause) 6523M->2022M(8192M) 157.294ms
[5797.806s][info][gc,cpu         ] GC(858) User=1.24s Sys=0.00s Real=0.16s
.. (rIR:aIR:PR = 10101:10162:10161) (tPR = 151052) [OK] 
  5799s: Performance info:
         Transaction,    Success,    Partial,     Failed,   Receipts, AvgBarcode, 
             Overall,     612554,          0,          0,     582101,      59.47, 
         Response times:
             Request,    Success,    Partial,     Failed,   SkipFail,     Probes,    Samples,      min,      p50,      p90,      p95,      p99,      max, 
       TotalPurchase,     582148,          0,          0,          0,     355854,     422660,      300,     7400,    42000,    76000,   163000,  2000000,
     InStorePurchase,     307868,          0,          0,          0,     187427,     222416,      300,     7400,    42000,    75000,   159000,  2000000,
      OnlinePurchase,     214095,          0,          0,          0,     130640,     155182,      300,     7400,    42000,    76000,   167000,  2000000,
        InstPurchase,      60185,          0,          0,          0,      37787,      45062,      400,     7300,    43000,    77000,   164000,  1900000,
          AssocOfCat,        608,          0,          0,          0,        518,        710,    32000,    56000,   111800,   146000,   265140,   330000,
      AssocOfProduct,       6026,          0,          0,          0,       3416,       4308,      700,     7900,    44000,    78000,   163000,  2000000,
      BusinessReport,       1521,          0,          0,          0,       1362,       1777,    31000,    65000,   119200,   170000,   251320,   370000,
          CustBuyBeh,       6103,          0,          0,          0,       3379,       4221,      200,     7300,    43000,    72000,   143000,   527000,
       ProductReturn,      16196,          0,          0,          0,       9615,      11672,      200,     7700,    46000,    84000,   158000,   780000,

  5799s: (74%)   IR =  10239 .[5801.590s][info][gc,start       ] GC(859) Pause Young (Normal) (G1 Evacuation Pause)
[5801.590s][info][gc,task        ] GC(859) Using 8 workers of 8 for evacuation
[5801.741s][info][gc,phases      ] GC(859)   Pre Evacuate Collection Set: 0.28ms
[5801.741s][info][gc,phases      ] GC(859)   Merge Heap Roots: 0.61ms
[5801.741s][info][gc,phases      ] GC(859)   Evacuate Collection Set: 147.70ms
[5801.741s][info][gc,phases      ] GC(859)   Post Evacuate Collection Set: 1.05ms
[5801.741s][info][gc,phases      ] GC(859)   Other: 0.84ms
[5801.741s][info][gc,heap        ] GC(859) Eden regions: 570->0(571)
[5801.741s][info][gc,heap        ] GC(859) Survivor regions: 44->43(77)
[5801.741s][info][gc,heap        ] GC(859) Old regions: 178->185
[5801.741s][info][gc,heap        ] GC(859) Humongous regions: 33->33
[5801.741s][info][gc,metaspace   ] GC(859) Metaspace: 30005K(30528K)->30005K(30528K) NonClass: 26607K(26880K)->26607K(26880K) Class: 3397K(3648K)->3397K(3648K)
[5801.741s][info][gc             ] GC(859) Pause Young (Normal) (G1 Evacuation Pause) 6582M->2070M(8192M) 150.642ms
[5801.741s][info][gc,cpu         ] GC(859) User=1.18s Sys=0.00s Real=0.16s
....[5805.457s][info][gc,start       ] GC(860) Pause Young (Normal) (G1 Evacuation Pause)
[5805.457s][info][gc,task        ] GC(860) Using 8 workers of 8 for evacuation
[5805.611s][info][gc,phases      ] GC(860)   Pre Evacuate Collection Set: 0.22ms
[5805.611s][info][gc,phases      ] GC(860)   Merge Heap Roots: 0.56ms
[5805.611s][info][gc,phases      ] GC(860)   Evacuate Collection Set: 151.68ms
[5805.611s][info][gc,phases      ] GC(860)   Post Evacuate Collection Set: 1.03ms
[5805.611s][info][gc,phases      ] GC(860)   Other: 0.06ms
[5805.611s][info][gc,heap        ] GC(860) Eden regions: 571->0(571)
[5805.611s][info][gc,heap        ] GC(860) Survivor regions: 43->43(77)
[5805.611s][info][gc,heap        ] GC(860) Old regions: 185->192
[5805.611s][info][gc,heap        ] GC(860) Humongous regions: 33->33
[5805.611s][info][gc,metaspace   ] GC(860) Metaspace: 30005K(30528K)->30005K(30528K) NonClass: 26607K(26880K)->26607K(26880K) Class: 3397K(3648K)->3397K(3648K)
[5805.611s][info][gc             ] GC(860) Pause Young (Normal) (G1 Evacuation Pause) 6638M->2131M(8192M) 153.693ms
[5805.611s][info][gc,cpu         ] GC(860) User=1.22s Sys=0.00s Real=0.16s
....[5809.149s][info][gc,start       ] GC(861) Pause Young (Normal) (G1 Evacuation Pause)
[5809.149s][info][gc,task        ] GC(861) Using 8 workers of 8 for evacuation
[5809.301s][info][gc,phases      ] GC(861)   Pre Evacuate Collection Set: 0.25ms
[5809.301s][info][gc,phases      ] GC(861)   Merge Heap Roots: 0.56ms
[5809.301s][info][gc,phases      ] GC(861)   Evacuate Collection Set: 149.65ms
[5809.301s][info][gc,phases      ] GC(861)   Post Evacuate Collection Set: 1.04ms
[5809.301s][info][gc,phases      ] GC(861)   Other: 0.06ms
[5809.301s][info][gc,heap        ] GC(861) Eden regions: 571->0(571)
[5809.301s][info][gc,heap        ] GC(861) Survivor regions: 43->43(77)
[5809.301s][info][gc,heap        ] GC(861) Old regions: 192->200
[5809.301s][info][gc,heap        ] GC(861) Humongous regions: 33->33
[5809.301s][info][gc,metaspace   ] GC(861) Metaspace: 30005K(30528K)->30005K(30528K) NonClass: 26607K(26880K)->26607K(26880K) Class: 3397K(3648K)->3397K(3648K)
[5809.301s][info][gc             ] GC(861) Pause Young (Normal) (G1 Evacuation Pause) 6699M->2191M(8192M) 151.684ms
[5809.301s][info][gc,cpu         ] GC(861) User=1.20s Sys=0.00s Real=0.16s
....[5813.047s][info][gc,start       ] GC(862) Pause Young (Normal) (G1 Evacuation Pause)
[5813.047s][info][gc,task        ] GC(862) Using 8 workers of 8 for evacuation
[5813.204s][info][gc,phases      ] GC(862)   Pre Evacuate Collection Set: 0.22ms
[5813.204s][info][gc,phases      ] GC(862)   Merge Heap Roots: 0.54ms
[5813.204s][info][gc,phases      ] GC(862)   Evacuate Collection Set: 154.32ms
[5813.204s][info][gc,phases      ] GC(862)   Post Evacuate Collection Set: 1.03ms
[5813.204s][info][gc,phases      ] GC(862)   Other: 0.06ms
[5813.204s][info][gc,heap        ] GC(862) Eden regions: 571->0(570)
[5813.204s][info][gc,heap        ] GC(862) Survivor regions: 43->44(77)
[5813.204s][info][gc,heap        ] GC(862) Old regions: 200->207
[5813.204s][info][gc,heap        ] GC(862) Humongous regions: 33->33
[5813.204s][info][gc,metaspace   ] GC(862) Metaspace: 30005K(30528K)->30005K(30528K) NonClass: 26607K(26880K)->26607K(26880K) Class: 3397K(3648K)->3397K(3648K)
[5813.204s][info][gc             ] GC(862) Pause Young (Normal) (G1 Evacuation Pause) 6759M->2258M(8192M) 156.310ms
[5813.204s][info][gc,cpu         ] GC(862) User=1.24s Sys=0.00s Real=0.16s
....[5816.764s][info][gc,start       ] GC(863) Pause Young (Normal) (G1 Evacuation Pause)
[5816.765s][info][gc,task        ] GC(863) Using 8 workers of 8 for evacuation
[5816.915s][info][gc,phases      ] GC(863)   Pre Evacuate Collection Set: 0.26ms
[5816.915s][info][gc,phases      ] GC(863)   Merge Heap Roots: 0.58ms
[5816.915s][info][gc,phases      ] GC(863)   Evacuate Collection Set: 148.65ms
[5816.915s][info][gc,phases      ] GC(863)   Post Evacuate Collection Set: 1.03ms
[5816.915s][info][gc,phases      ] GC(863)   Other: 0.06ms
[5816.915s][info][gc,heap        ] GC(863) Eden regions: 570->0(571)
[5816.915s][info][gc,heap        ] GC(863) Survivor regions: 44->43(77)
[5816.915s][info][gc,heap        ] GC(863) Old regions: 207->214
[5816.915s][info][gc,heap        ] GC(863) Humongous regions: 33->33
[5816.915s][info][gc,metaspace   ] GC(863) Metaspace: 30005K(30528K)->30005K(30528K) NonClass: 26607K(26880K)->26607K(26880K) Class: 3397K(3648K)->3397K(3648K)
[5816.915s][info][gc             ] GC(863) Pause Young (Normal) (G1 Evacuation Pause) 6818M->2305M(8192M) 150.698ms
[5816.915s][info][gc,cpu         ] GC(863) User=1.20s Sys=0.00s Real=0.15s
.|..[5820.434s][info][gc,start       ] GC(864) Pause Young (Normal) (G1 Evacuation Pause)
[5820.434s][info][gc,task        ] GC(864) Using 8 workers of 8 for evacuation
[5820.584s][info][gc,phases      ] GC(864)   Pre Evacuate Collection Set: 0.23ms
[5820.584s][info][gc,phases      ] GC(864)   Merge Heap Roots: 0.73ms
[5820.584s][info][gc,phases      ] GC(864)   Evacuate Collection Set: 148.10ms
[5820.584s][info][gc,phases      ] GC(864)   Post Evacuate Collection Set: 1.06ms
[5820.584s][info][gc,phases      ] GC(864)   Other: 0.07ms
[5820.584s][info][gc,heap        ] GC(864) Eden regions: 571->0(571)
[5820.584s][info][gc,heap        ] GC(864) Survivor regions: 43->43(77)
[5820.584s][info][gc,heap        ] GC(864) Old regions: 214->221
[5820.584s][info][gc,heap        ] GC(864) Humongous regions: 33->33
[5820.585s][info][gc,metaspace   ] GC(864) Metaspace: 30005K(30528K)->30005K(30528K) NonClass: 26607K(26880K)->26607K(26880K) Class: 3397K(3648K)->3397K(3648K)
[5820.585s][info][gc             ] GC(864) Pause Young (Normal) (G1 Evacuation Pause) 6873M->2361M(8192M) 150.323ms
[5820.585s][info][gc,cpu         ] GC(864) User=1.19s Sys=0.00s Real=0.15s
....[5824.320s][info][gc,start       ] GC(865) Pause Young (Normal) (G1 Evacuation Pause)
[5824.320s][info][gc,task        ] GC(865) Using 8 workers of 8 for evacuation
[5824.481s][info][gc,phases      ] GC(865)   Pre Evacuate Collection Set: 0.22ms
[5824.481s][info][gc,phases      ] GC(865)   Merge Heap Roots: 0.54ms
[5824.481s][info][gc,phases      ] GC(865)   Evacuate Collection Set: 158.92ms
[5824.481s][info][gc,phases      ] GC(865)   Post Evacuate Collection Set: 1.09ms
[5824.481s][info][gc,phases      ] GC(865)   Other: 0.08ms
[5824.481s][info][gc,heap        ] GC(865) Eden regions: 571->0(568)
[5824.481s][info][gc,heap        ] GC(865) Survivor regions: 43->46(77)
[5824.481s][info][gc,heap        ] GC(865) Old regions: 221->228
[5824.481s][info][gc,heap        ] GC(865) Humongous regions: 33->33
[5824.481s][info][gc,metaspace   ] GC(865) Metaspace: 30005K(30528K)->30005K(30528K) NonClass: 26607K(26880K)->26607K(26880K) Class: 3397K(3648K)->3397K(3648K)
[5824.481s][info][gc             ] GC(865) Pause Young (Normal) (G1 Evacuation Pause) 6929M->2439M(8192M) 160.985ms
[5824.481s][info][gc,cpu         ] GC(865) User=1.27s Sys=0.00s Real=0.17s
....[5828.164s][info][gc,start       ] GC(866) Pause Young (Normal) (G1 Evacuation Pause)
[5828.164s][info][gc,task        ] GC(866) Using 8 workers of 8 for evacuation
[5828.319s][info][gc,phases      ] GC(866)   Pre Evacuate Collection Set: 0.23ms
[5828.319s][info][gc,phases      ] GC(866)   Merge Heap Roots: 0.54ms
[5828.319s][info][gc,phases      ] GC(866)   Evacuate Collection Set: 153.45ms
[5828.319s][info][gc,phases      ] GC(866)   Post Evacuate Collection Set: 1.06ms
[5828.319s][info][gc,phases      ] GC(866)   Other: 0.06ms
[5828.319s][info][gc,heap        ] GC(866) Eden regions: 568->0(570)
[5828.319s][info][gc,heap        ] GC(866) Survivor regions: 46->44(77)
[5828.319s][info][gc,heap        ] GC(866) Old regions: 228->236
[5828.319s][info][gc,heap        ] GC(866) Humongous regions: 33->33
[5828.319s][info][gc,metaspace   ] GC(866) Metaspace: 30005K(30528K)->30005K(30528K) NonClass: 26607K(26880K)->26607K(26880K) Class: 3397K(3648K)->3397K(3648K)
[5828.319s][info][gc             ] GC(866) Pause Young (Normal) (G1 Evacuation Pause) 6983M->2487M(8192M) 155.488ms
[5828.319s][info][gc,cpu         ] GC(866) User=1.23s Sys=0.00s Real=0.15s
....[5831.799s][info][gc,start       ] GC(867) Pause Young (Normal) (G1 Evacuation Pause)
[5831.799s][info][gc,task        ] GC(867) Using 8 workers of 8 for evacuation
[5831.950s][info][gc,phases      ] GC(867)   Pre Evacuate Collection Set: 0.21ms
[5831.950s][info][gc,phases      ] GC(867)   Merge Heap Roots: 0.61ms
[5831.950s][info][gc,phases      ] GC(867)   Evacuate Collection Set: 148.47ms
[5831.950s][info][gc,phases      ] GC(867)   Post Evacuate Collection Set: 1.04ms
[5831.950s][info][gc,phases      ] GC(867)   Other: 0.06ms
[5831.950s][info][gc,heap        ] GC(867) Eden regions: 570->0(571)
[5831.950s][info][gc,heap        ] GC(867) Survivor regions: 44->43(77)
[5831.950s][info][gc,heap        ] GC(867) Old regions: 236->243
[5831.950s][info][gc,heap        ] GC(867) Humongous regions: 33->33
[5831.950s][info][gc,metaspace   ] GC(867) Metaspace: 30005K(30528K)->30005K(30528K) NonClass: 26607K(26880K)->26607K(26880K) Class: 3397K(3648K)->3397K(3648K)
[5831.950s][info][gc             ] GC(867) Pause Young (Normal) (G1 Evacuation Pause) 7047M->2534M(8192M) 150.517ms
[5831.950s][info][gc,cpu         ] GC(867) User=1.19s Sys=0.00s Real=0.15s
...[5835.521s][info][gc,start       ] GC(868) Pause Young (Normal) (G1 Evacuation Pause)
[5835.522s][info][gc,task        ] GC(868) Using 8 workers of 8 for evacuation
[5835.677s][info][gc,phases      ] GC(868)   Pre Evacuate Collection Set: 0.23ms
[5835.677s][info][gc,phases      ] GC(868)   Merge Heap Roots: 0.55ms
[5835.677s][info][gc,phases      ] GC(868)   Evacuate Collection Set: 153.73ms
[5835.677s][info][gc,phases      ] GC(868)   Post Evacuate Collection Set: 1.11ms
[5835.677s][info][gc,phases      ] GC(868)   Other: 0.07ms
[5835.677s][info][gc,heap        ] GC(868) Eden regions: 571->0(571)
[5835.677s][info][gc,heap        ] GC(868) Survivor regions: 43->43(77)
[5835.677s][info][gc,heap        ] GC(868) Old regions: 243->250
[5835.677s][info][gc,heap        ] GC(868) Humongous regions: 33->33
[5835.677s][info][gc,metaspace   ] GC(868) Metaspace: 30005K(30528K)->30005K(30528K) NonClass: 26607K(26880K)->26607K(26880K) Class: 3397K(3648K)->3397K(3648K)
[5835.677s][info][gc             ] GC(868) Pause Young (Normal) (G1 Evacuation Pause) 7102M->2595M(8192M) 155.819ms
[5835.677s][info][gc,cpu         ] GC(868) User=1.24s Sys=0.00s Real=0.15s
....[5839.201s][info][gc,start       ] GC(869) Pause Young (Normal) (G1 Evacuation Pause)
[5839.201s][info][gc,task        ] GC(869) Using 8 workers of 8 for evacuation
[5839.358s][info][gc,phases      ] GC(869)   Pre Evacuate Collection Set: 0.28ms
[5839.358s][info][gc,phases      ] GC(869)   Merge Heap Roots: 0.62ms
[5839.358s][info][gc,phases      ] GC(869)   Evacuate Collection Set: 155.36ms
[5839.358s][info][gc,phases      ] GC(869)   Post Evacuate Collection Set: 1.08ms
[5839.358s][info][gc,phases      ] GC(869)   Other: 0.06ms
[5839.358s][info][gc,heap        ] GC(869) Eden regions: 571->0(569)
[5839.358s][info][gc,heap        ] GC(869) Survivor regions: 43->45(77)
[5839.358s][info][gc,heap        ] GC(869) Old regions: 250->258
[5839.358s][info][gc,heap        ] GC(869) Humongous regions: 33->33
[5839.358s][info][gc,metaspace   ] GC(869) Metaspace: 30005K(30528K)->30005K(30528K) NonClass: 26607K(26880K)->26607K(26880K) Class: 3397K(3648K)->3397K(3648K)
[5839.358s][info][gc             ] GC(869) Pause Young (Normal) (G1 Evacuation Pause) 7163M->2665M(8192M) 157.544ms
[5839.359s][info][gc,cpu         ] GC(869) User=1.25s Sys=0.00s Real=0.15s
....[5842.923s][info][gc,start       ] GC(870) Pause Young (Normal) (G1 Evacuation Pause)
[5842.923s][info][gc,task        ] GC(870) Using 8 workers of 8 for evacuation
[5843.075s][info][gc,phases      ] GC(870)   Pre Evacuate Collection Set: 0.24ms
[5843.075s][info][gc,phases      ] GC(870)   Merge Heap Roots: 0.56ms
[5843.075s][info][gc,phases      ] GC(870)   Evacuate Collection Set: 150.30ms
[5843.075s][info][gc,phases      ] GC(870)   Post Evacuate Collection Set: 1.05ms
[5843.075s][info][gc,phases      ] GC(870)   Other: 0.06ms
[5843.075s][info][gc,heap        ] GC(870) Eden regions: 569->0(571)
[5843.075s][info][gc,heap        ] GC(870) Survivor regions: 45->43(77)
[5843.075s][info][gc,heap        ] GC(870) Old regions: 258->265
[5843.075s][info][gc,heap        ] GC(870) Humongous regions: 33->33
[5843.075s][info][gc,metaspace   ] GC(870) Metaspace: 30005K(30528K)->30005K(30528K) NonClass: 26607K(26880K)->26607K(26880K) Class: 3397K(3648K)->3397K(3648K)
[5843.075s][info][gc             ] GC(870) Pause Young (Normal) (G1 Evacuation Pause) 7217M->2711M(8192M) 152.328ms
[5843.075s][info][gc,cpu         ] GC(870) User=1.21s Sys=0.00s Real=0.15s
...[5846.761s][info][gc,start       ] GC(871) Pause Young (Normal) (G1 Evacuation Pause)
[5846.761s][info][gc,task        ] GC(871) Using 8 workers of 8 for evacuation
[5846.919s][info][gc,phases      ] GC(871)   Pre Evacuate Collection Set: 0.23ms
[5846.919s][info][gc,phases      ] GC(871)   Merge Heap Roots: 0.63ms
[5846.919s][info][gc,phases      ] GC(871)   Evacuate Collection Set: 154.67ms
[5846.919s][info][gc,phases      ] GC(871)   Post Evacuate Collection Set: 1.05ms
[5846.919s][info][gc,phases      ] GC(871)   Other: 0.84ms
[5846.919s][info][gc,heap        ] GC(871) Eden regions: 571->0(571)
[5846.919s][info][gc,heap        ] GC(871) Survivor regions: 43->43(77)
[5846.919s][info][gc,heap        ] GC(871) Old regions: 265->272
[5846.919s][info][gc,heap        ] GC(871) Humongous regions: 33->33
[5846.919s][info][gc,metaspace   ] GC(871) Metaspace: 30005K(30528K)->30005K(30528K) NonClass: 26607K(26880K)->26607K(26880K) Class: 3397K(3648K)->3397K(3648K)
[5846.919s][info][gc             ] GC(871) Pause Young (Normal) (G1 Evacuation Pause) 7279M->2770M(8192M) 157.554ms
[5846.919s][info][gc,cpu         ] GC(871) User=1.24s Sys=0.00s Real=0.15s
....[5850.690s][info][gc,start       ] GC(872) Pause Young (Normal) (G1 Evacuation Pause)
[5850.690s][info][gc,task        ] GC(872) Using 8 workers of 8 for evacuation
[5850.841s][info][gc,phases      ] GC(872)   Pre Evacuate Collection Set: 0.25ms
[5850.841s][info][gc,phases      ] GC(872)   Merge Heap Roots: 0.68ms
[5850.841s][info][gc,phases      ] GC(872)   Evacuate Collection Set: 148.28ms
[5850.841s][info][gc,phases      ] GC(872)   Post Evacuate Collection Set: 1.11ms
[5850.841s][info][gc,phases      ] GC(872)   Other: 0.09ms
[5850.841s][info][gc,heap        ] GC(872) Eden regions: 571->0(571)
[5850.841s][info][gc,heap        ] GC(872) Survivor regions: 43->43(77)
[5850.841s][info][gc,heap        ] GC(872) Old regions: 272->279
[5850.841s][info][gc,heap        ] GC(872) Humongous regions: 33->33
[5850.841s][info][gc,metaspace   ] GC(872) Metaspace: 30005K(30528K)->30005K(30528K) NonClass: 26607K(26880K)->26607K(26880K) Class: 3397K(3648K)->3397K(3648K)
[5850.841s][info][gc             ] GC(872) Pause Young (Normal) (G1 Evacuation Pause) 7338M->2823M(8192M) 150.562ms
[5850.841s][info][gc,cpu         ] GC(872) User=1.19s Sys=0.00s Real=0.16s
....[5854.303s][info][gc,start       ] GC(873) Pause Young (Normal) (G1 Evacuation Pause)
[5854.303s][info][gc,task        ] GC(873) Using 8 workers of 8 for evacuation
[5854.460s][info][gc,phases      ] GC(873)   Pre Evacuate Collection Set: 0.22ms
[5854.460s][info][gc,phases      ] GC(873)   Merge Heap Roots: 0.57ms
[5854.460s][info][gc,phases      ] GC(873)   Evacuate Collection Set: 154.89ms
[5854.460s][info][gc,phases      ] GC(873)   Post Evacuate Collection Set: 1.07ms
[5854.460s][info][gc,phases      ] GC(873)   Other: 0.06ms
[5854.460s][info][gc,heap        ] GC(873) Eden regions: 571->0(565)
[5854.460s][info][gc,heap        ] GC(873) Survivor regions: 43->44(77)
[5854.460s][info][gc,heap        ] GC(873) Old regions: 279->286
[5854.460s][info][gc,heap        ] GC(873) Humongous regions: 33->33
[5854.460s][info][gc,metaspace   ] GC(873) Metaspace: 30005K(30528K)->30005K(30528K) NonClass: 26607K(26880K)->26607K(26880K) Class: 3397K(3648K)->3397K(3648K)
[5854.460s][info][gc             ] GC(873) Pause Young (Normal) (G1 Evacuation Pause) 7391M->2891M(8192M) 156.951ms
[5854.460s][info][gc,cpu         ] GC(873) User=1.24s Sys=0.00s Real=0.15s
....[5858.019s][info][gc,start       ] GC(874) Pause Young (Normal) (G1 Evacuation Pause)
[5858.019s][info][gc,task        ] GC(874) Using 8 workers of 8 for evacuation
[5858.177s][info][gc,phases      ] GC(874)   Pre Evacuate Collection Set: 0.23ms
[5858.177s][info][gc,phases      ] GC(874)   Merge Heap Roots: 0.58ms
[5858.177s][info][gc,phases      ] GC(874)   Evacuate Collection Set: 155.84ms
[5858.177s][info][gc,phases      ] GC(874)   Post Evacuate Collection Set: 1.04ms
[5858.177s][info][gc,phases      ] GC(874)   Other: 0.06ms
[5858.177s][info][gc,heap        ] GC(874) Eden regions: 565->0(557)
[5858.177s][info][gc,heap        ] GC(874) Survivor regions: 44->44(77)
[5858.177s][info][gc,heap        ] GC(874) Old regions: 286->294
[5858.177s][info][gc,heap        ] GC(874) Humongous regions: 33->33
[5858.177s][info][gc,metaspace   ] GC(874) Metaspace: 30005K(30528K)->30005K(30528K) NonClass: 26607K(26880K)->26607K(26880K) Class: 3397K(3648K)->3397K(3648K)
[5858.177s][info][gc             ] GC(874) Pause Young (Normal) (G1 Evacuation Pause) 7411M->2949M(8192M) 157.878ms
[5858.177s][info][gc,cpu         ] GC(874) User=1.25s Sys=0.01s Real=0.16s
...[5861.670s][info][gc,start       ] GC(875) Pause Young (Normal) (G1 Evacuation Pause)
[5861.670s][info][gc,task        ] GC(875) Using 8 workers of 8 for evacuation
[5861.822s][info][gc,phases      ] GC(875)   Pre Evacuate Collection Set: 0.25ms
[5861.822s][info][gc,phases      ] GC(875)   Merge Heap Roots: 0.64ms
[5861.822s][info][gc,phases      ] GC(875)   Evacuate Collection Set: 149.90ms
[5861.822s][info][gc,phases      ] GC(875)   Post Evacuate Collection Set: 1.06ms
[5861.822s][info][gc,phases      ] GC(875)   Other: 0.07ms
[5861.822s][info][gc,heap        ] GC(875) Eden regions: 557->0(554)
[5861.822s][info][gc,heap        ] GC(875) Survivor regions: 44->42(76)
[5861.822s][info][gc,heap        ] GC(875) Old regions: 294->301
[5861.822s][info][gc,heap        ] GC(875) Humongous regions: 33->33
[5861.822s][info][gc,metaspace   ] GC(875) Metaspace: 30005K(30528K)->30005K(30528K) NonClass: 26607K(26880K)->26607K(26880K) Class: 3397K(3648K)->3397K(3648K)
[5861.822s][info][gc             ] GC(875) Pause Young (Normal) (G1 Evacuation Pause) 7405M->2994M(8192M) 152.040ms
[5861.822s][info][gc,cpu         ] GC(875) User=1.21s Sys=0.00s Real=0.16s
....[5865.399s][info][gc,start       ] GC(876) Pause Young (Normal) (G1 Evacuation Pause)
[5865.399s][info][gc,task        ] GC(876) Using 8 workers of 8 for evacuation
[5865.553s][info][gc,phases      ] GC(876)   Pre Evacuate Collection Set: 0.23ms
[5865.553s][info][gc,phases      ] GC(876)   Merge Heap Roots: 0.61ms
[5865.553s][info][gc,phases      ] GC(876)   Evacuate Collection Set: 151.25ms
[5865.553s][info][gc,phases      ] GC(876)   Post Evacuate Collection Set: 1.06ms
[5865.553s][info][gc,phases      ] GC(876)   Other: 0.07ms
[5865.553s][info][gc,heap        ] GC(876) Eden regions: 554->0(544)
[5865.553s][info][gc,heap        ] GC(876) Survivor regions: 42->43(75)
[5865.553s][info][gc,heap        ] GC(876) Old regions: 301->309
[5865.553s][info][gc,heap        ] GC(876) Humongous regions: 33->33
[5865.553s][info][gc,metaspace   ] GC(876) Metaspace: 30005K(30528K)->30005K(30528K) NonClass: 26607K(26880K)->26607K(26880K) Class: 3397K(3648K)->3397K(3648K)
[5865.553s][info][gc             ] GC(876) Pause Young (Normal) (G1 Evacuation Pause) 7426M->3061M(8192M) 153.337ms
[5865.553s][info][gc,cpu         ] GC(876) User=1.22s Sys=0.00s Real=0.16s
....[5868.955s][info][gc,start       ] GC(877) Pause Young (Concurrent Start) (G1 Evacuation Pause)
[5868.955s][info][gc,task        ] GC(877) Using 8 workers of 8 for evacuation
[5869.106s][info][gc,phases      ] GC(877)   Pre Evacuate Collection Set: 0.27ms
[5869.106s][info][gc,phases      ] GC(877)   Merge Heap Roots: 0.54ms
[5869.106s][info][gc,phases      ] GC(877)   Evacuate Collection Set: 149.48ms
[5869.106s][info][gc,phases      ] GC(877)   Post Evacuate Collection Set: 1.05ms
[5869.106s][info][gc,phases      ] GC(877)   Other: 0.10ms
[5869.106s][info][gc,heap        ] GC(877) Eden regions: 544->0(537)
[5869.106s][info][gc,heap        ] GC(877) Survivor regions: 43->43(74)
[5869.106s][info][gc,heap        ] GC(877) Old regions: 309->316
[5869.106s][info][gc,heap        ] GC(877) Humongous regions: 33->33
[5869.106s][info][gc,metaspace   ] GC(877) Metaspace: 30005K(30528K)->30005K(30528K) NonClass: 26607K(26880K)->26607K(26880K) Class: 3397K(3648K)->3397K(3648K)
[5869.106s][info][gc             ] GC(877) Pause Young (Concurrent Start) (G1 Evacuation Pause) 7413M->3119M(8192M) 151.563ms
[5869.106s][info][gc,cpu         ] GC(877) User=1.20s Sys=0.00s Real=0.15s
[5869.106s][info][gc             ] GC(878) Concurrent Mark Cycle
[5869.106s][info][gc,marking     ] GC(878) Concurrent Scan Root Regions
[5869.447s][info][gc,marking     ] GC(878) Concurrent Scan Root Regions 340.712ms
[5869.447s][info][gc,marking     ] GC(878) Concurrent Mark
[5869.447s][info][gc,marking     ] GC(878) Concurrent Mark From Roots
[5869.447s][info][gc,task        ] GC(878) Using 2 workers of 2 for marking
.[5870.659s][info][gc,marking     ] GC(878) Concurrent Mark From Roots 1211.338ms
[5870.659s][info][gc,marking     ] GC(878) Concurrent Preclean
[5870.659s][info][gc,marking     ] GC(878) Concurrent Preclean 0.149ms
[5870.659s][info][gc,start       ] GC(878) Pause Remark
[5870.662s][info][gc             ] GC(878) Pause Remark 4869M->4429M(8192M) 3.160ms
[5870.662s][info][gc,cpu         ] GC(878) User=0.02s Sys=0.00s Real=0.01s
[5870.662s][info][gc,marking     ] GC(878) Concurrent Mark 1214.971ms
[5870.662s][info][gc,marking     ] GC(878) Concurrent Rebuild Remembered Sets and Scrub Regions
.[5871.583s][info][gc,marking     ] GC(878) Concurrent Rebuild Remembered Sets and Scrub Regions 920.782ms
[5871.583s][info][gc,start       ] GC(878) Pause Cleanup
[5871.583s][info][gc             ] GC(878) Pause Cleanup 5719M->5719M(8192M) 0.248ms
[5871.583s][info][gc,cpu         ] GC(878) User=0.00s Sys=0.00s Real=0.00s
[5871.584s][info][gc,marking     ] GC(878) Concurrent Clear Claimed Marks
[5871.584s][info][gc,marking     ] GC(878) Concurrent Clear Claimed Marks 0.046ms
[5871.584s][info][gc,marking     ] GC(878) Concurrent Cleanup for Next Mark
[5871.594s][info][gc,marking     ] GC(878) Concurrent Cleanup for Next Mark 10.235ms
[5871.594s][info][gc             ] GC(878) Concurrent Mark Cycle 2487.449ms
.[5872.478s][info][gc,start       ] GC(879) Pause Young (Prepare Mixed) (G1 Evacuation Pause)
[5872.478s][info][gc,task        ] GC(879) Using 8 workers of 8 for evacuation
[5872.633s][info][gc,phases      ] GC(879)   Pre Evacuate Collection Set: 0.22ms
[5872.633s][info][gc,phases      ] GC(879)   Merge Heap Roots: 0.76ms
[5872.633s][info][gc,phases      ] GC(879)   Evacuate Collection Set: 152.65ms
[5872.633s][info][gc,phases      ] GC(879)   Post Evacuate Collection Set: 1.13ms
[5872.633s][info][gc,phases      ] GC(879)   Other: 0.06ms
[5872.633s][info][gc,heap        ] GC(879) Eden regions: 537->0(571)
[5872.633s][info][gc,heap        ] GC(879) Survivor regions: 43->43(73)
[5872.633s][info][gc,heap        ] GC(879) Old regions: 261->269
[5872.633s][info][gc,heap        ] GC(879) Humongous regions: 33->33
[5872.633s][info][gc,metaspace   ] GC(879) Metaspace: 30005K(30528K)->30005K(30528K) NonClass: 26607K(26880K)->26607K(26880K) Class: 3397K(3648K)->3397K(3648K)
[5872.633s][info][gc             ] GC(879) Pause Young (Prepare Mixed) (G1 Evacuation Pause) 6975M->2746M(8192M) 154.968ms
[5872.633s][info][gc,cpu         ] GC(879) User=1.23s Sys=0.00s Real=0.16s
....[5876.286s][info][gc,start       ] GC(880) Pause Young (Mixed) (G1 Evacuation Pause)
[5876.286s][info][gc,task        ] GC(880) Using 8 workers of 8 for evacuation
[5876.446s][info][gc,phases      ] GC(880)   Pre Evacuate Collection Set: 0.26ms
[5876.446s][info][gc,phases      ] GC(880)   Merge Heap Roots: 0.83ms
[5876.446s][info][gc,phases      ] GC(880)   Evacuate Collection Set: 157.04ms
[5876.446s][info][gc,phases      ] GC(880)   Post Evacuate Collection Set: 1.33ms
[5876.446s][info][gc,phases      ] GC(880)   Other: 0.08ms
[5876.446s][info][gc,heap        ] GC(880) Eden regions: 571->0(571)
[5876.446s][info][gc,heap        ] GC(880) Survivor regions: 43->43(77)
[5876.446s][info][gc,heap        ] GC(880) Old regions: 269->174
[5876.446s][info][gc,heap        ] GC(880) Humongous regions: 33->33
[5876.446s][info][gc,metaspace   ] GC(880) Metaspace: 30005K(30528K)->30005K(30528K) NonClass: 26607K(26880K)->26607K(26880K) Class: 3397K(3648K)->3397K(3648K)
[5876.446s][info][gc             ] GC(880) Pause Young (Mixed) (G1 Evacuation Pause) 7314M->1987M(8192M) 159.699ms
[5876.446s][info][gc,cpu         ] GC(880) User=1.27s Sys=0.00s Real=0.16s
.. (rIR:aIR:PR = 10239:10249:10248) (tPR = 151102) [OK] 
  5877s: Performance info:
         Transaction,    Success,    Partial,     Failed,   Receipts, AvgBarcode, 
             Overall,     616935,          0,          0,     586471,      59.48, 
         Response times:
             Request,    Success,    Partial,     Failed,   SkipFail,     Probes,    Samples,      min,      p50,      p90,      p95,      p99,      max, 
       TotalPurchase,     586486,          0,          0,          0,     356565,     473337,      300,     7300,    44000,    82000,   169000,  2400000,
     InStorePurchase,     310493,          0,          0,          0,     188322,     249516,      300,     7300,    44000,    82000,   169000,  2400000,
      OnlinePurchase,     214001,          0,          0,          0,     130926,     173761,      300,     7300,    43000,    79000,   169000,  2400000,
        InstPurchase,      61992,          0,          0,          0,      37317,      50060,      400,     7400,    47000,    86000,   169000,  2100000,
          AssocOfCat,        611,          0,          0,          0,        525,        811,    27000,    55000,   107800,   142200,   239000,   328000,
      AssocOfProduct,       6132,          0,          0,          0,       3360,       4729,      700,     6800,    41000,    74000,   158700,   544000,
      BusinessReport,       1541,          0,          0,          0,       1357,       1956,    33000,    62000,   123300,   189300,   271000,   365000,
          CustBuyBeh,       6163,          0,          0,          0,       3446,       4742,      200,     6600,    40000,    76000,   167570,  1700000,
       ProductReturn,      16061,          0,          0,          0,       9596,      13066,      200,     7800,    44000,    87000,   172000,  2400000,

  5877s: (75%)   IR =  10378 ..[5880.082s][info][gc,start       ] GC(881) Pause Young (Mixed) (G1 Evacuation Pause)
[5880.082s][info][gc,task        ] GC(881) Using 8 workers of 8 for evacuation
[5880.251s][info][gc,phases      ] GC(881)   Pre Evacuate Collection Set: 0.24ms
[5880.251s][info][gc,phases      ] GC(881)   Merge Heap Roots: 1.04ms
[5880.251s][info][gc,phases      ] GC(881)   Evacuate Collection Set: 166.32ms
[5880.251s][info][gc,phases      ] GC(881)   Post Evacuate Collection Set: 1.17ms
[5880.251s][info][gc,phases      ] GC(881)   Other: 0.09ms
[5880.251s][info][gc,heap        ] GC(881) Eden regions: 571->0(571)
[5880.251s][info][gc,heap        ] GC(881) Survivor regions: 43->43(77)
[5880.251s][info][gc,heap        ] GC(881) Old regions: 174->143
[5880.251s][info][gc,heap        ] GC(881) Humongous regions: 33->33
[5880.251s][info][gc,metaspace   ] GC(881) Metaspace: 30005K(30528K)->30005K(30528K) NonClass: 26607K(26880K)->26607K(26880K) Class: 3397K(3648K)->3397K(3648K)
[5880.251s][info][gc             ] GC(881) Pause Young (Mixed) (G1 Evacuation Pause) 6555M->1733M(8192M) 168.990ms
[5880.251s][info][gc,cpu         ] GC(881) User=1.34s Sys=0.00s Real=0.17s
...[5883.786s][info][gc,start       ] GC(882) Pause Young (Normal) (G1 Evacuation Pause)
[5883.786s][info][gc,task        ] GC(882) Using 8 workers of 8 for evacuation
[5883.940s][info][gc,phases      ] GC(882)   Pre Evacuate Collection Set: 0.24ms
[5883.940s][info][gc,phases      ] GC(882)   Merge Heap Roots: 0.55ms
[5883.940s][info][gc,phases      ] GC(882)   Evacuate Collection Set: 151.90ms
[5883.940s][info][gc,phases      ] GC(882)   Post Evacuate Collection Set: 1.03ms
[5883.940s][info][gc,phases      ] GC(882)   Other: 0.06ms
[5883.940s][info][gc,heap        ] GC(882) Eden regions: 571->0(571)
[5883.940s][info][gc,heap        ] GC(882) Survivor regions: 43->43(77)
[5883.940s][info][gc,heap        ] GC(882) Old regions: 143->150
[5883.940s][info][gc,heap        ] GC(882) Humongous regions: 33->33
[5883.940s][info][gc,metaspace   ] GC(882) Metaspace: 30005K(30528K)->30005K(30528K) NonClass: 26607K(26880K)->26607K(26880K) Class: 3397K(3648K)->3397K(3648K)
[5883.940s][info][gc             ] GC(882) Pause Young (Normal) (G1 Evacuation Pause) 6301M->1791M(8192M) 153.911ms
[5883.940s][info][gc,cpu         ] GC(882) User=1.22s Sys=0.01s Real=0.15s
....[5887.554s][info][gc,start       ] GC(883) Pause Young (Normal) (G1 Evacuation Pause)
[5887.554s][info][gc,task        ] GC(883) Using 8 workers of 8 for evacuation
[5887.706s][info][gc,phases      ] GC(883)   Pre Evacuate Collection Set: 0.22ms
[5887.706s][info][gc,phases      ] GC(883)   Merge Heap Roots: 0.57ms
[5887.706s][info][gc,phases      ] GC(883)   Evacuate Collection Set: 150.32ms
[5887.706s][info][gc,phases      ] GC(883)   Post Evacuate Collection Set: 1.03ms
[5887.706s][info][gc,phases      ] GC(883)   Other: 0.06ms
[5887.706s][info][gc,heap        ] GC(883) Eden regions: 571->0(571)
[5887.706s][info][gc,heap        ] GC(883) Survivor regions: 43->43(77)
[5887.706s][info][gc,heap        ] GC(883) Old regions: 150->157
[5887.706s][info][gc,heap        ] GC(883) Humongous regions: 33->33
[5887.706s][info][gc,metaspace   ] GC(883) Metaspace: 30005K(30528K)->30005K(30528K) NonClass: 26607K(26880K)->26607K(26880K) Class: 3397K(3648K)->3397K(3648K)
[5887.706s][info][gc             ] GC(883) Pause Young (Normal) (G1 Evacuation Pause) 6359M->1845M(8192M) 152.317ms
[5887.706s][info][gc,cpu         ] GC(883) User=1.20s Sys=0.00s Real=0.15s
....[5891.285s][info][gc,start       ] GC(884) Pause Young (Normal) (G1 Evacuation Pause)
[5891.285s][info][gc,task        ] GC(884) Using 8 workers of 8 for evacuation
[5891.440s][info][gc,phases      ] GC(884)   Pre Evacuate Collection Set: 0.23ms
[5891.440s][info][gc,phases      ] GC(884)   Merge Heap Roots: 0.61ms
[5891.440s][info][gc,phases      ] GC(884)   Evacuate Collection Set: 152.88ms
[5891.440s][info][gc,phases      ] GC(884)   Post Evacuate Collection Set: 1.02ms
[5891.440s][info][gc,phases      ] GC(884)   Other: 0.06ms
[5891.440s][info][gc,heap        ] GC(884) Eden regions: 571->0(570)
[5891.440s][info][gc,heap        ] GC(884) Survivor regions: 43->44(77)
[5891.440s][info][gc,heap        ] GC(884) Old regions: 157->164
[5891.440s][info][gc,heap        ] GC(884) Humongous regions: 33->33
[5891.440s][info][gc,metaspace   ] GC(884) Metaspace: 30005K(30528K)->30005K(30528K) NonClass: 26607K(26880K)->26607K(26880K) Class: 3397K(3648K)->3397K(3648K)
[5891.440s][info][gc             ] GC(884) Pause Young (Normal) (G1 Evacuation Pause) 6413M->1913M(8192M) 154.941ms
[5891.440s][info][gc,cpu         ] GC(884) User=1.23s Sys=0.00s Real=0.15s
....[5895.065s][info][gc,start       ] GC(885) Pause Young (Normal) (G1 Evacuation Pause)
[5895.065s][info][gc,task        ] GC(885) Using 8 workers of 8 for evacuation
[5895.221s][info][gc,phases      ] GC(885)   Pre Evacuate Collection Set: 0.22ms
[5895.222s][info][gc,phases      ] GC(885)   Merge Heap Roots: 0.58ms
[5895.222s][info][gc,phases      ] GC(885)   Evacuate Collection Set: 154.85ms
[5895.222s][info][gc,phases      ] GC(885)   Post Evacuate Collection Set: 1.06ms
[5895.222s][info][gc,phases      ] GC(885)   Other: 0.06ms
[5895.222s][info][gc,heap        ] GC(885) Eden regions: 570->0(570)
[5895.222s][info][gc,heap        ] GC(885) Survivor regions: 44->44(77)
[5895.222s][info][gc,heap        ] GC(885) Old regions: 164->171
[5895.222s][info][gc,heap        ] GC(885) Humongous regions: 33->33
[5895.222s][info][gc,metaspace   ] GC(885) Metaspace: 30005K(30528K)->30005K(30528K) NonClass: 26607K(26880K)->26607K(26880K) Class: 3397K(3648K)->3397K(3648K)
[5895.222s][info][gc             ] GC(885) Pause Young (Normal) (G1 Evacuation Pause) 6473M->1971M(8192M) 156.918ms
[5895.222s][info][gc,cpu         ] GC(885) User=1.25s Sys=0.00s Real=0.16s
...|[5898.603s][info][gc,start       ] GC(886) Pause Young (Normal) (G1 Evacuation Pause)
[5898.603s][info][gc,task        ] GC(886) Using 8 workers of 8 for evacuation
[5898.755s][info][gc,phases      ] GC(886)   Pre Evacuate Collection Set: 0.24ms
[5898.755s][info][gc,phases      ] GC(886)   Merge Heap Roots: 0.63ms
[5898.755s][info][gc,phases      ] GC(886)   Evacuate Collection Set: 149.65ms
[5898.755s][info][gc,phases      ] GC(886)   Post Evacuate Collection Set: 1.06ms
[5898.755s][info][gc,phases      ] GC(886)   Other: 0.06ms
[5898.755s][info][gc,heap        ] GC(886) Eden regions: 570->0(571)
[5898.755s][info][gc,heap        ] GC(886) Survivor regions: 44->43(77)
[5898.755s][info][gc,heap        ] GC(886) Old regions: 171->179
[5898.755s][info][gc,heap        ] GC(886) Humongous regions: 33->33
[5898.755s][info][gc,metaspace   ] GC(886) Metaspace: 30005K(30528K)->30005K(30528K) NonClass: 26607K(26880K)->26607K(26880K) Class: 3397K(3648K)->3397K(3648K)
[5898.755s][info][gc             ] GC(886) Pause Young (Normal) (G1 Evacuation Pause) 6531M->2017M(8192M) 151.769ms
[5898.755s][info][gc,cpu         ] GC(886) User=1.21s Sys=0.00s Real=0.15s
....[5902.248s][info][gc,start       ] GC(887) Pause Young (Normal) (G1 Evacuation Pause)
[5902.248s][info][gc,task        ] GC(887) Using 8 workers of 8 for evacuation
[5902.405s][info][gc,phases      ] GC(887)   Pre Evacuate Collection Set: 0.22ms
[5902.405s][info][gc,phases      ] GC(887)   Merge Heap Roots: 0.57ms
[5902.405s][info][gc,phases      ] GC(887)   Evacuate Collection Set: 155.21ms
[5902.405s][info][gc,phases      ] GC(887)   Post Evacuate Collection Set: 1.05ms
[5902.405s][info][gc,phases      ] GC(887)   Other: 0.06ms
[5902.405s][info][gc,heap        ] GC(887) Eden regions: 571->0(570)
[5902.405s][info][gc,heap        ] GC(887) Survivor regions: 43->44(77)
[5902.405s][info][gc,heap        ] GC(887) Old regions: 179->186
[5902.405s][info][gc,heap        ] GC(887) Humongous regions: 33->33
[5902.405s][info][gc,metaspace   ] GC(887) Metaspace: 30005K(30528K)->30005K(30528K) NonClass: 26607K(26880K)->26607K(26880K) Class: 3397K(3648K)->3397K(3648K)
[5902.405s][info][gc             ] GC(887) Pause Young (Normal) (G1 Evacuation Pause) 6585M->2089M(8192M) 157.228ms
[5902.405s][info][gc,cpu         ] GC(887) User=1.25s Sys=0.00s Real=0.16s
...[5905.831s][info][gc,start       ] GC(888) Pause Young (Normal) (G1 Evacuation Pause)
[5905.831s][info][gc,task        ] GC(888) Using 8 workers of 8 for evacuation
[5905.982s][info][gc,phases      ] GC(888)   Pre Evacuate Collection Set: 0.22ms
[5905.982s][info][gc,phases      ] GC(888)   Merge Heap Roots: 0.55ms
[5905.982s][info][gc,phases      ] GC(888)   Evacuate Collection Set: 149.55ms
[5905.982s][info][gc,phases      ] GC(888)   Post Evacuate Collection Set: 1.08ms
[5905.982s][info][gc,phases      ] GC(888)   Other: 0.06ms
[5905.982s][info][gc,heap        ] GC(888) Eden regions: 570->0(570)
[5905.982s][info][gc,heap        ] GC(888) Survivor regions: 44->44(77)
[5905.983s][info][gc,heap        ] GC(888) Old regions: 186->193
[5905.983s][info][gc,heap        ] GC(888) Humongous regions: 33->33
[5905.983s][info][gc,metaspace   ] GC(888) Metaspace: 30005K(30528K)->30005K(30528K) NonClass: 26607K(26880K)->26607K(26880K) Class: 3397K(3648K)->3397K(3648K)
[5905.983s][info][gc             ] GC(888) Pause Young (Normal) (G1 Evacuation Pause) 6649M->2142M(8192M) 151.600ms
[5905.983s][info][gc,cpu         ] GC(888) User=1.20s Sys=0.00s Real=0.15s
....[5909.676s][info][gc,start       ] GC(889) Pause Young (Normal) (G1 Evacuation Pause)
[5909.676s][info][gc,task        ] GC(889) Using 8 workers of 8 for evacuation
[5909.828s][info][gc,phases      ] GC(889)   Pre Evacuate Collection Set: 0.23ms
[5909.828s][info][gc,phases      ] GC(889)   Merge Heap Roots: 0.57ms
[5909.828s][info][gc,phases      ] GC(889)   Evacuate Collection Set: 149.73ms
[5909.828s][info][gc,phases      ] GC(889)   Post Evacuate Collection Set: 1.04ms
[5909.828s][info][gc,phases      ] GC(889)   Other: 0.07ms
[5909.828s][info][gc,heap        ] GC(889) Eden regions: 570->0(571)
[5909.828s][info][gc,heap        ] GC(889) Survivor regions: 44->43(77)
[5909.828s][info][gc,heap        ] GC(889) Old regions: 193->200
[5909.828s][info][gc,heap        ] GC(889) Humongous regions: 33->33
[5909.828s][info][gc,metaspace   ] GC(889) Metaspace: 30005K(30528K)->30005K(30528K) NonClass: 26607K(26880K)->26607K(26880K) Class: 3397K(3648K)->3397K(3648K)
[5909.828s][info][gc             ] GC(889) Pause Young (Normal) (G1 Evacuation Pause) 6702M->2194M(8192M) 151.779ms
[5909.828s][info][gc,cpu         ] GC(889) User=1.21s Sys=0.00s Real=0.15s
....[5913.329s][info][gc,start       ] GC(890) Pause Young (Normal) (G1 Evacuation Pause)
[5913.329s][info][gc,task        ] GC(890) Using 8 workers of 8 for evacuation
[5913.478s][info][gc,phases      ] GC(890)   Pre Evacuate Collection Set: 0.22ms
[5913.478s][info][gc,phases      ] GC(890)   Merge Heap Roots: 0.59ms
[5913.478s][info][gc,phases      ] GC(890)   Evacuate Collection Set: 147.84ms
[5913.478s][info][gc,phases      ] GC(890)   Post Evacuate Collection Set: 1.05ms
[5913.478s][info][gc,phases      ] GC(890)   Other: 0.07ms
[5913.478s][info][gc,heap        ] GC(890) Eden regions: 571->0(572)
[5913.478s][info][gc,heap        ] GC(890) Survivor regions: 43->42(77)
[5913.478s][info][gc,heap        ] GC(890) Old regions: 200->207
[5913.478s][info][gc,heap        ] GC(890) Humongous regions: 33->33
[5913.478s][info][gc,metaspace   ] GC(890) Metaspace: 30005K(30528K)->30005K(30528K) NonClass: 26607K(26880K)->26607K(26880K) Class: 3397K(3648K)->3397K(3648K)
[5913.478s][info][gc             ] GC(890) Pause Young (Normal) (G1 Evacuation Pause) 6762M->2241M(8192M) 149.909ms
[5913.478s][info][gc,cpu         ] GC(890) User=1.19s Sys=0.00s Real=0.15s
...[5917.010s][info][gc,start       ] GC(891) Pause Young (Normal) (G1 Evacuation Pause)
[5917.010s][info][gc,task        ] GC(891) Using 8 workers of 8 for evacuation
[5917.164s][info][gc,phases      ] GC(891)   Pre Evacuate Collection Set: 0.23ms
[5917.165s][info][gc,phases      ] GC(891)   Merge Heap Roots: 0.59ms
[5917.165s][info][gc,phases      ] GC(891)   Evacuate Collection Set: 151.78ms
[5917.165s][info][gc,phases      ] GC(891)   Post Evacuate Collection Set: 1.05ms
[5917.165s][info][gc,phases      ] GC(891)   Other: 0.06ms
[5917.165s][info][gc,heap        ] GC(891) Eden regions: 572->0(571)
[5917.165s][info][gc,heap        ] GC(891) Survivor regions: 42->43(77)
[5917.165s][info][gc,heap        ] GC(891) Old regions: 207->214
[5917.165s][info][gc,heap        ] GC(891) Humongous regions: 33->33
[5917.165s][info][gc,metaspace   ] GC(891) Metaspace: 30005K(30528K)->30005K(30528K) NonClass: 26607K(26880K)->26607K(26880K) Class: 3397K(3648K)->3397K(3648K)
[5917.165s][info][gc             ] GC(891) Pause Young (Normal) (G1 Evacuation Pause) 6817M->2301M(8192M) 154.609ms
[5917.165s][info][gc,cpu         ] GC(891) User=1.22s Sys=0.00s Real=0.16s
....[5920.692s][info][gc,start       ] GC(892) Pause Young (Normal) (G1 Evacuation Pause)
[5920.692s][info][gc,task        ] GC(892) Using 8 workers of 8 for evacuation
[5920.846s][info][gc,phases      ] GC(892)   Pre Evacuate Collection Set: 0.24ms
[5920.846s][info][gc,phases      ] GC(892)   Merge Heap Roots: 0.54ms
[5920.846s][info][gc,phases      ] GC(892)   Evacuate Collection Set: 152.36ms
[5920.846s][info][gc,phases      ] GC(892)   Post Evacuate Collection Set: 1.03ms
[5920.846s][info][gc,phases      ] GC(892)   Other: 0.06ms
[5920.846s][info][gc,heap        ] GC(892) Eden regions: 571->0(570)
[5920.846s][info][gc,heap        ] GC(892) Survivor regions: 43->44(77)
[5920.846s][info][gc,heap        ] GC(892) Old regions: 214->221
[5920.846s][info][gc,heap        ] GC(892) Humongous regions: 33->33
[5920.846s][info][gc,metaspace   ] GC(892) Metaspace: 30005K(30528K)->30005K(30528K) NonClass: 26607K(26880K)->26607K(26880K) Class: 3397K(3648K)->3397K(3648K)
[5920.846s][info][gc             ] GC(892) Pause Young (Normal) (G1 Evacuation Pause) 6869M->2370M(8192M) 154.381ms
[5920.846s][info][gc,cpu         ] GC(892) User=1.22s Sys=0.00s Real=0.15s
....[5924.384s][info][gc,start       ] GC(893) Pause Young (Normal) (G1 Evacuation Pause)
[5924.384s][info][gc,task        ] GC(893) Using 8 workers of 8 for evacuation
[5924.537s][info][gc,phases      ] GC(893)   Pre Evacuate Collection Set: 0.22ms
[5924.537s][info][gc,phases      ] GC(893)   Merge Heap Roots: 0.60ms
[5924.537s][info][gc,phases      ] GC(893)   Evacuate Collection Set: 151.19ms
[5924.537s][info][gc,phases      ] GC(893)   Post Evacuate Collection Set: 1.07ms
[5924.537s][info][gc,phases      ] GC(893)   Other: 0.07ms
[5924.537s][info][gc,heap        ] GC(893) Eden regions: 570->0(571)
[5924.537s][info][gc,heap        ] GC(893) Survivor regions: 44->43(77)
[5924.537s][info][gc,heap        ] GC(893) Old regions: 221->228
[5924.537s][info][gc,heap        ] GC(893) Humongous regions: 33->33
[5924.537s][info][gc,metaspace   ] GC(893) Metaspace: 30005K(30528K)->30005K(30528K) NonClass: 26607K(26880K)->26607K(26880K) Class: 3397K(3648K)->3397K(3648K)
[5924.537s][info][gc             ] GC(893) Pause Young (Normal) (G1 Evacuation Pause) 6930M->2419M(8192M) 153.278ms
[5924.537s][info][gc,cpu         ] GC(893) User=1.21s Sys=0.00s Real=0.15s
...[5928.173s][info][gc,start       ] GC(894) Pause Young (Normal) (G1 Evacuation Pause)
[5928.173s][info][gc,task        ] GC(894) Using 8 workers of 8 for evacuation
[5928.329s][info][gc,phases      ] GC(894)   Pre Evacuate Collection Set: 0.25ms
[5928.329s][info][gc,phases      ] GC(894)   Merge Heap Roots: 0.59ms
[5928.329s][info][gc,phases      ] GC(894)   Evacuate Collection Set: 153.89ms
[5928.329s][info][gc,phases      ] GC(894)   Post Evacuate Collection Set: 1.10ms
[5928.329s][info][gc,phases      ] GC(894)   Other: 0.07ms
[5928.329s][info][gc,heap        ] GC(894) Eden regions: 571->0(571)
[5928.329s][info][gc,heap        ] GC(894) Survivor regions: 43->43(77)
[5928.329s][info][gc,heap        ] GC(894) Old regions: 228->235
[5928.329s][info][gc,heap        ] GC(894) Humongous regions: 33->33
[5928.329s][info][gc,metaspace   ] GC(894) Metaspace: 30005K(30528K)->30005K(30528K) NonClass: 26607K(26880K)->26607K(26880K) Class: 3397K(3648K)->3397K(3648K)
[5928.329s][info][gc             ] GC(894) Pause Young (Normal) (G1 Evacuation Pause) 6987M->2475M(8192M) 156.030ms
[5928.329s][info][gc,cpu         ] GC(894) User=1.23s Sys=0.00s Real=0.15s
....[5931.805s][info][gc,start       ] GC(895) Pause Young (Normal) (G1 Evacuation Pause)
[5931.805s][info][gc,task        ] GC(895) Using 8 workers of 8 for evacuation
[5931.958s][info][gc,phases      ] GC(895)   Pre Evacuate Collection Set: 0.22ms
[5931.958s][info][gc,phases      ] GC(895)   Merge Heap Roots: 0.65ms
[5931.958s][info][gc,phases      ] GC(895)   Evacuate Collection Set: 150.77ms
[5931.958s][info][gc,phases      ] GC(895)   Post Evacuate Collection Set: 1.05ms
[5931.958s][info][gc,phases      ] GC(895)   Other: 0.06ms
[5931.958s][info][gc,heap        ] GC(895) Eden regions: 571->0(571)
[5931.958s][info][gc,heap        ] GC(895) Survivor regions: 43->43(77)
[5931.958s][info][gc,heap        ] GC(895) Old regions: 235->242
[5931.958s][info][gc,heap        ] GC(895) Humongous regions: 33->33
[5931.958s][info][gc,metaspace   ] GC(895) Metaspace: 30005K(30528K)->30005K(30528K) NonClass: 26607K(26880K)->26607K(26880K) Class: 3397K(3648K)->3397K(3648K)
[5931.958s][info][gc             ] GC(895) Pause Young (Normal) (G1 Evacuation Pause) 7043M->2527M(8192M) 152.876ms
[5931.958s][info][gc,cpu         ] GC(895) User=1.21s Sys=0.00s Real=0.15s
....[5935.751s][info][gc,start       ] GC(896) Pause Young (Normal) (G1 Evacuation Pause)
[5935.751s][info][gc,task        ] GC(896) Using 8 workers of 8 for evacuation
[5935.905s][info][gc,phases      ] GC(896)   Pre Evacuate Collection Set: 0.28ms
[5935.905s][info][gc,phases      ] GC(896)   Merge Heap Roots: 0.58ms
[5935.905s][info][gc,phases      ] GC(896)   Evacuate Collection Set: 152.76ms
[5935.905s][info][gc,phases      ] GC(896)   Post Evacuate Collection Set: 1.09ms
[5935.905s][info][gc,phases      ] GC(896)   Other: 0.07ms
[5935.905s][info][gc,heap        ] GC(896) Eden regions: 571->0(570)
[5935.905s][info][gc,heap        ] GC(896) Survivor regions: 43->44(77)
[5935.905s][info][gc,heap        ] GC(896) Old regions: 242->250
[5935.905s][info][gc,heap        ] GC(896) Humongous regions: 33->33
[5935.905s][info][gc,metaspace   ] GC(896) Metaspace: 30005K(30528K)->30005K(30528K) NonClass: 26607K(26880K)->26607K(26880K) Class: 3397K(3648K)->3397K(3648K)
[5935.905s][info][gc             ] GC(896) Pause Young (Normal) (G1 Evacuation Pause) 7095M->2598M(8192M) 154.924ms
[5935.906s][info][gc,cpu         ] GC(896) User=1.23s Sys=0.00s Real=0.16s
....[5939.379s][info][gc,start       ] GC(897) Pause Young (Normal) (G1 Evacuation Pause)
[5939.379s][info][gc,task        ] GC(897) Using 8 workers of 8 for evacuation
[5939.529s][info][gc,phases      ] GC(897)   Pre Evacuate Collection Set: 0.24ms
[5939.529s][info][gc,phases      ] GC(897)   Merge Heap Roots: 0.56ms
[5939.529s][info][gc,phases      ] GC(897)   Evacuate Collection Set: 148.44ms
[5939.529s][info][gc,phases      ] GC(897)   Post Evacuate Collection Set: 1.05ms
[5939.529s][info][gc,phases      ] GC(897)   Other: 0.07ms
[5939.529s][info][gc,heap        ] GC(897) Eden regions: 570->0(571)
[5939.529s][info][gc,heap        ] GC(897) Survivor regions: 44->43(77)
[5939.529s][info][gc,heap        ] GC(897) Old regions: 250->257
[5939.529s][info][gc,heap        ] GC(897) Humongous regions: 33->33
[5939.529s][info][gc,metaspace   ] GC(897) Metaspace: 30005K(30528K)->30005K(30528K) NonClass: 26607K(26880K)->26607K(26880K) Class: 3397K(3648K)->3397K(3648K)
[5939.529s][info][gc             ] GC(897) Pause Young (Normal) (G1 Evacuation Pause) 7158M->2642M(8192M) 150.489ms
[5939.529s][info][gc,cpu         ] GC(897) User=1.19s Sys=0.00s Real=0.15s
...[5943.187s][info][gc,start       ] GC(898) Pause Young (Normal) (G1 Evacuation Pause)
[5943.187s][info][gc,task        ] GC(898) Using 8 workers of 8 for evacuation
[5943.338s][info][gc,phases      ] GC(898)   Pre Evacuate Collection Set: 0.25ms
[5943.338s][info][gc,phases      ] GC(898)   Merge Heap Roots: 0.56ms
[5943.338s][info][gc,phases      ] GC(898)   Evacuate Collection Set: 149.57ms
[5943.338s][info][gc,phases      ] GC(898)   Post Evacuate Collection Set: 1.04ms
[5943.338s][info][gc,phases      ] GC(898)   Other: 0.08ms
[5943.338s][info][gc,heap        ] GC(898) Eden regions: 571->0(571)
[5943.338s][info][gc,heap        ] GC(898) Survivor regions: 43->43(77)
[5943.338s][info][gc,heap        ] GC(898) Old regions: 257->264
[5943.338s][info][gc,heap        ] GC(898) Humongous regions: 33->33
[5943.338s][info][gc,metaspace   ] GC(898) Metaspace: 30005K(30528K)->30005K(30528K) NonClass: 26607K(26880K)->26607K(26880K) Class: 3397K(3648K)->3397K(3648K)
[5943.338s][info][gc             ] GC(898) Pause Young (Normal) (G1 Evacuation Pause) 7210M->2702M(8192M) 151.639ms
[5943.338s][info][gc,cpu         ] GC(898) User=1.19s Sys=0.00s Real=0.15s
....[5946.931s][info][gc,start       ] GC(899) Pause Young (Normal) (G1 Evacuation Pause)
[5946.931s][info][gc,task        ] GC(899) Using 8 workers of 8 for evacuation
[5947.082s][info][gc,phases      ] GC(899)   Pre Evacuate Collection Set: 0.26ms
[5947.082s][info][gc,phases      ] GC(899)   Merge Heap Roots: 0.68ms
[5947.082s][info][gc,phases      ] GC(899)   Evacuate Collection Set: 148.18ms
[5947.082s][info][gc,phases      ] GC(899)   Post Evacuate Collection Set: 1.05ms
[5947.082s][info][gc,phases      ] GC(899)   Other: 0.07ms
[5947.082s][info][gc,heap        ] GC(899) Eden regions: 571->0(572)
[5947.082s][info][gc,heap        ] GC(899) Survivor regions: 43->42(77)
[5947.082s][info][gc,heap        ] GC(899) Old regions: 264->271
[5947.082s][info][gc,heap        ] GC(899) Humongous regions: 33->33
[5947.082s][info][gc,metaspace   ] GC(899) Metaspace: 30005K(30528K)->30005K(30528K) NonClass: 26607K(26880K)->26607K(26880K) Class: 3397K(3648K)->3397K(3648K)
[5947.082s][info][gc             ] GC(899) Pause Young (Normal) (G1 Evacuation Pause) 7270M->2751M(8192M) 150.393ms
[5947.082s][info][gc,cpu         ] GC(899) User=1.18s Sys=0.00s Real=0.15s
....[5950.676s][info][gc,start       ] GC(900) Pause Young (Normal) (G1 Evacuation Pause)
[5950.676s][info][gc,task        ] GC(900) Using 8 workers of 8 for evacuation
[5950.824s][info][gc,phases      ] GC(900)   Pre Evacuate Collection Set: 0.24ms
[5950.824s][info][gc,phases      ] GC(900)   Merge Heap Roots: 0.59ms
[5950.824s][info][gc,phases      ] GC(900)   Evacuate Collection Set: 146.19ms
[5950.824s][info][gc,phases      ] GC(900)   Post Evacuate Collection Set: 1.06ms
[5950.824s][info][gc,phases      ] GC(900)   Other: 0.07ms
[5950.824s][info][gc,heap        ] GC(900) Eden regions: 572->0(571)
[5950.824s][info][gc,heap        ] GC(900) Survivor regions: 42->43(77)
[5950.824s][info][gc,heap        ] GC(900) Old regions: 271->278
[5950.824s][info][gc,heap        ] GC(900) Humongous regions: 33->33
[5950.824s][info][gc,metaspace   ] GC(900) Metaspace: 30005K(30528K)->30005K(30528K) NonClass: 26607K(26880K)->26607K(26880K) Class: 3397K(3648K)->3397K(3648K)
[5950.824s][info][gc             ] GC(900) Pause Young (Normal) (G1 Evacuation Pause) 7327M->2815M(8192M) 148.282ms
[5950.824s][info][gc,cpu         ] GC(900) User=1.17s Sys=0.00s Real=0.15s
....[5954.519s][info][gc,start       ] GC(901) Pause Young (Normal) (G1 Evacuation Pause)
[5954.519s][info][gc,task        ] GC(901) Using 8 workers of 8 for evacuation
[5954.670s][info][gc,phases      ] GC(901)   Pre Evacuate Collection Set: 0.23ms
[5954.670s][info][gc,phases      ] GC(901)   Merge Heap Roots: 0.57ms
[5954.670s][info][gc,phases      ] GC(901)   Evacuate Collection Set: 148.77ms
[5954.670s][info][gc,phases      ] GC(901)   Post Evacuate Collection Set: 1.05ms
[5954.670s][info][gc,phases      ] GC(901)   Other: 0.06ms
[5954.670s][info][gc,heap        ] GC(901) Eden regions: 571->0(569)
[5954.670s][info][gc,heap        ] GC(901) Survivor regions: 43->42(77)
[5954.670s][info][gc,heap        ] GC(901) Old regions: 278->286
[5954.670s][info][gc,heap        ] GC(901) Humongous regions: 33->33
[5954.670s][info][gc,metaspace   ] GC(901) Metaspace: 30005K(30528K)->30005K(30528K) NonClass: 26607K(26880K)->26607K(26880K) Class: 3397K(3648K)->3397K(3648K)
[5954.670s][info][gc             ] GC(901) Pause Young (Normal) (G1 Evacuation Pause) 7383M->2869M(8192M) 150.800ms
[5954.670s][info][gc,cpu         ] GC(901) User=1.20s Sys=0.00s Real=0.15s
...[5958.167s][info][gc,start       ] GC(902) Pause Young (Normal) (G1 Evacuation Pause)
[5958.167s][info][gc,task        ] GC(902) Using 8 workers of 8 for evacuation
[5958.322s][info][gc,phases      ] GC(902)   Pre Evacuate Collection Set: 0.24ms
[5958.322s][info][gc,phases      ] GC(902)   Merge Heap Roots: 0.59ms
[5958.322s][info][gc,phases      ] GC(902)   Evacuate Collection Set: 153.14ms
[5958.322s][info][gc,phases      ] GC(902)   Post Evacuate Collection Set: 1.09ms
[5958.322s][info][gc,phases      ] GC(902)   Other: 0.06ms
[5958.322s][info][gc,heap        ] GC(902) Eden regions: 569->0(559)
[5958.322s][info][gc,heap        ] GC(902) Survivor regions: 42->44(77)
[5958.322s][info][gc,heap        ] GC(902) Old regions: 286->292
[5958.322s][info][gc,heap        ] GC(902) Humongous regions: 33->33
[5958.322s][info][gc,metaspace   ] GC(902) Metaspace: 30005K(30528K)->30005K(30528K) NonClass: 26607K(26880K)->26607K(26880K) Class: 3397K(3648K)->3397K(3648K)
[5958.322s][info][gc             ] GC(902) Pause Young (Normal) (G1 Evacuation Pause) 7421M->2935M(8192M) 155.250ms
[5958.322s][info][gc,cpu         ] GC(902) User=1.23s Sys=0.00s Real=0.16s
. (rIR:aIR:PR = 10378:10342:10336) (tPR = 153998) [OK] 
  5958s: Performance info:
         Transaction,    Success,    Partial,     Failed,   Receipts, AvgBarcode, 
             Overall,     623285,          0,          0,     591976,      59.47, 
         Response times:
             Request,    Success,    Partial,     Failed,   SkipFail,     Probes,    Samples,      min,      p50,      p90,      p95,      p99,      max, 
       TotalPurchase,     592232,          0,          0,          0,     360270,     483910,      300,     7500,    34000,    71000,   136000,   840000,
     InStorePurchase,     310551,          0,          0,          0,     188896,     253693,      300,     7400,    34000,    71000,   134060,   840000,
      OnlinePurchase,     219508,          0,          0,          0,     133122,     178314,      300,     7500,    35000,    72000,   137000,   680000,
        InstPurchase,      62173,          0,          0,          0,      38252,      51903,      500,     7900,    34000,    69000,   135000,   680000,
          AssocOfCat,        624,          0,          0,          0,        526,        851,    27000,    56000,    90000,   132000,   201000,   225000,
      AssocOfProduct,       6196,          0,          0,          0,       3552,       5031,      500,     8100,    33000,    70000,   137000,   599000,
      BusinessReport,       1562,          0,          0,          0,       1408,       2114,    31000,    64000,   102500,   148000,   211000,   670000,
          CustBuyBeh,       6253,          0,          0,          0,       3506,       4967,      200,     6700,    35000,    69000,   141000,   374000,
       ProductReturn,      16744,          0,          0,          0,      10091,      13991,      200,     7300,    38000,    75000,   132000,   670000,

  5958s: (76%)   IR =  10516 ...[5961.895s][info][gc,start       ] GC(903) Pause Young (Normal) (G1 Evacuation Pause)
[5961.895s][info][gc,task        ] GC(903) Using 8 workers of 8 for evacuation
[5962.049s][info][gc,phases      ] GC(903)   Pre Evacuate Collection Set: 0.22ms
[5962.049s][info][gc,phases      ] GC(903)   Merge Heap Roots: 0.58ms
[5962.049s][info][gc,phases      ] GC(903)   Evacuate Collection Set: 152.24ms
[5962.049s][info][gc,phases      ] GC(903)   Post Evacuate Collection Set: 1.04ms
[5962.049s][info][gc,phases      ] GC(903)   Other: 0.06ms
[5962.049s][info][gc,heap        ] GC(903) Eden regions: 559->0(553)
[5962.050s][info][gc,heap        ] GC(903) Survivor regions: 44->43(76)
[5962.050s][info][gc,heap        ] GC(903) Old regions: 292->300
[5962.050s][info][gc,heap        ] GC(903) Humongous regions: 33->33
[5962.050s][info][gc,metaspace   ] GC(903) Metaspace: 30005K(30528K)->30005K(30528K) NonClass: 26607K(26880K)->26607K(26880K) Class: 3397K(3648K)->3397K(3648K)
[5962.050s][info][gc             ] GC(903) Pause Young (Normal) (G1 Evacuation Pause) 7407M->2991M(8192M) 154.280ms
[5962.050s][info][gc,cpu         ] GC(903) User=1.23s Sys=0.00s Real=0.15s
...[5965.455s][info][gc,start       ] GC(904) Pause Young (Normal) (G1 Evacuation Pause)
[5965.455s][info][gc,task        ] GC(904) Using 8 workers of 8 for evacuation
[5965.610s][info][gc,phases      ] GC(904)   Pre Evacuate Collection Set: 0.24ms
[5965.610s][info][gc,phases      ] GC(904)   Merge Heap Roots: 0.55ms
[5965.610s][info][gc,phases      ] GC(904)   Evacuate Collection Set: 153.15ms
[5965.610s][info][gc,phases      ] GC(904)   Post Evacuate Collection Set: 1.05ms
[5965.610s][info][gc,phases      ] GC(904)   Other: 0.06ms
[5965.610s][info][gc,heap        ] GC(904) Eden regions: 553->0(546)
[5965.610s][info][gc,heap        ] GC(904) Survivor regions: 43->43(75)
[5965.610s][info][gc,heap        ] GC(904) Old regions: 300->307
[5965.610s][info][gc,heap        ] GC(904) Humongous regions: 33->33
[5965.610s][info][gc,metaspace   ] GC(904) Metaspace: 30005K(30528K)->30005K(30528K) NonClass: 26607K(26880K)->26607K(26880K) Class: 3397K(3648K)->3397K(3648K)
[5965.610s][info][gc             ] GC(904) Pause Young (Normal) (G1 Evacuation Pause) 7415M->3051M(8192M) 155.192ms
[5965.610s][info][gc,cpu         ] GC(904) User=1.23s Sys=0.01s Real=0.15s
....|[5968.941s][info][gc,start       ] GC(905) Pause Young (Concurrent Start) (G1 Evacuation Pause)
[5968.941s][info][gc,task        ] GC(905) Using 8 workers of 8 for evacuation
[5969.095s][info][gc,phases      ] GC(905)   Pre Evacuate Collection Set: 0.28ms
[5969.095s][info][gc,phases      ] GC(905)   Merge Heap Roots: 0.55ms
[5969.095s][info][gc,phases      ] GC(905)   Evacuate Collection Set: 152.04ms
[5969.095s][info][gc,phases      ] GC(905)   Post Evacuate Collection Set: 1.05ms
[5969.095s][info][gc,phases      ] GC(905)   Other: 0.11ms
[5969.095s][info][gc,heap        ] GC(905) Eden regions: 546->0(538)
[5969.095s][info][gc,heap        ] GC(905) Survivor regions: 43->43(74)
[5969.095s][info][gc,heap        ] GC(905) Old regions: 307->315
[5969.095s][info][gc,heap        ] GC(905) Humongous regions: 33->33
[5969.095s][info][gc,metaspace   ] GC(905) Metaspace: 30005K(30528K)->30005K(30528K) NonClass: 26607K(26880K)->26607K(26880K) Class: 3397K(3648K)->3397K(3648K)
[5969.095s][info][gc             ] GC(905) Pause Young (Concurrent Start) (G1 Evacuation Pause) 7419M->3111M(8192M) 154.164ms
[5969.095s][info][gc             ] GC(906) Concurrent Mark Cycle
[5969.095s][info][gc,marking     ] GC(906) Concurrent Scan Root Regions
[5969.095s][info][gc,cpu         ] GC(905) User=1.22s Sys=0.00s Real=0.16s
[5969.393s][info][gc,marking     ] GC(906) Concurrent Scan Root Regions 298.460ms
[5969.393s][info][gc,marking     ] GC(906) Concurrent Mark
[5969.393s][info][gc,marking     ] GC(906) Concurrent Mark From Roots
[5969.393s][info][gc,task        ] GC(906) Using 2 workers of 2 for marking
.[5970.450s][info][gc,marking     ] GC(906) Concurrent Mark From Roots 1056.484ms
[5970.450s][info][gc,marking     ] GC(906) Concurrent Preclean
[5970.450s][info][gc,marking     ] GC(906) Concurrent Preclean 0.160ms
[5970.450s][info][gc,start       ] GC(906) Pause Remark
[5970.453s][info][gc             ] GC(906) Pause Remark 4604M->4108M(8192M) 3.172ms
[5970.453s][info][gc,cpu         ] GC(906) User=0.02s Sys=0.00s Real=0.01s
[5970.453s][info][gc,marking     ] GC(906) Concurrent Mark 1060.135ms
[5970.453s][info][gc,marking     ] GC(906) Concurrent Rebuild Remembered Sets and Scrub Regions
.[5971.255s][info][gc,marking     ] GC(906) Concurrent Rebuild Remembered Sets and Scrub Regions 802.006ms
[5971.256s][info][gc,start       ] GC(906) Pause Cleanup
[5971.256s][info][gc             ] GC(906) Pause Cleanup 5244M->5244M(8192M) 0.268ms
[5971.256s][info][gc,cpu         ] GC(906) User=0.00s Sys=0.00s Real=0.00s
[5971.256s][info][gc,marking     ] GC(906) Concurrent Clear Claimed Marks
[5971.256s][info][gc,marking     ] GC(906) Concurrent Clear Claimed Marks 0.044ms
[5971.256s][info][gc,marking     ] GC(906) Concurrent Cleanup for Next Mark
[5971.266s][info][gc,marking     ] GC(906) Concurrent Cleanup for Next Mark 9.933ms
[5971.266s][info][gc             ] GC(906) Concurrent Mark Cycle 2171.294ms
.[5972.376s][info][gc,start       ] GC(907) Pause Young (Prepare Mixed) (G1 Evacuation Pause)
[5972.376s][info][gc,task        ] GC(907) Using 8 workers of 8 for evacuation
[5972.529s][info][gc,phases      ] GC(907)   Pre Evacuate Collection Set: 0.23ms
[5972.529s][info][gc,phases      ] GC(907)   Merge Heap Roots: 0.75ms
[5972.529s][info][gc,phases      ] GC(907)   Evacuate Collection Set: 150.85ms
[5972.529s][info][gc,phases      ] GC(907)   Post Evacuate Collection Set: 1.14ms
[5972.529s][info][gc,phases      ] GC(907)   Other: 0.07ms
[5972.529s][info][gc,heap        ] GC(907) Eden regions: 538->0(572)
[5972.529s][info][gc,heap        ] GC(907) Survivor regions: 43->42(73)
[5972.529s][info][gc,heap        ] GC(907) Old regions: 253->261
[5972.529s][info][gc,heap        ] GC(907) Humongous regions: 33->33
[5972.529s][info][gc,metaspace   ] GC(907) Metaspace: 30005K(30528K)->30005K(30528K) NonClass: 26607K(26880K)->26607K(26880K) Class: 3397K(3648K)->3397K(3648K)
[5972.529s][info][gc             ] GC(907) Pause Young (Prepare Mixed) (G1 Evacuation Pause) 6919M->2669M(8192M) 153.165ms
[5972.529s][info][gc,cpu         ] GC(907) User=1.21s Sys=0.00s Real=0.15s
....[5976.040s][info][gc,start       ] GC(908) Pause Young (Mixed) (G1 Evacuation Pause)
[5976.040s][info][gc,task        ] GC(908) Using 8 workers of 8 for evacuation
[5976.205s][info][gc,phases      ] GC(908)   Pre Evacuate Collection Set: 0.26ms
[5976.205s][info][gc,phases      ] GC(908)   Merge Heap Roots: 0.74ms
[5976.205s][info][gc,phases      ] GC(908)   Evacuate Collection Set: 163.36ms
[5976.205s][info][gc,phases      ] GC(908)   Post Evacuate Collection Set: 1.28ms
[5976.205s][info][gc,phases      ] GC(908)   Other: 0.07ms
[5976.205s][info][gc,heap        ] GC(908) Eden regions: 572->0(569)
[5976.205s][info][gc,heap        ] GC(908) Survivor regions: 42->45(77)
[5976.205s][info][gc,heap        ] GC(908) Old regions: 261->166
[5976.205s][info][gc,heap        ] GC(908) Humongous regions: 33->33
[5976.205s][info][gc,metaspace   ] GC(908) Metaspace: 30005K(30528K)->30005K(30528K) NonClass: 26607K(26880K)->26607K(26880K) Class: 3397K(3648K)->3397K(3648K)
[5976.205s][info][gc             ] GC(908) Pause Young (Mixed) (G1 Evacuation Pause) 7245M->1930M(8192M) 165.835ms
[5976.205s][info][gc,cpu         ] GC(908) User=1.32s Sys=0.00s Real=0.17s
....[5979.707s][info][gc,start       ] GC(909) Pause Young (Mixed) (G1 Evacuation Pause)
[5979.707s][info][gc,task        ] GC(909) Using 8 workers of 8 for evacuation
[5979.867s][info][gc,phases      ] GC(909)   Pre Evacuate Collection Set: 0.24ms
[5979.867s][info][gc,phases      ] GC(909)   Merge Heap Roots: 0.88ms
[5979.867s][info][gc,phases      ] GC(909)   Evacuate Collection Set: 156.76ms
[5979.867s][info][gc,phases      ] GC(909)   Merge Optional Heap Roots: 0.18ms
[5979.867s][info][gc,phases      ] GC(909)   Evacuate Optional Collection Set: 0.84ms
[5979.867s][info][gc,phases      ] GC(909)   Post Evacuate Collection Set: 1.08ms
[5979.867s][info][gc,phases      ] GC(909)   Other: 0.07ms
[5979.867s][info][gc,heap        ] GC(909) Eden regions: 569->0(570)
[5979.867s][info][gc,heap        ] GC(909) Survivor regions: 45->44(77)
[5979.867s][info][gc,heap        ] GC(909) Old regions: 166->142
[5979.867s][info][gc,heap        ] GC(909) Humongous regions: 33->33
[5979.867s][info][gc,metaspace   ] GC(909) Metaspace: 30005K(30528K)->30005K(30528K) NonClass: 26607K(26880K)->26607K(26880K) Class: 3397K(3648K)->3397K(3648K)
[5979.867s][info][gc             ] GC(909) Pause Young (Mixed) (G1 Evacuation Pause) 6482M->1735M(8192M) 160.171ms
[5979.867s][info][gc,cpu         ] GC(909) User=1.26s Sys=0.00s Real=0.16s
...[5983.384s][info][gc,start       ] GC(910) Pause Young (Normal) (G1 Evacuation Pause)
[5983.384s][info][gc,task        ] GC(910) Using 8 workers of 8 for evacuation
[5983.536s][info][gc,phases      ] GC(910)   Pre Evacuate Collection Set: 0.26ms
[5983.536s][info][gc,phases      ] GC(910)   Merge Heap Roots: 0.59ms
[5983.536s][info][gc,phases      ] GC(910)   Evacuate Collection Set: 149.78ms
[5983.536s][info][gc,phases      ] GC(910)   Post Evacuate Collection Set: 1.05ms
[5983.536s][info][gc,phases      ] GC(910)   Other: 0.06ms
[5983.536s][info][gc,heap        ] GC(910) Eden regions: 570->0(571)
[5983.536s][info][gc,heap        ] GC(910) Survivor regions: 44->43(77)
[5983.536s][info][gc,heap        ] GC(910) Old regions: 142->149
[5983.536s][info][gc,heap        ] GC(910) Humongous regions: 33->33
[5983.536s][info][gc,metaspace   ] GC(910) Metaspace: 30005K(30528K)->30005K(30528K) NonClass: 26607K(26880K)->26607K(26880K) Class: 3397K(3648K)->3397K(3648K)
[5983.536s][info][gc             ] GC(910) Pause Young (Normal) (G1 Evacuation Pause) 6295M->1783M(8192M) 151.872ms
[5983.536s][info][gc,cpu         ] GC(910) User=1.21s Sys=0.00s Real=0.15s
....[5987.097s][info][gc,start       ] GC(911) Pause Young (Normal) (G1 Evacuation Pause)
[5987.097s][info][gc,task        ] GC(911) Using 8 workers of 8 for evacuation
[5987.252s][info][gc,phases      ] GC(911)   Pre Evacuate Collection Set: 0.25ms
[5987.252s][info][gc,phases      ] GC(911)   Merge Heap Roots: 0.67ms
[5987.252s][info][gc,phases      ] GC(911)   Evacuate Collection Set: 153.07ms
[5987.252s][info][gc,phases      ] GC(911)   Post Evacuate Collection Set: 1.07ms
[5987.252s][info][gc,phases      ] GC(911)   Other: 0.07ms
[5987.252s][info][gc,heap        ] GC(911) Eden regions: 571->0(570)
[5987.252s][info][gc,heap        ] GC(911) Survivor regions: 43->44(77)
[5987.252s][info][gc,heap        ] GC(911) Old regions: 149->156
[5987.252s][info][gc,heap        ] GC(911) Humongous regions: 33->33
[5987.252s][info][gc,metaspace   ] GC(911) Metaspace: 30005K(30528K)->30005K(30528K) NonClass: 26607K(26880K)->26607K(26880K) Class: 3397K(3648K)->3397K(3648K)
[5987.252s][info][gc             ] GC(911) Pause Young (Normal) (G1 Evacuation Pause) 6351M->1847M(8192M) 155.270ms
[5987.252s][info][gc,cpu         ] GC(911) User=1.23s Sys=0.00s Real=0.16s
....[5990.813s][info][gc,start       ] GC(912) Pause Young (Normal) (G1 Evacuation Pause)
[5990.813s][info][gc,task        ] GC(912) Using 8 workers of 8 for evacuation
[5990.970s][info][gc,phases      ] GC(912)   Pre Evacuate Collection Set: 0.23ms
[5990.970s][info][gc,phases      ] GC(912)   Merge Heap Roots: 0.56ms
[5990.970s][info][gc,phases      ] GC(912)   Evacuate Collection Set: 155.17ms
[5990.970s][info][gc,phases      ] GC(912)   Post Evacuate Collection Set: 1.05ms
[5990.970s][info][gc,phases      ] GC(912)   Other: 0.06ms
[5990.970s][info][gc,heap        ] GC(912) Eden regions: 570->0(570)
[5990.970s][info][gc,heap        ] GC(912) Survivor regions: 44->44(77)
[5990.970s][info][gc,heap        ] GC(912) Old regions: 156->163
[5990.970s][info][gc,heap        ] GC(912) Humongous regions: 33->33
[5990.970s][info][gc,metaspace   ] GC(912) Metaspace: 30005K(30528K)->30005K(30528K) NonClass: 26607K(26880K)->26607K(26880K) Class: 3397K(3648K)->3397K(3648K)
[5990.970s][info][gc             ] GC(912) Pause Young (Normal) (G1 Evacuation Pause) 6407M->1903M(8192M) 157.206ms
[5990.970s][info][gc,cpu         ] GC(912) User=1.25s Sys=0.00s Real=0.15s
...[5994.405s][info][gc,start       ] GC(913) Pause Young (Normal) (G1 Evacuation Pause)
[5994.405s][info][gc,task        ] GC(913) Using 8 workers of 8 for evacuation
[5994.557s][info][gc,phases      ] GC(913)   Pre Evacuate Collection Set: 0.22ms
[5994.557s][info][gc,phases      ] GC(913)   Merge Heap Roots: 0.56ms
[5994.557s][info][gc,phases      ] GC(913)   Evacuate Collection Set: 149.59ms
[5994.557s][info][gc,phases      ] GC(913)   Post Evacuate Collection Set: 1.04ms
[5994.557s][info][gc,phases      ] GC(913)   Other: 0.07ms
[5994.557s][info][gc,heap        ] GC(913) Eden regions: 570->0(572)
[5994.557s][info][gc,heap        ] GC(913) Survivor regions: 44->42(77)
[5994.557s][info][gc,heap        ] GC(913) Old regions: 163->171
[5994.557s][info][gc,heap        ] GC(913) Humongous regions: 33->33
[5994.557s][info][gc,metaspace   ] GC(913) Metaspace: 30005K(30528K)->30005K(30528K) NonClass: 26607K(26880K)->26607K(26880K) Class: 3397K(3648K)->3397K(3648K)
[5994.557s][info][gc             ] GC(913) Pause Young (Normal) (G1 Evacuation Pause) 6463M->1954M(8192M) 151.612ms
[5994.557s][info][gc,cpu         ] GC(913) User=1.20s Sys=0.00s Real=0.15s
....[5998.110s][info][gc,start       ] GC(914) Pause Young (Normal) (G1 Evacuation Pause)
[5998.110s][info][gc,task        ] GC(914) Using 8 workers of 8 for evacuation
[5998.267s][info][gc,phases      ] GC(914)   Pre Evacuate Collection Set: 0.23ms
[5998.267s][info][gc,phases      ] GC(914)   Merge Heap Roots: 0.60ms
[5998.267s][info][gc,phases      ] GC(914)   Evacuate Collection Set: 154.65ms
[5998.267s][info][gc,phases      ] GC(914)   Post Evacuate Collection Set: 1.06ms
[5998.267s][info][gc,phases      ] GC(914)   Other: 0.07ms
[5998.267s][info][gc,heap        ] GC(914) Eden regions: 572->0(569)
[5998.267s][info][gc,heap        ] GC(914) Survivor regions: 42->45(77)
[5998.267s][info][gc,heap        ] GC(914) Old regions: 171->178
[5998.267s][info][gc,heap        ] GC(914) Humongous regions: 33->33
[5998.267s][info][gc,metaspace   ] GC(914) Metaspace: 30005K(30528K)->30005K(30528K) NonClass: 26607K(26880K)->26607K(26880K) Class: 3397K(3648K)->3397K(3648K)
[5998.267s][info][gc             ] GC(914) Pause Young (Normal) (G1 Evacuation Pause) 6530M->2027M(8192M) 156.754ms
[5998.267s][info][gc,cpu         ] GC(914) User=1.24s Sys=0.00s Real=0.16s
....[6001.828s][info][gc,start       ] GC(915) Pause Young (Normal) (G1 Evacuation Pause)
[6001.828s][info][gc,task        ] GC(915) Using 8 workers of 8 for evacuation
[6001.980s][info][gc,phases      ] GC(915)   Pre Evacuate Collection Set: 0.24ms
[6001.980s][info][gc,phases      ] GC(915)   Merge Heap Roots: 0.65ms
[6001.980s][info][gc,phases      ] GC(915)   Evacuate Collection Set: 149.79ms
[6001.980s][info][gc,phases      ] GC(915)   Post Evacuate Collection Set: 1.08ms
[6001.980s][info][gc,phases      ] GC(915)   Other: 0.06ms
[6001.980s][info][gc,heap        ] GC(915) Eden regions: 569->0(571)
[6001.980s][info][gc,heap        ] GC(915) Survivor regions: 45->43(77)
[6001.980s][info][gc,heap        ] GC(915) Old regions: 178->185
[6001.980s][info][gc,heap        ] GC(915) Humongous regions: 33->33
[6001.980s][info][gc,metaspace   ] GC(915) Metaspace: 30005K(30528K)->30005K(30528K) NonClass: 26607K(26880K)->26607K(26880K) Class: 3397K(3648K)->3397K(3648K)
[6001.980s][info][gc             ] GC(915) Pause Young (Normal) (G1 Evacuation Pause) 6579M->2071M(8192M) 151.948ms
[6001.980s][info][gc,cpu         ] GC(915) User=1.20s Sys=0.00s Real=0.15s
...[6005.551s][info][gc,start       ] GC(916) Pause Young (Normal) (G1 Evacuation Pause)
[6005.551s][info][gc,task        ] GC(916) Using 8 workers of 8 for evacuation
[6005.709s][info][gc,phases      ] GC(916)   Pre Evacuate Collection Set: 0.22ms
[6005.709s][info][gc,phases      ] GC(916)   Merge Heap Roots: 0.58ms
[6005.709s][info][gc,phases      ] GC(916)   Evacuate Collection Set: 155.68ms
[6005.709s][info][gc,phases      ] GC(916)   Post Evacuate Collection Set: 1.07ms
[6005.709s][info][gc,phases      ] GC(916)   Other: 0.08ms
[6005.709s][info][gc,heap        ] GC(916) Eden regions: 571->0(570)
[6005.709s][info][gc,heap        ] GC(916) Survivor regions: 43->44(77)
[6005.709s][info][gc,heap        ] GC(916) Old regions: 185->192
[6005.709s][info][gc,heap        ] GC(916) Humongous regions: 33->33
[6005.709s][info][gc,metaspace   ] GC(916) Metaspace: 30005K(30528K)->30005K(30528K) NonClass: 26607K(26880K)->26607K(26880K) Class: 3397K(3648K)->3397K(3648K)
[6005.709s][info][gc             ] GC(916) Pause Young (Normal) (G1 Evacuation Pause) 6639M->2138M(8192M) 157.743ms
[6005.709s][info][gc,cpu         ] GC(916) User=1.25s Sys=0.00s Real=0.15s
....[6009.141s][info][gc,start       ] GC(917) Pause Young (Normal) (G1 Evacuation Pause)
[6009.141s][info][gc,task        ] GC(917) Using 8 workers of 8 for evacuation
[6009.297s][info][gc,phases      ] GC(917)   Pre Evacuate Collection Set: 0.25ms
[6009.297s][info][gc,phases      ] GC(917)   Merge Heap Roots: 0.58ms
[6009.297s][info][gc,phases      ] GC(917)   Evacuate Collection Set: 153.82ms
[6009.297s][info][gc,phases      ] GC(917)   Post Evacuate Collection Set: 1.04ms
[6009.297s][info][gc,phases      ] GC(917)   Other: 0.06ms
[6009.297s][info][gc,heap        ] GC(917) Eden regions: 570->0(569)
[6009.297s][info][gc,heap        ] GC(917) Survivor regions: 44->45(77)
[6009.297s][info][gc,heap        ] GC(917) Old regions: 192->200
[6009.297s][info][gc,heap        ] GC(917) Humongous regions: 33->33
[6009.297s][info][gc,metaspace   ] GC(917) Metaspace: 30005K(30528K)->30005K(30528K) NonClass: 26607K(26880K)->26607K(26880K) Class: 3397K(3648K)->3397K(3648K)
[6009.297s][info][gc             ] GC(917) Pause Young (Normal) (G1 Evacuation Pause) 6698M->2201M(8192M) 155.880ms
[6009.297s][info][gc,cpu         ] GC(917) User=1.24s Sys=0.00s Real=0.15s
....[6012.836s][info][gc,start       ] GC(918) Pause Young (Normal) (G1 Evacuation Pause)
[6012.836s][info][gc,task        ] GC(918) Using 8 workers of 8 for evacuation
[6012.985s][info][gc,phases      ] GC(918)   Pre Evacuate Collection Set: 0.23ms
[6012.985s][info][gc,phases      ] GC(918)   Merge Heap Roots: 0.55ms
[6012.985s][info][gc,phases      ] GC(918)   Evacuate Collection Set: 147.11ms
[6012.985s][info][gc,phases      ] GC(918)   Post Evacuate Collection Set: 1.06ms
[6012.985s][info][gc,phases      ] GC(918)   Other: 0.06ms
[6012.985s][info][gc,heap        ] GC(918) Eden regions: 569->0(571)
[6012.985s][info][gc,heap        ] GC(918) Survivor regions: 45->43(77)
[6012.985s][info][gc,heap        ] GC(918) Old regions: 200->207
[6012.985s][info][gc,heap        ] GC(918) Humongous regions: 33->33
[6012.985s][info][gc,metaspace   ] GC(918) Metaspace: 30005K(30528K)->30005K(30528K) NonClass: 26607K(26880K)->26607K(26880K) Class: 3397K(3648K)->3397K(3648K)
[6012.985s][info][gc             ] GC(918) Pause Young (Normal) (G1 Evacuation Pause) 6753M->2241M(8192M) 149.149ms
[6012.986s][info][gc,cpu         ] GC(918) User=1.18s Sys=0.00s Real=0.15s
...[6016.565s][info][gc,start       ] GC(919) Pause Young (Normal) (G1 Evacuation Pause)
[6016.565s][info][gc,task        ] GC(919) Using 8 workers of 8 for evacuation
[6016.715s][info][gc,phases      ] GC(919)   Pre Evacuate Collection Set: 0.23ms
[6016.715s][info][gc,phases      ] GC(919)   Merge Heap Roots: 0.62ms
[6016.715s][info][gc,phases      ] GC(919)   Evacuate Collection Set: 147.86ms
[6016.715s][info][gc,phases      ] GC(919)   Post Evacuate Collection Set: 1.06ms
[6016.715s][info][gc,phases      ] GC(919)   Other: 0.06ms
[6016.715s][info][gc,heap        ] GC(919) Eden regions: 571->0(572)
[6016.715s][info][gc,heap        ] GC(919) Survivor regions: 43->42(77)
[6016.715s][info][gc,heap        ] GC(919) Old regions: 207->214
[6016.715s][info][gc,heap        ] GC(919) Humongous regions: 33->33
[6016.715s][info][gc,metaspace   ] GC(919) Metaspace: 30005K(30528K)->30005K(30528K) NonClass: 26607K(26880K)->26607K(26880K) Class: 3397K(3648K)->3397K(3648K)
[6016.715s][info][gc             ] GC(919) Pause Young (Normal) (G1 Evacuation Pause) 6809M->2294M(8192M) 149.958ms
[6016.715s][info][gc,cpu         ] GC(919) User=1.19s Sys=0.00s Real=0.15s
....[6020.313s][info][gc,start       ] GC(920) Pause Young (Normal) (G1 Evacuation Pause)
[6020.313s][info][gc,task        ] GC(920) Using 8 workers of 8 for evacuation
[6020.462s][info][gc,phases      ] GC(920)   Pre Evacuate Collection Set: 0.23ms
[6020.462s][info][gc,phases      ] GC(920)   Merge Heap Roots: 0.58ms
[6020.462s][info][gc,phases      ] GC(920)   Evacuate Collection Set: 146.41ms
[6020.462s][info][gc,phases      ] GC(920)   Post Evacuate Collection Set: 1.05ms
[6020.462s][info][gc,phases      ] GC(920)   Other: 0.07ms
[6020.462s][info][gc,heap        ] GC(920) Eden regions: 572->0(571)
[6020.462s][info][gc,heap        ] GC(920) Survivor regions: 42->43(77)
[6020.462s][info][gc,heap        ] GC(920) Old regions: 214->221
[6020.462s][info][gc,heap        ] GC(920) Humongous regions: 33->33
[6020.462s][info][gc,metaspace   ] GC(920) Metaspace: 30005K(30528K)->30005K(30528K) NonClass: 26607K(26880K)->26607K(26880K) Class: 3397K(3648K)->3397K(3648K)
[6020.462s][info][gc             ] GC(920) Pause Young (Normal) (G1 Evacuation Pause) 6870M->2359M(8192M) 148.452ms
[6020.462s][info][gc,cpu         ] GC(920) User=1.18s Sys=0.00s Real=0.15s
....[6023.938s][info][gc,start       ] GC(921) Pause Young (Normal) (G1 Evacuation Pause)
[6023.938s][info][gc,task        ] GC(921) Using 8 workers of 8 for evacuation
[6024.092s][info][gc,phases      ] GC(921)   Pre Evacuate Collection Set: 0.22ms
[6024.092s][info][gc,phases      ] GC(921)   Merge Heap Roots: 0.59ms
[6024.092s][info][gc,phases      ] GC(921)   Evacuate Collection Set: 151.90ms
[6024.092s][info][gc,phases      ] GC(921)   Post Evacuate Collection Set: 1.06ms
[6024.092s][info][gc,phases      ] GC(921)   Other: 0.06ms
[6024.092s][info][gc,heap        ] GC(921) Eden regions: 571->0(571)
[6024.092s][info][gc,heap        ] GC(921) Survivor regions: 43->43(77)
[6024.092s][info][gc,heap        ] GC(921) Old regions: 221->229
[6024.092s][info][gc,heap        ] GC(921) Humongous regions: 33->33
[6024.092s][info][gc,metaspace   ] GC(921) Metaspace: 30005K(30528K)->30005K(30528K) NonClass: 26607K(26880K)->26607K(26880K) Class: 3397K(3648K)->3397K(3648K)
[6024.092s][info][gc             ] GC(921) Pause Young (Normal) (G1 Evacuation Pause) 6927M->2417M(8192M) 153.983ms
[6024.092s][info][gc,cpu         ] GC(921) User=1.22s Sys=0.00s Real=0.16s
...[6027.639s][info][gc,start       ] GC(922) Pause Young (Normal) (G1 Evacuation Pause)
[6027.639s][info][gc,task        ] GC(922) Using 8 workers of 8 for evacuation
[6027.789s][info][gc,phases      ] GC(922)   Pre Evacuate Collection Set: 0.22ms
[6027.789s][info][gc,phases      ] GC(922)   Merge Heap Roots: 0.59ms
[6027.789s][info][gc,phases      ] GC(922)   Evacuate Collection Set: 148.63ms
[6027.789s][info][gc,phases      ] GC(922)   Post Evacuate Collection Set: 1.09ms
[6027.789s][info][gc,phases      ] GC(922)   Other: 0.06ms
[6027.789s][info][gc,heap        ] GC(922) Eden regions: 571->0(571)
[6027.789s][info][gc,heap        ] GC(922) Survivor regions: 43->43(77)
[6027.789s][info][gc,heap        ] GC(922) Old regions: 229->236
[6027.789s][info][gc,heap        ] GC(922) Humongous regions: 33->33
[6027.789s][info][gc,metaspace   ] GC(922) Metaspace: 30005K(30528K)->30005K(30528K) NonClass: 26607K(26880K)->26607K(26880K) Class: 3397K(3648K)->3397K(3648K)
[6027.789s][info][gc             ] GC(922) Pause Young (Normal) (G1 Evacuation Pause) 6985M->2474M(8192M) 150.735ms
[6027.789s][info][gc,cpu         ] GC(922) User=1.19s Sys=0.00s Real=0.15s
.. (rIR:aIR:PR = 10516:10470:10467) (tPR = 152548) [OK] 
  6028s: Performance info:
         Transaction,    Success,    Partial,     Failed,   Receipts, AvgBarcode, 
             Overall,     629901,          0,          0,     598336,      59.47, 
         Response times:
             Request,    Success,    Partial,     Failed,   SkipFail,     Probes,    Samples,      min,      p50,      p90,      p95,      p99,      max, 
       TotalPurchase,     598536,          0,          0,          0,     356968,     423726,      300,     7600,    50000,    85000,   162000,  1900000,
     InStorePurchase,     318065,          0,          0,          0,     188240,     223555,      300,     7400,    50000,    83000,   161000,  1900000,
      OnlinePurchase,     216964,          0,          0,          0,     130730,     154922,      300,     7800,    50000,    88000,   164000,  1800000,
        InstPurchase,      63507,          0,          0,          0,      37998,      45249,      400,     7500,    50000,    88000,   162000,  1900000,
          AssocOfCat,        632,          0,          0,          0,        532,        745,    31000,    57000,   117400,   157400,   248100,   378000,
      AssocOfProduct,       6299,          0,          0,          0,       3581,       4460,      500,     7000,    56000,    96950,   169000,   620000,
      BusinessReport,       1573,          0,          0,          0,       1381,       1814,    33000,    65000,   119500,   157000,   237650,   610000,
          CustBuyBeh,       6366,          0,          0,          0,       3651,       4537,      300,     7100,    54000,    92000,   162000,   730000,
       ProductReturn,      16700,          0,          0,          0,      10175,      12285,      300,     7900,    54000,    92000,   162000,   562000,

  6028s: (77%)   IR =  10654 ..[6031.267s][info][gc,start       ] GC(923) Pause Young (Normal) (G1 Evacuation Pause)
[6031.267s][info][gc,task        ] GC(923) Using 8 workers of 8 for evacuation
[6031.422s][info][gc,phases      ] GC(923)   Pre Evacuate Collection Set: 0.26ms
[6031.422s][info][gc,phases      ] GC(923)   Merge Heap Roots: 0.58ms
[6031.422s][info][gc,phases      ] GC(923)   Evacuate Collection Set: 153.47ms
[6031.422s][info][gc,phases      ] GC(923)   Post Evacuate Collection Set: 1.07ms
[6031.422s][info][gc,phases      ] GC(923)   Other: 0.06ms
[6031.422s][info][gc,heap        ] GC(923) Eden regions: 571->0(570)
[6031.422s][info][gc,heap        ] GC(923) Survivor regions: 43->44(77)
[6031.422s][info][gc,heap        ] GC(923) Old regions: 236->243
[6031.422s][info][gc,heap        ] GC(923) Humongous regions: 33->33
[6031.422s][info][gc,metaspace   ] GC(923) Metaspace: 30005K(30528K)->30005K(30528K) NonClass: 26607K(26880K)->26607K(26880K) Class: 3397K(3648K)->3397K(3648K)
[6031.422s][info][gc             ] GC(923) Pause Young (Normal) (G1 Evacuation Pause) 7042M->2542M(8192M) 155.578ms
[6031.422s][info][gc,cpu         ] GC(923) User=1.23s Sys=0.00s Real=0.16s
...|[6034.855s][info][gc,start       ] GC(924) Pause Young (Normal) (G1 Evacuation Pause)
[6034.855s][info][gc,task        ] GC(924) Using 8 workers of 8 for evacuation
[6035.013s][info][gc,phases      ] GC(924)   Pre Evacuate Collection Set: 0.22ms
[6035.013s][info][gc,phases      ] GC(924)   Merge Heap Roots: 0.54ms
[6035.013s][info][gc,phases      ] GC(924)   Evacuate Collection Set: 156.04ms
[6035.013s][info][gc,phases      ] GC(924)   Post Evacuate Collection Set: 1.04ms
[6035.013s][info][gc,phases      ] GC(924)   Other: 0.06ms
[6035.013s][info][gc,heap        ] GC(924) Eden regions: 570->0(569)
[6035.013s][info][gc,heap        ] GC(924) Survivor regions: 44->45(77)
[6035.013s][info][gc,heap        ] GC(924) Old regions: 243->250
[6035.013s][info][gc,heap        ] GC(924) Humongous regions: 33->33
[6035.013s][info][gc,metaspace   ] GC(924) Metaspace: 30005K(30528K)->30005K(30528K) NonClass: 26607K(26880K)->26607K(26880K) Class: 3397K(3648K)->3397K(3648K)
[6035.013s][info][gc             ] GC(924) Pause Young (Normal) (G1 Evacuation Pause) 7102M->2609M(8192M) 158.037ms
[6035.013s][info][gc,cpu         ] GC(924) User=1.25s Sys=0.00s Real=0.16s
....[6038.362s][info][gc,start       ] GC(925) Pause Young (Normal) (G1 Evacuation Pause)
[6038.362s][info][gc,task        ] GC(925) Using 8 workers of 8 for evacuation
[6038.511s][info][gc,phases      ] GC(925)   Pre Evacuate Collection Set: 0.23ms
[6038.511s][info][gc,phases      ] GC(925)   Merge Heap Roots: 0.55ms
[6038.511s][info][gc,phases      ] GC(925)   Evacuate Collection Set: 147.37ms
[6038.511s][info][gc,phases      ] GC(925)   Post Evacuate Collection Set: 1.04ms
[6038.511s][info][gc,phases      ] GC(925)   Other: 0.06ms
[6038.511s][info][gc,heap        ] GC(925) Eden regions: 569->0(572)
[6038.511s][info][gc,heap        ] GC(925) Survivor regions: 45->42(77)
[6038.511s][info][gc,heap        ] GC(925) Old regions: 250->257
[6038.511s][info][gc,heap        ] GC(925) Humongous regions: 33->33
[6038.511s][info][gc,metaspace   ] GC(925) Metaspace: 30005K(30528K)->30005K(30528K) NonClass: 26607K(26880K)->26607K(26880K) Class: 3397K(3648K)->3397K(3648K)
[6038.511s][info][gc             ] GC(925) Pause Young (Normal) (G1 Evacuation Pause) 7161M->2641M(8192M) 149.370ms
[6038.511s][info][gc,cpu         ] GC(925) User=1.19s Sys=0.00s Real=0.15s
...[6041.969s][info][gc,start       ] GC(926) Pause Young (Normal) (G1 Evacuation Pause)
[6041.969s][info][gc,task        ] GC(926) Using 8 workers of 8 for evacuation
[6042.125s][info][gc,phases      ] GC(926)   Pre Evacuate Collection Set: 0.26ms
[6042.125s][info][gc,phases      ] GC(926)   Merge Heap Roots: 0.58ms
[6042.125s][info][gc,phases      ] GC(926)   Evacuate Collection Set: 154.32ms
[6042.125s][info][gc,phases      ] GC(926)   Post Evacuate Collection Set: 1.06ms
[6042.125s][info][gc,phases      ] GC(926)   Other: 0.06ms
[6042.125s][info][gc,heap        ] GC(926) Eden regions: 572->0(570)
[6042.125s][info][gc,heap        ] GC(926) Survivor regions: 42->44(77)
[6042.125s][info][gc,heap        ] GC(926) Old regions: 257->264
[6042.125s][info][gc,heap        ] GC(926) Humongous regions: 33->33
[6042.125s][info][gc,metaspace   ] GC(926) Metaspace: 30005K(30528K)->30005K(30528K) NonClass: 26607K(26880K)->26607K(26880K) Class: 3397K(3648K)->3397K(3648K)
[6042.125s][info][gc             ] GC(926) Pause Young (Normal) (G1 Evacuation Pause) 7217M->2714M(8192M) 156.413ms
[6042.125s][info][gc,cpu         ] GC(926) User=1.23s Sys=0.00s Real=0.16s
....[6045.657s][info][gc,start       ] GC(927) Pause Young (Normal) (G1 Evacuation Pause)
[6045.657s][info][gc,task        ] GC(927) Using 8 workers of 8 for evacuation
[6045.807s][info][gc,phases      ] GC(927)   Pre Evacuate Collection Set: 0.24ms
[6045.807s][info][gc,phases      ] GC(927)   Merge Heap Roots: 0.68ms
[6045.807s][info][gc,phases      ] GC(927)   Evacuate Collection Set: 147.84ms
[6045.807s][info][gc,phases      ] GC(927)   Post Evacuate Collection Set: 1.10ms
[6045.807s][info][gc,phases      ] GC(927)   Other: 0.06ms
[6045.807s][info][gc,heap        ] GC(927) Eden regions: 570->0(571)
[6045.807s][info][gc,heap        ] GC(927) Survivor regions: 44->43(77)
[6045.807s][info][gc,heap        ] GC(927) Old regions: 264->271
[6045.807s][info][gc,heap        ] GC(927) Humongous regions: 33->33
[6045.807s][info][gc,metaspace   ] GC(927) Metaspace: 30005K(30528K)->30005K(30528K) NonClass: 26607K(26880K)->26607K(26880K) Class: 3397K(3648K)->3397K(3648K)
[6045.807s][info][gc             ] GC(927) Pause Young (Normal) (G1 Evacuation Pause) 7274M->2758M(8192M) 150.080ms
[6045.807s][info][gc,cpu         ] GC(927) User=1.19s Sys=0.00s Real=0.15s
....[6049.170s][info][gc,start       ] GC(928) Pause Young (Normal) (G1 Evacuation Pause)
[6049.171s][info][gc,task        ] GC(928) Using 8 workers of 8 for evacuation
[6049.327s][info][gc,phases      ] GC(928)   Pre Evacuate Collection Set: 0.23ms
[6049.327s][info][gc,phases      ] GC(928)   Merge Heap Roots: 0.58ms
[6049.327s][info][gc,phases      ] GC(928)   Evacuate Collection Set: 154.28ms
[6049.327s][info][gc,phases      ] GC(928)   Post Evacuate Collection Set: 1.10ms
[6049.327s][info][gc,phases      ] GC(928)   Other: 0.06ms
[6049.327s][info][gc,heap        ] GC(928) Eden regions: 571->0(570)
[6049.327s][info][gc,heap        ] GC(928) Survivor regions: 43->44(77)
[6049.327s][info][gc,heap        ] GC(928) Old regions: 271->278
[6049.327s][info][gc,heap        ] GC(928) Humongous regions: 33->33
[6049.327s][info][gc,metaspace   ] GC(928) Metaspace: 30005K(30528K)->30005K(30528K) NonClass: 26607K(26880K)->26607K(26880K) Class: 3397K(3648K)->3397K(3648K)
[6049.327s][info][gc             ] GC(928) Pause Young (Normal) (G1 Evacuation Pause) 7326M->2827M(8192M) 156.377ms
[6049.327s][info][gc,cpu         ] GC(928) User=1.24s Sys=0.00s Real=0.16s
...[6052.801s][info][gc,start       ] GC(929) Pause Young (Normal) (G1 Evacuation Pause)
[6052.801s][info][gc,task        ] GC(929) Using 8 workers of 8 for evacuation
[6052.955s][info][gc,phases      ] GC(929)   Pre Evacuate Collection Set: 0.22ms
[6052.955s][info][gc,phases      ] GC(929)   Merge Heap Roots: 0.58ms
[6052.955s][info][gc,phases      ] GC(929)   Evacuate Collection Set: 151.98ms
[6052.955s][info][gc,phases      ] GC(929)   Post Evacuate Collection Set: 1.07ms
[6052.955s][info][gc,phases      ] GC(929)   Other: 0.06ms
[6052.955s][info][gc,heap        ] GC(929) Eden regions: 570->0(565)
[6052.955s][info][gc,heap        ] GC(929) Survivor regions: 44->44(77)
[6052.955s][info][gc,heap        ] GC(929) Old regions: 278->286
[6052.955s][info][gc,heap        ] GC(929) Humongous regions: 33->33
[6052.955s][info][gc,metaspace   ] GC(929) Metaspace: 30005K(30528K)->30005K(30528K) NonClass: 26607K(26880K)->26607K(26880K) Class: 3397K(3648K)->3397K(3648K)
[6052.955s][info][gc             ] GC(929) Pause Young (Normal) (G1 Evacuation Pause) 7387M->2886M(8192M) 154.037ms
[6052.955s][info][gc,cpu         ] GC(929) User=1.22s Sys=0.00s Real=0.15s
....[6056.413s][info][gc,start       ] GC(930) Pause Young (Normal) (G1 Evacuation Pause)
[6056.413s][info][gc,task        ] GC(930) Using 8 workers of 8 for evacuation
[6056.559s][info][gc,phases      ] GC(930)   Pre Evacuate Collection Set: 0.23ms
[6056.559s][info][gc,phases      ] GC(930)   Merge Heap Roots: 0.55ms
[6056.559s][info][gc,phases      ] GC(930)   Evacuate Collection Set: 144.28ms
[6056.559s][info][gc,phases      ] GC(930)   Post Evacuate Collection Set: 1.07ms
[6056.559s][info][gc,phases      ] GC(930)   Other: 0.06ms
[6056.559s][info][gc,heap        ] GC(930) Eden regions: 565->0(560)
[6056.559s][info][gc,heap        ] GC(930) Survivor regions: 44->43(77)
[6056.559s][info][gc,heap        ] GC(930) Old regions: 286->293
[6056.559s][info][gc,heap        ] GC(930) Humongous regions: 33->33
[6056.559s][info][gc,metaspace   ] GC(930) Metaspace: 30005K(30528K)->30005K(30528K) NonClass: 26607K(26880K)->26607K(26880K) Class: 3397K(3648K)->3397K(3648K)
[6056.559s][info][gc             ] GC(930) Pause Young (Normal) (G1 Evacuation Pause) 7406M->2930M(8192M) 146.315ms
[6056.559s][info][gc,cpu         ] GC(930) User=1.15s Sys=0.00s Real=0.14s
...[6059.918s][info][gc,start       ] GC(931) Pause Young (Normal) (G1 Evacuation Pause)
[6059.918s][info][gc,task        ] GC(931) Using 8 workers of 8 for evacuation
[6060.068s][info][gc,phases      ] GC(931)   Pre Evacuate Collection Set: 0.24ms
[6060.068s][info][gc,phases      ] GC(931)   Merge Heap Roots: 0.54ms
[6060.068s][info][gc,phases      ] GC(931)   Evacuate Collection Set: 147.85ms
[6060.068s][info][gc,phases      ] GC(931)   Post Evacuate Collection Set: 1.04ms
[6060.068s][info][gc,phases      ] GC(931)   Other: 0.06ms
[6060.068s][info][gc,heap        ] GC(931) Eden regions: 560->0(553)
[6060.068s][info][gc,heap        ] GC(931) Survivor regions: 43->43(76)
[6060.068s][info][gc,heap        ] GC(931) Old regions: 293->300
[6060.068s][info][gc,heap        ] GC(931) Humongous regions: 33->33
[6060.068s][info][gc,metaspace   ] GC(931) Metaspace: 30005K(30528K)->30005K(30528K) NonClass: 26607K(26880K)->26607K(26880K) Class: 3397K(3648K)->3397K(3648K)
[6060.068s][info][gc             ] GC(931) Pause Young (Normal) (G1 Evacuation Pause) 7410M->2995M(8192M) 149.854ms
[6060.068s][info][gc,cpu         ] GC(931) User=1.18s Sys=0.00s Real=0.15s
....[6063.429s][info][gc,start       ] GC(932) Pause Young (Normal) (G1 Evacuation Pause)
[6063.429s][info][gc,task        ] GC(932) Using 8 workers of 8 for evacuation
[6063.576s][info][gc,phases      ] GC(932)   Pre Evacuate Collection Set: 0.23ms
[6063.576s][info][gc,phases      ] GC(932)   Merge Heap Roots: 0.56ms
[6063.576s][info][gc,phases      ] GC(932)   Evacuate Collection Set: 145.44ms
[6063.576s][info][gc,phases      ] GC(932)   Post Evacuate Collection Set: 1.03ms
[6063.576s][info][gc,phases      ] GC(932)   Other: 0.07ms
[6063.576s][info][gc,heap        ] GC(932) Eden regions: 553->0(548)
[6063.576s][info][gc,heap        ] GC(932) Survivor regions: 43->42(75)
[6063.576s][info][gc,heap        ] GC(932) Old regions: 300->307
[6063.576s][info][gc,heap        ] GC(932) Humongous regions: 33->33
[6063.576s][info][gc,metaspace   ] GC(932) Metaspace: 30005K(30528K)->30005K(30528K) NonClass: 26607K(26880K)->26607K(26880K) Class: 3397K(3648K)->3397K(3648K)
[6063.576s][info][gc             ] GC(932) Pause Young (Normal) (G1 Evacuation Pause) 7419M->3043M(8192M) 147.463ms
[6063.576s][info][gc,cpu         ] GC(932) User=1.17s Sys=0.00s Real=0.15s
...[6066.830s][info][gc,start       ] GC(933) Pause Young (Concurrent Start) (G1 Evacuation Pause)
[6066.830s][info][gc,task        ] GC(933) Using 8 workers of 8 for evacuation
[6066.982s][info][gc,phases      ] GC(933)   Pre Evacuate Collection Set: 0.28ms
[6066.982s][info][gc,phases      ] GC(933)   Merge Heap Roots: 0.54ms
[6066.982s][info][gc,phases      ] GC(933)   Evacuate Collection Set: 150.32ms
[6066.982s][info][gc,phases      ] GC(933)   Post Evacuate Collection Set: 1.04ms
[6066.982s][info][gc,phases      ] GC(933)   Other: 0.10ms
[6066.982s][info][gc,heap        ] GC(933) Eden regions: 548->0(538)
[6066.982s][info][gc,heap        ] GC(933) Survivor regions: 42->43(74)
[6066.982s][info][gc,heap        ] GC(933) Old regions: 307->315
[6066.982s][info][gc,heap        ] GC(933) Humongous regions: 33->33
[6066.982s][info][gc,metaspace   ] GC(933) Metaspace: 30005K(30528K)->30005K(30528K) NonClass: 26607K(26880K)->26607K(26880K) Class: 3397K(3648K)->3397K(3648K)
[6066.982s][info][gc             ] GC(933) Pause Young (Concurrent Start) (G1 Evacuation Pause) 7427M->3113M(8192M) 152.411ms
[6066.982s][info][gc             ] GC(934) Concurrent Mark Cycle
[6066.982s][info][gc,marking     ] GC(934) Concurrent Scan Root Regions
[6066.982s][info][gc,cpu         ] GC(933) User=1.21s Sys=0.00s Real=0.16s
.[6067.251s][info][gc,marking     ] GC(934) Concurrent Scan Root Regions 268.819ms
[6067.251s][info][gc,marking     ] GC(934) Concurrent Mark
[6067.251s][info][gc,marking     ] GC(934) Concurrent Mark From Roots
[6067.251s][info][gc,task        ] GC(934) Using 2 workers of 2 for marking
.[6068.326s][info][gc,marking     ] GC(934) Concurrent Mark From Roots 1074.859ms
[6068.326s][info][gc,marking     ] GC(934) Concurrent Preclean
[6068.326s][info][gc,marking     ] GC(934) Concurrent Preclean 0.092ms
[6068.326s][info][gc,start       ] GC(934) Pause Remark
[6068.329s][info][gc             ] GC(934) Pause Remark 4601M->4153M(8192M) 2.869ms
[6068.329s][info][gc,cpu         ] GC(934) User=0.02s Sys=0.00s Real=0.00s
[6068.329s][info][gc,marking     ] GC(934) Concurrent Mark 1078.181ms
[6068.329s][info][gc,marking     ] GC(934) Concurrent Rebuild Remembered Sets and Scrub Regions
[6069.128s][info][gc,marking     ] GC(934) Concurrent Rebuild Remembered Sets and Scrub Regions 798.675ms
[6069.128s][info][gc,start       ] GC(934) Pause Cleanup
[6069.128s][info][gc             ] GC(934) Pause Cleanup 5277M->5277M(8192M) 0.256ms
[6069.129s][info][gc,cpu         ] GC(934) User=0.00s Sys=0.00s Real=0.00s
[6069.129s][info][gc,marking     ] GC(934) Concurrent Clear Claimed Marks
[6069.129s][info][gc,marking     ] GC(934) Concurrent Clear Claimed Marks 0.044ms
[6069.129s][info][gc,marking     ] GC(934) Concurrent Cleanup for Next Mark
[6069.141s][info][gc,marking     ] GC(934) Concurrent Cleanup for Next Mark 12.755ms
[6069.141s][info][gc             ] GC(934) Concurrent Mark Cycle 2159.143ms
..[6070.259s][info][gc,start       ] GC(935) Pause Young (Prepare Mixed) (G1 Evacuation Pause)
[6070.259s][info][gc,task        ] GC(935) Using 8 workers of 8 for evacuation
[6070.415s][info][gc,phases      ] GC(935)   Pre Evacuate Collection Set: 0.23ms
[6070.415s][info][gc,phases      ] GC(935)   Merge Heap Roots: 0.72ms
[6070.415s][info][gc,phases      ] GC(935)   Evacuate Collection Set: 153.74ms
[6070.415s][info][gc,phases      ] GC(935)   Post Evacuate Collection Set: 1.11ms
[6070.415s][info][gc,phases      ] GC(935)   Other: 0.07ms
[6070.415s][info][gc,heap        ] GC(935) Eden regions: 538->0(570)
[6070.415s][info][gc,heap        ] GC(935) Survivor regions: 43->44(73)
[6070.415s][info][gc,heap        ] GC(935) Old regions: 259->267
[6070.415s][info][gc,heap        ] GC(935) Humongous regions: 33->33
[6070.415s][info][gc,metaspace   ] GC(935) Metaspace: 30005K(30528K)->30005K(30528K) NonClass: 26607K(26880K)->26607K(26880K) Class: 3397K(3648K)->3397K(3648K)
[6070.415s][info][gc             ] GC(935) Pause Young (Prepare Mixed) (G1 Evacuation Pause) 6969M->2729M(8192M) 155.990ms
[6070.415s][info][gc,cpu         ] GC(935) User=1.24s Sys=0.00s Real=0.16s
...[6073.789s][info][gc,start       ] GC(936) Pause Young (Mixed) (G1 Evacuation Pause)
[6073.789s][info][gc,task        ] GC(936) Using 8 workers of 8 for evacuation
[6073.950s][info][gc,phases      ] GC(936)   Pre Evacuate Collection Set: 0.24ms
[6073.950s][info][gc,phases      ] GC(936)   Merge Heap Roots: 0.79ms
[6073.950s][info][gc,phases      ] GC(936)   Evacuate Collection Set: 158.20ms
[6073.950s][info][gc,phases      ] GC(936)   Post Evacuate Collection Set: 1.32ms
[6073.950s][info][gc,phases      ] GC(936)   Other: 0.07ms
[6073.950s][info][gc,heap        ] GC(936) Eden regions: 570->0(571)
[6073.950s][info][gc,heap        ] GC(936) Survivor regions: 44->43(77)
[6073.950s][info][gc,heap        ] GC(936) Old regions: 267->171
[6073.950s][info][gc,heap        ] GC(936) Humongous regions: 33->33
[6073.950s][info][gc,metaspace   ] GC(936) Metaspace: 30005K(30528K)->30005K(30528K) NonClass: 26607K(26880K)->26607K(26880K) Class: 3397K(3648K)->3397K(3648K)
[6073.950s][info][gc             ] GC(936) Pause Young (Mixed) (G1 Evacuation Pause) 7289M->1958M(8192M) 160.750ms
[6073.950s][info][gc,cpu         ] GC(936) User=1.27s Sys=0.00s Real=0.16s
....[6077.361s][info][gc,start       ] GC(937) Pause Young (Mixed) (G1 Evacuation Pause)
[6077.361s][info][gc,task        ] GC(937) Using 8 workers of 8 for evacuation
[6077.534s][info][gc,phases      ] GC(937)   Pre Evacuate Collection Set: 0.24ms
[6077.534s][info][gc,phases      ] GC(937)   Merge Heap Roots: 1.06ms
[6077.534s][info][gc,phases      ] GC(937)   Evacuate Collection Set: 169.55ms
[6077.534s][info][gc,phases      ] GC(937)   Post Evacuate Collection Set: 1.18ms
[6077.534s][info][gc,phases      ] GC(937)   Other: 0.07ms
[6077.534s][info][gc,heap        ] GC(937) Eden regions: 571->0(569)
[6077.534s][info][gc,heap        ] GC(937) Survivor regions: 43->45(77)
[6077.534s][info][gc,heap        ] GC(937) Old regions: 171->142
[6077.534s][info][gc,heap        ] GC(937) Humongous regions: 33->33
[6077.534s][info][gc,metaspace   ] GC(937) Metaspace: 30005K(30528K)->30005K(30528K) NonClass: 26607K(26880K)->26607K(26880K) Class: 3397K(3648K)->3397K(3648K)
[6077.534s][info][gc             ] GC(937) Pause Young (Mixed) (G1 Evacuation Pause) 6526M->1741M(8192M) 172.242ms
[6077.534s][info][gc,cpu         ] GC(937) User=1.37s Sys=0.00s Real=0.17s
...[6080.992s][info][gc,start       ] GC(938) Pause Young (Normal) (G1 Evacuation Pause)
[6080.992s][info][gc,task        ] GC(938) Using 8 workers of 8 for evacuation
[6081.153s][info][gc,phases      ] GC(938)   Pre Evacuate Collection Set: 0.24ms
[6081.154s][info][gc,phases      ] GC(938)   Merge Heap Roots: 0.57ms
[6081.154s][info][gc,phases      ] GC(938)   Evacuate Collection Set: 159.81ms
[6081.154s][info][gc,phases      ] GC(938)   Post Evacuate Collection Set: 1.05ms
[6081.154s][info][gc,phases      ] GC(938)   Other: 0.07ms
[6081.154s][info][gc,heap        ] GC(938) Eden regions: 569->0(569)
[6081.154s][info][gc,heap        ] GC(938) Survivor regions: 45->45(77)
[6081.154s][info][gc,heap        ] GC(938) Old regions: 142->149
[6081.154s][info][gc,heap        ] GC(938) Humongous regions: 33->33
[6081.154s][info][gc,metaspace   ] GC(938) Metaspace: 30005K(30528K)->30005K(30528K) NonClass: 26607K(26880K)->26607K(26880K) Class: 3397K(3648K)->3397K(3648K)
[6081.154s][info][gc             ] GC(938) Pause Young (Normal) (G1 Evacuation Pause) 6293M->1799M(8192M) 161.871ms
[6081.154s][info][gc,cpu         ] GC(938) User=1.29s Sys=0.00s Real=0.16s
....[6084.597s][info][gc,start       ] GC(939) Pause Young (Normal) (G1 Evacuation Pause)
[6084.597s][info][gc,task        ] GC(939) Using 8 workers of 8 for evacuation
[6084.751s][info][gc,phases      ] GC(939)   Pre Evacuate Collection Set: 0.24ms
[6084.751s][info][gc,phases      ] GC(939)   Merge Heap Roots: 0.56ms
[6084.751s][info][gc,phases      ] GC(939)   Evacuate Collection Set: 151.73ms
[6084.751s][info][gc,phases      ] GC(939)   Post Evacuate Collection Set: 1.07ms
[6084.751s][info][gc,phases      ] GC(939)   Other: 0.06ms
[6084.751s][info][gc,heap        ] GC(939) Eden regions: 569->0(572)
[6084.751s][info][gc,heap        ] GC(939) Survivor regions: 45->42(77)
[6084.751s][info][gc,heap        ] GC(939) Old regions: 149->157
[6084.751s][info][gc,heap        ] GC(939) Humongous regions: 33->33
[6084.751s][info][gc,metaspace   ] GC(939) Metaspace: 30005K(30528K)->30005K(30528K) NonClass: 26607K(26880K)->26607K(26880K) Class: 3397K(3648K)->3397K(3648K)
[6084.751s][info][gc             ] GC(939) Pause Young (Normal) (G1 Evacuation Pause) 6351M->1840M(8192M) 153.787ms
[6084.751s][info][gc,cpu         ] GC(939) User=1.21s Sys=0.00s Real=0.16s
....[6088.230s][info][gc,start       ] GC(940) Pause Young (Normal) (G1 Evacuation Pause)
[6088.230s][info][gc,task        ] GC(940) Using 8 workers of 8 for evacuation
[6088.387s][info][gc,phases      ] GC(940)   Pre Evacuate Collection Set: 0.21ms
[6088.387s][info][gc,phases      ] GC(940)   Merge Heap Roots: 0.56ms
[6088.387s][info][gc,phases      ] GC(940)   Evacuate Collection Set: 155.31ms
[6088.387s][info][gc,phases      ] GC(940)   Post Evacuate Collection Set: 1.05ms
[6088.387s][info][gc,phases      ] GC(940)   Other: 0.06ms
[6088.387s][info][gc,heap        ] GC(940) Eden regions: 572->0(570)
[6088.387s][info][gc,heap        ] GC(940) Survivor regions: 42->44(77)
[6088.387s][info][gc,heap        ] GC(940) Old regions: 157->164
[6088.387s][info][gc,heap        ] GC(940) Humongous regions: 33->33
[6088.387s][info][gc,metaspace   ] GC(940) Metaspace: 30005K(30528K)->30005K(30528K) NonClass: 26607K(26880K)->26607K(26880K) Class: 3397K(3648K)->3397K(3648K)
[6088.387s][info][gc             ] GC(940) Pause Young (Normal) (G1 Evacuation Pause) 6416M->1913M(8192M) 157.330ms
[6088.387s][info][gc,cpu         ] GC(940) User=1.24s Sys=0.00s Real=0.16s
...[6091.741s][info][gc,start       ] GC(941) Pause Young (Normal) (G1 Evacuation Pause)
[6091.741s][info][gc,task        ] GC(941) Using 8 workers of 8 for evacuation
[6091.891s][info][gc,phases      ] GC(941)   Pre Evacuate Collection Set: 0.23ms
[6091.891s][info][gc,phases      ] GC(941)   Merge Heap Roots: 0.55ms
[6091.891s][info][gc,phases      ] GC(941)   Evacuate Collection Set: 148.44ms
[6091.891s][info][gc,phases      ] GC(941)   Post Evacuate Collection Set: 1.07ms
[6091.891s][info][gc,phases      ] GC(941)   Other: 0.06ms
[6091.891s][info][gc,heap        ] GC(941) Eden regions: 570->0(570)
[6091.891s][info][gc,heap        ] GC(941) Survivor regions: 44->44(77)
[6091.891s][info][gc,heap        ] GC(941) Old regions: 164->171
[6091.891s][info][gc,heap        ] GC(941) Humongous regions: 33->33
[6091.891s][info][gc,metaspace   ] GC(941) Metaspace: 30005K(30528K)->30005K(30528K) NonClass: 26607K(26880K)->26607K(26880K) Class: 3397K(3648K)->3397K(3648K)
[6091.891s][info][gc             ] GC(941) Pause Young (Normal) (G1 Evacuation Pause) 6473M->1966M(8192M) 150.474ms
[6091.891s][info][gc,cpu         ] GC(941) User=1.19s Sys=0.00s Real=0.16s
... (rIR:aIR:PR = 10654:10721:10723) (tPR = 159744) [OK] 
  6094s: Performance info:
         Transaction,    Success,    Partial,     Failed,   Receipts, AvgBarcode, 
             Overall,     646066,          0,          0,     614004,      59.48, 
         Response times:
             Request,    Success,    Partial,     Failed,   SkipFail,     Probes,    Samples,      min,      p50,      p90,      p95,      p99,      max, 
       TotalPurchase,     613872,          0,          0,          0,     353480,     391831,      300,     8400,    70000,   112000,   260000,  2900000,
     InStorePurchase,     324836,          0,          0,          0,     186074,     205969,      300,     8400,    70000,   111000,   260000,  2900000,
      OnlinePurchase,     225142,          0,          0,          0,     130069,     144314,      300,     8500,    72000,   112000,   260000,  2900000,
        InstPurchase,      63894,          0,          0,          0,      37337,      41548,      400,     8500,    63000,   110000,   262000,  2900000,
          AssocOfCat,        642,          0,          0,          0,        507,        653,    31000,    58000,   132000,   168300,   274360,   375000,
      AssocOfProduct,       6430,          0,          0,          0,       3689,       4316,      700,     8300,    58000,   103000,   251320,   352000,
      BusinessReport,       1596,          0,          0,          0,       1415,       1700,    35000,    67000,   141000,   184000,   348000,   531000,
          CustBuyBeh,       6347,          0,          0,          0,       3641,       4248,      400,     8900,    63100,   105550,   238570,  1600000,
       ProductReturn,      17047,          0,          0,          0,       9259,      10475,      300,     7700,    72000,   115000,   271000,   680000,

  6094s: (78%)   IR =  10793 .[6095.444s][info][gc,start       ] GC(942) Pause Young (Normal) (G1 Evacuation Pause)
[6095.444s][info][gc,task        ] GC(942) Using 8 workers of 8 for evacuation
[6095.595s][info][gc,phases      ] GC(942)   Pre Evacuate Collection Set: 0.26ms
[6095.595s][info][gc,phases      ] GC(942)   Merge Heap Roots: 0.71ms
[6095.595s][info][gc,phases      ] GC(942)   Evacuate Collection Set: 148.87ms
[6095.595s][info][gc,phases      ] GC(942)   Post Evacuate Collection Set: 1.16ms
[6095.595s][info][gc,phases      ] GC(942)   Other: 0.08ms
[6095.595s][info][gc,heap        ] GC(942) Eden regions: 570->0(571)
[6095.595s][info][gc,heap        ] GC(942) Survivor regions: 44->43(77)
[6095.595s][info][gc,heap        ] GC(942) Old regions: 171->178
[6095.595s][info][gc,heap        ] GC(942) Humongous regions: 33->33
[6095.595s][info][gc,metaspace   ] GC(942) Metaspace: 30005K(30528K)->30005K(30528K) NonClass: 26607K(26880K)->26607K(26880K) Class: 3397K(3648K)->3397K(3648K)
[6095.595s][info][gc             ] GC(942) Pause Young (Normal) (G1 Evacuation Pause) 6526M->2013M(8192M) 151.228ms
[6095.595s][info][gc,cpu         ] GC(942) User=1.19s Sys=0.00s Real=0.15s
...[6099.051s][info][gc,start       ] GC(943) Pause Young (Normal) (G1 Evacuation Pause)
[6099.051s][info][gc,task        ] GC(943) Using 8 workers of 8 for evacuation
[6099.207s][info][gc,phases      ] GC(943)   Pre Evacuate Collection Set: 0.23ms
[6099.207s][info][gc,phases      ] GC(943)   Merge Heap Roots: 0.59ms
[6099.207s][info][gc,phases      ] GC(943)   Evacuate Collection Set: 153.24ms
[6099.207s][info][gc,phases      ] GC(943)   Post Evacuate Collection Set: 1.11ms
[6099.207s][info][gc,phases      ] GC(943)   Other: 0.07ms
[6099.207s][info][gc,heap        ] GC(943) Eden regions: 571->0(570)
[6099.207s][info][gc,heap        ] GC(943) Survivor regions: 43->44(77)
[6099.207s][info][gc,heap        ] GC(943) Old regions: 178->185
[6099.207s][info][gc,heap        ] GC(943) Humongous regions: 33->33
[6099.207s][info][gc,metaspace   ] GC(943) Metaspace: 30005K(30528K)->30005K(30528K) NonClass: 26607K(26880K)->26607K(26880K) Class: 3397K(3648K)->3397K(3648K)
[6099.207s][info][gc             ] GC(943) Pause Young (Normal) (G1 Evacuation Pause) 6581M->2079M(8192M) 155.366ms
[6099.207s][info][gc,cpu         ] GC(943) User=1.23s Sys=0.00s Real=0.15s
....[6102.769s][info][gc,start       ] GC(944) Pause Young (Normal) (G1 Evacuation Pause)
[6102.769s][info][gc,task        ] GC(944) Using 8 workers of 8 for evacuation
[6102.922s][info][gc,phases      ] GC(944)   Pre Evacuate Collection Set: 0.25ms
[6102.922s][info][gc,phases      ] GC(944)   Merge Heap Roots: 0.58ms
[6102.922s][info][gc,phases      ] GC(944)   Evacuate Collection Set: 151.13ms
[6102.922s][info][gc,phases      ] GC(944)   Post Evacuate Collection Set: 1.08ms
[6102.922s][info][gc,phases      ] GC(944)   Other: 0.07ms
[6102.922s][info][gc,heap        ] GC(944) Eden regions: 570->0(571)
[6102.922s][info][gc,heap        ] GC(944) Survivor regions: 44->43(77)
[6102.922s][info][gc,heap        ] GC(944) Old regions: 185->193
[6102.922s][info][gc,heap        ] GC(944) Humongous regions: 33->33
[6102.922s][info][gc,metaspace   ] GC(944) Metaspace: 30005K(30528K)->30005K(30528K) NonClass: 26607K(26880K)->26607K(26880K) Class: 3397K(3648K)->3397K(3648K)
[6102.922s][info][gc             ] GC(944) Pause Young (Normal) (G1 Evacuation Pause) 6639M->2137M(8192M) 153.246ms
[6102.922s][info][gc,cpu         ] GC(944) User=1.21s Sys=0.00s Real=0.16s
....[6106.397s][info][gc,start       ] GC(945) Pause Young (Normal) (G1 Evacuation Pause)
[6106.397s][info][gc,task        ] GC(945) Using 8 workers of 8 for evacuation
[6106.547s][info][gc,phases      ] GC(945)   Pre Evacuate Collection Set: 0.23ms
[6106.547s][info][gc,phases      ] GC(945)   Merge Heap Roots: 0.59ms
[6106.547s][info][gc,phases      ] GC(945)   Evacuate Collection Set: 148.17ms
[6106.548s][info][gc,phases      ] GC(945)   Post Evacuate Collection Set: 1.05ms
[6106.548s][info][gc,phases      ] GC(945)   Other: 0.06ms
[6106.548s][info][gc,heap        ] GC(945) Eden regions: 571->0(572)
[6106.548s][info][gc,heap        ] GC(945) Survivor regions: 43->42(77)
[6106.548s][info][gc,heap        ] GC(945) Old regions: 193->200
[6106.548s][info][gc,heap        ] GC(945) Humongous regions: 33->33
[6106.548s][info][gc,metaspace   ] GC(945) Metaspace: 30005K(30528K)->30005K(30528K) NonClass: 26607K(26880K)->26607K(26880K) Class: 3397K(3648K)->3397K(3648K)
[6106.548s][info][gc             ] GC(945) Pause Young (Normal) (G1 Evacuation Pause) 6705M->2179M(8192M) 150.241ms
[6106.548s][info][gc,cpu         ] GC(945) User=1.19s Sys=0.00s Real=0.15s
...[6109.947s][info][gc,start       ] GC(946) Pause Young (Normal) (G1 Evacuation Pause)
[6109.947s][info][gc,task        ] GC(946) Using 8 workers of 8 for evacuation
[6110.099s][info][gc,phases      ] GC(946)   Pre Evacuate Collection Set: 0.25ms
[6110.099s][info][gc,phases      ] GC(946)   Merge Heap Roots: 0.55ms
[6110.099s][info][gc,phases      ] GC(946)   Evacuate Collection Set: 150.54ms
[6110.099s][info][gc,phases      ] GC(946)   Post Evacuate Collection Set: 1.04ms
[6110.099s][info][gc,phases      ] GC(946)   Other: 0.06ms
[6110.099s][info][gc,heap        ] GC(946) Eden regions: 572->0(571)
[6110.099s][info][gc,heap        ] GC(946) Survivor regions: 42->43(77)
[6110.099s][info][gc,heap        ] GC(946) Old regions: 200->207
[6110.099s][info][gc,heap        ] GC(946) Humongous regions: 33->33
[6110.099s][info][gc,metaspace   ] GC(946) Metaspace: 30005K(30528K)->30005K(30528K) NonClass: 26607K(26880K)->26607K(26880K) Class: 3397K(3648K)->3397K(3648K)
[6110.099s][info][gc             ] GC(946) Pause Young (Normal) (G1 Evacuation Pause) 6755M->2246M(8192M) 152.575ms
[6110.099s][info][gc,cpu         ] GC(946) User=1.20s Sys=0.00s Real=0.15s
....[6113.631s][info][gc,start       ] GC(947) Pause Young (Normal) (G1 Evacuation Pause)
[6113.631s][info][gc,task        ] GC(947) Using 8 workers of 8 for evacuation
[6113.782s][info][gc,phases      ] GC(947)   Pre Evacuate Collection Set: 0.22ms
[6113.782s][info][gc,phases      ] GC(947)   Merge Heap Roots: 0.60ms
[6113.782s][info][gc,phases      ] GC(947)   Evacuate Collection Set: 148.93ms
[6113.782s][info][gc,phases      ] GC(947)   Post Evacuate Collection Set: 1.08ms
[6113.782s][info][gc,phases      ] GC(947)   Other: 0.06ms
[6113.782s][info][gc,heap        ] GC(947) Eden regions: 571->0(571)
[6113.782s][info][gc,heap        ] GC(947) Survivor regions: 43->43(77)
[6113.782s][info][gc,heap        ] GC(947) Old regions: 207->214
[6113.782s][info][gc,heap        ] GC(947) Humongous regions: 33->33
[6113.782s][info][gc,metaspace   ] GC(947) Metaspace: 30005K(30528K)->30005K(30528K) NonClass: 26607K(26880K)->26607K(26880K) Class: 3397K(3648K)->3397K(3648K)
[6113.782s][info][gc             ] GC(947) Pause Young (Normal) (G1 Evacuation Pause) 6814M->2302M(8192M) 151.014ms
[6113.782s][info][gc,cpu         ] GC(947) User=1.19s Sys=0.00s Real=0.15s
...[6117.278s][info][gc,start       ] GC(948) Pause Young (Normal) (G1 Evacuation Pause)
[6117.278s][info][gc,task        ] GC(948) Using 8 workers of 8 for evacuation
[6117.436s][info][gc,phases      ] GC(948)   Pre Evacuate Collection Set: 0.22ms
[6117.436s][info][gc,phases      ] GC(948)   Merge Heap Roots: 0.56ms
[6117.436s][info][gc,phases      ] GC(948)   Evacuate Collection Set: 155.94ms
[6117.436s][info][gc,phases      ] GC(948)   Post Evacuate Collection Set: 1.05ms
[6117.436s][info][gc,phases      ] GC(948)   Other: 0.06ms
[6117.436s][info][gc,heap        ] GC(948) Eden regions: 571->0(570)
[6117.436s][info][gc,heap        ] GC(948) Survivor regions: 43->44(77)
[6117.436s][info][gc,heap        ] GC(948) Old regions: 214->222
[6117.436s][info][gc,heap        ] GC(948) Humongous regions: 33->33
[6117.436s][info][gc,metaspace   ] GC(948) Metaspace: 30005K(30528K)->30005K(30528K) NonClass: 26607K(26880K)->26607K(26880K) Class: 3397K(3648K)->3397K(3648K)
[6117.436s][info][gc             ] GC(948) Pause Young (Normal) (G1 Evacuation Pause) 6870M->2374M(8192M) 157.956ms
[6117.436s][info][gc,cpu         ] GC(948) User=1.25s Sys=0.01s Real=0.16s
....[6120.827s][info][gc,start       ] GC(949) Pause Young (Normal) (G1 Evacuation Pause)
[6120.827s][info][gc,task        ] GC(949) Using 8 workers of 8 for evacuation
[6120.982s][info][gc,phases      ] GC(949)   Pre Evacuate Collection Set: 0.23ms
[6120.982s][info][gc,phases      ] GC(949)   Merge Heap Roots: 0.58ms
[6120.982s][info][gc,phases      ] GC(949)   Evacuate Collection Set: 152.48ms
[6120.982s][info][gc,phases      ] GC(949)   Post Evacuate Collection Set: 1.07ms
[6120.982s][info][gc,phases      ] GC(949)   Other: 0.06ms
[6120.982s][info][gc,heap        ] GC(949) Eden regions: 570->0(571)
[6120.982s][info][gc,heap        ] GC(949) Survivor regions: 44->43(77)
[6120.982s][info][gc,heap        ] GC(949) Old regions: 222->229
[6120.982s][info][gc,heap        ] GC(949) Humongous regions: 33->33
[6120.982s][info][gc,metaspace   ] GC(949) Metaspace: 30005K(30528K)->30005K(30528K) NonClass: 26607K(26880K)->26607K(26880K) Class: 3397K(3648K)->3397K(3648K)
[6120.982s][info][gc             ] GC(949) Pause Young (Normal) (G1 Evacuation Pause) 6934M->2421M(8192M) 154.575ms
[6120.982s][info][gc,cpu         ] GC(949) User=1.22s Sys=0.00s Real=0.16s
....[6124.474s][info][gc,start       ] GC(950) Pause Young (Normal) (G1 Evacuation Pause)
[6124.474s][info][gc,task        ] GC(950) Using 8 workers of 8 for evacuation
[6124.626s][info][gc,phases      ] GC(950)   Pre Evacuate Collection Set: 0.21ms
[6124.626s][info][gc,phases      ] GC(950)   Merge Heap Roots: 0.62ms
[6124.626s][info][gc,phases      ] GC(950)   Evacuate Collection Set: 149.59ms
[6124.626s][info][gc,phases      ] GC(950)   Post Evacuate Collection Set: 1.10ms
[6124.626s][info][gc,phases      ] GC(950)   Other: 0.08ms
[6124.626s][info][gc,heap        ] GC(950) Eden regions: 571->0(572)
[6124.626s][info][gc,heap        ] GC(950) Survivor regions: 43->42(77)
[6124.626s][info][gc,heap        ] GC(950) Old regions: 229->236
[6124.626s][info][gc,heap        ] GC(950) Humongous regions: 33->33
[6124.626s][info][gc,metaspace   ] GC(950) Metaspace: 30005K(30528K)->30005K(30528K) NonClass: 26607K(26880K)->26607K(26880K) Class: 3397K(3648K)->3397K(3648K)
[6124.626s][info][gc             ] GC(950) Pause Young (Normal) (G1 Evacuation Pause) 6989M->2474M(8192M) 151.725ms
[6124.626s][info][gc,cpu         ] GC(950) User=1.20s Sys=0.00s Real=0.15s
 (rIR:aIR:PR = 10793:10648:10642) (tPR = 157928) [IR is under limit] [PR is under limit] 
  6124s: Performance info:
         Transaction,    Success,    Partial,     Failed,   Receipts, AvgBarcode, 
             Overall,     213640,          0,          0,     202708,      59.48, 
         Response times:
             Request,    Success,    Partial,     Failed,   SkipFail,     Probes,    Samples,      min,      p50,      p90,      p95,      p99,      max, 
       TotalPurchase,     202802,          0,          0,          0,     120610,     178280,      300,     7400,    41000,    80000,   125000,   475000,
     InStorePurchase,     106036,          0,          0,          0,      63323,      93078,      300,     7400,    41000,    80000,   125000,   475000,
      OnlinePurchase,      75542,          0,          0,          0,      44560,      66086,      300,     7400,    41000,    80000,   126000,   475000,
        InstPurchase,      21224,          0,          0,          0,      12727,      19116,      500,     7400,    41000,    77000,   123000,   473000,
          AssocOfCat,        219,          0,          0,          0,        197,        325,    32000,    55000,    94800,   121500,   205000,   230000,
      AssocOfProduct,       2195,          0,          0,          0,       1279,       1961,      700,     7900,    40000,    79000,   124140,   306000,
      BusinessReport,        542,          0,          0,          0,        503,        790,    33000,    67000,   117000,   158000,   212000,   422000,
          CustBuyBeh,       2170,          0,          0,          0,       1251,       1912,      300,     7300,    40700,    83350,   129000,   374000,
       ProductReturn,       5831,          0,          0,          0,       3199,       4985,      200,     6900,    43400,    78000,   115000,   278000,

  6124s: 
  6124s: Failed, 9 overall retries left, retrying 1 of 1
  6124s: (78%)   IR =  10793 ...[6128.163s][info][gc,start       ] GC(951) Pause Young (Normal) (G1 Evacuation Pause)
[6128.163s][info][gc,task        ] GC(951) Using 8 workers of 8 for evacuation
[6128.317s][info][gc,phases      ] GC(951)   Pre Evacuate Collection Set: 0.24ms
[6128.317s][info][gc,phases      ] GC(951)   Merge Heap Roots: 0.56ms
[6128.317s][info][gc,phases      ] GC(951)   Evacuate Collection Set: 152.59ms
[6128.317s][info][gc,phases      ] GC(951)   Post Evacuate Collection Set: 1.07ms
[6128.317s][info][gc,phases      ] GC(951)   Other: 0.07ms
[6128.317s][info][gc,heap        ] GC(951) Eden regions: 572->0(570)
[6128.317s][info][gc,heap        ] GC(951) Survivor regions: 42->44(77)
[6128.317s][info][gc,heap        ] GC(951) Old regions: 236->243
[6128.317s][info][gc,heap        ] GC(951) Humongous regions: 33->33
[6128.317s][info][gc,metaspace   ] GC(951) Metaspace: 30005K(30528K)->30005K(30528K) NonClass: 26607K(26880K)->26607K(26880K) Class: 3397K(3648K)->3397K(3648K)
[6128.317s][info][gc             ] GC(951) Pause Young (Normal) (G1 Evacuation Pause) 7050M->2542M(8192M) 154.673ms
[6128.317s][info][gc,cpu         ] GC(951) User=1.22s Sys=0.00s Real=0.15s
....[6131.795s][info][gc,start       ] GC(952) Pause Young (Normal) (G1 Evacuation Pause)
[6131.795s][info][gc,task        ] GC(952) Using 8 workers of 8 for evacuation
[6131.948s][info][gc,phases      ] GC(952)   Pre Evacuate Collection Set: 0.23ms
[6131.948s][info][gc,phases      ] GC(952)   Merge Heap Roots: 0.55ms
[6131.948s][info][gc,phases      ] GC(952)   Evacuate Collection Set: 151.05ms
[6131.948s][info][gc,phases      ] GC(952)   Post Evacuate Collection Set: 1.05ms
[6131.948s][info][gc,phases      ] GC(952)   Other: 0.06ms
[6131.948s][info][gc,heap        ] GC(952) Eden regions: 570->0(571)
[6131.948s][info][gc,heap        ] GC(952) Survivor regions: 44->43(77)
[6131.948s][info][gc,heap        ] GC(952) Old regions: 243->250
[6131.948s][info][gc,heap        ] GC(952) Humongous regions: 33->33
[6131.948s][info][gc,metaspace   ] GC(952) Metaspace: 30005K(30528K)->30005K(30528K) NonClass: 26607K(26880K)->26607K(26880K) Class: 3397K(3648K)->3397K(3648K)
[6131.948s][info][gc             ] GC(952) Pause Young (Normal) (G1 Evacuation Pause) 7102M->2595M(8192M) 153.062ms
[6131.948s][info][gc,cpu         ] GC(952) User=1.21s Sys=0.00s Real=0.15s
...[6135.374s][info][gc,start       ] GC(953) Pause Young (Normal) (G1 Evacuation Pause)
[6135.374s][info][gc,task        ] GC(953) Using 8 workers of 8 for evacuation
[6135.525s][info][gc,phases      ] GC(953)   Pre Evacuate Collection Set: 0.23ms
[6135.525s][info][gc,phases      ] GC(953)   Merge Heap Roots: 0.57ms
[6135.525s][info][gc,phases      ] GC(953)   Evacuate Collection Set: 148.73ms
[6135.525s][info][gc,phases      ] GC(953)   Post Evacuate Collection Set: 1.08ms
[6135.525s][info][gc,phases      ] GC(953)   Other: 0.07ms
[6135.525s][info][gc,heap        ] GC(953) Eden regions: 571->0(572)
[6135.525s][info][gc,heap        ] GC(953) Survivor regions: 43->42(77)
[6135.525s][info][gc,heap        ] GC(953) Old regions: 250->258
[6135.525s][info][gc,heap        ] GC(953) Humongous regions: 33->33
[6135.525s][info][gc,metaspace   ] GC(953) Metaspace: 30005K(30528K)->30005K(30528K) NonClass: 26607K(26880K)->26607K(26880K) Class: 3397K(3648K)->3397K(3648K)
[6135.525s][info][gc             ] GC(953) Pause Young (Normal) (G1 Evacuation Pause) 7163M->2645M(8192M) 150.811ms
[6135.525s][info][gc,cpu         ] GC(953) User=1.20s Sys=0.00s Real=0.15s
....[6138.943s][info][gc,start       ] GC(954) Pause Young (Normal) (G1 Evacuation Pause)
[6138.943s][info][gc,task        ] GC(954) Using 8 workers of 8 for evacuation
[6139.093s][info][gc,phases      ] GC(954)   Pre Evacuate Collection Set: 0.24ms
[6139.093s][info][gc,phases      ] GC(954)   Merge Heap Roots: 0.58ms
[6139.093s][info][gc,phases      ] GC(954)   Evacuate Collection Set: 148.16ms
[6139.093s][info][gc,phases      ] GC(954)   Post Evacuate Collection Set: 1.04ms
[6139.093s][info][gc,phases      ] GC(954)   Other: 0.06ms
[6139.093s][info][gc,heap        ] GC(954) Eden regions: 572->0(571)
[6139.093s][info][gc,heap        ] GC(954) Survivor regions: 42->43(77)
[6139.093s][info][gc,heap        ] GC(954) Old regions: 258->264
[6139.093s][info][gc,heap        ] GC(954) Humongous regions: 33->33
[6139.093s][info][gc,metaspace   ] GC(954) Metaspace: 30005K(30528K)->30005K(30528K) NonClass: 26607K(26880K)->26607K(26880K) Class: 3397K(3648K)->3397K(3648K)
[6139.093s][info][gc             ] GC(954) Pause Young (Normal) (G1 Evacuation Pause) 7221M->2707M(8192M) 150.215ms
[6139.093s][info][gc,cpu         ] GC(954) User=1.19s Sys=0.00s Real=0.15s
...[6142.445s][info][gc,start       ] GC(955) Pause Young (Normal) (G1 Evacuation Pause)
[6142.445s][info][gc,task        ] GC(955) Using 8 workers of 8 for evacuation
[6142.596s][info][gc,phases      ] GC(955)   Pre Evacuate Collection Set: 0.22ms
[6142.596s][info][gc,phases      ] GC(955)   Merge Heap Roots: 0.67ms
[6142.596s][info][gc,phases      ] GC(955)   Evacuate Collection Set: 149.14ms
[6142.596s][info][gc,phases      ] GC(955)   Post Evacuate Collection Set: 1.05ms
[6142.596s][info][gc,phases      ] GC(955)   Other: 0.07ms
[6142.596s][info][gc,heap        ] GC(955) Eden regions: 571->0(571)
[6142.596s][info][gc,heap        ] GC(955) Survivor regions: 43->43(77)
[6142.596s][info][gc,heap        ] GC(955) Old regions: 264->271
[6142.596s][info][gc,heap        ] GC(955) Humongous regions: 33->33
[6142.596s][info][gc,metaspace   ] GC(955) Metaspace: 30005K(30528K)->30005K(30528K) NonClass: 26607K(26880K)->26607K(26880K) Class: 3397K(3648K)->3397K(3648K)
[6142.596s][info][gc             ] GC(955) Pause Young (Normal) (G1 Evacuation Pause) 7275M->2763M(8192M) 151.290ms
[6142.596s][info][gc,cpu         ] GC(955) User=1.20s Sys=0.00s Real=0.15s
....|[6145.938s][info][gc,start       ] GC(956) Pause Young (Normal) (G1 Evacuation Pause)
[6145.938s][info][gc,task        ] GC(956) Using 8 workers of 8 for evacuation
[6146.089s][info][gc,phases      ] GC(956)   Pre Evacuate Collection Set: 0.23ms
[6146.089s][info][gc,phases      ] GC(956)   Merge Heap Roots: 0.55ms
[6146.089s][info][gc,phases      ] GC(956)   Evacuate Collection Set: 149.14ms
[6146.089s][info][gc,phases      ] GC(956)   Post Evacuate Collection Set: 1.06ms
[6146.089s][info][gc,phases      ] GC(956)   Other: 0.07ms
[6146.089s][info][gc,heap        ] GC(956) Eden regions: 571->0(571)
[6146.089s][info][gc,heap        ] GC(956) Survivor regions: 43->43(77)
[6146.089s][info][gc,heap        ] GC(956) Old regions: 271->278
[6146.089s][info][gc,heap        ] GC(956) Humongous regions: 33->33
[6146.089s][info][gc,metaspace   ] GC(956) Metaspace: 30005K(30528K)->30005K(30528K) NonClass: 26607K(26880K)->26607K(26880K) Class: 3397K(3648K)->3397K(3648K)
[6146.089s][info][gc             ] GC(956) Pause Young (Normal) (G1 Evacuation Pause) 7331M->2819M(8192M) 151.186ms
[6146.089s][info][gc,cpu         ] GC(956) User=1.20s Sys=0.00s Real=0.15s
...[6149.569s][info][gc,start       ] GC(957) Pause Young (Normal) (G1 Evacuation Pause)
[6149.569s][info][gc,task        ] GC(957) Using 8 workers of 8 for evacuation
[6149.720s][info][gc,phases      ] GC(957)   Pre Evacuate Collection Set: 0.23ms
[6149.720s][info][gc,phases      ] GC(957)   Merge Heap Roots: 0.56ms
[6149.720s][info][gc,phases      ] GC(957)   Evacuate Collection Set: 148.83ms
[6149.720s][info][gc,phases      ] GC(957)   Post Evacuate Collection Set: 1.05ms
[6149.720s][info][gc,phases      ] GC(957)   Other: 0.07ms
[6149.720s][info][gc,heap        ] GC(957) Eden regions: 571->0(566)
[6149.720s][info][gc,heap        ] GC(957) Survivor regions: 43->44(77)
[6149.720s][info][gc,heap        ] GC(957) Old regions: 278->285
[6149.720s][info][gc,heap        ] GC(957) Humongous regions: 33->33
[6149.720s][info][gc,metaspace   ] GC(957) Metaspace: 30005K(30528K)->30005K(30528K) NonClass: 26607K(26880K)->26607K(26880K) Class: 3397K(3648K)->3397K(3648K)
[6149.720s][info][gc             ] GC(957) Pause Young (Normal) (G1 Evacuation Pause) 7387M->2879M(8192M) 150.872ms
[6149.720s][info][gc,cpu         ] GC(957) User=1.20s Sys=0.00s Real=0.15s
....[6153.113s][info][gc,start       ] GC(958) Pause Young (Normal) (G1 Evacuation Pause)
[6153.113s][info][gc,task        ] GC(958) Using 8 workers of 8 for evacuation
[6153.271s][info][gc,phases      ] GC(958)   Pre Evacuate Collection Set: 0.24ms
[6153.271s][info][gc,phases      ] GC(958)   Merge Heap Roots: 0.60ms
[6153.271s][info][gc,phases      ] GC(958)   Evacuate Collection Set: 156.07ms
[6153.271s][info][gc,phases      ] GC(958)   Post Evacuate Collection Set: 1.08ms
[6153.271s][info][gc,phases      ] GC(958)   Other: 0.07ms
[6153.271s][info][gc,heap        ] GC(958) Eden regions: 566->0(555)
[6153.271s][info][gc,heap        ] GC(958) Survivor regions: 44->46(77)
[6153.271s][info][gc,heap        ] GC(958) Old regions: 285->292
[6153.271s][info][gc,heap        ] GC(958) Humongous regions: 33->33
[6153.271s][info][gc,metaspace   ] GC(958) Metaspace: 30005K(30528K)->30005K(30528K) NonClass: 26607K(26880K)->26607K(26880K) Class: 3397K(3648K)->3397K(3648K)
[6153.271s][info][gc             ] GC(958) Pause Young (Normal) (G1 Evacuation Pause) 7407M->2951M(8192M) 158.217ms
[6153.271s][info][gc,cpu         ] GC(958) User=1.25s Sys=0.00s Real=0.16s
...[6156.591s][info][gc,start       ] GC(959) Pause Young (Normal) (G1 Evacuation Pause)
[6156.591s][info][gc,task        ] GC(959) Using 8 workers of 8 for evacuation
[6156.743s][info][gc,phases      ] GC(959)   Pre Evacuate Collection Set: 0.23ms
[6156.743s][info][gc,phases      ] GC(959)   Merge Heap Roots: 0.58ms
[6156.743s][info][gc,phases      ] GC(959)   Evacuate Collection Set: 150.34ms
[6156.743s][info][gc,phases      ] GC(959)   Post Evacuate Collection Set: 1.04ms
[6156.743s][info][gc,phases      ] GC(959)   Other: 0.08ms
[6156.743s][info][gc,heap        ] GC(959) Eden regions: 555->0(553)
[6156.743s][info][gc,heap        ] GC(959) Survivor regions: 46->43(76)
[6156.743s][info][gc,heap        ] GC(959) Old regions: 292->300
[6156.743s][info][gc,heap        ] GC(959) Humongous regions: 33->33
[6156.743s][info][gc,metaspace   ] GC(959) Metaspace: 30005K(30528K)->30005K(30528K) NonClass: 26607K(26880K)->26607K(26880K) Class: 3397K(3648K)->3397K(3648K)
[6156.743s][info][gc             ] GC(959) Pause Young (Normal) (G1 Evacuation Pause) 7391M->2985M(8192M) 152.386ms
[6156.743s][info][gc,cpu         ] GC(959) User=1.21s Sys=0.00s Real=0.15s
....[6160.062s][info][gc,start       ] GC(960) Pause Young (Normal) (G1 Evacuation Pause)
[6160.062s][info][gc,task        ] GC(960) Using 8 workers of 8 for evacuation
[6160.216s][info][gc,phases      ] GC(960)   Pre Evacuate Collection Set: 0.21ms
[6160.216s][info][gc,phases      ] GC(960)   Merge Heap Roots: 0.55ms
[6160.216s][info][gc,phases      ] GC(960)   Evacuate Collection Set: 152.59ms
[6160.216s][info][gc,phases      ] GC(960)   Post Evacuate Collection Set: 1.04ms
[6160.216s][info][gc,phases      ] GC(960)   Other: 0.06ms
[6160.216s][info][gc,heap        ] GC(960) Eden regions: 553->0(546)
[6160.216s][info][gc,heap        ] GC(960) Survivor regions: 43->43(75)
[6160.216s][info][gc,heap        ] GC(960) Old regions: 300->307
[6160.216s][info][gc,heap        ] GC(960) Humongous regions: 33->33
[6160.216s][info][gc,metaspace   ] GC(960) Metaspace: 30005K(30528K)->30005K(30528K) NonClass: 26607K(26880K)->26607K(26880K) Class: 3397K(3648K)->3397K(3648K)
[6160.217s][info][gc             ] GC(960) Pause Young (Normal) (G1 Evacuation Pause) 7409M->3051M(8192M) 154.564ms
[6160.217s][info][gc,cpu         ] GC(960) User=1.23s Sys=0.00s Real=0.15s
...[6163.495s][info][gc,start       ] GC(961) Pause Young (Concurrent Start) (G1 Evacuation Pause)
[6163.495s][info][gc,task        ] GC(961) Using 8 workers of 8 for evacuation
[6163.641s][info][gc,phases      ] GC(961)   Pre Evacuate Collection Set: 0.29ms
[6163.641s][info][gc,phases      ] GC(961)   Merge Heap Roots: 0.55ms
[6163.641s][info][gc,phases      ] GC(961)   Evacuate Collection Set: 144.67ms
[6163.641s][info][gc,phases      ] GC(961)   Post Evacuate Collection Set: 0.99ms
[6163.641s][info][gc,phases      ] GC(961)   Other: 0.08ms
[6163.641s][info][gc,heap        ] GC(961) Eden regions: 546->0(541)
[6163.641s][info][gc,heap        ] GC(961) Survivor regions: 43->42(74)
[6163.641s][info][gc,heap        ] GC(961) Old regions: 307->314
[6163.641s][info][gc,heap        ] GC(961) Humongous regions: 33->33
[6163.641s][info][gc,metaspace   ] GC(961) Metaspace: 30005K(30528K)->30005K(30528K) NonClass: 26607K(26880K)->26607K(26880K) Class: 3397K(3648K)->3397K(3648K)
[6163.641s][info][gc             ] GC(961) Pause Young (Concurrent Start) (G1 Evacuation Pause) 7419M->3095M(8192M) 146.703ms
[6163.641s][info][gc             ] GC(962) Concurrent Mark Cycle
[6163.641s][info][gc,marking     ] GC(962) Concurrent Scan Root Regions
[6163.641s][info][gc,cpu         ] GC(961) User=1.16s Sys=0.00s Real=0.15s
.[6163.905s][info][gc,marking     ] GC(962) Concurrent Scan Root Regions 263.563ms
[6163.905s][info][gc,marking     ] GC(962) Concurrent Mark
[6163.905s][info][gc,marking     ] GC(962) Concurrent Mark From Roots
[6163.905s][info][gc,task        ] GC(962) Using 2 workers of 2 for marking
.[6164.929s][info][gc,marking     ] GC(962) Concurrent Mark From Roots 1023.502ms
[6164.929s][info][gc,marking     ] GC(962) Concurrent Preclean
[6164.929s][info][gc,marking     ] GC(962) Concurrent Preclean 0.158ms
[6164.929s][info][gc,start       ] GC(962) Pause Remark
[6164.932s][info][gc             ] GC(962) Pause Remark 4459M->3883M(8192M) 3.108ms
[6164.932s][info][gc,cpu         ] GC(962) User=0.03s Sys=0.00s Real=0.01s
[6164.932s][info][gc,marking     ] GC(962) Concurrent Mark 1027.134ms
[6164.932s][info][gc,marking     ] GC(962) Concurrent Rebuild Remembered Sets and Scrub Regions
.[6165.782s][info][gc,marking     ] GC(962) Concurrent Rebuild Remembered Sets and Scrub Regions 850.081ms
[6165.783s][info][gc,start       ] GC(962) Pause Cleanup
[6165.783s][info][gc             ] GC(962) Pause Cleanup 5015M->5015M(8192M) 0.271ms
[6165.783s][info][gc,cpu         ] GC(962) User=0.00s Sys=0.00s Real=0.00s
[6165.783s][info][gc,marking     ] GC(962) Concurrent Clear Claimed Marks
[6165.783s][info][gc,marking     ] GC(962) Concurrent Clear Claimed Marks 0.044ms
[6165.783s][info][gc,marking     ] GC(962) Concurrent Cleanup for Next Mark
[6165.795s][info][gc,marking     ] GC(962) Concurrent Cleanup for Next Mark 11.597ms
[6165.795s][info][gc             ] GC(962) Concurrent Mark Cycle 2153.114ms
.[6166.974s][info][gc,start       ] GC(963) Pause Young (Prepare Mixed) (G1 Evacuation Pause)
[6166.974s][info][gc,task        ] GC(963) Using 8 workers of 8 for evacuation
[6167.130s][info][gc,phases      ] GC(963)   Pre Evacuate Collection Set: 0.22ms
[6167.130s][info][gc,phases      ] GC(963)   Merge Heap Roots: 0.81ms
[6167.130s][info][gc,phases      ] GC(963)   Evacuate Collection Set: 153.54ms
[6167.130s][info][gc,phases      ] GC(963)   Post Evacuate Collection Set: 1.12ms
[6167.130s][info][gc,phases      ] GC(963)   Other: 0.07ms
[6167.130s][info][gc,heap        ] GC(963) Eden regions: 541->0(570)
[6167.130s][info][gc,heap        ] GC(963) Survivor regions: 42->44(73)
[6167.130s][info][gc,heap        ] GC(963) Old regions: 242->250
[6167.130s][info][gc,heap        ] GC(963) Humongous regions: 33->33
[6167.130s][info][gc,metaspace   ] GC(963) Metaspace: 30005K(30528K)->30005K(30528K) NonClass: 26607K(26880K)->26607K(26880K) Class: 3397K(3648K)->3397K(3648K)
[6167.130s][info][gc             ] GC(963) Pause Young (Prepare Mixed) (G1 Evacuation Pause) 6847M->2597M(8192M) 155.896ms
[6167.130s][info][gc,cpu         ] GC(963) User=1.23s Sys=0.01s Real=0.15s
...[6170.446s][info][gc,start       ] GC(964) Pause Young (Mixed) (G1 Evacuation Pause)
[6170.446s][info][gc,task        ] GC(964) Using 8 workers of 8 for evacuation
[6170.604s][info][gc,phases      ] GC(964)   Pre Evacuate Collection Set: 0.29ms
[6170.604s][info][gc,phases      ] GC(964)   Merge Heap Roots: 0.83ms
[6170.604s][info][gc,phases      ] GC(964)   Evacuate Collection Set: 154.94ms
[6170.604s][info][gc,phases      ] GC(964)   Post Evacuate Collection Set: 1.26ms
[6170.604s][info][gc,phases      ] GC(964)   Other: 0.07ms
[6170.604s][info][gc,heap        ] GC(964) Eden regions: 570->0(571)
[6170.604s][info][gc,heap        ] GC(964) Survivor regions: 44->43(77)
[6170.604s][info][gc,heap        ] GC(964) Old regions: 250->155
[6170.604s][info][gc,heap        ] GC(964) Humongous regions: 33->33
[6170.604s][info][gc,metaspace   ] GC(964) Metaspace: 30005K(30528K)->30005K(30528K) NonClass: 26607K(26880K)->26607K(26880K) Class: 3397K(3648K)->3397K(3648K)
[6170.604s][info][gc             ] GC(964) Pause Young (Mixed) (G1 Evacuation Pause) 7157M->1831M(8192M) 157.531ms
[6170.604s][info][gc,cpu         ] GC(964) User=1.25s Sys=0.00s Real=0.16s
....[6173.986s][info][gc,start       ] GC(965) Pause Young (Mixed) (G1 Evacuation Pause)
[6173.986s][info][gc,task        ] GC(965) Using 8 workers of 8 for evacuation
[6174.149s][info][gc,phases      ] GC(965)   Pre Evacuate Collection Set: 0.24ms
[6174.149s][info][gc,phases      ] GC(965)   Merge Heap Roots: 0.77ms
[6174.149s][info][gc,phases      ] GC(965)   Evacuate Collection Set: 160.77ms
[6174.149s][info][gc,phases      ] GC(965)   Post Evacuate Collection Set: 1.10ms
[6174.149s][info][gc,phases      ] GC(965)   Other: 0.08ms
[6174.149s][info][gc,heap        ] GC(965) Eden regions: 571->0(570)
[6174.149s][info][gc,heap        ] GC(965) Survivor regions: 43->44(77)
[6174.149s][info][gc,heap        ] GC(965) Old regions: 155->143
[6174.149s][info][gc,heap        ] GC(965) Humongous regions: 33->33
[6174.149s][info][gc,metaspace   ] GC(965) Metaspace: 30005K(30528K)->30005K(30528K) NonClass: 26607K(26880K)->26607K(26880K) Class: 3397K(3648K)->3397K(3648K)
[6174.149s][info][gc             ] GC(965) Pause Young (Mixed) (G1 Evacuation Pause) 6399M->1741M(8192M) 163.079ms
[6174.149s][info][gc,cpu         ] GC(965) User=1.29s Sys=0.00s Real=0.16s
...[6177.591s][info][gc,start       ] GC(966) Pause Young (Normal) (G1 Evacuation Pause)
[6177.591s][info][gc,task        ] GC(966) Using 8 workers of 8 for evacuation
[6177.743s][info][gc,phases      ] GC(966)   Pre Evacuate Collection Set: 0.23ms
[6177.743s][info][gc,phases      ] GC(966)   Merge Heap Roots: 0.56ms
[6177.743s][info][gc,phases      ] GC(966)   Evacuate Collection Set: 149.45ms
[6177.743s][info][gc,phases      ] GC(966)   Post Evacuate Collection Set: 1.06ms
[6177.743s][info][gc,phases      ] GC(966)   Other: 0.06ms
[6177.743s][info][gc,heap        ] GC(966) Eden regions: 570->0(571)
[6177.743s][info][gc,heap        ] GC(966) Survivor regions: 44->43(77)
[6177.743s][info][gc,heap        ] GC(966) Old regions: 143->150
[6177.743s][info][gc,heap        ] GC(966) Humongous regions: 33->33
[6177.743s][info][gc,metaspace   ] GC(966) Metaspace: 30005K(30528K)->30005K(30528K) NonClass: 26607K(26880K)->26607K(26880K) Class: 3397K(3648K)->3397K(3648K)
[6177.743s][info][gc             ] GC(966) Pause Young (Normal) (G1 Evacuation Pause) 6301M->1791M(8192M) 151.490ms
[6177.743s][info][gc,cpu         ] GC(966) User=1.21s Sys=0.00s Real=0.15s
....[6181.182s][info][gc,start       ] GC(967) Pause Young (Normal) (G1 Evacuation Pause)
[6181.182s][info][gc,task        ] GC(967) Using 8 workers of 8 for evacuation
[6181.340s][info][gc,phases      ] GC(967)   Pre Evacuate Collection Set: 0.22ms
[6181.340s][info][gc,phases      ] GC(967)   Merge Heap Roots: 0.54ms
[6181.340s][info][gc,phases      ] GC(967)   Evacuate Collection Set: 156.16ms
[6181.340s][info][gc,phases      ] GC(967)   Post Evacuate Collection Set: 1.07ms
[6181.340s][info][gc,phases      ] GC(967)   Other: 0.06ms
[6181.340s][info][gc,heap        ] GC(967) Eden regions: 571->0(568)
[6181.340s][info][gc,heap        ] GC(967) Survivor regions: 43->46(77)
[6181.340s][info][gc,heap        ] GC(967) Old regions: 150->157
[6181.340s][info][gc,heap        ] GC(967) Humongous regions: 33->33
[6181.340s][info][gc,metaspace   ] GC(967) Metaspace: 30005K(30528K)->30005K(30528K) NonClass: 26607K(26880K)->26607K(26880K) Class: 3397K(3648K)->3397K(3648K)
[6181.340s][info][gc             ] GC(967) Pause Young (Normal) (G1 Evacuation Pause) 6359M->1870M(8192M) 158.194ms
[6181.340s][info][gc,cpu         ] GC(967) User=1.25s Sys=0.00s Real=0.15s
....[6184.763s][info][gc,start       ] GC(968) Pause Young (Normal) (G1 Evacuation Pause)
[6184.763s][info][gc,task        ] GC(968) Using 8 workers of 8 for evacuation
[6184.911s][info][gc,phases      ] GC(968)   Pre Evacuate Collection Set: 0.26ms
[6184.911s][info][gc,phases      ] GC(968)   Merge Heap Roots: 0.54ms
[6184.911s][info][gc,phases      ] GC(968)   Evacuate Collection Set: 146.56ms
[6184.911s][info][gc,phases      ] GC(968)   Post Evacuate Collection Set: 1.07ms
[6184.911s][info][gc,phases      ] GC(968)   Other: 0.06ms
[6184.911s][info][gc,heap        ] GC(968) Eden regions: 568->0(571)
[6184.911s][info][gc,heap        ] GC(968) Survivor regions: 46->43(77)
[6184.911s][info][gc,heap        ] GC(968) Old regions: 157->164
[6184.911s][info][gc,heap        ] GC(968) Humongous regions: 33->33
[6184.911s][info][gc,metaspace   ] GC(968) Metaspace: 30005K(30528K)->30005K(30528K) NonClass: 26607K(26880K)->26607K(26880K) Class: 3397K(3648K)->3397K(3648K)
[6184.911s][info][gc             ] GC(968) Pause Young (Normal) (G1 Evacuation Pause) 6414M->1903M(8192M) 148.645ms
[6184.911s][info][gc,cpu         ] GC(968) User=1.18s Sys=0.00s Real=0.15s
...[6188.351s][info][gc,start       ] GC(969) Pause Young (Normal) (G1 Evacuation Pause)
[6188.351s][info][gc,task        ] GC(969) Using 8 workers of 8 for evacuation
[6188.502s][info][gc,phases      ] GC(969)   Pre Evacuate Collection Set: 0.22ms
[6188.502s][info][gc,phases      ] GC(969)   Merge Heap Roots: 0.57ms
[6188.502s][info][gc,phases      ] GC(969)   Evacuate Collection Set: 149.04ms
[6188.502s][info][gc,phases      ] GC(969)   Post Evacuate Collection Set: 1.03ms
[6188.502s][info][gc,phases      ] GC(969)   Other: 0.07ms
[6188.502s][info][gc,heap        ] GC(969) Eden regions: 571->0(571)
[6188.502s][info][gc,heap        ] GC(969) Survivor regions: 43->43(77)
[6188.502s][info][gc,heap        ] GC(969) Old regions: 164->172
[6188.502s][info][gc,heap        ] GC(969) Humongous regions: 33->33
[6188.502s][info][gc,metaspace   ] GC(969) Metaspace: 30005K(30528K)->30005K(30528K) NonClass: 26607K(26880K)->26607K(26880K) Class: 3397K(3648K)->3397K(3648K)
[6188.502s][info][gc             ] GC(969) Pause Young (Normal) (G1 Evacuation Pause) 6471M->1963M(8192M) 151.053ms
[6188.502s][info][gc,cpu         ] GC(969) User=1.20s Sys=0.00s Real=0.15s
....[6191.928s][info][gc,start       ] GC(970) Pause Young (Normal) (G1 Evacuation Pause)
[6191.928s][info][gc,task        ] GC(970) Using 8 workers of 8 for evacuation
[6192.078s][info][gc,phases      ] GC(970)   Pre Evacuate Collection Set: 0.21ms
[6192.078s][info][gc,phases      ] GC(970)   Merge Heap Roots: 0.54ms
[6192.078s][info][gc,phases      ] GC(970)   Evacuate Collection Set: 148.16ms
[6192.078s][info][gc,phases      ] GC(970)   Post Evacuate Collection Set: 1.02ms
[6192.078s][info][gc,phases      ] GC(970)   Other: 0.06ms
[6192.078s][info][gc,heap        ] GC(970) Eden regions: 571->0(571)
[6192.078s][info][gc,heap        ] GC(970) Survivor regions: 43->43(77)
[6192.078s][info][gc,heap        ] GC(970) Old regions: 172->179
[6192.078s][info][gc,heap        ] GC(970) Humongous regions: 33->33
[6192.078s][info][gc,metaspace   ] GC(970) Metaspace: 30005K(30528K)->30005K(30528K) NonClass: 26607K(26880K)->26607K(26880K) Class: 3397K(3648K)->3397K(3648K)
[6192.078s][info][gc             ] GC(970) Pause Young (Normal) (G1 Evacuation Pause) 6531M->2021M(8192M) 150.131ms
[6192.078s][info][gc,cpu         ] GC(970) User=1.19s Sys=0.00s Real=0.15s
...[6195.463s][info][gc,start       ] GC(971) Pause Young (Normal) (G1 Evacuation Pause)
[6195.463s][info][gc,task        ] GC(971) Using 8 workers of 8 for evacuation
[6195.618s][info][gc,phases      ] GC(971)   Pre Evacuate Collection Set: 0.26ms
[6195.618s][info][gc,phases      ] GC(971)   Merge Heap Roots: 0.57ms
[6195.618s][info][gc,phases      ] GC(971)   Evacuate Collection Set: 152.59ms
[6195.618s][info][gc,phases      ] GC(971)   Post Evacuate Collection Set: 1.05ms
[6195.618s][info][gc,phases      ] GC(971)   Other: 0.07ms
[6195.618s][info][gc,heap        ] GC(971) Eden regions: 571->0(571)
[6195.618s][info][gc,heap        ] GC(971) Survivor regions: 43->43(77)
[6195.618s][info][gc,heap        ] GC(971) Old regions: 179->186
[6195.618s][info][gc,heap        ] GC(971) Humongous regions: 33->33
[6195.618s][info][gc,metaspace   ] GC(971) Metaspace: 30005K(30528K)->30005K(30528K) NonClass: 26607K(26880K)->26607K(26880K) Class: 3397K(3648K)->3397K(3648K)
[6195.618s][info][gc             ] GC(971) Pause Young (Normal) (G1 Evacuation Pause) 6589M->2078M(8192M) 154.654ms
[6195.618s][info][gc,cpu         ] GC(971) User=1.23s Sys=0.00s Real=0.15s
....[6199.140s][info][gc,start       ] GC(972) Pause Young (Normal) (G1 Evacuation Pause)
[6199.140s][info][gc,task        ] GC(972) Using 8 workers of 8 for evacuation
[6199.292s][info][gc,phases      ] GC(972)   Pre Evacuate Collection Set: 0.24ms
[6199.292s][info][gc,phases      ] GC(972)   Merge Heap Roots: 0.58ms
[6199.292s][info][gc,phases      ] GC(972)   Evacuate Collection Set: 149.30ms
[6199.292s][info][gc,phases      ] GC(972)   Post Evacuate Collection Set: 1.06ms
[6199.292s][info][gc,phases      ] GC(972)   Other: 0.07ms
[6199.292s][info][gc,heap        ] GC(972) Eden regions: 571->0(571)
[6199.292s][info][gc,heap        ] GC(972) Survivor regions: 43->43(77)
[6199.292s][info][gc,heap        ] GC(972) Old regions: 186->193
[6199.292s][info][gc,heap        ] GC(972) Humongous regions: 33->33
[6199.292s][info][gc,metaspace   ] GC(972) Metaspace: 30005K(30528K)->30005K(30528K) NonClass: 26607K(26880K)->26607K(26880K) Class: 3397K(3648K)->3397K(3648K)
[6199.292s][info][gc             ] GC(972) Pause Young (Normal) (G1 Evacuation Pause) 6646M->2135M(8192M) 151.385ms
[6199.292s][info][gc,cpu         ] GC(972) User=1.20s Sys=0.00s Real=0.16s
...[6202.710s][info][gc,start       ] GC(973) Pause Young (Normal) (G1 Evacuation Pause)
[6202.710s][info][gc,task        ] GC(973) Using 8 workers of 8 for evacuation
[6202.870s][info][gc,phases      ] GC(973)   Pre Evacuate Collection Set: 0.23ms
[6202.870s][info][gc,phases      ] GC(973)   Merge Heap Roots: 0.55ms
[6202.870s][info][gc,phases      ] GC(973)   Evacuate Collection Set: 158.27ms
[6202.870s][info][gc,phases      ] GC(973)   Post Evacuate Collection Set: 1.07ms
[6202.870s][info][gc,phases      ] GC(973)   Other: 0.06ms
[6202.870s][info][gc,heap        ] GC(973) Eden regions: 571->0(569)
[6202.870s][info][gc,heap        ] GC(973) Survivor regions: 43->45(77)
[6202.870s][info][gc,heap        ] GC(973) Old regions: 193->200
[6202.870s][info][gc,heap        ] GC(973) Humongous regions: 33->33
[6202.870s][info][gc,metaspace   ] GC(973) Metaspace: 30005K(30528K)->30005K(30528K) NonClass: 26607K(26880K)->26607K(26880K) Class: 3397K(3648K)->3397K(3648K)
[6202.870s][info][gc             ] GC(973) Pause Young (Normal) (G1 Evacuation Pause) 6703M->2210M(8192M) 160.320ms
[6202.870s][info][gc,cpu         ] GC(973) User=1.27s Sys=0.00s Real=0.16s
.... (rIR:aIR:PR = 10793:10775:10771) (tPR = 158675) [OK] 
  6205s: Performance info:
         Transaction,    Success,    Partial,     Failed,   Receipts, AvgBarcode, 
             Overall,     648626,          0,          0,     616251,      59.47, 
         Response times:
             Request,    Success,    Partial,     Failed,   SkipFail,     Probes,    Samples,      min,      p50,      p90,      p95,      p99,      max, 
       TotalPurchase,     616506,          0,          0,          0,     356874,     491059,      300,     8100,    56000,    95000,   161000,  2300000,
     InStorePurchase,     326094,          0,          0,          0,     187159,     256973,      300,     8100,    57000,    95000,   161000,  2300000,
      OnlinePurchase,     224995,          0,          0,          0,     131389,     181161,      300,     8200,    55000,    95000,   163000,  2300000,
        InstPurchase,      65417,          0,          0,          0,      38326,      52925,      400,     8000,    57000,    95000,   155000,  2300000,
          AssocOfCat,        649,          0,          0,          0,        540,        859,    32000,    57000,   122000,   183000,   255800,   740000,
      AssocOfProduct,       6366,          0,          0,          0,       3778,       5483,      600,     8700,    52600,    92800,   162160,   465000,
      BusinessReport,       1624,          0,          0,          0,       1461,       2137,    29000,    66000,   128000,   180200,   254860,   479000,
          CustBuyBeh,       6564,          0,          0,          0,       3818,       5460,      400,     8250,    59000,    94000,   146390,   363000,
       ProductReturn,      17175,          0,          0,          0,       9436,      13291,      200,     7500,    54000,    89400,   157000,   720000,

  6205s: (79%)   IR =  10931 [6206.204s][info][gc,start       ] GC(974) Pause Young (Normal) (G1 Evacuation Pause)
[6206.204s][info][gc,task        ] GC(974) Using 8 workers of 8 for evacuation
[6206.359s][info][gc,phases      ] GC(974)   Pre Evacuate Collection Set: 0.23ms
[6206.359s][info][gc,phases      ] GC(974)   Merge Heap Roots: 0.59ms
[6206.359s][info][gc,phases      ] GC(974)   Evacuate Collection Set: 153.28ms
[6206.359s][info][gc,phases      ] GC(974)   Post Evacuate Collection Set: 1.14ms
[6206.359s][info][gc,phases      ] GC(974)   Other: 0.07ms
[6206.359s][info][gc,heap        ] GC(974) Eden regions: 569->0(570)
[6206.359s][info][gc,heap        ] GC(974) Survivor regions: 45->44(77)
[6206.359s][info][gc,heap        ] GC(974) Old regions: 200->207
[6206.359s][info][gc,heap        ] GC(974) Humongous regions: 33->33
[6206.359s][info][gc,metaspace   ] GC(974) Metaspace: 30006K(30528K)->30006K(30528K) NonClass: 26608K(26880K)->26608K(26880K) Class: 3397K(3648K)->3397K(3648K)
[6206.359s][info][gc             ] GC(974) Pause Young (Normal) (G1 Evacuation Pause) 6762M->2255M(8192M) 155.451ms
[6206.359s][info][gc,cpu         ] GC(974) User=1.23s Sys=0.00s Real=0.15s
...[6209.684s][info][gc,start       ] GC(975) Pause Young (Normal) (G1 Evacuation Pause)
[6209.684s][info][gc,task        ] GC(975) Using 8 workers of 8 for evacuation
[6209.837s][info][gc,phases      ] GC(975)   Pre Evacuate Collection Set: 0.24ms
[6209.837s][info][gc,phases      ] GC(975)   Merge Heap Roots: 0.58ms
[6209.837s][info][gc,phases      ] GC(975)   Evacuate Collection Set: 151.28ms
[6209.837s][info][gc,phases      ] GC(975)   Post Evacuate Collection Set: 1.07ms
[6209.837s][info][gc,phases      ] GC(975)   Other: 0.06ms
[6209.837s][info][gc,heap        ] GC(975) Eden regions: 570->0(571)
[6209.837s][info][gc,heap        ] GC(975) Survivor regions: 44->43(77)
[6209.837s][info][gc,heap        ] GC(975) Old regions: 207->214
[6209.837s][info][gc,heap        ] GC(975) Humongous regions: 33->33
[6209.837s][info][gc,metaspace   ] GC(975) Metaspace: 30006K(30528K)->30006K(30528K) NonClass: 26608K(26880K)->26608K(26880K) Class: 3397K(3648K)->3397K(3648K)
[6209.837s][info][gc             ] GC(975) Pause Young (Normal) (G1 Evacuation Pause) 6815M->2303M(8192M) 153.371ms
[6209.837s][info][gc,cpu         ] GC(975) User=1.21s Sys=0.00s Real=0.15s
....[6213.121s][info][gc,start       ] GC(976) Pause Young (Normal) (G1 Evacuation Pause)
[6213.121s][info][gc,task        ] GC(976) Using 8 workers of 8 for evacuation
[6213.274s][info][gc,phases      ] GC(976)   Pre Evacuate Collection Set: 0.23ms
[6213.274s][info][gc,phases      ] GC(976)   Merge Heap Roots: 0.65ms
[6213.274s][info][gc,phases      ] GC(976)   Evacuate Collection Set: 151.66ms
[6213.274s][info][gc,phases      ] GC(976)   Post Evacuate Collection Set: 1.06ms
[6213.274s][info][gc,phases      ] GC(976)   Other: 0.06ms
[6213.274s][info][gc,heap        ] GC(976) Eden regions: 571->0(571)
[6213.274s][info][gc,heap        ] GC(976) Survivor regions: 43->43(77)
[6213.274s][info][gc,heap        ] GC(976) Old regions: 214->222
[6213.274s][info][gc,heap        ] GC(976) Humongous regions: 33->33
[6213.274s][info][gc,metaspace   ] GC(976) Metaspace: 30006K(30528K)->30006K(30528K) NonClass: 26608K(26880K)->26608K(26880K) Class: 3397K(3648K)->3397K(3648K)
[6213.274s][info][gc             ] GC(976) Pause Young (Normal) (G1 Evacuation Pause) 6871M->2365M(8192M) 153.789ms
[6213.274s][info][gc,cpu         ] GC(976) User=1.21s Sys=0.00s Real=0.16s
...[6216.713s][info][gc,start       ] GC(977) Pause Young (Normal) (G1 Evacuation Pause)
[6216.713s][info][gc,task        ] GC(977) Using 8 workers of 8 for evacuation
[6216.865s][info][gc,phases      ] GC(977)   Pre Evacuate Collection Set: 0.24ms
[6216.865s][info][gc,phases      ] GC(977)   Merge Heap Roots: 0.58ms
[6216.865s][info][gc,phases      ] GC(977)   Evacuate Collection Set: 150.20ms
[6216.865s][info][gc,phases      ] GC(977)   Post Evacuate Collection Set: 1.04ms
[6216.865s][info][gc,phases      ] GC(977)   Other: 0.06ms
[6216.865s][info][gc,heap        ] GC(977) Eden regions: 571->0(571)
[6216.865s][info][gc,heap        ] GC(977) Survivor regions: 43->43(77)
[6216.866s][info][gc,heap        ] GC(977) Old regions: 222->229
[6216.866s][info][gc,heap        ] GC(977) Humongous regions: 33->33
[6216.866s][info][gc,metaspace   ] GC(977) Metaspace: 30006K(30528K)->30006K(30528K) NonClass: 26608K(26880K)->26608K(26880K) Class: 3397K(3648K)->3397K(3648K)
[6216.866s][info][gc             ] GC(977) Pause Young (Normal) (G1 Evacuation Pause) 6933M->2422M(8192M) 152.262ms
[6216.866s][info][gc,cpu         ] GC(977) User=1.20s Sys=0.00s Real=0.15s
....[6220.218s][info][gc,start       ] GC(978) Pause Young (Normal) (G1 Evacuation Pause)
[6220.218s][info][gc,task        ] GC(978) Using 8 workers of 8 for evacuation
[6220.374s][info][gc,phases      ] GC(978)   Pre Evacuate Collection Set: 0.25ms
[6220.374s][info][gc,phases      ] GC(978)   Merge Heap Roots: 0.58ms
[6220.374s][info][gc,phases      ] GC(978)   Evacuate Collection Set: 153.16ms
[6220.374s][info][gc,phases      ] GC(978)   Post Evacuate Collection Set: 1.04ms
[6220.374s][info][gc,phases      ] GC(978)   Other: 0.07ms
[6220.374s][info][gc,heap        ] GC(978) Eden regions: 571->0(570)
[6220.374s][info][gc,heap        ] GC(978) Survivor regions: 43->44(77)
[6220.374s][info][gc,heap        ] GC(978) Old regions: 229->236
[6220.374s][info][gc,heap        ] GC(978) Humongous regions: 33->33
[6220.374s][info][gc,metaspace   ] GC(978) Metaspace: 30006K(30528K)->30006K(30528K) NonClass: 26608K(26880K)->26608K(26880K) Class: 3397K(3648K)->3397K(3648K)
[6220.374s][info][gc             ] GC(978) Pause Young (Normal) (G1 Evacuation Pause) 6990M->2483M(8192M) 155.229ms
[6220.374s][info][gc,cpu         ] GC(978) User=1.23s Sys=0.00s Real=0.16s
...|[6223.822s][info][gc,start       ] GC(979) Pause Young (Normal) (G1 Evacuation Pause)
[6223.822s][info][gc,task        ] GC(979) Using 8 workers of 8 for evacuation
[6223.977s][info][gc,phases      ] GC(979)   Pre Evacuate Collection Set: 0.22ms
[6223.977s][info][gc,phases      ] GC(979)   Merge Heap Roots: 0.55ms
[6223.977s][info][gc,phases      ] GC(979)   Evacuate Collection Set: 153.66ms
[6223.977s][info][gc,phases      ] GC(979)   Post Evacuate Collection Set: 1.08ms
[6223.977s][info][gc,phases      ] GC(979)   Other: 0.06ms
[6223.977s][info][gc,heap        ] GC(979) Eden regions: 570->0(570)
[6223.977s][info][gc,heap        ] GC(979) Survivor regions: 44->44(77)
[6223.977s][info][gc,heap        ] GC(979) Old regions: 236->243
[6223.977s][info][gc,heap        ] GC(979) Humongous regions: 33->33
[6223.977s][info][gc,metaspace   ] GC(979) Metaspace: 30006K(30528K)->30006K(30528K) NonClass: 26608K(26880K)->26608K(26880K) Class: 3397K(3648K)->3397K(3648K)
[6223.977s][info][gc             ] GC(979) Pause Young (Normal) (G1 Evacuation Pause) 7043M->2538M(8192M) 155.695ms
[6223.978s][info][gc,cpu         ] GC(979) User=1.23s Sys=0.00s Real=0.15s
....[6227.395s][info][gc,start       ] GC(980) Pause Young (Normal) (G1 Evacuation Pause)
[6227.396s][info][gc,task        ] GC(980) Using 8 workers of 8 for evacuation
[6227.544s][info][gc,phases      ] GC(980)   Pre Evacuate Collection Set: 0.26ms
[6227.544s][info][gc,phases      ] GC(980)   Merge Heap Roots: 0.59ms
[6227.544s][info][gc,phases      ] GC(980)   Evacuate Collection Set: 146.40ms
[6227.544s][info][gc,phases      ] GC(980)   Post Evacuate Collection Set: 1.08ms
[6227.544s][info][gc,phases      ] GC(980)   Other: 0.06ms
[6227.544s][info][gc,heap        ] GC(980) Eden regions: 570->0(571)
[6227.544s][info][gc,heap        ] GC(980) Survivor regions: 44->43(77)
[6227.544s][info][gc,heap        ] GC(980) Old regions: 243->250
[6227.544s][info][gc,heap        ] GC(980) Humongous regions: 33->33
[6227.544s][info][gc,metaspace   ] GC(980) Metaspace: 30006K(30528K)->30006K(30528K) NonClass: 26608K(26880K)->26608K(26880K) Class: 3397K(3648K)->3397K(3648K)
[6227.544s][info][gc             ] GC(980) Pause Young (Normal) (G1 Evacuation Pause) 7098M->2587M(8192M) 148.511ms
[6227.544s][info][gc,cpu         ] GC(980) User=1.17s Sys=0.00s Real=0.15s
...[6230.932s][info][gc,start       ] GC(981) Pause Young (Normal) (G1 Evacuation Pause)
[6230.932s][info][gc,task        ] GC(981) Using 8 workers of 8 for evacuation
[6231.088s][info][gc,phases      ] GC(981)   Pre Evacuate Collection Set: 0.23ms
[6231.088s][info][gc,phases      ] GC(981)   Merge Heap Roots: 0.56ms
[6231.088s][info][gc,phases      ] GC(981)   Evacuate Collection Set: 154.10ms
[6231.088s][info][gc,phases      ] GC(981)   Post Evacuate Collection Set: 1.05ms
[6231.088s][info][gc,phases      ] GC(981)   Other: 0.07ms
[6231.088s][info][gc,heap        ] GC(981) Eden regions: 571->0(570)
[6231.088s][info][gc,heap        ] GC(981) Survivor regions: 43->44(77)
[6231.088s][info][gc,heap        ] GC(981) Old regions: 250->257
[6231.088s][info][gc,heap        ] GC(981) Humongous regions: 33->33
[6231.088s][info][gc,metaspace   ] GC(981) Metaspace: 30006K(30528K)->30006K(30528K) NonClass: 26608K(26880K)->26608K(26880K) Class: 3397K(3648K)->3397K(3648K)
[6231.088s][info][gc             ] GC(981) Pause Young (Normal) (G1 Evacuation Pause) 7155M->2657M(8192M) 156.147ms
[6231.088s][info][gc,cpu         ] GC(981) User=1.23s Sys=0.01s Real=0.15s
....[6234.527s][info][gc,start       ] GC(982) Pause Young (Normal) (G1 Evacuation Pause)
[6234.527s][info][gc,task        ] GC(982) Using 8 workers of 8 for evacuation
[6234.678s][info][gc,phases      ] GC(982)   Pre Evacuate Collection Set: 0.26ms
[6234.678s][info][gc,phases      ] GC(982)   Merge Heap Roots: 0.55ms
[6234.678s][info][gc,phases      ] GC(982)   Evacuate Collection Set: 149.85ms
[6234.678s][info][gc,phases      ] GC(982)   Post Evacuate Collection Set: 1.06ms
[6234.678s][info][gc,phases      ] GC(982)   Other: 0.06ms
[6234.678s][info][gc,heap        ] GC(982) Eden regions: 570->0(571)
[6234.678s][info][gc,heap        ] GC(982) Survivor regions: 44->43(77)
[6234.678s][info][gc,heap        ] GC(982) Old regions: 257->264
[6234.678s][info][gc,heap        ] GC(982) Humongous regions: 33->33
[6234.678s][info][gc,metaspace   ] GC(982) Metaspace: 30006K(30528K)->30006K(30528K) NonClass: 26608K(26880K)->26608K(26880K) Class: 3397K(3648K)->3397K(3648K)
[6234.678s][info][gc             ] GC(982) Pause Young (Normal) (G1 Evacuation Pause) 7217M->2701M(8192M) 151.908ms
[6234.678s][info][gc,cpu         ] GC(982) User=1.20s Sys=0.00s Real=0.15s
...[6237.852s][info][gc,start       ] GC(983) Pause Young (Normal) (G1 Evacuation Pause)
[6237.852s][info][gc,task        ] GC(983) Using 8 workers of 8 for evacuation
[6238.008s][info][gc,phases      ] GC(983)   Pre Evacuate Collection Set: 0.23ms
[6238.008s][info][gc,phases      ] GC(983)   Merge Heap Roots: 0.58ms
[6238.008s][info][gc,phases      ] GC(983)   Evacuate Collection Set: 154.14ms
[6238.008s][info][gc,phases      ] GC(983)   Post Evacuate Collection Set: 1.06ms
[6238.008s][info][gc,phases      ] GC(983)   Other: 0.06ms
[6238.008s][info][gc,heap        ] GC(983) Eden regions: 571->0(570)
[6238.008s][info][gc,heap        ] GC(983) Survivor regions: 43->44(77)
[6238.008s][info][gc,heap        ] GC(983) Old regions: 264->271
[6238.008s][info][gc,heap        ] GC(983) Humongous regions: 33->33
[6238.008s][info][gc,metaspace   ] GC(983) Metaspace: 30006K(30528K)->30006K(30528K) NonClass: 26608K(26880K)->26608K(26880K) Class: 3397K(3648K)->3397K(3648K)
[6238.008s][info][gc             ] GC(983) Pause Young (Normal) (G1 Evacuation Pause) 7269M->2769M(8192M) 156.196ms
[6238.008s][info][gc,cpu         ] GC(983) User=1.24s Sys=0.00s Real=0.15s
....[6241.424s][info][gc,start       ] GC(984) Pause Young (Normal) (G1 Evacuation Pause)
[6241.424s][info][gc,task        ] GC(984) Using 8 workers of 8 for evacuation
[6241.574s][info][gc,phases      ] GC(984)   Pre Evacuate Collection Set: 0.26ms
[6241.574s][info][gc,phases      ] GC(984)   Merge Heap Roots: 0.55ms
[6241.574s][info][gc,phases      ] GC(984)   Evacuate Collection Set: 147.76ms
[6241.574s][info][gc,phases      ] GC(984)   Post Evacuate Collection Set: 1.05ms
[6241.574s][info][gc,phases      ] GC(984)   Other: 0.06ms
[6241.574s][info][gc,heap        ] GC(984) Eden regions: 570->0(572)
[6241.574s][info][gc,heap        ] GC(984) Survivor regions: 44->42(77)
[6241.574s][info][gc,heap        ] GC(984) Old regions: 271->278
[6241.574s][info][gc,heap        ] GC(984) Humongous regions: 33->33
[6241.574s][info][gc,metaspace   ] GC(984) Metaspace: 30006K(30528K)->30006K(30528K) NonClass: 26608K(26880K)->26608K(26880K) Class: 3397K(3648K)->3397K(3648K)
[6241.574s][info][gc             ] GC(984) Pause Young (Normal) (G1 Evacuation Pause) 7329M->2811M(8192M) 149.829ms
[6241.574s][info][gc,cpu         ] GC(984) User=1.19s Sys=0.00s Real=0.15s
...[6244.996s][info][gc,start       ] GC(985) Pause Young (Normal) (G1 Evacuation Pause)
[6244.996s][info][gc,task        ] GC(985) Using 8 workers of 8 for evacuation
[6245.152s][info][gc,phases      ] GC(985)   Pre Evacuate Collection Set: 0.23ms
[6245.152s][info][gc,phases      ] GC(985)   Merge Heap Roots: 0.62ms
[6245.152s][info][gc,phases      ] GC(985)   Evacuate Collection Set: 153.34ms
[6245.152s][info][gc,phases      ] GC(985)   Post Evacuate Collection Set: 1.05ms
[6245.152s][info][gc,phases      ] GC(985)   Other: 0.07ms
[6245.152s][info][gc,heap        ] GC(985) Eden regions: 572->0(564)
[6245.152s][info][gc,heap        ] GC(985) Survivor regions: 42->45(77)
[6245.152s][info][gc,heap        ] GC(985) Old regions: 278->285
[6245.152s][info][gc,heap        ] GC(985) Humongous regions: 33->33
[6245.152s][info][gc,metaspace   ] GC(985) Metaspace: 30006K(30528K)->30006K(30528K) NonClass: 26608K(26880K)->26608K(26880K) Class: 3397K(3648K)->3397K(3648K)
[6245.152s][info][gc             ] GC(985) Pause Young (Normal) (G1 Evacuation Pause) 7387M->2887M(8192M) 155.450ms
[6245.152s][info][gc,cpu         ] GC(985) User=1.23s Sys=0.01s Real=0.16s
....[6248.477s][info][gc,start       ] GC(986) Pause Young (Normal) (G1 Evacuation Pause)
[6248.477s][info][gc,task        ] GC(986) Using 8 workers of 8 for evacuation
[6248.630s][info][gc,phases      ] GC(986)   Pre Evacuate Collection Set: 0.23ms
[6248.630s][info][gc,phases      ] GC(986)   Merge Heap Roots: 0.57ms
[6248.630s][info][gc,phases      ] GC(986)   Evacuate Collection Set: 151.05ms
[6248.630s][info][gc,phases      ] GC(986)   Post Evacuate Collection Set: 1.05ms
[6248.630s][info][gc,phases      ] GC(986)   Other: 0.06ms
[6248.630s][info][gc,heap        ] GC(986) Eden regions: 564->0(559)
[6248.630s][info][gc,heap        ] GC(986) Survivor regions: 45->44(77)
[6248.630s][info][gc,heap        ] GC(986) Old regions: 285->292
[6248.630s][info][gc,heap        ] GC(986) Humongous regions: 33->33
[6248.630s][info][gc,metaspace   ] GC(986) Metaspace: 30006K(30528K)->30006K(30528K) NonClass: 26608K(26880K)->26608K(26880K) Class: 3397K(3648K)->3397K(3648K)
[6248.630s][info][gc             ] GC(986) Pause Young (Normal) (G1 Evacuation Pause) 7399M->2935M(8192M) 153.084ms
[6248.630s][info][gc,cpu         ] GC(986) User=1.21s Sys=0.00s Real=0.15s
...[6251.869s][info][gc,start       ] GC(987) Pause Young (Normal) (G1 Evacuation Pause)
[6251.869s][info][gc,task        ] GC(987) Using 8 workers of 8 for evacuation
[6252.028s][info][gc,phases      ] GC(987)   Pre Evacuate Collection Set: 0.21ms
[6252.028s][info][gc,phases      ] GC(987)   Merge Heap Roots: 0.59ms
[6252.028s][info][gc,phases      ] GC(987)   Evacuate Collection Set: 156.90ms
[6252.028s][info][gc,phases      ] GC(987)   Post Evacuate Collection Set: 1.07ms
[6252.028s][info][gc,phases      ] GC(987)   Other: 0.07ms
[6252.028s][info][gc,heap        ] GC(987) Eden regions: 559->0(549)
[6252.028s][info][gc,heap        ] GC(987) Survivor regions: 44->45(76)
[6252.028s][info][gc,heap        ] GC(987) Old regions: 292->300
[6252.028s][info][gc,heap        ] GC(987) Humongous regions: 33->33
[6252.028s][info][gc,metaspace   ] GC(987) Metaspace: 30006K(30528K)->30006K(30528K) NonClass: 26608K(26880K)->26608K(26880K) Class: 3397K(3648K)->3397K(3648K)
[6252.028s][info][gc             ] GC(987) Pause Young (Normal) (G1 Evacuation Pause) 7407M->3010M(8192M) 158.985ms
[6252.028s][info][gc,cpu         ] GC(987) User=1.26s Sys=0.00s Real=0.16s
....[6255.242s][info][gc,start       ] GC(988) Pause Young (Normal) (G1 Evacuation Pause)
[6255.242s][info][gc,task        ] GC(988) Using 8 workers of 8 for evacuation
[6255.396s][info][gc,phases      ] GC(988)   Pre Evacuate Collection Set: 0.23ms
[6255.396s][info][gc,phases      ] GC(988)   Merge Heap Roots: 0.61ms
[6255.396s][info][gc,phases      ] GC(988)   Evacuate Collection Set: 151.87ms
[6255.396s][info][gc,phases      ] GC(988)   Post Evacuate Collection Set: 1.05ms
[6255.396s][info][gc,phases      ] GC(988)   Other: 0.07ms
[6255.396s][info][gc,heap        ] GC(988) Eden regions: 549->0(546)
[6255.396s][info][gc,heap        ] GC(988) Survivor regions: 45->43(75)
[6255.396s][info][gc,heap        ] GC(988) Old regions: 300->307
[6255.396s][info][gc,heap        ] GC(988) Humongous regions: 33->33
[6255.396s][info][gc,metaspace   ] GC(988) Metaspace: 30006K(30528K)->30006K(30528K) NonClass: 26608K(26880K)->26608K(26880K) Class: 3397K(3648K)->3397K(3648K)
[6255.396s][info][gc             ] GC(988) Pause Young (Normal) (G1 Evacuation Pause) 7402M->3051M(8192M) 153.951ms
[6255.396s][info][gc,cpu         ] GC(988) User=1.22s Sys=0.00s Real=0.15s
...[6258.620s][info][gc,start       ] GC(989) Pause Young (Concurrent Start) (G1 Evacuation Pause)
[6258.620s][info][gc,task        ] GC(989) Using 8 workers of 8 for evacuation
[6258.772s][info][gc,phases      ] GC(989)   Pre Evacuate Collection Set: 0.29ms
[6258.772s][info][gc,phases      ] GC(989)   Merge Heap Roots: 0.58ms
[6258.772s][info][gc,phases      ] GC(989)   Evacuate Collection Set: 149.38ms
[6258.772s][info][gc,phases      ] GC(989)   Post Evacuate Collection Set: 1.01ms
[6258.772s][info][gc,phases      ] GC(989)   Other: 0.08ms
[6258.772s][info][gc,heap        ] GC(989) Eden regions: 546->0(540)
[6258.772s][info][gc,heap        ] GC(989) Survivor regions: 43->42(74)
[6258.772s][info][gc,heap        ] GC(989) Old regions: 307->315
[6258.772s][info][gc,heap        ] GC(989) Humongous regions: 33->33
[6258.772s][info][gc,metaspace   ] GC(989) Metaspace: 30006K(30528K)->30006K(30528K) NonClass: 26608K(26880K)->26608K(26880K) Class: 3397K(3648K)->3397K(3648K)
[6258.772s][info][gc             ] GC(989) Pause Young (Concurrent Start) (G1 Evacuation Pause) 7419M->3103M(8192M) 151.464ms
[6258.772s][info][gc             ] GC(990) Concurrent Mark Cycle
[6258.772s][info][gc,marking     ] GC(990) Concurrent Scan Root Regions
[6258.772s][info][gc,cpu         ] GC(989) User=1.21s Sys=0.00s Real=0.16s
[6259.134s][info][gc,marking     ] GC(990) Concurrent Scan Root Regions 362.487ms
[6259.135s][info][gc,marking     ] GC(990) Concurrent Mark
[6259.135s][info][gc,marking     ] GC(990) Concurrent Mark From Roots
[6259.135s][info][gc,task        ] GC(990) Using 2 workers of 2 for marking
..[6260.293s][info][gc,marking     ] GC(990) Concurrent Mark From Roots 1158.209ms
[6260.293s][info][gc,marking     ] GC(990) Concurrent Preclean
[6260.293s][info][gc,marking     ] GC(990) Concurrent Preclean 0.092ms
[6260.293s][info][gc,start       ] GC(990) Pause Remark
[6260.296s][info][gc             ] GC(990) Pause Remark 4815M->4279M(8192M) 2.827ms
[6260.296s][info][gc,cpu         ] GC(990) User=0.02s Sys=0.00s Real=0.00s
[6260.296s][info][gc,marking     ] GC(990) Concurrent Mark 1161.400ms
[6260.296s][info][gc,marking     ] GC(990) Concurrent Rebuild Remembered Sets and Scrub Regions
[6261.059s][info][gc,marking     ] GC(990) Concurrent Rebuild Remembered Sets and Scrub Regions 762.637ms
[6261.059s][info][gc,start       ] GC(990) Pause Cleanup
[6261.059s][info][gc             ] GC(990) Pause Cleanup 5259M->5259M(8192M) 0.262ms
[6261.059s][info][gc,cpu         ] GC(990) User=0.00s Sys=0.00s Real=0.00s
[6261.059s][info][gc,marking     ] GC(990) Concurrent Clear Claimed Marks
[6261.059s][info][gc,marking     ] GC(990) Concurrent Clear Claimed Marks 0.047ms
[6261.059s][info][gc,marking     ] GC(990) Concurrent Cleanup for Next Mark
[6261.070s][info][gc,marking     ] GC(990) Concurrent Cleanup for Next Mark 11.003ms
[6261.070s][info][gc             ] GC(990) Concurrent Mark Cycle 2298.233ms
.[6262.106s][info][gc,start       ] GC(991) Pause Young (Prepare Mixed) (G1 Evacuation Pause)
[6262.106s][info][gc,task        ] GC(991) Using 8 workers of 8 for evacuation
[6262.260s][info][gc,phases      ] GC(991)   Pre Evacuate Collection Set: 0.24ms
[6262.260s][info][gc,phases      ] GC(991)   Merge Heap Roots: 0.77ms
[6262.260s][info][gc,phases      ] GC(991)   Evacuate Collection Set: 151.28ms
[6262.260s][info][gc,phases      ] GC(991)   Post Evacuate Collection Set: 1.14ms
[6262.260s][info][gc,phases      ] GC(991)   Other: 0.08ms
[6262.260s][info][gc,heap        ] GC(991) Eden regions: 540->0(571)
[6262.260s][info][gc,heap        ] GC(991) Survivor regions: 42->43(73)
[6262.260s][info][gc,heap        ] GC(991) Old regions: 248->255
[6262.260s][info][gc,heap        ] GC(991) Humongous regions: 33->33
[6262.260s][info][gc,metaspace   ] GC(991) Metaspace: 30006K(30528K)->30006K(30528K) NonClass: 26608K(26880K)->26608K(26880K) Class: 3397K(3648K)->3397K(3648K)
[6262.260s][info][gc             ] GC(991) Pause Young (Prepare Mixed) (G1 Evacuation Pause) 6887M->2635M(8192M) 153.637ms
[6262.260s][info][gc,cpu         ] GC(991) User=1.22s Sys=0.00s Real=0.15s
....[6265.473s][info][gc,start       ] GC(992) Pause Young (Mixed) (G1 Evacuation Pause)
[6265.473s][info][gc,task        ] GC(992) Using 8 workers of 8 for evacuation
[6265.629s][info][gc,phases      ] GC(992)   Pre Evacuate Collection Set: 0.25ms
[6265.629s][info][gc,phases      ] GC(992)   Merge Heap Roots: 0.88ms
[6265.629s][info][gc,phases      ] GC(992)   Evacuate Collection Set: 153.71ms
[6265.629s][info][gc,phases      ] GC(992)   Post Evacuate Collection Set: 1.33ms
[6265.629s][info][gc,phases      ] GC(992)   Other: 0.07ms
[6265.629s][info][gc,heap        ] GC(992) Eden regions: 571->0(572)
[6265.629s][info][gc,heap        ] GC(992) Survivor regions: 43->42(77)
[6265.630s][info][gc,heap        ] GC(992) Old regions: 255->161
[6265.630s][info][gc,heap        ] GC(992) Humongous regions: 33->33
[6265.630s][info][gc,metaspace   ] GC(992) Metaspace: 30006K(30528K)->30006K(30528K) NonClass: 26608K(26880K)->26608K(26880K) Class: 3397K(3648K)->3397K(3648K)
[6265.630s][info][gc             ] GC(992) Pause Young (Mixed) (G1 Evacuation Pause) 7203M->1866M(8192M) 156.359ms
[6265.630s][info][gc,cpu         ] GC(992) User=1.24s Sys=0.00s Real=0.15s
...[6269.015s][info][gc,start       ] GC(993) Pause Young (Mixed) (G1 Evacuation Pause)
[6269.015s][info][gc,task        ] GC(993) Using 8 workers of 8 for evacuation
[6269.181s][info][gc,phases      ] GC(993)   Pre Evacuate Collection Set: 0.26ms
[6269.181s][info][gc,phases      ] GC(993)   Merge Heap Roots: 0.88ms
[6269.181s][info][gc,phases      ] GC(993)   Evacuate Collection Set: 164.27ms
[6269.181s][info][gc,phases      ] GC(993)   Post Evacuate Collection Set: 1.14ms
[6269.181s][info][gc,phases      ] GC(993)   Other: 0.07ms
[6269.181s][info][gc,heap        ] GC(993) Eden regions: 572->0(570)
[6269.181s][info][gc,heap        ] GC(993) Survivor regions: 42->44(77)
[6269.181s][info][gc,heap        ] GC(993) Old regions: 161->142
[6269.182s][info][gc,heap        ] GC(993) Humongous regions: 33->33
[6269.182s][info][gc,metaspace   ] GC(993) Metaspace: 30006K(30528K)->30006K(30528K) NonClass: 26608K(26880K)->26608K(26880K) Class: 3397K(3648K)->3397K(3648K)
[6269.182s][info][gc             ] GC(993) Pause Young (Mixed) (G1 Evacuation Pause) 6442M->1737M(8192M) 166.750ms
[6269.182s][info][gc,cpu         ] GC(993) User=1.32s Sys=0.00s Real=0.17s
....[6272.658s][info][gc,start       ] GC(994) Pause Young (Normal) (G1 Evacuation Pause)
[6272.658s][info][gc,task        ] GC(994) Using 8 workers of 8 for evacuation
[6272.815s][info][gc,phases      ] GC(994)   Pre Evacuate Collection Set: 0.22ms
[6272.815s][info][gc,phases      ] GC(994)   Merge Heap Roots: 0.53ms
[6272.815s][info][gc,phases      ] GC(994)   Evacuate Collection Set: 155.04ms
[6272.815s][info][gc,phases      ] GC(994)   Post Evacuate Collection Set: 1.02ms
[6272.815s][info][gc,phases      ] GC(994)   Other: 0.07ms
[6272.815s][info][gc,heap        ] GC(994) Eden regions: 570->0(570)
[6272.815s][info][gc,heap        ] GC(994) Survivor regions: 44->44(77)
[6272.815s][info][gc,heap        ] GC(994) Old regions: 142->150
[6272.815s][info][gc,heap        ] GC(994) Humongous regions: 33->33
[6272.815s][info][gc,metaspace   ] GC(994) Metaspace: 30006K(30528K)->30006K(30528K) NonClass: 26608K(26880K)->26608K(26880K) Class: 3397K(3648K)->3397K(3648K)
[6272.815s][info][gc             ] GC(994) Pause Young (Normal) (G1 Evacuation Pause) 6297M->1793M(8192M) 157.023ms
[6272.815s][info][gc,cpu         ] GC(994) User=1.25s Sys=0.00s Real=0.16s
...[6276.209s][info][gc,start       ] GC(995) Pause Young (Normal) (G1 Evacuation Pause)
[6276.209s][info][gc,task        ] GC(995) Using 8 workers of 8 for evacuation
[6276.363s][info][gc,phases      ] GC(995)   Pre Evacuate Collection Set: 0.26ms
[6276.363s][info][gc,phases      ] GC(995)   Merge Heap Roots: 0.54ms
[6276.363s][info][gc,phases      ] GC(995)   Evacuate Collection Set: 151.93ms
[6276.363s][info][gc,phases      ] GC(995)   Post Evacuate Collection Set: 1.06ms
[6276.363s][info][gc,phases      ] GC(995)   Other: 0.06ms
[6276.363s][info][gc,heap        ] GC(995) Eden regions: 570->0(571)
[6276.363s][info][gc,heap        ] GC(995) Survivor regions: 44->43(77)
[6276.363s][info][gc,heap        ] GC(995) Old regions: 150->157
[6276.363s][info][gc,heap        ] GC(995) Humongous regions: 33->33
[6276.363s][info][gc,metaspace   ] GC(995) Metaspace: 30006K(30528K)->30006K(30528K) NonClass: 26608K(26880K)->26608K(26880K) Class: 3397K(3648K)->3397K(3648K)
[6276.363s][info][gc             ] GC(995) Pause Young (Normal) (G1 Evacuation Pause) 6353M->1848M(8192M) 153.985ms
[6276.363s][info][gc,cpu         ] GC(995) User=1.21s Sys=0.00s Real=0.16s
....[6279.655s][info][gc,start       ] GC(996) Pause Young (Normal) (G1 Evacuation Pause)
[6279.655s][info][gc,task        ] GC(996) Using 8 workers of 8 for evacuation
[6279.807s][info][gc,phases      ] GC(996)   Pre Evacuate Collection Set: 0.25ms
[6279.807s][info][gc,phases      ] GC(996)   Merge Heap Roots: 0.61ms
[6279.807s][info][gc,phases      ] GC(996)   Evacuate Collection Set: 150.17ms
[6279.807s][info][gc,phases      ] GC(996)   Post Evacuate Collection Set: 1.06ms
[6279.807s][info][gc,phases      ] GC(996)   Other: 0.06ms
[6279.807s][info][gc,heap        ] GC(996) Eden regions: 571->0(571)
[6279.807s][info][gc,heap        ] GC(996) Survivor regions: 43->43(77)
[6279.807s][info][gc,heap        ] GC(996) Old regions: 157->164
[6279.807s][info][gc,heap        ] GC(996) Humongous regions: 33->33
[6279.807s][info][gc,metaspace   ] GC(996) Metaspace: 30006K(30528K)->30006K(30528K) NonClass: 26608K(26880K)->26608K(26880K) Class: 3397K(3648K)->3397K(3648K)
[6279.807s][info][gc             ] GC(996) Pause Young (Normal) (G1 Evacuation Pause) 6416M->1905M(8192M) 152.278ms
[6279.807s][info][gc,cpu         ] GC(996) User=1.20s Sys=0.00s Real=0.15s
...[6283.257s][info][gc,start       ] GC(997) Pause Young (Normal) (G1 Evacuation Pause)
[6283.257s][info][gc,task        ] GC(997) Using 8 workers of 8 for evacuation
[6283.411s][info][gc,phases      ] GC(997)   Pre Evacuate Collection Set: 0.26ms
[6283.411s][info][gc,phases      ] GC(997)   Merge Heap Roots: 0.58ms
[6283.411s][info][gc,phases      ] GC(997)   Evacuate Collection Set: 152.41ms
[6283.411s][info][gc,phases      ] GC(997)   Post Evacuate Collection Set: 1.08ms
[6283.411s][info][gc,phases      ] GC(997)   Other: 0.06ms
[6283.411s][info][gc,heap        ] GC(997) Eden regions: 571->0(571)
[6283.411s][info][gc,heap        ] GC(997) Survivor regions: 43->43(77)
[6283.411s][info][gc,heap        ] GC(997) Old regions: 164->171
[6283.411s][info][gc,heap        ] GC(997) Humongous regions: 33->33
[6283.411s][info][gc,metaspace   ] GC(997) Metaspace: 30006K(30528K)->30006K(30528K) NonClass: 26608K(26880K)->26608K(26880K) Class: 3397K(3648K)->3397K(3648K)
[6283.411s][info][gc             ] GC(997) Pause Young (Normal) (G1 Evacuation Pause) 6473M->1962M(8192M) 154.522ms
[6283.411s][info][gc,cpu         ] GC(997) User=1.22s Sys=0.00s Real=0.16s
. (rIR:aIR:PR = 10931:10892:10885) (tPR = 161810) [OK] 
  6283s: Performance info:
         Transaction,    Success,    Partial,     Failed,   Receipts, AvgBarcode, 
             Overall,     657341,          0,          0,     624339,      59.48, 
         Response times:
             Request,    Success,    Partial,     Failed,   SkipFail,     Probes,    Samples,      min,      p50,      p90,      p95,      p99,      max, 
       TotalPurchase,     624667,          0,          0,          0,     353216,     465094,      300,     8600,    66000,   109000,   183000,  3900000,
     InStorePurchase,     327684,          0,          0,          0,     185494,     243867,      300,     8400,    65000,   109000,   182000,  3900000,
      OnlinePurchase,     230331,          0,          0,          0,     129846,     171566,      300,     8700,    65000,   109000,   186000,  2800000,
        InstPurchase,      66652,          0,          0,          0,      37876,      49661,      400,     8900,    68000,   115000,   187000,  2800000,
          AssocOfCat,        654,          0,          0,          0,        546,        854,    35000,    60000,   120000,   162250,   229250,   299000,
      AssocOfProduct,       6606,          0,          0,          0,       3858,       5248,      400,     8200,    66000,   107000,   177510,   820000,
      BusinessReport,       1647,          0,          0,          0,       1479,       2032,    31000,    71000,   148000,   206000,   266010,   472000,
          CustBuyBeh,       6726,          0,          0,          0,       3846,       5291,      700,     8000,    67000,   108000,   175240,   820000,
       ProductReturn,      17456,          0,          0,          0,       9709,      12943,      200,     8100,    64000,   107800,   190000,   820000,

  6283s: (80%)   IR =  11070 ...[6286.815s][info][gc,start       ] GC(998) Pause Young (Normal) (G1 Evacuation Pause)
[6286.815s][info][gc,task        ] GC(998) Using 8 workers of 8 for evacuation
[6286.970s][info][gc,phases      ] GC(998)   Pre Evacuate Collection Set: 0.22ms
[6286.970s][info][gc,phases      ] GC(998)   Merge Heap Roots: 0.55ms
[6286.970s][info][gc,phases      ] GC(998)   Evacuate Collection Set: 152.32ms
[6286.970s][info][gc,phases      ] GC(998)   Post Evacuate Collection Set: 1.11ms
[6286.970s][info][gc,phases      ] GC(998)   Other: 0.06ms
[6286.970s][info][gc,heap        ] GC(998) Eden regions: 571->0(570)
[6286.970s][info][gc,heap        ] GC(998) Survivor regions: 43->44(77)
[6286.970s][info][gc,heap        ] GC(998) Old regions: 171->178
[6286.970s][info][gc,heap        ] GC(998) Humongous regions: 33->33
[6286.970s][info][gc,metaspace   ] GC(998) Metaspace: 30006K(30528K)->30006K(30528K) NonClass: 26608K(26880K)->26608K(26880K) Class: 3397K(3648K)->3397K(3648K)
[6286.970s][info][gc             ] GC(998) Pause Young (Normal) (G1 Evacuation Pause) 6530M->2021M(8192M) 154.405ms
[6286.970s][info][gc,cpu         ] GC(998) User=1.22s Sys=0.00s Real=0.15s
.|..[6290.377s][info][gc,start       ] GC(999) Pause Young (Normal) (G1 Evacuation Pause)
[6290.377s][info][gc,task        ] GC(999) Using 8 workers of 8 for evacuation
[6290.529s][info][gc,phases      ] GC(999)   Pre Evacuate Collection Set: 0.22ms
[6290.529s][info][gc,phases      ] GC(999)   Merge Heap Roots: 0.57ms
[6290.529s][info][gc,phases      ] GC(999)   Evacuate Collection Set: 150.71ms
[6290.529s][info][gc,phases      ] GC(999)   Post Evacuate Collection Set: 1.08ms
[6290.529s][info][gc,phases      ] GC(999)   Other: 0.06ms
[6290.529s][info][gc,heap        ] GC(999) Eden regions: 570->0(572)
[6290.529s][info][gc,heap        ] GC(999) Survivor regions: 44->42(77)
[6290.529s][info][gc,heap        ] GC(999) Old regions: 178->185
[6290.529s][info][gc,heap        ] GC(999) Humongous regions: 33->33
[6290.529s][info][gc,metaspace   ] GC(999) Metaspace: 30006K(30528K)->30006K(30528K) NonClass: 26608K(26880K)->26608K(26880K) Class: 3397K(3648K)->3397K(3648K)
[6290.529s][info][gc             ] GC(999) Pause Young (Normal) (G1 Evacuation Pause) 6581M->2067M(8192M) 152.781ms
[6290.530s][info][gc,cpu         ] GC(999) User=1.21s Sys=0.01s Real=0.15s
....[6293.861s][info][gc,start       ] GC(1000) Pause Young (Normal) (G1 Evacuation Pause)
[6293.861s][info][gc,task        ] GC(1000) Using 8 workers of 8 for evacuation
[6294.018s][info][gc,phases      ] GC(1000)   Pre Evacuate Collection Set: 0.22ms
[6294.018s][info][gc,phases      ] GC(1000)   Merge Heap Roots: 0.54ms
[6294.018s][info][gc,phases      ] GC(1000)   Evacuate Collection Set: 155.12ms
[6294.018s][info][gc,phases      ] GC(1000)   Post Evacuate Collection Set: 1.06ms
[6294.019s][info][gc,phases      ] GC(1000)   Other: 0.07ms
[6294.019s][info][gc,heap        ] GC(1000) Eden regions: 572->0(569)
[6294.019s][info][gc,heap        ] GC(1000) Survivor regions: 42->45(77)
[6294.019s][info][gc,heap        ] GC(1000) Old regions: 185->193
[6294.019s][info][gc,heap        ] GC(1000) Humongous regions: 33->33
[6294.019s][info][gc,metaspace   ] GC(1000) Metaspace: 30006K(30528K)->30006K(30528K) NonClass: 26608K(26880K)->26608K(26880K) Class: 3397K(3648K)->3397K(3648K)
[6294.019s][info][gc             ] GC(1000) Pause Young (Normal) (G1 Evacuation Pause) 6643M->2150M(8192M) 157.141ms
[6294.019s][info][gc,cpu         ] GC(1000) User=1.24s Sys=0.00s Real=0.15s
...[6297.350s][info][gc,start       ] GC(1001) Pause Young (Normal) (G1 Evacuation Pause)
[6297.351s][info][gc,task        ] GC(1001) Using 8 workers of 8 for evacuation
[6297.502s][info][gc,phases      ] GC(1001)   Pre Evacuate Collection Set: 0.23ms
[6297.502s][info][gc,phases      ] GC(1001)   Merge Heap Roots: 0.70ms
[6297.502s][info][gc,phases      ] GC(1001)   Evacuate Collection Set: 149.72ms
[6297.502s][info][gc,phases      ] GC(1001)   Post Evacuate Collection Set: 1.04ms
[6297.502s][info][gc,phases      ] GC(1001)   Other: 0.06ms
[6297.502s][info][gc,heap        ] GC(1001) Eden regions: 569->0(571)
[6297.502s][info][gc,heap        ] GC(1001) Survivor regions: 45->43(77)
[6297.502s][info][gc,heap        ] GC(1001) Old regions: 193->200
[6297.502s][info][gc,heap        ] GC(1001) Humongous regions: 33->33
[6297.502s][info][gc,metaspace   ] GC(1001) Metaspace: 30006K(30528K)->30006K(30528K) NonClass: 26608K(26880K)->26608K(26880K) Class: 3397K(3648K)->3397K(3648K)
[6297.502s][info][gc             ] GC(1001) Pause Young (Normal) (G1 Evacuation Pause) 6702M->2185M(8192M) 151.885ms
[6297.502s][info][gc,cpu         ] GC(1001) User=1.20s Sys=0.00s Real=0.16s
....[6300.834s][info][gc,start       ] GC(1002) Pause Young (Normal) (G1 Evacuation Pause)
[6300.835s][info][gc,task        ] GC(1002) Using 8 workers of 8 for evacuation
[6300.987s][info][gc,phases      ] GC(1002)   Pre Evacuate Collection Set: 0.24ms
[6300.987s][info][gc,phases      ] GC(1002)   Merge Heap Roots: 0.57ms
[6300.987s][info][gc,phases      ] GC(1002)   Evacuate Collection Set: 150.80ms
[6300.987s][info][gc,phases      ] GC(1002)   Post Evacuate Collection Set: 1.06ms
[6300.987s][info][gc,phases      ] GC(1002)   Other: 0.06ms
[6300.987s][info][gc,heap        ] GC(1002) Eden regions: 571->0(571)
[6300.987s][info][gc,heap        ] GC(1002) Survivor regions: 43->43(77)
[6300.987s][info][gc,heap        ] GC(1002) Old regions: 200->207
[6300.987s][info][gc,heap        ] GC(1002) Humongous regions: 33->33
[6300.987s][info][gc,metaspace   ] GC(1002) Metaspace: 30006K(30528K)->30006K(30528K) NonClass: 26608K(26880K)->26608K(26880K) Class: 3397K(3648K)->3397K(3648K)
[6300.987s][info][gc             ] GC(1002) Pause Young (Normal) (G1 Evacuation Pause) 6753M->2246M(8192M) 152.859ms
[6300.987s][info][gc,cpu         ] GC(1002) User=1.21s Sys=0.00s Real=0.15s
...[6304.354s][info][gc,start       ] GC(1003) Pause Young (Normal) (G1 Evacuation Pause)
[6304.354s][info][gc,task        ] GC(1003) Using 8 workers of 8 for evacuation
[6304.509s][info][gc,phases      ] GC(1003)   Pre Evacuate Collection Set: 0.21ms
[6304.509s][info][gc,phases      ] GC(1003)   Merge Heap Roots: 0.54ms
[6304.509s][info][gc,phases      ] GC(1003)   Evacuate Collection Set: 153.07ms
[6304.509s][info][gc,phases      ] GC(1003)   Post Evacuate Collection Set: 1.07ms
[6304.509s][info][gc,phases      ] GC(1003)   Other: 0.07ms
[6304.509s][info][gc,heap        ] GC(1003) Eden regions: 571->0(570)
[6304.509s][info][gc,heap        ] GC(1003) Survivor regions: 43->44(77)
[6304.509s][info][gc,heap        ] GC(1003) Old regions: 207->214
[6304.509s][info][gc,heap        ] GC(1003) Humongous regions: 33->33
[6304.509s][info][gc,metaspace   ] GC(1003) Metaspace: 30006K(30528K)->30006K(30528K) NonClass: 26608K(26880K)->26608K(26880K) Class: 3397K(3648K)->3397K(3648K)
[6304.509s][info][gc             ] GC(1003) Pause Young (Normal) (G1 Evacuation Pause) 6814M->2307M(8192M) 155.117ms
[6304.509s][info][gc,cpu         ] GC(1003) User=1.22s Sys=0.00s Real=0.15s
....[6307.730s][info][gc,start       ] GC(1004) Pause Young (Normal) (G1 Evacuation Pause)
[6307.731s][info][gc,task        ] GC(1004) Using 8 workers of 8 for evacuation
[6307.887s][info][gc,phases      ] GC(1004)   Pre Evacuate Collection Set: 0.23ms
[6307.887s][info][gc,phases      ] GC(1004)   Merge Heap Roots: 0.53ms
[6307.887s][info][gc,phases      ] GC(1004)   Evacuate Collection Set: 155.01ms
[6307.887s][info][gc,phases      ] GC(1004)   Post Evacuate Collection Set: 1.06ms
[6307.887s][info][gc,phases      ] GC(1004)   Other: 0.06ms
[6307.887s][info][gc,heap        ] GC(1004) Eden regions: 570->0(570)
[6307.887s][info][gc,heap        ] GC(1004) Survivor regions: 44->44(77)
[6307.887s][info][gc,heap        ] GC(1004) Old regions: 214->221
[6307.887s][info][gc,heap        ] GC(1004) Humongous regions: 33->33
[6307.887s][info][gc,metaspace   ] GC(1004) Metaspace: 30006K(30528K)->30006K(30528K) NonClass: 26608K(26880K)->26608K(26880K) Class: 3397K(3648K)->3397K(3648K)
[6307.888s][info][gc             ] GC(1004) Pause Young (Normal) (G1 Evacuation Pause) 6867M->2369M(8192M) 157.020ms
[6307.888s][info][gc,cpu         ] GC(1004) User=1.24s Sys=0.00s Real=0.16s
...[6311.124s][info][gc,start       ] GC(1005) Pause Young (Normal) (G1 Evacuation Pause)
[6311.124s][info][gc,task        ] GC(1005) Using 8 workers of 8 for evacuation
[6311.279s][info][gc,phases      ] GC(1005)   Pre Evacuate Collection Set: 0.22ms
[6311.279s][info][gc,phases      ] GC(1005)   Merge Heap Roots: 0.62ms
[6311.279s][info][gc,phases      ] GC(1005)   Evacuate Collection Set: 153.06ms
[6311.279s][info][gc,phases      ] GC(1005)   Post Evacuate Collection Set: 1.07ms
[6311.279s][info][gc,phases      ] GC(1005)   Other: 0.07ms
[6311.279s][info][gc,heap        ] GC(1005) Eden regions: 570->0(570)
[6311.279s][info][gc,heap        ] GC(1005) Survivor regions: 44->44(77)
[6311.279s][info][gc,heap        ] GC(1005) Old regions: 221->228
[6311.279s][info][gc,heap        ] GC(1005) Humongous regions: 33->33
[6311.279s][info][gc,metaspace   ] GC(1005) Metaspace: 30006K(30528K)->30006K(30528K) NonClass: 26608K(26880K)->26608K(26880K) Class: 3397K(3648K)->3397K(3648K)
[6311.279s][info][gc             ] GC(1005) Pause Young (Normal) (G1 Evacuation Pause) 6929M->2423M(8192M) 155.161ms
[6311.279s][info][gc,cpu         ] GC(1005) User=1.22s Sys=0.00s Real=0.15s
....[6314.658s][info][gc,start       ] GC(1006) Pause Young (Normal) (G1 Evacuation Pause)
[6314.658s][info][gc,task        ] GC(1006) Using 8 workers of 8 for evacuation
[6314.811s][info][gc,phases      ] GC(1006)   Pre Evacuate Collection Set: 0.23ms
[6314.811s][info][gc,phases      ] GC(1006)   Merge Heap Roots: 0.69ms
[6314.811s][info][gc,phases      ] GC(1006)   Evacuate Collection Set: 150.95ms
[6314.811s][info][gc,phases      ] GC(1006)   Post Evacuate Collection Set: 1.07ms
[6314.811s][info][gc,phases      ] GC(1006)   Other: 0.06ms
[6314.811s][info][gc,heap        ] GC(1006) Eden regions: 570->0(572)
[6314.811s][info][gc,heap        ] GC(1006) Survivor regions: 44->42(77)
[6314.811s][info][gc,heap        ] GC(1006) Old regions: 228->236
[6314.811s][info][gc,heap        ] GC(1006) Humongous regions: 33->33
[6314.811s][info][gc,metaspace   ] GC(1006) Metaspace: 30006K(30528K)->30006K(30528K) NonClass: 26608K(26880K)->26608K(26880K) Class: 3397K(3648K)->3397K(3648K)
[6314.811s][info][gc             ] GC(1006) Pause Young (Normal) (G1 Evacuation Pause) 6983M->2470M(8192M) 153.130ms
[6314.811s][info][gc,cpu         ] GC(1006) User=1.21s Sys=0.00s Real=0.16s
...[6318.197s][info][gc,start       ] GC(1007) Pause Young (Normal) (G1 Evacuation Pause)
[6318.197s][info][gc,task        ] GC(1007) Using 8 workers of 8 for evacuation
[6318.354s][info][gc,phases      ] GC(1007)   Pre Evacuate Collection Set: 0.26ms
[6318.354s][info][gc,phases      ] GC(1007)   Merge Heap Roots: 0.64ms
[6318.354s][info][gc,phases      ] GC(1007)   Evacuate Collection Set: 155.24ms
[6318.354s][info][gc,phases      ] GC(1007)   Post Evacuate Collection Set: 1.07ms
[6318.354s][info][gc,phases      ] GC(1007)   Other: 0.06ms
[6318.354s][info][gc,heap        ] GC(1007) Eden regions: 572->0(570)
[6318.354s][info][gc,heap        ] GC(1007) Survivor regions: 42->44(77)
[6318.354s][info][gc,heap        ] GC(1007) Old regions: 236->243
[6318.354s][info][gc,heap        ] GC(1007) Humongous regions: 33->33
[6318.354s][info][gc,metaspace   ] GC(1007) Metaspace: 30006K(30528K)->30006K(30528K) NonClass: 26608K(26880K)->26608K(26880K) Class: 3397K(3648K)->3397K(3648K)
[6318.355s][info][gc             ] GC(1007) Pause Young (Normal) (G1 Evacuation Pause) 7046M->2543M(8192M) 157.427ms
[6318.355s][info][gc,cpu         ] GC(1007) User=1.24s Sys=0.00s Real=0.16s
...[6321.613s][info][gc,start       ] GC(1008) Pause Young (Normal) (G1 Evacuation Pause)
[6321.613s][info][gc,task        ] GC(1008) Using 8 workers of 8 for evacuation
[6321.769s][info][gc,phases      ] GC(1008)   Pre Evacuate Collection Set: 0.26ms
[6321.769s][info][gc,phases      ] GC(1008)   Merge Heap Roots: 0.56ms
[6321.769s][info][gc,phases      ] GC(1008)   Evacuate Collection Set: 154.00ms
[6321.769s][info][gc,phases      ] GC(1008)   Post Evacuate Collection Set: 1.04ms
[6321.769s][info][gc,phases      ] GC(1008)   Other: 0.06ms
[6321.769s][info][gc,heap        ] GC(1008) Eden regions: 570->0(570)
[6321.769s][info][gc,heap        ] GC(1008) Survivor regions: 44->44(77)
[6321.769s][info][gc,heap        ] GC(1008) Old regions: 243->250
[6321.769s][info][gc,heap        ] GC(1008) Humongous regions: 33->33
[6321.769s][info][gc,metaspace   ] GC(1008) Metaspace: 30006K(30528K)->30006K(30528K) NonClass: 26608K(26880K)->26608K(26880K) Class: 3397K(3648K)->3397K(3648K)
[6321.769s][info][gc             ] GC(1008) Pause Young (Normal) (G1 Evacuation Pause) 7103M->2597M(8192M) 156.070ms
[6321.769s][info][gc,cpu         ] GC(1008) User=1.24s Sys=0.00s Real=0.15s
....[6325.106s][info][gc,start       ] GC(1009) Pause Young (Normal) (G1 Evacuation Pause)
[6325.106s][info][gc,task        ] GC(1009) Using 8 workers of 8 for evacuation
[6325.265s][info][gc,phases      ] GC(1009)   Pre Evacuate Collection Set: 0.21ms
[6325.265s][info][gc,phases      ] GC(1009)   Merge Heap Roots: 0.56ms
[6325.265s][info][gc,phases      ] GC(1009)   Evacuate Collection Set: 157.20ms
[6325.265s][info][gc,phases      ] GC(1009)   Post Evacuate Collection Set: 1.10ms
[6325.265s][info][gc,phases      ] GC(1009)   Other: 0.06ms
[6325.265s][info][gc,heap        ] GC(1009) Eden regions: 570->0(569)
[6325.265s][info][gc,heap        ] GC(1009) Survivor regions: 44->45(77)
[6325.265s][info][gc,heap        ] GC(1009) Old regions: 250->257
[6325.265s][info][gc,heap        ] GC(1009) Humongous regions: 33->33
[6325.265s][info][gc,metaspace   ] GC(1009) Metaspace: 30006K(30528K)->30006K(30528K) NonClass: 26608K(26880K)->26608K(26880K) Class: 3397K(3648K)->3397K(3648K)
[6325.265s][info][gc             ] GC(1009) Pause Young (Normal) (G1 Evacuation Pause) 7157M->2663M(8192M) 159.251ms
[6325.265s][info][gc,cpu         ] GC(1009) User=1.26s Sys=0.00s Real=0.16s
...[6328.465s][info][gc,start       ] GC(1010) Pause Young (Normal) (G1 Evacuation Pause)
[6328.465s][info][gc,task        ] GC(1010) Using 8 workers of 8 for evacuation
[6328.619s][info][gc,phases      ] GC(1010)   Pre Evacuate Collection Set: 0.22ms
[6328.619s][info][gc,phases      ] GC(1010)   Merge Heap Roots: 0.55ms
[6328.619s][info][gc,phases      ] GC(1010)   Evacuate Collection Set: 151.86ms
[6328.619s][info][gc,phases      ] GC(1010)   Post Evacuate Collection Set: 1.07ms
[6328.619s][info][gc,phases      ] GC(1010)   Other: 0.07ms
[6328.619s][info][gc,heap        ] GC(1010) Eden regions: 569->0(570)
[6328.619s][info][gc,heap        ] GC(1010) Survivor regions: 45->44(77)
[6328.619s][info][gc,heap        ] GC(1010) Old regions: 257->264
[6328.619s][info][gc,heap        ] GC(1010) Humongous regions: 33->33
[6328.619s][info][gc,metaspace   ] GC(1010) Metaspace: 30006K(30528K)->30006K(30528K) NonClass: 26608K(26880K)->26608K(26880K) Class: 3397K(3648K)->3397K(3648K)
[6328.619s][info][gc             ] GC(1010) Pause Young (Normal) (G1 Evacuation Pause) 7215M->2709M(8192M) 153.925ms
[6328.619s][info][gc,cpu         ] GC(1010) User=1.22s Sys=0.00s Real=0.15s
....[6331.976s][info][gc,start       ] GC(1011) Pause Young (Normal) (G1 Evacuation Pause)
[6331.976s][info][gc,task        ] GC(1011) Using 8 workers of 8 for evacuation
[6332.133s][info][gc,phases      ] GC(1011)   Pre Evacuate Collection Set: 0.26ms
[6332.133s][info][gc,phases      ] GC(1011)   Merge Heap Roots: 0.56ms
[6332.133s][info][gc,phases      ] GC(1011)   Evacuate Collection Set: 155.45ms
[6332.133s][info][gc,phases      ] GC(1011)   Post Evacuate Collection Set: 1.08ms
[6332.133s][info][gc,phases      ] GC(1011)   Other: 0.06ms
[6332.133s][info][gc,heap        ] GC(1011) Eden regions: 570->0(570)
[6332.133s][info][gc,heap        ] GC(1011) Survivor regions: 44->44(77)
[6332.133s][info][gc,heap        ] GC(1011) Old regions: 264->272
[6332.133s][info][gc,heap        ] GC(1011) Humongous regions: 33->33
[6332.133s][info][gc,metaspace   ] GC(1011) Metaspace: 30006K(30528K)->30006K(30528K) NonClass: 26608K(26880K)->26608K(26880K) Class: 3397K(3648K)->3397K(3648K)
[6332.133s][info][gc             ] GC(1011) Pause Young (Normal) (G1 Evacuation Pause) 7269M->2774M(8192M) 157.550ms
[6332.133s][info][gc,cpu         ] GC(1011) User=1.25s Sys=0.00s Real=0.16s
...[6335.467s][info][gc,start       ] GC(1012) Pause Young (Normal) (G1 Evacuation Pause)
[6335.467s][info][gc,task        ] GC(1012) Using 8 workers of 8 for evacuation
[6335.622s][info][gc,phases      ] GC(1012)   Pre Evacuate Collection Set: 0.22ms
[6335.622s][info][gc,phases      ] GC(1012)   Merge Heap Roots: 0.59ms
[6335.622s][info][gc,phases      ] GC(1012)   Evacuate Collection Set: 153.41ms
[6335.622s][info][gc,phases      ] GC(1012)   Post Evacuate Collection Set: 1.07ms
[6335.622s][info][gc,phases      ] GC(1012)   Other: 0.07ms
[6335.622s][info][gc,heap        ] GC(1012) Eden regions: 570->0(571)
[6335.622s][info][gc,heap        ] GC(1012) Survivor regions: 44->43(77)
[6335.622s][info][gc,heap        ] GC(1012) Old regions: 272->279
[6335.622s][info][gc,heap        ] GC(1012) Humongous regions: 33->33
[6335.622s][info][gc,metaspace   ] GC(1012) Metaspace: 30006K(30528K)->30006K(30528K) NonClass: 26608K(26880K)->26608K(26880K) Class: 3397K(3648K)->3397K(3648K)
[6335.622s][info][gc             ] GC(1012) Pause Young (Normal) (G1 Evacuation Pause) 7334M->2826M(8192M) 155.495ms
[6335.622s][info][gc,cpu         ] GC(1012) User=1.23s Sys=0.00s Real=0.16s
....[6338.974s][info][gc,start       ] GC(1013) Pause Young (Normal) (G1 Evacuation Pause)
[6338.974s][info][gc,task        ] GC(1013) Using 8 workers of 8 for evacuation
[6339.129s][info][gc,phases      ] GC(1013)   Pre Evacuate Collection Set: 0.21ms
[6339.129s][info][gc,phases      ] GC(1013)   Merge Heap Roots: 0.59ms
[6339.129s][info][gc,phases      ] GC(1013)   Evacuate Collection Set: 152.68ms
[6339.129s][info][gc,phases      ] GC(1013)   Post Evacuate Collection Set: 1.05ms
[6339.129s][info][gc,phases      ] GC(1013)   Other: 0.06ms
[6339.129s][info][gc,heap        ] GC(1013) Eden regions: 571->0(567)
[6339.129s][info][gc,heap        ] GC(1013) Survivor regions: 43->43(77)
[6339.129s][info][gc,heap        ] GC(1013) Old regions: 279->286
[6339.129s][info][gc,heap        ] GC(1013) Humongous regions: 33->33
[6339.129s][info][gc,metaspace   ] GC(1013) Metaspace: 30006K(30528K)->30006K(30528K) NonClass: 26608K(26880K)->26608K(26880K) Class: 3397K(3648K)->3397K(3648K)
[6339.129s][info][gc             ] GC(1013) Pause Young (Normal) (G1 Evacuation Pause) 7394M->2882M(8192M) 154.716ms
[6339.129s][info][gc,cpu         ] GC(1013) User=1.23s Sys=0.00s Real=0.15s
...[6342.366s][info][gc,start       ] GC(1014) Pause Young (Normal) (G1 Evacuation Pause)
[6342.366s][info][gc,task        ] GC(1014) Using 8 workers of 8 for evacuation
[6342.521s][info][gc,phases      ] GC(1014)   Pre Evacuate Collection Set: 0.22ms
[6342.521s][info][gc,phases      ] GC(1014)   Merge Heap Roots: 0.56ms
[6342.521s][info][gc,phases      ] GC(1014)   Evacuate Collection Set: 152.63ms
[6342.521s][info][gc,phases      ] GC(1014)   Post Evacuate Collection Set: 1.06ms
[6342.521s][info][gc,phases      ] GC(1014)   Other: 0.06ms
[6342.521s][info][gc,heap        ] GC(1014) Eden regions: 567->0(560)
[6342.521s][info][gc,heap        ] GC(1014) Survivor regions: 43->43(77)
[6342.521s][info][gc,heap        ] GC(1014) Old regions: 286->293
[6342.521s][info][gc,heap        ] GC(1014) Humongous regions: 33->33
[6342.521s][info][gc,metaspace   ] GC(1014) Metaspace: 30006K(30528K)->30006K(30528K) NonClass: 26608K(26880K)->26608K(26880K) Class: 3397K(3648K)->3397K(3648K)
[6342.521s][info][gc             ] GC(1014) Pause Young (Normal) (G1 Evacuation Pause) 7418M->2939M(8192M) 154.657ms
[6342.521s][info][gc,cpu         ] GC(1014) User=1.23s Sys=0.00s Real=0.16s
...[6345.749s][info][gc,start       ] GC(1015) Pause Young (Normal) (G1 Evacuation Pause)
[6345.749s][info][gc,task        ] GC(1015) Using 8 workers of 8 for evacuation
[6345.901s][info][gc,phases      ] GC(1015)   Pre Evacuate Collection Set: 0.22ms
[6345.901s][info][gc,phases      ] GC(1015)   Merge Heap Roots: 0.53ms
[6345.901s][info][gc,phases      ] GC(1015)   Evacuate Collection Set: 150.05ms
[6345.901s][info][gc,phases      ] GC(1015)   Post Evacuate Collection Set: 1.05ms
[6345.901s][info][gc,phases      ] GC(1015)   Other: 0.07ms
[6345.901s][info][gc,heap        ] GC(1015) Eden regions: 560->0(552)
[6345.901s][info][gc,heap        ] GC(1015) Survivor regions: 43->43(76)
[6345.901s][info][gc,heap        ] GC(1015) Old regions: 293->301
[6345.901s][info][gc,heap        ] GC(1015) Humongous regions: 33->33
[6345.901s][info][gc,metaspace   ] GC(1015) Metaspace: 30006K(30528K)->30006K(30528K) NonClass: 26608K(26880K)->26608K(26880K) Class: 3397K(3648K)->3397K(3648K)
[6345.901s][info][gc             ] GC(1015) Pause Young (Normal) (G1 Evacuation Pause) 7419M->2993M(8192M) 152.048ms
[6345.901s][info][gc,cpu         ] GC(1015) User=1.21s Sys=0.00s Real=0.15s
... (rIR:aIR:PR = 11070:11120:11120) (tPR = 166270) [OK] 
  6347s: Performance info:
         Transaction,    Success,    Partial,     Failed,   Receipts, AvgBarcode, 
             Overall,     670202,          0,          0,     636568,      59.48, 
         Response times:
             Request,    Success,    Partial,     Failed,   SkipFail,     Probes,    Samples,      min,      p50,      p90,      p95,      p99,      max, 
       TotalPurchase,     636644,          0,          0,          0,     355972,     386760,      300,     9100,    52000,    88000,   151000,   980000,
     InStorePurchase,     333137,          0,          0,          0,     187392,     203620,      400,     9200,    52000,    87000,   145000,   980000,
      OnlinePurchase,     237093,          0,          0,          0,     131250,     142464,      300,     9100,    53000,    90000,   156000,   980000,
        InstPurchase,      66414,          0,          0,          0,      37330,      40676,      400,     9000,    53000,    87000,   155000,   980000,
          AssocOfCat,        669,          0,          0,          0,        544,        672,    32000,    61000,   123000,   177000,   232000,   680000,
      AssocOfProduct,       6797,          0,          0,          0,       3971,       4506,      900,     9300,    55000,    91000,   157860,   920000,
      BusinessReport,       1665,          0,          0,          0,       1486,       1745,    33000,    71000,   126000,   167400,   230000,   471000,
          CustBuyBeh,       6756,          0,          0,          0,       3958,       4496,      200,     9200,    53000,    92000,   164030,   481000,
       ProductReturn,      17665,          0,          0,          0,       9886,      10983,      200,     9000,    51000,    91000,   159000,   610000,

  6347s: (81%)   IR =  11208 .[6349.072s][info][gc,start       ] GC(1016) Pause Young (Normal) (G1 Evacuation Pause)
[6349.072s][info][gc,task        ] GC(1016) Using 8 workers of 8 for evacuation
[6349.224s][info][gc,phases      ] GC(1016)   Pre Evacuate Collection Set: 0.24ms
[6349.224s][info][gc,phases      ] GC(1016)   Merge Heap Roots: 0.64ms
[6349.224s][info][gc,phases      ] GC(1016)   Evacuate Collection Set: 150.11ms
[6349.224s][info][gc,phases      ] GC(1016)   Post Evacuate Collection Set: 1.08ms
[6349.224s][info][gc,phases      ] GC(1016)   Other: 0.07ms
[6349.224s][info][gc,heap        ] GC(1016) Eden regions: 552->0(545)
[6349.224s][info][gc,heap        ] GC(1016) Survivor regions: 43->43(75)
[6349.224s][info][gc,heap        ] GC(1016) Old regions: 301->308
[6349.224s][info][gc,heap        ] GC(1016) Humongous regions: 33->33
[6349.224s][info][gc,metaspace   ] GC(1016) Metaspace: 30006K(30528K)->30006K(30528K) NonClass: 26608K(26880K)->26608K(26880K) Class: 3397K(3648K)->3397K(3648K)
[6349.224s][info][gc             ] GC(1016) Pause Young (Normal) (G1 Evacuation Pause) 7409M->3054M(8192M) 152.282ms
[6349.224s][info][gc,cpu         ] GC(1016) User=1.20s Sys=0.00s Real=0.15s
...[6352.336s][info][gc,start       ] GC(1017) Pause Young (Concurrent Start) (G1 Evacuation Pause)
[6352.336s][info][gc,task        ] GC(1017) Using 8 workers of 8 for evacuation
[6352.489s][info][gc,phases      ] GC(1017)   Pre Evacuate Collection Set: 0.28ms
[6352.489s][info][gc,phases      ] GC(1017)   Merge Heap Roots: 0.56ms
[6352.489s][info][gc,phases      ] GC(1017)   Evacuate Collection Set: 150.61ms
[6352.489s][info][gc,phases      ] GC(1017)   Post Evacuate Collection Set: 1.06ms
[6352.489s][info][gc,phases      ] GC(1017)   Other: 0.08ms
[6352.489s][info][gc,heap        ] GC(1017) Eden regions: 545->0(538)
[6352.489s][info][gc,heap        ] GC(1017) Survivor regions: 43->43(74)
[6352.489s][info][gc,heap        ] GC(1017) Old regions: 308->315
[6352.489s][info][gc,heap        ] GC(1017) Humongous regions: 33->33
[6352.489s][info][gc,metaspace   ] GC(1017) Metaspace: 30006K(30528K)->30006K(30528K) NonClass: 26608K(26880K)->26608K(26880K) Class: 3397K(3648K)->3397K(3648K)
[6352.489s][info][gc             ] GC(1017) Pause Young (Concurrent Start) (G1 Evacuation Pause) 7414M->3111M(8192M) 152.722ms
[6352.489s][info][gc             ] GC(1018) Concurrent Mark Cycle
[6352.489s][info][gc,marking     ] GC(1018) Concurrent Scan Root Regions
[6352.489s][info][gc,cpu         ] GC(1017) User=1.21s Sys=0.00s Real=0.15s
[6352.836s][info][gc,marking     ] GC(1018) Concurrent Scan Root Regions 346.866ms
[6352.836s][info][gc,marking     ] GC(1018) Concurrent Mark
[6352.836s][info][gc,marking     ] GC(1018) Concurrent Mark From Roots
[6352.836s][info][gc,task        ] GC(1018) Using 2 workers of 2 for marking
..[6354.311s][info][gc,marking     ] GC(1018) Concurrent Mark From Roots 1474.610ms
[6354.311s][info][gc,marking     ] GC(1018) Concurrent Preclean
[6354.311s][info][gc,marking     ] GC(1018) Concurrent Preclean 0.154ms
[6354.311s][info][gc,start       ] GC(1018) Pause Remark
[6354.315s][info][gc             ] GC(1018) Pause Remark 5160M->4568M(8192M) 3.735ms
[6354.315s][info][gc,cpu         ] GC(1018) User=0.03s Sys=0.00s Real=0.00s
[6354.315s][info][gc,marking     ] GC(1018) Concurrent Mark 1478.778ms
[6354.315s][info][gc,marking     ] GC(1018) Concurrent Rebuild Remembered Sets and Scrub Regions
.[6355.207s][info][gc,marking     ] GC(1018) Concurrent Rebuild Remembered Sets and Scrub Regions 892.197ms
[6355.207s][info][gc,start       ] GC(1018) Pause Cleanup
[6355.208s][info][gc             ] GC(1018) Pause Cleanup 5747M->5747M(8192M) 0.244ms
[6355.208s][info][gc,cpu         ] GC(1018) User=0.00s Sys=0.00s Real=0.00s
[6355.208s][info][gc,marking     ] GC(1018) Concurrent Clear Claimed Marks
[6355.208s][info][gc,marking     ] GC(1018) Concurrent Clear Claimed Marks 0.047ms
[6355.208s][info][gc,marking     ] GC(1018) Concurrent Cleanup for Next Mark
[6355.219s][info][gc,marking     ] GC(1018) Concurrent Cleanup for Next Mark 11.682ms
[6355.219s][info][gc             ] GC(1018) Concurrent Mark Cycle 2730.230ms
[6355.883s][info][gc,start       ] GC(1019) Pause Young (Prepare Mixed) (G1 Evacuation Pause)
[6355.883s][info][gc,task        ] GC(1019) Using 8 workers of 8 for evacuation
[6356.037s][info][gc,phases      ] GC(1019)   Pre Evacuate Collection Set: 0.21ms
[6356.037s][info][gc,phases      ] GC(1019)   Merge Heap Roots: 0.79ms
[6356.037s][info][gc,phases      ] GC(1019)   Evacuate Collection Set: 151.04ms
[6356.037s][info][gc,phases      ] GC(1019)   Post Evacuate Collection Set: 1.15ms
[6356.037s][info][gc,phases      ] GC(1019)   Other: 0.07ms
[6356.037s][info][gc,heap        ] GC(1019) Eden regions: 538->0(570)
[6356.037s][info][gc,heap        ] GC(1019) Survivor regions: 43->44(73)
[6356.037s][info][gc,heap        ] GC(1019) Old regions: 241->249
[6356.037s][info][gc,heap        ] GC(1019) Humongous regions: 33->33
[6356.037s][info][gc,metaspace   ] GC(1019) Metaspace: 30006K(30528K)->30006K(30528K) NonClass: 26608K(26880K)->26608K(26880K) Class: 3397K(3648K)->3397K(3648K)
[6356.037s][info][gc             ] GC(1019) Pause Young (Prepare Mixed) (G1 Evacuation Pause) 6823M->2589M(8192M) 153.401ms
[6356.037s][info][gc,cpu         ] GC(1019) User=1.22s Sys=0.01s Real=0.15s
...[6358.856s][info][gc,start       ] GC(1020) Pause Young (Mixed) (G1 Evacuation Pause)
[6358.856s][info][gc,task        ] GC(1020) Using 8 workers of 8 for evacuation
[6359.018s][info][gc,phases      ] GC(1020)   Pre Evacuate Collection Set: 0.29ms
[6359.018s][info][gc,phases      ] GC(1020)   Merge Heap Roots: 0.98ms
[6359.018s][info][gc,phases      ] GC(1020)   Evacuate Collection Set: 159.29ms
[6359.018s][info][gc,phases      ] GC(1020)   Post Evacuate Collection Set: 1.30ms
[6359.018s][info][gc,phases      ] GC(1020)   Other: 0.07ms
[6359.018s][info][gc,heap        ] GC(1020) Eden regions: 570->0(571)
[6359.018s][info][gc,heap        ] GC(1020) Survivor regions: 44->43(77)
[6359.018s][info][gc,heap        ] GC(1020) Old regions: 249->155
[6359.018s][info][gc,heap        ] GC(1020) Humongous regions: 33->33
[6359.018s][info][gc,metaspace   ] GC(1020) Metaspace: 30006K(30528K)->30006K(30528K) NonClass: 26608K(26880K)->26608K(26880K) Class: 3397K(3648K)->3397K(3648K)
[6359.018s][info][gc             ] GC(1020) Pause Young (Mixed) (G1 Evacuation Pause) 7149M->1829M(8192M) 162.065ms
[6359.018s][info][gc,cpu         ] GC(1020) User=1.28s Sys=0.00s Real=0.16s
....[6362.228s][info][gc,start       ] GC(1021) Pause Young (Mixed) (G1 Evacuation Pause)
[6362.228s][info][gc,task        ] GC(1021) Using 8 workers of 8 for evacuation
[6362.404s][info][gc,phases      ] GC(1021)   Pre Evacuate Collection Set: 0.22ms
[6362.404s][info][gc,phases      ] GC(1021)   Merge Heap Roots: 0.89ms
[6362.404s][info][gc,phases      ] GC(1021)   Evacuate Collection Set: 173.31ms
[6362.404s][info][gc,phases      ] GC(1021)   Post Evacuate Collection Set: 1.09ms
[6362.404s][info][gc,phases      ] GC(1021)   Other: 0.07ms
[6362.404s][info][gc,heap        ] GC(1021) Eden regions: 571->0(568)
[6362.404s][info][gc,heap        ] GC(1021) Survivor regions: 43->46(77)
[6362.404s][info][gc,heap        ] GC(1021) Old regions: 155->143
[6362.404s][info][gc,heap        ] GC(1021) Humongous regions: 33->33
[6362.404s][info][gc,metaspace   ] GC(1021) Metaspace: 30006K(30528K)->30006K(30528K) NonClass: 26608K(26880K)->26608K(26880K) Class: 3397K(3648K)->3397K(3648K)
[6362.404s][info][gc             ] GC(1021) Pause Young (Mixed) (G1 Evacuation Pause) 6397M->1755M(8192M) 175.718ms
[6362.404s][info][gc,cpu         ] GC(1021) User=1.39s Sys=0.00s Real=0.18s
...[6365.807s][info][gc,start       ] GC(1022) Pause Young (Normal) (G1 Evacuation Pause)
[6365.807s][info][gc,task        ] GC(1022) Using 8 workers of 8 for evacuation
[6365.959s][info][gc,phases      ] GC(1022)   Pre Evacuate Collection Set: 0.23ms
[6365.959s][info][gc,phases      ] GC(1022)   Merge Heap Roots: 0.53ms
[6365.959s][info][gc,phases      ] GC(1022)   Evacuate Collection Set: 150.66ms
[6365.959s][info][gc,phases      ] GC(1022)   Post Evacuate Collection Set: 1.05ms
[6365.959s][info][gc,phases      ] GC(1022)   Other: 0.07ms
[6365.959s][info][gc,heap        ] GC(1022) Eden regions: 568->0(571)
[6365.959s][info][gc,heap        ] GC(1022) Survivor regions: 46->43(77)
[6365.959s][info][gc,heap        ] GC(1022) Old regions: 143->150
[6365.959s][info][gc,heap        ] GC(1022) Humongous regions: 33->33
[6365.959s][info][gc,metaspace   ] GC(1022) Metaspace: 30006K(30528K)->30006K(30528K) NonClass: 26608K(26880K)->26608K(26880K) Class: 3397K(3648K)->3397K(3648K)
[6365.959s][info][gc             ] GC(1022) Pause Young (Normal) (G1 Evacuation Pause) 6299M->1795M(8192M) 152.681ms
[6365.959s][info][gc,cpu         ] GC(1022) User=1.21s Sys=0.00s Real=0.15s
..|..[6369.346s][info][gc,start       ] GC(1023) Pause Young (Normal) (G1 Evacuation Pause)
[6369.346s][info][gc,task        ] GC(1023) Using 8 workers of 8 for evacuation
[6369.496s][info][gc,phases      ] GC(1023)   Pre Evacuate Collection Set: 0.23ms
[6369.496s][info][gc,phases      ] GC(1023)   Merge Heap Roots: 0.56ms
[6369.496s][info][gc,phases      ] GC(1023)   Evacuate Collection Set: 147.89ms
[6369.496s][info][gc,phases      ] GC(1023)   Post Evacuate Collection Set: 1.06ms
[6369.496s][info][gc,phases      ] GC(1023)   Other: 0.06ms
[6369.496s][info][gc,heap        ] GC(1023) Eden regions: 571->0(571)
[6369.496s][info][gc,heap        ] GC(1023) Survivor regions: 43->43(77)
[6369.496s][info][gc,heap        ] GC(1023) Old regions: 150->158
[6369.496s][info][gc,heap        ] GC(1023) Humongous regions: 33->33
[6369.496s][info][gc,metaspace   ] GC(1023) Metaspace: 30006K(30528K)->30006K(30528K) NonClass: 26608K(26880K)->26608K(26880K) Class: 3397K(3648K)->3397K(3648K)
[6369.496s][info][gc             ] GC(1023) Pause Young (Normal) (G1 Evacuation Pause) 6363M->1854M(8192M) 149.935ms
[6369.496s][info][gc,cpu         ] GC(1023) User=1.18s Sys=0.00s Real=0.15s
...[6372.806s][info][gc,start       ] GC(1024) Pause Young (Normal) (G1 Evacuation Pause)
[6372.806s][info][gc,task        ] GC(1024) Using 8 workers of 8 for evacuation
[6372.960s][info][gc,phases      ] GC(1024)   Pre Evacuate Collection Set: 0.26ms
[6372.960s][info][gc,phases      ] GC(1024)   Merge Heap Roots: 0.62ms
[6372.960s][info][gc,phases      ] GC(1024)   Evacuate Collection Set: 151.48ms
[6372.960s][info][gc,phases      ] GC(1024)   Post Evacuate Collection Set: 1.04ms
[6372.960s][info][gc,phases      ] GC(1024)   Other: 0.08ms
[6372.960s][info][gc,heap        ] GC(1024) Eden regions: 571->0(571)
[6372.960s][info][gc,heap        ] GC(1024) Survivor regions: 43->43(77)
[6372.960s][info][gc,heap        ] GC(1024) Old regions: 158->165
[6372.960s][info][gc,heap        ] GC(1024) Humongous regions: 33->33
[6372.960s][info][gc,metaspace   ] GC(1024) Metaspace: 30006K(30528K)->30006K(30528K) NonClass: 26608K(26880K)->26608K(26880K) Class: 3397K(3648K)->3397K(3648K)
[6372.960s][info][gc             ] GC(1024) Pause Young (Normal) (G1 Evacuation Pause) 6422M->1910M(8192M) 153.596ms
[6372.960s][info][gc,cpu         ] GC(1024) User=1.22s Sys=0.00s Real=0.15s
....[6376.143s][info][gc,start       ] GC(1025) Pause Young (Normal) (G1 Evacuation Pause)
[6376.143s][info][gc,task        ] GC(1025) Using 8 workers of 8 for evacuation
[6376.306s][info][gc,phases      ] GC(1025)   Pre Evacuate Collection Set: 0.23ms
[6376.306s][info][gc,phases      ] GC(1025)   Merge Heap Roots: 0.55ms
[6376.306s][info][gc,phases      ] GC(1025)   Evacuate Collection Set: 160.60ms
[6376.306s][info][gc,phases      ] GC(1025)   Post Evacuate Collection Set: 1.03ms
[6376.306s][info][gc,phases      ] GC(1025)   Other: 0.07ms
[6376.306s][info][gc,heap        ] GC(1025) Eden regions: 571->0(568)
[6376.306s][info][gc,heap        ] GC(1025) Survivor regions: 43->46(77)
[6376.306s][info][gc,heap        ] GC(1025) Old regions: 165->172
[6376.306s][info][gc,heap        ] GC(1025) Humongous regions: 33->33
[6376.306s][info][gc,metaspace   ] GC(1025) Metaspace: 30006K(30528K)->30006K(30528K) NonClass: 26608K(26880K)->26608K(26880K) Class: 3397K(3648K)->3397K(3648K)
[6376.306s][info][gc             ] GC(1025) Pause Young (Normal) (G1 Evacuation Pause) 6478M->1987M(8192M) 162.615ms
[6376.306s][info][gc,cpu         ] GC(1025) User=1.29s Sys=0.00s Real=0.16s
...[6379.599s][info][gc,start       ] GC(1026) Pause Young (Normal) (G1 Evacuation Pause)
[6379.599s][info][gc,task        ] GC(1026) Using 8 workers of 8 for evacuation
[6379.759s][info][gc,phases      ] GC(1026)   Pre Evacuate Collection Set: 0.20ms
[6379.759s][info][gc,phases      ] GC(1026)   Merge Heap Roots: 0.53ms
[6379.759s][info][gc,phases      ] GC(1026)   Evacuate Collection Set: 158.25ms
[6379.759s][info][gc,phases      ] GC(1026)   Post Evacuate Collection Set: 1.06ms
[6379.759s][info][gc,phases      ] GC(1026)   Other: 0.06ms
[6379.759s][info][gc,heap        ] GC(1026) Eden regions: 568->0(569)
[6379.759s][info][gc,heap        ] GC(1026) Survivor regions: 46->45(77)
[6379.759s][info][gc,heap        ] GC(1026) Old regions: 172->179
[6379.759s][info][gc,heap        ] GC(1026) Humongous regions: 33->33
[6379.759s][info][gc,metaspace   ] GC(1026) Metaspace: 30006K(30528K)->30006K(30528K) NonClass: 26608K(26880K)->26608K(26880K) Class: 3397K(3648K)->3397K(3648K)
[6379.759s][info][gc             ] GC(1026) Pause Young (Normal) (G1 Evacuation Pause) 6531M->2039M(8192M) 160.235ms
[6379.759s][info][gc,cpu         ] GC(1026) User=1.27s Sys=0.00s Real=0.16s
...[6383.019s][info][gc,start       ] GC(1027) Pause Young (Normal) (G1 Evacuation Pause)
[6383.019s][info][gc,task        ] GC(1027) Using 8 workers of 8 for evacuation
[6383.173s][info][gc,phases      ] GC(1027)   Pre Evacuate Collection Set: 0.25ms
[6383.173s][info][gc,phases      ] GC(1027)   Merge Heap Roots: 0.56ms
[6383.173s][info][gc,phases      ] GC(1027)   Evacuate Collection Set: 152.58ms
[6383.173s][info][gc,phases      ] GC(1027)   Post Evacuate Collection Set: 1.06ms
[6383.173s][info][gc,phases      ] GC(1027)   Other: 0.06ms
[6383.173s][info][gc,heap        ] GC(1027) Eden regions: 569->0(571)
[6383.173s][info][gc,heap        ] GC(1027) Survivor regions: 45->43(77)
[6383.173s][info][gc,heap        ] GC(1027) Old regions: 179->186
[6383.173s][info][gc,heap        ] GC(1027) Humongous regions: 33->33
[6383.173s][info][gc,metaspace   ] GC(1027) Metaspace: 30006K(30528K)->30006K(30528K) NonClass: 26608K(26880K)->26608K(26880K) Class: 3397K(3648K)->3397K(3648K)
[6383.173s][info][gc             ] GC(1027) Pause Young (Normal) (G1 Evacuation Pause) 6591M->2082M(8192M) 154.637ms
[6383.173s][info][gc,cpu         ] GC(1027) User=1.22s Sys=0.00s Real=0.16s
....[6386.472s][info][gc,start       ] GC(1028) Pause Young (Normal) (G1 Evacuation Pause)
[6386.472s][info][gc,task        ] GC(1028) Using 8 workers of 8 for evacuation
[6386.623s][info][gc,phases      ] GC(1028)   Pre Evacuate Collection Set: 0.22ms
[6386.623s][info][gc,phases      ] GC(1028)   Merge Heap Roots: 0.55ms
[6386.623s][info][gc,phases      ] GC(1028)   Evacuate Collection Set: 148.30ms
[6386.623s][info][gc,phases      ] GC(1028)   Post Evacuate Collection Set: 1.07ms
[6386.623s][info][gc,phases      ] GC(1028)   Other: 0.06ms
[6386.623s][info][gc,heap        ] GC(1028) Eden regions: 571->0(572)
[6386.623s][info][gc,heap        ] GC(1028) Survivor regions: 43->42(77)
[6386.623s][info][gc,heap        ] GC(1028) Old regions: 186->193
[6386.623s][info][gc,heap        ] GC(1028) Humongous regions: 33->33
[6386.623s][info][gc,metaspace   ] GC(1028) Metaspace: 30006K(30528K)->30006K(30528K) NonClass: 26608K(26880K)->26608K(26880K) Class: 3397K(3648K)->3397K(3648K)
[6386.623s][info][gc             ] GC(1028) Pause Young (Normal) (G1 Evacuation Pause) 6650M->2131M(8192M) 150.329ms
[6386.623s][info][gc,cpu         ] GC(1028) User=1.20s Sys=0.00s Real=0.15s
...[6389.944s][info][gc,start       ] GC(1029) Pause Young (Normal) (G1 Evacuation Pause)
[6389.945s][info][gc,task        ] GC(1029) Using 8 workers of 8 for evacuation
[6390.099s][info][gc,phases      ] GC(1029)   Pre Evacuate Collection Set: 0.21ms
[6390.099s][info][gc,phases      ] GC(1029)   Merge Heap Roots: 0.54ms
[6390.099s][info][gc,phases      ] GC(1029)   Evacuate Collection Set: 152.88ms
[6390.099s][info][gc,phases      ] GC(1029)   Post Evacuate Collection Set: 1.03ms
[6390.099s][info][gc,phases      ] GC(1029)   Other: 0.06ms
[6390.099s][info][gc,heap        ] GC(1029) Eden regions: 572->0(571)
[6390.099s][info][gc,heap        ] GC(1029) Survivor regions: 42->43(77)
[6390.099s][info][gc,heap        ] GC(1029) Old regions: 193->200
[6390.099s][info][gc,heap        ] GC(1029) Humongous regions: 33->33
[6390.099s][info][gc,metaspace   ] GC(1029) Metaspace: 30006K(30528K)->30006K(30528K) NonClass: 26608K(26880K)->26608K(26880K) Class: 3397K(3648K)->3397K(3648K)
[6390.099s][info][gc             ] GC(1029) Pause Young (Normal) (G1 Evacuation Pause) 6707M->2195M(8192M) 154.861ms
[6390.099s][info][gc,cpu         ] GC(1029) User=1.23s Sys=0.00s Real=0.15s
....[6393.401s][info][gc,start       ] GC(1030) Pause Young (Normal) (G1 Evacuation Pause)
[6393.401s][info][gc,task        ] GC(1030) Using 8 workers of 8 for evacuation
[6393.554s][info][gc,phases      ] GC(1030)   Pre Evacuate Collection Set: 0.27ms
[6393.554s][info][gc,phases      ] GC(1030)   Merge Heap Roots: 0.61ms
[6393.554s][info][gc,phases      ] GC(1030)   Evacuate Collection Set: 151.16ms
[6393.554s][info][gc,phases      ] GC(1030)   Post Evacuate Collection Set: 1.06ms
[6393.554s][info][gc,phases      ] GC(1030)   Other: 0.06ms
[6393.554s][info][gc,heap        ] GC(1030) Eden regions: 571->0(571)
[6393.554s][info][gc,heap        ] GC(1030) Survivor regions: 43->43(77)
[6393.554s][info][gc,heap        ] GC(1030) Old regions: 200->207
[6393.554s][info][gc,heap        ] GC(1030) Humongous regions: 33->33
[6393.554s][info][gc,metaspace   ] GC(1030) Metaspace: 30006K(30528K)->30006K(30528K) NonClass: 26608K(26880K)->26608K(26880K) Class: 3397K(3648K)->3397K(3648K)
[6393.554s][info][gc             ] GC(1030) Pause Young (Normal) (G1 Evacuation Pause) 6763M->2247M(8192M) 153.293ms
[6393.554s][info][gc,cpu         ] GC(1030) User=1.21s Sys=0.00s Real=0.16s
...[6396.759s][info][gc,start       ] GC(1031) Pause Young (Normal) (G1 Evacuation Pause)
[6396.759s][info][gc,task        ] GC(1031) Using 8 workers of 8 for evacuation
[6396.917s][info][gc,phases      ] GC(1031)   Pre Evacuate Collection Set: 0.22ms
[6396.917s][info][gc,phases      ] GC(1031)   Merge Heap Roots: 0.56ms
[6396.917s][info][gc,phases      ] GC(1031)   Evacuate Collection Set: 156.41ms
[6396.917s][info][gc,phases      ] GC(1031)   Post Evacuate Collection Set: 1.06ms
[6396.917s][info][gc,phases      ] GC(1031)   Other: 0.06ms
[6396.917s][info][gc,heap        ] GC(1031) Eden regions: 571->0(569)
[6396.917s][info][gc,heap        ] GC(1031) Survivor regions: 43->45(77)
[6396.917s][info][gc,heap        ] GC(1031) Old regions: 207->214
[6396.917s][info][gc,heap        ] GC(1031) Humongous regions: 33->33
[6396.917s][info][gc,metaspace   ] GC(1031) Metaspace: 30006K(30528K)->30006K(30528K) NonClass: 26608K(26880K)->26608K(26880K) Class: 3397K(3648K)->3397K(3648K)
[6396.917s][info][gc             ] GC(1031) Pause Young (Normal) (G1 Evacuation Pause) 6815M->2319M(8192M) 158.434ms
[6396.917s][info][gc,cpu         ] GC(1031) User=1.25s Sys=0.00s Real=0.16s
...[6400.115s][info][gc,start       ] GC(1032) Pause Young (Normal) (G1 Evacuation Pause)
[6400.115s][info][gc,task        ] GC(1032) Using 8 workers of 8 for evacuation
[6400.271s][info][gc,phases      ] GC(1032)   Pre Evacuate Collection Set: 0.23ms
[6400.271s][info][gc,phases      ] GC(1032)   Merge Heap Roots: 0.56ms
[6400.271s][info][gc,phases      ] GC(1032)   Evacuate Collection Set: 153.93ms
[6400.271s][info][gc,phases      ] GC(1032)   Post Evacuate Collection Set: 1.06ms
[6400.271s][info][gc,phases      ] GC(1032)   Other: 0.06ms
[6400.271s][info][gc,heap        ] GC(1032) Eden regions: 569->0(570)
[6400.271s][info][gc,heap        ] GC(1032) Survivor regions: 45->44(77)
[6400.271s][info][gc,heap        ] GC(1032) Old regions: 214->222
[6400.271s][info][gc,heap        ] GC(1032) Humongous regions: 33->33
[6400.271s][info][gc,metaspace   ] GC(1032) Metaspace: 30006K(30528K)->30006K(30528K) NonClass: 26608K(26880K)->26608K(26880K) Class: 3397K(3648K)->3397K(3648K)
[6400.271s][info][gc             ] GC(1032) Pause Young (Normal) (G1 Evacuation Pause) 6871M->2369M(8192M) 156.000ms
[6400.271s][info][gc,cpu         ] GC(1032) User=1.23s Sys=0.00s Real=0.16s
....[6403.511s][info][gc,start       ] GC(1033) Pause Young (Normal) (G1 Evacuation Pause)
[6403.511s][info][gc,task        ] GC(1033) Using 8 workers of 8 for evacuation
[6403.665s][info][gc,phases      ] GC(1033)   Pre Evacuate Collection Set: 0.21ms
[6403.665s][info][gc,phases      ] GC(1033)   Merge Heap Roots: 0.57ms
[6403.665s][info][gc,phases      ] GC(1033)   Evacuate Collection Set: 151.61ms
[6403.665s][info][gc,phases      ] GC(1033)   Post Evacuate Collection Set: 1.09ms
[6403.665s][info][gc,phases      ] GC(1033)   Other: 0.07ms
[6403.665s][info][gc,heap        ] GC(1033) Eden regions: 570->0(570)
[6403.665s][info][gc,heap        ] GC(1033) Survivor regions: 44->44(77)
[6403.665s][info][gc,heap        ] GC(1033) Old regions: 222->228
[6403.665s][info][gc,heap        ] GC(1033) Humongous regions: 33->33
[6403.665s][info][gc,metaspace   ] GC(1033) Metaspace: 30006K(30528K)->30006K(30528K) NonClass: 26608K(26880K)->26608K(26880K) Class: 3397K(3648K)->3397K(3648K)
[6403.665s][info][gc             ] GC(1033) Pause Young (Normal) (G1 Evacuation Pause) 6929M->2423M(8192M) 153.687ms
[6403.665s][info][gc,cpu         ] GC(1033) User=1.21s Sys=0.00s Real=0.15s
...[6406.853s][info][gc,start       ] GC(1034) Pause Young (Normal) (G1 Evacuation Pause)
[6406.853s][info][gc,task        ] GC(1034) Using 8 workers of 8 for evacuation
[6407.006s][info][gc,phases      ] GC(1034)   Pre Evacuate Collection Set: 0.27ms
[6407.006s][info][gc,phases      ] GC(1034)   Merge Heap Roots: 0.69ms
[6407.006s][info][gc,phases      ] GC(1034)   Evacuate Collection Set: 150.78ms
[6407.006s][info][gc,phases      ] GC(1034)   Post Evacuate Collection Set: 1.06ms
[6407.006s][info][gc,phases      ] GC(1034)   Other: 0.06ms
[6407.006s][info][gc,heap        ] GC(1034) Eden regions: 570->0(571)
[6407.006s][info][gc,heap        ] GC(1034) Survivor regions: 44->43(77)
[6407.006s][info][gc,heap        ] GC(1034) Old regions: 228->236
[6407.006s][info][gc,heap        ] GC(1034) Humongous regions: 33->33
[6407.006s][info][gc,metaspace   ] GC(1034) Metaspace: 30006K(30528K)->30006K(30528K) NonClass: 26608K(26880K)->26608K(26880K) Class: 3397K(3648K)->3397K(3648K)
[6407.006s][info][gc             ] GC(1034) Pause Young (Normal) (G1 Evacuation Pause) 6983M->2477M(8192M) 152.979ms
[6407.006s][info][gc,cpu         ] GC(1034) User=1.21s Sys=0.00s Real=0.15s
....[6410.299s][info][gc,start       ] GC(1035) Pause Young (Normal) (G1 Evacuation Pause)
[6410.299s][info][gc,task        ] GC(1035) Using 8 workers of 8 for evacuation
[6410.456s][info][gc,phases      ] GC(1035)   Pre Evacuate Collection Set: 0.22ms
[6410.456s][info][gc,phases      ] GC(1035)   Merge Heap Roots: 0.55ms
[6410.456s][info][gc,phases      ] GC(1035)   Evacuate Collection Set: 154.64ms
[6410.456s][info][gc,phases      ] GC(1035)   Post Evacuate Collection Set: 1.10ms
[6410.456s][info][gc,phases      ] GC(1035)   Other: 0.06ms
[6410.456s][info][gc,heap        ] GC(1035) Eden regions: 571->0(570)
[6410.456s][info][gc,heap        ] GC(1035) Survivor regions: 43->44(77)
[6410.456s][info][gc,heap        ] GC(1035) Old regions: 236->243
[6410.456s][info][gc,heap        ] GC(1035) Humongous regions: 33->33
[6410.456s][info][gc,metaspace   ] GC(1035) Metaspace: 30006K(30528K)->30006K(30528K) NonClass: 26608K(26880K)->26608K(26880K) Class: 3397K(3648K)->3397K(3648K)
[6410.456s][info][gc             ] GC(1035) Pause Young (Normal) (G1 Evacuation Pause) 7045M->2543M(8192M) 156.719ms
[6410.456s][info][gc,cpu         ] GC(1035) User=1.24s Sys=0.00s Real=0.16s
...[6413.788s][info][gc,start       ] GC(1036) Pause Young (Normal) (G1 Evacuation Pause)
[6413.788s][info][gc,task        ] GC(1036) Using 8 workers of 8 for evacuation
[6413.940s][info][gc,phases      ] GC(1036)   Pre Evacuate Collection Set: 0.22ms
[6413.940s][info][gc,phases      ] GC(1036)   Merge Heap Roots: 0.58ms
[6413.940s][info][gc,phases      ] GC(1036)   Evacuate Collection Set: 149.98ms
[6413.940s][info][gc,phases      ] GC(1036)   Post Evacuate Collection Set: 1.08ms
[6413.940s][info][gc,phases      ] GC(1036)   Other: 0.06ms
[6413.940s][info][gc,heap        ] GC(1036) Eden regions: 570->0(571)
[6413.940s][info][gc,heap        ] GC(1036) Survivor regions: 44->43(77)
[6413.940s][info][gc,heap        ] GC(1036) Old regions: 243->250
[6413.940s][info][gc,heap        ] GC(1036) Humongous regions: 33->33
[6413.940s][info][gc,metaspace   ] GC(1036) Metaspace: 30006K(30528K)->30006K(30528K) NonClass: 26608K(26880K)->26608K(26880K) Class: 3397K(3648K)->3397K(3648K)
[6413.940s][info][gc             ] GC(1036) Pause Young (Normal) (G1 Evacuation Pause) 7103M->2594M(8192M) 152.074ms
[6413.940s][info][gc,cpu         ] GC(1036) User=1.20s Sys=0.00s Real=0.15s
...[6417.244s][info][gc,start       ] GC(1037) Pause Young (Normal) (G1 Evacuation Pause)
[6417.244s][info][gc,task        ] GC(1037) Using 8 workers of 8 for evacuation
[6417.398s][info][gc,phases      ] GC(1037)   Pre Evacuate Collection Set: 0.23ms
[6417.398s][info][gc,phases      ] GC(1037)   Merge Heap Roots: 0.56ms
[6417.398s][info][gc,phases      ] GC(1037)   Evacuate Collection Set: 152.17ms
[6417.398s][info][gc,phases      ] GC(1037)   Post Evacuate Collection Set: 1.08ms
[6417.398s][info][gc,phases      ] GC(1037)   Other: 0.06ms
[6417.398s][info][gc,heap        ] GC(1037) Eden regions: 571->0(571)
[6417.398s][info][gc,heap        ] GC(1037) Survivor regions: 43->43(77)
[6417.398s][info][gc,heap        ] GC(1037) Old regions: 250->258
[6417.398s][info][gc,heap        ] GC(1037) Humongous regions: 33->33
[6417.398s][info][gc,metaspace   ] GC(1037) Metaspace: 30006K(30528K)->30006K(30528K) NonClass: 26608K(26880K)->26608K(26880K) Class: 3397K(3648K)->3397K(3648K)
[6417.398s][info][gc             ] GC(1037) Pause Young (Normal) (G1 Evacuation Pause) 7162M->2653M(8192M) 154.217ms
[6417.398s][info][gc,cpu         ] GC(1037) User=1.22s Sys=0.00s Real=0.15s
....[6420.798s][info][gc,start       ] GC(1038) Pause Young (Normal) (G1 Evacuation Pause)
[6420.798s][info][gc,task        ] GC(1038) Using 8 workers of 8 for evacuation
[6420.948s][info][gc,phases      ] GC(1038)   Pre Evacuate Collection Set: 0.23ms
[6420.948s][info][gc,phases      ] GC(1038)   Merge Heap Roots: 0.56ms
[6420.948s][info][gc,phases      ] GC(1038)   Evacuate Collection Set: 148.84ms
[6420.948s][info][gc,phases      ] GC(1038)   Post Evacuate Collection Set: 1.08ms
[6420.948s][info][gc,phases      ] GC(1038)   Other: 0.06ms
[6420.949s][info][gc,heap        ] GC(1038) Eden regions: 571->0(571)
[6420.949s][info][gc,heap        ] GC(1038) Survivor regions: 43->43(77)
[6420.949s][info][gc,heap        ] GC(1038) Old regions: 258->265
[6420.949s][info][gc,heap        ] GC(1038) Humongous regions: 33->33
[6420.949s][info][gc,metaspace   ] GC(1038) Metaspace: 30006K(30528K)->30006K(30528K) NonClass: 26608K(26880K)->26608K(26880K) Class: 3397K(3648K)->3397K(3648K)
[6420.949s][info][gc             ] GC(1038) Pause Young (Normal) (G1 Evacuation Pause) 7221M->2709M(8192M) 150.902ms
[6420.949s][info][gc,cpu         ] GC(1038) User=1.20s Sys=0.00s Real=0.15s
...[6424.237s][info][gc,start       ] GC(1039) Pause Young (Normal) (G1 Evacuation Pause)
[6424.237s][info][gc,task        ] GC(1039) Using 8 workers of 8 for evacuation
[6424.399s][info][gc,phases      ] GC(1039)   Pre Evacuate Collection Set: 0.25ms
[6424.399s][info][gc,phases      ] GC(1039)   Merge Heap Roots: 0.57ms
[6424.399s][info][gc,phases      ] GC(1039)   Evacuate Collection Set: 159.93ms
[6424.399s][info][gc,phases      ] GC(1039)   Post Evacuate Collection Set: 1.08ms
[6424.399s][info][gc,phases      ] GC(1039)   Other: 0.08ms
[6424.399s][info][gc,heap        ] GC(1039) Eden regions: 571->0(569)
[6424.399s][info][gc,heap        ] GC(1039) Survivor regions: 43->45(77)
[6424.399s][info][gc,heap        ] GC(1039) Old regions: 265->272
[6424.399s][info][gc,heap        ] GC(1039) Humongous regions: 33->33
[6424.399s][info][gc,metaspace   ] GC(1039) Metaspace: 30006K(30528K)->30006K(30528K) NonClass: 26608K(26880K)->26608K(26880K) Class: 3397K(3648K)->3397K(3648K)
[6424.399s][info][gc             ] GC(1039) Pause Young (Normal) (G1 Evacuation Pause) 7277M->2785M(8192M) 162.051ms
[6424.399s][info][gc,cpu         ] GC(1039) User=1.28s Sys=0.00s Real=0.16s
.... (rIR:aIR:PR = 11208:11229:11231) (tPR = 167028) [OK] 
  6427s: Performance info:
         Transaction,    Success,    Partial,     Failed,   Receipts, AvgBarcode, 
             Overall,     677800,          0,          0,     644214,      59.48, 
         Response times:
             Request,    Success,    Partial,     Failed,   SkipFail,     Probes,    Samples,      min,      p50,      p90,      p95,      p99,      max, 
       TotalPurchase,     644149,          0,          0,          0,     355985,     477001,      300,    10200,    84000,   164000,   380000,  5200000,
     InStorePurchase,     339290,          0,          0,          0,     186956,     251000,      300,    10100,    84000,   161000,   389000,  5200000,
      OnlinePurchase,     237315,          0,          0,          0,     131564,     175845,      300,    10300,    85000,   169000,   391000,  1400000,
        InstPurchase,      67544,          0,          0,          0,      37465,      50156,      400,    10400,    85000,   169000,   322000,  3800000,
          AssocOfCat,        676,          0,          0,          0,        554,        845,    34000,    66000,   167000,   262700,   489240,   710000,
      AssocOfProduct,       6832,          0,          0,          0,       4010,       5612,      900,    11600,    93000,   171700,   350870,  1200000,
      BusinessReport,       1690,          0,          0,          0,       1550,       2239,    34000,    75000,   162000,   243000,   420600,  5200000,
          CustBuyBeh,       6796,          0,          0,          0,       4066,       5702,      300,    10600,    81000,   159700,   301910,   549000,
       ProductReturn,      17541,          0,          0,          0,      10096,      13745,      200,    10600,    86000,   166000,   308080,  1300000,

  6427s: (82%)   IR =  11346 [6427.620s][info][gc,start       ] GC(1040) Pause Young (Normal) (G1 Evacuation Pause)
[6427.620s][info][gc,task        ] GC(1040) Using 8 workers of 8 for evacuation
[6427.773s][info][gc,phases      ] GC(1040)   Pre Evacuate Collection Set: 0.23ms
[6427.774s][info][gc,phases      ] GC(1040)   Merge Heap Roots: 0.56ms
[6427.774s][info][gc,phases      ] GC(1040)   Evacuate Collection Set: 151.94ms
[6427.774s][info][gc,phases      ] GC(1040)   Post Evacuate Collection Set: 1.09ms
[6427.774s][info][gc,phases      ] GC(1040)   Other: 0.06ms
[6427.774s][info][gc,heap        ] GC(1040) Eden regions: 569->0(571)
[6427.774s][info][gc,heap        ] GC(1040) Survivor regions: 45->43(77)
[6427.774s][info][gc,heap        ] GC(1040) Old regions: 272->279
[6427.774s][info][gc,heap        ] GC(1040) Humongous regions: 33->33
[6427.774s][info][gc,metaspace   ] GC(1040) Metaspace: 30006K(30528K)->30006K(30528K) NonClass: 26608K(26880K)->26608K(26880K) Class: 3397K(3648K)->3397K(3648K)
[6427.774s][info][gc             ] GC(1040) Pause Young (Normal) (G1 Evacuation Pause) 7337M->2825M(8192M) 154.005ms
[6427.774s][info][gc,cpu         ] GC(1040) User=1.22s Sys=0.00s Real=0.16s
...[6431.092s][info][gc,start       ] GC(1041) Pause Young (Normal) (G1 Evacuation Pause)
[6431.093s][info][gc,task        ] GC(1041) Using 8 workers of 8 for evacuation
[6431.246s][info][gc,phases      ] GC(1041)   Pre Evacuate Collection Set: 0.24ms
[6431.246s][info][gc,phases      ] GC(1041)   Merge Heap Roots: 0.57ms
[6431.246s][info][gc,phases      ] GC(1041)   Evacuate Collection Set: 151.60ms
[6431.246s][info][gc,phases      ] GC(1041)   Post Evacuate Collection Set: 1.07ms
[6431.246s][info][gc,phases      ] GC(1041)   Other: 0.06ms
[6431.246s][info][gc,heap        ] GC(1041) Eden regions: 571->0(567)
[6431.246s][info][gc,heap        ] GC(1041) Survivor regions: 43->43(77)
[6431.246s][info][gc,heap        ] GC(1041) Old regions: 279->286
[6431.246s][info][gc,heap        ] GC(1041) Humongous regions: 33->33
[6431.246s][info][gc,metaspace   ] GC(1041) Metaspace: 30006K(30528K)->30006K(30528K) NonClass: 26608K(26880K)->26608K(26880K) Class: 3397K(3648K)->3397K(3648K)
[6431.246s][info][gc             ] GC(1041) Pause Young (Normal) (G1 Evacuation Pause) 7393M->2883M(8192M) 153.682ms
[6431.246s][info][gc,cpu         ] GC(1041) User=1.22s Sys=0.00s Real=0.15s
...[6434.523s][info][gc,start       ] GC(1042) Pause Young (Normal) (G1 Evacuation Pause)
[6434.524s][info][gc,task        ] GC(1042) Using 8 workers of 8 for evacuation
[6434.677s][info][gc,phases      ] GC(1042)   Pre Evacuate Collection Set: 0.23ms
[6434.677s][info][gc,phases      ] GC(1042)   Merge Heap Roots: 0.54ms
[6434.677s][info][gc,phases      ] GC(1042)   Evacuate Collection Set: 151.25ms
[6434.677s][info][gc,phases      ] GC(1042)   Post Evacuate Collection Set: 1.05ms
[6434.677s][info][gc,phases      ] GC(1042)   Other: 0.06ms
[6434.677s][info][gc,heap        ] GC(1042) Eden regions: 567->0(559)
[6434.677s][info][gc,heap        ] GC(1042) Survivor regions: 43->43(77)
[6434.677s][info][gc,heap        ] GC(1042) Old regions: 286->294
[6434.677s][info][gc,heap        ] GC(1042) Humongous regions: 33->33
[6434.677s][info][gc,metaspace   ] GC(1042) Metaspace: 30006K(30528K)->30006K(30528K) NonClass: 26608K(26880K)->26608K(26880K) Class: 3397K(3648K)->3397K(3648K)
[6434.677s][info][gc             ] GC(1042) Pause Young (Normal) (G1 Evacuation Pause) 7419M->2942M(8192M) 153.253ms
[6434.677s][info][gc,cpu         ] GC(1042) User=1.21s Sys=0.00s Real=0.15s
....[6437.911s][info][gc,start       ] GC(1043) Pause Young (Normal) (G1 Evacuation Pause)
[6437.911s][info][gc,task        ] GC(1043) Using 8 workers of 8 for evacuation
[6438.063s][info][gc,phases      ] GC(1043)   Pre Evacuate Collection Set: 0.23ms
[6438.063s][info][gc,phases      ] GC(1043)   Merge Heap Roots: 0.55ms
[6438.063s][info][gc,phases      ] GC(1043)   Evacuate Collection Set: 150.34ms
[6438.063s][info][gc,phases      ] GC(1043)   Post Evacuate Collection Set: 1.03ms
[6438.063s][info][gc,phases      ] GC(1043)   Other: 0.06ms
[6438.063s][info][gc,heap        ] GC(1043) Eden regions: 559->0(552)
[6438.063s][info][gc,heap        ] GC(1043) Survivor regions: 43->43(76)
[6438.063s][info][gc,heap        ] GC(1043) Old regions: 294->301
[6438.063s][info][gc,heap        ] GC(1043) Humongous regions: 33->33
[6438.063s][info][gc,metaspace   ] GC(1043) Metaspace: 30006K(30528K)->30006K(30528K) NonClass: 26608K(26880K)->26608K(26880K) Class: 3397K(3648K)->3397K(3648K)
[6438.063s][info][gc             ] GC(1043) Pause Young (Normal) (G1 Evacuation Pause) 7414M->2999M(8192M) 152.339ms
[6438.063s][info][gc,cpu         ] GC(1043) User=1.20s Sys=0.01s Real=0.16s
...[6441.227s][info][gc,start       ] GC(1044) Pause Young (Normal) (G1 Evacuation Pause)
[6441.227s][info][gc,task        ] GC(1044) Using 8 workers of 8 for evacuation
[6441.381s][info][gc,phases      ] GC(1044)   Pre Evacuate Collection Set: 0.24ms
[6441.381s][info][gc,phases      ] GC(1044)   Merge Heap Roots: 0.58ms
[6441.381s][info][gc,phases      ] GC(1044)   Evacuate Collection Set: 151.71ms
[6441.381s][info][gc,phases      ] GC(1044)   Post Evacuate Collection Set: 1.07ms
[6441.381s][info][gc,phases      ] GC(1044)   Other: 0.06ms
[6441.381s][info][gc,heap        ] GC(1044) Eden regions: 552->0(544)
[6441.381s][info][gc,heap        ] GC(1044) Survivor regions: 43->43(75)
[6441.381s][info][gc,heap        ] GC(1044) Old regions: 301->309
[6441.381s][info][gc,heap        ] GC(1044) Humongous regions: 33->33
[6441.381s][info][gc,metaspace   ] GC(1044) Metaspace: 30006K(30528K)->30006K(30528K) NonClass: 26608K(26880K)->26608K(26880K) Class: 3397K(3648K)->3397K(3648K)
[6441.381s][info][gc             ] GC(1044) Pause Young (Normal) (G1 Evacuation Pause) 7415M->3062M(8192M) 153.794ms
[6441.381s][info][gc,cpu         ] GC(1044) User=1.22s Sys=0.01s Real=0.16s
...[6444.494s][info][gc,start       ] GC(1045) Pause Young (Concurrent Start) (G1 Evacuation Pause)
[6444.494s][info][gc,task        ] GC(1045) Using 8 workers of 8 for evacuation
[6444.644s][info][gc,phases      ] GC(1045)   Pre Evacuate Collection Set: 0.29ms
[6444.644s][info][gc,phases      ] GC(1045)   Merge Heap Roots: 0.63ms
[6444.644s][info][gc,phases      ] GC(1045)   Evacuate Collection Set: 147.54ms
[6444.644s][info][gc,phases      ] GC(1045)   Post Evacuate Collection Set: 1.02ms
[6444.644s][info][gc,phases      ] GC(1045)   Other: 0.10ms
[6444.644s][info][gc,heap        ] GC(1045) Eden regions: 544->0(538)
[6444.644s][info][gc,heap        ] GC(1045) Survivor regions: 43->42(74)
[6444.644s][info][gc,heap        ] GC(1045) Old regions: 309->317
[6444.644s][info][gc,heap        ] GC(1045) Humongous regions: 33->33
[6444.644s][info][gc,metaspace   ] GC(1045) Metaspace: 30006K(30528K)->30006K(30528K) NonClass: 26608K(26880K)->26608K(26880K) Class: 3397K(3648K)->3397K(3648K)
[6444.644s][info][gc             ] GC(1045) Pause Young (Concurrent Start) (G1 Evacuation Pause) 7414M->3119M(8192M) 149.726ms
[6444.644s][info][gc             ] GC(1046) Concurrent Mark Cycle
[6444.644s][info][gc,marking     ] GC(1046) Concurrent Scan Root Regions
[6444.644s][info][gc,cpu         ] GC(1045) User=1.18s Sys=0.00s Real=0.15s
.[6445.087s][info][gc,marking     ] GC(1046) Concurrent Scan Root Regions 442.809ms
[6445.087s][info][gc,marking     ] GC(1046) Concurrent Mark
[6445.087s][info][gc,marking     ] GC(1046) Concurrent Mark From Roots
[6445.087s][info][gc,task        ] GC(1046) Using 2 workers of 2 for marking
.[6446.330s][info][gc,marking     ] GC(1046) Concurrent Mark From Roots 1243.661ms
[6446.330s][info][gc,marking     ] GC(1046) Concurrent Preclean
[6446.331s][info][gc,marking     ] GC(1046) Concurrent Preclean 0.116ms
[6446.331s][info][gc,start       ] GC(1046) Pause Remark
[6446.334s][info][gc             ] GC(1046) Pause Remark 5028M->4460M(8192M) 3.570ms
[6446.334s][info][gc,cpu         ] GC(1046) User=0.02s Sys=0.00s Real=0.00s
[6446.334s][info][gc,marking     ] GC(1046) Concurrent Mark 1247.686ms
[6446.334s][info][gc,marking     ] GC(1046) Concurrent Rebuild Remembered Sets and Scrub Regions
.[6447.237s][info][gc,marking     ] GC(1046) Concurrent Rebuild Remembered Sets and Scrub Regions 902.797ms
[6447.237s][info][gc,start       ] GC(1046) Pause Cleanup
[6447.238s][info][gc             ] GC(1046) Pause Cleanup 5671M->5671M(8192M) 0.254ms
[6447.238s][info][gc,cpu         ] GC(1046) User=0.00s Sys=0.00s Real=0.00s
[6447.238s][info][gc,marking     ] GC(1046) Concurrent Clear Claimed Marks
[6447.238s][info][gc,marking     ] GC(1046) Concurrent Clear Claimed Marks 0.044ms
[6447.238s][info][gc,marking     ] GC(1046) Concurrent Cleanup for Next Mark
[6447.250s][info][gc,marking     ] GC(1046) Concurrent Cleanup for Next Mark 11.950ms
[6447.250s][info][gc             ] GC(1046) Concurrent Mark Cycle 2605.979ms
.[6447.978s][info][gc,start       ] GC(1047) Pause Young (Prepare Mixed) (G1 Evacuation Pause)
[6447.978s][info][gc,task        ] GC(1047) Using 8 workers of 8 for evacuation
[6448.125s][info][gc,phases      ] GC(1047)   Pre Evacuate Collection Set: 0.22ms
[6448.125s][info][gc,phases      ] GC(1047)   Merge Heap Roots: 0.79ms
[6448.125s][info][gc,phases      ] GC(1047)   Evacuate Collection Set: 145.12ms
[6448.125s][info][gc,phases      ] GC(1047)   Post Evacuate Collection Set: 1.10ms
[6448.125s][info][gc,phases      ] GC(1047)   Other: 0.07ms
[6448.125s][info][gc,heap        ] GC(1047) Eden regions: 538->0(572)
[6448.125s][info][gc,heap        ] GC(1047) Survivor regions: 42->42(73)
[6448.125s][info][gc,heap        ] GC(1047) Old regions: 246->253
[6448.125s][info][gc,heap        ] GC(1047) Humongous regions: 33->33
[6448.125s][info][gc,metaspace   ] GC(1047) Metaspace: 30006K(30528K)->30006K(30528K) NonClass: 26608K(26880K)->26608K(26880K) Class: 3397K(3648K)->3397K(3648K)
[6448.125s][info][gc             ] GC(1047) Pause Young (Prepare Mixed) (G1 Evacuation Pause) 6855M->2609M(8192M) 147.425ms
[6448.125s][info][gc,cpu         ] GC(1047) User=1.17s Sys=0.00s Real=0.15s
...[6451.113s][info][gc,start       ] GC(1048) Pause Young (Mixed) (G1 Evacuation Pause)
[6451.113s][info][gc,task        ] GC(1048) Using 8 workers of 8 for evacuation
[6451.276s][info][gc,phases      ] GC(1048)   Pre Evacuate Collection Set: 0.26ms
[6451.276s][info][gc,phases      ] GC(1048)   Merge Heap Roots: 0.78ms
[6451.276s][info][gc,phases      ] GC(1048)   Evacuate Collection Set: 160.77ms
[6451.276s][info][gc,phases      ] GC(1048)   Post Evacuate Collection Set: 1.25ms
[6451.276s][info][gc,phases      ] GC(1048)   Other: 0.07ms
[6451.276s][info][gc,heap        ] GC(1048) Eden regions: 572->0(570)
[6451.276s][info][gc,heap        ] GC(1048) Survivor regions: 42->44(77)
[6451.276s][info][gc,heap        ] GC(1048) Old regions: 253->158
[6451.276s][info][gc,heap        ] GC(1048) Humongous regions: 33->33
[6451.276s][info][gc,metaspace   ] GC(1048) Metaspace: 30006K(30528K)->30006K(30528K) NonClass: 26608K(26880K)->26608K(26880K) Class: 3397K(3648K)->3397K(3648K)
[6451.276s][info][gc             ] GC(1048) Pause Young (Mixed) (G1 Evacuation Pause) 7185M->1863M(8192M) 163.291ms
[6451.276s][info][gc,cpu         ] GC(1048) User=1.29s Sys=0.00s Real=0.16s
...[6454.435s][info][gc,start       ] GC(1049) Pause Young (Mixed) (G1 Evacuation Pause)
[6454.435s][info][gc,task        ] GC(1049) Using 8 workers of 8 for evacuation
[6454.598s][info][gc,phases      ] GC(1049)   Pre Evacuate Collection Set: 0.24ms
[6454.598s][info][gc,phases      ] GC(1049)   Merge Heap Roots: 0.77ms
[6454.598s][info][gc,phases      ] GC(1049)   Evacuate Collection Set: 161.21ms
[6454.598s][info][gc,phases      ] GC(1049)   Post Evacuate Collection Set: 1.11ms
[6454.598s][info][gc,phases      ] GC(1049)   Other: 0.07ms
[6454.598s][info][gc,heap        ] GC(1049) Eden regions: 570->0(570)
[6454.598s][info][gc,heap        ] GC(1049) Survivor regions: 44->44(77)
[6454.598s][info][gc,heap        ] GC(1049) Old regions: 158->143
[6454.598s][info][gc,heap        ] GC(1049) Humongous regions: 33->33
[6454.598s][info][gc,metaspace   ] GC(1049) Metaspace: 30006K(30528K)->30006K(30528K) NonClass: 26608K(26880K)->26608K(26880K) Class: 3397K(3648K)->3397K(3648K)
[6454.598s][info][gc             ] GC(1049) Pause Young (Mixed) (G1 Evacuation Pause) 6423M->1741M(8192M) 163.525ms
[6454.598s][info][gc,cpu         ] GC(1049) User=1.30s Sys=0.00s Real=0.16s
.|...[6457.752s][info][gc,start       ] GC(1050) Pause Young (Normal) (G1 Evacuation Pause)
[6457.752s][info][gc,task        ] GC(1050) Using 8 workers of 8 for evacuation
[6457.903s][info][gc,phases      ] GC(1050)   Pre Evacuate Collection Set: 0.23ms
[6457.903s][info][gc,phases      ] GC(1050)   Merge Heap Roots: 0.56ms
[6457.903s][info][gc,phases      ] GC(1050)   Evacuate Collection Set: 148.81ms
[6457.903s][info][gc,phases      ] GC(1050)   Post Evacuate Collection Set: 1.06ms
[6457.903s][info][gc,phases      ] GC(1050)   Other: 0.06ms
[6457.903s][info][gc,heap        ] GC(1050) Eden regions: 570->0(572)
[6457.903s][info][gc,heap        ] GC(1050) Survivor regions: 44->42(77)
[6457.903s][info][gc,heap        ] GC(1050) Old regions: 143->150
[6457.903s][info][gc,heap        ] GC(1050) Humongous regions: 33->33
[6457.903s][info][gc,metaspace   ] GC(1050) Metaspace: 30006K(30528K)->30006K(30528K) NonClass: 26608K(26880K)->26608K(26880K) Class: 3397K(3648K)->3397K(3648K)
[6457.903s][info][gc             ] GC(1050) Pause Young (Normal) (G1 Evacuation Pause) 6301M->1782M(8192M) 150.857ms
[6457.903s][info][gc,cpu         ] GC(1050) User=1.19s Sys=0.00s Real=0.15s
...[6461.143s][info][gc,start       ] GC(1051) Pause Young (Normal) (G1 Evacuation Pause)
[6461.143s][info][gc,task        ] GC(1051) Using 8 workers of 8 for evacuation
[6461.299s][info][gc,phases      ] GC(1051)   Pre Evacuate Collection Set: 0.23ms
[6461.299s][info][gc,phases      ] GC(1051)   Merge Heap Roots: 0.66ms
[6461.299s][info][gc,phases      ] GC(1051)   Evacuate Collection Set: 154.40ms
[6461.299s][info][gc,phases      ] GC(1051)   Post Evacuate Collection Set: 1.03ms
[6461.299s][info][gc,phases      ] GC(1051)   Other: 0.06ms
[6461.299s][info][gc,heap        ] GC(1051) Eden regions: 572->0(570)
[6461.299s][info][gc,heap        ] GC(1051) Survivor regions: 42->44(77)
[6461.299s][info][gc,heap        ] GC(1051) Old regions: 150->157
[6461.299s][info][gc,heap        ] GC(1051) Humongous regions: 33->33
[6461.299s][info][gc,metaspace   ] GC(1051) Metaspace: 30006K(30528K)->30006K(30528K) NonClass: 26608K(26880K)->26608K(26880K) Class: 3397K(3648K)->3397K(3648K)
[6461.299s][info][gc             ] GC(1051) Pause Young (Normal) (G1 Evacuation Pause) 6358M->1851M(8192M) 156.522ms
[6461.299s][info][gc,cpu         ] GC(1051) User=1.24s Sys=0.00s Real=0.15s
...[6464.473s][info][gc,start       ] GC(1052) Pause Young (Normal) (G1 Evacuation Pause)
[6464.473s][info][gc,task        ] GC(1052) Using 8 workers of 8 for evacuation
[6464.627s][info][gc,phases      ] GC(1052)   Pre Evacuate Collection Set: 0.22ms
[6464.627s][info][gc,phases      ] GC(1052)   Merge Heap Roots: 0.58ms
[6464.627s][info][gc,phases      ] GC(1052)   Evacuate Collection Set: 152.24ms
[6464.627s][info][gc,phases      ] GC(1052)   Post Evacuate Collection Set: 1.05ms
[6464.627s][info][gc,phases      ] GC(1052)   Other: 0.06ms
[6464.628s][info][gc,heap        ] GC(1052) Eden regions: 570->0(570)
[6464.628s][info][gc,heap        ] GC(1052) Survivor regions: 44->44(77)
[6464.628s][info][gc,heap        ] GC(1052) Old regions: 157->164
[6464.628s][info][gc,heap        ] GC(1052) Humongous regions: 33->33
[6464.628s][info][gc,metaspace   ] GC(1052) Metaspace: 30006K(30528K)->30006K(30528K) NonClass: 26608K(26880K)->26608K(26880K) Class: 3397K(3648K)->3397K(3648K)
[6464.628s][info][gc             ] GC(1052) Pause Young (Normal) (G1 Evacuation Pause) 6411M->1910M(8192M) 154.284ms
[6464.628s][info][gc,cpu         ] GC(1052) User=1.22s Sys=0.00s Real=0.15s
....[6467.972s][info][gc,start       ] GC(1053) Pause Young (Normal) (G1 Evacuation Pause)
[6467.972s][info][gc,task        ] GC(1053) Using 8 workers of 8 for evacuation
[6468.130s][info][gc,phases      ] GC(1053)   Pre Evacuate Collection Set: 0.23ms
[6468.130s][info][gc,phases      ] GC(1053)   Merge Heap Roots: 0.55ms
[6468.130s][info][gc,phases      ] GC(1053)   Evacuate Collection Set: 156.00ms
[6468.130s][info][gc,phases      ] GC(1053)   Post Evacuate Collection Set: 1.04ms
[6468.130s][info][gc,phases      ] GC(1053)   Other: 0.06ms
[6468.130s][info][gc,heap        ] GC(1053) Eden regions: 570->0(570)
[6468.130s][info][gc,heap        ] GC(1053) Survivor regions: 44->44(77)
[6468.130s][info][gc,heap        ] GC(1053) Old regions: 164->171
[6468.130s][info][gc,heap        ] GC(1053) Humongous regions: 33->33
[6468.130s][info][gc,metaspace   ] GC(1053) Metaspace: 30006K(30528K)->30006K(30528K) NonClass: 26608K(26880K)->26608K(26880K) Class: 3397K(3648K)->3397K(3648K)
[6468.130s][info][gc             ] GC(1053) Pause Young (Normal) (G1 Evacuation Pause) 6470M->1971M(8192M) 157.995ms
[6468.130s][info][gc,cpu         ] GC(1053) User=1.26s Sys=0.00s Real=0.15s
...[6471.391s][info][gc,start       ] GC(1054) Pause Young (Normal) (G1 Evacuation Pause)
[6471.391s][info][gc,task        ] GC(1054) Using 8 workers of 8 for evacuation
[6471.543s][info][gc,phases      ] GC(1054)   Pre Evacuate Collection Set: 0.22ms
[6471.543s][info][gc,phases      ] GC(1054)   Merge Heap Roots: 0.56ms
[6471.543s][info][gc,phases      ] GC(1054)   Evacuate Collection Set: 149.93ms
[6471.543s][info][gc,phases      ] GC(1054)   Post Evacuate Collection Set: 1.08ms
[6471.543s][info][gc,phases      ] GC(1054)   Other: 0.06ms
[6471.543s][info][gc,heap        ] GC(1054) Eden regions: 570->0(571)
[6471.543s][info][gc,heap        ] GC(1054) Survivor regions: 44->43(77)
[6471.543s][info][gc,heap        ] GC(1054) Old regions: 171->179
[6471.543s][info][gc,heap        ] GC(1054) Humongous regions: 33->33
[6471.543s][info][gc,metaspace   ] GC(1054) Metaspace: 30006K(30528K)->30006K(30528K) NonClass: 26608K(26880K)->26608K(26880K) Class: 3397K(3648K)->3397K(3648K)
[6471.543s][info][gc             ] GC(1054) Pause Young (Normal) (G1 Evacuation Pause) 6531M->2021M(8192M) 152.002ms
[6471.543s][info][gc,cpu         ] GC(1054) User=1.20s Sys=0.00s Real=0.16s
....[6474.846s][info][gc,start       ] GC(1055) Pause Young (Normal) (G1 Evacuation Pause)
[6474.846s][info][gc,task        ] GC(1055) Using 8 workers of 8 for evacuation
[6474.999s][info][gc,phases      ] GC(1055)   Pre Evacuate Collection Set: 0.23ms
[6474.999s][info][gc,phases      ] GC(1055)   Merge Heap Roots: 0.58ms
[6474.999s][info][gc,phases      ] GC(1055)   Evacuate Collection Set: 151.39ms
[6474.999s][info][gc,phases      ] GC(1055)   Post Evacuate Collection Set: 1.05ms
[6474.999s][info][gc,phases      ] GC(1055)   Other: 0.06ms
[6474.999s][info][gc,heap        ] GC(1055) Eden regions: 571->0(571)
[6474.999s][info][gc,heap        ] GC(1055) Survivor regions: 43->43(77)
[6474.999s][info][gc,heap        ] GC(1055) Old regions: 179->185
[6474.999s][info][gc,heap        ] GC(1055) Humongous regions: 33->33
[6474.999s][info][gc,metaspace   ] GC(1055) Metaspace: 30006K(30528K)->30006K(30528K) NonClass: 26608K(26880K)->26608K(26880K) Class: 3397K(3648K)->3397K(3648K)
[6474.999s][info][gc             ] GC(1055) Pause Young (Normal) (G1 Evacuation Pause) 6589M->2075M(8192M) 153.440ms
[6474.999s][info][gc,cpu         ] GC(1055) User=1.21s Sys=0.00s Real=0.15s
...[6478.218s][info][gc,start       ] GC(1056) Pause Young (Normal) (G1 Evacuation Pause)
[6478.218s][info][gc,task        ] GC(1056) Using 8 workers of 8 for evacuation
[6478.374s][info][gc,phases      ] GC(1056)   Pre Evacuate Collection Set: 0.23ms
[6478.374s][info][gc,phases      ] GC(1056)   Merge Heap Roots: 0.57ms
[6478.374s][info][gc,phases      ] GC(1056)   Evacuate Collection Set: 154.25ms
[6478.374s][info][gc,phases      ] GC(1056)   Post Evacuate Collection Set: 1.05ms
[6478.374s][info][gc,phases      ] GC(1056)   Other: 0.06ms
[6478.374s][info][gc,heap        ] GC(1056) Eden regions: 571->0(569)
[6478.374s][info][gc,heap        ] GC(1056) Survivor regions: 43->45(77)
[6478.374s][info][gc,heap        ] GC(1056) Old regions: 185->193
[6478.374s][info][gc,heap        ] GC(1056) Humongous regions: 33->33
[6478.374s][info][gc,metaspace   ] GC(1056) Metaspace: 30006K(30528K)->30006K(30528K) NonClass: 26608K(26880K)->26608K(26880K) Class: 3397K(3648K)->3397K(3648K)
[6478.374s][info][gc             ] GC(1056) Pause Young (Normal) (G1 Evacuation Pause) 6643M->2145M(8192M) 156.281ms
[6478.374s][info][gc,cpu         ] GC(1056) User=1.24s Sys=0.00s Real=0.16s
....[6481.742s][info][gc,start       ] GC(1057) Pause Young (Normal) (G1 Evacuation Pause)
[6481.742s][info][gc,task        ] GC(1057) Using 8 workers of 8 for evacuation
[6481.892s][info][gc,phases      ] GC(1057)   Pre Evacuate Collection Set: 0.24ms
[6481.892s][info][gc,phases      ] GC(1057)   Merge Heap Roots: 0.60ms
[6481.892s][info][gc,phases      ] GC(1057)   Evacuate Collection Set: 148.76ms
[6481.892s][info][gc,phases      ] GC(1057)   Post Evacuate Collection Set: 1.03ms
[6481.893s][info][gc,phases      ] GC(1057)   Other: 0.06ms
[6481.893s][info][gc,heap        ] GC(1057) Eden regions: 569->0(572)
[6481.893s][info][gc,heap        ] GC(1057) Survivor regions: 45->42(77)
[6481.893s][info][gc,heap        ] GC(1057) Old regions: 193->200
[6481.893s][info][gc,heap        ] GC(1057) Humongous regions: 33->33
[6481.893s][info][gc,metaspace   ] GC(1057) Metaspace: 30006K(30528K)->30006K(30528K) NonClass: 26608K(26880K)->26608K(26880K) Class: 3397K(3648K)->3397K(3648K)
[6481.893s][info][gc             ] GC(1057) Pause Young (Normal) (G1 Evacuation Pause) 6697M->2181M(8192M) 150.831ms
[6481.893s][info][gc,cpu         ] GC(1057) User=1.19s Sys=0.00s Real=0.15s
...[6485.150s][info][gc,start       ] GC(1058) Pause Young (Normal) (G1 Evacuation Pause)
[6485.150s][info][gc,task        ] GC(1058) Using 8 workers of 8 for evacuation
[6485.307s][info][gc,phases      ] GC(1058)   Pre Evacuate Collection Set: 0.22ms
[6485.307s][info][gc,phases      ] GC(1058)   Merge Heap Roots: 0.56ms
[6485.307s][info][gc,phases      ] GC(1058)   Evacuate Collection Set: 154.99ms
[6485.307s][info][gc,phases      ] GC(1058)   Post Evacuate Collection Set: 1.06ms
[6485.307s][info][gc,phases      ] GC(1058)   Other: 0.07ms
[6485.307s][info][gc,heap        ] GC(1058) Eden regions: 572->0(571)
[6485.307s][info][gc,heap        ] GC(1058) Survivor regions: 42->43(77)
[6485.307s][info][gc,heap        ] GC(1058) Old regions: 200->207
[6485.307s][info][gc,heap        ] GC(1058) Humongous regions: 33->33
[6485.307s][info][gc,metaspace   ] GC(1058) Metaspace: 30006K(30528K)->30006K(30528K) NonClass: 26608K(26880K)->26608K(26880K) Class: 3397K(3648K)->3397K(3648K)
[6485.307s][info][gc             ] GC(1058) Pause Young (Normal) (G1 Evacuation Pause) 6757M->2247M(8192M) 157.040ms
[6485.307s][info][gc,cpu         ] GC(1058) User=1.24s Sys=0.00s Real=0.16s
...[6488.504s][info][gc,start       ] GC(1059) Pause Young (Normal) (G1 Evacuation Pause)
[6488.504s][info][gc,task        ] GC(1059) Using 8 workers of 8 for evacuation
[6488.654s][info][gc,phases      ] GC(1059)   Pre Evacuate Collection Set: 0.22ms
[6488.654s][info][gc,phases      ] GC(1059)   Merge Heap Roots: 0.55ms
[6488.654s][info][gc,phases      ] GC(1059)   Evacuate Collection Set: 148.20ms
[6488.654s][info][gc,phases      ] GC(1059)   Post Evacuate Collection Set: 1.06ms
[6488.654s][info][gc,phases      ] GC(1059)   Other: 0.06ms
[6488.654s][info][gc,heap        ] GC(1059) Eden regions: 571->0(571)
[6488.654s][info][gc,heap        ] GC(1059) Survivor regions: 43->43(77)
[6488.654s][info][gc,heap        ] GC(1059) Old regions: 207->214
[6488.654s][info][gc,heap        ] GC(1059) Humongous regions: 33->33
[6488.654s][info][gc,metaspace   ] GC(1059) Metaspace: 30006K(30528K)->30006K(30528K) NonClass: 26608K(26880K)->26608K(26880K) Class: 3397K(3648K)->3397K(3648K)
[6488.654s][info][gc             ] GC(1059) Pause Young (Normal) (G1 Evacuation Pause) 6815M->2298M(8192M) 150.237ms
[6488.654s][info][gc,cpu         ] GC(1059) User=1.19s Sys=0.00s Real=0.15s
....[6491.933s][info][gc,start       ] GC(1060) Pause Young (Normal) (G1 Evacuation Pause)
[6491.933s][info][gc,task        ] GC(1060) Using 8 workers of 8 for evacuation
[6492.085s][info][gc,phases      ] GC(1060)   Pre Evacuate Collection Set: 0.24ms
[6492.085s][info][gc,phases      ] GC(1060)   Merge Heap Roots: 0.54ms
[6492.085s][info][gc,phases      ] GC(1060)   Evacuate Collection Set: 150.78ms
[6492.085s][info][gc,phases      ] GC(1060)   Post Evacuate Collection Set: 1.02ms
[6492.085s][info][gc,phases      ] GC(1060)   Other: 0.06ms
[6492.085s][info][gc,heap        ] GC(1060) Eden regions: 571->0(570)
[6492.085s][info][gc,heap        ] GC(1060) Survivor regions: 43->44(77)
[6492.085s][info][gc,heap        ] GC(1060) Old regions: 214->221
[6492.085s][info][gc,heap        ] GC(1060) Humongous regions: 33->33
[6492.085s][info][gc,metaspace   ] GC(1060) Metaspace: 30006K(30528K)->30006K(30528K) NonClass: 26608K(26880K)->26608K(26880K) Class: 3397K(3648K)->3397K(3648K)
[6492.085s][info][gc             ] GC(1060) Pause Young (Normal) (G1 Evacuation Pause) 6866M->2365M(8192M) 152.790ms
[6492.085s][info][gc,cpu         ] GC(1060) User=1.21s Sys=0.00s Real=0.15s
...[6495.414s][info][gc,start       ] GC(1061) Pause Young (Normal) (G1 Evacuation Pause)
[6495.414s][info][gc,task        ] GC(1061) Using 8 workers of 8 for evacuation
[6495.565s][info][gc,phases      ] GC(1061)   Pre Evacuate Collection Set: 0.23ms
[6495.565s][info][gc,phases      ] GC(1061)   Merge Heap Roots: 0.57ms
[6495.565s][info][gc,phases      ] GC(1061)   Evacuate Collection Set: 149.81ms
[6495.565s][info][gc,phases      ] GC(1061)   Post Evacuate Collection Set: 1.05ms
[6495.565s][info][gc,phases      ] GC(1061)   Other: 0.07ms
[6495.565s][info][gc,heap        ] GC(1061) Eden regions: 570->0(571)
[6495.565s][info][gc,heap        ] GC(1061) Survivor regions: 44->43(77)
[6495.565s][info][gc,heap        ] GC(1061) Old regions: 221->228
[6495.565s][info][gc,heap        ] GC(1061) Humongous regions: 33->33
[6495.565s][info][gc,metaspace   ] GC(1061) Metaspace: 30006K(30528K)->30006K(30528K) NonClass: 26608K(26880K)->26608K(26880K) Class: 3397K(3648K)->3397K(3648K)
[6495.565s][info][gc             ] GC(1061) Pause Young (Normal) (G1 Evacuation Pause) 6925M->2415M(8192M) 151.854ms
[6495.565s][info][gc,cpu         ] GC(1061) User=1.20s Sys=0.00s Real=0.15s
....[6498.755s][info][gc,start       ] GC(1062) Pause Young (Normal) (G1 Evacuation Pause)
[6498.755s][info][gc,task        ] GC(1062) Using 8 workers of 8 for evacuation
[6498.913s][info][gc,phases      ] GC(1062)   Pre Evacuate Collection Set: 0.22ms
[6498.913s][info][gc,phases      ] GC(1062)   Merge Heap Roots: 0.55ms
[6498.913s][info][gc,phases      ] GC(1062)   Evacuate Collection Set: 156.13ms
[6498.913s][info][gc,phases      ] GC(1062)   Post Evacuate Collection Set: 1.05ms
[6498.913s][info][gc,phases      ] GC(1062)   Other: 0.06ms
[6498.913s][info][gc,heap        ] GC(1062) Eden regions: 571->0(569)
[6498.913s][info][gc,heap        ] GC(1062) Survivor regions: 43->45(77)
[6498.913s][info][gc,heap        ] GC(1062) Old regions: 228->235
[6498.913s][info][gc,heap        ] GC(1062) Humongous regions: 33->33
[6498.913s][info][gc,metaspace   ] GC(1062) Metaspace: 30006K(30528K)->30006K(30528K) NonClass: 26608K(26880K)->26608K(26880K) Class: 3397K(3648K)->3397K(3648K)
[6498.913s][info][gc             ] GC(1062) Pause Young (Normal) (G1 Evacuation Pause) 6983M->2485M(8192M) 158.130ms
[6498.913s][info][gc,cpu         ] GC(1062) User=1.25s Sys=0.00s Real=0.16s
...[6502.159s][info][gc,start       ] GC(1063) Pause Young (Normal) (G1 Evacuation Pause)
[6502.159s][info][gc,task        ] GC(1063) Using 8 workers of 8 for evacuation
[6502.312s][info][gc,phases      ] GC(1063)   Pre Evacuate Collection Set: 0.22ms
[6502.312s][info][gc,phases      ] GC(1063)   Merge Heap Roots: 0.54ms
[6502.312s][info][gc,phases      ] GC(1063)   Evacuate Collection Set: 151.38ms
[6502.312s][info][gc,phases      ] GC(1063)   Post Evacuate Collection Set: 1.03ms
[6502.312s][info][gc,phases      ] GC(1063)   Other: 0.06ms
[6502.312s][info][gc,heap        ] GC(1063) Eden regions: 569->0(571)
[6502.312s][info][gc,heap        ] GC(1063) Survivor regions: 45->43(77)
[6502.312s][info][gc,heap        ] GC(1063) Old regions: 235->242
[6502.312s][info][gc,heap        ] GC(1063) Humongous regions: 33->33
[6502.312s][info][gc,metaspace   ] GC(1063) Metaspace: 30006K(30528K)->30006K(30528K) NonClass: 26608K(26880K)->26608K(26880K) Class: 3397K(3648K)->3397K(3648K)
[6502.312s][info][gc             ] GC(1063) Pause Young (Normal) (G1 Evacuation Pause) 7037M->2526M(8192M) 153.373ms
[6502.312s][info][gc,cpu         ] GC(1063) User=1.22s Sys=0.00s Real=0.16s
...[6505.483s][info][gc,start       ] GC(1064) Pause Young (Normal) (G1 Evacuation Pause)
[6505.483s][info][gc,task        ] GC(1064) Using 8 workers of 8 for evacuation
[6505.633s][info][gc,phases      ] GC(1064)   Pre Evacuate Collection Set: 0.24ms
[6505.633s][info][gc,phases      ] GC(1064)   Merge Heap Roots: 0.65ms
[6505.633s][info][gc,phases      ] GC(1064)   Evacuate Collection Set: 147.69ms
[6505.633s][info][gc,phases      ] GC(1064)   Post Evacuate Collection Set: 1.06ms
[6505.633s][info][gc,phases      ] GC(1064)   Other: 0.06ms
[6505.633s][info][gc,heap        ] GC(1064) Eden regions: 571->0(571)
[6505.633s][info][gc,heap        ] GC(1064) Survivor regions: 43->43(77)
[6505.633s][info][gc,heap        ] GC(1064) Old regions: 242->249
[6505.633s][info][gc,heap        ] GC(1064) Humongous regions: 33->33
[6505.633s][info][gc,metaspace   ] GC(1064) Metaspace: 30006K(30528K)->30006K(30528K) NonClass: 26608K(26880K)->26608K(26880K) Class: 3397K(3648K)->3397K(3648K)
[6505.633s][info][gc             ] GC(1064) Pause Young (Normal) (G1 Evacuation Pause) 7094M->2582M(8192M) 149.831ms
[6505.633s][info][gc,cpu         ] GC(1064) User=1.19s Sys=0.00s Real=0.15s
....[6508.842s][info][gc,start       ] GC(1065) Pause Young (Normal) (G1 Evacuation Pause)
[6508.842s][info][gc,task        ] GC(1065) Using 8 workers of 8 for evacuation
[6508.997s][info][gc,phases      ] GC(1065)   Pre Evacuate Collection Set: 0.24ms
[6508.997s][info][gc,phases      ] GC(1065)   Merge Heap Roots: 0.60ms
[6508.997s][info][gc,phases      ] GC(1065)   Evacuate Collection Set: 153.15ms
[6508.997s][info][gc,phases      ] GC(1065)   Post Evacuate Collection Set: 1.07ms
[6508.997s][info][gc,phases      ] GC(1065)   Other: 0.06ms
[6508.997s][info][gc,heap        ] GC(1065) Eden regions: 571->0(570)
[6508.997s][info][gc,heap        ] GC(1065) Survivor regions: 43->44(77)
[6508.997s][info][gc,heap        ] GC(1065) Old regions: 249->256
[6508.997s][info][gc,heap        ] GC(1065) Humongous regions: 33->33
[6508.997s][info][gc,metaspace   ] GC(1065) Metaspace: 30006K(30528K)->30006K(30528K) NonClass: 26608K(26880K)->26608K(26880K) Class: 3397K(3648K)->3397K(3648K)
[6508.997s][info][gc             ] GC(1065) Pause Young (Normal) (G1 Evacuation Pause) 7150M->2650M(8192M) 155.258ms
[6508.997s][info][gc,cpu         ] GC(1065) User=1.23s Sys=0.00s Real=0.15s
...[6512.216s][info][gc,start       ] GC(1066) Pause Young (Normal) (G1 Evacuation Pause)
[6512.216s][info][gc,task        ] GC(1066) Using 8 workers of 8 for evacuation
[6512.376s][info][gc,phases      ] GC(1066)   Pre Evacuate Collection Set: 0.22ms
[6512.377s][info][gc,phases      ] GC(1066)   Merge Heap Roots: 0.57ms
[6512.377s][info][gc,phases      ] GC(1066)   Evacuate Collection Set: 158.37ms
[6512.377s][info][gc,phases      ] GC(1066)   Post Evacuate Collection Set: 1.07ms
[6512.377s][info][gc,phases      ] GC(1066)   Other: 0.06ms
[6512.377s][info][gc,heap        ] GC(1066) Eden regions: 570->0(570)
[6512.377s][info][gc,heap        ] GC(1066) Survivor regions: 44->44(77)
[6512.377s][info][gc,heap        ] GC(1066) Old regions: 256->263
[6512.377s][info][gc,heap        ] GC(1066) Humongous regions: 33->33
[6512.377s][info][gc,metaspace   ] GC(1066) Metaspace: 30006K(30528K)->30006K(30528K) NonClass: 26608K(26880K)->26608K(26880K) Class: 3397K(3648K)->3397K(3648K)
[6512.377s][info][gc             ] GC(1066) Pause Young (Normal) (G1 Evacuation Pause) 7210M->2707M(8192M) 160.421ms
[6512.377s][info][gc,cpu         ] GC(1066) User=1.27s Sys=0.00s Real=0.16s
... (rIR:aIR:PR = 11346:11345:11364) (tPR = 169899) [OK] 
  6514s: Performance info:
         Transaction,    Success,    Partial,     Failed,   Receipts, AvgBarcode, 
             Overall,     682176,          0,          0,     647976,      59.47, 
         Response times:
             Request,    Success,    Partial,     Failed,   SkipFail,     Probes,    Samples,      min,      p50,      p90,      p95,      p99,      max, 
       TotalPurchase,     646958,          0,          0,          0,     357133,     528245,      300,    10700,    89000,   147000,   344540,  3500000,
     InStorePurchase,     336608,          0,          0,          0,     187625,     277990,      300,    10700,    88000,   147000,   348000,  3500000,
      OnlinePurchase,     241818,          0,          0,          0,     131315,     193542,      300,    10700,    90000,   148000,   345000,  2400000,
        InstPurchase,      68532,          0,          0,          0,      38193,      56713,      500,    10900,    85000,   142000,   330860,  3500000,
          AssocOfCat,        685,          0,          0,          0,        572,        935,    34000,    69000,   155000,   234200,   466920,  2500000,
      AssocOfProduct,       6863,          0,          0,          0,       4149,       6392,      600,    10900,    84000,   144350,   349070,  2400000,
      BusinessReport,       1702,          0,          0,          0,       1507,       2388,    34000,    75000,   157000,   217000,   388440,  2400000,
          CustBuyBeh,       6723,          0,          0,          0,       4110,       6305,      300,    10600,    86400,   150000,   344000,   920000,
       ProductReturn,      18118,          0,          0,          0,       9098,      13836,      200,    10500,    84000,   144000,   342000,  3500000,

  6514s: (83%)   IR =  11485 [6515.631s][info][gc,start       ] GC(1067) Pause Young (Normal) (G1 Evacuation Pause)
[6515.631s][info][gc,task        ] GC(1067) Using 8 workers of 8 for evacuation
[6515.783s][info][gc,phases      ] GC(1067)   Pre Evacuate Collection Set: 0.23ms
[6515.783s][info][gc,phases      ] GC(1067)   Merge Heap Roots: 0.62ms
[6515.783s][info][gc,phases      ] GC(1067)   Evacuate Collection Set: 149.54ms
[6515.783s][info][gc,phases      ] GC(1067)   Post Evacuate Collection Set: 1.06ms
[6515.783s][info][gc,phases      ] GC(1067)   Other: 0.06ms
[6515.783s][info][gc,heap        ] GC(1067) Eden regions: 570->0(571)
[6515.783s][info][gc,heap        ] GC(1067) Survivor regions: 44->43(77)
[6515.783s][info][gc,heap        ] GC(1067) Old regions: 263->270
[6515.783s][info][gc,heap        ] GC(1067) Humongous regions: 33->33
[6515.783s][info][gc,metaspace   ] GC(1067) Metaspace: 30006K(30528K)->30006K(30528K) NonClass: 26608K(26880K)->26608K(26880K) Class: 3397K(3648K)->3397K(3648K)
[6515.783s][info][gc             ] GC(1067) Pause Young (Normal) (G1 Evacuation Pause) 7267M->2755M(8192M) 151.683ms
[6515.783s][info][gc,cpu         ] GC(1067) User=1.20s Sys=0.00s Real=0.15s
...[6518.815s][info][gc,start       ] GC(1068) Pause Young (Normal) (G1 Evacuation Pause)
[6518.815s][info][gc,task        ] GC(1068) Using 8 workers of 8 for evacuation
[6518.969s][info][gc,phases      ] GC(1068)   Pre Evacuate Collection Set: 0.24ms
[6518.969s][info][gc,phases      ] GC(1068)   Merge Heap Roots: 0.55ms
[6518.969s][info][gc,phases      ] GC(1068)   Evacuate Collection Set: 152.76ms
[6518.969s][info][gc,phases      ] GC(1068)   Post Evacuate Collection Set: 1.08ms
[6518.969s][info][gc,phases      ] GC(1068)   Other: 0.06ms
[6518.969s][info][gc,heap        ] GC(1068) Eden regions: 571->0(571)
[6518.969s][info][gc,heap        ] GC(1068) Survivor regions: 43->43(77)
[6518.969s][info][gc,heap        ] GC(1068) Old regions: 270->277
[6518.969s][info][gc,heap        ] GC(1068) Humongous regions: 33->33
[6518.969s][info][gc,metaspace   ] GC(1068) Metaspace: 30006K(30528K)->30006K(30528K) NonClass: 26608K(26880K)->26608K(26880K) Class: 3397K(3648K)->3397K(3648K)
[6518.969s][info][gc             ] GC(1068) Pause Young (Normal) (G1 Evacuation Pause) 7323M->2810M(8192M) 154.821ms
[6518.969s][info][gc,cpu         ] GC(1068) User=1.22s Sys=0.00s Real=0.15s
....[6522.132s][info][gc,start       ] GC(1069) Pause Young (Normal) (G1 Evacuation Pause)
[6522.132s][info][gc,task        ] GC(1069) Using 8 workers of 8 for evacuation
[6522.286s][info][gc,phases      ] GC(1069)   Pre Evacuate Collection Set: 0.25ms
[6522.286s][info][gc,phases      ] GC(1069)   Merge Heap Roots: 0.56ms
[6522.286s][info][gc,phases      ] GC(1069)   Evacuate Collection Set: 152.33ms
[6522.286s][info][gc,phases      ] GC(1069)   Post Evacuate Collection Set: 1.11ms
[6522.286s][info][gc,phases      ] GC(1069)   Other: 0.06ms
[6522.286s][info][gc,heap        ] GC(1069) Eden regions: 571->0(567)
[6522.286s][info][gc,heap        ] GC(1069) Survivor regions: 43->44(77)
[6522.286s][info][gc,heap        ] GC(1069) Old regions: 277->284
[6522.286s][info][gc,heap        ] GC(1069) Humongous regions: 33->33
[6522.286s][info][gc,metaspace   ] GC(1069) Metaspace: 30006K(30528K)->30006K(30528K) NonClass: 26608K(26880K)->26608K(26880K) Class: 3397K(3648K)->3397K(3648K)
[6522.286s][info][gc             ] GC(1069) Pause Young (Normal) (G1 Evacuation Pause) 7378M->2871M(8192M) 154.450ms
[6522.286s][info][gc,cpu         ] GC(1069) User=1.22s Sys=0.00s Real=0.15s
...[6525.494s][info][gc,start       ] GC(1070) Pause Young (Normal) (G1 Evacuation Pause)
[6525.494s][info][gc,task        ] GC(1070) Using 8 workers of 8 for evacuation
[6525.644s][info][gc,phases      ] GC(1070)   Pre Evacuate Collection Set: 0.23ms
[6525.644s][info][gc,phases      ] GC(1070)   Merge Heap Roots: 0.55ms
[6525.644s][info][gc,phases      ] GC(1070)   Evacuate Collection Set: 148.74ms
[6525.644s][info][gc,phases      ] GC(1070)   Post Evacuate Collection Set: 1.04ms
[6525.644s][info][gc,phases      ] GC(1070)   Other: 0.06ms
[6525.644s][info][gc,heap        ] GC(1070) Eden regions: 567->0(561)
[6525.644s][info][gc,heap        ] GC(1070) Survivor regions: 44->43(77)
[6525.644s][info][gc,heap        ] GC(1070) Old regions: 284->292
[6525.644s][info][gc,heap        ] GC(1070) Humongous regions: 33->33
[6525.644s][info][gc,metaspace   ] GC(1070) Metaspace: 30006K(30528K)->30006K(30528K) NonClass: 26608K(26880K)->26608K(26880K) Class: 3397K(3648K)->3397K(3648K)
[6525.644s][info][gc             ] GC(1070) Pause Young (Normal) (G1 Evacuation Pause) 7407M->2922M(8192M) 150.760ms
[6525.644s][info][gc,cpu         ] GC(1070) User=1.19s Sys=0.00s Real=0.15s
...[6528.737s][info][gc,start       ] GC(1071) Pause Young (Normal) (G1 Evacuation Pause)
[6528.737s][info][gc,task        ] GC(1071) Using 8 workers of 8 for evacuation
[6528.890s][info][gc,phases      ] GC(1071)   Pre Evacuate Collection Set: 0.25ms
[6528.890s][info][gc,phases      ] GC(1071)   Merge Heap Roots: 0.54ms
[6528.890s][info][gc,phases      ] GC(1071)   Evacuate Collection Set: 151.20ms
[6528.890s][info][gc,phases      ] GC(1071)   Post Evacuate Collection Set: 1.03ms
[6528.890s][info][gc,phases      ] GC(1071)   Other: 0.06ms
[6528.890s][info][gc,heap        ] GC(1071) Eden regions: 561->0(554)
[6528.890s][info][gc,heap        ] GC(1071) Survivor regions: 43->43(76)
[6528.890s][info][gc,heap        ] GC(1071) Old regions: 292->299
[6528.890s][info][gc,heap        ] GC(1071) Humongous regions: 33->33
[6528.890s][info][gc,metaspace   ] GC(1071) Metaspace: 30006K(30528K)->30006K(30528K) NonClass: 26608K(26880K)->26608K(26880K) Class: 3397K(3648K)->3397K(3648K)
[6528.890s][info][gc             ] GC(1071) Pause Young (Normal) (G1 Evacuation Pause) 7410M->2982M(8192M) 153.230ms
[6528.890s][info][gc,cpu         ] GC(1071) User=1.22s Sys=0.00s Real=0.15s
....[6532.007s][info][gc,start       ] GC(1072) Pause Young (Normal) (G1 Evacuation Pause)
[6532.007s][info][gc,task        ] GC(1072) Using 8 workers of 8 for evacuation
[6532.166s][info][gc,phases      ] GC(1072)   Pre Evacuate Collection Set: 0.22ms
[6532.166s][info][gc,phases      ] GC(1072)   Merge Heap Roots: 0.58ms
[6532.166s][info][gc,phases      ] GC(1072)   Evacuate Collection Set: 156.48ms
[6532.166s][info][gc,phases      ] GC(1072)   Post Evacuate Collection Set: 1.08ms
[6532.166s][info][gc,phases      ] GC(1072)   Other: 0.06ms
[6532.166s][info][gc,heap        ] GC(1072) Eden regions: 554->0(544)
[6532.166s][info][gc,heap        ] GC(1072) Survivor regions: 43->44(75)
[6532.166s][info][gc,heap        ] GC(1072) Old regions: 299->307
[6532.166s][info][gc,heap        ] GC(1072) Humongous regions: 33->33
[6532.166s][info][gc,metaspace   ] GC(1072) Metaspace: 30006K(30528K)->30006K(30528K) NonClass: 26608K(26880K)->26608K(26880K) Class: 3397K(3648K)->3397K(3648K)
[6532.166s][info][gc             ] GC(1072) Pause Young (Normal) (G1 Evacuation Pause) 7414M->3055M(8192M) 158.549ms
[6532.166s][info][gc,cpu         ] GC(1072) User=1.26s Sys=0.00s Real=0.16s
...[6535.227s][info][gc,start       ] GC(1073) Pause Young (Concurrent Start) (G1 Evacuation Pause)
[6535.227s][info][gc,task        ] GC(1073) Using 8 workers of 8 for evacuation
[6535.381s][info][gc,phases      ] GC(1073)   Pre Evacuate Collection Set: 0.30ms
[6535.381s][info][gc,phases      ] GC(1073)   Merge Heap Roots: 0.56ms
[6535.381s][info][gc,phases      ] GC(1073)   Evacuate Collection Set: 152.01ms
[6535.381s][info][gc,phases      ] GC(1073)   Post Evacuate Collection Set: 1.02ms
[6535.381s][info][gc,phases      ] GC(1073)   Other: 0.08ms
[6535.381s][info][gc,heap        ] GC(1073) Eden regions: 544->0(536)
[6535.381s][info][gc,heap        ] GC(1073) Survivor regions: 44->44(74)
[6535.381s][info][gc,heap        ] GC(1073) Old regions: 307->315
[6535.381s][info][gc,heap        ] GC(1073) Humongous regions: 33->33
[6535.381s][info][gc,metaspace   ] GC(1073) Metaspace: 30006K(30528K)->30006K(30528K) NonClass: 26608K(26880K)->26608K(26880K) Class: 3397K(3648K)->3397K(3648K)
[6535.381s][info][gc             ] GC(1073) Pause Young (Concurrent Start) (G1 Evacuation Pause) 7407M->3117M(8192M) 154.092ms
[6535.381s][info][gc             ] GC(1074) Concurrent Mark Cycle
[6535.381s][info][gc,marking     ] GC(1074) Concurrent Scan Root Regions
[6535.381s][info][gc,cpu         ] GC(1073) User=1.22s Sys=0.00s Real=0.16s
[6535.789s][info][gc,marking     ] GC(1074) Concurrent Scan Root Regions 408.744ms
[6535.790s][info][gc,marking     ] GC(1074) Concurrent Mark
[6535.790s][info][gc,marking     ] GC(1074) Concurrent Mark From Roots
[6535.790s][info][gc,task        ] GC(1074) Using 2 workers of 2 for marking
..[6537.096s][info][gc,marking     ] GC(1074) Concurrent Mark From Roots 1306.027ms
[6537.096s][info][gc,marking     ] GC(1074) Concurrent Preclean
[6537.096s][info][gc,marking     ] GC(1074) Concurrent Preclean 0.125ms
[6537.096s][info][gc,start       ] GC(1074) Pause Remark
[6537.099s][info][gc             ] GC(1074) Pause Remark 5045M->4557M(8192M) 3.395ms
[6537.099s][info][gc,cpu         ] GC(1074) User=0.02s Sys=0.00s Real=0.00s
[6537.099s][info][gc,marking     ] GC(1074) Concurrent Mark 1309.841ms
[6537.099s][info][gc,marking     ] GC(1074) Concurrent Rebuild Remembered Sets and Scrub Regions
[6537.852s][info][gc,marking     ] GC(1074) Concurrent Rebuild Remembered Sets and Scrub Regions 752.973ms
[6537.853s][info][gc,start       ] GC(1074) Pause Cleanup
[6537.853s][info][gc             ] GC(1074) Pause Cleanup 5533M->5533M(8192M) 0.280ms
[6537.853s][info][gc,cpu         ] GC(1074) User=0.00s Sys=0.00s Real=0.00s
[6537.853s][info][gc,marking     ] GC(1074) Concurrent Clear Claimed Marks
[6537.853s][info][gc,marking     ] GC(1074) Concurrent Clear Claimed Marks 0.052ms
[6537.853s][info][gc,marking     ] GC(1074) Concurrent Cleanup for Next Mark
[6537.864s][info][gc,marking     ] GC(1074) Concurrent Cleanup for Next Mark 11.262ms
[6537.864s][info][gc             ] GC(1074) Concurrent Mark Cycle 2483.605ms
.[6538.720s][info][gc,start       ] GC(1075) Pause Young (Prepare Mixed) (G1 Evacuation Pause)
[6538.720s][info][gc,task        ] GC(1075) Using 8 workers of 8 for evacuation
[6538.872s][info][gc,phases      ] GC(1075)   Pre Evacuate Collection Set: 0.22ms
[6538.872s][info][gc,phases      ] GC(1075)   Merge Heap Roots: 0.84ms
[6538.872s][info][gc,phases      ] GC(1075)   Evacuate Collection Set: 149.45ms
[6538.872s][info][gc,phases      ] GC(1075)   Post Evacuate Collection Set: 1.11ms
[6538.872s][info][gc,phases      ] GC(1075)   Other: 0.07ms
[6538.872s][info][gc,heap        ] GC(1075) Eden regions: 536->0(571)
[6538.872s][info][gc,heap        ] GC(1075) Survivor regions: 44->43(73)
[6538.872s][info][gc,heap        ] GC(1075) Old regions: 254->261
[6538.872s][info][gc,heap        ] GC(1075) Humongous regions: 33->33
[6538.872s][info][gc,metaspace   ] GC(1075) Metaspace: 30006K(30528K)->30006K(30528K) NonClass: 26608K(26880K)->26608K(26880K) Class: 3397K(3648K)->3397K(3648K)
[6538.872s][info][gc             ] GC(1075) Pause Young (Prepare Mixed) (G1 Evacuation Pause) 6917M->2679M(8192M) 151.819ms
[6538.872s][info][gc,cpu         ] GC(1075) User=1.20s Sys=0.00s Real=0.16s
...[6541.719s][info][gc,start       ] GC(1076) Pause Young (Mixed) (G1 Evacuation Pause)
[6541.719s][info][gc,task        ] GC(1076) Using 8 workers of 8 for evacuation
[6541.875s][info][gc,phases      ] GC(1076)   Pre Evacuate Collection Set: 0.25ms
[6541.875s][info][gc,phases      ] GC(1076)   Merge Heap Roots: 0.85ms
[6541.875s][info][gc,phases      ] GC(1076)   Evacuate Collection Set: 153.78ms
[6541.875s][info][gc,phases      ] GC(1076)   Post Evacuate Collection Set: 1.33ms
[6541.875s][info][gc,phases      ] GC(1076)   Other: 0.07ms
[6541.875s][info][gc,heap        ] GC(1076) Eden regions: 571->0(572)
[6541.875s][info][gc,heap        ] GC(1076) Survivor regions: 43->42(77)
[6541.875s][info][gc,heap        ] GC(1076) Old regions: 261->167
[6541.875s][info][gc,heap        ] GC(1076) Humongous regions: 33->33
[6541.875s][info][gc,metaspace   ] GC(1076) Metaspace: 30006K(30528K)->30006K(30528K) NonClass: 26608K(26880K)->26608K(26880K) Class: 3397K(3648K)->3397K(3648K)
[6541.875s][info][gc             ] GC(1076) Pause Young (Mixed) (G1 Evacuation Pause) 7247M->1913M(8192M) 156.405ms
[6541.875s][info][gc,cpu         ] GC(1076) User=1.24s Sys=0.00s Real=0.16s
...|.[6545.034s][info][gc,start       ] GC(1077) Pause Young (Mixed) (G1 Evacuation Pause)
[6545.034s][info][gc,task        ] GC(1077) Using 8 workers of 8 for evacuation
[6545.202s][info][gc,phases      ] GC(1077)   Pre Evacuate Collection Set: 0.27ms
[6545.202s][info][gc,phases      ] GC(1077)   Merge Heap Roots: 0.91ms
[6545.202s][info][gc,phases      ] GC(1077)   Evacuate Collection Set: 165.52ms
[6545.202s][info][gc,phases      ] GC(1077)   Post Evacuate Collection Set: 1.11ms
[6545.202s][info][gc,phases      ] GC(1077)   Other: 0.08ms
[6545.202s][info][gc,heap        ] GC(1077) Eden regions: 572->0(570)
[6545.202s][info][gc,heap        ] GC(1077) Survivor regions: 42->44(77)
[6545.202s][info][gc,heap        ] GC(1077) Old regions: 167->143
[6545.202s][info][gc,heap        ] GC(1077) Humongous regions: 33->33
[6545.202s][info][gc,metaspace   ] GC(1077) Metaspace: 30006K(30528K)->30006K(30528K) NonClass: 26608K(26880K)->26608K(26880K) Class: 3397K(3648K)->3397K(3648K)
[6545.202s][info][gc             ] GC(1077) Pause Young (Mixed) (G1 Evacuation Pause) 6489M->1744M(8192M) 168.034ms
[6545.202s][info][gc,cpu         ] GC(1077) User=1.33s Sys=0.00s Real=0.17s
...[6548.318s][info][gc,start       ] GC(1078) Pause Young (Normal) (G1 Evacuation Pause)
[6548.318s][info][gc,task        ] GC(1078) Using 8 workers of 8 for evacuation
[6548.466s][info][gc,phases      ] GC(1078)   Pre Evacuate Collection Set: 0.26ms
[6548.466s][info][gc,phases      ] GC(1078)   Merge Heap Roots: 0.60ms
[6548.466s][info][gc,phases      ] GC(1078)   Evacuate Collection Set: 146.42ms
[6548.466s][info][gc,phases      ] GC(1078)   Post Evacuate Collection Set: 1.04ms
[6548.466s][info][gc,phases      ] GC(1078)   Other: 0.06ms
[6548.466s][info][gc,heap        ] GC(1078) Eden regions: 570->0(571)
[6548.466s][info][gc,heap        ] GC(1078) Survivor regions: 44->43(77)
[6548.466s][info][gc,heap        ] GC(1078) Old regions: 143->150
[6548.466s][info][gc,heap        ] GC(1078) Humongous regions: 33->33
[6548.466s][info][gc,metaspace   ] GC(1078) Metaspace: 30006K(30528K)->30006K(30528K) NonClass: 26608K(26880K)->26608K(26880K) Class: 3397K(3648K)->3397K(3648K)
[6548.466s][info][gc             ] GC(1078) Pause Young (Normal) (G1 Evacuation Pause) 6304M->1790M(8192M) 148.508ms
[6548.466s][info][gc,cpu         ] GC(1078) User=1.18s Sys=0.00s Real=0.15s
...[6551.652s][info][gc,start       ] GC(1079) Pause Young (Normal) (G1 Evacuation Pause)
[6551.652s][info][gc,task        ] GC(1079) Using 8 workers of 8 for evacuation
[6551.806s][info][gc,phases      ] GC(1079)   Pre Evacuate Collection Set: 0.22ms
[6551.806s][info][gc,phases      ] GC(1079)   Merge Heap Roots: 0.58ms
[6551.806s][info][gc,phases      ] GC(1079)   Evacuate Collection Set: 152.17ms
[6551.806s][info][gc,phases      ] GC(1079)   Post Evacuate Collection Set: 1.05ms
[6551.807s][info][gc,phases      ] GC(1079)   Other: 0.07ms
[6551.807s][info][gc,heap        ] GC(1079) Eden regions: 571->0(571)
[6551.807s][info][gc,heap        ] GC(1079) Survivor regions: 43->43(77)
[6551.807s][info][gc,heap        ] GC(1079) Old regions: 150->157
[6551.807s][info][gc,heap        ] GC(1079) Humongous regions: 33->33
[6551.807s][info][gc,metaspace   ] GC(1079) Metaspace: 30006K(30528K)->30006K(30528K) NonClass: 26608K(26880K)->26608K(26880K) Class: 3397K(3648K)->3397K(3648K)
[6551.807s][info][gc             ] GC(1079) Pause Young (Normal) (G1 Evacuation Pause) 6358M->1843M(8192M) 154.212ms
[6551.807s][info][gc,cpu         ] GC(1079) User=1.23s Sys=0.00s Real=0.15s
....[6555.107s][info][gc,start       ] GC(1080) Pause Young (Normal) (G1 Evacuation Pause)
[6555.107s][info][gc,task        ] GC(1080) Using 8 workers of 8 for evacuation
[6555.266s][info][gc,phases      ] GC(1080)   Pre Evacuate Collection Set: 0.23ms
[6555.266s][info][gc,phases      ] GC(1080)   Merge Heap Roots: 0.57ms
[6555.266s][info][gc,phases      ] GC(1080)   Evacuate Collection Set: 157.04ms
[6555.266s][info][gc,phases      ] GC(1080)   Post Evacuate Collection Set: 1.04ms
[6555.266s][info][gc,phases      ] GC(1080)   Other: 0.06ms
[6555.266s][info][gc,heap        ] GC(1080) Eden regions: 571->0(569)
[6555.266s][info][gc,heap        ] GC(1080) Survivor regions: 43->45(77)
[6555.266s][info][gc,heap        ] GC(1080) Old regions: 157->165
[6555.266s][info][gc,heap        ] GC(1080) Humongous regions: 33->33
[6555.266s][info][gc,metaspace   ] GC(1080) Metaspace: 30006K(30528K)->30006K(30528K) NonClass: 26608K(26880K)->26608K(26880K) Class: 3397K(3648K)->3397K(3648K)
[6555.266s][info][gc             ] GC(1080) Pause Young (Normal) (G1 Evacuation Pause) 6411M->1921M(8192M) 159.092ms
[6555.266s][info][gc,cpu         ] GC(1080) User=1.26s Sys=0.00s Real=0.16s
...[6558.397s][info][gc,start       ] GC(1081) Pause Young (Normal) (G1 Evacuation Pause)
[6558.397s][info][gc,task        ] GC(1081) Using 8 workers of 8 for evacuation
[6558.549s][info][gc,phases      ] GC(1081)   Pre Evacuate Collection Set: 0.24ms
[6558.549s][info][gc,phases      ] GC(1081)   Merge Heap Roots: 0.56ms
[6558.549s][info][gc,phases      ] GC(1081)   Evacuate Collection Set: 150.51ms
[6558.549s][info][gc,phases      ] GC(1081)   Post Evacuate Collection Set: 1.01ms
[6558.549s][info][gc,phases      ] GC(1081)   Other: 0.07ms
[6558.549s][info][gc,heap        ] GC(1081) Eden regions: 569->0(570)
[6558.549s][info][gc,heap        ] GC(1081) Survivor regions: 45->44(77)
[6558.549s][info][gc,heap        ] GC(1081) Old regions: 165->172
[6558.549s][info][gc,heap        ] GC(1081) Humongous regions: 33->33
[6558.549s][info][gc,metaspace   ] GC(1081) Metaspace: 30006K(30528K)->30006K(30528K) NonClass: 26608K(26880K)->26608K(26880K) Class: 3397K(3648K)->3397K(3648K)
[6558.549s][info][gc             ] GC(1081) Pause Young (Normal) (G1 Evacuation Pause) 6473M->1971M(8192M) 152.519ms
[6558.550s][info][gc,cpu         ] GC(1081) User=1.21s Sys=0.00s Real=0.15s
...[6561.705s][info][gc,start       ] GC(1082) Pause Young (Normal) (G1 Evacuation Pause)
[6561.705s][info][gc,task        ] GC(1082) Using 8 workers of 8 for evacuation
[6561.855s][info][gc,phases      ] GC(1082)   Pre Evacuate Collection Set: 0.24ms
[6561.855s][info][gc,phases      ] GC(1082)   Merge Heap Roots: 0.56ms
[6561.855s][info][gc,phases      ] GC(1082)   Evacuate Collection Set: 148.62ms
[6561.855s][info][gc,phases      ] GC(1082)   Post Evacuate Collection Set: 1.05ms
[6561.855s][info][gc,phases      ] GC(1082)   Other: 0.06ms
[6561.855s][info][gc,heap        ] GC(1082) Eden regions: 570->0(571)
[6561.855s][info][gc,heap        ] GC(1082) Survivor regions: 44->43(77)
[6561.855s][info][gc,heap        ] GC(1082) Old regions: 172->179
[6561.855s][info][gc,heap        ] GC(1082) Humongous regions: 33->33
[6561.855s][info][gc,metaspace   ] GC(1082) Metaspace: 30006K(30528K)->30006K(30528K) NonClass: 26608K(26880K)->26608K(26880K) Class: 3397K(3648K)->3397K(3648K)
[6561.855s][info][gc             ] GC(1082) Pause Young (Normal) (G1 Evacuation Pause) 6531M->2021M(8192M) 150.655ms
[6561.855s][info][gc,cpu         ] GC(1082) User=1.19s Sys=0.00s Real=0.15s
....[6565.075s][info][gc,start       ] GC(1083) Pause Young (Normal) (G1 Evacuation Pause)
[6565.075s][info][gc,task        ] GC(1083) Using 8 workers of 8 for evacuation
[6565.231s][info][gc,phases      ] GC(1083)   Pre Evacuate Collection Set: 0.26ms
[6565.231s][info][gc,phases      ] GC(1083)   Merge Heap Roots: 0.58ms
[6565.231s][info][gc,phases      ] GC(1083)   Evacuate Collection Set: 153.77ms
[6565.231s][info][gc,phases      ] GC(1083)   Post Evacuate Collection Set: 1.05ms
[6565.231s][info][gc,phases      ] GC(1083)   Other: 0.06ms
[6565.231s][info][gc,heap        ] GC(1083) Eden regions: 571->0(570)
[6565.231s][info][gc,heap        ] GC(1083) Survivor regions: 43->44(77)
[6565.231s][info][gc,heap        ] GC(1083) Old regions: 179->186
[6565.231s][info][gc,heap        ] GC(1083) Humongous regions: 33->33
[6565.231s][info][gc,metaspace   ] GC(1083) Metaspace: 30006K(30528K)->30006K(30528K) NonClass: 26608K(26880K)->26608K(26880K) Class: 3397K(3648K)->3397K(3648K)
[6565.231s][info][gc             ] GC(1083) Pause Young (Normal) (G1 Evacuation Pause) 6589M->2086M(8192M) 155.842ms
[6565.231s][info][gc,cpu         ] GC(1083) User=1.24s Sys=0.00s Real=0.16s
...[6568.486s][info][gc,start       ] GC(1084) Pause Young (Normal) (G1 Evacuation Pause)
[6568.486s][info][gc,task        ] GC(1084) Using 8 workers of 8 for evacuation
[6568.644s][info][gc,phases      ] GC(1084)   Pre Evacuate Collection Set: 0.24ms
[6568.644s][info][gc,phases      ] GC(1084)   Merge Heap Roots: 0.66ms
[6568.644s][info][gc,phases      ] GC(1084)   Evacuate Collection Set: 155.96ms
[6568.644s][info][gc,phases      ] GC(1084)   Post Evacuate Collection Set: 1.04ms
[6568.644s][info][gc,phases      ] GC(1084)   Other: 0.07ms
[6568.644s][info][gc,heap        ] GC(1084) Eden regions: 570->0(570)
[6568.644s][info][gc,heap        ] GC(1084) Survivor regions: 44->44(77)
[6568.644s][info][gc,heap        ] GC(1084) Old regions: 186->193
[6568.644s][info][gc,heap        ] GC(1084) Humongous regions: 33->33
[6568.644s][info][gc,metaspace   ] GC(1084) Metaspace: 30006K(30528K)->30006K(30528K) NonClass: 26608K(26880K)->26608K(26880K) Class: 3397K(3648K)->3397K(3648K)
[6568.644s][info][gc             ] GC(1084) Pause Young (Normal) (G1 Evacuation Pause) 6646M->2147M(8192M) 158.104ms
[6568.644s][info][gc,cpu         ] GC(1084) User=1.25s Sys=0.00s Real=0.16s
...[6571.741s][info][gc,start       ] GC(1085) Pause Young (Normal) (G1 Evacuation Pause)
[6571.741s][info][gc,task        ] GC(1085) Using 8 workers of 8 for evacuation
[6571.895s][info][gc,phases      ] GC(1085)   Pre Evacuate Collection Set: 0.22ms
[6571.895s][info][gc,phases      ] GC(1085)   Merge Heap Roots: 0.57ms
[6571.895s][info][gc,phases      ] GC(1085)   Evacuate Collection Set: 152.69ms
[6571.895s][info][gc,phases      ] GC(1085)   Post Evacuate Collection Set: 1.07ms
[6571.895s][info][gc,phases      ] GC(1085)   Other: 0.07ms
[6571.895s][info][gc,heap        ] GC(1085) Eden regions: 570->0(571)
[6571.895s][info][gc,heap        ] GC(1085) Survivor regions: 44->43(77)
[6571.895s][info][gc,heap        ] GC(1085) Old regions: 193->200
[6571.895s][info][gc,heap        ] GC(1085) Humongous regions: 33->33
[6571.895s][info][gc,metaspace   ] GC(1085) Metaspace: 30006K(30528K)->30006K(30528K) NonClass: 26608K(26880K)->26608K(26880K) Class: 3397K(3648K)->3397K(3648K)
[6571.895s][info][gc             ] GC(1085) Pause Young (Normal) (G1 Evacuation Pause) 6707M->2195M(8192M) 154.766ms
[6571.895s][info][gc,cpu         ] GC(1085) User=1.22s Sys=0.00s Real=0.16s
....[6575.169s][info][gc,start       ] GC(1086) Pause Young (Normal) (G1 Evacuation Pause)
[6575.169s][info][gc,task        ] GC(1086) Using 8 workers of 8 for evacuation
[6575.327s][info][gc,phases      ] GC(1086)   Pre Evacuate Collection Set: 0.23ms
[6575.327s][info][gc,phases      ] GC(1086)   Merge Heap Roots: 0.58ms
[6575.327s][info][gc,phases      ] GC(1086)   Evacuate Collection Set: 155.92ms
[6575.327s][info][gc,phases      ] GC(1086)   Post Evacuate Collection Set: 1.05ms
[6575.327s][info][gc,phases      ] GC(1086)   Other: 0.06ms
[6575.327s][info][gc,heap        ] GC(1086) Eden regions: 571->0(570)
[6575.327s][info][gc,heap        ] GC(1086) Survivor regions: 43->44(77)
[6575.327s][info][gc,heap        ] GC(1086) Old regions: 200->207
[6575.327s][info][gc,heap        ] GC(1086) Humongous regions: 33->33
[6575.327s][info][gc,metaspace   ] GC(1086) Metaspace: 30006K(30528K)->30006K(30528K) NonClass: 26608K(26880K)->26608K(26880K) Class: 3397K(3648K)->3397K(3648K)
[6575.327s][info][gc             ] GC(1086) Pause Young (Normal) (G1 Evacuation Pause) 6763M->2259M(8192M) 157.959ms
[6575.327s][info][gc,cpu         ] GC(1086) User=1.25s Sys=0.00s Real=0.16s
...[6578.439s][info][gc,start       ] GC(1087) Pause Young (Normal) (G1 Evacuation Pause)
[6578.439s][info][gc,task        ] GC(1087) Using 8 workers of 8 for evacuation
[6578.588s][info][gc,phases      ] GC(1087)   Pre Evacuate Collection Set: 0.23ms
[6578.588s][info][gc,phases      ] GC(1087)   Merge Heap Roots: 0.54ms
[6578.588s][info][gc,phases      ] GC(1087)   Evacuate Collection Set: 147.79ms
[6578.588s][info][gc,phases      ] GC(1087)   Post Evacuate Collection Set: 1.04ms
[6578.588s][info][gc,phases      ] GC(1087)   Other: 0.06ms
[6578.588s][info][gc,heap        ] GC(1087) Eden regions: 570->0(572)
[6578.588s][info][gc,heap        ] GC(1087) Survivor regions: 44->42(77)
[6578.588s][info][gc,heap        ] GC(1087) Old regions: 207->215
[6578.588s][info][gc,heap        ] GC(1087) Humongous regions: 33->33
[6578.588s][info][gc,metaspace   ] GC(1087) Metaspace: 30006K(30528K)->30006K(30528K) NonClass: 26608K(26880K)->26608K(26880K) Class: 3397K(3648K)->3397K(3648K)
[6578.588s][info][gc             ] GC(1087) Pause Young (Normal) (G1 Evacuation Pause) 6819M->2301M(8192M) 149.809ms
[6578.588s][info][gc,cpu         ] GC(1087) User=1.19s Sys=0.00s Real=0.15s
...[6581.821s][info][gc,start       ] GC(1088) Pause Young (Normal) (G1 Evacuation Pause)
[6581.821s][info][gc,task        ] GC(1088) Using 8 workers of 8 for evacuation
[6581.981s][info][gc,phases      ] GC(1088)   Pre Evacuate Collection Set: 0.22ms
[6581.981s][info][gc,phases      ] GC(1088)   Merge Heap Roots: 0.58ms
[6581.981s][info][gc,phases      ] GC(1088)   Evacuate Collection Set: 157.79ms
[6581.981s][info][gc,phases      ] GC(1088)   Post Evacuate Collection Set: 1.09ms
[6581.981s][info][gc,phases      ] GC(1088)   Other: 0.07ms
[6581.981s][info][gc,heap        ] GC(1088) Eden regions: 572->0(568)
[6581.981s][info][gc,heap        ] GC(1088) Survivor regions: 42->46(77)
[6581.981s][info][gc,heap        ] GC(1088) Old regions: 215->222
[6581.981s][info][gc,heap        ] GC(1088) Humongous regions: 33->33
[6581.981s][info][gc,metaspace   ] GC(1088) Metaspace: 30006K(30528K)->30006K(30528K) NonClass: 26608K(26880K)->26608K(26880K) Class: 3397K(3648K)->3397K(3648K)
[6581.981s][info][gc             ] GC(1088) Pause Young (Normal) (G1 Evacuation Pause) 6877M->2386M(8192M) 159.879ms
[6581.981s][info][gc,cpu         ] GC(1088) User=1.27s Sys=0.00s Real=0.16s
....[6585.203s][info][gc,start       ] GC(1089) Pause Young (Normal) (G1 Evacuation Pause)
[6585.203s][info][gc,task        ] GC(1089) Using 8 workers of 8 for evacuation
[6585.356s][info][gc,phases      ] GC(1089)   Pre Evacuate Collection Set: 0.24ms
[6585.356s][info][gc,phases      ] GC(1089)   Merge Heap Roots: 0.58ms
[6585.356s][info][gc,phases      ] GC(1089)   Evacuate Collection Set: 150.44ms
[6585.356s][info][gc,phases      ] GC(1089)   Post Evacuate Collection Set: 1.05ms
[6585.356s][info][gc,phases      ] GC(1089)   Other: 0.07ms
[6585.356s][info][gc,heap        ] GC(1089) Eden regions: 568->0(571)
[6585.356s][info][gc,heap        ] GC(1089) Survivor regions: 46->43(77)
[6585.356s][info][gc,heap        ] GC(1089) Old regions: 222->229
[6585.356s][info][gc,heap        ] GC(1089) Humongous regions: 33->33
[6585.356s][info][gc,metaspace   ] GC(1089) Metaspace: 30006K(30528K)->30006K(30528K) NonClass: 26608K(26880K)->26608K(26880K) Class: 3397K(3648K)->3397K(3648K)
[6585.356s][info][gc             ] GC(1089) Pause Young (Normal) (G1 Evacuation Pause) 6930M->2421M(8192M) 152.515ms
[6585.356s][info][gc,cpu         ] GC(1089) User=1.21s Sys=0.00s Real=0.15s
...[6588.539s][info][gc,start       ] GC(1090) Pause Young (Normal) (G1 Evacuation Pause)
[6588.539s][info][gc,task        ] GC(1090) Using 8 workers of 8 for evacuation
[6588.692s][info][gc,phases      ] GC(1090)   Pre Evacuate Collection Set: 0.22ms
[6588.692s][info][gc,phases      ] GC(1090)   Merge Heap Roots: 0.56ms
[6588.692s][info][gc,phases      ] GC(1090)   Evacuate Collection Set: 151.51ms
[6588.692s][info][gc,phases      ] GC(1090)   Post Evacuate Collection Set: 1.06ms
[6588.692s][info][gc,phases      ] GC(1090)   Other: 0.07ms
[6588.692s][info][gc,heap        ] GC(1090) Eden regions: 571->0(571)
[6588.692s][info][gc,heap        ] GC(1090) Survivor regions: 43->43(77)
[6588.692s][info][gc,heap        ] GC(1090) Old regions: 229->236
[6588.692s][info][gc,heap        ] GC(1090) Humongous regions: 33->33
[6588.692s][info][gc,metaspace   ] GC(1090) Metaspace: 30006K(30528K)->30006K(30528K) NonClass: 26608K(26880K)->26608K(26880K) Class: 3397K(3648K)->3397K(3648K)
[6588.692s][info][gc             ] GC(1090) Pause Young (Normal) (G1 Evacuation Pause) 6989M->2475M(8192M) 153.528ms
[6588.692s][info][gc,cpu         ] GC(1090) User=1.22s Sys=0.00s Real=0.16s
...[6591.887s][info][gc,start       ] GC(1091) Pause Young (Normal) (G1 Evacuation Pause)
[6591.887s][info][gc,task        ] GC(1091) Using 8 workers of 8 for evacuation
[6592.040s][info][gc,phases      ] GC(1091)   Pre Evacuate Collection Set: 0.26ms
[6592.040s][info][gc,phases      ] GC(1091)   Merge Heap Roots: 0.57ms
[6592.040s][info][gc,phases      ] GC(1091)   Evacuate Collection Set: 151.36ms
[6592.040s][info][gc,phases      ] GC(1091)   Post Evacuate Collection Set: 1.08ms
[6592.040s][info][gc,phases      ] GC(1091)   Other: 0.08ms
[6592.040s][info][gc,heap        ] GC(1091) Eden regions: 571->0(570)
[6592.040s][info][gc,heap        ] GC(1091) Survivor regions: 43->44(77)
[6592.040s][info][gc,heap        ] GC(1091) Old regions: 236->243
[6592.040s][info][gc,heap        ] GC(1091) Humongous regions: 33->33
[6592.040s][info][gc,metaspace   ] GC(1091) Metaspace: 30006K(30528K)->30006K(30528K) NonClass: 26608K(26880K)->26608K(26880K) Class: 3397K(3648K)->3397K(3648K)
[6592.040s][info][gc             ] GC(1091) Pause Young (Normal) (G1 Evacuation Pause) 7043M->2538M(8192M) 153.480ms
[6592.040s][info][gc,cpu         ] GC(1091) User=1.22s Sys=0.00s Real=0.15s
....[6595.201s][info][gc,start       ] GC(1092) Pause Young (Normal) (G1 Evacuation Pause)
[6595.202s][info][gc,task        ] GC(1092) Using 8 workers of 8 for evacuation
[6595.354s][info][gc,phases      ] GC(1092)   Pre Evacuate Collection Set: 0.26ms
[6595.354s][info][gc,phases      ] GC(1092)   Merge Heap Roots: 0.56ms
[6595.354s][info][gc,phases      ] GC(1092)   Evacuate Collection Set: 150.53ms
[6595.354s][info][gc,phases      ] GC(1092)   Post Evacuate Collection Set: 1.07ms
[6595.354s][info][gc,phases      ] GC(1092)   Other: 0.06ms
[6595.354s][info][gc,heap        ] GC(1092) Eden regions: 570->0(571)
[6595.354s][info][gc,heap        ] GC(1092) Survivor regions: 44->43(77)
[6595.354s][info][gc,heap        ] GC(1092) Old regions: 243->250
[6595.354s][info][gc,heap        ] GC(1092) Humongous regions: 33->33
[6595.354s][info][gc,metaspace   ] GC(1092) Metaspace: 30006K(30528K)->30006K(30528K) NonClass: 26608K(26880K)->26608K(26880K) Class: 3397K(3648K)->3397K(3648K)
[6595.354s][info][gc             ] GC(1092) Pause Young (Normal) (G1 Evacuation Pause) 7098M->2593M(8192M) 152.625ms
[6595.354s][info][gc,cpu         ] GC(1092) User=1.21s Sys=0.01s Real=0.15s
...[6598.626s][info][gc,start       ] GC(1093) Pause Young (Normal) (G1 Evacuation Pause)
[6598.626s][info][gc,task        ] GC(1093) Using 8 workers of 8 for evacuation
[6598.781s][info][gc,phases      ] GC(1093)   Pre Evacuate Collection Set: 0.23ms
[6598.781s][info][gc,phases      ] GC(1093)   Merge Heap Roots: 0.65ms
[6598.781s][info][gc,phases      ] GC(1093)   Evacuate Collection Set: 152.90ms
[6598.781s][info][gc,phases      ] GC(1093)   Post Evacuate Collection Set: 1.06ms
[6598.781s][info][gc,phases      ] GC(1093)   Other: 0.07ms
[6598.781s][info][gc,heap        ] GC(1093) Eden regions: 571->0(570)
[6598.781s][info][gc,heap        ] GC(1093) Survivor regions: 43->44(77)
[6598.781s][info][gc,heap        ] GC(1093) Old regions: 250->257
[6598.781s][info][gc,heap        ] GC(1093) Humongous regions: 33->33
[6598.781s][info][gc,metaspace   ] GC(1093) Metaspace: 30006K(30528K)->30006K(30528K) NonClass: 26608K(26880K)->26608K(26880K) Class: 3397K(3648K)->3397K(3648K)
[6598.781s][info][gc             ] GC(1093) Pause Young (Normal) (G1 Evacuation Pause) 7161M->2659M(8192M) 155.036ms
[6598.781s][info][gc,cpu         ] GC(1093) User=1.23s Sys=0.00s Real=0.16s
....[6602.066s][info][gc,start       ] GC(1094) Pause Young (Normal) (G1 Evacuation Pause)
[6602.066s][info][gc,task        ] GC(1094) Using 8 workers of 8 for evacuation
[6602.225s][info][gc,phases      ] GC(1094)   Pre Evacuate Collection Set: 0.22ms
[6602.225s][info][gc,phases      ] GC(1094)   Merge Heap Roots: 0.63ms
[6602.225s][info][gc,phases      ] GC(1094)   Evacuate Collection Set: 157.19ms
[6602.225s][info][gc,phases      ] GC(1094)   Post Evacuate Collection Set: 1.11ms
[6602.225s][info][gc,phases      ] GC(1094)   Other: 0.06ms
[6602.225s][info][gc,heap        ] GC(1094) Eden regions: 570->0(569)
[6602.225s][info][gc,heap        ] GC(1094) Survivor regions: 44->45(77)
[6602.225s][info][gc,heap        ] GC(1094) Old regions: 257->265
[6602.225s][info][gc,heap        ] GC(1094) Humongous regions: 33->33
[6602.225s][info][gc,metaspace   ] GC(1094) Metaspace: 30006K(30528K)->30006K(30528K) NonClass: 26608K(26880K)->26608K(26880K) Class: 3397K(3648K)->3397K(3648K)
[6602.225s][info][gc             ] GC(1094) Pause Young (Normal) (G1 Evacuation Pause) 7219M->2727M(8192M) 159.358ms
[6602.226s][info][gc,cpu         ] GC(1094) User=1.26s Sys=0.00s Real=0.16s
.. (rIR:aIR:PR = 11485:11488:11488) (tPR = 170055) [OK] 
  6604s: Performance info:
         Transaction,    Success,    Partial,     Failed,   Receipts, AvgBarcode, 
             Overall,     690095,          0,          0,     655784,      59.47, 
         Response times:
             Request,    Success,    Partial,     Failed,   SkipFail,     Probes,    Samples,      min,      p50,      p90,      p95,      p99,      max, 
       TotalPurchase,     655730,          0,          0,          0,     354917,     540760,      300,    12300,    99000,   142000,   260000,  3500000,
     InStorePurchase,     345712,          0,          0,          0,     186501,     283528,      300,    12300,    99000,   146000,   267000,  3500000,
      OnlinePurchase,     241055,          0,          0,          0,     130671,     199761,      300,    12400,    98000,   139000,   247000,  3500000,
        InstPurchase,      68963,          0,          0,          0,      37745,      57471,      400,    12300,    97000,   136000,   257000,  3500000,
          AssocOfCat,        687,          0,          0,          0,        584,       1029,    34000,    69000,   172000,   216000,   312100,  1100000,
      AssocOfProduct,       6882,          0,          0,          0,       4123,       6561,      900,    12500,    95000,   135000,   237000,  1100000,
      BusinessReport,       1726,          0,          0,          0,       1565,       2610,    34000,    77000,   167000,   221000,   340000,  2700000,
          CustBuyBeh,       6836,          0,          0,          0,       4206,       6793,      500,    11400,    94000,   134000,   239000,   595000,
       ProductReturn,      18185,          0,          0,          0,       9322,      14654,      200,    12200,    97000,   134000,   247000,  3500000,

  6604s: (84%)   IR =  11623 .[6605.416s][info][gc,start       ] GC(1095) Pause Young (Normal) (G1 Evacuation Pause)
[6605.416s][info][gc,task        ] GC(1095) Using 8 workers of 8 for evacuation
[6605.572s][info][gc,phases      ] GC(1095)   Pre Evacuate Collection Set: 0.24ms
[6605.572s][info][gc,phases      ] GC(1095)   Merge Heap Roots: 0.59ms
[6605.572s][info][gc,phases      ] GC(1095)   Evacuate Collection Set: 154.58ms
[6605.572s][info][gc,phases      ] GC(1095)   Post Evacuate Collection Set: 1.11ms
[6605.572s][info][gc,phases      ] GC(1095)   Other: 0.06ms
[6605.572s][info][gc,heap        ] GC(1095) Eden regions: 569->0(569)
[6605.572s][info][gc,heap        ] GC(1095) Survivor regions: 45->45(77)
[6605.572s][info][gc,heap        ] GC(1095) Old regions: 265->273
[6605.572s][info][gc,heap        ] GC(1095) Humongous regions: 33->33
[6605.572s][info][gc,metaspace   ] GC(1095) Metaspace: 30006K(30528K)->30006K(30528K) NonClass: 26608K(26880K)->26608K(26880K) Class: 3397K(3648K)->3397K(3648K)
[6605.572s][info][gc             ] GC(1095) Pause Young (Normal) (G1 Evacuation Pause) 7279M->2786M(8192M) 156.713ms
[6605.572s][info][gc,cpu         ] GC(1095) User=1.24s Sys=0.00s Real=0.16s
...[6608.624s][info][gc,start       ] GC(1096) Pause Young (Normal) (G1 Evacuation Pause)
[6608.624s][info][gc,task        ] GC(1096) Using 8 workers of 8 for evacuation
[6608.776s][info][gc,phases      ] GC(1096)   Pre Evacuate Collection Set: 0.25ms
[6608.776s][info][gc,phases      ] GC(1096)   Merge Heap Roots: 0.62ms
[6608.776s][info][gc,phases      ] GC(1096)   Evacuate Collection Set: 149.90ms
[6608.776s][info][gc,phases      ] GC(1096)   Post Evacuate Collection Set: 1.07ms
[6608.776s][info][gc,phases      ] GC(1096)   Other: 0.06ms
[6608.776s][info][gc,heap        ] GC(1096) Eden regions: 569->0(571)
[6608.776s][info][gc,heap        ] GC(1096) Survivor regions: 45->43(77)
[6608.776s][info][gc,heap        ] GC(1096) Old regions: 273->280
[6608.776s][info][gc,heap        ] GC(1096) Humongous regions: 33->33
[6608.776s][info][gc,metaspace   ] GC(1096) Metaspace: 30006K(30528K)->30006K(30528K) NonClass: 26608K(26880K)->26608K(26880K) Class: 3397K(3648K)->3397K(3648K)
[6608.776s][info][gc             ] GC(1096) Pause Young (Normal) (G1 Evacuation Pause) 7338M->2826M(8192M) 152.044ms
[6608.776s][info][gc,cpu         ] GC(1096) User=1.21s Sys=0.00s Real=0.15s
...[6611.975s][info][gc,start       ] GC(1097) Pause Young (Normal) (G1 Evacuation Pause)
[6611.975s][info][gc,task        ] GC(1097) Using 8 workers of 8 for evacuation
[6612.129s][info][gc,phases      ] GC(1097)   Pre Evacuate Collection Set: 0.24ms
[6612.129s][info][gc,phases      ] GC(1097)   Merge Heap Roots: 0.58ms
[6612.129s][info][gc,phases      ] GC(1097)   Evacuate Collection Set: 152.46ms
[6612.129s][info][gc,phases      ] GC(1097)   Post Evacuate Collection Set: 1.08ms
[6612.129s][info][gc,phases      ] GC(1097)   Other: 0.06ms
[6612.129s][info][gc,heap        ] GC(1097) Eden regions: 571->0(566)
[6612.129s][info][gc,heap        ] GC(1097) Survivor regions: 43->43(77)
[6612.129s][info][gc,heap        ] GC(1097) Old regions: 280->287
[6612.129s][info][gc,heap        ] GC(1097) Humongous regions: 33->33
[6612.129s][info][gc,metaspace   ] GC(1097) Metaspace: 30006K(30528K)->30006K(30528K) NonClass: 26608K(26880K)->26608K(26880K) Class: 3397K(3648K)->3397K(3648K)
[6612.129s][info][gc             ] GC(1097) Pause Young (Normal) (G1 Evacuation Pause) 7394M->2886M(8192M) 154.543ms
[6612.129s][info][gc,cpu         ] GC(1097) User=1.23s Sys=0.00s Real=0.15s
....|[6615.338s][info][gc,start       ] GC(1098) Pause Young (Normal) (G1 Evacuation Pause)
[6615.338s][info][gc,task        ] GC(1098) Using 8 workers of 8 for evacuation
[6615.491s][info][gc,phases      ] GC(1098)   Pre Evacuate Collection Set: 0.22ms
[6615.491s][info][gc,phases      ] GC(1098)   Merge Heap Roots: 0.57ms
[6615.491s][info][gc,phases      ] GC(1098)   Evacuate Collection Set: 150.93ms
[6615.491s][info][gc,phases      ] GC(1098)   Post Evacuate Collection Set: 1.08ms
[6615.491s][info][gc,phases      ] GC(1098)   Other: 0.06ms
[6615.491s][info][gc,heap        ] GC(1098) Eden regions: 566->0(559)
[6615.491s][info][gc,heap        ] GC(1098) Survivor regions: 43->43(77)
[6615.491s][info][gc,heap        ] GC(1098) Old regions: 287->294
[6615.491s][info][gc,heap        ] GC(1098) Humongous regions: 33->33
[6615.491s][info][gc,metaspace   ] GC(1098) Metaspace: 30006K(30528K)->30006K(30528K) NonClass: 26608K(26880K)->26608K(26880K) Class: 3397K(3648K)->3397K(3648K)
[6615.491s][info][gc             ] GC(1098) Pause Young (Normal) (G1 Evacuation Pause) 7414M->2945M(8192M) 152.999ms
[6615.491s][info][gc,cpu         ] GC(1098) User=1.21s Sys=0.00s Real=0.16s
...[6618.489s][info][gc,start       ] GC(1099) Pause Young (Normal) (G1 Evacuation Pause)
[6618.489s][info][gc,task        ] GC(1099) Using 8 workers of 8 for evacuation
[6618.636s][info][gc,phases      ] GC(1099)   Pre Evacuate Collection Set: 0.23ms
[6618.636s][info][gc,phases      ] GC(1099)   Merge Heap Roots: 0.58ms
[6618.636s][info][gc,phases      ] GC(1099)   Evacuate Collection Set: 145.09ms
[6618.636s][info][gc,phases      ] GC(1099)   Post Evacuate Collection Set: 1.01ms
[6618.636s][info][gc,phases      ] GC(1099)   Other: 0.07ms
[6618.636s][info][gc,heap        ] GC(1099) Eden regions: 559->0(554)
[6618.636s][info][gc,heap        ] GC(1099) Survivor regions: 43->42(76)
[6618.636s][info][gc,heap        ] GC(1099) Old regions: 294->301
[6618.636s][info][gc,heap        ] GC(1099) Humongous regions: 33->33
[6618.636s][info][gc,metaspace   ] GC(1099) Metaspace: 30006K(30528K)->30006K(30528K) NonClass: 26608K(26880K)->26608K(26880K) Class: 3397K(3648K)->3397K(3648K)
[6618.636s][info][gc             ] GC(1099) Pause Young (Normal) (G1 Evacuation Pause) 7417M->2993M(8192M) 147.112ms
[6618.636s][info][gc,cpu         ] GC(1099) User=1.17s Sys=0.00s Real=0.15s
...[6621.673s][info][gc,start       ] GC(1100) Pause Young (Normal) (G1 Evacuation Pause)
[6621.673s][info][gc,task        ] GC(1100) Using 8 workers of 8 for evacuation
[6621.825s][info][gc,phases      ] GC(1100)   Pre Evacuate Collection Set: 0.23ms
[6621.825s][info][gc,phases      ] GC(1100)   Merge Heap Roots: 0.61ms
[6621.825s][info][gc,phases      ] GC(1100)   Evacuate Collection Set: 150.03ms
[6621.825s][info][gc,phases      ] GC(1100)   Post Evacuate Collection Set: 1.03ms
[6621.825s][info][gc,phases      ] GC(1100)   Other: 0.06ms
[6621.825s][info][gc,heap        ] GC(1100) Eden regions: 554->0(544)
[6621.825s][info][gc,heap        ] GC(1100) Survivor regions: 42->43(75)
[6621.825s][info][gc,heap        ] GC(1100) Old regions: 301->309
[6621.825s][info][gc,heap        ] GC(1100) Humongous regions: 33->33
[6621.825s][info][gc,metaspace   ] GC(1100) Metaspace: 30006K(30528K)->30006K(30528K) NonClass: 26608K(26880K)->26608K(26880K) Class: 3397K(3648K)->3397K(3648K)
[6621.825s][info][gc             ] GC(1100) Pause Young (Normal) (G1 Evacuation Pause) 7425M->3058M(8192M) 152.083ms
[6621.825s][info][gc,cpu         ] GC(1100) User=1.20s Sys=0.00s Real=0.15s
...[6624.944s][info][gc,start       ] GC(1101) Pause Young (Concurrent Start) (G1 Evacuation Pause)
[6624.944s][info][gc,task        ] GC(1101) Using 8 workers of 8 for evacuation
[6625.103s][info][gc,phases      ] GC(1101)   Pre Evacuate Collection Set: 0.28ms
[6625.103s][info][gc,phases      ] GC(1101)   Merge Heap Roots: 0.57ms
[6625.103s][info][gc,phases      ] GC(1101)   Evacuate Collection Set: 157.28ms
[6625.103s][info][gc,phases      ] GC(1101)   Post Evacuate Collection Set: 1.06ms
[6625.103s][info][gc,phases      ] GC(1101)   Other: 0.10ms
[6625.103s][info][gc,heap        ] GC(1101) Eden regions: 544->0(535)
[6625.103s][info][gc,heap        ] GC(1101) Survivor regions: 43->44(74)
[6625.103s][info][gc,heap        ] GC(1101) Old regions: 309->316
[6625.103s][info][gc,heap        ] GC(1101) Humongous regions: 33->33
[6625.103s][info][gc,metaspace   ] GC(1101) Metaspace: 30006K(30528K)->30006K(30528K) NonClass: 26608K(26880K)->26608K(26880K) Class: 3397K(3648K)->3397K(3648K)
[6625.103s][info][gc             ] GC(1101) Pause Young (Concurrent Start) (G1 Evacuation Pause) 7410M->3129M(8192M) 159.420ms
[6625.103s][info][gc,cpu         ] GC(1101) User=1.26s Sys=0.00s Real=0.16s
[6625.104s][info][gc             ] GC(1102) Concurrent Mark Cycle
[6625.104s][info][gc,marking     ] GC(1102) Concurrent Scan Root Regions
.[6625.568s][info][gc,marking     ] GC(1102) Concurrent Scan Root Regions 464.266ms
[6625.568s][info][gc,marking     ] GC(1102) Concurrent Mark
[6625.568s][info][gc,marking     ] GC(1102) Concurrent Mark From Roots
[6625.568s][info][gc,task        ] GC(1102) Using 2 workers of 2 for marking
.[6626.855s][info][gc,marking     ] GC(1102) Concurrent Mark From Roots 1287.130ms
[6626.855s][info][gc,marking     ] GC(1102) Concurrent Preclean
[6626.855s][info][gc,marking     ] GC(1102) Concurrent Preclean 0.134ms
[6626.855s][info][gc,start       ] GC(1102) Pause Remark
[6626.859s][info][gc             ] GC(1102) Pause Remark 5169M->4593M(8192M) 3.538ms
[6626.859s][info][gc,cpu         ] GC(1102) User=0.03s Sys=0.00s Real=0.00s
[6626.859s][info][gc,marking     ] GC(1102) Concurrent Mark 1291.381ms
[6626.859s][info][gc,marking     ] GC(1102) Concurrent Rebuild Remembered Sets and Scrub Regions
.[6627.723s][info][gc,marking     ] GC(1102) Concurrent Rebuild Remembered Sets and Scrub Regions 864.085ms
[6627.724s][info][gc,start       ] GC(1102) Pause Cleanup
[6627.724s][info][gc             ] GC(1102) Pause Cleanup 5701M->5701M(8192M) 0.257ms
[6627.724s][info][gc,cpu         ] GC(1102) User=0.00s Sys=0.00s Real=0.00s
[6627.724s][info][gc,marking     ] GC(1102) Concurrent Clear Claimed Marks
[6627.724s][info][gc,marking     ] GC(1102) Concurrent Clear Claimed Marks 0.045ms
[6627.724s][info][gc,marking     ] GC(1102) Concurrent Cleanup for Next Mark
[6627.734s][info][gc,marking     ] GC(1102) Concurrent Cleanup for Next Mark 9.840ms
[6627.734s][info][gc             ] GC(1102) Concurrent Mark Cycle 2630.319ms
.[6628.470s][info][gc,start       ] GC(1103) Pause Young (Prepare Mixed) (G1 Evacuation Pause)
[6628.470s][info][gc,task        ] GC(1103) Using 8 workers of 8 for evacuation
[6628.621s][info][gc,phases      ] GC(1103)   Pre Evacuate Collection Set: 0.22ms
[6628.621s][info][gc,phases      ] GC(1103)   Merge Heap Roots: 0.83ms
[6628.621s][info][gc,phases      ] GC(1103)   Evacuate Collection Set: 148.06ms
[6628.621s][info][gc,phases      ] GC(1103)   Post Evacuate Collection Set: 1.15ms
[6628.621s][info][gc,phases      ] GC(1103)   Other: 0.06ms
[6628.621s][info][gc,heap        ] GC(1103) Eden regions: 535->0(572)
[6628.621s][info][gc,heap        ] GC(1103) Survivor regions: 44->42(73)
[6628.621s][info][gc,heap        ] GC(1103) Old regions: 244->252
[6628.621s][info][gc,heap        ] GC(1103) Humongous regions: 33->33
[6628.621s][info][gc,metaspace   ] GC(1103) Metaspace: 30006K(30528K)->30006K(30528K) NonClass: 26608K(26880K)->26608K(26880K) Class: 3397K(3648K)->3397K(3648K)
[6628.621s][info][gc             ] GC(1103) Pause Young (Prepare Mixed) (G1 Evacuation Pause) 6833M->2593M(8192M) 150.442ms
[6628.621s][info][gc,cpu         ] GC(1103) User=1.19s Sys=0.00s Real=0.15s
...[6631.430s][info][gc,start       ] GC(1104) Pause Young (Mixed) (G1 Evacuation Pause)
[6631.430s][info][gc,task        ] GC(1104) Using 8 workers of 8 for evacuation
[6631.595s][info][gc,phases      ] GC(1104)   Pre Evacuate Collection Set: 0.25ms
[6631.595s][info][gc,phases      ] GC(1104)   Merge Heap Roots: 0.93ms
[6631.595s][info][gc,phases      ] GC(1104)   Evacuate Collection Set: 162.30ms
[6631.595s][info][gc,phases      ] GC(1104)   Post Evacuate Collection Set: 1.34ms
[6631.595s][info][gc,phases      ] GC(1104)   Other: 0.07ms
[6631.595s][info][gc,heap        ] GC(1104) Eden regions: 572->0(571)
[6631.595s][info][gc,heap        ] GC(1104) Survivor regions: 42->43(77)
[6631.595s][info][gc,heap        ] GC(1104) Old regions: 252->157
[6631.595s][info][gc,heap        ] GC(1104) Humongous regions: 33->33
[6631.595s][info][gc,metaspace   ] GC(1104) Metaspace: 30006K(30528K)->30006K(30528K) NonClass: 26608K(26880K)->26608K(26880K) Class: 3397K(3648K)->3397K(3648K)
[6631.595s][info][gc             ] GC(1104) Pause Young (Mixed) (G1 Evacuation Pause) 7169M->1844M(8192M) 165.030ms
[6631.595s][info][gc,cpu         ] GC(1104) User=1.30s Sys=0.00s Real=0.17s
...[6634.753s][info][gc,start       ] GC(1105) Pause Young (Mixed) (G1 Evacuation Pause)
[6634.754s][info][gc,task        ] GC(1105) Using 8 workers of 8 for evacuation
[6634.917s][info][gc,phases      ] GC(1105)   Pre Evacuate Collection Set: 0.24ms
[6634.917s][info][gc,phases      ] GC(1105)   Merge Heap Roots: 0.86ms
[6634.917s][info][gc,phases      ] GC(1105)   Evacuate Collection Set: 160.71ms
[6634.917s][info][gc,phases      ] GC(1105)   Post Evacuate Collection Set: 1.14ms
[6634.917s][info][gc,phases      ] GC(1105)   Other: 0.06ms
[6634.917s][info][gc,heap        ] GC(1105) Eden regions: 571->0(571)
[6634.917s][info][gc,heap        ] GC(1105) Survivor regions: 43->43(77)
[6634.917s][info][gc,heap        ] GC(1105) Old regions: 157->142
[6634.917s][info][gc,heap        ] GC(1105) Humongous regions: 33->33
[6634.917s][info][gc,metaspace   ] GC(1105) Metaspace: 30006K(30528K)->30006K(30528K) NonClass: 26608K(26880K)->26608K(26880K) Class: 3397K(3648K)->3397K(3648K)
[6634.917s][info][gc             ] GC(1105) Pause Young (Mixed) (G1 Evacuation Pause) 6412M->1729M(8192M) 163.146ms
[6634.917s][info][gc,cpu         ] GC(1105) User=1.29s Sys=0.00s Real=0.16s
...[6638.011s][info][gc,start       ] GC(1106) Pause Young (Normal) (G1 Evacuation Pause)
[6638.011s][info][gc,task        ] GC(1106) Using 8 workers of 8 for evacuation
[6638.163s][info][gc,phases      ] GC(1106)   Pre Evacuate Collection Set: 0.24ms
[6638.163s][info][gc,phases      ] GC(1106)   Merge Heap Roots: 0.56ms
[6638.163s][info][gc,phases      ] GC(1106)   Evacuate Collection Set: 149.65ms
[6638.163s][info][gc,phases      ] GC(1106)   Post Evacuate Collection Set: 1.05ms
[6638.163s][info][gc,phases      ] GC(1106)   Other: 0.06ms
[6638.163s][info][gc,heap        ] GC(1106) Eden regions: 571->0(571)
[6638.163s][info][gc,heap        ] GC(1106) Survivor regions: 43->43(77)
[6638.163s][info][gc,heap        ] GC(1106) Old regions: 142->149
[6638.163s][info][gc,heap        ] GC(1106) Humongous regions: 33->33
[6638.163s][info][gc,metaspace   ] GC(1106) Metaspace: 30006K(30528K)->30006K(30528K) NonClass: 26608K(26880K)->26608K(26880K) Class: 3397K(3648K)->3397K(3648K)
[6638.163s][info][gc             ] GC(1106) Pause Young (Normal) (G1 Evacuation Pause) 6297M->1787M(8192M) 151.717ms
[6638.163s][info][gc,cpu         ] GC(1106) User=1.20s Sys=0.00s Real=0.15s
....[6641.326s][info][gc,start       ] GC(1107) Pause Young (Normal) (G1 Evacuation Pause)
[6641.326s][info][gc,task        ] GC(1107) Using 8 workers of 8 for evacuation
[6641.483s][info][gc,phases      ] GC(1107)   Pre Evacuate Collection Set: 0.23ms
[6641.483s][info][gc,phases      ] GC(1107)   Merge Heap Roots: 0.55ms
[6641.483s][info][gc,phases      ] GC(1107)   Evacuate Collection Set: 154.85ms
[6641.483s][info][gc,phases      ] GC(1107)   Post Evacuate Collection Set: 1.06ms
[6641.483s][info][gc,phases      ] GC(1107)   Other: 0.06ms
[6641.483s][info][gc,heap        ] GC(1107) Eden regions: 571->0(570)
[6641.483s][info][gc,heap        ] GC(1107) Survivor regions: 43->44(77)
[6641.483s][info][gc,heap        ] GC(1107) Old regions: 149->157
[6641.483s][info][gc,heap        ] GC(1107) Humongous regions: 33->33
[6641.483s][info][gc,metaspace   ] GC(1107) Metaspace: 30006K(30528K)->30006K(30528K) NonClass: 26608K(26880K)->26608K(26880K) Class: 3397K(3648K)->3397K(3648K)
[6641.483s][info][gc             ] GC(1107) Pause Young (Normal) (G1 Evacuation Pause) 6355M->1853M(8192M) 156.880ms
[6641.483s][info][gc,cpu         ] GC(1107) User=1.24s Sys=0.00s Real=0.16s
...[6644.691s][info][gc,start       ] GC(1108) Pause Young (Normal) (G1 Evacuation Pause)
[6644.691s][info][gc,task        ] GC(1108) Using 8 workers of 8 for evacuation
[6644.845s][info][gc,phases      ] GC(1108)   Pre Evacuate Collection Set: 0.22ms
[6644.845s][info][gc,phases      ] GC(1108)   Merge Heap Roots: 0.59ms
[6644.845s][info][gc,phases      ] GC(1108)   Evacuate Collection Set: 152.26ms
[6644.845s][info][gc,phases      ] GC(1108)   Post Evacuate Collection Set: 1.05ms
[6644.845s][info][gc,phases      ] GC(1108)   Other: 0.07ms
[6644.845s][info][gc,heap        ] GC(1108) Eden regions: 570->0(571)
[6644.845s][info][gc,heap        ] GC(1108) Survivor regions: 44->43(77)
[6644.845s][info][gc,heap        ] GC(1108) Old regions: 157->163
[6644.845s][info][gc,heap        ] GC(1108) Humongous regions: 33->33
[6644.845s][info][gc,metaspace   ] GC(1108) Metaspace: 30006K(30528K)->30006K(30528K) NonClass: 26608K(26880K)->26608K(26880K) Class: 3397K(3648K)->3397K(3648K)
[6644.845s][info][gc             ] GC(1108) Pause Young (Normal) (G1 Evacuation Pause) 6413M->1899M(8192M) 154.318ms
[6644.845s][info][gc,cpu         ] GC(1108) User=1.22s Sys=0.01s Real=0.15s
...[6648.020s][info][gc,start       ] GC(1109) Pause Young (Normal) (G1 Evacuation Pause)
[6648.020s][info][gc,task        ] GC(1109) Using 8 workers of 8 for evacuation
[6648.174s][info][gc,phases      ] GC(1109)   Pre Evacuate Collection Set: 0.22ms
[6648.174s][info][gc,phases      ] GC(1109)   Merge Heap Roots: 0.57ms
[6648.174s][info][gc,phases      ] GC(1109)   Evacuate Collection Set: 152.31ms
[6648.174s][info][gc,phases      ] GC(1109)   Post Evacuate Collection Set: 1.04ms
[6648.174s][info][gc,phases      ] GC(1109)   Other: 0.08ms
[6648.174s][info][gc,heap        ] GC(1109) Eden regions: 571->0(570)
[6648.174s][info][gc,heap        ] GC(1109) Survivor regions: 43->44(77)
[6648.174s][info][gc,heap        ] GC(1109) Old regions: 163->170
[6648.174s][info][gc,heap        ] GC(1109) Humongous regions: 33->33
[6648.174s][info][gc,metaspace   ] GC(1109) Metaspace: 30006K(30528K)->30006K(30528K) NonClass: 26608K(26880K)->26608K(26880K) Class: 3397K(3648K)->3397K(3648K)
[6648.174s][info][gc             ] GC(1109) Pause Young (Normal) (G1 Evacuation Pause) 6467M->1959M(8192M) 154.332ms
[6648.174s][info][gc,cpu         ] GC(1109) User=1.23s Sys=0.00s Real=0.16s
....[6651.267s][info][gc,start       ] GC(1110) Pause Young (Normal) (G1 Evacuation Pause)
[6651.267s][info][gc,task        ] GC(1110) Using 8 workers of 8 for evacuation
[6651.428s][info][gc,phases      ] GC(1110)   Pre Evacuate Collection Set: 0.23ms
[6651.428s][info][gc,phases      ] GC(1110)   Merge Heap Roots: 0.61ms
[6651.428s][info][gc,phases      ] GC(1110)   Evacuate Collection Set: 158.76ms
[6651.428s][info][gc,phases      ] GC(1110)   Post Evacuate Collection Set: 1.06ms
[6651.428s][info][gc,phases      ] GC(1110)   Other: 0.06ms
[6651.428s][info][gc,heap        ] GC(1110) Eden regions: 570->0(569)
[6651.428s][info][gc,heap        ] GC(1110) Survivor regions: 44->45(77)
[6651.428s][info][gc,heap        ] GC(1110) Old regions: 170->178
[6651.428s][info][gc,heap        ] GC(1110) Humongous regions: 33->33
[6651.428s][info][gc,metaspace   ] GC(1110) Metaspace: 30006K(30528K)->30006K(30528K) NonClass: 26608K(26880K)->26608K(26880K) Class: 3397K(3648K)->3397K(3648K)
[6651.428s][info][gc             ] GC(1110) Pause Young (Normal) (G1 Evacuation Pause) 6519M->2025M(8192M) 160.866ms
[6651.428s][info][gc,cpu         ] GC(1110) User=1.28s Sys=0.00s Real=0.16s
...[6654.524s][info][gc,start       ] GC(1111) Pause Young (Normal) (G1 Evacuation Pause)
[6654.524s][info][gc,task        ] GC(1111) Using 8 workers of 8 for evacuation
[6654.677s][info][gc,phases      ] GC(1111)   Pre Evacuate Collection Set: 0.26ms
[6654.677s][info][gc,phases      ] GC(1111)   Merge Heap Roots: 0.67ms
[6654.677s][info][gc,phases      ] GC(1111)   Evacuate Collection Set: 151.21ms
[6654.677s][info][gc,phases      ] GC(1111)   Post Evacuate Collection Set: 1.08ms
[6654.677s][info][gc,phases      ] GC(1111)   Other: 0.06ms
[6654.677s][info][gc,heap        ] GC(1111) Eden regions: 569->0(571)
[6654.677s][info][gc,heap        ] GC(1111) Survivor regions: 45->43(77)
[6654.677s][info][gc,heap        ] GC(1111) Old regions: 178->184
[6654.677s][info][gc,heap        ] GC(1111) Humongous regions: 33->33
[6654.677s][info][gc,metaspace   ] GC(1111) Metaspace: 30006K(30528K)->30006K(30528K) NonClass: 26608K(26880K)->26608K(26880K) Class: 3397K(3648K)->3397K(3648K)
[6654.677s][info][gc             ] GC(1111) Pause Young (Normal) (G1 Evacuation Pause) 6577M->2067M(8192M) 153.423ms
[6654.677s][info][gc,cpu         ] GC(1111) User=1.21s Sys=0.00s Real=0.15s
...[6657.864s][info][gc,start       ] GC(1112) Pause Young (Normal) (G1 Evacuation Pause)
[6657.864s][info][gc,task        ] GC(1112) Using 8 workers of 8 for evacuation
[6658.014s][info][gc,phases      ] GC(1112)   Pre Evacuate Collection Set: 0.24ms
[6658.014s][info][gc,phases      ] GC(1112)   Merge Heap Roots: 0.56ms
[6658.014s][info][gc,phases      ] GC(1112)   Evacuate Collection Set: 148.79ms
[6658.014s][info][gc,phases      ] GC(1112)   Post Evacuate Collection Set: 1.05ms
[6658.014s][info][gc,phases      ] GC(1112)   Other: 0.06ms
[6658.014s][info][gc,heap        ] GC(1112) Eden regions: 571->0(571)
[6658.014s][info][gc,heap        ] GC(1112) Survivor regions: 43->43(77)
[6658.015s][info][gc,heap        ] GC(1112) Old regions: 184->191
[6658.015s][info][gc,heap        ] GC(1112) Humongous regions: 33->33
[6658.015s][info][gc,metaspace   ] GC(1112) Metaspace: 30006K(30528K)->30006K(30528K) NonClass: 26608K(26880K)->26608K(26880K) Class: 3397K(3648K)->3397K(3648K)
[6658.015s][info][gc             ] GC(1112) Pause Young (Normal) (G1 Evacuation Pause) 6635M->2119M(8192M) 150.837ms
[6658.015s][info][gc,cpu         ] GC(1112) User=1.20s Sys=0.00s Real=0.15s
...[6661.090s][info][gc,start       ] GC(1113) Pause Young (Normal) (G1 Evacuation Pause)
[6661.090s][info][gc,task        ] GC(1113) Using 8 workers of 8 for evacuation
[6661.251s][info][gc,phases      ] GC(1113)   Pre Evacuate Collection Set: 0.23ms
[6661.251s][info][gc,phases      ] GC(1113)   Merge Heap Roots: 0.62ms
[6661.251s][info][gc,phases      ] GC(1113)   Evacuate Collection Set: 159.04ms
[6661.251s][info][gc,phases      ] GC(1113)   Post Evacuate Collection Set: 1.06ms
[6661.251s][info][gc,phases      ] GC(1113)   Other: 0.06ms
[6661.251s][info][gc,heap        ] GC(1113) Eden regions: 571->0(569)
[6661.251s][info][gc,heap        ] GC(1113) Survivor regions: 43->45(77)
[6661.251s][info][gc,heap        ] GC(1113) Old regions: 191->199
[6661.251s][info][gc,heap        ] GC(1113) Humongous regions: 33->33
[6661.251s][info][gc,metaspace   ] GC(1113) Metaspace: 30006K(30528K)->30006K(30528K) NonClass: 26608K(26880K)->26608K(26880K) Class: 3397K(3648K)->3397K(3648K)
[6661.251s][info][gc             ] GC(1113) Pause Young (Normal) (G1 Evacuation Pause) 6687M->2197M(8192M) 161.164ms
[6661.251s][info][gc,cpu         ] GC(1113) User=1.27s Sys=0.00s Real=0.17s
....[6664.351s][info][gc,start       ] GC(1114) Pause Young (Normal) (G1 Evacuation Pause)
[6664.351s][info][gc,task        ] GC(1114) Using 8 workers of 8 for evacuation
[6664.504s][info][gc,phases      ] GC(1114)   Pre Evacuate Collection Set: 0.26ms
[6664.504s][info][gc,phases      ] GC(1114)   Merge Heap Roots: 0.56ms
[6664.504s][info][gc,phases      ] GC(1114)   Evacuate Collection Set: 151.24ms
[6664.504s][info][gc,phases      ] GC(1114)   Post Evacuate Collection Set: 1.05ms
[6664.504s][info][gc,phases      ] GC(1114)   Other: 0.07ms
[6664.504s][info][gc,heap        ] GC(1114) Eden regions: 569->0(570)
[6664.504s][info][gc,heap        ] GC(1114) Survivor regions: 45->44(77)
[6664.504s][info][gc,heap        ] GC(1114) Old regions: 199->206
[6664.504s][info][gc,heap        ] GC(1114) Humongous regions: 33->33
[6664.504s][info][gc,metaspace   ] GC(1114) Metaspace: 30007K(30528K)->30007K(30528K) NonClass: 26609K(26880K)->26609K(26880K) Class: 3397K(3648K)->3397K(3648K)
[6664.504s][info][gc             ] GC(1114) Pause Young (Normal) (G1 Evacuation Pause) 6749M->2243M(8192M) 153.297ms
[6664.504s][info][gc,cpu         ] GC(1114) User=1.22s Sys=0.00s Real=0.15s
...[6667.779s][info][gc,start       ] GC(1115) Pause Young (Normal) (G1 Evacuation Pause)
[6667.779s][info][gc,task        ] GC(1115) Using 8 workers of 8 for evacuation
[6667.930s][info][gc,phases      ] GC(1115)   Pre Evacuate Collection Set: 0.22ms
[6667.930s][info][gc,phases      ] GC(1115)   Merge Heap Roots: 0.55ms
[6667.930s][info][gc,phases      ] GC(1115)   Evacuate Collection Set: 148.52ms
[6667.930s][info][gc,phases      ] GC(1115)   Post Evacuate Collection Set: 1.06ms
[6667.930s][info][gc,phases      ] GC(1115)   Other: 0.06ms
[6667.930s][info][gc,heap        ] GC(1115) Eden regions: 570->0(571)
[6667.930s][info][gc,heap        ] GC(1115) Survivor regions: 44->43(77)
[6667.930s][info][gc,heap        ] GC(1115) Old regions: 206->213
[6667.930s][info][gc,heap        ] GC(1115) Humongous regions: 33->33
[6667.930s][info][gc,metaspace   ] GC(1115) Metaspace: 30007K(30528K)->30007K(30528K) NonClass: 26609K(26880K)->26609K(26880K) Class: 3397K(3648K)->3397K(3648K)
[6667.930s][info][gc             ] GC(1115) Pause Young (Normal) (G1 Evacuation Pause) 6803M->2294M(8192M) 150.539ms
[6667.930s][info][gc,cpu         ] GC(1115) User=1.19s Sys=0.00s Real=0.15s
...[6671.141s][info][gc,start       ] GC(1116) Pause Young (Normal) (G1 Evacuation Pause)
[6671.141s][info][gc,task        ] GC(1116) Using 8 workers of 8 for evacuation
[6671.294s][info][gc,phases      ] GC(1116)   Pre Evacuate Collection Set: 0.22ms
[6671.294s][info][gc,phases      ] GC(1116)   Merge Heap Roots: 0.58ms
[6671.294s][info][gc,phases      ] GC(1116)   Evacuate Collection Set: 151.36ms
[6671.295s][info][gc,phases      ] GC(1116)   Post Evacuate Collection Set: 1.06ms
[6671.295s][info][gc,phases      ] GC(1116)   Other: 0.06ms
[6671.295s][info][gc,heap        ] GC(1116) Eden regions: 571->0(571)
[6671.295s][info][gc,heap        ] GC(1116) Survivor regions: 43->43(77)
[6671.295s][info][gc,heap        ] GC(1116) Old regions: 213->220
[6671.295s][info][gc,heap        ] GC(1116) Humongous regions: 33->33
[6671.295s][info][gc,metaspace   ] GC(1116) Metaspace: 30007K(30528K)->30007K(30528K) NonClass: 26609K(26880K)->26609K(26880K) Class: 3397K(3648K)->3397K(3648K)
[6671.295s][info][gc             ] GC(1116) Pause Young (Normal) (G1 Evacuation Pause) 6862M->2349M(8192M) 153.433ms
[6671.295s][info][gc,cpu         ] GC(1116) User=1.21s Sys=0.00s Real=0.15s
....[6674.405s][info][gc,start       ] GC(1117) Pause Young (Normal) (G1 Evacuation Pause)
[6674.405s][info][gc,task        ] GC(1117) Using 8 workers of 8 for evacuation
[6674.558s][info][gc,phases      ] GC(1117)   Pre Evacuate Collection Set: 0.22ms
[6674.558s][info][gc,phases      ] GC(1117)   Merge Heap Roots: 0.60ms
[6674.558s][info][gc,phases      ] GC(1117)   Evacuate Collection Set: 151.01ms
[6674.558s][info][gc,phases      ] GC(1117)   Post Evacuate Collection Set: 1.07ms
[6674.558s][info][gc,phases      ] GC(1117)   Other: 0.06ms
[6674.558s][info][gc,heap        ] GC(1117) Eden regions: 571->0(572)
[6674.558s][info][gc,heap        ] GC(1117) Survivor regions: 43->42(77)
[6674.558s][info][gc,heap        ] GC(1117) Old regions: 220->227
[6674.558s][info][gc,heap        ] GC(1117) Humongous regions: 33->33
[6674.558s][info][gc,metaspace   ] GC(1117) Metaspace: 30007K(30528K)->30007K(30528K) NonClass: 26609K(26880K)->26609K(26880K) Class: 3397K(3648K)->3397K(3648K)
[6674.558s][info][gc             ] GC(1117) Pause Young (Normal) (G1 Evacuation Pause) 6917M->2398M(8192M) 153.097ms
[6674.558s][info][gc,cpu         ] GC(1117) User=1.21s Sys=0.00s Real=0.15s
. (rIR:aIR:PR = 11623:11645:11649) (tPR = 175020) [OK] 
  6675s: Performance info:
         Transaction,    Success,    Partial,     Failed,   Receipts, AvgBarcode, 
             Overall,     699971,          0,          0,     664891,      59.48, 
         Response times:
             Request,    Success,    Partial,     Failed,   SkipFail,     Probes,    Samples,      min,      p50,      p90,      p95,      p99,      max, 
       TotalPurchase,     664561,          0,          0,          0,     350341,     428372,      300,    14000,   103000,   175000,   355000,  5000000,
     InStorePurchase,     347281,          0,          0,          0,     184178,     225915,      300,    13800,   103000,   174000,   363000,  5000000,
      OnlinePurchase,     248245,          0,          0,          0,     129217,     157394,      300,    14100,   103000,   178000,   341000,  5000000,
        InstPurchase,      69035,          0,          0,          0,      36946,      45063,      500,    14000,   104000,   181000,   346000,  5000000,
          AssocOfCat,        692,          0,          0,          0,        577,        847,    33000,    69000,   155400,   224000,   392520,   700000,
      AssocOfProduct,       7038,          0,          0,          0,       4180,       5372,      900,    14000,   100700,   178350,   326000,  1100000,
      BusinessReport,       1742,          0,          0,          0,       1554,       2022,    35000,    83000,   190100,   252000,   435540,   910000,
          CustBuyBeh,       6960,          0,          0,          0,       4150,       5328,      700,    13500,    99000,   160550,   323710,  5000000,
       ProductReturn,      18730,          0,          0,          0,       9388,      11687,      500,    14000,   102000,   171000,   351120,   980000,

  6675s: (85%)   IR =  11761 ..[6677.709s][info][gc,start       ] GC(1118) Pause Young (Normal) (G1 Evacuation Pause)
[6677.709s][info][gc,task        ] GC(1118) Using 8 workers of 8 for evacuation
[6677.870s][info][gc,phases      ] GC(1118)   Pre Evacuate Collection Set: 0.24ms
[6677.870s][info][gc,phases      ] GC(1118)   Merge Heap Roots: 0.65ms
[6677.870s][info][gc,phases      ] GC(1118)   Evacuate Collection Set: 159.27ms
[6677.870s][info][gc,phases      ] GC(1118)   Post Evacuate Collection Set: 1.04ms
[6677.870s][info][gc,phases      ] GC(1118)   Other: 0.06ms
[6677.870s][info][gc,heap        ] GC(1118) Eden regions: 572->0(569)
[6677.870s][info][gc,heap        ] GC(1118) Survivor regions: 42->45(77)
[6677.870s][info][gc,heap        ] GC(1118) Old regions: 227->234
[6677.870s][info][gc,heap        ] GC(1118) Humongous regions: 33->33
[6677.870s][info][gc,metaspace   ] GC(1118) Metaspace: 30007K(30528K)->30007K(30528K) NonClass: 26609K(26880K)->26609K(26880K) Class: 3397K(3648K)->3397K(3648K)
[6677.870s][info][gc             ] GC(1118) Pause Young (Normal) (G1 Evacuation Pause) 6974M->2478M(8192M) 161.413ms
[6677.870s][info][gc,cpu         ] GC(1118) User=1.27s Sys=0.00s Real=0.16s
...[6680.977s][info][gc,start       ] GC(1119) Pause Young (Normal) (G1 Evacuation Pause)
[6680.978s][info][gc,task        ] GC(1119) Using 8 workers of 8 for evacuation
[6681.137s][info][gc,phases      ] GC(1119)   Pre Evacuate Collection Set: 0.22ms
[6681.137s][info][gc,phases      ] GC(1119)   Merge Heap Roots: 0.53ms
[6681.137s][info][gc,phases      ] GC(1119)   Evacuate Collection Set: 157.07ms
[6681.137s][info][gc,phases      ] GC(1119)   Post Evacuate Collection Set: 1.07ms
[6681.137s][info][gc,phases      ] GC(1119)   Other: 0.07ms
[6681.137s][info][gc,heap        ] GC(1119) Eden regions: 569->0(569)
[6681.137s][info][gc,heap        ] GC(1119) Survivor regions: 45->45(77)
[6681.137s][info][gc,heap        ] GC(1119) Old regions: 234->241
[6681.137s][info][gc,heap        ] GC(1119) Humongous regions: 33->33
[6681.137s][info][gc,metaspace   ] GC(1119) Metaspace: 30007K(30528K)->30007K(30528K) NonClass: 26609K(26880K)->26609K(26880K) Class: 3397K(3648K)->3397K(3648K)
[6681.137s][info][gc             ] GC(1119) Pause Young (Normal) (G1 Evacuation Pause) 7030M->2531M(8192M) 159.094ms
[6681.137s][info][gc,cpu         ] GC(1119) User=1.26s Sys=0.00s Real=0.16s
...[6684.274s][info][gc,start       ] GC(1120) Pause Young (Normal) (G1 Evacuation Pause)
[6684.274s][info][gc,task        ] GC(1120) Using 8 workers of 8 for evacuation
[6684.432s][info][gc,phases      ] GC(1120)   Pre Evacuate Collection Set: 0.23ms
[6684.432s][info][gc,phases      ] GC(1120)   Merge Heap Roots: 0.57ms
[6684.432s][info][gc,phases      ] GC(1120)   Evacuate Collection Set: 156.38ms
[6684.432s][info][gc,phases      ] GC(1120)   Post Evacuate Collection Set: 1.07ms
[6684.432s][info][gc,phases      ] GC(1120)   Other: 0.06ms
[6684.432s][info][gc,heap        ] GC(1120) Eden regions: 569->0(569)
[6684.432s][info][gc,heap        ] GC(1120) Survivor regions: 45->45(77)
[6684.432s][info][gc,heap        ] GC(1120) Old regions: 241->248
[6684.432s][info][gc,heap        ] GC(1120) Humongous regions: 33->33
[6684.432s][info][gc,metaspace   ] GC(1120) Metaspace: 30007K(30528K)->30007K(30528K) NonClass: 26609K(26880K)->26609K(26880K) Class: 3397K(3648K)->3397K(3648K)
[6684.433s][info][gc             ] GC(1120) Pause Young (Normal) (G1 Evacuation Pause) 7083M->2594M(8192M) 158.440ms
[6684.433s][info][gc,cpu         ] GC(1120) User=1.25s Sys=0.00s Real=0.16s
....[6687.537s][info][gc,start       ] GC(1121) Pause Young (Normal) (G1 Evacuation Pause)
[6687.537s][info][gc,task        ] GC(1121) Using 8 workers of 8 for evacuation
[6687.692s][info][gc,phases      ] GC(1121)   Pre Evacuate Collection Set: 0.22ms
[6687.692s][info][gc,phases      ] GC(1121)   Merge Heap Roots: 0.55ms
[6687.692s][info][gc,phases      ] GC(1121)   Evacuate Collection Set: 152.85ms
[6687.692s][info][gc,phases      ] GC(1121)   Post Evacuate Collection Set: 1.02ms
[6687.692s][info][gc,phases      ] GC(1121)   Other: 0.06ms
[6687.692s][info][gc,heap        ] GC(1121) Eden regions: 569->0(570)
[6687.692s][info][gc,heap        ] GC(1121) Survivor regions: 45->44(77)
[6687.692s][info][gc,heap        ] GC(1121) Old regions: 248->255
[6687.692s][info][gc,heap        ] GC(1121) Humongous regions: 33->33
[6687.692s][info][gc,metaspace   ] GC(1121) Metaspace: 30007K(30528K)->30007K(30528K) NonClass: 26609K(26880K)->26609K(26880K) Class: 3397K(3648K)->3397K(3648K)
[6687.692s][info][gc             ] GC(1121) Pause Young (Normal) (G1 Evacuation Pause) 7146M->2642M(8192M) 154.821ms
[6687.692s][info][gc,cpu         ] GC(1121) User=1.23s Sys=0.00s Real=0.16s
...[6690.771s][info][gc,start       ] GC(1122) Pause Young (Normal) (G1 Evacuation Pause)
[6690.771s][info][gc,task        ] GC(1122) Using 8 workers of 8 for evacuation
[6690.926s][info][gc,phases      ] GC(1122)   Pre Evacuate Collection Set: 0.22ms
[6690.926s][info][gc,phases      ] GC(1122)   Merge Heap Roots: 0.53ms
[6690.926s][info][gc,phases      ] GC(1122)   Evacuate Collection Set: 152.83ms
[6690.926s][info][gc,phases      ] GC(1122)   Post Evacuate Collection Set: 1.03ms
[6690.926s][info][gc,phases      ] GC(1122)   Other: 0.07ms
[6690.926s][info][gc,heap        ] GC(1122) Eden regions: 570->0(571)
[6690.926s][info][gc,heap        ] GC(1122) Survivor regions: 44->43(77)
[6690.926s][info][gc,heap        ] GC(1122) Old regions: 255->263
[6690.926s][info][gc,heap        ] GC(1122) Humongous regions: 33->33
[6690.926s][info][gc,metaspace   ] GC(1122) Metaspace: 30007K(30528K)->30007K(30528K) NonClass: 26609K(26880K)->26609K(26880K) Class: 3397K(3648K)->3397K(3648K)
[6690.926s][info][gc             ] GC(1122) Pause Young (Normal) (G1 Evacuation Pause) 7202M->2694M(8192M) 154.826ms
[6690.926s][info][gc,cpu         ] GC(1122) User=1.23s Sys=0.00s Real=0.15s
.|..[6693.970s][info][gc,start       ] GC(1123) Pause Young (Normal) (G1 Evacuation Pause)
[6693.970s][info][gc,task        ] GC(1123) Using 8 workers of 8 for evacuation
[6694.127s][info][gc,phases      ] GC(1123)   Pre Evacuate Collection Set: 0.22ms
[6694.127s][info][gc,phases      ] GC(1123)   Merge Heap Roots: 0.57ms
[6694.127s][info][gc,phases      ] GC(1123)   Evacuate Collection Set: 155.53ms
[6694.127s][info][gc,phases      ] GC(1123)   Post Evacuate Collection Set: 1.05ms
[6694.127s][info][gc,phases      ] GC(1123)   Other: 0.06ms
[6694.128s][info][gc,heap        ] GC(1123) Eden regions: 571->0(569)
[6694.128s][info][gc,heap        ] GC(1123) Survivor regions: 43->45(77)
[6694.128s][info][gc,heap        ] GC(1123) Old regions: 263->270
[6694.128s][info][gc,heap        ] GC(1123) Humongous regions: 33->33
[6694.128s][info][gc,metaspace   ] GC(1123) Metaspace: 30007K(30528K)->30007K(30528K) NonClass: 26609K(26880K)->26609K(26880K) Class: 3397K(3648K)->3397K(3648K)
[6694.128s][info][gc             ] GC(1123) Pause Young (Normal) (G1 Evacuation Pause) 7262M->2766M(8192M) 157.579ms
[6694.128s][info][gc,cpu         ] GC(1123) User=1.25s Sys=0.00s Real=0.16s
...[6697.196s][info][gc,start       ] GC(1124) Pause Young (Normal) (G1 Evacuation Pause)
[6697.196s][info][gc,task        ] GC(1124) Using 8 workers of 8 for evacuation
[6697.355s][info][gc,phases      ] GC(1124)   Pre Evacuate Collection Set: 0.23ms
[6697.355s][info][gc,phases      ] GC(1124)   Merge Heap Roots: 0.62ms
[6697.355s][info][gc,phases      ] GC(1124)   Evacuate Collection Set: 156.13ms
[6697.355s][info][gc,phases      ] GC(1124)   Post Evacuate Collection Set: 1.06ms
[6697.355s][info][gc,phases      ] GC(1124)   Other: 0.07ms
[6697.355s][info][gc,heap        ] GC(1124) Eden regions: 569->0(569)
[6697.355s][info][gc,heap        ] GC(1124) Survivor regions: 45->45(77)
[6697.355s][info][gc,heap        ] GC(1124) Old regions: 270->277
[6697.355s][info][gc,heap        ] GC(1124) Humongous regions: 33->33
[6697.355s][info][gc,metaspace   ] GC(1124) Metaspace: 30007K(30528K)->30007K(30528K) NonClass: 26609K(26880K)->26609K(26880K) Class: 3397K(3648K)->3397K(3648K)
[6697.355s][info][gc             ] GC(1124) Pause Young (Normal) (G1 Evacuation Pause) 7318M->2826M(8192M) 158.231ms
[6697.355s][info][gc,cpu         ] GC(1124) User=1.25s Sys=0.00s Real=0.16s
...[6700.485s][info][gc,start       ] GC(1125) Pause Young (Normal) (G1 Evacuation Pause)
[6700.485s][info][gc,task        ] GC(1125) Using 8 workers of 8 for evacuation
[6700.638s][info][gc,phases      ] GC(1125)   Pre Evacuate Collection Set: 0.22ms
[6700.638s][info][gc,phases      ] GC(1125)   Merge Heap Roots: 0.54ms
[6700.638s][info][gc,phases      ] GC(1125)   Evacuate Collection Set: 151.41ms
[6700.638s][info][gc,phases      ] GC(1125)   Post Evacuate Collection Set: 1.09ms
[6700.638s][info][gc,phases      ] GC(1125)   Other: 0.06ms
[6700.638s][info][gc,heap        ] GC(1125) Eden regions: 569->0(568)
[6700.638s][info][gc,heap        ] GC(1125) Survivor regions: 45->43(77)
[6700.638s][info][gc,heap        ] GC(1125) Old regions: 277->285
[6700.638s][info][gc,heap        ] GC(1125) Humongous regions: 33->33
[6700.638s][info][gc,metaspace   ] GC(1125) Metaspace: 30007K(30528K)->30007K(30528K) NonClass: 26609K(26880K)->26609K(26880K) Class: 3397K(3648K)->3397K(3648K)
[6700.638s][info][gc             ] GC(1125) Pause Young (Normal) (G1 Evacuation Pause) 7378M->2869M(8192M) 153.452ms
[6700.638s][info][gc,cpu         ] GC(1125) User=1.22s Sys=0.00s Real=0.15s
....[6703.683s][info][gc,start       ] GC(1126) Pause Young (Normal) (G1 Evacuation Pause)
[6703.683s][info][gc,task        ] GC(1126) Using 8 workers of 8 for evacuation
[6703.840s][info][gc,phases      ] GC(1126)   Pre Evacuate Collection Set: 0.24ms
[6703.840s][info][gc,phases      ] GC(1126)   Merge Heap Roots: 0.61ms
[6703.840s][info][gc,phases      ] GC(1126)   Evacuate Collection Set: 155.06ms
[6703.840s][info][gc,phases      ] GC(1126)   Post Evacuate Collection Set: 1.05ms
[6703.840s][info][gc,phases      ] GC(1126)   Other: 0.06ms
[6703.840s][info][gc,heap        ] GC(1126) Eden regions: 568->0(559)
[6703.840s][info][gc,heap        ] GC(1126) Survivor regions: 43->44(77)
[6703.840s][info][gc,heap        ] GC(1126) Old regions: 285->292
[6703.840s][info][gc,heap        ] GC(1126) Humongous regions: 33->33
[6703.840s][info][gc,metaspace   ] GC(1126) Metaspace: 30007K(30528K)->30007K(30528K) NonClass: 26609K(26880K)->26609K(26880K) Class: 3397K(3648K)->3397K(3648K)
[6703.840s][info][gc             ] GC(1126) Pause Young (Normal) (G1 Evacuation Pause) 7413M->2931M(8192M) 157.144ms
[6703.841s][info][gc,cpu         ] GC(1126) User=1.25s Sys=0.00s Real=0.15s
...[6706.878s][info][gc,start       ] GC(1127) Pause Young (Normal) (G1 Evacuation Pause)
[6706.878s][info][gc,task        ] GC(1127) Using 8 workers of 8 for evacuation
[6707.037s][info][gc,phases      ] GC(1127)   Pre Evacuate Collection Set: 0.22ms
[6707.037s][info][gc,phases      ] GC(1127)   Merge Heap Roots: 0.58ms
[6707.037s][info][gc,phases      ] GC(1127)   Evacuate Collection Set: 156.66ms
[6707.037s][info][gc,phases      ] GC(1127)   Post Evacuate Collection Set: 1.09ms
[6707.037s][info][gc,phases      ] GC(1127)   Other: 0.06ms
[6707.037s][info][gc,heap        ] GC(1127) Eden regions: 559->0(550)
[6707.037s][info][gc,heap        ] GC(1127) Survivor regions: 44->45(76)
[6707.037s][info][gc,heap        ] GC(1127) Old regions: 292->299
[6707.037s][info][gc,heap        ] GC(1127) Humongous regions: 33->33
[6707.037s][info][gc,metaspace   ] GC(1127) Metaspace: 30007K(30528K)->30007K(30528K) NonClass: 26609K(26880K)->26609K(26880K) Class: 3397K(3648K)->3397K(3648K)
[6707.037s][info][gc             ] GC(1127) Pause Young (Normal) (G1 Evacuation Pause) 7403M->3003M(8192M) 158.754ms
[6707.037s][info][gc,cpu         ] GC(1127) User=1.25s Sys=0.00s Real=0.16s
...[6710.072s][info][gc,start       ] GC(1128) Pause Young (Normal) (G1 Evacuation Pause)
[6710.072s][info][gc,task        ] GC(1128) Using 8 workers of 8 for evacuation
[6710.226s][info][gc,phases      ] GC(1128)   Pre Evacuate Collection Set: 0.24ms
[6710.226s][info][gc,phases      ] GC(1128)   Merge Heap Roots: 0.60ms
[6710.226s][info][gc,phases      ] GC(1128)   Evacuate Collection Set: 152.45ms
[6710.226s][info][gc,phases      ] GC(1128)   Post Evacuate Collection Set: 1.07ms
[6710.226s][info][gc,phases      ] GC(1128)   Other: 0.07ms
[6710.226s][info][gc,heap        ] GC(1128) Eden regions: 550->0(546)
[6710.226s][info][gc,heap        ] GC(1128) Survivor regions: 45->43(75)
[6710.226s][info][gc,heap        ] GC(1128) Old regions: 299->307
[6710.226s][info][gc,heap        ] GC(1128) Humongous regions: 33->33
[6710.226s][info][gc,metaspace   ] GC(1128) Metaspace: 30007K(30528K)->30007K(30528K) NonClass: 26609K(26880K)->26609K(26880K) Class: 3397K(3648K)->3397K(3648K)
[6710.226s][info][gc             ] GC(1128) Pause Young (Normal) (G1 Evacuation Pause) 7403M->3047M(8192M) 154.550ms
[6710.226s][info][gc,cpu         ] GC(1128) User=1.22s Sys=0.00s Real=0.15s
...[6713.206s][info][gc,start       ] GC(1129) Pause Young (Concurrent Start) (G1 Evacuation Pause)
[6713.206s][info][gc,task        ] GC(1129) Using 8 workers of 8 for evacuation
[6713.366s][info][gc,phases      ] GC(1129)   Pre Evacuate Collection Set: 0.26ms
[6713.366s][info][gc,phases      ] GC(1129)   Merge Heap Roots: 0.66ms
[6713.366s][info][gc,phases      ] GC(1129)   Evacuate Collection Set: 157.45ms
[6713.366s][info][gc,phases      ] GC(1129)   Post Evacuate Collection Set: 1.05ms
[6713.366s][info][gc,phases      ] GC(1129)   Other: 0.10ms
[6713.366s][info][gc,heap        ] GC(1129) Eden regions: 546->0(535)
[6713.366s][info][gc,heap        ] GC(1129) Survivor regions: 43->45(74)
[6713.366s][info][gc,heap        ] GC(1129) Old regions: 307->314
[6713.366s][info][gc,heap        ] GC(1129) Humongous regions: 33->33
[6713.366s][info][gc,metaspace   ] GC(1129) Metaspace: 30007K(30528K)->30007K(30528K) NonClass: 26609K(26880K)->26609K(26880K) Class: 3397K(3648K)->3397K(3648K)
[6713.366s][info][gc             ] GC(1129) Pause Young (Concurrent Start) (G1 Evacuation Pause) 7415M->3119M(8192M) 159.657ms
[6713.366s][info][gc             ] GC(1130) Concurrent Mark Cycle
[6713.366s][info][gc,marking     ] GC(1130) Concurrent Scan Root Regions
[6713.366s][info][gc,cpu         ] GC(1129) User=1.26s Sys=0.00s Real=0.16s
.[6713.720s][info][gc,marking     ] GC(1130) Concurrent Scan Root Regions 353.986ms
[6713.720s][info][gc,marking     ] GC(1130) Concurrent Mark
[6713.720s][info][gc,marking     ] GC(1130) Concurrent Mark From Roots
[6713.720s][info][gc,task        ] GC(1130) Using 2 workers of 2 for marking
.[6714.948s][info][gc,marking     ] GC(1130) Concurrent Mark From Roots 1227.713ms
[6714.948s][info][gc,marking     ] GC(1130) Concurrent Preclean
[6714.948s][info][gc,marking     ] GC(1130) Concurrent Preclean 0.130ms
[6714.948s][info][gc,start       ] GC(1130) Pause Remark
[6714.952s][info][gc             ] GC(1130) Pause Remark 4903M->4367M(8192M) 3.459ms
[6714.952s][info][gc,cpu         ] GC(1130) User=0.03s Sys=0.00s Real=0.01s
[6714.952s][info][gc,marking     ] GC(1130) Concurrent Mark 1231.638ms
[6714.952s][info][gc,marking     ] GC(1130) Concurrent Rebuild Remembered Sets and Scrub Regions
.[6715.781s][info][gc,marking     ] GC(1130) Concurrent Rebuild Remembered Sets and Scrub Regions 829.034ms
[6715.781s][info][gc,start       ] GC(1130) Pause Cleanup
[6715.781s][info][gc             ] GC(1130) Pause Cleanup 5431M->5431M(8192M) 0.247ms
[6715.781s][info][gc,cpu         ] GC(1130) User=0.00s Sys=0.00s Real=0.00s
[6715.781s][info][gc,marking     ] GC(1130) Concurrent Clear Claimed Marks
[6715.781s][info][gc,marking     ] GC(1130) Concurrent Clear Claimed Marks 0.045ms
[6715.781s][info][gc,marking     ] GC(1130) Concurrent Cleanup for Next Mark
[6715.791s][info][gc,marking     ] GC(1130) Concurrent Cleanup for Next Mark 9.674ms
[6715.791s][info][gc             ] GC(1130) Concurrent Mark Cycle 2425.026ms
.[6716.689s][info][gc,start       ] GC(1131) Pause Young (Prepare Mixed) (G1 Evacuation Pause)
[6716.689s][info][gc,task        ] GC(1131) Using 8 workers of 8 for evacuation
[6716.846s][info][gc,phases      ] GC(1131)   Pre Evacuate Collection Set: 0.23ms
[6716.846s][info][gc,phases      ] GC(1131)   Merge Heap Roots: 0.80ms
[6716.846s][info][gc,phases      ] GC(1131)   Evacuate Collection Set: 154.21ms
[6716.846s][info][gc,phases      ] GC(1131)   Post Evacuate Collection Set: 1.13ms
[6716.846s][info][gc,phases      ] GC(1131)   Other: 0.07ms
[6716.846s][info][gc,heap        ] GC(1131) Eden regions: 535->0(571)
[6716.846s][info][gc,heap        ] GC(1131) Survivor regions: 45->43(73)
[6716.846s][info][gc,heap        ] GC(1131) Old regions: 247->255
[6716.846s][info][gc,heap        ] GC(1131) Humongous regions: 33->33
[6716.846s][info][gc,metaspace   ] GC(1131) Metaspace: 30007K(30528K)->30007K(30528K) NonClass: 26609K(26880K)->26609K(26880K) Class: 3397K(3648K)->3397K(3648K)
[6716.846s][info][gc             ] GC(1131) Pause Young (Prepare Mixed) (G1 Evacuation Pause) 6863M->2633M(8192M) 156.565ms
[6716.846s][info][gc,cpu         ] GC(1131) User=1.24s Sys=0.01s Real=0.16s
...[6719.707s][info][gc,start       ] GC(1132) Pause Young (Mixed) (G1 Evacuation Pause)
[6719.707s][info][gc,task        ] GC(1132) Using 8 workers of 8 for evacuation
[6719.869s][info][gc,phases      ] GC(1132)   Pre Evacuate Collection Set: 0.25ms
[6719.869s][info][gc,phases      ] GC(1132)   Merge Heap Roots: 0.85ms
[6719.869s][info][gc,phases      ] GC(1132)   Evacuate Collection Set: 159.23ms
[6719.869s][info][gc,phases      ] GC(1132)   Post Evacuate Collection Set: 1.29ms
[6719.869s][info][gc,phases      ] GC(1132)   Other: 0.08ms
[6719.869s][info][gc,heap        ] GC(1132) Eden regions: 571->0(571)
[6719.869s][info][gc,heap        ] GC(1132) Survivor regions: 43->43(77)
[6719.869s][info][gc,heap        ] GC(1132) Old regions: 255->161
[6719.869s][info][gc,heap        ] GC(1132) Humongous regions: 33->33
[6719.869s][info][gc,metaspace   ] GC(1132) Metaspace: 30007K(30528K)->30007K(30528K) NonClass: 26609K(26880K)->26609K(26880K) Class: 3397K(3648K)->3397K(3648K)
[6719.869s][info][gc             ] GC(1132) Pause Young (Mixed) (G1 Evacuation Pause) 7201M->1877M(8192M) 161.842ms
[6719.869s][info][gc,cpu         ] GC(1132) User=1.28s Sys=0.00s Real=0.16s
...[6722.930s][info][gc,start       ] GC(1133) Pause Young (Mixed) (G1 Evacuation Pause)
[6722.930s][info][gc,task        ] GC(1133) Using 8 workers of 8 for evacuation
[6723.100s][info][gc,phases      ] GC(1133)   Pre Evacuate Collection Set: 0.23ms
[6723.100s][info][gc,phases      ] GC(1133)   Merge Heap Roots: 0.95ms
[6723.100s][info][gc,phases      ] GC(1133)   Evacuate Collection Set: 167.74ms
[6723.100s][info][gc,phases      ] GC(1133)   Post Evacuate Collection Set: 1.14ms
[6723.100s][info][gc,phases      ] GC(1133)   Other: 0.08ms
[6723.100s][info][gc,heap        ] GC(1133) Eden regions: 571->0(570)
[6723.100s][info][gc,heap        ] GC(1133) Survivor regions: 43->44(77)
[6723.100s][info][gc,heap        ] GC(1133) Old regions: 161->143
[6723.100s][info][gc,heap        ] GC(1133) Humongous regions: 33->33
[6723.100s][info][gc,metaspace   ] GC(1133) Metaspace: 30007K(30528K)->30007K(30528K) NonClass: 26609K(26880K)->26609K(26880K) Class: 3397K(3648K)->3397K(3648K)
[6723.100s][info][gc             ] GC(1133) Pause Young (Mixed) (G1 Evacuation Pause) 6445M->1738M(8192M) 170.263ms
[6723.100s][info][gc,cpu         ] GC(1133) User=1.35s Sys=0.00s Real=0.17s
...[6726.166s][info][gc,start       ] GC(1134) Pause Young (Normal) (G1 Evacuation Pause)
[6726.166s][info][gc,task        ] GC(1134) Using 8 workers of 8 for evacuation
[6726.327s][info][gc,phases      ] GC(1134)   Pre Evacuate Collection Set: 0.24ms
[6726.328s][info][gc,phases      ] GC(1134)   Merge Heap Roots: 0.61ms
[6726.328s][info][gc,phases      ] GC(1134)   Evacuate Collection Set: 159.94ms
[6726.328s][info][gc,phases      ] GC(1134)   Post Evacuate Collection Set: 1.07ms
[6726.328s][info][gc,phases      ] GC(1134)   Other: 0.06ms
[6726.328s][info][gc,heap        ] GC(1134) Eden regions: 570->0(569)
[6726.328s][info][gc,heap        ] GC(1134) Survivor regions: 44->45(77)
[6726.328s][info][gc,heap        ] GC(1134) Old regions: 143->150
[6726.328s][info][gc,heap        ] GC(1134) Humongous regions: 33->33
[6726.328s][info][gc,metaspace   ] GC(1134) Metaspace: 30007K(30528K)->30007K(30528K) NonClass: 26609K(26880K)->26609K(26880K) Class: 3397K(3648K)->3397K(3648K)
[6726.328s][info][gc             ] GC(1134) Pause Young (Normal) (G1 Evacuation Pause) 6298M->1805M(8192M) 162.053ms
[6726.328s][info][gc,cpu         ] GC(1134) User=1.28s Sys=0.00s Real=0.16s
...[6729.343s][info][gc,start       ] GC(1135) Pause Young (Normal) (G1 Evacuation Pause)
[6729.343s][info][gc,task        ] GC(1135) Using 8 workers of 8 for evacuation
[6729.493s][info][gc,phases      ] GC(1135)   Pre Evacuate Collection Set: 0.25ms
[6729.493s][info][gc,phases      ] GC(1135)   Merge Heap Roots: 0.62ms
[6729.493s][info][gc,phases      ] GC(1135)   Evacuate Collection Set: 148.04ms
[6729.493s][info][gc,phases      ] GC(1135)   Post Evacuate Collection Set: 1.05ms
[6729.493s][info][gc,phases      ] GC(1135)   Other: 0.07ms
[6729.493s][info][gc,heap        ] GC(1135) Eden regions: 569->0(572)
[6729.493s][info][gc,heap        ] GC(1135) Survivor regions: 45->42(77)
[6729.493s][info][gc,heap        ] GC(1135) Old regions: 150->157
[6729.493s][info][gc,heap        ] GC(1135) Humongous regions: 33->33
[6729.493s][info][gc,metaspace   ] GC(1135) Metaspace: 30007K(30528K)->30007K(30528K) NonClass: 26609K(26880K)->26609K(26880K) Class: 3397K(3648K)->3397K(3648K)
[6729.493s][info][gc             ] GC(1135) Pause Young (Normal) (G1 Evacuation Pause) 6357M->1841M(8192M) 150.169ms
[6729.493s][info][gc,cpu         ] GC(1135) User=1.19s Sys=0.00s Real=0.15s
...[6732.568s][info][gc,start       ] GC(1136) Pause Young (Normal) (G1 Evacuation Pause)
[6732.568s][info][gc,task        ] GC(1136) Using 8 workers of 8 for evacuation
[6732.724s][info][gc,phases      ] GC(1136)   Pre Evacuate Collection Set: 0.24ms
[6732.724s][info][gc,phases      ] GC(1136)   Merge Heap Roots: 0.58ms
[6732.724s][info][gc,phases      ] GC(1136)   Evacuate Collection Set: 153.23ms
[6732.724s][info][gc,phases      ] GC(1136)   Post Evacuate Collection Set: 1.08ms
[6732.724s][info][gc,phases      ] GC(1136)   Other: 0.06ms
[6732.724s][info][gc,heap        ] GC(1136) Eden regions: 572->0(571)
[6732.724s][info][gc,heap        ] GC(1136) Survivor regions: 42->43(77)
[6732.724s][info][gc,heap        ] GC(1136) Old regions: 157->164
[6732.724s][info][gc,heap        ] GC(1136) Humongous regions: 33->33
[6732.724s][info][gc,metaspace   ] GC(1136) Metaspace: 30009K(30528K)->30009K(30528K) NonClass: 26611K(26880K)->26611K(26880K) Class: 3397K(3648K)->3397K(3648K)
[6732.724s][info][gc             ] GC(1136) Pause Young (Normal) (G1 Evacuation Pause) 6417M->1899M(8192M) 155.335ms
[6732.724s][info][gc,cpu         ] GC(1136) User=1.23s Sys=0.00s Real=0.16s
....[6735.861s][info][gc,start       ] GC(1137) Pause Young (Normal) (G1 Evacuation Pause)
[6735.861s][info][gc,task        ] GC(1137) Using 8 workers of 8 for evacuation
[6736.015s][info][gc,phases      ] GC(1137)   Pre Evacuate Collection Set: 0.23ms
[6736.015s][info][gc,phases      ] GC(1137)   Merge Heap Roots: 0.58ms
[6736.015s][info][gc,phases      ] GC(1137)   Evacuate Collection Set: 152.72ms
[6736.015s][info][gc,phases      ] GC(1137)   Post Evacuate Collection Set: 1.06ms
[6736.015s][info][gc,phases      ] GC(1137)   Other: 0.06ms
[6736.015s][info][gc,heap        ] GC(1137) Eden regions: 571->0(571)
[6736.015s][info][gc,heap        ] GC(1137) Survivor regions: 43->43(77)
[6736.015s][info][gc,heap        ] GC(1137) Old regions: 164->171
[6736.015s][info][gc,heap        ] GC(1137) Humongous regions: 33->33
[6736.015s][info][gc,metaspace   ] GC(1137) Metaspace: 30009K(30528K)->30009K(30528K) NonClass: 26611K(26880K)->26611K(26880K) Class: 3397K(3648K)->3397K(3648K)
[6736.015s][info][gc             ] GC(1137) Pause Young (Normal) (G1 Evacuation Pause) 6467M->1959M(8192M) 154.775ms
[6736.015s][info][gc,cpu         ] GC(1137) User=1.23s Sys=0.00s Real=0.16s
...[6739.102s][info][gc,start       ] GC(1138) Pause Young (Normal) (G1 Evacuation Pause)
[6739.102s][info][gc,task        ] GC(1138) Using 8 workers of 8 for evacuation
[6739.259s][info][gc,phases      ] GC(1138)   Pre Evacuate Collection Set: 0.22ms
[6739.259s][info][gc,phases      ] GC(1138)   Merge Heap Roots: 0.58ms
[6739.259s][info][gc,phases      ] GC(1138)   Evacuate Collection Set: 154.96ms
[6739.259s][info][gc,phases      ] GC(1138)   Post Evacuate Collection Set: 1.04ms
[6739.259s][info][gc,phases      ] GC(1138)   Other: 0.06ms
[6739.259s][info][gc,heap        ] GC(1138) Eden regions: 571->0(571)
[6739.259s][info][gc,heap        ] GC(1138) Survivor regions: 43->43(77)
[6739.259s][info][gc,heap        ] GC(1138) Old regions: 171->178
[6739.259s][info][gc,heap        ] GC(1138) Humongous regions: 33->33
[6739.259s][info][gc,metaspace   ] GC(1138) Metaspace: 30009K(30528K)->30009K(30528K) NonClass: 26611K(26880K)->26611K(26880K) Class: 3397K(3648K)->3397K(3648K)
[6739.259s][info][gc             ] GC(1138) Pause Young (Normal) (G1 Evacuation Pause) 6527M->2013M(8192M) 156.990ms
[6739.259s][info][gc,cpu         ] GC(1138) User=1.24s Sys=0.00s Real=0.15s
...[6742.446s][info][gc,start       ] GC(1139) Pause Young (Normal) (G1 Evacuation Pause)
[6742.446s][info][gc,task        ] GC(1139) Using 8 workers of 8 for evacuation
[6742.598s][info][gc,phases      ] GC(1139)   Pre Evacuate Collection Set: 0.22ms
[6742.598s][info][gc,phases      ] GC(1139)   Merge Heap Roots: 0.62ms
[6742.598s][info][gc,phases      ] GC(1139)   Evacuate Collection Set: 149.73ms
[6742.598s][info][gc,phases      ] GC(1139)   Post Evacuate Collection Set: 1.05ms
[6742.598s][info][gc,phases      ] GC(1139)   Other: 0.08ms
[6742.598s][info][gc,heap        ] GC(1139) Eden regions: 571->0(571)
[6742.598s][info][gc,heap        ] GC(1139) Survivor regions: 43->43(77)
[6742.598s][info][gc,heap        ] GC(1139) Old regions: 178->185
[6742.598s][info][gc,heap        ] GC(1139) Humongous regions: 33->33
[6742.598s][info][gc,metaspace   ] GC(1139) Metaspace: 30009K(30528K)->30009K(30528K) NonClass: 26611K(26880K)->26611K(26880K) Class: 3397K(3648K)->3397K(3648K)
[6742.598s][info][gc             ] GC(1139) Pause Young (Normal) (G1 Evacuation Pause) 6581M->2070M(8192M) 151.833ms
[6742.598s][info][gc,cpu         ] GC(1139) User=1.20s Sys=0.00s Real=0.15s
...[6745.592s][info][gc,start       ] GC(1140) Pause Young (Normal) (G1 Evacuation Pause)
[6745.592s][info][gc,task        ] GC(1140) Using 8 workers of 8 for evacuation
[6745.743s][info][gc,phases      ] GC(1140)   Pre Evacuate Collection Set: 0.23ms
[6745.743s][info][gc,phases      ] GC(1140)   Merge Heap Roots: 0.55ms
[6745.743s][info][gc,phases      ] GC(1140)   Evacuate Collection Set: 149.61ms
[6745.743s][info][gc,phases      ] GC(1140)   Post Evacuate Collection Set: 1.07ms
[6745.743s][info][gc,phases      ] GC(1140)   Other: 0.07ms
[6745.743s][info][gc,heap        ] GC(1140) Eden regions: 571->0(571)
[6745.743s][info][gc,heap        ] GC(1140) Survivor regions: 43->43(77)
[6745.743s][info][gc,heap        ] GC(1140) Old regions: 185->192
[6745.743s][info][gc,heap        ] GC(1140) Humongous regions: 33->33
[6745.743s][info][gc,metaspace   ] GC(1140) Metaspace: 30009K(30528K)->30009K(30528K) NonClass: 26611K(26880K)->26611K(26880K) Class: 3397K(3648K)->3397K(3648K)
[6745.743s][info][gc             ] GC(1140) Pause Young (Normal) (G1 Evacuation Pause) 6638M->2131M(8192M) 151.658ms
[6745.743s][info][gc,cpu         ] GC(1140) User=1.21s Sys=0.00s Real=0.15s
....[6748.907s][info][gc,start       ] GC(1141) Pause Young (Normal) (G1 Evacuation Pause)
[6748.907s][info][gc,task        ] GC(1141) Using 8 workers of 8 for evacuation
[6749.063s][info][gc,phases      ] GC(1141)   Pre Evacuate Collection Set: 0.23ms
[6749.063s][info][gc,phases      ] GC(1141)   Merge Heap Roots: 0.59ms
[6749.063s][info][gc,phases      ] GC(1141)   Evacuate Collection Set: 154.10ms
[6749.063s][info][gc,phases      ] GC(1141)   Post Evacuate Collection Set: 1.05ms
[6749.063s][info][gc,phases      ] GC(1141)   Other: 0.06ms
[6749.063s][info][gc,heap        ] GC(1141) Eden regions: 571->0(570)
[6749.063s][info][gc,heap        ] GC(1141) Survivor regions: 43->44(77)
[6749.063s][info][gc,heap        ] GC(1141) Old regions: 192->199
[6749.063s][info][gc,heap        ] GC(1141) Humongous regions: 33->33
[6749.063s][info][gc,metaspace   ] GC(1141) Metaspace: 30009K(30528K)->30009K(30528K) NonClass: 26611K(26880K)->26611K(26880K) Class: 3397K(3648K)->3397K(3648K)
[6749.063s][info][gc             ] GC(1141) Pause Young (Normal) (G1 Evacuation Pause) 6699M->2195M(8192M) 156.168ms
[6749.063s][info][gc,cpu         ] GC(1141) User=1.23s Sys=0.00s Real=0.16s
... (rIR:aIR:PR = 11761:11837:11838) (tPR = 173165) [OK] 
  6751s: Performance info:
         Transaction,    Success,    Partial,     Failed,   Receipts, AvgBarcode, 
             Overall,     712821,          0,          0,     677714,      59.47, 
         Response times:
             Request,    Success,    Partial,     Failed,   SkipFail,     Probes,    Samples,      min,      p50,      p90,      p95,      p99,      max, 
       TotalPurchase,     677782,          0,          0,          0,     354645,     460255,      300,    15600,    94000,   129000,   211000,  3100000,
     InStorePurchase,     361203,          0,          0,          0,     186125,     241235,      300,    15600,    94000,   127000,   208000,  3100000,
      OnlinePurchase,     245376,          0,          0,          0,     130701,     169716,      300,    15600,    95000,   131000,   220000,  3100000,
        InstPurchase,      71203,          0,          0,          0,      37819,      49304,      400,    15800,    94000,   130000,   196000,  2900000,
          AssocOfCat,        712,          0,          0,          0,        611,        922,    33000,    76000,   152700,   203000,   278310,   720000,
      AssocOfProduct,       7085,          0,          0,          0,       4280,       5745,      700,    16000,    98000,   142000,   223540,  2900000,
      BusinessReport,       1776,          0,          0,          0,       1576,       2201,    32000,    83000,   161800,   222900,   302940,   800000,
          CustBuyBeh,       7088,          0,          0,          0,       4346,       5857,      700,    16100,    97000,   137000,   205000,   421000,
       ProductReturn,      18364,          0,          0,          0,       9696,      12866,      200,    15400,    93000,   127000,   203000,  3100000,

  6751s: (86%)   IR =  11900 [6752.167s][info][gc,start       ] GC(1142) Pause Young (Normal) (G1 Evacuation Pause)
[6752.167s][info][gc,task        ] GC(1142) Using 8 workers of 8 for evacuation
[6752.322s][info][gc,phases      ] GC(1142)   Pre Evacuate Collection Set: 0.26ms
[6752.322s][info][gc,phases      ] GC(1142)   Merge Heap Roots: 0.64ms
[6752.322s][info][gc,phases      ] GC(1142)   Evacuate Collection Set: 152.76ms
[6752.322s][info][gc,phases      ] GC(1142)   Post Evacuate Collection Set: 1.06ms
[6752.322s][info][gc,phases      ] GC(1142)   Other: 0.06ms
[6752.322s][info][gc,heap        ] GC(1142) Eden regions: 570->0(570)
[6752.322s][info][gc,heap        ] GC(1142) Survivor regions: 44->44(77)
[6752.322s][info][gc,heap        ] GC(1142) Old regions: 199->207
[6752.322s][info][gc,heap        ] GC(1142) Humongous regions: 33->33
[6752.322s][info][gc,metaspace   ] GC(1142) Metaspace: 30009K(30528K)->30009K(30528K) NonClass: 26611K(26880K)->26611K(26880K) Class: 3397K(3648K)->3397K(3648K)
[6752.322s][info][gc             ] GC(1142) Pause Young (Normal) (G1 Evacuation Pause) 6755M->2250M(8192M) 154.911ms
[6752.322s][info][gc,cpu         ] GC(1142) User=1.22s Sys=0.01s Real=0.16s
...[6755.578s][info][gc,start       ] GC(1143) Pause Young (Normal) (G1 Evacuation Pause)
[6755.578s][info][gc,task        ] GC(1143) Using 8 workers of 8 for evacuation
[6755.730s][info][gc,phases      ] GC(1143)   Pre Evacuate Collection Set: 0.23ms
[6755.730s][info][gc,phases      ] GC(1143)   Merge Heap Roots: 0.57ms
[6755.730s][info][gc,phases      ] GC(1143)   Evacuate Collection Set: 150.05ms
[6755.730s][info][gc,phases      ] GC(1143)   Post Evacuate Collection Set: 1.07ms
[6755.730s][info][gc,phases      ] GC(1143)   Other: 0.06ms
[6755.730s][info][gc,heap        ] GC(1143) Eden regions: 570->0(571)
[6755.730s][info][gc,heap        ] GC(1143) Survivor regions: 44->43(77)
[6755.730s][info][gc,heap        ] GC(1143) Old regions: 207->214
[6755.730s][info][gc,heap        ] GC(1143) Humongous regions: 33->33
[6755.730s][info][gc,metaspace   ] GC(1143) Metaspace: 30009K(30528K)->30009K(30528K) NonClass: 26611K(26880K)->26611K(26880K) Class: 3397K(3648K)->3397K(3648K)
[6755.730s][info][gc             ] GC(1143) Pause Young (Normal) (G1 Evacuation Pause) 6810M->2297M(8192M) 152.117ms
[6755.730s][info][gc,cpu         ] GC(1143) User=1.20s Sys=0.00s Real=0.15s
...[6758.782s][info][gc,start       ] GC(1144) Pause Young (Normal) (G1 Evacuation Pause)
[6758.783s][info][gc,task        ] GC(1144) Using 8 workers of 8 for evacuation
[6758.937s][info][gc,phases      ] GC(1144)   Pre Evacuate Collection Set: 0.22ms
[6758.937s][info][gc,phases      ] GC(1144)   Merge Heap Roots: 0.58ms
[6758.937s][info][gc,phases      ] GC(1144)   Evacuate Collection Set: 152.26ms
[6758.937s][info][gc,phases      ] GC(1144)   Post Evacuate Collection Set: 1.11ms
[6758.937s][info][gc,phases      ] GC(1144)   Other: 0.07ms
[6758.937s][info][gc,heap        ] GC(1144) Eden regions: 571->0(571)
[6758.937s][info][gc,heap        ] GC(1144) Survivor regions: 43->43(77)
[6758.937s][info][gc,heap        ] GC(1144) Old regions: 214->221
[6758.937s][info][gc,heap        ] GC(1144) Humongous regions: 33->33
[6758.937s][info][gc,metaspace   ] GC(1144) Metaspace: 30009K(30528K)->30009K(30528K) NonClass: 26611K(26880K)->26611K(26880K) Class: 3397K(3648K)->3397K(3648K)
[6758.937s][info][gc             ] GC(1144) Pause Young (Normal) (G1 Evacuation Pause) 6865M->2358M(8192M) 154.373ms
[6758.937s][info][gc,cpu         ] GC(1144) User=1.22s Sys=0.00s Real=0.15s
....[6761.995s][info][gc,start       ] GC(1145) Pause Young (Normal) (G1 Evacuation Pause)
[6761.996s][info][gc,task        ] GC(1145) Using 8 workers of 8 for evacuation
[6762.146s][info][gc,phases      ] GC(1145)   Pre Evacuate Collection Set: 0.27ms
[6762.146s][info][gc,phases      ] GC(1145)   Merge Heap Roots: 0.55ms
[6762.146s][info][gc,phases      ] GC(1145)   Evacuate Collection Set: 148.37ms
[6762.146s][info][gc,phases      ] GC(1145)   Post Evacuate Collection Set: 1.07ms
[6762.146s][info][gc,phases      ] GC(1145)   Other: 0.06ms
[6762.146s][info][gc,heap        ] GC(1145) Eden regions: 571->0(571)
[6762.146s][info][gc,heap        ] GC(1145) Survivor regions: 43->43(77)
[6762.146s][info][gc,heap        ] GC(1145) Old regions: 221->228
[6762.146s][info][gc,heap        ] GC(1145) Humongous regions: 33->33
[6762.146s][info][gc,metaspace   ] GC(1145) Metaspace: 30009K(30528K)->30009K(30528K) NonClass: 26611K(26880K)->26611K(26880K) Class: 3397K(3648K)->3397K(3648K)
[6762.146s][info][gc             ] GC(1145) Pause Young (Normal) (G1 Evacuation Pause) 6926M->2415M(8192M) 150.451ms
[6762.146s][info][gc,cpu         ] GC(1145) User=1.19s Sys=0.00s Real=0.15s
...|[6765.136s][info][gc,start       ] GC(1146) Pause Young (Normal) (G1 Evacuation Pause)
[6765.137s][info][gc,task        ] GC(1146) Using 8 workers of 8 for evacuation
[6765.292s][info][gc,phases      ] GC(1146)   Pre Evacuate Collection Set: 0.25ms
[6765.292s][info][gc,phases      ] GC(1146)   Merge Heap Roots: 0.58ms
[6765.292s][info][gc,phases      ] GC(1146)   Evacuate Collection Set: 153.80ms
[6765.292s][info][gc,phases      ] GC(1146)   Post Evacuate Collection Set: 1.04ms
[6765.292s][info][gc,phases      ] GC(1146)   Other: 0.07ms
[6765.292s][info][gc,heap        ] GC(1146) Eden regions: 571->0(570)
[6765.292s][info][gc,heap        ] GC(1146) Survivor regions: 43->44(77)
[6765.292s][info][gc,heap        ] GC(1146) Old regions: 228->235
[6765.292s][info][gc,heap        ] GC(1146) Humongous regions: 33->33
[6765.292s][info][gc,metaspace   ] GC(1146) Metaspace: 30009K(30528K)->30009K(30528K) NonClass: 26611K(26880K)->26611K(26880K) Class: 3397K(3648K)->3397K(3648K)
[6765.292s][info][gc             ] GC(1146) Pause Young (Normal) (G1 Evacuation Pause) 6983M->2479M(8192M) 155.867ms
[6765.292s][info][gc,cpu         ] GC(1146) User=1.23s Sys=0.00s Real=0.16s
...[6768.426s][info][gc,start       ] GC(1147) Pause Young (Normal) (G1 Evacuation Pause)
[6768.426s][info][gc,task        ] GC(1147) Using 8 workers of 8 for evacuation
[6768.586s][info][gc,phases      ] GC(1147)   Pre Evacuate Collection Set: 0.22ms
[6768.586s][info][gc,phases      ] GC(1147)   Merge Heap Roots: 0.59ms
[6768.586s][info][gc,phases      ] GC(1147)   Evacuate Collection Set: 157.94ms
[6768.586s][info][gc,phases      ] GC(1147)   Post Evacuate Collection Set: 1.05ms
[6768.586s][info][gc,phases      ] GC(1147)   Other: 0.06ms
[6768.586s][info][gc,heap        ] GC(1147) Eden regions: 570->0(570)
[6768.586s][info][gc,heap        ] GC(1147) Survivor regions: 44->44(77)
[6768.586s][info][gc,heap        ] GC(1147) Old regions: 235->242
[6768.586s][info][gc,heap        ] GC(1147) Humongous regions: 33->33
[6768.586s][info][gc,metaspace   ] GC(1147) Metaspace: 30009K(30528K)->30009K(30528K) NonClass: 26611K(26880K)->26611K(26880K) Class: 3397K(3648K)->3397K(3648K)
[6768.586s][info][gc             ] GC(1147) Pause Young (Normal) (G1 Evacuation Pause) 7039M->2535M(8192M) 159.992ms
[6768.586s][info][gc,cpu         ] GC(1147) User=1.27s Sys=0.01s Real=0.16s
...[6771.604s][info][gc,start       ] GC(1148) Pause Young (Normal) (G1 Evacuation Pause)
[6771.604s][info][gc,task        ] GC(1148) Using 8 workers of 8 for evacuation
[6771.757s][info][gc,phases      ] GC(1148)   Pre Evacuate Collection Set: 0.23ms
[6771.757s][info][gc,phases      ] GC(1148)   Merge Heap Roots: 0.60ms
[6771.757s][info][gc,phases      ] GC(1148)   Evacuate Collection Set: 151.16ms
[6771.757s][info][gc,phases      ] GC(1148)   Post Evacuate Collection Set: 1.04ms
[6771.757s][info][gc,phases      ] GC(1148)   Other: 0.07ms
[6771.757s][info][gc,heap        ] GC(1148) Eden regions: 570->0(571)
[6771.757s][info][gc,heap        ] GC(1148) Survivor regions: 44->43(77)
[6771.757s][info][gc,heap        ] GC(1148) Old regions: 242->249
[6771.757s][info][gc,heap        ] GC(1148) Humongous regions: 33->33
[6771.757s][info][gc,metaspace   ] GC(1148) Metaspace: 30009K(30528K)->30009K(30528K) NonClass: 26611K(26880K)->26611K(26880K) Class: 3397K(3648K)->3397K(3648K)
[6771.757s][info][gc             ] GC(1148) Pause Young (Normal) (G1 Evacuation Pause) 7095M->2583M(8192M) 153.222ms
[6771.757s][info][gc,cpu         ] GC(1148) User=1.21s Sys=0.00s Real=0.15s
...[6774.851s][info][gc,start       ] GC(1149) Pause Young (Normal) (G1 Evacuation Pause)
[6774.851s][info][gc,task        ] GC(1149) Using 8 workers of 8 for evacuation
[6775.008s][info][gc,phases      ] GC(1149)   Pre Evacuate Collection Set: 0.24ms
[6775.008s][info][gc,phases      ] GC(1149)   Merge Heap Roots: 0.59ms
[6775.008s][info][gc,phases      ] GC(1149)   Evacuate Collection Set: 154.64ms
[6775.008s][info][gc,phases      ] GC(1149)   Post Evacuate Collection Set: 1.05ms
[6775.008s][info][gc,phases      ] GC(1149)   Other: 0.07ms
[6775.008s][info][gc,heap        ] GC(1149) Eden regions: 571->0(570)
[6775.008s][info][gc,heap        ] GC(1149) Survivor regions: 43->44(77)
[6775.008s][info][gc,heap        ] GC(1149) Old regions: 249->257
[6775.008s][info][gc,heap        ] GC(1149) Humongous regions: 33->33
[6775.008s][info][gc,metaspace   ] GC(1149) Metaspace: 30009K(30528K)->30009K(30528K) NonClass: 26611K(26880K)->26611K(26880K) Class: 3397K(3648K)->3397K(3648K)
[6775.008s][info][gc             ] GC(1149) Pause Young (Normal) (G1 Evacuation Pause) 7151M->2654M(8192M) 156.723ms
[6775.008s][info][gc,cpu         ] GC(1149) User=1.24s Sys=0.00s Real=0.15s
....[6778.059s][info][gc,start       ] GC(1150) Pause Young (Normal) (G1 Evacuation Pause)
[6778.059s][info][gc,task        ] GC(1150) Using 8 workers of 8 for evacuation
[6778.213s][info][gc,phases      ] GC(1150)   Pre Evacuate Collection Set: 0.24ms
[6778.213s][info][gc,phases      ] GC(1150)   Merge Heap Roots: 0.58ms
[6778.213s][info][gc,phases      ] GC(1150)   Evacuate Collection Set: 151.46ms
[6778.213s][info][gc,phases      ] GC(1150)   Post Evacuate Collection Set: 1.07ms
[6778.213s][info][gc,phases      ] GC(1150)   Other: 0.06ms
[6778.213s][info][gc,heap        ] GC(1150) Eden regions: 570->0(571)
[6778.213s][info][gc,heap        ] GC(1150) Survivor regions: 44->43(77)
[6778.213s][info][gc,heap        ] GC(1150) Old regions: 257->264
[6778.213s][info][gc,heap        ] GC(1150) Humongous regions: 33->33
[6778.213s][info][gc,metaspace   ] GC(1150) Metaspace: 30009K(30528K)->30009K(30528K) NonClass: 26611K(26880K)->26611K(26880K) Class: 3397K(3648K)->3397K(3648K)
[6778.213s][info][gc             ] GC(1150) Pause Young (Normal) (G1 Evacuation Pause) 7214M->2698M(8192M) 153.540ms
[6778.213s][info][gc,cpu         ] GC(1150) User=1.21s Sys=0.00s Real=0.16s
...[6781.289s][info][gc,start       ] GC(1151) Pause Young (Normal) (G1 Evacuation Pause)
[6781.289s][info][gc,task        ] GC(1151) Using 8 workers of 8 for evacuation
[6781.444s][info][gc,phases      ] GC(1151)   Pre Evacuate Collection Set: 0.25ms
[6781.444s][info][gc,phases      ] GC(1151)   Merge Heap Roots: 0.59ms
[6781.444s][info][gc,phases      ] GC(1151)   Evacuate Collection Set: 152.64ms
[6781.444s][info][gc,phases      ] GC(1151)   Post Evacuate Collection Set: 1.11ms
[6781.444s][info][gc,phases      ] GC(1151)   Other: 0.06ms
[6781.444s][info][gc,heap        ] GC(1151) Eden regions: 571->0(570)
[6781.444s][info][gc,heap        ] GC(1151) Survivor regions: 43->44(77)
[6781.444s][info][gc,heap        ] GC(1151) Old regions: 264->271
[6781.444s][info][gc,heap        ] GC(1151) Humongous regions: 33->33
[6781.444s][info][gc,metaspace   ] GC(1151) Metaspace: 30009K(30528K)->30009K(30528K) NonClass: 26611K(26880K)->26611K(26880K) Class: 3397K(3648K)->3397K(3648K)
[6781.444s][info][gc             ] GC(1151) Pause Young (Normal) (G1 Evacuation Pause) 7266M->2765M(8192M) 154.799ms
[6781.444s][info][gc,cpu         ] GC(1151) User=1.23s Sys=0.00s Real=0.16s
...[6784.530s][info][gc,start       ] GC(1152) Pause Young (Normal) (G1 Evacuation Pause)
[6784.530s][info][gc,task        ] GC(1152) Using 8 workers of 8 for evacuation
[6784.683s][info][gc,phases      ] GC(1152)   Pre Evacuate Collection Set: 0.23ms
[6784.683s][info][gc,phases      ] GC(1152)   Merge Heap Roots: 0.58ms
[6784.683s][info][gc,phases      ] GC(1152)   Evacuate Collection Set: 150.88ms
[6784.683s][info][gc,phases      ] GC(1152)   Post Evacuate Collection Set: 1.07ms
[6784.683s][info][gc,phases      ] GC(1152)   Other: 0.08ms
[6784.683s][info][gc,heap        ] GC(1152) Eden regions: 570->0(571)
[6784.683s][info][gc,heap        ] GC(1152) Survivor regions: 44->43(77)
[6784.683s][info][gc,heap        ] GC(1152) Old regions: 271->278
[6784.683s][info][gc,heap        ] GC(1152) Humongous regions: 33->33
[6784.683s][info][gc,metaspace   ] GC(1152) Metaspace: 30009K(30528K)->30009K(30528K) NonClass: 26611K(26880K)->26611K(26880K) Class: 3397K(3648K)->3397K(3648K)
[6784.683s][info][gc             ] GC(1152) Pause Young (Normal) (G1 Evacuation Pause) 7325M->2814M(8192M) 152.976ms
[6784.683s][info][gc,cpu         ] GC(1152) User=1.21s Sys=0.00s Real=0.16s
...[6787.832s][info][gc,start       ] GC(1153) Pause Young (Normal) (G1 Evacuation Pause)
[6787.832s][info][gc,task        ] GC(1153) Using 8 workers of 8 for evacuation
[6787.988s][info][gc,phases      ] GC(1153)   Pre Evacuate Collection Set: 0.23ms
[6787.988s][info][gc,phases      ] GC(1153)   Merge Heap Roots: 0.61ms
[6787.988s][info][gc,phases      ] GC(1153)   Evacuate Collection Set: 153.78ms
[6787.988s][info][gc,phases      ] GC(1153)   Post Evacuate Collection Set: 1.06ms
[6787.988s][info][gc,phases      ] GC(1153)   Other: 0.06ms
[6787.988s][info][gc,heap        ] GC(1153) Eden regions: 571->0(568)
[6787.988s][info][gc,heap        ] GC(1153) Survivor regions: 43->43(77)
[6787.988s][info][gc,heap        ] GC(1153) Old regions: 278->285
[6787.988s][info][gc,heap        ] GC(1153) Humongous regions: 33->33
[6787.988s][info][gc,metaspace   ] GC(1153) Metaspace: 30009K(30528K)->30009K(30528K) NonClass: 26611K(26880K)->26611K(26880K) Class: 3397K(3648K)->3397K(3648K)
[6787.988s][info][gc             ] GC(1153) Pause Young (Normal) (G1 Evacuation Pause) 7382M->2874M(8192M) 155.877ms
[6787.988s][info][gc,cpu         ] GC(1153) User=1.23s Sys=0.00s Real=0.15s
....[6791.119s][info][gc,start       ] GC(1154) Pause Young (Normal) (G1 Evacuation Pause)
[6791.119s][info][gc,task        ] GC(1154) Using 8 workers of 8 for evacuation
[6791.270s][info][gc,phases      ] GC(1154)   Pre Evacuate Collection Set: 0.23ms
[6791.270s][info][gc,phases      ] GC(1154)   Merge Heap Roots: 0.58ms
[6791.270s][info][gc,phases      ] GC(1154)   Evacuate Collection Set: 148.86ms
[6791.270s][info][gc,phases      ] GC(1154)   Post Evacuate Collection Set: 1.05ms
[6791.270s][info][gc,phases      ] GC(1154)   Other: 0.06ms
[6791.270s][info][gc,heap        ] GC(1154) Eden regions: 568->0(560)
[6791.270s][info][gc,heap        ] GC(1154) Survivor regions: 43->43(77)
[6791.270s][info][gc,heap        ] GC(1154) Old regions: 285->293
[6791.270s][info][gc,heap        ] GC(1154) Humongous regions: 33->33
[6791.270s][info][gc,metaspace   ] GC(1154) Metaspace: 30009K(30528K)->30009K(30528K) NonClass: 26611K(26880K)->26611K(26880K) Class: 3397K(3648K)->3397K(3648K)
[6791.270s][info][gc             ] GC(1154) Pause Young (Normal) (G1 Evacuation Pause) 7418M->2933M(8192M) 150.926ms
[6791.270s][info][gc,cpu         ] GC(1154) User=1.20s Sys=0.00s Real=0.15s
...[6794.330s][info][gc,start       ] GC(1155) Pause Young (Normal) (G1 Evacuation Pause)
[6794.330s][info][gc,task        ] GC(1155) Using 8 workers of 8 for evacuation
[6794.479s][info][gc,phases      ] GC(1155)   Pre Evacuate Collection Set: 0.24ms
[6794.479s][info][gc,phases      ] GC(1155)   Merge Heap Roots: 0.59ms
[6794.479s][info][gc,phases      ] GC(1155)   Evacuate Collection Set: 146.88ms
[6794.479s][info][gc,phases      ] GC(1155)   Post Evacuate Collection Set: 1.03ms
[6794.479s][info][gc,phases      ] GC(1155)   Other: 0.06ms
[6794.479s][info][gc,heap        ] GC(1155) Eden regions: 560->0(555)
[6794.479s][info][gc,heap        ] GC(1155) Survivor regions: 43->42(76)
[6794.479s][info][gc,heap        ] GC(1155) Old regions: 293->300
[6794.479s][info][gc,heap        ] GC(1155) Humongous regions: 33->33
[6794.479s][info][gc,metaspace   ] GC(1155) Metaspace: 30009K(30528K)->30009K(30528K) NonClass: 26611K(26880K)->26611K(26880K) Class: 3397K(3648K)->3397K(3648K)
[6794.479s][info][gc             ] GC(1155) Pause Young (Normal) (G1 Evacuation Pause) 7413M->2982M(8192M) 148.935ms
[6794.479s][info][gc,cpu         ] GC(1155) User=1.18s Sys=0.00s Real=0.15s
...[6797.450s][info][gc,start       ] GC(1156) Pause Young (Normal) (G1 Evacuation Pause)
[6797.450s][info][gc,task        ] GC(1156) Using 8 workers of 8 for evacuation
[6797.601s][info][gc,phases      ] GC(1156)   Pre Evacuate Collection Set: 0.23ms
[6797.601s][info][gc,phases      ] GC(1156)   Merge Heap Roots: 0.57ms
[6797.601s][info][gc,phases      ] GC(1156)   Evacuate Collection Set: 149.07ms
[6797.601s][info][gc,phases      ] GC(1156)   Post Evacuate Collection Set: 1.01ms
[6797.601s][info][gc,phases      ] GC(1156)   Other: 0.07ms
[6797.601s][info][gc,heap        ] GC(1156) Eden regions: 555->0(548)
[6797.601s][info][gc,heap        ] GC(1156) Survivor regions: 42->42(75)
[6797.601s][info][gc,heap        ] GC(1156) Old regions: 300->307
[6797.601s][info][gc,heap        ] GC(1156) Humongous regions: 33->33
[6797.601s][info][gc,metaspace   ] GC(1156) Metaspace: 30009K(30528K)->30009K(30528K) NonClass: 26611K(26880K)->26611K(26880K) Class: 3397K(3648K)->3397K(3648K)
[6797.601s][info][gc             ] GC(1156) Pause Young (Normal) (G1 Evacuation Pause) 7422M->3039M(8192M) 151.096ms
[6797.601s][info][gc,cpu         ] GC(1156) User=1.19s Sys=0.01s Real=0.16s
...[6800.572s][info][gc,start       ] GC(1157) Pause Young (Concurrent Start) (G1 Evacuation Pause)
[6800.572s][info][gc,task        ] GC(1157) Using 8 workers of 8 for evacuation
[6800.719s][info][gc,phases      ] GC(1157)   Pre Evacuate Collection Set: 0.24ms
[6800.719s][info][gc,phases      ] GC(1157)   Merge Heap Roots: 0.54ms
[6800.719s][info][gc,phases      ] GC(1157)   Evacuate Collection Set: 145.34ms
[6800.719s][info][gc,phases      ] GC(1157)   Post Evacuate Collection Set: 1.01ms
[6800.719s][info][gc,phases      ] GC(1157)   Other: 0.08ms
[6800.719s][info][gc,heap        ] GC(1157) Eden regions: 548->0(541)
[6800.719s][info][gc,heap        ] GC(1157) Survivor regions: 42->42(74)
[6800.719s][info][gc,heap        ] GC(1157) Old regions: 307->314
[6800.719s][info][gc,heap        ] GC(1157) Humongous regions: 33->33
[6800.719s][info][gc,metaspace   ] GC(1157) Metaspace: 30009K(30528K)->30009K(30528K) NonClass: 26611K(26880K)->26611K(26880K) Class: 3397K(3648K)->3397K(3648K)
[6800.719s][info][gc             ] GC(1157) Pause Young (Concurrent Start) (G1 Evacuation Pause) 7423M->3099M(8192M) 147.332ms
[6800.719s][info][gc             ] GC(1158) Concurrent Mark Cycle
[6800.719s][info][gc,marking     ] GC(1158) Concurrent Scan Root Regions
[6800.719s][info][gc,cpu         ] GC(1157) User=1.17s Sys=0.00s Real=0.14s
.[6801.121s][info][gc,marking     ] GC(1158) Concurrent Scan Root Regions 401.933ms
[6801.121s][info][gc,marking     ] GC(1158) Concurrent Mark
[6801.121s][info][gc,marking     ] GC(1158) Concurrent Mark From Roots
[6801.121s][info][gc,task        ] GC(1158) Using 2 workers of 2 for marking
.[6802.246s][info][gc,marking     ] GC(1158) Concurrent Mark From Roots 1124.187ms
[6802.246s][info][gc,marking     ] GC(1158) Concurrent Preclean
[6802.246s][info][gc,marking     ] GC(1158) Concurrent Preclean 0.126ms
[6802.246s][info][gc,start       ] GC(1158) Pause Remark
[6802.249s][info][gc             ] GC(1158) Pause Remark 4800M->4296M(8192M) 2.933ms
[6802.249s][info][gc,cpu         ] GC(1158) User=0.02s Sys=0.00s Real=0.00s
[6802.249s][info][gc,marking     ] GC(1158) Concurrent Mark 1127.583ms
[6802.249s][info][gc,marking     ] GC(1158) Concurrent Rebuild Remembered Sets and Scrub Regions
.[6803.185s][info][gc,marking     ] GC(1158) Concurrent Rebuild Remembered Sets and Scrub Regions 935.982ms
[6803.185s][info][gc,start       ] GC(1158) Pause Cleanup
[6803.185s][info][gc             ] GC(1158) Pause Cleanup 5527M->5527M(8192M) 0.269ms
[6803.185s][info][gc,cpu         ] GC(1158) User=0.00s Sys=0.00s Real=0.00s
[6803.186s][info][gc,marking     ] GC(1158) Concurrent Clear Claimed Marks
[6803.186s][info][gc,marking     ] GC(1158) Concurrent Clear Claimed Marks 0.044ms
[6803.186s][info][gc,marking     ] GC(1158) Concurrent Cleanup for Next Mark
[6803.197s][info][gc,marking     ] GC(1158) Concurrent Cleanup for Next Mark 11.703ms
[6803.197s][info][gc             ] GC(1158) Concurrent Mark Cycle 2477.963ms
[6804.003s][info][gc,start       ] GC(1159) Pause Young (Prepare Mixed) (G1 Evacuation Pause)
[6804.003s][info][gc,task        ] GC(1159) Using 8 workers of 8 for evacuation
[6804.160s][info][gc,phases      ] GC(1159)   Pre Evacuate Collection Set: 0.24ms
[6804.160s][info][gc,phases      ] GC(1159)   Merge Heap Roots: 0.79ms
[6804.160s][info][gc,phases      ] GC(1159)   Evacuate Collection Set: 155.10ms
[6804.160s][info][gc,phases      ] GC(1159)   Post Evacuate Collection Set: 1.11ms
[6804.160s][info][gc,phases      ] GC(1159)   Other: 0.07ms
[6804.160s][info][gc,heap        ] GC(1159) Eden regions: 541->0(570)
[6804.160s][info][gc,heap        ] GC(1159) Survivor regions: 42->44(73)
[6804.160s][info][gc,heap        ] GC(1159) Old regions: 251->259
[6804.160s][info][gc,heap        ] GC(1159) Humongous regions: 33->33
[6804.160s][info][gc,metaspace   ] GC(1159) Metaspace: 30009K(30528K)->30009K(30528K) NonClass: 26611K(26880K)->26611K(26880K) Class: 3397K(3648K)->3397K(3648K)
[6804.160s][info][gc             ] GC(1159) Pause Young (Prepare Mixed) (G1 Evacuation Pause) 6923M->2666M(8192M) 157.441ms
[6804.160s][info][gc,cpu         ] GC(1159) User=1.25s Sys=0.00s Real=0.15s
...[6807.047s][info][gc,start       ] GC(1160) Pause Young (Mixed) (G1 Evacuation Pause)
[6807.047s][info][gc,task        ] GC(1160) Using 8 workers of 8 for evacuation
[6807.205s][info][gc,phases      ] GC(1160)   Pre Evacuate Collection Set: 0.28ms
[6807.205s][info][gc,phases      ] GC(1160)   Merge Heap Roots: 0.88ms
[6807.205s][info][gc,phases      ] GC(1160)   Evacuate Collection Set: 155.05ms
[6807.205s][info][gc,phases      ] GC(1160)   Post Evacuate Collection Set: 1.29ms
[6807.205s][info][gc,phases      ] GC(1160)   Other: 0.83ms
[6807.205s][info][gc,heap        ] GC(1160) Eden regions: 570->0(571)
[6807.205s][info][gc,heap        ] GC(1160) Survivor regions: 44->43(77)
[6807.205s][info][gc,heap        ] GC(1160) Old regions: 259->164
[6807.205s][info][gc,heap        ] GC(1160) Humongous regions: 33->33
[6807.205s][info][gc,metaspace   ] GC(1160) Metaspace: 30009K(30528K)->30009K(30528K) NonClass: 26611K(26880K)->26611K(26880K) Class: 3397K(3648K)->3397K(3648K)
[6807.205s][info][gc             ] GC(1160) Pause Young (Mixed) (G1 Evacuation Pause) 7226M->1899M(8192M) 158.472ms
[6807.205s][info][gc,cpu         ] GC(1160) User=1.24s Sys=0.00s Real=0.16s
....[6810.255s][info][gc,start       ] GC(1161) Pause Young (Mixed) (G1 Evacuation Pause)
[6810.255s][info][gc,task        ] GC(1161) Using 8 workers of 8 for evacuation
[6810.423s][info][gc,phases      ] GC(1161)   Pre Evacuate Collection Set: 0.24ms
[6810.423s][info][gc,phases      ] GC(1161)   Merge Heap Roots: 0.96ms
[6810.423s][info][gc,phases      ] GC(1161)   Evacuate Collection Set: 165.59ms
[6810.423s][info][gc,phases      ] GC(1161)   Post Evacuate Collection Set: 1.11ms
[6810.423s][info][gc,phases      ] GC(1161)   Other: 0.07ms
[6810.423s][info][gc,heap        ] GC(1161) Eden regions: 571->0(570)
[6810.423s][info][gc,heap        ] GC(1161) Survivor regions: 43->44(77)
[6810.423s][info][gc,heap        ] GC(1161) Old regions: 164->143
[6810.423s][info][gc,heap        ] GC(1161) Humongous regions: 33->33
[6810.423s][info][gc,metaspace   ] GC(1161) Metaspace: 30009K(30528K)->30009K(30528K) NonClass: 26611K(26880K)->26611K(26880K) Class: 3397K(3648K)->3397K(3648K)
[6810.423s][info][gc             ] GC(1161) Pause Young (Mixed) (G1 Evacuation Pause) 6467M->1738M(8192M) 168.116ms
[6810.424s][info][gc,cpu         ] GC(1161) User=1.34s Sys=0.00s Real=0.17s
...[6813.434s][info][gc,start       ] GC(1162) Pause Young (Normal) (G1 Evacuation Pause)
[6813.434s][info][gc,task        ] GC(1162) Using 8 workers of 8 for evacuation
[6813.587s][info][gc,phases      ] GC(1162)   Pre Evacuate Collection Set: 0.25ms
[6813.587s][info][gc,phases      ] GC(1162)   Merge Heap Roots: 0.58ms
[6813.587s][info][gc,phases      ] GC(1162)   Evacuate Collection Set: 151.56ms
[6813.587s][info][gc,phases      ] GC(1162)   Post Evacuate Collection Set: 1.05ms
[6813.587s][info][gc,phases      ] GC(1162)   Other: 0.07ms
[6813.587s][info][gc,heap        ] GC(1162) Eden regions: 570->0(571)
[6813.587s][info][gc,heap        ] GC(1162) Survivor regions: 44->43(77)
[6813.587s][info][gc,heap        ] GC(1162) Old regions: 143->150
[6813.587s][info][gc,heap        ] GC(1162) Humongous regions: 33->33
[6813.587s][info][gc,metaspace   ] GC(1162) Metaspace: 30009K(30528K)->30009K(30528K) NonClass: 26611K(26880K)->26611K(26880K) Class: 3397K(3648K)->3397K(3648K)
[6813.587s][info][gc             ] GC(1162) Pause Young (Normal) (G1 Evacuation Pause) 6298M->1792M(8192M) 153.630ms
[6813.587s][info][gc,cpu         ] GC(1162) User=1.22s Sys=0.00s Real=0.15s
...[6816.721s][info][gc,start       ] GC(1163) Pause Young (Normal) (G1 Evacuation Pause)
[6816.721s][info][gc,task        ] GC(1163) Using 8 workers of 8 for evacuation
[6816.873s][info][gc,phases      ] GC(1163)   Pre Evacuate Collection Set: 0.25ms
[6816.873s][info][gc,phases      ] GC(1163)   Merge Heap Roots: 0.60ms
[6816.873s][info][gc,phases      ] GC(1163)   Evacuate Collection Set: 150.18ms
[6816.873s][info][gc,phases      ] GC(1163)   Post Evacuate Collection Set: 1.06ms
[6816.873s][info][gc,phases      ] GC(1163)   Other: 0.06ms
[6816.873s][info][gc,heap        ] GC(1163) Eden regions: 571->0(571)
[6816.873s][info][gc,heap        ] GC(1163) Survivor regions: 43->43(77)
[6816.873s][info][gc,heap        ] GC(1163) Old regions: 150->157
[6816.873s][info][gc,heap        ] GC(1163) Humongous regions: 33->33
[6816.873s][info][gc,metaspace   ] GC(1163) Metaspace: 30009K(30528K)->30009K(30528K) NonClass: 26611K(26880K)->26611K(26880K) Class: 3397K(3648K)->3397K(3648K)
[6816.873s][info][gc             ] GC(1163) Pause Young (Normal) (G1 Evacuation Pause) 6360M->1846M(8192M) 152.265ms
[6816.873s][info][gc,cpu         ] GC(1163) User=1.21s Sys=0.00s Real=0.15s
...[6819.955s][info][gc,start       ] GC(1164) Pause Young (Normal) (G1 Evacuation Pause)
[6819.955s][info][gc,task        ] GC(1164) Using 8 workers of 8 for evacuation
[6820.114s][info][gc,phases      ] GC(1164)   Pre Evacuate Collection Set: 0.26ms
[6820.114s][info][gc,phases      ] GC(1164)   Merge Heap Roots: 0.56ms
[6820.114s][info][gc,phases      ] GC(1164)   Evacuate Collection Set: 156.93ms
[6820.114s][info][gc,phases      ] GC(1164)   Post Evacuate Collection Set: 1.06ms
[6820.114s][info][gc,phases      ] GC(1164)   Other: 0.06ms
[6820.114s][info][gc,heap        ] GC(1164) Eden regions: 571->0(569)
[6820.114s][info][gc,heap        ] GC(1164) Survivor regions: 43->45(77)
[6820.114s][info][gc,heap        ] GC(1164) Old regions: 157->165
[6820.114s][info][gc,heap        ] GC(1164) Humongous regions: 33->33
[6820.114s][info][gc,metaspace   ] GC(1164) Metaspace: 30009K(30528K)->30009K(30528K) NonClass: 26611K(26880K)->26611K(26880K) Class: 3397K(3648K)->3397K(3648K)
[6820.114s][info][gc             ] GC(1164) Pause Young (Normal) (G1 Evacuation Pause) 6414M->1921M(8192M) 159.014ms
[6820.114s][info][gc,cpu         ] GC(1164) User=1.26s Sys=0.00s Real=0.16s
...[6823.153s][info][gc,start       ] GC(1165) Pause Young (Normal) (G1 Evacuation Pause)
[6823.153s][info][gc,task        ] GC(1165) Using 8 workers of 8 for evacuation
[6823.310s][info][gc,phases      ] GC(1165)   Pre Evacuate Collection Set: 0.22ms
[6823.310s][info][gc,phases      ] GC(1165)   Merge Heap Roots: 0.56ms
[6823.310s][info][gc,phases      ] GC(1165)   Evacuate Collection Set: 155.48ms
[6823.310s][info][gc,phases      ] GC(1165)   Post Evacuate Collection Set: 1.04ms
[6823.310s][info][gc,phases      ] GC(1165)   Other: 0.06ms
[6823.310s][info][gc,heap        ] GC(1165) Eden regions: 569->0(569)
[6823.310s][info][gc,heap        ] GC(1165) Survivor regions: 45->45(77)
[6823.310s][info][gc,heap        ] GC(1165) Old regions: 165->172
[6823.310s][info][gc,heap        ] GC(1165) Humongous regions: 33->33
[6823.310s][info][gc,metaspace   ] GC(1165) Metaspace: 30009K(30528K)->30009K(30528K) NonClass: 26611K(26880K)->26611K(26880K) Class: 3397K(3648K)->3397K(3648K)
[6823.310s][info][gc             ] GC(1165) Pause Young (Normal) (G1 Evacuation Pause) 6473M->1983M(8192M) 157.480ms
[6823.310s][info][gc,cpu         ] GC(1165) User=1.24s Sys=0.00s Real=0.15s
... (rIR:aIR:PR = 11900:11868:11870) (tPR = 176008) [OK] 
  6825s: Performance info:
         Transaction,    Success,    Partial,     Failed,   Receipts, AvgBarcode, 
             Overall,     716640,          0,          0,     680754,      59.47, 
         Response times:
             Request,    Success,    Partial,     Failed,   SkipFail,     Probes,    Samples,      min,      p50,      p90,      p95,      p99,      max, 
       TotalPurchase,     680695,          0,          0,          0,     349803,     442817,      300,    17600,   117000,   165000,   325000,  2800000,
     InStorePurchase,     359293,          0,          0,          0,     183681,     232564,      300,    17600,   116000,   165000,   324000,  2800000,
      OnlinePurchase,     250762,          0,          0,          0,     129268,     163067,      300,    17500,   119000,   166000,   329320,  2800000,
        InstPurchase,      70640,          0,          0,          0,      36854,      47186,      500,    17700,   113000,   163000,   324000,  2800000,
          AssocOfCat,        718,          0,          0,          0,        595,        838,    36000,    79000,   185100,   218000,   375220,  2400000,
      AssocOfProduct,       7096,          0,          0,          0,       4312,       5718,      600,    17500,   118000,   163000,   319000,  2300000,
      BusinessReport,       1801,          0,          0,          0,       1575,       2120,    36000,    90000,   207000,   248000,   412320,  1300000,
          CustBuyBeh,       7124,          0,          0,          0,       4325,       5696,      400,    18200,   112000,   165150,   323000,  2300000,
       ProductReturn,      19092,          0,          0,          0,       9864,      12740,      300,    17800,   116000,   163000,   333000,  1200000,

  6825s: (87%)   IR =  12038 [6826.337s][info][gc,start       ] GC(1166) Pause Young (Normal) (G1 Evacuation Pause)
[6826.337s][info][gc,task        ] GC(1166) Using 8 workers of 8 for evacuation
[6826.495s][info][gc,phases      ] GC(1166)   Pre Evacuate Collection Set: 0.24ms
[6826.495s][info][gc,phases      ] GC(1166)   Merge Heap Roots: 0.63ms
[6826.495s][info][gc,phases      ] GC(1166)   Evacuate Collection Set: 155.48ms
[6826.495s][info][gc,phases      ] GC(1166)   Post Evacuate Collection Set: 1.09ms
[6826.495s][info][gc,phases      ] GC(1166)   Other: 0.07ms
[6826.495s][info][gc,heap        ] GC(1166) Eden regions: 569->0(570)
[6826.495s][info][gc,heap        ] GC(1166) Survivor regions: 45->44(77)
[6826.495s][info][gc,heap        ] GC(1166) Old regions: 172->179
[6826.495s][info][gc,heap        ] GC(1166) Humongous regions: 33->33
[6826.495s][info][gc,metaspace   ] GC(1166) Metaspace: 30009K(30528K)->30009K(30528K) NonClass: 26611K(26880K)->26611K(26880K) Class: 3397K(3648K)->3397K(3648K)
[6826.495s][info][gc             ] GC(1166) Pause Young (Normal) (G1 Evacuation Pause) 6535M->2034M(8192M) 157.657ms
[6826.495s][info][gc,cpu         ] GC(1166) User=1.25s Sys=0.00s Real=0.16s
....[6829.550s][info][gc,start       ] GC(1167) Pause Young (Normal) (G1 Evacuation Pause)
[6829.550s][info][gc,task        ] GC(1167) Using 8 workers of 8 for evacuation
[6829.699s][info][gc,phases      ] GC(1167)   Pre Evacuate Collection Set: 0.25ms
[6829.699s][info][gc,phases      ] GC(1167)   Merge Heap Roots: 0.57ms
[6829.699s][info][gc,phases      ] GC(1167)   Evacuate Collection Set: 147.14ms
[6829.699s][info][gc,phases      ] GC(1167)   Post Evacuate Collection Set: 1.07ms
[6829.699s][info][gc,phases      ] GC(1167)   Other: 0.07ms
[6829.699s][info][gc,heap        ] GC(1167) Eden regions: 570->0(572)
[6829.699s][info][gc,heap        ] GC(1167) Survivor regions: 44->42(77)
[6829.699s][info][gc,heap        ] GC(1167) Old regions: 179->186
[6829.699s][info][gc,heap        ] GC(1167) Humongous regions: 33->33
[6829.699s][info][gc,metaspace   ] GC(1167) Metaspace: 30009K(30528K)->30009K(30528K) NonClass: 26611K(26880K)->26611K(26880K) Class: 3397K(3648K)->3397K(3648K)
[6829.700s][info][gc             ] GC(1167) Pause Young (Normal) (G1 Evacuation Pause) 6594M->2075M(8192M) 149.217ms
[6829.700s][info][gc,cpu         ] GC(1167) User=1.18s Sys=0.00s Real=0.15s
...[6832.863s][info][gc,start       ] GC(1168) Pause Young (Normal) (G1 Evacuation Pause)
[6832.863s][info][gc,task        ] GC(1168) Using 8 workers of 8 for evacuation
[6833.018s][info][gc,phases      ] GC(1168)   Pre Evacuate Collection Set: 0.22ms
[6833.018s][info][gc,phases      ] GC(1168)   Merge Heap Roots: 0.55ms
[6833.018s][info][gc,phases      ] GC(1168)   Evacuate Collection Set: 153.13ms
[6833.018s][info][gc,phases      ] GC(1168)   Post Evacuate Collection Set: 1.06ms
[6833.018s][info][gc,phases      ] GC(1168)   Other: 0.06ms
[6833.018s][info][gc,heap        ] GC(1168) Eden regions: 572->0(569)
[6833.018s][info][gc,heap        ] GC(1168) Survivor regions: 42->45(77)
[6833.018s][info][gc,heap        ] GC(1168) Old regions: 186->193
[6833.018s][info][gc,heap        ] GC(1168) Humongous regions: 33->33
[6833.018s][info][gc,metaspace   ] GC(1168) Metaspace: 30009K(30528K)->30009K(30528K) NonClass: 26611K(26880K)->26611K(26880K) Class: 3397K(3648K)->3397K(3648K)
[6833.018s][info][gc             ] GC(1168) Pause Young (Normal) (G1 Evacuation Pause) 6651M->2150M(8192M) 155.152ms
[6833.019s][info][gc,cpu         ] GC(1168) User=1.22s Sys=0.00s Real=0.15s
...[6836.070s][info][gc,start       ] GC(1169) Pause Young (Normal) (G1 Evacuation Pause)
[6836.070s][info][gc,task        ] GC(1169) Using 8 workers of 8 for evacuation
[6836.226s][info][gc,phases      ] GC(1169)   Pre Evacuate Collection Set: 0.24ms
[6836.226s][info][gc,phases      ] GC(1169)   Merge Heap Roots: 0.60ms
[6836.226s][info][gc,phases      ] GC(1169)   Evacuate Collection Set: 154.22ms
[6836.226s][info][gc,phases      ] GC(1169)   Post Evacuate Collection Set: 1.08ms
[6836.226s][info][gc,phases      ] GC(1169)   Other: 0.06ms
[6836.226s][info][gc,heap        ] GC(1169) Eden regions: 569->0(570)
[6836.226s][info][gc,heap        ] GC(1169) Survivor regions: 45->44(77)
[6836.226s][info][gc,heap        ] GC(1169) Old regions: 193->200
[6836.226s][info][gc,heap        ] GC(1169) Humongous regions: 33->33
[6836.226s][info][gc,metaspace   ] GC(1169) Metaspace: 30009K(30528K)->30009K(30528K) NonClass: 26611K(26880K)->26611K(26880K) Class: 3397K(3648K)->3397K(3648K)
[6836.226s][info][gc             ] GC(1169) Pause Young (Normal) (G1 Evacuation Pause) 6702M->2199M(8192M) 156.327ms
[6836.226s][info][gc,cpu         ] GC(1169) User=1.24s Sys=0.00s Real=0.16s
...[6839.288s][info][gc,start       ] GC(1170) Pause Young (Normal) (G1 Evacuation Pause)
[6839.288s][info][gc,task        ] GC(1170) Using 8 workers of 8 for evacuation
[6839.448s][info][gc,phases      ] GC(1170)   Pre Evacuate Collection Set: 0.24ms
[6839.448s][info][gc,phases      ] GC(1170)   Merge Heap Roots: 0.57ms
[6839.448s][info][gc,phases      ] GC(1170)   Evacuate Collection Set: 157.14ms
[6839.448s][info][gc,phases      ] GC(1170)   Post Evacuate Collection Set: 1.08ms
[6839.448s][info][gc,phases      ] GC(1170)   Other: 0.08ms
[6839.448s][info][gc,heap        ] GC(1170) Eden regions: 570->0(568)
[6839.448s][info][gc,heap        ] GC(1170) Survivor regions: 44->46(77)
[6839.448s][info][gc,heap        ] GC(1170) Old regions: 200->208
[6839.448s][info][gc,heap        ] GC(1170) Humongous regions: 33->33
[6839.448s][info][gc,metaspace   ] GC(1170) Metaspace: 30009K(30528K)->30009K(30528K) NonClass: 26611K(26880K)->26611K(26880K) Class: 3397K(3648K)->3397K(3648K)
[6839.448s][info][gc             ] GC(1170) Pause Young (Normal) (G1 Evacuation Pause) 6759M->2273M(8192M) 159.245ms
[6839.448s][info][gc,cpu         ] GC(1170) User=1.26s Sys=0.00s Real=0.16s
.|...[6842.520s][info][gc,start       ] GC(1171) Pause Young (Normal) (G1 Evacuation Pause)
[6842.520s][info][gc,task        ] GC(1171) Using 8 workers of 8 for evacuation
[6842.671s][info][gc,phases      ] GC(1171)   Pre Evacuate Collection Set: 0.25ms
[6842.671s][info][gc,phases      ] GC(1171)   Merge Heap Roots: 0.57ms
[6842.671s][info][gc,phases      ] GC(1171)   Evacuate Collection Set: 149.03ms
[6842.671s][info][gc,phases      ] GC(1171)   Post Evacuate Collection Set: 1.09ms
[6842.671s][info][gc,phases      ] GC(1171)   Other: 0.06ms
[6842.671s][info][gc,heap        ] GC(1171) Eden regions: 568->0(571)
[6842.671s][info][gc,heap        ] GC(1171) Survivor regions: 46->43(77)
[6842.671s][info][gc,heap        ] GC(1171) Old regions: 208->215
[6842.671s][info][gc,heap        ] GC(1171) Humongous regions: 33->33
[6842.671s][info][gc,metaspace   ] GC(1171) Metaspace: 30009K(30528K)->30009K(30528K) NonClass: 26611K(26880K)->26611K(26880K) Class: 3397K(3648K)->3397K(3648K)
[6842.671s][info][gc             ] GC(1171) Pause Young (Normal) (G1 Evacuation Pause) 6817M->2305M(8192M) 151.123ms
[6842.671s][info][gc,cpu         ] GC(1171) User=1.19s Sys=0.00s Real=0.16s
...[6845.681s][info][gc,start       ] GC(1172) Pause Young (Normal) (G1 Evacuation Pause)
[6845.681s][info][gc,task        ] GC(1172) Using 8 workers of 8 for evacuation
[6845.832s][info][gc,phases      ] GC(1172)   Pre Evacuate Collection Set: 0.25ms
[6845.832s][info][gc,phases      ] GC(1172)   Merge Heap Roots: 0.64ms
[6845.832s][info][gc,phases      ] GC(1172)   Evacuate Collection Set: 149.14ms
[6845.832s][info][gc,phases      ] GC(1172)   Post Evacuate Collection Set: 1.07ms
[6845.832s][info][gc,phases      ] GC(1172)   Other: 0.06ms
[6845.832s][info][gc,heap        ] GC(1172) Eden regions: 571->0(571)
[6845.832s][info][gc,heap        ] GC(1172) Survivor regions: 43->43(77)
[6845.832s][info][gc,heap        ] GC(1172) Old regions: 215->221
[6845.832s][info][gc,heap        ] GC(1172) Humongous regions: 33->33
[6845.832s][info][gc,metaspace   ] GC(1172) Metaspace: 30009K(30528K)->30009K(30528K) NonClass: 26611K(26880K)->26611K(26880K) Class: 3397K(3648K)->3397K(3648K)
[6845.832s][info][gc             ] GC(1172) Pause Young (Normal) (G1 Evacuation Pause) 6873M->2363M(8192M) 151.298ms
[6845.832s][info][gc,cpu         ] GC(1172) User=1.20s Sys=0.00s Real=0.15s
...[6848.897s][info][gc,start       ] GC(1173) Pause Young (Normal) (G1 Evacuation Pause)
[6848.897s][info][gc,task        ] GC(1173) Using 8 workers of 8 for evacuation
[6849.048s][info][gc,phases      ] GC(1173)   Pre Evacuate Collection Set: 0.23ms
[6849.048s][info][gc,phases      ] GC(1173)   Merge Heap Roots: 0.54ms
[6849.048s][info][gc,phases      ] GC(1173)   Evacuate Collection Set: 148.95ms
[6849.048s][info][gc,phases      ] GC(1173)   Post Evacuate Collection Set: 1.06ms
[6849.048s][info][gc,phases      ] GC(1173)   Other: 0.06ms
[6849.048s][info][gc,heap        ] GC(1173) Eden regions: 571->0(571)
[6849.048s][info][gc,heap        ] GC(1173) Survivor regions: 43->43(77)
[6849.048s][info][gc,heap        ] GC(1173) Old regions: 221->228
[6849.048s][info][gc,heap        ] GC(1173) Humongous regions: 33->33
[6849.048s][info][gc,metaspace   ] GC(1173) Metaspace: 30009K(30528K)->30009K(30528K) NonClass: 26611K(26880K)->26611K(26880K) Class: 3397K(3648K)->3397K(3648K)
[6849.048s][info][gc             ] GC(1173) Pause Young (Normal) (G1 Evacuation Pause) 6931M->2419M(8192M) 150.992ms
[6849.048s][info][gc,cpu         ] GC(1173) User=1.20s Sys=0.00s Real=0.15s
...[6852.179s][info][gc,start       ] GC(1174) Pause Young (Normal) (G1 Evacuation Pause)
[6852.179s][info][gc,task        ] GC(1174) Using 8 workers of 8 for evacuation
[6852.338s][info][gc,phases      ] GC(1174)   Pre Evacuate Collection Set: 0.23ms
[6852.338s][info][gc,phases      ] GC(1174)   Merge Heap Roots: 0.62ms
[6852.338s][info][gc,phases      ] GC(1174)   Evacuate Collection Set: 157.26ms
[6852.338s][info][gc,phases      ] GC(1174)   Post Evacuate Collection Set: 1.05ms
[6852.338s][info][gc,phases      ] GC(1174)   Other: 0.06ms
[6852.338s][info][gc,heap        ] GC(1174) Eden regions: 571->0(569)
[6852.338s][info][gc,heap        ] GC(1174) Survivor regions: 43->45(77)
[6852.338s][info][gc,heap        ] GC(1174) Old regions: 228->235
[6852.338s][info][gc,heap        ] GC(1174) Humongous regions: 33->33
[6852.338s][info][gc,metaspace   ] GC(1174) Metaspace: 30009K(30528K)->30009K(30528K) NonClass: 26611K(26880K)->26611K(26880K) Class: 3397K(3648K)->3397K(3648K)
[6852.338s][info][gc             ] GC(1174) Pause Young (Normal) (G1 Evacuation Pause) 6987M->2490M(8192M) 159.349ms
[6852.338s][info][gc,cpu         ] GC(1174) User=1.26s Sys=0.00s Real=0.16s
...[6855.279s][info][gc,start       ] GC(1175) Pause Young (Normal) (G1 Evacuation Pause)
[6855.279s][info][gc,task        ] GC(1175) Using 8 workers of 8 for evacuation
[6855.442s][info][gc,phases      ] GC(1175)   Pre Evacuate Collection Set: 0.26ms
[6855.442s][info][gc,phases      ] GC(1175)   Merge Heap Roots: 0.63ms
[6855.442s][info][gc,phases      ] GC(1175)   Evacuate Collection Set: 160.55ms
[6855.442s][info][gc,phases      ] GC(1175)   Post Evacuate Collection Set: 1.05ms
[6855.442s][info][gc,phases      ] GC(1175)   Other: 0.06ms
[6855.442s][info][gc,heap        ] GC(1175) Eden regions: 569->0(568)
[6855.442s][info][gc,heap        ] GC(1175) Survivor regions: 45->46(77)
[6855.442s][info][gc,heap        ] GC(1175) Old regions: 235->242
[6855.442s][info][gc,heap        ] GC(1175) Humongous regions: 33->33
[6855.442s][info][gc,metaspace   ] GC(1175) Metaspace: 30009K(30528K)->30009K(30528K) NonClass: 26611K(26880K)->26611K(26880K) Class: 3397K(3648K)->3397K(3648K)
[6855.442s][info][gc             ] GC(1175) Pause Young (Normal) (G1 Evacuation Pause) 7042M->2555M(8192M) 162.687ms
[6855.442s][info][gc,cpu         ] GC(1175) User=1.28s Sys=0.00s Real=0.17s
...[6858.332s][info][gc,start       ] GC(1176) Pause Young (Normal) (G1 Evacuation Pause)
[6858.332s][info][gc,task        ] GC(1176) Using 8 workers of 8 for evacuation
[6858.488s][info][gc,phases      ] GC(1176)   Pre Evacuate Collection Set: 0.22ms
[6858.488s][info][gc,phases      ] GC(1176)   Merge Heap Roots: 0.57ms
[6858.488s][info][gc,phases      ] GC(1176)   Evacuate Collection Set: 153.73ms
[6858.488s][info][gc,phases      ] GC(1176)   Post Evacuate Collection Set: 1.04ms
[6858.488s][info][gc,phases      ] GC(1176)   Other: 0.06ms
[6858.488s][info][gc,heap        ] GC(1176) Eden regions: 568->0(570)
[6858.488s][info][gc,heap        ] GC(1176) Survivor regions: 46->44(77)
[6858.488s][info][gc,heap        ] GC(1176) Old regions: 242->250
[6858.488s][info][gc,heap        ] GC(1176) Humongous regions: 33->33
[6858.488s][info][gc,metaspace   ] GC(1176) Metaspace: 30009K(30528K)->30009K(30528K) NonClass: 26611K(26880K)->26611K(26880K) Class: 3397K(3648K)->3397K(3648K)
[6858.488s][info][gc             ] GC(1176) Pause Young (Normal) (G1 Evacuation Pause) 7099M->2597M(8192M) 155.760ms
[6858.488s][info][gc,cpu         ] GC(1176) User=1.24s Sys=0.00s Real=0.15s
...[6861.454s][info][gc,start       ] GC(1177) Pause Young (Normal) (G1 Evacuation Pause)
[6861.454s][info][gc,task        ] GC(1177) Using 8 workers of 8 for evacuation
[6861.608s][info][gc,phases      ] GC(1177)   Pre Evacuate Collection Set: 0.23ms
[6861.608s][info][gc,phases      ] GC(1177)   Merge Heap Roots: 0.58ms
[6861.608s][info][gc,phases      ] GC(1177)   Evacuate Collection Set: 152.19ms
[6861.608s][info][gc,phases      ] GC(1177)   Post Evacuate Collection Set: 1.05ms
[6861.608s][info][gc,phases      ] GC(1177)   Other: 0.06ms
[6861.608s][info][gc,heap        ] GC(1177) Eden regions: 570->0(570)
[6861.608s][info][gc,heap        ] GC(1177) Survivor regions: 44->44(77)
[6861.608s][info][gc,heap        ] GC(1177) Old regions: 250->257
[6861.608s][info][gc,heap        ] GC(1177) Humongous regions: 33->33
[6861.608s][info][gc,metaspace   ] GC(1177) Metaspace: 30009K(30528K)->30009K(30528K) NonClass: 26611K(26880K)->26611K(26880K) Class: 3397K(3648K)->3397K(3648K)
[6861.608s][info][gc             ] GC(1177) Pause Young (Normal) (G1 Evacuation Pause) 7157M->2653M(8192M) 154.261ms
[6861.608s][info][gc,cpu         ] GC(1177) User=1.22s Sys=0.00s Real=0.15s
...[6864.573s][info][gc,start       ] GC(1178) Pause Young (Normal) (G1 Evacuation Pause)
[6864.573s][info][gc,task        ] GC(1178) Using 8 workers of 8 for evacuation
[6864.728s][info][gc,phases      ] GC(1178)   Pre Evacuate Collection Set: 0.24ms
[6864.728s][info][gc,phases      ] GC(1178)   Merge Heap Roots: 0.57ms
[6864.728s][info][gc,phases      ] GC(1178)   Evacuate Collection Set: 153.08ms
[6864.728s][info][gc,phases      ] GC(1178)   Post Evacuate Collection Set: 1.04ms
[6864.728s][info][gc,phases      ] GC(1178)   Other: 0.07ms
[6864.728s][info][gc,heap        ] GC(1178) Eden regions: 570->0(571)
[6864.728s][info][gc,heap        ] GC(1178) Survivor regions: 44->43(77)
[6864.728s][info][gc,heap        ] GC(1178) Old regions: 257->264
[6864.728s][info][gc,heap        ] GC(1178) Humongous regions: 33->33
[6864.728s][info][gc,metaspace   ] GC(1178) Metaspace: 30009K(30528K)->30009K(30528K) NonClass: 26611K(26880K)->26611K(26880K) Class: 3397K(3648K)->3397K(3648K)
[6864.728s][info][gc             ] GC(1178) Pause Young (Normal) (G1 Evacuation Pause) 7213M->2701M(8192M) 155.118ms
[6864.728s][info][gc,cpu         ] GC(1178) User=1.23s Sys=0.00s Real=0.15s
....[6867.828s][info][gc,start       ] GC(1179) Pause Young (Normal) (G1 Evacuation Pause)
[6867.828s][info][gc,task        ] GC(1179) Using 8 workers of 8 for evacuation
[6867.983s][info][gc,phases      ] GC(1179)   Pre Evacuate Collection Set: 0.22ms
[6867.983s][info][gc,phases      ] GC(1179)   Merge Heap Roots: 0.55ms
[6867.983s][info][gc,phases      ] GC(1179)   Evacuate Collection Set: 153.54ms
[6867.983s][info][gc,phases      ] GC(1179)   Post Evacuate Collection Set: 1.08ms
[6867.983s][info][gc,phases      ] GC(1179)   Other: 0.06ms
[6867.983s][info][gc,heap        ] GC(1179) Eden regions: 571->0(570)
[6867.983s][info][gc,heap        ] GC(1179) Survivor regions: 43->44(77)
[6867.983s][info][gc,heap        ] GC(1179) Old regions: 264->271
[6867.983s][info][gc,heap        ] GC(1179) Humongous regions: 33->33
[6867.983s][info][gc,metaspace   ] GC(1179) Metaspace: 30009K(30528K)->30009K(30528K) NonClass: 26611K(26880K)->26611K(26880K) Class: 3397K(3648K)->3397K(3648K)
[6867.983s][info][gc             ] GC(1179) Pause Young (Normal) (G1 Evacuation Pause) 7269M->2770M(8192M) 155.587ms
[6867.983s][info][gc,cpu         ] GC(1179) User=1.23s Sys=0.00s Real=0.16s
...[6871.078s][info][gc,start       ] GC(1180) Pause Young (Normal) (G1 Evacuation Pause)
[6871.078s][info][gc,task        ] GC(1180) Using 8 workers of 8 for evacuation
[6871.235s][info][gc,phases      ] GC(1180)   Pre Evacuate Collection Set: 0.22ms
[6871.235s][info][gc,phases      ] GC(1180)   Merge Heap Roots: 0.66ms
[6871.235s][info][gc,phases      ] GC(1180)   Evacuate Collection Set: 154.71ms
[6871.235s][info][gc,phases      ] GC(1180)   Post Evacuate Collection Set: 1.07ms
[6871.235s][info][gc,phases      ] GC(1180)   Other: 0.06ms
[6871.235s][info][gc,heap        ] GC(1180) Eden regions: 570->0(570)
[6871.235s][info][gc,heap        ] GC(1180) Survivor regions: 44->44(77)
[6871.235s][info][gc,heap        ] GC(1180) Old regions: 271->278
[6871.235s][info][gc,heap        ] GC(1180) Humongous regions: 33->33
[6871.235s][info][gc,metaspace   ] GC(1180) Metaspace: 30009K(30528K)->30009K(30528K) NonClass: 26611K(26880K)->26611K(26880K) Class: 3397K(3648K)->3397K(3648K)
[6871.235s][info][gc             ] GC(1180) Pause Young (Normal) (G1 Evacuation Pause) 7330M->2827M(8192M) 156.868ms
[6871.235s][info][gc,cpu         ] GC(1180) User=1.24s Sys=0.00s Real=0.16s
...[6874.296s][info][gc,start       ] GC(1181) Pause Young (Normal) (G1 Evacuation Pause)
[6874.296s][info][gc,task        ] GC(1181) Using 8 workers of 8 for evacuation
[6874.453s][info][gc,phases      ] GC(1181)   Pre Evacuate Collection Set: 0.23ms
[6874.453s][info][gc,phases      ] GC(1181)   Merge Heap Roots: 0.59ms
[6874.453s][info][gc,phases      ] GC(1181)   Evacuate Collection Set: 154.99ms
[6874.453s][info][gc,phases      ] GC(1181)   Post Evacuate Collection Set: 1.06ms
[6874.453s][info][gc,phases      ] GC(1181)   Other: 0.06ms
[6874.453s][info][gc,heap        ] GC(1181) Eden regions: 570->0(564)
[6874.453s][info][gc,heap        ] GC(1181) Survivor regions: 44->45(77)
[6874.453s][info][gc,heap        ] GC(1181) Old regions: 278->285
[6874.453s][info][gc,heap        ] GC(1181) Humongous regions: 33->33
[6874.453s][info][gc,metaspace   ] GC(1181) Metaspace: 30009K(30528K)->30009K(30528K) NonClass: 26611K(26880K)->26611K(26880K) Class: 3397K(3648K)->3397K(3648K)
[6874.453s][info][gc             ] GC(1181) Pause Young (Normal) (G1 Evacuation Pause) 7387M->2887M(8192M) 157.080ms
[6874.453s][info][gc,cpu         ] GC(1181) User=1.25s Sys=0.01s Real=0.16s
...[6877.446s][info][gc,start       ] GC(1182) Pause Young (Normal) (G1 Evacuation Pause)
[6877.446s][info][gc,task        ] GC(1182) Using 8 workers of 8 for evacuation
[6877.597s][info][gc,phases      ] GC(1182)   Pre Evacuate Collection Set: 0.23ms
[6877.597s][info][gc,phases      ] GC(1182)   Merge Heap Roots: 0.60ms
[6877.597s][info][gc,phases      ] GC(1182)   Evacuate Collection Set: 149.47ms
[6877.597s][info][gc,phases      ] GC(1182)   Post Evacuate Collection Set: 1.06ms
[6877.597s][info][gc,phases      ] GC(1182)   Other: 0.07ms
[6877.597s][info][gc,heap        ] GC(1182) Eden regions: 564->0(560)
[6877.597s][info][gc,heap        ] GC(1182) Survivor regions: 45->43(77)
[6877.597s][info][gc,heap        ] GC(1182) Old regions: 285->293
[6877.597s][info][gc,heap        ] GC(1182) Humongous regions: 33->33
[6877.597s][info][gc,metaspace   ] GC(1182) Metaspace: 30009K(30528K)->30009K(30528K) NonClass: 26611K(26880K)->26611K(26880K) Class: 3397K(3648K)->3397K(3648K)
[6877.597s][info][gc             ] GC(1182) Pause Young (Normal) (G1 Evacuation Pause) 7399M->2933M(8192M) 151.554ms
[6877.597s][info][gc,cpu         ] GC(1182) User=1.20s Sys=0.01s Real=0.15s
...[6880.600s][info][gc,start       ] GC(1183) Pause Young (Normal) (G1 Evacuation Pause)
[6880.601s][info][gc,task        ] GC(1183) Using 8 workers of 8 for evacuation
[6880.753s][info][gc,phases      ] GC(1183)   Pre Evacuate Collection Set: 0.23ms
[6880.753s][info][gc,phases      ] GC(1183)   Merge Heap Roots: 0.65ms
[6880.753s][info][gc,phases      ] GC(1183)   Evacuate Collection Set: 150.48ms
[6880.753s][info][gc,phases      ] GC(1183)   Post Evacuate Collection Set: 1.05ms
[6880.753s][info][gc,phases      ] GC(1183)   Other: 0.06ms
[6880.753s][info][gc,heap        ] GC(1183) Eden regions: 560->0(551)
[6880.753s][info][gc,heap        ] GC(1183) Survivor regions: 43->44(76)
[6880.753s][info][gc,heap        ] GC(1183) Old regions: 293->300
[6880.753s][info][gc,heap        ] GC(1183) Humongous regions: 33->33
[6880.753s][info][gc,metaspace   ] GC(1183) Metaspace: 30009K(30528K)->30009K(30528K) NonClass: 26611K(26880K)->26611K(26880K) Class: 3397K(3648K)->3397K(3648K)
[6880.753s][info][gc             ] GC(1183) Pause Young (Normal) (G1 Evacuation Pause) 7413M->2995M(8192M) 152.604ms
[6880.753s][info][gc,cpu         ] GC(1183) User=1.21s Sys=0.00s Real=0.16s
...[6883.711s][info][gc,start       ] GC(1184) Pause Young (Normal) (G1 Evacuation Pause)
[6883.711s][info][gc,task        ] GC(1184) Using 8 workers of 8 for evacuation
[6883.865s][info][gc,phases      ] GC(1184)   Pre Evacuate Collection Set: 0.26ms
[6883.865s][info][gc,phases      ] GC(1184)   Merge Heap Roots: 0.56ms
[6883.865s][info][gc,phases      ] GC(1184)   Evacuate Collection Set: 151.41ms
[6883.865s][info][gc,phases      ] GC(1184)   Post Evacuate Collection Set: 1.08ms
[6883.865s][info][gc,phases      ] GC(1184)   Other: 0.06ms
[6883.865s][info][gc,heap        ] GC(1184) Eden regions: 551->0(546)
[6883.865s][info][gc,heap        ] GC(1184) Survivor regions: 44->43(75)
[6883.865s][info][gc,heap        ] GC(1184) Old regions: 300->307
[6883.865s][info][gc,heap        ] GC(1184) Humongous regions: 33->33
[6883.865s][info][gc,metaspace   ] GC(1184) Metaspace: 30009K(30528K)->30009K(30528K) NonClass: 26611K(26880K)->26611K(26880K) Class: 3397K(3648K)->3397K(3648K)
[6883.865s][info][gc             ] GC(1184) Pause Young (Normal) (G1 Evacuation Pause) 7403M->3047M(8192M) 153.517ms
[6883.865s][info][gc,cpu         ] GC(1184) User=1.21s Sys=0.00s Real=0.15s
...[6886.751s][info][gc,start       ] GC(1185) Pause Young (Concurrent Start) (G1 Evacuation Pause)
[6886.751s][info][gc,task        ] GC(1185) Using 8 workers of 8 for evacuation
[6886.902s][info][gc,phases      ] GC(1185)   Pre Evacuate Collection Set: 0.28ms
[6886.902s][info][gc,phases      ] GC(1185)   Merge Heap Roots: 0.58ms
[6886.902s][info][gc,phases      ] GC(1185)   Evacuate Collection Set: 149.62ms
[6886.902s][info][gc,phases      ] GC(1185)   Post Evacuate Collection Set: 1.02ms
[6886.902s][info][gc,phases      ] GC(1185)   Other: 0.11ms
[6886.902s][info][gc,heap        ] GC(1185) Eden regions: 546->0(540)
[6886.902s][info][gc,heap        ] GC(1185) Survivor regions: 43->42(74)
[6886.902s][info][gc,heap        ] GC(1185) Old regions: 307->315
[6886.902s][info][gc,heap        ] GC(1185) Humongous regions: 33->33
[6886.902s][info][gc,metaspace   ] GC(1185) Metaspace: 30009K(30528K)->30009K(30528K) NonClass: 26611K(26880K)->26611K(26880K) Class: 3397K(3648K)->3397K(3648K)
[6886.902s][info][gc             ] GC(1185) Pause Young (Concurrent Start) (G1 Evacuation Pause) 7415M->3102M(8192M) 151.726ms
[6886.902s][info][gc             ] GC(1186) Concurrent Mark Cycle
[6886.902s][info][gc,marking     ] GC(1186) Concurrent Scan Root Regions
[6886.903s][info][gc,cpu         ] GC(1185) User=1.20s Sys=0.00s Real=0.15s
.[6887.299s][info][gc,marking     ] GC(1186) Concurrent Scan Root Regions 396.100ms
[6887.299s][info][gc,marking     ] GC(1186) Concurrent Mark
[6887.299s][info][gc,marking     ] GC(1186) Concurrent Mark From Roots
[6887.299s][info][gc,task        ] GC(1186) Using 2 workers of 2 for marking
.[6888.697s][info][gc,marking     ] GC(1186) Concurrent Mark From Roots 1398.294ms
[6888.697s][info][gc,marking     ] GC(1186) Concurrent Preclean
[6888.697s][info][gc,marking     ] GC(1186) Concurrent Preclean 0.105ms
[6888.697s][info][gc,start       ] GC(1186) Pause Remark
[6888.701s][info][gc             ] GC(1186) Pause Remark 5154M->4634M(8192M) 3.227ms
[6888.701s][info][gc,cpu         ] GC(1186) User=0.02s Sys=0.00s Real=0.00s
[6888.701s][info][gc,marking     ] GC(1186) Concurrent Mark 1401.953ms
[6888.701s][info][gc,marking     ] GC(1186) Concurrent Rebuild Remembered Sets and Scrub Regions
.[6889.570s][info][gc,marking     ] GC(1186) Concurrent Rebuild Remembered Sets and Scrub Regions 868.937ms
[6889.570s][info][gc,start       ] GC(1186) Pause Cleanup
[6889.570s][info][gc             ] GC(1186) Pause Cleanup 5854M->5854M(8192M) 0.262ms
[6889.570s][info][gc,cpu         ] GC(1186) User=0.00s Sys=0.00s Real=0.00s
[6889.570s][info][gc,marking     ] GC(1186) Concurrent Clear Claimed Marks
[6889.570s][info][gc,marking     ] GC(1186) Concurrent Clear Claimed Marks 0.048ms
[6889.570s][info][gc,marking     ] GC(1186) Concurrent Cleanup for Next Mark
[6889.580s][info][gc,marking     ] GC(1186) Concurrent Cleanup for Next Mark 9.448ms
[6889.580s][info][gc             ] GC(1186) Concurrent Mark Cycle 2677.196ms
.[6890.177s][info][gc,start       ] GC(1187) Pause Young (Prepare Mixed) (G1 Evacuation Pause)
[6890.178s][info][gc,task        ] GC(1187) Using 8 workers of 8 for evacuation
[6890.340s][info][gc,phases      ] GC(1187)   Pre Evacuate Collection Set: 0.22ms
[6890.340s][info][gc,phases      ] GC(1187)   Merge Heap Roots: 0.79ms
[6890.340s][info][gc,phases      ] GC(1187)   Evacuate Collection Set: 160.16ms
[6890.340s][info][gc,phases      ] GC(1187)   Post Evacuate Collection Set: 1.16ms
[6890.340s][info][gc,phases      ] GC(1187)   Other: 0.06ms
[6890.340s][info][gc,heap        ] GC(1187) Eden regions: 540->0(568)
[6890.340s][info][gc,heap        ] GC(1187) Survivor regions: 42->46(73)
[6890.340s][info][gc,heap        ] GC(1187) Old regions: 250->257
[6890.340s][info][gc,heap        ] GC(1187) Humongous regions: 33->33
[6890.340s][info][gc,metaspace   ] GC(1187) Metaspace: 30009K(30528K)->30009K(30528K) NonClass: 26611K(26880K)->26611K(26880K) Class: 3397K(3648K)->3397K(3648K)
[6890.340s][info][gc             ] GC(1187) Pause Young (Prepare Mixed) (G1 Evacuation Pause) 6902M->2669M(8192M) 162.527ms
[6890.340s][info][gc,cpu         ] GC(1187) User=1.27s Sys=0.00s Real=0.16s
...[6893.248s][info][gc,start       ] GC(1188) Pause Young (Mixed) (G1 Evacuation Pause)
[6893.249s][info][gc,task        ] GC(1188) Using 8 workers of 8 for evacuation
[6893.410s][info][gc,phases      ] GC(1188)   Pre Evacuate Collection Set: 0.25ms
[6893.410s][info][gc,phases      ] GC(1188)   Merge Heap Roots: 0.80ms
[6893.410s][info][gc,phases      ] GC(1188)   Evacuate Collection Set: 159.22ms
[6893.410s][info][gc,phases      ] GC(1188)   Post Evacuate Collection Set: 1.31ms
[6893.410s][info][gc,phases      ] GC(1188)   Other: 0.08ms
[6893.410s][info][gc,heap        ] GC(1188) Eden regions: 568->0(570)
[6893.410s][info][gc,heap        ] GC(1188) Survivor regions: 46->44(77)
[6893.410s][info][gc,heap        ] GC(1188) Old regions: 257->162
[6893.410s][info][gc,heap        ] GC(1188) Humongous regions: 33->33
[6893.410s][info][gc,metaspace   ] GC(1188) Metaspace: 30009K(30528K)->30009K(30528K) NonClass: 26611K(26880K)->26611K(26880K) Class: 3397K(3648K)->3397K(3648K)
[6893.410s][info][gc             ] GC(1188) Pause Young (Mixed) (G1 Evacuation Pause) 7213M->1895M(8192M) 161.805ms
[6893.410s][info][gc,cpu         ] GC(1188) User=1.28s Sys=0.00s Real=0.16s
...[6896.228s][info][gc,start       ] GC(1189) Pause Young (Mixed) (G1 Evacuation Pause)
[6896.228s][info][gc,task        ] GC(1189) Using 8 workers of 8 for evacuation
[6896.399s][info][gc,phases      ] GC(1189)   Pre Evacuate Collection Set: 0.22ms
[6896.399s][info][gc,phases      ] GC(1189)   Merge Heap Roots: 0.90ms
[6896.399s][info][gc,phases      ] GC(1189)   Evacuate Collection Set: 168.43ms
[6896.399s][info][gc,phases      ] GC(1189)   Post Evacuate Collection Set: 1.12ms
[6896.399s][info][gc,phases      ] GC(1189)   Other: 0.07ms
[6896.399s][info][gc,heap        ] GC(1189) Eden regions: 570->0(570)
[6896.399s][info][gc,heap        ] GC(1189) Survivor regions: 44->44(77)
[6896.399s][info][gc,heap        ] GC(1189) Old regions: 162->143
[6896.399s][info][gc,heap        ] GC(1189) Humongous regions: 33->33
[6896.399s][info][gc,metaspace   ] GC(1189) Metaspace: 30009K(30528K)->30009K(30528K) NonClass: 26611K(26880K)->26611K(26880K) Class: 3397K(3648K)->3397K(3648K)
[6896.399s][info][gc             ] GC(1189) Pause Young (Mixed) (G1 Evacuation Pause) 6455M->1744M(8192M) 170.860ms
[6896.399s][info][gc,cpu         ] GC(1189) User=1.36s Sys=0.00s Real=0.17s
...[6899.372s][info][gc,start       ] GC(1190) Pause Young (Normal) (G1 Evacuation Pause)
[6899.372s][info][gc,task        ] GC(1190) Using 8 workers of 8 for evacuation
[6899.532s][info][gc,phases      ] GC(1190)   Pre Evacuate Collection Set: 0.22ms
[6899.532s][info][gc,phases      ] GC(1190)   Merge Heap Roots: 0.56ms
[6899.532s][info][gc,phases      ] GC(1190)   Evacuate Collection Set: 158.70ms
[6899.532s][info][gc,phases      ] GC(1190)   Post Evacuate Collection Set: 1.10ms
[6899.532s][info][gc,phases      ] GC(1190)   Other: 0.06ms
[6899.532s][info][gc,heap        ] GC(1190) Eden regions: 570->0(570)
[6899.532s][info][gc,heap        ] GC(1190) Survivor regions: 44->44(77)
[6899.532s][info][gc,heap        ] GC(1190) Old regions: 143->150
[6899.532s][info][gc,heap        ] GC(1190) Humongous regions: 33->33
[6899.532s][info][gc,metaspace   ] GC(1190) Metaspace: 30009K(30528K)->30009K(30528K) NonClass: 26611K(26880K)->26611K(26880K) Class: 3397K(3648K)->3397K(3648K)
[6899.532s][info][gc             ] GC(1190) Pause Young (Normal) (G1 Evacuation Pause) 6304M->1800M(8192M) 160.790ms
[6899.533s][info][gc,cpu         ] GC(1190) User=1.28s Sys=0.00s Real=0.16s
. (rIR:aIR:PR = 12038:12082:12097) (tPR = 179532) [OK] 
  6899s: Performance info:
         Transaction,    Success,    Partial,     Failed,   Receipts, AvgBarcode, 
             Overall,     730951,          0,          0,     694411,      59.47, 
         Response times:
             Request,    Success,    Partial,     Failed,   SkipFail,     Probes,    Samples,      min,      p50,      p90,      p95,      p99,      max, 
       TotalPurchase,     693675,          0,          0,          0,     345319,     449373,      300,    19500,   111000,   171000,   316000,  5200000,
     InStorePurchase,     365032,          0,          0,          0,     181684,     236266,      300,    19400,   112000,   174000,   469000,  5200000,
      OnlinePurchase,     256768,          0,          0,          0,     127348,     165897,      300,    19600,   110000,   168000,   291000,  5200000,
        InstPurchase,      71875,          0,          0,          0,      36287,      47210,      400,    19200,   111000,   172000,   303890,  2500000,
          AssocOfCat,        723,          0,          0,          0,        624,        900,    33000,    80000,   170900,   225950,   369000,   559000,
      AssocOfProduct,       7203,          0,          0,          0,       3255,       4381,      800,    19700,   109000,   164000,   306180,  1800000,
      BusinessReport,       1824,          0,          0,          0,       1599,       2207,    38000,    90000,   198200,   243600,   340680,   940000,
          CustBuyBeh,       7344,          0,          0,          0,       3322,       4495,      300,    18600,   120000,   170000,   324120,  1900000,
       ProductReturn,      19324,          0,          0,          0,      10099,      13267,      300,    19000,   105000,   161000,   292320,  1400000,

  6899s: (88%)   IR =  12177 ..[6902.583s][info][gc,start       ] GC(1191) Pause Young (Normal) (G1 Evacuation Pause)
[6902.583s][info][gc,task        ] GC(1191) Using 8 workers of 8 for evacuation
[6902.745s][info][gc,phases      ] GC(1191)   Pre Evacuate Collection Set: 0.23ms
[6902.745s][info][gc,phases      ] GC(1191)   Merge Heap Roots: 0.59ms
[6902.745s][info][gc,phases      ] GC(1191)   Evacuate Collection Set: 159.41ms
[6902.745s][info][gc,phases      ] GC(1191)   Post Evacuate Collection Set: 1.07ms
[6902.745s][info][gc,phases      ] GC(1191)   Other: 0.08ms
[6902.745s][info][gc,heap        ] GC(1191) Eden regions: 570->0(569)
[6902.745s][info][gc,heap        ] GC(1191) Survivor regions: 44->45(77)
[6902.745s][info][gc,heap        ] GC(1191) Old regions: 150->157
[6902.745s][info][gc,heap        ] GC(1191) Humongous regions: 33->33
[6902.745s][info][gc,metaspace   ] GC(1191) Metaspace: 30009K(30528K)->30009K(30528K) NonClass: 26611K(26880K)->26611K(26880K) Class: 3397K(3648K)->3397K(3648K)
[6902.745s][info][gc             ] GC(1191) Pause Young (Normal) (G1 Evacuation Pause) 6360M->1865M(8192M) 161.498ms
[6902.745s][info][gc,cpu         ] GC(1191) User=1.28s Sys=0.00s Real=0.16s
...[6905.801s][info][gc,start       ] GC(1192) Pause Young (Normal) (G1 Evacuation Pause)
[6905.802s][info][gc,task        ] GC(1192) Using 8 workers of 8 for evacuation
[6905.956s][info][gc,phases      ] GC(1192)   Pre Evacuate Collection Set: 0.23ms
[6905.956s][info][gc,phases      ] GC(1192)   Merge Heap Roots: 0.56ms
[6905.956s][info][gc,phases      ] GC(1192)   Evacuate Collection Set: 152.85ms
[6905.956s][info][gc,phases      ] GC(1192)   Post Evacuate Collection Set: 1.11ms
[6905.956s][info][gc,phases      ] GC(1192)   Other: 0.06ms
[6905.956s][info][gc,heap        ] GC(1192) Eden regions: 569->0(571)
[6905.956s][info][gc,heap        ] GC(1192) Survivor regions: 45->43(77)
[6905.956s][info][gc,heap        ] GC(1192) Old regions: 157->164
[6905.956s][info][gc,heap        ] GC(1192) Humongous regions: 33->33
[6905.956s][info][gc,metaspace   ] GC(1192) Metaspace: 30009K(30528K)->30009K(30528K) NonClass: 26611K(26880K)->26611K(26880K) Class: 3397K(3648K)->3397K(3648K)
[6905.956s][info][gc             ] GC(1192) Pause Young (Normal) (G1 Evacuation Pause) 6417M->1905M(8192M) 154.941ms
[6905.956s][info][gc,cpu         ] GC(1192) User=1.23s Sys=0.00s Real=0.15s
...[6908.965s][info][gc,start       ] GC(1193) Pause Young (Normal) (G1 Evacuation Pause)
[6908.965s][info][gc,task        ] GC(1193) Using 8 workers of 8 for evacuation
[6909.125s][info][gc,phases      ] GC(1193)   Pre Evacuate Collection Set: 0.23ms
[6909.125s][info][gc,phases      ] GC(1193)   Merge Heap Roots: 0.62ms
[6909.125s][info][gc,phases      ] GC(1193)   Evacuate Collection Set: 158.28ms
[6909.125s][info][gc,phases      ] GC(1193)   Post Evacuate Collection Set: 1.03ms
[6909.125s][info][gc,phases      ] GC(1193)   Other: 0.06ms
[6909.125s][info][gc,heap        ] GC(1193) Eden regions: 571->0(570)
[6909.125s][info][gc,heap        ] GC(1193) Survivor regions: 43->44(77)
[6909.125s][info][gc,heap        ] GC(1193) Old regions: 164->171
[6909.125s][info][gc,heap        ] GC(1193) Humongous regions: 33->33
[6909.125s][info][gc,metaspace   ] GC(1193) Metaspace: 30009K(30528K)->30009K(30528K) NonClass: 26611K(26880K)->26611K(26880K) Class: 3397K(3648K)->3397K(3648K)
[6909.125s][info][gc             ] GC(1193) Pause Young (Normal) (G1 Evacuation Pause) 6473M->1970M(8192M) 160.339ms
[6909.125s][info][gc,cpu         ] GC(1193) User=1.27s Sys=0.00s Real=0.16s
....[6912.184s][info][gc,start       ] GC(1194) Pause Young (Normal) (G1 Evacuation Pause)
[6912.184s][info][gc,task        ] GC(1194) Using 8 workers of 8 for evacuation
[6912.342s][info][gc,phases      ] GC(1194)   Pre Evacuate Collection Set: 0.22ms
[6912.342s][info][gc,phases      ] GC(1194)   Merge Heap Roots: 0.57ms
[6912.342s][info][gc,phases      ] GC(1194)   Evacuate Collection Set: 155.53ms
[6912.342s][info][gc,phases      ] GC(1194)   Post Evacuate Collection Set: 1.04ms
[6912.342s][info][gc,phases      ] GC(1194)   Other: 0.06ms
[6912.342s][info][gc,heap        ] GC(1194) Eden regions: 570->0(569)
[6912.342s][info][gc,heap        ] GC(1194) Survivor regions: 44->45(77)
[6912.342s][info][gc,heap        ] GC(1194) Old regions: 171->178
[6912.342s][info][gc,heap        ] GC(1194) Humongous regions: 33->33
[6912.342s][info][gc,metaspace   ] GC(1194) Metaspace: 30009K(30528K)->30009K(30528K) NonClass: 26611K(26880K)->26611K(26880K) Class: 3397K(3648K)->3397K(3648K)
[6912.342s][info][gc             ] GC(1194) Pause Young (Normal) (G1 Evacuation Pause) 6530M->2031M(8192M) 157.545ms
[6912.342s][info][gc,cpu         ] GC(1194) User=1.25s Sys=0.00s Real=0.16s
...[6915.449s][info][gc,start       ] GC(1195) Pause Young (Normal) (G1 Evacuation Pause)
[6915.449s][info][gc,task        ] GC(1195) Using 8 workers of 8 for evacuation
[6915.600s][info][gc,phases      ] GC(1195)   Pre Evacuate Collection Set: 0.23ms
[6915.600s][info][gc,phases      ] GC(1195)   Merge Heap Roots: 0.57ms
[6915.600s][info][gc,phases      ] GC(1195)   Evacuate Collection Set: 148.65ms
[6915.600s][info][gc,phases      ] GC(1195)   Post Evacuate Collection Set: 1.06ms
[6915.600s][info][gc,phases      ] GC(1195)   Other: 0.07ms
[6915.600s][info][gc,heap        ] GC(1195) Eden regions: 569->0(571)
[6915.600s][info][gc,heap        ] GC(1195) Survivor regions: 45->43(77)
[6915.600s][info][gc,heap        ] GC(1195) Old regions: 178->186
[6915.600s][info][gc,heap        ] GC(1195) Humongous regions: 33->33
[6915.600s][info][gc,metaspace   ] GC(1195) Metaspace: 30009K(30528K)->30009K(30528K) NonClass: 26611K(26880K)->26611K(26880K) Class: 3397K(3648K)->3397K(3648K)
[6915.600s][info][gc             ] GC(1195) Pause Young (Normal) (G1 Evacuation Pause) 6583M->2073M(8192M) 150.718ms
[6915.600s][info][gc,cpu         ] GC(1195) User=1.19s Sys=0.00s Real=0.15s
...[6918.539s][info][gc,start       ] GC(1196) Pause Young (Normal) (G1 Evacuation Pause)
[6918.539s][info][gc,task        ] GC(1196) Using 8 workers of 8 for evacuation
[6918.690s][info][gc,phases      ] GC(1196)   Pre Evacuate Collection Set: 0.24ms
[6918.690s][info][gc,phases      ] GC(1196)   Merge Heap Roots: 0.65ms
[6918.690s][info][gc,phases      ] GC(1196)   Evacuate Collection Set: 149.00ms
[6918.690s][info][gc,phases      ] GC(1196)   Post Evacuate Collection Set: 1.05ms
[6918.690s][info][gc,phases      ] GC(1196)   Other: 0.06ms
[6918.690s][info][gc,heap        ] GC(1196) Eden regions: 571->0(572)
[6918.690s][info][gc,heap        ] GC(1196) Survivor regions: 43->42(77)
[6918.690s][info][gc,heap        ] GC(1196) Old regions: 186->193
[6918.690s][info][gc,heap        ] GC(1196) Humongous regions: 33->33
[6918.690s][info][gc,metaspace   ] GC(1196) Metaspace: 30009K(30528K)->30009K(30528K) NonClass: 26611K(26880K)->26611K(26880K) Class: 3397K(3648K)->3397K(3648K)
[6918.690s][info][gc             ] GC(1196) Pause Young (Normal) (G1 Evacuation Pause) 6641M->2127M(8192M) 151.128ms
[6918.690s][info][gc,cpu         ] GC(1196) User=1.19s Sys=0.00s Real=0.15s
...[6921.690s][info][gc,start       ] GC(1197) Pause Young (Normal) (G1 Evacuation Pause)
[6921.690s][info][gc,task        ] GC(1197) Using 8 workers of 8 for evacuation
[6921.845s][info][gc,phases      ] GC(1197)   Pre Evacuate Collection Set: 0.25ms
[6921.845s][info][gc,phases      ] GC(1197)   Merge Heap Roots: 0.57ms
[6921.845s][info][gc,phases      ] GC(1197)   Evacuate Collection Set: 153.20ms
[6921.845s][info][gc,phases      ] GC(1197)   Post Evacuate Collection Set: 1.03ms
[6921.845s][info][gc,phases      ] GC(1197)   Other: 0.06ms
[6921.845s][info][gc,heap        ] GC(1197) Eden regions: 572->0(571)
[6921.845s][info][gc,heap        ] GC(1197) Survivor regions: 42->43(77)
[6921.845s][info][gc,heap        ] GC(1197) Old regions: 193->200
[6921.845s][info][gc,heap        ] GC(1197) Humongous regions: 33->33
[6921.845s][info][gc,metaspace   ] GC(1197) Metaspace: 30009K(30528K)->30009K(30528K) NonClass: 26611K(26880K)->26611K(26880K) Class: 3397K(3648K)->3397K(3648K)
[6921.845s][info][gc             ] GC(1197) Pause Young (Normal) (G1 Evacuation Pause) 6703M->2193M(8192M) 155.240ms
[6921.845s][info][gc,cpu         ] GC(1197) User=1.23s Sys=0.00s Real=0.16s
...[6924.842s][info][gc,start       ] GC(1198) Pause Young (Normal) (G1 Evacuation Pause)
[6924.842s][info][gc,task        ] GC(1198) Using 8 workers of 8 for evacuation
[6924.998s][info][gc,phases      ] GC(1198)   Pre Evacuate Collection Set: 0.23ms
[6924.998s][info][gc,phases      ] GC(1198)   Merge Heap Roots: 0.58ms
[6924.998s][info][gc,phases      ] GC(1198)   Evacuate Collection Set: 153.86ms
[6924.998s][info][gc,phases      ] GC(1198)   Post Evacuate Collection Set: 1.04ms
[6924.998s][info][gc,phases      ] GC(1198)   Other: 0.07ms
[6924.998s][info][gc,heap        ] GC(1198) Eden regions: 571->0(570)
[6924.998s][info][gc,heap        ] GC(1198) Survivor regions: 43->44(77)
[6924.998s][info][gc,heap        ] GC(1198) Old regions: 200->207
[6924.998s][info][gc,heap        ] GC(1198) Humongous regions: 33->33
[6924.998s][info][gc,metaspace   ] GC(1198) Metaspace: 30009K(30528K)->30009K(30528K) NonClass: 26611K(26880K)->26611K(26880K) Class: 3397K(3648K)->3397K(3648K)
[6924.998s][info][gc             ] GC(1198) Pause Young (Normal) (G1 Evacuation Pause) 6761M->2254M(8192M) 155.904ms
[6924.998s][info][gc,cpu         ] GC(1198) User=1.23s Sys=0.00s Real=0.15s
.|..[6927.995s][info][gc,start       ] GC(1199) Pause Young (Normal) (G1 Evacuation Pause)
[6927.995s][info][gc,task        ] GC(1199) Using 8 workers of 8 for evacuation
[6928.152s][info][gc,phases      ] GC(1199)   Pre Evacuate Collection Set: 0.22ms
[6928.152s][info][gc,phases      ] GC(1199)   Merge Heap Roots: 0.55ms
[6928.152s][info][gc,phases      ] GC(1199)   Evacuate Collection Set: 155.71ms
[6928.152s][info][gc,phases      ] GC(1199)   Post Evacuate Collection Set: 1.05ms
[6928.152s][info][gc,phases      ] GC(1199)   Other: 0.06ms
[6928.152s][info][gc,heap        ] GC(1199) Eden regions: 570->0(569)
[6928.152s][info][gc,heap        ] GC(1199) Survivor regions: 44->45(77)
[6928.152s][info][gc,heap        ] GC(1199) Old regions: 207->214
[6928.152s][info][gc,heap        ] GC(1199) Humongous regions: 33->33
[6928.152s][info][gc,metaspace   ] GC(1199) Metaspace: 30009K(30528K)->30009K(30528K) NonClass: 26611K(26880K)->26611K(26880K) Class: 3397K(3648K)->3397K(3648K)
[6928.152s][info][gc             ] GC(1199) Pause Young (Normal) (G1 Evacuation Pause) 6814M->2319M(8192M) 157.744ms
[6928.152s][info][gc,cpu         ] GC(1199) User=1.25s Sys=0.00s Real=0.16s
...[6931.158s][info][gc,start       ] GC(1200) Pause Young (Normal) (G1 Evacuation Pause)
[6931.158s][info][gc,task        ] GC(1200) Using 8 workers of 8 for evacuation
[6931.314s][info][gc,phases      ] GC(1200)   Pre Evacuate Collection Set: 0.26ms
[6931.314s][info][gc,phases      ] GC(1200)   Merge Heap Roots: 0.58ms
[6931.314s][info][gc,phases      ] GC(1200)   Evacuate Collection Set: 153.49ms
[6931.314s][info][gc,phases      ] GC(1200)   Post Evacuate Collection Set: 1.08ms
[6931.314s][info][gc,phases      ] GC(1200)   Other: 0.07ms
[6931.314s][info][gc,heap        ] GC(1200) Eden regions: 569->0(570)
[6931.314s][info][gc,heap        ] GC(1200) Survivor regions: 45->44(77)
[6931.314s][info][gc,heap        ] GC(1200) Old regions: 214->221
[6931.314s][info][gc,heap        ] GC(1200) Humongous regions: 33->33
[6931.314s][info][gc,metaspace   ] GC(1200) Metaspace: 30009K(30528K)->30009K(30528K) NonClass: 26611K(26880K)->26611K(26880K) Class: 3397K(3648K)->3397K(3648K)
[6931.314s][info][gc             ] GC(1200) Pause Young (Normal) (G1 Evacuation Pause) 6871M->2370M(8192M) 155.611ms
[6931.314s][info][gc,cpu         ] GC(1200) User=1.23s Sys=0.00s Real=0.16s
....[6934.331s][info][gc,start       ] GC(1201) Pause Young (Normal) (G1 Evacuation Pause)
[6934.331s][info][gc,task        ] GC(1201) Using 8 workers of 8 for evacuation
[6934.489s][info][gc,phases      ] GC(1201)   Pre Evacuate Collection Set: 0.27ms
[6934.489s][info][gc,phases      ] GC(1201)   Merge Heap Roots: 0.56ms
[6934.489s][info][gc,phases      ] GC(1201)   Evacuate Collection Set: 156.18ms
[6934.489s][info][gc,phases      ] GC(1201)   Post Evacuate Collection Set: 1.08ms
[6934.489s][info][gc,phases      ] GC(1201)   Other: 0.06ms
[6934.489s][info][gc,heap        ] GC(1201) Eden regions: 570->0(569)
[6934.489s][info][gc,heap        ] GC(1201) Survivor regions: 44->45(77)
[6934.489s][info][gc,heap        ] GC(1201) Old regions: 221->228
[6934.489s][info][gc,heap        ] GC(1201) Humongous regions: 33->33
[6934.489s][info][gc,metaspace   ] GC(1201) Metaspace: 30009K(30528K)->30009K(30528K) NonClass: 26611K(26880K)->26611K(26880K) Class: 3397K(3648K)->3397K(3648K)
[6934.489s][info][gc             ] GC(1201) Pause Young (Normal) (G1 Evacuation Pause) 6930M->2431M(8192M) 158.283ms
[6934.489s][info][gc,cpu         ] GC(1201) User=1.26s Sys=0.00s Real=0.16s
...[6937.426s][info][gc,start       ] GC(1202) Pause Young (Normal) (G1 Evacuation Pause)
[6937.426s][info][gc,task        ] GC(1202) Using 8 workers of 8 for evacuation
[6937.577s][info][gc,phases      ] GC(1202)   Pre Evacuate Collection Set: 0.24ms
[6937.577s][info][gc,phases      ] GC(1202)   Merge Heap Roots: 0.65ms
[6937.577s][info][gc,phases      ] GC(1202)   Evacuate Collection Set: 148.57ms
[6937.577s][info][gc,phases      ] GC(1202)   Post Evacuate Collection Set: 1.09ms
[6937.577s][info][gc,phases      ] GC(1202)   Other: 0.07ms
[6937.577s][info][gc,heap        ] GC(1202) Eden regions: 569->0(572)
[6937.577s][info][gc,heap        ] GC(1202) Survivor regions: 45->42(77)
[6937.577s][info][gc,heap        ] GC(1202) Old regions: 228->235
[6937.577s][info][gc,heap        ] GC(1202) Humongous regions: 33->33
[6937.577s][info][gc,metaspace   ] GC(1202) Metaspace: 30009K(30528K)->30009K(30528K) NonClass: 26611K(26880K)->26611K(26880K) Class: 3397K(3648K)->3397K(3648K)
[6937.577s][info][gc             ] GC(1202) Pause Young (Normal) (G1 Evacuation Pause) 6983M->2467M(8192M) 150.762ms
[6937.577s][info][gc,cpu         ] GC(1202) User=1.19s Sys=0.00s Real=0.15s
...[6940.585s][info][gc,start       ] GC(1203) Pause Young (Normal) (G1 Evacuation Pause)
[6940.585s][info][gc,task        ] GC(1203) Using 8 workers of 8 for evacuation
[6940.742s][info][gc,phases      ] GC(1203)   Pre Evacuate Collection Set: 0.22ms
[6940.742s][info][gc,phases      ] GC(1203)   Merge Heap Roots: 0.57ms
[6940.742s][info][gc,phases      ] GC(1203)   Evacuate Collection Set: 155.62ms
[6940.742s][info][gc,phases      ] GC(1203)   Post Evacuate Collection Set: 1.04ms
[6940.742s][info][gc,phases      ] GC(1203)   Other: 0.06ms
[6940.742s][info][gc,heap        ] GC(1203) Eden regions: 572->0(569)
[6940.742s][info][gc,heap        ] GC(1203) Survivor regions: 42->45(77)
[6940.742s][info][gc,heap        ] GC(1203) Old regions: 235->243
[6940.742s][info][gc,heap        ] GC(1203) Humongous regions: 33->33
[6940.742s][info][gc,metaspace   ] GC(1203) Metaspace: 30009K(30528K)->30009K(30528K) NonClass: 26611K(26880K)->26611K(26880K) Class: 3397K(3648K)->3397K(3648K)
[6940.742s][info][gc             ] GC(1203) Pause Young (Normal) (G1 Evacuation Pause) 7043M->2545M(8192M) 157.636ms
[6940.742s][info][gc,cpu         ] GC(1203) User=1.25s Sys=0.00s Real=0.16s
...[6943.655s][info][gc,start       ] GC(1204) Pause Young (Normal) (G1 Evacuation Pause)
[6943.655s][info][gc,task        ] GC(1204) Using 8 workers of 8 for evacuation
[6943.810s][info][gc,phases      ] GC(1204)   Pre Evacuate Collection Set: 0.25ms
[6943.810s][info][gc,phases      ] GC(1204)   Merge Heap Roots: 0.55ms
[6943.810s][info][gc,phases      ] GC(1204)   Evacuate Collection Set: 153.55ms
[6943.810s][info][gc,phases      ] GC(1204)   Post Evacuate Collection Set: 1.06ms
[6943.810s][info][gc,phases      ] GC(1204)   Other: 0.06ms
[6943.810s][info][gc,heap        ] GC(1204) Eden regions: 569->0(570)
[6943.810s][info][gc,heap        ] GC(1204) Survivor regions: 45->44(77)
[6943.810s][info][gc,heap        ] GC(1204) Old regions: 243->250
[6943.810s][info][gc,heap        ] GC(1204) Humongous regions: 33->33
[6943.810s][info][gc,metaspace   ] GC(1204) Metaspace: 30009K(30528K)->30009K(30528K) NonClass: 26611K(26880K)->26611K(26880K) Class: 3397K(3648K)->3397K(3648K)
[6943.810s][info][gc             ] GC(1204) Pause Young (Normal) (G1 Evacuation Pause) 7097M->2599M(8192M) 155.596ms
[6943.810s][info][gc,cpu         ] GC(1204) User=1.23s Sys=0.00s Real=0.15s
...[6946.756s][info][gc,start       ] GC(1205) Pause Young (Normal) (G1 Evacuation Pause)
[6946.756s][info][gc,task        ] GC(1205) Using 8 workers of 8 for evacuation
[6946.908s][info][gc,phases      ] GC(1205)   Pre Evacuate Collection Set: 0.27ms
[6946.908s][info][gc,phases      ] GC(1205)   Merge Heap Roots: 0.59ms
[6946.908s][info][gc,phases      ] GC(1205)   Evacuate Collection Set: 149.87ms
[6946.908s][info][gc,phases      ] GC(1205)   Post Evacuate Collection Set: 1.07ms
[6946.908s][info][gc,phases      ] GC(1205)   Other: 0.06ms
[6946.908s][info][gc,heap        ] GC(1205) Eden regions: 570->0(571)
[6946.908s][info][gc,heap        ] GC(1205) Survivor regions: 44->43(77)
[6946.908s][info][gc,heap        ] GC(1205) Old regions: 250->257
[6946.908s][info][gc,heap        ] GC(1205) Humongous regions: 33->33
[6946.908s][info][gc,metaspace   ] GC(1205) Metaspace: 30009K(30528K)->30009K(30528K) NonClass: 26611K(26880K)->26611K(26880K) Class: 3397K(3648K)->3397K(3648K)
[6946.908s][info][gc             ] GC(1205) Pause Young (Normal) (G1 Evacuation Pause) 7159M->2647M(8192M) 151.980ms
[6946.908s][info][gc,cpu         ] GC(1205) User=1.21s Sys=0.00s Real=0.15s
...[6949.991s][info][gc,start       ] GC(1206) Pause Young (Normal) (G1 Evacuation Pause)
[6949.991s][info][gc,task        ] GC(1206) Using 8 workers of 8 for evacuation
[6950.146s][info][gc,phases      ] GC(1206)   Pre Evacuate Collection Set: 0.22ms
[6950.146s][info][gc,phases      ] GC(1206)   Merge Heap Roots: 0.58ms
[6950.146s][info][gc,phases      ] GC(1206)   Evacuate Collection Set: 153.29ms
[6950.146s][info][gc,phases      ] GC(1206)   Post Evacuate Collection Set: 1.06ms
[6950.146s][info][gc,phases      ] GC(1206)   Other: 0.07ms
[6950.146s][info][gc,heap        ] GC(1206) Eden regions: 571->0(570)
[6950.146s][info][gc,heap        ] GC(1206) Survivor regions: 43->44(77)
[6950.146s][info][gc,heap        ] GC(1206) Old regions: 257->264
[6950.146s][info][gc,heap        ] GC(1206) Humongous regions: 33->33
[6950.146s][info][gc,metaspace   ] GC(1206) Metaspace: 30009K(30528K)->30009K(30528K) NonClass: 26611K(26880K)->26611K(26880K) Class: 3397K(3648K)->3397K(3648K)
[6950.146s][info][gc             ] GC(1206) Pause Young (Normal) (G1 Evacuation Pause) 7215M->2707M(8192M) 155.366ms
[6950.146s][info][gc,cpu         ] GC(1206) User=1.23s Sys=0.00s Real=0.15s
...[6953.196s][info][gc,start       ] GC(1207) Pause Young (Normal) (G1 Evacuation Pause)
[6953.196s][info][gc,task        ] GC(1207) Using 8 workers of 8 for evacuation
[6953.349s][info][gc,phases      ] GC(1207)   Pre Evacuate Collection Set: 0.26ms
[6953.349s][info][gc,phases      ] GC(1207)   Merge Heap Roots: 0.64ms
[6953.349s][info][gc,phases      ] GC(1207)   Evacuate Collection Set: 150.22ms
[6953.349s][info][gc,phases      ] GC(1207)   Post Evacuate Collection Set: 1.03ms
[6953.349s][info][gc,phases      ] GC(1207)   Other: 0.06ms
[6953.349s][info][gc,heap        ] GC(1207) Eden regions: 570->0(571)
[6953.349s][info][gc,heap        ] GC(1207) Survivor regions: 44->43(77)
[6953.349s][info][gc,heap        ] GC(1207) Old regions: 264->271
[6953.349s][info][gc,heap        ] GC(1207) Humongous regions: 33->33
[6953.349s][info][gc,metaspace   ] GC(1207) Metaspace: 30009K(30528K)->30009K(30528K) NonClass: 26611K(26880K)->26611K(26880K) Class: 3397K(3648K)->3397K(3648K)
[6953.349s][info][gc             ] GC(1207) Pause Young (Normal) (G1 Evacuation Pause) 7267M->2757M(8192M) 152.378ms
[6953.349s][info][gc,cpu         ] GC(1207) User=1.21s Sys=0.00s Real=0.15s
....[6956.386s][info][gc,start       ] GC(1208) Pause Young (Normal) (G1 Evacuation Pause)
[6956.386s][info][gc,task        ] GC(1208) Using 8 workers of 8 for evacuation
[6956.537s][info][gc,phases      ] GC(1208)   Pre Evacuate Collection Set: 0.23ms
[6956.537s][info][gc,phases      ] GC(1208)   Merge Heap Roots: 0.61ms
[6956.537s][info][gc,phases      ] GC(1208)   Evacuate Collection Set: 149.29ms
[6956.537s][info][gc,phases      ] GC(1208)   Post Evacuate Collection Set: 1.08ms
[6956.537s][info][gc,phases      ] GC(1208)   Other: 0.07ms
[6956.537s][info][gc,heap        ] GC(1208) Eden regions: 571->0(572)
[6956.537s][info][gc,heap        ] GC(1208) Survivor regions: 43->42(77)
[6956.537s][info][gc,heap        ] GC(1208) Old regions: 271->278
[6956.537s][info][gc,heap        ] GC(1208) Humongous regions: 33->33
[6956.537s][info][gc,metaspace   ] GC(1208) Metaspace: 30009K(30528K)->30009K(30528K) NonClass: 26611K(26880K)->26611K(26880K) Class: 3397K(3648K)->3397K(3648K)
[6956.537s][info][gc             ] GC(1208) Pause Young (Normal) (G1 Evacuation Pause) 7325M->2811M(8192M) 151.418ms
[6956.537s][info][gc,cpu         ] GC(1208) User=1.20s Sys=0.01s Real=0.15s
...[6959.648s][info][gc,start       ] GC(1209) Pause Young (Normal) (G1 Evacuation Pause)
[6959.649s][info][gc,task        ] GC(1209) Using 8 workers of 8 for evacuation
[6959.800s][info][gc,phases      ] GC(1209)   Pre Evacuate Collection Set: 0.25ms
[6959.800s][info][gc,phases      ] GC(1209)   Merge Heap Roots: 0.56ms
[6959.800s][info][gc,phases      ] GC(1209)   Evacuate Collection Set: 149.73ms
[6959.800s][info][gc,phases      ] GC(1209)   Post Evacuate Collection Set: 1.06ms
[6959.800s][info][gc,phases      ] GC(1209)   Other: 0.06ms
[6959.800s][info][gc,heap        ] GC(1209) Eden regions: 572->0(567)
[6959.800s][info][gc,heap        ] GC(1209) Survivor regions: 42->43(77)
[6959.800s][info][gc,heap        ] GC(1209) Old regions: 278->286
[6959.800s][info][gc,heap        ] GC(1209) Humongous regions: 33->33
[6959.800s][info][gc,metaspace   ] GC(1209) Metaspace: 30009K(30528K)->30009K(30528K) NonClass: 26611K(26880K)->26611K(26880K) Class: 3397K(3648K)->3397K(3648K)
[6959.800s][info][gc             ] GC(1209) Pause Young (Normal) (G1 Evacuation Pause) 7387M->2877M(8192M) 151.794ms
[6959.800s][info][gc,cpu         ] GC(1209) User=1.20s Sys=0.01s Real=0.15s
...[6962.792s][info][gc,start       ] GC(1210) Pause Young (Normal) (G1 Evacuation Pause)
[6962.792s][info][gc,task        ] GC(1210) Using 8 workers of 8 for evacuation
[6962.942s][info][gc,phases      ] GC(1210)   Pre Evacuate Collection Set: 0.23ms
[6962.942s][info][gc,phases      ] GC(1210)   Merge Heap Roots: 0.54ms
[6962.942s][info][gc,phases      ] GC(1210)   Evacuate Collection Set: 148.06ms
[6962.942s][info][gc,phases      ] GC(1210)   Post Evacuate Collection Set: 1.04ms
[6962.942s][info][gc,phases      ] GC(1210)   Other: 0.07ms
[6962.942s][info][gc,heap        ] GC(1210) Eden regions: 567->0(560)
[6962.942s][info][gc,heap        ] GC(1210) Survivor regions: 43->43(77)
[6962.942s][info][gc,heap        ] GC(1210) Old regions: 286->293
[6962.942s][info][gc,heap        ] GC(1210) Humongous regions: 33->33
[6962.942s][info][gc,metaspace   ] GC(1210) Metaspace: 30009K(30528K)->30009K(30528K) NonClass: 26611K(26880K)->26611K(26880K) Class: 3397K(3648K)->3397K(3648K)
[6962.942s][info][gc             ] GC(1210) Pause Young (Normal) (G1 Evacuation Pause) 7413M->2929M(8192M) 150.078ms
[6962.942s][info][gc,cpu         ] GC(1210) User=1.19s Sys=0.00s Real=0.15s
...[6965.907s][info][gc,start       ] GC(1211) Pause Young (Normal) (G1 Evacuation Pause)
[6965.907s][info][gc,task        ] GC(1211) Using 8 workers of 8 for evacuation
[6966.062s][info][gc,phases      ] GC(1211)   Pre Evacuate Collection Set: 0.21ms
[6966.062s][info][gc,phases      ] GC(1211)   Merge Heap Roots: 0.55ms
[6966.062s][info][gc,phases      ] GC(1211)   Evacuate Collection Set: 152.36ms
[6966.062s][info][gc,phases      ] GC(1211)   Post Evacuate Collection Set: 1.06ms
[6966.062s][info][gc,phases      ] GC(1211)   Other: 0.06ms
[6966.062s][info][gc,heap        ] GC(1211) Eden regions: 560->0(551)
[6966.062s][info][gc,heap        ] GC(1211) Survivor regions: 43->44(76)
[6966.062s][info][gc,heap        ] GC(1211) Old regions: 293->300
[6966.062s][info][gc,heap        ] GC(1211) Humongous regions: 33->33
[6966.062s][info][gc,metaspace   ] GC(1211) Metaspace: 30009K(30528K)->30009K(30528K) NonClass: 26611K(26880K)->26611K(26880K) Class: 3397K(3648K)->3397K(3648K)
[6966.062s][info][gc             ] GC(1211) Pause Young (Normal) (G1 Evacuation Pause) 7409M->2995M(8192M) 154.392ms
[6966.062s][info][gc,cpu         ] GC(1211) User=1.22s Sys=0.00s Real=0.16s
...[6968.973s][info][gc,start       ] GC(1212) Pause Young (Normal) (G1 Evacuation Pause)
[6968.973s][info][gc,task        ] GC(1212) Using 8 workers of 8 for evacuation
[6969.124s][info][gc,phases      ] GC(1212)   Pre Evacuate Collection Set: 0.23ms
[6969.124s][info][gc,phases      ] GC(1212)   Merge Heap Roots: 0.54ms
[6969.124s][info][gc,phases      ] GC(1212)   Evacuate Collection Set: 149.95ms
[6969.124s][info][gc,phases      ] GC(1212)   Post Evacuate Collection Set: 1.05ms
[6969.124s][info][gc,phases      ] GC(1212)   Other: 0.06ms
[6969.124s][info][gc,heap        ] GC(1212) Eden regions: 551->0(548)
[6969.124s][info][gc,heap        ] GC(1212) Survivor regions: 44->42(75)
[6969.124s][info][gc,heap        ] GC(1212) Old regions: 300->307
[6969.124s][info][gc,heap        ] GC(1212) Humongous regions: 33->33
[6969.124s][info][gc,metaspace   ] GC(1212) Metaspace: 30009K(30528K)->30009K(30528K) NonClass: 26611K(26880K)->26611K(26880K) Class: 3397K(3648K)->3397K(3648K)
[6969.124s][info][gc             ] GC(1212) Pause Young (Normal) (G1 Evacuation Pause) 7403M->3043M(8192M) 151.953ms
[6969.125s][info][gc,cpu         ] GC(1212) User=1.20s Sys=0.00s Real=0.15s
...[6971.920s][info][gc,start       ] GC(1213) Pause Young (Concurrent Start) (G1 Evacuation Pause)
[6971.920s][info][gc,task        ] GC(1213) Using 8 workers of 8 for evacuation
[6972.073s][info][gc,phases      ] GC(1213)   Pre Evacuate Collection Set: 0.26ms
[6972.073s][info][gc,phases      ] GC(1213)   Merge Heap Roots: 0.56ms
[6972.073s][info][gc,phases      ] GC(1213)   Evacuate Collection Set: 150.64ms
[6972.073s][info][gc,phases      ] GC(1213)   Post Evacuate Collection Set: 1.05ms
[6972.073s][info][gc,phases      ] GC(1213)   Other: 0.10ms
[6972.073s][info][gc,heap        ] GC(1213) Eden regions: 548->0(538)
[6972.073s][info][gc,heap        ] GC(1213) Survivor regions: 42->43(74)
[6972.073s][info][gc,heap        ] GC(1213) Old regions: 307->315
[6972.073s][info][gc,heap        ] GC(1213) Humongous regions: 33->33
[6972.073s][info][gc,metaspace   ] GC(1213) Metaspace: 30009K(30528K)->30009K(30528K) NonClass: 26611K(26880K)->26611K(26880K) Class: 3397K(3648K)->3397K(3648K)
[6972.073s][info][gc             ] GC(1213) Pause Young (Concurrent Start) (G1 Evacuation Pause) 7427M->3111M(8192M) 152.755ms
[6972.073s][info][gc             ] GC(1214) Concurrent Mark Cycle
[6972.073s][info][gc,marking     ] GC(1214) Concurrent Scan Root Regions
[6972.073s][info][gc,cpu         ] GC(1213) User=1.21s Sys=0.00s Real=0.16s
.[6972.380s][info][gc,marking     ] GC(1214) Concurrent Scan Root Regions 306.976ms
[6972.380s][info][gc,marking     ] GC(1214) Concurrent Mark
[6972.380s][info][gc,marking     ] GC(1214) Concurrent Mark From Roots
[6972.380s][info][gc,task        ] GC(1214) Using 2 workers of 2 for marking
.[6973.413s][info][gc,marking     ] GC(1214) Concurrent Mark From Roots 1032.885ms
[6973.413s][info][gc,marking     ] GC(1214) Concurrent Preclean
[6973.413s][info][gc,marking     ] GC(1214) Concurrent Preclean 0.108ms
[6973.413s][info][gc,start       ] GC(1214) Pause Remark
[6973.416s][info][gc             ] GC(1214) Pause Remark 4607M->4063M(8192M) 2.660ms
[6973.416s][info][gc,cpu         ] GC(1214) User=0.02s Sys=0.00s Real=0.00s
[6973.416s][info][gc,marking     ] GC(1214) Concurrent Mark 1035.949ms
[6973.416s][info][gc,marking     ] GC(1214) Concurrent Rebuild Remembered Sets and Scrub Regions
[6974.235s][info][gc,marking     ] GC(1214) Concurrent Rebuild Remembered Sets and Scrub Regions 819.136ms
[6974.235s][info][gc,start       ] GC(1214) Pause Cleanup
[6974.235s][info][gc             ] GC(1214) Pause Cleanup 5164M->5164M(8192M) 0.253ms
[6974.235s][info][gc,cpu         ] GC(1214) User=0.00s Sys=0.00s Real=0.00s
[6974.235s][info][gc,marking     ] GC(1214) Concurrent Clear Claimed Marks
[6974.235s][info][gc,marking     ] GC(1214) Concurrent Clear Claimed Marks 0.043ms
[6974.235s][info][gc,marking     ] GC(1214) Concurrent Cleanup for Next Mark
[6974.252s][info][gc,marking     ] GC(1214) Concurrent Cleanup for Next Mark 16.411ms
[6974.252s][info][gc             ] GC(1214) Concurrent Mark Cycle 2179.130ms
.[6975.338s][info][gc,start       ] GC(1215) Pause Young (Prepare Mixed) (G1 Evacuation Pause)
[6975.338s][info][gc,task        ] GC(1215) Using 8 workers of 8 for evacuation
[6975.501s][info][gc,phases      ] GC(1215)   Pre Evacuate Collection Set: 0.23ms
[6975.501s][info][gc,phases      ] GC(1215)   Merge Heap Roots: 0.81ms
[6975.501s][info][gc,phases      ] GC(1215)   Evacuate Collection Set: 160.71ms
[6975.501s][info][gc,phases      ] GC(1215)   Post Evacuate Collection Set: 1.16ms
[6975.501s][info][gc,phases      ] GC(1215)   Other: 0.07ms
[6975.501s][info][gc,heap        ] GC(1215) Eden regions: 538->0(568)
[6975.501s][info][gc,heap        ] GC(1215) Survivor regions: 43->46(73)
[6975.501s][info][gc,heap        ] GC(1215) Old regions: 247->255
[6975.501s][info][gc,heap        ] GC(1215) Humongous regions: 33->33
[6975.501s][info][gc,metaspace   ] GC(1215) Metaspace: 30009K(30528K)->30009K(30528K) NonClass: 26611K(26880K)->26611K(26880K) Class: 3397K(3648K)->3397K(3648K)
[6975.501s][info][gc             ] GC(1215) Pause Young (Prepare Mixed) (G1 Evacuation Pause) 6871M->2653M(8192M) 163.118ms
[6975.501s][info][gc,cpu         ] GC(1215) User=1.30s Sys=0.00s Real=0.17s
...[6978.332s][info][gc,start       ] GC(1216) Pause Young (Mixed) (G1 Evacuation Pause)
[6978.332s][info][gc,task        ] GC(1216) Using 8 workers of 8 for evacuation
[6978.495s][info][gc,phases      ] GC(1216)   Pre Evacuate Collection Set: 0.24ms
[6978.495s][info][gc,phases      ] GC(1216)   Merge Heap Roots: 0.85ms
[6978.495s][info][gc,phases      ] GC(1216)   Evacuate Collection Set: 160.83ms
[6978.495s][info][gc,phases      ] GC(1216)   Post Evacuate Collection Set: 1.33ms
[6978.495s][info][gc,phases      ] GC(1216)   Other: 0.08ms
[6978.495s][info][gc,heap        ] GC(1216) Eden regions: 568->0(571)
[6978.495s][info][gc,heap        ] GC(1216) Survivor regions: 46->43(77)
[6978.495s][info][gc,heap        ] GC(1216) Old regions: 255->160
[6978.495s][info][gc,heap        ] GC(1216) Humongous regions: 33->33
[6978.495s][info][gc,metaspace   ] GC(1216) Metaspace: 30009K(30528K)->30009K(30528K) NonClass: 26611K(26880K)->26611K(26880K) Class: 3397K(3648K)->3397K(3648K)
[6978.495s][info][gc             ] GC(1216) Pause Young (Mixed) (G1 Evacuation Pause) 7197M->1873M(8192M) 163.493ms
[6978.495s][info][gc,cpu         ] GC(1216) User=1.29s Sys=0.00s Real=0.16s
...[6981.294s][info][gc,start       ] GC(1217) Pause Young (Mixed) (G1 Evacuation Pause)
[6981.294s][info][gc,task        ] GC(1217) Using 8 workers of 8 for evacuation
[6981.455s][info][gc,phases      ] GC(1217)   Pre Evacuate Collection Set: 0.22ms
[6981.455s][info][gc,phases      ] GC(1217)   Merge Heap Roots: 0.77ms
[6981.455s][info][gc,phases      ] GC(1217)   Evacuate Collection Set: 158.63ms
[6981.455s][info][gc,phases      ] GC(1217)   Post Evacuate Collection Set: 1.07ms
[6981.455s][info][gc,phases      ] GC(1217)   Other: 0.06ms
[6981.455s][info][gc,heap        ] GC(1217) Eden regions: 571->0(570)
[6981.455s][info][gc,heap        ] GC(1217) Survivor regions: 43->44(77)
[6981.455s][info][gc,heap        ] GC(1217) Old regions: 160->143
[6981.455s][info][gc,heap        ] GC(1217) Humongous regions: 33->33
[6981.455s][info][gc,metaspace   ] GC(1217) Metaspace: 30009K(30528K)->30009K(30528K) NonClass: 26611K(26880K)->26611K(26880K) Class: 3397K(3648K)->3397K(3648K)
[6981.455s][info][gc             ] GC(1217) Pause Young (Mixed) (G1 Evacuation Pause) 6441M->1743M(8192M) 160.882ms
[6981.455s][info][gc,cpu         ] GC(1217) User=1.27s Sys=0.00s Real=0.16s
...[6984.354s][info][gc,start       ] GC(1218) Pause Young (Normal) (G1 Evacuation Pause)
[6984.354s][info][gc,task        ] GC(1218) Using 8 workers of 8 for evacuation
[6984.508s][info][gc,phases      ] GC(1218)   Pre Evacuate Collection Set: 0.22ms
[6984.508s][info][gc,phases      ] GC(1218)   Merge Heap Roots: 0.61ms
[6984.508s][info][gc,phases      ] GC(1218)   Evacuate Collection Set: 152.68ms
[6984.508s][info][gc,phases      ] GC(1218)   Post Evacuate Collection Set: 1.02ms
[6984.508s][info][gc,phases      ] GC(1218)   Other: 0.07ms
[6984.508s][info][gc,heap        ] GC(1218) Eden regions: 570->0(570)
[6984.508s][info][gc,heap        ] GC(1218) Survivor regions: 44->44(77)
[6984.508s][info][gc,heap        ] GC(1218) Old regions: 143->151
[6984.508s][info][gc,heap        ] GC(1218) Humongous regions: 33->33
[6984.508s][info][gc,metaspace   ] GC(1218) Metaspace: 30009K(30528K)->30009K(30528K) NonClass: 26611K(26880K)->26611K(26880K) Class: 3397K(3648K)->3397K(3648K)
[6984.508s][info][gc             ] GC(1218) Pause Young (Normal) (G1 Evacuation Pause) 6303M->1805M(8192M) 154.730ms
[6984.508s][info][gc,cpu         ] GC(1218) User=1.23s Sys=0.00s Real=0.15s
.. (rIR:aIR:PR = 12177:12228:12242) (tPR = 180672) [OK] 
  6985s: Performance info:
         Transaction,    Success,    Partial,     Failed,   Receipts, AvgBarcode, 
             Overall,     738652,          0,          0,     701881,      59.47, 
         Response times:
             Request,    Success,    Partial,     Failed,   SkipFail,     Probes,    Samples,      min,      p50,      p90,      p95,      p99,      max, 
       TotalPurchase,     701017,          0,          0,          0,     350306,     514452,      300,    19300,   126000,   188000,   291000,  4900000,
     InStorePurchase,     368899,          0,          0,          0,     184605,     270093,      300,    19300,   126000,   188000,   291000,  4900000,
      OnlinePurchase,     257966,          0,          0,          0,     127878,     188498,      300,    19200,   125000,   189000,   293000,  4900000,
        InstPurchase,      74152,          0,          0,          0,      37823,      55861,      400,    19700,   127000,   189000,   288000,  3100000,
          AssocOfCat,        731,          0,          0,          0,        630,       1034,    33000,    77000,   193500,   257250,   366200,   417000,
      AssocOfProduct,       7369,          0,          0,          0,       3343,       5099,      500,    19400,   131000,   196000,   302000,  3400000,
      BusinessReport,       1837,          0,          0,          0,       1613,       2546,    33000,    90000,   211000,   272300,   375000,  1300000,
          CustBuyBeh,       7422,          0,          0,          0,       3362,       5210,      400,    22000,   131000,   190000,   285000,  3400000,
       ProductReturn,      19392,          0,          0,          0,       9011,      13615,      300,    19500,   128000,   196000,   283840,  1100000,

  6985s: (89%)   IR =  12315 .[6987.474s][info][gc,start       ] GC(1219) Pause Young (Normal) (G1 Evacuation Pause)
[6987.474s][info][gc,task        ] GC(1219) Using 8 workers of 8 for evacuation
[6987.637s][info][gc,phases      ] GC(1219)   Pre Evacuate Collection Set: 0.23ms
[6987.637s][info][gc,phases      ] GC(1219)   Merge Heap Roots: 0.58ms
[6987.637s][info][gc,phases      ] GC(1219)   Evacuate Collection Set: 161.06ms
[6987.637s][info][gc,phases      ] GC(1219)   Post Evacuate Collection Set: 1.09ms
[6987.637s][info][gc,phases      ] GC(1219)   Other: 0.07ms
[6987.637s][info][gc,heap        ] GC(1219) Eden regions: 570->0(568)
[6987.637s][info][gc,heap        ] GC(1219) Survivor regions: 44->46(77)
[6987.637s][info][gc,heap        ] GC(1219) Old regions: 151->158
[6987.637s][info][gc,heap        ] GC(1219) Humongous regions: 33->33
[6987.637s][info][gc,metaspace   ] GC(1219) Metaspace: 30009K(30528K)->30009K(30528K) NonClass: 26611K(26880K)->26611K(26880K) Class: 3397K(3648K)->3397K(3648K)
[6987.637s][info][gc             ] GC(1219) Pause Young (Normal) (G1 Evacuation Pause) 6365M->1874M(8192M) 163.155ms
[6987.637s][info][gc,cpu         ] GC(1219) User=1.30s Sys=0.00s Real=0.16s
...[6990.578s][info][gc,start       ] GC(1220) Pause Young (Normal) (G1 Evacuation Pause)
[6990.578s][info][gc,task        ] GC(1220) Using 8 workers of 8 for evacuation
[6990.732s][info][gc,phases      ] GC(1220)   Pre Evacuate Collection Set: 0.20ms
[6990.732s][info][gc,phases      ] GC(1220)   Merge Heap Roots: 0.54ms
[6990.732s][info][gc,phases      ] GC(1220)   Evacuate Collection Set: 152.79ms
[6990.732s][info][gc,phases      ] GC(1220)   Post Evacuate Collection Set: 1.03ms
[6990.732s][info][gc,phases      ] GC(1220)   Other: 0.07ms
[6990.732s][info][gc,heap        ] GC(1220) Eden regions: 568->0(570)
[6990.732s][info][gc,heap        ] GC(1220) Survivor regions: 46->44(77)
[6990.732s][info][gc,heap        ] GC(1220) Old regions: 158->165
[6990.732s][info][gc,heap        ] GC(1220) Humongous regions: 33->33
[6990.732s][info][gc,metaspace   ] GC(1220) Metaspace: 30009K(30528K)->30009K(30528K) NonClass: 26611K(26880K)->26611K(26880K) Class: 3397K(3648K)->3397K(3648K)
[6990.733s][info][gc             ] GC(1220) Pause Young (Normal) (G1 Evacuation Pause) 6418M->1918M(8192M) 154.753ms
[6990.733s][info][gc,cpu         ] GC(1220) User=1.22s Sys=0.00s Real=0.16s
....[6993.879s][info][gc,start       ] GC(1221) Pause Young (Normal) (G1 Evacuation Pause)
[6993.879s][info][gc,task        ] GC(1221) Using 8 workers of 8 for evacuation
[6994.033s][info][gc,phases      ] GC(1221)   Pre Evacuate Collection Set: 0.23ms
[6994.033s][info][gc,phases      ] GC(1221)   Merge Heap Roots: 0.57ms
[6994.033s][info][gc,phases      ] GC(1221)   Evacuate Collection Set: 151.85ms
[6994.033s][info][gc,phases      ] GC(1221)   Post Evacuate Collection Set: 1.07ms
[6994.033s][info][gc,phases      ] GC(1221)   Other: 0.06ms
[6994.033s][info][gc,heap        ] GC(1221) Eden regions: 570->0(570)
[6994.033s][info][gc,heap        ] GC(1221) Survivor regions: 44->44(77)
[6994.033s][info][gc,heap        ] GC(1221) Old regions: 165->172
[6994.033s][info][gc,heap        ] GC(1221) Humongous regions: 33->33
[6994.033s][info][gc,metaspace   ] GC(1221) Metaspace: 30009K(30528K)->30009K(30528K) NonClass: 26611K(26880K)->26611K(26880K) Class: 3397K(3648K)->3397K(3648K)
[6994.033s][info][gc             ] GC(1221) Pause Young (Normal) (G1 Evacuation Pause) 6478M->1975M(8192M) 153.916ms
[6994.033s][info][gc,cpu         ] GC(1221) User=1.22s Sys=0.01s Real=0.16s
...[6996.974s][info][gc,start       ] GC(1222) Pause Young (Normal) (G1 Evacuation Pause)
[6996.974s][info][gc,task        ] GC(1222) Using 8 workers of 8 for evacuation
[6997.128s][info][gc,phases      ] GC(1222)   Pre Evacuate Collection Set: 0.25ms
[6997.128s][info][gc,phases      ] GC(1222)   Merge Heap Roots: 0.62ms
[6997.128s][info][gc,phases      ] GC(1222)   Evacuate Collection Set: 152.19ms
[6997.128s][info][gc,phases      ] GC(1222)   Post Evacuate Collection Set: 1.07ms
[6997.128s][info][gc,phases      ] GC(1222)   Other: 0.07ms
[6997.128s][info][gc,heap        ] GC(1222) Eden regions: 570->0(570)
[6997.128s][info][gc,heap        ] GC(1222) Survivor regions: 44->44(77)
[6997.128s][info][gc,heap        ] GC(1222) Old regions: 172->180
[6997.128s][info][gc,heap        ] GC(1222) Humongous regions: 33->33
[6997.128s][info][gc,metaspace   ] GC(1222) Metaspace: 30009K(30528K)->30009K(30528K) NonClass: 26611K(26880K)->26611K(26880K) Class: 3397K(3648K)->3397K(3648K)
[6997.128s][info][gc             ] GC(1222) Pause Young (Normal) (G1 Evacuation Pause) 6535M->2034M(8192M) 154.338ms
[6997.128s][info][gc,cpu         ] GC(1222) User=1.22s Sys=0.01s Real=0.15s
...[7000.131s][info][gc,start       ] GC(1223) Pause Young (Normal) (G1 Evacuation Pause)
[7000.131s][info][gc,task        ] GC(1223) Using 8 workers of 8 for evacuation
[7000.287s][info][gc,phases      ] GC(1223)   Pre Evacuate Collection Set: 0.25ms
[7000.287s][info][gc,phases      ] GC(1223)   Merge Heap Roots: 0.55ms
[7000.287s][info][gc,phases      ] GC(1223)   Evacuate Collection Set: 154.78ms
[7000.287s][info][gc,phases      ] GC(1223)   Post Evacuate Collection Set: 1.08ms
[7000.287s][info][gc,phases      ] GC(1223)   Other: 0.06ms
[7000.287s][info][gc,heap        ] GC(1223) Eden regions: 570->0(569)
[7000.287s][info][gc,heap        ] GC(1223) Survivor regions: 44->45(77)
[7000.287s][info][gc,heap        ] GC(1223) Old regions: 180->187
[7000.287s][info][gc,heap        ] GC(1223) Humongous regions: 33->33
[7000.287s][info][gc,metaspace   ] GC(1223) Metaspace: 30009K(30528K)->30009K(30528K) NonClass: 26611K(26880K)->26611K(26880K) Class: 3397K(3648K)->3397K(3648K)
[7000.287s][info][gc             ] GC(1223) Pause Young (Normal) (G1 Evacuation Pause) 6594M->2098M(8192M) 156.846ms
[7000.287s][info][gc,cpu         ] GC(1223) User=1.25s Sys=0.00s Real=0.16s
...[7003.277s][info][gc,start       ] GC(1224) Pause Young (Normal) (G1 Evacuation Pause)
[7003.277s][info][gc,task        ] GC(1224) Using 8 workers of 8 for evacuation
[7003.437s][info][gc,phases      ] GC(1224)   Pre Evacuate Collection Set: 0.22ms
[7003.437s][info][gc,phases      ] GC(1224)   Merge Heap Roots: 0.55ms
[7003.437s][info][gc,phases      ] GC(1224)   Evacuate Collection Set: 157.73ms
[7003.437s][info][gc,phases      ] GC(1224)   Post Evacuate Collection Set: 1.10ms
[7003.437s][info][gc,phases      ] GC(1224)   Other: 0.06ms
[7003.437s][info][gc,heap        ] GC(1224) Eden regions: 569->0(569)
[7003.437s][info][gc,heap        ] GC(1224) Survivor regions: 45->45(77)
[7003.437s][info][gc,heap        ] GC(1224) Old regions: 187->194
[7003.437s][info][gc,heap        ] GC(1224) Humongous regions: 33->33
[7003.437s][info][gc,metaspace   ] GC(1224) Metaspace: 30009K(30528K)->30009K(30528K) NonClass: 26611K(26880K)->26611K(26880K) Class: 3397K(3648K)->3397K(3648K)
[7003.437s][info][gc             ] GC(1224) Pause Young (Normal) (G1 Evacuation Pause) 6650M->2159M(8192M) 159.789ms
[7003.437s][info][gc,cpu         ] GC(1224) User=1.27s Sys=0.00s Real=0.16s
...[7006.294s][info][gc,start       ] GC(1225) Pause Young (Normal) (G1 Evacuation Pause)
[7006.294s][info][gc,task        ] GC(1225) Using 8 workers of 8 for evacuation
[7006.448s][info][gc,phases      ] GC(1225)   Pre Evacuate Collection Set: 0.23ms
[7006.448s][info][gc,phases      ] GC(1225)   Merge Heap Roots: 0.58ms
[7006.448s][info][gc,phases      ] GC(1225)   Evacuate Collection Set: 151.52ms
[7006.448s][info][gc,phases      ] GC(1225)   Post Evacuate Collection Set: 1.07ms
[7006.448s][info][gc,phases      ] GC(1225)   Other: 0.06ms
[7006.448s][info][gc,heap        ] GC(1225) Eden regions: 569->0(571)
[7006.448s][info][gc,heap        ] GC(1225) Survivor regions: 45->43(77)
[7006.448s][info][gc,heap        ] GC(1225) Old regions: 194->201
[7006.448s][info][gc,heap        ] GC(1225) Humongous regions: 33->33
[7006.448s][info][gc,metaspace   ] GC(1225) Metaspace: 30009K(30528K)->30009K(30528K) NonClass: 26611K(26880K)->26611K(26880K) Class: 3397K(3648K)->3397K(3648K)
[7006.448s][info][gc             ] GC(1225) Pause Young (Normal) (G1 Evacuation Pause) 6711M->2197M(8192M) 153.577ms
[7006.448s][info][gc,cpu         ] GC(1225) User=1.22s Sys=0.00s Real=0.15s
...[7009.447s][info][gc,start       ] GC(1226) Pause Young (Normal) (G1 Evacuation Pause)
[7009.447s][info][gc,task        ] GC(1226) Using 8 workers of 8 for evacuation
[7009.601s][info][gc,phases      ] GC(1226)   Pre Evacuate Collection Set: 0.23ms
[7009.601s][info][gc,phases      ] GC(1226)   Merge Heap Roots: 0.62ms
[7009.601s][info][gc,phases      ] GC(1226)   Evacuate Collection Set: 151.86ms
[7009.601s][info][gc,phases      ] GC(1226)   Post Evacuate Collection Set: 1.04ms
[7009.601s][info][gc,phases      ] GC(1226)   Other: 0.06ms
[7009.601s][info][gc,heap        ] GC(1226) Eden regions: 571->0(570)
[7009.601s][info][gc,heap        ] GC(1226) Survivor regions: 43->44(77)
[7009.601s][info][gc,heap        ] GC(1226) Old regions: 201->208
[7009.601s][info][gc,heap        ] GC(1226) Humongous regions: 33->33
[7009.601s][info][gc,metaspace   ] GC(1226) Metaspace: 30009K(30528K)->30009K(30528K) NonClass: 26611K(26880K)->26611K(26880K) Class: 3397K(3648K)->3397K(3648K)
[7009.601s][info][gc             ] GC(1226) Pause Young (Normal) (G1 Evacuation Pause) 6765M->2261M(8192M) 153.953ms
[7009.601s][info][gc,cpu         ] GC(1226) User=1.22s Sys=0.01s Real=0.16s
...[7012.568s][info][gc,start       ] GC(1227) Pause Young (Normal) (G1 Evacuation Pause)
[7012.568s][info][gc,task        ] GC(1227) Using 8 workers of 8 for evacuation
[7012.722s][info][gc,phases      ] GC(1227)   Pre Evacuate Collection Set: 0.24ms
[7012.722s][info][gc,phases      ] GC(1227)   Merge Heap Roots: 0.53ms
[7012.722s][info][gc,phases      ] GC(1227)   Evacuate Collection Set: 152.60ms
[7012.722s][info][gc,phases      ] GC(1227)   Post Evacuate Collection Set: 1.02ms
[7012.722s][info][gc,phases      ] GC(1227)   Other: 0.06ms
[7012.722s][info][gc,heap        ] GC(1227) Eden regions: 570->0(570)
[7012.722s][info][gc,heap        ] GC(1227) Survivor regions: 44->44(77)
[7012.722s][info][gc,heap        ] GC(1227) Old regions: 208->215
[7012.722s][info][gc,heap        ] GC(1227) Humongous regions: 33->33
[7012.722s][info][gc,metaspace   ] GC(1227) Metaspace: 30009K(30528K)->30009K(30528K) NonClass: 26611K(26880K)->26611K(26880K) Class: 3397K(3648K)->3397K(3648K)
[7012.722s][info][gc             ] GC(1227) Pause Young (Normal) (G1 Evacuation Pause) 6821M->2318M(8192M) 154.567ms
[7012.722s][info][gc,cpu         ] GC(1227) User=1.23s Sys=0.00s Real=0.16s
.|..[7015.652s][info][gc,start       ] GC(1228) Pause Young (Normal) (G1 Evacuation Pause)
[7015.652s][info][gc,task        ] GC(1228) Using 8 workers of 8 for evacuation
[7015.805s][info][gc,phases      ] GC(1228)   Pre Evacuate Collection Set: 0.23ms
[7015.805s][info][gc,phases      ] GC(1228)   Merge Heap Roots: 0.57ms
[7015.805s][info][gc,phases      ] GC(1228)   Evacuate Collection Set: 150.42ms
[7015.805s][info][gc,phases      ] GC(1228)   Post Evacuate Collection Set: 1.06ms
[7015.805s][info][gc,phases      ] GC(1228)   Other: 0.06ms
[7015.805s][info][gc,heap        ] GC(1228) Eden regions: 570->0(571)
[7015.805s][info][gc,heap        ] GC(1228) Survivor regions: 44->43(77)
[7015.805s][info][gc,heap        ] GC(1228) Old regions: 215->222
[7015.805s][info][gc,heap        ] GC(1228) Humongous regions: 33->33
[7015.805s][info][gc,metaspace   ] GC(1228) Metaspace: 30009K(30528K)->30009K(30528K) NonClass: 26611K(26880K)->26611K(26880K) Class: 3397K(3648K)->3397K(3648K)
[7015.805s][info][gc             ] GC(1228) Pause Young (Normal) (G1 Evacuation Pause) 6878M->2366M(8192M) 152.483ms
[7015.805s][info][gc,cpu         ] GC(1228) User=1.21s Sys=0.00s Real=0.15s
....[7018.823s][info][gc,start       ] GC(1229) Pause Young (Normal) (G1 Evacuation Pause)
[7018.823s][info][gc,task        ] GC(1229) Using 8 workers of 8 for evacuation
[7018.983s][info][gc,phases      ] GC(1229)   Pre Evacuate Collection Set: 0.24ms
[7018.983s][info][gc,phases      ] GC(1229)   Merge Heap Roots: 0.58ms
[7018.983s][info][gc,phases      ] GC(1229)   Evacuate Collection Set: 158.77ms
[7018.983s][info][gc,phases      ] GC(1229)   Post Evacuate Collection Set: 1.05ms
[7018.983s][info][gc,phases      ] GC(1229)   Other: 0.07ms
[7018.983s][info][gc,heap        ] GC(1229) Eden regions: 571->0(569)
[7018.983s][info][gc,heap        ] GC(1229) Survivor regions: 43->45(77)
[7018.983s][info][gc,heap        ] GC(1229) Old regions: 222->229
[7018.983s][info][gc,heap        ] GC(1229) Humongous regions: 33->33
[7018.983s][info][gc,metaspace   ] GC(1229) Metaspace: 30009K(30528K)->30009K(30528K) NonClass: 26611K(26880K)->26611K(26880K) Class: 3397K(3648K)->3397K(3648K)
[7018.983s][info][gc             ] GC(1229) Pause Young (Normal) (G1 Evacuation Pause) 6934M->2443M(8192M) 160.856ms
[7018.983s][info][gc,cpu         ] GC(1229) User=1.28s Sys=0.00s Real=0.16s
...[7021.866s][info][gc,start       ] GC(1230) Pause Young (Normal) (G1 Evacuation Pause)
[7021.866s][info][gc,task        ] GC(1230) Using 8 workers of 8 for evacuation
[7022.023s][info][gc,phases      ] GC(1230)   Pre Evacuate Collection Set: 0.20ms
[7022.023s][info][gc,phases      ] GC(1230)   Merge Heap Roots: 0.55ms
[7022.023s][info][gc,phases      ] GC(1230)   Evacuate Collection Set: 155.04ms
[7022.023s][info][gc,phases      ] GC(1230)   Post Evacuate Collection Set: 1.05ms
[7022.023s][info][gc,phases      ] GC(1230)   Other: 0.06ms
[7022.023s][info][gc,heap        ] GC(1230) Eden regions: 569->0(569)
[7022.023s][info][gc,heap        ] GC(1230) Survivor regions: 45->45(77)
[7022.023s][info][gc,heap        ] GC(1230) Old regions: 229->236
[7022.023s][info][gc,heap        ] GC(1230) Humongous regions: 33->33
[7022.023s][info][gc,metaspace   ] GC(1230) Metaspace: 30009K(30528K)->30009K(30528K) NonClass: 26611K(26880K)->26611K(26880K) Class: 3397K(3648K)->3397K(3648K)
[7022.023s][info][gc             ] GC(1230) Pause Young (Normal) (G1 Evacuation Pause) 6995M->2499M(8192M) 157.032ms
[7022.023s][info][gc,cpu         ] GC(1230) User=1.25s Sys=0.00s Real=0.16s
...[7024.866s][info][gc,start       ] GC(1231) Pause Young (Normal) (G1 Evacuation Pause)
[7024.866s][info][gc,task        ] GC(1231) Using 8 workers of 8 for evacuation
[7025.022s][info][gc,phases      ] GC(1231)   Pre Evacuate Collection Set: 0.21ms
[7025.022s][info][gc,phases      ] GC(1231)   Merge Heap Roots: 0.55ms
[7025.022s][info][gc,phases      ] GC(1231)   Evacuate Collection Set: 153.23ms
[7025.022s][info][gc,phases      ] GC(1231)   Post Evacuate Collection Set: 1.06ms
[7025.022s][info][gc,phases      ] GC(1231)   Other: 0.07ms
[7025.022s][info][gc,heap        ] GC(1231) Eden regions: 569->0(570)
[7025.022s][info][gc,heap        ] GC(1231) Survivor regions: 45->44(77)
[7025.022s][info][gc,heap        ] GC(1231) Old regions: 236->244
[7025.022s][info][gc,heap        ] GC(1231) Humongous regions: 33->33
[7025.022s][info][gc,metaspace   ] GC(1231) Metaspace: 30009K(30528K)->30009K(30528K) NonClass: 26611K(26880K)->26611K(26880K) Class: 3397K(3648K)->3397K(3648K)
[7025.022s][info][gc             ] GC(1231) Pause Young (Normal) (G1 Evacuation Pause) 7051M->2545M(8192M) 155.256ms
[7025.022s][info][gc,cpu         ] GC(1231) User=1.23s Sys=0.00s Real=0.16s
...[7027.944s][info][gc,start       ] GC(1232) Pause Young (Normal) (G1 Evacuation Pause)
[7027.944s][info][gc,task        ] GC(1232) Using 8 workers of 8 for evacuation
[7028.100s][info][gc,phases      ] GC(1232)   Pre Evacuate Collection Set: 0.23ms
[7028.100s][info][gc,phases      ] GC(1232)   Merge Heap Roots: 0.54ms
[7028.100s][info][gc,phases      ] GC(1232)   Evacuate Collection Set: 154.20ms
[7028.100s][info][gc,phases      ] GC(1232)   Post Evacuate Collection Set: 1.07ms
[7028.100s][info][gc,phases      ] GC(1232)   Other: 0.06ms
[7028.100s][info][gc,heap        ] GC(1232) Eden regions: 570->0(569)
[7028.100s][info][gc,heap        ] GC(1232) Survivor regions: 44->45(77)
[7028.100s][info][gc,heap        ] GC(1232) Old regions: 244->251
[7028.100s][info][gc,heap        ] GC(1232) Humongous regions: 33->33
[7028.100s][info][gc,metaspace   ] GC(1232) Metaspace: 30009K(30528K)->30009K(30528K) NonClass: 26611K(26880K)->26611K(26880K) Class: 3397K(3648K)->3397K(3648K)
[7028.100s][info][gc             ] GC(1232) Pause Young (Normal) (G1 Evacuation Pause) 7105M->2610M(8192M) 156.226ms
[7028.100s][info][gc,cpu         ] GC(1232) User=1.24s Sys=0.00s Real=0.15s
...[7031.010s][info][gc,start       ] GC(1233) Pause Young (Normal) (G1 Evacuation Pause)
[7031.011s][info][gc,task        ] GC(1233) Using 8 workers of 8 for evacuation
[7031.163s][info][gc,phases      ] GC(1233)   Pre Evacuate Collection Set: 0.23ms
[7031.163s][info][gc,phases      ] GC(1233)   Merge Heap Roots: 0.62ms
[7031.163s][info][gc,phases      ] GC(1233)   Evacuate Collection Set: 150.72ms
[7031.163s][info][gc,phases      ] GC(1233)   Post Evacuate Collection Set: 1.06ms
[7031.163s][info][gc,phases      ] GC(1233)   Other: 0.06ms
[7031.163s][info][gc,heap        ] GC(1233) Eden regions: 569->0(571)
[7031.163s][info][gc,heap        ] GC(1233) Survivor regions: 45->43(77)
[7031.163s][info][gc,heap        ] GC(1233) Old regions: 251->258
[7031.163s][info][gc,heap        ] GC(1233) Humongous regions: 33->33
[7031.163s][info][gc,metaspace   ] GC(1233) Metaspace: 30009K(30528K)->30009K(30528K) NonClass: 26611K(26880K)->26611K(26880K) Class: 3397K(3648K)->3397K(3648K)
[7031.163s][info][gc             ] GC(1233) Pause Young (Normal) (G1 Evacuation Pause) 7162M->2657M(8192M) 152.812ms
[7031.163s][info][gc,cpu         ] GC(1233) User=1.21s Sys=0.00s Real=0.16s
...[7034.169s][info][gc,start       ] GC(1234) Pause Young (Normal) (G1 Evacuation Pause)
[7034.169s][info][gc,task        ] GC(1234) Using 8 workers of 8 for evacuation
[7034.326s][info][gc,phases      ] GC(1234)   Pre Evacuate Collection Set: 0.26ms
[7034.326s][info][gc,phases      ] GC(1234)   Merge Heap Roots: 0.55ms
[7034.326s][info][gc,phases      ] GC(1234)   Evacuate Collection Set: 154.69ms
[7034.326s][info][gc,phases      ] GC(1234)   Post Evacuate Collection Set: 1.08ms
[7034.326s][info][gc,phases      ] GC(1234)   Other: 0.06ms
[7034.326s][info][gc,heap        ] GC(1234) Eden regions: 571->0(569)
[7034.326s][info][gc,heap        ] GC(1234) Survivor regions: 43->45(77)
[7034.326s][info][gc,heap        ] GC(1234) Old regions: 258->265
[7034.326s][info][gc,heap        ] GC(1234) Humongous regions: 33->33
[7034.326s][info][gc,metaspace   ] GC(1234) Metaspace: 30009K(30528K)->30009K(30528K) NonClass: 26611K(26880K)->26611K(26880K) Class: 3397K(3648K)->3397K(3648K)
[7034.326s][info][gc             ] GC(1234) Pause Young (Normal) (G1 Evacuation Pause) 7225M->2729M(8192M) 156.769ms
[7034.326s][info][gc,cpu         ] GC(1234) User=1.25s Sys=0.00s Real=0.16s
...[7037.244s][info][gc,start       ] GC(1235) Pause Young (Normal) (G1 Evacuation Pause)
[7037.244s][info][gc,task        ] GC(1235) Using 8 workers of 8 for evacuation
[7037.401s][info][gc,phases      ] GC(1235)   Pre Evacuate Collection Set: 0.23ms
[7037.401s][info][gc,phases      ] GC(1235)   Merge Heap Roots: 0.57ms
[7037.401s][info][gc,phases      ] GC(1235)   Evacuate Collection Set: 155.50ms
[7037.401s][info][gc,phases      ] GC(1235)   Post Evacuate Collection Set: 1.06ms
[7037.401s][info][gc,phases      ] GC(1235)   Other: 0.07ms
[7037.401s][info][gc,heap        ] GC(1235) Eden regions: 569->0(568)
[7037.401s][info][gc,heap        ] GC(1235) Survivor regions: 45->46(77)
[7037.401s][info][gc,heap        ] GC(1235) Old regions: 265->272
[7037.401s][info][gc,heap        ] GC(1235) Humongous regions: 33->33
[7037.401s][info][gc,metaspace   ] GC(1235) Metaspace: 30009K(30528K)->30009K(30528K) NonClass: 26611K(26880K)->26611K(26880K) Class: 3397K(3648K)->3397K(3648K)
[7037.401s][info][gc             ] GC(1235) Pause Young (Normal) (G1 Evacuation Pause) 7281M->2789M(8192M) 157.574ms
[7037.401s][info][gc,cpu         ] GC(1235) User=1.25s Sys=0.00s Real=0.16s
...[7040.269s][info][gc,start       ] GC(1236) Pause Young (Normal) (G1 Evacuation Pause)
[7040.269s][info][gc,task        ] GC(1236) Using 8 workers of 8 for evacuation
[7040.425s][info][gc,phases      ] GC(1236)   Pre Evacuate Collection Set: 0.21ms
[7040.425s][info][gc,phases      ] GC(1236)   Merge Heap Roots: 0.56ms
[7040.425s][info][gc,phases      ] GC(1236)   Evacuate Collection Set: 154.21ms
[7040.425s][info][gc,phases      ] GC(1236)   Post Evacuate Collection Set: 1.06ms
[7040.425s][info][gc,phases      ] GC(1236)   Other: 0.06ms
[7040.425s][info][gc,heap        ] GC(1236) Eden regions: 568->0(570)
[7040.425s][info][gc,heap        ] GC(1236) Survivor regions: 46->44(77)
[7040.425s][info][gc,heap        ] GC(1236) Old regions: 272->279
[7040.425s][info][gc,heap        ] GC(1236) Humongous regions: 33->33
[7040.425s][info][gc,metaspace   ] GC(1236) Metaspace: 30009K(30528K)->30009K(30528K) NonClass: 26611K(26880K)->26611K(26880K) Class: 3397K(3648K)->3397K(3648K)
[7040.425s][info][gc             ] GC(1236) Pause Young (Normal) (G1 Evacuation Pause) 7333M->2834M(8192M) 156.227ms
[7040.425s][info][gc,cpu         ] GC(1236) User=1.23s Sys=0.00s Real=0.16s
...[7043.325s][info][gc,start       ] GC(1237) Pause Young (Normal) (G1 Evacuation Pause)
[7043.325s][info][gc,task        ] GC(1237) Using 8 workers of 8 for evacuation
[7043.475s][info][gc,phases      ] GC(1237)   Pre Evacuate Collection Set: 0.24ms
[7043.475s][info][gc,phases      ] GC(1237)   Merge Heap Roots: 0.59ms
[7043.475s][info][gc,phases      ] GC(1237)   Evacuate Collection Set: 148.18ms
[7043.475s][info][gc,phases      ] GC(1237)   Post Evacuate Collection Set: 1.04ms
[7043.475s][info][gc,phases      ] GC(1237)   Other: 0.07ms
[7043.475s][info][gc,heap        ] GC(1237) Eden regions: 570->0(567)
[7043.475s][info][gc,heap        ] GC(1237) Survivor regions: 44->43(77)
[7043.475s][info][gc,heap        ] GC(1237) Old regions: 279->286
[7043.475s][info][gc,heap        ] GC(1237) Humongous regions: 33->33
[7043.475s][info][gc,metaspace   ] GC(1237) Metaspace: 30009K(30528K)->30009K(30528K) NonClass: 26611K(26880K)->26611K(26880K) Class: 3397K(3648K)->3397K(3648K)
[7043.475s][info][gc             ] GC(1237) Pause Young (Normal) (G1 Evacuation Pause) 7394M->2882M(8192M) 150.258ms
[7043.475s][info][gc,cpu         ] GC(1237) User=1.19s Sys=0.00s Real=0.15s
...[7046.471s][info][gc,start       ] GC(1238) Pause Young (Normal) (G1 Evacuation Pause)
[7046.471s][info][gc,task        ] GC(1238) Using 8 workers of 8 for evacuation
[7046.623s][info][gc,phases      ] GC(1238)   Pre Evacuate Collection Set: 0.22ms
[7046.623s][info][gc,phases      ] GC(1238)   Merge Heap Roots: 0.55ms
[7046.623s][info][gc,phases      ] GC(1238)   Evacuate Collection Set: 150.33ms
[7046.623s][info][gc,phases      ] GC(1238)   Post Evacuate Collection Set: 1.05ms
[7046.623s][info][gc,phases      ] GC(1238)   Other: 0.06ms
[7046.623s][info][gc,heap        ] GC(1238) Eden regions: 567->0(560)
[7046.623s][info][gc,heap        ] GC(1238) Survivor regions: 43->43(77)
[7046.623s][info][gc,heap        ] GC(1238) Old regions: 286->293
[7046.623s][info][gc,heap        ] GC(1238) Humongous regions: 33->33
[7046.623s][info][gc,metaspace   ] GC(1238) Metaspace: 30009K(30528K)->30009K(30528K) NonClass: 26611K(26880K)->26611K(26880K) Class: 3397K(3648K)->3397K(3648K)
[7046.623s][info][gc             ] GC(1238) Pause Young (Normal) (G1 Evacuation Pause) 7418M->2939M(8192M) 152.339ms
[7046.623s][info][gc,cpu         ] GC(1238) User=1.20s Sys=0.00s Real=0.15s
...[7049.604s][info][gc,start       ] GC(1239) Pause Young (Normal) (G1 Evacuation Pause)
[7049.604s][info][gc,task        ] GC(1239) Using 8 workers of 8 for evacuation
[7049.767s][info][gc,phases      ] GC(1239)   Pre Evacuate Collection Set: 0.23ms
[7049.767s][info][gc,phases      ] GC(1239)   Merge Heap Roots: 0.57ms
[7049.767s][info][gc,phases      ] GC(1239)   Evacuate Collection Set: 161.90ms
[7049.767s][info][gc,phases      ] GC(1239)   Post Evacuate Collection Set: 1.04ms
[7049.767s][info][gc,phases      ] GC(1239)   Other: 0.08ms
[7049.767s][info][gc,heap        ] GC(1239) Eden regions: 560->0(546)
[7049.767s][info][gc,heap        ] GC(1239) Survivor regions: 43->46(76)
[7049.767s][info][gc,heap        ] GC(1239) Old regions: 293->301
[7049.767s][info][gc,heap        ] GC(1239) Humongous regions: 33->33
[7049.767s][info][gc,metaspace   ] GC(1239) Metaspace: 30009K(30528K)->30009K(30528K) NonClass: 26611K(26880K)->26611K(26880K) Class: 3397K(3648K)->3397K(3648K)
[7049.768s][info][gc             ] GC(1239) Pause Young (Normal) (G1 Evacuation Pause) 7419M->3017M(8192M) 163.947ms
[7049.768s][info][gc,cpu         ] GC(1239) User=1.30s Sys=0.00s Real=0.16s
...[7052.540s][info][gc,start       ] GC(1240) Pause Young (Normal) (G1 Evacuation Pause)
[7052.540s][info][gc,task        ] GC(1240) Using 8 workers of 8 for evacuation
[7052.689s][info][gc,phases      ] GC(1240)   Pre Evacuate Collection Set: 0.22ms
[7052.689s][info][gc,phases      ] GC(1240)   Merge Heap Roots: 0.57ms
[7052.689s][info][gc,phases      ] GC(1240)   Evacuate Collection Set: 147.16ms
[7052.689s][info][gc,phases      ] GC(1240)   Post Evacuate Collection Set: 1.07ms
[7052.689s][info][gc,phases      ] GC(1240)   Other: 0.06ms
[7052.689s][info][gc,heap        ] GC(1240) Eden regions: 546->0(547)
[7052.689s][info][gc,heap        ] GC(1240) Survivor regions: 46->42(74)
[7052.689s][info][gc,heap        ] GC(1240) Old regions: 301->308
[7052.689s][info][gc,heap        ] GC(1240) Humongous regions: 33->33
[7052.689s][info][gc,metaspace   ] GC(1240) Metaspace: 30009K(30528K)->30009K(30528K) NonClass: 26611K(26880K)->26611K(26880K) Class: 3397K(3648K)->3397K(3648K)
[7052.689s][info][gc             ] GC(1240) Pause Young (Normal) (G1 Evacuation Pause) 7385M->3046M(8192M) 149.203ms
[7052.689s][info][gc,cpu         ] GC(1240) User=1.18s Sys=0.00s Real=0.15s
...[7055.448s][info][gc,start       ] GC(1241) Pause Young (Concurrent Start) (G1 Evacuation Pause)
[7055.448s][info][gc,task        ] GC(1241) Using 8 workers of 8 for evacuation
[7055.597s][info][gc,phases      ] GC(1241)   Pre Evacuate Collection Set: 0.28ms
[7055.597s][info][gc,phases      ] GC(1241)   Merge Heap Roots: 0.59ms
[7055.597s][info][gc,phases      ] GC(1241)   Evacuate Collection Set: 147.75ms
[7055.597s][info][gc,phases      ] GC(1241)   Post Evacuate Collection Set: 1.01ms
[7055.597s][info][gc,phases      ] GC(1241)   Other: 0.10ms
[7055.597s][info][gc,heap        ] GC(1241) Eden regions: 547->0(538)
[7055.597s][info][gc,heap        ] GC(1241) Survivor regions: 42->43(74)
[7055.597s][info][gc,heap        ] GC(1241) Old regions: 308->315
[7055.597s][info][gc,heap        ] GC(1241) Humongous regions: 33->33
[7055.597s][info][gc,metaspace   ] GC(1241) Metaspace: 30009K(30528K)->30009K(30528K) NonClass: 26611K(26880K)->26611K(26880K) Class: 3397K(3648K)->3397K(3648K)
[7055.597s][info][gc             ] GC(1241) Pause Young (Concurrent Start) (G1 Evacuation Pause) 7422M->3111M(8192M) 149.851ms
[7055.597s][info][gc             ] GC(1242) Concurrent Mark Cycle
[7055.597s][info][gc,marking     ] GC(1242) Concurrent Scan Root Regions
[7055.597s][info][gc,cpu         ] GC(1241) User=1.19s Sys=0.00s Real=0.15s
.[7055.921s][info][gc,marking     ] GC(1242) Concurrent Scan Root Regions 323.475ms
[7055.921s][info][gc,marking     ] GC(1242) Concurrent Mark
[7055.921s][info][gc,marking     ] GC(1242) Concurrent Mark From Roots
[7055.921s][info][gc,task        ] GC(1242) Using 2 workers of 2 for marking
.[7057.034s][info][gc,marking     ] GC(1242) Concurrent Mark From Roots 1113.047ms
[7057.034s][info][gc,marking     ] GC(1242) Concurrent Preclean
[7057.034s][info][gc,marking     ] GC(1242) Concurrent Preclean 0.127ms
[7057.034s][info][gc,start       ] GC(1242) Pause Remark
[7057.038s][info][gc             ] GC(1242) Pause Remark 4703M->4167M(8192M) 3.240ms
[7057.038s][info][gc,cpu         ] GC(1242) User=0.02s Sys=0.00s Real=0.00s
[7057.038s][info][gc,marking     ] GC(1242) Concurrent Mark 1116.692ms
[7057.038s][info][gc,marking     ] GC(1242) Concurrent Rebuild Remembered Sets and Scrub Regions
.[7057.884s][info][gc,marking     ] GC(1242) Concurrent Rebuild Remembered Sets and Scrub Regions 846.511ms
[7057.884s][info][gc,start       ] GC(1242) Pause Cleanup
[7057.885s][info][gc             ] GC(1242) Pause Cleanup 5319M->5319M(8192M) 0.251ms
[7057.885s][info][gc,cpu         ] GC(1242) User=0.00s Sys=0.00s Real=0.00s
[7057.885s][info][gc,marking     ] GC(1242) Concurrent Clear Claimed Marks
[7057.885s][info][gc,marking     ] GC(1242) Concurrent Clear Claimed Marks 0.040ms
[7057.885s][info][gc,marking     ] GC(1242) Concurrent Cleanup for Next Mark
[7057.894s][info][gc,marking     ] GC(1242) Concurrent Cleanup for Next Mark 9.491ms
[7057.894s][info][gc             ] GC(1242) Concurrent Mark Cycle 2296.853ms
.[7058.881s][info][gc,start       ] GC(1243) Pause Young (Prepare Mixed) (G1 Evacuation Pause)
[7058.881s][info][gc,task        ] GC(1243) Using 8 workers of 8 for evacuation
[7059.033s][info][gc,phases      ] GC(1243)   Pre Evacuate Collection Set: 0.23ms
[7059.033s][info][gc,phases      ] GC(1243)   Merge Heap Roots: 0.72ms
[7059.033s][info][gc,phases      ] GC(1243)   Evacuate Collection Set: 150.20ms
[7059.033s][info][gc,phases      ] GC(1243)   Post Evacuate Collection Set: 1.09ms
[7059.033s][info][gc,phases      ] GC(1243)   Other: 0.06ms
[7059.033s][info][gc,heap        ] GC(1243) Eden regions: 538->0(571)
[7059.033s][info][gc,heap        ] GC(1243) Survivor regions: 43->43(73)
[7059.033s][info][gc,heap        ] GC(1243) Old regions: 248->256
[7059.033s][info][gc,heap        ] GC(1243) Humongous regions: 33->33
[7059.033s][info][gc,metaspace   ] GC(1243) Metaspace: 30009K(30528K)->30009K(30528K) NonClass: 26611K(26880K)->26611K(26880K) Class: 3397K(3648K)->3397K(3648K)
[7059.033s][info][gc             ] GC(1243) Pause Young (Prepare Mixed) (G1 Evacuation Pause) 6879M->2639M(8192M) 152.434ms
[7059.033s][info][gc,cpu         ] GC(1243) User=1.21s Sys=0.00s Real=0.15s
...[7061.895s][info][gc,start       ] GC(1244) Pause Young (Mixed) (G1 Evacuation Pause)
[7061.895s][info][gc,task        ] GC(1244) Using 8 workers of 8 for evacuation
[7062.053s][info][gc,phases      ] GC(1244)   Pre Evacuate Collection Set: 0.25ms
[7062.053s][info][gc,phases      ] GC(1244)   Merge Heap Roots: 0.83ms
[7062.053s][info][gc,phases      ] GC(1244)   Evacuate Collection Set: 155.76ms
[7062.053s][info][gc,phases      ] GC(1244)   Post Evacuate Collection Set: 1.34ms
[7062.053s][info][gc,phases      ] GC(1244)   Other: 0.08ms
[7062.053s][info][gc,heap        ] GC(1244) Eden regions: 571->0(572)
[7062.053s][info][gc,heap        ] GC(1244) Survivor regions: 43->42(77)
[7062.053s][info][gc,heap        ] GC(1244) Old regions: 256->161
[7062.053s][info][gc,heap        ] GC(1244) Humongous regions: 33->33
[7062.053s][info][gc,metaspace   ] GC(1244) Metaspace: 30009K(30528K)->30009K(30528K) NonClass: 26611K(26880K)->26611K(26880K) Class: 3397K(3648K)->3397K(3648K)
[7062.053s][info][gc             ] GC(1244) Pause Young (Mixed) (G1 Evacuation Pause) 7207M->1870M(8192M) 158.394ms
[7062.053s][info][gc,cpu         ] GC(1244) User=1.25s Sys=0.00s Real=0.16s
...[7064.940s][info][gc,start       ] GC(1245) Pause Young (Mixed) (G1 Evacuation Pause)
[7064.940s][info][gc,task        ] GC(1245) Using 8 workers of 8 for evacuation
[7065.099s][info][gc,phases      ] GC(1245)   Pre Evacuate Collection Set: 0.25ms
[7065.099s][info][gc,phases      ] GC(1245)   Merge Heap Roots: 0.91ms
[7065.099s][info][gc,phases      ] GC(1245)   Evacuate Collection Set: 156.53ms
[7065.099s][info][gc,phases      ] GC(1245)   Post Evacuate Collection Set: 1.10ms
[7065.099s][info][gc,phases      ] GC(1245)   Other: 0.07ms
[7065.099s][info][gc,heap        ] GC(1245) Eden regions: 572->0(572)
[7065.099s][info][gc,heap        ] GC(1245) Survivor regions: 42->42(77)
[7065.099s][info][gc,heap        ] GC(1245) Old regions: 161->143
[7065.099s][info][gc,heap        ] GC(1245) Humongous regions: 33->33
[7065.099s][info][gc,metaspace   ] GC(1245) Metaspace: 30009K(30528K)->30009K(30528K) NonClass: 26611K(26880K)->26611K(26880K) Class: 3397K(3648K)->3397K(3648K)
[7065.099s][info][gc             ] GC(1245) Pause Young (Mixed) (G1 Evacuation Pause) 6446M->1725M(8192M) 158.997ms
[7065.099s][info][gc,cpu         ] GC(1245) User=1.26s Sys=0.00s Real=0.16s
...[7067.850s][info][gc,start       ] GC(1246) Pause Young (Normal) (G1 Evacuation Pause)
[7067.850s][info][gc,task        ] GC(1246) Using 8 workers of 8 for evacuation
[7068.007s][info][gc,phases      ] GC(1246)   Pre Evacuate Collection Set: 0.22ms
[7068.007s][info][gc,phases      ] GC(1246)   Merge Heap Roots: 0.54ms
[7068.007s][info][gc,phases      ] GC(1246)   Evacuate Collection Set: 154.29ms
[7068.007s][info][gc,phases      ] GC(1246)   Post Evacuate Collection Set: 1.04ms
[7068.007s][info][gc,phases      ] GC(1246)   Other: 0.06ms
[7068.007s][info][gc,heap        ] GC(1246) Eden regions: 572->0(570)
[7068.007s][info][gc,heap        ] GC(1246) Survivor regions: 42->44(77)
[7068.007s][info][gc,heap        ] GC(1246) Old regions: 143->150
[7068.007s][info][gc,heap        ] GC(1246) Humongous regions: 33->33
[7068.007s][info][gc,metaspace   ] GC(1246) Metaspace: 30009K(30528K)->30009K(30528K) NonClass: 26611K(26880K)->26611K(26880K) Class: 3397K(3648K)->3397K(3648K)
[7068.007s][info][gc             ] GC(1246) Pause Young (Normal) (G1 Evacuation Pause) 6301M->1793M(8192M) 156.294ms
[7068.007s][info][gc,cpu         ] GC(1246) User=1.23s Sys=0.00s Real=0.16s
...[7070.988s][info][gc,start       ] GC(1247) Pause Young (Normal) (G1 Evacuation Pause)
[7070.988s][info][gc,task        ] GC(1247) Using 8 workers of 8 for evacuation
[7071.148s][info][gc,phases      ] GC(1247)   Pre Evacuate Collection Set: 0.22ms
[7071.148s][info][gc,phases      ] GC(1247)   Merge Heap Roots: 0.56ms
[7071.148s][info][gc,phases      ] GC(1247)   Evacuate Collection Set: 157.80ms
[7071.148s][info][gc,phases      ] GC(1247)   Post Evacuate Collection Set: 1.04ms
[7071.148s][info][gc,phases      ] GC(1247)   Other: 0.07ms
[7071.148s][info][gc,heap        ] GC(1247) Eden regions: 570->0(569)
[7071.148s][info][gc,heap        ] GC(1247) Survivor regions: 44->45(77)
[7071.148s][info][gc,heap        ] GC(1247) Old regions: 150->157
[7071.148s][info][gc,heap        ] GC(1247) Humongous regions: 33->33
[7071.148s][info][gc,metaspace   ] GC(1247) Metaspace: 30009K(30528K)->30009K(30528K) NonClass: 26611K(26880K)->26611K(26880K) Class: 3397K(3648K)->3397K(3648K)
[7071.148s][info][gc             ] GC(1247) Pause Young (Normal) (G1 Evacuation Pause) 6353M->1861M(8192M) 159.813ms
[7071.148s][info][gc,cpu         ] GC(1247) User=1.27s Sys=0.00s Real=0.16s
...[7074.111s][info][gc,start       ] GC(1248) Pause Young (Normal) (G1 Evacuation Pause)
[7074.111s][info][gc,task        ] GC(1248) Using 8 workers of 8 for evacuation
[7074.267s][info][gc,phases      ] GC(1248)   Pre Evacuate Collection Set: 0.25ms
[7074.267s][info][gc,phases      ] GC(1248)   Merge Heap Roots: 0.57ms
[7074.267s][info][gc,phases      ] GC(1248)   Evacuate Collection Set: 153.53ms
[7074.267s][info][gc,phases      ] GC(1248)   Post Evacuate Collection Set: 1.03ms
[7074.267s][info][gc,phases      ] GC(1248)   Other: 0.06ms
[7074.267s][info][gc,heap        ] GC(1248) Eden regions: 569->0(570)
[7074.267s][info][gc,heap        ] GC(1248) Survivor regions: 45->44(77)
[7074.267s][info][gc,heap        ] GC(1248) Old regions: 157->164
[7074.267s][info][gc,heap        ] GC(1248) Humongous regions: 33->33
[7074.267s][info][gc,metaspace   ] GC(1248) Metaspace: 30009K(30528K)->30009K(30528K) NonClass: 26611K(26880K)->26611K(26880K) Class: 3397K(3648K)->3397K(3648K)
[7074.267s][info][gc             ] GC(1248) Pause Young (Normal) (G1 Evacuation Pause) 6413M->1906M(8192M) 155.592ms
[7074.267s][info][gc,cpu         ] GC(1248) User=1.23s Sys=0.01s Real=0.15s
...[7077.203s][info][gc,start       ] GC(1249) Pause Young (Normal) (G1 Evacuation Pause)
[7077.203s][info][gc,task        ] GC(1249) Using 8 workers of 8 for evacuation
[7077.354s][info][gc,phases      ] GC(1249)   Pre Evacuate Collection Set: 0.23ms
[7077.355s][info][gc,phases      ] GC(1249)   Merge Heap Roots: 0.55ms
[7077.355s][info][gc,phases      ] GC(1249)   Evacuate Collection Set: 149.79ms
[7077.355s][info][gc,phases      ] GC(1249)   Post Evacuate Collection Set: 1.06ms
[7077.355s][info][gc,phases      ] GC(1249)   Other: 0.06ms
[7077.355s][info][gc,heap        ] GC(1249) Eden regions: 570->0(570)
[7077.355s][info][gc,heap        ] GC(1249) Survivor regions: 44->44(77)
[7077.355s][info][gc,heap        ] GC(1249) Old regions: 164->171
[7077.355s][info][gc,heap        ] GC(1249) Humongous regions: 33->33
[7077.355s][info][gc,metaspace   ] GC(1249) Metaspace: 30009K(30528K)->30009K(30528K) NonClass: 26611K(26880K)->26611K(26880K) Class: 3397K(3648K)->3397K(3648K)
[7077.355s][info][gc             ] GC(1249) Pause Young (Normal) (G1 Evacuation Pause) 6466M->1963M(8192M) 151.828ms
[7077.355s][info][gc,cpu         ] GC(1249) User=1.20s Sys=0.00s Real=0.15s
...[7080.432s][info][gc,start       ] GC(1250) Pause Young (Normal) (G1 Evacuation Pause)
[7080.432s][info][gc,task        ] GC(1250) Using 8 workers of 8 for evacuation
[7080.588s][info][gc,phases      ] GC(1250)   Pre Evacuate Collection Set: 0.22ms
[7080.588s][info][gc,phases      ] GC(1250)   Merge Heap Roots: 0.56ms
[7080.588s][info][gc,phases      ] GC(1250)   Evacuate Collection Set: 154.69ms
[7080.588s][info][gc,phases      ] GC(1250)   Post Evacuate Collection Set: 1.07ms
[7080.588s][info][gc,phases      ] GC(1250)   Other: 0.08ms
[7080.588s][info][gc,heap        ] GC(1250) Eden regions: 570->0(570)
[7080.588s][info][gc,heap        ] GC(1250) Survivor regions: 44->44(77)
[7080.588s][info][gc,heap        ] GC(1250) Old regions: 171->178
[7080.588s][info][gc,heap        ] GC(1250) Humongous regions: 33->33
[7080.588s][info][gc,metaspace   ] GC(1250) Metaspace: 30009K(30528K)->30009K(30528K) NonClass: 26611K(26880K)->26611K(26880K) Class: 3397K(3648K)->3397K(3648K)
[7080.588s][info][gc             ] GC(1250) Pause Young (Normal) (G1 Evacuation Pause) 6523M->2021M(8192M) 156.756ms
[7080.588s][info][gc,cpu         ] GC(1250) User=1.24s Sys=0.00s Real=0.15s
. (rIR:aIR:PR = 12315:12411:12400) (tPR = 186075) [OK] 
  7080s: Performance info:
         Transaction,    Success,    Partial,     Failed,   Receipts, AvgBarcode, 
             Overall,     844055,          0,          0,     801886,      59.48, 
         Response times:
             Request,    Success,    Partial,     Failed,   SkipFail,     Probes,    Samples,      min,      p50,      p90,      p95,      p99,      max, 
       TotalPurchase,     802623,          0,          0,          0,     394781,     574565,      300,    26000,   133000,   198000,   354000,  4400000,
     InStorePurchase,     419683,          0,          0,          0,     206970,     302186,      300,    26000,   136000,   201000,   357000,  4400000,
      OnlinePurchase,     299305,          0,          0,          0,     145852,     211175,      300,    26000,   130000,   192000,   342000,  3100000,
        InstPurchase,      83635,          0,          0,          0,      41959,      61204,      400,    26000,   131000,   197000,   366000,  3000000,
          AssocOfCat,        833,          0,          0,          0,        685,       1121,    36000,    80000,   182000,   245900,   367340,   485000,
      AssocOfProduct,       8558,          0,          0,          0,       3862,       5896,      700,    25000,   131000,   193000,   336030,  1800000,
      BusinessReport,       2100,          0,          0,          0,       1845,       2932,    35000,    95000,   210700,   258350,   399340,  1100000,
          CustBuyBeh,       8225,          0,          0,          0,       3862,       5961,      200,    24000,   132000,   199000,   342000,  1200000,
       ProductReturn,      22493,          0,          0,          0,      10339,      15742,      200,    26000,   131700,   191000,   342000,  1500000,

  7080s: (90%)   IR =  12453 ..[7083.444s][info][gc,start       ] GC(1251) Pause Young (Normal) (G1 Evacuation Pause)
[7083.444s][info][gc,task        ] GC(1251) Using 8 workers of 8 for evacuation
[7083.600s][info][gc,phases      ] GC(1251)   Pre Evacuate Collection Set: 0.23ms
[7083.600s][info][gc,phases      ] GC(1251)   Merge Heap Roots: 0.57ms
[7083.600s][info][gc,phases      ] GC(1251)   Evacuate Collection Set: 153.97ms
[7083.600s][info][gc,phases      ] GC(1251)   Post Evacuate Collection Set: 1.11ms
[7083.600s][info][gc,phases      ] GC(1251)   Other: 0.06ms
[7083.600s][info][gc,heap        ] GC(1251) Eden regions: 570->0(570)
[7083.600s][info][gc,heap        ] GC(1251) Survivor regions: 44->44(77)
[7083.600s][info][gc,heap        ] GC(1251) Old regions: 178->185
[7083.600s][info][gc,heap        ] GC(1251) Humongous regions: 33->33
[7083.600s][info][gc,metaspace   ] GC(1251) Metaspace: 30009K(30528K)->30009K(30528K) NonClass: 26611K(26880K)->26611K(26880K) Class: 3397K(3648K)->3397K(3648K)
[7083.600s][info][gc             ] GC(1251) Pause Young (Normal) (G1 Evacuation Pause) 6581M->2081M(8192M) 156.076ms
[7083.600s][info][gc,cpu         ] GC(1251) User=1.24s Sys=0.00s Real=0.15s
...[7086.678s][info][gc,start       ] GC(1252) Pause Young (Normal) (G1 Evacuation Pause)
[7086.678s][info][gc,task        ] GC(1252) Using 8 workers of 8 for evacuation
[7086.828s][info][gc,phases      ] GC(1252)   Pre Evacuate Collection Set: 0.25ms
[7086.828s][info][gc,phases      ] GC(1252)   Merge Heap Roots: 0.63ms
[7086.828s][info][gc,phases      ] GC(1252)   Evacuate Collection Set: 147.98ms
[7086.828s][info][gc,phases      ] GC(1252)   Post Evacuate Collection Set: 1.04ms
[7086.828s][info][gc,phases      ] GC(1252)   Other: 0.06ms
[7086.828s][info][gc,heap        ] GC(1252) Eden regions: 570->0(571)
[7086.828s][info][gc,heap        ] GC(1252) Survivor regions: 44->43(77)
[7086.828s][info][gc,heap        ] GC(1252) Old regions: 185->192
[7086.828s][info][gc,heap        ] GC(1252) Humongous regions: 33->33
[7086.828s][info][gc,metaspace   ] GC(1252) Metaspace: 30009K(30528K)->30009K(30528K) NonClass: 26611K(26880K)->26611K(26880K) Class: 3397K(3648K)->3397K(3648K)
[7086.828s][info][gc             ] GC(1252) Pause Young (Normal) (G1 Evacuation Pause) 6641M->2131M(8192M) 150.090ms
[7086.828s][info][gc,cpu         ] GC(1252) User=1.19s Sys=0.00s Real=0.15s
...[7089.720s][info][gc,start       ] GC(1253) Pause Young (Normal) (G1 Evacuation Pause)
[7089.720s][info][gc,task        ] GC(1253) Using 8 workers of 8 for evacuation
[7089.876s][info][gc,phases      ] GC(1253)   Pre Evacuate Collection Set: 0.24ms
[7089.876s][info][gc,phases      ] GC(1253)   Merge Heap Roots: 0.54ms
[7089.876s][info][gc,phases      ] GC(1253)   Evacuate Collection Set: 154.54ms
[7089.876s][info][gc,phases      ] GC(1253)   Post Evacuate Collection Set: 1.04ms
[7089.876s][info][gc,phases      ] GC(1253)   Other: 0.06ms
[7089.876s][info][gc,heap        ] GC(1253) Eden regions: 571->0(569)
[7089.876s][info][gc,heap        ] GC(1253) Survivor regions: 43->45(77)
[7089.876s][info][gc,heap        ] GC(1253) Old regions: 192->200
[7089.876s][info][gc,heap        ] GC(1253) Humongous regions: 33->33
[7089.876s][info][gc,metaspace   ] GC(1253) Metaspace: 30009K(30528K)->30009K(30528K) NonClass: 26611K(26880K)->26611K(26880K) Class: 3397K(3648K)->3397K(3648K)
[7089.876s][info][gc             ] GC(1253) Pause Young (Normal) (G1 Evacuation Pause) 6699M->2202M(8192M) 156.557ms
[7089.876s][info][gc,cpu         ] GC(1253) User=1.24s Sys=0.00s Real=0.16s
...[7092.948s][info][gc,start       ] GC(1254) Pause Young (Normal) (G1 Evacuation Pause)
[7092.948s][info][gc,task        ] GC(1254) Using 8 workers of 8 for evacuation
[7093.105s][info][gc,phases      ] GC(1254)   Pre Evacuate Collection Set: 0.22ms
[7093.105s][info][gc,phases      ] GC(1254)   Merge Heap Roots: 0.54ms
[7093.105s][info][gc,phases      ] GC(1254)   Evacuate Collection Set: 154.61ms
[7093.105s][info][gc,phases      ] GC(1254)   Post Evacuate Collection Set: 1.06ms
[7093.105s][info][gc,phases      ] GC(1254)   Other: 0.06ms
[7093.105s][info][gc,heap        ] GC(1254) Eden regions: 569->0(569)
[7093.105s][info][gc,heap        ] GC(1254) Survivor regions: 45->45(77)
[7093.105s][info][gc,heap        ] GC(1254) Old regions: 200->207
[7093.105s][info][gc,heap        ] GC(1254) Humongous regions: 33->33
[7093.105s][info][gc,metaspace   ] GC(1254) Metaspace: 30009K(30528K)->30009K(30528K) NonClass: 26611K(26880K)->26611K(26880K) Class: 3397K(3648K)->3397K(3648K)
[7093.105s][info][gc             ] GC(1254) Pause Young (Normal) (G1 Evacuation Pause) 6754M->2259M(8192M) 156.635ms
[7093.105s][info][gc,cpu         ] GC(1254) User=1.25s Sys=0.00s Real=0.16s
...[7095.956s][info][gc,start       ] GC(1255) Pause Young (Normal) (G1 Evacuation Pause)
[7095.956s][info][gc,task        ] GC(1255) Using 8 workers of 8 for evacuation
[7096.107s][info][gc,phases      ] GC(1255)   Pre Evacuate Collection Set: 0.24ms
[7096.107s][info][gc,phases      ] GC(1255)   Merge Heap Roots: 0.58ms
[7096.107s][info][gc,phases      ] GC(1255)   Evacuate Collection Set: 148.84ms
[7096.107s][info][gc,phases      ] GC(1255)   Post Evacuate Collection Set: 1.06ms
[7096.107s][info][gc,phases      ] GC(1255)   Other: 0.07ms
[7096.107s][info][gc,heap        ] GC(1255) Eden regions: 569->0(571)
[7096.107s][info][gc,heap        ] GC(1255) Survivor regions: 45->43(77)
[7096.107s][info][gc,heap        ] GC(1255) Old regions: 207->214
[7096.107s][info][gc,heap        ] GC(1255) Humongous regions: 33->33
[7096.107s][info][gc,metaspace   ] GC(1255) Metaspace: 30009K(30528K)->30009K(30528K) NonClass: 26611K(26880K)->26611K(26880K) Class: 3397K(3648K)->3397K(3648K)
[7096.107s][info][gc             ] GC(1255) Pause Young (Normal) (G1 Evacuation Pause) 6811M->2305M(8192M) 150.913ms
[7096.107s][info][gc,cpu         ] GC(1255) User=1.19s Sys=0.00s Real=0.15s
...[7099.004s][info][gc,start       ] GC(1256) Pause Young (Normal) (G1 Evacuation Pause)
[7099.004s][info][gc,task        ] GC(1256) Using 8 workers of 8 for evacuation
[7099.158s][info][gc,phases      ] GC(1256)   Pre Evacuate Collection Set: 0.23ms
[7099.158s][info][gc,phases      ] GC(1256)   Merge Heap Roots: 0.58ms
[7099.158s][info][gc,phases      ] GC(1256)   Evacuate Collection Set: 151.89ms
[7099.158s][info][gc,phases      ] GC(1256)   Post Evacuate Collection Set: 1.06ms
[7099.158s][info][gc,phases      ] GC(1256)   Other: 0.06ms
[7099.158s][info][gc,heap        ] GC(1256) Eden regions: 571->0(570)
[7099.158s][info][gc,heap        ] GC(1256) Survivor regions: 43->44(77)
[7099.158s][info][gc,heap        ] GC(1256) Old regions: 214->221
[7099.158s][info][gc,heap        ] GC(1256) Humongous regions: 33->33
[7099.158s][info][gc,metaspace   ] GC(1256) Metaspace: 30009K(30528K)->30009K(30528K) NonClass: 26611K(26880K)->26611K(26880K) Class: 3397K(3648K)->3397K(3648K)
[7099.158s][info][gc             ] GC(1256) Pause Young (Normal) (G1 Evacuation Pause) 6873M->2366M(8192M) 153.986ms
[7099.158s][info][gc,cpu         ] GC(1256) User=1.22s Sys=0.00s Real=0.15s
....[7102.235s][info][gc,start       ] GC(1257) Pause Young (Normal) (G1 Evacuation Pause)
[7102.235s][info][gc,task        ] GC(1257) Using 8 workers of 8 for evacuation
[7102.395s][info][gc,phases      ] GC(1257)   Pre Evacuate Collection Set: 0.26ms
[7102.395s][info][gc,phases      ] GC(1257)   Merge Heap Roots: 0.58ms
[7102.395s][info][gc,phases      ] GC(1257)   Evacuate Collection Set: 157.34ms
[7102.395s][info][gc,phases      ] GC(1257)   Post Evacuate Collection Set: 1.11ms
[7102.395s][info][gc,phases      ] GC(1257)   Other: 0.06ms
[7102.395s][info][gc,heap        ] GC(1257) Eden regions: 570->0(569)
[7102.395s][info][gc,heap        ] GC(1257) Survivor regions: 44->45(77)
[7102.395s][info][gc,heap        ] GC(1257) Old regions: 221->228
[7102.395s][info][gc,heap        ] GC(1257) Humongous regions: 33->33
[7102.395s][info][gc,metaspace   ] GC(1257) Metaspace: 30009K(30528K)->30009K(30528K) NonClass: 26611K(26880K)->26611K(26880K) Class: 3397K(3648K)->3397K(3648K)
[7102.395s][info][gc             ] GC(1257) Pause Young (Normal) (G1 Evacuation Pause) 6926M->2435M(8192M) 159.488ms
[7102.395s][info][gc,cpu         ] GC(1257) User=1.26s Sys=0.01s Real=0.16s
...[7105.354s][info][gc,start       ] GC(1258) Pause Young (Normal) (G1 Evacuation Pause)
[7105.354s][info][gc,task        ] GC(1258) Using 8 workers of 8 for evacuation
[7105.516s][info][gc,phases      ] GC(1258)   Pre Evacuate Collection Set: 0.20ms
[7105.516s][info][gc,phases      ] GC(1258)   Merge Heap Roots: 0.54ms
[7105.516s][info][gc,phases      ] GC(1258)   Evacuate Collection Set: 160.18ms
[7105.516s][info][gc,phases      ] GC(1258)   Post Evacuate Collection Set: 1.06ms
[7105.516s][info][gc,phases      ] GC(1258)   Other: 0.06ms
[7105.516s][info][gc,heap        ] GC(1258) Eden regions: 569->0(568)
[7105.516s][info][gc,heap        ] GC(1258) Survivor regions: 45->46(77)
[7105.516s][info][gc,heap        ] GC(1258) Old regions: 228->236
[7105.516s][info][gc,heap        ] GC(1258) Humongous regions: 33->33
[7105.516s][info][gc,metaspace   ] GC(1258) Metaspace: 30009K(30528K)->30009K(30528K) NonClass: 26611K(26880K)->26611K(26880K) Class: 3397K(3648K)->3397K(3648K)
[7105.516s][info][gc             ] GC(1258) Pause Young (Normal) (G1 Evacuation Pause) 6987M->2498M(8192M) 162.167ms
[7105.516s][info][gc,cpu         ] GC(1258) User=1.28s Sys=0.00s Real=0.16s
...[7108.373s][info][gc,start       ] GC(1259) Pause Young (Normal) (G1 Evacuation Pause)
[7108.373s][info][gc,task        ] GC(1259) Using 8 workers of 8 for evacuation
[7108.525s][info][gc,phases      ] GC(1259)   Pre Evacuate Collection Set: 0.23ms
[7108.525s][info][gc,phases      ] GC(1259)   Merge Heap Roots: 0.55ms
[7108.525s][info][gc,phases      ] GC(1259)   Evacuate Collection Set: 150.34ms
[7108.525s][info][gc,phases      ] GC(1259)   Post Evacuate Collection Set: 1.09ms
[7108.525s][info][gc,phases      ] GC(1259)   Other: 0.06ms
[7108.525s][info][gc,heap        ] GC(1259) Eden regions: 568->0(571)
[7108.525s][info][gc,heap        ] GC(1259) Survivor regions: 46->43(77)
[7108.525s][info][gc,heap        ] GC(1259) Old regions: 236->243
[7108.525s][info][gc,heap        ] GC(1259) Humongous regions: 33->33
[7108.525s][info][gc,metaspace   ] GC(1259) Metaspace: 30009K(30528K)->30009K(30528K) NonClass: 26611K(26880K)->26611K(26880K) Class: 3397K(3648K)->3397K(3648K)
[7108.525s][info][gc             ] GC(1259) Pause Young (Normal) (G1 Evacuation Pause) 7042M->2535M(8192M) 152.389ms
[7108.525s][info][gc,cpu         ] GC(1259) User=1.21s Sys=0.00s Real=0.15s
... (rIR:aIR:PR = 12453:12583:12511) (tPR = 186353) [IR is over limit] 
  7111s: Performance info:
         Transaction,    Success,    Partial,     Failed,   Receipts, AvgBarcode, 
             Overall,     251119,          0,          0,     238615,      59.47, 
         Response times:
             Request,    Success,    Partial,     Failed,   SkipFail,     Probes,    Samples,      min,      p50,      p90,      p95,      p99,      max, 
       TotalPurchase,     239843,          0,          0,          0,     116133,     177966,      300,    19300,   105000,   149000,   231000,  2000000,
     InStorePurchase,     125023,          0,          0,          0,      60914,      93110,      400,    19400,   107000,   150000,   232000,  2000000,
      OnlinePurchase,      89649,          0,          0,          0,      42884,      65885,      300,    19300,   103000,   150000,   233000,  2000000,
        InstPurchase,      25171,          0,          0,          0,      12335,      18971,      400,    18900,   102000,   144000,   204000,   790000,
          AssocOfCat,        255,          0,          0,          0,        224,        388,    34000,    78000,   159200,   205200,   257500,   347000,
      AssocOfProduct,       2552,          0,          0,          0,       1206,       1968,      700,    18600,   101000,   144000,   215240,   730000,
      BusinessReport,        624,          0,          0,          0,        542,        909,    36000,    87000,   179000,   230000,   277000,   448000,
          CustBuyBeh,       2475,          0,          0,          0,       1198,       1927,      300,    18200,    97000,   143000,   215440,  2000000,
       ProductReturn,       6806,          0,          0,          0,       3213,       4911,      600,    19900,   106000,   146000,   204000,   830000,

  7111s: 
  7111s: Failed, 8 overall retries left, retrying 1 of 1
  7111s: (90%)   IR =  12453 [7111.321s][info][gc,start       ] GC(1260) Pause Young (Normal) (G1 Evacuation Pause)
[7111.321s][info][gc,task        ] GC(1260) Using 8 workers of 8 for evacuation
[7111.474s][info][gc,phases      ] GC(1260)   Pre Evacuate Collection Set: 0.21ms
[7111.474s][info][gc,phases      ] GC(1260)   Merge Heap Roots: 0.58ms
[7111.474s][info][gc,phases      ] GC(1260)   Evacuate Collection Set: 151.29ms
[7111.474s][info][gc,phases      ] GC(1260)   Post Evacuate Collection Set: 1.07ms
[7111.474s][info][gc,phases      ] GC(1260)   Other: 0.07ms
[7111.474s][info][gc,heap        ] GC(1260) Eden regions: 571->0(570)
[7111.474s][info][gc,heap        ] GC(1260) Survivor regions: 43->44(77)
[7111.474s][info][gc,heap        ] GC(1260) Old regions: 243->250
[7111.474s][info][gc,heap        ] GC(1260) Humongous regions: 33->33
[7111.474s][info][gc,metaspace   ] GC(1260) Metaspace: 30009K(30528K)->30009K(30528K) NonClass: 26611K(26880K)->26611K(26880K) Class: 3397K(3648K)->3397K(3648K)
[7111.474s][info][gc             ] GC(1260) Pause Young (Normal) (G1 Evacuation Pause) 7103M->2598M(8192M) 153.343ms
[7111.474s][info][gc,cpu         ] GC(1260) User=1.22s Sys=0.00s Real=0.15s
...[7114.416s][info][gc,start       ] GC(1261) Pause Young (Normal) (G1 Evacuation Pause)
[7114.416s][info][gc,task        ] GC(1261) Using 8 workers of 8 for evacuation
[7114.567s][info][gc,phases      ] GC(1261)   Pre Evacuate Collection Set: 0.23ms
[7114.567s][info][gc,phases      ] GC(1261)   Merge Heap Roots: 0.57ms
[7114.567s][info][gc,phases      ] GC(1261)   Evacuate Collection Set: 149.01ms
[7114.567s][info][gc,phases      ] GC(1261)   Post Evacuate Collection Set: 1.05ms
[7114.567s][info][gc,phases      ] GC(1261)   Other: 0.06ms
[7114.567s][info][gc,heap        ] GC(1261) Eden regions: 570->0(570)
[7114.567s][info][gc,heap        ] GC(1261) Survivor regions: 44->44(77)
[7114.567s][info][gc,heap        ] GC(1261) Old regions: 250->257
[7114.567s][info][gc,heap        ] GC(1261) Humongous regions: 33->33
[7114.567s][info][gc,metaspace   ] GC(1261) Metaspace: 30009K(30528K)->30009K(30528K) NonClass: 26611K(26880K)->26611K(26880K) Class: 3397K(3648K)->3397K(3648K)
[7114.567s][info][gc             ] GC(1261) Pause Young (Normal) (G1 Evacuation Pause) 7158M->2655M(8192M) 151.043ms
[7114.567s][info][gc,cpu         ] GC(1261) User=1.20s Sys=0.00s Real=0.15s
...[7117.475s][info][gc,start       ] GC(1262) Pause Young (Normal) (G1 Evacuation Pause)
[7117.475s][info][gc,task        ] GC(1262) Using 8 workers of 8 for evacuation
[7117.626s][info][gc,phases      ] GC(1262)   Pre Evacuate Collection Set: 0.23ms
[7117.626s][info][gc,phases      ] GC(1262)   Merge Heap Roots: 0.58ms
[7117.626s][info][gc,phases      ] GC(1262)   Evacuate Collection Set: 149.19ms
[7117.626s][info][gc,phases      ] GC(1262)   Post Evacuate Collection Set: 1.07ms
[7117.626s][info][gc,phases      ] GC(1262)   Other: 0.07ms
[7117.626s][info][gc,heap        ] GC(1262) Eden regions: 570->0(572)
[7117.626s][info][gc,heap        ] GC(1262) Survivor regions: 44->42(77)
[7117.626s][info][gc,heap        ] GC(1262) Old regions: 257->264
[7117.626s][info][gc,heap        ] GC(1262) Humongous regions: 33->33
[7117.626s][info][gc,metaspace   ] GC(1262) Metaspace: 30009K(30528K)->30009K(30528K) NonClass: 26611K(26880K)->26611K(26880K) Class: 3397K(3648K)->3397K(3648K)
[7117.626s][info][gc             ] GC(1262) Pause Young (Normal) (G1 Evacuation Pause) 7215M->2699M(8192M) 151.279ms
[7117.626s][info][gc,cpu         ] GC(1262) User=1.19s Sys=0.00s Real=0.15s
...[7120.628s][info][gc,start       ] GC(1263) Pause Young (Normal) (G1 Evacuation Pause)
[7120.628s][info][gc,task        ] GC(1263) Using 8 workers of 8 for evacuation
[7120.779s][info][gc,phases      ] GC(1263)   Pre Evacuate Collection Set: 0.22ms
[7120.779s][info][gc,phases      ] GC(1263)   Merge Heap Roots: 0.55ms
[7120.779s][info][gc,phases      ] GC(1263)   Evacuate Collection Set: 148.76ms
[7120.779s][info][gc,phases      ] GC(1263)   Post Evacuate Collection Set: 1.05ms
[7120.779s][info][gc,phases      ] GC(1263)   Other: 0.06ms
[7120.779s][info][gc,heap        ] GC(1263) Eden regions: 572->0(571)
[7120.779s][info][gc,heap        ] GC(1263) Survivor regions: 42->43(77)
[7120.779s][info][gc,heap        ] GC(1263) Old regions: 264->272
[7120.779s][info][gc,heap        ] GC(1263) Humongous regions: 33->33
[7120.779s][info][gc,metaspace   ] GC(1263) Metaspace: 30009K(30528K)->30009K(30528K) NonClass: 26611K(26880K)->26611K(26880K) Class: 3397K(3648K)->3397K(3648K)
[7120.779s][info][gc             ] GC(1263) Pause Young (Normal) (G1 Evacuation Pause) 7275M->2766M(8192M) 150.782ms
[7120.779s][info][gc,cpu         ] GC(1263) User=1.19s Sys=0.00s Real=0.15s
...|[7123.758s][info][gc,start       ] GC(1264) Pause Young (Normal) (G1 Evacuation Pause)
[7123.759s][info][gc,task        ] GC(1264) Using 8 workers of 8 for evacuation
[7123.909s][info][gc,phases      ] GC(1264)   Pre Evacuate Collection Set: 0.26ms
[7123.909s][info][gc,phases      ] GC(1264)   Merge Heap Roots: 0.55ms
[7123.909s][info][gc,phases      ] GC(1264)   Evacuate Collection Set: 148.96ms
[7123.909s][info][gc,phases      ] GC(1264)   Post Evacuate Collection Set: 1.03ms
[7123.909s][info][gc,phases      ] GC(1264)   Other: 0.06ms
[7123.909s][info][gc,heap        ] GC(1264) Eden regions: 571->0(571)
[7123.909s][info][gc,heap        ] GC(1264) Survivor regions: 43->43(77)
[7123.909s][info][gc,heap        ] GC(1264) Old regions: 272->279
[7123.909s][info][gc,heap        ] GC(1264) Humongous regions: 33->33
[7123.909s][info][gc,metaspace   ] GC(1264) Metaspace: 30009K(30528K)->30009K(30528K) NonClass: 26611K(26880K)->26611K(26880K) Class: 3397K(3648K)->3397K(3648K)
[7123.909s][info][gc             ] GC(1264) Pause Young (Normal) (G1 Evacuation Pause) 7334M->2818M(8192M) 150.971ms
[7123.909s][info][gc,cpu         ] GC(1264) User=1.19s Sys=0.00s Real=0.15s
...[7126.795s][info][gc,start       ] GC(1265) Pause Young (Normal) (G1 Evacuation Pause)
[7126.795s][info][gc,task        ] GC(1265) Using 8 workers of 8 for evacuation
[7126.947s][info][gc,phases      ] GC(1265)   Pre Evacuate Collection Set: 0.23ms
[7126.947s][info][gc,phases      ] GC(1265)   Merge Heap Roots: 0.57ms
[7126.947s][info][gc,phases      ] GC(1265)   Evacuate Collection Set: 149.82ms
[7126.947s][info][gc,phases      ] GC(1265)   Post Evacuate Collection Set: 1.06ms
[7126.947s][info][gc,phases      ] GC(1265)   Other: 0.06ms
[7126.947s][info][gc,heap        ] GC(1265) Eden regions: 571->0(567)
[7126.947s][info][gc,heap        ] GC(1265) Survivor regions: 43->43(77)
[7126.947s][info][gc,heap        ] GC(1265) Old regions: 279->286
[7126.947s][info][gc,heap        ] GC(1265) Humongous regions: 33->33
[7126.947s][info][gc,metaspace   ] GC(1265) Metaspace: 30009K(30528K)->30009K(30528K) NonClass: 26611K(26880K)->26611K(26880K) Class: 3397K(3648K)->3397K(3648K)
[7126.947s][info][gc             ] GC(1265) Pause Young (Normal) (G1 Evacuation Pause) 7386M->2878M(8192M) 151.869ms
[7126.947s][info][gc,cpu         ] GC(1265) User=1.20s Sys=0.00s Real=0.15s
...[7129.890s][info][gc,start       ] GC(1266) Pause Young (Normal) (G1 Evacuation Pause)
[7129.890s][info][gc,task        ] GC(1266) Using 8 workers of 8 for evacuation
[7130.049s][info][gc,phases      ] GC(1266)   Pre Evacuate Collection Set: 0.22ms
[7130.049s][info][gc,phases      ] GC(1266)   Merge Heap Roots: 0.62ms
[7130.049s][info][gc,phases      ] GC(1266)   Evacuate Collection Set: 156.33ms
[7130.049s][info][gc,phases      ] GC(1266)   Post Evacuate Collection Set: 1.05ms
[7130.049s][info][gc,phases      ] GC(1266)   Other: 0.06ms
[7130.049s][info][gc,heap        ] GC(1266) Eden regions: 567->0(555)
[7130.049s][info][gc,heap        ] GC(1266) Survivor regions: 43->45(77)
[7130.049s][info][gc,heap        ] GC(1266) Old regions: 286->294
[7130.049s][info][gc,heap        ] GC(1266) Humongous regions: 33->33
[7130.049s][info][gc,metaspace   ] GC(1266) Metaspace: 30009K(30528K)->30009K(30528K) NonClass: 26611K(26880K)->26611K(26880K) Class: 3397K(3648K)->3397K(3648K)
[7130.049s][info][gc             ] GC(1266) Pause Young (Normal) (G1 Evacuation Pause) 7414M->2957M(8192M) 158.430ms
[7130.049s][info][gc,cpu         ] GC(1266) User=1.26s Sys=0.00s Real=0.16s
...[7133.006s][info][gc,start       ] GC(1267) Pause Young (Normal) (G1 Evacuation Pause)
[7133.006s][info][gc,task        ] GC(1267) Using 8 workers of 8 for evacuation
[7133.169s][info][gc,phases      ] GC(1267)   Pre Evacuate Collection Set: 0.21ms
[7133.169s][info][gc,phases      ] GC(1267)   Merge Heap Roots: 0.55ms
[7133.169s][info][gc,phases      ] GC(1267)   Evacuate Collection Set: 161.27ms
[7133.169s][info][gc,phases      ] GC(1267)   Post Evacuate Collection Set: 1.02ms
[7133.169s][info][gc,phases      ] GC(1267)   Other: 0.06ms
[7133.169s][info][gc,heap        ] GC(1267) Eden regions: 555->0(546)
[7133.169s][info][gc,heap        ] GC(1267) Survivor regions: 45->46(75)
[7133.169s][info][gc,heap        ] GC(1267) Old regions: 294->301
[7133.169s][info][gc,heap        ] GC(1267) Humongous regions: 33->33
[7133.169s][info][gc,metaspace   ] GC(1267) Metaspace: 30009K(30528K)->30009K(30528K) NonClass: 26611K(26880K)->26611K(26880K) Class: 3397K(3648K)->3397K(3648K)
[7133.169s][info][gc             ] GC(1267) Pause Young (Normal) (G1 Evacuation Pause) 7397M->3022M(8192M) 163.241ms
[7133.169s][info][gc,cpu         ] GC(1267) User=1.30s Sys=0.00s Real=0.16s
...[7136.018s][info][gc,start       ] GC(1268) Pause Young (Normal) (G1 Evacuation Pause)
[7136.018s][info][gc,task        ] GC(1268) Using 8 workers of 8 for evacuation
[7136.173s][info][gc,phases      ] GC(1268)   Pre Evacuate Collection Set: 0.21ms
[7136.173s][info][gc,phases      ] GC(1268)   Merge Heap Roots: 0.57ms
[7136.173s][info][gc,phases      ] GC(1268)   Evacuate Collection Set: 152.72ms
[7136.173s][info][gc,phases      ] GC(1268)   Post Evacuate Collection Set: 1.04ms
[7136.173s][info][gc,phases      ] GC(1268)   Other: 0.06ms
[7136.173s][info][gc,heap        ] GC(1268) Eden regions: 546->0(545)
[7136.173s][info][gc,heap        ] GC(1268) Survivor regions: 46->43(74)
[7136.173s][info][gc,heap        ] GC(1268) Old regions: 301->308
[7136.173s][info][gc,heap        ] GC(1268) Humongous regions: 33->33
[7136.173s][info][gc,metaspace   ] GC(1268) Metaspace: 30009K(30528K)->30009K(30528K) NonClass: 26611K(26880K)->26611K(26880K) Class: 3397K(3648K)->3397K(3648K)
[7136.173s][info][gc             ] GC(1268) Pause Young (Normal) (G1 Evacuation Pause) 7390M->3055M(8192M) 154.723ms
[7136.173s][info][gc,cpu         ] GC(1268) User=1.21s Sys=0.00s Real=0.16s
...[7138.952s][info][gc,start       ] GC(1269) Pause Young (Concurrent Start) (G1 Evacuation Pause)
[7138.952s][info][gc,task        ] GC(1269) Using 8 workers of 8 for evacuation
[7139.106s][info][gc,phases      ] GC(1269)   Pre Evacuate Collection Set: 0.26ms
[7139.106s][info][gc,phases      ] GC(1269)   Merge Heap Roots: 0.58ms
[7139.106s][info][gc,phases      ] GC(1269)   Evacuate Collection Set: 151.60ms
[7139.106s][info][gc,phases      ] GC(1269)   Post Evacuate Collection Set: 1.05ms
[7139.106s][info][gc,phases      ] GC(1269)   Other: 0.08ms
[7139.106s][info][gc,heap        ] GC(1269) Eden regions: 545->0(537)
[7139.106s][info][gc,heap        ] GC(1269) Survivor regions: 43->43(74)
[7139.106s][info][gc,heap        ] GC(1269) Old regions: 308->316
[7139.106s][info][gc,heap        ] GC(1269) Humongous regions: 33->33
[7139.106s][info][gc,metaspace   ] GC(1269) Metaspace: 30009K(30528K)->30009K(30528K) NonClass: 26611K(26880K)->26611K(26880K) Class: 3397K(3648K)->3397K(3648K)
[7139.106s][info][gc             ] GC(1269) Pause Young (Concurrent Start) (G1 Evacuation Pause) 7415M->3116M(8192M) 153.720ms
[7139.106s][info][gc             ] GC(1270) Concurrent Mark Cycle
[7139.106s][info][gc,marking     ] GC(1270) Concurrent Scan Root Regions
[7139.106s][info][gc,cpu         ] GC(1269) User=1.21s Sys=0.00s Real=0.15s
.[7139.425s][info][gc,marking     ] GC(1270) Concurrent Scan Root Regions 319.301ms
[7139.425s][info][gc,marking     ] GC(1270) Concurrent Mark
[7139.425s][info][gc,marking     ] GC(1270) Concurrent Mark From Roots
[7139.425s][info][gc,task        ] GC(1270) Using 2 workers of 2 for marking
.[7140.650s][info][gc,marking     ] GC(1270) Concurrent Mark From Roots 1225.348ms
[7140.650s][info][gc,marking     ] GC(1270) Concurrent Preclean
[7140.651s][info][gc,marking     ] GC(1270) Concurrent Preclean 0.131ms
[7140.651s][info][gc,start       ] GC(1270) Pause Remark
[7140.654s][info][gc             ] GC(1270) Pause Remark 4892M->4364M(8192M) 3.415ms
[7140.654s][info][gc,cpu         ] GC(1270) User=0.03s Sys=0.00s Real=0.00s
[7140.654s][info][gc,marking     ] GC(1270) Concurrent Mark 1229.374ms
[7140.654s][info][gc,marking     ] GC(1270) Concurrent Rebuild Remembered Sets and Scrub Regions
.[7141.567s][info][gc,marking     ] GC(1270) Concurrent Rebuild Remembered Sets and Scrub Regions 912.923ms
[7141.568s][info][gc,start       ] GC(1270) Pause Cleanup
[7141.568s][info][gc             ] GC(1270) Pause Cleanup 5568M->5568M(8192M) 0.274ms
[7141.568s][info][gc,cpu         ] GC(1270) User=0.00s Sys=0.00s Real=0.00s
[7141.568s][info][gc,marking     ] GC(1270) Concurrent Clear Claimed Marks
[7141.568s][info][gc,marking     ] GC(1270) Concurrent Clear Claimed Marks 0.050ms
[7141.568s][info][gc,marking     ] GC(1270) Concurrent Cleanup for Next Mark
[7141.578s][info][gc,marking     ] GC(1270) Concurrent Cleanup for Next Mark 9.717ms
[7141.578s][info][gc             ] GC(1270) Concurrent Mark Cycle 2472.091ms
.[7142.407s][info][gc,start       ] GC(1271) Pause Young (Prepare Mixed) (G1 Evacuation Pause)
[7142.407s][info][gc,task        ] GC(1271) Using 8 workers of 8 for evacuation
[7142.554s][info][gc,phases      ] GC(1271)   Pre Evacuate Collection Set: 0.22ms
[7142.554s][info][gc,phases      ] GC(1271)   Merge Heap Roots: 0.75ms
[7142.554s][info][gc,phases      ] GC(1271)   Evacuate Collection Set: 144.81ms
[7142.554s][info][gc,phases      ] GC(1271)   Post Evacuate Collection Set: 1.11ms
[7142.554s][info][gc,phases      ] GC(1271)   Other: 0.06ms
[7142.554s][info][gc,heap        ] GC(1271) Eden regions: 537->0(573)
[7142.554s][info][gc,heap        ] GC(1271) Survivor regions: 43->41(73)
[7142.554s][info][gc,heap        ] GC(1271) Old regions: 250->257
[7142.554s][info][gc,heap        ] GC(1271) Humongous regions: 33->33
[7142.554s][info][gc,metaspace   ] GC(1271) Metaspace: 30009K(30528K)->30009K(30528K) NonClass: 26611K(26880K)->26611K(26880K) Class: 3397K(3648K)->3397K(3648K)
[7142.554s][info][gc             ] GC(1271) Pause Young (Prepare Mixed) (G1 Evacuation Pause) 6884M->2631M(8192M) 147.078ms
[7142.554s][info][gc,cpu         ] GC(1271) User=1.16s Sys=0.00s Real=0.15s
...[7145.373s][info][gc,start       ] GC(1272) Pause Young (Mixed) (G1 Evacuation Pause)
[7145.373s][info][gc,task        ] GC(1272) Using 8 workers of 8 for evacuation
[7145.533s][info][gc,phases      ] GC(1272)   Pre Evacuate Collection Set: 0.25ms
[7145.533s][info][gc,phases      ] GC(1272)   Merge Heap Roots: 0.84ms
[7145.533s][info][gc,phases      ] GC(1272)   Evacuate Collection Set: 158.02ms
[7145.533s][info][gc,phases      ] GC(1272)   Post Evacuate Collection Set: 1.31ms
[7145.533s][info][gc,phases      ] GC(1272)   Other: 0.08ms
[7145.533s][info][gc,heap        ] GC(1272) Eden regions: 573->0(571)
[7145.533s][info][gc,heap        ] GC(1272) Survivor regions: 41->43(77)
[7145.533s][info][gc,heap        ] GC(1272) Old regions: 257->163
[7145.533s][info][gc,heap        ] GC(1272) Humongous regions: 33->33
[7145.533s][info][gc,metaspace   ] GC(1272) Metaspace: 30009K(30528K)->30009K(30528K) NonClass: 26611K(26880K)->26611K(26880K) Class: 3397K(3648K)->3397K(3648K)
[7145.533s][info][gc             ] GC(1272) Pause Young (Mixed) (G1 Evacuation Pause) 7215M->1893M(8192M) 160.614ms
[7145.533s][info][gc,cpu         ] GC(1272) User=1.27s Sys=0.01s Real=0.16s
...[7148.288s][info][gc,start       ] GC(1273) Pause Young (Mixed) (G1 Evacuation Pause)
[7148.288s][info][gc,task        ] GC(1273) Using 8 workers of 8 for evacuation
[7148.456s][info][gc,phases      ] GC(1273)   Pre Evacuate Collection Set: 0.24ms
[7148.456s][info][gc,phases      ] GC(1273)   Merge Heap Roots: 0.86ms
[7148.456s][info][gc,phases      ] GC(1273)   Evacuate Collection Set: 165.63ms
[7148.456s][info][gc,phases      ] GC(1273)   Post Evacuate Collection Set: 1.13ms
[7148.456s][info][gc,phases      ] GC(1273)   Other: 0.06ms
[7148.456s][info][gc,heap        ] GC(1273) Eden regions: 571->0(569)
[7148.456s][info][gc,heap        ] GC(1273) Survivor regions: 43->45(77)
[7148.456s][info][gc,heap        ] GC(1273) Old regions: 163->143
[7148.456s][info][gc,heap        ] GC(1273) Humongous regions: 33->33
[7148.456s][info][gc,metaspace   ] GC(1273) Metaspace: 30009K(30528K)->30009K(30528K) NonClass: 26611K(26880K)->26611K(26880K) Class: 3397K(3648K)->3397K(3648K)
[7148.456s][info][gc             ] GC(1273) Pause Young (Mixed) (G1 Evacuation Pause) 6461M->1750M(8192M) 168.049ms
[7148.456s][info][gc,cpu         ] GC(1273) User=1.34s Sys=0.00s Real=0.17s
...[7151.298s][info][gc,start       ] GC(1274) Pause Young (Normal) (G1 Evacuation Pause)
[7151.298s][info][gc,task        ] GC(1274) Using 8 workers of 8 for evacuation
[7151.456s][info][gc,phases      ] GC(1274)   Pre Evacuate Collection Set: 0.21ms
[7151.456s][info][gc,phases      ] GC(1274)   Merge Heap Roots: 0.54ms
[7151.456s][info][gc,phases      ] GC(1274)   Evacuate Collection Set: 155.35ms
[7151.456s][info][gc,phases      ] GC(1274)   Post Evacuate Collection Set: 1.04ms
[7151.456s][info][gc,phases      ] GC(1274)   Other: 0.07ms
[7151.456s][info][gc,heap        ] GC(1274) Eden regions: 569->0(569)
[7151.456s][info][gc,heap        ] GC(1274) Survivor regions: 45->45(77)
[7151.456s][info][gc,heap        ] GC(1274) Old regions: 143->150
[7151.456s][info][gc,heap        ] GC(1274) Humongous regions: 33->33
[7151.456s][info][gc,metaspace   ] GC(1274) Metaspace: 30009K(30528K)->30009K(30528K) NonClass: 26611K(26880K)->26611K(26880K) Class: 3397K(3648K)->3397K(3648K)
[7151.456s][info][gc             ] GC(1274) Pause Young (Normal) (G1 Evacuation Pause) 6302M->1802M(8192M) 157.346ms
[7151.456s][info][gc,cpu         ] GC(1274) User=1.25s Sys=0.00s Real=0.16s
..[7154.282s][info][gc,start       ] GC(1275) Pause Young (Normal) (G1 Evacuation Pause)
[7154.282s][info][gc,task        ] GC(1275) Using 8 workers of 8 for evacuation
[7154.442s][info][gc,phases      ] GC(1275)   Pre Evacuate Collection Set: 0.21ms
[7154.442s][info][gc,phases      ] GC(1275)   Merge Heap Roots: 0.55ms
[7154.442s][info][gc,phases      ] GC(1275)   Evacuate Collection Set: 157.66ms
[7154.442s][info][gc,phases      ] GC(1275)   Post Evacuate Collection Set: 1.04ms
[7154.442s][info][gc,phases      ] GC(1275)   Other: 0.06ms
[7154.442s][info][gc,heap        ] GC(1275) Eden regions: 569->0(569)
[7154.442s][info][gc,heap        ] GC(1275) Survivor regions: 45->45(77)
[7154.442s][info][gc,heap        ] GC(1275) Old regions: 150->157
[7154.442s][info][gc,heap        ] GC(1275) Humongous regions: 33->33
[7154.442s][info][gc,metaspace   ] GC(1275) Metaspace: 30009K(30528K)->30009K(30528K) NonClass: 26611K(26880K)->26611K(26880K) Class: 3397K(3648K)->3397K(3648K)
[7154.442s][info][gc             ] GC(1275) Pause Young (Normal) (G1 Evacuation Pause) 6354M->1866M(8192M) 159.658ms
[7154.442s][info][gc,cpu         ] GC(1275) User=1.26s Sys=0.00s Real=0.16s
...[7157.301s][info][gc,start       ] GC(1276) Pause Young (Normal) (G1 Evacuation Pause)
[7157.301s][info][gc,task        ] GC(1276) Using 8 workers of 8 for evacuation
[7157.466s][info][gc,phases      ] GC(1276)   Pre Evacuate Collection Set: 0.23ms
[7157.466s][info][gc,phases      ] GC(1276)   Merge Heap Roots: 0.52ms
[7157.466s][info][gc,phases      ] GC(1276)   Evacuate Collection Set: 163.58ms
[7157.466s][info][gc,phases      ] GC(1276)   Post Evacuate Collection Set: 1.06ms
[7157.466s][info][gc,phases      ] GC(1276)   Other: 0.06ms
[7157.466s][info][gc,heap        ] GC(1276) Eden regions: 569->0(567)
[7157.466s][info][gc,heap        ] GC(1276) Survivor regions: 45->47(77)
[7157.466s][info][gc,heap        ] GC(1276) Old regions: 157->164
[7157.466s][info][gc,heap        ] GC(1276) Humongous regions: 33->33
[7157.466s][info][gc,metaspace   ] GC(1276) Metaspace: 30009K(30528K)->30009K(30528K) NonClass: 26611K(26880K)->26611K(26880K) Class: 3397K(3648K)->3397K(3648K)
[7157.466s][info][gc             ] GC(1276) Pause Young (Normal) (G1 Evacuation Pause) 6418M->1934M(8192M) 165.595ms
[7157.466s][info][gc,cpu         ] GC(1276) User=1.32s Sys=0.00s Real=0.17s
...[7160.283s][info][gc,start       ] GC(1277) Pause Young (Normal) (G1 Evacuation Pause)
[7160.283s][info][gc,task        ] GC(1277) Using 8 workers of 8 for evacuation
[7160.439s][info][gc,phases      ] GC(1277)   Pre Evacuate Collection Set: 0.26ms
[7160.439s][info][gc,phases      ] GC(1277)   Merge Heap Roots: 0.57ms
[7160.439s][info][gc,phases      ] GC(1277)   Evacuate Collection Set: 154.20ms
[7160.439s][info][gc,phases      ] GC(1277)   Post Evacuate Collection Set: 1.05ms
[7160.439s][info][gc,phases      ] GC(1277)   Other: 0.07ms
[7160.439s][info][gc,heap        ] GC(1277) Eden regions: 567->0(570)
[7160.439s][info][gc,heap        ] GC(1277) Survivor regions: 47->44(77)
[7160.439s][info][gc,heap        ] GC(1277) Old regions: 164->171
[7160.439s][info][gc,heap        ] GC(1277) Humongous regions: 33->33
[7160.439s][info][gc,metaspace   ] GC(1277) Metaspace: 30009K(30528K)->30009K(30528K) NonClass: 26611K(26880K)->26611K(26880K) Class: 3397K(3648K)->3397K(3648K)
[7160.439s][info][gc             ] GC(1277) Pause Young (Normal) (G1 Evacuation Pause) 6470M->1971M(8192M) 156.280ms
[7160.439s][info][gc,cpu         ] GC(1277) User=1.24s Sys=0.00s Real=0.15s
...[7163.365s][info][gc,start       ] GC(1278) Pause Young (Normal) (G1 Evacuation Pause)
[7163.365s][info][gc,task        ] GC(1278) Using 8 workers of 8 for evacuation
[7163.518s][info][gc,phases      ] GC(1278)   Pre Evacuate Collection Set: 0.23ms
[7163.518s][info][gc,phases      ] GC(1278)   Merge Heap Roots: 0.58ms
[7163.518s][info][gc,phases      ] GC(1278)   Evacuate Collection Set: 151.10ms
[7163.518s][info][gc,phases      ] GC(1278)   Post Evacuate Collection Set: 1.04ms
[7163.518s][info][gc,phases      ] GC(1278)   Other: 0.06ms
[7163.518s][info][gc,heap        ] GC(1278) Eden regions: 570->0(571)
[7163.518s][info][gc,heap        ] GC(1278) Survivor regions: 44->43(77)
[7163.518s][info][gc,heap        ] GC(1278) Old regions: 171->178
[7163.518s][info][gc,heap        ] GC(1278) Humongous regions: 33->33
[7163.518s][info][gc,metaspace   ] GC(1278) Metaspace: 30009K(30528K)->30009K(30528K) NonClass: 26611K(26880K)->26611K(26880K) Class: 3397K(3648K)->3397K(3648K)
[7163.518s][info][gc             ] GC(1278) Pause Young (Normal) (G1 Evacuation Pause) 6531M->2019M(8192M) 153.145ms
[7163.518s][info][gc,cpu         ] GC(1278) User=1.21s Sys=0.00s Real=0.15s
...[7166.398s][info][gc,start       ] GC(1279) Pause Young (Normal) (G1 Evacuation Pause)
[7166.398s][info][gc,task        ] GC(1279) Using 8 workers of 8 for evacuation
[7166.550s][info][gc,phases      ] GC(1279)   Pre Evacuate Collection Set: 0.24ms
[7166.550s][info][gc,phases      ] GC(1279)   Merge Heap Roots: 0.60ms
[7166.550s][info][gc,phases      ] GC(1279)   Evacuate Collection Set: 149.86ms
[7166.550s][info][gc,phases      ] GC(1279)   Post Evacuate Collection Set: 1.05ms
[7166.550s][info][gc,phases      ] GC(1279)   Other: 0.06ms
[7166.550s][info][gc,heap        ] GC(1279) Eden regions: 571->0(572)
[7166.550s][info][gc,heap        ] GC(1279) Survivor regions: 43->42(77)
[7166.550s][info][gc,heap        ] GC(1279) Old regions: 178->186
[7166.550s][info][gc,heap        ] GC(1279) Humongous regions: 33->33
[7166.550s][info][gc,metaspace   ] GC(1279) Metaspace: 30009K(30528K)->30009K(30528K) NonClass: 26611K(26880K)->26611K(26880K) Class: 3397K(3648K)->3397K(3648K)
[7166.550s][info][gc             ] GC(1279) Pause Young (Normal) (G1 Evacuation Pause) 6587M->2069M(8192M) 151.956ms
[7166.550s][info][gc,cpu         ] GC(1279) User=1.21s Sys=0.00s Real=0.15s
...[7169.506s][info][gc,start       ] GC(1280) Pause Young (Normal) (G1 Evacuation Pause)
[7169.506s][info][gc,task        ] GC(1280) Using 8 workers of 8 for evacuation
[7169.657s][info][gc,phases      ] GC(1280)   Pre Evacuate Collection Set: 0.24ms
[7169.658s][info][gc,phases      ] GC(1280)   Merge Heap Roots: 0.57ms
[7169.658s][info][gc,phases      ] GC(1280)   Evacuate Collection Set: 148.59ms
[7169.658s][info][gc,phases      ] GC(1280)   Post Evacuate Collection Set: 1.03ms
[7169.658s][info][gc,phases      ] GC(1280)   Other: 0.06ms
[7169.658s][info][gc,heap        ] GC(1280) Eden regions: 572->0(571)
[7169.658s][info][gc,heap        ] GC(1280) Survivor regions: 42->43(77)
[7169.658s][info][gc,heap        ] GC(1280) Old regions: 186->193
[7169.658s][info][gc,heap        ] GC(1280) Humongous regions: 33->33
[7169.658s][info][gc,metaspace   ] GC(1280) Metaspace: 30009K(30528K)->30009K(30528K) NonClass: 26611K(26880K)->26611K(26880K) Class: 3397K(3648K)->3397K(3648K)
[7169.658s][info][gc             ] GC(1280) Pause Young (Normal) (G1 Evacuation Pause) 6645M->2135M(8192M) 151.412ms
[7169.658s][info][gc,cpu         ] GC(1280) User=1.20s Sys=0.01s Real=0.15s
....[7172.685s][info][gc,start       ] GC(1281) Pause Young (Normal) (G1 Evacuation Pause)
[7172.685s][info][gc,task        ] GC(1281) Using 8 workers of 8 for evacuation
[7172.842s][info][gc,phases      ] GC(1281)   Pre Evacuate Collection Set: 0.22ms
[7172.842s][info][gc,phases      ] GC(1281)   Merge Heap Roots: 0.58ms
[7172.842s][info][gc,phases      ] GC(1281)   Evacuate Collection Set: 155.12ms
[7172.842s][info][gc,phases      ] GC(1281)   Post Evacuate Collection Set: 1.06ms
[7172.842s][info][gc,phases      ] GC(1281)   Other: 0.07ms
[7172.842s][info][gc,heap        ] GC(1281) Eden regions: 571->0(569)
[7172.842s][info][gc,heap        ] GC(1281) Survivor regions: 43->45(77)
[7172.842s][info][gc,heap        ] GC(1281) Old regions: 193->200
[7172.842s][info][gc,heap        ] GC(1281) Humongous regions: 33->33
[7172.842s][info][gc,metaspace   ] GC(1281) Metaspace: 30009K(30528K)->30009K(30528K) NonClass: 26611K(26880K)->26611K(26880K) Class: 3397K(3648K)->3397K(3648K)
[7172.842s][info][gc             ] GC(1281) Pause Young (Normal) (G1 Evacuation Pause) 6703M->2203M(8192M) 157.176ms
[7172.842s][info][gc,cpu         ] GC(1281) User=1.25s Sys=0.00s Real=0.16s
...[7175.700s][info][gc,start       ] GC(1282) Pause Young (Normal) (G1 Evacuation Pause)
[7175.700s][info][gc,task        ] GC(1282) Using 8 workers of 8 for evacuation
[7175.854s][info][gc,phases      ] GC(1282)   Pre Evacuate Collection Set: 0.24ms
[7175.854s][info][gc,phases      ] GC(1282)   Merge Heap Roots: 0.56ms
[7175.854s][info][gc,phases      ] GC(1282)   Evacuate Collection Set: 152.71ms
[7175.854s][info][gc,phases      ] GC(1282)   Post Evacuate Collection Set: 1.05ms
[7175.854s][info][gc,phases      ] GC(1282)   Other: 0.06ms
[7175.854s][info][gc,heap        ] GC(1282) Eden regions: 569->0(570)
[7175.854s][info][gc,heap        ] GC(1282) Survivor regions: 45->44(77)
[7175.854s][info][gc,heap        ] GC(1282) Old regions: 200->207
[7175.855s][info][gc,heap        ] GC(1282) Humongous regions: 33->33
[7175.855s][info][gc,metaspace   ] GC(1282) Metaspace: 30009K(30528K)->30009K(30528K) NonClass: 26611K(26880K)->26611K(26880K) Class: 3397K(3648K)->3397K(3648K)
[7175.855s][info][gc             ] GC(1282) Pause Young (Normal) (G1 Evacuation Pause) 6755M->2251M(8192M) 154.759ms
[7175.855s][info][gc,cpu         ] GC(1282) User=1.23s Sys=0.00s Real=0.16s
...[7178.838s][info][gc,start       ] GC(1283) Pause Young (Normal) (G1 Evacuation Pause)
[7178.838s][info][gc,task        ] GC(1283) Using 8 workers of 8 for evacuation
[7178.999s][info][gc,phases      ] GC(1283)   Pre Evacuate Collection Set: 0.23ms
[7178.999s][info][gc,phases      ] GC(1283)   Merge Heap Roots: 0.58ms
[7178.999s][info][gc,phases      ] GC(1283)   Evacuate Collection Set: 158.73ms
[7178.999s][info][gc,phases      ] GC(1283)   Post Evacuate Collection Set: 1.07ms
[7178.999s][info][gc,phases      ] GC(1283)   Other: 0.06ms
[7178.999s][info][gc,heap        ] GC(1283) Eden regions: 570->0(569)
[7178.999s][info][gc,heap        ] GC(1283) Survivor regions: 44->45(77)
[7178.999s][info][gc,heap        ] GC(1283) Old regions: 207->214
[7178.999s][info][gc,heap        ] GC(1283) Humongous regions: 33->33
[7178.999s][info][gc,metaspace   ] GC(1283) Metaspace: 30009K(30528K)->30009K(30528K) NonClass: 26611K(26880K)->26611K(26880K) Class: 3397K(3648K)->3397K(3648K)
[7178.999s][info][gc             ] GC(1283) Pause Young (Normal) (G1 Evacuation Pause) 6811M->2323M(8192M) 160.811ms
[7178.999s][info][gc,cpu         ] GC(1283) User=1.27s Sys=0.00s Real=0.16s
...[7181.993s][info][gc,start       ] GC(1284) Pause Young (Normal) (G1 Evacuation Pause)
[7181.993s][info][gc,task        ] GC(1284) Using 8 workers of 8 for evacuation
[7182.148s][info][gc,phases      ] GC(1284)   Pre Evacuate Collection Set: 0.23ms
[7182.148s][info][gc,phases      ] GC(1284)   Merge Heap Roots: 0.60ms
[7182.148s][info][gc,phases      ] GC(1284)   Evacuate Collection Set: 153.28ms
[7182.148s][info][gc,phases      ] GC(1284)   Post Evacuate Collection Set: 1.10ms
[7182.148s][info][gc,phases      ] GC(1284)   Other: 0.06ms
[7182.148s][info][gc,heap        ] GC(1284) Eden regions: 569->0(570)
[7182.148s][info][gc,heap        ] GC(1284) Survivor regions: 45->44(77)
[7182.148s][info][gc,heap        ] GC(1284) Old regions: 214->221
[7182.148s][info][gc,heap        ] GC(1284) Humongous regions: 33->33
[7182.148s][info][gc,metaspace   ] GC(1284) Metaspace: 30009K(30528K)->30009K(30528K) NonClass: 26611K(26880K)->26611K(26880K) Class: 3397K(3648K)->3397K(3648K)
[7182.148s][info][gc             ] GC(1284) Pause Young (Normal) (G1 Evacuation Pause) 6875M->2367M(8192M) 155.398ms
[7182.148s][info][gc,cpu         ] GC(1284) User=1.23s Sys=0.00s Real=0.15s
.. (rIR:aIR:PR = 12453:12441:12436) (tPR = 185037) [OK] 
  7183s: Performance info:
         Transaction,    Success,    Partial,     Failed,   Receipts, AvgBarcode, 
             Overall,     751204,          0,          0,     713882,      59.47, 
         Response times:
             Request,    Success,    Partial,     Failed,   SkipFail,     Probes,    Samples,      min,      p50,      p90,      p95,      p99,      max, 
       TotalPurchase,     714084,          0,          0,          0,     340200,     436918,      300,    38000,   177000,   247000,   394000,  4800000,
     InStorePurchase,     375220,          0,          0,          0,     178300,     229119,      300,    37000,   177000,   253000,   396000,  4800000,
      OnlinePurchase,     263716,          0,          0,          0,     125829,     161615,      300,    38000,   176000,   241000,   394000,  4800000,
        InstPurchase,      75148,          0,          0,          0,      36071,      46184,      500,    37000,   177000,   256000,   379000,  2200000,
          AssocOfCat,        754,          0,          0,          0,        589,        841,    37000,    93000,   231400,   278700,   473580,   920000,
      AssocOfProduct,       7646,          0,          0,          0,       3447,       4616,      900,    37000,   175000,   239000,   361830,  3100000,
      BusinessReport,       1881,          0,          0,          0,       1645,       2269,    35000,   110000,   253000,   313500,   464300,   570000,
          CustBuyBeh,       7578,          0,          0,          0,       3402,       4544,      500,    39000,   178500,   252000,   400550,  2700000,
       ProductReturn,      19535,          0,          0,          0,       9425,      12215,      200,    37000,   176000,   246000,   388000,  4000000,

  7183s: (91%)   IR =  12592 .[7185.095s][info][gc,start       ] GC(1285) Pause Young (Normal) (G1 Evacuation Pause)
[7185.095s][info][gc,task        ] GC(1285) Using 8 workers of 8 for evacuation
[7185.256s][info][gc,phases      ] GC(1285)   Pre Evacuate Collection Set: 0.22ms
[7185.256s][info][gc,phases      ] GC(1285)   Merge Heap Roots: 0.58ms
[7185.256s][info][gc,phases      ] GC(1285)   Evacuate Collection Set: 158.90ms
[7185.256s][info][gc,phases      ] GC(1285)   Post Evacuate Collection Set: 1.06ms
[7185.256s][info][gc,phases      ] GC(1285)   Other: 0.07ms
[7185.256s][info][gc,heap        ] GC(1285) Eden regions: 570->0(569)
[7185.256s][info][gc,heap        ] GC(1285) Survivor regions: 44->45(77)
[7185.256s][info][gc,heap        ] GC(1285) Old regions: 221->228
[7185.256s][info][gc,heap        ] GC(1285) Humongous regions: 33->33
[7185.256s][info][gc,metaspace   ] GC(1285) Metaspace: 30009K(30528K)->30009K(30528K) NonClass: 26611K(26880K)->26611K(26880K) Class: 3397K(3648K)->3397K(3648K)
[7185.256s][info][gc             ] GC(1285) Pause Young (Normal) (G1 Evacuation Pause) 6927M->2435M(8192M) 160.973ms
[7185.256s][info][gc,cpu         ] GC(1285) User=1.27s Sys=0.00s Real=0.16s
...[7188.097s][info][gc,start       ] GC(1286) Pause Young (Normal) (G1 Evacuation Pause)
[7188.097s][info][gc,task        ] GC(1286) Using 8 workers of 8 for evacuation
[7188.257s][info][gc,phases      ] GC(1286)   Pre Evacuate Collection Set: 0.22ms
[7188.257s][info][gc,phases      ] GC(1286)   Merge Heap Roots: 0.57ms
[7188.257s][info][gc,phases      ] GC(1286)   Evacuate Collection Set: 158.22ms
[7188.257s][info][gc,phases      ] GC(1286)   Post Evacuate Collection Set: 1.11ms
[7188.257s][info][gc,phases      ] GC(1286)   Other: 0.06ms
[7188.257s][info][gc,heap        ] GC(1286) Eden regions: 569->0(569)
[7188.257s][info][gc,heap        ] GC(1286) Survivor regions: 45->45(77)
[7188.257s][info][gc,heap        ] GC(1286) Old regions: 228->236
[7188.258s][info][gc,heap        ] GC(1286) Humongous regions: 33->33
[7188.258s][info][gc,metaspace   ] GC(1286) Metaspace: 30009K(30528K)->30009K(30528K) NonClass: 26611K(26880K)->26611K(26880K) Class: 3397K(3648K)->3397K(3648K)
[7188.258s][info][gc             ] GC(1286) Pause Young (Normal) (G1 Evacuation Pause) 6987M->2493M(8192M) 160.308ms
[7188.258s][info][gc,cpu         ] GC(1286) User=1.27s Sys=0.00s Real=0.16s
...[7191.158s][info][gc,start       ] GC(1287) Pause Young (Normal) (G1 Evacuation Pause)
[7191.158s][info][gc,task        ] GC(1287) Using 8 workers of 8 for evacuation
[7191.312s][info][gc,phases      ] GC(1287)   Pre Evacuate Collection Set: 0.23ms
[7191.312s][info][gc,phases      ] GC(1287)   Merge Heap Roots: 0.57ms
[7191.312s][info][gc,phases      ] GC(1287)   Evacuate Collection Set: 152.18ms
[7191.312s][info][gc,phases      ] GC(1287)   Post Evacuate Collection Set: 1.07ms
[7191.312s][info][gc,phases      ] GC(1287)   Other: 0.07ms
[7191.312s][info][gc,heap        ] GC(1287) Eden regions: 569->0(571)
[7191.312s][info][gc,heap        ] GC(1287) Survivor regions: 45->43(77)
[7191.312s][info][gc,heap        ] GC(1287) Old regions: 236->243
[7191.312s][info][gc,heap        ] GC(1287) Humongous regions: 33->33
[7191.312s][info][gc,metaspace   ] GC(1287) Metaspace: 30009K(30528K)->30009K(30528K) NonClass: 26611K(26880K)->26611K(26880K) Class: 3397K(3648K)->3397K(3648K)
[7191.312s][info][gc             ] GC(1287) Pause Young (Normal) (G1 Evacuation Pause) 7045M->2534M(8192M) 154.253ms
[7191.312s][info][gc,cpu         ] GC(1287) User=1.22s Sys=0.00s Real=0.16s
...|[7194.263s][info][gc,start       ] GC(1288) Pause Young (Normal) (G1 Evacuation Pause)
[7194.263s][info][gc,task        ] GC(1288) Using 8 workers of 8 for evacuation
[7194.417s][info][gc,phases      ] GC(1288)   Pre Evacuate Collection Set: 0.25ms
[7194.417s][info][gc,phases      ] GC(1288)   Merge Heap Roots: 0.58ms
[7194.417s][info][gc,phases      ] GC(1288)   Evacuate Collection Set: 151.89ms
[7194.417s][info][gc,phases      ] GC(1288)   Post Evacuate Collection Set: 1.09ms
[7194.417s][info][gc,phases      ] GC(1288)   Other: 0.06ms
[7194.417s][info][gc,heap        ] GC(1288) Eden regions: 571->0(571)
[7194.417s][info][gc,heap        ] GC(1288) Survivor regions: 43->43(77)
[7194.417s][info][gc,heap        ] GC(1288) Old regions: 243->250
[7194.417s][info][gc,heap        ] GC(1288) Humongous regions: 33->33
[7194.417s][info][gc,metaspace   ] GC(1288) Metaspace: 30009K(30528K)->30009K(30528K) NonClass: 26611K(26880K)->26611K(26880K) Class: 3397K(3648K)->3397K(3648K)
[7194.417s][info][gc             ] GC(1288) Pause Young (Normal) (G1 Evacuation Pause) 7102M->2594M(8192M) 154.008ms
[7194.417s][info][gc,cpu         ] GC(1288) User=1.22s Sys=0.00s Real=0.15s
...[7197.379s][info][gc,start       ] GC(1289) Pause Young (Normal) (G1 Evacuation Pause)
[7197.379s][info][gc,task        ] GC(1289) Using 8 workers of 8 for evacuation
[7197.529s][info][gc,phases      ] GC(1289)   Pre Evacuate Collection Set: 0.23ms
[7197.529s][info][gc,phases      ] GC(1289)   Merge Heap Roots: 0.58ms
[7197.529s][info][gc,phases      ] GC(1289)   Evacuate Collection Set: 148.03ms
[7197.529s][info][gc,phases      ] GC(1289)   Post Evacuate Collection Set: 1.03ms
[7197.529s][info][gc,phases      ] GC(1289)   Other: 0.06ms
[7197.529s][info][gc,heap        ] GC(1289) Eden regions: 571->0(572)
[7197.529s][info][gc,heap        ] GC(1289) Survivor regions: 43->42(77)
[7197.529s][info][gc,heap        ] GC(1289) Old regions: 250->257
[7197.529s][info][gc,heap        ] GC(1289) Humongous regions: 33->33
[7197.529s][info][gc,metaspace   ] GC(1289) Metaspace: 30009K(30528K)->30009K(30528K) NonClass: 26611K(26880K)->26611K(26880K) Class: 3397K(3648K)->3397K(3648K)
[7197.529s][info][gc             ] GC(1289) Pause Young (Normal) (G1 Evacuation Pause) 7162M->2642M(8192M) 150.080ms
[7197.529s][info][gc,cpu         ] GC(1289) User=1.19s Sys=0.00s Real=0.15s
...[7200.463s][info][gc,start       ] GC(1290) Pause Young (Normal) (G1 Evacuation Pause)
[7200.463s][info][gc,task        ] GC(1290) Using 8 workers of 8 for evacuation
[7200.617s][info][gc,phases      ] GC(1290)   Pre Evacuate Collection Set: 0.23ms
[7200.617s][info][gc,phases      ] GC(1290)   Merge Heap Roots: 0.55ms
[7200.617s][info][gc,phases      ] GC(1290)   Evacuate Collection Set: 151.68ms
[7200.617s][info][gc,phases      ] GC(1290)   Post Evacuate Collection Set: 1.06ms
[7200.617s][info][gc,phases      ] GC(1290)   Other: 0.06ms
[7200.617s][info][gc,heap        ] GC(1290) Eden regions: 572->0(571)
[7200.617s][info][gc,heap        ] GC(1290) Survivor regions: 42->43(77)
[7200.617s][info][gc,heap        ] GC(1290) Old regions: 257->264
[7200.617s][info][gc,heap        ] GC(1290) Humongous regions: 33->33
[7200.617s][info][gc,metaspace   ] GC(1290) Metaspace: 30009K(30528K)->30009K(30528K) NonClass: 26611K(26880K)->26611K(26880K) Class: 3397K(3648K)->3397K(3648K)
[7200.617s][info][gc             ] GC(1290) Pause Young (Normal) (G1 Evacuation Pause) 7218M->2703M(8192M) 153.714ms
[7200.617s][info][gc,cpu         ] GC(1290) User=1.22s Sys=0.00s Real=0.15s
...[7203.516s][info][gc,start       ] GC(1291) Pause Young (Normal) (G1 Evacuation Pause)
[7203.516s][info][gc,task        ] GC(1291) Using 8 workers of 8 for evacuation
[7203.668s][info][gc,phases      ] GC(1291)   Pre Evacuate Collection Set: 0.23ms
[7203.668s][info][gc,phases      ] GC(1291)   Merge Heap Roots: 0.56ms
[7203.669s][info][gc,phases      ] GC(1291)   Evacuate Collection Set: 150.71ms
[7203.669s][info][gc,phases      ] GC(1291)   Post Evacuate Collection Set: 1.05ms
[7203.669s][info][gc,phases      ] GC(1291)   Other: 0.07ms
[7203.669s][info][gc,heap        ] GC(1291) Eden regions: 571->0(570)
[7203.669s][info][gc,heap        ] GC(1291) Survivor regions: 43->44(77)
[7203.669s][info][gc,heap        ] GC(1291) Old regions: 264->271
[7203.669s][info][gc,heap        ] GC(1291) Humongous regions: 33->33
[7203.669s][info][gc,metaspace   ] GC(1291) Metaspace: 30009K(30528K)->30009K(30528K) NonClass: 26611K(26880K)->26611K(26880K) Class: 3397K(3648K)->3397K(3648K)
[7203.669s][info][gc             ] GC(1291) Pause Young (Normal) (G1 Evacuation Pause) 7271M->2767M(8192M) 152.750ms
[7203.669s][info][gc,cpu         ] GC(1291) User=1.22s Sys=0.00s Real=0.15s
...[7206.518s][info][gc,start       ] GC(1292) Pause Young (Normal) (G1 Evacuation Pause)
[7206.518s][info][gc,task        ] GC(1292) Using 8 workers of 8 for evacuation
[7206.673s][info][gc,phases      ] GC(1292)   Pre Evacuate Collection Set: 0.21ms
[7206.673s][info][gc,phases      ] GC(1292)   Merge Heap Roots: 0.55ms
[7206.673s][info][gc,phases      ] GC(1292)   Evacuate Collection Set: 152.24ms
[7206.673s][info][gc,phases      ] GC(1292)   Post Evacuate Collection Set: 1.03ms
[7206.673s][info][gc,phases      ] GC(1292)   Other: 0.06ms
[7206.673s][info][gc,heap        ] GC(1292) Eden regions: 570->0(570)
[7206.673s][info][gc,heap        ] GC(1292) Survivor regions: 44->44(77)
[7206.673s][info][gc,heap        ] GC(1292) Old regions: 271->278
[7206.673s][info][gc,heap        ] GC(1292) Humongous regions: 33->33
[7206.673s][info][gc,metaspace   ] GC(1292) Metaspace: 30009K(30528K)->30009K(30528K) NonClass: 26611K(26880K)->26611K(26880K) Class: 3397K(3648K)->3397K(3648K)
[7206.673s][info][gc             ] GC(1292) Pause Young (Normal) (G1 Evacuation Pause) 7327M->2827M(8192M) 154.237ms
[7206.673s][info][gc,cpu         ] GC(1292) User=1.22s Sys=0.00s Real=0.16s
...[7209.693s][info][gc,start       ] GC(1293) Pause Young (Normal) (G1 Evacuation Pause)
[7209.693s][info][gc,task        ] GC(1293) Using 8 workers of 8 for evacuation
[7209.854s][info][gc,phases      ] GC(1293)   Pre Evacuate Collection Set: 0.23ms
[7209.854s][info][gc,phases      ] GC(1293)   Merge Heap Roots: 0.54ms
[7209.854s][info][gc,phases      ] GC(1293)   Evacuate Collection Set: 159.39ms
[7209.854s][info][gc,phases      ] GC(1293)   Post Evacuate Collection Set: 1.05ms
[7209.854s][info][gc,phases      ] GC(1293)   Other: 0.07ms
[7209.854s][info][gc,heap        ] GC(1293) Eden regions: 570->0(564)
[7209.854s][info][gc,heap        ] GC(1293) Survivor regions: 44->45(77)
[7209.854s][info][gc,heap        ] GC(1293) Old regions: 278->285
[7209.854s][info][gc,heap        ] GC(1293) Humongous regions: 33->33
[7209.854s][info][gc,metaspace   ] GC(1293) Metaspace: 30009K(30528K)->30009K(30528K) NonClass: 26611K(26880K)->26611K(26880K) Class: 3397K(3648K)->3397K(3648K)
[7209.854s][info][gc             ] GC(1293) Pause Young (Normal) (G1 Evacuation Pause) 7387M->2891M(8192M) 161.424ms
[7209.854s][info][gc,cpu         ] GC(1293) User=1.28s Sys=0.00s Real=0.16s
...[7212.708s][info][gc,start       ] GC(1294) Pause Young (Normal) (G1 Evacuation Pause)
[7212.708s][info][gc,task        ] GC(1294) Using 8 workers of 8 for evacuation
[7212.858s][info][gc,phases      ] GC(1294)   Pre Evacuate Collection Set: 0.21ms
[7212.858s][info][gc,phases      ] GC(1294)   Merge Heap Roots: 0.55ms
[7212.858s][info][gc,phases      ] GC(1294)   Evacuate Collection Set: 147.55ms
[7212.858s][info][gc,phases      ] GC(1294)   Post Evacuate Collection Set: 1.05ms
[7212.858s][info][gc,phases      ] GC(1294)   Other: 0.06ms
[7212.858s][info][gc,heap        ] GC(1294) Eden regions: 564->0(560)
[7212.858s][info][gc,heap        ] GC(1294) Survivor regions: 45->43(77)
[7212.858s][info][gc,heap        ] GC(1294) Old regions: 285->293
[7212.858s][info][gc,heap        ] GC(1294) Humongous regions: 33->33
[7212.858s][info][gc,metaspace   ] GC(1294) Metaspace: 30009K(30528K)->30009K(30528K) NonClass: 26611K(26880K)->26611K(26880K) Class: 3397K(3648K)->3397K(3648K)
[7212.858s][info][gc             ] GC(1294) Pause Young (Normal) (G1 Evacuation Pause) 7403M->2930M(8192M) 149.552ms
[7212.858s][info][gc,cpu         ] GC(1294) User=1.19s Sys=0.00s Real=0.15s
...[7215.785s][info][gc,start       ] GC(1295) Pause Young (Normal) (G1 Evacuation Pause)
[7215.785s][info][gc,task        ] GC(1295) Using 8 workers of 8 for evacuation
[7215.943s][info][gc,phases      ] GC(1295)   Pre Evacuate Collection Set: 0.23ms
[7215.943s][info][gc,phases      ] GC(1295)   Merge Heap Roots: 0.58ms
[7215.943s][info][gc,phases      ] GC(1295)   Evacuate Collection Set: 155.81ms
[7215.943s][info][gc,phases      ] GC(1295)   Post Evacuate Collection Set: 1.08ms
[7215.943s][info][gc,phases      ] GC(1295)   Other: 0.06ms
[7215.943s][info][gc,heap        ] GC(1295) Eden regions: 560->0(551)
[7215.943s][info][gc,heap        ] GC(1295) Survivor regions: 43->44(76)
[7215.943s][info][gc,heap        ] GC(1295) Old regions: 293->300
[7215.943s][info][gc,heap        ] GC(1295) Humongous regions: 33->33
[7215.943s][info][gc,metaspace   ] GC(1295) Metaspace: 30009K(30528K)->30009K(30528K) NonClass: 26611K(26880K)->26611K(26880K) Class: 3397K(3648K)->3397K(3648K)
[7215.943s][info][gc             ] GC(1295) Pause Young (Normal) (G1 Evacuation Pause) 7410M->3002M(8192M) 157.918ms
[7215.943s][info][gc,cpu         ] GC(1295) User=1.26s Sys=0.00s Real=0.16s
...[7218.806s][info][gc,start       ] GC(1296) Pause Young (Normal) (G1 Evacuation Pause)
[7218.807s][info][gc,task        ] GC(1296) Using 8 workers of 8 for evacuation
[7218.967s][info][gc,phases      ] GC(1296)   Pre Evacuate Collection Set: 0.22ms
[7218.967s][info][gc,phases      ] GC(1296)   Merge Heap Roots: 0.54ms
[7218.967s][info][gc,phases      ] GC(1296)   Evacuate Collection Set: 158.42ms
[7218.967s][info][gc,phases      ] GC(1296)   Post Evacuate Collection Set: 1.03ms
[7218.967s][info][gc,phases      ] GC(1296)   Other: 0.06ms
[7218.967s][info][gc,heap        ] GC(1296) Eden regions: 551->0(541)
[7218.967s][info][gc,heap        ] GC(1296) Survivor regions: 44->45(75)
[7218.967s][info][gc,heap        ] GC(1296) Old regions: 300->308
[7218.967s][info][gc,heap        ] GC(1296) Humongous regions: 33->33
[7218.967s][info][gc,metaspace   ] GC(1296) Metaspace: 30009K(30528K)->30009K(30528K) NonClass: 26611K(26880K)->26611K(26880K) Class: 3397K(3648K)->3397K(3648K)
[7218.967s][info][gc             ] GC(1296) Pause Young (Normal) (G1 Evacuation Pause) 7410M->3071M(8192M) 160.394ms
[7218.967s][info][gc,cpu         ] GC(1296) User=1.27s Sys=0.00s Real=0.16s
...[7221.639s][info][gc,start       ] GC(1297) Pause Young (Concurrent Start) (G1 Evacuation Pause)
[7221.639s][info][gc,task        ] GC(1297) Using 8 workers of 8 for evacuation
[7221.798s][info][gc,phases      ] GC(1297)   Pre Evacuate Collection Set: 0.29ms
[7221.798s][info][gc,phases      ] GC(1297)   Merge Heap Roots: 0.57ms
[7221.798s][info][gc,phases      ] GC(1297)   Evacuate Collection Set: 157.29ms
[7221.798s][info][gc,phases      ] GC(1297)   Post Evacuate Collection Set: 1.05ms
[7221.798s][info][gc,phases      ] GC(1297)   Other: 0.08ms
[7221.798s][info][gc,heap        ] GC(1297) Eden regions: 541->0(536)
[7221.798s][info][gc,heap        ] GC(1297) Survivor regions: 45->44(74)
[7221.798s][info][gc,heap        ] GC(1297) Old regions: 308->315
[7221.798s][info][gc,heap        ] GC(1297) Humongous regions: 33->33
[7221.798s][info][gc,metaspace   ] GC(1297) Metaspace: 30009K(30528K)->30009K(30528K) NonClass: 26611K(26880K)->26611K(26880K) Class: 3397K(3648K)->3397K(3648K)
[7221.798s][info][gc             ] GC(1297) Pause Young (Concurrent Start) (G1 Evacuation Pause) 7399M->3121M(8192M) 159.398ms
[7221.798s][info][gc             ] GC(1298) Concurrent Mark Cycle
[7221.798s][info][gc,marking     ] GC(1298) Concurrent Scan Root Regions
[7221.798s][info][gc,cpu         ] GC(1297) User=1.26s Sys=0.00s Real=0.16s
.[7222.202s][info][gc,marking     ] GC(1298) Concurrent Scan Root Regions 403.759ms
[7222.202s][info][gc,marking     ] GC(1298) Concurrent Mark
[7222.202s][info][gc,marking     ] GC(1298) Concurrent Mark From Roots
[7222.202s][info][gc,task        ] GC(1298) Using 2 workers of 2 for marking
.[7223.383s][info][gc,marking     ] GC(1298) Concurrent Mark From Roots 1181.142ms
[7223.383s][info][gc,marking     ] GC(1298) Concurrent Preclean
[7223.383s][info][gc,marking     ] GC(1298) Concurrent Preclean 0.109ms
[7223.383s][info][gc,start       ] GC(1298) Pause Remark
[7223.386s][info][gc             ] GC(1298) Pause Remark 4871M->4247M(8192M) 2.666ms
[7223.386s][info][gc,cpu         ] GC(1298) User=0.02s Sys=0.00s Real=0.00s
[7223.386s][info][gc,marking     ] GC(1298) Concurrent Mark 1184.323ms
[7223.386s][info][gc,marking     ] GC(1298) Concurrent Rebuild Remembered Sets and Scrub Regions
.[7224.197s][info][gc,marking     ] GC(1298) Concurrent Rebuild Remembered Sets and Scrub Regions 811.152ms
[7224.197s][info][gc,start       ] GC(1298) Pause Cleanup
[7224.198s][info][gc             ] GC(1298) Pause Cleanup 5313M->5313M(8192M) 0.255ms
[7224.198s][info][gc,cpu         ] GC(1298) User=0.00s Sys=0.00s Real=0.00s
[7224.198s][info][gc,marking     ] GC(1298) Concurrent Clear Claimed Marks
[7224.198s][info][gc,marking     ] GC(1298) Concurrent Clear Claimed Marks 0.039ms
[7224.198s][info][gc,marking     ] GC(1298) Concurrent Cleanup for Next Mark
[7224.208s][info][gc,marking     ] GC(1298) Concurrent Cleanup for Next Mark 10.312ms
[7224.208s][info][gc             ] GC(1298) Concurrent Mark Cycle 2410.248ms
.[7225.191s][info][gc,start       ] GC(1299) Pause Young (Prepare Mixed) (G1 Evacuation Pause)
[7225.191s][info][gc,task        ] GC(1299) Using 8 workers of 8 for evacuation
[7225.346s][info][gc,phases      ] GC(1299)   Pre Evacuate Collection Set: 0.22ms
[7225.346s][info][gc,phases      ] GC(1299)   Merge Heap Roots: 0.78ms
[7225.346s][info][gc,phases      ] GC(1299)   Evacuate Collection Set: 153.10ms
[7225.346s][info][gc,phases      ] GC(1299)   Post Evacuate Collection Set: 1.14ms
[7225.346s][info][gc,phases      ] GC(1299)   Other: 0.07ms
[7225.346s][info][gc,heap        ] GC(1299) Eden regions: 536->0(572)
[7225.346s][info][gc,heap        ] GC(1299) Survivor regions: 44->42(73)
[7225.346s][info][gc,heap        ] GC(1299) Old regions: 237->245
[7225.346s][info][gc,heap        ] GC(1299) Humongous regions: 33->33
[7225.346s][info][gc,metaspace   ] GC(1299) Metaspace: 30009K(30528K)->30009K(30528K) NonClass: 26611K(26880K)->26611K(26880K) Class: 3397K(3648K)->3397K(3648K)
[7225.346s][info][gc             ] GC(1299) Pause Young (Prepare Mixed) (G1 Evacuation Pause) 6785M->2542M(8192M) 155.423ms
[7225.346s][info][gc,cpu         ] GC(1299) User=1.23s Sys=0.01s Real=0.15s
...[7228.109s][info][gc,start       ] GC(1300) Pause Young (Mixed) (G1 Evacuation Pause)
[7228.109s][info][gc,task        ] GC(1300) Using 8 workers of 8 for evacuation
[7228.270s][info][gc,phases      ] GC(1300)   Pre Evacuate Collection Set: 0.24ms
[7228.270s][info][gc,phases      ] GC(1300)   Merge Heap Roots: 0.95ms
[7228.270s][info][gc,phases      ] GC(1300)   Evacuate Collection Set: 159.04ms
[7228.270s][info][gc,phases      ] GC(1300)   Post Evacuate Collection Set: 1.29ms
[7228.270s][info][gc,phases      ] GC(1300)   Other: 0.07ms
[7228.270s][info][gc,heap        ] GC(1300) Eden regions: 572->0(571)
[7228.271s][info][gc,heap        ] GC(1300) Survivor regions: 42->43(77)
[7228.271s][info][gc,heap        ] GC(1300) Old regions: 245->150
[7228.271s][info][gc,heap        ] GC(1300) Humongous regions: 33->33
[7228.271s][info][gc,metaspace   ] GC(1300) Metaspace: 30009K(30528K)->30009K(30528K) NonClass: 26611K(26880K)->26611K(26880K) Class: 3397K(3648K)->3397K(3648K)
[7228.271s][info][gc             ] GC(1300) Pause Young (Mixed) (G1 Evacuation Pause) 7118M->1795M(8192M) 161.723ms
[7228.271s][info][gc,cpu         ] GC(1300) User=1.28s Sys=0.00s Real=0.16s
...[7231.087s][info][gc,start       ] GC(1301) Pause Young (Mixed) (G1 Evacuation Pause)
[7231.087s][info][gc,task        ] GC(1301) Using 8 workers of 8 for evacuation
[7231.247s][info][gc,phases      ] GC(1301)   Pre Evacuate Collection Set: 0.23ms
[7231.247s][info][gc,phases      ] GC(1301)   Merge Heap Roots: 0.77ms
[7231.247s][info][gc,phases      ] GC(1301)   Evacuate Collection Set: 157.64ms
[7231.247s][info][gc,phases      ] GC(1301)   Post Evacuate Collection Set: 1.09ms
[7231.247s][info][gc,phases      ] GC(1301)   Other: 0.07ms
[7231.247s][info][gc,heap        ] GC(1301) Eden regions: 571->0(571)
[7231.247s][info][gc,heap        ] GC(1301) Survivor regions: 43->43(77)
[7231.247s][info][gc,heap        ] GC(1301) Old regions: 150->142
[7231.247s][info][gc,heap        ] GC(1301) Humongous regions: 33->33
[7231.247s][info][gc,metaspace   ] GC(1301) Metaspace: 30009K(30528K)->30009K(30528K) NonClass: 26611K(26880K)->26611K(26880K) Class: 3397K(3648K)->3397K(3648K)
[7231.247s][info][gc             ] GC(1301) Pause Young (Mixed) (G1 Evacuation Pause) 6363M->1726M(8192M) 159.919ms
[7231.247s][info][gc,cpu         ] GC(1301) User=1.27s Sys=0.00s Real=0.16s
...[7234.077s][info][gc,start       ] GC(1302) Pause Young (Normal) (G1 Evacuation Pause)
[7234.077s][info][gc,task        ] GC(1302) Using 8 workers of 8 for evacuation
[7234.232s][info][gc,phases      ] GC(1302)   Pre Evacuate Collection Set: 0.23ms
[7234.232s][info][gc,phases      ] GC(1302)   Merge Heap Roots: 0.53ms
[7234.232s][info][gc,phases      ] GC(1302)   Evacuate Collection Set: 153.12ms
[7234.232s][info][gc,phases      ] GC(1302)   Post Evacuate Collection Set: 1.01ms
[7234.232s][info][gc,phases      ] GC(1302)   Other: 0.06ms
[7234.232s][info][gc,heap        ] GC(1302) Eden regions: 571->0(571)
[7234.232s][info][gc,heap        ] GC(1302) Survivor regions: 43->43(77)
[7234.232s][info][gc,heap        ] GC(1302) Old regions: 142->149
[7234.232s][info][gc,heap        ] GC(1302) Humongous regions: 33->33
[7234.232s][info][gc,metaspace   ] GC(1302) Metaspace: 30009K(30528K)->30009K(30528K) NonClass: 26611K(26880K)->26611K(26880K) Class: 3397K(3648K)->3397K(3648K)
[7234.232s][info][gc             ] GC(1302) Pause Young (Normal) (G1 Evacuation Pause) 6294M->1787M(8192M) 155.082ms
[7234.232s][info][gc,cpu         ] GC(1302) User=1.22s Sys=0.00s Real=0.16s
...[7237.088s][info][gc,start       ] GC(1303) Pause Young (Normal) (G1 Evacuation Pause)
[7237.088s][info][gc,task        ] GC(1303) Using 8 workers of 8 for evacuation
[7237.249s][info][gc,phases      ] GC(1303)   Pre Evacuate Collection Set: 0.23ms
[7237.249s][info][gc,phases      ] GC(1303)   Merge Heap Roots: 0.56ms
[7237.249s][info][gc,phases      ] GC(1303)   Evacuate Collection Set: 159.34ms
[7237.249s][info][gc,phases      ] GC(1303)   Post Evacuate Collection Set: 1.05ms
[7237.249s][info][gc,phases      ] GC(1303)   Other: 0.06ms
[7237.249s][info][gc,heap        ] GC(1303) Eden regions: 571->0(568)
[7237.249s][info][gc,heap        ] GC(1303) Survivor regions: 43->46(77)
[7237.249s][info][gc,heap        ] GC(1303) Old regions: 149->157
[7237.249s][info][gc,heap        ] GC(1303) Humongous regions: 33->33
[7237.249s][info][gc,metaspace   ] GC(1303) Metaspace: 30009K(30528K)->30009K(30528K) NonClass: 26611K(26880K)->26611K(26880K) Class: 3397K(3648K)->3397K(3648K)
[7237.249s][info][gc             ] GC(1303) Pause Young (Normal) (G1 Evacuation Pause) 6355M->1866M(8192M) 161.377ms
[7237.249s][info][gc,cpu         ] GC(1303) User=1.28s Sys=0.00s Real=0.16s
...[7240.046s][info][gc,start       ] GC(1304) Pause Young (Normal) (G1 Evacuation Pause)
[7240.046s][info][gc,task        ] GC(1304) Using 8 workers of 8 for evacuation
[7240.211s][info][gc,phases      ] GC(1304)   Pre Evacuate Collection Set: 0.22ms
[7240.211s][info][gc,phases      ] GC(1304)   Merge Heap Roots: 0.60ms
[7240.211s][info][gc,phases      ] GC(1304)   Evacuate Collection Set: 163.37ms
[7240.211s][info][gc,phases      ] GC(1304)   Post Evacuate Collection Set: 1.10ms
[7240.211s][info][gc,phases      ] GC(1304)   Other: 0.07ms
[7240.211s][info][gc,heap        ] GC(1304) Eden regions: 568->0(567)
[7240.211s][info][gc,heap        ] GC(1304) Survivor regions: 46->47(77)
[7240.211s][info][gc,heap        ] GC(1304) Old regions: 157->164
[7240.211s][info][gc,heap        ] GC(1304) Humongous regions: 33->33
[7240.211s][info][gc,metaspace   ] GC(1304) Metaspace: 30009K(30528K)->30009K(30528K) NonClass: 26611K(26880K)->26611K(26880K) Class: 3397K(3648K)->3397K(3648K)
[7240.211s][info][gc             ] GC(1304) Pause Young (Normal) (G1 Evacuation Pause) 6410M->1934M(8192M) 165.480ms
[7240.211s][info][gc,cpu         ] GC(1304) User=1.31s Sys=0.00s Real=0.17s
...[7243.055s][info][gc,start       ] GC(1305) Pause Young (Normal) (G1 Evacuation Pause)
[7243.055s][info][gc,task        ] GC(1305) Using 8 workers of 8 for evacuation
[7243.212s][info][gc,phases      ] GC(1305)   Pre Evacuate Collection Set: 0.20ms
[7243.212s][info][gc,phases      ] GC(1305)   Merge Heap Roots: 0.57ms
[7243.212s][info][gc,phases      ] GC(1305)   Evacuate Collection Set: 155.22ms
[7243.212s][info][gc,phases      ] GC(1305)   Post Evacuate Collection Set: 1.04ms
[7243.212s][info][gc,phases      ] GC(1305)   Other: 0.07ms
[7243.212s][info][gc,heap        ] GC(1305) Eden regions: 567->0(569)
[7243.212s][info][gc,heap        ] GC(1305) Survivor regions: 47->45(77)
[7243.212s][info][gc,heap        ] GC(1305) Old regions: 164->171
[7243.212s][info][gc,heap        ] GC(1305) Humongous regions: 33->33
[7243.212s][info][gc,metaspace   ] GC(1305) Metaspace: 30009K(30528K)->30009K(30528K) NonClass: 26611K(26880K)->26611K(26880K) Class: 3397K(3648K)->3397K(3648K)
[7243.212s][info][gc             ] GC(1305) Pause Young (Normal) (G1 Evacuation Pause) 6470M->1975M(8192M) 157.243ms
[7243.212s][info][gc,cpu         ] GC(1305) User=1.25s Sys=0.00s Real=0.16s
...[7246.001s][info][gc,start       ] GC(1306) Pause Young (Normal) (G1 Evacuation Pause)
[7246.001s][info][gc,task        ] GC(1306) Using 8 workers of 8 for evacuation
[7246.158s][info][gc,phases      ] GC(1306)   Pre Evacuate Collection Set: 0.22ms
[7246.158s][info][gc,phases      ] GC(1306)   Merge Heap Roots: 0.54ms
[7246.158s][info][gc,phases      ] GC(1306)   Evacuate Collection Set: 155.46ms
[7246.158s][info][gc,phases      ] GC(1306)   Post Evacuate Collection Set: 1.08ms
[7246.158s][info][gc,phases      ] GC(1306)   Other: 0.06ms
[7246.158s][info][gc,heap        ] GC(1306) Eden regions: 569->0(570)
[7246.158s][info][gc,heap        ] GC(1306) Survivor regions: 45->44(77)
[7246.158s][info][gc,heap        ] GC(1306) Old regions: 171->179
[7246.158s][info][gc,heap        ] GC(1306) Humongous regions: 33->33
[7246.158s][info][gc,metaspace   ] GC(1306) Metaspace: 30009K(30528K)->30009K(30528K) NonClass: 26611K(26880K)->26611K(26880K) Class: 3397K(3648K)->3397K(3648K)
[7246.158s][info][gc             ] GC(1306) Pause Young (Normal) (G1 Evacuation Pause) 6527M->2030M(8192M) 157.500ms
[7246.158s][info][gc,cpu         ] GC(1306) User=1.25s Sys=0.00s Real=0.16s
...[7249.033s][info][gc,start       ] GC(1307) Pause Young (Normal) (G1 Evacuation Pause)
[7249.033s][info][gc,task        ] GC(1307) Using 8 workers of 8 for evacuation
[7249.185s][info][gc,phases      ] GC(1307)   Pre Evacuate Collection Set: 0.20ms
[7249.185s][info][gc,phases      ] GC(1307)   Merge Heap Roots: 0.53ms
[7249.185s][info][gc,phases      ] GC(1307)   Evacuate Collection Set: 150.68ms
[7249.185s][info][gc,phases      ] GC(1307)   Post Evacuate Collection Set: 1.05ms
[7249.185s][info][gc,phases      ] GC(1307)   Other: 0.06ms
[7249.185s][info][gc,heap        ] GC(1307) Eden regions: 570->0(571)
[7249.185s][info][gc,heap        ] GC(1307) Survivor regions: 44->43(77)
[7249.185s][info][gc,heap        ] GC(1307) Old regions: 179->186
[7249.185s][info][gc,heap        ] GC(1307) Humongous regions: 33->33
[7249.185s][info][gc,metaspace   ] GC(1307) Metaspace: 30009K(30528K)->30009K(30528K) NonClass: 26611K(26880K)->26611K(26880K) Class: 3397K(3648K)->3397K(3648K)
[7249.185s][info][gc             ] GC(1307) Pause Young (Normal) (G1 Evacuation Pause) 6590M->2078M(8192M) 152.654ms
[7249.186s][info][gc,cpu         ] GC(1307) User=1.21s Sys=0.00s Real=0.15s
...[7252.063s][info][gc,start       ] GC(1308) Pause Young (Normal) (G1 Evacuation Pause)
[7252.063s][info][gc,task        ] GC(1308) Using 8 workers of 8 for evacuation
[7252.226s][info][gc,phases      ] GC(1308)   Pre Evacuate Collection Set: 0.21ms
[7252.226s][info][gc,phases      ] GC(1308)   Merge Heap Roots: 0.54ms
[7252.226s][info][gc,phases      ] GC(1308)   Evacuate Collection Set: 160.83ms
[7252.226s][info][gc,phases      ] GC(1308)   Post Evacuate Collection Set: 1.05ms
[7252.226s][info][gc,phases      ] GC(1308)   Other: 0.06ms
[7252.226s][info][gc,heap        ] GC(1308) Eden regions: 571->0(568)
[7252.226s][info][gc,heap        ] GC(1308) Survivor regions: 43->46(77)
[7252.226s][info][gc,heap        ] GC(1308) Old regions: 186->193
[7252.226s][info][gc,heap        ] GC(1308) Humongous regions: 33->33
[7252.226s][info][gc,metaspace   ] GC(1308) Metaspace: 30009K(30528K)->30009K(30528K) NonClass: 26611K(26880K)->26611K(26880K) Class: 3397K(3648K)->3397K(3648K)
[7252.226s][info][gc             ] GC(1308) Pause Young (Normal) (G1 Evacuation Pause) 6646M->2158M(8192M) 162.820ms
[7252.226s][info][gc,cpu         ] GC(1308) User=1.29s Sys=0.00s Real=0.16s
.. (rIR:aIR:PR = 12592:12592:12551) (tPR = 186334) [OK] 
  7254s: Performance info:
         Transaction,    Success,    Partial,     Failed,   Receipts, AvgBarcode, 
             Overall,     754950,          0,          0,     717102,      59.47, 
         Response times:
             Request,    Success,    Partial,     Failed,   SkipFail,     Probes,    Samples,      min,      p50,      p90,      p95,      p99,      max, 
       TotalPurchase,     719499,          0,          0,          0,     327115,     424011,      300,    72000,   237000,   319000,   448000,  5700000,
     InStorePurchase,     378798,          0,          0,          0,     170107,     222567,      300,    72000,   237000,   328000,   452000,  5700000,
      OnlinePurchase,     265445,          0,          0,          0,     120368,     155747,      300,    73000,   236000,   313000,   441000,  5700000,
        InstPurchase,      75256,          0,          0,          0,      36640,      45697,      500,    71000,   235000,   309000,   437020,  5000000,
          AssocOfCat,        761,          0,          0,          0,        632,        894,    35000,   142000,   300000,   373000,   537500,   720000,
      AssocOfProduct,       7464,          0,          0,          0,       3608,       4685,      800,    74000,   237000,   309000,   446280,  2500000,
      BusinessReport,       1887,          0,          0,          0,       1528,       2103,    38000,   146000,   299600,   361000,   475920,   830000,
          CustBuyBeh,       7459,          0,          0,          0,       3517,       4548,      300,    72000,   235100,   326100,   482000,  5700000,
       ProductReturn,      20325,          0,          0,          0,       9681,      12154,      200,    71000,   233000,   317000,   463000,  5200000,

  7254s: (92%)   IR =  12730 [7255.049s][info][gc,start       ] GC(1309) Pause Young (Normal) (G1 Evacuation Pause)
[7255.050s][info][gc,task        ] GC(1309) Using 8 workers of 8 for evacuation
[7255.202s][info][gc,phases      ] GC(1309)   Pre Evacuate Collection Set: 0.25ms
[7255.202s][info][gc,phases      ] GC(1309)   Merge Heap Roots: 0.63ms
[7255.202s][info][gc,phases      ] GC(1309)   Evacuate Collection Set: 149.61ms
[7255.202s][info][gc,phases      ] GC(1309)   Post Evacuate Collection Set: 1.06ms
[7255.202s][info][gc,phases      ] GC(1309)   Other: 0.83ms
[7255.202s][info][gc,heap        ] GC(1309) Eden regions: 568->0(571)
[7255.202s][info][gc,heap        ] GC(1309) Survivor regions: 46->43(77)
[7255.202s][info][gc,heap        ] GC(1309) Old regions: 193->200
[7255.202s][info][gc,heap        ] GC(1309) Humongous regions: 33->33
[7255.202s][info][gc,metaspace   ] GC(1309) Metaspace: 30009K(30528K)->30009K(30528K) NonClass: 26611K(26880K)->26611K(26880K) Class: 3397K(3648K)->3397K(3648K)
[7255.202s][info][gc             ] GC(1309) Pause Young (Normal) (G1 Evacuation Pause) 6702M->2191M(8192M) 152.501ms
[7255.202s][info][gc,cpu         ] GC(1309) User=1.20s Sys=0.00s Real=0.16s
...[7258.126s][info][gc,start       ] GC(1310) Pause Young (Normal) (G1 Evacuation Pause)
[7258.126s][info][gc,task        ] GC(1310) Using 8 workers of 8 for evacuation
[7258.285s][info][gc,phases      ] GC(1310)   Pre Evacuate Collection Set: 0.24ms
[7258.285s][info][gc,phases      ] GC(1310)   Merge Heap Roots: 0.60ms
[7258.285s][info][gc,phases      ] GC(1310)   Evacuate Collection Set: 157.37ms
[7258.285s][info][gc,phases      ] GC(1310)   Post Evacuate Collection Set: 1.15ms
[7258.285s][info][gc,phases      ] GC(1310)   Other: 0.06ms
[7258.285s][info][gc,heap        ] GC(1310) Eden regions: 571->0(570)
[7258.285s][info][gc,heap        ] GC(1310) Survivor regions: 43->44(77)
[7258.285s][info][gc,heap        ] GC(1310) Old regions: 200->207
[7258.285s][info][gc,heap        ] GC(1310) Humongous regions: 33->33
[7258.285s][info][gc,metaspace   ] GC(1310) Metaspace: 30009K(30528K)->30009K(30528K) NonClass: 26611K(26880K)->26611K(26880K) Class: 3397K(3648K)->3397K(3648K)
[7258.285s][info][gc             ] GC(1310) Pause Young (Normal) (G1 Evacuation Pause) 6759M->2258M(8192M) 159.567ms
[7258.285s][info][gc,cpu         ] GC(1310) User=1.27s Sys=0.00s Real=0.16s
...[7261.089s][info][gc,start       ] GC(1311) Pause Young (Normal) (G1 Evacuation Pause)
[7261.089s][info][gc,task        ] GC(1311) Using 8 workers of 8 for evacuation
[7261.246s][info][gc,phases      ] GC(1311)   Pre Evacuate Collection Set: 0.21ms
[7261.246s][info][gc,phases      ] GC(1311)   Merge Heap Roots: 0.55ms
[7261.246s][info][gc,phases      ] GC(1311)   Evacuate Collection Set: 155.33ms
[7261.246s][info][gc,phases      ] GC(1311)   Post Evacuate Collection Set: 1.04ms
[7261.246s][info][gc,phases      ] GC(1311)   Other: 0.06ms
[7261.246s][info][gc,heap        ] GC(1311) Eden regions: 570->0(571)
[7261.246s][info][gc,heap        ] GC(1311) Survivor regions: 44->43(77)
[7261.246s][info][gc,heap        ] GC(1311) Old regions: 207->215
[7261.246s][info][gc,heap        ] GC(1311) Humongous regions: 33->33
[7261.246s][info][gc,metaspace   ] GC(1311) Metaspace: 30009K(30528K)->30009K(30528K) NonClass: 26611K(26880K)->26611K(26880K) Class: 3397K(3648K)->3397K(3648K)
[7261.246s][info][gc             ] GC(1311) Pause Young (Normal) (G1 Evacuation Pause) 6818M->2310M(8192M) 157.328ms
[7261.246s][info][gc,cpu         ] GC(1311) User=1.25s Sys=0.00s Real=0.16s
...[7264.048s][info][gc,start       ] GC(1312) Pause Young (Normal) (G1 Evacuation Pause)
[7264.048s][info][gc,task        ] GC(1312) Using 8 workers of 8 for evacuation
[7264.203s][info][gc,phases      ] GC(1312)   Pre Evacuate Collection Set: 0.22ms
[7264.203s][info][gc,phases      ] GC(1312)   Merge Heap Roots: 0.57ms
[7264.203s][info][gc,phases      ] GC(1312)   Evacuate Collection Set: 153.17ms
[7264.203s][info][gc,phases      ] GC(1312)   Post Evacuate Collection Set: 1.06ms
[7264.204s][info][gc,phases      ] GC(1312)   Other: 0.08ms
[7264.204s][info][gc,heap        ] GC(1312) Eden regions: 571->0(571)
[7264.204s][info][gc,heap        ] GC(1312) Survivor regions: 43->43(77)
[7264.204s][info][gc,heap        ] GC(1312) Old regions: 215->221
[7264.204s][info][gc,heap        ] GC(1312) Humongous regions: 33->33
[7264.204s][info][gc,metaspace   ] GC(1312) Metaspace: 30009K(30528K)->30009K(30528K) NonClass: 26611K(26880K)->26611K(26880K) Class: 3397K(3648K)->3397K(3648K)
[7264.204s][info][gc             ] GC(1312) Pause Young (Normal) (G1 Evacuation Pause) 6878M->2363M(8192M) 155.223ms
[7264.204s][info][gc,cpu         ] GC(1312) User=1.23s Sys=0.00s Real=0.16s
...[7267.175s][info][gc,start       ] GC(1313) Pause Young (Normal) (G1 Evacuation Pause)
[7267.175s][info][gc,task        ] GC(1313) Using 8 workers of 8 for evacuation
[7267.329s][info][gc,phases      ] GC(1313)   Pre Evacuate Collection Set: 0.25ms
[7267.329s][info][gc,phases      ] GC(1313)   Merge Heap Roots: 0.60ms
[7267.329s][info][gc,phases      ] GC(1313)   Evacuate Collection Set: 152.58ms
[7267.329s][info][gc,phases      ] GC(1313)   Post Evacuate Collection Set: 1.04ms
[7267.329s][info][gc,phases      ] GC(1313)   Other: 0.06ms
[7267.329s][info][gc,heap        ] GC(1313) Eden regions: 571->0(570)
[7267.329s][info][gc,heap        ] GC(1313) Survivor regions: 43->44(77)
[7267.329s][info][gc,heap        ] GC(1313) Old regions: 221->229
[7267.329s][info][gc,heap        ] GC(1313) Humongous regions: 33->33
[7267.329s][info][gc,metaspace   ] GC(1313) Metaspace: 30009K(30528K)->30009K(30528K) NonClass: 26611K(26880K)->26611K(26880K) Class: 3397K(3648K)->3397K(3648K)
[7267.329s][info][gc             ] GC(1313) Pause Young (Normal) (G1 Evacuation Pause) 6931M->2425M(8192M) 154.661ms
[7267.329s][info][gc,cpu         ] GC(1313) User=1.23s Sys=0.00s Real=0.15s
..|.[7270.313s][info][gc,start       ] GC(1314) Pause Young (Normal) (G1 Evacuation Pause)
[7270.313s][info][gc,task        ] GC(1314) Using 8 workers of 8 for evacuation
[7270.468s][info][gc,phases      ] GC(1314)   Pre Evacuate Collection Set: 0.26ms
[7270.468s][info][gc,phases      ] GC(1314)   Merge Heap Roots: 0.73ms
[7270.468s][info][gc,phases      ] GC(1314)   Evacuate Collection Set: 152.49ms
[7270.468s][info][gc,phases      ] GC(1314)   Post Evacuate Collection Set: 1.05ms
[7270.468s][info][gc,phases      ] GC(1314)   Other: 0.85ms
[7270.468s][info][gc,heap        ] GC(1314) Eden regions: 570->0(570)
[7270.468s][info][gc,heap        ] GC(1314) Survivor regions: 44->44(77)
[7270.468s][info][gc,heap        ] GC(1314) Old regions: 229->236
[7270.468s][info][gc,heap        ] GC(1314) Humongous regions: 33->33
[7270.468s][info][gc,metaspace   ] GC(1314) Metaspace: 30009K(30528K)->30009K(30528K) NonClass: 26611K(26880K)->26611K(26880K) Class: 3397K(3648K)->3397K(3648K)
[7270.468s][info][gc             ] GC(1314) Pause Young (Normal) (G1 Evacuation Pause) 6985M->2483M(8192M) 155.513ms
[7270.468s][info][gc,cpu         ] GC(1314) User=1.22s Sys=0.00s Real=0.15s
...[7273.407s][info][gc,start       ] GC(1315) Pause Young (Normal) (G1 Evacuation Pause)
[7273.407s][info][gc,task        ] GC(1315) Using 8 workers of 8 for evacuation
[7273.562s][info][gc,phases      ] GC(1315)   Pre Evacuate Collection Set: 0.23ms
[7273.562s][info][gc,phases      ] GC(1315)   Merge Heap Roots: 0.60ms
[7273.562s][info][gc,phases      ] GC(1315)   Evacuate Collection Set: 152.73ms
[7273.562s][info][gc,phases      ] GC(1315)   Post Evacuate Collection Set: 1.06ms
[7273.562s][info][gc,phases      ] GC(1315)   Other: 0.06ms
[7273.562s][info][gc,heap        ] GC(1315) Eden regions: 570->0(571)
[7273.562s][info][gc,heap        ] GC(1315) Survivor regions: 44->43(77)
[7273.562s][info][gc,heap        ] GC(1315) Old regions: 236->243
[7273.562s][info][gc,heap        ] GC(1315) Humongous regions: 33->33
[7273.562s][info][gc,metaspace   ] GC(1315) Metaspace: 30009K(30528K)->30009K(30528K) NonClass: 26611K(26880K)->26611K(26880K) Class: 3397K(3648K)->3397K(3648K)
[7273.562s][info][gc             ] GC(1315) Pause Young (Normal) (G1 Evacuation Pause) 7043M->2535M(8192M) 154.812ms
[7273.562s][info][gc,cpu         ] GC(1315) User=1.23s Sys=0.00s Real=0.16s
...[7276.414s][info][gc,start       ] GC(1316) Pause Young (Normal) (G1 Evacuation Pause)
[7276.414s][info][gc,task        ] GC(1316) Using 8 workers of 8 for evacuation
[7276.569s][info][gc,phases      ] GC(1316)   Pre Evacuate Collection Set: 0.22ms
[7276.569s][info][gc,phases      ] GC(1316)   Merge Heap Roots: 0.56ms
[7276.569s][info][gc,phases      ] GC(1316)   Evacuate Collection Set: 153.87ms
[7276.569s][info][gc,phases      ] GC(1316)   Post Evacuate Collection Set: 1.08ms
[7276.569s][info][gc,phases      ] GC(1316)   Other: 0.06ms
[7276.569s][info][gc,heap        ] GC(1316) Eden regions: 571->0(570)
[7276.569s][info][gc,heap        ] GC(1316) Survivor regions: 43->44(77)
[7276.569s][info][gc,heap        ] GC(1316) Old regions: 243->250
[7276.569s][info][gc,heap        ] GC(1316) Humongous regions: 33->33
[7276.569s][info][gc,metaspace   ] GC(1316) Metaspace: 30009K(30528K)->30009K(30528K) NonClass: 26611K(26880K)->26611K(26880K) Class: 3397K(3648K)->3397K(3648K)
[7276.569s][info][gc             ] GC(1316) Pause Young (Normal) (G1 Evacuation Pause) 7103M->2597M(8192M) 155.929ms
[7276.569s][info][gc,cpu         ] GC(1316) User=1.23s Sys=0.00s Real=0.15s
...[7279.434s][info][gc,start       ] GC(1317) Pause Young (Normal) (G1 Evacuation Pause)
[7279.434s][info][gc,task        ] GC(1317) Using 8 workers of 8 for evacuation
[7279.583s][info][gc,phases      ] GC(1317)   Pre Evacuate Collection Set: 0.24ms
[7279.583s][info][gc,phases      ] GC(1317)   Merge Heap Roots: 0.56ms
[7279.583s][info][gc,phases      ] GC(1317)   Evacuate Collection Set: 147.36ms
[7279.583s][info][gc,phases      ] GC(1317)   Post Evacuate Collection Set: 1.06ms
[7279.583s][info][gc,phases      ] GC(1317)   Other: 0.06ms
[7279.583s][info][gc,heap        ] GC(1317) Eden regions: 570->0(571)
[7279.583s][info][gc,heap        ] GC(1317) Survivor regions: 44->43(77)
[7279.583s][info][gc,heap        ] GC(1317) Old regions: 250->257
[7279.583s][info][gc,heap        ] GC(1317) Humongous regions: 33->33
[7279.583s][info][gc,metaspace   ] GC(1317) Metaspace: 30009K(30528K)->30009K(30528K) NonClass: 26611K(26880K)->26611K(26880K) Class: 3397K(3648K)->3397K(3648K)
[7279.583s][info][gc             ] GC(1317) Pause Young (Normal) (G1 Evacuation Pause) 7157M->2645M(8192M) 149.407ms
[7279.583s][info][gc,cpu         ] GC(1317) User=1.18s Sys=0.00s Real=0.15s
...[7282.523s][info][gc,start       ] GC(1318) Pause Young (Normal) (G1 Evacuation Pause)
[7282.523s][info][gc,task        ] GC(1318) Using 8 workers of 8 for evacuation
[7282.673s][info][gc,phases      ] GC(1318)   Pre Evacuate Collection Set: 0.22ms
[7282.673s][info][gc,phases      ] GC(1318)   Merge Heap Roots: 0.55ms
[7282.673s][info][gc,phases      ] GC(1318)   Evacuate Collection Set: 148.04ms
[7282.673s][info][gc,phases      ] GC(1318)   Post Evacuate Collection Set: 1.06ms
[7282.673s][info][gc,phases      ] GC(1318)   Other: 0.06ms
[7282.673s][info][gc,heap        ] GC(1318) Eden regions: 571->0(571)
[7282.673s][info][gc,heap        ] GC(1318) Survivor regions: 43->43(77)
[7282.673s][info][gc,heap        ] GC(1318) Old regions: 257->264
[7282.673s][info][gc,heap        ] GC(1318) Humongous regions: 33->33
[7282.673s][info][gc,metaspace   ] GC(1318) Metaspace: 30009K(30528K)->30009K(30528K) NonClass: 26611K(26880K)->26611K(26880K) Class: 3397K(3648K)->3397K(3648K)
[7282.673s][info][gc             ] GC(1318) Pause Young (Normal) (G1 Evacuation Pause) 7213M->2702M(8192M) 150.054ms
[7282.673s][info][gc,cpu         ] GC(1318) User=1.19s Sys=0.00s Real=0.15s
...[7285.590s][info][gc,start       ] GC(1319) Pause Young (Normal) (G1 Evacuation Pause)
[7285.590s][info][gc,task        ] GC(1319) Using 8 workers of 8 for evacuation
[7285.744s][info][gc,phases      ] GC(1319)   Pre Evacuate Collection Set: 0.25ms
[7285.744s][info][gc,phases      ] GC(1319)   Merge Heap Roots: 0.55ms
[7285.744s][info][gc,phases      ] GC(1319)   Evacuate Collection Set: 151.65ms
[7285.744s][info][gc,phases      ] GC(1319)   Post Evacuate Collection Set: 1.06ms
[7285.744s][info][gc,phases      ] GC(1319)   Other: 0.06ms
[7285.744s][info][gc,heap        ] GC(1319) Eden regions: 571->0(571)
[7285.744s][info][gc,heap        ] GC(1319) Survivor regions: 43->43(77)
[7285.744s][info][gc,heap        ] GC(1319) Old regions: 264->271
[7285.744s][info][gc,heap        ] GC(1319) Humongous regions: 33->33
[7285.744s][info][gc,metaspace   ] GC(1319) Metaspace: 30009K(30528K)->30009K(30528K) NonClass: 26611K(26880K)->26611K(26880K) Class: 3397K(3648K)->3397K(3648K)
[7285.744s][info][gc             ] GC(1319) Pause Young (Normal) (G1 Evacuation Pause) 7270M->2763M(8192M) 153.708ms
[7285.744s][info][gc,cpu         ] GC(1319) User=1.21s Sys=0.00s Real=0.16s
...[7288.618s][info][gc,start       ] GC(1320) Pause Young (Normal) (G1 Evacuation Pause)
[7288.618s][info][gc,task        ] GC(1320) Using 8 workers of 8 for evacuation
[7288.772s][info][gc,phases      ] GC(1320)   Pre Evacuate Collection Set: 0.23ms
[7288.772s][info][gc,phases      ] GC(1320)   Merge Heap Roots: 0.62ms
[7288.772s][info][gc,phases      ] GC(1320)   Evacuate Collection Set: 151.72ms
[7288.772s][info][gc,phases      ] GC(1320)   Post Evacuate Collection Set: 1.05ms
[7288.772s][info][gc,phases      ] GC(1320)   Other: 0.06ms
[7288.772s][info][gc,heap        ] GC(1320) Eden regions: 571->0(571)
[7288.772s][info][gc,heap        ] GC(1320) Survivor regions: 43->43(77)
[7288.772s][info][gc,heap        ] GC(1320) Old regions: 271->279
[7288.772s][info][gc,heap        ] GC(1320) Humongous regions: 33->33
[7288.772s][info][gc,metaspace   ] GC(1320) Metaspace: 30009K(30528K)->30009K(30528K) NonClass: 26611K(26880K)->26611K(26880K) Class: 3397K(3648K)->3397K(3648K)
[7288.772s][info][gc             ] GC(1320) Pause Young (Normal) (G1 Evacuation Pause) 7331M->2821M(8192M) 153.808ms
[7288.772s][info][gc,cpu         ] GC(1320) User=1.22s Sys=0.00s Real=0.16s
...[7291.632s][info][gc,start       ] GC(1321) Pause Young (Normal) (G1 Evacuation Pause)
[7291.632s][info][gc,task        ] GC(1321) Using 8 workers of 8 for evacuation
[7291.790s][info][gc,phases      ] GC(1321)   Pre Evacuate Collection Set: 0.22ms
[7291.790s][info][gc,phases      ] GC(1321)   Merge Heap Roots: 0.58ms
[7291.790s][info][gc,phases      ] GC(1321)   Evacuate Collection Set: 155.83ms
[7291.790s][info][gc,phases      ] GC(1321)   Post Evacuate Collection Set: 1.05ms
[7291.790s][info][gc,phases      ] GC(1321)   Other: 0.06ms
[7291.790s][info][gc,heap        ] GC(1321) Eden regions: 571->0(565)
[7291.790s][info][gc,heap        ] GC(1321) Survivor regions: 43->44(77)
[7291.790s][info][gc,heap        ] GC(1321) Old regions: 279->286
[7291.790s][info][gc,heap        ] GC(1321) Humongous regions: 33->33
[7291.790s][info][gc,metaspace   ] GC(1321) Metaspace: 30009K(30528K)->30009K(30528K) NonClass: 26611K(26880K)->26611K(26880K) Class: 3397K(3648K)->3397K(3648K)
[7291.790s][info][gc             ] GC(1321) Pause Young (Normal) (G1 Evacuation Pause) 7389M->2882M(8192M) 157.889ms
[7291.790s][info][gc,cpu         ] GC(1321) User=1.25s Sys=0.00s Real=0.15s
...[7294.586s][info][gc,start       ] GC(1322) Pause Young (Normal) (G1 Evacuation Pause)
[7294.586s][info][gc,task        ] GC(1322) Using 8 workers of 8 for evacuation
[7294.743s][info][gc,phases      ] GC(1322)   Pre Evacuate Collection Set: 0.21ms
[7294.743s][info][gc,phases      ] GC(1322)   Merge Heap Roots: 0.54ms
[7294.743s][info][gc,phases      ] GC(1322)   Evacuate Collection Set: 154.99ms
[7294.743s][info][gc,phases      ] GC(1322)   Post Evacuate Collection Set: 1.04ms
[7294.743s][info][gc,phases      ] GC(1322)   Other: 0.06ms
[7294.743s][info][gc,heap        ] GC(1322) Eden regions: 565->0(556)
[7294.743s][info][gc,heap        ] GC(1322) Survivor regions: 44->45(77)
[7294.743s][info][gc,heap        ] GC(1322) Old regions: 286->293
[7294.743s][info][gc,heap        ] GC(1322) Humongous regions: 33->33
[7294.743s][info][gc,metaspace   ] GC(1322) Metaspace: 30009K(30528K)->30009K(30528K) NonClass: 26611K(26880K)->26611K(26880K) Class: 3397K(3648K)->3397K(3648K)
[7294.743s][info][gc             ] GC(1322) Pause Young (Normal) (G1 Evacuation Pause) 7402M->2949M(8192M) 156.968ms
[7294.743s][info][gc,cpu         ] GC(1322) User=1.25s Sys=0.00s Real=0.16s
...[7297.518s][info][gc,start       ] GC(1323) Pause Young (Normal) (G1 Evacuation Pause)
[7297.518s][info][gc,task        ] GC(1323) Using 8 workers of 8 for evacuation
[7297.671s][info][gc,phases      ] GC(1323)   Pre Evacuate Collection Set: 0.23ms
[7297.671s][info][gc,phases      ] GC(1323)   Merge Heap Roots: 0.56ms
[7297.671s][info][gc,phases      ] GC(1323)   Evacuate Collection Set: 151.73ms
[7297.671s][info][gc,phases      ] GC(1323)   Post Evacuate Collection Set: 1.04ms
[7297.671s][info][gc,phases      ] GC(1323)   Other: 0.06ms
[7297.671s][info][gc,heap        ] GC(1323) Eden regions: 556->0(553)
[7297.671s][info][gc,heap        ] GC(1323) Survivor regions: 45->43(76)
[7297.671s][info][gc,heap        ] GC(1323) Old regions: 293->300
[7297.671s][info][gc,heap        ] GC(1323) Humongous regions: 33->33
[7297.671s][info][gc,metaspace   ] GC(1323) Metaspace: 30009K(30528K)->30009K(30528K) NonClass: 26611K(26880K)->26611K(26880K) Class: 3397K(3648K)->3397K(3648K)
[7297.671s][info][gc             ] GC(1323) Pause Young (Normal) (G1 Evacuation Pause) 7397M->2995M(8192M) 153.742ms
[7297.671s][info][gc,cpu         ] GC(1323) User=1.22s Sys=0.00s Real=0.16s
...[7300.422s][info][gc,start       ] GC(1324) Pause Young (Normal) (G1 Evacuation Pause)
[7300.422s][info][gc,task        ] GC(1324) Using 8 workers of 8 for evacuation
[7300.572s][info][gc,phases      ] GC(1324)   Pre Evacuate Collection Set: 0.23ms
[7300.572s][info][gc,phases      ] GC(1324)   Merge Heap Roots: 0.53ms
[7300.572s][info][gc,phases      ] GC(1324)   Evacuate Collection Set: 147.70ms
[7300.572s][info][gc,phases      ] GC(1324)   Post Evacuate Collection Set: 1.07ms
[7300.572s][info][gc,phases      ] GC(1324)   Other: 0.06ms
[7300.572s][info][gc,heap        ] GC(1324) Eden regions: 553->0(545)
[7300.572s][info][gc,heap        ] GC(1324) Survivor regions: 43->43(75)
[7300.572s][info][gc,heap        ] GC(1324) Old regions: 300->308
[7300.572s][info][gc,heap        ] GC(1324) Humongous regions: 33->33
[7300.572s][info][gc,metaspace   ] GC(1324) Metaspace: 30009K(30528K)->30009K(30528K) NonClass: 26611K(26880K)->26611K(26880K) Class: 3397K(3648K)->3397K(3648K)
[7300.572s][info][gc             ] GC(1324) Pause Young (Normal) (G1 Evacuation Pause) 7419M->3054M(8192M) 149.737ms
[7300.572s][info][gc,cpu         ] GC(1324) User=1.18s Sys=0.00s Real=0.15s
...[7303.264s][info][gc,start       ] GC(1325) Pause Young (Concurrent Start) (G1 Evacuation Pause)
[7303.264s][info][gc,task        ] GC(1325) Using 8 workers of 8 for evacuation
[7303.423s][info][gc,phases      ] GC(1325)   Pre Evacuate Collection Set: 0.27ms
[7303.423s][info][gc,phases      ] GC(1325)   Merge Heap Roots: 0.57ms
[7303.423s][info][gc,phases      ] GC(1325)   Evacuate Collection Set: 156.75ms
[7303.423s][info][gc,phases      ] GC(1325)   Post Evacuate Collection Set: 1.01ms
[7303.423s][info][gc,phases      ] GC(1325)   Other: 0.07ms
[7303.423s][info][gc,heap        ] GC(1325) Eden regions: 545->0(532)
[7303.423s][info][gc,heap        ] GC(1325) Survivor regions: 43->46(74)
[7303.423s][info][gc,heap        ] GC(1325) Old regions: 308->315
[7303.423s][info][gc,heap        ] GC(1325) Humongous regions: 33->33
[7303.423s][info][gc,metaspace   ] GC(1325) Metaspace: 30009K(30528K)->30009K(30528K) NonClass: 26611K(26880K)->26611K(26880K) Class: 3397K(3648K)->3397K(3648K)
[7303.423s][info][gc             ] GC(1325) Pause Young (Concurrent Start) (G1 Evacuation Pause) 7414M->3134M(8192M) 158.809ms
[7303.423s][info][gc             ] GC(1326) Concurrent Mark Cycle
[7303.423s][info][gc,marking     ] GC(1326) Concurrent Scan Root Regions
[7303.423s][info][gc,cpu         ] GC(1325) User=1.25s Sys=0.00s Real=0.16s
[7303.770s][info][gc,marking     ] GC(1326) Concurrent Scan Root Regions 347.462ms
[7303.770s][info][gc,marking     ] GC(1326) Concurrent Mark
[7303.770s][info][gc,marking     ] GC(1326) Concurrent Mark From Roots
[7303.770s][info][gc,task        ] GC(1326) Using 2 workers of 2 for marking
..[7304.947s][info][gc,marking     ] GC(1326) Concurrent Mark From Roots 1177.188ms
[7304.948s][info][gc,marking     ] GC(1326) Concurrent Preclean
[7304.948s][info][gc,marking     ] GC(1326) Concurrent Preclean 0.151ms
[7304.948s][info][gc,start       ] GC(1326) Pause Remark
[7304.951s][info][gc             ] GC(1326) Pause Remark 4946M->4410M(8192M) 3.043ms
[7304.951s][info][gc,cpu         ] GC(1326) User=0.02s Sys=0.00s Real=0.01s
[7304.951s][info][gc,marking     ] GC(1326) Concurrent Mark 1180.714ms
[7304.951s][info][gc,marking     ] GC(1326) Concurrent Rebuild Remembered Sets and Scrub Regions
[7305.689s][info][gc,marking     ] GC(1326) Concurrent Rebuild Remembered Sets and Scrub Regions 737.825ms
[7305.689s][info][gc,start       ] GC(1326) Pause Cleanup
[7305.689s][info][gc             ] GC(1326) Pause Cleanup 5323M->5323M(8192M) 0.255ms
[7305.689s][info][gc,cpu         ] GC(1326) User=0.00s Sys=0.00s Real=0.00s
[7305.689s][info][gc,marking     ] GC(1326) Concurrent Clear Claimed Marks
[7305.689s][info][gc,marking     ] GC(1326) Concurrent Clear Claimed Marks 0.048ms
[7305.689s][info][gc,marking     ] GC(1326) Concurrent Cleanup for Next Mark
[7305.701s][info][gc,marking     ] GC(1326) Concurrent Cleanup for Next Mark 11.445ms
[7305.701s][info][gc             ] GC(1326) Concurrent Mark Cycle 2278.155ms
.[7306.636s][info][gc,start       ] GC(1327) Pause Young (Prepare Mixed) (G1 Evacuation Pause)
[7306.636s][info][gc,task        ] GC(1327) Using 8 workers of 8 for evacuation
[7306.789s][info][gc,phases      ] GC(1327)   Pre Evacuate Collection Set: 0.24ms
[7306.789s][info][gc,phases      ] GC(1327)   Merge Heap Roots: 0.78ms
[7306.789s][info][gc,phases      ] GC(1327)   Evacuate Collection Set: 150.82ms
[7306.789s][info][gc,phases      ] GC(1327)   Post Evacuate Collection Set: 1.11ms
[7306.789s][info][gc,phases      ] GC(1327)   Other: 0.07ms
[7306.789s][info][gc,heap        ] GC(1327) Eden regions: 532->0(571)
[7306.789s][info][gc,heap        ] GC(1327) Survivor regions: 46->43(73)
[7306.789s][info][gc,heap        ] GC(1327) Old regions: 248->256
[7306.789s][info][gc,heap        ] GC(1327) Humongous regions: 33->33
[7306.789s][info][gc,metaspace   ] GC(1327) Metaspace: 30009K(30528K)->30009K(30528K) NonClass: 26611K(26880K)->26611K(26880K) Class: 3397K(3648K)->3397K(3648K)
[7306.789s][info][gc             ] GC(1327) Pause Young (Prepare Mixed) (G1 Evacuation Pause) 6854M->2637M(8192M) 153.150ms
[7306.789s][info][gc,cpu         ] GC(1327) User=1.21s Sys=0.00s Real=0.15s
...[7309.643s][info][gc,start       ] GC(1328) Pause Young (Mixed) (G1 Evacuation Pause)
[7309.644s][info][gc,task        ] GC(1328) Using 8 workers of 8 for evacuation
[7309.805s][info][gc,phases      ] GC(1328)   Pre Evacuate Collection Set: 0.25ms
[7309.805s][info][gc,phases      ] GC(1328)   Merge Heap Roots: 0.77ms
[7309.805s][info][gc,phases      ] GC(1328)   Evacuate Collection Set: 159.31ms
[7309.805s][info][gc,phases      ] GC(1328)   Post Evacuate Collection Set: 1.30ms
[7309.805s][info][gc,phases      ] GC(1328)   Other: 0.07ms
[7309.805s][info][gc,heap        ] GC(1328) Eden regions: 571->0(570)
[7309.805s][info][gc,heap        ] GC(1328) Survivor regions: 43->44(77)
[7309.805s][info][gc,heap        ] GC(1328) Old regions: 256->161
[7309.805s][info][gc,heap        ] GC(1328) Humongous regions: 33->33
[7309.805s][info][gc,metaspace   ] GC(1328) Metaspace: 30009K(30528K)->30009K(30528K) NonClass: 26611K(26880K)->26611K(26880K) Class: 3397K(3648K)->3397K(3648K)
[7309.805s][info][gc             ] GC(1328) Pause Young (Mixed) (G1 Evacuation Pause) 7205M->1885M(8192M) 161.832ms
[7309.805s][info][gc,cpu         ] GC(1328) User=1.28s Sys=0.00s Real=0.16s
...[7312.652s][info][gc,start       ] GC(1329) Pause Young (Mixed) (G1 Evacuation Pause)
[7312.652s][info][gc,task        ] GC(1329) Using 8 workers of 8 for evacuation
[7312.816s][info][gc,phases      ] GC(1329)   Pre Evacuate Collection Set: 0.26ms
[7312.816s][info][gc,phases      ] GC(1329)   Merge Heap Roots: 0.92ms
[7312.816s][info][gc,phases      ] GC(1329)   Evacuate Collection Set: 161.84ms
[7312.816s][info][gc,phases      ] GC(1329)   Post Evacuate Collection Set: 1.12ms
[7312.816s][info][gc,phases      ] GC(1329)   Other: 0.07ms
[7312.816s][info][gc,heap        ] GC(1329) Eden regions: 570->0(571)
[7312.816s][info][gc,heap        ] GC(1329) Survivor regions: 44->43(77)
[7312.816s][info][gc,heap        ] GC(1329) Old regions: 161->143
[7312.816s][info][gc,heap        ] GC(1329) Humongous regions: 33->33
[7312.816s][info][gc,metaspace   ] GC(1329) Metaspace: 30009K(30528K)->30009K(30528K) NonClass: 26611K(26880K)->26611K(26880K) Class: 3397K(3648K)->3397K(3648K)
[7312.816s][info][gc             ] GC(1329) Pause Young (Mixed) (G1 Evacuation Pause) 6445M->1729M(8192M) 164.335ms
[7312.816s][info][gc,cpu         ] GC(1329) User=1.30s Sys=0.00s Real=0.16s
...[7315.698s][info][gc,start       ] GC(1330) Pause Young (Normal) (G1 Evacuation Pause)
[7315.698s][info][gc,task        ] GC(1330) Using 8 workers of 8 for evacuation
[7315.857s][info][gc,phases      ] GC(1330)   Pre Evacuate Collection Set: 0.22ms
[7315.858s][info][gc,phases      ] GC(1330)   Merge Heap Roots: 0.55ms
[7315.858s][info][gc,phases      ] GC(1330)   Evacuate Collection Set: 157.50ms
[7315.858s][info][gc,phases      ] GC(1330)   Post Evacuate Collection Set: 1.05ms
[7315.858s][info][gc,phases      ] GC(1330)   Other: 0.06ms
[7315.858s][info][gc,heap        ] GC(1330) Eden regions: 571->0(570)
[7315.858s][info][gc,heap        ] GC(1330) Survivor regions: 43->44(77)
[7315.858s][info][gc,heap        ] GC(1330) Old regions: 143->150
[7315.858s][info][gc,heap        ] GC(1330) Humongous regions: 33->33
[7315.858s][info][gc,metaspace   ] GC(1330) Metaspace: 30009K(30528K)->30009K(30528K) NonClass: 26611K(26880K)->26611K(26880K) Class: 3397K(3648K)->3397K(3648K)
[7315.858s][info][gc             ] GC(1330) Pause Young (Normal) (G1 Evacuation Pause) 6297M->1800M(8192M) 160.257ms
[7315.858s][info][gc,cpu         ] GC(1330) User=1.26s Sys=0.00s Real=0.16s
...[7318.645s][info][gc,start       ] GC(1331) Pause Young (Normal) (G1 Evacuation Pause)
[7318.645s][info][gc,task        ] GC(1331) Using 8 workers of 8 for evacuation
[7318.805s][info][gc,phases      ] GC(1331)   Pre Evacuate Collection Set: 0.23ms
[7318.805s][info][gc,phases      ] GC(1331)   Merge Heap Roots: 0.58ms
[7318.805s][info][gc,phases      ] GC(1331)   Evacuate Collection Set: 158.05ms
[7318.805s][info][gc,phases      ] GC(1331)   Post Evacuate Collection Set: 1.09ms
[7318.805s][info][gc,phases      ] GC(1331)   Other: 0.07ms
[7318.805s][info][gc,heap        ] GC(1331) Eden regions: 570->0(570)
[7318.805s][info][gc,heap        ] GC(1331) Survivor regions: 44->44(77)
[7318.805s][info][gc,heap        ] GC(1331) Old regions: 150->157
[7318.805s][info][gc,heap        ] GC(1331) Humongous regions: 33->33
[7318.805s][info][gc,metaspace   ] GC(1331) Metaspace: 30009K(30528K)->30009K(30528K) NonClass: 26611K(26880K)->26611K(26880K) Class: 3397K(3648K)->3397K(3648K)
[7318.805s][info][gc             ] GC(1331) Pause Young (Normal) (G1 Evacuation Pause) 6360M->1857M(8192M) 160.159ms
[7318.805s][info][gc,cpu         ] GC(1331) User=1.27s Sys=0.00s Real=0.16s
...[7321.586s][info][gc,start       ] GC(1332) Pause Young (Normal) (G1 Evacuation Pause)
[7321.586s][info][gc,task        ] GC(1332) Using 8 workers of 8 for evacuation
[7321.741s][info][gc,phases      ] GC(1332)   Pre Evacuate Collection Set: 0.23ms
[7321.741s][info][gc,phases      ] GC(1332)   Merge Heap Roots: 0.61ms
[7321.741s][info][gc,phases      ] GC(1332)   Evacuate Collection Set: 152.77ms
[7321.741s][info][gc,phases      ] GC(1332)   Post Evacuate Collection Set: 1.04ms
[7321.741s][info][gc,phases      ] GC(1332)   Other: 0.06ms
[7321.741s][info][gc,heap        ] GC(1332) Eden regions: 570->0(571)
[7321.741s][info][gc,heap        ] GC(1332) Survivor regions: 44->43(77)
[7321.741s][info][gc,heap        ] GC(1332) Old regions: 157->164
[7321.741s][info][gc,heap        ] GC(1332) Humongous regions: 33->33
[7321.741s][info][gc,metaspace   ] GC(1332) Metaspace: 30009K(30528K)->30009K(30528K) NonClass: 26611K(26880K)->26611K(26880K) Class: 3397K(3648K)->3397K(3648K)
[7321.741s][info][gc             ] GC(1332) Pause Young (Normal) (G1 Evacuation Pause) 6417M->1907M(8192M) 154.846ms
[7321.741s][info][gc,cpu         ] GC(1332) User=1.23s Sys=0.01s Real=0.16s
...[7324.521s][info][gc,start       ] GC(1333) Pause Young (Normal) (G1 Evacuation Pause)
[7324.521s][info][gc,task        ] GC(1333) Using 8 workers of 8 for evacuation
[7324.673s][info][gc,phases      ] GC(1333)   Pre Evacuate Collection Set: 0.22ms
[7324.673s][info][gc,phases      ] GC(1333)   Merge Heap Roots: 0.56ms
[7324.673s][info][gc,phases      ] GC(1333)   Evacuate Collection Set: 150.32ms
[7324.673s][info][gc,phases      ] GC(1333)   Post Evacuate Collection Set: 1.04ms
[7324.673s][info][gc,phases      ] GC(1333)   Other: 0.06ms
[7324.673s][info][gc,heap        ] GC(1333) Eden regions: 571->0(570)
[7324.673s][info][gc,heap        ] GC(1333) Survivor regions: 43->44(77)
[7324.673s][info][gc,heap        ] GC(1333) Old regions: 164->171
[7324.673s][info][gc,heap        ] GC(1333) Humongous regions: 33->33
[7324.673s][info][gc,metaspace   ] GC(1333) Metaspace: 30009K(30528K)->30009K(30528K) NonClass: 26611K(26880K)->26611K(26880K) Class: 3397K(3648K)->3397K(3648K)
[7324.673s][info][gc             ] GC(1333) Pause Young (Normal) (G1 Evacuation Pause) 6475M->1967M(8192M) 152.316ms
[7324.673s][info][gc,cpu         ] GC(1333) User=1.21s Sys=0.00s Real=0.15s
...[7327.716s][info][gc,start       ] GC(1334) Pause Young (Normal) (G1 Evacuation Pause)
[7327.716s][info][gc,task        ] GC(1334) Using 8 workers of 8 for evacuation
[7327.893s][info][gc,phases      ] GC(1334)   Pre Evacuate Collection Set: 0.23ms
[7327.893s][info][gc,phases      ] GC(1334)   Merge Heap Roots: 0.62ms
[7327.893s][info][gc,phases      ] GC(1334)   Evacuate Collection Set: 175.10ms
[7327.893s][info][gc,phases      ] GC(1334)   Post Evacuate Collection Set: 1.15ms
[7327.893s][info][gc,phases      ] GC(1334)   Other: 0.06ms
[7327.893s][info][gc,heap        ] GC(1334) Eden regions: 570->0(569)
[7327.893s][info][gc,heap        ] GC(1334) Survivor regions: 44->45(77)
[7327.893s][info][gc,heap        ] GC(1334) Old regions: 171->178
[7327.893s][info][gc,heap        ] GC(1334) Humongous regions: 33->33
[7327.893s][info][gc,metaspace   ] GC(1334) Metaspace: 30009K(30528K)->30009K(30528K) NonClass: 26611K(26880K)->26611K(26880K) Class: 3397K(3648K)->3397K(3648K)
[7327.893s][info][gc             ] GC(1334) Pause Young (Normal) (G1 Evacuation Pause) 6527M->2031M(8192M) 177.313ms
[7327.893s][info][gc,cpu         ] GC(1334) User=1.22s Sys=0.00s Real=0.18s
.. (rIR:aIR:PR = 12730:12672:12617) (tPR = 187748) [OK] 
  7328s: Performance info:
         Transaction,    Success,    Partial,     Failed,   Receipts, AvgBarcode, 
             Overall,     764156,          0,          0,     725496,      59.47, 
         Response times:
             Request,    Success,    Partial,     Failed,   SkipFail,     Probes,    Samples,      min,      p50,      p90,      p95,      p99,      max, 
       TotalPurchase,     728715,          0,          0,          0,     293964,     447675,      300,    79000,   516000,   610000,   830000, 11000000,
     InStorePurchase,     382332,          0,          0,          0,     153018,     233836,      300,    79000,   518000,   630000,   850000, 11000000,
      OnlinePurchase,     268652,          0,          0,          0,     108450,     165867,      400,    79000,   515000,   594000,   760000,  5100000,
        InstPurchase,      77731,          0,          0,          0,      32496,      47972,      500,    78000,   512000,   598000,   780000, 11000000,
          AssocOfCat,        772,          0,          0,          0,        568,        931,    38000,   144000,   536600,   599800,   793600,  1500000,
      AssocOfProduct,       7688,          0,          0,          0,       3253,       4919,      700,    71000,   493000,   561000,   820000, 11000000,
      BusinessReport,       1922,          0,          0,          0,       1590,       2421,    35000,   150000,   545800,   650000,   820000,  1300000,
          CustBuyBeh,       7694,          0,          0,          0,       3218,       4985,     1100,    80000,   490000,   562100,   820000,  1500000,
       ProductReturn,      20689,          0,          0,          0,       9114,      13103,      300,    79000,   516000,   600000,   780000,  4200000,

  7328s: (93%)   IR =  12868 .[7330.711s][info][gc,start       ] GC(1335) Pause Young (Normal) (G1 Evacuation Pause)
[7330.711s][info][gc,task        ] GC(1335) Using 8 workers of 8 for evacuation
[7330.873s][info][gc,phases      ] GC(1335)   Pre Evacuate Collection Set: 0.22ms
[7330.873s][info][gc,phases      ] GC(1335)   Merge Heap Roots: 0.56ms
[7330.873s][info][gc,phases      ] GC(1335)   Evacuate Collection Set: 160.04ms
[7330.873s][info][gc,phases      ] GC(1335)   Post Evacuate Collection Set: 1.08ms
[7330.873s][info][gc,phases      ] GC(1335)   Other: 0.06ms
[7330.873s][info][gc,heap        ] GC(1335) Eden regions: 569->0(568)
[7330.873s][info][gc,heap        ] GC(1335) Survivor regions: 45->46(77)
[7330.873s][info][gc,heap        ] GC(1335) Old regions: 178->186
[7330.873s][info][gc,heap        ] GC(1335) Humongous regions: 33->33
[7330.873s][info][gc,metaspace   ] GC(1335) Metaspace: 30009K(30528K)->30009K(30528K) NonClass: 26611K(26880K)->26611K(26880K) Class: 3397K(3648K)->3397K(3648K)
[7330.873s][info][gc             ] GC(1335) Pause Young (Normal) (G1 Evacuation Pause) 6583M->2097M(8192M) 162.118ms
[7330.873s][info][gc,cpu         ] GC(1335) User=1.29s Sys=0.00s Real=0.16s
...[7333.597s][info][gc,start       ] GC(1336) Pause Young (Normal) (G1 Evacuation Pause)
[7333.597s][info][gc,task        ] GC(1336) Using 8 workers of 8 for evacuation
[7333.747s][info][gc,phases      ] GC(1336)   Pre Evacuate Collection Set: 0.22ms
[7333.747s][info][gc,phases      ] GC(1336)   Merge Heap Roots: 0.54ms
[7333.747s][info][gc,phases      ] GC(1336)   Evacuate Collection Set: 148.44ms
[7333.747s][info][gc,phases      ] GC(1336)   Post Evacuate Collection Set: 1.06ms
[7333.747s][info][gc,phases      ] GC(1336)   Other: 0.07ms
[7333.747s][info][gc,heap        ] GC(1336) Eden regions: 568->0(571)
[7333.747s][info][gc,heap        ] GC(1336) Survivor regions: 46->43(77)
[7333.747s][info][gc,heap        ] GC(1336) Old regions: 186->193
[7333.747s][info][gc,heap        ] GC(1336) Humongous regions: 33->33
[7333.747s][info][gc,metaspace   ] GC(1336) Metaspace: 30009K(30528K)->30009K(30528K) NonClass: 26611K(26880K)->26611K(26880K) Class: 3397K(3648K)->3397K(3648K)
[7333.747s][info][gc             ] GC(1336) Pause Young (Normal) (G1 Evacuation Pause) 6641M->2133M(8192M) 150.476ms
[7333.747s][info][gc,cpu         ] GC(1336) User=1.20s Sys=0.00s Real=0.15s
...[7336.582s][info][gc,start       ] GC(1337) Pause Young (Normal) (G1 Evacuation Pause)
[7336.582s][info][gc,task        ] GC(1337) Using 8 workers of 8 for evacuation
[7336.734s][info][gc,phases      ] GC(1337)   Pre Evacuate Collection Set: 0.21ms
[7336.734s][info][gc,phases      ] GC(1337)   Merge Heap Roots: 0.54ms
[7336.734s][info][gc,phases      ] GC(1337)   Evacuate Collection Set: 150.35ms
[7336.734s][info][gc,phases      ] GC(1337)   Post Evacuate Collection Set: 1.03ms
[7336.734s][info][gc,phases      ] GC(1337)   Other: 0.06ms
[7336.734s][info][gc,heap        ] GC(1337) Eden regions: 571->0(571)
[7336.734s][info][gc,heap        ] GC(1337) Survivor regions: 43->43(77)
[7336.734s][info][gc,heap        ] GC(1337) Old regions: 193->200
[7336.734s][info][gc,heap        ] GC(1337) Humongous regions: 33->33
[7336.734s][info][gc,metaspace   ] GC(1337) Metaspace: 30009K(30528K)->30009K(30528K) NonClass: 26611K(26880K)->26611K(26880K) Class: 3397K(3648K)->3397K(3648K)
[7336.734s][info][gc             ] GC(1337) Pause Young (Normal) (G1 Evacuation Pause) 6701M->2193M(8192M) 152.326ms
[7336.734s][info][gc,cpu         ] GC(1337) User=1.20s Sys=0.00s Real=0.15s
...[7339.694s][info][gc,start       ] GC(1338) Pause Young (Normal) (G1 Evacuation Pause)
[7339.695s][info][gc,task        ] GC(1338) Using 8 workers of 8 for evacuation
[7339.846s][info][gc,phases      ] GC(1338)   Pre Evacuate Collection Set: 0.23ms
[7339.846s][info][gc,phases      ] GC(1338)   Merge Heap Roots: 0.57ms
[7339.846s][info][gc,phases      ] GC(1338)   Evacuate Collection Set: 149.95ms
[7339.846s][info][gc,phases      ] GC(1338)   Post Evacuate Collection Set: 1.10ms
[7339.846s][info][gc,phases      ] GC(1338)   Other: 0.06ms
[7339.846s][info][gc,heap        ] GC(1338) Eden regions: 571->0(571)
[7339.846s][info][gc,heap        ] GC(1338) Survivor regions: 43->43(77)
[7339.846s][info][gc,heap        ] GC(1338) Old regions: 200->207
[7339.846s][info][gc,heap        ] GC(1338) Humongous regions: 33->33
[7339.846s][info][gc,metaspace   ] GC(1338) Metaspace: 30009K(30528K)->30009K(30528K) NonClass: 26611K(26880K)->26611K(26880K) Class: 3397K(3648K)->3397K(3648K)
[7339.847s][info][gc             ] GC(1338) Pause Young (Normal) (G1 Evacuation Pause) 6761M->2243M(8192M) 152.049ms
[7339.847s][info][gc,cpu         ] GC(1338) User=1.20s Sys=0.00s Real=0.15s
...[7342.769s][info][gc,start       ] GC(1339) Pause Young (Normal) (G1 Evacuation Pause)
[7342.769s][info][gc,task        ] GC(1339) Using 8 workers of 8 for evacuation
[7342.922s][info][gc,phases      ] GC(1339)   Pre Evacuate Collection Set: 0.24ms
[7342.922s][info][gc,phases      ] GC(1339)   Merge Heap Roots: 0.57ms
[7342.922s][info][gc,phases      ] GC(1339)   Evacuate Collection Set: 150.69ms
[7342.922s][info][gc,phases      ] GC(1339)   Post Evacuate Collection Set: 1.08ms
[7342.922s][info][gc,phases      ] GC(1339)   Other: 0.07ms
[7342.922s][info][gc,heap        ] GC(1339) Eden regions: 571->0(571)
[7342.922s][info][gc,heap        ] GC(1339) Survivor regions: 43->43(77)
[7342.922s][info][gc,heap        ] GC(1339) Old regions: 207->214
[7342.922s][info][gc,heap        ] GC(1339) Humongous regions: 33->33
[7342.922s][info][gc,metaspace   ] GC(1339) Metaspace: 30009K(30528K)->30009K(30528K) NonClass: 26611K(26880K)->26611K(26880K) Class: 3397K(3648K)->3397K(3648K)
[7342.922s][info][gc             ] GC(1339) Pause Young (Normal) (G1 Evacuation Pause) 6811M->2305M(8192M) 152.776ms
[7342.922s][info][gc,cpu         ] GC(1339) User=1.21s Sys=0.01s Real=0.16s
...[7345.737s][info][gc,start       ] GC(1340) Pause Young (Normal) (G1 Evacuation Pause)
[7345.737s][info][gc,task        ] GC(1340) Using 8 workers of 8 for evacuation
[7345.892s][info][gc,phases      ] GC(1340)   Pre Evacuate Collection Set: 0.22ms
[7345.892s][info][gc,phases      ] GC(1340)   Merge Heap Roots: 0.56ms
[7345.892s][info][gc,phases      ] GC(1340)   Evacuate Collection Set: 153.60ms
[7345.892s][info][gc,phases      ] GC(1340)   Post Evacuate Collection Set: 1.05ms
[7345.892s][info][gc,phases      ] GC(1340)   Other: 0.07ms
[7345.892s][info][gc,heap        ] GC(1340) Eden regions: 571->0(571)
[7345.892s][info][gc,heap        ] GC(1340) Survivor regions: 43->43(77)
[7345.892s][info][gc,heap        ] GC(1340) Old regions: 214->221
[7345.892s][info][gc,heap        ] GC(1340) Humongous regions: 33->33
[7345.892s][info][gc,metaspace   ] GC(1340) Metaspace: 30009K(30528K)->30009K(30528K) NonClass: 26611K(26880K)->26611K(26880K) Class: 3397K(3648K)->3397K(3648K)
[7345.892s][info][gc             ] GC(1340) Pause Young (Normal) (G1 Evacuation Pause) 6873M->2359M(8192M) 155.631ms
[7345.892s][info][gc,cpu         ] GC(1340) User=1.24s Sys=0.00s Real=0.16s
..|.[7348.633s][info][gc,start       ] GC(1341) Pause Young (Normal) (G1 Evacuation Pause)
[7348.633s][info][gc,task        ] GC(1341) Using 8 workers of 8 for evacuation
[7348.789s][info][gc,phases      ] GC(1341)   Pre Evacuate Collection Set: 0.22ms
[7348.789s][info][gc,phases      ] GC(1341)   Merge Heap Roots: 0.58ms
[7348.789s][info][gc,phases      ] GC(1341)   Evacuate Collection Set: 154.05ms
[7348.789s][info][gc,phases      ] GC(1341)   Post Evacuate Collection Set: 1.05ms
[7348.789s][info][gc,phases      ] GC(1341)   Other: 0.06ms
[7348.789s][info][gc,heap        ] GC(1341) Eden regions: 571->0(568)
[7348.789s][info][gc,heap        ] GC(1341) Survivor regions: 43->46(77)
[7348.789s][info][gc,heap        ] GC(1341) Old regions: 221->228
[7348.789s][info][gc,heap        ] GC(1341) Humongous regions: 33->33
[7348.789s][info][gc,metaspace   ] GC(1341) Metaspace: 30009K(30528K)->30009K(30528K) NonClass: 26611K(26880K)->26611K(26880K) Class: 3397K(3648K)->3397K(3648K)
[7348.789s][info][gc             ] GC(1341) Pause Young (Normal) (G1 Evacuation Pause) 6927M->2438M(8192M) 156.075ms
[7348.789s][info][gc,cpu         ] GC(1341) User=1.23s Sys=0.00s Real=0.15s
...[7351.552s][info][gc,start       ] GC(1342) Pause Young (Normal) (G1 Evacuation Pause)
[7351.552s][info][gc,task        ] GC(1342) Using 8 workers of 8 for evacuation
[7351.704s][info][gc,phases      ] GC(1342)   Pre Evacuate Collection Set: 0.21ms
[7351.704s][info][gc,phases      ] GC(1342)   Merge Heap Roots: 0.57ms
[7351.704s][info][gc,phases      ] GC(1342)   Evacuate Collection Set: 150.11ms
[7351.704s][info][gc,phases      ] GC(1342)   Post Evacuate Collection Set: 1.07ms
[7351.704s][info][gc,phases      ] GC(1342)   Other: 0.07ms
[7351.704s][info][gc,heap        ] GC(1342) Eden regions: 568->0(570)
[7351.704s][info][gc,heap        ] GC(1342) Survivor regions: 46->44(77)
[7351.704s][info][gc,heap        ] GC(1342) Old regions: 228->235
[7351.704s][info][gc,heap        ] GC(1342) Humongous regions: 33->33
[7351.704s][info][gc,metaspace   ] GC(1342) Metaspace: 30009K(30528K)->30009K(30528K) NonClass: 26611K(26880K)->26611K(26880K) Class: 3397K(3648K)->3397K(3648K)
[7351.704s][info][gc             ] GC(1342) Pause Young (Normal) (G1 Evacuation Pause) 6982M->2479M(8192M) 152.158ms
[7351.704s][info][gc,cpu         ] GC(1342) User=1.21s Sys=0.00s Real=0.15s
...[7354.530s][info][gc,start       ] GC(1343) Pause Young (Normal) (G1 Evacuation Pause)
[7354.530s][info][gc,task        ] GC(1343) Using 8 workers of 8 for evacuation
[7354.681s][info][gc,phases      ] GC(1343)   Pre Evacuate Collection Set: 0.24ms
[7354.681s][info][gc,phases      ] GC(1343)   Merge Heap Roots: 0.54ms
[7354.681s][info][gc,phases      ] GC(1343)   Evacuate Collection Set: 149.60ms
[7354.681s][info][gc,phases      ] GC(1343)   Post Evacuate Collection Set: 1.06ms
[7354.681s][info][gc,phases      ] GC(1343)   Other: 0.06ms
[7354.681s][info][gc,heap        ] GC(1343) Eden regions: 570->0(571)
[7354.681s][info][gc,heap        ] GC(1343) Survivor regions: 44->43(77)
[7354.681s][info][gc,heap        ] GC(1343) Old regions: 235->242
[7354.681s][info][gc,heap        ] GC(1343) Humongous regions: 33->33
[7354.681s][info][gc,metaspace   ] GC(1343) Metaspace: 30009K(30528K)->30009K(30528K) NonClass: 26611K(26880K)->26611K(26880K) Class: 3397K(3648K)->3397K(3648K)
[7354.681s][info][gc             ] GC(1343) Pause Young (Normal) (G1 Evacuation Pause) 7039M->2531M(8192M) 151.631ms
[7354.681s][info][gc,cpu         ] GC(1343) User=1.20s Sys=0.00s Real=0.16s
...[7357.508s][info][gc,start       ] GC(1344) Pause Young (Normal) (G1 Evacuation Pause)
[7357.508s][info][gc,task        ] GC(1344) Using 8 workers of 8 for evacuation
[7357.664s][info][gc,phases      ] GC(1344)   Pre Evacuate Collection Set: 0.23ms
[7357.664s][info][gc,phases      ] GC(1344)   Merge Heap Roots: 0.59ms
[7357.664s][info][gc,phases      ] GC(1344)   Evacuate Collection Set: 154.56ms
[7357.664s][info][gc,phases      ] GC(1344)   Post Evacuate Collection Set: 1.08ms
[7357.664s][info][gc,phases      ] GC(1344)   Other: 0.07ms
[7357.665s][info][gc,heap        ] GC(1344) Eden regions: 571->0(569)
[7357.665s][info][gc,heap        ] GC(1344) Survivor regions: 43->45(77)
[7357.665s][info][gc,heap        ] GC(1344) Old regions: 242->250
[7357.665s][info][gc,heap        ] GC(1344) Humongous regions: 33->33
[7357.665s][info][gc,metaspace   ] GC(1344) Metaspace: 30009K(30528K)->30009K(30528K) NonClass: 26611K(26880K)->26611K(26880K) Class: 3397K(3648K)->3397K(3648K)
[7357.665s][info][gc             ] GC(1344) Pause Young (Normal) (G1 Evacuation Pause) 7099M->2602M(8192M) 156.658ms
[7357.665s][info][gc,cpu         ] GC(1344) User=1.24s Sys=0.00s Real=0.16s
...[7360.531s][info][gc,start       ] GC(1345) Pause Young (Normal) (G1 Evacuation Pause)
[7360.531s][info][gc,task        ] GC(1345) Using 8 workers of 8 for evacuation
[7360.680s][info][gc,phases      ] GC(1345)   Pre Evacuate Collection Set: 0.22ms
[7360.680s][info][gc,phases      ] GC(1345)   Merge Heap Roots: 0.56ms
[7360.680s][info][gc,phases      ] GC(1345)   Evacuate Collection Set: 147.46ms
[7360.680s][info][gc,phases      ] GC(1345)   Post Evacuate Collection Set: 1.07ms
[7360.680s][info][gc,phases      ] GC(1345)   Other: 0.06ms
[7360.680s][info][gc,heap        ] GC(1345) Eden regions: 569->0(571)
[7360.680s][info][gc,heap        ] GC(1345) Survivor regions: 45->43(77)
[7360.680s][info][gc,heap        ] GC(1345) Old regions: 250->257
[7360.680s][info][gc,heap        ] GC(1345) Humongous regions: 33->33
[7360.680s][info][gc,metaspace   ] GC(1345) Metaspace: 30009K(30528K)->30009K(30528K) NonClass: 26611K(26880K)->26611K(26880K) Class: 3397K(3648K)->3397K(3648K)
[7360.680s][info][gc             ] GC(1345) Pause Young (Normal) (G1 Evacuation Pause) 7154M->2642M(8192M) 149.504ms
[7360.680s][info][gc,cpu         ] GC(1345) User=1.19s Sys=0.00s Real=0.15s
...[7363.634s][info][gc,start       ] GC(1346) Pause Young (Normal) (G1 Evacuation Pause)
[7363.634s][info][gc,task        ] GC(1346) Using 8 workers of 8 for evacuation
[7363.786s][info][gc,phases      ] GC(1346)   Pre Evacuate Collection Set: 0.26ms
[7363.786s][info][gc,phases      ] GC(1346)   Merge Heap Roots: 0.56ms
[7363.786s][info][gc,phases      ] GC(1346)   Evacuate Collection Set: 150.15ms
[7363.786s][info][gc,phases      ] GC(1346)   Post Evacuate Collection Set: 1.13ms
[7363.786s][info][gc,phases      ] GC(1346)   Other: 0.06ms
[7363.786s][info][gc,heap        ] GC(1346) Eden regions: 571->0(571)
[7363.786s][info][gc,heap        ] GC(1346) Survivor regions: 43->43(77)
[7363.786s][info][gc,heap        ] GC(1346) Old regions: 257->264
[7363.786s][info][gc,heap        ] GC(1346) Humongous regions: 33->33
[7363.786s][info][gc,metaspace   ] GC(1346) Metaspace: 30009K(30528K)->30009K(30528K) NonClass: 26611K(26880K)->26611K(26880K) Class: 3397K(3648K)->3397K(3648K)
[7363.786s][info][gc             ] GC(1346) Pause Young (Normal) (G1 Evacuation Pause) 7210M->2703M(8192M) 152.292ms
[7363.786s][info][gc,cpu         ] GC(1346) User=1.21s Sys=0.00s Real=0.15s
...[7366.660s][info][gc,start       ] GC(1347) Pause Young (Normal) (G1 Evacuation Pause)
[7366.660s][info][gc,task        ] GC(1347) Using 8 workers of 8 for evacuation
[7366.823s][info][gc,phases      ] GC(1347)   Pre Evacuate Collection Set: 0.23ms
[7366.823s][info][gc,phases      ] GC(1347)   Merge Heap Roots: 0.58ms
[7366.823s][info][gc,phases      ] GC(1347)   Evacuate Collection Set: 161.02ms
[7366.823s][info][gc,phases      ] GC(1347)   Post Evacuate Collection Set: 1.11ms
[7366.823s][info][gc,phases      ] GC(1347)   Other: 0.06ms
[7366.823s][info][gc,heap        ] GC(1347) Eden regions: 571->0(568)
[7366.823s][info][gc,heap        ] GC(1347) Survivor regions: 43->46(77)
[7366.823s][info][gc,heap        ] GC(1347) Old regions: 264->271
[7366.823s][info][gc,heap        ] GC(1347) Humongous regions: 33->33
[7366.823s][info][gc,metaspace   ] GC(1347) Metaspace: 30009K(30528K)->30009K(30528K) NonClass: 26611K(26880K)->26611K(26880K) Class: 3397K(3648K)->3397K(3648K)
[7366.823s][info][gc             ] GC(1347) Pause Young (Normal) (G1 Evacuation Pause) 7271M->2782M(8192M) 163.138ms
[7366.823s][info][gc,cpu         ] GC(1347) User=1.29s Sys=0.00s Real=0.17s
...[7369.594s][info][gc,start       ] GC(1348) Pause Young (Normal) (G1 Evacuation Pause)
[7369.594s][info][gc,task        ] GC(1348) Using 8 workers of 8 for evacuation
[7369.752s][info][gc,phases      ] GC(1348)   Pre Evacuate Collection Set: 0.21ms
[7369.752s][info][gc,phases      ] GC(1348)   Merge Heap Roots: 0.55ms
[7369.752s][info][gc,phases      ] GC(1348)   Evacuate Collection Set: 156.08ms
[7369.752s][info][gc,phases      ] GC(1348)   Post Evacuate Collection Set: 1.07ms
[7369.752s][info][gc,phases      ] GC(1348)   Other: 0.06ms
[7369.752s][info][gc,heap        ] GC(1348) Eden regions: 568->0(570)
[7369.752s][info][gc,heap        ] GC(1348) Survivor regions: 46->44(77)
[7369.752s][info][gc,heap        ] GC(1348) Old regions: 271->279
[7369.752s][info][gc,heap        ] GC(1348) Humongous regions: 33->33
[7369.752s][info][gc,metaspace   ] GC(1348) Metaspace: 30009K(30528K)->30009K(30528K) NonClass: 26611K(26880K)->26611K(26880K) Class: 3397K(3648K)->3397K(3648K)
[7369.752s][info][gc             ] GC(1348) Pause Young (Normal) (G1 Evacuation Pause) 7326M->2826M(8192M) 158.097ms
[7369.752s][info][gc,cpu         ] GC(1348) User=1.26s Sys=0.00s Real=0.16s
...[7372.546s][info][gc,start       ] GC(1349) Pause Young (Normal) (G1 Evacuation Pause)
[7372.546s][info][gc,task        ] GC(1349) Using 8 workers of 8 for evacuation
[7372.700s][info][gc,phases      ] GC(1349)   Pre Evacuate Collection Set: 0.24ms
[7372.700s][info][gc,phases      ] GC(1349)   Merge Heap Roots: 0.56ms
[7372.700s][info][gc,phases      ] GC(1349)   Evacuate Collection Set: 152.00ms
[7372.700s][info][gc,phases      ] GC(1349)   Post Evacuate Collection Set: 1.04ms
[7372.700s][info][gc,phases      ] GC(1349)   Other: 0.06ms
[7372.700s][info][gc,heap        ] GC(1349) Eden regions: 570->0(567)
[7372.700s][info][gc,heap        ] GC(1349) Survivor regions: 44->43(77)
[7372.700s][info][gc,heap        ] GC(1349) Old regions: 279->286
[7372.700s][info][gc,heap        ] GC(1349) Humongous regions: 33->33
[7372.700s][info][gc,metaspace   ] GC(1349) Metaspace: 30009K(30528K)->30009K(30528K) NonClass: 26611K(26880K)->26611K(26880K) Class: 3397K(3648K)->3397K(3648K)
[7372.700s][info][gc             ] GC(1349) Pause Young (Normal) (G1 Evacuation Pause) 7386M->2877M(8192M) 154.033ms
[7372.700s][info][gc,cpu         ] GC(1349) User=1.22s Sys=0.00s Real=0.15s
...[7375.464s][info][gc,start       ] GC(1350) Pause Young (Normal) (G1 Evacuation Pause)
[7375.464s][info][gc,task        ] GC(1350) Using 8 workers of 8 for evacuation
[7375.621s][info][gc,phases      ] GC(1350)   Pre Evacuate Collection Set: 0.21ms
[7375.621s][info][gc,phases      ] GC(1350)   Merge Heap Roots: 0.56ms
[7375.621s][info][gc,phases      ] GC(1350)   Evacuate Collection Set: 155.43ms
[7375.621s][info][gc,phases      ] GC(1350)   Post Evacuate Collection Set: 1.03ms
[7375.621s][info][gc,phases      ] GC(1350)   Other: 0.06ms
[7375.621s][info][gc,heap        ] GC(1350) Eden regions: 567->0(556)
[7375.621s][info][gc,heap        ] GC(1350) Survivor regions: 43->45(77)
[7375.621s][info][gc,heap        ] GC(1350) Old regions: 286->293
[7375.621s][info][gc,heap        ] GC(1350) Humongous regions: 33->33
[7375.621s][info][gc,metaspace   ] GC(1350) Metaspace: 30009K(30528K)->30009K(30528K) NonClass: 26611K(26880K)->26611K(26880K) Class: 3397K(3648K)->3397K(3648K)
[7375.621s][info][gc             ] GC(1350) Pause Young (Normal) (G1 Evacuation Pause) 7413M->2945M(8192M) 157.427ms
[7375.621s][info][gc,cpu         ] GC(1350) User=1.25s Sys=0.00s Real=0.16s
...[7378.396s][info][gc,start       ] GC(1351) Pause Young (Normal) (G1 Evacuation Pause)
[7378.396s][info][gc,task        ] GC(1351) Using 8 workers of 8 for evacuation
[7378.544s][info][gc,phases      ] GC(1351)   Pre Evacuate Collection Set: 0.23ms
[7378.544s][info][gc,phases      ] GC(1351)   Merge Heap Roots: 0.58ms
[7378.544s][info][gc,phases      ] GC(1351)   Evacuate Collection Set: 146.56ms
[7378.544s][info][gc,phases      ] GC(1351)   Post Evacuate Collection Set: 1.03ms
[7378.544s][info][gc,phases      ] GC(1351)   Other: 0.06ms
[7378.544s][info][gc,heap        ] GC(1351) Eden regions: 556->0(555)
[7378.544s][info][gc,heap        ] GC(1351) Survivor regions: 45->42(76)
[7378.544s][info][gc,heap        ] GC(1351) Old regions: 293->300
[7378.544s][info][gc,heap        ] GC(1351) Humongous regions: 33->33
[7378.544s][info][gc,metaspace   ] GC(1351) Metaspace: 30009K(30528K)->30009K(30528K) NonClass: 26611K(26880K)->26611K(26880K) Class: 3397K(3648K)->3397K(3648K)
[7378.544s][info][gc             ] GC(1351) Pause Young (Normal) (G1 Evacuation Pause) 7393M->2985M(8192M) 148.588ms
[7378.544s][info][gc,cpu         ] GC(1351) User=1.18s Sys=0.00s Real=0.15s
...[7381.261s][info][gc,start       ] GC(1352) Pause Young (Normal) (G1 Evacuation Pause)
[7381.261s][info][gc,task        ] GC(1352) Using 8 workers of 8 for evacuation
[7381.422s][info][gc,phases      ] GC(1352)   Pre Evacuate Collection Set: 0.22ms
[7381.422s][info][gc,phases      ] GC(1352)   Merge Heap Roots: 0.54ms
[7381.422s][info][gc,phases      ] GC(1352)   Evacuate Collection Set: 158.49ms
[7381.422s][info][gc,phases      ] GC(1352)   Post Evacuate Collection Set: 1.00ms
[7381.422s][info][gc,phases      ] GC(1352)   Other: 0.06ms
[7381.422s][info][gc,heap        ] GC(1352) Eden regions: 555->0(542)
[7381.422s][info][gc,heap        ] GC(1352) Survivor regions: 42->45(75)
[7381.422s][info][gc,heap        ] GC(1352) Old regions: 300->307
[7381.422s][info][gc,heap        ] GC(1352) Humongous regions: 33->33
[7381.422s][info][gc,metaspace   ] GC(1352) Metaspace: 30009K(30528K)->30009K(30528K) NonClass: 26611K(26880K)->26611K(26880K) Class: 3397K(3648K)->3397K(3648K)
[7381.422s][info][gc             ] GC(1352) Pause Young (Normal) (G1 Evacuation Pause) 7425M->3067M(8192M) 160.453ms
[7381.422s][info][gc,cpu         ] GC(1352) User=1.27s Sys=0.01s Real=0.16s
..[7384.112s][info][gc,start       ] GC(1353) Pause Young (Concurrent Start) (G1 Evacuation Pause)
[7384.112s][info][gc,task        ] GC(1353) Using 8 workers of 8 for evacuation
[7384.262s][info][gc,phases      ] GC(1353)   Pre Evacuate Collection Set: 0.27ms
[7384.262s][info][gc,phases      ] GC(1353)   Merge Heap Roots: 0.57ms
[7384.262s][info][gc,phases      ] GC(1353)   Evacuate Collection Set: 147.62ms
[7384.262s][info][gc,phases      ] GC(1353)   Post Evacuate Collection Set: 1.03ms
[7384.262s][info][gc,phases      ] GC(1353)   Other: 0.10ms
[7384.262s][info][gc,heap        ] GC(1353) Eden regions: 542->0(539)
[7384.262s][info][gc,heap        ] GC(1353) Survivor regions: 45->43(74)
[7384.262s][info][gc,heap        ] GC(1353) Old regions: 307->314
[7384.262s][info][gc,heap        ] GC(1353) Humongous regions: 33->33
[7384.262s][info][gc,metaspace   ] GC(1353) Metaspace: 30009K(30528K)->30009K(30528K) NonClass: 26611K(26880K)->26611K(26880K) Class: 3397K(3648K)->3397K(3648K)
[7384.262s][info][gc             ] GC(1353) Pause Young (Concurrent Start) (G1 Evacuation Pause) 7403M->3103M(8192M) 149.719ms
[7384.262s][info][gc             ] GC(1354) Concurrent Mark Cycle
[7384.262s][info][gc,marking     ] GC(1354) Concurrent Scan Root Regions
[7384.262s][info][gc,cpu         ] GC(1353) User=1.19s Sys=0.00s Real=0.15s
.[7384.563s][info][gc,marking     ] GC(1354) Concurrent Scan Root Regions 300.859ms
[7384.563s][info][gc,marking     ] GC(1354) Concurrent Mark
[7384.563s][info][gc,marking     ] GC(1354) Concurrent Mark From Roots
[7384.563s][info][gc,task        ] GC(1354) Using 2 workers of 2 for marking
.[7385.724s][info][gc,marking     ] GC(1354) Concurrent Mark From Roots 1160.662ms
[7385.724s][info][gc,marking     ] GC(1354) Concurrent Preclean
[7385.724s][info][gc,marking     ] GC(1354) Concurrent Preclean 0.081ms
[7385.724s][info][gc,start       ] GC(1354) Pause Remark
[7385.727s][info][gc             ] GC(1354) Pause Remark 4711M->4199M(8192M) 2.744ms
[7385.727s][info][gc,cpu         ] GC(1354) User=0.02s Sys=0.00s Real=0.00s
[7385.727s][info][gc,marking     ] GC(1354) Concurrent Mark 1163.799ms
[7385.727s][info][gc,marking     ] GC(1354) Concurrent Rebuild Remembered Sets and Scrub Regions
.[7386.551s][info][gc,marking     ] GC(1354) Concurrent Rebuild Remembered Sets and Scrub Regions 824.140ms
[7386.551s][info][gc,start       ] GC(1354) Pause Cleanup
[7386.551s][info][gc             ] GC(1354) Pause Cleanup 5288M->5288M(8192M) 0.261ms
[7386.551s][info][gc,cpu         ] GC(1354) User=0.00s Sys=0.00s Real=0.00s
[7386.551s][info][gc,marking     ] GC(1354) Concurrent Clear Claimed Marks
[7386.552s][info][gc,marking     ] GC(1354) Concurrent Clear Claimed Marks 0.042ms
[7386.552s][info][gc,marking     ] GC(1354) Concurrent Cleanup for Next Mark
[7386.562s][info][gc,marking     ] GC(1354) Concurrent Cleanup for Next Mark 10.080ms
[7386.562s][info][gc             ] GC(1354) Concurrent Mark Cycle 2299.585ms
.[7387.516s][info][gc,start       ] GC(1355) Pause Young (Prepare Mixed) (G1 Evacuation Pause)
[7387.516s][info][gc,task        ] GC(1355) Using 8 workers of 8 for evacuation
[7387.677s][info][gc,phases      ] GC(1355)   Pre Evacuate Collection Set: 0.23ms
[7387.677s][info][gc,phases      ] GC(1355)   Merge Heap Roots: 0.82ms
[7387.677s][info][gc,phases      ] GC(1355)   Evacuate Collection Set: 158.14ms
[7387.677s][info][gc,phases      ] GC(1355)   Post Evacuate Collection Set: 1.21ms
[7387.677s][info][gc,phases      ] GC(1355)   Other: 0.07ms
[7387.677s][info][gc,heap        ] GC(1355) Eden regions: 539->0(568)
[7387.677s][info][gc,heap        ] GC(1355) Survivor regions: 43->46(73)
[7387.677s][info][gc,heap        ] GC(1355) Old regions: 250->258
[7387.677s][info][gc,heap        ] GC(1355) Humongous regions: 33->33
[7387.677s][info][gc,metaspace   ] GC(1355) Metaspace: 30009K(30528K)->30009K(30528K) NonClass: 26611K(26880K)->26611K(26880K) Class: 3397K(3648K)->3397K(3648K)
[7387.677s][info][gc             ] GC(1355) Pause Young (Prepare Mixed) (G1 Evacuation Pause) 6903M->2675M(8192M) 160.594ms
[7387.677s][info][gc,cpu         ] GC(1355) User=1.27s Sys=0.00s Real=0.16s
...[7390.426s][info][gc,start       ] GC(1356) Pause Young (Mixed) (G1 Evacuation Pause)
[7390.426s][info][gc,task        ] GC(1356) Using 8 workers of 8 for evacuation
[7390.584s][info][gc,phases      ] GC(1356)   Pre Evacuate Collection Set: 0.25ms
[7390.584s][info][gc,phases      ] GC(1356)   Merge Heap Roots: 0.85ms
[7390.584s][info][gc,phases      ] GC(1356)   Evacuate Collection Set: 155.15ms
[7390.584s][info][gc,phases      ] GC(1356)   Post Evacuate Collection Set: 1.36ms
[7390.584s][info][gc,phases      ] GC(1356)   Other: 0.08ms
[7390.584s][info][gc,heap        ] GC(1356) Eden regions: 568->0(571)
[7390.584s][info][gc,heap        ] GC(1356) Survivor regions: 46->43(77)
[7390.584s][info][gc,heap        ] GC(1356) Old regions: 258->163
[7390.584s][info][gc,heap        ] GC(1356) Humongous regions: 33->33
[7390.584s][info][gc,metaspace   ] GC(1356) Metaspace: 30009K(30528K)->30009K(30528K) NonClass: 26611K(26880K)->26611K(26880K) Class: 3397K(3648K)->3397K(3648K)
[7390.584s][info][gc             ] GC(1356) Pause Young (Mixed) (G1 Evacuation Pause) 7219M->1897M(8192M) 157.819ms
[7390.584s][info][gc,cpu         ] GC(1356) User=1.25s Sys=0.00s Real=0.16s
...[7393.374s][info][gc,start       ] GC(1357) Pause Young (Mixed) (G1 Evacuation Pause)
[7393.374s][info][gc,task        ] GC(1357) Using 8 workers of 8 for evacuation
[7393.544s][info][gc,phases      ] GC(1357)   Pre Evacuate Collection Set: 0.24ms
[7393.544s][info][gc,phases      ] GC(1357)   Merge Heap Roots: 1.00ms
[7393.544s][info][gc,phases      ] GC(1357)   Evacuate Collection Set: 167.32ms
[7393.544s][info][gc,phases      ] GC(1357)   Post Evacuate Collection Set: 1.10ms
[7393.544s][info][gc,phases      ] GC(1357)   Other: 0.06ms
[7393.544s][info][gc,heap        ] GC(1357) Eden regions: 571->0(570)
[7393.544s][info][gc,heap        ] GC(1357) Survivor regions: 43->44(77)
[7393.544s][info][gc,heap        ] GC(1357) Old regions: 163->142
[7393.544s][info][gc,heap        ] GC(1357) Humongous regions: 33->33
[7393.544s][info][gc,metaspace   ] GC(1357) Metaspace: 30009K(30528K)->30009K(30528K) NonClass: 26611K(26880K)->26611K(26880K) Class: 3397K(3648K)->3397K(3648K)
[7393.544s][info][gc             ] GC(1357) Pause Young (Mixed) (G1 Evacuation Pause) 6465M->1739M(8192M) 169.861ms
[7393.544s][info][gc,cpu         ] GC(1357) User=1.34s Sys=0.00s Real=0.17s
..[7396.278s][info][gc,start       ] GC(1358) Pause Young (Normal) (G1 Evacuation Pause)
[7396.278s][info][gc,task        ] GC(1358) Using 8 workers of 8 for evacuation
[7396.435s][info][gc,phases      ] GC(1358)   Pre Evacuate Collection Set: 0.20ms
[7396.435s][info][gc,phases      ] GC(1358)   Merge Heap Roots: 0.53ms
[7396.435s][info][gc,phases      ] GC(1358)   Evacuate Collection Set: 155.03ms
[7396.435s][info][gc,phases      ] GC(1358)   Post Evacuate Collection Set: 1.04ms
[7396.435s][info][gc,phases      ] GC(1358)   Other: 0.06ms
[7396.435s][info][gc,heap        ] GC(1358) Eden regions: 570->0(569)
[7396.435s][info][gc,heap        ] GC(1358) Survivor regions: 44->45(77)
[7396.435s][info][gc,heap        ] GC(1358) Old regions: 142->149
[7396.435s][info][gc,heap        ] GC(1358) Humongous regions: 33->33
[7396.435s][info][gc,metaspace   ] GC(1358) Metaspace: 30009K(30528K)->30009K(30528K) NonClass: 26611K(26880K)->26611K(26880K) Class: 3397K(3648K)->3397K(3648K)
[7396.435s][info][gc             ] GC(1358) Pause Young (Normal) (G1 Evacuation Pause) 6299M->1796M(8192M) 157.001ms
[7396.435s][info][gc,cpu         ] GC(1358) User=1.24s Sys=0.00s Real=0.16s
...[7399.259s][info][gc,start       ] GC(1359) Pause Young (Normal) (G1 Evacuation Pause)
[7399.259s][info][gc,task        ] GC(1359) Using 8 workers of 8 for evacuation
[7399.416s][info][gc,phases      ] GC(1359)   Pre Evacuate Collection Set: 0.22ms
[7399.416s][info][gc,phases      ] GC(1359)   Merge Heap Roots: 0.53ms
[7399.416s][info][gc,phases      ] GC(1359)   Evacuate Collection Set: 154.95ms
[7399.416s][info][gc,phases      ] GC(1359)   Post Evacuate Collection Set: 1.04ms
[7399.416s][info][gc,phases      ] GC(1359)   Other: 0.06ms
[7399.416s][info][gc,heap        ] GC(1359) Eden regions: 569->0(570)
[7399.416s][info][gc,heap        ] GC(1359) Survivor regions: 45->44(77)
[7399.416s][info][gc,heap        ] GC(1359) Old regions: 149->156
[7399.416s][info][gc,heap        ] GC(1359) Humongous regions: 33->33
[7399.416s][info][gc,metaspace   ] GC(1359) Metaspace: 30009K(30528K)->30009K(30528K) NonClass: 26611K(26880K)->26611K(26880K) Class: 3397K(3648K)->3397K(3648K)
[7399.416s][info][gc             ] GC(1359) Pause Young (Normal) (G1 Evacuation Pause) 6348M->1850M(8192M) 156.926ms
[7399.416s][info][gc,cpu         ] GC(1359) User=1.25s Sys=0.00s Real=0.16s
...[7402.155s][info][gc,start       ] GC(1360) Pause Young (Normal) (G1 Evacuation Pause)
[7402.155s][info][gc,task        ] GC(1360) Using 8 workers of 8 for evacuation
[7402.320s][info][gc,phases      ] GC(1360)   Pre Evacuate Collection Set: 0.21ms
[7402.321s][info][gc,phases      ] GC(1360)   Merge Heap Roots: 0.59ms
[7402.321s][info][gc,phases      ] GC(1360)   Evacuate Collection Set: 163.76ms
[7402.321s][info][gc,phases      ] GC(1360)   Post Evacuate Collection Set: 1.01ms
[7402.321s][info][gc,phases      ] GC(1360)   Other: 0.07ms
[7402.321s][info][gc,heap        ] GC(1360) Eden regions: 570->0(568)
[7402.321s][info][gc,heap        ] GC(1360) Survivor regions: 44->46(77)
[7402.321s][info][gc,heap        ] GC(1360) Old regions: 156->163
[7402.321s][info][gc,heap        ] GC(1360) Humongous regions: 33->33
[7402.321s][info][gc,metaspace   ] GC(1360) Metaspace: 30009K(30528K)->30009K(30528K) NonClass: 26611K(26880K)->26611K(26880K) Class: 3397K(3648K)->3397K(3648K)
[7402.321s][info][gc             ] GC(1360) Pause Young (Normal) (G1 Evacuation Pause) 6410M->1921M(8192M) 165.782ms
[7402.321s][info][gc,cpu         ] GC(1360) User=1.32s Sys=0.00s Real=0.16s
...[7405.052s][info][gc,start       ] GC(1361) Pause Young (Normal) (G1 Evacuation Pause)
[7405.052s][info][gc,task        ] GC(1361) Using 8 workers of 8 for evacuation
[7405.204s][info][gc,phases      ] GC(1361)   Pre Evacuate Collection Set: 0.22ms
[7405.204s][info][gc,phases      ] GC(1361)   Merge Heap Roots: 0.64ms
[7405.204s][info][gc,phases      ] GC(1361)   Evacuate Collection Set: 150.42ms
[7405.204s][info][gc,phases      ] GC(1361)   Post Evacuate Collection Set: 1.05ms
[7405.204s][info][gc,phases      ] GC(1361)   Other: 0.06ms
[7405.204s][info][gc,heap        ] GC(1361) Eden regions: 568->0(571)
[7405.204s][info][gc,heap        ] GC(1361) Survivor regions: 46->43(77)
[7405.204s][info][gc,heap        ] GC(1361) Old regions: 163->170
[7405.204s][info][gc,heap        ] GC(1361) Humongous regions: 33->33
[7405.204s][info][gc,metaspace   ] GC(1361) Metaspace: 30009K(30528K)->30009K(30528K) NonClass: 26611K(26880K)->26611K(26880K) Class: 3397K(3648K)->3397K(3648K)
[7405.204s][info][gc             ] GC(1361) Pause Young (Normal) (G1 Evacuation Pause) 6465M->1950M(8192M) 152.536ms
[7405.204s][info][gc,cpu         ] GC(1361) User=1.20s Sys=0.00s Real=0.15s
... (rIR:aIR:PR = 12868:12934:12878) (tPR = 192033) [OK] 
  7407s: Performance info:
         Transaction,    Success,    Partial,     Failed,   Receipts, AvgBarcode, 
             Overall,     776965,          0,          0,     738823,      59.48, 
         Response times:
             Request,    Success,    Partial,     Failed,   SkipFail,     Probes,    Samples,      min,      p50,      p90,      p95,      p99,      max, 
       TotalPurchase,     742159,          0,          0,          0,     319110,     471940,      400,    78000,   274000,   364000,   550000,  7800000,
     InStorePurchase,     390412,          0,          0,          0,     167290,     248762,      400,    78000,   271000,   364000,   536000,  7800000,
      OnlinePurchase,     274871,          0,          0,          0,     116680,     172928,      400,    78000,   276000,   363000,   579000,  7800000,
        InstPurchase,      76876,          0,          0,          0,      35140,      50250,      500,    78000,   281000,   365000,   574000,  7800000,
          AssocOfCat,        777,          0,          0,          0,        585,        932,    33000,   130000,   349400,   445500,   656800,  7800000,
      AssocOfProduct,       7570,          0,          0,          0,       3570,       5398,      500,    81000,   278000,   366000,   541000,  7800000,
      BusinessReport,       1934,          0,          0,          0,       1650,       2483,    38000,   136000,   350600,   435800,   711600,  7900000,
          CustBuyBeh,       7767,          0,          0,          0,       3502,       5301,     1000,    80000,   278000,   371900,   572960,  2300000,
       ProductReturn,      20156,          0,          0,          0,       8561,      12563,      400,    75000,   274000,   362000,   630000,  5000000,

  7407s: (94%)   IR =  13007 [7407.998s][info][gc,start       ] GC(1362) Pause Young (Normal) (G1 Evacuation Pause)
[7407.998s][info][gc,task        ] GC(1362) Using 8 workers of 8 for evacuation
[7408.152s][info][gc,phases      ] GC(1362)   Pre Evacuate Collection Set: 0.24ms
[7408.152s][info][gc,phases      ] GC(1362)   Merge Heap Roots: 0.56ms
[7408.152s][info][gc,phases      ] GC(1362)   Evacuate Collection Set: 151.48ms
[7408.152s][info][gc,phases      ] GC(1362)   Post Evacuate Collection Set: 1.10ms
[7408.152s][info][gc,phases      ] GC(1362)   Other: 0.06ms
[7408.152s][info][gc,heap        ] GC(1362) Eden regions: 571->0(571)
[7408.152s][info][gc,heap        ] GC(1362) Survivor regions: 43->43(77)
[7408.152s][info][gc,heap        ] GC(1362) Old regions: 170->177
[7408.152s][info][gc,heap        ] GC(1362) Humongous regions: 33->33
[7408.152s][info][gc,metaspace   ] GC(1362) Metaspace: 30010K(30528K)->30010K(30528K) NonClass: 26612K(26880K)->26612K(26880K) Class: 3397K(3648K)->3397K(3648K)
[7408.152s][info][gc             ] GC(1362) Pause Young (Normal) (G1 Evacuation Pause) 6518M->2008M(8192M) 153.573ms
[7408.152s][info][gc,cpu         ] GC(1362) User=1.22s Sys=0.00s Real=0.16s
...[7411.002s][info][gc,start       ] GC(1363) Pause Young (Normal) (G1 Evacuation Pause)
[7411.002s][info][gc,task        ] GC(1363) Using 8 workers of 8 for evacuation
[7411.157s][info][gc,phases      ] GC(1363)   Pre Evacuate Collection Set: 0.22ms
[7411.157s][info][gc,phases      ] GC(1363)   Merge Heap Roots: 0.56ms
[7411.157s][info][gc,phases      ] GC(1363)   Evacuate Collection Set: 152.97ms
[7411.157s][info][gc,phases      ] GC(1363)   Post Evacuate Collection Set: 1.05ms
[7411.157s][info][gc,phases      ] GC(1363)   Other: 0.06ms
[7411.157s][info][gc,heap        ] GC(1363) Eden regions: 571->0(571)
[7411.157s][info][gc,heap        ] GC(1363) Survivor regions: 43->43(77)
[7411.157s][info][gc,heap        ] GC(1363) Old regions: 177->184
[7411.157s][info][gc,heap        ] GC(1363) Humongous regions: 33->33
[7411.157s][info][gc,metaspace   ] GC(1363) Metaspace: 30010K(30528K)->30010K(30528K) NonClass: 26612K(26880K)->26612K(26880K) Class: 3397K(3648K)->3397K(3648K)
[7411.157s][info][gc             ] GC(1363) Pause Young (Normal) (G1 Evacuation Pause) 6576M->2067M(8192M) 155.006ms
[7411.157s][info][gc,cpu         ] GC(1363) User=1.23s Sys=0.00s Real=0.15s
...[7413.977s][info][gc,start       ] GC(1364) Pause Young (Normal) (G1 Evacuation Pause)
[7413.977s][info][gc,task        ] GC(1364) Using 8 workers of 8 for evacuation
[7414.140s][info][gc,phases      ] GC(1364)   Pre Evacuate Collection Set: 0.22ms
[7414.140s][info][gc,phases      ] GC(1364)   Merge Heap Roots: 0.55ms
[7414.140s][info][gc,phases      ] GC(1364)   Evacuate Collection Set: 160.82ms
[7414.140s][info][gc,phases      ] GC(1364)   Post Evacuate Collection Set: 1.04ms
[7414.140s][info][gc,phases      ] GC(1364)   Other: 0.06ms
[7414.140s][info][gc,heap        ] GC(1364) Eden regions: 571->0(568)
[7414.140s][info][gc,heap        ] GC(1364) Survivor regions: 43->46(77)
[7414.140s][info][gc,heap        ] GC(1364) Old regions: 184->192
[7414.140s][info][gc,heap        ] GC(1364) Humongous regions: 33->33
[7414.140s][info][gc,metaspace   ] GC(1364) Metaspace: 30010K(30528K)->30010K(30528K) NonClass: 26612K(26880K)->26612K(26880K) Class: 3397K(3648K)->3397K(3648K)
[7414.140s][info][gc             ] GC(1364) Pause Young (Normal) (G1 Evacuation Pause) 6635M->2145M(8192M) 162.824ms
[7414.140s][info][gc,cpu         ] GC(1364) User=1.29s Sys=0.00s Real=0.16s
...[7416.924s][info][gc,start       ] GC(1365) Pause Young (Normal) (G1 Evacuation Pause)
[7416.924s][info][gc,task        ] GC(1365) Using 8 workers of 8 for evacuation
[7417.082s][info][gc,phases      ] GC(1365)   Pre Evacuate Collection Set: 0.22ms
[7417.082s][info][gc,phases      ] GC(1365)   Merge Heap Roots: 0.57ms
[7417.082s][info][gc,phases      ] GC(1365)   Evacuate Collection Set: 156.45ms
[7417.082s][info][gc,phases      ] GC(1365)   Post Evacuate Collection Set: 1.10ms
[7417.082s][info][gc,phases      ] GC(1365)   Other: 0.08ms
[7417.082s][info][gc,heap        ] GC(1365) Eden regions: 568->0(570)
[7417.082s][info][gc,heap        ] GC(1365) Survivor regions: 46->44(77)
[7417.082s][info][gc,heap        ] GC(1365) Old regions: 192->199
[7417.082s][info][gc,heap        ] GC(1365) Humongous regions: 33->33
[7417.082s][info][gc,metaspace   ] GC(1365) Metaspace: 30010K(30528K)->30010K(30528K) NonClass: 26612K(26880K)->26612K(26880K) Class: 3397K(3648K)->3397K(3648K)
[7417.082s][info][gc             ] GC(1365) Pause Young (Normal) (G1 Evacuation Pause) 6689M->2191M(8192M) 158.573ms
[7417.082s][info][gc,cpu         ] GC(1365) User=1.24s Sys=0.00s Real=0.16s
...[7419.933s][info][gc,start       ] GC(1366) Pause Young (Normal) (G1 Evacuation Pause)
[7419.933s][info][gc,task        ] GC(1366) Using 8 workers of 8 for evacuation
[7420.084s][info][gc,phases      ] GC(1366)   Pre Evacuate Collection Set: 0.23ms
[7420.084s][info][gc,phases      ] GC(1366)   Merge Heap Roots: 0.56ms
[7420.084s][info][gc,phases      ] GC(1366)   Evacuate Collection Set: 149.39ms
[7420.084s][info][gc,phases      ] GC(1366)   Post Evacuate Collection Set: 1.02ms
[7420.084s][info][gc,phases      ] GC(1366)   Other: 0.06ms
[7420.084s][info][gc,heap        ] GC(1366) Eden regions: 570->0(571)
[7420.084s][info][gc,heap        ] GC(1366) Survivor regions: 44->43(77)
[7420.084s][info][gc,heap        ] GC(1366) Old regions: 199->206
[7420.084s][info][gc,heap        ] GC(1366) Humongous regions: 33->33
[7420.084s][info][gc,metaspace   ] GC(1366) Metaspace: 30010K(30528K)->30010K(30528K) NonClass: 26612K(26880K)->26612K(26880K) Class: 3397K(3648K)->3397K(3648K)
[7420.084s][info][gc             ] GC(1366) Pause Young (Normal) (G1 Evacuation Pause) 6751M->2241M(8192M) 151.383ms
[7420.084s][info][gc,cpu         ] GC(1366) User=1.20s Sys=0.00s Real=0.15s
...[7422.813s][info][gc,start       ] GC(1367) Pause Young (Normal) (G1 Evacuation Pause)
[7422.813s][info][gc,task        ] GC(1367) Using 8 workers of 8 for evacuation
[7422.969s][info][gc,phases      ] GC(1367)   Pre Evacuate Collection Set: 0.22ms
[7422.969s][info][gc,phases      ] GC(1367)   Merge Heap Roots: 0.55ms
[7422.969s][info][gc,phases      ] GC(1367)   Evacuate Collection Set: 154.87ms
[7422.969s][info][gc,phases      ] GC(1367)   Post Evacuate Collection Set: 1.05ms
[7422.969s][info][gc,phases      ] GC(1367)   Other: 0.06ms
[7422.969s][info][gc,heap        ] GC(1367) Eden regions: 571->0(569)
[7422.969s][info][gc,heap        ] GC(1367) Survivor regions: 43->45(77)
[7422.969s][info][gc,heap        ] GC(1367) Old regions: 206->213
[7422.969s][info][gc,heap        ] GC(1367) Humongous regions: 33->33
[7422.969s][info][gc,metaspace   ] GC(1367) Metaspace: 30010K(30528K)->30010K(30528K) NonClass: 26612K(26880K)->26612K(26880K) Class: 3397K(3648K)->3397K(3648K)
[7422.970s][info][gc             ] GC(1367) Pause Young (Normal) (G1 Evacuation Pause) 6809M->2307M(8192M) 156.876ms
[7422.970s][info][gc,cpu         ] GC(1367) User=1.25s Sys=0.00s Real=0.15s
...[7425.760s][info][gc,start       ] GC(1368) Pause Young (Normal) (G1 Evacuation Pause)
[7425.760s][info][gc,task        ] GC(1368) Using 8 workers of 8 for evacuation
[7425.920s][info][gc,phases      ] GC(1368)   Pre Evacuate Collection Set: 0.21ms
[7425.920s][info][gc,phases      ] GC(1368)   Merge Heap Roots: 0.54ms
[7425.920s][info][gc,phases      ] GC(1368)   Evacuate Collection Set: 158.73ms
[7425.920s][info][gc,phases      ] GC(1368)   Post Evacuate Collection Set: 1.03ms
[7425.920s][info][gc,phases      ] GC(1368)   Other: 0.06ms
[7425.920s][info][gc,heap        ] GC(1368) Eden regions: 569->0(569)
[7425.920s][info][gc,heap        ] GC(1368) Survivor regions: 45->45(77)
[7425.920s][info][gc,heap        ] GC(1368) Old regions: 213->220
[7425.920s][info][gc,heap        ] GC(1368) Humongous regions: 33->33
[7425.920s][info][gc,metaspace   ] GC(1368) Metaspace: 30010K(30528K)->30010K(30528K) NonClass: 26612K(26880K)->26612K(26880K) Class: 3397K(3648K)->3397K(3648K)
[7425.920s][info][gc             ] GC(1368) Pause Young (Normal) (G1 Evacuation Pause) 6859M->2367M(8192M) 160.701ms
[7425.920s][info][gc,cpu         ] GC(1368) User=1.27s Sys=0.00s Real=0.16s
...[7428.689s][info][gc,start       ] GC(1369) Pause Young (Normal) (G1 Evacuation Pause)
[7428.689s][info][gc,task        ] GC(1369) Using 8 workers of 8 for evacuation
[7428.860s][info][gc,phases      ] GC(1369)   Pre Evacuate Collection Set: 0.21ms
[7428.860s][info][gc,phases      ] GC(1369)   Merge Heap Roots: 0.64ms
[7428.860s][info][gc,phases      ] GC(1369)   Evacuate Collection Set: 168.77ms
[7428.860s][info][gc,phases      ] GC(1369)   Post Evacuate Collection Set: 1.06ms
[7428.860s][info][gc,phases      ] GC(1369)   Other: 0.06ms
[7428.860s][info][gc,heap        ] GC(1369) Eden regions: 569->0(566)
[7428.860s][info][gc,heap        ] GC(1369) Survivor regions: 45->48(77)
[7428.860s][info][gc,heap        ] GC(1369) Old regions: 220->227
[7428.860s][info][gc,heap        ] GC(1369) Humongous regions: 33->33
[7428.860s][info][gc,metaspace   ] GC(1369) Metaspace: 30010K(30528K)->30010K(30528K) NonClass: 26612K(26880K)->26612K(26880K) Class: 3397K(3648K)->3397K(3648K)
[7428.860s][info][gc             ] GC(1369) Pause Young (Normal) (G1 Evacuation Pause) 6919M->2449M(8192M) 170.869ms
[7428.860s][info][gc,cpu         ] GC(1369) User=1.35s Sys=0.00s Real=0.17s
...[7431.644s][info][gc,start       ] GC(1370) Pause Young (Normal) (G1 Evacuation Pause)
[7431.644s][info][gc,task        ] GC(1370) Using 8 workers of 8 for evacuation
[7431.796s][info][gc,phases      ] GC(1370)   Pre Evacuate Collection Set: 0.22ms
[7431.796s][info][gc,phases      ] GC(1370)   Merge Heap Roots: 0.58ms
[7431.796s][info][gc,phases      ] GC(1370)   Evacuate Collection Set: 149.34ms
[7431.796s][info][gc,phases      ] GC(1370)   Post Evacuate Collection Set: 1.08ms
[7431.796s][info][gc,phases      ] GC(1370)   Other: 0.06ms
[7431.796s][info][gc,heap        ] GC(1370) Eden regions: 566->0(571)
[7431.796s][info][gc,heap        ] GC(1370) Survivor regions: 48->43(77)
[7431.796s][info][gc,heap        ] GC(1370) Old regions: 227->234
[7431.796s][info][gc,heap        ] GC(1370) Humongous regions: 33->33
[7431.796s][info][gc,metaspace   ] GC(1370) Metaspace: 30010K(30528K)->30010K(30528K) NonClass: 26612K(26880K)->26612K(26880K) Class: 3397K(3648K)->3397K(3648K)
[7431.796s][info][gc             ] GC(1370) Pause Young (Normal) (G1 Evacuation Pause) 6977M->2467M(8192M) 151.433ms
[7431.796s][info][gc,cpu         ] GC(1370) User=1.20s Sys=0.00s Real=0.15s
..|.[7434.617s][info][gc,start       ] GC(1371) Pause Young (Normal) (G1 Evacuation Pause)
[7434.617s][info][gc,task        ] GC(1371) Using 8 workers of 8 for evacuation
[7434.769s][info][gc,phases      ] GC(1371)   Pre Evacuate Collection Set: 0.23ms
[7434.769s][info][gc,phases      ] GC(1371)   Merge Heap Roots: 0.59ms
[7434.769s][info][gc,phases      ] GC(1371)   Evacuate Collection Set: 150.54ms
[7434.769s][info][gc,phases      ] GC(1371)   Post Evacuate Collection Set: 1.07ms
[7434.769s][info][gc,phases      ] GC(1371)   Other: 0.06ms
[7434.769s][info][gc,heap        ] GC(1371) Eden regions: 571->0(571)
[7434.769s][info][gc,heap        ] GC(1371) Survivor regions: 43->43(77)
[7434.769s][info][gc,heap        ] GC(1371) Old regions: 234->242
[7434.769s][info][gc,heap        ] GC(1371) Humongous regions: 33->33
[7434.769s][info][gc,metaspace   ] GC(1371) Metaspace: 30010K(30528K)->30010K(30528K) NonClass: 26612K(26880K)->26612K(26880K) Class: 3397K(3648K)->3397K(3648K)
[7434.769s][info][gc             ] GC(1371) Pause Young (Normal) (G1 Evacuation Pause) 7035M->2523M(8192M) 152.624ms
[7434.769s][info][gc,cpu         ] GC(1371) User=1.21s Sys=0.00s Real=0.15s
..[7437.574s][info][gc,start       ] GC(1372) Pause Young (Normal) (G1 Evacuation Pause)
[7437.574s][info][gc,task        ] GC(1372) Using 8 workers of 8 for evacuation
[7437.735s][info][gc,phases      ] GC(1372)   Pre Evacuate Collection Set: 0.20ms
[7437.735s][info][gc,phases      ] GC(1372)   Merge Heap Roots: 0.56ms
[7437.735s][info][gc,phases      ] GC(1372)   Evacuate Collection Set: 158.74ms
[7437.735s][info][gc,phases      ] GC(1372)   Post Evacuate Collection Set: 1.09ms
[7437.735s][info][gc,phases      ] GC(1372)   Other: 0.06ms
[7437.735s][info][gc,heap        ] GC(1372) Eden regions: 571->0(569)
[7437.735s][info][gc,heap        ] GC(1372) Survivor regions: 43->45(77)
[7437.735s][info][gc,heap        ] GC(1372) Old regions: 242->249
[7437.735s][info][gc,heap        ] GC(1372) Humongous regions: 33->33
[7437.735s][info][gc,metaspace   ] GC(1372) Metaspace: 30010K(30528K)->30010K(30528K) NonClass: 26612K(26880K)->26612K(26880K) Class: 3397K(3648K)->3397K(3648K)
[7437.735s][info][gc             ] GC(1372) Pause Young (Normal) (G1 Evacuation Pause) 7091M->2602M(8192M) 160.780ms
[7437.735s][info][gc,cpu         ] GC(1372) User=1.28s Sys=0.00s Real=0.16s
...[7440.507s][info][gc,start       ] GC(1373) Pause Young (Normal) (G1 Evacuation Pause)
[7440.507s][info][gc,task        ] GC(1373) Using 8 workers of 8 for evacuation
[7440.665s][info][gc,phases      ] GC(1373)   Pre Evacuate Collection Set: 0.22ms
[7440.665s][info][gc,phases      ] GC(1373)   Merge Heap Roots: 0.56ms
[7440.665s][info][gc,phases      ] GC(1373)   Evacuate Collection Set: 156.83ms
[7440.665s][info][gc,phases      ] GC(1373)   Post Evacuate Collection Set: 1.04ms
[7440.665s][info][gc,phases      ] GC(1373)   Other: 0.06ms
[7440.665s][info][gc,heap        ] GC(1373) Eden regions: 569->0(569)
[7440.665s][info][gc,heap        ] GC(1373) Survivor regions: 45->45(77)
[7440.665s][info][gc,heap        ] GC(1373) Old regions: 249->256
[7440.665s][info][gc,heap        ] GC(1373) Humongous regions: 33->33
[7440.665s][info][gc,metaspace   ] GC(1373) Metaspace: 30010K(30528K)->30010K(30528K) NonClass: 26612K(26880K)->26612K(26880K) Class: 3397K(3648K)->3397K(3648K)
[7440.665s][info][gc             ] GC(1373) Pause Young (Normal) (G1 Evacuation Pause) 7154M->2659M(8192M) 158.847ms
[7440.665s][info][gc,cpu         ] GC(1373) User=1.26s Sys=0.01s Real=0.16s
...[7443.458s][info][gc,start       ] GC(1374) Pause Young (Normal) (G1 Evacuation Pause)
[7443.458s][info][gc,task        ] GC(1374) Using 8 workers of 8 for evacuation
[7443.614s][info][gc,phases      ] GC(1374)   Pre Evacuate Collection Set: 0.21ms
[7443.614s][info][gc,phases      ] GC(1374)   Merge Heap Roots: 0.56ms
[7443.614s][info][gc,phases      ] GC(1374)   Evacuate Collection Set: 154.10ms
[7443.614s][info][gc,phases      ] GC(1374)   Post Evacuate Collection Set: 1.05ms
[7443.614s][info][gc,phases      ] GC(1374)   Other: 0.07ms
[7443.614s][info][gc,heap        ] GC(1374) Eden regions: 569->0(570)
[7443.614s][info][gc,heap        ] GC(1374) Survivor regions: 45->44(77)
[7443.614s][info][gc,heap        ] GC(1374) Old regions: 256->263
[7443.614s][info][gc,heap        ] GC(1374) Humongous regions: 33->33
[7443.614s][info][gc,metaspace   ] GC(1374) Metaspace: 30010K(30528K)->30010K(30528K) NonClass: 26612K(26880K)->26612K(26880K) Class: 3397K(3648K)->3397K(3648K)
[7443.614s][info][gc             ] GC(1374) Pause Young (Normal) (G1 Evacuation Pause) 7211M->2707M(8192M) 156.116ms
[7443.614s][info][gc,cpu         ] GC(1374) User=1.23s Sys=0.00s Real=0.16s
...[7446.373s][info][gc,start       ] GC(1375) Pause Young (Normal) (G1 Evacuation Pause)
[7446.373s][info][gc,task        ] GC(1375) Using 8 workers of 8 for evacuation
[7446.528s][info][gc,phases      ] GC(1375)   Pre Evacuate Collection Set: 0.22ms
[7446.528s][info][gc,phases      ] GC(1375)   Merge Heap Roots: 0.55ms
[7446.528s][info][gc,phases      ] GC(1375)   Evacuate Collection Set: 152.61ms
[7446.528s][info][gc,phases      ] GC(1375)   Post Evacuate Collection Set: 1.05ms
[7446.528s][info][gc,phases      ] GC(1375)   Other: 0.06ms
[7446.528s][info][gc,heap        ] GC(1375) Eden regions: 570->0(570)
[7446.528s][info][gc,heap        ] GC(1375) Survivor regions: 44->44(77)
[7446.528s][info][gc,heap        ] GC(1375) Old regions: 263->271
[7446.528s][info][gc,heap        ] GC(1375) Humongous regions: 33->33
[7446.528s][info][gc,metaspace   ] GC(1375) Metaspace: 30010K(30528K)->30010K(30528K) NonClass: 26612K(26880K)->26612K(26880K) Class: 3397K(3648K)->3397K(3648K)
[7446.528s][info][gc             ] GC(1375) Pause Young (Normal) (G1 Evacuation Pause) 7267M->2763M(8192M) 154.618ms
[7446.528s][info][gc,cpu         ] GC(1375) User=1.23s Sys=0.00s Real=0.15s
...[7449.273s][info][gc,start       ] GC(1376) Pause Young (Normal) (G1 Evacuation Pause)
[7449.274s][info][gc,task        ] GC(1376) Using 8 workers of 8 for evacuation
[7449.432s][info][gc,phases      ] GC(1376)   Pre Evacuate Collection Set: 0.22ms
[7449.432s][info][gc,phases      ] GC(1376)   Merge Heap Roots: 0.58ms
[7449.432s][info][gc,phases      ] GC(1376)   Evacuate Collection Set: 156.75ms
[7449.432s][info][gc,phases      ] GC(1376)   Post Evacuate Collection Set: 1.04ms
[7449.432s][info][gc,phases      ] GC(1376)   Other: 0.07ms
[7449.432s][info][gc,heap        ] GC(1376) Eden regions: 570->0(569)
[7449.432s][info][gc,heap        ] GC(1376) Survivor regions: 44->45(77)
[7449.432s][info][gc,heap        ] GC(1376) Old regions: 271->278
[7449.432s][info][gc,heap        ] GC(1376) Humongous regions: 33->33
[7449.432s][info][gc,metaspace   ] GC(1376) Metaspace: 30010K(30528K)->30010K(30528K) NonClass: 26612K(26880K)->26612K(26880K) Class: 3397K(3648K)->3397K(3648K)
[7449.432s][info][gc             ] GC(1376) Pause Young (Normal) (G1 Evacuation Pause) 7323M->2831M(8192M) 158.796ms
[7449.432s][info][gc,cpu         ] GC(1376) User=1.26s Sys=0.00s Real=0.16s
...[7452.237s][info][gc,start       ] GC(1377) Pause Young (Normal) (G1 Evacuation Pause)
[7452.237s][info][gc,task        ] GC(1377) Using 8 workers of 8 for evacuation
[7452.393s][info][gc,phases      ] GC(1377)   Pre Evacuate Collection Set: 0.21ms
[7452.393s][info][gc,phases      ] GC(1377)   Merge Heap Roots: 0.57ms
[7452.393s][info][gc,phases      ] GC(1377)   Evacuate Collection Set: 154.23ms
[7452.393s][info][gc,phases      ] GC(1377)   Post Evacuate Collection Set: 1.01ms
[7452.393s][info][gc,phases      ] GC(1377)   Other: 0.06ms
[7452.393s][info][gc,heap        ] GC(1377) Eden regions: 569->0(564)
[7452.393s][info][gc,heap        ] GC(1377) Survivor regions: 45->45(77)
[7452.393s][info][gc,heap        ] GC(1377) Old regions: 278->285
[7452.393s][info][gc,heap        ] GC(1377) Humongous regions: 33->33
[7452.393s][info][gc,metaspace   ] GC(1377) Metaspace: 30010K(30528K)->30010K(30528K) NonClass: 26612K(26880K)->26612K(26880K) Class: 3397K(3648K)->3397K(3648K)
[7452.393s][info][gc             ] GC(1377) Pause Young (Normal) (G1 Evacuation Pause) 7383M->2890M(8192M) 156.201ms
[7452.393s][info][gc,cpu         ] GC(1377) User=1.24s Sys=0.00s Real=0.16s
...[7455.124s][info][gc,start       ] GC(1378) Pause Young (Normal) (G1 Evacuation Pause)
[7455.124s][info][gc,task        ] GC(1378) Using 8 workers of 8 for evacuation
[7455.287s][info][gc,phases      ] GC(1378)   Pre Evacuate Collection Set: 0.22ms
[7455.287s][info][gc,phases      ] GC(1378)   Merge Heap Roots: 0.55ms
[7455.287s][info][gc,phases      ] GC(1378)   Evacuate Collection Set: 161.02ms
[7455.287s][info][gc,phases      ] GC(1378)   Post Evacuate Collection Set: 1.06ms
[7455.287s][info][gc,phases      ] GC(1378)   Other: 0.06ms
[7455.287s][info][gc,heap        ] GC(1378) Eden regions: 564->0(556)
[7455.287s][info][gc,heap        ] GC(1378) Survivor regions: 45->45(77)
[7455.287s][info][gc,heap        ] GC(1378) Old regions: 285->293
[7455.287s][info][gc,heap        ] GC(1378) Humongous regions: 33->33
[7455.287s][info][gc,metaspace   ] GC(1378) Metaspace: 30010K(30528K)->30010K(30528K) NonClass: 26612K(26880K)->26612K(26880K) Class: 3397K(3648K)->3397K(3648K)
[7455.287s][info][gc             ] GC(1378) Pause Young (Normal) (G1 Evacuation Pause) 7402M->2949M(8192M) 163.042ms
[7455.287s][info][gc,cpu         ] GC(1378) User=1.29s Sys=0.00s Real=0.16s
...[7458.001s][info][gc,start       ] GC(1379) Pause Young (Normal) (G1 Evacuation Pause)
[7458.001s][info][gc,task        ] GC(1379) Using 8 workers of 8 for evacuation
[7458.153s][info][gc,phases      ] GC(1379)   Pre Evacuate Collection Set: 0.20ms
[7458.153s][info][gc,phases      ] GC(1379)   Merge Heap Roots: 0.53ms
[7458.153s][info][gc,phases      ] GC(1379)   Evacuate Collection Set: 149.79ms
[7458.153s][info][gc,phases      ] GC(1379)   Post Evacuate Collection Set: 1.05ms
[7458.153s][info][gc,phases      ] GC(1379)   Other: 0.06ms
[7458.153s][info][gc,heap        ] GC(1379) Eden regions: 556->0(553)
[7458.153s][info][gc,heap        ] GC(1379) Survivor regions: 45->43(76)
[7458.153s][info][gc,heap        ] GC(1379) Old regions: 293->300
[7458.153s][info][gc,heap        ] GC(1379) Humongous regions: 33->33
[7458.153s][info][gc,metaspace   ] GC(1379) Metaspace: 30010K(30528K)->30010K(30528K) NonClass: 26612K(26880K)->26612K(26880K) Class: 3397K(3648K)->3397K(3648K)
[7458.153s][info][gc             ] GC(1379) Pause Young (Normal) (G1 Evacuation Pause) 7397M->2993M(8192M) 151.776ms
[7458.153s][info][gc,cpu         ] GC(1379) User=1.20s Sys=0.00s Real=0.15s
...[7460.868s][info][gc,start       ] GC(1380) Pause Young (Normal) (G1 Evacuation Pause)
[7460.868s][info][gc,task        ] GC(1380) Using 8 workers of 8 for evacuation
[7461.022s][info][gc,phases      ] GC(1380)   Pre Evacuate Collection Set: 0.22ms
[7461.022s][info][gc,phases      ] GC(1380)   Merge Heap Roots: 0.60ms
[7461.022s][info][gc,phases      ] GC(1380)   Evacuate Collection Set: 152.25ms
[7461.022s][info][gc,phases      ] GC(1380)   Post Evacuate Collection Set: 1.05ms
[7461.022s][info][gc,phases      ] GC(1380)   Other: 0.06ms
[7461.022s][info][gc,heap        ] GC(1380) Eden regions: 553->0(545)
[7461.022s][info][gc,heap        ] GC(1380) Survivor regions: 43->43(75)
[7461.022s][info][gc,heap        ] GC(1380) Old regions: 300->308
[7461.022s][info][gc,heap        ] GC(1380) Humongous regions: 33->33
[7461.022s][info][gc,metaspace   ] GC(1380) Metaspace: 30010K(30528K)->30010K(30528K) NonClass: 26612K(26880K)->26612K(26880K) Class: 3397K(3648K)->3397K(3648K)
[7461.022s][info][gc             ] GC(1380) Pause Young (Normal) (G1 Evacuation Pause) 7417M->3054M(8192M) 154.311ms
[7461.023s][info][gc,cpu         ] GC(1380) User=1.23s Sys=0.00s Real=0.16s
..[7463.708s][info][gc,start       ] GC(1381) Pause Young (Concurrent Start) (G1 Evacuation Pause)
[7463.709s][info][gc,task        ] GC(1381) Using 8 workers of 8 for evacuation
[7463.860s][info][gc,phases      ] GC(1381)   Pre Evacuate Collection Set: 0.26ms
[7463.860s][info][gc,phases      ] GC(1381)   Merge Heap Roots: 0.58ms
[7463.860s][info][gc,phases      ] GC(1381)   Evacuate Collection Set: 149.84ms
[7463.860s][info][gc,phases      ] GC(1381)   Post Evacuate Collection Set: 1.02ms
[7463.860s][info][gc,phases      ] GC(1381)   Other: 0.08ms
[7463.860s][info][gc,heap        ] GC(1381) Eden regions: 545->0(538)
[7463.860s][info][gc,heap        ] GC(1381) Survivor regions: 43->43(74)
[7463.860s][info][gc,heap        ] GC(1381) Old regions: 308->315
[7463.860s][info][gc,heap        ] GC(1381) Humongous regions: 33->33
[7463.860s][info][gc,metaspace   ] GC(1381) Metaspace: 30010K(30528K)->30010K(30528K) NonClass: 26612K(26880K)->26612K(26880K) Class: 3397K(3648K)->3397K(3648K)
[7463.860s][info][gc             ] GC(1381) Pause Young (Concurrent Start) (G1 Evacuation Pause) 7414M->3115M(8192M) 151.907ms
[7463.860s][info][gc,cpu         ] GC(1381) User=1.21s Sys=0.00s Real=0.15s
[7463.860s][info][gc             ] GC(1382) Concurrent Mark Cycle
[7463.860s][info][gc,marking     ] GC(1382) Concurrent Scan Root Regions
.[7464.205s][info][gc,marking     ] GC(1382) Concurrent Scan Root Regions 344.261ms
[7464.205s][info][gc,marking     ] GC(1382) Concurrent Mark
[7464.205s][info][gc,marking     ] GC(1382) Concurrent Mark From Roots
[7464.205s][info][gc,task        ] GC(1382) Using 2 workers of 2 for marking
.[7465.522s][info][gc,marking     ] GC(1382) Concurrent Mark From Roots 1317.494ms
[7465.522s][info][gc,marking     ] GC(1382) Concurrent Preclean
[7465.522s][info][gc,marking     ] GC(1382) Concurrent Preclean 0.123ms
[7465.523s][info][gc,start       ] GC(1382) Pause Remark
[7465.526s][info][gc             ] GC(1382) Pause Remark 5139M->4531M(8192M) 3.438ms
[7465.526s][info][gc,cpu         ] GC(1382) User=0.02s Sys=0.00s Real=0.00s
[7465.526s][info][gc,marking     ] GC(1382) Concurrent Mark 1321.379ms
[7465.526s][info][gc,marking     ] GC(1382) Concurrent Rebuild Remembered Sets and Scrub Regions
.[7466.285s][info][gc,marking     ] GC(1382) Concurrent Rebuild Remembered Sets and Scrub Regions 758.792ms
[7466.285s][info][gc,start       ] GC(1382) Pause Cleanup
[7466.285s][info][gc             ] GC(1382) Pause Cleanup 5487M->5487M(8192M) 0.271ms
[7466.285s][info][gc,cpu         ] GC(1382) User=0.00s Sys=0.00s Real=0.00s
[7466.286s][info][gc,marking     ] GC(1382) Concurrent Clear Claimed Marks
[7466.286s][info][gc,marking     ] GC(1382) Concurrent Clear Claimed Marks 0.069ms
[7466.286s][info][gc,marking     ] GC(1382) Concurrent Cleanup for Next Mark
[7466.297s][info][gc,marking     ] GC(1382) Concurrent Cleanup for Next Mark 11.474ms
[7466.297s][info][gc             ] GC(1382) Concurrent Mark Cycle 2436.689ms
.[7467.130s][info][gc,start       ] GC(1383) Pause Young (Prepare Mixed) (G1 Evacuation Pause)
[7467.130s][info][gc,task        ] GC(1383) Using 8 workers of 8 for evacuation
[7467.286s][info][gc,phases      ] GC(1383)   Pre Evacuate Collection Set: 0.23ms
[7467.286s][info][gc,phases      ] GC(1383)   Merge Heap Roots: 0.73ms
[7467.286s][info][gc,phases      ] GC(1383)   Evacuate Collection Set: 154.18ms
[7467.286s][info][gc,phases      ] GC(1383)   Post Evacuate Collection Set: 1.15ms
[7467.286s][info][gc,phases      ] GC(1383)   Other: 0.07ms
[7467.286s][info][gc,heap        ] GC(1383) Eden regions: 538->0(570)
[7467.286s][info][gc,heap        ] GC(1383) Survivor regions: 43->44(73)
[7467.286s][info][gc,heap        ] GC(1383) Old regions: 239->247
[7467.286s][info][gc,heap        ] GC(1383) Humongous regions: 33->33
[7467.286s][info][gc,metaspace   ] GC(1383) Metaspace: 30010K(30528K)->30010K(30528K) NonClass: 26612K(26880K)->26612K(26880K) Class: 3397K(3648K)->3397K(3648K)
[7467.286s][info][gc             ] GC(1383) Pause Young (Prepare Mixed) (G1 Evacuation Pause) 6811M->2572M(8192M) 156.487ms
[7467.286s][info][gc,cpu         ] GC(1383) User=1.24s Sys=0.01s Real=0.16s
...[7470.130s][info][gc,start       ] GC(1384) Pause Young (Mixed) (G1 Evacuation Pause)
[7470.130s][info][gc,task        ] GC(1384) Using 8 workers of 8 for evacuation
[7470.303s][info][gc,phases      ] GC(1384)   Pre Evacuate Collection Set: 0.24ms
[7470.303s][info][gc,phases      ] GC(1384)   Merge Heap Roots: 0.90ms
[7470.303s][info][gc,phases      ] GC(1384)   Evacuate Collection Set: 170.31ms
[7470.303s][info][gc,phases      ] GC(1384)   Post Evacuate Collection Set: 1.30ms
[7470.303s][info][gc,phases      ] GC(1384)   Other: 0.07ms
[7470.303s][info][gc,heap        ] GC(1384) Eden regions: 570->0(568)
[7470.303s][info][gc,heap        ] GC(1384) Survivor regions: 44->46(77)
[7470.303s][info][gc,heap        ] GC(1384) Old regions: 247->153
[7470.303s][info][gc,heap        ] GC(1384) Humongous regions: 33->33
[7470.303s][info][gc,metaspace   ] GC(1384) Metaspace: 30010K(30528K)->30010K(30528K) NonClass: 26612K(26880K)->26612K(26880K) Class: 3397K(3648K)->3397K(3648K)
[7470.303s][info][gc             ] GC(1384) Pause Young (Mixed) (G1 Evacuation Pause) 7132M->1838M(8192M) 172.965ms
[7470.303s][info][gc,cpu         ] GC(1384) User=1.37s Sys=0.00s Real=0.18s
...[7473.075s][info][gc,start       ] GC(1385) Pause Young (Mixed) (G1 Evacuation Pause)
[7473.075s][info][gc,task        ] GC(1385) Using 8 workers of 8 for evacuation
[7473.243s][info][gc,phases      ] GC(1385)   Pre Evacuate Collection Set: 0.26ms
[7473.243s][info][gc,phases      ] GC(1385)   Merge Heap Roots: 0.82ms
[7473.243s][info][gc,phases      ] GC(1385)   Evacuate Collection Set: 164.06ms
[7473.243s][info][gc,phases      ] GC(1385)   Merge Optional Heap Roots: 0.15ms
[7473.243s][info][gc,phases      ] GC(1385)   Evacuate Optional Collection Set: 0.95ms
[7473.243s][info][gc,phases      ] GC(1385)   Post Evacuate Collection Set: 1.11ms
[7473.243s][info][gc,phases      ] GC(1385)   Other: 0.07ms
[7473.243s][info][gc,heap        ] GC(1385) Eden regions: 568->0(570)
[7473.243s][info][gc,heap        ] GC(1385) Survivor regions: 46->44(77)
[7473.243s][info][gc,heap        ] GC(1385) Old regions: 153->143
[7473.243s][info][gc,heap        ] GC(1385) Humongous regions: 33->33
[7473.243s][info][gc,metaspace   ] GC(1385) Metaspace: 30010K(30528K)->30010K(30528K) NonClass: 26612K(26880K)->26612K(26880K) Class: 3397K(3648K)->3397K(3648K)
[7473.243s][info][gc             ] GC(1385) Pause Young (Mixed) (G1 Evacuation Pause) 6382M->1744M(8192M) 167.556ms
[7473.243s][info][gc,cpu         ] GC(1385) User=1.32s Sys=0.00s Real=0.17s
...[7476.094s][info][gc,start       ] GC(1386) Pause Young (Normal) (G1 Evacuation Pause)
[7476.094s][info][gc,task        ] GC(1386) Using 8 workers of 8 for evacuation
[7476.250s][info][gc,phases      ] GC(1386)   Pre Evacuate Collection Set: 0.22ms
[7476.250s][info][gc,phases      ] GC(1386)   Merge Heap Roots: 0.57ms
[7476.250s][info][gc,phases      ] GC(1386)   Evacuate Collection Set: 154.10ms
[7476.250s][info][gc,phases      ] GC(1386)   Post Evacuate Collection Set: 1.02ms
[7476.250s][info][gc,phases      ] GC(1386)   Other: 0.06ms
[7476.250s][info][gc,heap        ] GC(1386) Eden regions: 570->0(571)
[7476.250s][info][gc,heap        ] GC(1386) Survivor regions: 44->43(77)
[7476.250s][info][gc,heap        ] GC(1386) Old regions: 143->150
[7476.250s][info][gc,heap        ] GC(1386) Humongous regions: 33->33
[7476.250s][info][gc,metaspace   ] GC(1386) Metaspace: 30010K(30528K)->30010K(30528K) NonClass: 26612K(26880K)->26612K(26880K) Class: 3397K(3648K)->3397K(3648K)
[7476.250s][info][gc             ] GC(1386) Pause Young (Normal) (G1 Evacuation Pause) 6304M->1795M(8192M) 156.121ms
[7476.250s][info][gc,cpu         ] GC(1386) User=1.23s Sys=0.00s Real=0.15s
...[7479.054s][info][gc,start       ] GC(1387) Pause Young (Normal) (G1 Evacuation Pause)
[7479.054s][info][gc,task        ] GC(1387) Using 8 workers of 8 for evacuation
[7479.214s][info][gc,phases      ] GC(1387)   Pre Evacuate Collection Set: 0.20ms
[7479.214s][info][gc,phases      ] GC(1387)   Merge Heap Roots: 0.55ms
[7479.214s][info][gc,phases      ] GC(1387)   Evacuate Collection Set: 157.72ms
[7479.214s][info][gc,phases      ] GC(1387)   Post Evacuate Collection Set: 1.05ms
[7479.214s][info][gc,phases      ] GC(1387)   Other: 0.06ms
[7479.214s][info][gc,heap        ] GC(1387) Eden regions: 571->0(569)
[7479.214s][info][gc,heap        ] GC(1387) Survivor regions: 43->45(77)
[7479.214s][info][gc,heap        ] GC(1387) Old regions: 150->157
[7479.214s][info][gc,heap        ] GC(1387) Humongous regions: 33->33
[7479.214s][info][gc,metaspace   ] GC(1387) Metaspace: 30010K(30528K)->30010K(30528K) NonClass: 26612K(26880K)->26612K(26880K) Class: 3397K(3648K)->3397K(3648K)
[7479.214s][info][gc             ] GC(1387) Pause Young (Normal) (G1 Evacuation Pause) 6363M->1862M(8192M) 159.707ms
[7479.214s][info][gc,cpu         ] GC(1387) User=1.27s Sys=0.00s Real=0.16s
...[7481.934s][info][gc,start       ] GC(1388) Pause Young (Normal) (G1 Evacuation Pause)
[7481.935s][info][gc,task        ] GC(1388) Using 8 workers of 8 for evacuation
[7482.087s][info][gc,phases      ] GC(1388)   Pre Evacuate Collection Set: 0.23ms
[7482.087s][info][gc,phases      ] GC(1388)   Merge Heap Roots: 0.56ms
[7482.087s][info][gc,phases      ] GC(1388)   Evacuate Collection Set: 150.38ms
[7482.087s][info][gc,phases      ] GC(1388)   Post Evacuate Collection Set: 1.04ms
[7482.087s][info][gc,phases      ] GC(1388)   Other: 0.07ms
[7482.087s][info][gc,heap        ] GC(1388) Eden regions: 569->0(570)
[7482.087s][info][gc,heap        ] GC(1388) Survivor regions: 45->44(77)
[7482.087s][info][gc,heap        ] GC(1388) Old regions: 157->164
[7482.087s][info][gc,heap        ] GC(1388) Humongous regions: 33->33
[7482.087s][info][gc,metaspace   ] GC(1388) Metaspace: 30010K(30528K)->30010K(30528K) NonClass: 26612K(26880K)->26612K(26880K) Class: 3397K(3648K)->3397K(3648K)
[7482.087s][info][gc             ] GC(1388) Pause Young (Normal) (G1 Evacuation Pause) 6414M->1909M(8192M) 152.404ms
[7482.087s][info][gc,cpu         ] GC(1388) User=1.21s Sys=0.01s Real=0.15s
..[7484.877s][info][gc,start       ] GC(1389) Pause Young (Normal) (G1 Evacuation Pause)
[7484.877s][info][gc,task        ] GC(1389) Using 8 workers of 8 for evacuation
[7485.034s][info][gc,phases      ] GC(1389)   Pre Evacuate Collection Set: 0.21ms
[7485.034s][info][gc,phases      ] GC(1389)   Merge Heap Roots: 0.55ms
[7485.034s][info][gc,phases      ] GC(1389)   Evacuate Collection Set: 155.14ms
[7485.034s][info][gc,phases      ] GC(1389)   Post Evacuate Collection Set: 1.05ms
[7485.034s][info][gc,phases      ] GC(1389)   Other: 0.06ms
[7485.034s][info][gc,heap        ] GC(1389) Eden regions: 570->0(570)
[7485.034s][info][gc,heap        ] GC(1389) Survivor regions: 44->44(77)
[7485.034s][info][gc,heap        ] GC(1389) Old regions: 164->171
[7485.034s][info][gc,heap        ] GC(1389) Humongous regions: 33->33
[7485.034s][info][gc,metaspace   ] GC(1389) Metaspace: 30010K(30528K)->30010K(30528K) NonClass: 26612K(26880K)->26612K(26880K) Class: 3397K(3648K)->3397K(3648K)
[7485.034s][info][gc             ] GC(1389) Pause Young (Normal) (G1 Evacuation Pause) 6469M->1969M(8192M) 157.145ms
[7485.034s][info][gc,cpu         ] GC(1389) User=1.24s Sys=0.00s Real=0.16s
...[7487.814s][info][gc,start       ] GC(1390) Pause Young (Normal) (G1 Evacuation Pause)
[7487.814s][info][gc,task        ] GC(1390) Using 8 workers of 8 for evacuation
[7487.975s][info][gc,phases      ] GC(1390)   Pre Evacuate Collection Set: 0.21ms
[7487.975s][info][gc,phases      ] GC(1390)   Merge Heap Roots: 0.56ms
[7487.975s][info][gc,phases      ] GC(1390)   Evacuate Collection Set: 158.73ms
[7487.975s][info][gc,phases      ] GC(1390)   Post Evacuate Collection Set: 1.04ms
[7487.975s][info][gc,phases      ] GC(1390)   Other: 0.06ms
[7487.975s][info][gc,heap        ] GC(1390) Eden regions: 570->0(568)
[7487.975s][info][gc,heap        ] GC(1390) Survivor regions: 44->46(77)
[7487.975s][info][gc,heap        ] GC(1390) Old regions: 171->178
[7487.975s][info][gc,heap        ] GC(1390) Humongous regions: 33->33
[7487.975s][info][gc,metaspace   ] GC(1390) Metaspace: 30010K(30528K)->30010K(30528K) NonClass: 26612K(26880K)->26612K(26880K) Class: 3397K(3648K)->3397K(3648K)
[7487.975s][info][gc             ] GC(1390) Pause Young (Normal) (G1 Evacuation Pause) 6529M->2039M(8192M) 160.739ms
[7487.975s][info][gc,cpu         ] GC(1390) User=1.28s Sys=0.00s Real=0.16s
...[7490.827s][info][gc,start       ] GC(1391) Pause Young (Normal) (G1 Evacuation Pause)
[7490.827s][info][gc,task        ] GC(1391) Using 8 workers of 8 for evacuation
[7490.982s][info][gc,phases      ] GC(1391)   Pre Evacuate Collection Set: 0.23ms
[7490.982s][info][gc,phases      ] GC(1391)   Merge Heap Roots: 0.55ms
[7490.982s][info][gc,phases      ] GC(1391)   Evacuate Collection Set: 153.89ms
[7490.982s][info][gc,phases      ] GC(1391)   Post Evacuate Collection Set: 1.02ms
[7490.982s][info][gc,phases      ] GC(1391)   Other: 0.06ms
[7490.982s][info][gc,heap        ] GC(1391) Eden regions: 568->0(571)
[7490.982s][info][gc,heap        ] GC(1391) Survivor regions: 46->43(77)
[7490.982s][info][gc,heap        ] GC(1391) Old regions: 178->186
[7490.982s][info][gc,heap        ] GC(1391) Humongous regions: 33->33
[7490.982s][info][gc,metaspace   ] GC(1391) Metaspace: 30010K(30528K)->30010K(30528K) NonClass: 26612K(26880K)->26612K(26880K) Class: 3397K(3648K)->3397K(3648K)
[7490.982s][info][gc             ] GC(1391) Pause Young (Normal) (G1 Evacuation Pause) 6583M->2077M(8192M) 155.864ms
[7490.982s][info][gc,cpu         ] GC(1391) User=1.23s Sys=0.00s Real=0.16s
...[7493.715s][info][gc,start       ] GC(1392) Pause Young (Normal) (G1 Evacuation Pause)
[7493.715s][info][gc,task        ] GC(1392) Using 8 workers of 8 for evacuation
[7493.876s][info][gc,phases      ] GC(1392)   Pre Evacuate Collection Set: 0.21ms
[7493.876s][info][gc,phases      ] GC(1392)   Merge Heap Roots: 0.57ms
[7493.876s][info][gc,phases      ] GC(1392)   Evacuate Collection Set: 159.14ms
[7493.876s][info][gc,phases      ] GC(1392)   Post Evacuate Collection Set: 1.04ms
[7493.876s][info][gc,phases      ] GC(1392)   Other: 0.06ms
[7493.876s][info][gc,heap        ] GC(1392) Eden regions: 571->0(569)
[7493.876s][info][gc,heap        ] GC(1392) Survivor regions: 43->45(77)
[7493.876s][info][gc,heap        ] GC(1392) Old regions: 186->193
[7493.876s][info][gc,heap        ] GC(1392) Humongous regions: 33->33
[7493.876s][info][gc,metaspace   ] GC(1392) Metaspace: 30010K(30528K)->30010K(30528K) NonClass: 26612K(26880K)->26612K(26880K) Class: 3397K(3648K)->3397K(3648K)
[7493.876s][info][gc             ] GC(1392) Pause Young (Normal) (G1 Evacuation Pause) 6645M->2151M(8192M) 161.148ms
[7493.876s][info][gc,cpu         ] GC(1392) User=1.28s Sys=0.00s Real=0.16s
... (rIR:aIR:PR = 13007:13010:12887) (tPR = 190244) [OK] 
  7496s: Performance info:
         Transaction,    Success,    Partial,     Failed,   Receipts, AvgBarcode, 
             Overall,     804720,          0,          0,     764890,      59.47, 
         Response times:
             Request,    Success,    Partial,     Failed,   SkipFail,     Probes,    Samples,      min,      p50,      p90,      p95,      p99,      max, 
       TotalPurchase,     772294,          0,          0,          0,     303265,     535230,      400,   162000,   379000,   459000,   640000, 16000000,
     InStorePurchase,     408048,          0,          0,          0,     155824,     280932,      500,   162000,   381000,   461000,   650000, 16000000,
      OnlinePurchase,     282383,          0,          0,          0,     113544,     198002,      400,   162000,   377000,   451000,   640000, 16000000,
        InstPurchase,      81863,          0,          0,          0,      33897,      56296,      500,   162000,   378000,   452000,   610000,  6300000,
          AssocOfCat,        812,          0,          0,          0,        613,       1154,    64000,   232000,   437500,   516250,   614500,   760000,
      AssocOfProduct,       7999,          0,          0,          0,       3530,       6187,     2200,   162000,   373200,   428000,   542600,  3200000,
      BusinessReport,       2041,          0,          0,          0,       1571,       2881,    60000,   231000,   409000,   477900,   593080,  2100000,
          CustBuyBeh,       8253,          0,          0,          0,       3645,       6337,     2700,   159000,   373000,   441100,   548620, 16000000,
       ProductReturn,      20990,          0,          0,          0,       8341,      14354,      500,   161000,   364000,   429250,   581450,  3000000,

  7496s: (95%)   IR =  13145 [7496.725s][info][gc,start       ] GC(1393) Pause Young (Normal) (G1 Evacuation Pause)
[7496.725s][info][gc,task        ] GC(1393) Using 8 workers of 8 for evacuation
[7496.882s][info][gc,phases      ] GC(1393)   Pre Evacuate Collection Set: 0.21ms
[7496.882s][info][gc,phases      ] GC(1393)   Merge Heap Roots: 0.58ms
[7496.882s][info][gc,phases      ] GC(1393)   Evacuate Collection Set: 155.11ms
[7496.882s][info][gc,phases      ] GC(1393)   Post Evacuate Collection Set: 1.08ms
[7496.882s][info][gc,phases      ] GC(1393)   Other: 0.06ms
[7496.882s][info][gc,heap        ] GC(1393) Eden regions: 569->0(569)
[7496.882s][info][gc,heap        ] GC(1393) Survivor regions: 45->45(77)
[7496.882s][info][gc,heap        ] GC(1393) Old regions: 193->200
[7496.882s][info][gc,heap        ] GC(1393) Humongous regions: 33->33
[7496.882s][info][gc,metaspace   ] GC(1393) Metaspace: 30010K(30528K)->30010K(30528K) NonClass: 26612K(26880K)->26612K(26880K) Class: 3397K(3648K)->3397K(3648K)
[7496.882s][info][gc             ] GC(1393) Pause Young (Normal) (G1 Evacuation Pause) 6703M->2205M(8192M) 157.164ms
[7496.882s][info][gc,cpu         ] GC(1393) User=1.25s Sys=0.00s Real=0.16s
...[7499.649s][info][gc,start       ] GC(1394) Pause Young (Normal) (G1 Evacuation Pause)
[7499.649s][info][gc,task        ] GC(1394) Using 8 workers of 8 for evacuation
[7499.812s][info][gc,phases      ] GC(1394)   Pre Evacuate Collection Set: 0.22ms
[7499.812s][info][gc,phases      ] GC(1394)   Merge Heap Roots: 0.55ms
[7499.812s][info][gc,phases      ] GC(1394)   Evacuate Collection Set: 160.93ms
[7499.812s][info][gc,phases      ] GC(1394)   Post Evacuate Collection Set: 1.11ms
[7499.812s][info][gc,phases      ] GC(1394)   Other: 0.07ms
[7499.812s][info][gc,heap        ] GC(1394) Eden regions: 569->0(568)
[7499.812s][info][gc,heap        ] GC(1394) Survivor regions: 45->46(77)
[7499.812s][info][gc,heap        ] GC(1394) Old regions: 200->207
[7499.812s][info][gc,heap        ] GC(1394) Humongous regions: 33->33
[7499.812s][info][gc,metaspace   ] GC(1394) Metaspace: 30010K(30528K)->30010K(30528K) NonClass: 26612K(26880K)->26612K(26880K) Class: 3397K(3648K)->3397K(3648K)
[7499.812s][info][gc             ] GC(1394) Pause Young (Normal) (G1 Evacuation Pause) 6757M->2271M(8192M) 163.010ms
[7499.812s][info][gc,cpu         ] GC(1394) User=1.29s Sys=0.00s Real=0.17s
...[7502.647s][info][gc,start       ] GC(1395) Pause Young (Normal) (G1 Evacuation Pause)
[7502.647s][info][gc,task        ] GC(1395) Using 8 workers of 8 for evacuation
[7502.799s][info][gc,phases      ] GC(1395)   Pre Evacuate Collection Set: 0.23ms
[7502.799s][info][gc,phases      ] GC(1395)   Merge Heap Roots: 0.56ms
[7502.799s][info][gc,phases      ] GC(1395)   Evacuate Collection Set: 150.10ms
[7502.799s][info][gc,phases      ] GC(1395)   Post Evacuate Collection Set: 1.04ms
[7502.799s][info][gc,phases      ] GC(1395)   Other: 0.06ms
[7502.799s][info][gc,heap        ] GC(1395) Eden regions: 568->0(571)
[7502.799s][info][gc,heap        ] GC(1395) Survivor regions: 46->43(77)
[7502.799s][info][gc,heap        ] GC(1395) Old regions: 207->215
[7502.799s][info][gc,heap        ] GC(1395) Humongous regions: 33->33
[7502.799s][info][gc,metaspace   ] GC(1395) Metaspace: 30010K(30528K)->30010K(30528K) NonClass: 26612K(26880K)->26612K(26880K) Class: 3397K(3648K)->3397K(3648K)
[7502.799s][info][gc             ] GC(1395) Pause Young (Normal) (G1 Evacuation Pause) 6815M->2309M(8192M) 152.122ms
[7502.799s][info][gc,cpu         ] GC(1395) User=1.20s Sys=0.00s Real=0.15s
...[7505.642s][info][gc,start       ] GC(1396) Pause Young (Normal) (G1 Evacuation Pause)
[7505.642s][info][gc,task        ] GC(1396) Using 8 workers of 8 for evacuation
[7505.795s][info][gc,phases      ] GC(1396)   Pre Evacuate Collection Set: 0.22ms
[7505.795s][info][gc,phases      ] GC(1396)   Merge Heap Roots: 0.55ms
[7505.795s][info][gc,phases      ] GC(1396)   Evacuate Collection Set: 151.61ms
[7505.795s][info][gc,phases      ] GC(1396)   Post Evacuate Collection Set: 1.06ms
[7505.795s][info][gc,phases      ] GC(1396)   Other: 0.07ms
[7505.795s][info][gc,heap        ] GC(1396) Eden regions: 571->0(571)
[7505.795s][info][gc,heap        ] GC(1396) Survivor regions: 43->43(77)
[7505.795s][info][gc,heap        ] GC(1396) Old regions: 215->222
[7505.795s][info][gc,heap        ] GC(1396) Humongous regions: 33->33
[7505.795s][info][gc,metaspace   ] GC(1396) Metaspace: 30010K(30528K)->30010K(30528K) NonClass: 26612K(26880K)->26612K(26880K) Class: 3397K(3648K)->3397K(3648K)
[7505.795s][info][gc             ] GC(1396) Pause Young (Normal) (G1 Evacuation Pause) 6877M->2366M(8192M) 153.630ms
[7505.795s][info][gc,cpu         ] GC(1396) User=1.21s Sys=0.00s Real=0.15s
...[7508.602s][info][gc,start       ] GC(1397) Pause Young (Normal) (G1 Evacuation Pause)
[7508.602s][info][gc,task        ] GC(1397) Using 8 workers of 8 for evacuation
[7508.758s][info][gc,phases      ] GC(1397)   Pre Evacuate Collection Set: 0.22ms
[7508.758s][info][gc,phases      ] GC(1397)   Merge Heap Roots: 0.54ms
[7508.758s][info][gc,phases      ] GC(1397)   Evacuate Collection Set: 153.94ms
[7508.758s][info][gc,phases      ] GC(1397)   Post Evacuate Collection Set: 1.06ms
[7508.758s][info][gc,phases      ] GC(1397)   Other: 0.06ms
[7508.758s][info][gc,heap        ] GC(1397) Eden regions: 571->0(571)
[7508.758s][info][gc,heap        ] GC(1397) Survivor regions: 43->43(77)
[7508.758s][info][gc,heap        ] GC(1397) Old regions: 222->229
[7508.758s][info][gc,heap        ] GC(1397) Humongous regions: 33->33
[7508.758s][info][gc,metaspace   ] GC(1397) Metaspace: 30010K(30528K)->30010K(30528K) NonClass: 26612K(26880K)->26612K(26880K) Class: 3397K(3648K)->3397K(3648K)
[7508.758s][info][gc             ] GC(1397) Pause Young (Normal) (G1 Evacuation Pause) 6934M->2425M(8192M) 155.934ms
[7508.758s][info][gc,cpu         ] GC(1397) User=1.24s Sys=0.00s Real=0.15s
...[7511.479s][info][gc,start       ] GC(1398) Pause Young (Normal) (G1 Evacuation Pause)
[7511.479s][info][gc,task        ] GC(1398) Using 8 workers of 8 for evacuation
[7511.644s][info][gc,phases      ] GC(1398)   Pre Evacuate Collection Set: 0.21ms
[7511.644s][info][gc,phases      ] GC(1398)   Merge Heap Roots: 0.56ms
[7511.644s][info][gc,phases      ] GC(1398)   Evacuate Collection Set: 162.57ms
[7511.644s][info][gc,phases      ] GC(1398)   Post Evacuate Collection Set: 1.03ms
[7511.644s][info][gc,phases      ] GC(1398)   Other: 0.06ms
[7511.644s][info][gc,heap        ] GC(1398) Eden regions: 571->0(567)
[7511.644s][info][gc,heap        ] GC(1398) Survivor regions: 43->47(77)
[7511.644s][info][gc,heap        ] GC(1398) Old regions: 229->236
[7511.644s][info][gc,heap        ] GC(1398) Humongous regions: 33->33
[7511.644s][info][gc,metaspace   ] GC(1398) Metaspace: 30010K(30528K)->30010K(30528K) NonClass: 26612K(26880K)->26612K(26880K) Class: 3397K(3648K)->3397K(3648K)
[7511.644s][info][gc             ] GC(1398) Pause Young (Normal) (G1 Evacuation Pause) 6993M->2509M(8192M) 164.566ms
[7511.644s][info][gc,cpu         ] GC(1398) User=1.30s Sys=0.00s Real=0.17s
.|..[7514.431s][info][gc,start       ] GC(1399) Pause Young (Normal) (G1 Evacuation Pause)
[7514.431s][info][gc,task        ] GC(1399) Using 8 workers of 8 for evacuation
[7514.586s][info][gc,phases      ] GC(1399)   Pre Evacuate Collection Set: 0.21ms
[7514.586s][info][gc,phases      ] GC(1399)   Merge Heap Roots: 0.54ms
[7514.586s][info][gc,phases      ] GC(1399)   Evacuate Collection Set: 152.46ms
[7514.586s][info][gc,phases      ] GC(1399)   Post Evacuate Collection Set: 1.04ms
[7514.586s][info][gc,phases      ] GC(1399)   Other: 0.06ms
[7514.586s][info][gc,heap        ] GC(1399) Eden regions: 567->0(571)
[7514.586s][info][gc,heap        ] GC(1399) Survivor regions: 47->43(77)
[7514.586s][info][gc,heap        ] GC(1399) Old regions: 236->243
[7514.586s][info][gc,heap        ] GC(1399) Humongous regions: 33->33
[7514.586s][info][gc,metaspace   ] GC(1399) Metaspace: 30010K(30528K)->30010K(30528K) NonClass: 26612K(26880K)->26612K(26880K) Class: 3397K(3648K)->3397K(3648K)
[7514.586s][info][gc             ] GC(1399) Pause Young (Normal) (G1 Evacuation Pause) 7045M->2537M(8192M) 154.444ms
[7514.586s][info][gc,cpu         ] GC(1399) User=1.22s Sys=0.00s Real=0.15s
...[7517.400s][info][gc,start       ] GC(1400) Pause Young (Normal) (G1 Evacuation Pause)
[7517.400s][info][gc,task        ] GC(1400) Using 8 workers of 8 for evacuation
[7517.556s][info][gc,phases      ] GC(1400)   Pre Evacuate Collection Set: 0.22ms
[7517.556s][info][gc,phases      ] GC(1400)   Merge Heap Roots: 0.54ms
[7517.556s][info][gc,phases      ] GC(1400)   Evacuate Collection Set: 154.06ms
[7517.556s][info][gc,phases      ] GC(1400)   Post Evacuate Collection Set: 1.05ms
[7517.556s][info][gc,phases      ] GC(1400)   Other: 0.07ms
[7517.556s][info][gc,heap        ] GC(1400) Eden regions: 571->0(570)
[7517.556s][info][gc,heap        ] GC(1400) Survivor regions: 43->44(77)
[7517.556s][info][gc,heap        ] GC(1400) Old regions: 243->251
[7517.556s][info][gc,heap        ] GC(1400) Humongous regions: 33->33
[7517.556s][info][gc,metaspace   ] GC(1400) Metaspace: 30010K(30528K)->30010K(30528K) NonClass: 26612K(26880K)->26612K(26880K) Class: 3397K(3648K)->3397K(3648K)
[7517.556s][info][gc             ] GC(1400) Pause Young (Normal) (G1 Evacuation Pause) 7105M->2606M(8192M) 156.063ms
[7517.556s][info][gc,cpu         ] GC(1400) User=1.23s Sys=0.00s Real=0.16s
...[7520.359s][info][gc,start       ] GC(1401) Pause Young (Normal) (G1 Evacuation Pause)
[7520.359s][info][gc,task        ] GC(1401) Using 8 workers of 8 for evacuation
[7520.512s][info][gc,phases      ] GC(1401)   Pre Evacuate Collection Set: 0.22ms
[7520.512s][info][gc,phases      ] GC(1401)   Merge Heap Roots: 0.55ms
[7520.512s][info][gc,phases      ] GC(1401)   Evacuate Collection Set: 151.31ms
[7520.512s][info][gc,phases      ] GC(1401)   Post Evacuate Collection Set: 0.95ms
[7520.512s][info][gc,phases      ] GC(1401)   Other: 0.06ms
[7520.513s][info][gc,heap        ] GC(1401) Eden regions: 570->0(571)
[7520.513s][info][gc,heap        ] GC(1401) Survivor regions: 44->43(77)
[7520.513s][info][gc,heap        ] GC(1401) Old regions: 251->258
[7520.513s][info][gc,heap        ] GC(1401) Humongous regions: 33->33
[7520.513s][info][gc,metaspace   ] GC(1401) Metaspace: 30010K(30528K)->30010K(30528K) NonClass: 26612K(26880K)->26612K(26880K) Class: 3397K(3648K)->3397K(3648K)
[7520.513s][info][gc             ] GC(1401) Pause Young (Normal) (G1 Evacuation Pause) 7166M->2654M(8192M) 153.240ms
[7520.513s][info][gc,cpu         ] GC(1401) User=1.21s Sys=0.00s Real=0.16s
..[7523.179s][info][gc,start       ] GC(1402) Pause Young (Normal) (G1 Evacuation Pause)
[7523.179s][info][gc,task        ] GC(1402) Using 8 workers of 8 for evacuation
[7523.342s][info][gc,phases      ] GC(1402)   Pre Evacuate Collection Set: 0.22ms
[7523.342s][info][gc,phases      ] GC(1402)   Merge Heap Roots: 0.62ms
[7523.342s][info][gc,phases      ] GC(1402)   Evacuate Collection Set: 160.46ms
[7523.342s][info][gc,phases      ] GC(1402)   Post Evacuate Collection Set: 1.12ms
[7523.342s][info][gc,phases      ] GC(1402)   Other: 0.07ms
[7523.342s][info][gc,heap        ] GC(1402) Eden regions: 571->0(567)
[7523.342s][info][gc,heap        ] GC(1402) Survivor regions: 43->47(77)
[7523.342s][info][gc,heap        ] GC(1402) Old regions: 258->265
[7523.342s][info][gc,heap        ] GC(1402) Humongous regions: 33->33
[7523.342s][info][gc,metaspace   ] GC(1402) Metaspace: 30010K(30528K)->30010K(30528K) NonClass: 26612K(26880K)->26612K(26880K) Class: 3397K(3648K)->3397K(3648K)
[7523.342s][info][gc             ] GC(1402) Pause Young (Normal) (G1 Evacuation Pause) 7222M->2737M(8192M) 162.607ms
[7523.342s][info][gc,cpu         ] GC(1402) User=1.29s Sys=0.00s Real=0.17s
...[7526.083s][info][gc,start       ] GC(1403) Pause Young (Normal) (G1 Evacuation Pause)
[7526.083s][info][gc,task        ] GC(1403) Using 8 workers of 8 for evacuation
[7526.244s][info][gc,phases      ] GC(1403)   Pre Evacuate Collection Set: 0.22ms
[7526.244s][info][gc,phases      ] GC(1403)   Merge Heap Roots: 0.57ms
[7526.244s][info][gc,phases      ] GC(1403)   Evacuate Collection Set: 159.66ms
[7526.244s][info][gc,phases      ] GC(1403)   Post Evacuate Collection Set: 1.06ms
[7526.244s][info][gc,phases      ] GC(1403)   Other: 0.06ms
[7526.244s][info][gc,heap        ] GC(1403) Eden regions: 567->0(568)
[7526.244s][info][gc,heap        ] GC(1403) Survivor regions: 47->46(77)
[7526.244s][info][gc,heap        ] GC(1403) Old regions: 265->271
[7526.244s][info][gc,heap        ] GC(1403) Humongous regions: 33->33
[7526.244s][info][gc,metaspace   ] GC(1403) Metaspace: 30010K(30528K)->30010K(30528K) NonClass: 26612K(26880K)->26612K(26880K) Class: 3397K(3648K)->3397K(3648K)
[7526.244s][info][gc             ] GC(1403) Pause Young (Normal) (G1 Evacuation Pause) 7273M->2787M(8192M) 161.700ms
[7526.244s][info][gc,cpu         ] GC(1403) User=1.29s Sys=0.00s Real=0.16s
...[7529.096s][info][gc,start       ] GC(1404) Pause Young (Normal) (G1 Evacuation Pause)
[7529.096s][info][gc,task        ] GC(1404) Using 8 workers of 8 for evacuation
[7529.256s][info][gc,phases      ] GC(1404)   Pre Evacuate Collection Set: 0.22ms
[7529.256s][info][gc,phases      ] GC(1404)   Merge Heap Roots: 0.53ms
[7529.256s][info][gc,phases      ] GC(1404)   Evacuate Collection Set: 158.23ms
[7529.256s][info][gc,phases      ] GC(1404)   Post Evacuate Collection Set: 1.05ms
[7529.256s][info][gc,phases      ] GC(1404)   Other: 0.07ms
[7529.256s][info][gc,heap        ] GC(1404) Eden regions: 568->0(569)
[7529.256s][info][gc,heap        ] GC(1404) Survivor regions: 46->45(77)
[7529.256s][info][gc,heap        ] GC(1404) Old regions: 271->279
[7529.256s][info][gc,heap        ] GC(1404) Humongous regions: 33->33
[7529.256s][info][gc,metaspace   ] GC(1404) Metaspace: 30010K(30528K)->30010K(30528K) NonClass: 26612K(26880K)->26612K(26880K) Class: 3397K(3648K)->3397K(3648K)
[7529.256s][info][gc             ] GC(1404) Pause Young (Normal) (G1 Evacuation Pause) 7331M->2835M(8192M) 160.227ms
[7529.256s][info][gc,cpu         ] GC(1404) User=1.26s Sys=0.00s Real=0.16s
...[7532.078s][info][gc,start       ] GC(1405) Pause Young (Normal) (G1 Evacuation Pause)
[7532.078s][info][gc,task        ] GC(1405) Using 8 workers of 8 for evacuation
[7532.233s][info][gc,phases      ] GC(1405)   Pre Evacuate Collection Set: 0.21ms
[7532.233s][info][gc,phases      ] GC(1405)   Merge Heap Roots: 0.54ms
[7532.233s][info][gc,phases      ] GC(1405)   Evacuate Collection Set: 152.54ms
[7532.233s][info][gc,phases      ] GC(1405)   Post Evacuate Collection Set: 1.03ms
[7532.233s][info][gc,phases      ] GC(1405)   Other: 0.06ms
[7532.233s][info][gc,heap        ] GC(1405) Eden regions: 569->0(565)
[7532.233s][info][gc,heap        ] GC(1405) Survivor regions: 45->44(77)
[7532.233s][info][gc,heap        ] GC(1405) Old regions: 279->286
[7532.233s][info][gc,heap        ] GC(1405) Humongous regions: 33->33
[7532.233s][info][gc,metaspace   ] GC(1405) Metaspace: 30010K(30528K)->30010K(30528K) NonClass: 26612K(26880K)->26612K(26880K) Class: 3397K(3648K)->3397K(3648K)
[7532.233s][info][gc             ] GC(1405) Pause Young (Normal) (G1 Evacuation Pause) 7387M->2887M(8192M) 154.522ms
[7532.233s][info][gc,cpu         ] GC(1405) User=1.22s Sys=0.00s Real=0.16s
...[7534.866s][info][gc,start       ] GC(1406) Pause Young (Normal) (G1 Evacuation Pause)
[7534.866s][info][gc,task        ] GC(1406) Using 8 workers of 8 for evacuation
[7535.018s][info][gc,phases      ] GC(1406)   Pre Evacuate Collection Set: 0.24ms
[7535.018s][info][gc,phases      ] GC(1406)   Merge Heap Roots: 0.58ms
[7535.018s][info][gc,phases      ] GC(1406)   Evacuate Collection Set: 150.44ms
[7535.018s][info][gc,phases      ] GC(1406)   Post Evacuate Collection Set: 1.05ms
[7535.018s][info][gc,phases      ] GC(1406)   Other: 0.06ms
[7535.018s][info][gc,heap        ] GC(1406) Eden regions: 565->0(560)
[7535.018s][info][gc,heap        ] GC(1406) Survivor regions: 44->43(77)
[7535.018s][info][gc,heap        ] GC(1406) Old regions: 286->293
[7535.018s][info][gc,heap        ] GC(1406) Humongous regions: 33->33
[7535.018s][info][gc,metaspace   ] GC(1406) Metaspace: 30010K(30528K)->30010K(30528K) NonClass: 26612K(26880K)->26612K(26880K) Class: 3397K(3648K)->3397K(3648K)
[7535.018s][info][gc             ] GC(1406) Pause Young (Normal) (G1 Evacuation Pause) 7407M->2931M(8192M) 152.512ms
[7535.018s][info][gc,cpu         ] GC(1406) User=1.20s Sys=0.00s Real=0.15s
...[7537.862s][info][gc,start       ] GC(1407) Pause Young (Normal) (G1 Evacuation Pause)
[7537.862s][info][gc,task        ] GC(1407) Using 8 workers of 8 for evacuation
[7538.011s][info][gc,phases      ] GC(1407)   Pre Evacuate Collection Set: 0.21ms
[7538.011s][info][gc,phases      ] GC(1407)   Merge Heap Roots: 0.54ms
[7538.011s][info][gc,phases      ] GC(1407)   Evacuate Collection Set: 147.15ms
[7538.011s][info][gc,phases      ] GC(1407)   Post Evacuate Collection Set: 1.00ms
[7538.011s][info][gc,phases      ] GC(1407)   Other: 0.06ms
[7538.011s][info][gc,heap        ] GC(1407) Eden regions: 560->0(551)
[7538.011s][info][gc,heap        ] GC(1407) Survivor regions: 43->44(76)
[7538.011s][info][gc,heap        ] GC(1407) Old regions: 293->300
[7538.011s][info][gc,heap        ] GC(1407) Humongous regions: 33->33
[7538.011s][info][gc,metaspace   ] GC(1407) Metaspace: 30010K(30528K)->30010K(30528K) NonClass: 26612K(26880K)->26612K(26880K) Class: 3397K(3648K)->3397K(3648K)
[7538.011s][info][gc             ] GC(1407) Pause Young (Normal) (G1 Evacuation Pause) 7411M->2998M(8192M) 149.094ms
[7538.011s][info][gc,cpu         ] GC(1407) User=1.18s Sys=0.00s Real=0.15s
...[7540.607s][info][gc,start       ] GC(1408) Pause Young (Normal) (G1 Evacuation Pause)
[7540.607s][info][gc,task        ] GC(1408) Using 8 workers of 8 for evacuation
[7540.762s][info][gc,phases      ] GC(1408)   Pre Evacuate Collection Set: 0.22ms
[7540.762s][info][gc,phases      ] GC(1408)   Merge Heap Roots: 0.54ms
[7540.762s][info][gc,phases      ] GC(1408)   Evacuate Collection Set: 152.80ms
[7540.762s][info][gc,phases      ] GC(1408)   Post Evacuate Collection Set: 1.03ms
[7540.762s][info][gc,phases      ] GC(1408)   Other: 0.06ms
[7540.762s][info][gc,heap        ] GC(1408) Eden regions: 551->0(545)
[7540.762s][info][gc,heap        ] GC(1408) Survivor regions: 44->43(75)
[7540.762s][info][gc,heap        ] GC(1408) Old regions: 300->308
[7540.762s][info][gc,heap        ] GC(1408) Humongous regions: 33->33
[7540.762s][info][gc,metaspace   ] GC(1408) Metaspace: 30010K(30528K)->30010K(30528K) NonClass: 26612K(26880K)->26612K(26880K) Class: 3397K(3648K)->3397K(3648K)
[7540.762s][info][gc             ] GC(1408) Pause Young (Normal) (G1 Evacuation Pause) 7406M->3055M(8192M) 154.785ms
[7540.762s][info][gc,cpu         ] GC(1408) User=1.22s Sys=0.00s Real=0.16s
...[7543.469s][info][gc,start       ] GC(1409) Pause Young (Concurrent Start) (G1 Evacuation Pause)
[7543.469s][info][gc,task        ] GC(1409) Using 8 workers of 8 for evacuation
[7543.618s][info][gc,phases      ] GC(1409)   Pre Evacuate Collection Set: 0.26ms
[7543.618s][info][gc,phases      ] GC(1409)   Merge Heap Roots: 0.56ms
[7543.618s][info][gc,phases      ] GC(1409)   Evacuate Collection Set: 147.42ms
[7543.618s][info][gc,phases      ] GC(1409)   Post Evacuate Collection Set: 1.03ms
[7543.618s][info][gc,phases      ] GC(1409)   Other: 0.09ms
[7543.618s][info][gc,heap        ] GC(1409) Eden regions: 545->0(538)
[7543.618s][info][gc,heap        ] GC(1409) Survivor regions: 43->43(74)
[7543.618s][info][gc,heap        ] GC(1409) Old regions: 308->315
[7543.618s][info][gc,heap        ] GC(1409) Humongous regions: 33->33
[7543.618s][info][gc,metaspace   ] GC(1409) Metaspace: 30010K(30528K)->30010K(30528K) NonClass: 26612K(26880K)->26612K(26880K) Class: 3397K(3648K)->3397K(3648K)
[7543.618s][info][gc             ] GC(1409) Pause Young (Concurrent Start) (G1 Evacuation Pause) 7415M->3108M(8192M) 149.510ms
[7543.618s][info][gc,cpu         ] GC(1409) User=1.18s Sys=0.00s Real=0.15s
[7543.618s][info][gc             ] GC(1410) Concurrent Mark Cycle
[7543.618s][info][gc,marking     ] GC(1410) Concurrent Scan Root Regions
[7543.967s][info][gc,marking     ] GC(1410) Concurrent Scan Root Regions 348.600ms
[7543.967s][info][gc,marking     ] GC(1410) Concurrent Mark
[7543.967s][info][gc,marking     ] GC(1410) Concurrent Mark From Roots
[7543.967s][info][gc,task        ] GC(1410) Using 2 workers of 2 for marking
.[7545.235s][info][gc,marking     ] GC(1410) Concurrent Mark From Roots 1267.872ms
[7545.235s][info][gc,marking     ] GC(1410) Concurrent Preclean
[7545.235s][info][gc,marking     ] GC(1410) Concurrent Preclean 0.097ms
[7545.235s][info][gc,start       ] GC(1410) Pause Remark
[7545.238s][info][gc             ] GC(1410) Pause Remark 4900M->4380M(8192M) 2.899ms
[7545.238s][info][gc,cpu         ] GC(1410) User=0.02s Sys=0.00s Real=0.00s
[7545.238s][info][gc,marking     ] GC(1410) Concurrent Mark 1271.169ms
[7545.238s][info][gc,marking     ] GC(1410) Concurrent Rebuild Remembered Sets and Scrub Regions
.[7545.848s][info][gc,marking     ] GC(1410) Concurrent Rebuild Remembered Sets and Scrub Regions 609.648ms
[7545.848s][info][gc,start       ] GC(1410) Pause Cleanup
[7545.848s][info][gc             ] GC(1410) Pause Cleanup 5108M->5108M(8192M) 0.262ms
[7545.848s][info][gc,cpu         ] GC(1410) User=0.00s Sys=0.00s Real=0.00s
[7545.848s][info][gc,marking     ] GC(1410) Concurrent Clear Claimed Marks
[7545.849s][info][gc,marking     ] GC(1410) Concurrent Clear Claimed Marks 0.042ms
[7545.849s][info][gc,marking     ] GC(1410) Concurrent Cleanup for Next Mark
[7545.858s][info][gc,marking     ] GC(1410) Concurrent Cleanup for Next Mark 9.826ms
[7545.858s][info][gc             ] GC(1410) Concurrent Mark Cycle 2239.945ms
.[7546.951s][info][gc,start       ] GC(1411) Pause Young (Prepare Mixed) (G1 Evacuation Pause)
[7546.951s][info][gc,task        ] GC(1411) Using 8 workers of 8 for evacuation
[7547.103s][info][gc,phases      ] GC(1411)   Pre Evacuate Collection Set: 0.21ms
[7547.103s][info][gc,phases      ] GC(1411)   Merge Heap Roots: 0.75ms
[7547.103s][info][gc,phases      ] GC(1411)   Evacuate Collection Set: 150.49ms
[7547.103s][info][gc,phases      ] GC(1411)   Post Evacuate Collection Set: 1.15ms
[7547.103s][info][gc,phases      ] GC(1411)   Other: 0.06ms
[7547.103s][info][gc,heap        ] GC(1411) Eden regions: 538->0(572)
[7547.103s][info][gc,heap        ] GC(1411) Survivor regions: 43->42(73)
[7547.103s][info][gc,heap        ] GC(1411) Old regions: 250->258
[7547.103s][info][gc,heap        ] GC(1411) Humongous regions: 33->33
[7547.103s][info][gc,metaspace   ] GC(1411) Metaspace: 30010K(30528K)->30010K(30528K) NonClass: 26612K(26880K)->26612K(26880K) Class: 3397K(3648K)->3397K(3648K)
[7547.103s][info][gc             ] GC(1411) Pause Young (Prepare Mixed) (G1 Evacuation Pause) 6892M->2645M(8192M) 152.830ms
[7547.104s][info][gc,cpu         ] GC(1411) User=1.21s Sys=0.01s Real=0.16s
...[7549.869s][info][gc,start       ] GC(1412) Pause Young (Mixed) (G1 Evacuation Pause)
[7549.869s][info][gc,task        ] GC(1412) Using 8 workers of 8 for evacuation
[7550.033s][info][gc,phases      ] GC(1412)   Pre Evacuate Collection Set: 0.24ms
[7550.033s][info][gc,phases      ] GC(1412)   Merge Heap Roots: 0.83ms
[7550.033s][info][gc,phases      ] GC(1412)   Evacuate Collection Set: 161.78ms
[7550.033s][info][gc,phases      ] GC(1412)   Post Evacuate Collection Set: 1.32ms
[7550.033s][info][gc,phases      ] GC(1412)   Other: 0.07ms
[7550.033s][info][gc,heap        ] GC(1412) Eden regions: 572->0(570)
[7550.033s][info][gc,heap        ] GC(1412) Survivor regions: 42->44(77)
[7550.033s][info][gc,heap        ] GC(1412) Old regions: 258->163
[7550.033s][info][gc,heap        ] GC(1412) Humongous regions: 33->33
[7550.033s][info][gc,metaspace   ] GC(1412) Metaspace: 30010K(30528K)->30010K(30528K) NonClass: 26612K(26880K)->26612K(26880K) Class: 3397K(3648K)->3397K(3648K)
[7550.033s][info][gc             ] GC(1412) Pause Young (Mixed) (G1 Evacuation Pause) 7221M->1903M(8192M) 164.373ms
[7550.033s][info][gc,cpu         ] GC(1412) User=1.30s Sys=0.00s Real=0.17s
...[7552.812s][info][gc,start       ] GC(1413) Pause Young (Mixed) (G1 Evacuation Pause)
[7552.813s][info][gc,task        ] GC(1413) Using 8 workers of 8 for evacuation
[7552.981s][info][gc,phases      ] GC(1413)   Pre Evacuate Collection Set: 0.22ms
[7552.981s][info][gc,phases      ] GC(1413)   Merge Heap Roots: 0.94ms
[7552.981s][info][gc,phases      ] GC(1413)   Evacuate Collection Set: 166.00ms
[7552.981s][info][gc,phases      ] GC(1413)   Post Evacuate Collection Set: 1.12ms
[7552.981s][info][gc,phases      ] GC(1413)   Other: 0.07ms
[7552.981s][info][gc,heap        ] GC(1413) Eden regions: 570->0(570)
[7552.981s][info][gc,heap        ] GC(1413) Survivor regions: 44->44(77)
[7552.981s][info][gc,heap        ] GC(1413) Old regions: 163->143
[7552.981s][info][gc,heap        ] GC(1413) Humongous regions: 33->33
[7552.981s][info][gc,metaspace   ] GC(1413) Metaspace: 30010K(30528K)->30010K(30528K) NonClass: 26612K(26880K)->26612K(26880K) Class: 3397K(3648K)->3397K(3648K)
[7552.981s][info][gc             ] GC(1413) Pause Young (Mixed) (G1 Evacuation Pause) 6463M->1742M(8192M) 168.465ms
[7552.981s][info][gc,cpu         ] GC(1413) User=1.33s Sys=0.00s Real=0.17s
...[7555.717s][info][gc,start       ] GC(1414) Pause Young (Normal) (G1 Evacuation Pause)
[7555.717s][info][gc,task        ] GC(1414) Using 8 workers of 8 for evacuation
[7555.869s][info][gc,phases      ] GC(1414)   Pre Evacuate Collection Set: 0.24ms
[7555.869s][info][gc,phases      ] GC(1414)   Merge Heap Roots: 0.59ms
[7555.869s][info][gc,phases      ] GC(1414)   Evacuate Collection Set: 149.66ms
[7555.869s][info][gc,phases      ] GC(1414)   Post Evacuate Collection Set: 1.04ms
[7555.869s][info][gc,phases      ] GC(1414)   Other: 0.06ms
[7555.869s][info][gc,heap        ] GC(1414) Eden regions: 570->0(571)
[7555.869s][info][gc,heap        ] GC(1414) Survivor regions: 44->43(77)
[7555.869s][info][gc,heap        ] GC(1414) Old regions: 143->150
[7555.869s][info][gc,heap        ] GC(1414) Humongous regions: 33->33
[7555.869s][info][gc,metaspace   ] GC(1414) Metaspace: 30010K(30528K)->30010K(30528K) NonClass: 26612K(26880K)->26612K(26880K) Class: 3397K(3648K)->3397K(3648K)
[7555.869s][info][gc             ] GC(1414) Pause Young (Normal) (G1 Evacuation Pause) 6302M->1791M(8192M) 151.712ms
[7555.869s][info][gc,cpu         ] GC(1414) User=1.21s Sys=0.00s Real=0.15s
...[7558.694s][info][gc,start       ] GC(1415) Pause Young (Normal) (G1 Evacuation Pause)
[7558.694s][info][gc,task        ] GC(1415) Using 8 workers of 8 for evacuation
[7558.872s][info][gc,phases      ] GC(1415)   Pre Evacuate Collection Set: 0.21ms
[7558.872s][info][gc,phases      ] GC(1415)   Merge Heap Roots: 0.57ms
[7558.872s][info][gc,phases      ] GC(1415)   Evacuate Collection Set: 175.79ms
[7558.872s][info][gc,phases      ] GC(1415)   Post Evacuate Collection Set: 1.02ms
[7558.872s][info][gc,phases      ] GC(1415)   Other: 0.06ms
[7558.872s][info][gc,heap        ] GC(1415) Eden regions: 571->0(563)
[7558.872s][info][gc,heap        ] GC(1415) Survivor regions: 43->51(77)
[7558.872s][info][gc,heap        ] GC(1415) Old regions: 150->157
[7558.872s][info][gc,heap        ] GC(1415) Humongous regions: 33->33
[7558.872s][info][gc,metaspace   ] GC(1415) Metaspace: 30010K(30528K)->30010K(30528K) NonClass: 26612K(26880K)->26612K(26880K) Class: 3397K(3648K)->3397K(3648K)
[7558.872s][info][gc             ] GC(1415) Pause Young (Normal) (G1 Evacuation Pause) 6359M->1905M(8192M) 177.802ms
[7558.872s][info][gc,cpu         ] GC(1415) User=1.40s Sys=0.00s Real=0.18s
...[7561.668s][info][gc,start       ] GC(1416) Pause Young (Normal) (G1 Evacuation Pause)
[7561.668s][info][gc,task        ] GC(1416) Using 8 workers of 8 for evacuation
[7561.820s][info][gc,phases      ] GC(1416)   Pre Evacuate Collection Set: 0.21ms
[7561.820s][info][gc,phases      ] GC(1416)   Merge Heap Roots: 0.55ms
[7561.820s][info][gc,phases      ] GC(1416)   Evacuate Collection Set: 150.35ms
[7561.820s][info][gc,phases      ] GC(1416)   Post Evacuate Collection Set: 1.03ms
[7561.820s][info][gc,phases      ] GC(1416)   Other: 0.06ms
[7561.820s][info][gc,heap        ] GC(1416) Eden regions: 563->0(571)
[7561.820s][info][gc,heap        ] GC(1416) Survivor regions: 51->43(77)
[7561.820s][info][gc,heap        ] GC(1416) Old regions: 157->164
[7561.820s][info][gc,heap        ] GC(1416) Humongous regions: 33->33
[7561.820s][info][gc,metaspace   ] GC(1416) Metaspace: 30010K(30528K)->30010K(30528K) NonClass: 26612K(26880K)->26612K(26880K) Class: 3397K(3648K)->3397K(3648K)
[7561.820s][info][gc             ] GC(1416) Pause Young (Normal) (G1 Evacuation Pause) 6409M->1903M(8192M) 152.331ms
[7561.820s][info][gc,cpu         ] GC(1416) User=1.20s Sys=0.00s Real=0.15s
...[7564.472s][info][gc,start       ] GC(1417) Pause Young (Normal) (G1 Evacuation Pause)
[7564.472s][info][gc,task        ] GC(1417) Using 8 workers of 8 for evacuation
[7564.634s][info][gc,phases      ] GC(1417)   Pre Evacuate Collection Set: 0.20ms
[7564.634s][info][gc,phases      ] GC(1417)   Merge Heap Roots: 0.53ms
[7564.634s][info][gc,phases      ] GC(1417)   Evacuate Collection Set: 159.60ms
[7564.634s][info][gc,phases      ] GC(1417)   Post Evacuate Collection Set: 1.01ms
[7564.634s][info][gc,phases      ] GC(1417)   Other: 0.06ms
[7564.634s][info][gc,heap        ] GC(1417) Eden regions: 571->0(568)
[7564.634s][info][gc,heap        ] GC(1417) Survivor regions: 43->46(77)
[7564.634s][info][gc,heap        ] GC(1417) Old regions: 164->171
[7564.634s][info][gc,heap        ] GC(1417) Humongous regions: 33->33
[7564.634s][info][gc,metaspace   ] GC(1417) Metaspace: 30010K(30528K)->30010K(30528K) NonClass: 26612K(26880K)->26612K(26880K) Class: 3397K(3648K)->3397K(3648K)
[7564.634s][info][gc             ] GC(1417) Pause Young (Normal) (G1 Evacuation Pause) 6471M->1987M(8192M) 161.542ms
[7564.634s][info][gc,cpu         ] GC(1417) User=1.28s Sys=0.01s Real=0.16s
...[7567.460s][info][gc,start       ] GC(1418) Pause Young (Normal) (G1 Evacuation Pause)
[7567.460s][info][gc,task        ] GC(1418) Using 8 workers of 8 for evacuation
[7567.626s][info][gc,phases      ] GC(1418)   Pre Evacuate Collection Set: 0.21ms
[7567.626s][info][gc,phases      ] GC(1418)   Merge Heap Roots: 0.59ms
[7567.626s][info][gc,phases      ] GC(1418)   Evacuate Collection Set: 164.46ms
[7567.626s][info][gc,phases      ] GC(1418)   Post Evacuate Collection Set: 0.88ms
[7567.626s][info][gc,phases      ] GC(1418)   Other: 0.06ms
[7567.626s][info][gc,heap        ] GC(1418) Eden regions: 568->0(568)
[7567.626s][info][gc,heap        ] GC(1418) Survivor regions: 46->46(77)
[7567.626s][info][gc,heap        ] GC(1418) Old regions: 171->179
[7567.626s][info][gc,heap        ] GC(1418) Humongous regions: 33->33
[7567.626s][info][gc,metaspace   ] GC(1418) Metaspace: 30010K(30528K)->30010K(30528K) NonClass: 26612K(26880K)->26612K(26880K) Class: 3397K(3648K)->3397K(3648K)
[7567.626s][info][gc             ] GC(1418) Pause Young (Normal) (G1 Evacuation Pause) 6531M->2045M(8192M) 166.345ms
[7567.627s][info][gc,cpu         ] GC(1418) User=1.31s Sys=0.00s Real=0.17s
...[7570.496s][info][gc,start       ] GC(1419) Pause Young (Normal) (G1 Evacuation Pause)
[7570.496s][info][gc,task        ] GC(1419) Using 8 workers of 8 for evacuation
[7570.655s][info][gc,phases      ] GC(1419)   Pre Evacuate Collection Set: 0.20ms
[7570.655s][info][gc,phases      ] GC(1419)   Merge Heap Roots: 0.54ms
[7570.655s][info][gc,phases      ] GC(1419)   Evacuate Collection Set: 157.14ms
[7570.655s][info][gc,phases      ] GC(1419)   Post Evacuate Collection Set: 1.04ms
[7570.655s][info][gc,phases      ] GC(1419)   Other: 0.06ms
[7570.655s][info][gc,heap        ] GC(1419) Eden regions: 568->0(569)
[7570.655s][info][gc,heap        ] GC(1419) Survivor regions: 46->45(77)
[7570.655s][info][gc,heap        ] GC(1419) Old regions: 179->186
[7570.655s][info][gc,heap        ] GC(1419) Humongous regions: 33->33
[7570.655s][info][gc,metaspace   ] GC(1419) Metaspace: 30010K(30528K)->30010K(30528K) NonClass: 26612K(26880K)->26612K(26880K) Class: 3397K(3648K)->3397K(3648K)
[7570.655s][info][gc             ] GC(1419) Pause Young (Normal) (G1 Evacuation Pause) 6589M->2095M(8192M) 159.104ms
[7570.655s][info][gc,cpu         ] GC(1419) User=1.26s Sys=0.00s Real=0.16s
...[7573.425s][info][gc,start       ] GC(1420) Pause Young (Normal) (G1 Evacuation Pause)
[7573.425s][info][gc,task        ] GC(1420) Using 8 workers of 8 for evacuation
[7573.579s][info][gc,phases      ] GC(1420)   Pre Evacuate Collection Set: 0.21ms
[7573.579s][info][gc,phases      ] GC(1420)   Merge Heap Roots: 0.58ms
[7573.579s][info][gc,phases      ] GC(1420)   Evacuate Collection Set: 152.04ms
[7573.579s][info][gc,phases      ] GC(1420)   Post Evacuate Collection Set: 1.05ms
[7573.579s][info][gc,phases      ] GC(1420)   Other: 0.06ms
[7573.579s][info][gc,heap        ] GC(1420) Eden regions: 569->0(571)
[7573.579s][info][gc,heap        ] GC(1420) Survivor regions: 45->43(77)
[7573.579s][info][gc,heap        ] GC(1420) Old regions: 186->193
[7573.579s][info][gc,heap        ] GC(1420) Humongous regions: 33->33
[7573.579s][info][gc,metaspace   ] GC(1420) Metaspace: 30010K(30528K)->30010K(30528K) NonClass: 26612K(26880K)->26612K(26880K) Class: 3397K(3648K)->3397K(3648K)
[7573.579s][info][gc             ] GC(1420) Pause Young (Normal) (G1 Evacuation Pause) 6647M->2139M(8192M) 154.071ms
[7573.579s][info][gc,cpu         ] GC(1420) User=1.22s Sys=0.00s Real=0.15s
..[7576.294s][info][gc,start       ] GC(1421) Pause Young (Normal) (G1 Evacuation Pause)
[7576.294s][info][gc,task        ] GC(1421) Using 8 workers of 8 for evacuation
[7576.452s][info][gc,phases      ] GC(1421)   Pre Evacuate Collection Set: 0.21ms
[7576.452s][info][gc,phases      ] GC(1421)   Merge Heap Roots: 0.54ms
[7576.452s][info][gc,phases      ] GC(1421)   Evacuate Collection Set: 156.62ms
[7576.452s][info][gc,phases      ] GC(1421)   Post Evacuate Collection Set: 1.07ms
[7576.452s][info][gc,phases      ] GC(1421)   Other: 0.07ms
[7576.452s][info][gc,heap        ] GC(1421) Eden regions: 571->0(568)
[7576.452s][info][gc,heap        ] GC(1421) Survivor regions: 43->46(77)
[7576.452s][info][gc,heap        ] GC(1421) Old regions: 193->200
[7576.452s][info][gc,heap        ] GC(1421) Humongous regions: 33->33
[7576.452s][info][gc,metaspace   ] GC(1421) Metaspace: 30010K(30528K)->30010K(30528K) NonClass: 26612K(26880K)->26612K(26880K) Class: 3397K(3648K)->3397K(3648K)
[7576.452s][info][gc             ] GC(1421) Pause Young (Normal) (G1 Evacuation Pause) 6707M->2214M(8192M) 158.648ms
[7576.453s][info][gc,cpu         ] GC(1421) User=1.26s Sys=0.00s Real=0.16s
...[7579.153s][info][gc,start       ] GC(1422) Pause Young (Normal) (G1 Evacuation Pause)
[7579.153s][info][gc,task        ] GC(1422) Using 8 workers of 8 for evacuation
[7579.311s][info][gc,phases      ] GC(1422)   Pre Evacuate Collection Set: 0.22ms
[7579.312s][info][gc,phases      ] GC(1422)   Merge Heap Roots: 0.55ms
[7579.312s][info][gc,phases      ] GC(1422)   Evacuate Collection Set: 156.89ms
[7579.312s][info][gc,phases      ] GC(1422)   Post Evacuate Collection Set: 1.01ms
[7579.312s][info][gc,phases      ] GC(1422)   Other: 0.07ms
[7579.312s][info][gc,heap        ] GC(1422) Eden regions: 568->0(568)
[7579.312s][info][gc,heap        ] GC(1422) Survivor regions: 46->46(77)
[7579.312s][info][gc,heap        ] GC(1422) Old regions: 200->207
[7579.312s][info][gc,heap        ] GC(1422) Humongous regions: 33->33
[7579.312s][info][gc,metaspace   ] GC(1422) Metaspace: 30010K(30528K)->30010K(30528K) NonClass: 26612K(26880K)->26612K(26880K) Class: 3397K(3648K)->3397K(3648K)
[7579.312s][info][gc             ] GC(1422) Pause Young (Normal) (G1 Evacuation Pause) 6758M->2271M(8192M) 158.894ms
[7579.312s][info][gc,cpu         ] GC(1422) User=1.26s Sys=0.01s Real=0.16s
...[7582.053s][info][gc,start       ] GC(1423) Pause Young (Normal) (G1 Evacuation Pause)
[7582.053s][info][gc,task        ] GC(1423) Using 8 workers of 8 for evacuation
[7582.206s][info][gc,phases      ] GC(1423)   Pre Evacuate Collection Set: 0.21ms
[7582.206s][info][gc,phases      ] GC(1423)   Merge Heap Roots: 0.54ms
[7582.206s][info][gc,phases      ] GC(1423)   Evacuate Collection Set: 150.95ms
[7582.206s][info][gc,phases      ] GC(1423)   Post Evacuate Collection Set: 1.05ms
[7582.206s][info][gc,phases      ] GC(1423)   Other: 0.07ms
[7582.206s][info][gc,heap        ] GC(1423) Eden regions: 568->0(571)
[7582.206s][info][gc,heap        ] GC(1423) Survivor regions: 46->43(77)
[7582.206s][info][gc,heap        ] GC(1423) Old regions: 207->215
[7582.206s][info][gc,heap        ] GC(1423) Humongous regions: 33->33
[7582.206s][info][gc,metaspace   ] GC(1423) Metaspace: 30010K(30528K)->30010K(30528K) NonClass: 26612K(26880K)->26612K(26880K) Class: 3397K(3648K)->3397K(3648K)
[7582.206s][info][gc             ] GC(1423) Pause Young (Normal) (G1 Evacuation Pause) 6815M->2305M(8192M) 152.954ms
[7582.206s][info][gc,cpu         ] GC(1423) User=1.21s Sys=0.00s Real=0.15s
...[7585.000s][info][gc,start       ] GC(1424) Pause Young (Normal) (G1 Evacuation Pause)
[7585.000s][info][gc,task        ] GC(1424) Using 8 workers of 8 for evacuation
[7585.165s][info][gc,phases      ] GC(1424)   Pre Evacuate Collection Set: 0.21ms
[7585.165s][info][gc,phases      ] GC(1424)   Merge Heap Roots: 0.57ms
[7585.165s][info][gc,phases      ] GC(1424)   Evacuate Collection Set: 163.24ms
[7585.165s][info][gc,phases      ] GC(1424)   Post Evacuate Collection Set: 1.04ms
[7585.165s][info][gc,phases      ] GC(1424)   Other: 0.07ms
[7585.165s][info][gc,heap        ] GC(1424) Eden regions: 571->0(567)
[7585.165s][info][gc,heap        ] GC(1424) Survivor regions: 43->47(77)
[7585.165s][info][gc,heap        ] GC(1424) Old regions: 215->222
[7585.165s][info][gc,heap        ] GC(1424) Humongous regions: 33->33
[7585.165s][info][gc,metaspace   ] GC(1424) Metaspace: 30010K(30528K)->30010K(30528K) NonClass: 26612K(26880K)->26612K(26880K) Class: 3397K(3648K)->3397K(3648K)
[7585.165s][info][gc             ] GC(1424) Pause Young (Normal) (G1 Evacuation Pause) 6873M->2394M(8192M) 165.254ms
[7585.165s][info][gc,cpu         ] GC(1424) User=1.32s Sys=0.00s Real=0.17s
... (rIR:aIR:PR = 13145:13187:13030) (tPR = 194223) [OK] 
  7587s: Performance info:
         Transaction,    Success,    Partial,     Failed,   Receipts, AvgBarcode, 
             Overall,     980176,          0,          0,     931692,      59.48, 
         Response times:
             Request,    Success,    Partial,     Failed,   SkipFail,     Probes,    Samples,      min,      p50,      p90,      p95,      p99,      max, 
       TotalPurchase,     943006,          0,          0,          0,     300016,     554078,      600,   258000,   536000,   690000,  1100000, 16000000,
     InStorePurchase,     493386,          0,          0,          0,     155181,     291875,      600,   257000,   528000,   690000,   970000, 16000000,
      OnlinePurchase,     349972,          0,          0,          0,     108269,     202956,      800,   260000,   541000,   710000,  1300000, 16000000,
        InstPurchase,      99648,          0,          0,          0,      36566,      59247,      800,   256000,   556000,   690000,   840000, 12000000,
          AssocOfCat,        991,          0,          0,          0,        636,       1169,    62000,   302000,   610000,   770000,  1100000,  3900000,
      AssocOfProduct,       9940,          0,          0,          0,       4086,       6488,     3400,   247000,   486000,   542000,   700000,  4000000,
      BusinessReport,       2473,          0,          0,          0,       1638,       2941,    65000,   317000,   575000,   669000,   940000,  4600000,
          CustBuyBeh,       9820,          0,          0,          0,       4131,       6521,     3400,   251000,   503000,   574900,  1100000,  8600000,
       ProductReturn,      25769,          0,          0,          0,       9260,      15122,     1800,   253000,   501000,   568000,   740000,  4000000,

  7587s: (96%)   IR =  13284 [7587.911s][info][gc,start       ] GC(1425) Pause Young (Normal) (G1 Evacuation Pause)
[7587.911s][info][gc,task        ] GC(1425) Using 8 workers of 8 for evacuation
[7588.068s][info][gc,phases      ] GC(1425)   Pre Evacuate Collection Set: 0.21ms
[7588.068s][info][gc,phases      ] GC(1425)   Merge Heap Roots: 0.54ms
[7588.068s][info][gc,phases      ] GC(1425)   Evacuate Collection Set: 154.71ms
[7588.068s][info][gc,phases      ] GC(1425)   Post Evacuate Collection Set: 1.09ms
[7588.068s][info][gc,phases      ] GC(1425)   Other: 0.06ms
[7588.068s][info][gc,heap        ] GC(1425) Eden regions: 567->0(570)
[7588.068s][info][gc,heap        ] GC(1425) Survivor regions: 47->44(77)
[7588.068s][info][gc,heap        ] GC(1425) Old regions: 222->229
[7588.068s][info][gc,heap        ] GC(1425) Humongous regions: 33->33
[7588.068s][info][gc,metaspace   ] GC(1425) Metaspace: 30010K(30528K)->30010K(30528K) NonClass: 26612K(26880K)->26612K(26880K) Class: 3397K(3648K)->3397K(3648K)
[7588.068s][info][gc             ] GC(1425) Pause Young (Normal) (G1 Evacuation Pause) 6930M->2426M(8192M) 156.726ms
[7588.068s][info][gc,cpu         ] GC(1425) User=1.24s Sys=0.00s Real=0.15s
...[7590.841s][info][gc,start       ] GC(1426) Pause Young (Normal) (G1 Evacuation Pause)
[7590.841s][info][gc,task        ] GC(1426) Using 8 workers of 8 for evacuation
[7590.999s][info][gc,phases      ] GC(1426)   Pre Evacuate Collection Set: 0.24ms
[7590.999s][info][gc,phases      ] GC(1426)   Merge Heap Roots: 0.56ms
[7590.999s][info][gc,phases      ] GC(1426)   Evacuate Collection Set: 156.67ms
[7590.999s][info][gc,phases      ] GC(1426)   Post Evacuate Collection Set: 1.05ms
[7590.999s][info][gc,phases      ] GC(1426)   Other: 0.07ms
[7590.999s][info][gc,heap        ] GC(1426) Eden regions: 570->0(569)
[7590.999s][info][gc,heap        ] GC(1426) Survivor regions: 44->45(77)
[7590.999s][info][gc,heap        ] GC(1426) Old regions: 229->236
[7590.999s][info][gc,heap        ] GC(1426) Humongous regions: 33->33
[7590.999s][info][gc,metaspace   ] GC(1426) Metaspace: 30010K(30528K)->30010K(30528K) NonClass: 26612K(26880K)->26612K(26880K) Class: 3397K(3648K)->3397K(3648K)
[7590.999s][info][gc             ] GC(1426) Pause Young (Normal) (G1 Evacuation Pause) 6986M->2498M(8192M) 158.713ms
[7590.999s][info][gc,cpu         ] GC(1426) User=1.25s Sys=0.00s Real=0.16s
...[7593.745s][info][gc,start       ] GC(1427) Pause Young (Normal) (G1 Evacuation Pause)
[7593.745s][info][gc,task        ] GC(1427) Using 8 workers of 8 for evacuation
[7593.899s][info][gc,phases      ] GC(1427)   Pre Evacuate Collection Set: 0.23ms
[7593.899s][info][gc,phases      ] GC(1427)   Merge Heap Roots: 0.57ms
[7593.899s][info][gc,phases      ] GC(1427)   Evacuate Collection Set: 152.73ms
[7593.899s][info][gc,phases      ] GC(1427)   Post Evacuate Collection Set: 1.05ms
[7593.899s][info][gc,phases      ] GC(1427)   Other: 0.06ms
[7593.899s][info][gc,heap        ] GC(1427) Eden regions: 569->0(571)
[7593.899s][info][gc,heap        ] GC(1427) Survivor regions: 45->43(77)
[7593.899s][info][gc,heap        ] GC(1427) Old regions: 236->244
[7593.899s][info][gc,heap        ] GC(1427) Humongous regions: 33->33
[7593.899s][info][gc,metaspace   ] GC(1427) Metaspace: 30010K(30528K)->30010K(30528K) NonClass: 26612K(26880K)->26612K(26880K) Class: 3397K(3648K)->3397K(3648K)
[7593.899s][info][gc             ] GC(1427) Pause Young (Normal) (G1 Evacuation Pause) 7050M->2541M(8192M) 154.790ms
[7593.899s][info][gc,cpu         ] GC(1427) User=1.23s Sys=0.00s Real=0.15s
..|[7596.685s][info][gc,start       ] GC(1428) Pause Young (Normal) (G1 Evacuation Pause)
[7596.685s][info][gc,task        ] GC(1428) Using 8 workers of 8 for evacuation
[7596.843s][info][gc,phases      ] GC(1428)   Pre Evacuate Collection Set: 0.23ms
[7596.843s][info][gc,phases      ] GC(1428)   Merge Heap Roots: 0.60ms
[7596.843s][info][gc,phases      ] GC(1428)   Evacuate Collection Set: 156.78ms
[7596.843s][info][gc,phases      ] GC(1428)   Post Evacuate Collection Set: 1.02ms
[7596.843s][info][gc,phases      ] GC(1428)   Other: 0.06ms
[7596.843s][info][gc,heap        ] GC(1428) Eden regions: 571->0(569)
[7596.843s][info][gc,heap        ] GC(1428) Survivor regions: 43->45(77)
[7596.843s][info][gc,heap        ] GC(1428) Old regions: 244->251
[7596.843s][info][gc,heap        ] GC(1428) Humongous regions: 33->33
[7596.843s][info][gc,metaspace   ] GC(1428) Metaspace: 30010K(30528K)->30010K(30528K) NonClass: 26612K(26880K)->26612K(26880K) Class: 3397K(3648K)->3397K(3648K)
[7596.843s][info][gc             ] GC(1428) Pause Young (Normal) (G1 Evacuation Pause) 7109M->2615M(8192M) 158.816ms
[7596.844s][info][gc,cpu         ] GC(1428) User=1.26s Sys=0.00s Real=0.16s
...[7599.654s][info][gc,start       ] GC(1429) Pause Young (Normal) (G1 Evacuation Pause)
[7599.654s][info][gc,task        ] GC(1429) Using 8 workers of 8 for evacuation
[7599.807s][info][gc,phases      ] GC(1429)   Pre Evacuate Collection Set: 0.23ms
[7599.807s][info][gc,phases      ] GC(1429)   Merge Heap Roots: 0.58ms
[7599.807s][info][gc,phases      ] GC(1429)   Evacuate Collection Set: 151.19ms
[7599.807s][info][gc,phases      ] GC(1429)   Post Evacuate Collection Set: 1.06ms
[7599.807s][info][gc,phases      ] GC(1429)   Other: 0.06ms
[7599.807s][info][gc,heap        ] GC(1429) Eden regions: 569->0(571)
[7599.807s][info][gc,heap        ] GC(1429) Survivor regions: 45->43(77)
[7599.807s][info][gc,heap        ] GC(1429) Old regions: 251->258
[7599.807s][info][gc,heap        ] GC(1429) Humongous regions: 33->33
[7599.807s][info][gc,metaspace   ] GC(1429) Metaspace: 30010K(30528K)->30010K(30528K) NonClass: 26612K(26880K)->26612K(26880K) Class: 3397K(3648K)->3397K(3648K)
[7599.807s][info][gc             ] GC(1429) Pause Young (Normal) (G1 Evacuation Pause) 7167M->2659M(8192M) 153.254ms
[7599.807s][info][gc,cpu         ] GC(1429) User=1.21s Sys=0.00s Real=0.15s
...[7602.650s][info][gc,start       ] GC(1430) Pause Young (Normal) (G1 Evacuation Pause)
[7602.650s][info][gc,task        ] GC(1430) Using 8 workers of 8 for evacuation
[7602.805s][info][gc,phases      ] GC(1430)   Pre Evacuate Collection Set: 0.23ms
[7602.805s][info][gc,phases      ] GC(1430)   Merge Heap Roots: 0.56ms
[7602.805s][info][gc,phases      ] GC(1430)   Evacuate Collection Set: 153.28ms
[7602.805s][info][gc,phases      ] GC(1430)   Post Evacuate Collection Set: 1.06ms
[7602.805s][info][gc,phases      ] GC(1430)   Other: 0.07ms
[7602.805s][info][gc,heap        ] GC(1430) Eden regions: 571->0(571)
[7602.805s][info][gc,heap        ] GC(1430) Survivor regions: 43->43(77)
[7602.805s][info][gc,heap        ] GC(1430) Old regions: 258->266
[7602.805s][info][gc,heap        ] GC(1430) Humongous regions: 33->33
[7602.805s][info][gc,metaspace   ] GC(1430) Metaspace: 30010K(30528K)->30010K(30528K) NonClass: 26612K(26880K)->26612K(26880K) Class: 3397K(3648K)->3397K(3648K)
[7602.805s][info][gc             ] GC(1430) Pause Young (Normal) (G1 Evacuation Pause) 7227M->2723M(8192M) 155.335ms
[7602.805s][info][gc,cpu         ] GC(1430) User=1.23s Sys=0.01s Real=0.16s
...[7605.619s][info][gc,start       ] GC(1431) Pause Young (Normal) (G1 Evacuation Pause)
[7605.619s][info][gc,task        ] GC(1431) Using 8 workers of 8 for evacuation
[7605.775s][info][gc,phases      ] GC(1431)   Pre Evacuate Collection Set: 0.23ms
[7605.775s][info][gc,phases      ] GC(1431)   Merge Heap Roots: 0.58ms
[7605.775s][info][gc,phases      ] GC(1431)   Evacuate Collection Set: 154.39ms
[7605.775s][info][gc,phases      ] GC(1431)   Post Evacuate Collection Set: 1.07ms
[7605.775s][info][gc,phases      ] GC(1431)   Other: 0.06ms
[7605.775s][info][gc,heap        ] GC(1431) Eden regions: 571->0(570)
[7605.775s][info][gc,heap        ] GC(1431) Survivor regions: 43->44(77)
[7605.775s][info][gc,heap        ] GC(1431) Old regions: 266->274
[7605.775s][info][gc,heap        ] GC(1431) Humongous regions: 33->33
[7605.775s][info][gc,metaspace   ] GC(1431) Metaspace: 30010K(30528K)->30010K(30528K) NonClass: 26612K(26880K)->26612K(26880K) Class: 3397K(3648K)->3397K(3648K)
[7605.775s][info][gc             ] GC(1431) Pause Young (Normal) (G1 Evacuation Pause) 7291M->2785M(8192M) 156.464ms
[7605.775s][info][gc,cpu         ] GC(1431) User=1.23s Sys=0.00s Real=0.16s
...[7608.521s][info][gc,start       ] GC(1432) Pause Young (Normal) (G1 Evacuation Pause)
[7608.521s][info][gc,task        ] GC(1432) Using 8 workers of 8 for evacuation
[7608.677s][info][gc,phases      ] GC(1432)   Pre Evacuate Collection Set: 0.21ms
[7608.677s][info][gc,phases      ] GC(1432)   Merge Heap Roots: 0.55ms
[7608.677s][info][gc,phases      ] GC(1432)   Evacuate Collection Set: 154.20ms
[7608.677s][info][gc,phases      ] GC(1432)   Post Evacuate Collection Set: 1.07ms
[7608.677s][info][gc,phases      ] GC(1432)   Other: 0.07ms
[7608.677s][info][gc,heap        ] GC(1432) Eden regions: 570->0(570)
[7608.677s][info][gc,heap        ] GC(1432) Survivor regions: 44->44(77)
[7608.677s][info][gc,heap        ] GC(1432) Old regions: 274->280
[7608.677s][info][gc,heap        ] GC(1432) Humongous regions: 33->33
[7608.677s][info][gc,metaspace   ] GC(1432) Metaspace: 30010K(30528K)->30010K(30528K) NonClass: 26612K(26880K)->26612K(26880K) Class: 3397K(3648K)->3397K(3648K)
[7608.677s][info][gc             ] GC(1432) Pause Young (Normal) (G1 Evacuation Pause) 7345M->2843M(8192M) 156.221ms
[7608.677s][info][gc,cpu         ] GC(1432) User=1.24s Sys=0.00s Real=0.15s
...[7611.402s][info][gc,start       ] GC(1433) Pause Young (Normal) (G1 Evacuation Pause)
[7611.402s][info][gc,task        ] GC(1433) Using 8 workers of 8 for evacuation
[7611.554s][info][gc,phases      ] GC(1433)   Pre Evacuate Collection Set: 0.21ms
[7611.554s][info][gc,phases      ] GC(1433)   Merge Heap Roots: 0.54ms
[7611.554s][info][gc,phases      ] GC(1433)   Evacuate Collection Set: 150.75ms
[7611.554s][info][gc,phases      ] GC(1433)   Post Evacuate Collection Set: 1.06ms
[7611.554s][info][gc,phases      ] GC(1433)   Other: 0.06ms
[7611.554s][info][gc,heap        ] GC(1433) Eden regions: 570->0(564)
[7611.554s][info][gc,heap        ] GC(1433) Survivor regions: 44->44(77)
[7611.555s][info][gc,heap        ] GC(1433) Old regions: 280->287
[7611.555s][info][gc,heap        ] GC(1433) Humongous regions: 33->33
[7611.555s][info][gc,metaspace   ] GC(1433) Metaspace: 30010K(30528K)->30010K(30528K) NonClass: 26612K(26880K)->26612K(26880K) Class: 3397K(3648K)->3397K(3648K)
[7611.555s][info][gc             ] GC(1433) Pause Young (Normal) (G1 Evacuation Pause) 7403M->2895M(8192M) 152.747ms
[7611.555s][info][gc,cpu         ] GC(1433) User=1.21s Sys=0.00s Real=0.15s
...[7614.272s][info][gc,start       ] GC(1434) Pause Young (Normal) (G1 Evacuation Pause)
[7614.272s][info][gc,task        ] GC(1434) Using 8 workers of 8 for evacuation
[7614.433s][info][gc,phases      ] GC(1434)   Pre Evacuate Collection Set: 0.22ms
[7614.433s][info][gc,phases      ] GC(1434)   Merge Heap Roots: 0.56ms
[7614.433s][info][gc,phases      ] GC(1434)   Evacuate Collection Set: 159.00ms
[7614.433s][info][gc,phases      ] GC(1434)   Post Evacuate Collection Set: 1.05ms
[7614.433s][info][gc,phases      ] GC(1434)   Other: 0.06ms
[7614.433s][info][gc,heap        ] GC(1434) Eden regions: 564->0(552)
[7614.433s][info][gc,heap        ] GC(1434) Survivor regions: 44->46(76)
[7614.433s][info][gc,heap        ] GC(1434) Old regions: 287->295
[7614.433s][info][gc,heap        ] GC(1434) Humongous regions: 33->33
[7614.433s][info][gc,metaspace   ] GC(1434) Metaspace: 30010K(30528K)->30010K(30528K) NonClass: 26612K(26880K)->26612K(26880K) Class: 3397K(3648K)->3397K(3648K)
[7614.433s][info][gc             ] GC(1434) Pause Young (Normal) (G1 Evacuation Pause) 7407M->2973M(8192M) 161.024ms
[7614.434s][info][gc,cpu         ] GC(1434) User=1.27s Sys=0.00s Real=0.16s
...[7617.181s][info][gc,start       ] GC(1435) Pause Young (Normal) (G1 Evacuation Pause)
[7617.181s][info][gc,task        ] GC(1435) Using 8 workers of 8 for evacuation
[7617.341s][info][gc,phases      ] GC(1435)   Pre Evacuate Collection Set: 0.21ms
[7617.341s][info][gc,phases      ] GC(1435)   Merge Heap Roots: 0.57ms
[7617.341s][info][gc,phases      ] GC(1435)   Evacuate Collection Set: 157.50ms
[7617.341s][info][gc,phases      ] GC(1435)   Post Evacuate Collection Set: 1.01ms
[7617.341s][info][gc,phases      ] GC(1435)   Other: 0.06ms
[7617.341s][info][gc,heap        ] GC(1435) Eden regions: 552->0(547)
[7617.341s][info][gc,heap        ] GC(1435) Survivor regions: 46->45(75)
[7617.341s][info][gc,heap        ] GC(1435) Old regions: 295->302
[7617.341s][info][gc,heap        ] GC(1435) Humongous regions: 33->33
[7617.341s][info][gc,metaspace   ] GC(1435) Metaspace: 30010K(30528K)->30010K(30528K) NonClass: 26612K(26880K)->26612K(26880K) Class: 3397K(3648K)->3397K(3648K)
[7617.341s][info][gc             ] GC(1435) Pause Young (Normal) (G1 Evacuation Pause) 7389M->3025M(8192M) 159.482ms
[7617.341s][info][gc,cpu         ] GC(1435) User=1.27s Sys=0.00s Real=0.15s
...[7620.075s][info][gc,start       ] GC(1436) Pause Young (Normal) (G1 Evacuation Pause)
[7620.075s][info][gc,task        ] GC(1436) Using 8 workers of 8 for evacuation
[7620.233s][info][gc,phases      ] GC(1436)   Pre Evacuate Collection Set: 0.19ms
[7620.233s][info][gc,phases      ] GC(1436)   Merge Heap Roots: 0.55ms
[7620.233s][info][gc,phases      ] GC(1436)   Evacuate Collection Set: 155.79ms
[7620.233s][info][gc,phases      ] GC(1436)   Post Evacuate Collection Set: 1.03ms
[7620.233s][info][gc,phases      ] GC(1436)   Other: 0.06ms
[7620.233s][info][gc,heap        ] GC(1436) Eden regions: 547->0(543)
[7620.233s][info][gc,heap        ] GC(1436) Survivor regions: 45->43(74)
[7620.233s][info][gc,heap        ] GC(1436) Old regions: 302->310
[7620.233s][info][gc,heap        ] GC(1436) Humongous regions: 33->33
[7620.233s][info][gc,metaspace   ] GC(1436) Metaspace: 30010K(30528K)->30010K(30528K) NonClass: 26612K(26880K)->26612K(26880K) Class: 3397K(3648K)->3397K(3648K)
[7620.233s][info][gc             ] GC(1436) Pause Young (Normal) (G1 Evacuation Pause) 7401M->3074M(8192M) 157.755ms
[7620.233s][info][gc,cpu         ] GC(1436) User=1.25s Sys=0.00s Real=0.16s
..[7622.756s][info][gc,start       ] GC(1437) Pause Young (Concurrent Start) (G1 Evacuation Pause)
[7622.756s][info][gc,task        ] GC(1437) Using 8 workers of 8 for evacuation
[7622.905s][info][gc,phases      ] GC(1437)   Pre Evacuate Collection Set: 0.25ms
[7622.905s][info][gc,phases      ] GC(1437)   Merge Heap Roots: 0.55ms
[7622.905s][info][gc,phases      ] GC(1437)   Evacuate Collection Set: 147.98ms
[7622.905s][info][gc,phases      ] GC(1437)   Post Evacuate Collection Set: 1.02ms
[7622.905s][info][gc,phases      ] GC(1437)   Other: 0.07ms
[7622.905s][info][gc,heap        ] GC(1437) Eden regions: 543->0(536)
[7622.905s][info][gc,heap        ] GC(1437) Survivor regions: 43->43(74)
[7622.905s][info][gc,heap        ] GC(1437) Old regions: 310->317
[7622.905s][info][gc,heap        ] GC(1437) Humongous regions: 33->33
[7622.906s][info][gc,metaspace   ] GC(1437) Metaspace: 30010K(30528K)->30010K(30528K) NonClass: 26612K(26880K)->26612K(26880K) Class: 3397K(3648K)->3397K(3648K)
[7622.906s][info][gc             ] GC(1437) Pause Young (Concurrent Start) (G1 Evacuation Pause) 7418M->3127M(8192M) 150.008ms
[7622.906s][info][gc             ] GC(1438) Concurrent Mark Cycle
[7622.906s][info][gc,marking     ] GC(1438) Concurrent Scan Root Regions
[7622.906s][info][gc,cpu         ] GC(1437) User=1.19s Sys=0.00s Real=0.15s
.[7623.222s][info][gc,marking     ] GC(1438) Concurrent Scan Root Regions 315.930ms
[7623.222s][info][gc,marking     ] GC(1438) Concurrent Mark
[7623.222s][info][gc,marking     ] GC(1438) Concurrent Mark From Roots
[7623.222s][info][gc,task        ] GC(1438) Using 2 workers of 2 for marking
.[7624.738s][info][gc,marking     ] GC(1438) Concurrent Mark From Roots 1516.694ms
[7624.738s][info][gc,marking     ] GC(1438) Concurrent Preclean
[7624.738s][info][gc,marking     ] GC(1438) Concurrent Preclean 0.092ms
[7624.739s][info][gc,start       ] GC(1438) Pause Remark
[7624.742s][info][gc             ] GC(1438) Pause Remark 5468M->4876M(8192M) 3.071ms
[7624.742s][info][gc,cpu         ] GC(1438) User=0.03s Sys=0.00s Real=0.01s
[7624.742s][info][gc,marking     ] GC(1438) Concurrent Mark 1520.250ms
[7624.742s][info][gc,marking     ] GC(1438) Concurrent Rebuild Remembered Sets and Scrub Regions
.[7625.428s][info][gc,marking     ] GC(1438) Concurrent Rebuild Remembered Sets and Scrub Regions 685.920ms
[7625.428s][info][gc,start       ] GC(1438) Pause Cleanup
[7625.428s][info][gc             ] GC(1438) Pause Cleanup 5724M->5724M(8192M) 0.255ms
[7625.428s][info][gc,cpu         ] GC(1438) User=0.00s Sys=0.00s Real=0.00s
[7625.428s][info][gc,marking     ] GC(1438) Concurrent Clear Claimed Marks
[7625.428s][info][gc,marking     ] GC(1438) Concurrent Clear Claimed Marks 0.039ms
[7625.428s][info][gc,marking     ] GC(1438) Concurrent Cleanup for Next Mark
[7625.438s][info][gc,marking     ] GC(1438) Concurrent Cleanup for Next Mark 10.127ms
[7625.438s][info][gc             ] GC(1438) Concurrent Mark Cycle 2532.908ms
.[7626.086s][info][gc,start       ] GC(1439) Pause Young (Prepare Mixed) (G1 Evacuation Pause)
[7626.087s][info][gc,task        ] GC(1439) Using 8 workers of 8 for evacuation
[7626.250s][info][gc,phases      ] GC(1439)   Pre Evacuate Collection Set: 0.23ms
[7626.250s][info][gc,phases      ] GC(1439)   Merge Heap Roots: 0.79ms
[7626.250s][info][gc,phases      ] GC(1439)   Evacuate Collection Set: 161.23ms
[7626.250s][info][gc,phases      ] GC(1439)   Post Evacuate Collection Set: 1.15ms
[7626.250s][info][gc,phases      ] GC(1439)   Other: 0.06ms
[7626.250s][info][gc,heap        ] GC(1439) Eden regions: 536->0(568)
[7626.250s][info][gc,heap        ] GC(1439) Survivor regions: 43->46(73)
[7626.250s][info][gc,heap        ] GC(1439) Old regions: 243->251
[7626.250s][info][gc,heap        ] GC(1439) Humongous regions: 33->33
[7626.250s][info][gc,metaspace   ] GC(1439) Metaspace: 30010K(30528K)->30010K(30528K) NonClass: 26612K(26880K)->26612K(26880K) Class: 3397K(3648K)->3397K(3648K)
[7626.250s][info][gc             ] GC(1439) Pause Young (Prepare Mixed) (G1 Evacuation Pause) 6823M->2625M(8192M) 163.591ms
[7626.250s][info][gc,cpu         ] GC(1439) User=1.30s Sys=0.00s Real=0.16s
..[7628.892s][info][gc,start       ] GC(1440) Pause Young (Mixed) (G1 Evacuation Pause)
[7628.892s][info][gc,task        ] GC(1440) Using 8 workers of 8 for evacuation
[7629.070s][info][gc,phases      ] GC(1440)   Pre Evacuate Collection Set: 0.26ms
[7629.070s][info][gc,phases      ] GC(1440)   Merge Heap Roots: 0.87ms
[7629.070s][info][gc,phases      ] GC(1440)   Evacuate Collection Set: 175.31ms
[7629.070s][info][gc,phases      ] GC(1440)   Post Evacuate Collection Set: 1.30ms
[7629.070s][info][gc,phases      ] GC(1440)   Other: 0.08ms
[7629.070s][info][gc,heap        ] GC(1440) Eden regions: 568->0(559)
[7629.070s][info][gc,heap        ] GC(1440) Survivor regions: 46->48(77)
[7629.070s][info][gc,heap        ] GC(1440) Old regions: 251->157
[7629.070s][info][gc,heap        ] GC(1440) Humongous regions: 33->33
[7629.070s][info][gc,metaspace   ] GC(1440) Metaspace: 30010K(30528K)->30010K(30528K) NonClass: 26612K(26880K)->26612K(26880K) Class: 3397K(3648K)->3397K(3648K)
[7629.070s][info][gc             ] GC(1440) Pause Young (Mixed) (G1 Evacuation Pause) 7169M->1887M(8192M) 177.968ms
[7629.070s][info][gc,cpu         ] GC(1440) User=1.41s Sys=0.00s Real=0.17s
...[7631.910s][info][gc,start       ] GC(1441) Pause Young (Mixed) (G1 Evacuation Pause)
[7631.910s][info][gc,task        ] GC(1441) Using 8 workers of 8 for evacuation
[7632.072s][info][gc,phases      ] GC(1441)   Pre Evacuate Collection Set: 0.22ms
[7632.072s][info][gc,phases      ] GC(1441)   Merge Heap Roots: 0.75ms
[7632.072s][info][gc,phases      ] GC(1441)   Evacuate Collection Set: 160.07ms
[7632.072s][info][gc,phases      ] GC(1441)   Post Evacuate Collection Set: 1.15ms
[7632.072s][info][gc,phases      ] GC(1441)   Other: 0.07ms
[7632.072s][info][gc,heap        ] GC(1441) Eden regions: 566->0(570)
[7632.072s][info][gc,heap        ] GC(1441) Survivor regions: 48->44(77)
[7632.072s][info][gc,heap        ] GC(1441) Old regions: 157->149
[7632.072s][info][gc,heap        ] GC(1441) Humongous regions: 33->33
[7632.072s][info][gc,metaspace   ] GC(1441) Metaspace: 30010K(30528K)->30010K(30528K) NonClass: 26612K(26880K)->26612K(26880K) Class: 3397K(3648K)->3397K(3648K)
[7632.072s][info][gc             ] GC(1441) Pause Young (Mixed) (G1 Evacuation Pause) 6415M->1786M(8192M) 162.386ms
[7632.072s][info][gc,cpu         ] GC(1441) User=1.29s Sys=0.00s Real=0.17s
...[7634.932s][info][gc,start       ] GC(1442) Pause Young (Mixed) (G1 Evacuation Pause)
[7634.932s][info][gc,task        ] GC(1442) Using 8 workers of 8 for evacuation
[7635.095s][info][gc,phases      ] GC(1442)   Pre Evacuate Collection Set: 0.25ms
[7635.095s][info][gc,phases      ] GC(1442)   Merge Heap Roots: 0.66ms
[7635.095s][info][gc,phases      ] GC(1442)   Evacuate Collection Set: 160.85ms
[7635.095s][info][gc,phases      ] GC(1442)   Post Evacuate Collection Set: 1.09ms
[7635.095s][info][gc,phases      ] GC(1442)   Other: 0.06ms
[7635.095s][info][gc,heap        ] GC(1442) Eden regions: 570->0(570)
[7635.095s][info][gc,heap        ] GC(1442) Survivor regions: 44->44(77)
[7635.095s][info][gc,heap        ] GC(1442) Old regions: 149->151
[7635.095s][info][gc,heap        ] GC(1442) Humongous regions: 33->33
[7635.095s][info][gc,metaspace   ] GC(1442) Metaspace: 30010K(30528K)->30010K(30528K) NonClass: 26612K(26880K)->26612K(26880K) Class: 3397K(3648K)->3397K(3648K)
[7635.095s][info][gc             ] GC(1442) Pause Young (Mixed) (G1 Evacuation Pause) 6346M->1804M(8192M) 163.046ms
[7635.095s][info][gc,cpu         ] GC(1442) User=1.29s Sys=0.00s Real=0.16s
...[7637.968s][info][gc,start       ] GC(1443) Pause Young (Normal) (G1 Evacuation Pause)
[7637.968s][info][gc,task        ] GC(1443) Using 8 workers of 8 for evacuation
[7638.124s][info][gc,phases      ] GC(1443)   Pre Evacuate Collection Set: 0.20ms
[7638.124s][info][gc,phases      ] GC(1443)   Merge Heap Roots: 0.54ms
[7638.124s][info][gc,phases      ] GC(1443)   Evacuate Collection Set: 154.02ms
[7638.124s][info][gc,phases      ] GC(1443)   Post Evacuate Collection Set: 1.06ms
[7638.124s][info][gc,phases      ] GC(1443)   Other: 0.06ms
[7638.124s][info][gc,heap        ] GC(1443) Eden regions: 570->0(570)
[7638.124s][info][gc,heap        ] GC(1443) Survivor regions: 44->44(77)
[7638.124s][info][gc,heap        ] GC(1443) Old regions: 151->158
[7638.124s][info][gc,heap        ] GC(1443) Humongous regions: 33->33
[7638.124s][info][gc,metaspace   ] GC(1443) Metaspace: 30010K(30528K)->30010K(30528K) NonClass: 26612K(26880K)->26612K(26880K) Class: 3397K(3648K)->3397K(3648K)
[7638.124s][info][gc             ] GC(1443) Pause Young (Normal) (G1 Evacuation Pause) 6364M->1863M(8192M) 156.032ms
[7638.124s][info][gc,cpu         ] GC(1443) User=1.23s Sys=0.00s Real=0.16s
...[7640.913s][info][gc,start       ] GC(1444) Pause Young (Normal) (G1 Evacuation Pause)
[7640.913s][info][gc,task        ] GC(1444) Using 8 workers of 8 for evacuation
[7641.071s][info][gc,phases      ] GC(1444)   Pre Evacuate Collection Set: 0.20ms
[7641.071s][info][gc,phases      ] GC(1444)   Merge Heap Roots: 0.55ms
[7641.071s][info][gc,phases      ] GC(1444)   Evacuate Collection Set: 155.85ms
[7641.071s][info][gc,phases      ] GC(1444)   Post Evacuate Collection Set: 1.05ms
[7641.071s][info][gc,phases      ] GC(1444)   Other: 0.06ms
[7641.071s][info][gc,heap        ] GC(1444) Eden regions: 570->0(570)
[7641.071s][info][gc,heap        ] GC(1444) Survivor regions: 44->44(77)
[7641.071s][info][gc,heap        ] GC(1444) Old regions: 158->166
[7641.071s][info][gc,heap        ] GC(1444) Humongous regions: 33->33
[7641.071s][info][gc,metaspace   ] GC(1444) Metaspace: 30010K(30528K)->30010K(30528K) NonClass: 26612K(26880K)->26612K(26880K) Class: 3397K(3648K)->3397K(3648K)
[7641.071s][info][gc             ] GC(1444) Pause Young (Normal) (G1 Evacuation Pause) 6423M->1925M(8192M) 157.863ms
[7641.071s][info][gc,cpu         ] GC(1444) User=1.25s Sys=0.00s Real=0.16s
...[7643.857s][info][gc,start       ] GC(1445) Pause Young (Normal) (G1 Evacuation Pause)
[7643.857s][info][gc,task        ] GC(1445) Using 8 workers of 8 for evacuation
[7644.013s][info][gc,phases      ] GC(1445)   Pre Evacuate Collection Set: 0.22ms
[7644.013s][info][gc,phases      ] GC(1445)   Merge Heap Roots: 0.54ms
[7644.013s][info][gc,phases      ] GC(1445)   Evacuate Collection Set: 154.86ms
[7644.013s][info][gc,phases      ] GC(1445)   Post Evacuate Collection Set: 1.03ms
[7644.013s][info][gc,phases      ] GC(1445)   Other: 0.06ms
[7644.013s][info][gc,heap        ] GC(1445) Eden regions: 570->0(570)
[7644.013s][info][gc,heap        ] GC(1445) Survivor regions: 44->44(77)
[7644.013s][info][gc,heap        ] GC(1445) Old regions: 166->173
[7644.013s][info][gc,heap        ] GC(1445) Humongous regions: 33->33
[7644.013s][info][gc,metaspace   ] GC(1445) Metaspace: 30010K(30528K)->30010K(30528K) NonClass: 26612K(26880K)->26612K(26880K) Class: 3397K(3648K)->3397K(3648K)
[7644.014s][info][gc             ] GC(1445) Pause Young (Normal) (G1 Evacuation Pause) 6485M->1982M(8192M) 156.839ms
[7644.014s][info][gc,cpu         ] GC(1445) User=1.24s Sys=0.00s Real=0.16s
...[7646.813s][info][gc,start       ] GC(1446) Pause Young (Normal) (G1 Evacuation Pause)
[7646.813s][info][gc,task        ] GC(1446) Using 8 workers of 8 for evacuation
[7646.979s][info][gc,phases      ] GC(1446)   Pre Evacuate Collection Set: 0.21ms
[7646.979s][info][gc,phases      ] GC(1446)   Merge Heap Roots: 0.55ms
[7646.979s][info][gc,phases      ] GC(1446)   Evacuate Collection Set: 164.70ms
[7646.979s][info][gc,phases      ] GC(1446)   Post Evacuate Collection Set: 1.02ms
[7646.979s][info][gc,phases      ] GC(1446)   Other: 0.06ms
[7646.979s][info][gc,heap        ] GC(1446) Eden regions: 570->0(567)
[7646.979s][info][gc,heap        ] GC(1446) Survivor regions: 44->47(77)
[7646.979s][info][gc,heap        ] GC(1446) Old regions: 173->180
[7646.979s][info][gc,heap        ] GC(1446) Humongous regions: 33->33
[7646.979s][info][gc,metaspace   ] GC(1446) Metaspace: 30010K(30528K)->30010K(30528K) NonClass: 26612K(26880K)->26612K(26880K) Class: 3397K(3648K)->3397K(3648K)
[7646.979s][info][gc             ] GC(1446) Pause Young (Normal) (G1 Evacuation Pause) 6542M->2059M(8192M) 166.669ms
[7646.979s][info][gc,cpu         ] GC(1446) User=1.32s Sys=0.00s Real=0.16s
...[7649.772s][info][gc,start       ] GC(1447) Pause Young (Normal) (G1 Evacuation Pause)
[7649.772s][info][gc,task        ] GC(1447) Using 8 workers of 8 for evacuation
[7649.926s][info][gc,phases      ] GC(1447)   Pre Evacuate Collection Set: 0.21ms
[7649.926s][info][gc,phases      ] GC(1447)   Merge Heap Roots: 0.55ms
[7649.926s][info][gc,phases      ] GC(1447)   Evacuate Collection Set: 152.12ms
[7649.926s][info][gc,phases      ] GC(1447)   Post Evacuate Collection Set: 1.05ms
[7649.926s][info][gc,phases      ] GC(1447)   Other: 0.07ms
[7649.926s][info][gc,heap        ] GC(1447) Eden regions: 567->0(571)
[7649.926s][info][gc,heap        ] GC(1447) Survivor regions: 47->43(77)
[7649.926s][info][gc,heap        ] GC(1447) Old regions: 180->187
[7649.926s][info][gc,heap        ] GC(1447) Humongous regions: 33->33
[7649.926s][info][gc,metaspace   ] GC(1447) Metaspace: 30010K(30528K)->30010K(30528K) NonClass: 26612K(26880K)->26612K(26880K) Class: 3397K(3648K)->3397K(3648K)
[7649.926s][info][gc             ] GC(1447) Pause Young (Normal) (G1 Evacuation Pause) 6595M->2091M(8192M) 154.122ms
[7649.926s][info][gc,cpu         ] GC(1447) User=1.22s Sys=0.00s Real=0.15s
...[7652.506s][info][gc,start       ] GC(1448) Pause Young (Normal) (G1 Evacuation Pause)
[7652.506s][info][gc,task        ] GC(1448) Using 8 workers of 8 for evacuation
[7652.668s][info][gc,phases      ] GC(1448)   Pre Evacuate Collection Set: 0.21ms
[7652.668s][info][gc,phases      ] GC(1448)   Merge Heap Roots: 0.55ms
[7652.668s][info][gc,phases      ] GC(1448)   Evacuate Collection Set: 160.05ms
[7652.668s][info][gc,phases      ] GC(1448)   Post Evacuate Collection Set: 1.03ms
[7652.668s][info][gc,phases      ] GC(1448)   Other: 0.06ms
[7652.668s][info][gc,heap        ] GC(1448) Eden regions: 571->0(568)
[7652.668s][info][gc,heap        ] GC(1448) Survivor regions: 43->46(77)
[7652.668s][info][gc,heap        ] GC(1448) Old regions: 187->194
[7652.668s][info][gc,heap        ] GC(1448) Humongous regions: 33->33
[7652.668s][info][gc,metaspace   ] GC(1448) Metaspace: 30010K(30528K)->30010K(30528K) NonClass: 26612K(26880K)->26612K(26880K) Class: 3397K(3648K)->3397K(3648K)
[7652.668s][info][gc             ] GC(1448) Pause Young (Normal) (G1 Evacuation Pause) 6659M->2171M(8192M) 162.022ms
[7652.668s][info][gc,cpu         ] GC(1448) User=1.28s Sys=0.00s Real=0.16s
...[7655.405s][info][gc,start       ] GC(1449) Pause Young (Normal) (G1 Evacuation Pause)
[7655.405s][info][gc,task        ] GC(1449) Using 8 workers of 8 for evacuation
[7655.560s][info][gc,phases      ] GC(1449)   Pre Evacuate Collection Set: 0.23ms
[7655.560s][info][gc,phases      ] GC(1449)   Merge Heap Roots: 0.56ms
[7655.560s][info][gc,phases      ] GC(1449)   Evacuate Collection Set: 153.23ms
[7655.560s][info][gc,phases      ] GC(1449)   Post Evacuate Collection Set: 1.03ms
[7655.560s][info][gc,phases      ] GC(1449)   Other: 0.08ms
[7655.560s][info][gc,heap        ] GC(1449) Eden regions: 568->0(570)
[7655.560s][info][gc,heap        ] GC(1449) Survivor regions: 46->44(77)
[7655.560s][info][gc,heap        ] GC(1449) Old regions: 194->201
[7655.560s][info][gc,heap        ] GC(1449) Humongous regions: 33->33
[7655.560s][info][gc,metaspace   ] GC(1449) Metaspace: 30010K(30528K)->30010K(30528K) NonClass: 26612K(26880K)->26612K(26880K) Class: 3397K(3648K)->3397K(3648K)
[7655.560s][info][gc             ] GC(1449) Pause Young (Normal) (G1 Evacuation Pause) 6715M->2207M(8192M) 155.245ms
[7655.560s][info][gc,cpu         ] GC(1449) User=1.23s Sys=0.00s Real=0.15s
...[7658.467s][info][gc,start       ] GC(1450) Pause Young (Normal) (G1 Evacuation Pause)
[7658.467s][info][gc,task        ] GC(1450) Using 8 workers of 8 for evacuation
[7658.624s][info][gc,phases      ] GC(1450)   Pre Evacuate Collection Set: 0.22ms
[7658.624s][info][gc,phases      ] GC(1450)   Merge Heap Roots: 0.56ms
[7658.624s][info][gc,phases      ] GC(1450)   Evacuate Collection Set: 155.55ms
[7658.624s][info][gc,phases      ] GC(1450)   Post Evacuate Collection Set: 1.05ms
[7658.624s][info][gc,phases      ] GC(1450)   Other: 0.06ms
[7658.624s][info][gc,heap        ] GC(1450) Eden regions: 570->0(571)
[7658.624s][info][gc,heap        ] GC(1450) Survivor regions: 44->43(77)
[7658.624s][info][gc,heap        ] GC(1450) Old regions: 201->209
[7658.624s][info][gc,heap        ] GC(1450) Humongous regions: 33->33
[7658.624s][info][gc,metaspace   ] GC(1450) Metaspace: 30010K(30528K)->30010K(30528K) NonClass: 26612K(26880K)->26612K(26880K) Class: 3397K(3648K)->3397K(3648K)
[7658.624s][info][gc             ] GC(1450) Pause Young (Normal) (G1 Evacuation Pause) 6767M->2261M(8192M) 157.567ms
[7658.624s][info][gc,cpu         ] GC(1450) User=1.25s Sys=0.01s Real=0.16s
...[7661.348s][info][gc,start       ] GC(1451) Pause Young (Normal) (G1 Evacuation Pause)
[7661.348s][info][gc,task        ] GC(1451) Using 8 workers of 8 for evacuation
[7661.500s][info][gc,phases      ] GC(1451)   Pre Evacuate Collection Set: 0.22ms
[7661.500s][info][gc,phases      ] GC(1451)   Merge Heap Roots: 0.56ms
[7661.500s][info][gc,phases      ] GC(1451)   Evacuate Collection Set: 150.03ms
[7661.500s][info][gc,phases      ] GC(1451)   Post Evacuate Collection Set: 1.05ms
[7661.500s][info][gc,phases      ] GC(1451)   Other: 0.06ms
[7661.500s][info][gc,heap        ] GC(1451) Eden regions: 571->0(571)
[7661.500s][info][gc,heap        ] GC(1451) Survivor regions: 43->43(77)
[7661.500s][info][gc,heap        ] GC(1451) Old regions: 209->216
[7661.500s][info][gc,heap        ] GC(1451) Humongous regions: 33->33
[7661.500s][info][gc,metaspace   ] GC(1451) Metaspace: 30010K(30528K)->30010K(30528K) NonClass: 26612K(26880K)->26612K(26880K) Class: 3397K(3648K)->3397K(3648K)
[7661.500s][info][gc             ] GC(1451) Pause Young (Normal) (G1 Evacuation Pause) 6829M->2318M(8192M) 152.072ms
[7661.500s][info][gc,cpu         ] GC(1451) User=1.21s Sys=0.00s Real=0.15s
...[7664.279s][info][gc,start       ] GC(1452) Pause Young (Normal) (G1 Evacuation Pause)
[7664.279s][info][gc,task        ] GC(1452) Using 8 workers of 8 for evacuation
[7664.442s][info][gc,phases      ] GC(1452)   Pre Evacuate Collection Set: 0.22ms
[7664.442s][info][gc,phases      ] GC(1452)   Merge Heap Roots: 0.56ms
[7664.442s][info][gc,phases      ] GC(1452)   Evacuate Collection Set: 160.74ms
[7664.442s][info][gc,phases      ] GC(1452)   Post Evacuate Collection Set: 1.05ms
[7664.442s][info][gc,phases      ] GC(1452)   Other: 0.07ms
[7664.442s][info][gc,heap        ] GC(1452) Eden regions: 571->0(567)
[7664.442s][info][gc,heap        ] GC(1452) Survivor regions: 43->47(77)
[7664.442s][info][gc,heap        ] GC(1452) Old regions: 216->223
[7664.442s][info][gc,heap        ] GC(1452) Humongous regions: 33->33
[7664.442s][info][gc,metaspace   ] GC(1452) Metaspace: 30010K(30528K)->30010K(30528K) NonClass: 26612K(26880K)->26612K(26880K) Class: 3397K(3648K)->3397K(3648K)
[7664.442s][info][gc             ] GC(1452) Pause Young (Normal) (G1 Evacuation Pause) 6886M->2401M(8192M) 162.770ms
[7664.442s][info][gc,cpu         ] GC(1452) User=1.29s Sys=0.00s Real=0.17s
...[7667.218s][info][gc,start       ] GC(1453) Pause Young (Normal) (G1 Evacuation Pause)
[7667.218s][info][gc,task        ] GC(1453) Using 8 workers of 8 for evacuation
[7667.372s][info][gc,phases      ] GC(1453)   Pre Evacuate Collection Set: 0.21ms
[7667.372s][info][gc,phases      ] GC(1453)   Merge Heap Roots: 0.54ms
[7667.372s][info][gc,phases      ] GC(1453)   Evacuate Collection Set: 151.52ms
[7667.372s][info][gc,phases      ] GC(1453)   Post Evacuate Collection Set: 1.02ms
[7667.372s][info][gc,phases      ] GC(1453)   Other: 0.07ms
[7667.372s][info][gc,heap        ] GC(1453) Eden regions: 567->0(571)
[7667.372s][info][gc,heap        ] GC(1453) Survivor regions: 47->43(77)
[7667.372s][info][gc,heap        ] GC(1453) Old regions: 223->230
[7667.372s][info][gc,heap        ] GC(1453) Humongous regions: 33->33
[7667.372s][info][gc,metaspace   ] GC(1453) Metaspace: 30010K(30528K)->30010K(30528K) NonClass: 26612K(26880K)->26612K(26880K) Class: 3397K(3648K)->3397K(3648K)
[7667.372s][info][gc             ] GC(1453) Pause Young (Normal) (G1 Evacuation Pause) 6937M->2433M(8192M) 153.491ms
[7667.372s][info][gc,cpu         ] GC(1453) User=1.22s Sys=0.00s Real=0.16s
...[7670.213s][info][gc,start       ] GC(1454) Pause Young (Normal) (G1 Evacuation Pause)
[7670.213s][info][gc,task        ] GC(1454) Using 8 workers of 8 for evacuation
[7670.373s][info][gc,phases      ] GC(1454)   Pre Evacuate Collection Set: 0.21ms
[7670.373s][info][gc,phases      ] GC(1454)   Merge Heap Roots: 0.56ms
[7670.373s][info][gc,phases      ] GC(1454)   Evacuate Collection Set: 157.80ms
[7670.373s][info][gc,phases      ] GC(1454)   Post Evacuate Collection Set: 1.06ms
[7670.373s][info][gc,phases      ] GC(1454)   Other: 0.06ms
[7670.373s][info][gc,heap        ] GC(1454) Eden regions: 571->0(569)
[7670.373s][info][gc,heap        ] GC(1454) Survivor regions: 43->45(77)
[7670.373s][info][gc,heap        ] GC(1454) Old regions: 230->237
[7670.373s][info][gc,heap        ] GC(1454) Humongous regions: 33->33
[7670.373s][info][gc,metaspace   ] GC(1454) Metaspace: 30010K(30528K)->30010K(30528K) NonClass: 26612K(26880K)->26612K(26880K) Class: 3397K(3648K)->3397K(3648K)
[7670.373s][info][gc             ] GC(1454) Pause Young (Normal) (G1 Evacuation Pause) 7001M->2507M(8192M) 159.831ms
[7670.373s][info][gc,cpu         ] GC(1454) User=1.27s Sys=0.00s Real=0.16s
...[7673.223s][info][gc,start       ] GC(1455) Pause Young (Normal) (G1 Evacuation Pause)
[7673.223s][info][gc,task        ] GC(1455) Using 8 workers of 8 for evacuation
[7673.382s][info][gc,phases      ] GC(1455)   Pre Evacuate Collection Set: 0.21ms
[7673.382s][info][gc,phases      ] GC(1455)   Merge Heap Roots: 0.56ms
[7673.382s][info][gc,phases      ] GC(1455)   Evacuate Collection Set: 157.32ms
[7673.382s][info][gc,phases      ] GC(1455)   Post Evacuate Collection Set: 1.08ms
[7673.382s][info][gc,phases      ] GC(1455)   Other: 0.07ms
[7673.382s][info][gc,heap        ] GC(1455) Eden regions: 569->0(569)
[7673.382s][info][gc,heap        ] GC(1455) Survivor regions: 45->45(77)
[7673.382s][info][gc,heap        ] GC(1455) Old regions: 237->245
[7673.382s][info][gc,heap        ] GC(1455) Humongous regions: 33->33
[7673.382s][info][gc,metaspace   ] GC(1455) Metaspace: 30010K(30528K)->30010K(30528K) NonClass: 26612K(26880K)->26612K(26880K) Class: 3397K(3648K)->3397K(3648K)
[7673.382s][info][gc             ] GC(1455) Pause Young (Normal) (G1 Evacuation Pause) 7059M->2567M(8192M) 159.380ms
[7673.382s][info][gc,cpu         ] GC(1455) User=1.26s Sys=0.00s Real=0.16s
..[7676.064s][info][gc,start       ] GC(1456) Pause Young (Normal) (G1 Evacuation Pause)
[7676.064s][info][gc,task        ] GC(1456) Using 8 workers of 8 for evacuation
[7676.225s][info][gc,phases      ] GC(1456)   Pre Evacuate Collection Set: 0.22ms
[7676.225s][info][gc,phases      ] GC(1456)   Merge Heap Roots: 0.54ms
[7676.225s][info][gc,phases      ] GC(1456)   Evacuate Collection Set: 159.91ms
[7676.225s][info][gc,phases      ] GC(1456)   Post Evacuate Collection Set: 1.04ms
[7676.225s][info][gc,phases      ] GC(1456)   Other: 0.06ms
[7676.225s][info][gc,heap        ] GC(1456) Eden regions: 569->0(567)
[7676.225s][info][gc,heap        ] GC(1456) Survivor regions: 45->47(77)
[7676.225s][info][gc,heap        ] GC(1456) Old regions: 245->252
[7676.225s][info][gc,heap        ] GC(1456) Humongous regions: 33->33
[7676.225s][info][gc,metaspace   ] GC(1456) Metaspace: 30010K(30528K)->30010K(30528K) NonClass: 26612K(26880K)->26612K(26880K) Class: 3397K(3648K)->3397K(3648K)
[7676.225s][info][gc             ] GC(1456) Pause Young (Normal) (G1 Evacuation Pause) 7119M->2642M(8192M) 161.902ms
[7676.225s][info][gc,cpu         ] GC(1456) User=1.28s Sys=0.00s Real=0.16s
...[7679.002s][info][gc,start       ] GC(1457) Pause Young (Normal) (G1 Evacuation Pause)
[7679.002s][info][gc,task        ] GC(1457) Using 8 workers of 8 for evacuation
[7679.163s][info][gc,phases      ] GC(1457)   Pre Evacuate Collection Set: 0.21ms
[7679.163s][info][gc,phases      ] GC(1457)   Merge Heap Roots: 0.55ms
[7679.163s][info][gc,phases      ] GC(1457)   Evacuate Collection Set: 159.10ms
[7679.163s][info][gc,phases      ] GC(1457)   Post Evacuate Collection Set: 1.02ms
[7679.163s][info][gc,phases      ] GC(1457)   Other: 0.06ms
[7679.163s][info][gc,heap        ] GC(1457) Eden regions: 567->0(568)
[7679.163s][info][gc,heap        ] GC(1457) Survivor regions: 47->46(77)
[7679.163s][info][gc,heap        ] GC(1457) Old regions: 252->259
[7679.163s][info][gc,heap        ] GC(1457) Humongous regions: 33->33
[7679.163s][info][gc,metaspace   ] GC(1457) Metaspace: 30010K(30528K)->30010K(30528K) NonClass: 26612K(26880K)->26612K(26880K) Class: 3397K(3648K)->3397K(3648K)
[7679.163s][info][gc             ] GC(1457) Pause Young (Normal) (G1 Evacuation Pause) 7178M->2687M(8192M) 161.064ms
[7679.163s][info][gc,cpu         ] GC(1457) User=1.28s Sys=0.00s Real=0.16s
...[7681.771s][info][gc,start       ] GC(1458) Pause Young (Normal) (G1 Evacuation Pause)
[7681.771s][info][gc,task        ] GC(1458) Using 8 workers of 8 for evacuation
[7681.932s][info][gc,phases      ] GC(1458)   Pre Evacuate Collection Set: 0.21ms
[7681.932s][info][gc,phases      ] GC(1458)   Merge Heap Roots: 0.54ms
[7681.932s][info][gc,phases      ] GC(1458)   Evacuate Collection Set: 159.05ms
[7681.932s][info][gc,phases      ] GC(1458)   Post Evacuate Collection Set: 1.04ms
[7681.932s][info][gc,phases      ] GC(1458)   Other: 0.06ms
[7681.932s][info][gc,heap        ] GC(1458) Eden regions: 568->0(568)
[7681.932s][info][gc,heap        ] GC(1458) Survivor regions: 46->46(77)
[7681.932s][info][gc,heap        ] GC(1458) Old regions: 259->267
[7681.932s][info][gc,heap        ] GC(1458) Humongous regions: 33->33
[7681.932s][info][gc,metaspace   ] GC(1458) Metaspace: 30010K(30528K)->30010K(30528K) NonClass: 26612K(26880K)->26612K(26880K) Class: 3397K(3648K)->3397K(3648K)
[7681.932s][info][gc             ] GC(1458) Pause Young (Normal) (G1 Evacuation Pause) 7231M->2745M(8192M) 161.041ms
[7681.933s][info][gc,cpu         ] GC(1458) User=1.28s Sys=0.00s Real=0.16s
...[7684.605s][info][gc,start       ] GC(1459) Pause Young (Normal) (G1 Evacuation Pause)
[7684.605s][info][gc,task        ] GC(1459) Using 8 workers of 8 for evacuation
[7684.760s][info][gc,phases      ] GC(1459)   Pre Evacuate Collection Set: 0.22ms
[7684.760s][info][gc,phases      ] GC(1459)   Merge Heap Roots: 0.58ms
[7684.760s][info][gc,phases      ] GC(1459)   Evacuate Collection Set: 152.97ms
[7684.760s][info][gc,phases      ] GC(1459)   Post Evacuate Collection Set: 1.03ms
[7684.760s][info][gc,phases      ] GC(1459)   Other: 0.06ms
[7684.760s][info][gc,heap        ] GC(1459) Eden regions: 568->0(570)
[7684.760s][info][gc,heap        ] GC(1459) Survivor regions: 46->44(77)
[7684.760s][info][gc,heap        ] GC(1459) Old regions: 267->273
[7684.760s][info][gc,heap        ] GC(1459) Humongous regions: 33->33
[7684.760s][info][gc,metaspace   ] GC(1459) Metaspace: 30010K(30528K)->30010K(30528K) NonClass: 26612K(26880K)->26612K(26880K) Class: 3397K(3648K)->3397K(3648K)
[7684.760s][info][gc             ] GC(1459) Pause Young (Normal) (G1 Evacuation Pause) 7289M->2785M(8192M) 154.984ms
[7684.760s][info][gc,cpu         ] GC(1459) User=1.22s Sys=0.00s Real=0.15s
.. (rIR:aIR:PR = 13284:13449:13081) (tPR = 194977) [IR is over limit] [PR is under limit] 
  7686s: Performance info:
         Transaction,    Success,    Partial,     Failed,   Receipts, AvgBarcode, 
             Overall,    1184249,          0,          0,    1125810,      59.47, 
         Response times:
             Request,    Success,    Partial,     Failed,   SkipFail,     Probes,    Samples,      min,      p50,      p90,      p95,      p99,      max, 
       TotalPurchase,    1157526,          0,          0,          0,     303529,     595155,      400,   353000,   750000,   870000,  1300000, 21000000,
     InStorePurchase,     609736,          0,          0,          0,     155508,     312519,      400,   353000,   740000,   890000,  1400000, 21000000,
      OnlinePurchase,     427551,          0,          0,          0,     110261,     219503,     1000,   353000,   730000,   820000,  1100000, 21000000,
        InstPurchase,     120239,          0,          0,          0,      37760,      63133,     2700,   355000,   840000,   940000,  1300000, 21000000,
          AssocOfCat,       1203,          0,          0,          0,        743,       1332,    60000,   425000,   747000,   860000,  1300000,  3200000,
      AssocOfProduct,      12108,          0,          0,          0,       4363,       6990,     2300,   343000,   710000,   800000,  1200000, 19000000,
      BusinessReport,       3001,          0,          0,          0,       1716,       3162,    65000,   415000,   890000,  1100000,  1600000,  3900000,
          CustBuyBeh,      11978,          0,          0,          0,       4461,       7165,     4300,   341000,   650000,   747000,   933400, 24000000,
       ProductReturn,      31696,          0,          0,          0,       9530,      16814,     3200,   342000,   750000,   910000,  1800000, 24000000,

  7686s: 
  7686s: Failed, 7 overall retries left, retrying 1 of 1
  7686s: (96%)   IR =  13284 .[7687.558s][info][gc,start       ] GC(1460) Pause Young (Normal) (G1 Evacuation Pause)
[7687.558s][info][gc,task        ] GC(1460) Using 8 workers of 8 for evacuation
[7687.717s][info][gc,phases      ] GC(1460)   Pre Evacuate Collection Set: 0.21ms
[7687.717s][info][gc,phases      ] GC(1460)   Merge Heap Roots: 0.58ms
[7687.717s][info][gc,phases      ] GC(1460)   Evacuate Collection Set: 157.50ms
[7687.717s][info][gc,phases      ] GC(1460)   Post Evacuate Collection Set: 1.04ms
[7687.718s][info][gc,phases      ] GC(1460)   Other: 0.07ms
[7687.718s][info][gc,heap        ] GC(1460) Eden regions: 570->0(568)
[7687.718s][info][gc,heap        ] GC(1460) Survivor regions: 44->45(77)
[7687.718s][info][gc,heap        ] GC(1460) Old regions: 273->281
[7687.718s][info][gc,heap        ] GC(1460) Humongous regions: 33->33
[7687.718s][info][gc,metaspace   ] GC(1460) Metaspace: 30010K(30528K)->30010K(30528K) NonClass: 26612K(26880K)->26612K(26880K) Class: 3397K(3648K)->3397K(3648K)
[7687.718s][info][gc             ] GC(1460) Pause Young (Normal) (G1 Evacuation Pause) 7345M->2851M(8192M) 159.533ms
[7687.718s][info][gc,cpu         ] GC(1460) User=1.27s Sys=0.00s Real=0.16s
...[7690.632s][info][gc,start       ] GC(1461) Pause Young (Normal) (G1 Evacuation Pause)
[7690.632s][info][gc,task        ] GC(1461) Using 8 workers of 8 for evacuation
[7690.787s][info][gc,phases      ] GC(1461)   Pre Evacuate Collection Set: 0.21ms
[7690.787s][info][gc,phases      ] GC(1461)   Merge Heap Roots: 0.54ms
[7690.787s][info][gc,phases      ] GC(1461)   Evacuate Collection Set: 153.43ms
[7690.787s][info][gc,phases      ] GC(1461)   Post Evacuate Collection Set: 1.05ms
[7690.787s][info][gc,phases      ] GC(1461)   Other: 0.06ms
[7690.787s][info][gc,heap        ] GC(1461) Eden regions: 568->0(562)
[7690.787s][info][gc,heap        ] GC(1461) Survivor regions: 45->44(77)
[7690.787s][info][gc,heap        ] GC(1461) Old regions: 281->289
[7690.787s][info][gc,heap        ] GC(1461) Humongous regions: 33->33
[7690.787s][info][gc,metaspace   ] GC(1461) Metaspace: 30010K(30528K)->30010K(30528K) NonClass: 26612K(26880K)->26612K(26880K) Class: 3397K(3648K)->3397K(3648K)
[7690.787s][info][gc             ] GC(1461) Pause Young (Normal) (G1 Evacuation Pause) 7395M->2907M(8192M) 155.416ms
[7690.787s][info][gc,cpu         ] GC(1461) User=1.23s Sys=0.01s Real=0.15s
...[7693.495s][info][gc,start       ] GC(1462) Pause Young (Normal) (G1 Evacuation Pause)
[7693.495s][info][gc,task        ] GC(1462) Using 8 workers of 8 for evacuation
[7693.656s][info][gc,phases      ] GC(1462)   Pre Evacuate Collection Set: 0.21ms
[7693.656s][info][gc,phases      ] GC(1462)   Merge Heap Roots: 0.57ms
[7693.656s][info][gc,phases      ] GC(1462)   Evacuate Collection Set: 158.98ms
[7693.656s][info][gc,phases      ] GC(1462)   Post Evacuate Collection Set: 1.06ms
[7693.656s][info][gc,phases      ] GC(1462)   Other: 0.06ms
[7693.656s][info][gc,heap        ] GC(1462) Eden regions: 562->0(553)
[7693.656s][info][gc,heap        ] GC(1462) Survivor regions: 44->45(76)
[7693.656s][info][gc,heap        ] GC(1462) Old regions: 289->296
[7693.656s][info][gc,heap        ] GC(1462) Humongous regions: 33->33
[7693.656s][info][gc,metaspace   ] GC(1462) Metaspace: 30010K(30528K)->30010K(30528K) NonClass: 26612K(26880K)->26612K(26880K) Class: 3397K(3648K)->3397K(3648K)
[7693.656s][info][gc             ] GC(1462) Pause Young (Normal) (G1 Evacuation Pause) 7403M->2973M(8192M) 160.996ms
[7693.656s][info][gc,cpu         ] GC(1462) User=1.27s Sys=0.00s Real=0.16s
..[7696.284s][info][gc,start       ] GC(1463) Pause Young (Normal) (G1 Evacuation Pause)
[7696.284s][info][gc,task        ] GC(1463) Using 8 workers of 8 for evacuation
[7696.445s][info][gc,phases      ] GC(1463)   Pre Evacuate Collection Set: 0.23ms
[7696.445s][info][gc,phases      ] GC(1463)   Merge Heap Roots: 0.54ms
[7696.445s][info][gc,phases      ] GC(1463)   Evacuate Collection Set: 158.74ms
[7696.445s][info][gc,phases      ] GC(1463)   Post Evacuate Collection Set: 1.03ms
[7696.445s][info][gc,phases      ] GC(1463)   Other: 0.07ms
[7696.445s][info][gc,heap        ] GC(1463) Eden regions: 553->0(544)
[7696.445s][info][gc,heap        ] GC(1463) Survivor regions: 45->46(75)
[7696.445s][info][gc,heap        ] GC(1463) Old regions: 296->303
[7696.445s][info][gc,heap        ] GC(1463) Humongous regions: 33->33
[7696.445s][info][gc,metaspace   ] GC(1463) Metaspace: 30010K(30528K)->30010K(30528K) NonClass: 26612K(26880K)->26612K(26880K) Class: 3397K(3648K)->3397K(3648K)
[7696.445s][info][gc             ] GC(1463) Pause Young (Normal) (G1 Evacuation Pause) 7397M->3041M(8192M) 160.761ms
[7696.445s][info][gc,cpu         ] GC(1463) User=1.27s Sys=0.00s Real=0.16s
...[7699.099s][info][gc,start       ] GC(1464) Pause Young (Concurrent Start) (G1 Evacuation Pause)
[7699.099s][info][gc,task        ] GC(1464) Using 8 workers of 8 for evacuation
[7699.252s][info][gc,phases      ] GC(1464)   Pre Evacuate Collection Set: 0.27ms
[7699.252s][info][gc,phases      ] GC(1464)   Merge Heap Roots: 0.62ms
[7699.252s][info][gc,phases      ] GC(1464)   Evacuate Collection Set: 151.19ms
[7699.252s][info][gc,phases      ] GC(1464)   Post Evacuate Collection Set: 1.01ms
[7699.252s][info][gc,phases      ] GC(1464)   Other: 0.08ms
[7699.252s][info][gc,heap        ] GC(1464) Eden regions: 544->0(542)
[7699.252s][info][gc,heap        ] GC(1464) Survivor regions: 46->43(74)
[7699.252s][info][gc,heap        ] GC(1464) Old regions: 303->311
[7699.252s][info][gc,heap        ] GC(1464) Humongous regions: 33->33
[7699.252s][info][gc,metaspace   ] GC(1464) Metaspace: 30010K(30528K)->30010K(30528K) NonClass: 26612K(26880K)->26612K(26880K) Class: 3397K(3648K)->3397K(3648K)
[7699.252s][info][gc             ] GC(1464) Pause Young (Concurrent Start) (G1 Evacuation Pause) 7393M->3073M(8192M) 153.305ms
[7699.252s][info][gc             ] GC(1465) Concurrent Mark Cycle
[7699.252s][info][gc,marking     ] GC(1465) Concurrent Scan Root Regions
[7699.252s][info][gc,cpu         ] GC(1464) User=1.21s Sys=0.00s Real=0.16s
.[7699.609s][info][gc,marking     ] GC(1465) Concurrent Scan Root Regions 356.949ms
[7699.609s][info][gc,marking     ] GC(1465) Concurrent Mark
[7699.609s][info][gc,marking     ] GC(1465) Concurrent Mark From Roots
[7699.609s][info][gc,task        ] GC(1465) Using 2 workers of 2 for marking
.[7700.869s][info][gc,marking     ] GC(1465) Concurrent Mark From Roots 1259.731ms
[7700.869s][info][gc,marking     ] GC(1465) Concurrent Preclean
[7700.869s][info][gc,marking     ] GC(1465) Concurrent Preclean 0.075ms
[7700.869s][info][gc,start       ] GC(1465) Pause Remark
[7700.872s][info][gc             ] GC(1465) Pause Remark 4925M->4341M(8192M) 2.927ms
[7700.872s][info][gc,cpu         ] GC(1465) User=0.02s Sys=0.00s Real=0.01s
[7700.872s][info][gc,marking     ] GC(1465) Concurrent Mark 1263.014ms
[7700.872s][info][gc,marking     ] GC(1465) Concurrent Rebuild Remembered Sets and Scrub Regions
.[7701.578s][info][gc,marking     ] GC(1465) Concurrent Rebuild Remembered Sets and Scrub Regions 706.046ms
[7701.578s][info][gc,start       ] GC(1465) Pause Cleanup
[7701.579s][info][gc             ] GC(1465) Pause Cleanup 5285M->5285M(8192M) 0.262ms
[7701.579s][info][gc,cpu         ] GC(1465) User=0.00s Sys=0.00s Real=0.00s
[7701.579s][info][gc,marking     ] GC(1465) Concurrent Clear Claimed Marks
[7701.579s][info][gc,marking     ] GC(1465) Concurrent Clear Claimed Marks 0.040ms
[7701.579s][info][gc,marking     ] GC(1465) Concurrent Cleanup for Next Mark
[7701.589s][info][gc,marking     ] GC(1465) Concurrent Cleanup for Next Mark 10.191ms
[7701.589s][info][gc             ] GC(1465) Concurrent Mark Cycle 2336.919ms
.[7702.490s][info][gc,start       ] GC(1466) Pause Young (Prepare Mixed) (G1 Evacuation Pause)
[7702.490s][info][gc,task        ] GC(1466) Using 8 workers of 8 for evacuation
[7702.643s][info][gc,phases      ] GC(1466)   Pre Evacuate Collection Set: 0.21ms
[7702.643s][info][gc,phases      ] GC(1466)   Merge Heap Roots: 0.78ms
[7702.643s][info][gc,phases      ] GC(1466)   Evacuate Collection Set: 150.26ms
[7702.643s][info][gc,phases      ] GC(1466)   Post Evacuate Collection Set: 1.08ms
[7702.643s][info][gc,phases      ] GC(1466)   Other: 0.07ms
[7702.643s][info][gc,heap        ] GC(1466) Eden regions: 542->0(571)
[7702.643s][info][gc,heap        ] GC(1466) Survivor regions: 43->43(74)
[7702.643s][info][gc,heap        ] GC(1466) Old regions: 238->245
[7702.643s][info][gc,heap        ] GC(1466) Humongous regions: 33->33
[7702.643s][info][gc,metaspace   ] GC(1466) Metaspace: 30010K(30528K)->30010K(30528K) NonClass: 26612K(26880K)->26612K(26880K) Class: 3397K(3648K)->3397K(3648K)
[7702.643s][info][gc             ] GC(1466) Pause Young (Prepare Mixed) (G1 Evacuation Pause) 6825M->2550M(8192M) 152.536ms
[7702.643s][info][gc,cpu         ] GC(1466) User=1.21s Sys=0.00s Real=0.16s
..[7705.388s][info][gc,start       ] GC(1467) Pause Young (Mixed) (G1 Evacuation Pause)
[7705.388s][info][gc,task        ] GC(1467) Using 8 workers of 8 for evacuation
[7705.553s][info][gc,phases      ] GC(1467)   Pre Evacuate Collection Set: 0.26ms
[7705.553s][info][gc,phases      ] GC(1467)   Merge Heap Roots: 0.83ms
[7705.553s][info][gc,phases      ] GC(1467)   Evacuate Collection Set: 162.60ms
[7705.553s][info][gc,phases      ] GC(1467)   Post Evacuate Collection Set: 1.25ms
[7705.553s][info][gc,phases      ] GC(1467)   Other: 0.08ms
[7705.553s][info][gc,heap        ] GC(1467) Eden regions: 571->0(570)
[7705.553s][info][gc,heap        ] GC(1467) Survivor regions: 43->44(77)
[7705.553s][info][gc,heap        ] GC(1467) Old regions: 245->151
[7705.553s][info][gc,heap        ] GC(1467) Humongous regions: 33->33
[7705.553s][info][gc,metaspace   ] GC(1467) Metaspace: 30010K(30528K)->30010K(30528K) NonClass: 26612K(26880K)->26612K(26880K) Class: 3397K(3648K)->3397K(3648K)
[7705.553s][info][gc             ] GC(1467) Pause Young (Mixed) (G1 Evacuation Pause) 7118M->1806M(8192M) 165.145ms
[7705.553s][info][gc,cpu         ] GC(1467) User=1.31s Sys=0.00s Real=0.17s
...[7708.278s][info][gc,start       ] GC(1468) Pause Young (Mixed) (G1 Evacuation Pause)
[7708.278s][info][gc,task        ] GC(1468) Using 8 workers of 8 for evacuation
[7708.439s][info][gc,phases      ] GC(1468)   Pre Evacuate Collection Set: 0.22ms
[7708.439s][info][gc,phases      ] GC(1468)   Merge Heap Roots: 0.80ms
[7708.439s][info][gc,phases      ] GC(1468)   Evacuate Collection Set: 158.98ms
[7708.439s][info][gc,phases      ] GC(1468)   Post Evacuate Collection Set: 1.08ms
[7708.439s][info][gc,phases      ] GC(1468)   Other: 0.06ms
[7708.439s][info][gc,heap        ] GC(1468) Eden regions: 570->0(571)
[7708.439s][info][gc,heap        ] GC(1468) Survivor regions: 44->43(77)
[7708.439s][info][gc,heap        ] GC(1468) Old regions: 151->143
[7708.439s][info][gc,heap        ] GC(1468) Humongous regions: 33->33
[7708.439s][info][gc,metaspace   ] GC(1468) Metaspace: 30010K(30528K)->30010K(30528K) NonClass: 26612K(26880K)->26612K(26880K) Class: 3397K(3648K)->3397K(3648K)
[7708.439s][info][gc             ] GC(1468) Pause Young (Mixed) (G1 Evacuation Pause) 6366M->1736M(8192M) 161.286ms
[7708.439s][info][gc,cpu         ] GC(1468) User=1.28s Sys=0.00s Real=0.16s
...[7711.182s][info][gc,start       ] GC(1469) Pause Young (Normal) (G1 Evacuation Pause)
[7711.182s][info][gc,task        ] GC(1469) Using 8 workers of 8 for evacuation
[7711.337s][info][gc,phases      ] GC(1469)   Pre Evacuate Collection Set: 0.24ms
[7711.337s][info][gc,phases      ] GC(1469)   Merge Heap Roots: 0.58ms
[7711.337s][info][gc,phases      ] GC(1469)   Evacuate Collection Set: 152.74ms
[7711.337s][info][gc,phases      ] GC(1469)   Post Evacuate Collection Set: 1.04ms
[7711.337s][info][gc,phases      ] GC(1469)   Other: 0.07ms
[7711.337s][info][gc,heap        ] GC(1469) Eden regions: 571->0(571)
[7711.337s][info][gc,heap        ] GC(1469) Survivor regions: 43->43(77)
[7711.337s][info][gc,heap        ] GC(1469) Old regions: 143->150
[7711.337s][info][gc,heap        ] GC(1469) Humongous regions: 33->33
[7711.337s][info][gc,metaspace   ] GC(1469) Metaspace: 30010K(30528K)->30010K(30528K) NonClass: 26612K(26880K)->26612K(26880K) Class: 3397K(3648K)->3397K(3648K)
[7711.337s][info][gc             ] GC(1469) Pause Young (Normal) (G1 Evacuation Pause) 6304M->1793M(8192M) 154.805ms
[7711.337s][info][gc,cpu         ] GC(1469) User=1.23s Sys=0.00s Real=0.15s
...[7714.079s][info][gc,start       ] GC(1470) Pause Young (Normal) (G1 Evacuation Pause)
[7714.080s][info][gc,task        ] GC(1470) Using 8 workers of 8 for evacuation
[7714.237s][info][gc,phases      ] GC(1470)   Pre Evacuate Collection Set: 0.20ms
[7714.237s][info][gc,phases      ] GC(1470)   Merge Heap Roots: 0.56ms
[7714.237s][info][gc,phases      ] GC(1470)   Evacuate Collection Set: 155.60ms
[7714.237s][info][gc,phases      ] GC(1470)   Post Evacuate Collection Set: 1.04ms
[7714.237s][info][gc,phases      ] GC(1470)   Other: 0.06ms
[7714.237s][info][gc,heap        ] GC(1470) Eden regions: 571->0(569)
[7714.237s][info][gc,heap        ] GC(1470) Survivor regions: 43->45(77)
[7714.237s][info][gc,heap        ] GC(1470) Old regions: 150->157
[7714.237s][info][gc,heap        ] GC(1470) Humongous regions: 33->33
[7714.237s][info][gc,metaspace   ] GC(1470) Metaspace: 30010K(30528K)->30010K(30528K) NonClass: 26612K(26880K)->26612K(26880K) Class: 3397K(3648K)->3397K(3648K)
[7714.237s][info][gc             ] GC(1470) Pause Young (Normal) (G1 Evacuation Pause) 6361M->1865M(8192M) 157.605ms
[7714.237s][info][gc,cpu         ] GC(1470) User=1.25s Sys=0.00s Real=0.16s
...[7717.036s][info][gc,start       ] GC(1471) Pause Young (Normal) (G1 Evacuation Pause)
[7717.036s][info][gc,task        ] GC(1471) Using 8 workers of 8 for evacuation
[7717.191s][info][gc,phases      ] GC(1471)   Pre Evacuate Collection Set: 0.22ms
[7717.191s][info][gc,phases      ] GC(1471)   Merge Heap Roots: 0.62ms
[7717.191s][info][gc,phases      ] GC(1471)   Evacuate Collection Set: 153.46ms
[7717.191s][info][gc,phases      ] GC(1471)   Post Evacuate Collection Set: 1.06ms
[7717.191s][info][gc,phases      ] GC(1471)   Other: 0.07ms
[7717.191s][info][gc,heap        ] GC(1471) Eden regions: 569->0(570)
[7717.191s][info][gc,heap        ] GC(1471) Survivor regions: 45->44(77)
[7717.191s][info][gc,heap        ] GC(1471) Old regions: 157->164
[7717.191s][info][gc,heap        ] GC(1471) Humongous regions: 33->33
[7717.191s][info][gc,metaspace   ] GC(1471) Metaspace: 30010K(30528K)->30010K(30528K) NonClass: 26612K(26880K)->26612K(26880K) Class: 3397K(3648K)->3397K(3648K)
[7717.191s][info][gc             ] GC(1471) Pause Young (Normal) (G1 Evacuation Pause) 6417M->1915M(8192M) 155.566ms
[7717.191s][info][gc,cpu         ] GC(1471) User=1.23s Sys=0.00s Real=0.16s
...[7719.927s][info][gc,start       ] GC(1472) Pause Young (Normal) (G1 Evacuation Pause)
[7719.927s][info][gc,task        ] GC(1472) Using 8 workers of 8 for evacuation
[7720.082s][info][gc,phases      ] GC(1472)   Pre Evacuate Collection Set: 0.21ms
[7720.082s][info][gc,phases      ] GC(1472)   Merge Heap Roots: 0.54ms
[7720.082s][info][gc,phases      ] GC(1472)   Evacuate Collection Set: 152.93ms
[7720.082s][info][gc,phases      ] GC(1472)   Post Evacuate Collection Set: 1.05ms
[7720.082s][info][gc,phases      ] GC(1472)   Other: 0.06ms
[7720.082s][info][gc,heap        ] GC(1472) Eden regions: 570->0(570)
[7720.082s][info][gc,heap        ] GC(1472) Survivor regions: 44->44(77)
[7720.082s][info][gc,heap        ] GC(1472) Old regions: 164->172
[7720.082s][info][gc,heap        ] GC(1472) Humongous regions: 33->33
[7720.082s][info][gc,metaspace   ] GC(1472) Metaspace: 30010K(30528K)->30010K(30528K) NonClass: 26612K(26880K)->26612K(26880K) Class: 3397K(3648K)->3397K(3648K)
[7720.082s][info][gc             ] GC(1472) Pause Young (Normal) (G1 Evacuation Pause) 6475M->1974M(8192M) 154.913ms
[7720.082s][info][gc,cpu         ] GC(1472) User=1.23s Sys=0.00s Real=0.16s
...[7722.700s][info][gc,start       ] GC(1473) Pause Young (Normal) (G1 Evacuation Pause)
[7722.700s][info][gc,task        ] GC(1473) Using 8 workers of 8 for evacuation
[7722.856s][info][gc,phases      ] GC(1473)   Pre Evacuate Collection Set: 0.23ms
[7722.857s][info][gc,phases      ] GC(1473)   Merge Heap Roots: 0.56ms
[7722.857s][info][gc,phases      ] GC(1473)   Evacuate Collection Set: 154.61ms
[7722.857s][info][gc,phases      ] GC(1473)   Post Evacuate Collection Set: 1.06ms
[7722.857s][info][gc,phases      ] GC(1473)   Other: 0.06ms
[7722.857s][info][gc,heap        ] GC(1473) Eden regions: 570->0(570)
[7722.857s][info][gc,heap        ] GC(1473) Survivor regions: 44->44(77)
[7722.857s][info][gc,heap        ] GC(1473) Old regions: 172->179
[7722.857s][info][gc,heap        ] GC(1473) Humongous regions: 33->33
[7722.857s][info][gc,metaspace   ] GC(1473) Metaspace: 30010K(30528K)->30010K(30528K) NonClass: 26612K(26880K)->26612K(26880K) Class: 3397K(3648K)->3397K(3648K)
[7722.857s][info][gc             ] GC(1473) Pause Young (Normal) (G1 Evacuation Pause) 6534M->2028M(8192M) 156.662ms
[7722.857s][info][gc,cpu         ] GC(1473) User=1.24s Sys=0.00s Real=0.16s
...[7725.688s][info][gc,start       ] GC(1474) Pause Young (Normal) (G1 Evacuation Pause)
[7725.688s][info][gc,task        ] GC(1474) Using 8 workers of 8 for evacuation
[7725.847s][info][gc,phases      ] GC(1474)   Pre Evacuate Collection Set: 0.22ms
[7725.847s][info][gc,phases      ] GC(1474)   Merge Heap Roots: 0.56ms
[7725.847s][info][gc,phases      ] GC(1474)   Evacuate Collection Set: 157.62ms
[7725.847s][info][gc,phases      ] GC(1474)   Post Evacuate Collection Set: 1.06ms
[7725.847s][info][gc,phases      ] GC(1474)   Other: 0.07ms
[7725.847s][info][gc,heap        ] GC(1474) Eden regions: 570->0(569)
[7725.847s][info][gc,heap        ] GC(1474) Survivor regions: 44->45(77)
[7725.847s][info][gc,heap        ] GC(1474) Old regions: 179->186
[7725.847s][info][gc,heap        ] GC(1474) Humongous regions: 33->33
[7725.847s][info][gc,metaspace   ] GC(1474) Metaspace: 30010K(30528K)->30010K(30528K) NonClass: 26612K(26880K)->26612K(26880K) Class: 3397K(3648K)->3397K(3648K)
[7725.847s][info][gc             ] GC(1474) Pause Young (Normal) (G1 Evacuation Pause) 6588M->2091M(8192M) 159.641ms
[7725.847s][info][gc,cpu         ] GC(1474) User=1.27s Sys=0.00s Real=0.16s
...[7728.637s][info][gc,start       ] GC(1475) Pause Young (Normal) (G1 Evacuation Pause)
[7728.637s][info][gc,task        ] GC(1475) Using 8 workers of 8 for evacuation
[7728.792s][info][gc,phases      ] GC(1475)   Pre Evacuate Collection Set: 0.21ms
[7728.792s][info][gc,phases      ] GC(1475)   Merge Heap Roots: 0.56ms
[7728.792s][info][gc,phases      ] GC(1475)   Evacuate Collection Set: 153.10ms
[7728.792s][info][gc,phases      ] GC(1475)   Post Evacuate Collection Set: 1.07ms
[7728.792s][info][gc,phases      ] GC(1475)   Other: 0.07ms
[7728.792s][info][gc,heap        ] GC(1475) Eden regions: 569->0(571)
[7728.792s][info][gc,heap        ] GC(1475) Survivor regions: 45->43(77)
[7728.792s][info][gc,heap        ] GC(1475) Old regions: 186->193
[7728.792s][info][gc,heap        ] GC(1475) Humongous regions: 33->33
[7728.792s][info][gc,metaspace   ] GC(1475) Metaspace: 30010K(30528K)->30010K(30528K) NonClass: 26612K(26880K)->26612K(26880K) Class: 3397K(3648K)->3397K(3648K)
[7728.792s][info][gc             ] GC(1475) Pause Young (Normal) (G1 Evacuation Pause) 6643M->2135M(8192M) 155.142ms
[7728.792s][info][gc,cpu         ] GC(1475) User=1.23s Sys=0.00s Real=0.16s
...[7731.624s][info][gc,start       ] GC(1476) Pause Young (Normal) (G1 Evacuation Pause)
[7731.624s][info][gc,task        ] GC(1476) Using 8 workers of 8 for evacuation
[7731.778s][info][gc,phases      ] GC(1476)   Pre Evacuate Collection Set: 0.21ms
[7731.778s][info][gc,phases      ] GC(1476)   Merge Heap Roots: 0.55ms
[7731.778s][info][gc,phases      ] GC(1476)   Evacuate Collection Set: 151.92ms
[7731.778s][info][gc,phases      ] GC(1476)   Post Evacuate Collection Set: 1.03ms
[7731.778s][info][gc,phases      ] GC(1476)   Other: 0.06ms
[7731.778s][info][gc,heap        ] GC(1476) Eden regions: 571->0(571)
[7731.778s][info][gc,heap        ] GC(1476) Survivor regions: 43->43(77)
[7731.778s][info][gc,heap        ] GC(1476) Old regions: 193->200
[7731.778s][info][gc,heap        ] GC(1476) Humongous regions: 33->33
[7731.778s][info][gc,metaspace   ] GC(1476) Metaspace: 30010K(30528K)->30010K(30528K) NonClass: 26612K(26880K)->26612K(26880K) Class: 3397K(3648K)->3397K(3648K)
[7731.778s][info][gc             ] GC(1476) Pause Young (Normal) (G1 Evacuation Pause) 6703M->2191M(8192M) 153.911ms
[7731.778s][info][gc,cpu         ] GC(1476) User=1.22s Sys=0.00s Real=0.15s
...[7734.675s][info][gc,start       ] GC(1477) Pause Young (Normal) (G1 Evacuation Pause)
[7734.675s][info][gc,task        ] GC(1477) Using 8 workers of 8 for evacuation
[7734.837s][info][gc,phases      ] GC(1477)   Pre Evacuate Collection Set: 0.21ms
[7734.837s][info][gc,phases      ] GC(1477)   Merge Heap Roots: 0.52ms
[7734.837s][info][gc,phases      ] GC(1477)   Evacuate Collection Set: 160.13ms
[7734.837s][info][gc,phases      ] GC(1477)   Post Evacuate Collection Set: 1.04ms
[7734.837s][info][gc,phases      ] GC(1477)   Other: 0.06ms
[7734.837s][info][gc,heap        ] GC(1477) Eden regions: 571->0(569)
[7734.837s][info][gc,heap        ] GC(1477) Survivor regions: 43->45(77)
[7734.837s][info][gc,heap        ] GC(1477) Old regions: 200->208
[7734.837s][info][gc,heap        ] GC(1477) Humongous regions: 33->33
[7734.837s][info][gc,metaspace   ] GC(1477) Metaspace: 30010K(30528K)->30010K(30528K) NonClass: 26612K(26880K)->26612K(26880K) Class: 3397K(3648K)->3397K(3648K)
[7734.837s][info][gc             ] GC(1477) Pause Young (Normal) (G1 Evacuation Pause) 6759M->2270M(8192M) 162.084ms
[7734.837s][info][gc,cpu         ] GC(1477) User=1.29s Sys=0.00s Real=0.16s
..[7737.558s][info][gc,start       ] GC(1478) Pause Young (Normal) (G1 Evacuation Pause)
[7737.558s][info][gc,task        ] GC(1478) Using 8 workers of 8 for evacuation
[7737.721s][info][gc,phases      ] GC(1478)   Pre Evacuate Collection Set: 0.21ms
[7737.721s][info][gc,phases      ] GC(1478)   Merge Heap Roots: 0.57ms
[7737.721s][info][gc,phases      ] GC(1478)   Evacuate Collection Set: 160.83ms
[7737.721s][info][gc,phases      ] GC(1478)   Post Evacuate Collection Set: 1.03ms
[7737.721s][info][gc,phases      ] GC(1478)   Other: 0.06ms
[7737.721s][info][gc,heap        ] GC(1478) Eden regions: 569->0(568)
[7737.721s][info][gc,heap        ] GC(1478) Survivor regions: 45->46(77)
[7737.721s][info][gc,heap        ] GC(1478) Old regions: 208->215
[7737.721s][info][gc,heap        ] GC(1478) Humongous regions: 33->33
[7737.721s][info][gc,metaspace   ] GC(1478) Metaspace: 30010K(30528K)->30010K(30528K) NonClass: 26612K(26880K)->26612K(26880K) Class: 3397K(3648K)->3397K(3648K)
[7737.721s][info][gc             ] GC(1478) Pause Young (Normal) (G1 Evacuation Pause) 6822M->2333M(8192M) 162.835ms
[7737.721s][info][gc,cpu         ] GC(1478) User=1.29s Sys=0.00s Real=0.17s
...[7740.556s][info][gc,start       ] GC(1479) Pause Young (Normal) (G1 Evacuation Pause)
[7740.556s][info][gc,task        ] GC(1479) Using 8 workers of 8 for evacuation
[7740.711s][info][gc,phases      ] GC(1479)   Pre Evacuate Collection Set: 0.21ms
[7740.711s][info][gc,phases      ] GC(1479)   Merge Heap Roots: 0.55ms
[7740.711s][info][gc,phases      ] GC(1479)   Evacuate Collection Set: 153.01ms
[7740.711s][info][gc,phases      ] GC(1479)   Post Evacuate Collection Set: 1.03ms
[7740.711s][info][gc,phases      ] GC(1479)   Other: 0.06ms
[7740.711s][info][gc,heap        ] GC(1479) Eden regions: 568->0(569)
[7740.711s][info][gc,heap        ] GC(1479) Survivor regions: 46->45(77)
[7740.711s][info][gc,heap        ] GC(1479) Old regions: 215->222
[7740.711s][info][gc,heap        ] GC(1479) Humongous regions: 33->33
[7740.711s][info][gc,metaspace   ] GC(1479) Metaspace: 30010K(30528K)->30010K(30528K) NonClass: 26612K(26880K)->26612K(26880K) Class: 3397K(3648K)->3397K(3648K)
[7740.711s][info][gc             ] GC(1479) Pause Young (Normal) (G1 Evacuation Pause) 6877M->2383M(8192M) 155.011ms
[7740.711s][info][gc,cpu         ] GC(1479) User=1.23s Sys=0.00s Real=0.16s
...[7743.539s][info][gc,start       ] GC(1480) Pause Young (Normal) (G1 Evacuation Pause)
[7743.539s][info][gc,task        ] GC(1480) Using 8 workers of 8 for evacuation
[7743.695s][info][gc,phases      ] GC(1480)   Pre Evacuate Collection Set: 0.21ms
[7743.695s][info][gc,phases      ] GC(1480)   Merge Heap Roots: 0.56ms
[7743.695s][info][gc,phases      ] GC(1480)   Evacuate Collection Set: 154.19ms
[7743.695s][info][gc,phases      ] GC(1480)   Post Evacuate Collection Set: 1.07ms
[7743.695s][info][gc,phases      ] GC(1480)   Other: 0.07ms
[7743.695s][info][gc,heap        ] GC(1480) Eden regions: 569->0(570)
[7743.696s][info][gc,heap        ] GC(1480) Survivor regions: 45->44(77)
[7743.696s][info][gc,heap        ] GC(1480) Old regions: 222->230
[7743.696s][info][gc,heap        ] GC(1480) Humongous regions: 33->33
[7743.696s][info][gc,metaspace   ] GC(1480) Metaspace: 30010K(30528K)->30010K(30528K) NonClass: 26612K(26880K)->26612K(26880K) Class: 3397K(3648K)->3397K(3648K)
[7743.696s][info][gc             ] GC(1480) Pause Young (Normal) (G1 Evacuation Pause) 6935M->2439M(8192M) 156.241ms
[7743.696s][info][gc,cpu         ] GC(1480) User=1.24s Sys=0.00s Real=0.16s
...[7746.437s][info][gc,start       ] GC(1481) Pause Young (Normal) (G1 Evacuation Pause)
[7746.437s][info][gc,task        ] GC(1481) Using 8 workers of 8 for evacuation
[7746.591s][info][gc,phases      ] GC(1481)   Pre Evacuate Collection Set: 0.21ms
[7746.591s][info][gc,phases      ] GC(1481)   Merge Heap Roots: 0.56ms
[7746.591s][info][gc,phases      ] GC(1481)   Evacuate Collection Set: 151.68ms
[7746.591s][info][gc,phases      ] GC(1481)   Post Evacuate Collection Set: 1.06ms
[7746.591s][info][gc,phases      ] GC(1481)   Other: 0.06ms
[7746.591s][info][gc,heap        ] GC(1481) Eden regions: 570->0(571)
[7746.591s][info][gc,heap        ] GC(1481) Survivor regions: 44->43(77)
[7746.591s][info][gc,heap        ] GC(1481) Old regions: 230->237
[7746.591s][info][gc,heap        ] GC(1481) Humongous regions: 33->33
[7746.591s][info][gc,metaspace   ] GC(1481) Metaspace: 30010K(30528K)->30010K(30528K) NonClass: 26612K(26880K)->26612K(26880K) Class: 3397K(3648K)->3397K(3648K)
[7746.591s][info][gc             ] GC(1481) Pause Young (Normal) (G1 Evacuation Pause) 6999M->2486M(8192M) 153.705ms
[7746.591s][info][gc,cpu         ] GC(1481) User=1.22s Sys=0.00s Real=0.16s
...[7749.389s][info][gc,start       ] GC(1482) Pause Young (Normal) (G1 Evacuation Pause)
[7749.389s][info][gc,task        ] GC(1482) Using 8 workers of 8 for evacuation
[7749.545s][info][gc,phases      ] GC(1482)   Pre Evacuate Collection Set: 0.21ms
[7749.545s][info][gc,phases      ] GC(1482)   Merge Heap Roots: 0.63ms
[7749.545s][info][gc,phases      ] GC(1482)   Evacuate Collection Set: 153.89ms
[7749.545s][info][gc,phases      ] GC(1482)   Post Evacuate Collection Set: 1.05ms
[7749.545s][info][gc,phases      ] GC(1482)   Other: 0.06ms
[7749.545s][info][gc,heap        ] GC(1482) Eden regions: 571->0(571)
[7749.545s][info][gc,heap        ] GC(1482) Survivor regions: 43->43(77)
[7749.545s][info][gc,heap        ] GC(1482) Old regions: 237->243
[7749.545s][info][gc,heap        ] GC(1482) Humongous regions: 33->33
[7749.545s][info][gc,metaspace   ] GC(1482) Metaspace: 30010K(30528K)->30010K(30528K) NonClass: 26612K(26880K)->26612K(26880K) Class: 3397K(3648K)->3397K(3648K)
[7749.545s][info][gc             ] GC(1482) Pause Young (Normal) (G1 Evacuation Pause) 7054M->2539M(8192M) 155.965ms
[7749.545s][info][gc,cpu         ] GC(1482) User=1.23s Sys=0.00s Real=0.16s
...[7752.331s][info][gc,start       ] GC(1483) Pause Young (Normal) (G1 Evacuation Pause)
[7752.332s][info][gc,task        ] GC(1483) Using 8 workers of 8 for evacuation
[7752.493s][info][gc,phases      ] GC(1483)   Pre Evacuate Collection Set: 0.21ms
[7752.493s][info][gc,phases      ] GC(1483)   Merge Heap Roots: 0.54ms
[7752.493s][info][gc,phases      ] GC(1483)   Evacuate Collection Set: 159.92ms
[7752.493s][info][gc,phases      ] GC(1483)   Post Evacuate Collection Set: 1.06ms
[7752.493s][info][gc,phases      ] GC(1483)   Other: 0.06ms
[7752.493s][info][gc,heap        ] GC(1483) Eden regions: 571->0(569)
[7752.493s][info][gc,heap        ] GC(1483) Survivor regions: 43->45(77)
[7752.493s][info][gc,heap        ] GC(1483) Old regions: 243->251
[7752.493s][info][gc,heap        ] GC(1483) Humongous regions: 33->33
[7752.493s][info][gc,metaspace   ] GC(1483) Metaspace: 30010K(30528K)->30010K(30528K) NonClass: 26612K(26880K)->26612K(26880K) Class: 3397K(3648K)->3397K(3648K)
[7752.493s][info][gc             ] GC(1483) Pause Young (Normal) (G1 Evacuation Pause) 7107M->2615M(8192M) 161.911ms
[7752.493s][info][gc,cpu         ] GC(1483) User=1.28s Sys=0.00s Real=0.16s
...[7755.241s][info][gc,start       ] GC(1484) Pause Young (Normal) (G1 Evacuation Pause)
[7755.241s][info][gc,task        ] GC(1484) Using 8 workers of 8 for evacuation
[7755.406s][info][gc,phases      ] GC(1484)   Pre Evacuate Collection Set: 0.20ms
[7755.406s][info][gc,phases      ] GC(1484)   Merge Heap Roots: 0.55ms
[7755.406s][info][gc,phases      ] GC(1484)   Evacuate Collection Set: 163.97ms
[7755.406s][info][gc,phases      ] GC(1484)   Post Evacuate Collection Set: 1.05ms
[7755.406s][info][gc,phases      ] GC(1484)   Other: 0.07ms
[7755.406s][info][gc,heap        ] GC(1484) Eden regions: 569->0(567)
[7755.406s][info][gc,heap        ] GC(1484) Survivor regions: 45->47(77)
[7755.406s][info][gc,heap        ] GC(1484) Old regions: 251->258
[7755.406s][info][gc,heap        ] GC(1484) Humongous regions: 33->33
[7755.406s][info][gc,metaspace   ] GC(1484) Metaspace: 30010K(30528K)->30010K(30528K) NonClass: 26612K(26880K)->26612K(26880K) Class: 3397K(3648K)->3397K(3648K)
[7755.406s][info][gc             ] GC(1484) Pause Young (Normal) (G1 Evacuation Pause) 7167M->2691M(8192M) 165.966ms
[7755.407s][info][gc,cpu         ] GC(1484) User=1.32s Sys=0.00s Real=0.17s
...[7758.165s][info][gc,start       ] GC(1485) Pause Young (Normal) (G1 Evacuation Pause)
[7758.165s][info][gc,task        ] GC(1485) Using 8 workers of 8 for evacuation
[7758.326s][info][gc,phases      ] GC(1485)   Pre Evacuate Collection Set: 0.23ms
[7758.326s][info][gc,phases      ] GC(1485)   Merge Heap Roots: 0.58ms
[7758.326s][info][gc,phases      ] GC(1485)   Evacuate Collection Set: 159.48ms
[7758.326s][info][gc,phases      ] GC(1485)   Post Evacuate Collection Set: 1.05ms
[7758.326s][info][gc,phases      ] GC(1485)   Other: 0.06ms
[7758.326s][info][gc,heap        ] GC(1485) Eden regions: 567->0(568)
[7758.326s][info][gc,heap        ] GC(1485) Survivor regions: 47->46(77)
[7758.326s][info][gc,heap        ] GC(1485) Old regions: 258->266
[7758.326s][info][gc,heap        ] GC(1485) Humongous regions: 33->33
[7758.326s][info][gc,metaspace   ] GC(1485) Metaspace: 30010K(30528K)->30010K(30528K) NonClass: 26612K(26880K)->26612K(26880K) Class: 3397K(3648K)->3397K(3648K)
[7758.326s][info][gc             ] GC(1485) Pause Young (Normal) (G1 Evacuation Pause) 7227M->2737M(8192M) 161.520ms
[7758.326s][info][gc,cpu         ] GC(1485) User=1.28s Sys=0.00s Real=0.16s
...[7761.125s][info][gc,start       ] GC(1486) Pause Young (Normal) (G1 Evacuation Pause)
[7761.125s][info][gc,task        ] GC(1486) Using 8 workers of 8 for evacuation
[7761.283s][info][gc,phases      ] GC(1486)   Pre Evacuate Collection Set: 0.21ms
[7761.284s][info][gc,phases      ] GC(1486)   Merge Heap Roots: 0.54ms
[7761.284s][info][gc,phases      ] GC(1486)   Evacuate Collection Set: 156.98ms
[7761.284s][info][gc,phases      ] GC(1486)   Post Evacuate Collection Set: 1.04ms
[7761.284s][info][gc,phases      ] GC(1486)   Other: 0.06ms
[7761.284s][info][gc,heap        ] GC(1486) Eden regions: 568->0(570)
[7761.284s][info][gc,heap        ] GC(1486) Survivor regions: 46->44(77)
[7761.284s][info][gc,heap        ] GC(1486) Old regions: 266->273
[7761.284s][info][gc,heap        ] GC(1486) Humongous regions: 33->33
[7761.284s][info][gc,metaspace   ] GC(1486) Metaspace: 30010K(30528K)->30010K(30528K) NonClass: 26612K(26880K)->26612K(26880K) Class: 3397K(3648K)->3397K(3648K)
[7761.284s][info][gc             ] GC(1486) Pause Young (Normal) (G1 Evacuation Pause) 7281M->2786M(8192M) 158.951ms
[7761.284s][info][gc,cpu         ] GC(1486) User=1.26s Sys=0.00s Real=0.16s
...[7764.020s][info][gc,start       ] GC(1487) Pause Young (Normal) (G1 Evacuation Pause)
[7764.020s][info][gc,task        ] GC(1487) Using 8 workers of 8 for evacuation
[7764.176s][info][gc,phases      ] GC(1487)   Pre Evacuate Collection Set: 0.20ms
[7764.176s][info][gc,phases      ] GC(1487)   Merge Heap Roots: 0.56ms
[7764.176s][info][gc,phases      ] GC(1487)   Evacuate Collection Set: 154.21ms
[7764.176s][info][gc,phases      ] GC(1487)   Post Evacuate Collection Set: 1.03ms
[7764.176s][info][gc,phases      ] GC(1487)   Other: 0.06ms
[7764.177s][info][gc,heap        ] GC(1487) Eden regions: 570->0(570)
[7764.177s][info][gc,heap        ] GC(1487) Survivor regions: 44->44(77)
[7764.177s][info][gc,heap        ] GC(1487) Old regions: 273->281
[7764.177s][info][gc,heap        ] GC(1487) Humongous regions: 33->33
[7764.177s][info][gc,metaspace   ] GC(1487) Metaspace: 30010K(30528K)->30010K(30528K) NonClass: 26612K(26880K)->26612K(26880K) Class: 3397K(3648K)->3397K(3648K)
[7764.177s][info][gc             ] GC(1487) Pause Young (Normal) (G1 Evacuation Pause) 7346M->2842M(8192M) 156.197ms
[7764.177s][info][gc,cpu         ] GC(1487) User=1.24s Sys=0.00s Real=0.16s
...[7766.926s][info][gc,start       ] GC(1488) Pause Young (Normal) (G1 Evacuation Pause)
[7766.926s][info][gc,task        ] GC(1488) Using 8 workers of 8 for evacuation
[7767.084s][info][gc,phases      ] GC(1488)   Pre Evacuate Collection Set: 0.21ms
[7767.084s][info][gc,phases      ] GC(1488)   Merge Heap Roots: 0.55ms
[7767.084s][info][gc,phases      ] GC(1488)   Evacuate Collection Set: 156.00ms
[7767.084s][info][gc,phases      ] GC(1488)   Post Evacuate Collection Set: 1.04ms
[7767.084s][info][gc,phases      ] GC(1488)   Other: 0.06ms
[7767.084s][info][gc,heap        ] GC(1488) Eden regions: 570->0(562)
[7767.084s][info][gc,heap        ] GC(1488) Survivor regions: 44->45(77)
[7767.084s][info][gc,heap        ] GC(1488) Old regions: 281->287
[7767.084s][info][gc,heap        ] GC(1488) Humongous regions: 33->33
[7767.084s][info][gc,metaspace   ] GC(1488) Metaspace: 30010K(30528K)->30010K(30528K) NonClass: 26612K(26880K)->26612K(26880K) Class: 3397K(3648K)->3397K(3648K)
[7767.084s][info][gc             ] GC(1488) Pause Young (Normal) (G1 Evacuation Pause) 7402M->2903M(8192M) 157.979ms
[7767.084s][info][gc,cpu         ] GC(1488) User=1.25s Sys=0.00s Real=0.16s
...[7769.787s][info][gc,start       ] GC(1489) Pause Young (Normal) (G1 Evacuation Pause)
[7769.787s][info][gc,task        ] GC(1489) Using 8 workers of 8 for evacuation
[7769.937s][info][gc,phases      ] GC(1489)   Pre Evacuate Collection Set: 0.21ms
[7769.937s][info][gc,phases      ] GC(1489)   Merge Heap Roots: 0.56ms
[7769.937s][info][gc,phases      ] GC(1489)   Evacuate Collection Set: 147.90ms
[7769.937s][info][gc,phases      ] GC(1489)   Post Evacuate Collection Set: 1.04ms
[7769.937s][info][gc,phases      ] GC(1489)   Other: 0.06ms
[7769.937s][info][gc,heap        ] GC(1489) Eden regions: 562->0(558)
[7769.937s][info][gc,heap        ] GC(1489) Survivor regions: 45->43(76)
[7769.937s][info][gc,heap        ] GC(1489) Old regions: 287->295
[7769.937s][info][gc,heap        ] GC(1489) Humongous regions: 33->33
[7769.937s][info][gc,metaspace   ] GC(1489) Metaspace: 30010K(30528K)->30010K(30528K) NonClass: 26612K(26880K)->26612K(26880K) Class: 3397K(3648K)->3397K(3648K)
[7769.937s][info][gc             ] GC(1489) Pause Young (Normal) (G1 Evacuation Pause) 7399M->2945M(8192M) 149.903ms
[7769.937s][info][gc,cpu         ] GC(1489) User=1.18s Sys=0.01s Real=0.15s
..[7772.718s][info][gc,start       ] GC(1490) Pause Young (Normal) (G1 Evacuation Pause)
[7772.718s][info][gc,task        ] GC(1490) Using 8 workers of 8 for evacuation
[7772.867s][info][gc,phases      ] GC(1490)   Pre Evacuate Collection Set: 0.22ms
[7772.867s][info][gc,phases      ] GC(1490)   Merge Heap Roots: 0.54ms
[7772.867s][info][gc,phases      ] GC(1490)   Evacuate Collection Set: 147.16ms
[7772.867s][info][gc,phases      ] GC(1490)   Post Evacuate Collection Set: 1.09ms
[7772.867s][info][gc,phases      ] GC(1490)   Other: 0.06ms
[7772.867s][info][gc,heap        ] GC(1490) Eden regions: 558->0(553)
[7772.867s][info][gc,heap        ] GC(1490) Survivor regions: 43->42(76)
[7772.867s][info][gc,heap        ] GC(1490) Old regions: 295->302
[7772.867s][info][gc,heap        ] GC(1490) Humongous regions: 33->33
[7772.867s][info][gc,metaspace   ] GC(1490) Metaspace: 30010K(30528K)->30010K(30528K) NonClass: 26612K(26880K)->26612K(26880K) Class: 3397K(3648K)->3397K(3648K)
[7772.867s][info][gc             ] GC(1490) Pause Young (Normal) (G1 Evacuation Pause) 7409M->2999M(8192M) 149.194ms
[7772.868s][info][gc,cpu         ] GC(1490) User=1.18s Sys=0.00s Real=0.15s
...[7775.559s][info][gc,start       ] GC(1491) Pause Young (Normal) (G1 Evacuation Pause)
[7775.559s][info][gc,task        ] GC(1491) Using 8 workers of 8 for evacuation
[7775.708s][info][gc,phases      ] GC(1491)   Pre Evacuate Collection Set: 0.22ms
[7775.708s][info][gc,phases      ] GC(1491)   Merge Heap Roots: 0.58ms
[7775.708s][info][gc,phases      ] GC(1491)   Evacuate Collection Set: 146.75ms
[7775.708s][info][gc,phases      ] GC(1491)   Post Evacuate Collection Set: 1.01ms
[7775.708s][info][gc,phases      ] GC(1491)   Other: 0.06ms
[7775.708s][info][gc,heap        ] GC(1491) Eden regions: 553->0(544)
[7775.708s][info][gc,heap        ] GC(1491) Survivor regions: 42->43(75)
[7775.708s][info][gc,heap        ] GC(1491) Old regions: 302->309
[7775.708s][info][gc,heap        ] GC(1491) Humongous regions: 33->33
[7775.708s][info][gc,metaspace   ] GC(1491) Metaspace: 30010K(30528K)->30010K(30528K) NonClass: 26612K(26880K)->26612K(26880K) Class: 3397K(3648K)->3397K(3648K)
[7775.708s][info][gc             ] GC(1491) Pause Young (Normal) (G1 Evacuation Pause) 7423M->3063M(8192M) 148.741ms
[7775.708s][info][gc,cpu         ] GC(1491) User=1.18s Sys=0.00s Real=0.15s
...[7778.371s][info][gc,start       ] GC(1492) Pause Young (Concurrent Start) (G1 Evacuation Pause)
[7778.372s][info][gc,task        ] GC(1492) Using 8 workers of 8 for evacuation
[7778.518s][info][gc,phases      ] GC(1492)   Pre Evacuate Collection Set: 0.26ms
[7778.518s][info][gc,phases      ] GC(1492)   Merge Heap Roots: 0.53ms
[7778.518s][info][gc,phases      ] GC(1492)   Evacuate Collection Set: 144.41ms
[7778.518s][info][gc,phases      ] GC(1492)   Post Evacuate Collection Set: 1.02ms
[7778.518s][info][gc,phases      ] GC(1492)   Other: 0.06ms
[7778.518s][info][gc,heap        ] GC(1492) Eden regions: 544->0(538)
[7778.518s][info][gc,heap        ] GC(1492) Survivor regions: 43->42(74)
[7778.518s][info][gc,heap        ] GC(1492) Old regions: 309->317
[7778.518s][info][gc,heap        ] GC(1492) Humongous regions: 33->33
[7778.518s][info][gc,metaspace   ] GC(1492) Metaspace: 30010K(30528K)->30010K(30528K) NonClass: 26612K(26880K)->26612K(26880K) Class: 3397K(3648K)->3397K(3648K)
[7778.518s][info][gc             ] GC(1492) Pause Young (Concurrent Start) (G1 Evacuation Pause) 7415M->3120M(8192M) 146.403ms
[7778.518s][info][gc             ] GC(1493) Concurrent Mark Cycle
[7778.518s][info][gc,marking     ] GC(1493) Concurrent Scan Root Regions
[7778.518s][info][gc,cpu         ] GC(1492) User=1.15s Sys=0.00s Real=0.14s
.[7778.909s][info][gc,marking     ] GC(1493) Concurrent Scan Root Regions 391.082ms
[7778.909s][info][gc,marking     ] GC(1493) Concurrent Mark
[7778.909s][info][gc,marking     ] GC(1493) Concurrent Mark From Roots
[7778.909s][info][gc,task        ] GC(1493) Using 2 workers of 2 for marking
.[7780.119s][info][gc,marking     ] GC(1493) Concurrent Mark From Roots 1210.385ms
[7780.119s][info][gc,marking     ] GC(1493) Concurrent Preclean
[7780.120s][info][gc,marking     ] GC(1493) Concurrent Preclean 0.036ms
[7780.120s][info][gc,start       ] GC(1493) Pause Remark
[7780.123s][info][gc             ] GC(1493) Pause Remark 5149M->4541M(8192M) 3.036ms
[7780.123s][info][gc,cpu         ] GC(1493) User=0.02s Sys=0.00s Real=0.01s
[7780.123s][info][gc,marking     ] GC(1493) Concurrent Mark 1213.731ms
[7780.123s][info][gc,marking     ] GC(1493) Concurrent Rebuild Remembered Sets and Scrub Regions
.[7780.975s][info][gc,marking     ] GC(1493) Concurrent Rebuild Remembered Sets and Scrub Regions 852.088ms
[7780.975s][info][gc,start       ] GC(1493) Pause Cleanup
[7780.975s][info][gc             ] GC(1493) Pause Cleanup 5676M->5676M(8192M) 0.259ms
[7780.975s][info][gc,cpu         ] GC(1493) User=0.00s Sys=0.00s Real=0.00s
[7780.975s][info][gc,marking     ] GC(1493) Concurrent Clear Claimed Marks
[7780.975s][info][gc,marking     ] GC(1493) Concurrent Clear Claimed Marks 0.042ms
[7780.975s][info][gc,marking     ] GC(1493) Concurrent Cleanup for Next Mark
[7780.986s][info][gc,marking     ] GC(1493) Concurrent Cleanup for Next Mark 10.934ms
[7780.986s][info][gc             ] GC(1493) Concurrent Mark Cycle 2468.513ms
[7781.699s][info][gc,start       ] GC(1494) Pause Young (Prepare Mixed) (G1 Evacuation Pause)
[7781.699s][info][gc,task        ] GC(1494) Using 8 workers of 8 for evacuation
[7781.851s][info][gc,phases      ] GC(1494)   Pre Evacuate Collection Set: 0.21ms
[7781.851s][info][gc,phases      ] GC(1494)   Merge Heap Roots: 0.79ms
[7781.851s][info][gc,phases      ] GC(1494)   Evacuate Collection Set: 149.44ms
[7781.851s][info][gc,phases      ] GC(1494)   Post Evacuate Collection Set: 1.11ms
[7781.851s][info][gc,phases      ] GC(1494)   Other: 0.07ms
[7781.851s][info][gc,heap        ] GC(1494) Eden regions: 538->0(571)
[7781.851s][info][gc,heap        ] GC(1494) Survivor regions: 42->43(73)
[7781.851s][info][gc,heap        ] GC(1494) Old regions: 241->248
[7781.851s][info][gc,heap        ] GC(1494) Humongous regions: 33->33
[7781.851s][info][gc,metaspace   ] GC(1494) Metaspace: 30010K(30528K)->30010K(30528K) NonClass: 26612K(26880K)->26612K(26880K) Class: 3397K(3648K)->3397K(3648K)
[7781.851s][info][gc             ] GC(1494) Pause Young (Prepare Mixed) (G1 Evacuation Pause) 6816M->2575M(8192M) 151.743ms
[7781.851s][info][gc,cpu         ] GC(1494) User=1.21s Sys=0.00s Real=0.16s
...[7784.673s][info][gc,start       ] GC(1495) Pause Young (Mixed) (G1 Evacuation Pause)
[7784.673s][info][gc,task        ] GC(1495) Using 8 workers of 8 for evacuation
[7784.841s][info][gc,phases      ] GC(1495)   Pre Evacuate Collection Set: 0.24ms
[7784.841s][info][gc,phases      ] GC(1495)   Merge Heap Roots: 0.91ms
[7784.841s][info][gc,phases      ] GC(1495)   Evacuate Collection Set: 165.05ms
[7784.841s][info][gc,phases      ] GC(1495)   Post Evacuate Collection Set: 1.27ms
[7784.841s][info][gc,phases      ] GC(1495)   Other: 0.12ms
[7784.841s][info][gc,heap        ] GC(1495) Eden regions: 571->0(569)
[7784.841s][info][gc,heap        ] GC(1495) Survivor regions: 43->45(77)
[7784.841s][info][gc,heap        ] GC(1495) Old regions: 248->154
[7784.841s][info][gc,heap        ] GC(1495) Humongous regions: 33->33
[7784.841s][info][gc,metaspace   ] GC(1495) Metaspace: 30010K(30528K)->30010K(30528K) NonClass: 26612K(26880K)->26612K(26880K) Class: 3397K(3648K)->3397K(3648K)
[7784.841s][info][gc             ] GC(1495) Pause Young (Mixed) (G1 Evacuation Pause) 7143M->1837M(8192M) 167.717ms
[7784.841s][info][gc,cpu         ] GC(1495) User=1.33s Sys=0.00s Real=0.17s
...[7787.386s][info][gc,start       ] GC(1496) Pause Young (Mixed) (G1 Evacuation Pause)
[7787.386s][info][gc,task        ] GC(1496) Using 8 workers of 8 for evacuation
[7787.552s][info][gc,phases      ] GC(1496)   Pre Evacuate Collection Set: 0.23ms
[7787.552s][info][gc,phases      ] GC(1496)   Merge Heap Roots: 0.87ms
[7787.552s][info][gc,phases      ] GC(1496)   Evacuate Collection Set: 164.09ms
[7787.552s][info][gc,phases      ] GC(1496)   Post Evacuate Collection Set: 1.09ms
[7787.552s][info][gc,phases      ] GC(1496)   Other: 0.07ms
[7787.552s][info][gc,heap        ] GC(1496) Eden regions: 569->0(569)
[7787.552s][info][gc,heap        ] GC(1496) Survivor regions: 45->45(77)
[7787.552s][info][gc,heap        ] GC(1496) Old regions: 154->143
[7787.552s][info][gc,heap        ] GC(1496) Humongous regions: 33->33
[7787.552s][info][gc,metaspace   ] GC(1496) Metaspace: 30010K(30528K)->30010K(30528K) NonClass: 26612K(26880K)->26612K(26880K) Class: 3397K(3648K)->3397K(3648K)
[7787.552s][info][gc             ] GC(1496) Pause Young (Mixed) (G1 Evacuation Pause) 6389M->1751M(8192M) 166.467ms
[7787.552s][info][gc,cpu         ] GC(1496) User=1.32s Sys=0.00s Real=0.17s
...[7790.213s][info][gc,start       ] GC(1497) Pause Young (Normal) (G1 Evacuation Pause)
[7790.213s][info][gc,task        ] GC(1497) Using 8 workers of 8 for evacuation
[7790.374s][info][gc,phases      ] GC(1497)   Pre Evacuate Collection Set: 0.21ms
[7790.374s][info][gc,phases      ] GC(1497)   Merge Heap Roots: 0.55ms
[7790.374s][info][gc,phases      ] GC(1497)   Evacuate Collection Set: 159.03ms
[7790.374s][info][gc,phases      ] GC(1497)   Post Evacuate Collection Set: 1.04ms
[7790.374s][info][gc,phases      ] GC(1497)   Other: 0.06ms
[7790.374s][info][gc,heap        ] GC(1497) Eden regions: 569->0(568)
[7790.374s][info][gc,heap        ] GC(1497) Survivor regions: 45->46(77)
[7790.374s][info][gc,heap        ] GC(1497) Old regions: 143->150
[7790.374s][info][gc,heap        ] GC(1497) Humongous regions: 33->33
[7790.374s][info][gc,metaspace   ] GC(1497) Metaspace: 30010K(30528K)->30010K(30528K) NonClass: 26612K(26880K)->26612K(26880K) Class: 3397K(3648K)->3397K(3648K)
[7790.374s][info][gc             ] GC(1497) Pause Young (Normal) (G1 Evacuation Pause) 6303M->1812M(8192M) 161.059ms
[7790.374s][info][gc,cpu         ] GC(1497) User=1.27s Sys=0.00s Real=0.16s
...[7792.938s][info][gc,start       ] GC(1498) Pause Young (Normal) (G1 Evacuation Pause)
[7792.938s][info][gc,task        ] GC(1498) Using 8 workers of 8 for evacuation
[7793.092s][info][gc,phases      ] GC(1498)   Pre Evacuate Collection Set: 0.22ms
[7793.092s][info][gc,phases      ] GC(1498)   Merge Heap Roots: 0.55ms
[7793.092s][info][gc,phases      ] GC(1498)   Evacuate Collection Set: 152.68ms
[7793.092s][info][gc,phases      ] GC(1498)   Post Evacuate Collection Set: 1.03ms
[7793.092s][info][gc,phases      ] GC(1498)   Other: 0.06ms
[7793.092s][info][gc,heap        ] GC(1498) Eden regions: 568->0(570)
[7793.092s][info][gc,heap        ] GC(1498) Survivor regions: 46->44(77)
[7793.092s][info][gc,heap        ] GC(1498) Old regions: 150->157
[7793.092s][info][gc,heap        ] GC(1498) Humongous regions: 33->33
[7793.092s][info][gc,metaspace   ] GC(1498) Metaspace: 30010K(30528K)->30010K(30528K) NonClass: 26612K(26880K)->26612K(26880K) Class: 3397K(3648K)->3397K(3648K)
[7793.093s][info][gc             ] GC(1498) Pause Young (Normal) (G1 Evacuation Pause) 6356M->1859M(8192M) 154.674ms
[7793.093s][info][gc,cpu         ] GC(1498) User=1.23s Sys=0.00s Real=0.16s
..[7795.672s][info][gc,start       ] GC(1499) Pause Young (Normal) (G1 Evacuation Pause)
[7795.673s][info][gc,task        ] GC(1499) Using 8 workers of 8 for evacuation
[7795.843s][info][gc,phases      ] GC(1499)   Pre Evacuate Collection Set: 0.21ms
[7795.843s][info][gc,phases      ] GC(1499)   Merge Heap Roots: 0.54ms
[7795.843s][info][gc,phases      ] GC(1499)   Evacuate Collection Set: 168.25ms
[7795.843s][info][gc,phases      ] GC(1499)   Post Evacuate Collection Set: 1.04ms
[7795.843s][info][gc,phases      ] GC(1499)   Other: 0.06ms
[7795.843s][info][gc,heap        ] GC(1499) Eden regions: 570->0(565)
[7795.843s][info][gc,heap        ] GC(1499) Survivor regions: 44->49(77)
[7795.843s][info][gc,heap        ] GC(1499) Old regions: 157->164
[7795.843s][info][gc,heap        ] GC(1499) Humongous regions: 33->33
[7795.843s][info][gc,metaspace   ] GC(1499) Metaspace: 30010K(30528K)->30010K(30528K) NonClass: 26612K(26880K)->26612K(26880K) Class: 3397K(3648K)->3397K(3648K)
[7795.843s][info][gc             ] GC(1499) Pause Young (Normal) (G1 Evacuation Pause) 6419M->1951M(8192M) 170.231ms
[7795.843s][info][gc,cpu         ] GC(1499) User=1.35s Sys=0.00s Real=0.17s
...[7798.544s][info][gc,start       ] GC(1500) Pause Young (Normal) (G1 Evacuation Pause)
[7798.544s][info][gc,task        ] GC(1500) Using 8 workers of 8 for evacuation
[7798.712s][info][gc,phases      ] GC(1500)   Pre Evacuate Collection Set: 0.22ms
[7798.712s][info][gc,phases      ] GC(1500)   Merge Heap Roots: 0.53ms
[7798.712s][info][gc,phases      ] GC(1500)   Evacuate Collection Set: 166.16ms
[7798.712s][info][gc,phases      ] GC(1500)   Post Evacuate Collection Set: 1.02ms
[7798.712s][info][gc,phases      ] GC(1500)   Other: 0.06ms
[7798.712s][info][gc,heap        ] GC(1500) Eden regions: 565->0(566)
[7798.712s][info][gc,heap        ] GC(1500) Survivor regions: 49->48(77)
[7798.712s][info][gc,heap        ] GC(1500) Old regions: 164->172
[7798.712s][info][gc,heap        ] GC(1500) Humongous regions: 33->33
[7798.712s][info][gc,metaspace   ] GC(1500) Metaspace: 30010K(30528K)->30010K(30528K) NonClass: 26612K(26880K)->26612K(26880K) Class: 3397K(3648K)->3397K(3648K)
[7798.712s][info][gc             ] GC(1500) Pause Young (Normal) (G1 Evacuation Pause) 6471M->2006M(8192M) 168.147ms
[7798.712s][info][gc,cpu         ] GC(1500) User=1.33s Sys=0.00s Real=0.17s
...[7801.407s][info][gc,start       ] GC(1501) Pause Young (Normal) (G1 Evacuation Pause)
[7801.407s][info][gc,task        ] GC(1501) Using 8 workers of 8 for evacuation
[7801.565s][info][gc,phases      ] GC(1501)   Pre Evacuate Collection Set: 0.20ms
[7801.565s][info][gc,phases      ] GC(1501)   Merge Heap Roots: 0.55ms
[7801.565s][info][gc,phases      ] GC(1501)   Evacuate Collection Set: 155.61ms
[7801.565s][info][gc,phases      ] GC(1501)   Post Evacuate Collection Set: 1.01ms
[7801.565s][info][gc,phases      ] GC(1501)   Other: 0.07ms
[7801.565s][info][gc,heap        ] GC(1501) Eden regions: 566->0(570)
[7801.565s][info][gc,heap        ] GC(1501) Survivor regions: 48->44(77)
[7801.565s][info][gc,heap        ] GC(1501) Old regions: 172->179
[7801.565s][info][gc,heap        ] GC(1501) Humongous regions: 33->33
[7801.565s][info][gc,metaspace   ] GC(1501) Metaspace: 30010K(30528K)->30010K(30528K) NonClass: 26612K(26880K)->26612K(26880K) Class: 3397K(3648K)->3397K(3648K)
[7801.565s][info][gc             ] GC(1501) Pause Young (Normal) (G1 Evacuation Pause) 6534M->2029M(8192M) 157.566ms
[7801.565s][info][gc,cpu         ] GC(1501) User=1.25s Sys=0.00s Real=0.16s
...[7804.311s][info][gc,start       ] GC(1502) Pause Young (Normal) (G1 Evacuation Pause)
[7804.311s][info][gc,task        ] GC(1502) Using 8 workers of 8 for evacuation
[7804.466s][info][gc,phases      ] GC(1502)   Pre Evacuate Collection Set: 0.20ms
[7804.466s][info][gc,phases      ] GC(1502)   Merge Heap Roots: 0.53ms
[7804.466s][info][gc,phases      ] GC(1502)   Evacuate Collection Set: 153.22ms
[7804.466s][info][gc,phases      ] GC(1502)   Post Evacuate Collection Set: 1.06ms
[7804.466s][info][gc,phases      ] GC(1502)   Other: 0.07ms
[7804.466s][info][gc,heap        ] GC(1502) Eden regions: 570->0(571)
[7804.466s][info][gc,heap        ] GC(1502) Survivor regions: 44->43(77)
[7804.466s][info][gc,heap        ] GC(1502) Old regions: 179->186
[7804.466s][info][gc,heap        ] GC(1502) Humongous regions: 33->33
[7804.466s][info][gc,metaspace   ] GC(1502) Metaspace: 30010K(30528K)->30010K(30528K) NonClass: 26612K(26880K)->26612K(26880K) Class: 3397K(3648K)->3397K(3648K)
[7804.466s][info][gc             ] GC(1502) Pause Young (Normal) (G1 Evacuation Pause) 6589M->2083M(8192M) 155.218ms
[7804.466s][info][gc,cpu         ] GC(1502) User=1.23s Sys=0.00s Real=0.15s
...[7807.201s][info][gc,start       ] GC(1503) Pause Young (Normal) (G1 Evacuation Pause)
[7807.201s][info][gc,task        ] GC(1503) Using 8 workers of 8 for evacuation
[7807.368s][info][gc,phases      ] GC(1503)   Pre Evacuate Collection Set: 0.23ms
[7807.368s][info][gc,phases      ] GC(1503)   Merge Heap Roots: 0.58ms
[7807.368s][info][gc,phases      ] GC(1503)   Evacuate Collection Set: 165.63ms
[7807.368s][info][gc,phases      ] GC(1503)   Post Evacuate Collection Set: 1.02ms
[7807.368s][info][gc,phases      ] GC(1503)   Other: 0.06ms
[7807.368s][info][gc,heap        ] GC(1503) Eden regions: 571->0(567)
[7807.368s][info][gc,heap        ] GC(1503) Survivor regions: 43->47(77)
[7807.368s][info][gc,heap        ] GC(1503) Old regions: 186->193
[7807.368s][info][gc,heap        ] GC(1503) Humongous regions: 33->33
[7807.368s][info][gc,metaspace   ] GC(1503) Metaspace: 30010K(30528K)->30010K(30528K) NonClass: 26612K(26880K)->26612K(26880K) Class: 3397K(3648K)->3397K(3648K)
[7807.369s][info][gc             ] GC(1503) Pause Young (Normal) (G1 Evacuation Pause) 6651M->2171M(8192M) 167.645ms
[7807.369s][info][gc,cpu         ] GC(1503) User=1.33s Sys=0.00s Real=0.16s
...[7810.202s][info][gc,start       ] GC(1504) Pause Young (Normal) (G1 Evacuation Pause)
[7810.202s][info][gc,task        ] GC(1504) Using 8 workers of 8 for evacuation
[7810.357s][info][gc,phases      ] GC(1504)   Pre Evacuate Collection Set: 0.23ms
[7810.357s][info][gc,phases      ] GC(1504)   Merge Heap Roots: 0.54ms
[7810.357s][info][gc,phases      ] GC(1504)   Evacuate Collection Set: 152.34ms
[7810.357s][info][gc,phases      ] GC(1504)   Post Evacuate Collection Set: 1.03ms
[7810.357s][info][gc,phases      ] GC(1504)   Other: 0.06ms
[7810.357s][info][gc,heap        ] GC(1504) Eden regions: 567->0(570)
[7810.357s][info][gc,heap        ] GC(1504) Survivor regions: 47->44(77)
[7810.357s][info][gc,heap        ] GC(1504) Old regions: 193->200
[7810.357s][info][gc,heap        ] GC(1504) Humongous regions: 33->33
[7810.357s][info][gc,metaspace   ] GC(1504) Metaspace: 30010K(30528K)->30010K(30528K) NonClass: 26612K(26880K)->26612K(26880K) Class: 3397K(3648K)->3397K(3648K)
[7810.357s][info][gc             ] GC(1504) Pause Young (Normal) (G1 Evacuation Pause) 6707M->2199M(8192M) 154.337ms
[7810.357s][info][gc,cpu         ] GC(1504) User=1.22s Sys=0.01s Real=0.15s
...|[7813.157s][info][gc,start       ] GC(1505) Pause Young (Normal) (G1 Evacuation Pause)
[7813.157s][info][gc,task        ] GC(1505) Using 8 workers of 8 for evacuation
[7813.313s][info][gc,phases      ] GC(1505)   Pre Evacuate Collection Set: 0.22ms
[7813.313s][info][gc,phases      ] GC(1505)   Merge Heap Roots: 0.55ms
[7813.313s][info][gc,phases      ] GC(1505)   Evacuate Collection Set: 153.90ms
[7813.313s][info][gc,phases      ] GC(1505)   Post Evacuate Collection Set: 1.02ms
[7813.313s][info][gc,phases      ] GC(1505)   Other: 0.06ms
[7813.313s][info][gc,heap        ] GC(1505) Eden regions: 570->0(570)
[7813.313s][info][gc,heap        ] GC(1505) Survivor regions: 44->44(77)
[7813.313s][info][gc,heap        ] GC(1505) Old regions: 200->208
[7813.313s][info][gc,heap        ] GC(1505) Humongous regions: 33->33
[7813.313s][info][gc,metaspace   ] GC(1505) Metaspace: 30010K(30528K)->30010K(30528K) NonClass: 26612K(26880K)->26612K(26880K) Class: 3397K(3648K)->3397K(3648K)
[7813.313s][info][gc             ] GC(1505) Pause Young (Normal) (G1 Evacuation Pause) 6759M->2262M(8192M) 155.868ms
[7813.313s][info][gc,cpu         ] GC(1505) User=1.23s Sys=0.00s Real=0.16s
...[7816.129s][info][gc,start       ] GC(1506) Pause Young (Normal) (G1 Evacuation Pause)
[7816.129s][info][gc,task        ] GC(1506) Using 8 workers of 8 for evacuation
[7816.285s][info][gc,phases      ] GC(1506)   Pre Evacuate Collection Set: 0.20ms
[7816.285s][info][gc,phases      ] GC(1506)   Merge Heap Roots: 0.55ms
[7816.285s][info][gc,phases      ] GC(1506)   Evacuate Collection Set: 154.55ms
[7816.285s][info][gc,phases      ] GC(1506)   Post Evacuate Collection Set: 1.02ms
[7816.285s][info][gc,phases      ] GC(1506)   Other: 0.06ms
[7816.285s][info][gc,heap        ] GC(1506) Eden regions: 570->0(570)
[7816.285s][info][gc,heap        ] GC(1506) Survivor regions: 44->44(77)
[7816.285s][info][gc,heap        ] GC(1506) Old regions: 208->215
[7816.285s][info][gc,heap        ] GC(1506) Humongous regions: 33->33
[7816.285s][info][gc,metaspace   ] GC(1506) Metaspace: 30010K(30528K)->30010K(30528K) NonClass: 26612K(26880K)->26612K(26880K) Class: 3397K(3648K)->3397K(3648K)
[7816.285s][info][gc             ] GC(1506) Pause Young (Normal) (G1 Evacuation Pause) 6822M->2318M(8192M) 156.505ms
[7816.285s][info][gc,cpu         ] GC(1506) User=1.24s Sys=0.00s Real=0.16s
...[7819.013s][info][gc,start       ] GC(1507) Pause Young (Normal) (G1 Evacuation Pause)
[7819.013s][info][gc,task        ] GC(1507) Using 8 workers of 8 for evacuation
[7819.169s][info][gc,phases      ] GC(1507)   Pre Evacuate Collection Set: 0.21ms
[7819.169s][info][gc,phases      ] GC(1507)   Merge Heap Roots: 0.54ms
[7819.169s][info][gc,phases      ] GC(1507)   Evacuate Collection Set: 154.63ms
[7819.169s][info][gc,phases      ] GC(1507)   Post Evacuate Collection Set: 1.04ms
[7819.169s][info][gc,phases      ] GC(1507)   Other: 0.06ms
[7819.169s][info][gc,heap        ] GC(1507) Eden regions: 570->0(570)
[7819.169s][info][gc,heap        ] GC(1507) Survivor regions: 44->44(77)
[7819.169s][info][gc,heap        ] GC(1507) Old regions: 215->222
[7819.169s][info][gc,heap        ] GC(1507) Humongous regions: 33->33
[7819.169s][info][gc,metaspace   ] GC(1507) Metaspace: 30010K(30528K)->30010K(30528K) NonClass: 26612K(26880K)->26612K(26880K) Class: 3397K(3648K)->3397K(3648K)
[7819.169s][info][gc             ] GC(1507) Pause Young (Normal) (G1 Evacuation Pause) 6878M->2371M(8192M) 156.609ms
[7819.169s][info][gc,cpu         ] GC(1507) User=1.24s Sys=0.00s Real=0.15s
...[7821.936s][info][gc,start       ] GC(1508) Pause Young (Normal) (G1 Evacuation Pause)
[7821.936s][info][gc,task        ] GC(1508) Using 8 workers of 8 for evacuation
[7822.101s][info][gc,phases      ] GC(1508)   Pre Evacuate Collection Set: 0.21ms
[7822.101s][info][gc,phases      ] GC(1508)   Merge Heap Roots: 0.56ms
[7822.101s][info][gc,phases      ] GC(1508)   Evacuate Collection Set: 162.63ms
[7822.101s][info][gc,phases      ] GC(1508)   Post Evacuate Collection Set: 1.06ms
[7822.101s][info][gc,phases      ] GC(1508)   Other: 0.06ms
[7822.101s][info][gc,heap        ] GC(1508) Eden regions: 570->0(567)
[7822.101s][info][gc,heap        ] GC(1508) Survivor regions: 44->47(77)
[7822.101s][info][gc,heap        ] GC(1508) Old regions: 222->229
[7822.101s][info][gc,heap        ] GC(1508) Humongous regions: 33->33
[7822.101s][info][gc,metaspace   ] GC(1508) Metaspace: 30010K(30528K)->30010K(30528K) NonClass: 26612K(26880K)->26612K(26880K) Class: 3397K(3648K)->3397K(3648K)
[7822.101s][info][gc             ] GC(1508) Pause Young (Normal) (G1 Evacuation Pause) 6931M->2451M(8192M) 164.669ms
[7822.101s][info][gc,cpu         ] GC(1508) User=1.30s Sys=0.00s Real=0.17s
..[7824.895s][info][gc,start       ] GC(1509) Pause Young (Normal) (G1 Evacuation Pause)
[7824.895s][info][gc,task        ] GC(1509) Using 8 workers of 8 for evacuation
[7825.050s][info][gc,phases      ] GC(1509)   Pre Evacuate Collection Set: 0.22ms
[7825.050s][info][gc,phases      ] GC(1509)   Merge Heap Roots: 0.57ms
[7825.050s][info][gc,phases      ] GC(1509)   Evacuate Collection Set: 153.49ms
[7825.050s][info][gc,phases      ] GC(1509)   Post Evacuate Collection Set: 1.05ms
[7825.050s][info][gc,phases      ] GC(1509)   Other: 0.06ms
[7825.050s][info][gc,heap        ] GC(1509) Eden regions: 567->0(570)
[7825.050s][info][gc,heap        ] GC(1509) Survivor regions: 47->44(77)
[7825.050s][info][gc,heap        ] GC(1509) Old regions: 229->237
[7825.050s][info][gc,heap        ] GC(1509) Humongous regions: 33->33
[7825.050s][info][gc,metaspace   ] GC(1509) Metaspace: 30010K(30528K)->30010K(30528K) NonClass: 26612K(26880K)->26612K(26880K) Class: 3397K(3648K)->3397K(3648K)
[7825.050s][info][gc             ] GC(1509) Pause Young (Normal) (G1 Evacuation Pause) 6987M->2489M(8192M) 155.516ms
[7825.050s][info][gc,cpu         ] GC(1509) User=1.23s Sys=0.00s Real=0.15s
...[7827.891s][info][gc,start       ] GC(1510) Pause Young (Normal) (G1 Evacuation Pause)
[7827.891s][info][gc,task        ] GC(1510) Using 8 workers of 8 for evacuation
[7828.050s][info][gc,phases      ] GC(1510)   Pre Evacuate Collection Set: 0.22ms
[7828.050s][info][gc,phases      ] GC(1510)   Merge Heap Roots: 0.56ms
[7828.050s][info][gc,phases      ] GC(1510)   Evacuate Collection Set: 156.94ms
[7828.050s][info][gc,phases      ] GC(1510)   Post Evacuate Collection Set: 1.03ms
[7828.050s][info][gc,phases      ] GC(1510)   Other: 0.06ms
[7828.050s][info][gc,heap        ] GC(1510) Eden regions: 570->0(570)
[7828.050s][info][gc,heap        ] GC(1510) Survivor regions: 44->44(77)
[7828.050s][info][gc,heap        ] GC(1510) Old regions: 237->244
[7828.050s][info][gc,heap        ] GC(1510) Humongous regions: 33->33
[7828.050s][info][gc,metaspace   ] GC(1510) Metaspace: 30010K(30528K)->30010K(30528K) NonClass: 26612K(26880K)->26612K(26880K) Class: 3397K(3648K)->3397K(3648K)
[7828.050s][info][gc             ] GC(1510) Pause Young (Normal) (G1 Evacuation Pause) 7049M->2547M(8192M) 158.948ms
[7828.050s][info][gc,cpu         ] GC(1510) User=1.26s Sys=0.00s Real=0.15s
...[7830.757s][info][gc,start       ] GC(1511) Pause Young (Normal) (G1 Evacuation Pause)
[7830.757s][info][gc,task        ] GC(1511) Using 8 workers of 8 for evacuation
[7830.916s][info][gc,phases      ] GC(1511)   Pre Evacuate Collection Set: 0.23ms
[7830.916s][info][gc,phases      ] GC(1511)   Merge Heap Roots: 0.55ms
[7830.916s][info][gc,phases      ] GC(1511)   Evacuate Collection Set: 157.46ms
[7830.916s][info][gc,phases      ] GC(1511)   Post Evacuate Collection Set: 1.01ms
[7830.916s][info][gc,phases      ] GC(1511)   Other: 0.06ms
[7830.916s][info][gc,heap        ] GC(1511) Eden regions: 570->0(569)
[7830.916s][info][gc,heap        ] GC(1511) Survivor regions: 44->45(77)
[7830.916s][info][gc,heap        ] GC(1511) Old regions: 244->251
[7830.916s][info][gc,heap        ] GC(1511) Humongous regions: 33->33
[7830.916s][info][gc,metaspace   ] GC(1511) Metaspace: 30010K(30528K)->30010K(30528K) NonClass: 26612K(26880K)->26612K(26880K) Class: 3397K(3648K)->3397K(3648K)
[7830.916s][info][gc             ] GC(1511) Pause Young (Normal) (G1 Evacuation Pause) 7107M->2613M(8192M) 159.455ms
[7830.917s][info][gc,cpu         ] GC(1511) User=1.26s Sys=0.01s Real=0.16s
...[7833.651s][info][gc,start       ] GC(1512) Pause Young (Normal) (G1 Evacuation Pause)
[7833.651s][info][gc,task        ] GC(1512) Using 8 workers of 8 for evacuation
[7833.812s][info][gc,phases      ] GC(1512)   Pre Evacuate Collection Set: 0.22ms
[7833.812s][info][gc,phases      ] GC(1512)   Merge Heap Roots: 0.64ms
[7833.812s][info][gc,phases      ] GC(1512)   Evacuate Collection Set: 158.40ms
[7833.812s][info][gc,phases      ] GC(1512)   Post Evacuate Collection Set: 1.04ms
[7833.812s][info][gc,phases      ] GC(1512)   Other: 0.06ms
[7833.812s][info][gc,heap        ] GC(1512) Eden regions: 569->0(568)
[7833.812s][info][gc,heap        ] GC(1512) Survivor regions: 45->46(77)
[7833.812s][info][gc,heap        ] GC(1512) Old regions: 251->258
[7833.812s][info][gc,heap        ] GC(1512) Humongous regions: 33->33
[7833.812s][info][gc,metaspace   ] GC(1512) Metaspace: 30010K(30528K)->30010K(30528K) NonClass: 26612K(26880K)->26612K(26880K) Class: 3397K(3648K)->3397K(3648K)
[7833.812s][info][gc             ] GC(1512) Pause Young (Normal) (G1 Evacuation Pause) 7165M->2679M(8192M) 160.488ms
[7833.812s][info][gc,cpu         ] GC(1512) User=1.27s Sys=0.00s Real=0.16s
...[7836.513s][info][gc,start       ] GC(1513) Pause Young (Normal) (G1 Evacuation Pause)
[7836.513s][info][gc,task        ] GC(1513) Using 8 workers of 8 for evacuation
[7836.676s][info][gc,phases      ] GC(1513)   Pre Evacuate Collection Set: 0.22ms
[7836.676s][info][gc,phases      ] GC(1513)   Merge Heap Roots: 0.57ms
[7836.676s][info][gc,phases      ] GC(1513)   Evacuate Collection Set: 160.73ms
[7836.676s][info][gc,phases      ] GC(1513)   Post Evacuate Collection Set: 1.07ms
[7836.676s][info][gc,phases      ] GC(1513)   Other: 0.06ms
[7836.676s][info][gc,heap        ] GC(1513) Eden regions: 568->0(567)
[7836.676s][info][gc,heap        ] GC(1513) Survivor regions: 46->47(77)
[7836.676s][info][gc,heap        ] GC(1513) Old regions: 258->266
[7836.676s][info][gc,heap        ] GC(1513) Humongous regions: 33->33
[7836.676s][info][gc,metaspace   ] GC(1513) Metaspace: 30010K(30528K)->30010K(30528K) NonClass: 26612K(26880K)->26612K(26880K) Class: 3397K(3648K)->3397K(3648K)
[7836.676s][info][gc             ] GC(1513) Pause Young (Normal) (G1 Evacuation Pause) 7223M->2746M(8192M) 162.778ms
[7836.676s][info][gc,cpu         ] GC(1513) User=1.29s Sys=0.00s Real=0.16s
...[7839.405s][info][gc,start       ] GC(1514) Pause Young (Normal) (G1 Evacuation Pause)
[7839.405s][info][gc,task        ] GC(1514) Using 8 workers of 8 for evacuation
[7839.555s][info][gc,phases      ] GC(1514)   Pre Evacuate Collection Set: 0.23ms
[7839.555s][info][gc,phases      ] GC(1514)   Merge Heap Roots: 0.55ms
[7839.555s][info][gc,phases      ] GC(1514)   Evacuate Collection Set: 148.50ms
[7839.555s][info][gc,phases      ] GC(1514)   Post Evacuate Collection Set: 1.03ms
[7839.555s][info][gc,phases      ] GC(1514)   Other: 0.06ms
[7839.555s][info][gc,heap        ] GC(1514) Eden regions: 567->0(572)
[7839.555s][info][gc,heap        ] GC(1514) Survivor regions: 47->42(77)
[7839.555s][info][gc,heap        ] GC(1514) Old regions: 266->273
[7839.555s][info][gc,heap        ] GC(1514) Humongous regions: 33->33
[7839.556s][info][gc,metaspace   ] GC(1514) Metaspace: 30010K(30528K)->30010K(30528K) NonClass: 26612K(26880K)->26612K(26880K) Class: 3397K(3648K)->3397K(3648K)
[7839.556s][info][gc             ] GC(1514) Pause Young (Normal) (G1 Evacuation Pause) 7282M->2769M(8192M) 150.522ms
[7839.556s][info][gc,cpu         ] GC(1514) User=1.19s Sys=0.00s Real=0.15s
...[7842.309s][info][gc,start       ] GC(1515) Pause Young (Normal) (G1 Evacuation Pause)
[7842.309s][info][gc,task        ] GC(1515) Using 8 workers of 8 for evacuation
[7842.466s][info][gc,phases      ] GC(1515)   Pre Evacuate Collection Set: 0.20ms
[7842.466s][info][gc,phases      ] GC(1515)   Merge Heap Roots: 0.54ms
[7842.466s][info][gc,phases      ] GC(1515)   Evacuate Collection Set: 154.83ms
[7842.466s][info][gc,phases      ] GC(1515)   Post Evacuate Collection Set: 1.04ms
[7842.466s][info][gc,phases      ] GC(1515)   Other: 0.06ms
[7842.466s][info][gc,heap        ] GC(1515) Eden regions: 572->0(570)
[7842.466s][info][gc,heap        ] GC(1515) Survivor regions: 42->44(77)
