Done; will start GCs... 
[38.205s][info][gc,metaspace] GC(2) Metaspace: 26158K(26880K)->26158K(26880K) NonClass: 23313K(23680K)->23313K(23680K) Class: 2845K(3200K)->2845K(3200K)
[38.205s][info][gc          ] GC(2) Pause Full (System.gc()) 190M->164M(3959M) 1574.730ms
[39.430s][info][gc,metaspace] GC(3) Metaspace: 26158K(26880K)->26158K(26880K) NonClass: 23313K(23680K)->23313K(23680K) Class: 2845K(3200K)->2845K(3200K)
[39.430s][info][gc          ] GC(3) Pause Full (System.gc()) 164M->164M(3959M) 1224.564ms
[40.891s][info][gc,metaspace] GC(4) Metaspace: 26158K(26880K)->26158K(26880K) NonClass: 23313K(23680K)->23313K(23680K) Class: 2845K(3200K)->2845K(3200K)
[40.891s][info][gc          ] GC(4) Pause Full (System.gc()) 164M->164M(3959M) 1460.752ms
[42.072s][info][gc,metaspace] GC(5) Metaspace: 26158K(26880K)->26158K(26880K) NonClass: 23313K(23680K)->23313K(23680K) Class: 2845K(3200K)->2845K(3200K)
[42.072s][info][gc          ] GC(5) Pause Full (System.gc()) 164M->164M(3959M) 1180.475ms
[43.250s][info][gc,metaspace] GC(6) Metaspace: 26158K(26880K)->26158K(26880K) NonClass: 23313K(23680K)->23313K(23680K) Class: 2845K(3200K)->2845K(3200K)
[43.251s][info][gc          ] GC(6) Pause Full (System.gc()) 164M->164M(3959M) 1178.460ms
[44.430s][info][gc,metaspace] GC(7) Metaspace: 26159K(26880K)->26159K(26880K) NonClass: 23313K(23680K)->23313K(23680K) Class: 2845K(3200K)->2845K(3200K)
[44.430s][info][gc          ] GC(7) Pause Full (System.gc()) 164M->164M(3959M) 1178.826ms
[45.608s][info][gc,metaspace] GC(8) Metaspace: 26159K(26880K)->26159K(26880K) NonClass: 23313K(23680K)->23313K(23680K) Class: 2845K(3200K)->2845K(3200K)
[45.608s][info][gc          ] GC(8) Pause Full (System.gc()) 164M->164M(3959M) 1177.932ms
[46.787s][info][gc,metaspace] GC(9) Metaspace: 26159K(26880K)->26159K(26880K) NonClass: 23313K(23680K)->23313K(23680K) Class: 2845K(3200K)->2845K(3200K)
[46.788s][info][gc          ] GC(9) Pause Full (System.gc()) 164M->164M(3959M) 1178.987ms
[47.968s][info][gc,metaspace] GC(10) Metaspace: 26159K(26880K)->26159K(26880K) NonClass: 23313K(23680K)->23313K(23680K) Class: 2845K(3200K)->2845K(3200K)
[47.968s][info][gc          ] GC(10) Pause Full (System.gc()) 164M->164M(3959M) 1180.071ms
[49.147s][info][gc,metaspace] GC(11) Metaspace: 26159K(26880K)->26159K(26880K) NonClass: 23313K(23680K)->23313K(23680K) Class: 2845K(3200K)->2845K(3200K)
[49.147s][info][gc          ] GC(11) Pause Full (System.gc()) 164M->164M(3959M) 1179.203ms
[50.328s][info][gc,metaspace] GC(12) Metaspace: 26159K(26880K)->26159K(26880K) NonClass: 23313K(23680K)->23313K(23680K) Class: 2845K(3200K)->2845K(3200K)
[50.328s][info][gc          ] GC(12) Pause Full (System.gc()) 164M->164M(3959M) 1180.597ms
[51.506s][info][gc,metaspace] GC(13) Metaspace: 26159K(26880K)->26159K(26880K) NonClass: 23313K(23680K)->23313K(23680K) Class: 2845K(3200K)->2845K(3200K)
[51.506s][info][gc          ] GC(13) Pause Full (System.gc()) 164M->164M(3959M) 1177.919ms
[52.685s][info][gc,metaspace] GC(14) Metaspace: 26159K(26880K)->26159K(26880K) NonClass: 23313K(23680K)->23313K(23680K) Class: 2845K(3200K)->2845K(3200K)
[52.685s][info][gc          ] GC(14) Pause Full (System.gc()) 164M->164M(3959M) 1178.349ms
[53.862s][info][gc,metaspace] GC(15) Metaspace: 26159K(26880K)->26159K(26880K) NonClass: 23313K(23680K)->23313K(23680K) Class: 2845K(3200K)->2845K(3200K)
[53.862s][info][gc          ] GC(15) Pause Full (System.gc()) 164M->164M(3959M) 1176.547ms
[55.040s][info][gc,metaspace] GC(16) Metaspace: 26159K(26880K)->26159K(26880K) NonClass: 23313K(23680K)->23313K(23680K) Class: 2845K(3200K)->2845K(3200K)
[55.040s][info][gc          ] GC(16) Pause Full (System.gc()) 164M->164M(3959M) 1178.019ms
[56.217s][info][gc,metaspace] GC(17) Metaspace: 26159K(26880K)->26159K(26880K) NonClass: 23313K(23680K)->23313K(23680K) Class: 2845K(3200K)->2845K(3200K)
[56.217s][info][gc          ] GC(17) Pause Full (System.gc()) 164M->164M(3959M) 1177.142ms
[57.398s][info][gc,metaspace] GC(18) Metaspace: 26159K(26880K)->26159K(26880K) NonClass: 23313K(23680K)->23313K(23680K) Class: 2845K(3200K)->2845K(3200K)
[57.398s][info][gc          ] GC(18) Pause Full (System.gc()) 164M->164M(3959M) 1180.729ms
[58.578s][info][gc,metaspace] GC(19) Metaspace: 26159K(26880K)->26159K(26880K) NonClass: 23313K(23680K)->23313K(23680K) Class: 2845K(3200K)->2845K(3200K)
[58.578s][info][gc          ] GC(19) Pause Full (System.gc()) 164M->164M(3959M) 1179.205ms
[59.755s][info][gc,metaspace] GC(20) Metaspace: 26159K(26880K)->26159K(26880K) NonClass: 23313K(23680K)->23313K(23680K) Class: 2845K(3200K)->2845K(3200K)
[59.755s][info][gc          ] GC(20) Pause Full (System.gc()) 164M->164M(3959M) 1177.134ms
[60.933s][info][gc,metaspace] GC(21) Metaspace: 26159K(26880K)->26159K(26880K) NonClass: 23313K(23680K)->23313K(23680K) Class: 2845K(3200K)->2845K(3200K)
[60.934s][info][gc          ] GC(21) Pause Full (System.gc()) 164M->164M(3959M) 1178.205ms
[62.114s][info][gc,metaspace] GC(22) Metaspace: 26159K(26880K)->26159K(26880K) NonClass: 23313K(23680K)->23313K(23680K) Class: 2845K(3200K)->2845K(3200K)
[62.114s][info][gc          ] GC(22) Pause Full (System.gc()) 164M->164M(3959M) 1179.971ms
[63.292s][info][gc,metaspace] GC(23) Metaspace: 26159K(26880K)->26159K(26880K) NonClass: 23313K(23680K)->23313K(23680K) Class: 2845K(3200K)->2845K(3200K)
[63.292s][info][gc          ] GC(23) Pause Full (System.gc()) 164M->164M(3959M) 1178.375ms
[64.470s][info][gc,metaspace] GC(24) Metaspace: 26159K(26880K)->26159K(26880K) NonClass: 23313K(23680K)->23313K(23680K) Class: 2845K(3200K)->2845K(3200K)
[64.470s][info][gc          ] GC(24) Pause Full (System.gc()) 164M->164M(3959M) 1177.731ms
[65.648s][info][gc,metaspace] GC(25) Metaspace: 26159K(26880K)->26159K(26880K) NonClass: 23313K(23680K)->23313K(23680K) Class: 2845K(3200K)->2845K(3200K)
[65.648s][info][gc          ] GC(25) Pause Full (System.gc()) 164M->164M(3959M) 1177.197ms
[66.826s][info][gc,metaspace] GC(26) Metaspace: 26159K(26880K)->26159K(26880K) NonClass: 23313K(23680K)->23313K(23680K) Class: 2845K(3200K)->2845K(3200K)
[66.826s][info][gc          ] GC(26) Pause Full (System.gc()) 164M->164M(3959M) 1177.955ms
[68.003s][info][gc,metaspace] GC(27) Metaspace: 26159K(26880K)->26159K(26880K) NonClass: 23313K(23680K)->23313K(23680K) Class: 2845K(3200K)->2845K(3200K)
[68.003s][info][gc          ] GC(27) Pause Full (System.gc()) 164M->164M(3959M) 1176.737ms
[69.180s][info][gc,metaspace] GC(28) Metaspace: 26159K(26880K)->26159K(26880K) NonClass: 23313K(23680K)->23313K(23680K) Class: 2845K(3200K)->2845K(3200K)
[69.180s][info][gc          ] GC(28) Pause Full (System.gc()) 164M->164M(3959M) 1176.897ms
[70.358s][info][gc,metaspace] GC(29) Metaspace: 26159K(26880K)->26159K(26880K) NonClass: 23313K(23680K)->23313K(23680K) Class: 2845K(3200K)->2845K(3200K)
[70.358s][info][gc          ] GC(29) Pause Full (System.gc()) 164M->164M(3959M) 1177.996ms
[71.535s][info][gc,metaspace] GC(30) Metaspace: 26159K(26880K)->26159K(26880K) NonClass: 23313K(23680K)->23313K(23680K) Class: 2845K(3200K)->2845K(3200K)
[71.536s][info][gc          ] GC(30) Pause Full (System.gc()) 164M->164M(3959M) 1177.090ms
[72.715s][info][gc,metaspace] GC(31) Metaspace: 26159K(26880K)->26159K(26880K) NonClass: 23313K(23680K)->23313K(23680K) Class: 2845K(3200K)->2845K(3200K)
[72.715s][info][gc          ] GC(31) Pause Full (System.gc()) 164M->164M(3959M) 1179.063ms
[73.892s][info][gc,metaspace] GC(32) Metaspace: 26159K(26880K)->26159K(26880K) NonClass: 23313K(23680K)->23313K(23680K) Class: 2845K(3200K)->2845K(3200K)
[73.892s][info][gc          ] GC(32) Pause Full (System.gc()) 164M->164M(3959M) 1176.747ms
[75.070s][info][gc,metaspace] GC(33) Metaspace: 26159K(26880K)->26159K(26880K) NonClass: 23313K(23680K)->23313K(23680K) Class: 2845K(3200K)->2845K(3200K)
[75.070s][info][gc          ] GC(33) Pause Full (System.gc()) 164M->164M(3959M) 1177.535ms
[76.246s][info][gc,metaspace] GC(34) Metaspace: 26159K(26880K)->26159K(26880K) NonClass: 23313K(23680K)->23313K(23680K) Class: 2845K(3200K)->2845K(3200K)
[76.246s][info][gc          ] GC(34) Pause Full (System.gc()) 164M->164M(3959M) 1175.967ms
[77.423s][info][gc,metaspace] GC(35) Metaspace: 26159K(26880K)->26159K(26880K) NonClass: 23313K(23680K)->23313K(23680K) Class: 2845K(3200K)->2845K(3200K)
[77.423s][info][gc          ] GC(35) Pause Full (System.gc()) 164M->164M(3959M) 1176.721ms
[78.601s][info][gc,metaspace] GC(36) Metaspace: 26159K(26880K)->26159K(26880K) NonClass: 23313K(23680K)->23313K(23680K) Class: 2845K(3200K)->2845K(3200K)
[78.601s][info][gc          ] GC(36) Pause Full (System.gc()) 164M->164M(3959M) 1177.985ms
[79.779s][info][gc,metaspace] GC(37) Metaspace: 26159K(26880K)->26159K(26880K) NonClass: 23313K(23680K)->23313K(23680K) Class: 2845K(3200K)->2845K(3200K)
[79.779s][info][gc          ] GC(37) Pause Full (System.gc()) 164M->164M(3959M) 1177.289ms
[80.958s][info][gc,metaspace] GC(38) Metaspace: 26159K(26880K)->26159K(26880K) NonClass: 23313K(23680K)->23313K(23680K) Class: 2845K(3200K)->2845K(3200K)
[80.958s][info][gc          ] GC(38) Pause Full (System.gc()) 164M->164M(3959M) 1178.895ms
[82.134s][info][gc,metaspace] GC(39) Metaspace: 26159K(26880K)->26159K(26880K) NonClass: 23313K(23680K)->23313K(23680K) Class: 2845K(3200K)->2845K(3200K)
[82.134s][info][gc          ] GC(39) Pause Full (System.gc()) 164M->164M(3959M) 1176.290ms
[83.311s][info][gc,metaspace] GC(40) Metaspace: 26159K(26880K)->26159K(26880K) NonClass: 23313K(23680K)->23313K(23680K) Class: 2845K(3200K)->2845K(3200K)
[83.311s][info][gc          ] GC(40) Pause Full (System.gc()) 164M->164M(3959M) 1176.912ms
[84.494s][info][gc,metaspace] GC(41) Metaspace: 26159K(26880K)->26159K(26880K) NonClass: 23313K(23680K)->23313K(23680K) Class: 2845K(3200K)->2845K(3200K)
[84.494s][info][gc          ] GC(41) Pause Full (System.gc()) 164M->164M(3959M) 1182.779ms
[85.671s][info][gc,metaspace] GC(42) Metaspace: 26159K(26880K)->26159K(26880K) NonClass: 23313K(23680K)->23313K(23680K) Class: 2845K(3200K)->2845K(3200K)
[85.671s][info][gc          ] GC(42) Pause Full (System.gc()) 164M->164M(3959M) 1176.541ms
[86.852s][info][gc,metaspace] GC(43) Metaspace: 26159K(26880K)->26159K(26880K) NonClass: 23313K(23680K)->23313K(23680K) Class: 2845K(3200K)->2845K(3200K)
[86.853s][info][gc          ] GC(43) Pause Full (System.gc()) 171M->164M(3959M) 1181.117ms
[88.335s][info][gc,metaspace] GC(44) Metaspace: 26159K(26880K)->26159K(26880K) NonClass: 23313K(23680K)->23313K(23680K) Class: 2845K(3200K)->2845K(3200K)
[88.335s][info][gc          ] GC(44) Pause Full (System.gc()) 164M->164M(3959M) 1482.067ms
[89.513s][info][gc,metaspace] GC(45) Metaspace: 26159K(26880K)->26159K(26880K) NonClass: 23313K(23680K)->23313K(23680K) Class: 2845K(3200K)->2845K(3200K)
[89.513s][info][gc          ] GC(45) Pause Full (System.gc()) 164M->164M(3959M) 1178.100ms
[90.691s][info][gc,metaspace] GC(46) Metaspace: 26159K(26880K)->26159K(26880K) NonClass: 23313K(23680K)->23313K(23680K) Class: 2845K(3200K)->2845K(3200K)
[90.691s][info][gc          ] GC(46) Pause Full (System.gc()) 164M->164M(3959M) 1177.219ms
[91.867s][info][gc,metaspace] GC(47) Metaspace: 26159K(26880K)->26159K(26880K) NonClass: 23313K(23680K)->23313K(23680K) Class: 2845K(3200K)->2845K(3200K)
[91.867s][info][gc          ] GC(47) Pause Full (System.gc()) 164M->164M(3959M) 1176.022ms
[93.044s][info][gc,metaspace] GC(48) Metaspace: 26159K(26880K)->26159K(26880K) NonClass: 23313K(23680K)->23313K(23680K) Class: 2845K(3200K)->2845K(3200K)
[93.044s][info][gc          ] GC(48) Pause Full (System.gc()) 164M->164M(3959M) 1176.840ms
[94.220s][info][gc,metaspace] GC(49) Metaspace: 26159K(26880K)->26159K(26880K) NonClass: 23313K(23680K)->23313K(23680K) Class: 2845K(3200K)->2845K(3200K)
[94.220s][info][gc          ] GC(49) Pause Full (System.gc()) 164M->164M(3959M) 1175.524ms
[95.395s][info][gc,metaspace] GC(50) Metaspace: 26159K(26880K)->26159K(26880K) NonClass: 23313K(23680K)->23313K(23680K) Class: 2845K(3200K)->2845K(3200K)
[95.395s][info][gc          ] GC(50) Pause Full (System.gc()) 164M->164M(3959M) 1175.109ms
[96.569s][info][gc,metaspace] GC(51) Metaspace: 26159K(26880K)->26159K(26880K) NonClass: 23313K(23680K)->23313K(23680K) Class: 2845K(3200K)->2845K(3200K)
[96.569s][info][gc          ] GC(51) Pause Full (System.gc()) 164M->164M(3959M) 1173.877ms
[97.748s][info][gc,metaspace] GC(52) Metaspace: 26159K(26880K)->26159K(26880K) NonClass: 23313K(23680K)->23313K(23680K) Class: 2845K(3200K)->2845K(3200K)
[97.748s][info][gc          ] GC(52) Pause Full (System.gc()) 164M->164M(3959M) 1179.051ms
[98.926s][info][gc,metaspace] GC(53) Metaspace: 26159K(26880K)->26159K(26880K) NonClass: 23313K(23680K)->23313K(23680K) Class: 2845K(3200K)->2845K(3200K)
[98.926s][info][gc          ] GC(53) Pause Full (System.gc()) 164M->164M(3959M) 1177.750ms
[100.101s][info][gc,metaspace] GC(54) Metaspace: 26159K(26880K)->26159K(26880K) NonClass: 23313K(23680K)->23313K(23680K) Class: 2845K(3200K)->2845K(3200K)
[100.101s][info][gc          ] GC(54) Pause Full (System.gc()) 164M->164M(3959M) 1174.284ms
[101.279s][info][gc,metaspace] GC(55) Metaspace: 26159K(26880K)->26159K(26880K) NonClass: 23313K(23680K)->23313K(23680K) Class: 2845K(3200K)->2845K(3200K)
[101.279s][info][gc          ] GC(55) Pause Full (System.gc()) 164M->164M(3959M) 1178.331ms
[102.463s][info][gc,metaspace] GC(56) Metaspace: 26159K(26880K)->26159K(26880K) NonClass: 23313K(23680K)->23313K(23680K) Class: 2845K(3200K)->2845K(3200K)
[102.464s][info][gc          ] GC(56) Pause Full (System.gc()) 164M->164M(3959M) 1184.016ms
[103.639s][info][gc,metaspace] GC(57) Metaspace: 26159K(26880K)->26159K(26880K) NonClass: 23313K(23680K)->23313K(23680K) Class: 2845K(3200K)->2845K(3200K)
[103.639s][info][gc          ] GC(57) Pause Full (System.gc()) 164M->164M(3959M) 1175.481ms
[104.815s][info][gc,metaspace] GC(58) Metaspace: 26159K(26880K)->26159K(26880K) NonClass: 23313K(23680K)->23313K(23680K) Class: 2845K(3200K)->2845K(3200K)
[104.815s][info][gc          ] GC(58) Pause Full (System.gc()) 164M->164M(3959M) 1176.001ms
[105.992s][info][gc,metaspace] GC(59) Metaspace: 26159K(26880K)->26159K(26880K) NonClass: 23313K(23680K)->23313K(23680K) Class: 2845K(3200K)->2845K(3200K)
[105.992s][info][gc          ] GC(59) Pause Full (System.gc()) 164M->164M(3959M) 1176.618ms
[107.169s][info][gc,metaspace] GC(60) Metaspace: 26159K(26880K)->26159K(26880K) NonClass: 23313K(23680K)->23313K(23680K) Class: 2845K(3200K)->2845K(3200K)
[107.169s][info][gc          ] GC(60) Pause Full (System.gc()) 164M->164M(3959M) 1176.309ms
[108.346s][info][gc,metaspace] GC(61) Metaspace: 26159K(26880K)->26159K(26880K) NonClass: 23313K(23680K)->23313K(23680K) Class: 2845K(3200K)->2845K(3200K)
[108.346s][info][gc          ] GC(61) Pause Full (System.gc()) 164M->164M(3959M) 1177.221ms
[109.523s][info][gc,metaspace] GC(62) Metaspace: 26159K(26880K)->26159K(26880K) NonClass: 23313K(23680K)->23313K(23680K) Class: 2845K(3200K)->2845K(3200K)
[109.523s][info][gc          ] GC(62) Pause Full (System.gc()) 164M->164M(3959M) 1176.398ms
[110.701s][info][gc,metaspace] GC(63) Metaspace: 26159K(26880K)->26159K(26880K) NonClass: 23313K(23680K)->23313K(23680K) Class: 2845K(3200K)->2845K(3200K)
[110.702s][info][gc          ] GC(63) Pause Full (System.gc()) 164M->164M(3959M) 1178.665ms
[111.877s][info][gc,metaspace] GC(64) Metaspace: 26159K(26880K)->26159K(26880K) NonClass: 23313K(23680K)->23313K(23680K) Class: 2845K(3200K)->2845K(3200K)
[111.877s][info][gc          ] GC(64) Pause Full (System.gc()) 164M->164M(3959M) 1175.023ms
[113.053s][info][gc,metaspace] GC(65) Metaspace: 26159K(26880K)->26159K(26880K) NonClass: 23313K(23680K)->23313K(23680K) Class: 2845K(3200K)->2845K(3200K)
[113.053s][info][gc          ] GC(65) Pause Full (System.gc()) 164M->164M(3959M) 1175.788ms
[114.227s][info][gc,metaspace] GC(66) Metaspace: 26159K(26880K)->26159K(26880K) NonClass: 23313K(23680K)->23313K(23680K) Class: 2845K(3200K)->2845K(3200K)
[114.227s][info][gc          ] GC(66) Pause Full (System.gc()) 164M->164M(3959M) 1174.156ms
[115.405s][info][gc,metaspace] GC(67) Metaspace: 26159K(26880K)->26159K(26880K) NonClass: 23313K(23680K)->23313K(23680K) Class: 2845K(3200K)->2845K(3200K)
[115.405s][info][gc          ] GC(67) Pause Full (System.gc()) 164M->164M(3959M) 1177.963ms
[116.583s][info][gc,metaspace] GC(68) Metaspace: 26159K(26880K)->26159K(26880K) NonClass: 23313K(23680K)->23313K(23680K) Class: 2845K(3200K)->2845K(3200K)
[116.583s][info][gc          ] GC(68) Pause Full (System.gc()) 164M->164M(3959M) 1178.073ms
[117.757s][info][gc,metaspace] GC(69) Metaspace: 26159K(26880K)->26159K(26880K) NonClass: 23313K(23680K)->23313K(23680K) Class: 2845K(3200K)->2845K(3200K)
[117.757s][info][gc          ] GC(69) Pause Full (System.gc()) 164M->164M(3959M) 1173.662ms
[118.931s][info][gc,metaspace] GC(70) Metaspace: 26159K(26880K)->26159K(26880K) NonClass: 23313K(23680K)->23313K(23680K) Class: 2845K(3200K)->2845K(3200K)
[118.931s][info][gc          ] GC(70) Pause Full (System.gc()) 164M->164M(3959M) 1173.147ms
[120.110s][info][gc,metaspace] GC(71) Metaspace: 26159K(26880K)->26159K(26880K) NonClass: 23313K(23680K)->23313K(23680K) Class: 2845K(3200K)->2845K(3200K)
[120.110s][info][gc          ] GC(71) Pause Full (System.gc()) 164M->164M(3959M) 1179.482ms
[121.287s][info][gc,metaspace] GC(72) Metaspace: 26159K(26880K)->26159K(26880K) NonClass: 23313K(23680K)->23313K(23680K) Class: 2845K(3200K)->2845K(3200K)
[121.287s][info][gc          ] GC(72) Pause Full (System.gc()) 164M->164M(3959M) 1176.342ms
[122.461s][info][gc,metaspace] GC(73) Metaspace: 26159K(26880K)->26159K(26880K) NonClass: 23313K(23680K)->23313K(23680K) Class: 2845K(3200K)->2845K(3200K)
[122.461s][info][gc          ] GC(73) Pause Full (System.gc()) 164M->164M(3959M) 1173.944ms
[123.637s][info][gc,metaspace] GC(74) Metaspace: 26159K(26880K)->26159K(26880K) NonClass: 23313K(23680K)->23313K(23680K) Class: 2845K(3200K)->2845K(3200K)
[123.637s][info][gc          ] GC(74) Pause Full (System.gc()) 164M->164M(3959M) 1175.820ms
[124.813s][info][gc,metaspace] GC(75) Metaspace: 26159K(26880K)->26159K(26880K) NonClass: 23313K(23680K)->23313K(23680K) Class: 2845K(3200K)->2845K(3200K)
[124.813s][info][gc          ] GC(75) Pause Full (System.gc()) 164M->164M(3959M) 1175.588ms
[125.989s][info][gc,metaspace] GC(76) Metaspace: 26159K(26880K)->26159K(26880K) NonClass: 23313K(23680K)->23313K(23680K) Class: 2845K(3200K)->2845K(3200K)
[125.989s][info][gc          ] GC(76) Pause Full (System.gc()) 164M->164M(3959M) 1176.106ms
[127.165s][info][gc,metaspace] GC(77) Metaspace: 26159K(26880K)->26159K(26880K) NonClass: 23313K(23680K)->23313K(23680K) Class: 2845K(3200K)->2845K(3200K)
[127.165s][info][gc          ] GC(77) Pause Full (System.gc()) 164M->164M(3959M) 1175.934ms
[128.342s][info][gc,metaspace] GC(78) Metaspace: 26159K(26880K)->26159K(26880K) NonClass: 23313K(23680K)->23313K(23680K) Class: 2845K(3200K)->2845K(3200K)
[128.342s][info][gc          ] GC(78) Pause Full (System.gc()) 164M->164M(3959M) 1177.006ms
[129.518s][info][gc,metaspace] GC(79) Metaspace: 26159K(26880K)->26159K(26880K) NonClass: 23313K(23680K)->23313K(23680K) Class: 2845K(3200K)->2845K(3200K)
[129.518s][info][gc          ] GC(79) Pause Full (System.gc()) 164M->164M(3959M) 1175.585ms
[130.696s][info][gc,metaspace] GC(80) Metaspace: 26159K(26880K)->26159K(26880K) NonClass: 23313K(23680K)->23313K(23680K) Class: 2845K(3200K)->2845K(3200K)
[130.696s][info][gc          ] GC(80) Pause Full (System.gc()) 164M->164M(3959M) 1177.925ms
[131.871s][info][gc,metaspace] GC(81) Metaspace: 26159K(26880K)->26159K(26880K) NonClass: 23313K(23680K)->23313K(23680K) Class: 2845K(3200K)->2845K(3200K)
[131.871s][info][gc          ] GC(81) Pause Full (System.gc()) 164M->164M(3959M) 1174.747ms
[133.044s][info][gc,metaspace] GC(82) Metaspace: 26159K(26880K)->26159K(26880K) NonClass: 23313K(23680K)->23313K(23680K) Class: 2845K(3200K)->2845K(3200K)
[133.044s][info][gc          ] GC(82) Pause Full (System.gc()) 164M->164M(3959M) 1172.459ms
[134.216s][info][gc,metaspace] GC(83) Metaspace: 26159K(26880K)->26159K(26880K) NonClass: 23313K(23680K)->23313K(23680K) Class: 2845K(3200K)->2845K(3200K)
[134.216s][info][gc          ] GC(83) Pause Full (System.gc()) 164M->164M(3959M) 1172.159ms
[135.390s][info][gc,metaspace] GC(84) Metaspace: 26159K(26880K)->26159K(26880K) NonClass: 23313K(23680K)->23313K(23680K) Class: 2845K(3200K)->2845K(3200K)
[135.390s][info][gc          ] GC(84) Pause Full (System.gc()) 164M->164M(3959M) 1173.411ms
[136.562s][info][gc,metaspace] GC(85) Metaspace: 26159K(26880K)->26159K(26880K) NonClass: 23313K(23680K)->23313K(23680K) Class: 2845K(3200K)->2845K(3200K)
[136.562s][info][gc          ] GC(85) Pause Full (System.gc()) 164M->164M(3959M) 1171.738ms
[137.735s][info][gc,metaspace] GC(86) Metaspace: 26159K(26880K)->26159K(26880K) NonClass: 23313K(23680K)->23313K(23680K) Class: 2845K(3200K)->2845K(3200K)
[137.735s][info][gc          ] GC(86) Pause Full (System.gc()) 164M->164M(3959M) 1172.634ms
[138.907s][info][gc,metaspace] GC(87) Metaspace: 26159K(26880K)->26159K(26880K) NonClass: 23313K(23680K)->23313K(23680K) Class: 2845K(3200K)->2845K(3200K)
[138.907s][info][gc          ] GC(87) Pause Full (System.gc()) 164M->164M(3959M) 1171.748ms
[140.079s][info][gc,metaspace] GC(88) Metaspace: 26159K(26880K)->26159K(26880K) NonClass: 23313K(23680K)->23313K(23680K) Class: 2845K(3200K)->2845K(3200K)
[140.080s][info][gc          ] GC(88) Pause Full (System.gc()) 164M->164M(3959M) 1172.388ms
[141.257s][info][gc,metaspace] GC(89) Metaspace: 26159K(26880K)->26159K(26880K) NonClass: 23313K(23680K)->23313K(23680K) Class: 2845K(3200K)->2845K(3200K)
[141.257s][info][gc          ] GC(89) Pause Full (System.gc()) 164M->164M(3959M) 1177.711ms
[142.430s][info][gc,metaspace] GC(90) Metaspace: 26159K(26880K)->26159K(26880K) NonClass: 23313K(23680K)->23313K(23680K) Class: 2845K(3200K)->2845K(3200K)
[142.431s][info][gc          ] GC(90) Pause Full (System.gc()) 164M->164M(3959M) 1172.930ms
[143.604s][info][gc,metaspace] GC(91) Metaspace: 26159K(26880K)->26159K(26880K) NonClass: 23313K(23680K)->23313K(23680K) Class: 2845K(3200K)->2845K(3200K)
[143.604s][info][gc          ] GC(91) Pause Full (System.gc()) 164M->164M(3959M) 1173.574ms
[144.777s][info][gc,metaspace] GC(92) Metaspace: 26159K(26880K)->26159K(26880K) NonClass: 23313K(23680K)->23313K(23680K) Class: 2845K(3200K)->2845K(3200K)
[144.777s][info][gc          ] GC(92) Pause Full (System.gc()) 164M->164M(3959M) 1172.284ms
[145.948s][info][gc,metaspace] GC(93) Metaspace: 26159K(26880K)->26159K(26880K) NonClass: 23313K(23680K)->23313K(23680K) Class: 2845K(3200K)->2845K(3200K)
[145.948s][info][gc          ] GC(93) Pause Full (System.gc()) 164M->164M(3959M) 1171.040ms
[147.124s][info][gc,metaspace] GC(94) Metaspace: 26159K(26880K)->26159K(26880K) NonClass: 23313K(23680K)->23313K(23680K) Class: 2845K(3200K)->2845K(3200K)
[147.124s][info][gc          ] GC(94) Pause Full (System.gc()) 164M->164M(3959M) 1175.558ms
[148.298s][info][gc,metaspace] GC(95) Metaspace: 26159K(26880K)->26159K(26880K) NonClass: 23313K(23680K)->23313K(23680K) Class: 2845K(3200K)->2845K(3200K)
[148.298s][info][gc          ] GC(95) Pause Full (System.gc()) 164M->164M(3959M) 1174.345ms
[149.471s][info][gc,metaspace] GC(96) Metaspace: 26159K(26880K)->26159K(26880K) NonClass: 23313K(23680K)->23313K(23680K) Class: 2845K(3200K)->2845K(3200K)
[149.471s][info][gc          ] GC(96) Pause Full (System.gc()) 164M->164M(3959M) 1173.017ms
[150.649s][info][gc,metaspace] GC(97) Metaspace: 26159K(26880K)->26159K(26880K) NonClass: 23313K(23680K)->23313K(23680K) Class: 2845K(3200K)->2845K(3200K)
[150.649s][info][gc          ] GC(97) Pause Full (System.gc()) 164M->164M(3959M) 1177.754ms
[151.823s][info][gc,metaspace] GC(98) Metaspace: 26159K(26880K)->26159K(26880K) NonClass: 23313K(23680K)->23313K(23680K) Class: 2845K(3200K)->2845K(3200K)
[151.823s][info][gc          ] GC(98) Pause Full (System.gc()) 164M->164M(3959M) 1173.482ms
[152.997s][info][gc,metaspace] GC(99) Metaspace: 26159K(26880K)->26159K(26880K) NonClass: 23313K(23680K)->23313K(23680K) Class: 2845K(3200K)->2845K(3200K)
[152.997s][info][gc          ] GC(99) Pause Full (System.gc()) 164M->164M(3959M) 1173.454ms
[154.173s][info][gc,metaspace] GC(100) Metaspace: 26159K(26880K)->26159K(26880K) NonClass: 23313K(23680K)->23313K(23680K) Class: 2845K(3200K)->2845K(3200K)
[154.173s][info][gc          ] GC(100) Pause Full (System.gc()) 171M->164M(3959M) 1175.747ms
[155.351s][info][gc,metaspace] GC(101) Metaspace: 26159K(26880K)->26159K(26880K) NonClass: 23313K(23680K)->23313K(23680K) Class: 2845K(3200K)->2845K(3200K)
[155.351s][info][gc          ] GC(101) Pause Full (System.gc()) 164M->164M(3959M) 1178.500ms
After GCs... 
