Done; will start GCs... 
[40.586s][info][gc,metaspace] GC(2) Metaspace: 26190K(26880K)->26190K(26880K) NonClass: 23344K(23680K)->23344K(23680K) Class: 2846K(3200K)->2846K(3200K)
[40.586s][info][gc          ] GC(2) Pause Full (System.gc()) 190M->164M(3959M) 1344.044ms
[41.630s][info][gc,metaspace] GC(3) Metaspace: 26190K(26880K)->26190K(26880K) NonClass: 23344K(23680K)->23344K(23680K) Class: 2846K(3200K)->2846K(3200K)
[41.631s][info][gc          ] GC(3) Pause Full (System.gc()) 164M->164M(3959M) 1043.812ms
[42.945s][info][gc,metaspace] GC(4) Metaspace: 26190K(26880K)->26190K(26880K) NonClass: 23344K(23680K)->23344K(23680K) Class: 2846K(3200K)->2846K(3200K)
[42.945s][info][gc          ] GC(4) Pause Full (System.gc()) 164M->164M(3959M) 1314.072ms
[43.993s][info][gc,metaspace] GC(5) Metaspace: 26190K(26880K)->26190K(26880K) NonClass: 23344K(23680K)->23344K(23680K) Class: 2846K(3200K)->2846K(3200K)
[43.993s][info][gc          ] GC(5) Pause Full (System.gc()) 164M->164M(3959M) 1048.138ms
[45.039s][info][gc,metaspace] GC(6) Metaspace: 26190K(26880K)->26190K(26880K) NonClass: 23344K(23680K)->23344K(23680K) Class: 2846K(3200K)->2846K(3200K)
[45.040s][info][gc          ] GC(6) Pause Full (System.gc()) 164M->164M(3959M) 1046.031ms
[46.085s][info][gc,metaspace] GC(7) Metaspace: 26191K(26880K)->26191K(26880K) NonClass: 23345K(23680K)->23345K(23680K) Class: 2846K(3200K)->2846K(3200K)
[46.085s][info][gc          ] GC(7) Pause Full (System.gc()) 164M->164M(3959M) 1043.847ms
[47.134s][info][gc,metaspace] GC(8) Metaspace: 26191K(26880K)->26191K(26880K) NonClass: 23345K(23680K)->23345K(23680K) Class: 2846K(3200K)->2846K(3200K)
[47.134s][info][gc          ] GC(8) Pause Full (System.gc()) 164M->164M(3959M) 1048.684ms
[48.180s][info][gc,metaspace] GC(9) Metaspace: 26191K(26880K)->26191K(26880K) NonClass: 23345K(23680K)->23345K(23680K) Class: 2846K(3200K)->2846K(3200K)
[48.181s][info][gc          ] GC(9) Pause Full (System.gc()) 164M->164M(3959M) 1046.382ms
[49.235s][info][gc,metaspace] GC(10) Metaspace: 26191K(26880K)->26191K(26880K) NonClass: 23345K(23680K)->23345K(23680K) Class: 2846K(3200K)->2846K(3200K)
[49.235s][info][gc          ] GC(10) Pause Full (System.gc()) 164M->164M(3959M) 1054.184ms
[50.282s][info][gc,metaspace] GC(11) Metaspace: 26191K(26880K)->26191K(26880K) NonClass: 23345K(23680K)->23345K(23680K) Class: 2846K(3200K)->2846K(3200K)
[50.282s][info][gc          ] GC(11) Pause Full (System.gc()) 164M->164M(3959M) 1047.145ms
[51.330s][info][gc,metaspace] GC(12) Metaspace: 26191K(26880K)->26191K(26880K) NonClass: 23345K(23680K)->23345K(23680K) Class: 2846K(3200K)->2846K(3200K)
[51.330s][info][gc          ] GC(12) Pause Full (System.gc()) 164M->164M(3959M) 1047.282ms
[52.375s][info][gc,metaspace] GC(13) Metaspace: 26191K(26880K)->26191K(26880K) NonClass: 23345K(23680K)->23345K(23680K) Class: 2846K(3200K)->2846K(3200K)
[52.375s][info][gc          ] GC(13) Pause Full (System.gc()) 164M->164M(3959M) 1045.031ms
[53.425s][info][gc,metaspace] GC(14) Metaspace: 26191K(26880K)->26191K(26880K) NonClass: 23345K(23680K)->23345K(23680K) Class: 2846K(3200K)->2846K(3200K)
[53.425s][info][gc          ] GC(14) Pause Full (System.gc()) 164M->164M(3959M) 1049.514ms
[54.473s][info][gc,metaspace] GC(15) Metaspace: 26191K(26880K)->26191K(26880K) NonClass: 23345K(23680K)->23345K(23680K) Class: 2846K(3200K)->2846K(3200K)
[54.473s][info][gc          ] GC(15) Pause Full (System.gc()) 164M->164M(3959M) 1048.101ms
[55.519s][info][gc,metaspace] GC(16) Metaspace: 26191K(26880K)->26191K(26880K) NonClass: 23345K(23680K)->23345K(23680K) Class: 2846K(3200K)->2846K(3200K)
[55.520s][info][gc          ] GC(16) Pause Full (System.gc()) 164M->164M(3959M) 1046.258ms
[56.566s][info][gc,metaspace] GC(17) Metaspace: 26191K(26880K)->26191K(26880K) NonClass: 23345K(23680K)->23345K(23680K) Class: 2846K(3200K)->2846K(3200K)
[56.566s][info][gc          ] GC(17) Pause Full (System.gc()) 164M->164M(3959M) 1046.250ms
[57.616s][info][gc,metaspace] GC(18) Metaspace: 26191K(26880K)->26191K(26880K) NonClass: 23345K(23680K)->23345K(23680K) Class: 2846K(3200K)->2846K(3200K)
[57.616s][info][gc          ] GC(18) Pause Full (System.gc()) 164M->164M(3959M) 1049.507ms
[58.664s][info][gc,metaspace] GC(19) Metaspace: 26191K(26880K)->26191K(26880K) NonClass: 23345K(23680K)->23345K(23680K) Class: 2846K(3200K)->2846K(3200K)
[58.664s][info][gc          ] GC(19) Pause Full (System.gc()) 164M->164M(3959M) 1047.843ms
[59.711s][info][gc,metaspace] GC(20) Metaspace: 26191K(26880K)->26191K(26880K) NonClass: 23345K(23680K)->23345K(23680K) Class: 2846K(3200K)->2846K(3200K)
[59.712s][info][gc          ] GC(20) Pause Full (System.gc()) 164M->164M(3959M) 1047.332ms
[60.760s][info][gc,metaspace] GC(21) Metaspace: 26191K(26880K)->26191K(26880K) NonClass: 23345K(23680K)->23345K(23680K) Class: 2846K(3200K)->2846K(3200K)
[60.760s][info][gc          ] GC(21) Pause Full (System.gc()) 164M->164M(3959M) 1048.676ms
[61.805s][info][gc,metaspace] GC(22) Metaspace: 26191K(26880K)->26191K(26880K) NonClass: 23345K(23680K)->23345K(23680K) Class: 2846K(3200K)->2846K(3200K)
[61.805s][info][gc          ] GC(22) Pause Full (System.gc()) 164M->164M(3959M) 1044.554ms
[62.853s][info][gc,metaspace] GC(23) Metaspace: 26191K(26880K)->26191K(26880K) NonClass: 23345K(23680K)->23345K(23680K) Class: 2846K(3200K)->2846K(3200K)
[62.853s][info][gc          ] GC(23) Pause Full (System.gc()) 164M->164M(3959M) 1047.775ms
[63.901s][info][gc,metaspace] GC(24) Metaspace: 26191K(26880K)->26191K(26880K) NonClass: 23345K(23680K)->23345K(23680K) Class: 2846K(3200K)->2846K(3200K)
[63.902s][info][gc          ] GC(24) Pause Full (System.gc()) 164M->164M(3959M) 1047.994ms
[64.947s][info][gc,metaspace] GC(25) Metaspace: 26191K(26880K)->26191K(26880K) NonClass: 23345K(23680K)->23345K(23680K) Class: 2846K(3200K)->2846K(3200K)
[64.947s][info][gc          ] GC(25) Pause Full (System.gc()) 164M->164M(3959M) 1044.923ms
[65.992s][info][gc,metaspace] GC(26) Metaspace: 26191K(26880K)->26191K(26880K) NonClass: 23345K(23680K)->23345K(23680K) Class: 2846K(3200K)->2846K(3200K)
[65.992s][info][gc          ] GC(26) Pause Full (System.gc()) 164M->164M(3959M) 1045.385ms
[67.042s][info][gc,metaspace] GC(27) Metaspace: 26191K(26880K)->26191K(26880K) NonClass: 23345K(23680K)->23345K(23680K) Class: 2846K(3200K)->2846K(3200K)
[67.042s][info][gc          ] GC(27) Pause Full (System.gc()) 164M->164M(3959M) 1049.225ms
[68.087s][info][gc,metaspace] GC(28) Metaspace: 26191K(26880K)->26191K(26880K) NonClass: 23345K(23680K)->23345K(23680K) Class: 2846K(3200K)->2846K(3200K)
[68.087s][info][gc          ] GC(28) Pause Full (System.gc()) 164M->164M(3959M) 1044.929ms
[69.134s][info][gc,metaspace] GC(29) Metaspace: 26191K(26880K)->26191K(26880K) NonClass: 23345K(23680K)->23345K(23680K) Class: 2846K(3200K)->2846K(3200K)
[69.134s][info][gc          ] GC(29) Pause Full (System.gc()) 164M->164M(3959M) 1046.593ms
[70.182s][info][gc,metaspace] GC(30) Metaspace: 26191K(26880K)->26191K(26880K) NonClass: 23345K(23680K)->23345K(23680K) Class: 2846K(3200K)->2846K(3200K)
[70.182s][info][gc          ] GC(30) Pause Full (System.gc()) 164M->164M(3959M) 1047.850ms
[71.228s][info][gc,metaspace] GC(31) Metaspace: 26191K(26880K)->26191K(26880K) NonClass: 23345K(23680K)->23345K(23680K) Class: 2846K(3200K)->2846K(3200K)
[71.228s][info][gc          ] GC(31) Pause Full (System.gc()) 164M->164M(3959M) 1046.320ms
[72.279s][info][gc,metaspace] GC(32) Metaspace: 26191K(26880K)->26191K(26880K) NonClass: 23345K(23680K)->23345K(23680K) Class: 2846K(3200K)->2846K(3200K)
[72.279s][info][gc          ] GC(32) Pause Full (System.gc()) 164M->164M(3959M) 1050.519ms
[73.326s][info][gc,metaspace] GC(33) Metaspace: 26191K(26880K)->26191K(26880K) NonClass: 23345K(23680K)->23345K(23680K) Class: 2846K(3200K)->2846K(3200K)
[73.326s][info][gc          ] GC(33) Pause Full (System.gc()) 164M->164M(3959M) 1046.329ms
[74.371s][info][gc,metaspace] GC(34) Metaspace: 26191K(26880K)->26191K(26880K) NonClass: 23345K(23680K)->23345K(23680K) Class: 2846K(3200K)->2846K(3200K)
[74.372s][info][gc          ] GC(34) Pause Full (System.gc()) 164M->164M(3959M) 1045.408ms
[75.420s][info][gc,metaspace] GC(35) Metaspace: 26191K(26880K)->26191K(26880K) NonClass: 23345K(23680K)->23345K(23680K) Class: 2846K(3200K)->2846K(3200K)
[75.420s][info][gc          ] GC(35) Pause Full (System.gc()) 164M->164M(3959M) 1048.075ms
[76.470s][info][gc,metaspace] GC(36) Metaspace: 26191K(26880K)->26191K(26880K) NonClass: 23345K(23680K)->23345K(23680K) Class: 2846K(3200K)->2846K(3200K)
[76.470s][info][gc          ] GC(36) Pause Full (System.gc()) 164M->164M(3959M) 1049.610ms
[77.514s][info][gc,metaspace] GC(37) Metaspace: 26191K(26880K)->26191K(26880K) NonClass: 23345K(23680K)->23345K(23680K) Class: 2846K(3200K)->2846K(3200K)
[77.514s][info][gc          ] GC(37) Pause Full (System.gc()) 164M->164M(3959M) 1044.564ms
[78.561s][info][gc,metaspace] GC(38) Metaspace: 26191K(26880K)->26191K(26880K) NonClass: 23345K(23680K)->23345K(23680K) Class: 2846K(3200K)->2846K(3200K)
[78.561s][info][gc          ] GC(38) Pause Full (System.gc()) 164M->164M(3959M) 1046.571ms
[79.614s][info][gc,metaspace] GC(39) Metaspace: 26191K(26880K)->26191K(26880K) NonClass: 23345K(23680K)->23345K(23680K) Class: 2846K(3200K)->2846K(3200K)
[79.614s][info][gc          ] GC(39) Pause Full (System.gc()) 164M->164M(3959M) 1052.443ms
[80.659s][info][gc,metaspace] GC(40) Metaspace: 26191K(26880K)->26191K(26880K) NonClass: 23345K(23680K)->23345K(23680K) Class: 2846K(3200K)->2846K(3200K)
[80.659s][info][gc          ] GC(40) Pause Full (System.gc()) 164M->164M(3959M) 1045.033ms
[81.706s][info][gc,metaspace] GC(41) Metaspace: 26191K(26880K)->26191K(26880K) NonClass: 23345K(23680K)->23345K(23680K) Class: 2846K(3200K)->2846K(3200K)
[81.706s][info][gc          ] GC(41) Pause Full (System.gc()) 164M->164M(3959M) 1046.245ms
[82.754s][info][gc,metaspace] GC(42) Metaspace: 26191K(26880K)->26191K(26880K) NonClass: 23345K(23680K)->23345K(23680K) Class: 2846K(3200K)->2846K(3200K)
[82.754s][info][gc          ] GC(42) Pause Full (System.gc()) 164M->164M(3959M) 1048.283ms
[83.801s][info][gc,metaspace] GC(43) Metaspace: 26191K(26880K)->26191K(26880K) NonClass: 23345K(23680K)->23345K(23680K) Class: 2846K(3200K)->2846K(3200K)
[83.801s][info][gc          ] GC(43) Pause Full (System.gc()) 171M->164M(3959M) 1046.077ms
[85.122s][info][gc,metaspace] GC(44) Metaspace: 26191K(26880K)->26191K(26880K) NonClass: 23345K(23680K)->23345K(23680K) Class: 2846K(3200K)->2846K(3200K)
[85.122s][info][gc          ] GC(44) Pause Full (System.gc()) 164M->164M(3959M) 1320.526ms
[86.168s][info][gc,metaspace] GC(45) Metaspace: 26191K(26880K)->26191K(26880K) NonClass: 23345K(23680K)->23345K(23680K) Class: 2846K(3200K)->2846K(3200K)
[86.168s][info][gc          ] GC(45) Pause Full (System.gc()) 164M->164M(3959M) 1045.907ms
[87.212s][info][gc,metaspace] GC(46) Metaspace: 26191K(26880K)->26191K(26880K) NonClass: 23345K(23680K)->23345K(23680K) Class: 2846K(3200K)->2846K(3200K)
[87.212s][info][gc          ] GC(46) Pause Full (System.gc()) 164M->164M(3959M) 1044.028ms
[88.257s][info][gc,metaspace] GC(47) Metaspace: 26191K(26880K)->26191K(26880K) NonClass: 23345K(23680K)->23345K(23680K) Class: 2846K(3200K)->2846K(3200K)
[88.257s][info][gc          ] GC(47) Pause Full (System.gc()) 164M->164M(3959M) 1045.058ms
[89.301s][info][gc,metaspace] GC(48) Metaspace: 26191K(26880K)->26191K(26880K) NonClass: 23345K(23680K)->23345K(23680K) Class: 2846K(3200K)->2846K(3200K)
[89.301s][info][gc          ] GC(48) Pause Full (System.gc()) 164M->164M(3959M) 1043.162ms
[90.343s][info][gc,metaspace] GC(49) Metaspace: 26191K(26880K)->26191K(26880K) NonClass: 23345K(23680K)->23345K(23680K) Class: 2846K(3200K)->2846K(3200K)
[90.343s][info][gc          ] GC(49) Pause Full (System.gc()) 164M->164M(3959M) 1042.119ms
[91.385s][info][gc,metaspace] GC(50) Metaspace: 26191K(26880K)->26191K(26880K) NonClass: 23345K(23680K)->23345K(23680K) Class: 2846K(3200K)->2846K(3200K)
[91.385s][info][gc          ] GC(50) Pause Full (System.gc()) 164M->164M(3959M) 1041.912ms
[92.429s][info][gc,metaspace] GC(51) Metaspace: 26191K(26880K)->26191K(26880K) NonClass: 23345K(23680K)->23345K(23680K) Class: 2846K(3200K)->2846K(3200K)
[92.429s][info][gc          ] GC(51) Pause Full (System.gc()) 164M->164M(3959M) 1043.576ms
[93.473s][info][gc,metaspace] GC(52) Metaspace: 26191K(26880K)->26191K(26880K) NonClass: 23345K(23680K)->23345K(23680K) Class: 2846K(3200K)->2846K(3200K)
[93.473s][info][gc          ] GC(52) Pause Full (System.gc()) 164M->164M(3959M) 1044.302ms
[94.518s][info][gc,metaspace] GC(53) Metaspace: 26191K(26880K)->26191K(26880K) NonClass: 23345K(23680K)->23345K(23680K) Class: 2846K(3200K)->2846K(3200K)
[94.519s][info][gc          ] GC(53) Pause Full (System.gc()) 164M->164M(3959M) 1044.785ms
[95.562s][info][gc,metaspace] GC(54) Metaspace: 26191K(26880K)->26191K(26880K) NonClass: 23345K(23680K)->23345K(23680K) Class: 2846K(3200K)->2846K(3200K)
[95.562s][info][gc          ] GC(54) Pause Full (System.gc()) 164M->164M(3959M) 1043.464ms
[96.605s][info][gc,metaspace] GC(55) Metaspace: 26191K(26880K)->26191K(26880K) NonClass: 23345K(23680K)->23345K(23680K) Class: 2846K(3200K)->2846K(3200K)
[96.605s][info][gc          ] GC(55) Pause Full (System.gc()) 164M->164M(3959M) 1042.525ms
[97.658s][info][gc,metaspace] GC(56) Metaspace: 26191K(26880K)->26191K(26880K) NonClass: 23345K(23680K)->23345K(23680K) Class: 2846K(3200K)->2846K(3200K)
[97.658s][info][gc          ] GC(56) Pause Full (System.gc()) 164M->164M(3959M) 1053.099ms
[98.704s][info][gc,metaspace] GC(57) Metaspace: 26191K(26880K)->26191K(26880K) NonClass: 23345K(23680K)->23345K(23680K) Class: 2846K(3200K)->2846K(3200K)
[98.704s][info][gc          ] GC(57) Pause Full (System.gc()) 164M->164M(3959M) 1045.788ms
[99.747s][info][gc,metaspace] GC(58) Metaspace: 26191K(26880K)->26191K(26880K) NonClass: 23345K(23680K)->23345K(23680K) Class: 2846K(3200K)->2846K(3200K)
[99.748s][info][gc          ] GC(58) Pause Full (System.gc()) 164M->164M(3959M) 1042.834ms
[100.792s][info][gc,metaspace] GC(59) Metaspace: 26191K(26880K)->26191K(26880K) NonClass: 23345K(23680K)->23345K(23680K) Class: 2846K(3200K)->2846K(3200K)
[100.792s][info][gc          ] GC(59) Pause Full (System.gc()) 164M->164M(3959M) 1044.232ms
[101.835s][info][gc,metaspace] GC(60) Metaspace: 26191K(26880K)->26191K(26880K) NonClass: 23345K(23680K)->23345K(23680K) Class: 2846K(3200K)->2846K(3200K)
[101.836s][info][gc          ] GC(60) Pause Full (System.gc()) 164M->164M(3959M) 1043.470ms
[102.878s][info][gc,metaspace] GC(61) Metaspace: 26191K(26880K)->26191K(26880K) NonClass: 23345K(23680K)->23345K(23680K) Class: 2846K(3200K)->2846K(3200K)
[102.878s][info][gc          ] GC(61) Pause Full (System.gc()) 164M->164M(3959M) 1042.381ms
[103.922s][info][gc,metaspace] GC(62) Metaspace: 26191K(26880K)->26191K(26880K) NonClass: 23345K(23680K)->23345K(23680K) Class: 2846K(3200K)->2846K(3200K)
[103.922s][info][gc          ] GC(62) Pause Full (System.gc()) 164M->164M(3959M) 1043.444ms
[104.964s][info][gc,metaspace] GC(63) Metaspace: 26191K(26880K)->26191K(26880K) NonClass: 23345K(23680K)->23345K(23680K) Class: 2846K(3200K)->2846K(3200K)
[104.964s][info][gc          ] GC(63) Pause Full (System.gc()) 164M->164M(3959M) 1041.752ms
[106.006s][info][gc,metaspace] GC(64) Metaspace: 26191K(26880K)->26191K(26880K) NonClass: 23345K(23680K)->23345K(23680K) Class: 2846K(3200K)->2846K(3200K)
[106.006s][info][gc          ] GC(64) Pause Full (System.gc()) 164M->164M(3959M) 1041.843ms
[107.052s][info][gc,metaspace] GC(65) Metaspace: 26191K(26880K)->26191K(26880K) NonClass: 23345K(23680K)->23345K(23680K) Class: 2846K(3200K)->2846K(3200K)
[107.052s][info][gc          ] GC(65) Pause Full (System.gc()) 164M->164M(3959M) 1045.933ms
[108.095s][info][gc,metaspace] GC(66) Metaspace: 26191K(26880K)->26191K(26880K) NonClass: 23345K(23680K)->23345K(23680K) Class: 2846K(3200K)->2846K(3200K)
[108.095s][info][gc          ] GC(66) Pause Full (System.gc()) 164M->164M(3959M) 1042.293ms
[109.141s][info][gc,metaspace] GC(67) Metaspace: 26191K(26880K)->26191K(26880K) NonClass: 23345K(23680K)->23345K(23680K) Class: 2846K(3200K)->2846K(3200K)
[109.141s][info][gc          ] GC(67) Pause Full (System.gc()) 164M->164M(3959M) 1045.952ms
[110.185s][info][gc,metaspace] GC(68) Metaspace: 26191K(26880K)->26191K(26880K) NonClass: 23345K(23680K)->23345K(23680K) Class: 2846K(3200K)->2846K(3200K)
[110.185s][info][gc          ] GC(68) Pause Full (System.gc()) 164M->164M(3959M) 1043.716ms
[111.230s][info][gc,metaspace] GC(69) Metaspace: 26191K(26880K)->26191K(26880K) NonClass: 23345K(23680K)->23345K(23680K) Class: 2846K(3200K)->2846K(3200K)
[111.230s][info][gc          ] GC(69) Pause Full (System.gc()) 164M->164M(3959M) 1044.989ms
[112.272s][info][gc,metaspace] GC(70) Metaspace: 26191K(26880K)->26191K(26880K) NonClass: 23345K(23680K)->23345K(23680K) Class: 2846K(3200K)->2846K(3200K)
[112.272s][info][gc          ] GC(70) Pause Full (System.gc()) 164M->164M(3959M) 1042.076ms
[113.315s][info][gc,metaspace] GC(71) Metaspace: 26191K(26880K)->26191K(26880K) NonClass: 23345K(23680K)->23345K(23680K) Class: 2846K(3200K)->2846K(3200K)
[113.315s][info][gc          ] GC(71) Pause Full (System.gc()) 164M->164M(3959M) 1042.937ms
[114.362s][info][gc,metaspace] GC(72) Metaspace: 26191K(26880K)->26191K(26880K) NonClass: 23345K(23680K)->23345K(23680K) Class: 2846K(3200K)->2846K(3200K)
[114.363s][info][gc          ] GC(72) Pause Full (System.gc()) 164M->164M(3959M) 1047.090ms
[115.407s][info][gc,metaspace] GC(73) Metaspace: 26191K(26880K)->26191K(26880K) NonClass: 23345K(23680K)->23345K(23680K) Class: 2846K(3200K)->2846K(3200K)
[115.407s][info][gc          ] GC(73) Pause Full (System.gc()) 164M->164M(3959M) 1044.072ms
[116.449s][info][gc,metaspace] GC(74) Metaspace: 26191K(26880K)->26191K(26880K) NonClass: 23345K(23680K)->23345K(23680K) Class: 2846K(3200K)->2846K(3200K)
[116.449s][info][gc          ] GC(74) Pause Full (System.gc()) 164M->164M(3959M) 1042.050ms
[117.494s][info][gc,metaspace] GC(75) Metaspace: 26191K(26880K)->26191K(26880K) NonClass: 23345K(23680K)->23345K(23680K) Class: 2846K(3200K)->2846K(3200K)
[117.494s][info][gc          ] GC(75) Pause Full (System.gc()) 164M->164M(3959M) 1044.423ms
[118.538s][info][gc,metaspace] GC(76) Metaspace: 26191K(26880K)->26191K(26880K) NonClass: 23345K(23680K)->23345K(23680K) Class: 2846K(3200K)->2846K(3200K)
[118.538s][info][gc          ] GC(76) Pause Full (System.gc()) 164M->164M(3959M) 1044.221ms
[119.583s][info][gc,metaspace] GC(77) Metaspace: 26191K(26880K)->26191K(26880K) NonClass: 23345K(23680K)->23345K(23680K) Class: 2846K(3200K)->2846K(3200K)
[119.583s][info][gc          ] GC(77) Pause Full (System.gc()) 164M->164M(3959M) 1044.261ms
[120.626s][info][gc,metaspace] GC(78) Metaspace: 26191K(26880K)->26191K(26880K) NonClass: 23345K(23680K)->23345K(23680K) Class: 2846K(3200K)->2846K(3200K)
[120.626s][info][gc          ] GC(78) Pause Full (System.gc()) 164M->164M(3959M) 1042.685ms
[121.677s][info][gc,metaspace] GC(79) Metaspace: 26191K(26880K)->26191K(26880K) NonClass: 23345K(23680K)->23345K(23680K) Class: 2846K(3200K)->2846K(3200K)
[121.677s][info][gc          ] GC(79) Pause Full (System.gc()) 164M->164M(3959M) 1050.563ms
[122.721s][info][gc,metaspace] GC(80) Metaspace: 26191K(26880K)->26191K(26880K) NonClass: 23345K(23680K)->23345K(23680K) Class: 2846K(3200K)->2846K(3200K)
[122.721s][info][gc          ] GC(80) Pause Full (System.gc()) 164M->164M(3959M) 1043.829ms
[123.766s][info][gc,metaspace] GC(81) Metaspace: 26191K(26880K)->26191K(26880K) NonClass: 23345K(23680K)->23345K(23680K) Class: 2846K(3200K)->2846K(3200K)
[123.766s][info][gc          ] GC(81) Pause Full (System.gc()) 164M->164M(3959M) 1045.121ms
[124.808s][info][gc,metaspace] GC(82) Metaspace: 26191K(26880K)->26191K(26880K) NonClass: 23345K(23680K)->23345K(23680K) Class: 2846K(3200K)->2846K(3200K)
[124.808s][info][gc          ] GC(82) Pause Full (System.gc()) 164M->164M(3959M) 1042.119ms
[125.853s][info][gc,metaspace] GC(83) Metaspace: 26191K(26880K)->26191K(26880K) NonClass: 23345K(23680K)->23345K(23680K) Class: 2846K(3200K)->2846K(3200K)
[125.853s][info][gc          ] GC(83) Pause Full (System.gc()) 164M->164M(3959M) 1043.899ms
[126.897s][info][gc,metaspace] GC(84) Metaspace: 26191K(26880K)->26191K(26880K) NonClass: 23345K(23680K)->23345K(23680K) Class: 2846K(3200K)->2846K(3200K)
[126.897s][info][gc          ] GC(84) Pause Full (System.gc()) 164M->164M(3959M) 1044.097ms
[127.938s][info][gc,metaspace] GC(85) Metaspace: 26191K(26880K)->26191K(26880K) NonClass: 23345K(23680K)->23345K(23680K) Class: 2846K(3200K)->2846K(3200K)
[127.938s][info][gc          ] GC(85) Pause Full (System.gc()) 164M->164M(3959M) 1041.251ms
[128.982s][info][gc,metaspace] GC(86) Metaspace: 26191K(26880K)->26191K(26880K) NonClass: 23345K(23680K)->23345K(23680K) Class: 2846K(3200K)->2846K(3200K)
[128.982s][info][gc          ] GC(86) Pause Full (System.gc()) 164M->164M(3959M) 1043.900ms
[130.026s][info][gc,metaspace] GC(87) Metaspace: 26191K(26880K)->26191K(26880K) NonClass: 23345K(23680K)->23345K(23680K) Class: 2846K(3200K)->2846K(3200K)
[130.026s][info][gc          ] GC(87) Pause Full (System.gc()) 164M->164M(3959M) 1043.440ms
[131.072s][info][gc,metaspace] GC(88) Metaspace: 26191K(26880K)->26191K(26880K) NonClass: 23345K(23680K)->23345K(23680K) Class: 2846K(3200K)->2846K(3200K)
[131.072s][info][gc          ] GC(88) Pause Full (System.gc()) 164M->164M(3959M) 1045.281ms
[132.115s][info][gc,metaspace] GC(89) Metaspace: 26191K(26880K)->26191K(26880K) NonClass: 23345K(23680K)->23345K(23680K) Class: 2846K(3200K)->2846K(3200K)
[132.115s][info][gc          ] GC(89) Pause Full (System.gc()) 164M->164M(3959M) 1043.365ms
[133.160s][info][gc,metaspace] GC(90) Metaspace: 26191K(26880K)->26191K(26880K) NonClass: 23345K(23680K)->23345K(23680K) Class: 2846K(3200K)->2846K(3200K)
[133.160s][info][gc          ] GC(90) Pause Full (System.gc()) 164M->164M(3959M) 1044.499ms
[134.205s][info][gc,metaspace] GC(91) Metaspace: 26191K(26880K)->26191K(26880K) NonClass: 23345K(23680K)->23345K(23680K) Class: 2846K(3200K)->2846K(3200K)
[134.205s][info][gc          ] GC(91) Pause Full (System.gc()) 164M->164M(3959M) 1044.660ms
[135.248s][info][gc,metaspace] GC(92) Metaspace: 26191K(26880K)->26191K(26880K) NonClass: 23345K(23680K)->23345K(23680K) Class: 2846K(3200K)->2846K(3200K)
[135.248s][info][gc          ] GC(92) Pause Full (System.gc()) 164M->164M(3959M) 1042.691ms
[136.291s][info][gc,metaspace] GC(93) Metaspace: 26191K(26880K)->26191K(26880K) NonClass: 23345K(23680K)->23345K(23680K) Class: 2846K(3200K)->2846K(3200K)
[136.291s][info][gc          ] GC(93) Pause Full (System.gc()) 164M->164M(3959M) 1042.862ms
[137.334s][info][gc,metaspace] GC(94) Metaspace: 26191K(26880K)->26191K(26880K) NonClass: 23345K(23680K)->23345K(23680K) Class: 2846K(3200K)->2846K(3200K)
[137.334s][info][gc          ] GC(94) Pause Full (System.gc()) 164M->164M(3959M) 1042.720ms
[138.380s][info][gc,metaspace] GC(95) Metaspace: 26191K(26880K)->26191K(26880K) NonClass: 23345K(23680K)->23345K(23680K) Class: 2846K(3200K)->2846K(3200K)
[138.380s][info][gc          ] GC(95) Pause Full (System.gc()) 164M->164M(3959M) 1045.829ms
[139.424s][info][gc,metaspace] GC(96) Metaspace: 26191K(26880K)->26191K(26880K) NonClass: 23345K(23680K)->23345K(23680K) Class: 2846K(3200K)->2846K(3200K)
[139.424s][info][gc          ] GC(96) Pause Full (System.gc()) 164M->164M(3959M) 1044.114ms
[140.468s][info][gc,metaspace] GC(97) Metaspace: 26191K(26880K)->26191K(26880K) NonClass: 23345K(23680K)->23345K(23680K) Class: 2846K(3200K)->2846K(3200K)
[140.469s][info][gc          ] GC(97) Pause Full (System.gc()) 164M->164M(3959M) 1044.092ms
[141.513s][info][gc,metaspace] GC(98) Metaspace: 26191K(26880K)->26191K(26880K) NonClass: 23345K(23680K)->23345K(23680K) Class: 2846K(3200K)->2846K(3200K)
[141.513s][info][gc          ] GC(98) Pause Full (System.gc()) 164M->164M(3959M) 1044.198ms
[142.558s][info][gc,metaspace] GC(99) Metaspace: 26191K(26880K)->26191K(26880K) NonClass: 23345K(23680K)->23345K(23680K) Class: 2846K(3200K)->2846K(3200K)
[142.558s][info][gc          ] GC(99) Pause Full (System.gc()) 164M->164M(3959M) 1045.082ms
[143.601s][info][gc,metaspace] GC(100) Metaspace: 26191K(26880K)->26191K(26880K) NonClass: 23345K(23680K)->23345K(23680K) Class: 2846K(3200K)->2846K(3200K)
[143.601s][info][gc          ] GC(100) Pause Full (System.gc()) 164M->164M(3959M) 1042.791ms
[144.644s][info][gc,metaspace] GC(101) Metaspace: 26191K(26880K)->26191K(26880K) NonClass: 23345K(23680K)->23345K(23680K) Class: 2846K(3200K)->2846K(3200K)
[144.645s][info][gc          ] GC(101) Pause Full (System.gc()) 171M->164M(3959M) 1042.741ms
After GCs... 
