Done; will start GCs... 
[9.361s][info][gc,metaspace] GC(3) Metaspace: 35004K(38976K)->35004K(38976K) NonClass: 23270K(23680K)->23270K(23680K) Class: 11734K(15296K)->11734K(15296K)
[9.361s][info][gc          ] GC(3) Pause Young (System.gc()) 800M->772M(5888M) 2130.223ms
[11.378s][info][gc,metaspace] GC(4) Metaspace: 35004K(38976K)->35004K(38976K) NonClass: 23270K(23680K)->23270K(23680K) Class: 11734K(15296K)->11734K(15296K)
[11.378s][info][gc          ] GC(4) Pause Full (System.gc()) 772M->771M(5888M) 2016.681ms
[11.379s][info][gc,metaspace] GC(5) Metaspace: 35004K(38976K)->35004K(38976K) NonClass: 23270K(23680K)->23270K(23680K) Class: 11734K(15296K)->11734K(15296K)
[11.379s][info][gc          ] GC(5) Pause Young (System.gc()) 771M->771M(5888M) 0.521ms
[12.059s][info][gc,metaspace] GC(6) Metaspace: 35004K(38976K)->35004K(38976K) NonClass: 23270K(23680K)->23270K(23680K) Class: 11734K(15296K)->11734K(15296K)
[12.059s][info][gc          ] GC(6) Pause Full (System.gc()) 771M->771M(5888M) 680.474ms
[12.060s][info][gc,metaspace] GC(7) Metaspace: 35004K(38976K)->35004K(38976K) NonClass: 23270K(23680K)->23270K(23680K) Class: 11734K(15296K)->11734K(15296K)
[12.060s][info][gc          ] GC(7) Pause Young (System.gc()) 771M->771M(5888M) 0.488ms
[12.818s][info][gc,metaspace] GC(8) Metaspace: 35004K(38976K)->35004K(38976K) NonClass: 23270K(23680K)->23270K(23680K) Class: 11734K(15296K)->11734K(15296K)
[12.818s][info][gc          ] GC(8) Pause Full (System.gc()) 771M->771M(5888M) 757.663ms
[12.818s][info][gc,metaspace] GC(9) Metaspace: 35004K(38976K)->35004K(38976K) NonClass: 23270K(23680K)->23270K(23680K) Class: 11734K(15296K)->11734K(15296K)
[12.818s][info][gc          ] GC(9) Pause Young (System.gc()) 771M->771M(5888M) 0.480ms
[13.459s][info][gc,metaspace] GC(10) Metaspace: 35004K(38976K)->35004K(38976K) NonClass: 23270K(23680K)->23270K(23680K) Class: 11734K(15296K)->11734K(15296K)
[13.459s][info][gc          ] GC(10) Pause Full (System.gc()) 771M->771M(5888M) 640.992ms
[13.460s][info][gc,metaspace] GC(11) Metaspace: 35004K(38976K)->35004K(38976K) NonClass: 23270K(23680K)->23270K(23680K) Class: 11734K(15296K)->11734K(15296K)
[13.460s][info][gc          ] GC(11) Pause Young (System.gc()) 771M->771M(5888M) 0.414ms
[14.106s][info][gc,metaspace] GC(12) Metaspace: 35004K(38976K)->35004K(38976K) NonClass: 23270K(23680K)->23270K(23680K) Class: 11734K(15296K)->11734K(15296K)
[14.106s][info][gc          ] GC(12) Pause Full (System.gc()) 771M->771M(5888M) 645.679ms
[14.106s][info][gc,metaspace] GC(13) Metaspace: 35004K(38976K)->35004K(38976K) NonClass: 23270K(23680K)->23270K(23680K) Class: 11734K(15296K)->11734K(15296K)
[14.106s][info][gc          ] GC(13) Pause Young (System.gc()) 771M->771M(5888M) 0.450ms
[14.779s][info][gc,metaspace] GC(14) Metaspace: 35004K(38976K)->35004K(38976K) NonClass: 23270K(23680K)->23270K(23680K) Class: 11734K(15296K)->11734K(15296K)
[14.779s][info][gc          ] GC(14) Pause Full (System.gc()) 771M->771M(5888M) 672.460ms
[14.783s][info][gc,metaspace] GC(15) Metaspace: 35004K(38976K)->35004K(38976K) NonClass: 23270K(23680K)->23270K(23680K) Class: 11734K(15296K)->11734K(15296K)
[14.783s][info][gc          ] GC(15) Pause Young (System.gc()) 771M->771M(5888M) 0.494ms
[15.485s][info][gc,metaspace] GC(16) Metaspace: 35004K(38976K)->35004K(38976K) NonClass: 23270K(23680K)->23270K(23680K) Class: 11734K(15296K)->11734K(15296K)
[15.485s][info][gc          ] GC(16) Pause Full (System.gc()) 771M->771M(5888M) 701.263ms
[15.485s][info][gc,metaspace] GC(17) Metaspace: 35005K(38976K)->35005K(38976K) NonClass: 23271K(23680K)->23271K(23680K) Class: 11734K(15296K)->11734K(15296K)
[15.485s][info][gc          ] GC(17) Pause Young (System.gc()) 771M->771M(5888M) 0.495ms
[16.138s][info][gc,metaspace] GC(18) Metaspace: 35005K(38976K)->35005K(38976K) NonClass: 23271K(23680K)->23271K(23680K) Class: 11734K(15296K)->11734K(15296K)
[16.138s][info][gc          ] GC(18) Pause Full (System.gc()) 771M->771M(5888M) 652.353ms
[16.138s][info][gc,metaspace] GC(19) Metaspace: 35005K(38976K)->35005K(38976K) NonClass: 23271K(23680K)->23271K(23680K) Class: 11734K(15296K)->11734K(15296K)
[16.138s][info][gc          ] GC(19) Pause Young (System.gc()) 771M->771M(5888M) 0.436ms
[16.770s][info][gc,metaspace] GC(20) Metaspace: 35005K(38976K)->35005K(38976K) NonClass: 23271K(23680K)->23271K(23680K) Class: 11734K(15296K)->11734K(15296K)
[16.770s][info][gc          ] GC(20) Pause Full (System.gc()) 771M->771M(5888M) 632.189ms
[16.771s][info][gc,metaspace] GC(21) Metaspace: 35005K(38976K)->35005K(38976K) NonClass: 23271K(23680K)->23271K(23680K) Class: 11734K(15296K)->11734K(15296K)
[16.771s][info][gc          ] GC(21) Pause Young (System.gc()) 771M->771M(5888M) 0.441ms
[17.395s][info][gc,metaspace] GC(22) Metaspace: 35005K(38976K)->35005K(38976K) NonClass: 23271K(23680K)->23271K(23680K) Class: 11734K(15296K)->11734K(15296K)
[17.395s][info][gc          ] GC(22) Pause Full (System.gc()) 771M->771M(5888M) 623.577ms
[17.395s][info][gc,metaspace] GC(23) Metaspace: 35005K(38976K)->35005K(38976K) NonClass: 23271K(23680K)->23271K(23680K) Class: 11734K(15296K)->11734K(15296K)
[17.395s][info][gc          ] GC(23) Pause Young (System.gc()) 771M->771M(5888M) 0.520ms
[18.063s][info][gc,metaspace] GC(24) Metaspace: 35005K(38976K)->35005K(38976K) NonClass: 23271K(23680K)->23271K(23680K) Class: 11734K(15296K)->11734K(15296K)
[18.063s][info][gc          ] GC(24) Pause Full (System.gc()) 771M->771M(5888M) 668.033ms
[18.064s][info][gc,metaspace] GC(25) Metaspace: 35005K(38976K)->35005K(38976K) NonClass: 23271K(23680K)->23271K(23680K) Class: 11734K(15296K)->11734K(15296K)
[18.064s][info][gc          ] GC(25) Pause Young (System.gc()) 771M->771M(5888M) 0.572ms
[18.726s][info][gc,metaspace] GC(26) Metaspace: 35005K(38976K)->35005K(38976K) NonClass: 23271K(23680K)->23271K(23680K) Class: 11734K(15296K)->11734K(15296K)
[18.726s][info][gc          ] GC(26) Pause Full (System.gc()) 771M->771M(5888M) 661.967ms
[18.727s][info][gc,metaspace] GC(27) Metaspace: 35005K(38976K)->35005K(38976K) NonClass: 23271K(23680K)->23271K(23680K) Class: 11734K(15296K)->11734K(15296K)
[18.727s][info][gc          ] GC(27) Pause Young (System.gc()) 771M->771M(5888M) 0.493ms
[19.412s][info][gc,metaspace] GC(28) Metaspace: 35005K(38976K)->35005K(38976K) NonClass: 23271K(23680K)->23271K(23680K) Class: 11734K(15296K)->11734K(15296K)
[19.412s][info][gc          ] GC(28) Pause Full (System.gc()) 771M->771M(5888M) 685.780ms
[19.413s][info][gc,metaspace] GC(29) Metaspace: 35005K(38976K)->35005K(38976K) NonClass: 23271K(23680K)->23271K(23680K) Class: 11734K(15296K)->11734K(15296K)
[19.413s][info][gc          ] GC(29) Pause Young (System.gc()) 771M->771M(5888M) 0.428ms
[20.152s][info][gc,metaspace] GC(30) Metaspace: 35005K(38976K)->35005K(38976K) NonClass: 23271K(23680K)->23271K(23680K) Class: 11734K(15296K)->11734K(15296K)
[20.152s][info][gc          ] GC(30) Pause Full (System.gc()) 771M->771M(5888M) 738.993ms
[20.157s][info][gc,metaspace] GC(31) Metaspace: 35005K(38976K)->35005K(38976K) NonClass: 23271K(23680K)->23271K(23680K) Class: 11734K(15296K)->11734K(15296K)
[20.157s][info][gc          ] GC(31) Pause Young (System.gc()) 771M->771M(5888M) 0.477ms
[20.833s][info][gc,metaspace] GC(32) Metaspace: 35005K(38976K)->35005K(38976K) NonClass: 23271K(23680K)->23271K(23680K) Class: 11734K(15296K)->11734K(15296K)
[20.833s][info][gc          ] GC(32) Pause Full (System.gc()) 771M->771M(5888M) 675.543ms
[20.833s][info][gc,metaspace] GC(33) Metaspace: 35005K(38976K)->35005K(38976K) NonClass: 23271K(23680K)->23271K(23680K) Class: 11734K(15296K)->11734K(15296K)
[20.833s][info][gc          ] GC(33) Pause Young (System.gc()) 771M->771M(5888M) 0.469ms
[21.485s][info][gc,metaspace] GC(34) Metaspace: 35005K(38976K)->35005K(38976K) NonClass: 23271K(23680K)->23271K(23680K) Class: 11734K(15296K)->11734K(15296K)
[21.485s][info][gc          ] GC(34) Pause Full (System.gc()) 771M->771M(5888M) 652.083ms
[21.486s][info][gc,metaspace] GC(35) Metaspace: 35005K(38976K)->35005K(38976K) NonClass: 23271K(23680K)->23271K(23680K) Class: 11734K(15296K)->11734K(15296K)
[21.486s][info][gc          ] GC(35) Pause Young (System.gc()) 771M->771M(5888M) 0.492ms
[22.125s][info][gc,metaspace] GC(36) Metaspace: 35005K(38976K)->35005K(38976K) NonClass: 23271K(23680K)->23271K(23680K) Class: 11734K(15296K)->11734K(15296K)
[22.125s][info][gc          ] GC(36) Pause Full (System.gc()) 771M->771M(5888M) 638.736ms
[22.125s][info][gc,metaspace] GC(37) Metaspace: 35005K(38976K)->35005K(38976K) NonClass: 23271K(23680K)->23271K(23680K) Class: 11734K(15296K)->11734K(15296K)
[22.125s][info][gc          ] GC(37) Pause Young (System.gc()) 771M->771M(5888M) 0.498ms
[22.782s][info][gc,metaspace] GC(38) Metaspace: 35005K(38976K)->35005K(38976K) NonClass: 23271K(23680K)->23271K(23680K) Class: 11734K(15296K)->11734K(15296K)
[22.782s][info][gc          ] GC(38) Pause Full (System.gc()) 771M->771M(5888M) 656.454ms
[22.782s][info][gc,metaspace] GC(39) Metaspace: 35005K(38976K)->35005K(38976K) NonClass: 23271K(23680K)->23271K(23680K) Class: 11734K(15296K)->11734K(15296K)
[22.782s][info][gc          ] GC(39) Pause Young (System.gc()) 771M->771M(5888M) 0.417ms
[23.434s][info][gc,metaspace] GC(40) Metaspace: 35005K(38976K)->35005K(38976K) NonClass: 23271K(23680K)->23271K(23680K) Class: 11734K(15296K)->11734K(15296K)
[23.434s][info][gc          ] GC(40) Pause Full (System.gc()) 771M->771M(5888M) 651.292ms
[23.434s][info][gc,metaspace] GC(41) Metaspace: 35005K(38976K)->35005K(38976K) NonClass: 23271K(23680K)->23271K(23680K) Class: 11734K(15296K)->11734K(15296K)
[23.434s][info][gc          ] GC(41) Pause Young (System.gc()) 771M->771M(5888M) 0.456ms
[24.082s][info][gc,metaspace] GC(42) Metaspace: 35005K(38976K)->35005K(38976K) NonClass: 23271K(23680K)->23271K(23680K) Class: 11734K(15296K)->11734K(15296K)
[24.082s][info][gc          ] GC(42) Pause Full (System.gc()) 771M->771M(5888M) 648.004ms
[24.083s][info][gc,metaspace] GC(43) Metaspace: 35005K(38976K)->35005K(38976K) NonClass: 23271K(23680K)->23271K(23680K) Class: 11734K(15296K)->11734K(15296K)
[24.083s][info][gc          ] GC(43) Pause Young (System.gc()) 771M->771M(5888M) 0.480ms
[24.721s][info][gc,metaspace] GC(44) Metaspace: 35005K(38976K)->35005K(38976K) NonClass: 23271K(23680K)->23271K(23680K) Class: 11734K(15296K)->11734K(15296K)
[24.721s][info][gc          ] GC(44) Pause Full (System.gc()) 771M->771M(5888M) 637.990ms
[24.721s][info][gc,metaspace] GC(45) Metaspace: 35005K(38976K)->35005K(38976K) NonClass: 23271K(23680K)->23271K(23680K) Class: 11734K(15296K)->11734K(15296K)
[24.721s][info][gc          ] GC(45) Pause Young (System.gc()) 771M->771M(5888M) 0.409ms
[25.366s][info][gc,metaspace] GC(46) Metaspace: 35005K(38976K)->35005K(38976K) NonClass: 23271K(23680K)->23271K(23680K) Class: 11734K(15296K)->11734K(15296K)
[25.366s][info][gc          ] GC(46) Pause Full (System.gc()) 771M->771M(5888M) 644.140ms
[25.370s][info][gc,metaspace] GC(47) Metaspace: 35005K(38976K)->35005K(38976K) NonClass: 23271K(23680K)->23271K(23680K) Class: 11734K(15296K)->11734K(15296K)
[25.370s][info][gc          ] GC(47) Pause Young (System.gc()) 771M->771M(5888M) 0.446ms
[26.025s][info][gc,metaspace] GC(48) Metaspace: 35005K(38976K)->35005K(38976K) NonClass: 23271K(23680K)->23271K(23680K) Class: 11734K(15296K)->11734K(15296K)
[26.025s][info][gc          ] GC(48) Pause Full (System.gc()) 771M->771M(5888M) 655.010ms
[26.026s][info][gc,metaspace] GC(49) Metaspace: 35005K(38976K)->35005K(38976K) NonClass: 23271K(23680K)->23271K(23680K) Class: 11734K(15296K)->11734K(15296K)
[26.026s][info][gc          ] GC(49) Pause Young (System.gc()) 771M->771M(5888M) 0.485ms
[26.677s][info][gc,metaspace] GC(50) Metaspace: 35005K(38976K)->35005K(38976K) NonClass: 23271K(23680K)->23271K(23680K) Class: 11734K(15296K)->11734K(15296K)
[26.677s][info][gc          ] GC(50) Pause Full (System.gc()) 771M->771M(5888M) 651.073ms
[26.678s][info][gc,metaspace] GC(51) Metaspace: 35005K(38976K)->35005K(38976K) NonClass: 23271K(23680K)->23271K(23680K) Class: 11734K(15296K)->11734K(15296K)
[26.678s][info][gc          ] GC(51) Pause Young (System.gc()) 771M->771M(5888M) 0.432ms
[27.328s][info][gc,metaspace] GC(52) Metaspace: 35005K(38976K)->35005K(38976K) NonClass: 23271K(23680K)->23271K(23680K) Class: 11734K(15296K)->11734K(15296K)
[27.328s][info][gc          ] GC(52) Pause Full (System.gc()) 771M->771M(5888M) 649.976ms
[27.328s][info][gc,metaspace] GC(53) Metaspace: 35005K(38976K)->35005K(38976K) NonClass: 23271K(23680K)->23271K(23680K) Class: 11734K(15296K)->11734K(15296K)
[27.328s][info][gc          ] GC(53) Pause Young (System.gc()) 771M->771M(5888M) 0.477ms
[27.968s][info][gc,metaspace] GC(54) Metaspace: 35005K(38976K)->35005K(38976K) NonClass: 23271K(23680K)->23271K(23680K) Class: 11734K(15296K)->11734K(15296K)
[27.968s][info][gc          ] GC(54) Pause Full (System.gc()) 771M->771M(5888M) 640.114ms
[27.969s][info][gc,metaspace] GC(55) Metaspace: 35005K(38976K)->35005K(38976K) NonClass: 23271K(23680K)->23271K(23680K) Class: 11734K(15296K)->11734K(15296K)
[27.969s][info][gc          ] GC(55) Pause Young (System.gc()) 771M->771M(5888M) 0.415ms
[28.627s][info][gc,metaspace] GC(56) Metaspace: 35005K(38976K)->35005K(38976K) NonClass: 23271K(23680K)->23271K(23680K) Class: 11734K(15296K)->11734K(15296K)
[28.627s][info][gc          ] GC(56) Pause Full (System.gc()) 771M->771M(5888M) 658.525ms
[28.628s][info][gc,metaspace] GC(57) Metaspace: 35005K(38976K)->35005K(38976K) NonClass: 23271K(23680K)->23271K(23680K) Class: 11734K(15296K)->11734K(15296K)
[28.628s][info][gc          ] GC(57) Pause Young (System.gc()) 771M->771M(5888M) 0.484ms
[29.258s][info][gc,metaspace] GC(58) Metaspace: 35005K(38976K)->35005K(38976K) NonClass: 23271K(23680K)->23271K(23680K) Class: 11734K(15296K)->11734K(15296K)
[29.259s][info][gc          ] GC(58) Pause Full (System.gc()) 771M->771M(5888M) 630.522ms
[29.259s][info][gc,metaspace] GC(59) Metaspace: 35005K(38976K)->35005K(38976K) NonClass: 23271K(23680K)->23271K(23680K) Class: 11734K(15296K)->11734K(15296K)
[29.259s][info][gc          ] GC(59) Pause Young (System.gc()) 771M->771M(5888M) 0.456ms
[29.923s][info][gc,metaspace] GC(60) Metaspace: 35005K(38976K)->35005K(38976K) NonClass: 23271K(23680K)->23271K(23680K) Class: 11734K(15296K)->11734K(15296K)
[29.923s][info][gc          ] GC(60) Pause Full (System.gc()) 771M->771M(5888M) 663.712ms
[29.923s][info][gc,metaspace] GC(61) Metaspace: 35005K(38976K)->35005K(38976K) NonClass: 23271K(23680K)->23271K(23680K) Class: 11734K(15296K)->11734K(15296K)
[29.923s][info][gc          ] GC(61) Pause Young (System.gc()) 771M->771M(5888M) 0.496ms
[30.571s][info][gc,metaspace] GC(62) Metaspace: 35005K(38976K)->35005K(38976K) NonClass: 23271K(23680K)->23271K(23680K) Class: 11734K(15296K)->11734K(15296K)
[30.571s][info][gc          ] GC(62) Pause Full (System.gc()) 771M->771M(5888M) 647.752ms
[30.572s][info][gc,metaspace] GC(63) Metaspace: 35005K(38976K)->35005K(38976K) NonClass: 23271K(23680K)->23271K(23680K) Class: 11734K(15296K)->11734K(15296K)
[30.572s][info][gc          ] GC(63) Pause Young (System.gc()) 771M->771M(5888M) 0.741ms
[31.208s][info][gc,metaspace] GC(64) Metaspace: 35005K(38976K)->35005K(38976K) NonClass: 23271K(23680K)->23271K(23680K) Class: 11734K(15296K)->11734K(15296K)
[31.208s][info][gc          ] GC(64) Pause Full (System.gc()) 771M->771M(5888M) 636.359ms
[31.209s][info][gc,metaspace] GC(65) Metaspace: 35005K(38976K)->35005K(38976K) NonClass: 23271K(23680K)->23271K(23680K) Class: 11734K(15296K)->11734K(15296K)
[31.209s][info][gc          ] GC(65) Pause Young (System.gc()) 771M->771M(5888M) 0.437ms
[31.870s][info][gc,metaspace] GC(66) Metaspace: 35005K(38976K)->35005K(38976K) NonClass: 23271K(23680K)->23271K(23680K) Class: 11734K(15296K)->11734K(15296K)
[31.870s][info][gc          ] GC(66) Pause Full (System.gc()) 771M->771M(5888M) 661.408ms
[31.871s][info][gc,metaspace] GC(67) Metaspace: 35005K(38976K)->35005K(38976K) NonClass: 23271K(23680K)->23271K(23680K) Class: 11734K(15296K)->11734K(15296K)
[31.871s][info][gc          ] GC(67) Pause Young (System.gc()) 771M->771M(5888M) 0.431ms
[32.536s][info][gc,metaspace] GC(68) Metaspace: 35005K(38976K)->35005K(38976K) NonClass: 23271K(23680K)->23271K(23680K) Class: 11734K(15296K)->11734K(15296K)
[32.536s][info][gc          ] GC(68) Pause Full (System.gc()) 771M->771M(5888M) 664.750ms
[32.536s][info][gc,metaspace] GC(69) Metaspace: 35005K(38976K)->35005K(38976K) NonClass: 23271K(23680K)->23271K(23680K) Class: 11734K(15296K)->11734K(15296K)
[32.536s][info][gc          ] GC(69) Pause Young (System.gc()) 771M->771M(5888M) 0.446ms
[33.177s][info][gc,metaspace] GC(70) Metaspace: 35005K(38976K)->35005K(38976K) NonClass: 23271K(23680K)->23271K(23680K) Class: 11734K(15296K)->11734K(15296K)
[33.177s][info][gc          ] GC(70) Pause Full (System.gc()) 771M->771M(5888M) 640.641ms
[33.177s][info][gc,metaspace] GC(71) Metaspace: 35005K(38976K)->35005K(38976K) NonClass: 23271K(23680K)->23271K(23680K) Class: 11734K(15296K)->11734K(15296K)
[33.177s][info][gc          ] GC(71) Pause Young (System.gc()) 771M->771M(5888M) 0.446ms
[33.928s][info][gc,metaspace] GC(72) Metaspace: 35005K(38976K)->35005K(38976K) NonClass: 23271K(23680K)->23271K(23680K) Class: 11734K(15296K)->11734K(15296K)
[33.928s][info][gc          ] GC(72) Pause Full (System.gc()) 771M->771M(5888M) 750.228ms
[33.928s][info][gc,metaspace] GC(73) Metaspace: 35005K(38976K)->35005K(38976K) NonClass: 23271K(23680K)->23271K(23680K) Class: 11734K(15296K)->11734K(15296K)
[33.928s][info][gc          ] GC(73) Pause Young (System.gc()) 771M->771M(5888M) 0.496ms
[34.607s][info][gc,metaspace] GC(74) Metaspace: 35005K(38976K)->35005K(38976K) NonClass: 23271K(23680K)->23271K(23680K) Class: 11734K(15296K)->11734K(15296K)
[34.607s][info][gc          ] GC(74) Pause Full (System.gc()) 771M->771M(5888M) 678.416ms
[34.607s][info][gc,metaspace] GC(75) Metaspace: 35005K(38976K)->35005K(38976K) NonClass: 23271K(23680K)->23271K(23680K) Class: 11734K(15296K)->11734K(15296K)
[34.607s][info][gc          ] GC(75) Pause Young (System.gc()) 771M->771M(5888M) 0.404ms
[35.263s][info][gc,metaspace] GC(76) Metaspace: 35005K(38976K)->35005K(38976K) NonClass: 23271K(23680K)->23271K(23680K) Class: 11734K(15296K)->11734K(15296K)
[35.263s][info][gc          ] GC(76) Pause Full (System.gc()) 771M->771M(5888M) 655.496ms
[35.263s][info][gc,metaspace] GC(77) Metaspace: 35005K(38976K)->35005K(38976K) NonClass: 23271K(23680K)->23271K(23680K) Class: 11734K(15296K)->11734K(15296K)
[35.264s][info][gc          ] GC(77) Pause Young (System.gc()) 771M->771M(5888M) 0.744ms
[35.896s][info][gc,metaspace] GC(78) Metaspace: 35005K(38976K)->35005K(38976K) NonClass: 23271K(23680K)->23271K(23680K) Class: 11734K(15296K)->11734K(15296K)
[35.896s][info][gc          ] GC(78) Pause Full (System.gc()) 771M->771M(5888M) 632.199ms
[35.901s][info][gc,metaspace] GC(79) Metaspace: 35005K(38976K)->35005K(38976K) NonClass: 23271K(23680K)->23271K(23680K) Class: 11734K(15296K)->11734K(15296K)
[35.901s][info][gc          ] GC(79) Pause Young (System.gc()) 771M->771M(5888M) 0.423ms
[36.558s][info][gc,metaspace] GC(80) Metaspace: 35005K(38976K)->35005K(38976K) NonClass: 23271K(23680K)->23271K(23680K) Class: 11734K(15296K)->11734K(15296K)
[36.558s][info][gc          ] GC(80) Pause Full (System.gc()) 771M->771M(5888M) 657.560ms
[36.559s][info][gc,metaspace] GC(81) Metaspace: 35005K(38976K)->35005K(38976K) NonClass: 23271K(23680K)->23271K(23680K) Class: 11734K(15296K)->11734K(15296K)
[36.559s][info][gc          ] GC(81) Pause Young (System.gc()) 771M->771M(5888M) 0.498ms
[37.203s][info][gc,metaspace] GC(82) Metaspace: 35005K(38976K)->35005K(38976K) NonClass: 23271K(23680K)->23271K(23680K) Class: 11734K(15296K)->11734K(15296K)
[37.203s][info][gc          ] GC(82) Pause Full (System.gc()) 771M->771M(5888M) 644.112ms
[37.203s][info][gc,metaspace] GC(83) Metaspace: 35005K(38976K)->35005K(38976K) NonClass: 23271K(23680K)->23271K(23680K) Class: 11734K(15296K)->11734K(15296K)
[37.203s][info][gc          ] GC(83) Pause Young (System.gc()) 771M->771M(5888M) 0.414ms
[37.858s][info][gc,metaspace] GC(84) Metaspace: 35005K(38976K)->35005K(38976K) NonClass: 23271K(23680K)->23271K(23680K) Class: 11734K(15296K)->11734K(15296K)
[37.858s][info][gc          ] GC(84) Pause Full (System.gc()) 771M->771M(5888M) 654.413ms
[37.858s][info][gc,metaspace] GC(85) Metaspace: 35005K(38976K)->35005K(38976K) NonClass: 23271K(23680K)->23271K(23680K) Class: 11734K(15296K)->11734K(15296K)
[37.858s][info][gc          ] GC(85) Pause Young (System.gc()) 771M->771M(5888M) 0.440ms
[38.496s][info][gc,metaspace] GC(86) Metaspace: 35005K(38976K)->35005K(38976K) NonClass: 23271K(23680K)->23271K(23680K) Class: 11734K(15296K)->11734K(15296K)
[38.496s][info][gc          ] GC(86) Pause Full (System.gc()) 771M->771M(5888M) 637.873ms
[38.497s][info][gc,metaspace] GC(87) Metaspace: 35005K(38976K)->35005K(38976K) NonClass: 23271K(23680K)->23271K(23680K) Class: 11734K(15296K)->11734K(15296K)
[38.497s][info][gc          ] GC(87) Pause Young (System.gc()) 771M->771M(5888M) 0.772ms
[39.155s][info][gc,metaspace] GC(88) Metaspace: 35005K(38976K)->35005K(38976K) NonClass: 23271K(23680K)->23271K(23680K) Class: 11734K(15296K)->11734K(15296K)
[39.155s][info][gc          ] GC(88) Pause Full (System.gc()) 771M->771M(5888M) 657.594ms
[39.155s][info][gc,metaspace] GC(89) Metaspace: 35005K(38976K)->35005K(38976K) NonClass: 23271K(23680K)->23271K(23680K) Class: 11734K(15296K)->11734K(15296K)
[39.155s][info][gc          ] GC(89) Pause Young (System.gc()) 771M->771M(5888M) 0.456ms
[39.790s][info][gc,metaspace] GC(90) Metaspace: 35005K(38976K)->35005K(38976K) NonClass: 23271K(23680K)->23271K(23680K) Class: 11734K(15296K)->11734K(15296K)
[39.790s][info][gc          ] GC(90) Pause Full (System.gc()) 771M->771M(5888M) 634.348ms
[39.790s][info][gc,metaspace] GC(91) Metaspace: 35005K(38976K)->35005K(38976K) NonClass: 23271K(23680K)->23271K(23680K) Class: 11734K(15296K)->11734K(15296K)
[39.790s][info][gc          ] GC(91) Pause Young (System.gc()) 771M->771M(5888M) 0.732ms
[40.447s][info][gc,metaspace] GC(92) Metaspace: 35005K(38976K)->35005K(38976K) NonClass: 23271K(23680K)->23271K(23680K) Class: 11734K(15296K)->11734K(15296K)
[40.447s][info][gc          ] GC(92) Pause Full (System.gc()) 771M->771M(5888M) 656.926ms
[40.448s][info][gc,metaspace] GC(93) Metaspace: 35005K(38976K)->35005K(38976K) NonClass: 23271K(23680K)->23271K(23680K) Class: 11734K(15296K)->11734K(15296K)
[40.448s][info][gc          ] GC(93) Pause Young (System.gc()) 771M->771M(5888M) 0.480ms
[41.075s][info][gc,metaspace] GC(94) Metaspace: 35005K(38976K)->35005K(38976K) NonClass: 23271K(23680K)->23271K(23680K) Class: 11734K(15296K)->11734K(15296K)
[41.075s][info][gc          ] GC(94) Pause Full (System.gc()) 771M->771M(5888M) 626.846ms
[41.080s][info][gc,metaspace] GC(95) Metaspace: 35005K(38976K)->35005K(38976K) NonClass: 23271K(23680K)->23271K(23680K) Class: 11734K(15296K)->11734K(15296K)
[41.080s][info][gc          ] GC(95) Pause Young (System.gc()) 771M->771M(5888M) 0.463ms
[41.746s][info][gc,metaspace] GC(96) Metaspace: 35005K(38976K)->35005K(38976K) NonClass: 23271K(23680K)->23271K(23680K) Class: 11734K(15296K)->11734K(15296K)
[41.746s][info][gc          ] GC(96) Pause Full (System.gc()) 771M->771M(5888M) 666.157ms
[41.747s][info][gc,metaspace] GC(97) Metaspace: 35005K(38976K)->35005K(38976K) NonClass: 23271K(23680K)->23271K(23680K) Class: 11734K(15296K)->11734K(15296K)
[41.747s][info][gc          ] GC(97) Pause Young (System.gc()) 771M->771M(5888M) 0.659ms
[42.378s][info][gc,metaspace] GC(98) Metaspace: 35005K(38976K)->35005K(38976K) NonClass: 23271K(23680K)->23271K(23680K) Class: 11734K(15296K)->11734K(15296K)
[42.378s][info][gc          ] GC(98) Pause Full (System.gc()) 771M->771M(5888M) 631.258ms
[42.378s][info][gc,metaspace] GC(99) Metaspace: 35005K(38976K)->35005K(38976K) NonClass: 23271K(23680K)->23271K(23680K) Class: 11734K(15296K)->11734K(15296K)
[42.378s][info][gc          ] GC(99) Pause Young (System.gc()) 771M->771M(5888M) 0.480ms
[43.024s][info][gc,metaspace] GC(100) Metaspace: 35005K(38976K)->35005K(38976K) NonClass: 23271K(23680K)->23271K(23680K) Class: 11734K(15296K)->11734K(15296K)
[43.024s][info][gc          ] GC(100) Pause Full (System.gc()) 771M->771M(5888M) 645.674ms
[43.025s][info][gc,metaspace] GC(101) Metaspace: 35005K(38976K)->35005K(38976K) NonClass: 23271K(23680K)->23271K(23680K) Class: 11734K(15296K)->11734K(15296K)
[43.025s][info][gc          ] GC(101) Pause Young (System.gc()) 771M->771M(5888M) 0.426ms
[43.652s][info][gc,metaspace] GC(102) Metaspace: 35005K(38976K)->35005K(38976K) NonClass: 23271K(23680K)->23271K(23680K) Class: 11734K(15296K)->11734K(15296K)
[43.652s][info][gc          ] GC(102) Pause Full (System.gc()) 771M->771M(5888M) 627.721ms
[43.653s][info][gc,metaspace] GC(103) Metaspace: 35005K(38976K)->35005K(38976K) NonClass: 23271K(23680K)->23271K(23680K) Class: 11734K(15296K)->11734K(15296K)
[43.653s][info][gc          ] GC(103) Pause Young (System.gc()) 771M->771M(5888M) 0.739ms
[44.283s][info][gc,metaspace] GC(104) Metaspace: 35005K(38976K)->35005K(38976K) NonClass: 23271K(23680K)->23271K(23680K) Class: 11734K(15296K)->11734K(15296K)
[44.283s][info][gc          ] GC(104) Pause Full (System.gc()) 771M->771M(5888M) 630.156ms
[44.284s][info][gc,metaspace] GC(105) Metaspace: 35005K(38976K)->35005K(38976K) NonClass: 23271K(23680K)->23271K(23680K) Class: 11734K(15296K)->11734K(15296K)
[44.284s][info][gc          ] GC(105) Pause Young (System.gc()) 771M->771M(5888M) 0.766ms
[44.920s][info][gc,metaspace] GC(106) Metaspace: 35005K(38976K)->35005K(38976K) NonClass: 23271K(23680K)->23271K(23680K) Class: 11734K(15296K)->11734K(15296K)
[44.920s][info][gc          ] GC(106) Pause Full (System.gc()) 771M->771M(5888M) 635.967ms
[44.921s][info][gc,metaspace] GC(107) Metaspace: 35005K(38976K)->35005K(38976K) NonClass: 23271K(23680K)->23271K(23680K) Class: 11734K(15296K)->11734K(15296K)
[44.921s][info][gc          ] GC(107) Pause Young (System.gc()) 771M->771M(5888M) 0.489ms
[45.587s][info][gc,metaspace] GC(108) Metaspace: 35005K(38976K)->35005K(38976K) NonClass: 23271K(23680K)->23271K(23680K) Class: 11734K(15296K)->11734K(15296K)
[45.587s][info][gc          ] GC(108) Pause Full (System.gc()) 771M->771M(5888M) 666.591ms
[45.588s][info][gc,metaspace] GC(109) Metaspace: 35005K(38976K)->35005K(38976K) NonClass: 23271K(23680K)->23271K(23680K) Class: 11734K(15296K)->11734K(15296K)
[45.588s][info][gc          ] GC(109) Pause Young (System.gc()) 771M->771M(5888M) 0.543ms
[46.221s][info][gc,metaspace] GC(110) Metaspace: 35005K(38976K)->35005K(38976K) NonClass: 23271K(23680K)->23271K(23680K) Class: 11734K(15296K)->11734K(15296K)
[46.221s][info][gc          ] GC(110) Pause Full (System.gc()) 771M->771M(5888M) 633.195ms
[46.222s][info][gc,metaspace] GC(111) Metaspace: 35005K(38976K)->35005K(38976K) NonClass: 23271K(23680K)->23271K(23680K) Class: 11734K(15296K)->11734K(15296K)
[46.222s][info][gc          ] GC(111) Pause Young (System.gc()) 771M->771M(5888M) 0.423ms
[46.871s][info][gc,metaspace] GC(112) Metaspace: 35005K(38976K)->35005K(38976K) NonClass: 23271K(23680K)->23271K(23680K) Class: 11734K(15296K)->11734K(15296K)
[46.871s][info][gc          ] GC(112) Pause Full (System.gc()) 771M->771M(5888M) 649.238ms
[46.872s][info][gc,metaspace] GC(113) Metaspace: 35005K(38976K)->35005K(38976K) NonClass: 23271K(23680K)->23271K(23680K) Class: 11734K(15296K)->11734K(15296K)
[46.872s][info][gc          ] GC(113) Pause Young (System.gc()) 771M->771M(5888M) 0.484ms
[47.501s][info][gc,metaspace] GC(114) Metaspace: 35005K(38976K)->35005K(38976K) NonClass: 23271K(23680K)->23271K(23680K) Class: 11734K(15296K)->11734K(15296K)
[47.501s][info][gc          ] GC(114) Pause Full (System.gc()) 771M->771M(5888M) 629.295ms
[47.501s][info][gc,metaspace] GC(115) Metaspace: 35005K(38976K)->35005K(38976K) NonClass: 23271K(23680K)->23271K(23680K) Class: 11734K(15296K)->11734K(15296K)
[47.502s][info][gc          ] GC(115) Pause Young (System.gc()) 771M->771M(5888M) 0.449ms
[48.161s][info][gc,metaspace] GC(116) Metaspace: 35005K(38976K)->35005K(38976K) NonClass: 23271K(23680K)->23271K(23680K) Class: 11734K(15296K)->11734K(15296K)
[48.161s][info][gc          ] GC(116) Pause Full (System.gc()) 771M->771M(5888M) 659.798ms
[48.162s][info][gc,metaspace] GC(117) Metaspace: 35005K(38976K)->35005K(38976K) NonClass: 23271K(23680K)->23271K(23680K) Class: 11734K(15296K)->11734K(15296K)
[48.162s][info][gc          ] GC(117) Pause Young (System.gc()) 771M->771M(5888M) 0.795ms
[48.837s][info][gc,metaspace] GC(118) Metaspace: 35005K(38976K)->35005K(38976K) NonClass: 23271K(23680K)->23271K(23680K) Class: 11734K(15296K)->11734K(15296K)
[48.837s][info][gc          ] GC(118) Pause Full (System.gc()) 771M->771M(5888M) 674.693ms
[48.837s][info][gc,metaspace] GC(119) Metaspace: 35005K(38976K)->35005K(38976K) NonClass: 23271K(23680K)->23271K(23680K) Class: 11734K(15296K)->11734K(15296K)
[48.838s][info][gc          ] GC(119) Pause Young (System.gc()) 771M->771M(5888M) 0.471ms
[49.466s][info][gc,metaspace] GC(120) Metaspace: 35005K(38976K)->35005K(38976K) NonClass: 23271K(23680K)->23271K(23680K) Class: 11734K(15296K)->11734K(15296K)
[49.466s][info][gc          ] GC(120) Pause Full (System.gc()) 771M->771M(5888M) 628.442ms
[49.467s][info][gc,metaspace] GC(121) Metaspace: 35005K(38976K)->35005K(38976K) NonClass: 23271K(23680K)->23271K(23680K) Class: 11734K(15296K)->11734K(15296K)
[49.467s][info][gc          ] GC(121) Pause Young (System.gc()) 771M->771M(5888M) 0.455ms
[50.101s][info][gc,metaspace] GC(122) Metaspace: 35005K(38976K)->35005K(38976K) NonClass: 23271K(23680K)->23271K(23680K) Class: 11734K(15296K)->11734K(15296K)
[50.102s][info][gc          ] GC(122) Pause Full (System.gc()) 771M->771M(5888M) 634.975ms
[50.102s][info][gc,metaspace] GC(123) Metaspace: 35005K(38976K)->35005K(38976K) NonClass: 23271K(23680K)->23271K(23680K) Class: 11734K(15296K)->11734K(15296K)
[50.102s][info][gc          ] GC(123) Pause Young (System.gc()) 771M->771M(5888M) 0.458ms
[50.748s][info][gc,metaspace] GC(124) Metaspace: 35005K(38976K)->35005K(38976K) NonClass: 23271K(23680K)->23271K(23680K) Class: 11734K(15296K)->11734K(15296K)
[50.748s][info][gc          ] GC(124) Pause Full (System.gc()) 771M->771M(5888M) 645.605ms
[50.748s][info][gc,metaspace] GC(125) Metaspace: 35005K(38976K)->35005K(38976K) NonClass: 23271K(23680K)->23271K(23680K) Class: 11734K(15296K)->11734K(15296K)
[50.748s][info][gc          ] GC(125) Pause Young (System.gc()) 771M->771M(5888M) 0.447ms
[51.379s][info][gc,metaspace] GC(126) Metaspace: 35005K(38976K)->35005K(38976K) NonClass: 23271K(23680K)->23271K(23680K) Class: 11734K(15296K)->11734K(15296K)
[51.379s][info][gc          ] GC(126) Pause Full (System.gc()) 771M->771M(5888M) 630.959ms
[51.384s][info][gc,metaspace] GC(127) Metaspace: 35005K(38976K)->35005K(38976K) NonClass: 23271K(23680K)->23271K(23680K) Class: 11734K(15296K)->11734K(15296K)
[51.384s][info][gc          ] GC(127) Pause Young (System.gc()) 771M->771M(5888M) 0.479ms
[52.026s][info][gc,metaspace] GC(128) Metaspace: 35005K(38976K)->35005K(38976K) NonClass: 23271K(23680K)->23271K(23680K) Class: 11734K(15296K)->11734K(15296K)
[52.026s][info][gc          ] GC(128) Pause Full (System.gc()) 771M->771M(5888M) 642.147ms
[52.027s][info][gc,metaspace] GC(129) Metaspace: 35005K(38976K)->35005K(38976K) NonClass: 23271K(23680K)->23271K(23680K) Class: 11734K(15296K)->11734K(15296K)
[52.027s][info][gc          ] GC(129) Pause Young (System.gc()) 771M->771M(5888M) 0.577ms
[52.897s][info][gc,metaspace] GC(130) Metaspace: 35005K(38976K)->35005K(38976K) NonClass: 23271K(23680K)->23271K(23680K) Class: 11734K(15296K)->11734K(15296K)
[52.897s][info][gc          ] GC(130) Pause Full (System.gc()) 771M->771M(5888M) 870.417ms
[52.898s][info][gc,metaspace] GC(131) Metaspace: 35005K(38976K)->35005K(38976K) NonClass: 23271K(23680K)->23271K(23680K) Class: 11734K(15296K)->11734K(15296K)
[52.898s][info][gc          ] GC(131) Pause Young (System.gc()) 771M->771M(5888M) 0.435ms
[53.553s][info][gc,metaspace] GC(132) Metaspace: 35005K(38976K)->35005K(38976K) NonClass: 23271K(23680K)->23271K(23680K) Class: 11734K(15296K)->11734K(15296K)
[53.553s][info][gc          ] GC(132) Pause Full (System.gc()) 771M->771M(5888M) 655.089ms
[53.554s][info][gc,metaspace] GC(133) Metaspace: 35005K(38976K)->35005K(38976K) NonClass: 23271K(23680K)->23271K(23680K) Class: 11734K(15296K)->11734K(15296K)
[53.554s][info][gc          ] GC(133) Pause Young (System.gc()) 771M->771M(5888M) 0.683ms
[54.189s][info][gc,metaspace] GC(134) Metaspace: 35005K(38976K)->35005K(38976K) NonClass: 23271K(23680K)->23271K(23680K) Class: 11734K(15296K)->11734K(15296K)
[54.189s][info][gc          ] GC(134) Pause Full (System.gc()) 771M->771M(5888M) 635.139ms
[54.189s][info][gc,metaspace] GC(135) Metaspace: 35005K(38976K)->35005K(38976K) NonClass: 23271K(23680K)->23271K(23680K) Class: 11734K(15296K)->11734K(15296K)
[54.189s][info][gc          ] GC(135) Pause Young (System.gc()) 771M->771M(5888M) 0.420ms
[54.836s][info][gc,metaspace] GC(136) Metaspace: 35005K(38976K)->35005K(38976K) NonClass: 23271K(23680K)->23271K(23680K) Class: 11734K(15296K)->11734K(15296K)
[54.836s][info][gc          ] GC(136) Pause Full (System.gc()) 771M->771M(5888M) 646.071ms
[54.836s][info][gc,metaspace] GC(137) Metaspace: 35005K(38976K)->35005K(38976K) NonClass: 23271K(23680K)->23271K(23680K) Class: 11734K(15296K)->11734K(15296K)
[54.836s][info][gc          ] GC(137) Pause Young (System.gc()) 771M->771M(5888M) 0.436ms
[55.647s][info][gc,metaspace] GC(138) Metaspace: 35005K(38976K)->35005K(38976K) NonClass: 23271K(23680K)->23271K(23680K) Class: 11734K(15296K)->11734K(15296K)
[55.647s][info][gc          ] GC(138) Pause Full (System.gc()) 771M->771M(5888M) 811.076ms
[55.648s][info][gc,metaspace] GC(139) Metaspace: 35005K(38976K)->35005K(38976K) NonClass: 23271K(23680K)->23271K(23680K) Class: 11734K(15296K)->11734K(15296K)
[55.648s][info][gc          ] GC(139) Pause Young (System.gc()) 771M->771M(5888M) 0.443ms
[56.279s][info][gc,metaspace] GC(140) Metaspace: 35005K(38976K)->35005K(38976K) NonClass: 23271K(23680K)->23271K(23680K) Class: 11734K(15296K)->11734K(15296K)
[56.279s][info][gc          ] GC(140) Pause Full (System.gc()) 771M->771M(5888M) 631.671ms
[56.280s][info][gc,metaspace] GC(141) Metaspace: 35005K(38976K)->35005K(38976K) NonClass: 23271K(23680K)->23271K(23680K) Class: 11734K(15296K)->11734K(15296K)
[56.280s][info][gc          ] GC(141) Pause Young (System.gc()) 771M->771M(5888M) 0.500ms
[57.076s][info][gc,metaspace] GC(142) Metaspace: 35005K(38976K)->35005K(38976K) NonClass: 23271K(23680K)->23271K(23680K) Class: 11734K(15296K)->11734K(15296K)
[57.076s][info][gc          ] GC(142) Pause Full (System.gc()) 771M->771M(5888M) 796.213ms
[57.081s][info][gc,metaspace] GC(143) Metaspace: 35005K(38976K)->35005K(38976K) NonClass: 23271K(23680K)->23271K(23680K) Class: 11734K(15296K)->11734K(15296K)
[57.081s][info][gc          ] GC(143) Pause Young (System.gc()) 771M->771M(5888M) 0.417ms
[57.722s][info][gc,metaspace] GC(144) Metaspace: 35005K(38976K)->35005K(38976K) NonClass: 23271K(23680K)->23271K(23680K) Class: 11734K(15296K)->11734K(15296K)
[57.722s][info][gc          ] GC(144) Pause Full (System.gc()) 771M->771M(5888M) 641.113ms
[57.723s][info][gc,metaspace] GC(145) Metaspace: 35005K(38976K)->35005K(38976K) NonClass: 23271K(23680K)->23271K(23680K) Class: 11734K(15296K)->11734K(15296K)
[57.723s][info][gc          ] GC(145) Pause Young (System.gc()) 771M->771M(5888M) 0.409ms
[58.523s][info][gc,metaspace] GC(146) Metaspace: 35005K(38976K)->35005K(38976K) NonClass: 23271K(23680K)->23271K(23680K) Class: 11734K(15296K)->11734K(15296K)
[58.523s][info][gc          ] GC(146) Pause Full (System.gc()) 771M->771M(5888M) 800.461ms
[58.524s][info][gc,metaspace] GC(147) Metaspace: 35005K(38976K)->35005K(38976K) NonClass: 23271K(23680K)->23271K(23680K) Class: 11734K(15296K)->11734K(15296K)
[58.524s][info][gc          ] GC(147) Pause Young (System.gc()) 771M->771M(5888M) 0.447ms
[59.177s][info][gc,metaspace] GC(148) Metaspace: 35005K(38976K)->35005K(38976K) NonClass: 23271K(23680K)->23271K(23680K) Class: 11734K(15296K)->11734K(15296K)
[59.177s][info][gc          ] GC(148) Pause Full (System.gc()) 771M->771M(5888M) 653.225ms
[59.177s][info][gc,metaspace] GC(149) Metaspace: 35005K(38976K)->35005K(38976K) NonClass: 23271K(23680K)->23271K(23680K) Class: 11734K(15296K)->11734K(15296K)
[59.177s][info][gc          ] GC(149) Pause Young (System.gc()) 771M->771M(5888M) 0.461ms
[59.907s][info][gc,metaspace] GC(150) Metaspace: 35005K(38976K)->35005K(38976K) NonClass: 23271K(23680K)->23271K(23680K) Class: 11734K(15296K)->11734K(15296K)
[59.907s][info][gc          ] GC(150) Pause Full (System.gc()) 771M->771M(5888M) 729.153ms
[59.907s][info][gc,metaspace] GC(151) Metaspace: 35005K(38976K)->35005K(38976K) NonClass: 23271K(23680K)->23271K(23680K) Class: 11734K(15296K)->11734K(15296K)
[59.907s][info][gc          ] GC(151) Pause Young (System.gc()) 771M->771M(5888M) 0.672ms
[60.571s][info][gc,metaspace] GC(152) Metaspace: 35005K(38976K)->35005K(38976K) NonClass: 23271K(23680K)->23271K(23680K) Class: 11734K(15296K)->11734K(15296K)
[60.572s][info][gc          ] GC(152) Pause Full (System.gc()) 771M->771M(5888M) 664.089ms
[60.572s][info][gc,metaspace] GC(153) Metaspace: 35005K(38976K)->35005K(38976K) NonClass: 23271K(23680K)->23271K(23680K) Class: 11734K(15296K)->11734K(15296K)
[60.572s][info][gc          ] GC(153) Pause Young (System.gc()) 771M->771M(5888M) 0.510ms
[61.204s][info][gc,metaspace] GC(154) Metaspace: 35005K(38976K)->35005K(38976K) NonClass: 23271K(23680K)->23271K(23680K) Class: 11734K(15296K)->11734K(15296K)
[61.204s][info][gc          ] GC(154) Pause Full (System.gc()) 771M->771M(5888M) 631.879ms
[61.205s][info][gc,metaspace] GC(155) Metaspace: 35005K(38976K)->35005K(38976K) NonClass: 23271K(23680K)->23271K(23680K) Class: 11734K(15296K)->11734K(15296K)
[61.205s][info][gc          ] GC(155) Pause Young (System.gc()) 771M->771M(5888M) 0.432ms
[61.854s][info][gc,metaspace] GC(156) Metaspace: 35005K(38976K)->35005K(38976K) NonClass: 23271K(23680K)->23271K(23680K) Class: 11734K(15296K)->11734K(15296K)
[61.854s][info][gc          ] GC(156) Pause Full (System.gc()) 771M->771M(5888M) 649.577ms
[61.855s][info][gc,metaspace] GC(157) Metaspace: 35005K(38976K)->35005K(38976K) NonClass: 23271K(23680K)->23271K(23680K) Class: 11734K(15296K)->11734K(15296K)
[61.855s][info][gc          ] GC(157) Pause Young (System.gc()) 771M->771M(5888M) 0.441ms
[62.514s][info][gc,metaspace] GC(158) Metaspace: 35005K(38976K)->35005K(38976K) NonClass: 23271K(23680K)->23271K(23680K) Class: 11734K(15296K)->11734K(15296K)
[62.514s][info][gc          ] GC(158) Pause Full (System.gc()) 771M->771M(5888M) 659.155ms
[62.514s][info][gc,metaspace] GC(159) Metaspace: 35005K(38976K)->35005K(38976K) NonClass: 23271K(23680K)->23271K(23680K) Class: 11734K(15296K)->11734K(15296K)
[62.514s][info][gc          ] GC(159) Pause Young (System.gc()) 771M->771M(5888M) 0.469ms
[63.160s][info][gc,metaspace] GC(160) Metaspace: 35005K(38976K)->35005K(38976K) NonClass: 23271K(23680K)->23271K(23680K) Class: 11734K(15296K)->11734K(15296K)
[63.160s][info][gc          ] GC(160) Pause Full (System.gc()) 771M->771M(5888M) 645.087ms
[63.160s][info][gc,metaspace] GC(161) Metaspace: 35005K(38976K)->35005K(38976K) NonClass: 23271K(23680K)->23271K(23680K) Class: 11734K(15296K)->11734K(15296K)
[63.160s][info][gc          ] GC(161) Pause Young (System.gc()) 771M->771M(5888M) 0.791ms
[64.018s][info][gc,metaspace] GC(162) Metaspace: 35005K(38976K)->35005K(38976K) NonClass: 23271K(23680K)->23271K(23680K) Class: 11734K(15296K)->11734K(15296K)
[64.018s][info][gc          ] GC(162) Pause Full (System.gc()) 771M->771M(5888M) 857.281ms
[64.018s][info][gc,metaspace] GC(163) Metaspace: 35005K(38976K)->35005K(38976K) NonClass: 23271K(23680K)->23271K(23680K) Class: 11734K(15296K)->11734K(15296K)
[64.018s][info][gc          ] GC(163) Pause Young (System.gc()) 771M->771M(5888M) 0.477ms
[64.676s][info][gc,metaspace] GC(164) Metaspace: 35005K(38976K)->35005K(38976K) NonClass: 23271K(23680K)->23271K(23680K) Class: 11734K(15296K)->11734K(15296K)
[64.676s][info][gc          ] GC(164) Pause Full (System.gc()) 771M->771M(5888M) 657.289ms
[64.676s][info][gc,metaspace] GC(165) Metaspace: 35005K(38976K)->35005K(38976K) NonClass: 23271K(23680K)->23271K(23680K) Class: 11734K(15296K)->11734K(15296K)
[64.677s][info][gc          ] GC(165) Pause Young (System.gc()) 787M->771M(5888M) 0.698ms
[65.329s][info][gc,metaspace] GC(166) Metaspace: 35005K(38976K)->35005K(38976K) NonClass: 23271K(23680K)->23271K(23680K) Class: 11734K(15296K)->11734K(15296K)
[65.329s][info][gc          ] GC(166) Pause Full (System.gc()) 771M->771M(5888M) 652.681ms
[65.330s][info][gc,metaspace] GC(167) Metaspace: 35005K(38976K)->35005K(38976K) NonClass: 23271K(23680K)->23271K(23680K) Class: 11734K(15296K)->11734K(15296K)
[65.330s][info][gc          ] GC(167) Pause Young (System.gc()) 771M->771M(5888M) 0.481ms
[65.990s][info][gc,metaspace] GC(168) Metaspace: 35005K(38976K)->35005K(38976K) NonClass: 23271K(23680K)->23271K(23680K) Class: 11734K(15296K)->11734K(15296K)
[65.990s][info][gc          ] GC(168) Pause Full (System.gc()) 771M->771M(5888M) 659.990ms
[65.990s][info][gc,metaspace] GC(169) Metaspace: 35005K(38976K)->35005K(38976K) NonClass: 23271K(23680K)->23271K(23680K) Class: 11734K(15296K)->11734K(15296K)
[65.990s][info][gc          ] GC(169) Pause Young (System.gc()) 771M->771M(5888M) 0.475ms
[66.639s][info][gc,metaspace] GC(170) Metaspace: 35005K(38976K)->35005K(38976K) NonClass: 23271K(23680K)->23271K(23680K) Class: 11734K(15296K)->11734K(15296K)
[66.639s][info][gc          ] GC(170) Pause Full (System.gc()) 771M->771M(5888M) 648.966ms
[66.640s][info][gc,metaspace] GC(171) Metaspace: 35005K(38976K)->35005K(38976K) NonClass: 23271K(23680K)->23271K(23680K) Class: 11734K(15296K)->11734K(15296K)
[66.640s][info][gc          ] GC(171) Pause Young (System.gc()) 771M->771M(5888M) 0.489ms
[67.269s][info][gc,metaspace] GC(172) Metaspace: 35005K(38976K)->35005K(38976K) NonClass: 23271K(23680K)->23271K(23680K) Class: 11734K(15296K)->11734K(15296K)
[67.269s][info][gc          ] GC(172) Pause Full (System.gc()) 771M->771M(5888M) 629.103ms
[67.270s][info][gc,metaspace] GC(173) Metaspace: 35005K(38976K)->35005K(38976K) NonClass: 23271K(23680K)->23271K(23680K) Class: 11734K(15296K)->11734K(15296K)
[67.270s][info][gc          ] GC(173) Pause Young (System.gc()) 771M->771M(5888M) 0.455ms
[67.906s][info][gc,metaspace] GC(174) Metaspace: 35005K(38976K)->35005K(38976K) NonClass: 23271K(23680K)->23271K(23680K) Class: 11734K(15296K)->11734K(15296K)
[67.906s][info][gc          ] GC(174) Pause Full (System.gc()) 771M->771M(5888M) 636.198ms
[67.911s][info][gc,metaspace] GC(175) Metaspace: 35005K(38976K)->35005K(38976K) NonClass: 23271K(23680K)->23271K(23680K) Class: 11734K(15296K)->11734K(15296K)
[67.911s][info][gc          ] GC(175) Pause Young (System.gc()) 771M->771M(5888M) 0.430ms
[68.580s][info][gc,metaspace] GC(176) Metaspace: 35005K(38976K)->35005K(38976K) NonClass: 23271K(23680K)->23271K(23680K) Class: 11734K(15296K)->11734K(15296K)
[68.580s][info][gc          ] GC(176) Pause Full (System.gc()) 771M->771M(5888M) 668.957ms
[68.580s][info][gc,metaspace] GC(177) Metaspace: 35005K(38976K)->35005K(38976K) NonClass: 23271K(23680K)->23271K(23680K) Class: 11734K(15296K)->11734K(15296K)
[68.581s][info][gc          ] GC(177) Pause Young (System.gc()) 771M->771M(5888M) 0.784ms
[69.229s][info][gc,metaspace] GC(178) Metaspace: 35005K(38976K)->35005K(38976K) NonClass: 23271K(23680K)->23271K(23680K) Class: 11734K(15296K)->11734K(15296K)
[69.229s][info][gc          ] GC(178) Pause Full (System.gc()) 771M->771M(5888M) 648.710ms
[69.230s][info][gc,metaspace] GC(179) Metaspace: 35005K(38976K)->35005K(38976K) NonClass: 23271K(23680K)->23271K(23680K) Class: 11734K(15296K)->11734K(15296K)
[69.230s][info][gc          ] GC(179) Pause Young (System.gc()) 771M->771M(5888M) 0.498ms
[69.884s][info][gc,metaspace] GC(180) Metaspace: 35005K(38976K)->35005K(38976K) NonClass: 23271K(23680K)->23271K(23680K) Class: 11734K(15296K)->11734K(15296K)
[69.884s][info][gc          ] GC(180) Pause Full (System.gc()) 771M->771M(5888M) 653.720ms
[69.884s][info][gc,metaspace] GC(181) Metaspace: 35005K(38976K)->35005K(38976K) NonClass: 23271K(23680K)->23271K(23680K) Class: 11734K(15296K)->11734K(15296K)
[69.884s][info][gc          ] GC(181) Pause Young (System.gc()) 771M->771M(5888M) 0.428ms
[70.528s][info][gc,metaspace] GC(182) Metaspace: 35005K(38976K)->35005K(38976K) NonClass: 23271K(23680K)->23271K(23680K) Class: 11734K(15296K)->11734K(15296K)
[70.528s][info][gc          ] GC(182) Pause Full (System.gc()) 771M->771M(5888M) 643.777ms
[70.528s][info][gc,metaspace] GC(183) Metaspace: 35005K(38976K)->35005K(38976K) NonClass: 23271K(23680K)->23271K(23680K) Class: 11734K(15296K)->11734K(15296K)
[70.528s][info][gc          ] GC(183) Pause Young (System.gc()) 771M->771M(5888M) 0.433ms
[71.164s][info][gc,metaspace] GC(184) Metaspace: 35005K(38976K)->35005K(38976K) NonClass: 23271K(23680K)->23271K(23680K) Class: 11734K(15296K)->11734K(15296K)
[71.164s][info][gc          ] GC(184) Pause Full (System.gc()) 771M->771M(5888M) 635.815ms
[71.165s][info][gc,metaspace] GC(185) Metaspace: 35005K(38976K)->35005K(38976K) NonClass: 23271K(23680K)->23271K(23680K) Class: 11734K(15296K)->11734K(15296K)
[71.165s][info][gc          ] GC(185) Pause Young (System.gc()) 771M->771M(5888M) 0.457ms
[71.817s][info][gc,metaspace] GC(186) Metaspace: 35005K(38976K)->35005K(38976K) NonClass: 23271K(23680K)->23271K(23680K) Class: 11734K(15296K)->11734K(15296K)
[71.817s][info][gc          ] GC(186) Pause Full (System.gc()) 771M->771M(5888M) 652.609ms
[71.818s][info][gc,metaspace] GC(187) Metaspace: 35005K(38976K)->35005K(38976K) NonClass: 23271K(23680K)->23271K(23680K) Class: 11734K(15296K)->11734K(15296K)
[71.818s][info][gc          ] GC(187) Pause Young (System.gc()) 771M->771M(5888M) 0.461ms
[72.466s][info][gc,metaspace] GC(188) Metaspace: 35005K(38976K)->35005K(38976K) NonClass: 23271K(23680K)->23271K(23680K) Class: 11734K(15296K)->11734K(15296K)
[72.466s][info][gc          ] GC(188) Pause Full (System.gc()) 771M->771M(5888M) 647.688ms
[72.467s][info][gc,metaspace] GC(189) Metaspace: 35005K(38976K)->35005K(38976K) NonClass: 23271K(23680K)->23271K(23680K) Class: 11734K(15296K)->11734K(15296K)
[72.467s][info][gc          ] GC(189) Pause Young (System.gc()) 771M->771M(5888M) 0.798ms
[73.139s][info][gc,metaspace] GC(190) Metaspace: 35005K(38976K)->35005K(38976K) NonClass: 23271K(23680K)->23271K(23680K) Class: 11734K(15296K)->11734K(15296K)
[73.140s][info][gc          ] GC(190) Pause Full (System.gc()) 771M->771M(5888M) 672.881ms
[73.144s][info][gc,metaspace] GC(191) Metaspace: 35005K(38976K)->35005K(38976K) NonClass: 23271K(23680K)->23271K(23680K) Class: 11734K(15296K)->11734K(15296K)
[73.144s][info][gc          ] GC(191) Pause Young (System.gc()) 771M->771M(5888M) 0.462ms
[73.801s][info][gc,metaspace] GC(192) Metaspace: 35005K(38976K)->35005K(38976K) NonClass: 23271K(23680K)->23271K(23680K) Class: 11734K(15296K)->11734K(15296K)
[73.801s][info][gc          ] GC(192) Pause Full (System.gc()) 771M->771M(5888M) 656.396ms
[73.801s][info][gc,metaspace] GC(193) Metaspace: 35005K(38976K)->35005K(38976K) NonClass: 23271K(23680K)->23271K(23680K) Class: 11734K(15296K)->11734K(15296K)
[73.801s][info][gc          ] GC(193) Pause Young (System.gc()) 771M->771M(5888M) 0.466ms
[74.545s][info][gc,metaspace] GC(194) Metaspace: 35005K(38976K)->35005K(38976K) NonClass: 23271K(23680K)->23271K(23680K) Class: 11734K(15296K)->11734K(15296K)
[74.545s][info][gc          ] GC(194) Pause Full (System.gc()) 771M->771M(5888M) 743.351ms
[74.545s][info][gc,metaspace] GC(195) Metaspace: 35005K(38976K)->35005K(38976K) NonClass: 23271K(23680K)->23271K(23680K) Class: 11734K(15296K)->11734K(15296K)
[74.545s][info][gc          ] GC(195) Pause Young (System.gc()) 771M->771M(5888M) 0.480ms
[75.194s][info][gc,metaspace] GC(196) Metaspace: 35005K(38976K)->35005K(38976K) NonClass: 23271K(23680K)->23271K(23680K) Class: 11734K(15296K)->11734K(15296K)
[75.194s][info][gc          ] GC(196) Pause Full (System.gc()) 771M->771M(5888M) 648.250ms
[75.194s][info][gc,metaspace] GC(197) Metaspace: 35005K(38976K)->35005K(38976K) NonClass: 23271K(23680K)->23271K(23680K) Class: 11734K(15296K)->11734K(15296K)
[75.194s][info][gc          ] GC(197) Pause Young (System.gc()) 771M->771M(5888M) 0.474ms
[76.022s][info][gc,metaspace] GC(198) Metaspace: 35005K(38976K)->35005K(38976K) NonClass: 23271K(23680K)->23271K(23680K) Class: 11734K(15296K)->11734K(15296K)
[76.022s][info][gc          ] GC(198) Pause Full (System.gc()) 771M->771M(5888M) 828.165ms
[76.023s][info][gc,metaspace] GC(199) Metaspace: 35005K(38976K)->35005K(38976K) NonClass: 23271K(23680K)->23271K(23680K) Class: 11734K(15296K)->11734K(15296K)
[76.023s][info][gc          ] GC(199) Pause Young (System.gc()) 771M->771M(5888M) 0.473ms
[76.656s][info][gc,metaspace] GC(200) Metaspace: 35005K(38976K)->35005K(38976K) NonClass: 23271K(23680K)->23271K(23680K) Class: 11734K(15296K)->11734K(15296K)
[76.656s][info][gc          ] GC(200) Pause Full (System.gc()) 771M->771M(5888M) 632.680ms
[76.656s][info][gc,metaspace] GC(201) Metaspace: 35005K(38976K)->35005K(38976K) NonClass: 23271K(23680K)->23271K(23680K) Class: 11734K(15296K)->11734K(15296K)
[76.656s][info][gc          ] GC(201) Pause Young (System.gc()) 771M->771M(5888M) 0.439ms
[77.302s][info][gc,metaspace] GC(202) Metaspace: 35005K(38976K)->35005K(38976K) NonClass: 23271K(23680K)->23271K(23680K) Class: 11734K(15296K)->11734K(15296K)
[77.302s][info][gc          ] GC(202) Pause Full (System.gc()) 771M->771M(5888M) 646.025ms
After GCs... 
